[2026-04-03T02:25:33.360+0600][0.005s][info][gc,init] Initializing The Z Garbage Collector
[2026-04-03T02:25:33.360+0600][0.005s][info][gc,init] Version: 21.0.10+7-Ubuntu-124.04 (release)
[2026-04-03T02:25:33.360+0600][0.005s][info][gc,init] NUMA Support: Disabled
[2026-04-03T02:25:33.360+0600][0.005s][info][gc,init] CPUs: 12 total, 12 available
[2026-04-03T02:25:33.360+0600][0.005s][info][gc,init] Memory: 15683M
[2026-04-03T02:25:33.360+0600][0.005s][info][gc,init] Large Page Support: Disabled
[2026-04-03T02:25:33.360+0600][0.005s][info][gc,init] Address Space Type: Contiguous/Unrestricted/Complete
[2026-04-03T02:25:33.360+0600][0.005s][info][gc,init] Address Space Size: 20000M
[2026-04-03T02:25:33.360+0600][0.005s][info][gc,init] Heap Backing File: /memfd:java_heap
[2026-04-03T02:25:33.360+0600][0.005s][info][gc,init] Heap Backing Filesystem: tmpfs (0x1021994)
[2026-04-03T02:25:33.361+0600][0.006s][info][gc,init] Min Capacity: 8M
[2026-04-03T02:25:33.361+0600][0.006s][info][gc,init] Initial Capacity: 246M
[2026-04-03T02:25:33.361+0600][0.006s][info][gc,init] Max Capacity: 1250M
[2026-04-03T02:25:33.361+0600][0.006s][info][gc,init] Soft Max Capacity: 1250M
[2026-04-03T02:25:33.361+0600][0.006s][info][gc,init] Medium Page Size: 32M
[2026-04-03T02:25:33.361+0600][0.006s][info][gc,init] Pre-touch: Disabled
[2026-04-03T02:25:33.361+0600][0.006s][info][gc,init] Available space on backing filesystem: N/A
[2026-04-03T02:25:33.362+0600][0.007s][info][gc,init] Uncommit: Enabled
[2026-04-03T02:25:33.362+0600][0.007s][info][gc,init] Uncommit Delay: 300s
[2026-04-03T02:25:33.362+0600][0.007s][info][gc,init] GC Workers for Old Generation: 3 (dynamic)
[2026-04-03T02:25:33.363+0600][0.007s][info][gc,init] GC Workers for Young Generation: 3 (dynamic)
[2026-04-03T02:25:33.439+0600][0.084s][info][gc,init] GC Workers Max: 3 (dynamic)
[2026-04-03T02:25:33.440+0600][0.085s][info][gc,init] Runtime Workers: 8
[2026-04-03T02:25:33.441+0600][0.085s][info][gc     ] Using The Z Garbage Collector
[2026-04-03T02:25:33.450+0600][0.095s][info][gc,metaspace] CDS archive(s) mapped at: [0x0000723ccf000000-0x0000723ccfc9c000-0x0000723ccfc9c000), size 13221888, SharedBaseAddress: 0x0000723ccf000000, ArchiveRelocationMode: 1.
[2026-04-03T02:25:33.450+0600][0.095s][info][gc,metaspace] Compressed class space mapped at: 0x0000723cd0000000-0x0000723d10000000, reserved size: 1073741824
[2026-04-03T02:25:33.450+0600][0.095s][info][gc,metaspace] Narrow klass base: 0x0000723ccf000000, Narrow klass shift: 0, Narrow klass range: 0x100000000
[2026-04-03T02:25:34.020+0600][0.665s][info][gc          ] GC(0) Major Collection (Warmup)
[2026-04-03T02:25:34.020+0600][0.665s][info][gc,task     ] GC(0) Using 3 Workers for Young Generation
[2026-04-03T02:25:34.020+0600][0.665s][info][gc,task     ] GC(0) Using 2 Workers for Old Generation
[2026-04-03T02:25:34.020+0600][0.665s][info][gc,phases   ] GC(0) Y: Young Generation
[2026-04-03T02:25:34.021+0600][0.665s][info][gc,phases   ] GC(0) Y: Pause Mark Start (Major) 0.020ms
[2026-04-03T02:25:34.027+0600][0.672s][info][gc,phases   ] GC(0) Y: Concurrent Mark 6.279ms
[2026-04-03T02:25:34.027+0600][0.672s][info][gc,phases   ] GC(0) Y: Pause Mark End 0.017ms
[2026-04-03T02:25:34.027+0600][0.672s][info][gc,phases   ] GC(0) Y: Concurrent Mark Free 0.001ms
[2026-04-03T02:25:34.027+0600][0.672s][info][gc,phases   ] GC(0) Y: Concurrent Reset Relocation Set 0.000ms
[2026-04-03T02:25:34.034+0600][0.678s][info][gc,reloc    ] GC(0) Y: Using tenuring threshold: 1 (Computed)
[2026-04-03T02:25:34.035+0600][0.679s][info][gc,phases   ] GC(0) Y: Concurrent Select Relocation Set 7.122ms
[2026-04-03T02:25:34.035+0600][0.680s][info][gc,phases   ] GC(0) Y: Pause Relocate Start 0.012ms
[2026-04-03T02:25:34.037+0600][0.682s][info][gc,phases   ] GC(0) Y: Concurrent Relocate 2.164ms
[2026-04-03T02:25:34.037+0600][0.682s][info][gc,alloc    ] GC(0) Y:                         Mark Start        Mark End      Relocate Start    Relocate End   
[2026-04-03T02:25:34.037+0600][0.682s][info][gc,alloc    ] GC(0) Y: Allocation Stalls:          0                0                0                0         
[2026-04-03T02:25:34.037+0600][0.682s][info][gc,load     ] GC(0) Y: Load: 5.29 (44%) / 5.97 (50%) / 5.88 (49%)
[2026-04-03T02:25:34.037+0600][0.682s][info][gc,mmu      ] GC(0) Y: MMU: 2ms/99.0%, 5ms/99.6%, 10ms/99.6%, 20ms/99.8%, 50ms/99.9%, 100ms/100.0%
[2026-04-03T02:25:34.037+0600][0.682s][info][gc,marking  ] GC(0) Y: Mark: 2 stripe(s), 2 proactive flush(es), 1 terminate flush(es), 0 completion(s), 0 continuation(s) 
[2026-04-03T02:25:34.037+0600][0.682s][info][gc,marking  ] GC(0) Y: Mark Stack Usage: 32M
[2026-04-03T02:25:34.037+0600][0.682s][info][gc,nmethod  ] GC(0) Y: NMethods: 773 registered, 0 unregistered
[2026-04-03T02:25:34.037+0600][0.682s][info][gc,metaspace] GC(0) Y: Metaspace: 4M used, 4M committed, 1088M reserved
[2026-04-03T02:25:34.037+0600][0.682s][info][gc,reloc    ] GC(0) Y:                        Candidates     Selected     In-Place         Size        Empty    Relocated 
[2026-04-03T02:25:34.037+0600][0.682s][info][gc,reloc    ] GC(0) Y: Small Pages:                   63           60            0         126M           0M           1M 
[2026-04-03T02:25:34.037+0600][0.682s][info][gc,reloc    ] GC(0) Y: Medium Pages:                   0            0            0           0M           0M           0M 
[2026-04-03T02:25:34.037+0600][0.682s][info][gc,reloc    ] GC(0) Y: Large Pages:                    0            0            0           0M           0M           0M 
[2026-04-03T02:25:34.037+0600][0.682s][info][gc,reloc    ] GC(0) Y: Forwarding Usage: 0M
[2026-04-03T02:25:34.037+0600][0.682s][info][gc,reloc    ] GC(0) Y: Age Table:
[2026-04-03T02:25:34.037+0600][0.682s][info][gc,reloc    ] GC(0) Y:                    Live             Garbage             Small              Medium             Large        
[2026-04-03T02:25:34.037+0600][0.682s][info][gc,reloc    ] GC(0) Y: Eden               3M (0%)          122M (10%)         63 / 60             0 / 0              0 / 0        
[2026-04-03T02:25:34.038+0600][0.682s][info][gc,heap     ] GC(0) Y: Min Capacity: 8M(1%)
[2026-04-03T02:25:34.038+0600][0.682s][info][gc,heap     ] GC(0) Y: Max Capacity: 1250M(100%)
[2026-04-03T02:25:34.038+0600][0.682s][info][gc,heap     ] GC(0) Y: Soft Max Capacity: 1250M(100%)
[2026-04-03T02:25:34.038+0600][0.682s][info][gc,heap     ] GC(0) Y: Heap Statistics:
[2026-04-03T02:25:34.038+0600][0.682s][info][gc,heap     ] GC(0) Y:                Mark Start          Mark End        Relocate Start      Relocate End           High               Low         
[2026-04-03T02:25:34.038+0600][0.682s][info][gc,heap     ] GC(0) Y:  Capacity:      246M (20%)         246M (20%)         246M (20%)         246M (20%)         246M (20%)         246M (20%)    
[2026-04-03T02:25:34.038+0600][0.682s][info][gc,heap     ] GC(0) Y:      Free:     1124M (90%)        1120M (90%)        1120M (90%)        1232M (99%)        1232M (99%)        1114M (89%)    
[2026-04-03T02:25:34.038+0600][0.682s][info][gc,heap     ] GC(0) Y:      Used:      126M (10%)         130M (10%)         130M (10%)          18M (1%)          136M (11%)          18M (1%)     
[2026-04-03T02:25:34.038+0600][0.682s][info][gc,heap     ] GC(0) Y: Young Generation Statistics:
[2026-04-03T02:25:34.038+0600][0.682s][info][gc,heap     ] GC(0) Y:                Mark Start          Mark End        Relocate Start      Relocate End    
[2026-04-03T02:25:34.038+0600][0.682s][info][gc,heap     ] GC(0) Y:      Used:      126M (10%)         130M (10%)         130M (10%)          18M (1%)     
[2026-04-03T02:25:34.038+0600][0.682s][info][gc,heap     ] GC(0) Y:      Live:         -                 3M (0%)            3M (0%)            3M (0%)     
[2026-04-03T02:25:34.038+0600][0.682s][info][gc,heap     ] GC(0) Y:   Garbage:         -               122M (10%)         122M (10%)           1M (0%)     
[2026-04-03T02:25:34.038+0600][0.682s][info][gc,heap     ] GC(0) Y: Allocated:         -                 4M (0%)            4M (0%)           12M (1%)     
[2026-04-03T02:25:34.038+0600][0.682s][info][gc,heap     ] GC(0) Y: Reclaimed:         -                  -                 0M (0%)          120M (10%)    
[2026-04-03T02:25:34.038+0600][0.682s][info][gc,heap     ] GC(0) Y:  Promoted:         -                  -                 0M (0%)            0M (0%)     
[2026-04-03T02:25:34.038+0600][0.682s][info][gc,heap     ] GC(0) Y: Compacted:         -                  -                  -                 1M (0%)     
[2026-04-03T02:25:34.038+0600][0.682s][info][gc,phases   ] GC(0) Y: Young Generation 126M(10%)->18M(1%) 0.017s
[2026-04-03T02:25:34.038+0600][0.682s][info][gc,phases   ] GC(0) O: Old Generation
[2026-04-03T02:25:34.039+0600][0.684s][info][gc,phases   ] GC(0) O: Concurrent Mark 1.455ms
[2026-04-03T02:25:34.039+0600][0.684s][info][gc,phases   ] GC(0) O: Pause Mark End 0.015ms
[2026-04-03T02:25:34.039+0600][0.684s][info][gc,phases   ] GC(0) O: Concurrent Mark Free 0.018ms
[2026-04-03T02:25:34.041+0600][0.686s][info][gc,phases   ] GC(0) O: Concurrent Process Non-Strong 1.773ms
[2026-04-03T02:25:34.041+0600][0.686s][info][gc,phases   ] GC(0) O: Concurrent Reset Relocation Set 0.001ms
[2026-04-03T02:25:34.043+0600][0.687s][info][gc,phases   ] GC(0) O: Concurrent Select Relocation Set 1.433ms
[2026-04-03T02:25:34.043+0600][0.687s][info][gc,task     ] GC(0) O: Using 3 Workers for Old Generation
[2026-04-03T02:25:34.055+0600][0.700s][info][gc,task     ] GC(0) O: Using 2 Workers for Old Generation
[2026-04-03T02:25:34.055+0600][0.700s][info][gc,phases   ] GC(0) O: Concurrent Remap Roots 12.717ms
[2026-04-03T02:25:34.056+0600][0.701s][info][gc,phases   ] GC(0) O: Pause Relocate Start 0.084ms
[2026-04-03T02:25:34.056+0600][0.701s][info][gc,phases   ] GC(0) O: Concurrent Relocate 0.285ms
[2026-04-03T02:25:34.056+0600][0.701s][info][gc,alloc    ] GC(0) O:                         Mark Start        Mark End      Relocate Start    Relocate End   
[2026-04-03T02:25:34.056+0600][0.701s][info][gc,alloc    ] GC(0) O: Allocation Stalls:          0                0                0                0         
[2026-04-03T02:25:34.056+0600][0.701s][info][gc,load     ] GC(0) O: Load: 5.29 (44%) / 5.97 (50%) / 5.88 (49%)
[2026-04-03T02:25:34.056+0600][0.701s][info][gc,mmu      ] GC(0) O: MMU: 2ms/95.8%, 5ms/98.3%, 10ms/99.2%, 20ms/99.5%, 50ms/99.7%, 100ms/99.9%
[2026-04-03T02:25:34.056+0600][0.701s][info][gc,marking  ] GC(0) O: Mark: 2 stripe(s), 1 proactive flush(es), 1 terminate flush(es), 0 completion(s), 0 continuation(s) 
[2026-04-03T02:25:34.056+0600][0.701s][info][gc,marking  ] GC(0) O: Mark Stack Usage: 0M
[2026-04-03T02:25:34.056+0600][0.701s][info][gc,nmethod  ] GC(0) O: NMethods: 716 registered, 76 unregistered
[2026-04-03T02:25:34.056+0600][0.701s][info][gc,metaspace] GC(0) O: Metaspace: 4M used, 4M committed, 1088M reserved
[2026-04-03T02:25:34.056+0600][0.701s][info][gc,ref      ] GC(0) O:                       Encountered   Discovered     Enqueued 
[2026-04-03T02:25:34.056+0600][0.701s][info][gc,ref      ] GC(0) O: Soft References:              138            0            0 
[2026-04-03T02:25:34.056+0600][0.701s][info][gc,ref      ] GC(0) O: Weak References:              412            0            0 
[2026-04-03T02:25:34.056+0600][0.701s][info][gc,ref      ] GC(0) O: Final References:               0            0            0 
[2026-04-03T02:25:34.056+0600][0.701s][info][gc,ref      ] GC(0) O: Phantom References:            25            0            0 
[2026-04-03T02:25:34.056+0600][0.701s][info][gc,heap     ] GC(0) O: Min Capacity: 8M(1%)
[2026-04-03T02:25:34.056+0600][0.701s][info][gc,heap     ] GC(0) O: Max Capacity: 1250M(100%)
[2026-04-03T02:25:34.056+0600][0.701s][info][gc,heap     ] GC(0) O: Soft Max Capacity: 1250M(100%)
[2026-04-03T02:25:34.056+0600][0.701s][info][gc,heap     ] GC(0) O: Heap Statistics:
[2026-04-03T02:25:34.056+0600][0.701s][info][gc,heap     ] GC(0) O:                Mark Start          Mark End        Relocate Start      Relocate End           High               Low         
[2026-04-03T02:25:34.056+0600][0.701s][info][gc,heap     ] GC(0) O:  Capacity:      246M (20%)         246M (20%)         246M (20%)         246M (20%)         246M (20%)         246M (20%)    
[2026-04-03T02:25:34.056+0600][0.701s][info][gc,heap     ] GC(0) O:      Free:     1124M (90%)        1232M (99%)        1224M (98%)        1222M (98%)        1232M (99%)        1114M (89%)    
[2026-04-03T02:25:34.056+0600][0.701s][info][gc,heap     ] GC(0) O:      Used:      126M (10%)          18M (1%)           26M (2%)           28M (2%)          136M (11%)          18M (1%)     
[2026-04-03T02:25:34.056+0600][0.701s][info][gc,heap     ] GC(0) O: Old Generation Statistics:
[2026-04-03T02:25:34.056+0600][0.701s][info][gc,heap     ] GC(0) O:                Mark Start          Mark End        Relocate Start      Relocate End    
[2026-04-03T02:25:34.056+0600][0.701s][info][gc,heap     ] GC(0) O:      Used:        0M (0%)            0M (0%)            0M (0%)            0M (0%)     
[2026-04-03T02:25:34.056+0600][0.701s][info][gc,heap     ] GC(0) O:      Live:         -                 0M (0%)            0M (0%)            0M (0%)     
[2026-04-03T02:25:34.056+0600][0.701s][info][gc,heap     ] GC(0) O:   Garbage:         -                 0M (0%)            0M (0%)            0M (0%)     
[2026-04-03T02:25:34.056+0600][0.701s][info][gc,heap     ] GC(0) O: Allocated:         -                 0M (0%)            0M (0%)            0M (0%)     
[2026-04-03T02:25:34.056+0600][0.701s][info][gc,heap     ] GC(0) O: Reclaimed:         -                  -                 0M (0%)            0M (0%)     
[2026-04-03T02:25:34.056+0600][0.701s][info][gc,heap     ] GC(0) O: Compacted:         -                  -                  -                 0M (0%)     
[2026-04-03T02:25:34.057+0600][0.701s][info][gc,phases   ] GC(0) O: Old Generation 18M(1%)->28M(2%) 0.019s
[2026-04-03T02:25:34.057+0600][0.701s][info][gc          ] GC(0) Major Collection (Warmup) 126M(10%)->28M(2%) 0.036s
[2026-04-03T02:25:34.661+0600][1.305s][info][gc          ] GC(1) Major Collection (Warmup)
[2026-04-03T02:25:34.661+0600][1.305s][info][gc,task     ] GC(1) Using 3 Workers for Young Generation
[2026-04-03T02:25:34.661+0600][1.305s][info][gc,task     ] GC(1) Using 1 Workers for Old Generation
[2026-04-03T02:25:34.661+0600][1.305s][info][gc,phases   ] GC(1) Y: Young Generation
[2026-04-03T02:25:34.661+0600][1.306s][info][gc,phases   ] GC(1) Y: Pause Mark Start (Major) 0.017ms
[2026-04-03T02:25:34.670+0600][1.315s][info][gc,phases   ] GC(1) Y: Concurrent Mark 8.962ms
[2026-04-03T02:25:34.670+0600][1.315s][info][gc,phases   ] GC(1) Y: Pause Mark End 0.019ms
[2026-04-03T02:25:34.670+0600][1.315s][info][gc,phases   ] GC(1) Y: Concurrent Mark Free 0.002ms
[2026-04-03T02:25:34.670+0600][1.315s][info][gc,phases   ] GC(1) Y: Concurrent Reset Relocation Set 0.009ms
[2026-04-03T02:25:34.672+0600][1.317s][info][gc,reloc    ] GC(1) Y: Using tenuring threshold: 2 (Computed)
[2026-04-03T02:25:34.673+0600][1.318s][info][gc,phases   ] GC(1) Y: Concurrent Select Relocation Set 3.013ms
[2026-04-03T02:25:34.674+0600][1.318s][info][gc,phases   ] GC(1) Y: Pause Relocate Start 0.015ms
[2026-04-03T02:25:34.679+0600][1.323s][info][gc,phases   ] GC(1) Y: Concurrent Relocate 5.037ms
[2026-04-03T02:25:34.679+0600][1.324s][info][gc,alloc    ] GC(1) Y:                         Mark Start        Mark End      Relocate Start    Relocate End   
[2026-04-03T02:25:34.679+0600][1.324s][info][gc,alloc    ] GC(1) Y: Allocation Stalls:          0                0                0                0         
[2026-04-03T02:25:34.679+0600][1.324s][info][gc,load     ] GC(1) Y: Load: 5.29 (44%) / 5.97 (50%) / 5.88 (49%)
[2026-04-03T02:25:34.679+0600][1.324s][info][gc,mmu      ] GC(1) Y: MMU: 2ms/95.8%, 5ms/98.3%, 10ms/99.2%, 20ms/99.5%, 50ms/99.7%, 100ms/99.9%
[2026-04-03T02:25:34.679+0600][1.324s][info][gc,marking  ] GC(1) Y: Mark: 2 stripe(s), 2 proactive flush(es), 1 terminate flush(es), 0 completion(s), 0 continuation(s) 
[2026-04-03T02:25:34.679+0600][1.324s][info][gc,marking  ] GC(1) Y: Mark Stack Usage: 32M
[2026-04-03T02:25:34.679+0600][1.324s][info][gc,nmethod  ] GC(1) Y: NMethods: 1137 registered, 76 unregistered
[2026-04-03T02:25:34.679+0600][1.324s][info][gc,metaspace] GC(1) Y: Metaspace: 11M used, 11M committed, 1088M reserved
[2026-04-03T02:25:34.679+0600][1.324s][info][gc,reloc    ] GC(1) Y:                        Candidates     Selected     In-Place         Size        Empty    Relocated 
[2026-04-03T02:25:34.679+0600][1.324s][info][gc,reloc    ] GC(1) Y: Small Pages:                  125          122            0         250M           0M           2M 
[2026-04-03T02:25:34.679+0600][1.324s][info][gc,reloc    ] GC(1) Y: Medium Pages:                   0            0            0           0M           0M           0M 
[2026-04-03T02:25:34.679+0600][1.324s][info][gc,reloc    ] GC(1) Y: Large Pages:                    0            0            0           0M           0M           0M 
[2026-04-03T02:25:34.679+0600][1.324s][info][gc,reloc    ] GC(1) Y: Forwarding Usage: 1M
[2026-04-03T02:25:34.679+0600][1.324s][info][gc,reloc    ] GC(1) Y: Age Table:
[2026-04-03T02:25:34.679+0600][1.324s][info][gc,reloc    ] GC(1) Y:                    Live             Garbage             Small              Medium             Large        
[2026-04-03T02:25:34.679+0600][1.324s][info][gc,reloc    ] GC(1) Y: Eden               1M (0%)          236M (19%)        119 / 118            0 / 0              0 / 0        
[2026-04-03T02:25:34.679+0600][1.324s][info][gc,reloc    ] GC(1) Y: Survivor 1         3M (0%)            8M (1%)           6 / 4              0 / 0              0 / 0        
[2026-04-03T02:25:34.679+0600][1.324s][info][gc,heap     ] GC(1) Y: Min Capacity: 8M(1%)
[2026-04-03T02:25:34.679+0600][1.324s][info][gc,heap     ] GC(1) Y: Max Capacity: 1250M(100%)
[2026-04-03T02:25:34.679+0600][1.324s][info][gc,heap     ] GC(1) Y: Soft Max Capacity: 1250M(100%)
[2026-04-03T02:25:34.679+0600][1.324s][info][gc,heap     ] GC(1) Y: Heap Statistics:
[2026-04-03T02:25:34.679+0600][1.324s][info][gc,heap     ] GC(1) Y:                Mark Start          Mark End        Relocate Start      Relocate End           High               Low         
[2026-04-03T02:25:34.679+0600][1.324s][info][gc,heap     ] GC(1) Y:  Capacity:      250M (20%)         254M (20%)         254M (20%)         264M (21%)         264M (21%)         250M (20%)    
[2026-04-03T02:25:34.679+0600][1.324s][info][gc,heap     ] GC(1) Y:      Free:     1000M (80%)         996M (80%)         996M (80%)        1228M (98%)        1228M (98%)         986M (79%)    
[2026-04-03T02:25:34.679+0600][1.324s][info][gc,heap     ] GC(1) Y:      Used:      250M (20%)         254M (20%)         254M (20%)          22M (2%)          264M (21%)          22M (2%)     
[2026-04-03T02:25:34.679+0600][1.324s][info][gc,heap     ] GC(1) Y: Young Generation Statistics:
[2026-04-03T02:25:34.679+0600][1.324s][info][gc,heap     ] GC(1) Y:                Mark Start          Mark End        Relocate Start      Relocate End    
[2026-04-03T02:25:34.679+0600][1.324s][info][gc,heap     ] GC(1) Y:      Used:      250M (20%)         254M (20%)         254M (20%)          22M (2%)     
[2026-04-03T02:25:34.679+0600][1.324s][info][gc,heap     ] GC(1) Y:      Live:         -                 4M (0%)            4M (0%)            4M (0%)     
[2026-04-03T02:25:34.679+0600][1.324s][info][gc,heap     ] GC(1) Y:   Garbage:         -               245M (20%)         245M (20%)           0M (0%)     
[2026-04-03T02:25:34.679+0600][1.324s][info][gc,heap     ] GC(1) Y: Allocated:         -                 4M (0%)            4M (0%)           16M (1%)     
[2026-04-03T02:25:34.679+0600][1.324s][info][gc,heap     ] GC(1) Y: Reclaimed:         -                  -                 0M (0%)          244M (20%)    
[2026-04-03T02:25:34.679+0600][1.324s][info][gc,heap     ] GC(1) Y:  Promoted:         -                  -                 0M (0%)            0M (0%)     
[2026-04-03T02:25:34.679+0600][1.324s][info][gc,heap     ] GC(1) Y: Compacted:         -                  -                  -                 3M (0%)     
[2026-04-03T02:25:34.679+0600][1.324s][info][gc,phases   ] GC(1) Y: Young Generation 250M(20%)->22M(2%) 0.018s
[2026-04-03T02:25:34.679+0600][1.324s][info][gc,phases   ] GC(1) O: Old Generation
[2026-04-03T02:25:34.680+0600][1.325s][info][gc,phases   ] GC(1) O: Concurrent Mark 0.768ms
[2026-04-03T02:25:34.680+0600][1.325s][info][gc,phases   ] GC(1) O: Pause Mark End 0.021ms
[2026-04-03T02:25:34.680+0600][1.325s][info][gc,phases   ] GC(1) O: Concurrent Mark Free 0.002ms
[2026-04-03T02:25:34.684+0600][1.328s][info][gc,phases   ] GC(1) O: Concurrent Process Non-Strong 3.417ms
[2026-04-03T02:25:34.684+0600][1.328s][info][gc,phases   ] GC(1) O: Concurrent Reset Relocation Set 0.001ms
[2026-04-03T02:25:34.685+0600][1.330s][info][gc,phases   ] GC(1) O: Concurrent Select Relocation Set 1.406ms
[2026-04-03T02:25:34.685+0600][1.330s][info][gc,task     ] GC(1) O: Using 3 Workers for Old Generation
[2026-04-03T02:25:34.698+0600][1.343s][info][gc,task     ] GC(1) O: Using 1 Workers for Old Generation
[2026-04-03T02:25:34.698+0600][1.343s][info][gc,phases   ] GC(1) O: Concurrent Remap Roots 13.052ms
[2026-04-03T02:25:34.699+0600][1.343s][info][gc,phases   ] GC(1) O: Pause Relocate Start 0.052ms
[2026-04-03T02:25:34.699+0600][1.344s][info][gc,phases   ] GC(1) O: Concurrent Relocate 0.460ms
[2026-04-03T02:25:34.699+0600][1.344s][info][gc,alloc    ] GC(1) O:                         Mark Start        Mark End      Relocate Start    Relocate End   
[2026-04-03T02:25:34.699+0600][1.344s][info][gc,alloc    ] GC(1) O: Allocation Stalls:          0                0                0                0         
[2026-04-03T02:25:34.699+0600][1.344s][info][gc,load     ] GC(1) O: Load: 5.29 (44%) / 5.97 (50%) / 5.88 (49%)
[2026-04-03T02:25:34.699+0600][1.344s][info][gc,mmu      ] GC(1) O: MMU: 2ms/95.8%, 5ms/98.3%, 10ms/99.2%, 20ms/99.5%, 50ms/99.7%, 100ms/99.9%
[2026-04-03T02:25:34.699+0600][1.344s][info][gc,marking  ] GC(1) O: Mark: 1 stripe(s), 1 proactive flush(es), 1 terminate flush(es), 0 completion(s), 0 continuation(s) 
[2026-04-03T02:25:34.699+0600][1.344s][info][gc,marking  ] GC(1) O: Mark Stack Usage: 0M
[2026-04-03T02:25:34.699+0600][1.344s][info][gc,nmethod  ] GC(1) O: NMethods: 1088 registered, 125 unregistered
[2026-04-03T02:25:34.699+0600][1.344s][info][gc,metaspace] GC(1) O: Metaspace: 11M used, 11M committed, 1088M reserved
[2026-04-03T02:25:34.699+0600][1.344s][info][gc,ref      ] GC(1) O:                       Encountered   Discovered     Enqueued 
[2026-04-03T02:25:34.699+0600][1.344s][info][gc,ref      ] GC(1) O: Soft References:              211            0            0 
[2026-04-03T02:25:34.699+0600][1.344s][info][gc,ref      ] GC(1) O: Weak References:              921            0            0 
[2026-04-03T02:25:34.699+0600][1.344s][info][gc,ref      ] GC(1) O: Final References:               0            0            0 
[2026-04-03T02:25:34.699+0600][1.344s][info][gc,ref      ] GC(1) O: Phantom References:            28            0            0 
[2026-04-03T02:25:34.699+0600][1.344s][info][gc,heap     ] GC(1) O: Min Capacity: 8M(1%)
[2026-04-03T02:25:34.699+0600][1.344s][info][gc,heap     ] GC(1) O: Max Capacity: 1250M(100%)
[2026-04-03T02:25:34.699+0600][1.344s][info][gc,heap     ] GC(1) O: Soft Max Capacity: 1250M(100%)
[2026-04-03T02:25:34.699+0600][1.344s][info][gc,heap     ] GC(1) O: Heap Statistics:
[2026-04-03T02:25:34.699+0600][1.344s][info][gc,heap     ] GC(1) O:                Mark Start          Mark End        Relocate Start      Relocate End           High               Low         
[2026-04-03T02:25:34.699+0600][1.344s][info][gc,heap     ] GC(1) O:  Capacity:      250M (20%)         264M (21%)         264M (21%)         264M (21%)         264M (21%)         250M (20%)    
[2026-04-03T02:25:34.699+0600][1.344s][info][gc,heap     ] GC(1) O:      Free:     1000M (80%)        1226M (98%)        1218M (97%)        1218M (97%)        1228M (98%)         986M (79%)    
[2026-04-03T02:25:34.699+0600][1.344s][info][gc,heap     ] GC(1) O:      Used:      250M (20%)          24M (2%)           32M (3%)           32M (3%)          264M (21%)          22M (2%)     
[2026-04-03T02:25:34.699+0600][1.344s][info][gc,heap     ] GC(1) O: Old Generation Statistics:
[2026-04-03T02:25:34.699+0600][1.344s][info][gc,heap     ] GC(1) O:                Mark Start          Mark End        Relocate Start      Relocate End    
[2026-04-03T02:25:34.699+0600][1.344s][info][gc,heap     ] GC(1) O:      Used:        0M (0%)            0M (0%)            0M (0%)            0M (0%)     
[2026-04-03T02:25:34.699+0600][1.344s][info][gc,heap     ] GC(1) O:      Live:         -                 0M (0%)            0M (0%)            0M (0%)     
[2026-04-03T02:25:34.699+0600][1.344s][info][gc,heap     ] GC(1) O:   Garbage:         -                 0M (0%)            0M (0%)            0M (0%)     
[2026-04-03T02:25:34.699+0600][1.344s][info][gc,heap     ] GC(1) O: Allocated:         -                 0M (0%)            0M (0%)            0M (0%)     
[2026-04-03T02:25:34.699+0600][1.344s][info][gc,heap     ] GC(1) O: Reclaimed:         -                  -                 0M (0%)            0M (0%)     
[2026-04-03T02:25:34.699+0600][1.344s][info][gc,heap     ] GC(1) O: Compacted:         -                  -                  -                 0M (0%)     
[2026-04-03T02:25:34.699+0600][1.344s][info][gc,phases   ] GC(1) O: Old Generation 22M(2%)->32M(3%) 0.020s
[2026-04-03T02:25:34.700+0600][1.344s][info][gc          ] GC(1) Major Collection (Warmup) 250M(20%)->32M(3%) 0.039s
[2026-04-03T02:25:37.477+0600][4.122s][info][gc          ] GC(2) Major Collection (Metadata GC Threshold)
[2026-04-03T02:25:37.477+0600][4.122s][info][gc,task     ] GC(2) Using 1 Workers for Young Generation
[2026-04-03T02:25:37.477+0600][4.122s][info][gc,task     ] GC(2) Using 1 Workers for Old Generation
[2026-04-03T02:25:37.477+0600][4.122s][info][gc,phases   ] GC(2) Y: Young Generation
[2026-04-03T02:25:37.478+0600][4.122s][info][gc,phases   ] GC(2) Y: Pause Mark Start (Major) 0.022ms
[2026-04-03T02:25:37.512+0600][4.157s][info][gc,phases   ] GC(2) Y: Concurrent Mark 34.592ms
[2026-04-03T02:25:37.513+0600][4.157s][info][gc,phases   ] GC(2) Y: Pause Mark End 0.020ms
[2026-04-03T02:25:37.513+0600][4.157s][info][gc,phases   ] GC(2) Y: Concurrent Mark Free 0.002ms
[2026-04-03T02:25:37.513+0600][4.157s][info][gc,phases   ] GC(2) Y: Concurrent Reset Relocation Set 0.010ms
[2026-04-03T02:25:37.514+0600][4.159s][info][gc,reloc    ] GC(2) Y: Using tenuring threshold: 3 (Computed)
[2026-04-03T02:25:37.516+0600][4.161s][info][gc,phases   ] GC(2) Y: Concurrent Select Relocation Set 3.240ms
[2026-04-03T02:25:37.516+0600][4.161s][info][gc,phases   ] GC(2) Y: Pause Relocate Start 0.014ms
[2026-04-03T02:25:37.526+0600][4.171s][info][gc,phases   ] GC(2) Y: Concurrent Relocate 9.936ms
[2026-04-03T02:25:37.526+0600][4.171s][info][gc,alloc    ] GC(2) Y:                         Mark Start        Mark End      Relocate Start    Relocate End   
[2026-04-03T02:25:37.526+0600][4.171s][info][gc,alloc    ] GC(2) Y: Allocation Stalls:          0                0                0                0         
[2026-04-03T02:25:37.526+0600][4.171s][info][gc,load     ] GC(2) Y: Load: 4.95 (41%) / 5.89 (49%) / 5.85 (49%)
[2026-04-03T02:25:37.526+0600][4.171s][info][gc,mmu      ] GC(2) Y: MMU: 2ms/95.8%, 5ms/98.3%, 10ms/99.2%, 20ms/99.5%, 50ms/99.7%, 100ms/99.9%
[2026-04-03T02:25:37.526+0600][4.171s][info][gc,marking  ] GC(2) Y: Mark: 1 stripe(s), 2 proactive flush(es), 1 terminate flush(es), 0 completion(s), 0 continuation(s) 
[2026-04-03T02:25:37.526+0600][4.171s][info][gc,marking  ] GC(2) Y: Mark Stack Usage: 32M
[2026-04-03T02:25:37.526+0600][4.171s][info][gc,nmethod  ] GC(2) Y: NMethods: 1936 registered, 0 unregistered
[2026-04-03T02:25:37.526+0600][4.171s][info][gc,metaspace] GC(2) Y: Metaspace: 21M used, 21M committed, 1088M reserved
[2026-04-03T02:25:37.526+0600][4.171s][info][gc,reloc    ] GC(2) Y:                        Candidates     Selected     In-Place         Size        Empty    Relocated 
[2026-04-03T02:25:37.526+0600][4.171s][info][gc,reloc    ] GC(2) Y: Small Pages:                   79           70            0         158M           0M           7M 
[2026-04-03T02:25:37.526+0600][4.171s][info][gc,reloc    ] GC(2) Y: Medium Pages:                   1            0            0          32M           0M           0M 
[2026-04-03T02:25:37.526+0600][4.171s][info][gc,reloc    ] GC(2) Y: Large Pages:                    0            0            0           0M           0M           0M 
[2026-04-03T02:25:37.526+0600][4.171s][info][gc,reloc    ] GC(2) Y: Forwarding Usage: 2M
[2026-04-03T02:25:37.526+0600][4.171s][info][gc,reloc    ] GC(2) Y: Age Table:
[2026-04-03T02:25:37.526+0600][4.171s][info][gc,reloc    ] GC(2) Y:                    Live             Garbage             Small              Medium             Large        
[2026-04-03T02:25:37.526+0600][4.171s][info][gc,reloc    ] GC(2) Y: Eden              15M (1%)          156M (13%)         70 / 64             1 / 0              0 / 0        
[2026-04-03T02:25:37.526+0600][4.171s][info][gc,reloc    ] GC(2) Y: Survivor 1         1M (0%)            6M (1%)           4 / 3              0 / 0              0 / 0        
[2026-04-03T02:25:37.526+0600][4.171s][info][gc,reloc    ] GC(2) Y: Survivor 2         3M (0%)            6M (1%)           5 / 3              0 / 0              0 / 0        
[2026-04-03T02:25:37.526+0600][4.171s][info][gc,heap     ] GC(2) Y: Min Capacity: 8M(1%)
[2026-04-03T02:25:37.526+0600][4.171s][info][gc,heap     ] GC(2) Y: Max Capacity: 1250M(100%)
[2026-04-03T02:25:37.526+0600][4.171s][info][gc,heap     ] GC(2) Y: Soft Max Capacity: 1250M(100%)
[2026-04-03T02:25:37.526+0600][4.171s][info][gc,heap     ] GC(2) Y: Heap Statistics:
[2026-04-03T02:25:37.526+0600][4.171s][info][gc,heap     ] GC(2) Y:                Mark Start          Mark End        Relocate Start      Relocate End           High               Low         
[2026-04-03T02:25:37.526+0600][4.171s][info][gc,heap     ] GC(2) Y:  Capacity:      296M (24%)         296M (24%)         296M (24%)         296M (24%)         296M (24%)         296M (24%)    
[2026-04-03T02:25:37.526+0600][4.171s][info][gc,heap     ] GC(2) Y:      Free:     1060M (85%)        1056M (84%)        1056M (84%)        1190M (95%)        1190M (95%)        1050M (84%)    
[2026-04-03T02:25:37.526+0600][4.171s][info][gc,heap     ] GC(2) Y:      Used:      190M (15%)         194M (16%)         194M (16%)          60M (5%)          200M (16%)          60M (5%)     
[2026-04-03T02:25:37.526+0600][4.171s][info][gc,heap     ] GC(2) Y: Young Generation Statistics:
[2026-04-03T02:25:37.526+0600][4.171s][info][gc,heap     ] GC(2) Y:                Mark Start          Mark End        Relocate Start      Relocate End    
[2026-04-03T02:25:37.526+0600][4.171s][info][gc,heap     ] GC(2) Y:      Used:      190M (15%)         194M (16%)         194M (16%)          60M (5%)     
[2026-04-03T02:25:37.526+0600][4.171s][info][gc,heap     ] GC(2) Y:      Live:         -                19M (2%)           19M (2%)           19M (2%)     
[2026-04-03T02:25:37.526+0600][4.171s][info][gc,heap     ] GC(2) Y:   Garbage:         -               170M (14%)         170M (14%)          28M (2%)     
[2026-04-03T02:25:37.526+0600][4.171s][info][gc,heap     ] GC(2) Y: Allocated:         -                 4M (0%)            4M (0%)           12M (1%)     
[2026-04-03T02:25:37.526+0600][4.171s][info][gc,heap     ] GC(2) Y: Reclaimed:         -                  -                 0M (0%)          142M (11%)    
[2026-04-03T02:25:37.526+0600][4.171s][info][gc,heap     ] GC(2) Y:  Promoted:         -                  -                 0M (0%)            0M (0%)     
[2026-04-03T02:25:37.526+0600][4.171s][info][gc,heap     ] GC(2) Y: Compacted:         -                  -                  -                11M (1%)     
[2026-04-03T02:25:37.526+0600][4.171s][info][gc,phases   ] GC(2) Y: Young Generation 190M(15%)->60M(5%) 0.049s
[2026-04-03T02:25:37.526+0600][4.171s][info][gc,phases   ] GC(2) O: Old Generation
[2026-04-03T02:25:37.527+0600][4.172s][info][gc,phases   ] GC(2) O: Concurrent Mark 0.957ms
[2026-04-03T02:25:37.528+0600][4.172s][info][gc,phases   ] GC(2) O: Pause Mark End 0.015ms
[2026-04-03T02:25:37.528+0600][4.172s][info][gc,phases   ] GC(2) O: Concurrent Mark Free 0.002ms
[2026-04-03T02:25:37.534+0600][4.179s][info][gc,phases   ] GC(2) O: Concurrent Process Non-Strong 6.713ms
[2026-04-03T02:25:37.535+0600][4.179s][info][gc,phases   ] GC(2) O: Concurrent Reset Relocation Set 0.001ms
[2026-04-03T02:25:37.536+0600][4.181s][info][gc,phases   ] GC(2) O: Concurrent Select Relocation Set 1.464ms
[2026-04-03T02:25:37.536+0600][4.181s][info][gc,task     ] GC(2) O: Using 2 Workers for Old Generation
[2026-04-03T02:25:37.556+0600][4.201s][info][gc,task     ] GC(2) O: Using 1 Workers for Old Generation
[2026-04-03T02:25:37.556+0600][4.201s][info][gc,phases   ] GC(2) O: Concurrent Remap Roots 20.493ms
[2026-04-03T02:25:37.557+0600][4.202s][info][gc,phases   ] GC(2) O: Pause Relocate Start 0.047ms
[2026-04-03T02:25:37.557+0600][4.202s][info][gc,phases   ] GC(2) O: Concurrent Relocate 0.159ms
[2026-04-03T02:25:37.557+0600][4.202s][info][gc,alloc    ] GC(2) O:                         Mark Start        Mark End      Relocate Start    Relocate End   
[2026-04-03T02:25:37.557+0600][4.202s][info][gc,alloc    ] GC(2) O: Allocation Stalls:          0                0                0                0         
[2026-04-03T02:25:37.557+0600][4.202s][info][gc,load     ] GC(2) O: Load: 4.95 (41%) / 5.89 (49%) / 5.85 (49%)
[2026-04-03T02:25:37.557+0600][4.202s][info][gc,mmu      ] GC(2) O: MMU: 2ms/95.8%, 5ms/98.3%, 10ms/99.2%, 20ms/99.5%, 50ms/99.7%, 100ms/99.9%
[2026-04-03T02:25:37.557+0600][4.202s][info][gc,marking  ] GC(2) O: Mark: 1 stripe(s), 1 proactive flush(es), 1 terminate flush(es), 0 completion(s), 0 continuation(s) 
[2026-04-03T02:25:37.557+0600][4.202s][info][gc,marking  ] GC(2) O: Mark Stack Usage: 0M
[2026-04-03T02:25:37.557+0600][4.202s][info][gc,nmethod  ] GC(2) O: NMethods: 1846 registered, 143 unregistered
[2026-04-03T02:25:37.557+0600][4.202s][info][gc,metaspace] GC(2) O: Metaspace: 21M used, 21M committed, 1088M reserved
[2026-04-03T02:25:37.557+0600][4.202s][info][gc,ref      ] GC(2) O:                       Encountered   Discovered     Enqueued 
[2026-04-03T02:25:37.557+0600][4.202s][info][gc,ref      ] GC(2) O: Soft References:             3509            0            0 
[2026-04-03T02:25:37.557+0600][4.202s][info][gc,ref      ] GC(2) O: Weak References:             1475            0            0 
[2026-04-03T02:25:37.557+0600][4.202s][info][gc,ref      ] GC(2) O: Final References:               0            0            0 
[2026-04-03T02:25:37.557+0600][4.202s][info][gc,ref      ] GC(2) O: Phantom References:           563            0            0 
[2026-04-03T02:25:37.557+0600][4.202s][info][gc,heap     ] GC(2) O: Min Capacity: 8M(1%)
[2026-04-03T02:25:37.557+0600][4.202s][info][gc,heap     ] GC(2) O: Max Capacity: 1250M(100%)
[2026-04-03T02:25:37.557+0600][4.202s][info][gc,heap     ] GC(2) O: Soft Max Capacity: 1250M(100%)
[2026-04-03T02:25:37.557+0600][4.202s][info][gc,heap     ] GC(2) O: Heap Statistics:
[2026-04-03T02:25:37.557+0600][4.202s][info][gc,heap     ] GC(2) O:                Mark Start          Mark End        Relocate Start      Relocate End           High               Low         
[2026-04-03T02:25:37.557+0600][4.202s][info][gc,heap     ] GC(2) O:  Capacity:      296M (24%)         296M (24%)         296M (24%)         296M (24%)         296M (24%)         296M (24%)    
[2026-04-03T02:25:37.557+0600][4.202s][info][gc,heap     ] GC(2) O:      Free:     1060M (85%)        1190M (95%)        1188M (95%)        1188M (95%)        1190M (95%)        1050M (84%)    
[2026-04-03T02:25:37.557+0600][4.202s][info][gc,heap     ] GC(2) O:      Used:      190M (15%)          60M (5%)           62M (5%)           62M (5%)          200M (16%)          60M (5%)     
[2026-04-03T02:25:37.557+0600][4.202s][info][gc,heap     ] GC(2) O: Old Generation Statistics:
[2026-04-03T02:25:37.557+0600][4.202s][info][gc,heap     ] GC(2) O:                Mark Start          Mark End        Relocate Start      Relocate End    
[2026-04-03T02:25:37.557+0600][4.202s][info][gc,heap     ] GC(2) O:      Used:        0M (0%)            0M (0%)            0M (0%)            0M (0%)     
[2026-04-03T02:25:37.557+0600][4.202s][info][gc,heap     ] GC(2) O:      Live:         -                 0M (0%)            0M (0%)            0M (0%)     
[2026-04-03T02:25:37.557+0600][4.202s][info][gc,heap     ] GC(2) O:   Garbage:         -                 0M (0%)            0M (0%)            0M (0%)     
[2026-04-03T02:25:37.557+0600][4.202s][info][gc,heap     ] GC(2) O: Allocated:         -                 0M (0%)            0M (0%)            0M (0%)     
[2026-04-03T02:25:37.557+0600][4.202s][info][gc,heap     ] GC(2) O: Reclaimed:         -                  -                 0M (0%)            0M (0%)     
[2026-04-03T02:25:37.557+0600][4.202s][info][gc,heap     ] GC(2) O: Compacted:         -                  -                  -                 0M (0%)     
[2026-04-03T02:25:37.557+0600][4.202s][info][gc,phases   ] GC(2) O: Old Generation 60M(5%)->62M(5%) 0.031s
[2026-04-03T02:25:37.557+0600][4.202s][info][gc          ] GC(2) Major Collection (Metadata GC Threshold) 190M(15%)->62M(5%) 0.080s
[2026-04-03T02:25:40.274+0600][6.919s][info][gc          ] GC(3) Major Collection (Metadata GC Threshold)
[2026-04-03T02:25:40.274+0600][6.919s][info][gc,task     ] GC(3) Using 1 Workers for Young Generation
[2026-04-03T02:25:40.274+0600][6.919s][info][gc,task     ] GC(3) Using 1 Workers for Old Generation
[2026-04-03T02:25:40.274+0600][6.919s][info][gc,phases   ] GC(3) Y: Young Generation
[2026-04-03T02:25:40.275+0600][6.919s][info][gc,phases   ] GC(3) Y: Pause Mark Start (Major) 0.018ms
[2026-04-03T02:25:40.323+0600][6.968s][info][gc,phases   ] GC(3) Y: Concurrent Mark 48.153ms
[2026-04-03T02:25:40.323+0600][6.968s][info][gc,phases   ] GC(3) Y: Pause Mark End 0.016ms
[2026-04-03T02:25:40.323+0600][6.968s][info][gc,phases   ] GC(3) Y: Concurrent Mark Free 0.001ms
[2026-04-03T02:25:40.323+0600][6.968s][info][gc,phases   ] GC(3) Y: Concurrent Reset Relocation Set 0.009ms
[2026-04-03T02:25:40.327+0600][6.972s][info][gc,reloc    ] GC(3) Y: Using tenuring threshold: 3 (Computed)
[2026-04-03T02:25:40.333+0600][6.978s][info][gc,phases   ] GC(3) Y: Concurrent Select Relocation Set 9.928ms
[2026-04-03T02:25:40.333+0600][6.978s][info][gc,phases   ] GC(3) Y: Pause Relocate Start 0.014ms
[2026-04-03T02:25:40.353+0600][6.998s][info][gc,phases   ] GC(3) Y: Concurrent Relocate 19.655ms
[2026-04-03T02:25:40.353+0600][6.998s][info][gc,alloc    ] GC(3) Y:                         Mark Start        Mark End      Relocate Start    Relocate End   
[2026-04-03T02:25:40.353+0600][6.998s][info][gc,alloc    ] GC(3) Y: Allocation Stalls:          0                0                0                0         
[2026-04-03T02:25:40.353+0600][6.998s][info][gc,load     ] GC(3) Y: Load: 4.63 (39%) / 5.81 (48%) / 5.83 (49%)
[2026-04-03T02:25:40.353+0600][6.998s][info][gc,mmu      ] GC(3) Y: MMU: 2ms/95.8%, 5ms/98.3%, 10ms/99.2%, 20ms/99.5%, 50ms/99.7%, 100ms/99.9%
[2026-04-03T02:25:40.353+0600][6.998s][info][gc,marking  ] GC(3) Y: Mark: 1 stripe(s), 2 proactive flush(es), 1 terminate flush(es), 0 completion(s), 0 continuation(s) 
[2026-04-03T02:25:40.353+0600][6.998s][info][gc,marking  ] GC(3) Y: Mark Stack Usage: 32M
[2026-04-03T02:25:40.353+0600][6.998s][info][gc,nmethod  ] GC(3) Y: NMethods: 2714 registered, 143 unregistered
[2026-04-03T02:25:40.353+0600][6.998s][info][gc,metaspace] GC(3) Y: Metaspace: 36M used, 36M committed, 1088M reserved
[2026-04-03T02:25:40.353+0600][6.998s][info][gc,reloc    ] GC(3) Y:                        Candidates     Selected     In-Place         Size        Empty    Relocated 
[2026-04-03T02:25:40.353+0600][6.998s][info][gc,reloc    ] GC(3) Y: Small Pages:                   88           77            0         176M           0M           7M 
[2026-04-03T02:25:40.353+0600][6.998s][info][gc,reloc    ] GC(3) Y: Medium Pages:                   2            0            0          64M          32M           0M 
[2026-04-03T02:25:40.353+0600][6.998s][info][gc,reloc    ] GC(3) Y: Large Pages:                    0            0            0           0M           0M           0M 
[2026-04-03T02:25:40.353+0600][6.998s][info][gc,reloc    ] GC(3) Y: Forwarding Usage: 3M
[2026-04-03T02:25:40.353+0600][6.998s][info][gc,reloc    ] GC(3) Y: Age Table:
[2026-04-03T02:25:40.353+0600][6.998s][info][gc,reloc    ] GC(3) Y:                    Live             Garbage             Small              Medium             Large        
[2026-04-03T02:25:40.353+0600][6.998s][info][gc,reloc    ] GC(3) Y: Eden               5M (0%)          178M (14%)         76 / 73             1 / 0              0 / 0        
[2026-04-03T02:25:40.353+0600][6.998s][info][gc,reloc    ] GC(3) Y: Survivor 1        14M (1%)           29M (2%)           6 / 0              1 / 0              0 / 0        
[2026-04-03T02:25:40.353+0600][6.998s][info][gc,reloc    ] GC(3) Y: Survivor 2         1M (0%)            2M (0%)           2 / 1              0 / 0              0 / 0        
[2026-04-03T02:25:40.353+0600][6.998s][info][gc,reloc    ] GC(3) Y: Survivor 3         3M (0%)            4M (0%)           4 / 3              0 / 0              0 / 0        
[2026-04-03T02:25:40.353+0600][6.998s][info][gc,heap     ] GC(3) Y: Min Capacity: 8M(1%)
[2026-04-03T02:25:40.353+0600][6.998s][info][gc,heap     ] GC(3) Y: Max Capacity: 1250M(100%)
[2026-04-03T02:25:40.353+0600][6.998s][info][gc,heap     ] GC(3) Y: Soft Max Capacity: 1250M(100%)
[2026-04-03T02:25:40.353+0600][6.998s][info][gc,heap     ] GC(3) Y: Heap Statistics:
[2026-04-03T02:25:40.353+0600][6.998s][info][gc,heap     ] GC(3) Y:                Mark Start          Mark End        Relocate Start      Relocate End           High               Low         
[2026-04-03T02:25:40.353+0600][6.998s][info][gc,heap     ] GC(3) Y:  Capacity:      328M (26%)         328M (26%)         328M (26%)         328M (26%)         328M (26%)         328M (26%)    
[2026-04-03T02:25:40.353+0600][6.998s][info][gc,heap     ] GC(3) Y:      Free:     1010M (81%)        1000M (80%)        1032M (83%)        1174M (94%)        1174M (94%)        1000M (80%)    
[2026-04-03T02:25:40.353+0600][6.998s][info][gc,heap     ] GC(3) Y:      Used:      240M (19%)         250M (20%)         218M (17%)          76M (6%)          250M (20%)          76M (6%)     
[2026-04-03T02:25:40.353+0600][6.998s][info][gc,heap     ] GC(3) Y: Young Generation Statistics:
[2026-04-03T02:25:40.353+0600][6.998s][info][gc,heap     ] GC(3) Y:                Mark Start          Mark End        Relocate Start      Relocate End    
[2026-04-03T02:25:40.353+0600][6.998s][info][gc,heap     ] GC(3) Y:      Used:      240M (19%)         250M (20%)         218M (17%)          66M (5%)     
[2026-04-03T02:25:40.353+0600][6.998s][info][gc,heap     ] GC(3) Y:      Live:         -                24M (2%)           24M (2%)           21M (2%)     
[2026-04-03T02:25:40.353+0600][6.998s][info][gc,heap     ] GC(3) Y:   Garbage:         -               215M (17%)         183M (15%)          27M (2%)     
[2026-04-03T02:25:40.353+0600][6.998s][info][gc,heap     ] GC(3) Y: Allocated:         -                10M (1%)           10M (1%)           17M (1%)     
[2026-04-03T02:25:40.353+0600][6.998s][info][gc,heap     ] GC(3) Y: Reclaimed:         -                  -                32M (3%)          187M (15%)    
[2026-04-03T02:25:40.353+0600][6.998s][info][gc,heap     ] GC(3) Y:  Promoted:         -                  -                 0M (0%)            3M (0%)     
[2026-04-03T02:25:40.353+0600][6.998s][info][gc,heap     ] GC(3) Y: Compacted:         -                  -                  -                 6M (1%)     
[2026-04-03T02:25:40.353+0600][6.998s][info][gc,phases   ] GC(3) Y: Young Generation 240M(19%)->76M(6%) 0.079s
[2026-04-03T02:25:40.353+0600][6.998s][info][gc,phases   ] GC(3) O: Old Generation
[2026-04-03T02:25:40.354+0600][6.999s][info][gc,phases   ] GC(3) O: Concurrent Mark 1.231ms
[2026-04-03T02:25:40.355+0600][6.999s][info][gc,phases   ] GC(3) O: Pause Mark End 0.019ms
[2026-04-03T02:25:40.355+0600][6.999s][info][gc,phases   ] GC(3) O: Concurrent Mark Free 0.002ms
[2026-04-03T02:25:40.363+0600][7.008s][info][gc,phases   ] GC(3) O: Concurrent Process Non-Strong 8.714ms
[2026-04-03T02:25:40.364+0600][7.008s][info][gc,phases   ] GC(3) O: Concurrent Reset Relocation Set 0.001ms
[2026-04-03T02:25:40.368+0600][7.012s][info][gc,phases   ] GC(3) O: Concurrent Select Relocation Set 4.239ms
[2026-04-03T02:25:40.368+0600][7.013s][info][gc,task     ] GC(3) O: Using 2 Workers for Old Generation
[2026-04-03T02:25:40.390+0600][7.035s][info][gc,task     ] GC(3) O: Using 1 Workers for Old Generation
[2026-04-03T02:25:40.390+0600][7.035s][info][gc,phases   ] GC(3) O: Concurrent Remap Roots 22.156ms
[2026-04-03T02:25:40.390+0600][7.035s][info][gc,phases   ] GC(3) O: Pause Relocate Start 0.024ms
[2026-04-03T02:25:40.391+0600][7.035s][info][gc,phases   ] GC(3) O: Concurrent Relocate 0.221ms
[2026-04-03T02:25:40.391+0600][7.035s][info][gc,alloc    ] GC(3) O:                         Mark Start        Mark End      Relocate Start    Relocate End   
[2026-04-03T02:25:40.391+0600][7.035s][info][gc,alloc    ] GC(3) O: Allocation Stalls:          0                0                0                0         
[2026-04-03T02:25:40.391+0600][7.035s][info][gc,load     ] GC(3) O: Load: 4.63 (39%) / 5.81 (48%) / 5.83 (49%)
[2026-04-03T02:25:40.391+0600][7.035s][info][gc,mmu      ] GC(3) O: MMU: 2ms/95.8%, 5ms/98.3%, 10ms/99.2%, 20ms/99.5%, 50ms/99.7%, 100ms/99.9%
[2026-04-03T02:25:40.391+0600][7.035s][info][gc,marking  ] GC(3) O: Mark: 1 stripe(s), 1 proactive flush(es), 1 terminate flush(es), 0 completion(s), 0 continuation(s) 
[2026-04-03T02:25:40.391+0600][7.035s][info][gc,marking  ] GC(3) O: Mark Stack Usage: 0M
[2026-04-03T02:25:40.391+0600][7.035s][info][gc,nmethod  ] GC(3) O: NMethods: 2534 registered, 323 unregistered
[2026-04-03T02:25:40.391+0600][7.035s][info][gc,metaspace] GC(3) O: Metaspace: 36M used, 36M committed, 1088M reserved
[2026-04-03T02:25:40.391+0600][7.035s][info][gc,ref      ] GC(3) O:                       Encountered   Discovered     Enqueued 
[2026-04-03T02:25:40.391+0600][7.035s][info][gc,ref      ] GC(3) O: Soft References:             3872            0            0 
[2026-04-03T02:25:40.391+0600][7.035s][info][gc,ref      ] GC(3) O: Weak References:             2990            0            0 
[2026-04-03T02:25:40.391+0600][7.035s][info][gc,ref      ] GC(3) O: Final References:              80            0            0 
[2026-04-03T02:25:40.391+0600][7.035s][info][gc,ref      ] GC(3) O: Phantom References:           568            0            0 
[2026-04-03T02:25:40.391+0600][7.035s][info][gc,heap     ] GC(3) O: Min Capacity: 8M(1%)
[2026-04-03T02:25:40.391+0600][7.036s][info][gc,heap     ] GC(3) O: Max Capacity: 1250M(100%)
[2026-04-03T02:25:40.391+0600][7.036s][info][gc,heap     ] GC(3) O: Soft Max Capacity: 1250M(100%)
[2026-04-03T02:25:40.391+0600][7.036s][info][gc,heap     ] GC(3) O: Heap Statistics:
[2026-04-03T02:25:40.391+0600][7.036s][info][gc,heap     ] GC(3) O:                Mark Start          Mark End        Relocate Start      Relocate End           High               Low         
[2026-04-03T02:25:40.391+0600][7.036s][info][gc,heap     ] GC(3) O:  Capacity:      328M (26%)         328M (26%)         328M (26%)         328M (26%)         328M (26%)         328M (26%)    
[2026-04-03T02:25:40.391+0600][7.036s][info][gc,heap     ] GC(3) O:      Free:     1010M (81%)        1174M (94%)        1174M (94%)        1174M (94%)        1174M (94%)        1000M (80%)    
[2026-04-03T02:25:40.391+0600][7.036s][info][gc,heap     ] GC(3) O:      Used:      240M (19%)          76M (6%)           76M (6%)           76M (6%)          250M (20%)          76M (6%)     
[2026-04-03T02:25:40.391+0600][7.036s][info][gc,heap     ] GC(3) O: Old Generation Statistics:
[2026-04-03T02:25:40.391+0600][7.036s][info][gc,heap     ] GC(3) O:                Mark Start          Mark End        Relocate Start      Relocate End    
[2026-04-03T02:25:40.391+0600][7.036s][info][gc,heap     ] GC(3) O:      Used:        0M (0%)           10M (1%)           10M (1%)           10M (1%)     
[2026-04-03T02:25:40.391+0600][7.036s][info][gc,heap     ] GC(3) O:      Live:         -                 0M (0%)            0M (0%)            0M (0%)     
[2026-04-03T02:25:40.391+0600][7.036s][info][gc,heap     ] GC(3) O:   Garbage:         -                 0M (0%)            0M (0%)            0M (0%)     
[2026-04-03T02:25:40.391+0600][7.036s][info][gc,heap     ] GC(3) O: Allocated:         -                10M (1%)           10M (1%)           10M (1%)     
[2026-04-03T02:25:40.391+0600][7.036s][info][gc,heap     ] GC(3) O: Reclaimed:         -                  -                 0M (0%)            0M (0%)     
[2026-04-03T02:25:40.391+0600][7.036s][info][gc,heap     ] GC(3) O: Compacted:         -                  -                  -                 0M (0%)     
[2026-04-03T02:25:40.391+0600][7.036s][info][gc,phases   ] GC(3) O: Old Generation 76M(6%)->76M(6%) 0.037s
[2026-04-03T02:25:40.391+0600][7.036s][info][gc          ] GC(3) Major Collection (Metadata GC Threshold) 240M(19%)->76M(6%) 0.117s
[2026-04-03T02:25:44.564+0600][11.208s][info][gc          ] GC(4) Major Collection (Metadata GC Threshold)
[2026-04-03T02:25:44.564+0600][11.209s][info][gc,task     ] GC(4) Using 1 Workers for Young Generation
[2026-04-03T02:25:44.564+0600][11.209s][info][gc,task     ] GC(4) Using 1 Workers for Old Generation
[2026-04-03T02:25:44.564+0600][11.209s][info][gc,phases   ] GC(4) Y: Young Generation
[2026-04-03T02:25:44.564+0600][11.209s][info][gc,phases   ] GC(4) Y: Pause Mark Start (Major) 0.023ms
[2026-04-03T02:25:44.653+0600][11.297s][info][gc,phases   ] GC(4) Y: Concurrent Mark 88.393ms
[2026-04-03T02:25:44.653+0600][11.298s][info][gc,phases   ] GC(4) Y: Pause Mark End 0.021ms
[2026-04-03T02:25:44.653+0600][11.298s][info][gc,phases   ] GC(4) Y: Concurrent Mark Free 0.002ms
[2026-04-03T02:25:44.653+0600][11.298s][info][gc,phases   ] GC(4) Y: Concurrent Reset Relocation Set 0.008ms
[2026-04-03T02:25:44.655+0600][11.300s][info][gc,reloc    ] GC(4) Y: Using tenuring threshold: 4 (Computed)
[2026-04-03T02:25:44.657+0600][11.302s][info][gc,phases   ] GC(4) Y: Concurrent Select Relocation Set 3.645ms
[2026-04-03T02:25:44.657+0600][11.302s][info][gc,phases   ] GC(4) Y: Pause Relocate Start 0.020ms
[2026-04-03T02:25:44.692+0600][11.337s][info][gc,phases   ] GC(4) Y: Concurrent Relocate 34.712ms
[2026-04-03T02:25:44.692+0600][11.337s][info][gc,alloc    ] GC(4) Y:                         Mark Start        Mark End      Relocate Start    Relocate End   
[2026-04-03T02:25:44.692+0600][11.337s][info][gc,alloc    ] GC(4) Y: Allocation Stalls:          0                0                0                0         
[2026-04-03T02:25:44.692+0600][11.337s][info][gc,load     ] GC(4) Y: Load: 4.63 (39%) / 5.81 (48%) / 5.83 (49%)
[2026-04-03T02:25:44.692+0600][11.337s][info][gc,mmu      ] GC(4) Y: MMU: 2ms/95.8%, 5ms/98.3%, 10ms/99.2%, 20ms/99.5%, 50ms/99.7%, 100ms/99.9%
[2026-04-03T02:25:44.692+0600][11.337s][info][gc,marking  ] GC(4) Y: Mark: 1 stripe(s), 2 proactive flush(es), 1 terminate flush(es), 0 completion(s), 0 continuation(s) 
[2026-04-03T02:25:44.692+0600][11.337s][info][gc,marking  ] GC(4) Y: Mark Stack Usage: 32M
[2026-04-03T02:25:44.692+0600][11.337s][info][gc,nmethod  ] GC(4) Y: NMethods: 4084 registered, 0 unregistered
[2026-04-03T02:25:44.692+0600][11.337s][info][gc,metaspace] GC(4) Y: Metaspace: 61M used, 62M committed, 1088M reserved
[2026-04-03T02:25:44.692+0600][11.337s][info][gc,reloc    ] GC(4) Y:                        Candidates     Selected     In-Place         Size        Empty    Relocated 
[2026-04-03T02:25:44.692+0600][11.337s][info][gc,reloc    ] GC(4) Y: Small Pages:                  119          104            0         238M           0M           9M 
[2026-04-03T02:25:44.692+0600][11.337s][info][gc,reloc    ] GC(4) Y: Medium Pages:                   2            1            0          64M           0M           5M 
[2026-04-03T02:25:44.692+0600][11.337s][info][gc,reloc    ] GC(4) Y: Large Pages:                    0            0            0           0M           0M           0M 
[2026-04-03T02:25:44.692+0600][11.337s][info][gc,reloc    ] GC(4) Y: Forwarding Usage: 4M
[2026-04-03T02:25:44.692+0600][11.337s][info][gc,reloc    ] GC(4) Y: Age Table:
[2026-04-03T02:25:44.692+0600][11.337s][info][gc,reloc    ] GC(4) Y:                    Live             Garbage             Small              Medium             Large        
[2026-04-03T02:25:44.692+0600][11.337s][info][gc,reloc    ] GC(4) Y: Eden              12M (1%)          233M (19%)        107 / 101            1 / 0              0 / 0        
[2026-04-03T02:25:44.692+0600][11.337s][info][gc,reloc    ] GC(4) Y: Survivor 1         4M (0%)            3M (0%)           4 / 1              0 / 0              0 / 0        
[2026-04-03T02:25:44.692+0600][11.337s][info][gc,reloc    ] GC(4) Y: Survivor 2        14M (1%)           29M (2%)           6 / 1              1 / 1              0 / 0        
[2026-04-03T02:25:44.692+0600][11.337s][info][gc,reloc    ] GC(4) Y: Survivor 3         1M (0%)            2M (0%)           2 / 1              0 / 0              0 / 0        
[2026-04-03T02:25:44.692+0600][11.337s][info][gc,heap     ] GC(4) Y: Min Capacity: 8M(1%)
[2026-04-03T02:25:44.692+0600][11.337s][info][gc,heap     ] GC(4) Y: Max Capacity: 1250M(100%)
[2026-04-03T02:25:44.692+0600][11.337s][info][gc,heap     ] GC(4) Y: Soft Max Capacity: 1250M(100%)
[2026-04-03T02:25:44.692+0600][11.337s][info][gc,heap     ] GC(4) Y: Heap Statistics:
[2026-04-03T02:25:44.692+0600][11.337s][info][gc,heap     ] GC(4) Y:                Mark Start          Mark End        Relocate Start      Relocate End           High               Low         
[2026-04-03T02:25:44.692+0600][11.337s][info][gc,heap     ] GC(4) Y:  Capacity:      328M (26%)         328M (26%)         328M (26%)         366M (29%)         366M (29%)         328M (26%)    
[2026-04-03T02:25:44.692+0600][11.337s][info][gc,heap     ] GC(4) Y:      Free:      938M (75%)         922M (74%)         922M (74%)        1112M (89%)        1112M (89%)         884M (71%)    
[2026-04-03T02:25:44.692+0600][11.337s][info][gc,heap     ] GC(4) Y:      Used:      312M (25%)         328M (26%)         328M (26%)         138M (11%)         366M (29%)         138M (11%)    
[2026-04-03T02:25:44.692+0600][11.337s][info][gc,heap     ] GC(4) Y: Young Generation Statistics:
[2026-04-03T02:25:44.692+0600][11.337s][info][gc,heap     ] GC(4) Y:                Mark Start          Mark End        Relocate Start      Relocate End    
[2026-04-03T02:25:44.692+0600][11.337s][info][gc,heap     ] GC(4) Y:      Used:      302M (24%)         318M (25%)         318M (25%)         128M (10%)    
[2026-04-03T02:25:44.692+0600][11.337s][info][gc,heap     ] GC(4) Y:      Live:         -                32M (3%)           32M (3%)           32M (3%)     
[2026-04-03T02:25:44.692+0600][11.337s][info][gc,heap     ] GC(4) Y:   Garbage:         -               269M (22%)         269M (22%)           1M (0%)     
[2026-04-03T02:25:44.692+0600][11.337s][info][gc,heap     ] GC(4) Y: Allocated:         -                16M (1%)           16M (1%)           93M (8%)     
[2026-04-03T02:25:44.692+0600][11.337s][info][gc,heap     ] GC(4) Y: Reclaimed:         -                  -                 0M (0%)          267M (21%)    
[2026-04-03T02:25:44.692+0600][11.337s][info][gc,heap     ] GC(4) Y:  Promoted:         -                  -                 0M (0%)            0M (0%)     
[2026-04-03T02:25:44.692+0600][11.337s][info][gc,heap     ] GC(4) Y: Compacted:         -                  -                  -                20M (2%)     
[2026-04-03T02:25:44.692+0600][11.337s][info][gc,phases   ] GC(4) Y: Young Generation 312M(25%)->138M(11%) 0.128s
[2026-04-03T02:25:44.692+0600][11.337s][info][gc,phases   ] GC(4) O: Old Generation
[2026-04-03T02:25:44.704+0600][11.349s][info][gc,phases   ] GC(4) O: Concurrent Mark 11.649ms
[2026-04-03T02:25:44.704+0600][11.349s][info][gc,phases   ] GC(4) O: Pause Mark End 0.023ms
[2026-04-03T02:25:44.704+0600][11.349s][info][gc,phases   ] GC(4) O: Concurrent Mark Free 0.002ms
[2026-04-03T02:25:44.716+0600][11.361s][info][gc,phases   ] GC(4) O: Concurrent Process Non-Strong 11.417ms
[2026-04-03T02:25:44.716+0600][11.361s][info][gc,phases   ] GC(4) O: Concurrent Reset Relocation Set 0.001ms
[2026-04-03T02:25:44.718+0600][11.362s][info][gc,phases   ] GC(4) O: Concurrent Select Relocation Set 1.608ms
[2026-04-03T02:25:44.718+0600][11.362s][info][gc,task     ] GC(4) O: Using 2 Workers for Old Generation
[2026-04-03T02:25:44.740+0600][11.384s][info][gc,task     ] GC(4) O: Using 1 Workers for Old Generation
[2026-04-03T02:25:44.740+0600][11.384s][info][gc,phases   ] GC(4) O: Concurrent Remap Roots 21.995ms
[2026-04-03T02:25:44.740+0600][11.385s][info][gc,phases   ] GC(4) O: Pause Relocate Start 0.032ms
[2026-04-03T02:25:44.743+0600][11.388s][info][gc,phases   ] GC(4) O: Concurrent Relocate 3.309ms
[2026-04-03T02:25:44.743+0600][11.388s][info][gc,alloc    ] GC(4) O:                         Mark Start        Mark End      Relocate Start    Relocate End   
[2026-04-03T02:25:44.743+0600][11.388s][info][gc,alloc    ] GC(4) O: Allocation Stalls:          0                0                0                0         
[2026-04-03T02:25:44.743+0600][11.388s][info][gc,load     ] GC(4) O: Load: 4.63 (39%) / 5.81 (48%) / 5.83 (49%)
[2026-04-03T02:25:44.743+0600][11.388s][info][gc,mmu      ] GC(4) O: MMU: 2ms/95.8%, 5ms/98.3%, 10ms/99.2%, 20ms/99.5%, 50ms/99.7%, 100ms/99.9%
[2026-04-03T02:25:44.743+0600][11.388s][info][gc,marking  ] GC(4) O: Mark: 1 stripe(s), 2 proactive flush(es), 1 terminate flush(es), 0 completion(s), 0 continuation(s) 
[2026-04-03T02:25:44.743+0600][11.388s][info][gc,marking  ] GC(4) O: Mark Stack Usage: 32M
[2026-04-03T02:25:44.743+0600][11.388s][info][gc,nmethod  ] GC(4) O: NMethods: 3916 registered, 198 unregistered
[2026-04-03T02:25:44.743+0600][11.388s][info][gc,metaspace] GC(4) O: Metaspace: 61M used, 62M committed, 1088M reserved
[2026-04-03T02:25:44.743+0600][11.388s][info][gc,ref      ] GC(4) O:                       Encountered   Discovered     Enqueued 
[2026-04-03T02:25:44.743+0600][11.388s][info][gc,ref      ] GC(4) O: Soft References:             4029            0            0 
[2026-04-03T02:25:44.743+0600][11.388s][info][gc,ref      ] GC(4) O: Weak References:            10068          244           94 
[2026-04-03T02:25:44.743+0600][11.388s][info][gc,ref      ] GC(4) O: Final References:              82            0            0 
[2026-04-03T02:25:44.743+0600][11.388s][info][gc,ref      ] GC(4) O: Phantom References:           588           11            0 
[2026-04-03T02:25:44.743+0600][11.388s][info][gc,reloc    ] GC(4) O:                        Candidates     Selected     In-Place         Size        Empty    Relocated 
[2026-04-03T02:25:44.743+0600][11.388s][info][gc,reloc    ] GC(4) O: Small Pages:                    5            2            0          10M           2M           1M 
[2026-04-03T02:25:44.743+0600][11.388s][info][gc,reloc    ] GC(4) O: Medium Pages:                   0            0            0           0M           0M           0M 
[2026-04-03T02:25:44.744+0600][11.388s][info][gc,reloc    ] GC(4) O: Large Pages:                    0            0            0           0M           0M           0M 
[2026-04-03T02:25:44.744+0600][11.388s][info][gc,reloc    ] GC(4) O: Forwarding Usage: 0M
[2026-04-03T02:25:44.744+0600][11.388s][info][gc,heap     ] GC(4) O: Min Capacity: 8M(1%)
[2026-04-03T02:25:44.744+0600][11.388s][info][gc,heap     ] GC(4) O: Max Capacity: 1250M(100%)
[2026-04-03T02:25:44.744+0600][11.388s][info][gc,heap     ] GC(4) O: Soft Max Capacity: 1250M(100%)
[2026-04-03T02:25:44.744+0600][11.388s][info][gc,heap     ] GC(4) O: Heap Statistics:
[2026-04-03T02:25:44.744+0600][11.388s][info][gc,heap     ] GC(4) O:                Mark Start          Mark End        Relocate Start      Relocate End           High               Low         
[2026-04-03T02:25:44.744+0600][11.388s][info][gc,heap     ] GC(4) O:  Capacity:      328M (26%)         366M (29%)         366M (29%)         366M (29%)         366M (29%)         328M (26%)    
[2026-04-03T02:25:44.744+0600][11.388s][info][gc,heap     ] GC(4) O:      Free:      938M (75%)        1104M (88%)        1084M (87%)        1084M (87%)        1112M (89%)         884M (71%)    
[2026-04-03T02:25:44.744+0600][11.388s][info][gc,heap     ] GC(4) O:      Used:      312M (25%)         146M (12%)         166M (13%)         166M (13%)         366M (29%)         138M (11%)    
[2026-04-03T02:25:44.744+0600][11.388s][info][gc,heap     ] GC(4) O: Old Generation Statistics:
[2026-04-03T02:25:44.744+0600][11.388s][info][gc,heap     ] GC(4) O:                Mark Start          Mark End        Relocate Start      Relocate End    
[2026-04-03T02:25:44.744+0600][11.388s][info][gc,heap     ] GC(4) O:      Used:       10M (1%)           10M (1%)            8M (1%)            8M (1%)     
[2026-04-03T02:25:44.744+0600][11.388s][info][gc,heap     ] GC(4) O:      Live:         -                 3M (0%)            3M (0%)            3M (0%)     
[2026-04-03T02:25:44.744+0600][11.388s][info][gc,heap     ] GC(4) O:   Garbage:         -                 6M (1%)            4M (0%)            0M (0%)     
[2026-04-03T02:25:44.744+0600][11.388s][info][gc,heap     ] GC(4) O: Allocated:         -                 0M (0%)            0M (0%)            4M (0%)     
[2026-04-03T02:25:44.744+0600][11.388s][info][gc,heap     ] GC(4) O: Reclaimed:         -                  -                 2M (0%)            6M (1%)     
[2026-04-03T02:25:44.744+0600][11.388s][info][gc,heap     ] GC(4) O: Compacted:         -                  -                  -                 1M (0%)     
[2026-04-03T02:25:44.744+0600][11.388s][info][gc,phases   ] GC(4) O: Old Generation 140M(11%)->166M(13%) 0.051s
[2026-04-03T02:25:44.744+0600][11.388s][info][gc          ] GC(4) Major Collection (Metadata GC Threshold) 312M(25%)->166M(13%) 0.180s
[2026-04-03T02:25:46.000+0600][12.645s][info][gc          ] GC(5) Major Collection (Warmup)
[2026-04-03T02:25:46.000+0600][12.645s][info][gc,task     ] GC(5) Using 3 Workers for Young Generation
[2026-04-03T02:25:46.000+0600][12.645s][info][gc,task     ] GC(5) Using 1 Workers for Old Generation
[2026-04-03T02:25:46.000+0600][12.645s][info][gc,phases   ] GC(5) Y: Young Generation
[2026-04-03T02:25:46.000+0600][12.645s][info][gc,phases   ] GC(5) Y: Pause Mark Start (Major) 0.019ms
[2026-04-03T02:25:46.053+0600][12.698s][info][gc,phases   ] GC(5) Y: Concurrent Mark 52.985ms
[2026-04-03T02:25:46.053+0600][12.698s][info][gc,phases   ] GC(5) Y: Pause Mark End 0.025ms
[2026-04-03T02:25:46.054+0600][12.698s][info][gc,phases   ] GC(5) Y: Concurrent Mark Free 0.001ms
[2026-04-03T02:25:46.054+0600][12.698s][info][gc,phases   ] GC(5) Y: Concurrent Reset Relocation Set 0.030ms
[2026-04-03T02:25:46.056+0600][12.700s][info][gc,reloc    ] GC(5) Y: Using tenuring threshold: 4 (Computed)
[2026-04-03T02:25:46.058+0600][12.702s][info][gc,phases   ] GC(5) Y: Concurrent Select Relocation Set 4.078ms
[2026-04-03T02:25:46.058+0600][12.703s][info][gc,phases   ] GC(5) Y: Pause Relocate Start 0.017ms
[2026-04-03T02:25:46.078+0600][12.722s][info][gc,phases   ] GC(5) Y: Concurrent Relocate 19.569ms
[2026-04-03T02:25:46.078+0600][12.722s][info][gc,alloc    ] GC(5) Y:                         Mark Start        Mark End      Relocate Start    Relocate End   
[2026-04-03T02:25:46.078+0600][12.722s][info][gc,alloc    ] GC(5) Y: Allocation Stalls:          0                0                0                0         
[2026-04-03T02:25:46.078+0600][12.722s][info][gc,load     ] GC(5) Y: Load: 4.42 (37%) / 5.75 (48%) / 5.81 (48%)
[2026-04-03T02:25:46.078+0600][12.722s][info][gc,mmu      ] GC(5) Y: MMU: 2ms/95.8%, 5ms/98.3%, 10ms/99.2%, 20ms/99.5%, 50ms/99.7%, 100ms/99.9%
[2026-04-03T02:25:46.078+0600][12.722s][info][gc,marking  ] GC(5) Y: Mark: 2 stripe(s), 6 proactive flush(es), 1 terminate flush(es), 0 completion(s), 0 continuation(s) 
[2026-04-03T02:25:46.078+0600][12.722s][info][gc,marking  ] GC(5) Y: Mark Stack Usage: 32M
[2026-04-03T02:25:46.078+0600][12.722s][info][gc,nmethod  ] GC(5) Y: NMethods: 4531 registered, 198 unregistered
[2026-04-03T02:25:46.078+0600][12.722s][info][gc,metaspace] GC(5) Y: Metaspace: 80M used, 81M committed, 1152M reserved
[2026-04-03T02:25:46.078+0600][12.722s][info][gc,reloc    ] GC(5) Y:                        Candidates     Selected     In-Place         Size        Empty    Relocated 
[2026-04-03T02:25:46.078+0600][12.722s][info][gc,reloc    ] GC(5) Y: Small Pages:                  136          117            0         272M           0M           8M 
[2026-04-03T02:25:46.078+0600][12.722s][info][gc,reloc    ] GC(5) Y: Medium Pages:                   3            1            0          96M          32M           5M 
[2026-04-03T02:25:46.078+0600][12.722s][info][gc,reloc    ] GC(5) Y: Large Pages:                    0            0            0           0M           0M           0M 
[2026-04-03T02:25:46.078+0600][12.722s][info][gc,reloc    ] GC(5) Y: Forwarding Usage: 3M
[2026-04-03T02:25:46.078+0600][12.722s][info][gc,reloc    ] GC(5) Y: Age Table:
[2026-04-03T02:25:46.078+0600][12.722s][info][gc,reloc    ] GC(5) Y:                    Live             Garbage             Small              Medium             Large        
[2026-04-03T02:25:46.078+0600][12.722s][info][gc,reloc    ] GC(5) Y: Eden               7M (1%)          256M (20%)        116 / 111            1 / 0              0 / 0        
[2026-04-03T02:25:46.078+0600][12.722s][info][gc,reloc    ] GC(5) Y: Survivor 1        11M (1%)           34M (3%)           7 / 1              1 / 0              0 / 0        
[2026-04-03T02:25:46.078+0600][12.722s][info][gc,reloc    ] GC(5) Y: Survivor 2         4M (0%)            3M (0%)           4 / 1              0 / 0              0 / 0        
[2026-04-03T02:25:46.078+0600][12.722s][info][gc,reloc    ] GC(5) Y: Survivor 3        14M (1%)           29M (2%)           6 / 1              1 / 1              0 / 0        
[2026-04-03T02:25:46.078+0600][12.722s][info][gc,reloc    ] GC(5) Y: Survivor 4         1M (0%)            4M (0%)           3 / 3              0 / 0              0 / 0        
[2026-04-03T02:25:46.078+0600][12.722s][info][gc,heap     ] GC(5) Y: Min Capacity: 8M(1%)
[2026-04-03T02:25:46.078+0600][12.722s][info][gc,heap     ] GC(5) Y: Max Capacity: 1250M(100%)
[2026-04-03T02:25:46.078+0600][12.722s][info][gc,heap     ] GC(5) Y: Soft Max Capacity: 1250M(100%)
[2026-04-03T02:25:46.078+0600][12.722s][info][gc,heap     ] GC(5) Y: Heap Statistics:
[2026-04-03T02:25:46.078+0600][12.723s][info][gc,heap     ] GC(5) Y:                Mark Start          Mark End        Relocate Start      Relocate End           High               Low         
[2026-04-03T02:25:46.078+0600][12.723s][info][gc,heap     ] GC(5) Y:  Capacity:      398M (32%)         398M (32%)         398M (32%)         430M (34%)         430M (34%)         398M (32%)    
[2026-04-03T02:25:46.078+0600][12.723s][info][gc,heap     ] GC(5) Y:      Free:      874M (70%)         858M (69%)         890M (71%)        1104M (88%)        1104M (88%)         820M (66%)    
[2026-04-03T02:25:46.078+0600][12.723s][info][gc,heap     ] GC(5) Y:      Used:      376M (30%)         392M (31%)         360M (29%)         146M (12%)         430M (34%)         146M (12%)    
[2026-04-03T02:25:46.078+0600][12.723s][info][gc,heap     ] GC(5) Y: Young Generation Statistics:
[2026-04-03T02:25:46.078+0600][12.723s][info][gc,heap     ] GC(5) Y:                Mark Start          Mark End        Relocate Start      Relocate End    
[2026-04-03T02:25:46.078+0600][12.723s][info][gc,heap     ] GC(5) Y:      Used:      368M (29%)         384M (31%)         352M (28%)         132M (11%)    
[2026-04-03T02:25:46.078+0600][12.723s][info][gc,heap     ] GC(5) Y:      Live:         -                40M (3%)           40M (3%)           39M (3%)     
[2026-04-03T02:25:46.078+0600][12.723s][info][gc,heap     ] GC(5) Y:   Garbage:         -               327M (26%)         295M (24%)           2M (0%)     
[2026-04-03T02:25:46.078+0600][12.723s][info][gc,heap     ] GC(5) Y: Allocated:         -                16M (1%)           16M (1%)           90M (7%)     
[2026-04-03T02:25:46.078+0600][12.723s][info][gc,heap     ] GC(5) Y: Reclaimed:         -                  -                32M (3%)          325M (26%)    
[2026-04-03T02:25:46.078+0600][12.723s][info][gc,heap     ] GC(5) Y:  Promoted:         -                  -                 0M (0%)            1M (0%)     
[2026-04-03T02:25:46.078+0600][12.723s][info][gc,heap     ] GC(5) Y: Compacted:         -                  -                  -                15M (1%)     
[2026-04-03T02:25:46.078+0600][12.723s][info][gc,phases   ] GC(5) Y: Young Generation 376M(30%)->146M(12%) 0.078s
[2026-04-03T02:25:46.078+0600][12.723s][info][gc,phases   ] GC(5) O: Old Generation
[2026-04-03T02:25:46.092+0600][12.737s][info][gc,phases   ] GC(5) O: Concurrent Mark 14.573ms
[2026-04-03T02:25:46.093+0600][12.737s][info][gc,phases   ] GC(5) O: Pause Mark End 0.039ms
[2026-04-03T02:25:46.093+0600][12.738s][info][gc,phases   ] GC(5) O: Concurrent Mark Free 0.002ms
[2026-04-03T02:25:46.106+0600][12.751s][info][gc,phases   ] GC(5) O: Concurrent Process Non-Strong 13.563ms
[2026-04-03T02:25:46.106+0600][12.751s][info][gc,phases   ] GC(5) O: Concurrent Reset Relocation Set 0.002ms
[2026-04-03T02:25:46.110+0600][12.755s][info][gc,phases   ] GC(5) O: Concurrent Select Relocation Set 3.627ms
[2026-04-03T02:25:46.110+0600][12.755s][info][gc,task     ] GC(5) O: Using 3 Workers for Old Generation
[2026-04-03T02:25:46.132+0600][12.777s][info][gc,task     ] GC(5) O: Using 1 Workers for Old Generation
[2026-04-03T02:25:46.132+0600][12.777s][info][gc,phases   ] GC(5) O: Concurrent Remap Roots 21.737ms
[2026-04-03T02:25:46.132+0600][12.777s][info][gc,phases   ] GC(5) O: Pause Relocate Start 0.025ms
[2026-04-03T02:25:46.136+0600][12.781s][info][gc,phases   ] GC(5) O: Concurrent Relocate 4.276ms
[2026-04-03T02:25:46.137+0600][12.781s][info][gc,alloc    ] GC(5) O:                         Mark Start        Mark End      Relocate Start    Relocate End   
[2026-04-03T02:25:46.137+0600][12.781s][info][gc,alloc    ] GC(5) O: Allocation Stalls:          0                0                0                0         
[2026-04-03T02:25:46.137+0600][12.781s][info][gc,load     ] GC(5) O: Load: 4.42 (37%) / 5.75 (48%) / 5.81 (48%)
[2026-04-03T02:25:46.137+0600][12.781s][info][gc,mmu      ] GC(5) O: MMU: 2ms/95.8%, 5ms/98.3%, 10ms/99.2%, 20ms/99.5%, 50ms/99.7%, 100ms/99.9%
[2026-04-03T02:25:46.137+0600][12.781s][info][gc,marking  ] GC(5) O: Mark: 1 stripe(s), 2 proactive flush(es), 1 terminate flush(es), 0 completion(s), 0 continuation(s) 
[2026-04-03T02:25:46.137+0600][12.781s][info][gc,marking  ] GC(5) O: Mark Stack Usage: 32M
[2026-04-03T02:25:46.137+0600][12.781s][info][gc,nmethod  ] GC(5) O: NMethods: 4448 registered, 362 unregistered
[2026-04-03T02:25:46.137+0600][12.781s][info][gc,metaspace] GC(5) O: Metaspace: 81M used, 81M committed, 1152M reserved
[2026-04-03T02:25:46.137+0600][12.781s][info][gc,ref      ] GC(5) O:                       Encountered   Discovered     Enqueued 
[2026-04-03T02:25:46.137+0600][12.781s][info][gc,ref      ] GC(5) O: Soft References:             4476            0            0 
[2026-04-03T02:25:46.137+0600][12.781s][info][gc,ref      ] GC(5) O: Weak References:            13169          141            0 
[2026-04-03T02:25:46.137+0600][12.781s][info][gc,ref      ] GC(5) O: Final References:              84            0            0 
[2026-04-03T02:25:46.137+0600][12.781s][info][gc,ref      ] GC(5) O: Phantom References:           588           17            0 
[2026-04-03T02:25:46.137+0600][12.781s][info][gc,reloc    ] GC(5) O:                        Candidates     Selected     In-Place         Size        Empty    Relocated 
[2026-04-03T02:25:46.137+0600][12.781s][info][gc,reloc    ] GC(5) O: Small Pages:                    4            2            0           8M           0M           1M 
[2026-04-03T02:25:46.137+0600][12.781s][info][gc,reloc    ] GC(5) O: Medium Pages:                   0            0            0           0M           0M           0M 
[2026-04-03T02:25:46.137+0600][12.781s][info][gc,reloc    ] GC(5) O: Large Pages:                    0            0            0           0M           0M           0M 
[2026-04-03T02:25:46.137+0600][12.781s][info][gc,reloc    ] GC(5) O: Forwarding Usage: 0M
[2026-04-03T02:25:46.137+0600][12.781s][info][gc,heap     ] GC(5) O: Min Capacity: 8M(1%)
[2026-04-03T02:25:46.137+0600][12.781s][info][gc,heap     ] GC(5) O: Max Capacity: 1250M(100%)
[2026-04-03T02:25:46.137+0600][12.782s][info][gc,heap     ] GC(5) O: Soft Max Capacity: 1250M(100%)
[2026-04-03T02:25:46.137+0600][12.782s][info][gc,heap     ] GC(5) O: Heap Statistics:
[2026-04-03T02:25:46.137+0600][12.782s][info][gc,heap     ] GC(5) O:                Mark Start          Mark End        Relocate Start      Relocate End           High               Low         
[2026-04-03T02:25:46.137+0600][12.782s][info][gc,heap     ] GC(5) O:  Capacity:      398M (32%)         430M (34%)         430M (34%)         430M (34%)         430M (34%)         398M (32%)    
[2026-04-03T02:25:46.137+0600][12.782s][info][gc,heap     ] GC(5) O:      Free:      874M (70%)        1104M (88%)        1100M (88%)        1104M (88%)        1104M (88%)         820M (66%)    
[2026-04-03T02:25:46.137+0600][12.782s][info][gc,heap     ] GC(5) O:      Used:      376M (30%)         146M (12%)         150M (12%)         146M (12%)         430M (34%)         146M (12%)    
[2026-04-03T02:25:46.137+0600][12.782s][info][gc,heap     ] GC(5) O: Old Generation Statistics:
[2026-04-03T02:25:46.137+0600][12.782s][info][gc,heap     ] GC(5) O:                Mark Start          Mark End        Relocate Start      Relocate End    
[2026-04-03T02:25:46.137+0600][12.782s][info][gc,heap     ] GC(5) O:      Used:        8M (1%)           14M (1%)           14M (1%)           10M (1%)     
[2026-04-03T02:25:46.137+0600][12.782s][info][gc,heap     ] GC(5) O:      Live:         -                 3M (0%)            3M (0%)            3M (0%)     
[2026-04-03T02:25:46.137+0600][12.782s][info][gc,heap     ] GC(5) O:   Garbage:         -                 4M (0%)            4M (0%)            0M (0%)     
[2026-04-03T02:25:46.137+0600][12.782s][info][gc,heap     ] GC(5) O: Allocated:         -                 6M (0%)            6M (0%)            6M (1%)     
[2026-04-03T02:25:46.137+0600][12.782s][info][gc,heap     ] GC(5) O: Reclaimed:         -                  -                 0M (0%)            4M (0%)     
[2026-04-03T02:25:46.137+0600][12.782s][info][gc,heap     ] GC(5) O: Compacted:         -                  -                  -                 1M (0%)     
[2026-04-03T02:25:46.137+0600][12.782s][info][gc,phases   ] GC(5) O: Old Generation 146M(12%)->146M(12%) 0.059s
[2026-04-03T02:25:46.137+0600][12.782s][info][gc          ] GC(5) Major Collection (Warmup) 376M(30%)->146M(12%) 0.137s
[2026-04-03T02:25:52.411+0600][19.056s][info][gc          ] GC(6) Minor Collection (Allocation Rate)
[2026-04-03T02:25:52.411+0600][19.056s][info][gc,task     ] GC(6) Using 1 Workers for Young Generation
[2026-04-03T02:25:52.411+0600][19.056s][info][gc,phases   ] GC(6) y: Young Generation
[2026-04-03T02:25:52.412+0600][19.056s][info][gc,phases   ] GC(6) y: Pause Mark Start 0.019ms
[2026-04-03T02:25:52.675+0600][19.319s][info][gc,phases   ] GC(6) y: Concurrent Mark 262.988ms
[2026-04-03T02:25:52.675+0600][19.320s][info][gc,phases   ] GC(6) y: Pause Mark End 0.029ms
[2026-04-03T02:25:52.675+0600][19.320s][info][gc,phases   ] GC(6) y: Concurrent Mark Free 0.003ms
[2026-04-03T02:25:52.675+0600][19.320s][info][gc,phases   ] GC(6) y: Concurrent Reset Relocation Set 0.014ms
[2026-04-03T02:25:52.677+0600][19.322s][info][gc,reloc    ] GC(6) y: Using tenuring threshold: 3 (Computed)
[2026-04-03T02:25:52.700+0600][19.345s][info][gc,phases   ] GC(6) y: Concurrent Select Relocation Set 24.999ms
[2026-04-03T02:25:52.701+0600][19.345s][info][gc,phases   ] GC(6) y: Pause Relocate Start 0.042ms
[2026-04-03T02:25:52.788+0600][19.432s][info][gc,phases   ] GC(6) y: Concurrent Relocate 86.729ms
[2026-04-03T02:25:52.788+0600][19.432s][info][gc,alloc    ] GC(6) y:                         Mark Start        Mark End      Relocate Start    Relocate End   
[2026-04-03T02:25:52.788+0600][19.432s][info][gc,alloc    ] GC(6) y: Allocation Stalls:          0                0                0                0         
[2026-04-03T02:25:52.788+0600][19.433s][info][gc,load     ] GC(6) y: Load: 4.87 (41%) / 5.82 (48%) / 5.83 (49%)
[2026-04-03T02:25:52.788+0600][19.433s][info][gc,mmu      ] GC(6) y: MMU: 2ms/95.8%, 5ms/98.3%, 10ms/99.2%, 20ms/99.5%, 50ms/99.7%, 100ms/99.9%
[2026-04-03T02:25:52.788+0600][19.433s][info][gc,marking  ] GC(6) y: Mark: 1 stripe(s), 2 proactive flush(es), 1 terminate flush(es), 0 completion(s), 0 continuation(s) 
[2026-04-03T02:25:52.788+0600][19.433s][info][gc,marking  ] GC(6) y: Mark Stack Usage: 32M
[2026-04-03T02:25:52.788+0600][19.433s][info][gc,nmethod  ] GC(6) y: NMethods: 9256 registered, 0 unregistered
[2026-04-03T02:25:52.788+0600][19.433s][info][gc,metaspace] GC(6) y: Metaspace: 118M used, 119M committed, 1152M reserved
[2026-04-03T02:25:52.788+0600][19.433s][info][gc,reloc    ] GC(6) y:                        Candidates     Selected     In-Place         Size        Empty    Relocated 
[2026-04-03T02:25:52.788+0600][19.433s][info][gc,reloc    ] GC(6) y: Small Pages:                  378          249            0         756M         170M          22M 
[2026-04-03T02:25:52.788+0600][19.433s][info][gc,reloc    ] GC(6) y: Medium Pages:                   6            3            0         192M          64M           8M 
[2026-04-03T02:25:52.788+0600][19.433s][info][gc,reloc    ] GC(6) y: Large Pages:                   15            0            0          90M          42M           0M 
[2026-04-03T02:25:52.788+0600][19.433s][info][gc,reloc    ] GC(6) y: Forwarding Usage: 14M
[2026-04-03T02:25:52.788+0600][19.433s][info][gc,reloc    ] GC(6) y: Age Table:
[2026-04-03T02:25:52.788+0600][19.433s][info][gc,reloc    ] GC(6) y:                    Live             Garbage             Small              Medium             Large        
[2026-04-03T02:25:52.788+0600][19.433s][info][gc,reloc    ] GC(6) y: Eden              94M (8%)          831M (66%)        354 / 243            4 / 1             15 / 0        
[2026-04-03T02:25:52.788+0600][19.433s][info][gc,reloc    ] GC(6) y: Survivor 1         7M (1%)            6M (1%)           7 / 3              0 / 0              0 / 0        
[2026-04-03T02:25:52.788+0600][19.433s][info][gc,reloc    ] GC(6) y: Survivor 2        10M (1%)           35M (3%)           7 / 1              1 / 1              0 / 0        
[2026-04-03T02:25:52.788+0600][19.433s][info][gc,reloc    ] GC(6) y: Survivor 3         4M (0%)            3M (0%)           4 / 1              0 / 0              0 / 0        
[2026-04-03T02:25:52.788+0600][19.433s][info][gc,reloc    ] GC(6) y: Survivor 4        14M (1%)           29M (2%)           6 / 1              1 / 1              0 / 0        
[2026-04-03T02:25:52.788+0600][19.433s][info][gc,heap     ] GC(6) y: Min Capacity: 8M(1%)
[2026-04-03T02:25:52.788+0600][19.433s][info][gc,heap     ] GC(6) y: Max Capacity: 1250M(100%)
[2026-04-03T02:25:52.788+0600][19.433s][info][gc,heap     ] GC(6) y: Soft Max Capacity: 1250M(100%)
[2026-04-03T02:25:52.788+0600][19.433s][info][gc,heap     ] GC(6) y: Heap Statistics:
[2026-04-03T02:25:52.788+0600][19.433s][info][gc,heap     ] GC(6) y:                Mark Start          Mark End        Relocate Start      Relocate End           High               Low         
[2026-04-03T02:25:52.788+0600][19.433s][info][gc,heap     ] GC(6) y:  Capacity:     1048M (84%)        1086M (87%)        1086M (87%)        1086M (87%)        1086M (87%)        1048M (84%)    
[2026-04-03T02:25:52.788+0600][19.433s][info][gc,heap     ] GC(6) y:      Free:      202M (16%)         164M (13%)         438M (35%)         938M (75%)         942M (75%)         164M (13%)    
[2026-04-03T02:25:52.788+0600][19.433s][info][gc,heap     ] GC(6) y:      Used:     1048M (84%)        1086M (87%)         812M (65%)         312M (25%)        1086M (87%)         308M (25%)    
[2026-04-03T02:25:52.788+0600][19.433s][info][gc,heap     ] GC(6) y: Young Generation Statistics:
[2026-04-03T02:25:52.788+0600][19.433s][info][gc,heap     ] GC(6) y:                Mark Start          Mark End        Relocate Start      Relocate End    
[2026-04-03T02:25:52.788+0600][19.433s][info][gc,heap     ] GC(6) y:      Used:     1038M (83%)        1076M (86%)         786M (63%)         252M (20%)    
[2026-04-03T02:25:52.788+0600][19.433s][info][gc,heap     ] GC(6) y:      Live:         -               132M (11%)         118M (10%)         113M (9%)     
[2026-04-03T02:25:52.788+0600][19.433s][info][gc,heap     ] GC(6) y:   Garbage:         -               905M (72%)         627M (50%)           5M (0%)     
[2026-04-03T02:25:52.788+0600][19.433s][info][gc,heap     ] GC(6) y: Allocated:         -                38M (3%)           40M (3%)          133M (11%)    
[2026-04-03T02:25:52.788+0600][19.433s][info][gc,heap     ] GC(6) y: Reclaimed:         -                  -               278M (22%)         900M (72%)    
[2026-04-03T02:25:52.788+0600][19.433s][info][gc,heap     ] GC(6) y:  Promoted:         -                  -                13M (1%)           19M (2%)     
[2026-04-03T02:25:52.788+0600][19.433s][info][gc,heap     ] GC(6) y: Compacted:         -                  -                  -                34M (3%)     
[2026-04-03T02:25:52.788+0600][19.433s][info][gc,phases   ] GC(6) y: Young Generation 1048M(84%)->312M(25%) 0.376s
[2026-04-03T02:25:52.788+0600][19.433s][info][gc          ] GC(6) Minor Collection (Allocation Rate) 1048M(84%)->312M(25%) 0.377s
[2026-04-03T02:25:53.697+0600][20.342s][info][gc          ] GC(7) Major Collection (System.gc())
[2026-04-03T02:25:53.697+0600][20.342s][info][gc,task     ] GC(7) Using 3 Workers for Young Generation
[2026-04-03T02:25:53.697+0600][20.342s][info][gc,task     ] GC(7) Using 3 Workers for Old Generation
[2026-04-03T02:25:53.697+0600][20.342s][info][gc,phases   ] GC(7) Y: Young Generation (Promote All)
[2026-04-03T02:25:53.697+0600][20.342s][info][gc,phases   ] GC(7) Y: Pause Mark Start 0.016ms
[2026-04-03T02:25:53.796+0600][20.440s][info][gc,phases   ] GC(7) Y: Concurrent Mark 98.390ms
[2026-04-03T02:25:53.796+0600][20.441s][info][gc,phases   ] GC(7) Y: Pause Mark End 0.019ms
[2026-04-03T02:25:53.796+0600][20.441s][info][gc,phases   ] GC(7) Y: Concurrent Mark Free 0.001ms
[2026-04-03T02:25:53.796+0600][20.441s][info][gc,phases   ] GC(7) Y: Concurrent Reset Relocation Set 0.039ms
[2026-04-03T02:25:53.798+0600][20.442s][info][gc,reloc    ] GC(7) Y: Using tenuring threshold: 0 (Promote All)
[2026-04-03T02:25:53.819+0600][20.464s][info][gc,phases   ] GC(7) Y: Concurrent Select Relocation Set 23.192ms
[2026-04-03T02:25:53.820+0600][20.464s][info][gc,phases   ] GC(7) Y: Pause Relocate Start 0.018ms
[2026-04-03T02:25:53.861+0600][20.506s][info][gc,phases   ] GC(7) Y: Concurrent Relocate 41.238ms
[2026-04-03T02:25:53.861+0600][20.506s][info][gc,alloc    ] GC(7) Y:                         Mark Start        Mark End      Relocate Start    Relocate End   
[2026-04-03T02:25:53.861+0600][20.506s][info][gc,alloc    ] GC(7) Y: Allocation Stalls:          0                0                0                0         
[2026-04-03T02:25:53.861+0600][20.506s][info][gc,load     ] GC(7) Y: Load: 4.87 (41%) / 5.82 (48%) / 5.83 (49%)
[2026-04-03T02:25:53.861+0600][20.506s][info][gc,mmu      ] GC(7) Y: MMU: 2ms/95.8%, 5ms/98.3%, 10ms/99.2%, 20ms/99.5%, 50ms/99.7%, 100ms/99.9%
[2026-04-03T02:25:53.861+0600][20.506s][info][gc,marking  ] GC(7) Y: Mark: 2 stripe(s), 10 proactive flush(es), 1 terminate flush(es), 0 completion(s), 0 continuation(s) 
[2026-04-03T02:25:53.861+0600][20.506s][info][gc,marking  ] GC(7) Y: Mark Stack Usage: 32M
[2026-04-03T02:25:53.861+0600][20.506s][info][gc,nmethod  ] GC(7) Y: NMethods: 10225 registered, 0 unregistered
[2026-04-03T02:25:53.861+0600][20.506s][info][gc,metaspace] GC(7) Y: Metaspace: 119M used, 121M committed, 1152M reserved
[2026-04-03T02:25:53.861+0600][20.506s][info][gc,reloc    ] GC(7) Y:                        Candidates     Selected     In-Place         Size        Empty    Relocated 
[2026-04-03T02:25:53.861+0600][20.506s][info][gc,reloc    ] GC(7) Y: Small Pages:                  247          158            0         494M         104M           6M 
[2026-04-03T02:25:53.861+0600][20.506s][info][gc,reloc    ] GC(7) Y: Medium Pages:                   3            1            0          96M          32M           1M 
[2026-04-03T02:25:53.861+0600][20.506s][info][gc,reloc    ] GC(7) Y: Large Pages:                   15            0            0          90M          42M           0M 
[2026-04-03T02:25:53.861+0600][20.506s][info][gc,reloc    ] GC(7) Y: Forwarding Usage: 3M
[2026-04-03T02:25:53.861+0600][20.506s][info][gc,reloc    ] GC(7) Y: Age Table:
[2026-04-03T02:25:53.861+0600][20.506s][info][gc,reloc    ] GC(7) Y:                    Live             Garbage             Small              Medium             Large        
[2026-04-03T02:25:53.861+0600][20.506s][info][gc,reloc    ] GC(7) Y: Eden               5M (0%)          478M (38%)        205 / 149            1 / 0              7 / 0        
[2026-04-03T02:25:53.861+0600][20.506s][info][gc,reloc    ] GC(7) Y: Survivor 1        94M (8%)           45M (4%)          30 / 6              1 / 1              8 / 0        
[2026-04-03T02:25:53.861+0600][20.506s][info][gc,reloc    ] GC(7) Y: Survivor 2         7M (1%)            2M (0%)           5 / 1              0 / 0              0 / 0        
[2026-04-03T02:25:53.861+0600][20.506s][info][gc,reloc    ] GC(7) Y: Survivor 3        10M (1%)           35M (3%)           7 / 2              1 / 0              0 / 0        
[2026-04-03T02:25:53.861+0600][20.506s][info][gc,heap     ] GC(7) Y: Min Capacity: 8M(1%)
[2026-04-03T02:25:53.861+0600][20.506s][info][gc,heap     ] GC(7) Y: Max Capacity: 1250M(100%)
[2026-04-03T02:25:53.861+0600][20.506s][info][gc,heap     ] GC(7) Y: Soft Max Capacity: 1250M(100%)
[2026-04-03T02:25:53.861+0600][20.506s][info][gc,heap     ] GC(7) Y: Heap Statistics:
[2026-04-03T02:25:53.861+0600][20.506s][info][gc,heap     ] GC(7) Y:                Mark Start          Mark End        Relocate Start      Relocate End           High               Low         
[2026-04-03T02:25:53.861+0600][20.506s][info][gc,heap     ] GC(7) Y:  Capacity:     1086M (87%)        1086M (87%)        1086M (87%)        1086M (87%)        1086M (87%)        1086M (87%)    
[2026-04-03T02:25:53.861+0600][20.506s][info][gc,heap     ] GC(7) Y:      Free:      510M (41%)         508M (41%)         686M (55%)        1032M (83%)        1032M (83%)         508M (41%)    
[2026-04-03T02:25:53.861+0600][20.506s][info][gc,heap     ] GC(7) Y:      Used:      740M (59%)         742M (59%)         564M (45%)         218M (17%)         742M (59%)         218M (17%)    
[2026-04-03T02:25:53.861+0600][20.506s][info][gc,heap     ] GC(7) Y: Young Generation Statistics:
[2026-04-03T02:25:53.861+0600][20.506s][info][gc,heap     ] GC(7) Y:                Mark Start          Mark End        Relocate Start      Relocate End    
[2026-04-03T02:25:53.861+0600][20.506s][info][gc,heap     ] GC(7) Y:      Used:      680M (54%)         682M (55%)         390M (31%)           2M (0%)     
[2026-04-03T02:25:53.861+0600][20.506s][info][gc,heap     ] GC(7) Y:      Live:         -               118M (9%)            9M (1%)            0M (0%)     
[2026-04-03T02:25:53.861+0600][20.506s][info][gc,heap     ] GC(7) Y:   Garbage:         -               561M (45%)         378M (30%)           0M (0%)     
[2026-04-03T02:25:53.861+0600][20.506s][info][gc,heap     ] GC(7) Y: Allocated:         -                 2M (0%)            2M (0%)            2M (0%)     
[2026-04-03T02:25:53.861+0600][20.506s][info][gc,heap     ] GC(7) Y: Reclaimed:         -                  -               183M (15%)         561M (45%)    
[2026-04-03T02:25:53.861+0600][20.506s][info][gc,heap     ] GC(7) Y:  Promoted:         -                  -               108M (9%)          118M (9%)     
[2026-04-03T02:25:53.861+0600][20.506s][info][gc,heap     ] GC(7) Y: Compacted:         -                  -                  -                 0M (0%)     
[2026-04-03T02:25:53.861+0600][20.506s][info][gc,phases   ] GC(7) Y: Young Generation (Promote All) 740M(59%)->218M(17%) 0.164s
[2026-04-03T02:25:53.861+0600][20.506s][info][gc,phases   ] GC(7) Y: Young Generation (Collect Roots)
[2026-04-03T02:25:53.861+0600][20.506s][info][gc,phases   ] GC(7) Y: Pause Mark Start (Major) 0.022ms
[2026-04-03T02:25:53.873+0600][20.518s][info][gc,phases   ] GC(7) Y: Concurrent Mark 11.355ms
[2026-04-03T02:25:53.873+0600][20.518s][info][gc,phases   ] GC(7) Y: Pause Mark End 0.018ms
[2026-04-03T02:25:53.873+0600][20.518s][info][gc,phases   ] GC(7) Y: Concurrent Mark Free 0.001ms
[2026-04-03T02:25:53.873+0600][20.518s][info][gc,phases   ] GC(7) Y: Concurrent Reset Relocation Set 0.050ms
[2026-04-03T02:25:53.875+0600][20.519s][info][gc,reloc    ] GC(7) Y: Using tenuring threshold: 1 (Computed)
[2026-04-03T02:25:53.875+0600][20.520s][info][gc,phases   ] GC(7) Y: Concurrent Select Relocation Set 2.101ms
[2026-04-03T02:25:53.876+0600][20.520s][info][gc,phases   ] GC(7) Y: Pause Relocate Start 0.012ms
[2026-04-03T02:25:53.876+0600][20.520s][info][gc,phases   ] GC(7) Y: Concurrent Relocate 0.116ms
[2026-04-03T02:25:53.876+0600][20.520s][info][gc,alloc    ] GC(7) Y:                         Mark Start        Mark End      Relocate Start    Relocate End   
[2026-04-03T02:25:53.876+0600][20.520s][info][gc,alloc    ] GC(7) Y: Allocation Stalls:          0                0                0                0         
[2026-04-03T02:25:53.876+0600][20.520s][info][gc,load     ] GC(7) Y: Load: 4.87 (41%) / 5.82 (48%) / 5.83 (49%)
[2026-04-03T02:25:53.876+0600][20.520s][info][gc,mmu      ] GC(7) Y: MMU: 2ms/95.8%, 5ms/98.3%, 10ms/99.2%, 20ms/99.5%, 50ms/99.7%, 100ms/99.9%
[2026-04-03T02:25:53.876+0600][20.520s][info][gc,marking  ] GC(7) Y: Mark: 2 stripe(s), 1 proactive flush(es), 1 terminate flush(es), 0 completion(s), 0 continuation(s) 
[2026-04-03T02:25:53.876+0600][20.520s][info][gc,marking  ] GC(7) Y: Mark Stack Usage: 32M
[2026-04-03T02:25:53.876+0600][20.520s][info][gc,nmethod  ] GC(7) Y: NMethods: 10225 registered, 0 unregistered
[2026-04-03T02:25:53.876+0600][20.520s][info][gc,metaspace] GC(7) Y: Metaspace: 119M used, 121M committed, 1152M reserved
[2026-04-03T02:25:53.876+0600][20.520s][info][gc,reloc    ] GC(7) Y:                        Candidates     Selected     In-Place         Size        Empty    Relocated 
[2026-04-03T02:25:53.876+0600][20.521s][info][gc,reloc    ] GC(7) Y: Small Pages:                    1            0            0           2M           0M           0M 
[2026-04-03T02:25:53.876+0600][20.521s][info][gc,reloc    ] GC(7) Y: Medium Pages:                   0            0            0           0M           0M           0M 
[2026-04-03T02:25:53.876+0600][20.521s][info][gc,reloc    ] GC(7) Y: Large Pages:                    0            0            0           0M           0M           0M 
[2026-04-03T02:25:53.876+0600][20.521s][info][gc,reloc    ] GC(7) Y: Forwarding Usage: 0M
[2026-04-03T02:25:53.876+0600][20.521s][info][gc,reloc    ] GC(7) Y: Age Table:
[2026-04-03T02:25:53.876+0600][20.521s][info][gc,reloc    ] GC(7) Y:                    Live             Garbage             Small              Medium             Large        
[2026-04-03T02:25:53.876+0600][20.521s][info][gc,reloc    ] GC(7) Y: Eden               0M (0%)            1M (0%)           1 / 0              0 / 0              0 / 0        
[2026-04-03T02:25:53.876+0600][20.521s][info][gc,heap     ] GC(7) Y: Min Capacity: 8M(1%)
[2026-04-03T02:25:53.876+0600][20.521s][info][gc,heap     ] GC(7) Y: Max Capacity: 1250M(100%)
[2026-04-03T02:25:53.876+0600][20.521s][info][gc,heap     ] GC(7) Y: Soft Max Capacity: 1250M(100%)
[2026-04-03T02:25:53.876+0600][20.521s][info][gc,heap     ] GC(7) Y: Heap Statistics:
[2026-04-03T02:25:53.876+0600][20.521s][info][gc,heap     ] GC(7) Y:                Mark Start          Mark End        Relocate Start      Relocate End           High               Low         
[2026-04-03T02:25:53.876+0600][20.521s][info][gc,heap     ] GC(7) Y:  Capacity:     1086M (87%)        1086M (87%)        1086M (87%)        1086M (87%)        1086M (87%)        1086M (87%)    
[2026-04-03T02:25:53.876+0600][20.521s][info][gc,heap     ] GC(7) Y:      Free:     1032M (83%)        1032M (83%)        1032M (83%)        1032M (83%)        1032M (83%)        1032M (83%)    
[2026-04-03T02:25:53.876+0600][20.521s][info][gc,heap     ] GC(7) Y:      Used:      218M (17%)         218M (17%)         218M (17%)         218M (17%)         218M (17%)         218M (17%)    
[2026-04-03T02:25:53.876+0600][20.521s][info][gc,heap     ] GC(7) Y: Young Generation Statistics:
[2026-04-03T02:25:53.876+0600][20.521s][info][gc,heap     ] GC(7) Y:                Mark Start          Mark End        Relocate Start      Relocate End    
[2026-04-03T02:25:53.876+0600][20.521s][info][gc,heap     ] GC(7) Y:      Used:        2M (0%)            2M (0%)            2M (0%)            2M (0%)     
[2026-04-03T02:25:53.876+0600][20.521s][info][gc,heap     ] GC(7) Y:      Live:         -                 0M (0%)            0M (0%)            0M (0%)     
[2026-04-03T02:25:53.876+0600][20.521s][info][gc,heap     ] GC(7) Y:   Garbage:         -                 1M (0%)            1M (0%)            1M (0%)     
[2026-04-03T02:25:53.876+0600][20.521s][info][gc,heap     ] GC(7) Y: Allocated:         -                 0M (0%)            0M (0%)            0M (0%)     
[2026-04-03T02:25:53.876+0600][20.521s][info][gc,heap     ] GC(7) Y: Reclaimed:         -                  -                 0M (0%)            0M (0%)     
[2026-04-03T02:25:53.876+0600][20.521s][info][gc,heap     ] GC(7) Y:  Promoted:         -                  -                 0M (0%)            0M (0%)     
[2026-04-03T02:25:53.876+0600][20.521s][info][gc,heap     ] GC(7) Y: Compacted:         -                  -                  -                 0M (0%)     
[2026-04-03T02:25:53.876+0600][20.521s][info][gc,phases   ] GC(7) Y: Young Generation (Collect Roots) 218M(17%)->218M(17%) 0.015s
[2026-04-03T02:25:53.876+0600][20.521s][info][gc,phases   ] GC(7) O: Old Generation
[2026-04-03T02:25:53.952+0600][20.597s][info][gc,phases   ] GC(7) O: Concurrent Mark 75.956ms
[2026-04-03T02:25:53.952+0600][20.597s][info][gc,phases   ] GC(7) O: Pause Mark End 0.024ms
[2026-04-03T02:25:53.952+0600][20.597s][info][gc,phases   ] GC(7) O: Concurrent Mark Free 0.001ms
[2026-04-03T02:25:53.978+0600][20.622s][info][gc,phases   ] GC(7) O: Concurrent Process Non-Strong 25.517ms
[2026-04-03T02:25:53.978+0600][20.622s][info][gc,phases   ] GC(7) O: Concurrent Reset Relocation Set 0.002ms
[2026-04-03T02:25:53.981+0600][20.626s][info][gc,phases   ] GC(7) O: Concurrent Select Relocation Set 3.327ms
[2026-04-03T02:25:53.981+0600][20.626s][info][gc,task     ] GC(7) O: Using 3 Workers for Old Generation
[2026-04-03T02:25:54.005+0600][20.649s][info][gc,task     ] GC(7) O: Using 3 Workers for Old Generation
[2026-04-03T02:25:54.005+0600][20.649s][info][gc,phases   ] GC(7) O: Concurrent Remap Roots 23.434ms
[2026-04-03T02:25:54.005+0600][20.650s][info][gc,phases   ] GC(7) O: Pause Relocate Start 0.030ms
[2026-04-03T02:25:54.027+0600][20.671s][info][gc,phases   ] GC(7) O: Concurrent Relocate 21.283ms
[2026-04-03T02:25:54.027+0600][20.672s][info][gc,alloc    ] GC(7) O:                         Mark Start        Mark End      Relocate Start    Relocate End   
[2026-04-03T02:25:54.027+0600][20.672s][info][gc,alloc    ] GC(7) O: Allocation Stalls:          0                0                0                0         
[2026-04-03T02:25:54.027+0600][20.672s][info][gc,load     ] GC(7) O: Load: 4.87 (41%) / 5.82 (48%) / 5.83 (49%)
[2026-04-03T02:25:54.027+0600][20.672s][info][gc,mmu      ] GC(7) O: MMU: 2ms/95.8%, 5ms/98.3%, 10ms/99.2%, 20ms/99.5%, 50ms/99.7%, 100ms/99.9%
[2026-04-03T02:25:54.027+0600][20.672s][info][gc,marking  ] GC(7) O: Mark: 2 stripe(s), 10 proactive flush(es), 1 terminate flush(es), 0 completion(s), 0 continuation(s) 
[2026-04-03T02:25:54.027+0600][20.672s][info][gc,marking  ] GC(7) O: Mark Stack Usage: 32M
[2026-04-03T02:25:54.027+0600][20.672s][info][gc,nmethod  ] GC(7) O: NMethods: 8862 registered, 1385 unregistered
[2026-04-03T02:25:54.027+0600][20.672s][info][gc,metaspace] GC(7) O: Metaspace: 118M used, 121M committed, 1152M reserved
[2026-04-03T02:25:54.027+0600][20.672s][info][gc,ref      ] GC(7) O:                       Encountered   Discovered     Enqueued 
[2026-04-03T02:25:54.027+0600][20.672s][info][gc,ref      ] GC(7) O: Soft References:             5908            0            0 
[2026-04-03T02:25:54.027+0600][20.672s][info][gc,ref      ] GC(7) O: Weak References:            21878        19058         8033 
[2026-04-03T02:25:54.027+0600][20.672s][info][gc,ref      ] GC(7) O: Final References:              84            0            0 
[2026-04-03T02:25:54.027+0600][20.672s][info][gc,ref      ] GC(7) O: Phantom References:           612          588            4 
[2026-04-03T02:25:54.027+0600][20.672s][info][gc,reloc    ] GC(7) O:                        Candidates     Selected     In-Place         Size        Empty    Relocated 
[2026-04-03T02:25:54.027+0600][20.672s][info][gc,reloc    ] GC(7) O: Small Pages:                   52            8            0         104M           0M           5M 
[2026-04-03T02:25:54.027+0600][20.672s][info][gc,reloc    ] GC(7) O: Medium Pages:                   2            1            0          64M           0M           5M 
[2026-04-03T02:25:54.027+0600][20.672s][info][gc,reloc    ] GC(7) O: Large Pages:                    8            0            0          48M          48M           0M 
[2026-04-03T02:25:54.027+0600][20.672s][info][gc,reloc    ] GC(7) O: Forwarding Usage: 7M
[2026-04-03T02:25:54.027+0600][20.672s][info][gc,heap     ] GC(7) O: Min Capacity: 8M(1%)
[2026-04-03T02:25:54.027+0600][20.672s][info][gc,heap     ] GC(7) O: Max Capacity: 1250M(100%)
[2026-04-03T02:25:54.027+0600][20.672s][info][gc,heap     ] GC(7) O: Soft Max Capacity: 1250M(100%)
[2026-04-03T02:25:54.027+0600][20.672s][info][gc,heap     ] GC(7) O: Heap Statistics:
[2026-04-03T02:25:54.027+0600][20.672s][info][gc,heap     ] GC(7) O:                Mark Start          Mark End        Relocate Start      Relocate End           High               Low         
[2026-04-03T02:25:54.027+0600][20.672s][info][gc,heap     ] GC(7) O:  Capacity:     1086M (87%)        1086M (87%)        1086M (87%)        1086M (87%)        1086M (87%)        1086M (87%)    
[2026-04-03T02:25:54.027+0600][20.672s][info][gc,heap     ] GC(7) O:      Free:     1032M (83%)        1028M (82%)        1070M (86%)        1106M (88%)        1106M (88%)        1026M (82%)    
[2026-04-03T02:25:54.027+0600][20.672s][info][gc,heap     ] GC(7) O:      Used:      218M (17%)         222M (18%)         180M (14%)         144M (12%)         224M (18%)         144M (12%)    
[2026-04-03T02:25:54.027+0600][20.672s][info][gc,heap     ] GC(7) O: Old Generation Statistics:
[2026-04-03T02:25:54.027+0600][20.672s][info][gc,heap     ] GC(7) O:                Mark Start          Mark End        Relocate Start      Relocate End    
[2026-04-03T02:25:54.027+0600][20.672s][info][gc,heap     ] GC(7) O:      Used:      216M (17%)         216M (17%)         168M (13%)         128M (10%)    
[2026-04-03T02:25:54.027+0600][20.672s][info][gc,heap     ] GC(7) O:      Live:         -                89M (7%)           89M (7%)           89M (7%)     
[2026-04-03T02:25:54.027+0600][20.672s][info][gc,heap     ] GC(7) O:   Garbage:         -               126M (10%)          78M (6%)            4M (0%)     
[2026-04-03T02:25:54.027+0600][20.672s][info][gc,heap     ] GC(7) O: Allocated:         -                 0M (0%)            0M (0%)           34M (3%)     
[2026-04-03T02:25:54.027+0600][20.672s][info][gc,heap     ] GC(7) O: Reclaimed:         -                  -                48M (4%)          122M (10%)    
[2026-04-03T02:25:54.027+0600][20.672s][info][gc,heap     ] GC(7) O: Compacted:         -                  -                  -                27M (2%)     
[2026-04-03T02:25:54.027+0600][20.672s][info][gc,phases   ] GC(7) O: Old Generation 218M(17%)->144M(12%) 0.151s
[2026-04-03T02:25:54.027+0600][20.672s][info][gc          ] GC(7) Major Collection (System.gc()) 740M(59%)->144M(12%) 0.330s
[2026-04-03T02:25:55.161+0600][21.806s][info][gc          ] GC(8) Minor Collection (Allocation Rate)
[2026-04-03T02:25:55.161+0600][21.806s][info][gc,task     ] GC(8) Using 2 Workers for Young Generation
[2026-04-03T02:25:55.161+0600][21.806s][info][gc,phases   ] GC(8) y: Young Generation
[2026-04-03T02:25:55.162+0600][21.807s][info][gc,phases   ] GC(8) y: Pause Mark Start 0.028ms
[2026-04-03T02:25:55.190+0600][21.835s][info][gc,phases   ] GC(8) y: Concurrent Mark 28.255ms
[2026-04-03T02:25:55.191+0600][21.835s][info][gc,phases   ] GC(8) y: Pause Mark End 0.030ms
[2026-04-03T02:25:55.191+0600][21.836s][info][gc,phases   ] GC(8) y: Concurrent Mark Free 0.003ms
[2026-04-03T02:25:55.191+0600][21.836s][info][gc,phases   ] GC(8) y: Concurrent Reset Relocation Set 0.001ms
[2026-04-03T02:25:55.197+0600][21.842s][info][gc,reloc    ] GC(8) y: Using tenuring threshold: 1 (Computed)
[2026-04-03T02:25:55.198+0600][21.843s][info][gc,phases   ] GC(8) y: Concurrent Select Relocation Set 6.964ms
[2026-04-03T02:25:55.198+0600][21.843s][info][gc,phases   ] GC(8) y: Pause Relocate Start 0.027ms
[2026-04-03T02:25:55.203+0600][21.848s][info][gc,phases   ] GC(8) y: Concurrent Relocate 4.972ms
[2026-04-03T02:25:55.203+0600][21.848s][info][gc,alloc    ] GC(8) y:                         Mark Start        Mark End      Relocate Start    Relocate End   
[2026-04-03T02:25:55.203+0600][21.848s][info][gc,alloc    ] GC(8) y: Allocation Stalls:          0                0                0                0         
[2026-04-03T02:25:55.204+0600][21.848s][info][gc,load     ] GC(8) y: Load: 5.52 (46%) / 5.94 (49%) / 5.87 (49%)
[2026-04-03T02:25:55.204+0600][21.848s][info][gc,mmu      ] GC(8) y: MMU: 2ms/95.8%, 5ms/98.3%, 10ms/99.2%, 20ms/99.5%, 50ms/99.7%, 100ms/99.9%
[2026-04-03T02:25:55.204+0600][21.848s][info][gc,marking  ] GC(8) y: Mark: 2 stripe(s), 2 proactive flush(es), 1 terminate flush(es), 0 completion(s), 0 continuation(s) 
[2026-04-03T02:25:55.204+0600][21.848s][info][gc,marking  ] GC(8) y: Mark Stack Usage: 32M
[2026-04-03T02:25:55.204+0600][21.848s][info][gc,nmethod  ] GC(8) y: NMethods: 9774 registered, 1385 unregistered
[2026-04-03T02:25:55.204+0600][21.848s][info][gc,metaspace] GC(8) y: Metaspace: 120M used, 121M committed, 1152M reserved
[2026-04-03T02:25:55.204+0600][21.848s][info][gc,reloc    ] GC(8) y:                        Candidates     Selected     In-Place         Size        Empty    Relocated 
[2026-04-03T02:25:55.204+0600][21.848s][info][gc,reloc    ] GC(8) y: Small Pages:                   84           71            0         168M          20M           3M 
[2026-04-03T02:25:55.204+0600][21.848s][info][gc,reloc    ] GC(8) y: Medium Pages:                   1            0            0          32M          32M           0M 
[2026-04-03T02:25:55.204+0600][21.848s][info][gc,reloc    ] GC(8) y: Large Pages:                   73            0            0         438M         420M           0M 
[2026-04-03T02:25:55.204+0600][21.848s][info][gc,reloc    ] GC(8) y: Forwarding Usage: 0M
[2026-04-03T02:25:55.204+0600][21.848s][info][gc,reloc    ] GC(8) y: Age Table:
[2026-04-03T02:25:55.204+0600][21.848s][info][gc,reloc    ] GC(8) y:                    Live             Garbage             Small              Medium             Large        
[2026-04-03T02:25:55.204+0600][21.848s][info][gc,reloc    ] GC(8) y: Eden              21M (2%)          614M (49%)         83 / 71             1 / 0             73 / 0        
[2026-04-03T02:25:55.204+0600][21.848s][info][gc,reloc    ] GC(8) y: Survivor 1          -                 2M (0%)           1 / 0              0 / 0              0 / 0        
[2026-04-03T02:25:55.204+0600][21.848s][info][gc,heap     ] GC(8) y: Min Capacity: 8M(1%)
[2026-04-03T02:25:55.204+0600][21.848s][info][gc,heap     ] GC(8) y: Max Capacity: 1250M(100%)
[2026-04-03T02:25:55.204+0600][21.848s][info][gc,heap     ] GC(8) y: Soft Max Capacity: 1250M(100%)
[2026-04-03T02:25:55.204+0600][21.848s][info][gc,heap     ] GC(8) y: Heap Statistics:
[2026-04-03T02:25:55.204+0600][21.848s][info][gc,heap     ] GC(8) y:                Mark Start          Mark End        Relocate Start      Relocate End           High               Low         
[2026-04-03T02:25:55.204+0600][21.849s][info][gc,heap     ] GC(8) y:  Capacity:     1250M (100%)       1250M (100%)       1250M (100%)       1250M (100%)       1250M (100%)       1250M (100%)   
[2026-04-03T02:25:55.204+0600][21.849s][info][gc,heap     ] GC(8) y:      Free:      484M (39%)         342M (27%)         704M (56%)         784M (63%)         794M (64%)         342M (27%)    
[2026-04-03T02:25:55.204+0600][21.849s][info][gc,heap     ] GC(8) y:      Used:      766M (61%)         908M (73%)         546M (44%)         466M (37%)         908M (73%)         456M (36%)    
[2026-04-03T02:25:55.204+0600][21.849s][info][gc,heap     ] GC(8) y: Young Generation Statistics:
[2026-04-03T02:25:55.204+0600][21.849s][info][gc,heap     ] GC(8) y:                Mark Start          Mark End        Relocate Start      Relocate End    
[2026-04-03T02:25:55.204+0600][21.849s][info][gc,heap     ] GC(8) y:      Used:      638M (51%)         780M (62%)         418M (33%)         338M (27%)    
[2026-04-03T02:25:55.204+0600][21.849s][info][gc,heap     ] GC(8) y:      Live:         -                21M (2%)           21M (2%)           21M (2%)     
[2026-04-03T02:25:55.204+0600][21.849s][info][gc,heap     ] GC(8) y:   Garbage:         -               616M (49%)         144M (12%)           0M (0%)     
[2026-04-03T02:25:55.204+0600][21.849s][info][gc,heap     ] GC(8) y: Allocated:         -               142M (11%)         252M (20%)         316M (25%)    
[2026-04-03T02:25:55.204+0600][21.849s][info][gc,heap     ] GC(8) y: Reclaimed:         -                  -               472M (38%)         616M (49%)    
[2026-04-03T02:25:55.204+0600][21.849s][info][gc,heap     ] GC(8) y:  Promoted:         -                  -                 0M (0%)            0M (0%)     
[2026-04-03T02:25:55.204+0600][21.849s][info][gc,heap     ] GC(8) y: Compacted:         -                  -                  -                 3M (0%)     
[2026-04-03T02:25:55.204+0600][21.849s][info][gc,phases   ] GC(8) y: Young Generation 766M(61%)->466M(37%) 0.042s
[2026-04-03T02:25:55.204+0600][21.849s][info][gc          ] GC(8) Minor Collection (Allocation Rate) 760M(61%)->466M(37%) 0.043s
[2026-04-03T02:25:55.469+0600][22.114s][info][gc          ] GC(9) Minor Collection (Allocation Rate)
[2026-04-03T02:25:55.469+0600][22.114s][info][gc,task     ] GC(9) Using 3 Workers for Young Generation
[2026-04-03T02:25:55.469+0600][22.114s][info][gc,phases   ] GC(9) y: Young Generation
[2026-04-03T02:25:55.470+0600][22.115s][info][gc,phases   ] GC(9) y: Pause Mark Start 0.030ms
[2026-04-03T02:25:55.492+0600][22.137s][info][gc,phases   ] GC(9) y: Concurrent Mark 21.529ms
[2026-04-03T02:25:55.492+0600][22.137s][info][gc,phases   ] GC(9) y: Pause Mark End 0.027ms
[2026-04-03T02:25:55.492+0600][22.137s][info][gc,phases   ] GC(9) y: Concurrent Mark Free 0.001ms
[2026-04-03T02:25:55.492+0600][22.137s][info][gc,phases   ] GC(9) y: Concurrent Reset Relocation Set 0.021ms
[2026-04-03T02:25:55.495+0600][22.140s][info][gc,reloc    ] GC(9) y: Using tenuring threshold: 2 (Computed)
[2026-04-03T02:25:55.495+0600][22.140s][info][gc,phases   ] GC(9) y: Concurrent Select Relocation Set 3.021ms
[2026-04-03T02:25:55.498+0600][22.142s][info][gc,phases   ] GC(9) y: Pause Relocate Start 0.019ms
[2026-04-03T02:25:55.499+0600][22.144s][info][gc,phases   ] GC(9) y: Concurrent Relocate 1.651ms
[2026-04-03T02:25:55.500+0600][22.144s][info][gc,alloc    ] GC(9) y:                         Mark Start        Mark End      Relocate Start    Relocate End   
[2026-04-03T02:25:55.500+0600][22.144s][info][gc,alloc    ] GC(9) y: Allocation Stalls:          0                0                0                0         
[2026-04-03T02:25:55.500+0600][22.144s][info][gc,load     ] GC(9) y: Load: 5.52 (46%) / 5.94 (49%) / 5.87 (49%)
[2026-04-03T02:25:55.500+0600][22.144s][info][gc,mmu      ] GC(9) y: MMU: 2ms/95.8%, 5ms/98.3%, 10ms/99.2%, 20ms/99.5%, 50ms/99.7%, 100ms/99.9%
[2026-04-03T02:25:55.500+0600][22.144s][info][gc,marking  ] GC(9) y: Mark: 2 stripe(s), 2 proactive flush(es), 1 terminate flush(es), 0 completion(s), 0 continuation(s) 
[2026-04-03T02:25:55.500+0600][22.144s][info][gc,marking  ] GC(9) y: Mark Stack Usage: 32M
[2026-04-03T02:25:55.500+0600][22.144s][info][gc,nmethod  ] GC(9) y: NMethods: 10039 registered, 1385 unregistered
[2026-04-03T02:25:55.500+0600][22.144s][info][gc,metaspace] GC(9) y: Metaspace: 120M used, 122M committed, 1152M reserved
[2026-04-03T02:25:55.500+0600][22.144s][info][gc,reloc    ] GC(9) y:                        Candidates     Selected     In-Place         Size        Empty    Relocated 
[2026-04-03T02:25:55.500+0600][22.144s][info][gc,reloc    ] GC(9) y: Small Pages:                   58           42            0         116M          24M           2M 
[2026-04-03T02:25:55.500+0600][22.144s][info][gc,reloc    ] GC(9) y: Medium Pages:                   1            0            0          32M          32M           0M 
[2026-04-03T02:25:55.500+0600][22.144s][info][gc,reloc    ] GC(9) y: Large Pages:                   66            0            0         396M         396M           0M 
[2026-04-03T02:25:55.500+0600][22.144s][info][gc,reloc    ] GC(9) y: Forwarding Usage: 0M
[2026-04-03T02:25:55.500+0600][22.144s][info][gc,reloc    ] GC(9) y: Age Table:
[2026-04-03T02:25:55.500+0600][22.144s][info][gc,reloc    ] GC(9) y:                    Live             Garbage             Small              Medium             Large        
[2026-04-03T02:25:55.500+0600][22.144s][info][gc,reloc    ] GC(9) y: Eden               2M (0%)          509M (41%)         51 / 37             1 / 0             63 / 0        
[2026-04-03T02:25:55.500+0600][22.144s][info][gc,reloc    ] GC(9) y: Survivor 1         2M (0%)           29M (2%)           7 / 5              0 / 0              3 / 0        
[2026-04-03T02:25:55.500+0600][22.144s][info][gc,heap     ] GC(9) y: Min Capacity: 8M(1%)
[2026-04-03T02:25:55.500+0600][22.144s][info][gc,heap     ] GC(9) y: Max Capacity: 1250M(100%)
[2026-04-03T02:25:55.500+0600][22.144s][info][gc,heap     ] GC(9) y: Soft Max Capacity: 1250M(100%)
[2026-04-03T02:25:55.500+0600][22.144s][info][gc,heap     ] GC(9) y: Heap Statistics:
[2026-04-03T02:25:55.500+0600][22.144s][info][gc,heap     ] GC(9) y:                Mark Start          Mark End        Relocate Start      Relocate End           High               Low         
[2026-04-03T02:25:55.500+0600][22.144s][info][gc,heap     ] GC(9) y:  Capacity:     1250M (100%)       1250M (100%)       1250M (100%)       1250M (100%)       1250M (100%)       1250M (100%)   
[2026-04-03T02:25:55.500+0600][22.144s][info][gc,heap     ] GC(9) y:      Free:      578M (46%)         564M (45%)        1016M (81%)        1092M (87%)        1092M (87%)         564M (45%)    
[2026-04-03T02:25:55.500+0600][22.145s][info][gc,heap     ] GC(9) y:      Used:      672M (54%)         686M (55%)         234M (19%)         158M (13%)         686M (55%)         158M (13%)    
[2026-04-03T02:25:55.500+0600][22.145s][info][gc,heap     ] GC(9) y: Young Generation Statistics:
[2026-04-03T02:25:55.500+0600][22.145s][info][gc,heap     ] GC(9) y:                Mark Start          Mark End        Relocate Start      Relocate End    
[2026-04-03T02:25:55.500+0600][22.145s][info][gc,heap     ] GC(9) y:      Used:      544M (44%)         558M (45%)         106M (8%)           30M (2%)     
[2026-04-03T02:25:55.500+0600][22.145s][info][gc,heap     ] GC(9) y:      Live:         -                 5M (0%)            5M (0%)            5M (0%)     
[2026-04-03T02:25:55.500+0600][22.145s][info][gc,heap     ] GC(9) y:   Garbage:         -               538M (43%)          86M (7%)            1M (0%)     
[2026-04-03T02:25:55.500+0600][22.145s][info][gc,heap     ] GC(9) y: Allocated:         -                14M (1%)           14M (1%)           23M (2%)     
[2026-04-03T02:25:55.500+0600][22.145s][info][gc,heap     ] GC(9) y: Reclaimed:         -                  -               452M (36%)         537M (43%)    
[2026-04-03T02:25:55.500+0600][22.145s][info][gc,heap     ] GC(9) y:  Promoted:         -                  -                 0M (0%)            0M (0%)     
[2026-04-03T02:25:55.500+0600][22.145s][info][gc,heap     ] GC(9) y: Compacted:         -                  -                  -                 2M (0%)     
[2026-04-03T02:25:55.500+0600][22.145s][info][gc,phases   ] GC(9) y: Young Generation 672M(54%)->158M(13%) 0.030s
[2026-04-03T02:25:55.500+0600][22.145s][info][gc          ] GC(9) Minor Collection (Allocation Rate) 672M(54%)->158M(13%) 0.031s
[2026-04-03T02:25:56.073+0600][22.718s][info][gc          ] GC(10) Minor Collection (Allocation Rate)
[2026-04-03T02:25:56.073+0600][22.718s][info][gc,task     ] GC(10) Using 1 Workers for Young Generation
[2026-04-03T02:25:56.073+0600][22.718s][info][gc,phases   ] GC(10) y: Young Generation
[2026-04-03T02:25:56.074+0600][22.718s][info][gc,phases   ] GC(10) y: Pause Mark Start 0.020ms
[2026-04-03T02:25:56.098+0600][22.742s][info][gc,phases   ] GC(10) y: Concurrent Mark 23.844ms
[2026-04-03T02:25:56.098+0600][22.742s][info][gc,phases   ] GC(10) y: Pause Mark End 0.020ms
[2026-04-03T02:25:56.098+0600][22.743s][info][gc,phases   ] GC(10) y: Concurrent Mark Free 0.002ms
[2026-04-03T02:25:56.098+0600][22.743s][info][gc,phases   ] GC(10) y: Concurrent Reset Relocation Set 0.004ms
[2026-04-03T02:25:56.100+0600][22.744s][info][gc,reloc    ] GC(10) y: Using tenuring threshold: 3 (Computed)
[2026-04-03T02:25:56.101+0600][22.745s][info][gc,phases   ] GC(10) y: Concurrent Select Relocation Set 2.588ms
[2026-04-03T02:25:56.101+0600][22.745s][info][gc,phases   ] GC(10) y: Pause Relocate Start 0.016ms
[2026-04-03T02:25:56.106+0600][22.751s][info][gc,phases   ] GC(10) y: Concurrent Relocate 5.020ms
[2026-04-03T02:25:56.106+0600][22.751s][info][gc,alloc    ] GC(10) y:                         Mark Start        Mark End      Relocate Start    Relocate End   
[2026-04-03T02:25:56.106+0600][22.751s][info][gc,alloc    ] GC(10) y: Allocation Stalls:          0                0                0                0         
[2026-04-03T02:25:56.106+0600][22.751s][info][gc,load     ] GC(10) y: Load: 5.52 (46%) / 5.94 (49%) / 5.87 (49%)
[2026-04-03T02:25:56.106+0600][22.751s][info][gc,mmu      ] GC(10) y: MMU: 2ms/95.8%, 5ms/98.3%, 10ms/99.2%, 20ms/99.5%, 50ms/99.7%, 100ms/99.9%
[2026-04-03T02:25:56.106+0600][22.751s][info][gc,marking  ] GC(10) y: Mark: 1 stripe(s), 2 proactive flush(es), 1 terminate flush(es), 0 completion(s), 0 continuation(s) 
[2026-04-03T02:25:56.106+0600][22.751s][info][gc,marking  ] GC(10) y: Mark Stack Usage: 32M
[2026-04-03T02:25:56.106+0600][22.751s][info][gc,nmethod  ] GC(10) y: NMethods: 10494 registered, 0 unregistered
[2026-04-03T02:25:56.106+0600][22.751s][info][gc,metaspace] GC(10) y: Metaspace: 123M used, 125M committed, 1152M reserved
[2026-04-03T02:25:56.106+0600][22.751s][info][gc,reloc    ] GC(10) y:                        Candidates     Selected     In-Place         Size        Empty    Relocated 
[2026-04-03T02:25:56.106+0600][22.751s][info][gc,reloc    ] GC(10) y: Small Pages:                   42           38            0          84M           0M           4M 
[2026-04-03T02:25:56.106+0600][22.751s][info][gc,reloc    ] GC(10) y: Medium Pages:                   1            0            0          32M          32M           0M 
[2026-04-03T02:25:56.106+0600][22.751s][info][gc,reloc    ] GC(10) y: Large Pages:                    3            0            0          18M          18M           0M 
[2026-04-03T02:25:56.106+0600][22.751s][info][gc,reloc    ] GC(10) y: Forwarding Usage: 0M
[2026-04-03T02:25:56.106+0600][22.751s][info][gc,reloc    ] GC(10) y: Age Table:
[2026-04-03T02:25:56.106+0600][22.751s][info][gc,reloc    ] GC(10) y:                    Live             Garbage             Small              Medium             Large        
[2026-04-03T02:25:56.106+0600][22.751s][info][gc,reloc    ] GC(10) y: Eden               2M (0%)          115M (9%)          34 / 32             1 / 0              3 / 0        
[2026-04-03T02:25:56.106+0600][22.751s][info][gc,reloc    ] GC(10) y: Survivor 1         1M (0%)            4M (0%)           3 / 2              0 / 0              0 / 0        
[2026-04-03T02:25:56.106+0600][22.751s][info][gc,reloc    ] GC(10) y: Survivor 2         2M (0%)            7M (1%)           5 / 4              0 / 0              0 / 0        
[2026-04-03T02:25:56.106+0600][22.751s][info][gc,heap     ] GC(10) y: Min Capacity: 8M(1%)
[2026-04-03T02:25:56.106+0600][22.751s][info][gc,heap     ] GC(10) y: Max Capacity: 1250M(100%)
[2026-04-03T02:25:56.106+0600][22.751s][info][gc,heap     ] GC(10) y: Soft Max Capacity: 1250M(100%)
[2026-04-03T02:25:56.106+0600][22.751s][info][gc,heap     ] GC(10) y: Heap Statistics:
[2026-04-03T02:25:56.106+0600][22.751s][info][gc,heap     ] GC(10) y:                Mark Start          Mark End        Relocate Start      Relocate End           High               Low         
[2026-04-03T02:25:56.106+0600][22.751s][info][gc,heap     ] GC(10) y:  Capacity:     1250M (100%)       1250M (100%)       1250M (100%)       1250M (100%)       1250M (100%)       1250M (100%)   
[2026-04-03T02:25:56.106+0600][22.751s][info][gc,heap     ] GC(10) y:      Free:      988M (79%)         954M (76%)        1004M (80%)        1076M (86%)        1076M (86%)         954M (76%)    
[2026-04-03T02:25:56.106+0600][22.751s][info][gc,heap     ] GC(10) y:      Used:      262M (21%)         296M (24%)         246M (20%)         174M (14%)         296M (24%)         174M (14%)    
[2026-04-03T02:25:56.106+0600][22.751s][info][gc,heap     ] GC(10) y: Young Generation Statistics:
[2026-04-03T02:25:56.106+0600][22.751s][info][gc,heap     ] GC(10) y:                Mark Start          Mark End        Relocate Start      Relocate End    
[2026-04-03T02:25:56.106+0600][22.751s][info][gc,heap     ] GC(10) y:      Used:      134M (11%)         168M (13%)         118M (9%)           46M (4%)     
[2026-04-03T02:25:56.106+0600][22.751s][info][gc,heap     ] GC(10) y:      Live:         -                 6M (1%)            6M (1%)            6M (1%)     
[2026-04-03T02:25:56.106+0600][22.751s][info][gc,heap     ] GC(10) y:   Garbage:         -               127M (10%)          77M (6%)            0M (0%)     
[2026-04-03T02:25:56.106+0600][22.751s][info][gc,heap     ] GC(10) y: Allocated:         -                34M (3%)           34M (3%)           39M (3%)     
[2026-04-03T02:25:56.106+0600][22.751s][info][gc,heap     ] GC(10) y: Reclaimed:         -                  -                50M (4%)          127M (10%)    
[2026-04-03T02:25:56.106+0600][22.751s][info][gc,heap     ] GC(10) y:  Promoted:         -                  -                 0M (0%)            0M (0%)     
[2026-04-03T02:25:56.106+0600][22.751s][info][gc,heap     ] GC(10) y: Compacted:         -                  -                  -                 4M (0%)     
[2026-04-03T02:25:56.106+0600][22.751s][info][gc,phases   ] GC(10) y: Young Generation 262M(21%)->174M(14%) 0.033s
[2026-04-03T02:25:56.106+0600][22.751s][info][gc          ] GC(10) Minor Collection (Allocation Rate) 262M(21%)->174M(14%) 0.033s
[2026-04-03T02:25:57.844+0600][24.489s][info][gc          ] GC(11) Minor Collection (Allocation Rate)
[2026-04-03T02:25:57.844+0600][24.489s][info][gc,task     ] GC(11) Using 1 Workers for Young Generation
[2026-04-03T02:25:57.844+0600][24.489s][info][gc,phases   ] GC(11) y: Young Generation
[2026-04-03T02:25:57.845+0600][24.490s][info][gc,phases   ] GC(11) y: Pause Mark Start 0.037ms
[2026-04-03T02:25:57.909+0600][24.554s][info][gc,phases   ] GC(11) y: Concurrent Mark 64.119ms
[2026-04-03T02:25:57.910+0600][24.554s][info][gc,phases   ] GC(11) y: Pause Mark End 0.036ms
[2026-04-03T02:25:57.910+0600][24.555s][info][gc,phases   ] GC(11) y: Concurrent Mark Free 0.004ms
[2026-04-03T02:25:57.910+0600][24.555s][info][gc,phases   ] GC(11) y: Concurrent Reset Relocation Set 0.010ms
[2026-04-03T02:25:57.917+0600][24.562s][info][gc,reloc    ] GC(11) y: Using tenuring threshold: 2 (Computed)
[2026-04-03T02:25:57.921+0600][24.566s][info][gc,phases   ] GC(11) y: Concurrent Select Relocation Set 10.979ms
[2026-04-03T02:25:57.921+0600][24.566s][info][gc,phases   ] GC(11) y: Pause Relocate Start 0.026ms
[2026-04-03T02:25:57.943+0600][24.588s][info][gc,phases   ] GC(11) y: Concurrent Relocate 21.729ms
[2026-04-03T02:25:57.943+0600][24.588s][info][gc,alloc    ] GC(11) y:                         Mark Start        Mark End      Relocate Start    Relocate End   
[2026-04-03T02:25:57.943+0600][24.588s][info][gc,alloc    ] GC(11) y: Allocation Stalls:          0                0                0                0         
[2026-04-03T02:25:57.943+0600][24.588s][info][gc,load     ] GC(11) y: Load: 5.52 (46%) / 5.94 (49%) / 5.87 (49%)
[2026-04-03T02:25:57.943+0600][24.588s][info][gc,mmu      ] GC(11) y: MMU: 2ms/95.8%, 5ms/98.3%, 10ms/99.2%, 20ms/99.5%, 50ms/99.7%, 100ms/99.9%
[2026-04-03T02:25:57.943+0600][24.588s][info][gc,marking  ] GC(11) y: Mark: 1 stripe(s), 2 proactive flush(es), 1 terminate flush(es), 0 completion(s), 0 continuation(s) 
[2026-04-03T02:25:57.943+0600][24.588s][info][gc,marking  ] GC(11) y: Mark Stack Usage: 32M
[2026-04-03T02:25:57.943+0600][24.588s][info][gc,nmethod  ] GC(11) y: NMethods: 11879 registered, 0 unregistered
[2026-04-03T02:25:57.943+0600][24.588s][info][gc,metaspace] GC(11) y: Metaspace: 124M used, 126M committed, 1152M reserved
[2026-04-03T02:25:57.943+0600][24.588s][info][gc,reloc    ] GC(11) y:                        Candidates     Selected     In-Place         Size        Empty    Relocated 
[2026-04-03T02:25:57.943+0600][24.588s][info][gc,reloc    ] GC(11) y: Small Pages:                  273          218            0         546M          98M           6M 
[2026-04-03T02:25:57.943+0600][24.588s][info][gc,reloc    ] GC(11) y: Medium Pages:                   3            0            0          96M          96M           0M 
[2026-04-03T02:25:57.943+0600][24.588s][info][gc,reloc    ] GC(11) y: Large Pages:                   11            0            0          66M          66M           0M 
[2026-04-03T02:25:57.943+0600][24.588s][info][gc,reloc    ] GC(11) y: Forwarding Usage: 1M
[2026-04-03T02:25:57.943+0600][24.588s][info][gc,reloc    ] GC(11) y: Age Table:
[2026-04-03T02:25:57.944+0600][24.588s][info][gc,reloc    ] GC(11) y:                    Live             Garbage             Small              Medium             Large        
[2026-04-03T02:25:57.944+0600][24.588s][info][gc,reloc    ] GC(11) y: Eden               4M (0%)          691M (55%)        267 / 215            3 / 0             11 / 0        
[2026-04-03T02:25:57.944+0600][24.588s][info][gc,reloc    ] GC(11) y: Survivor 1         1M (0%)            4M (0%)           3 / 2              0 / 0              0 / 0        
[2026-04-03T02:25:57.944+0600][24.588s][info][gc,reloc    ] GC(11) y: Survivor 2         1M (0%)            0M (0%)           1 / 0              0 / 0              0 / 0        
[2026-04-03T02:25:57.944+0600][24.588s][info][gc,reloc    ] GC(11) y: Survivor 3         2M (0%)            1M (0%)           2 / 1              0 / 0              0 / 0        
[2026-04-03T02:25:57.944+0600][24.588s][info][gc,heap     ] GC(11) y: Min Capacity: 8M(1%)
[2026-04-03T02:25:57.944+0600][24.588s][info][gc,heap     ] GC(11) y: Max Capacity: 1250M(100%)
[2026-04-03T02:25:57.944+0600][24.588s][info][gc,heap     ] GC(11) y: Soft Max Capacity: 1250M(100%)
[2026-04-03T02:25:57.944+0600][24.588s][info][gc,heap     ] GC(11) y: Heap Statistics:
[2026-04-03T02:25:57.944+0600][24.588s][info][gc,heap     ] GC(11) y:                Mark Start          Mark End        Relocate Start      Relocate End           High               Low         
[2026-04-03T02:25:57.944+0600][24.588s][info][gc,heap     ] GC(11) y:  Capacity:     1250M (100%)       1250M (100%)       1250M (100%)       1250M (100%)       1250M (100%)       1250M (100%)   
[2026-04-03T02:25:57.944+0600][24.588s][info][gc,heap     ] GC(11) y:      Free:      414M (33%)         334M (27%)         594M (48%)        1008M (81%)        1008M (81%)         334M (27%)    
[2026-04-03T02:25:57.944+0600][24.588s][info][gc,heap     ] GC(11) y:      Used:      836M (67%)         916M (73%)         656M (52%)         242M (19%)         916M (73%)         242M (19%)    
[2026-04-03T02:25:57.944+0600][24.588s][info][gc,heap     ] GC(11) y: Young Generation Statistics:
[2026-04-03T02:25:57.944+0600][24.588s][info][gc,heap     ] GC(11) y:                Mark Start          Mark End        Relocate Start      Relocate End    
[2026-04-03T02:25:57.944+0600][24.588s][info][gc,heap     ] GC(11) y:      Used:      708M (57%)         788M (63%)         526M (42%)         100M (8%)     
[2026-04-03T02:25:57.944+0600][24.588s][info][gc,heap     ] GC(11) y:      Live:         -                 9M (1%)            8M (1%)            5M (0%)     
[2026-04-03T02:25:57.944+0600][24.588s][info][gc,heap     ] GC(11) y:   Garbage:         -               698M (56%)         437M (35%)           0M (0%)     
[2026-04-03T02:25:57.944+0600][24.589s][info][gc,heap     ] GC(11) y: Allocated:         -                80M (6%)           80M (6%)           94M (8%)     
[2026-04-03T02:25:57.944+0600][24.589s][info][gc,heap     ] GC(11) y: Reclaimed:         -                  -               260M (21%)         698M (56%)    
[2026-04-03T02:25:57.944+0600][24.589s][info][gc,heap     ] GC(11) y:  Promoted:         -                  -                 1M (0%)            3M (0%)     
[2026-04-03T02:25:57.944+0600][24.589s][info][gc,heap     ] GC(11) y: Compacted:         -                  -                  -                 5M (0%)     
[2026-04-03T02:25:57.944+0600][24.589s][info][gc,phases   ] GC(11) y: Young Generation 836M(67%)->242M(19%) 0.099s
[2026-04-03T02:25:57.944+0600][24.589s][info][gc          ] GC(11) Minor Collection (Allocation Rate) 836M(67%)->242M(19%) 0.100s
[2026-04-03T02:25:59.145+0600][25.790s][info][gc          ] GC(12) Minor Collection (Allocation Rate)
[2026-04-03T02:25:59.145+0600][25.790s][info][gc,task     ] GC(12) Using 1 Workers for Young Generation
[2026-04-03T02:25:59.145+0600][25.790s][info][gc,phases   ] GC(12) y: Young Generation
[2026-04-03T02:25:59.145+0600][25.790s][info][gc,phases   ] GC(12) y: Pause Mark Start 0.015ms
[2026-04-03T02:25:59.179+0600][25.824s][info][gc,phases   ] GC(12) y: Concurrent Mark 33.535ms
[2026-04-03T02:25:59.179+0600][25.824s][info][gc,phases   ] GC(12) y: Pause Mark End 0.016ms
[2026-04-03T02:25:59.179+0600][25.824s][info][gc,phases   ] GC(12) y: Concurrent Mark Free 0.001ms
[2026-04-03T02:25:59.179+0600][25.824s][info][gc,phases   ] GC(12) y: Concurrent Reset Relocation Set 0.015ms
[2026-04-03T02:25:59.181+0600][25.826s][info][gc,reloc    ] GC(12) y: Using tenuring threshold: 3 (Computed)
[2026-04-03T02:25:59.182+0600][25.827s][info][gc,phases   ] GC(12) y: Concurrent Select Relocation Set 2.903ms
[2026-04-03T02:25:59.182+0600][25.827s][info][gc,phases   ] GC(12) y: Pause Relocate Start 0.012ms
[2026-04-03T02:25:59.186+0600][25.831s][info][gc,phases   ] GC(12) y: Concurrent Relocate 3.451ms
[2026-04-03T02:25:59.186+0600][25.831s][info][gc,alloc    ] GC(12) y:                         Mark Start        Mark End      Relocate Start    Relocate End   
[2026-04-03T02:25:59.186+0600][25.831s][info][gc,alloc    ] GC(12) y: Allocation Stalls:          0                0                0                0         
[2026-04-03T02:25:59.186+0600][25.831s][info][gc,load     ] GC(12) y: Load: 5.52 (46%) / 5.94 (49%) / 5.87 (49%)
[2026-04-03T02:25:59.186+0600][25.831s][info][gc,mmu      ] GC(12) y: MMU: 2ms/95.8%, 5ms/98.3%, 10ms/99.2%, 20ms/99.5%, 50ms/99.7%, 100ms/99.9%
[2026-04-03T02:25:59.186+0600][25.831s][info][gc,marking  ] GC(12) y: Mark: 1 stripe(s), 2 proactive flush(es), 1 terminate flush(es), 0 completion(s), 0 continuation(s) 
[2026-04-03T02:25:59.186+0600][25.831s][info][gc,marking  ] GC(12) y: Mark Stack Usage: 32M
[2026-04-03T02:25:59.186+0600][25.831s][info][gc,nmethod  ] GC(12) y: NMethods: 12665 registered, 0 unregistered
[2026-04-03T02:25:59.186+0600][25.831s][info][gc,metaspace] GC(12) y: Metaspace: 125M used, 127M committed, 1152M reserved
[2026-04-03T02:25:59.186+0600][25.831s][info][gc,reloc    ] GC(12) y:                        Candidates     Selected     In-Place         Size        Empty    Relocated 
[2026-04-03T02:25:59.186+0600][25.831s][info][gc,reloc    ] GC(12) y: Small Pages:                  280          166            0         560M         220M           3M 
[2026-04-03T02:25:59.186+0600][25.831s][info][gc,reloc    ] GC(12) y: Medium Pages:                   4            0            0         128M         128M           0M 
[2026-04-03T02:25:59.186+0600][25.831s][info][gc,reloc    ] GC(12) y: Large Pages:                   14            0            0          84M          84M           0M 
[2026-04-03T02:25:59.186+0600][25.831s][info][gc,reloc    ] GC(12) y: Forwarding Usage: 0M
[2026-04-03T02:25:59.186+0600][25.831s][info][gc,reloc    ] GC(12) y: Age Table:
[2026-04-03T02:25:59.186+0600][25.831s][info][gc,reloc    ] GC(12) y:                    Live             Garbage             Small              Medium             Large        
[2026-04-03T02:25:59.186+0600][25.831s][info][gc,reloc    ] GC(12) y: Eden               2M (0%)          749M (60%)        270 / 162            4 / 0             14 / 0        
[2026-04-03T02:25:59.186+0600][25.831s][info][gc,reloc    ] GC(12) y: Survivor 1         2M (0%)            3M (0%)           3 / 2              0 / 0              0 / 0        
[2026-04-03T02:25:59.186+0600][25.831s][info][gc,reloc    ] GC(12) y: Survivor 2         0M (0%)           13M (1%)           7 / 2              0 / 0              0 / 0        
[2026-04-03T02:25:59.186+0600][25.831s][info][gc,heap     ] GC(12) y: Min Capacity: 8M(1%)
[2026-04-03T02:25:59.186+0600][25.831s][info][gc,heap     ] GC(12) y: Max Capacity: 1250M(100%)
[2026-04-03T02:25:59.186+0600][25.831s][info][gc,heap     ] GC(12) y: Soft Max Capacity: 1250M(100%)
[2026-04-03T02:25:59.186+0600][25.831s][info][gc,heap     ] GC(12) y: Heap Statistics:
[2026-04-03T02:25:59.186+0600][25.831s][info][gc,heap     ] GC(12) y:                Mark Start          Mark End        Relocate Start      Relocate End           High               Low         
[2026-04-03T02:25:59.186+0600][25.831s][info][gc,heap     ] GC(12) y:  Capacity:     1250M (100%)       1250M (100%)       1250M (100%)       1250M (100%)       1250M (100%)       1250M (100%)   
[2026-04-03T02:25:59.186+0600][25.831s][info][gc,heap     ] GC(12) y:      Free:      336M (27%)         320M (26%)         752M (60%)        1078M (86%)        1078M (86%)         320M (26%)    
[2026-04-03T02:25:59.186+0600][25.831s][info][gc,heap     ] GC(12) y:      Used:      914M (73%)         930M (74%)         498M (40%)         172M (14%)         930M (74%)         172M (14%)    
[2026-04-03T02:25:59.186+0600][25.831s][info][gc,heap     ] GC(12) y: Young Generation Statistics:
[2026-04-03T02:25:59.186+0600][25.831s][info][gc,heap     ] GC(12) y:                Mark Start          Mark End        Relocate Start      Relocate End    
[2026-04-03T02:25:59.186+0600][25.831s][info][gc,heap     ] GC(12) y:      Used:      772M (62%)         788M (63%)         356M (28%)          30M (2%)     
[2026-04-03T02:25:59.186+0600][25.831s][info][gc,heap     ] GC(12) y:      Live:         -                 5M (0%)            5M (0%)            5M (0%)     
[2026-04-03T02:25:59.186+0600][25.831s][info][gc,heap     ] GC(12) y:   Garbage:         -               766M (61%)         334M (27%)           1M (0%)     
[2026-04-03T02:25:59.186+0600][25.831s][info][gc,heap     ] GC(12) y: Allocated:         -                16M (1%)           16M (1%)           22M (2%)     
[2026-04-03T02:25:59.186+0600][25.831s][info][gc,heap     ] GC(12) y: Reclaimed:         -                  -               432M (35%)         764M (61%)    
[2026-04-03T02:25:59.186+0600][25.831s][info][gc,heap     ] GC(12) y:  Promoted:         -                  -                 0M (0%)            0M (0%)     
[2026-04-03T02:25:59.186+0600][25.831s][info][gc,heap     ] GC(12) y: Compacted:         -                  -                  -                 3M (0%)     
[2026-04-03T02:25:59.186+0600][25.831s][info][gc,phases   ] GC(12) y: Young Generation 914M(73%)->172M(14%) 0.041s
[2026-04-03T02:25:59.186+0600][25.831s][info][gc          ] GC(12) Minor Collection (Allocation Rate) 914M(73%)->172M(14%) 0.041s
[2026-04-03T02:26:00.491+0600][27.135s][info][gc          ] GC(13) Minor Collection (Allocation Rate)
[2026-04-03T02:26:00.491+0600][27.136s][info][gc,task     ] GC(13) Using 1 Workers for Young Generation
[2026-04-03T02:26:00.491+0600][27.136s][info][gc,phases   ] GC(13) y: Young Generation
[2026-04-03T02:26:00.491+0600][27.136s][info][gc,phases   ] GC(13) y: Pause Mark Start 0.021ms
[2026-04-03T02:26:00.563+0600][27.208s][info][gc,phases   ] GC(13) y: Concurrent Mark 71.593ms
[2026-04-03T02:26:00.563+0600][27.208s][info][gc,phases   ] GC(13) y: Pause Mark End 0.031ms
[2026-04-03T02:26:00.563+0600][27.208s][info][gc,phases   ] GC(13) y: Concurrent Mark Free 0.004ms
[2026-04-03T02:26:00.563+0600][27.208s][info][gc,phases   ] GC(13) y: Concurrent Reset Relocation Set 0.017ms
[2026-04-03T02:26:00.566+0600][27.211s][info][gc,reloc    ] GC(13) y: Using tenuring threshold: 4 (Computed)
[2026-04-03T02:26:00.567+0600][27.211s][info][gc,phases   ] GC(13) y: Concurrent Select Relocation Set 3.190ms
[2026-04-03T02:26:00.567+0600][27.212s][info][gc,phases   ] GC(13) y: Pause Relocate Start 0.023ms
[2026-04-03T02:26:00.578+0600][27.223s][info][gc,phases   ] GC(13) y: Concurrent Relocate 10.970ms
[2026-04-03T02:26:00.578+0600][27.223s][info][gc,alloc    ] GC(13) y:                         Mark Start        Mark End      Relocate Start    Relocate End   
[2026-04-03T02:26:00.578+0600][27.223s][info][gc,alloc    ] GC(13) y: Allocation Stalls:          0                0                0                0         
[2026-04-03T02:26:00.578+0600][27.223s][info][gc,load     ] GC(13) y: Load: 5.56 (46%) / 5.94 (49%) / 5.87 (49%)
[2026-04-03T02:26:00.578+0600][27.223s][info][gc,mmu      ] GC(13) y: MMU: 2ms/95.8%, 5ms/98.3%, 10ms/99.2%, 20ms/99.5%, 50ms/99.7%, 100ms/99.9%
[2026-04-03T02:26:00.578+0600][27.223s][info][gc,marking  ] GC(13) y: Mark: 1 stripe(s), 2 proactive flush(es), 1 terminate flush(es), 0 completion(s), 0 continuation(s) 
[2026-04-03T02:26:00.578+0600][27.223s][info][gc,marking  ] GC(13) y: Mark Stack Usage: 32M
[2026-04-03T02:26:00.578+0600][27.223s][info][gc,nmethod  ] GC(13) y: NMethods: 13224 registered, 0 unregistered
[2026-04-03T02:26:00.578+0600][27.223s][info][gc,metaspace] GC(13) y: Metaspace: 126M used, 127M committed, 1152M reserved
[2026-04-03T02:26:00.578+0600][27.223s][info][gc,reloc    ] GC(13) y:                        Candidates     Selected     In-Place         Size        Empty    Relocated 
[2026-04-03T02:26:00.578+0600][27.223s][info][gc,reloc    ] GC(13) y: Small Pages:                  317          178            0         634M         266M           5M 
[2026-04-03T02:26:00.578+0600][27.223s][info][gc,reloc    ] GC(13) y: Medium Pages:                   4            0            0         128M         128M           0M 
[2026-04-03T02:26:00.578+0600][27.223s][info][gc,reloc    ] GC(13) y: Large Pages:                   16            0            0          96M          96M           0M 
[2026-04-03T02:26:00.578+0600][27.223s][info][gc,reloc    ] GC(13) y: Forwarding Usage: 1M
[2026-04-03T02:26:00.578+0600][27.223s][info][gc,reloc    ] GC(13) y: Age Table:
[2026-04-03T02:26:00.578+0600][27.223s][info][gc,reloc    ] GC(13) y:                    Live             Garbage             Small              Medium             Large        
[2026-04-03T02:26:00.578+0600][27.223s][info][gc,reloc    ] GC(13) y: Eden               4M (0%)          839M (67%)        310 / 174            4 / 0             16 / 0        
[2026-04-03T02:26:00.578+0600][27.223s][info][gc,reloc    ] GC(13) y: Survivor 1         2M (0%)            3M (0%)           3 / 2              0 / 0              0 / 0        
[2026-04-03T02:26:00.578+0600][27.223s][info][gc,reloc    ] GC(13) y: Survivor 2         2M (0%)            1M (0%)           2 / 1              0 / 0              0 / 0        
[2026-04-03T02:26:00.578+0600][27.223s][info][gc,reloc    ] GC(13) y: Survivor 3         0M (0%)            3M (0%)           2 / 1              0 / 0              0 / 0        
[2026-04-03T02:26:00.578+0600][27.223s][info][gc,heap     ] GC(13) y: Min Capacity: 8M(1%)
[2026-04-03T02:26:00.578+0600][27.223s][info][gc,heap     ] GC(13) y: Max Capacity: 1250M(100%)
[2026-04-03T02:26:00.578+0600][27.223s][info][gc,heap     ] GC(13) y: Soft Max Capacity: 1250M(100%)
[2026-04-03T02:26:00.578+0600][27.223s][info][gc,heap     ] GC(13) y: Heap Statistics:
[2026-04-03T02:26:00.578+0600][27.223s][info][gc,heap     ] GC(13) y:                Mark Start          Mark End        Relocate Start      Relocate End           High               Low         
[2026-04-03T02:26:00.578+0600][27.223s][info][gc,heap     ] GC(13) y:  Capacity:     1250M (100%)       1250M (100%)       1250M (100%)       1250M (100%)       1250M (100%)       1250M (100%)   
[2026-04-03T02:26:00.578+0600][27.223s][info][gc,heap     ] GC(13) y:      Free:      250M (20%)         168M (13%)         658M (53%)         978M (78%)         978M (78%)         168M (13%)    
[2026-04-03T02:26:00.578+0600][27.223s][info][gc,heap     ] GC(13) y:      Used:     1000M (80%)        1082M (87%)         592M (47%)         272M (22%)        1082M (87%)         272M (22%)    
[2026-04-03T02:26:00.578+0600][27.223s][info][gc,heap     ] GC(13) y: Young Generation Statistics:
[2026-04-03T02:26:00.578+0600][27.223s][info][gc,heap     ] GC(13) y:                Mark Start          Mark End        Relocate Start      Relocate End    
[2026-04-03T02:26:00.578+0600][27.223s][info][gc,heap     ] GC(13) y:      Used:      858M (69%)         940M (75%)         450M (36%)         130M (10%)    
[2026-04-03T02:26:00.578+0600][27.223s][info][gc,heap     ] GC(13) y:      Live:         -                10M (1%)           10M (1%)           10M (1%)     
[2026-04-03T02:26:00.578+0600][27.223s][info][gc,heap     ] GC(13) y:   Garbage:         -               847M (68%)         357M (29%)           0M (0%)     
[2026-04-03T02:26:00.578+0600][27.223s][info][gc,heap     ] GC(13) y: Allocated:         -                82M (7%)           82M (7%)          119M (10%)    
[2026-04-03T02:26:00.578+0600][27.223s][info][gc,heap     ] GC(13) y: Reclaimed:         -                  -               490M (39%)         847M (68%)    
[2026-04-03T02:26:00.578+0600][27.223s][info][gc,heap     ] GC(13) y:  Promoted:         -                  -                 0M (0%)            0M (0%)     
[2026-04-03T02:26:00.578+0600][27.223s][info][gc,heap     ] GC(13) y: Compacted:         -                  -                  -                 6M (1%)     
[2026-04-03T02:26:00.578+0600][27.223s][info][gc,phases   ] GC(13) y: Young Generation 1000M(80%)->272M(22%) 0.087s
[2026-04-03T02:26:00.578+0600][27.223s][info][gc          ] GC(13) Minor Collection (Allocation Rate) 1000M(80%)->272M(22%) 0.088s
[2026-04-03T02:26:01.573+0600][28.217s][info][gc          ] GC(14) Minor Collection (Allocation Rate)
[2026-04-03T02:26:01.573+0600][28.218s][info][gc,task     ] GC(14) Using 1 Workers for Young Generation
[2026-04-03T02:26:01.573+0600][28.218s][info][gc,phases   ] GC(14) y: Young Generation
[2026-04-03T02:26:01.574+0600][28.219s][info][gc,phases   ] GC(14) y: Pause Mark Start 0.038ms
[2026-04-03T02:26:01.695+0600][28.339s][info][gc,phases   ] GC(14) y: Concurrent Mark 119.063ms
[2026-04-03T02:26:01.695+0600][28.340s][info][gc,phases   ] GC(14) y: Pause Mark End 0.033ms
[2026-04-03T02:26:01.695+0600][28.340s][info][gc,phases   ] GC(14) y: Concurrent Mark Free 0.002ms
[2026-04-03T02:26:01.695+0600][28.340s][info][gc,phases   ] GC(14) y: Concurrent Reset Relocation Set 0.022ms
[2026-04-03T02:26:01.703+0600][28.348s][info][gc,reloc    ] GC(14) y: Using tenuring threshold: 5 (Computed)
[2026-04-03T02:26:01.704+0600][28.349s][info][gc,phases   ] GC(14) y: Concurrent Select Relocation Set 8.514ms
[2026-04-03T02:26:01.704+0600][28.349s][info][gc,phases   ] GC(14) y: Pause Relocate Start 0.060ms
[2026-04-03T02:26:01.718+0600][28.363s][info][gc,phases   ] GC(14) y: Concurrent Relocate 14.097ms
[2026-04-03T02:26:01.719+0600][28.363s][info][gc,alloc    ] GC(14) y:                         Mark Start        Mark End      Relocate Start    Relocate End   
[2026-04-03T02:26:01.719+0600][28.363s][info][gc,alloc    ] GC(14) y: Allocation Stalls:          0                0                0                0         
[2026-04-03T02:26:01.719+0600][28.363s][info][gc,load     ] GC(14) y: Load: 5.56 (46%) / 5.94 (49%) / 5.87 (49%)
[2026-04-03T02:26:01.719+0600][28.363s][info][gc,mmu      ] GC(14) y: MMU: 2ms/95.8%, 5ms/98.3%, 10ms/99.1%, 20ms/99.5%, 50ms/99.7%, 100ms/99.9%
[2026-04-03T02:26:01.719+0600][28.363s][info][gc,marking  ] GC(14) y: Mark: 1 stripe(s), 3 proactive flush(es), 1 terminate flush(es), 0 completion(s), 0 continuation(s) 
[2026-04-03T02:26:01.719+0600][28.363s][info][gc,marking  ] GC(14) y: Mark Stack Usage: 32M
[2026-04-03T02:26:01.719+0600][28.363s][info][gc,nmethod  ] GC(14) y: NMethods: 13744 registered, 0 unregistered
[2026-04-03T02:26:01.719+0600][28.363s][info][gc,metaspace] GC(14) y: Metaspace: 126M used, 128M committed, 1152M reserved
[2026-04-03T02:26:01.719+0600][28.363s][info][gc,reloc    ] GC(14) y:                        Candidates     Selected     In-Place         Size        Empty    Relocated 
[2026-04-03T02:26:01.719+0600][28.364s][info][gc,reloc    ] GC(14) y: Small Pages:                  331          181            0         662M         284M           6M 
[2026-04-03T02:26:01.719+0600][28.364s][info][gc,reloc    ] GC(14) y: Medium Pages:                   3            0            0          96M          96M           0M 
[2026-04-03T02:26:01.719+0600][28.364s][info][gc,reloc    ] GC(14) y: Large Pages:                   13            0            0          78M          78M           0M 
[2026-04-03T02:26:01.719+0600][28.364s][info][gc,reloc    ] GC(14) y: Forwarding Usage: 2M
[2026-04-03T02:26:01.719+0600][28.364s][info][gc,reloc    ] GC(14) y: Age Table:
[2026-04-03T02:26:01.719+0600][28.364s][info][gc,reloc    ] GC(14) y:                    Live             Garbage             Small              Medium             Large        
[2026-04-03T02:26:01.719+0600][28.364s][info][gc,reloc    ] GC(14) y: Eden               5M (0%)          782M (63%)        307 / 163            3 / 0             13 / 0        
[2026-04-03T02:26:01.719+0600][28.364s][info][gc,reloc    ] GC(14) y: Survivor 1         2M (0%)           17M (1%)          10 / 8              0 / 0              0 / 0        
[2026-04-03T02:26:01.719+0600][28.364s][info][gc,reloc    ] GC(14) y: Survivor 2         2M (0%)            5M (0%)           4 / 2              0 / 0              0 / 0        
[2026-04-03T02:26:01.719+0600][28.364s][info][gc,reloc    ] GC(14) y: Survivor 3         2M (0%)            5M (0%)           4 / 3              0 / 0              0 / 0        
[2026-04-03T02:26:01.719+0600][28.364s][info][gc,reloc    ] GC(14) y: Survivor 4         0M (0%)           11M (1%)           6 / 5              0 / 0              0 / 0        
[2026-04-03T02:26:01.719+0600][28.364s][info][gc,heap     ] GC(14) y: Min Capacity: 8M(1%)
[2026-04-03T02:26:01.719+0600][28.364s][info][gc,heap     ] GC(14) y: Max Capacity: 1250M(100%)
[2026-04-03T02:26:01.719+0600][28.364s][info][gc,heap     ] GC(14) y: Soft Max Capacity: 1250M(100%)
[2026-04-03T02:26:01.719+0600][28.364s][info][gc,heap     ] GC(14) y: Heap Statistics:
[2026-04-03T02:26:01.719+0600][28.364s][info][gc,heap     ] GC(14) y:                Mark Start          Mark End        Relocate Start      Relocate End           High               Low         
[2026-04-03T02:26:01.719+0600][28.364s][info][gc,heap     ] GC(14) y:  Capacity:     1250M (100%)       1250M (100%)       1250M (100%)       1250M (100%)       1250M (100%)       1250M (100%)   
[2026-04-03T02:26:01.719+0600][28.364s][info][gc,heap     ] GC(14) y:      Free:      272M (22%)         124M (10%)         580M (46%)         902M (72%)         902M (72%)         124M (10%)    
[2026-04-03T02:26:01.719+0600][28.364s][info][gc,heap     ] GC(14) y:      Used:      978M (78%)        1126M (90%)         670M (54%)         348M (28%)        1126M (90%)         348M (28%)    
[2026-04-03T02:26:01.719+0600][28.364s][info][gc,heap     ] GC(14) y: Young Generation Statistics:
[2026-04-03T02:26:01.719+0600][28.364s][info][gc,heap     ] GC(14) y:                Mark Start          Mark End        Relocate Start      Relocate End    
[2026-04-03T02:26:01.719+0600][28.364s][info][gc,heap     ] GC(14) y:      Used:      836M (67%)         984M (79%)         528M (42%)         206M (16%)    
[2026-04-03T02:26:01.719+0600][28.364s][info][gc,heap     ] GC(14) y:      Live:         -                12M (1%)           12M (1%)           12M (1%)     
[2026-04-03T02:26:01.719+0600][28.364s][info][gc,heap     ] GC(14) y:   Garbage:         -               823M (66%)         365M (29%)           1M (0%)     
[2026-04-03T02:26:01.719+0600][28.364s][info][gc,heap     ] GC(14) y: Allocated:         -               148M (12%)         150M (12%)         191M (15%)    
[2026-04-03T02:26:01.719+0600][28.364s][info][gc,heap     ] GC(14) y: Reclaimed:         -                  -               458M (37%)         821M (66%)    
[2026-04-03T02:26:01.719+0600][28.364s][info][gc,heap     ] GC(14) y:  Promoted:         -                  -                 0M (0%)            0M (0%)     
[2026-04-03T02:26:01.719+0600][28.364s][info][gc,heap     ] GC(14) y: Compacted:         -                  -                  -                 8M (1%)     
[2026-04-03T02:26:01.719+0600][28.364s][info][gc,phases   ] GC(14) y: Young Generation 978M(78%)->348M(28%) 0.146s
[2026-04-03T02:26:01.719+0600][28.364s][info][gc          ] GC(14) Minor Collection (Allocation Rate) 978M(78%)->348M(28%) 0.146s
[2026-04-03T02:26:01.889+0600][28.534s][info][gc          ] GC(15) Minor Collection (Allocation Rate)
[2026-04-03T02:26:01.889+0600][28.534s][info][gc,task     ] GC(15) Using 1 Workers for Young Generation
[2026-04-03T02:26:01.889+0600][28.534s][info][gc,phases   ] GC(15) y: Young Generation
[2026-04-03T02:26:01.890+0600][28.534s][info][gc,phases   ] GC(15) y: Pause Mark Start 0.027ms
[2026-04-03T02:26:01.962+0600][28.607s][info][gc,phases   ] GC(15) y: Concurrent Mark 72.506ms
[2026-04-03T02:26:01.963+0600][28.608s][info][gc,phases   ] GC(15) y: Pause Mark End 0.033ms
[2026-04-03T02:26:01.963+0600][28.608s][info][gc,phases   ] GC(15) y: Concurrent Mark Free 0.001ms
[2026-04-03T02:26:01.963+0600][28.608s][info][gc,phases   ] GC(15) y: Concurrent Reset Relocation Set 0.025ms
[2026-04-03T02:26:01.971+0600][28.615s][info][gc,reloc    ] GC(15) y: Using tenuring threshold: 4 (Computed)
[2026-04-03T02:26:01.975+0600][28.620s][info][gc,phases   ] GC(15) y: Concurrent Select Relocation Set 11.980ms
[2026-04-03T02:26:01.976+0600][28.620s][info][gc,phases   ] GC(15) y: Pause Relocate Start 0.059ms
[2026-04-03T02:26:02.009+0600][28.653s][info][gc,phases   ] GC(15) y: Concurrent Relocate 32.966ms
[2026-04-03T02:26:02.009+0600][28.654s][info][gc,alloc    ] GC(15) y:                         Mark Start        Mark End      Relocate Start    Relocate End   
[2026-04-03T02:26:02.009+0600][28.654s][info][gc,alloc    ] GC(15) y: Allocation Stalls:          0                0                0                0         
[2026-04-03T02:26:02.009+0600][28.654s][info][gc,load     ] GC(15) y: Load: 5.56 (46%) / 5.94 (49%) / 5.87 (49%)
[2026-04-03T02:26:02.009+0600][28.654s][info][gc,mmu      ] GC(15) y: MMU: 2ms/95.8%, 5ms/98.3%, 10ms/99.1%, 20ms/99.5%, 50ms/99.7%, 100ms/99.9%
[2026-04-03T02:26:02.009+0600][28.654s][info][gc,marking  ] GC(15) y: Mark: 1 stripe(s), 2 proactive flush(es), 1 terminate flush(es), 0 completion(s), 0 continuation(s) 
[2026-04-03T02:26:02.009+0600][28.654s][info][gc,marking  ] GC(15) y: Mark Stack Usage: 32M
[2026-04-03T02:26:02.009+0600][28.654s][info][gc,nmethod  ] GC(15) y: NMethods: 13894 registered, 0 unregistered
[2026-04-03T02:26:02.009+0600][28.654s][info][gc,metaspace] GC(15) y: Metaspace: 126M used, 128M committed, 1152M reserved
[2026-04-03T02:26:02.009+0600][28.654s][info][gc,reloc    ] GC(15) y:                        Candidates     Selected     In-Place         Size        Empty    Relocated 
[2026-04-03T02:26:02.009+0600][28.654s][info][gc,reloc    ] GC(15) y: Small Pages:                  118           63            0         236M          92M           7M 
[2026-04-03T02:26:02.009+0600][28.654s][info][gc,reloc    ] GC(15) y: Medium Pages:                   1            0            0          32M          32M           0M 
[2026-04-03T02:26:02.009+0600][28.654s][info][gc,reloc    ] GC(15) y: Large Pages:                   44            0            0         264M         240M           0M 
[2026-04-03T02:26:02.009+0600][28.654s][info][gc,reloc    ] GC(15) y: Forwarding Usage: 2M
[2026-04-03T02:26:02.009+0600][28.654s][info][gc,reloc    ] GC(15) y: Age Table:
[2026-04-03T02:26:02.009+0600][28.654s][info][gc,reloc    ] GC(15) y:                    Live             Garbage             Small              Medium             Large        
[2026-04-03T02:26:02.009+0600][28.654s][info][gc,reloc    ] GC(15) y: Eden              28M (2%)          447M (36%)         90 / 42             1 / 0             44 / 0        
[2026-04-03T02:26:02.009+0600][28.654s][info][gc,reloc    ] GC(15) y: Survivor 1         3M (0%)           12M (1%)           8 / 5              0 / 0              0 / 0        
[2026-04-03T02:26:02.009+0600][28.654s][info][gc,reloc    ] GC(15) y: Survivor 2         2M (0%)            7M (1%)           5 / 4              0 / 0              0 / 0        
[2026-04-03T02:26:02.009+0600][28.654s][info][gc,reloc    ] GC(15) y: Survivor 3         2M (0%)            3M (0%)           3 / 2              0 / 0              0 / 0        
[2026-04-03T02:26:02.009+0600][28.654s][info][gc,reloc    ] GC(15) y: Survivor 4         2M (0%)            3M (0%)           3 / 2              0 / 0              0 / 0        
[2026-04-03T02:26:02.009+0600][28.654s][info][gc,reloc    ] GC(15) y: Survivor 5         0M (0%)           17M (1%)           9 / 8              0 / 0              0 / 0        
[2026-04-03T02:26:02.009+0600][28.654s][info][gc,heap     ] GC(15) y: Min Capacity: 8M(1%)
[2026-04-03T02:26:02.009+0600][28.654s][info][gc,heap     ] GC(15) y: Max Capacity: 1250M(100%)
[2026-04-03T02:26:02.009+0600][28.654s][info][gc,heap     ] GC(15) y: Soft Max Capacity: 1250M(100%)
[2026-04-03T02:26:02.009+0600][28.654s][info][gc,heap     ] GC(15) y: Heap Statistics:
[2026-04-03T02:26:02.009+0600][28.654s][info][gc,heap     ] GC(15) y:                Mark Start          Mark End        Relocate Start      Relocate End           High               Low         
[2026-04-03T02:26:02.009+0600][28.654s][info][gc,heap     ] GC(15) y:  Capacity:     1250M (100%)       1250M (100%)       1250M (100%)       1250M (100%)       1250M (100%)       1250M (100%)   
[2026-04-03T02:26:02.009+0600][28.654s][info][gc,heap     ] GC(15) y:      Free:      576M (46%)         356M (28%)         720M (58%)         794M (64%)         824M (66%)         356M (28%)    
[2026-04-03T02:26:02.009+0600][28.654s][info][gc,heap     ] GC(15) y:      Used:      674M (54%)         894M (72%)         530M (42%)         456M (36%)         894M (72%)         426M (34%)    
[2026-04-03T02:26:02.009+0600][28.654s][info][gc,heap     ] GC(15) y: Young Generation Statistics:
[2026-04-03T02:26:02.009+0600][28.654s][info][gc,heap     ] GC(15) y:                Mark Start          Mark End        Relocate Start      Relocate End    
[2026-04-03T02:26:02.009+0600][28.654s][info][gc,heap     ] GC(15) y:      Used:      532M (43%)         752M (60%)         388M (31%)         304M (24%)    
[2026-04-03T02:26:02.009+0600][28.654s][info][gc,heap     ] GC(15) y:      Live:         -                39M (3%)           39M (3%)           36M (3%)     
[2026-04-03T02:26:02.009+0600][28.654s][info][gc,heap     ] GC(15) y:   Garbage:         -               492M (39%)         128M (10%)           0M (0%)     
[2026-04-03T02:26:02.009+0600][28.654s][info][gc,heap     ] GC(15) y: Allocated:         -               220M (18%)         220M (18%)         267M (21%)    
[2026-04-03T02:26:02.009+0600][28.654s][info][gc,heap     ] GC(15) y: Reclaimed:         -                  -               364M (29%)         492M (39%)    
[2026-04-03T02:26:02.009+0600][28.654s][info][gc,heap     ] GC(15) y:  Promoted:         -                  -                 0M (0%)            3M (0%)     
[2026-04-03T02:26:02.009+0600][28.654s][info][gc,heap     ] GC(15) y: Compacted:         -                  -                  -                 8M (1%)     
[2026-04-03T02:26:02.009+0600][28.654s][info][gc,phases   ] GC(15) y: Young Generation 674M(54%)->456M(36%) 0.120s
[2026-04-03T02:26:02.009+0600][28.654s][info][gc          ] GC(15) Minor Collection (Allocation Rate) 674M(54%)->456M(36%) 0.120s
[2026-04-03T02:26:02.072+0600][28.717s][info][gc          ] GC(16) Minor Collection (Allocation Rate)
[2026-04-03T02:26:02.072+0600][28.717s][info][gc,task     ] GC(16) Using 2 Workers for Young Generation
[2026-04-03T02:26:02.072+0600][28.717s][info][gc,phases   ] GC(16) y: Young Generation
[2026-04-03T02:26:02.073+0600][28.717s][info][gc,phases   ] GC(16) y: Pause Mark Start 0.026ms
[2026-04-03T02:26:02.117+0600][28.762s][info][gc,phases   ] GC(16) y: Concurrent Mark 44.302ms
[2026-04-03T02:26:02.117+0600][28.762s][info][gc,phases   ] GC(16) y: Pause Mark End 0.026ms
[2026-04-03T02:26:02.117+0600][28.762s][info][gc,phases   ] GC(16) y: Concurrent Mark Free 0.002ms
[2026-04-03T02:26:02.118+0600][28.762s][info][gc,phases   ] GC(16) y: Concurrent Reset Relocation Set 0.040ms
[2026-04-03T02:26:02.120+0600][28.765s][info][gc,reloc    ] GC(16) y: Using tenuring threshold: 2 (Computed)
[2026-04-03T02:26:02.125+0600][28.769s][info][gc,phases   ] GC(16) y: Concurrent Select Relocation Set 7.023ms
[2026-04-03T02:26:02.125+0600][28.770s][info][gc,phases   ] GC(16) y: Pause Relocate Start 0.022ms
[2026-04-03T02:26:02.133+0600][28.778s][info][gc,phases   ] GC(16) y: Concurrent Relocate 8.484ms
[2026-04-03T02:26:02.134+0600][28.778s][info][gc,alloc    ] GC(16) y:                         Mark Start        Mark End      Relocate Start    Relocate End   
[2026-04-03T02:26:02.134+0600][28.778s][info][gc,alloc    ] GC(16) y: Allocation Stalls:          0                0                0                0         
[2026-04-03T02:26:02.134+0600][28.778s][info][gc,load     ] GC(16) y: Load: 5.56 (46%) / 5.94 (49%) / 5.87 (49%)
[2026-04-03T02:26:02.134+0600][28.778s][info][gc,mmu      ] GC(16) y: MMU: 2ms/95.8%, 5ms/98.3%, 10ms/99.1%, 20ms/99.5%, 50ms/99.7%, 100ms/99.9%
[2026-04-03T02:26:02.134+0600][28.778s][info][gc,marking  ] GC(16) y: Mark: 2 stripe(s), 2 proactive flush(es), 1 terminate flush(es), 0 completion(s), 0 continuation(s) 
[2026-04-03T02:26:02.134+0600][28.778s][info][gc,marking  ] GC(16) y: Mark Stack Usage: 32M
[2026-04-03T02:26:02.134+0600][28.778s][info][gc,nmethod  ] GC(16) y: NMethods: 13928 registered, 0 unregistered
[2026-04-03T02:26:02.134+0600][28.778s][info][gc,metaspace] GC(16) y: Metaspace: 126M used, 128M committed, 1152M reserved
[2026-04-03T02:26:02.134+0600][28.778s][info][gc,reloc    ] GC(16) y:                        Candidates     Selected     In-Place         Size        Empty    Relocated 
[2026-04-03T02:26:02.134+0600][28.778s][info][gc,reloc    ] GC(16) y: Small Pages:                   60           46            0         120M          12M           4M 
[2026-04-03T02:26:02.134+0600][28.778s][info][gc,reloc    ] GC(16) y: Medium Pages:                   1            0            0          32M          32M           0M 
[2026-04-03T02:26:02.134+0600][28.778s][info][gc,reloc    ] GC(16) y: Large Pages:                   63            0            0         378M         360M           0M 
[2026-04-03T02:26:02.134+0600][28.778s][info][gc,reloc    ] GC(16) y: Forwarding Usage: 0M
[2026-04-03T02:26:02.134+0600][28.778s][info][gc,reloc    ] GC(16) y: Age Table:
[2026-04-03T02:26:02.134+0600][28.778s][info][gc,reloc    ] GC(16) y:                    Live             Garbage             Small              Medium             Large        
[2026-04-03T02:26:02.134+0600][28.778s][info][gc,reloc    ] GC(16) y: Eden              22M (2%)          443M (36%)         40 / 32             1 / 0             59 / 0        
[2026-04-03T02:26:02.134+0600][28.778s][info][gc,reloc    ] GC(16) y: Survivor 1         1M (0%)           28M (2%)           3 / 1              0 / 0              4 / 0        
[2026-04-03T02:26:02.134+0600][28.778s][info][gc,reloc    ] GC(16) y: Survivor 2         3M (0%)            6M (1%)           5 / 3              0 / 0              0 / 0        
[2026-04-03T02:26:02.134+0600][28.778s][info][gc,reloc    ] GC(16) y: Survivor 3         2M (0%)           15M (1%)           9 / 8              0 / 0              0 / 0        
[2026-04-03T02:26:02.134+0600][28.778s][info][gc,reloc    ] GC(16) y: Survivor 4         2M (0%)            3M (0%)           3 / 2              0 / 0              0 / 0        
[2026-04-03T02:26:02.134+0600][28.779s][info][gc,heap     ] GC(16) y: Min Capacity: 8M(1%)
[2026-04-03T02:26:02.134+0600][28.779s][info][gc,heap     ] GC(16) y: Max Capacity: 1250M(100%)
[2026-04-03T02:26:02.134+0600][28.779s][info][gc,heap     ] GC(16) y: Soft Max Capacity: 1250M(100%)
[2026-04-03T02:26:02.134+0600][28.779s][info][gc,heap     ] GC(16) y: Heap Statistics:
[2026-04-03T02:26:02.134+0600][28.779s][info][gc,heap     ] GC(16) y:                Mark Start          Mark End        Relocate Start      Relocate End           High               Low         
[2026-04-03T02:26:02.134+0600][28.779s][info][gc,heap     ] GC(16) y:  Capacity:     1250M (100%)       1250M (100%)       1250M (100%)       1250M (100%)       1250M (100%)       1250M (100%)   
[2026-04-03T02:26:02.134+0600][28.779s][info][gc,heap     ] GC(16) y:      Free:      568M (45%)         320M (26%)         724M (58%)         800M (64%)         800M (64%)         320M (26%)    
[2026-04-03T02:26:02.134+0600][28.779s][info][gc,heap     ] GC(16) y:      Used:      682M (55%)         930M (74%)         526M (42%)         450M (36%)         930M (74%)         450M (36%)    
[2026-04-03T02:26:02.134+0600][28.779s][info][gc,heap     ] GC(16) y: Young Generation Statistics:
[2026-04-03T02:26:02.134+0600][28.779s][info][gc,heap     ] GC(16) y:                Mark Start          Mark End        Relocate Start      Relocate End    
[2026-04-03T02:26:02.134+0600][28.779s][info][gc,heap     ] GC(16) y:      Used:      530M (42%)         778M (62%)         366M (29%)         286M (23%)    
[2026-04-03T02:26:02.134+0600][28.779s][info][gc,heap     ] GC(16) y:      Live:         -                30M (2%)           23M (2%)           23M (2%)     
[2026-04-03T02:26:02.134+0600][28.779s][info][gc,heap     ] GC(16) y:   Garbage:         -               499M (40%)          94M (8%)            0M (0%)     
[2026-04-03T02:26:02.134+0600][28.779s][info][gc,heap     ] GC(16) y: Allocated:         -               248M (20%)         248M (20%)         262M (21%)    
[2026-04-03T02:26:02.134+0600][28.779s][info][gc,heap     ] GC(16) y: Reclaimed:         -                  -               404M (32%)         499M (40%)    
[2026-04-03T02:26:02.134+0600][28.779s][info][gc,heap     ] GC(16) y:  Promoted:         -                  -                 7M (1%)            7M (1%)     
[2026-04-03T02:26:02.134+0600][28.779s][info][gc,heap     ] GC(16) y: Compacted:         -                  -                  -                 5M (0%)     
[2026-04-03T02:26:02.134+0600][28.779s][info][gc,phases   ] GC(16) y: Young Generation 682M(55%)->450M(36%) 0.061s
[2026-04-03T02:26:02.134+0600][28.779s][info][gc          ] GC(16) Minor Collection (Allocation Rate) 682M(55%)->450M(36%) 0.062s
[2026-04-03T02:26:02.177+0600][28.822s][info][gc          ] GC(17) Minor Collection (Allocation Rate)
[2026-04-03T02:26:02.177+0600][28.822s][info][gc,task     ] GC(17) Using 2 Workers for Young Generation
[2026-04-03T02:26:02.177+0600][28.822s][info][gc,phases   ] GC(17) y: Young Generation
[2026-04-03T02:26:02.177+0600][28.822s][info][gc,phases   ] GC(17) y: Pause Mark Start 0.032ms
[2026-04-03T02:26:02.208+0600][28.853s][info][gc,phases   ] GC(17) y: Concurrent Mark 30.602ms
[2026-04-03T02:26:02.208+0600][28.853s][info][gc,phases   ] GC(17) y: Pause Mark End 0.032ms
[2026-04-03T02:26:02.208+0600][28.853s][info][gc,phases   ] GC(17) y: Concurrent Mark Free 0.003ms
[2026-04-03T02:26:02.208+0600][28.853s][info][gc,phases   ] GC(17) y: Concurrent Reset Relocation Set 0.025ms
[2026-04-03T02:26:02.212+0600][28.857s][info][gc,reloc    ] GC(17) y: Using tenuring threshold: 3 (Computed)
[2026-04-03T02:26:02.213+0600][28.857s][info][gc,phases   ] GC(17) y: Concurrent Select Relocation Set 4.028ms
[2026-04-03T02:26:02.213+0600][28.857s][info][gc,phases   ] GC(17) y: Pause Relocate Start 0.019ms
[2026-04-03T02:26:02.216+0600][28.861s][info][gc,phases   ] GC(17) y: Concurrent Relocate 3.438ms
[2026-04-03T02:26:02.216+0600][28.861s][info][gc,alloc    ] GC(17) y:                         Mark Start        Mark End      Relocate Start    Relocate End   
[2026-04-03T02:26:02.216+0600][28.861s][info][gc,alloc    ] GC(17) y: Allocation Stalls:          0                0                0                0         
[2026-04-03T02:26:02.216+0600][28.861s][info][gc,load     ] GC(17) y: Load: 5.56 (46%) / 5.94 (49%) / 5.87 (49%)
[2026-04-03T02:26:02.216+0600][28.861s][info][gc,mmu      ] GC(17) y: MMU: 2ms/95.8%, 5ms/98.3%, 10ms/99.1%, 20ms/99.5%, 50ms/99.7%, 100ms/99.9%
[2026-04-03T02:26:02.216+0600][28.861s][info][gc,marking  ] GC(17) y: Mark: 2 stripe(s), 2 proactive flush(es), 1 terminate flush(es), 0 completion(s), 0 continuation(s) 
[2026-04-03T02:26:02.216+0600][28.861s][info][gc,marking  ] GC(17) y: Mark Stack Usage: 32M
[2026-04-03T02:26:02.216+0600][28.861s][info][gc,nmethod  ] GC(17) y: NMethods: 13959 registered, 0 unregistered
[2026-04-03T02:26:02.216+0600][28.861s][info][gc,metaspace] GC(17) y: Metaspace: 126M used, 128M committed, 1152M reserved
[2026-04-03T02:26:02.217+0600][28.861s][info][gc,reloc    ] GC(17) y:                        Candidates     Selected     In-Place         Size        Empty    Relocated 
[2026-04-03T02:26:02.217+0600][28.861s][info][gc,reloc    ] GC(17) y: Small Pages:                   30           23            0          60M           8M           4M 
[2026-04-03T02:26:02.217+0600][28.861s][info][gc,reloc    ] GC(17) y: Medium Pages:                   1            0            0          32M          32M           0M 
[2026-04-03T02:26:02.217+0600][28.861s][info][gc,reloc    ] GC(17) y: Large Pages:                   35            0            0         210M         210M           0M 
[2026-04-03T02:26:02.217+0600][28.861s][info][gc,reloc    ] GC(17) y: Forwarding Usage: 0M
[2026-04-03T02:26:02.217+0600][28.861s][info][gc,reloc    ] GC(17) y: Age Table:
[2026-04-03T02:26:02.217+0600][28.861s][info][gc,reloc    ] GC(17) y:                    Live             Garbage             Small              Medium             Large        
[2026-04-03T02:26:02.217+0600][28.861s][info][gc,reloc    ] GC(17) y: Eden               3M (0%)          262M (21%)         21 / 16             1 / 0             32 / 0        
[2026-04-03T02:26:02.217+0600][28.861s][info][gc,reloc    ] GC(17) y: Survivor 1         0M (0%)           27M (2%)           5 / 3              0 / 0              3 / 0        
[2026-04-03T02:26:02.217+0600][28.861s][info][gc,reloc    ] GC(17) y: Survivor 2         1M (0%)            6M (1%)           4 / 4              0 / 0              0 / 0        
[2026-04-03T02:26:02.217+0600][28.861s][info][gc,heap     ] GC(17) y: Min Capacity: 8M(1%)
[2026-04-03T02:26:02.217+0600][28.861s][info][gc,heap     ] GC(17) y: Max Capacity: 1250M(100%)
[2026-04-03T02:26:02.217+0600][28.861s][info][gc,heap     ] GC(17) y: Soft Max Capacity: 1250M(100%)
[2026-04-03T02:26:02.217+0600][28.861s][info][gc,heap     ] GC(17) y: Heap Statistics:
[2026-04-03T02:26:02.217+0600][28.861s][info][gc,heap     ] GC(17) y:                Mark Start          Mark End        Relocate Start      Relocate End           High               Low         
[2026-04-03T02:26:02.217+0600][28.861s][info][gc,heap     ] GC(17) y:  Capacity:     1250M (100%)       1250M (100%)       1250M (100%)       1250M (100%)       1250M (100%)       1250M (100%)   
[2026-04-03T02:26:02.217+0600][28.861s][info][gc,heap     ] GC(17) y:      Free:      784M (63%)         706M (56%)         954M (76%)         990M (79%)         990M (79%)         704M (56%)    
[2026-04-03T02:26:02.217+0600][28.861s][info][gc,heap     ] GC(17) y:      Used:      466M (37%)         544M (44%)         296M (24%)         260M (21%)         546M (44%)         260M (21%)    
[2026-04-03T02:26:02.217+0600][28.861s][info][gc,heap     ] GC(17) y: Young Generation Statistics:
[2026-04-03T02:26:02.217+0600][28.861s][info][gc,heap     ] GC(17) y:                Mark Start          Mark End        Relocate Start      Relocate End    
[2026-04-03T02:26:02.217+0600][28.862s][info][gc,heap     ] GC(17) y:      Used:      302M (24%)         380M (30%)         132M (11%)          96M (8%)     
[2026-04-03T02:26:02.217+0600][28.862s][info][gc,heap     ] GC(17) y:      Live:         -                 4M (0%)            4M (0%)            4M (0%)     
[2026-04-03T02:26:02.217+0600][28.862s][info][gc,heap     ] GC(17) y:   Garbage:         -               297M (24%)          47M (4%)            0M (0%)     
[2026-04-03T02:26:02.217+0600][28.862s][info][gc,heap     ] GC(17) y: Allocated:         -                78M (6%)           80M (6%)           91M (7%)     
[2026-04-03T02:26:02.217+0600][28.862s][info][gc,heap     ] GC(17) y: Reclaimed:         -                  -               250M (20%)         297M (24%)    
[2026-04-03T02:26:02.217+0600][28.862s][info][gc,heap     ] GC(17) y:  Promoted:         -                  -                 0M (0%)            0M (0%)     
[2026-04-03T02:26:02.217+0600][28.862s][info][gc,heap     ] GC(17) y: Compacted:         -                  -                  -                 4M (0%)     
[2026-04-03T02:26:02.217+0600][28.862s][info][gc,phases   ] GC(17) y: Young Generation 466M(37%)->260M(21%) 0.039s
[2026-04-03T02:26:02.217+0600][28.862s][info][gc          ] GC(17) Minor Collection (Allocation Rate) 466M(37%)->260M(21%) 0.040s
[2026-04-03T02:26:02.681+0600][29.326s][info][gc          ] GC(18) Minor Collection (Allocation Rate)
[2026-04-03T02:26:02.681+0600][29.326s][info][gc,task     ] GC(18) Using 2 Workers for Young Generation
[2026-04-03T02:26:02.681+0600][29.326s][info][gc,phases   ] GC(18) y: Young Generation
[2026-04-03T02:26:02.681+0600][29.326s][info][gc,phases   ] GC(18) y: Pause Mark Start 0.015ms
[2026-04-03T02:26:02.699+0600][29.343s][info][gc,phases   ] GC(18) y: Concurrent Mark 17.380ms
[2026-04-03T02:26:02.699+0600][29.344s][info][gc,phases   ] GC(18) y: Pause Mark End 0.019ms
[2026-04-03T02:26:02.699+0600][29.344s][info][gc,phases   ] GC(18) y: Concurrent Mark Free 0.001ms
[2026-04-03T02:26:02.699+0600][29.344s][info][gc,phases   ] GC(18) y: Concurrent Reset Relocation Set 0.006ms
[2026-04-03T02:26:02.700+0600][29.345s][info][gc,reloc    ] GC(18) y: Using tenuring threshold: 4 (Computed)
[2026-04-03T02:26:02.701+0600][29.346s][info][gc,phases   ] GC(18) y: Concurrent Select Relocation Set 2.159ms
[2026-04-03T02:26:02.701+0600][29.346s][info][gc,phases   ] GC(18) y: Pause Relocate Start 0.012ms
[2026-04-03T02:26:02.703+0600][29.348s][info][gc,phases   ] GC(18) y: Concurrent Relocate 1.804ms
[2026-04-03T02:26:02.703+0600][29.348s][info][gc,alloc    ] GC(18) y:                         Mark Start        Mark End      Relocate Start    Relocate End   
[2026-04-03T02:26:02.703+0600][29.348s][info][gc,alloc    ] GC(18) y: Allocation Stalls:          0                0                0                0         
[2026-04-03T02:26:02.703+0600][29.348s][info][gc,load     ] GC(18) y: Load: 5.56 (46%) / 5.94 (49%) / 5.87 (49%)
[2026-04-03T02:26:02.703+0600][29.348s][info][gc,mmu      ] GC(18) y: MMU: 2ms/95.8%, 5ms/98.3%, 10ms/99.1%, 20ms/99.5%, 50ms/99.7%, 100ms/99.9%
[2026-04-03T02:26:02.703+0600][29.348s][info][gc,marking  ] GC(18) y: Mark: 2 stripe(s), 2 proactive flush(es), 1 terminate flush(es), 0 completion(s), 0 continuation(s) 
[2026-04-03T02:26:02.703+0600][29.348s][info][gc,marking  ] GC(18) y: Mark Stack Usage: 32M
[2026-04-03T02:26:02.703+0600][29.348s][info][gc,nmethod  ] GC(18) y: NMethods: 14104 registered, 0 unregistered
[2026-04-03T02:26:02.703+0600][29.348s][info][gc,metaspace] GC(18) y: Metaspace: 127M used, 128M committed, 1152M reserved
[2026-04-03T02:26:02.703+0600][29.348s][info][gc,reloc    ] GC(18) y:                        Candidates     Selected     In-Place         Size        Empty    Relocated 
[2026-04-03T02:26:02.703+0600][29.348s][info][gc,reloc    ] GC(18) y: Small Pages:                  121          105            0         242M          26M           2M 
[2026-04-03T02:26:02.703+0600][29.348s][info][gc,reloc    ] GC(18) y: Medium Pages:                   2            0            0          64M          64M           0M 
[2026-04-03T02:26:02.703+0600][29.348s][info][gc,reloc    ] GC(18) y: Large Pages:                    5            0            0          30M          30M           0M 
[2026-04-03T02:26:02.703+0600][29.348s][info][gc,reloc    ] GC(18) y: Forwarding Usage: 0M
[2026-04-03T02:26:02.703+0600][29.348s][info][gc,reloc    ] GC(18) y: Age Table:
[2026-04-03T02:26:02.703+0600][29.348s][info][gc,reloc    ] GC(18) y:                    Live             Garbage             Small              Medium             Large        
[2026-04-03T02:26:02.703+0600][29.348s][info][gc,reloc    ] GC(18) y: Eden               1M (0%)          318M (25%)        113 / 100            2 / 0              5 / 0        
[2026-04-03T02:26:02.703+0600][29.348s][info][gc,reloc    ] GC(18) y: Survivor 1         0M (0%)            3M (0%)           2 / 1              0 / 0              0 / 0        
[2026-04-03T02:26:02.703+0600][29.348s][info][gc,reloc    ] GC(18) y: Survivor 2         0M (0%)            5M (0%)           3 / 2              0 / 0              0 / 0        
[2026-04-03T02:26:02.703+0600][29.348s][info][gc,reloc    ] GC(18) y: Survivor 3         1M (0%)            4M (0%)           3 / 2              0 / 0              0 / 0        
[2026-04-03T02:26:02.703+0600][29.348s][info][gc,heap     ] GC(18) y: Min Capacity: 8M(1%)
[2026-04-03T02:26:02.704+0600][29.348s][info][gc,heap     ] GC(18) y: Max Capacity: 1250M(100%)
[2026-04-03T02:26:02.704+0600][29.348s][info][gc,heap     ] GC(18) y: Soft Max Capacity: 1250M(100%)
[2026-04-03T02:26:02.704+0600][29.348s][info][gc,heap     ] GC(18) y: Heap Statistics:
[2026-04-03T02:26:02.704+0600][29.348s][info][gc,heap     ] GC(18) y:                Mark Start          Mark End        Relocate Start      Relocate End           High               Low         
[2026-04-03T02:26:02.704+0600][29.348s][info][gc,heap     ] GC(18) y:  Capacity:     1250M (100%)       1250M (100%)       1250M (100%)       1250M (100%)       1250M (100%)       1250M (100%)   
[2026-04-03T02:26:02.704+0600][29.348s][info][gc,heap     ] GC(18) y:      Free:      750M (60%)         740M (59%)         860M (69%)        1058M (85%)        1058M (85%)         740M (59%)    
[2026-04-03T02:26:02.704+0600][29.348s][info][gc,heap     ] GC(18) y:      Used:      500M (40%)         510M (41%)         390M (31%)         192M (15%)         510M (41%)         192M (15%)    
[2026-04-03T02:26:02.704+0600][29.348s][info][gc,heap     ] GC(18) y: Young Generation Statistics:
[2026-04-03T02:26:02.704+0600][29.348s][info][gc,heap     ] GC(18) y:                Mark Start          Mark End        Relocate Start      Relocate End    
[2026-04-03T02:26:02.704+0600][29.348s][info][gc,heap     ] GC(18) y:      Used:      336M (27%)         346M (28%)         226M (18%)          28M (2%)     
[2026-04-03T02:26:02.704+0600][29.348s][info][gc,heap     ] GC(18) y:      Live:         -                 4M (0%)            4M (0%)            4M (0%)     
[2026-04-03T02:26:02.704+0600][29.348s][info][gc,heap     ] GC(18) y:   Garbage:         -               331M (27%)         211M (17%)           0M (0%)     
[2026-04-03T02:26:02.704+0600][29.348s][info][gc,heap     ] GC(18) y: Allocated:         -                10M (1%)           10M (1%)           23M (2%)     
[2026-04-03T02:26:02.704+0600][29.348s][info][gc,heap     ] GC(18) y: Reclaimed:         -                  -               120M (10%)         331M (26%)    
[2026-04-03T02:26:02.704+0600][29.348s][info][gc,heap     ] GC(18) y:  Promoted:         -                  -                 0M (0%)            0M (0%)     
[2026-04-03T02:26:02.704+0600][29.348s][info][gc,heap     ] GC(18) y: Compacted:         -                  -                  -                 2M (0%)     
[2026-04-03T02:26:02.704+0600][29.348s][info][gc,phases   ] GC(18) y: Young Generation 500M(40%)->192M(15%) 0.022s
[2026-04-03T02:26:02.704+0600][29.348s][info][gc          ] GC(18) Minor Collection (Allocation Rate) 500M(40%)->192M(15%) 0.023s
[2026-04-03T02:26:02.892+0600][29.537s][info][gc          ] GC(19) Minor Collection (Allocation Rate)
[2026-04-03T02:26:02.892+0600][29.537s][info][gc,task     ] GC(19) Using 1 Workers for Young Generation
[2026-04-03T02:26:02.893+0600][29.537s][info][gc,phases   ] GC(19) y: Young Generation
[2026-04-03T02:26:02.893+0600][29.538s][info][gc,phases   ] GC(19) y: Pause Mark Start 0.038ms
[2026-04-03T02:26:02.934+0600][29.579s][info][gc,phases   ] GC(19) y: Concurrent Mark 40.669ms
[2026-04-03T02:26:02.934+0600][29.579s][info][gc,phases   ] GC(19) y: Pause Mark End 0.022ms
[2026-04-03T02:26:02.934+0600][29.579s][info][gc,phases   ] GC(19) y: Concurrent Mark Free 0.001ms
[2026-04-03T02:26:02.934+0600][29.579s][info][gc,phases   ] GC(19) y: Concurrent Reset Relocation Set 0.013ms
[2026-04-03T02:26:02.937+0600][29.582s][info][gc,reloc    ] GC(19) y: Using tenuring threshold: 3 (Computed)
[2026-04-03T02:26:02.940+0600][29.585s][info][gc,phases   ] GC(19) y: Concurrent Select Relocation Set 5.750ms
[2026-04-03T02:26:02.940+0600][29.585s][info][gc,phases   ] GC(19) y: Pause Relocate Start 0.025ms
[2026-04-03T02:26:02.950+0600][29.595s][info][gc,phases   ] GC(19) y: Concurrent Relocate 9.689ms
[2026-04-03T02:26:02.950+0600][29.595s][info][gc,alloc    ] GC(19) y:                         Mark Start        Mark End      Relocate Start    Relocate End   
[2026-04-03T02:26:02.950+0600][29.595s][info][gc,alloc    ] GC(19) y: Allocation Stalls:          0                0                0                0         
[2026-04-03T02:26:02.950+0600][29.595s][info][gc,load     ] GC(19) y: Load: 5.56 (46%) / 5.94 (49%) / 5.87 (49%)
[2026-04-03T02:26:02.950+0600][29.595s][info][gc,mmu      ] GC(19) y: MMU: 2ms/95.8%, 5ms/98.3%, 10ms/99.1%, 20ms/99.5%, 50ms/99.7%, 100ms/99.9%
[2026-04-03T02:26:02.950+0600][29.595s][info][gc,marking  ] GC(19) y: Mark: 1 stripe(s), 2 proactive flush(es), 1 terminate flush(es), 0 completion(s), 0 continuation(s) 
[2026-04-03T02:26:02.950+0600][29.595s][info][gc,marking  ] GC(19) y: Mark Stack Usage: 32M
[2026-04-03T02:26:02.950+0600][29.595s][info][gc,nmethod  ] GC(19) y: NMethods: 14192 registered, 0 unregistered
[2026-04-03T02:26:02.950+0600][29.595s][info][gc,metaspace] GC(19) y: Metaspace: 127M used, 128M committed, 1152M reserved
[2026-04-03T02:26:02.950+0600][29.595s][info][gc,reloc    ] GC(19) y:                        Candidates     Selected     In-Place         Size        Empty    Relocated 
[2026-04-03T02:26:02.950+0600][29.595s][info][gc,reloc    ] GC(19) y: Small Pages:                   77           67            0         154M          12M           4M 
[2026-04-03T02:26:02.950+0600][29.595s][info][gc,reloc    ] GC(19) y: Medium Pages:                   1            0            0          32M          32M           0M 
[2026-04-03T02:26:02.950+0600][29.595s][info][gc,reloc    ] GC(19) y: Large Pages:                    2            0            0          12M          12M           0M 
[2026-04-03T02:26:02.950+0600][29.595s][info][gc,reloc    ] GC(19) y: Forwarding Usage: 1M
[2026-04-03T02:26:02.950+0600][29.595s][info][gc,reloc    ] GC(19) y: Age Table:
[2026-04-03T02:26:02.950+0600][29.595s][info][gc,reloc    ] GC(19) y:                    Live             Garbage             Small              Medium             Large        
[2026-04-03T02:26:02.951+0600][29.595s][info][gc,reloc    ] GC(19) y: Eden               2M (0%)          177M (14%)         68 / 61             1 / 0              2 / 0        
[2026-04-03T02:26:02.951+0600][29.595s][info][gc,reloc    ] GC(19) y: Survivor 1         1M (0%)            2M (0%)           2 / 1              0 / 0              0 / 0        
[2026-04-03T02:26:02.951+0600][29.595s][info][gc,reloc    ] GC(19) y: Survivor 2         0M (0%)            3M (0%)           2 / 2              0 / 0              0 / 0        
[2026-04-03T02:26:02.951+0600][29.595s][info][gc,reloc    ] GC(19) y: Survivor 3         0M (0%)            5M (0%)           3 / 2              0 / 0              0 / 0        
[2026-04-03T02:26:02.951+0600][29.595s][info][gc,reloc    ] GC(19) y: Survivor 4         1M (0%)            2M (0%)           2 / 1              0 / 0              0 / 0        
[2026-04-03T02:26:02.951+0600][29.595s][info][gc,heap     ] GC(19) y: Min Capacity: 8M(1%)
[2026-04-03T02:26:02.951+0600][29.595s][info][gc,heap     ] GC(19) y: Max Capacity: 1250M(100%)
[2026-04-03T02:26:02.951+0600][29.595s][info][gc,heap     ] GC(19) y: Soft Max Capacity: 1250M(100%)
[2026-04-03T02:26:02.951+0600][29.595s][info][gc,heap     ] GC(19) y: Heap Statistics:
[2026-04-03T02:26:02.951+0600][29.595s][info][gc,heap     ] GC(19) y:                Mark Start          Mark End        Relocate Start      Relocate End           High               Low         
[2026-04-03T02:26:02.951+0600][29.595s][info][gc,heap     ] GC(19) y:  Capacity:     1250M (100%)       1250M (100%)       1250M (100%)       1250M (100%)       1250M (100%)       1250M (100%)   
[2026-04-03T02:26:02.951+0600][29.595s][info][gc,heap     ] GC(19) y:      Free:      888M (71%)         820M (66%)         870M (70%)         982M (79%)         982M (79%)         818M (65%)    
[2026-04-03T02:26:02.951+0600][29.595s][info][gc,heap     ] GC(19) y:      Used:      362M (29%)         430M (34%)         380M (30%)         268M (21%)         432M (35%)         268M (21%)    
[2026-04-03T02:26:02.951+0600][29.595s][info][gc,heap     ] GC(19) y: Young Generation Statistics:
[2026-04-03T02:26:02.951+0600][29.595s][info][gc,heap     ] GC(19) y:                Mark Start          Mark End        Relocate Start      Relocate End    
[2026-04-03T02:26:02.951+0600][29.595s][info][gc,heap     ] GC(19) y:      Used:      198M (16%)         266M (21%)         216M (17%)         102M (8%)     
[2026-04-03T02:26:02.951+0600][29.595s][info][gc,heap     ] GC(19) y:      Live:         -                 6M (1%)            6M (1%)            4M (0%)     
[2026-04-03T02:26:02.951+0600][29.595s][info][gc,heap     ] GC(19) y:   Garbage:         -               191M (15%)         135M (11%)           0M (0%)     
[2026-04-03T02:26:02.951+0600][29.595s][info][gc,heap     ] GC(19) y: Allocated:         -                68M (5%)           74M (6%)           97M (8%)     
[2026-04-03T02:26:02.951+0600][29.595s][info][gc,heap     ] GC(19) y: Reclaimed:         -                  -                56M (4%)          191M (15%)    
[2026-04-03T02:26:02.951+0600][29.595s][info][gc,heap     ] GC(19) y:  Promoted:         -                  -                 0M (0%)            1M (0%)     
[2026-04-03T02:26:02.951+0600][29.595s][info][gc,heap     ] GC(19) y: Compacted:         -                  -                  -                 4M (0%)     
[2026-04-03T02:26:02.951+0600][29.595s][info][gc,phases   ] GC(19) y: Young Generation 362M(29%)->268M(21%) 0.058s
[2026-04-03T02:26:02.951+0600][29.595s][info][gc          ] GC(19) Minor Collection (Allocation Rate) 362M(29%)->268M(21%) 0.058s
[2026-04-03T02:26:03.472+0600][30.117s][info][gc          ] GC(20) Minor Collection (Allocation Rate)
[2026-04-03T02:26:03.472+0600][30.117s][info][gc,task     ] GC(20) Using 1 Workers for Young Generation
[2026-04-03T02:26:03.472+0600][30.117s][info][gc,phases   ] GC(20) y: Young Generation
[2026-04-03T02:26:03.472+0600][30.117s][info][gc,phases   ] GC(20) y: Pause Mark Start 0.023ms
[2026-04-03T02:26:03.523+0600][30.167s][info][gc,phases   ] GC(20) y: Concurrent Mark 50.150ms
[2026-04-03T02:26:03.523+0600][30.168s][info][gc,phases   ] GC(20) y: Pause Mark End 0.054ms
[2026-04-03T02:26:03.523+0600][30.168s][info][gc,phases   ] GC(20) y: Concurrent Mark Free 0.003ms
[2026-04-03T02:26:03.523+0600][30.168s][info][gc,phases   ] GC(20) y: Concurrent Reset Relocation Set 0.009ms
[2026-04-03T02:26:03.525+0600][30.170s][info][gc,reloc    ] GC(20) y: Using tenuring threshold: 3 (Computed)
[2026-04-03T02:26:03.526+0600][30.171s][info][gc,phases   ] GC(20) y: Concurrent Select Relocation Set 2.759ms
[2026-04-03T02:26:03.526+0600][30.171s][info][gc,phases   ] GC(20) y: Pause Relocate Start 0.018ms
[2026-04-03T02:26:03.535+0600][30.180s][info][gc,phases   ] GC(20) y: Concurrent Relocate 8.801ms
[2026-04-03T02:26:03.535+0600][30.180s][info][gc,alloc    ] GC(20) y:                         Mark Start        Mark End      Relocate Start    Relocate End   
[2026-04-03T02:26:03.535+0600][30.180s][info][gc,alloc    ] GC(20) y: Allocation Stalls:          0                0                0                0         
[2026-04-03T02:26:03.535+0600][30.180s][info][gc,load     ] GC(20) y: Load: 5.56 (46%) / 5.94 (49%) / 5.87 (49%)
[2026-04-03T02:26:03.535+0600][30.180s][info][gc,mmu      ] GC(20) y: MMU: 2ms/95.8%, 5ms/98.3%, 10ms/99.1%, 20ms/99.5%, 50ms/99.7%, 100ms/99.9%
[2026-04-03T02:26:03.535+0600][30.180s][info][gc,marking  ] GC(20) y: Mark: 1 stripe(s), 2 proactive flush(es), 1 terminate flush(es), 0 completion(s), 0 continuation(s) 
[2026-04-03T02:26:03.535+0600][30.180s][info][gc,marking  ] GC(20) y: Mark Stack Usage: 32M
[2026-04-03T02:26:03.535+0600][30.180s][info][gc,nmethod  ] GC(20) y: NMethods: 14313 registered, 0 unregistered
[2026-04-03T02:26:03.535+0600][30.180s][info][gc,metaspace] GC(20) y: Metaspace: 127M used, 128M committed, 1152M reserved
[2026-04-03T02:26:03.535+0600][30.180s][info][gc,reloc    ] GC(20) y:                        Candidates     Selected     In-Place         Size        Empty    Relocated 
[2026-04-03T02:26:03.535+0600][30.180s][info][gc,reloc    ] GC(20) y: Small Pages:                  150          101            0         300M          90M           5M 
[2026-04-03T02:26:03.535+0600][30.180s][info][gc,reloc    ] GC(20) y: Medium Pages:                   2            0            0          64M          64M           0M 
[2026-04-03T02:26:03.535+0600][30.180s][info][gc,reloc    ] GC(20) y: Large Pages:                    8            0            0          48M          48M           0M 
[2026-04-03T02:26:03.535+0600][30.180s][info][gc,reloc    ] GC(20) y: Forwarding Usage: 1M
[2026-04-03T02:26:03.535+0600][30.180s][info][gc,reloc    ] GC(20) y: Age Table:
[2026-04-03T02:26:03.535+0600][30.180s][info][gc,reloc    ] GC(20) y:                    Live             Garbage             Small              Medium             Large        
[2026-04-03T02:26:03.535+0600][30.180s][info][gc,reloc    ] GC(20) y: Eden               4M (0%)          379M (30%)        136 / 88             2 / 0              8 / 0        
[2026-04-03T02:26:03.535+0600][30.180s][info][gc,reloc    ] GC(20) y: Survivor 1         0M (0%)            3M (0%)           2 / 1              0 / 0              0 / 0        
[2026-04-03T02:26:03.535+0600][30.180s][info][gc,reloc    ] GC(20) y: Survivor 2         1M (0%)           14M (1%)           8 / 8              0 / 0              0 / 0        
[2026-04-03T02:26:03.535+0600][30.180s][info][gc,reloc    ] GC(20) y: Survivor 3         0M (0%)            7M (1%)           4 / 4              0 / 0              0 / 0        
[2026-04-03T02:26:03.535+0600][30.180s][info][gc,heap     ] GC(20) y: Min Capacity: 8M(1%)
[2026-04-03T02:26:03.535+0600][30.180s][info][gc,heap     ] GC(20) y: Max Capacity: 1250M(100%)
[2026-04-03T02:26:03.536+0600][30.180s][info][gc,heap     ] GC(20) y: Soft Max Capacity: 1250M(100%)
[2026-04-03T02:26:03.536+0600][30.180s][info][gc,heap     ] GC(20) y: Heap Statistics:
[2026-04-03T02:26:03.536+0600][30.180s][info][gc,heap     ] GC(20) y:                Mark Start          Mark End        Relocate Start      Relocate End           High               Low         
[2026-04-03T02:26:03.536+0600][30.180s][info][gc,heap     ] GC(20) y:  Capacity:     1250M (100%)       1250M (100%)       1250M (100%)       1250M (100%)       1250M (100%)       1250M (100%)   
[2026-04-03T02:26:03.536+0600][30.180s][info][gc,heap     ] GC(20) y:      Free:      672M (54%)         610M (49%)         806M (64%)         992M (79%)         994M (80%)         606M (48%)    
[2026-04-03T02:26:03.536+0600][30.180s][info][gc,heap     ] GC(20) y:      Used:      578M (46%)         640M (51%)         444M (36%)         258M (21%)         644M (52%)         256M (20%)    
[2026-04-03T02:26:03.536+0600][30.180s][info][gc,heap     ] GC(20) y: Young Generation Statistics:
[2026-04-03T02:26:03.536+0600][30.180s][info][gc,heap     ] GC(20) y:                Mark Start          Mark End        Relocate Start      Relocate End    
[2026-04-03T02:26:03.536+0600][30.180s][info][gc,heap     ] GC(20) y:      Used:      412M (33%)         474M (38%)         278M (22%)          90M (7%)     
[2026-04-03T02:26:03.536+0600][30.180s][info][gc,heap     ] GC(20) y:      Live:         -                 6M (1%)            6M (1%)            6M (1%)     
[2026-04-03T02:26:03.536+0600][30.180s][info][gc,heap     ] GC(20) y:   Garbage:         -               405M (32%)         203M (16%)           0M (0%)     
[2026-04-03T02:26:03.536+0600][30.180s][info][gc,heap     ] GC(20) y: Allocated:         -                62M (5%)           68M (5%)           83M (7%)     
[2026-04-03T02:26:03.536+0600][30.180s][info][gc,heap     ] GC(20) y: Reclaimed:         -                  -               202M (16%)         405M (32%)    
[2026-04-03T02:26:03.536+0600][30.180s][info][gc,heap     ] GC(20) y:  Promoted:         -                  -                 0M (0%)            0M (0%)     
[2026-04-03T02:26:03.536+0600][30.180s][info][gc,heap     ] GC(20) y: Compacted:         -                  -                  -                 6M (1%)     
[2026-04-03T02:26:03.536+0600][30.180s][info][gc,phases   ] GC(20) y: Young Generation 578M(46%)->258M(21%) 0.063s
[2026-04-03T02:26:03.536+0600][30.180s][info][gc          ] GC(20) Minor Collection (Allocation Rate) 578M(46%)->258M(21%) 0.064s
[2026-04-03T02:26:04.633+0600][31.278s][info][gc          ] GC(21) Minor Collection (Allocation Rate)
[2026-04-03T02:26:04.633+0600][31.278s][info][gc,task     ] GC(21) Using 1 Workers for Young Generation
[2026-04-03T02:26:04.633+0600][31.278s][info][gc,phases   ] GC(21) y: Young Generation
[2026-04-03T02:26:04.633+0600][31.278s][info][gc,phases   ] GC(21) y: Pause Mark Start 0.016ms
[2026-04-03T02:26:04.662+0600][31.307s][info][gc,phases   ] GC(21) y: Concurrent Mark 29.025ms
[2026-04-03T02:26:04.663+0600][31.307s][info][gc,phases   ] GC(21) y: Pause Mark End 0.018ms
[2026-04-03T02:26:04.663+0600][31.308s][info][gc,phases   ] GC(21) y: Concurrent Mark Free 0.001ms
[2026-04-03T02:26:04.663+0600][31.308s][info][gc,phases   ] GC(21) y: Concurrent Reset Relocation Set 0.008ms
[2026-04-03T02:26:04.667+0600][31.312s][info][gc,reloc    ] GC(21) y: Using tenuring threshold: 4 (Computed)
[2026-04-03T02:26:04.668+0600][31.312s][info][gc,phases   ] GC(21) y: Concurrent Select Relocation Set 4.715ms
[2026-04-03T02:26:04.668+0600][31.313s][info][gc,phases   ] GC(21) y: Pause Relocate Start 0.018ms
[2026-04-03T02:26:04.673+0600][31.317s][info][gc,phases   ] GC(21) y: Concurrent Relocate 4.585ms
[2026-04-03T02:26:04.673+0600][31.317s][info][gc,alloc    ] GC(21) y:                         Mark Start        Mark End      Relocate Start    Relocate End   
[2026-04-03T02:26:04.673+0600][31.317s][info][gc,alloc    ] GC(21) y: Allocation Stalls:          0                0                0                0         
[2026-04-03T02:26:04.673+0600][31.317s][info][gc,load     ] GC(21) y: Load: 5.56 (46%) / 5.94 (49%) / 5.87 (49%)
[2026-04-03T02:26:04.673+0600][31.317s][info][gc,mmu      ] GC(21) y: MMU: 2ms/95.8%, 5ms/98.3%, 10ms/99.1%, 20ms/99.5%, 50ms/99.7%, 100ms/99.9%
[2026-04-03T02:26:04.673+0600][31.317s][info][gc,marking  ] GC(21) y: Mark: 1 stripe(s), 2 proactive flush(es), 1 terminate flush(es), 0 completion(s), 0 continuation(s) 
[2026-04-03T02:26:04.673+0600][31.318s][info][gc,marking  ] GC(21) y: Mark Stack Usage: 32M
[2026-04-03T02:26:04.673+0600][31.318s][info][gc,nmethod  ] GC(21) y: NMethods: 14562 registered, 0 unregistered
[2026-04-03T02:26:04.673+0600][31.318s][info][gc,metaspace] GC(21) y: Metaspace: 127M used, 128M committed, 1152M reserved
[2026-04-03T02:26:04.673+0600][31.318s][info][gc,reloc    ] GC(21) y:                        Candidates     Selected     In-Place         Size        Empty    Relocated 
[2026-04-03T02:26:04.673+0600][31.318s][info][gc,reloc    ] GC(21) y: Small Pages:                  294          161            0         588M         260M           4M 
[2026-04-03T02:26:04.673+0600][31.318s][info][gc,reloc    ] GC(21) y: Medium Pages:                   4            0            0         128M         128M           0M 
[2026-04-03T02:26:04.673+0600][31.318s][info][gc,reloc    ] GC(21) y: Large Pages:                   14            0            0          84M          84M           0M 
[2026-04-03T02:26:04.673+0600][31.318s][info][gc,reloc    ] GC(21) y: Forwarding Usage: 1M
[2026-04-03T02:26:04.673+0600][31.318s][info][gc,reloc    ] GC(21) y: Age Table:
[2026-04-03T02:26:04.673+0600][31.318s][info][gc,reloc    ] GC(21) y:                    Live             Garbage             Small              Medium             Large        
[2026-04-03T02:26:04.673+0600][31.318s][info][gc,reloc    ] GC(21) y: Eden               2M (0%)          775M (62%)        283 / 156            4 / 0             14 / 0        
[2026-04-03T02:26:04.673+0600][31.318s][info][gc,reloc    ] GC(21) y: Survivor 1         0M (0%)           11M (1%)           6 / 1              0 / 0              0 / 0        
[2026-04-03T02:26:04.673+0600][31.318s][info][gc,reloc    ] GC(21) y: Survivor 2         0M (0%)            1M (0%)           1 / 1              0 / 0              0 / 0        
[2026-04-03T02:26:04.673+0600][31.318s][info][gc,reloc    ] GC(21) y: Survivor 3         1M (0%)            6M (1%)           4 / 3              0 / 0              0 / 0        
[2026-04-03T02:26:04.673+0600][31.318s][info][gc,heap     ] GC(21) y: Min Capacity: 8M(1%)
[2026-04-03T02:26:04.673+0600][31.318s][info][gc,heap     ] GC(21) y: Max Capacity: 1250M(100%)
[2026-04-03T02:26:04.673+0600][31.318s][info][gc,heap     ] GC(21) y: Soft Max Capacity: 1250M(100%)
[2026-04-03T02:26:04.673+0600][31.318s][info][gc,heap     ] GC(21) y: Heap Statistics:
[2026-04-03T02:26:04.673+0600][31.318s][info][gc,heap     ] GC(21) y:                Mark Start          Mark End        Relocate Start      Relocate End           High               Low         
[2026-04-03T02:26:04.673+0600][31.318s][info][gc,heap     ] GC(21) y:  Capacity:     1250M (100%)       1250M (100%)       1250M (100%)       1250M (100%)       1250M (100%)       1250M (100%)   
[2026-04-03T02:26:04.673+0600][31.318s][info][gc,heap     ] GC(21) y:      Free:      282M (23%)         268M (21%)         738M (59%)        1054M (84%)        1054M (84%)         268M (21%)    
[2026-04-03T02:26:04.673+0600][31.318s][info][gc,heap     ] GC(21) y:      Used:      968M (77%)         982M (79%)         512M (41%)         196M (16%)         982M (79%)         196M (16%)    
[2026-04-03T02:26:04.673+0600][31.318s][info][gc,heap     ] GC(21) y: Young Generation Statistics:
[2026-04-03T02:26:04.673+0600][31.318s][info][gc,heap     ] GC(21) y:                Mark Start          Mark End        Relocate Start      Relocate End    
[2026-04-03T02:26:04.673+0600][31.318s][info][gc,heap     ] GC(21) y:      Used:      800M (64%)         814M (65%)         344M (28%)          28M (2%)     
[2026-04-03T02:26:04.673+0600][31.318s][info][gc,heap     ] GC(21) y:      Live:         -                 5M (0%)            5M (0%)            5M (0%)     
[2026-04-03T02:26:04.673+0600][31.318s][info][gc,heap     ] GC(21) y:   Garbage:         -               794M (64%)         322M (26%)           0M (0%)     
[2026-04-03T02:26:04.673+0600][31.318s][info][gc,heap     ] GC(21) y: Allocated:         -                14M (1%)           16M (1%)           22M (2%)     
[2026-04-03T02:26:04.673+0600][31.318s][info][gc,heap     ] GC(21) y: Reclaimed:         -                  -               472M (38%)         794M (64%)    
[2026-04-03T02:26:04.673+0600][31.318s][info][gc,heap     ] GC(21) y:  Promoted:         -                  -                 0M (0%)            0M (0%)     
[2026-04-03T02:26:04.673+0600][31.318s][info][gc,heap     ] GC(21) y: Compacted:         -                  -                  -                 5M (0%)     
[2026-04-03T02:26:04.673+0600][31.318s][info][gc,phases   ] GC(21) y: Young Generation 968M(77%)->196M(16%) 0.040s
[2026-04-03T02:26:04.673+0600][31.318s][info][gc          ] GC(21) Minor Collection (Allocation Rate) 968M(77%)->196M(16%) 0.040s
[2026-04-03T02:26:05.913+0600][32.558s][info][gc          ] GC(22) Minor Collection (Allocation Rate)
[2026-04-03T02:26:05.913+0600][32.558s][info][gc,task     ] GC(22) Using 1 Workers for Young Generation
[2026-04-03T02:26:05.913+0600][32.558s][info][gc,phases   ] GC(22) y: Young Generation
[2026-04-03T02:26:05.913+0600][32.558s][info][gc,phases   ] GC(22) y: Pause Mark Start 0.056ms
[2026-04-03T02:26:05.974+0600][32.618s][info][gc,phases   ] GC(22) y: Concurrent Mark 60.165ms
[2026-04-03T02:26:05.974+0600][32.619s][info][gc,phases   ] GC(22) y: Pause Mark End 0.086ms
[2026-04-03T02:26:05.974+0600][32.619s][info][gc,phases   ] GC(22) y: Concurrent Mark Free 0.003ms
[2026-04-03T02:26:05.974+0600][32.619s][info][gc,phases   ] GC(22) y: Concurrent Reset Relocation Set 0.018ms
[2026-04-03T02:26:05.977+0600][32.622s][info][gc,reloc    ] GC(22) y: Using tenuring threshold: 5 (Computed)
[2026-04-03T02:26:05.977+0600][32.622s][info][gc,phases   ] GC(22) y: Concurrent Select Relocation Set 3.146ms
[2026-04-03T02:26:05.978+0600][32.622s][info][gc,phases   ] GC(22) y: Pause Relocate Start 0.035ms
[2026-04-03T02:26:05.986+0600][32.631s][info][gc,phases   ] GC(22) y: Concurrent Relocate 8.553ms
[2026-04-03T02:26:05.987+0600][32.631s][info][gc,alloc    ] GC(22) y:                         Mark Start        Mark End      Relocate Start    Relocate End   
[2026-04-03T02:26:05.987+0600][32.631s][info][gc,alloc    ] GC(22) y: Allocation Stalls:          0                0                0                0         
[2026-04-03T02:26:05.987+0600][32.631s][info][gc,load     ] GC(22) y: Load: 5.43 (45%) / 5.90 (49%) / 5.86 (49%)
[2026-04-03T02:26:05.987+0600][32.631s][info][gc,mmu      ] GC(22) y: MMU: 2ms/95.7%, 5ms/97.6%, 10ms/98.8%, 20ms/99.4%, 50ms/99.7%, 100ms/99.8%
[2026-04-03T02:26:05.987+0600][32.631s][info][gc,marking  ] GC(22) y: Mark: 1 stripe(s), 2 proactive flush(es), 1 terminate flush(es), 0 completion(s), 0 continuation(s) 
[2026-04-03T02:26:05.987+0600][32.631s][info][gc,marking  ] GC(22) y: Mark Stack Usage: 32M
[2026-04-03T02:26:05.987+0600][32.631s][info][gc,nmethod  ] GC(22) y: NMethods: 14751 registered, 0 unregistered
[2026-04-03T02:26:05.987+0600][32.631s][info][gc,metaspace] GC(22) y: Metaspace: 127M used, 128M committed, 1152M reserved
[2026-04-03T02:26:05.987+0600][32.631s][info][gc,reloc    ] GC(22) y:                        Candidates     Selected     In-Place         Size        Empty    Relocated 
[2026-04-03T02:26:05.987+0600][32.631s][info][gc,reloc    ] GC(22) y: Small Pages:                  330          170            0         660M         308M           4M 
[2026-04-03T02:26:05.987+0600][32.631s][info][gc,reloc    ] GC(22) y: Medium Pages:                   5            0            0         160M         128M           0M 
[2026-04-03T02:26:05.987+0600][32.631s][info][gc,reloc    ] GC(22) y: Large Pages:                   16            0            0          96M          96M           0M 
[2026-04-03T02:26:05.987+0600][32.631s][info][gc,reloc    ] GC(22) y: Forwarding Usage: 1M
[2026-04-03T02:26:05.987+0600][32.631s][info][gc,reloc    ] GC(22) y: Age Table:
[2026-04-03T02:26:05.987+0600][32.631s][info][gc,reloc    ] GC(22) y:                    Live             Garbage             Small              Medium             Large        
[2026-04-03T02:26:05.987+0600][32.631s][info][gc,reloc    ] GC(22) y: Eden               4M (0%)          901M (72%)        325 / 169            5 / 0             16 / 0        
[2026-04-03T02:26:05.987+0600][32.631s][info][gc,reloc    ] GC(22) y: Survivor 1         2M (0%)            1M (0%)           2 / 1              0 / 0              0 / 0        
[2026-04-03T02:26:05.987+0600][32.632s][info][gc,reloc    ] GC(22) y: Survivor 2         0M (0%)            1M (0%)           1 / 0              0 / 0              0 / 0        
[2026-04-03T02:26:05.987+0600][32.632s][info][gc,reloc    ] GC(22) y: Survivor 3         0M (0%)            1M (0%)           1 / 0              0 / 0              0 / 0        
[2026-04-03T02:26:05.987+0600][32.632s][info][gc,reloc    ] GC(22) y: Survivor 4         1M (0%)            0M (0%)           1 / 0              0 / 0              0 / 0        
[2026-04-03T02:26:05.987+0600][32.632s][info][gc,heap     ] GC(22) y: Min Capacity: 8M(1%)
[2026-04-03T02:26:05.987+0600][32.632s][info][gc,heap     ] GC(22) y: Max Capacity: 1250M(100%)
[2026-04-03T02:26:05.987+0600][32.632s][info][gc,heap     ] GC(22) y: Soft Max Capacity: 1250M(100%)
[2026-04-03T02:26:05.987+0600][32.632s][info][gc,heap     ] GC(22) y: Heap Statistics:
[2026-04-03T02:26:05.987+0600][32.632s][info][gc,heap     ] GC(22) y:                Mark Start          Mark End        Relocate Start      Relocate End           High               Low         
[2026-04-03T02:26:05.987+0600][32.632s][info][gc,heap     ] GC(22) y:  Capacity:     1250M (100%)       1250M (100%)       1250M (100%)       1250M (100%)       1250M (100%)       1250M (100%)   
[2026-04-03T02:26:05.987+0600][32.632s][info][gc,heap     ] GC(22) y:      Free:      166M (13%)          88M (7%)          620M (50%)         956M (76%)         958M (77%)          54M (4%)     
[2026-04-03T02:26:05.987+0600][32.632s][info][gc,heap     ] GC(22) y:      Used:     1084M (87%)        1162M (93%)         630M (50%)         294M (24%)        1196M (96%)         292M (23%)    
[2026-04-03T02:26:05.987+0600][32.632s][info][gc,heap     ] GC(22) y: Young Generation Statistics:
[2026-04-03T02:26:05.987+0600][32.632s][info][gc,heap     ] GC(22) y:                Mark Start          Mark End        Relocate Start      Relocate End    
[2026-04-03T02:26:05.987+0600][32.632s][info][gc,heap     ] GC(22) y:      Used:      916M (73%)         994M (80%)         462M (37%)         126M (10%)    
[2026-04-03T02:26:05.987+0600][32.632s][info][gc,heap     ] GC(22) y:      Live:         -                 9M (1%)            9M (1%)            9M (1%)     
[2026-04-03T02:26:05.987+0600][32.632s][info][gc,heap     ] GC(22) y:   Garbage:         -               906M (72%)         374M (30%)          32M (3%)     
[2026-04-03T02:26:05.987+0600][32.632s][info][gc,heap     ] GC(22) y: Allocated:         -                78M (6%)           78M (6%)           83M (7%)     
[2026-04-03T02:26:05.987+0600][32.632s][info][gc,heap     ] GC(22) y: Reclaimed:         -                  -               532M (43%)         873M (70%)    
[2026-04-03T02:26:05.987+0600][32.632s][info][gc,heap     ] GC(22) y:  Promoted:         -                  -                 0M (0%)            0M (0%)     
[2026-04-03T02:26:05.987+0600][32.632s][info][gc,heap     ] GC(22) y: Compacted:         -                  -                  -                 4M (0%)     
[2026-04-03T02:26:05.987+0600][32.632s][info][gc,phases   ] GC(22) y: Young Generation 1084M(87%)->294M(24%) 0.073s
[2026-04-03T02:26:05.987+0600][32.632s][info][gc          ] GC(22) Minor Collection (Allocation Rate) 1082M(87%)->294M(24%) 0.074s
[2026-04-03T02:26:06.701+0600][33.346s][info][gc          ] GC(23) Minor Collection (Allocation Rate)
[2026-04-03T02:26:06.701+0600][33.346s][info][gc,task     ] GC(23) Using 1 Workers for Young Generation
[2026-04-03T02:26:06.701+0600][33.346s][info][gc,phases   ] GC(23) y: Young Generation
[2026-04-03T02:26:06.702+0600][33.346s][info][gc,phases   ] GC(23) y: Pause Mark Start 0.033ms
[2026-04-03T02:26:06.771+0600][33.416s][info][gc,phases   ] GC(23) y: Concurrent Mark 68.990ms
[2026-04-03T02:26:06.771+0600][33.416s][info][gc,phases   ] GC(23) y: Pause Mark End 0.021ms
[2026-04-03T02:26:06.771+0600][33.416s][info][gc,phases   ] GC(23) y: Concurrent Mark Free 0.001ms
[2026-04-03T02:26:06.771+0600][33.416s][info][gc,phases   ] GC(23) y: Concurrent Reset Relocation Set 0.027ms
[2026-04-03T02:26:06.774+0600][33.418s][info][gc,reloc    ] GC(23) y: Using tenuring threshold: 5 (Computed)
[2026-04-03T02:26:06.775+0600][33.420s][info][gc,phases   ] GC(23) y: Concurrent Select Relocation Set 3.409ms
[2026-04-03T02:26:06.775+0600][33.420s][info][gc,phases   ] GC(23) y: Pause Relocate Start 0.014ms
[2026-04-03T02:26:06.787+0600][33.431s][info][gc,phases   ] GC(23) y: Concurrent Relocate 11.389ms
[2026-04-03T02:26:06.787+0600][33.431s][info][gc,alloc    ] GC(23) y:                         Mark Start        Mark End      Relocate Start    Relocate End   
[2026-04-03T02:26:06.787+0600][33.431s][info][gc,alloc    ] GC(23) y: Allocation Stalls:          0                0                0                0         
[2026-04-03T02:26:06.787+0600][33.431s][info][gc,load     ] GC(23) y: Load: 5.43 (45%) / 5.90 (49%) / 5.86 (49%)
[2026-04-03T02:26:06.787+0600][33.431s][info][gc,mmu      ] GC(23) y: MMU: 2ms/95.7%, 5ms/97.6%, 10ms/98.8%, 20ms/99.4%, 50ms/99.7%, 100ms/99.8%
[2026-04-03T02:26:06.787+0600][33.431s][info][gc,marking  ] GC(23) y: Mark: 1 stripe(s), 2 proactive flush(es), 1 terminate flush(es), 0 completion(s), 0 continuation(s) 
[2026-04-03T02:26:06.787+0600][33.431s][info][gc,marking  ] GC(23) y: Mark Stack Usage: 32M
[2026-04-03T02:26:06.787+0600][33.431s][info][gc,nmethod  ] GC(23) y: NMethods: 14951 registered, 0 unregistered
[2026-04-03T02:26:06.787+0600][33.431s][info][gc,metaspace] GC(23) y: Metaspace: 127M used, 129M committed, 1152M reserved
[2026-04-03T02:26:06.787+0600][33.431s][info][gc,reloc    ] GC(23) y:                        Candidates     Selected     In-Place         Size        Empty    Relocated 
[2026-04-03T02:26:06.787+0600][33.431s][info][gc,reloc    ] GC(23) y: Small Pages:                  301          157            0         602M         274M           7M 
[2026-04-03T02:26:06.787+0600][33.431s][info][gc,reloc    ] GC(23) y: Medium Pages:                   4            0            0         128M         128M           0M 
[2026-04-03T02:26:06.787+0600][33.431s][info][gc,reloc    ] GC(23) y: Large Pages:                   13            0            0          78M          78M           0M 
[2026-04-03T02:26:06.787+0600][33.431s][info][gc,reloc    ] GC(23) y: Forwarding Usage: 2M
[2026-04-03T02:26:06.787+0600][33.431s][info][gc,reloc    ] GC(23) y: Age Table:
[2026-04-03T02:26:06.787+0600][33.431s][info][gc,reloc    ] GC(23) y:                    Live             Garbage             Small              Medium             Large        
[2026-04-03T02:26:06.787+0600][33.431s][info][gc,reloc    ] GC(23) y: Eden               5M (0%)          756M (61%)        294 / 154            3 / 0             13 / 0        
[2026-04-03T02:26:06.787+0600][33.432s][info][gc,reloc    ] GC(23) y: Survivor 1         2M (0%)           33M (3%)           2 / 1              1 / 0              0 / 0        
[2026-04-03T02:26:06.787+0600][33.432s][info][gc,reloc    ] GC(23) y: Survivor 2         2M (0%)            1M (0%)           2 / 1              0 / 0              0 / 0        
[2026-04-03T02:26:06.787+0600][33.432s][info][gc,reloc    ] GC(23) y: Survivor 3         0M (0%)            1M (0%)           1 / 0              0 / 0              0 / 0        
[2026-04-03T02:26:06.787+0600][33.432s][info][gc,reloc    ] GC(23) y: Survivor 4         0M (0%)            1M (0%)           1 / 0              0 / 0              0 / 0        
[2026-04-03T02:26:06.787+0600][33.432s][info][gc,reloc    ] GC(23) y: Survivor 5         1M (0%)            0M (0%)           1 / 1              0 / 0              0 / 0        
[2026-04-03T02:26:06.787+0600][33.432s][info][gc,heap     ] GC(23) y: Min Capacity: 8M(1%)
[2026-04-03T02:26:06.787+0600][33.432s][info][gc,heap     ] GC(23) y: Max Capacity: 1250M(100%)
[2026-04-03T02:26:06.787+0600][33.432s][info][gc,heap     ] GC(23) y: Soft Max Capacity: 1250M(100%)
[2026-04-03T02:26:06.787+0600][33.432s][info][gc,heap     ] GC(23) y: Heap Statistics:
[2026-04-03T02:26:06.787+0600][33.432s][info][gc,heap     ] GC(23) y:                Mark Start          Mark End        Relocate Start      Relocate End           High               Low         
[2026-04-03T02:26:06.787+0600][33.432s][info][gc,heap     ] GC(23) y:  Capacity:     1250M (100%)       1250M (100%)       1250M (100%)       1250M (100%)       1250M (100%)       1250M (100%)   
[2026-04-03T02:26:06.787+0600][33.432s][info][gc,heap     ] GC(23) y:      Free:      274M (22%)         136M (11%)         612M (49%)         884M (71%)         886M (71%)         136M (11%)    
[2026-04-03T02:26:06.787+0600][33.432s][info][gc,heap     ] GC(23) y:      Used:      976M (78%)        1114M (89%)         638M (51%)         366M (29%)        1114M (89%)         364M (29%)    
[2026-04-03T02:26:06.787+0600][33.432s][info][gc,heap     ] GC(23) y: Young Generation Statistics:
[2026-04-03T02:26:06.787+0600][33.432s][info][gc,heap     ] GC(23) y:                Mark Start          Mark End        Relocate Start      Relocate End    
[2026-04-03T02:26:06.787+0600][33.432s][info][gc,heap     ] GC(23) y:      Used:      808M (65%)         946M (76%)         470M (38%)         196M (16%)    
[2026-04-03T02:26:06.787+0600][33.432s][info][gc,heap     ] GC(23) y:      Live:         -                12M (1%)           12M (1%)           10M (1%)     
[2026-04-03T02:26:06.787+0600][33.432s][info][gc,heap     ] GC(23) y:   Garbage:         -               795M (64%)         315M (25%)           0M (0%)     
[2026-04-03T02:26:06.787+0600][33.432s][info][gc,heap     ] GC(23) y: Allocated:         -               138M (11%)         142M (11%)         184M (15%)    
[2026-04-03T02:26:06.787+0600][33.432s][info][gc,heap     ] GC(23) y: Reclaimed:         -                  -               480M (38%)         795M (64%)    
[2026-04-03T02:26:06.787+0600][33.432s][info][gc,heap     ] GC(23) y:  Promoted:         -                  -                 0M (0%)            1M (0%)     
[2026-04-03T02:26:06.787+0600][33.432s][info][gc,heap     ] GC(23) y: Compacted:         -                  -                  -                 7M (1%)     
[2026-04-03T02:26:06.787+0600][33.432s][info][gc,phases   ] GC(23) y: Young Generation 974M(78%)->366M(29%) 0.085s
[2026-04-03T02:26:06.787+0600][33.432s][info][gc          ] GC(23) Minor Collection (Allocation Rate) 972M(78%)->366M(29%) 0.086s
[2026-04-03T02:26:06.914+0600][33.559s][info][gc          ] GC(24) Minor Collection (Allocation Rate)
[2026-04-03T02:26:06.915+0600][33.559s][info][gc,task     ] GC(24) Using 1 Workers for Young Generation
[2026-04-03T02:26:06.915+0600][33.559s][info][gc,phases   ] GC(24) y: Young Generation
[2026-04-03T02:26:06.915+0600][33.560s][info][gc,phases   ] GC(24) y: Pause Mark Start 0.027ms
[2026-04-03T02:26:06.975+0600][33.619s][info][gc,phases   ] GC(24) y: Concurrent Mark 59.711ms
[2026-04-03T02:26:06.975+0600][33.620s][info][gc,phases   ] GC(24) y: Pause Mark End 0.029ms
[2026-04-03T02:26:06.975+0600][33.620s][info][gc,phases   ] GC(24) y: Concurrent Mark Free 0.001ms
[2026-04-03T02:26:06.975+0600][33.620s][info][gc,phases   ] GC(24) y: Concurrent Reset Relocation Set 0.021ms
[2026-04-03T02:26:06.982+0600][33.627s][info][gc,reloc    ] GC(24) y: Using tenuring threshold: 5 (Computed)
[2026-04-03T02:26:06.983+0600][33.627s][info][gc,phases   ] GC(24) y: Concurrent Select Relocation Set 7.650ms
[2026-04-03T02:26:06.983+0600][33.628s][info][gc,phases   ] GC(24) y: Pause Relocate Start 0.023ms
[2026-04-03T02:26:06.992+0600][33.637s][info][gc,phases   ] GC(24) y: Concurrent Relocate 9.139ms
[2026-04-03T02:26:06.992+0600][33.637s][info][gc,alloc    ] GC(24) y:                         Mark Start        Mark End      Relocate Start    Relocate End   
[2026-04-03T02:26:06.992+0600][33.637s][info][gc,alloc    ] GC(24) y: Allocation Stalls:          0                0                0                0         
[2026-04-03T02:26:06.992+0600][33.637s][info][gc,load     ] GC(24) y: Load: 5.43 (45%) / 5.90 (49%) / 5.86 (49%)
[2026-04-03T02:26:06.992+0600][33.637s][info][gc,mmu      ] GC(24) y: MMU: 2ms/95.7%, 5ms/97.6%, 10ms/98.8%, 20ms/99.4%, 50ms/99.7%, 100ms/99.8%
[2026-04-03T02:26:06.992+0600][33.637s][info][gc,marking  ] GC(24) y: Mark: 1 stripe(s), 2 proactive flush(es), 1 terminate flush(es), 0 completion(s), 0 continuation(s) 
[2026-04-03T02:26:06.992+0600][33.637s][info][gc,marking  ] GC(24) y: Mark Stack Usage: 32M
[2026-04-03T02:26:06.992+0600][33.637s][info][gc,nmethod  ] GC(24) y: NMethods: 14982 registered, 0 unregistered
[2026-04-03T02:26:06.992+0600][33.637s][info][gc,metaspace] GC(24) y: Metaspace: 127M used, 129M committed, 1152M reserved
[2026-04-03T02:26:06.992+0600][33.637s][info][gc,reloc    ] GC(24) y:                        Candidates     Selected     In-Place         Size        Empty    Relocated 
[2026-04-03T02:26:06.992+0600][33.637s][info][gc,reloc    ] GC(24) y: Small Pages:                  108           57            0         216M          86M           6M 
[2026-04-03T02:26:06.993+0600][33.637s][info][gc,reloc    ] GC(24) y: Medium Pages:                   1            0            0          32M          32M           0M 
[2026-04-03T02:26:06.993+0600][33.637s][info][gc,reloc    ] GC(24) y: Large Pages:                   52            0            0         312M         288M           0M 
[2026-04-03T02:26:06.993+0600][33.637s][info][gc,reloc    ] GC(24) y: Forwarding Usage: 1M
[2026-04-03T02:26:06.993+0600][33.637s][info][gc,reloc    ] GC(24) y: Age Table:
[2026-04-03T02:26:06.993+0600][33.637s][info][gc,reloc    ] GC(24) y:                    Live             Garbage             Small              Medium             Large        
[2026-04-03T02:26:06.993+0600][33.637s][info][gc,reloc    ] GC(24) y: Eden              28M (2%)          485M (39%)         85 / 40             1 / 0             52 / 0        
[2026-04-03T02:26:06.993+0600][33.637s][info][gc,reloc    ] GC(24) y: Survivor 1         2M (0%)           13M (1%)           8 / 6              0 / 0              0 / 0        
[2026-04-03T02:26:06.993+0600][33.637s][info][gc,reloc    ] GC(24) y: Survivor 2         2M (0%)            3M (0%)           3 / 2              0 / 0              0 / 0        
[2026-04-03T02:26:06.993+0600][33.637s][info][gc,reloc    ] GC(24) y: Survivor 3         2M (0%)            3M (0%)           3 / 1              0 / 0              0 / 0        
[2026-04-03T02:26:06.993+0600][33.637s][info][gc,reloc    ] GC(24) y: Survivor 4         0M (0%)           11M (1%)           6 / 5              0 / 0              0 / 0        
[2026-04-03T02:26:06.993+0600][33.637s][info][gc,reloc    ] GC(24) y: Survivor 5         0M (0%)            5M (0%)           3 / 3              0 / 0              0 / 0        
[2026-04-03T02:26:06.993+0600][33.637s][info][gc,heap     ] GC(24) y: Min Capacity: 8M(1%)
[2026-04-03T02:26:06.993+0600][33.637s][info][gc,heap     ] GC(24) y: Max Capacity: 1250M(100%)
[2026-04-03T02:26:06.993+0600][33.637s][info][gc,heap     ] GC(24) y: Soft Max Capacity: 1250M(100%)
[2026-04-03T02:26:06.993+0600][33.637s][info][gc,heap     ] GC(24) y: Heap Statistics:
[2026-04-03T02:26:06.993+0600][33.637s][info][gc,heap     ] GC(24) y:                Mark Start          Mark End        Relocate Start      Relocate End           High               Low         
[2026-04-03T02:26:06.993+0600][33.637s][info][gc,heap     ] GC(24) y:  Capacity:     1250M (100%)       1250M (100%)       1250M (100%)       1250M (100%)       1250M (100%)       1250M (100%)   
[2026-04-03T02:26:06.993+0600][33.637s][info][gc,heap     ] GC(24) y:      Free:      520M (42%)         356M (28%)         758M (61%)         852M (68%)         852M (68%)         356M (28%)    
[2026-04-03T02:26:06.993+0600][33.637s][info][gc,heap     ] GC(24) y:      Used:      730M (58%)         894M (72%)         492M (39%)         398M (32%)         894M (72%)         398M (32%)    
[2026-04-03T02:26:06.993+0600][33.637s][info][gc,heap     ] GC(24) y: Young Generation Statistics:
[2026-04-03T02:26:06.993+0600][33.637s][info][gc,heap     ] GC(24) y:                Mark Start          Mark End        Relocate Start      Relocate End    
[2026-04-03T02:26:06.993+0600][33.637s][info][gc,heap     ] GC(24) y:      Used:      560M (45%)         724M (58%)         322M (26%)         226M (18%)    
[2026-04-03T02:26:06.993+0600][33.637s][info][gc,heap     ] GC(24) y:      Live:         -                37M (3%)           37M (3%)           36M (3%)     
[2026-04-03T02:26:06.993+0600][33.637s][info][gc,heap     ] GC(24) y:   Garbage:         -               522M (42%)         116M (9%)            1M (0%)     
[2026-04-03T02:26:06.993+0600][33.637s][info][gc,heap     ] GC(24) y: Allocated:         -               164M (13%)         168M (13%)         188M (15%)    
[2026-04-03T02:26:06.993+0600][33.637s][info][gc,heap     ] GC(24) y: Reclaimed:         -                  -               406M (32%)         521M (42%)    
[2026-04-03T02:26:06.993+0600][33.637s][info][gc,heap     ] GC(24) y:  Promoted:         -                  -                 0M (0%)            0M (0%)     
[2026-04-03T02:26:06.993+0600][33.637s][info][gc,heap     ] GC(24) y: Compacted:         -                  -                  -                 7M (1%)     
[2026-04-03T02:26:06.993+0600][33.637s][info][gc,phases   ] GC(24) y: Young Generation 730M(58%)->398M(32%) 0.078s
[2026-04-03T02:26:06.993+0600][33.638s][info][gc          ] GC(24) Minor Collection (Allocation Rate) 730M(58%)->398M(32%) 0.078s
[2026-04-03T02:26:07.058+0600][33.703s][info][gc          ] GC(25) Minor Collection (Allocation Rate)
[2026-04-03T02:26:07.059+0600][33.703s][info][gc,task     ] GC(25) Using 1 Workers for Young Generation
[2026-04-03T02:26:07.059+0600][33.703s][info][gc,phases   ] GC(25) y: Young Generation
[2026-04-03T02:26:07.059+0600][33.704s][info][gc,phases   ] GC(25) y: Pause Mark Start 0.040ms
[2026-04-03T02:26:07.123+0600][33.767s][info][gc,phases   ] GC(25) y: Concurrent Mark 63.688ms
[2026-04-03T02:26:07.123+0600][33.768s][info][gc,phases   ] GC(25) y: Pause Mark End 0.071ms
[2026-04-03T02:26:07.123+0600][33.768s][info][gc,phases   ] GC(25) y: Concurrent Mark Free 0.003ms
[2026-04-03T02:26:07.123+0600][33.768s][info][gc,phases   ] GC(25) y: Concurrent Reset Relocation Set 0.010ms
[2026-04-03T02:26:07.130+0600][33.775s][info][gc,reloc    ] GC(25) y: Using tenuring threshold: 1 (Computed)
[2026-04-03T02:26:07.137+0600][33.781s][info][gc,phases   ] GC(25) y: Concurrent Select Relocation Set 13.353ms
[2026-04-03T02:26:07.137+0600][33.782s][info][gc,phases   ] GC(25) y: Pause Relocate Start 0.024ms
[2026-04-03T02:26:07.154+0600][33.799s][info][gc,phases   ] GC(25) y: Concurrent Relocate 16.961ms
[2026-04-03T02:26:07.154+0600][33.799s][info][gc,alloc    ] GC(25) y:                         Mark Start        Mark End      Relocate Start    Relocate End   
[2026-04-03T02:26:07.154+0600][33.799s][info][gc,alloc    ] GC(25) y: Allocation Stalls:          0                0                0                0         
[2026-04-03T02:26:07.154+0600][33.799s][info][gc,load     ] GC(25) y: Load: 5.43 (45%) / 5.90 (49%) / 5.86 (49%)
[2026-04-03T02:26:07.154+0600][33.799s][info][gc,mmu      ] GC(25) y: MMU: 2ms/95.7%, 5ms/97.6%, 10ms/98.8%, 20ms/99.4%, 50ms/99.7%, 100ms/99.8%
[2026-04-03T02:26:07.154+0600][33.799s][info][gc,marking  ] GC(25) y: Mark: 1 stripe(s), 2 proactive flush(es), 1 terminate flush(es), 0 completion(s), 0 continuation(s) 
[2026-04-03T02:26:07.154+0600][33.799s][info][gc,marking  ] GC(25) y: Mark Stack Usage: 32M
[2026-04-03T02:26:07.154+0600][33.799s][info][gc,nmethod  ] GC(25) y: NMethods: 15003 registered, 0 unregistered
[2026-04-03T02:26:07.154+0600][33.799s][info][gc,metaspace] GC(25) y: Metaspace: 127M used, 129M committed, 1152M reserved
[2026-04-03T02:26:07.154+0600][33.799s][info][gc,reloc    ] GC(25) y:                        Candidates     Selected     In-Place         Size        Empty    Relocated 
[2026-04-03T02:26:07.154+0600][33.799s][info][gc,reloc    ] GC(25) y: Small Pages:                   51           41            0         102M           6M           5M 
[2026-04-03T02:26:07.154+0600][33.799s][info][gc,reloc    ] GC(25) y: Medium Pages:                   1            0            0          32M          32M           0M 
[2026-04-03T02:26:07.154+0600][33.799s][info][gc,reloc    ] GC(25) y: Large Pages:                   36            0            0         216M         192M           0M 
[2026-04-03T02:26:07.154+0600][33.799s][info][gc,reloc    ] GC(25) y: Forwarding Usage: 1M
[2026-04-03T02:26:07.154+0600][33.799s][info][gc,reloc    ] GC(25) y: Age Table:
[2026-04-03T02:26:07.154+0600][33.799s][info][gc,reloc    ] GC(25) y:                    Live             Garbage             Small              Medium             Large        
[2026-04-03T02:26:07.154+0600][33.799s][info][gc,reloc    ] GC(25) y: Eden              26M (2%)          267M (21%)         35 / 32             1 / 0             32 / 0        
[2026-04-03T02:26:07.154+0600][33.799s][info][gc,reloc    ] GC(25) y: Survivor 1         1M (0%)           28M (2%)           3 / 2              0 / 0              4 / 0        
[2026-04-03T02:26:07.154+0600][33.799s][info][gc,reloc    ] GC(25) y: Survivor 2         2M (0%)            7M (1%)           5 / 4              0 / 0              0 / 0        
[2026-04-03T02:26:07.154+0600][33.799s][info][gc,reloc    ] GC(25) y: Survivor 3         2M (0%)            1M (0%)           2 / 1              0 / 0              0 / 0        
[2026-04-03T02:26:07.154+0600][33.799s][info][gc,reloc    ] GC(25) y: Survivor 4         2M (0%)            1M (0%)           2 / 0              0 / 0              0 / 0        
[2026-04-03T02:26:07.154+0600][33.799s][info][gc,reloc    ] GC(25) y: Survivor 5         0M (0%)            7M (1%)           4 / 2              0 / 0              0 / 0        
[2026-04-03T02:26:07.154+0600][33.799s][info][gc,heap     ] GC(25) y: Min Capacity: 8M(1%)
[2026-04-03T02:26:07.154+0600][33.799s][info][gc,heap     ] GC(25) y: Max Capacity: 1250M(100%)
[2026-04-03T02:26:07.154+0600][33.799s][info][gc,heap     ] GC(25) y: Soft Max Capacity: 1250M(100%)
[2026-04-03T02:26:07.154+0600][33.799s][info][gc,heap     ] GC(25) y: Heap Statistics:
[2026-04-03T02:26:07.154+0600][33.799s][info][gc,heap     ] GC(25) y:                Mark Start          Mark End        Relocate Start      Relocate End           High               Low         
[2026-04-03T02:26:07.154+0600][33.799s][info][gc,heap     ] GC(25) y:  Capacity:     1250M (100%)       1250M (100%)       1250M (100%)       1250M (100%)       1250M (100%)       1250M (100%)   
[2026-04-03T02:26:07.154+0600][33.799s][info][gc,heap     ] GC(25) y:      Free:      728M (58%)         328M (26%)         546M (44%)         620M (50%)         728M (58%)         316M (25%)    
[2026-04-03T02:26:07.154+0600][33.799s][info][gc,heap     ] GC(25) y:      Used:      522M (42%)         922M (74%)         704M (56%)         630M (50%)         934M (75%)         522M (42%)    
[2026-04-03T02:26:07.154+0600][33.799s][info][gc,heap     ] GC(25) y: Young Generation Statistics:
[2026-04-03T02:26:07.154+0600][33.799s][info][gc,heap     ] GC(25) y:                Mark Start          Mark End        Relocate Start      Relocate End    
[2026-04-03T02:26:07.154+0600][33.799s][info][gc,heap     ] GC(25) y:      Used:      350M (28%)         750M (60%)         528M (42%)         448M (36%)    
[2026-04-03T02:26:07.155+0600][33.799s][info][gc,heap     ] GC(25) y:      Live:         -                36M (3%)           32M (3%)           26M (2%)     
[2026-04-03T02:26:07.155+0600][33.799s][info][gc,heap     ] GC(25) y:   Garbage:         -               313M (25%)          83M (7%)            0M (0%)     
[2026-04-03T02:26:07.155+0600][33.799s][info][gc,heap     ] GC(25) y: Allocated:         -               400M (32%)         412M (33%)         421M (34%)    
[2026-04-03T02:26:07.155+0600][33.799s][info][gc,heap     ] GC(25) y: Reclaimed:         -                  -               230M (18%)         313M (25%)    
[2026-04-03T02:26:07.155+0600][33.799s][info][gc,heap     ] GC(25) y:  Promoted:         -                  -                 3M (0%)            9M (1%)     
[2026-04-03T02:26:07.155+0600][33.799s][info][gc,heap     ] GC(25) y: Compacted:         -                  -                  -                 2M (0%)     
[2026-04-03T02:26:07.155+0600][33.799s][info][gc,phases   ] GC(25) y: Young Generation 522M(42%)->630M(50%) 0.096s
[2026-04-03T02:26:07.155+0600][33.799s][info][gc          ] GC(25) Minor Collection (Allocation Rate) 516M(41%)->630M(50%) 0.096s
[2026-04-03T02:26:07.155+0600][33.799s][info][gc          ] GC(26) Minor Collection (Allocation Rate)
[2026-04-03T02:26:07.155+0600][33.799s][info][gc,task     ] GC(26) Using 3 Workers for Young Generation
[2026-04-03T02:26:07.155+0600][33.799s][info][gc,phases   ] GC(26) y: Young Generation
[2026-04-03T02:26:07.155+0600][33.800s][info][gc,phases   ] GC(26) y: Pause Mark Start 0.024ms
[2026-04-03T02:26:07.172+0600][33.817s][info][gc,phases   ] GC(26) y: Concurrent Mark 17.232ms
[2026-04-03T02:26:07.173+0600][33.817s][info][gc,phases   ] GC(26) y: Pause Mark End 0.025ms
[2026-04-03T02:26:07.173+0600][33.818s][info][gc,phases   ] GC(26) y: Concurrent Mark Free 0.001ms
[2026-04-03T02:26:07.173+0600][33.818s][info][gc,phases   ] GC(26) y: Concurrent Reset Relocation Set 0.024ms
[2026-04-03T02:26:07.178+0600][33.823s][info][gc,reloc    ] GC(26) y: Using tenuring threshold: 2 (Computed)
[2026-04-03T02:26:07.178+0600][33.823s][info][gc,phases   ] GC(26) y: Concurrent Select Relocation Set 5.445ms
[2026-04-03T02:26:07.179+0600][33.823s][info][gc,phases   ] GC(26) y: Pause Relocate Start 0.020ms
[2026-04-03T02:26:07.180+0600][33.824s][info][gc,phases   ] GC(26) y: Concurrent Relocate 0.972ms
[2026-04-03T02:26:07.180+0600][33.825s][info][gc,alloc    ] GC(26) y:                         Mark Start        Mark End      Relocate Start    Relocate End   
[2026-04-03T02:26:07.180+0600][33.825s][info][gc,alloc    ] GC(26) y: Allocation Stalls:          0                0                0                0         
[2026-04-03T02:26:07.180+0600][33.825s][info][gc,load     ] GC(26) y: Load: 5.43 (45%) / 5.90 (49%) / 5.86 (49%)
[2026-04-03T02:26:07.180+0600][33.825s][info][gc,mmu      ] GC(26) y: MMU: 2ms/95.7%, 5ms/97.6%, 10ms/98.8%, 20ms/99.4%, 50ms/99.7%, 100ms/99.8%
[2026-04-03T02:26:07.180+0600][33.825s][info][gc,marking  ] GC(26) y: Mark: 2 stripe(s), 2 proactive flush(es), 1 terminate flush(es), 0 completion(s), 0 continuation(s) 
[2026-04-03T02:26:07.180+0600][33.825s][info][gc,marking  ] GC(26) y: Mark Stack Usage: 32M
[2026-04-03T02:26:07.180+0600][33.825s][info][gc,nmethod  ] GC(26) y: NMethods: 15004 registered, 0 unregistered
[2026-04-03T02:26:07.180+0600][33.825s][info][gc,metaspace] GC(26) y: Metaspace: 127M used, 129M committed, 1152M reserved
[2026-04-03T02:26:07.180+0600][33.825s][info][gc,reloc    ] GC(26) y:                        Candidates     Selected     In-Place         Size        Empty    Relocated 
[2026-04-03T02:26:07.180+0600][33.825s][info][gc,reloc    ] GC(26) y: Small Pages:                   43           29            0          86M          26M           1M 
[2026-04-03T02:26:07.180+0600][33.825s][info][gc,reloc    ] GC(26) y: Medium Pages:                   1            0            0          32M          32M           0M 
[2026-04-03T02:26:07.180+0600][33.825s][info][gc,reloc    ] GC(26) y: Large Pages:                   55            0            0         330M         330M           0M 
[2026-04-03T02:26:07.180+0600][33.825s][info][gc,reloc    ] GC(26) y: Forwarding Usage: 0M
[2026-04-03T02:26:07.180+0600][33.825s][info][gc,reloc    ] GC(26) y: Age Table:
[2026-04-03T02:26:07.180+0600][33.825s][info][gc,reloc    ] GC(26) y:                    Live             Garbage             Small              Medium             Large        
[2026-04-03T02:26:07.180+0600][33.825s][info][gc,reloc    ] GC(26) y: Eden               0M (0%)          419M (34%)         41 / 27             1 / 0             51 / 0        
[2026-04-03T02:26:07.180+0600][33.825s][info][gc,reloc    ] GC(26) y: Survivor 1         0M (0%)           27M (2%)           2 / 2              0 / 0              4 / 0        
[2026-04-03T02:26:07.180+0600][33.825s][info][gc,heap     ] GC(26) y: Min Capacity: 8M(1%)
[2026-04-03T02:26:07.180+0600][33.825s][info][gc,heap     ] GC(26) y: Max Capacity: 1250M(100%)
[2026-04-03T02:26:07.180+0600][33.825s][info][gc,heap     ] GC(26) y: Soft Max Capacity: 1250M(100%)
[2026-04-03T02:26:07.180+0600][33.825s][info][gc,heap     ] GC(26) y: Heap Statistics:
[2026-04-03T02:26:07.180+0600][33.825s][info][gc,heap     ] GC(26) y:                Mark Start          Mark End        Relocate Start      Relocate End           High               Low         
[2026-04-03T02:26:07.180+0600][33.825s][info][gc,heap     ] GC(26) y:  Capacity:     1250M (100%)       1250M (100%)       1250M (100%)       1250M (100%)       1250M (100%)       1250M (100%)   
[2026-04-03T02:26:07.180+0600][33.825s][info][gc,heap     ] GC(26) y:      Free:      620M (50%)         580M (46%)         952M (76%)        1002M (80%)        1002M (80%)         580M (46%)    
[2026-04-03T02:26:07.180+0600][33.825s][info][gc,heap     ] GC(26) y:      Used:      630M (50%)         670M (54%)         298M (24%)         248M (20%)         670M (54%)         248M (20%)    
[2026-04-03T02:26:07.180+0600][33.825s][info][gc,heap     ] GC(26) y: Young Generation Statistics:
[2026-04-03T02:26:07.180+0600][33.825s][info][gc,heap     ] GC(26) y:                Mark Start          Mark End        Relocate Start      Relocate End    
[2026-04-03T02:26:07.180+0600][33.825s][info][gc,heap     ] GC(26) y:      Used:      448M (36%)         488M (39%)         116M (9%)           66M (5%)     
[2026-04-03T02:26:07.180+0600][33.825s][info][gc,heap     ] GC(26) y:      Live:         -                 1M (0%)            1M (0%)            1M (0%)     
[2026-04-03T02:26:07.180+0600][33.825s][info][gc,heap     ] GC(26) y:   Garbage:         -               446M (36%)          58M (5%)            0M (0%)     
[2026-04-03T02:26:07.180+0600][33.825s][info][gc,heap     ] GC(26) y: Allocated:         -                40M (3%)           56M (4%)           64M (5%)     
[2026-04-03T02:26:07.180+0600][33.825s][info][gc,heap     ] GC(26) y: Reclaimed:         -                  -               388M (31%)         446M (36%)    
[2026-04-03T02:26:07.180+0600][33.825s][info][gc,heap     ] GC(26) y:  Promoted:         -                  -                 0M (0%)            0M (0%)     
[2026-04-03T02:26:07.180+0600][33.825s][info][gc,heap     ] GC(26) y: Compacted:         -                  -                  -                 1M (0%)     
[2026-04-03T02:26:07.180+0600][33.825s][info][gc,phases   ] GC(26) y: Young Generation 630M(50%)->248M(20%) 0.025s
[2026-04-03T02:26:07.180+0600][33.825s][info][gc          ] GC(26) Minor Collection (Allocation Rate) 630M(50%)->248M(20%) 0.026s
[2026-04-03T02:26:07.931+0600][34.575s][info][gc          ] GC(27) Minor Collection (Allocation Rate)
[2026-04-03T02:26:07.931+0600][34.575s][info][gc,task     ] GC(27) Using 2 Workers for Young Generation
[2026-04-03T02:26:07.931+0600][34.575s][info][gc,phases   ] GC(27) y: Young Generation
[2026-04-03T02:26:07.931+0600][34.576s][info][gc,phases   ] GC(27) y: Pause Mark Start 0.024ms
[2026-04-03T02:26:07.955+0600][34.600s][info][gc,phases   ] GC(27) y: Concurrent Mark 23.869ms
[2026-04-03T02:26:07.955+0600][34.600s][info][gc,phases   ] GC(27) y: Pause Mark End 0.031ms
[2026-04-03T02:26:07.955+0600][34.600s][info][gc,phases   ] GC(27) y: Concurrent Mark Free 0.002ms
[2026-04-03T02:26:07.955+0600][34.600s][info][gc,phases   ] GC(27) y: Concurrent Reset Relocation Set 0.007ms
[2026-04-03T02:26:07.960+0600][34.605s][info][gc,reloc    ] GC(27) y: Using tenuring threshold: 3 (Computed)
[2026-04-03T02:26:07.960+0600][34.605s][info][gc,phases   ] GC(27) y: Concurrent Select Relocation Set 4.930ms
[2026-04-03T02:26:07.961+0600][34.605s][info][gc,phases   ] GC(27) y: Pause Relocate Start 0.013ms
[2026-04-03T02:26:07.964+0600][34.608s][info][gc,phases   ] GC(27) y: Concurrent Relocate 2.968ms
[2026-04-03T02:26:07.964+0600][34.608s][info][gc,alloc    ] GC(27) y:                         Mark Start        Mark End      Relocate Start    Relocate End   
[2026-04-03T02:26:07.964+0600][34.609s][info][gc,alloc    ] GC(27) y: Allocation Stalls:          0                0                0                0         
[2026-04-03T02:26:07.964+0600][34.609s][info][gc,load     ] GC(27) y: Load: 5.43 (45%) / 5.90 (49%) / 5.86 (49%)
[2026-04-03T02:26:07.964+0600][34.609s][info][gc,mmu      ] GC(27) y: MMU: 2ms/95.7%, 5ms/97.6%, 10ms/98.8%, 20ms/99.4%, 50ms/99.7%, 100ms/99.8%
[2026-04-03T02:26:07.964+0600][34.609s][info][gc,marking  ] GC(27) y: Mark: 2 stripe(s), 2 proactive flush(es), 1 terminate flush(es), 0 completion(s), 0 continuation(s) 
[2026-04-03T02:26:07.964+0600][34.609s][info][gc,marking  ] GC(27) y: Mark Stack Usage: 32M
[2026-04-03T02:26:07.964+0600][34.609s][info][gc,nmethod  ] GC(27) y: NMethods: 15128 registered, 0 unregistered
[2026-04-03T02:26:07.964+0600][34.609s][info][gc,metaspace] GC(27) y: Metaspace: 127M used, 129M committed, 1152M reserved
[2026-04-03T02:26:07.964+0600][34.609s][info][gc,reloc    ] GC(27) y:                        Candidates     Selected     In-Place         Size        Empty    Relocated 
[2026-04-03T02:26:07.964+0600][34.609s][info][gc,reloc    ] GC(27) y: Small Pages:                  198          163            0         396M          64M           2M 
[2026-04-03T02:26:07.964+0600][34.609s][info][gc,reloc    ] GC(27) y: Medium Pages:                   2            0            0          64M          64M           0M 
[2026-04-03T02:26:07.964+0600][34.609s][info][gc,reloc    ] GC(27) y: Large Pages:                   10            0            0          60M          54M           0M 
[2026-04-03T02:26:07.964+0600][34.609s][info][gc,reloc    ] GC(27) y: Forwarding Usage: 0M
[2026-04-03T02:26:07.964+0600][34.609s][info][gc,reloc    ] GC(27) y: Age Table:
[2026-04-03T02:26:07.964+0600][34.609s][info][gc,reloc    ] GC(27) y:                    Live             Garbage             Small              Medium             Large        
[2026-04-03T02:26:07.964+0600][34.609s][info][gc,reloc    ] GC(27) y: Eden               8M (1%)          501M (40%)        193 / 160            2 / 0             10 / 0        
[2026-04-03T02:26:07.964+0600][34.609s][info][gc,reloc    ] GC(27) y: Survivor 1         0M (0%)            5M (0%)           3 / 2              0 / 0              0 / 0        
[2026-04-03T02:26:07.964+0600][34.609s][info][gc,reloc    ] GC(27) y: Survivor 2         0M (0%)            3M (0%)           2 / 1              0 / 0              0 / 0        
[2026-04-03T02:26:07.964+0600][34.609s][info][gc,heap     ] GC(27) y: Min Capacity: 8M(1%)
[2026-04-03T02:26:07.964+0600][34.609s][info][gc,heap     ] GC(27) y: Max Capacity: 1250M(100%)
[2026-04-03T02:26:07.964+0600][34.609s][info][gc,heap     ] GC(27) y: Soft Max Capacity: 1250M(100%)
[2026-04-03T02:26:07.964+0600][34.609s][info][gc,heap     ] GC(27) y: Heap Statistics:
[2026-04-03T02:26:07.964+0600][34.609s][info][gc,heap     ] GC(27) y:                Mark Start          Mark End        Relocate Start      Relocate End           High               Low         
[2026-04-03T02:26:07.964+0600][34.609s][info][gc,heap     ] GC(27) y:  Capacity:     1250M (100%)       1250M (100%)       1250M (100%)       1250M (100%)       1250M (100%)       1250M (100%)   
[2026-04-03T02:26:07.964+0600][34.609s][info][gc,heap     ] GC(27) y:      Free:      548M (44%)         522M (42%)         704M (56%)        1008M (81%)        1008M (81%)         522M (42%)    
[2026-04-03T02:26:07.964+0600][34.609s][info][gc,heap     ] GC(27) y:      Used:      702M (56%)         728M (58%)         546M (44%)         242M (19%)         728M (58%)         242M (19%)    
[2026-04-03T02:26:07.964+0600][34.609s][info][gc,heap     ] GC(27) y: Young Generation Statistics:
[2026-04-03T02:26:07.964+0600][34.609s][info][gc,heap     ] GC(27) y:                Mark Start          Mark End        Relocate Start      Relocate End    
[2026-04-03T02:26:07.964+0600][34.609s][info][gc,heap     ] GC(27) y:      Used:      520M (42%)         546M (44%)         364M (29%)          60M (5%)     
[2026-04-03T02:26:07.964+0600][34.609s][info][gc,heap     ] GC(27) y:      Live:         -                 9M (1%)            9M (1%)            9M (1%)     
[2026-04-03T02:26:07.964+0600][34.609s][info][gc,heap     ] GC(27) y:   Garbage:         -               510M (41%)         328M (26%)           1M (0%)     
[2026-04-03T02:26:07.964+0600][34.609s][info][gc,heap     ] GC(27) y: Allocated:         -                26M (2%)           26M (2%)           49M (4%)     
[2026-04-03T02:26:07.964+0600][34.609s][info][gc,heap     ] GC(27) y: Reclaimed:         -                  -               182M (15%)         509M (41%)    
[2026-04-03T02:26:07.964+0600][34.609s][info][gc,heap     ] GC(27) y:  Promoted:         -                  -                 0M (0%)            0M (0%)     
[2026-04-03T02:26:07.964+0600][34.609s][info][gc,heap     ] GC(27) y: Compacted:         -                  -                  -                 2M (0%)     
[2026-04-03T02:26:07.964+0600][34.609s][info][gc,phases   ] GC(27) y: Young Generation 702M(56%)->242M(19%) 0.033s
[2026-04-03T02:26:07.964+0600][34.609s][info][gc          ] GC(27) Minor Collection (Allocation Rate) 702M(56%)->242M(19%) 0.034s
[2026-04-03T02:26:08.189+0600][34.834s][info][gc          ] GC(28) Minor Collection (Allocation Rate)
[2026-04-03T02:26:08.189+0600][34.834s][info][gc,task     ] GC(28) Using 1 Workers for Young Generation
[2026-04-03T02:26:08.189+0600][34.834s][info][gc,phases   ] GC(28) y: Young Generation
[2026-04-03T02:26:08.190+0600][34.835s][info][gc,phases   ] GC(28) y: Pause Mark Start 0.055ms
[2026-04-03T02:26:08.239+0600][34.884s][info][gc,phases   ] GC(28) y: Concurrent Mark 49.285ms
[2026-04-03T02:26:08.240+0600][34.884s][info][gc,phases   ] GC(28) y: Pause Mark End 0.020ms
[2026-04-03T02:26:08.240+0600][34.885s][info][gc,phases   ] GC(28) y: Concurrent Mark Free 0.001ms
[2026-04-03T02:26:08.240+0600][34.885s][info][gc,phases   ] GC(28) y: Concurrent Reset Relocation Set 0.012ms
[2026-04-03T02:26:08.242+0600][34.886s][info][gc,reloc    ] GC(28) y: Using tenuring threshold: 4 (Computed)
[2026-04-03T02:26:08.242+0600][34.887s][info][gc,phases   ] GC(28) y: Concurrent Select Relocation Set 2.218ms
[2026-04-03T02:26:08.242+0600][34.887s][info][gc,phases   ] GC(28) y: Pause Relocate Start 0.015ms
[2026-04-03T02:26:08.248+0600][34.892s][info][gc,phases   ] GC(28) y: Concurrent Relocate 5.234ms
[2026-04-03T02:26:08.248+0600][34.892s][info][gc,alloc    ] GC(28) y:                         Mark Start        Mark End      Relocate Start    Relocate End   
[2026-04-03T02:26:08.248+0600][34.892s][info][gc,alloc    ] GC(28) y: Allocation Stalls:          0                0                0                0         
[2026-04-03T02:26:08.248+0600][34.893s][info][gc,load     ] GC(28) y: Load: 5.43 (45%) / 5.90 (49%) / 5.86 (49%)
[2026-04-03T02:26:08.248+0600][34.893s][info][gc,mmu      ] GC(28) y: MMU: 2ms/95.7%, 5ms/97.6%, 10ms/98.8%, 20ms/99.4%, 50ms/99.7%, 100ms/99.8%
[2026-04-03T02:26:08.248+0600][34.893s][info][gc,marking  ] GC(28) y: Mark: 1 stripe(s), 2 proactive flush(es), 1 terminate flush(es), 0 completion(s), 0 continuation(s) 
[2026-04-03T02:26:08.248+0600][34.893s][info][gc,marking  ] GC(28) y: Mark Stack Usage: 32M
[2026-04-03T02:26:08.248+0600][34.893s][info][gc,nmethod  ] GC(28) y: NMethods: 15147 registered, 0 unregistered
[2026-04-03T02:26:08.248+0600][34.893s][info][gc,metaspace] GC(28) y: Metaspace: 127M used, 129M committed, 1152M reserved
[2026-04-03T02:26:08.248+0600][34.893s][info][gc,reloc    ] GC(28) y:                        Candidates     Selected     In-Place         Size        Empty    Relocated 
[2026-04-03T02:26:08.248+0600][34.893s][info][gc,reloc    ] GC(28) y: Small Pages:                   86           67            0         172M          28M           4M 
[2026-04-03T02:26:08.248+0600][34.893s][info][gc,reloc    ] GC(28) y: Medium Pages:                   1            0            0          32M          32M           0M 
[2026-04-03T02:26:08.248+0600][34.893s][info][gc,reloc    ] GC(28) y: Large Pages:                    4            0            0          24M          24M           0M 
[2026-04-03T02:26:08.248+0600][34.893s][info][gc,reloc    ] GC(28) y: Forwarding Usage: 1M
[2026-04-03T02:26:08.248+0600][34.893s][info][gc,reloc    ] GC(28) y: Age Table:
[2026-04-03T02:26:08.248+0600][34.893s][info][gc,reloc    ] GC(28) y:                    Live             Garbage             Small              Medium             Large        
[2026-04-03T02:26:08.248+0600][34.893s][info][gc,reloc    ] GC(28) y: Eden               3M (0%)          190M (15%)         72 / 55             1 / 0              3 / 0        
[2026-04-03T02:26:08.248+0600][34.893s][info][gc,reloc    ] GC(28) y: Survivor 1         2M (0%)            7M (1%)           2 / 0              0 / 0              1 / 0        
[2026-04-03T02:26:08.248+0600][34.893s][info][gc,reloc    ] GC(28) y: Survivor 2         0M (0%)           19M (2%)          10 / 10             0 / 0              0 / 0        
[2026-04-03T02:26:08.248+0600][34.893s][info][gc,reloc    ] GC(28) y: Survivor 3         0M (0%)            3M (0%)           2 / 2              0 / 0              0 / 0        
[2026-04-03T02:26:08.248+0600][34.893s][info][gc,heap     ] GC(28) y: Min Capacity: 8M(1%)
[2026-04-03T02:26:08.248+0600][34.893s][info][gc,heap     ] GC(28) y: Max Capacity: 1250M(100%)
[2026-04-03T02:26:08.248+0600][34.893s][info][gc,heap     ] GC(28) y: Soft Max Capacity: 1250M(100%)
[2026-04-03T02:26:08.248+0600][34.893s][info][gc,heap     ] GC(28) y: Heap Statistics:
[2026-04-03T02:26:08.248+0600][34.893s][info][gc,heap     ] GC(28) y:                Mark Start          Mark End        Relocate Start      Relocate End           High               Low         
[2026-04-03T02:26:08.248+0600][34.893s][info][gc,heap     ] GC(28) y:  Capacity:     1250M (100%)       1250M (100%)       1250M (100%)       1250M (100%)       1250M (100%)       1250M (100%)   
[2026-04-03T02:26:08.248+0600][34.893s][info][gc,heap     ] GC(28) y:      Free:      840M (67%)         778M (62%)         862M (69%)         974M (78%)         974M (78%)         778M (62%)    
[2026-04-03T02:26:08.248+0600][34.893s][info][gc,heap     ] GC(28) y:      Used:      410M (33%)         472M (38%)         388M (31%)         276M (22%)         472M (38%)         276M (22%)    
[2026-04-03T02:26:08.248+0600][34.893s][info][gc,heap     ] GC(28) y: Young Generation Statistics:
[2026-04-03T02:26:08.248+0600][34.893s][info][gc,heap     ] GC(28) y:                Mark Start          Mark End        Relocate Start      Relocate End    
[2026-04-03T02:26:08.248+0600][34.893s][info][gc,heap     ] GC(28) y:      Used:      228M (18%)         290M (23%)         206M (16%)          94M (8%)     
[2026-04-03T02:26:08.248+0600][34.893s][info][gc,heap     ] GC(28) y:      Live:         -                 7M (1%)            7M (1%)            7M (1%)     
[2026-04-03T02:26:08.248+0600][34.893s][info][gc,heap     ] GC(28) y:   Garbage:         -               220M (18%)         136M (11%)           1M (0%)     
[2026-04-03T02:26:08.248+0600][34.893s][info][gc,heap     ] GC(28) y: Allocated:         -                62M (5%)           62M (5%)           85M (7%)     
[2026-04-03T02:26:08.248+0600][34.893s][info][gc,heap     ] GC(28) y: Reclaimed:         -                  -                84M (7%)          219M (18%)    
[2026-04-03T02:26:08.248+0600][34.893s][info][gc,heap     ] GC(28) y:  Promoted:         -                  -                 0M (0%)            0M (0%)     
[2026-04-03T02:26:08.248+0600][34.893s][info][gc,heap     ] GC(28) y: Compacted:         -                  -                  -                 4M (0%)     
[2026-04-03T02:26:08.248+0600][34.893s][info][gc,phases   ] GC(28) y: Young Generation 410M(33%)->276M(22%) 0.058s
[2026-04-03T02:26:08.248+0600][34.893s][info][gc          ] GC(28) Minor Collection (Allocation Rate) 410M(33%)->276M(22%) 0.059s
[2026-04-03T02:26:08.670+0600][35.315s][info][gc          ] GC(29) Minor Collection (Allocation Rate)
[2026-04-03T02:26:08.671+0600][35.315s][info][gc,task     ] GC(29) Using 1 Workers for Young Generation
[2026-04-03T02:26:08.671+0600][35.315s][info][gc,phases   ] GC(29) y: Young Generation
[2026-04-03T02:26:08.671+0600][35.316s][info][gc,phases   ] GC(29) y: Pause Mark Start 0.020ms
[2026-04-03T02:26:08.708+0600][35.353s][info][gc,phases   ] GC(29) y: Concurrent Mark 36.865ms
[2026-04-03T02:26:08.708+0600][35.353s][info][gc,phases   ] GC(29) y: Pause Mark End 0.056ms
[2026-04-03T02:26:08.708+0600][35.353s][info][gc,phases   ] GC(29) y: Concurrent Mark Free 0.004ms
[2026-04-03T02:26:08.708+0600][35.353s][info][gc,phases   ] GC(29) y: Concurrent Reset Relocation Set 0.012ms
[2026-04-03T02:26:08.711+0600][35.356s][info][gc,reloc    ] GC(29) y: Using tenuring threshold: 2 (Computed)
[2026-04-03T02:26:08.713+0600][35.358s][info][gc,phases   ] GC(29) y: Concurrent Select Relocation Set 4.626ms
[2026-04-03T02:26:08.713+0600][35.358s][info][gc,phases   ] GC(29) y: Pause Relocate Start 0.013ms
[2026-04-03T02:26:08.725+0600][35.370s][info][gc,phases   ] GC(29) y: Concurrent Relocate 11.577ms
[2026-04-03T02:26:08.725+0600][35.370s][info][gc,alloc    ] GC(29) y:                         Mark Start        Mark End      Relocate Start    Relocate End   
[2026-04-03T02:26:08.725+0600][35.370s][info][gc,alloc    ] GC(29) y: Allocation Stalls:          0                0                0                0         
[2026-04-03T02:26:08.725+0600][35.370s][info][gc,load     ] GC(29) y: Load: 5.43 (45%) / 5.90 (49%) / 5.86 (49%)
[2026-04-03T02:26:08.725+0600][35.370s][info][gc,mmu      ] GC(29) y: MMU: 2ms/95.7%, 5ms/97.6%, 10ms/98.8%, 20ms/99.4%, 50ms/99.7%, 100ms/99.8%
[2026-04-03T02:26:08.725+0600][35.370s][info][gc,marking  ] GC(29) y: Mark: 1 stripe(s), 2 proactive flush(es), 1 terminate flush(es), 0 completion(s), 0 continuation(s) 
[2026-04-03T02:26:08.725+0600][35.370s][info][gc,marking  ] GC(29) y: Mark Stack Usage: 32M
[2026-04-03T02:26:08.725+0600][35.370s][info][gc,nmethod  ] GC(29) y: NMethods: 15178 registered, 0 unregistered
[2026-04-03T02:26:08.725+0600][35.370s][info][gc,metaspace] GC(29) y: Metaspace: 127M used, 129M committed, 1152M reserved
[2026-04-03T02:26:08.725+0600][35.370s][info][gc,reloc    ] GC(29) y:                        Candidates     Selected     In-Place         Size        Empty    Relocated 
[2026-04-03T02:26:08.725+0600][35.370s][info][gc,reloc    ] GC(29) y: Small Pages:                  130           72            0         260M         108M           3M 
[2026-04-03T02:26:08.725+0600][35.370s][info][gc,reloc    ] GC(29) y: Medium Pages:                   2            0            0          64M          32M           0M 
[2026-04-03T02:26:08.725+0600][35.370s][info][gc,reloc    ] GC(29) y: Large Pages:                    6            0            0          36M          36M           0M 
[2026-04-03T02:26:08.725+0600][35.370s][info][gc,reloc    ] GC(29) y: Forwarding Usage: 0M
[2026-04-03T02:26:08.725+0600][35.370s][info][gc,reloc    ] GC(29) y: Age Table:
[2026-04-03T02:26:08.725+0600][35.370s][info][gc,reloc    ] GC(29) y:                    Live             Garbage             Small              Medium             Large        
[2026-04-03T02:26:08.725+0600][35.370s][info][gc,reloc    ] GC(29) y: Eden               3M (0%)          330M (26%)        117 / 61             2 / 0              6 / 0        
[2026-04-03T02:26:08.725+0600][35.370s][info][gc,reloc    ] GC(29) y: Survivor 1         0M (0%)            9M (1%)           5 / 5              0 / 0              0 / 0        
[2026-04-03T02:26:08.725+0600][35.370s][info][gc,reloc    ] GC(29) y: Survivor 2         2M (0%)            1M (0%)           2 / 1              0 / 0              0 / 0        
[2026-04-03T02:26:08.725+0600][35.370s][info][gc,reloc    ] GC(29) y: Survivor 3         0M (0%)            3M (0%)           2 / 1              0 / 0              0 / 0        
[2026-04-03T02:26:08.725+0600][35.370s][info][gc,reloc    ] GC(29) y: Survivor 4         0M (0%)            7M (1%)           4 / 4              0 / 0              0 / 0        
[2026-04-03T02:26:08.725+0600][35.370s][info][gc,heap     ] GC(29) y: Min Capacity: 8M(1%)
[2026-04-03T02:26:08.725+0600][35.370s][info][gc,heap     ] GC(29) y: Max Capacity: 1250M(100%)
[2026-04-03T02:26:08.725+0600][35.370s][info][gc,heap     ] GC(29) y: Soft Max Capacity: 1250M(100%)
[2026-04-03T02:26:08.725+0600][35.370s][info][gc,heap     ] GC(29) y: Heap Statistics:
[2026-04-03T02:26:08.725+0600][35.370s][info][gc,heap     ] GC(29) y:                Mark Start          Mark End        Relocate Start      Relocate End           High               Low         
[2026-04-03T02:26:08.725+0600][35.370s][info][gc,heap     ] GC(29) y:  Capacity:     1250M (100%)       1250M (100%)       1250M (100%)       1250M (100%)       1250M (100%)       1250M (100%)   
[2026-04-03T02:26:08.725+0600][35.370s][info][gc,heap     ] GC(29) y:      Free:      708M (57%)         630M (50%)         806M (64%)         948M (76%)         948M (76%)         624M (50%)    
[2026-04-03T02:26:08.725+0600][35.370s][info][gc,heap     ] GC(29) y:      Used:      542M (43%)         620M (50%)         444M (36%)         302M (24%)         626M (50%)         302M (24%)    
[2026-04-03T02:26:08.725+0600][35.370s][info][gc,heap     ] GC(29) y: Young Generation Statistics:
[2026-04-03T02:26:08.725+0600][35.370s][info][gc,heap     ] GC(29) y:                Mark Start          Mark End        Relocate Start      Relocate End    
[2026-04-03T02:26:08.725+0600][35.370s][info][gc,heap     ] GC(29) y:      Used:      360M (29%)         438M (35%)         260M (21%)         116M (9%)     
[2026-04-03T02:26:08.725+0600][35.370s][info][gc,heap     ] GC(29) y:      Live:         -                 7M (1%)            5M (0%)            3M (0%)     
[2026-04-03T02:26:08.725+0600][35.370s][info][gc,heap     ] GC(29) y:   Garbage:         -               352M (28%)         176M (14%)          30M (2%)     
[2026-04-03T02:26:08.725+0600][35.370s][info][gc,heap     ] GC(29) y: Allocated:         -                78M (6%)           78M (6%)           81M (7%)     
[2026-04-03T02:26:08.725+0600][35.370s][info][gc,heap     ] GC(29) y: Reclaimed:         -                  -               176M (14%)         321M (26%)    
[2026-04-03T02:26:08.725+0600][35.370s][info][gc,heap     ] GC(29) y:  Promoted:         -                  -                 1M (0%)            3M (0%)     
[2026-04-03T02:26:08.725+0600][35.370s][info][gc,heap     ] GC(29) y: Compacted:         -                  -                  -                 2M (0%)     
[2026-04-03T02:26:08.725+0600][35.370s][info][gc,phases   ] GC(29) y: Young Generation 542M(43%)->302M(24%) 0.054s
[2026-04-03T02:26:08.725+0600][35.370s][info][gc          ] GC(29) Minor Collection (Allocation Rate) 542M(43%)->302M(24%) 0.055s
[2026-04-03T02:26:09.813+0600][36.457s][info][gc          ] GC(30) Minor Collection (Allocation Rate)
[2026-04-03T02:26:09.813+0600][36.457s][info][gc,task     ] GC(30) Using 1 Workers for Young Generation
[2026-04-03T02:26:09.813+0600][36.458s][info][gc,phases   ] GC(30) y: Young Generation
[2026-04-03T02:26:09.813+0600][36.458s][info][gc,phases   ] GC(30) y: Pause Mark Start 0.022ms
[2026-04-03T02:26:09.858+0600][36.502s][info][gc,phases   ] GC(30) y: Concurrent Mark 44.469ms
[2026-04-03T02:26:09.858+0600][36.503s][info][gc,phases   ] GC(30) y: Pause Mark End 0.032ms
[2026-04-03T02:26:09.858+0600][36.503s][info][gc,phases   ] GC(30) y: Concurrent Mark Free 0.002ms
[2026-04-03T02:26:09.858+0600][36.503s][info][gc,phases   ] GC(30) y: Concurrent Reset Relocation Set 0.012ms
[2026-04-03T02:26:09.864+0600][36.509s][info][gc,reloc    ] GC(30) y: Using tenuring threshold: 3 (Computed)
[2026-04-03T02:26:09.865+0600][36.510s][info][gc,phases   ] GC(30) y: Concurrent Select Relocation Set 6.646ms
[2026-04-03T02:26:09.865+0600][36.510s][info][gc,phases   ] GC(30) y: Pause Relocate Start 0.015ms
[2026-04-03T02:26:09.873+0600][36.518s][info][gc,phases   ] GC(30) y: Concurrent Relocate 8.414ms
[2026-04-03T02:26:09.874+0600][36.518s][info][gc,alloc    ] GC(30) y:                         Mark Start        Mark End      Relocate Start    Relocate End   
[2026-04-03T02:26:09.874+0600][36.518s][info][gc,alloc    ] GC(30) y: Allocation Stalls:          0                0                0                0         
[2026-04-03T02:26:09.874+0600][36.518s][info][gc,load     ] GC(30) y: Load: 5.80 (48%) / 5.97 (50%) / 5.88 (49%)
[2026-04-03T02:26:09.874+0600][36.518s][info][gc,mmu      ] GC(30) y: MMU: 2ms/95.7%, 5ms/97.6%, 10ms/98.8%, 20ms/99.4%, 50ms/99.7%, 100ms/99.8%
[2026-04-03T02:26:09.874+0600][36.518s][info][gc,marking  ] GC(30) y: Mark: 1 stripe(s), 2 proactive flush(es), 1 terminate flush(es), 0 completion(s), 0 continuation(s) 
[2026-04-03T02:26:09.874+0600][36.518s][info][gc,marking  ] GC(30) y: Mark Stack Usage: 32M
[2026-04-03T02:26:09.874+0600][36.518s][info][gc,nmethod  ] GC(30) y: NMethods: 15327 registered, 0 unregistered
[2026-04-03T02:26:09.874+0600][36.518s][info][gc,metaspace] GC(30) y: Metaspace: 127M used, 129M committed, 1152M reserved
[2026-04-03T02:26:09.874+0600][36.518s][info][gc,reloc    ] GC(30) y:                        Candidates     Selected     In-Place         Size        Empty    Relocated 
[2026-04-03T02:26:09.874+0600][36.518s][info][gc,reloc    ] GC(30) y: Small Pages:                  315          217            0         630M         190M           3M 
[2026-04-03T02:26:09.874+0600][36.518s][info][gc,reloc    ] GC(30) y: Medium Pages:                   5            0            0         160M         160M           0M 
[2026-04-03T02:26:09.874+0600][36.518s][info][gc,reloc    ] GC(30) y: Large Pages:                   15            0            0          90M          84M           0M 
[2026-04-03T02:26:09.874+0600][36.518s][info][gc,reloc    ] GC(30) y: Forwarding Usage: 0M
[2026-04-03T02:26:09.874+0600][36.518s][info][gc,reloc    ] GC(30) y: Age Table:
[2026-04-03T02:26:09.874+0600][36.518s][info][gc,reloc    ] GC(30) y:                    Live             Garbage             Small              Medium             Large        
[2026-04-03T02:26:09.874+0600][36.518s][info][gc,reloc    ] GC(30) y: Eden               9M (1%)          832M (67%)        312 / 215            4 / 0             15 / 0        
[2026-04-03T02:26:09.874+0600][36.518s][info][gc,reloc    ] GC(30) y: Survivor 1         0M (0%)           35M (3%)           2 / 2              1 / 0              0 / 0        
[2026-04-03T02:26:09.874+0600][36.518s][info][gc,reloc    ] GC(30) y: Survivor 2         0M (0%)            1M (0%)           1 / 0              0 / 0              0 / 0        
[2026-04-03T02:26:09.874+0600][36.518s][info][gc,heap     ] GC(30) y: Min Capacity: 8M(1%)
[2026-04-03T02:26:09.874+0600][36.519s][info][gc,heap     ] GC(30) y: Max Capacity: 1250M(100%)
[2026-04-03T02:26:09.874+0600][36.519s][info][gc,heap     ] GC(30) y: Soft Max Capacity: 1250M(100%)
[2026-04-03T02:26:09.874+0600][36.519s][info][gc,heap     ] GC(30) y: Heap Statistics:
[2026-04-03T02:26:09.874+0600][36.519s][info][gc,heap     ] GC(30) y:                Mark Start          Mark End        Relocate Start      Relocate End           High               Low         
[2026-04-03T02:26:09.874+0600][36.519s][info][gc,heap     ] GC(30) y:  Capacity:     1250M (100%)       1250M (100%)       1250M (100%)       1250M (100%)       1250M (100%)       1250M (100%)   
[2026-04-03T02:26:09.874+0600][36.519s][info][gc,heap     ] GC(30) y:      Free:      184M (15%)         162M (13%)         596M (48%)        1018M (81%)        1018M (81%)         160M (13%)    
[2026-04-03T02:26:09.874+0600][36.519s][info][gc,heap     ] GC(30) y:      Used:     1066M (85%)        1088M (87%)         654M (52%)         232M (19%)        1090M (87%)         232M (19%)    
[2026-04-03T02:26:09.874+0600][36.519s][info][gc,heap     ] GC(30) y: Young Generation Statistics:
[2026-04-03T02:26:09.874+0600][36.519s][info][gc,heap     ] GC(30) y:                Mark Start          Mark End        Relocate Start      Relocate End    
[2026-04-03T02:26:09.874+0600][36.519s][info][gc,heap     ] GC(30) y:      Used:      880M (70%)         902M (72%)         468M (37%)          46M (4%)     
[2026-04-03T02:26:09.874+0600][36.519s][info][gc,heap     ] GC(30) y:      Live:         -                10M (1%)           10M (1%)           10M (1%)     
[2026-04-03T02:26:09.874+0600][36.519s][info][gc,heap     ] GC(30) y:   Garbage:         -               869M (70%)         435M (35%)           0M (0%)     
[2026-04-03T02:26:09.874+0600][36.519s][info][gc,heap     ] GC(30) y: Allocated:         -                22M (2%)           22M (2%)           35M (3%)     
[2026-04-03T02:26:09.874+0600][36.519s][info][gc,heap     ] GC(30) y: Reclaimed:         -                  -               434M (35%)         869M (70%)    
[2026-04-03T02:26:09.874+0600][36.519s][info][gc,heap     ] GC(30) y:  Promoted:         -                  -                 0M (0%)            0M (0%)     
[2026-04-03T02:26:09.874+0600][36.519s][info][gc,heap     ] GC(30) y: Compacted:         -                  -                  -                 4M (0%)     
[2026-04-03T02:26:09.874+0600][36.519s][info][gc,phases   ] GC(30) y: Young Generation 1066M(85%)->232M(19%) 0.061s
[2026-04-03T02:26:09.874+0600][36.519s][info][gc          ] GC(30) Minor Collection (Allocation Rate) 1066M(85%)->264M(21%) 0.061s
[2026-04-03T02:26:11.081+0600][37.725s][info][gc          ] GC(31) Minor Collection (Allocation Rate)
[2026-04-03T02:26:11.081+0600][37.725s][info][gc,task     ] GC(31) Using 2 Workers for Young Generation
[2026-04-03T02:26:11.081+0600][37.725s][info][gc,phases   ] GC(31) y: Young Generation
[2026-04-03T02:26:11.081+0600][37.726s][info][gc,phases   ] GC(31) y: Pause Mark Start 0.020ms
[2026-04-03T02:26:11.098+0600][37.743s][info][gc,task     ] Adjusting Workers for Young Generation: 2 -> 3
[2026-04-03T02:26:11.104+0600][37.749s][info][gc,phases   ] GC(31) y: Concurrent Mark 23.171ms
[2026-04-03T02:26:11.104+0600][37.749s][info][gc,phases   ] GC(31) y: Pause Mark End 0.020ms
[2026-04-03T02:26:11.104+0600][37.749s][info][gc,phases   ] GC(31) y: Concurrent Mark Free 0.002ms
[2026-04-03T02:26:11.104+0600][37.749s][info][gc,phases   ] GC(31) y: Concurrent Reset Relocation Set 0.020ms
[2026-04-03T02:26:11.106+0600][37.751s][info][gc,reloc    ] GC(31) y: Using tenuring threshold: 4 (Computed)
[2026-04-03T02:26:11.107+0600][37.752s][info][gc,phases   ] GC(31) y: Concurrent Select Relocation Set 2.429ms
[2026-04-03T02:26:11.107+0600][37.752s][info][gc,phases   ] GC(31) y: Pause Relocate Start 0.018ms
[2026-04-03T02:26:11.110+0600][37.755s][info][gc,phases   ] GC(31) y: Concurrent Relocate 2.990ms
[2026-04-03T02:26:11.110+0600][37.755s][info][gc,alloc    ] GC(31) y:                         Mark Start        Mark End      Relocate Start    Relocate End   
[2026-04-03T02:26:11.110+0600][37.755s][info][gc,alloc    ] GC(31) y: Allocation Stalls:          0                0                0                0         
[2026-04-03T02:26:11.110+0600][37.755s][info][gc,load     ] GC(31) y: Load: 5.80 (48%) / 5.97 (50%) / 5.88 (49%)
[2026-04-03T02:26:11.110+0600][37.755s][info][gc,mmu      ] GC(31) y: MMU: 2ms/95.7%, 5ms/97.6%, 10ms/98.8%, 20ms/99.4%, 50ms/99.7%, 100ms/99.8%
[2026-04-03T02:26:11.110+0600][37.755s][info][gc,marking  ] GC(31) y: Mark: 2 stripe(s), 2 proactive flush(es), 1 terminate flush(es), 0 completion(s), 0 continuation(s) 
[2026-04-03T02:26:11.110+0600][37.755s][info][gc,marking  ] GC(31) y: Mark Stack Usage: 32M
[2026-04-03T02:26:11.110+0600][37.755s][info][gc,nmethod  ] GC(31) y: NMethods: 15401 registered, 0 unregistered
[2026-04-03T02:26:11.110+0600][37.755s][info][gc,metaspace] GC(31) y: Metaspace: 127M used, 129M committed, 1152M reserved
[2026-04-03T02:26:11.110+0600][37.755s][info][gc,reloc    ] GC(31) y:                        Candidates     Selected     In-Place         Size        Empty    Relocated 
[2026-04-03T02:26:11.110+0600][37.755s][info][gc,reloc    ] GC(31) y: Small Pages:                  345          196            0         690M         288M           4M 
[2026-04-03T02:26:11.110+0600][37.755s][info][gc,reloc    ] GC(31) y: Medium Pages:                   5            0            0         160M         160M           0M 
[2026-04-03T02:26:11.110+0600][37.755s][info][gc,reloc    ] GC(31) y: Large Pages:                   18            0            0         108M         108M           0M 
[2026-04-03T02:26:11.110+0600][37.755s][info][gc,reloc    ] GC(31) y: Forwarding Usage: 1M
[2026-04-03T02:26:11.110+0600][37.755s][info][gc,reloc    ] GC(31) y: Age Table:
[2026-04-03T02:26:11.110+0600][37.755s][info][gc,reloc    ] GC(31) y:                    Live             Garbage             Small              Medium             Large        
[2026-04-03T02:26:11.110+0600][37.755s][info][gc,reloc    ] GC(31) y: Eden               3M (0%)          940M (75%)        341 / 194            5 / 0             17 / 0        
[2026-04-03T02:26:11.110+0600][37.755s][info][gc,reloc    ] GC(31) y: Survivor 1         2M (0%)            7M (1%)           2 / 0              0 / 0              1 / 0        
[2026-04-03T02:26:11.110+0600][37.755s][info][gc,reloc    ] GC(31) y: Survivor 2         0M (0%)            1M (0%)           1 / 1              0 / 0              0 / 0        
[2026-04-03T02:26:11.110+0600][37.755s][info][gc,reloc    ] GC(31) y: Survivor 3         0M (0%)            1M (0%)           1 / 1              0 / 0              0 / 0        
[2026-04-03T02:26:11.110+0600][37.755s][info][gc,heap     ] GC(31) y: Min Capacity: 8M(1%)
[2026-04-03T02:26:11.110+0600][37.755s][info][gc,heap     ] GC(31) y: Max Capacity: 1250M(100%)
[2026-04-03T02:26:11.110+0600][37.755s][info][gc,heap     ] GC(31) y: Soft Max Capacity: 1250M(100%)
[2026-04-03T02:26:11.110+0600][37.755s][info][gc,heap     ] GC(31) y: Heap Statistics:
[2026-04-03T02:26:11.110+0600][37.755s][info][gc,heap     ] GC(31) y:                Mark Start          Mark End        Relocate Start      Relocate End           High               Low         
[2026-04-03T02:26:11.110+0600][37.755s][info][gc,heap     ] GC(31) y:  Capacity:     1250M (100%)       1250M (100%)       1250M (100%)       1250M (100%)       1250M (100%)       1250M (100%)   
[2026-04-03T02:26:11.110+0600][37.755s][info][gc,heap     ] GC(31) y:      Free:      106M (8%)           50M (4%)          602M (48%)         990M (79%)         990M (79%)          50M (4%)     
[2026-04-03T02:26:11.110+0600][37.755s][info][gc,heap     ] GC(31) y:      Used:     1144M (92%)        1200M (96%)         648M (52%)         260M (21%)        1200M (96%)         260M (21%)    
[2026-04-03T02:26:11.110+0600][37.755s][info][gc,heap     ] GC(31) y: Young Generation Statistics:
[2026-04-03T02:26:11.110+0600][37.755s][info][gc,heap     ] GC(31) y:                Mark Start          Mark End        Relocate Start      Relocate End    
[2026-04-03T02:26:11.110+0600][37.755s][info][gc,heap     ] GC(31) y:      Used:      958M (77%)        1014M (81%)         462M (37%)          74M (6%)     
[2026-04-03T02:26:11.110+0600][37.755s][info][gc,heap     ] GC(31) y:      Live:         -                 7M (1%)            7M (1%)            7M (1%)     
[2026-04-03T02:26:11.110+0600][37.755s][info][gc,heap     ] GC(31) y:   Garbage:         -               950M (76%)         394M (32%)           1M (0%)     
[2026-04-03T02:26:11.110+0600][37.755s][info][gc,heap     ] GC(31) y: Allocated:         -                56M (4%)           60M (5%)           65M (5%)     
[2026-04-03T02:26:11.111+0600][37.755s][info][gc,heap     ] GC(31) y: Reclaimed:         -                  -               556M (44%)         949M (76%)    
[2026-04-03T02:26:11.111+0600][37.755s][info][gc,heap     ] GC(31) y:  Promoted:         -                  -                 0M (0%)            0M (0%)     
[2026-04-03T02:26:11.111+0600][37.755s][info][gc,heap     ] GC(31) y: Compacted:         -                  -                  -                 4M (0%)     
[2026-04-03T02:26:11.111+0600][37.755s][info][gc,phases   ] GC(31) y: Young Generation 1144M(92%)->260M(21%) 0.030s
[2026-04-03T02:26:11.111+0600][37.755s][info][gc          ] GC(31) Minor Collection (Allocation Rate) 1144M(92%)->260M(21%) 0.030s
[2026-04-03T02:26:11.573+0600][38.218s][info][gc          ] GC(32) Minor Collection (Allocation Rate)
[2026-04-03T02:26:11.573+0600][38.218s][info][gc,task     ] GC(32) Using 1 Workers for Young Generation
[2026-04-03T02:26:11.573+0600][38.218s][info][gc,phases   ] GC(32) y: Young Generation
[2026-04-03T02:26:11.573+0600][38.218s][info][gc,phases   ] GC(32) y: Pause Mark Start 0.022ms
[2026-04-03T02:26:11.598+0600][38.242s][info][gc,task     ] Adjusting Workers for Young Generation: 1 -> 3
[2026-04-03T02:26:11.623+0600][38.268s][info][gc,phases   ] GC(32) y: Concurrent Mark 49.362ms
[2026-04-03T02:26:11.623+0600][38.268s][info][gc,phases   ] GC(32) y: Pause Mark End 0.025ms
[2026-04-03T02:26:11.623+0600][38.268s][info][gc,phases   ] GC(32) y: Concurrent Mark Free 0.003ms
[2026-04-03T02:26:11.624+0600][38.268s][info][gc,phases   ] GC(32) y: Concurrent Reset Relocation Set 0.019ms
[2026-04-03T02:26:11.624+0600][38.268s][info][gc          ] Allocation Stall (Executor task launch worker for task 1.0 in stage 666.0 (TID 1344)) 6.236ms
[2026-04-03T02:26:11.625+0600][38.270s][info][gc,reloc    ] GC(32) y: Using tenuring threshold: 5 (Computed)
[2026-04-03T02:26:11.626+0600][38.271s][info][gc,phases   ] GC(32) y: Concurrent Select Relocation Set 2.811ms
[2026-04-03T02:26:11.627+0600][38.271s][info][gc,phases   ] GC(32) y: Pause Relocate Start 0.019ms
[2026-04-03T02:26:11.632+0600][38.276s][info][gc,phases   ] GC(32) y: Concurrent Relocate 4.883ms
[2026-04-03T02:26:11.632+0600][38.276s][info][gc,alloc    ] GC(32) y:                         Mark Start        Mark End      Relocate Start    Relocate End   
[2026-04-03T02:26:11.632+0600][38.276s][info][gc,alloc    ] GC(32) y: Allocation Stalls:          0                1                0                0         
[2026-04-03T02:26:11.632+0600][38.277s][info][gc,load     ] GC(32) y: Load: 5.80 (48%) / 5.97 (50%) / 5.88 (49%)
[2026-04-03T02:26:11.632+0600][38.277s][info][gc,mmu      ] GC(32) y: MMU: 2ms/95.7%, 5ms/97.6%, 10ms/98.8%, 20ms/99.4%, 50ms/99.7%, 100ms/99.8%
[2026-04-03T02:26:11.632+0600][38.277s][info][gc,marking  ] GC(32) y: Mark: 1 stripe(s), 2 proactive flush(es), 1 terminate flush(es), 0 completion(s), 0 continuation(s) 
[2026-04-03T02:26:11.632+0600][38.277s][info][gc,marking  ] GC(32) y: Mark Stack Usage: 32M
[2026-04-03T02:26:11.632+0600][38.277s][info][gc,nmethod  ] GC(32) y: NMethods: 15463 registered, 0 unregistered
[2026-04-03T02:26:11.632+0600][38.277s][info][gc,metaspace] GC(32) y: Metaspace: 127M used, 129M committed, 1152M reserved
[2026-04-03T02:26:11.632+0600][38.277s][info][gc,reloc    ] GC(32) y:                        Candidates     Selected     In-Place         Size        Empty    Relocated 
[2026-04-03T02:26:11.632+0600][38.277s][info][gc,reloc    ] GC(32) y: Small Pages:                  249           67            0         498M         350M           6M 
[2026-04-03T02:26:11.632+0600][38.277s][info][gc,reloc    ] GC(32) y: Medium Pages:                   2            0            0          64M          64M           0M 
[2026-04-03T02:26:11.632+0600][38.277s][info][gc,reloc    ] GC(32) y: Large Pages:                   37            0            0         222M         204M           0M 
[2026-04-03T02:26:11.632+0600][38.277s][info][gc,reloc    ] GC(32) y: Forwarding Usage: 1M
[2026-04-03T02:26:11.632+0600][38.277s][info][gc,reloc    ] GC(32) y: Age Table:
[2026-04-03T02:26:11.632+0600][38.277s][info][gc,reloc    ] GC(32) y:                    Live             Garbage             Small              Medium             Large        
[2026-04-03T02:26:11.632+0600][38.277s][info][gc,reloc    ] GC(32) y: Eden              22M (2%)          747M (60%)        242 / 65             2 / 0             37 / 0        
[2026-04-03T02:26:11.632+0600][38.277s][info][gc,reloc    ] GC(32) y: Survivor 1         3M (0%)            2M (0%)           3 / 1              0 / 0              0 / 0        
[2026-04-03T02:26:11.632+0600][38.277s][info][gc,reloc    ] GC(32) y: Survivor 2         2M (0%)            1M (0%)           2 / 1              0 / 0              0 / 0        
[2026-04-03T02:26:11.632+0600][38.277s][info][gc,reloc    ] GC(32) y: Survivor 3         0M (0%)            1M (0%)           1 / 0              0 / 0              0 / 0        
[2026-04-03T02:26:11.632+0600][38.277s][info][gc,reloc    ] GC(32) y: Survivor 4         0M (0%)            1M (0%)           1 / 0              0 / 0              0 / 0        
[2026-04-03T02:26:11.632+0600][38.277s][info][gc,heap     ] GC(32) y: Min Capacity: 8M(1%)
[2026-04-03T02:26:11.632+0600][38.277s][info][gc,heap     ] GC(32) y: Max Capacity: 1250M(100%)
[2026-04-03T02:26:11.632+0600][38.277s][info][gc,heap     ] GC(32) y: Soft Max Capacity: 1250M(100%)
[2026-04-03T02:26:11.632+0600][38.277s][info][gc,heap     ] GC(32) y: Heap Statistics:
[2026-04-03T02:26:11.632+0600][38.277s][info][gc,heap     ] GC(32) y:                Mark Start          Mark End        Relocate Start      Relocate End           High               Low         
[2026-04-03T02:26:11.632+0600][38.277s][info][gc,heap     ] GC(32) y:  Capacity:     1250M (100%)       1250M (100%)       1250M (100%)       1250M (100%)       1250M (100%)       1250M (100%)   
[2026-04-03T02:26:11.632+0600][38.277s][info][gc,heap     ] GC(32) y:      Free:      280M (22%)           0M (0%)          612M (49%)         732M (59%)         734M (59%)           0M (0%)     
[2026-04-03T02:26:11.632+0600][38.277s][info][gc,heap     ] GC(32) y:      Used:      970M (78%)        1250M (100%)        638M (51%)         518M (41%)        1250M (100%)        516M (41%)    
[2026-04-03T02:26:11.632+0600][38.277s][info][gc,heap     ] GC(32) y: Young Generation Statistics:
[2026-04-03T02:26:11.632+0600][38.277s][info][gc,heap     ] GC(32) y:                Mark Start          Mark End        Relocate Start      Relocate End    
[2026-04-03T02:26:11.632+0600][38.277s][info][gc,heap     ] GC(32) y:      Used:      784M (63%)        1064M (85%)         452M (36%)         332M (27%)    
[2026-04-03T02:26:11.632+0600][38.277s][info][gc,heap     ] GC(32) y:      Live:         -                29M (2%)           29M (2%)           29M (2%)     
[2026-04-03T02:26:11.632+0600][38.277s][info][gc,heap     ] GC(32) y:   Garbage:         -               754M (60%)         136M (11%)           0M (0%)     
[2026-04-03T02:26:11.632+0600][38.277s][info][gc,heap     ] GC(32) y: Allocated:         -               280M (22%)         286M (23%)         301M (24%)    
[2026-04-03T02:26:11.632+0600][38.277s][info][gc,heap     ] GC(32) y: Reclaimed:         -                  -               618M (49%)         753M (60%)    
[2026-04-03T02:26:11.632+0600][38.277s][info][gc,heap     ] GC(32) y:  Promoted:         -                  -                 0M (0%)            0M (0%)     
[2026-04-03T02:26:11.632+0600][38.277s][info][gc,heap     ] GC(32) y: Compacted:         -                  -                  -                 8M (1%)     
[2026-04-03T02:26:11.632+0600][38.277s][info][gc,phases   ] GC(32) y: Young Generation 970M(78%)->518M(41%) 0.059s
[2026-04-03T02:26:11.632+0600][38.277s][info][gc          ] GC(32) Minor Collection (Allocation Rate) 970M(78%)->518M(41%) 0.059s
[2026-04-03T02:26:11.711+0600][38.356s][info][gc          ] GC(33) Minor Collection (Allocation Rate)
[2026-04-03T02:26:11.711+0600][38.356s][info][gc,task     ] GC(33) Using 2 Workers for Young Generation
[2026-04-03T02:26:11.711+0600][38.356s][info][gc,phases   ] GC(33) y: Young Generation
[2026-04-03T02:26:11.711+0600][38.356s][info][gc,phases   ] GC(33) y: Pause Mark Start 0.052ms
[2026-04-03T02:26:11.750+0600][38.394s][info][gc,phases   ] GC(33) y: Concurrent Mark 38.341ms
[2026-04-03T02:26:11.750+0600][38.395s][info][gc,phases   ] GC(33) y: Pause Mark End 0.027ms
[2026-04-03T02:26:11.750+0600][38.395s][info][gc,phases   ] GC(33) y: Concurrent Mark Free 0.003ms
[2026-04-03T02:26:11.750+0600][38.395s][info][gc,phases   ] GC(33) y: Concurrent Reset Relocation Set 0.012ms
[2026-04-03T02:26:11.752+0600][38.397s][info][gc,reloc    ] GC(33) y: Using tenuring threshold: 3 (Computed)
[2026-04-03T02:26:11.755+0600][38.399s][info][gc,phases   ] GC(33) y: Concurrent Select Relocation Set 4.335ms
[2026-04-03T02:26:11.755+0600][38.400s][info][gc,phases   ] GC(33) y: Pause Relocate Start 0.019ms
[2026-04-03T02:26:11.762+0600][38.407s][info][gc,phases   ] GC(33) y: Concurrent Relocate 7.018ms
[2026-04-03T02:26:11.762+0600][38.407s][info][gc,alloc    ] GC(33) y:                         Mark Start        Mark End      Relocate Start    Relocate End   
[2026-04-03T02:26:11.762+0600][38.407s][info][gc,alloc    ] GC(33) y: Allocation Stalls:          0                0                0                0         
[2026-04-03T02:26:11.762+0600][38.407s][info][gc,load     ] GC(33) y: Load: 5.80 (48%) / 5.97 (50%) / 5.88 (49%)
[2026-04-03T02:26:11.762+0600][38.407s][info][gc,mmu      ] GC(33) y: MMU: 2ms/95.7%, 5ms/97.6%, 10ms/98.8%, 20ms/99.4%, 50ms/99.7%, 100ms/99.8%
[2026-04-03T02:26:11.762+0600][38.407s][info][gc,marking  ] GC(33) y: Mark: 2 stripe(s), 3 proactive flush(es), 1 terminate flush(es), 0 completion(s), 0 continuation(s) 
[2026-04-03T02:26:11.762+0600][38.407s][info][gc,marking  ] GC(33) y: Mark Stack Usage: 32M
[2026-04-03T02:26:11.762+0600][38.407s][info][gc,nmethod  ] GC(33) y: NMethods: 15477 registered, 0 unregistered
[2026-04-03T02:26:11.762+0600][38.407s][info][gc,metaspace] GC(33) y: Metaspace: 127M used, 129M committed, 1152M reserved
[2026-04-03T02:26:11.762+0600][38.407s][info][gc,reloc    ] GC(33) y:                        Candidates     Selected     In-Place         Size        Empty    Relocated 
[2026-04-03T02:26:11.762+0600][38.407s][info][gc,reloc    ] GC(33) y: Small Pages:                   51           36            0         102M          14M           5M 
[2026-04-03T02:26:11.762+0600][38.407s][info][gc,reloc    ] GC(33) y: Medium Pages:                   1            0            0          32M          32M           0M 
[2026-04-03T02:26:11.762+0600][38.407s][info][gc,reloc    ] GC(33) y: Large Pages:                   66            0            0         396M         372M           0M 
[2026-04-03T02:26:11.762+0600][38.407s][info][gc,reloc    ] GC(33) y: Forwarding Usage: 1M
[2026-04-03T02:26:11.762+0600][38.407s][info][gc,reloc    ] GC(33) y: Age Table:
[2026-04-03T02:26:11.762+0600][38.407s][info][gc,reloc    ] GC(33) y:                    Live             Garbage             Small              Medium             Large        
[2026-04-03T02:26:11.762+0600][38.407s][info][gc,reloc    ] GC(33) y: Eden              27M (2%)          462M (37%)         40 / 31             1 / 0             63 / 0        
[2026-04-03T02:26:11.762+0600][38.407s][info][gc,reloc    ] GC(33) y: Survivor 1         1M (0%)           24M (2%)           4 / 3              0 / 0              3 / 0        
[2026-04-03T02:26:11.763+0600][38.407s][info][gc,reloc    ] GC(33) y: Survivor 2         3M (0%)            2M (0%)           3 / 1              0 / 0              0 / 0        
[2026-04-03T02:26:11.763+0600][38.407s][info][gc,reloc    ] GC(33) y: Survivor 3         2M (0%)            1M (0%)           2 / 0              0 / 0              0 / 0        
[2026-04-03T02:26:11.763+0600][38.407s][info][gc,reloc    ] GC(33) y: Survivor 4         0M (0%)            1M (0%)           1 / 0              0 / 0              0 / 0        
[2026-04-03T02:26:11.763+0600][38.407s][info][gc,reloc    ] GC(33) y: Survivor 5         0M (0%)            1M (0%)           1 / 1              0 / 0              0 / 0        
[2026-04-03T02:26:11.763+0600][38.407s][info][gc,heap     ] GC(33) y: Min Capacity: 8M(1%)
[2026-04-03T02:26:11.763+0600][38.407s][info][gc,heap     ] GC(33) y: Max Capacity: 1250M(100%)
[2026-04-03T02:26:11.763+0600][38.407s][info][gc,heap     ] GC(33) y: Soft Max Capacity: 1250M(100%)
[2026-04-03T02:26:11.763+0600][38.407s][info][gc,heap     ] GC(33) y: Heap Statistics:
[2026-04-03T02:26:11.763+0600][38.407s][info][gc,heap     ] GC(33) y:                Mark Start          Mark End        Relocate Start      Relocate End           High               Low         
[2026-04-03T02:26:11.763+0600][38.407s][info][gc,heap     ] GC(33) y:  Capacity:     1250M (100%)       1250M (100%)       1250M (100%)       1250M (100%)       1250M (100%)       1250M (100%)   
[2026-04-03T02:26:11.763+0600][38.407s][info][gc,heap     ] GC(33) y:      Free:      534M (43%)         236M (19%)         648M (52%)         712M (57%)         714M (57%)         236M (19%)    
[2026-04-03T02:26:11.763+0600][38.407s][info][gc,heap     ] GC(33) y:      Used:      716M (57%)        1014M (81%)         602M (48%)         538M (43%)        1014M (81%)         536M (43%)    
[2026-04-03T02:26:11.763+0600][38.407s][info][gc,heap     ] GC(33) y: Young Generation Statistics:
[2026-04-03T02:26:11.763+0600][38.407s][info][gc,heap     ] GC(33) y:                Mark Start          Mark End        Relocate Start      Relocate End    
[2026-04-03T02:26:11.763+0600][38.407s][info][gc,heap     ] GC(33) y:      Used:      530M (42%)         828M (66%)         414M (33%)         346M (28%)    
[2026-04-03T02:26:11.763+0600][38.407s][info][gc,heap     ] GC(33) y:      Live:         -                36M (3%)           34M (3%)           33M (3%)     
[2026-04-03T02:26:11.763+0600][38.407s][info][gc,heap     ] GC(33) y:   Garbage:         -               493M (39%)          75M (6%)            1M (0%)     
[2026-04-03T02:26:11.763+0600][38.407s][info][gc,heap     ] GC(33) y: Allocated:         -               298M (24%)         304M (24%)         311M (25%)    
[2026-04-03T02:26:11.763+0600][38.407s][info][gc,heap     ] GC(33) y: Reclaimed:         -                  -               418M (33%)         491M (39%)    
[2026-04-03T02:26:11.763+0600][38.407s][info][gc,heap     ] GC(33) y:  Promoted:         -                  -                 1M (0%)            3M (0%)     
[2026-04-03T02:26:11.763+0600][38.408s][info][gc,heap     ] GC(33) y: Compacted:         -                  -                  -                 6M (0%)     
[2026-04-03T02:26:11.763+0600][38.408s][info][gc,phases   ] GC(33) y: Young Generation 716M(57%)->538M(43%) 0.051s
[2026-04-03T02:26:11.763+0600][38.408s][info][gc          ] GC(33) Minor Collection (Allocation Rate) 710M(57%)->538M(43%) 0.052s
[2026-04-03T02:26:11.842+0600][38.486s][info][gc          ] GC(34) Minor Collection (Allocation Rate)
[2026-04-03T02:26:11.842+0600][38.486s][info][gc,task     ] GC(34) Using 3 Workers for Young Generation
[2026-04-03T02:26:11.842+0600][38.486s][info][gc,phases   ] GC(34) y: Young Generation
[2026-04-03T02:26:11.842+0600][38.487s][info][gc,phases   ] GC(34) y: Pause Mark Start 0.020ms
[2026-04-03T02:26:11.872+0600][38.517s][info][gc,phases   ] GC(34) y: Concurrent Mark 29.873ms
[2026-04-03T02:26:11.872+0600][38.517s][info][gc,phases   ] GC(34) y: Pause Mark End 0.030ms
[2026-04-03T02:26:11.872+0600][38.517s][info][gc,phases   ] GC(34) y: Concurrent Mark Free 0.002ms
[2026-04-03T02:26:11.872+0600][38.517s][info][gc,phases   ] GC(34) y: Concurrent Reset Relocation Set 0.020ms
[2026-04-03T02:26:11.876+0600][38.520s][info][gc,reloc    ] GC(34) y: Using tenuring threshold: 3 (Computed)
[2026-04-03T02:26:11.878+0600][38.523s][info][gc,phases   ] GC(34) y: Concurrent Select Relocation Set 5.777ms
[2026-04-03T02:26:11.879+0600][38.523s][info][gc,phases   ] GC(34) y: Pause Relocate Start 0.024ms
[2026-04-03T02:26:11.884+0600][38.529s][info][gc,phases   ] GC(34) y: Concurrent Relocate 5.572ms
[2026-04-03T02:26:11.884+0600][38.529s][info][gc,alloc    ] GC(34) y:                         Mark Start        Mark End      Relocate Start    Relocate End   
[2026-04-03T02:26:11.884+0600][38.529s][info][gc,alloc    ] GC(34) y: Allocation Stalls:          0                0                0                0         
[2026-04-03T02:26:11.884+0600][38.529s][info][gc,load     ] GC(34) y: Load: 5.80 (48%) / 5.97 (50%) / 5.88 (49%)
[2026-04-03T02:26:11.884+0600][38.529s][info][gc,mmu      ] GC(34) y: MMU: 2ms/95.7%, 5ms/97.6%, 10ms/98.8%, 20ms/99.4%, 50ms/99.7%, 100ms/99.8%
[2026-04-03T02:26:11.884+0600][38.529s][info][gc,marking  ] GC(34) y: Mark: 2 stripe(s), 2 proactive flush(es), 1 terminate flush(es), 0 completion(s), 0 continuation(s) 
[2026-04-03T02:26:11.884+0600][38.529s][info][gc,marking  ] GC(34) y: Mark Stack Usage: 32M
[2026-04-03T02:26:11.884+0600][38.529s][info][gc,nmethod  ] GC(34) y: NMethods: 15500 registered, 0 unregistered
[2026-04-03T02:26:11.884+0600][38.529s][info][gc,metaspace] GC(34) y: Metaspace: 127M used, 129M committed, 1152M reserved
[2026-04-03T02:26:11.884+0600][38.529s][info][gc,reloc    ] GC(34) y:                        Candidates     Selected     In-Place         Size        Empty    Relocated 
[2026-04-03T02:26:11.884+0600][38.529s][info][gc,reloc    ] GC(34) y: Small Pages:                   54           39            0         108M          20M           3M 
[2026-04-03T02:26:11.884+0600][38.529s][info][gc,reloc    ] GC(34) y: Medium Pages:                   1            0            0          32M          32M           0M 
[2026-04-03T02:26:11.884+0600][38.529s][info][gc,reloc    ] GC(34) y: Large Pages:                   47            0            0         282M         282M           0M 
[2026-04-03T02:26:11.884+0600][38.529s][info][gc,reloc    ] GC(34) y: Forwarding Usage: 0M
[2026-04-03T02:26:11.884+0600][38.529s][info][gc,reloc    ] GC(34) y: Age Table:
[2026-04-03T02:26:11.885+0600][38.529s][info][gc,reloc    ] GC(34) y:                    Live             Garbage             Small              Medium             Large        
[2026-04-03T02:26:11.885+0600][38.529s][info][gc,reloc    ] GC(34) y: Eden               1M (0%)          380M (30%)         46 / 36             1 / 0             43 / 0        
[2026-04-03T02:26:11.885+0600][38.529s][info][gc,reloc    ] GC(34) y: Survivor 1         0M (0%)           29M (2%)           3 / 1              0 / 0              4 / 0        
[2026-04-03T02:26:11.885+0600][38.529s][info][gc,reloc    ] GC(34) y: Survivor 2         1M (0%)            2M (0%)           2 / 1              0 / 0              0 / 0        
[2026-04-03T02:26:11.885+0600][38.529s][info][gc,reloc    ] GC(34) y: Survivor 3         3M (0%)            2M (0%)           3 / 1              0 / 0              0 / 0        
[2026-04-03T02:26:11.885+0600][38.529s][info][gc,heap     ] GC(34) y: Min Capacity: 8M(1%)
[2026-04-03T02:26:11.885+0600][38.529s][info][gc,heap     ] GC(34) y: Max Capacity: 1250M(100%)
[2026-04-03T02:26:11.885+0600][38.529s][info][gc,heap     ] GC(34) y: Soft Max Capacity: 1250M(100%)
[2026-04-03T02:26:11.885+0600][38.529s][info][gc,heap     ] GC(34) y: Heap Statistics:
[2026-04-03T02:26:11.885+0600][38.529s][info][gc,heap     ] GC(34) y:                Mark Start          Mark End        Relocate Start      Relocate End           High               Low         
[2026-04-03T02:26:11.885+0600][38.529s][info][gc,heap     ] GC(34) y:  Capacity:     1250M (100%)       1250M (100%)       1250M (100%)       1250M (100%)       1250M (100%)       1250M (100%)   
[2026-04-03T02:26:11.885+0600][38.529s][info][gc,heap     ] GC(34) y:      Free:      636M (51%)         560M (45%)         888M (71%)         948M (76%)         948M (76%)         556M (44%)    
[2026-04-03T02:26:11.885+0600][38.529s][info][gc,heap     ] GC(34) y:      Used:      614M (49%)         690M (55%)         362M (29%)         302M (24%)         694M (56%)         302M (24%)    
[2026-04-03T02:26:11.885+0600][38.529s][info][gc,heap     ] GC(34) y: Young Generation Statistics:
[2026-04-03T02:26:11.885+0600][38.529s][info][gc,heap     ] GC(34) y:                Mark Start          Mark End        Relocate Start      Relocate End    
[2026-04-03T02:26:11.885+0600][38.529s][info][gc,heap     ] GC(34) y:      Used:      422M (34%)         498M (40%)         166M (13%)         104M (8%)     
[2026-04-03T02:26:11.885+0600][38.529s][info][gc,heap     ] GC(34) y:      Live:         -                 7M (1%)            5M (0%)            4M (0%)     
[2026-04-03T02:26:11.885+0600][38.529s][info][gc,heap     ] GC(34) y:   Garbage:         -               414M (33%)          78M (6%)            0M (0%)     
[2026-04-03T02:26:11.885+0600][38.529s][info][gc,heap     ] GC(34) y: Allocated:         -                76M (6%)           82M (7%)           99M (8%)     
[2026-04-03T02:26:11.885+0600][38.529s][info][gc,heap     ] GC(34) y: Reclaimed:         -                  -               335M (27%)         413M (33%)    
[2026-04-03T02:26:11.885+0600][38.529s][info][gc,heap     ] GC(34) y:  Promoted:         -                  -                 2M (0%)            3M (0%)     
[2026-04-03T02:26:11.885+0600][38.529s][info][gc,heap     ] GC(34) y: Compacted:         -                  -                  -                 2M (0%)     
[2026-04-03T02:26:11.885+0600][38.529s][info][gc,phases   ] GC(34) y: Young Generation 614M(49%)->302M(24%) 0.043s
[2026-04-03T02:26:11.885+0600][38.530s][info][gc          ] GC(34) Minor Collection (Allocation Rate) 614M(49%)->302M(24%) 0.043s
[2026-04-03T02:26:12.593+0600][39.238s][info][gc          ] GC(35) Major Collection (Allocation Rate)
[2026-04-03T02:26:12.593+0600][39.238s][info][gc,task     ] GC(35) Using 3 Workers for Young Generation
[2026-04-03T02:26:12.593+0600][39.238s][info][gc,task     ] GC(35) Using 1 Workers for Old Generation
[2026-04-03T02:26:12.593+0600][39.238s][info][gc,phases   ] GC(35) Y: Young Generation
[2026-04-03T02:26:12.593+0600][39.238s][info][gc,phases   ] GC(35) Y: Pause Mark Start (Major) 0.027ms
[2026-04-03T02:26:12.613+0600][39.258s][info][gc,phases   ] GC(35) Y: Concurrent Mark 19.762ms
[2026-04-03T02:26:12.613+0600][39.258s][info][gc,phases   ] GC(35) Y: Pause Mark End 0.049ms
[2026-04-03T02:26:12.613+0600][39.258s][info][gc,phases   ] GC(35) Y: Concurrent Mark Free 0.001ms
[2026-04-03T02:26:12.614+0600][39.258s][info][gc,phases   ] GC(35) Y: Concurrent Reset Relocation Set 0.023ms
[2026-04-03T02:26:12.619+0600][39.264s][info][gc,reloc    ] GC(35) Y: Using tenuring threshold: 4 (Computed)
[2026-04-03T02:26:12.620+0600][39.265s][info][gc,phases   ] GC(35) Y: Concurrent Select Relocation Set 6.340ms
[2026-04-03T02:26:12.620+0600][39.265s][info][gc,phases   ] GC(35) Y: Pause Relocate Start 0.022ms
[2026-04-03T02:26:12.623+0600][39.267s][info][gc,phases   ] GC(35) Y: Concurrent Relocate 2.320ms
[2026-04-03T02:26:12.623+0600][39.267s][info][gc,alloc    ] GC(35) Y:                         Mark Start        Mark End      Relocate Start    Relocate End   
[2026-04-03T02:26:12.623+0600][39.267s][info][gc,alloc    ] GC(35) Y: Allocation Stalls:          0                0                0                0         
[2026-04-03T02:26:12.623+0600][39.267s][info][gc,load     ] GC(35) Y: Load: 5.80 (48%) / 5.97 (50%) / 5.88 (49%)
[2026-04-03T02:26:12.623+0600][39.267s][info][gc,mmu      ] GC(35) Y: MMU: 2ms/95.7%, 5ms/97.6%, 10ms/98.8%, 20ms/99.4%, 50ms/99.7%, 100ms/99.8%
[2026-04-03T02:26:12.623+0600][39.267s][info][gc,marking  ] GC(35) Y: Mark: 2 stripe(s), 2 proactive flush(es), 1 terminate flush(es), 0 completion(s), 0 continuation(s) 
[2026-04-03T02:26:12.623+0600][39.267s][info][gc,marking  ] GC(35) Y: Mark Stack Usage: 32M
[2026-04-03T02:26:12.623+0600][39.267s][info][gc,nmethod  ] GC(35) Y: NMethods: 15562 registered, 0 unregistered
[2026-04-03T02:26:12.623+0600][39.267s][info][gc,metaspace] GC(35) Y: Metaspace: 127M used, 129M committed, 1152M reserved
[2026-04-03T02:26:12.623+0600][39.267s][info][gc,reloc    ] GC(35) Y:                        Candidates     Selected     In-Place         Size        Empty    Relocated 
[2026-04-03T02:26:12.623+0600][39.267s][info][gc,reloc    ] GC(35) Y: Small Pages:                  208          167            0         416M          74M           3M 
[2026-04-03T02:26:12.623+0600][39.268s][info][gc,reloc    ] GC(35) Y: Medium Pages:                   3            0            0          96M          64M           0M 
[2026-04-03T02:26:12.623+0600][39.268s][info][gc,reloc    ] GC(35) Y: Large Pages:                    9            0            0          54M          54M           0M 
[2026-04-03T02:26:12.623+0600][39.268s][info][gc,reloc    ] GC(35) Y: Forwarding Usage: 0M
[2026-04-03T02:26:12.623+0600][39.268s][info][gc,reloc    ] GC(35) Y: Age Table:
[2026-04-03T02:26:12.623+0600][39.268s][info][gc,reloc    ] GC(35) Y:                    Live             Garbage             Small              Medium             Large        
[2026-04-03T02:26:12.623+0600][39.268s][info][gc,reloc    ] GC(35) Y: Eden               3M (0%)          540M (43%)        197 / 158            3 / 0              9 / 0        
[2026-04-03T02:26:12.623+0600][39.268s][info][gc,reloc    ] GC(35) Y: Survivor 1         0M (0%)           13M (1%)           7 / 7              0 / 0              0 / 0        
[2026-04-03T02:26:12.623+0600][39.268s][info][gc,reloc    ] GC(35) Y: Survivor 2         0M (0%)            3M (0%)           2 / 1              0 / 0              0 / 0        
[2026-04-03T02:26:12.623+0600][39.268s][info][gc,reloc    ] GC(35) Y: Survivor 3         1M (0%)            2M (0%)           2 / 1              0 / 0              0 / 0        
[2026-04-03T02:26:12.623+0600][39.268s][info][gc,heap     ] GC(35) Y: Min Capacity: 8M(1%)
[2026-04-03T02:26:12.623+0600][39.268s][info][gc,heap     ] GC(35) Y: Max Capacity: 1250M(100%)
[2026-04-03T02:26:12.623+0600][39.268s][info][gc,heap     ] GC(35) Y: Soft Max Capacity: 1250M(100%)
[2026-04-03T02:26:12.623+0600][39.268s][info][gc,heap     ] GC(35) Y: Heap Statistics:
[2026-04-03T02:26:12.623+0600][39.268s][info][gc,heap     ] GC(35) Y:                Mark Start          Mark End        Relocate Start      Relocate End           High               Low         
[2026-04-03T02:26:12.623+0600][39.268s][info][gc,heap     ] GC(35) Y:  Capacity:     1250M (100%)       1250M (100%)       1250M (100%)       1250M (100%)       1250M (100%)       1250M (100%)   
[2026-04-03T02:26:12.623+0600][39.268s][info][gc,heap     ] GC(35) Y:      Free:      486M (39%)         428M (34%)         616M (49%)         938M (75%)         938M (75%)         424M (34%)    
[2026-04-03T02:26:12.623+0600][39.268s][info][gc,heap     ] GC(35) Y:      Used:      764M (61%)         822M (66%)         634M (51%)         312M (25%)         826M (66%)         312M (25%)    
[2026-04-03T02:26:12.623+0600][39.268s][info][gc,heap     ] GC(35) Y: Young Generation Statistics:
[2026-04-03T02:26:12.623+0600][39.268s][info][gc,heap     ] GC(35) Y:                Mark Start          Mark End        Relocate Start      Relocate End    
[2026-04-03T02:26:12.623+0600][39.268s][info][gc,heap     ] GC(35) Y:      Used:      566M (45%)         624M (50%)         436M (35%)         114M (9%)     
[2026-04-03T02:26:12.623+0600][39.268s][info][gc,heap     ] GC(35) Y:      Live:         -                 6M (1%)            6M (1%)            6M (1%)     
[2026-04-03T02:26:12.623+0600][39.268s][info][gc,heap     ] GC(35) Y:   Garbage:         -               559M (45%)         367M (29%)          32M (3%)     
[2026-04-03T02:26:12.623+0600][39.268s][info][gc,heap     ] GC(35) Y: Allocated:         -                58M (5%)           62M (5%)           74M (6%)     
[2026-04-03T02:26:12.623+0600][39.268s][info][gc,heap     ] GC(35) Y: Reclaimed:         -                  -               192M (15%)         526M (42%)    
[2026-04-03T02:26:12.623+0600][39.268s][info][gc,heap     ] GC(35) Y:  Promoted:         -                  -                 0M (0%)            0M (0%)     
[2026-04-03T02:26:12.623+0600][39.268s][info][gc,heap     ] GC(35) Y: Compacted:         -                  -                  -                 3M (0%)     
[2026-04-03T02:26:12.623+0600][39.268s][info][gc,phases   ] GC(35) Y: Young Generation 764M(61%)->312M(25%) 0.030s
[2026-04-03T02:26:12.623+0600][39.268s][info][gc,phases   ] GC(35) O: Old Generation
[2026-04-03T02:26:12.945+0600][39.590s][info][gc          ] GC(36) Minor Collection (Allocation Rate)
[2026-04-03T02:26:12.945+0600][39.590s][info][gc,task     ] GC(36) Using 2 Workers for Young Generation
[2026-04-03T02:26:12.945+0600][39.590s][info][gc,phases   ] GC(36) y: Young Generation
[2026-04-03T02:26:12.945+0600][39.590s][info][gc,phases   ] GC(36) y: Pause Mark Start 0.025ms
[2026-04-03T02:26:12.982+0600][39.627s][info][gc,phases   ] GC(36) y: Concurrent Mark 36.877ms
[2026-04-03T02:26:12.983+0600][39.628s][info][gc,phases   ] GC(36) y: Pause Mark End 0.031ms
[2026-04-03T02:26:12.983+0600][39.628s][info][gc,phases   ] GC(36) y: Concurrent Mark Free 0.002ms
[2026-04-03T02:26:12.983+0600][39.628s][info][gc,phases   ] GC(36) y: Concurrent Reset Relocation Set 0.029ms
[2026-04-03T02:26:12.986+0600][39.630s][info][gc,reloc    ] GC(36) y: Using tenuring threshold: 5 (Computed)
[2026-04-03T02:26:12.986+0600][39.631s][info][gc,phases   ] GC(36) y: Concurrent Select Relocation Set 2.783ms
[2026-04-03T02:26:12.986+0600][39.631s][info][gc,phases   ] GC(36) y: Pause Relocate Start 0.024ms
[2026-04-03T02:26:12.993+0600][39.638s][info][gc,phases   ] GC(36) y: Concurrent Relocate 6.523ms
[2026-04-03T02:26:12.993+0600][39.638s][info][gc,alloc    ] GC(36) y:                         Mark Start        Mark End      Relocate Start    Relocate End   
[2026-04-03T02:26:12.993+0600][39.638s][info][gc,alloc    ] GC(36) y: Allocation Stalls:          0                0                0                0         
[2026-04-03T02:26:12.993+0600][39.638s][info][gc,load     ] GC(36) y: Load: 5.80 (48%) / 5.97 (50%) / 5.88 (49%)
[2026-04-03T02:26:12.993+0600][39.638s][info][gc,mmu      ] GC(36) y: MMU: 2ms/95.7%, 5ms/97.6%, 10ms/98.8%, 20ms/99.4%, 50ms/99.7%, 100ms/99.8%
[2026-04-03T02:26:12.993+0600][39.638s][info][gc,marking  ] GC(36) y: Mark: 2 stripe(s), 2 proactive flush(es), 1 terminate flush(es), 0 completion(s), 0 continuation(s) 
[2026-04-03T02:26:12.993+0600][39.638s][info][gc,marking  ] GC(36) y: Mark Stack Usage: 32M
[2026-04-03T02:26:12.993+0600][39.638s][info][gc,nmethod  ] GC(36) y: NMethods: 15581 registered, 0 unregistered
[2026-04-03T02:26:12.993+0600][39.638s][info][gc,metaspace] GC(36) y: Metaspace: 127M used, 129M committed, 1152M reserved
[2026-04-03T02:26:12.993+0600][39.638s][info][gc,reloc    ] GC(36) y:                        Candidates     Selected     In-Place         Size        Empty    Relocated 
[2026-04-03T02:26:12.993+0600][39.638s][info][gc,reloc    ] GC(36) y: Small Pages:                   93           69            0         186M          38M           4M 
[2026-04-03T02:26:12.993+0600][39.638s][info][gc,reloc    ] GC(36) y: Medium Pages:                   3            0            0          96M          96M           0M 
[2026-04-03T02:26:12.993+0600][39.638s][info][gc,reloc    ] GC(36) y: Large Pages:                    5            0            0          30M          30M           0M 
[2026-04-03T02:26:12.993+0600][39.638s][info][gc,reloc    ] GC(36) y: Forwarding Usage: 0M
[2026-04-03T02:26:12.993+0600][39.638s][info][gc,reloc    ] GC(36) y: Age Table:
[2026-04-03T02:26:12.993+0600][39.638s][info][gc,reloc    ] GC(36) y:                    Live             Garbage             Small              Medium             Large        
[2026-04-03T02:26:12.993+0600][39.638s][info][gc,reloc    ] GC(36) y: Eden               2M (0%)          259M (21%)         84 / 63             2 / 0              5 / 0        
[2026-04-03T02:26:12.993+0600][39.638s][info][gc,reloc    ] GC(36) y: Survivor 1         1M (0%)           36M (3%)           3 / 1              1 / 0              0 / 0        
[2026-04-03T02:26:12.993+0600][39.638s][info][gc,reloc    ] GC(36) y: Survivor 2         0M (0%)            3M (0%)           2 / 2              0 / 0              0 / 0        
[2026-04-03T02:26:12.993+0600][39.638s][info][gc,reloc    ] GC(36) y: Survivor 3         0M (0%)            3M (0%)           2 / 2              0 / 0              0 / 0        
[2026-04-03T02:26:12.993+0600][39.638s][info][gc,reloc    ] GC(36) y: Survivor 4         1M (0%)            2M (0%)           2 / 1              0 / 0              0 / 0        
[2026-04-03T02:26:12.993+0600][39.638s][info][gc,heap     ] GC(36) y: Min Capacity: 8M(1%)
[2026-04-03T02:26:12.993+0600][39.638s][info][gc,heap     ] GC(36) y: Max Capacity: 1250M(100%)
[2026-04-03T02:26:12.993+0600][39.638s][info][gc,heap     ] GC(36) y: Soft Max Capacity: 1250M(100%)
[2026-04-03T02:26:12.993+0600][39.638s][info][gc,heap     ] GC(36) y: Heap Statistics:
[2026-04-03T02:26:12.993+0600][39.638s][info][gc,heap     ] GC(36) y:                Mark Start          Mark End        Relocate Start      Relocate End           High               Low         
[2026-04-03T02:26:12.993+0600][39.638s][info][gc,heap     ] GC(36) y:  Capacity:     1250M (100%)       1250M (100%)       1250M (100%)       1250M (100%)       1250M (100%)       1250M (100%)   
[2026-04-03T02:26:12.993+0600][39.638s][info][gc,heap     ] GC(36) y:      Free:      740M (59%)         712M (57%)         874M (70%)         922M (74%)         948M (76%)         710M (57%)    
[2026-04-03T02:26:12.993+0600][39.638s][info][gc,heap     ] GC(36) y:      Used:      510M (41%)         538M (43%)         376M (30%)         328M (26%)         540M (43%)         302M (24%)    
[2026-04-03T02:26:12.993+0600][39.638s][info][gc,heap     ] GC(36) y: Young Generation Statistics:
[2026-04-03T02:26:12.993+0600][39.638s][info][gc,heap     ] GC(36) y:                Mark Start          Mark End        Relocate Start      Relocate End    
[2026-04-03T02:26:12.993+0600][39.638s][info][gc,heap     ] GC(36) y:      Used:      312M (25%)         340M (27%)         178M (14%)         130M (10%)    
[2026-04-03T02:26:12.993+0600][39.638s][info][gc,heap     ] GC(36) y:      Live:         -                 7M (1%)            7M (1%)            7M (1%)     
[2026-04-03T02:26:12.993+0600][39.638s][info][gc,heap     ] GC(36) y:   Garbage:         -               304M (24%)         140M (11%)           1M (0%)     
[2026-04-03T02:26:12.993+0600][39.638s][info][gc,heap     ] GC(36) y: Allocated:         -                28M (2%)           30M (2%)          121M (10%)    
[2026-04-03T02:26:12.993+0600][39.638s][info][gc,heap     ] GC(36) y: Reclaimed:         -                  -               164M (13%)         303M (24%)    
[2026-04-03T02:26:12.993+0600][39.638s][info][gc,heap     ] GC(36) y:  Promoted:         -                  -                 0M (0%)            0M (0%)     
[2026-04-03T02:26:12.993+0600][39.638s][info][gc,heap     ] GC(36) y: Compacted:         -                  -                  -                 4M (0%)     
[2026-04-03T02:26:12.994+0600][39.638s][info][gc,phases   ] GC(36) y: Young Generation 510M(41%)->328M(26%) 0.048s
[2026-04-03T02:26:12.994+0600][39.638s][info][gc          ] GC(36) Minor Collection (Allocation Rate) 510M(41%)->328M(26%) 0.049s
[2026-04-03T02:26:13.083+0600][39.728s][info][gc,phases   ] GC(35) O: Concurrent Mark 460.421ms
[2026-04-03T02:26:13.084+0600][39.728s][info][gc,phases   ] GC(35) O: Pause Mark End 0.027ms
[2026-04-03T02:26:13.084+0600][39.728s][info][gc,phases   ] GC(35) O: Concurrent Mark Free 0.002ms
[2026-04-03T02:26:13.190+0600][39.835s][info][gc,phases   ] GC(35) O: Concurrent Process Non-Strong 106.499ms
[2026-04-03T02:26:13.190+0600][39.835s][info][gc,phases   ] GC(35) O: Concurrent Reset Relocation Set 0.009ms
[2026-04-03T02:26:13.195+0600][39.840s][info][gc,phases   ] GC(35) O: Concurrent Select Relocation Set 4.582ms
[2026-04-03T02:26:13.195+0600][39.840s][info][gc,task     ] GC(35) O: Using 3 Workers for Old Generation
[2026-04-03T02:26:13.240+0600][39.885s][info][gc,task     ] GC(35) O: Using 1 Workers for Old Generation
[2026-04-03T02:26:13.240+0600][39.885s][info][gc,phases   ] GC(35) O: Concurrent Remap Roots 44.923ms
[2026-04-03T02:26:13.240+0600][39.885s][info][gc,phases   ] GC(35) O: Pause Relocate Start 0.030ms
[2026-04-03T02:26:13.311+0600][39.956s][info][gc,phases   ] GC(35) O: Concurrent Relocate 70.352ms
[2026-04-03T02:26:13.311+0600][39.956s][info][gc,alloc    ] GC(35) O:                         Mark Start        Mark End      Relocate Start    Relocate End   
[2026-04-03T02:26:13.311+0600][39.956s][info][gc,alloc    ] GC(35) O: Allocation Stalls:          0                0                0                0         
[2026-04-03T02:26:13.311+0600][39.956s][info][gc,load     ] GC(35) O: Load: 5.80 (48%) / 5.97 (50%) / 5.88 (49%)
[2026-04-03T02:26:13.311+0600][39.956s][info][gc,mmu      ] GC(35) O: MMU: 2ms/95.7%, 5ms/97.6%, 10ms/98.8%, 20ms/99.4%, 50ms/99.7%, 100ms/99.8%
[2026-04-03T02:26:13.311+0600][39.956s][info][gc,marking  ] GC(35) O: Mark: 1 stripe(s), 2 proactive flush(es), 1 terminate flush(es), 0 completion(s), 0 continuation(s) 
[2026-04-03T02:26:13.311+0600][39.956s][info][gc,marking  ] GC(35) O: Mark Stack Usage: 32M
[2026-04-03T02:26:13.311+0600][39.956s][info][gc,nmethod  ] GC(35) O: NMethods: 13900 registered, 1746 unregistered
[2026-04-03T02:26:13.311+0600][39.956s][info][gc,metaspace] GC(35) O: Metaspace: 127M used, 129M committed, 1152M reserved
[2026-04-03T02:26:13.311+0600][39.956s][info][gc,ref      ] GC(35) O:                       Encountered   Discovered     Enqueued 
[2026-04-03T02:26:13.311+0600][39.956s][info][gc,ref      ] GC(35) O: Soft References:             6323            0            0 
[2026-04-03T02:26:13.311+0600][39.956s][info][gc,ref      ] GC(35) O: Weak References:            32565        23985        14097 
[2026-04-03T02:26:13.311+0600][39.956s][info][gc,ref      ] GC(35) O: Final References:              84            0            0 
[2026-04-03T02:26:13.311+0600][39.956s][info][gc,ref      ] GC(35) O: Phantom References:           620          583            0 
[2026-04-03T02:26:13.311+0600][39.956s][info][gc,reloc    ] GC(35) O:                        Candidates     Selected     In-Place         Size        Empty    Relocated 
[2026-04-03T02:26:13.311+0600][39.956s][info][gc,reloc    ] GC(35) O: Small Pages:                   83           22            0         166M           0M          10M 
[2026-04-03T02:26:13.311+0600][39.956s][info][gc,reloc    ] GC(35) O: Medium Pages:                   1            0            0          32M           0M           0M 
[2026-04-03T02:26:13.311+0600][39.956s][info][gc,reloc    ] GC(35) O: Large Pages:                    0            0            0           0M           0M           0M 
[2026-04-03T02:26:13.311+0600][39.956s][info][gc,reloc    ] GC(35) O: Forwarding Usage: 7M
[2026-04-03T02:26:13.311+0600][39.956s][info][gc,heap     ] GC(35) O: Min Capacity: 8M(1%)
[2026-04-03T02:26:13.311+0600][39.956s][info][gc,heap     ] GC(35) O: Max Capacity: 1250M(100%)
[2026-04-03T02:26:13.311+0600][39.956s][info][gc,heap     ] GC(35) O: Soft Max Capacity: 1250M(100%)
[2026-04-03T02:26:13.311+0600][39.956s][info][gc,heap     ] GC(35) O: Heap Statistics:
[2026-04-03T02:26:13.311+0600][39.956s][info][gc,heap     ] GC(35) O:                Mark Start          Mark End        Relocate Start      Relocate End           High               Low         
[2026-04-03T02:26:13.311+0600][39.956s][info][gc,heap     ] GC(35) O:  Capacity:     1250M (100%)       1250M (100%)       1250M (100%)       1250M (100%)       1250M (100%)       1250M (100%)   
[2026-04-03T02:26:13.311+0600][39.956s][info][gc,heap     ] GC(35) O:      Free:      486M (39%)         884M (71%)         774M (62%)         704M (56%)         948M (76%)         424M (34%)    
[2026-04-03T02:26:13.311+0600][39.956s][info][gc,heap     ] GC(35) O:      Used:      764M (61%)         366M (29%)         476M (38%)         546M (44%)         826M (66%)         302M (24%)    
[2026-04-03T02:26:13.311+0600][39.956s][info][gc,heap     ] GC(35) O: Old Generation Statistics:
[2026-04-03T02:26:13.311+0600][39.956s][info][gc,heap     ] GC(35) O:                Mark Start          Mark End        Relocate Start      Relocate End    
[2026-04-03T02:26:13.311+0600][39.956s][info][gc,heap     ] GC(35) O:      Used:      198M (16%)         198M (16%)         198M (16%)         174M (14%)    
[2026-04-03T02:26:13.311+0600][39.956s][info][gc,heap     ] GC(35) O:      Live:         -               120M (10%)         120M (10%)         120M (10%)    
[2026-04-03T02:26:13.311+0600][39.956s][info][gc,heap     ] GC(35) O:   Garbage:         -                77M (6%)           77M (6%)           28M (2%)     
[2026-04-03T02:26:13.311+0600][39.956s][info][gc,heap     ] GC(35) O: Allocated:         -                 0M (0%)            0M (0%)           24M (2%)     
[2026-04-03T02:26:13.311+0600][39.956s][info][gc,heap     ] GC(35) O: Reclaimed:         -                  -                 0M (0%)           48M (4%)     
[2026-04-03T02:26:13.311+0600][39.956s][info][gc,heap     ] GC(35) O: Compacted:         -                  -                  -                31M (3%)     
[2026-04-03T02:26:13.311+0600][39.956s][info][gc,phases   ] GC(35) O: Old Generation 312M(25%)->546M(44%) 0.688s
[2026-04-03T02:26:13.312+0600][39.956s][info][gc          ] GC(35) Major Collection (Allocation Rate) 764M(61%)->546M(44%) 0.719s
[2026-04-03T02:26:14.077+0600][40.721s][info][gc          ] GC(37) Minor Collection (Allocation Rate)
[2026-04-03T02:26:14.077+0600][40.721s][info][gc,task     ] GC(37) Using 2 Workers for Young Generation
[2026-04-03T02:26:14.077+0600][40.721s][info][gc,phases   ] GC(37) y: Young Generation
[2026-04-03T02:26:14.077+0600][40.722s][info][gc,phases   ] GC(37) y: Pause Mark Start 0.013ms
[2026-04-03T02:26:14.099+0600][40.744s][info][gc,phases   ] GC(37) y: Concurrent Mark 21.899ms
[2026-04-03T02:26:14.099+0600][40.744s][info][gc,phases   ] GC(37) y: Pause Mark End 0.020ms
[2026-04-03T02:26:14.099+0600][40.744s][info][gc,phases   ] GC(37) y: Concurrent Mark Free 0.001ms
[2026-04-03T02:26:14.099+0600][40.744s][info][gc,phases   ] GC(37) y: Concurrent Reset Relocation Set 0.007ms
[2026-04-03T02:26:14.101+0600][40.745s][info][gc,reloc    ] GC(37) y: Using tenuring threshold: 5 (Computed)
[2026-04-03T02:26:14.102+0600][40.746s][info][gc,phases   ] GC(37) y: Concurrent Select Relocation Set 2.484ms
[2026-04-03T02:26:14.102+0600][40.747s][info][gc,phases   ] GC(37) y: Pause Relocate Start 0.013ms
[2026-04-03T02:26:14.106+0600][40.751s][info][gc,phases   ] GC(37) y: Concurrent Relocate 4.133ms
[2026-04-03T02:26:14.106+0600][40.751s][info][gc,alloc    ] GC(37) y:                         Mark Start        Mark End      Relocate Start    Relocate End   
[2026-04-03T02:26:14.106+0600][40.751s][info][gc,alloc    ] GC(37) y: Allocation Stalls:          0                0                0                0         
[2026-04-03T02:26:14.106+0600][40.751s][info][gc,load     ] GC(37) y: Load: 5.80 (48%) / 5.97 (50%) / 5.88 (49%)
[2026-04-03T02:26:14.106+0600][40.751s][info][gc,mmu      ] GC(37) y: MMU: 2ms/95.7%, 5ms/97.6%, 10ms/98.8%, 20ms/99.4%, 50ms/99.7%, 100ms/99.8%
[2026-04-03T02:26:14.106+0600][40.751s][info][gc,marking  ] GC(37) y: Mark: 2 stripe(s), 2 proactive flush(es), 1 terminate flush(es), 0 completion(s), 0 continuation(s) 
[2026-04-03T02:26:14.106+0600][40.751s][info][gc,marking  ] GC(37) y: Mark Stack Usage: 32M
[2026-04-03T02:26:14.106+0600][40.751s][info][gc,nmethod  ] GC(37) y: NMethods: 14066 registered, 1746 unregistered
[2026-04-03T02:26:14.106+0600][40.751s][info][gc,metaspace] GC(37) y: Metaspace: 127M used, 129M committed, 1152M reserved
[2026-04-03T02:26:14.106+0600][40.751s][info][gc,reloc    ] GC(37) y:                        Candidates     Selected     In-Place         Size        Empty    Relocated 
[2026-04-03T02:26:14.106+0600][40.751s][info][gc,reloc    ] GC(37) y: Small Pages:                  313          214            0         626M         188M           4M 
[2026-04-03T02:26:14.106+0600][40.751s][info][gc,reloc    ] GC(37) y: Medium Pages:                   4            0            0         128M         128M           0M 
[2026-04-03T02:26:14.106+0600][40.751s][info][gc,reloc    ] GC(37) y: Large Pages:                   14            0            0          84M          84M           0M 
[2026-04-03T02:26:14.106+0600][40.751s][info][gc,reloc    ] GC(37) y: Forwarding Usage: 1M
[2026-04-03T02:26:14.106+0600][40.751s][info][gc,reloc    ] GC(37) y: Age Table:
[2026-04-03T02:26:14.106+0600][40.751s][info][gc,reloc    ] GC(37) y:                    Live             Garbage             Small              Medium             Large        
[2026-04-03T02:26:14.106+0600][40.751s][info][gc,reloc    ] GC(37) y: Eden               2M (0%)          775M (62%)        283 / 195            4 / 0             14 / 0        
[2026-04-03T02:26:14.106+0600][40.751s][info][gc,reloc    ] GC(37) y: Survivor 1         0M (0%)           21M (2%)          11 / 3              0 / 0              0 / 0        
[2026-04-03T02:26:14.106+0600][40.751s][info][gc,reloc    ] GC(37) y: Survivor 2         1M (0%)            6M (1%)           4 / 3              0 / 0              0 / 0        
[2026-04-03T02:26:14.106+0600][40.751s][info][gc,reloc    ] GC(37) y: Survivor 3         0M (0%)            3M (0%)           2 / 1              0 / 0              0 / 0        
[2026-04-03T02:26:14.106+0600][40.751s][info][gc,reloc    ] GC(37) y: Survivor 4         0M (0%)           21M (2%)          11 / 11             0 / 0              0 / 0        
[2026-04-03T02:26:14.106+0600][40.751s][info][gc,reloc    ] GC(37) y: Survivor 5         1M (0%)            2M (0%)           2 / 1              0 / 0              0 / 0        
[2026-04-03T02:26:14.106+0600][40.751s][info][gc,heap     ] GC(37) y: Min Capacity: 8M(1%)
[2026-04-03T02:26:14.106+0600][40.751s][info][gc,heap     ] GC(37) y: Max Capacity: 1250M(100%)
[2026-04-03T02:26:14.106+0600][40.751s][info][gc,heap     ] GC(37) y: Soft Max Capacity: 1250M(100%)
[2026-04-03T02:26:14.106+0600][40.751s][info][gc,heap     ] GC(37) y: Heap Statistics:
[2026-04-03T02:26:14.106+0600][40.751s][info][gc,heap     ] GC(37) y:                Mark Start          Mark End        Relocate Start      Relocate End           High               Low         
[2026-04-03T02:26:14.106+0600][40.751s][info][gc,heap     ] GC(37) y:  Capacity:     1250M (100%)       1250M (100%)       1250M (100%)       1250M (100%)       1250M (100%)       1250M (100%)   
[2026-04-03T02:26:14.106+0600][40.751s][info][gc,heap     ] GC(37) y:      Free:      238M (19%)         228M (18%)         626M (50%)        1034M (83%)        1034M (83%)         228M (18%)    
[2026-04-03T02:26:14.106+0600][40.751s][info][gc,heap     ] GC(37) y:      Used:     1012M (81%)        1022M (82%)         624M (50%)         216M (17%)        1022M (82%)         216M (17%)    
[2026-04-03T02:26:14.106+0600][40.751s][info][gc,heap     ] GC(37) y: Young Generation Statistics:
[2026-04-03T02:26:14.106+0600][40.751s][info][gc,heap     ] GC(37) y:                Mark Start          Mark End        Relocate Start      Relocate End    
[2026-04-03T02:26:14.106+0600][40.751s][info][gc,heap     ] GC(37) y:      Used:      838M (67%)         848M (68%)         448M (36%)          38M (3%)     
[2026-04-03T02:26:14.106+0600][40.751s][info][gc,heap     ] GC(37) y:      Live:         -                 7M (1%)            5M (0%)            5M (0%)     
[2026-04-03T02:26:14.106+0600][40.751s][info][gc,heap     ] GC(37) y:   Garbage:         -               830M (66%)         430M (34%)           1M (0%)     
[2026-04-03T02:26:14.106+0600][40.751s][info][gc,heap     ] GC(37) y: Allocated:         -                10M (1%)           12M (1%)           31M (2%)     
[2026-04-03T02:26:14.106+0600][40.751s][info][gc,heap     ] GC(37) y: Reclaimed:         -                  -               400M (32%)         829M (66%)    
[2026-04-03T02:26:14.106+0600][40.751s][info][gc,heap     ] GC(37) y:  Promoted:         -                  -                 1M (0%)            1M (0%)     
[2026-04-03T02:26:14.106+0600][40.751s][info][gc,heap     ] GC(37) y: Compacted:         -                  -                  -                 4M (0%)     
[2026-04-03T02:26:14.106+0600][40.751s][info][gc,phases   ] GC(37) y: Young Generation 1012M(81%)->216M(17%) 0.029s
[2026-04-03T02:26:14.106+0600][40.751s][info][gc          ] GC(37) Minor Collection (Allocation Rate) 1012M(81%)->218M(17%) 0.030s
[2026-04-03T02:26:15.164+0600][41.809s][info][gc          ] GC(38) Minor Collection (Allocation Rate)
[2026-04-03T02:26:15.164+0600][41.809s][info][gc,task     ] GC(38) Using 1 Workers for Young Generation
[2026-04-03T02:26:15.164+0600][41.809s][info][gc,phases   ] GC(38) y: Young Generation
[2026-04-03T02:26:15.165+0600][41.809s][info][gc,phases   ] GC(38) y: Pause Mark Start 0.025ms
[2026-04-03T02:26:15.225+0600][41.869s][info][gc,phases   ] GC(38) y: Concurrent Mark 59.832ms
[2026-04-03T02:26:15.225+0600][41.870s][info][gc,phases   ] GC(38) y: Pause Mark End 0.019ms
[2026-04-03T02:26:15.225+0600][41.870s][info][gc,phases   ] GC(38) y: Concurrent Mark Free 0.001ms
[2026-04-03T02:26:15.225+0600][41.870s][info][gc,phases   ] GC(38) y: Concurrent Reset Relocation Set 0.015ms
[2026-04-03T02:26:15.228+0600][41.873s][info][gc,reloc    ] GC(38) y: Using tenuring threshold: 6 (Computed)
[2026-04-03T02:26:15.228+0600][41.873s][info][gc,phases   ] GC(38) y: Concurrent Select Relocation Set 3.512ms
[2026-04-03T02:26:15.229+0600][41.873s][info][gc,phases   ] GC(38) y: Pause Relocate Start 0.021ms
[2026-04-03T02:26:15.243+0600][41.887s][info][gc,phases   ] GC(38) y: Concurrent Relocate 13.781ms
[2026-04-03T02:26:15.243+0600][41.888s][info][gc,alloc    ] GC(38) y:                         Mark Start        Mark End      Relocate Start    Relocate End   
[2026-04-03T02:26:15.243+0600][41.888s][info][gc,alloc    ] GC(38) y: Allocation Stalls:          0                0                0                0         
[2026-04-03T02:26:15.243+0600][41.888s][info][gc,load     ] GC(38) y: Load: 6.06 (50%) / 6.02 (50%) / 5.90 (49%)
[2026-04-03T02:26:15.243+0600][41.888s][info][gc,mmu      ] GC(38) y: MMU: 2ms/95.7%, 5ms/97.6%, 10ms/98.8%, 20ms/99.4%, 50ms/99.7%, 100ms/99.8%
[2026-04-03T02:26:15.243+0600][41.888s][info][gc,marking  ] GC(38) y: Mark: 1 stripe(s), 2 proactive flush(es), 1 terminate flush(es), 0 completion(s), 0 continuation(s) 
[2026-04-03T02:26:15.243+0600][41.888s][info][gc,marking  ] GC(38) y: Mark Stack Usage: 32M
[2026-04-03T02:26:15.243+0600][41.888s][info][gc,nmethod  ] GC(38) y: NMethods: 14128 registered, 1746 unregistered
[2026-04-03T02:26:15.243+0600][41.888s][info][gc,metaspace] GC(38) y: Metaspace: 127M used, 129M committed, 1152M reserved
[2026-04-03T02:26:15.243+0600][41.888s][info][gc,reloc    ] GC(38) y:                        Candidates     Selected     In-Place         Size        Empty    Relocated 
[2026-04-03T02:26:15.243+0600][41.888s][info][gc,reloc    ] GC(38) y: Small Pages:                  308          189            0         616M         224M           7M 
[2026-04-03T02:26:15.243+0600][41.888s][info][gc,reloc    ] GC(38) y: Medium Pages:                   4            0            0         128M         128M           0M 
[2026-04-03T02:26:15.243+0600][41.888s][info][gc,reloc    ] GC(38) y: Large Pages:                   14            0            0          84M          84M           0M 
[2026-04-03T02:26:15.243+0600][41.888s][info][gc,reloc    ] GC(38) y: Forwarding Usage: 1M
[2026-04-03T02:26:15.243+0600][41.888s][info][gc,reloc    ] GC(38) y: Age Table:
[2026-04-03T02:26:15.243+0600][41.888s][info][gc,reloc    ] GC(38) y:                    Live             Garbage             Small              Medium             Large        
[2026-04-03T02:26:15.243+0600][41.888s][info][gc,reloc    ] GC(38) y: Eden               5M (0%)          798M (64%)        296 / 180            4 / 0             14 / 0        
[2026-04-03T02:26:15.243+0600][41.888s][info][gc,reloc    ] GC(38) y: Survivor 1         2M (0%)            3M (0%)           3 / 2              0 / 0              0 / 0        
[2026-04-03T02:26:15.243+0600][41.888s][info][gc,reloc    ] GC(38) y: Survivor 2         0M (0%)            3M (0%)           2 / 2              0 / 0              0 / 0        
[2026-04-03T02:26:15.243+0600][41.888s][info][gc,reloc    ] GC(38) y: Survivor 3         1M (0%)            2M (0%)           2 / 1              0 / 0              0 / 0        
[2026-04-03T02:26:15.243+0600][41.888s][info][gc,reloc    ] GC(38) y: Survivor 4         0M (0%)            3M (0%)           2 / 1              0 / 0              0 / 0        
[2026-04-03T02:26:15.243+0600][41.888s][info][gc,reloc    ] GC(38) y: Survivor 5         0M (0%)            5M (0%)           3 / 3              0 / 0              0 / 0        
[2026-04-03T02:26:15.243+0600][41.888s][info][gc,heap     ] GC(38) y: Min Capacity: 8M(1%)
[2026-04-03T02:26:15.243+0600][41.888s][info][gc,heap     ] GC(38) y: Max Capacity: 1250M(100%)
[2026-04-03T02:26:15.243+0600][41.888s][info][gc,heap     ] GC(38) y: Soft Max Capacity: 1250M(100%)
[2026-04-03T02:26:15.243+0600][41.888s][info][gc,heap     ] GC(38) y: Heap Statistics:
[2026-04-03T02:26:15.243+0600][41.888s][info][gc,heap     ] GC(38) y:                Mark Start          Mark End        Relocate Start      Relocate End           High               Low         
[2026-04-03T02:26:15.243+0600][41.888s][info][gc,heap     ] GC(38) y:  Capacity:     1250M (100%)       1250M (100%)       1250M (100%)       1250M (100%)       1250M (100%)       1250M (100%)   
[2026-04-03T02:26:15.243+0600][41.888s][info][gc,heap     ] GC(38) y:      Free:      244M (20%)         178M (14%)         610M (49%)         938M (75%)         946M (76%)         178M (14%)    
[2026-04-03T02:26:15.243+0600][41.888s][info][gc,heap     ] GC(38) y:      Used:     1006M (80%)        1072M (86%)         640M (51%)         312M (25%)        1072M (86%)         304M (24%)    
[2026-04-03T02:26:15.243+0600][41.888s][info][gc,heap     ] GC(38) y: Young Generation Statistics:
[2026-04-03T02:26:15.243+0600][41.888s][info][gc,heap     ] GC(38) y:                Mark Start          Mark End        Relocate Start      Relocate End    
[2026-04-03T02:26:15.243+0600][41.888s][info][gc,heap     ] GC(38) y:      Used:      828M (66%)         894M (72%)         462M (37%)         134M (11%)    
[2026-04-03T02:26:15.243+0600][41.888s][info][gc,heap     ] GC(38) y:      Live:         -                10M (1%)           10M (1%)           10M (1%)     
[2026-04-03T02:26:15.243+0600][41.888s][info][gc,heap     ] GC(38) y:   Garbage:         -               817M (65%)         381M (30%)           1M (0%)     
[2026-04-03T02:26:15.243+0600][41.888s][info][gc,heap     ] GC(38) y: Allocated:         -                66M (5%)           70M (6%)          121M (10%)    
[2026-04-03T02:26:15.243+0600][41.888s][info][gc,heap     ] GC(38) y: Reclaimed:         -                  -               436M (35%)         815M (65%)    
[2026-04-03T02:26:15.243+0600][41.888s][info][gc,heap     ] GC(38) y:  Promoted:         -                  -                 0M (0%)            0M (0%)     
[2026-04-03T02:26:15.243+0600][41.888s][info][gc,heap     ] GC(38) y: Compacted:         -                  -                  -                 8M (1%)     
[2026-04-03T02:26:15.243+0600][41.888s][info][gc,phases   ] GC(38) y: Young Generation 1006M(80%)->312M(25%) 0.078s
[2026-04-03T02:26:15.244+0600][41.888s][info][gc          ] GC(38) Minor Collection (Allocation Rate) 1006M(80%)->312M(25%) 0.079s
[2026-04-03T02:26:15.989+0600][42.634s][info][gc          ] GC(39) Minor Collection (Allocation Rate)
[2026-04-03T02:26:15.990+0600][42.634s][info][gc,task     ] GC(39) Using 1 Workers for Young Generation
[2026-04-03T02:26:15.990+0600][42.634s][info][gc,phases   ] GC(39) y: Young Generation
[2026-04-03T02:26:15.990+0600][42.635s][info][gc,phases   ] GC(39) y: Pause Mark Start 0.023ms
[2026-04-03T02:26:16.080+0600][42.725s][info][gc,phases   ] GC(39) y: Concurrent Mark 89.571ms
[2026-04-03T02:26:16.080+0600][42.725s][info][gc,phases   ] GC(39) y: Pause Mark End 0.030ms
[2026-04-03T02:26:16.080+0600][42.725s][info][gc,phases   ] GC(39) y: Concurrent Mark Free 0.004ms
[2026-04-03T02:26:16.080+0600][42.725s][info][gc,phases   ] GC(39) y: Concurrent Reset Relocation Set 0.026ms
[2026-04-03T02:26:16.084+0600][42.729s][info][gc,reloc    ] GC(39) y: Using tenuring threshold: 4 (Computed)
[2026-04-03T02:26:16.087+0600][42.732s][info][gc,phases   ] GC(39) y: Concurrent Select Relocation Set 6.562ms
[2026-04-03T02:26:16.087+0600][42.732s][info][gc,phases   ] GC(39) y: Pause Relocate Start 0.027ms
[2026-04-03T02:26:16.124+0600][42.769s][info][gc,phases   ] GC(39) y: Concurrent Relocate 36.890ms
[2026-04-03T02:26:16.124+0600][42.769s][info][gc,alloc    ] GC(39) y:                         Mark Start        Mark End      Relocate Start    Relocate End   
[2026-04-03T02:26:16.124+0600][42.769s][info][gc,alloc    ] GC(39) y: Allocation Stalls:          0                0                0                0         
[2026-04-03T02:26:16.124+0600][42.769s][info][gc,load     ] GC(39) y: Load: 6.06 (50%) / 6.02 (50%) / 5.90 (49%)
[2026-04-03T02:26:16.124+0600][42.769s][info][gc,mmu      ] GC(39) y: MMU: 2ms/95.7%, 5ms/97.6%, 10ms/98.8%, 20ms/99.4%, 50ms/99.7%, 100ms/99.8%
[2026-04-03T02:26:16.124+0600][42.769s][info][gc,marking  ] GC(39) y: Mark: 1 stripe(s), 2 proactive flush(es), 1 terminate flush(es), 0 completion(s), 0 continuation(s) 
[2026-04-03T02:26:16.124+0600][42.769s][info][gc,marking  ] GC(39) y: Mark Stack Usage: 32M
[2026-04-03T02:26:16.124+0600][42.769s][info][gc,nmethod  ] GC(39) y: NMethods: 14203 registered, 1746 unregistered
[2026-04-03T02:26:16.124+0600][42.769s][info][gc,metaspace] GC(39) y: Metaspace: 127M used, 129M committed, 1152M reserved
[2026-04-03T02:26:16.124+0600][42.769s][info][gc,reloc    ] GC(39) y:                        Candidates     Selected     In-Place         Size        Empty    Relocated 
[2026-04-03T02:26:16.124+0600][42.769s][info][gc,reloc    ] GC(39) y: Small Pages:                  317          230            0         634M         156M          11M 
[2026-04-03T02:26:16.124+0600][42.769s][info][gc,reloc    ] GC(39) y: Medium Pages:                   3            0            0          96M          96M           0M 
[2026-04-03T02:26:16.124+0600][42.769s][info][gc,reloc    ] GC(39) y: Large Pages:                   14            0            0          84M          84M           0M 
[2026-04-03T02:26:16.124+0600][42.769s][info][gc,reloc    ] GC(39) y: Forwarding Usage: 4M
[2026-04-03T02:26:16.124+0600][42.769s][info][gc,reloc    ] GC(39) y: Age Table:
[2026-04-03T02:26:16.124+0600][42.769s][info][gc,reloc    ] GC(39) y:                    Live             Garbage             Small              Medium             Large        
[2026-04-03T02:26:16.124+0600][42.769s][info][gc,reloc    ] GC(39) y: Eden               8M (1%)          755M (60%)        292 / 213            3 / 0             14 / 0        
[2026-04-03T02:26:16.124+0600][42.769s][info][gc,reloc    ] GC(39) y: Survivor 1         1M (0%)           14M (1%)           8 / 2              0 / 0              0 / 0        
[2026-04-03T02:26:16.124+0600][42.769s][info][gc,reloc    ] GC(39) y: Survivor 2         2M (0%)            3M (0%)           3 / 2              0 / 0              0 / 0        
[2026-04-03T02:26:16.124+0600][42.769s][info][gc,reloc    ] GC(39) y: Survivor 3         0M (0%)            1M (0%)           1 / 1              0 / 0              0 / 0        
[2026-04-03T02:26:16.124+0600][42.769s][info][gc,reloc    ] GC(39) y: Survivor 4         1M (0%)            2M (0%)           2 / 1              0 / 0              0 / 0        
[2026-04-03T02:26:16.124+0600][42.769s][info][gc,reloc    ] GC(39) y: Survivor 5         0M (0%)           17M (1%)           9 / 9              0 / 0              0 / 0        
[2026-04-03T02:26:16.124+0600][42.769s][info][gc,reloc    ] GC(39) y: Survivor 6         0M (0%)            3M (0%)           2 / 2              0 / 0              0 / 0        
[2026-04-03T02:26:16.124+0600][42.769s][info][gc,heap     ] GC(39) y: Min Capacity: 8M(1%)
[2026-04-03T02:26:16.124+0600][42.769s][info][gc,heap     ] GC(39) y: Max Capacity: 1250M(100%)
[2026-04-03T02:26:16.124+0600][42.769s][info][gc,heap     ] GC(39) y: Soft Max Capacity: 1250M(100%)
[2026-04-03T02:26:16.125+0600][42.769s][info][gc,heap     ] GC(39) y: Heap Statistics:
[2026-04-03T02:26:16.125+0600][42.769s][info][gc,heap     ] GC(39) y:                Mark Start          Mark End        Relocate Start      Relocate End           High               Low         
[2026-04-03T02:26:16.125+0600][42.769s][info][gc,heap     ] GC(39) y:  Capacity:     1250M (100%)       1250M (100%)       1250M (100%)       1250M (100%)       1250M (100%)       1250M (100%)   
[2026-04-03T02:26:16.125+0600][42.769s][info][gc,heap     ] GC(39) y:      Free:      258M (21%)          96M (8%)          420M (34%)         792M (63%)         794M (64%)          96M (8%)     
[2026-04-03T02:26:16.125+0600][42.769s][info][gc,heap     ] GC(39) y:      Used:      992M (79%)        1154M (92%)         830M (66%)         458M (37%)        1154M (92%)         456M (36%)    
[2026-04-03T02:26:16.125+0600][42.769s][info][gc,heap     ] GC(39) y: Young Generation Statistics:
[2026-04-03T02:26:16.125+0600][42.769s][info][gc,heap     ] GC(39) y:                Mark Start          Mark End        Relocate Start      Relocate End    
[2026-04-03T02:26:16.125+0600][42.769s][info][gc,heap     ] GC(39) y:      Used:      814M (65%)         976M (78%)         652M (52%)         276M (22%)    
[2026-04-03T02:26:16.125+0600][42.769s][info][gc,heap     ] GC(39) y:      Live:         -                15M (1%)           15M (1%)           12M (1%)     
[2026-04-03T02:26:16.125+0600][42.769s][info][gc,heap     ] GC(39) y:   Garbage:         -               798M (64%)         462M (37%)           0M (0%)     
[2026-04-03T02:26:16.125+0600][42.769s][info][gc,heap     ] GC(39) y: Allocated:         -               162M (13%)         174M (14%)         263M (21%)    
[2026-04-03T02:26:16.125+0600][42.769s][info][gc,heap     ] GC(39) y: Reclaimed:         -                  -               336M (27%)         798M (64%)    
[2026-04-03T02:26:16.125+0600][42.769s][info][gc,heap     ] GC(39) y:  Promoted:         -                  -                 0M (0%)            2M (0%)     
[2026-04-03T02:26:16.125+0600][42.769s][info][gc,heap     ] GC(39) y: Compacted:         -                  -                  -                12M (1%)     
[2026-04-03T02:26:16.125+0600][42.769s][info][gc,phases   ] GC(39) y: Young Generation 992M(79%)->458M(37%) 0.135s
[2026-04-03T02:26:16.125+0600][42.769s][info][gc          ] GC(39) Minor Collection (Allocation Rate) 992M(79%)->458M(37%) 0.135s
[2026-04-03T02:26:16.232+0600][42.876s][info][gc          ] GC(40) Minor Collection (Allocation Rate)
[2026-04-03T02:26:16.232+0600][42.876s][info][gc,task     ] GC(40) Using 1 Workers for Young Generation
[2026-04-03T02:26:16.232+0600][42.876s][info][gc,phases   ] GC(40) y: Young Generation
[2026-04-03T02:26:16.232+0600][42.877s][info][gc,phases   ] GC(40) y: Pause Mark Start 0.045ms
[2026-04-03T02:26:16.286+0600][42.931s][info][gc,phases   ] GC(40) y: Concurrent Mark 54.041ms
[2026-04-03T02:26:16.286+0600][42.931s][info][gc,phases   ] GC(40) y: Pause Mark End 0.027ms
[2026-04-03T02:26:16.287+0600][42.931s][info][gc,phases   ] GC(40) y: Concurrent Mark Free 0.001ms
[2026-04-03T02:26:16.287+0600][42.931s][info][gc,phases   ] GC(40) y: Concurrent Reset Relocation Set 0.016ms
[2026-04-03T02:26:16.289+0600][42.933s][info][gc,reloc    ] GC(40) y: Using tenuring threshold: 3 (Computed)
[2026-04-03T02:26:16.291+0600][42.936s][info][gc,phases   ] GC(40) y: Concurrent Select Relocation Set 4.534ms
[2026-04-03T02:26:16.292+0600][42.936s][info][gc,phases   ] GC(40) y: Pause Relocate Start 0.022ms
[2026-04-03T02:26:16.306+0600][42.951s][info][gc,phases   ] GC(40) y: Concurrent Relocate 14.406ms
[2026-04-03T02:26:16.306+0600][42.951s][info][gc,alloc    ] GC(40) y:                         Mark Start        Mark End      Relocate Start    Relocate End   
[2026-04-03T02:26:16.306+0600][42.951s][info][gc,alloc    ] GC(40) y: Allocation Stalls:          0                0                0                0         
[2026-04-03T02:26:16.306+0600][42.951s][info][gc,load     ] GC(40) y: Load: 6.06 (50%) / 6.02 (50%) / 5.90 (49%)
[2026-04-03T02:26:16.306+0600][42.951s][info][gc,mmu      ] GC(40) y: MMU: 2ms/95.7%, 5ms/97.6%, 10ms/98.8%, 20ms/99.4%, 50ms/99.7%, 100ms/99.8%
[2026-04-03T02:26:16.306+0600][42.951s][info][gc,marking  ] GC(40) y: Mark: 1 stripe(s), 2 proactive flush(es), 1 terminate flush(es), 0 completion(s), 0 continuation(s) 
[2026-04-03T02:26:16.306+0600][42.951s][info][gc,marking  ] GC(40) y: Mark Stack Usage: 32M
[2026-04-03T02:26:16.306+0600][42.951s][info][gc,nmethod  ] GC(40) y: NMethods: 14233 registered, 1746 unregistered
[2026-04-03T02:26:16.306+0600][42.951s][info][gc,metaspace] GC(40) y: Metaspace: 127M used, 129M committed, 1152M reserved
[2026-04-03T02:26:16.306+0600][42.951s][info][gc,reloc    ] GC(40) y:                        Candidates     Selected     In-Place         Size        Empty    Relocated 
[2026-04-03T02:26:16.306+0600][42.951s][info][gc,reloc    ] GC(40) y: Small Pages:                  143           59            0         286M         156M           4M 
[2026-04-03T02:26:16.306+0600][42.951s][info][gc,reloc    ] GC(40) y: Medium Pages:                   1            0            0          32M          32M           0M 
[2026-04-03T02:26:16.306+0600][42.951s][info][gc,reloc    ] GC(40) y: Large Pages:                   16            0            0          96M          78M           0M 
[2026-04-03T02:26:16.306+0600][42.951s][info][gc,reloc    ] GC(40) y: Forwarding Usage: 1M
[2026-04-03T02:26:16.306+0600][42.951s][info][gc,reloc    ] GC(40) y: Age Table:
[2026-04-03T02:26:16.306+0600][42.951s][info][gc,reloc    ] GC(40) y:                    Live             Garbage             Small              Medium             Large        
[2026-04-03T02:26:16.306+0600][42.951s][info][gc,reloc    ] GC(40) y: Eden              20M (2%)          339M (27%)        116 / 39             1 / 0             16 / 0        
[2026-04-03T02:26:16.306+0600][42.951s][info][gc,reloc    ] GC(40) y: Survivor 1         2M (0%)           17M (1%)          10 / 6              0 / 0              0 / 0        
[2026-04-03T02:26:16.306+0600][42.951s][info][gc,reloc    ] GC(40) y: Survivor 2         1M (0%)           12M (1%)           7 / 6              0 / 0              0 / 0        
[2026-04-03T02:26:16.307+0600][42.951s][info][gc,reloc    ] GC(40) y: Survivor 3         2M (0%)           13M (1%)           8 / 7              0 / 0              0 / 0        
[2026-04-03T02:26:16.307+0600][42.951s][info][gc,reloc    ] GC(40) y: Survivor 4         0M (0%)            3M (0%)           2 / 1              0 / 0              0 / 0        
[2026-04-03T02:26:16.307+0600][42.951s][info][gc,heap     ] GC(40) y: Min Capacity: 8M(1%)
[2026-04-03T02:26:16.307+0600][42.951s][info][gc,heap     ] GC(40) y: Max Capacity: 1250M(100%)
[2026-04-03T02:26:16.307+0600][42.951s][info][gc,heap     ] GC(40) y: Soft Max Capacity: 1250M(100%)
[2026-04-03T02:26:16.307+0600][42.951s][info][gc,heap     ] GC(40) y: Heap Statistics:
[2026-04-03T02:26:16.307+0600][42.951s][info][gc,heap     ] GC(40) y:                Mark Start          Mark End        Relocate Start      Relocate End           High               Low         
[2026-04-03T02:26:16.307+0600][42.951s][info][gc,heap     ] GC(40) y:  Capacity:     1250M (100%)       1250M (100%)       1250M (100%)       1250M (100%)       1250M (100%)       1250M (100%)   
[2026-04-03T02:26:16.307+0600][42.951s][info][gc,heap     ] GC(40) y:      Free:      654M (52%)         252M (20%)         516M (41%)         604M (48%)         654M (52%)         252M (20%)    
[2026-04-03T02:26:16.307+0600][42.951s][info][gc,heap     ] GC(40) y:      Used:      596M (48%)         998M (80%)         734M (59%)         646M (52%)         998M (80%)         596M (48%)    
[2026-04-03T02:26:16.307+0600][42.951s][info][gc,heap     ] GC(40) y: Young Generation Statistics:
[2026-04-03T02:26:16.307+0600][42.951s][info][gc,heap     ] GC(40) y:                Mark Start          Mark End        Relocate Start      Relocate End    
[2026-04-03T02:26:16.307+0600][42.951s][info][gc,heap     ] GC(40) y:      Used:      414M (33%)         816M (65%)         550M (44%)         460M (37%)    
[2026-04-03T02:26:16.307+0600][42.951s][info][gc,heap     ] GC(40) y:      Live:         -                28M (2%)           26M (2%)           25M (2%)     
[2026-04-03T02:26:16.307+0600][42.951s][info][gc,heap     ] GC(40) y:   Garbage:         -               385M (31%)         119M (10%)           0M (0%)     
[2026-04-03T02:26:16.307+0600][42.951s][info][gc,heap     ] GC(40) y: Allocated:         -               402M (32%)         404M (32%)         434M (35%)    
[2026-04-03T02:26:16.307+0600][42.952s][info][gc,heap     ] GC(40) y: Reclaimed:         -                  -               266M (21%)         385M (31%)    
[2026-04-03T02:26:16.307+0600][42.952s][info][gc,heap     ] GC(40) y:  Promoted:         -                  -                 1M (0%)            2M (0%)     
[2026-04-03T02:26:16.307+0600][42.952s][info][gc,heap     ] GC(40) y: Compacted:         -                  -                  -                 5M (0%)     
[2026-04-03T02:26:16.307+0600][42.952s][info][gc,phases   ] GC(40) y: Young Generation 596M(48%)->646M(52%) 0.075s
[2026-04-03T02:26:16.307+0600][42.952s][info][gc          ] GC(40) Minor Collection (Allocation Rate) 588M(47%)->646M(52%) 0.075s
[2026-04-03T02:26:16.340+0600][42.985s][info][gc          ] GC(41) Minor Collection (Allocation Rate)
[2026-04-03T02:26:16.340+0600][42.985s][info][gc,task     ] GC(41) Using 2 Workers for Young Generation
[2026-04-03T02:26:16.340+0600][42.985s][info][gc,phases   ] GC(41) y: Young Generation
[2026-04-03T02:26:16.340+0600][42.985s][info][gc,phases   ] GC(41) y: Pause Mark Start 0.023ms
[2026-04-03T02:26:16.373+0600][43.018s][info][gc,phases   ] GC(41) y: Concurrent Mark 32.448ms
[2026-04-03T02:26:16.373+0600][43.018s][info][gc,phases   ] GC(41) y: Pause Mark End 0.026ms
[2026-04-03T02:26:16.373+0600][43.018s][info][gc,phases   ] GC(41) y: Concurrent Mark Free 0.002ms
[2026-04-03T02:26:16.373+0600][43.018s][info][gc,phases   ] GC(41) y: Concurrent Reset Relocation Set 0.017ms
[2026-04-03T02:26:16.377+0600][43.022s][info][gc,reloc    ] GC(41) y: Using tenuring threshold: 2 (Computed)
[2026-04-03T02:26:16.380+0600][43.024s][info][gc,phases   ] GC(41) y: Concurrent Select Relocation Set 6.160ms
[2026-04-03T02:26:16.380+0600][43.025s][info][gc,phases   ] GC(41) y: Pause Relocate Start 0.021ms
[2026-04-03T02:26:16.389+0600][43.033s][info][gc,phases   ] GC(41) y: Concurrent Relocate 8.722ms
[2026-04-03T02:26:16.389+0600][43.034s][info][gc,alloc    ] GC(41) y:                         Mark Start        Mark End      Relocate Start    Relocate End   
[2026-04-03T02:26:16.389+0600][43.034s][info][gc,alloc    ] GC(41) y: Allocation Stalls:          0                0                0                0         
[2026-04-03T02:26:16.389+0600][43.034s][info][gc,load     ] GC(41) y: Load: 6.06 (50%) / 6.02 (50%) / 5.90 (49%)
[2026-04-03T02:26:16.389+0600][43.034s][info][gc,mmu      ] GC(41) y: MMU: 2ms/95.7%, 5ms/97.6%, 10ms/98.8%, 20ms/99.4%, 50ms/99.7%, 100ms/99.8%
[2026-04-03T02:26:16.389+0600][43.034s][info][gc,marking  ] GC(41) y: Mark: 2 stripe(s), 2 proactive flush(es), 1 terminate flush(es), 0 completion(s), 0 continuation(s) 
[2026-04-03T02:26:16.389+0600][43.034s][info][gc,marking  ] GC(41) y: Mark Stack Usage: 32M
[2026-04-03T02:26:16.389+0600][43.034s][info][gc,nmethod  ] GC(41) y: NMethods: 14240 registered, 1746 unregistered
[2026-04-03T02:26:16.389+0600][43.034s][info][gc,metaspace] GC(41) y: Metaspace: 127M used, 129M committed, 1152M reserved
[2026-04-03T02:26:16.389+0600][43.034s][info][gc,reloc    ] GC(41) y:                        Candidates     Selected     In-Place         Size        Empty    Relocated 
[2026-04-03T02:26:16.389+0600][43.034s][info][gc,reloc    ] GC(41) y: Small Pages:                   48           33            0          96M          22M           2M 
[2026-04-03T02:26:16.389+0600][43.034s][info][gc,reloc    ] GC(41) y: Medium Pages:                   1            0            0          32M          32M           0M 
[2026-04-03T02:26:16.389+0600][43.034s][info][gc,reloc    ] GC(41) y: Large Pages:                   58            0            0         348M         348M           0M 
[2026-04-03T02:26:16.389+0600][43.034s][info][gc,reloc    ] GC(41) y: Forwarding Usage: 0M
[2026-04-03T02:26:16.389+0600][43.034s][info][gc,reloc    ] GC(41) y: Age Table:
[2026-04-03T02:26:16.389+0600][43.034s][info][gc,reloc    ] GC(41) y:                    Live             Garbage             Small              Medium             Large        
[2026-04-03T02:26:16.389+0600][43.034s][info][gc,reloc    ] GC(41) y: Eden               1M (0%)          438M (35%)         39 / 27             1 / 0             55 / 0        
[2026-04-03T02:26:16.389+0600][43.034s][info][gc,reloc    ] GC(41) y: Survivor 1         1M (0%)           20M (2%)           2 / 1              0 / 0              3 / 0        
[2026-04-03T02:26:16.389+0600][43.034s][info][gc,reloc    ] GC(41) y: Survivor 2         2M (0%)            7M (1%)           5 / 4              0 / 0              0 / 0        
[2026-04-03T02:26:16.389+0600][43.034s][info][gc,reloc    ] GC(41) y: Survivor 3         1M (0%)            2M (0%)           2 / 1              0 / 0              0 / 0        
[2026-04-03T02:26:16.389+0600][43.034s][info][gc,heap     ] GC(41) y: Min Capacity: 8M(1%)
[2026-04-03T02:26:16.389+0600][43.034s][info][gc,heap     ] GC(41) y: Max Capacity: 1250M(100%)
[2026-04-03T02:26:16.389+0600][43.034s][info][gc,heap     ] GC(41) y: Soft Max Capacity: 1250M(100%)
[2026-04-03T02:26:16.389+0600][43.034s][info][gc,heap     ] GC(41) y: Heap Statistics:
[2026-04-03T02:26:16.389+0600][43.034s][info][gc,heap     ] GC(41) y:                Mark Start          Mark End        Relocate Start      Relocate End           High               Low         
[2026-04-03T02:26:16.389+0600][43.034s][info][gc,heap     ] GC(41) y:  Capacity:     1250M (100%)       1250M (100%)       1250M (100%)       1250M (100%)       1250M (100%)       1250M (100%)   
[2026-04-03T02:26:16.389+0600][43.034s][info][gc,heap     ] GC(41) y:      Free:      588M (47%)         344M (28%)         668M (53%)         586M (47%)         722M (58%)         338M (27%)    
[2026-04-03T02:26:16.389+0600][43.034s][info][gc,heap     ] GC(41) y:      Used:      662M (53%)         906M (72%)         582M (47%)         664M (53%)         912M (73%)         528M (42%)    
[2026-04-03T02:26:16.389+0600][43.034s][info][gc,heap     ] GC(41) y: Young Generation Statistics:
[2026-04-03T02:26:16.389+0600][43.034s][info][gc,heap     ] GC(41) y:                Mark Start          Mark End        Relocate Start      Relocate End    
[2026-04-03T02:26:16.389+0600][43.034s][info][gc,heap     ] GC(41) y:      Used:      476M (38%)         720M (58%)         392M (31%)         470M (38%)    
[2026-04-03T02:26:16.389+0600][43.034s][info][gc,heap     ] GC(41) y:      Live:         -                 6M (1%)            3M (0%)            2M (0%)     
[2026-04-03T02:26:16.389+0600][43.034s][info][gc,heap     ] GC(41) y:   Garbage:         -               469M (38%)          66M (5%)            0M (0%)     
[2026-04-03T02:26:16.389+0600][43.034s][info][gc,heap     ] GC(41) y: Allocated:         -               244M (20%)         322M (26%)         467M (37%)    
[2026-04-03T02:26:16.389+0600][43.034s][info][gc,heap     ] GC(41) y: Reclaimed:         -                  -               402M (32%)         469M (38%)    
[2026-04-03T02:26:16.389+0600][43.034s][info][gc,heap     ] GC(41) y:  Promoted:         -                  -                 3M (0%)            4M (0%)     
[2026-04-03T02:26:16.389+0600][43.034s][info][gc,heap     ] GC(41) y: Compacted:         -                  -                  -                 2M (0%)     
[2026-04-03T02:26:16.389+0600][43.034s][info][gc,phases   ] GC(41) y: Young Generation 662M(53%)->664M(53%) 0.049s
[2026-04-03T02:26:16.389+0600][43.034s][info][gc          ] GC(41) Minor Collection (Allocation Rate) 662M(53%)->668M(53%) 0.049s
[2026-04-03T02:26:16.389+0600][43.034s][info][gc          ] GC(42) Minor Collection (Allocation Rate)
[2026-04-03T02:26:16.389+0600][43.034s][info][gc,task     ] GC(42) Using 3 Workers for Young Generation
[2026-04-03T02:26:16.389+0600][43.034s][info][gc,phases   ] GC(42) y: Young Generation
[2026-04-03T02:26:16.390+0600][43.034s][info][gc,phases   ] GC(42) y: Pause Mark Start 0.031ms
[2026-04-03T02:26:16.412+0600][43.056s][info][gc,phases   ] GC(42) y: Concurrent Mark 21.822ms
[2026-04-03T02:26:16.412+0600][43.057s][info][gc,phases   ] GC(42) y: Pause Mark End 0.030ms
[2026-04-03T02:26:16.412+0600][43.057s][info][gc,phases   ] GC(42) y: Concurrent Mark Free 0.001ms
[2026-04-03T02:26:16.412+0600][43.057s][info][gc,phases   ] GC(42) y: Concurrent Reset Relocation Set 0.020ms
[2026-04-03T02:26:16.419+0600][43.064s][info][gc,reloc    ] GC(42) y: Using tenuring threshold: 3 (Computed)
[2026-04-03T02:26:16.419+0600][43.064s][info][gc,phases   ] GC(42) y: Concurrent Select Relocation Set 7.235ms
[2026-04-03T02:26:16.420+0600][43.064s][info][gc,phases   ] GC(42) y: Pause Relocate Start 0.034ms
[2026-04-03T02:26:16.421+0600][43.066s][info][gc,phases   ] GC(42) y: Concurrent Relocate 1.382ms
[2026-04-03T02:26:16.421+0600][43.066s][info][gc,alloc    ] GC(42) y:                         Mark Start        Mark End      Relocate Start    Relocate End   
[2026-04-03T02:26:16.421+0600][43.066s][info][gc,alloc    ] GC(42) y: Allocation Stalls:          0                0                0                0         
[2026-04-03T02:26:16.422+0600][43.066s][info][gc,load     ] GC(42) y: Load: 6.06 (50%) / 6.02 (50%) / 5.90 (49%)
[2026-04-03T02:26:16.422+0600][43.066s][info][gc,mmu      ] GC(42) y: MMU: 2ms/95.7%, 5ms/97.6%, 10ms/98.8%, 20ms/99.4%, 50ms/99.7%, 100ms/99.8%
[2026-04-03T02:26:16.422+0600][43.066s][info][gc,marking  ] GC(42) y: Mark: 2 stripe(s), 2 proactive flush(es), 1 terminate flush(es), 0 completion(s), 0 continuation(s) 
[2026-04-03T02:26:16.422+0600][43.066s][info][gc,marking  ] GC(42) y: Mark Stack Usage: 32M
[2026-04-03T02:26:16.422+0600][43.066s][info][gc,nmethod  ] GC(42) y: NMethods: 14242 registered, 1746 unregistered
[2026-04-03T02:26:16.422+0600][43.066s][info][gc,metaspace] GC(42) y: Metaspace: 127M used, 129M committed, 1152M reserved
[2026-04-03T02:26:16.422+0600][43.066s][info][gc,reloc    ] GC(42) y:                        Candidates     Selected     In-Place         Size        Empty    Relocated 
[2026-04-03T02:26:16.422+0600][43.066s][info][gc,reloc    ] GC(42) y: Small Pages:                   29           23            0          58M           8M           1M 
[2026-04-03T02:26:16.422+0600][43.066s][info][gc,reloc    ] GC(42) y: Medium Pages:                   1            0            0          32M          32M           0M 
[2026-04-03T02:26:16.422+0600][43.066s][info][gc,reloc    ] GC(42) y: Large Pages:                   64            0            0         384M         384M           0M 
[2026-04-03T02:26:16.422+0600][43.066s][info][gc,reloc    ] GC(42) y: Forwarding Usage: 0M
[2026-04-03T02:26:16.422+0600][43.066s][info][gc,reloc    ] GC(42) y: Age Table:
[2026-04-03T02:26:16.422+0600][43.066s][info][gc,reloc    ] GC(42) y:                    Live             Garbage             Small              Medium             Large        
[2026-04-03T02:26:16.422+0600][43.067s][info][gc,reloc    ] GC(42) y: Eden               0M (0%)          451M (36%)         18 / 15             1 / 0             64 / 0        
[2026-04-03T02:26:16.422+0600][43.067s][info][gc,reloc    ] GC(42) y: Survivor 1         0M (0%)            9M (1%)           5 / 3              0 / 0              0 / 0        
[2026-04-03T02:26:16.422+0600][43.067s][info][gc,reloc    ] GC(42) y: Survivor 2         1M (0%)           10M (1%)           6 / 5              0 / 0              0 / 0        
[2026-04-03T02:26:16.422+0600][43.067s][info][gc,heap     ] GC(42) y: Min Capacity: 8M(1%)
[2026-04-03T02:26:16.422+0600][43.067s][info][gc,heap     ] GC(42) y: Max Capacity: 1250M(100%)
[2026-04-03T02:26:16.422+0600][43.067s][info][gc,heap     ] GC(42) y: Soft Max Capacity: 1250M(100%)
[2026-04-03T02:26:16.422+0600][43.067s][info][gc,heap     ] GC(42) y: Heap Statistics:
[2026-04-03T02:26:16.422+0600][43.067s][info][gc,heap     ] GC(42) y:                Mark Start          Mark End        Relocate Start      Relocate End           High               Low         
[2026-04-03T02:26:16.422+0600][43.067s][info][gc,heap     ] GC(42) y:  Capacity:     1250M (100%)       1250M (100%)       1250M (100%)       1250M (100%)       1250M (100%)       1250M (100%)   
[2026-04-03T02:26:16.422+0600][43.067s][info][gc,heap     ] GC(42) y:      Free:      582M (47%)         520M (42%)         942M (75%)         976M (78%)         976M (78%)         512M (41%)    
[2026-04-03T02:26:16.422+0600][43.067s][info][gc,heap     ] GC(42) y:      Used:      668M (53%)         730M (58%)         308M (25%)         274M (22%)         738M (59%)         274M (22%)    
[2026-04-03T02:26:16.422+0600][43.067s][info][gc,heap     ] GC(42) y: Young Generation Statistics:
[2026-04-03T02:26:16.422+0600][43.067s][info][gc,heap     ] GC(42) y:                Mark Start          Mark End        Relocate Start      Relocate End    
[2026-04-03T02:26:16.422+0600][43.067s][info][gc,heap     ] GC(42) y:      Used:      474M (38%)         536M (43%)         114M (9%)           80M (6%)     
[2026-04-03T02:26:16.422+0600][43.067s][info][gc,heap     ] GC(42) y:      Live:         -                 2M (0%)            2M (0%)            2M (0%)     
[2026-04-03T02:26:16.422+0600][43.067s][info][gc,heap     ] GC(42) y:   Garbage:         -               471M (38%)          47M (4%)            1M (0%)     
[2026-04-03T02:26:16.422+0600][43.067s][info][gc,heap     ] GC(42) y: Allocated:         -                62M (5%)           64M (5%)           76M (6%)     
[2026-04-03T02:26:16.422+0600][43.067s][info][gc,heap     ] GC(42) y: Reclaimed:         -                  -               424M (34%)         470M (38%)    
[2026-04-03T02:26:16.422+0600][43.067s][info][gc,heap     ] GC(42) y:  Promoted:         -                  -                 0M (0%)            0M (0%)     
[2026-04-03T02:26:16.422+0600][43.067s][info][gc,heap     ] GC(42) y: Compacted:         -                  -                  -                 1M (0%)     
[2026-04-03T02:26:16.422+0600][43.067s][info][gc,phases   ] GC(42) y: Young Generation 668M(53%)->274M(22%) 0.032s
[2026-04-03T02:26:16.422+0600][43.067s][info][gc          ] GC(42) Minor Collection (Allocation Rate) 668M(53%)->278M(22%) 0.033s
[2026-04-03T02:26:17.111+0600][43.756s][info][gc          ] GC(43) Minor Collection (Allocation Rate)
[2026-04-03T02:26:17.112+0600][43.756s][info][gc,task     ] GC(43) Using 3 Workers for Young Generation
[2026-04-03T02:26:17.112+0600][43.756s][info][gc,phases   ] GC(43) y: Young Generation
[2026-04-03T02:26:17.112+0600][43.757s][info][gc,phases   ] GC(43) y: Pause Mark Start 0.028ms
[2026-04-03T02:26:17.135+0600][43.780s][info][gc,phases   ] GC(43) y: Concurrent Mark 23.427ms
[2026-04-03T02:26:17.136+0600][43.780s][info][gc,phases   ] GC(43) y: Pause Mark End 0.030ms
[2026-04-03T02:26:17.136+0600][43.781s][info][gc,phases   ] GC(43) y: Concurrent Mark Free 0.003ms
[2026-04-03T02:26:17.136+0600][43.781s][info][gc,phases   ] GC(43) y: Concurrent Reset Relocation Set 0.008ms
[2026-04-03T02:26:17.139+0600][43.783s][info][gc,reloc    ] GC(43) y: Using tenuring threshold: 1 (Computed)
[2026-04-03T02:26:17.140+0600][43.784s][info][gc,phases   ] GC(43) y: Concurrent Select Relocation Set 3.681ms
[2026-04-03T02:26:17.140+0600][43.785s][info][gc,phases   ] GC(43) y: Pause Relocate Start 0.022ms
[2026-04-03T02:26:17.146+0600][43.791s][info][gc,phases   ] GC(43) y: Concurrent Relocate 6.131ms
[2026-04-03T02:26:17.146+0600][43.791s][info][gc,alloc    ] GC(43) y:                         Mark Start        Mark End      Relocate Start    Relocate End   
[2026-04-03T02:26:17.146+0600][43.791s][info][gc,alloc    ] GC(43) y: Allocation Stalls:          0                0                0                0         
[2026-04-03T02:26:17.146+0600][43.791s][info][gc,load     ] GC(43) y: Load: 6.06 (50%) / 6.02 (50%) / 5.90 (49%)
[2026-04-03T02:26:17.146+0600][43.791s][info][gc,mmu      ] GC(43) y: MMU: 2ms/95.7%, 5ms/97.6%, 10ms/98.8%, 20ms/99.4%, 50ms/99.7%, 100ms/99.8%
[2026-04-03T02:26:17.146+0600][43.791s][info][gc,marking  ] GC(43) y: Mark: 2 stripe(s), 2 proactive flush(es), 1 terminate flush(es), 0 completion(s), 0 continuation(s) 
[2026-04-03T02:26:17.146+0600][43.791s][info][gc,marking  ] GC(43) y: Mark Stack Usage: 32M
[2026-04-03T02:26:17.147+0600][43.791s][info][gc,nmethod  ] GC(43) y: NMethods: 14296 registered, 1746 unregistered
[2026-04-03T02:26:17.147+0600][43.791s][info][gc,metaspace] GC(43) y: Metaspace: 127M used, 129M committed, 1152M reserved
[2026-04-03T02:26:17.147+0600][43.791s][info][gc,reloc    ] GC(43) y:                        Candidates     Selected     In-Place         Size        Empty    Relocated 
[2026-04-03T02:26:17.147+0600][43.791s][info][gc,reloc    ] GC(43) y: Small Pages:                  222          183            0         444M          70M           5M 
[2026-04-03T02:26:17.147+0600][43.791s][info][gc,reloc    ] GC(43) y: Medium Pages:                   2            0            0          64M          64M           0M 
[2026-04-03T02:26:17.147+0600][43.791s][info][gc,reloc    ] GC(43) y: Large Pages:                   10            0            0          60M          60M           0M 
[2026-04-03T02:26:17.147+0600][43.791s][info][gc,reloc    ] GC(43) y: Forwarding Usage: 1M
[2026-04-03T02:26:17.147+0600][43.791s][info][gc,reloc    ] GC(43) y: Age Table:
[2026-04-03T02:26:17.147+0600][43.791s][info][gc,reloc    ] GC(43) y:                    Live             Garbage             Small              Medium             Large        
[2026-04-03T02:26:17.147+0600][43.791s][info][gc,reloc    ] GC(43) y: Eden               4M (0%)          547M (44%)        214 / 176            2 / 0             10 / 0        
[2026-04-03T02:26:17.147+0600][43.791s][info][gc,reloc    ] GC(43) y: Survivor 1         0M (0%)            5M (0%)           3 / 3              0 / 0              0 / 0        
[2026-04-03T02:26:17.147+0600][43.791s][info][gc,reloc    ] GC(43) y: Survivor 2         0M (0%)            3M (0%)           2 / 1              0 / 0              0 / 0        
[2026-04-03T02:26:17.147+0600][43.791s][info][gc,reloc    ] GC(43) y: Survivor 3         1M (0%)            4M (0%)           3 / 3              0 / 0              0 / 0        
[2026-04-03T02:26:17.147+0600][43.791s][info][gc,heap     ] GC(43) y: Min Capacity: 8M(1%)
[2026-04-03T02:26:17.147+0600][43.791s][info][gc,heap     ] GC(43) y: Max Capacity: 1250M(100%)
[2026-04-03T02:26:17.147+0600][43.791s][info][gc,heap     ] GC(43) y: Soft Max Capacity: 1250M(100%)
[2026-04-03T02:26:17.147+0600][43.791s][info][gc,heap     ] GC(43) y: Heap Statistics:
[2026-04-03T02:26:17.147+0600][43.792s][info][gc,heap     ] GC(43) y:                Mark Start          Mark End        Relocate Start      Relocate End           High               Low         
[2026-04-03T02:26:17.147+0600][43.792s][info][gc,heap     ] GC(43) y:  Capacity:     1250M (100%)       1250M (100%)       1250M (100%)       1250M (100%)       1250M (100%)       1250M (100%)   
[2026-04-03T02:26:17.147+0600][43.792s][info][gc,heap     ] GC(43) y:      Free:      488M (39%)         432M (35%)         620M (50%)         978M (78%)         980M (78%)         428M (34%)    
[2026-04-03T02:26:17.147+0600][43.792s][info][gc,heap     ] GC(43) y:      Used:      762M (61%)         818M (65%)         630M (50%)         272M (22%)         822M (66%)         270M (22%)    
[2026-04-03T02:26:17.147+0600][43.792s][info][gc,heap     ] GC(43) y: Young Generation Statistics:
[2026-04-03T02:26:17.147+0600][43.792s][info][gc,heap     ] GC(43) y:                Mark Start          Mark End        Relocate Start      Relocate End    
[2026-04-03T02:26:17.147+0600][43.792s][info][gc,heap     ] GC(43) y:      Used:      568M (45%)         624M (50%)         436M (35%)          72M (6%)     
[2026-04-03T02:26:17.147+0600][43.792s][info][gc,heap     ] GC(43) y:      Live:         -                 5M (0%)            5M (0%)            4M (0%)     
[2026-04-03T02:26:17.147+0600][43.792s][info][gc,heap     ] GC(43) y:   Garbage:         -               562M (45%)         368M (29%)           0M (0%)     
[2026-04-03T02:26:17.147+0600][43.792s][info][gc,heap     ] GC(43) y: Allocated:         -                56M (4%)           62M (5%)           67M (5%)     
[2026-04-03T02:26:17.147+0600][43.792s][info][gc,heap     ] GC(43) y: Reclaimed:         -                  -               194M (16%)         562M (45%)    
[2026-04-03T02:26:17.147+0600][43.792s][info][gc,heap     ] GC(43) y:  Promoted:         -                  -                 0M (0%)            1M (0%)     
[2026-04-03T02:26:17.147+0600][43.792s][info][gc,heap     ] GC(43) y: Compacted:         -                  -                  -                 4M (0%)     
[2026-04-03T02:26:17.147+0600][43.792s][info][gc,phases   ] GC(43) y: Young Generation 762M(61%)->272M(22%) 0.035s
[2026-04-03T02:26:17.147+0600][43.792s][info][gc          ] GC(43) Minor Collection (Allocation Rate) 762M(61%)->272M(22%) 0.036s
[2026-04-03T02:26:17.493+0600][44.138s][info][gc          ] GC(44) Minor Collection (Allocation Rate)
[2026-04-03T02:26:17.493+0600][44.138s][info][gc,task     ] GC(44) Using 2 Workers for Young Generation
[2026-04-03T02:26:17.493+0600][44.138s][info][gc,phases   ] GC(44) y: Young Generation
[2026-04-03T02:26:17.494+0600][44.138s][info][gc,phases   ] GC(44) y: Pause Mark Start 0.026ms
[2026-04-03T02:26:17.524+0600][44.169s][info][gc,phases   ] GC(44) y: Concurrent Mark 30.761ms
[2026-04-03T02:26:17.525+0600][44.169s][info][gc,phases   ] GC(44) y: Pause Mark End 0.026ms
[2026-04-03T02:26:17.525+0600][44.170s][info][gc,phases   ] GC(44) y: Concurrent Mark Free 0.002ms
[2026-04-03T02:26:17.525+0600][44.170s][info][gc,phases   ] GC(44) y: Concurrent Reset Relocation Set 0.018ms
[2026-04-03T02:26:17.527+0600][44.172s][info][gc,reloc    ] GC(44) y: Using tenuring threshold: 2 (Computed)
[2026-04-03T02:26:17.528+0600][44.172s][info][gc,phases   ] GC(44) y: Concurrent Select Relocation Set 2.814ms
[2026-04-03T02:26:17.528+0600][44.173s][info][gc,phases   ] GC(44) y: Pause Relocate Start 0.020ms
[2026-04-03T02:26:17.531+0600][44.176s][info][gc,phases   ] GC(44) y: Concurrent Relocate 2.833ms
[2026-04-03T02:26:17.531+0600][44.176s][info][gc,alloc    ] GC(44) y:                         Mark Start        Mark End      Relocate Start    Relocate End   
[2026-04-03T02:26:17.531+0600][44.176s][info][gc,alloc    ] GC(44) y: Allocation Stalls:          0                0                0                0         
[2026-04-03T02:26:17.531+0600][44.176s][info][gc,load     ] GC(44) y: Load: 6.06 (50%) / 6.02 (50%) / 5.90 (49%)
[2026-04-03T02:26:17.531+0600][44.176s][info][gc,mmu      ] GC(44) y: MMU: 2ms/95.7%, 5ms/97.6%, 10ms/98.8%, 20ms/99.4%, 50ms/99.7%, 100ms/99.8%
[2026-04-03T02:26:17.531+0600][44.176s][info][gc,marking  ] GC(44) y: Mark: 2 stripe(s), 2 proactive flush(es), 1 terminate flush(es), 0 completion(s), 0 continuation(s) 
[2026-04-03T02:26:17.531+0600][44.176s][info][gc,marking  ] GC(44) y: Mark Stack Usage: 32M
[2026-04-03T02:26:17.531+0600][44.176s][info][gc,nmethod  ] GC(44) y: NMethods: 14302 registered, 1746 unregistered
[2026-04-03T02:26:17.531+0600][44.176s][info][gc,metaspace] GC(44) y: Metaspace: 127M used, 129M committed, 1152M reserved
[2026-04-03T02:26:17.531+0600][44.176s][info][gc,reloc    ] GC(44) y:                        Candidates     Selected     In-Place         Size        Empty    Relocated 
[2026-04-03T02:26:17.531+0600][44.176s][info][gc,reloc    ] GC(44) y: Small Pages:                   99           61            0         198M          68M           2M 
[2026-04-03T02:26:17.531+0600][44.176s][info][gc,reloc    ] GC(44) y: Medium Pages:                   2            0            0          64M          64M           0M 
[2026-04-03T02:26:17.531+0600][44.176s][info][gc,reloc    ] GC(44) y: Large Pages:                    6            0            0          36M          36M           0M 
[2026-04-03T02:26:17.531+0600][44.176s][info][gc,reloc    ] GC(44) y: Forwarding Usage: 0M
[2026-04-03T02:26:17.531+0600][44.176s][info][gc,reloc    ] GC(44) y: Age Table:
[2026-04-03T02:26:17.531+0600][44.176s][info][gc,reloc    ] GC(44) y:                    Live             Garbage             Small              Medium             Large        
[2026-04-03T02:26:17.531+0600][44.176s][info][gc,reloc    ] GC(44) y: Eden               2M (0%)          289M (23%)         96 / 60             2 / 0              6 / 0        
[2026-04-03T02:26:17.531+0600][44.176s][info][gc,reloc    ] GC(44) y: Survivor 1         2M (0%)            3M (0%)           3 / 1              0 / 0              0 / 0        
[2026-04-03T02:26:17.531+0600][44.176s][info][gc,heap     ] GC(44) y: Min Capacity: 8M(1%)
[2026-04-03T02:26:17.531+0600][44.176s][info][gc,heap     ] GC(44) y: Max Capacity: 1250M(100%)
[2026-04-03T02:26:17.531+0600][44.176s][info][gc,heap     ] GC(44) y: Soft Max Capacity: 1250M(100%)
[2026-04-03T02:26:17.531+0600][44.176s][info][gc,heap     ] GC(44) y: Heap Statistics:
[2026-04-03T02:26:17.531+0600][44.176s][info][gc,heap     ] GC(44) y:                Mark Start          Mark End        Relocate Start      Relocate End           High               Low         
[2026-04-03T02:26:17.531+0600][44.176s][info][gc,heap     ] GC(44) y:  Capacity:     1250M (100%)       1250M (100%)       1250M (100%)       1250M (100%)       1250M (100%)       1250M (100%)   
[2026-04-03T02:26:17.531+0600][44.176s][info][gc,heap     ] GC(44) y:      Free:      752M (60%)         718M (57%)         886M (71%)        1006M (80%)        1006M (80%)         718M (57%)    
[2026-04-03T02:26:17.531+0600][44.176s][info][gc,heap     ] GC(44) y:      Used:      498M (40%)         532M (43%)         364M (29%)         244M (20%)         532M (43%)         244M (20%)    
[2026-04-03T02:26:17.531+0600][44.176s][info][gc,heap     ] GC(44) y: Young Generation Statistics:
[2026-04-03T02:26:17.531+0600][44.176s][info][gc,heap     ] GC(44) y:                Mark Start          Mark End        Relocate Start      Relocate End    
[2026-04-03T02:26:17.531+0600][44.176s][info][gc,heap     ] GC(44) y:      Used:      298M (24%)         332M (27%)         164M (13%)          44M (4%)     
[2026-04-03T02:26:17.531+0600][44.176s][info][gc,heap     ] GC(44) y:      Live:         -                 5M (0%)            5M (0%)            5M (0%)     
[2026-04-03T02:26:17.531+0600][44.176s][info][gc,heap     ] GC(44) y:   Garbage:         -               292M (23%)         124M (10%)           1M (0%)     
[2026-04-03T02:26:17.531+0600][44.176s][info][gc,heap     ] GC(44) y: Allocated:         -                34M (3%)           34M (3%)           37M (3%)     
[2026-04-03T02:26:17.531+0600][44.176s][info][gc,heap     ] GC(44) y: Reclaimed:         -                  -               168M (13%)         291M (23%)    
[2026-04-03T02:26:17.531+0600][44.176s][info][gc,heap     ] GC(44) y:  Promoted:         -                  -                 0M (0%)            0M (0%)     
[2026-04-03T02:26:17.531+0600][44.176s][info][gc,heap     ] GC(44) y: Compacted:         -                  -                  -                 2M (0%)     
[2026-04-03T02:26:17.531+0600][44.176s][info][gc,phases   ] GC(44) y: Young Generation 498M(40%)->244M(20%) 0.038s
[2026-04-03T02:26:17.531+0600][44.176s][info][gc          ] GC(44) Minor Collection (Allocation Rate) 498M(40%)->244M(20%) 0.038s
[2026-04-03T02:26:18.351+0600][44.996s][info][gc          ] GC(45) Minor Collection (Allocation Rate)
[2026-04-03T02:26:18.351+0600][44.996s][info][gc,task     ] GC(45) Using 2 Workers for Young Generation
[2026-04-03T02:26:18.351+0600][44.996s][info][gc,phases   ] GC(45) y: Young Generation
[2026-04-03T02:26:18.352+0600][44.996s][info][gc,phases   ] GC(45) y: Pause Mark Start 0.023ms
[2026-04-03T02:26:18.373+0600][45.018s][info][gc,phases   ] GC(45) y: Concurrent Mark 20.986ms
[2026-04-03T02:26:18.373+0600][45.018s][info][gc,phases   ] GC(45) y: Pause Mark End 0.022ms
[2026-04-03T02:26:18.373+0600][45.018s][info][gc,phases   ] GC(45) y: Concurrent Mark Free 0.002ms
[2026-04-03T02:26:18.373+0600][45.018s][info][gc,phases   ] GC(45) y: Concurrent Reset Relocation Set 0.014ms
[2026-04-03T02:26:18.375+0600][45.020s][info][gc,reloc    ] GC(45) y: Using tenuring threshold: 2 (Computed)
[2026-04-03T02:26:18.376+0600][45.021s][info][gc,phases   ] GC(45) y: Concurrent Select Relocation Set 2.994ms
[2026-04-03T02:26:18.377+0600][45.021s][info][gc,phases   ] GC(45) y: Pause Relocate Start 0.013ms
[2026-04-03T02:26:18.383+0600][45.027s][info][gc,phases   ] GC(45) y: Concurrent Relocate 6.023ms
[2026-04-03T02:26:18.383+0600][45.027s][info][gc,alloc    ] GC(45) y:                         Mark Start        Mark End      Relocate Start    Relocate End   
[2026-04-03T02:26:18.383+0600][45.028s][info][gc,alloc    ] GC(45) y: Allocation Stalls:          0                0                0                0         
[2026-04-03T02:26:18.383+0600][45.028s][info][gc,load     ] GC(45) y: Load: 6.06 (50%) / 6.02 (50%) / 5.90 (49%)
[2026-04-03T02:26:18.383+0600][45.028s][info][gc,mmu      ] GC(45) y: MMU: 2ms/95.7%, 5ms/97.6%, 10ms/98.8%, 20ms/99.4%, 50ms/99.7%, 100ms/99.8%
[2026-04-03T02:26:18.383+0600][45.028s][info][gc,marking  ] GC(45) y: Mark: 2 stripe(s), 2 proactive flush(es), 1 terminate flush(es), 0 completion(s), 0 continuation(s) 
[2026-04-03T02:26:18.383+0600][45.028s][info][gc,marking  ] GC(45) y: Mark Stack Usage: 32M
[2026-04-03T02:26:18.383+0600][45.028s][info][gc,nmethod  ] GC(45) y: NMethods: 14350 registered, 1746 unregistered
[2026-04-03T02:26:18.383+0600][45.028s][info][gc,metaspace] GC(45) y: Metaspace: 127M used, 129M committed, 1152M reserved
[2026-04-03T02:26:18.383+0600][45.028s][info][gc,reloc    ] GC(45) y:                        Candidates     Selected     In-Place         Size        Empty    Relocated 
[2026-04-03T02:26:18.383+0600][45.028s][info][gc,reloc    ] GC(45) y: Small Pages:                  253          164            0         506M         170M           4M 
[2026-04-03T02:26:18.383+0600][45.028s][info][gc,reloc    ] GC(45) y: Medium Pages:                   4            0            0         128M          96M           0M 
[2026-04-03T02:26:18.383+0600][45.028s][info][gc,reloc    ] GC(45) y: Large Pages:                   11            0            0          66M          66M           0M 
[2026-04-03T02:26:18.383+0600][45.028s][info][gc,reloc    ] GC(45) y: Forwarding Usage: 1M
[2026-04-03T02:26:18.383+0600][45.028s][info][gc,reloc    ] GC(45) y: Age Table:
[2026-04-03T02:26:18.383+0600][45.028s][info][gc,reloc    ] GC(45) y:                    Live             Garbage             Small              Medium             Large        
[2026-04-03T02:26:18.383+0600][45.028s][info][gc,reloc    ] GC(45) y: Eden               4M (0%)          685M (55%)        248 / 161            4 / 0             11 / 0        
[2026-04-03T02:26:18.383+0600][45.028s][info][gc,reloc    ] GC(45) y: Survivor 1         0M (0%)            3M (0%)           2 / 1              0 / 0              0 / 0        
[2026-04-03T02:26:18.383+0600][45.028s][info][gc,reloc    ] GC(45) y: Survivor 2         2M (0%)            3M (0%)           3 / 2              0 / 0              0 / 0        
[2026-04-03T02:26:18.383+0600][45.028s][info][gc,heap     ] GC(45) y: Min Capacity: 8M(1%)
[2026-04-03T02:26:18.383+0600][45.028s][info][gc,heap     ] GC(45) y: Max Capacity: 1250M(100%)
[2026-04-03T02:26:18.383+0600][45.028s][info][gc,heap     ] GC(45) y: Soft Max Capacity: 1250M(100%)
[2026-04-03T02:26:18.383+0600][45.028s][info][gc,heap     ] GC(45) y: Heap Statistics:
[2026-04-03T02:26:18.383+0600][45.028s][info][gc,heap     ] GC(45) y:                Mark Start          Mark End        Relocate Start      Relocate End           High               Low         
[2026-04-03T02:26:18.383+0600][45.028s][info][gc,heap     ] GC(45) y:  Capacity:     1250M (100%)       1250M (100%)       1250M (100%)       1250M (100%)       1250M (100%)       1250M (100%)   
[2026-04-03T02:26:18.383+0600][45.028s][info][gc,heap     ] GC(45) y:      Free:      350M (28%)         298M (24%)         630M (50%)         950M (76%)         950M (76%)         298M (24%)    
[2026-04-03T02:26:18.383+0600][45.028s][info][gc,heap     ] GC(45) y:      Used:      900M (72%)         952M (76%)         620M (50%)         300M (24%)         952M (76%)         300M (24%)    
[2026-04-03T02:26:18.383+0600][45.028s][info][gc,heap     ] GC(45) y: Young Generation Statistics:
[2026-04-03T02:26:18.383+0600][45.028s][info][gc,heap     ] GC(45) y:                Mark Start          Mark End        Relocate Start      Relocate End    
[2026-04-03T02:26:18.383+0600][45.028s][info][gc,heap     ] GC(45) y:      Used:      700M (56%)         752M (60%)         418M (33%)          94M (8%)     
[2026-04-03T02:26:18.383+0600][45.028s][info][gc,heap     ] GC(45) y:      Live:         -                 7M (1%)            6M (1%)            5M (0%)     
[2026-04-03T02:26:18.383+0600][45.028s][info][gc,heap     ] GC(45) y:   Garbage:         -               692M (55%)         359M (29%)          29M (2%)     
[2026-04-03T02:26:18.383+0600][45.028s][info][gc,heap     ] GC(45) y: Allocated:         -                52M (4%)           52M (4%)           58M (5%)     
[2026-04-03T02:26:18.383+0600][45.028s][info][gc,heap     ] GC(45) y: Reclaimed:         -                  -               332M (27%)         662M (53%)    
[2026-04-03T02:26:18.383+0600][45.028s][info][gc,heap     ] GC(45) y:  Promoted:         -                  -                 1M (0%)            2M (0%)     
[2026-04-03T02:26:18.383+0600][45.028s][info][gc,heap     ] GC(45) y: Compacted:         -                  -                  -                 3M (0%)     
[2026-04-03T02:26:18.383+0600][45.028s][info][gc,phases   ] GC(45) y: Young Generation 932M(75%)->300M(24%) 0.032s
[2026-04-03T02:26:18.383+0600][45.028s][info][gc          ] GC(45) Minor Collection (Allocation Rate) 932M(75%)->300M(24%) 0.032s
[2026-04-03T02:26:18.833+0600][45.478s][info][gc          ] GC(46) Minor Collection (Allocation Rate)
[2026-04-03T02:26:18.833+0600][45.478s][info][gc,task     ] GC(46) Using 1 Workers for Young Generation
[2026-04-03T02:26:18.833+0600][45.478s][info][gc,phases   ] GC(46) y: Young Generation
[2026-04-03T02:26:18.833+0600][45.478s][info][gc,phases   ] GC(46) y: Pause Mark Start 0.024ms
[2026-04-03T02:26:18.845+0600][45.489s][info][gc,task     ] Adjusting Workers for Young Generation: 1 -> 3
[2026-04-03T02:26:18.866+0600][45.511s][info][gc,phases   ] GC(46) y: Concurrent Mark 32.505ms
[2026-04-03T02:26:18.866+0600][45.511s][info][gc,phases   ] GC(46) y: Pause Mark End 0.021ms
[2026-04-03T02:26:18.866+0600][45.511s][info][gc,phases   ] GC(46) y: Concurrent Mark Free 0.001ms
[2026-04-03T02:26:18.866+0600][45.511s][info][gc,phases   ] GC(46) y: Concurrent Reset Relocation Set 0.025ms
[2026-04-03T02:26:18.867+0600][45.511s][info][gc          ] Allocation Stall (Executor task launch worker for task 2.0 in stage 1036.0 (TID 2029)) 15.352ms
[2026-04-03T02:26:18.867+0600][45.511s][info][gc          ] Allocation Stall (Executor task launch worker for task 1.0 in stage 1036.0 (TID 2028)) 7.803ms
[2026-04-03T02:26:18.867+0600][45.511s][info][gc          ] Allocation Stall (Executor task launch worker for task 0.0 in stage 1036.0 (TID 2027)) 7.067ms
[2026-04-03T02:26:18.867+0600][45.511s][info][gc          ] Allocation Stall (Executor task launch worker for task 3.0 in stage 1036.0 (TID 2030)) 9.088ms
[2026-04-03T02:26:18.872+0600][45.517s][info][gc,reloc    ] GC(46) y: Using tenuring threshold: 3 (Computed)
[2026-04-03T02:26:18.872+0600][45.517s][info][gc,phases   ] GC(46) y: Concurrent Select Relocation Set 5.774ms
[2026-04-03T02:26:18.872+0600][45.517s][info][gc,phases   ] GC(46) y: Pause Relocate Start 0.022ms
[2026-04-03T02:26:18.876+0600][45.521s][info][gc,phases   ] GC(46) y: Concurrent Relocate 3.512ms
[2026-04-03T02:26:18.876+0600][45.521s][info][gc,alloc    ] GC(46) y:                         Mark Start        Mark End      Relocate Start    Relocate End   
[2026-04-03T02:26:18.876+0600][45.521s][info][gc,alloc    ] GC(46) y: Allocation Stalls:          0                4                0                0         
[2026-04-03T02:26:18.876+0600][45.521s][info][gc,load     ] GC(46) y: Load: 6.06 (50%) / 6.02 (50%) / 5.90 (49%)
[2026-04-03T02:26:18.876+0600][45.521s][info][gc,mmu      ] GC(46) y: MMU: 2ms/95.7%, 5ms/97.6%, 10ms/98.8%, 20ms/99.4%, 50ms/99.7%, 100ms/99.8%
[2026-04-03T02:26:18.876+0600][45.521s][info][gc,marking  ] GC(46) y: Mark: 1 stripe(s), 2 proactive flush(es), 1 terminate flush(es), 0 completion(s), 0 continuation(s) 
[2026-04-03T02:26:18.876+0600][45.521s][info][gc,marking  ] GC(46) y: Mark Stack Usage: 32M
[2026-04-03T02:26:18.876+0600][45.521s][info][gc,nmethod  ] GC(46) y: NMethods: 14434 registered, 1746 unregistered
[2026-04-03T02:26:18.876+0600][45.521s][info][gc,metaspace] GC(46) y: Metaspace: 127M used, 129M committed, 1152M reserved
[2026-04-03T02:26:18.876+0600][45.521s][info][gc,reloc    ] GC(46) y:                        Candidates     Selected     In-Place         Size        Empty    Relocated 
[2026-04-03T02:26:18.876+0600][45.521s][info][gc,reloc    ] GC(46) y: Small Pages:                  248           75            0         496M         338M           4M 
[2026-04-03T02:26:18.876+0600][45.521s][info][gc,reloc    ] GC(46) y: Medium Pages:                   3            0            0          96M          96M           0M 
[2026-04-03T02:26:18.876+0600][45.521s][info][gc,reloc    ] GC(46) y: Large Pages:                   22            0            0         132M         120M           0M 
[2026-04-03T02:26:18.876+0600][45.521s][info][gc,reloc    ] GC(46) y: Forwarding Usage: 0M
[2026-04-03T02:26:18.876+0600][45.521s][info][gc,reloc    ] GC(46) y: Age Table:
[2026-04-03T02:26:18.876+0600][45.521s][info][gc,reloc    ] GC(46) y:                    Live             Garbage             Small              Medium             Large        
[2026-04-03T02:26:18.876+0600][45.521s][info][gc,reloc    ] GC(46) y: Eden              15M (1%)          666M (53%)        243 / 72             2 / 0             22 / 0        
[2026-04-03T02:26:18.876+0600][45.521s][info][gc,reloc    ] GC(46) y: Survivor 1         2M (0%)           35M (3%)           3 / 1              1 / 0              0 / 0        
[2026-04-03T02:26:18.876+0600][45.521s][info][gc,reloc    ] GC(46) y: Survivor 2         0M (0%)            3M (0%)           2 / 2              0 / 0              0 / 0        
[2026-04-03T02:26:18.876+0600][45.521s][info][gc,heap     ] GC(46) y: Min Capacity: 8M(1%)
[2026-04-03T02:26:18.876+0600][45.521s][info][gc,heap     ] GC(46) y: Max Capacity: 1250M(100%)
[2026-04-03T02:26:18.876+0600][45.521s][info][gc,heap     ] GC(46) y: Soft Max Capacity: 1250M(100%)
[2026-04-03T02:26:18.877+0600][45.521s][info][gc,heap     ] GC(46) y: Heap Statistics:
[2026-04-03T02:26:18.877+0600][45.521s][info][gc,heap     ] GC(46) y:                Mark Start          Mark End        Relocate Start      Relocate End           High               Low         
[2026-04-03T02:26:18.877+0600][45.521s][info][gc,heap     ] GC(46) y:  Capacity:     1250M (100%)       1250M (100%)       1250M (100%)       1250M (100%)       1250M (100%)       1250M (100%)   
[2026-04-03T02:26:18.877+0600][45.521s][info][gc,heap     ] GC(46) y:      Free:      320M (26%)           2M (0%)          488M (39%)         620M (50%)         620M (50%)           2M (0%)     
[2026-04-03T02:26:18.877+0600][45.521s][info][gc,heap     ] GC(46) y:      Used:      930M (74%)        1248M (100%)        762M (61%)         630M (50%)        1248M (100%)        630M (50%)    
[2026-04-03T02:26:18.877+0600][45.521s][info][gc,heap     ] GC(46) y: Young Generation Statistics:
[2026-04-03T02:26:18.877+0600][45.521s][info][gc,heap     ] GC(46) y:                Mark Start          Mark End        Relocate Start      Relocate End    
[2026-04-03T02:26:18.877+0600][45.521s][info][gc,heap     ] GC(46) y:      Used:      724M (58%)        1042M (83%)         556M (44%)         424M (34%)    
[2026-04-03T02:26:18.877+0600][45.521s][info][gc,heap     ] GC(46) y:      Live:         -                18M (1%)           18M (1%)           18M (1%)     
[2026-04-03T02:26:18.877+0600][45.521s][info][gc,heap     ] GC(46) y:   Garbage:         -               705M (56%)         151M (12%)           0M (0%)     
[2026-04-03T02:26:18.877+0600][45.521s][info][gc,heap     ] GC(46) y: Allocated:         -               318M (25%)         386M (31%)         404M (32%)    
[2026-04-03T02:26:18.877+0600][45.521s][info][gc,heap     ] GC(46) y: Reclaimed:         -                  -               554M (44%)         704M (56%)    
[2026-04-03T02:26:18.877+0600][45.521s][info][gc,heap     ] GC(46) y:  Promoted:         -                  -                 0M (0%)            0M (0%)     
[2026-04-03T02:26:18.877+0600][45.521s][info][gc,heap     ] GC(46) y: Compacted:         -                  -                  -                 5M (0%)     
[2026-04-03T02:26:18.877+0600][45.521s][info][gc,phases   ] GC(46) y: Young Generation 930M(74%)->630M(50%) 0.043s
[2026-04-03T02:26:18.877+0600][45.521s][info][gc          ] GC(46) Minor Collection (Allocation Rate) 924M(74%)->630M(50%) 0.044s
[2026-04-03T02:26:18.942+0600][45.587s][info][gc          ] GC(47) Minor Collection (Allocation Rate)
[2026-04-03T02:26:18.942+0600][45.587s][info][gc,task     ] GC(47) Using 2 Workers for Young Generation
[2026-04-03T02:26:18.942+0600][45.587s][info][gc,phases   ] GC(47) y: Young Generation
[2026-04-03T02:26:18.943+0600][45.587s][info][gc,phases   ] GC(47) y: Pause Mark Start 0.021ms
[2026-04-03T02:26:18.971+0600][45.615s][info][gc,phases   ] GC(47) y: Concurrent Mark 27.674ms
[2026-04-03T02:26:18.971+0600][45.616s][info][gc,phases   ] GC(47) y: Pause Mark End 0.029ms
[2026-04-03T02:26:18.971+0600][45.616s][info][gc,phases   ] GC(47) y: Concurrent Mark Free 0.002ms
[2026-04-03T02:26:18.971+0600][45.616s][info][gc,phases   ] GC(47) y: Concurrent Reset Relocation Set 0.014ms
[2026-04-03T02:26:18.977+0600][45.622s][info][gc,reloc    ] GC(47) y: Using tenuring threshold: 4 (Computed)
[2026-04-03T02:26:18.978+0600][45.623s][info][gc,phases   ] GC(47) y: Concurrent Select Relocation Set 6.836ms
[2026-04-03T02:26:18.978+0600][45.623s][info][gc,phases   ] GC(47) y: Pause Relocate Start 0.022ms
[2026-04-03T02:26:18.983+0600][45.628s][info][gc,phases   ] GC(47) y: Concurrent Relocate 5.098ms
[2026-04-03T02:26:18.984+0600][45.628s][info][gc,alloc    ] GC(47) y:                         Mark Start        Mark End      Relocate Start    Relocate End   
[2026-04-03T02:26:18.984+0600][45.628s][info][gc,alloc    ] GC(47) y: Allocation Stalls:          0                0                0                0         
[2026-04-03T02:26:18.984+0600][45.628s][info][gc,load     ] GC(47) y: Load: 6.06 (50%) / 6.02 (50%) / 5.90 (49%)
[2026-04-03T02:26:18.984+0600][45.628s][info][gc,mmu      ] GC(47) y: MMU: 2ms/95.7%, 5ms/97.6%, 10ms/98.8%, 20ms/99.4%, 50ms/99.7%, 100ms/99.8%
[2026-04-03T02:26:18.984+0600][45.628s][info][gc,marking  ] GC(47) y: Mark: 2 stripe(s), 2 proactive flush(es), 1 terminate flush(es), 0 completion(s), 0 continuation(s) 
[2026-04-03T02:26:18.984+0600][45.628s][info][gc,marking  ] GC(47) y: Mark Stack Usage: 32M
[2026-04-03T02:26:18.984+0600][45.628s][info][gc,nmethod  ] GC(47) y: NMethods: 14448 registered, 1746 unregistered
[2026-04-03T02:26:18.984+0600][45.628s][info][gc,metaspace] GC(47) y: Metaspace: 127M used, 129M committed, 1152M reserved
[2026-04-03T02:26:18.984+0600][45.628s][info][gc,reloc    ] GC(47) y:                        Candidates     Selected     In-Place         Size        Empty    Relocated 
[2026-04-03T02:26:18.984+0600][45.628s][info][gc,reloc    ] GC(47) y: Small Pages:                   52           37            0         104M          20M           5M 
[2026-04-03T02:26:18.984+0600][45.628s][info][gc,reloc    ] GC(47) y: Medium Pages:                   1            0            0          32M          32M           0M 
[2026-04-03T02:26:18.984+0600][45.628s][info][gc,reloc    ] GC(47) y: Large Pages:                   77            0            0         462M         438M           0M 
[2026-04-03T02:26:18.984+0600][45.628s][info][gc,reloc    ] GC(47) y: Forwarding Usage: 0M
[2026-04-03T02:26:18.984+0600][45.628s][info][gc,reloc    ] GC(47) y: Age Table:
[2026-04-03T02:26:18.984+0600][45.628s][info][gc,reloc    ] GC(47) y:                    Live             Garbage             Small              Medium             Large        
[2026-04-03T02:26:18.984+0600][45.628s][info][gc,reloc    ] GC(47) y: Eden              27M (2%)          538M (43%)         42 / 31             1 / 0             75 / 0        
[2026-04-03T02:26:18.984+0600][45.628s][info][gc,reloc    ] GC(47) y: Survivor 1         2M (0%)           21M (2%)           6 / 4              0 / 0              2 / 0        
[2026-04-03T02:26:18.984+0600][45.628s][info][gc,reloc    ] GC(47) y: Survivor 2         2M (0%)            1M (0%)           2 / 1              0 / 0              0 / 0        
[2026-04-03T02:26:18.984+0600][45.628s][info][gc,reloc    ] GC(47) y: Survivor 3         0M (0%)            3M (0%)           2 / 1              0 / 0              0 / 0        
[2026-04-03T02:26:18.984+0600][45.628s][info][gc,heap     ] GC(47) y: Min Capacity: 8M(1%)
[2026-04-03T02:26:18.984+0600][45.628s][info][gc,heap     ] GC(47) y: Max Capacity: 1250M(100%)
[2026-04-03T02:26:18.984+0600][45.628s][info][gc,heap     ] GC(47) y: Soft Max Capacity: 1250M(100%)
[2026-04-03T02:26:18.984+0600][45.628s][info][gc,heap     ] GC(47) y: Heap Statistics:
[2026-04-03T02:26:18.984+0600][45.628s][info][gc,heap     ] GC(47) y:                Mark Start          Mark End        Relocate Start      Relocate End           High               Low         
[2026-04-03T02:26:18.984+0600][45.628s][info][gc,heap     ] GC(47) y:  Capacity:     1250M (100%)       1250M (100%)       1250M (100%)       1250M (100%)       1250M (100%)       1250M (100%)   
[2026-04-03T02:26:18.984+0600][45.628s][info][gc,heap     ] GC(47) y:      Free:      446M (36%)         208M (17%)         606M (48%)         660M (53%)         660M (53%)         208M (17%)    
[2026-04-03T02:26:18.984+0600][45.628s][info][gc,heap     ] GC(47) y:      Used:      804M (64%)        1042M (83%)         644M (52%)         590M (47%)        1042M (83%)         590M (47%)    
[2026-04-03T02:26:18.984+0600][45.628s][info][gc,heap     ] GC(47) y: Young Generation Statistics:
[2026-04-03T02:26:18.984+0600][45.629s][info][gc,heap     ] GC(47) y:                Mark Start          Mark End        Relocate Start      Relocate End    
[2026-04-03T02:26:18.984+0600][45.629s][info][gc,heap     ] GC(47) y:      Used:      598M (48%)         836M (67%)         438M (35%)         384M (31%)    
[2026-04-03T02:26:18.984+0600][45.629s][info][gc,heap     ] GC(47) y:      Live:         -                32M (3%)           32M (3%)           32M (3%)     
[2026-04-03T02:26:18.984+0600][45.629s][info][gc,heap     ] GC(47) y:   Garbage:         -               565M (45%)          75M (6%)            0M (0%)     
[2026-04-03T02:26:18.984+0600][45.629s][info][gc,heap     ] GC(47) y: Allocated:         -               238M (19%)         330M (26%)         351M (28%)    
[2026-04-03T02:26:18.984+0600][45.629s][info][gc,heap     ] GC(47) y: Reclaimed:         -                  -               490M (39%)         565M (45%)    
[2026-04-03T02:26:18.984+0600][45.629s][info][gc,heap     ] GC(47) y:  Promoted:         -                  -                 0M (0%)            0M (0%)     
[2026-04-03T02:26:18.984+0600][45.629s][info][gc,heap     ] GC(47) y: Compacted:         -                  -                  -                 6M (1%)     
[2026-04-03T02:26:18.984+0600][45.629s][info][gc,phases   ] GC(47) y: Young Generation 804M(64%)->590M(47%) 0.041s
[2026-04-03T02:26:18.984+0600][45.629s][info][gc          ] GC(47) Minor Collection (Allocation Rate) 804M(64%)->590M(47%) 0.042s
[2026-04-03T02:26:19.010+0600][45.654s][info][gc          ] GC(48) Minor Collection (Allocation Rate)
[2026-04-03T02:26:19.010+0600][45.654s][info][gc,task     ] GC(48) Using 3 Workers for Young Generation
[2026-04-03T02:26:19.010+0600][45.654s][info][gc,phases   ] GC(48) y: Young Generation
[2026-04-03T02:26:19.010+0600][45.655s][info][gc,phases   ] GC(48) y: Pause Mark Start 0.038ms
[2026-04-03T02:26:19.038+0600][45.683s][info][gc,phases   ] GC(48) y: Concurrent Mark 26.996ms
[2026-04-03T02:26:19.038+0600][45.683s][info][gc,phases   ] GC(48) y: Pause Mark End 0.021ms
[2026-04-03T02:26:19.038+0600][45.683s][info][gc,phases   ] GC(48) y: Concurrent Mark Free 0.003ms
[2026-04-03T02:26:19.038+0600][45.683s][info][gc,phases   ] GC(48) y: Concurrent Reset Relocation Set 0.009ms
[2026-04-03T02:26:19.041+0600][45.686s][info][gc,reloc    ] GC(48) y: Using tenuring threshold: 5 (Computed)
[2026-04-03T02:26:19.042+0600][45.687s][info][gc,phases   ] GC(48) y: Concurrent Select Relocation Set 3.611ms
[2026-04-03T02:26:19.042+0600][45.687s][info][gc,phases   ] GC(48) y: Pause Relocate Start 0.014ms
[2026-04-03T02:26:19.044+0600][45.689s][info][gc,phases   ] GC(48) y: Concurrent Relocate 2.217ms
[2026-04-03T02:26:19.044+0600][45.689s][info][gc,alloc    ] GC(48) y:                         Mark Start        Mark End      Relocate Start    Relocate End   
[2026-04-03T02:26:19.044+0600][45.689s][info][gc,alloc    ] GC(48) y: Allocation Stalls:          0                0                0                0         
[2026-04-03T02:26:19.044+0600][45.689s][info][gc,load     ] GC(48) y: Load: 6.06 (50%) / 6.02 (50%) / 5.90 (49%)
[2026-04-03T02:26:19.044+0600][45.689s][info][gc,mmu      ] GC(48) y: MMU: 2ms/95.7%, 5ms/97.6%, 10ms/98.8%, 20ms/99.4%, 50ms/99.7%, 100ms/99.8%
[2026-04-03T02:26:19.044+0600][45.689s][info][gc,marking  ] GC(48) y: Mark: 2 stripe(s), 2 proactive flush(es), 1 terminate flush(es), 0 completion(s), 0 continuation(s) 
[2026-04-03T02:26:19.044+0600][45.689s][info][gc,marking  ] GC(48) y: Mark Stack Usage: 32M
[2026-04-03T02:26:19.044+0600][45.689s][info][gc,nmethod  ] GC(48) y: NMethods: 14450 registered, 1746 unregistered
[2026-04-03T02:26:19.044+0600][45.689s][info][gc,metaspace] GC(48) y: Metaspace: 127M used, 129M committed, 1152M reserved
[2026-04-03T02:26:19.044+0600][45.689s][info][gc,reloc    ] GC(48) y:                        Candidates     Selected     In-Place         Size        Empty    Relocated 
[2026-04-03T02:26:19.044+0600][45.689s][info][gc,reloc    ] GC(48) y: Small Pages:                   48           33            0          96M          18M           5M 
[2026-04-03T02:26:19.045+0600][45.689s][info][gc,reloc    ] GC(48) y: Medium Pages:                   1            0            0          32M          32M           0M 
[2026-04-03T02:26:19.045+0600][45.689s][info][gc,reloc    ] GC(48) y: Large Pages:                   50            0            0         300M         300M           0M 
[2026-04-03T02:26:19.045+0600][45.689s][info][gc,reloc    ] GC(48) y: Forwarding Usage: 0M
[2026-04-03T02:26:19.045+0600][45.689s][info][gc,reloc    ] GC(48) y: Age Table:
[2026-04-03T02:26:19.045+0600][45.689s][info][gc,reloc    ] GC(48) y:                    Live             Garbage             Small              Medium             Large        
[2026-04-03T02:26:19.045+0600][45.689s][info][gc,reloc    ] GC(48) y: Eden               3M (0%)          372M (30%)         34 / 26             1 / 0             46 / 0        
[2026-04-03T02:26:19.045+0600][45.689s][info][gc,reloc    ] GC(48) y: Survivor 1         0M (0%)           35M (3%)           6 / 2              0 / 0              4 / 0        
[2026-04-03T02:26:19.045+0600][45.689s][info][gc,reloc    ] GC(48) y: Survivor 2         2M (0%)            7M (1%)           5 / 3              0 / 0              0 / 0        
[2026-04-03T02:26:19.045+0600][45.689s][info][gc,reloc    ] GC(48) y: Survivor 3         2M (0%)            1M (0%)           2 / 1              0 / 0              0 / 0        
[2026-04-03T02:26:19.045+0600][45.689s][info][gc,reloc    ] GC(48) y: Survivor 4         0M (0%)            1M (0%)           1 / 1              0 / 0              0 / 0        
[2026-04-03T02:26:19.045+0600][45.689s][info][gc,heap     ] GC(48) y: Min Capacity: 8M(1%)
[2026-04-03T02:26:19.045+0600][45.689s][info][gc,heap     ] GC(48) y: Max Capacity: 1250M(100%)
[2026-04-03T02:26:19.045+0600][45.689s][info][gc,heap     ] GC(48) y: Soft Max Capacity: 1250M(100%)
[2026-04-03T02:26:19.045+0600][45.689s][info][gc,heap     ] GC(48) y: Heap Statistics:
[2026-04-03T02:26:19.045+0600][45.689s][info][gc,heap     ] GC(48) y:                Mark Start          Mark End        Relocate Start      Relocate End           High               Low         
[2026-04-03T02:26:19.045+0600][45.689s][info][gc,heap     ] GC(48) y:  Capacity:     1250M (100%)       1250M (100%)       1250M (100%)       1250M (100%)       1250M (100%)       1250M (100%)   
[2026-04-03T02:26:19.045+0600][45.689s][info][gc,heap     ] GC(48) y:      Free:      616M (49%)         558M (45%)         906M (72%)         962M (77%)         962M (77%)         466M (37%)    
[2026-04-03T02:26:19.045+0600][45.689s][info][gc,heap     ] GC(48) y:      Used:      634M (51%)         692M (55%)         344M (28%)         288M (23%)         784M (63%)         288M (23%)    
[2026-04-03T02:26:19.045+0600][45.689s][info][gc,heap     ] GC(48) y: Young Generation Statistics:
[2026-04-03T02:26:19.045+0600][45.689s][info][gc,heap     ] GC(48) y:                Mark Start          Mark End        Relocate Start      Relocate End    
[2026-04-03T02:26:19.045+0600][45.689s][info][gc,heap     ] GC(48) y:      Used:      428M (34%)         486M (39%)         138M (11%)          82M (7%)     
[2026-04-03T02:26:19.045+0600][45.689s][info][gc,heap     ] GC(48) y:      Live:         -                 9M (1%)            9M (1%)            9M (1%)     
[2026-04-03T02:26:19.045+0600][45.689s][info][gc,heap     ] GC(48) y:   Garbage:         -               418M (34%)          68M (6%)            1M (0%)     
[2026-04-03T02:26:19.045+0600][45.689s][info][gc,heap     ] GC(48) y: Allocated:         -                58M (5%)           60M (5%)           71M (6%)     
[2026-04-03T02:26:19.045+0600][45.690s][info][gc,heap     ] GC(48) y: Reclaimed:         -                  -               350M (28%)         417M (33%)    
[2026-04-03T02:26:19.045+0600][45.690s][info][gc,heap     ] GC(48) y:  Promoted:         -                  -                 0M (0%)            0M (0%)     
[2026-04-03T02:26:19.045+0600][45.690s][info][gc,heap     ] GC(48) y: Compacted:         -                  -                  -                 6M (1%)     
[2026-04-03T02:26:19.045+0600][45.690s][info][gc,phases   ] GC(48) y: Young Generation 634M(51%)->288M(23%) 0.035s
[2026-04-03T02:26:19.045+0600][45.690s][info][gc          ] GC(48) Minor Collection (Allocation Rate) 634M(51%)->288M(23%) 0.035s
[2026-04-03T02:26:19.194+0600][45.838s][info][gc          ] GC(49) Minor Collection (Allocation Rate)
[2026-04-03T02:26:19.194+0600][45.838s][info][gc,task     ] GC(49) Using 3 Workers for Young Generation
[2026-04-03T02:26:19.194+0600][45.838s][info][gc,phases   ] GC(49) y: Young Generation
[2026-04-03T02:26:19.194+0600][45.839s][info][gc,phases   ] GC(49) y: Pause Mark Start 0.023ms
[2026-04-03T02:26:19.215+0600][45.860s][info][gc,phases   ] GC(49) y: Concurrent Mark 21.256ms
[2026-04-03T02:26:19.216+0600][45.860s][info][gc,phases   ] GC(49) y: Pause Mark End 0.024ms
[2026-04-03T02:26:19.216+0600][45.860s][info][gc,phases   ] GC(49) y: Concurrent Mark Free 0.002ms
[2026-04-03T02:26:19.216+0600][45.860s][info][gc,phases   ] GC(49) y: Concurrent Reset Relocation Set 0.011ms
[2026-04-03T02:26:19.217+0600][45.862s][info][gc,reloc    ] GC(49) y: Using tenuring threshold: 6 (Computed)
[2026-04-03T02:26:19.218+0600][45.862s][info][gc,phases   ] GC(49) y: Concurrent Select Relocation Set 1.979ms
[2026-04-03T02:26:19.218+0600][45.862s][info][gc,phases   ] GC(49) y: Pause Relocate Start 0.033ms
[2026-04-03T02:26:19.220+0600][45.865s][info][gc,phases   ] GC(49) y: Concurrent Relocate 2.258ms
[2026-04-03T02:26:19.220+0600][45.865s][info][gc,alloc    ] GC(49) y:                         Mark Start        Mark End      Relocate Start    Relocate End   
[2026-04-03T02:26:19.220+0600][45.865s][info][gc,alloc    ] GC(49) y: Allocation Stalls:          0                0                0                0         
[2026-04-03T02:26:19.220+0600][45.865s][info][gc,load     ] GC(49) y: Load: 6.06 (50%) / 6.02 (50%) / 5.90 (49%)
[2026-04-03T02:26:19.220+0600][45.865s][info][gc,mmu      ] GC(49) y: MMU: 2ms/95.7%, 5ms/97.6%, 10ms/98.8%, 20ms/99.4%, 50ms/99.7%, 100ms/99.8%
[2026-04-03T02:26:19.220+0600][45.865s][info][gc,marking  ] GC(49) y: Mark: 2 stripe(s), 2 proactive flush(es), 1 terminate flush(es), 0 completion(s), 0 continuation(s) 
[2026-04-03T02:26:19.220+0600][45.865s][info][gc,marking  ] GC(49) y: Mark Stack Usage: 32M
[2026-04-03T02:26:19.220+0600][45.865s][info][gc,nmethod  ] GC(49) y: NMethods: 14493 registered, 1746 unregistered
[2026-04-03T02:26:19.220+0600][45.865s][info][gc,metaspace] GC(49) y: Metaspace: 127M used, 129M committed, 1152M reserved
[2026-04-03T02:26:19.220+0600][45.865s][info][gc,reloc    ] GC(49) y:                        Candidates     Selected     In-Place         Size        Empty    Relocated 
[2026-04-03T02:26:19.220+0600][45.865s][info][gc,reloc    ] GC(49) y: Small Pages:                   56           47            0         112M           8M           4M 
[2026-04-03T02:26:19.220+0600][45.865s][info][gc,reloc    ] GC(49) y: Medium Pages:                   2            0            0          64M          32M           0M 
[2026-04-03T02:26:19.220+0600][45.865s][info][gc,reloc    ] GC(49) y: Large Pages:                    4            0            0          24M          24M           0M 
[2026-04-03T02:26:19.220+0600][45.865s][info][gc,reloc    ] GC(49) y: Forwarding Usage: 0M
[2026-04-03T02:26:19.220+0600][45.865s][info][gc,reloc    ] GC(49) y: Age Table:
[2026-04-03T02:26:19.220+0600][45.865s][info][gc,reloc    ] GC(49) y:                    Live             Garbage             Small              Medium             Large        
[2026-04-03T02:26:19.220+0600][45.865s][info][gc,reloc    ] GC(49) y: Eden               5M (0%)          172M (14%)         45 / 39             2 / 0              4 / 0        
[2026-04-03T02:26:19.220+0600][45.865s][info][gc,reloc    ] GC(49) y: Survivor 1         0M (0%)            5M (0%)           3 / 3              0 / 0              0 / 0        
[2026-04-03T02:26:19.220+0600][45.865s][info][gc,reloc    ] GC(49) y: Survivor 2         0M (0%)            1M (0%)           1 / 1              0 / 0              0 / 0        
[2026-04-03T02:26:19.220+0600][45.865s][info][gc,reloc    ] GC(49) y: Survivor 3         2M (0%)            5M (0%)           4 / 2              0 / 0              0 / 0        
[2026-04-03T02:26:19.220+0600][45.865s][info][gc,reloc    ] GC(49) y: Survivor 4         2M (0%)            1M (0%)           2 / 1              0 / 0              0 / 0        
[2026-04-03T02:26:19.220+0600][45.865s][info][gc,reloc    ] GC(49) y: Survivor 5         0M (0%)            1M (0%)           1 / 1              0 / 0              0 / 0        
[2026-04-03T02:26:19.220+0600][45.865s][info][gc,heap     ] GC(49) y: Min Capacity: 8M(1%)
[2026-04-03T02:26:19.220+0600][45.865s][info][gc,heap     ] GC(49) y: Max Capacity: 1250M(100%)
[2026-04-03T02:26:19.220+0600][45.865s][info][gc,heap     ] GC(49) y: Soft Max Capacity: 1250M(100%)
[2026-04-03T02:26:19.220+0600][45.865s][info][gc,heap     ] GC(49) y: Heap Statistics:
[2026-04-03T02:26:19.220+0600][45.865s][info][gc,heap     ] GC(49) y:                Mark Start          Mark End        Relocate Start      Relocate End           High               Low         
[2026-04-03T02:26:19.220+0600][45.865s][info][gc,heap     ] GC(49) y:  Capacity:     1250M (100%)       1250M (100%)       1250M (100%)       1250M (100%)       1250M (100%)       1250M (100%)   
[2026-04-03T02:26:19.220+0600][45.865s][info][gc,heap     ] GC(49) y:      Free:      844M (68%)         826M (66%)         890M (71%)         966M (77%)         970M (78%)         826M (66%)    
[2026-04-03T02:26:19.220+0600][45.865s][info][gc,heap     ] GC(49) y:      Used:      406M (32%)         424M (34%)         360M (29%)         284M (23%)         424M (34%)         280M (22%)    
[2026-04-03T02:26:19.220+0600][45.865s][info][gc,heap     ] GC(49) y: Young Generation Statistics:
[2026-04-03T02:26:19.220+0600][45.865s][info][gc,heap     ] GC(49) y:                Mark Start          Mark End        Relocate Start      Relocate End    
[2026-04-03T02:26:19.220+0600][45.865s][info][gc,heap     ] GC(49) y:      Used:      200M (16%)         218M (17%)         154M (12%)          78M (6%)     
[2026-04-03T02:26:19.220+0600][45.865s][info][gc,heap     ] GC(49) y:      Live:         -                12M (1%)           12M (1%)           12M (1%)     
[2026-04-03T02:26:19.220+0600][45.865s][info][gc,heap     ] GC(49) y:   Garbage:         -               187M (15%)         123M (10%)          29M (2%)     
[2026-04-03T02:26:19.220+0600][45.865s][info][gc,heap     ] GC(49) y: Allocated:         -                18M (1%)           18M (1%)           36M (3%)     
[2026-04-03T02:26:19.220+0600][45.865s][info][gc,heap     ] GC(49) y: Reclaimed:         -                  -                64M (5%)          158M (13%)    
[2026-04-03T02:26:19.220+0600][45.865s][info][gc,heap     ] GC(49) y:  Promoted:         -                  -                 0M (0%)            0M (0%)     
[2026-04-03T02:26:19.220+0600][45.865s][info][gc,heap     ] GC(49) y: Compacted:         -                  -                  -                 5M (0%)     
[2026-04-03T02:26:19.220+0600][45.865s][info][gc,phases   ] GC(49) y: Young Generation 406M(32%)->284M(23%) 0.026s
[2026-04-03T02:26:19.220+0600][45.865s][info][gc          ] GC(49) Minor Collection (Allocation Rate) 406M(32%)->284M(23%) 0.027s
[2026-04-03T02:26:19.336+0600][45.981s][info][gc          ] GC(50) Minor Collection (Allocation Rate)
[2026-04-03T02:26:19.336+0600][45.981s][info][gc,task     ] GC(50) Using 2 Workers for Young Generation
[2026-04-03T02:26:19.336+0600][45.981s][info][gc,phases   ] GC(50) y: Young Generation
[2026-04-03T02:26:19.337+0600][45.981s][info][gc,phases   ] GC(50) y: Pause Mark Start 0.014ms
[2026-04-03T02:26:19.357+0600][46.002s][info][gc,phases   ] GC(50) y: Concurrent Mark 20.454ms
[2026-04-03T02:26:19.357+0600][46.002s][info][gc,phases   ] GC(50) y: Pause Mark End 0.018ms
[2026-04-03T02:26:19.357+0600][46.002s][info][gc,phases   ] GC(50) y: Concurrent Mark Free 0.001ms
[2026-04-03T02:26:19.357+0600][46.002s][info][gc,phases   ] GC(50) y: Concurrent Reset Relocation Set 0.007ms
[2026-04-03T02:26:19.359+0600][46.004s][info][gc,reloc    ] GC(50) y: Using tenuring threshold: 4 (Computed)
[2026-04-03T02:26:19.361+0600][46.005s][info][gc,phases   ] GC(50) y: Concurrent Select Relocation Set 3.392ms
[2026-04-03T02:26:19.361+0600][46.006s][info][gc,phases   ] GC(50) y: Pause Relocate Start 0.014ms
[2026-04-03T02:26:19.366+0600][46.011s][info][gc,phases   ] GC(50) y: Concurrent Relocate 4.852ms
[2026-04-03T02:26:19.366+0600][46.011s][info][gc,alloc    ] GC(50) y:                         Mark Start        Mark End      Relocate Start    Relocate End   
[2026-04-03T02:26:19.366+0600][46.011s][info][gc,alloc    ] GC(50) y: Allocation Stalls:          0                0                0                0         
[2026-04-03T02:26:19.366+0600][46.011s][info][gc,load     ] GC(50) y: Load: 6.06 (50%) / 6.02 (50%) / 5.90 (49%)
[2026-04-03T02:26:19.366+0600][46.011s][info][gc,mmu      ] GC(50) y: MMU: 2ms/95.7%, 5ms/97.6%, 10ms/98.8%, 20ms/99.4%, 50ms/99.7%, 100ms/99.8%
[2026-04-03T02:26:19.366+0600][46.011s][info][gc,marking  ] GC(50) y: Mark: 2 stripe(s), 2 proactive flush(es), 1 terminate flush(es), 0 completion(s), 0 continuation(s) 
[2026-04-03T02:26:19.366+0600][46.011s][info][gc,marking  ] GC(50) y: Mark Stack Usage: 32M
[2026-04-03T02:26:19.366+0600][46.011s][info][gc,nmethod  ] GC(50) y: NMethods: 14502 registered, 1746 unregistered
[2026-04-03T02:26:19.366+0600][46.011s][info][gc,metaspace] GC(50) y: Metaspace: 127M used, 129M committed, 1152M reserved
[2026-04-03T02:26:19.366+0600][46.011s][info][gc,reloc    ] GC(50) y:                        Candidates     Selected     In-Place         Size        Empty    Relocated 
[2026-04-03T02:26:19.366+0600][46.011s][info][gc,reloc    ] GC(50) y: Small Pages:                   55           46            0         110M           8M           3M 
[2026-04-03T02:26:19.366+0600][46.011s][info][gc,reloc    ] GC(50) y: Medium Pages:                   1            0            0          32M          32M           0M 
[2026-04-03T02:26:19.366+0600][46.011s][info][gc,reloc    ] GC(50) y: Large Pages:                    1            0            0           6M           6M           0M 
[2026-04-03T02:26:19.366+0600][46.011s][info][gc,reloc    ] GC(50) y: Forwarding Usage: 0M
[2026-04-03T02:26:19.366+0600][46.011s][info][gc,reloc    ] GC(50) y: Age Table:
[2026-04-03T02:26:19.366+0600][46.011s][info][gc,reloc    ] GC(50) y:                    Live             Garbage             Small              Medium             Large        
[2026-04-03T02:26:19.366+0600][46.011s][info][gc,reloc    ] GC(50) y: Eden               0M (0%)           93M (8%)          44 / 39             0 / 0              1 / 0        
[2026-04-03T02:26:19.366+0600][46.011s][info][gc,reloc    ] GC(50) y: Survivor 1         0M (0%)           37M (3%)           3 / 3              1 / 0              0 / 0        
[2026-04-03T02:26:19.366+0600][46.011s][info][gc,reloc    ] GC(50) y: Survivor 2         0M (0%)            1M (0%)           1 / 1              0 / 0              0 / 0        
[2026-04-03T02:26:19.366+0600][46.011s][info][gc,reloc    ] GC(50) y: Survivor 3         0M (0%)            1M (0%)           1 / 1              0 / 0              0 / 0        
[2026-04-03T02:26:19.366+0600][46.011s][info][gc,reloc    ] GC(50) y: Survivor 4         2M (0%)            3M (0%)           3 / 1              0 / 0              0 / 0        
[2026-04-03T02:26:19.366+0600][46.011s][info][gc,reloc    ] GC(50) y: Survivor 5         2M (0%)            1M (0%)           2 / 1              0 / 0              0 / 0        
[2026-04-03T02:26:19.366+0600][46.011s][info][gc,reloc    ] GC(50) y: Survivor 6         0M (0%)            1M (0%)           1 / 0              0 / 0              0 / 0        
[2026-04-03T02:26:19.366+0600][46.011s][info][gc,heap     ] GC(50) y: Min Capacity: 8M(1%)
[2026-04-03T02:26:19.366+0600][46.011s][info][gc,heap     ] GC(50) y: Max Capacity: 1250M(100%)
[2026-04-03T02:26:19.366+0600][46.011s][info][gc,heap     ] GC(50) y: Soft Max Capacity: 1250M(100%)
[2026-04-03T02:26:19.366+0600][46.011s][info][gc,heap     ] GC(50) y: Heap Statistics:
[2026-04-03T02:26:19.366+0600][46.011s][info][gc,heap     ] GC(50) y:                Mark Start          Mark End        Relocate Start      Relocate End           High               Low         
[2026-04-03T02:26:19.366+0600][46.011s][info][gc,heap     ] GC(50) y:  Capacity:     1250M (100%)       1250M (100%)       1250M (100%)       1250M (100%)       1250M (100%)       1250M (100%)   
[2026-04-03T02:26:19.366+0600][46.011s][info][gc,heap     ] GC(50) y:      Free:      896M (72%)         886M (71%)         930M (74%)        1010M (81%)        1010M (81%)         884M (71%)    
[2026-04-03T02:26:19.366+0600][46.011s][info][gc,heap     ] GC(50) y:      Used:      354M (28%)         364M (29%)         320M (26%)         240M (19%)         366M (29%)         240M (19%)    
[2026-04-03T02:26:19.366+0600][46.011s][info][gc,heap     ] GC(50) y: Young Generation Statistics:
[2026-04-03T02:26:19.366+0600][46.011s][info][gc,heap     ] GC(50) y:                Mark Start          Mark End        Relocate Start      Relocate End    
[2026-04-03T02:26:19.366+0600][46.011s][info][gc,heap     ] GC(50) y:      Used:      148M (12%)         158M (13%)         110M (9%)           26M (2%)     
[2026-04-03T02:26:19.366+0600][46.011s][info][gc,heap     ] GC(50) y:      Live:         -                 7M (1%)            4M (0%)            2M (0%)     
[2026-04-03T02:26:19.366+0600][46.011s][info][gc,heap     ] GC(50) y:   Garbage:         -               140M (11%)          93M (7%)            0M (0%)     
[2026-04-03T02:26:19.366+0600][46.011s][info][gc,heap     ] GC(50) y: Allocated:         -                10M (1%)           12M (1%)           23M (2%)     
[2026-04-03T02:26:19.366+0600][46.011s][info][gc,heap     ] GC(50) y: Reclaimed:         -                  -                47M (4%)          140M (11%)    
[2026-04-03T02:26:19.366+0600][46.011s][info][gc,heap     ] GC(50) y:  Promoted:         -                  -                 2M (0%)            5M (0%)     
[2026-04-03T02:26:19.366+0600][46.011s][info][gc,heap     ] GC(50) y: Compacted:         -                  -                  -                 2M (0%)     
[2026-04-03T02:26:19.366+0600][46.011s][info][gc,phases   ] GC(50) y: Young Generation 354M(28%)->240M(19%) 0.030s
[2026-04-03T02:26:19.366+0600][46.011s][info][gc          ] GC(50) Minor Collection (Allocation Rate) 354M(28%)->240M(19%) 0.030s
[2026-04-03T02:26:19.847+0600][46.492s][info][gc          ] GC(51) Minor Collection (Allocation Rate)
[2026-04-03T02:26:19.847+0600][46.492s][info][gc,task     ] GC(51) Using 2 Workers for Young Generation
[2026-04-03T02:26:19.847+0600][46.492s][info][gc,phases   ] GC(51) y: Young Generation
[2026-04-03T02:26:19.847+0600][46.492s][info][gc,phases   ] GC(51) y: Pause Mark Start 0.023ms
[2026-04-03T02:26:19.880+0600][46.525s][info][gc,phases   ] GC(51) y: Concurrent Mark 32.615ms
[2026-04-03T02:26:19.881+0600][46.525s][info][gc,phases   ] GC(51) y: Pause Mark End 0.025ms
[2026-04-03T02:26:19.881+0600][46.525s][info][gc,phases   ] GC(51) y: Concurrent Mark Free 0.001ms
[2026-04-03T02:26:19.881+0600][46.525s][info][gc,phases   ] GC(51) y: Concurrent Reset Relocation Set 0.016ms
[2026-04-03T02:26:19.884+0600][46.528s][info][gc,reloc    ] GC(51) y: Using tenuring threshold: 2 (Computed)
[2026-04-03T02:26:19.885+0600][46.529s][info][gc,phases   ] GC(51) y: Concurrent Select Relocation Set 3.879ms
[2026-04-03T02:26:19.885+0600][46.529s][info][gc,phases   ] GC(51) y: Pause Relocate Start 0.020ms
[2026-04-03T02:26:19.890+0600][46.535s][info][gc,phases   ] GC(51) y: Concurrent Relocate 5.622ms
[2026-04-03T02:26:19.890+0600][46.535s][info][gc,alloc    ] GC(51) y:                         Mark Start        Mark End      Relocate Start    Relocate End   
[2026-04-03T02:26:19.891+0600][46.535s][info][gc,alloc    ] GC(51) y: Allocation Stalls:          0                0                0                0         
[2026-04-03T02:26:19.891+0600][46.535s][info][gc,load     ] GC(51) y: Load: 6.29 (52%) / 6.07 (51%) / 5.92 (49%)
[2026-04-03T02:26:19.891+0600][46.535s][info][gc,mmu      ] GC(51) y: MMU: 2ms/95.7%, 5ms/97.6%, 10ms/98.8%, 20ms/99.4%, 50ms/99.7%, 100ms/99.8%
[2026-04-03T02:26:19.891+0600][46.535s][info][gc,marking  ] GC(51) y: Mark: 2 stripe(s), 2 proactive flush(es), 1 terminate flush(es), 0 completion(s), 0 continuation(s) 
[2026-04-03T02:26:19.891+0600][46.535s][info][gc,marking  ] GC(51) y: Mark Stack Usage: 32M
[2026-04-03T02:26:19.891+0600][46.535s][info][gc,nmethod  ] GC(51) y: NMethods: 14515 registered, 1746 unregistered
[2026-04-03T02:26:19.891+0600][46.535s][info][gc,metaspace] GC(51) y: Metaspace: 127M used, 129M committed, 1152M reserved
[2026-04-03T02:26:19.891+0600][46.535s][info][gc,reloc    ] GC(51) y:                        Candidates     Selected     In-Place         Size        Empty    Relocated 
[2026-04-03T02:26:19.891+0600][46.535s][info][gc,reloc    ] GC(51) y: Small Pages:                  157          117            0         314M          72M           5M 
[2026-04-03T02:26:19.891+0600][46.535s][info][gc,reloc    ] GC(51) y: Medium Pages:                   2            0            0          64M          64M           0M 
[2026-04-03T02:26:19.891+0600][46.535s][info][gc,reloc    ] GC(51) y: Large Pages:                    6            0            0          36M          36M           0M 
[2026-04-03T02:26:19.891+0600][46.535s][info][gc,reloc    ] GC(51) y: Forwarding Usage: 1M
[2026-04-03T02:26:19.891+0600][46.535s][info][gc,reloc    ] GC(51) y: Age Table:
[2026-04-03T02:26:19.891+0600][46.535s][info][gc,reloc    ] GC(51) y:                    Live             Garbage             Small              Medium             Large        
[2026-04-03T02:26:19.891+0600][46.535s][info][gc,reloc    ] GC(51) y: Eden               3M (0%)          398M (32%)        151 / 112            2 / 0              6 / 0        
[2026-04-03T02:26:19.891+0600][46.535s][info][gc,reloc    ] GC(51) y: Survivor 1         0M (0%)            3M (0%)           2 / 2              0 / 0              0 / 0        
[2026-04-03T02:26:19.891+0600][46.535s][info][gc,reloc    ] GC(51) y: Survivor 2         0M (0%)            3M (0%)           2 / 1              0 / 0              0 / 0        
[2026-04-03T02:26:19.891+0600][46.535s][info][gc,reloc    ] GC(51) y: Survivor 3         0M (0%)            1M (0%)           1 / 1              0 / 0              0 / 0        
[2026-04-03T02:26:19.891+0600][46.535s][info][gc,reloc    ] GC(51) y: Survivor 4         0M (0%)            1M (0%)           1 / 1              0 / 0              0 / 0        
[2026-04-03T02:26:19.891+0600][46.535s][info][gc,heap     ] GC(51) y: Min Capacity: 8M(1%)
[2026-04-03T02:26:19.891+0600][46.535s][info][gc,heap     ] GC(51) y: Max Capacity: 1250M(100%)
[2026-04-03T02:26:19.891+0600][46.535s][info][gc,heap     ] GC(51) y: Soft Max Capacity: 1250M(100%)
[2026-04-03T02:26:19.891+0600][46.535s][info][gc,heap     ] GC(51) y: Heap Statistics:
[2026-04-03T02:26:19.891+0600][46.535s][info][gc,heap     ] GC(51) y:                Mark Start          Mark End        Relocate Start      Relocate End           High               Low         
[2026-04-03T02:26:19.891+0600][46.535s][info][gc,heap     ] GC(51) y:  Capacity:     1250M (100%)       1250M (100%)       1250M (100%)       1250M (100%)       1250M (100%)       1250M (100%)   
[2026-04-03T02:26:19.891+0600][46.535s][info][gc,heap     ] GC(51) y:      Free:      622M (50%)         570M (46%)         740M (59%)         958M (77%)         958M (77%)         568M (45%)    
[2026-04-03T02:26:19.891+0600][46.535s][info][gc,heap     ] GC(51) y:      Used:      628M (50%)         680M (54%)         510M (41%)         292M (23%)         682M (55%)         292M (23%)    
[2026-04-03T02:26:19.891+0600][46.535s][info][gc,heap     ] GC(51) y: Young Generation Statistics:
[2026-04-03T02:26:19.891+0600][46.536s][info][gc,heap     ] GC(51) y:                Mark Start          Mark End        Relocate Start      Relocate End    
[2026-04-03T02:26:19.891+0600][46.536s][info][gc,heap     ] GC(51) y:      Used:      414M (33%)         466M (37%)         296M (24%)          74M (6%)     
[2026-04-03T02:26:19.891+0600][46.536s][info][gc,heap     ] GC(51) y:      Live:         -                 6M (1%)            6M (1%)            4M (0%)     
[2026-04-03T02:26:19.891+0600][46.536s][info][gc,heap     ] GC(51) y:   Garbage:         -               407M (33%)         235M (19%)           0M (0%)     
[2026-04-03T02:26:19.891+0600][46.536s][info][gc,heap     ] GC(51) y: Allocated:         -                52M (4%)           54M (4%)           69M (6%)     
[2026-04-03T02:26:19.891+0600][46.536s][info][gc,heap     ] GC(51) y: Reclaimed:         -                  -               172M (14%)         407M (33%)    
[2026-04-03T02:26:19.891+0600][46.536s][info][gc,heap     ] GC(51) y:  Promoted:         -                  -                 0M (0%)            2M (0%)     
[2026-04-03T02:26:19.891+0600][46.536s][info][gc,heap     ] GC(51) y: Compacted:         -                  -                  -                 4M (0%)     
[2026-04-03T02:26:19.891+0600][46.536s][info][gc,phases   ] GC(51) y: Young Generation 628M(50%)->292M(23%) 0.043s
[2026-04-03T02:26:19.891+0600][46.536s][info][gc          ] GC(51) Minor Collection (Allocation Rate) 628M(50%)->292M(23%) 0.044s
[2026-04-03T02:26:20.174+0600][46.818s][info][gc          ] GC(52) Minor Collection (Allocation Rate)
[2026-04-03T02:26:20.174+0600][46.818s][info][gc,task     ] GC(52) Using 2 Workers for Young Generation
[2026-04-03T02:26:20.174+0600][46.818s][info][gc,phases   ] GC(52) y: Young Generation
[2026-04-03T02:26:20.174+0600][46.819s][info][gc,phases   ] GC(52) y: Pause Mark Start 0.019ms
[2026-04-03T02:26:20.194+0600][46.838s][info][gc,phases   ] GC(52) y: Concurrent Mark 19.553ms
[2026-04-03T02:26:20.194+0600][46.839s][info][gc,phases   ] GC(52) y: Pause Mark End 0.025ms
[2026-04-03T02:26:20.194+0600][46.839s][info][gc,phases   ] GC(52) y: Concurrent Mark Free 0.002ms
[2026-04-03T02:26:20.194+0600][46.839s][info][gc,phases   ] GC(52) y: Concurrent Reset Relocation Set 0.020ms
[2026-04-03T02:26:20.196+0600][46.841s][info][gc,reloc    ] GC(52) y: Using tenuring threshold: 3 (Computed)
[2026-04-03T02:26:20.197+0600][46.841s][info][gc,phases   ] GC(52) y: Concurrent Select Relocation Set 2.478ms
[2026-04-03T02:26:20.197+0600][46.841s][info][gc,phases   ] GC(52) y: Pause Relocate Start 0.015ms
[2026-04-03T02:26:20.198+0600][46.843s][info][gc,phases   ] GC(52) y: Concurrent Relocate 1.607ms
[2026-04-03T02:26:20.198+0600][46.843s][info][gc,alloc    ] GC(52) y:                         Mark Start        Mark End      Relocate Start    Relocate End   
[2026-04-03T02:26:20.198+0600][46.843s][info][gc,alloc    ] GC(52) y: Allocation Stalls:          0                0                0                0         
[2026-04-03T02:26:20.199+0600][46.843s][info][gc,load     ] GC(52) y: Load: 6.29 (52%) / 6.07 (51%) / 5.92 (49%)
[2026-04-03T02:26:20.199+0600][46.843s][info][gc,mmu      ] GC(52) y: MMU: 2ms/95.7%, 5ms/97.6%, 10ms/98.8%, 20ms/99.4%, 50ms/99.7%, 100ms/99.8%
[2026-04-03T02:26:20.199+0600][46.843s][info][gc,marking  ] GC(52) y: Mark: 2 stripe(s), 2 proactive flush(es), 1 terminate flush(es), 0 completion(s), 0 continuation(s) 
[2026-04-03T02:26:20.199+0600][46.843s][info][gc,marking  ] GC(52) y: Mark Stack Usage: 32M
[2026-04-03T02:26:20.199+0600][46.843s][info][gc,nmethod  ] GC(52) y: NMethods: 14528 registered, 1746 unregistered
[2026-04-03T02:26:20.199+0600][46.843s][info][gc,metaspace] GC(52) y: Metaspace: 127M used, 129M committed, 1152M reserved
[2026-04-03T02:26:20.199+0600][46.843s][info][gc,reloc    ] GC(52) y:                        Candidates     Selected     In-Place         Size        Empty    Relocated 
[2026-04-03T02:26:20.199+0600][46.843s][info][gc,reloc    ] GC(52) y: Small Pages:                   90           64            0         180M          48M           1M 
[2026-04-03T02:26:20.199+0600][46.843s][info][gc,reloc    ] GC(52) y: Medium Pages:                   2            0            0          64M          64M           0M 
[2026-04-03T02:26:20.199+0600][46.843s][info][gc,reloc    ] GC(52) y: Large Pages:                    5            0            0          30M          24M           0M 
[2026-04-03T02:26:20.199+0600][46.843s][info][gc,reloc    ] GC(52) y: Forwarding Usage: 0M
[2026-04-03T02:26:20.199+0600][46.843s][info][gc,reloc    ] GC(52) y: Age Table:
[2026-04-03T02:26:20.199+0600][46.843s][info][gc,reloc    ] GC(52) y:                    Live             Garbage             Small              Medium             Large        
[2026-04-03T02:26:20.199+0600][46.843s][info][gc,reloc    ] GC(52) y: Eden               6M (1%)          247M (20%)         80 / 60             2 / 0              5 / 0        
[2026-04-03T02:26:20.199+0600][46.843s][info][gc,reloc    ] GC(52) y: Survivor 1         1M (0%)           14M (1%)           8 / 2              0 / 0              0 / 0        
[2026-04-03T02:26:20.199+0600][46.843s][info][gc,reloc    ] GC(52) y: Survivor 2         0M (0%)            3M (0%)           2 / 2              0 / 0              0 / 0        
[2026-04-03T02:26:20.199+0600][46.843s][info][gc,heap     ] GC(52) y: Min Capacity: 8M(1%)
[2026-04-03T02:26:20.199+0600][46.843s][info][gc,heap     ] GC(52) y: Max Capacity: 1250M(100%)
[2026-04-03T02:26:20.199+0600][46.844s][info][gc,heap     ] GC(52) y: Soft Max Capacity: 1250M(100%)
[2026-04-03T02:26:20.199+0600][46.844s][info][gc,heap     ] GC(52) y: Heap Statistics:
[2026-04-03T02:26:20.199+0600][46.844s][info][gc,heap     ] GC(52) y:                Mark Start          Mark End        Relocate Start      Relocate End           High               Low         
[2026-04-03T02:26:20.199+0600][46.844s][info][gc,heap     ] GC(52) y:  Capacity:     1250M (100%)       1250M (100%)       1250M (100%)       1250M (100%)       1250M (100%)       1250M (100%)   
[2026-04-03T02:26:20.199+0600][46.844s][info][gc,heap     ] GC(52) y:      Free:      758M (61%)         726M (58%)         862M (69%)         982M (79%)         982M (79%)         726M (58%)    
[2026-04-03T02:26:20.199+0600][46.844s][info][gc,heap     ] GC(52) y:      Used:      492M (39%)         524M (42%)         388M (31%)         268M (21%)         524M (42%)         268M (21%)    
[2026-04-03T02:26:20.199+0600][46.844s][info][gc,heap     ] GC(52) y: Young Generation Statistics:
[2026-04-03T02:26:20.199+0600][46.844s][info][gc,heap     ] GC(52) y:                Mark Start          Mark End        Relocate Start      Relocate End    
[2026-04-03T02:26:20.199+0600][46.844s][info][gc,heap     ] GC(52) y:      Used:      274M (22%)         306M (24%)         170M (14%)          50M (4%)     
[2026-04-03T02:26:20.199+0600][46.844s][info][gc,heap     ] GC(52) y:      Live:         -                 7M (1%)            7M (1%)            7M (1%)     
[2026-04-03T02:26:20.199+0600][46.844s][info][gc,heap     ] GC(52) y:   Garbage:         -               266M (21%)         130M (10%)           1M (0%)     
[2026-04-03T02:26:20.199+0600][46.844s][info][gc,heap     ] GC(52) y: Allocated:         -                32M (3%)           32M (3%)           40M (3%)     
[2026-04-03T02:26:20.199+0600][46.844s][info][gc,heap     ] GC(52) y: Reclaimed:         -                  -               136M (11%)         264M (21%)    
[2026-04-03T02:26:20.199+0600][46.844s][info][gc,heap     ] GC(52) y:  Promoted:         -                  -                 0M (0%)            0M (0%)     
[2026-04-03T02:26:20.199+0600][46.844s][info][gc,heap     ] GC(52) y: Compacted:         -                  -                  -                 1M (0%)     
[2026-04-03T02:26:20.199+0600][46.844s][info][gc,phases   ] GC(52) y: Young Generation 492M(39%)->268M(21%) 0.025s
[2026-04-03T02:26:20.199+0600][46.844s][info][gc          ] GC(52) Minor Collection (Allocation Rate) 492M(39%)->268M(21%) 0.025s
[2026-04-03T02:26:21.115+0600][47.759s][info][gc          ] GC(53) Minor Collection (Allocation Rate)
[2026-04-03T02:26:21.115+0600][47.759s][info][gc,task     ] GC(53) Using 2 Workers for Young Generation
[2026-04-03T02:26:21.115+0600][47.759s][info][gc,phases   ] GC(53) y: Young Generation
[2026-04-03T02:26:21.115+0600][47.760s][info][gc,phases   ] GC(53) y: Pause Mark Start 0.023ms
[2026-04-03T02:26:21.158+0600][47.803s][info][gc,phases   ] GC(53) y: Concurrent Mark 39.534ms
[2026-04-03T02:26:21.158+0600][47.803s][info][gc,phases   ] GC(53) y: Pause Mark End 0.027ms
[2026-04-03T02:26:21.159+0600][47.803s][info][gc,phases   ] GC(53) y: Concurrent Mark Free 0.003ms
[2026-04-03T02:26:21.159+0600][47.803s][info][gc,phases   ] GC(53) y: Concurrent Reset Relocation Set 0.010ms
[2026-04-03T02:26:21.163+0600][47.807s][info][gc,reloc    ] GC(53) y: Using tenuring threshold: 4 (Computed)
[2026-04-03T02:26:21.163+0600][47.808s][info][gc,phases   ] GC(53) y: Concurrent Select Relocation Set 4.503ms
[2026-04-03T02:26:21.163+0600][47.808s][info][gc,phases   ] GC(53) y: Pause Relocate Start 0.026ms
[2026-04-03T02:26:21.171+0600][47.815s][info][gc,phases   ] GC(53) y: Concurrent Relocate 7.136ms
[2026-04-03T02:26:21.171+0600][47.815s][info][gc,alloc    ] GC(53) y:                         Mark Start        Mark End      Relocate Start    Relocate End   
[2026-04-03T02:26:21.171+0600][47.816s][info][gc,alloc    ] GC(53) y: Allocation Stalls:          0                0                0                0         
[2026-04-03T02:26:21.171+0600][47.816s][info][gc,load     ] GC(53) y: Load: 6.29 (52%) / 6.07 (51%) / 5.92 (49%)
[2026-04-03T02:26:21.171+0600][47.816s][info][gc,mmu      ] GC(53) y: MMU: 2ms/95.7%, 5ms/97.6%, 10ms/98.8%, 20ms/99.4%, 50ms/99.7%, 100ms/99.8%
[2026-04-03T02:26:21.171+0600][47.816s][info][gc,marking  ] GC(53) y: Mark: 2 stripe(s), 2 proactive flush(es), 1 terminate flush(es), 0 completion(s), 0 continuation(s) 
[2026-04-03T02:26:21.171+0600][47.816s][info][gc,marking  ] GC(53) y: Mark Stack Usage: 32M
[2026-04-03T02:26:21.171+0600][47.816s][info][gc,nmethod  ] GC(53) y: NMethods: 14585 registered, 1746 unregistered
[2026-04-03T02:26:21.171+0600][47.816s][info][gc,metaspace] GC(53) y: Metaspace: 127M used, 129M committed, 1152M reserved
[2026-04-03T02:26:21.171+0600][47.816s][info][gc,reloc    ] GC(53) y:                        Candidates     Selected     In-Place         Size        Empty    Relocated 
[2026-04-03T02:26:21.171+0600][47.816s][info][gc,reloc    ] GC(53) y: Small Pages:                  270          168            0         540M         196M           5M 
[2026-04-03T02:26:21.171+0600][47.816s][info][gc,reloc    ] GC(53) y: Medium Pages:                   4            0            0         128M         128M           0M 
[2026-04-03T02:26:21.171+0600][47.816s][info][gc,reloc    ] GC(53) y: Large Pages:                   17            0            0         102M         102M           0M 
[2026-04-03T02:26:21.171+0600][47.816s][info][gc,reloc    ] GC(53) y: Forwarding Usage: 1M
[2026-04-03T02:26:21.171+0600][47.816s][info][gc,reloc    ] GC(53) y: Age Table:
[2026-04-03T02:26:21.171+0600][47.816s][info][gc,reloc    ] GC(53) y:                    Live             Garbage             Small              Medium             Large        
[2026-04-03T02:26:21.171+0600][47.816s][info][gc,reloc    ] GC(53) y: Eden               5M (0%)          746M (60%)        264 / 163            4 / 0             16 / 0        
[2026-04-03T02:26:21.171+0600][47.816s][info][gc,reloc    ] GC(53) y: Survivor 1         0M (0%)            9M (1%)           2 / 2              0 / 0              1 / 0        
[2026-04-03T02:26:21.171+0600][47.816s][info][gc,reloc    ] GC(53) y: Survivor 2         0M (0%)            5M (0%)           3 / 2              0 / 0              0 / 0        
[2026-04-03T02:26:21.171+0600][47.816s][info][gc,reloc    ] GC(53) y: Survivor 3         0M (0%)            1M (0%)           1 / 1              0 / 0              0 / 0        
[2026-04-03T02:26:21.171+0600][47.816s][info][gc,heap     ] GC(53) y: Min Capacity: 8M(1%)
[2026-04-03T02:26:21.171+0600][47.816s][info][gc,heap     ] GC(53) y: Max Capacity: 1250M(100%)
[2026-04-03T02:26:21.171+0600][47.816s][info][gc,heap     ] GC(53) y: Soft Max Capacity: 1250M(100%)
[2026-04-03T02:26:21.171+0600][47.816s][info][gc,heap     ] GC(53) y: Heap Statistics:
[2026-04-03T02:26:21.171+0600][47.816s][info][gc,heap     ] GC(53) y:                Mark Start          Mark End        Relocate Start      Relocate End           High               Low         
[2026-04-03T02:26:21.171+0600][47.816s][info][gc,heap     ] GC(53) y:  Capacity:     1250M (100%)       1250M (100%)       1250M (100%)       1250M (100%)       1250M (100%)       1250M (100%)   
[2026-04-03T02:26:21.171+0600][47.816s][info][gc,heap     ] GC(53) y:      Free:      262M (21%)         166M (13%)         588M (47%)         888M (71%)         888M (71%)         166M (13%)    
[2026-04-03T02:26:21.171+0600][47.816s][info][gc,heap     ] GC(53) y:      Used:      988M (79%)        1084M (87%)         662M (53%)         362M (29%)        1084M (87%)         362M (29%)    
[2026-04-03T02:26:21.171+0600][47.816s][info][gc,heap     ] GC(53) y: Young Generation Statistics:
[2026-04-03T02:26:21.171+0600][47.816s][info][gc,heap     ] GC(53) y:                Mark Start          Mark End        Relocate Start      Relocate End    
[2026-04-03T02:26:21.171+0600][47.816s][info][gc,heap     ] GC(53) y:      Used:      770M (62%)         866M (69%)         444M (36%)         144M (12%)    
[2026-04-03T02:26:21.171+0600][47.816s][info][gc,heap     ] GC(53) y:      Live:         -                 6M (1%)            6M (1%)            6M (1%)     
[2026-04-03T02:26:21.171+0600][47.816s][info][gc,heap     ] GC(53) y:   Garbage:         -               763M (61%)         337M (27%)           0M (0%)     
[2026-04-03T02:26:21.171+0600][47.816s][info][gc,heap     ] GC(53) y: Allocated:         -                96M (8%)          100M (8%)          137M (11%)    
[2026-04-03T02:26:21.171+0600][47.816s][info][gc,heap     ] GC(53) y: Reclaimed:         -                  -               426M (34%)         763M (61%)    
[2026-04-03T02:26:21.171+0600][47.816s][info][gc,heap     ] GC(53) y:  Promoted:         -                  -                 0M (0%)            0M (0%)     
[2026-04-03T02:26:21.171+0600][47.816s][info][gc,heap     ] GC(53) y: Compacted:         -                  -                  -                 6M (1%)     
[2026-04-03T02:26:21.171+0600][47.816s][info][gc,phases   ] GC(53) y: Young Generation 988M(79%)->362M(29%) 0.056s
[2026-04-03T02:26:21.171+0600][47.816s][info][gc          ] GC(53) Minor Collection (Allocation Rate) 988M(79%)->364M(29%) 0.057s
[2026-04-03T02:26:21.473+0600][48.118s][info][gc          ] GC(54) Minor Collection (Allocation Rate)
[2026-04-03T02:26:21.474+0600][48.118s][info][gc,task     ] GC(54) Using 3 Workers for Young Generation
[2026-04-03T02:26:21.474+0600][48.118s][info][gc,phases   ] GC(54) y: Young Generation
[2026-04-03T02:26:21.474+0600][48.119s][info][gc,phases   ] GC(54) y: Pause Mark Start 0.024ms
[2026-04-03T02:26:21.500+0600][48.145s][info][gc,phases   ] GC(54) y: Concurrent Mark 26.355ms
[2026-04-03T02:26:21.501+0600][48.145s][info][gc,phases   ] GC(54) y: Pause Mark End 0.024ms
[2026-04-03T02:26:21.501+0600][48.146s][info][gc,phases   ] GC(54) y: Concurrent Mark Free 0.002ms
[2026-04-03T02:26:21.501+0600][48.146s][info][gc,phases   ] GC(54) y: Concurrent Reset Relocation Set 0.020ms
[2026-04-03T02:26:21.503+0600][48.148s][info][gc,reloc    ] GC(54) y: Using tenuring threshold: 5 (Computed)
[2026-04-03T02:26:21.503+0600][48.148s][info][gc,phases   ] GC(54) y: Concurrent Select Relocation Set 2.346ms
[2026-04-03T02:26:21.504+0600][48.148s][info][gc,phases   ] GC(54) y: Pause Relocate Start 0.021ms
[2026-04-03T02:26:21.507+0600][48.151s][info][gc,phases   ] GC(54) y: Concurrent Relocate 2.864ms
[2026-04-03T02:26:21.507+0600][48.151s][info][gc,alloc    ] GC(54) y:                         Mark Start        Mark End      Relocate Start    Relocate End   
[2026-04-03T02:26:21.507+0600][48.151s][info][gc,alloc    ] GC(54) y: Allocation Stalls:          0                0                0                0         
[2026-04-03T02:26:21.507+0600][48.151s][info][gc,load     ] GC(54) y: Load: 6.29 (52%) / 6.07 (51%) / 5.92 (49%)
[2026-04-03T02:26:21.507+0600][48.151s][info][gc,mmu      ] GC(54) y: MMU: 2ms/95.7%, 5ms/97.6%, 10ms/98.8%, 20ms/99.4%, 50ms/99.7%, 100ms/99.8%
[2026-04-03T02:26:21.507+0600][48.151s][info][gc,marking  ] GC(54) y: Mark: 2 stripe(s), 5 proactive flush(es), 2 terminate flush(es), 0 completion(s), 0 continuation(s) 
[2026-04-03T02:26:21.507+0600][48.151s][info][gc,marking  ] GC(54) y: Mark Stack Usage: 32M
[2026-04-03T02:26:21.507+0600][48.151s][info][gc,nmethod  ] GC(54) y: NMethods: 14594 registered, 1746 unregistered
[2026-04-03T02:26:21.507+0600][48.151s][info][gc,metaspace] GC(54) y: Metaspace: 127M used, 129M committed, 1152M reserved
[2026-04-03T02:26:21.507+0600][48.151s][info][gc,reloc    ] GC(54) y:                        Candidates     Selected     In-Place         Size        Empty    Relocated 
[2026-04-03T02:26:21.507+0600][48.151s][info][gc,reloc    ] GC(54) y: Small Pages:                  235           78            0         470M         302M           5M 
[2026-04-03T02:26:21.507+0600][48.151s][info][gc,reloc    ] GC(54) y: Medium Pages:                   1            0            0          32M          32M           0M 
[2026-04-03T02:26:21.507+0600][48.151s][info][gc,reloc    ] GC(54) y: Large Pages:                   49            0            0         294M         276M           0M 
[2026-04-03T02:26:21.507+0600][48.151s][info][gc,reloc    ] GC(54) y: Forwarding Usage: 0M
[2026-04-03T02:26:21.507+0600][48.151s][info][gc,reloc    ] GC(54) y: Age Table:
[2026-04-03T02:26:21.507+0600][48.151s][info][gc,reloc    ] GC(54) y:                    Live             Garbage             Small              Medium             Large        
[2026-04-03T02:26:21.507+0600][48.151s][info][gc,reloc    ] GC(54) y: Eden              22M (2%)          735M (59%)        216 / 62             1 / 0             49 / 0        
[2026-04-03T02:26:21.507+0600][48.152s][info][gc,reloc    ] GC(54) y: Survivor 1         3M (0%)           18M (2%)          11 / 9              0 / 0              0 / 0        
[2026-04-03T02:26:21.507+0600][48.152s][info][gc,reloc    ] GC(54) y: Survivor 2         0M (0%)            7M (1%)           4 / 3              0 / 0              0 / 0        
[2026-04-03T02:26:21.507+0600][48.152s][info][gc,reloc    ] GC(54) y: Survivor 3         0M (0%)            5M (0%)           3 / 3              0 / 0              0 / 0        
[2026-04-03T02:26:21.507+0600][48.152s][info][gc,reloc    ] GC(54) y: Survivor 4         0M (0%)            1M (0%)           1 / 1              0 / 0              0 / 0        
[2026-04-03T02:26:21.507+0600][48.152s][info][gc,heap     ] GC(54) y: Min Capacity: 8M(1%)
[2026-04-03T02:26:21.507+0600][48.152s][info][gc,heap     ] GC(54) y: Max Capacity: 1250M(100%)
[2026-04-03T02:26:21.507+0600][48.152s][info][gc,heap     ] GC(54) y: Soft Max Capacity: 1250M(100%)
[2026-04-03T02:26:21.507+0600][48.152s][info][gc,heap     ] GC(54) y: Heap Statistics:
[2026-04-03T02:26:21.507+0600][48.152s][info][gc,heap     ] GC(54) y:                Mark Start          Mark End        Relocate Start      Relocate End           High               Low         
[2026-04-03T02:26:21.507+0600][48.152s][info][gc,heap     ] GC(54) y:  Capacity:     1250M (100%)       1250M (100%)       1250M (100%)       1250M (100%)       1250M (100%)       1250M (100%)   
[2026-04-03T02:26:21.507+0600][48.152s][info][gc,heap     ] GC(54) y:      Free:      236M (19%)          78M (6%)          676M (54%)         806M (64%)         806M (64%)          78M (6%)     
[2026-04-03T02:26:21.507+0600][48.152s][info][gc,heap     ] GC(54) y:      Used:     1014M (81%)        1172M (94%)         574M (46%)         444M (36%)        1172M (94%)         444M (36%)    
[2026-04-03T02:26:21.507+0600][48.152s][info][gc,heap     ] GC(54) y: Young Generation Statistics:
[2026-04-03T02:26:21.507+0600][48.152s][info][gc,heap     ] GC(54) y:                Mark Start          Mark End        Relocate Start      Relocate End    
[2026-04-03T02:26:21.507+0600][48.152s][info][gc,heap     ] GC(54) y:      Used:      796M (64%)         954M (76%)         356M (28%)         226M (18%)    
[2026-04-03T02:26:21.507+0600][48.152s][info][gc,heap     ] GC(54) y:      Live:         -                27M (2%)           27M (2%)           27M (2%)     
[2026-04-03T02:26:21.507+0600][48.152s][info][gc,heap     ] GC(54) y:   Garbage:         -               768M (62%)         158M (13%)           1M (0%)     
[2026-04-03T02:26:21.507+0600][48.152s][info][gc,heap     ] GC(54) y: Allocated:         -               158M (13%)         170M (14%)         197M (16%)    
[2026-04-03T02:26:21.507+0600][48.152s][info][gc,heap     ] GC(54) y: Reclaimed:         -                  -               610M (49%)         767M (61%)    
[2026-04-03T02:26:21.507+0600][48.152s][info][gc,heap     ] GC(54) y:  Promoted:         -                  -                 0M (0%)            0M (0%)     
[2026-04-03T02:26:21.507+0600][48.152s][info][gc,heap     ] GC(54) y: Compacted:         -                  -                  -                 6M (1%)     
[2026-04-03T02:26:21.507+0600][48.152s][info][gc,phases   ] GC(54) y: Young Generation 1014M(81%)->444M(36%) 0.033s
[2026-04-03T02:26:21.507+0600][48.152s][info][gc          ] GC(54) Minor Collection (Allocation Rate) 1008M(81%)->444M(36%) 0.033s
[2026-04-03T02:26:21.584+0600][48.228s][info][gc          ] GC(55) Minor Collection (Allocation Rate)
[2026-04-03T02:26:21.584+0600][48.228s][info][gc,task     ] GC(55) Using 3 Workers for Young Generation
[2026-04-03T02:26:21.584+0600][48.228s][info][gc,phases   ] GC(55) y: Young Generation
[2026-04-03T02:26:21.584+0600][48.229s][info][gc,phases   ] GC(55) y: Pause Mark Start 0.036ms
[2026-04-03T02:26:21.610+0600][48.255s][info][gc,phases   ] GC(55) y: Concurrent Mark 25.874ms
[2026-04-03T02:26:21.610+0600][48.255s][info][gc,phases   ] GC(55) y: Pause Mark End 0.027ms
[2026-04-03T02:26:21.610+0600][48.255s][info][gc,phases   ] GC(55) y: Concurrent Mark Free 0.002ms
[2026-04-03T02:26:21.610+0600][48.255s][info][gc,phases   ] GC(55) y: Concurrent Reset Relocation Set 0.013ms
[2026-04-03T02:26:21.614+0600][48.259s][info][gc,reloc    ] GC(55) y: Using tenuring threshold: 3 (Computed)
[2026-04-03T02:26:21.615+0600][48.260s][info][gc,phases   ] GC(55) y: Concurrent Select Relocation Set 4.500ms
[2026-04-03T02:26:21.615+0600][48.260s][info][gc,phases   ] GC(55) y: Pause Relocate Start 0.020ms
[2026-04-03T02:26:21.620+0600][48.265s][info][gc,phases   ] GC(55) y: Concurrent Relocate 5.108ms
[2026-04-03T02:26:21.620+0600][48.265s][info][gc,alloc    ] GC(55) y:                         Mark Start        Mark End      Relocate Start    Relocate End   
[2026-04-03T02:26:21.620+0600][48.265s][info][gc,alloc    ] GC(55) y: Allocation Stalls:          0                0                0                0         
[2026-04-03T02:26:21.620+0600][48.265s][info][gc,load     ] GC(55) y: Load: 6.29 (52%) / 6.07 (51%) / 5.92 (49%)
[2026-04-03T02:26:21.620+0600][48.265s][info][gc,mmu      ] GC(55) y: MMU: 2ms/95.7%, 5ms/97.6%, 10ms/98.8%, 20ms/99.4%, 50ms/99.7%, 100ms/99.8%
[2026-04-03T02:26:21.620+0600][48.265s][info][gc,marking  ] GC(55) y: Mark: 2 stripe(s), 3 proactive flush(es), 1 terminate flush(es), 0 completion(s), 0 continuation(s) 
[2026-04-03T02:26:21.620+0600][48.265s][info][gc,marking  ] GC(55) y: Mark Stack Usage: 32M
[2026-04-03T02:26:21.621+0600][48.265s][info][gc,nmethod  ] GC(55) y: NMethods: 14617 registered, 1746 unregistered
[2026-04-03T02:26:21.621+0600][48.265s][info][gc,metaspace] GC(55) y: Metaspace: 127M used, 129M committed, 1152M reserved
[2026-04-03T02:26:21.621+0600][48.265s][info][gc,reloc    ] GC(55) y:                        Candidates     Selected     In-Place         Size        Empty    Relocated 
[2026-04-03T02:26:21.621+0600][48.265s][info][gc,reloc    ] GC(55) y: Small Pages:                   54           44            0         108M           8M           6M 
[2026-04-03T02:26:21.621+0600][48.265s][info][gc,reloc    ] GC(55) y: Medium Pages:                   1            0            0          32M          32M           0M 
[2026-04-03T02:26:21.621+0600][48.265s][info][gc,reloc    ] GC(55) y: Large Pages:                   60            0            0         360M         342M           0M 
[2026-04-03T02:26:21.621+0600][48.265s][info][gc,reloc    ] GC(55) y: Forwarding Usage: 1M
[2026-04-03T02:26:21.621+0600][48.265s][info][gc,reloc    ] GC(55) y: Age Table:
[2026-04-03T02:26:21.621+0600][48.265s][info][gc,reloc    ] GC(55) y:                    Live             Garbage             Small              Medium             Large        
[2026-04-03T02:26:21.621+0600][48.265s][info][gc,reloc    ] GC(55) y: Eden              22M (2%)          429M (34%)         39 / 34             1 / 0             57 / 0        
[2026-04-03T02:26:21.621+0600][48.265s][info][gc,reloc    ] GC(55) y: Survivor 1         1M (0%)           26M (2%)           5 / 3              0 / 0              3 / 0        
[2026-04-03T02:26:21.621+0600][48.265s][info][gc,reloc    ] GC(55) y: Survivor 2         3M (0%)            6M (1%)           5 / 3              0 / 0              0 / 0        
[2026-04-03T02:26:21.621+0600][48.265s][info][gc,reloc    ] GC(55) y: Survivor 3         0M (0%)            3M (0%)           2 / 1              0 / 0              0 / 0        
[2026-04-03T02:26:21.621+0600][48.265s][info][gc,reloc    ] GC(55) y: Survivor 4         0M (0%)            3M (0%)           2 / 2              0 / 0              0 / 0        
[2026-04-03T02:26:21.621+0600][48.265s][info][gc,reloc    ] GC(55) y: Survivor 5         0M (0%)            1M (0%)           1 / 1              0 / 0              0 / 0        
[2026-04-03T02:26:21.621+0600][48.265s][info][gc,heap     ] GC(55) y: Min Capacity: 8M(1%)
[2026-04-03T02:26:21.621+0600][48.265s][info][gc,heap     ] GC(55) y: Max Capacity: 1250M(100%)
[2026-04-03T02:26:21.621+0600][48.265s][info][gc,heap     ] GC(55) y: Soft Max Capacity: 1250M(100%)
[2026-04-03T02:26:21.621+0600][48.265s][info][gc,heap     ] GC(55) y: Heap Statistics:
[2026-04-03T02:26:21.621+0600][48.265s][info][gc,heap     ] GC(55) y:                Mark Start          Mark End        Relocate Start      Relocate End           High               Low         
[2026-04-03T02:26:21.621+0600][48.266s][info][gc,heap     ] GC(55) y:  Capacity:     1250M (100%)       1250M (100%)       1250M (100%)       1250M (100%)       1250M (100%)       1250M (100%)   
[2026-04-03T02:26:21.621+0600][48.266s][info][gc,heap     ] GC(55) y:      Free:      532M (43%)         328M (26%)         700M (56%)         760M (61%)         768M (61%)         318M (25%)    
[2026-04-03T02:26:21.621+0600][48.266s][info][gc,heap     ] GC(55) y:      Used:      718M (57%)         922M (74%)         550M (44%)         490M (39%)         932M (75%)         482M (39%)    
[2026-04-03T02:26:21.621+0600][48.266s][info][gc,heap     ] GC(55) y: Young Generation Statistics:
[2026-04-03T02:26:21.621+0600][48.266s][info][gc,heap     ] GC(55) y:                Mark Start          Mark End        Relocate Start      Relocate End    
[2026-04-03T02:26:21.621+0600][48.266s][info][gc,heap     ] GC(55) y:      Used:      500M (40%)         704M (56%)         332M (27%)         266M (21%)    
[2026-04-03T02:26:21.621+0600][48.266s][info][gc,heap     ] GC(55) y:      Live:         -                27M (2%)           27M (2%)           26M (2%)     
[2026-04-03T02:26:21.621+0600][48.266s][info][gc,heap     ] GC(55) y:   Garbage:         -               472M (38%)          90M (7%)            0M (0%)     
[2026-04-03T02:26:21.621+0600][48.266s][info][gc,heap     ] GC(55) y: Allocated:         -               204M (16%)         214M (17%)         239M (19%)    
[2026-04-03T02:26:21.621+0600][48.266s][info][gc,heap     ] GC(55) y: Reclaimed:         -                  -               382M (31%)         471M (38%)    
[2026-04-03T02:26:21.621+0600][48.266s][info][gc,heap     ] GC(55) y:  Promoted:         -                  -                 0M (0%)            1M (0%)     
[2026-04-03T02:26:21.621+0600][48.266s][info][gc,heap     ] GC(55) y: Compacted:         -                  -                  -                 6M (1%)     
[2026-04-03T02:26:21.621+0600][48.266s][info][gc,phases   ] GC(55) y: Young Generation 718M(57%)->490M(39%) 0.037s
[2026-04-03T02:26:21.621+0600][48.266s][info][gc          ] GC(55) Minor Collection (Allocation Rate) 718M(57%)->496M(40%) 0.037s
[2026-04-03T02:26:21.655+0600][48.300s][info][gc          ] GC(56) Minor Collection (Allocation Rate)
[2026-04-03T02:26:21.655+0600][48.300s][info][gc,task     ] GC(56) Using 3 Workers for Young Generation
[2026-04-03T02:26:21.655+0600][48.300s][info][gc,phases   ] GC(56) y: Young Generation
[2026-04-03T02:26:21.655+0600][48.300s][info][gc,phases   ] GC(56) y: Pause Mark Start 0.031ms
[2026-04-03T02:26:21.679+0600][48.323s][info][gc,phases   ] GC(56) y: Concurrent Mark 22.892ms
[2026-04-03T02:26:21.679+0600][48.323s][info][gc,phases   ] GC(56) y: Pause Mark End 0.026ms
[2026-04-03T02:26:21.679+0600][48.324s][info][gc,phases   ] GC(56) y: Concurrent Mark Free 0.002ms
[2026-04-03T02:26:21.679+0600][48.324s][info][gc,phases   ] GC(56) y: Concurrent Reset Relocation Set 0.009ms
[2026-04-03T02:26:21.681+0600][48.325s][info][gc,reloc    ] GC(56) y: Using tenuring threshold: 4 (Computed)
[2026-04-03T02:26:21.681+0600][48.326s][info][gc,phases   ] GC(56) y: Concurrent Select Relocation Set 1.933ms
[2026-04-03T02:26:21.681+0600][48.326s][info][gc,phases   ] GC(56) y: Pause Relocate Start 0.014ms
[2026-04-03T02:26:21.684+0600][48.328s][info][gc,phases   ] GC(56) y: Concurrent Relocate 2.201ms
[2026-04-03T02:26:21.684+0600][48.328s][info][gc,alloc    ] GC(56) y:                         Mark Start        Mark End      Relocate Start    Relocate End   
[2026-04-03T02:26:21.684+0600][48.328s][info][gc,alloc    ] GC(56) y: Allocation Stalls:          0                0                0                0         
[2026-04-03T02:26:21.684+0600][48.328s][info][gc,load     ] GC(56) y: Load: 6.29 (52%) / 6.07 (51%) / 5.92 (49%)
[2026-04-03T02:26:21.684+0600][48.328s][info][gc,mmu      ] GC(56) y: MMU: 2ms/95.7%, 5ms/97.6%, 10ms/98.8%, 20ms/99.4%, 50ms/99.7%, 100ms/99.8%
[2026-04-03T02:26:21.684+0600][48.328s][info][gc,marking  ] GC(56) y: Mark: 2 stripe(s), 3 proactive flush(es), 1 terminate flush(es), 0 completion(s), 0 continuation(s) 
[2026-04-03T02:26:21.684+0600][48.328s][info][gc,marking  ] GC(56) y: Mark Stack Usage: 32M
[2026-04-03T02:26:21.684+0600][48.328s][info][gc,nmethod  ] GC(56) y: NMethods: 14619 registered, 1746 unregistered
[2026-04-03T02:26:21.684+0600][48.328s][info][gc,metaspace] GC(56) y: Metaspace: 127M used, 129M committed, 1152M reserved
[2026-04-03T02:26:21.684+0600][48.328s][info][gc,reloc    ] GC(56) y:                        Candidates     Selected     In-Place         Size        Empty    Relocated 
[2026-04-03T02:26:21.684+0600][48.328s][info][gc,reloc    ] GC(56) y: Small Pages:                   41           30            0          82M          10M           4M 
[2026-04-03T02:26:21.684+0600][48.328s][info][gc,reloc    ] GC(56) y: Medium Pages:                   1            0            0          32M          32M           0M 
[2026-04-03T02:26:21.684+0600][48.328s][info][gc,reloc    ] GC(56) y: Large Pages:                   34            0            0         204M         204M           0M 
[2026-04-03T02:26:21.684+0600][48.328s][info][gc,reloc    ] GC(56) y: Forwarding Usage: 0M
[2026-04-03T02:26:21.684+0600][48.328s][info][gc,reloc    ] GC(56) y: Age Table:
[2026-04-03T02:26:21.684+0600][48.328s][info][gc,reloc    ] GC(56) y:                    Live             Garbage             Small              Medium             Large        
[2026-04-03T02:26:21.684+0600][48.329s][info][gc,reloc    ] GC(56) y: Eden               3M (0%)          274M (22%)         30 / 23             1 / 0             31 / 0        
[2026-04-03T02:26:21.684+0600][48.329s][info][gc,reloc    ] GC(56) y: Survivor 1         0M (0%)           25M (2%)           4 / 3              0 / 0              3 / 0        
[2026-04-03T02:26:21.684+0600][48.329s][info][gc,reloc    ] GC(56) y: Survivor 2         1M (0%)            4M (0%)           3 / 2              0 / 0              0 / 0        
[2026-04-03T02:26:21.684+0600][48.329s][info][gc,reloc    ] GC(56) y: Survivor 3         3M (0%)            4M (0%)           4 / 2              0 / 0              0 / 0        
[2026-04-03T02:26:21.684+0600][48.329s][info][gc,heap     ] GC(56) y: Min Capacity: 8M(1%)
[2026-04-03T02:26:21.684+0600][48.329s][info][gc,heap     ] GC(56) y: Max Capacity: 1250M(100%)
[2026-04-03T02:26:21.684+0600][48.329s][info][gc,heap     ] GC(56) y: Soft Max Capacity: 1250M(100%)
[2026-04-03T02:26:21.684+0600][48.329s][info][gc,heap     ] GC(56) y: Heap Statistics:
[2026-04-03T02:26:21.684+0600][48.329s][info][gc,heap     ] GC(56) y:                Mark Start          Mark End        Relocate Start      Relocate End           High               Low         
[2026-04-03T02:26:21.684+0600][48.329s][info][gc,heap     ] GC(56) y:  Capacity:     1250M (100%)       1250M (100%)       1250M (100%)       1250M (100%)       1250M (100%)       1250M (100%)   
[2026-04-03T02:26:21.684+0600][48.329s][info][gc,heap     ] GC(56) y:      Free:      708M (57%)         646M (52%)         892M (71%)         940M (75%)         940M (75%)         646M (52%)    
[2026-04-03T02:26:21.684+0600][48.329s][info][gc,heap     ] GC(56) y:      Used:      542M (43%)         604M (48%)         358M (29%)         310M (25%)         604M (48%)         310M (25%)    
[2026-04-03T02:26:21.684+0600][48.329s][info][gc,heap     ] GC(56) y: Young Generation Statistics:
[2026-04-03T02:26:21.684+0600][48.329s][info][gc,heap     ] GC(56) y:                Mark Start          Mark End        Relocate Start      Relocate End    
[2026-04-03T02:26:21.684+0600][48.329s][info][gc,heap     ] GC(56) y:      Used:      318M (25%)         380M (30%)         134M (11%)          86M (7%)     
[2026-04-03T02:26:21.684+0600][48.329s][info][gc,heap     ] GC(56) y:      Live:         -                 8M (1%)            8M (1%)            8M (1%)     
[2026-04-03T02:26:21.684+0600][48.329s][info][gc,heap     ] GC(56) y:   Garbage:         -               309M (25%)          63M (5%)            1M (0%)     
[2026-04-03T02:26:21.684+0600][48.329s][info][gc,heap     ] GC(56) y: Allocated:         -                62M (5%)           62M (5%)           75M (6%)     
[2026-04-03T02:26:21.684+0600][48.329s][info][gc,heap     ] GC(56) y: Reclaimed:         -                  -               246M (20%)         307M (25%)    
[2026-04-03T02:26:21.684+0600][48.329s][info][gc,heap     ] GC(56) y:  Promoted:         -                  -                 0M (0%)            0M (0%)     
[2026-04-03T02:26:21.684+0600][48.329s][info][gc,heap     ] GC(56) y: Compacted:         -                  -                  -                 6M (1%)     
[2026-04-03T02:26:21.684+0600][48.329s][info][gc,phases   ] GC(56) y: Young Generation 542M(43%)->310M(25%) 0.028s
[2026-04-03T02:26:21.684+0600][48.329s][info][gc          ] GC(56) Minor Collection (Allocation Rate) 542M(43%)->310M(25%) 0.029s
[2026-04-03T02:26:21.723+0600][48.368s][info][gc          ] GC(57) Minor Collection (Allocation Rate)
[2026-04-03T02:26:21.723+0600][48.368s][info][gc,task     ] GC(57) Using 2 Workers for Young Generation
[2026-04-03T02:26:21.723+0600][48.368s][info][gc,phases   ] GC(57) y: Young Generation
[2026-04-03T02:26:21.723+0600][48.368s][info][gc,phases   ] GC(57) y: Pause Mark Start 0.024ms
[2026-04-03T02:26:21.751+0600][48.396s][info][gc,phases   ] GC(57) y: Concurrent Mark 27.734ms
[2026-04-03T02:26:21.751+0600][48.396s][info][gc,phases   ] GC(57) y: Pause Mark End 0.026ms
[2026-04-03T02:26:21.752+0600][48.396s][info][gc,phases   ] GC(57) y: Concurrent Mark Free 0.002ms
[2026-04-03T02:26:21.752+0600][48.396s][info][gc,phases   ] GC(57) y: Concurrent Reset Relocation Set 0.007ms
[2026-04-03T02:26:21.754+0600][48.399s][info][gc,reloc    ] GC(57) y: Using tenuring threshold: 4 (Computed)
[2026-04-03T02:26:21.756+0600][48.401s][info][gc,phases   ] GC(57) y: Concurrent Select Relocation Set 4.366ms
[2026-04-03T02:26:21.756+0600][48.401s][info][gc,phases   ] GC(57) y: Pause Relocate Start 0.014ms
[2026-04-03T02:26:21.764+0600][48.409s][info][gc,phases   ] GC(57) y: Concurrent Relocate 7.608ms
[2026-04-03T02:26:21.764+0600][48.409s][info][gc,alloc    ] GC(57) y:                         Mark Start        Mark End      Relocate Start    Relocate End   
[2026-04-03T02:26:21.764+0600][48.409s][info][gc,alloc    ] GC(57) y: Allocation Stalls:          0                0                0                0         
[2026-04-03T02:26:21.764+0600][48.409s][info][gc,load     ] GC(57) y: Load: 6.29 (52%) / 6.07 (51%) / 5.92 (49%)
[2026-04-03T02:26:21.764+0600][48.409s][info][gc,mmu      ] GC(57) y: MMU: 2ms/95.7%, 5ms/97.6%, 10ms/98.8%, 20ms/99.4%, 50ms/99.7%, 100ms/99.8%
[2026-04-03T02:26:21.764+0600][48.409s][info][gc,marking  ] GC(57) y: Mark: 2 stripe(s), 2 proactive flush(es), 1 terminate flush(es), 0 completion(s), 0 continuation(s) 
[2026-04-03T02:26:21.764+0600][48.409s][info][gc,marking  ] GC(57) y: Mark Stack Usage: 32M
[2026-04-03T02:26:21.764+0600][48.409s][info][gc,nmethod  ] GC(57) y: NMethods: 14623 registered, 1746 unregistered
[2026-04-03T02:26:21.764+0600][48.409s][info][gc,metaspace] GC(57) y: Metaspace: 127M used, 129M committed, 1152M reserved
[2026-04-03T02:26:21.764+0600][48.409s][info][gc,reloc    ] GC(57) y:                        Candidates     Selected     In-Place         Size        Empty    Relocated 
[2026-04-03T02:26:21.764+0600][48.409s][info][gc,reloc    ] GC(57) y: Small Pages:                   39           34            0          78M           2M           3M 
[2026-04-03T02:26:21.764+0600][48.409s][info][gc,reloc    ] GC(57) y: Medium Pages:                   1            0            0          32M          32M           0M 
[2026-04-03T02:26:21.764+0600][48.409s][info][gc,reloc    ] GC(57) y: Large Pages:                    1            0            0           6M           6M           0M 
[2026-04-03T02:26:21.764+0600][48.409s][info][gc,reloc    ] GC(57) y: Forwarding Usage: 0M
[2026-04-03T02:26:21.764+0600][48.409s][info][gc,reloc    ] GC(57) y: Age Table:
[2026-04-03T02:26:21.764+0600][48.409s][info][gc,reloc    ] GC(57) y:                    Live             Garbage             Small              Medium             Large        
[2026-04-03T02:26:21.764+0600][48.409s][info][gc,reloc    ] GC(57) y: Eden               0M (0%)           91M (7%)          27 / 25             1 / 0              1 / 0        
[2026-04-03T02:26:21.764+0600][48.409s][info][gc,reloc    ] GC(57) y: Survivor 1         0M (0%)            5M (0%)           3 / 3              0 / 0              0 / 0        
[2026-04-03T02:26:21.764+0600][48.409s][info][gc,reloc    ] GC(57) y: Survivor 2         0M (0%)            3M (0%)           2 / 2              0 / 0              0 / 0        
[2026-04-03T02:26:21.764+0600][48.409s][info][gc,reloc    ] GC(57) y: Survivor 3         1M (0%)            4M (0%)           3 / 2              0 / 0              0 / 0        
[2026-04-03T02:26:21.764+0600][48.409s][info][gc,reloc    ] GC(57) y: Survivor 4         3M (0%)            4M (0%)           4 / 2              0 / 0              0 / 0        
[2026-04-03T02:26:21.764+0600][48.409s][info][gc,heap     ] GC(57) y: Min Capacity: 8M(1%)
[2026-04-03T02:26:21.764+0600][48.409s][info][gc,heap     ] GC(57) y: Max Capacity: 1250M(100%)
[2026-04-03T02:26:21.764+0600][48.409s][info][gc,heap     ] GC(57) y: Soft Max Capacity: 1250M(100%)
[2026-04-03T02:26:21.764+0600][48.409s][info][gc,heap     ] GC(57) y: Heap Statistics:
[2026-04-03T02:26:21.764+0600][48.409s][info][gc,heap     ] GC(57) y:                Mark Start          Mark End        Relocate Start      Relocate End           High               Low         
[2026-04-03T02:26:21.764+0600][48.409s][info][gc,heap     ] GC(57) y:  Capacity:     1250M (100%)       1250M (100%)       1250M (100%)       1250M (100%)       1250M (100%)       1250M (100%)   
[2026-04-03T02:26:21.764+0600][48.409s][info][gc,heap     ] GC(57) y:      Free:      910M (73%)         876M (70%)         916M (73%)         940M (75%)         940M (75%)         876M (70%)    
[2026-04-03T02:26:21.764+0600][48.409s][info][gc,heap     ] GC(57) y:      Used:      340M (27%)         374M (30%)         334M (27%)         310M (25%)         374M (30%)         310M (25%)    
[2026-04-03T02:26:21.764+0600][48.409s][info][gc,heap     ] GC(57) y: Young Generation Statistics:
[2026-04-03T02:26:21.764+0600][48.409s][info][gc,heap     ] GC(57) y:                Mark Start          Mark End        Relocate Start      Relocate End    
[2026-04-03T02:26:21.764+0600][48.409s][info][gc,heap     ] GC(57) y:      Used:      116M (9%)          150M (12%)         108M (9%)           80M (6%)     
[2026-04-03T02:26:21.764+0600][48.409s][info][gc,heap     ] GC(57) y:      Live:         -                 5M (0%)            4M (0%)            2M (0%)     
[2026-04-03T02:26:21.764+0600][48.409s][info][gc,heap     ] GC(57) y:   Garbage:         -               110M (9%)           69M (6%)            0M (0%)     
[2026-04-03T02:26:21.764+0600][48.409s][info][gc,heap     ] GC(57) y: Allocated:         -                34M (3%)           34M (3%)           77M (6%)     
[2026-04-03T02:26:21.764+0600][48.409s][info][gc,heap     ] GC(57) y: Reclaimed:         -                  -                40M (3%)          110M (9%)     
[2026-04-03T02:26:21.764+0600][48.409s][info][gc,heap     ] GC(57) y:  Promoted:         -                  -                 1M (0%)            3M (0%)     
[2026-04-03T02:26:21.764+0600][48.409s][info][gc,heap     ] GC(57) y: Compacted:         -                  -                  -                 2M (0%)     
[2026-04-03T02:26:21.764+0600][48.409s][info][gc,phases   ] GC(57) y: Young Generation 340M(27%)->310M(25%) 0.041s
[2026-04-03T02:26:21.764+0600][48.409s][info][gc          ] GC(57) Minor Collection (Allocation Rate) 340M(27%)->310M(25%) 0.041s
[2026-04-03T02:26:22.322+0600][48.967s][info][gc          ] GC(58) Minor Collection (Allocation Rate)
[2026-04-03T02:26:22.323+0600][48.967s][info][gc,task     ] GC(58) Using 2 Workers for Young Generation
[2026-04-03T02:26:22.323+0600][48.967s][info][gc,phases   ] GC(58) y: Young Generation
[2026-04-03T02:26:22.323+0600][48.967s][info][gc,phases   ] GC(58) y: Pause Mark Start 0.022ms
[2026-04-03T02:26:22.357+0600][49.001s][info][gc,phases   ] GC(58) y: Concurrent Mark 33.867ms
[2026-04-03T02:26:22.357+0600][49.002s][info][gc,phases   ] GC(58) y: Pause Mark End 0.027ms
[2026-04-03T02:26:22.357+0600][49.002s][info][gc,phases   ] GC(58) y: Concurrent Mark Free 0.003ms
[2026-04-03T02:26:22.357+0600][49.002s][info][gc,phases   ] GC(58) y: Concurrent Reset Relocation Set 0.022ms
[2026-04-03T02:26:22.359+0600][49.004s][info][gc,reloc    ] GC(58) y: Using tenuring threshold: 2 (Computed)
[2026-04-03T02:26:22.360+0600][49.005s][info][gc,phases   ] GC(58) y: Concurrent Select Relocation Set 3.087ms
[2026-04-03T02:26:22.361+0600][49.005s][info][gc,phases   ] GC(58) y: Pause Relocate Start 0.024ms
[2026-04-03T02:26:22.368+0600][49.013s][info][gc,phases   ] GC(58) y: Concurrent Relocate 7.304ms
[2026-04-03T02:26:22.368+0600][49.013s][info][gc,alloc    ] GC(58) y:                         Mark Start        Mark End      Relocate Start    Relocate End   
[2026-04-03T02:26:22.368+0600][49.013s][info][gc,alloc    ] GC(58) y: Allocation Stalls:          0                0                0                0         
[2026-04-03T02:26:22.368+0600][49.013s][info][gc,load     ] GC(58) y: Load: 6.29 (52%) / 6.07 (51%) / 5.92 (49%)
[2026-04-03T02:26:22.368+0600][49.013s][info][gc,mmu      ] GC(58) y: MMU: 2ms/95.7%, 5ms/97.6%, 10ms/98.8%, 20ms/99.4%, 50ms/99.7%, 100ms/99.8%
[2026-04-03T02:26:22.368+0600][49.013s][info][gc,marking  ] GC(58) y: Mark: 2 stripe(s), 2 proactive flush(es), 1 terminate flush(es), 0 completion(s), 0 continuation(s) 
[2026-04-03T02:26:22.368+0600][49.013s][info][gc,marking  ] GC(58) y: Mark Stack Usage: 32M
[2026-04-03T02:26:22.368+0600][49.013s][info][gc,nmethod  ] GC(58) y: NMethods: 14659 registered, 1746 unregistered
[2026-04-03T02:26:22.368+0600][49.013s][info][gc,metaspace] GC(58) y: Metaspace: 127M used, 129M committed, 1152M reserved
[2026-04-03T02:26:22.368+0600][49.013s][info][gc,reloc    ] GC(58) y:                        Candidates     Selected     In-Place         Size        Empty    Relocated 
[2026-04-03T02:26:22.368+0600][49.013s][info][gc,reloc    ] GC(58) y: Small Pages:                  194          167            0         388M          44M           6M 
[2026-04-03T02:26:22.368+0600][49.013s][info][gc,reloc    ] GC(58) y: Medium Pages:                   2            0            0          64M          64M           0M 
[2026-04-03T02:26:22.368+0600][49.013s][info][gc,reloc    ] GC(58) y: Large Pages:                    8            0            0          48M          48M           0M 
[2026-04-03T02:26:22.368+0600][49.013s][info][gc,reloc    ] GC(58) y: Forwarding Usage: 1M
[2026-04-03T02:26:22.368+0600][49.013s][info][gc,reloc    ] GC(58) y: Age Table:
[2026-04-03T02:26:22.368+0600][49.013s][info][gc,reloc    ] GC(58) y:                    Live             Garbage             Small              Medium             Large        
[2026-04-03T02:26:22.368+0600][49.013s][info][gc,reloc    ] GC(58) y: Eden               5M (0%)          448M (36%)        171 / 145            2 / 0              8 / 0        
[2026-04-03T02:26:22.368+0600][49.013s][info][gc,reloc    ] GC(58) y: Survivor 1         0M (0%)           17M (1%)           9 / 9              0 / 0              0 / 0        
[2026-04-03T02:26:22.368+0600][49.013s][info][gc,reloc    ] GC(58) y: Survivor 2         0M (0%)           19M (2%)          10 / 10             0 / 0              0 / 0        
[2026-04-03T02:26:22.368+0600][49.013s][info][gc,reloc    ] GC(58) y: Survivor 3         0M (0%)            3M (0%)           2 / 2              0 / 0              0 / 0        
[2026-04-03T02:26:22.368+0600][49.013s][info][gc,reloc    ] GC(58) y: Survivor 4         1M (0%)            2M (0%)           2 / 1              0 / 0              0 / 0        
[2026-04-03T02:26:22.368+0600][49.013s][info][gc,heap     ] GC(58) y: Min Capacity: 8M(1%)
[2026-04-03T02:26:22.368+0600][49.013s][info][gc,heap     ] GC(58) y: Max Capacity: 1250M(100%)
[2026-04-03T02:26:22.368+0600][49.013s][info][gc,heap     ] GC(58) y: Soft Max Capacity: 1250M(100%)
[2026-04-03T02:26:22.368+0600][49.013s][info][gc,heap     ] GC(58) y: Heap Statistics:
[2026-04-03T02:26:22.368+0600][49.013s][info][gc,heap     ] GC(58) y:                Mark Start          Mark End        Relocate Start      Relocate End           High               Low         
[2026-04-03T02:26:22.368+0600][49.013s][info][gc,heap     ] GC(58) y:  Capacity:     1250M (100%)       1250M (100%)       1250M (100%)       1250M (100%)       1250M (100%)       1250M (100%)   
[2026-04-03T02:26:22.368+0600][49.013s][info][gc,heap     ] GC(58) y:      Free:      520M (42%)         464M (37%)         616M (49%)         922M (74%)         922M (74%)         460M (37%)    
[2026-04-03T02:26:22.368+0600][49.013s][info][gc,heap     ] GC(58) y:      Used:      730M (58%)         786M (63%)         634M (51%)         328M (26%)         790M (63%)         328M (26%)    
[2026-04-03T02:26:22.368+0600][49.013s][info][gc,heap     ] GC(58) y: Young Generation Statistics:
[2026-04-03T02:26:22.368+0600][49.013s][info][gc,heap     ] GC(58) y:                Mark Start          Mark End        Relocate Start      Relocate End    
[2026-04-03T02:26:22.368+0600][49.013s][info][gc,heap     ] GC(58) y:      Used:      500M (40%)         556M (44%)         404M (32%)          94M (8%)     
[2026-04-03T02:26:22.368+0600][49.013s][info][gc,heap     ] GC(58) y:      Live:         -                 7M (1%)            7M (1%)            5M (0%)     
[2026-04-03T02:26:22.368+0600][49.013s][info][gc,heap     ] GC(58) y:   Garbage:         -               492M (39%)         336M (27%)           0M (0%)     
[2026-04-03T02:26:22.368+0600][49.013s][info][gc,heap     ] GC(58) y: Allocated:         -                56M (4%)           60M (5%)           88M (7%)     
[2026-04-03T02:26:22.368+0600][49.013s][info][gc,heap     ] GC(58) y: Reclaimed:         -                  -               156M (12%)         492M (39%)    
[2026-04-03T02:26:22.368+0600][49.013s][info][gc,heap     ] GC(58) y:  Promoted:         -                  -                 0M (0%)            2M (0%)     
[2026-04-03T02:26:22.368+0600][49.013s][info][gc,heap     ] GC(58) y: Compacted:         -                  -                  -                 5M (0%)     
[2026-04-03T02:26:22.368+0600][49.013s][info][gc,phases   ] GC(58) y: Young Generation 730M(58%)->328M(26%) 0.046s
[2026-04-03T02:26:22.368+0600][49.013s][info][gc          ] GC(58) Minor Collection (Allocation Rate) 728M(58%)->328M(26%) 0.046s
[2026-04-03T02:26:22.839+0600][49.484s][info][gc          ] GC(59) Minor Collection (Allocation Rate)
[2026-04-03T02:26:22.839+0600][49.484s][info][gc,task     ] GC(59) Using 2 Workers for Young Generation
[2026-04-03T02:26:22.839+0600][49.484s][info][gc,phases   ] GC(59) y: Young Generation
[2026-04-03T02:26:22.840+0600][49.484s][info][gc,phases   ] GC(59) y: Pause Mark Start 0.024ms
[2026-04-03T02:26:22.863+0600][49.508s][info][gc,phases   ] GC(59) y: Concurrent Mark 23.261ms
[2026-04-03T02:26:22.864+0600][49.508s][info][gc,phases   ] GC(59) y: Pause Mark End 0.031ms
[2026-04-03T02:26:22.864+0600][49.508s][info][gc,phases   ] GC(59) y: Concurrent Mark Free 0.001ms
[2026-04-03T02:26:22.864+0600][49.508s][info][gc,phases   ] GC(59) y: Concurrent Reset Relocation Set 0.029ms
[2026-04-03T02:26:22.867+0600][49.512s][info][gc,reloc    ] GC(59) y: Using tenuring threshold: 3 (Computed)
[2026-04-03T02:26:22.868+0600][49.513s][info][gc,phases   ] GC(59) y: Concurrent Select Relocation Set 4.042ms
[2026-04-03T02:26:22.868+0600][49.513s][info][gc,phases   ] GC(59) y: Pause Relocate Start 0.020ms
[2026-04-03T02:26:22.872+0600][49.517s][info][gc,phases   ] GC(59) y: Concurrent Relocate 3.742ms
[2026-04-03T02:26:22.872+0600][49.517s][info][gc,alloc    ] GC(59) y:                         Mark Start        Mark End      Relocate Start    Relocate End   
[2026-04-03T02:26:22.872+0600][49.517s][info][gc,alloc    ] GC(59) y: Allocation Stalls:          0                0                0                0         
[2026-04-03T02:26:22.872+0600][49.517s][info][gc,load     ] GC(59) y: Load: 6.29 (52%) / 6.07 (51%) / 5.92 (49%)
[2026-04-03T02:26:22.872+0600][49.517s][info][gc,mmu      ] GC(59) y: MMU: 2ms/95.7%, 5ms/97.6%, 10ms/98.8%, 20ms/99.4%, 50ms/99.7%, 100ms/99.8%
[2026-04-03T02:26:22.872+0600][49.517s][info][gc,marking  ] GC(59) y: Mark: 2 stripe(s), 2 proactive flush(es), 1 terminate flush(es), 0 completion(s), 0 continuation(s) 
[2026-04-03T02:26:22.872+0600][49.517s][info][gc,marking  ] GC(59) y: Mark Stack Usage: 32M
[2026-04-03T02:26:22.872+0600][49.517s][info][gc,nmethod  ] GC(59) y: NMethods: 14680 registered, 1746 unregistered
[2026-04-03T02:26:22.872+0600][49.517s][info][gc,metaspace] GC(59) y: Metaspace: 127M used, 129M committed, 1152M reserved
[2026-04-03T02:26:22.872+0600][49.517s][info][gc,reloc    ] GC(59) y:                        Candidates     Selected     In-Place         Size        Empty    Relocated 
[2026-04-03T02:26:22.872+0600][49.517s][info][gc,reloc    ] GC(59) y: Small Pages:                  148           80            0         296M         132M           2M 
[2026-04-03T02:26:22.872+0600][49.517s][info][gc,reloc    ] GC(59) y: Medium Pages:                   3            0            0          96M          96M           0M 
[2026-04-03T02:26:22.872+0600][49.517s][info][gc,reloc    ] GC(59) y: Large Pages:                    7            0            0          42M          42M           0M 
[2026-04-03T02:26:22.872+0600][49.517s][info][gc,reloc    ] GC(59) y: Forwarding Usage: 0M
[2026-04-03T02:26:22.872+0600][49.517s][info][gc,reloc    ] GC(59) y: Age Table:
[2026-04-03T02:26:22.872+0600][49.517s][info][gc,reloc    ] GC(59) y:                    Live             Garbage             Small              Medium             Large        
[2026-04-03T02:26:22.872+0600][49.517s][info][gc,reloc    ] GC(59) y: Eden               1M (0%)          400M (32%)        132 / 72             3 / 0              7 / 0        
[2026-04-03T02:26:22.872+0600][49.517s][info][gc,reloc    ] GC(59) y: Survivor 1         1M (0%)           26M (2%)          14 / 6              0 / 0              0 / 0        
[2026-04-03T02:26:22.872+0600][49.517s][info][gc,reloc    ] GC(59) y: Survivor 2         0M (0%)            3M (0%)           2 / 2              0 / 0              0 / 0        
[2026-04-03T02:26:22.872+0600][49.517s][info][gc,heap     ] GC(59) y: Min Capacity: 8M(1%)
[2026-04-03T02:26:22.872+0600][49.517s][info][gc,heap     ] GC(59) y: Max Capacity: 1250M(100%)
[2026-04-03T02:26:22.872+0600][49.517s][info][gc,heap     ] GC(59) y: Soft Max Capacity: 1250M(100%)
[2026-04-03T02:26:22.872+0600][49.517s][info][gc,heap     ] GC(59) y: Heap Statistics:
[2026-04-03T02:26:22.872+0600][49.517s][info][gc,heap     ] GC(59) y:                Mark Start          Mark End        Relocate Start      Relocate End           High               Low         
[2026-04-03T02:26:22.872+0600][49.517s][info][gc,heap     ] GC(59) y:  Capacity:     1250M (100%)       1250M (100%)       1250M (100%)       1250M (100%)       1250M (100%)       1250M (100%)   
[2026-04-03T02:26:22.873+0600][49.517s][info][gc,heap     ] GC(59) y:      Free:      582M (47%)         520M (42%)         782M (63%)         930M (74%)         930M (74%)         520M (42%)    
[2026-04-03T02:26:22.873+0600][49.517s][info][gc,heap     ] GC(59) y:      Used:      668M (53%)         730M (58%)         468M (37%)         320M (26%)         730M (58%)         320M (26%)    
[2026-04-03T02:26:22.873+0600][49.517s][info][gc,heap     ] GC(59) y: Young Generation Statistics:
[2026-04-03T02:26:22.873+0600][49.517s][info][gc,heap     ] GC(59) y:                Mark Start          Mark End        Relocate Start      Relocate End    
[2026-04-03T02:26:22.873+0600][49.517s][info][gc,heap     ] GC(59) y:      Used:      434M (35%)         496M (40%)         234M (19%)          86M (7%)     
[2026-04-03T02:26:22.873+0600][49.517s][info][gc,heap     ] GC(59) y:      Live:         -                 3M (0%)            3M (0%)            3M (0%)     
[2026-04-03T02:26:22.873+0600][49.517s][info][gc,heap     ] GC(59) y:   Garbage:         -               430M (34%)         160M (13%)           0M (0%)     
[2026-04-03T02:26:22.873+0600][49.517s][info][gc,heap     ] GC(59) y: Allocated:         -                62M (5%)           70M (6%)           82M (7%)     
[2026-04-03T02:26:22.873+0600][49.517s][info][gc,heap     ] GC(59) y: Reclaimed:         -                  -               270M (22%)         430M (34%)    
[2026-04-03T02:26:22.873+0600][49.517s][info][gc,heap     ] GC(59) y:  Promoted:         -                  -                 0M (0%)            0M (0%)     
[2026-04-03T02:26:22.873+0600][49.517s][info][gc,heap     ] GC(59) y: Compacted:         -                  -                  -                 3M (0%)     
[2026-04-03T02:26:22.873+0600][49.517s][info][gc,phases   ] GC(59) y: Young Generation 668M(53%)->320M(26%) 0.033s
[2026-04-03T02:26:22.873+0600][49.517s][info][gc          ] GC(59) Minor Collection (Allocation Rate) 668M(53%)->326M(26%) 0.033s
[2026-04-03T02:26:23.815+0600][50.460s][info][gc          ] GC(60) Minor Collection (Allocation Rate)
[2026-04-03T02:26:23.815+0600][50.460s][info][gc,task     ] GC(60) Using 3 Workers for Young Generation
[2026-04-03T02:26:23.815+0600][50.460s][info][gc,phases   ] GC(60) y: Young Generation
[2026-04-03T02:26:23.816+0600][50.460s][info][gc,phases   ] GC(60) y: Pause Mark Start 0.024ms
[2026-04-03T02:26:23.871+0600][50.515s][info][gc,phases   ] GC(60) y: Concurrent Mark 54.846ms
[2026-04-03T02:26:23.871+0600][50.516s][info][gc,phases   ] GC(60) y: Pause Mark End 0.024ms
[2026-04-03T02:26:23.871+0600][50.516s][info][gc,phases   ] GC(60) y: Concurrent Mark Free 0.002ms
[2026-04-03T02:26:23.871+0600][50.516s][info][gc,phases   ] GC(60) y: Concurrent Reset Relocation Set 0.012ms
[2026-04-03T02:26:23.875+0600][50.519s][info][gc,reloc    ] GC(60) y: Using tenuring threshold: 4 (Computed)
[2026-04-03T02:26:23.875+0600][50.520s][info][gc,phases   ] GC(60) y: Concurrent Select Relocation Set 4.042ms
[2026-04-03T02:26:23.875+0600][50.520s][info][gc,phases   ] GC(60) y: Pause Relocate Start 0.019ms
[2026-04-03T02:26:23.881+0600][50.526s][info][gc,phases   ] GC(60) y: Concurrent Relocate 5.507ms
[2026-04-03T02:26:23.881+0600][50.526s][info][gc,alloc    ] GC(60) y:                         Mark Start        Mark End      Relocate Start    Relocate End   
[2026-04-03T02:26:23.881+0600][50.526s][info][gc,alloc    ] GC(60) y: Allocation Stalls:          0                0                0                0         
[2026-04-03T02:26:23.881+0600][50.526s][info][gc,load     ] GC(60) y: Load: 6.29 (52%) / 6.07 (51%) / 5.92 (49%)
[2026-04-03T02:26:23.881+0600][50.526s][info][gc,mmu      ] GC(60) y: MMU: 2ms/95.7%, 5ms/97.6%, 10ms/98.8%, 20ms/99.4%, 50ms/99.7%, 100ms/99.8%
[2026-04-03T02:26:23.881+0600][50.526s][info][gc,marking  ] GC(60) y: Mark: 2 stripe(s), 2 proactive flush(es), 1 terminate flush(es), 0 completion(s), 0 continuation(s) 
[2026-04-03T02:26:23.881+0600][50.526s][info][gc,marking  ] GC(60) y: Mark Stack Usage: 32M
[2026-04-03T02:26:23.881+0600][50.526s][info][gc,nmethod  ] GC(60) y: NMethods: 14727 registered, 1746 unregistered
[2026-04-03T02:26:23.881+0600][50.526s][info][gc,metaspace] GC(60) y: Metaspace: 127M used, 129M committed, 1152M reserved
[2026-04-03T02:26:23.881+0600][50.526s][info][gc,reloc    ] GC(60) y:                        Candidates     Selected     In-Place         Size        Empty    Relocated 
[2026-04-03T02:26:23.881+0600][50.526s][info][gc,reloc    ] GC(60) y: Small Pages:                  309          201            0         618M         206M           6M 
[2026-04-03T02:26:23.881+0600][50.526s][info][gc,reloc    ] GC(60) y: Medium Pages:                   4            0            0         128M         128M           0M 
[2026-04-03T02:26:23.881+0600][50.526s][info][gc,reloc    ] GC(60) y: Large Pages:                   17            0            0         102M         102M           0M 
[2026-04-03T02:26:23.881+0600][50.526s][info][gc,reloc    ] GC(60) y: Forwarding Usage: 1M
[2026-04-03T02:26:23.881+0600][50.526s][info][gc,reloc    ] GC(60) y: Age Table:
[2026-04-03T02:26:23.881+0600][50.526s][info][gc,reloc    ] GC(60) y:                    Live             Garbage             Small              Medium             Large        
[2026-04-03T02:26:23.881+0600][50.526s][info][gc,reloc    ] GC(60) y: Eden               5M (0%)          832M (67%)        304 / 197            4 / 0             17 / 0        
[2026-04-03T02:26:23.881+0600][50.526s][info][gc,reloc    ] GC(60) y: Survivor 1         0M (0%)            3M (0%)           2 / 2              0 / 0              0 / 0        
[2026-04-03T02:26:23.881+0600][50.526s][info][gc,reloc    ] GC(60) y: Survivor 2         1M (0%)            2M (0%)           2 / 1              0 / 0              0 / 0        
[2026-04-03T02:26:23.881+0600][50.526s][info][gc,reloc    ] GC(60) y: Survivor 3         0M (0%)            1M (0%)           1 / 1              0 / 0              0 / 0        
[2026-04-03T02:26:23.881+0600][50.526s][info][gc,heap     ] GC(60) y: Min Capacity: 8M(1%)
[2026-04-03T02:26:23.881+0600][50.526s][info][gc,heap     ] GC(60) y: Max Capacity: 1250M(100%)
[2026-04-03T02:26:23.881+0600][50.526s][info][gc,heap     ] GC(60) y: Soft Max Capacity: 1250M(100%)
[2026-04-03T02:26:23.881+0600][50.526s][info][gc,heap     ] GC(60) y: Heap Statistics:
[2026-04-03T02:26:23.881+0600][50.526s][info][gc,heap     ] GC(60) y:                Mark Start          Mark End        Relocate Start      Relocate End           High               Low         
[2026-04-03T02:26:23.881+0600][50.526s][info][gc,heap     ] GC(60) y:  Capacity:     1250M (100%)       1250M (100%)       1250M (100%)       1250M (100%)       1250M (100%)       1250M (100%)   
[2026-04-03T02:26:23.881+0600][50.526s][info][gc,heap     ] GC(60) y:      Free:      168M (13%)          72M (6%)          500M (40%)         866M (69%)         866M (69%)          72M (6%)     
[2026-04-03T02:26:23.881+0600][50.526s][info][gc,heap     ] GC(60) y:      Used:     1082M (87%)        1178M (94%)         750M (60%)         384M (31%)        1178M (94%)         384M (31%)    
[2026-04-03T02:26:23.881+0600][50.526s][info][gc,heap     ] GC(60) y: Young Generation Statistics:
[2026-04-03T02:26:23.881+0600][50.526s][info][gc,heap     ] GC(60) y:                Mark Start          Mark End        Relocate Start      Relocate End    
[2026-04-03T02:26:23.881+0600][50.526s][info][gc,heap     ] GC(60) y:      Used:      848M (68%)         944M (76%)         516M (41%)         150M (12%)    
[2026-04-03T02:26:23.881+0600][50.526s][info][gc,heap     ] GC(60) y:      Live:         -                 7M (1%)            7M (1%)            7M (1%)     
[2026-04-03T02:26:23.881+0600][50.526s][info][gc,heap     ] GC(60) y:   Garbage:         -               840M (67%)         404M (32%)           1M (0%)     
[2026-04-03T02:26:23.881+0600][50.526s][info][gc,heap     ] GC(60) y: Allocated:         -                96M (8%)          104M (8%)          141M (11%)    
[2026-04-03T02:26:23.881+0600][50.526s][info][gc,heap     ] GC(60) y: Reclaimed:         -                  -               436M (35%)         839M (67%)    
[2026-04-03T02:26:23.881+0600][50.526s][info][gc,heap     ] GC(60) y:  Promoted:         -                  -                 0M (0%)            0M (0%)     
[2026-04-03T02:26:23.881+0600][50.526s][info][gc,heap     ] GC(60) y: Compacted:         -                  -                  -                 6M (1%)     
[2026-04-03T02:26:23.881+0600][50.526s][info][gc,phases   ] GC(60) y: Young Generation 1082M(87%)->384M(31%) 0.066s
[2026-04-03T02:26:23.881+0600][50.526s][info][gc          ] GC(60) Minor Collection (Allocation Rate) 1082M(87%)->384M(31%) 0.066s
[2026-04-03T02:26:24.084+0600][50.729s][info][gc          ] GC(61) Minor Collection (Allocation Rate)
[2026-04-03T02:26:24.084+0600][50.729s][info][gc,task     ] GC(61) Using 2 Workers for Young Generation
[2026-04-03T02:26:24.084+0600][50.729s][info][gc,phases   ] GC(61) y: Young Generation
[2026-04-03T02:26:24.084+0600][50.729s][info][gc,phases   ] GC(61) y: Pause Mark Start 0.027ms
[2026-04-03T02:26:24.111+0600][50.756s][info][gc,task     ] Adjusting Workers for Young Generation: 2 -> 3
[2026-04-03T02:26:24.114+0600][50.759s][info][gc,phases   ] GC(61) y: Concurrent Mark 29.695ms
[2026-04-03T02:26:24.115+0600][50.759s][info][gc,phases   ] GC(61) y: Pause Mark End 0.034ms
[2026-04-03T02:26:24.115+0600][50.759s][info][gc,phases   ] GC(61) y: Concurrent Mark Free 0.006ms
[2026-04-03T02:26:24.115+0600][50.760s][info][gc,phases   ] GC(61) y: Concurrent Reset Relocation Set 0.022ms
[2026-04-03T02:26:24.117+0600][50.762s][info][gc,reloc    ] GC(61) y: Using tenuring threshold: 3 (Computed)
[2026-04-03T02:26:24.119+0600][50.764s][info][gc,phases   ] GC(61) y: Concurrent Select Relocation Set 4.000ms
[2026-04-03T02:26:24.119+0600][50.764s][info][gc,phases   ] GC(61) y: Pause Relocate Start 0.029ms
[2026-04-03T02:26:24.125+0600][50.769s][info][gc,phases   ] GC(61) y: Concurrent Relocate 5.388ms
[2026-04-03T02:26:24.125+0600][50.770s][info][gc,alloc    ] GC(61) y:                         Mark Start        Mark End      Relocate Start    Relocate End   
[2026-04-03T02:26:24.125+0600][50.770s][info][gc,alloc    ] GC(61) y: Allocation Stalls:          0                0                0                0         
[2026-04-03T02:26:24.125+0600][50.770s][info][gc,load     ] GC(61) y: Load: 6.29 (52%) / 6.07 (51%) / 5.92 (49%)
[2026-04-03T02:26:24.125+0600][50.770s][info][gc,mmu      ] GC(61) y: MMU: 2ms/95.7%, 5ms/97.6%, 10ms/98.8%, 20ms/99.4%, 50ms/99.7%, 100ms/99.8%
[2026-04-03T02:26:24.125+0600][50.770s][info][gc,marking  ] GC(61) y: Mark: 2 stripe(s), 2 proactive flush(es), 1 terminate flush(es), 0 completion(s), 0 continuation(s) 
[2026-04-03T02:26:24.125+0600][50.770s][info][gc,marking  ] GC(61) y: Mark Stack Usage: 32M
[2026-04-03T02:26:24.125+0600][50.770s][info][gc,nmethod  ] GC(61) y: NMethods: 14737 registered, 1746 unregistered
[2026-04-03T02:26:24.125+0600][50.770s][info][gc,metaspace] GC(61) y: Metaspace: 127M used, 129M committed, 1152M reserved
[2026-04-03T02:26:24.125+0600][50.770s][info][gc,reloc    ] GC(61) y:                        Candidates     Selected     In-Place         Size        Empty    Relocated 
[2026-04-03T02:26:24.125+0600][50.770s][info][gc,reloc    ] GC(61) y: Small Pages:                  181           57            0         362M         236M           6M 
[2026-04-03T02:26:24.125+0600][50.770s][info][gc,reloc    ] GC(61) y: Medium Pages:                   1            0            0          32M          32M           0M 
[2026-04-03T02:26:24.125+0600][50.770s][info][gc,reloc    ] GC(61) y: Large Pages:                   25            0            0         150M         126M           0M 
[2026-04-03T02:26:24.125+0600][50.770s][info][gc,reloc    ] GC(61) y: Forwarding Usage: 1M
[2026-04-03T02:26:24.125+0600][50.770s][info][gc,reloc    ] GC(61) y: Age Table:
[2026-04-03T02:26:24.125+0600][50.770s][info][gc,reloc    ] GC(61) y:                    Live             Garbage             Small              Medium             Large        
[2026-04-03T02:26:24.125+0600][50.770s][info][gc,reloc    ] GC(61) y: Eden              27M (2%)          476M (38%)        161 / 41             1 / 0             25 / 0        
[2026-04-03T02:26:24.125+0600][50.770s][info][gc,reloc    ] GC(61) y: Survivor 1         3M (0%)           22M (2%)          13 / 11             0 / 0              0 / 0        
[2026-04-03T02:26:24.125+0600][50.770s][info][gc,reloc    ] GC(61) y: Survivor 2         0M (0%)            3M (0%)           2 / 2              0 / 0              0 / 0        
[2026-04-03T02:26:24.125+0600][50.770s][info][gc,reloc    ] GC(61) y: Survivor 3         1M (0%)            2M (0%)           2 / 1              0 / 0              0 / 0        
[2026-04-03T02:26:24.125+0600][50.770s][info][gc,reloc    ] GC(61) y: Survivor 4         0M (0%)            5M (0%)           3 / 2              0 / 0              0 / 0        
[2026-04-03T02:26:24.125+0600][50.770s][info][gc,heap     ] GC(61) y: Min Capacity: 8M(1%)
[2026-04-03T02:26:24.125+0600][50.770s][info][gc,heap     ] GC(61) y: Max Capacity: 1250M(100%)
[2026-04-03T02:26:24.125+0600][50.770s][info][gc,heap     ] GC(61) y: Soft Max Capacity: 1250M(100%)
[2026-04-03T02:26:24.125+0600][50.770s][info][gc,heap     ] GC(61) y: Heap Statistics:
[2026-04-03T02:26:24.125+0600][50.770s][info][gc,heap     ] GC(61) y:                Mark Start          Mark End        Relocate Start      Relocate End           High               Low         
[2026-04-03T02:26:24.125+0600][50.770s][info][gc,heap     ] GC(61) y:  Capacity:     1250M (100%)       1250M (100%)       1250M (100%)       1250M (100%)       1250M (100%)       1250M (100%)   
[2026-04-03T02:26:24.125+0600][50.770s][info][gc,heap     ] GC(61) y:      Free:      472M (38%)         184M (15%)         554M (44%)         638M (51%)         638M (51%)         184M (15%)    
[2026-04-03T02:26:24.125+0600][50.770s][info][gc,heap     ] GC(61) y:      Used:      778M (62%)        1066M (85%)         696M (56%)         612M (49%)        1066M (85%)         612M (49%)    
[2026-04-03T02:26:24.125+0600][50.770s][info][gc,heap     ] GC(61) y: Young Generation Statistics:
[2026-04-03T02:26:24.125+0600][50.770s][info][gc,heap     ] GC(61) y:                Mark Start          Mark End        Relocate Start      Relocate End    
[2026-04-03T02:26:24.125+0600][50.770s][info][gc,heap     ] GC(61) y:      Used:      544M (44%)         832M (67%)         462M (37%)         374M (30%)    
[2026-04-03T02:26:24.125+0600][50.770s][info][gc,heap     ] GC(61) y:      Live:         -                33M (3%)           33M (3%)           31M (3%)     
[2026-04-03T02:26:24.125+0600][50.770s][info][gc,heap     ] GC(61) y:   Garbage:         -               510M (41%)         116M (9%)            0M (0%)     
[2026-04-03T02:26:24.125+0600][50.770s][info][gc,heap     ] GC(61) y: Allocated:         -               288M (23%)         312M (25%)         341M (27%)    
[2026-04-03T02:26:24.125+0600][50.770s][info][gc,heap     ] GC(61) y: Reclaimed:         -                  -               394M (32%)         509M (41%)    
[2026-04-03T02:26:24.125+0600][50.770s][info][gc,heap     ] GC(61) y:  Promoted:         -                  -                 0M (0%)            1M (0%)     
[2026-04-03T02:26:24.125+0600][50.770s][info][gc,heap     ] GC(61) y: Compacted:         -                  -                  -                 6M (1%)     
[2026-04-03T02:26:24.125+0600][50.770s][info][gc,phases   ] GC(61) y: Young Generation 772M(62%)->612M(49%) 0.041s
[2026-04-03T02:26:24.125+0600][50.770s][info][gc          ] GC(61) Minor Collection (Allocation Rate) 766M(61%)->612M(49%) 0.041s
[2026-04-03T02:26:24.191+0600][50.836s][info][gc          ] GC(62) Minor Collection (Allocation Rate)
[2026-04-03T02:26:24.192+0600][50.836s][info][gc,task     ] GC(62) Using 3 Workers for Young Generation
[2026-04-03T02:26:24.192+0600][50.836s][info][gc,phases   ] GC(62) y: Young Generation
[2026-04-03T02:26:24.192+0600][50.837s][info][gc,phases   ] GC(62) y: Pause Mark Start 0.018ms
[2026-04-03T02:26:24.217+0600][50.862s][info][gc,phases   ] GC(62) y: Concurrent Mark 25.357ms
[2026-04-03T02:26:24.218+0600][50.862s][info][gc,phases   ] GC(62) y: Pause Mark End 0.033ms
[2026-04-03T02:26:24.218+0600][50.863s][info][gc,phases   ] GC(62) y: Concurrent Mark Free 0.004ms
[2026-04-03T02:26:24.218+0600][50.863s][info][gc,phases   ] GC(62) y: Concurrent Reset Relocation Set 0.014ms
[2026-04-03T02:26:24.221+0600][50.866s][info][gc,reloc    ] GC(62) y: Using tenuring threshold: 2 (Computed)
[2026-04-03T02:26:24.223+0600][50.868s][info][gc,phases   ] GC(62) y: Concurrent Select Relocation Set 4.902ms
[2026-04-03T02:26:24.223+0600][50.868s][info][gc,phases   ] GC(62) y: Pause Relocate Start 0.031ms
[2026-04-03T02:26:24.229+0600][50.873s][info][gc,phases   ] GC(62) y: Concurrent Relocate 5.359ms
[2026-04-03T02:26:24.229+0600][50.874s][info][gc,alloc    ] GC(62) y:                         Mark Start        Mark End      Relocate Start    Relocate End   
[2026-04-03T02:26:24.229+0600][50.874s][info][gc,alloc    ] GC(62) y: Allocation Stalls:          0                0                0                0         
[2026-04-03T02:26:24.229+0600][50.874s][info][gc,load     ] GC(62) y: Load: 6.29 (52%) / 6.07 (51%) / 5.92 (49%)
[2026-04-03T02:26:24.229+0600][50.874s][info][gc,mmu      ] GC(62) y: MMU: 2ms/95.7%, 5ms/97.6%, 10ms/98.8%, 20ms/99.4%, 50ms/99.7%, 100ms/99.8%
[2026-04-03T02:26:24.229+0600][50.874s][info][gc,marking  ] GC(62) y: Mark: 2 stripe(s), 2 proactive flush(es), 1 terminate flush(es), 0 completion(s), 0 continuation(s) 
[2026-04-03T02:26:24.229+0600][50.874s][info][gc,marking  ] GC(62) y: Mark Stack Usage: 32M
[2026-04-03T02:26:24.229+0600][50.874s][info][gc,nmethod  ] GC(62) y: NMethods: 14741 registered, 1746 unregistered
[2026-04-03T02:26:24.229+0600][50.874s][info][gc,metaspace] GC(62) y: Metaspace: 127M used, 129M committed, 1152M reserved
[2026-04-03T02:26:24.229+0600][50.874s][info][gc,reloc    ] GC(62) y:                        Candidates     Selected     In-Place         Size        Empty    Relocated 
[2026-04-03T02:26:24.229+0600][50.874s][info][gc,reloc    ] GC(62) y: Small Pages:                   51           37            0         102M          20M           3M 
[2026-04-03T02:26:24.229+0600][50.874s][info][gc,reloc    ] GC(62) y: Medium Pages:                   1            0            0          32M          32M           0M 
[2026-04-03T02:26:24.229+0600][50.874s][info][gc,reloc    ] GC(62) y: Large Pages:                   51            0            0         306M         300M           0M 
[2026-04-03T02:26:24.229+0600][50.874s][info][gc,reloc    ] GC(62) y: Forwarding Usage: 0M
[2026-04-03T02:26:24.229+0600][50.874s][info][gc,reloc    ] GC(62) y: Age Table:
[2026-04-03T02:26:24.229+0600][50.874s][info][gc,reloc    ] GC(62) y:                    Live             Garbage             Small              Medium             Large        
[2026-04-03T02:26:24.229+0600][50.874s][info][gc,reloc    ] GC(62) y: Eden               7M (1%)          384M (31%)         39 / 28             1 / 0             47 / 0        
[2026-04-03T02:26:24.229+0600][50.874s][info][gc,reloc    ] GC(62) y: Survivor 1         1M (0%)           34M (3%)           6 / 5              0 / 0              4 / 0        
[2026-04-03T02:26:24.229+0600][50.874s][info][gc,reloc    ] GC(62) y: Survivor 2         3M (0%)            6M (1%)           5 / 3              0 / 0              0 / 0        
[2026-04-03T02:26:24.229+0600][50.874s][info][gc,reloc    ] GC(62) y: Survivor 3         0M (0%)            1M (0%)           1 / 1              0 / 0              0 / 0        
[2026-04-03T02:26:24.229+0600][50.874s][info][gc,heap     ] GC(62) y: Min Capacity: 8M(1%)
[2026-04-03T02:26:24.229+0600][50.874s][info][gc,heap     ] GC(62) y: Max Capacity: 1250M(100%)
[2026-04-03T02:26:24.229+0600][50.874s][info][gc,heap     ] GC(62) y: Soft Max Capacity: 1250M(100%)
[2026-04-03T02:26:24.229+0600][50.874s][info][gc,heap     ] GC(62) y: Heap Statistics:
[2026-04-03T02:26:24.229+0600][50.874s][info][gc,heap     ] GC(62) y:                Mark Start          Mark End        Relocate Start      Relocate End           High               Low         
[2026-04-03T02:26:24.229+0600][50.874s][info][gc,heap     ] GC(62) y:  Capacity:     1250M (100%)       1250M (100%)       1250M (100%)       1250M (100%)       1250M (100%)       1250M (100%)   
[2026-04-03T02:26:24.229+0600][50.874s][info][gc,heap     ] GC(62) y:      Free:      572M (46%)         308M (25%)         616M (49%)         582M (47%)         652M (52%)         290M (23%)    
[2026-04-03T02:26:24.229+0600][50.874s][info][gc,heap     ] GC(62) y:      Used:      678M (54%)         942M (75%)         634M (51%)         668M (53%)         960M (77%)         598M (48%)    
[2026-04-03T02:26:24.229+0600][50.874s][info][gc,heap     ] GC(62) y: Young Generation Statistics:
[2026-04-03T02:26:24.229+0600][50.874s][info][gc,heap     ] GC(62) y:                Mark Start          Mark End        Relocate Start      Relocate End    
[2026-04-03T02:26:24.229+0600][50.874s][info][gc,heap     ] GC(62) y:      Used:      440M (35%)         704M (56%)         392M (31%)         420M (34%)    
[2026-04-03T02:26:24.229+0600][50.874s][info][gc,heap     ] GC(62) y:      Live:         -                12M (1%)            9M (1%)            8M (1%)     
[2026-04-03T02:26:24.229+0600][50.874s][info][gc,heap     ] GC(62) y:   Garbage:         -               427M (34%)          74M (6%)            0M (0%)     
[2026-04-03T02:26:24.229+0600][50.874s][info][gc,heap     ] GC(62) y: Allocated:         -               264M (21%)         308M (25%)         411M (33%)    
[2026-04-03T02:26:24.229+0600][50.874s][info][gc,heap     ] GC(62) y: Reclaimed:         -                  -               352M (28%)         427M (34%)    
[2026-04-03T02:26:24.229+0600][50.874s][info][gc,heap     ] GC(62) y:  Promoted:         -                  -                 3M (0%)            4M (0%)     
[2026-04-03T02:26:24.229+0600][50.874s][info][gc,heap     ] GC(62) y: Compacted:         -                  -                  -                 2M (0%)     
[2026-04-03T02:26:24.229+0600][50.874s][info][gc,phases   ] GC(62) y: Young Generation 678M(54%)->668M(53%) 0.037s
[2026-04-03T02:26:24.229+0600][50.874s][info][gc          ] GC(62) Minor Collection (Allocation Rate) 678M(54%)->668M(53%) 0.038s
[2026-04-03T02:26:24.230+0600][50.874s][info][gc          ] GC(63) Minor Collection (Allocation Rate)
[2026-04-03T02:26:24.230+0600][50.874s][info][gc,task     ] GC(63) Using 3 Workers for Young Generation
[2026-04-03T02:26:24.230+0600][50.874s][info][gc,phases   ] GC(63) y: Young Generation
[2026-04-03T02:26:24.230+0600][50.875s][info][gc,phases   ] GC(63) y: Pause Mark Start 0.037ms
[2026-04-03T02:26:24.249+0600][50.894s][info][gc,phases   ] GC(63) y: Concurrent Mark 19.359ms
[2026-04-03T02:26:24.250+0600][50.895s][info][gc,phases   ] GC(63) y: Pause Mark End 0.043ms
[2026-04-03T02:26:24.250+0600][50.895s][info][gc,phases   ] GC(63) y: Concurrent Mark Free 0.003ms
[2026-04-03T02:26:24.250+0600][50.895s][info][gc,phases   ] GC(63) y: Concurrent Reset Relocation Set 0.029ms
[2026-04-03T02:26:24.254+0600][50.898s][info][gc,reloc    ] GC(63) y: Using tenuring threshold: 3 (Computed)
[2026-04-03T02:26:24.254+0600][50.899s][info][gc,phases   ] GC(63) y: Concurrent Select Relocation Set 3.909ms
[2026-04-03T02:26:24.254+0600][50.899s][info][gc,phases   ] GC(63) y: Pause Relocate Start 0.024ms
[2026-04-03T02:26:24.258+0600][50.902s][info][gc,phases   ] GC(63) y: Concurrent Relocate 3.037ms
[2026-04-03T02:26:24.258+0600][50.903s][info][gc,alloc    ] GC(63) y:                         Mark Start        Mark End      Relocate Start    Relocate End   
[2026-04-03T02:26:24.258+0600][50.903s][info][gc,alloc    ] GC(63) y: Allocation Stalls:          0                0                0                0         
[2026-04-03T02:26:24.258+0600][50.903s][info][gc,load     ] GC(63) y: Load: 6.29 (52%) / 6.07 (51%) / 5.92 (49%)
[2026-04-03T02:26:24.258+0600][50.903s][info][gc,mmu      ] GC(63) y: MMU: 2ms/95.7%, 5ms/97.6%, 10ms/98.8%, 20ms/99.4%, 50ms/99.7%, 100ms/99.8%
[2026-04-03T02:26:24.258+0600][50.903s][info][gc,marking  ] GC(63) y: Mark: 2 stripe(s), 2 proactive flush(es), 1 terminate flush(es), 0 completion(s), 0 continuation(s) 
[2026-04-03T02:26:24.258+0600][50.903s][info][gc,marking  ] GC(63) y: Mark Stack Usage: 32M
[2026-04-03T02:26:24.258+0600][50.903s][info][gc,nmethod  ] GC(63) y: NMethods: 14752 registered, 1746 unregistered
[2026-04-03T02:26:24.258+0600][50.903s][info][gc,metaspace] GC(63) y: Metaspace: 127M used, 129M committed, 1152M reserved
[2026-04-03T02:26:24.258+0600][50.903s][info][gc,reloc    ] GC(63) y:                        Candidates     Selected     In-Place         Size        Empty    Relocated 
[2026-04-03T02:26:24.258+0600][50.903s][info][gc,reloc    ] GC(63) y: Small Pages:                   24           19            0          48M           4M           3M 
[2026-04-03T02:26:24.258+0600][50.903s][info][gc,reloc    ] GC(63) y: Medium Pages:                   0            0            0           0M           0M           0M 
[2026-04-03T02:26:24.258+0600][50.903s][info][gc,reloc    ] GC(63) y: Large Pages:                   62            0            0         372M         372M           0M 
[2026-04-03T02:26:24.258+0600][50.903s][info][gc,reloc    ] GC(63) y: Forwarding Usage: 0M
[2026-04-03T02:26:24.258+0600][50.903s][info][gc,reloc    ] GC(63) y: Age Table:
[2026-04-03T02:26:24.258+0600][50.903s][info][gc,reloc    ] GC(63) y:                    Live             Garbage             Small              Medium             Large        
[2026-04-03T02:26:24.258+0600][50.903s][info][gc,reloc    ] GC(63) y: Eden               2M (0%)          387M (31%)         12 / 9              0 / 0             61 / 0        
[2026-04-03T02:26:24.258+0600][50.903s][info][gc,reloc    ] GC(63) y: Survivor 1         1M (0%)           14M (1%)           5 / 4              0 / 0              1 / 0        
[2026-04-03T02:26:24.258+0600][50.903s][info][gc,reloc    ] GC(63) y: Survivor 2         1M (0%)           12M (1%)           7 / 6              0 / 0              0 / 0        
[2026-04-03T02:26:24.258+0600][50.903s][info][gc,heap     ] GC(63) y: Min Capacity: 8M(1%)
[2026-04-03T02:26:24.258+0600][50.903s][info][gc,heap     ] GC(63) y: Max Capacity: 1250M(100%)
[2026-04-03T02:26:24.258+0600][50.903s][info][gc,heap     ] GC(63) y: Soft Max Capacity: 1250M(100%)
[2026-04-03T02:26:24.258+0600][50.903s][info][gc,heap     ] GC(63) y: Heap Statistics:
[2026-04-03T02:26:24.258+0600][50.903s][info][gc,heap     ] GC(63) y:                Mark Start          Mark End        Relocate Start      Relocate End           High               Low         
[2026-04-03T02:26:24.258+0600][50.903s][info][gc,heap     ] GC(63) y:  Capacity:     1250M (100%)       1250M (100%)       1250M (100%)       1250M (100%)       1250M (100%)       1250M (100%)   
[2026-04-03T02:26:24.258+0600][50.903s][info][gc,heap     ] GC(63) y:      Free:      582M (47%)         510M (41%)         882M (71%)         908M (73%)         908M (73%)         510M (41%)    
[2026-04-03T02:26:24.258+0600][50.903s][info][gc,heap     ] GC(63) y:      Used:      668M (53%)         740M (59%)         368M (29%)         342M (27%)         740M (59%)         342M (27%)    
[2026-04-03T02:26:24.258+0600][50.903s][info][gc,heap     ] GC(63) y: Young Generation Statistics:
[2026-04-03T02:26:24.258+0600][50.903s][info][gc,heap     ] GC(63) y:                Mark Start          Mark End        Relocate Start      Relocate End    
[2026-04-03T02:26:24.258+0600][50.903s][info][gc,heap     ] GC(63) y:      Used:      420M (34%)         492M (39%)         120M (10%)          94M (8%)     
[2026-04-03T02:26:24.258+0600][50.903s][info][gc,heap     ] GC(63) y:      Live:         -                 4M (0%)            4M (0%)            4M (0%)     
[2026-04-03T02:26:24.258+0600][50.903s][info][gc,heap     ] GC(63) y:   Garbage:         -               415M (33%)          39M (3%)            0M (0%)     
[2026-04-03T02:26:24.258+0600][50.903s][info][gc,heap     ] GC(63) y: Allocated:         -                72M (6%)           76M (6%)           89M (7%)     
[2026-04-03T02:26:24.258+0600][50.903s][info][gc,heap     ] GC(63) y: Reclaimed:         -                  -               376M (30%)         415M (33%)    
[2026-04-03T02:26:24.258+0600][50.903s][info][gc,heap     ] GC(63) y:  Promoted:         -                  -                 0M (0%)            0M (0%)     
[2026-04-03T02:26:24.258+0600][50.903s][info][gc,heap     ] GC(63) y: Compacted:         -                  -                  -                 4M (0%)     
[2026-04-03T02:26:24.258+0600][50.903s][info][gc,phases   ] GC(63) y: Young Generation 668M(53%)->342M(27%) 0.028s
[2026-04-03T02:26:24.258+0600][50.903s][info][gc          ] GC(63) Minor Collection (Allocation Rate) 668M(53%)->342M(27%) 0.029s
[2026-04-03T02:26:24.325+0600][50.970s][info][gc          ] GC(64) Minor Collection (Allocation Rate)
[2026-04-03T02:26:24.325+0600][50.970s][info][gc,task     ] GC(64) Using 3 Workers for Young Generation
[2026-04-03T02:26:24.325+0600][50.970s][info][gc,phases   ] GC(64) y: Young Generation
[2026-04-03T02:26:24.326+0600][50.970s][info][gc,phases   ] GC(64) y: Pause Mark Start 0.029ms
[2026-04-03T02:26:24.354+0600][50.998s][info][gc,phases   ] GC(64) y: Concurrent Mark 28.017ms
[2026-04-03T02:26:24.354+0600][50.999s][info][gc,phases   ] GC(64) y: Pause Mark End 0.026ms
[2026-04-03T02:26:24.354+0600][50.999s][info][gc,phases   ] GC(64) y: Concurrent Mark Free 0.002ms
[2026-04-03T02:26:24.354+0600][50.999s][info][gc,phases   ] GC(64) y: Concurrent Reset Relocation Set 0.008ms
[2026-04-03T02:26:24.356+0600][51.001s][info][gc,reloc    ] GC(64) y: Using tenuring threshold: 4 (Computed)
[2026-04-03T02:26:24.356+0600][51.001s][info][gc,phases   ] GC(64) y: Concurrent Select Relocation Set 2.439ms
[2026-04-03T02:26:24.359+0600][51.004s][info][gc,phases   ] GC(64) y: Pause Relocate Start 0.019ms
[2026-04-03T02:26:24.360+0600][51.005s][info][gc,phases   ] GC(64) y: Concurrent Relocate 1.352ms
[2026-04-03T02:26:24.360+0600][51.005s][info][gc,alloc    ] GC(64) y:                         Mark Start        Mark End      Relocate Start    Relocate End   
[2026-04-03T02:26:24.360+0600][51.005s][info][gc,alloc    ] GC(64) y: Allocation Stalls:          0                0                0                0         
[2026-04-03T02:26:24.360+0600][51.005s][info][gc,load     ] GC(64) y: Load: 6.29 (52%) / 6.07 (51%) / 5.92 (49%)
[2026-04-03T02:26:24.360+0600][51.005s][info][gc,mmu      ] GC(64) y: MMU: 2ms/95.7%, 5ms/97.6%, 10ms/98.8%, 20ms/99.4%, 50ms/99.7%, 100ms/99.8%
[2026-04-03T02:26:24.360+0600][51.005s][info][gc,marking  ] GC(64) y: Mark: 2 stripe(s), 2 proactive flush(es), 1 terminate flush(es), 0 completion(s), 0 continuation(s) 
[2026-04-03T02:26:24.360+0600][51.005s][info][gc,marking  ] GC(64) y: Mark Stack Usage: 32M
[2026-04-03T02:26:24.360+0600][51.005s][info][gc,nmethod  ] GC(64) y: NMethods: 14775 registered, 1746 unregistered
[2026-04-03T02:26:24.360+0600][51.005s][info][gc,metaspace] GC(64) y: Metaspace: 127M used, 129M committed, 1152M reserved
[2026-04-03T02:26:24.360+0600][51.005s][info][gc,reloc    ] GC(64) y:                        Candidates     Selected     In-Place         Size        Empty    Relocated 
[2026-04-03T02:26:24.361+0600][51.005s][info][gc,reloc    ] GC(64) y: Small Pages:                   57           47            0         114M          16M           2M 
[2026-04-03T02:26:24.361+0600][51.005s][info][gc,reloc    ] GC(64) y: Medium Pages:                   1            0            0          32M          32M           0M 
[2026-04-03T02:26:24.361+0600][51.005s][info][gc,reloc    ] GC(64) y: Large Pages:                    5            0            0          30M          24M           0M 
[2026-04-03T02:26:24.361+0600][51.005s][info][gc,reloc    ] GC(64) y: Forwarding Usage: 0M
[2026-04-03T02:26:24.361+0600][51.005s][info][gc,reloc    ] GC(64) y: Age Table:
[2026-04-03T02:26:24.361+0600][51.005s][info][gc,reloc    ] GC(64) y:                    Live             Garbage             Small              Medium             Large        
[2026-04-03T02:26:24.361+0600][51.005s][info][gc,reloc    ] GC(64) y: Eden               7M (1%)          150M (12%)         48 / 41             1 / 0              5 / 0        
[2026-04-03T02:26:24.361+0600][51.005s][info][gc,reloc    ] GC(64) y: Survivor 1          -                 4M (0%)           2 / 0              0 / 0              0 / 0        
[2026-04-03T02:26:24.361+0600][51.005s][info][gc,reloc    ] GC(64) y: Survivor 2         0M (0%)            9M (1%)           5 / 4              0 / 0              0 / 0        
[2026-04-03T02:26:24.361+0600][51.005s][info][gc,reloc    ] GC(64) y: Survivor 3         1M (0%)            2M (0%)           2 / 2              0 / 0              0 / 0        
[2026-04-03T02:26:24.361+0600][51.005s][info][gc,heap     ] GC(64) y: Min Capacity: 8M(1%)
[2026-04-03T02:26:24.361+0600][51.005s][info][gc,heap     ] GC(64) y: Max Capacity: 1250M(100%)
[2026-04-03T02:26:24.361+0600][51.005s][info][gc,heap     ] GC(64) y: Soft Max Capacity: 1250M(100%)
[2026-04-03T02:26:24.361+0600][51.005s][info][gc,heap     ] GC(64) y: Heap Statistics:
[2026-04-03T02:26:24.361+0600][51.005s][info][gc,heap     ] GC(64) y:                Mark Start          Mark End        Relocate Start      Relocate End           High               Low         
[2026-04-03T02:26:24.361+0600][51.005s][info][gc,heap     ] GC(64) y:  Capacity:     1250M (100%)       1250M (100%)       1250M (100%)       1250M (100%)       1250M (100%)       1250M (100%)   
[2026-04-03T02:26:24.361+0600][51.005s][info][gc,heap     ] GC(64) y:      Free:      826M (66%)         806M (64%)         878M (70%)         944M (76%)         944M (76%)         806M (64%)    
[2026-04-03T02:26:24.361+0600][51.005s][info][gc,heap     ] GC(64) y:      Used:      424M (34%)         444M (36%)         372M (30%)         306M (24%)         444M (36%)         306M (24%)    
[2026-04-03T02:26:24.361+0600][51.005s][info][gc,heap     ] GC(64) y: Young Generation Statistics:
[2026-04-03T02:26:24.361+0600][51.005s][info][gc,heap     ] GC(64) y:                Mark Start          Mark End        Relocate Start      Relocate End    
[2026-04-03T02:26:24.361+0600][51.005s][info][gc,heap     ] GC(64) y:      Used:      176M (14%)         196M (16%)         124M (10%)          58M (5%)     
[2026-04-03T02:26:24.361+0600][51.005s][info][gc,heap     ] GC(64) y:      Live:         -                 8M (1%)            8M (1%)            8M (1%)     
[2026-04-03T02:26:24.361+0600][51.005s][info][gc,heap     ] GC(64) y:   Garbage:         -               167M (13%)          95M (8%)            0M (0%)     
[2026-04-03T02:26:24.361+0600][51.005s][info][gc,heap     ] GC(64) y: Allocated:         -                20M (2%)           20M (2%)           49M (4%)     
[2026-04-03T02:26:24.361+0600][51.005s][info][gc,heap     ] GC(64) y: Reclaimed:         -                  -                72M (6%)          167M (13%)    
[2026-04-03T02:26:24.361+0600][51.005s][info][gc,heap     ] GC(64) y:  Promoted:         -                  -                 0M (0%)            0M (0%)     
[2026-04-03T02:26:24.361+0600][51.005s][info][gc,heap     ] GC(64) y: Compacted:         -                  -                  -                 2M (0%)     
[2026-04-03T02:26:24.361+0600][51.005s][info][gc,phases   ] GC(64) y: Young Generation 424M(34%)->306M(24%) 0.035s
[2026-04-03T02:26:24.361+0600][51.006s][info][gc          ] GC(64) Minor Collection (Allocation Rate) 424M(34%)->306M(24%) 0.036s
[2026-04-03T02:26:24.996+0600][51.640s][info][gc          ] GC(65) Major Collection (Allocation Rate)
[2026-04-03T02:26:24.996+0600][51.640s][info][gc,task     ] GC(65) Using 3 Workers for Young Generation
[2026-04-03T02:26:24.996+0600][51.640s][info][gc,task     ] GC(65) Using 1 Workers for Old Generation
[2026-04-03T02:26:24.996+0600][51.640s][info][gc,phases   ] GC(65) Y: Young Generation
[2026-04-03T02:26:24.996+0600][51.641s][info][gc,phases   ] GC(65) Y: Pause Mark Start (Major) 0.031ms
[2026-04-03T02:26:25.041+0600][51.686s][info][gc,phases   ] GC(65) Y: Concurrent Mark 45.132ms
[2026-04-03T02:26:25.042+0600][51.686s][info][gc,phases   ] GC(65) Y: Pause Mark End 0.026ms
[2026-04-03T02:26:25.042+0600][51.686s][info][gc,phases   ] GC(65) Y: Concurrent Mark Free 0.001ms
[2026-04-03T02:26:25.042+0600][51.686s][info][gc,phases   ] GC(65) Y: Concurrent Reset Relocation Set 0.007ms
[2026-04-03T02:26:25.044+0600][51.689s][info][gc,reloc    ] GC(65) Y: Using tenuring threshold: 3 (Computed)
[2026-04-03T02:26:25.044+0600][51.689s][info][gc,phases   ] GC(65) Y: Concurrent Select Relocation Set 2.832ms
[2026-04-03T02:26:25.045+0600][51.689s][info][gc,phases   ] GC(65) Y: Pause Relocate Start 0.016ms
[2026-04-03T02:26:25.051+0600][51.695s][info][gc,phases   ] GC(65) Y: Concurrent Relocate 5.912ms
[2026-04-03T02:26:25.051+0600][51.695s][info][gc,alloc    ] GC(65) Y:                         Mark Start        Mark End      Relocate Start    Relocate End   
[2026-04-03T02:26:25.051+0600][51.695s][info][gc,alloc    ] GC(65) Y: Allocation Stalls:          0                0                0                0         
[2026-04-03T02:26:25.051+0600][51.696s][info][gc,load     ] GC(65) Y: Load: 6.51 (54%) / 6.12 (51%) / 5.93 (49%)
[2026-04-03T02:26:25.051+0600][51.696s][info][gc,mmu      ] GC(65) Y: MMU: 2ms/95.7%, 5ms/97.6%, 10ms/98.8%, 20ms/99.4%, 50ms/99.7%, 100ms/99.8%
[2026-04-03T02:26:25.051+0600][51.696s][info][gc,marking  ] GC(65) Y: Mark: 2 stripe(s), 2 proactive flush(es), 1 terminate flush(es), 0 completion(s), 0 continuation(s) 
[2026-04-03T02:26:25.051+0600][51.696s][info][gc,marking  ] GC(65) Y: Mark Stack Usage: 32M
[2026-04-03T02:26:25.051+0600][51.696s][info][gc,nmethod  ] GC(65) Y: NMethods: 14817 registered, 1746 unregistered
[2026-04-03T02:26:25.051+0600][51.696s][info][gc,metaspace] GC(65) Y: Metaspace: 127M used, 129M committed, 1152M reserved
[2026-04-03T02:26:25.051+0600][51.696s][info][gc,reloc    ] GC(65) Y:                        Candidates     Selected     In-Place         Size        Empty    Relocated 
[2026-04-03T02:26:25.051+0600][51.696s][info][gc,reloc    ] GC(65) Y: Small Pages:                  200          167            0         400M          58M           5M 
[2026-04-03T02:26:25.051+0600][51.696s][info][gc,reloc    ] GC(65) Y: Medium Pages:                   2            0            0          64M          64M           0M 
[2026-04-03T02:26:25.051+0600][51.696s][info][gc,reloc    ] GC(65) Y: Large Pages:                    9            0            0          54M          54M           0M 
[2026-04-03T02:26:25.051+0600][51.696s][info][gc,reloc    ] GC(65) Y: Forwarding Usage: 1M
[2026-04-03T02:26:25.051+0600][51.696s][info][gc,reloc    ] GC(65) Y: Age Table:
[2026-04-03T02:26:25.051+0600][51.696s][info][gc,reloc    ] GC(65) Y:                    Live             Garbage             Small              Medium             Large        
[2026-04-03T02:26:25.051+0600][51.696s][info][gc,reloc    ] GC(65) Y: Eden               3M (0%)          476M (38%)        184 / 152            2 / 0              8 / 0        
[2026-04-03T02:26:25.051+0600][51.696s][info][gc,reloc    ] GC(65) Y: Survivor 1         0M (0%)           27M (2%)          11 / 11             0 / 0              1 / 0        
[2026-04-03T02:26:25.051+0600][51.696s][info][gc,reloc    ] GC(65) Y: Survivor 2          -                 0M (0%)           0 / 0              0 / 0              0 / 0        
[2026-04-03T02:26:25.051+0600][51.696s][info][gc,reloc    ] GC(65) Y: Survivor 3         0M (0%)            5M (0%)           3 / 2              0 / 0              0 / 0        
[2026-04-03T02:26:25.051+0600][51.696s][info][gc,reloc    ] GC(65) Y: Survivor 4         1M (0%)            2M (0%)           2 / 2              0 / 0              0 / 0        
[2026-04-03T02:26:25.051+0600][51.696s][info][gc,heap     ] GC(65) Y: Min Capacity: 8M(1%)
[2026-04-03T02:26:25.051+0600][51.696s][info][gc,heap     ] GC(65) Y: Max Capacity: 1250M(100%)
[2026-04-03T02:26:25.051+0600][51.696s][info][gc,heap     ] GC(65) Y: Soft Max Capacity: 1250M(100%)
[2026-04-03T02:26:25.051+0600][51.696s][info][gc,heap     ] GC(65) Y: Heap Statistics:
[2026-04-03T02:26:25.051+0600][51.696s][info][gc,heap     ] GC(65) Y:                Mark Start          Mark End        Relocate Start      Relocate End           High               Low         
[2026-04-03T02:26:25.051+0600][51.696s][info][gc,heap     ] GC(65) Y:  Capacity:     1250M (100%)       1250M (100%)       1250M (100%)       1250M (100%)       1250M (100%)       1250M (100%)   
[2026-04-03T02:26:25.051+0600][51.696s][info][gc,heap     ] GC(65) Y:      Free:      484M (39%)         428M (34%)         604M (48%)         904M (72%)         904M (72%)         428M (34%)    
[2026-04-03T02:26:25.051+0600][51.696s][info][gc,heap     ] GC(65) Y:      Used:      766M (61%)         822M (66%)         646M (52%)         346M (28%)         822M (66%)         346M (28%)    
[2026-04-03T02:26:25.051+0600][51.696s][info][gc,heap     ] GC(65) Y: Young Generation Statistics:
[2026-04-03T02:26:25.051+0600][51.696s][info][gc,heap     ] GC(65) Y:                Mark Start          Mark End        Relocate Start      Relocate End    
[2026-04-03T02:26:25.051+0600][51.696s][info][gc,heap     ] GC(65) Y:      Used:      518M (41%)         574M (46%)         398M (32%)          90M (7%)     
[2026-04-03T02:26:25.051+0600][51.696s][info][gc,heap     ] GC(65) Y:      Live:         -                 6M (1%)            6M (1%)            4M (0%)     
[2026-04-03T02:26:25.051+0600][51.696s][info][gc,heap     ] GC(65) Y:   Garbage:         -               511M (41%)         335M (27%)           0M (0%)     
[2026-04-03T02:26:25.051+0600][51.696s][info][gc,heap     ] GC(65) Y: Allocated:         -                56M (4%)           56M (4%)           85M (7%)     
[2026-04-03T02:26:25.051+0600][51.696s][info][gc,heap     ] GC(65) Y: Reclaimed:         -                  -               176M (14%)         511M (41%)    
[2026-04-03T02:26:25.051+0600][51.696s][info][gc,heap     ] GC(65) Y:  Promoted:         -                  -                 0M (0%)            1M (0%)     
[2026-04-03T02:26:25.051+0600][51.696s][info][gc,heap     ] GC(65) Y: Compacted:         -                  -                  -                 4M (0%)     
[2026-04-03T02:26:25.051+0600][51.696s][info][gc,phases   ] GC(65) Y: Young Generation 766M(61%)->346M(28%) 0.055s
[2026-04-03T02:26:25.051+0600][51.696s][info][gc,phases   ] GC(65) O: Old Generation
[2026-04-03T02:26:25.058+0600][51.703s][info][gc          ] GC(66) Minor Collection (Allocation Rate)
[2026-04-03T02:26:25.058+0600][51.703s][info][gc,task     ] GC(66) Using 2 Workers for Young Generation
[2026-04-03T02:26:25.058+0600][51.703s][info][gc,phases   ] GC(66) y: Young Generation
[2026-04-03T02:26:25.058+0600][51.703s][info][gc,phases   ] GC(66) y: Pause Mark Start 0.025ms
[2026-04-03T02:26:25.095+0600][51.740s][info][gc,phases   ] GC(66) y: Concurrent Mark 37.095ms
[2026-04-03T02:26:25.096+0600][51.740s][info][gc,phases   ] GC(66) y: Pause Mark End 0.032ms
[2026-04-03T02:26:25.096+0600][51.741s][info][gc,phases   ] GC(66) y: Concurrent Mark Free 0.003ms
[2026-04-03T02:26:25.096+0600][51.741s][info][gc,phases   ] GC(66) y: Concurrent Reset Relocation Set 0.025ms
[2026-04-03T02:26:25.100+0600][51.744s][info][gc,reloc    ] GC(66) y: Using tenuring threshold: 1 (Computed)
[2026-04-03T02:26:25.103+0600][51.747s][info][gc,phases   ] GC(66) y: Concurrent Select Relocation Set 6.694ms
[2026-04-03T02:26:25.103+0600][51.748s][info][gc,phases   ] GC(66) y: Pause Relocate Start 0.022ms
[2026-04-03T02:26:25.114+0600][51.759s][info][gc,phases   ] GC(66) y: Concurrent Relocate 11.220ms
[2026-04-03T02:26:25.114+0600][51.759s][info][gc,alloc    ] GC(66) y:                         Mark Start        Mark End      Relocate Start    Relocate End   
[2026-04-03T02:26:25.115+0600][51.759s][info][gc,alloc    ] GC(66) y: Allocation Stalls:          0                0                0                0         
[2026-04-03T02:26:25.115+0600][51.759s][info][gc,load     ] GC(66) y: Load: 6.51 (54%) / 6.12 (51%) / 5.93 (49%)
[2026-04-03T02:26:25.115+0600][51.759s][info][gc,mmu      ] GC(66) y: MMU: 2ms/95.7%, 5ms/97.6%, 10ms/98.8%, 20ms/99.4%, 50ms/99.7%, 100ms/99.8%
[2026-04-03T02:26:25.115+0600][51.759s][info][gc,marking  ] GC(66) y: Mark: 2 stripe(s), 2 proactive flush(es), 1 terminate flush(es), 0 completion(s), 0 continuation(s) 
[2026-04-03T02:26:25.115+0600][51.759s][info][gc,marking  ] GC(66) y: Mark Stack Usage: 32M
[2026-04-03T02:26:25.115+0600][51.759s][info][gc,nmethod  ] GC(66) y: NMethods: 14820 registered, 1746 unregistered
[2026-04-03T02:26:25.115+0600][51.759s][info][gc,metaspace] GC(66) y: Metaspace: 127M used, 129M committed, 1152M reserved
[2026-04-03T02:26:25.115+0600][51.759s][info][gc,reloc    ] GC(66) y:                        Candidates     Selected     In-Place         Size        Empty    Relocated 
[2026-04-03T02:26:25.115+0600][51.759s][info][gc,reloc    ] GC(66) y: Small Pages:                   32           30            0          64M           0M           2M 
[2026-04-03T02:26:25.115+0600][51.759s][info][gc,reloc    ] GC(66) y: Medium Pages:                   1            0            0          32M          32M           0M 
[2026-04-03T02:26:25.115+0600][51.759s][info][gc,reloc    ] GC(66) y: Large Pages:                    0            0            0           0M           0M           0M 
[2026-04-03T02:26:25.115+0600][51.759s][info][gc,reloc    ] GC(66) y: Forwarding Usage: 0M
[2026-04-03T02:26:25.115+0600][51.759s][info][gc,reloc    ] GC(66) y: Age Table:
[2026-04-03T02:26:25.115+0600][51.759s][info][gc,reloc    ] GC(66) y:                    Live             Garbage             Small              Medium             Large        
[2026-04-03T02:26:25.115+0600][51.760s][info][gc,reloc    ] GC(66) y: Eden               0M (0%)           65M (5%)          17 / 16             1 / 0              0 / 0        
[2026-04-03T02:26:25.115+0600][51.760s][info][gc,reloc    ] GC(66) y: Survivor 1         2M (0%)           19M (2%)          11 / 10             0 / 0              0 / 0        
[2026-04-03T02:26:25.115+0600][51.760s][info][gc,reloc    ] GC(66) y: Survivor 2         0M (0%)            7M (1%)           4 / 4              0 / 0              0 / 0        
[2026-04-03T02:26:25.115+0600][51.760s][info][gc,heap     ] GC(66) y: Min Capacity: 8M(1%)
[2026-04-03T02:26:25.115+0600][51.760s][info][gc,heap     ] GC(66) y: Max Capacity: 1250M(100%)
[2026-04-03T02:26:25.115+0600][51.760s][info][gc,heap     ] GC(66) y: Soft Max Capacity: 1250M(100%)
[2026-04-03T02:26:25.115+0600][51.760s][info][gc,heap     ] GC(66) y: Heap Statistics:
[2026-04-03T02:26:25.115+0600][51.760s][info][gc,heap     ] GC(66) y:                Mark Start          Mark End        Relocate Start      Relocate End           High               Low         
[2026-04-03T02:26:25.115+0600][51.760s][info][gc,heap     ] GC(66) y:  Capacity:     1250M (100%)       1250M (100%)       1250M (100%)       1250M (100%)       1250M (100%)       1250M (100%)   
[2026-04-03T02:26:25.115+0600][51.760s][info][gc,heap     ] GC(66) y:      Free:      898M (72%)         850M (68%)         880M (70%)         934M (75%)         934M (75%)         850M (68%)    
[2026-04-03T02:26:25.115+0600][51.760s][info][gc,heap     ] GC(66) y:      Used:      352M (28%)         400M (32%)         370M (30%)         316M (25%)         400M (32%)         316M (25%)    
[2026-04-03T02:26:25.115+0600][51.760s][info][gc,heap     ] GC(66) y: Young Generation Statistics:
[2026-04-03T02:26:25.115+0600][51.760s][info][gc,heap     ] GC(66) y:                Mark Start          Mark End        Relocate Start      Relocate End    
[2026-04-03T02:26:25.115+0600][51.760s][info][gc,heap     ] GC(66) y:      Used:       96M (8%)          144M (12%)         114M (9%)           54M (4%)     
[2026-04-03T02:26:25.115+0600][51.760s][info][gc,heap     ] GC(66) y:      Live:         -                 3M (0%)            3M (0%)            0M (0%)     
[2026-04-03T02:26:25.115+0600][51.760s][info][gc,heap     ] GC(66) y:   Garbage:         -                92M (7%)           60M (5%)            0M (0%)     
[2026-04-03T02:26:25.115+0600][51.760s][info][gc,heap     ] GC(66) y: Allocated:         -                48M (4%)           50M (4%)           53M (4%)     
[2026-04-03T02:26:25.115+0600][51.760s][info][gc,heap     ] GC(66) y: Reclaimed:         -                  -                32M (3%)           92M (7%)     
[2026-04-03T02:26:25.115+0600][51.760s][info][gc,heap     ] GC(66) y:  Promoted:         -                  -                 0M (0%)            3M (0%)     
[2026-04-03T02:26:25.115+0600][51.760s][info][gc,heap     ] GC(66) y: Compacted:         -                  -                  -                 0M (0%)     
[2026-04-03T02:26:25.115+0600][51.760s][info][gc,phases   ] GC(66) y: Young Generation 352M(28%)->316M(25%) 0.057s
[2026-04-03T02:26:25.115+0600][51.760s][info][gc          ] GC(66) Minor Collection (Allocation Rate) 352M(28%)->316M(25%) 0.057s
[2026-04-03T02:26:25.272+0600][51.916s][info][gc          ] GC(67) Minor Collection (Allocation Rate)
[2026-04-03T02:26:25.272+0600][51.917s][info][gc,task     ] GC(67) Using 2 Workers for Young Generation
[2026-04-03T02:26:25.272+0600][51.917s][info][gc,phases   ] GC(67) y: Young Generation
[2026-04-03T02:26:25.272+0600][51.917s][info][gc,phases   ] GC(67) y: Pause Mark Start 0.024ms
[2026-04-03T02:26:25.300+0600][51.945s][info][gc,phases   ] GC(67) y: Concurrent Mark 27.557ms
[2026-04-03T02:26:25.300+0600][51.945s][info][gc,phases   ] GC(67) y: Pause Mark End 0.055ms
[2026-04-03T02:26:25.300+0600][51.945s][info][gc,phases   ] GC(67) y: Concurrent Mark Free 0.001ms
[2026-04-03T02:26:25.300+0600][51.945s][info][gc,phases   ] GC(67) y: Concurrent Reset Relocation Set 0.006ms
[2026-04-03T02:26:25.306+0600][51.951s][info][gc,reloc    ] GC(67) y: Using tenuring threshold: 2 (Computed)
[2026-04-03T02:26:25.306+0600][51.951s][info][gc,phases   ] GC(67) y: Concurrent Select Relocation Set 5.860ms
[2026-04-03T02:26:25.307+0600][51.952s][info][gc,phases   ] GC(67) y: Pause Relocate Start 0.022ms
[2026-04-03T02:26:25.311+0600][51.955s][info][gc,phases   ] GC(67) y: Concurrent Relocate 3.149ms
[2026-04-03T02:26:25.311+0600][51.955s][info][gc,alloc    ] GC(67) y:                         Mark Start        Mark End      Relocate Start    Relocate End   
[2026-04-03T02:26:25.311+0600][51.955s][info][gc,alloc    ] GC(67) y: Allocation Stalls:          0                0                0                0         
[2026-04-03T02:26:25.311+0600][51.955s][info][gc,load     ] GC(67) y: Load: 6.51 (54%) / 6.12 (51%) / 5.93 (49%)
[2026-04-03T02:26:25.311+0600][51.955s][info][gc,mmu      ] GC(67) y: MMU: 2ms/95.7%, 5ms/97.6%, 10ms/98.8%, 20ms/99.4%, 50ms/99.7%, 100ms/99.8%
[2026-04-03T02:26:25.311+0600][51.955s][info][gc,marking  ] GC(67) y: Mark: 2 stripe(s), 2 proactive flush(es), 1 terminate flush(es), 0 completion(s), 0 continuation(s) 
[2026-04-03T02:26:25.311+0600][51.955s][info][gc,marking  ] GC(67) y: Mark Stack Usage: 32M
[2026-04-03T02:26:25.311+0600][51.955s][info][gc,nmethod  ] GC(67) y: NMethods: 14826 registered, 1746 unregistered
[2026-04-03T02:26:25.311+0600][51.955s][info][gc,metaspace] GC(67) y: Metaspace: 127M used, 129M committed, 1152M reserved
[2026-04-03T02:26:25.311+0600][51.955s][info][gc,reloc    ] GC(67) y:                        Candidates     Selected     In-Place         Size        Empty    Relocated 
[2026-04-03T02:26:25.311+0600][51.955s][info][gc,reloc    ] GC(67) y: Small Pages:                   60           48            0         120M          20M           2M 
[2026-04-03T02:26:25.311+0600][51.955s][info][gc,reloc    ] GC(67) y: Medium Pages:                   1            0            0          32M          32M           0M 
[2026-04-03T02:26:25.311+0600][51.955s][info][gc,reloc    ] GC(67) y: Large Pages:                    3            0            0          18M          18M           0M 
[2026-04-03T02:26:25.311+0600][51.956s][info][gc,reloc    ] GC(67) y: Forwarding Usage: 0M
[2026-04-03T02:26:25.311+0600][51.956s][info][gc,reloc    ] GC(67) y: Age Table:
[2026-04-03T02:26:25.311+0600][51.956s][info][gc,reloc    ] GC(67) y:                    Live             Garbage             Small              Medium             Large        
[2026-04-03T02:26:25.311+0600][51.956s][info][gc,reloc    ] GC(67) y: Eden               2M (0%)          165M (13%)         59 / 47             1 / 0              3 / 0        
[2026-04-03T02:26:25.311+0600][51.956s][info][gc,reloc    ] GC(67) y: Survivor 1         0M (0%)            1M (0%)           1 / 1              0 / 0              0 / 0        
[2026-04-03T02:26:25.311+0600][51.956s][info][gc,heap     ] GC(67) y: Min Capacity: 8M(1%)
[2026-04-03T02:26:25.311+0600][51.956s][info][gc,heap     ] GC(67) y: Max Capacity: 1250M(100%)
[2026-04-03T02:26:25.311+0600][51.956s][info][gc,heap     ] GC(67) y: Soft Max Capacity: 1250M(100%)
[2026-04-03T02:26:25.311+0600][51.956s][info][gc,heap     ] GC(67) y: Heap Statistics:
[2026-04-03T02:26:25.311+0600][51.956s][info][gc,heap     ] GC(67) y:                Mark Start          Mark End        Relocate Start      Relocate End           High               Low         
[2026-04-03T02:26:25.311+0600][51.956s][info][gc,heap     ] GC(67) y:  Capacity:     1250M (100%)       1250M (100%)       1250M (100%)       1250M (100%)       1250M (100%)       1250M (100%)   
[2026-04-03T02:26:25.311+0600][51.956s][info][gc,heap     ] GC(67) y:      Free:      818M (65%)         764M (61%)         824M (66%)         908M (73%)         910M (73%)         754M (60%)    
[2026-04-03T02:26:25.311+0600][51.956s][info][gc,heap     ] GC(67) y:      Used:      432M (35%)         486M (39%)         426M (34%)         342M (27%)         496M (40%)         340M (27%)    
[2026-04-03T02:26:25.311+0600][51.956s][info][gc,heap     ] GC(67) y: Young Generation Statistics:
[2026-04-03T02:26:25.311+0600][51.956s][info][gc,heap     ] GC(67) y:                Mark Start          Mark End        Relocate Start      Relocate End    
[2026-04-03T02:26:25.311+0600][51.956s][info][gc,heap     ] GC(67) y:      Used:      170M (14%)         224M (18%)         164M (13%)          80M (6%)     
[2026-04-03T02:26:25.311+0600][51.956s][info][gc,heap     ] GC(67) y:      Live:         -                 2M (0%)            2M (0%)            2M (0%)     
[2026-04-03T02:26:25.311+0600][51.956s][info][gc,heap     ] GC(67) y:   Garbage:         -               167M (13%)          97M (8%)            0M (0%)     
[2026-04-03T02:26:25.311+0600][51.956s][info][gc,heap     ] GC(67) y: Allocated:         -                54M (4%)           64M (5%)           77M (6%)     
[2026-04-03T02:26:25.311+0600][51.956s][info][gc,heap     ] GC(67) y: Reclaimed:         -                  -                70M (6%)          167M (13%)    
[2026-04-03T02:26:25.311+0600][51.956s][info][gc,heap     ] GC(67) y:  Promoted:         -                  -                 0M (0%)            0M (0%)     
[2026-04-03T02:26:25.311+0600][51.956s][info][gc,heap     ] GC(67) y: Compacted:         -                  -                  -                 2M (0%)     
[2026-04-03T02:26:25.311+0600][51.956s][info][gc,phases   ] GC(67) y: Young Generation 432M(35%)->342M(27%) 0.039s
[2026-04-03T02:26:25.311+0600][51.956s][info][gc          ] GC(67) Minor Collection (Allocation Rate) 432M(35%)->342M(27%) 0.039s
[2026-04-03T02:26:25.517+0600][52.162s][info][gc,phases   ] GC(65) O: Concurrent Mark 465.574ms
[2026-04-03T02:26:25.517+0600][52.162s][info][gc,phases   ] GC(65) O: Pause Mark End 0.029ms
[2026-04-03T02:26:25.517+0600][52.162s][info][gc,phases   ] GC(65) O: Concurrent Mark Free 0.004ms
[2026-04-03T02:26:25.586+0600][52.230s][info][gc,phases   ] GC(65) O: Concurrent Process Non-Strong 68.357ms
[2026-04-03T02:26:25.586+0600][52.231s][info][gc,phases   ] GC(65) O: Concurrent Reset Relocation Set 0.011ms
[2026-04-03T02:26:25.591+0600][52.235s][info][gc,phases   ] GC(65) O: Concurrent Select Relocation Set 4.655ms
[2026-04-03T02:26:25.591+0600][52.235s][info][gc,task     ] GC(65) O: Using 3 Workers for Old Generation
[2026-04-03T02:26:25.598+0600][52.243s][info][gc,task     ] Adjusting Workers for Old Generation: 3 -> 1
[2026-04-03T02:26:25.622+0600][52.267s][info][gc,task     ] GC(65) O: Using 1 Workers for Old Generation
[2026-04-03T02:26:25.622+0600][52.267s][info][gc,phases   ] GC(65) O: Concurrent Remap Roots 31.494ms
[2026-04-03T02:26:25.622+0600][52.267s][info][gc,phases   ] GC(65) O: Pause Relocate Start 0.026ms
[2026-04-03T02:26:25.623+0600][52.267s][info][gc          ] GC(68) Minor Collection (Allocation Rate)
[2026-04-03T02:26:25.623+0600][52.267s][info][gc,task     ] GC(68) Using 2 Workers for Young Generation
[2026-04-03T02:26:25.623+0600][52.267s][info][gc,phases   ] GC(68) y: Young Generation
[2026-04-03T02:26:25.623+0600][52.268s][info][gc,phases   ] GC(68) y: Pause Mark Start 0.028ms
[2026-04-03T02:26:25.670+0600][52.315s][info][gc,phases   ] GC(68) y: Concurrent Mark 46.700ms
[2026-04-03T02:26:25.674+0600][52.318s][info][gc,phases   ] GC(68) y: Pause Mark End 0.059ms
[2026-04-03T02:26:25.674+0600][52.319s][info][gc,phases   ] GC(68) y: Concurrent Mark Free 0.003ms
[2026-04-03T02:26:25.674+0600][52.319s][info][gc,phases   ] GC(68) y: Concurrent Reset Relocation Set 0.009ms
[2026-04-03T02:26:25.677+0600][52.321s][info][gc,reloc    ] GC(68) y: Using tenuring threshold: 3 (Computed)
[2026-04-03T02:26:25.677+0600][52.322s][info][gc,phases   ] GC(68) y: Concurrent Select Relocation Set 3.072ms
[2026-04-03T02:26:25.678+0600][52.323s][info][gc,phases   ] GC(68) y: Pause Relocate Start 0.026ms
[2026-04-03T02:26:25.681+0600][52.326s][info][gc,phases   ] GC(68) y: Concurrent Relocate 3.379ms
[2026-04-03T02:26:25.681+0600][52.326s][info][gc,alloc    ] GC(68) y:                         Mark Start        Mark End      Relocate Start    Relocate End   
[2026-04-03T02:26:25.681+0600][52.326s][info][gc,alloc    ] GC(68) y: Allocation Stalls:          0                0                0                0         
[2026-04-03T02:26:25.681+0600][52.326s][info][gc,load     ] GC(68) y: Load: 6.51 (54%) / 6.12 (51%) / 5.93 (49%)
[2026-04-03T02:26:25.682+0600][52.326s][info][gc,mmu      ] GC(68) y: MMU: 2ms/95.7%, 5ms/97.6%, 10ms/98.8%, 20ms/99.4%, 50ms/99.7%, 100ms/99.8%
[2026-04-03T02:26:25.682+0600][52.326s][info][gc,marking  ] GC(68) y: Mark: 2 stripe(s), 2 proactive flush(es), 1 terminate flush(es), 0 completion(s), 0 continuation(s) 
[2026-04-03T02:26:25.682+0600][52.326s][info][gc,marking  ] GC(68) y: Mark Stack Usage: 32M
[2026-04-03T02:26:25.682+0600][52.326s][info][gc,nmethod  ] GC(68) y: NMethods: 14460 registered, 2142 unregistered
[2026-04-03T02:26:25.682+0600][52.326s][info][gc,metaspace] GC(68) y: Metaspace: 127M used, 129M committed, 1152M reserved
[2026-04-03T02:26:25.682+0600][52.326s][info][gc,reloc    ] GC(68) y:                        Candidates     Selected     In-Place         Size        Empty    Relocated 
[2026-04-03T02:26:25.682+0600][52.326s][info][gc,reloc    ] GC(68) y: Small Pages:                  108           86            0         216M          40M           2M 
[2026-04-03T02:26:25.682+0600][52.326s][info][gc,reloc    ] GC(68) y: Medium Pages:                   2            0            0          64M          64M           0M 
[2026-04-03T02:26:25.682+0600][52.326s][info][gc,reloc    ] GC(68) y: Large Pages:                    5            0            0          30M          30M           0M 
[2026-04-03T02:26:25.682+0600][52.326s][info][gc,reloc    ] GC(68) y: Forwarding Usage: 0M
[2026-04-03T02:26:25.682+0600][52.326s][info][gc,reloc    ] GC(68) y: Age Table:
[2026-04-03T02:26:25.682+0600][52.326s][info][gc,reloc    ] GC(68) y:                    Live             Garbage             Small              Medium             Large        
[2026-04-03T02:26:25.682+0600][52.326s][info][gc,reloc    ] GC(68) y: Eden               2M (0%)          299M (24%)        104 / 82             2 / 0              5 / 0        
[2026-04-03T02:26:25.682+0600][52.326s][info][gc,reloc    ] GC(68) y: Survivor 1         0M (0%)            5M (0%)           3 / 3              0 / 0              0 / 0        
[2026-04-03T02:26:25.682+0600][52.326s][info][gc,reloc    ] GC(68) y: Survivor 2         0M (0%)            1M (0%)           1 / 1              0 / 0              0 / 0        
[2026-04-03T02:26:25.682+0600][52.326s][info][gc,heap     ] GC(68) y: Min Capacity: 8M(1%)
[2026-04-03T02:26:25.682+0600][52.326s][info][gc,heap     ] GC(68) y: Max Capacity: 1250M(100%)
[2026-04-03T02:26:25.682+0600][52.326s][info][gc,heap     ] GC(68) y: Soft Max Capacity: 1250M(100%)
[2026-04-03T02:26:25.682+0600][52.326s][info][gc,heap     ] GC(68) y: Heap Statistics:
[2026-04-03T02:26:25.682+0600][52.326s][info][gc,heap     ] GC(68) y:                Mark Start          Mark End        Relocate Start      Relocate End           High               Low         
[2026-04-03T02:26:25.682+0600][52.326s][info][gc,heap     ] GC(68) y:  Capacity:     1250M (100%)       1250M (100%)       1250M (100%)       1250M (100%)       1250M (100%)       1250M (100%)   
[2026-04-03T02:26:25.682+0600][52.326s][info][gc,heap     ] GC(68) y:      Free:      664M (53%)         646M (52%)         778M (62%)         936M (75%)         936M (75%)         642M (51%)    
[2026-04-03T02:26:25.682+0600][52.326s][info][gc,heap     ] GC(68) y:      Used:      586M (47%)         604M (48%)         472M (38%)         314M (25%)         608M (49%)         314M (25%)    
[2026-04-03T02:26:25.682+0600][52.326s][info][gc,heap     ] GC(68) y: Young Generation Statistics:
[2026-04-03T02:26:25.682+0600][52.326s][info][gc,heap     ] GC(68) y:                Mark Start          Mark End        Relocate Start      Relocate End    
[2026-04-03T02:26:25.682+0600][52.326s][info][gc,heap     ] GC(68) y:      Used:      310M (25%)         398M (32%)         268M (21%)         110M (9%)     
[2026-04-03T02:26:25.682+0600][52.326s][info][gc,heap     ] GC(68) y:      Live:         -                 2M (0%)            2M (0%)            2M (0%)     
[2026-04-03T02:26:25.682+0600][52.326s][info][gc,heap     ] GC(68) y:   Garbage:         -               307M (25%)         173M (14%)           0M (0%)     
[2026-04-03T02:26:25.682+0600][52.327s][info][gc,heap     ] GC(68) y: Allocated:         -                88M (7%)           92M (7%)          107M (9%)     
[2026-04-03T02:26:25.682+0600][52.327s][info][gc,heap     ] GC(68) y: Reclaimed:         -                  -               134M (11%)         307M (25%)    
[2026-04-03T02:26:25.682+0600][52.327s][info][gc,heap     ] GC(68) y:  Promoted:         -                  -                 0M (0%)            0M (0%)     
[2026-04-03T02:26:25.682+0600][52.327s][info][gc,heap     ] GC(68) y: Compacted:         -                  -                  -                 2M (0%)     
[2026-04-03T02:26:25.682+0600][52.327s][info][gc,phases   ] GC(68) y: Young Generation 586M(47%)->314M(25%) 0.059s
[2026-04-03T02:26:25.682+0600][52.327s][info][gc          ] GC(68) Minor Collection (Allocation Rate) 586M(47%)->312M(25%) 0.059s
[2026-04-03T02:26:25.688+0600][52.333s][info][gc,phases   ] GC(65) O: Concurrent Relocate 65.447ms
[2026-04-03T02:26:25.688+0600][52.333s][info][gc,alloc    ] GC(65) O:                         Mark Start        Mark End      Relocate Start    Relocate End   
[2026-04-03T02:26:25.688+0600][52.333s][info][gc,alloc    ] GC(65) O: Allocation Stalls:          0                0                0                0         
[2026-04-03T02:26:25.688+0600][52.333s][info][gc,load     ] GC(65) O: Load: 6.51 (54%) / 6.12 (51%) / 5.93 (49%)
[2026-04-03T02:26:25.688+0600][52.333s][info][gc,mmu      ] GC(65) O: MMU: 2ms/95.7%, 5ms/97.6%, 10ms/98.8%, 20ms/99.4%, 50ms/99.7%, 100ms/99.8%
[2026-04-03T02:26:25.688+0600][52.333s][info][gc,marking  ] GC(65) O: Mark: 1 stripe(s), 2 proactive flush(es), 1 terminate flush(es), 0 completion(s), 0 continuation(s) 
[2026-04-03T02:26:25.688+0600][52.333s][info][gc,marking  ] GC(65) O: Mark Stack Usage: 32M
[2026-04-03T02:26:25.688+0600][52.333s][info][gc,nmethod  ] GC(65) O: NMethods: 14460 registered, 2142 unregistered
[2026-04-03T02:26:25.688+0600][52.333s][info][gc,metaspace] GC(65) O: Metaspace: 127M used, 129M committed, 1152M reserved
[2026-04-03T02:26:25.688+0600][52.333s][info][gc,ref      ] GC(65) O:                       Encountered   Discovered     Enqueued 
[2026-04-03T02:26:25.688+0600][52.333s][info][gc,ref      ] GC(65) O: Soft References:             6334            0            0 
[2026-04-03T02:26:25.688+0600][52.333s][info][gc,ref      ] GC(65) O: Weak References:            30620        24020        13517 
[2026-04-03T02:26:25.688+0600][52.333s][info][gc,ref      ] GC(65) O: Final References:              84            0            0 
[2026-04-03T02:26:25.688+0600][52.333s][info][gc,ref      ] GC(65) O: Phantom References:           620          583            0 
[2026-04-03T02:26:25.688+0600][52.333s][info][gc,reloc    ] GC(65) O:                        Candidates     Selected     In-Place         Size        Empty    Relocated 
[2026-04-03T02:26:25.688+0600][52.333s][info][gc,reloc    ] GC(65) O: Small Pages:                  108           41            0         216M           0M          16M 
[2026-04-03T02:26:25.688+0600][52.333s][info][gc,reloc    ] GC(65) O: Medium Pages:                   1            0            0          32M           0M           0M 
[2026-04-03T02:26:25.688+0600][52.333s][info][gc,reloc    ] GC(65) O: Large Pages:                    0            0            0           0M           0M           0M 
[2026-04-03T02:26:25.688+0600][52.333s][info][gc,reloc    ] GC(65) O: Forwarding Usage: 7M
[2026-04-03T02:26:25.688+0600][52.333s][info][gc,heap     ] GC(65) O: Min Capacity: 8M(1%)
[2026-04-03T02:26:25.688+0600][52.333s][info][gc,heap     ] GC(65) O: Max Capacity: 1250M(100%)
[2026-04-03T02:26:25.688+0600][52.333s][info][gc,heap     ] GC(65) O: Soft Max Capacity: 1250M(100%)
[2026-04-03T02:26:25.688+0600][52.333s][info][gc,heap     ] GC(65) O: Heap Statistics:
[2026-04-03T02:26:25.688+0600][52.333s][info][gc,heap     ] GC(65) O:                Mark Start          Mark End        Relocate Start      Relocate End           High               Low         
[2026-04-03T02:26:25.688+0600][52.333s][info][gc,heap     ] GC(65) O:  Capacity:     1250M (100%)       1250M (100%)       1250M (100%)       1250M (100%)       1250M (100%)       1250M (100%)   
[2026-04-03T02:26:25.688+0600][52.333s][info][gc,heap     ] GC(65) O:      Free:      484M (39%)         800M (64%)         678M (54%)         938M (75%)         938M (75%)         428M (34%)    
[2026-04-03T02:26:25.688+0600][52.333s][info][gc,heap     ] GC(65) O:      Used:      766M (61%)         450M (36%)         572M (46%)         312M (25%)         822M (66%)         312M (25%)    
[2026-04-03T02:26:25.688+0600][52.333s][info][gc,heap     ] GC(65) O: Old Generation Statistics:
[2026-04-03T02:26:25.688+0600][52.333s][info][gc,heap     ] GC(65) O:                Mark Start          Mark End        Relocate Start      Relocate End    
[2026-04-03T02:26:25.688+0600][52.333s][info][gc,heap     ] GC(65) O:      Used:      248M (20%)         262M (21%)         262M (21%)         198M (16%)    
[2026-04-03T02:26:25.688+0600][52.333s][info][gc,heap     ] GC(65) O:      Live:         -               130M (10%)         130M (10%)         130M (10%)    
[2026-04-03T02:26:25.688+0600][52.333s][info][gc,heap     ] GC(65) O:   Garbage:         -               117M (9%)          117M (9%)           31M (2%)     
[2026-04-03T02:26:25.688+0600][52.333s][info][gc,heap     ] GC(65) O: Allocated:         -                14M (1%)           14M (1%)           36M (3%)     
[2026-04-03T02:26:25.688+0600][52.333s][info][gc,heap     ] GC(65) O: Reclaimed:         -                  -                 0M (0%)           86M (7%)     
[2026-04-03T02:26:25.688+0600][52.333s][info][gc,heap     ] GC(65) O: Compacted:         -                  -                  -                31M (3%)     
[2026-04-03T02:26:25.688+0600][52.333s][info][gc,phases   ] GC(65) O: Old Generation 348M(28%)->312M(25%) 0.637s
[2026-04-03T02:26:25.689+0600][52.333s][info][gc          ] GC(65) Major Collection (Allocation Rate) 766M(61%)->316M(25%) 0.693s
[2026-04-03T02:26:26.534+0600][53.179s][info][gc          ] GC(69) Minor Collection (Allocation Rate)
[2026-04-03T02:26:26.534+0600][53.179s][info][gc,task     ] GC(69) Using 2 Workers for Young Generation
[2026-04-03T02:26:26.534+0600][53.179s][info][gc,phases   ] GC(69) y: Young Generation
[2026-04-03T02:26:26.535+0600][53.180s][info][gc,phases   ] GC(69) y: Pause Mark Start 0.026ms
[2026-04-03T02:26:26.569+0600][53.214s][info][gc,phases   ] GC(69) y: Concurrent Mark 34.046ms
[2026-04-03T02:26:26.569+0600][53.214s][info][gc,phases   ] GC(69) y: Pause Mark End 0.034ms
[2026-04-03T02:26:26.569+0600][53.214s][info][gc,phases   ] GC(69) y: Concurrent Mark Free 0.003ms
[2026-04-03T02:26:26.570+0600][53.214s][info][gc,phases   ] GC(69) y: Concurrent Reset Relocation Set 0.019ms
[2026-04-03T02:26:26.573+0600][53.218s][info][gc,reloc    ] GC(69) y: Using tenuring threshold: 4 (Computed)
[2026-04-03T02:26:26.574+0600][53.219s][info][gc,phases   ] GC(69) y: Concurrent Select Relocation Set 4.419ms
[2026-04-03T02:26:26.574+0600][53.219s][info][gc,phases   ] GC(69) y: Pause Relocate Start 0.025ms
[2026-04-03T02:26:26.582+0600][53.227s][info][gc,phases   ] GC(69) y: Concurrent Relocate 7.745ms
[2026-04-03T02:26:26.582+0600][53.227s][info][gc,alloc    ] GC(69) y:                         Mark Start        Mark End      Relocate Start    Relocate End   
[2026-04-03T02:26:26.582+0600][53.227s][info][gc,alloc    ] GC(69) y: Allocation Stalls:          0                0                0                0         
[2026-04-03T02:26:26.582+0600][53.227s][info][gc,load     ] GC(69) y: Load: 6.51 (54%) / 6.12 (51%) / 5.93 (49%)
[2026-04-03T02:26:26.582+0600][53.227s][info][gc,mmu      ] GC(69) y: MMU: 2ms/95.7%, 5ms/97.6%, 10ms/98.8%, 20ms/99.4%, 50ms/99.7%, 100ms/99.8%
[2026-04-03T02:26:26.582+0600][53.227s][info][gc,marking  ] GC(69) y: Mark: 2 stripe(s), 3 proactive flush(es), 1 terminate flush(es), 0 completion(s), 0 continuation(s) 
[2026-04-03T02:26:26.582+0600][53.227s][info][gc,marking  ] GC(69) y: Mark Stack Usage: 32M
[2026-04-03T02:26:26.582+0600][53.227s][info][gc,nmethod  ] GC(69) y: NMethods: 14577 registered, 2142 unregistered
[2026-04-03T02:26:26.582+0600][53.227s][info][gc,metaspace] GC(69) y: Metaspace: 128M used, 129M committed, 1152M reserved
[2026-04-03T02:26:26.582+0600][53.227s][info][gc,reloc    ] GC(69) y:                        Candidates     Selected     In-Place         Size        Empty    Relocated 
[2026-04-03T02:26:26.582+0600][53.227s][info][gc,reloc    ] GC(69) y: Small Pages:                  311          212            0         622M         190M           5M 
[2026-04-03T02:26:26.582+0600][53.227s][info][gc,reloc    ] GC(69) y: Medium Pages:                   3            0            0          96M          96M           0M 
[2026-04-03T02:26:26.582+0600][53.227s][info][gc,reloc    ] GC(69) y: Large Pages:                   15            0            0          90M          90M           0M 
[2026-04-03T02:26:26.582+0600][53.227s][info][gc,reloc    ] GC(69) y: Forwarding Usage: 1M
[2026-04-03T02:26:26.582+0600][53.227s][info][gc,reloc    ] GC(69) y: Age Table:
[2026-04-03T02:26:26.582+0600][53.227s][info][gc,reloc    ] GC(69) y:                    Live             Garbage             Small              Medium             Large        
[2026-04-03T02:26:26.582+0600][53.227s][info][gc,reloc    ] GC(69) y: Eden               4M (0%)          785M (63%)        302 / 205            3 / 0             15 / 0        
[2026-04-03T02:26:26.582+0600][53.227s][info][gc,reloc    ] GC(69) y: Survivor 1         0M (0%)            9M (1%)           5 / 4              0 / 0              0 / 0        
[2026-04-03T02:26:26.582+0600][53.227s][info][gc,reloc    ] GC(69) y: Survivor 2         0M (0%)            5M (0%)           3 / 2              0 / 0              0 / 0        
[2026-04-03T02:26:26.582+0600][53.227s][info][gc,reloc    ] GC(69) y: Survivor 3         0M (0%)            1M (0%)           1 / 1              0 / 0              0 / 0        
[2026-04-03T02:26:26.582+0600][53.227s][info][gc,heap     ] GC(69) y: Min Capacity: 8M(1%)
[2026-04-03T02:26:26.583+0600][53.227s][info][gc,heap     ] GC(69) y: Max Capacity: 1250M(100%)
[2026-04-03T02:26:26.583+0600][53.227s][info][gc,heap     ] GC(69) y: Soft Max Capacity: 1250M(100%)
[2026-04-03T02:26:26.583+0600][53.227s][info][gc,heap     ] GC(69) y: Heap Statistics:
[2026-04-03T02:26:26.583+0600][53.227s][info][gc,heap     ] GC(69) y:                Mark Start          Mark End        Relocate Start      Relocate End           High               Low         
[2026-04-03T02:26:26.583+0600][53.227s][info][gc,heap     ] GC(69) y:  Capacity:     1250M (100%)       1250M (100%)       1250M (100%)       1250M (100%)       1250M (100%)       1250M (100%)   
[2026-04-03T02:26:26.583+0600][53.227s][info][gc,heap     ] GC(69) y:      Free:      244M (20%)         188M (15%)         556M (44%)         936M (75%)         936M (75%)         186M (15%)    
[2026-04-03T02:26:26.583+0600][53.227s][info][gc,heap     ] GC(69) y:      Used:     1006M (80%)        1062M (85%)         694M (56%)         314M (25%)        1064M (85%)         314M (25%)    
[2026-04-03T02:26:26.583+0600][53.227s][info][gc,heap     ] GC(69) y: Young Generation Statistics:
[2026-04-03T02:26:26.583+0600][53.227s][info][gc,heap     ] GC(69) y:                Mark Start          Mark End        Relocate Start      Relocate End    
[2026-04-03T02:26:26.583+0600][53.227s][info][gc,heap     ] GC(69) y:      Used:      808M (65%)         864M (69%)         496M (40%)         116M (9%)     
[2026-04-03T02:26:26.583+0600][53.227s][info][gc,heap     ] GC(69) y:      Live:         -                 5M (0%)            5M (0%)            5M (0%)     
[2026-04-03T02:26:26.583+0600][53.227s][info][gc,heap     ] GC(69) y:   Garbage:         -               802M (64%)         426M (34%)           0M (0%)     
[2026-04-03T02:26:26.583+0600][53.227s][info][gc,heap     ] GC(69) y: Allocated:         -                56M (4%)           64M (5%)          110M (9%)     
[2026-04-03T02:26:26.583+0600][53.227s][info][gc,heap     ] GC(69) y: Reclaimed:         -                  -               376M (30%)         802M (64%)    
[2026-04-03T02:26:26.583+0600][53.227s][info][gc,heap     ] GC(69) y:  Promoted:         -                  -                 0M (0%)            0M (0%)     
[2026-04-03T02:26:26.583+0600][53.227s][info][gc,heap     ] GC(69) y: Compacted:         -                  -                  -                 5M (0%)     
[2026-04-03T02:26:26.583+0600][53.227s][info][gc,phases   ] GC(69) y: Young Generation 1006M(80%)->314M(25%) 0.048s
[2026-04-03T02:26:26.583+0600][53.227s][info][gc          ] GC(69) Minor Collection (Allocation Rate) 1006M(80%)->314M(25%) 0.048s
[2026-04-03T02:26:26.902+0600][53.547s][info][gc          ] GC(70) Minor Collection (Allocation Rate)
[2026-04-03T02:26:26.902+0600][53.547s][info][gc,task     ] GC(70) Using 1 Workers for Young Generation
[2026-04-03T02:26:26.902+0600][53.547s][info][gc,phases   ] GC(70) y: Young Generation
[2026-04-03T02:26:26.903+0600][53.547s][info][gc,phases   ] GC(70) y: Pause Mark Start 0.026ms
[2026-04-03T02:26:26.965+0600][53.610s][info][gc,phases   ] GC(70) y: Concurrent Mark 62.286ms
[2026-04-03T02:26:26.965+0600][53.610s][info][gc,phases   ] GC(70) y: Pause Mark End 0.030ms
[2026-04-03T02:26:26.966+0600][53.610s][info][gc,phases   ] GC(70) y: Concurrent Mark Free 0.002ms
[2026-04-03T02:26:26.966+0600][53.610s][info][gc,phases   ] GC(70) y: Concurrent Reset Relocation Set 0.025ms
[2026-04-03T02:26:26.972+0600][53.617s][info][gc,reloc    ] GC(70) y: Using tenuring threshold: 5 (Computed)
[2026-04-03T02:26:26.972+0600][53.617s][info][gc,phases   ] GC(70) y: Concurrent Select Relocation Set 6.850ms
[2026-04-03T02:26:26.973+0600][53.617s][info][gc,phases   ] GC(70) y: Pause Relocate Start 0.026ms
[2026-04-03T02:26:26.987+0600][53.632s][info][gc,phases   ] GC(70) y: Concurrent Relocate 13.848ms
[2026-04-03T02:26:26.987+0600][53.632s][info][gc,alloc    ] GC(70) y:                         Mark Start        Mark End      Relocate Start    Relocate End   
[2026-04-03T02:26:26.987+0600][53.632s][info][gc,alloc    ] GC(70) y: Allocation Stalls:          0                0                0                0         
[2026-04-03T02:26:26.987+0600][53.632s][info][gc,load     ] GC(70) y: Load: 6.51 (54%) / 6.12 (51%) / 5.93 (49%)
[2026-04-03T02:26:26.987+0600][53.632s][info][gc,mmu      ] GC(70) y: MMU: 2ms/95.7%, 5ms/97.6%, 10ms/98.8%, 20ms/99.4%, 50ms/99.7%, 100ms/99.8%
[2026-04-03T02:26:26.987+0600][53.632s][info][gc,marking  ] GC(70) y: Mark: 1 stripe(s), 2 proactive flush(es), 1 terminate flush(es), 0 completion(s), 0 continuation(s) 
[2026-04-03T02:26:26.987+0600][53.632s][info][gc,marking  ] GC(70) y: Mark Stack Usage: 32M
[2026-04-03T02:26:26.987+0600][53.632s][info][gc,nmethod  ] GC(70) y: NMethods: 14585 registered, 2142 unregistered
[2026-04-03T02:26:26.987+0600][53.632s][info][gc,metaspace] GC(70) y: Metaspace: 128M used, 129M committed, 1152M reserved
[2026-04-03T02:26:26.987+0600][53.632s][info][gc,reloc    ] GC(70) y:                        Candidates     Selected     In-Place         Size        Empty    Relocated 
[2026-04-03T02:26:26.987+0600][53.632s][info][gc,reloc    ] GC(70) y: Small Pages:                  274          100            0         548M         338M           3M 
[2026-04-03T02:26:26.987+0600][53.632s][info][gc,reloc    ] GC(70) y: Medium Pages:                   2            0            0          64M          64M           0M 
[2026-04-03T02:26:26.987+0600][53.632s][info][gc,reloc    ] GC(70) y: Large Pages:                    6            0            0          36M          36M           0M 
[2026-04-03T02:26:26.987+0600][53.632s][info][gc,reloc    ] GC(70) y: Forwarding Usage: 1M
[2026-04-03T02:26:26.987+0600][53.632s][info][gc,reloc    ] GC(70) y: Age Table:
[2026-04-03T02:26:26.987+0600][53.632s][info][gc,reloc    ] GC(70) y:                    Live             Garbage             Small              Medium             Large        
[2026-04-03T02:26:26.987+0600][53.632s][info][gc,reloc    ] GC(70) y: Eden               2M (0%)          609M (49%)        256 / 92             2 / 0              6 / 0        
[2026-04-03T02:26:26.987+0600][53.632s][info][gc,reloc    ] GC(70) y: Survivor 1         3M (0%)           22M (2%)          13 / 3              0 / 0              0 / 0        
[2026-04-03T02:26:26.987+0600][53.632s][info][gc,reloc    ] GC(70) y: Survivor 2         0M (0%)            3M (0%)           2 / 2              0 / 0              0 / 0        
[2026-04-03T02:26:26.987+0600][53.632s][info][gc,reloc    ] GC(70) y: Survivor 3         0M (0%)            3M (0%)           2 / 2              0 / 0              0 / 0        
[2026-04-03T02:26:26.987+0600][53.632s][info][gc,reloc    ] GC(70) y: Survivor 4         0M (0%)            1M (0%)           1 / 1              0 / 0              0 / 0        
[2026-04-03T02:26:26.987+0600][53.632s][info][gc,heap     ] GC(70) y: Min Capacity: 8M(1%)
[2026-04-03T02:26:26.987+0600][53.632s][info][gc,heap     ] GC(70) y: Max Capacity: 1250M(100%)
[2026-04-03T02:26:26.987+0600][53.632s][info][gc,heap     ] GC(70) y: Soft Max Capacity: 1250M(100%)
[2026-04-03T02:26:26.987+0600][53.632s][info][gc,heap     ] GC(70) y: Heap Statistics:
[2026-04-03T02:26:26.987+0600][53.632s][info][gc,heap     ] GC(70) y:                Mark Start          Mark End        Relocate Start      Relocate End           High               Low         
[2026-04-03T02:26:26.987+0600][53.632s][info][gc,heap     ] GC(70) y:  Capacity:     1250M (100%)       1250M (100%)       1250M (100%)       1250M (100%)       1250M (100%)       1250M (100%)   
[2026-04-03T02:26:26.987+0600][53.632s][info][gc,heap     ] GC(70) y:      Free:      404M (32%)         268M (21%)         690M (55%)         854M (68%)         854M (68%)         266M (21%)    
[2026-04-03T02:26:26.987+0600][53.632s][info][gc,heap     ] GC(70) y:      Used:      846M (68%)         982M (79%)         560M (45%)         396M (32%)         984M (79%)         396M (32%)    
[2026-04-03T02:26:26.987+0600][53.632s][info][gc,heap     ] GC(70) y: Young Generation Statistics:
[2026-04-03T02:26:26.987+0600][53.632s][info][gc,heap     ] GC(70) y:                Mark Start          Mark End        Relocate Start      Relocate End    
[2026-04-03T02:26:26.987+0600][53.632s][info][gc,heap     ] GC(70) y:      Used:      648M (52%)         784M (63%)         362M (29%)         198M (16%)    
[2026-04-03T02:26:26.987+0600][53.632s][info][gc,heap     ] GC(70) y:      Live:         -                 7M (1%)            7M (1%)            7M (1%)     
[2026-04-03T02:26:26.987+0600][53.632s][info][gc,heap     ] GC(70) y:   Garbage:         -               640M (51%)         202M (16%)           1M (0%)     
[2026-04-03T02:26:26.987+0600][53.632s][info][gc,heap     ] GC(70) y: Allocated:         -               136M (11%)         152M (12%)         189M (15%)    
[2026-04-03T02:26:26.987+0600][53.632s][info][gc,heap     ] GC(70) y: Reclaimed:         -                  -               438M (35%)         639M (51%)    
[2026-04-03T02:26:26.987+0600][53.632s][info][gc,heap     ] GC(70) y:  Promoted:         -                  -                 0M (0%)            0M (0%)     
[2026-04-03T02:26:26.987+0600][53.632s][info][gc,heap     ] GC(70) y: Compacted:         -                  -                  -                 4M (0%)     
[2026-04-03T02:26:26.987+0600][53.632s][info][gc,phases   ] GC(70) y: Young Generation 846M(68%)->396M(32%) 0.085s
[2026-04-03T02:26:26.988+0600][53.632s][info][gc          ] GC(70) Minor Collection (Allocation Rate) 846M(68%)->398M(32%) 0.085s
[2026-04-03T02:26:27.340+0600][53.984s][info][gc          ] GC(71) Major Collection (System.gc())
[2026-04-03T02:26:27.340+0600][53.984s][info][gc,task     ] GC(71) Using 3 Workers for Young Generation
[2026-04-03T02:26:27.340+0600][53.984s][info][gc,task     ] GC(71) Using 3 Workers for Old Generation
[2026-04-03T02:26:27.340+0600][53.984s][info][gc,phases   ] GC(71) Y: Young Generation (Promote All)
[2026-04-03T02:26:27.340+0600][53.985s][info][gc,phases   ] GC(71) Y: Pause Mark Start 0.018ms
[2026-04-03T02:26:27.361+0600][54.006s][info][gc,phases   ] GC(71) Y: Concurrent Mark 21.107ms
[2026-04-03T02:26:27.361+0600][54.006s][info][gc,phases   ] GC(71) Y: Pause Mark End 0.026ms
[2026-04-03T02:26:27.362+0600][54.006s][info][gc,phases   ] GC(71) Y: Concurrent Mark Free 0.002ms
[2026-04-03T02:26:27.362+0600][54.006s][info][gc,phases   ] GC(71) Y: Concurrent Reset Relocation Set 0.012ms
[2026-04-03T02:26:27.363+0600][54.008s][info][gc,reloc    ] GC(71) Y: Using tenuring threshold: 0 (Promote All)
[2026-04-03T02:26:27.366+0600][54.011s][info][gc,phases   ] GC(71) Y: Concurrent Select Relocation Set 4.630ms
[2026-04-03T02:26:27.366+0600][54.011s][info][gc,phases   ] GC(71) Y: Pause Relocate Start 0.016ms
[2026-04-03T02:26:27.373+0600][54.018s][info][gc,phases   ] GC(71) Y: Concurrent Relocate 6.373ms
[2026-04-03T02:26:27.373+0600][54.018s][info][gc,alloc    ] GC(71) Y:                         Mark Start        Mark End      Relocate Start    Relocate End   
[2026-04-03T02:26:27.373+0600][54.018s][info][gc,alloc    ] GC(71) Y: Allocation Stalls:          0                0                0                0         
[2026-04-03T02:26:27.373+0600][54.018s][info][gc,load     ] GC(71) Y: Load: 6.51 (54%) / 6.12 (51%) / 5.93 (49%)
[2026-04-03T02:26:27.373+0600][54.018s][info][gc,mmu      ] GC(71) Y: MMU: 2ms/95.7%, 5ms/97.6%, 10ms/98.8%, 20ms/99.4%, 50ms/99.7%, 100ms/99.8%
[2026-04-03T02:26:27.373+0600][54.018s][info][gc,marking  ] GC(71) Y: Mark: 2 stripe(s), 1 proactive flush(es), 1 terminate flush(es), 0 completion(s), 0 continuation(s) 
[2026-04-03T02:26:27.373+0600][54.018s][info][gc,marking  ] GC(71) Y: Mark Stack Usage: 32M
[2026-04-03T02:26:27.373+0600][54.018s][info][gc,nmethod  ] GC(71) Y: NMethods: 14711 registered, 2142 unregistered
[2026-04-03T02:26:27.373+0600][54.018s][info][gc,metaspace] GC(71) Y: Metaspace: 128M used, 129M committed, 1152M reserved
[2026-04-03T02:26:27.373+0600][54.018s][info][gc,reloc    ] GC(71) Y:                        Candidates     Selected     In-Place         Size        Empty    Relocated 
[2026-04-03T02:26:27.373+0600][54.018s][info][gc,reloc    ] GC(71) Y: Small Pages:                  188           72            0         376M         224M           3M 
[2026-04-03T02:26:27.373+0600][54.018s][info][gc,reloc    ] GC(71) Y: Medium Pages:                   2            0            0          64M          64M           0M 
[2026-04-03T02:26:27.373+0600][54.018s][info][gc,reloc    ] GC(71) Y: Large Pages:                    7            0            0          42M          42M           0M 
[2026-04-03T02:26:27.373+0600][54.018s][info][gc,reloc    ] GC(71) Y: Forwarding Usage: 1M
[2026-04-03T02:26:27.373+0600][54.018s][info][gc,reloc    ] GC(71) Y: Age Table:
[2026-04-03T02:26:27.373+0600][54.018s][info][gc,reloc    ] GC(71) Y:                    Live             Garbage             Small              Medium             Large        
[2026-04-03T02:26:27.373+0600][54.018s][info][gc,reloc    ] GC(71) Y: Eden               1M (0%)          462M (37%)        179 / 66             2 / 0              7 / 0        
[2026-04-03T02:26:27.373+0600][54.018s][info][gc,reloc    ] GC(71) Y: Survivor 1         0M (0%)            3M (0%)           2 / 1              0 / 0              0 / 0        
[2026-04-03T02:26:27.373+0600][54.018s][info][gc,reloc    ] GC(71) Y: Survivor 2         3M (0%)            4M (0%)           4 / 2              0 / 0              0 / 0        
[2026-04-03T02:26:27.373+0600][54.018s][info][gc,reloc    ] GC(71) Y: Survivor 3         0M (0%)            1M (0%)           1 / 1              0 / 0              0 / 0        
[2026-04-03T02:26:27.373+0600][54.018s][info][gc,reloc    ] GC(71) Y: Survivor 4         0M (0%)            1M (0%)           1 / 1              0 / 0              0 / 0        
[2026-04-03T02:26:27.373+0600][54.018s][info][gc,reloc    ] GC(71) Y: Survivor 5         0M (0%)            1M (0%)           1 / 1              0 / 0              0 / 0        
[2026-04-03T02:26:27.373+0600][54.018s][info][gc,heap     ] GC(71) Y: Min Capacity: 8M(1%)
[2026-04-03T02:26:27.373+0600][54.018s][info][gc,heap     ] GC(71) Y: Max Capacity: 1250M(100%)
[2026-04-03T02:26:27.373+0600][54.018s][info][gc,heap     ] GC(71) Y: Soft Max Capacity: 1250M(100%)
[2026-04-03T02:26:27.373+0600][54.018s][info][gc,heap     ] GC(71) Y: Heap Statistics:
[2026-04-03T02:26:27.373+0600][54.018s][info][gc,heap     ] GC(71) Y:                Mark Start          Mark End        Relocate Start      Relocate End           High               Low         
[2026-04-03T02:26:27.373+0600][54.018s][info][gc,heap     ] GC(71) Y:  Capacity:     1250M (100%)       1250M (100%)       1250M (100%)       1250M (100%)       1250M (100%)       1250M (100%)   
[2026-04-03T02:26:27.373+0600][54.018s][info][gc,heap     ] GC(71) Y:      Free:      570M (46%)         570M (46%)         900M (72%)        1040M (83%)        1040M (83%)         570M (46%)    
[2026-04-03T02:26:27.373+0600][54.018s][info][gc,heap     ] GC(71) Y:      Used:      680M (54%)         680M (54%)         350M (28%)         210M (17%)         680M (54%)         210M (17%)    
[2026-04-03T02:26:27.373+0600][54.018s][info][gc,heap     ] GC(71) Y: Young Generation Statistics:
[2026-04-03T02:26:27.373+0600][54.018s][info][gc,heap     ] GC(71) Y:                Mark Start          Mark End        Relocate Start      Relocate End    
[2026-04-03T02:26:27.373+0600][54.018s][info][gc,heap     ] GC(71) Y:      Used:      482M (39%)         482M (39%)         150M (12%)           2M (0%)     
[2026-04-03T02:26:27.373+0600][54.018s][info][gc,heap     ] GC(71) Y:      Live:         -                 6M (0%)            4M (0%)            0M (0%)     
[2026-04-03T02:26:27.373+0600][54.018s][info][gc,heap     ] GC(71) Y:   Garbage:         -               475M (38%)         145M (12%)           0M (0%)     
[2026-04-03T02:26:27.373+0600][54.018s][info][gc,heap     ] GC(71) Y: Allocated:         -                 0M (0%)            0M (0%)            2M (0%)     
[2026-04-03T02:26:27.373+0600][54.018s][info][gc,heap     ] GC(71) Y: Reclaimed:         -                  -               330M (26%)         475M (38%)    
[2026-04-03T02:26:27.373+0600][54.018s][info][gc,heap     ] GC(71) Y:  Promoted:         -                  -                 1M (0%)            6M (0%)     
[2026-04-03T02:26:27.373+0600][54.018s][info][gc,heap     ] GC(71) Y: Compacted:         -                  -                  -                 0M (0%)     
[2026-04-03T02:26:27.373+0600][54.018s][info][gc,phases   ] GC(71) Y: Young Generation (Promote All) 680M(54%)->210M(17%) 0.033s
[2026-04-03T02:26:27.373+0600][54.018s][info][gc,phases   ] GC(71) Y: Young Generation (Collect Roots)
[2026-04-03T02:26:27.373+0600][54.018s][info][gc,phases   ] GC(71) Y: Pause Mark Start (Major) 0.024ms
[2026-04-03T02:26:27.391+0600][54.035s][info][gc,phases   ] GC(71) Y: Concurrent Mark 16.940ms
[2026-04-03T02:26:27.391+0600][54.035s][info][gc,phases   ] GC(71) Y: Pause Mark End 0.022ms
[2026-04-03T02:26:27.391+0600][54.036s][info][gc,phases   ] GC(71) Y: Concurrent Mark Free 0.001ms
[2026-04-03T02:26:27.391+0600][54.036s][info][gc,phases   ] GC(71) Y: Concurrent Reset Relocation Set 0.017ms
[2026-04-03T02:26:27.392+0600][54.037s][info][gc,reloc    ] GC(71) Y: Using tenuring threshold: 1 (Computed)
[2026-04-03T02:26:27.393+0600][54.037s][info][gc,phases   ] GC(71) Y: Concurrent Select Relocation Set 1.673ms
[2026-04-03T02:26:27.393+0600][54.038s][info][gc,phases   ] GC(71) Y: Pause Relocate Start 0.014ms
[2026-04-03T02:26:27.393+0600][54.038s][info][gc,phases   ] GC(71) Y: Concurrent Relocate 0.179ms
[2026-04-03T02:26:27.393+0600][54.038s][info][gc,alloc    ] GC(71) Y:                         Mark Start        Mark End      Relocate Start    Relocate End   
[2026-04-03T02:26:27.393+0600][54.038s][info][gc,alloc    ] GC(71) Y: Allocation Stalls:          0                0                0                0         
[2026-04-03T02:26:27.393+0600][54.038s][info][gc,load     ] GC(71) Y: Load: 6.51 (54%) / 6.12 (51%) / 5.93 (49%)
[2026-04-03T02:26:27.393+0600][54.038s][info][gc,mmu      ] GC(71) Y: MMU: 2ms/95.7%, 5ms/97.6%, 10ms/98.8%, 20ms/99.4%, 50ms/99.7%, 100ms/99.8%
[2026-04-03T02:26:27.393+0600][54.038s][info][gc,marking  ] GC(71) Y: Mark: 2 stripe(s), 1 proactive flush(es), 1 terminate flush(es), 0 completion(s), 0 continuation(s) 
[2026-04-03T02:26:27.393+0600][54.038s][info][gc,marking  ] GC(71) Y: Mark Stack Usage: 32M
[2026-04-03T02:26:27.393+0600][54.038s][info][gc,nmethod  ] GC(71) Y: NMethods: 14712 registered, 2142 unregistered
[2026-04-03T02:26:27.393+0600][54.038s][info][gc,metaspace] GC(71) Y: Metaspace: 128M used, 129M committed, 1152M reserved
[2026-04-03T02:26:27.393+0600][54.038s][info][gc,reloc    ] GC(71) Y:                        Candidates     Selected     In-Place         Size        Empty    Relocated 
[2026-04-03T02:26:27.393+0600][54.038s][info][gc,reloc    ] GC(71) Y: Small Pages:                    1            0            0           2M           0M           0M 
[2026-04-03T02:26:27.393+0600][54.038s][info][gc,reloc    ] GC(71) Y: Medium Pages:                   0            0            0           0M           0M           0M 
[2026-04-03T02:26:27.393+0600][54.038s][info][gc,reloc    ] GC(71) Y: Large Pages:                    0            0            0           0M           0M           0M 
[2026-04-03T02:26:27.393+0600][54.038s][info][gc,reloc    ] GC(71) Y: Forwarding Usage: 0M
[2026-04-03T02:26:27.393+0600][54.038s][info][gc,reloc    ] GC(71) Y: Age Table:
[2026-04-03T02:26:27.393+0600][54.038s][info][gc,reloc    ] GC(71) Y:                    Live             Garbage             Small              Medium             Large        
[2026-04-03T02:26:27.393+0600][54.038s][info][gc,reloc    ] GC(71) Y: Eden               0M (0%)            1M (0%)           1 / 0              0 / 0              0 / 0        
[2026-04-03T02:26:27.393+0600][54.038s][info][gc,heap     ] GC(71) Y: Min Capacity: 8M(1%)
[2026-04-03T02:26:27.393+0600][54.038s][info][gc,heap     ] GC(71) Y: Max Capacity: 1250M(100%)
[2026-04-03T02:26:27.393+0600][54.038s][info][gc,heap     ] GC(71) Y: Soft Max Capacity: 1250M(100%)
[2026-04-03T02:26:27.393+0600][54.038s][info][gc,heap     ] GC(71) Y: Heap Statistics:
[2026-04-03T02:26:27.393+0600][54.038s][info][gc,heap     ] GC(71) Y:                Mark Start          Mark End        Relocate Start      Relocate End           High               Low         
[2026-04-03T02:26:27.393+0600][54.038s][info][gc,heap     ] GC(71) Y:  Capacity:     1250M (100%)       1250M (100%)       1250M (100%)       1250M (100%)       1250M (100%)       1250M (100%)   
[2026-04-03T02:26:27.393+0600][54.038s][info][gc,heap     ] GC(71) Y:      Free:     1040M (83%)        1040M (83%)        1040M (83%)        1040M (83%)        1040M (83%)        1040M (83%)    
[2026-04-03T02:26:27.393+0600][54.038s][info][gc,heap     ] GC(71) Y:      Used:      210M (17%)         210M (17%)         210M (17%)         210M (17%)         210M (17%)         210M (17%)    
[2026-04-03T02:26:27.393+0600][54.038s][info][gc,heap     ] GC(71) Y: Young Generation Statistics:
[2026-04-03T02:26:27.393+0600][54.038s][info][gc,heap     ] GC(71) Y:                Mark Start          Mark End        Relocate Start      Relocate End    
[2026-04-03T02:26:27.393+0600][54.038s][info][gc,heap     ] GC(71) Y:      Used:        2M (0%)            2M (0%)            2M (0%)            2M (0%)     
[2026-04-03T02:26:27.393+0600][54.038s][info][gc,heap     ] GC(71) Y:      Live:         -                 0M (0%)            0M (0%)            0M (0%)     
[2026-04-03T02:26:27.393+0600][54.038s][info][gc,heap     ] GC(71) Y:   Garbage:         -                 1M (0%)            1M (0%)            1M (0%)     
[2026-04-03T02:26:27.393+0600][54.038s][info][gc,heap     ] GC(71) Y: Allocated:         -                 0M (0%)            0M (0%)            0M (0%)     
[2026-04-03T02:26:27.393+0600][54.038s][info][gc,heap     ] GC(71) Y: Reclaimed:         -                  -                 0M (0%)            0M (0%)     
[2026-04-03T02:26:27.393+0600][54.038s][info][gc,heap     ] GC(71) Y:  Promoted:         -                  -                 0M (0%)            0M (0%)     
[2026-04-03T02:26:27.393+0600][54.038s][info][gc,heap     ] GC(71) Y: Compacted:         -                  -                  -                 0M (0%)     
[2026-04-03T02:26:27.393+0600][54.038s][info][gc,phases   ] GC(71) Y: Young Generation (Collect Roots) 210M(17%)->210M(17%) 0.020s
[2026-04-03T02:26:27.393+0600][54.038s][info][gc,phases   ] GC(71) O: Old Generation
[2026-04-03T02:26:27.487+0600][54.132s][info][gc,phases   ] GC(71) O: Concurrent Mark 93.852ms
[2026-04-03T02:26:27.487+0600][54.132s][info][gc,phases   ] GC(71) O: Pause Mark End 0.021ms
[2026-04-03T02:26:27.488+0600][54.132s][info][gc,phases   ] GC(71) O: Concurrent Mark Free 0.001ms
[2026-04-03T02:26:27.518+0600][54.163s][info][gc,phases   ] GC(71) O: Concurrent Process Non-Strong 30.512ms
[2026-04-03T02:26:27.518+0600][54.163s][info][gc,phases   ] GC(71) O: Concurrent Reset Relocation Set 0.009ms
[2026-04-03T02:26:27.520+0600][54.165s][info][gc,phases   ] GC(71) O: Concurrent Select Relocation Set 2.122ms
[2026-04-03T02:26:27.520+0600][54.165s][info][gc,task     ] GC(71) O: Using 3 Workers for Old Generation
[2026-04-03T02:26:27.546+0600][54.190s][info][gc,task     ] GC(71) O: Using 3 Workers for Old Generation
[2026-04-03T02:26:27.546+0600][54.191s][info][gc,phases   ] GC(71) O: Concurrent Remap Roots 25.502ms
[2026-04-03T02:26:27.546+0600][54.191s][info][gc,phases   ] GC(71) O: Pause Relocate Start 0.024ms
[2026-04-03T02:26:27.566+0600][54.211s][info][gc,phases   ] GC(71) O: Concurrent Relocate 19.609ms
[2026-04-03T02:26:27.566+0600][54.211s][info][gc,alloc    ] GC(71) O:                         Mark Start        Mark End      Relocate Start    Relocate End   
[2026-04-03T02:26:27.566+0600][54.211s][info][gc,alloc    ] GC(71) O: Allocation Stalls:          0                0                0                0         
[2026-04-03T02:26:27.566+0600][54.211s][info][gc,load     ] GC(71) O: Load: 6.51 (54%) / 6.12 (51%) / 5.93 (49%)
[2026-04-03T02:26:27.566+0600][54.211s][info][gc,mmu      ] GC(71) O: MMU: 2ms/95.7%, 5ms/97.6%, 10ms/98.8%, 20ms/99.4%, 50ms/99.7%, 100ms/99.8%
[2026-04-03T02:26:27.566+0600][54.211s][info][gc,marking  ] GC(71) O: Mark: 2 stripe(s), 2 proactive flush(es), 1 terminate flush(es), 0 completion(s), 0 continuation(s) 
[2026-04-03T02:26:27.566+0600][54.211s][info][gc,marking  ] GC(71) O: Mark Stack Usage: 32M
[2026-04-03T02:26:27.566+0600][54.211s][info][gc,nmethod  ] GC(71) O: NMethods: 14633 registered, 2240 unregistered
[2026-04-03T02:26:27.566+0600][54.211s][info][gc,metaspace] GC(71) O: Metaspace: 128M used, 129M committed, 1152M reserved
[2026-04-03T02:26:27.566+0600][54.211s][info][gc,ref      ] GC(71) O:                       Encountered   Discovered     Enqueued 
[2026-04-03T02:26:27.566+0600][54.211s][info][gc,ref      ] GC(71) O: Soft References:             6385            0            0 
[2026-04-03T02:26:27.566+0600][54.211s][info][gc,ref      ] GC(71) O: Weak References:            18968        11257         4038 
[2026-04-03T02:26:27.566+0600][54.211s][info][gc,ref      ] GC(71) O: Final References:              84            0            0 
[2026-04-03T02:26:27.566+0600][54.211s][info][gc,ref      ] GC(71) O: Phantom References:           620          354            0 
[2026-04-03T02:26:27.566+0600][54.211s][info][gc,reloc    ] GC(71) O:                        Candidates     Selected     In-Place         Size        Empty    Relocated 
[2026-04-03T02:26:27.566+0600][54.211s][info][gc,reloc    ] GC(71) O: Small Pages:                   88           32            0         176M           2M          11M 
[2026-04-03T02:26:27.566+0600][54.211s][info][gc,reloc    ] GC(71) O: Medium Pages:                   1            0            0          32M           0M           0M 
[2026-04-03T02:26:27.566+0600][54.211s][info][gc,reloc    ] GC(71) O: Large Pages:                    0            0            0           0M           0M           0M 
[2026-04-03T02:26:27.566+0600][54.211s][info][gc,reloc    ] GC(71) O: Forwarding Usage: 7M
[2026-04-03T02:26:27.566+0600][54.211s][info][gc,heap     ] GC(71) O: Min Capacity: 8M(1%)
[2026-04-03T02:26:27.566+0600][54.211s][info][gc,heap     ] GC(71) O: Max Capacity: 1250M(100%)
[2026-04-03T02:26:27.566+0600][54.211s][info][gc,heap     ] GC(71) O: Soft Max Capacity: 1250M(100%)
[2026-04-03T02:26:27.566+0600][54.211s][info][gc,heap     ] GC(71) O: Heap Statistics:
[2026-04-03T02:26:27.566+0600][54.211s][info][gc,heap     ] GC(71) O:                Mark Start          Mark End        Relocate Start      Relocate End           High               Low         
[2026-04-03T02:26:27.566+0600][54.211s][info][gc,heap     ] GC(71) O:  Capacity:     1250M (100%)       1250M (100%)       1250M (100%)       1250M (100%)       1250M (100%)       1250M (100%)   
[2026-04-03T02:26:27.566+0600][54.211s][info][gc,heap     ] GC(71) O:      Free:     1040M (83%)        1038M (83%)         996M (80%)        1024M (82%)        1040M (83%)         978M (78%)    
[2026-04-03T02:26:27.566+0600][54.211s][info][gc,heap     ] GC(71) O:      Used:      210M (17%)         212M (17%)         254M (20%)         226M (18%)         272M (22%)         210M (17%)    
[2026-04-03T02:26:27.566+0600][54.211s][info][gc,heap     ] GC(71) O: Old Generation Statistics:
[2026-04-03T02:26:27.566+0600][54.211s][info][gc,heap     ] GC(71) O:                Mark Start          Mark End        Relocate Start      Relocate End    
[2026-04-03T02:26:27.566+0600][54.211s][info][gc,heap     ] GC(71) O:      Used:      208M (17%)         208M (17%)         206M (16%)         160M (13%)    
[2026-04-03T02:26:27.566+0600][54.211s][info][gc,heap     ] GC(71) O:      Live:         -               109M (9%)          109M (9%)          109M (9%)     
[2026-04-03T02:26:27.566+0600][54.211s][info][gc,heap     ] GC(71) O:   Garbage:         -                98M (8%)           96M (8%)           28M (2%)     
[2026-04-03T02:26:27.566+0600][54.211s][info][gc,heap     ] GC(71) O: Allocated:         -                 0M (0%)            0M (0%)           21M (2%)     
[2026-04-03T02:26:27.566+0600][54.211s][info][gc,heap     ] GC(71) O: Reclaimed:         -                  -                 2M (0%)           69M (6%)     
[2026-04-03T02:26:27.566+0600][54.211s][info][gc,heap     ] GC(71) O: Compacted:         -                  -                  -                22M (2%)     
[2026-04-03T02:26:27.566+0600][54.211s][info][gc,phases   ] GC(71) O: Old Generation 210M(17%)->226M(18%) 0.173s
[2026-04-03T02:26:27.566+0600][54.211s][info][gc          ] GC(71) Major Collection (System.gc()) 680M(54%)->226M(18%) 0.227s
[2026-04-03T02:26:27.793+0600][54.438s][info][gc          ] GC(72) Minor Collection (Allocation Rate)
[2026-04-03T02:26:27.793+0600][54.438s][info][gc,task     ] GC(72) Using 1 Workers for Young Generation
[2026-04-03T02:26:27.793+0600][54.438s][info][gc,phases   ] GC(72) y: Young Generation
[2026-04-03T02:26:27.793+0600][54.438s][info][gc,phases   ] GC(72) y: Pause Mark Start 0.015ms
[2026-04-03T02:26:27.832+0600][54.476s][info][gc,phases   ] GC(72) y: Concurrent Mark 37.874ms
[2026-04-03T02:26:27.832+0600][54.476s][info][gc,phases   ] GC(72) y: Pause Mark End 0.043ms
[2026-04-03T02:26:27.832+0600][54.477s][info][gc,phases   ] GC(72) y: Concurrent Mark Free 0.003ms
[2026-04-03T02:26:27.832+0600][54.477s][info][gc,phases   ] GC(72) y: Concurrent Reset Relocation Set 0.001ms
[2026-04-03T02:26:27.835+0600][54.480s][info][gc,reloc    ] GC(72) y: Using tenuring threshold: 1 (Computed)
[2026-04-03T02:26:27.835+0600][54.480s][info][gc,phases   ] GC(72) y: Concurrent Select Relocation Set 3.228ms
[2026-04-03T02:26:27.835+0600][54.480s][info][gc,phases   ] GC(72) y: Pause Relocate Start 0.022ms
[2026-04-03T02:26:27.839+0600][54.484s][info][gc,phases   ] GC(72) y: Concurrent Relocate 3.931ms
[2026-04-03T02:26:27.840+0600][54.484s][info][gc,alloc    ] GC(72) y:                         Mark Start        Mark End      Relocate Start    Relocate End   
[2026-04-03T02:26:27.840+0600][54.484s][info][gc,alloc    ] GC(72) y: Allocation Stalls:          0                0                0                0         
[2026-04-03T02:26:27.840+0600][54.484s][info][gc,load     ] GC(72) y: Load: 6.51 (54%) / 6.12 (51%) / 5.93 (49%)
[2026-04-03T02:26:27.840+0600][54.484s][info][gc,mmu      ] GC(72) y: MMU: 2ms/95.7%, 5ms/97.6%, 10ms/98.8%, 20ms/99.4%, 50ms/99.7%, 100ms/99.8%
[2026-04-03T02:26:27.840+0600][54.484s][info][gc,marking  ] GC(72) y: Mark: 1 stripe(s), 2 proactive flush(es), 1 terminate flush(es), 0 completion(s), 0 continuation(s) 
[2026-04-03T02:26:27.840+0600][54.484s][info][gc,marking  ] GC(72) y: Mark Stack Usage: 32M
[2026-04-03T02:26:27.840+0600][54.484s][info][gc,nmethod  ] GC(72) y: NMethods: 14655 registered, 2240 unregistered
[2026-04-03T02:26:27.840+0600][54.484s][info][gc,metaspace] GC(72) y: Metaspace: 128M used, 129M committed, 1152M reserved
[2026-04-03T02:26:27.840+0600][54.484s][info][gc,reloc    ] GC(72) y:                        Candidates     Selected     In-Place         Size        Empty    Relocated 
[2026-04-03T02:26:27.840+0600][54.484s][info][gc,reloc    ] GC(72) y: Small Pages:                   94           76            0         188M          32M           2M 
[2026-04-03T02:26:27.840+0600][54.484s][info][gc,reloc    ] GC(72) y: Medium Pages:                   1            0            0          32M          32M           0M 
[2026-04-03T02:26:27.840+0600][54.484s][info][gc,reloc    ] GC(72) y: Large Pages:                   74            0            0         444M         420M           0M 
[2026-04-03T02:26:27.840+0600][54.484s][info][gc,reloc    ] GC(72) y: Forwarding Usage: 0M
[2026-04-03T02:26:27.840+0600][54.484s][info][gc,reloc    ] GC(72) y: Age Table:
[2026-04-03T02:26:27.840+0600][54.484s][info][gc,reloc    ] GC(72) y:                    Live             Garbage             Small              Medium             Large        
[2026-04-03T02:26:27.840+0600][54.484s][info][gc,reloc    ] GC(72) y: Eden              26M (2%)          635M (51%)         93 / 76             1 / 0             74 / 0        
[2026-04-03T02:26:27.840+0600][54.485s][info][gc,reloc    ] GC(72) y: Survivor 1          -                 2M (0%)           1 / 0              0 / 0              0 / 0        
[2026-04-03T02:26:27.840+0600][54.485s][info][gc,heap     ] GC(72) y: Min Capacity: 8M(1%)
[2026-04-03T02:26:27.840+0600][54.485s][info][gc,heap     ] GC(72) y: Max Capacity: 1250M(100%)
[2026-04-03T02:26:27.840+0600][54.485s][info][gc,heap     ] GC(72) y: Soft Max Capacity: 1250M(100%)
[2026-04-03T02:26:27.840+0600][54.485s][info][gc,heap     ] GC(72) y: Heap Statistics:
[2026-04-03T02:26:27.840+0600][54.485s][info][gc,heap     ] GC(72) y:                Mark Start          Mark End        Relocate Start      Relocate End           High               Low         
[2026-04-03T02:26:27.840+0600][54.485s][info][gc,heap     ] GC(72) y:  Capacity:     1250M (100%)       1250M (100%)       1250M (100%)       1250M (100%)       1250M (100%)       1250M (100%)   
[2026-04-03T02:26:27.840+0600][54.485s][info][gc,heap     ] GC(72) y:      Free:      426M (34%)         144M (12%)         592M (47%)         690M (55%)         698M (56%)         144M (12%)    
[2026-04-03T02:26:27.840+0600][54.485s][info][gc,heap     ] GC(72) y:      Used:      824M (66%)        1106M (88%)         658M (53%)         560M (45%)        1106M (88%)         552M (44%)    
[2026-04-03T02:26:27.840+0600][54.485s][info][gc,heap     ] GC(72) y: Young Generation Statistics:
[2026-04-03T02:26:27.840+0600][54.485s][info][gc,heap     ] GC(72) y:                Mark Start          Mark End        Relocate Start      Relocate End    
[2026-04-03T02:26:27.840+0600][54.485s][info][gc,heap     ] GC(72) y:      Used:      664M (53%)         946M (76%)         498M (40%)         400M (32%)    
[2026-04-03T02:26:27.840+0600][54.485s][info][gc,heap     ] GC(72) y:      Live:         -                26M (2%)           26M (2%)           26M (2%)     
[2026-04-03T02:26:27.840+0600][54.485s][info][gc,heap     ] GC(72) y:   Garbage:         -               637M (51%)         153M (12%)           0M (0%)     
[2026-04-03T02:26:27.840+0600][54.485s][info][gc,heap     ] GC(72) y: Allocated:         -               282M (23%)         318M (25%)         373M (30%)    
[2026-04-03T02:26:27.840+0600][54.485s][info][gc,heap     ] GC(72) y: Reclaimed:         -                  -               484M (39%)         637M (51%)    
[2026-04-03T02:26:27.840+0600][54.485s][info][gc,heap     ] GC(72) y:  Promoted:         -                  -                 0M (0%)            0M (0%)     
[2026-04-03T02:26:27.840+0600][54.485s][info][gc,heap     ] GC(72) y: Compacted:         -                  -                  -                 2M (0%)     
[2026-04-03T02:26:27.840+0600][54.485s][info][gc,phases   ] GC(72) y: Young Generation 824M(66%)->560M(45%) 0.047s
[2026-04-03T02:26:27.840+0600][54.485s][info][gc          ] GC(72) Minor Collection (Allocation Rate) 824M(66%)->592M(47%) 0.047s
[2026-04-03T02:26:27.842+0600][54.486s][info][gc          ] GC(73) Minor Collection (Allocation Rate)
[2026-04-03T02:26:27.842+0600][54.486s][info][gc,task     ] GC(73) Using 1 Workers for Young Generation
[2026-04-03T02:26:27.842+0600][54.487s][info][gc,phases   ] GC(73) y: Young Generation
[2026-04-03T02:26:27.842+0600][54.487s][info][gc,phases   ] GC(73) y: Pause Mark Start 0.027ms
[2026-04-03T02:26:27.874+0600][54.518s][info][gc,phases   ] GC(73) y: Concurrent Mark 31.444ms
[2026-04-03T02:26:27.874+0600][54.519s][info][gc,phases   ] GC(73) y: Pause Mark End 0.032ms
[2026-04-03T02:26:27.874+0600][54.519s][info][gc,phases   ] GC(73) y: Concurrent Mark Free 0.002ms
[2026-04-03T02:26:27.874+0600][54.519s][info][gc,phases   ] GC(73) y: Concurrent Reset Relocation Set 0.012ms
[2026-04-03T02:26:27.877+0600][54.521s][info][gc,reloc    ] GC(73) y: Using tenuring threshold: 2 (Computed)
[2026-04-03T02:26:27.877+0600][54.522s][info][gc,phases   ] GC(73) y: Concurrent Select Relocation Set 2.967ms
[2026-04-03T02:26:27.877+0600][54.522s][info][gc,phases   ] GC(73) y: Pause Relocate Start 0.022ms
[2026-04-03T02:26:27.879+0600][54.524s][info][gc,phases   ] GC(73) y: Concurrent Relocate 1.599ms
[2026-04-03T02:26:27.879+0600][54.524s][info][gc,alloc    ] GC(73) y:                         Mark Start        Mark End      Relocate Start    Relocate End   
[2026-04-03T02:26:27.879+0600][54.524s][info][gc,alloc    ] GC(73) y: Allocation Stalls:          0                0                0                0         
[2026-04-03T02:26:27.879+0600][54.524s][info][gc,load     ] GC(73) y: Load: 6.51 (54%) / 6.12 (51%) / 5.93 (49%)
[2026-04-03T02:26:27.879+0600][54.524s][info][gc,mmu      ] GC(73) y: MMU: 2ms/95.7%, 5ms/97.6%, 10ms/98.8%, 20ms/99.4%, 50ms/99.7%, 100ms/99.8%
[2026-04-03T02:26:27.879+0600][54.524s][info][gc,marking  ] GC(73) y: Mark: 1 stripe(s), 2 proactive flush(es), 1 terminate flush(es), 0 completion(s), 0 continuation(s) 
[2026-04-03T02:26:27.879+0600][54.524s][info][gc,marking  ] GC(73) y: Mark Stack Usage: 32M
[2026-04-03T02:26:27.879+0600][54.524s][info][gc,nmethod  ] GC(73) y: NMethods: 14655 registered, 2240 unregistered
[2026-04-03T02:26:27.879+0600][54.524s][info][gc,metaspace] GC(73) y: Metaspace: 128M used, 129M committed, 1152M reserved
[2026-04-03T02:26:27.879+0600][54.524s][info][gc,reloc    ] GC(73) y:                        Candidates     Selected     In-Place         Size        Empty    Relocated 
[2026-04-03T02:26:27.879+0600][54.524s][info][gc,reloc    ] GC(73) y: Small Pages:                   21           16            0          42M           6M           1M 
[2026-04-03T02:26:27.879+0600][54.524s][info][gc,reloc    ] GC(73) y: Medium Pages:                   1            0            0          32M          32M           0M 
[2026-04-03T02:26:27.879+0600][54.524s][info][gc,reloc    ] GC(73) y: Large Pages:                   63            0            0         378M         372M           0M 
[2026-04-03T02:26:27.879+0600][54.524s][info][gc,reloc    ] GC(73) y: Forwarding Usage: 0M
[2026-04-03T02:26:27.879+0600][54.524s][info][gc,reloc    ] GC(73) y: Age Table:
[2026-04-03T02:26:27.879+0600][54.524s][info][gc,reloc    ] GC(73) y:                    Live             Garbage             Small              Medium             Large        
[2026-04-03T02:26:27.879+0600][54.524s][info][gc,reloc    ] GC(73) y: Eden               6M (1%)          407M (33%)         14 / 10             1 / 0             59 / 0        
[2026-04-03T02:26:27.879+0600][54.524s][info][gc,reloc    ] GC(73) y: Survivor 1         2M (0%)           35M (3%)           7 / 6              0 / 0              4 / 0        
[2026-04-03T02:26:27.880+0600][54.524s][info][gc,heap     ] GC(73) y: Min Capacity: 8M(1%)
[2026-04-03T02:26:27.880+0600][54.524s][info][gc,heap     ] GC(73) y: Max Capacity: 1250M(100%)
[2026-04-03T02:26:27.880+0600][54.524s][info][gc,heap     ] GC(73) y: Soft Max Capacity: 1250M(100%)
[2026-04-03T02:26:27.880+0600][54.524s][info][gc,heap     ] GC(73) y: Heap Statistics:
[2026-04-03T02:26:27.880+0600][54.524s][info][gc,heap     ] GC(73) y:                Mark Start          Mark End        Relocate Start      Relocate End           High               Low         
[2026-04-03T02:26:27.880+0600][54.524s][info][gc,heap     ] GC(73) y:  Capacity:     1250M (100%)       1250M (100%)       1250M (100%)       1250M (100%)       1250M (100%)       1250M (100%)   
[2026-04-03T02:26:27.880+0600][54.524s][info][gc,heap     ] GC(73) y:      Free:      638M (51%)         550M (44%)         952M (76%)         978M (78%)         978M (78%)         550M (44%)    
[2026-04-03T02:26:27.880+0600][54.524s][info][gc,heap     ] GC(73) y:      Used:      612M (49%)         700M (56%)         298M (24%)         272M (22%)         700M (56%)         272M (22%)    
[2026-04-03T02:26:27.880+0600][54.524s][info][gc,heap     ] GC(73) y: Young Generation Statistics:
[2026-04-03T02:26:27.880+0600][54.524s][info][gc,heap     ] GC(73) y:                Mark Start          Mark End        Relocate Start      Relocate End    
[2026-04-03T02:26:27.880+0600][54.524s][info][gc,heap     ] GC(73) y:      Used:      452M (36%)         540M (43%)         138M (11%)         112M (9%)     
[2026-04-03T02:26:27.880+0600][54.524s][info][gc,heap     ] GC(73) y:      Live:         -                 9M (1%)            9M (1%)            9M (1%)     
[2026-04-03T02:26:27.880+0600][54.524s][info][gc,heap     ] GC(73) y:   Garbage:         -               442M (35%)          32M (3%)            0M (0%)     
[2026-04-03T02:26:27.880+0600][54.524s][info][gc,heap     ] GC(73) y: Allocated:         -                88M (7%)           96M (8%)          102M (8%)     
[2026-04-03T02:26:27.880+0600][54.524s][info][gc,heap     ] GC(73) y: Reclaimed:         -                  -               410M (33%)         442M (35%)    
[2026-04-03T02:26:27.880+0600][54.524s][info][gc,heap     ] GC(73) y:  Promoted:         -                  -                 0M (0%)            0M (0%)     
[2026-04-03T02:26:27.880+0600][54.524s][info][gc,heap     ] GC(73) y: Compacted:         -                  -                  -                 1M (0%)     
[2026-04-03T02:26:27.880+0600][54.524s][info][gc,phases   ] GC(73) y: Young Generation 612M(49%)->272M(22%) 0.037s
[2026-04-03T02:26:27.880+0600][54.525s][info][gc          ] GC(73) Minor Collection (Allocation Rate) 612M(49%)->272M(22%) 0.038s
[2026-04-03T02:26:28.111+0600][54.755s][info][gc          ] GC(74) Minor Collection (Allocation Rate)
[2026-04-03T02:26:28.111+0600][54.755s][info][gc,task     ] GC(74) Using 1 Workers for Young Generation
[2026-04-03T02:26:28.111+0600][54.755s][info][gc,phases   ] GC(74) y: Young Generation
[2026-04-03T02:26:28.111+0600][54.756s][info][gc,phases   ] GC(74) y: Pause Mark Start 0.018ms
[2026-04-03T02:26:28.133+0600][54.778s][info][gc,phases   ] GC(74) y: Concurrent Mark 22.192ms
[2026-04-03T02:26:28.134+0600][54.778s][info][gc,phases   ] GC(74) y: Pause Mark End 0.021ms
[2026-04-03T02:26:28.134+0600][54.778s][info][gc,phases   ] GC(74) y: Concurrent Mark Free 0.002ms
[2026-04-03T02:26:28.134+0600][54.778s][info][gc,phases   ] GC(74) y: Concurrent Reset Relocation Set 0.004ms
[2026-04-03T02:26:28.135+0600][54.780s][info][gc,reloc    ] GC(74) y: Using tenuring threshold: 3 (Computed)
[2026-04-03T02:26:28.136+0600][54.781s][info][gc,phases   ] GC(74) y: Concurrent Select Relocation Set 2.205ms
[2026-04-03T02:26:28.136+0600][54.781s][info][gc,phases   ] GC(74) y: Pause Relocate Start 0.017ms
[2026-04-03T02:26:28.138+0600][54.783s][info][gc,phases   ] GC(74) y: Concurrent Relocate 2.156ms
[2026-04-03T02:26:28.139+0600][54.783s][info][gc,alloc    ] GC(74) y:                         Mark Start        Mark End      Relocate Start    Relocate End   
[2026-04-03T02:26:28.139+0600][54.783s][info][gc,alloc    ] GC(74) y: Allocation Stalls:          0                0                0                0         
[2026-04-03T02:26:28.139+0600][54.783s][info][gc,load     ] GC(74) y: Load: 6.51 (54%) / 6.12 (51%) / 5.93 (49%)
[2026-04-03T02:26:28.139+0600][54.783s][info][gc,mmu      ] GC(74) y: MMU: 2ms/95.7%, 5ms/97.6%, 10ms/98.8%, 20ms/99.4%, 50ms/99.7%, 100ms/99.8%
[2026-04-03T02:26:28.139+0600][54.783s][info][gc,marking  ] GC(74) y: Mark: 1 stripe(s), 2 proactive flush(es), 1 terminate flush(es), 0 completion(s), 0 continuation(s) 
[2026-04-03T02:26:28.139+0600][54.783s][info][gc,marking  ] GC(74) y: Mark Stack Usage: 32M
[2026-04-03T02:26:28.139+0600][54.783s][info][gc,nmethod  ] GC(74) y: NMethods: 14685 registered, 2240 unregistered
[2026-04-03T02:26:28.139+0600][54.783s][info][gc,metaspace] GC(74) y: Metaspace: 128M used, 129M committed, 1152M reserved
[2026-04-03T02:26:28.139+0600][54.783s][info][gc,reloc    ] GC(74) y:                        Candidates     Selected     In-Place         Size        Empty    Relocated 
[2026-04-03T02:26:28.139+0600][54.783s][info][gc,reloc    ] GC(74) y: Small Pages:                   83           70            0         166M          20M           2M 
[2026-04-03T02:26:28.139+0600][54.783s][info][gc,reloc    ] GC(74) y: Medium Pages:                   2            0            0          64M          64M           0M 
[2026-04-03T02:26:28.139+0600][54.783s][info][gc,reloc    ] GC(74) y: Large Pages:                    8            0            0          48M          48M           0M 
[2026-04-03T02:26:28.139+0600][54.783s][info][gc,reloc    ] GC(74) y: Forwarding Usage: 0M
[2026-04-03T02:26:28.139+0600][54.783s][info][gc,reloc    ] GC(74) y: Age Table:
[2026-04-03T02:26:28.139+0600][54.783s][info][gc,reloc    ] GC(74) y:                    Live             Garbage             Small              Medium             Large        
[2026-04-03T02:26:28.139+0600][54.783s][info][gc,reloc    ] GC(74) y: Eden               1M (0%)          264M (21%)         80 / 69             2 / 0              7 / 0        
[2026-04-03T02:26:28.139+0600][54.783s][info][gc,reloc    ] GC(74) y: Survivor 1          -                 8M (1%)           1 / 0              0 / 0              1 / 0        
[2026-04-03T02:26:28.139+0600][54.783s][info][gc,reloc    ] GC(74) y: Survivor 2         1M (0%)            2M (0%)           2 / 1              0 / 0              0 / 0        
[2026-04-03T02:26:28.139+0600][54.783s][info][gc,heap     ] GC(74) y: Min Capacity: 8M(1%)
[2026-04-03T02:26:28.139+0600][54.783s][info][gc,heap     ] GC(74) y: Max Capacity: 1250M(100%)
[2026-04-03T02:26:28.139+0600][54.783s][info][gc,heap     ] GC(74) y: Soft Max Capacity: 1250M(100%)
[2026-04-03T02:26:28.139+0600][54.783s][info][gc,heap     ] GC(74) y: Heap Statistics:
[2026-04-03T02:26:28.139+0600][54.783s][info][gc,heap     ] GC(74) y:                Mark Start          Mark End        Relocate Start      Relocate End           High               Low         
[2026-04-03T02:26:28.139+0600][54.783s][info][gc,heap     ] GC(74) y:  Capacity:     1250M (100%)       1250M (100%)       1250M (100%)       1250M (100%)       1250M (100%)       1250M (100%)   
[2026-04-03T02:26:28.139+0600][54.783s][info][gc,heap     ] GC(74) y:      Free:      812M (65%)         798M (64%)         930M (74%)        1068M (85%)        1068M (85%)         798M (64%)    
[2026-04-03T02:26:28.139+0600][54.783s][info][gc,heap     ] GC(74) y:      Used:      438M (35%)         452M (36%)         320M (26%)         182M (15%)         452M (36%)         182M (15%)    
[2026-04-03T02:26:28.139+0600][54.783s][info][gc,heap     ] GC(74) y: Young Generation Statistics:
[2026-04-03T02:26:28.139+0600][54.783s][info][gc,heap     ] GC(74) y:                Mark Start          Mark End        Relocate Start      Relocate End    
[2026-04-03T02:26:28.139+0600][54.783s][info][gc,heap     ] GC(74) y:      Used:      278M (22%)         292M (23%)         160M (13%)          22M (2%)     
[2026-04-03T02:26:28.139+0600][54.783s][info][gc,heap     ] GC(74) y:      Live:         -                 3M (0%)            3M (0%)            3M (0%)     
[2026-04-03T02:26:28.139+0600][54.783s][info][gc,heap     ] GC(74) y:   Garbage:         -               274M (22%)         142M (11%)           0M (0%)     
[2026-04-03T02:26:28.139+0600][54.783s][info][gc,heap     ] GC(74) y: Allocated:         -                14M (1%)           14M (1%)           17M (1%)     
[2026-04-03T02:26:28.139+0600][54.783s][info][gc,heap     ] GC(74) y: Reclaimed:         -                  -               132M (11%)         273M (22%)    
[2026-04-03T02:26:28.139+0600][54.783s][info][gc,heap     ] GC(74) y:  Promoted:         -                  -                 0M (0%)            0M (0%)     
[2026-04-03T02:26:28.139+0600][54.783s][info][gc,heap     ] GC(74) y: Compacted:         -                  -                  -                 2M (0%)     
[2026-04-03T02:26:28.139+0600][54.784s][info][gc,phases   ] GC(74) y: Young Generation 438M(35%)->182M(15%) 0.028s
[2026-04-03T02:26:28.139+0600][54.784s][info][gc          ] GC(74) Minor Collection (Allocation Rate) 438M(35%)->182M(15%) 0.028s
[2026-04-03T02:26:28.881+0600][55.526s][info][gc          ] GC(75) Minor Collection (Allocation Rate)
[2026-04-03T02:26:28.881+0600][55.526s][info][gc,task     ] GC(75) Using 1 Workers for Young Generation
[2026-04-03T02:26:28.881+0600][55.526s][info][gc,phases   ] GC(75) y: Young Generation
[2026-04-03T02:26:28.881+0600][55.526s][info][gc,phases   ] GC(75) y: Pause Mark Start 0.032ms
[2026-04-03T02:26:28.923+0600][55.567s][info][gc,phases   ] GC(75) y: Concurrent Mark 41.106ms
[2026-04-03T02:26:28.923+0600][55.568s][info][gc,phases   ] GC(75) y: Pause Mark End 0.027ms
[2026-04-03T02:26:28.923+0600][55.568s][info][gc,phases   ] GC(75) y: Concurrent Mark Free 0.001ms
[2026-04-03T02:26:28.923+0600][55.568s][info][gc,phases   ] GC(75) y: Concurrent Reset Relocation Set 0.008ms
[2026-04-03T02:26:28.928+0600][55.573s][info][gc,reloc    ] GC(75) y: Using tenuring threshold: 4 (Computed)
[2026-04-03T02:26:28.929+0600][55.573s][info][gc,phases   ] GC(75) y: Concurrent Select Relocation Set 5.646ms
[2026-04-03T02:26:28.929+0600][55.574s][info][gc,phases   ] GC(75) y: Pause Relocate Start 0.035ms
[2026-04-03T02:26:28.937+0600][55.582s][info][gc,phases   ] GC(75) y: Concurrent Relocate 8.103ms
[2026-04-03T02:26:28.937+0600][55.582s][info][gc,alloc    ] GC(75) y:                         Mark Start        Mark End      Relocate Start    Relocate End   
[2026-04-03T02:26:28.937+0600][55.582s][info][gc,alloc    ] GC(75) y: Allocation Stalls:          0                0                0                0         
[2026-04-03T02:26:28.937+0600][55.582s][info][gc,load     ] GC(75) y: Load: 6.51 (54%) / 6.12 (51%) / 5.93 (49%)
[2026-04-03T02:26:28.937+0600][55.582s][info][gc,mmu      ] GC(75) y: MMU: 2ms/95.7%, 5ms/97.6%, 10ms/98.8%, 20ms/99.4%, 50ms/99.7%, 100ms/99.8%
[2026-04-03T02:26:28.937+0600][55.582s][info][gc,marking  ] GC(75) y: Mark: 1 stripe(s), 2 proactive flush(es), 1 terminate flush(es), 0 completion(s), 0 continuation(s) 
[2026-04-03T02:26:28.937+0600][55.582s][info][gc,marking  ] GC(75) y: Mark Stack Usage: 32M
[2026-04-03T02:26:28.937+0600][55.582s][info][gc,nmethod  ] GC(75) y: NMethods: 14714 registered, 2240 unregistered
[2026-04-03T02:26:28.937+0600][55.582s][info][gc,metaspace] GC(75) y: Metaspace: 128M used, 129M committed, 1152M reserved
[2026-04-03T02:26:28.937+0600][55.582s][info][gc,reloc    ] GC(75) y:                        Candidates     Selected     In-Place         Size        Empty    Relocated 
[2026-04-03T02:26:28.937+0600][55.582s][info][gc,reloc    ] GC(75) y: Small Pages:                  225          159            0         450M         122M           4M 
[2026-04-03T02:26:28.937+0600][55.582s][info][gc,reloc    ] GC(75) y: Medium Pages:                   3            0            0          96M          96M           0M 
[2026-04-03T02:26:28.937+0600][55.582s][info][gc,reloc    ] GC(75) y: Large Pages:                    9            0            0          54M          54M           0M 
[2026-04-03T02:26:28.937+0600][55.582s][info][gc,reloc    ] GC(75) y: Forwarding Usage: 0M
[2026-04-03T02:26:28.937+0600][55.582s][info][gc,reloc    ] GC(75) y: Age Table:
[2026-04-03T02:26:28.937+0600][55.582s][info][gc,reloc    ] GC(75) y:                    Live             Garbage             Small              Medium             Large        
[2026-04-03T02:26:28.937+0600][55.582s][info][gc,reloc    ] GC(75) y: Eden               4M (0%)          589M (47%)        222 / 158            3 / 0              9 / 0        
[2026-04-03T02:26:28.938+0600][55.582s][info][gc,reloc    ] GC(75) y: Survivor 1         1M (0%)            0M (0%)           1 / 0              0 / 0              0 / 0        
[2026-04-03T02:26:28.938+0600][55.582s][info][gc,reloc    ] GC(75) y: Survivor 2          -                 0M (0%)           0 / 0              0 / 0              0 / 0        
[2026-04-03T02:26:28.938+0600][55.582s][info][gc,reloc    ] GC(75) y: Survivor 3         1M (0%)            2M (0%)           2 / 1              0 / 0              0 / 0        
[2026-04-03T02:26:28.938+0600][55.582s][info][gc,heap     ] GC(75) y: Min Capacity: 8M(1%)
[2026-04-03T02:26:28.938+0600][55.582s][info][gc,heap     ] GC(75) y: Max Capacity: 1250M(100%)
[2026-04-03T02:26:28.938+0600][55.582s][info][gc,heap     ] GC(75) y: Soft Max Capacity: 1250M(100%)
[2026-04-03T02:26:28.938+0600][55.582s][info][gc,heap     ] GC(75) y: Heap Statistics:
[2026-04-03T02:26:28.938+0600][55.582s][info][gc,heap     ] GC(75) y:                Mark Start          Mark End        Relocate Start      Relocate End           High               Low         
[2026-04-03T02:26:28.938+0600][55.582s][info][gc,heap     ] GC(75) y:  Capacity:     1250M (100%)       1250M (100%)       1250M (100%)       1250M (100%)       1250M (100%)       1250M (100%)   
[2026-04-03T02:26:28.938+0600][55.582s][info][gc,heap     ] GC(75) y:      Free:      490M (39%)         424M (34%)         682M (55%)         980M (78%)         980M (78%)         424M (34%)    
[2026-04-03T02:26:28.938+0600][55.582s][info][gc,heap     ] GC(75) y:      Used:      760M (61%)         826M (66%)         568M (45%)         270M (22%)         826M (66%)         270M (22%)    
[2026-04-03T02:26:28.938+0600][55.582s][info][gc,heap     ] GC(75) y: Young Generation Statistics:
[2026-04-03T02:26:28.938+0600][55.582s][info][gc,heap     ] GC(75) y:                Mark Start          Mark End        Relocate Start      Relocate End    
[2026-04-03T02:26:28.938+0600][55.582s][info][gc,heap     ] GC(75) y:      Used:      600M (48%)         666M (53%)         408M (33%)         110M (9%)     
[2026-04-03T02:26:28.938+0600][55.582s][info][gc,heap     ] GC(75) y:      Live:         -                 8M (1%)            8M (1%)            8M (1%)     
[2026-04-03T02:26:28.938+0600][55.582s][info][gc,heap     ] GC(75) y:   Garbage:         -               591M (47%)         319M (26%)           1M (0%)     
[2026-04-03T02:26:28.938+0600][55.582s][info][gc,heap     ] GC(75) y: Allocated:         -                66M (5%)           80M (6%)          100M (8%)     
[2026-04-03T02:26:28.938+0600][55.582s][info][gc,heap     ] GC(75) y: Reclaimed:         -                  -               272M (22%)         590M (47%)    
[2026-04-03T02:26:28.938+0600][55.582s][info][gc,heap     ] GC(75) y:  Promoted:         -                  -                 0M (0%)            0M (0%)     
[2026-04-03T02:26:28.938+0600][55.582s][info][gc,heap     ] GC(75) y: Compacted:         -                  -                  -                 5M (0%)     
[2026-04-03T02:26:28.938+0600][55.583s][info][gc,phases   ] GC(75) y: Young Generation 760M(61%)->270M(22%) 0.056s
[2026-04-03T02:26:28.938+0600][55.583s][info][gc          ] GC(75) Minor Collection (Allocation Rate) 760M(61%)->270M(22%) 0.057s
[2026-04-03T02:26:30.061+0600][56.706s][info][gc          ] GC(76) Minor Collection (Allocation Rate)
[2026-04-03T02:26:30.061+0600][56.706s][info][gc,task     ] GC(76) Using 2 Workers for Young Generation
[2026-04-03T02:26:30.061+0600][56.706s][info][gc,phases   ] GC(76) y: Young Generation
[2026-04-03T02:26:30.061+0600][56.706s][info][gc,phases   ] GC(76) y: Pause Mark Start 0.019ms
[2026-04-03T02:26:30.079+0600][56.724s][info][gc,phases   ] GC(76) y: Concurrent Mark 17.655ms
[2026-04-03T02:26:30.079+0600][56.724s][info][gc,phases   ] GC(76) y: Pause Mark End 0.020ms
[2026-04-03T02:26:30.079+0600][56.724s][info][gc,phases   ] GC(76) y: Concurrent Mark Free 0.002ms
[2026-04-03T02:26:30.079+0600][56.724s][info][gc,phases   ] GC(76) y: Concurrent Reset Relocation Set 0.014ms
[2026-04-03T02:26:30.081+0600][56.726s][info][gc,reloc    ] GC(76) y: Using tenuring threshold: 5 (Computed)
[2026-04-03T02:26:30.081+0600][56.726s][info][gc,phases   ] GC(76) y: Concurrent Select Relocation Set 1.751ms
[2026-04-03T02:26:30.081+0600][56.726s][info][gc,phases   ] GC(76) y: Pause Relocate Start 0.010ms
[2026-04-03T02:26:30.084+0600][56.729s][info][gc,phases   ] GC(76) y: Concurrent Relocate 2.870ms
[2026-04-03T02:26:30.084+0600][56.729s][info][gc,alloc    ] GC(76) y:                         Mark Start        Mark End      Relocate Start    Relocate End   
[2026-04-03T02:26:30.084+0600][56.729s][info][gc,alloc    ] GC(76) y: Allocation Stalls:          0                0                0                0         
[2026-04-03T02:26:30.084+0600][56.729s][info][gc,load     ] GC(76) y: Load: 6.15 (51%) / 6.05 (50%) / 5.91 (49%)
[2026-04-03T02:26:30.084+0600][56.729s][info][gc,mmu      ] GC(76) y: MMU: 2ms/95.7%, 5ms/97.6%, 10ms/98.8%, 20ms/99.4%, 50ms/99.7%, 100ms/99.8%
[2026-04-03T02:26:30.084+0600][56.729s][info][gc,marking  ] GC(76) y: Mark: 2 stripe(s), 2 proactive flush(es), 1 terminate flush(es), 0 completion(s), 0 continuation(s) 
[2026-04-03T02:26:30.084+0600][56.729s][info][gc,marking  ] GC(76) y: Mark Stack Usage: 32M
[2026-04-03T02:26:30.084+0600][56.729s][info][gc,nmethod  ] GC(76) y: NMethods: 14755 registered, 2240 unregistered
[2026-04-03T02:26:30.084+0600][56.729s][info][gc,metaspace] GC(76) y: Metaspace: 128M used, 129M committed, 1152M reserved
[2026-04-03T02:26:30.084+0600][56.729s][info][gc,reloc    ] GC(76) y:                        Candidates     Selected     In-Place         Size        Empty    Relocated 
[2026-04-03T02:26:30.084+0600][56.729s][info][gc,reloc    ] GC(76) y: Small Pages:                  328          189            0         656M         270M           4M 
[2026-04-03T02:26:30.084+0600][56.729s][info][gc,reloc    ] GC(76) y: Medium Pages:                   4            0            0         128M         128M           0M 
[2026-04-03T02:26:30.084+0600][56.729s][info][gc,reloc    ] GC(76) y: Large Pages:                   15            0            0          90M          90M           0M 
[2026-04-03T02:26:30.084+0600][56.729s][info][gc,reloc    ] GC(76) y: Forwarding Usage: 1M
[2026-04-03T02:26:30.084+0600][56.729s][info][gc,reloc    ] GC(76) y: Age Table:
[2026-04-03T02:26:30.084+0600][56.729s][info][gc,reloc    ] GC(76) y:                    Live             Garbage             Small              Medium             Large        
[2026-04-03T02:26:30.084+0600][56.729s][info][gc,reloc    ] GC(76) y: Eden               2M (0%)          855M (68%)        320 / 184            4 / 0             15 / 0        
[2026-04-03T02:26:30.084+0600][56.729s][info][gc,reloc    ] GC(76) y: Survivor 1         1M (0%)            4M (0%)           3 / 1              0 / 0              0 / 0        
[2026-04-03T02:26:30.084+0600][56.729s][info][gc,reloc    ] GC(76) y: Survivor 2         1M (0%)            0M (0%)           1 / 0              0 / 0              0 / 0        
[2026-04-03T02:26:30.084+0600][56.729s][info][gc,reloc    ] GC(76) y: Survivor 3          -                 0M (0%)           0 / 0              0 / 0              0 / 0        
[2026-04-03T02:26:30.084+0600][56.729s][info][gc,reloc    ] GC(76) y: Survivor 4         1M (0%)            6M (1%)           4 / 4              0 / 0              0 / 0        
[2026-04-03T02:26:30.084+0600][56.729s][info][gc,heap     ] GC(76) y: Min Capacity: 8M(1%)
[2026-04-03T02:26:30.084+0600][56.729s][info][gc,heap     ] GC(76) y: Max Capacity: 1250M(100%)
[2026-04-03T02:26:30.084+0600][56.729s][info][gc,heap     ] GC(76) y: Soft Max Capacity: 1250M(100%)
[2026-04-03T02:26:30.084+0600][56.729s][info][gc,heap     ] GC(76) y: Heap Statistics:
[2026-04-03T02:26:30.084+0600][56.729s][info][gc,heap     ] GC(76) y:                Mark Start          Mark End        Relocate Start      Relocate End           High               Low         
[2026-04-03T02:26:30.084+0600][56.729s][info][gc,heap     ] GC(76) y:  Capacity:     1250M (100%)       1250M (100%)       1250M (100%)       1250M (100%)       1250M (100%)       1250M (100%)   
[2026-04-03T02:26:30.084+0600][56.729s][info][gc,heap     ] GC(76) y:      Free:      216M (17%)         208M (17%)         696M (56%)        1064M (85%)        1064M (85%)         208M (17%)    
[2026-04-03T02:26:30.084+0600][56.729s][info][gc,heap     ] GC(76) y:      Used:     1034M (83%)        1042M (83%)         554M (44%)         186M (15%)        1042M (83%)         186M (15%)    
[2026-04-03T02:26:30.084+0600][56.729s][info][gc,heap     ] GC(76) y: Young Generation Statistics:
[2026-04-03T02:26:30.084+0600][56.729s][info][gc,heap     ] GC(76) y:                Mark Start          Mark End        Relocate Start      Relocate End    
[2026-04-03T02:26:30.085+0600][56.729s][info][gc,heap     ] GC(76) y:      Used:      874M (70%)         882M (71%)         394M (32%)          26M (2%)     
[2026-04-03T02:26:30.085+0600][56.729s][info][gc,heap     ] GC(76) y:      Live:         -                 6M (1%)            6M (1%)            6M (1%)     
[2026-04-03T02:26:30.085+0600][56.729s][info][gc,heap     ] GC(76) y:   Garbage:         -               867M (69%)         379M (30%)           0M (0%)     
[2026-04-03T02:26:30.085+0600][56.729s][info][gc,heap     ] GC(76) y: Allocated:         -                 8M (1%)            8M (1%)           19M (2%)     
[2026-04-03T02:26:30.085+0600][56.729s][info][gc,heap     ] GC(76) y: Reclaimed:         -                  -               488M (39%)         867M (69%)    
[2026-04-03T02:26:30.085+0600][56.729s][info][gc,heap     ] GC(76) y:  Promoted:         -                  -                 0M (0%)            0M (0%)     
[2026-04-03T02:26:30.085+0600][56.729s][info][gc,heap     ] GC(76) y: Compacted:         -                  -                  -                 6M (1%)     
[2026-04-03T02:26:30.085+0600][56.729s][info][gc,phases   ] GC(76) y: Young Generation 1034M(83%)->186M(15%) 0.023s
[2026-04-03T02:26:30.085+0600][56.729s][info][gc          ] GC(76) Minor Collection (Allocation Rate) 1034M(83%)->186M(15%) 0.024s
[2026-04-03T02:26:31.173+0600][57.817s][info][gc          ] GC(77) Minor Collection (Allocation Rate)
[2026-04-03T02:26:31.173+0600][57.817s][info][gc,task     ] GC(77) Using 1 Workers for Young Generation
[2026-04-03T02:26:31.173+0600][57.817s][info][gc,phases   ] GC(77) y: Young Generation
[2026-04-03T02:26:31.173+0600][57.818s][info][gc,phases   ] GC(77) y: Pause Mark Start 0.029ms
[2026-04-03T02:26:31.234+0600][57.879s][info][gc,phases   ] GC(77) y: Concurrent Mark 60.602ms
[2026-04-03T02:26:31.234+0600][57.879s][info][gc,phases   ] GC(77) y: Pause Mark End 0.024ms
[2026-04-03T02:26:31.234+0600][57.879s][info][gc,phases   ] GC(77) y: Concurrent Mark Free 0.003ms
[2026-04-03T02:26:31.234+0600][57.879s][info][gc,phases   ] GC(77) y: Concurrent Reset Relocation Set 0.016ms
[2026-04-03T02:26:31.237+0600][57.882s][info][gc,reloc    ] GC(77) y: Using tenuring threshold: 6 (Computed)
[2026-04-03T02:26:31.238+0600][57.883s][info][gc,phases   ] GC(77) y: Concurrent Select Relocation Set 3.670ms
[2026-04-03T02:26:31.238+0600][57.883s][info][gc,phases   ] GC(77) y: Pause Relocate Start 0.020ms
[2026-04-03T02:26:31.250+0600][57.895s][info][gc,phases   ] GC(77) y: Concurrent Relocate 11.449ms
[2026-04-03T02:26:31.250+0600][57.895s][info][gc,alloc    ] GC(77) y:                         Mark Start        Mark End      Relocate Start    Relocate End   
[2026-04-03T02:26:31.250+0600][57.895s][info][gc,alloc    ] GC(77) y: Allocation Stalls:          0                0                0                0         
[2026-04-03T02:26:31.250+0600][57.895s][info][gc,load     ] GC(77) y: Load: 6.15 (51%) / 6.05 (50%) / 5.91 (49%)
[2026-04-03T02:26:31.250+0600][57.895s][info][gc,mmu      ] GC(77) y: MMU: 2ms/95.7%, 5ms/97.6%, 10ms/98.8%, 20ms/99.4%, 50ms/99.7%, 100ms/99.8%
[2026-04-03T02:26:31.250+0600][57.895s][info][gc,marking  ] GC(77) y: Mark: 1 stripe(s), 2 proactive flush(es), 1 terminate flush(es), 0 completion(s), 0 continuation(s) 
[2026-04-03T02:26:31.250+0600][57.895s][info][gc,marking  ] GC(77) y: Mark Stack Usage: 32M
[2026-04-03T02:26:31.250+0600][57.895s][info][gc,nmethod  ] GC(77) y: NMethods: 14789 registered, 2240 unregistered
[2026-04-03T02:26:31.250+0600][57.895s][info][gc,metaspace] GC(77) y: Metaspace: 128M used, 129M committed, 1152M reserved
[2026-04-03T02:26:31.250+0600][57.895s][info][gc,reloc    ] GC(77) y:                        Candidates     Selected     In-Place         Size        Empty    Relocated 
[2026-04-03T02:26:31.250+0600][57.895s][info][gc,reloc    ] GC(77) y: Small Pages:                  332          168            0         664M         314M           6M 
[2026-04-03T02:26:31.250+0600][57.895s][info][gc,reloc    ] GC(77) y: Medium Pages:                   5            0            0         160M         160M           0M 
[2026-04-03T02:26:31.250+0600][57.895s][info][gc,reloc    ] GC(77) y: Large Pages:                   18            0            0         108M         108M           0M 
[2026-04-03T02:26:31.250+0600][57.895s][info][gc,reloc    ] GC(77) y: Forwarding Usage: 1M
[2026-04-03T02:26:31.250+0600][57.895s][info][gc,reloc    ] GC(77) y: Age Table:
[2026-04-03T02:26:31.250+0600][57.895s][info][gc,reloc    ] GC(77) y:                    Live             Garbage             Small              Medium             Large        
[2026-04-03T02:26:31.250+0600][57.895s][info][gc,reloc    ] GC(77) y: Eden               5M (0%)          910M (73%)        324 / 164            5 / 0             18 / 0        
[2026-04-03T02:26:31.250+0600][57.895s][info][gc,reloc    ] GC(77) y: Survivor 1         2M (0%)            1M (0%)           2 / 0              0 / 0              0 / 0        
[2026-04-03T02:26:31.250+0600][57.895s][info][gc,reloc    ] GC(77) y: Survivor 2         1M (0%)            0M (0%)           1 / 1              0 / 0              0 / 0        
[2026-04-03T02:26:31.250+0600][57.895s][info][gc,reloc    ] GC(77) y: Survivor 3         1M (0%)            2M (0%)           2 / 1              0 / 0              0 / 0        
[2026-04-03T02:26:31.250+0600][57.895s][info][gc,reloc    ] GC(77) y: Survivor 4          -                 0M (0%)           0 / 0              0 / 0              0 / 0        
[2026-04-03T02:26:31.250+0600][57.895s][info][gc,reloc    ] GC(77) y: Survivor 5         1M (0%)            4M (0%)           3 / 2              0 / 0              0 / 0        
[2026-04-03T02:26:31.250+0600][57.895s][info][gc,heap     ] GC(77) y: Min Capacity: 8M(1%)
[2026-04-03T02:26:31.250+0600][57.895s][info][gc,heap     ] GC(77) y: Max Capacity: 1250M(100%)
[2026-04-03T02:26:31.250+0600][57.895s][info][gc,heap     ] GC(77) y: Soft Max Capacity: 1250M(100%)
[2026-04-03T02:26:31.250+0600][57.895s][info][gc,heap     ] GC(77) y: Heap Statistics:
[2026-04-03T02:26:31.250+0600][57.895s][info][gc,heap     ] GC(77) y:                Mark Start          Mark End        Relocate Start      Relocate End           High               Low         
[2026-04-03T02:26:31.250+0600][57.895s][info][gc,heap     ] GC(77) y:  Capacity:     1250M (100%)       1250M (100%)       1250M (100%)       1250M (100%)       1250M (100%)       1250M (100%)   
[2026-04-03T02:26:31.250+0600][57.895s][info][gc,heap     ] GC(77) y:      Free:      158M (13%)          86M (7%)          662M (53%)         964M (77%)         970M (78%)          86M (7%)     
[2026-04-03T02:26:31.250+0600][57.895s][info][gc,heap     ] GC(77) y:      Used:     1092M (87%)        1164M (93%)         588M (47%)         286M (23%)        1164M (93%)         280M (22%)    
[2026-04-03T02:26:31.250+0600][57.895s][info][gc,heap     ] GC(77) y: Young Generation Statistics:
[2026-04-03T02:26:31.250+0600][57.895s][info][gc,heap     ] GC(77) y:                Mark Start          Mark End        Relocate Start      Relocate End    
[2026-04-03T02:26:31.250+0600][57.895s][info][gc,heap     ] GC(77) y:      Used:      932M (75%)        1004M (80%)         428M (34%)         126M (10%)    
[2026-04-03T02:26:31.250+0600][57.895s][info][gc,heap     ] GC(77) y:      Live:         -                11M (1%)           11M (1%)           11M (1%)     
[2026-04-03T02:26:31.250+0600][57.895s][info][gc,heap     ] GC(77) y:   Garbage:         -               920M (74%)         338M (27%)           0M (0%)     
[2026-04-03T02:26:31.250+0600][57.895s][info][gc,heap     ] GC(77) y: Allocated:         -                72M (6%)           78M (6%)          113M (9%)     
[2026-04-03T02:26:31.250+0600][57.895s][info][gc,heap     ] GC(77) y: Reclaimed:         -                  -               582M (47%)         919M (74%)    
[2026-04-03T02:26:31.250+0600][57.895s][info][gc,heap     ] GC(77) y:  Promoted:         -                  -                 0M (0%)            0M (0%)     
[2026-04-03T02:26:31.250+0600][57.895s][info][gc,heap     ] GC(77) y: Compacted:         -                  -                  -                 8M (1%)     
[2026-04-03T02:26:31.250+0600][57.895s][info][gc,phases   ] GC(77) y: Young Generation 1092M(87%)->286M(23%) 0.077s
[2026-04-03T02:26:31.250+0600][57.895s][info][gc          ] GC(77) Minor Collection (Allocation Rate) 1092M(87%)->288M(23%) 0.078s
[2026-04-03T02:26:31.797+0600][58.441s][info][gc          ] GC(78) Minor Collection (Allocation Rate)
[2026-04-03T02:26:31.797+0600][58.442s][info][gc,task     ] GC(78) Using 1 Workers for Young Generation
[2026-04-03T02:26:31.797+0600][58.442s][info][gc,phases   ] GC(78) y: Young Generation
[2026-04-03T02:26:31.797+0600][58.442s][info][gc,phases   ] GC(78) y: Pause Mark Start 0.028ms
[2026-04-03T02:26:31.859+0600][58.503s][info][gc,phases   ] GC(78) y: Concurrent Mark 61.387ms
[2026-04-03T02:26:31.859+0600][58.504s][info][gc,phases   ] GC(78) y: Pause Mark End 0.026ms
[2026-04-03T02:26:31.859+0600][58.504s][info][gc,phases   ] GC(78) y: Concurrent Mark Free 0.003ms
[2026-04-03T02:26:31.859+0600][58.504s][info][gc,phases   ] GC(78) y: Concurrent Reset Relocation Set 0.014ms
[2026-04-03T02:26:31.861+0600][58.506s][info][gc,reloc    ] GC(78) y: Using tenuring threshold: 7 (Computed)
[2026-04-03T02:26:31.864+0600][58.509s][info][gc,phases   ] GC(78) y: Concurrent Select Relocation Set 4.724ms
[2026-04-03T02:26:31.864+0600][58.509s][info][gc,phases   ] GC(78) y: Pause Relocate Start 0.020ms
[2026-04-03T02:26:31.878+0600][58.522s][info][gc,phases   ] GC(78) y: Concurrent Relocate 13.184ms
[2026-04-03T02:26:31.878+0600][58.522s][info][gc,alloc    ] GC(78) y:                         Mark Start        Mark End      Relocate Start    Relocate End   
[2026-04-03T02:26:31.878+0600][58.522s][info][gc,alloc    ] GC(78) y: Allocation Stalls:          0                0                0                0         
[2026-04-03T02:26:31.878+0600][58.522s][info][gc,load     ] GC(78) y: Load: 6.15 (51%) / 6.05 (50%) / 5.91 (49%)
[2026-04-03T02:26:31.878+0600][58.522s][info][gc,mmu      ] GC(78) y: MMU: 2ms/95.7%, 5ms/97.6%, 10ms/98.8%, 20ms/99.4%, 50ms/99.7%, 100ms/99.8%
[2026-04-03T02:26:31.878+0600][58.522s][info][gc,marking  ] GC(78) y: Mark: 1 stripe(s), 2 proactive flush(es), 1 terminate flush(es), 0 completion(s), 0 continuation(s) 
[2026-04-03T02:26:31.878+0600][58.522s][info][gc,marking  ] GC(78) y: Mark Stack Usage: 32M
[2026-04-03T02:26:31.878+0600][58.522s][info][gc,nmethod  ] GC(78) y: NMethods: 14822 registered, 2240 unregistered
[2026-04-03T02:26:31.878+0600][58.522s][info][gc,metaspace] GC(78) y: Metaspace: 128M used, 129M committed, 1152M reserved
[2026-04-03T02:26:31.878+0600][58.522s][info][gc,reloc    ] GC(78) y:                        Candidates     Selected     In-Place         Size        Empty    Relocated 
[2026-04-03T02:26:31.878+0600][58.522s][info][gc,reloc    ] GC(78) y: Small Pages:                  315          177            0         630M         258M           8M 
[2026-04-03T02:26:31.878+0600][58.522s][info][gc,reloc    ] GC(78) y: Medium Pages:                   2            0            0          64M          64M           0M 
[2026-04-03T02:26:31.878+0600][58.522s][info][gc,reloc    ] GC(78) y: Large Pages:                   11            0            0          66M          66M           0M 
[2026-04-03T02:26:31.878+0600][58.522s][info][gc,reloc    ] GC(78) y: Forwarding Usage: 3M
[2026-04-03T02:26:31.878+0600][58.522s][info][gc,reloc    ] GC(78) y: Age Table:
[2026-04-03T02:26:31.878+0600][58.522s][info][gc,reloc    ] GC(78) y:                    Live             Garbage             Small              Medium             Large        
[2026-04-03T02:26:31.878+0600][58.522s][info][gc,reloc    ] GC(78) y: Eden               6M (0%)          713M (57%)        295 / 162            2 / 0             11 / 0        
[2026-04-03T02:26:31.878+0600][58.522s][info][gc,reloc    ] GC(78) y: Survivor 1         1M (0%)            8M (1%)           5 / 4              0 / 0              0 / 0        
[2026-04-03T02:26:31.878+0600][58.522s][info][gc,reloc    ] GC(78) y: Survivor 2         2M (0%)            1M (0%)           2 / 1              0 / 0              0 / 0        
[2026-04-03T02:26:31.878+0600][58.523s][info][gc,reloc    ] GC(78) y: Survivor 3         1M (0%)            2M (0%)           2 / 1              0 / 0              0 / 0        
[2026-04-03T02:26:31.878+0600][58.523s][info][gc,reloc    ] GC(78) y: Survivor 4         1M (0%)           16M (1%)           9 / 8              0 / 0              0 / 0        
[2026-04-03T02:26:31.878+0600][58.523s][info][gc,reloc    ] GC(78) y: Survivor 5          -                 0M (0%)           0 / 0              0 / 0              0 / 0        
[2026-04-03T02:26:31.878+0600][58.523s][info][gc,reloc    ] GC(78) y: Survivor 6         1M (0%)            2M (0%)           2 / 1              0 / 0              0 / 0        
[2026-04-03T02:26:31.878+0600][58.523s][info][gc,heap     ] GC(78) y: Min Capacity: 8M(1%)
[2026-04-03T02:26:31.878+0600][58.523s][info][gc,heap     ] GC(78) y: Max Capacity: 1250M(100%)
[2026-04-03T02:26:31.878+0600][58.523s][info][gc,heap     ] GC(78) y: Soft Max Capacity: 1250M(100%)
[2026-04-03T02:26:31.878+0600][58.523s][info][gc,heap     ] GC(78) y: Heap Statistics:
[2026-04-03T02:26:31.878+0600][58.523s][info][gc,heap     ] GC(78) y:                Mark Start          Mark End        Relocate Start      Relocate End           High               Low         
[2026-04-03T02:26:31.878+0600][58.523s][info][gc,heap     ] GC(78) y:  Capacity:     1250M (100%)       1250M (100%)       1250M (100%)       1250M (100%)       1250M (100%)       1250M (100%)   
[2026-04-03T02:26:31.878+0600][58.523s][info][gc,heap     ] GC(78) y:      Free:      330M (26%)         232M (19%)         620M (50%)         956M (76%)         956M (76%)         232M (19%)    
[2026-04-03T02:26:31.878+0600][58.523s][info][gc,heap     ] GC(78) y:      Used:      920M (74%)        1018M (81%)         630M (50%)         294M (24%)        1018M (81%)         294M (24%)    
[2026-04-03T02:26:31.878+0600][58.523s][info][gc,heap     ] GC(78) y: Young Generation Statistics:
[2026-04-03T02:26:31.878+0600][58.523s][info][gc,heap     ] GC(78) y:                Mark Start          Mark End        Relocate Start      Relocate End    
[2026-04-03T02:26:31.878+0600][58.523s][info][gc,heap     ] GC(78) y:      Used:      760M (61%)         858M (69%)         470M (38%)         134M (11%)    
[2026-04-03T02:26:31.878+0600][58.523s][info][gc,heap     ] GC(78) y:      Live:         -                14M (1%)           14M (1%)           14M (1%)     
[2026-04-03T02:26:31.878+0600][58.523s][info][gc,heap     ] GC(78) y:   Garbage:         -               745M (60%)         357M (29%)           1M (0%)     
[2026-04-03T02:26:31.878+0600][58.523s][info][gc,heap     ] GC(78) y: Allocated:         -                98M (8%)           98M (8%)          117M (9%)     
[2026-04-03T02:26:31.878+0600][58.523s][info][gc,heap     ] GC(78) y: Reclaimed:         -                  -               388M (31%)         743M (59%)    
[2026-04-03T02:26:31.878+0600][58.523s][info][gc,heap     ] GC(78) y:  Promoted:         -                  -                 0M (0%)            0M (0%)     
[2026-04-03T02:26:31.878+0600][58.523s][info][gc,heap     ] GC(78) y: Compacted:         -                  -                  -                10M (1%)     
[2026-04-03T02:26:31.878+0600][58.523s][info][gc,phases   ] GC(78) y: Young Generation 920M(74%)->294M(24%) 0.081s
[2026-04-03T02:26:31.878+0600][58.523s][info][gc          ] GC(78) Minor Collection (Allocation Rate) 920M(74%)->296M(24%) 0.081s
[2026-04-03T02:26:31.952+0600][58.597s][info][gc          ] GC(79) Minor Collection (Allocation Rate)
[2026-04-03T02:26:31.952+0600][58.597s][info][gc,task     ] GC(79) Using 1 Workers for Young Generation
[2026-04-03T02:26:31.952+0600][58.597s][info][gc,phases   ] GC(79) y: Young Generation
[2026-04-03T02:26:31.953+0600][58.598s][info][gc,phases   ] GC(79) y: Pause Mark Start 0.028ms
[2026-04-03T02:26:32.016+0600][58.661s][info][gc,phases   ] GC(79) y: Concurrent Mark 63.121ms
[2026-04-03T02:26:32.016+0600][58.661s][info][gc,phases   ] GC(79) y: Pause Mark End 0.026ms
[2026-04-03T02:26:32.017+0600][58.661s][info][gc,phases   ] GC(79) y: Concurrent Mark Free 0.003ms
[2026-04-03T02:26:32.017+0600][58.662s][info][gc,phases   ] GC(79) y: Concurrent Reset Relocation Set 0.015ms
[2026-04-03T02:26:32.018+0600][58.663s][info][gc,reloc    ] GC(79) y: Using tenuring threshold: 5 (Computed)
[2026-04-03T02:26:32.020+0600][58.665s][info][gc,phases   ] GC(79) y: Concurrent Select Relocation Set 3.523ms
[2026-04-03T02:26:32.021+0600][58.665s][info][gc,phases   ] GC(79) y: Pause Relocate Start 0.041ms
[2026-04-03T02:26:32.031+0600][58.675s][info][gc,phases   ] GC(79) y: Concurrent Relocate 9.829ms
[2026-04-03T02:26:32.031+0600][58.676s][info][gc,alloc    ] GC(79) y:                         Mark Start        Mark End      Relocate Start    Relocate End   
[2026-04-03T02:26:32.031+0600][58.676s][info][gc,alloc    ] GC(79) y: Allocation Stalls:          0                0                0                0         
[2026-04-03T02:26:32.031+0600][58.676s][info][gc,load     ] GC(79) y: Load: 6.15 (51%) / 6.05 (50%) / 5.91 (49%)
[2026-04-03T02:26:32.031+0600][58.676s][info][gc,mmu      ] GC(79) y: MMU: 2ms/95.7%, 5ms/97.6%, 10ms/98.8%, 20ms/99.4%, 50ms/99.7%, 100ms/99.8%
[2026-04-03T02:26:32.031+0600][58.676s][info][gc,marking  ] GC(79) y: Mark: 1 stripe(s), 2 proactive flush(es), 1 terminate flush(es), 0 completion(s), 0 continuation(s) 
[2026-04-03T02:26:32.031+0600][58.676s][info][gc,marking  ] GC(79) y: Mark Stack Usage: 32M
[2026-04-03T02:26:32.031+0600][58.676s][info][gc,nmethod  ] GC(79) y: NMethods: 14827 registered, 2240 unregistered
[2026-04-03T02:26:32.031+0600][58.676s][info][gc,metaspace] GC(79) y: Metaspace: 128M used, 129M committed, 1152M reserved
[2026-04-03T02:26:32.031+0600][58.676s][info][gc,reloc    ] GC(79) y:                        Candidates     Selected     In-Place         Size        Empty    Relocated 
[2026-04-03T02:26:32.031+0600][58.676s][info][gc,reloc    ] GC(79) y: Small Pages:                   74           49            0         148M          32M           6M 
[2026-04-03T02:26:32.031+0600][58.676s][info][gc,reloc    ] GC(79) y: Medium Pages:                   1            0            0          32M          32M           0M 
[2026-04-03T02:26:32.031+0600][58.676s][info][gc,reloc    ] GC(79) y: Large Pages:                   60            0            0         360M         342M           0M 
[2026-04-03T02:26:32.031+0600][58.676s][info][gc,reloc    ] GC(79) y: Forwarding Usage: 1M
[2026-04-03T02:26:32.031+0600][58.676s][info][gc,reloc    ] GC(79) y: Age Table:
[2026-04-03T02:26:32.031+0600][58.676s][info][gc,reloc    ] GC(79) y:                    Live             Garbage             Small              Medium             Large        
[2026-04-03T02:26:32.031+0600][58.676s][info][gc,reloc    ] GC(79) y: Eden              22M (2%)          483M (39%)         57 / 38             1 / 0             60 / 0        
[2026-04-03T02:26:32.031+0600][58.676s][info][gc,reloc    ] GC(79) y: Survivor 1         2M (0%)            9M (1%)           6 / 5              0 / 0              0 / 0        
[2026-04-03T02:26:32.031+0600][58.676s][info][gc,reloc    ] GC(79) y: Survivor 2         1M (0%)            2M (0%)           2 / 1              0 / 0              0 / 0        
[2026-04-03T02:26:32.031+0600][58.676s][info][gc,reloc    ] GC(79) y: Survivor 3         2M (0%)            3M (0%)           3 / 2              0 / 0              0 / 0        
[2026-04-03T02:26:32.031+0600][58.676s][info][gc,reloc    ] GC(79) y: Survivor 4         1M (0%)            2M (0%)           2 / 1              0 / 0              0 / 0        
[2026-04-03T02:26:32.031+0600][58.676s][info][gc,reloc    ] GC(79) y: Survivor 5         1M (0%)            2M (0%)           2 / 1              0 / 0              0 / 0        
[2026-04-03T02:26:32.031+0600][58.676s][info][gc,reloc    ] GC(79) y: Survivor 6          -                 0M (0%)           0 / 0              0 / 0              0 / 0        
[2026-04-03T02:26:32.031+0600][58.676s][info][gc,reloc    ] GC(79) y: Survivor 7         1M (0%)            2M (0%)           2 / 1              0 / 0              0 / 0        
[2026-04-03T02:26:32.031+0600][58.676s][info][gc,heap     ] GC(79) y: Min Capacity: 8M(1%)
[2026-04-03T02:26:32.031+0600][58.676s][info][gc,heap     ] GC(79) y: Max Capacity: 1250M(100%)
[2026-04-03T02:26:32.031+0600][58.676s][info][gc,heap     ] GC(79) y: Soft Max Capacity: 1250M(100%)
[2026-04-03T02:26:32.031+0600][58.676s][info][gc,heap     ] GC(79) y: Heap Statistics:
[2026-04-03T02:26:32.031+0600][58.676s][info][gc,heap     ] GC(79) y:                Mark Start          Mark End        Relocate Start      Relocate End           High               Low         
[2026-04-03T02:26:32.031+0600][58.676s][info][gc,heap     ] GC(79) y:  Capacity:     1250M (100%)       1250M (100%)       1250M (100%)       1250M (100%)       1250M (100%)       1250M (100%)   
[2026-04-03T02:26:32.031+0600][58.676s][info][gc,heap     ] GC(79) y:      Free:      550M (44%)         410M (33%)         814M (65%)         898M (72%)         900M (72%)         410M (33%)    
[2026-04-03T02:26:32.031+0600][58.676s][info][gc,heap     ] GC(79) y:      Used:      700M (56%)         840M (67%)         436M (35%)         352M (28%)         840M (67%)         350M (28%)    
[2026-04-03T02:26:32.031+0600][58.676s][info][gc,heap     ] GC(79) y: Young Generation Statistics:
[2026-04-03T02:26:32.031+0600][58.676s][info][gc,heap     ] GC(79) y:                Mark Start          Mark End        Relocate Start      Relocate End    
[2026-04-03T02:26:32.031+0600][58.676s][info][gc,heap     ] GC(79) y:      Used:      540M (43%)         680M (54%)         274M (22%)         188M (15%)    
[2026-04-03T02:26:32.031+0600][58.676s][info][gc,heap     ] GC(79) y:      Live:         -                33M (3%)           31M (3%)           30M (2%)     
[2026-04-03T02:26:32.031+0600][58.676s][info][gc,heap     ] GC(79) y:   Garbage:         -               506M (41%)         100M (8%)            0M (0%)     
[2026-04-03T02:26:32.031+0600][58.676s][info][gc,heap     ] GC(79) y: Allocated:         -               140M (11%)         142M (11%)         156M (13%)    
[2026-04-03T02:26:32.031+0600][58.676s][info][gc,heap     ] GC(79) y: Reclaimed:         -                  -               406M (33%)         505M (40%)    
[2026-04-03T02:26:32.031+0600][58.676s][info][gc,heap     ] GC(79) y:  Promoted:         -                  -                 1M (0%)            2M (0%)     
[2026-04-03T02:26:32.031+0600][58.676s][info][gc,heap     ] GC(79) y: Compacted:         -                  -                  -                 9M (1%)     
[2026-04-03T02:26:32.031+0600][58.676s][info][gc,phases   ] GC(79) y: Young Generation 694M(56%)->352M(28%) 0.079s
[2026-04-03T02:26:32.031+0600][58.676s][info][gc          ] GC(79) Minor Collection (Allocation Rate) 694M(56%)->352M(28%) 0.079s
[2026-04-03T02:26:32.051+0600][58.696s][info][gc          ] GC(80) Minor Collection (Allocation Rate)
[2026-04-03T02:26:32.051+0600][58.696s][info][gc,task     ] GC(80) Using 1 Workers for Young Generation
[2026-04-03T02:26:32.051+0600][58.696s][info][gc,phases   ] GC(80) y: Young Generation
[2026-04-03T02:26:32.051+0600][58.696s][info][gc,phases   ] GC(80) y: Pause Mark Start 0.032ms
[2026-04-03T02:26:32.105+0600][58.749s][info][gc,phases   ] GC(80) y: Concurrent Mark 53.120ms
[2026-04-03T02:26:32.105+0600][58.750s][info][gc,phases   ] GC(80) y: Pause Mark End 0.032ms
[2026-04-03T02:26:32.105+0600][58.750s][info][gc,phases   ] GC(80) y: Concurrent Mark Free 0.001ms
[2026-04-03T02:26:32.105+0600][58.750s][info][gc,phases   ] GC(80) y: Concurrent Reset Relocation Set 0.014ms
[2026-04-03T02:26:32.109+0600][58.753s][info][gc,reloc    ] GC(80) y: Using tenuring threshold: 2 (Computed)
[2026-04-03T02:26:32.114+0600][58.759s][info][gc,phases   ] GC(80) y: Concurrent Select Relocation Set 9.055ms
[2026-04-03T02:26:32.115+0600][58.760s][info][gc,phases   ] GC(80) y: Pause Relocate Start 0.059ms
[2026-04-03T02:26:32.133+0600][58.778s][info][gc,phases   ] GC(80) y: Concurrent Relocate 18.298ms
[2026-04-03T02:26:32.133+0600][58.778s][info][gc,alloc    ] GC(80) y:                         Mark Start        Mark End      Relocate Start    Relocate End   
[2026-04-03T02:26:32.133+0600][58.778s][info][gc,alloc    ] GC(80) y: Allocation Stalls:          0                0                0                0         
[2026-04-03T02:26:32.134+0600][58.778s][info][gc,load     ] GC(80) y: Load: 6.15 (51%) / 6.05 (50%) / 5.91 (49%)
[2026-04-03T02:26:32.134+0600][58.778s][info][gc,mmu      ] GC(80) y: MMU: 2ms/95.7%, 5ms/97.6%, 10ms/98.8%, 20ms/99.4%, 50ms/99.7%, 100ms/99.8%
[2026-04-03T02:26:32.134+0600][58.778s][info][gc,marking  ] GC(80) y: Mark: 1 stripe(s), 2 proactive flush(es), 1 terminate flush(es), 0 completion(s), 0 continuation(s) 
[2026-04-03T02:26:32.134+0600][58.778s][info][gc,marking  ] GC(80) y: Mark Stack Usage: 32M
[2026-04-03T02:26:32.134+0600][58.778s][info][gc,nmethod  ] GC(80) y: NMethods: 14831 registered, 2240 unregistered
[2026-04-03T02:26:32.134+0600][58.778s][info][gc,metaspace] GC(80) y: Metaspace: 128M used, 129M committed, 1152M reserved
[2026-04-03T02:26:32.134+0600][58.778s][info][gc,reloc    ] GC(80) y:                        Candidates     Selected     In-Place         Size        Empty    Relocated 
[2026-04-03T02:26:32.134+0600][58.778s][info][gc,reloc    ] GC(80) y: Small Pages:                   46           38            0          92M           2M           4M 
[2026-04-03T02:26:32.134+0600][58.778s][info][gc,reloc    ] GC(80) y: Medium Pages:                   1            0            0          32M          32M           0M 
[2026-04-03T02:26:32.134+0600][58.778s][info][gc,reloc    ] GC(80) y: Large Pages:                   30            0            0         180M         162M           0M 
[2026-04-03T02:26:32.134+0600][58.778s][info][gc,reloc    ] GC(80) y: Forwarding Usage: 1M
[2026-04-03T02:26:32.134+0600][58.778s][info][gc,reloc    ] GC(80) y: Age Table:
[2026-04-03T02:26:32.134+0600][58.778s][info][gc,reloc    ] GC(80) y:                    Live             Garbage             Small              Medium             Large        
[2026-04-03T02:26:32.134+0600][58.778s][info][gc,reloc    ] GC(80) y: Eden              20M (2%)          241M (19%)         34 / 32             1 / 0             27 / 0        
[2026-04-03T02:26:32.134+0600][58.778s][info][gc,reloc    ] GC(80) y: Survivor 1         1M (0%)           24M (2%)           4 / 3              0 / 0              3 / 0        
[2026-04-03T02:26:32.134+0600][58.778s][info][gc,reloc    ] GC(80) y: Survivor 2         2M (0%)            3M (0%)           3 / 1              0 / 0              0 / 0        
[2026-04-03T02:26:32.134+0600][58.778s][info][gc,reloc    ] GC(80) y: Survivor 3         1M (0%)            2M (0%)           2 / 1              0 / 0              0 / 0        
[2026-04-03T02:26:32.134+0600][58.778s][info][gc,reloc    ] GC(80) y: Survivor 4         2M (0%)            1M (0%)           2 / 0              0 / 0              0 / 0        
[2026-04-03T02:26:32.134+0600][58.778s][info][gc,reloc    ] GC(80) y: Survivor 5         1M (0%)            0M (0%)           1 / 1              0 / 0              0 / 0        
[2026-04-03T02:26:32.134+0600][58.778s][info][gc,heap     ] GC(80) y: Min Capacity: 8M(1%)
[2026-04-03T02:26:32.134+0600][58.778s][info][gc,heap     ] GC(80) y: Max Capacity: 1250M(100%)
[2026-04-03T02:26:32.134+0600][58.778s][info][gc,heap     ] GC(80) y: Soft Max Capacity: 1250M(100%)
[2026-04-03T02:26:32.134+0600][58.778s][info][gc,heap     ] GC(80) y: Heap Statistics:
[2026-04-03T02:26:32.134+0600][58.778s][info][gc,heap     ] GC(80) y:                Mark Start          Mark End        Relocate Start      Relocate End           High               Low         
[2026-04-03T02:26:32.134+0600][58.778s][info][gc,heap     ] GC(80) y:  Capacity:     1250M (100%)       1250M (100%)       1250M (100%)       1250M (100%)       1250M (100%)       1250M (100%)   
[2026-04-03T02:26:32.134+0600][58.778s][info][gc,heap     ] GC(80) y:      Free:      782M (63%)         418M (33%)         586M (47%)         644M (52%)         782M (63%)         406M (32%)    
[2026-04-03T02:26:32.134+0600][58.778s][info][gc,heap     ] GC(80) y:      Used:      468M (37%)         832M (67%)         664M (53%)         606M (48%)         844M (68%)         468M (37%)    
[2026-04-03T02:26:32.134+0600][58.778s][info][gc,heap     ] GC(80) y: Young Generation Statistics:
[2026-04-03T02:26:32.134+0600][58.779s][info][gc,heap     ] GC(80) y:                Mark Start          Mark End        Relocate Start      Relocate End    
[2026-04-03T02:26:32.134+0600][58.779s][info][gc,heap     ] GC(80) y:      Used:      304M (24%)         668M (53%)         494M (40%)         430M (34%)    
[2026-04-03T02:26:32.134+0600][58.779s][info][gc,heap     ] GC(80) y:      Live:         -                29M (2%)           24M (2%)           21M (2%)     
[2026-04-03T02:26:32.134+0600][58.779s][info][gc,heap     ] GC(80) y:   Garbage:         -               274M (22%)          77M (6%)            0M (0%)     
[2026-04-03T02:26:32.134+0600][58.779s][info][gc,heap     ] GC(80) y: Allocated:         -               364M (29%)         392M (31%)         408M (33%)    
[2026-04-03T02:26:32.134+0600][58.779s][info][gc,heap     ] GC(80) y: Reclaimed:         -                  -               196M (16%)         274M (22%)    
[2026-04-03T02:26:32.134+0600][58.779s][info][gc,heap     ] GC(80) y:  Promoted:         -                  -                 5M (0%)            8M (1%)     
[2026-04-03T02:26:32.134+0600][58.779s][info][gc,heap     ] GC(80) y: Compacted:         -                  -                  -                 3M (0%)     
[2026-04-03T02:26:32.134+0600][58.779s][info][gc,phases   ] GC(80) y: Young Generation 468M(37%)->606M(48%) 0.082s
[2026-04-03T02:26:32.134+0600][58.779s][info][gc          ] GC(80) Minor Collection (Allocation Rate) 462M(37%)->606M(48%) 0.083s
[2026-04-03T02:26:32.189+0600][58.834s][info][gc          ] GC(81) Minor Collection (Allocation Rate)
[2026-04-03T02:26:32.190+0600][58.834s][info][gc,task     ] GC(81) Using 3 Workers for Young Generation
[2026-04-03T02:26:32.190+0600][58.834s][info][gc,phases   ] GC(81) y: Young Generation
[2026-04-03T02:26:32.190+0600][58.835s][info][gc,phases   ] GC(81) y: Pause Mark Start 0.023ms
[2026-04-03T02:26:32.224+0600][58.869s][info][gc,phases   ] GC(81) y: Concurrent Mark 34.012ms
[2026-04-03T02:26:32.225+0600][58.869s][info][gc,phases   ] GC(81) y: Pause Mark End 0.027ms
[2026-04-03T02:26:32.225+0600][58.870s][info][gc,phases   ] GC(81) y: Concurrent Mark Free 0.002ms
[2026-04-03T02:26:32.225+0600][58.870s][info][gc,phases   ] GC(81) y: Concurrent Reset Relocation Set 0.029ms
[2026-04-03T02:26:32.228+0600][58.872s][info][gc,reloc    ] GC(81) y: Using tenuring threshold: 3 (Computed)
[2026-04-03T02:26:32.228+0600][58.873s][info][gc,phases   ] GC(81) y: Concurrent Select Relocation Set 2.842ms
[2026-04-03T02:26:32.228+0600][58.873s][info][gc,phases   ] GC(81) y: Pause Relocate Start 0.026ms
[2026-04-03T02:26:32.231+0600][58.876s][info][gc,phases   ] GC(81) y: Concurrent Relocate 2.562ms
[2026-04-03T02:26:32.231+0600][58.876s][info][gc,alloc    ] GC(81) y:                         Mark Start        Mark End      Relocate Start    Relocate End   
[2026-04-03T02:26:32.231+0600][58.876s][info][gc,alloc    ] GC(81) y: Allocation Stalls:          0                0                0                0         
[2026-04-03T02:26:32.231+0600][58.876s][info][gc,load     ] GC(81) y: Load: 6.15 (51%) / 6.05 (50%) / 5.91 (49%)
[2026-04-03T02:26:32.231+0600][58.876s][info][gc,mmu      ] GC(81) y: MMU: 2ms/95.7%, 5ms/97.6%, 10ms/98.8%, 20ms/99.4%, 50ms/99.7%, 100ms/99.8%
[2026-04-03T02:26:32.231+0600][58.876s][info][gc,marking  ] GC(81) y: Mark: 2 stripe(s), 2 proactive flush(es), 1 terminate flush(es), 0 completion(s), 0 continuation(s) 
[2026-04-03T02:26:32.231+0600][58.876s][info][gc,marking  ] GC(81) y: Mark Stack Usage: 32M
[2026-04-03T02:26:32.231+0600][58.876s][info][gc,nmethod  ] GC(81) y: NMethods: 14835 registered, 2240 unregistered
[2026-04-03T02:26:32.231+0600][58.876s][info][gc,metaspace] GC(81) y: Metaspace: 128M used, 129M committed, 1152M reserved
[2026-04-03T02:26:32.231+0600][58.876s][info][gc,reloc    ] GC(81) y:                        Candidates     Selected     In-Place         Size        Empty    Relocated 
[2026-04-03T02:26:32.231+0600][58.876s][info][gc,reloc    ] GC(81) y: Small Pages:                   65           49            0         130M          26M           3M 
[2026-04-03T02:26:32.231+0600][58.876s][info][gc,reloc    ] GC(81) y: Medium Pages:                   1            0            0          32M          32M           0M 
[2026-04-03T02:26:32.231+0600][58.876s][info][gc,reloc    ] GC(81) y: Large Pages:                   53            0            0         318M         318M           0M 
[2026-04-03T02:26:32.231+0600][58.876s][info][gc,reloc    ] GC(81) y: Forwarding Usage: 0M
[2026-04-03T02:26:32.231+0600][58.876s][info][gc,reloc    ] GC(81) y: Age Table:
[2026-04-03T02:26:32.231+0600][58.876s][info][gc,reloc    ] GC(81) y:                    Live             Garbage             Small              Medium             Large        
[2026-04-03T02:26:32.231+0600][58.876s][info][gc,reloc    ] GC(81) y: Eden               2M (0%)          447M (36%)         59 / 46             1 / 0             50 / 0        
[2026-04-03T02:26:32.231+0600][58.876s][info][gc,reloc    ] GC(81) y: Survivor 1         0M (0%)           23M (2%)           3 / 2              0 / 0              3 / 0        
[2026-04-03T02:26:32.231+0600][58.876s][info][gc,reloc    ] GC(81) y: Survivor 2         1M (0%)            4M (0%)           3 / 1              0 / 0              0 / 0        
[2026-04-03T02:26:32.231+0600][58.876s][info][gc,heap     ] GC(81) y: Min Capacity: 8M(1%)
[2026-04-03T02:26:32.231+0600][58.876s][info][gc,heap     ] GC(81) y: Max Capacity: 1250M(100%)
[2026-04-03T02:26:32.231+0600][58.876s][info][gc,heap     ] GC(81) y: Soft Max Capacity: 1250M(100%)
[2026-04-03T02:26:32.231+0600][58.876s][info][gc,heap     ] GC(81) y: Heap Statistics:
[2026-04-03T02:26:32.231+0600][58.876s][info][gc,heap     ] GC(81) y:                Mark Start          Mark End        Relocate Start      Relocate End           High               Low         
[2026-04-03T02:26:32.231+0600][58.876s][info][gc,heap     ] GC(81) y:  Capacity:     1250M (100%)       1250M (100%)       1250M (100%)       1250M (100%)       1250M (100%)       1250M (100%)   
[2026-04-03T02:26:32.232+0600][58.876s][info][gc,heap     ] GC(81) y:      Free:      594M (48%)         542M (43%)         914M (73%)         990M (79%)         990M (79%)         542M (43%)    
[2026-04-03T02:26:32.232+0600][58.876s][info][gc,heap     ] GC(81) y:      Used:      656M (52%)         708M (57%)         336M (27%)         260M (21%)         708M (57%)         260M (21%)    
[2026-04-03T02:26:32.232+0600][58.876s][info][gc,heap     ] GC(81) y: Young Generation Statistics:
[2026-04-03T02:26:32.232+0600][58.876s][info][gc,heap     ] GC(81) y:                Mark Start          Mark End        Relocate Start      Relocate End    
[2026-04-03T02:26:32.232+0600][58.876s][info][gc,heap     ] GC(81) y:      Used:      480M (38%)         532M (43%)         160M (13%)          84M (7%)     
[2026-04-03T02:26:32.232+0600][58.876s][info][gc,heap     ] GC(81) y:      Live:         -                 4M (0%)            4M (0%)            4M (0%)     
[2026-04-03T02:26:32.232+0600][58.876s][info][gc,heap     ] GC(81) y:   Garbage:         -               475M (38%)          99M (8%)            0M (0%)     
[2026-04-03T02:26:32.232+0600][58.876s][info][gc,heap     ] GC(81) y: Allocated:         -                52M (4%)           56M (4%)           78M (6%)     
[2026-04-03T02:26:32.232+0600][58.876s][info][gc,heap     ] GC(81) y: Reclaimed:         -                  -               376M (30%)         474M (38%)    
[2026-04-03T02:26:32.232+0600][58.876s][info][gc,heap     ] GC(81) y:  Promoted:         -                  -                 0M (0%)            0M (0%)     
[2026-04-03T02:26:32.232+0600][58.876s][info][gc,heap     ] GC(81) y: Compacted:         -                  -                  -                 3M (0%)     
[2026-04-03T02:26:32.232+0600][58.876s][info][gc,phases   ] GC(81) y: Young Generation 656M(52%)->260M(21%) 0.042s
[2026-04-03T02:26:32.232+0600][58.876s][info][gc          ] GC(81) Minor Collection (Allocation Rate) 656M(52%)->260M(21%) 0.042s
[2026-04-03T02:26:32.854+0600][59.499s][info][gc          ] GC(82) Minor Collection (Allocation Rate)
[2026-04-03T02:26:32.854+0600][59.499s][info][gc,task     ] GC(82) Using 3 Workers for Young Generation
[2026-04-03T02:26:32.854+0600][59.499s][info][gc,phases   ] GC(82) y: Young Generation
[2026-04-03T02:26:32.854+0600][59.499s][info][gc,phases   ] GC(82) y: Pause Mark Start 0.021ms
[2026-04-03T02:26:32.882+0600][59.527s][info][gc,phases   ] GC(82) y: Concurrent Mark 27.419ms
[2026-04-03T02:26:32.882+0600][59.527s][info][gc,phases   ] GC(82) y: Pause Mark End 0.028ms
[2026-04-03T02:26:32.882+0600][59.527s][info][gc,phases   ] GC(82) y: Concurrent Mark Free 0.002ms
[2026-04-03T02:26:32.882+0600][59.527s][info][gc,phases   ] GC(82) y: Concurrent Reset Relocation Set 0.011ms
[2026-04-03T02:26:32.885+0600][59.529s][info][gc,reloc    ] GC(82) y: Using tenuring threshold: 4 (Computed)
[2026-04-03T02:26:32.885+0600][59.530s][info][gc,phases   ] GC(82) y: Concurrent Select Relocation Set 2.991ms
[2026-04-03T02:26:32.885+0600][59.530s][info][gc,phases   ] GC(82) y: Pause Relocate Start 0.013ms
[2026-04-03T02:26:32.891+0600][59.536s][info][gc,phases   ] GC(82) y: Concurrent Relocate 5.767ms
[2026-04-03T02:26:32.891+0600][59.536s][info][gc,alloc    ] GC(82) y:                         Mark Start        Mark End      Relocate Start    Relocate End   
[2026-04-03T02:26:32.891+0600][59.536s][info][gc,alloc    ] GC(82) y: Allocation Stalls:          0                0                0                0         
[2026-04-03T02:26:32.891+0600][59.536s][info][gc,load     ] GC(82) y: Load: 6.15 (51%) / 6.05 (50%) / 5.91 (49%)
[2026-04-03T02:26:32.891+0600][59.536s][info][gc,mmu      ] GC(82) y: MMU: 2ms/95.7%, 5ms/97.6%, 10ms/98.8%, 20ms/99.4%, 50ms/99.7%, 100ms/99.8%
[2026-04-03T02:26:32.891+0600][59.536s][info][gc,marking  ] GC(82) y: Mark: 2 stripe(s), 3 proactive flush(es), 1 terminate flush(es), 0 completion(s), 0 continuation(s) 
[2026-04-03T02:26:32.891+0600][59.536s][info][gc,marking  ] GC(82) y: Mark Stack Usage: 32M
[2026-04-03T02:26:32.891+0600][59.536s][info][gc,nmethod  ] GC(82) y: NMethods: 14887 registered, 2240 unregistered
[2026-04-03T02:26:32.892+0600][59.536s][info][gc,metaspace] GC(82) y: Metaspace: 128M used, 129M committed, 1152M reserved
[2026-04-03T02:26:32.892+0600][59.536s][info][gc,reloc    ] GC(82) y:                        Candidates     Selected     In-Place         Size        Empty    Relocated 
[2026-04-03T02:26:32.892+0600][59.536s][info][gc,reloc    ] GC(82) y: Small Pages:                  192          155            0         384M          66M           5M 
[2026-04-03T02:26:32.892+0600][59.536s][info][gc,reloc    ] GC(82) y: Medium Pages:                   2            0            0          64M          64M           0M 
[2026-04-03T02:26:32.892+0600][59.536s][info][gc,reloc    ] GC(82) y: Large Pages:                    8            0            0          48M          48M           0M 
[2026-04-03T02:26:32.892+0600][59.536s][info][gc,reloc    ] GC(82) y: Forwarding Usage: 1M
[2026-04-03T02:26:32.892+0600][59.536s][info][gc,reloc    ] GC(82) y: Age Table:
[2026-04-03T02:26:32.892+0600][59.536s][info][gc,reloc    ] GC(82) y:                    Live             Garbage             Small              Medium             Large        
[2026-04-03T02:26:32.892+0600][59.536s][info][gc,reloc    ] GC(82) y: Eden               3M (0%)          464M (37%)        178 / 144            2 / 0              8 / 0        
[2026-04-03T02:26:32.892+0600][59.536s][info][gc,reloc    ] GC(82) y: Survivor 1         0M (0%)           19M (2%)          10 / 8              0 / 0              0 / 0        
[2026-04-03T02:26:32.892+0600][59.536s][info][gc,reloc    ] GC(82) y: Survivor 2         0M (0%)            3M (0%)           2 / 1              0 / 0              0 / 0        
[2026-04-03T02:26:32.892+0600][59.536s][info][gc,reloc    ] GC(82) y: Survivor 3         1M (0%)            2M (0%)           2 / 2              0 / 0              0 / 0        
[2026-04-03T02:26:32.892+0600][59.536s][info][gc,heap     ] GC(82) y: Min Capacity: 8M(1%)
[2026-04-03T02:26:32.892+0600][59.536s][info][gc,heap     ] GC(82) y: Max Capacity: 1250M(100%)
[2026-04-03T02:26:32.892+0600][59.536s][info][gc,heap     ] GC(82) y: Soft Max Capacity: 1250M(100%)
[2026-04-03T02:26:32.892+0600][59.536s][info][gc,heap     ] GC(82) y: Heap Statistics:
[2026-04-03T02:26:32.892+0600][59.536s][info][gc,heap     ] GC(82) y:                Mark Start          Mark End        Relocate Start      Relocate End           High               Low         
[2026-04-03T02:26:32.892+0600][59.536s][info][gc,heap     ] GC(82) y:  Capacity:     1250M (100%)       1250M (100%)       1250M (100%)       1250M (100%)       1250M (100%)       1250M (100%)   
[2026-04-03T02:26:32.892+0600][59.536s][info][gc,heap     ] GC(82) y:      Free:      578M (46%)         562M (45%)         740M (59%)        1006M (80%)        1006M (80%)         562M (45%)    
[2026-04-03T02:26:32.892+0600][59.536s][info][gc,heap     ] GC(82) y:      Used:      672M (54%)         688M (55%)         510M (41%)         244M (20%)         688M (55%)         244M (20%)    
[2026-04-03T02:26:32.892+0600][59.537s][info][gc,heap     ] GC(82) y: Young Generation Statistics:
[2026-04-03T02:26:32.892+0600][59.537s][info][gc,heap     ] GC(82) y:                Mark Start          Mark End        Relocate Start      Relocate End    
[2026-04-03T02:26:32.892+0600][59.537s][info][gc,heap     ] GC(82) y:      Used:      496M (40%)         512M (41%)         334M (27%)          68M (5%)     
[2026-04-03T02:26:32.892+0600][59.537s][info][gc,heap     ] GC(82) y:      Live:         -                 6M (1%)            6M (1%)            6M (1%)     
[2026-04-03T02:26:32.892+0600][59.537s][info][gc,heap     ] GC(82) y:   Garbage:         -               489M (39%)         311M (25%)           0M (0%)     
[2026-04-03T02:26:32.892+0600][59.537s][info][gc,heap     ] GC(82) y: Allocated:         -                16M (1%)           16M (1%)           61M (5%)     
[2026-04-03T02:26:32.892+0600][59.537s][info][gc,heap     ] GC(82) y: Reclaimed:         -                  -               178M (14%)         489M (39%)    
[2026-04-03T02:26:32.892+0600][59.537s][info][gc,heap     ] GC(82) y:  Promoted:         -                  -                 0M (0%)            0M (0%)     
[2026-04-03T02:26:32.892+0600][59.537s][info][gc,heap     ] GC(82) y: Compacted:         -                  -                  -                 6M (1%)     
[2026-04-03T02:26:32.892+0600][59.537s][info][gc,phases   ] GC(82) y: Young Generation 672M(54%)->244M(20%) 0.037s
[2026-04-03T02:26:32.892+0600][59.537s][info][gc          ] GC(82) Minor Collection (Allocation Rate) 672M(54%)->244M(20%) 0.038s
[2026-04-03T02:26:33.132+0600][59.777s][info][gc          ] GC(83) Minor Collection (Allocation Rate)
[2026-04-03T02:26:33.132+0600][59.777s][info][gc,task     ] GC(83) Using 2 Workers for Young Generation
[2026-04-03T02:26:33.132+0600][59.777s][info][gc,phases   ] GC(83) y: Young Generation
[2026-04-03T02:26:33.132+0600][59.777s][info][gc,phases   ] GC(83) y: Pause Mark Start 0.022ms
[2026-04-03T02:26:33.164+0600][59.809s][info][gc,phases   ] GC(83) y: Concurrent Mark 31.720ms
[2026-04-03T02:26:33.164+0600][59.809s][info][gc,phases   ] GC(83) y: Pause Mark End 0.044ms
[2026-04-03T02:26:33.164+0600][59.809s][info][gc,phases   ] GC(83) y: Concurrent Mark Free 0.002ms
[2026-04-03T02:26:33.164+0600][59.809s][info][gc,phases   ] GC(83) y: Concurrent Reset Relocation Set 0.025ms
[2026-04-03T02:26:33.167+0600][59.811s][info][gc,reloc    ] GC(83) y: Using tenuring threshold: 5 (Computed)
[2026-04-03T02:26:33.167+0600][59.812s][info][gc,phases   ] GC(83) y: Concurrent Select Relocation Set 2.569ms
[2026-04-03T02:26:33.167+0600][59.812s][info][gc,phases   ] GC(83) y: Pause Relocate Start 0.022ms
[2026-04-03T02:26:33.172+0600][59.817s][info][gc,phases   ] GC(83) y: Concurrent Relocate 4.856ms
[2026-04-03T02:26:33.172+0600][59.817s][info][gc,alloc    ] GC(83) y:                         Mark Start        Mark End      Relocate Start    Relocate End   
[2026-04-03T02:26:33.172+0600][59.817s][info][gc,alloc    ] GC(83) y: Allocation Stalls:          0                0                0                0         
[2026-04-03T02:26:33.172+0600][59.817s][info][gc,load     ] GC(83) y: Load: 6.15 (51%) / 6.05 (50%) / 5.91 (49%)
[2026-04-03T02:26:33.172+0600][59.817s][info][gc,mmu      ] GC(83) y: MMU: 2ms/95.7%, 5ms/97.6%, 10ms/98.8%, 20ms/99.4%, 50ms/99.7%, 100ms/99.8%
[2026-04-03T02:26:33.172+0600][59.817s][info][gc,marking  ] GC(83) y: Mark: 2 stripe(s), 3 proactive flush(es), 1 terminate flush(es), 0 completion(s), 0 continuation(s) 
[2026-04-03T02:26:33.172+0600][59.817s][info][gc,marking  ] GC(83) y: Mark Stack Usage: 32M
[2026-04-03T02:26:33.172+0600][59.817s][info][gc,nmethod  ] GC(83) y: NMethods: 14894 registered, 2240 unregistered
[2026-04-03T02:26:33.173+0600][59.817s][info][gc,metaspace] GC(83) y: Metaspace: 128M used, 129M committed, 1152M reserved
[2026-04-03T02:26:33.173+0600][59.817s][info][gc,reloc    ] GC(83) y:                        Candidates     Selected     In-Place         Size        Empty    Relocated 
[2026-04-03T02:26:33.173+0600][59.817s][info][gc,reloc    ] GC(83) y: Small Pages:                  103           67            0         206M          64M           5M 
[2026-04-03T02:26:33.173+0600][59.817s][info][gc,reloc    ] GC(83) y: Medium Pages:                   2            0            0          64M          64M           0M 
[2026-04-03T02:26:33.173+0600][59.817s][info][gc,reloc    ] GC(83) y: Large Pages:                    4            0            0          24M          24M           0M 
[2026-04-03T02:26:33.173+0600][59.817s][info][gc,reloc    ] GC(83) y: Forwarding Usage: 1M
[2026-04-03T02:26:33.173+0600][59.817s][info][gc,reloc    ] GC(83) y: Age Table:
[2026-04-03T02:26:33.173+0600][59.817s][info][gc,reloc    ] GC(83) y:                    Live             Garbage             Small              Medium             Large        
[2026-04-03T02:26:33.173+0600][59.817s][info][gc,reloc    ] GC(83) y: Eden               2M (0%)          239M (19%)         77 / 52             2 / 0              4 / 0        
[2026-04-03T02:26:33.173+0600][59.817s][info][gc,reloc    ] GC(83) y: Survivor 1         1M (0%)           20M (2%)          11 / 1              0 / 0              0 / 0        
[2026-04-03T02:26:33.173+0600][59.817s][info][gc,reloc    ] GC(83) y: Survivor 2         0M (0%)           21M (2%)          11 / 10             0 / 0              0 / 0        
[2026-04-03T02:26:33.173+0600][59.817s][info][gc,reloc    ] GC(83) y: Survivor 3         0M (0%)            3M (0%)           2 / 2              0 / 0              0 / 0        
[2026-04-03T02:26:33.173+0600][59.817s][info][gc,reloc    ] GC(83) y: Survivor 4         1M (0%)            2M (0%)           2 / 2              0 / 0              0 / 0        
[2026-04-03T02:26:33.173+0600][59.817s][info][gc,heap     ] GC(83) y: Min Capacity: 8M(1%)
[2026-04-03T02:26:33.173+0600][59.817s][info][gc,heap     ] GC(83) y: Max Capacity: 1250M(100%)
[2026-04-03T02:26:33.173+0600][59.817s][info][gc,heap     ] GC(83) y: Soft Max Capacity: 1250M(100%)
[2026-04-03T02:26:33.173+0600][59.817s][info][gc,heap     ] GC(83) y: Heap Statistics:
[2026-04-03T02:26:33.173+0600][59.817s][info][gc,heap     ] GC(83) y:                Mark Start          Mark End        Relocate Start      Relocate End           High               Low         
[2026-04-03T02:26:33.173+0600][59.817s][info][gc,heap     ] GC(83) y:  Capacity:     1250M (100%)       1250M (100%)       1250M (100%)       1250M (100%)       1250M (100%)       1250M (100%)   
[2026-04-03T02:26:33.173+0600][59.817s][info][gc,heap     ] GC(83) y:      Free:      780M (62%)         728M (58%)         880M (70%)         982M (79%)         982M (79%)         728M (58%)    
[2026-04-03T02:26:33.173+0600][59.817s][info][gc,heap     ] GC(83) y:      Used:      470M (38%)         522M (42%)         370M (30%)         268M (21%)         522M (42%)         268M (21%)    
[2026-04-03T02:26:33.173+0600][59.817s][info][gc,heap     ] GC(83) y: Young Generation Statistics:
[2026-04-03T02:26:33.173+0600][59.817s][info][gc,heap     ] GC(83) y:                Mark Start          Mark End        Relocate Start      Relocate End    
[2026-04-03T02:26:33.173+0600][59.818s][info][gc,heap     ] GC(83) y:      Used:      294M (24%)         346M (28%)         194M (16%)          92M (7%)     
[2026-04-03T02:26:33.173+0600][59.818s][info][gc,heap     ] GC(83) y:      Live:         -                 6M (1%)            6M (1%)            6M (1%)     
[2026-04-03T02:26:33.173+0600][59.818s][info][gc,heap     ] GC(83) y:   Garbage:         -               287M (23%)         135M (11%)           0M (0%)     
[2026-04-03T02:26:33.173+0600][59.818s][info][gc,heap     ] GC(83) y: Allocated:         -                52M (4%)           52M (4%)           85M (7%)     
[2026-04-03T02:26:33.173+0600][59.818s][info][gc,heap     ] GC(83) y: Reclaimed:         -                  -               152M (12%)         287M (23%)    
[2026-04-03T02:26:33.173+0600][59.818s][info][gc,heap     ] GC(83) y:  Promoted:         -                  -                 0M (0%)            0M (0%)     
[2026-04-03T02:26:33.173+0600][59.818s][info][gc,heap     ] GC(83) y: Compacted:         -                  -                  -                 6M (1%)     
[2026-04-03T02:26:33.173+0600][59.818s][info][gc,phases   ] GC(83) y: Young Generation 470M(38%)->268M(21%) 0.040s
[2026-04-03T02:26:33.173+0600][59.818s][info][gc          ] GC(83) Minor Collection (Allocation Rate) 470M(38%)->268M(21%) 0.041s
[2026-04-03T02:26:34.150+0600][60.795s][info][gc          ] GC(84) Minor Collection (Allocation Rate)
[2026-04-03T02:26:34.150+0600][60.795s][info][gc,task     ] GC(84) Using 2 Workers for Young Generation
[2026-04-03T02:26:34.150+0600][60.795s][info][gc,phases   ] GC(84) y: Young Generation
[2026-04-03T02:26:34.150+0600][60.795s][info][gc,phases   ] GC(84) y: Pause Mark Start 0.017ms
[2026-04-03T02:26:34.170+0600][60.815s][info][gc,phases   ] GC(84) y: Concurrent Mark 19.779ms
[2026-04-03T02:26:34.170+0600][60.815s][info][gc,phases   ] GC(84) y: Pause Mark End 0.020ms
[2026-04-03T02:26:34.170+0600][60.815s][info][gc,phases   ] GC(84) y: Concurrent Mark Free 0.001ms
[2026-04-03T02:26:34.170+0600][60.815s][info][gc,phases   ] GC(84) y: Concurrent Reset Relocation Set 0.009ms
[2026-04-03T02:26:34.172+0600][60.817s][info][gc,reloc    ] GC(84) y: Using tenuring threshold: 6 (Computed)
[2026-04-03T02:26:34.172+0600][60.817s][info][gc,phases   ] GC(84) y: Concurrent Select Relocation Set 1.883ms
[2026-04-03T02:26:34.173+0600][60.817s][info][gc,phases   ] GC(84) y: Pause Relocate Start 0.011ms
[2026-04-03T02:26:34.176+0600][60.821s][info][gc,phases   ] GC(84) y: Concurrent Relocate 3.592ms
[2026-04-03T02:26:34.176+0600][60.821s][info][gc,alloc    ] GC(84) y:                         Mark Start        Mark End      Relocate Start    Relocate End   
[2026-04-03T02:26:34.176+0600][60.821s][info][gc,alloc    ] GC(84) y: Allocation Stalls:          0                0                0                0         
[2026-04-03T02:26:34.176+0600][60.821s][info][gc,load     ] GC(84) y: Load: 6.15 (51%) / 6.05 (50%) / 5.91 (49%)
[2026-04-03T02:26:34.176+0600][60.821s][info][gc,mmu      ] GC(84) y: MMU: 2ms/95.7%, 5ms/97.6%, 10ms/98.8%, 20ms/99.4%, 50ms/99.7%, 100ms/99.8%
[2026-04-03T02:26:34.176+0600][60.821s][info][gc,marking  ] GC(84) y: Mark: 2 stripe(s), 2 proactive flush(es), 1 terminate flush(es), 0 completion(s), 0 continuation(s) 
[2026-04-03T02:26:34.176+0600][60.821s][info][gc,marking  ] GC(84) y: Mark Stack Usage: 32M
[2026-04-03T02:26:34.176+0600][60.821s][info][gc,nmethod  ] GC(84) y: NMethods: 14959 registered, 2240 unregistered
[2026-04-03T02:26:34.176+0600][60.821s][info][gc,metaspace] GC(84) y: Metaspace: 128M used, 129M committed, 1152M reserved
[2026-04-03T02:26:34.176+0600][60.821s][info][gc,reloc    ] GC(84) y:                        Candidates     Selected     In-Place         Size        Empty    Relocated 
[2026-04-03T02:26:34.176+0600][60.821s][info][gc,reloc    ] GC(84) y: Small Pages:                  295          173            0         590M         236M           4M 
[2026-04-03T02:26:34.176+0600][60.821s][info][gc,reloc    ] GC(84) y: Medium Pages:                   4            0            0         128M         128M           0M 
[2026-04-03T02:26:34.176+0600][60.821s][info][gc,reloc    ] GC(84) y: Large Pages:                   15            0            0          90M          90M           0M 
[2026-04-03T02:26:34.176+0600][60.821s][info][gc,reloc    ] GC(84) y: Forwarding Usage: 0M
[2026-04-03T02:26:34.176+0600][60.821s][info][gc,reloc    ] GC(84) y: Age Table:
[2026-04-03T02:26:34.176+0600][60.821s][info][gc,reloc    ] GC(84) y:                    Live             Garbage             Small              Medium             Large        
[2026-04-03T02:26:34.176+0600][60.821s][info][gc,reloc    ] GC(84) y: Eden               2M (0%)          767M (61%)        276 / 162            4 / 0             15 / 0        
[2026-04-03T02:26:34.176+0600][60.821s][info][gc,reloc    ] GC(84) y: Survivor 1         0M (0%)           15M (1%)           8 / 2              0 / 0              0 / 0        
[2026-04-03T02:26:34.177+0600][60.821s][info][gc,reloc    ] GC(84) y: Survivor 2         1M (0%)            0M (0%)           1 / 1              0 / 0              0 / 0        
[2026-04-03T02:26:34.177+0600][60.821s][info][gc,reloc    ] GC(84) y: Survivor 3         0M (0%)           15M (1%)           8 / 7              0 / 0              0 / 0        
[2026-04-03T02:26:34.177+0600][60.821s][info][gc,reloc    ] GC(84) y: Survivor 4         0M (0%)            1M (0%)           1 / 1              0 / 0              0 / 0        
[2026-04-03T02:26:34.177+0600][60.821s][info][gc,reloc    ] GC(84) y: Survivor 5         1M (0%)            0M (0%)           1 / 0              0 / 0              0 / 0        
[2026-04-03T02:26:34.177+0600][60.821s][info][gc,heap     ] GC(84) y: Min Capacity: 8M(1%)
[2026-04-03T02:26:34.177+0600][60.821s][info][gc,heap     ] GC(84) y: Max Capacity: 1250M(100%)
[2026-04-03T02:26:34.177+0600][60.821s][info][gc,heap     ] GC(84) y: Soft Max Capacity: 1250M(100%)
[2026-04-03T02:26:34.177+0600][60.821s][info][gc,heap     ] GC(84) y: Heap Statistics:
[2026-04-03T02:26:34.177+0600][60.821s][info][gc,heap     ] GC(84) y:                Mark Start          Mark End        Relocate Start      Relocate End           High               Low         
[2026-04-03T02:26:34.177+0600][60.821s][info][gc,heap     ] GC(84) y:  Capacity:     1250M (100%)       1250M (100%)       1250M (100%)       1250M (100%)       1250M (100%)       1250M (100%)   
[2026-04-03T02:26:34.177+0600][60.821s][info][gc,heap     ] GC(84) y:      Free:      266M (21%)         258M (21%)         710M (57%)        1046M (84%)        1046M (84%)         258M (21%)    
[2026-04-03T02:26:34.177+0600][60.821s][info][gc,heap     ] GC(84) y:      Used:      984M (79%)         992M (79%)         540M (43%)         204M (16%)         992M (79%)         204M (16%)    
[2026-04-03T02:26:34.177+0600][60.821s][info][gc,heap     ] GC(84) y: Young Generation Statistics:
[2026-04-03T02:26:34.177+0600][60.821s][info][gc,heap     ] GC(84) y:                Mark Start          Mark End        Relocate Start      Relocate End    
[2026-04-03T02:26:34.177+0600][60.821s][info][gc,heap     ] GC(84) y:      Used:      808M (65%)         816M (65%)         364M (29%)          28M (2%)     
[2026-04-03T02:26:34.177+0600][60.821s][info][gc,heap     ] GC(84) y:      Live:         -                 6M (1%)            6M (1%)            6M (1%)     
[2026-04-03T02:26:34.177+0600][60.821s][info][gc,heap     ] GC(84) y:   Garbage:         -               801M (64%)         347M (28%)           0M (0%)     
[2026-04-03T02:26:34.177+0600][60.821s][info][gc,heap     ] GC(84) y: Allocated:         -                 8M (1%)           10M (1%)           21M (2%)     
[2026-04-03T02:26:34.177+0600][60.821s][info][gc,heap     ] GC(84) y: Reclaimed:         -                  -               454M (36%)         801M (64%)    
[2026-04-03T02:26:34.177+0600][60.821s][info][gc,heap     ] GC(84) y:  Promoted:         -                  -                 0M (0%)            0M (0%)     
[2026-04-03T02:26:34.177+0600][60.821s][info][gc,heap     ] GC(84) y: Compacted:         -                  -                  -                 6M (1%)     
[2026-04-03T02:26:34.177+0600][60.821s][info][gc,phases   ] GC(84) y: Young Generation 984M(79%)->204M(16%) 0.026s
[2026-04-03T02:26:34.177+0600][60.821s][info][gc          ] GC(84) Minor Collection (Allocation Rate) 984M(79%)->204M(16%) 0.027s
[2026-04-03T02:26:35.165+0600][61.809s][info][gc          ] GC(85) Minor Collection (Allocation Rate)
[2026-04-03T02:26:35.165+0600][61.809s][info][gc,task     ] GC(85) Using 1 Workers for Young Generation
[2026-04-03T02:26:35.165+0600][61.809s][info][gc,phases   ] GC(85) y: Young Generation
[2026-04-03T02:26:35.165+0600][61.810s][info][gc,phases   ] GC(85) y: Pause Mark Start 0.022ms
[2026-04-03T02:26:35.230+0600][61.875s][info][gc,phases   ] GC(85) y: Concurrent Mark 64.792ms
[2026-04-03T02:26:35.230+0600][61.875s][info][gc,phases   ] GC(85) y: Pause Mark End 0.021ms
[2026-04-03T02:26:35.230+0600][61.875s][info][gc,phases   ] GC(85) y: Concurrent Mark Free 0.001ms
[2026-04-03T02:26:35.230+0600][61.875s][info][gc,phases   ] GC(85) y: Concurrent Reset Relocation Set 0.014ms
[2026-04-03T02:26:35.232+0600][61.877s][info][gc,reloc    ] GC(85) y: Using tenuring threshold: 6 (Computed)
[2026-04-03T02:26:35.233+0600][61.878s][info][gc,phases   ] GC(85) y: Concurrent Select Relocation Set 3.254ms
[2026-04-03T02:26:35.234+0600][61.878s][info][gc,phases   ] GC(85) y: Pause Relocate Start 0.015ms
[2026-04-03T02:26:35.245+0600][61.890s][info][gc,phases   ] GC(85) y: Concurrent Relocate 11.836ms
[2026-04-03T02:26:35.246+0600][61.890s][info][gc,alloc    ] GC(85) y:                         Mark Start        Mark End      Relocate Start    Relocate End   
[2026-04-03T02:26:35.246+0600][61.890s][info][gc,alloc    ] GC(85) y: Allocation Stalls:          0                0                0                0         
[2026-04-03T02:26:35.246+0600][61.890s][info][gc,load     ] GC(85) y: Load: 6.38 (53%) / 6.10 (51%) / 5.93 (49%)
[2026-04-03T02:26:35.246+0600][61.890s][info][gc,mmu      ] GC(85) y: MMU: 2ms/95.7%, 5ms/97.6%, 10ms/98.8%, 20ms/99.4%, 50ms/99.7%, 100ms/99.8%
[2026-04-03T02:26:35.246+0600][61.890s][info][gc,marking  ] GC(85) y: Mark: 1 stripe(s), 2 proactive flush(es), 1 terminate flush(es), 0 completion(s), 0 continuation(s) 
[2026-04-03T02:26:35.246+0600][61.890s][info][gc,marking  ] GC(85) y: Mark Stack Usage: 32M
[2026-04-03T02:26:35.246+0600][61.890s][info][gc,nmethod  ] GC(85) y: NMethods: 14982 registered, 2240 unregistered
[2026-04-03T02:26:35.246+0600][61.890s][info][gc,metaspace] GC(85) y: Metaspace: 128M used, 129M committed, 1152M reserved
[2026-04-03T02:26:35.246+0600][61.890s][info][gc,reloc    ] GC(85) y:                        Candidates     Selected     In-Place         Size        Empty    Relocated 
[2026-04-03T02:26:35.246+0600][61.890s][info][gc,reloc    ] GC(85) y: Small Pages:                  303          188            0         606M         216M           6M 
[2026-04-03T02:26:35.246+0600][61.890s][info][gc,reloc    ] GC(85) y: Medium Pages:                   4            0            0         128M         128M           0M 
[2026-04-03T02:26:35.246+0600][61.890s][info][gc,reloc    ] GC(85) y: Large Pages:                   14            0            0          84M          84M           0M 
[2026-04-03T02:26:35.246+0600][61.890s][info][gc,reloc    ] GC(85) y: Forwarding Usage: 1M
[2026-04-03T02:26:35.246+0600][61.890s][info][gc,reloc    ] GC(85) y: Age Table:
[2026-04-03T02:26:35.246+0600][61.890s][info][gc,reloc    ] GC(85) y:                    Live             Garbage             Small              Medium             Large        
[2026-04-03T02:26:35.246+0600][61.890s][info][gc,reloc    ] GC(85) y: Eden               4M (0%)          797M (64%)        295 / 184            4 / 0             14 / 0        
[2026-04-03T02:26:35.246+0600][61.890s][info][gc,reloc    ] GC(85) y: Survivor 1         2M (0%)            1M (0%)           2 / 0              0 / 0              0 / 0        
[2026-04-03T02:26:35.246+0600][61.890s][info][gc,reloc    ] GC(85) y: Survivor 2         0M (0%)            1M (0%)           1 / 1              0 / 0              0 / 0        
[2026-04-03T02:26:35.246+0600][61.890s][info][gc,reloc    ] GC(85) y: Survivor 3         1M (0%)            0M (0%)           1 / 0              0 / 0              0 / 0        
[2026-04-03T02:26:35.246+0600][61.891s][info][gc,reloc    ] GC(85) y: Survivor 4         0M (0%)            3M (0%)           2 / 1              0 / 0              0 / 0        
[2026-04-03T02:26:35.246+0600][61.891s][info][gc,reloc    ] GC(85) y: Survivor 5         0M (0%)            1M (0%)           1 / 1              0 / 0              0 / 0        
[2026-04-03T02:26:35.246+0600][61.891s][info][gc,reloc    ] GC(85) y: Survivor 6         1M (0%)            0M (0%)           1 / 1              0 / 0              0 / 0        
[2026-04-03T02:26:35.246+0600][61.891s][info][gc,heap     ] GC(85) y: Min Capacity: 8M(1%)
[2026-04-03T02:26:35.246+0600][61.891s][info][gc,heap     ] GC(85) y: Max Capacity: 1250M(100%)
[2026-04-03T02:26:35.246+0600][61.891s][info][gc,heap     ] GC(85) y: Soft Max Capacity: 1250M(100%)
[2026-04-03T02:26:35.246+0600][61.891s][info][gc,heap     ] GC(85) y: Heap Statistics:
[2026-04-03T02:26:35.246+0600][61.891s][info][gc,heap     ] GC(85) y:                Mark Start          Mark End        Relocate Start      Relocate End           High               Low         
[2026-04-03T02:26:35.246+0600][61.891s][info][gc,heap     ] GC(85) y:  Capacity:     1250M (100%)       1250M (100%)       1250M (100%)       1250M (100%)       1250M (100%)       1250M (100%)   
[2026-04-03T02:26:35.246+0600][61.891s][info][gc,heap     ] GC(85) y:      Free:      256M (20%)         178M (14%)         600M (48%)         946M (76%)         954M (76%)         178M (14%)    
[2026-04-03T02:26:35.246+0600][61.891s][info][gc,heap     ] GC(85) y:      Used:      994M (80%)        1072M (86%)         650M (52%)         304M (24%)        1072M (86%)         296M (24%)    
[2026-04-03T02:26:35.246+0600][61.891s][info][gc,heap     ] GC(85) y: Young Generation Statistics:
[2026-04-03T02:26:35.246+0600][61.891s][info][gc,heap     ] GC(85) y:                Mark Start          Mark End        Relocate Start      Relocate End    
[2026-04-03T02:26:35.246+0600][61.891s][info][gc,heap     ] GC(85) y:      Used:      818M (65%)         896M (72%)         474M (38%)         126M (10%)    
[2026-04-03T02:26:35.246+0600][61.891s][info][gc,heap     ] GC(85) y:      Live:         -                10M (1%)           10M (1%)            9M (1%)     
[2026-04-03T02:26:35.246+0600][61.891s][info][gc,heap     ] GC(85) y:   Garbage:         -               807M (65%)         379M (30%)           1M (0%)     
[2026-04-03T02:26:35.246+0600][61.891s][info][gc,heap     ] GC(85) y: Allocated:         -                78M (6%)           84M (7%)          114M (9%)     
[2026-04-03T02:26:35.246+0600][61.891s][info][gc,heap     ] GC(85) y: Reclaimed:         -                  -               428M (34%)         805M (64%)    
[2026-04-03T02:26:35.246+0600][61.891s][info][gc,heap     ] GC(85) y:  Promoted:         -                  -                 0M (0%)            1M (0%)     
[2026-04-03T02:26:35.246+0600][61.891s][info][gc,heap     ] GC(85) y: Compacted:         -                  -                  -                 7M (1%)     
[2026-04-03T02:26:35.246+0600][61.891s][info][gc,phases   ] GC(85) y: Young Generation 994M(80%)->304M(24%) 0.081s
[2026-04-03T02:26:35.246+0600][61.891s][info][gc          ] GC(85) Minor Collection (Allocation Rate) 994M(80%)->304M(24%) 0.082s
[2026-04-03T02:26:35.981+0600][62.626s][info][gc          ] GC(86) Minor Collection (Allocation Rate)
[2026-04-03T02:26:35.981+0600][62.626s][info][gc,task     ] GC(86) Using 1 Workers for Young Generation
[2026-04-03T02:26:35.981+0600][62.626s][info][gc,phases   ] GC(86) y: Young Generation
[2026-04-03T02:26:35.982+0600][62.626s][info][gc,phases   ] GC(86) y: Pause Mark Start 0.027ms
[2026-04-03T02:26:36.054+0600][62.699s][info][gc,phases   ] GC(86) y: Concurrent Mark 72.450ms
[2026-04-03T02:26:36.055+0600][62.699s][info][gc,phases   ] GC(86) y: Pause Mark End 0.034ms
[2026-04-03T02:26:36.057+0600][62.702s][info][gc,phases   ] GC(86) y: Concurrent Mark Free 0.003ms
[2026-04-03T02:26:36.057+0600][62.702s][info][gc,phases   ] GC(86) y: Concurrent Reset Relocation Set 0.021ms
[2026-04-03T02:26:36.063+0600][62.708s][info][gc,reloc    ] GC(86) y: Using tenuring threshold: 4 (Computed)
[2026-04-03T02:26:36.066+0600][62.711s][info][gc,phases   ] GC(86) y: Concurrent Select Relocation Set 8.930ms
[2026-04-03T02:26:36.066+0600][62.711s][info][gc,phases   ] GC(86) y: Pause Relocate Start 0.027ms
[2026-04-03T02:26:36.095+0600][62.740s][info][gc,phases   ] GC(86) y: Concurrent Relocate 28.845ms
[2026-04-03T02:26:36.095+0600][62.740s][info][gc,alloc    ] GC(86) y:                         Mark Start        Mark End      Relocate Start    Relocate End   
[2026-04-03T02:26:36.095+0600][62.740s][info][gc,alloc    ] GC(86) y: Allocation Stalls:          0                0                0                0         
[2026-04-03T02:26:36.095+0600][62.740s][info][gc,load     ] GC(86) y: Load: 6.38 (53%) / 6.10 (51%) / 5.93 (49%)
[2026-04-03T02:26:36.095+0600][62.740s][info][gc,mmu      ] GC(86) y: MMU: 2ms/95.7%, 5ms/97.6%, 10ms/98.8%, 20ms/99.4%, 50ms/99.7%, 100ms/99.8%
[2026-04-03T02:26:36.095+0600][62.740s][info][gc,marking  ] GC(86) y: Mark: 1 stripe(s), 2 proactive flush(es), 1 terminate flush(es), 0 completion(s), 0 continuation(s) 
[2026-04-03T02:26:36.095+0600][62.740s][info][gc,marking  ] GC(86) y: Mark Stack Usage: 32M
[2026-04-03T02:26:36.095+0600][62.740s][info][gc,nmethod  ] GC(86) y: NMethods: 14995 registered, 2240 unregistered
[2026-04-03T02:26:36.095+0600][62.740s][info][gc,metaspace] GC(86) y: Metaspace: 128M used, 129M committed, 1152M reserved
[2026-04-03T02:26:36.095+0600][62.740s][info][gc,reloc    ] GC(86) y:                        Candidates     Selected     In-Place         Size        Empty    Relocated 
[2026-04-03T02:26:36.095+0600][62.740s][info][gc,reloc    ] GC(86) y: Small Pages:                  315          220            0         630M         174M           9M 
[2026-04-03T02:26:36.095+0600][62.740s][info][gc,reloc    ] GC(86) y: Medium Pages:                   3            0            0          96M          96M           0M 
[2026-04-03T02:26:36.096+0600][62.740s][info][gc,reloc    ] GC(86) y: Large Pages:                   14            0            0          84M          84M           0M 
[2026-04-03T02:26:36.096+0600][62.740s][info][gc,reloc    ] GC(86) y: Forwarding Usage: 3M
[2026-04-03T02:26:36.096+0600][62.740s][info][gc,reloc    ] GC(86) y: Age Table:
[2026-04-03T02:26:36.096+0600][62.740s][info][gc,reloc    ] GC(86) y:                    Live             Garbage             Small              Medium             Large        
[2026-04-03T02:26:36.096+0600][62.740s][info][gc,reloc    ] GC(86) y: Eden               6M (1%)          769M (62%)        298 / 209            3 / 0             14 / 0        
[2026-04-03T02:26:36.096+0600][62.740s][info][gc,reloc    ] GC(86) y: Survivor 1         1M (0%)            6M (1%)           4 / 1              0 / 0              0 / 0        
[2026-04-03T02:26:36.096+0600][62.740s][info][gc,reloc    ] GC(86) y: Survivor 2         2M (0%)            3M (0%)           3 / 2              0 / 0              0 / 0        
[2026-04-03T02:26:36.096+0600][62.740s][info][gc,reloc    ] GC(86) y: Survivor 3         0M (0%)            7M (1%)           4 / 3              0 / 0              0 / 0        
[2026-04-03T02:26:36.096+0600][62.740s][info][gc,reloc    ] GC(86) y: Survivor 4         1M (0%)            0M (0%)           1 / 0              0 / 0              0 / 0        
[2026-04-03T02:26:36.096+0600][62.740s][info][gc,reloc    ] GC(86) y: Survivor 5         0M (0%)            1M (0%)           1 / 1              0 / 0              0 / 0        
[2026-04-03T02:26:36.096+0600][62.740s][info][gc,reloc    ] GC(86) y: Survivor 6         0M (0%)            7M (1%)           4 / 4              0 / 0              0 / 0        
[2026-04-03T02:26:36.096+0600][62.740s][info][gc,heap     ] GC(86) y: Min Capacity: 8M(1%)
[2026-04-03T02:26:36.096+0600][62.740s][info][gc,heap     ] GC(86) y: Max Capacity: 1250M(100%)
[2026-04-03T02:26:36.096+0600][62.740s][info][gc,heap     ] GC(86) y: Soft Max Capacity: 1250M(100%)
[2026-04-03T02:26:36.096+0600][62.740s][info][gc,heap     ] GC(86) y: Heap Statistics:
[2026-04-03T02:26:36.096+0600][62.740s][info][gc,heap     ] GC(86) y:                Mark Start          Mark End        Relocate Start      Relocate End           High               Low         
[2026-04-03T02:26:36.096+0600][62.740s][info][gc,heap     ] GC(86) y:  Capacity:     1250M (100%)       1250M (100%)       1250M (100%)       1250M (100%)       1250M (100%)       1250M (100%)   
[2026-04-03T02:26:36.096+0600][62.741s][info][gc,heap     ] GC(86) y:      Free:      262M (21%)         124M (10%)         456M (36%)         826M (66%)         840M (67%)         118M (9%)     
[2026-04-03T02:26:36.096+0600][62.741s][info][gc,heap     ] GC(86) y:      Used:      988M (79%)        1126M (90%)         794M (64%)         424M (34%)        1132M (91%)         410M (33%)    
[2026-04-03T02:26:36.096+0600][62.741s][info][gc,heap     ] GC(86) y: Young Generation Statistics:
[2026-04-03T02:26:36.096+0600][62.741s][info][gc,heap     ] GC(86) y:                Mark Start          Mark End        Relocate Start      Relocate End    
[2026-04-03T02:26:36.096+0600][62.741s][info][gc,heap     ] GC(86) y:      Used:      810M (65%)         948M (76%)         616M (49%)         240M (19%)    
[2026-04-03T02:26:36.096+0600][62.741s][info][gc,heap     ] GC(86) y:      Live:         -                13M (1%)           13M (1%)           10M (1%)     
[2026-04-03T02:26:36.096+0600][62.741s][info][gc,heap     ] GC(86) y:   Garbage:         -               796M (64%)         442M (35%)           0M (0%)     
[2026-04-03T02:26:36.096+0600][62.741s][info][gc,heap     ] GC(86) y: Allocated:         -               138M (11%)         160M (13%)         228M (18%)    
[2026-04-03T02:26:36.096+0600][62.741s][info][gc,heap     ] GC(86) y: Reclaimed:         -                  -               354M (28%)         795M (64%)    
[2026-04-03T02:26:36.096+0600][62.741s][info][gc,heap     ] GC(86) y:  Promoted:         -                  -                 0M (0%)            2M (0%)     
[2026-04-03T02:26:36.096+0600][62.741s][info][gc,heap     ] GC(86) y: Compacted:         -                  -                  -                 9M (1%)     
[2026-04-03T02:26:36.096+0600][62.741s][info][gc,phases   ] GC(86) y: Young Generation 988M(79%)->424M(34%) 0.114s
[2026-04-03T02:26:36.096+0600][62.741s][info][gc          ] GC(86) Minor Collection (Allocation Rate) 988M(79%)->426M(34%) 0.115s
[2026-04-03T02:26:36.205+0600][62.850s][info][gc          ] GC(87) Minor Collection (Allocation Rate)
[2026-04-03T02:26:36.205+0600][62.850s][info][gc,task     ] GC(87) Using 1 Workers for Young Generation
[2026-04-03T02:26:36.205+0600][62.850s][info][gc,phases   ] GC(87) y: Young Generation
[2026-04-03T02:26:36.205+0600][62.850s][info][gc,phases   ] GC(87) y: Pause Mark Start 0.025ms
[2026-04-03T02:26:36.250+0600][62.895s][info][gc,phases   ] GC(87) y: Concurrent Mark 44.665ms
[2026-04-03T02:26:36.250+0600][62.895s][info][gc,phases   ] GC(87) y: Pause Mark End 0.020ms
[2026-04-03T02:26:36.251+0600][62.895s][info][gc,phases   ] GC(87) y: Concurrent Mark Free 0.001ms
[2026-04-03T02:26:36.251+0600][62.895s][info][gc,phases   ] GC(87) y: Concurrent Reset Relocation Set 0.014ms
[2026-04-03T02:26:36.252+0600][62.897s][info][gc,reloc    ] GC(87) y: Using tenuring threshold: 4 (Computed)
[2026-04-03T02:26:36.253+0600][62.897s][info][gc,phases   ] GC(87) y: Concurrent Select Relocation Set 2.117ms
[2026-04-03T02:26:36.253+0600][62.898s][info][gc,phases   ] GC(87) y: Pause Relocate Start 0.013ms
[2026-04-03T02:26:36.259+0600][62.903s][info][gc,phases   ] GC(87) y: Concurrent Relocate 5.588ms
[2026-04-03T02:26:36.259+0600][62.903s][info][gc,alloc    ] GC(87) y:                         Mark Start        Mark End      Relocate Start    Relocate End   
[2026-04-03T02:26:36.259+0600][62.903s][info][gc,alloc    ] GC(87) y: Allocation Stalls:          0                0                0                0         
[2026-04-03T02:26:36.259+0600][62.903s][info][gc,load     ] GC(87) y: Load: 6.38 (53%) / 6.10 (51%) / 5.93 (49%)
[2026-04-03T02:26:36.259+0600][62.903s][info][gc,mmu      ] GC(87) y: MMU: 2ms/95.7%, 5ms/97.6%, 10ms/98.8%, 20ms/99.4%, 50ms/99.7%, 100ms/99.8%
[2026-04-03T02:26:36.259+0600][62.903s][info][gc,marking  ] GC(87) y: Mark: 1 stripe(s), 2 proactive flush(es), 1 terminate flush(es), 0 completion(s), 0 continuation(s) 
[2026-04-03T02:26:36.259+0600][62.903s][info][gc,marking  ] GC(87) y: Mark Stack Usage: 32M
[2026-04-03T02:26:36.259+0600][62.903s][info][gc,nmethod  ] GC(87) y: NMethods: 14999 registered, 2240 unregistered
[2026-04-03T02:26:36.259+0600][62.903s][info][gc,metaspace] GC(87) y: Metaspace: 128M used, 129M committed, 1152M reserved
[2026-04-03T02:26:36.259+0600][62.903s][info][gc,reloc    ] GC(87) y:                        Candidates     Selected     In-Place         Size        Empty    Relocated 
[2026-04-03T02:26:36.259+0600][62.903s][info][gc,reloc    ] GC(87) y: Small Pages:                  135           50            0         270M         156M           5M 
[2026-04-03T02:26:36.259+0600][62.903s][info][gc,reloc    ] GC(87) y: Medium Pages:                   1            0            0          32M          32M           0M 
[2026-04-03T02:26:36.259+0600][62.903s][info][gc,reloc    ] GC(87) y: Large Pages:                   33            0            0         198M         180M           0M 
[2026-04-03T02:26:36.259+0600][62.903s][info][gc,reloc    ] GC(87) y: Forwarding Usage: 1M
[2026-04-03T02:26:36.259+0600][62.903s][info][gc,reloc    ] GC(87) y: Age Table:
[2026-04-03T02:26:36.259+0600][62.903s][info][gc,reloc    ] GC(87) y:                    Live             Garbage             Small              Medium             Large        
[2026-04-03T02:26:36.259+0600][62.903s][info][gc,reloc    ] GC(87) y: Eden              22M (2%)          455M (36%)        124 / 43             1 / 0             33 / 0        
[2026-04-03T02:26:36.259+0600][62.903s][info][gc,reloc    ] GC(87) y: Survivor 1         2M (0%)            5M (0%)           4 / 2              0 / 0              0 / 0        
[2026-04-03T02:26:36.259+0600][62.903s][info][gc,reloc    ] GC(87) y: Survivor 2         1M (0%)            2M (0%)           2 / 1              0 / 0              0 / 0        
[2026-04-03T02:26:36.259+0600][62.903s][info][gc,reloc    ] GC(87) y: Survivor 3         2M (0%)            5M (0%)           4 / 3              0 / 0              0 / 0        
[2026-04-03T02:26:36.259+0600][62.903s][info][gc,reloc    ] GC(87) y: Survivor 4         0M (0%)            1M (0%)           1 / 1              0 / 0              0 / 0        
[2026-04-03T02:26:36.259+0600][62.904s][info][gc,heap     ] GC(87) y: Min Capacity: 8M(1%)
[2026-04-03T02:26:36.259+0600][62.904s][info][gc,heap     ] GC(87) y: Max Capacity: 1250M(100%)
[2026-04-03T02:26:36.259+0600][62.904s][info][gc,heap     ] GC(87) y: Soft Max Capacity: 1250M(100%)
[2026-04-03T02:26:36.259+0600][62.904s][info][gc,heap     ] GC(87) y: Heap Statistics:
[2026-04-03T02:26:36.259+0600][62.904s][info][gc,heap     ] GC(87) y:                Mark Start          Mark End        Relocate Start      Relocate End           High               Low         
[2026-04-03T02:26:36.259+0600][62.904s][info][gc,heap     ] GC(87) y:  Capacity:     1250M (100%)       1250M (100%)       1250M (100%)       1250M (100%)       1250M (100%)       1250M (100%)   
[2026-04-03T02:26:36.259+0600][62.904s][info][gc,heap     ] GC(87) y:      Free:      566M (45%)         288M (23%)         650M (52%)         734M (59%)         738M (59%)         288M (23%)    
[2026-04-03T02:26:36.259+0600][62.904s][info][gc,heap     ] GC(87) y:      Used:      684M (55%)         962M (77%)         600M (48%)         516M (41%)         962M (77%)         512M (41%)    
[2026-04-03T02:26:36.259+0600][62.904s][info][gc,heap     ] GC(87) y: Young Generation Statistics:
[2026-04-03T02:26:36.259+0600][62.904s][info][gc,heap     ] GC(87) y:                Mark Start          Mark End        Relocate Start      Relocate End    
[2026-04-03T02:26:36.259+0600][62.904s][info][gc,heap     ] GC(87) y:      Used:      500M (40%)         778M (62%)         416M (33%)         330M (26%)    
[2026-04-03T02:26:36.259+0600][62.904s][info][gc,heap     ] GC(87) y:      Live:         -                29M (2%)           29M (2%)           28M (2%)     
[2026-04-03T02:26:36.259+0600][62.904s][info][gc,heap     ] GC(87) y:   Garbage:         -               470M (38%)         102M (8%)            1M (0%)     
[2026-04-03T02:26:36.259+0600][62.904s][info][gc,heap     ] GC(87) y: Allocated:         -               278M (22%)         284M (23%)         299M (24%)    
[2026-04-03T02:26:36.259+0600][62.904s][info][gc,heap     ] GC(87) y: Reclaimed:         -                  -               368M (29%)         469M (38%)    
[2026-04-03T02:26:36.259+0600][62.904s][info][gc,heap     ] GC(87) y:  Promoted:         -                  -                 0M (0%)            0M (0%)     
[2026-04-03T02:26:36.259+0600][62.904s][info][gc,heap     ] GC(87) y: Compacted:         -                  -                  -                 6M (1%)     
[2026-04-03T02:26:36.259+0600][62.904s][info][gc,phases   ] GC(87) y: Young Generation 684M(55%)->516M(41%) 0.053s
[2026-04-03T02:26:36.259+0600][62.904s][info][gc          ] GC(87) Minor Collection (Allocation Rate) 678M(54%)->516M(41%) 0.054s
[2026-04-03T02:26:36.311+0600][62.956s][info][gc          ] GC(88) Minor Collection (Allocation Rate)
[2026-04-03T02:26:36.311+0600][62.956s][info][gc,task     ] GC(88) Using 2 Workers for Young Generation
[2026-04-03T02:26:36.311+0600][62.956s][info][gc,phases   ] GC(88) y: Young Generation
[2026-04-03T02:26:36.312+0600][62.956s][info][gc,phases   ] GC(88) y: Pause Mark Start 0.022ms
[2026-04-03T02:26:36.345+0600][62.990s][info][gc,phases   ] GC(88) y: Concurrent Mark 33.621ms
[2026-04-03T02:26:36.346+0600][62.990s][info][gc,phases   ] GC(88) y: Pause Mark End 0.027ms
[2026-04-03T02:26:36.346+0600][62.990s][info][gc,phases   ] GC(88) y: Concurrent Mark Free 0.002ms
[2026-04-03T02:26:36.346+0600][62.990s][info][gc,phases   ] GC(88) y: Concurrent Reset Relocation Set 0.009ms
[2026-04-03T02:26:36.351+0600][62.995s][info][gc,reloc    ] GC(88) y: Using tenuring threshold: 1 (Computed)
[2026-04-03T02:26:36.353+0600][62.998s][info][gc,phases   ] GC(88) y: Concurrent Select Relocation Set 7.416ms
[2026-04-03T02:26:36.353+0600][62.998s][info][gc,phases   ] GC(88) y: Pause Relocate Start 0.019ms
[2026-04-03T02:26:36.359+0600][63.004s][info][gc,phases   ] GC(88) y: Concurrent Relocate 5.464ms
[2026-04-03T02:26:36.359+0600][63.004s][info][gc,alloc    ] GC(88) y:                         Mark Start        Mark End      Relocate Start    Relocate End   
[2026-04-03T02:26:36.359+0600][63.004s][info][gc,alloc    ] GC(88) y: Allocation Stalls:          0                0                0                0         
[2026-04-03T02:26:36.359+0600][63.004s][info][gc,load     ] GC(88) y: Load: 6.38 (53%) / 6.10 (51%) / 5.93 (49%)
[2026-04-03T02:26:36.359+0600][63.004s][info][gc,mmu      ] GC(88) y: MMU: 2ms/95.7%, 5ms/97.6%, 10ms/98.8%, 20ms/99.4%, 50ms/99.7%, 100ms/99.8%
[2026-04-03T02:26:36.359+0600][63.004s][info][gc,marking  ] GC(88) y: Mark: 2 stripe(s), 3 proactive flush(es), 1 terminate flush(es), 0 completion(s), 0 continuation(s) 
[2026-04-03T02:26:36.359+0600][63.004s][info][gc,marking  ] GC(88) y: Mark Stack Usage: 32M
[2026-04-03T02:26:36.359+0600][63.004s][info][gc,nmethod  ] GC(88) y: NMethods: 15002 registered, 2240 unregistered
[2026-04-03T02:26:36.359+0600][63.004s][info][gc,metaspace] GC(88) y: Metaspace: 128M used, 129M committed, 1152M reserved
[2026-04-03T02:26:36.359+0600][63.004s][info][gc,reloc    ] GC(88) y:                        Candidates     Selected     In-Place         Size        Empty    Relocated 
[2026-04-03T02:26:36.359+0600][63.004s][info][gc,reloc    ] GC(88) y: Small Pages:                   49           37            0          98M          12M           4M 
[2026-04-03T02:26:36.359+0600][63.004s][info][gc,reloc    ] GC(88) y: Medium Pages:                   1            0            0          32M          32M           0M 
[2026-04-03T02:26:36.359+0600][63.004s][info][gc,reloc    ] GC(88) y: Large Pages:                   51            0            0         306M         282M           0M 
[2026-04-03T02:26:36.359+0600][63.004s][info][gc,reloc    ] GC(88) y: Forwarding Usage: 0M
[2026-04-03T02:26:36.359+0600][63.004s][info][gc,reloc    ] GC(88) y: Age Table:
[2026-04-03T02:26:36.359+0600][63.004s][info][gc,reloc    ] GC(88) y:                    Live             Garbage             Small              Medium             Large        
[2026-04-03T02:26:36.359+0600][63.004s][info][gc,reloc    ] GC(88) y: Eden              26M (2%)          369M (30%)         38 / 31             1 / 0             48 / 0        
[2026-04-03T02:26:36.359+0600][63.004s][info][gc,reloc    ] GC(88) y: Survivor 1         1M (0%)           22M (2%)           3 / 1              0 / 0              3 / 0        
[2026-04-03T02:26:36.359+0600][63.004s][info][gc,reloc    ] GC(88) y: Survivor 2         2M (0%)            5M (0%)           4 / 3              0 / 0              0 / 0        
[2026-04-03T02:26:36.359+0600][63.004s][info][gc,reloc    ] GC(88) y: Survivor 3         1M (0%)            2M (0%)           2 / 1              0 / 0              0 / 0        
[2026-04-03T02:26:36.359+0600][63.004s][info][gc,reloc    ] GC(88) y: Survivor 4         2M (0%)            1M (0%)           2 / 1              0 / 0              0 / 0        
[2026-04-03T02:26:36.359+0600][63.004s][info][gc,heap     ] GC(88) y: Min Capacity: 8M(1%)
[2026-04-03T02:26:36.359+0600][63.004s][info][gc,heap     ] GC(88) y: Max Capacity: 1250M(100%)
[2026-04-03T02:26:36.359+0600][63.004s][info][gc,heap     ] GC(88) y: Soft Max Capacity: 1250M(100%)
[2026-04-03T02:26:36.359+0600][63.004s][info][gc,heap     ] GC(88) y: Heap Statistics:
[2026-04-03T02:26:36.359+0600][63.004s][info][gc,heap     ] GC(88) y:                Mark Start          Mark End        Relocate Start      Relocate End           High               Low         
[2026-04-03T02:26:36.359+0600][63.004s][info][gc,heap     ] GC(88) y:  Capacity:     1250M (100%)       1250M (100%)       1250M (100%)       1250M (100%)       1250M (100%)       1250M (100%)   
[2026-04-03T02:26:36.359+0600][63.004s][info][gc,heap     ] GC(88) y:      Free:      628M (50%)         272M (22%)         578M (46%)         636M (51%)         640M (51%)         258M (21%)    
[2026-04-03T02:26:36.359+0600][63.004s][info][gc,heap     ] GC(88) y:      Used:      622M (50%)         978M (78%)         672M (54%)         614M (49%)         992M (79%)         610M (49%)    
[2026-04-03T02:26:36.359+0600][63.004s][info][gc,heap     ] GC(88) y: Young Generation Statistics:
[2026-04-03T02:26:36.359+0600][63.004s][info][gc,heap     ] GC(88) y:                Mark Start          Mark End        Relocate Start      Relocate End    
[2026-04-03T02:26:36.359+0600][63.004s][info][gc,heap     ] GC(88) y:      Used:      436M (35%)         792M (63%)         480M (38%)         418M (33%)    
[2026-04-03T02:26:36.359+0600][63.004s][info][gc,heap     ] GC(88) y:      Live:         -                34M (3%)           29M (2%)           26M (2%)     
[2026-04-03T02:26:36.359+0600][63.004s][info][gc,heap     ] GC(88) y:   Garbage:         -               401M (32%)          74M (6%)            0M (0%)     
[2026-04-03T02:26:36.359+0600][63.004s][info][gc,heap     ] GC(88) y: Allocated:         -               356M (28%)         376M (30%)         391M (31%)    
[2026-04-03T02:26:36.359+0600][63.004s][info][gc,heap     ] GC(88) y: Reclaimed:         -                  -               326M (26%)         401M (32%)    
[2026-04-03T02:26:36.359+0600][63.004s][info][gc,heap     ] GC(88) y:  Promoted:         -                  -                 5M (0%)            7M (1%)     
[2026-04-03T02:26:36.359+0600][63.004s][info][gc,heap     ] GC(88) y: Compacted:         -                  -                  -                 2M (0%)     
[2026-04-03T02:26:36.359+0600][63.004s][info][gc,phases   ] GC(88) y: Young Generation 622M(50%)->614M(49%) 0.048s
[2026-04-03T02:26:36.359+0600][63.004s][info][gc          ] GC(88) Minor Collection (Allocation Rate) 622M(50%)->614M(49%) 0.048s
[2026-04-03T02:26:36.360+0600][63.004s][info][gc          ] GC(89) Minor Collection (Allocation Rate)
[2026-04-03T02:26:36.360+0600][63.004s][info][gc,task     ] GC(89) Using 3 Workers for Young Generation
[2026-04-03T02:26:36.360+0600][63.004s][info][gc,phases   ] GC(89) y: Young Generation
[2026-04-03T02:26:36.360+0600][63.005s][info][gc,phases   ] GC(89) y: Pause Mark Start 0.018ms
[2026-04-03T02:26:36.375+0600][63.020s][info][gc,phases   ] GC(89) y: Concurrent Mark 14.787ms
[2026-04-03T02:26:36.375+0600][63.020s][info][gc,phases   ] GC(89) y: Pause Mark End 0.096ms
[2026-04-03T02:26:36.375+0600][63.020s][info][gc,phases   ] GC(89) y: Concurrent Mark Free 0.002ms
[2026-04-03T02:26:36.375+0600][63.020s][info][gc,phases   ] GC(89) y: Concurrent Reset Relocation Set 0.024ms
[2026-04-03T02:26:36.380+0600][63.025s][info][gc,reloc    ] GC(89) y: Using tenuring threshold: 1 (Computed)
[2026-04-03T02:26:36.381+0600][63.026s][info][gc,phases   ] GC(89) y: Concurrent Select Relocation Set 5.694ms
[2026-04-03T02:26:36.381+0600][63.026s][info][gc,phases   ] GC(89) y: Pause Relocate Start 0.025ms
[2026-04-03T02:26:36.384+0600][63.028s][info][gc,phases   ] GC(89) y: Concurrent Relocate 2.067ms
[2026-04-03T02:26:36.384+0600][63.028s][info][gc,alloc    ] GC(89) y:                         Mark Start        Mark End      Relocate Start    Relocate End   
[2026-04-03T02:26:36.384+0600][63.028s][info][gc,alloc    ] GC(89) y: Allocation Stalls:          0                0                0                0         
[2026-04-03T02:26:36.384+0600][63.028s][info][gc,load     ] GC(89) y: Load: 6.38 (53%) / 6.10 (51%) / 5.93 (49%)
[2026-04-03T02:26:36.384+0600][63.028s][info][gc,mmu      ] GC(89) y: MMU: 2ms/95.2%, 5ms/97.6%, 10ms/98.8%, 20ms/99.4%, 50ms/99.6%, 100ms/99.8%
[2026-04-03T02:26:36.384+0600][63.028s][info][gc,marking  ] GC(89) y: Mark: 2 stripe(s), 2 proactive flush(es), 1 terminate flush(es), 0 completion(s), 0 continuation(s) 
[2026-04-03T02:26:36.384+0600][63.028s][info][gc,marking  ] GC(89) y: Mark Stack Usage: 32M
[2026-04-03T02:26:36.384+0600][63.028s][info][gc,nmethod  ] GC(89) y: NMethods: 15005 registered, 2240 unregistered
[2026-04-03T02:26:36.384+0600][63.028s][info][gc,metaspace] GC(89) y: Metaspace: 128M used, 129M committed, 1152M reserved
[2026-04-03T02:26:36.384+0600][63.028s][info][gc,reloc    ] GC(89) y:                        Candidates     Selected     In-Place         Size        Empty    Relocated 
[2026-04-03T02:26:36.384+0600][63.028s][info][gc,reloc    ] GC(89) y: Small Pages:                   19           13            0          38M          10M           0M 
[2026-04-03T02:26:36.384+0600][63.028s][info][gc,reloc    ] GC(89) y: Medium Pages:                   1            0            0          32M          32M           0M 
[2026-04-03T02:26:36.384+0600][63.029s][info][gc,reloc    ] GC(89) y: Large Pages:                   58            0            0         348M         348M           0M 
[2026-04-03T02:26:36.384+0600][63.029s][info][gc,reloc    ] GC(89) y: Forwarding Usage: 0M
[2026-04-03T02:26:36.384+0600][63.029s][info][gc,reloc    ] GC(89) y: Age Table:
[2026-04-03T02:26:36.384+0600][63.029s][info][gc,reloc    ] GC(89) y:                    Live             Garbage             Small              Medium             Large        
[2026-04-03T02:26:36.384+0600][63.029s][info][gc,reloc    ] GC(89) y: Eden               0M (0%)          389M (31%)         17 / 11             1 / 0             54 / 0        
[2026-04-03T02:26:36.384+0600][63.029s][info][gc,reloc    ] GC(89) y: Survivor 1         0M (0%)           27M (2%)           2 / 2              0 / 0              4 / 0        
[2026-04-03T02:26:36.384+0600][63.029s][info][gc,heap     ] GC(89) y: Min Capacity: 8M(1%)
[2026-04-03T02:26:36.384+0600][63.029s][info][gc,heap     ] GC(89) y: Max Capacity: 1250M(100%)
[2026-04-03T02:26:36.384+0600][63.029s][info][gc,heap     ] GC(89) y: Soft Max Capacity: 1250M(100%)
[2026-04-03T02:26:36.384+0600][63.029s][info][gc,heap     ] GC(89) y: Heap Statistics:
[2026-04-03T02:26:36.384+0600][63.029s][info][gc,heap     ] GC(89) y:                Mark Start          Mark End        Relocate Start      Relocate End           High               Low         
[2026-04-03T02:26:36.384+0600][63.029s][info][gc,heap     ] GC(89) y:  Capacity:     1250M (100%)       1250M (100%)       1250M (100%)       1250M (100%)       1250M (100%)       1250M (100%)   
[2026-04-03T02:26:36.384+0600][63.029s][info][gc,heap     ] GC(89) y:      Free:      636M (51%)         578M (46%)         960M (77%)         976M (78%)         976M (78%)         578M (46%)    
[2026-04-03T02:26:36.384+0600][63.029s][info][gc,heap     ] GC(89) y:      Used:      614M (49%)         672M (54%)         290M (23%)         274M (22%)         672M (54%)         274M (22%)    
[2026-04-03T02:26:36.384+0600][63.029s][info][gc,heap     ] GC(89) y: Young Generation Statistics:
[2026-04-03T02:26:36.384+0600][63.029s][info][gc,heap     ] GC(89) y:                Mark Start          Mark End        Relocate Start      Relocate End    
[2026-04-03T02:26:36.384+0600][63.029s][info][gc,heap     ] GC(89) y:      Used:      418M (33%)         476M (38%)          94M (8%)           74M (6%)     
[2026-04-03T02:26:36.384+0600][63.029s][info][gc,heap     ] GC(89) y:      Live:         -                 0M (0%)            0M (0%)            0M (0%)     
[2026-04-03T02:26:36.384+0600][63.029s][info][gc,heap     ] GC(89) y:   Garbage:         -               417M (33%)          27M (2%)            0M (0%)     
[2026-04-03T02:26:36.384+0600][63.029s][info][gc,heap     ] GC(89) y: Allocated:         -                58M (5%)           66M (5%)           73M (6%)     
[2026-04-03T02:26:36.384+0600][63.029s][info][gc,heap     ] GC(89) y: Reclaimed:         -                  -               390M (31%)         417M (33%)    
[2026-04-03T02:26:36.384+0600][63.029s][info][gc,heap     ] GC(89) y:  Promoted:         -                  -                 0M (0%)            0M (0%)     
[2026-04-03T02:26:36.384+0600][63.029s][info][gc,heap     ] GC(89) y: Compacted:         -                  -                  -                 0M (0%)     
[2026-04-03T02:26:36.384+0600][63.029s][info][gc,phases   ] GC(89) y: Young Generation 614M(49%)->274M(22%) 0.024s
[2026-04-03T02:26:36.384+0600][63.029s][info][gc          ] GC(89) Minor Collection (Allocation Rate) 614M(49%)->276M(22%) 0.025s
[2026-04-03T02:26:37.045+0600][63.690s][info][gc          ] GC(90) Minor Collection (Allocation Rate)
[2026-04-03T02:26:37.045+0600][63.690s][info][gc,task     ] GC(90) Using 3 Workers for Young Generation
[2026-04-03T02:26:37.045+0600][63.690s][info][gc,phases   ] GC(90) y: Young Generation
[2026-04-03T02:26:37.045+0600][63.690s][info][gc,phases   ] GC(90) y: Pause Mark Start 0.029ms
[2026-04-03T02:26:37.066+0600][63.711s][info][gc,phases   ] GC(90) y: Concurrent Mark 20.519ms
[2026-04-03T02:26:37.066+0600][63.711s][info][gc,phases   ] GC(90) y: Pause Mark End 0.026ms
[2026-04-03T02:26:37.066+0600][63.711s][info][gc,phases   ] GC(90) y: Concurrent Mark Free 0.002ms
[2026-04-03T02:26:37.066+0600][63.711s][info][gc,phases   ] GC(90) y: Concurrent Reset Relocation Set 0.005ms
[2026-04-03T02:26:37.070+0600][63.715s][info][gc,reloc    ] GC(90) y: Using tenuring threshold: 2 (Computed)
[2026-04-03T02:26:37.070+0600][63.715s][info][gc,phases   ] GC(90) y: Concurrent Select Relocation Set 3.901ms
[2026-04-03T02:26:37.071+0600][63.716s][info][gc,phases   ] GC(90) y: Pause Relocate Start 0.027ms
[2026-04-03T02:26:37.074+0600][63.719s][info][gc,phases   ] GC(90) y: Concurrent Relocate 2.987ms
[2026-04-03T02:26:37.074+0600][63.719s][info][gc,alloc    ] GC(90) y:                         Mark Start        Mark End      Relocate Start    Relocate End   
[2026-04-03T02:26:37.074+0600][63.719s][info][gc,alloc    ] GC(90) y: Allocation Stalls:          0                0                0                0         
[2026-04-03T02:26:37.074+0600][63.719s][info][gc,load     ] GC(90) y: Load: 6.38 (53%) / 6.10 (51%) / 5.93 (49%)
[2026-04-03T02:26:37.074+0600][63.719s][info][gc,mmu      ] GC(90) y: MMU: 2ms/95.2%, 5ms/97.6%, 10ms/98.8%, 20ms/99.4%, 50ms/99.6%, 100ms/99.8%
[2026-04-03T02:26:37.074+0600][63.719s][info][gc,marking  ] GC(90) y: Mark: 2 stripe(s), 2 proactive flush(es), 1 terminate flush(es), 0 completion(s), 0 continuation(s) 
[2026-04-03T02:26:37.074+0600][63.719s][info][gc,marking  ] GC(90) y: Mark Stack Usage: 32M
[2026-04-03T02:26:37.074+0600][63.719s][info][gc,nmethod  ] GC(90) y: NMethods: 15023 registered, 2240 unregistered
[2026-04-03T02:26:37.074+0600][63.719s][info][gc,metaspace] GC(90) y: Metaspace: 128M used, 129M committed, 1152M reserved
[2026-04-03T02:26:37.074+0600][63.719s][info][gc,reloc    ] GC(90) y:                        Candidates     Selected     In-Place         Size        Empty    Relocated 
[2026-04-03T02:26:37.074+0600][63.719s][info][gc,reloc    ] GC(90) y: Small Pages:                  218          182            0         436M          66M           3M 
[2026-04-03T02:26:37.074+0600][63.719s][info][gc,reloc    ] GC(90) y: Medium Pages:                   3            0            0          96M          64M           0M 
[2026-04-03T02:26:37.074+0600][63.719s][info][gc,reloc    ] GC(90) y: Large Pages:                   10            0            0          60M          60M           0M 
[2026-04-03T02:26:37.074+0600][63.719s][info][gc,reloc    ] GC(90) y: Forwarding Usage: 0M
[2026-04-03T02:26:37.074+0600][63.719s][info][gc,reloc    ] GC(90) y: Age Table:
[2026-04-03T02:26:37.074+0600][63.719s][info][gc,reloc    ] GC(90) y:                    Live             Garbage             Small              Medium             Large        
[2026-04-03T02:26:37.074+0600][63.719s][info][gc,reloc    ] GC(90) y: Eden               4M (0%)          581M (47%)        215 / 179            3 / 0             10 / 0        
[2026-04-03T02:26:37.074+0600][63.719s][info][gc,reloc    ] GC(90) y: Survivor 1         0M (0%)            5M (0%)           3 / 3              0 / 0              0 / 0        
[2026-04-03T02:26:37.074+0600][63.719s][info][gc,heap     ] GC(90) y: Min Capacity: 8M(1%)
[2026-04-03T02:26:37.074+0600][63.719s][info][gc,heap     ] GC(90) y: Max Capacity: 1250M(100%)
[2026-04-03T02:26:37.074+0600][63.719s][info][gc,heap     ] GC(90) y: Soft Max Capacity: 1250M(100%)
[2026-04-03T02:26:37.074+0600][63.719s][info][gc,heap     ] GC(90) y: Heap Statistics:
[2026-04-03T02:26:37.074+0600][63.719s][info][gc,heap     ] GC(90) y:                Mark Start          Mark End        Relocate Start      Relocate End           High               Low         
[2026-04-03T02:26:37.075+0600][63.719s][info][gc,heap     ] GC(90) y:  Capacity:     1250M (100%)       1250M (100%)       1250M (100%)       1250M (100%)       1250M (100%)       1250M (100%)   
[2026-04-03T02:26:37.075+0600][63.719s][info][gc,heap     ] GC(90) y:      Free:      458M (37%)         398M (32%)         586M (47%)         940M (75%)         940M (75%)         378M (30%)    
[2026-04-03T02:26:37.075+0600][63.719s][info][gc,heap     ] GC(90) y:      Used:      792M (63%)         852M (68%)         664M (53%)         310M (25%)         872M (70%)         310M (25%)    
[2026-04-03T02:26:37.075+0600][63.719s][info][gc,heap     ] GC(90) y: Young Generation Statistics:
[2026-04-03T02:26:37.075+0600][63.719s][info][gc,heap     ] GC(90) y:                Mark Start          Mark End        Relocate Start      Relocate End    
[2026-04-03T02:26:37.075+0600][63.719s][info][gc,heap     ] GC(90) y:      Used:      592M (47%)         652M (52%)         464M (37%)         110M (9%)     
[2026-04-03T02:26:37.075+0600][63.719s][info][gc,heap     ] GC(90) y:      Live:         -                 4M (0%)            4M (0%)            4M (0%)     
[2026-04-03T02:26:37.075+0600][63.719s][info][gc,heap     ] GC(90) y:   Garbage:         -               587M (47%)         397M (32%)          32M (3%)     
[2026-04-03T02:26:37.075+0600][63.719s][info][gc,heap     ] GC(90) y: Allocated:         -                60M (5%)           62M (5%)           72M (6%)     
[2026-04-03T02:26:37.075+0600][63.719s][info][gc,heap     ] GC(90) y: Reclaimed:         -                  -               190M (15%)         554M (44%)    
[2026-04-03T02:26:37.075+0600][63.719s][info][gc,heap     ] GC(90) y:  Promoted:         -                  -                 0M (0%)            0M (0%)     
[2026-04-03T02:26:37.075+0600][63.719s][info][gc,heap     ] GC(90) y: Compacted:         -                  -                  -                 3M (0%)     
[2026-04-03T02:26:37.075+0600][63.719s][info][gc,phases   ] GC(90) y: Young Generation 792M(63%)->310M(25%) 0.029s
[2026-04-03T02:26:37.075+0600][63.719s][info][gc          ] GC(90) Minor Collection (Allocation Rate) 792M(63%)->310M(25%) 0.030s
[2026-04-03T02:26:37.533+0600][64.178s][info][gc          ] GC(91) Minor Collection (Allocation Rate)
[2026-04-03T02:26:37.533+0600][64.178s][info][gc,task     ] GC(91) Using 2 Workers for Young Generation
[2026-04-03T02:26:37.534+0600][64.178s][info][gc,phases   ] GC(91) y: Young Generation
[2026-04-03T02:26:37.534+0600][64.178s][info][gc,phases   ] GC(91) y: Pause Mark Start 0.030ms
[2026-04-03T02:26:37.560+0600][64.204s][info][gc,phases   ] GC(91) y: Concurrent Mark 25.719ms
[2026-04-03T02:26:37.560+0600][64.205s][info][gc,phases   ] GC(91) y: Pause Mark End 0.032ms
[2026-04-03T02:26:37.560+0600][64.205s][info][gc,phases   ] GC(91) y: Concurrent Mark Free 0.003ms
[2026-04-03T02:26:37.560+0600][64.205s][info][gc,phases   ] GC(91) y: Concurrent Reset Relocation Set 0.027ms
[2026-04-03T02:26:37.564+0600][64.209s][info][gc,reloc    ] GC(91) y: Using tenuring threshold: 3 (Computed)
[2026-04-03T02:26:37.564+0600][64.209s][info][gc,phases   ] GC(91) y: Concurrent Select Relocation Set 4.335ms
[2026-04-03T02:26:37.565+0600][64.209s][info][gc,phases   ] GC(91) y: Pause Relocate Start 0.042ms
[2026-04-03T02:26:37.568+0600][64.213s][info][gc,phases   ] GC(91) y: Concurrent Relocate 2.877ms
[2026-04-03T02:26:37.568+0600][64.213s][info][gc,alloc    ] GC(91) y:                         Mark Start        Mark End      Relocate Start    Relocate End   
[2026-04-03T02:26:37.568+0600][64.213s][info][gc,alloc    ] GC(91) y: Allocation Stalls:          0                0                0                0         
[2026-04-03T02:26:37.568+0600][64.213s][info][gc,load     ] GC(91) y: Load: 6.38 (53%) / 6.10 (51%) / 5.93 (49%)
[2026-04-03T02:26:37.568+0600][64.213s][info][gc,mmu      ] GC(91) y: MMU: 2ms/95.2%, 5ms/97.6%, 10ms/98.8%, 20ms/99.4%, 50ms/99.6%, 100ms/99.8%
[2026-04-03T02:26:37.568+0600][64.213s][info][gc,marking  ] GC(91) y: Mark: 2 stripe(s), 2 proactive flush(es), 1 terminate flush(es), 0 completion(s), 0 continuation(s) 
[2026-04-03T02:26:37.568+0600][64.213s][info][gc,marking  ] GC(91) y: Mark Stack Usage: 32M
[2026-04-03T02:26:37.568+0600][64.213s][info][gc,nmethod  ] GC(91) y: NMethods: 15035 registered, 2240 unregistered
[2026-04-03T02:26:37.568+0600][64.213s][info][gc,metaspace] GC(91) y: Metaspace: 128M used, 129M committed, 1152M reserved
[2026-04-03T02:26:37.568+0600][64.213s][info][gc,reloc    ] GC(91) y:                        Candidates     Selected     In-Place         Size        Empty    Relocated 
[2026-04-03T02:26:37.568+0600][64.213s][info][gc,reloc    ] GC(91) y: Small Pages:                  131           85            0         262M          86M           2M 
[2026-04-03T02:26:37.568+0600][64.213s][info][gc,reloc    ] GC(91) y: Medium Pages:                   3            0            0          96M          96M           0M 
[2026-04-03T02:26:37.568+0600][64.213s][info][gc,reloc    ] GC(91) y: Large Pages:                    7            0            0          42M          42M           0M 
[2026-04-03T02:26:37.568+0600][64.213s][info][gc,reloc    ] GC(91) y: Forwarding Usage: 0M
[2026-04-03T02:26:37.568+0600][64.213s][info][gc,reloc    ] GC(91) y: Age Table:
[2026-04-03T02:26:37.568+0600][64.213s][info][gc,reloc    ] GC(91) y:                    Live             Garbage             Small              Medium             Large        
[2026-04-03T02:26:37.568+0600][64.213s][info][gc,reloc    ] GC(91) y: Eden               1M (0%)          352M (28%)        124 / 81             2 / 0              7 / 0        
[2026-04-03T02:26:37.568+0600][64.213s][info][gc,reloc    ] GC(91) y: Survivor 1         2M (0%)           39M (3%)           5 / 2              1 / 0              0 / 0        
[2026-04-03T02:26:37.568+0600][64.213s][info][gc,reloc    ] GC(91) y: Survivor 2         0M (0%)            3M (0%)           2 / 2              0 / 0              0 / 0        
[2026-04-03T02:26:37.568+0600][64.213s][info][gc,heap     ] GC(91) y: Min Capacity: 8M(1%)
[2026-04-03T02:26:37.568+0600][64.213s][info][gc,heap     ] GC(91) y: Max Capacity: 1250M(100%)
[2026-04-03T02:26:37.568+0600][64.213s][info][gc,heap     ] GC(91) y: Soft Max Capacity: 1250M(100%)
[2026-04-03T02:26:37.568+0600][64.213s][info][gc,heap     ] GC(91) y: Heap Statistics:
[2026-04-03T02:26:37.568+0600][64.213s][info][gc,heap     ] GC(91) y:                Mark Start          Mark End        Relocate Start      Relocate End           High               Low         
[2026-04-03T02:26:37.568+0600][64.213s][info][gc,heap     ] GC(91) y:  Capacity:     1250M (100%)       1250M (100%)       1250M (100%)       1250M (100%)       1250M (100%)       1250M (100%)   
[2026-04-03T02:26:37.568+0600][64.213s][info][gc,heap     ] GC(91) y:      Free:      650M (52%)         572M (46%)         786M (63%)         950M (76%)         950M (76%)         564M (45%)    
[2026-04-03T02:26:37.568+0600][64.213s][info][gc,heap     ] GC(91) y:      Used:      600M (48%)         678M (54%)         464M (37%)         300M (24%)         686M (55%)         300M (24%)    
[2026-04-03T02:26:37.568+0600][64.213s][info][gc,heap     ] GC(91) y: Young Generation Statistics:
[2026-04-03T02:26:37.568+0600][64.213s][info][gc,heap     ] GC(91) y:                Mark Start          Mark End        Relocate Start      Relocate End    
[2026-04-03T02:26:37.568+0600][64.213s][info][gc,heap     ] GC(91) y:      Used:      400M (32%)         478M (38%)         264M (21%)         100M (8%)     
[2026-04-03T02:26:37.568+0600][64.213s][info][gc,heap     ] GC(91) y:      Live:         -                 3M (0%)            3M (0%)            3M (0%)     
[2026-04-03T02:26:37.568+0600][64.213s][info][gc,heap     ] GC(91) y:   Garbage:         -               396M (32%)         172M (14%)           0M (0%)     
[2026-04-03T02:26:37.568+0600][64.213s][info][gc,heap     ] GC(91) y: Allocated:         -                78M (6%)           88M (7%)           95M (8%)     
[2026-04-03T02:26:37.568+0600][64.213s][info][gc,heap     ] GC(91) y: Reclaimed:         -                  -               224M (18%)         395M (32%)    
[2026-04-03T02:26:37.569+0600][64.213s][info][gc,heap     ] GC(91) y:  Promoted:         -                  -                 0M (0%)            0M (0%)     
[2026-04-03T02:26:37.569+0600][64.213s][info][gc,heap     ] GC(91) y: Compacted:         -                  -                  -                 2M (0%)     
[2026-04-03T02:26:37.569+0600][64.213s][info][gc,phases   ] GC(91) y: Young Generation 600M(48%)->300M(24%) 0.034s
[2026-04-03T02:26:37.569+0600][64.213s][info][gc          ] GC(91) Minor Collection (Allocation Rate) 600M(48%)->300M(24%) 0.035s
[2026-04-03T02:26:38.699+0600][65.344s][info][gc          ] GC(92) Minor Collection (Allocation Rate)
[2026-04-03T02:26:38.699+0600][65.344s][info][gc,task     ] GC(92) Using 2 Workers for Young Generation
[2026-04-03T02:26:38.699+0600][65.344s][info][gc,phases   ] GC(92) y: Young Generation
[2026-04-03T02:26:38.699+0600][65.344s][info][gc,phases   ] GC(92) y: Pause Mark Start 0.015ms
[2026-04-03T02:26:38.725+0600][65.369s][info][gc,phases   ] GC(92) y: Concurrent Mark 25.498ms
[2026-04-03T02:26:38.725+0600][65.370s][info][gc,phases   ] GC(92) y: Pause Mark End 0.023ms
[2026-04-03T02:26:38.725+0600][65.370s][info][gc,phases   ] GC(92) y: Concurrent Mark Free 0.002ms
[2026-04-03T02:26:38.725+0600][65.370s][info][gc,phases   ] GC(92) y: Concurrent Reset Relocation Set 0.013ms
[2026-04-03T02:26:38.727+0600][65.372s][info][gc,reloc    ] GC(92) y: Using tenuring threshold: 4 (Computed)
[2026-04-03T02:26:38.728+0600][65.372s][info][gc,phases   ] GC(92) y: Concurrent Select Relocation Set 2.663ms
[2026-04-03T02:26:38.728+0600][65.373s][info][gc,phases   ] GC(92) y: Pause Relocate Start 0.014ms
[2026-04-03T02:26:38.732+0600][65.377s][info][gc,phases   ] GC(92) y: Concurrent Relocate 4.409ms
[2026-04-03T02:26:38.732+0600][65.377s][info][gc,alloc    ] GC(92) y:                         Mark Start        Mark End      Relocate Start    Relocate End   
[2026-04-03T02:26:38.732+0600][65.377s][info][gc,alloc    ] GC(92) y: Allocation Stalls:          0                0                0                0         
[2026-04-03T02:26:38.732+0600][65.377s][info][gc,load     ] GC(92) y: Load: 6.38 (53%) / 6.10 (51%) / 5.93 (49%)
[2026-04-03T02:26:38.732+0600][65.377s][info][gc,mmu      ] GC(92) y: MMU: 2ms/95.2%, 5ms/97.6%, 10ms/98.8%, 20ms/99.4%, 50ms/99.6%, 100ms/99.8%
[2026-04-03T02:26:38.732+0600][65.377s][info][gc,marking  ] GC(92) y: Mark: 2 stripe(s), 2 proactive flush(es), 1 terminate flush(es), 0 completion(s), 0 continuation(s) 
[2026-04-03T02:26:38.732+0600][65.377s][info][gc,marking  ] GC(92) y: Mark Stack Usage: 32M
[2026-04-03T02:26:38.732+0600][65.377s][info][gc,nmethod  ] GC(92) y: NMethods: 15075 registered, 2240 unregistered
[2026-04-03T02:26:38.732+0600][65.377s][info][gc,metaspace] GC(92) y: Metaspace: 128M used, 129M committed, 1152M reserved
[2026-04-03T02:26:38.732+0600][65.377s][info][gc,reloc    ] GC(92) y:                        Candidates     Selected     In-Place         Size        Empty    Relocated 
[2026-04-03T02:26:38.732+0600][65.377s][info][gc,reloc    ] GC(92) y: Small Pages:                  320          224            0         640M         184M           5M 
[2026-04-03T02:26:38.732+0600][65.377s][info][gc,reloc    ] GC(92) y: Medium Pages:                   4            0            0         128M         128M           0M 
[2026-04-03T02:26:38.733+0600][65.377s][info][gc,reloc    ] GC(92) y: Large Pages:                   15            0            0          90M          90M           0M 
[2026-04-03T02:26:38.733+0600][65.377s][info][gc,reloc    ] GC(92) y: Forwarding Usage: 1M
[2026-04-03T02:26:38.733+0600][65.377s][info][gc,reloc    ] GC(92) y: Age Table:
[2026-04-03T02:26:38.733+0600][65.377s][info][gc,reloc    ] GC(92) y:                    Live             Garbage             Small              Medium             Large        
[2026-04-03T02:26:38.733+0600][65.377s][info][gc,reloc    ] GC(92) y: Eden               3M (0%)          842M (67%)        314 / 219            4 / 0             15 / 0        
[2026-04-03T02:26:38.733+0600][65.377s][info][gc,reloc    ] GC(92) y: Survivor 1         0M (0%)            3M (0%)           2 / 2              0 / 0              0 / 0        
[2026-04-03T02:26:38.733+0600][65.377s][info][gc,reloc    ] GC(92) y: Survivor 2         1M (0%)            4M (0%)           3 / 2              0 / 0              0 / 0        
[2026-04-03T02:26:38.733+0600][65.377s][info][gc,reloc    ] GC(92) y: Survivor 3         0M (0%)            1M (0%)           1 / 1              0 / 0              0 / 0        
[2026-04-03T02:26:38.733+0600][65.377s][info][gc,heap     ] GC(92) y: Min Capacity: 8M(1%)
[2026-04-03T02:26:38.733+0600][65.377s][info][gc,heap     ] GC(92) y: Max Capacity: 1250M(100%)
[2026-04-03T02:26:38.733+0600][65.377s][info][gc,heap     ] GC(92) y: Soft Max Capacity: 1250M(100%)
[2026-04-03T02:26:38.733+0600][65.377s][info][gc,heap     ] GC(92) y: Heap Statistics:
[2026-04-03T02:26:38.733+0600][65.377s][info][gc,heap     ] GC(92) y:                Mark Start          Mark End        Relocate Start      Relocate End           High               Low         
[2026-04-03T02:26:38.733+0600][65.377s][info][gc,heap     ] GC(92) y:  Capacity:     1250M (100%)       1250M (100%)       1250M (100%)       1250M (100%)       1250M (100%)       1250M (100%)   
[2026-04-03T02:26:38.733+0600][65.377s][info][gc,heap     ] GC(92) y:      Free:      192M (15%)         156M (12%)         558M (45%)        1000M (80%)        1000M (80%)         156M (12%)    
[2026-04-03T02:26:38.733+0600][65.377s][info][gc,heap     ] GC(92) y:      Used:     1058M (85%)        1094M (88%)         692M (55%)         250M (20%)        1094M (88%)         250M (20%)    
[2026-04-03T02:26:38.733+0600][65.377s][info][gc,heap     ] GC(92) y: Young Generation Statistics:
[2026-04-03T02:26:38.733+0600][65.377s][info][gc,heap     ] GC(92) y:                Mark Start          Mark End        Relocate Start      Relocate End    
[2026-04-03T02:26:38.733+0600][65.378s][info][gc,heap     ] GC(92) y:      Used:      858M (69%)         894M (72%)         492M (39%)          50M (4%)     
[2026-04-03T02:26:38.733+0600][65.378s][info][gc,heap     ] GC(92) y:      Live:         -                 6M (0%)            6M (0%)            6M (0%)     
[2026-04-03T02:26:38.733+0600][65.378s][info][gc,heap     ] GC(92) y:   Garbage:         -               851M (68%)         449M (36%)           0M (0%)     
[2026-04-03T02:26:38.733+0600][65.378s][info][gc,heap     ] GC(92) y: Allocated:         -                36M (3%)           36M (3%)           43M (4%)     
[2026-04-03T02:26:38.733+0600][65.378s][info][gc,heap     ] GC(92) y: Reclaimed:         -                  -               402M (32%)         851M (68%)    
[2026-04-03T02:26:38.733+0600][65.378s][info][gc,heap     ] GC(92) y:  Promoted:         -                  -                 0M (0%)            0M (0%)     
[2026-04-03T02:26:38.733+0600][65.378s][info][gc,heap     ] GC(92) y: Compacted:         -                  -                  -                 6M (0%)     
[2026-04-03T02:26:38.733+0600][65.378s][info][gc,phases   ] GC(92) y: Young Generation 1058M(85%)->250M(20%) 0.033s
[2026-04-03T02:26:38.733+0600][65.378s][info][gc          ] GC(92) Minor Collection (Allocation Rate) 1058M(85%)->250M(20%) 0.034s
[2026-04-03T02:26:39.770+0600][66.415s][info][gc          ] GC(93) Minor Collection (Allocation Rate)
[2026-04-03T02:26:39.770+0600][66.415s][info][gc,task     ] GC(93) Using 1 Workers for Young Generation
[2026-04-03T02:26:39.770+0600][66.415s][info][gc,phases   ] GC(93) y: Young Generation
[2026-04-03T02:26:39.771+0600][66.415s][info][gc,phases   ] GC(93) y: Pause Mark Start 0.021ms
[2026-04-03T02:26:39.816+0600][66.461s][info][gc,phases   ] GC(93) y: Concurrent Mark 45.887ms
[2026-04-03T02:26:39.817+0600][66.461s][info][gc,phases   ] GC(93) y: Pause Mark End 0.072ms
[2026-04-03T02:26:39.817+0600][66.462s][info][gc,phases   ] GC(93) y: Concurrent Mark Free 0.003ms
[2026-04-03T02:26:39.817+0600][66.462s][info][gc,phases   ] GC(93) y: Concurrent Reset Relocation Set 0.021ms
[2026-04-03T02:26:39.819+0600][66.464s][info][gc,reloc    ] GC(93) y: Using tenuring threshold: 5 (Computed)
[2026-04-03T02:26:39.820+0600][66.464s][info][gc,phases   ] GC(93) y: Concurrent Select Relocation Set 2.663ms
[2026-04-03T02:26:39.820+0600][66.465s][info][gc,phases   ] GC(93) y: Pause Relocate Start 0.039ms
[2026-04-03T02:26:39.828+0600][66.473s][info][gc,phases   ] GC(93) y: Concurrent Relocate 8.280ms
[2026-04-03T02:26:39.828+0600][66.473s][info][gc,alloc    ] GC(93) y:                         Mark Start        Mark End      Relocate Start    Relocate End   
[2026-04-03T02:26:39.828+0600][66.473s][info][gc,alloc    ] GC(93) y: Allocation Stalls:          0                0                0                0         
[2026-04-03T02:26:39.828+0600][66.473s][info][gc,load     ] GC(93) y: Load: 6.43 (54%) / 6.12 (51%) / 5.93 (49%)
[2026-04-03T02:26:39.828+0600][66.473s][info][gc,mmu      ] GC(93) y: MMU: 2ms/95.2%, 5ms/97.6%, 10ms/98.8%, 20ms/99.4%, 50ms/99.6%, 100ms/99.8%
[2026-04-03T02:26:39.828+0600][66.473s][info][gc,marking  ] GC(93) y: Mark: 1 stripe(s), 2 proactive flush(es), 1 terminate flush(es), 0 completion(s), 0 continuation(s) 
[2026-04-03T02:26:39.828+0600][66.473s][info][gc,marking  ] GC(93) y: Mark Stack Usage: 32M
[2026-04-03T02:26:39.828+0600][66.473s][info][gc,nmethod  ] GC(93) y: NMethods: 15091 registered, 2240 unregistered
[2026-04-03T02:26:39.828+0600][66.473s][info][gc,metaspace] GC(93) y: Metaspace: 128M used, 129M committed, 1152M reserved
[2026-04-03T02:26:39.828+0600][66.473s][info][gc,reloc    ] GC(93) y:                        Candidates     Selected     In-Place         Size        Empty    Relocated 
[2026-04-03T02:26:39.828+0600][66.473s][info][gc,reloc    ] GC(93) y: Small Pages:                  312          172            0         624M         268M           5M 
[2026-04-03T02:26:39.828+0600][66.473s][info][gc,reloc    ] GC(93) y: Medium Pages:                   5            0            0         160M         160M           0M 
[2026-04-03T02:26:39.828+0600][66.473s][info][gc,reloc    ] GC(93) y: Large Pages:                   16            0            0          96M          96M           0M 
[2026-04-03T02:26:39.828+0600][66.473s][info][gc,reloc    ] GC(93) y: Forwarding Usage: 1M
[2026-04-03T02:26:39.828+0600][66.473s][info][gc,reloc    ] GC(93) y: Age Table:
[2026-04-03T02:26:39.828+0600][66.473s][info][gc,reloc    ] GC(93) y:                    Live             Garbage             Small              Medium             Large        
[2026-04-03T02:26:39.828+0600][66.473s][info][gc,reloc    ] GC(93) y: Eden               3M (0%)          862M (69%)        305 / 168            5 / 0             16 / 0        
[2026-04-03T02:26:39.828+0600][66.473s][info][gc,reloc    ] GC(93) y: Survivor 1         2M (0%)            3M (0%)           3 / 2              0 / 0              0 / 0        
[2026-04-03T02:26:39.828+0600][66.473s][info][gc,reloc    ] GC(93) y: Survivor 2         0M (0%)            1M (0%)           1 / 1              0 / 0              0 / 0        
[2026-04-03T02:26:39.828+0600][66.473s][info][gc,reloc    ] GC(93) y: Survivor 3         1M (0%)            2M (0%)           2 / 0              0 / 0              0 / 0        
[2026-04-03T02:26:39.828+0600][66.473s][info][gc,reloc    ] GC(93) y: Survivor 4         0M (0%)            1M (0%)           1 / 1              0 / 0              0 / 0        
[2026-04-03T02:26:39.829+0600][66.473s][info][gc,heap     ] GC(93) y: Min Capacity: 8M(1%)
[2026-04-03T02:26:39.829+0600][66.473s][info][gc,heap     ] GC(93) y: Max Capacity: 1250M(100%)
[2026-04-03T02:26:39.829+0600][66.473s][info][gc,heap     ] GC(93) y: Soft Max Capacity: 1250M(100%)
[2026-04-03T02:26:39.829+0600][66.473s][info][gc,heap     ] GC(93) y: Heap Statistics:
[2026-04-03T02:26:39.829+0600][66.473s][info][gc,heap     ] GC(93) y:                Mark Start          Mark End        Relocate Start      Relocate End           High               Low         
[2026-04-03T02:26:39.829+0600][66.473s][info][gc,heap     ] GC(93) y:  Capacity:     1250M (100%)       1250M (100%)       1250M (100%)       1250M (100%)       1250M (100%)       1250M (100%)   
[2026-04-03T02:26:39.829+0600][66.473s][info][gc,heap     ] GC(93) y:      Free:      170M (14%)          92M (7%)          616M (49%)         942M (75%)         942M (75%)          92M (7%)     
[2026-04-03T02:26:39.829+0600][66.473s][info][gc,heap     ] GC(93) y:      Used:     1080M (86%)        1158M (93%)         634M (51%)         308M (25%)        1158M (93%)         308M (25%)    
[2026-04-03T02:26:39.829+0600][66.473s][info][gc,heap     ] GC(93) y: Young Generation Statistics:
[2026-04-03T02:26:39.829+0600][66.473s][info][gc,heap     ] GC(93) y:                Mark Start          Mark End        Relocate Start      Relocate End    
[2026-04-03T02:26:39.829+0600][66.473s][info][gc,heap     ] GC(93) y:      Used:      880M (70%)         958M (77%)         434M (35%)         108M (9%)     
[2026-04-03T02:26:39.829+0600][66.473s][info][gc,heap     ] GC(93) y:      Live:         -                 9M (1%)            9M (1%)            9M (1%)     
[2026-04-03T02:26:39.829+0600][66.473s][info][gc,heap     ] GC(93) y:   Garbage:         -               870M (70%)         346M (28%)           1M (0%)     
[2026-04-03T02:26:39.829+0600][66.473s][info][gc,heap     ] GC(93) y: Allocated:         -                78M (6%)           78M (6%)           97M (8%)     
[2026-04-03T02:26:39.829+0600][66.473s][info][gc,heap     ] GC(93) y: Reclaimed:         -                  -               524M (42%)         869M (70%)    
[2026-04-03T02:26:39.829+0600][66.473s][info][gc,heap     ] GC(93) y:  Promoted:         -                  -                 0M (0%)            0M (0%)     
[2026-04-03T02:26:39.829+0600][66.473s][info][gc,heap     ] GC(93) y: Compacted:         -                  -                  -                 6M (1%)     
[2026-04-03T02:26:39.829+0600][66.473s][info][gc,phases   ] GC(93) y: Young Generation 1080M(86%)->308M(25%) 0.058s
[2026-04-03T02:26:39.829+0600][66.473s][info][gc          ] GC(93) Minor Collection (Allocation Rate) 1080M(86%)->308M(25%) 0.058s
[2026-04-03T02:26:40.400+0600][67.045s][info][gc          ] GC(94) Minor Collection (Allocation Rate)
[2026-04-03T02:26:40.400+0600][67.045s][info][gc,task     ] GC(94) Using 1 Workers for Young Generation
[2026-04-03T02:26:40.400+0600][67.045s][info][gc,phases   ] GC(94) y: Young Generation
[2026-04-03T02:26:40.400+0600][67.045s][info][gc,phases   ] GC(94) y: Pause Mark Start 0.016ms
[2026-04-03T02:26:40.433+0600][67.078s][info][gc,phases   ] GC(94) y: Concurrent Mark 32.945ms
[2026-04-03T02:26:40.434+0600][67.078s][info][gc,phases   ] GC(94) y: Pause Mark End 0.018ms
[2026-04-03T02:26:40.434+0600][67.078s][info][gc,phases   ] GC(94) y: Concurrent Mark Free 0.001ms
[2026-04-03T02:26:40.434+0600][67.078s][info][gc,phases   ] GC(94) y: Concurrent Reset Relocation Set 0.011ms
[2026-04-03T02:26:40.435+0600][67.080s][info][gc,reloc    ] GC(94) y: Using tenuring threshold: 6 (Computed)
[2026-04-03T02:26:40.436+0600][67.081s][info][gc,phases   ] GC(94) y: Concurrent Select Relocation Set 2.197ms
[2026-04-03T02:26:40.436+0600][67.081s][info][gc,phases   ] GC(94) y: Pause Relocate Start 0.014ms
[2026-04-03T02:26:40.444+0600][67.089s][info][gc,phases   ] GC(94) y: Concurrent Relocate 8.189ms
[2026-04-03T02:26:40.444+0600][67.089s][info][gc,alloc    ] GC(94) y:                         Mark Start        Mark End      Relocate Start    Relocate End   
[2026-04-03T02:26:40.444+0600][67.089s][info][gc,alloc    ] GC(94) y: Allocation Stalls:          0                0                0                0         
[2026-04-03T02:26:40.444+0600][67.089s][info][gc,load     ] GC(94) y: Load: 6.43 (54%) / 6.12 (51%) / 5.93 (49%)
[2026-04-03T02:26:40.444+0600][67.089s][info][gc,mmu      ] GC(94) y: MMU: 2ms/95.2%, 5ms/97.6%, 10ms/98.8%, 20ms/99.4%, 50ms/99.6%, 100ms/99.8%
[2026-04-03T02:26:40.444+0600][67.089s][info][gc,marking  ] GC(94) y: Mark: 1 stripe(s), 2 proactive flush(es), 1 terminate flush(es), 0 completion(s), 0 continuation(s) 
[2026-04-03T02:26:40.444+0600][67.089s][info][gc,marking  ] GC(94) y: Mark Stack Usage: 32M
[2026-04-03T02:26:40.444+0600][67.089s][info][gc,nmethod  ] GC(94) y: NMethods: 15115 registered, 2240 unregistered
[2026-04-03T02:26:40.444+0600][67.089s][info][gc,metaspace] GC(94) y: Metaspace: 128M used, 129M committed, 1152M reserved
[2026-04-03T02:26:40.444+0600][67.089s][info][gc,reloc    ] GC(94) y:                        Candidates     Selected     In-Place         Size        Empty    Relocated 
[2026-04-03T02:26:40.444+0600][67.089s][info][gc,reloc    ] GC(94) y: Small Pages:                  323          159            0         646M         316M           5M 
[2026-04-03T02:26:40.444+0600][67.089s][info][gc,reloc    ] GC(94) y: Medium Pages:                   3            0            0          96M          96M           0M 
[2026-04-03T02:26:40.445+0600][67.089s][info][gc,reloc    ] GC(94) y: Large Pages:                   13            0            0          78M          78M           0M 
[2026-04-03T02:26:40.445+0600][67.089s][info][gc,reloc    ] GC(94) y: Forwarding Usage: 1M
[2026-04-03T02:26:40.445+0600][67.089s][info][gc,reloc    ] GC(94) y: Age Table:
[2026-04-03T02:26:40.445+0600][67.089s][info][gc,reloc    ] GC(94) y:                    Live             Garbage             Small              Medium             Large        
[2026-04-03T02:26:40.445+0600][67.089s][info][gc,reloc    ] GC(94) y: Eden               3M (0%)          786M (63%)        308 / 148            3 / 0             13 / 0        
[2026-04-03T02:26:40.445+0600][67.089s][info][gc,reloc    ] GC(94) y: Survivor 1         1M (0%)            2M (0%)           2 / 1              0 / 0              0 / 0        
[2026-04-03T02:26:40.445+0600][67.089s][info][gc,reloc    ] GC(94) y: Survivor 2         2M (0%)            1M (0%)           2 / 0              0 / 0              0 / 0        
[2026-04-03T02:26:40.445+0600][67.089s][info][gc,reloc    ] GC(94) y: Survivor 3         0M (0%)            1M (0%)           1 / 1              0 / 0              0 / 0        
[2026-04-03T02:26:40.445+0600][67.089s][info][gc,reloc    ] GC(94) y: Survivor 4         1M (0%)           16M (1%)           9 / 8              0 / 0              0 / 0        
[2026-04-03T02:26:40.445+0600][67.089s][info][gc,reloc    ] GC(94) y: Survivor 5         0M (0%)            1M (0%)           1 / 1              0 / 0              0 / 0        
[2026-04-03T02:26:40.445+0600][67.089s][info][gc,heap     ] GC(94) y: Min Capacity: 8M(1%)
[2026-04-03T02:26:40.445+0600][67.089s][info][gc,heap     ] GC(94) y: Max Capacity: 1250M(100%)
[2026-04-03T02:26:40.445+0600][67.089s][info][gc,heap     ] GC(94) y: Soft Max Capacity: 1250M(100%)
[2026-04-03T02:26:40.445+0600][67.089s][info][gc,heap     ] GC(94) y: Heap Statistics:
[2026-04-03T02:26:40.445+0600][67.089s][info][gc,heap     ] GC(94) y:                Mark Start          Mark End        Relocate Start      Relocate End           High               Low         
[2026-04-03T02:26:40.445+0600][67.089s][info][gc,heap     ] GC(94) y:  Capacity:     1250M (100%)       1250M (100%)       1250M (100%)       1250M (100%)       1250M (100%)       1250M (100%)   
[2026-04-03T02:26:40.445+0600][67.089s][info][gc,heap     ] GC(94) y:      Free:      230M (18%)         168M (13%)         650M (52%)         942M (75%)         942M (75%)         168M (13%)    
[2026-04-03T02:26:40.445+0600][67.090s][info][gc,heap     ] GC(94) y:      Used:     1020M (82%)        1082M (87%)         600M (48%)         308M (25%)        1082M (87%)         308M (25%)    
[2026-04-03T02:26:40.445+0600][67.090s][info][gc,heap     ] GC(94) y: Young Generation Statistics:
[2026-04-03T02:26:40.445+0600][67.090s][info][gc,heap     ] GC(94) y:                Mark Start          Mark End        Relocate Start      Relocate End    
[2026-04-03T02:26:40.445+0600][67.090s][info][gc,heap     ] GC(94) y:      Used:      820M (66%)         882M (71%)         400M (32%)         108M (9%)     
[2026-04-03T02:26:40.445+0600][67.090s][info][gc,heap     ] GC(94) y:      Live:         -                 9M (1%)            9M (1%)            9M (1%)     
[2026-04-03T02:26:40.445+0600][67.090s][info][gc,heap     ] GC(94) y:   Garbage:         -               810M (65%)         320M (26%)           0M (0%)     
[2026-04-03T02:26:40.445+0600][67.090s][info][gc,heap     ] GC(94) y: Allocated:         -                62M (5%)           70M (6%)           97M (8%)     
[2026-04-03T02:26:40.445+0600][67.090s][info][gc,heap     ] GC(94) y: Reclaimed:         -                  -               490M (39%)         809M (65%)    
[2026-04-03T02:26:40.445+0600][67.090s][info][gc,heap     ] GC(94) y:  Promoted:         -                  -                 0M (0%)            0M (0%)     
[2026-04-03T02:26:40.445+0600][67.090s][info][gc,heap     ] GC(94) y: Compacted:         -                  -                  -                 8M (1%)     
[2026-04-03T02:26:40.445+0600][67.090s][info][gc,phases   ] GC(94) y: Young Generation 1020M(82%)->308M(25%) 0.044s
[2026-04-03T02:26:40.445+0600][67.090s][info][gc          ] GC(94) Minor Collection (Allocation Rate) 1020M(82%)->308M(25%) 0.045s
[2026-04-03T02:26:40.515+0600][67.160s][info][gc          ] GC(95) Minor Collection (Allocation Rate)
[2026-04-03T02:26:40.515+0600][67.160s][info][gc,task     ] GC(95) Using 1 Workers for Young Generation
[2026-04-03T02:26:40.515+0600][67.160s][info][gc,phases   ] GC(95) y: Young Generation
[2026-04-03T02:26:40.515+0600][67.160s][info][gc,phases   ] GC(95) y: Pause Mark Start 0.021ms
[2026-04-03T02:26:40.568+0600][67.213s][info][gc,phases   ] GC(95) y: Concurrent Mark 52.861ms
[2026-04-03T02:26:40.568+0600][67.213s][info][gc,phases   ] GC(95) y: Pause Mark End 0.030ms
[2026-04-03T02:26:40.569+0600][67.213s][info][gc,phases   ] GC(95) y: Concurrent Mark Free 0.001ms
[2026-04-03T02:26:40.569+0600][67.213s][info][gc,phases   ] GC(95) y: Concurrent Reset Relocation Set 0.012ms
[2026-04-03T02:26:40.573+0600][67.218s][info][gc,reloc    ] GC(95) y: Using tenuring threshold: 6 (Computed)
[2026-04-03T02:26:40.574+0600][67.219s][info][gc,phases   ] GC(95) y: Concurrent Select Relocation Set 5.470ms
[2026-04-03T02:26:40.574+0600][67.219s][info][gc,phases   ] GC(95) y: Pause Relocate Start 0.020ms
[2026-04-03T02:26:40.580+0600][67.224s][info][gc,phases   ] GC(95) y: Concurrent Relocate 4.862ms
[2026-04-03T02:26:40.580+0600][67.224s][info][gc,alloc    ] GC(95) y:                         Mark Start        Mark End      Relocate Start    Relocate End   
[2026-04-03T02:26:40.580+0600][67.224s][info][gc,alloc    ] GC(95) y: Allocation Stalls:          0                0                0                0         
[2026-04-03T02:26:40.580+0600][67.224s][info][gc,load     ] GC(95) y: Load: 6.43 (54%) / 6.12 (51%) / 5.93 (49%)
[2026-04-03T02:26:40.580+0600][67.224s][info][gc,mmu      ] GC(95) y: MMU: 2ms/95.2%, 5ms/97.6%, 10ms/98.8%, 20ms/99.4%, 50ms/99.6%, 100ms/99.8%
[2026-04-03T02:26:40.580+0600][67.224s][info][gc,marking  ] GC(95) y: Mark: 1 stripe(s), 2 proactive flush(es), 1 terminate flush(es), 0 completion(s), 0 continuation(s) 
[2026-04-03T02:26:40.580+0600][67.224s][info][gc,marking  ] GC(95) y: Mark Stack Usage: 32M
[2026-04-03T02:26:40.580+0600][67.224s][info][gc,nmethod  ] GC(95) y: NMethods: 15120 registered, 2240 unregistered
[2026-04-03T02:26:40.580+0600][67.224s][info][gc,metaspace] GC(95) y: Metaspace: 128M used, 130M committed, 1152M reserved
[2026-04-03T02:26:40.580+0600][67.224s][info][gc,reloc    ] GC(95) y:                        Candidates     Selected     In-Place         Size        Empty    Relocated 
[2026-04-03T02:26:40.580+0600][67.224s][info][gc,reloc    ] GC(95) y: Small Pages:                   61           41            0         122M          26M           3M 
[2026-04-03T02:26:40.580+0600][67.224s][info][gc,reloc    ] GC(95) y: Medium Pages:                   1            0            0          32M          32M           0M 
[2026-04-03T02:26:40.580+0600][67.224s][info][gc,reloc    ] GC(95) y: Large Pages:                   67            0            0         402M         402M           0M 
[2026-04-03T02:26:40.580+0600][67.224s][info][gc,reloc    ] GC(95) y: Forwarding Usage: 0M
[2026-04-03T02:26:40.580+0600][67.224s][info][gc,reloc    ] GC(95) y: Age Table:
[2026-04-03T02:26:40.580+0600][67.224s][info][gc,reloc    ] GC(95) y:                    Live             Garbage             Small              Medium             Large        
[2026-04-03T02:26:40.580+0600][67.224s][info][gc,reloc    ] GC(95) y: Eden               2M (0%)          519M (42%)         44 / 30             1 / 0             67 / 0        
[2026-04-03T02:26:40.580+0600][67.225s][info][gc,reloc    ] GC(95) y: Survivor 1         2M (0%)            3M (0%)           3 / 0              0 / 0              0 / 0        
[2026-04-03T02:26:40.580+0600][67.225s][info][gc,reloc    ] GC(95) y: Survivor 2         1M (0%)            4M (0%)           3 / 2              0 / 0              0 / 0        
[2026-04-03T02:26:40.580+0600][67.225s][info][gc,reloc    ] GC(95) y: Survivor 3         2M (0%)            5M (0%)           4 / 3              0 / 0              0 / 0        
[2026-04-03T02:26:40.580+0600][67.225s][info][gc,reloc    ] GC(95) y: Survivor 4         0M (0%)            5M (0%)           3 / 3              0 / 0              0 / 0        
[2026-04-03T02:26:40.580+0600][67.225s][info][gc,reloc    ] GC(95) y: Survivor 5         1M (0%)            4M (0%)           3 / 2              0 / 0              0 / 0        
[2026-04-03T02:26:40.580+0600][67.225s][info][gc,reloc    ] GC(95) y: Survivor 6         0M (0%)            1M (0%)           1 / 1              0 / 0              0 / 0        
[2026-04-03T02:26:40.580+0600][67.225s][info][gc,heap     ] GC(95) y: Min Capacity: 8M(1%)
[2026-04-03T02:26:40.580+0600][67.225s][info][gc,heap     ] GC(95) y: Max Capacity: 1250M(100%)
[2026-04-03T02:26:40.580+0600][67.225s][info][gc,heap     ] GC(95) y: Soft Max Capacity: 1250M(100%)
[2026-04-03T02:26:40.580+0600][67.225s][info][gc,heap     ] GC(95) y: Heap Statistics:
[2026-04-03T02:26:40.580+0600][67.225s][info][gc,heap     ] GC(95) y:                Mark Start          Mark End        Relocate Start      Relocate End           High               Low         
[2026-04-03T02:26:40.580+0600][67.225s][info][gc,heap     ] GC(95) y:  Capacity:     1250M (100%)       1250M (100%)       1250M (100%)       1250M (100%)       1250M (100%)       1250M (100%)   
[2026-04-03T02:26:40.580+0600][67.225s][info][gc,heap     ] GC(95) y:      Free:      494M (40%)         412M (33%)         864M (69%)         932M (75%)         932M (75%)         202M (16%)    
[2026-04-03T02:26:40.580+0600][67.225s][info][gc,heap     ] GC(95) y:      Used:      756M (60%)         838M (67%)         386M (31%)         318M (25%)        1048M (84%)         318M (25%)    
[2026-04-03T02:26:40.580+0600][67.225s][info][gc,heap     ] GC(95) y: Young Generation Statistics:
[2026-04-03T02:26:40.580+0600][67.225s][info][gc,heap     ] GC(95) y:                Mark Start          Mark End        Relocate Start      Relocate End    
[2026-04-03T02:26:40.580+0600][67.225s][info][gc,heap     ] GC(95) y:      Used:      556M (44%)         638M (51%)         186M (15%)         116M (9%)     
[2026-04-03T02:26:40.580+0600][67.225s][info][gc,heap     ] GC(95) y:      Live:         -                11M (1%)           11M (1%)           11M (1%)     
[2026-04-03T02:26:40.580+0600][67.225s][info][gc,heap     ] GC(95) y:   Garbage:         -               544M (44%)          84M (7%)            1M (0%)     
[2026-04-03T02:26:40.580+0600][67.225s][info][gc,heap     ] GC(95) y: Allocated:         -                82M (7%)           90M (7%)          102M (8%)     
[2026-04-03T02:26:40.580+0600][67.225s][info][gc,heap     ] GC(95) y: Reclaimed:         -                  -               460M (37%)         542M (43%)    
[2026-04-03T02:26:40.580+0600][67.225s][info][gc,heap     ] GC(95) y:  Promoted:         -                  -                 0M (0%)            0M (0%)     
[2026-04-03T02:26:40.580+0600][67.225s][info][gc,heap     ] GC(95) y: Compacted:         -                  -                  -                 5M (0%)     
[2026-04-03T02:26:40.580+0600][67.225s][info][gc,phases   ] GC(95) y: Young Generation 756M(60%)->318M(25%) 0.064s
[2026-04-03T02:26:40.580+0600][67.225s][info][gc          ] GC(95) Minor Collection (Allocation Rate) 756M(60%)->332M(27%) 0.065s
[2026-04-03T02:26:40.580+0600][67.225s][info][gc          ] GC(96) Minor Collection (Allocation Rate)
[2026-04-03T02:26:40.580+0600][67.225s][info][gc,task     ] GC(96) Using 1 Workers for Young Generation
[2026-04-03T02:26:40.581+0600][67.225s][info][gc,phases   ] GC(96) y: Young Generation
[2026-04-03T02:26:40.581+0600][67.225s][info][gc,phases   ] GC(96) y: Pause Mark Start 0.023ms
[2026-04-03T02:26:40.636+0600][67.281s][info][gc,phases   ] GC(96) y: Concurrent Mark 55.155ms
[2026-04-03T02:26:40.636+0600][67.281s][info][gc,phases   ] GC(96) y: Pause Mark End 0.030ms
[2026-04-03T02:26:40.637+0600][67.281s][info][gc,phases   ] GC(96) y: Concurrent Mark Free 0.002ms
[2026-04-03T02:26:40.637+0600][67.281s][info][gc,phases   ] GC(96) y: Concurrent Reset Relocation Set 0.009ms
[2026-04-03T02:26:40.640+0600][67.285s][info][gc,reloc    ] GC(96) y: Using tenuring threshold: 1 (Computed)
[2026-04-03T02:26:40.645+0600][67.290s][info][gc,phases   ] GC(96) y: Concurrent Select Relocation Set 8.253ms
[2026-04-03T02:26:40.645+0600][67.290s][info][gc,phases   ] GC(96) y: Pause Relocate Start 0.018ms
[2026-04-03T02:26:40.656+0600][67.301s][info][gc,phases   ] GC(96) y: Concurrent Relocate 10.784ms
[2026-04-03T02:26:40.656+0600][67.301s][info][gc,alloc    ] GC(96) y:                         Mark Start        Mark End      Relocate Start    Relocate End   
[2026-04-03T02:26:40.656+0600][67.301s][info][gc,alloc    ] GC(96) y: Allocation Stalls:          0                0                0                0         
[2026-04-03T02:26:40.656+0600][67.301s][info][gc,load     ] GC(96) y: Load: 6.43 (54%) / 6.12 (51%) / 5.93 (49%)
[2026-04-03T02:26:40.656+0600][67.301s][info][gc,mmu      ] GC(96) y: MMU: 2ms/95.2%, 5ms/97.6%, 10ms/98.8%, 20ms/99.4%, 50ms/99.6%, 100ms/99.8%
[2026-04-03T02:26:40.656+0600][67.301s][info][gc,marking  ] GC(96) y: Mark: 1 stripe(s), 2 proactive flush(es), 1 terminate flush(es), 0 completion(s), 0 continuation(s) 
[2026-04-03T02:26:40.656+0600][67.301s][info][gc,marking  ] GC(96) y: Mark Stack Usage: 32M
[2026-04-03T02:26:40.656+0600][67.301s][info][gc,nmethod  ] GC(96) y: NMethods: 15123 registered, 2240 unregistered
[2026-04-03T02:26:40.656+0600][67.301s][info][gc,metaspace] GC(96) y: Metaspace: 128M used, 130M committed, 1152M reserved
[2026-04-03T02:26:40.656+0600][67.301s][info][gc,reloc    ] GC(96) y:                        Candidates     Selected     In-Place         Size        Empty    Relocated 
[2026-04-03T02:26:40.656+0600][67.301s][info][gc,reloc    ] GC(96) y: Small Pages:                   40           33            0          80M           0M           4M 
[2026-04-03T02:26:40.656+0600][67.301s][info][gc,reloc    ] GC(96) y: Medium Pages:                   1            0            0          32M          32M           0M 
[2026-04-03T02:26:40.656+0600][67.301s][info][gc,reloc    ] GC(96) y: Large Pages:                    4            0            0          24M           6M           0M 
[2026-04-03T02:26:40.656+0600][67.301s][info][gc,reloc    ] GC(96) y: Forwarding Usage: 1M
[2026-04-03T02:26:40.656+0600][67.301s][info][gc,reloc    ] GC(96) y: Age Table:
[2026-04-03T02:26:40.656+0600][67.301s][info][gc,reloc    ] GC(96) y:                    Live             Garbage             Small              Medium             Large        
[2026-04-03T02:26:40.656+0600][67.301s][info][gc,reloc    ] GC(96) y: Eden              19M (2%)           94M (8%)          29 / 29             1 / 0              4 / 0        
[2026-04-03T02:26:40.656+0600][67.301s][info][gc,reloc    ] GC(96) y: Survivor 1         0M (0%)            3M (0%)           2 / 2              0 / 0              0 / 0        
[2026-04-03T02:26:40.656+0600][67.301s][info][gc,reloc    ] GC(96) y: Survivor 2         2M (0%)            1M (0%)           2 / 0              0 / 0              0 / 0        
[2026-04-03T02:26:40.656+0600][67.301s][info][gc,reloc    ] GC(96) y: Survivor 3         1M (0%)            2M (0%)           2 / 1              0 / 0              0 / 0        
[2026-04-03T02:26:40.656+0600][67.301s][info][gc,reloc    ] GC(96) y: Survivor 4         2M (0%)            1M (0%)           2 / 1              0 / 0              0 / 0        
[2026-04-03T02:26:40.656+0600][67.301s][info][gc,reloc    ] GC(96) y: Survivor 5         0M (0%)            1M (0%)           1 / 0              0 / 0              0 / 0        
[2026-04-03T02:26:40.656+0600][67.301s][info][gc,reloc    ] GC(96) y: Survivor 6         1M (0%)            2M (0%)           2 / 0              0 / 0              0 / 0        
[2026-04-03T02:26:40.656+0600][67.301s][info][gc,heap     ] GC(96) y: Min Capacity: 8M(1%)
[2026-04-03T02:26:40.656+0600][67.301s][info][gc,heap     ] GC(96) y: Max Capacity: 1250M(100%)
[2026-04-03T02:26:40.656+0600][67.301s][info][gc,heap     ] GC(96) y: Soft Max Capacity: 1250M(100%)
[2026-04-03T02:26:40.656+0600][67.301s][info][gc,heap     ] GC(96) y: Heap Statistics:
[2026-04-03T02:26:40.656+0600][67.301s][info][gc,heap     ] GC(96) y:                Mark Start          Mark End        Relocate Start      Relocate End           High               Low         
[2026-04-03T02:26:40.656+0600][67.301s][info][gc,heap     ] GC(96) y:  Capacity:     1250M (100%)       1250M (100%)       1250M (100%)       1250M (100%)       1250M (100%)       1250M (100%)   
[2026-04-03T02:26:40.656+0600][67.301s][info][gc,heap     ] GC(96) y:      Free:      912M (73%)         430M (34%)         466M (37%)         528M (42%)         912M (73%)         430M (34%)    
[2026-04-03T02:26:40.656+0600][67.301s][info][gc,heap     ] GC(96) y:      Used:      338M (27%)         820M (66%)         784M (63%)         722M (58%)         820M (66%)         338M (27%)    
[2026-04-03T02:26:40.656+0600][67.301s][info][gc,heap     ] GC(96) y: Young Generation Statistics:
[2026-04-03T02:26:40.656+0600][67.301s][info][gc,heap     ] GC(96) y:                Mark Start          Mark End        Relocate Start      Relocate End    
[2026-04-03T02:26:40.656+0600][67.301s][info][gc,heap     ] GC(96) y:      Used:      136M (11%)         618M (49%)         576M (46%)         508M (41%)    
[2026-04-03T02:26:40.656+0600][67.301s][info][gc,heap     ] GC(96) y:      Live:         -                30M (2%)           24M (2%)           19M (2%)     
[2026-04-03T02:26:40.656+0600][67.301s][info][gc,heap     ] GC(96) y:   Garbage:         -               105M (8%)           67M (5%)            0M (0%)     
[2026-04-03T02:26:40.656+0600][67.301s][info][gc,heap     ] GC(96) y: Allocated:         -               482M (39%)         484M (39%)         488M (39%)    
[2026-04-03T02:26:40.656+0600][67.301s][info][gc,heap     ] GC(96) y: Reclaimed:         -                  -                38M (3%)          105M (8%)     
[2026-04-03T02:26:40.656+0600][67.301s][info][gc,heap     ] GC(96) y:  Promoted:         -                  -                 5M (0%)           10M (1%)     
[2026-04-03T02:26:40.656+0600][67.301s][info][gc,heap     ] GC(96) y: Compacted:         -                  -                  -                 1M (0%)     
[2026-04-03T02:26:40.656+0600][67.301s][info][gc,phases   ] GC(96) y: Young Generation 338M(27%)->722M(58%) 0.076s
[2026-04-03T02:26:40.657+0600][67.301s][info][gc          ] GC(96) Minor Collection (Allocation Rate) 338M(27%)->724M(58%) 0.076s
[2026-04-03T02:26:40.657+0600][67.301s][info][gc          ] GC(97) Major Collection (Allocation Rate)
[2026-04-03T02:26:40.657+0600][67.301s][info][gc,task     ] GC(97) Using 3 Workers for Young Generation
[2026-04-03T02:26:40.657+0600][67.301s][info][gc,task     ] GC(97) Using 1 Workers for Old Generation
[2026-04-03T02:26:40.657+0600][67.301s][info][gc,phases   ] GC(97) Y: Young Generation
[2026-04-03T02:26:40.657+0600][67.302s][info][gc,phases   ] GC(97) Y: Pause Mark Start (Major) 0.018ms
[2026-04-03T02:26:40.672+0600][67.317s][info][gc,phases   ] GC(97) Y: Concurrent Mark 15.128ms
[2026-04-03T02:26:40.672+0600][67.317s][info][gc,phases   ] GC(97) Y: Pause Mark End 0.017ms
[2026-04-03T02:26:40.672+0600][67.317s][info][gc,phases   ] GC(97) Y: Concurrent Mark Free 0.001ms
[2026-04-03T02:26:40.672+0600][67.317s][info][gc,phases   ] GC(97) Y: Concurrent Reset Relocation Set 0.013ms
[2026-04-03T02:26:40.674+0600][67.319s][info][gc,reloc    ] GC(97) Y: Using tenuring threshold: 2 (Computed)
[2026-04-03T02:26:40.674+0600][67.319s][info][gc,phases   ] GC(97) Y: Concurrent Select Relocation Set 1.787ms
[2026-04-03T02:26:40.674+0600][67.319s][info][gc,phases   ] GC(97) Y: Pause Relocate Start 0.010ms
[2026-04-03T02:26:40.675+0600][67.320s][info][gc,phases   ] GC(97) Y: Concurrent Relocate 0.874ms
[2026-04-03T02:26:40.675+0600][67.320s][info][gc,alloc    ] GC(97) Y:                         Mark Start        Mark End      Relocate Start    Relocate End   
[2026-04-03T02:26:40.675+0600][67.320s][info][gc,alloc    ] GC(97) Y: Allocation Stalls:          0                0                0                0         
[2026-04-03T02:26:40.675+0600][67.320s][info][gc,load     ] GC(97) Y: Load: 6.43 (54%) / 6.12 (51%) / 5.93 (49%)
[2026-04-03T02:26:40.675+0600][67.320s][info][gc,mmu      ] GC(97) Y: MMU: 2ms/95.2%, 5ms/97.6%, 10ms/98.8%, 20ms/99.4%, 50ms/99.6%, 100ms/99.8%
[2026-04-03T02:26:40.675+0600][67.320s][info][gc,marking  ] GC(97) Y: Mark: 2 stripe(s), 2 proactive flush(es), 1 terminate flush(es), 0 completion(s), 0 continuation(s) 
[2026-04-03T02:26:40.675+0600][67.320s][info][gc,marking  ] GC(97) Y: Mark Stack Usage: 32M
[2026-04-03T02:26:40.675+0600][67.320s][info][gc,nmethod  ] GC(97) Y: NMethods: 15123 registered, 2240 unregistered
[2026-04-03T02:26:40.675+0600][67.320s][info][gc,metaspace] GC(97) Y: Metaspace: 128M used, 130M committed, 1152M reserved
[2026-04-03T02:26:40.675+0600][67.320s][info][gc,reloc    ] GC(97) Y:                        Candidates     Selected     In-Place         Size        Empty    Relocated 
[2026-04-03T02:26:40.675+0600][67.320s][info][gc,reloc    ] GC(97) Y: Small Pages:                   44           30            0          88M          26M           1M 
[2026-04-03T02:26:40.675+0600][67.320s][info][gc,reloc    ] GC(97) Y: Medium Pages:                   1            0            0          32M          32M           0M 
[2026-04-03T02:26:40.675+0600][67.320s][info][gc,reloc    ] GC(97) Y: Large Pages:                   65            0            0         390M         390M           0M 
[2026-04-03T02:26:40.675+0600][67.320s][info][gc,reloc    ] GC(97) Y: Forwarding Usage: 0M
[2026-04-03T02:26:40.675+0600][67.320s][info][gc,reloc    ] GC(97) Y: Age Table:
[2026-04-03T02:26:40.675+0600][67.320s][info][gc,reloc    ] GC(97) Y:                    Live             Garbage             Small              Medium             Large        
[2026-04-03T02:26:40.675+0600][67.320s][info][gc,reloc    ] GC(97) Y: Eden               0M (0%)          489M (39%)         43 / 29             1 / 0             62 / 0        
[2026-04-03T02:26:40.675+0600][67.320s][info][gc,reloc    ] GC(97) Y: Survivor 1         0M (0%)           19M (2%)           1 / 1              0 / 0              3 / 0        
[2026-04-03T02:26:40.675+0600][67.320s][info][gc,heap     ] GC(97) Y: Min Capacity: 8M(1%)
[2026-04-03T02:26:40.675+0600][67.320s][info][gc,heap     ] GC(97) Y: Max Capacity: 1250M(100%)
[2026-04-03T02:26:40.675+0600][67.320s][info][gc,heap     ] GC(97) Y: Soft Max Capacity: 1250M(100%)
[2026-04-03T02:26:40.675+0600][67.320s][info][gc,heap     ] GC(97) Y: Heap Statistics:
[2026-04-03T02:26:40.675+0600][67.320s][info][gc,heap     ] GC(97) Y:                Mark Start          Mark End        Relocate Start      Relocate End           High               Low         
[2026-04-03T02:26:40.675+0600][67.320s][info][gc,heap     ] GC(97) Y:  Capacity:     1250M (100%)       1250M (100%)       1250M (100%)       1250M (100%)       1250M (100%)       1250M (100%)   
[2026-04-03T02:26:40.675+0600][67.320s][info][gc,heap     ] GC(97) Y:      Free:      526M (42%)         486M (39%)         924M (74%)         972M (78%)         972M (78%)         486M (39%)    
[2026-04-03T02:26:40.675+0600][67.320s][info][gc,heap     ] GC(97) Y:      Used:      724M (58%)         764M (61%)         326M (26%)         278M (22%)         764M (61%)         278M (22%)    
[2026-04-03T02:26:40.675+0600][67.320s][info][gc,heap     ] GC(97) Y: Young Generation Statistics:
[2026-04-03T02:26:40.675+0600][67.320s][info][gc,heap     ] GC(97) Y:                Mark Start          Mark End        Relocate Start      Relocate End    
[2026-04-03T02:26:40.675+0600][67.320s][info][gc,heap     ] GC(97) Y:      Used:      510M (41%)         550M (44%)         112M (9%)           64M (5%)     
[2026-04-03T02:26:40.675+0600][67.320s][info][gc,heap     ] GC(97) Y:      Live:         -                 1M (0%)            1M (0%)            1M (0%)     
[2026-04-03T02:26:40.675+0600][67.320s][info][gc,heap     ] GC(97) Y:   Garbage:         -               508M (41%)          60M (5%)            0M (0%)     
[2026-04-03T02:26:40.675+0600][67.320s][info][gc,heap     ] GC(97) Y: Allocated:         -                40M (3%)           50M (4%)           62M (5%)     
[2026-04-03T02:26:40.675+0600][67.320s][info][gc,heap     ] GC(97) Y: Reclaimed:         -                  -               448M (36%)         508M (41%)    
[2026-04-03T02:26:40.675+0600][67.320s][info][gc,heap     ] GC(97) Y:  Promoted:         -                  -                 0M (0%)            0M (0%)     
[2026-04-03T02:26:40.675+0600][67.320s][info][gc,heap     ] GC(97) Y: Compacted:         -                  -                  -                 1M (0%)     
[2026-04-03T02:26:40.675+0600][67.320s][info][gc,phases   ] GC(97) Y: Young Generation 724M(58%)->278M(22%) 0.018s
[2026-04-03T02:26:40.675+0600][67.320s][info][gc,phases   ] GC(97) O: Old Generation
[2026-04-03T02:26:40.799+0600][67.443s][info][gc          ] GC(98) Minor Collection (Allocation Rate)
[2026-04-03T02:26:40.799+0600][67.444s][info][gc,task     ] GC(98) Using 2 Workers for Young Generation
[2026-04-03T02:26:40.799+0600][67.444s][info][gc,phases   ] GC(98) y: Young Generation
[2026-04-03T02:26:40.799+0600][67.444s][info][gc,phases   ] GC(98) y: Pause Mark Start 0.021ms
[2026-04-03T02:26:40.825+0600][67.470s][info][gc,phases   ] GC(98) y: Concurrent Mark 26.019ms
[2026-04-03T02:26:40.825+0600][67.470s][info][gc,phases   ] GC(98) y: Pause Mark End 0.021ms
[2026-04-03T02:26:40.825+0600][67.470s][info][gc,phases   ] GC(98) y: Concurrent Mark Free 0.001ms
[2026-04-03T02:26:40.825+0600][67.470s][info][gc,phases   ] GC(98) y: Concurrent Reset Relocation Set 0.007ms
[2026-04-03T02:26:40.827+0600][67.472s][info][gc,reloc    ] GC(98) y: Using tenuring threshold: 3 (Computed)
[2026-04-03T02:26:40.828+0600][67.472s][info][gc,phases   ] GC(98) y: Concurrent Select Relocation Set 2.226ms
[2026-04-03T02:26:40.828+0600][67.472s][info][gc,phases   ] GC(98) y: Pause Relocate Start 0.011ms
[2026-04-03T02:26:40.830+0600][67.474s][info][gc,phases   ] GC(98) y: Concurrent Relocate 1.871ms
[2026-04-03T02:26:40.830+0600][67.475s][info][gc,alloc    ] GC(98) y:                         Mark Start        Mark End      Relocate Start    Relocate End   
[2026-04-03T02:26:40.830+0600][67.475s][info][gc,alloc    ] GC(98) y: Allocation Stalls:          0                0                0                0         
[2026-04-03T02:26:40.830+0600][67.475s][info][gc,load     ] GC(98) y: Load: 6.43 (54%) / 6.12 (51%) / 5.93 (49%)
[2026-04-03T02:26:40.830+0600][67.475s][info][gc,mmu      ] GC(98) y: MMU: 2ms/95.2%, 5ms/97.6%, 10ms/98.8%, 20ms/99.4%, 50ms/99.6%, 100ms/99.8%
[2026-04-03T02:26:40.830+0600][67.475s][info][gc,marking  ] GC(98) y: Mark: 2 stripe(s), 2 proactive flush(es), 1 terminate flush(es), 0 completion(s), 0 continuation(s) 
[2026-04-03T02:26:40.830+0600][67.475s][info][gc,marking  ] GC(98) y: Mark Stack Usage: 32M
[2026-04-03T02:26:40.830+0600][67.475s][info][gc,nmethod  ] GC(98) y: NMethods: 15132 registered, 2240 unregistered
[2026-04-03T02:26:40.830+0600][67.475s][info][gc,metaspace] GC(98) y: Metaspace: 128M used, 130M committed, 1152M reserved
[2026-04-03T02:26:40.830+0600][67.475s][info][gc,reloc    ] GC(98) y:                        Candidates     Selected     In-Place         Size        Empty    Relocated 
[2026-04-03T02:26:40.830+0600][67.475s][info][gc,reloc    ] GC(98) y: Small Pages:                   41           37            0          82M           2M           2M 
[2026-04-03T02:26:40.830+0600][67.475s][info][gc,reloc    ] GC(98) y: Medium Pages:                   1            0            0          32M          32M           0M 
[2026-04-03T02:26:40.830+0600][67.475s][info][gc,reloc    ] GC(98) y: Large Pages:                    4            0            0          24M          24M           0M 
[2026-04-03T02:26:40.830+0600][67.475s][info][gc,reloc    ] GC(98) y: Forwarding Usage: 0M
[2026-04-03T02:26:40.830+0600][67.475s][info][gc,reloc    ] GC(98) y: Age Table:
[2026-04-03T02:26:40.830+0600][67.475s][info][gc,reloc    ] GC(98) y:                    Live             Garbage             Small              Medium             Large        
[2026-04-03T02:26:40.830+0600][67.475s][info][gc,reloc    ] GC(98) y: Eden               2M (0%)          121M (10%)         34 / 31             1 / 0              4 / 0        
[2026-04-03T02:26:40.830+0600][67.475s][info][gc,reloc    ] GC(98) y: Survivor 1         0M (0%)            9M (1%)           5 / 5              0 / 0              0 / 0        
[2026-04-03T02:26:40.830+0600][67.475s][info][gc,reloc    ] GC(98) y: Survivor 2         0M (0%)            3M (0%)           2 / 1              0 / 0              0 / 0        
[2026-04-03T02:26:40.830+0600][67.475s][info][gc,heap     ] GC(98) y: Min Capacity: 8M(1%)
[2026-04-03T02:26:40.830+0600][67.475s][info][gc,heap     ] GC(98) y: Max Capacity: 1250M(100%)
[2026-04-03T02:26:40.830+0600][67.475s][info][gc,heap     ] GC(98) y: Soft Max Capacity: 1250M(100%)
[2026-04-03T02:26:40.830+0600][67.475s][info][gc,heap     ] GC(98) y: Heap Statistics:
[2026-04-03T02:26:40.830+0600][67.475s][info][gc,heap     ] GC(98) y:                Mark Start          Mark End        Relocate Start      Relocate End           High               Low         
[2026-04-03T02:26:40.830+0600][67.475s][info][gc,heap     ] GC(98) y:  Capacity:     1250M (100%)       1250M (100%)       1250M (100%)       1250M (100%)       1250M (100%)       1250M (100%)   
[2026-04-03T02:26:40.830+0600][67.475s][info][gc,heap     ] GC(98) y:      Free:      898M (72%)         842M (67%)         900M (72%)         964M (77%)         964M (77%)         842M (67%)    
[2026-04-03T02:26:40.830+0600][67.475s][info][gc,heap     ] GC(98) y:      Used:      352M (28%)         408M (33%)         350M (28%)         286M (23%)         408M (33%)         286M (23%)    
[2026-04-03T02:26:40.830+0600][67.475s][info][gc,heap     ] GC(98) y: Young Generation Statistics:
[2026-04-03T02:26:40.830+0600][67.475s][info][gc,heap     ] GC(98) y:                Mark Start          Mark End        Relocate Start      Relocate End    
[2026-04-03T02:26:40.830+0600][67.475s][info][gc,heap     ] GC(98) y:      Used:      138M (11%)         194M (16%)         136M (11%)          72M (6%)     
[2026-04-03T02:26:40.830+0600][67.475s][info][gc,heap     ] GC(98) y:      Live:         -                 3M (0%)            3M (0%)            3M (0%)     
[2026-04-03T02:26:40.830+0600][67.475s][info][gc,heap     ] GC(98) y:   Garbage:         -               134M (11%)          76M (6%)            1M (0%)     
[2026-04-03T02:26:40.830+0600][67.475s][info][gc,heap     ] GC(98) y: Allocated:         -                56M (4%)           56M (4%)           66M (5%)     
[2026-04-03T02:26:40.830+0600][67.475s][info][gc,heap     ] GC(98) y: Reclaimed:         -                  -                58M (5%)          132M (11%)    
[2026-04-03T02:26:40.830+0600][67.475s][info][gc,heap     ] GC(98) y:  Promoted:         -                  -                 0M (0%)            0M (0%)     
[2026-04-03T02:26:40.830+0600][67.475s][info][gc,heap     ] GC(98) y: Compacted:         -                  -                  -                 3M (0%)     
[2026-04-03T02:26:40.830+0600][67.475s][info][gc,phases   ] GC(98) y: Young Generation 352M(28%)->286M(23%) 0.031s
[2026-04-03T02:26:40.830+0600][67.475s][info][gc          ] GC(98) Minor Collection (Allocation Rate) 352M(28%)->286M(23%) 0.032s
[2026-04-03T02:26:40.839+0600][67.484s][info][gc          ] GC(99) Minor Collection (Allocation Rate)
[2026-04-03T02:26:40.840+0600][67.484s][info][gc,task     ] GC(99) Using 2 Workers for Young Generation
[2026-04-03T02:26:40.840+0600][67.484s][info][gc,phases   ] GC(99) y: Young Generation
[2026-04-03T02:26:40.840+0600][67.484s][info][gc,phases   ] GC(99) y: Pause Mark Start 0.044ms
[2026-04-03T02:26:40.862+0600][67.507s][info][gc,phases   ] GC(99) y: Concurrent Mark 22.467ms
[2026-04-03T02:26:40.863+0600][67.507s][info][gc,phases   ] GC(99) y: Pause Mark End 0.034ms
[2026-04-03T02:26:40.863+0600][67.508s][info][gc,phases   ] GC(99) y: Concurrent Mark Free 0.002ms
[2026-04-03T02:26:40.863+0600][67.508s][info][gc,phases   ] GC(99) y: Concurrent Reset Relocation Set 0.025ms
[2026-04-03T02:26:40.868+0600][67.513s][info][gc,reloc    ] GC(99) y: Using tenuring threshold: 4 (Computed)
[2026-04-03T02:26:40.868+0600][67.513s][info][gc,phases   ] GC(99) y: Concurrent Select Relocation Set 5.439ms
[2026-04-03T02:26:40.869+0600][67.513s][info][gc,phases   ] GC(99) y: Pause Relocate Start 0.019ms
[2026-04-03T02:26:40.870+0600][67.515s][info][gc,phases   ] GC(99) y: Concurrent Relocate 1.401ms
[2026-04-03T02:26:40.870+0600][67.515s][info][gc,alloc    ] GC(99) y:                         Mark Start        Mark End      Relocate Start    Relocate End   
[2026-04-03T02:26:40.870+0600][67.515s][info][gc,alloc    ] GC(99) y: Allocation Stalls:          0                0                0                0         
[2026-04-03T02:26:40.870+0600][67.515s][info][gc,load     ] GC(99) y: Load: 6.43 (54%) / 6.12 (51%) / 5.93 (49%)
[2026-04-03T02:26:40.870+0600][67.515s][info][gc,mmu      ] GC(99) y: MMU: 2ms/95.2%, 5ms/97.6%, 10ms/98.8%, 20ms/99.4%, 50ms/99.6%, 100ms/99.8%
[2026-04-03T02:26:40.870+0600][67.515s][info][gc,marking  ] GC(99) y: Mark: 2 stripe(s), 2 proactive flush(es), 1 terminate flush(es), 0 completion(s), 0 continuation(s) 
[2026-04-03T02:26:40.870+0600][67.515s][info][gc,marking  ] GC(99) y: Mark Stack Usage: 32M
[2026-04-03T02:26:40.871+0600][67.515s][info][gc,nmethod  ] GC(99) y: NMethods: 15135 registered, 2240 unregistered
[2026-04-03T02:26:40.871+0600][67.515s][info][gc,metaspace] GC(99) y: Metaspace: 128M used, 130M committed, 1152M reserved
[2026-04-03T02:26:40.871+0600][67.515s][info][gc,reloc    ] GC(99) y:                        Candidates     Selected     In-Place         Size        Empty    Relocated 
[2026-04-03T02:26:40.871+0600][67.515s][info][gc,reloc    ] GC(99) y: Small Pages:                   20           18            0          40M           0M           1M 
[2026-04-03T02:26:40.871+0600][67.515s][info][gc,reloc    ] GC(99) y: Medium Pages:                   1            0            0          32M          32M           0M 
[2026-04-03T02:26:40.871+0600][67.515s][info][gc,reloc    ] GC(99) y: Large Pages:                    1            0            0           6M           0M           0M 
[2026-04-03T02:26:40.871+0600][67.515s][info][gc,reloc    ] GC(99) y: Forwarding Usage: 0M
[2026-04-03T02:26:40.871+0600][67.515s][info][gc,reloc    ] GC(99) y: Age Table:
[2026-04-03T02:26:40.871+0600][67.515s][info][gc,reloc    ] GC(99) y:                    Live             Garbage             Small              Medium             Large        
[2026-04-03T02:26:40.871+0600][67.515s][info][gc,reloc    ] GC(99) y: Eden               6M (0%)           55M (4%)          12 / 11             1 / 0              1 / 0        
[2026-04-03T02:26:40.871+0600][67.515s][info][gc,reloc    ] GC(99) y: Survivor 1         0M (0%)            5M (0%)           3 / 3              0 / 0              0 / 0        
[2026-04-03T02:26:40.871+0600][67.515s][info][gc,reloc    ] GC(99) y: Survivor 2         0M (0%)            5M (0%)           3 / 3              0 / 0              0 / 0        
[2026-04-03T02:26:40.871+0600][67.515s][info][gc,reloc    ] GC(99) y: Survivor 3         0M (0%)            3M (0%)           2 / 1              0 / 0              0 / 0        
[2026-04-03T02:26:40.871+0600][67.515s][info][gc,heap     ] GC(99) y: Min Capacity: 8M(1%)
[2026-04-03T02:26:40.871+0600][67.515s][info][gc,heap     ] GC(99) y: Max Capacity: 1250M(100%)
[2026-04-03T02:26:40.871+0600][67.515s][info][gc,heap     ] GC(99) y: Soft Max Capacity: 1250M(100%)
[2026-04-03T02:26:40.871+0600][67.515s][info][gc,heap     ] GC(99) y: Heap Statistics:
[2026-04-03T02:26:40.871+0600][67.515s][info][gc,heap     ] GC(99) y:                Mark Start          Mark End        Relocate Start      Relocate End           High               Low         
[2026-04-03T02:26:40.871+0600][67.515s][info][gc,heap     ] GC(99) y:  Capacity:     1250M (100%)       1250M (100%)       1250M (100%)       1250M (100%)       1250M (100%)       1250M (100%)   
[2026-04-03T02:26:40.871+0600][67.515s][info][gc,heap     ] GC(99) y:      Free:      958M (77%)         942M (75%)         972M (78%)         994M (80%)         994M (80%)         942M (75%)    
[2026-04-03T02:26:40.871+0600][67.515s][info][gc,heap     ] GC(99) y:      Used:      292M (23%)         308M (25%)         278M (22%)         256M (20%)         308M (25%)         256M (20%)    
[2026-04-03T02:26:40.871+0600][67.515s][info][gc,heap     ] GC(99) y: Young Generation Statistics:
[2026-04-03T02:26:40.871+0600][67.515s][info][gc,heap     ] GC(99) y:                Mark Start          Mark End        Relocate Start      Relocate End    
[2026-04-03T02:26:40.871+0600][67.515s][info][gc,heap     ] GC(99) y:      Used:       78M (6%)           94M (8%)           64M (5%)           42M (3%)     
[2026-04-03T02:26:40.871+0600][67.515s][info][gc,heap     ] GC(99) y:      Live:         -                 8M (1%)            8M (1%)            8M (1%)     
[2026-04-03T02:26:40.871+0600][67.516s][info][gc,heap     ] GC(99) y:   Garbage:         -                69M (6%)           37M (3%)            1M (0%)     
[2026-04-03T02:26:40.871+0600][67.516s][info][gc,heap     ] GC(99) y: Allocated:         -                16M (1%)           18M (1%)           32M (3%)     
[2026-04-03T02:26:40.871+0600][67.516s][info][gc,heap     ] GC(99) y: Reclaimed:         -                  -                32M (3%)           68M (5%)     
[2026-04-03T02:26:40.871+0600][67.516s][info][gc,heap     ] GC(99) y:  Promoted:         -                  -                 0M (0%)            0M (0%)     
[2026-04-03T02:26:40.871+0600][67.516s][info][gc,heap     ] GC(99) y: Compacted:         -                  -                  -                 1M (0%)     
[2026-04-03T02:26:40.871+0600][67.516s][info][gc,phases   ] GC(99) y: Young Generation 292M(23%)->256M(20%) 0.031s
[2026-04-03T02:26:40.871+0600][67.516s][info][gc          ] GC(99) Minor Collection (Allocation Rate) 292M(23%)->256M(20%) 0.031s
[2026-04-03T02:26:40.920+0600][67.565s][info][gc          ] GC(100) Minor Collection (Allocation Rate)
[2026-04-03T02:26:40.921+0600][67.565s][info][gc,task     ] GC(100) Using 2 Workers for Young Generation
[2026-04-03T02:26:40.921+0600][67.565s][info][gc,phases   ] GC(100) y: Young Generation
[2026-04-03T02:26:40.921+0600][67.565s][info][gc,phases   ] GC(100) y: Pause Mark Start 0.025ms
[2026-04-03T02:26:40.939+0600][67.583s][info][gc,phases   ] GC(100) y: Concurrent Mark 17.785ms
[2026-04-03T02:26:40.939+0600][67.584s][info][gc,phases   ] GC(100) y: Pause Mark End 0.033ms
[2026-04-03T02:26:40.939+0600][67.584s][info][gc,phases   ] GC(100) y: Concurrent Mark Free 0.002ms
[2026-04-03T02:26:40.939+0600][67.584s][info][gc,phases   ] GC(100) y: Concurrent Reset Relocation Set 0.005ms
[2026-04-03T02:26:40.944+0600][67.588s][info][gc,reloc    ] GC(100) y: Using tenuring threshold: 3 (Computed)
[2026-04-03T02:26:40.944+0600][67.589s][info][gc,phases   ] GC(100) y: Concurrent Select Relocation Set 4.883ms
[2026-04-03T02:26:40.944+0600][67.589s][info][gc,phases   ] GC(100) y: Pause Relocate Start 0.013ms
[2026-04-03T02:26:40.946+0600][67.591s][info][gc,phases   ] GC(100) y: Concurrent Relocate 1.651ms
[2026-04-03T02:26:40.946+0600][67.591s][info][gc,alloc    ] GC(100) y:                         Mark Start        Mark End      Relocate Start    Relocate End   
[2026-04-03T02:26:40.946+0600][67.591s][info][gc,alloc    ] GC(100) y: Allocation Stalls:          0                0                0                0         
[2026-04-03T02:26:40.946+0600][67.591s][info][gc,load     ] GC(100) y: Load: 6.43 (54%) / 6.12 (51%) / 5.93 (49%)
[2026-04-03T02:26:40.946+0600][67.591s][info][gc,mmu      ] GC(100) y: MMU: 2ms/95.2%, 5ms/97.6%, 10ms/98.8%, 20ms/99.4%, 50ms/99.6%, 100ms/99.8%
[2026-04-03T02:26:40.946+0600][67.591s][info][gc,marking  ] GC(100) y: Mark: 2 stripe(s), 2 proactive flush(es), 1 terminate flush(es), 0 completion(s), 0 continuation(s) 
[2026-04-03T02:26:40.946+0600][67.591s][info][gc,marking  ] GC(100) y: Mark Stack Usage: 32M
[2026-04-03T02:26:40.946+0600][67.591s][info][gc,nmethod  ] GC(100) y: NMethods: 15138 registered, 2240 unregistered
[2026-04-03T02:26:40.946+0600][67.591s][info][gc,metaspace] GC(100) y: Metaspace: 128M used, 130M committed, 1152M reserved
[2026-04-03T02:26:40.946+0600][67.591s][info][gc,reloc    ] GC(100) y:                        Candidates     Selected     In-Place         Size        Empty    Relocated 
[2026-04-03T02:26:40.946+0600][67.591s][info][gc,reloc    ] GC(100) y: Small Pages:                   32           27            0          64M           6M           1M 
[2026-04-03T02:26:40.946+0600][67.591s][info][gc,reloc    ] GC(100) y: Medium Pages:                   0            0            0           0M           0M           0M 
[2026-04-03T02:26:40.946+0600][67.591s][info][gc,reloc    ] GC(100) y: Large Pages:                    1            0            0           6M           6M           0M 
[2026-04-03T02:26:40.946+0600][67.591s][info][gc,reloc    ] GC(100) y: Forwarding Usage: 0M
[2026-04-03T02:26:40.946+0600][67.591s][info][gc,reloc    ] GC(100) y: Age Table:
[2026-04-03T02:26:40.946+0600][67.591s][info][gc,reloc    ] GC(100) y:                    Live             Garbage             Small              Medium             Large        
[2026-04-03T02:26:40.946+0600][67.591s][info][gc,reloc    ] GC(100) y: Eden               0M (0%)           45M (4%)          23 / 21             0 / 0              0 / 0        
[2026-04-03T02:26:40.946+0600][67.591s][info][gc,reloc    ] GC(100) y: Survivor 1         0M (0%)            9M (1%)           2 / 2              0 / 0              1 / 0        
[2026-04-03T02:26:40.946+0600][67.591s][info][gc,reloc    ] GC(100) y: Survivor 2         0M (0%)            5M (0%)           3 / 2              0 / 0              0 / 0        
[2026-04-03T02:26:40.946+0600][67.591s][info][gc,reloc    ] GC(100) y: Survivor 3         0M (0%)            3M (0%)           2 / 2              0 / 0              0 / 0        
[2026-04-03T02:26:40.946+0600][67.591s][info][gc,reloc    ] GC(100) y: Survivor 4         0M (0%)            3M (0%)           2 / 0              0 / 0              0 / 0        
[2026-04-03T02:26:40.946+0600][67.591s][info][gc,heap     ] GC(100) y: Min Capacity: 8M(1%)
[2026-04-03T02:26:40.946+0600][67.591s][info][gc,heap     ] GC(100) y: Max Capacity: 1250M(100%)
[2026-04-03T02:26:40.946+0600][67.591s][info][gc,heap     ] GC(100) y: Soft Max Capacity: 1250M(100%)
[2026-04-03T02:26:40.946+0600][67.591s][info][gc,heap     ] GC(100) y: Heap Statistics:
[2026-04-03T02:26:40.946+0600][67.591s][info][gc,heap     ] GC(100) y:                Mark Start          Mark End        Relocate Start      Relocate End           High               Low         
[2026-04-03T02:26:40.946+0600][67.591s][info][gc,heap     ] GC(100) y:  Capacity:     1250M (100%)       1250M (100%)       1250M (100%)       1250M (100%)       1250M (100%)       1250M (100%)   
[2026-04-03T02:26:40.946+0600][67.591s][info][gc,heap     ] GC(100) y:      Free:      966M (77%)         958M (77%)         968M (77%)        1012M (81%)        1012M (81%)         956M (76%)    
[2026-04-03T02:26:40.946+0600][67.591s][info][gc,heap     ] GC(100) y:      Used:      284M (23%)         292M (23%)         282M (23%)         238M (19%)         294M (24%)         238M (19%)    
[2026-04-03T02:26:40.947+0600][67.591s][info][gc,heap     ] GC(100) y: Young Generation Statistics:
[2026-04-03T02:26:40.947+0600][67.591s][info][gc,heap     ] GC(100) y:                Mark Start          Mark End        Relocate Start      Relocate End    
[2026-04-03T02:26:40.947+0600][67.591s][info][gc,heap     ] GC(100) y:      Used:       70M (6%)           78M (6%)           68M (5%)           20M (2%)     
[2026-04-03T02:26:40.947+0600][67.591s][info][gc,heap     ] GC(100) y:      Live:         -                 2M (0%)            2M (0%)            1M (0%)     
[2026-04-03T02:26:40.947+0600][67.591s][info][gc,heap     ] GC(100) y:   Garbage:         -                67M (5%)           55M (4%)            0M (0%)     
[2026-04-03T02:26:40.947+0600][67.591s][info][gc,heap     ] GC(100) y: Allocated:         -                 8M (1%)           10M (1%)           18M (2%)     
[2026-04-03T02:26:40.947+0600][67.591s][info][gc,heap     ] GC(100) y: Reclaimed:         -                  -                12M (1%)           67M (5%)     
[2026-04-03T02:26:40.947+0600][67.591s][info][gc,heap     ] GC(100) y:  Promoted:         -                  -                 0M (0%)            1M (0%)     
[2026-04-03T02:26:40.947+0600][67.591s][info][gc,heap     ] GC(100) y: Compacted:         -                  -                  -                 1M (0%)     
[2026-04-03T02:26:40.947+0600][67.591s][info][gc,phases   ] GC(100) y: Young Generation 282M(23%)->238M(19%) 0.026s
[2026-04-03T02:26:40.947+0600][67.591s][info][gc          ] GC(100) Minor Collection (Allocation Rate) 282M(23%)->238M(19%) 0.026s
[2026-04-03T02:26:41.020+0600][67.665s][info][gc,phases   ] GC(97) O: Concurrent Mark 344.446ms
[2026-04-03T02:26:41.020+0600][67.665s][info][gc,phases   ] GC(97) O: Pause Mark End 0.021ms
[2026-04-03T02:26:41.020+0600][67.665s][info][gc,phases   ] GC(97) O: Concurrent Mark Free 0.001ms
[2026-04-03T02:26:41.062+0600][67.707s][info][gc,phases   ] GC(97) O: Concurrent Process Non-Strong 41.929ms
[2026-04-03T02:26:41.062+0600][67.707s][info][gc,phases   ] GC(97) O: Concurrent Reset Relocation Set 0.007ms
[2026-04-03T02:26:41.065+0600][67.710s][info][gc,phases   ] GC(97) O: Concurrent Select Relocation Set 2.874ms
[2026-04-03T02:26:41.065+0600][67.710s][info][gc,task     ] GC(97) O: Using 3 Workers for Old Generation
[2026-04-03T02:26:41.094+0600][67.739s][info][gc,task     ] GC(97) O: Using 1 Workers for Old Generation
[2026-04-03T02:26:41.094+0600][67.739s][info][gc,phases   ] GC(97) O: Concurrent Remap Roots 28.731ms
[2026-04-03T02:26:41.094+0600][67.739s][info][gc,phases   ] GC(97) O: Pause Relocate Start 0.025ms
[2026-04-03T02:26:41.141+0600][67.786s][info][gc,phases   ] GC(97) O: Concurrent Relocate 46.234ms
[2026-04-03T02:26:41.141+0600][67.786s][info][gc,alloc    ] GC(97) O:                         Mark Start        Mark End      Relocate Start    Relocate End   
[2026-04-03T02:26:41.141+0600][67.786s][info][gc,alloc    ] GC(97) O: Allocation Stalls:          0                0                0                0         
[2026-04-03T02:26:41.141+0600][67.786s][info][gc,load     ] GC(97) O: Load: 6.43 (54%) / 6.12 (51%) / 5.93 (49%)
[2026-04-03T02:26:41.141+0600][67.786s][info][gc,mmu      ] GC(97) O: MMU: 2ms/95.2%, 5ms/97.6%, 10ms/98.8%, 20ms/99.4%, 50ms/99.6%, 100ms/99.8%
[2026-04-03T02:26:41.141+0600][67.786s][info][gc,marking  ] GC(97) O: Mark: 1 stripe(s), 2 proactive flush(es), 1 terminate flush(es), 0 completion(s), 0 continuation(s) 
[2026-04-03T02:26:41.141+0600][67.786s][info][gc,marking  ] GC(97) O: Mark Stack Usage: 32M
[2026-04-03T02:26:41.141+0600][67.786s][info][gc,nmethod  ] GC(97) O: NMethods: 14416 registered, 2967 unregistered
[2026-04-03T02:26:41.141+0600][67.786s][info][gc,metaspace] GC(97) O: Metaspace: 128M used, 130M committed, 1152M reserved
[2026-04-03T02:26:41.141+0600][67.786s][info][gc,ref      ] GC(97) O:                       Encountered   Discovered     Enqueued 
[2026-04-03T02:26:41.141+0600][67.786s][info][gc,ref      ] GC(97) O: Soft References:             6401            0            0 
[2026-04-03T02:26:41.141+0600][67.786s][info][gc,ref      ] GC(97) O: Weak References:            30037        23559        13627 
[2026-04-03T02:26:41.141+0600][67.786s][info][gc,ref      ] GC(97) O: Final References:              84            0            0 
[2026-04-03T02:26:41.141+0600][67.786s][info][gc,ref      ] GC(97) O: Phantom References:           620          237            0 
[2026-04-03T02:26:41.141+0600][67.786s][info][gc,reloc    ] GC(97) O:                        Candidates     Selected     In-Place         Size        Empty    Relocated 
[2026-04-03T02:26:41.141+0600][67.786s][info][gc,reloc    ] GC(97) O: Small Pages:                   91           25            0         182M           0M          10M 
[2026-04-03T02:26:41.141+0600][67.786s][info][gc,reloc    ] GC(97) O: Medium Pages:                   1            0            0          32M           0M           0M 
[2026-04-03T02:26:41.141+0600][67.786s][info][gc,reloc    ] GC(97) O: Large Pages:                    0            0            0           0M           0M           0M 
[2026-04-03T02:26:41.141+0600][67.786s][info][gc,reloc    ] GC(97) O: Forwarding Usage: 7M
[2026-04-03T02:26:41.141+0600][67.786s][info][gc,heap     ] GC(97) O: Min Capacity: 8M(1%)
[2026-04-03T02:26:41.141+0600][67.786s][info][gc,heap     ] GC(97) O: Max Capacity: 1250M(100%)
[2026-04-03T02:26:41.141+0600][67.786s][info][gc,heap     ] GC(97) O: Soft Max Capacity: 1250M(100%)
[2026-04-03T02:26:41.141+0600][67.786s][info][gc,heap     ] GC(97) O: Heap Statistics:
[2026-04-03T02:26:41.141+0600][67.786s][info][gc,heap     ] GC(97) O:                Mark Start          Mark End        Relocate Start      Relocate End           High               Low         
[2026-04-03T02:26:41.141+0600][67.786s][info][gc,heap     ] GC(97) O:  Capacity:     1250M (100%)       1250M (100%)       1250M (100%)       1250M (100%)       1250M (100%)       1250M (100%)   
[2026-04-03T02:26:41.141+0600][67.786s][info][gc,heap     ] GC(97) O:      Free:      526M (42%)         968M (77%)         878M (70%)         890M (71%)        1012M (81%)         486M (39%)    
[2026-04-03T02:26:41.141+0600][67.786s][info][gc,heap     ] GC(97) O:      Used:      724M (58%)         282M (23%)         372M (30%)         360M (29%)         764M (61%)         238M (19%)    
[2026-04-03T02:26:41.141+0600][67.786s][info][gc,heap     ] GC(97) O: Old Generation Statistics:
[2026-04-03T02:26:41.141+0600][67.786s][info][gc,heap     ] GC(97) O:                Mark Start          Mark End        Relocate Start      Relocate End    
[2026-04-03T02:26:41.141+0600][67.786s][info][gc,heap     ] GC(97) O:      Used:      214M (17%)         218M (17%)         218M (17%)         186M (15%)    
[2026-04-03T02:26:41.141+0600][67.786s][info][gc,heap     ] GC(97) O:      Live:         -               130M (10%)         130M (10%)         130M (10%)    
[2026-04-03T02:26:41.141+0600][67.786s][info][gc,heap     ] GC(97) O:   Garbage:         -                83M (7%)           83M (7%)           29M (2%)     
[2026-04-03T02:26:41.141+0600][67.786s][info][gc,heap     ] GC(97) O: Allocated:         -                 4M (0%)            4M (0%)           26M (2%)     
[2026-04-03T02:26:41.141+0600][67.786s][info][gc,heap     ] GC(97) O: Reclaimed:         -                  -                 0M (0%)           54M (4%)     
[2026-04-03T02:26:41.141+0600][67.786s][info][gc,heap     ] GC(97) O: Compacted:         -                  -                  -                31M (3%)     
[2026-04-03T02:26:41.141+0600][67.786s][info][gc,phases   ] GC(97) O: Old Generation 278M(22%)->360M(29%) 0.465s
[2026-04-03T02:26:41.141+0600][67.786s][info][gc          ] GC(97) Major Collection (Allocation Rate) 724M(58%)->360M(29%) 0.485s
[2026-04-03T02:26:41.452+0600][68.097s][info][gc          ] GC(101) Minor Collection (Allocation Rate)
[2026-04-03T02:26:41.452+0600][68.097s][info][gc,task     ] GC(101) Using 2 Workers for Young Generation
[2026-04-03T02:26:41.453+0600][68.097s][info][gc,phases   ] GC(101) y: Young Generation
[2026-04-03T02:26:41.453+0600][68.097s][info][gc,phases   ] GC(101) y: Pause Mark Start 0.023ms
[2026-04-03T02:26:41.476+0600][68.121s][info][gc,phases   ] GC(101) y: Concurrent Mark 23.208ms
[2026-04-03T02:26:41.476+0600][68.121s][info][gc,phases   ] GC(101) y: Pause Mark End 0.028ms
[2026-04-03T02:26:41.476+0600][68.121s][info][gc,phases   ] GC(101) y: Concurrent Mark Free 0.002ms
[2026-04-03T02:26:41.477+0600][68.121s][info][gc,phases   ] GC(101) y: Concurrent Reset Relocation Set 0.009ms
[2026-04-03T02:26:41.479+0600][68.123s][info][gc,reloc    ] GC(101) y: Using tenuring threshold: 1 (Computed)
[2026-04-03T02:26:41.480+0600][68.124s][info][gc,phases   ] GC(101) y: Concurrent Select Relocation Set 3.134ms
[2026-04-03T02:26:41.480+0600][68.125s][info][gc,phases   ] GC(101) y: Pause Relocate Start 0.017ms
[2026-04-03T02:26:41.483+0600][68.128s][info][gc,phases   ] GC(101) y: Concurrent Relocate 3.234ms
[2026-04-03T02:26:41.483+0600][68.128s][info][gc,alloc    ] GC(101) y:                         Mark Start        Mark End      Relocate Start    Relocate End   
[2026-04-03T02:26:41.483+0600][68.128s][info][gc,alloc    ] GC(101) y: Allocation Stalls:          0                0                0                0         
[2026-04-03T02:26:41.483+0600][68.128s][info][gc,load     ] GC(101) y: Load: 6.43 (54%) / 6.12 (51%) / 5.93 (49%)
[2026-04-03T02:26:41.483+0600][68.128s][info][gc,mmu      ] GC(101) y: MMU: 2ms/95.2%, 5ms/97.6%, 10ms/98.8%, 20ms/99.4%, 50ms/99.6%, 100ms/99.8%
[2026-04-03T02:26:41.484+0600][68.128s][info][gc,marking  ] GC(101) y: Mark: 2 stripe(s), 2 proactive flush(es), 1 terminate flush(es), 0 completion(s), 0 continuation(s) 
[2026-04-03T02:26:41.484+0600][68.128s][info][gc,marking  ] GC(101) y: Mark Stack Usage: 32M
[2026-04-03T02:26:41.484+0600][68.128s][info][gc,nmethod  ] GC(101) y: NMethods: 14468 registered, 2967 unregistered
[2026-04-03T02:26:41.484+0600][68.128s][info][gc,metaspace] GC(101) y: Metaspace: 128M used, 130M committed, 1152M reserved
[2026-04-03T02:26:41.484+0600][68.128s][info][gc,reloc    ] GC(101) y:                        Candidates     Selected     In-Place         Size        Empty    Relocated 
[2026-04-03T02:26:41.484+0600][68.128s][info][gc,reloc    ] GC(101) y: Small Pages:                  172          146            0         344M          48M           1M 
[2026-04-03T02:26:41.484+0600][68.128s][info][gc,reloc    ] GC(101) y: Medium Pages:                   2            0            0          64M          64M           0M 
[2026-04-03T02:26:41.484+0600][68.128s][info][gc,reloc    ] GC(101) y: Large Pages:                    4            0            0          24M          24M           0M 
[2026-04-03T02:26:41.484+0600][68.128s][info][gc,reloc    ] GC(101) y: Forwarding Usage: 0M
[2026-04-03T02:26:41.484+0600][68.128s][info][gc,reloc    ] GC(101) y: Age Table:
[2026-04-03T02:26:41.484+0600][68.128s][info][gc,reloc    ] GC(101) y:                    Live             Garbage             Small              Medium             Large        
[2026-04-03T02:26:41.484+0600][68.128s][info][gc,reloc    ] GC(101) y: Eden               1M (0%)          420M (34%)        167 / 142            2 / 0              4 / 0        
[2026-04-03T02:26:41.484+0600][68.128s][info][gc,reloc    ] GC(101) y: Survivor 1         0M (0%)            3M (0%)           2 / 2              0 / 0              0 / 0        
[2026-04-03T02:26:41.484+0600][68.128s][info][gc,reloc    ] GC(101) y: Survivor 2         0M (0%)            1M (0%)           1 / 1              0 / 0              0 / 0        
[2026-04-03T02:26:41.484+0600][68.128s][info][gc,reloc    ] GC(101) y: Survivor 3         0M (0%)            3M (0%)           2 / 1              0 / 0              0 / 0        
[2026-04-03T02:26:41.484+0600][68.128s][info][gc,heap     ] GC(101) y: Min Capacity: 8M(1%)
[2026-04-03T02:26:41.484+0600][68.128s][info][gc,heap     ] GC(101) y: Max Capacity: 1250M(100%)
[2026-04-03T02:26:41.484+0600][68.128s][info][gc,heap     ] GC(101) y: Soft Max Capacity: 1250M(100%)
[2026-04-03T02:26:41.484+0600][68.128s][info][gc,heap     ] GC(101) y: Heap Statistics:
[2026-04-03T02:26:41.484+0600][68.128s][info][gc,heap     ] GC(101) y:                Mark Start          Mark End        Relocate Start      Relocate End           High               Low         
[2026-04-03T02:26:41.484+0600][68.128s][info][gc,heap     ] GC(101) y:  Capacity:     1250M (100%)       1250M (100%)       1250M (100%)       1250M (100%)       1250M (100%)       1250M (100%)   
[2026-04-03T02:26:41.484+0600][68.128s][info][gc,heap     ] GC(101) y:      Free:      632M (51%)         596M (48%)         732M (59%)        1018M (81%)        1018M (81%)         596M (48%)    
[2026-04-03T02:26:41.484+0600][68.129s][info][gc,heap     ] GC(101) y:      Used:      618M (49%)         654M (52%)         518M (41%)         232M (19%)         654M (52%)         232M (19%)    
[2026-04-03T02:26:41.484+0600][68.129s][info][gc,heap     ] GC(101) y: Young Generation Statistics:
[2026-04-03T02:26:41.484+0600][68.129s][info][gc,heap     ] GC(101) y:                Mark Start          Mark End        Relocate Start      Relocate End    
[2026-04-03T02:26:41.484+0600][68.129s][info][gc,heap     ] GC(101) y:      Used:      432M (35%)         468M (37%)         330M (26%)          40M (3%)     
[2026-04-03T02:26:41.484+0600][68.129s][info][gc,heap     ] GC(101) y:      Live:         -                 2M (0%)            1M (0%)            1M (0%)     
[2026-04-03T02:26:41.484+0600][68.129s][info][gc,heap     ] GC(101) y:   Garbage:         -               429M (34%)         292M (23%)           0M (0%)     
[2026-04-03T02:26:41.484+0600][68.129s][info][gc,heap     ] GC(101) y: Allocated:         -                36M (3%)           36M (3%)           38M (3%)     
[2026-04-03T02:26:41.484+0600][68.129s][info][gc,heap     ] GC(101) y: Reclaimed:         -                  -               137M (11%)         429M (34%)    
[2026-04-03T02:26:41.484+0600][68.129s][info][gc,heap     ] GC(101) y:  Promoted:         -                  -                 0M (0%)            0M (0%)     
[2026-04-03T02:26:41.484+0600][68.129s][info][gc,heap     ] GC(101) y: Compacted:         -                  -                  -                 1M (0%)     
[2026-04-03T02:26:41.484+0600][68.129s][info][gc,phases   ] GC(101) y: Young Generation 618M(49%)->232M(19%) 0.031s
[2026-04-03T02:26:41.484+0600][68.129s][info][gc          ] GC(101) Minor Collection (Allocation Rate) 618M(49%)->232M(19%) 0.032s
[2026-04-03T02:26:41.785+0600][68.429s][info][gc          ] GC(102) Minor Collection (Allocation Rate)
[2026-04-03T02:26:41.785+0600][68.430s][info][gc,task     ] GC(102) Using 2 Workers for Young Generation
[2026-04-03T02:26:41.785+0600][68.430s][info][gc,phases   ] GC(102) y: Young Generation
[2026-04-03T02:26:41.785+0600][68.430s][info][gc,phases   ] GC(102) y: Pause Mark Start 0.017ms
[2026-04-03T02:26:41.805+0600][68.449s][info][gc,phases   ] GC(102) y: Concurrent Mark 19.363ms
[2026-04-03T02:26:41.805+0600][68.450s][info][gc,phases   ] GC(102) y: Pause Mark End 0.029ms
[2026-04-03T02:26:41.805+0600][68.450s][info][gc,phases   ] GC(102) y: Concurrent Mark Free 0.002ms
[2026-04-03T02:26:41.805+0600][68.450s][info][gc,phases   ] GC(102) y: Concurrent Reset Relocation Set 0.025ms
[2026-04-03T02:26:41.807+0600][68.452s][info][gc,reloc    ] GC(102) y: Using tenuring threshold: 2 (Computed)
[2026-04-03T02:26:41.808+0600][68.452s][info][gc,phases   ] GC(102) y: Concurrent Select Relocation Set 2.611ms
[2026-04-03T02:26:41.808+0600][68.453s][info][gc,phases   ] GC(102) y: Pause Relocate Start 0.041ms
[2026-04-03T02:26:41.810+0600][68.454s][info][gc,phases   ] GC(102) y: Concurrent Relocate 1.858ms
[2026-04-03T02:26:41.810+0600][68.454s][info][gc,alloc    ] GC(102) y:                         Mark Start        Mark End      Relocate Start    Relocate End   
[2026-04-03T02:26:41.810+0600][68.454s][info][gc,alloc    ] GC(102) y: Allocation Stalls:          0                0                0                0         
[2026-04-03T02:26:41.810+0600][68.455s][info][gc,load     ] GC(102) y: Load: 6.43 (54%) / 6.12 (51%) / 5.93 (49%)
[2026-04-03T02:26:41.810+0600][68.455s][info][gc,mmu      ] GC(102) y: MMU: 2ms/95.2%, 5ms/97.6%, 10ms/98.8%, 20ms/99.4%, 50ms/99.6%, 100ms/99.8%
[2026-04-03T02:26:41.810+0600][68.455s][info][gc,marking  ] GC(102) y: Mark: 2 stripe(s), 2 proactive flush(es), 1 terminate flush(es), 0 completion(s), 0 continuation(s) 
[2026-04-03T02:26:41.810+0600][68.455s][info][gc,marking  ] GC(102) y: Mark Stack Usage: 32M
[2026-04-03T02:26:41.810+0600][68.455s][info][gc,nmethod  ] GC(102) y: NMethods: 14485 registered, 2967 unregistered
[2026-04-03T02:26:41.810+0600][68.455s][info][gc,metaspace] GC(102) y: Metaspace: 128M used, 130M committed, 1152M reserved
[2026-04-03T02:26:41.810+0600][68.455s][info][gc,reloc    ] GC(102) y:                        Candidates     Selected     In-Place         Size        Empty    Relocated 
[2026-04-03T02:26:41.810+0600][68.455s][info][gc,reloc    ] GC(102) y: Small Pages:                   92           59            0         184M          64M           1M 
[2026-04-03T02:26:41.810+0600][68.455s][info][gc,reloc    ] GC(102) y: Medium Pages:                   2            0            0          64M          64M           0M 
[2026-04-03T02:26:41.810+0600][68.455s][info][gc,reloc    ] GC(102) y: Large Pages:                    6            0            0          36M          30M           0M 
[2026-04-03T02:26:41.810+0600][68.455s][info][gc,reloc    ] GC(102) y: Forwarding Usage: 0M
[2026-04-03T02:26:41.810+0600][68.455s][info][gc,reloc    ] GC(102) y: Age Table:
[2026-04-03T02:26:41.810+0600][68.455s][info][gc,reloc    ] GC(102) y:                    Live             Garbage             Small              Medium             Large        
[2026-04-03T02:26:41.810+0600][68.455s][info][gc,reloc    ] GC(102) y: Eden               6M (1%)          273M (22%)         90 / 57             2 / 0              6 / 0        
[2026-04-03T02:26:41.810+0600][68.455s][info][gc,reloc    ] GC(102) y: Survivor 1         0M (0%)            3M (0%)           2 / 2              0 / 0              0 / 0        
[2026-04-03T02:26:41.810+0600][68.455s][info][gc,heap     ] GC(102) y: Min Capacity: 8M(1%)
[2026-04-03T02:26:41.810+0600][68.455s][info][gc,heap     ] GC(102) y: Max Capacity: 1250M(100%)
[2026-04-03T02:26:41.810+0600][68.455s][info][gc,heap     ] GC(102) y: Soft Max Capacity: 1250M(100%)
[2026-04-03T02:26:41.810+0600][68.455s][info][gc,heap     ] GC(102) y: Heap Statistics:
[2026-04-03T02:26:41.810+0600][68.455s][info][gc,heap     ] GC(102) y:                Mark Start          Mark End        Relocate Start      Relocate End           High               Low         
[2026-04-03T02:26:41.810+0600][68.455s][info][gc,heap     ] GC(102) y:  Capacity:     1250M (100%)       1250M (100%)       1250M (100%)       1250M (100%)       1250M (100%)       1250M (100%)   
[2026-04-03T02:26:41.810+0600][68.455s][info][gc,heap     ] GC(102) y:      Free:      774M (62%)         728M (58%)         886M (71%)         998M (80%)         998M (80%)         728M (58%)    
[2026-04-03T02:26:41.810+0600][68.455s][info][gc,heap     ] GC(102) y:      Used:      476M (38%)         522M (42%)         364M (29%)         252M (20%)         522M (42%)         252M (20%)    
[2026-04-03T02:26:41.810+0600][68.455s][info][gc,heap     ] GC(102) y: Young Generation Statistics:
[2026-04-03T02:26:41.810+0600][68.455s][info][gc,heap     ] GC(102) y:                Mark Start          Mark End        Relocate Start      Relocate End    
[2026-04-03T02:26:41.810+0600][68.455s][info][gc,heap     ] GC(102) y:      Used:      284M (23%)         330M (26%)         172M (14%)          60M (5%)     
[2026-04-03T02:26:41.810+0600][68.455s][info][gc,heap     ] GC(102) y:      Live:         -                 7M (1%)            7M (1%)            7M (1%)     
[2026-04-03T02:26:41.810+0600][68.455s][info][gc,heap     ] GC(102) y:   Garbage:         -               276M (22%)         118M (9%)            0M (0%)     
[2026-04-03T02:26:41.810+0600][68.455s][info][gc,heap     ] GC(102) y: Allocated:         -                46M (4%)           46M (4%)           52M (4%)     
[2026-04-03T02:26:41.810+0600][68.455s][info][gc,heap     ] GC(102) y: Reclaimed:         -                  -               158M (13%)         276M (22%)    
[2026-04-03T02:26:41.810+0600][68.455s][info][gc,heap     ] GC(102) y:  Promoted:         -                  -                 0M (0%)            0M (0%)     
[2026-04-03T02:26:41.810+0600][68.455s][info][gc,heap     ] GC(102) y: Compacted:         -                  -                  -                 1M (0%)     
[2026-04-03T02:26:41.810+0600][68.455s][info][gc,phases   ] GC(102) y: Young Generation 476M(38%)->252M(20%) 0.025s
[2026-04-03T02:26:41.810+0600][68.455s][info][gc          ] GC(102) Minor Collection (Allocation Rate) 476M(38%)->252M(20%) 0.025s
[2026-04-03T02:26:42.293+0600][68.937s][info][gc          ] GC(103) Minor Collection (Allocation Rate)
[2026-04-03T02:26:42.293+0600][68.937s][info][gc,task     ] GC(103) Using 1 Workers for Young Generation
[2026-04-03T02:26:42.293+0600][68.937s][info][gc,phases   ] GC(103) y: Young Generation
[2026-04-03T02:26:42.293+0600][68.938s][info][gc,phases   ] GC(103) y: Pause Mark Start 0.031ms
[2026-04-03T02:26:42.334+0600][68.979s][info][gc,phases   ] GC(103) y: Concurrent Mark 41.122ms
[2026-04-03T02:26:42.335+0600][68.979s][info][gc,phases   ] GC(103) y: Pause Mark End 0.029ms
[2026-04-03T02:26:42.335+0600][68.979s][info][gc,phases   ] GC(103) y: Concurrent Mark Free 0.003ms
[2026-04-03T02:26:42.335+0600][68.979s][info][gc,phases   ] GC(103) y: Concurrent Reset Relocation Set 0.008ms
[2026-04-03T02:26:42.341+0600][68.986s][info][gc,reloc    ] GC(103) y: Using tenuring threshold: 3 (Computed)
[2026-04-03T02:26:42.342+0600][68.987s][info][gc,phases   ] GC(103) y: Concurrent Select Relocation Set 7.185ms
[2026-04-03T02:26:42.342+0600][68.987s][info][gc,phases   ] GC(103) y: Pause Relocate Start 0.019ms
[2026-04-03T02:26:42.349+0600][68.993s][info][gc,phases   ] GC(103) y: Concurrent Relocate 6.297ms
[2026-04-03T02:26:42.349+0600][68.993s][info][gc,alloc    ] GC(103) y:                         Mark Start        Mark End      Relocate Start    Relocate End   
[2026-04-03T02:26:42.349+0600][68.993s][info][gc,alloc    ] GC(103) y: Allocation Stalls:          0                0                0                0         
[2026-04-03T02:26:42.349+0600][68.994s][info][gc,load     ] GC(103) y: Load: 6.43 (54%) / 6.12 (51%) / 5.93 (49%)
[2026-04-03T02:26:42.349+0600][68.994s][info][gc,mmu      ] GC(103) y: MMU: 2ms/95.2%, 5ms/97.6%, 10ms/98.8%, 20ms/99.4%, 50ms/99.6%, 100ms/99.8%
[2026-04-03T02:26:42.349+0600][68.994s][info][gc,marking  ] GC(103) y: Mark: 1 stripe(s), 2 proactive flush(es), 1 terminate flush(es), 0 completion(s), 0 continuation(s) 
[2026-04-03T02:26:42.349+0600][68.994s][info][gc,marking  ] GC(103) y: Mark Stack Usage: 32M
[2026-04-03T02:26:42.349+0600][68.994s][info][gc,nmethod  ] GC(103) y: NMethods: 14490 registered, 2967 unregistered
[2026-04-03T02:26:42.349+0600][68.994s][info][gc,metaspace] GC(103) y: Metaspace: 128M used, 130M committed, 1152M reserved
[2026-04-03T02:26:42.349+0600][68.994s][info][gc,reloc    ] GC(103) y:                        Candidates     Selected     In-Place         Size        Empty    Relocated 
[2026-04-03T02:26:42.349+0600][68.994s][info][gc,reloc    ] GC(103) y: Small Pages:                  147           75            0         294M         138M           3M 
[2026-04-03T02:26:42.349+0600][68.994s][info][gc,reloc    ] GC(103) y: Medium Pages:                   2            0            0          64M          64M           0M 
[2026-04-03T02:26:42.349+0600][68.994s][info][gc,reloc    ] GC(103) y: Large Pages:                    8            0            0          48M          48M           0M 
[2026-04-03T02:26:42.349+0600][68.994s][info][gc,reloc    ] GC(103) y: Forwarding Usage: 0M
[2026-04-03T02:26:42.349+0600][68.994s][info][gc,reloc    ] GC(103) y: Age Table:
[2026-04-03T02:26:42.349+0600][68.994s][info][gc,reloc    ] GC(103) y:                    Live             Garbage             Small              Medium             Large        
[2026-04-03T02:26:42.349+0600][68.994s][info][gc,reloc    ] GC(103) y: Eden               2M (0%)          389M (31%)        143 / 72             2 / 0              7 / 0        
[2026-04-03T02:26:42.349+0600][68.994s][info][gc,reloc    ] GC(103) y: Survivor 1         0M (0%)            9M (1%)           2 / 2              0 / 0              1 / 0        
[2026-04-03T02:26:42.349+0600][68.994s][info][gc,reloc    ] GC(103) y: Survivor 2         0M (0%)            3M (0%)           2 / 1              0 / 0              0 / 0        
[2026-04-03T02:26:42.349+0600][68.994s][info][gc,heap     ] GC(103) y: Min Capacity: 8M(1%)
[2026-04-03T02:26:42.349+0600][68.994s][info][gc,heap     ] GC(103) y: Max Capacity: 1250M(100%)
[2026-04-03T02:26:42.349+0600][68.994s][info][gc,heap     ] GC(103) y: Soft Max Capacity: 1250M(100%)
[2026-04-03T02:26:42.349+0600][68.994s][info][gc,heap     ] GC(103) y: Heap Statistics:
[2026-04-03T02:26:42.349+0600][68.994s][info][gc,heap     ] GC(103) y:                Mark Start          Mark End        Relocate Start      Relocate End           High               Low         
[2026-04-03T02:26:42.349+0600][68.994s][info][gc,heap     ] GC(103) y:  Capacity:     1250M (100%)       1250M (100%)       1250M (100%)       1250M (100%)       1250M (100%)       1250M (100%)   
[2026-04-03T02:26:42.349+0600][68.994s][info][gc,heap     ] GC(103) y:      Free:      652M (52%)         570M (46%)         806M (64%)         952M (76%)         952M (76%)         570M (46%)    
[2026-04-03T02:26:42.349+0600][68.994s][info][gc,heap     ] GC(103) y:      Used:      598M (48%)         680M (54%)         444M (36%)         298M (24%)         680M (54%)         298M (24%)    
[2026-04-03T02:26:42.349+0600][68.994s][info][gc,heap     ] GC(103) y: Young Generation Statistics:
[2026-04-03T02:26:42.349+0600][68.994s][info][gc,heap     ] GC(103) y:                Mark Start          Mark End        Relocate Start      Relocate End    
[2026-04-03T02:26:42.349+0600][68.994s][info][gc,heap     ] GC(103) y:      Used:      406M (32%)         488M (39%)         252M (20%)         106M (8%)     
[2026-04-03T02:26:42.349+0600][68.994s][info][gc,heap     ] GC(103) y:      Live:         -                 3M (0%)            3M (0%)            3M (0%)     
[2026-04-03T02:26:42.349+0600][68.994s][info][gc,heap     ] GC(103) y:   Garbage:         -               402M (32%)         152M (12%)           1M (0%)     
[2026-04-03T02:26:42.349+0600][68.994s][info][gc,heap     ] GC(103) y: Allocated:         -                82M (7%)           96M (8%)          100M (8%)     
[2026-04-03T02:26:42.349+0600][68.994s][info][gc,heap     ] GC(103) y: Reclaimed:         -                  -               250M (20%)         400M (32%)    
[2026-04-03T02:26:42.349+0600][68.994s][info][gc,heap     ] GC(103) y:  Promoted:         -                  -                 0M (0%)            0M (0%)     
[2026-04-03T02:26:42.349+0600][68.994s][info][gc,heap     ] GC(103) y: Compacted:         -                  -                  -                 3M (0%)     
[2026-04-03T02:26:42.349+0600][68.994s][info][gc,phases   ] GC(103) y: Young Generation 598M(48%)->298M(24%) 0.056s
[2026-04-03T02:26:42.349+0600][68.994s][info][gc          ] GC(103) Minor Collection (Allocation Rate) 598M(48%)->298M(24%) 0.057s
[2026-04-03T02:26:43.421+0600][70.065s][info][gc          ] GC(104) Minor Collection (Allocation Rate)
[2026-04-03T02:26:43.421+0600][70.065s][info][gc,task     ] GC(104) Using 1 Workers for Young Generation
[2026-04-03T02:26:43.421+0600][70.065s][info][gc,phases   ] GC(104) y: Young Generation
[2026-04-03T02:26:43.421+0600][70.066s][info][gc,phases   ] GC(104) y: Pause Mark Start 0.019ms
[2026-04-03T02:26:43.470+0600][70.115s][info][gc,phases   ] GC(104) y: Concurrent Mark 48.911ms
[2026-04-03T02:26:43.470+0600][70.115s][info][gc,phases   ] GC(104) y: Pause Mark End 0.029ms
[2026-04-03T02:26:43.470+0600][70.115s][info][gc,phases   ] GC(104) y: Concurrent Mark Free 0.002ms
[2026-04-03T02:26:43.470+0600][70.115s][info][gc,phases   ] GC(104) y: Concurrent Reset Relocation Set 0.010ms
[2026-04-03T02:26:43.476+0600][70.121s][info][gc,reloc    ] GC(104) y: Using tenuring threshold: 4 (Computed)
[2026-04-03T02:26:43.477+0600][70.122s][info][gc,phases   ] GC(104) y: Concurrent Select Relocation Set 6.683ms
[2026-04-03T02:26:43.477+0600][70.122s][info][gc,phases   ] GC(104) y: Pause Relocate Start 0.027ms
[2026-04-03T02:26:43.486+0600][70.130s][info][gc,phases   ] GC(104) y: Concurrent Relocate 8.133ms
[2026-04-03T02:26:43.486+0600][70.130s][info][gc,alloc    ] GC(104) y:                         Mark Start        Mark End      Relocate Start    Relocate End   
[2026-04-03T02:26:43.486+0600][70.130s][info][gc,alloc    ] GC(104) y: Allocation Stalls:          0                0                0                0         
[2026-04-03T02:26:43.486+0600][70.130s][info][gc,load     ] GC(104) y: Load: 6.43 (54%) / 6.12 (51%) / 5.93 (49%)
[2026-04-03T02:26:43.486+0600][70.130s][info][gc,mmu      ] GC(104) y: MMU: 2ms/95.2%, 5ms/97.6%, 10ms/98.8%, 20ms/99.4%, 50ms/99.6%, 100ms/99.8%
[2026-04-03T02:26:43.486+0600][70.130s][info][gc,marking  ] GC(104) y: Mark: 1 stripe(s), 2 proactive flush(es), 1 terminate flush(es), 0 completion(s), 0 continuation(s) 
[2026-04-03T02:26:43.486+0600][70.130s][info][gc,marking  ] GC(104) y: Mark Stack Usage: 32M
[2026-04-03T02:26:43.486+0600][70.130s][info][gc,nmethod  ] GC(104) y: NMethods: 14552 registered, 2967 unregistered
[2026-04-03T02:26:43.486+0600][70.130s][info][gc,metaspace] GC(104) y: Metaspace: 128M used, 130M committed, 1152M reserved
[2026-04-03T02:26:43.486+0600][70.130s][info][gc,reloc    ] GC(104) y:                        Candidates     Selected     In-Place         Size        Empty    Relocated 
[2026-04-03T02:26:43.486+0600][70.130s][info][gc,reloc    ] GC(104) y: Small Pages:                  329          227            0         658M         198M           4M 
[2026-04-03T02:26:43.486+0600][70.131s][info][gc,reloc    ] GC(104) y: Medium Pages:                   4            0            0         128M         128M           0M 
[2026-04-03T02:26:43.486+0600][70.131s][info][gc,reloc    ] GC(104) y: Large Pages:                   16            0            0          96M          90M           0M 
[2026-04-03T02:26:43.486+0600][70.131s][info][gc,reloc    ] GC(104) y: Forwarding Usage: 1M
[2026-04-03T02:26:43.486+0600][70.131s][info][gc,reloc    ] GC(104) y: Age Table:
[2026-04-03T02:26:43.486+0600][70.131s][info][gc,reloc    ] GC(104) y:                    Live             Garbage             Small              Medium             Large        
[2026-04-03T02:26:43.486+0600][70.131s][info][gc,reloc    ] GC(104) y: Eden               8M (1%)          863M (69%)        324 / 224            4 / 0             16 / 0        
[2026-04-03T02:26:43.486+0600][70.131s][info][gc,reloc    ] GC(104) y: Survivor 1         0M (0%)            3M (0%)           2 / 1              0 / 0              0 / 0        
[2026-04-03T02:26:43.486+0600][70.131s][info][gc,reloc    ] GC(104) y: Survivor 2         0M (0%)            1M (0%)           1 / 1              0 / 0              0 / 0        
[2026-04-03T02:26:43.486+0600][70.131s][info][gc,reloc    ] GC(104) y: Survivor 3         0M (0%)            3M (0%)           2 / 1              0 / 0              0 / 0        
[2026-04-03T02:26:43.486+0600][70.131s][info][gc,heap     ] GC(104) y: Min Capacity: 8M(1%)
[2026-04-03T02:26:43.486+0600][70.131s][info][gc,heap     ] GC(104) y: Max Capacity: 1250M(100%)
[2026-04-03T02:26:43.486+0600][70.131s][info][gc,heap     ] GC(104) y: Soft Max Capacity: 1250M(100%)
[2026-04-03T02:26:43.486+0600][70.131s][info][gc,heap     ] GC(104) y: Heap Statistics:
[2026-04-03T02:26:43.486+0600][70.131s][info][gc,heap     ] GC(104) y:                Mark Start          Mark End        Relocate Start      Relocate End           High               Low         
[2026-04-03T02:26:43.486+0600][70.131s][info][gc,heap     ] GC(104) y:  Capacity:     1250M (100%)       1250M (100%)       1250M (100%)       1250M (100%)       1250M (100%)       1250M (100%)   
[2026-04-03T02:26:43.486+0600][70.131s][info][gc,heap     ] GC(104) y:      Free:      176M (14%)         144M (12%)         526M (42%)         968M (77%)         970M (78%)         144M (12%)    
[2026-04-03T02:26:43.486+0600][70.131s][info][gc,heap     ] GC(104) y:      Used:     1074M (86%)        1106M (88%)         724M (58%)         282M (23%)        1106M (88%)         280M (22%)    
[2026-04-03T02:26:43.486+0600][70.131s][info][gc,heap     ] GC(104) y: Young Generation Statistics:
[2026-04-03T02:26:43.486+0600][70.131s][info][gc,heap     ] GC(104) y:                Mark Start          Mark End        Relocate Start      Relocate End    
[2026-04-03T02:26:43.486+0600][70.131s][info][gc,heap     ] GC(104) y:      Used:      882M (71%)         914M (73%)         532M (43%)          90M (7%)     
[2026-04-03T02:26:43.486+0600][70.131s][info][gc,heap     ] GC(104) y:      Live:         -                10M (1%)           10M (1%)           10M (1%)     
[2026-04-03T02:26:43.486+0600][70.131s][info][gc,heap     ] GC(104) y:   Garbage:         -               871M (70%)         455M (36%)           0M (0%)     
[2026-04-03T02:26:43.486+0600][70.131s][info][gc,heap     ] GC(104) y: Allocated:         -                32M (3%)           66M (5%)           79M (6%)     
[2026-04-03T02:26:43.486+0600][70.131s][info][gc,heap     ] GC(104) y: Reclaimed:         -                  -               416M (33%)         871M (70%)    
[2026-04-03T02:26:43.486+0600][70.131s][info][gc,heap     ] GC(104) y:  Promoted:         -                  -                 0M (0%)            0M (0%)     
[2026-04-03T02:26:43.486+0600][70.131s][info][gc,heap     ] GC(104) y: Compacted:         -                  -                  -                 4M (0%)     
[2026-04-03T02:26:43.486+0600][70.131s][info][gc,phases   ] GC(104) y: Young Generation 1074M(86%)->282M(23%) 0.065s
[2026-04-03T02:26:43.486+0600][70.131s][info][gc          ] GC(104) Minor Collection (Allocation Rate) 1074M(86%)->282M(23%) 0.066s
[2026-04-03T02:26:44.444+0600][71.089s][info][gc          ] GC(105) Minor Collection (Allocation Rate)
[2026-04-03T02:26:44.444+0600][71.089s][info][gc,task     ] GC(105) Using 1 Workers for Young Generation
[2026-04-03T02:26:44.444+0600][71.089s][info][gc,phases   ] GC(105) y: Young Generation
[2026-04-03T02:26:44.445+0600][71.090s][info][gc,phases   ] GC(105) y: Pause Mark Start 0.024ms
[2026-04-03T02:26:44.501+0600][71.146s][info][gc,task     ] Adjusting Workers for Young Generation: 1 -> 3
[2026-04-03T02:26:44.506+0600][71.151s][info][gc,phases   ] GC(105) y: Concurrent Mark 61.082ms
[2026-04-03T02:26:44.506+0600][71.151s][info][gc,phases   ] GC(105) y: Pause Mark End 0.028ms
[2026-04-03T02:26:44.506+0600][71.151s][info][gc,phases   ] GC(105) y: Concurrent Mark Free 0.002ms
[2026-04-03T02:26:44.506+0600][71.151s][info][gc,phases   ] GC(105) y: Concurrent Reset Relocation Set 0.028ms
[2026-04-03T02:26:44.509+0600][71.153s][info][gc,reloc    ] GC(105) y: Using tenuring threshold: 5 (Computed)
[2026-04-03T02:26:44.509+0600][71.154s][info][gc,phases   ] GC(105) y: Concurrent Select Relocation Set 2.974ms
[2026-04-03T02:26:44.510+0600][71.154s][info][gc,phases   ] GC(105) y: Pause Relocate Start 0.017ms
[2026-04-03T02:26:44.517+0600][71.161s][info][gc,phases   ] GC(105) y: Concurrent Relocate 6.846ms
[2026-04-03T02:26:44.517+0600][71.162s][info][gc,alloc    ] GC(105) y:                         Mark Start        Mark End      Relocate Start    Relocate End   
[2026-04-03T02:26:44.517+0600][71.162s][info][gc,alloc    ] GC(105) y: Allocation Stalls:          0                0                0                0         
[2026-04-03T02:26:44.517+0600][71.162s][info][gc,load     ] GC(105) y: Load: 6.43 (54%) / 6.12 (51%) / 5.93 (49%)
[2026-04-03T02:26:44.517+0600][71.162s][info][gc,mmu      ] GC(105) y: MMU: 2ms/95.2%, 5ms/97.6%, 10ms/98.8%, 20ms/99.4%, 50ms/99.6%, 100ms/99.8%
[2026-04-03T02:26:44.517+0600][71.162s][info][gc,marking  ] GC(105) y: Mark: 1 stripe(s), 2 proactive flush(es), 1 terminate flush(es), 0 completion(s), 0 continuation(s) 
[2026-04-03T02:26:44.517+0600][71.162s][info][gc,marking  ] GC(105) y: Mark Stack Usage: 32M
[2026-04-03T02:26:44.517+0600][71.162s][info][gc,nmethod  ] GC(105) y: NMethods: 14574 registered, 2967 unregistered
[2026-04-03T02:26:44.517+0600][71.162s][info][gc,metaspace] GC(105) y: Metaspace: 128M used, 130M committed, 1152M reserved
[2026-04-03T02:26:44.517+0600][71.162s][info][gc,reloc    ] GC(105) y:                        Candidates     Selected     In-Place         Size        Empty    Relocated 
[2026-04-03T02:26:44.517+0600][71.162s][info][gc,reloc    ] GC(105) y: Small Pages:                  319          199            0         638M         228M           6M 
[2026-04-03T02:26:44.517+0600][71.162s][info][gc,reloc    ] GC(105) y: Medium Pages:                   4            0            0         128M         128M           0M 
[2026-04-03T02:26:44.517+0600][71.162s][info][gc,reloc    ] GC(105) y: Large Pages:                   19            0            0         114M         114M           0M 
[2026-04-03T02:26:44.517+0600][71.162s][info][gc,reloc    ] GC(105) y: Forwarding Usage: 1M
[2026-04-03T02:26:44.517+0600][71.162s][info][gc,reloc    ] GC(105) y: Age Table:
[2026-04-03T02:26:44.517+0600][71.162s][info][gc,reloc    ] GC(105) y:                    Live             Garbage             Small              Medium             Large        
[2026-04-03T02:26:44.517+0600][71.162s][info][gc,reloc    ] GC(105) y: Eden               5M (0%)          852M (68%)        311 / 195            4 / 0             18 / 0        
[2026-04-03T02:26:44.517+0600][71.162s][info][gc,reloc    ] GC(105) y: Survivor 1         2M (0%)            9M (1%)           3 / 2              0 / 0              1 / 0        
[2026-04-03T02:26:44.517+0600][71.162s][info][gc,reloc    ] GC(105) y: Survivor 2         0M (0%)            1M (0%)           1 / 0              0 / 0              0 / 0        
[2026-04-03T02:26:44.517+0600][71.162s][info][gc,reloc    ] GC(105) y: Survivor 3         0M (0%)            5M (0%)           3 / 1              0 / 0              0 / 0        
[2026-04-03T02:26:44.517+0600][71.162s][info][gc,reloc    ] GC(105) y: Survivor 4         0M (0%)            1M (0%)           1 / 1              0 / 0              0 / 0        
[2026-04-03T02:26:44.517+0600][71.162s][info][gc,heap     ] GC(105) y: Min Capacity: 8M(1%)
[2026-04-03T02:26:44.517+0600][71.162s][info][gc,heap     ] GC(105) y: Max Capacity: 1250M(100%)
[2026-04-03T02:26:44.517+0600][71.162s][info][gc,heap     ] GC(105) y: Soft Max Capacity: 1250M(100%)
[2026-04-03T02:26:44.517+0600][71.162s][info][gc,heap     ] GC(105) y: Heap Statistics:
[2026-04-03T02:26:44.517+0600][71.162s][info][gc,heap     ] GC(105) y:                Mark Start          Mark End        Relocate Start      Relocate End           High               Low         
[2026-04-03T02:26:44.517+0600][71.162s][info][gc,heap     ] GC(105) y:  Capacity:     1250M (100%)       1250M (100%)       1250M (100%)       1250M (100%)       1250M (100%)       1250M (100%)   
[2026-04-03T02:26:44.517+0600][71.162s][info][gc,heap     ] GC(105) y:      Free:      178M (14%)          58M (5%)          518M (41%)         890M (71%)         892M (71%)          58M (5%)     
[2026-04-03T02:26:44.517+0600][71.162s][info][gc,heap     ] GC(105) y:      Used:     1072M (86%)        1192M (95%)         732M (59%)         360M (29%)        1192M (95%)         358M (29%)    
[2026-04-03T02:26:44.517+0600][71.162s][info][gc,heap     ] GC(105) y: Young Generation Statistics:
[2026-04-03T02:26:44.517+0600][71.162s][info][gc,heap     ] GC(105) y:                Mark Start          Mark End        Relocate Start      Relocate End    
[2026-04-03T02:26:44.517+0600][71.162s][info][gc,heap     ] GC(105) y:      Used:      880M (70%)        1000M (80%)         540M (43%)         168M (13%)    
[2026-04-03T02:26:44.517+0600][71.162s][info][gc,heap     ] GC(105) y:      Live:         -                 9M (1%)            9M (1%)            9M (1%)     
[2026-04-03T02:26:44.517+0600][71.162s][info][gc,heap     ] GC(105) y:   Garbage:         -               870M (70%)         400M (32%)           0M (0%)     
[2026-04-03T02:26:44.517+0600][71.162s][info][gc,heap     ] GC(105) y: Allocated:         -               120M (10%)         130M (10%)         158M (13%)    
[2026-04-03T02:26:44.517+0600][71.162s][info][gc,heap     ] GC(105) y: Reclaimed:         -                  -               470M (38%)         870M (70%)    
[2026-04-03T02:26:44.517+0600][71.162s][info][gc,heap     ] GC(105) y:  Promoted:         -                  -                 0M (0%)            0M (0%)     
[2026-04-03T02:26:44.517+0600][71.162s][info][gc,heap     ] GC(105) y: Compacted:         -                  -                  -                 7M (1%)     
[2026-04-03T02:26:44.517+0600][71.162s][info][gc,phases   ] GC(105) y: Young Generation 1072M(86%)->360M(29%) 0.072s
[2026-04-03T02:26:44.517+0600][71.162s][info][gc          ] GC(105) Minor Collection (Allocation Rate) 1072M(86%)->360M(29%) 0.073s
[2026-04-03T02:26:44.752+0600][71.397s][info][gc          ] GC(106) Minor Collection (Allocation Rate)
[2026-04-03T02:26:44.752+0600][71.397s][info][gc,task     ] GC(106) Using 1 Workers for Young Generation
[2026-04-03T02:26:44.752+0600][71.397s][info][gc,phases   ] GC(106) y: Young Generation
[2026-04-03T02:26:44.752+0600][71.397s][info][gc,phases   ] GC(106) y: Pause Mark Start 0.038ms
[2026-04-03T02:26:44.797+0600][71.442s][info][gc,task     ] Adjusting Workers for Young Generation: 1 -> 3
[2026-04-03T02:26:44.799+0600][71.444s][info][gc,phases   ] GC(106) y: Concurrent Mark 46.592ms
[2026-04-03T02:26:44.799+0600][71.444s][info][gc,phases   ] GC(106) y: Pause Mark End 0.023ms
[2026-04-03T02:26:44.799+0600][71.444s][info][gc,phases   ] GC(106) y: Concurrent Mark Free 0.001ms
[2026-04-03T02:26:44.799+0600][71.444s][info][gc,phases   ] GC(106) y: Concurrent Reset Relocation Set 0.018ms
[2026-04-03T02:26:44.804+0600][71.449s][info][gc,reloc    ] GC(106) y: Using tenuring threshold: 3 (Computed)
[2026-04-03T02:26:44.805+0600][71.450s][info][gc,phases   ] GC(106) y: Concurrent Select Relocation Set 5.335ms
[2026-04-03T02:26:44.805+0600][71.450s][info][gc,phases   ] GC(106) y: Pause Relocate Start 0.016ms
[2026-04-03T02:26:44.809+0600][71.453s][info][gc,phases   ] GC(106) y: Concurrent Relocate 3.398ms
[2026-04-03T02:26:44.809+0600][71.453s][info][gc,alloc    ] GC(106) y:                         Mark Start        Mark End      Relocate Start    Relocate End   
[2026-04-03T02:26:44.809+0600][71.453s][info][gc,alloc    ] GC(106) y: Allocation Stalls:          0                0                0                0         
[2026-04-03T02:26:44.809+0600][71.453s][info][gc,load     ] GC(106) y: Load: 6.31 (53%) / 6.10 (51%) / 5.93 (49%)
[2026-04-03T02:26:44.809+0600][71.453s][info][gc,mmu      ] GC(106) y: MMU: 2ms/95.2%, 5ms/97.6%, 10ms/98.8%, 20ms/99.4%, 50ms/99.6%, 100ms/99.8%
[2026-04-03T02:26:44.809+0600][71.453s][info][gc,marking  ] GC(106) y: Mark: 1 stripe(s), 2 proactive flush(es), 1 terminate flush(es), 0 completion(s), 0 continuation(s) 
[2026-04-03T02:26:44.809+0600][71.453s][info][gc,marking  ] GC(106) y: Mark Stack Usage: 32M
[2026-04-03T02:26:44.809+0600][71.453s][info][gc,nmethod  ] GC(106) y: NMethods: 14578 registered, 2967 unregistered
[2026-04-03T02:26:44.809+0600][71.453s][info][gc,metaspace] GC(106) y: Metaspace: 128M used, 130M committed, 1152M reserved
[2026-04-03T02:26:44.809+0600][71.453s][info][gc,reloc    ] GC(106) y:                        Candidates     Selected     In-Place         Size        Empty    Relocated 
[2026-04-03T02:26:44.809+0600][71.453s][info][gc,reloc    ] GC(106) y: Small Pages:                  212           65            0         424M         280M           5M 
[2026-04-03T02:26:44.809+0600][71.453s][info][gc,reloc    ] GC(106) y: Medium Pages:                   1            0            0          32M          32M           0M 
[2026-04-03T02:26:44.809+0600][71.453s][info][gc,reloc    ] GC(106) y: Large Pages:                   21            0            0         126M         108M           0M 
[2026-04-03T02:26:44.809+0600][71.453s][info][gc,reloc    ] GC(106) y: Forwarding Usage: 0M
[2026-04-03T02:26:44.809+0600][71.453s][info][gc,reloc    ] GC(106) y: Age Table:
[2026-04-03T02:26:44.809+0600][71.453s][info][gc,reloc    ] GC(106) y:                    Live             Garbage             Small              Medium             Large        
[2026-04-03T02:26:44.809+0600][71.453s][info][gc,reloc    ] GC(106) y: Eden              21M (2%)          532M (43%)        198 / 59             1 / 0             21 / 0        
[2026-04-03T02:26:44.809+0600][71.454s][info][gc,reloc    ] GC(106) y: Survivor 1         3M (0%)           10M (1%)           7 / 2              0 / 0              0 / 0        
[2026-04-03T02:26:44.809+0600][71.454s][info][gc,reloc    ] GC(106) y: Survivor 2         2M (0%)            3M (0%)           3 / 2              0 / 0              0 / 0        
[2026-04-03T02:26:44.809+0600][71.454s][info][gc,reloc    ] GC(106) y: Survivor 3         0M (0%)            1M (0%)           1 / 1              0 / 0              0 / 0        
[2026-04-03T02:26:44.809+0600][71.454s][info][gc,reloc    ] GC(106) y: Survivor 4         0M (0%)            3M (0%)           2 / 1              0 / 0              0 / 0        
[2026-04-03T02:26:44.809+0600][71.454s][info][gc,reloc    ] GC(106) y: Survivor 5         0M (0%)            1M (0%)           1 / 0              0 / 0              0 / 0        
[2026-04-03T02:26:44.809+0600][71.454s][info][gc,heap     ] GC(106) y: Min Capacity: 8M(1%)
[2026-04-03T02:26:44.809+0600][71.454s][info][gc,heap     ] GC(106) y: Max Capacity: 1250M(100%)
[2026-04-03T02:26:44.809+0600][71.454s][info][gc,heap     ] GC(106) y: Soft Max Capacity: 1250M(100%)
[2026-04-03T02:26:44.809+0600][71.454s][info][gc,heap     ] GC(106) y: Heap Statistics:
[2026-04-03T02:26:44.809+0600][71.454s][info][gc,heap     ] GC(106) y:                Mark Start          Mark End        Relocate Start      Relocate End           High               Low         
[2026-04-03T02:26:44.809+0600][71.454s][info][gc,heap     ] GC(106) y:  Capacity:     1250M (100%)       1250M (100%)       1250M (100%)       1250M (100%)       1250M (100%)       1250M (100%)   
[2026-04-03T02:26:44.809+0600][71.454s][info][gc,heap     ] GC(106) y:      Free:      476M (38%)         118M (9%)          534M (43%)         644M (52%)         648M (52%)         118M (9%)     
[2026-04-03T02:26:44.809+0600][71.454s][info][gc,heap     ] GC(106) y:      Used:      774M (62%)        1132M (91%)         716M (57%)         606M (48%)        1132M (91%)         602M (48%)    
[2026-04-03T02:26:44.809+0600][71.454s][info][gc,heap     ] GC(106) y: Young Generation Statistics:
[2026-04-03T02:26:44.809+0600][71.454s][info][gc,heap     ] GC(106) y:                Mark Start          Mark End        Relocate Start      Relocate End    
[2026-04-03T02:26:44.809+0600][71.454s][info][gc,heap     ] GC(106) y:      Used:      582M (47%)         940M (75%)         524M (42%)         408M (33%)    
[2026-04-03T02:26:44.809+0600][71.454s][info][gc,heap     ] GC(106) y:      Live:         -                28M (2%)           28M (2%)           26M (2%)     
[2026-04-03T02:26:44.809+0600][71.454s][info][gc,heap     ] GC(106) y:   Garbage:         -               553M (44%)         133M (11%)           1M (0%)     
[2026-04-03T02:26:44.809+0600][71.454s][info][gc,heap     ] GC(106) y: Allocated:         -               358M (29%)         362M (29%)         379M (30%)    
[2026-04-03T02:26:44.809+0600][71.454s][info][gc,heap     ] GC(106) y: Reclaimed:         -                  -               420M (34%)         551M (44%)    
[2026-04-03T02:26:44.809+0600][71.454s][info][gc,heap     ] GC(106) y:  Promoted:         -                  -                 0M (0%)            2M (0%)     
[2026-04-03T02:26:44.809+0600][71.454s][info][gc,heap     ] GC(106) y: Compacted:         -                  -                  -                 4M (0%)     
[2026-04-03T02:26:44.809+0600][71.454s][info][gc,phases   ] GC(106) y: Young Generation 774M(62%)->606M(48%) 0.057s
[2026-04-03T02:26:44.809+0600][71.454s][info][gc          ] GC(106) Minor Collection (Allocation Rate) 774M(62%)->606M(48%) 0.057s
[2026-04-03T02:26:44.866+0600][71.511s][info][gc          ] GC(107) Minor Collection (Allocation Rate)
[2026-04-03T02:26:44.866+0600][71.511s][info][gc,task     ] GC(107) Using 2 Workers for Young Generation
[2026-04-03T02:26:44.866+0600][71.511s][info][gc,phases   ] GC(107) y: Young Generation
[2026-04-03T02:26:44.866+0600][71.511s][info][gc,phases   ] GC(107) y: Pause Mark Start 0.023ms
[2026-04-03T02:26:44.899+0600][71.543s][info][gc,phases   ] GC(107) y: Concurrent Mark 32.119ms
[2026-04-03T02:26:44.899+0600][71.544s][info][gc,phases   ] GC(107) y: Pause Mark End 0.028ms
[2026-04-03T02:26:44.899+0600][71.544s][info][gc,phases   ] GC(107) y: Concurrent Mark Free 0.002ms
[2026-04-03T02:26:44.899+0600][71.544s][info][gc,phases   ] GC(107) y: Concurrent Reset Relocation Set 0.011ms
[2026-04-03T02:26:44.901+0600][71.546s][info][gc,reloc    ] GC(107) y: Using tenuring threshold: 2 (Computed)
[2026-04-03T02:26:44.905+0600][71.550s][info][gc,phases   ] GC(107) y: Concurrent Select Relocation Set 5.454ms
[2026-04-03T02:26:44.905+0600][71.550s][info][gc,phases   ] GC(107) y: Pause Relocate Start 0.022ms
[2026-04-03T02:26:44.914+0600][71.559s][info][gc,phases   ] GC(107) y: Concurrent Relocate 9.101ms
[2026-04-03T02:26:44.915+0600][71.559s][info][gc,alloc    ] GC(107) y:                         Mark Start        Mark End      Relocate Start    Relocate End   
[2026-04-03T02:26:44.915+0600][71.559s][info][gc,alloc    ] GC(107) y: Allocation Stalls:          0                0                0                0         
[2026-04-03T02:26:44.915+0600][71.559s][info][gc,load     ] GC(107) y: Load: 6.31 (53%) / 6.10 (51%) / 5.93 (49%)
[2026-04-03T02:26:44.915+0600][71.559s][info][gc,mmu      ] GC(107) y: MMU: 2ms/95.2%, 5ms/97.6%, 10ms/98.8%, 20ms/99.4%, 50ms/99.6%, 100ms/99.8%
[2026-04-03T02:26:44.915+0600][71.559s][info][gc,marking  ] GC(107) y: Mark: 2 stripe(s), 2 proactive flush(es), 1 terminate flush(es), 0 completion(s), 0 continuation(s) 
[2026-04-03T02:26:44.915+0600][71.559s][info][gc,marking  ] GC(107) y: Mark Stack Usage: 32M
[2026-04-03T02:26:44.915+0600][71.559s][info][gc,nmethod  ] GC(107) y: NMethods: 14581 registered, 2967 unregistered
[2026-04-03T02:26:44.915+0600][71.559s][info][gc,metaspace] GC(107) y: Metaspace: 128M used, 130M committed, 1152M reserved
[2026-04-03T02:26:44.915+0600][71.559s][info][gc,reloc    ] GC(107) y:                        Candidates     Selected     In-Place         Size        Empty    Relocated 
[2026-04-03T02:26:44.915+0600][71.559s][info][gc,reloc    ] GC(107) y: Small Pages:                   53           37            0         106M          20M           5M 
[2026-04-03T02:26:44.915+0600][71.559s][info][gc,reloc    ] GC(107) y: Medium Pages:                   1            0            0          32M          32M           0M 
[2026-04-03T02:26:44.915+0600][71.559s][info][gc,reloc    ] GC(107) y: Large Pages:                   70            0            0         420M         396M           0M 
[2026-04-03T02:26:44.915+0600][71.559s][info][gc,reloc    ] GC(107) y: Forwarding Usage: 0M
[2026-04-03T02:26:44.915+0600][71.559s][info][gc,reloc    ] GC(107) y: Age Table:
[2026-04-03T02:26:44.915+0600][71.559s][info][gc,reloc    ] GC(107) y:                    Live             Garbage             Small              Medium             Large        
[2026-04-03T02:26:44.915+0600][71.559s][info][gc,reloc    ] GC(107) y: Eden              26M (2%)          491M (39%)         42 / 31             1 / 0             67 / 0        
[2026-04-03T02:26:44.915+0600][71.559s][info][gc,reloc    ] GC(107) y: Survivor 1         1M (0%)           24M (2%)           4 / 3              0 / 0              3 / 0        
[2026-04-03T02:26:44.915+0600][71.559s][info][gc,reloc    ] GC(107) y: Survivor 2         3M (0%)            4M (0%)           4 / 1              0 / 0              0 / 0        
[2026-04-03T02:26:44.915+0600][71.559s][info][gc,reloc    ] GC(107) y: Survivor 3         2M (0%)            3M (0%)           3 / 2              0 / 0              0 / 0        
[2026-04-03T02:26:44.915+0600][71.559s][info][gc,heap     ] GC(107) y: Min Capacity: 8M(1%)
[2026-04-03T02:26:44.915+0600][71.559s][info][gc,heap     ] GC(107) y: Max Capacity: 1250M(100%)
[2026-04-03T02:26:44.915+0600][71.560s][info][gc,heap     ] GC(107) y: Soft Max Capacity: 1250M(100%)
[2026-04-03T02:26:44.915+0600][71.560s][info][gc,heap     ] GC(107) y: Heap Statistics:
[2026-04-03T02:26:44.915+0600][71.560s][info][gc,heap     ] GC(107) y:                Mark Start          Mark End        Relocate Start      Relocate End           High               Low         
[2026-04-03T02:26:44.915+0600][71.560s][info][gc,heap     ] GC(107) y:  Capacity:     1250M (100%)       1250M (100%)       1250M (100%)       1250M (100%)       1250M (100%)       1250M (100%)   
[2026-04-03T02:26:44.915+0600][71.560s][info][gc,heap     ] GC(107) y:      Free:      494M (40%)         260M (21%)         620M (50%)         654M (52%)         690M (55%)         260M (21%)    
[2026-04-03T02:26:44.915+0600][71.560s][info][gc,heap     ] GC(107) y:      Used:      756M (60%)         990M (79%)         630M (50%)         596M (48%)         990M (79%)         560M (45%)    
[2026-04-03T02:26:44.915+0600][71.560s][info][gc,heap     ] GC(107) y: Young Generation Statistics:
[2026-04-03T02:26:44.915+0600][71.560s][info][gc,heap     ] GC(107) y:                Mark Start          Mark End        Relocate Start      Relocate End    
[2026-04-03T02:26:44.915+0600][71.560s][info][gc,heap     ] GC(107) y:      Used:      558M (45%)         792M (63%)         428M (34%)         390M (31%)    
[2026-04-03T02:26:44.915+0600][71.560s][info][gc,heap     ] GC(107) y:      Live:         -                33M (3%)           30M (2%)           28M (2%)     
[2026-04-03T02:26:44.915+0600][71.560s][info][gc,heap     ] GC(107) y:   Garbage:         -               524M (42%)          75M (6%)            0M (0%)     
[2026-04-03T02:26:44.915+0600][71.560s][info][gc,heap     ] GC(107) y: Allocated:         -               234M (19%)         322M (26%)         361M (29%)    
[2026-04-03T02:26:44.915+0600][71.560s][info][gc,heap     ] GC(107) y: Reclaimed:         -                  -               448M (36%)         524M (42%)    
[2026-04-03T02:26:44.915+0600][71.560s][info][gc,heap     ] GC(107) y:  Promoted:         -                  -                 3M (0%)            5M (0%)     
[2026-04-03T02:26:44.915+0600][71.560s][info][gc,heap     ] GC(107) y: Compacted:         -                  -                  -                 4M (0%)     
[2026-04-03T02:26:44.915+0600][71.560s][info][gc,phases   ] GC(107) y: Young Generation 756M(60%)->596M(48%) 0.048s
[2026-04-03T02:26:44.915+0600][71.560s][info][gc          ] GC(107) Minor Collection (Allocation Rate) 756M(60%)->596M(48%) 0.049s
[2026-04-03T02:26:44.915+0600][71.560s][info][gc          ] GC(108) Minor Collection (Allocation Rate)
[2026-04-03T02:26:44.915+0600][71.560s][info][gc,task     ] GC(108) Using 3 Workers for Young Generation
[2026-04-03T02:26:44.915+0600][71.560s][info][gc,phases   ] GC(108) y: Young Generation
[2026-04-03T02:26:44.915+0600][71.560s][info][gc,phases   ] GC(108) y: Pause Mark Start 0.024ms
[2026-04-03T02:26:44.933+0600][71.578s][info][gc,phases   ] GC(108) y: Concurrent Mark 17.578ms
[2026-04-03T02:26:44.933+0600][71.578s][info][gc,phases   ] GC(108) y: Pause Mark End 0.027ms
[2026-04-03T02:26:44.934+0600][71.578s][info][gc,phases   ] GC(108) y: Concurrent Mark Free 0.003ms
[2026-04-03T02:26:44.934+0600][71.578s][info][gc,phases   ] GC(108) y: Concurrent Reset Relocation Set 0.017ms
[2026-04-03T02:26:44.939+0600][71.583s][info][gc,reloc    ] GC(108) y: Using tenuring threshold: 1 (Computed)
[2026-04-03T02:26:44.943+0600][71.588s][info][gc,phases   ] GC(108) y: Concurrent Select Relocation Set 9.063ms
[2026-04-03T02:26:44.943+0600][71.588s][info][gc,phases   ] GC(108) y: Pause Relocate Start 0.052ms
[2026-04-03T02:26:44.946+0600][71.591s][info][gc,phases   ] GC(108) y: Concurrent Relocate 2.984ms
[2026-04-03T02:26:44.946+0600][71.591s][info][gc,alloc    ] GC(108) y:                         Mark Start        Mark End      Relocate Start    Relocate End   
[2026-04-03T02:26:44.946+0600][71.591s][info][gc,alloc    ] GC(108) y: Allocation Stalls:          0                0                0                0         
[2026-04-03T02:26:44.946+0600][71.591s][info][gc,load     ] GC(108) y: Load: 6.31 (53%) / 6.10 (51%) / 5.93 (49%)
[2026-04-03T02:26:44.946+0600][71.591s][info][gc,mmu      ] GC(108) y: MMU: 2ms/95.2%, 5ms/97.6%, 10ms/98.8%, 20ms/99.4%, 50ms/99.6%, 100ms/99.8%
[2026-04-03T02:26:44.946+0600][71.591s][info][gc,marking  ] GC(108) y: Mark: 2 stripe(s), 2 proactive flush(es), 1 terminate flush(es), 0 completion(s), 0 continuation(s) 
[2026-04-03T02:26:44.946+0600][71.591s][info][gc,marking  ] GC(108) y: Mark Stack Usage: 32M
[2026-04-03T02:26:44.946+0600][71.591s][info][gc,nmethod  ] GC(108) y: NMethods: 14584 registered, 2967 unregistered
[2026-04-03T02:26:44.946+0600][71.591s][info][gc,metaspace] GC(108) y: Metaspace: 128M used, 130M committed, 1152M reserved
[2026-04-03T02:26:44.946+0600][71.591s][info][gc,reloc    ] GC(108) y:                        Candidates     Selected     In-Place         Size        Empty    Relocated 
[2026-04-03T02:26:44.947+0600][71.591s][info][gc,reloc    ] GC(108) y: Small Pages:                   23           16            0          46M          10M           1M 
[2026-04-03T02:26:44.947+0600][71.591s][info][gc,reloc    ] GC(108) y: Medium Pages:                   1            0            0          32M          32M           0M 
[2026-04-03T02:26:44.947+0600][71.591s][info][gc,reloc    ] GC(108) y: Large Pages:                   52            0            0         312M         312M           0M 
[2026-04-03T02:26:44.947+0600][71.591s][info][gc,reloc    ] GC(108) y: Forwarding Usage: 0M
[2026-04-03T02:26:44.947+0600][71.591s][info][gc,reloc    ] GC(108) y: Age Table:
[2026-04-03T02:26:44.947+0600][71.591s][info][gc,reloc    ] GC(108) y:                    Live             Garbage             Small              Medium             Large        
[2026-04-03T02:26:44.947+0600][71.591s][info][gc,reloc    ] GC(108) y: Eden               0M (0%)          345M (28%)         13 / 9              1 / 0             48 / 0        
[2026-04-03T02:26:44.947+0600][71.591s][info][gc,reloc    ] GC(108) y: Survivor 1         0M (0%)           33M (3%)           5 / 3              0 / 0              4 / 0        
[2026-04-03T02:26:44.947+0600][71.591s][info][gc,reloc    ] GC(108) y: Survivor 2         1M (0%)            8M (1%)           5 / 4              0 / 0              0 / 0        
[2026-04-03T02:26:44.947+0600][71.591s][info][gc,heap     ] GC(108) y: Min Capacity: 8M(1%)
[2026-04-03T02:26:44.947+0600][71.591s][info][gc,heap     ] GC(108) y: Max Capacity: 1250M(100%)
[2026-04-03T02:26:44.947+0600][71.591s][info][gc,heap     ] GC(108) y: Soft Max Capacity: 1250M(100%)
[2026-04-03T02:26:44.947+0600][71.591s][info][gc,heap     ] GC(108) y: Heap Statistics:
[2026-04-03T02:26:44.947+0600][71.591s][info][gc,heap     ] GC(108) y:                Mark Start          Mark End        Relocate Start      Relocate End           High               Low         
[2026-04-03T02:26:44.947+0600][71.591s][info][gc,heap     ] GC(108) y:  Capacity:     1250M (100%)       1250M (100%)       1250M (100%)       1250M (100%)       1250M (100%)       1250M (100%)   
[2026-04-03T02:26:44.947+0600][71.591s][info][gc,heap     ] GC(108) y:      Free:      654M (52%)         594M (48%)         938M (75%)         956M (76%)         958M (77%)         594M (48%)    
[2026-04-03T02:26:44.947+0600][71.591s][info][gc,heap     ] GC(108) y:      Used:      596M (48%)         656M (52%)         312M (25%)         294M (24%)         656M (52%)         292M (23%)    
[2026-04-03T02:26:44.947+0600][71.591s][info][gc,heap     ] GC(108) y: Young Generation Statistics:
[2026-04-03T02:26:44.947+0600][71.592s][info][gc,heap     ] GC(108) y:                Mark Start          Mark End        Relocate Start      Relocate End    
[2026-04-03T02:26:44.947+0600][71.592s][info][gc,heap     ] GC(108) y:      Used:      390M (31%)         450M (36%)         104M (8%)           82M (7%)     
[2026-04-03T02:26:44.947+0600][71.592s][info][gc,heap     ] GC(108) y:      Live:         -                 2M (0%)            1M (0%)            0M (0%)     
[2026-04-03T02:26:44.947+0600][71.592s][info][gc,heap     ] GC(108) y:   Garbage:         -               387M (31%)          32M (3%)            0M (0%)     
[2026-04-03T02:26:44.947+0600][71.592s][info][gc,heap     ] GC(108) y: Allocated:         -                60M (5%)           70M (6%)           81M (7%)     
[2026-04-03T02:26:44.947+0600][71.592s][info][gc,heap     ] GC(108) y: Reclaimed:         -                  -               355M (28%)         387M (31%)    
[2026-04-03T02:26:44.947+0600][71.592s][info][gc,heap     ] GC(108) y:  Promoted:         -                  -                 0M (0%)            2M (0%)     
[2026-04-03T02:26:44.947+0600][71.592s][info][gc,heap     ] GC(108) y: Compacted:         -                  -                  -                 0M (0%)     
[2026-04-03T02:26:44.947+0600][71.592s][info][gc,phases   ] GC(108) y: Young Generation 596M(48%)->294M(24%) 0.031s
[2026-04-03T02:26:44.947+0600][71.592s][info][gc          ] GC(108) Minor Collection (Allocation Rate) 596M(48%)->296M(24%) 0.032s
[2026-04-03T02:26:44.997+0600][71.641s][info][gc          ] GC(109) Minor Collection (Allocation Rate)
[2026-04-03T02:26:44.997+0600][71.642s][info][gc,task     ] GC(109) Using 2 Workers for Young Generation
[2026-04-03T02:26:44.997+0600][71.642s][info][gc,phases   ] GC(109) y: Young Generation
[2026-04-03T02:26:44.997+0600][71.642s][info][gc,phases   ] GC(109) y: Pause Mark Start 0.019ms
[2026-04-03T02:26:45.020+0600][71.664s][info][gc,phases   ] GC(109) y: Concurrent Mark 22.500ms
[2026-04-03T02:26:45.020+0600][71.665s][info][gc,phases   ] GC(109) y: Pause Mark End 0.026ms
[2026-04-03T02:26:45.020+0600][71.665s][info][gc,phases   ] GC(109) y: Concurrent Mark Free 0.002ms
[2026-04-03T02:26:45.020+0600][71.665s][info][gc,phases   ] GC(109) y: Concurrent Reset Relocation Set 0.012ms
[2026-04-03T02:26:45.026+0600][71.671s][info][gc,reloc    ] GC(109) y: Using tenuring threshold: 2 (Computed)
[2026-04-03T02:26:45.026+0600][71.671s][info][gc,phases   ] GC(109) y: Concurrent Select Relocation Set 6.245ms
[2026-04-03T02:26:45.027+0600][71.671s][info][gc,phases   ] GC(109) y: Pause Relocate Start 0.022ms
[2026-04-03T02:26:45.029+0600][71.674s][info][gc,phases   ] GC(109) y: Concurrent Relocate 2.290ms
[2026-04-03T02:26:45.029+0600][71.674s][info][gc,alloc    ] GC(109) y:                         Mark Start        Mark End      Relocate Start    Relocate End   
[2026-04-03T02:26:45.029+0600][71.674s][info][gc,alloc    ] GC(109) y: Allocation Stalls:          0                0                0                0         
[2026-04-03T02:26:45.029+0600][71.674s][info][gc,load     ] GC(109) y: Load: 6.31 (53%) / 6.10 (51%) / 5.93 (49%)
[2026-04-03T02:26:45.029+0600][71.674s][info][gc,mmu      ] GC(109) y: MMU: 2ms/95.2%, 5ms/97.6%, 10ms/98.8%, 20ms/99.4%, 50ms/99.6%, 100ms/99.8%
[2026-04-03T02:26:45.029+0600][71.674s][info][gc,marking  ] GC(109) y: Mark: 2 stripe(s), 2 proactive flush(es), 1 terminate flush(es), 0 completion(s), 0 continuation(s) 
[2026-04-03T02:26:45.029+0600][71.674s][info][gc,marking  ] GC(109) y: Mark Stack Usage: 32M
[2026-04-03T02:26:45.029+0600][71.674s][info][gc,nmethod  ] GC(109) y: NMethods: 14588 registered, 2967 unregistered
[2026-04-03T02:26:45.029+0600][71.674s][info][gc,metaspace] GC(109) y: Metaspace: 128M used, 130M committed, 1152M reserved
[2026-04-03T02:26:45.029+0600][71.674s][info][gc,reloc    ] GC(109) y:                        Candidates     Selected     In-Place         Size        Empty    Relocated 
[2026-04-03T02:26:45.029+0600][71.674s][info][gc,reloc    ] GC(109) y: Small Pages:                   43           34            0          86M          14M           2M 
[2026-04-03T02:26:45.029+0600][71.674s][info][gc,reloc    ] GC(109) y: Medium Pages:                   1            0            0          32M          32M           0M 
[2026-04-03T02:26:45.029+0600][71.674s][info][gc,reloc    ] GC(109) y: Large Pages:                    2            0            0          12M          12M           0M 
[2026-04-03T02:26:45.029+0600][71.674s][info][gc,reloc    ] GC(109) y: Forwarding Usage: 0M
[2026-04-03T02:26:45.029+0600][71.674s][info][gc,reloc    ] GC(109) y: Age Table:
[2026-04-03T02:26:45.029+0600][71.674s][info][gc,reloc    ] GC(109) y:                    Live             Garbage             Small              Medium             Large        
[2026-04-03T02:26:45.029+0600][71.674s][info][gc,reloc    ] GC(109) y: Eden               2M (0%)          123M (10%)         41 / 32             1 / 0              2 / 0        
[2026-04-03T02:26:45.029+0600][71.674s][info][gc,reloc    ] GC(109) y: Survivor 1         0M (0%)            3M (0%)           2 / 2              0 / 0              0 / 0        
[2026-04-03T02:26:45.029+0600][71.674s][info][gc,heap     ] GC(109) y: Min Capacity: 8M(1%)
[2026-04-03T02:26:45.029+0600][71.674s][info][gc,heap     ] GC(109) y: Max Capacity: 1250M(100%)
[2026-04-03T02:26:45.029+0600][71.674s][info][gc,heap     ] GC(109) y: Soft Max Capacity: 1250M(100%)
[2026-04-03T02:26:45.029+0600][71.674s][info][gc,heap     ] GC(109) y: Heap Statistics:
[2026-04-03T02:26:45.029+0600][71.674s][info][gc,heap     ] GC(109) y:                Mark Start          Mark End        Relocate Start      Relocate End           High               Low         
[2026-04-03T02:26:45.029+0600][71.674s][info][gc,heap     ] GC(109) y:  Capacity:     1250M (100%)       1250M (100%)       1250M (100%)       1250M (100%)       1250M (100%)       1250M (100%)   
[2026-04-03T02:26:45.029+0600][71.674s][info][gc,heap     ] GC(109) y:      Free:      908M (73%)         840M (67%)         890M (71%)         950M (76%)         950M (76%)         832M (67%)    
[2026-04-03T02:26:45.029+0600][71.674s][info][gc,heap     ] GC(109) y:      Used:      342M (27%)         410M (33%)         360M (29%)         300M (24%)         418M (33%)         300M (24%)    
[2026-04-03T02:26:45.029+0600][71.674s][info][gc,heap     ] GC(109) y: Young Generation Statistics:
[2026-04-03T02:26:45.029+0600][71.674s][info][gc,heap     ] GC(109) y:                Mark Start          Mark End        Relocate Start      Relocate End    
[2026-04-03T02:26:45.029+0600][71.674s][info][gc,heap     ] GC(109) y:      Used:      130M (10%)         198M (16%)         148M (12%)          88M (7%)     
[2026-04-03T02:26:45.029+0600][71.674s][info][gc,heap     ] GC(109) y:      Live:         -                 2M (0%)            2M (0%)            2M (0%)     
[2026-04-03T02:26:45.030+0600][71.674s][info][gc,heap     ] GC(109) y:   Garbage:         -               127M (10%)          69M (6%)            0M (0%)     
[2026-04-03T02:26:45.030+0600][71.674s][info][gc,heap     ] GC(109) y: Allocated:         -                68M (5%)           76M (6%)           85M (7%)     
[2026-04-03T02:26:45.030+0600][71.674s][info][gc,heap     ] GC(109) y: Reclaimed:         -                  -                58M (5%)          127M (10%)    
[2026-04-03T02:26:45.030+0600][71.674s][info][gc,heap     ] GC(109) y:  Promoted:         -                  -                 0M (0%)            0M (0%)     
[2026-04-03T02:26:45.030+0600][71.674s][info][gc,heap     ] GC(109) y: Compacted:         -                  -                  -                 2M (0%)     
[2026-04-03T02:26:45.030+0600][71.674s][info][gc,phases   ] GC(109) y: Young Generation 342M(27%)->300M(24%) 0.032s
[2026-04-03T02:26:45.030+0600][71.674s][info][gc          ] GC(109) Minor Collection (Allocation Rate) 340M(27%)->300M(24%) 0.033s
[2026-04-03T02:26:45.475+0600][72.120s][info][gc          ] GC(110) Minor Collection (Allocation Rate)
[2026-04-03T02:26:45.475+0600][72.120s][info][gc,task     ] GC(110) Using 2 Workers for Young Generation
[2026-04-03T02:26:45.475+0600][72.120s][info][gc,phases   ] GC(110) y: Young Generation
[2026-04-03T02:26:45.476+0600][72.120s][info][gc,phases   ] GC(110) y: Pause Mark Start 0.021ms
[2026-04-03T02:26:45.504+0600][72.149s][info][gc,phases   ] GC(110) y: Concurrent Mark 28.377ms
[2026-04-03T02:26:45.505+0600][72.149s][info][gc,phases   ] GC(110) y: Pause Mark End 0.048ms
[2026-04-03T02:26:45.505+0600][72.150s][info][gc,phases   ] GC(110) y: Concurrent Mark Free 0.003ms
[2026-04-03T02:26:45.505+0600][72.150s][info][gc,phases   ] GC(110) y: Concurrent Reset Relocation Set 0.009ms
[2026-04-03T02:26:45.507+0600][72.152s][info][gc,reloc    ] GC(110) y: Using tenuring threshold: 3 (Computed)
[2026-04-03T02:26:45.507+0600][72.152s][info][gc,phases   ] GC(110) y: Concurrent Select Relocation Set 2.452ms
[2026-04-03T02:26:45.508+0600][72.152s][info][gc,phases   ] GC(110) y: Pause Relocate Start 0.022ms
[2026-04-03T02:26:45.512+0600][72.157s][info][gc,phases   ] GC(110) y: Concurrent Relocate 4.146ms
[2026-04-03T02:26:45.512+0600][72.157s][info][gc,alloc    ] GC(110) y:                         Mark Start        Mark End      Relocate Start    Relocate End   
[2026-04-03T02:26:45.512+0600][72.157s][info][gc,alloc    ] GC(110) y: Allocation Stalls:          0                0                0                0         
[2026-04-03T02:26:45.512+0600][72.157s][info][gc,load     ] GC(110) y: Load: 6.31 (53%) / 6.10 (51%) / 5.93 (49%)
[2026-04-03T02:26:45.512+0600][72.157s][info][gc,mmu      ] GC(110) y: MMU: 2ms/95.2%, 5ms/97.6%, 10ms/98.8%, 20ms/99.4%, 50ms/99.6%, 100ms/99.8%
[2026-04-03T02:26:45.512+0600][72.157s][info][gc,marking  ] GC(110) y: Mark: 2 stripe(s), 2 proactive flush(es), 1 terminate flush(es), 0 completion(s), 0 continuation(s) 
[2026-04-03T02:26:45.512+0600][72.157s][info][gc,marking  ] GC(110) y: Mark Stack Usage: 32M
[2026-04-03T02:26:45.512+0600][72.157s][info][gc,nmethod  ] GC(110) y: NMethods: 14619 registered, 2967 unregistered
[2026-04-03T02:26:45.512+0600][72.157s][info][gc,metaspace] GC(110) y: Metaspace: 128M used, 130M committed, 1152M reserved
[2026-04-03T02:26:45.512+0600][72.157s][info][gc,reloc    ] GC(110) y:                        Candidates     Selected     In-Place         Size        Empty    Relocated 
[2026-04-03T02:26:45.512+0600][72.157s][info][gc,reloc    ] GC(110) y: Small Pages:                  140          125            0         280M          24M           4M 
[2026-04-03T02:26:45.512+0600][72.157s][info][gc,reloc    ] GC(110) y: Medium Pages:                   2            0            0          64M          64M           0M 
[2026-04-03T02:26:45.512+0600][72.157s][info][gc,reloc    ] GC(110) y: Large Pages:                    6            0            0          36M          36M           0M 
[2026-04-03T02:26:45.512+0600][72.157s][info][gc,reloc    ] GC(110) y: Forwarding Usage: 1M
[2026-04-03T02:26:45.512+0600][72.157s][info][gc,reloc    ] GC(110) y: Age Table:
[2026-04-03T02:26:45.512+0600][72.157s][info][gc,reloc    ] GC(110) y:                    Live             Garbage             Small              Medium             Large        
[2026-04-03T02:26:45.512+0600][72.157s][info][gc,reloc    ] GC(110) y: Eden               3M (0%)          364M (29%)        134 / 121            2 / 0              6 / 0        
[2026-04-03T02:26:45.512+0600][72.157s][info][gc,reloc    ] GC(110) y: Survivor 1         0M (0%)            9M (1%)           5 / 3              0 / 0              0 / 0        
[2026-04-03T02:26:45.512+0600][72.157s][info][gc,reloc    ] GC(110) y: Survivor 2         0M (0%)            1M (0%)           1 / 1              0 / 0              0 / 0        
[2026-04-03T02:26:45.512+0600][72.157s][info][gc,heap     ] GC(110) y: Min Capacity: 8M(1%)
[2026-04-03T02:26:45.512+0600][72.157s][info][gc,heap     ] GC(110) y: Max Capacity: 1250M(100%)
[2026-04-03T02:26:45.512+0600][72.157s][info][gc,heap     ] GC(110) y: Soft Max Capacity: 1250M(100%)
[2026-04-03T02:26:45.512+0600][72.157s][info][gc,heap     ] GC(110) y: Heap Statistics:
[2026-04-03T02:26:45.512+0600][72.157s][info][gc,heap     ] GC(110) y:                Mark Start          Mark End        Relocate Start      Relocate End           High               Low         
[2026-04-03T02:26:45.512+0600][72.157s][info][gc,heap     ] GC(110) y:  Capacity:     1250M (100%)       1250M (100%)       1250M (100%)       1250M (100%)       1250M (100%)       1250M (100%)   
[2026-04-03T02:26:45.512+0600][72.157s][info][gc,heap     ] GC(110) y:      Free:      658M (53%)         628M (50%)         750M (60%)         954M (76%)         986M (79%)         628M (50%)    
[2026-04-03T02:26:45.512+0600][72.157s][info][gc,heap     ] GC(110) y:      Used:      592M (47%)         622M (50%)         500M (40%)         296M (24%)         622M (50%)         264M (21%)    
[2026-04-03T02:26:45.512+0600][72.157s][info][gc,heap     ] GC(110) y: Young Generation Statistics:
[2026-04-03T02:26:45.512+0600][72.157s][info][gc,heap     ] GC(110) y:                Mark Start          Mark End        Relocate Start      Relocate End    
[2026-04-03T02:26:45.512+0600][72.157s][info][gc,heap     ] GC(110) y:      Used:      380M (30%)         410M (33%)         288M (23%)          84M (7%)     
[2026-04-03T02:26:45.512+0600][72.157s][info][gc,heap     ] GC(110) y:      Live:         -                 4M (0%)            4M (0%)            4M (0%)     
[2026-04-03T02:26:45.512+0600][72.157s][info][gc,heap     ] GC(110) y:   Garbage:         -               375M (30%)         251M (20%)           0M (0%)     
[2026-04-03T02:26:45.512+0600][72.157s][info][gc,heap     ] GC(110) y: Allocated:         -                30M (2%)           32M (3%)           79M (6%)     
[2026-04-03T02:26:45.512+0600][72.157s][info][gc,heap     ] GC(110) y: Reclaimed:         -                  -               124M (10%)         375M (30%)    
[2026-04-03T02:26:45.512+0600][72.157s][info][gc,heap     ] GC(110) y:  Promoted:         -                  -                 0M (0%)            0M (0%)     
[2026-04-03T02:26:45.512+0600][72.157s][info][gc,heap     ] GC(110) y: Compacted:         -                  -                  -                 4M (0%)     
[2026-04-03T02:26:45.512+0600][72.157s][info][gc,phases   ] GC(110) y: Young Generation 592M(47%)->296M(24%) 0.037s
[2026-04-03T02:26:45.512+0600][72.157s][info][gc          ] GC(110) Minor Collection (Allocation Rate) 592M(47%)->296M(24%) 0.037s
[2026-04-03T02:26:45.990+0600][72.634s][info][gc          ] GC(111) Minor Collection (Allocation Rate)
[2026-04-03T02:26:45.990+0600][72.634s][info][gc,task     ] GC(111) Using 2 Workers for Young Generation
[2026-04-03T02:26:45.990+0600][72.634s][info][gc,phases   ] GC(111) y: Young Generation
[2026-04-03T02:26:45.990+0600][72.635s][info][gc,phases   ] GC(111) y: Pause Mark Start 0.038ms
[2026-04-03T02:26:46.026+0600][72.671s][info][gc,phases   ] GC(111) y: Concurrent Mark 36.017ms
[2026-04-03T02:26:46.027+0600][72.671s][info][gc,phases   ] GC(111) y: Pause Mark End 0.026ms
[2026-04-03T02:26:46.027+0600][72.671s][info][gc,phases   ] GC(111) y: Concurrent Mark Free 0.001ms
[2026-04-03T02:26:46.027+0600][72.671s][info][gc,phases   ] GC(111) y: Concurrent Reset Relocation Set 0.013ms
[2026-04-03T02:26:46.032+0600][72.676s][info][gc,reloc    ] GC(111) y: Using tenuring threshold: 4 (Computed)
[2026-04-03T02:26:46.032+0600][72.677s][info][gc,phases   ] GC(111) y: Concurrent Select Relocation Set 5.393ms
[2026-04-03T02:26:46.032+0600][72.677s][info][gc,phases   ] GC(111) y: Pause Relocate Start 0.024ms
[2026-04-03T02:26:46.039+0600][72.684s][info][gc,phases   ] GC(111) y: Concurrent Relocate 6.745ms
[2026-04-03T02:26:46.039+0600][72.684s][info][gc,alloc    ] GC(111) y:                         Mark Start        Mark End      Relocate Start    Relocate End   
[2026-04-03T02:26:46.039+0600][72.684s][info][gc,alloc    ] GC(111) y: Allocation Stalls:          0                0                0                0         
[2026-04-03T02:26:46.039+0600][72.684s][info][gc,load     ] GC(111) y: Load: 6.31 (53%) / 6.10 (51%) / 5.93 (49%)
[2026-04-03T02:26:46.039+0600][72.684s][info][gc,mmu      ] GC(111) y: MMU: 2ms/95.2%, 5ms/97.6%, 10ms/98.8%, 20ms/99.4%, 50ms/99.6%, 100ms/99.8%
[2026-04-03T02:26:46.039+0600][72.684s][info][gc,marking  ] GC(111) y: Mark: 2 stripe(s), 2 proactive flush(es), 1 terminate flush(es), 0 completion(s), 0 continuation(s) 
[2026-04-03T02:26:46.039+0600][72.684s][info][gc,marking  ] GC(111) y: Mark Stack Usage: 32M
[2026-04-03T02:26:46.039+0600][72.684s][info][gc,nmethod  ] GC(111) y: NMethods: 14628 registered, 2967 unregistered
[2026-04-03T02:26:46.039+0600][72.684s][info][gc,metaspace] GC(111) y: Metaspace: 128M used, 130M committed, 1152M reserved
[2026-04-03T02:26:46.039+0600][72.684s][info][gc,reloc    ] GC(111) y:                        Candidates     Selected     In-Place         Size        Empty    Relocated 
[2026-04-03T02:26:46.039+0600][72.684s][info][gc,reloc    ] GC(111) y: Small Pages:                  159           83            0         318M         144M           5M 
[2026-04-03T02:26:46.039+0600][72.684s][info][gc,reloc    ] GC(111) y: Medium Pages:                   3            0            0          96M          96M           0M 
[2026-04-03T02:26:46.040+0600][72.684s][info][gc,reloc    ] GC(111) y: Large Pages:                    8            0            0          48M          48M           0M 
[2026-04-03T02:26:46.040+0600][72.684s][info][gc,reloc    ] GC(111) y: Forwarding Usage: 1M
[2026-04-03T02:26:46.040+0600][72.684s][info][gc,reloc    ] GC(111) y: Age Table:
[2026-04-03T02:26:46.040+0600][72.684s][info][gc,reloc    ] GC(111) y:                    Live             Garbage             Small              Medium             Large        
[2026-04-03T02:26:46.040+0600][72.684s][info][gc,reloc    ] GC(111) y: Eden               4M (0%)          441M (35%)        151 / 79             3 / 0              8 / 0        
[2026-04-03T02:26:46.040+0600][72.684s][info][gc,reloc    ] GC(111) y: Survivor 1         1M (0%)            8M (1%)           5 / 1              0 / 0              0 / 0        
[2026-04-03T02:26:46.040+0600][72.684s][info][gc,reloc    ] GC(111) y: Survivor 2         0M (0%)            3M (0%)           2 / 2              0 / 0              0 / 0        
[2026-04-03T02:26:46.040+0600][72.684s][info][gc,reloc    ] GC(111) y: Survivor 3         0M (0%)            1M (0%)           1 / 1              0 / 0              0 / 0        
[2026-04-03T02:26:46.040+0600][72.684s][info][gc,heap     ] GC(111) y: Min Capacity: 8M(1%)
[2026-04-03T02:26:46.040+0600][72.684s][info][gc,heap     ] GC(111) y: Max Capacity: 1250M(100%)
[2026-04-03T02:26:46.040+0600][72.684s][info][gc,heap     ] GC(111) y: Soft Max Capacity: 1250M(100%)
[2026-04-03T02:26:46.040+0600][72.684s][info][gc,heap     ] GC(111) y: Heap Statistics:
[2026-04-03T02:26:46.040+0600][72.684s][info][gc,heap     ] GC(111) y:                Mark Start          Mark End        Relocate Start      Relocate End           High               Low         
[2026-04-03T02:26:46.040+0600][72.684s][info][gc,heap     ] GC(111) y:  Capacity:     1250M (100%)       1250M (100%)       1250M (100%)       1250M (100%)       1250M (100%)       1250M (100%)   
[2026-04-03T02:26:46.040+0600][72.684s][info][gc,heap     ] GC(111) y:      Free:      576M (46%)         526M (42%)         802M (64%)         940M (75%)         940M (75%)         494M (40%)    
[2026-04-03T02:26:46.040+0600][72.684s][info][gc,heap     ] GC(111) y:      Used:      674M (54%)         724M (58%)         448M (36%)         310M (25%)         756M (60%)         310M (25%)    
[2026-04-03T02:26:46.040+0600][72.684s][info][gc,heap     ] GC(111) y: Young Generation Statistics:
[2026-04-03T02:26:46.040+0600][72.684s][info][gc,heap     ] GC(111) y:                Mark Start          Mark End        Relocate Start      Relocate End    
[2026-04-03T02:26:46.040+0600][72.684s][info][gc,heap     ] GC(111) y:      Used:      462M (37%)         512M (41%)         236M (19%)          98M (8%)     
[2026-04-03T02:26:46.040+0600][72.684s][info][gc,heap     ] GC(111) y:      Live:         -                 6M (1%)            6M (1%)            6M (1%)     
[2026-04-03T02:26:46.040+0600][72.684s][info][gc,heap     ] GC(111) y:   Garbage:         -               455M (36%)         167M (13%)           0M (0%)     
[2026-04-03T02:26:46.040+0600][72.684s][info][gc,heap     ] GC(111) y: Allocated:         -                50M (4%)           62M (5%)           91M (7%)     
[2026-04-03T02:26:46.040+0600][72.684s][info][gc,heap     ] GC(111) y: Reclaimed:         -                  -               288M (23%)         455M (36%)    
[2026-04-03T02:26:46.040+0600][72.684s][info][gc,heap     ] GC(111) y:  Promoted:         -                  -                 0M (0%)            0M (0%)     
[2026-04-03T02:26:46.040+0600][72.684s][info][gc,heap     ] GC(111) y: Compacted:         -                  -                  -                 6M (1%)     
[2026-04-03T02:26:46.040+0600][72.685s][info][gc,phases   ] GC(111) y: Young Generation 672M(54%)->310M(25%) 0.050s
[2026-04-03T02:26:46.040+0600][72.685s][info][gc          ] GC(111) Minor Collection (Allocation Rate) 672M(54%)->310M(25%) 0.050s
[2026-04-03T02:26:46.793+0600][73.438s][info][gc          ] GC(112) Minor Collection (Allocation Rate)
[2026-04-03T02:26:46.794+0600][73.438s][info][gc,task     ] GC(112) Using 2 Workers for Young Generation
[2026-04-03T02:26:46.794+0600][73.438s][info][gc,phases   ] GC(112) y: Young Generation
[2026-04-03T02:26:46.794+0600][73.439s][info][gc,phases   ] GC(112) y: Pause Mark Start 0.025ms
[2026-04-03T02:26:46.816+0600][73.460s][info][gc,phases   ] GC(112) y: Concurrent Mark 21.551ms
[2026-04-03T02:26:46.816+0600][73.460s][info][gc,phases   ] GC(112) y: Pause Mark End 0.021ms
[2026-04-03T02:26:46.816+0600][73.461s][info][gc,phases   ] GC(112) y: Concurrent Mark Free 0.002ms
[2026-04-03T02:26:46.816+0600][73.461s][info][gc,phases   ] GC(112) y: Concurrent Reset Relocation Set 0.008ms
[2026-04-03T02:26:46.818+0600][73.462s][info][gc,reloc    ] GC(112) y: Using tenuring threshold: 5 (Computed)
[2026-04-03T02:26:46.818+0600][73.463s][info][gc,phases   ] GC(112) y: Concurrent Select Relocation Set 2.046ms
[2026-04-03T02:26:46.818+0600][73.463s][info][gc,phases   ] GC(112) y: Pause Relocate Start 0.013ms
[2026-04-03T02:26:46.823+0600][73.467s][info][gc,phases   ] GC(112) y: Concurrent Relocate 4.209ms
[2026-04-03T02:26:46.823+0600][73.467s][info][gc,alloc    ] GC(112) y:                         Mark Start        Mark End      Relocate Start    Relocate End   
[2026-04-03T02:26:46.823+0600][73.467s][info][gc,alloc    ] GC(112) y: Allocation Stalls:          0                0                0                0         
[2026-04-03T02:26:46.823+0600][73.467s][info][gc,load     ] GC(112) y: Load: 6.31 (53%) / 6.10 (51%) / 5.93 (49%)
[2026-04-03T02:26:46.823+0600][73.467s][info][gc,mmu      ] GC(112) y: MMU: 2ms/95.2%, 5ms/97.6%, 10ms/98.8%, 20ms/99.4%, 50ms/99.6%, 100ms/99.8%
[2026-04-03T02:26:46.823+0600][73.467s][info][gc,marking  ] GC(112) y: Mark: 2 stripe(s), 2 proactive flush(es), 1 terminate flush(es), 0 completion(s), 0 continuation(s) 
[2026-04-03T02:26:46.823+0600][73.467s][info][gc,marking  ] GC(112) y: Mark Stack Usage: 32M
[2026-04-03T02:26:46.823+0600][73.467s][info][gc,nmethod  ] GC(112) y: NMethods: 14639 registered, 2967 unregistered
[2026-04-03T02:26:46.823+0600][73.467s][info][gc,metaspace] GC(112) y: Metaspace: 128M used, 130M committed, 1152M reserved
[2026-04-03T02:26:46.823+0600][73.467s][info][gc,reloc    ] GC(112) y:                        Candidates     Selected     In-Place         Size        Empty    Relocated 
[2026-04-03T02:26:46.823+0600][73.467s][info][gc,reloc    ] GC(112) y: Small Pages:                  255          158            0         510M         186M           4M 
[2026-04-03T02:26:46.823+0600][73.467s][info][gc,reloc    ] GC(112) y: Medium Pages:                   4            0            0         128M          96M           0M 
[2026-04-03T02:26:46.823+0600][73.467s][info][gc,reloc    ] GC(112) y: Large Pages:                   11            0            0          66M          66M           0M 
[2026-04-03T02:26:46.823+0600][73.467s][info][gc,reloc    ] GC(112) y: Forwarding Usage: 1M
[2026-04-03T02:26:46.823+0600][73.467s][info][gc,reloc    ] GC(112) y: Age Table:
[2026-04-03T02:26:46.823+0600][73.468s][info][gc,reloc    ] GC(112) y:                    Live             Garbage             Small              Medium             Large        
[2026-04-03T02:26:46.823+0600][73.468s][info][gc,reloc    ] GC(112) y: Eden               4M (0%)          671M (54%)        241 / 151            4 / 0             11 / 0        
[2026-04-03T02:26:46.823+0600][73.468s][info][gc,reloc    ] GC(112) y: Survivor 1         0M (0%)           13M (1%)           7 / 2              0 / 0              0 / 0        
[2026-04-03T02:26:46.823+0600][73.468s][info][gc,reloc    ] GC(112) y: Survivor 2         1M (0%)            4M (0%)           3 / 2              0 / 0              0 / 0        
[2026-04-03T02:26:46.823+0600][73.468s][info][gc,reloc    ] GC(112) y: Survivor 3         0M (0%)            5M (0%)           3 / 2              0 / 0              0 / 0        
[2026-04-03T02:26:46.823+0600][73.468s][info][gc,reloc    ] GC(112) y: Survivor 4         0M (0%)            1M (0%)           1 / 1              0 / 0              0 / 0        
[2026-04-03T02:26:46.823+0600][73.468s][info][gc,heap     ] GC(112) y: Min Capacity: 8M(1%)
[2026-04-03T02:26:46.823+0600][73.468s][info][gc,heap     ] GC(112) y: Max Capacity: 1250M(100%)
[2026-04-03T02:26:46.823+0600][73.468s][info][gc,heap     ] GC(112) y: Soft Max Capacity: 1250M(100%)
[2026-04-03T02:26:46.823+0600][73.468s][info][gc,heap     ] GC(112) y: Heap Statistics:
[2026-04-03T02:26:46.823+0600][73.468s][info][gc,heap     ] GC(112) y:                Mark Start          Mark End        Relocate Start      Relocate End           High               Low         
[2026-04-03T02:26:46.823+0600][73.468s][info][gc,heap     ] GC(112) y:  Capacity:     1250M (100%)       1250M (100%)       1250M (100%)       1250M (100%)       1250M (100%)       1250M (100%)   
[2026-04-03T02:26:46.823+0600][73.468s][info][gc,heap     ] GC(112) y:      Free:      334M (27%)         282M (23%)         630M (50%)         928M (74%)         930M (74%)         282M (23%)    
[2026-04-03T02:26:46.823+0600][73.468s][info][gc,heap     ] GC(112) y:      Used:      916M (73%)         968M (77%)         620M (50%)         322M (26%)         968M (77%)         320M (26%)    
[2026-04-03T02:26:46.823+0600][73.468s][info][gc,heap     ] GC(112) y: Young Generation Statistics:
[2026-04-03T02:26:46.823+0600][73.468s][info][gc,heap     ] GC(112) y:                Mark Start          Mark End        Relocate Start      Relocate End    
[2026-04-03T02:26:46.823+0600][73.468s][info][gc,heap     ] GC(112) y:      Used:      704M (56%)         756M (60%)         408M (33%)         110M (9%)     
[2026-04-03T02:26:46.823+0600][73.468s][info][gc,heap     ] GC(112) y:      Live:         -                 7M (1%)            7M (1%)            7M (1%)     
[2026-04-03T02:26:46.823+0600][73.468s][info][gc,heap     ] GC(112) y:   Garbage:         -               696M (56%)         348M (28%)          30M (2%)     
[2026-04-03T02:26:46.823+0600][73.468s][info][gc,heap     ] GC(112) y: Allocated:         -                52M (4%)           52M (4%)           71M (6%)     
[2026-04-03T02:26:46.823+0600][73.468s][info][gc,heap     ] GC(112) y: Reclaimed:         -                  -               348M (28%)         665M (53%)    
[2026-04-03T02:26:46.823+0600][73.468s][info][gc,heap     ] GC(112) y:  Promoted:         -                  -                 0M (0%)            0M (0%)     
[2026-04-03T02:26:46.823+0600][73.468s][info][gc,heap     ] GC(112) y: Compacted:         -                  -                  -                 6M (0%)     
[2026-04-03T02:26:46.823+0600][73.468s][info][gc,phases   ] GC(112) y: Young Generation 916M(73%)->322M(26%) 0.029s
[2026-04-03T02:26:46.823+0600][73.468s][info][gc          ] GC(112) Minor Collection (Allocation Rate) 916M(73%)->322M(26%) 0.030s
[2026-04-03T02:26:47.261+0600][73.906s][info][gc          ] GC(113) Minor Collection (Allocation Rate)
[2026-04-03T02:26:47.261+0600][73.906s][info][gc,task     ] GC(113) Using 3 Workers for Young Generation
[2026-04-03T02:26:47.261+0600][73.906s][info][gc,phases   ] GC(113) y: Young Generation
[2026-04-03T02:26:47.262+0600][73.906s][info][gc,phases   ] GC(113) y: Pause Mark Start 0.022ms
[2026-04-03T02:26:47.284+0600][73.929s][info][gc,phases   ] GC(113) y: Concurrent Mark 22.290ms
[2026-04-03T02:26:47.284+0600][73.929s][info][gc,phases   ] GC(113) y: Pause Mark End 0.026ms
[2026-04-03T02:26:47.284+0600][73.929s][info][gc,phases   ] GC(113) y: Concurrent Mark Free 0.001ms
[2026-04-03T02:26:47.284+0600][73.929s][info][gc,phases   ] GC(113) y: Concurrent Reset Relocation Set 0.020ms
[2026-04-03T02:26:47.285+0600][73.929s][info][gc          ] Allocation Stall (Executor task launch worker for task 0.0 in stage 2580.0 (TID 4833)) 8.279ms
[2026-04-03T02:26:47.285+0600][73.929s][info][gc          ] Allocation Stall (Executor task launch worker for task 2.0 in stage 2580.0 (TID 4835)) 11.020ms
[2026-04-03T02:26:47.285+0600][73.929s][info][gc          ] Allocation Stall (Executor task launch worker for task 1.0 in stage 2580.0 (TID 4834)) 11.117ms
[2026-04-03T02:26:47.285+0600][73.929s][info][gc          ] Allocation Stall (Executor task launch worker for task 3.0 in stage 2580.0 (TID 4836)) 12.511ms
[2026-04-03T02:26:47.287+0600][73.931s][info][gc,reloc    ] GC(113) y: Using tenuring threshold: 5 (Computed)
[2026-04-03T02:26:47.288+0600][73.932s][info][gc,phases   ] GC(113) y: Concurrent Select Relocation Set 3.108ms
[2026-04-03T02:26:47.290+0600][73.935s][info][gc,phases   ] GC(113) y: Pause Relocate Start 0.019ms
[2026-04-03T02:26:47.295+0600][73.939s][info][gc,phases   ] GC(113) y: Concurrent Relocate 4.732ms
[2026-04-03T02:26:47.295+0600][73.939s][info][gc,alloc    ] GC(113) y:                         Mark Start        Mark End      Relocate Start    Relocate End   
[2026-04-03T02:26:47.295+0600][73.940s][info][gc,alloc    ] GC(113) y: Allocation Stalls:          0                4                0                0         
[2026-04-03T02:26:47.295+0600][73.940s][info][gc,load     ] GC(113) y: Load: 6.31 (53%) / 6.10 (51%) / 5.93 (49%)
[2026-04-03T02:26:47.295+0600][73.940s][info][gc,mmu      ] GC(113) y: MMU: 2ms/95.2%, 5ms/97.6%, 10ms/98.8%, 20ms/99.4%, 50ms/99.6%, 100ms/99.8%
[2026-04-03T02:26:47.295+0600][73.940s][info][gc,marking  ] GC(113) y: Mark: 2 stripe(s), 2 proactive flush(es), 1 terminate flush(es), 0 completion(s), 0 continuation(s) 
[2026-04-03T02:26:47.295+0600][73.940s][info][gc,marking  ] GC(113) y: Mark Stack Usage: 32M
[2026-04-03T02:26:47.295+0600][73.940s][info][gc,nmethod  ] GC(113) y: NMethods: 14654 registered, 2967 unregistered
[2026-04-03T02:26:47.295+0600][73.940s][info][gc,metaspace] GC(113) y: Metaspace: 128M used, 130M committed, 1152M reserved
[2026-04-03T02:26:47.295+0600][73.940s][info][gc,reloc    ] GC(113) y:                        Candidates     Selected     In-Place         Size        Empty    Relocated 
[2026-04-03T02:26:47.295+0600][73.940s][info][gc,reloc    ] GC(113) y: Small Pages:                  260           90            0         520M         328M           6M 
[2026-04-03T02:26:47.295+0600][73.940s][info][gc,reloc    ] GC(113) y: Medium Pages:                   3            0            0          96M          96M           0M 
[2026-04-03T02:26:47.295+0600][73.940s][info][gc,reloc    ] GC(113) y: Large Pages:                   42            0            0         252M         234M           0M 
[2026-04-03T02:26:47.295+0600][73.940s][info][gc,reloc    ] GC(113) y: Forwarding Usage: 1M
[2026-04-03T02:26:47.295+0600][73.940s][info][gc,reloc    ] GC(113) y: Age Table:
[2026-04-03T02:26:47.295+0600][73.940s][info][gc,reloc    ] GC(113) y:                    Live             Garbage             Small              Medium             Large        
[2026-04-03T02:26:47.295+0600][73.940s][info][gc,reloc    ] GC(113) y: Eden              22M (2%)          789M (63%)        248 / 80             2 / 0             42 / 0        
[2026-04-03T02:26:47.295+0600][73.940s][info][gc,reloc    ] GC(113) y: Survivor 1         2M (0%)           33M (3%)           2 / 0              1 / 0              0 / 0        
[2026-04-03T02:26:47.295+0600][73.940s][info][gc,reloc    ] GC(113) y: Survivor 2         0M (0%)            3M (0%)           2 / 2              0 / 0              0 / 0        
[2026-04-03T02:26:47.295+0600][73.940s][info][gc,reloc    ] GC(113) y: Survivor 3         1M (0%)            6M (1%)           4 / 4              0 / 0              0 / 0        
[2026-04-03T02:26:47.295+0600][73.940s][info][gc,reloc    ] GC(113) y: Survivor 4         0M (0%)            5M (0%)           3 / 3              0 / 0              0 / 0        
[2026-04-03T02:26:47.295+0600][73.940s][info][gc,reloc    ] GC(113) y: Survivor 5         0M (0%)            1M (0%)           1 / 1              0 / 0              0 / 0        
[2026-04-03T02:26:47.295+0600][73.940s][info][gc,heap     ] GC(113) y: Min Capacity: 8M(1%)
[2026-04-03T02:26:47.295+0600][73.940s][info][gc,heap     ] GC(113) y: Max Capacity: 1250M(100%)
[2026-04-03T02:26:47.295+0600][73.940s][info][gc,heap     ] GC(113) y: Soft Max Capacity: 1250M(100%)
[2026-04-03T02:26:47.295+0600][73.940s][info][gc,heap     ] GC(113) y: Heap Statistics:
[2026-04-03T02:26:47.295+0600][73.940s][info][gc,heap     ] GC(113) y:                Mark Start          Mark End        Relocate Start      Relocate End           High               Low         
[2026-04-03T02:26:47.295+0600][73.940s][info][gc,heap     ] GC(113) y:  Capacity:     1250M (100%)       1250M (100%)       1250M (100%)       1250M (100%)       1250M (100%)       1250M (100%)   
[2026-04-03T02:26:47.295+0600][73.940s][info][gc,heap     ] GC(113) y:      Free:      170M (14%)           4M (0%)          612M (49%)         752M (60%)         764M (61%)           4M (0%)     
[2026-04-03T02:26:47.295+0600][73.940s][info][gc,heap     ] GC(113) y:      Used:     1080M (86%)        1246M (100%)        638M (51%)         498M (40%)        1246M (100%)        486M (39%)    
[2026-04-03T02:26:47.295+0600][73.940s][info][gc,heap     ] GC(113) y: Young Generation Statistics:
[2026-04-03T02:26:47.295+0600][73.940s][info][gc,heap     ] GC(113) y:                Mark Start          Mark End        Relocate Start      Relocate End    
[2026-04-03T02:26:47.295+0600][73.940s][info][gc,heap     ] GC(113) y:      Used:      868M (69%)        1034M (83%)         426M (34%)         284M (23%)    
[2026-04-03T02:26:47.295+0600][73.940s][info][gc,heap     ] GC(113) y:      Live:         -                28M (2%)           28M (2%)           28M (2%)     
[2026-04-03T02:26:47.295+0600][73.940s][info][gc,heap     ] GC(113) y:   Garbage:         -               839M (67%)         181M (15%)           0M (0%)     
[2026-04-03T02:26:47.295+0600][73.940s][info][gc,heap     ] GC(113) y: Allocated:         -               166M (13%)         216M (17%)         255M (20%)    
[2026-04-03T02:26:47.295+0600][73.940s][info][gc,heap     ] GC(113) y: Reclaimed:         -                  -               658M (53%)         839M (67%)    
[2026-04-03T02:26:47.295+0600][73.940s][info][gc,heap     ] GC(113) y:  Promoted:         -                  -                 0M (0%)            0M (0%)     
[2026-04-03T02:26:47.295+0600][73.940s][info][gc,heap     ] GC(113) y: Compacted:         -                  -                  -                 8M (1%)     
[2026-04-03T02:26:47.295+0600][73.940s][info][gc,phases   ] GC(113) y: Young Generation 1080M(86%)->498M(40%) 0.033s
[2026-04-03T02:26:47.295+0600][73.940s][info][gc          ] GC(113) Minor Collection (Allocation Rate) 1080M(86%)->508M(41%) 0.034s
[2026-04-03T02:26:47.362+0600][74.006s][info][gc          ] GC(114) Minor Collection (Allocation Rate)
[2026-04-03T02:26:47.362+0600][74.006s][info][gc,task     ] GC(114) Using 2 Workers for Young Generation
[2026-04-03T02:26:47.362+0600][74.006s][info][gc,phases   ] GC(114) y: Young Generation
[2026-04-03T02:26:47.362+0600][74.007s][info][gc,phases   ] GC(114) y: Pause Mark Start 0.040ms
[2026-04-03T02:26:47.394+0600][74.038s][info][gc,phases   ] GC(114) y: Concurrent Mark 31.588ms
[2026-04-03T02:26:47.394+0600][74.039s][info][gc,phases   ] GC(114) y: Pause Mark End 0.025ms
[2026-04-03T02:26:47.394+0600][74.039s][info][gc,phases   ] GC(114) y: Concurrent Mark Free 0.002ms
[2026-04-03T02:26:47.394+0600][74.039s][info][gc,phases   ] GC(114) y: Concurrent Reset Relocation Set 0.013ms
[2026-04-03T02:26:47.400+0600][74.044s][info][gc,reloc    ] GC(114) y: Using tenuring threshold: 3 (Computed)
[2026-04-03T02:26:47.401+0600][74.046s][info][gc,phases   ] GC(114) y: Concurrent Select Relocation Set 7.045ms
[2026-04-03T02:26:47.401+0600][74.046s][info][gc,phases   ] GC(114) y: Pause Relocate Start 0.022ms
[2026-04-03T02:26:47.407+0600][74.052s][info][gc,phases   ] GC(114) y: Concurrent Relocate 5.302ms
[2026-04-03T02:26:47.407+0600][74.052s][info][gc,alloc    ] GC(114) y:                         Mark Start        Mark End      Relocate Start    Relocate End   
[2026-04-03T02:26:47.407+0600][74.052s][info][gc,alloc    ] GC(114) y: Allocation Stalls:          0                0                0                0         
[2026-04-03T02:26:47.407+0600][74.052s][info][gc,load     ] GC(114) y: Load: 6.31 (53%) / 6.10 (51%) / 5.93 (49%)
[2026-04-03T02:26:47.407+0600][74.052s][info][gc,mmu      ] GC(114) y: MMU: 2ms/95.2%, 5ms/97.6%, 10ms/98.8%, 20ms/99.4%, 50ms/99.6%, 100ms/99.8%
[2026-04-03T02:26:47.407+0600][74.052s][info][gc,marking  ] GC(114) y: Mark: 2 stripe(s), 3 proactive flush(es), 1 terminate flush(es), 0 completion(s), 0 continuation(s) 
[2026-04-03T02:26:47.407+0600][74.052s][info][gc,marking  ] GC(114) y: Mark Stack Usage: 32M
[2026-04-03T02:26:47.407+0600][74.052s][info][gc,nmethod  ] GC(114) y: NMethods: 14657 registered, 2967 unregistered
[2026-04-03T02:26:47.407+0600][74.052s][info][gc,metaspace] GC(114) y: Metaspace: 128M used, 130M committed, 1152M reserved
[2026-04-03T02:26:47.407+0600][74.052s][info][gc,reloc    ] GC(114) y:                        Candidates     Selected     In-Place         Size        Empty    Relocated 
[2026-04-03T02:26:47.407+0600][74.052s][info][gc,reloc    ] GC(114) y: Small Pages:                   56           42            0         112M          14M           5M 
[2026-04-03T02:26:47.407+0600][74.052s][info][gc,reloc    ] GC(114) y: Medium Pages:                   1            0            0          32M          32M           0M 
[2026-04-03T02:26:47.407+0600][74.052s][info][gc,reloc    ] GC(114) y: Large Pages:                   58            0            0         348M         330M           0M 
[2026-04-03T02:26:47.407+0600][74.052s][info][gc,reloc    ] GC(114) y: Forwarding Usage: 1M
[2026-04-03T02:26:47.407+0600][74.052s][info][gc,reloc    ] GC(114) y: Age Table:
[2026-04-03T02:26:47.407+0600][74.052s][info][gc,reloc    ] GC(114) y:                    Live             Garbage             Small              Medium             Large        
[2026-04-03T02:26:47.407+0600][74.052s][info][gc,reloc    ] GC(114) y: Eden              21M (2%)          420M (34%)         40 / 32             1 / 0             55 / 0        
[2026-04-03T02:26:47.407+0600][74.052s][info][gc,reloc    ] GC(114) y: Survivor 1         2M (0%)           29M (2%)           7 / 6              0 / 0              3 / 0        
[2026-04-03T02:26:47.407+0600][74.052s][info][gc,reloc    ] GC(114) y: Survivor 2         2M (0%)            1M (0%)           2 / 0              0 / 0              0 / 0        
[2026-04-03T02:26:47.407+0600][74.052s][info][gc,reloc    ] GC(114) y: Survivor 3         0M (0%)            3M (0%)           2 / 1              0 / 0              0 / 0        
[2026-04-03T02:26:47.407+0600][74.052s][info][gc,reloc    ] GC(114) y: Survivor 4         1M (0%)            2M (0%)           2 / 0              0 / 0              0 / 0        
[2026-04-03T02:26:47.407+0600][74.052s][info][gc,reloc    ] GC(114) y: Survivor 5         0M (0%)            5M (0%)           3 / 3              0 / 0              0 / 0        
[2026-04-03T02:26:47.407+0600][74.052s][info][gc,heap     ] GC(114) y: Min Capacity: 8M(1%)
[2026-04-03T02:26:47.407+0600][74.052s][info][gc,heap     ] GC(114) y: Max Capacity: 1250M(100%)
[2026-04-03T02:26:47.407+0600][74.052s][info][gc,heap     ] GC(114) y: Soft Max Capacity: 1250M(100%)
[2026-04-03T02:26:47.407+0600][74.052s][info][gc,heap     ] GC(114) y: Heap Statistics:
[2026-04-03T02:26:47.407+0600][74.052s][info][gc,heap     ] GC(114) y:                Mark Start          Mark End        Relocate Start      Relocate End           High               Low         
[2026-04-03T02:26:47.407+0600][74.052s][info][gc,heap     ] GC(114) y:  Capacity:     1250M (100%)       1250M (100%)       1250M (100%)       1250M (100%)       1250M (100%)       1250M (100%)   
[2026-04-03T02:26:47.407+0600][74.052s][info][gc,heap     ] GC(114) y:      Free:      544M (44%)         234M (19%)         588M (47%)         662M (53%)         662M (53%)         224M (18%)    
[2026-04-03T02:26:47.407+0600][74.052s][info][gc,heap     ] GC(114) y:      Used:      706M (56%)        1016M (81%)         662M (53%)         588M (47%)        1026M (82%)         588M (47%)    
[2026-04-03T02:26:47.407+0600][74.052s][info][gc,heap     ] GC(114) y: Young Generation Statistics:
[2026-04-03T02:26:47.407+0600][74.052s][info][gc,heap     ] GC(114) y:                Mark Start          Mark End        Relocate Start      Relocate End    
[2026-04-03T02:26:47.407+0600][74.052s][info][gc,heap     ] GC(114) y:      Used:      492M (39%)         802M (64%)         446M (36%)         368M (29%)    
[2026-04-03T02:26:47.407+0600][74.052s][info][gc,heap     ] GC(114) y:      Live:         -                28M (2%)           27M (2%)           25M (2%)     
[2026-04-03T02:26:47.407+0600][74.052s][info][gc,heap     ] GC(114) y:   Garbage:         -               463M (37%)          86M (7%)            0M (0%)     
[2026-04-03T02:26:47.407+0600][74.052s][info][gc,heap     ] GC(114) y: Allocated:         -               310M (25%)         332M (27%)         342M (27%)    
[2026-04-03T02:26:47.407+0600][74.052s][info][gc,heap     ] GC(114) y: Reclaimed:         -                  -               377M (30%)         463M (37%)    
[2026-04-03T02:26:47.407+0600][74.052s][info][gc,heap     ] GC(114) y:  Promoted:         -                  -                 0M (0%)            3M (0%)     
[2026-04-03T02:26:47.407+0600][74.052s][info][gc,heap     ] GC(114) y: Compacted:         -                  -                  -                 5M (0%)     
[2026-04-03T02:26:47.407+0600][74.052s][info][gc,phases   ] GC(114) y: Young Generation 706M(56%)->588M(47%) 0.045s
[2026-04-03T02:26:47.407+0600][74.052s][info][gc          ] GC(114) Minor Collection (Allocation Rate) 706M(56%)->588M(47%) 0.046s
[2026-04-03T02:26:47.407+0600][74.052s][info][gc          ] GC(115) Minor Collection (Allocation Rate)
[2026-04-03T02:26:47.408+0600][74.052s][info][gc,task     ] GC(115) Using 3 Workers for Young Generation
[2026-04-03T02:26:47.408+0600][74.052s][info][gc,phases   ] GC(115) y: Young Generation
[2026-04-03T02:26:47.408+0600][74.052s][info][gc,phases   ] GC(115) y: Pause Mark Start 0.022ms
[2026-04-03T02:26:47.430+0600][74.074s][info][gc,phases   ] GC(115) y: Concurrent Mark 21.730ms
[2026-04-03T02:26:47.430+0600][74.075s][info][gc,phases   ] GC(115) y: Pause Mark End 0.026ms
[2026-04-03T02:26:47.430+0600][74.075s][info][gc,phases   ] GC(115) y: Concurrent Mark Free 0.003ms
[2026-04-03T02:26:47.430+0600][74.075s][info][gc,phases   ] GC(115) y: Concurrent Reset Relocation Set 0.017ms
[2026-04-03T02:26:47.434+0600][74.079s][info][gc,reloc    ] GC(115) y: Using tenuring threshold: 1 (Computed)
[2026-04-03T02:26:47.436+0600][74.080s][info][gc,phases   ] GC(115) y: Concurrent Select Relocation Set 5.596ms
[2026-04-03T02:26:47.436+0600][74.081s][info][gc,phases   ] GC(115) y: Pause Relocate Start 0.019ms
[2026-04-03T02:26:47.441+0600][74.085s][info][gc,phases   ] GC(115) y: Concurrent Relocate 4.050ms
[2026-04-03T02:26:47.441+0600][74.086s][info][gc,alloc    ] GC(115) y:                         Mark Start        Mark End      Relocate Start    Relocate End   
[2026-04-03T02:26:47.441+0600][74.086s][info][gc,alloc    ] GC(115) y: Allocation Stalls:          0                0                0                0         
[2026-04-03T02:26:47.441+0600][74.086s][info][gc,load     ] GC(115) y: Load: 6.31 (53%) / 6.10 (51%) / 5.93 (49%)
[2026-04-03T02:26:47.441+0600][74.086s][info][gc,mmu      ] GC(115) y: MMU: 2ms/95.2%, 5ms/97.6%, 10ms/98.8%, 20ms/99.4%, 50ms/99.6%, 100ms/99.8%
[2026-04-03T02:26:47.441+0600][74.086s][info][gc,marking  ] GC(115) y: Mark: 2 stripe(s), 2 proactive flush(es), 1 terminate flush(es), 0 completion(s), 0 continuation(s) 
[2026-04-03T02:26:47.441+0600][74.086s][info][gc,marking  ] GC(115) y: Mark Stack Usage: 32M
[2026-04-03T02:26:47.441+0600][74.086s][info][gc,nmethod  ] GC(115) y: NMethods: 14658 registered, 2967 unregistered
[2026-04-03T02:26:47.441+0600][74.086s][info][gc,metaspace] GC(115) y: Metaspace: 128M used, 130M committed, 1152M reserved
[2026-04-03T02:26:47.441+0600][74.086s][info][gc,reloc    ] GC(115) y:                        Candidates     Selected     In-Place         Size        Empty    Relocated 
[2026-04-03T02:26:47.441+0600][74.086s][info][gc,reloc    ] GC(115) y: Small Pages:                   24           14            0          48M          12M           1M 
[2026-04-03T02:26:47.441+0600][74.086s][info][gc,reloc    ] GC(115) y: Medium Pages:                   1            0            0          32M          32M           0M 
[2026-04-03T02:26:47.441+0600][74.086s][info][gc,reloc    ] GC(115) y: Large Pages:                   48            0            0         288M         288M           0M 
[2026-04-03T02:26:47.441+0600][74.086s][info][gc,reloc    ] GC(115) y: Forwarding Usage: 0M
[2026-04-03T02:26:47.441+0600][74.086s][info][gc,reloc    ] GC(115) y: Age Table:
[2026-04-03T02:26:47.441+0600][74.086s][info][gc,reloc    ] GC(115) y:                    Live             Garbage             Small              Medium             Large        
[2026-04-03T02:26:47.441+0600][74.086s][info][gc,reloc    ] GC(115) y: Eden               0M (0%)          331M (27%)         15 / 10             1 / 0             45 / 0        
[2026-04-03T02:26:47.441+0600][74.086s][info][gc,reloc    ] GC(115) y: Survivor 1         0M (0%)           25M (2%)           4 / 2              0 / 0              3 / 0        
[2026-04-03T02:26:47.441+0600][74.086s][info][gc,reloc    ] GC(115) y: Survivor 2         2M (0%)            3M (0%)           3 / 2              0 / 0              0 / 0        
[2026-04-03T02:26:47.441+0600][74.086s][info][gc,reloc    ] GC(115) y: Survivor 3         2M (0%)            1M (0%)           2 / 0              0 / 0              0 / 0        
[2026-04-03T02:26:47.441+0600][74.086s][info][gc,heap     ] GC(115) y: Min Capacity: 8M(1%)
[2026-04-03T02:26:47.441+0600][74.086s][info][gc,heap     ] GC(115) y: Max Capacity: 1250M(100%)
[2026-04-03T02:26:47.441+0600][74.086s][info][gc,heap     ] GC(115) y: Soft Max Capacity: 1250M(100%)
[2026-04-03T02:26:47.441+0600][74.086s][info][gc,heap     ] GC(115) y: Heap Statistics:
[2026-04-03T02:26:47.441+0600][74.086s][info][gc,heap     ] GC(115) y:                Mark Start          Mark End        Relocate Start      Relocate End           High               Low         
[2026-04-03T02:26:47.441+0600][74.086s][info][gc,heap     ] GC(115) y:  Capacity:     1250M (100%)       1250M (100%)       1250M (100%)       1250M (100%)       1250M (100%)       1250M (100%)   
[2026-04-03T02:26:47.441+0600][74.086s][info][gc,heap     ] GC(115) y:      Free:      662M (53%)         620M (50%)         904M (72%)         920M (74%)         938M (75%)         606M (48%)    
[2026-04-03T02:26:47.441+0600][74.086s][info][gc,heap     ] GC(115) y:      Used:      588M (47%)         630M (50%)         346M (28%)         330M (26%)         644M (52%)         312M (25%)    
[2026-04-03T02:26:47.441+0600][74.086s][info][gc,heap     ] GC(115) y: Young Generation Statistics:
[2026-04-03T02:26:47.441+0600][74.086s][info][gc,heap     ] GC(115) y:                Mark Start          Mark End        Relocate Start      Relocate End    
[2026-04-03T02:26:47.441+0600][74.086s][info][gc,heap     ] GC(115) y:      Used:      368M (29%)         410M (33%)         120M (10%)          98M (8%)     
[2026-04-03T02:26:47.441+0600][74.086s][info][gc,heap     ] GC(115) y:      Live:         -                 5M (0%)            1M (0%)            0M (0%)     
[2026-04-03T02:26:47.441+0600][74.086s][info][gc,heap     ] GC(115) y:   Garbage:         -               362M (29%)          28M (2%)            0M (0%)     
[2026-04-03T02:26:47.441+0600][74.086s][info][gc,heap     ] GC(115) y: Allocated:         -                42M (3%)           90M (7%)           97M (8%)     
[2026-04-03T02:26:47.441+0600][74.086s][info][gc,heap     ] GC(115) y: Reclaimed:         -                  -               334M (27%)         362M (29%)    
[2026-04-03T02:26:47.441+0600][74.086s][info][gc,heap     ] GC(115) y:  Promoted:         -                  -                 3M (0%)            5M (0%)     
[2026-04-03T02:26:47.441+0600][74.086s][info][gc,heap     ] GC(115) y: Compacted:         -                  -                  -                 0M (0%)     
[2026-04-03T02:26:47.441+0600][74.086s][info][gc,phases   ] GC(115) y: Young Generation 588M(47%)->330M(26%) 0.033s
[2026-04-03T02:26:47.441+0600][74.086s][info][gc          ] GC(115) Minor Collection (Allocation Rate) 588M(47%)->330M(26%) 0.034s
[2026-04-03T02:26:47.473+0600][74.118s][info][gc          ] GC(116) Minor Collection (Allocation Rate)
[2026-04-03T02:26:47.473+0600][74.118s][info][gc,task     ] GC(116) Using 2 Workers for Young Generation
[2026-04-03T02:26:47.473+0600][74.118s][info][gc,phases   ] GC(116) y: Young Generation
[2026-04-03T02:26:47.474+0600][74.118s][info][gc,phases   ] GC(116) y: Pause Mark Start 0.016ms
[2026-04-03T02:26:47.492+0600][74.136s][info][gc,phases   ] GC(116) y: Concurrent Mark 17.976ms
[2026-04-03T02:26:47.492+0600][74.137s][info][gc,phases   ] GC(116) y: Pause Mark End 0.029ms
[2026-04-03T02:26:47.492+0600][74.137s][info][gc,phases   ] GC(116) y: Concurrent Mark Free 0.001ms
[2026-04-03T02:26:47.492+0600][74.137s][info][gc,phases   ] GC(116) y: Concurrent Reset Relocation Set 0.021ms
[2026-04-03T02:26:47.496+0600][74.141s][info][gc,reloc    ] GC(116) y: Using tenuring threshold: 2 (Computed)
[2026-04-03T02:26:47.496+0600][74.141s][info][gc,phases   ] GC(116) y: Concurrent Select Relocation Set 3.782ms
[2026-04-03T02:26:47.496+0600][74.141s][info][gc,phases   ] GC(116) y: Pause Relocate Start 0.019ms
[2026-04-03T02:26:47.497+0600][74.142s][info][gc,phases   ] GC(116) y: Concurrent Relocate 0.952ms
[2026-04-03T02:26:47.497+0600][74.142s][info][gc,alloc    ] GC(116) y:                         Mark Start        Mark End      Relocate Start    Relocate End   
[2026-04-03T02:26:47.497+0600][74.142s][info][gc,alloc    ] GC(116) y: Allocation Stalls:          0                0                0                0         
[2026-04-03T02:26:47.497+0600][74.142s][info][gc,load     ] GC(116) y: Load: 6.31 (53%) / 6.10 (51%) / 5.93 (49%)
[2026-04-03T02:26:47.497+0600][74.142s][info][gc,mmu      ] GC(116) y: MMU: 2ms/95.2%, 5ms/97.6%, 10ms/98.8%, 20ms/99.4%, 50ms/99.6%, 100ms/99.8%
[2026-04-03T02:26:47.497+0600][74.142s][info][gc,marking  ] GC(116) y: Mark: 2 stripe(s), 2 proactive flush(es), 1 terminate flush(es), 0 completion(s), 0 continuation(s) 
[2026-04-03T02:26:47.497+0600][74.142s][info][gc,marking  ] GC(116) y: Mark Stack Usage: 32M
[2026-04-03T02:26:47.497+0600][74.142s][info][gc,nmethod  ] GC(116) y: NMethods: 14660 registered, 2967 unregistered
[2026-04-03T02:26:47.497+0600][74.142s][info][gc,metaspace] GC(116) y: Metaspace: 128M used, 130M committed, 1152M reserved
[2026-04-03T02:26:47.497+0600][74.142s][info][gc,reloc    ] GC(116) y:                        Candidates     Selected     In-Place         Size        Empty    Relocated 
[2026-04-03T02:26:47.498+0600][74.142s][info][gc,reloc    ] GC(116) y: Small Pages:                   37           29            0          74M          14M           0M 
[2026-04-03T02:26:47.498+0600][74.142s][info][gc,reloc    ] GC(116) y: Medium Pages:                   1            0            0          32M          32M           0M 
[2026-04-03T02:26:47.498+0600][74.142s][info][gc,reloc    ] GC(116) y: Large Pages:                    1            0            0           6M           6M           0M 
[2026-04-03T02:26:47.498+0600][74.142s][info][gc,reloc    ] GC(116) y: Forwarding Usage: 0M
[2026-04-03T02:26:47.498+0600][74.142s][info][gc,reloc    ] GC(116) y: Age Table:
[2026-04-03T02:26:47.498+0600][74.142s][info][gc,reloc    ] GC(116) y:                    Live             Garbage             Small              Medium             Large        
[2026-04-03T02:26:47.498+0600][74.142s][info][gc,reloc    ] GC(116) y: Eden               0M (0%)          109M (9%)          36 / 28             1 / 0              1 / 0        
[2026-04-03T02:26:47.498+0600][74.142s][info][gc,reloc    ] GC(116) y: Survivor 1         0M (0%)            1M (0%)           1 / 1              0 / 0              0 / 0        
[2026-04-03T02:26:47.498+0600][74.142s][info][gc,heap     ] GC(116) y: Min Capacity: 8M(1%)
[2026-04-03T02:26:47.498+0600][74.142s][info][gc,heap     ] GC(116) y: Max Capacity: 1250M(100%)
[2026-04-03T02:26:47.498+0600][74.142s][info][gc,heap     ] GC(116) y: Soft Max Capacity: 1250M(100%)
[2026-04-03T02:26:47.498+0600][74.142s][info][gc,heap     ] GC(116) y: Heap Statistics:
[2026-04-03T02:26:47.498+0600][74.142s][info][gc,heap     ] GC(116) y:                Mark Start          Mark End        Relocate Start      Relocate End           High               Low         
[2026-04-03T02:26:47.498+0600][74.142s][info][gc,heap     ] GC(116) y:  Capacity:     1250M (100%)       1250M (100%)       1250M (100%)       1250M (100%)       1250M (100%)       1250M (100%)   
[2026-04-03T02:26:47.498+0600][74.142s][info][gc,heap     ] GC(116) y:      Free:      906M (72%)         832M (67%)         878M (70%)         930M (74%)         930M (74%)         826M (66%)    
[2026-04-03T02:26:47.498+0600][74.142s][info][gc,heap     ] GC(116) y:      Used:      344M (28%)         418M (33%)         372M (30%)         320M (26%)         424M (34%)         320M (26%)    
[2026-04-03T02:26:47.498+0600][74.142s][info][gc,heap     ] GC(116) y: Young Generation Statistics:
[2026-04-03T02:26:47.498+0600][74.142s][info][gc,heap     ] GC(116) y:                Mark Start          Mark End        Relocate Start      Relocate End    
[2026-04-03T02:26:47.498+0600][74.142s][info][gc,heap     ] GC(116) y:      Used:      112M (9%)          186M (15%)         140M (11%)          88M (7%)     
[2026-04-03T02:26:47.498+0600][74.142s][info][gc,heap     ] GC(116) y:      Live:         -                 0M (0%)            0M (0%)            0M (0%)     
[2026-04-03T02:26:47.498+0600][74.142s][info][gc,heap     ] GC(116) y:   Garbage:         -               111M (9%)           59M (5%)            0M (0%)     
[2026-04-03T02:26:47.498+0600][74.142s][info][gc,heap     ] GC(116) y: Allocated:         -                74M (6%)           80M (6%)           87M (7%)     
[2026-04-03T02:26:47.498+0600][74.142s][info][gc,heap     ] GC(116) y: Reclaimed:         -                  -                52M (4%)          111M (9%)     
[2026-04-03T02:26:47.498+0600][74.142s][info][gc,heap     ] GC(116) y:  Promoted:         -                  -                 0M (0%)            0M (0%)     
[2026-04-03T02:26:47.498+0600][74.142s][info][gc,heap     ] GC(116) y: Compacted:         -                  -                  -                 0M (0%)     
[2026-04-03T02:26:47.498+0600][74.142s][info][gc,phases   ] GC(116) y: Young Generation 344M(28%)->320M(26%) 0.024s
[2026-04-03T02:26:47.498+0600][74.142s][info][gc          ] GC(116) Minor Collection (Allocation Rate) 344M(28%)->320M(26%) 0.024s
[2026-04-03T02:26:48.147+0600][74.792s][info][gc          ] GC(117) Major Collection (Allocation Rate)
[2026-04-03T02:26:48.147+0600][74.792s][info][gc,task     ] GC(117) Using 3 Workers for Young Generation
[2026-04-03T02:26:48.147+0600][74.792s][info][gc,task     ] GC(117) Using 1 Workers for Old Generation
[2026-04-03T02:26:48.147+0600][74.792s][info][gc,phases   ] GC(117) Y: Young Generation
[2026-04-03T02:26:48.147+0600][74.792s][info][gc,phases   ] GC(117) Y: Pause Mark Start (Major) 0.029ms
[2026-04-03T02:26:48.180+0600][74.825s][info][gc,phases   ] GC(117) Y: Concurrent Mark 32.665ms
[2026-04-03T02:26:48.180+0600][74.825s][info][gc,phases   ] GC(117) Y: Pause Mark End 0.026ms
[2026-04-03T02:26:48.180+0600][74.825s][info][gc,phases   ] GC(117) Y: Concurrent Mark Free 0.002ms
[2026-04-03T02:26:48.180+0600][74.825s][info][gc,phases   ] GC(117) Y: Concurrent Reset Relocation Set 0.008ms
[2026-04-03T02:26:48.183+0600][74.828s][info][gc,reloc    ] GC(117) Y: Using tenuring threshold: 3 (Computed)
[2026-04-03T02:26:48.184+0600][74.829s][info][gc,phases   ] GC(117) Y: Concurrent Select Relocation Set 3.519ms
[2026-04-03T02:26:48.184+0600][74.829s][info][gc,phases   ] GC(117) Y: Pause Relocate Start 0.015ms
[2026-04-03T02:26:48.188+0600][74.833s][info][gc,phases   ] GC(117) Y: Concurrent Relocate 3.515ms
[2026-04-03T02:26:48.188+0600][74.833s][info][gc,alloc    ] GC(117) Y:                         Mark Start        Mark End      Relocate Start    Relocate End   
[2026-04-03T02:26:48.188+0600][74.833s][info][gc,alloc    ] GC(117) Y: Allocation Stalls:          0                0                0                0         
[2026-04-03T02:26:48.188+0600][74.833s][info][gc,load     ] GC(117) Y: Load: 6.31 (53%) / 6.10 (51%) / 5.93 (49%)
[2026-04-03T02:26:48.188+0600][74.833s][info][gc,mmu      ] GC(117) Y: MMU: 2ms/95.2%, 5ms/97.6%, 10ms/98.8%, 20ms/99.4%, 50ms/99.6%, 100ms/99.8%
[2026-04-03T02:26:48.188+0600][74.833s][info][gc,marking  ] GC(117) Y: Mark: 2 stripe(s), 2 proactive flush(es), 1 terminate flush(es), 0 completion(s), 0 continuation(s) 
[2026-04-03T02:26:48.188+0600][74.833s][info][gc,marking  ] GC(117) Y: Mark Stack Usage: 32M
[2026-04-03T02:26:48.188+0600][74.833s][info][gc,nmethod  ] GC(117) Y: NMethods: 14698 registered, 2967 unregistered
[2026-04-03T02:26:48.188+0600][74.833s][info][gc,metaspace] GC(117) Y: Metaspace: 128M used, 130M committed, 1152M reserved
[2026-04-03T02:26:48.188+0600][74.833s][info][gc,reloc    ] GC(117) Y:                        Candidates     Selected     In-Place         Size        Empty    Relocated 
[2026-04-03T02:26:48.188+0600][74.833s][info][gc,reloc    ] GC(117) Y: Small Pages:                  195          162            0         390M          60M           4M 
[2026-04-03T02:26:48.188+0600][74.833s][info][gc,reloc    ] GC(117) Y: Medium Pages:                   2            0            0          64M          64M           0M 
[2026-04-03T02:26:48.188+0600][74.833s][info][gc,reloc    ] GC(117) Y: Large Pages:                   10            0            0          60M          60M           0M 
[2026-04-03T02:26:48.188+0600][74.833s][info][gc,reloc    ] GC(117) Y: Forwarding Usage: 1M
[2026-04-03T02:26:48.188+0600][74.833s][info][gc,reloc    ] GC(117) Y: Age Table:
[2026-04-03T02:26:48.188+0600][74.833s][info][gc,reloc    ] GC(117) Y:                    Live             Garbage             Small              Medium             Large        
[2026-04-03T02:26:48.188+0600][74.833s][info][gc,reloc    ] GC(117) Y: Eden               3M (0%)          502M (40%)        191 / 159            2 / 0             10 / 0        
[2026-04-03T02:26:48.188+0600][74.833s][info][gc,reloc    ] GC(117) Y: Survivor 1         0M (0%)            5M (0%)           3 / 2              0 / 0              0 / 0        
[2026-04-03T02:26:48.188+0600][74.833s][info][gc,reloc    ] GC(117) Y: Survivor 2         0M (0%)            1M (0%)           1 / 1              0 / 0              0 / 0        
[2026-04-03T02:26:48.188+0600][74.833s][info][gc,heap     ] GC(117) Y: Min Capacity: 8M(1%)
[2026-04-03T02:26:48.188+0600][74.833s][info][gc,heap     ] GC(117) Y: Max Capacity: 1250M(100%)
[2026-04-03T02:26:48.188+0600][74.833s][info][gc,heap     ] GC(117) Y: Soft Max Capacity: 1250M(100%)
[2026-04-03T02:26:48.188+0600][74.833s][info][gc,heap     ] GC(117) Y: Heap Statistics:
[2026-04-03T02:26:48.188+0600][74.833s][info][gc,heap     ] GC(117) Y:                Mark Start          Mark End        Relocate Start      Relocate End           High               Low         
[2026-04-03T02:26:48.188+0600][74.833s][info][gc,heap     ] GC(117) Y:  Capacity:     1250M (100%)       1250M (100%)       1250M (100%)       1250M (100%)       1250M (100%)       1250M (100%)   
[2026-04-03T02:26:48.188+0600][74.833s][info][gc,heap     ] GC(117) Y:      Free:      504M (40%)         484M (39%)         668M (53%)         958M (77%)         958M (77%)         484M (39%)    
[2026-04-03T02:26:48.188+0600][74.833s][info][gc,heap     ] GC(117) Y:      Used:      746M (60%)         766M (61%)         582M (47%)         292M (23%)         766M (61%)         292M (23%)    
[2026-04-03T02:26:48.188+0600][74.833s][info][gc,heap     ] GC(117) Y: Young Generation Statistics:
[2026-04-03T02:26:48.188+0600][74.833s][info][gc,heap     ] GC(117) Y:                Mark Start          Mark End        Relocate Start      Relocate End    
[2026-04-03T02:26:48.188+0600][74.833s][info][gc,heap     ] GC(117) Y:      Used:      514M (41%)         534M (43%)         350M (28%)          60M (5%)     
[2026-04-03T02:26:48.188+0600][74.833s][info][gc,heap     ] GC(117) Y:      Live:         -                 4M (0%)            4M (0%)            4M (0%)     
[2026-04-03T02:26:48.188+0600][74.833s][info][gc,heap     ] GC(117) Y:   Garbage:         -               509M (41%)         325M (26%)           0M (0%)     
[2026-04-03T02:26:48.188+0600][74.833s][info][gc,heap     ] GC(117) Y: Allocated:         -                20M (2%)           20M (2%)           55M (4%)     
[2026-04-03T02:26:48.188+0600][74.833s][info][gc,heap     ] GC(117) Y: Reclaimed:         -                  -               184M (15%)         509M (41%)    
[2026-04-03T02:26:48.188+0600][74.833s][info][gc,heap     ] GC(117) Y:  Promoted:         -                  -                 0M (0%)            0M (0%)     
[2026-04-03T02:26:48.188+0600][74.833s][info][gc,heap     ] GC(117) Y: Compacted:         -                  -                  -                 4M (0%)     
[2026-04-03T02:26:48.188+0600][74.833s][info][gc,phases   ] GC(117) Y: Young Generation 746M(60%)->292M(23%) 0.041s
[2026-04-03T02:26:48.188+0600][74.833s][info][gc,phases   ] GC(117) O: Old Generation
[2026-04-03T02:26:48.371+0600][75.016s][info][gc          ] GC(118) Minor Collection (Allocation Rate)
[2026-04-03T02:26:48.371+0600][75.016s][info][gc,task     ] GC(118) Using 2 Workers for Young Generation
[2026-04-03T02:26:48.371+0600][75.016s][info][gc,phases   ] GC(118) y: Young Generation
[2026-04-03T02:26:48.372+0600][75.016s][info][gc,phases   ] GC(118) y: Pause Mark Start 0.056ms
[2026-04-03T02:26:48.403+0600][75.048s][info][gc,phases   ] GC(118) y: Concurrent Mark 31.034ms
[2026-04-03T02:26:48.403+0600][75.048s][info][gc,phases   ] GC(118) y: Pause Mark End 0.056ms
[2026-04-03T02:26:48.403+0600][75.048s][info][gc,phases   ] GC(118) y: Concurrent Mark Free 0.001ms
[2026-04-03T02:26:48.403+0600][75.048s][info][gc,phases   ] GC(118) y: Concurrent Reset Relocation Set 0.022ms
[2026-04-03T02:26:48.405+0600][75.050s][info][gc,reloc    ] GC(118) y: Using tenuring threshold: 4 (Computed)
[2026-04-03T02:26:48.406+0600][75.051s][info][gc,phases   ] GC(118) y: Concurrent Select Relocation Set 2.568ms
[2026-04-03T02:26:48.406+0600][75.051s][info][gc,phases   ] GC(118) y: Pause Relocate Start 0.026ms
[2026-04-03T02:26:48.413+0600][75.057s][info][gc,phases   ] GC(118) y: Concurrent Relocate 6.181ms
[2026-04-03T02:26:48.413+0600][75.058s][info][gc,alloc    ] GC(118) y:                         Mark Start        Mark End      Relocate Start    Relocate End   
[2026-04-03T02:26:48.413+0600][75.058s][info][gc,alloc    ] GC(118) y: Allocation Stalls:          0                0                0                0         
[2026-04-03T02:26:48.413+0600][75.058s][info][gc,load     ] GC(118) y: Load: 6.31 (53%) / 6.10 (51%) / 5.93 (49%)
[2026-04-03T02:26:48.413+0600][75.058s][info][gc,mmu      ] GC(118) y: MMU: 2ms/95.2%, 5ms/97.6%, 10ms/98.8%, 20ms/99.4%, 50ms/99.6%, 100ms/99.8%
[2026-04-03T02:26:48.413+0600][75.058s][info][gc,marking  ] GC(118) y: Mark: 2 stripe(s), 2 proactive flush(es), 1 terminate flush(es), 0 completion(s), 0 continuation(s) 
[2026-04-03T02:26:48.413+0600][75.058s][info][gc,marking  ] GC(118) y: Mark Stack Usage: 32M
[2026-04-03T02:26:48.413+0600][75.058s][info][gc,nmethod  ] GC(118) y: NMethods: 14699 registered, 2967 unregistered
[2026-04-03T02:26:48.413+0600][75.058s][info][gc,metaspace] GC(118) y: Metaspace: 128M used, 130M committed, 1152M reserved
[2026-04-03T02:26:48.413+0600][75.058s][info][gc,reloc    ] GC(118) y:                        Candidates     Selected     In-Place         Size        Empty    Relocated 
[2026-04-03T02:26:48.413+0600][75.058s][info][gc,reloc    ] GC(118) y: Small Pages:                   83           59            0         166M          40M           4M 
[2026-04-03T02:26:48.413+0600][75.058s][info][gc,reloc    ] GC(118) y: Medium Pages:                   1            0            0          32M          32M           0M 
[2026-04-03T02:26:48.413+0600][75.058s][info][gc,reloc    ] GC(118) y: Large Pages:                    3            0            0          18M          18M           0M 
[2026-04-03T02:26:48.413+0600][75.058s][info][gc,reloc    ] GC(118) y: Forwarding Usage: 1M
[2026-04-03T02:26:48.413+0600][75.058s][info][gc,reloc    ] GC(118) y: Age Table:
[2026-04-03T02:26:48.413+0600][75.058s][info][gc,reloc    ] GC(118) y:                    Live             Garbage             Small              Medium             Large        
[2026-04-03T02:26:48.413+0600][75.058s][info][gc,reloc    ] GC(118) y: Eden               3M (0%)          172M (14%)         63 / 47             1 / 0              3 / 0        
[2026-04-03T02:26:48.413+0600][75.058s][info][gc,reloc    ] GC(118) y: Survivor 1         1M (0%)           18M (1%)          10 / 2              0 / 0              0 / 0        
[2026-04-03T02:26:48.413+0600][75.058s][info][gc,reloc    ] GC(118) y: Survivor 2         0M (0%)           17M (1%)           9 / 9              0 / 0              0 / 0        
[2026-04-03T02:26:48.413+0600][75.058s][info][gc,reloc    ] GC(118) y: Survivor 3         0M (0%)            1M (0%)           1 / 1              0 / 0              0 / 0        
[2026-04-03T02:26:48.413+0600][75.058s][info][gc,heap     ] GC(118) y: Min Capacity: 8M(1%)
[2026-04-03T02:26:48.413+0600][75.058s][info][gc,heap     ] GC(118) y: Max Capacity: 1250M(100%)
[2026-04-03T02:26:48.413+0600][75.058s][info][gc,heap     ] GC(118) y: Soft Max Capacity: 1250M(100%)
[2026-04-03T02:26:48.413+0600][75.058s][info][gc,heap     ] GC(118) y: Heap Statistics:
[2026-04-03T02:26:48.413+0600][75.058s][info][gc,heap     ] GC(118) y:                Mark Start          Mark End        Relocate Start      Relocate End           High               Low         
[2026-04-03T02:26:48.413+0600][75.058s][info][gc,heap     ] GC(118) y:  Capacity:     1250M (100%)       1250M (100%)       1250M (100%)       1250M (100%)       1250M (100%)       1250M (100%)   
[2026-04-03T02:26:48.413+0600][75.058s][info][gc,heap     ] GC(118) y:      Free:      802M (64%)         750M (60%)         838M (67%)         928M (74%)         928M (74%)         748M (60%)    
[2026-04-03T02:26:48.413+0600][75.058s][info][gc,heap     ] GC(118) y:      Used:      448M (36%)         500M (40%)         412M (33%)         322M (26%)         502M (40%)         322M (26%)    
[2026-04-03T02:26:48.413+0600][75.058s][info][gc,heap     ] GC(118) y: Young Generation Statistics:
[2026-04-03T02:26:48.413+0600][75.058s][info][gc,heap     ] GC(118) y:                Mark Start          Mark End        Relocate Start      Relocate End    
[2026-04-03T02:26:48.413+0600][75.058s][info][gc,heap     ] GC(118) y:      Used:      216M (17%)         268M (21%)         180M (14%)          90M (7%)     
[2026-04-03T02:26:48.413+0600][75.058s][info][gc,heap     ] GC(118) y:      Live:         -                 6M (0%)            6M (0%)            6M (0%)     
[2026-04-03T02:26:48.413+0600][75.058s][info][gc,heap     ] GC(118) y:   Garbage:         -               209M (17%)         119M (10%)           0M (0%)     
[2026-04-03T02:26:48.413+0600][75.058s][info][gc,heap     ] GC(118) y: Allocated:         -                52M (4%)           54M (4%)           83M (7%)     
[2026-04-03T02:26:48.413+0600][75.058s][info][gc,heap     ] GC(118) y: Reclaimed:         -                  -                90M (7%)          209M (17%)    
[2026-04-03T02:26:48.413+0600][75.058s][info][gc,heap     ] GC(118) y:  Promoted:         -                  -                 0M (0%)            0M (0%)     
[2026-04-03T02:26:48.413+0600][75.058s][info][gc,heap     ] GC(118) y: Compacted:         -                  -                  -                 6M (0%)     
[2026-04-03T02:26:48.413+0600][75.058s][info][gc,phases   ] GC(118) y: Young Generation 446M(36%)->322M(26%) 0.042s
[2026-04-03T02:26:48.413+0600][75.058s][info][gc          ] GC(118) Minor Collection (Allocation Rate) 444M(36%)->322M(26%) 0.042s
[2026-04-03T02:26:48.439+0600][75.083s][info][gc          ] GC(119) Minor Collection (Allocation Rate)
[2026-04-03T02:26:48.439+0600][75.083s][info][gc,task     ] GC(119) Using 2 Workers for Young Generation
[2026-04-03T02:26:48.439+0600][75.083s][info][gc,phases   ] GC(119) y: Young Generation
[2026-04-03T02:26:48.439+0600][75.084s][info][gc,phases   ] GC(119) y: Pause Mark Start 0.020ms
[2026-04-03T02:26:48.473+0600][75.118s][info][gc,phases   ] GC(119) y: Concurrent Mark 34.112ms
[2026-04-03T02:26:48.474+0600][75.118s][info][gc,phases   ] GC(119) y: Pause Mark End 0.030ms
[2026-04-03T02:26:48.474+0600][75.119s][info][gc,phases   ] GC(119) y: Concurrent Mark Free 0.001ms
[2026-04-03T02:26:48.474+0600][75.119s][info][gc,phases   ] GC(119) y: Concurrent Reset Relocation Set 0.011ms
[2026-04-03T02:26:48.476+0600][75.121s][info][gc,reloc    ] GC(119) y: Using tenuring threshold: 5 (Computed)
[2026-04-03T02:26:48.477+0600][75.121s][info][gc,phases   ] GC(119) y: Concurrent Select Relocation Set 2.793ms
[2026-04-03T02:26:48.477+0600][75.122s][info][gc,phases   ] GC(119) y: Pause Relocate Start 0.025ms
[2026-04-03T02:26:48.483+0600][75.127s][info][gc,phases   ] GC(119) y: Concurrent Relocate 5.360ms
[2026-04-03T02:26:48.483+0600][75.127s][info][gc,alloc    ] GC(119) y:                         Mark Start        Mark End      Relocate Start    Relocate End   
[2026-04-03T02:26:48.483+0600][75.127s][info][gc,alloc    ] GC(119) y: Allocation Stalls:          0                0                0                0         
[2026-04-03T02:26:48.483+0600][75.127s][info][gc,load     ] GC(119) y: Load: 6.31 (53%) / 6.10 (51%) / 5.93 (49%)
[2026-04-03T02:26:48.483+0600][75.127s][info][gc,mmu      ] GC(119) y: MMU: 2ms/95.2%, 5ms/97.6%, 10ms/98.8%, 20ms/99.4%, 50ms/99.6%, 100ms/99.8%
[2026-04-03T02:26:48.483+0600][75.128s][info][gc,marking  ] GC(119) y: Mark: 2 stripe(s), 2 proactive flush(es), 1 terminate flush(es), 0 completion(s), 0 continuation(s) 
[2026-04-03T02:26:48.483+0600][75.128s][info][gc,marking  ] GC(119) y: Mark Stack Usage: 32M
[2026-04-03T02:26:48.483+0600][75.128s][info][gc,nmethod  ] GC(119) y: NMethods: 14699 registered, 2967 unregistered
[2026-04-03T02:26:48.483+0600][75.128s][info][gc,metaspace] GC(119) y: Metaspace: 128M used, 130M committed, 1152M reserved
[2026-04-03T02:26:48.483+0600][75.128s][info][gc,reloc    ] GC(119) y:                        Candidates     Selected     In-Place         Size        Empty    Relocated 
[2026-04-03T02:26:48.483+0600][75.128s][info][gc,reloc    ] GC(119) y: Small Pages:                   39           29            0          78M          12M           4M 
[2026-04-03T02:26:48.483+0600][75.128s][info][gc,reloc    ] GC(119) y: Medium Pages:                   1            0            0          32M          32M           0M 
[2026-04-03T02:26:48.483+0600][75.128s][info][gc,reloc    ] GC(119) y: Large Pages:                    1            0            0           6M           6M           0M 
[2026-04-03T02:26:48.483+0600][75.128s][info][gc,reloc    ] GC(119) y: Forwarding Usage: 0M
[2026-04-03T02:26:48.483+0600][75.128s][info][gc,reloc    ] GC(119) y: Age Table:
[2026-04-03T02:26:48.483+0600][75.128s][info][gc,reloc    ] GC(119) y:                    Live             Garbage             Small              Medium             Large        
[2026-04-03T02:26:48.483+0600][75.128s][info][gc,reloc    ] GC(119) y: Eden               2M (0%)           83M (7%)          24 / 19             1 / 0              1 / 0        
[2026-04-03T02:26:48.483+0600][75.128s][info][gc,reloc    ] GC(119) y: Survivor 1         1M (0%)           16M (1%)           9 / 6              0 / 0              0 / 0        
[2026-04-03T02:26:48.483+0600][75.128s][info][gc,reloc    ] GC(119) y: Survivor 2         1M (0%)            4M (0%)           3 / 2              0 / 0              0 / 0        
[2026-04-03T02:26:48.483+0600][75.128s][info][gc,reloc    ] GC(119) y: Survivor 3         0M (0%)            3M (0%)           2 / 1              0 / 0              0 / 0        
[2026-04-03T02:26:48.483+0600][75.128s][info][gc,reloc    ] GC(119) y: Survivor 4         0M (0%)            1M (0%)           1 / 1              0 / 0              0 / 0        
[2026-04-03T02:26:48.483+0600][75.128s][info][gc,heap     ] GC(119) y: Min Capacity: 8M(1%)
[2026-04-03T02:26:48.483+0600][75.128s][info][gc,heap     ] GC(119) y: Max Capacity: 1250M(100%)
[2026-04-03T02:26:48.483+0600][75.128s][info][gc,heap     ] GC(119) y: Soft Max Capacity: 1250M(100%)
[2026-04-03T02:26:48.483+0600][75.128s][info][gc,heap     ] GC(119) y: Heap Statistics:
[2026-04-03T02:26:48.483+0600][75.128s][info][gc,heap     ] GC(119) y:                Mark Start          Mark End        Relocate Start      Relocate End           High               Low         
[2026-04-03T02:26:48.483+0600][75.128s][info][gc,heap     ] GC(119) y:  Capacity:     1250M (100%)       1250M (100%)       1250M (100%)       1250M (100%)       1250M (100%)       1250M (100%)   
[2026-04-03T02:26:48.483+0600][75.128s][info][gc,heap     ] GC(119) y:      Free:      902M (72%)         884M (71%)         934M (75%)         916M (73%)         934M (75%)         884M (71%)    
[2026-04-03T02:26:48.483+0600][75.128s][info][gc,heap     ] GC(119) y:      Used:      348M (28%)         366M (29%)         316M (25%)         334M (27%)         366M (29%)         316M (25%)    
[2026-04-03T02:26:48.483+0600][75.128s][info][gc,heap     ] GC(119) y: Young Generation Statistics:
[2026-04-03T02:26:48.483+0600][75.128s][info][gc,heap     ] GC(119) y:                Mark Start          Mark End        Relocate Start      Relocate End    
[2026-04-03T02:26:48.483+0600][75.128s][info][gc,heap     ] GC(119) y:      Used:      116M (9%)          134M (11%)          84M (7%)          102M (8%)     
[2026-04-03T02:26:48.483+0600][75.128s][info][gc,heap     ] GC(119) y:      Live:         -                 6M (1%)            6M (1%)            6M (1%)     
[2026-04-03T02:26:48.483+0600][75.128s][info][gc,heap     ] GC(119) y:   Garbage:         -               109M (9%)           59M (5%)            0M (0%)     
[2026-04-03T02:26:48.483+0600][75.128s][info][gc,heap     ] GC(119) y: Allocated:         -                18M (1%)           18M (1%)           94M (8%)     
[2026-04-03T02:26:48.483+0600][75.128s][info][gc,heap     ] GC(119) y: Reclaimed:         -                  -                50M (4%)          108M (9%)     
[2026-04-03T02:26:48.483+0600][75.128s][info][gc,heap     ] GC(119) y:  Promoted:         -                  -                 0M (0%)            0M (0%)     
[2026-04-03T02:26:48.483+0600][75.128s][info][gc,heap     ] GC(119) y: Compacted:         -                  -                  -                 5M (0%)     
[2026-04-03T02:26:48.483+0600][75.128s][info][gc,phases   ] GC(119) y: Young Generation 348M(28%)->334M(27%) 0.044s
[2026-04-03T02:26:48.483+0600][75.128s][info][gc          ] GC(119) Minor Collection (Allocation Rate) 348M(28%)->334M(27%) 0.045s
[2026-04-03T02:26:48.601+0600][75.246s][info][gc,phases   ] GC(117) O: Concurrent Mark 412.805ms
[2026-04-03T02:26:48.602+0600][75.246s][info][gc,phases   ] GC(117) O: Pause Mark End 0.028ms
[2026-04-03T02:26:48.602+0600][75.246s][info][gc,phases   ] GC(117) O: Concurrent Mark Free 0.002ms
[2026-04-03T02:26:48.660+0600][75.304s][info][gc,phases   ] GC(117) O: Concurrent Process Non-Strong 58.095ms
[2026-04-03T02:26:48.660+0600][75.305s][info][gc,phases   ] GC(117) O: Concurrent Reset Relocation Set 0.006ms
[2026-04-03T02:26:48.664+0600][75.309s][info][gc,phases   ] GC(117) O: Concurrent Select Relocation Set 4.137ms
[2026-04-03T02:26:48.664+0600][75.309s][info][gc,task     ] GC(117) O: Using 3 Workers for Old Generation
[2026-04-03T02:26:48.710+0600][75.354s][info][gc,task     ] GC(117) O: Using 1 Workers for Old Generation
[2026-04-03T02:26:48.710+0600][75.355s][info][gc,phases   ] GC(117) O: Concurrent Remap Roots 45.836ms
[2026-04-03T02:26:48.710+0600][75.355s][info][gc,phases   ] GC(117) O: Pause Relocate Start 0.026ms
[2026-04-03T02:26:48.752+0600][75.397s][info][gc,phases   ] GC(117) O: Concurrent Relocate 41.724ms
[2026-04-03T02:26:48.752+0600][75.397s][info][gc,alloc    ] GC(117) O:                         Mark Start        Mark End      Relocate Start    Relocate End   
[2026-04-03T02:26:48.752+0600][75.397s][info][gc,alloc    ] GC(117) O: Allocation Stalls:          0                0                0                0         
[2026-04-03T02:26:48.752+0600][75.397s][info][gc,load     ] GC(117) O: Load: 6.31 (53%) / 6.10 (51%) / 5.93 (49%)
[2026-04-03T02:26:48.752+0600][75.397s][info][gc,mmu      ] GC(117) O: MMU: 2ms/95.2%, 5ms/97.6%, 10ms/98.8%, 20ms/99.4%, 50ms/99.6%, 100ms/99.8%
[2026-04-03T02:26:48.752+0600][75.397s][info][gc,marking  ] GC(117) O: Mark: 1 stripe(s), 2 proactive flush(es), 1 terminate flush(es), 0 completion(s), 0 continuation(s) 
[2026-04-03T02:26:48.752+0600][75.397s][info][gc,marking  ] GC(117) O: Mark Stack Usage: 32M
[2026-04-03T02:26:48.752+0600][75.397s][info][gc,nmethod  ] GC(117) O: NMethods: 14570 registered, 3103 unregistered
[2026-04-03T02:26:48.752+0600][75.397s][info][gc,metaspace] GC(117) O: Metaspace: 128M used, 130M committed, 1152M reserved
[2026-04-03T02:26:48.752+0600][75.397s][info][gc,ref      ] GC(117) O:                       Encountered   Discovered     Enqueued 
[2026-04-03T02:26:48.752+0600][75.397s][info][gc,ref      ] GC(117) O: Soft References:             6416            0            0 
[2026-04-03T02:26:48.752+0600][75.397s][info][gc,ref      ] GC(117) O: Weak References:            25148        17651         7515 
[2026-04-03T02:26:48.752+0600][75.397s][info][gc,ref      ] GC(117) O: Final References:              84            0            0 
[2026-04-03T02:26:48.752+0600][75.397s][info][gc,ref      ] GC(117) O: Phantom References:           620          231            0 
[2026-04-03T02:26:48.752+0600][75.397s][info][gc,reloc    ] GC(117) O:                        Candidates     Selected     In-Place         Size        Empty    Relocated 
[2026-04-03T02:26:48.753+0600][75.397s][info][gc,reloc    ] GC(117) O: Small Pages:                  100           39            0         200M           0M          13M 
[2026-04-03T02:26:48.753+0600][75.397s][info][gc,reloc    ] GC(117) O: Medium Pages:                   1            0            0          32M           0M           0M 
[2026-04-03T02:26:48.753+0600][75.397s][info][gc,reloc    ] GC(117) O: Large Pages:                    0            0            0           0M           0M           0M 
[2026-04-03T02:26:48.753+0600][75.397s][info][gc,reloc    ] GC(117) O: Forwarding Usage: 5M
[2026-04-03T02:26:48.753+0600][75.397s][info][gc,heap     ] GC(117) O: Min Capacity: 8M(1%)
[2026-04-03T02:26:48.753+0600][75.397s][info][gc,heap     ] GC(117) O: Max Capacity: 1250M(100%)
[2026-04-03T02:26:48.753+0600][75.397s][info][gc,heap     ] GC(117) O: Soft Max Capacity: 1250M(100%)
[2026-04-03T02:26:48.753+0600][75.397s][info][gc,heap     ] GC(117) O: Heap Statistics:
[2026-04-03T02:26:48.753+0600][75.397s][info][gc,heap     ] GC(117) O:                Mark Start          Mark End        Relocate Start      Relocate End           High               Low         
[2026-04-03T02:26:48.753+0600][75.397s][info][gc,heap     ] GC(117) O:  Capacity:     1250M (100%)       1250M (100%)       1250M (100%)       1250M (100%)       1250M (100%)       1250M (100%)   
[2026-04-03T02:26:48.753+0600][75.397s][info][gc,heap     ] GC(117) O:      Free:      504M (40%)         836M (67%)         746M (60%)         740M (59%)         958M (77%)         484M (39%)    
[2026-04-03T02:26:48.753+0600][75.397s][info][gc,heap     ] GC(117) O:      Used:      746M (60%)         414M (33%)         504M (40%)         510M (41%)         766M (61%)         292M (23%)    
[2026-04-03T02:26:48.753+0600][75.397s][info][gc,heap     ] GC(117) O: Old Generation Statistics:
[2026-04-03T02:26:48.753+0600][75.397s][info][gc,heap     ] GC(117) O:                Mark Start          Mark End        Relocate Start      Relocate End    
[2026-04-03T02:26:48.753+0600][75.398s][info][gc,heap     ] GC(117) O:      Used:      232M (19%)         232M (19%)         232M (19%)         172M (14%)    
[2026-04-03T02:26:48.753+0600][75.398s][info][gc,heap     ] GC(117) O:      Live:         -               120M (10%)         120M (10%)         120M (10%)    
[2026-04-03T02:26:48.753+0600][75.398s][info][gc,heap     ] GC(117) O:   Garbage:         -               111M (9%)          111M (9%)           30M (2%)     
[2026-04-03T02:26:48.753+0600][75.398s][info][gc,heap     ] GC(117) O: Allocated:         -                 0M (0%)            0M (0%)           21M (2%)     
[2026-04-03T02:26:48.753+0600][75.398s][info][gc,heap     ] GC(117) O: Reclaimed:         -                  -                 0M (0%)           81M (7%)     
[2026-04-03T02:26:48.753+0600][75.398s][info][gc,heap     ] GC(117) O: Compacted:         -                  -                  -                22M (2%)     
[2026-04-03T02:26:48.753+0600][75.398s][info][gc,phases   ] GC(117) O: Old Generation 292M(23%)->510M(41%) 0.564s
[2026-04-03T02:26:48.753+0600][75.398s][info][gc          ] GC(117) Major Collection (Allocation Rate) 746M(60%)->512M(41%) 0.606s
[2026-04-03T02:26:49.460+0600][76.104s][info][gc          ] GC(120) Minor Collection (Allocation Rate)
[2026-04-03T02:26:49.460+0600][76.104s][info][gc,task     ] GC(120) Using 2 Workers for Young Generation
[2026-04-03T02:26:49.460+0600][76.104s][info][gc,phases   ] GC(120) y: Young Generation
[2026-04-03T02:26:49.460+0600][76.105s][info][gc,phases   ] GC(120) y: Pause Mark Start 0.018ms
[2026-04-03T02:26:49.484+0600][76.128s][info][gc,phases   ] GC(120) y: Concurrent Mark 23.423ms
[2026-04-03T02:26:49.484+0600][76.128s][info][gc,phases   ] GC(120) y: Pause Mark End 0.022ms
[2026-04-03T02:26:49.484+0600][76.129s][info][gc,phases   ] GC(120) y: Concurrent Mark Free 0.002ms
[2026-04-03T02:26:49.484+0600][76.129s][info][gc,phases   ] GC(120) y: Concurrent Reset Relocation Set 0.010ms
[2026-04-03T02:26:49.487+0600][76.131s][info][gc,reloc    ] GC(120) y: Using tenuring threshold: 1 (Computed)
[2026-04-03T02:26:49.488+0600][76.133s][info][gc,phases   ] GC(120) y: Concurrent Select Relocation Set 4.127ms
[2026-04-03T02:26:49.488+0600][76.133s][info][gc,phases   ] GC(120) y: Pause Relocate Start 0.014ms
[2026-04-03T02:26:49.493+0600][76.138s][info][gc,phases   ] GC(120) y: Concurrent Relocate 5.129ms
[2026-04-03T02:26:49.494+0600][76.138s][info][gc,alloc    ] GC(120) y:                         Mark Start        Mark End      Relocate Start    Relocate End   
[2026-04-03T02:26:49.494+0600][76.138s][info][gc,alloc    ] GC(120) y: Allocation Stalls:          0                0                0                0         
[2026-04-03T02:26:49.494+0600][76.138s][info][gc,load     ] GC(120) y: Load: 6.31 (53%) / 6.10 (51%) / 5.93 (49%)
[2026-04-03T02:26:49.494+0600][76.138s][info][gc,mmu      ] GC(120) y: MMU: 2ms/95.2%, 5ms/97.6%, 10ms/98.8%, 20ms/99.4%, 50ms/99.6%, 100ms/99.8%
[2026-04-03T02:26:49.494+0600][76.138s][info][gc,marking  ] GC(120) y: Mark: 2 stripe(s), 2 proactive flush(es), 1 terminate flush(es), 0 completion(s), 0 continuation(s) 
[2026-04-03T02:26:49.494+0600][76.138s][info][gc,marking  ] GC(120) y: Mark Stack Usage: 32M
[2026-04-03T02:26:49.494+0600][76.138s][info][gc,nmethod  ] GC(120) y: NMethods: 14590 registered, 3103 unregistered
[2026-04-03T02:26:49.494+0600][76.138s][info][gc,metaspace] GC(120) y: Metaspace: 128M used, 130M committed, 1152M reserved
[2026-04-03T02:26:49.494+0600][76.138s][info][gc,reloc    ] GC(120) y:                        Candidates     Selected     In-Place         Size        Empty    Relocated 
[2026-04-03T02:26:49.494+0600][76.138s][info][gc,reloc    ] GC(120) y: Small Pages:                  318          228            0         636M         172M           4M 
[2026-04-03T02:26:49.494+0600][76.138s][info][gc,reloc    ] GC(120) y: Medium Pages:                   4            0            0         128M         128M           0M 
[2026-04-03T02:26:49.494+0600][76.138s][info][gc,reloc    ] GC(120) y: Large Pages:                   15            0            0          90M          84M           0M 
[2026-04-03T02:26:49.494+0600][76.138s][info][gc,reloc    ] GC(120) y: Forwarding Usage: 1M
[2026-04-03T02:26:49.494+0600][76.138s][info][gc,reloc    ] GC(120) y: Age Table:
[2026-04-03T02:26:49.494+0600][76.138s][info][gc,reloc    ] GC(120) y:                    Live             Garbage             Small              Medium             Large        
[2026-04-03T02:26:49.494+0600][76.138s][info][gc,reloc    ] GC(120) y: Eden               9M (1%)          798M (64%)        295 / 214            4 / 0             15 / 0        
[2026-04-03T02:26:49.494+0600][76.138s][info][gc,reloc    ] GC(120) y: Survivor 1         0M (0%)           19M (2%)          10 / 2              0 / 0              0 / 0        
[2026-04-03T02:26:49.494+0600][76.138s][info][gc,reloc    ] GC(120) y: Survivor 2         0M (0%)            3M (0%)           2 / 2              0 / 0              0 / 0        
[2026-04-03T02:26:49.494+0600][76.138s][info][gc,reloc    ] GC(120) y: Survivor 3         1M (0%)            2M (0%)           2 / 1              0 / 0              0 / 0        
[2026-04-03T02:26:49.494+0600][76.138s][info][gc,reloc    ] GC(120) y: Survivor 4         0M (0%)           15M (1%)           8 / 8              0 / 0              0 / 0        
[2026-04-03T02:26:49.494+0600][76.138s][info][gc,reloc    ] GC(120) y: Survivor 5         0M (0%)            1M (0%)           1 / 1              0 / 0              0 / 0        
[2026-04-03T02:26:49.494+0600][76.138s][info][gc,heap     ] GC(120) y: Min Capacity: 8M(1%)
[2026-04-03T02:26:49.494+0600][76.138s][info][gc,heap     ] GC(120) y: Max Capacity: 1250M(100%)
[2026-04-03T02:26:49.494+0600][76.139s][info][gc,heap     ] GC(120) y: Soft Max Capacity: 1250M(100%)
[2026-04-03T02:26:49.494+0600][76.139s][info][gc,heap     ] GC(120) y: Heap Statistics:
[2026-04-03T02:26:49.494+0600][76.139s][info][gc,heap     ] GC(120) y:                Mark Start          Mark End        Relocate Start      Relocate End           High               Low         
[2026-04-03T02:26:49.494+0600][76.139s][info][gc,heap     ] GC(120) y:  Capacity:     1250M (100%)       1250M (100%)       1250M (100%)       1250M (100%)       1250M (100%)       1250M (100%)   
[2026-04-03T02:26:49.494+0600][76.139s][info][gc,heap     ] GC(120) y:      Free:      224M (18%)         166M (13%)         550M (44%)        1000M (80%)        1000M (80%)         166M (13%)    
[2026-04-03T02:26:49.494+0600][76.139s][info][gc,heap     ] GC(120) y:      Used:     1026M (82%)        1084M (87%)         700M (56%)         250M (20%)        1084M (87%)         250M (20%)    
[2026-04-03T02:26:49.494+0600][76.139s][info][gc,heap     ] GC(120) y: Young Generation Statistics:
[2026-04-03T02:26:49.494+0600][76.139s][info][gc,heap     ] GC(120) y:                Mark Start          Mark End        Relocate Start      Relocate End    
[2026-04-03T02:26:49.494+0600][76.139s][info][gc,heap     ] GC(120) y:      Used:      854M (68%)         912M (73%)         526M (42%)          72M (6%)     
[2026-04-03T02:26:49.494+0600][76.139s][info][gc,heap     ] GC(120) y:      Live:         -                11M (1%)           10M (1%)            9M (1%)     
[2026-04-03T02:26:49.494+0600][76.139s][info][gc,heap     ] GC(120) y:   Garbage:         -               842M (67%)         457M (37%)           0M (0%)     
[2026-04-03T02:26:49.494+0600][76.139s][info][gc,heap     ] GC(120) y: Allocated:         -                58M (5%)           58M (5%)           62M (5%)     
[2026-04-03T02:26:49.494+0600][76.139s][info][gc,heap     ] GC(120) y: Reclaimed:         -                  -               384M (31%)         842M (67%)    
[2026-04-03T02:26:49.494+0600][76.139s][info][gc,heap     ] GC(120) y:  Promoted:         -                  -                 1M (0%)            2M (0%)     
[2026-04-03T02:26:49.494+0600][76.139s][info][gc,heap     ] GC(120) y: Compacted:         -                  -                  -                 3M (0%)     
[2026-04-03T02:26:49.494+0600][76.139s][info][gc,phases   ] GC(120) y: Young Generation 1026M(82%)->250M(20%) 0.034s
[2026-04-03T02:26:49.494+0600][76.139s][info][gc          ] GC(120) Minor Collection (Allocation Rate) 1026M(82%)->250M(20%) 0.034s
[2026-04-03T02:26:49.885+0600][76.529s][info][gc          ] GC(121) Minor Collection (Allocation Rate)
[2026-04-03T02:26:49.885+0600][76.529s][info][gc,task     ] GC(121) Using 3 Workers for Young Generation
[2026-04-03T02:26:49.885+0600][76.529s][info][gc,phases   ] GC(121) y: Young Generation
[2026-04-03T02:26:49.885+0600][76.530s][info][gc,phases   ] GC(121) y: Pause Mark Start 0.027ms
[2026-04-03T02:26:49.913+0600][76.558s][info][gc,phases   ] GC(121) y: Concurrent Mark 28.086ms
[2026-04-03T02:26:49.913+0600][76.558s][info][gc,phases   ] GC(121) y: Pause Mark End 0.027ms
[2026-04-03T02:26:49.913+0600][76.558s][info][gc,phases   ] GC(121) y: Concurrent Mark Free 0.002ms
[2026-04-03T02:26:49.913+0600][76.558s][info][gc,phases   ] GC(121) y: Concurrent Reset Relocation Set 0.035ms
[2026-04-03T02:26:49.917+0600][76.562s][info][gc,reloc    ] GC(121) y: Using tenuring threshold: 2 (Computed)
[2026-04-03T02:26:49.918+0600][76.562s][info][gc,phases   ] GC(121) y: Concurrent Select Relocation Set 4.272ms
[2026-04-03T02:26:49.918+0600][76.563s][info][gc,phases   ] GC(121) y: Pause Relocate Start 0.021ms
[2026-04-03T02:26:49.920+0600][76.565s][info][gc,phases   ] GC(121) y: Concurrent Relocate 1.820ms
[2026-04-03T02:26:49.920+0600][76.565s][info][gc,alloc    ] GC(121) y:                         Mark Start        Mark End      Relocate Start    Relocate End   
[2026-04-03T02:26:49.920+0600][76.565s][info][gc,alloc    ] GC(121) y: Allocation Stalls:          0                0                0                0         
[2026-04-03T02:26:49.920+0600][76.565s][info][gc,load     ] GC(121) y: Load: 6.05 (50%) / 6.05 (50%) / 5.91 (49%)
[2026-04-03T02:26:49.920+0600][76.565s][info][gc,mmu      ] GC(121) y: MMU: 2ms/95.2%, 5ms/97.6%, 10ms/98.8%, 20ms/99.4%, 50ms/99.6%, 100ms/99.8%
[2026-04-03T02:26:49.920+0600][76.565s][info][gc,marking  ] GC(121) y: Mark: 2 stripe(s), 3 proactive flush(es), 1 terminate flush(es), 0 completion(s), 0 continuation(s) 
[2026-04-03T02:26:49.920+0600][76.565s][info][gc,marking  ] GC(121) y: Mark Stack Usage: 32M
[2026-04-03T02:26:49.920+0600][76.565s][info][gc,nmethod  ] GC(121) y: NMethods: 14601 registered, 3103 unregistered
[2026-04-03T02:26:49.920+0600][76.565s][info][gc,metaspace] GC(121) y: Metaspace: 128M used, 130M committed, 1152M reserved
[2026-04-03T02:26:49.920+0600][76.565s][info][gc,reloc    ] GC(121) y:                        Candidates     Selected     In-Place         Size        Empty    Relocated 
[2026-04-03T02:26:49.920+0600][76.565s][info][gc,reloc    ] GC(121) y: Small Pages:                  243           76            0         486M         324M           4M 
[2026-04-03T02:26:49.920+0600][76.565s][info][gc,reloc    ] GC(121) y: Medium Pages:                   2            0            0          64M          64M           0M 
[2026-04-03T02:26:49.920+0600][76.565s][info][gc,reloc    ] GC(121) y: Large Pages:                   59            0            0         354M         330M           0M 
[2026-04-03T02:26:49.920+0600][76.565s][info][gc,reloc    ] GC(121) y: Forwarding Usage: 0M
[2026-04-03T02:26:49.920+0600][76.565s][info][gc,reloc    ] GC(121) y: Age Table:
[2026-04-03T02:26:49.920+0600][76.565s][info][gc,reloc    ] GC(121) y:                    Live             Garbage             Small              Medium             Large        
[2026-04-03T02:26:49.920+0600][76.565s][info][gc,reloc    ] GC(121) y: Eden              29M (2%)          862M (69%)        240 / 76             2 / 0             58 / 0        
[2026-04-03T02:26:49.920+0600][76.565s][info][gc,reloc    ] GC(121) y: Survivor 1         2M (0%)            9M (1%)           3 / 0              0 / 0              1 / 0        
[2026-04-03T02:26:49.920+0600][76.565s][info][gc,heap     ] GC(121) y: Min Capacity: 8M(1%)
[2026-04-03T02:26:49.920+0600][76.565s][info][gc,heap     ] GC(121) y: Max Capacity: 1250M(100%)
[2026-04-03T02:26:49.920+0600][76.565s][info][gc,heap     ] GC(121) y: Soft Max Capacity: 1250M(100%)
[2026-04-03T02:26:49.920+0600][76.565s][info][gc,heap     ] GC(121) y: Heap Statistics:
[2026-04-03T02:26:49.920+0600][76.565s][info][gc,heap     ] GC(121) y:                Mark Start          Mark End        Relocate Start      Relocate End           High               Low         
[2026-04-03T02:26:49.920+0600][76.565s][info][gc,heap     ] GC(121) y:  Capacity:     1250M (100%)       1250M (100%)       1250M (100%)       1250M (100%)       1250M (100%)       1250M (100%)   
[2026-04-03T02:26:49.920+0600][76.565s][info][gc,heap     ] GC(121) y:      Free:      168M (13%)          22M (2%)          734M (59%)         880M (70%)         880M (70%)          22M (2%)     
[2026-04-03T02:26:49.920+0600][76.565s][info][gc,heap     ] GC(121) y:      Used:     1082M (87%)        1228M (98%)         516M (41%)         370M (30%)        1228M (98%)         370M (30%)    
[2026-04-03T02:26:49.920+0600][76.565s][info][gc,heap     ] GC(121) y: Young Generation Statistics:
[2026-04-03T02:26:49.920+0600][76.565s][info][gc,heap     ] GC(121) y:                Mark Start          Mark End        Relocate Start      Relocate End    
[2026-04-03T02:26:49.920+0600][76.565s][info][gc,heap     ] GC(121) y:      Used:      904M (72%)        1050M (84%)         338M (27%)         192M (15%)    
[2026-04-03T02:26:49.920+0600][76.565s][info][gc,heap     ] GC(121) y:      Live:         -                31M (3%)           31M (3%)           31M (3%)     
[2026-04-03T02:26:49.920+0600][76.565s][info][gc,heap     ] GC(121) y:   Garbage:         -               872M (70%)         154M (12%)           1M (0%)     
[2026-04-03T02:26:49.920+0600][76.565s][info][gc,heap     ] GC(121) y: Allocated:         -               146M (12%)         152M (12%)         158M (13%)    
[2026-04-03T02:26:49.920+0600][76.565s][info][gc,heap     ] GC(121) y: Reclaimed:         -                  -               718M (57%)         870M (70%)    
[2026-04-03T02:26:49.920+0600][76.565s][info][gc,heap     ] GC(121) y:  Promoted:         -                  -                 0M (0%)            0M (0%)     
[2026-04-03T02:26:49.921+0600][76.565s][info][gc,heap     ] GC(121) y: Compacted:         -                  -                  -                 5M (0%)     
[2026-04-03T02:26:49.921+0600][76.565s][info][gc,phases   ] GC(121) y: Young Generation 1082M(87%)->370M(30%) 0.035s
[2026-04-03T02:26:49.921+0600][76.565s][info][gc          ] GC(121) Minor Collection (Allocation Rate) 1082M(87%)->370M(30%) 0.036s
[2026-04-03T02:26:49.988+0600][76.632s][info][gc          ] GC(122) Minor Collection (Allocation Rate)
[2026-04-03T02:26:49.988+0600][76.633s][info][gc,task     ] GC(122) Using 2 Workers for Young Generation
[2026-04-03T02:26:49.988+0600][76.633s][info][gc,phases   ] GC(122) y: Young Generation
[2026-04-03T02:26:49.988+0600][76.633s][info][gc,phases   ] GC(122) y: Pause Mark Start 0.048ms
[2026-04-03T02:26:50.013+0600][76.658s][info][gc,phases   ] GC(122) y: Concurrent Mark 24.969ms
[2026-04-03T02:26:50.013+0600][76.658s][info][gc,phases   ] GC(122) y: Pause Mark End 0.023ms
[2026-04-03T02:26:50.013+0600][76.658s][info][gc,phases   ] GC(122) y: Concurrent Mark Free 0.001ms
[2026-04-03T02:26:50.013+0600][76.658s][info][gc,phases   ] GC(122) y: Concurrent Reset Relocation Set 0.013ms
[2026-04-03T02:26:50.018+0600][76.663s][info][gc,reloc    ] GC(122) y: Using tenuring threshold: 3 (Computed)
[2026-04-03T02:26:50.019+0600][76.664s][info][gc,phases   ] GC(122) y: Concurrent Select Relocation Set 5.501ms
[2026-04-03T02:26:50.019+0600][76.664s][info][gc,phases   ] GC(122) y: Pause Relocate Start 0.016ms
[2026-04-03T02:26:50.024+0600][76.668s][info][gc,phases   ] GC(122) y: Concurrent Relocate 4.145ms
[2026-04-03T02:26:50.024+0600][76.668s][info][gc,alloc    ] GC(122) y:                         Mark Start        Mark End      Relocate Start    Relocate End   
[2026-04-03T02:26:50.024+0600][76.668s][info][gc,alloc    ] GC(122) y: Allocation Stalls:          0                0                0                0         
[2026-04-03T02:26:50.024+0600][76.668s][info][gc,load     ] GC(122) y: Load: 6.05 (50%) / 6.05 (50%) / 5.91 (49%)
[2026-04-03T02:26:50.024+0600][76.668s][info][gc,mmu      ] GC(122) y: MMU: 2ms/95.2%, 5ms/97.6%, 10ms/98.8%, 20ms/99.4%, 50ms/99.6%, 100ms/99.8%
[2026-04-03T02:26:50.024+0600][76.668s][info][gc,marking  ] GC(122) y: Mark: 2 stripe(s), 2 proactive flush(es), 1 terminate flush(es), 0 completion(s), 0 continuation(s) 
[2026-04-03T02:26:50.024+0600][76.668s][info][gc,marking  ] GC(122) y: Mark Stack Usage: 32M
[2026-04-03T02:26:50.024+0600][76.668s][info][gc,nmethod  ] GC(122) y: NMethods: 14606 registered, 3103 unregistered
[2026-04-03T02:26:50.024+0600][76.668s][info][gc,metaspace] GC(122) y: Metaspace: 128M used, 130M committed, 1152M reserved
[2026-04-03T02:26:50.024+0600][76.668s][info][gc,reloc    ] GC(122) y:                        Candidates     Selected     In-Place         Size        Empty    Relocated 
[2026-04-03T02:26:50.024+0600][76.668s][info][gc,reloc    ] GC(122) y: Small Pages:                   46           36            0          92M          10M           5M 
[2026-04-03T02:26:50.024+0600][76.668s][info][gc,reloc    ] GC(122) y: Medium Pages:                   1            0            0          32M          32M           0M 
[2026-04-03T02:26:50.024+0600][76.668s][info][gc,reloc    ] GC(122) y: Large Pages:                   54            0            0         324M         306M           0M 
[2026-04-03T02:26:50.024+0600][76.668s][info][gc,reloc    ] GC(122) y: Forwarding Usage: 0M
[2026-04-03T02:26:50.024+0600][76.668s][info][gc,reloc    ] GC(122) y: Age Table:
[2026-04-03T02:26:50.024+0600][76.668s][info][gc,reloc    ] GC(122) y:                    Live             Garbage             Small              Medium             Large        
[2026-04-03T02:26:50.024+0600][76.668s][info][gc,reloc    ] GC(122) y: Eden              21M (2%)          386M (31%)         38 / 32             1 / 0             50 / 0        
[2026-04-03T02:26:50.024+0600][76.668s][info][gc,reloc    ] GC(122) y: Survivor 1         1M (0%)           34M (3%)           6 / 3              0 / 0              4 / 0        
[2026-04-03T02:26:50.024+0600][76.668s][info][gc,reloc    ] GC(122) y: Survivor 2         2M (0%)            1M (0%)           2 / 1              0 / 0              0 / 0        
[2026-04-03T02:26:50.024+0600][76.668s][info][gc,heap     ] GC(122) y: Min Capacity: 8M(1%)
[2026-04-03T02:26:50.024+0600][76.668s][info][gc,heap     ] GC(122) y: Max Capacity: 1250M(100%)
[2026-04-03T02:26:50.024+0600][76.668s][info][gc,heap     ] GC(122) y: Soft Max Capacity: 1250M(100%)
[2026-04-03T02:26:50.024+0600][76.669s][info][gc,heap     ] GC(122) y: Heap Statistics:
[2026-04-03T02:26:50.024+0600][76.669s][info][gc,heap     ] GC(122) y:                Mark Start          Mark End        Relocate Start      Relocate End           High               Low         
[2026-04-03T02:26:50.024+0600][76.669s][info][gc,heap     ] GC(122) y:  Capacity:     1250M (100%)       1250M (100%)       1250M (100%)       1250M (100%)       1250M (100%)       1250M (100%)   
[2026-04-03T02:26:50.024+0600][76.669s][info][gc,heap     ] GC(122) y:      Free:      624M (50%)         380M (30%)         722M (58%)         778M (62%)         778M (62%)         360M (29%)    
[2026-04-03T02:26:50.024+0600][76.669s][info][gc,heap     ] GC(122) y:      Used:      626M (50%)         870M (70%)         528M (42%)         472M (38%)         890M (71%)         472M (38%)    
[2026-04-03T02:26:50.024+0600][76.669s][info][gc,heap     ] GC(122) y: Young Generation Statistics:
[2026-04-03T02:26:50.024+0600][76.669s][info][gc,heap     ] GC(122) y:                Mark Start          Mark End        Relocate Start      Relocate End    
[2026-04-03T02:26:50.024+0600][76.669s][info][gc,heap     ] GC(122) y:      Used:      448M (36%)         692M (55%)         350M (28%)         294M (24%)    
[2026-04-03T02:26:50.024+0600][76.669s][info][gc,heap     ] GC(122) y:      Live:         -                26M (2%)           26M (2%)           26M (2%)     
[2026-04-03T02:26:50.024+0600][76.669s][info][gc,heap     ] GC(122) y:   Garbage:         -               421M (34%)          73M (6%)            0M (0%)     
[2026-04-03T02:26:50.024+0600][76.669s][info][gc,heap     ] GC(122) y: Allocated:         -               244M (20%)         250M (20%)         267M (21%)    
[2026-04-03T02:26:50.024+0600][76.669s][info][gc,heap     ] GC(122) y: Reclaimed:         -                  -               348M (28%)         421M (34%)    
[2026-04-03T02:26:50.024+0600][76.669s][info][gc,heap     ] GC(122) y:  Promoted:         -                  -                 0M (0%)            0M (0%)     
[2026-04-03T02:26:50.024+0600][76.669s][info][gc,heap     ] GC(122) y: Compacted:         -                  -                  -                 6M (1%)     
[2026-04-03T02:26:50.024+0600][76.669s][info][gc,phases   ] GC(122) y: Young Generation 626M(50%)->472M(38%) 0.036s
[2026-04-03T02:26:50.024+0600][76.669s][info][gc          ] GC(122) Minor Collection (Allocation Rate) 626M(50%)->472M(38%) 0.036s
[2026-04-03T02:26:50.068+0600][76.713s][info][gc          ] GC(123) Minor Collection (Allocation Rate)
[2026-04-03T02:26:50.068+0600][76.713s][info][gc,task     ] GC(123) Using 3 Workers for Young Generation
[2026-04-03T02:26:50.068+0600][76.713s][info][gc,phases   ] GC(123) y: Young Generation
[2026-04-03T02:26:50.069+0600][76.713s][info][gc,phases   ] GC(123) y: Pause Mark Start 0.018ms
[2026-04-03T02:26:50.087+0600][76.731s][info][gc,phases   ] GC(123) y: Concurrent Mark 17.921ms
[2026-04-03T02:26:50.087+0600][76.731s][info][gc,phases   ] GC(123) y: Pause Mark End 0.027ms
[2026-04-03T02:26:50.087+0600][76.732s][info][gc,phases   ] GC(123) y: Concurrent Mark Free 0.002ms
[2026-04-03T02:26:50.087+0600][76.732s][info][gc,phases   ] GC(123) y: Concurrent Reset Relocation Set 0.011ms
[2026-04-03T02:26:50.090+0600][76.735s][info][gc,reloc    ] GC(123) y: Using tenuring threshold: 4 (Computed)
[2026-04-03T02:26:50.091+0600][76.735s][info][gc,phases   ] GC(123) y: Concurrent Select Relocation Set 3.730ms
[2026-04-03T02:26:50.091+0600][76.736s][info][gc,phases   ] GC(123) y: Pause Relocate Start 0.024ms
[2026-04-03T02:26:50.094+0600][76.738s][info][gc,phases   ] GC(123) y: Concurrent Relocate 2.393ms
[2026-04-03T02:26:50.094+0600][76.738s][info][gc,alloc    ] GC(123) y:                         Mark Start        Mark End      Relocate Start    Relocate End   
[2026-04-03T02:26:50.094+0600][76.738s][info][gc,alloc    ] GC(123) y: Allocation Stalls:          0                0                0                0         
[2026-04-03T02:26:50.094+0600][76.738s][info][gc,load     ] GC(123) y: Load: 6.05 (50%) / 6.05 (50%) / 5.91 (49%)
[2026-04-03T02:26:50.094+0600][76.738s][info][gc,mmu      ] GC(123) y: MMU: 2ms/95.2%, 5ms/97.6%, 10ms/98.8%, 20ms/99.4%, 50ms/99.6%, 100ms/99.8%
[2026-04-03T02:26:50.094+0600][76.739s][info][gc,marking  ] GC(123) y: Mark: 2 stripe(s), 2 proactive flush(es), 1 terminate flush(es), 0 completion(s), 0 continuation(s) 
[2026-04-03T02:26:50.094+0600][76.739s][info][gc,marking  ] GC(123) y: Mark Stack Usage: 32M
[2026-04-03T02:26:50.094+0600][76.739s][info][gc,nmethod  ] GC(123) y: NMethods: 14608 registered, 3103 unregistered
[2026-04-03T02:26:50.094+0600][76.739s][info][gc,metaspace] GC(123) y: Metaspace: 128M used, 130M committed, 1152M reserved
[2026-04-03T02:26:50.094+0600][76.739s][info][gc,reloc    ] GC(123) y:                        Candidates     Selected     In-Place         Size        Empty    Relocated 
[2026-04-03T02:26:50.094+0600][76.739s][info][gc,reloc    ] GC(123) y: Small Pages:                   51           35            0         102M          24M           2M 
[2026-04-03T02:26:50.094+0600][76.739s][info][gc,reloc    ] GC(123) y: Medium Pages:                   1            0            0          32M          32M           0M 
[2026-04-03T02:26:50.094+0600][76.739s][info][gc,reloc    ] GC(123) y: Large Pages:                   35            0            0         210M         210M           0M 
[2026-04-03T02:26:50.094+0600][76.739s][info][gc,reloc    ] GC(123) y: Forwarding Usage: 0M
[2026-04-03T02:26:50.094+0600][76.739s][info][gc,reloc    ] GC(123) y: Age Table:
[2026-04-03T02:26:50.094+0600][76.739s][info][gc,reloc    ] GC(123) y:                    Live             Garbage             Small              Medium             Large        
[2026-04-03T02:26:50.094+0600][76.739s][info][gc,reloc    ] GC(123) y: Eden               0M (0%)          305M (24%)         41 / 31             1 / 0             32 / 0        
[2026-04-03T02:26:50.094+0600][76.739s][info][gc,reloc    ] GC(123) y: Survivor 1         0M (0%)           27M (2%)           5 / 3              0 / 0              3 / 0        
[2026-04-03T02:26:50.094+0600][76.739s][info][gc,reloc    ] GC(123) y: Survivor 2         1M (0%)            4M (0%)           3 / 1              0 / 0              0 / 0        
[2026-04-03T02:26:50.094+0600][76.739s][info][gc,reloc    ] GC(123) y: Survivor 3         2M (0%)            1M (0%)           2 / 0              0 / 0              0 / 0        
[2026-04-03T02:26:50.094+0600][76.739s][info][gc,heap     ] GC(123) y: Min Capacity: 8M(1%)
[2026-04-03T02:26:50.094+0600][76.739s][info][gc,heap     ] GC(123) y: Max Capacity: 1250M(100%)
[2026-04-03T02:26:50.094+0600][76.739s][info][gc,heap     ] GC(123) y: Soft Max Capacity: 1250M(100%)
[2026-04-03T02:26:50.094+0600][76.739s][info][gc,heap     ] GC(123) y: Heap Statistics:
[2026-04-03T02:26:50.094+0600][76.739s][info][gc,heap     ] GC(123) y:                Mark Start          Mark End        Relocate Start      Relocate End           High               Low         
[2026-04-03T02:26:50.094+0600][76.739s][info][gc,heap     ] GC(123) y:  Capacity:     1250M (100%)       1250M (100%)       1250M (100%)       1250M (100%)       1250M (100%)       1250M (100%)   
[2026-04-03T02:26:50.094+0600][76.739s][info][gc,heap     ] GC(123) y:      Free:      728M (58%)         668M (53%)         922M (74%)         984M (79%)         984M (79%)         660M (53%)    
[2026-04-03T02:26:50.094+0600][76.739s][info][gc,heap     ] GC(123) y:      Used:      522M (42%)         582M (47%)         328M (26%)         266M (21%)         590M (47%)         266M (21%)    
[2026-04-03T02:26:50.094+0600][76.739s][info][gc,heap     ] GC(123) y: Young Generation Statistics:
[2026-04-03T02:26:50.094+0600][76.739s][info][gc,heap     ] GC(123) y:                Mark Start          Mark End        Relocate Start      Relocate End    
[2026-04-03T02:26:50.094+0600][76.739s][info][gc,heap     ] GC(123) y:      Used:      344M (28%)         404M (32%)         150M (12%)          88M (7%)     
[2026-04-03T02:26:50.094+0600][76.739s][info][gc,heap     ] GC(123) y:      Live:         -                 6M (0%)            6M (0%)            6M (0%)     
[2026-04-03T02:26:50.094+0600][76.739s][info][gc,heap     ] GC(123) y:   Garbage:         -               337M (27%)          71M (6%)            1M (0%)     
[2026-04-03T02:26:50.094+0600][76.739s][info][gc,heap     ] GC(123) y: Allocated:         -                60M (5%)           72M (6%)           80M (6%)     
[2026-04-03T02:26:50.094+0600][76.739s][info][gc,heap     ] GC(123) y: Reclaimed:         -                  -               266M (21%)         336M (27%)    
[2026-04-03T02:26:50.094+0600][76.739s][info][gc,heap     ] GC(123) y:  Promoted:         -                  -                 0M (0%)            0M (0%)     
[2026-04-03T02:26:50.094+0600][76.739s][info][gc,heap     ] GC(123) y: Compacted:         -                  -                  -                 3M (0%)     
[2026-04-03T02:26:50.094+0600][76.739s][info][gc,phases   ] GC(123) y: Young Generation 522M(42%)->266M(21%) 0.025s
[2026-04-03T02:26:50.094+0600][76.739s][info][gc          ] GC(123) Minor Collection (Allocation Rate) 522M(42%)->266M(21%) 0.026s
[2026-04-03T02:26:50.716+0600][77.360s][info][gc          ] GC(124) Minor Collection (Allocation Rate)
[2026-04-03T02:26:50.716+0600][77.360s][info][gc,task     ] GC(124) Using 2 Workers for Young Generation
[2026-04-03T02:26:50.716+0600][77.361s][info][gc,phases   ] GC(124) y: Young Generation
[2026-04-03T02:26:50.716+0600][77.361s][info][gc,phases   ] GC(124) y: Pause Mark Start 0.023ms
[2026-04-03T02:26:50.753+0600][77.398s][info][gc,phases   ] GC(124) y: Concurrent Mark 36.720ms
[2026-04-03T02:26:50.754+0600][77.398s][info][gc,phases   ] GC(124) y: Pause Mark End 0.029ms
[2026-04-03T02:26:50.754+0600][77.398s][info][gc,phases   ] GC(124) y: Concurrent Mark Free 0.002ms
[2026-04-03T02:26:50.754+0600][77.399s][info][gc,phases   ] GC(124) y: Concurrent Reset Relocation Set 0.009ms
[2026-04-03T02:26:50.756+0600][77.401s][info][gc,reloc    ] GC(124) y: Using tenuring threshold: 4 (Computed)
[2026-04-03T02:26:50.758+0600][77.403s][info][gc,phases   ] GC(124) y: Concurrent Select Relocation Set 4.516ms
[2026-04-03T02:26:50.759+0600][77.403s][info][gc,phases   ] GC(124) y: Pause Relocate Start 0.028ms
[2026-04-03T02:26:50.766+0600][77.411s][info][gc,phases   ] GC(124) y: Concurrent Relocate 7.271ms
[2026-04-03T02:26:50.767+0600][77.411s][info][gc,alloc    ] GC(124) y:                         Mark Start        Mark End      Relocate Start    Relocate End   
[2026-04-03T02:26:50.767+0600][77.411s][info][gc,alloc    ] GC(124) y: Allocation Stalls:          0                0                0                0         
[2026-04-03T02:26:50.767+0600][77.411s][info][gc,load     ] GC(124) y: Load: 6.05 (50%) / 6.05 (50%) / 5.91 (49%)
[2026-04-03T02:26:50.767+0600][77.411s][info][gc,mmu      ] GC(124) y: MMU: 2ms/95.2%, 5ms/97.6%, 10ms/98.8%, 20ms/99.4%, 50ms/99.6%, 100ms/99.8%
[2026-04-03T02:26:50.767+0600][77.411s][info][gc,marking  ] GC(124) y: Mark: 2 stripe(s), 2 proactive flush(es), 1 terminate flush(es), 0 completion(s), 0 continuation(s) 
[2026-04-03T02:26:50.767+0600][77.411s][info][gc,marking  ] GC(124) y: Mark Stack Usage: 32M
[2026-04-03T02:26:50.767+0600][77.411s][info][gc,nmethod  ] GC(124) y: NMethods: 14623 registered, 3103 unregistered
[2026-04-03T02:26:50.767+0600][77.411s][info][gc,metaspace] GC(124) y: Metaspace: 128M used, 130M committed, 1152M reserved
[2026-04-03T02:26:50.767+0600][77.411s][info][gc,reloc    ] GC(124) y:                        Candidates     Selected     In-Place         Size        Empty    Relocated 
[2026-04-03T02:26:50.767+0600][77.411s][info][gc,reloc    ] GC(124) y: Small Pages:                  203          165            0         406M          64M           6M 
[2026-04-03T02:26:50.767+0600][77.411s][info][gc,reloc    ] GC(124) y: Medium Pages:                   2            0            0          64M          64M           0M 
[2026-04-03T02:26:50.767+0600][77.411s][info][gc,reloc    ] GC(124) y: Large Pages:                   10            0            0          60M          60M           0M 
[2026-04-03T02:26:50.767+0600][77.411s][info][gc,reloc    ] GC(124) y: Forwarding Usage: 1M
[2026-04-03T02:26:50.767+0600][77.411s][info][gc,reloc    ] GC(124) y: Age Table:
[2026-04-03T02:26:50.767+0600][77.411s][info][gc,reloc    ] GC(124) y:                    Live             Garbage             Small              Medium             Large        
[2026-04-03T02:26:50.767+0600][77.411s][info][gc,reloc    ] GC(124) y: Eden               3M (0%)          510M (41%)        195 / 160            2 / 0             10 / 0        
[2026-04-03T02:26:50.767+0600][77.411s][info][gc,reloc    ] GC(124) y: Survivor 1         0M (0%)            3M (0%)           2 / 2              0 / 0              0 / 0        
[2026-04-03T02:26:50.767+0600][77.411s][info][gc,reloc    ] GC(124) y: Survivor 2         0M (0%)            3M (0%)           2 / 1              0 / 0              0 / 0        
[2026-04-03T02:26:50.767+0600][77.411s][info][gc,reloc    ] GC(124) y: Survivor 3         1M (0%)            2M (0%)           2 / 2              0 / 0              0 / 0        
[2026-04-03T02:26:50.767+0600][77.411s][info][gc,reloc    ] GC(124) y: Survivor 4         2M (0%)            1M (0%)           2 / 0              0 / 0              0 / 0        
[2026-04-03T02:26:50.767+0600][77.411s][info][gc,heap     ] GC(124) y: Min Capacity: 8M(1%)
[2026-04-03T02:26:50.767+0600][77.412s][info][gc,heap     ] GC(124) y: Max Capacity: 1250M(100%)
[2026-04-03T02:26:50.767+0600][77.412s][info][gc,heap     ] GC(124) y: Soft Max Capacity: 1250M(100%)
[2026-04-03T02:26:50.767+0600][77.412s][info][gc,heap     ] GC(124) y: Heap Statistics:
[2026-04-03T02:26:50.767+0600][77.412s][info][gc,heap     ] GC(124) y:                Mark Start          Mark End        Relocate Start      Relocate End           High               Low         
[2026-04-03T02:26:50.767+0600][77.412s][info][gc,heap     ] GC(124) y:  Capacity:     1250M (100%)       1250M (100%)       1250M (100%)       1250M (100%)       1250M (100%)       1250M (100%)   
[2026-04-03T02:26:50.767+0600][77.412s][info][gc,heap     ] GC(124) y:      Free:      542M (43%)         494M (40%)         674M (54%)         972M (78%)         974M (78%)         490M (39%)    
[2026-04-03T02:26:50.767+0600][77.412s][info][gc,heap     ] GC(124) y:      Used:      708M (57%)         756M (60%)         576M (46%)         278M (22%)         760M (61%)         276M (22%)    
[2026-04-03T02:26:50.767+0600][77.412s][info][gc,heap     ] GC(124) y: Young Generation Statistics:
[2026-04-03T02:26:50.767+0600][77.412s][info][gc,heap     ] GC(124) y:                Mark Start          Mark End        Relocate Start      Relocate End    
[2026-04-03T02:26:50.767+0600][77.412s][info][gc,heap     ] GC(124) y:      Used:      530M (42%)         578M (46%)         394M (32%)          96M (8%)     
[2026-04-03T02:26:50.767+0600][77.412s][info][gc,heap     ] GC(124) y:      Live:         -                 9M (1%)            6M (1%)            6M (1%)     
[2026-04-03T02:26:50.767+0600][77.412s][info][gc,heap     ] GC(124) y:   Garbage:         -               520M (42%)         331M (26%)           0M (0%)     
[2026-04-03T02:26:50.767+0600][77.412s][info][gc,heap     ] GC(124) y: Allocated:         -                48M (4%)           56M (4%)           89M (7%)     
[2026-04-03T02:26:50.767+0600][77.412s][info][gc,heap     ] GC(124) y: Reclaimed:         -                  -               189M (15%)         520M (42%)    
[2026-04-03T02:26:50.767+0600][77.412s][info][gc,heap     ] GC(124) y:  Promoted:         -                  -                 2M (0%)            2M (0%)     
[2026-04-03T02:26:50.767+0600][77.412s][info][gc,heap     ] GC(124) y: Compacted:         -                  -                  -                 6M (1%)     
[2026-04-03T02:26:50.767+0600][77.412s][info][gc,phases   ] GC(124) y: Young Generation 708M(57%)->278M(22%) 0.051s
[2026-04-03T02:26:50.767+0600][77.412s][info][gc          ] GC(124) Minor Collection (Allocation Rate) 708M(57%)->278M(22%) 0.051s
[2026-04-03T02:26:50.975+0600][77.620s][info][gc          ] GC(125) Minor Collection (Allocation Rate)
[2026-04-03T02:26:50.975+0600][77.620s][info][gc,task     ] GC(125) Using 2 Workers for Young Generation
[2026-04-03T02:26:50.975+0600][77.620s][info][gc,phases   ] GC(125) y: Young Generation
[2026-04-03T02:26:50.975+0600][77.620s][info][gc,phases   ] GC(125) y: Pause Mark Start 0.019ms
[2026-04-03T02:26:51.008+0600][77.652s][info][gc,phases   ] GC(125) y: Concurrent Mark 32.036ms
[2026-04-03T02:26:51.008+0600][77.653s][info][gc,phases   ] GC(125) y: Pause Mark End 0.055ms
[2026-04-03T02:26:51.009+0600][77.653s][info][gc,phases   ] GC(125) y: Concurrent Mark Free 0.003ms
[2026-04-03T02:26:51.009+0600][77.654s][info][gc,phases   ] GC(125) y: Concurrent Reset Relocation Set 0.034ms
[2026-04-03T02:26:51.011+0600][77.656s][info][gc,reloc    ] GC(125) y: Using tenuring threshold: 5 (Computed)
[2026-04-03T02:26:51.012+0600][77.656s][info][gc,phases   ] GC(125) y: Concurrent Select Relocation Set 2.850ms
[2026-04-03T02:26:51.012+0600][77.657s][info][gc,phases   ] GC(125) y: Pause Relocate Start 0.022ms
[2026-04-03T02:26:51.018+0600][77.662s][info][gc,phases   ] GC(125) y: Concurrent Relocate 5.631ms
[2026-04-03T02:26:51.018+0600][77.663s][info][gc,alloc    ] GC(125) y:                         Mark Start        Mark End      Relocate Start    Relocate End   
[2026-04-03T02:26:51.018+0600][77.663s][info][gc,alloc    ] GC(125) y: Allocation Stalls:          0                0                0                0         
[2026-04-03T02:26:51.018+0600][77.663s][info][gc,load     ] GC(125) y: Load: 6.05 (50%) / 6.05 (50%) / 5.91 (49%)
[2026-04-03T02:26:51.018+0600][77.663s][info][gc,mmu      ] GC(125) y: MMU: 2ms/95.2%, 5ms/97.6%, 10ms/98.8%, 20ms/99.4%, 50ms/99.6%, 100ms/99.8%
[2026-04-03T02:26:51.018+0600][77.663s][info][gc,marking  ] GC(125) y: Mark: 2 stripe(s), 2 proactive flush(es), 1 terminate flush(es), 0 completion(s), 0 continuation(s) 
[2026-04-03T02:26:51.018+0600][77.663s][info][gc,marking  ] GC(125) y: Mark Stack Usage: 32M
[2026-04-03T02:26:51.018+0600][77.663s][info][gc,nmethod  ] GC(125) y: NMethods: 14627 registered, 3103 unregistered
[2026-04-03T02:26:51.018+0600][77.663s][info][gc,metaspace] GC(125) y: Metaspace: 128M used, 130M committed, 1152M reserved
[2026-04-03T02:26:51.018+0600][77.663s][info][gc,reloc    ] GC(125) y:                        Candidates     Selected     In-Place         Size        Empty    Relocated 
[2026-04-03T02:26:51.018+0600][77.663s][info][gc,reloc    ] GC(125) y: Small Pages:                   91           65            0         182M          44M           5M 
[2026-04-03T02:26:51.018+0600][77.663s][info][gc,reloc    ] GC(125) y: Medium Pages:                   2            0            0          64M          64M           0M 
[2026-04-03T02:26:51.018+0600][77.663s][info][gc,reloc    ] GC(125) y: Large Pages:                    4            0            0          24M          24M           0M 
[2026-04-03T02:26:51.018+0600][77.663s][info][gc,reloc    ] GC(125) y: Forwarding Usage: 1M
[2026-04-03T02:26:51.018+0600][77.663s][info][gc,reloc    ] GC(125) y: Age Table:
[2026-04-03T02:26:51.018+0600][77.663s][info][gc,reloc    ] GC(125) y:                    Live             Garbage             Small              Medium             Large        
[2026-04-03T02:26:51.018+0600][77.663s][info][gc,reloc    ] GC(125) y: Eden               2M (0%)          229M (18%)         72 / 51             2 / 0              4 / 0        
[2026-04-03T02:26:51.018+0600][77.663s][info][gc,reloc    ] GC(125) y: Survivor 1         2M (0%)           17M (1%)          10 / 7              0 / 0              0 / 0        
[2026-04-03T02:26:51.018+0600][77.663s][info][gc,reloc    ] GC(125) y: Survivor 2         0M (0%)            9M (1%)           5 / 5              0 / 0              0 / 0        
[2026-04-03T02:26:51.018+0600][77.663s][info][gc,reloc    ] GC(125) y: Survivor 3         0M (0%)            3M (0%)           2 / 2              0 / 0              0 / 0        
[2026-04-03T02:26:51.018+0600][77.663s][info][gc,reloc    ] GC(125) y: Survivor 4         1M (0%)            2M (0%)           2 / 0              0 / 0              0 / 0        
[2026-04-03T02:26:51.018+0600][77.663s][info][gc,heap     ] GC(125) y: Min Capacity: 8M(1%)
[2026-04-03T02:26:51.018+0600][77.663s][info][gc,heap     ] GC(125) y: Max Capacity: 1250M(100%)
[2026-04-03T02:26:51.018+0600][77.663s][info][gc,heap     ] GC(125) y: Soft Max Capacity: 1250M(100%)
[2026-04-03T02:26:51.018+0600][77.663s][info][gc,heap     ] GC(125) y: Heap Statistics:
[2026-04-03T02:26:51.018+0600][77.663s][info][gc,heap     ] GC(125) y:                Mark Start          Mark End        Relocate Start      Relocate End           High               Low         
[2026-04-03T02:26:51.018+0600][77.663s][info][gc,heap     ] GC(125) y:  Capacity:     1250M (100%)       1250M (100%)       1250M (100%)       1250M (100%)       1250M (100%)       1250M (100%)   
[2026-04-03T02:26:51.018+0600][77.663s][info][gc,heap     ] GC(125) y:      Free:      798M (64%)         782M (63%)         914M (73%)        1018M (81%)        1018M (81%)         782M (63%)    
[2026-04-03T02:26:51.018+0600][77.663s][info][gc,heap     ] GC(125) y:      Used:      452M (36%)         468M (37%)         336M (27%)         232M (19%)         468M (37%)         232M (19%)    
[2026-04-03T02:26:51.018+0600][77.663s][info][gc,heap     ] GC(125) y: Young Generation Statistics:
[2026-04-03T02:26:51.018+0600][77.663s][info][gc,heap     ] GC(125) y:                Mark Start          Mark End        Relocate Start      Relocate End    
[2026-04-03T02:26:51.018+0600][77.663s][info][gc,heap     ] GC(125) y:      Used:      270M (22%)         286M (23%)         154M (12%)          50M (4%)     
[2026-04-03T02:26:51.018+0600][77.663s][info][gc,heap     ] GC(125) y:      Live:         -                 6M (1%)            6M (1%)            6M (1%)     
[2026-04-03T02:26:51.018+0600][77.663s][info][gc,heap     ] GC(125) y:   Garbage:         -               263M (21%)         131M (10%)           0M (0%)     
[2026-04-03T02:26:51.018+0600][77.663s][info][gc,heap     ] GC(125) y: Allocated:         -                16M (1%)           16M (1%)           43M (3%)     
[2026-04-03T02:26:51.018+0600][77.663s][info][gc,heap     ] GC(125) y: Reclaimed:         -                  -               132M (11%)         263M (21%)    
[2026-04-03T02:26:51.018+0600][77.663s][info][gc,heap     ] GC(125) y:  Promoted:         -                  -                 0M (0%)            0M (0%)     
[2026-04-03T02:26:51.018+0600][77.663s][info][gc,heap     ] GC(125) y: Compacted:         -                  -                  -                 6M (1%)     
[2026-04-03T02:26:51.018+0600][77.663s][info][gc,phases   ] GC(125) y: Young Generation 452M(36%)->232M(19%) 0.043s
[2026-04-03T02:26:51.018+0600][77.663s][info][gc          ] GC(125) Minor Collection (Allocation Rate) 452M(36%)->232M(19%) 0.043s
[2026-04-03T02:26:51.899+0600][78.544s][info][gc          ] GC(126) Minor Collection (Allocation Rate)
[2026-04-03T02:26:51.899+0600][78.544s][info][gc,task     ] GC(126) Using 2 Workers for Young Generation
[2026-04-03T02:26:51.899+0600][78.544s][info][gc,phases   ] GC(126) y: Young Generation
[2026-04-03T02:26:51.900+0600][78.544s][info][gc,phases   ] GC(126) y: Pause Mark Start 0.029ms
[2026-04-03T02:26:51.932+0600][78.577s][info][gc,phases   ] GC(126) y: Concurrent Mark 32.126ms
[2026-04-03T02:26:51.932+0600][78.577s][info][gc,phases   ] GC(126) y: Pause Mark End 0.028ms
[2026-04-03T02:26:51.932+0600][78.577s][info][gc,phases   ] GC(126) y: Concurrent Mark Free 0.003ms
[2026-04-03T02:26:51.932+0600][78.577s][info][gc,phases   ] GC(126) y: Concurrent Reset Relocation Set 0.011ms
[2026-04-03T02:26:51.934+0600][78.579s][info][gc,reloc    ] GC(126) y: Using tenuring threshold: 2 (Computed)
[2026-04-03T02:26:51.936+0600][78.581s][info][gc,phases   ] GC(126) y: Concurrent Select Relocation Set 3.640ms
[2026-04-03T02:26:51.936+0600][78.581s][info][gc,phases   ] GC(126) y: Pause Relocate Start 0.019ms
[2026-04-03T02:26:51.946+0600][78.591s][info][gc,phases   ] GC(126) y: Concurrent Relocate 9.462ms
[2026-04-03T02:26:51.946+0600][78.591s][info][gc,alloc    ] GC(126) y:                         Mark Start        Mark End      Relocate Start    Relocate End   
[2026-04-03T02:26:51.946+0600][78.591s][info][gc,alloc    ] GC(126) y: Allocation Stalls:          0                0                0                0         
[2026-04-03T02:26:51.946+0600][78.591s][info][gc,load     ] GC(126) y: Load: 6.05 (50%) / 6.05 (50%) / 5.91 (49%)
[2026-04-03T02:26:51.946+0600][78.591s][info][gc,mmu      ] GC(126) y: MMU: 2ms/95.2%, 5ms/97.6%, 10ms/98.8%, 20ms/99.4%, 50ms/99.6%, 100ms/99.8%
[2026-04-03T02:26:51.946+0600][78.591s][info][gc,marking  ] GC(126) y: Mark: 2 stripe(s), 2 proactive flush(es), 1 terminate flush(es), 0 completion(s), 0 continuation(s) 
[2026-04-03T02:26:51.946+0600][78.591s][info][gc,marking  ] GC(126) y: Mark Stack Usage: 32M
[2026-04-03T02:26:51.946+0600][78.591s][info][gc,nmethod  ] GC(126) y: NMethods: 14655 registered, 3103 unregistered
[2026-04-03T02:26:51.946+0600][78.591s][info][gc,metaspace] GC(126) y: Metaspace: 128M used, 130M committed, 1152M reserved
[2026-04-03T02:26:51.946+0600][78.591s][info][gc,reloc    ] GC(126) y:                        Candidates     Selected     In-Place         Size        Empty    Relocated 
[2026-04-03T02:26:51.946+0600][78.591s][info][gc,reloc    ] GC(126) y: Small Pages:                  276          162            0         552M         216M           6M 
[2026-04-03T02:26:51.946+0600][78.591s][info][gc,reloc    ] GC(126) y: Medium Pages:                   4            0            0         128M          96M           0M 
[2026-04-03T02:26:51.946+0600][78.591s][info][gc,reloc    ] GC(126) y: Large Pages:                   12            0            0          72M          72M           0M 
[2026-04-03T02:26:51.946+0600][78.591s][info][gc,reloc    ] GC(126) y: Forwarding Usage: 1M
[2026-04-03T02:26:51.946+0600][78.591s][info][gc,reloc    ] GC(126) y: Age Table:
[2026-04-03T02:26:51.946+0600][78.591s][info][gc,reloc    ] GC(126) y:                    Live             Garbage             Small              Medium             Large        
[2026-04-03T02:26:51.946+0600][78.591s][info][gc,reloc    ] GC(126) y: Eden               5M (0%)          712M (57%)        259 / 148            4 / 0             12 / 0        
[2026-04-03T02:26:51.946+0600][78.591s][info][gc,reloc    ] GC(126) y: Survivor 1         0M (0%)            3M (0%)           2 / 1              0 / 0              0 / 0        
[2026-04-03T02:26:51.946+0600][78.591s][info][gc,reloc    ] GC(126) y: Survivor 2         1M (0%)            2M (0%)           2 / 1              0 / 0              0 / 0        
[2026-04-03T02:26:51.946+0600][78.591s][info][gc,reloc    ] GC(126) y: Survivor 3         0M (0%)           19M (2%)          10 / 10             0 / 0              0 / 0        
[2026-04-03T02:26:51.946+0600][78.591s][info][gc,reloc    ] GC(126) y: Survivor 4         0M (0%)            3M (0%)           2 / 2              0 / 0              0 / 0        
[2026-04-03T02:26:51.946+0600][78.591s][info][gc,reloc    ] GC(126) y: Survivor 5         1M (0%)            0M (0%)           1 / 0              0 / 0              0 / 0        
[2026-04-03T02:26:51.946+0600][78.591s][info][gc,heap     ] GC(126) y: Min Capacity: 8M(1%)
[2026-04-03T02:26:51.946+0600][78.591s][info][gc,heap     ] GC(126) y: Max Capacity: 1250M(100%)
[2026-04-03T02:26:51.946+0600][78.591s][info][gc,heap     ] GC(126) y: Soft Max Capacity: 1250M(100%)
[2026-04-03T02:26:51.946+0600][78.591s][info][gc,heap     ] GC(126) y: Heap Statistics:
[2026-04-03T02:26:51.946+0600][78.591s][info][gc,heap     ] GC(126) y:                Mark Start          Mark End        Relocate Start      Relocate End           High               Low         
[2026-04-03T02:26:51.946+0600][78.591s][info][gc,heap     ] GC(126) y:  Capacity:     1250M (100%)       1250M (100%)       1250M (100%)       1250M (100%)       1250M (100%)       1250M (100%)   
[2026-04-03T02:26:51.946+0600][78.591s][info][gc,heap     ] GC(126) y:      Free:      316M (25%)         246M (20%)         630M (50%)         946M (76%)         946M (76%)         246M (20%)    
[2026-04-03T02:26:51.946+0600][78.591s][info][gc,heap     ] GC(126) y:      Used:      934M (75%)        1004M (80%)         620M (50%)         304M (24%)        1004M (80%)         304M (24%)    
[2026-04-03T02:26:51.946+0600][78.591s][info][gc,heap     ] GC(126) y: Young Generation Statistics:
[2026-04-03T02:26:51.946+0600][78.591s][info][gc,heap     ] GC(126) y:                Mark Start          Mark End        Relocate Start      Relocate End    
[2026-04-03T02:26:51.946+0600][78.591s][info][gc,heap     ] GC(126) y:      Used:      752M (60%)         822M (66%)         436M (35%)         114M (9%)     
[2026-04-03T02:26:51.946+0600][78.591s][info][gc,heap     ] GC(126) y:      Live:         -                10M (1%)            9M (1%)            5M (0%)     
[2026-04-03T02:26:51.946+0600][78.591s][info][gc,heap     ] GC(126) y:   Garbage:         -               741M (59%)         356M (29%)          30M (2%)     
[2026-04-03T02:26:51.946+0600][78.591s][info][gc,heap     ] GC(126) y: Allocated:         -                70M (6%)           70M (6%)           77M (6%)     
[2026-04-03T02:26:51.946+0600][78.591s][info][gc,heap     ] GC(126) y: Reclaimed:         -                  -               384M (31%)         710M (57%)    
[2026-04-03T02:26:51.946+0600][78.591s][info][gc,heap     ] GC(126) y:  Promoted:         -                  -                 1M (0%)            4M (0%)     
[2026-04-03T02:26:51.946+0600][78.591s][info][gc,heap     ] GC(126) y: Compacted:         -                  -                  -                 4M (0%)     
[2026-04-03T02:26:51.946+0600][78.591s][info][gc,phases   ] GC(126) y: Young Generation 934M(75%)->304M(24%) 0.047s
[2026-04-03T02:26:51.946+0600][78.591s][info][gc          ] GC(126) Minor Collection (Allocation Rate) 934M(75%)->306M(24%) 0.047s
[2026-04-03T02:26:52.390+0600][79.034s][info][gc          ] GC(127) Minor Collection (Allocation Rate)
[2026-04-03T02:26:52.390+0600][79.035s][info][gc,task     ] GC(127) Using 1 Workers for Young Generation
[2026-04-03T02:26:52.390+0600][79.035s][info][gc,phases   ] GC(127) y: Young Generation
[2026-04-03T02:26:52.390+0600][79.035s][info][gc,phases   ] GC(127) y: Pause Mark Start 0.024ms
[2026-04-03T02:26:52.401+0600][79.046s][info][gc,task     ] Adjusting Workers for Young Generation: 1 -> 3
[2026-04-03T02:26:52.423+0600][79.067s][info][gc,phases   ] GC(127) y: Concurrent Mark 32.247ms
[2026-04-03T02:26:52.423+0600][79.068s][info][gc,phases   ] GC(127) y: Pause Mark End 0.026ms
[2026-04-03T02:26:52.423+0600][79.068s][info][gc,phases   ] GC(127) y: Concurrent Mark Free 0.002ms
[2026-04-03T02:26:52.423+0600][79.068s][info][gc,phases   ] GC(127) y: Concurrent Reset Relocation Set 0.017ms
[2026-04-03T02:26:52.423+0600][79.068s][info][gc          ] Allocation Stall (Executor task launch worker for task 0.0 in stage 2898.0 (TID 5341)) 17.302ms
[2026-04-03T02:26:52.423+0600][79.068s][info][gc          ] Allocation Stall (Executor task launch worker for task 3.0 in stage 2898.0 (TID 5344)) 9.101ms
[2026-04-03T02:26:52.423+0600][79.068s][info][gc          ] Allocation Stall (Executor task launch worker for task 1.0 in stage 2898.0 (TID 5342)) 12.510ms
[2026-04-03T02:26:52.423+0600][79.068s][info][gc          ] Allocation Stall (Executor task launch worker for task 2.0 in stage 2898.0 (TID 5343)) 11.272ms
[2026-04-03T02:26:52.425+0600][79.069s][info][gc,reloc    ] GC(127) y: Using tenuring threshold: 3 (Computed)
[2026-04-03T02:26:52.425+0600][79.070s][info][gc,phases   ] GC(127) y: Concurrent Select Relocation Set 1.938ms
[2026-04-03T02:26:52.427+0600][79.072s][info][gc,phases   ] GC(127) y: Pause Relocate Start 0.018ms
[2026-04-03T02:26:52.430+0600][79.074s][info][gc,phases   ] GC(127) y: Concurrent Relocate 2.117ms
[2026-04-03T02:26:52.430+0600][79.074s][info][gc,alloc    ] GC(127) y:                         Mark Start        Mark End      Relocate Start    Relocate End   
[2026-04-03T02:26:52.430+0600][79.074s][info][gc,alloc    ] GC(127) y: Allocation Stalls:          0                4                0                0         
[2026-04-03T02:26:52.430+0600][79.074s][info][gc,load     ] GC(127) y: Load: 6.05 (50%) / 6.05 (50%) / 5.91 (49%)
[2026-04-03T02:26:52.430+0600][79.074s][info][gc,mmu      ] GC(127) y: MMU: 2ms/95.2%, 5ms/97.6%, 10ms/98.8%, 20ms/99.4%, 50ms/99.6%, 100ms/99.8%
[2026-04-03T02:26:52.430+0600][79.074s][info][gc,marking  ] GC(127) y: Mark: 1 stripe(s), 3 proactive flush(es), 1 terminate flush(es), 0 completion(s), 0 continuation(s) 
[2026-04-03T02:26:52.430+0600][79.074s][info][gc,marking  ] GC(127) y: Mark Stack Usage: 32M
[2026-04-03T02:26:52.430+0600][79.074s][info][gc,nmethod  ] GC(127) y: NMethods: 14663 registered, 3103 unregistered
[2026-04-03T02:26:52.430+0600][79.074s][info][gc,metaspace] GC(127) y: Metaspace: 128M used, 130M committed, 1152M reserved
[2026-04-03T02:26:52.430+0600][79.074s][info][gc,reloc    ] GC(127) y:                        Candidates     Selected     In-Place         Size        Empty    Relocated 
[2026-04-03T02:26:52.430+0600][79.074s][info][gc,reloc    ] GC(127) y: Small Pages:                  259           99            0         518M         310M           4M 
[2026-04-03T02:26:52.430+0600][79.074s][info][gc,reloc    ] GC(127) y: Medium Pages:                   3            0            0          96M          96M           0M 
[2026-04-03T02:26:52.430+0600][79.074s][info][gc,reloc    ] GC(127) y: Large Pages:                   25            0            0         150M         126M           0M 
[2026-04-03T02:26:52.430+0600][79.074s][info][gc,reloc    ] GC(127) y: Forwarding Usage: 0M
[2026-04-03T02:26:52.430+0600][79.074s][info][gc,reloc    ] GC(127) y: Age Table:
[2026-04-03T02:26:52.430+0600][79.074s][info][gc,reloc    ] GC(127) y:                    Live             Garbage             Small              Medium             Large        
[2026-04-03T02:26:52.430+0600][79.074s][info][gc,reloc    ] GC(127) y: Eden              28M (2%)          693M (55%)        254 / 96             2 / 0             25 / 0        
[2026-04-03T02:26:52.430+0600][79.074s][info][gc,reloc    ] GC(127) y: Survivor 1         2M (0%)           37M (3%)           4 / 2              1 / 0              0 / 0        
[2026-04-03T02:26:52.430+0600][79.075s][info][gc,reloc    ] GC(127) y: Survivor 2         0M (0%)            1M (0%)           1 / 1              0 / 0              0 / 0        
[2026-04-03T02:26:52.430+0600][79.075s][info][gc,heap     ] GC(127) y: Min Capacity: 8M(1%)
[2026-04-03T02:26:52.430+0600][79.075s][info][gc,heap     ] GC(127) y: Max Capacity: 1250M(100%)
[2026-04-03T02:26:52.430+0600][79.075s][info][gc,heap     ] GC(127) y: Soft Max Capacity: 1250M(100%)
[2026-04-03T02:26:52.430+0600][79.075s][info][gc,heap     ] GC(127) y: Heap Statistics:
[2026-04-03T02:26:52.430+0600][79.075s][info][gc,heap     ] GC(127) y:                Mark Start          Mark End        Relocate Start      Relocate End           High               Low         
[2026-04-03T02:26:52.430+0600][79.075s][info][gc,heap     ] GC(127) y:  Capacity:     1250M (100%)       1250M (100%)       1250M (100%)       1250M (100%)       1250M (100%)       1250M (100%)   
[2026-04-03T02:26:52.430+0600][79.075s][info][gc,heap     ] GC(127) y:      Free:      296M (24%)           2M (0%)          490M (39%)         674M (54%)         674M (54%)           2M (0%)     
[2026-04-03T02:26:52.430+0600][79.075s][info][gc,heap     ] GC(127) y:      Used:      954M (76%)        1248M (100%)        760M (61%)         576M (46%)        1248M (100%)        576M (46%)    
[2026-04-03T02:26:52.430+0600][79.075s][info][gc,heap     ] GC(127) y: Young Generation Statistics:
[2026-04-03T02:26:52.430+0600][79.075s][info][gc,heap     ] GC(127) y:                Mark Start          Mark End        Relocate Start      Relocate End    
[2026-04-03T02:26:52.430+0600][79.075s][info][gc,heap     ] GC(127) y:      Used:      764M (61%)        1058M (85%)         570M (46%)         386M (31%)    
[2026-04-03T02:26:52.430+0600][79.075s][info][gc,heap     ] GC(127) y:      Live:         -                31M (2%)           31M (2%)           31M (2%)     
[2026-04-03T02:26:52.430+0600][79.075s][info][gc,heap     ] GC(127) y:   Garbage:         -               732M (59%)         200M (16%)           1M (0%)     
[2026-04-03T02:26:52.430+0600][79.075s][info][gc,heap     ] GC(127) y: Allocated:         -               294M (24%)         338M (27%)         353M (28%)    
[2026-04-03T02:26:52.430+0600][79.075s][info][gc,heap     ] GC(127) y: Reclaimed:         -                  -               532M (43%)         731M (58%)    
[2026-04-03T02:26:52.430+0600][79.075s][info][gc,heap     ] GC(127) y:  Promoted:         -                  -                 0M (0%)            0M (0%)     
[2026-04-03T02:26:52.430+0600][79.075s][info][gc,heap     ] GC(127) y: Compacted:         -                  -                  -                 4M (0%)     
[2026-04-03T02:26:52.430+0600][79.075s][info][gc,phases   ] GC(127) y: Young Generation 954M(76%)->576M(46%) 0.040s
[2026-04-03T02:26:52.430+0600][79.075s][info][gc          ] GC(127) Minor Collection (Allocation Rate) 948M(76%)->584M(47%) 0.040s
[2026-04-03T02:26:52.497+0600][79.142s][info][gc          ] GC(128) Minor Collection (Allocation Rate)
[2026-04-03T02:26:52.497+0600][79.142s][info][gc,task     ] GC(128) Using 2 Workers for Young Generation
[2026-04-03T02:26:52.497+0600][79.142s][info][gc,phases   ] GC(128) y: Young Generation
[2026-04-03T02:26:52.497+0600][79.142s][info][gc,phases   ] GC(128) y: Pause Mark Start 0.025ms
[2026-04-03T02:26:52.528+0600][79.172s][info][gc,phases   ] GC(128) y: Concurrent Mark 30.363ms
[2026-04-03T02:26:52.530+0600][79.175s][info][gc,phases   ] GC(128) y: Pause Mark End 0.037ms
[2026-04-03T02:26:52.530+0600][79.175s][info][gc,phases   ] GC(128) y: Concurrent Mark Free 0.002ms
[2026-04-03T02:26:52.530+0600][79.175s][info][gc,phases   ] GC(128) y: Concurrent Reset Relocation Set 0.012ms
[2026-04-03T02:26:52.534+0600][79.179s][info][gc,reloc    ] GC(128) y: Using tenuring threshold: 4 (Computed)
[2026-04-03T02:26:52.535+0600][79.179s][info][gc,phases   ] GC(128) y: Concurrent Select Relocation Set 4.335ms
[2026-04-03T02:26:52.535+0600][79.180s][info][gc,phases   ] GC(128) y: Pause Relocate Start 0.026ms
[2026-04-03T02:26:52.540+0600][79.185s][info][gc,phases   ] GC(128) y: Concurrent Relocate 4.854ms
[2026-04-03T02:26:52.540+0600][79.185s][info][gc,alloc    ] GC(128) y:                         Mark Start        Mark End      Relocate Start    Relocate End   
[2026-04-03T02:26:52.540+0600][79.185s][info][gc,alloc    ] GC(128) y: Allocation Stalls:          0                0                0                0         
[2026-04-03T02:26:52.540+0600][79.185s][info][gc,load     ] GC(128) y: Load: 6.05 (50%) / 6.05 (50%) / 5.91 (49%)
[2026-04-03T02:26:52.540+0600][79.185s][info][gc,mmu      ] GC(128) y: MMU: 2ms/95.2%, 5ms/97.6%, 10ms/98.8%, 20ms/99.4%, 50ms/99.6%, 100ms/99.8%
[2026-04-03T02:26:52.540+0600][79.185s][info][gc,marking  ] GC(128) y: Mark: 2 stripe(s), 3 proactive flush(es), 1 terminate flush(es), 0 completion(s), 0 continuation(s) 
[2026-04-03T02:26:52.540+0600][79.185s][info][gc,marking  ] GC(128) y: Mark Stack Usage: 32M
[2026-04-03T02:26:52.540+0600][79.185s][info][gc,nmethod  ] GC(128) y: NMethods: 14666 registered, 3103 unregistered
[2026-04-03T02:26:52.540+0600][79.185s][info][gc,metaspace] GC(128) y: Metaspace: 128M used, 130M committed, 1152M reserved
[2026-04-03T02:26:52.540+0600][79.185s][info][gc,reloc    ] GC(128) y:                        Candidates     Selected     In-Place         Size        Empty    Relocated 
[2026-04-03T02:26:52.540+0600][79.185s][info][gc,reloc    ] GC(128) y: Small Pages:                   55           38            0         110M          24M           4M 
[2026-04-03T02:26:52.540+0600][79.185s][info][gc,reloc    ] GC(128) y: Medium Pages:                   1            0            0          32M          32M           0M 
[2026-04-03T02:26:52.540+0600][79.185s][info][gc,reloc    ] GC(128) y: Large Pages:                   72            0            0         432M         408M           0M 
[2026-04-03T02:26:52.540+0600][79.185s][info][gc,reloc    ] GC(128) y: Forwarding Usage: 1M
[2026-04-03T02:26:52.540+0600][79.185s][info][gc,reloc    ] GC(128) y: Age Table:
[2026-04-03T02:26:52.540+0600][79.185s][info][gc,reloc    ] GC(128) y:                    Live             Garbage             Small              Medium             Large        
[2026-04-03T02:26:52.540+0600][79.185s][info][gc,reloc    ] GC(128) y: Eden              26M (2%)          499M (40%)         43 / 32             1 / 0             68 / 0        
[2026-04-03T02:26:52.540+0600][79.185s][info][gc,reloc    ] GC(128) y: Survivor 1         2M (0%)           35M (3%)           7 / 4              0 / 0              4 / 0        
[2026-04-03T02:26:52.540+0600][79.185s][info][gc,reloc    ] GC(128) y: Survivor 2         2M (0%)            5M (0%)           4 / 1              0 / 0              0 / 0        
[2026-04-03T02:26:52.540+0600][79.185s][info][gc,reloc    ] GC(128) y: Survivor 3         0M (0%)            1M (0%)           1 / 1              0 / 0              0 / 0        
[2026-04-03T02:26:52.540+0600][79.185s][info][gc,heap     ] GC(128) y: Min Capacity: 8M(1%)
[2026-04-03T02:26:52.540+0600][79.185s][info][gc,heap     ] GC(128) y: Max Capacity: 1250M(100%)
[2026-04-03T02:26:52.540+0600][79.185s][info][gc,heap     ] GC(128) y: Soft Max Capacity: 1250M(100%)
[2026-04-03T02:26:52.540+0600][79.185s][info][gc,heap     ] GC(128) y: Heap Statistics:
[2026-04-03T02:26:52.540+0600][79.185s][info][gc,heap     ] GC(128) y:                Mark Start          Mark End        Relocate Start      Relocate End           High               Low         
[2026-04-03T02:26:52.540+0600][79.185s][info][gc,heap     ] GC(128) y:  Capacity:     1250M (100%)       1250M (100%)       1250M (100%)       1250M (100%)       1250M (100%)       1250M (100%)   
[2026-04-03T02:26:52.540+0600][79.185s][info][gc,heap     ] GC(128) y:      Free:      486M (39%)         190M (15%)         626M (50%)         660M (53%)         670M (54%)         190M (15%)    
[2026-04-03T02:26:52.540+0600][79.185s][info][gc,heap     ] GC(128) y:      Used:      764M (61%)        1060M (85%)         624M (50%)         590M (47%)        1060M (85%)         580M (46%)    
[2026-04-03T02:26:52.540+0600][79.185s][info][gc,heap     ] GC(128) y: Young Generation Statistics:
[2026-04-03T02:26:52.540+0600][79.185s][info][gc,heap     ] GC(128) y:                Mark Start          Mark End        Relocate Start      Relocate End    
[2026-04-03T02:26:52.540+0600][79.185s][info][gc,heap     ] GC(128) y:      Used:      574M (46%)         870M (70%)         434M (35%)         400M (32%)    
[2026-04-03T02:26:52.540+0600][79.185s][info][gc,heap     ] GC(128) y:      Live:         -                32M (3%)           32M (3%)           32M (3%)     
[2026-04-03T02:26:52.540+0600][79.185s][info][gc,heap     ] GC(128) y:   Garbage:         -               541M (43%)          77M (6%)            0M (0%)     
[2026-04-03T02:26:52.540+0600][79.185s][info][gc,heap     ] GC(128) y: Allocated:         -               296M (24%)         324M (26%)         367M (29%)    
[2026-04-03T02:26:52.540+0600][79.185s][info][gc,heap     ] GC(128) y: Reclaimed:         -                  -               464M (37%)         541M (43%)    
[2026-04-03T02:26:52.540+0600][79.185s][info][gc,heap     ] GC(128) y:  Promoted:         -                  -                 0M (0%)            0M (0%)     
[2026-04-03T02:26:52.540+0600][79.185s][info][gc,heap     ] GC(128) y: Compacted:         -                  -                  -                 6M (1%)     
[2026-04-03T02:26:52.540+0600][79.185s][info][gc,phases   ] GC(128) y: Young Generation 764M(61%)->590M(47%) 0.043s
[2026-04-03T02:26:52.540+0600][79.185s][info][gc          ] GC(128) Minor Collection (Allocation Rate) 752M(60%)->590M(47%) 0.044s
[2026-04-03T02:26:52.540+0600][79.185s][info][gc          ] GC(129) Minor Collection (Allocation Rate)
[2026-04-03T02:26:52.540+0600][79.185s][info][gc,task     ] GC(129) Using 3 Workers for Young Generation
[2026-04-03T02:26:52.540+0600][79.185s][info][gc,phases   ] GC(129) y: Young Generation
[2026-04-03T02:26:52.541+0600][79.185s][info][gc,phases   ] GC(129) y: Pause Mark Start 0.023ms
[2026-04-03T02:26:52.564+0600][79.209s][info][gc,phases   ] GC(129) y: Concurrent Mark 23.291ms
[2026-04-03T02:26:52.564+0600][79.209s][info][gc,phases   ] GC(129) y: Pause Mark End 0.029ms
[2026-04-03T02:26:52.565+0600][79.209s][info][gc,phases   ] GC(129) y: Concurrent Mark Free 0.003ms
[2026-04-03T02:26:52.565+0600][79.209s][info][gc,phases   ] GC(129) y: Concurrent Reset Relocation Set 0.011ms
[2026-04-03T02:26:52.571+0600][79.216s][info][gc,reloc    ] GC(129) y: Using tenuring threshold: 5 (Computed)
[2026-04-03T02:26:52.572+0600][79.216s][info][gc,phases   ] GC(129) y: Concurrent Select Relocation Set 6.910ms
[2026-04-03T02:26:52.572+0600][79.216s][info][gc,phases   ] GC(129) y: Pause Relocate Start 0.038ms
[2026-04-03T02:26:52.574+0600][79.219s][info][gc,phases   ] GC(129) y: Concurrent Relocate 2.186ms
[2026-04-03T02:26:52.574+0600][79.219s][info][gc,alloc    ] GC(129) y:                         Mark Start        Mark End      Relocate Start    Relocate End   
[2026-04-03T02:26:52.574+0600][79.219s][info][gc,alloc    ] GC(129) y: Allocation Stalls:          0                0                0                0         
[2026-04-03T02:26:52.574+0600][79.219s][info][gc,load     ] GC(129) y: Load: 6.05 (50%) / 6.05 (50%) / 5.91 (49%)
[2026-04-03T02:26:52.574+0600][79.219s][info][gc,mmu      ] GC(129) y: MMU: 2ms/95.2%, 5ms/97.6%, 10ms/98.8%, 20ms/99.4%, 50ms/99.6%, 100ms/99.8%
[2026-04-03T02:26:52.574+0600][79.219s][info][gc,marking  ] GC(129) y: Mark: 2 stripe(s), 2 proactive flush(es), 1 terminate flush(es), 0 completion(s), 0 continuation(s) 
[2026-04-03T02:26:52.574+0600][79.219s][info][gc,marking  ] GC(129) y: Mark Stack Usage: 32M
[2026-04-03T02:26:52.575+0600][79.219s][info][gc,nmethod  ] GC(129) y: NMethods: 14669 registered, 3103 unregistered
[2026-04-03T02:26:52.575+0600][79.219s][info][gc,metaspace] GC(129) y: Metaspace: 128M used, 130M committed, 1152M reserved
[2026-04-03T02:26:52.575+0600][79.219s][info][gc,reloc    ] GC(129) y:                        Candidates     Selected     In-Place         Size        Empty    Relocated 
[2026-04-03T02:26:52.575+0600][79.219s][info][gc,reloc    ] GC(129) y: Small Pages:                   28           20            0          56M           6M           2M 
[2026-04-03T02:26:52.575+0600][79.219s][info][gc,reloc    ] GC(129) y: Medium Pages:                   1            0            0          32M           0M           0M 
[2026-04-03T02:26:52.575+0600][79.219s][info][gc,reloc    ] GC(129) y: Large Pages:                   52            0            0         312M         312M           0M 
[2026-04-03T02:26:52.575+0600][79.219s][info][gc,reloc    ] GC(129) y: Forwarding Usage: 0M
[2026-04-03T02:26:52.575+0600][79.219s][info][gc,reloc    ] GC(129) y: Age Table:
[2026-04-03T02:26:52.575+0600][79.219s][info][gc,reloc    ] GC(129) y:                    Live             Garbage             Small              Medium             Large        
[2026-04-03T02:26:52.575+0600][79.219s][info][gc,reloc    ] GC(129) y: Eden               1M (0%)          346M (28%)         14 / 10             1 / 0             48 / 0        
[2026-04-03T02:26:52.575+0600][79.219s][info][gc,reloc    ] GC(129) y: Survivor 1         1M (0%)           32M (3%)           5 / 4              0 / 0              4 / 0        
[2026-04-03T02:26:52.575+0600][79.219s][info][gc,reloc    ] GC(129) y: Survivor 2         2M (0%)            7M (1%)           5 / 3              0 / 0              0 / 0        
[2026-04-03T02:26:52.575+0600][79.219s][info][gc,reloc    ] GC(129) y: Survivor 3         2M (0%)            3M (0%)           3 / 2              0 / 0              0 / 0        
[2026-04-03T02:26:52.575+0600][79.219s][info][gc,reloc    ] GC(129) y: Survivor 4         0M (0%)            1M (0%)           1 / 1              0 / 0              0 / 0        
[2026-04-03T02:26:52.575+0600][79.219s][info][gc,heap     ] GC(129) y: Min Capacity: 8M(1%)
[2026-04-03T02:26:52.575+0600][79.219s][info][gc,heap     ] GC(129) y: Max Capacity: 1250M(100%)
[2026-04-03T02:26:52.575+0600][79.219s][info][gc,heap     ] GC(129) y: Soft Max Capacity: 1250M(100%)
[2026-04-03T02:26:52.575+0600][79.219s][info][gc,heap     ] GC(129) y: Heap Statistics:
[2026-04-03T02:26:52.575+0600][79.220s][info][gc,heap     ] GC(129) y:                Mark Start          Mark End        Relocate Start      Relocate End           High               Low         
[2026-04-03T02:26:52.575+0600][79.220s][info][gc,heap     ] GC(129) y:  Capacity:     1250M (100%)       1250M (100%)       1250M (100%)       1250M (100%)       1250M (100%)       1250M (100%)   
[2026-04-03T02:26:52.575+0600][79.220s][info][gc,heap     ] GC(129) y:      Free:      660M (53%)         594M (48%)         888M (71%)         900M (72%)         902M (72%)         570M (46%)    
[2026-04-03T02:26:52.575+0600][79.220s][info][gc,heap     ] GC(129) y:      Used:      590M (47%)         656M (52%)         362M (29%)         350M (28%)         680M (54%)         348M (28%)    
[2026-04-03T02:26:52.575+0600][79.220s][info][gc,heap     ] GC(129) y: Young Generation Statistics:
[2026-04-03T02:26:52.575+0600][79.220s][info][gc,heap     ] GC(129) y:                Mark Start          Mark End        Relocate Start      Relocate End    
[2026-04-03T02:26:52.575+0600][79.220s][info][gc,heap     ] GC(129) y:      Used:      400M (32%)         466M (37%)         172M (14%)         160M (13%)    
[2026-04-03T02:26:52.575+0600][79.220s][info][gc,heap     ] GC(129) y:      Live:         -                 8M (1%)            8M (1%)            8M (1%)     
[2026-04-03T02:26:52.575+0600][79.220s][info][gc,heap     ] GC(129) y:   Garbage:         -               391M (31%)          73M (6%)           33M (3%)     
[2026-04-03T02:26:52.575+0600][79.220s][info][gc,heap     ] GC(129) y: Allocated:         -                66M (5%)           90M (7%)          118M (9%)     
[2026-04-03T02:26:52.575+0600][79.220s][info][gc,heap     ] GC(129) y: Reclaimed:         -                  -               318M (25%)         358M (29%)    
[2026-04-03T02:26:52.575+0600][79.220s][info][gc,heap     ] GC(129) y:  Promoted:         -                  -                 0M (0%)            0M (0%)     
[2026-04-03T02:26:52.575+0600][79.220s][info][gc,heap     ] GC(129) y: Compacted:         -                  -                  -                 3M (0%)     
[2026-04-03T02:26:52.575+0600][79.220s][info][gc,phases   ] GC(129) y: Young Generation 590M(47%)->350M(28%) 0.034s
[2026-04-03T02:26:52.575+0600][79.220s][info][gc          ] GC(129) Minor Collection (Allocation Rate) 590M(47%)->350M(28%) 0.035s
[2026-04-03T02:26:52.740+0600][79.385s][info][gc          ] GC(130) Minor Collection (Allocation Rate)
[2026-04-03T02:26:52.740+0600][79.385s][info][gc,task     ] GC(130) Using 3 Workers for Young Generation
[2026-04-03T02:26:52.740+0600][79.385s][info][gc,phases   ] GC(130) y: Young Generation
[2026-04-03T02:26:52.740+0600][79.385s][info][gc,phases   ] GC(130) y: Pause Mark Start 0.034ms
[2026-04-03T02:26:52.761+0600][79.405s][info][gc,phases   ] GC(130) y: Concurrent Mark 20.022ms
[2026-04-03T02:26:52.761+0600][79.406s][info][gc,phases   ] GC(130) y: Pause Mark End 0.026ms
[2026-04-03T02:26:52.761+0600][79.406s][info][gc,phases   ] GC(130) y: Concurrent Mark Free 0.002ms
[2026-04-03T02:26:52.761+0600][79.406s][info][gc,phases   ] GC(130) y: Concurrent Reset Relocation Set 0.005ms
[2026-04-03T02:26:52.765+0600][79.410s][info][gc,reloc    ] GC(130) y: Using tenuring threshold: 1 (Computed)
[2026-04-03T02:26:52.767+0600][79.412s][info][gc,phases   ] GC(130) y: Concurrent Select Relocation Set 5.957ms
[2026-04-03T02:26:52.767+0600][79.412s][info][gc,phases   ] GC(130) y: Pause Relocate Start 0.024ms
[2026-04-03T02:26:52.773+0600][79.418s][info][gc,phases   ] GC(130) y: Concurrent Relocate 6.115ms
[2026-04-03T02:26:52.774+0600][79.418s][info][gc,alloc    ] GC(130) y:                         Mark Start        Mark End      Relocate Start    Relocate End   
[2026-04-03T02:26:52.774+0600][79.418s][info][gc,alloc    ] GC(130) y: Allocation Stalls:          0                0                0                0         
[2026-04-03T02:26:52.774+0600][79.418s][info][gc,load     ] GC(130) y: Load: 6.05 (50%) / 6.05 (50%) / 5.91 (49%)
[2026-04-03T02:26:52.774+0600][79.418s][info][gc,mmu      ] GC(130) y: MMU: 2ms/95.2%, 5ms/97.6%, 10ms/98.8%, 20ms/99.4%, 50ms/99.6%, 100ms/99.8%
[2026-04-03T02:26:52.774+0600][79.418s][info][gc,marking  ] GC(130) y: Mark: 2 stripe(s), 2 proactive flush(es), 1 terminate flush(es), 0 completion(s), 0 continuation(s) 
[2026-04-03T02:26:52.774+0600][79.418s][info][gc,marking  ] GC(130) y: Mark Stack Usage: 32M
[2026-04-03T02:26:52.774+0600][79.418s][info][gc,nmethod  ] GC(130) y: NMethods: 14680 registered, 3103 unregistered
[2026-04-03T02:26:52.774+0600][79.418s][info][gc,metaspace] GC(130) y: Metaspace: 128M used, 130M committed, 1152M reserved
[2026-04-03T02:26:52.774+0600][79.418s][info][gc,reloc    ] GC(130) y:                        Candidates     Selected     In-Place         Size        Empty    Relocated 
[2026-04-03T02:26:52.774+0600][79.418s][info][gc,reloc    ] GC(130) y: Small Pages:                   79           66            0         158M          16M           3M 
[2026-04-03T02:26:52.774+0600][79.418s][info][gc,reloc    ] GC(130) y: Medium Pages:                   3            0            0          96M          64M           0M 
[2026-04-03T02:26:52.774+0600][79.418s][info][gc,reloc    ] GC(130) y: Large Pages:                    6            0            0          36M          36M           0M 
[2026-04-03T02:26:52.774+0600][79.418s][info][gc,reloc    ] GC(130) y: Forwarding Usage: 0M
[2026-04-03T02:26:52.774+0600][79.418s][info][gc,reloc    ] GC(130) y: Age Table:
[2026-04-03T02:26:52.774+0600][79.418s][info][gc,reloc    ] GC(130) y:                    Live             Garbage             Small              Medium             Large        
[2026-04-03T02:26:52.774+0600][79.418s][info][gc,reloc    ] GC(130) y: Eden               3M (0%)          224M (18%)         64 / 56             2 / 0              6 / 0        
[2026-04-03T02:26:52.774+0600][79.418s][info][gc,reloc    ] GC(130) y: Survivor 1         0M (0%)           37M (3%)           3 / 3              1 / 0              0 / 0        
[2026-04-03T02:26:52.774+0600][79.418s][info][gc,reloc    ] GC(130) y: Survivor 2         0M (0%)            5M (0%)           3 / 2              0 / 0              0 / 0        
[2026-04-03T02:26:52.774+0600][79.419s][info][gc,reloc    ] GC(130) y: Survivor 3         2M (0%)            7M (1%)           5 / 3              0 / 0              0 / 0        
[2026-04-03T02:26:52.774+0600][79.419s][info][gc,reloc    ] GC(130) y: Survivor 4         2M (0%)            3M (0%)           3 / 1              0 / 0              0 / 0        
[2026-04-03T02:26:52.774+0600][79.419s][info][gc,reloc    ] GC(130) y: Survivor 5         0M (0%)            1M (0%)           1 / 1              0 / 0              0 / 0        
[2026-04-03T02:26:52.774+0600][79.419s][info][gc,heap     ] GC(130) y: Min Capacity: 8M(1%)
[2026-04-03T02:26:52.774+0600][79.419s][info][gc,heap     ] GC(130) y: Max Capacity: 1250M(100%)
[2026-04-03T02:26:52.774+0600][79.419s][info][gc,heap     ] GC(130) y: Soft Max Capacity: 1250M(100%)
[2026-04-03T02:26:52.774+0600][79.419s][info][gc,heap     ] GC(130) y: Heap Statistics:
[2026-04-03T02:26:52.774+0600][79.419s][info][gc,heap     ] GC(130) y:                Mark Start          Mark End        Relocate Start      Relocate End           High               Low         
[2026-04-03T02:26:52.774+0600][79.419s][info][gc,heap     ] GC(130) y:  Capacity:     1250M (100%)       1250M (100%)       1250M (100%)       1250M (100%)       1250M (100%)       1250M (100%)   
[2026-04-03T02:26:52.774+0600][79.419s][info][gc,heap     ] GC(130) y:      Free:      770M (62%)         748M (60%)         864M (69%)         986M (79%)         988M (79%)         748M (60%)    
[2026-04-03T02:26:52.774+0600][79.419s][info][gc,heap     ] GC(130) y:      Used:      480M (38%)         502M (40%)         386M (31%)         264M (21%)         502M (40%)         262M (21%)    
[2026-04-03T02:26:52.774+0600][79.419s][info][gc,heap     ] GC(130) y: Young Generation Statistics:
[2026-04-03T02:26:52.774+0600][79.419s][info][gc,heap     ] GC(130) y:                Mark Start          Mark End        Relocate Start      Relocate End    
[2026-04-03T02:26:52.774+0600][79.419s][info][gc,heap     ] GC(130) y:      Used:      290M (23%)         312M (25%)         192M (15%)          64M (5%)     
[2026-04-03T02:26:52.774+0600][79.419s][info][gc,heap     ] GC(130) y:      Live:         -                 9M (1%)            6M (1%)            3M (0%)     
[2026-04-03T02:26:52.774+0600][79.419s][info][gc,heap     ] GC(130) y:   Garbage:         -               280M (22%)         163M (13%)          29M (2%)     
[2026-04-03T02:26:52.774+0600][79.419s][info][gc,heap     ] GC(130) y: Allocated:         -                22M (2%)           22M (2%)           30M (2%)     
[2026-04-03T02:26:52.774+0600][79.419s][info][gc,heap     ] GC(130) y: Reclaimed:         -                  -               117M (9%)          250M (20%)    
[2026-04-03T02:26:52.774+0600][79.419s][info][gc,heap     ] GC(130) y:  Promoted:         -                  -                 2M (0%)            5M (0%)     
[2026-04-03T02:26:52.774+0600][79.419s][info][gc,heap     ] GC(130) y: Compacted:         -                  -                  -                 1M (0%)     
[2026-04-03T02:26:52.774+0600][79.419s][info][gc,phases   ] GC(130) y: Young Generation 480M(38%)->264M(21%) 0.033s
[2026-04-03T02:26:52.774+0600][79.419s][info][gc          ] GC(130) Minor Collection (Allocation Rate) 480M(38%)->264M(21%) 0.034s
[2026-04-03T02:26:53.159+0600][79.803s][info][gc          ] GC(131) Minor Collection (Allocation Rate)
[2026-04-03T02:26:53.159+0600][79.804s][info][gc,task     ] GC(131) Using 2 Workers for Young Generation
[2026-04-03T02:26:53.159+0600][79.804s][info][gc,phases   ] GC(131) y: Young Generation
[2026-04-03T02:26:53.159+0600][79.804s][info][gc,phases   ] GC(131) y: Pause Mark Start 0.023ms
[2026-04-03T02:26:53.186+0600][79.831s][info][gc,phases   ] GC(131) y: Concurrent Mark 26.954ms
[2026-04-03T02:26:53.186+0600][79.831s][info][gc,phases   ] GC(131) y: Pause Mark End 0.033ms
[2026-04-03T02:26:53.187+0600][79.831s][info][gc,phases   ] GC(131) y: Concurrent Mark Free 0.003ms
[2026-04-03T02:26:53.187+0600][79.831s][info][gc,phases   ] GC(131) y: Concurrent Reset Relocation Set 0.028ms
[2026-04-03T02:26:53.189+0600][79.834s][info][gc,reloc    ] GC(131) y: Using tenuring threshold: 2 (Computed)
[2026-04-03T02:26:53.189+0600][79.834s][info][gc,phases   ] GC(131) y: Concurrent Select Relocation Set 2.733ms
[2026-04-03T02:26:53.190+0600][79.834s][info][gc,phases   ] GC(131) y: Pause Relocate Start 0.019ms
[2026-04-03T02:26:53.192+0600][79.837s][info][gc,phases   ] GC(131) y: Concurrent Relocate 2.611ms
[2026-04-03T02:26:53.192+0600][79.837s][info][gc,alloc    ] GC(131) y:                         Mark Start        Mark End      Relocate Start    Relocate End   
[2026-04-03T02:26:53.192+0600][79.837s][info][gc,alloc    ] GC(131) y: Allocation Stalls:          0                0                0                0         
[2026-04-03T02:26:53.192+0600][79.837s][info][gc,load     ] GC(131) y: Load: 6.05 (50%) / 6.05 (50%) / 5.91 (49%)
[2026-04-03T02:26:53.192+0600][79.837s][info][gc,mmu      ] GC(131) y: MMU: 2ms/95.2%, 5ms/97.6%, 10ms/98.8%, 20ms/99.4%, 50ms/99.6%, 100ms/99.8%
[2026-04-03T02:26:53.192+0600][79.837s][info][gc,marking  ] GC(131) y: Mark: 2 stripe(s), 2 proactive flush(es), 1 terminate flush(es), 0 completion(s), 0 continuation(s) 
[2026-04-03T02:26:53.192+0600][79.837s][info][gc,marking  ] GC(131) y: Mark Stack Usage: 32M
[2026-04-03T02:26:53.192+0600][79.837s][info][gc,nmethod  ] GC(131) y: NMethods: 14694 registered, 3103 unregistered
[2026-04-03T02:26:53.192+0600][79.837s][info][gc,metaspace] GC(131) y: Metaspace: 128M used, 130M committed, 1152M reserved
[2026-04-03T02:26:53.192+0600][79.837s][info][gc,reloc    ] GC(131) y:                        Candidates     Selected     In-Place         Size        Empty    Relocated 
[2026-04-03T02:26:53.192+0600][79.837s][info][gc,reloc    ] GC(131) y: Small Pages:                  129          108            0         258M          38M           2M 
[2026-04-03T02:26:53.193+0600][79.837s][info][gc,reloc    ] GC(131) y: Medium Pages:                   2            0            0          64M          64M           0M 
[2026-04-03T02:26:53.193+0600][79.837s][info][gc,reloc    ] GC(131) y: Large Pages:                    4            0            0          24M          18M           0M 
[2026-04-03T02:26:53.193+0600][79.837s][info][gc,reloc    ] GC(131) y: Forwarding Usage: 0M
[2026-04-03T02:26:53.193+0600][79.837s][info][gc,reloc    ] GC(131) y: Age Table:
[2026-04-03T02:26:53.193+0600][79.837s][info][gc,reloc    ] GC(131) y:                    Live             Garbage             Small              Medium             Large        
[2026-04-03T02:26:53.193+0600][79.837s][info][gc,reloc    ] GC(131) y: Eden               7M (1%)          300M (24%)        126 / 106            1 / 0              4 / 0        
[2026-04-03T02:26:53.193+0600][79.837s][info][gc,reloc    ] GC(131) y: Survivor 1         1M (0%)           36M (3%)           3 / 2              1 / 0              0 / 0        
[2026-04-03T02:26:53.193+0600][79.837s][info][gc,heap     ] GC(131) y: Min Capacity: 8M(1%)
[2026-04-03T02:26:53.193+0600][79.837s][info][gc,heap     ] GC(131) y: Max Capacity: 1250M(100%)
[2026-04-03T02:26:53.193+0600][79.837s][info][gc,heap     ] GC(131) y: Soft Max Capacity: 1250M(100%)
[2026-04-03T02:26:53.193+0600][79.837s][info][gc,heap     ] GC(131) y: Heap Statistics:
[2026-04-03T02:26:53.193+0600][79.837s][info][gc,heap     ] GC(131) y:                Mark Start          Mark End        Relocate Start      Relocate End           High               Low         
[2026-04-03T02:26:53.193+0600][79.837s][info][gc,heap     ] GC(131) y:  Capacity:     1250M (100%)       1250M (100%)       1250M (100%)       1250M (100%)       1250M (100%)       1250M (100%)   
[2026-04-03T02:26:53.193+0600][79.837s][info][gc,heap     ] GC(131) y:      Free:      704M (56%)         678M (54%)         798M (64%)         994M (80%)         994M (80%)         678M (54%)    
[2026-04-03T02:26:53.193+0600][79.837s][info][gc,heap     ] GC(131) y:      Used:      546M (44%)         572M (46%)         452M (36%)         256M (20%)         572M (46%)         256M (20%)    
[2026-04-03T02:26:53.193+0600][79.837s][info][gc,heap     ] GC(131) y: Young Generation Statistics:
[2026-04-03T02:26:53.193+0600][79.837s][info][gc,heap     ] GC(131) y:                Mark Start          Mark End        Relocate Start      Relocate End    
[2026-04-03T02:26:53.193+0600][79.837s][info][gc,heap     ] GC(131) y:      Used:      346M (28%)         372M (30%)         252M (20%)          56M (4%)     
[2026-04-03T02:26:53.193+0600][79.837s][info][gc,heap     ] GC(131) y:      Live:         -                 8M (1%)            8M (1%)            8M (1%)     
[2026-04-03T02:26:53.193+0600][79.837s][info][gc,heap     ] GC(131) y:   Garbage:         -               337M (27%)         217M (17%)           0M (0%)     
[2026-04-03T02:26:53.193+0600][79.837s][info][gc,heap     ] GC(131) y: Allocated:         -                26M (2%)           26M (2%)           47M (4%)     
[2026-04-03T02:26:53.193+0600][79.838s][info][gc,heap     ] GC(131) y: Reclaimed:         -                  -               120M (10%)         337M (27%)    
[2026-04-03T02:26:53.193+0600][79.838s][info][gc,heap     ] GC(131) y:  Promoted:         -                  -                 0M (0%)            0M (0%)     
[2026-04-03T02:26:53.193+0600][79.838s][info][gc,heap     ] GC(131) y: Compacted:         -                  -                  -                 2M (0%)     
[2026-04-03T02:26:53.193+0600][79.838s][info][gc,phases   ] GC(131) y: Young Generation 546M(44%)->256M(20%) 0.034s
[2026-04-03T02:26:53.193+0600][79.838s][info][gc          ] GC(131) Minor Collection (Allocation Rate) 546M(44%)->256M(20%) 0.034s
[2026-04-03T02:26:53.495+0600][80.140s][info][gc          ] GC(132) Minor Collection (Allocation Rate)
[2026-04-03T02:26:53.495+0600][80.140s][info][gc,task     ] GC(132) Using 2 Workers for Young Generation
[2026-04-03T02:26:53.495+0600][80.140s][info][gc,phases   ] GC(132) y: Young Generation
[2026-04-03T02:26:53.495+0600][80.140s][info][gc,phases   ] GC(132) y: Pause Mark Start 0.037ms
[2026-04-03T02:26:53.527+0600][80.172s][info][gc,phases   ] GC(132) y: Concurrent Mark 31.388ms
[2026-04-03T02:26:53.527+0600][80.172s][info][gc,phases   ] GC(132) y: Pause Mark End 0.028ms
[2026-04-03T02:26:53.527+0600][80.172s][info][gc,phases   ] GC(132) y: Concurrent Mark Free 0.001ms
[2026-04-03T02:26:53.527+0600][80.172s][info][gc,phases   ] GC(132) y: Concurrent Reset Relocation Set 0.015ms
[2026-04-03T02:26:53.529+0600][80.174s][info][gc,reloc    ] GC(132) y: Using tenuring threshold: 3 (Computed)
[2026-04-03T02:26:53.530+0600][80.174s][info][gc,phases   ] GC(132) y: Concurrent Select Relocation Set 2.446ms
[2026-04-03T02:26:53.530+0600][80.174s][info][gc,phases   ] GC(132) y: Pause Relocate Start 0.014ms
[2026-04-03T02:26:53.535+0600][80.180s][info][gc,phases   ] GC(132) y: Concurrent Relocate 5.457ms
[2026-04-03T02:26:53.535+0600][80.180s][info][gc,alloc    ] GC(132) y:                         Mark Start        Mark End      Relocate Start    Relocate End   
[2026-04-03T02:26:53.535+0600][80.180s][info][gc,alloc    ] GC(132) y: Allocation Stalls:          0                0                0                0         
[2026-04-03T02:26:53.535+0600][80.180s][info][gc,load     ] GC(132) y: Load: 6.05 (50%) / 6.05 (50%) / 5.91 (49%)
[2026-04-03T02:26:53.535+0600][80.180s][info][gc,mmu      ] GC(132) y: MMU: 2ms/95.2%, 5ms/97.6%, 10ms/98.8%, 20ms/99.4%, 50ms/99.6%, 100ms/99.8%
[2026-04-03T02:26:53.535+0600][80.180s][info][gc,marking  ] GC(132) y: Mark: 2 stripe(s), 2 proactive flush(es), 1 terminate flush(es), 0 completion(s), 0 continuation(s) 
[2026-04-03T02:26:53.535+0600][80.180s][info][gc,marking  ] GC(132) y: Mark Stack Usage: 32M
[2026-04-03T02:26:53.535+0600][80.180s][info][gc,nmethod  ] GC(132) y: NMethods: 14696 registered, 3103 unregistered
[2026-04-03T02:26:53.535+0600][80.180s][info][gc,metaspace] GC(132) y: Metaspace: 128M used, 130M committed, 1152M reserved
[2026-04-03T02:26:53.535+0600][80.180s][info][gc,reloc    ] GC(132) y:                        Candidates     Selected     In-Place         Size        Empty    Relocated 
[2026-04-03T02:26:53.535+0600][80.180s][info][gc,reloc    ] GC(132) y: Small Pages:                  114           67            0         228M          86M           5M 
[2026-04-03T02:26:53.535+0600][80.180s][info][gc,reloc    ] GC(132) y: Medium Pages:                   2            0            0          64M          64M           0M 
[2026-04-03T02:26:53.535+0600][80.180s][info][gc,reloc    ] GC(132) y: Large Pages:                    6            0            0          36M          36M           0M 
[2026-04-03T02:26:53.535+0600][80.180s][info][gc,reloc    ] GC(132) y: Forwarding Usage: 1M
[2026-04-03T02:26:53.535+0600][80.180s][info][gc,reloc    ] GC(132) y: Age Table:
[2026-04-03T02:26:53.535+0600][80.180s][info][gc,reloc    ] GC(132) y:                    Live             Garbage             Small              Medium             Large        
[2026-04-03T02:26:53.535+0600][80.180s][info][gc,reloc    ] GC(132) y: Eden               3M (0%)          294M (24%)        102 / 56             2 / 0              5 / 0        
[2026-04-03T02:26:53.535+0600][80.180s][info][gc,reloc    ] GC(132) y: Survivor 1         0M (0%)            9M (1%)           2 / 1              0 / 0              1 / 0        
[2026-04-03T02:26:53.535+0600][80.180s][info][gc,reloc    ] GC(132) y: Survivor 2         1M (0%)           18M (1%)          10 / 10             0 / 0              0 / 0        
[2026-04-03T02:26:53.535+0600][80.180s][info][gc,heap     ] GC(132) y: Min Capacity: 8M(1%)
[2026-04-03T02:26:53.535+0600][80.180s][info][gc,heap     ] GC(132) y: Max Capacity: 1250M(100%)
[2026-04-03T02:26:53.535+0600][80.180s][info][gc,heap     ] GC(132) y: Soft Max Capacity: 1250M(100%)
[2026-04-03T02:26:53.535+0600][80.180s][info][gc,heap     ] GC(132) y: Heap Statistics:
[2026-04-03T02:26:53.535+0600][80.180s][info][gc,heap     ] GC(132) y:                Mark Start          Mark End        Relocate Start      Relocate End           High               Low         
[2026-04-03T02:26:53.535+0600][80.180s][info][gc,heap     ] GC(132) y:  Capacity:     1250M (100%)       1250M (100%)       1250M (100%)       1250M (100%)       1250M (100%)       1250M (100%)   
[2026-04-03T02:26:53.536+0600][80.180s][info][gc,heap     ] GC(132) y:      Free:      722M (58%)         668M (53%)         852M (68%)         972M (78%)         972M (78%)         668M (53%)    
[2026-04-03T02:26:53.536+0600][80.180s][info][gc,heap     ] GC(132) y:      Used:      528M (42%)         582M (47%)         398M (32%)         278M (22%)         582M (47%)         278M (22%)    
[2026-04-03T02:26:53.536+0600][80.180s][info][gc,heap     ] GC(132) y: Young Generation Statistics:
[2026-04-03T02:26:53.536+0600][80.180s][info][gc,heap     ] GC(132) y:                Mark Start          Mark End        Relocate Start      Relocate End    
[2026-04-03T02:26:53.536+0600][80.180s][info][gc,heap     ] GC(132) y:      Used:      328M (26%)         382M (31%)         198M (16%)          78M (6%)     
[2026-04-03T02:26:53.536+0600][80.180s][info][gc,heap     ] GC(132) y:      Live:         -                 6M (0%)            6M (0%)            6M (0%)     
[2026-04-03T02:26:53.536+0600][80.180s][info][gc,heap     ] GC(132) y:   Garbage:         -               321M (26%)         135M (11%)           0M (0%)     
[2026-04-03T02:26:53.536+0600][80.180s][info][gc,heap     ] GC(132) y: Allocated:         -                54M (4%)           56M (4%)           71M (6%)     
[2026-04-03T02:26:53.536+0600][80.180s][info][gc,heap     ] GC(132) y: Reclaimed:         -                  -               186M (15%)         321M (26%)    
[2026-04-03T02:26:53.536+0600][80.180s][info][gc,heap     ] GC(132) y:  Promoted:         -                  -                 0M (0%)            0M (0%)     
[2026-04-03T02:26:53.536+0600][80.180s][info][gc,heap     ] GC(132) y: Compacted:         -                  -                  -                 6M (0%)     
[2026-04-03T02:26:53.536+0600][80.180s][info][gc,phases   ] GC(132) y: Young Generation 528M(42%)->278M(22%) 0.040s
[2026-04-03T02:26:53.536+0600][80.180s][info][gc          ] GC(132) Minor Collection (Allocation Rate) 528M(42%)->278M(22%) 0.041s
[2026-04-03T02:26:54.403+0600][81.048s][info][gc          ] GC(133) Minor Collection (Allocation Rate)
[2026-04-03T02:26:54.403+0600][81.048s][info][gc,task     ] GC(133) Using 2 Workers for Young Generation
[2026-04-03T02:26:54.403+0600][81.048s][info][gc,phases   ] GC(133) y: Young Generation
[2026-04-03T02:26:54.403+0600][81.048s][info][gc,phases   ] GC(133) y: Pause Mark Start 0.032ms
[2026-04-03T02:26:54.433+0600][81.078s][info][gc,phases   ] GC(133) y: Concurrent Mark 29.614ms
[2026-04-03T02:26:54.433+0600][81.078s][info][gc,phases   ] GC(133) y: Pause Mark End 0.024ms
[2026-04-03T02:26:54.433+0600][81.078s][info][gc,phases   ] GC(133) y: Concurrent Mark Free 0.002ms
[2026-04-03T02:26:54.434+0600][81.078s][info][gc,phases   ] GC(133) y: Concurrent Reset Relocation Set 0.009ms
[2026-04-03T02:26:54.435+0600][81.080s][info][gc,reloc    ] GC(133) y: Using tenuring threshold: 3 (Computed)
[2026-04-03T02:26:54.436+0600][81.081s][info][gc,phases   ] GC(133) y: Concurrent Select Relocation Set 2.533ms
[2026-04-03T02:26:54.436+0600][81.081s][info][gc,phases   ] GC(133) y: Pause Relocate Start 0.015ms
[2026-04-03T02:26:54.441+0600][81.086s][info][gc,phases   ] GC(133) y: Concurrent Relocate 4.734ms
[2026-04-03T02:26:54.441+0600][81.086s][info][gc,alloc    ] GC(133) y:                         Mark Start        Mark End      Relocate Start    Relocate End   
[2026-04-03T02:26:54.441+0600][81.086s][info][gc,alloc    ] GC(133) y: Allocation Stalls:          0                0                0                0         
[2026-04-03T02:26:54.441+0600][81.086s][info][gc,load     ] GC(133) y: Load: 6.05 (50%) / 6.05 (50%) / 5.91 (49%)
[2026-04-03T02:26:54.441+0600][81.086s][info][gc,mmu      ] GC(133) y: MMU: 2ms/95.2%, 5ms/97.6%, 10ms/98.8%, 20ms/99.4%, 50ms/99.6%, 100ms/99.8%
[2026-04-03T02:26:54.441+0600][81.086s][info][gc,marking  ] GC(133) y: Mark: 2 stripe(s), 2 proactive flush(es), 1 terminate flush(es), 0 completion(s), 0 continuation(s) 
[2026-04-03T02:26:54.441+0600][81.086s][info][gc,marking  ] GC(133) y: Mark Stack Usage: 32M
[2026-04-03T02:26:54.441+0600][81.086s][info][gc,nmethod  ] GC(133) y: NMethods: 14713 registered, 3103 unregistered
[2026-04-03T02:26:54.441+0600][81.086s][info][gc,metaspace] GC(133) y: Metaspace: 128M used, 130M committed, 1152M reserved
[2026-04-03T02:26:54.441+0600][81.086s][info][gc,reloc    ] GC(133) y:                        Candidates     Selected     In-Place         Size        Empty    Relocated 
[2026-04-03T02:26:54.441+0600][81.086s][info][gc,reloc    ] GC(133) y: Small Pages:                  270          173            0         540M         186M           5M 
[2026-04-03T02:26:54.441+0600][81.086s][info][gc,reloc    ] GC(133) y: Medium Pages:                   4            0            0         128M         128M           0M 
[2026-04-03T02:26:54.441+0600][81.086s][info][gc,reloc    ] GC(133) y: Large Pages:                   13            0            0          78M          78M           0M 
[2026-04-03T02:26:54.441+0600][81.086s][info][gc,reloc    ] GC(133) y: Forwarding Usage: 1M
[2026-04-03T02:26:54.441+0600][81.086s][info][gc,reloc    ] GC(133) y: Age Table:
[2026-04-03T02:26:54.441+0600][81.086s][info][gc,reloc    ] GC(133) y:                    Live             Garbage             Small              Medium             Large        
[2026-04-03T02:26:54.441+0600][81.086s][info][gc,reloc    ] GC(133) y: Eden               3M (0%)          720M (58%)        259 / 168            4 / 0             13 / 0        
[2026-04-03T02:26:54.441+0600][81.086s][info][gc,reloc    ] GC(133) y: Survivor 1         0M (0%)           13M (1%)           7 / 2              0 / 0              0 / 0        
[2026-04-03T02:26:54.441+0600][81.086s][info][gc,reloc    ] GC(133) y: Survivor 2         0M (0%)            3M (0%)           2 / 2              0 / 0              0 / 0        
[2026-04-03T02:26:54.441+0600][81.086s][info][gc,reloc    ] GC(133) y: Survivor 3         1M (0%)            2M (0%)           2 / 1              0 / 0              0 / 0        
[2026-04-03T02:26:54.441+0600][81.086s][info][gc,heap     ] GC(133) y: Min Capacity: 8M(1%)
[2026-04-03T02:26:54.441+0600][81.086s][info][gc,heap     ] GC(133) y: Max Capacity: 1250M(100%)
[2026-04-03T02:26:54.441+0600][81.086s][info][gc,heap     ] GC(133) y: Soft Max Capacity: 1250M(100%)
[2026-04-03T02:26:54.441+0600][81.086s][info][gc,heap     ] GC(133) y: Heap Statistics:
[2026-04-03T02:26:54.441+0600][81.086s][info][gc,heap     ] GC(133) y:                Mark Start          Mark End        Relocate Start      Relocate End           High               Low         
[2026-04-03T02:26:54.441+0600][81.086s][info][gc,heap     ] GC(133) y:  Capacity:     1250M (100%)       1250M (100%)       1250M (100%)       1250M (100%)       1250M (100%)       1250M (100%)   
[2026-04-03T02:26:54.441+0600][81.086s][info][gc,heap     ] GC(133) y:      Free:      304M (24%)         230M (18%)         622M (50%)         960M (77%)         960M (77%)         230M (18%)    
[2026-04-03T02:26:54.441+0600][81.086s][info][gc,heap     ] GC(133) y:      Used:      946M (76%)        1020M (82%)         628M (50%)         290M (23%)        1020M (82%)         290M (23%)    
[2026-04-03T02:26:54.441+0600][81.086s][info][gc,heap     ] GC(133) y: Young Generation Statistics:
[2026-04-03T02:26:54.441+0600][81.086s][info][gc,heap     ] GC(133) y:                Mark Start          Mark End        Relocate Start      Relocate End    
[2026-04-03T02:26:54.441+0600][81.086s][info][gc,heap     ] GC(133) y:      Used:      746M (60%)         820M (66%)         428M (34%)          86M (7%)     
[2026-04-03T02:26:54.441+0600][81.086s][info][gc,heap     ] GC(133) y:      Live:         -                 6M (1%)            6M (1%)            4M (0%)     
[2026-04-03T02:26:54.441+0600][81.086s][info][gc,heap     ] GC(133) y:   Garbage:         -               739M (59%)         347M (28%)           0M (0%)     
[2026-04-03T02:26:54.441+0600][81.086s][info][gc,heap     ] GC(133) y: Allocated:         -                74M (6%)           74M (6%)           81M (6%)     
[2026-04-03T02:26:54.441+0600][81.086s][info][gc,heap     ] GC(133) y: Reclaimed:         -                  -               392M (31%)         739M (59%)    
[2026-04-03T02:26:54.441+0600][81.086s][info][gc,heap     ] GC(133) y:  Promoted:         -                  -                 0M (0%)            1M (0%)     
[2026-04-03T02:26:54.441+0600][81.086s][info][gc,heap     ] GC(133) y: Compacted:         -                  -                  -                 4M (0%)     
[2026-04-03T02:26:54.441+0600][81.086s][info][gc,phases   ] GC(133) y: Young Generation 946M(76%)->290M(23%) 0.038s
[2026-04-03T02:26:54.441+0600][81.086s][info][gc          ] GC(133) Minor Collection (Allocation Rate) 946M(76%)->290M(23%) 0.039s
[2026-04-03T02:26:54.917+0600][81.562s][info][gc          ] GC(134) Minor Collection (Allocation Rate)
[2026-04-03T02:26:54.917+0600][81.562s][info][gc,task     ] GC(134) Using 1 Workers for Young Generation
[2026-04-03T02:26:54.917+0600][81.562s][info][gc,phases   ] GC(134) y: Young Generation
[2026-04-03T02:26:54.917+0600][81.562s][info][gc,phases   ] GC(134) y: Pause Mark Start 0.027ms
[2026-04-03T02:26:54.979+0600][81.624s][info][gc,phases   ] GC(134) y: Concurrent Mark 61.788ms
[2026-04-03T02:26:54.979+0600][81.624s][info][gc,phases   ] GC(134) y: Pause Mark End 0.029ms
[2026-04-03T02:26:54.980+0600][81.624s][info][gc,phases   ] GC(134) y: Concurrent Mark Free 0.002ms
[2026-04-03T02:26:54.980+0600][81.624s][info][gc,phases   ] GC(134) y: Concurrent Reset Relocation Set 0.017ms
[2026-04-03T02:26:54.982+0600][81.626s][info][gc,reloc    ] GC(134) y: Using tenuring threshold: 4 (Computed)
[2026-04-03T02:26:54.982+0600][81.627s][info][gc,phases   ] GC(134) y: Concurrent Select Relocation Set 2.811ms
[2026-04-03T02:26:54.983+0600][81.627s][info][gc,phases   ] GC(134) y: Pause Relocate Start 0.020ms
[2026-04-03T02:26:54.993+0600][81.638s][info][gc,phases   ] GC(134) y: Concurrent Relocate 10.207ms
[2026-04-03T02:26:54.993+0600][81.638s][info][gc,alloc    ] GC(134) y:                         Mark Start        Mark End      Relocate Start    Relocate End   
[2026-04-03T02:26:54.993+0600][81.638s][info][gc,alloc    ] GC(134) y: Allocation Stalls:          0                0                0                0         
[2026-04-03T02:26:54.993+0600][81.638s][info][gc,load     ] GC(134) y: Load: 5.64 (47%) / 5.96 (50%) / 5.89 (49%)
[2026-04-03T02:26:54.993+0600][81.638s][info][gc,mmu      ] GC(134) y: MMU: 2ms/95.2%, 5ms/97.6%, 10ms/98.8%, 20ms/99.4%, 50ms/99.6%, 100ms/99.8%
[2026-04-03T02:26:54.993+0600][81.638s][info][gc,marking  ] GC(134) y: Mark: 1 stripe(s), 2 proactive flush(es), 1 terminate flush(es), 0 completion(s), 0 continuation(s) 
[2026-04-03T02:26:54.993+0600][81.638s][info][gc,marking  ] GC(134) y: Mark Stack Usage: 32M
[2026-04-03T02:26:54.993+0600][81.638s][info][gc,nmethod  ] GC(134) y: NMethods: 14724 registered, 3103 unregistered
[2026-04-03T02:26:54.993+0600][81.638s][info][gc,metaspace] GC(134) y: Metaspace: 128M used, 130M committed, 1152M reserved
[2026-04-03T02:26:54.993+0600][81.638s][info][gc,reloc    ] GC(134) y:                        Candidates     Selected     In-Place         Size        Empty    Relocated 
[2026-04-03T02:26:54.993+0600][81.638s][info][gc,reloc    ] GC(134) y: Small Pages:                  312          115            0         624M         386M           5M 
[2026-04-03T02:26:54.993+0600][81.638s][info][gc,reloc    ] GC(134) y: Medium Pages:                   2            0            0          64M          64M           0M 
[2026-04-03T02:26:54.993+0600][81.638s][info][gc,reloc    ] GC(134) y: Large Pages:                   13            0            0          78M          78M           0M 
[2026-04-03T02:26:54.993+0600][81.638s][info][gc,reloc    ] GC(134) y: Forwarding Usage: 1M
[2026-04-03T02:26:54.993+0600][81.638s][info][gc,reloc    ] GC(134) y: Age Table:
[2026-04-03T02:26:54.993+0600][81.638s][info][gc,reloc    ] GC(134) y:                    Live             Garbage             Small              Medium             Large        
[2026-04-03T02:26:54.993+0600][81.638s][info][gc,reloc    ] GC(134) y: Eden               3M (0%)          750M (60%)        306 / 110            2 / 0             13 / 0        
[2026-04-03T02:26:54.993+0600][81.638s][info][gc,reloc    ] GC(134) y: Survivor 1         2M (0%)            1M (0%)           2 / 1              0 / 0              0 / 0        
[2026-04-03T02:26:54.993+0600][81.638s][info][gc,reloc    ] GC(134) y: Survivor 2         0M (0%)            1M (0%)           1 / 1              0 / 0              0 / 0        
[2026-04-03T02:26:54.993+0600][81.638s][info][gc,reloc    ] GC(134) y: Survivor 3         0M (0%)            5M (0%)           3 / 3              0 / 0              0 / 0        
[2026-04-03T02:26:54.993+0600][81.638s][info][gc,heap     ] GC(134) y: Min Capacity: 8M(1%)
[2026-04-03T02:26:54.993+0600][81.638s][info][gc,heap     ] GC(134) y: Max Capacity: 1250M(100%)
[2026-04-03T02:26:54.993+0600][81.638s][info][gc,heap     ] GC(134) y: Soft Max Capacity: 1250M(100%)
[2026-04-03T02:26:54.993+0600][81.638s][info][gc,heap     ] GC(134) y: Heap Statistics:
[2026-04-03T02:26:54.993+0600][81.638s][info][gc,heap     ] GC(134) y:                Mark Start          Mark End        Relocate Start      Relocate End           High               Low         
[2026-04-03T02:26:54.993+0600][81.638s][info][gc,heap     ] GC(134) y:  Capacity:     1250M (100%)       1250M (100%)       1250M (100%)       1250M (100%)       1250M (100%)       1250M (100%)   
[2026-04-03T02:26:54.993+0600][81.638s][info][gc,heap     ] GC(134) y:      Free:      280M (22%)         126M (10%)         652M (52%)         862M (69%)         864M (69%)         126M (10%)    
[2026-04-03T02:26:54.993+0600][81.638s][info][gc,heap     ] GC(134) y:      Used:      970M (78%)        1124M (90%)         598M (48%)         388M (31%)        1124M (90%)         386M (31%)    
[2026-04-03T02:26:54.993+0600][81.638s][info][gc,heap     ] GC(134) y: Young Generation Statistics:
[2026-04-03T02:26:54.993+0600][81.638s][info][gc,heap     ] GC(134) y:                Mark Start          Mark End        Relocate Start      Relocate End    
[2026-04-03T02:26:54.993+0600][81.638s][info][gc,heap     ] GC(134) y:      Used:      766M (61%)         920M (74%)         394M (32%)         184M (15%)    
[2026-04-03T02:26:54.993+0600][81.638s][info][gc,heap     ] GC(134) y:      Live:         -                 6M (1%)            6M (1%)            6M (1%)     
[2026-04-03T02:26:54.993+0600][81.638s][info][gc,heap     ] GC(134) y:   Garbage:         -               759M (61%)         231M (18%)           0M (0%)     
[2026-04-03T02:26:54.993+0600][81.638s][info][gc,heap     ] GC(134) y: Allocated:         -               154M (12%)         156M (12%)         177M (14%)    
[2026-04-03T02:26:54.993+0600][81.638s][info][gc,heap     ] GC(134) y: Reclaimed:         -                  -               528M (42%)         759M (61%)    
[2026-04-03T02:26:54.993+0600][81.638s][info][gc,heap     ] GC(134) y:  Promoted:         -                  -                 0M (0%)            0M (0%)     
[2026-04-03T02:26:54.993+0600][81.638s][info][gc,heap     ] GC(134) y: Compacted:         -                  -                  -                 6M (1%)     
[2026-04-03T02:26:54.993+0600][81.638s][info][gc,phases   ] GC(134) y: Young Generation 970M(78%)->388M(31%) 0.076s
[2026-04-03T02:26:54.993+0600][81.638s][info][gc          ] GC(134) Minor Collection (Allocation Rate) 970M(78%)->388M(31%) 0.076s
[2026-04-03T02:26:55.286+0600][81.931s][info][gc          ] GC(135) Major Collection (System.gc())
[2026-04-03T02:26:55.287+0600][81.931s][info][gc,task     ] GC(135) Using 3 Workers for Young Generation
[2026-04-03T02:26:55.287+0600][81.931s][info][gc,task     ] GC(135) Using 3 Workers for Old Generation
[2026-04-03T02:26:55.287+0600][81.931s][info][gc,phases   ] GC(135) Y: Young Generation (Promote All)
[2026-04-03T02:26:55.287+0600][81.931s][info][gc,phases   ] GC(135) Y: Pause Mark Start 0.022ms
[2026-04-03T02:26:55.306+0600][81.951s][info][gc,phases   ] GC(135) Y: Concurrent Mark 19.149ms
[2026-04-03T02:26:55.306+0600][81.951s][info][gc,phases   ] GC(135) Y: Pause Mark End 0.021ms
[2026-04-03T02:26:55.306+0600][81.951s][info][gc,phases   ] GC(135) Y: Concurrent Mark Free 0.001ms
[2026-04-03T02:26:55.306+0600][81.951s][info][gc,phases   ] GC(135) Y: Concurrent Reset Relocation Set 0.016ms
[2026-04-03T02:26:55.309+0600][81.954s][info][gc,reloc    ] GC(135) Y: Using tenuring threshold: 0 (Promote All)
[2026-04-03T02:26:55.311+0600][81.956s][info][gc,phases   ] GC(135) Y: Concurrent Select Relocation Set 4.405ms
[2026-04-03T02:26:55.311+0600][81.956s][info][gc,phases   ] GC(135) Y: Pause Relocate Start 0.015ms
[2026-04-03T02:26:55.316+0600][81.960s][info][gc,phases   ] GC(135) Y: Concurrent Relocate 4.377ms
[2026-04-03T02:26:55.316+0600][81.960s][info][gc,alloc    ] GC(135) Y:                         Mark Start        Mark End      Relocate Start    Relocate End   
[2026-04-03T02:26:55.316+0600][81.960s][info][gc,alloc    ] GC(135) Y: Allocation Stalls:          0                0                0                0         
[2026-04-03T02:26:55.316+0600][81.960s][info][gc,load     ] GC(135) Y: Load: 5.64 (47%) / 5.96 (50%) / 5.89 (49%)
[2026-04-03T02:26:55.316+0600][81.960s][info][gc,mmu      ] GC(135) Y: MMU: 2ms/95.2%, 5ms/97.6%, 10ms/98.8%, 20ms/99.4%, 50ms/99.6%, 100ms/99.8%
[2026-04-03T02:26:55.316+0600][81.960s][info][gc,marking  ] GC(135) Y: Mark: 2 stripe(s), 1 proactive flush(es), 1 terminate flush(es), 0 completion(s), 0 continuation(s) 
[2026-04-03T02:26:55.316+0600][81.960s][info][gc,marking  ] GC(135) Y: Mark Stack Usage: 32M
[2026-04-03T02:26:55.316+0600][81.960s][info][gc,nmethod  ] GC(135) Y: NMethods: 14743 registered, 3103 unregistered
[2026-04-03T02:26:55.316+0600][81.960s][info][gc,metaspace] GC(135) Y: Metaspace: 128M used, 130M committed, 1152M reserved
[2026-04-03T02:26:55.316+0600][81.960s][info][gc,reloc    ] GC(135) Y:                        Candidates     Selected     In-Place         Size        Empty    Relocated 
[2026-04-03T02:26:55.316+0600][81.960s][info][gc,reloc    ] GC(135) Y: Small Pages:                  235           71            0         470M         320M           2M 
[2026-04-03T02:26:55.316+0600][81.960s][info][gc,reloc    ] GC(135) Y: Medium Pages:                   2            0            0          64M          64M           0M 
[2026-04-03T02:26:55.316+0600][81.960s][info][gc,reloc    ] GC(135) Y: Large Pages:                    7            0            0          42M          42M           0M 
[2026-04-03T02:26:55.316+0600][81.960s][info][gc,reloc    ] GC(135) Y: Forwarding Usage: 1M
[2026-04-03T02:26:55.316+0600][81.960s][info][gc,reloc    ] GC(135) Y: Age Table:
[2026-04-03T02:26:55.316+0600][81.960s][info][gc,reloc    ] GC(135) Y:                    Live             Garbage             Small              Medium             Large        
[2026-04-03T02:26:55.316+0600][81.960s][info][gc,reloc    ] GC(135) Y: Eden               1M (0%)          554M (44%)        225 / 67             2 / 0              7 / 0        
[2026-04-03T02:26:55.316+0600][81.960s][info][gc,reloc    ] GC(135) Y: Survivor 1         1M (0%)           10M (1%)           6 / 1              0 / 0              0 / 0        
[2026-04-03T02:26:55.316+0600][81.960s][info][gc,reloc    ] GC(135) Y: Survivor 2         2M (0%)            1M (0%)           2 / 1              0 / 0              0 / 0        
[2026-04-03T02:26:55.316+0600][81.960s][info][gc,reloc    ] GC(135) Y: Survivor 3         0M (0%)            1M (0%)           1 / 1              0 / 0              0 / 0        
[2026-04-03T02:26:55.316+0600][81.960s][info][gc,reloc    ] GC(135) Y: Survivor 4         0M (0%)            1M (0%)           1 / 1              0 / 0              0 / 0        
[2026-04-03T02:26:55.316+0600][81.960s][info][gc,heap     ] GC(135) Y: Min Capacity: 8M(1%)
[2026-04-03T02:26:55.316+0600][81.960s][info][gc,heap     ] GC(135) Y: Max Capacity: 1250M(100%)
[2026-04-03T02:26:55.316+0600][81.960s][info][gc,heap     ] GC(135) Y: Soft Max Capacity: 1250M(100%)
[2026-04-03T02:26:55.316+0600][81.960s][info][gc,heap     ] GC(135) Y: Heap Statistics:
[2026-04-03T02:26:55.316+0600][81.960s][info][gc,heap     ] GC(135) Y:                Mark Start          Mark End        Relocate Start      Relocate End           High               Low         
[2026-04-03T02:26:55.316+0600][81.960s][info][gc,heap     ] GC(135) Y:  Capacity:     1250M (100%)       1250M (100%)       1250M (100%)       1250M (100%)       1250M (100%)       1250M (100%)   
[2026-04-03T02:26:55.316+0600][81.960s][info][gc,heap     ] GC(135) Y:      Free:      470M (38%)         470M (38%)         896M (72%)        1036M (83%)        1036M (83%)         470M (38%)    
[2026-04-03T02:26:55.316+0600][81.961s][info][gc,heap     ] GC(135) Y:      Used:      780M (62%)         780M (62%)         354M (28%)         214M (17%)         780M (62%)         214M (17%)    
[2026-04-03T02:26:55.316+0600][81.961s][info][gc,heap     ] GC(135) Y: Young Generation Statistics:
[2026-04-03T02:26:55.316+0600][81.961s][info][gc,heap     ] GC(135) Y:                Mark Start          Mark End        Relocate Start      Relocate End    
[2026-04-03T02:26:55.316+0600][81.961s][info][gc,heap     ] GC(135) Y:      Used:      576M (46%)         576M (46%)         146M (12%)           0M (0%)     
[2026-04-03T02:26:55.316+0600][81.961s][info][gc,heap     ] GC(135) Y:      Live:         -                 6M (1%)            3M (0%)            0M (0%)     
[2026-04-03T02:26:55.316+0600][81.961s][info][gc,heap     ] GC(135) Y:   Garbage:         -               569M (46%)         142M (11%)           0M (0%)     
[2026-04-03T02:26:55.316+0600][81.961s][info][gc,heap     ] GC(135) Y: Allocated:         -                 0M (0%)            0M (0%)            0M (0%)     
[2026-04-03T02:26:55.316+0600][81.961s][info][gc,heap     ] GC(135) Y: Reclaimed:         -                  -               427M (34%)         569M (46%)    
[2026-04-03T02:26:55.316+0600][81.961s][info][gc,heap     ] GC(135) Y:  Promoted:         -                  -                 2M (0%)            6M (1%)     
[2026-04-03T02:26:55.316+0600][81.961s][info][gc,heap     ] GC(135) Y: Compacted:         -                  -                  -                 0M (0%)     
[2026-04-03T02:26:55.316+0600][81.961s][info][gc,phases   ] GC(135) Y: Young Generation (Promote All) 780M(62%)->214M(17%) 0.029s
[2026-04-03T02:26:55.316+0600][81.961s][info][gc,phases   ] GC(135) Y: Young Generation (Collect Roots)
[2026-04-03T02:26:55.316+0600][81.961s][info][gc,phases   ] GC(135) Y: Pause Mark Start (Major) 0.019ms
[2026-04-03T02:26:55.330+0600][81.975s][info][gc,phases   ] GC(135) Y: Concurrent Mark 14.312ms
[2026-04-03T02:26:55.331+0600][81.975s][info][gc,phases   ] GC(135) Y: Pause Mark End 0.052ms
[2026-04-03T02:26:55.331+0600][81.976s][info][gc,phases   ] GC(135) Y: Concurrent Mark Free 0.344ms
[2026-04-03T02:26:55.331+0600][81.976s][info][gc,phases   ] GC(135) Y: Concurrent Reset Relocation Set 0.016ms
[2026-04-03T02:26:55.333+0600][81.978s][info][gc,reloc    ] GC(135) Y: Using tenuring threshold: 0 (Computed)
[2026-04-03T02:26:55.333+0600][81.978s][info][gc,phases   ] GC(135) Y: Concurrent Select Relocation Set 1.625ms
[2026-04-03T02:26:55.333+0600][81.978s][info][gc,phases   ] GC(135) Y: Pause Relocate Start 0.014ms
[2026-04-03T02:26:55.333+0600][81.978s][info][gc,phases   ] GC(135) Y: Concurrent Relocate 0.146ms
[2026-04-03T02:26:55.333+0600][81.978s][info][gc,alloc    ] GC(135) Y:                         Mark Start        Mark End      Relocate Start    Relocate End   
[2026-04-03T02:26:55.333+0600][81.978s][info][gc,alloc    ] GC(135) Y: Allocation Stalls:          0                0                0                0         
[2026-04-03T02:26:55.333+0600][81.978s][info][gc,load     ] GC(135) Y: Load: 5.64 (47%) / 5.96 (50%) / 5.89 (49%)
[2026-04-03T02:26:55.333+0600][81.978s][info][gc,mmu      ] GC(135) Y: MMU: 2ms/95.2%, 5ms/97.6%, 10ms/98.8%, 20ms/99.4%, 50ms/99.6%, 100ms/99.8%
[2026-04-03T02:26:55.333+0600][81.978s][info][gc,marking  ] GC(135) Y: Mark: 2 stripe(s), 1 proactive flush(es), 1 terminate flush(es), 0 completion(s), 0 continuation(s) 
[2026-04-03T02:26:55.333+0600][81.978s][info][gc,marking  ] GC(135) Y: Mark Stack Usage: 0M
[2026-04-03T02:26:55.333+0600][81.978s][info][gc,nmethod  ] GC(135) Y: NMethods: 14743 registered, 3103 unregistered
[2026-04-03T02:26:55.333+0600][81.978s][info][gc,metaspace] GC(135) Y: Metaspace: 128M used, 130M committed, 1152M reserved
[2026-04-03T02:26:55.333+0600][81.978s][info][gc,heap     ] GC(135) Y: Min Capacity: 8M(1%)
[2026-04-03T02:26:55.333+0600][81.978s][info][gc,heap     ] GC(135) Y: Max Capacity: 1250M(100%)
[2026-04-03T02:26:55.333+0600][81.978s][info][gc,heap     ] GC(135) Y: Soft Max Capacity: 1250M(100%)
[2026-04-03T02:26:55.333+0600][81.978s][info][gc,heap     ] GC(135) Y: Heap Statistics:
[2026-04-03T02:26:55.333+0600][81.978s][info][gc,heap     ] GC(135) Y:                Mark Start          Mark End        Relocate Start      Relocate End           High               Low         
[2026-04-03T02:26:55.333+0600][81.978s][info][gc,heap     ] GC(135) Y:  Capacity:     1250M (100%)       1250M (100%)       1250M (100%)       1250M (100%)       1250M (100%)       1250M (100%)   
[2026-04-03T02:26:55.333+0600][81.978s][info][gc,heap     ] GC(135) Y:      Free:     1036M (83%)        1036M (83%)        1034M (83%)        1034M (83%)        1036M (83%)        1034M (83%)    
[2026-04-03T02:26:55.333+0600][81.978s][info][gc,heap     ] GC(135) Y:      Used:      214M (17%)         214M (17%)         216M (17%)         216M (17%)         216M (17%)         214M (17%)    
[2026-04-03T02:26:55.333+0600][81.978s][info][gc,heap     ] GC(135) Y: Young Generation Statistics:
[2026-04-03T02:26:55.333+0600][81.978s][info][gc,heap     ] GC(135) Y:                Mark Start          Mark End        Relocate Start      Relocate End    
[2026-04-03T02:26:55.333+0600][81.978s][info][gc,heap     ] GC(135) Y:      Used:        0M (0%)            0M (0%)            2M (0%)            2M (0%)     
[2026-04-03T02:26:55.333+0600][81.978s][info][gc,heap     ] GC(135) Y:      Live:         -                 0M (0%)            0M (0%)            0M (0%)     
[2026-04-03T02:26:55.333+0600][81.978s][info][gc,heap     ] GC(135) Y:   Garbage:         -                 0M (0%)            0M (0%)            0M (0%)     
[2026-04-03T02:26:55.333+0600][81.978s][info][gc,heap     ] GC(135) Y: Allocated:         -                 0M (0%)            2M (0%)            2M (0%)     
[2026-04-03T02:26:55.333+0600][81.978s][info][gc,heap     ] GC(135) Y: Reclaimed:         -                  -                 0M (0%)            0M (0%)     
[2026-04-03T02:26:55.333+0600][81.978s][info][gc,heap     ] GC(135) Y:  Promoted:         -                  -                 0M (0%)            0M (0%)     
[2026-04-03T02:26:55.333+0600][81.978s][info][gc,heap     ] GC(135) Y: Compacted:         -                  -                  -                 0M (0%)     
[2026-04-03T02:26:55.333+0600][81.978s][info][gc,phases   ] GC(135) Y: Young Generation (Collect Roots) 214M(17%)->216M(17%) 0.017s
[2026-04-03T02:26:55.333+0600][81.978s][info][gc,phases   ] GC(135) O: Old Generation
[2026-04-03T02:26:55.453+0600][82.097s][info][gc,phases   ] GC(135) O: Concurrent Mark 119.094ms
[2026-04-03T02:26:55.453+0600][82.097s][info][gc,phases   ] GC(135) O: Pause Mark End 0.028ms
[2026-04-03T02:26:55.453+0600][82.098s][info][gc,phases   ] GC(135) O: Concurrent Mark Free 0.002ms
[2026-04-03T02:26:55.469+0600][82.114s][info][gc,phases   ] GC(135) O: Concurrent Process Non-Strong 16.481ms
[2026-04-03T02:26:55.469+0600][82.114s][info][gc,phases   ] GC(135) O: Concurrent Reset Relocation Set 0.007ms
[2026-04-03T02:26:55.472+0600][82.117s][info][gc,phases   ] GC(135) O: Concurrent Select Relocation Set 2.720ms
[2026-04-03T02:26:55.472+0600][82.117s][info][gc,task     ] GC(135) O: Using 3 Workers for Old Generation
[2026-04-03T02:26:55.498+0600][82.143s][info][gc,task     ] GC(135) O: Using 3 Workers for Old Generation
[2026-04-03T02:26:55.498+0600][82.143s][info][gc,phases   ] GC(135) O: Concurrent Remap Roots 25.946ms
[2026-04-03T02:26:55.498+0600][82.143s][info][gc,phases   ] GC(135) O: Pause Relocate Start 0.020ms
[2026-04-03T02:26:55.509+0600][82.154s][info][gc,phases   ] GC(135) O: Concurrent Relocate 10.467ms
[2026-04-03T02:26:55.509+0600][82.154s][info][gc,alloc    ] GC(135) O:                         Mark Start        Mark End      Relocate Start    Relocate End   
[2026-04-03T02:26:55.509+0600][82.154s][info][gc,alloc    ] GC(135) O: Allocation Stalls:          0                0                0                0         
[2026-04-03T02:26:55.509+0600][82.154s][info][gc,load     ] GC(135) O: Load: 5.64 (47%) / 5.96 (50%) / 5.89 (49%)
[2026-04-03T02:26:55.509+0600][82.154s][info][gc,mmu      ] GC(135) O: MMU: 2ms/95.2%, 5ms/97.6%, 10ms/98.8%, 20ms/99.4%, 50ms/99.6%, 100ms/99.8%
[2026-04-03T02:26:55.509+0600][82.154s][info][gc,marking  ] GC(135) O: Mark: 2 stripe(s), 10 proactive flush(es), 1 terminate flush(es), 0 completion(s), 0 continuation(s) 
[2026-04-03T02:26:55.509+0600][82.154s][info][gc,marking  ] GC(135) O: Mark Stack Usage: 32M
[2026-04-03T02:26:55.509+0600][82.154s][info][gc,nmethod  ] GC(135) O: NMethods: 14237 registered, 3624 unregistered
[2026-04-03T02:26:55.509+0600][82.154s][info][gc,metaspace] GC(135) O: Metaspace: 128M used, 130M committed, 1152M reserved
[2026-04-03T02:26:55.509+0600][82.154s][info][gc,ref      ] GC(135) O:                       Encountered   Discovered     Enqueued 
[2026-04-03T02:26:55.509+0600][82.154s][info][gc,ref      ] GC(135) O: Soft References:             6385            0            0 
[2026-04-03T02:26:55.509+0600][82.154s][info][gc,ref      ] GC(135) O: Weak References:            24065        15434         9055 
[2026-04-03T02:26:55.509+0600][82.154s][info][gc,ref      ] GC(135) O: Final References:              84            0            0 
[2026-04-03T02:26:55.509+0600][82.154s][info][gc,ref      ] GC(135) O: Phantom References:           620          243            0 
[2026-04-03T02:26:55.509+0600][82.154s][info][gc,reloc    ] GC(135) O:                        Candidates     Selected     In-Place         Size        Empty    Relocated 
[2026-04-03T02:26:55.509+0600][82.154s][info][gc,reloc    ] GC(135) O: Small Pages:                   91           28            0         182M           0M          11M 
[2026-04-03T02:26:55.509+0600][82.154s][info][gc,reloc    ] GC(135) O: Medium Pages:                   1            0            0          32M           0M           0M 
[2026-04-03T02:26:55.509+0600][82.154s][info][gc,reloc    ] GC(135) O: Large Pages:                    0            0            0           0M           0M           0M 
[2026-04-03T02:26:55.509+0600][82.154s][info][gc,reloc    ] GC(135) O: Forwarding Usage: 5M
[2026-04-03T02:26:55.509+0600][82.154s][info][gc,heap     ] GC(135) O: Min Capacity: 8M(1%)
[2026-04-03T02:26:55.509+0600][82.154s][info][gc,heap     ] GC(135) O: Max Capacity: 1250M(100%)
[2026-04-03T02:26:55.509+0600][82.154s][info][gc,heap     ] GC(135) O: Soft Max Capacity: 1250M(100%)
[2026-04-03T02:26:55.509+0600][82.154s][info][gc,heap     ] GC(135) O: Heap Statistics:
[2026-04-03T02:26:55.509+0600][82.154s][info][gc,heap     ] GC(135) O:                Mark Start          Mark End        Relocate Start      Relocate End           High               Low         
[2026-04-03T02:26:55.509+0600][82.154s][info][gc,heap     ] GC(135) O:  Capacity:     1250M (100%)       1250M (100%)       1250M (100%)       1250M (100%)       1250M (100%)       1250M (100%)   
[2026-04-03T02:26:55.509+0600][82.154s][info][gc,heap     ] GC(135) O:      Free:     1036M (83%)        1034M (83%)         972M (78%)        1012M (81%)        1036M (83%)         960M (77%)    
[2026-04-03T02:26:55.509+0600][82.154s][info][gc,heap     ] GC(135) O:      Used:      214M (17%)         216M (17%)         278M (22%)         238M (19%)         290M (23%)         214M (17%)    
[2026-04-03T02:26:55.509+0600][82.154s][info][gc,heap     ] GC(135) O: Old Generation Statistics:
[2026-04-03T02:26:55.509+0600][82.154s][info][gc,heap     ] GC(135) O:                Mark Start          Mark End        Relocate Start      Relocate End    
[2026-04-03T02:26:55.509+0600][82.154s][info][gc,heap     ] GC(135) O:      Used:      214M (17%)         214M (17%)         214M (17%)         174M (14%)    
[2026-04-03T02:26:55.509+0600][82.154s][info][gc,heap     ] GC(135) O:      Live:         -               125M (10%)         125M (10%)         125M (10%)    
[2026-04-03T02:26:55.509+0600][82.154s][info][gc,heap     ] GC(135) O:   Garbage:         -                88M (7%)           88M (7%)           29M (2%)     
[2026-04-03T02:26:55.509+0600][82.154s][info][gc,heap     ] GC(135) O: Allocated:         -                 0M (0%)            0M (0%)           19M (2%)     
[2026-04-03T02:26:55.509+0600][82.154s][info][gc,heap     ] GC(135) O: Reclaimed:         -                  -                 0M (0%)           59M (5%)     
[2026-04-03T02:26:55.509+0600][82.154s][info][gc,heap     ] GC(135) O: Compacted:         -                  -                  -                24M (2%)     
[2026-04-03T02:26:55.509+0600][82.154s][info][gc,phases   ] GC(135) O: Old Generation 216M(17%)->238M(19%) 0.176s
[2026-04-03T02:26:55.509+0600][82.154s][info][gc          ] GC(135) Major Collection (System.gc()) 780M(62%)->238M(19%) 0.223s
[2026-04-03T02:26:55.738+0600][82.383s][info][gc          ] GC(136) Minor Collection (Allocation Rate)
[2026-04-03T02:26:55.738+0600][82.383s][info][gc,task     ] GC(136) Using 1 Workers for Young Generation
[2026-04-03T02:26:55.738+0600][82.383s][info][gc,phases   ] GC(136) y: Young Generation
[2026-04-03T02:26:55.738+0600][82.383s][info][gc,phases   ] GC(136) y: Pause Mark Start 0.024ms
[2026-04-03T02:26:55.778+0600][82.423s][info][gc,task     ] Adjusting Workers for Young Generation: 1 -> 3
[2026-04-03T02:26:55.780+0600][82.425s][info][gc,phases   ] GC(136) y: Concurrent Mark 41.669ms
[2026-04-03T02:26:55.780+0600][82.425s][info][gc,phases   ] GC(136) y: Pause Mark End 0.029ms
[2026-04-03T02:26:55.781+0600][82.425s][info][gc,phases   ] GC(136) y: Concurrent Mark Free 0.002ms
[2026-04-03T02:26:55.781+0600][82.425s][info][gc,phases   ] GC(136) y: Concurrent Reset Relocation Set 0.001ms
[2026-04-03T02:26:55.787+0600][82.432s][info][gc,reloc    ] GC(136) y: Using tenuring threshold: 1 (Computed)
[2026-04-03T02:26:55.787+0600][82.432s][info][gc,phases   ] GC(136) y: Concurrent Select Relocation Set 6.674ms
[2026-04-03T02:26:55.787+0600][82.432s][info][gc,phases   ] GC(136) y: Pause Relocate Start 0.024ms
[2026-04-03T02:26:55.789+0600][82.434s][info][gc,phases   ] GC(136) y: Concurrent Relocate 1.650ms
[2026-04-03T02:26:55.789+0600][82.434s][info][gc,alloc    ] GC(136) y:                         Mark Start        Mark End      Relocate Start    Relocate End   
[2026-04-03T02:26:55.789+0600][82.434s][info][gc,alloc    ] GC(136) y: Allocation Stalls:          0                0                0                0         
[2026-04-03T02:26:55.789+0600][82.434s][info][gc,load     ] GC(136) y: Load: 5.64 (47%) / 5.96 (50%) / 5.89 (49%)
[2026-04-03T02:26:55.789+0600][82.434s][info][gc,mmu      ] GC(136) y: MMU: 2ms/95.2%, 5ms/97.6%, 10ms/98.8%, 20ms/99.4%, 50ms/99.6%, 100ms/99.8%
[2026-04-03T02:26:55.789+0600][82.434s][info][gc,marking  ] GC(136) y: Mark: 1 stripe(s), 3 proactive flush(es), 1 terminate flush(es), 0 completion(s), 0 continuation(s) 
[2026-04-03T02:26:55.789+0600][82.434s][info][gc,marking  ] GC(136) y: Mark Stack Usage: 32M
[2026-04-03T02:26:55.789+0600][82.434s][info][gc,nmethod  ] GC(136) y: NMethods: 14250 registered, 3624 unregistered
[2026-04-03T02:26:55.789+0600][82.434s][info][gc,metaspace] GC(136) y: Metaspace: 128M used, 130M committed, 1152M reserved
[2026-04-03T02:26:55.789+0600][82.434s][info][gc,reloc    ] GC(136) y:                        Candidates     Selected     In-Place         Size        Empty    Relocated 
[2026-04-03T02:26:55.789+0600][82.434s][info][gc,reloc    ] GC(136) y: Small Pages:                   96           76            0         192M          34M           3M 
[2026-04-03T02:26:55.789+0600][82.434s][info][gc,reloc    ] GC(136) y: Medium Pages:                   1            0            0          32M          32M           0M 
[2026-04-03T02:26:55.789+0600][82.434s][info][gc,reloc    ] GC(136) y: Large Pages:                   85            0            0         510M         486M           0M 
[2026-04-03T02:26:55.789+0600][82.434s][info][gc,reloc    ] GC(136) y: Forwarding Usage: 0M
[2026-04-03T02:26:55.789+0600][82.434s][info][gc,reloc    ] GC(136) y: Age Table:
[2026-04-03T02:26:55.789+0600][82.434s][info][gc,reloc    ] GC(136) y:                    Live             Garbage             Small              Medium             Large        
[2026-04-03T02:26:55.789+0600][82.434s][info][gc,reloc    ] GC(136) y: Eden              27M (2%)          706M (56%)         96 / 76             1 / 0             85 / 0        
[2026-04-03T02:26:55.789+0600][82.434s][info][gc,heap     ] GC(136) y: Min Capacity: 8M(1%)
[2026-04-03T02:26:55.789+0600][82.434s][info][gc,heap     ] GC(136) y: Max Capacity: 1250M(100%)
[2026-04-03T02:26:55.789+0600][82.434s][info][gc,heap     ] GC(136) y: Soft Max Capacity: 1250M(100%)
[2026-04-03T02:26:55.790+0600][82.434s][info][gc,heap     ] GC(136) y: Heap Statistics:
[2026-04-03T02:26:55.790+0600][82.434s][info][gc,heap     ] GC(136) y:                Mark Start          Mark End        Relocate Start      Relocate End           High               Low         
[2026-04-03T02:26:55.790+0600][82.434s][info][gc,heap     ] GC(136) y:  Capacity:     1250M (100%)       1250M (100%)       1250M (100%)       1250M (100%)       1250M (100%)       1250M (100%)   
[2026-04-03T02:26:55.790+0600][82.434s][info][gc,heap     ] GC(136) y:      Free:      342M (27%)          74M (6%)          560M (45%)         702M (56%)         702M (56%)          74M (6%)     
[2026-04-03T02:26:55.790+0600][82.434s][info][gc,heap     ] GC(136) y:      Used:      908M (73%)        1176M (94%)         690M (55%)         548M (44%)        1176M (94%)         548M (44%)    
[2026-04-03T02:26:55.790+0600][82.434s][info][gc,heap     ] GC(136) y: Young Generation Statistics:
[2026-04-03T02:26:55.790+0600][82.434s][info][gc,heap     ] GC(136) y:                Mark Start          Mark End        Relocate Start      Relocate End    
[2026-04-03T02:26:55.790+0600][82.434s][info][gc,heap     ] GC(136) y:      Used:      734M (59%)        1002M (80%)         516M (41%)         374M (30%)    
[2026-04-03T02:26:55.790+0600][82.434s][info][gc,heap     ] GC(136) y:      Live:         -                27M (2%)           27M (2%)           27M (2%)     
[2026-04-03T02:26:55.790+0600][82.434s][info][gc,heap     ] GC(136) y:   Garbage:         -               706M (56%)         154M (12%)           1M (0%)     
[2026-04-03T02:26:55.790+0600][82.434s][info][gc,heap     ] GC(136) y: Allocated:         -               268M (21%)         334M (27%)         344M (28%)    
[2026-04-03T02:26:55.790+0600][82.434s][info][gc,heap     ] GC(136) y: Reclaimed:         -                  -               552M (44%)         704M (56%)    
[2026-04-03T02:26:55.790+0600][82.434s][info][gc,heap     ] GC(136) y:  Promoted:         -                  -                 0M (0%)            0M (0%)     
[2026-04-03T02:26:55.790+0600][82.434s][info][gc,heap     ] GC(136) y: Compacted:         -                  -                  -                 3M (0%)     
[2026-04-03T02:26:55.790+0600][82.434s][info][gc,phases   ] GC(136) y: Young Generation 908M(73%)->548M(44%) 0.051s
[2026-04-03T02:26:55.790+0600][82.435s][info][gc          ] GC(136) Minor Collection (Allocation Rate) 908M(73%)->554M(44%) 0.052s
[2026-04-03T02:26:55.989+0600][82.634s][info][gc          ] GC(137) Minor Collection (Allocation Rate)
[2026-04-03T02:26:55.989+0600][82.634s][info][gc,task     ] GC(137) Using 2 Workers for Young Generation
[2026-04-03T02:26:55.989+0600][82.634s][info][gc,phases   ] GC(137) y: Young Generation
[2026-04-03T02:26:55.989+0600][82.634s][info][gc,phases   ] GC(137) y: Pause Mark Start 0.027ms
[2026-04-03T02:26:56.011+0600][82.656s][info][gc,phases   ] GC(137) y: Concurrent Mark 22.010ms
[2026-04-03T02:26:56.012+0600][82.656s][info][gc,phases   ] GC(137) y: Pause Mark End 0.022ms
[2026-04-03T02:26:56.012+0600][82.656s][info][gc,phases   ] GC(137) y: Concurrent Mark Free 0.001ms
[2026-04-03T02:26:56.012+0600][82.657s][info][gc,phases   ] GC(137) y: Concurrent Reset Relocation Set 0.069ms
[2026-04-03T02:26:56.014+0600][82.658s][info][gc,reloc    ] GC(137) y: Using tenuring threshold: 2 (Computed)
[2026-04-03T02:26:56.014+0600][82.659s][info][gc,phases   ] GC(137) y: Concurrent Select Relocation Set 2.475ms
[2026-04-03T02:26:56.015+0600][82.659s][info][gc,phases   ] GC(137) y: Pause Relocate Start 0.018ms
[2026-04-03T02:26:56.017+0600][82.661s][info][gc,phases   ] GC(137) y: Concurrent Relocate 1.913ms
[2026-04-03T02:26:56.017+0600][82.661s][info][gc,alloc    ] GC(137) y:                         Mark Start        Mark End      Relocate Start    Relocate End   
[2026-04-03T02:26:56.017+0600][82.661s][info][gc,alloc    ] GC(137) y: Allocation Stalls:          0                0                0                0         
[2026-04-03T02:26:56.017+0600][82.661s][info][gc,load     ] GC(137) y: Load: 5.64 (47%) / 5.96 (50%) / 5.89 (49%)
[2026-04-03T02:26:56.017+0600][82.661s][info][gc,mmu      ] GC(137) y: MMU: 2ms/95.2%, 5ms/97.6%, 10ms/98.8%, 20ms/99.4%, 50ms/99.6%, 100ms/99.8%
[2026-04-03T02:26:56.017+0600][82.661s][info][gc,marking  ] GC(137) y: Mark: 2 stripe(s), 2 proactive flush(es), 1 terminate flush(es), 0 completion(s), 0 continuation(s) 
[2026-04-03T02:26:56.017+0600][82.661s][info][gc,marking  ] GC(137) y: Mark Stack Usage: 32M
[2026-04-03T02:26:56.017+0600][82.661s][info][gc,nmethod  ] GC(137) y: NMethods: 14261 registered, 3624 unregistered
[2026-04-03T02:26:56.017+0600][82.661s][info][gc,metaspace] GC(137) y: Metaspace: 128M used, 130M committed, 1152M reserved
[2026-04-03T02:26:56.017+0600][82.661s][info][gc,reloc    ] GC(137) y:                        Candidates     Selected     In-Place         Size        Empty    Relocated 
[2026-04-03T02:26:56.017+0600][82.661s][info][gc,reloc    ] GC(137) y: Small Pages:                   77           59            0         154M          30M           2M 
[2026-04-03T02:26:56.017+0600][82.661s][info][gc,reloc    ] GC(137) y: Medium Pages:                   2            0            0          64M          32M           0M 
[2026-04-03T02:26:56.017+0600][82.661s][info][gc,reloc    ] GC(137) y: Large Pages:                   58            0            0         348M         348M           0M 
[2026-04-03T02:26:56.017+0600][82.661s][info][gc,reloc    ] GC(137) y: Forwarding Usage: 0M
[2026-04-03T02:26:56.017+0600][82.661s][info][gc,reloc    ] GC(137) y: Age Table:
[2026-04-03T02:26:56.017+0600][82.661s][info][gc,reloc    ] GC(137) y:                    Live             Garbage             Small              Medium             Large        
[2026-04-03T02:26:56.017+0600][82.661s][info][gc,reloc    ] GC(137) y: Eden               7M (1%)          524M (42%)         72 / 56             2 / 0             54 / 0        
[2026-04-03T02:26:56.017+0600][82.661s][info][gc,reloc    ] GC(137) y: Survivor 1         1M (0%)           32M (3%)           5 / 3              0 / 0              4 / 0        
[2026-04-03T02:26:56.017+0600][82.662s][info][gc,heap     ] GC(137) y: Min Capacity: 8M(1%)
[2026-04-03T02:26:56.017+0600][82.662s][info][gc,heap     ] GC(137) y: Max Capacity: 1250M(100%)
[2026-04-03T02:26:56.017+0600][82.662s][info][gc,heap     ] GC(137) y: Soft Max Capacity: 1250M(100%)
[2026-04-03T02:26:56.017+0600][82.662s][info][gc,heap     ] GC(137) y: Heap Statistics:
[2026-04-03T02:26:56.017+0600][82.662s][info][gc,heap     ] GC(137) y:                Mark Start          Mark End        Relocate Start      Relocate End           High               Low         
[2026-04-03T02:26:56.017+0600][82.662s][info][gc,heap     ] GC(137) y:  Capacity:     1250M (100%)       1250M (100%)       1250M (100%)       1250M (100%)       1250M (100%)       1250M (100%)   
[2026-04-03T02:26:56.017+0600][82.662s][info][gc,heap     ] GC(137) y:      Free:      510M (41%)         492M (39%)         896M (72%)        1010M (81%)        1010M (81%)         492M (39%)    
[2026-04-03T02:26:56.017+0600][82.662s][info][gc,heap     ] GC(137) y:      Used:      740M (59%)         758M (61%)         354M (28%)         240M (19%)         758M (61%)         240M (19%)    
[2026-04-03T02:26:56.017+0600][82.662s][info][gc,heap     ] GC(137) y: Young Generation Statistics:
[2026-04-03T02:26:56.017+0600][82.662s][info][gc,heap     ] GC(137) y:                Mark Start          Mark End        Relocate Start      Relocate End    
[2026-04-03T02:26:56.017+0600][82.662s][info][gc,heap     ] GC(137) y:      Used:      566M (45%)         584M (47%)         180M (14%)          66M (5%)     
[2026-04-03T02:26:56.017+0600][82.662s][info][gc,heap     ] GC(137) y:      Live:         -                 8M (1%)            8M (1%)            8M (1%)     
[2026-04-03T02:26:56.017+0600][82.662s][info][gc,heap     ] GC(137) y:   Garbage:         -               557M (45%)         147M (12%)          27M (2%)     
[2026-04-03T02:26:56.017+0600][82.662s][info][gc,heap     ] GC(137) y: Allocated:         -                18M (1%)           24M (2%)           29M (2%)     
[2026-04-03T02:26:56.017+0600][82.662s][info][gc,heap     ] GC(137) y: Reclaimed:         -                  -               410M (33%)         529M (42%)    
[2026-04-03T02:26:56.017+0600][82.662s][info][gc,heap     ] GC(137) y:  Promoted:         -                  -                 0M (0%)            0M (0%)     
[2026-04-03T02:26:56.017+0600][82.662s][info][gc,heap     ] GC(137) y: Compacted:         -                  -                  -                 2M (0%)     
[2026-04-03T02:26:56.017+0600][82.662s][info][gc,phases   ] GC(137) y: Young Generation 740M(59%)->240M(19%) 0.027s
[2026-04-03T02:26:56.017+0600][82.662s][info][gc          ] GC(137) Minor Collection (Allocation Rate) 772M(62%)->240M(19%) 0.028s
[2026-04-03T02:26:56.507+0600][83.151s][info][gc          ] GC(138) Minor Collection (Allocation Rate)
[2026-04-03T02:26:56.507+0600][83.152s][info][gc,task     ] GC(138) Using 1 Workers for Young Generation
[2026-04-03T02:26:56.507+0600][83.152s][info][gc,phases   ] GC(138) y: Young Generation
[2026-04-03T02:26:56.507+0600][83.152s][info][gc,phases   ] GC(138) y: Pause Mark Start 0.021ms
[2026-04-03T02:26:56.541+0600][83.186s][info][gc,phases   ] GC(138) y: Concurrent Mark 33.813ms
[2026-04-03T02:26:56.541+0600][83.186s][info][gc,phases   ] GC(138) y: Pause Mark End 0.028ms
[2026-04-03T02:26:56.541+0600][83.186s][info][gc,phases   ] GC(138) y: Concurrent Mark Free 0.002ms
[2026-04-03T02:26:56.541+0600][83.186s][info][gc,phases   ] GC(138) y: Concurrent Reset Relocation Set 0.008ms
[2026-04-03T02:26:56.544+0600][83.188s][info][gc,reloc    ] GC(138) y: Using tenuring threshold: 3 (Computed)
[2026-04-03T02:26:56.544+0600][83.189s][info][gc,phases   ] GC(138) y: Concurrent Select Relocation Set 2.807ms
[2026-04-03T02:26:56.544+0600][83.189s][info][gc,phases   ] GC(138) y: Pause Relocate Start 0.014ms
[2026-04-03T02:26:56.550+0600][83.194s][info][gc,phases   ] GC(138) y: Concurrent Relocate 5.293ms
[2026-04-03T02:26:56.550+0600][83.194s][info][gc,alloc    ] GC(138) y:                         Mark Start        Mark End      Relocate Start    Relocate End   
[2026-04-03T02:26:56.550+0600][83.194s][info][gc,alloc    ] GC(138) y: Allocation Stalls:          0                0                0                0         
[2026-04-03T02:26:56.550+0600][83.195s][info][gc,load     ] GC(138) y: Load: 5.64 (47%) / 5.96 (50%) / 5.89 (49%)
[2026-04-03T02:26:56.550+0600][83.195s][info][gc,mmu      ] GC(138) y: MMU: 2ms/95.2%, 5ms/97.6%, 10ms/98.8%, 20ms/99.4%, 50ms/99.6%, 100ms/99.8%
[2026-04-03T02:26:56.550+0600][83.195s][info][gc,marking  ] GC(138) y: Mark: 1 stripe(s), 2 proactive flush(es), 1 terminate flush(es), 0 completion(s), 0 continuation(s) 
[2026-04-03T02:26:56.550+0600][83.195s][info][gc,marking  ] GC(138) y: Mark Stack Usage: 32M
[2026-04-03T02:26:56.550+0600][83.195s][info][gc,nmethod  ] GC(138) y: NMethods: 14272 registered, 3624 unregistered
[2026-04-03T02:26:56.550+0600][83.195s][info][gc,metaspace] GC(138) y: Metaspace: 128M used, 130M committed, 1152M reserved
[2026-04-03T02:26:56.550+0600][83.195s][info][gc,reloc    ] GC(138) y:                        Candidates     Selected     In-Place         Size        Empty    Relocated 
[2026-04-03T02:26:56.550+0600][83.195s][info][gc,reloc    ] GC(138) y: Small Pages:                  163          134            0         326M          52M           3M 
[2026-04-03T02:26:56.550+0600][83.195s][info][gc,reloc    ] GC(138) y: Medium Pages:                   3            0            0          96M          64M           0M 
[2026-04-03T02:26:56.550+0600][83.195s][info][gc,reloc    ] GC(138) y: Large Pages:                    5            0            0          30M          30M           0M 
[2026-04-03T02:26:56.550+0600][83.195s][info][gc,reloc    ] GC(138) y: Forwarding Usage: 0M
[2026-04-03T02:26:56.550+0600][83.195s][info][gc,reloc    ] GC(138) y: Age Table:
[2026-04-03T02:26:56.550+0600][83.195s][info][gc,reloc    ] GC(138) y:                    Live             Garbage             Small              Medium             Large        
[2026-04-03T02:26:56.550+0600][83.195s][info][gc,reloc    ] GC(138) y: Eden               2M (0%)          407M (33%)        158 / 131            2 / 0              5 / 0        
[2026-04-03T02:26:56.550+0600][83.195s][info][gc,reloc    ] GC(138) y: Survivor 1         1M (0%)           34M (3%)           2 / 2              1 / 0              0 / 0        
[2026-04-03T02:26:56.550+0600][83.195s][info][gc,reloc    ] GC(138) y: Survivor 2         1M (0%)            4M (0%)           3 / 1              0 / 0              0 / 0        
[2026-04-03T02:26:56.550+0600][83.195s][info][gc,heap     ] GC(138) y: Min Capacity: 8M(1%)
[2026-04-03T02:26:56.550+0600][83.195s][info][gc,heap     ] GC(138) y: Max Capacity: 1250M(100%)
[2026-04-03T02:26:56.550+0600][83.195s][info][gc,heap     ] GC(138) y: Soft Max Capacity: 1250M(100%)
[2026-04-03T02:26:56.550+0600][83.195s][info][gc,heap     ] GC(138) y: Heap Statistics:
[2026-04-03T02:26:56.550+0600][83.195s][info][gc,heap     ] GC(138) y:                Mark Start          Mark End        Relocate Start      Relocate End           High               Low         
[2026-04-03T02:26:56.550+0600][83.195s][info][gc,heap     ] GC(138) y:  Capacity:     1250M (100%)       1250M (100%)       1250M (100%)       1250M (100%)       1250M (100%)       1250M (100%)   
[2026-04-03T02:26:56.550+0600][83.195s][info][gc,heap     ] GC(138) y:      Free:      624M (50%)         592M (47%)         738M (59%)         988M (79%)         988M (79%)         592M (47%)    
[2026-04-03T02:26:56.550+0600][83.195s][info][gc,heap     ] GC(138) y:      Used:      626M (50%)         658M (53%)         512M (41%)         262M (21%)         658M (53%)         262M (21%)    
[2026-04-03T02:26:56.550+0600][83.195s][info][gc,heap     ] GC(138) y: Young Generation Statistics:
[2026-04-03T02:26:56.550+0600][83.195s][info][gc,heap     ] GC(138) y:                Mark Start          Mark End        Relocate Start      Relocate End    
[2026-04-03T02:26:56.550+0600][83.195s][info][gc,heap     ] GC(138) y:      Used:      452M (36%)         484M (39%)         338M (27%)          88M (7%)     
[2026-04-03T02:26:56.550+0600][83.195s][info][gc,heap     ] GC(138) y:      Live:         -                 5M (0%)            5M (0%)            5M (0%)     
[2026-04-03T02:26:56.550+0600][83.195s][info][gc,heap     ] GC(138) y:   Garbage:         -               446M (36%)         300M (24%)          31M (3%)     
[2026-04-03T02:26:56.550+0600][83.195s][info][gc,heap     ] GC(138) y: Allocated:         -                32M (3%)           32M (3%)           50M (4%)     
[2026-04-03T02:26:56.550+0600][83.195s][info][gc,heap     ] GC(138) y: Reclaimed:         -                  -               146M (12%)         414M (33%)    
[2026-04-03T02:26:56.550+0600][83.195s][info][gc,heap     ] GC(138) y:  Promoted:         -                  -                 0M (0%)            0M (0%)     
[2026-04-03T02:26:56.550+0600][83.195s][info][gc,heap     ] GC(138) y: Compacted:         -                  -                  -                 3M (0%)     
[2026-04-03T02:26:56.550+0600][83.195s][info][gc,phases   ] GC(138) y: Young Generation 626M(50%)->262M(21%) 0.043s
[2026-04-03T02:26:56.550+0600][83.195s][info][gc          ] GC(138) Minor Collection (Allocation Rate) 626M(50%)->262M(21%) 0.044s
[2026-04-03T02:26:57.095+0600][83.739s][info][gc          ] GC(139) Minor Collection (Allocation Rate)
[2026-04-03T02:26:57.095+0600][83.739s][info][gc,task     ] GC(139) Using 1 Workers for Young Generation
[2026-04-03T02:26:57.095+0600][83.739s][info][gc,phases   ] GC(139) y: Young Generation
[2026-04-03T02:26:57.095+0600][83.740s][info][gc,phases   ] GC(139) y: Pause Mark Start 0.020ms
[2026-04-03T02:26:57.136+0600][83.781s][info][gc,phases   ] GC(139) y: Concurrent Mark 40.888ms
[2026-04-03T02:26:57.136+0600][83.781s][info][gc,phases   ] GC(139) y: Pause Mark End 0.027ms
[2026-04-03T02:26:57.136+0600][83.781s][info][gc,phases   ] GC(139) y: Concurrent Mark Free 0.001ms
[2026-04-03T02:26:57.136+0600][83.781s][info][gc,phases   ] GC(139) y: Concurrent Reset Relocation Set 0.013ms
[2026-04-03T02:26:57.139+0600][83.783s][info][gc,reloc    ] GC(139) y: Using tenuring threshold: 4 (Computed)
[2026-04-03T02:26:57.139+0600][83.784s][info][gc,phases   ] GC(139) y: Concurrent Select Relocation Set 2.589ms
[2026-04-03T02:26:57.139+0600][83.784s][info][gc,phases   ] GC(139) y: Pause Relocate Start 0.015ms
[2026-04-03T02:26:57.143+0600][83.788s][info][gc,phases   ] GC(139) y: Concurrent Relocate 4.115ms
[2026-04-03T02:26:57.143+0600][83.788s][info][gc,alloc    ] GC(139) y:                         Mark Start        Mark End      Relocate Start    Relocate End   
[2026-04-03T02:26:57.143+0600][83.788s][info][gc,alloc    ] GC(139) y: Allocation Stalls:          0                0                0                0         
[2026-04-03T02:26:57.143+0600][83.788s][info][gc,load     ] GC(139) y: Load: 5.64 (47%) / 5.96 (50%) / 5.89 (49%)
[2026-04-03T02:26:57.143+0600][83.788s][info][gc,mmu      ] GC(139) y: MMU: 2ms/95.2%, 5ms/97.6%, 10ms/98.8%, 20ms/99.4%, 50ms/99.6%, 100ms/99.8%
[2026-04-03T02:26:57.143+0600][83.788s][info][gc,marking  ] GC(139) y: Mark: 1 stripe(s), 2 proactive flush(es), 1 terminate flush(es), 0 completion(s), 0 continuation(s) 
[2026-04-03T02:26:57.143+0600][83.788s][info][gc,marking  ] GC(139) y: Mark Stack Usage: 32M
[2026-04-03T02:26:57.143+0600][83.788s][info][gc,nmethod  ] GC(139) y: NMethods: 14279 registered, 3624 unregistered
[2026-04-03T02:26:57.143+0600][83.788s][info][gc,metaspace] GC(139) y: Metaspace: 128M used, 130M committed, 1152M reserved
[2026-04-03T02:26:57.143+0600][83.788s][info][gc,reloc    ] GC(139) y:                        Candidates     Selected     In-Place         Size        Empty    Relocated 
[2026-04-03T02:26:57.143+0600][83.788s][info][gc,reloc    ] GC(139) y: Small Pages:                  170          118            0         340M          96M           2M 
[2026-04-03T02:26:57.143+0600][83.788s][info][gc,reloc    ] GC(139) y: Medium Pages:                   4            0            0         128M         128M           0M 
[2026-04-03T02:26:57.143+0600][83.788s][info][gc,reloc    ] GC(139) y: Large Pages:                   10            0            0          60M          54M           0M 
[2026-04-03T02:26:57.143+0600][83.788s][info][gc,reloc    ] GC(139) y: Forwarding Usage: 0M
[2026-04-03T02:26:57.143+0600][83.788s][info][gc,reloc    ] GC(139) y: Age Table:
[2026-04-03T02:26:57.143+0600][83.788s][info][gc,reloc    ] GC(139) y:                    Live             Garbage             Small              Medium             Large        
[2026-04-03T02:26:57.143+0600][83.788s][info][gc,reloc    ] GC(139) y: Eden               7M (1%)          464M (37%)        158 / 109            3 / 0             10 / 0        
[2026-04-03T02:26:57.143+0600][83.788s][info][gc,reloc    ] GC(139) y: Survivor 1         1M (0%)           32M (3%)           1 / 1              1 / 0              0 / 0        
[2026-04-03T02:26:57.143+0600][83.788s][info][gc,reloc    ] GC(139) y: Survivor 2         1M (0%)           16M (1%)           9 / 8              0 / 0              0 / 0        
[2026-04-03T02:26:57.143+0600][83.788s][info][gc,reloc    ] GC(139) y: Survivor 3         1M (0%)            2M (0%)           2 / 0              0 / 0              0 / 0        
[2026-04-03T02:26:57.143+0600][83.788s][info][gc,heap     ] GC(139) y: Min Capacity: 8M(1%)
[2026-04-03T02:26:57.143+0600][83.788s][info][gc,heap     ] GC(139) y: Max Capacity: 1250M(100%)
[2026-04-03T02:26:57.143+0600][83.788s][info][gc,heap     ] GC(139) y: Soft Max Capacity: 1250M(100%)
[2026-04-03T02:26:57.143+0600][83.788s][info][gc,heap     ] GC(139) y: Heap Statistics:
[2026-04-03T02:26:57.143+0600][83.788s][info][gc,heap     ] GC(139) y:                Mark Start          Mark End        Relocate Start      Relocate End           High               Low         
[2026-04-03T02:26:57.143+0600][83.788s][info][gc,heap     ] GC(139) y:  Capacity:     1250M (100%)       1250M (100%)       1250M (100%)       1250M (100%)       1250M (100%)       1250M (100%)   
[2026-04-03T02:26:57.143+0600][83.788s][info][gc,heap     ] GC(139) y:      Free:      548M (44%)         468M (37%)         746M (60%)         968M (77%)         968M (77%)         468M (37%)    
[2026-04-03T02:26:57.143+0600][83.788s][info][gc,heap     ] GC(139) y:      Used:      702M (56%)         782M (63%)         504M (40%)         282M (23%)         782M (63%)         282M (23%)    
[2026-04-03T02:26:57.144+0600][83.788s][info][gc,heap     ] GC(139) y: Young Generation Statistics:
[2026-04-03T02:26:57.144+0600][83.788s][info][gc,heap     ] GC(139) y:                Mark Start          Mark End        Relocate Start      Relocate End    
[2026-04-03T02:26:57.144+0600][83.788s][info][gc,heap     ] GC(139) y:      Used:      528M (42%)         608M (49%)         330M (26%)         108M (9%)     
[2026-04-03T02:26:57.144+0600][83.788s][info][gc,heap     ] GC(139) y:      Live:         -                11M (1%)           11M (1%)           11M (1%)     
[2026-04-03T02:26:57.144+0600][83.788s][info][gc,heap     ] GC(139) y:   Garbage:         -               516M (41%)         238M (19%)           1M (0%)     
[2026-04-03T02:26:57.144+0600][83.788s][info][gc,heap     ] GC(139) y: Allocated:         -                80M (6%)           80M (6%)           94M (8%)     
[2026-04-03T02:26:57.144+0600][83.788s][info][gc,heap     ] GC(139) y: Reclaimed:         -                  -               278M (22%)         514M (41%)    
[2026-04-03T02:26:57.144+0600][83.788s][info][gc,heap     ] GC(139) y:  Promoted:         -                  -                 0M (0%)            0M (0%)     
[2026-04-03T02:26:57.144+0600][83.788s][info][gc,heap     ] GC(139) y: Compacted:         -                  -                  -                 3M (0%)     
[2026-04-03T02:26:57.144+0600][83.788s][info][gc,phases   ] GC(139) y: Young Generation 702M(56%)->282M(23%) 0.048s
[2026-04-03T02:26:57.144+0600][83.788s][info][gc          ] GC(139) Minor Collection (Allocation Rate) 702M(56%)->282M(23%) 0.049s
[2026-04-03T02:26:58.170+0600][84.815s][info][gc          ] GC(140) Minor Collection (Allocation Rate)
[2026-04-03T02:26:58.171+0600][84.815s][info][gc,task     ] GC(140) Using 1 Workers for Young Generation
[2026-04-03T02:26:58.171+0600][84.815s][info][gc,phases   ] GC(140) y: Young Generation
[2026-04-03T02:26:58.171+0600][84.815s][info][gc,phases   ] GC(140) y: Pause Mark Start 0.019ms
[2026-04-03T02:26:58.221+0600][84.865s][info][gc,phases   ] GC(140) y: Concurrent Mark 49.644ms
[2026-04-03T02:26:58.221+0600][84.865s][info][gc,phases   ] GC(140) y: Pause Mark End 0.029ms
[2026-04-03T02:26:58.221+0600][84.866s][info][gc,phases   ] GC(140) y: Concurrent Mark Free 0.004ms
[2026-04-03T02:26:58.221+0600][84.866s][info][gc,phases   ] GC(140) y: Concurrent Reset Relocation Set 0.011ms
[2026-04-03T02:26:58.224+0600][84.869s][info][gc,reloc    ] GC(140) y: Using tenuring threshold: 5 (Computed)
[2026-04-03T02:26:58.225+0600][84.870s][info][gc,phases   ] GC(140) y: Concurrent Select Relocation Set 4.029ms
[2026-04-03T02:26:58.225+0600][84.870s][info][gc,phases   ] GC(140) y: Pause Relocate Start 0.020ms
[2026-04-03T02:26:58.234+0600][84.879s][info][gc,phases   ] GC(140) y: Concurrent Relocate 9.242ms
[2026-04-03T02:26:58.235+0600][84.879s][info][gc,alloc    ] GC(140) y:                         Mark Start        Mark End      Relocate Start    Relocate End   
[2026-04-03T02:26:58.235+0600][84.879s][info][gc,alloc    ] GC(140) y: Allocation Stalls:          0                0                0                0         
[2026-04-03T02:26:58.235+0600][84.879s][info][gc,load     ] GC(140) y: Load: 5.64 (47%) / 5.96 (50%) / 5.89 (49%)
[2026-04-03T02:26:58.235+0600][84.879s][info][gc,mmu      ] GC(140) y: MMU: 2ms/95.2%, 5ms/97.6%, 10ms/98.8%, 20ms/99.4%, 50ms/99.6%, 100ms/99.8%
[2026-04-03T02:26:58.235+0600][84.879s][info][gc,marking  ] GC(140) y: Mark: 1 stripe(s), 2 proactive flush(es), 1 terminate flush(es), 0 completion(s), 0 continuation(s) 
[2026-04-03T02:26:58.235+0600][84.879s][info][gc,marking  ] GC(140) y: Mark Stack Usage: 32M
[2026-04-03T02:26:58.235+0600][84.879s][info][gc,nmethod  ] GC(140) y: NMethods: 14293 registered, 3624 unregistered
[2026-04-03T02:26:58.235+0600][84.879s][info][gc,metaspace] GC(140) y: Metaspace: 128M used, 130M committed, 1152M reserved
[2026-04-03T02:26:58.235+0600][84.879s][info][gc,reloc    ] GC(140) y:                        Candidates     Selected     In-Place         Size        Empty    Relocated 
[2026-04-03T02:26:58.235+0600][84.879s][info][gc,reloc    ] GC(140) y: Small Pages:                  319          207            0         638M         214M           5M 
[2026-04-03T02:26:58.235+0600][84.879s][info][gc,reloc    ] GC(140) y: Medium Pages:                   4            0            0         128M         128M           0M 
[2026-04-03T02:26:58.235+0600][84.879s][info][gc,reloc    ] GC(140) y: Large Pages:                   15            0            0          90M          90M           0M 
[2026-04-03T02:26:58.235+0600][84.879s][info][gc,reloc    ] GC(140) y: Forwarding Usage: 1M
[2026-04-03T02:26:58.235+0600][84.879s][info][gc,reloc    ] GC(140) y: Age Table:
[2026-04-03T02:26:58.235+0600][84.879s][info][gc,reloc    ] GC(140) y:                    Live             Garbage             Small              Medium             Large        
[2026-04-03T02:26:58.235+0600][84.879s][info][gc,reloc    ] GC(140) y: Eden               3M (0%)          824M (66%)        308 / 198            4 / 0             14 / 0        
[2026-04-03T02:26:58.235+0600][84.880s][info][gc,reloc    ] GC(140) y: Survivor 1         0M (0%)            7M (1%)           1 / 1              0 / 0              1 / 0        
[2026-04-03T02:26:58.235+0600][84.880s][info][gc,reloc    ] GC(140) y: Survivor 2         0M (0%)            1M (0%)           1 / 0              0 / 0              0 / 0        
[2026-04-03T02:26:58.235+0600][84.880s][info][gc,reloc    ] GC(140) y: Survivor 3         1M (0%)            2M (0%)           2 / 2              0 / 0              0 / 0        
[2026-04-03T02:26:58.235+0600][84.880s][info][gc,reloc    ] GC(140) y: Survivor 4         1M (0%)           12M (1%)           7 / 6              0 / 0              0 / 0        
[2026-04-03T02:26:58.235+0600][84.880s][info][gc,heap     ] GC(140) y: Min Capacity: 8M(1%)
[2026-04-03T02:26:58.235+0600][84.880s][info][gc,heap     ] GC(140) y: Max Capacity: 1250M(100%)
[2026-04-03T02:26:58.235+0600][84.880s][info][gc,heap     ] GC(140) y: Soft Max Capacity: 1250M(100%)
[2026-04-03T02:26:58.235+0600][84.880s][info][gc,heap     ] GC(140) y: Heap Statistics:
[2026-04-03T02:26:58.235+0600][84.880s][info][gc,heap     ] GC(140) y:                Mark Start          Mark End        Relocate Start      Relocate End           High               Low         
[2026-04-03T02:26:58.235+0600][84.880s][info][gc,heap     ] GC(140) y:  Capacity:     1250M (100%)       1250M (100%)       1250M (100%)       1250M (100%)       1250M (100%)       1250M (100%)   
[2026-04-03T02:26:58.235+0600][84.880s][info][gc,heap     ] GC(140) y:      Free:      220M (18%)         148M (12%)         576M (46%)         942M (75%)         942M (75%)         148M (12%)    
[2026-04-03T02:26:58.235+0600][84.880s][info][gc,heap     ] GC(140) y:      Used:     1030M (82%)        1102M (88%)         674M (54%)         308M (25%)        1102M (88%)         308M (25%)    
[2026-04-03T02:26:58.235+0600][84.880s][info][gc,heap     ] GC(140) y: Young Generation Statistics:
[2026-04-03T02:26:58.235+0600][84.880s][info][gc,heap     ] GC(140) y:                Mark Start          Mark End        Relocate Start      Relocate End    
[2026-04-03T02:26:58.235+0600][84.880s][info][gc,heap     ] GC(140) y:      Used:      856M (68%)         928M (74%)         500M (40%)         134M (11%)    
[2026-04-03T02:26:58.235+0600][84.880s][info][gc,heap     ] GC(140) y:      Live:         -                 8M (1%)            8M (1%)            8M (1%)     
[2026-04-03T02:26:58.235+0600][84.880s][info][gc,heap     ] GC(140) y:   Garbage:         -               847M (68%)         415M (33%)           0M (0%)     
[2026-04-03T02:26:58.235+0600][84.880s][info][gc,heap     ] GC(140) y: Allocated:         -                72M (6%)           76M (6%)          125M (10%)    
[2026-04-03T02:26:58.235+0600][84.880s][info][gc,heap     ] GC(140) y: Reclaimed:         -                  -               432M (35%)         847M (68%)    
[2026-04-03T02:26:58.235+0600][84.880s][info][gc,heap     ] GC(140) y:  Promoted:         -                  -                 0M (0%)            0M (0%)     
[2026-04-03T02:26:58.235+0600][84.880s][info][gc,heap     ] GC(140) y: Compacted:         -                  -                  -                 6M (1%)     
[2026-04-03T02:26:58.235+0600][84.880s][info][gc,phases   ] GC(140) y: Young Generation 1030M(82%)->308M(25%) 0.064s
[2026-04-03T02:26:58.235+0600][84.880s][info][gc          ] GC(140) Minor Collection (Allocation Rate) 1030M(82%)->308M(25%) 0.065s
[2026-04-03T02:26:59.354+0600][85.999s][info][gc          ] GC(141) Minor Collection (Allocation Rate)
[2026-04-03T02:26:59.354+0600][85.999s][info][gc,task     ] GC(141) Using 3 Workers for Young Generation
[2026-04-03T02:26:59.354+0600][85.999s][info][gc,phases   ] GC(141) y: Young Generation
[2026-04-03T02:26:59.355+0600][85.999s][info][gc,phases   ] GC(141) y: Pause Mark Start 0.026ms
[2026-04-03T02:26:59.384+0600][86.028s][info][gc,phases   ] GC(141) y: Concurrent Mark 28.791ms
[2026-04-03T02:26:59.384+0600][86.028s][info][gc,phases   ] GC(141) y: Pause Mark End 0.035ms
[2026-04-03T02:26:59.384+0600][86.029s][info][gc,phases   ] GC(141) y: Concurrent Mark Free 0.004ms
[2026-04-03T02:26:59.384+0600][86.029s][info][gc,phases   ] GC(141) y: Concurrent Reset Relocation Set 0.036ms
[2026-04-03T02:26:59.390+0600][86.035s][info][gc,reloc    ] GC(141) y: Using tenuring threshold: 6 (Computed)
[2026-04-03T02:26:59.390+0600][86.035s][info][gc,phases   ] GC(141) y: Concurrent Select Relocation Set 6.235ms
[2026-04-03T02:26:59.391+0600][86.035s][info][gc,phases   ] GC(141) y: Pause Relocate Start 0.037ms
[2026-04-03T02:26:59.395+0600][86.040s][info][gc,phases   ] GC(141) y: Concurrent Relocate 4.613ms
[2026-04-03T02:26:59.396+0600][86.040s][info][gc,alloc    ] GC(141) y:                         Mark Start        Mark End      Relocate Start    Relocate End   
[2026-04-03T02:26:59.396+0600][86.040s][info][gc,alloc    ] GC(141) y: Allocation Stalls:          0                0                0                0         
[2026-04-03T02:26:59.396+0600][86.040s][info][gc,load     ] GC(141) y: Load: 5.64 (47%) / 5.96 (50%) / 5.89 (49%)
[2026-04-03T02:26:59.396+0600][86.040s][info][gc,mmu      ] GC(141) y: MMU: 2ms/95.2%, 5ms/97.6%, 10ms/98.8%, 20ms/99.4%, 50ms/99.6%, 100ms/99.8%
[2026-04-03T02:26:59.396+0600][86.040s][info][gc,marking  ] GC(141) y: Mark: 2 stripe(s), 2 proactive flush(es), 1 terminate flush(es), 0 completion(s), 0 continuation(s) 
[2026-04-03T02:26:59.396+0600][86.040s][info][gc,marking  ] GC(141) y: Mark Stack Usage: 32M
[2026-04-03T02:26:59.396+0600][86.040s][info][gc,nmethod  ] GC(141) y: NMethods: 14297 registered, 3624 unregistered
[2026-04-03T02:26:59.396+0600][86.040s][info][gc,metaspace] GC(141) y: Metaspace: 128M used, 130M committed, 1152M reserved
[2026-04-03T02:26:59.396+0600][86.040s][info][gc,reloc    ] GC(141) y:                        Candidates     Selected     In-Place         Size        Empty    Relocated 
[2026-04-03T02:26:59.396+0600][86.040s][info][gc,reloc    ] GC(141) y: Small Pages:                  360          189            0         720M         328M           6M 
[2026-04-03T02:26:59.396+0600][86.040s][info][gc,reloc    ] GC(141) y: Medium Pages:                   5            0            0         160M         160M           0M 
[2026-04-03T02:26:59.396+0600][86.040s][info][gc,reloc    ] GC(141) y: Large Pages:                   17            0            0         102M         102M           0M 
[2026-04-03T02:26:59.396+0600][86.040s][info][gc,reloc    ] GC(141) y: Forwarding Usage: 1M
[2026-04-03T02:26:59.396+0600][86.040s][info][gc,reloc    ] GC(141) y: Age Table:
[2026-04-03T02:26:59.396+0600][86.040s][info][gc,reloc    ] GC(141) y:                    Live             Garbage             Small              Medium             Large        
[2026-04-03T02:26:59.396+0600][86.040s][info][gc,reloc    ] GC(141) y: Eden               4M (0%)          923M (74%)        333 / 169            5 / 0             17 / 0        
[2026-04-03T02:26:59.396+0600][86.040s][info][gc,reloc    ] GC(141) y: Survivor 1         2M (0%)           15M (1%)           9 / 5              0 / 0              0 / 0        
[2026-04-03T02:26:59.396+0600][86.040s][info][gc,reloc    ] GC(141) y: Survivor 2         0M (0%)            1M (0%)           1 / 1              0 / 0              0 / 0        
[2026-04-03T02:26:59.396+0600][86.040s][info][gc,reloc    ] GC(141) y: Survivor 3         0M (0%)           13M (1%)           7 / 6              0 / 0              0 / 0        
[2026-04-03T02:26:59.396+0600][86.040s][info][gc,reloc    ] GC(141) y: Survivor 4         1M (0%)            0M (0%)           1 / 0              0 / 0              0 / 0        
[2026-04-03T02:26:59.396+0600][86.040s][info][gc,reloc    ] GC(141) y: Survivor 5         1M (0%)           16M (1%)           9 / 8              0 / 0              0 / 0        
[2026-04-03T02:26:59.396+0600][86.040s][info][gc,heap     ] GC(141) y: Min Capacity: 8M(1%)
[2026-04-03T02:26:59.396+0600][86.040s][info][gc,heap     ] GC(141) y: Max Capacity: 1250M(100%)
[2026-04-03T02:26:59.396+0600][86.040s][info][gc,heap     ] GC(141) y: Soft Max Capacity: 1250M(100%)
[2026-04-03T02:26:59.396+0600][86.040s][info][gc,heap     ] GC(141) y: Heap Statistics:
[2026-04-03T02:26:59.396+0600][86.040s][info][gc,heap     ] GC(141) y:                Mark Start          Mark End        Relocate Start      Relocate End           High               Low         
[2026-04-03T02:26:59.396+0600][86.040s][info][gc,heap     ] GC(141) y:  Capacity:     1250M (100%)       1250M (100%)       1250M (100%)       1250M (100%)       1250M (100%)       1250M (100%)   
[2026-04-03T02:26:59.396+0600][86.040s][info][gc,heap     ] GC(141) y:      Free:       94M (8%)           14M (1%)          600M (48%)         962M (77%)         962M (77%)          14M (1%)     
[2026-04-03T02:26:59.396+0600][86.040s][info][gc,heap     ] GC(141) y:      Used:     1156M (92%)        1236M (99%)         650M (52%)         288M (23%)        1236M (99%)         288M (23%)    
[2026-04-03T02:26:59.396+0600][86.040s][info][gc,heap     ] GC(141) y: Young Generation Statistics:
[2026-04-03T02:26:59.396+0600][86.040s][info][gc,heap     ] GC(141) y:                Mark Start          Mark End        Relocate Start      Relocate End    
[2026-04-03T02:26:59.396+0600][86.040s][info][gc,heap     ] GC(141) y:      Used:      982M (79%)        1062M (85%)         476M (38%)         114M (9%)     
[2026-04-03T02:26:59.396+0600][86.041s][info][gc,heap     ] GC(141) y:      Live:         -                11M (1%)           11M (1%)           11M (1%)     
[2026-04-03T02:26:59.396+0600][86.041s][info][gc,heap     ] GC(141) y:   Garbage:         -               970M (78%)         380M (30%)           0M (0%)     
[2026-04-03T02:26:59.396+0600][86.041s][info][gc,heap     ] GC(141) y: Allocated:         -                80M (6%)           84M (7%)          102M (8%)     
[2026-04-03T02:26:59.396+0600][86.041s][info][gc,heap     ] GC(141) y: Reclaimed:         -                  -               590M (47%)         970M (78%)    
[2026-04-03T02:26:59.396+0600][86.041s][info][gc,heap     ] GC(141) y:  Promoted:         -                  -                 0M (0%)            0M (0%)     
[2026-04-03T02:26:59.396+0600][86.041s][info][gc,heap     ] GC(141) y: Compacted:         -                  -                  -                 9M (1%)     
[2026-04-03T02:26:59.396+0600][86.041s][info][gc,phases   ] GC(141) y: Young Generation 1156M(92%)->288M(23%) 0.041s
[2026-04-03T02:26:59.396+0600][86.041s][info][gc          ] GC(141) Minor Collection (Allocation Rate) 1156M(92%)->288M(23%) 0.042s
[2026-04-03T02:26:59.784+0600][86.429s][info][gc          ] GC(142) Minor Collection (Allocation Rate)
[2026-04-03T02:26:59.784+0600][86.429s][info][gc,task     ] GC(142) Using 1 Workers for Young Generation
[2026-04-03T02:26:59.784+0600][86.429s][info][gc,phases   ] GC(142) y: Young Generation
[2026-04-03T02:26:59.784+0600][86.429s][info][gc,phases   ] GC(142) y: Pause Mark Start 0.021ms
[2026-04-03T02:26:59.817+0600][86.462s][info][gc,phases   ] GC(142) y: Concurrent Mark 33.163ms
[2026-04-03T02:26:59.818+0600][86.462s][info][gc,phases   ] GC(142) y: Pause Mark End 0.018ms
[2026-04-03T02:26:59.818+0600][86.463s][info][gc,phases   ] GC(142) y: Concurrent Mark Free 0.002ms
[2026-04-03T02:26:59.818+0600][86.463s][info][gc,phases   ] GC(142) y: Concurrent Reset Relocation Set 0.010ms
[2026-04-03T02:26:59.819+0600][86.464s][info][gc,reloc    ] GC(142) y: Using tenuring threshold: 7 (Computed)
[2026-04-03T02:26:59.820+0600][86.465s][info][gc,phases   ] GC(142) y: Concurrent Select Relocation Set 2.166ms
[2026-04-03T02:26:59.820+0600][86.465s][info][gc,phases   ] GC(142) y: Pause Relocate Start 0.011ms
[2026-04-03T02:26:59.827+0600][86.471s][info][gc,phases   ] GC(142) y: Concurrent Relocate 6.202ms
[2026-04-03T02:26:59.827+0600][86.471s][info][gc,alloc    ] GC(142) y:                         Mark Start        Mark End      Relocate Start    Relocate End   
[2026-04-03T02:26:59.827+0600][86.471s][info][gc,alloc    ] GC(142) y: Allocation Stalls:          0                0                0                0         
[2026-04-03T02:26:59.827+0600][86.471s][info][gc,load     ] GC(142) y: Load: 5.35 (45%) / 5.90 (49%) / 5.86 (49%)
[2026-04-03T02:26:59.827+0600][86.471s][info][gc,mmu      ] GC(142) y: MMU: 2ms/95.2%, 5ms/97.6%, 10ms/98.8%, 20ms/99.4%, 50ms/99.6%, 100ms/99.8%
[2026-04-03T02:26:59.827+0600][86.471s][info][gc,marking  ] GC(142) y: Mark: 1 stripe(s), 2 proactive flush(es), 1 terminate flush(es), 0 completion(s), 0 continuation(s) 
[2026-04-03T02:26:59.827+0600][86.471s][info][gc,marking  ] GC(142) y: Mark Stack Usage: 32M
[2026-04-03T02:26:59.827+0600][86.471s][info][gc,nmethod  ] GC(142) y: NMethods: 14309 registered, 3624 unregistered
[2026-04-03T02:26:59.827+0600][86.471s][info][gc,metaspace] GC(142) y: Metaspace: 128M used, 130M committed, 1152M reserved
[2026-04-03T02:26:59.827+0600][86.472s][info][gc,reloc    ] GC(142) y:                        Candidates     Selected     In-Place         Size        Empty    Relocated 
[2026-04-03T02:26:59.827+0600][86.472s][info][gc,reloc    ] GC(142) y: Small Pages:                  254           97            0         508M         300M           4M 
[2026-04-03T02:26:59.827+0600][86.472s][info][gc,reloc    ] GC(142) y: Medium Pages:                   2            0            0          64M          64M           0M 
[2026-04-03T02:26:59.827+0600][86.472s][info][gc,reloc    ] GC(142) y: Large Pages:                   10            0            0          60M          54M           0M 
[2026-04-03T02:26:59.827+0600][86.472s][info][gc,reloc    ] GC(142) y: Forwarding Usage: 1M
[2026-04-03T02:26:59.827+0600][86.472s][info][gc,reloc    ] GC(142) y: Age Table:
[2026-04-03T02:26:59.827+0600][86.472s][info][gc,reloc    ] GC(142) y:                    Live             Garbage             Small              Medium             Large        
[2026-04-03T02:26:59.827+0600][86.472s][info][gc,reloc    ] GC(142) y: Eden               7M (1%)          594M (48%)        239 / 88             2 / 0             10 / 0        
[2026-04-03T02:26:59.827+0600][86.472s][info][gc,reloc    ] GC(142) y: Survivor 1         2M (0%)            3M (0%)           3 / 1              0 / 0              0 / 0        
[2026-04-03T02:26:59.827+0600][86.472s][info][gc,reloc    ] GC(142) y: Survivor 2         2M (0%)            5M (0%)           4 / 2              0 / 0              0 / 0        
[2026-04-03T02:26:59.827+0600][86.472s][info][gc,reloc    ] GC(142) y: Survivor 3         0M (0%)            1M (0%)           1 / 1              0 / 0              0 / 0        
[2026-04-03T02:26:59.827+0600][86.472s][info][gc,reloc    ] GC(142) y: Survivor 4         0M (0%)            3M (0%)           2 / 1              0 / 0              0 / 0        
[2026-04-03T02:26:59.827+0600][86.472s][info][gc,reloc    ] GC(142) y: Survivor 5         1M (0%)            0M (0%)           1 / 1              0 / 0              0 / 0        
[2026-04-03T02:26:59.827+0600][86.472s][info][gc,reloc    ] GC(142) y: Survivor 6         1M (0%)            6M (1%)           4 / 3              0 / 0              0 / 0        
[2026-04-03T02:26:59.827+0600][86.472s][info][gc,heap     ] GC(142) y: Min Capacity: 8M(1%)
[2026-04-03T02:26:59.827+0600][86.472s][info][gc,heap     ] GC(142) y: Max Capacity: 1250M(100%)
[2026-04-03T02:26:59.827+0600][86.472s][info][gc,heap     ] GC(142) y: Soft Max Capacity: 1250M(100%)
[2026-04-03T02:26:59.827+0600][86.472s][info][gc,heap     ] GC(142) y: Heap Statistics:
[2026-04-03T02:26:59.827+0600][86.472s][info][gc,heap     ] GC(142) y:                Mark Start          Mark End        Relocate Start      Relocate End           High               Low         
[2026-04-03T02:26:59.827+0600][86.472s][info][gc,heap     ] GC(142) y:  Capacity:     1250M (100%)       1250M (100%)       1250M (100%)       1250M (100%)       1250M (100%)       1250M (100%)   
[2026-04-03T02:26:59.827+0600][86.472s][info][gc,heap     ] GC(142) y:      Free:      444M (36%)         386M (31%)         802M (64%)         986M (79%)         986M (79%)         386M (31%)    
[2026-04-03T02:26:59.827+0600][86.472s][info][gc,heap     ] GC(142) y:      Used:      806M (64%)         864M (69%)         448M (36%)         264M (21%)         864M (69%)         264M (21%)    
[2026-04-03T02:26:59.827+0600][86.472s][info][gc,heap     ] GC(142) y: Young Generation Statistics:
[2026-04-03T02:26:59.827+0600][86.472s][info][gc,heap     ] GC(142) y:                Mark Start          Mark End        Relocate Start      Relocate End    
[2026-04-03T02:26:59.827+0600][86.472s][info][gc,heap     ] GC(142) y:      Used:      632M (51%)         690M (55%)         274M (22%)          90M (7%)     
[2026-04-03T02:26:59.827+0600][86.472s][info][gc,heap     ] GC(142) y:      Live:         -                16M (1%)           16M (1%)           16M (1%)     
[2026-04-03T02:26:59.827+0600][86.472s][info][gc,heap     ] GC(142) y:   Garbage:         -               615M (49%)         197M (16%)           1M (0%)     
[2026-04-03T02:26:59.827+0600][86.472s][info][gc,heap     ] GC(142) y: Allocated:         -                58M (5%)           60M (5%)           71M (6%)     
[2026-04-03T02:26:59.827+0600][86.472s][info][gc,heap     ] GC(142) y: Reclaimed:         -                  -               418M (33%)         613M (49%)    
[2026-04-03T02:26:59.827+0600][86.472s][info][gc,heap     ] GC(142) y:  Promoted:         -                  -                 0M (0%)            0M (0%)     
[2026-04-03T02:26:59.827+0600][86.472s][info][gc,heap     ] GC(142) y: Compacted:         -                  -                  -                 8M (1%)     
[2026-04-03T02:26:59.827+0600][86.472s][info][gc,phases   ] GC(142) y: Young Generation 806M(64%)->264M(21%) 0.043s
[2026-04-03T02:26:59.827+0600][86.472s][info][gc          ] GC(142) Minor Collection (Allocation Rate) 806M(64%)->270M(22%) 0.043s
[2026-04-03T02:26:59.870+0600][86.515s][info][gc          ] GC(143) Minor Collection (Allocation Rate)
[2026-04-03T02:26:59.870+0600][86.515s][info][gc,task     ] GC(143) Using 1 Workers for Young Generation
[2026-04-03T02:26:59.870+0600][86.515s][info][gc,phases   ] GC(143) y: Young Generation
[2026-04-03T02:26:59.871+0600][86.516s][info][gc,phases   ] GC(143) y: Pause Mark Start 0.026ms
[2026-04-03T02:26:59.919+0600][86.563s][info][gc,phases   ] GC(143) y: Concurrent Mark 47.691ms
[2026-04-03T02:26:59.919+0600][86.564s][info][gc,phases   ] GC(143) y: Pause Mark End 0.029ms
[2026-04-03T02:26:59.919+0600][86.564s][info][gc,phases   ] GC(143) y: Concurrent Mark Free 0.001ms
[2026-04-03T02:26:59.919+0600][86.564s][info][gc,phases   ] GC(143) y: Concurrent Reset Relocation Set 0.010ms
[2026-04-03T02:26:59.922+0600][86.566s][info][gc,reloc    ] GC(143) y: Using tenuring threshold: 2 (Computed)
[2026-04-03T02:26:59.926+0600][86.571s][info][gc,phases   ] GC(143) y: Concurrent Select Relocation Set 7.324ms
[2026-04-03T02:26:59.927+0600][86.571s][info][gc,phases   ] GC(143) y: Pause Relocate Start 0.057ms
[2026-04-03T02:26:59.941+0600][86.585s][info][gc,phases   ] GC(143) y: Concurrent Relocate 13.879ms
[2026-04-03T02:26:59.941+0600][86.586s][info][gc,alloc    ] GC(143) y:                         Mark Start        Mark End      Relocate Start    Relocate End   
[2026-04-03T02:26:59.941+0600][86.586s][info][gc,alloc    ] GC(143) y: Allocation Stalls:          0                0                0                0         
[2026-04-03T02:26:59.941+0600][86.586s][info][gc,load     ] GC(143) y: Load: 5.35 (45%) / 5.90 (49%) / 5.86 (49%)
[2026-04-03T02:26:59.941+0600][86.586s][info][gc,mmu      ] GC(143) y: MMU: 2ms/95.2%, 5ms/97.6%, 10ms/98.8%, 20ms/99.4%, 50ms/99.6%, 100ms/99.8%
[2026-04-03T02:26:59.941+0600][86.586s][info][gc,marking  ] GC(143) y: Mark: 1 stripe(s), 2 proactive flush(es), 1 terminate flush(es), 0 completion(s), 0 continuation(s) 
[2026-04-03T02:26:59.941+0600][86.586s][info][gc,marking  ] GC(143) y: Mark Stack Usage: 32M
[2026-04-03T02:26:59.941+0600][86.586s][info][gc,nmethod  ] GC(143) y: NMethods: 14312 registered, 3624 unregistered
[2026-04-03T02:26:59.941+0600][86.586s][info][gc,metaspace] GC(143) y: Metaspace: 128M used, 130M committed, 1152M reserved
[2026-04-03T02:26:59.941+0600][86.586s][info][gc,reloc    ] GC(143) y:                        Candidates     Selected     In-Place         Size        Empty    Relocated 
[2026-04-03T02:26:59.941+0600][86.586s][info][gc,reloc    ] GC(143) y: Small Pages:                   50           36            0         100M          10M           6M 
[2026-04-03T02:26:59.941+0600][86.586s][info][gc,reloc    ] GC(143) y: Medium Pages:                   1            0            0          32M          32M           0M 
[2026-04-03T02:26:59.941+0600][86.586s][info][gc,reloc    ] GC(143) y: Large Pages:                   51            0            0         306M         288M           0M 
[2026-04-03T02:26:59.941+0600][86.586s][info][gc,reloc    ] GC(143) y: Forwarding Usage: 0M
[2026-04-03T02:26:59.941+0600][86.586s][info][gc,reloc    ] GC(143) y: Age Table:
[2026-04-03T02:26:59.941+0600][86.586s][info][gc,reloc    ] GC(143) y:                    Live             Garbage             Small              Medium             Large        
[2026-04-03T02:26:59.941+0600][86.586s][info][gc,reloc    ] GC(143) y: Eden              22M (2%)          385M (31%)         38 / 31             1 / 0             50 / 0        
[2026-04-03T02:26:59.941+0600][86.586s][info][gc,reloc    ] GC(143) y: Survivor 1         1M (0%)            6M (1%)           1 / 0              0 / 0              1 / 0        
[2026-04-03T02:26:59.941+0600][86.586s][info][gc,reloc    ] GC(143) y: Survivor 2         2M (0%)            1M (0%)           2 / 1              0 / 0              0 / 0        
[2026-04-03T02:26:59.941+0600][86.586s][info][gc,reloc    ] GC(143) y: Survivor 3         2M (0%)            1M (0%)           2 / 0              0 / 0              0 / 0        
[2026-04-03T02:26:59.941+0600][86.586s][info][gc,reloc    ] GC(143) y: Survivor 4         0M (0%)            1M (0%)           1 / 1              0 / 0              0 / 0        
[2026-04-03T02:26:59.941+0600][86.586s][info][gc,reloc    ] GC(143) y: Survivor 5         0M (0%)            1M (0%)           1 / 0              0 / 0              0 / 0        
[2026-04-03T02:26:59.941+0600][86.586s][info][gc,reloc    ] GC(143) y: Survivor 6         1M (0%)            2M (0%)           2 / 0              0 / 0              0 / 0        
[2026-04-03T02:26:59.941+0600][86.586s][info][gc,reloc    ] GC(143) y: Survivor 7         1M (0%)            4M (0%)           3 / 3              0 / 0              0 / 0        
[2026-04-03T02:26:59.941+0600][86.586s][info][gc,heap     ] GC(143) y: Min Capacity: 8M(1%)
[2026-04-03T02:26:59.941+0600][86.586s][info][gc,heap     ] GC(143) y: Max Capacity: 1250M(100%)
[2026-04-03T02:26:59.941+0600][86.586s][info][gc,heap     ] GC(143) y: Soft Max Capacity: 1250M(100%)
[2026-04-03T02:26:59.941+0600][86.586s][info][gc,heap     ] GC(143) y: Heap Statistics:
[2026-04-03T02:26:59.941+0600][86.586s][info][gc,heap     ] GC(143) y:                Mark Start          Mark End        Relocate Start      Relocate End           High               Low         
[2026-04-03T02:26:59.941+0600][86.586s][info][gc,heap     ] GC(143) y:  Capacity:     1250M (100%)       1250M (100%)       1250M (100%)       1250M (100%)       1250M (100%)       1250M (100%)   
[2026-04-03T02:26:59.941+0600][86.586s][info][gc,heap     ] GC(143) y:      Free:      638M (51%)         460M (37%)         780M (62%)         846M (68%)         848M (68%)         454M (36%)    
[2026-04-03T02:26:59.941+0600][86.586s][info][gc,heap     ] GC(143) y:      Used:      612M (49%)         790M (63%)         470M (38%)         404M (32%)         796M (64%)         402M (32%)    
[2026-04-03T02:26:59.941+0600][86.586s][info][gc,heap     ] GC(143) y: Young Generation Statistics:
[2026-04-03T02:26:59.941+0600][86.586s][info][gc,heap     ] GC(143) y:                Mark Start          Mark End        Relocate Start      Relocate End    
[2026-04-03T02:26:59.941+0600][86.586s][info][gc,heap     ] GC(143) y:      Used:      438M (35%)         616M (49%)         292M (23%)         220M (18%)    
[2026-04-03T02:26:59.941+0600][86.586s][info][gc,heap     ] GC(143) y:      Live:         -                33M (3%)           29M (2%)           23M (2%)     
[2026-04-03T02:26:59.941+0600][86.586s][info][gc,heap     ] GC(143) y:   Garbage:         -               404M (32%)          74M (6%)            0M (0%)     
[2026-04-03T02:26:59.941+0600][86.586s][info][gc,heap     ] GC(143) y: Allocated:         -               178M (14%)         188M (15%)         195M (16%)    
[2026-04-03T02:26:59.941+0600][86.586s][info][gc,heap     ] GC(143) y: Reclaimed:         -                  -               330M (26%)         404M (32%)    
[2026-04-03T02:26:59.941+0600][86.586s][info][gc,heap     ] GC(143) y:  Promoted:         -                  -                 3M (0%)            9M (1%)     
[2026-04-03T02:26:59.941+0600][86.586s][info][gc,heap     ] GC(143) y: Compacted:         -                  -                  -                 4M (0%)     
[2026-04-03T02:26:59.941+0600][86.586s][info][gc,phases   ] GC(143) y: Young Generation 612M(49%)->404M(32%) 0.070s
[2026-04-03T02:26:59.941+0600][86.586s][info][gc          ] GC(143) Minor Collection (Allocation Rate) 612M(49%)->404M(32%) 0.071s
[2026-04-03T02:26:59.942+0600][86.586s][info][gc          ] GC(144) Minor Collection (Allocation Rate)
[2026-04-03T02:26:59.942+0600][86.586s][info][gc,task     ] GC(144) Using 1 Workers for Young Generation
[2026-04-03T02:26:59.942+0600][86.586s][info][gc,phases   ] GC(144) y: Young Generation
[2026-04-03T02:26:59.942+0600][86.586s][info][gc,phases   ] GC(144) y: Pause Mark Start 0.025ms
[2026-04-03T02:26:59.973+0600][86.618s][info][gc,phases   ] GC(144) y: Concurrent Mark 31.053ms
[2026-04-03T02:26:59.973+0600][86.618s][info][gc,phases   ] GC(144) y: Pause Mark End 0.028ms
[2026-04-03T02:26:59.974+0600][86.618s][info][gc,phases   ] GC(144) y: Concurrent Mark Free 0.002ms
[2026-04-03T02:26:59.974+0600][86.618s][info][gc,phases   ] GC(144) y: Concurrent Reset Relocation Set 0.027ms
[2026-04-03T02:26:59.976+0600][86.621s][info][gc,reloc    ] GC(144) y: Using tenuring threshold: 2 (Computed)
[2026-04-03T02:26:59.977+0600][86.622s][info][gc,phases   ] GC(144) y: Concurrent Select Relocation Set 3.741ms
[2026-04-03T02:26:59.978+0600][86.623s][info][gc,phases   ] GC(144) y: Pause Relocate Start 0.027ms
[2026-04-03T02:26:59.982+0600][86.627s][info][gc,phases   ] GC(144) y: Concurrent Relocate 3.798ms
[2026-04-03T02:26:59.982+0600][86.627s][info][gc,alloc    ] GC(144) y:                         Mark Start        Mark End      Relocate Start    Relocate End   
[2026-04-03T02:26:59.982+0600][86.627s][info][gc,alloc    ] GC(144) y: Allocation Stalls:          0                0                0                0         
[2026-04-03T02:26:59.982+0600][86.627s][info][gc,load     ] GC(144) y: Load: 5.35 (45%) / 5.90 (49%) / 5.86 (49%)
[2026-04-03T02:26:59.982+0600][86.627s][info][gc,mmu      ] GC(144) y: MMU: 2ms/95.2%, 5ms/97.6%, 10ms/98.8%, 20ms/99.4%, 50ms/99.6%, 100ms/99.8%
[2026-04-03T02:26:59.982+0600][86.627s][info][gc,marking  ] GC(144) y: Mark: 1 stripe(s), 2 proactive flush(es), 1 terminate flush(es), 0 completion(s), 0 continuation(s) 
[2026-04-03T02:26:59.982+0600][86.627s][info][gc,marking  ] GC(144) y: Mark Stack Usage: 32M
[2026-04-03T02:26:59.982+0600][86.627s][info][gc,nmethod  ] GC(144) y: NMethods: 14312 registered, 3624 unregistered
[2026-04-03T02:26:59.982+0600][86.627s][info][gc,metaspace] GC(144) y: Metaspace: 128M used, 130M committed, 1152M reserved
[2026-04-03T02:26:59.982+0600][86.627s][info][gc,reloc    ] GC(144) y:                        Candidates     Selected     In-Place         Size        Empty    Relocated 
[2026-04-03T02:26:59.982+0600][86.627s][info][gc,reloc    ] GC(144) y: Small Pages:                   34           30            0          68M           4M           1M 
[2026-04-03T02:26:59.982+0600][86.627s][info][gc,reloc    ] GC(144) y: Medium Pages:                   1            0            0          32M          32M           0M 
[2026-04-03T02:26:59.982+0600][86.627s][info][gc,reloc    ] GC(144) y: Large Pages:                   20            0            0         120M         120M           0M 
[2026-04-03T02:26:59.982+0600][86.627s][info][gc,reloc    ] GC(144) y: Forwarding Usage: 0M
[2026-04-03T02:26:59.982+0600][86.627s][info][gc,reloc    ] GC(144) y: Age Table:
[2026-04-03T02:26:59.982+0600][86.627s][info][gc,reloc    ] GC(144) y:                    Live             Garbage             Small              Medium             Large        
[2026-04-03T02:26:59.982+0600][86.627s][info][gc,reloc    ] GC(144) y: Eden               0M (0%)          191M (15%)         29 / 27             1 / 0             17 / 0        
[2026-04-03T02:26:59.982+0600][86.627s][info][gc,reloc    ] GC(144) y: Survivor 1         0M (0%)           25M (2%)           4 / 3              0 / 0              3 / 0        
[2026-04-03T02:26:59.982+0600][86.627s][info][gc,reloc    ] GC(144) y: Survivor 2         1M (0%)            0M (0%)           1 / 0              0 / 0              0 / 0        
[2026-04-03T02:26:59.982+0600][86.627s][info][gc,heap     ] GC(144) y: Min Capacity: 8M(1%)
[2026-04-03T02:26:59.982+0600][86.627s][info][gc,heap     ] GC(144) y: Max Capacity: 1250M(100%)
[2026-04-03T02:26:59.982+0600][86.627s][info][gc,heap     ] GC(144) y: Soft Max Capacity: 1250M(100%)
[2026-04-03T02:26:59.982+0600][86.627s][info][gc,heap     ] GC(144) y: Heap Statistics:
[2026-04-03T02:26:59.982+0600][86.627s][info][gc,heap     ] GC(144) y:                Mark Start          Mark End        Relocate Start      Relocate End           High               Low         
[2026-04-03T02:26:59.982+0600][86.627s][info][gc,heap     ] GC(144) y:  Capacity:     1250M (100%)       1250M (100%)       1250M (100%)       1250M (100%)       1250M (100%)       1250M (100%)   
[2026-04-03T02:26:59.982+0600][86.627s][info][gc,heap     ] GC(144) y:      Free:      846M (68%)         630M (50%)         718M (57%)         706M (56%)         846M (68%)         592M (47%)    
[2026-04-03T02:26:59.982+0600][86.627s][info][gc,heap     ] GC(144) y:      Used:      404M (32%)         620M (50%)         532M (43%)         544M (44%)         658M (53%)         404M (32%)    
[2026-04-03T02:26:59.982+0600][86.627s][info][gc,heap     ] GC(144) y: Young Generation Statistics:
[2026-04-03T02:26:59.982+0600][86.627s][info][gc,heap     ] GC(144) y:                Mark Start          Mark End        Relocate Start      Relocate End    
[2026-04-03T02:26:59.982+0600][86.627s][info][gc,heap     ] GC(144) y:      Used:      220M (18%)         436M (35%)         346M (28%)         358M (29%)    
[2026-04-03T02:26:59.982+0600][86.627s][info][gc,heap     ] GC(144) y:      Live:         -                 2M (0%)            1M (0%)            1M (0%)     
[2026-04-03T02:26:59.982+0600][86.627s][info][gc,heap     ] GC(144) y:   Garbage:         -               217M (17%)          60M (5%)            0M (0%)     
[2026-04-03T02:26:59.983+0600][86.627s][info][gc,heap     ] GC(144) y: Allocated:         -               216M (17%)         284M (23%)         356M (29%)    
[2026-04-03T02:26:59.983+0600][86.627s][info][gc,heap     ] GC(144) y: Reclaimed:         -                  -               156M (13%)         217M (17%)    
[2026-04-03T02:26:59.983+0600][86.627s][info][gc,heap     ] GC(144) y:  Promoted:         -                  -                 1M (0%)            1M (0%)     
[2026-04-03T02:26:59.983+0600][86.627s][info][gc,heap     ] GC(144) y: Compacted:         -                  -                  -                 1M (0%)     
[2026-04-03T02:26:59.983+0600][86.627s][info][gc,phases   ] GC(144) y: Young Generation 404M(32%)->544M(44%) 0.040s
[2026-04-03T02:26:59.983+0600][86.627s][info][gc          ] GC(144) Minor Collection (Allocation Rate) 404M(32%)->562M(45%) 0.041s
[2026-04-03T02:26:59.983+0600][86.627s][info][gc          ] GC(145) Minor Collection (Allocation Rate)
[2026-04-03T02:26:59.983+0600][86.627s][info][gc,task     ] GC(145) Using 2 Workers for Young Generation
[2026-04-03T02:26:59.983+0600][86.627s][info][gc,phases   ] GC(145) y: Young Generation
[2026-04-03T02:26:59.983+0600][86.628s][info][gc,phases   ] GC(145) y: Pause Mark Start 0.027ms
[2026-04-03T02:27:00.010+0600][86.655s][info][gc,phases   ] GC(145) y: Concurrent Mark 27.065ms
[2026-04-03T02:27:00.011+0600][86.655s][info][gc,phases   ] GC(145) y: Pause Mark End 0.025ms
[2026-04-03T02:27:00.011+0600][86.655s][info][gc,phases   ] GC(145) y: Concurrent Mark Free 0.003ms
[2026-04-03T02:27:00.011+0600][86.655s][info][gc,phases   ] GC(145) y: Concurrent Reset Relocation Set 0.014ms
[2026-04-03T02:27:00.017+0600][86.662s][info][gc,reloc    ] GC(145) y: Using tenuring threshold: 2 (Computed)
[2026-04-03T02:27:00.018+0600][86.663s][info][gc,phases   ] GC(145) y: Concurrent Select Relocation Set 7.194ms
[2026-04-03T02:27:00.018+0600][86.663s][info][gc,phases   ] GC(145) y: Pause Relocate Start 0.024ms
[2026-04-03T02:27:00.022+0600][86.667s][info][gc,phases   ] GC(145) y: Concurrent Relocate 4.065ms
[2026-04-03T02:27:00.022+0600][86.667s][info][gc,alloc    ] GC(145) y:                         Mark Start        Mark End      Relocate Start    Relocate End   
[2026-04-03T02:27:00.022+0600][86.667s][info][gc,alloc    ] GC(145) y: Allocation Stalls:          0                0                0                0         
[2026-04-03T02:27:00.022+0600][86.667s][info][gc,load     ] GC(145) y: Load: 5.35 (45%) / 5.90 (49%) / 5.86 (49%)
[2026-04-03T02:27:00.023+0600][86.667s][info][gc,mmu      ] GC(145) y: MMU: 2ms/95.2%, 5ms/97.6%, 10ms/98.8%, 20ms/99.4%, 50ms/99.6%, 100ms/99.8%
[2026-04-03T02:27:00.023+0600][86.667s][info][gc,marking  ] GC(145) y: Mark: 2 stripe(s), 2 proactive flush(es), 1 terminate flush(es), 0 completion(s), 0 continuation(s) 
[2026-04-03T02:27:00.023+0600][86.667s][info][gc,marking  ] GC(145) y: Mark Stack Usage: 32M
[2026-04-03T02:27:00.023+0600][86.667s][info][gc,nmethod  ] GC(145) y: NMethods: 14313 registered, 3624 unregistered
[2026-04-03T02:27:00.023+0600][86.667s][info][gc,metaspace] GC(145) y: Metaspace: 128M used, 130M committed, 1152M reserved
[2026-04-03T02:27:00.023+0600][86.667s][info][gc,reloc    ] GC(145) y:                        Candidates     Selected     In-Place         Size        Empty    Relocated 
[2026-04-03T02:27:00.023+0600][86.667s][info][gc,reloc    ] GC(145) y: Small Pages:                   22           18            0          44M           0M           3M 
[2026-04-03T02:27:00.023+0600][86.667s][info][gc,reloc    ] GC(145) y: Medium Pages:                   1            0            0          32M          32M           0M 
[2026-04-03T02:27:00.023+0600][86.667s][info][gc,reloc    ] GC(145) y: Large Pages:                   51            0            0         306M         282M           0M 
[2026-04-03T02:27:00.023+0600][86.667s][info][gc,reloc    ] GC(145) y: Forwarding Usage: 0M
[2026-04-03T02:27:00.023+0600][86.667s][info][gc,reloc    ] GC(145) y: Age Table:
[2026-04-03T02:27:00.023+0600][86.667s][info][gc,reloc    ] GC(145) y:                    Live             Garbage             Small              Medium             Large        
[2026-04-03T02:27:00.023+0600][86.667s][info][gc,reloc    ] GC(145) y: Eden              27M (2%)          340M (27%)         15 / 12             1 / 0             51 / 0        
[2026-04-03T02:27:00.023+0600][86.667s][info][gc,reloc    ] GC(145) y: Survivor 1         0M (0%)            1M (0%)           1 / 1              0 / 0              0 / 0        
[2026-04-03T02:27:00.023+0600][86.667s][info][gc,reloc    ] GC(145) y: Survivor 2         0M (0%)           11M (1%)           6 / 5              0 / 0              0 / 0        
[2026-04-03T02:27:00.023+0600][86.667s][info][gc,heap     ] GC(145) y: Min Capacity: 8M(1%)
[2026-04-03T02:27:00.023+0600][86.668s][info][gc,heap     ] GC(145) y: Max Capacity: 1250M(100%)
[2026-04-03T02:27:00.023+0600][86.668s][info][gc,heap     ] GC(145) y: Soft Max Capacity: 1250M(100%)
[2026-04-03T02:27:00.023+0600][86.668s][info][gc,heap     ] GC(145) y: Heap Statistics:
[2026-04-03T02:27:00.023+0600][86.668s][info][gc,heap     ] GC(145) y:                Mark Start          Mark End        Relocate Start      Relocate End           High               Low         
[2026-04-03T02:27:00.023+0600][86.668s][info][gc,heap     ] GC(145) y:  Capacity:     1250M (100%)       1250M (100%)       1250M (100%)       1250M (100%)       1250M (100%)       1250M (100%)   
[2026-04-03T02:27:00.023+0600][86.668s][info][gc,heap     ] GC(145) y:      Free:      682M (55%)         532M (43%)         830M (66%)         846M (68%)         852M (68%)         516M (41%)    
[2026-04-03T02:27:00.023+0600][86.668s][info][gc,heap     ] GC(145) y:      Used:      568M (45%)         718M (57%)         420M (34%)         404M (32%)         734M (59%)         398M (32%)    
[2026-04-03T02:27:00.023+0600][86.668s][info][gc,heap     ] GC(145) y: Young Generation Statistics:
[2026-04-03T02:27:00.023+0600][86.668s][info][gc,heap     ] GC(145) y:                Mark Start          Mark End        Relocate Start      Relocate End    
[2026-04-03T02:27:00.023+0600][86.668s][info][gc,heap     ] GC(145) y:      Used:      382M (31%)         532M (43%)         232M (19%)         214M (17%)    
[2026-04-03T02:27:00.023+0600][86.668s][info][gc,heap     ] GC(145) y:      Live:         -                29M (2%)           28M (2%)           28M (2%)     
[2026-04-03T02:27:00.023+0600][86.668s][info][gc,heap     ] GC(145) y:   Garbage:         -               352M (28%)          37M (3%)            0M (0%)     
[2026-04-03T02:27:00.023+0600][86.668s][info][gc,heap     ] GC(145) y: Allocated:         -               150M (12%)         166M (13%)         185M (15%)    
[2026-04-03T02:27:00.023+0600][86.668s][info][gc,heap     ] GC(145) y: Reclaimed:         -                  -               315M (25%)         352M (28%)    
[2026-04-03T02:27:00.023+0600][86.668s][info][gc,heap     ] GC(145) y:  Promoted:         -                  -                 0M (0%)            0M (0%)     
[2026-04-03T02:27:00.023+0600][86.668s][info][gc,heap     ] GC(145) y: Compacted:         -                  -                  -                 4M (0%)     
[2026-04-03T02:27:00.023+0600][86.668s][info][gc,phases   ] GC(145) y: Young Generation 562M(45%)->404M(32%) 0.040s
[2026-04-03T02:27:00.023+0600][86.668s][info][gc          ] GC(145) Minor Collection (Allocation Rate) 562M(45%)->404M(32%) 0.040s
[2026-04-03T02:27:00.085+0600][86.730s][info][gc          ] GC(146) Minor Collection (Allocation Rate)
[2026-04-03T02:27:00.085+0600][86.730s][info][gc,task     ] GC(146) Using 3 Workers for Young Generation
[2026-04-03T02:27:00.085+0600][86.730s][info][gc,phases   ] GC(146) y: Young Generation
[2026-04-03T02:27:00.085+0600][86.730s][info][gc,phases   ] GC(146) y: Pause Mark Start 0.022ms
[2026-04-03T02:27:00.104+0600][86.749s][info][gc,phases   ] GC(146) y: Concurrent Mark 19.284ms
[2026-04-03T02:27:00.105+0600][86.749s][info][gc,phases   ] GC(146) y: Pause Mark End 0.026ms
[2026-04-03T02:27:00.105+0600][86.750s][info][gc,phases   ] GC(146) y: Concurrent Mark Free 0.003ms
[2026-04-03T02:27:00.105+0600][86.750s][info][gc,phases   ] GC(146) y: Concurrent Reset Relocation Set 0.010ms
[2026-04-03T02:27:00.107+0600][86.752s][info][gc,reloc    ] GC(146) y: Using tenuring threshold: 2 (Computed)
[2026-04-03T02:27:00.108+0600][86.752s][info][gc,phases   ] GC(146) y: Concurrent Select Relocation Set 2.698ms
[2026-04-03T02:27:00.108+0600][86.753s][info][gc,phases   ] GC(146) y: Pause Relocate Start 0.012ms
[2026-04-03T02:27:00.109+0600][86.754s][info][gc,phases   ] GC(146) y: Concurrent Relocate 1.242ms
[2026-04-03T02:27:00.109+0600][86.754s][info][gc,alloc    ] GC(146) y:                         Mark Start        Mark End      Relocate Start    Relocate End   
[2026-04-03T02:27:00.109+0600][86.754s][info][gc,alloc    ] GC(146) y: Allocation Stalls:          0                0                0                0         
[2026-04-03T02:27:00.109+0600][86.754s][info][gc,load     ] GC(146) y: Load: 5.35 (45%) / 5.90 (49%) / 5.86 (49%)
[2026-04-03T02:27:00.109+0600][86.754s][info][gc,mmu      ] GC(146) y: MMU: 2ms/95.2%, 5ms/97.6%, 10ms/98.8%, 20ms/99.4%, 50ms/99.6%, 100ms/99.8%
[2026-04-03T02:27:00.109+0600][86.754s][info][gc,marking  ] GC(146) y: Mark: 2 stripe(s), 2 proactive flush(es), 1 terminate flush(es), 0 completion(s), 0 continuation(s) 
[2026-04-03T02:27:00.109+0600][86.754s][info][gc,marking  ] GC(146) y: Mark Stack Usage: 32M
[2026-04-03T02:27:00.109+0600][86.754s][info][gc,nmethod  ] GC(146) y: NMethods: 14316 registered, 3624 unregistered
[2026-04-03T02:27:00.109+0600][86.754s][info][gc,metaspace] GC(146) y: Metaspace: 128M used, 130M committed, 1152M reserved
[2026-04-03T02:27:00.109+0600][86.754s][info][gc,reloc    ] GC(146) y:                        Candidates     Selected     In-Place         Size        Empty    Relocated 
[2026-04-03T02:27:00.109+0600][86.754s][info][gc,reloc    ] GC(146) y: Small Pages:                   51           42            0         102M          16M           1M 
[2026-04-03T02:27:00.109+0600][86.754s][info][gc,reloc    ] GC(146) y: Medium Pages:                   1            0            0          32M          32M           0M 
[2026-04-03T02:27:00.109+0600][86.754s][info][gc,reloc    ] GC(146) y: Large Pages:                   21            0            0         126M         120M           0M 
[2026-04-03T02:27:00.109+0600][86.754s][info][gc,reloc    ] GC(146) y: Forwarding Usage: 0M
[2026-04-03T02:27:00.109+0600][86.754s][info][gc,reloc    ] GC(146) y: Age Table:
[2026-04-03T02:27:00.109+0600][86.754s][info][gc,reloc    ] GC(146) y:                    Live             Garbage             Small              Medium             Large        
[2026-04-03T02:27:00.109+0600][86.754s][info][gc,reloc    ] GC(146) y: Eden               7M (1%)          220M (18%)         47 / 39             1 / 0             17 / 0        
[2026-04-03T02:27:00.109+0600][86.754s][info][gc,reloc    ] GC(146) y: Survivor 1         0M (0%)           29M (2%)           3 / 2              0 / 0              4 / 0        
[2026-04-03T02:27:00.109+0600][86.754s][info][gc,reloc    ] GC(146) y: Survivor 2         0M (0%)            1M (0%)           1 / 1              0 / 0              0 / 0        
[2026-04-03T02:27:00.109+0600][86.754s][info][gc,heap     ] GC(146) y: Min Capacity: 8M(1%)
[2026-04-03T02:27:00.109+0600][86.754s][info][gc,heap     ] GC(146) y: Max Capacity: 1250M(100%)
[2026-04-03T02:27:00.109+0600][86.754s][info][gc,heap     ] GC(146) y: Soft Max Capacity: 1250M(100%)
[2026-04-03T02:27:00.109+0600][86.754s][info][gc,heap     ] GC(146) y: Heap Statistics:
[2026-04-03T02:27:00.109+0600][86.754s][info][gc,heap     ] GC(146) y:                Mark Start          Mark End        Relocate Start      Relocate End           High               Low         
[2026-04-03T02:27:00.109+0600][86.754s][info][gc,heap     ] GC(146) y:  Capacity:     1250M (100%)       1250M (100%)       1250M (100%)       1250M (100%)       1250M (100%)       1250M (100%)   
[2026-04-03T02:27:00.109+0600][86.754s][info][gc,heap     ] GC(146) y:      Free:      800M (64%)         776M (62%)         944M (76%)        1002M (80%)        1002M (80%)         776M (62%)    
[2026-04-03T02:27:00.110+0600][86.754s][info][gc,heap     ] GC(146) y:      Used:      450M (36%)         474M (38%)         306M (24%)         248M (20%)         474M (38%)         248M (20%)    
[2026-04-03T02:27:00.110+0600][86.754s][info][gc,heap     ] GC(146) y: Young Generation Statistics:
[2026-04-03T02:27:00.110+0600][86.754s][info][gc,heap     ] GC(146) y:                Mark Start          Mark End        Relocate Start      Relocate End    
[2026-04-03T02:27:00.110+0600][86.754s][info][gc,heap     ] GC(146) y:      Used:      260M (21%)         284M (23%)         116M (9%)           56M (4%)     
[2026-04-03T02:27:00.110+0600][86.754s][info][gc,heap     ] GC(146) y:      Live:         -                 7M (1%)            7M (1%)            7M (1%)     
[2026-04-03T02:27:00.110+0600][86.754s][info][gc,heap     ] GC(146) y:   Garbage:         -               252M (20%)          84M (7%)            0M (0%)     
[2026-04-03T02:27:00.110+0600][86.754s][info][gc,heap     ] GC(146) y: Allocated:         -                24M (2%)           24M (2%)           48M (4%)     
[2026-04-03T02:27:00.110+0600][86.754s][info][gc,heap     ] GC(146) y: Reclaimed:         -                  -               168M (13%)         252M (20%)    
[2026-04-03T02:27:00.110+0600][86.754s][info][gc,heap     ] GC(146) y:  Promoted:         -                  -                 0M (0%)            0M (0%)     
[2026-04-03T02:27:00.110+0600][86.754s][info][gc,heap     ] GC(146) y: Compacted:         -                  -                  -                 1M (0%)     
[2026-04-03T02:27:00.110+0600][86.754s][info][gc,phases   ] GC(146) y: Young Generation 450M(36%)->248M(20%) 0.024s
[2026-04-03T02:27:00.110+0600][86.754s][info][gc          ] GC(146) Minor Collection (Allocation Rate) 450M(36%)->248M(20%) 0.025s
[2026-04-03T02:27:00.204+0600][86.849s][info][gc          ] GC(147) Minor Collection (Allocation Rate)
[2026-04-03T02:27:00.204+0600][86.849s][info][gc,task     ] GC(147) Using 2 Workers for Young Generation
[2026-04-03T02:27:00.204+0600][86.849s][info][gc,phases   ] GC(147) y: Young Generation
[2026-04-03T02:27:00.205+0600][86.849s][info][gc,phases   ] GC(147) y: Pause Mark Start 0.026ms
[2026-04-03T02:27:00.223+0600][86.867s][info][gc,phases   ] GC(147) y: Concurrent Mark 18.106ms
[2026-04-03T02:27:00.223+0600][86.868s][info][gc,phases   ] GC(147) y: Pause Mark End 0.022ms
[2026-04-03T02:27:00.223+0600][86.868s][info][gc,phases   ] GC(147) y: Concurrent Mark Free 0.002ms
[2026-04-03T02:27:00.223+0600][86.868s][info][gc,phases   ] GC(147) y: Concurrent Reset Relocation Set 0.010ms
[2026-04-03T02:27:00.225+0600][86.870s][info][gc,reloc    ] GC(147) y: Using tenuring threshold: 3 (Computed)
[2026-04-03T02:27:00.225+0600][86.870s][info][gc,phases   ] GC(147) y: Concurrent Select Relocation Set 1.880ms
[2026-04-03T02:27:00.225+0600][86.870s][info][gc,phases   ] GC(147) y: Pause Relocate Start 0.016ms
[2026-04-03T02:27:00.226+0600][86.871s][info][gc,phases   ] GC(147) y: Concurrent Relocate 0.991ms
[2026-04-03T02:27:00.226+0600][86.871s][info][gc,alloc    ] GC(147) y:                         Mark Start        Mark End      Relocate Start    Relocate End   
[2026-04-03T02:27:00.226+0600][86.871s][info][gc,alloc    ] GC(147) y: Allocation Stalls:          0                0                0                0         
[2026-04-03T02:27:00.226+0600][86.871s][info][gc,load     ] GC(147) y: Load: 5.35 (45%) / 5.90 (49%) / 5.86 (49%)
[2026-04-03T02:27:00.226+0600][86.871s][info][gc,mmu      ] GC(147) y: MMU: 2ms/95.2%, 5ms/97.6%, 10ms/98.8%, 20ms/99.4%, 50ms/99.6%, 100ms/99.8%
[2026-04-03T02:27:00.226+0600][86.871s][info][gc,marking  ] GC(147) y: Mark: 2 stripe(s), 2 proactive flush(es), 1 terminate flush(es), 0 completion(s), 0 continuation(s) 
[2026-04-03T02:27:00.226+0600][86.871s][info][gc,marking  ] GC(147) y: Mark Stack Usage: 32M
[2026-04-03T02:27:00.226+0600][86.871s][info][gc,nmethod  ] GC(147) y: NMethods: 14327 registered, 3624 unregistered
[2026-04-03T02:27:00.226+0600][86.871s][info][gc,metaspace] GC(147) y: Metaspace: 128M used, 130M committed, 1152M reserved
[2026-04-03T02:27:00.226+0600][86.871s][info][gc,reloc    ] GC(147) y:                        Candidates     Selected     In-Place         Size        Empty    Relocated 
[2026-04-03T02:27:00.226+0600][86.871s][info][gc,reloc    ] GC(147) y: Small Pages:                   39           38            0          78M           0M           1M 
[2026-04-03T02:27:00.226+0600][86.871s][info][gc,reloc    ] GC(147) y: Medium Pages:                   1            0            0          32M          32M           0M 
[2026-04-03T02:27:00.226+0600][86.871s][info][gc,reloc    ] GC(147) y: Large Pages:                    3            0            0          18M          18M           0M 
[2026-04-03T02:27:00.226+0600][86.871s][info][gc,reloc    ] GC(147) y: Forwarding Usage: 0M
[2026-04-03T02:27:00.226+0600][86.871s][info][gc,reloc    ] GC(147) y: Age Table:
[2026-04-03T02:27:00.226+0600][86.871s][info][gc,reloc    ] GC(147) y:                    Live             Garbage             Small              Medium             Large        
[2026-04-03T02:27:00.226+0600][86.871s][info][gc,reloc    ] GC(147) y: Eden               0M (0%)           95M (8%)          26 / 25             1 / 0              2 / 0        
[2026-04-03T02:27:00.226+0600][86.871s][info][gc,reloc    ] GC(147) y: Survivor 1         0M (0%)           27M (2%)          11 / 11             0 / 0              1 / 0        
[2026-04-03T02:27:00.226+0600][86.871s][info][gc,reloc    ] GC(147) y: Survivor 2         0M (0%)            3M (0%)           2 / 2              0 / 0              0 / 0        
[2026-04-03T02:27:00.226+0600][86.871s][info][gc,heap     ] GC(147) y: Min Capacity: 8M(1%)
[2026-04-03T02:27:00.226+0600][86.871s][info][gc,heap     ] GC(147) y: Max Capacity: 1250M(100%)
[2026-04-03T02:27:00.226+0600][86.871s][info][gc,heap     ] GC(147) y: Soft Max Capacity: 1250M(100%)
[2026-04-03T02:27:00.226+0600][86.871s][info][gc,heap     ] GC(147) y: Heap Statistics:
[2026-04-03T02:27:00.226+0600][86.871s][info][gc,heap     ] GC(147) y:                Mark Start          Mark End        Relocate Start      Relocate End           High               Low         
[2026-04-03T02:27:00.226+0600][86.871s][info][gc,heap     ] GC(147) y:  Capacity:     1250M (100%)       1250M (100%)       1250M (100%)       1250M (100%)       1250M (100%)       1250M (100%)   
[2026-04-03T02:27:00.226+0600][86.871s][info][gc,heap     ] GC(147) y:      Free:      930M (74%)         916M (73%)         966M (77%)        1034M (83%)        1034M (83%)         916M (73%)    
[2026-04-03T02:27:00.226+0600][86.871s][info][gc,heap     ] GC(147) y:      Used:      320M (26%)         334M (27%)         284M (23%)         216M (17%)         334M (27%)         216M (17%)    
[2026-04-03T02:27:00.226+0600][86.871s][info][gc,heap     ] GC(147) y: Young Generation Statistics:
[2026-04-03T02:27:00.226+0600][86.871s][info][gc,heap     ] GC(147) y:                Mark Start          Mark End        Relocate Start      Relocate End    
[2026-04-03T02:27:00.226+0600][86.871s][info][gc,heap     ] GC(147) y:      Used:      128M (10%)         142M (11%)          92M (7%)           24M (2%)     
[2026-04-03T02:27:00.226+0600][86.871s][info][gc,heap     ] GC(147) y:      Live:         -                 1M (0%)            1M (0%)            1M (0%)     
[2026-04-03T02:27:00.226+0600][86.871s][info][gc,heap     ] GC(147) y:   Garbage:         -               126M (10%)          76M (6%)            0M (0%)     
[2026-04-03T02:27:00.226+0600][86.871s][info][gc,heap     ] GC(147) y: Allocated:         -                14M (1%)           14M (1%)           22M (2%)     
[2026-04-03T02:27:00.226+0600][86.871s][info][gc,heap     ] GC(147) y: Reclaimed:         -                  -                50M (4%)          126M (10%)    
[2026-04-03T02:27:00.226+0600][86.871s][info][gc,heap     ] GC(147) y:  Promoted:         -                  -                 0M (0%)            0M (0%)     
[2026-04-03T02:27:00.226+0600][86.871s][info][gc,heap     ] GC(147) y: Compacted:         -                  -                  -                 1M (0%)     
[2026-04-03T02:27:00.226+0600][86.871s][info][gc,phases   ] GC(147) y: Young Generation 320M(26%)->216M(17%) 0.022s
[2026-04-03T02:27:00.226+0600][86.871s][info][gc          ] GC(147) Minor Collection (Allocation Rate) 320M(26%)->216M(17%) 0.022s
[2026-04-03T02:27:00.810+0600][87.454s][info][gc          ] GC(148) Minor Collection (Allocation Rate)
[2026-04-03T02:27:00.810+0600][87.455s][info][gc,task     ] GC(148) Using 2 Workers for Young Generation
[2026-04-03T02:27:00.810+0600][87.455s][info][gc,phases   ] GC(148) y: Young Generation
[2026-04-03T02:27:00.810+0600][87.455s][info][gc,phases   ] GC(148) y: Pause Mark Start 0.034ms
[2026-04-03T02:27:00.839+0600][87.484s][info][gc,phases   ] GC(148) y: Concurrent Mark 28.958ms
[2026-04-03T02:27:00.840+0600][87.484s][info][gc,phases   ] GC(148) y: Pause Mark End 0.097ms
[2026-04-03T02:27:00.840+0600][87.485s][info][gc,phases   ] GC(148) y: Concurrent Mark Free 0.004ms
[2026-04-03T02:27:00.840+0600][87.485s][info][gc,phases   ] GC(148) y: Concurrent Reset Relocation Set 0.010ms
[2026-04-03T02:27:00.846+0600][87.491s][info][gc,reloc    ] GC(148) y: Using tenuring threshold: 4 (Computed)
[2026-04-03T02:27:00.846+0600][87.491s][info][gc,phases   ] GC(148) y: Concurrent Select Relocation Set 6.281ms
[2026-04-03T02:27:00.847+0600][87.491s][info][gc,phases   ] GC(148) y: Pause Relocate Start 0.029ms
[2026-04-03T02:27:00.851+0600][87.496s][info][gc,phases   ] GC(148) y: Concurrent Relocate 4.498ms
[2026-04-03T02:27:00.851+0600][87.496s][info][gc,alloc    ] GC(148) y:                         Mark Start        Mark End      Relocate Start    Relocate End   
[2026-04-03T02:27:00.851+0600][87.496s][info][gc,alloc    ] GC(148) y: Allocation Stalls:          0                0                0                0         
[2026-04-03T02:27:00.851+0600][87.496s][info][gc,load     ] GC(148) y: Load: 5.35 (45%) / 5.90 (49%) / 5.86 (49%)
[2026-04-03T02:27:00.851+0600][87.496s][info][gc,mmu      ] GC(148) y: MMU: 2ms/95.1%, 5ms/97.6%, 10ms/98.7%, 20ms/99.4%, 50ms/99.6%, 100ms/99.8%
[2026-04-03T02:27:00.851+0600][87.496s][info][gc,marking  ] GC(148) y: Mark: 2 stripe(s), 2 proactive flush(es), 1 terminate flush(es), 0 completion(s), 0 continuation(s) 
[2026-04-03T02:27:00.851+0600][87.496s][info][gc,marking  ] GC(148) y: Mark Stack Usage: 32M
[2026-04-03T02:27:00.851+0600][87.496s][info][gc,nmethod  ] GC(148) y: NMethods: 14348 registered, 3624 unregistered
[2026-04-03T02:27:00.851+0600][87.496s][info][gc,metaspace] GC(148) y: Metaspace: 128M used, 130M committed, 1152M reserved
[2026-04-03T02:27:00.851+0600][87.496s][info][gc,reloc    ] GC(148) y:                        Candidates     Selected     In-Place         Size        Empty    Relocated 
[2026-04-03T02:27:00.851+0600][87.496s][info][gc,reloc    ] GC(148) y: Small Pages:                  192          160            0         384M          56M           5M 
[2026-04-03T02:27:00.851+0600][87.496s][info][gc,reloc    ] GC(148) y: Medium Pages:                   2            0            0          64M          64M           0M 
[2026-04-03T02:27:00.851+0600][87.496s][info][gc,reloc    ] GC(148) y: Large Pages:                    7            0            0          42M          42M           0M 
[2026-04-03T02:27:00.851+0600][87.496s][info][gc,reloc    ] GC(148) y: Forwarding Usage: 1M
[2026-04-03T02:27:00.852+0600][87.496s][info][gc,reloc    ] GC(148) y: Age Table:
[2026-04-03T02:27:00.852+0600][87.496s][info][gc,reloc    ] GC(148) y:                    Live             Garbage             Small              Medium             Large        
[2026-04-03T02:27:00.852+0600][87.496s][info][gc,reloc    ] GC(148) y: Eden               4M (0%)          475M (38%)        187 / 156            2 / 0              7 / 0        
[2026-04-03T02:27:00.852+0600][87.496s][info][gc,reloc    ] GC(148) y: Survivor 1         0M (0%)            3M (0%)           2 / 1              0 / 0              0 / 0        
[2026-04-03T02:27:00.852+0600][87.496s][info][gc,reloc    ] GC(148) y: Survivor 2         0M (0%)            3M (0%)           2 / 2              0 / 0              0 / 0        
[2026-04-03T02:27:00.852+0600][87.496s][info][gc,reloc    ] GC(148) y: Survivor 3         0M (0%)            1M (0%)           1 / 1              0 / 0              0 / 0        
[2026-04-03T02:27:00.852+0600][87.496s][info][gc,heap     ] GC(148) y: Min Capacity: 8M(1%)
[2026-04-03T02:27:00.852+0600][87.496s][info][gc,heap     ] GC(148) y: Max Capacity: 1250M(100%)
[2026-04-03T02:27:00.852+0600][87.496s][info][gc,heap     ] GC(148) y: Soft Max Capacity: 1250M(100%)
[2026-04-03T02:27:00.852+0600][87.496s][info][gc,heap     ] GC(148) y: Heap Statistics:
[2026-04-03T02:27:00.852+0600][87.496s][info][gc,heap     ] GC(148) y:                Mark Start          Mark End        Relocate Start      Relocate End           High               Low         
[2026-04-03T02:27:00.852+0600][87.496s][info][gc,heap     ] GC(148) y:  Capacity:     1250M (100%)       1250M (100%)       1250M (100%)       1250M (100%)       1250M (100%)       1250M (100%)   
[2026-04-03T02:27:00.852+0600][87.496s][info][gc,heap     ] GC(148) y:      Free:      568M (45%)         514M (41%)         676M (54%)         980M (78%)         980M (78%)         514M (41%)    
[2026-04-03T02:27:00.852+0600][87.496s][info][gc,heap     ] GC(148) y:      Used:      682M (55%)         736M (59%)         574M (46%)         270M (22%)         736M (59%)         270M (22%)    
[2026-04-03T02:27:00.852+0600][87.496s][info][gc,heap     ] GC(148) y: Young Generation Statistics:
[2026-04-03T02:27:00.852+0600][87.496s][info][gc,heap     ] GC(148) y:                Mark Start          Mark End        Relocate Start      Relocate End    
[2026-04-03T02:27:00.852+0600][87.496s][info][gc,heap     ] GC(148) y:      Used:      490M (39%)         544M (44%)         382M (31%)          78M (6%)     
[2026-04-03T02:27:00.852+0600][87.496s][info][gc,heap     ] GC(148) y:      Live:         -                 6M (0%)            6M (0%)            6M (0%)     
[2026-04-03T02:27:00.852+0600][87.496s][info][gc,heap     ] GC(148) y:   Garbage:         -               483M (39%)         321M (26%)           0M (0%)     
[2026-04-03T02:27:00.852+0600][87.496s][info][gc,heap     ] GC(148) y: Allocated:         -                54M (4%)           54M (4%)           71M (6%)     
[2026-04-03T02:27:00.852+0600][87.496s][info][gc,heap     ] GC(148) y: Reclaimed:         -                  -               162M (13%)         483M (39%)    
[2026-04-03T02:27:00.852+0600][87.497s][info][gc,heap     ] GC(148) y:  Promoted:         -                  -                 0M (0%)            0M (0%)     
[2026-04-03T02:27:00.852+0600][87.497s][info][gc,heap     ] GC(148) y: Compacted:         -                  -                  -                 6M (0%)     
[2026-04-03T02:27:00.852+0600][87.497s][info][gc,phases   ] GC(148) y: Young Generation 682M(55%)->270M(22%) 0.041s
[2026-04-03T02:27:00.852+0600][87.497s][info][gc          ] GC(148) Minor Collection (Allocation Rate) 682M(55%)->270M(22%) 0.042s
[2026-04-03T02:27:01.063+0600][87.707s][info][gc          ] GC(149) Minor Collection (Allocation Rate)
[2026-04-03T02:27:01.063+0600][87.707s][info][gc,task     ] GC(149) Using 2 Workers for Young Generation
[2026-04-03T02:27:01.063+0600][87.707s][info][gc,phases   ] GC(149) y: Young Generation
[2026-04-03T02:27:01.063+0600][87.708s][info][gc,phases   ] GC(149) y: Pause Mark Start 0.018ms
[2026-04-03T02:27:01.096+0600][87.741s][info][gc,phases   ] GC(149) y: Concurrent Mark 33.371ms
[2026-04-03T02:27:01.096+0600][87.741s][info][gc,phases   ] GC(149) y: Pause Mark End 0.028ms
[2026-04-03T02:27:01.097+0600][87.741s][info][gc,phases   ] GC(149) y: Concurrent Mark Free 0.002ms
[2026-04-03T02:27:01.097+0600][87.741s][info][gc,phases   ] GC(149) y: Concurrent Reset Relocation Set 0.019ms
[2026-04-03T02:27:01.099+0600][87.744s][info][gc,reloc    ] GC(149) y: Using tenuring threshold: 5 (Computed)
[2026-04-03T02:27:01.100+0600][87.744s][info][gc,phases   ] GC(149) y: Concurrent Select Relocation Set 2.906ms
[2026-04-03T02:27:01.100+0600][87.745s][info][gc,phases   ] GC(149) y: Pause Relocate Start 0.020ms
[2026-04-03T02:27:01.105+0600][87.750s][info][gc,phases   ] GC(149) y: Concurrent Relocate 4.790ms
[2026-04-03T02:27:01.105+0600][87.750s][info][gc,alloc    ] GC(149) y:                         Mark Start        Mark End      Relocate Start    Relocate End   
[2026-04-03T02:27:01.105+0600][87.750s][info][gc,alloc    ] GC(149) y: Allocation Stalls:          0                0                0                0         
[2026-04-03T02:27:01.105+0600][87.750s][info][gc,load     ] GC(149) y: Load: 5.35 (45%) / 5.90 (49%) / 5.86 (49%)
[2026-04-03T02:27:01.105+0600][87.750s][info][gc,mmu      ] GC(149) y: MMU: 2ms/95.1%, 5ms/97.6%, 10ms/98.7%, 20ms/99.4%, 50ms/99.6%, 100ms/99.8%
[2026-04-03T02:27:01.105+0600][87.750s][info][gc,marking  ] GC(149) y: Mark: 2 stripe(s), 2 proactive flush(es), 1 terminate flush(es), 0 completion(s), 0 continuation(s) 
[2026-04-03T02:27:01.105+0600][87.750s][info][gc,marking  ] GC(149) y: Mark Stack Usage: 32M
[2026-04-03T02:27:01.105+0600][87.750s][info][gc,nmethod  ] GC(149) y: NMethods: 14352 registered, 3624 unregistered
[2026-04-03T02:27:01.105+0600][87.750s][info][gc,metaspace] GC(149) y: Metaspace: 128M used, 130M committed, 1152M reserved
[2026-04-03T02:27:01.105+0600][87.750s][info][gc,reloc    ] GC(149) y:                        Candidates     Selected     In-Place         Size        Empty    Relocated 
[2026-04-03T02:27:01.105+0600][87.750s][info][gc,reloc    ] GC(149) y: Small Pages:                   79           52            0         158M          46M           4M 
[2026-04-03T02:27:01.105+0600][87.750s][info][gc,reloc    ] GC(149) y: Medium Pages:                   2            0            0          64M          64M           0M 
[2026-04-03T02:27:01.105+0600][87.750s][info][gc,reloc    ] GC(149) y: Large Pages:                    4            0            0          24M          24M           0M 
[2026-04-03T02:27:01.105+0600][87.750s][info][gc,reloc    ] GC(149) y: Forwarding Usage: 1M
[2026-04-03T02:27:01.105+0600][87.750s][info][gc,reloc    ] GC(149) y: Age Table:
[2026-04-03T02:27:01.105+0600][87.750s][info][gc,reloc    ] GC(149) y:                    Live             Garbage             Small              Medium             Large        
[2026-04-03T02:27:01.105+0600][87.750s][info][gc,reloc    ] GC(149) y: Eden               2M (0%)          219M (18%)         67 / 46             2 / 0              4 / 0        
[2026-04-03T02:27:01.105+0600][87.750s][info][gc,reloc    ] GC(149) y: Survivor 1         1M (0%)           10M (1%)           6 / 1              0 / 0              0 / 0        
[2026-04-03T02:27:01.105+0600][87.750s][info][gc,reloc    ] GC(149) y: Survivor 2         0M (0%)            3M (0%)           2 / 2              0 / 0              0 / 0        
[2026-04-03T02:27:01.105+0600][87.750s][info][gc,reloc    ] GC(149) y: Survivor 3         0M (0%)            5M (0%)           3 / 2              0 / 0              0 / 0        
[2026-04-03T02:27:01.105+0600][87.750s][info][gc,reloc    ] GC(149) y: Survivor 4         0M (0%)            1M (0%)           1 / 1              0 / 0              0 / 0        
[2026-04-03T02:27:01.105+0600][87.750s][info][gc,heap     ] GC(149) y: Min Capacity: 8M(1%)
[2026-04-03T02:27:01.105+0600][87.750s][info][gc,heap     ] GC(149) y: Max Capacity: 1250M(100%)
[2026-04-03T02:27:01.106+0600][87.750s][info][gc,heap     ] GC(149) y: Soft Max Capacity: 1250M(100%)
[2026-04-03T02:27:01.106+0600][87.750s][info][gc,heap     ] GC(149) y: Heap Statistics:
[2026-04-03T02:27:01.106+0600][87.750s][info][gc,heap     ] GC(149) y:                Mark Start          Mark End        Relocate Start      Relocate End           High               Low         
[2026-04-03T02:27:01.106+0600][87.750s][info][gc,heap     ] GC(149) y:  Capacity:     1250M (100%)       1250M (100%)       1250M (100%)       1250M (100%)       1250M (100%)       1250M (100%)   
[2026-04-03T02:27:01.106+0600][87.750s][info][gc,heap     ] GC(149) y:      Free:      812M (65%)         748M (60%)         882M (71%)         958M (77%)         958M (77%)         748M (60%)    
[2026-04-03T02:27:01.106+0600][87.750s][info][gc,heap     ] GC(149) y:      Used:      438M (35%)         502M (40%)         368M (29%)         292M (23%)         502M (40%)         292M (23%)    
[2026-04-03T02:27:01.106+0600][87.750s][info][gc,heap     ] GC(149) y: Young Generation Statistics:
[2026-04-03T02:27:01.106+0600][87.750s][info][gc,heap     ] GC(149) y:                Mark Start          Mark End        Relocate Start      Relocate End    
[2026-04-03T02:27:01.106+0600][87.750s][info][gc,heap     ] GC(149) y:      Used:      246M (20%)         310M (25%)         176M (14%)         100M (8%)     
[2026-04-03T02:27:01.106+0600][87.750s][info][gc,heap     ] GC(149) y:      Live:         -                 5M (0%)            5M (0%)            5M (0%)     
[2026-04-03T02:27:01.106+0600][87.750s][info][gc,heap     ] GC(149) y:   Garbage:         -               240M (19%)         106M (8%)            1M (0%)     
[2026-04-03T02:27:01.106+0600][87.750s][info][gc,heap     ] GC(149) y: Allocated:         -                64M (5%)           64M (5%)           92M (7%)     
[2026-04-03T02:27:01.106+0600][87.750s][info][gc,heap     ] GC(149) y: Reclaimed:         -                  -               134M (11%)         238M (19%)    
[2026-04-03T02:27:01.106+0600][87.750s][info][gc,heap     ] GC(149) y:  Promoted:         -                  -                 0M (0%)            0M (0%)     
[2026-04-03T02:27:01.106+0600][87.750s][info][gc,heap     ] GC(149) y: Compacted:         -                  -                  -                 5M (0%)     
[2026-04-03T02:27:01.106+0600][87.750s][info][gc,phases   ] GC(149) y: Young Generation 438M(35%)->292M(23%) 0.043s
[2026-04-03T02:27:01.106+0600][87.751s][info][gc          ] GC(149) Minor Collection (Allocation Rate) 438M(35%)->292M(23%) 0.043s
[2026-04-03T02:27:01.820+0600][88.465s][info][gc          ] GC(150) Minor Collection (Allocation Rate)
[2026-04-03T02:27:01.820+0600][88.465s][info][gc,task     ] GC(150) Using 2 Workers for Young Generation
[2026-04-03T02:27:01.820+0600][88.465s][info][gc,phases   ] GC(150) y: Young Generation
[2026-04-03T02:27:01.823+0600][88.467s][info][gc,phases   ] GC(150) y: Pause Mark Start 0.032ms
[2026-04-03T02:27:01.844+0600][88.489s][info][gc,phases   ] GC(150) y: Concurrent Mark 21.336ms
[2026-04-03T02:27:01.844+0600][88.489s][info][gc,phases   ] GC(150) y: Pause Mark End 0.021ms
[2026-04-03T02:27:01.844+0600][88.489s][info][gc,phases   ] GC(150) y: Concurrent Mark Free 0.001ms
[2026-04-03T02:27:01.844+0600][88.489s][info][gc,phases   ] GC(150) y: Concurrent Reset Relocation Set 0.008ms
[2026-04-03T02:27:01.846+0600][88.491s][info][gc,reloc    ] GC(150) y: Using tenuring threshold: 6 (Computed)
[2026-04-03T02:27:01.847+0600][88.492s][info][gc,phases   ] GC(150) y: Concurrent Select Relocation Set 2.806ms
[2026-04-03T02:27:01.848+0600][88.492s][info][gc,phases   ] GC(150) y: Pause Relocate Start 0.018ms
[2026-04-03T02:27:01.850+0600][88.495s][info][gc,phases   ] GC(150) y: Concurrent Relocate 2.836ms
[2026-04-03T02:27:01.850+0600][88.495s][info][gc,alloc    ] GC(150) y:                         Mark Start        Mark End      Relocate Start    Relocate End   
[2026-04-03T02:27:01.851+0600][88.495s][info][gc,alloc    ] GC(150) y: Allocation Stalls:          0                0                0                0         
[2026-04-03T02:27:01.851+0600][88.495s][info][gc,load     ] GC(150) y: Load: 5.35 (45%) / 5.90 (49%) / 5.86 (49%)
[2026-04-03T02:27:01.851+0600][88.495s][info][gc,mmu      ] GC(150) y: MMU: 2ms/95.1%, 5ms/97.6%, 10ms/98.7%, 20ms/99.4%, 50ms/99.6%, 100ms/99.8%
[2026-04-03T02:27:01.851+0600][88.495s][info][gc,marking  ] GC(150) y: Mark: 2 stripe(s), 2 proactive flush(es), 1 terminate flush(es), 0 completion(s), 0 continuation(s) 
[2026-04-03T02:27:01.851+0600][88.495s][info][gc,marking  ] GC(150) y: Mark Stack Usage: 32M
[2026-04-03T02:27:01.851+0600][88.495s][info][gc,nmethod  ] GC(150) y: NMethods: 14364 registered, 3624 unregistered
[2026-04-03T02:27:01.851+0600][88.495s][info][gc,metaspace] GC(150) y: Metaspace: 128M used, 130M committed, 1152M reserved
[2026-04-03T02:27:01.851+0600][88.495s][info][gc,reloc    ] GC(150) y:                        Candidates     Selected     In-Place         Size        Empty    Relocated 
[2026-04-03T02:27:01.851+0600][88.495s][info][gc,reloc    ] GC(150) y: Small Pages:                  231          128            0         462M         198M           3M 
[2026-04-03T02:27:01.851+0600][88.495s][info][gc,reloc    ] GC(150) y: Medium Pages:                   4            0            0         128M          96M           0M 
[2026-04-03T02:27:01.851+0600][88.495s][info][gc,reloc    ] GC(150) y: Large Pages:                   11            0            0          66M          66M           0M 
[2026-04-03T02:27:01.851+0600][88.495s][info][gc,reloc    ] GC(150) y: Forwarding Usage: 1M
[2026-04-03T02:27:01.851+0600][88.495s][info][gc,reloc    ] GC(150) y: Age Table:
[2026-04-03T02:27:01.851+0600][88.495s][info][gc,reloc    ] GC(150) y:                    Live             Garbage             Small              Medium             Large        
[2026-04-03T02:27:01.851+0600][88.495s][info][gc,reloc    ] GC(150) y: Eden               5M (0%)          618M (50%)        215 / 122            4 / 0             11 / 0        
[2026-04-03T02:27:01.851+0600][88.495s][info][gc,reloc    ] GC(150) y: Survivor 1         0M (0%)           17M (1%)           9 / 1              0 / 0              0 / 0        
[2026-04-03T02:27:01.851+0600][88.495s][info][gc,reloc    ] GC(150) y: Survivor 2         1M (0%)            4M (0%)           3 / 3              0 / 0              0 / 0        
[2026-04-03T02:27:01.851+0600][88.495s][info][gc,reloc    ] GC(150) y: Survivor 3         0M (0%)            1M (0%)           1 / 0              0 / 0              0 / 0        
[2026-04-03T02:27:01.851+0600][88.495s][info][gc,reloc    ] GC(150) y: Survivor 4         0M (0%)            3M (0%)           2 / 1              0 / 0              0 / 0        
[2026-04-03T02:27:01.851+0600][88.495s][info][gc,reloc    ] GC(150) y: Survivor 5         0M (0%)            1M (0%)           1 / 1              0 / 0              0 / 0        
[2026-04-03T02:27:01.851+0600][88.495s][info][gc,heap     ] GC(150) y: Min Capacity: 8M(1%)
[2026-04-03T02:27:01.851+0600][88.495s][info][gc,heap     ] GC(150) y: Max Capacity: 1250M(100%)
[2026-04-03T02:27:01.851+0600][88.495s][info][gc,heap     ] GC(150) y: Soft Max Capacity: 1250M(100%)
[2026-04-03T02:27:01.851+0600][88.495s][info][gc,heap     ] GC(150) y: Heap Statistics:
[2026-04-03T02:27:01.851+0600][88.496s][info][gc,heap     ] GC(150) y:                Mark Start          Mark End        Relocate Start      Relocate End           High               Low         
[2026-04-03T02:27:01.851+0600][88.496s][info][gc,heap     ] GC(150) y:  Capacity:     1250M (100%)       1250M (100%)       1250M (100%)       1250M (100%)       1250M (100%)       1250M (100%)   
[2026-04-03T02:27:01.851+0600][88.496s][info][gc,heap     ] GC(150) y:      Free:      402M (32%)         378M (30%)         738M (59%)         976M (78%)         976M (78%)         378M (30%)    
[2026-04-03T02:27:01.851+0600][88.496s][info][gc,heap     ] GC(150) y:      Used:      848M (68%)         872M (70%)         512M (41%)         274M (22%)         872M (70%)         274M (22%)    
[2026-04-03T02:27:01.851+0600][88.496s][info][gc,heap     ] GC(150) y: Young Generation Statistics:
[2026-04-03T02:27:01.851+0600][88.496s][info][gc,heap     ] GC(150) y:                Mark Start          Mark End        Relocate Start      Relocate End    
[2026-04-03T02:27:01.851+0600][88.496s][info][gc,heap     ] GC(150) y:      Used:      656M (52%)         680M (54%)         320M (26%)          82M (7%)     
[2026-04-03T02:27:01.851+0600][88.496s][info][gc,heap     ] GC(150) y:      Live:         -                 8M (1%)            8M (1%)            8M (1%)     
[2026-04-03T02:27:01.851+0600][88.496s][info][gc,heap     ] GC(150) y:   Garbage:         -               647M (52%)         287M (23%)          30M (2%)     
[2026-04-03T02:27:01.851+0600][88.496s][info][gc,heap     ] GC(150) y: Allocated:         -                24M (2%)           24M (2%)           43M (3%)     
[2026-04-03T02:27:01.851+0600][88.496s][info][gc,heap     ] GC(150) y: Reclaimed:         -                  -               360M (29%)         617M (49%)    
[2026-04-03T02:27:01.851+0600][88.496s][info][gc,heap     ] GC(150) y:  Promoted:         -                  -                 0M (0%)            0M (0%)     
[2026-04-03T02:27:01.851+0600][88.496s][info][gc,heap     ] GC(150) y: Compacted:         -                  -                  -                 4M (0%)     
[2026-04-03T02:27:01.851+0600][88.496s][info][gc,phases   ] GC(150) y: Young Generation 912M(73%)->274M(22%) 0.030s
[2026-04-03T02:27:01.851+0600][88.496s][info][gc          ] GC(150) Minor Collection (Allocation Rate) 912M(73%)->274M(22%) 0.031s
[2026-04-03T02:27:02.798+0600][89.442s][info][gc          ] GC(151) Minor Collection (Allocation Rate)
[2026-04-03T02:27:02.798+0600][89.442s][info][gc,task     ] GC(151) Using 1 Workers for Young Generation
[2026-04-03T02:27:02.798+0600][89.442s][info][gc,phases   ] GC(151) y: Young Generation
[2026-04-03T02:27:02.798+0600][89.443s][info][gc,phases   ] GC(151) y: Pause Mark Start 0.021ms
[2026-04-03T02:27:02.847+0600][89.491s][info][gc,phases   ] GC(151) y: Concurrent Mark 48.635ms
[2026-04-03T02:27:02.847+0600][89.492s][info][gc,phases   ] GC(151) y: Pause Mark End 0.034ms
[2026-04-03T02:27:02.847+0600][89.492s][info][gc,phases   ] GC(151) y: Concurrent Mark Free 0.002ms
[2026-04-03T02:27:02.847+0600][89.492s][info][gc,phases   ] GC(151) y: Concurrent Reset Relocation Set 0.017ms
[2026-04-03T02:27:02.849+0600][89.494s][info][gc,reloc    ] GC(151) y: Using tenuring threshold: 5 (Computed)
[2026-04-03T02:27:02.850+0600][89.495s][info][gc,phases   ] GC(151) y: Concurrent Select Relocation Set 3.243ms
[2026-04-03T02:27:02.851+0600][89.495s][info][gc,phases   ] GC(151) y: Pause Relocate Start 0.025ms
[2026-04-03T02:27:02.858+0600][89.503s][info][gc,phases   ] GC(151) y: Concurrent Relocate 7.310ms
[2026-04-03T02:27:02.858+0600][89.503s][info][gc,alloc    ] GC(151) y:                         Mark Start        Mark End      Relocate Start    Relocate End   
[2026-04-03T02:27:02.858+0600][89.503s][info][gc,alloc    ] GC(151) y: Allocation Stalls:          0                0                0                0         
[2026-04-03T02:27:02.858+0600][89.503s][info][gc,load     ] GC(151) y: Load: 5.35 (45%) / 5.90 (49%) / 5.86 (49%)
[2026-04-03T02:27:02.858+0600][89.503s][info][gc,mmu      ] GC(151) y: MMU: 2ms/95.1%, 5ms/97.6%, 10ms/98.7%, 20ms/99.4%, 50ms/99.6%, 100ms/99.8%
[2026-04-03T02:27:02.858+0600][89.503s][info][gc,marking  ] GC(151) y: Mark: 1 stripe(s), 2 proactive flush(es), 1 terminate flush(es), 0 completion(s), 0 continuation(s) 
[2026-04-03T02:27:02.858+0600][89.503s][info][gc,marking  ] GC(151) y: Mark Stack Usage: 32M
[2026-04-03T02:27:02.858+0600][89.503s][info][gc,nmethod  ] GC(151) y: NMethods: 14403 registered, 3624 unregistered
[2026-04-03T02:27:02.858+0600][89.503s][info][gc,metaspace] GC(151) y: Metaspace: 128M used, 130M committed, 1152M reserved
[2026-04-03T02:27:02.858+0600][89.503s][info][gc,reloc    ] GC(151) y:                        Candidates     Selected     In-Place         Size        Empty    Relocated 
[2026-04-03T02:27:02.858+0600][89.503s][info][gc,reloc    ] GC(151) y: Small Pages:                  303          222            0         606M         154M           4M 
[2026-04-03T02:27:02.858+0600][89.503s][info][gc,reloc    ] GC(151) y: Medium Pages:                   4            0            0         128M         128M           0M 
[2026-04-03T02:27:02.858+0600][89.503s][info][gc,reloc    ] GC(151) y: Large Pages:                   13            0            0          78M          78M           0M 
[2026-04-03T02:27:02.858+0600][89.503s][info][gc,reloc    ] GC(151) y: Forwarding Usage: 1M
[2026-04-03T02:27:02.858+0600][89.503s][info][gc,reloc    ] GC(151) y: Age Table:
[2026-04-03T02:27:02.858+0600][89.503s][info][gc,reloc    ] GC(151) y:                    Live             Garbage             Small              Medium             Large        
[2026-04-03T02:27:02.858+0600][89.503s][info][gc,reloc    ] GC(151) y: Eden               2M (0%)          751M (60%)        290 / 212            3 / 0             13 / 0        
[2026-04-03T02:27:02.858+0600][89.503s][info][gc,reloc    ] GC(151) y: Survivor 1         1M (0%)           36M (3%)           3 / 0              1 / 0              0 / 0        
[2026-04-03T02:27:02.858+0600][89.503s][info][gc,reloc    ] GC(151) y: Survivor 2         0M (0%)            3M (0%)           2 / 2              0 / 0              0 / 0        
[2026-04-03T02:27:02.858+0600][89.503s][info][gc,reloc    ] GC(151) y: Survivor 3         1M (0%)            4M (0%)           3 / 3              0 / 0              0 / 0        
[2026-04-03T02:27:02.858+0600][89.503s][info][gc,reloc    ] GC(151) y: Survivor 4         0M (0%)            1M (0%)           1 / 1              0 / 0              0 / 0        
[2026-04-03T02:27:02.858+0600][89.503s][info][gc,reloc    ] GC(151) y: Survivor 5         0M (0%)            3M (0%)           2 / 2              0 / 0              0 / 0        
[2026-04-03T02:27:02.858+0600][89.503s][info][gc,reloc    ] GC(151) y: Survivor 6         0M (0%)            3M (0%)           2 / 2              0 / 0              0 / 0        
[2026-04-03T02:27:02.858+0600][89.503s][info][gc,heap     ] GC(151) y: Min Capacity: 8M(1%)
[2026-04-03T02:27:02.858+0600][89.503s][info][gc,heap     ] GC(151) y: Max Capacity: 1250M(100%)
[2026-04-03T02:27:02.858+0600][89.503s][info][gc,heap     ] GC(151) y: Soft Max Capacity: 1250M(100%)
[2026-04-03T02:27:02.858+0600][89.503s][info][gc,heap     ] GC(151) y: Heap Statistics:
[2026-04-03T02:27:02.859+0600][89.503s][info][gc,heap     ] GC(151) y:                Mark Start          Mark End        Relocate Start      Relocate End           High               Low         
[2026-04-03T02:27:02.859+0600][89.503s][info][gc,heap     ] GC(151) y:  Capacity:     1250M (100%)       1250M (100%)       1250M (100%)       1250M (100%)       1250M (100%)       1250M (100%)   
[2026-04-03T02:27:02.859+0600][89.503s][info][gc,heap     ] GC(151) y:      Free:      246M (20%)         176M (14%)         536M (43%)         964M (77%)         964M (77%)         176M (14%)    
[2026-04-03T02:27:02.859+0600][89.503s][info][gc,heap     ] GC(151) y:      Used:     1004M (80%)        1074M (86%)         714M (57%)         286M (23%)        1074M (86%)         286M (23%)    
[2026-04-03T02:27:02.859+0600][89.503s][info][gc,heap     ] GC(151) y: Young Generation Statistics:
[2026-04-03T02:27:02.859+0600][89.503s][info][gc,heap     ] GC(151) y:                Mark Start          Mark End        Relocate Start      Relocate End    
[2026-04-03T02:27:02.859+0600][89.503s][info][gc,heap     ] GC(151) y:      Used:      812M (65%)         882M (71%)         522M (42%)          88M (7%)     
[2026-04-03T02:27:02.859+0600][89.503s][info][gc,heap     ] GC(151) y:      Live:         -                 6M (1%)            6M (1%)            5M (0%)     
[2026-04-03T02:27:02.859+0600][89.503s][info][gc,heap     ] GC(151) y:   Garbage:         -               805M (64%)         445M (36%)           0M (0%)     
[2026-04-03T02:27:02.859+0600][89.503s][info][gc,heap     ] GC(151) y: Allocated:         -                70M (6%)           70M (6%)           82M (7%)     
[2026-04-03T02:27:02.859+0600][89.503s][info][gc,heap     ] GC(151) y: Reclaimed:         -                  -               360M (29%)         805M (64%)    
[2026-04-03T02:27:02.859+0600][89.503s][info][gc,heap     ] GC(151) y:  Promoted:         -                  -                 0M (0%)            0M (0%)     
[2026-04-03T02:27:02.859+0600][89.503s][info][gc,heap     ] GC(151) y: Compacted:         -                  -                  -                 5M (0%)     
[2026-04-03T02:27:02.859+0600][89.503s][info][gc,phases   ] GC(151) y: Young Generation 1004M(80%)->286M(23%) 0.060s
[2026-04-03T02:27:02.859+0600][89.503s][info][gc          ] GC(151) Minor Collection (Allocation Rate) 1004M(80%)->286M(23%) 0.061s
[2026-04-03T02:27:03.752+0600][90.397s][info][gc          ] GC(152) Minor Collection (Allocation Rate)
[2026-04-03T02:27:03.752+0600][90.397s][info][gc,task     ] GC(152) Using 1 Workers for Young Generation
[2026-04-03T02:27:03.752+0600][90.397s][info][gc,phases   ] GC(152) y: Young Generation
[2026-04-03T02:27:03.752+0600][90.397s][info][gc,phases   ] GC(152) y: Pause Mark Start 0.027ms
[2026-04-03T02:27:03.826+0600][90.471s][info][gc,phases   ] GC(152) y: Concurrent Mark 73.731ms
[2026-04-03T02:27:03.827+0600][90.471s][info][gc,phases   ] GC(152) y: Pause Mark End 0.034ms
[2026-04-03T02:27:03.827+0600][90.471s][info][gc,phases   ] GC(152) y: Concurrent Mark Free 0.003ms
[2026-04-03T02:27:03.827+0600][90.471s][info][gc,phases   ] GC(152) y: Concurrent Reset Relocation Set 0.026ms
[2026-04-03T02:27:03.831+0600][90.475s][info][gc,reloc    ] GC(152) y: Using tenuring threshold: 5 (Computed)
[2026-04-03T02:27:03.832+0600][90.476s][info][gc,phases   ] GC(152) y: Concurrent Select Relocation Set 4.777ms
[2026-04-03T02:27:03.832+0600][90.477s][info][gc,phases   ] GC(152) y: Pause Relocate Start 0.022ms
[2026-04-03T02:27:03.845+0600][90.490s][info][gc,phases   ] GC(152) y: Concurrent Relocate 12.942ms
[2026-04-03T02:27:03.845+0600][90.490s][info][gc,alloc    ] GC(152) y:                         Mark Start        Mark End      Relocate Start    Relocate End   
[2026-04-03T02:27:03.845+0600][90.490s][info][gc,alloc    ] GC(152) y: Allocation Stalls:          0                0                0                0         
[2026-04-03T02:27:03.845+0600][90.490s][info][gc,load     ] GC(152) y: Load: 5.35 (45%) / 5.90 (49%) / 5.86 (49%)
[2026-04-03T02:27:03.845+0600][90.490s][info][gc,mmu      ] GC(152) y: MMU: 2ms/95.1%, 5ms/97.6%, 10ms/98.7%, 20ms/99.4%, 50ms/99.6%, 100ms/99.8%
[2026-04-03T02:27:03.845+0600][90.490s][info][gc,marking  ] GC(152) y: Mark: 1 stripe(s), 2 proactive flush(es), 1 terminate flush(es), 0 completion(s), 0 continuation(s) 
[2026-04-03T02:27:03.845+0600][90.490s][info][gc,marking  ] GC(152) y: Mark Stack Usage: 32M
[2026-04-03T02:27:03.845+0600][90.490s][info][gc,nmethod  ] GC(152) y: NMethods: 14447 registered, 3624 unregistered
[2026-04-03T02:27:03.845+0600][90.490s][info][gc,metaspace] GC(152) y: Metaspace: 128M used, 130M committed, 1152M reserved
[2026-04-03T02:27:03.845+0600][90.490s][info][gc,reloc    ] GC(152) y:                        Candidates     Selected     In-Place         Size        Empty    Relocated 
[2026-04-03T02:27:03.845+0600][90.490s][info][gc,reloc    ] GC(152) y: Small Pages:                  310          184            0         620M         238M           6M 
[2026-04-03T02:27:03.845+0600][90.490s][info][gc,reloc    ] GC(152) y: Medium Pages:                   4            0            0         128M         128M           0M 
[2026-04-03T02:27:03.845+0600][90.490s][info][gc,reloc    ] GC(152) y: Large Pages:                   18            0            0         108M         108M           0M 
[2026-04-03T02:27:03.845+0600][90.490s][info][gc,reloc    ] GC(152) y: Forwarding Usage: 1M
[2026-04-03T02:27:03.845+0600][90.490s][info][gc,reloc    ] GC(152) y: Age Table:
[2026-04-03T02:27:03.845+0600][90.490s][info][gc,reloc    ] GC(152) y:                    Live             Garbage             Small              Medium             Large        
[2026-04-03T02:27:03.845+0600][90.490s][info][gc,reloc    ] GC(152) y: Eden               5M (0%)          834M (67%)        302 / 179            4 / 0             18 / 0        
[2026-04-03T02:27:03.845+0600][90.490s][info][gc,reloc    ] GC(152) y: Survivor 1         1M (0%)            2M (0%)           2 / 1              0 / 0              0 / 0        
[2026-04-03T02:27:03.845+0600][90.490s][info][gc,reloc    ] GC(152) y: Survivor 2         1M (0%)            2M (0%)           2 / 1              0 / 0              0 / 0        
[2026-04-03T02:27:03.845+0600][90.490s][info][gc,reloc    ] GC(152) y: Survivor 3         0M (0%)            1M (0%)           1 / 1              0 / 0              0 / 0        
[2026-04-03T02:27:03.845+0600][90.490s][info][gc,reloc    ] GC(152) y: Survivor 4         1M (0%)            2M (0%)           2 / 1              0 / 0              0 / 0        
[2026-04-03T02:27:03.845+0600][90.490s][info][gc,reloc    ] GC(152) y: Survivor 5         0M (0%)            1M (0%)           1 / 1              0 / 0              0 / 0        
[2026-04-03T02:27:03.845+0600][90.490s][info][gc,heap     ] GC(152) y: Min Capacity: 8M(1%)
[2026-04-03T02:27:03.845+0600][90.490s][info][gc,heap     ] GC(152) y: Max Capacity: 1250M(100%)
[2026-04-03T02:27:03.845+0600][90.490s][info][gc,heap     ] GC(152) y: Soft Max Capacity: 1250M(100%)
[2026-04-03T02:27:03.845+0600][90.490s][info][gc,heap     ] GC(152) y: Heap Statistics:
[2026-04-03T02:27:03.845+0600][90.490s][info][gc,heap     ] GC(152) y:                Mark Start          Mark End        Relocate Start      Relocate End           High               Low         
[2026-04-03T02:27:03.845+0600][90.490s][info][gc,heap     ] GC(152) y:  Capacity:     1250M (100%)       1250M (100%)       1250M (100%)       1250M (100%)       1250M (100%)       1250M (100%)   
[2026-04-03T02:27:03.845+0600][90.490s][info][gc,heap     ] GC(152) y:      Free:      196M (16%)          70M (6%)          536M (43%)         816M (65%)         816M (65%)          70M (6%)     
[2026-04-03T02:27:03.845+0600][90.490s][info][gc,heap     ] GC(152) y:      Used:     1054M (84%)        1180M (94%)         714M (57%)         434M (35%)        1180M (94%)         434M (35%)    
[2026-04-03T02:27:03.846+0600][90.490s][info][gc,heap     ] GC(152) y: Young Generation Statistics:
[2026-04-03T02:27:03.846+0600][90.490s][info][gc,heap     ] GC(152) y:                Mark Start          Mark End        Relocate Start      Relocate End    
[2026-04-03T02:27:03.846+0600][90.490s][info][gc,heap     ] GC(152) y:      Used:      856M (68%)         982M (79%)         516M (41%)         234M (19%)    
[2026-04-03T02:27:03.846+0600][90.490s][info][gc,heap     ] GC(152) y:      Live:         -                11M (1%)           11M (1%)           10M (1%)     
[2026-04-03T02:27:03.846+0600][90.490s][info][gc,heap     ] GC(152) y:   Garbage:         -               844M (68%)         370M (30%)           1M (0%)     
[2026-04-03T02:27:03.846+0600][90.490s][info][gc,heap     ] GC(152) y: Allocated:         -               126M (10%)         134M (11%)         221M (18%)    
[2026-04-03T02:27:03.846+0600][90.490s][info][gc,heap     ] GC(152) y: Reclaimed:         -                  -               474M (38%)         843M (67%)    
[2026-04-03T02:27:03.846+0600][90.490s][info][gc,heap     ] GC(152) y:  Promoted:         -                  -                 0M (0%)            0M (0%)     
[2026-04-03T02:27:03.846+0600][90.490s][info][gc,heap     ] GC(152) y: Compacted:         -                  -                  -                 6M (1%)     
[2026-04-03T02:27:03.846+0600][90.490s][info][gc,phases   ] GC(152) y: Young Generation 1054M(84%)->434M(35%) 0.093s
[2026-04-03T02:27:03.846+0600][90.490s][info][gc          ] GC(152) Minor Collection (Allocation Rate) 1054M(84%)->434M(35%) 0.094s
[2026-04-03T02:27:04.033+0600][90.677s][info][gc          ] GC(153) Minor Collection (Allocation Rate)
[2026-04-03T02:27:04.033+0600][90.677s][info][gc,task     ] GC(153) Using 1 Workers for Young Generation
[2026-04-03T02:27:04.033+0600][90.677s][info][gc,phases   ] GC(153) y: Young Generation
[2026-04-03T02:27:04.033+0600][90.678s][info][gc,phases   ] GC(153) y: Pause Mark Start 0.023ms
[2026-04-03T02:27:04.071+0600][90.716s][info][gc,task     ] Adjusting Workers for Young Generation: 1 -> 3
[2026-04-03T02:27:04.076+0600][90.721s][info][gc,phases   ] GC(153) y: Concurrent Mark 43.426ms
[2026-04-03T02:27:04.077+0600][90.721s][info][gc,phases   ] GC(153) y: Pause Mark End 0.065ms
[2026-04-03T02:27:04.077+0600][90.722s][info][gc,phases   ] GC(153) y: Concurrent Mark Free 0.002ms
[2026-04-03T02:27:04.077+0600][90.722s][info][gc,phases   ] GC(153) y: Concurrent Reset Relocation Set 0.025ms
[2026-04-03T02:27:04.083+0600][90.727s][info][gc,reloc    ] GC(153) y: Using tenuring threshold: 2 (Computed)
[2026-04-03T02:27:04.088+0600][90.732s][info][gc,phases   ] GC(153) y: Concurrent Select Relocation Set 10.622ms
[2026-04-03T02:27:04.088+0600][90.733s][info][gc,phases   ] GC(153) y: Pause Relocate Start 0.023ms
[2026-04-03T02:27:04.097+0600][90.741s][info][gc,phases   ] GC(153) y: Concurrent Relocate 8.822ms
[2026-04-03T02:27:04.097+0600][90.742s][info][gc,alloc    ] GC(153) y:                         Mark Start        Mark End      Relocate Start    Relocate End   
[2026-04-03T02:27:04.097+0600][90.742s][info][gc,alloc    ] GC(153) y: Allocation Stalls:          0                0                0                0         
[2026-04-03T02:27:04.097+0600][90.742s][info][gc,load     ] GC(153) y: Load: 5.35 (45%) / 5.90 (49%) / 5.86 (49%)
[2026-04-03T02:27:04.097+0600][90.742s][info][gc,mmu      ] GC(153) y: MMU: 2ms/95.1%, 5ms/97.6%, 10ms/98.7%, 20ms/99.4%, 50ms/99.6%, 100ms/99.8%
[2026-04-03T02:27:04.097+0600][90.742s][info][gc,marking  ] GC(153) y: Mark: 1 stripe(s), 3 proactive flush(es), 1 terminate flush(es), 0 completion(s), 0 continuation(s) 
[2026-04-03T02:27:04.097+0600][90.742s][info][gc,marking  ] GC(153) y: Mark Stack Usage: 32M
[2026-04-03T02:27:04.097+0600][90.742s][info][gc,nmethod  ] GC(153) y: NMethods: 14459 registered, 3624 unregistered
[2026-04-03T02:27:04.097+0600][90.742s][info][gc,metaspace] GC(153) y: Metaspace: 128M used, 130M committed, 1152M reserved
[2026-04-03T02:27:04.097+0600][90.742s][info][gc,reloc    ] GC(153) y:                        Candidates     Selected     In-Place         Size        Empty    Relocated 
[2026-04-03T02:27:04.097+0600][90.742s][info][gc,reloc    ] GC(153) y: Small Pages:                  196           69            0         392M         240M           5M 
[2026-04-03T02:27:04.097+0600][90.742s][info][gc,reloc    ] GC(153) y: Medium Pages:                   1            0            0          32M          32M           0M 
[2026-04-03T02:27:04.097+0600][90.742s][info][gc,reloc    ] GC(153) y: Large Pages:                   28            0            0         168M         144M           0M 
[2026-04-03T02:27:04.097+0600][90.742s][info][gc,reloc    ] GC(153) y: Forwarding Usage: 0M
[2026-04-03T02:27:04.097+0600][90.742s][info][gc,reloc    ] GC(153) y: Age Table:
[2026-04-03T02:27:04.097+0600][90.742s][info][gc,reloc    ] GC(153) y:                    Live             Garbage             Small              Medium             Large        
[2026-04-03T02:27:04.097+0600][90.742s][info][gc,reloc    ] GC(153) y: Eden              27M (2%)          520M (42%)        174 / 53             1 / 0             28 / 0        
[2026-04-03T02:27:04.097+0600][90.742s][info][gc,reloc    ] GC(153) y: Survivor 1         3M (0%)           24M (2%)          14 / 11             0 / 0              0 / 0        
[2026-04-03T02:27:04.097+0600][90.742s][info][gc,reloc    ] GC(153) y: Survivor 2         1M (0%)            2M (0%)           2 / 1              0 / 0              0 / 0        
[2026-04-03T02:27:04.097+0600][90.742s][info][gc,reloc    ] GC(153) y: Survivor 3         1M (0%)            4M (0%)           3 / 2              0 / 0              0 / 0        
[2026-04-03T02:27:04.097+0600][90.742s][info][gc,reloc    ] GC(153) y: Survivor 4         0M (0%)            1M (0%)           1 / 0              0 / 0              0 / 0        
[2026-04-03T02:27:04.097+0600][90.742s][info][gc,reloc    ] GC(153) y: Survivor 5         1M (0%)            2M (0%)           2 / 2              0 / 0              0 / 0        
[2026-04-03T02:27:04.097+0600][90.742s][info][gc,heap     ] GC(153) y: Min Capacity: 8M(1%)
[2026-04-03T02:27:04.097+0600][90.742s][info][gc,heap     ] GC(153) y: Max Capacity: 1250M(100%)
[2026-04-03T02:27:04.097+0600][90.742s][info][gc,heap     ] GC(153) y: Soft Max Capacity: 1250M(100%)
[2026-04-03T02:27:04.097+0600][90.742s][info][gc,heap     ] GC(153) y: Heap Statistics:
[2026-04-03T02:27:04.097+0600][90.742s][info][gc,heap     ] GC(153) y:                Mark Start          Mark End        Relocate Start      Relocate End           High               Low         
[2026-04-03T02:27:04.097+0600][90.742s][info][gc,heap     ] GC(153) y:  Capacity:     1250M (100%)       1250M (100%)       1250M (100%)       1250M (100%)       1250M (100%)       1250M (100%)   
[2026-04-03T02:27:04.097+0600][90.742s][info][gc,heap     ] GC(153) y:      Free:      458M (37%)         146M (12%)         550M (44%)         664M (53%)         676M (54%)         146M (12%)    
[2026-04-03T02:27:04.097+0600][90.742s][info][gc,heap     ] GC(153) y:      Used:      792M (63%)        1104M (88%)         700M (56%)         586M (47%)        1104M (88%)         574M (46%)    
[2026-04-03T02:27:04.097+0600][90.742s][info][gc,heap     ] GC(153) y: Young Generation Statistics:
[2026-04-03T02:27:04.097+0600][90.742s][info][gc,heap     ] GC(153) y:                Mark Start          Mark End        Relocate Start      Relocate End    
[2026-04-03T02:27:04.097+0600][90.742s][info][gc,heap     ] GC(153) y:      Used:      592M (47%)         904M (72%)         496M (40%)         378M (30%)    
[2026-04-03T02:27:04.097+0600][90.742s][info][gc,heap     ] GC(153) y:      Live:         -                35M (3%)           32M (3%)           30M (2%)     
[2026-04-03T02:27:04.097+0600][90.742s][info][gc,heap     ] GC(153) y:   Garbage:         -               556M (45%)         139M (11%)           0M (0%)     
[2026-04-03T02:27:04.097+0600][90.742s][info][gc,heap     ] GC(153) y: Allocated:         -               312M (25%)         324M (26%)         346M (28%)    
[2026-04-03T02:27:04.097+0600][90.742s][info][gc,heap     ] GC(153) y: Reclaimed:         -                  -               416M (33%)         556M (44%)    
[2026-04-03T02:27:04.097+0600][90.742s][info][gc,heap     ] GC(153) y:  Promoted:         -                  -                 3M (0%)            4M (0%)     
[2026-04-03T02:27:04.097+0600][90.742s][info][gc,heap     ] GC(153) y: Compacted:         -                  -                  -                 5M (0%)     
[2026-04-03T02:27:04.097+0600][90.742s][info][gc,phases   ] GC(153) y: Young Generation 792M(63%)->586M(47%) 0.064s
[2026-04-03T02:27:04.097+0600][90.742s][info][gc          ] GC(153) Minor Collection (Allocation Rate) 780M(62%)->586M(47%) 0.065s
[2026-04-03T02:27:04.139+0600][90.784s][info][gc          ] GC(154) Minor Collection (Allocation Rate)
[2026-04-03T02:27:04.139+0600][90.784s][info][gc,task     ] GC(154) Using 2 Workers for Young Generation
[2026-04-03T02:27:04.139+0600][90.784s][info][gc,phases   ] GC(154) y: Young Generation
[2026-04-03T02:27:04.140+0600][90.784s][info][gc,phases   ] GC(154) y: Pause Mark Start 0.018ms
[2026-04-03T02:27:04.166+0600][90.811s][info][gc,phases   ] GC(154) y: Concurrent Mark 26.175ms
[2026-04-03T02:27:04.167+0600][90.811s][info][gc,phases   ] GC(154) y: Pause Mark End 0.027ms
[2026-04-03T02:27:04.167+0600][90.811s][info][gc,phases   ] GC(154) y: Concurrent Mark Free 0.002ms
[2026-04-03T02:27:04.167+0600][90.811s][info][gc,phases   ] GC(154) y: Concurrent Reset Relocation Set 0.022ms
[2026-04-03T02:27:04.170+0600][90.814s][info][gc,reloc    ] GC(154) y: Using tenuring threshold: 1 (Computed)
[2026-04-03T02:27:04.172+0600][90.817s][info][gc,phases   ] GC(154) y: Concurrent Select Relocation Set 5.081ms
[2026-04-03T02:27:04.172+0600][90.817s][info][gc,phases   ] GC(154) y: Pause Relocate Start 0.027ms
[2026-04-03T02:27:04.178+0600][90.822s][info][gc,phases   ] GC(154) y: Concurrent Relocate 5.332ms
[2026-04-03T02:27:04.178+0600][90.822s][info][gc,alloc    ] GC(154) y:                         Mark Start        Mark End      Relocate Start    Relocate End   
[2026-04-03T02:27:04.178+0600][90.822s][info][gc,alloc    ] GC(154) y: Allocation Stalls:          0                0                0                0         
[2026-04-03T02:27:04.178+0600][90.822s][info][gc,load     ] GC(154) y: Load: 5.35 (45%) / 5.90 (49%) / 5.86 (49%)
[2026-04-03T02:27:04.178+0600][90.822s][info][gc,mmu      ] GC(154) y: MMU: 2ms/95.1%, 5ms/97.6%, 10ms/98.7%, 20ms/99.4%, 50ms/99.6%, 100ms/99.8%
[2026-04-03T02:27:04.178+0600][90.822s][info][gc,marking  ] GC(154) y: Mark: 2 stripe(s), 2 proactive flush(es), 1 terminate flush(es), 0 completion(s), 0 continuation(s) 
[2026-04-03T02:27:04.178+0600][90.823s][info][gc,marking  ] GC(154) y: Mark Stack Usage: 32M
[2026-04-03T02:27:04.178+0600][90.823s][info][gc,nmethod  ] GC(154) y: NMethods: 14459 registered, 3624 unregistered
[2026-04-03T02:27:04.178+0600][90.823s][info][gc,metaspace] GC(154) y: Metaspace: 128M used, 130M committed, 1152M reserved
[2026-04-03T02:27:04.178+0600][90.823s][info][gc,reloc    ] GC(154) y:                        Candidates     Selected     In-Place         Size        Empty    Relocated 
[2026-04-03T02:27:04.178+0600][90.823s][info][gc,reloc    ] GC(154) y: Small Pages:                   47           34            0          94M          18M           3M 
[2026-04-03T02:27:04.178+0600][90.823s][info][gc,reloc    ] GC(154) y: Medium Pages:                   1            0            0          32M          32M           0M 
[2026-04-03T02:27:04.178+0600][90.823s][info][gc,reloc    ] GC(154) y: Large Pages:                   56            0            0         336M         312M           0M 
[2026-04-03T02:27:04.178+0600][90.823s][info][gc,reloc    ] GC(154) y: Forwarding Usage: 0M
[2026-04-03T02:27:04.178+0600][90.823s][info][gc,reloc    ] GC(154) y: Age Table:
[2026-04-03T02:27:04.178+0600][90.823s][info][gc,reloc    ] GC(154) y:                    Live             Garbage             Small              Medium             Large        
[2026-04-03T02:27:04.178+0600][90.823s][info][gc,reloc    ] GC(154) y: Eden              26M (2%)          395M (32%)         39 / 29             1 / 0             52 / 0        
[2026-04-03T02:27:04.178+0600][90.823s][info][gc,reloc    ] GC(154) y: Survivor 1         1M (0%)           30M (2%)           4 / 3              0 / 0              4 / 0        
[2026-04-03T02:27:04.178+0600][90.823s][info][gc,reloc    ] GC(154) y: Survivor 2         3M (0%)            4M (0%)           4 / 2              0 / 0              0 / 0        
[2026-04-03T02:27:04.178+0600][90.823s][info][gc,heap     ] GC(154) y: Min Capacity: 8M(1%)
[2026-04-03T02:27:04.178+0600][90.823s][info][gc,heap     ] GC(154) y: Max Capacity: 1250M(100%)
[2026-04-03T02:27:04.178+0600][90.823s][info][gc,heap     ] GC(154) y: Soft Max Capacity: 1250M(100%)
[2026-04-03T02:27:04.178+0600][90.823s][info][gc,heap     ] GC(154) y: Heap Statistics:
[2026-04-03T02:27:04.178+0600][90.823s][info][gc,heap     ] GC(154) y:                Mark Start          Mark End        Relocate Start      Relocate End           High               Low         
[2026-04-03T02:27:04.178+0600][90.823s][info][gc,heap     ] GC(154) y:  Capacity:     1250M (100%)       1250M (100%)       1250M (100%)       1250M (100%)       1250M (100%)       1250M (100%)   
[2026-04-03T02:27:04.178+0600][90.823s][info][gc,heap     ] GC(154) y:      Free:      580M (46%)         330M (26%)         668M (53%)         690M (55%)         720M (58%)         312M (25%)    
[2026-04-03T02:27:04.178+0600][90.823s][info][gc,heap     ] GC(154) y:      Used:      670M (54%)         920M (74%)         582M (47%)         560M (45%)         938M (75%)         530M (42%)    
[2026-04-03T02:27:04.178+0600][90.823s][info][gc,heap     ] GC(154) y: Young Generation Statistics:
[2026-04-03T02:27:04.178+0600][90.823s][info][gc,heap     ] GC(154) y:                Mark Start          Mark End        Relocate Start      Relocate End    
[2026-04-03T02:27:04.178+0600][90.823s][info][gc,heap     ] GC(154) y:      Used:      462M (37%)         712M (57%)         372M (30%)         346M (28%)    
[2026-04-03T02:27:04.178+0600][90.823s][info][gc,heap     ] GC(154) y:      Live:         -                30M (2%)           28M (2%)           26M (2%)     
[2026-04-03T02:27:04.178+0600][90.823s][info][gc,heap     ] GC(154) y:   Garbage:         -               431M (35%)          69M (6%)            0M (0%)     
[2026-04-03T02:27:04.178+0600][90.823s][info][gc,heap     ] GC(154) y: Allocated:         -               250M (20%)         274M (22%)         319M (26%)    
[2026-04-03T02:27:04.178+0600][90.823s][info][gc,heap     ] GC(154) y: Reclaimed:         -                  -               362M (29%)         431M (35%)    
[2026-04-03T02:27:04.178+0600][90.823s][info][gc,heap     ] GC(154) y:  Promoted:         -                  -                 1M (0%)            4M (0%)     
[2026-04-03T02:27:04.178+0600][90.823s][info][gc,heap     ] GC(154) y: Compacted:         -                  -                  -                 2M (0%)     
[2026-04-03T02:27:04.178+0600][90.823s][info][gc,phases   ] GC(154) y: Young Generation 670M(54%)->560M(45%) 0.038s
[2026-04-03T02:27:04.178+0600][90.823s][info][gc          ] GC(154) Minor Collection (Allocation Rate) 670M(54%)->568M(45%) 0.039s
[2026-04-03T02:27:04.178+0600][90.823s][info][gc          ] GC(155) Minor Collection (Allocation Rate)
[2026-04-03T02:27:04.178+0600][90.823s][info][gc,task     ] GC(155) Using 3 Workers for Young Generation
[2026-04-03T02:27:04.178+0600][90.823s][info][gc,phases   ] GC(155) y: Young Generation
[2026-04-03T02:27:04.178+0600][90.823s][info][gc,phases   ] GC(155) y: Pause Mark Start 0.029ms
[2026-04-03T02:27:04.199+0600][90.844s][info][gc,phases   ] GC(155) y: Concurrent Mark 20.301ms
[2026-04-03T02:27:04.199+0600][90.844s][info][gc,phases   ] GC(155) y: Pause Mark End 0.029ms
[2026-04-03T02:27:04.199+0600][90.844s][info][gc,phases   ] GC(155) y: Concurrent Mark Free 0.002ms
[2026-04-03T02:27:04.199+0600][90.844s][info][gc,phases   ] GC(155) y: Concurrent Reset Relocation Set 0.015ms
[2026-04-03T02:27:04.202+0600][90.847s][info][gc,reloc    ] GC(155) y: Using tenuring threshold: 2 (Computed)
[2026-04-03T02:27:04.203+0600][90.847s][info][gc,phases   ] GC(155) y: Concurrent Select Relocation Set 3.228ms
[2026-04-03T02:27:04.203+0600][90.848s][info][gc,phases   ] GC(155) y: Pause Relocate Start 0.025ms
[2026-04-03T02:27:04.204+0600][90.849s][info][gc,phases   ] GC(155) y: Concurrent Relocate 1.260ms
[2026-04-03T02:27:04.204+0600][90.849s][info][gc,alloc    ] GC(155) y:                         Mark Start        Mark End      Relocate Start    Relocate End   
[2026-04-03T02:27:04.204+0600][90.849s][info][gc,alloc    ] GC(155) y: Allocation Stalls:          0                0                0                0         
[2026-04-03T02:27:04.205+0600][90.849s][info][gc,load     ] GC(155) y: Load: 5.35 (45%) / 5.90 (49%) / 5.86 (49%)
[2026-04-03T02:27:04.205+0600][90.849s][info][gc,mmu      ] GC(155) y: MMU: 2ms/95.1%, 5ms/97.6%, 10ms/98.7%, 20ms/99.4%, 50ms/99.6%, 100ms/99.8%
[2026-04-03T02:27:04.205+0600][90.849s][info][gc,marking  ] GC(155) y: Mark: 2 stripe(s), 2 proactive flush(es), 1 terminate flush(es), 0 completion(s), 0 continuation(s) 
[2026-04-03T02:27:04.205+0600][90.849s][info][gc,marking  ] GC(155) y: Mark Stack Usage: 32M
[2026-04-03T02:27:04.205+0600][90.849s][info][gc,nmethod  ] GC(155) y: NMethods: 14462 registered, 3624 unregistered
[2026-04-03T02:27:04.205+0600][90.849s][info][gc,metaspace] GC(155) y: Metaspace: 128M used, 130M committed, 1152M reserved
[2026-04-03T02:27:04.205+0600][90.849s][info][gc,reloc    ] GC(155) y:                        Candidates     Selected     In-Place         Size        Empty    Relocated 
[2026-04-03T02:27:04.205+0600][90.849s][info][gc,reloc    ] GC(155) y: Small Pages:                   12            8            0          24M           2M           2M 
[2026-04-03T02:27:04.205+0600][90.849s][info][gc,reloc    ] GC(155) y: Medium Pages:                   1            0            0          32M           0M           0M 
[2026-04-03T02:27:04.205+0600][90.849s][info][gc,reloc    ] GC(155) y: Large Pages:                   55            0            0         330M         324M           0M 
[2026-04-03T02:27:04.205+0600][90.849s][info][gc,reloc    ] GC(155) y: Forwarding Usage: 0M
[2026-04-03T02:27:04.205+0600][90.849s][info][gc,reloc    ] GC(155) y: Age Table:
[2026-04-03T02:27:04.205+0600][90.849s][info][gc,reloc    ] GC(155) y:                    Live             Garbage             Small              Medium             Large        
[2026-04-03T02:27:04.205+0600][90.849s][info][gc,reloc    ] GC(155) y: Eden               9M (1%)          346M (28%)          9 / 7              1 / 0             51 / 0        
[2026-04-03T02:27:04.205+0600][90.849s][info][gc,reloc    ] GC(155) y: Survivor 1         1M (0%)           28M (2%)           3 / 1              0 / 0              4 / 0        
[2026-04-03T02:27:04.205+0600][90.849s][info][gc,heap     ] GC(155) y: Min Capacity: 8M(1%)
[2026-04-03T02:27:04.205+0600][90.849s][info][gc,heap     ] GC(155) y: Max Capacity: 1250M(100%)
[2026-04-03T02:27:04.205+0600][90.849s][info][gc,heap     ] GC(155) y: Soft Max Capacity: 1250M(100%)
[2026-04-03T02:27:04.205+0600][90.849s][info][gc,heap     ] GC(155) y: Heap Statistics:
[2026-04-03T02:27:04.205+0600][90.850s][info][gc,heap     ] GC(155) y:                Mark Start          Mark End        Relocate Start      Relocate End           High               Low         
[2026-04-03T02:27:04.205+0600][90.850s][info][gc,heap     ] GC(155) y:  Capacity:     1250M (100%)       1250M (100%)       1250M (100%)       1250M (100%)       1250M (100%)       1250M (100%)   
[2026-04-03T02:27:04.205+0600][90.850s][info][gc,heap     ] GC(155) y:      Free:      650M (52%)         566M (45%)         892M (71%)         902M (72%)         902M (72%)         566M (45%)    
[2026-04-03T02:27:04.205+0600][90.850s][info][gc,heap     ] GC(155) y:      Used:      600M (48%)         684M (55%)         358M (29%)         348M (28%)         684M (55%)         348M (28%)    
[2026-04-03T02:27:04.205+0600][90.850s][info][gc,heap     ] GC(155) y: Young Generation Statistics:
[2026-04-03T02:27:04.205+0600][90.850s][info][gc,heap     ] GC(155) y:                Mark Start          Mark End        Relocate Start      Relocate End    
[2026-04-03T02:27:04.205+0600][90.850s][info][gc,heap     ] GC(155) y:      Used:      386M (31%)         470M (38%)         144M (12%)         134M (11%)    
[2026-04-03T02:27:04.205+0600][90.850s][info][gc,heap     ] GC(155) y:      Live:         -                10M (1%)           10M (1%)           10M (1%)     
[2026-04-03T02:27:04.205+0600][90.850s][info][gc,heap     ] GC(155) y:   Garbage:         -               375M (30%)          49M (4%)           32M (3%)     
[2026-04-03T02:27:04.205+0600][90.850s][info][gc,heap     ] GC(155) y: Allocated:         -                84M (7%)           84M (7%)           91M (7%)     
[2026-04-03T02:27:04.205+0600][90.850s][info][gc,heap     ] GC(155) y: Reclaimed:         -                  -               326M (26%)         343M (27%)    
[2026-04-03T02:27:04.205+0600][90.850s][info][gc,heap     ] GC(155) y:  Promoted:         -                  -                 0M (0%)            0M (0%)     
[2026-04-03T02:27:04.205+0600][90.850s][info][gc,heap     ] GC(155) y: Compacted:         -                  -                  -                 2M (0%)     
[2026-04-03T02:27:04.205+0600][90.850s][info][gc,phases   ] GC(155) y: Young Generation 600M(48%)->348M(28%) 0.026s
[2026-04-03T02:27:04.205+0600][90.850s][info][gc          ] GC(155) Minor Collection (Allocation Rate) 600M(48%)->348M(28%) 0.027s
[2026-04-03T02:27:04.268+0600][90.913s][info][gc          ] GC(156) Minor Collection (Allocation Rate)
[2026-04-03T02:27:04.268+0600][90.913s][info][gc,task     ] GC(156) Using 2 Workers for Young Generation
[2026-04-03T02:27:04.268+0600][90.913s][info][gc,phases   ] GC(156) y: Young Generation
[2026-04-03T02:27:04.268+0600][90.913s][info][gc,phases   ] GC(156) y: Pause Mark Start 0.019ms
[2026-04-03T02:27:04.294+0600][90.939s][info][gc,phases   ] GC(156) y: Concurrent Mark 26.003ms
[2026-04-03T02:27:04.295+0600][90.939s][info][gc,phases   ] GC(156) y: Pause Mark End 0.031ms
[2026-04-03T02:27:04.295+0600][90.939s][info][gc,phases   ] GC(156) y: Concurrent Mark Free 0.003ms
[2026-04-03T02:27:04.295+0600][90.940s][info][gc,phases   ] GC(156) y: Concurrent Reset Relocation Set 0.004ms
[2026-04-03T02:27:04.298+0600][90.942s][info][gc,reloc    ] GC(156) y: Using tenuring threshold: 3 (Computed)
[2026-04-03T02:27:04.298+0600][90.943s][info][gc,phases   ] GC(156) y: Concurrent Select Relocation Set 3.099ms
[2026-04-03T02:27:04.298+0600][90.943s][info][gc,phases   ] GC(156) y: Pause Relocate Start 0.016ms
[2026-04-03T02:27:04.301+0600][90.946s][info][gc,phases   ] GC(156) y: Concurrent Relocate 2.896ms
[2026-04-03T02:27:04.301+0600][90.946s][info][gc,alloc    ] GC(156) y:                         Mark Start        Mark End      Relocate Start    Relocate End   
[2026-04-03T02:27:04.301+0600][90.946s][info][gc,alloc    ] GC(156) y: Allocation Stalls:          0                0                0                0         
[2026-04-03T02:27:04.301+0600][90.946s][info][gc,load     ] GC(156) y: Load: 5.35 (45%) / 5.90 (49%) / 5.86 (49%)
[2026-04-03T02:27:04.301+0600][90.946s][info][gc,mmu      ] GC(156) y: MMU: 2ms/95.1%, 5ms/97.6%, 10ms/98.7%, 20ms/99.4%, 50ms/99.6%, 100ms/99.8%
[2026-04-03T02:27:04.301+0600][90.946s][info][gc,marking  ] GC(156) y: Mark: 2 stripe(s), 2 proactive flush(es), 1 terminate flush(es), 0 completion(s), 0 continuation(s) 
[2026-04-03T02:27:04.301+0600][90.946s][info][gc,marking  ] GC(156) y: Mark Stack Usage: 32M
[2026-04-03T02:27:04.301+0600][90.946s][info][gc,nmethod  ] GC(156) y: NMethods: 14468 registered, 3624 unregistered
[2026-04-03T02:27:04.301+0600][90.946s][info][gc,metaspace] GC(156) y: Metaspace: 128M used, 130M committed, 1152M reserved
[2026-04-03T02:27:04.301+0600][90.946s][info][gc,reloc    ] GC(156) y:                        Candidates     Selected     In-Place         Size        Empty    Relocated 
[2026-04-03T02:27:04.301+0600][90.946s][info][gc,reloc    ] GC(156) y: Small Pages:                   50           34            0         100M          26M           3M 
[2026-04-03T02:27:04.301+0600][90.946s][info][gc,reloc    ] GC(156) y: Medium Pages:                   2            0            0          64M          64M           0M 
[2026-04-03T02:27:04.301+0600][90.946s][info][gc,reloc    ] GC(156) y: Large Pages:                    7            0            0          42M          42M           0M 
[2026-04-03T02:27:04.301+0600][90.946s][info][gc,reloc    ] GC(156) y: Forwarding Usage: 0M
[2026-04-03T02:27:04.301+0600][90.946s][info][gc,reloc    ] GC(156) y: Age Table:
[2026-04-03T02:27:04.301+0600][90.946s][info][gc,reloc    ] GC(156) y:                    Live             Garbage             Small              Medium             Large        
[2026-04-03T02:27:04.302+0600][90.946s][info][gc,reloc    ] GC(156) y: Eden               3M (0%)          152M (12%)         44 / 33             1 / 0              6 / 0        
[2026-04-03T02:27:04.302+0600][90.946s][info][gc,reloc    ] GC(156) y: Survivor 1          -                44M (4%)           3 / 0              1 / 0              1 / 0        
[2026-04-03T02:27:04.302+0600][90.946s][info][gc,reloc    ] GC(156) y: Survivor 2         0M (0%)            5M (0%)           3 / 1              0 / 0              0 / 0        
[2026-04-03T02:27:04.302+0600][90.946s][info][gc,heap     ] GC(156) y: Min Capacity: 8M(1%)
[2026-04-03T02:27:04.302+0600][90.946s][info][gc,heap     ] GC(156) y: Max Capacity: 1250M(100%)
[2026-04-03T02:27:04.302+0600][90.946s][info][gc,heap     ] GC(156) y: Soft Max Capacity: 1250M(100%)
[2026-04-03T02:27:04.302+0600][90.946s][info][gc,heap     ] GC(156) y: Heap Statistics:
[2026-04-03T02:27:04.302+0600][90.946s][info][gc,heap     ] GC(156) y:                Mark Start          Mark End        Relocate Start      Relocate End           High               Low         
[2026-04-03T02:27:04.302+0600][90.946s][info][gc,heap     ] GC(156) y:  Capacity:     1250M (100%)       1250M (100%)       1250M (100%)       1250M (100%)       1250M (100%)       1250M (100%)   
[2026-04-03T02:27:04.302+0600][90.946s][info][gc,heap     ] GC(156) y:      Free:      830M (66%)         758M (61%)         890M (71%)         936M (75%)         936M (75%)         558M (45%)    
[2026-04-03T02:27:04.302+0600][90.946s][info][gc,heap     ] GC(156) y:      Used:      420M (34%)         492M (39%)         360M (29%)         314M (25%)         692M (55%)         314M (25%)    
[2026-04-03T02:27:04.302+0600][90.946s][info][gc,heap     ] GC(156) y: Young Generation Statistics:
[2026-04-03T02:27:04.302+0600][90.946s][info][gc,heap     ] GC(156) y:                Mark Start          Mark End        Relocate Start      Relocate End    
[2026-04-03T02:27:04.302+0600][90.946s][info][gc,heap     ] GC(156) y:      Used:      206M (16%)         278M (22%)         146M (12%)         100M (8%)     
[2026-04-03T02:27:04.302+0600][90.946s][info][gc,heap     ] GC(156) y:      Live:         -                 4M (0%)            4M (0%)            4M (0%)     
[2026-04-03T02:27:04.302+0600][90.946s][info][gc,heap     ] GC(156) y:   Garbage:         -               201M (16%)          69M (6%)            0M (0%)     
[2026-04-03T02:27:04.302+0600][90.946s][info][gc,heap     ] GC(156) y: Allocated:         -                72M (6%)           72M (6%)           95M (8%)     
[2026-04-03T02:27:04.302+0600][90.946s][info][gc,heap     ] GC(156) y: Reclaimed:         -                  -               132M (11%)         201M (16%)    
[2026-04-03T02:27:04.302+0600][90.946s][info][gc,heap     ] GC(156) y:  Promoted:         -                  -                 0M (0%)            0M (0%)     
[2026-04-03T02:27:04.302+0600][90.946s][info][gc,heap     ] GC(156) y: Compacted:         -                  -                  -                 4M (0%)     
[2026-04-03T02:27:04.302+0600][90.946s][info][gc,phases   ] GC(156) y: Young Generation 420M(34%)->314M(25%) 0.033s
[2026-04-03T02:27:04.302+0600][90.947s][info][gc          ] GC(156) Minor Collection (Allocation Rate) 420M(34%)->314M(25%) 0.034s
[2026-04-03T02:27:04.890+0600][91.535s][info][gc          ] GC(157) Minor Collection (Allocation Rate)
[2026-04-03T02:27:04.890+0600][91.535s][info][gc,task     ] GC(157) Using 2 Workers for Young Generation
[2026-04-03T02:27:04.890+0600][91.535s][info][gc,phases   ] GC(157) y: Young Generation
[2026-04-03T02:27:04.891+0600][91.535s][info][gc,phases   ] GC(157) y: Pause Mark Start 0.020ms
[2026-04-03T02:27:04.914+0600][91.559s][info][gc,phases   ] GC(157) y: Concurrent Mark 23.442ms
[2026-04-03T02:27:04.914+0600][91.559s][info][gc,phases   ] GC(157) y: Pause Mark End 0.055ms
[2026-04-03T02:27:04.915+0600][91.559s][info][gc,phases   ] GC(157) y: Concurrent Mark Free 0.002ms
[2026-04-03T02:27:04.915+0600][91.559s][info][gc,phases   ] GC(157) y: Concurrent Reset Relocation Set 0.007ms
[2026-04-03T02:27:04.917+0600][91.562s][info][gc,reloc    ] GC(157) y: Using tenuring threshold: 4 (Computed)
[2026-04-03T02:27:04.918+0600][91.562s][info][gc,phases   ] GC(157) y: Concurrent Select Relocation Set 2.929ms
[2026-04-03T02:27:04.918+0600][91.562s][info][gc,phases   ] GC(157) y: Pause Relocate Start 0.019ms
[2026-04-03T02:27:04.921+0600][91.566s][info][gc,phases   ] GC(157) y: Concurrent Relocate 3.189ms
[2026-04-03T02:27:04.921+0600][91.566s][info][gc,alloc    ] GC(157) y:                         Mark Start        Mark End      Relocate Start    Relocate End   
[2026-04-03T02:27:04.921+0600][91.566s][info][gc,alloc    ] GC(157) y: Allocation Stalls:          0                0                0                0         
[2026-04-03T02:27:04.921+0600][91.566s][info][gc,load     ] GC(157) y: Load: 5.64 (47%) / 5.95 (50%) / 5.88 (49%)
[2026-04-03T02:27:04.921+0600][91.566s][info][gc,mmu      ] GC(157) y: MMU: 2ms/95.1%, 5ms/97.6%, 10ms/98.7%, 20ms/99.4%, 50ms/99.6%, 100ms/99.8%
[2026-04-03T02:27:04.921+0600][91.566s][info][gc,marking  ] GC(157) y: Mark: 2 stripe(s), 2 proactive flush(es), 1 terminate flush(es), 0 completion(s), 0 continuation(s) 
[2026-04-03T02:27:04.921+0600][91.566s][info][gc,marking  ] GC(157) y: Mark Stack Usage: 32M
[2026-04-03T02:27:04.921+0600][91.566s][info][gc,nmethod  ] GC(157) y: NMethods: 14491 registered, 3624 unregistered
[2026-04-03T02:27:04.921+0600][91.566s][info][gc,metaspace] GC(157) y: Metaspace: 128M used, 130M committed, 1152M reserved
[2026-04-03T02:27:04.921+0600][91.566s][info][gc,reloc    ] GC(157) y:                        Candidates     Selected     In-Place         Size        Empty    Relocated 
[2026-04-03T02:27:04.921+0600][91.566s][info][gc,reloc    ] GC(157) y: Small Pages:                  195          161            0         390M          64M           3M 
[2026-04-03T02:27:04.921+0600][91.566s][info][gc,reloc    ] GC(157) y: Medium Pages:                   2            0            0          64M          64M           0M 
[2026-04-03T02:27:04.921+0600][91.566s][info][gc,reloc    ] GC(157) y: Large Pages:                    8            0            0          48M          48M           0M 
[2026-04-03T02:27:04.921+0600][91.566s][info][gc,reloc    ] GC(157) y: Forwarding Usage: 0M
[2026-04-03T02:27:04.921+0600][91.566s][info][gc,reloc    ] GC(157) y: Age Table:
[2026-04-03T02:27:04.921+0600][91.566s][info][gc,reloc    ] GC(157) y:                    Live             Garbage             Small              Medium             Large        
[2026-04-03T02:27:04.921+0600][91.566s][info][gc,reloc    ] GC(157) y: Eden               1M (0%)          472M (38%)        181 / 149            2 / 0              8 / 0        
[2026-04-03T02:27:04.921+0600][91.566s][info][gc,reloc    ] GC(157) y: Survivor 1         0M (0%)           23M (2%)          12 / 10             0 / 0              0 / 0        
[2026-04-03T02:27:04.921+0600][91.566s][info][gc,reloc    ] GC(157) y: Survivor 2          -                 0M (0%)           0 / 0              0 / 0              0 / 0        
[2026-04-03T02:27:04.921+0600][91.566s][info][gc,reloc    ] GC(157) y: Survivor 3         0M (0%)            3M (0%)           2 / 2              0 / 0              0 / 0        
[2026-04-03T02:27:04.921+0600][91.566s][info][gc,heap     ] GC(157) y: Min Capacity: 8M(1%)
[2026-04-03T02:27:04.921+0600][91.566s][info][gc,heap     ] GC(157) y: Max Capacity: 1250M(100%)
[2026-04-03T02:27:04.922+0600][91.566s][info][gc,heap     ] GC(157) y: Soft Max Capacity: 1250M(100%)
[2026-04-03T02:27:04.922+0600][91.566s][info][gc,heap     ] GC(157) y: Heap Statistics:
[2026-04-03T02:27:04.922+0600][91.566s][info][gc,heap     ] GC(157) y:                Mark Start          Mark End        Relocate Start      Relocate End           High               Low         
[2026-04-03T02:27:04.922+0600][91.566s][info][gc,heap     ] GC(157) y:  Capacity:     1250M (100%)       1250M (100%)       1250M (100%)       1250M (100%)       1250M (100%)       1250M (100%)   
[2026-04-03T02:27:04.922+0600][91.566s][info][gc,heap     ] GC(157) y:      Free:      534M (43%)         502M (40%)         678M (54%)         978M (78%)         978M (78%)         502M (40%)    
[2026-04-03T02:27:04.922+0600][91.566s][info][gc,heap     ] GC(157) y:      Used:      716M (57%)         748M (60%)         572M (46%)         272M (22%)         748M (60%)         272M (22%)    
[2026-04-03T02:27:04.922+0600][91.566s][info][gc,heap     ] GC(157) y: Young Generation Statistics:
[2026-04-03T02:27:04.922+0600][91.566s][info][gc,heap     ] GC(157) y:                Mark Start          Mark End        Relocate Start      Relocate End    
[2026-04-03T02:27:04.922+0600][91.566s][info][gc,heap     ] GC(157) y:      Used:      502M (40%)         534M (43%)         358M (29%)          58M (5%)     
[2026-04-03T02:27:04.922+0600][91.566s][info][gc,heap     ] GC(157) y:      Live:         -                 3M (0%)            3M (0%)            3M (0%)     
[2026-04-03T02:27:04.922+0600][91.566s][info][gc,heap     ] GC(157) y:   Garbage:         -               498M (40%)         322M (26%)           0M (0%)     
[2026-04-03T02:27:04.922+0600][91.566s][info][gc,heap     ] GC(157) y: Allocated:         -                32M (3%)           32M (3%)           54M (4%)     
[2026-04-03T02:27:04.922+0600][91.566s][info][gc,heap     ] GC(157) y: Reclaimed:         -                  -               176M (14%)         498M (40%)    
[2026-04-03T02:27:04.922+0600][91.566s][info][gc,heap     ] GC(157) y:  Promoted:         -                  -                 0M (0%)            0M (0%)     
[2026-04-03T02:27:04.922+0600][91.566s][info][gc,heap     ] GC(157) y: Compacted:         -                  -                  -                 3M (0%)     
[2026-04-03T02:27:04.922+0600][91.566s][info][gc,phases   ] GC(157) y: Young Generation 716M(57%)->272M(22%) 0.031s
[2026-04-03T02:27:04.922+0600][91.566s][info][gc          ] GC(157) Minor Collection (Allocation Rate) 716M(57%)->272M(22%) 0.031s
[2026-04-03T02:27:05.028+0600][91.672s][info][gc          ] GC(158) Minor Collection (Allocation Rate)
[2026-04-03T02:27:05.028+0600][91.673s][info][gc,task     ] GC(158) Using 1 Workers for Young Generation
[2026-04-03T02:27:05.028+0600][91.673s][info][gc,phases   ] GC(158) y: Young Generation
[2026-04-03T02:27:05.028+0600][91.673s][info][gc,phases   ] GC(158) y: Pause Mark Start 0.022ms
[2026-04-03T02:27:05.065+0600][91.710s][info][gc,phases   ] GC(158) y: Concurrent Mark 36.684ms
[2026-04-03T02:27:05.065+0600][91.710s][info][gc,phases   ] GC(158) y: Pause Mark End 0.025ms
[2026-04-03T02:27:05.065+0600][91.710s][info][gc,phases   ] GC(158) y: Concurrent Mark Free 0.002ms
[2026-04-03T02:27:05.065+0600][91.710s][info][gc,phases   ] GC(158) y: Concurrent Reset Relocation Set 0.016ms
[2026-04-03T02:27:05.067+0600][91.712s][info][gc,reloc    ] GC(158) y: Using tenuring threshold: 5 (Computed)
[2026-04-03T02:27:05.068+0600][91.712s][info][gc,phases   ] GC(158) y: Concurrent Select Relocation Set 2.341ms
[2026-04-03T02:27:05.068+0600][91.713s][info][gc,phases   ] GC(158) y: Pause Relocate Start 0.013ms
[2026-04-03T02:27:05.074+0600][91.719s][info][gc,phases   ] GC(158) y: Concurrent Relocate 6.357ms
[2026-04-03T02:27:05.074+0600][91.719s][info][gc,alloc    ] GC(158) y:                         Mark Start        Mark End      Relocate Start    Relocate End   
[2026-04-03T02:27:05.074+0600][91.719s][info][gc,alloc    ] GC(158) y: Allocation Stalls:          0                0                0                0         
[2026-04-03T02:27:05.074+0600][91.719s][info][gc,load     ] GC(158) y: Load: 5.64 (47%) / 5.95 (50%) / 5.88 (49%)
[2026-04-03T02:27:05.074+0600][91.719s][info][gc,mmu      ] GC(158) y: MMU: 2ms/95.1%, 5ms/97.6%, 10ms/98.7%, 20ms/99.4%, 50ms/99.6%, 100ms/99.8%
[2026-04-03T02:27:05.074+0600][91.719s][info][gc,marking  ] GC(158) y: Mark: 1 stripe(s), 2 proactive flush(es), 1 terminate flush(es), 0 completion(s), 0 continuation(s) 
[2026-04-03T02:27:05.074+0600][91.719s][info][gc,marking  ] GC(158) y: Mark Stack Usage: 32M
[2026-04-03T02:27:05.074+0600][91.719s][info][gc,nmethod  ] GC(158) y: NMethods: 14491 registered, 3624 unregistered
[2026-04-03T02:27:05.074+0600][91.719s][info][gc,metaspace] GC(158) y: Metaspace: 128M used, 130M committed, 1152M reserved
[2026-04-03T02:27:05.074+0600][91.719s][info][gc,reloc    ] GC(158) y:                        Candidates     Selected     In-Place         Size        Empty    Relocated 
[2026-04-03T02:27:05.074+0600][91.719s][info][gc,reloc    ] GC(158) y: Small Pages:                   53           45            0         106M          10M           3M 
[2026-04-03T02:27:05.074+0600][91.719s][info][gc,reloc    ] GC(158) y: Medium Pages:                   1            0            0          32M          32M           0M 
[2026-04-03T02:27:05.074+0600][91.719s][info][gc,reloc    ] GC(158) y: Large Pages:                    2            0            0          12M          12M           0M 
[2026-04-03T02:27:05.074+0600][91.719s][info][gc,reloc    ] GC(158) y: Forwarding Usage: 0M
[2026-04-03T02:27:05.074+0600][91.719s][info][gc,reloc    ] GC(158) y: Age Table:
[2026-04-03T02:27:05.074+0600][91.719s][info][gc,reloc    ] GC(158) y:                    Live             Garbage             Small              Medium             Large        
[2026-04-03T02:27:05.075+0600][91.719s][info][gc,reloc    ] GC(158) y: Eden               1M (0%)          122M (10%)         40 / 33             1 / 0              2 / 0        
[2026-04-03T02:27:05.075+0600][91.719s][info][gc,reloc    ] GC(158) y: Survivor 1         1M (0%)            2M (0%)           2 / 1              0 / 0              0 / 0        
[2026-04-03T02:27:05.075+0600][91.719s][info][gc,reloc    ] GC(158) y: Survivor 2         0M (0%)           17M (1%)           9 / 9              0 / 0              0 / 0        
[2026-04-03T02:27:05.075+0600][91.719s][info][gc,reloc    ] GC(158) y: Survivor 3          -                 0M (0%)           0 / 0              0 / 0              0 / 0        
[2026-04-03T02:27:05.075+0600][91.719s][info][gc,reloc    ] GC(158) y: Survivor 4         0M (0%)            3M (0%)           2 / 2              0 / 0              0 / 0        
[2026-04-03T02:27:05.075+0600][91.719s][info][gc,heap     ] GC(158) y: Min Capacity: 8M(1%)
[2026-04-03T02:27:05.075+0600][91.719s][info][gc,heap     ] GC(158) y: Max Capacity: 1250M(100%)
[2026-04-03T02:27:05.075+0600][91.719s][info][gc,heap     ] GC(158) y: Soft Max Capacity: 1250M(100%)
[2026-04-03T02:27:05.075+0600][91.719s][info][gc,heap     ] GC(158) y: Heap Statistics:
[2026-04-03T02:27:05.075+0600][91.719s][info][gc,heap     ] GC(158) y:                Mark Start          Mark End        Relocate Start      Relocate End           High               Low         
[2026-04-03T02:27:05.075+0600][91.719s][info][gc,heap     ] GC(158) y:  Capacity:     1250M (100%)       1250M (100%)       1250M (100%)       1250M (100%)       1250M (100%)       1250M (100%)   
[2026-04-03T02:27:05.075+0600][91.719s][info][gc,heap     ] GC(158) y:      Free:      886M (71%)         812M (65%)         866M (69%)         936M (75%)         936M (75%)         812M (65%)    
[2026-04-03T02:27:05.075+0600][91.719s][info][gc,heap     ] GC(158) y:      Used:      364M (29%)         438M (35%)         384M (31%)         314M (25%)         438M (35%)         314M (25%)    
[2026-04-03T02:27:05.075+0600][91.719s][info][gc,heap     ] GC(158) y: Young Generation Statistics:
[2026-04-03T02:27:05.075+0600][91.719s][info][gc,heap     ] GC(158) y:                Mark Start          Mark End        Relocate Start      Relocate End    
[2026-04-03T02:27:05.075+0600][91.719s][info][gc,heap     ] GC(158) y:      Used:      150M (12%)         224M (18%)         170M (14%)         100M (8%)     
[2026-04-03T02:27:05.075+0600][91.719s][info][gc,heap     ] GC(158) y:      Live:         -                 4M (0%)            4M (0%)            4M (0%)     
[2026-04-03T02:27:05.075+0600][91.719s][info][gc,heap     ] GC(158) y:   Garbage:         -               145M (12%)          91M (7%)            0M (0%)     
[2026-04-03T02:27:05.075+0600][91.719s][info][gc,heap     ] GC(158) y: Allocated:         -                74M (6%)           74M (6%)           95M (8%)     
[2026-04-03T02:27:05.075+0600][91.720s][info][gc,heap     ] GC(158) y: Reclaimed:         -                  -                54M (4%)          145M (12%)    
[2026-04-03T02:27:05.075+0600][91.720s][info][gc,heap     ] GC(158) y:  Promoted:         -                  -                 0M (0%)            0M (0%)     
[2026-04-03T02:27:05.075+0600][91.720s][info][gc,heap     ] GC(158) y: Compacted:         -                  -                  -                 4M (0%)     
[2026-04-03T02:27:05.075+0600][91.720s][info][gc,phases   ] GC(158) y: Young Generation 364M(29%)->314M(25%) 0.046s
[2026-04-03T02:27:05.075+0600][91.720s][info][gc          ] GC(158) Minor Collection (Allocation Rate) 364M(29%)->314M(25%) 0.047s
[2026-04-03T02:27:05.147+0600][91.792s][info][gc          ] GC(159) Minor Collection (Allocation Rate)
[2026-04-03T02:27:05.147+0600][91.792s][info][gc,task     ] GC(159) Using 1 Workers for Young Generation
[2026-04-03T02:27:05.147+0600][91.792s][info][gc,phases   ] GC(159) y: Young Generation
[2026-04-03T02:27:05.148+0600][91.792s][info][gc,phases   ] GC(159) y: Pause Mark Start 0.025ms
[2026-04-03T02:27:05.193+0600][91.838s][info][gc,phases   ] GC(159) y: Concurrent Mark 45.251ms
[2026-04-03T02:27:05.193+0600][91.838s][info][gc,phases   ] GC(159) y: Pause Mark End 0.026ms
[2026-04-03T02:27:05.193+0600][91.838s][info][gc,phases   ] GC(159) y: Concurrent Mark Free 0.003ms
[2026-04-03T02:27:05.194+0600][91.838s][info][gc,phases   ] GC(159) y: Concurrent Reset Relocation Set 0.011ms
[2026-04-03T02:27:05.196+0600][91.841s][info][gc,reloc    ] GC(159) y: Using tenuring threshold: 1 (Computed)
[2026-04-03T02:27:05.198+0600][91.843s][info][gc,phases   ] GC(159) y: Concurrent Select Relocation Set 4.595ms
[2026-04-03T02:27:05.198+0600][91.843s][info][gc,phases   ] GC(159) y: Pause Relocate Start 0.013ms
[2026-04-03T02:27:05.208+0600][91.853s][info][gc,phases   ] GC(159) y: Concurrent Relocate 9.620ms
[2026-04-03T02:27:05.208+0600][91.853s][info][gc,alloc    ] GC(159) y:                         Mark Start        Mark End      Relocate Start    Relocate End   
[2026-04-03T02:27:05.208+0600][91.853s][info][gc,alloc    ] GC(159) y: Allocation Stalls:          0                0                0                0         
[2026-04-03T02:27:05.208+0600][91.853s][info][gc,load     ] GC(159) y: Load: 5.64 (47%) / 5.95 (50%) / 5.88 (49%)
[2026-04-03T02:27:05.208+0600][91.853s][info][gc,mmu      ] GC(159) y: MMU: 2ms/95.1%, 5ms/97.6%, 10ms/98.7%, 20ms/99.4%, 50ms/99.6%, 100ms/99.8%
[2026-04-03T02:27:05.208+0600][91.853s][info][gc,marking  ] GC(159) y: Mark: 1 stripe(s), 2 proactive flush(es), 1 terminate flush(es), 0 completion(s), 0 continuation(s) 
[2026-04-03T02:27:05.208+0600][91.853s][info][gc,marking  ] GC(159) y: Mark Stack Usage: 32M
[2026-04-03T02:27:05.208+0600][91.853s][info][gc,nmethod  ] GC(159) y: NMethods: 14493 registered, 3624 unregistered
[2026-04-03T02:27:05.208+0600][91.853s][info][gc,metaspace] GC(159) y: Metaspace: 128M used, 130M committed, 1152M reserved
[2026-04-03T02:27:05.208+0600][91.853s][info][gc,reloc    ] GC(159) y:                        Candidates     Selected     In-Place         Size        Empty    Relocated 
[2026-04-03T02:27:05.208+0600][91.853s][info][gc,reloc    ] GC(159) y: Small Pages:                   52           48            0         104M           0M           4M 
[2026-04-03T02:27:05.208+0600][91.853s][info][gc,reloc    ] GC(159) y: Medium Pages:                   1            0            0          32M          32M           0M 
[2026-04-03T02:27:05.208+0600][91.853s][info][gc,reloc    ] GC(159) y: Large Pages:                    2            0            0          12M          12M           0M 
[2026-04-03T02:27:05.208+0600][91.853s][info][gc,reloc    ] GC(159) y: Forwarding Usage: 0M
[2026-04-03T02:27:05.208+0600][91.853s][info][gc,reloc    ] GC(159) y: Age Table:
[2026-04-03T02:27:05.208+0600][91.853s][info][gc,reloc    ] GC(159) y:                    Live             Garbage             Small              Medium             Large        
[2026-04-03T02:27:05.208+0600][91.853s][info][gc,reloc    ] GC(159) y: Eden               3M (0%)          120M (10%)         40 / 37             1 / 0              2 / 0        
[2026-04-03T02:27:05.208+0600][91.853s][info][gc,reloc    ] GC(159) y: Survivor 1         0M (0%)            1M (0%)           1 / 1              0 / 0              0 / 0        
[2026-04-03T02:27:05.208+0600][91.853s][info][gc,reloc    ] GC(159) y: Survivor 2         1M (0%)            0M (0%)           1 / 0              0 / 0              0 / 0        
[2026-04-03T02:27:05.208+0600][91.853s][info][gc,reloc    ] GC(159) y: Survivor 3         0M (0%)           17M (1%)           9 / 9              0 / 0              0 / 0        
[2026-04-03T02:27:05.208+0600][91.853s][info][gc,reloc    ] GC(159) y: Survivor 4          -                 0M (0%)           0 / 0              0 / 0              0 / 0        
[2026-04-03T02:27:05.208+0600][91.853s][info][gc,reloc    ] GC(159) y: Survivor 5         0M (0%)            1M (0%)           1 / 1              0 / 0              0 / 0        
[2026-04-03T02:27:05.208+0600][91.853s][info][gc,heap     ] GC(159) y: Min Capacity: 8M(1%)
[2026-04-03T02:27:05.208+0600][91.853s][info][gc,heap     ] GC(159) y: Max Capacity: 1250M(100%)
[2026-04-03T02:27:05.208+0600][91.853s][info][gc,heap     ] GC(159) y: Soft Max Capacity: 1250M(100%)
[2026-04-03T02:27:05.208+0600][91.853s][info][gc,heap     ] GC(159) y: Heap Statistics:
[2026-04-03T02:27:05.208+0600][91.853s][info][gc,heap     ] GC(159) y:                Mark Start          Mark End        Relocate Start      Relocate End           High               Low         
[2026-04-03T02:27:05.208+0600][91.853s][info][gc,heap     ] GC(159) y:  Capacity:     1250M (100%)       1250M (100%)       1250M (100%)       1250M (100%)       1250M (100%)       1250M (100%)   
[2026-04-03T02:27:05.208+0600][91.853s][info][gc,heap     ] GC(159) y:      Free:      888M (71%)         812M (65%)         856M (68%)         950M (76%)         950M (76%)         812M (65%)    
[2026-04-03T02:27:05.208+0600][91.853s][info][gc,heap     ] GC(159) y:      Used:      362M (29%)         438M (35%)         394M (32%)         300M (24%)         438M (35%)         300M (24%)    
[2026-04-03T02:27:05.209+0600][91.853s][info][gc,heap     ] GC(159) y: Young Generation Statistics:
[2026-04-03T02:27:05.209+0600][91.853s][info][gc,heap     ] GC(159) y:                Mark Start          Mark End        Relocate Start      Relocate End    
[2026-04-03T02:27:05.209+0600][91.853s][info][gc,heap     ] GC(159) y:      Used:      148M (12%)         224M (18%)         178M (14%)          80M (6%)     
[2026-04-03T02:27:05.209+0600][91.853s][info][gc,heap     ] GC(159) y:      Live:         -                 6M (1%)            4M (0%)            3M (0%)     
[2026-04-03T02:27:05.209+0600][91.853s][info][gc,heap     ] GC(159) y:   Garbage:         -               141M (11%)          97M (8%)            0M (0%)     
[2026-04-03T02:27:05.209+0600][91.853s][info][gc,heap     ] GC(159) y: Allocated:         -                76M (6%)           76M (6%)           76M (6%)     
[2026-04-03T02:27:05.209+0600][91.853s][info][gc,heap     ] GC(159) y: Reclaimed:         -                  -                44M (4%)          141M (11%)    
[2026-04-03T02:27:05.209+0600][91.853s][info][gc,heap     ] GC(159) y:  Promoted:         -                  -                 1M (0%)            3M (0%)     
[2026-04-03T02:27:05.209+0600][91.853s][info][gc,heap     ] GC(159) y: Compacted:         -                  -                  -                 3M (0%)     
[2026-04-03T02:27:05.209+0600][91.853s][info][gc,phases   ] GC(159) y: Young Generation 362M(29%)->300M(24%) 0.061s
[2026-04-03T02:27:05.209+0600][91.853s][info][gc          ] GC(159) Minor Collection (Allocation Rate) 362M(29%)->300M(24%) 0.061s
[2026-04-03T02:27:05.209+0600][91.853s][info][gc          ] GC(160) Major Collection (Allocation Rate)
[2026-04-03T02:27:05.209+0600][91.854s][info][gc,task     ] GC(160) Using 1 Workers for Young Generation
[2026-04-03T02:27:05.209+0600][91.854s][info][gc,task     ] GC(160) Using 1 Workers for Old Generation
[2026-04-03T02:27:05.209+0600][91.854s][info][gc,phases   ] GC(160) Y: Young Generation
[2026-04-03T02:27:05.209+0600][91.854s][info][gc,phases   ] GC(160) Y: Pause Mark Start (Major) 0.031ms
[2026-04-03T02:27:05.245+0600][91.890s][info][gc,phases   ] GC(160) Y: Concurrent Mark 36.020ms
[2026-04-03T02:27:05.246+0600][91.890s][info][gc,phases   ] GC(160) Y: Pause Mark End 0.022ms
[2026-04-03T02:27:05.246+0600][91.890s][info][gc,phases   ] GC(160) Y: Concurrent Mark Free 0.001ms
[2026-04-03T02:27:05.246+0600][91.891s][info][gc,phases   ] GC(160) Y: Concurrent Reset Relocation Set 0.012ms
[2026-04-03T02:27:05.248+0600][91.893s][info][gc,reloc    ] GC(160) Y: Using tenuring threshold: 2 (Computed)
[2026-04-03T02:27:05.249+0600][91.893s][info][gc,phases   ] GC(160) Y: Concurrent Select Relocation Set 2.777ms
[2026-04-03T02:27:05.249+0600][91.894s][info][gc,phases   ] GC(160) Y: Pause Relocate Start 0.020ms
[2026-04-03T02:27:05.253+0600][91.897s][info][gc,phases   ] GC(160) Y: Concurrent Relocate 3.577ms
[2026-04-03T02:27:05.253+0600][91.897s][info][gc,alloc    ] GC(160) Y:                         Mark Start        Mark End      Relocate Start    Relocate End   
[2026-04-03T02:27:05.253+0600][91.897s][info][gc,alloc    ] GC(160) Y: Allocation Stalls:          0                0                0                0         
[2026-04-03T02:27:05.253+0600][91.897s][info][gc,load     ] GC(160) Y: Load: 5.64 (47%) / 5.95 (50%) / 5.88 (49%)
[2026-04-03T02:27:05.253+0600][91.897s][info][gc,mmu      ] GC(160) Y: MMU: 2ms/95.1%, 5ms/97.6%, 10ms/98.7%, 20ms/99.4%, 50ms/99.6%, 100ms/99.8%
[2026-04-03T02:27:05.253+0600][91.897s][info][gc,marking  ] GC(160) Y: Mark: 1 stripe(s), 2 proactive flush(es), 1 terminate flush(es), 0 completion(s), 0 continuation(s) 
[2026-04-03T02:27:05.253+0600][91.897s][info][gc,marking  ] GC(160) Y: Mark Stack Usage: 32M
[2026-04-03T02:27:05.253+0600][91.897s][info][gc,nmethod  ] GC(160) Y: NMethods: 14494 registered, 3624 unregistered
[2026-04-03T02:27:05.253+0600][91.898s][info][gc,metaspace] GC(160) Y: Metaspace: 128M used, 130M committed, 1152M reserved
[2026-04-03T02:27:05.253+0600][91.898s][info][gc,reloc    ] GC(160) Y:                        Candidates     Selected     In-Place         Size        Empty    Relocated 
[2026-04-03T02:27:05.253+0600][91.898s][info][gc,reloc    ] GC(160) Y: Small Pages:                   21           19            0          42M           0M           2M 
[2026-04-03T02:27:05.253+0600][91.898s][info][gc,reloc    ] GC(160) Y: Medium Pages:                   1            0            0          32M          32M           0M 
[2026-04-03T02:27:05.253+0600][91.898s][info][gc,reloc    ] GC(160) Y: Large Pages:                    1            0            0           6M           6M           0M 
[2026-04-03T02:27:05.253+0600][91.898s][info][gc,reloc    ] GC(160) Y: Forwarding Usage: 0M
[2026-04-03T02:27:05.253+0600][91.898s][info][gc,reloc    ] GC(160) Y: Age Table:
[2026-04-03T02:27:05.253+0600][91.898s][info][gc,reloc    ] GC(160) Y:                    Live             Garbage             Small              Medium             Large        
[2026-04-03T02:27:05.253+0600][91.898s][info][gc,reloc    ] GC(160) Y: Eden               2M (0%)           73M (6%)          19 / 18             1 / 0              1 / 0        
[2026-04-03T02:27:05.253+0600][91.898s][info][gc,reloc    ] GC(160) Y: Survivor 1         0M (0%)            3M (0%)           2 / 1              0 / 0              0 / 0        
[2026-04-03T02:27:05.253+0600][91.898s][info][gc,heap     ] GC(160) Y: Min Capacity: 8M(1%)
[2026-04-03T02:27:05.253+0600][91.898s][info][gc,heap     ] GC(160) Y: Max Capacity: 1250M(100%)
[2026-04-03T02:27:05.253+0600][91.898s][info][gc,heap     ] GC(160) Y: Soft Max Capacity: 1250M(100%)
[2026-04-03T02:27:05.253+0600][91.898s][info][gc,heap     ] GC(160) Y: Heap Statistics:
[2026-04-03T02:27:05.253+0600][91.898s][info][gc,heap     ] GC(160) Y:                Mark Start          Mark End        Relocate Start      Relocate End           High               Low         
[2026-04-03T02:27:05.253+0600][91.898s][info][gc,heap     ] GC(160) Y:  Capacity:     1250M (100%)       1250M (100%)       1250M (100%)       1250M (100%)       1250M (100%)       1250M (100%)   
[2026-04-03T02:27:05.253+0600][91.898s][info][gc,heap     ] GC(160) Y:      Free:      950M (76%)         894M (72%)         926M (74%)         948M (76%)         950M (76%)         888M (71%)    
[2026-04-03T02:27:05.253+0600][91.898s][info][gc,heap     ] GC(160) Y:      Used:      300M (24%)         356M (28%)         324M (26%)         302M (24%)         362M (29%)         300M (24%)    
[2026-04-03T02:27:05.253+0600][91.898s][info][gc,heap     ] GC(160) Y: Young Generation Statistics:
[2026-04-03T02:27:05.253+0600][91.898s][info][gc,heap     ] GC(160) Y:                Mark Start          Mark End        Relocate Start      Relocate End    
[2026-04-03T02:27:05.253+0600][91.898s][info][gc,heap     ] GC(160) Y:      Used:       80M (6%)          136M (11%)         104M (8%)           82M (7%)     
[2026-04-03T02:27:05.253+0600][91.898s][info][gc,heap     ] GC(160) Y:      Live:         -                 2M (0%)            2M (0%)            2M (0%)     
[2026-04-03T02:27:05.253+0600][91.898s][info][gc,heap     ] GC(160) Y:   Garbage:         -                77M (6%)           39M (3%)            0M (0%)     
[2026-04-03T02:27:05.253+0600][91.898s][info][gc,heap     ] GC(160) Y: Allocated:         -                56M (4%)           62M (5%)           79M (6%)     
[2026-04-03T02:27:05.253+0600][91.898s][info][gc,heap     ] GC(160) Y: Reclaimed:         -                  -                38M (3%)           77M (6%)     
[2026-04-03T02:27:05.253+0600][91.898s][info][gc,heap     ] GC(160) Y:  Promoted:         -                  -                 0M (0%)            0M (0%)     
[2026-04-03T02:27:05.253+0600][91.898s][info][gc,heap     ] GC(160) Y: Compacted:         -                  -                  -                 2M (0%)     
[2026-04-03T02:27:05.253+0600][91.898s][info][gc,phases   ] GC(160) Y: Young Generation 300M(24%)->302M(24%) 0.044s
[2026-04-03T02:27:05.253+0600][91.898s][info][gc,phases   ] GC(160) O: Old Generation
[2026-04-03T02:27:05.276+0600][91.921s][info][gc          ] GC(161) Minor Collection (Allocation Rate)
[2026-04-03T02:27:05.276+0600][91.921s][info][gc,task     ] GC(161) Using 1 Workers for Young Generation
[2026-04-03T02:27:05.276+0600][91.921s][info][gc,phases   ] GC(161) y: Young Generation
[2026-04-03T02:27:05.276+0600][91.921s][info][gc,phases   ] GC(161) y: Pause Mark Start 0.039ms
[2026-04-03T02:27:05.317+0600][91.962s][info][gc,phases   ] GC(161) y: Concurrent Mark 40.519ms
[2026-04-03T02:27:05.317+0600][91.962s][info][gc,phases   ] GC(161) y: Pause Mark End 0.026ms
[2026-04-03T02:27:05.317+0600][91.962s][info][gc,phases   ] GC(161) y: Concurrent Mark Free 0.002ms
[2026-04-03T02:27:05.317+0600][91.962s][info][gc,phases   ] GC(161) y: Concurrent Reset Relocation Set 0.006ms
[2026-04-03T02:27:05.319+0600][91.964s][info][gc,reloc    ] GC(161) y: Using tenuring threshold: 2 (Computed)
[2026-04-03T02:27:05.320+0600][91.965s][info][gc,phases   ] GC(161) y: Concurrent Select Relocation Set 2.515ms
[2026-04-03T02:27:05.320+0600][91.965s][info][gc,phases   ] GC(161) y: Pause Relocate Start 0.018ms
[2026-04-03T02:27:05.325+0600][91.970s][info][gc,phases   ] GC(161) y: Concurrent Relocate 4.536ms
[2026-04-03T02:27:05.325+0600][91.970s][info][gc,alloc    ] GC(161) y:                         Mark Start        Mark End      Relocate Start    Relocate End   
[2026-04-03T02:27:05.325+0600][91.970s][info][gc,alloc    ] GC(161) y: Allocation Stalls:          0                0                0                0         
[2026-04-03T02:27:05.325+0600][91.970s][info][gc,load     ] GC(161) y: Load: 5.64 (47%) / 5.95 (50%) / 5.88 (49%)
[2026-04-03T02:27:05.325+0600][91.970s][info][gc,mmu      ] GC(161) y: MMU: 2ms/95.1%, 5ms/97.6%, 10ms/98.7%, 20ms/99.4%, 50ms/99.6%, 100ms/99.8%
[2026-04-03T02:27:05.325+0600][91.970s][info][gc,marking  ] GC(161) y: Mark: 1 stripe(s), 3 proactive flush(es), 1 terminate flush(es), 0 completion(s), 0 continuation(s) 
[2026-04-03T02:27:05.325+0600][91.970s][info][gc,marking  ] GC(161) y: Mark Stack Usage: 32M
[2026-04-03T02:27:05.325+0600][91.970s][info][gc,nmethod  ] GC(161) y: NMethods: 14496 registered, 3624 unregistered
[2026-04-03T02:27:05.325+0600][91.970s][info][gc,metaspace] GC(161) y: Metaspace: 128M used, 130M committed, 1152M reserved
[2026-04-03T02:27:05.325+0600][91.970s][info][gc,reloc    ] GC(161) y:                        Candidates     Selected     In-Place         Size        Empty    Relocated 
[2026-04-03T02:27:05.325+0600][91.970s][info][gc,reloc    ] GC(161) y: Small Pages:                   36           31            0          72M           4M           3M 
[2026-04-03T02:27:05.325+0600][91.970s][info][gc,reloc    ] GC(161) y: Medium Pages:                   1            0            0          32M          32M           0M 
[2026-04-03T02:27:05.325+0600][91.970s][info][gc,reloc    ] GC(161) y: Large Pages:                    1            0            0           6M           6M           0M 
[2026-04-03T02:27:05.325+0600][91.970s][info][gc,reloc    ] GC(161) y: Forwarding Usage: 0M
[2026-04-03T02:27:05.325+0600][91.970s][info][gc,reloc    ] GC(161) y: Age Table:
[2026-04-03T02:27:05.325+0600][91.970s][info][gc,reloc    ] GC(161) y:                    Live             Garbage             Small              Medium             Large        
[2026-04-03T02:27:05.325+0600][91.970s][info][gc,reloc    ] GC(161) y: Eden               3M (0%)           96M (8%)          31 / 28             1 / 0              1 / 0        
[2026-04-03T02:27:05.325+0600][91.970s][info][gc,reloc    ] GC(161) y: Survivor 1         0M (0%)            5M (0%)           3 / 2              0 / 0              0 / 0        
[2026-04-03T02:27:05.325+0600][91.970s][info][gc,reloc    ] GC(161) y: Survivor 2         0M (0%)            3M (0%)           2 / 1              0 / 0              0 / 0        
[2026-04-03T02:27:05.325+0600][91.970s][info][gc,heap     ] GC(161) y: Min Capacity: 8M(1%)
[2026-04-03T02:27:05.325+0600][91.970s][info][gc,heap     ] GC(161) y: Max Capacity: 1250M(100%)
[2026-04-03T02:27:05.325+0600][91.970s][info][gc,heap     ] GC(161) y: Soft Max Capacity: 1250M(100%)
[2026-04-03T02:27:05.325+0600][91.970s][info][gc,heap     ] GC(161) y: Heap Statistics:
[2026-04-03T02:27:05.325+0600][91.970s][info][gc,heap     ] GC(161) y:                Mark Start          Mark End        Relocate Start      Relocate End           High               Low         
[2026-04-03T02:27:05.325+0600][91.970s][info][gc,heap     ] GC(161) y:  Capacity:     1250M (100%)       1250M (100%)       1250M (100%)       1250M (100%)       1250M (100%)       1250M (100%)   
[2026-04-03T02:27:05.325+0600][91.970s][info][gc,heap     ] GC(161) y:      Free:      920M (74%)         864M (69%)         906M (72%)         956M (76%)         956M (76%)         864M (69%)    
[2026-04-03T02:27:05.325+0600][91.970s][info][gc,heap     ] GC(161) y:      Used:      330M (26%)         386M (31%)         344M (28%)         294M (24%)         386M (31%)         294M (24%)    
[2026-04-03T02:27:05.325+0600][91.970s][info][gc,heap     ] GC(161) y: Young Generation Statistics:
[2026-04-03T02:27:05.325+0600][91.970s][info][gc,heap     ] GC(161) y:                Mark Start          Mark End        Relocate Start      Relocate End    
[2026-04-03T02:27:05.325+0600][91.970s][info][gc,heap     ] GC(161) y:      Used:      110M (9%)          166M (13%)         124M (10%)          70M (6%)     
[2026-04-03T02:27:05.325+0600][91.970s][info][gc,heap     ] GC(161) y:      Live:         -                 3M (0%)            3M (0%)            3M (0%)     
[2026-04-03T02:27:05.325+0600][91.970s][info][gc,heap     ] GC(161) y:   Garbage:         -               106M (9%)           64M (5%)            1M (0%)     
[2026-04-03T02:27:05.325+0600][91.970s][info][gc,heap     ] GC(161) y: Allocated:         -                56M (4%)           56M (4%)           64M (5%)     
[2026-04-03T02:27:05.325+0600][91.970s][info][gc,heap     ] GC(161) y: Reclaimed:         -                  -                42M (3%)          104M (8%)     
[2026-04-03T02:27:05.325+0600][91.970s][info][gc,heap     ] GC(161) y:  Promoted:         -                  -                 0M (0%)            0M (0%)     
[2026-04-03T02:27:05.325+0600][91.970s][info][gc,heap     ] GC(161) y: Compacted:         -                  -                  -                 3M (0%)     
[2026-04-03T02:27:05.325+0600][91.970s][info][gc,phases   ] GC(161) y: Young Generation 330M(26%)->294M(24%) 0.049s
[2026-04-03T02:27:05.325+0600][91.970s][info][gc          ] GC(161) Minor Collection (Allocation Rate) 330M(26%)->294M(24%) 0.049s
[2026-04-03T02:27:05.641+0600][92.286s][info][gc,phases   ] GC(160) O: Concurrent Mark 387.845ms
[2026-04-03T02:27:05.641+0600][92.286s][info][gc,phases   ] GC(160) O: Pause Mark End 0.035ms
[2026-04-03T02:27:05.641+0600][92.286s][info][gc,phases   ] GC(160) O: Concurrent Mark Free 0.001ms
[2026-04-03T02:27:05.720+0600][92.365s][info][gc,phases   ] GC(160) O: Concurrent Process Non-Strong 78.768ms
[2026-04-03T02:27:05.720+0600][92.365s][info][gc,phases   ] GC(160) O: Concurrent Reset Relocation Set 0.013ms
[2026-04-03T02:27:05.724+0600][92.369s][info][gc,phases   ] GC(160) O: Concurrent Select Relocation Set 3.802ms
[2026-04-03T02:27:05.724+0600][92.369s][info][gc,task     ] GC(160) O: Using 2 Workers for Old Generation
[2026-04-03T02:27:05.772+0600][92.416s][info][gc,task     ] GC(160) O: Using 1 Workers for Old Generation
[2026-04-03T02:27:05.772+0600][92.417s][info][gc,phases   ] GC(160) O: Concurrent Remap Roots 47.636ms
[2026-04-03T02:27:05.773+0600][92.418s][info][gc,phases   ] GC(160) O: Pause Relocate Start 0.030ms
[2026-04-03T02:27:05.844+0600][92.488s][info][gc,phases   ] GC(160) O: Concurrent Relocate 70.367ms
[2026-04-03T02:27:05.844+0600][92.488s][info][gc,alloc    ] GC(160) O:                         Mark Start        Mark End      Relocate Start    Relocate End   
[2026-04-03T02:27:05.844+0600][92.488s][info][gc,alloc    ] GC(160) O: Allocation Stalls:          0                0                0                0         
[2026-04-03T02:27:05.844+0600][92.489s][info][gc,load     ] GC(160) O: Load: 5.64 (47%) / 5.95 (50%) / 5.88 (49%)
[2026-04-03T02:27:05.844+0600][92.489s][info][gc,mmu      ] GC(160) O: MMU: 2ms/95.1%, 5ms/97.6%, 10ms/98.7%, 20ms/99.4%, 50ms/99.6%, 100ms/99.8%
[2026-04-03T02:27:05.844+0600][92.489s][info][gc,marking  ] GC(160) O: Mark: 1 stripe(s), 2 proactive flush(es), 1 terminate flush(es), 0 completion(s), 0 continuation(s) 
[2026-04-03T02:27:05.844+0600][92.489s][info][gc,marking  ] GC(160) O: Mark Stack Usage: 32M
[2026-04-03T02:27:05.844+0600][92.489s][info][gc,nmethod  ] GC(160) O: NMethods: 13642 registered, 4490 unregistered
[2026-04-03T02:27:05.844+0600][92.489s][info][gc,metaspace] GC(160) O: Metaspace: 128M used, 130M committed, 1152M reserved
[2026-04-03T02:27:05.844+0600][92.489s][info][gc,ref      ] GC(160) O:                       Encountered   Discovered     Enqueued 
[2026-04-03T02:27:05.844+0600][92.489s][info][gc,ref      ] GC(160) O: Soft References:             6401            0            0 
[2026-04-03T02:27:05.844+0600][92.489s][info][gc,ref      ] GC(160) O: Weak References:            25701        20468         9681 
[2026-04-03T02:27:05.844+0600][92.489s][info][gc,ref      ] GC(160) O: Final References:              84            0            0 
[2026-04-03T02:27:05.844+0600][92.489s][info][gc,ref      ] GC(160) O: Phantom References:           620          223            0 
[2026-04-03T02:27:05.844+0600][92.489s][info][gc,reloc    ] GC(160) O:                        Candidates     Selected     In-Place         Size        Empty    Relocated 
[2026-04-03T02:27:05.844+0600][92.489s][info][gc,reloc    ] GC(160) O: Small Pages:                   94           30            0         188M           0M          11M 
[2026-04-03T02:27:05.844+0600][92.489s][info][gc,reloc    ] GC(160) O: Medium Pages:                   1            0            0          32M           0M           0M 
[2026-04-03T02:27:05.844+0600][92.489s][info][gc,reloc    ] GC(160) O: Large Pages:                    0            0            0           0M           0M           0M 
[2026-04-03T02:27:05.844+0600][92.489s][info][gc,reloc    ] GC(160) O: Forwarding Usage: 6M
[2026-04-03T02:27:05.844+0600][92.489s][info][gc,heap     ] GC(160) O: Min Capacity: 8M(1%)
[2026-04-03T02:27:05.844+0600][92.489s][info][gc,heap     ] GC(160) O: Max Capacity: 1250M(100%)
[2026-04-03T02:27:05.844+0600][92.489s][info][gc,heap     ] GC(160) O: Soft Max Capacity: 1250M(100%)
[2026-04-03T02:27:05.844+0600][92.489s][info][gc,heap     ] GC(160) O: Heap Statistics:
[2026-04-03T02:27:05.844+0600][92.489s][info][gc,heap     ] GC(160) O:                Mark Start          Mark End        Relocate Start      Relocate End           High               Low         
[2026-04-03T02:27:05.844+0600][92.489s][info][gc,heap     ] GC(160) O:  Capacity:     1250M (100%)       1250M (100%)       1250M (100%)       1250M (100%)       1250M (100%)       1250M (100%)   
[2026-04-03T02:27:05.844+0600][92.489s][info][gc,heap     ] GC(160) O:      Free:      950M (76%)         734M (59%)         594M (48%)         582M (47%)         956M (76%)         576M (46%)    
[2026-04-03T02:27:05.844+0600][92.489s][info][gc,heap     ] GC(160) O:      Used:      300M (24%)         516M (41%)         656M (52%)         668M (53%)         674M (54%)         294M (24%)    
[2026-04-03T02:27:05.844+0600][92.489s][info][gc,heap     ] GC(160) O: Old Generation Statistics:
[2026-04-03T02:27:05.844+0600][92.489s][info][gc,heap     ] GC(160) O:                Mark Start          Mark End        Relocate Start      Relocate End    
[2026-04-03T02:27:05.844+0600][92.489s][info][gc,heap     ] GC(160) O:      Used:      220M (18%)         224M (18%)         224M (18%)         182M (15%)    
[2026-04-03T02:27:05.844+0600][92.489s][info][gc,heap     ] GC(160) O:      Live:         -               127M (10%)         127M (10%)         127M (10%)    
[2026-04-03T02:27:05.844+0600][92.489s][info][gc,heap     ] GC(160) O:   Garbage:         -                92M (7%)           92M (7%)           29M (2%)     
[2026-04-03T02:27:05.844+0600][92.489s][info][gc,heap     ] GC(160) O: Allocated:         -                 4M (0%)            4M (0%)           25M (2%)     
[2026-04-03T02:27:05.844+0600][92.489s][info][gc,heap     ] GC(160) O: Reclaimed:         -                  -                 0M (0%)           63M (5%)     
[2026-04-03T02:27:05.844+0600][92.489s][info][gc,heap     ] GC(160) O: Compacted:         -                  -                  -                26M (2%)     
[2026-04-03T02:27:05.844+0600][92.489s][info][gc,phases   ] GC(160) O: Old Generation 306M(24%)->668M(53%) 0.591s
[2026-04-03T02:27:05.844+0600][92.489s][info][gc          ] GC(160) Major Collection (Allocation Rate) 300M(24%)->668M(53%) 0.636s
[2026-04-03T02:27:06.331+0600][92.976s][info][gc          ] GC(162) Minor Collection (Allocation Rate)
[2026-04-03T02:27:06.331+0600][92.976s][info][gc,task     ] GC(162) Using 1 Workers for Young Generation
[2026-04-03T02:27:06.331+0600][92.976s][info][gc,phases   ] GC(162) y: Young Generation
[2026-04-03T02:27:06.332+0600][92.976s][info][gc,phases   ] GC(162) y: Pause Mark Start 0.019ms
[2026-04-03T02:27:06.359+0600][93.004s][info][gc,phases   ] GC(162) y: Concurrent Mark 27.790ms
[2026-04-03T02:27:06.360+0600][93.004s][info][gc,phases   ] GC(162) y: Pause Mark End 0.020ms
[2026-04-03T02:27:06.360+0600][93.004s][info][gc,phases   ] GC(162) y: Concurrent Mark Free 0.002ms
[2026-04-03T02:27:06.360+0600][93.004s][info][gc,phases   ] GC(162) y: Concurrent Reset Relocation Set 0.005ms
[2026-04-03T02:27:06.361+0600][93.006s][info][gc,reloc    ] GC(162) y: Using tenuring threshold: 3 (Computed)
[2026-04-03T02:27:06.362+0600][93.006s][info][gc,phases   ] GC(162) y: Concurrent Select Relocation Set 1.858ms
[2026-04-03T02:27:06.362+0600][93.006s][info][gc,phases   ] GC(162) y: Pause Relocate Start 0.020ms
[2026-04-03T02:27:06.365+0600][93.010s][info][gc,phases   ] GC(162) y: Concurrent Relocate 3.070ms
[2026-04-03T02:27:06.365+0600][93.010s][info][gc,alloc    ] GC(162) y:                         Mark Start        Mark End      Relocate Start    Relocate End   
[2026-04-03T02:27:06.365+0600][93.010s][info][gc,alloc    ] GC(162) y: Allocation Stalls:          0                0                0                0         
[2026-04-03T02:27:06.365+0600][93.010s][info][gc,load     ] GC(162) y: Load: 5.64 (47%) / 5.95 (50%) / 5.88 (49%)
[2026-04-03T02:27:06.365+0600][93.010s][info][gc,mmu      ] GC(162) y: MMU: 2ms/95.1%, 5ms/97.6%, 10ms/98.7%, 20ms/99.4%, 50ms/99.6%, 100ms/99.8%
[2026-04-03T02:27:06.365+0600][93.010s][info][gc,marking  ] GC(162) y: Mark: 1 stripe(s), 2 proactive flush(es), 1 terminate flush(es), 0 completion(s), 0 continuation(s) 
[2026-04-03T02:27:06.365+0600][93.010s][info][gc,marking  ] GC(162) y: Mark Stack Usage: 32M
[2026-04-03T02:27:06.365+0600][93.010s][info][gc,nmethod  ] GC(162) y: NMethods: 13663 registered, 4490 unregistered
[2026-04-03T02:27:06.365+0600][93.010s][info][gc,metaspace] GC(162) y: Metaspace: 128M used, 130M committed, 1152M reserved
[2026-04-03T02:27:06.365+0600][93.010s][info][gc,reloc    ] GC(162) y:                        Candidates     Selected     In-Place         Size        Empty    Relocated 
[2026-04-03T02:27:06.365+0600][93.010s][info][gc,reloc    ] GC(162) y: Small Pages:                  282          186            0         564M         188M           2M 
[2026-04-03T02:27:06.365+0600][93.010s][info][gc,reloc    ] GC(162) y: Medium Pages:                   4            0            0         128M         128M           0M 
[2026-04-03T02:27:06.365+0600][93.010s][info][gc,reloc    ] GC(162) y: Large Pages:                   14            0            0          84M          84M           0M 
[2026-04-03T02:27:06.365+0600][93.010s][info][gc,reloc    ] GC(162) y: Forwarding Usage: 0M
[2026-04-03T02:27:06.365+0600][93.010s][info][gc,reloc    ] GC(162) y: Age Table:
[2026-04-03T02:27:06.365+0600][93.010s][info][gc,reloc    ] GC(162) y:                    Live             Garbage             Small              Medium             Large        
[2026-04-03T02:27:06.365+0600][93.010s][info][gc,reloc    ] GC(162) y: Eden               2M (0%)          765M (61%)        278 / 182            4 / 0             14 / 0        
[2026-04-03T02:27:06.365+0600][93.010s][info][gc,reloc    ] GC(162) y: Survivor 1         0M (0%)            5M (0%)           3 / 3              0 / 0              0 / 0        
[2026-04-03T02:27:06.365+0600][93.010s][info][gc,reloc    ] GC(162) y: Survivor 2         0M (0%)            1M (0%)           1 / 1              0 / 0              0 / 0        
[2026-04-03T02:27:06.365+0600][93.010s][info][gc,heap     ] GC(162) y: Min Capacity: 8M(1%)
[2026-04-03T02:27:06.365+0600][93.010s][info][gc,heap     ] GC(162) y: Max Capacity: 1250M(100%)
[2026-04-03T02:27:06.365+0600][93.010s][info][gc,heap     ] GC(162) y: Soft Max Capacity: 1250M(100%)
[2026-04-03T02:27:06.365+0600][93.010s][info][gc,heap     ] GC(162) y: Heap Statistics:
[2026-04-03T02:27:06.365+0600][93.010s][info][gc,heap     ] GC(162) y:                Mark Start          Mark End        Relocate Start      Relocate End           High               Low         
[2026-04-03T02:27:06.365+0600][93.010s][info][gc,heap     ] GC(162) y:  Capacity:     1250M (100%)       1250M (100%)       1250M (100%)       1250M (100%)       1250M (100%)       1250M (100%)   
[2026-04-03T02:27:06.365+0600][93.010s][info][gc,heap     ] GC(162) y:      Free:      292M (23%)         278M (22%)         678M (54%)        1044M (84%)        1044M (84%)         278M (22%)    
[2026-04-03T02:27:06.365+0600][93.010s][info][gc,heap     ] GC(162) y:      Used:      958M (77%)         972M (78%)         572M (46%)         206M (16%)         972M (78%)         206M (16%)    
[2026-04-03T02:27:06.365+0600][93.010s][info][gc,heap     ] GC(162) y: Young Generation Statistics:
[2026-04-03T02:27:06.365+0600][93.010s][info][gc,heap     ] GC(162) y:                Mark Start          Mark End        Relocate Start      Relocate End    
[2026-04-03T02:27:06.365+0600][93.010s][info][gc,heap     ] GC(162) y:      Used:      776M (62%)         790M (63%)         390M (31%)          24M (2%)     
[2026-04-03T02:27:06.365+0600][93.010s][info][gc,heap     ] GC(162) y:      Live:         -                 2M (0%)            2M (0%)            2M (0%)     
[2026-04-03T02:27:06.365+0600][93.010s][info][gc,heap     ] GC(162) y:   Garbage:         -               773M (62%)         373M (30%)           0M (0%)     
[2026-04-03T02:27:06.365+0600][93.010s][info][gc,heap     ] GC(162) y: Allocated:         -                14M (1%)           14M (1%)           21M (2%)     
[2026-04-03T02:27:06.365+0600][93.010s][info][gc,heap     ] GC(162) y: Reclaimed:         -                  -               400M (32%)         773M (62%)    
[2026-04-03T02:27:06.365+0600][93.010s][info][gc,heap     ] GC(162) y:  Promoted:         -                  -                 0M (0%)            0M (0%)     
[2026-04-03T02:27:06.365+0600][93.010s][info][gc,heap     ] GC(162) y: Compacted:         -                  -                  -                 2M (0%)     
[2026-04-03T02:27:06.365+0600][93.010s][info][gc,phases   ] GC(162) y: Young Generation 958M(77%)->206M(16%) 0.034s
[2026-04-03T02:27:06.365+0600][93.010s][info][gc          ] GC(162) Minor Collection (Allocation Rate) 958M(77%)->206M(16%) 0.034s
[2026-04-03T02:27:07.481+0600][94.126s][info][gc          ] GC(163) Minor Collection (Allocation Rate)
[2026-04-03T02:27:07.481+0600][94.126s][info][gc,task     ] GC(163) Using 1 Workers for Young Generation
[2026-04-03T02:27:07.481+0600][94.126s][info][gc,phases   ] GC(163) y: Young Generation
[2026-04-03T02:27:07.482+0600][94.126s][info][gc,phases   ] GC(163) y: Pause Mark Start 0.026ms
[2026-04-03T02:27:07.536+0600][94.181s][info][gc,phases   ] GC(163) y: Concurrent Mark 54.623ms
[2026-04-03T02:27:07.537+0600][94.181s][info][gc,phases   ] GC(163) y: Pause Mark End 0.026ms
[2026-04-03T02:27:07.537+0600][94.181s][info][gc,phases   ] GC(163) y: Concurrent Mark Free 0.002ms
[2026-04-03T02:27:07.537+0600][94.182s][info][gc,phases   ] GC(163) y: Concurrent Reset Relocation Set 0.029ms
[2026-04-03T02:27:07.539+0600][94.183s][info][gc,reloc    ] GC(163) y: Using tenuring threshold: 4 (Computed)
[2026-04-03T02:27:07.539+0600][94.184s][info][gc,phases   ] GC(163) y: Concurrent Select Relocation Set 2.463ms
[2026-04-03T02:27:07.540+0600][94.184s][info][gc,phases   ] GC(163) y: Pause Relocate Start 0.017ms
[2026-04-03T02:27:07.548+0600][94.193s][info][gc,phases   ] GC(163) y: Concurrent Relocate 8.161ms
[2026-04-03T02:27:07.548+0600][94.193s][info][gc,alloc    ] GC(163) y:                         Mark Start        Mark End      Relocate Start    Relocate End   
[2026-04-03T02:27:07.548+0600][94.193s][info][gc,alloc    ] GC(163) y: Allocation Stalls:          0                0                0                0         
[2026-04-03T02:27:07.548+0600][94.193s][info][gc,load     ] GC(163) y: Load: 5.64 (47%) / 5.95 (50%) / 5.88 (49%)
[2026-04-03T02:27:07.548+0600][94.193s][info][gc,mmu      ] GC(163) y: MMU: 2ms/95.1%, 5ms/97.6%, 10ms/98.7%, 20ms/99.4%, 50ms/99.6%, 100ms/99.8%
[2026-04-03T02:27:07.548+0600][94.193s][info][gc,marking  ] GC(163) y: Mark: 1 stripe(s), 2 proactive flush(es), 1 terminate flush(es), 0 completion(s), 0 continuation(s) 
[2026-04-03T02:27:07.548+0600][94.193s][info][gc,marking  ] GC(163) y: Mark Stack Usage: 32M
[2026-04-03T02:27:07.548+0600][94.193s][info][gc,nmethod  ] GC(163) y: NMethods: 13675 registered, 4490 unregistered
[2026-04-03T02:27:07.548+0600][94.193s][info][gc,metaspace] GC(163) y: Metaspace: 128M used, 130M committed, 1152M reserved
[2026-04-03T02:27:07.548+0600][94.193s][info][gc,reloc    ] GC(163) y:                        Candidates     Selected     In-Place         Size        Empty    Relocated 
[2026-04-03T02:27:07.548+0600][94.193s][info][gc,reloc    ] GC(163) y: Small Pages:                  340          192            0         680M         286M           5M 
[2026-04-03T02:27:07.548+0600][94.193s][info][gc,reloc    ] GC(163) y: Medium Pages:                   4            0            0         128M         128M           0M 
[2026-04-03T02:27:07.548+0600][94.193s][info][gc,reloc    ] GC(163) y: Large Pages:                   16            0            0          96M          96M           0M 
[2026-04-03T02:27:07.548+0600][94.193s][info][gc,reloc    ] GC(163) y: Forwarding Usage: 1M
[2026-04-03T02:27:07.548+0600][94.193s][info][gc,reloc    ] GC(163) y: Age Table:
[2026-04-03T02:27:07.548+0600][94.193s][info][gc,reloc    ] GC(163) y:                    Live             Garbage             Small              Medium             Large        
[2026-04-03T02:27:07.548+0600][94.193s][info][gc,reloc    ] GC(163) y: Eden               5M (0%)          890M (71%)        336 / 189            4 / 0             16 / 0        
[2026-04-03T02:27:07.548+0600][94.193s][info][gc,reloc    ] GC(163) y: Survivor 1         2M (0%)            1M (0%)           2 / 1              0 / 0              0 / 0        
[2026-04-03T02:27:07.548+0600][94.193s][info][gc,reloc    ] GC(163) y: Survivor 2         0M (0%)            1M (0%)           1 / 1              0 / 0              0 / 0        
[2026-04-03T02:27:07.548+0600][94.193s][info][gc,reloc    ] GC(163) y: Survivor 3         0M (0%)            1M (0%)           1 / 1              0 / 0              0 / 0        
[2026-04-03T02:27:07.548+0600][94.193s][info][gc,heap     ] GC(163) y: Min Capacity: 8M(1%)
[2026-04-03T02:27:07.548+0600][94.193s][info][gc,heap     ] GC(163) y: Max Capacity: 1250M(100%)
[2026-04-03T02:27:07.548+0600][94.193s][info][gc,heap     ] GC(163) y: Soft Max Capacity: 1250M(100%)
[2026-04-03T02:27:07.548+0600][94.193s][info][gc,heap     ] GC(163) y: Heap Statistics:
[2026-04-03T02:27:07.548+0600][94.193s][info][gc,heap     ] GC(163) y:                Mark Start          Mark End        Relocate Start      Relocate End           High               Low         
[2026-04-03T02:27:07.548+0600][94.193s][info][gc,heap     ] GC(163) y:  Capacity:     1250M (100%)       1250M (100%)       1250M (100%)       1250M (100%)       1250M (100%)       1250M (100%)   
[2026-04-03T02:27:07.548+0600][94.193s][info][gc,heap     ] GC(163) y:      Free:      164M (13%)         104M (8%)          608M (49%)         980M (78%)         980M (78%)         104M (8%)     
[2026-04-03T02:27:07.548+0600][94.193s][info][gc,heap     ] GC(163) y:      Used:     1086M (87%)        1146M (92%)         642M (51%)         270M (22%)        1146M (92%)         270M (22%)    
[2026-04-03T02:27:07.548+0600][94.193s][info][gc,heap     ] GC(163) y: Young Generation Statistics:
[2026-04-03T02:27:07.548+0600][94.193s][info][gc,heap     ] GC(163) y:                Mark Start          Mark End        Relocate Start      Relocate End    
[2026-04-03T02:27:07.548+0600][94.193s][info][gc,heap     ] GC(163) y:      Used:      904M (72%)         964M (77%)         460M (37%)          88M (7%)     
[2026-04-03T02:27:07.548+0600][94.193s][info][gc,heap     ] GC(163) y:      Live:         -                 8M (1%)            8M (1%)            8M (1%)     
[2026-04-03T02:27:07.548+0600][94.193s][info][gc,heap     ] GC(163) y:   Garbage:         -               895M (72%)         385M (31%)           0M (0%)     
[2026-04-03T02:27:07.548+0600][94.193s][info][gc,heap     ] GC(163) y: Allocated:         -                60M (5%)           66M (5%)           79M (6%)     
[2026-04-03T02:27:07.548+0600][94.193s][info][gc,heap     ] GC(163) y: Reclaimed:         -                  -               510M (41%)         895M (72%)    
[2026-04-03T02:27:07.548+0600][94.193s][info][gc,heap     ] GC(163) y:  Promoted:         -                  -                 0M (0%)            0M (0%)     
[2026-04-03T02:27:07.548+0600][94.193s][info][gc,heap     ] GC(163) y: Compacted:         -                  -                  -                 6M (0%)     
[2026-04-03T02:27:07.548+0600][94.193s][info][gc,phases   ] GC(163) y: Young Generation 1086M(87%)->270M(22%) 0.067s
[2026-04-03T02:27:07.549+0600][94.193s][info][gc          ] GC(163) Minor Collection (Allocation Rate) 1086M(87%)->270M(22%) 0.067s
[2026-04-03T02:27:08.179+0600][94.824s][info][gc          ] GC(164) Minor Collection (Allocation Rate)
[2026-04-03T02:27:08.179+0600][94.824s][info][gc,task     ] GC(164) Using 1 Workers for Young Generation
[2026-04-03T02:27:08.179+0600][94.824s][info][gc,phases   ] GC(164) y: Young Generation
[2026-04-03T02:27:08.180+0600][94.824s][info][gc,phases   ] GC(164) y: Pause Mark Start 0.031ms
[2026-04-03T02:27:08.236+0600][94.881s][info][gc,phases   ] GC(164) y: Concurrent Mark 56.163ms
[2026-04-03T02:27:08.236+0600][94.881s][info][gc,phases   ] GC(164) y: Pause Mark End 0.022ms
[2026-04-03T02:27:08.236+0600][94.881s][info][gc,phases   ] GC(164) y: Concurrent Mark Free 0.001ms
[2026-04-03T02:27:08.236+0600][94.881s][info][gc,phases   ] GC(164) y: Concurrent Reset Relocation Set 0.014ms
[2026-04-03T02:27:08.238+0600][94.883s][info][gc,reloc    ] GC(164) y: Using tenuring threshold: 5 (Computed)
[2026-04-03T02:27:08.239+0600][94.883s][info][gc,phases   ] GC(164) y: Concurrent Select Relocation Set 2.334ms
[2026-04-03T02:27:08.239+0600][94.883s][info][gc,phases   ] GC(164) y: Pause Relocate Start 0.013ms
[2026-04-03T02:27:08.248+0600][94.893s][info][gc,phases   ] GC(164) y: Concurrent Relocate 9.621ms
[2026-04-03T02:27:08.249+0600][94.893s][info][gc,alloc    ] GC(164) y:                         Mark Start        Mark End      Relocate Start    Relocate End   
[2026-04-03T02:27:08.249+0600][94.893s][info][gc,alloc    ] GC(164) y: Allocation Stalls:          0                0                0                0         
[2026-04-03T02:27:08.249+0600][94.893s][info][gc,load     ] GC(164) y: Load: 5.64 (47%) / 5.95 (50%) / 5.88 (49%)
[2026-04-03T02:27:08.249+0600][94.893s][info][gc,mmu      ] GC(164) y: MMU: 2ms/95.1%, 5ms/97.6%, 10ms/98.7%, 20ms/99.4%, 50ms/99.6%, 100ms/99.8%
[2026-04-03T02:27:08.249+0600][94.893s][info][gc,marking  ] GC(164) y: Mark: 1 stripe(s), 2 proactive flush(es), 1 terminate flush(es), 0 completion(s), 0 continuation(s) 
[2026-04-03T02:27:08.249+0600][94.893s][info][gc,marking  ] GC(164) y: Mark Stack Usage: 32M
[2026-04-03T02:27:08.249+0600][94.893s][info][gc,nmethod  ] GC(164) y: NMethods: 13686 registered, 4490 unregistered
[2026-04-03T02:27:08.249+0600][94.893s][info][gc,metaspace] GC(164) y: Metaspace: 128M used, 130M committed, 1152M reserved
[2026-04-03T02:27:08.249+0600][94.893s][info][gc,reloc    ] GC(164) y:                        Candidates     Selected     In-Place         Size        Empty    Relocated 
[2026-04-03T02:27:08.249+0600][94.893s][info][gc,reloc    ] GC(164) y: Small Pages:                  312          182            0         624M         248M           6M 
[2026-04-03T02:27:08.249+0600][94.893s][info][gc,reloc    ] GC(164) y: Medium Pages:                   3            0            0          96M          96M           0M 
[2026-04-03T02:27:08.249+0600][94.893s][info][gc,reloc    ] GC(164) y: Large Pages:                   13            0            0          78M          78M           0M 
[2026-04-03T02:27:08.249+0600][94.893s][info][gc,reloc    ] GC(164) y: Forwarding Usage: 1M
[2026-04-03T02:27:08.249+0600][94.893s][info][gc,reloc    ] GC(164) y: Age Table:
[2026-04-03T02:27:08.249+0600][94.893s][info][gc,reloc    ] GC(164) y:                    Live             Garbage             Small              Medium             Large        
[2026-04-03T02:27:08.249+0600][94.893s][info][gc,reloc    ] GC(164) y: Eden               5M (0%)          770M (62%)        301 / 177            3 / 0             13 / 0        
[2026-04-03T02:27:08.249+0600][94.893s][info][gc,reloc    ] GC(164) y: Survivor 1         1M (0%)           12M (1%)           7 / 3              0 / 0              0 / 0        
[2026-04-03T02:27:08.249+0600][94.893s][info][gc,reloc    ] GC(164) y: Survivor 2         2M (0%)            1M (0%)           2 / 1              0 / 0              0 / 0        
[2026-04-03T02:27:08.249+0600][94.893s][info][gc,reloc    ] GC(164) y: Survivor 3         0M (0%)            1M (0%)           1 / 0              0 / 0              0 / 0        
[2026-04-03T02:27:08.249+0600][94.893s][info][gc,reloc    ] GC(164) y: Survivor 4         0M (0%)            1M (0%)           1 / 1              0 / 0              0 / 0        
[2026-04-03T02:27:08.249+0600][94.893s][info][gc,heap     ] GC(164) y: Min Capacity: 8M(1%)
[2026-04-03T02:27:08.249+0600][94.893s][info][gc,heap     ] GC(164) y: Max Capacity: 1250M(100%)
[2026-04-03T02:27:08.249+0600][94.893s][info][gc,heap     ] GC(164) y: Soft Max Capacity: 1250M(100%)
[2026-04-03T02:27:08.249+0600][94.893s][info][gc,heap     ] GC(164) y: Heap Statistics:
[2026-04-03T02:27:08.249+0600][94.893s][info][gc,heap     ] GC(164) y:                Mark Start          Mark End        Relocate Start      Relocate End           High               Low         
[2026-04-03T02:27:08.249+0600][94.893s][info][gc,heap     ] GC(164) y:  Capacity:     1250M (100%)       1250M (100%)       1250M (100%)       1250M (100%)       1250M (100%)       1250M (100%)   
[2026-04-03T02:27:08.249+0600][94.894s][info][gc,heap     ] GC(164) y:      Free:      270M (22%)         140M (11%)         562M (45%)         906M (72%)         906M (72%)         140M (11%)    
[2026-04-03T02:27:08.249+0600][94.894s][info][gc,heap     ] GC(164) y:      Used:      980M (78%)        1110M (89%)         688M (55%)         344M (28%)        1110M (89%)         344M (28%)    
[2026-04-03T02:27:08.249+0600][94.894s][info][gc,heap     ] GC(164) y: Young Generation Statistics:
[2026-04-03T02:27:08.249+0600][94.894s][info][gc,heap     ] GC(164) y:                Mark Start          Mark End        Relocate Start      Relocate End    
[2026-04-03T02:27:08.249+0600][94.894s][info][gc,heap     ] GC(164) y:      Used:      798M (64%)         928M (74%)         506M (40%)         162M (13%)    
[2026-04-03T02:27:08.249+0600][94.894s][info][gc,heap     ] GC(164) y:      Live:         -                 9M (1%)            9M (1%)            9M (1%)     
[2026-04-03T02:27:08.249+0600][94.894s][info][gc,heap     ] GC(164) y:   Garbage:         -               788M (63%)         366M (29%)           1M (0%)     
[2026-04-03T02:27:08.249+0600][94.894s][info][gc,heap     ] GC(164) y: Allocated:         -               130M (10%)         130M (10%)         151M (12%)    
[2026-04-03T02:27:08.249+0600][94.894s][info][gc,heap     ] GC(164) y: Reclaimed:         -                  -               422M (34%)         787M (63%)    
[2026-04-03T02:27:08.249+0600][94.894s][info][gc,heap     ] GC(164) y:  Promoted:         -                  -                 0M (0%)            0M (0%)     
[2026-04-03T02:27:08.249+0600][94.894s][info][gc,heap     ] GC(164) y: Compacted:         -                  -                  -                 6M (1%)     
[2026-04-03T02:27:08.249+0600][94.894s][info][gc,phases   ] GC(164) y: Young Generation 980M(78%)->344M(28%) 0.069s
[2026-04-03T02:27:08.249+0600][94.894s][info][gc          ] GC(164) Minor Collection (Allocation Rate) 980M(78%)->344M(28%) 0.070s
[2026-04-03T02:27:08.351+0600][94.996s][info][gc          ] GC(165) Minor Collection (Allocation Rate)
[2026-04-03T02:27:08.351+0600][94.996s][info][gc,task     ] GC(165) Using 1 Workers for Young Generation
[2026-04-03T02:27:08.351+0600][94.996s][info][gc,phases   ] GC(165) y: Young Generation
[2026-04-03T02:27:08.351+0600][94.996s][info][gc,phases   ] GC(165) y: Pause Mark Start 0.025ms
[2026-04-03T02:27:08.398+0600][95.043s][info][gc,phases   ] GC(165) y: Concurrent Mark 46.849ms
[2026-04-03T02:27:08.399+0600][95.043s][info][gc,phases   ] GC(165) y: Pause Mark End 0.060ms
[2026-04-03T02:27:08.399+0600][95.044s][info][gc,phases   ] GC(165) y: Concurrent Mark Free 0.002ms
[2026-04-03T02:27:08.399+0600][95.044s][info][gc,phases   ] GC(165) y: Concurrent Reset Relocation Set 0.021ms
[2026-04-03T02:27:08.405+0600][95.049s][info][gc,reloc    ] GC(165) y: Using tenuring threshold: 6 (Computed)
[2026-04-03T02:27:08.405+0600][95.050s][info][gc,phases   ] GC(165) y: Concurrent Select Relocation Set 6.022ms
[2026-04-03T02:27:08.406+0600][95.050s][info][gc,phases   ] GC(165) y: Pause Relocate Start 0.015ms
[2026-04-03T02:27:08.411+0600][95.055s][info][gc,phases   ] GC(165) y: Concurrent Relocate 4.880ms
[2026-04-03T02:27:08.411+0600][95.055s][info][gc,alloc    ] GC(165) y:                         Mark Start        Mark End      Relocate Start    Relocate End   
[2026-04-03T02:27:08.411+0600][95.055s][info][gc,alloc    ] GC(165) y: Allocation Stalls:          0                0                0                0         
[2026-04-03T02:27:08.411+0600][95.056s][info][gc,load     ] GC(165) y: Load: 5.64 (47%) / 5.95 (50%) / 5.88 (49%)
[2026-04-03T02:27:08.411+0600][95.056s][info][gc,mmu      ] GC(165) y: MMU: 2ms/95.1%, 5ms/97.6%, 10ms/98.7%, 20ms/99.4%, 50ms/99.6%, 100ms/99.8%
[2026-04-03T02:27:08.411+0600][95.056s][info][gc,marking  ] GC(165) y: Mark: 1 stripe(s), 2 proactive flush(es), 1 terminate flush(es), 0 completion(s), 0 continuation(s) 
[2026-04-03T02:27:08.411+0600][95.056s][info][gc,marking  ] GC(165) y: Mark Stack Usage: 32M
[2026-04-03T02:27:08.411+0600][95.056s][info][gc,nmethod  ] GC(165) y: NMethods: 13692 registered, 4490 unregistered
[2026-04-03T02:27:08.411+0600][95.056s][info][gc,metaspace] GC(165) y: Metaspace: 128M used, 130M committed, 1152M reserved
[2026-04-03T02:27:08.411+0600][95.056s][info][gc,reloc    ] GC(165) y:                        Candidates     Selected     In-Place         Size        Empty    Relocated 
[2026-04-03T02:27:08.411+0600][95.056s][info][gc,reloc    ] GC(165) y: Small Pages:                   93           41            0         186M          90M           5M 
[2026-04-03T02:27:08.411+0600][95.056s][info][gc,reloc    ] GC(165) y: Medium Pages:                   1            0            0          32M          32M           0M 
[2026-04-03T02:27:08.411+0600][95.056s][info][gc,reloc    ] GC(165) y: Large Pages:                   57            0            0         342M         330M           0M 
[2026-04-03T02:27:08.411+0600][95.056s][info][gc,reloc    ] GC(165) y: Forwarding Usage: 0M
[2026-04-03T02:27:08.411+0600][95.056s][info][gc,reloc    ] GC(165) y: Age Table:
[2026-04-03T02:27:08.411+0600][95.056s][info][gc,reloc    ] GC(165) y:                    Live             Garbage             Small              Medium             Large        
[2026-04-03T02:27:08.411+0600][95.056s][info][gc,reloc    ] GC(165) y: Eden              15M (1%)          522M (42%)         82 / 35             1 / 0             57 / 0        
[2026-04-03T02:27:08.411+0600][95.056s][info][gc,reloc    ] GC(165) y: Survivor 1         2M (0%)            7M (1%)           5 / 3              0 / 0              0 / 0        
[2026-04-03T02:27:08.411+0600][95.056s][info][gc,reloc    ] GC(165) y: Survivor 2         1M (0%)            2M (0%)           2 / 0              0 / 0              0 / 0        
[2026-04-03T02:27:08.411+0600][95.056s][info][gc,reloc    ] GC(165) y: Survivor 3         2M (0%)            1M (0%)           2 / 1              0 / 0              0 / 0        
[2026-04-03T02:27:08.411+0600][95.056s][info][gc,reloc    ] GC(165) y: Survivor 4         0M (0%)            1M (0%)           1 / 1              0 / 0              0 / 0        
[2026-04-03T02:27:08.411+0600][95.056s][info][gc,reloc    ] GC(165) y: Survivor 5         0M (0%)            1M (0%)           1 / 1              0 / 0              0 / 0        
[2026-04-03T02:27:08.411+0600][95.056s][info][gc,heap     ] GC(165) y: Min Capacity: 8M(1%)
[2026-04-03T02:27:08.411+0600][95.056s][info][gc,heap     ] GC(165) y: Max Capacity: 1250M(100%)
[2026-04-03T02:27:08.411+0600][95.056s][info][gc,heap     ] GC(165) y: Soft Max Capacity: 1250M(100%)
[2026-04-03T02:27:08.411+0600][95.056s][info][gc,heap     ] GC(165) y: Heap Statistics:
[2026-04-03T02:27:08.411+0600][95.056s][info][gc,heap     ] GC(165) y:                Mark Start          Mark End        Relocate Start      Relocate End           High               Low         
[2026-04-03T02:27:08.411+0600][95.056s][info][gc,heap     ] GC(165) y:  Capacity:     1250M (100%)       1250M (100%)       1250M (100%)       1250M (100%)       1250M (100%)       1250M (100%)   
[2026-04-03T02:27:08.411+0600][95.056s][info][gc,heap     ] GC(165) y:      Free:      508M (41%)         354M (28%)         804M (64%)         878M (70%)         878M (70%)         354M (28%)    
[2026-04-03T02:27:08.411+0600][95.056s][info][gc,heap     ] GC(165) y:      Used:      742M (59%)         896M (72%)         446M (36%)         372M (30%)         896M (72%)         372M (30%)    
[2026-04-03T02:27:08.411+0600][95.056s][info][gc,heap     ] GC(165) y: Young Generation Statistics:
[2026-04-03T02:27:08.411+0600][95.056s][info][gc,heap     ] GC(165) y:                Mark Start          Mark End        Relocate Start      Relocate End    
[2026-04-03T02:27:08.411+0600][95.056s][info][gc,heap     ] GC(165) y:      Used:      560M (45%)         714M (57%)         264M (21%)         190M (15%)    
[2026-04-03T02:27:08.411+0600][95.056s][info][gc,heap     ] GC(165) y:      Live:         -                22M (2%)           22M (2%)           22M (2%)     
[2026-04-03T02:27:08.411+0600][95.056s][info][gc,heap     ] GC(165) y:   Garbage:         -               537M (43%)          85M (7%)            1M (0%)     
[2026-04-03T02:27:08.411+0600][95.056s][info][gc,heap     ] GC(165) y: Allocated:         -               154M (12%)         156M (12%)         165M (13%)    
[2026-04-03T02:27:08.411+0600][95.056s][info][gc,heap     ] GC(165) y: Reclaimed:         -                  -               452M (36%)         535M (43%)    
[2026-04-03T02:27:08.411+0600][95.056s][info][gc,heap     ] GC(165) y:  Promoted:         -                  -                 0M (0%)            0M (0%)     
[2026-04-03T02:27:08.411+0600][95.056s][info][gc,heap     ] GC(165) y: Compacted:         -                  -                  -                 6M (1%)     
[2026-04-03T02:27:08.411+0600][95.056s][info][gc,phases   ] GC(165) y: Young Generation 742M(59%)->372M(30%) 0.060s
[2026-04-03T02:27:08.411+0600][95.056s][info][gc          ] GC(165) Minor Collection (Allocation Rate) 742M(59%)->372M(30%) 0.060s
[2026-04-03T02:27:08.436+0600][95.081s][info][gc          ] GC(166) Minor Collection (Allocation Rate)
[2026-04-03T02:27:08.436+0600][95.081s][info][gc,task     ] GC(166) Using 1 Workers for Young Generation
[2026-04-03T02:27:08.436+0600][95.081s][info][gc,phases   ] GC(166) y: Young Generation
[2026-04-03T02:27:08.437+0600][95.081s][info][gc,phases   ] GC(166) y: Pause Mark Start 0.026ms
[2026-04-03T02:27:08.481+0600][95.125s][info][gc,phases   ] GC(166) y: Concurrent Mark 43.759ms
[2026-04-03T02:27:08.481+0600][95.126s][info][gc,phases   ] GC(166) y: Pause Mark End 0.022ms
[2026-04-03T02:27:08.481+0600][95.126s][info][gc,phases   ] GC(166) y: Concurrent Mark Free 0.003ms
[2026-04-03T02:27:08.481+0600][95.126s][info][gc,phases   ] GC(166) y: Concurrent Reset Relocation Set 0.012ms
[2026-04-03T02:27:08.484+0600][95.129s][info][gc,reloc    ] GC(166) y: Using tenuring threshold: 2 (Computed)
[2026-04-03T02:27:08.489+0600][95.134s][info][gc,phases   ] GC(166) y: Concurrent Select Relocation Set 7.792ms
[2026-04-03T02:27:08.489+0600][95.134s][info][gc,phases   ] GC(166) y: Pause Relocate Start 0.024ms
[2026-04-03T02:27:08.505+0600][95.150s][info][gc,phases   ] GC(166) y: Concurrent Relocate 15.855ms
[2026-04-03T02:27:08.505+0600][95.150s][info][gc,alloc    ] GC(166) y:                         Mark Start        Mark End      Relocate Start    Relocate End   
[2026-04-03T02:27:08.505+0600][95.150s][info][gc,alloc    ] GC(166) y: Allocation Stalls:          0                0                0                0         
[2026-04-03T02:27:08.505+0600][95.150s][info][gc,load     ] GC(166) y: Load: 5.64 (47%) / 5.95 (50%) / 5.88 (49%)
[2026-04-03T02:27:08.505+0600][95.150s][info][gc,mmu      ] GC(166) y: MMU: 2ms/95.1%, 5ms/97.6%, 10ms/98.7%, 20ms/99.4%, 50ms/99.6%, 100ms/99.8%
[2026-04-03T02:27:08.505+0600][95.150s][info][gc,marking  ] GC(166) y: Mark: 1 stripe(s), 2 proactive flush(es), 1 terminate flush(es), 0 completion(s), 0 continuation(s) 
[2026-04-03T02:27:08.505+0600][95.150s][info][gc,marking  ] GC(166) y: Mark Stack Usage: 32M
[2026-04-03T02:27:08.505+0600][95.150s][info][gc,nmethod  ] GC(166) y: NMethods: 13692 registered, 4490 unregistered
[2026-04-03T02:27:08.505+0600][95.150s][info][gc,metaspace] GC(166) y: Metaspace: 128M used, 130M committed, 1152M reserved
[2026-04-03T02:27:08.505+0600][95.150s][info][gc,reloc    ] GC(166) y:                        Candidates     Selected     In-Place         Size        Empty    Relocated 
[2026-04-03T02:27:08.505+0600][95.150s][info][gc,reloc    ] GC(166) y: Small Pages:                   43           33            0          86M           6M           4M 
[2026-04-03T02:27:08.505+0600][95.150s][info][gc,reloc    ] GC(166) y: Medium Pages:                   1            0            0          32M          32M           0M 
[2026-04-03T02:27:08.505+0600][95.150s][info][gc,reloc    ] GC(166) y: Large Pages:                   30            0            0         180M         156M           0M 
[2026-04-03T02:27:08.505+0600][95.150s][info][gc,reloc    ] GC(166) y: Forwarding Usage: 0M
[2026-04-03T02:27:08.505+0600][95.150s][info][gc,reloc    ] GC(166) y: Age Table:
[2026-04-03T02:27:08.505+0600][95.150s][info][gc,reloc    ] GC(166) y:                    Live             Garbage             Small              Medium             Large        
[2026-04-03T02:27:08.505+0600][95.150s][info][gc,reloc    ] GC(166) y: Eden              26M (2%)          239M (19%)         33 / 27             1 / 0             28 / 0        
[2026-04-03T02:27:08.505+0600][95.150s][info][gc,reloc    ] GC(166) y: Survivor 1         1M (0%)           14M (1%)           2 / 2              0 / 0              2 / 0        
[2026-04-03T02:27:08.505+0600][95.150s][info][gc,reloc    ] GC(166) y: Survivor 2         2M (0%)            1M (0%)           2 / 0              0 / 0              0 / 0        
[2026-04-03T02:27:08.505+0600][95.150s][info][gc,reloc    ] GC(166) y: Survivor 3         1M (0%)            2M (0%)           2 / 1              0 / 0              0 / 0        
[2026-04-03T02:27:08.505+0600][95.150s][info][gc,reloc    ] GC(166) y: Survivor 4         2M (0%)            1M (0%)           2 / 1              0 / 0              0 / 0        
[2026-04-03T02:27:08.505+0600][95.150s][info][gc,reloc    ] GC(166) y: Survivor 5         0M (0%)            1M (0%)           1 / 1              0 / 0              0 / 0        
[2026-04-03T02:27:08.505+0600][95.150s][info][gc,reloc    ] GC(166) y: Survivor 6         0M (0%)            1M (0%)           1 / 1              0 / 0              0 / 0        
[2026-04-03T02:27:08.505+0600][95.150s][info][gc,heap     ] GC(166) y: Min Capacity: 8M(1%)
[2026-04-03T02:27:08.506+0600][95.150s][info][gc,heap     ] GC(166) y: Max Capacity: 1250M(100%)
[2026-04-03T02:27:08.506+0600][95.150s][info][gc,heap     ] GC(166) y: Soft Max Capacity: 1250M(100%)
[2026-04-03T02:27:08.506+0600][95.150s][info][gc,heap     ] GC(166) y: Heap Statistics:
[2026-04-03T02:27:08.506+0600][95.150s][info][gc,heap     ] GC(166) y:                Mark Start          Mark End        Relocate Start      Relocate End           High               Low         
[2026-04-03T02:27:08.506+0600][95.150s][info][gc,heap     ] GC(166) y:  Capacity:     1250M (100%)       1250M (100%)       1250M (100%)       1250M (100%)       1250M (100%)       1250M (100%)   
[2026-04-03T02:27:08.506+0600][95.150s][info][gc,heap     ] GC(166) y:      Free:      770M (62%)         402M (32%)         572M (46%)         614M (49%)         770M (62%)         376M (30%)    
[2026-04-03T02:27:08.506+0600][95.150s][info][gc,heap     ] GC(166) y:      Used:      480M (38%)         848M (68%)         678M (54%)         636M (51%)         874M (70%)         480M (38%)    
[2026-04-03T02:27:08.506+0600][95.150s][info][gc,heap     ] GC(166) y: Young Generation Statistics:
[2026-04-03T02:27:08.506+0600][95.150s][info][gc,heap     ] GC(166) y:                Mark Start          Mark End        Relocate Start      Relocate End    
[2026-04-03T02:27:08.506+0600][95.150s][info][gc,heap     ] GC(166) y:      Used:      298M (24%)         666M (53%)         490M (39%)         444M (36%)    
[2026-04-03T02:27:08.506+0600][95.150s][info][gc,heap     ] GC(166) y:      Live:         -                34M (3%)           30M (2%)           27M (2%)     
[2026-04-03T02:27:08.506+0600][95.150s][info][gc,heap     ] GC(166) y:   Garbage:         -               263M (21%)          67M (5%)            0M (0%)     
[2026-04-03T02:27:08.506+0600][95.150s][info][gc,heap     ] GC(166) y: Allocated:         -               368M (29%)         392M (31%)         416M (33%)    
[2026-04-03T02:27:08.506+0600][95.150s][info][gc,heap     ] GC(166) y: Reclaimed:         -                  -               195M (16%)         263M (21%)    
[2026-04-03T02:27:08.506+0600][95.150s][info][gc,heap     ] GC(166) y:  Promoted:         -                  -                 4M (0%)            7M (1%)     
[2026-04-03T02:27:08.506+0600][95.150s][info][gc,heap     ] GC(166) y: Compacted:         -                  -                  -                 3M (0%)     
[2026-04-03T02:27:08.506+0600][95.150s][info][gc,phases   ] GC(166) y: Young Generation 480M(38%)->636M(51%) 0.069s
[2026-04-03T02:27:08.506+0600][95.150s][info][gc          ] GC(166) Minor Collection (Allocation Rate) 480M(38%)->636M(51%) 0.069s
[2026-04-03T02:27:08.506+0600][95.150s][info][gc          ] GC(167) Minor Collection (Allocation Rate)
[2026-04-03T02:27:08.506+0600][95.151s][info][gc,task     ] GC(167) Using 3 Workers for Young Generation
[2026-04-03T02:27:08.506+0600][95.151s][info][gc,phases   ] GC(167) y: Young Generation
[2026-04-03T02:27:08.506+0600][95.151s][info][gc,phases   ] GC(167) y: Pause Mark Start 0.026ms
[2026-04-03T02:27:08.524+0600][95.168s][info][gc,phases   ] GC(167) y: Concurrent Mark 17.433ms
[2026-04-03T02:27:08.524+0600][95.169s][info][gc,phases   ] GC(167) y: Pause Mark End 0.024ms
[2026-04-03T02:27:08.524+0600][95.169s][info][gc,phases   ] GC(167) y: Concurrent Mark Free 0.001ms
[2026-04-03T02:27:08.524+0600][95.169s][info][gc,phases   ] GC(167) y: Concurrent Reset Relocation Set 0.050ms
[2026-04-03T02:27:08.526+0600][95.171s][info][gc,reloc    ] GC(167) y: Using tenuring threshold: 3 (Computed)
[2026-04-03T02:27:08.526+0600][95.171s][info][gc,phases   ] GC(167) y: Concurrent Select Relocation Set 1.845ms
[2026-04-03T02:27:08.526+0600][95.171s][info][gc,phases   ] GC(167) y: Pause Relocate Start 0.012ms
[2026-04-03T02:27:08.527+0600][95.172s][info][gc,phases   ] GC(167) y: Concurrent Relocate 0.921ms
[2026-04-03T02:27:08.528+0600][95.172s][info][gc,alloc    ] GC(167) y:                         Mark Start        Mark End      Relocate Start    Relocate End   
[2026-04-03T02:27:08.528+0600][95.172s][info][gc,alloc    ] GC(167) y: Allocation Stalls:          0                0                0                0         
[2026-04-03T02:27:08.528+0600][95.172s][info][gc,load     ] GC(167) y: Load: 5.64 (47%) / 5.95 (50%) / 5.88 (49%)
[2026-04-03T02:27:08.528+0600][95.172s][info][gc,mmu      ] GC(167) y: MMU: 2ms/95.1%, 5ms/97.6%, 10ms/98.7%, 20ms/99.4%, 50ms/99.6%, 100ms/99.8%
[2026-04-03T02:27:08.528+0600][95.172s][info][gc,marking  ] GC(167) y: Mark: 2 stripe(s), 2 proactive flush(es), 1 terminate flush(es), 0 completion(s), 0 continuation(s) 
[2026-04-03T02:27:08.528+0600][95.172s][info][gc,marking  ] GC(167) y: Mark Stack Usage: 32M
[2026-04-03T02:27:08.528+0600][95.172s][info][gc,nmethod  ] GC(167) y: NMethods: 13694 registered, 4490 unregistered
[2026-04-03T02:27:08.528+0600][95.172s][info][gc,metaspace] GC(167) y: Metaspace: 128M used, 130M committed, 1152M reserved
[2026-04-03T02:27:08.528+0600][95.172s][info][gc,reloc    ] GC(167) y:                        Candidates     Selected     In-Place         Size        Empty    Relocated 
[2026-04-03T02:27:08.528+0600][95.172s][info][gc,reloc    ] GC(167) y: Small Pages:                   44           30            0          88M          24M           1M 
[2026-04-03T02:27:08.528+0600][95.172s][info][gc,reloc    ] GC(167) y: Medium Pages:                   1            0            0          32M          32M           0M 
[2026-04-03T02:27:08.528+0600][95.172s][info][gc,reloc    ] GC(167) y: Large Pages:                   54            0            0         324M         324M           0M 
[2026-04-03T02:27:08.528+0600][95.172s][info][gc,reloc    ] GC(167) y: Forwarding Usage: 0M
[2026-04-03T02:27:08.528+0600][95.172s][info][gc,reloc    ] GC(167) y: Age Table:
[2026-04-03T02:27:08.528+0600][95.172s][info][gc,reloc    ] GC(167) y:                    Live             Garbage             Small              Medium             Large        
[2026-04-03T02:27:08.528+0600][95.172s][info][gc,reloc    ] GC(167) y: Eden               0M (0%)          409M (33%)         39 / 28             1 / 0             50 / 0        
[2026-04-03T02:27:08.528+0600][95.172s][info][gc,reloc    ] GC(167) y: Survivor 1         0M (0%)           29M (2%)           3 / 1              0 / 0              4 / 0        
[2026-04-03T02:27:08.528+0600][95.172s][info][gc,reloc    ] GC(167) y: Survivor 2         1M (0%)            2M (0%)           2 / 1              0 / 0              0 / 0        
[2026-04-03T02:27:08.528+0600][95.172s][info][gc,heap     ] GC(167) y: Min Capacity: 8M(1%)
[2026-04-03T02:27:08.528+0600][95.172s][info][gc,heap     ] GC(167) y: Max Capacity: 1250M(100%)
[2026-04-03T02:27:08.528+0600][95.172s][info][gc,heap     ] GC(167) y: Soft Max Capacity: 1250M(100%)
[2026-04-03T02:27:08.528+0600][95.172s][info][gc,heap     ] GC(167) y: Heap Statistics:
[2026-04-03T02:27:08.528+0600][95.172s][info][gc,heap     ] GC(167) y:                Mark Start          Mark End        Relocate Start      Relocate End           High               Low         
[2026-04-03T02:27:08.528+0600][95.172s][info][gc,heap     ] GC(167) y:  Capacity:     1250M (100%)       1250M (100%)       1250M (100%)       1250M (100%)       1250M (100%)       1250M (100%)   
[2026-04-03T02:27:08.528+0600][95.172s][info][gc,heap     ] GC(167) y:      Free:      614M (49%)         608M (49%)         984M (79%)        1036M (83%)        1036M (83%)         608M (49%)    
[2026-04-03T02:27:08.528+0600][95.172s][info][gc,heap     ] GC(167) y:      Used:      636M (51%)         642M (51%)         266M (21%)         214M (17%)         642M (51%)         214M (17%)    
[2026-04-03T02:27:08.528+0600][95.172s][info][gc,heap     ] GC(167) y: Young Generation Statistics:
[2026-04-03T02:27:08.528+0600][95.172s][info][gc,heap     ] GC(167) y:                Mark Start          Mark End        Relocate Start      Relocate End    
[2026-04-03T02:27:08.528+0600][95.172s][info][gc,heap     ] GC(167) y:      Used:      444M (36%)         450M (36%)          74M (6%)           22M (2%)     
[2026-04-03T02:27:08.528+0600][95.172s][info][gc,heap     ] GC(167) y:      Live:         -                 2M (0%)            2M (0%)            2M (0%)     
[2026-04-03T02:27:08.528+0600][95.172s][info][gc,heap     ] GC(167) y:   Garbage:         -               441M (35%)          61M (5%)            0M (0%)     
[2026-04-03T02:27:08.528+0600][95.172s][info][gc,heap     ] GC(167) y: Allocated:         -                 6M (0%)           10M (1%)           18M (1%)     
[2026-04-03T02:27:08.528+0600][95.172s][info][gc,heap     ] GC(167) y: Reclaimed:         -                  -               380M (30%)         440M (35%)    
[2026-04-03T02:27:08.528+0600][95.172s][info][gc,heap     ] GC(167) y:  Promoted:         -                  -                 0M (0%)            0M (0%)     
[2026-04-03T02:27:08.528+0600][95.172s][info][gc,heap     ] GC(167) y: Compacted:         -                  -                  -                 1M (0%)     
[2026-04-03T02:27:08.528+0600][95.172s][info][gc,phases   ] GC(167) y: Young Generation 636M(51%)->214M(17%) 0.022s
[2026-04-03T02:27:08.528+0600][95.173s][info][gc          ] GC(167) Minor Collection (Allocation Rate) 636M(51%)->214M(17%) 0.022s
[2026-04-03T02:27:09.329+0600][95.974s][info][gc          ] GC(168) Minor Collection (Allocation Rate)
[2026-04-03T02:27:09.329+0600][95.974s][info][gc,task     ] GC(168) Using 3 Workers for Young Generation
[2026-04-03T02:27:09.329+0600][95.974s][info][gc,phases   ] GC(168) y: Young Generation
[2026-04-03T02:27:09.330+0600][95.974s][info][gc,phases   ] GC(168) y: Pause Mark Start 0.022ms
[2026-04-03T02:27:09.353+0600][95.998s][info][gc,phases   ] GC(168) y: Concurrent Mark 23.549ms
[2026-04-03T02:27:09.354+0600][95.998s][info][gc,phases   ] GC(168) y: Pause Mark End 0.026ms
[2026-04-03T02:27:09.354+0600][95.998s][info][gc,phases   ] GC(168) y: Concurrent Mark Free 0.001ms
[2026-04-03T02:27:09.354+0600][95.998s][info][gc,phases   ] GC(168) y: Concurrent Reset Relocation Set 0.022ms
[2026-04-03T02:27:09.356+0600][96.001s][info][gc,reloc    ] GC(168) y: Using tenuring threshold: 4 (Computed)
[2026-04-03T02:27:09.356+0600][96.001s][info][gc,phases   ] GC(168) y: Concurrent Select Relocation Set 2.472ms
[2026-04-03T02:27:09.356+0600][96.001s][info][gc,phases   ] GC(168) y: Pause Relocate Start 0.013ms
[2026-04-03T02:27:09.360+0600][96.005s][info][gc,phases   ] GC(168) y: Concurrent Relocate 4.005ms
[2026-04-03T02:27:09.360+0600][96.005s][info][gc,alloc    ] GC(168) y:                         Mark Start        Mark End      Relocate Start    Relocate End   
[2026-04-03T02:27:09.360+0600][96.005s][info][gc,alloc    ] GC(168) y: Allocation Stalls:          0                0                0                0         
[2026-04-03T02:27:09.360+0600][96.005s][info][gc,load     ] GC(168) y: Load: 5.64 (47%) / 5.95 (50%) / 5.88 (49%)
[2026-04-03T02:27:09.360+0600][96.005s][info][gc,mmu      ] GC(168) y: MMU: 2ms/95.1%, 5ms/97.6%, 10ms/98.7%, 20ms/99.4%, 50ms/99.6%, 100ms/99.8%
[2026-04-03T02:27:09.360+0600][96.005s][info][gc,marking  ] GC(168) y: Mark: 2 stripe(s), 3 proactive flush(es), 1 terminate flush(es), 0 completion(s), 0 continuation(s) 
[2026-04-03T02:27:09.361+0600][96.005s][info][gc,marking  ] GC(168) y: Mark Stack Usage: 32M
[2026-04-03T02:27:09.361+0600][96.005s][info][gc,nmethod  ] GC(168) y: NMethods: 13717 registered, 4490 unregistered
[2026-04-03T02:27:09.361+0600][96.005s][info][gc,metaspace] GC(168) y: Metaspace: 128M used, 130M committed, 1152M reserved
[2026-04-03T02:27:09.361+0600][96.005s][info][gc,reloc    ] GC(168) y:                        Candidates     Selected     In-Place         Size        Empty    Relocated 
[2026-04-03T02:27:09.361+0600][96.005s][info][gc,reloc    ] GC(168) y: Small Pages:                  250          194            0         500M         104M           5M 
[2026-04-03T02:27:09.361+0600][96.005s][info][gc,reloc    ] GC(168) y: Medium Pages:                   3            0            0          96M          96M           0M 
[2026-04-03T02:27:09.361+0600][96.005s][info][gc,reloc    ] GC(168) y: Large Pages:                   13            0            0          78M          78M           0M 
[2026-04-03T02:27:09.361+0600][96.005s][info][gc,reloc    ] GC(168) y: Forwarding Usage: 1M
[2026-04-03T02:27:09.361+0600][96.005s][info][gc,reloc    ] GC(168) y: Age Table:
[2026-04-03T02:27:09.361+0600][96.005s][info][gc,reloc    ] GC(168) y:                    Live             Garbage             Small              Medium             Large        
[2026-04-03T02:27:09.361+0600][96.005s][info][gc,reloc    ] GC(168) y: Eden               4M (0%)          657M (53%)        244 / 189            3 / 0             13 / 0        
[2026-04-03T02:27:09.361+0600][96.005s][info][gc,reloc    ] GC(168) y: Survivor 1         0M (0%)            5M (0%)           3 / 3              0 / 0              0 / 0        
[2026-04-03T02:27:09.361+0600][96.005s][info][gc,reloc    ] GC(168) y: Survivor 2         0M (0%)            1M (0%)           1 / 0              0 / 0              0 / 0        
[2026-04-03T02:27:09.361+0600][96.005s][info][gc,reloc    ] GC(168) y: Survivor 3         1M (0%)            2M (0%)           2 / 2              0 / 0              0 / 0        
[2026-04-03T02:27:09.361+0600][96.005s][info][gc,heap     ] GC(168) y: Min Capacity: 8M(1%)
[2026-04-03T02:27:09.361+0600][96.005s][info][gc,heap     ] GC(168) y: Max Capacity: 1250M(100%)
[2026-04-03T02:27:09.361+0600][96.005s][info][gc,heap     ] GC(168) y: Soft Max Capacity: 1250M(100%)
[2026-04-03T02:27:09.361+0600][96.005s][info][gc,heap     ] GC(168) y: Heap Statistics:
[2026-04-03T02:27:09.361+0600][96.005s][info][gc,heap     ] GC(168) y:                Mark Start          Mark End        Relocate Start      Relocate End           High               Low         
[2026-04-03T02:27:09.361+0600][96.005s][info][gc,heap     ] GC(168) y:  Capacity:     1250M (100%)       1250M (100%)       1250M (100%)       1250M (100%)       1250M (100%)       1250M (100%)   
[2026-04-03T02:27:09.361+0600][96.005s][info][gc,heap     ] GC(168) y:      Free:      384M (31%)         352M (28%)         630M (50%)         996M (80%)         996M (80%)         352M (28%)    
[2026-04-03T02:27:09.361+0600][96.005s][info][gc,heap     ] GC(168) y:      Used:      866M (69%)         898M (72%)         620M (50%)         254M (20%)         898M (72%)         254M (20%)    
[2026-04-03T02:27:09.361+0600][96.005s][info][gc,heap     ] GC(168) y: Young Generation Statistics:
[2026-04-03T02:27:09.361+0600][96.005s][info][gc,heap     ] GC(168) y:                Mark Start          Mark End        Relocate Start      Relocate End    
[2026-04-03T02:27:09.361+0600][96.005s][info][gc,heap     ] GC(168) y:      Used:      674M (54%)         706M (56%)         428M (34%)          62M (5%)     
[2026-04-03T02:27:09.361+0600][96.005s][info][gc,heap     ] GC(168) y:      Live:         -                 6M (1%)            6M (1%)            6M (1%)     
[2026-04-03T02:27:09.361+0600][96.005s][info][gc,heap     ] GC(168) y:   Garbage:         -               667M (53%)         389M (31%)           0M (0%)     
[2026-04-03T02:27:09.361+0600][96.005s][info][gc,heap     ] GC(168) y: Allocated:         -                32M (3%)           32M (3%)           55M (4%)     
[2026-04-03T02:27:09.361+0600][96.005s][info][gc,heap     ] GC(168) y: Reclaimed:         -                  -               278M (22%)         667M (53%)    
[2026-04-03T02:27:09.361+0600][96.006s][info][gc,heap     ] GC(168) y:  Promoted:         -                  -                 0M (0%)            0M (0%)     
[2026-04-03T02:27:09.361+0600][96.006s][info][gc,heap     ] GC(168) y: Compacted:         -                  -                  -                 6M (1%)     
[2026-04-03T02:27:09.361+0600][96.006s][info][gc,phases   ] GC(168) y: Young Generation 866M(69%)->254M(20%) 0.031s
[2026-04-03T02:27:09.361+0600][96.006s][info][gc          ] GC(168) Minor Collection (Allocation Rate) 866M(69%)->254M(20%) 0.032s
[2026-04-03T02:27:09.582+0600][96.227s][info][gc          ] GC(169) Minor Collection (Allocation Rate)
[2026-04-03T02:27:09.583+0600][96.227s][info][gc,task     ] GC(169) Using 2 Workers for Young Generation
[2026-04-03T02:27:09.583+0600][96.227s][info][gc,phases   ] GC(169) y: Young Generation
[2026-04-03T02:27:09.583+0600][96.227s][info][gc,phases   ] GC(169) y: Pause Mark Start 0.018ms
[2026-04-03T02:27:09.606+0600][96.251s][info][gc,phases   ] GC(169) y: Concurrent Mark 23.287ms
[2026-04-03T02:27:09.606+0600][96.251s][info][gc,phases   ] GC(169) y: Pause Mark End 0.026ms
[2026-04-03T02:27:09.606+0600][96.251s][info][gc,phases   ] GC(169) y: Concurrent Mark Free 0.001ms
[2026-04-03T02:27:09.606+0600][96.251s][info][gc,phases   ] GC(169) y: Concurrent Reset Relocation Set 0.028ms
[2026-04-03T02:27:09.610+0600][96.255s][info][gc,reloc    ] GC(169) y: Using tenuring threshold: 4 (Computed)
[2026-04-03T02:27:09.611+0600][96.256s][info][gc,phases   ] GC(169) y: Concurrent Select Relocation Set 4.720ms
[2026-04-03T02:27:09.611+0600][96.256s][info][gc,phases   ] GC(169) y: Pause Relocate Start 0.021ms
[2026-04-03T02:27:09.619+0600][96.263s][info][gc,phases   ] GC(169) y: Concurrent Relocate 7.194ms
[2026-04-03T02:27:09.619+0600][96.264s][info][gc,alloc    ] GC(169) y:                         Mark Start        Mark End      Relocate Start    Relocate End   
[2026-04-03T02:27:09.619+0600][96.264s][info][gc,alloc    ] GC(169) y: Allocation Stalls:          0                0                0                0         
[2026-04-03T02:27:09.619+0600][96.264s][info][gc,load     ] GC(169) y: Load: 5.64 (47%) / 5.95 (50%) / 5.88 (49%)
[2026-04-03T02:27:09.619+0600][96.264s][info][gc,mmu      ] GC(169) y: MMU: 2ms/95.1%, 5ms/97.6%, 10ms/98.7%, 20ms/99.4%, 50ms/99.6%, 100ms/99.8%
[2026-04-03T02:27:09.619+0600][96.264s][info][gc,marking  ] GC(169) y: Mark: 2 stripe(s), 2 proactive flush(es), 1 terminate flush(es), 0 completion(s), 0 continuation(s) 
[2026-04-03T02:27:09.619+0600][96.264s][info][gc,marking  ] GC(169) y: Mark Stack Usage: 32M
[2026-04-03T02:27:09.619+0600][96.264s][info][gc,nmethod  ] GC(169) y: NMethods: 13721 registered, 4490 unregistered
[2026-04-03T02:27:09.619+0600][96.264s][info][gc,metaspace] GC(169) y: Metaspace: 128M used, 130M committed, 1152M reserved
[2026-04-03T02:27:09.619+0600][96.264s][info][gc,reloc    ] GC(169) y:                        Candidates     Selected     In-Place         Size        Empty    Relocated 
[2026-04-03T02:27:09.619+0600][96.264s][info][gc,reloc    ] GC(169) y: Small Pages:                   85           53            0         170M          58M           3M 
[2026-04-03T02:27:09.619+0600][96.264s][info][gc,reloc    ] GC(169) y: Medium Pages:                   2            0            0          64M          64M           0M 
[2026-04-03T02:27:09.619+0600][96.264s][info][gc,reloc    ] GC(169) y: Large Pages:                    3            0            0          18M          18M           0M 
[2026-04-03T02:27:09.619+0600][96.264s][info][gc,reloc    ] GC(169) y: Forwarding Usage: 0M
[2026-04-03T02:27:09.619+0600][96.264s][info][gc,reloc    ] GC(169) y: Age Table:
[2026-04-03T02:27:09.619+0600][96.264s][info][gc,reloc    ] GC(169) y:                    Live             Garbage             Small              Medium             Large        
[2026-04-03T02:27:09.619+0600][96.264s][info][gc,reloc    ] GC(169) y: Eden               0M (0%)          221M (18%)         70 / 41             2 / 0              3 / 0        
[2026-04-03T02:27:09.619+0600][96.264s][info][gc,reloc    ] GC(169) y: Survivor 1         2M (0%)            5M (0%)           4 / 1              0 / 0              0 / 0        
[2026-04-03T02:27:09.619+0600][96.264s][info][gc,reloc    ] GC(169) y: Survivor 2         0M (0%)            1M (0%)           1 / 1              0 / 0              0 / 0        
[2026-04-03T02:27:09.619+0600][96.264s][info][gc,reloc    ] GC(169) y: Survivor 3         0M (0%)           17M (1%)           9 / 9              0 / 0              0 / 0        
[2026-04-03T02:27:09.619+0600][96.264s][info][gc,reloc    ] GC(169) y: Survivor 4         1M (0%)            0M (0%)           1 / 1              0 / 0              0 / 0        
[2026-04-03T02:27:09.619+0600][96.264s][info][gc,heap     ] GC(169) y: Min Capacity: 8M(1%)
[2026-04-03T02:27:09.619+0600][96.264s][info][gc,heap     ] GC(169) y: Max Capacity: 1250M(100%)
[2026-04-03T02:27:09.619+0600][96.264s][info][gc,heap     ] GC(169) y: Soft Max Capacity: 1250M(100%)
[2026-04-03T02:27:09.619+0600][96.264s][info][gc,heap     ] GC(169) y: Heap Statistics:
[2026-04-03T02:27:09.619+0600][96.264s][info][gc,heap     ] GC(169) y:                Mark Start          Mark End        Relocate Start      Relocate End           High               Low         
[2026-04-03T02:27:09.619+0600][96.264s][info][gc,heap     ] GC(169) y:  Capacity:     1250M (100%)       1250M (100%)       1250M (100%)       1250M (100%)       1250M (100%)       1250M (100%)   
[2026-04-03T02:27:09.619+0600][96.264s][info][gc,heap     ] GC(169) y:      Free:      806M (64%)         756M (60%)         894M (72%)         976M (78%)         976M (78%)         754M (60%)    
[2026-04-03T02:27:09.619+0600][96.264s][info][gc,heap     ] GC(169) y:      Used:      444M (36%)         494M (40%)         356M (28%)         274M (22%)         496M (40%)         274M (22%)    
[2026-04-03T02:27:09.619+0600][96.264s][info][gc,heap     ] GC(169) y: Young Generation Statistics:
[2026-04-03T02:27:09.619+0600][96.264s][info][gc,heap     ] GC(169) y:                Mark Start          Mark End        Relocate Start      Relocate End    
[2026-04-03T02:27:09.619+0600][96.264s][info][gc,heap     ] GC(169) y:      Used:      252M (20%)         302M (24%)         164M (13%)          80M (6%)     
[2026-04-03T02:27:09.619+0600][96.264s][info][gc,heap     ] GC(169) y:      Live:         -                 5M (0%)            5M (0%)            4M (0%)     
[2026-04-03T02:27:09.619+0600][96.264s][info][gc,heap     ] GC(169) y:   Garbage:         -               246M (20%)         106M (9%)            0M (0%)     
[2026-04-03T02:27:09.619+0600][96.264s][info][gc,heap     ] GC(169) y: Allocated:         -                50M (4%)           52M (4%)           75M (6%)     
[2026-04-03T02:27:09.619+0600][96.264s][info][gc,heap     ] GC(169) y: Reclaimed:         -                  -               140M (11%)         246M (20%)    
[2026-04-03T02:27:09.619+0600][96.264s][info][gc,heap     ] GC(169) y:  Promoted:         -                  -                 0M (0%)            1M (0%)     
[2026-04-03T02:27:09.619+0600][96.264s][info][gc,heap     ] GC(169) y: Compacted:         -                  -                  -                 4M (0%)     
[2026-04-03T02:27:09.619+0600][96.264s][info][gc,phases   ] GC(169) y: Young Generation 444M(36%)->274M(22%) 0.036s
[2026-04-03T02:27:09.619+0600][96.264s][info][gc          ] GC(169) Minor Collection (Allocation Rate) 444M(36%)->274M(22%) 0.037s
[2026-04-03T02:27:10.608+0600][97.253s][info][gc          ] GC(170) Minor Collection (Allocation Rate)
[2026-04-03T02:27:10.608+0600][97.253s][info][gc,task     ] GC(170) Using 3 Workers for Young Generation
[2026-04-03T02:27:10.608+0600][97.253s][info][gc,phases   ] GC(170) y: Young Generation
[2026-04-03T02:27:10.610+0600][97.255s][info][gc,phases   ] GC(170) y: Pause Mark Start 0.021ms
[2026-04-03T02:27:10.632+0600][97.276s][info][gc,phases   ] GC(170) y: Concurrent Mark 21.266ms
[2026-04-03T02:27:10.632+0600][97.277s][info][gc,phases   ] GC(170) y: Pause Mark End 0.027ms
[2026-04-03T02:27:10.632+0600][97.277s][info][gc,phases   ] GC(170) y: Concurrent Mark Free 0.003ms
[2026-04-03T02:27:10.632+0600][97.277s][info][gc,phases   ] GC(170) y: Concurrent Reset Relocation Set 0.012ms
[2026-04-03T02:27:10.636+0600][97.281s][info][gc,reloc    ] GC(170) y: Using tenuring threshold: 3 (Computed)
[2026-04-03T02:27:10.637+0600][97.282s][info][gc,phases   ] GC(170) y: Concurrent Select Relocation Set 4.570ms
[2026-04-03T02:27:10.637+0600][97.282s][info][gc,phases   ] GC(170) y: Pause Relocate Start 0.021ms
[2026-04-03T02:27:10.641+0600][97.286s][info][gc,phases   ] GC(170) y: Concurrent Relocate 3.628ms
[2026-04-03T02:27:10.641+0600][97.286s][info][gc,alloc    ] GC(170) y:                         Mark Start        Mark End      Relocate Start    Relocate End   
[2026-04-03T02:27:10.641+0600][97.286s][info][gc,alloc    ] GC(170) y: Allocation Stalls:          0                0                0                0         
[2026-04-03T02:27:10.641+0600][97.286s][info][gc,load     ] GC(170) y: Load: 5.51 (46%) / 5.92 (49%) / 5.87 (49%)
[2026-04-03T02:27:10.641+0600][97.286s][info][gc,mmu      ] GC(170) y: MMU: 2ms/95.1%, 5ms/97.6%, 10ms/98.7%, 20ms/99.4%, 50ms/99.6%, 100ms/99.8%
[2026-04-03T02:27:10.641+0600][97.286s][info][gc,marking  ] GC(170) y: Mark: 2 stripe(s), 2 proactive flush(es), 1 terminate flush(es), 0 completion(s), 0 continuation(s) 
[2026-04-03T02:27:10.641+0600][97.286s][info][gc,marking  ] GC(170) y: Mark Stack Usage: 32M
[2026-04-03T02:27:10.641+0600][97.286s][info][gc,nmethod  ] GC(170) y: NMethods: 13743 registered, 4490 unregistered
[2026-04-03T02:27:10.641+0600][97.286s][info][gc,metaspace] GC(170) y: Metaspace: 128M used, 130M committed, 1152M reserved
[2026-04-03T02:27:10.641+0600][97.286s][info][gc,reloc    ] GC(170) y:                        Candidates     Selected     In-Place         Size        Empty    Relocated 
[2026-04-03T02:27:10.641+0600][97.286s][info][gc,reloc    ] GC(170) y: Small Pages:                  322          216            0         644M         204M           4M 
[2026-04-03T02:27:10.641+0600][97.286s][info][gc,reloc    ] GC(170) y: Medium Pages:                   4            0            0         128M          96M           0M 
[2026-04-03T02:27:10.641+0600][97.286s][info][gc,reloc    ] GC(170) y: Large Pages:                   14            0            0          84M          84M           0M 
[2026-04-03T02:27:10.641+0600][97.286s][info][gc,reloc    ] GC(170) y: Forwarding Usage: 0M
[2026-04-03T02:27:10.641+0600][97.286s][info][gc,reloc    ] GC(170) y: Age Table:
[2026-04-03T02:27:10.641+0600][97.286s][info][gc,reloc    ] GC(170) y:                    Live             Garbage             Small              Medium             Large        
[2026-04-03T02:27:10.641+0600][97.286s][info][gc,reloc    ] GC(170) y: Eden               5M (0%)          822M (66%)        308 / 204            4 / 0             14 / 0        
[2026-04-03T02:27:10.641+0600][97.286s][info][gc,reloc    ] GC(170) y: Survivor 1         0M (0%)            3M (0%)           2 / 2              0 / 0              0 / 0        
[2026-04-03T02:27:10.641+0600][97.286s][info][gc,reloc    ] GC(170) y: Survivor 2         1M (0%)            2M (0%)           2 / 1              0 / 0              0 / 0        
[2026-04-03T02:27:10.641+0600][97.286s][info][gc,reloc    ] GC(170) y: Survivor 3         0M (0%)            1M (0%)           1 / 1              0 / 0              0 / 0        
[2026-04-03T02:27:10.641+0600][97.286s][info][gc,reloc    ] GC(170) y: Survivor 4         0M (0%)           17M (1%)           9 / 8              0 / 0              0 / 0        
[2026-04-03T02:27:10.641+0600][97.286s][info][gc,heap     ] GC(170) y: Min Capacity: 8M(1%)
[2026-04-03T02:27:10.641+0600][97.286s][info][gc,heap     ] GC(170) y: Max Capacity: 1250M(100%)
[2026-04-03T02:27:10.641+0600][97.286s][info][gc,heap     ] GC(170) y: Soft Max Capacity: 1250M(100%)
[2026-04-03T02:27:10.641+0600][97.286s][info][gc,heap     ] GC(170) y: Heap Statistics:
[2026-04-03T02:27:10.641+0600][97.286s][info][gc,heap     ] GC(170) y:                Mark Start          Mark End        Relocate Start      Relocate End           High               Low         
[2026-04-03T02:27:10.641+0600][97.286s][info][gc,heap     ] GC(170) y:  Capacity:     1250M (100%)       1250M (100%)       1250M (100%)       1250M (100%)       1250M (100%)       1250M (100%)   
[2026-04-03T02:27:10.641+0600][97.286s][info][gc,heap     ] GC(170) y:      Free:      200M (16%)         164M (13%)         538M (43%)         958M (77%)         958M (77%)         164M (13%)    
[2026-04-03T02:27:10.641+0600][97.286s][info][gc,heap     ] GC(170) y:      Used:     1050M (84%)        1086M (87%)         712M (57%)         292M (23%)        1086M (87%)         292M (23%)    
[2026-04-03T02:27:10.641+0600][97.286s][info][gc,heap     ] GC(170) y: Young Generation Statistics:
[2026-04-03T02:27:10.641+0600][97.286s][info][gc,heap     ] GC(170) y:                Mark Start          Mark End        Relocate Start      Relocate End    
[2026-04-03T02:27:10.641+0600][97.286s][info][gc,heap     ] GC(170) y:      Used:      856M (68%)         892M (71%)         518M (41%)          94M (8%)     
[2026-04-03T02:27:10.641+0600][97.286s][info][gc,heap     ] GC(170) y:      Live:         -                 9M (1%)            9M (1%)            7M (1%)     
[2026-04-03T02:27:10.641+0600][97.286s][info][gc,heap     ] GC(170) y:   Garbage:         -               846M (68%)         462M (37%)          30M (2%)     
[2026-04-03T02:27:10.641+0600][97.286s][info][gc,heap     ] GC(170) y: Allocated:         -                36M (3%)           46M (4%)           56M (4%)     
[2026-04-03T02:27:10.641+0600][97.286s][info][gc,heap     ] GC(170) y: Reclaimed:         -                  -               384M (31%)         816M (65%)    
[2026-04-03T02:27:10.641+0600][97.286s][info][gc,heap     ] GC(170) y:  Promoted:         -                  -                 0M (0%)            1M (0%)     
[2026-04-03T02:27:10.641+0600][97.286s][info][gc,heap     ] GC(170) y: Compacted:         -                  -                  -                 3M (0%)     
[2026-04-03T02:27:10.641+0600][97.286s][info][gc,phases   ] GC(170) y: Young Generation 1114M(89%)->292M(23%) 0.033s
[2026-04-03T02:27:10.641+0600][97.286s][info][gc          ] GC(170) Minor Collection (Allocation Rate) 1114M(89%)->294M(24%) 0.033s
[2026-04-03T02:27:11.555+0600][98.199s][info][gc          ] GC(171) Minor Collection (Allocation Rate)
[2026-04-03T02:27:11.555+0600][98.200s][info][gc,task     ] GC(171) Using 1 Workers for Young Generation
[2026-04-03T02:27:11.555+0600][98.200s][info][gc,phases   ] GC(171) y: Young Generation
[2026-04-03T02:27:11.555+0600][98.200s][info][gc,phases   ] GC(171) y: Pause Mark Start 0.075ms
[2026-04-03T02:27:11.603+0600][98.247s][info][gc,phases   ] GC(171) y: Concurrent Mark 47.397ms
[2026-04-03T02:27:11.603+0600][98.247s][info][gc,phases   ] GC(171) y: Pause Mark End 0.031ms
[2026-04-03T02:27:11.603+0600][98.248s][info][gc,phases   ] GC(171) y: Concurrent Mark Free 0.002ms
[2026-04-03T02:27:11.603+0600][98.248s][info][gc,phases   ] GC(171) y: Concurrent Reset Relocation Set 0.018ms
[2026-04-03T02:27:11.605+0600][98.250s][info][gc,reloc    ] GC(171) y: Using tenuring threshold: 3 (Computed)
[2026-04-03T02:27:11.606+0600][98.251s][info][gc,phases   ] GC(171) y: Concurrent Select Relocation Set 3.430ms
[2026-04-03T02:27:11.607+0600][98.251s][info][gc,phases   ] GC(171) y: Pause Relocate Start 0.019ms
[2026-04-03T02:27:11.618+0600][98.263s][info][gc,phases   ] GC(171) y: Concurrent Relocate 11.570ms
[2026-04-03T02:27:11.618+0600][98.263s][info][gc,alloc    ] GC(171) y:                         Mark Start        Mark End      Relocate Start    Relocate End   
[2026-04-03T02:27:11.618+0600][98.263s][info][gc,alloc    ] GC(171) y: Allocation Stalls:          0                0                0                0         
[2026-04-03T02:27:11.618+0600][98.263s][info][gc,load     ] GC(171) y: Load: 5.51 (46%) / 5.92 (49%) / 5.87 (49%)
[2026-04-03T02:27:11.619+0600][98.263s][info][gc,mmu      ] GC(171) y: MMU: 2ms/95.1%, 5ms/97.6%, 10ms/98.7%, 20ms/99.4%, 50ms/99.6%, 100ms/99.8%
[2026-04-03T02:27:11.619+0600][98.263s][info][gc,marking  ] GC(171) y: Mark: 1 stripe(s), 2 proactive flush(es), 1 terminate flush(es), 0 completion(s), 0 continuation(s) 
[2026-04-03T02:27:11.619+0600][98.263s][info][gc,marking  ] GC(171) y: Mark Stack Usage: 32M
[2026-04-03T02:27:11.619+0600][98.263s][info][gc,nmethod  ] GC(171) y: NMethods: 13751 registered, 4490 unregistered
[2026-04-03T02:27:11.619+0600][98.263s][info][gc,metaspace] GC(171) y: Metaspace: 128M used, 130M committed, 1152M reserved
[2026-04-03T02:27:11.619+0600][98.263s][info][gc,reloc    ] GC(171) y:                        Candidates     Selected     In-Place         Size        Empty    Relocated 
[2026-04-03T02:27:11.619+0600][98.263s][info][gc,reloc    ] GC(171) y: Small Pages:                  278          134            0         556M         278M           6M 
[2026-04-03T02:27:11.619+0600][98.263s][info][gc,reloc    ] GC(171) y: Medium Pages:                   5            0            0         160M         160M           0M 
[2026-04-03T02:27:11.619+0600][98.263s][info][gc,reloc    ] GC(171) y: Large Pages:                   16            0            0          96M          96M           0M 
[2026-04-03T02:27:11.619+0600][98.263s][info][gc,reloc    ] GC(171) y: Forwarding Usage: 1M
[2026-04-03T02:27:11.619+0600][98.263s][info][gc,reloc    ] GC(171) y: Age Table:
[2026-04-03T02:27:11.619+0600][98.263s][info][gc,reloc    ] GC(171) y:                    Live             Garbage             Small              Medium             Large        
[2026-04-03T02:27:11.619+0600][98.263s][info][gc,reloc    ] GC(171) y: Eden               4M (0%)          761M (61%)        271 / 129            4 / 0             16 / 0        
[2026-04-03T02:27:11.619+0600][98.263s][info][gc,reloc    ] GC(171) y: Survivor 1         2M (0%)           35M (3%)           3 / 2              1 / 0              0 / 0        
[2026-04-03T02:27:11.619+0600][98.263s][info][gc,reloc    ] GC(171) y: Survivor 2         0M (0%)            3M (0%)           2 / 2              0 / 0              0 / 0        
[2026-04-03T02:27:11.619+0600][98.263s][info][gc,reloc    ] GC(171) y: Survivor 3         1M (0%)            2M (0%)           2 / 1              0 / 0              0 / 0        
[2026-04-03T02:27:11.619+0600][98.263s][info][gc,heap     ] GC(171) y: Min Capacity: 8M(1%)
[2026-04-03T02:27:11.619+0600][98.263s][info][gc,heap     ] GC(171) y: Max Capacity: 1250M(100%)
[2026-04-03T02:27:11.619+0600][98.263s][info][gc,heap     ] GC(171) y: Soft Max Capacity: 1250M(100%)
[2026-04-03T02:27:11.619+0600][98.263s][info][gc,heap     ] GC(171) y: Heap Statistics:
[2026-04-03T02:27:11.619+0600][98.263s][info][gc,heap     ] GC(171) y:                Mark Start          Mark End        Relocate Start      Relocate End           High               Low         
[2026-04-03T02:27:11.619+0600][98.263s][info][gc,heap     ] GC(171) y:  Capacity:     1250M (100%)       1250M (100%)       1250M (100%)       1250M (100%)       1250M (100%)       1250M (100%)   
[2026-04-03T02:27:11.619+0600][98.264s][info][gc,heap     ] GC(171) y:      Free:      240M (19%)         176M (14%)         710M (57%)         968M (77%)         970M (78%)         176M (14%)    
[2026-04-03T02:27:11.619+0600][98.264s][info][gc,heap     ] GC(171) y:      Used:     1010M (81%)        1074M (86%)         540M (43%)         282M (23%)        1074M (86%)         280M (22%)    
[2026-04-03T02:27:11.619+0600][98.264s][info][gc,heap     ] GC(171) y: Young Generation Statistics:
[2026-04-03T02:27:11.619+0600][98.264s][info][gc,heap     ] GC(171) y:                Mark Start          Mark End        Relocate Start      Relocate End    
[2026-04-03T02:27:11.619+0600][98.264s][info][gc,heap     ] GC(171) y:      Used:      812M (65%)         876M (70%)         342M (27%)          82M (7%)     
[2026-04-03T02:27:11.619+0600][98.264s][info][gc,heap     ] GC(171) y:      Live:         -                 8M (1%)            8M (1%)            6M (1%)     
[2026-04-03T02:27:11.619+0600][98.264s][info][gc,heap     ] GC(171) y:   Garbage:         -               803M (64%)         269M (22%)           0M (0%)     
[2026-04-03T02:27:11.619+0600][98.264s][info][gc,heap     ] GC(171) y: Allocated:         -                64M (5%)           64M (5%)           75M (6%)     
[2026-04-03T02:27:11.619+0600][98.264s][info][gc,heap     ] GC(171) y: Reclaimed:         -                  -               534M (43%)         803M (64%)    
[2026-04-03T02:27:11.619+0600][98.264s][info][gc,heap     ] GC(171) y:  Promoted:         -                  -                 0M (0%)            1M (0%)     
[2026-04-03T02:27:11.619+0600][98.264s][info][gc,heap     ] GC(171) y: Compacted:         -                  -                  -                 6M (1%)     
[2026-04-03T02:27:11.619+0600][98.264s][info][gc,phases   ] GC(171) y: Young Generation 1010M(81%)->282M(23%) 0.064s
[2026-04-03T02:27:11.619+0600][98.264s][info][gc          ] GC(171) Minor Collection (Allocation Rate) 1010M(81%)->282M(23%) 0.064s
[2026-04-03T02:27:12.209+0600][98.854s][info][gc          ] GC(172) Minor Collection (Allocation Rate)
[2026-04-03T02:27:12.209+0600][98.854s][info][gc,task     ] GC(172) Using 1 Workers for Young Generation
[2026-04-03T02:27:12.209+0600][98.854s][info][gc,phases   ] GC(172) y: Young Generation
[2026-04-03T02:27:12.209+0600][98.854s][info][gc,phases   ] GC(172) y: Pause Mark Start 0.024ms
[2026-04-03T02:27:12.265+0600][98.910s][info][gc,phases   ] GC(172) y: Concurrent Mark 55.765ms
[2026-04-03T02:27:12.266+0600][98.910s][info][gc,phases   ] GC(172) y: Pause Mark End 0.020ms
[2026-04-03T02:27:12.266+0600][98.910s][info][gc,phases   ] GC(172) y: Concurrent Mark Free 0.001ms
[2026-04-03T02:27:12.266+0600][98.910s][info][gc,phases   ] GC(172) y: Concurrent Reset Relocation Set 0.009ms
[2026-04-03T02:27:12.267+0600][98.912s][info][gc,reloc    ] GC(172) y: Using tenuring threshold: 4 (Computed)
[2026-04-03T02:27:12.268+0600][98.913s][info][gc,phases   ] GC(172) y: Concurrent Select Relocation Set 2.446ms
[2026-04-03T02:27:12.268+0600][98.913s][info][gc,phases   ] GC(172) y: Pause Relocate Start 0.012ms
[2026-04-03T02:27:12.279+0600][98.924s][info][gc,phases   ] GC(172) y: Concurrent Relocate 11.165ms
[2026-04-03T02:27:12.280+0600][98.924s][info][gc,alloc    ] GC(172) y:                         Mark Start        Mark End      Relocate Start    Relocate End   
[2026-04-03T02:27:12.280+0600][98.924s][info][gc,alloc    ] GC(172) y: Allocation Stalls:          0                0                0                0         
[2026-04-03T02:27:12.280+0600][98.924s][info][gc,load     ] GC(172) y: Load: 5.51 (46%) / 5.92 (49%) / 5.87 (49%)
[2026-04-03T02:27:12.280+0600][98.924s][info][gc,mmu      ] GC(172) y: MMU: 2ms/95.1%, 5ms/97.6%, 10ms/98.7%, 20ms/99.4%, 50ms/99.6%, 100ms/99.8%
[2026-04-03T02:27:12.280+0600][98.924s][info][gc,marking  ] GC(172) y: Mark: 1 stripe(s), 2 proactive flush(es), 1 terminate flush(es), 0 completion(s), 0 continuation(s) 
[2026-04-03T02:27:12.280+0600][98.924s][info][gc,marking  ] GC(172) y: Mark Stack Usage: 32M
[2026-04-03T02:27:12.280+0600][98.924s][info][gc,nmethod  ] GC(172) y: NMethods: 13765 registered, 4490 unregistered
[2026-04-03T02:27:12.280+0600][98.924s][info][gc,metaspace] GC(172) y: Metaspace: 128M used, 130M committed, 1152M reserved
[2026-04-03T02:27:12.280+0600][98.924s][info][gc,reloc    ] GC(172) y:                        Candidates     Selected     In-Place         Size        Empty    Relocated 
[2026-04-03T02:27:12.280+0600][98.924s][info][gc,reloc    ] GC(172) y: Small Pages:                  316          183            0         632M         252M           7M 
[2026-04-03T02:27:12.280+0600][98.924s][info][gc,reloc    ] GC(172) y: Medium Pages:                   3            0            0          96M          96M           0M 
[2026-04-03T02:27:12.280+0600][98.924s][info][gc,reloc    ] GC(172) y: Large Pages:                   12            0            0          72M          72M           0M 
[2026-04-03T02:27:12.280+0600][98.924s][info][gc,reloc    ] GC(172) y: Forwarding Usage: 2M
[2026-04-03T02:27:12.280+0600][98.924s][info][gc,reloc    ] GC(172) y: Age Table:
[2026-04-03T02:27:12.280+0600][98.924s][info][gc,reloc    ] GC(172) y:                    Live             Garbage             Small              Medium             Large        
[2026-04-03T02:27:12.280+0600][98.924s][info][gc,reloc    ] GC(172) y: Eden               6M (1%)          781M (62%)        310 / 181            3 / 0             12 / 0        
[2026-04-03T02:27:12.280+0600][98.924s][info][gc,reloc    ] GC(172) y: Survivor 1         1M (0%)            4M (0%)           3 / 1              0 / 0              0 / 0        
[2026-04-03T02:27:12.280+0600][98.924s][info][gc,reloc    ] GC(172) y: Survivor 2         2M (0%)            1M (0%)           2 / 1              0 / 0              0 / 0        
[2026-04-03T02:27:12.280+0600][98.924s][info][gc,reloc    ] GC(172) y: Survivor 3         0M (0%)            1M (0%)           1 / 0              0 / 0              0 / 0        
[2026-04-03T02:27:12.280+0600][98.924s][info][gc,heap     ] GC(172) y: Min Capacity: 8M(1%)
[2026-04-03T02:27:12.280+0600][98.924s][info][gc,heap     ] GC(172) y: Max Capacity: 1250M(100%)
[2026-04-03T02:27:12.280+0600][98.924s][info][gc,heap     ] GC(172) y: Soft Max Capacity: 1250M(100%)
[2026-04-03T02:27:12.280+0600][98.924s][info][gc,heap     ] GC(172) y: Heap Statistics:
[2026-04-03T02:27:12.280+0600][98.924s][info][gc,heap     ] GC(172) y:                Mark Start          Mark End        Relocate Start      Relocate End           High               Low         
[2026-04-03T02:27:12.280+0600][98.924s][info][gc,heap     ] GC(172) y:  Capacity:     1250M (100%)       1250M (100%)       1250M (100%)       1250M (100%)       1250M (100%)       1250M (100%)   
[2026-04-03T02:27:12.280+0600][98.924s][info][gc,heap     ] GC(172) y:      Free:      250M (20%)         148M (12%)         568M (45%)         922M (74%)         924M (74%)         148M (12%)    
[2026-04-03T02:27:12.280+0600][98.924s][info][gc,heap     ] GC(172) y:      Used:     1000M (80%)        1102M (88%)         682M (55%)         328M (26%)        1102M (88%)         326M (26%)    
[2026-04-03T02:27:12.280+0600][98.924s][info][gc,heap     ] GC(172) y: Young Generation Statistics:
[2026-04-03T02:27:12.280+0600][98.924s][info][gc,heap     ] GC(172) y:                Mark Start          Mark End        Relocate Start      Relocate End    
[2026-04-03T02:27:12.280+0600][98.924s][info][gc,heap     ] GC(172) y:      Used:      800M (64%)         902M (72%)         482M (39%)         128M (10%)    
[2026-04-03T02:27:12.280+0600][98.924s][info][gc,heap     ] GC(172) y:      Live:         -                10M (1%)           10M (1%)           10M (1%)     
[2026-04-03T02:27:12.280+0600][98.925s][info][gc,heap     ] GC(172) y:   Garbage:         -               789M (63%)         369M (30%)           1M (0%)     
[2026-04-03T02:27:12.280+0600][98.925s][info][gc,heap     ] GC(172) y: Allocated:         -               102M (8%)          102M (8%)          115M (9%)     
[2026-04-03T02:27:12.280+0600][98.925s][info][gc,heap     ] GC(172) y: Reclaimed:         -                  -               420M (34%)         787M (63%)    
[2026-04-03T02:27:12.280+0600][98.925s][info][gc,heap     ] GC(172) y:  Promoted:         -                  -                 0M (0%)            0M (0%)     
[2026-04-03T02:27:12.280+0600][98.925s][info][gc,heap     ] GC(172) y: Compacted:         -                  -                  -                 8M (1%)     
[2026-04-03T02:27:12.280+0600][98.925s][info][gc,phases   ] GC(172) y: Young Generation 1000M(80%)->328M(26%) 0.070s
[2026-04-03T02:27:12.280+0600][98.925s][info][gc          ] GC(172) Minor Collection (Allocation Rate) 1000M(80%)->328M(26%) 0.071s
[2026-04-03T02:27:12.426+0600][99.070s][info][gc          ] GC(173) Minor Collection (Allocation Rate)
[2026-04-03T02:27:12.426+0600][99.070s][info][gc,task     ] GC(173) Using 2 Workers for Young Generation
[2026-04-03T02:27:12.426+0600][99.070s][info][gc,phases   ] GC(173) y: Young Generation
[2026-04-03T02:27:12.426+0600][99.071s][info][gc,phases   ] GC(173) y: Pause Mark Start 0.025ms
[2026-04-03T02:27:12.458+0600][99.102s][info][gc,phases   ] GC(173) y: Concurrent Mark 31.538ms
[2026-04-03T02:27:12.458+0600][99.103s][info][gc,phases   ] GC(173) y: Pause Mark End 0.032ms
[2026-04-03T02:27:12.458+0600][99.103s][info][gc,phases   ] GC(173) y: Concurrent Mark Free 0.002ms
[2026-04-03T02:27:12.458+0600][99.103s][info][gc,phases   ] GC(173) y: Concurrent Reset Relocation Set 0.023ms
[2026-04-03T02:27:12.461+0600][99.106s][info][gc,reloc    ] GC(173) y: Using tenuring threshold: 4 (Computed)
[2026-04-03T02:27:12.462+0600][99.106s][info][gc,phases   ] GC(173) y: Concurrent Select Relocation Set 3.382ms
[2026-04-03T02:27:12.462+0600][99.107s][info][gc,phases   ] GC(173) y: Pause Relocate Start 0.023ms
[2026-04-03T02:27:12.467+0600][99.112s][info][gc,phases   ] GC(173) y: Concurrent Relocate 4.790ms
[2026-04-03T02:27:12.467+0600][99.112s][info][gc,alloc    ] GC(173) y:                         Mark Start        Mark End      Relocate Start    Relocate End   
[2026-04-03T02:27:12.467+0600][99.112s][info][gc,alloc    ] GC(173) y: Allocation Stalls:          0                0                0                0         
[2026-04-03T02:27:12.467+0600][99.112s][info][gc,load     ] GC(173) y: Load: 5.51 (46%) / 5.92 (49%) / 5.87 (49%)
[2026-04-03T02:27:12.467+0600][99.112s][info][gc,mmu      ] GC(173) y: MMU: 2ms/95.1%, 5ms/97.6%, 10ms/98.7%, 20ms/99.4%, 50ms/99.6%, 100ms/99.8%
[2026-04-03T02:27:12.467+0600][99.112s][info][gc,marking  ] GC(173) y: Mark: 2 stripe(s), 2 proactive flush(es), 1 terminate flush(es), 0 completion(s), 0 continuation(s) 
[2026-04-03T02:27:12.467+0600][99.112s][info][gc,marking  ] GC(173) y: Mark Stack Usage: 32M
[2026-04-03T02:27:12.467+0600][99.112s][info][gc,nmethod  ] GC(173) y: NMethods: 13773 registered, 4490 unregistered
[2026-04-03T02:27:12.467+0600][99.112s][info][gc,metaspace] GC(173) y: Metaspace: 128M used, 130M committed, 1152M reserved
[2026-04-03T02:27:12.467+0600][99.112s][info][gc,reloc    ] GC(173) y:                        Candidates     Selected     In-Place         Size        Empty    Relocated 
[2026-04-03T02:27:12.467+0600][99.112s][info][gc,reloc    ] GC(173) y: Small Pages:                   99           62            0         198M          62M           5M 
[2026-04-03T02:27:12.467+0600][99.112s][info][gc,reloc    ] GC(173) y: Medium Pages:                   1            0            0          32M          32M           0M 
[2026-04-03T02:27:12.467+0600][99.112s][info][gc,reloc    ] GC(173) y: Large Pages:                   78            0            0         468M         450M           0M 
[2026-04-03T02:27:12.467+0600][99.112s][info][gc,reloc    ] GC(173) y: Forwarding Usage: 0M
[2026-04-03T02:27:12.467+0600][99.112s][info][gc,reloc    ] GC(173) y: Age Table:
[2026-04-03T02:27:12.467+0600][99.112s][info][gc,reloc    ] GC(173) y:                    Live             Garbage             Small              Medium             Large        
[2026-04-03T02:27:12.467+0600][99.112s][info][gc,reloc    ] GC(173) y: Eden              21M (2%)          654M (52%)         88 / 55             1 / 0             78 / 0        
[2026-04-03T02:27:12.467+0600][99.112s][info][gc,reloc    ] GC(173) y: Survivor 1         2M (0%)            5M (0%)           4 / 3              0 / 0              0 / 0        
[2026-04-03T02:27:12.467+0600][99.112s][info][gc,reloc    ] GC(173) y: Survivor 2         1M (0%)            4M (0%)           3 / 2              0 / 0              0 / 0        
[2026-04-03T02:27:12.467+0600][99.112s][info][gc,reloc    ] GC(173) y: Survivor 3         2M (0%)            3M (0%)           3 / 2              0 / 0              0 / 0        
[2026-04-03T02:27:12.467+0600][99.112s][info][gc,reloc    ] GC(173) y: Survivor 4         0M (0%)            1M (0%)           1 / 0              0 / 0              0 / 0        
[2026-04-03T02:27:12.467+0600][99.112s][info][gc,heap     ] GC(173) y: Min Capacity: 8M(1%)
[2026-04-03T02:27:12.467+0600][99.112s][info][gc,heap     ] GC(173) y: Max Capacity: 1250M(100%)
[2026-04-03T02:27:12.467+0600][99.112s][info][gc,heap     ] GC(173) y: Soft Max Capacity: 1250M(100%)
[2026-04-03T02:27:12.467+0600][99.112s][info][gc,heap     ] GC(173) y: Heap Statistics:
[2026-04-03T02:27:12.467+0600][99.112s][info][gc,heap     ] GC(173) y:                Mark Start          Mark End        Relocate Start      Relocate End           High               Low         
[2026-04-03T02:27:12.467+0600][99.112s][info][gc,heap     ] GC(173) y:  Capacity:     1250M (100%)       1250M (100%)       1250M (100%)       1250M (100%)       1250M (100%)       1250M (100%)   
[2026-04-03T02:27:12.467+0600][99.112s][info][gc,heap     ] GC(173) y:      Free:      352M (28%)         132M (11%)         632M (51%)         678M (54%)         714M (57%)         132M (11%)    
[2026-04-03T02:27:12.467+0600][99.112s][info][gc,heap     ] GC(173) y:      Used:      898M (72%)        1118M (89%)         618M (49%)         572M (46%)        1118M (89%)         536M (43%)    
[2026-04-03T02:27:12.467+0600][99.112s][info][gc,heap     ] GC(173) y: Young Generation Statistics:
[2026-04-03T02:27:12.467+0600][99.112s][info][gc,heap     ] GC(173) y:                Mark Start          Mark End        Relocate Start      Relocate End    
[2026-04-03T02:27:12.467+0600][99.112s][info][gc,heap     ] GC(173) y:      Used:      698M (56%)         918M (73%)         418M (33%)         370M (30%)    
[2026-04-03T02:27:12.467+0600][99.112s][info][gc,heap     ] GC(173) y:      Live:         -                27M (2%)           27M (2%)           27M (2%)     
[2026-04-03T02:27:12.467+0600][99.112s][info][gc,heap     ] GC(173) y:   Garbage:         -               670M (54%)         126M (10%)           0M (0%)     
[2026-04-03T02:27:12.467+0600][99.112s][info][gc,heap     ] GC(173) y: Allocated:         -               220M (18%)         264M (21%)         341M (27%)    
[2026-04-03T02:27:12.467+0600][99.112s][info][gc,heap     ] GC(173) y: Reclaimed:         -                  -               544M (44%)         669M (54%)    
[2026-04-03T02:27:12.467+0600][99.112s][info][gc,heap     ] GC(173) y:  Promoted:         -                  -                 0M (0%)            0M (0%)     
[2026-04-03T02:27:12.467+0600][99.112s][info][gc,heap     ] GC(173) y: Compacted:         -                  -                  -                 6M (1%)     
[2026-04-03T02:27:12.467+0600][99.112s][info][gc,phases   ] GC(173) y: Young Generation 898M(72%)->572M(46%) 0.041s
[2026-04-03T02:27:12.467+0600][99.112s][info][gc          ] GC(173) Minor Collection (Allocation Rate) 898M(72%)->578M(46%) 0.042s
[2026-04-03T02:27:12.490+0600][99.135s][info][gc          ] GC(174) Minor Collection (Allocation Rate)
[2026-04-03T02:27:12.490+0600][99.135s][info][gc,task     ] GC(174) Using 3 Workers for Young Generation
[2026-04-03T02:27:12.490+0600][99.135s][info][gc,phases   ] GC(174) y: Young Generation
[2026-04-03T02:27:12.491+0600][99.135s][info][gc,phases   ] GC(174) y: Pause Mark Start 0.026ms
[2026-04-03T02:27:12.523+0600][99.168s][info][gc,phases   ] GC(174) y: Concurrent Mark 32.571ms
[2026-04-03T02:27:12.524+0600][99.168s][info][gc,phases   ] GC(174) y: Pause Mark End 0.029ms
[2026-04-03T02:27:12.524+0600][99.168s][info][gc,phases   ] GC(174) y: Concurrent Mark Free 0.003ms
[2026-04-03T02:27:12.524+0600][99.168s][info][gc,phases   ] GC(174) y: Concurrent Reset Relocation Set 0.016ms
[2026-04-03T02:27:12.528+0600][99.173s][info][gc,reloc    ] GC(174) y: Using tenuring threshold: 5 (Computed)
[2026-04-03T02:27:12.528+0600][99.173s][info][gc,phases   ] GC(174) y: Concurrent Select Relocation Set 4.429ms
[2026-04-03T02:27:12.528+0600][99.173s][info][gc,phases   ] GC(174) y: Pause Relocate Start 0.018ms
[2026-04-03T02:27:12.530+0600][99.175s][info][gc,phases   ] GC(174) y: Concurrent Relocate 1.743ms
[2026-04-03T02:27:12.530+0600][99.175s][info][gc,alloc    ] GC(174) y:                         Mark Start        Mark End      Relocate Start    Relocate End   
[2026-04-03T02:27:12.530+0600][99.175s][info][gc,alloc    ] GC(174) y: Allocation Stalls:          0                0                0                0         
[2026-04-03T02:27:12.530+0600][99.175s][info][gc,load     ] GC(174) y: Load: 5.51 (46%) / 5.92 (49%) / 5.87 (49%)
[2026-04-03T02:27:12.530+0600][99.175s][info][gc,mmu      ] GC(174) y: MMU: 2ms/95.1%, 5ms/97.6%, 10ms/98.7%, 20ms/99.4%, 50ms/99.6%, 100ms/99.8%
[2026-04-03T02:27:12.530+0600][99.175s][info][gc,marking  ] GC(174) y: Mark: 2 stripe(s), 3 proactive flush(es), 1 terminate flush(es), 0 completion(s), 0 continuation(s) 
[2026-04-03T02:27:12.530+0600][99.175s][info][gc,marking  ] GC(174) y: Mark Stack Usage: 32M
[2026-04-03T02:27:12.530+0600][99.175s][info][gc,nmethod  ] GC(174) y: NMethods: 13775 registered, 4490 unregistered
[2026-04-03T02:27:12.530+0600][99.175s][info][gc,metaspace] GC(174) y: Metaspace: 128M used, 130M committed, 1152M reserved
[2026-04-03T02:27:12.530+0600][99.175s][info][gc,reloc    ] GC(174) y:                        Candidates     Selected     In-Place         Size        Empty    Relocated 
[2026-04-03T02:27:12.530+0600][99.175s][info][gc,reloc    ] GC(174) y: Small Pages:                   39           26            0          78M          12M           4M 
[2026-04-03T02:27:12.530+0600][99.175s][info][gc,reloc    ] GC(174) y: Medium Pages:                   1            0            0          32M          32M           0M 
[2026-04-03T02:27:12.530+0600][99.175s][info][gc,reloc    ] GC(174) y: Large Pages:                   60            0            0         360M         360M           0M 
[2026-04-03T02:27:12.530+0600][99.175s][info][gc,reloc    ] GC(174) y: Forwarding Usage: 0M
[2026-04-03T02:27:12.530+0600][99.175s][info][gc,reloc    ] GC(174) y: Age Table:
[2026-04-03T02:27:12.530+0600][99.175s][info][gc,reloc    ] GC(174) y:                    Live             Garbage             Small              Medium             Large        
[2026-04-03T02:27:12.530+0600][99.175s][info][gc,reloc    ] GC(174) y: Eden               2M (0%)          421M (34%)         25 / 19             1 / 0             57 / 0        
[2026-04-03T02:27:12.530+0600][99.175s][info][gc,reloc    ] GC(174) y: Survivor 1         1M (0%)           28M (2%)           6 / 6              0 / 0              3 / 0        
[2026-04-03T02:27:12.530+0600][99.175s][info][gc,reloc    ] GC(174) y: Survivor 2         2M (0%)            3M (0%)           3 / 0              0 / 0              0 / 0        
[2026-04-03T02:27:12.530+0600][99.175s][info][gc,reloc    ] GC(174) y: Survivor 3         1M (0%)            2M (0%)           2 / 1              0 / 0              0 / 0        
[2026-04-03T02:27:12.530+0600][99.175s][info][gc,reloc    ] GC(174) y: Survivor 4         2M (0%)            3M (0%)           3 / 0              0 / 0              0 / 0        
[2026-04-03T02:27:12.530+0600][99.175s][info][gc,heap     ] GC(174) y: Min Capacity: 8M(1%)
[2026-04-03T02:27:12.530+0600][99.175s][info][gc,heap     ] GC(174) y: Max Capacity: 1250M(100%)
[2026-04-03T02:27:12.530+0600][99.175s][info][gc,heap     ] GC(174) y: Soft Max Capacity: 1250M(100%)
[2026-04-03T02:27:12.530+0600][99.175s][info][gc,heap     ] GC(174) y: Heap Statistics:
[2026-04-03T02:27:12.530+0600][99.175s][info][gc,heap     ] GC(174) y:                Mark Start          Mark End        Relocate Start      Relocate End           High               Low         
[2026-04-03T02:27:12.530+0600][99.175s][info][gc,heap     ] GC(174) y:  Capacity:     1250M (100%)       1250M (100%)       1250M (100%)       1250M (100%)       1250M (100%)       1250M (100%)   
[2026-04-03T02:27:12.530+0600][99.175s][info][gc,heap     ] GC(174) y:      Free:      578M (46%)         506M (40%)         908M (73%)         946M (76%)         946M (76%)         284M (23%)    
[2026-04-03T02:27:12.530+0600][99.175s][info][gc,heap     ] GC(174) y:      Used:      672M (54%)         744M (60%)         342M (27%)         304M (24%)         966M (77%)         304M (24%)    
[2026-04-03T02:27:12.530+0600][99.175s][info][gc,heap     ] GC(174) y: Young Generation Statistics:
[2026-04-03T02:27:12.530+0600][99.175s][info][gc,heap     ] GC(174) y:                Mark Start          Mark End        Relocate Start      Relocate End    
[2026-04-03T02:27:12.530+0600][99.175s][info][gc,heap     ] GC(174) y:      Used:      470M (38%)         542M (43%)         140M (11%)         102M (8%)     
[2026-04-03T02:27:12.530+0600][99.175s][info][gc,heap     ] GC(174) y:      Live:         -                10M (1%)           10M (1%)           10M (1%)     
[2026-04-03T02:27:12.530+0600][99.175s][info][gc,heap     ] GC(174) y:   Garbage:         -               459M (37%)          55M (4%)            2M (0%)     
[2026-04-03T02:27:12.530+0600][99.175s][info][gc,heap     ] GC(174) y: Allocated:         -                72M (6%)           74M (6%)           88M (7%)     
[2026-04-03T02:27:12.531+0600][99.175s][info][gc,heap     ] GC(174) y: Reclaimed:         -                  -               404M (32%)         456M (37%)    
[2026-04-03T02:27:12.531+0600][99.175s][info][gc,heap     ] GC(174) y:  Promoted:         -                  -                 0M (0%)            0M (0%)     
[2026-04-03T02:27:12.531+0600][99.175s][info][gc,heap     ] GC(174) y: Compacted:         -                  -                  -                 5M (0%)     
[2026-04-03T02:27:12.531+0600][99.175s][info][gc,phases   ] GC(174) y: Young Generation 672M(54%)->304M(24%) 0.040s
[2026-04-03T02:27:12.531+0600][99.175s][info][gc          ] GC(174) Minor Collection (Allocation Rate) 670M(54%)->304M(24%) 0.040s
[2026-04-03T02:27:12.531+0600][99.175s][info][gc          ] GC(175) Minor Collection (Allocation Rate)
[2026-04-03T02:27:12.531+0600][99.175s][info][gc,task     ] GC(175) Using 3 Workers for Young Generation
[2026-04-03T02:27:12.531+0600][99.175s][info][gc,phases   ] GC(175) y: Young Generation
[2026-04-03T02:27:12.531+0600][99.176s][info][gc,phases   ] GC(175) y: Pause Mark Start 0.023ms
[2026-04-03T02:27:12.550+0600][99.195s][info][gc,phases   ] GC(175) y: Concurrent Mark 19.446ms
[2026-04-03T02:27:12.551+0600][99.196s][info][gc,phases   ] GC(175) y: Pause Mark End 0.027ms
[2026-04-03T02:27:12.551+0600][99.196s][info][gc,phases   ] GC(175) y: Concurrent Mark Free 0.003ms
[2026-04-03T02:27:12.551+0600][99.196s][info][gc,phases   ] GC(175) y: Concurrent Reset Relocation Set 0.008ms
[2026-04-03T02:27:12.553+0600][99.198s][info][gc,reloc    ] GC(175) y: Using tenuring threshold: 4 (Computed)
[2026-04-03T02:27:12.554+0600][99.199s][info][gc,phases   ] GC(175) y: Concurrent Select Relocation Set 2.686ms
[2026-04-03T02:27:12.554+0600][99.199s][info][gc,phases   ] GC(175) y: Pause Relocate Start 0.020ms
[2026-04-03T02:27:12.557+0600][99.201s][info][gc,phases   ] GC(175) y: Concurrent Relocate 2.288ms
[2026-04-03T02:27:12.557+0600][99.201s][info][gc,alloc    ] GC(175) y:                         Mark Start        Mark End      Relocate Start    Relocate End   
[2026-04-03T02:27:12.557+0600][99.201s][info][gc,alloc    ] GC(175) y: Allocation Stalls:          0                0                0                0         
[2026-04-03T02:27:12.557+0600][99.201s][info][gc,load     ] GC(175) y: Load: 5.51 (46%) / 5.92 (49%) / 5.87 (49%)
[2026-04-03T02:27:12.557+0600][99.201s][info][gc,mmu      ] GC(175) y: MMU: 2ms/95.1%, 5ms/97.6%, 10ms/98.7%, 20ms/99.4%, 50ms/99.6%, 100ms/99.8%
[2026-04-03T02:27:12.557+0600][99.201s][info][gc,marking  ] GC(175) y: Mark: 2 stripe(s), 2 proactive flush(es), 1 terminate flush(es), 0 completion(s), 0 continuation(s) 
[2026-04-03T02:27:12.557+0600][99.201s][info][gc,marking  ] GC(175) y: Mark Stack Usage: 32M
[2026-04-03T02:27:12.557+0600][99.201s][info][gc,nmethod  ] GC(175) y: NMethods: 13775 registered, 4490 unregistered
[2026-04-03T02:27:12.557+0600][99.201s][info][gc,metaspace] GC(175) y: Metaspace: 128M used, 130M committed, 1152M reserved
[2026-04-03T02:27:12.557+0600][99.201s][info][gc,reloc    ] GC(175) y:                        Candidates     Selected     In-Place         Size        Empty    Relocated 
[2026-04-03T02:27:12.557+0600][99.202s][info][gc,reloc    ] GC(175) y: Small Pages:                   35           20            0          70M          18M           2M 
[2026-04-03T02:27:12.557+0600][99.202s][info][gc,reloc    ] GC(175) y: Medium Pages:                   1            0            0          32M          32M           0M 
[2026-04-03T02:27:12.557+0600][99.202s][info][gc,reloc    ] GC(175) y: Large Pages:                    0            0            0           0M           0M           0M 
[2026-04-03T02:27:12.557+0600][99.202s][info][gc,reloc    ] GC(175) y: Forwarding Usage: 0M
[2026-04-03T02:27:12.557+0600][99.202s][info][gc,reloc    ] GC(175) y: Age Table:
[2026-04-03T02:27:12.557+0600][99.202s][info][gc,reloc    ] GC(175) y:                    Live             Garbage             Small              Medium             Large        
[2026-04-03T02:27:12.557+0600][99.202s][info][gc,reloc    ] GC(175) y: Eden               0M (0%)           73M (6%)          21 / 11             1 / 0              0 / 0        
[2026-04-03T02:27:12.557+0600][99.202s][info][gc,reloc    ] GC(175) y: Survivor 1         0M (0%)            5M (0%)           3 / 3              0 / 0              0 / 0        
[2026-04-03T02:27:12.557+0600][99.202s][info][gc,reloc    ] GC(175) y: Survivor 2         1M (0%)            4M (0%)           3 / 2              0 / 0              0 / 0        
[2026-04-03T02:27:12.557+0600][99.202s][info][gc,reloc    ] GC(175) y: Survivor 3         2M (0%)            3M (0%)           3 / 1              0 / 0              0 / 0        
[2026-04-03T02:27:12.557+0600][99.202s][info][gc,reloc    ] GC(175) y: Survivor 4         1M (0%)            2M (0%)           2 / 1              0 / 0              0 / 0        
[2026-04-03T02:27:12.557+0600][99.202s][info][gc,reloc    ] GC(175) y: Survivor 5         2M (0%)            3M (0%)           3 / 2              0 / 0              0 / 0        
[2026-04-03T02:27:12.557+0600][99.202s][info][gc,heap     ] GC(175) y: Min Capacity: 8M(1%)
[2026-04-03T02:27:12.557+0600][99.202s][info][gc,heap     ] GC(175) y: Max Capacity: 1250M(100%)
[2026-04-03T02:27:12.557+0600][99.202s][info][gc,heap     ] GC(175) y: Soft Max Capacity: 1250M(100%)
[2026-04-03T02:27:12.557+0600][99.202s][info][gc,heap     ] GC(175) y: Heap Statistics:
[2026-04-03T02:27:12.557+0600][99.202s][info][gc,heap     ] GC(175) y:                Mark Start          Mark End        Relocate Start      Relocate End           High               Low         
[2026-04-03T02:27:12.557+0600][99.202s][info][gc,heap     ] GC(175) y:  Capacity:     1250M (100%)       1250M (100%)       1250M (100%)       1250M (100%)       1250M (100%)       1250M (100%)   
[2026-04-03T02:27:12.557+0600][99.202s][info][gc,heap     ] GC(175) y:      Free:      946M (76%)         936M (75%)         952M (76%)         972M (78%)         972M (78%)         904M (72%)    
[2026-04-03T02:27:12.557+0600][99.202s][info][gc,heap     ] GC(175) y:      Used:      304M (24%)         314M (25%)         298M (24%)         278M (22%)         346M (28%)         278M (22%)    
[2026-04-03T02:27:12.557+0600][99.202s][info][gc,heap     ] GC(175) y: Young Generation Statistics:
[2026-04-03T02:27:12.557+0600][99.202s][info][gc,heap     ] GC(175) y:                Mark Start          Mark End        Relocate Start      Relocate End    
[2026-04-03T02:27:12.557+0600][99.202s][info][gc,heap     ] GC(175) y:      Used:      102M (8%)          112M (9%)           92M (7%)           68M (5%)     
[2026-04-03T02:27:12.557+0600][99.202s][info][gc,heap     ] GC(175) y:      Live:         -                 9M (1%)            5M (0%)            5M (0%)     
[2026-04-03T02:27:12.557+0600][99.202s][info][gc,heap     ] GC(175) y:   Garbage:         -                92M (7%)           42M (3%)            1M (0%)     
[2026-04-03T02:27:12.557+0600][99.202s][info][gc,heap     ] GC(175) y: Allocated:         -                10M (1%)           44M (4%)           61M (5%)     
[2026-04-03T02:27:12.557+0600][99.202s][info][gc,heap     ] GC(175) y: Reclaimed:         -                  -                50M (4%)           91M (7%)     
[2026-04-03T02:27:12.557+0600][99.202s][info][gc,heap     ] GC(175) y:  Promoted:         -                  -                 3M (0%)            3M (0%)     
[2026-04-03T02:27:12.557+0600][99.202s][info][gc,heap     ] GC(175) y: Compacted:         -                  -                  -                 2M (0%)     
[2026-04-03T02:27:12.557+0600][99.202s][info][gc,phases   ] GC(175) y: Young Generation 304M(24%)->278M(22%) 0.026s
[2026-04-03T02:27:12.557+0600][99.202s][info][gc          ] GC(175) Minor Collection (Allocation Rate) 304M(24%)->278M(22%) 0.026s
[2026-04-03T02:27:12.585+0600][99.230s][info][gc          ] GC(176) Minor Collection (Allocation Rate)
[2026-04-03T02:27:12.586+0600][99.230s][info][gc,task     ] GC(176) Using 3 Workers for Young Generation
[2026-04-03T02:27:12.586+0600][99.230s][info][gc,phases   ] GC(176) y: Young Generation
[2026-04-03T02:27:12.586+0600][99.230s][info][gc,phases   ] GC(176) y: Pause Mark Start 0.019ms
[2026-04-03T02:27:12.613+0600][99.258s][info][gc,phases   ] GC(176) y: Concurrent Mark 27.405ms
[2026-04-03T02:27:12.613+0600][99.258s][info][gc,phases   ] GC(176) y: Pause Mark End 0.029ms
[2026-04-03T02:27:12.613+0600][99.258s][info][gc,phases   ] GC(176) y: Concurrent Mark Free 0.001ms
[2026-04-03T02:27:12.614+0600][99.258s][info][gc,phases   ] GC(176) y: Concurrent Reset Relocation Set 0.013ms
[2026-04-03T02:27:12.616+0600][99.261s][info][gc,reloc    ] GC(176) y: Using tenuring threshold: 2 (Computed)
[2026-04-03T02:27:12.618+0600][99.263s][info][gc,phases   ] GC(176) y: Concurrent Select Relocation Set 4.575ms
[2026-04-03T02:27:12.618+0600][99.263s][info][gc,phases   ] GC(176) y: Pause Relocate Start 0.015ms
[2026-04-03T02:27:12.626+0600][99.271s][info][gc,phases   ] GC(176) y: Concurrent Relocate 7.515ms
[2026-04-03T02:27:12.626+0600][99.271s][info][gc,alloc    ] GC(176) y:                         Mark Start        Mark End      Relocate Start    Relocate End   
[2026-04-03T02:27:12.626+0600][99.271s][info][gc,alloc    ] GC(176) y: Allocation Stalls:          0                0                0                0         
[2026-04-03T02:27:12.626+0600][99.271s][info][gc,load     ] GC(176) y: Load: 5.51 (46%) / 5.92 (49%) / 5.87 (49%)
[2026-04-03T02:27:12.626+0600][99.271s][info][gc,mmu      ] GC(176) y: MMU: 2ms/95.1%, 5ms/97.6%, 10ms/98.7%, 20ms/99.4%, 50ms/99.6%, 100ms/99.8%
[2026-04-03T02:27:12.626+0600][99.271s][info][gc,marking  ] GC(176) y: Mark: 2 stripe(s), 3 proactive flush(es), 1 terminate flush(es), 0 completion(s), 0 continuation(s) 
[2026-04-03T02:27:12.626+0600][99.271s][info][gc,marking  ] GC(176) y: Mark Stack Usage: 32M
[2026-04-03T02:27:12.626+0600][99.271s][info][gc,nmethod  ] GC(176) y: NMethods: 13778 registered, 4490 unregistered
[2026-04-03T02:27:12.626+0600][99.271s][info][gc,metaspace] GC(176) y: Metaspace: 128M used, 130M committed, 1152M reserved
[2026-04-03T02:27:12.626+0600][99.271s][info][gc,reloc    ] GC(176) y:                        Candidates     Selected     In-Place         Size        Empty    Relocated 
[2026-04-03T02:27:12.626+0600][99.271s][info][gc,reloc    ] GC(176) y: Small Pages:                   37           32            0          74M           2M           3M 
[2026-04-03T02:27:12.626+0600][99.271s][info][gc,reloc    ] GC(176) y: Medium Pages:                   1            0            0          32M          32M           0M 
[2026-04-03T02:27:12.626+0600][99.271s][info][gc,reloc    ] GC(176) y: Large Pages:                    2            0            0          12M          12M           0M 
[2026-04-03T02:27:12.626+0600][99.271s][info][gc,reloc    ] GC(176) y: Forwarding Usage: 0M
[2026-04-03T02:27:12.626+0600][99.271s][info][gc,reloc    ] GC(176) y: Age Table:
[2026-04-03T02:27:12.626+0600][99.271s][info][gc,reloc    ] GC(176) y:                    Live             Garbage             Small              Medium             Large        
[2026-04-03T02:27:12.626+0600][99.271s][info][gc,reloc    ] GC(176) y: Eden               1M (0%)           92M (7%)          25 / 22             1 / 0              2 / 0        
[2026-04-03T02:27:12.626+0600][99.271s][info][gc,reloc    ] GC(176) y: Survivor 1         0M (0%)            5M (0%)           3 / 3              0 / 0              0 / 0        
[2026-04-03T02:27:12.626+0600][99.271s][info][gc,reloc    ] GC(176) y: Survivor 2         0M (0%)            5M (0%)           3 / 3              0 / 0              0 / 0        
[2026-04-03T02:27:12.626+0600][99.271s][info][gc,reloc    ] GC(176) y: Survivor 3         1M (0%)            4M (0%)           3 / 2              0 / 0              0 / 0        
[2026-04-03T02:27:12.626+0600][99.271s][info][gc,reloc    ] GC(176) y: Survivor 4         2M (0%)            3M (0%)           3 / 2              0 / 0              0 / 0        
[2026-04-03T02:27:12.626+0600][99.271s][info][gc,heap     ] GC(176) y: Min Capacity: 8M(1%)
[2026-04-03T02:27:12.626+0600][99.271s][info][gc,heap     ] GC(176) y: Max Capacity: 1250M(100%)
[2026-04-03T02:27:12.626+0600][99.271s][info][gc,heap     ] GC(176) y: Soft Max Capacity: 1250M(100%)
[2026-04-03T02:27:12.626+0600][99.271s][info][gc,heap     ] GC(176) y: Heap Statistics:
[2026-04-03T02:27:12.626+0600][99.271s][info][gc,heap     ] GC(176) y:                Mark Start          Mark End        Relocate Start      Relocate End           High               Low         
[2026-04-03T02:27:12.626+0600][99.271s][info][gc,heap     ] GC(176) y:  Capacity:     1250M (100%)       1250M (100%)       1250M (100%)       1250M (100%)       1250M (100%)       1250M (100%)   
[2026-04-03T02:27:12.626+0600][99.271s][info][gc,heap     ] GC(176) y:      Free:      922M (74%)         904M (72%)         950M (76%)         992M (79%)         992M (79%)         904M (72%)    
[2026-04-03T02:27:12.626+0600][99.271s][info][gc,heap     ] GC(176) y:      Used:      328M (26%)         346M (28%)         300M (24%)         258M (21%)         346M (28%)         258M (21%)    
[2026-04-03T02:27:12.626+0600][99.271s][info][gc,heap     ] GC(176) y: Young Generation Statistics:
[2026-04-03T02:27:12.626+0600][99.271s][info][gc,heap     ] GC(176) y:                Mark Start          Mark End        Relocate Start      Relocate End    
[2026-04-03T02:27:12.626+0600][99.271s][info][gc,heap     ] GC(176) y:      Used:      118M (9%)          136M (11%)          88M (7%)           42M (3%)     
[2026-04-03T02:27:12.626+0600][99.271s][info][gc,heap     ] GC(176) y:      Live:         -                 6M (0%)            4M (0%)            1M (0%)     
[2026-04-03T02:27:12.626+0600][99.271s][info][gc,heap     ] GC(176) y:   Garbage:         -               111M (9%)           65M (5%)            0M (0%)     
[2026-04-03T02:27:12.626+0600][99.271s][info][gc,heap     ] GC(176) y: Allocated:         -                18M (1%)           18M (1%)           40M (3%)     
[2026-04-03T02:27:12.626+0600][99.271s][info][gc,heap     ] GC(176) y: Reclaimed:         -                  -                46M (4%)          111M (9%)     
[2026-04-03T02:27:12.626+0600][99.271s][info][gc,heap     ] GC(176) y:  Promoted:         -                  -                 1M (0%)            4M (0%)     
[2026-04-03T02:27:12.626+0600][99.271s][info][gc,heap     ] GC(176) y: Compacted:         -                  -                  -                 1M (0%)     
[2026-04-03T02:27:12.626+0600][99.271s][info][gc,phases   ] GC(176) y: Young Generation 328M(26%)->258M(21%) 0.040s
[2026-04-03T02:27:12.626+0600][99.271s][info][gc          ] GC(176) Minor Collection (Allocation Rate) 328M(26%)->258M(21%) 0.041s
[2026-04-03T02:27:12.631+0600][99.276s][info][gc          ] GC(177) Major Collection (Allocation Rate)
[2026-04-03T02:27:12.631+0600][99.276s][info][gc,task     ] GC(177) Using 3 Workers for Young Generation
[2026-04-03T02:27:12.631+0600][99.276s][info][gc,task     ] GC(177) Using 1 Workers for Old Generation
[2026-04-03T02:27:12.631+0600][99.276s][info][gc,phases   ] GC(177) Y: Young Generation
[2026-04-03T02:27:12.632+0600][99.276s][info][gc,phases   ] GC(177) Y: Pause Mark Start (Major) 0.023ms
[2026-04-03T02:27:12.651+0600][99.296s][info][gc,phases   ] GC(177) Y: Concurrent Mark 19.872ms
[2026-04-03T02:27:12.652+0600][99.296s][info][gc,phases   ] GC(177) Y: Pause Mark End 0.041ms
[2026-04-03T02:27:12.652+0600][99.297s][info][gc,phases   ] GC(177) Y: Concurrent Mark Free 0.001ms
[2026-04-03T02:27:12.652+0600][99.297s][info][gc,phases   ] GC(177) Y: Concurrent Reset Relocation Set 0.016ms
[2026-04-03T02:27:12.654+0600][99.299s][info][gc,reloc    ] GC(177) Y: Using tenuring threshold: 3 (Computed)
[2026-04-03T02:27:12.654+0600][99.299s][info][gc,phases   ] GC(177) Y: Concurrent Select Relocation Set 2.354ms
[2026-04-03T02:27:12.654+0600][99.299s][info][gc,phases   ] GC(177) Y: Pause Relocate Start 0.019ms
[2026-04-03T02:27:12.656+0600][99.300s][info][gc,phases   ] GC(177) Y: Concurrent Relocate 1.128ms
[2026-04-03T02:27:12.656+0600][99.300s][info][gc,alloc    ] GC(177) Y:                         Mark Start        Mark End      Relocate Start    Relocate End   
[2026-04-03T02:27:12.656+0600][99.300s][info][gc,alloc    ] GC(177) Y: Allocation Stalls:          0                0                0                0         
[2026-04-03T02:27:12.656+0600][99.300s][info][gc,load     ] GC(177) Y: Load: 5.51 (46%) / 5.92 (49%) / 5.87 (49%)
[2026-04-03T02:27:12.656+0600][99.300s][info][gc,mmu      ] GC(177) Y: MMU: 2ms/95.1%, 5ms/97.6%, 10ms/98.7%, 20ms/99.4%, 50ms/99.6%, 100ms/99.8%
[2026-04-03T02:27:12.656+0600][99.300s][info][gc,marking  ] GC(177) Y: Mark: 2 stripe(s), 2 proactive flush(es), 1 terminate flush(es), 0 completion(s), 0 continuation(s) 
[2026-04-03T02:27:12.656+0600][99.300s][info][gc,marking  ] GC(177) Y: Mark Stack Usage: 32M
[2026-04-03T02:27:12.656+0600][99.300s][info][gc,nmethod  ] GC(177) Y: NMethods: 13778 registered, 4490 unregistered
[2026-04-03T02:27:12.656+0600][99.301s][info][gc,metaspace] GC(177) Y: Metaspace: 128M used, 130M committed, 1152M reserved
[2026-04-03T02:27:12.656+0600][99.301s][info][gc,reloc    ] GC(177) Y:                        Candidates     Selected     In-Place         Size        Empty    Relocated 
[2026-04-03T02:27:12.656+0600][99.301s][info][gc,reloc    ] GC(177) Y: Small Pages:                   22           20            0          44M           0M           1M 
[2026-04-03T02:27:12.656+0600][99.301s][info][gc,reloc    ] GC(177) Y: Medium Pages:                   1            0            0          32M           0M           0M 
[2026-04-03T02:27:12.656+0600][99.301s][info][gc,reloc    ] GC(177) Y: Large Pages:                    0            0            0           0M           0M           0M 
[2026-04-03T02:27:12.656+0600][99.301s][info][gc,reloc    ] GC(177) Y: Forwarding Usage: 0M
[2026-04-03T02:27:12.656+0600][99.301s][info][gc,reloc    ] GC(177) Y: Age Table:
[2026-04-03T02:27:12.656+0600][99.301s][info][gc,reloc    ] GC(177) Y:                    Live             Garbage             Small              Medium             Large        
[2026-04-03T02:27:12.656+0600][99.301s][info][gc,reloc    ] GC(177) Y: Eden               3M (0%)           48M (4%)          10 / 9              1 / 0              0 / 0        
[2026-04-03T02:27:12.656+0600][99.301s][info][gc,reloc    ] GC(177) Y: Survivor 1         1M (0%)            2M (0%)           2 / 1              0 / 0              0 / 0        
[2026-04-03T02:27:12.656+0600][99.301s][info][gc,reloc    ] GC(177) Y: Survivor 2         0M (0%)           19M (2%)          10 / 10             0 / 0              0 / 0        
[2026-04-03T02:27:12.656+0600][99.301s][info][gc,heap     ] GC(177) Y: Min Capacity: 8M(1%)
[2026-04-03T02:27:12.656+0600][99.301s][info][gc,heap     ] GC(177) Y: Max Capacity: 1250M(100%)
[2026-04-03T02:27:12.656+0600][99.301s][info][gc,heap     ] GC(177) Y: Soft Max Capacity: 1250M(100%)
[2026-04-03T02:27:12.656+0600][99.301s][info][gc,heap     ] GC(177) Y: Heap Statistics:
[2026-04-03T02:27:12.656+0600][99.301s][info][gc,heap     ] GC(177) Y:                Mark Start          Mark End        Relocate Start      Relocate End           High               Low         
[2026-04-03T02:27:12.656+0600][99.301s][info][gc,heap     ] GC(177) Y:  Capacity:     1250M (100%)       1250M (100%)       1250M (100%)       1250M (100%)       1250M (100%)       1250M (100%)   
[2026-04-03T02:27:12.656+0600][99.301s][info][gc,heap     ] GC(177) Y:      Free:      958M (77%)         904M (72%)         904M (72%)         928M (74%)         958M (77%)         900M (72%)    
[2026-04-03T02:27:12.656+0600][99.301s][info][gc,heap     ] GC(177) Y:      Used:      292M (23%)         346M (28%)         346M (28%)         322M (26%)         350M (28%)         292M (23%)    
[2026-04-03T02:27:12.656+0600][99.301s][info][gc,heap     ] GC(177) Y: Young Generation Statistics:
[2026-04-03T02:27:12.656+0600][99.301s][info][gc,heap     ] GC(177) Y:                Mark Start          Mark End        Relocate Start      Relocate End    
[2026-04-03T02:27:12.656+0600][99.301s][info][gc,heap     ] GC(177) Y:      Used:       76M (6%)          130M (10%)         130M (10%)         106M (8%)     
[2026-04-03T02:27:12.656+0600][99.301s][info][gc,heap     ] GC(177) Y:      Live:         -                 5M (0%)            5M (0%)            5M (0%)     
[2026-04-03T02:27:12.656+0600][99.301s][info][gc,heap     ] GC(177) Y:   Garbage:         -                70M (6%)           70M (6%)           30M (2%)     
[2026-04-03T02:27:12.656+0600][99.301s][info][gc,heap     ] GC(177) Y: Allocated:         -                54M (4%)           54M (4%)           70M (6%)     
[2026-04-03T02:27:12.656+0600][99.301s][info][gc,heap     ] GC(177) Y: Reclaimed:         -                  -                 0M (0%)           40M (3%)     
[2026-04-03T02:27:12.656+0600][99.301s][info][gc,heap     ] GC(177) Y:  Promoted:         -                  -                 0M (0%)            0M (0%)     
[2026-04-03T02:27:12.656+0600][99.301s][info][gc,heap     ] GC(177) Y: Compacted:         -                  -                  -                 1M (0%)     
[2026-04-03T02:27:12.656+0600][99.301s][info][gc,phases   ] GC(177) Y: Young Generation 292M(23%)->322M(26%) 0.024s
[2026-04-03T02:27:12.656+0600][99.301s][info][gc,phases   ] GC(177) O: Old Generation
[2026-04-03T02:27:12.657+0600][99.302s][info][gc          ] GC(178) Minor Collection (Allocation Rate)
[2026-04-03T02:27:12.657+0600][99.302s][info][gc,task     ] GC(178) Using 2 Workers for Young Generation
[2026-04-03T02:27:12.657+0600][99.302s][info][gc,phases   ] GC(178) y: Young Generation
[2026-04-03T02:27:12.659+0600][99.303s][info][gc,phases   ] GC(178) y: Pause Mark Start 0.022ms
[2026-04-03T02:27:12.677+0600][99.322s][info][gc,phases   ] GC(178) y: Concurrent Mark 18.431ms
[2026-04-03T02:27:12.678+0600][99.322s][info][gc,phases   ] GC(178) y: Pause Mark End 0.027ms
[2026-04-03T02:27:12.678+0600][99.322s][info][gc,phases   ] GC(178) y: Concurrent Mark Free 0.002ms
[2026-04-03T02:27:12.678+0600][99.323s][info][gc,phases   ] GC(178) y: Concurrent Reset Relocation Set 0.005ms
[2026-04-03T02:27:12.681+0600][99.326s][info][gc,reloc    ] GC(178) y: Using tenuring threshold: 4 (Computed)
[2026-04-03T02:27:12.682+0600][99.327s][info][gc,phases   ] GC(178) y: Concurrent Select Relocation Set 4.017ms
[2026-04-03T02:27:12.682+0600][99.327s][info][gc,phases   ] GC(178) y: Pause Relocate Start 0.025ms
[2026-04-03T02:27:12.683+0600][99.328s][info][gc,phases   ] GC(178) y: Concurrent Relocate 1.125ms
[2026-04-03T02:27:12.683+0600][99.328s][info][gc,alloc    ] GC(178) y:                         Mark Start        Mark End      Relocate Start    Relocate End   
[2026-04-03T02:27:12.683+0600][99.328s][info][gc,alloc    ] GC(178) y: Allocation Stalls:          0                0                0                0         
[2026-04-03T02:27:12.684+0600][99.328s][info][gc,load     ] GC(178) y: Load: 5.51 (46%) / 5.92 (49%) / 5.87 (49%)
[2026-04-03T02:27:12.684+0600][99.328s][info][gc,mmu      ] GC(178) y: MMU: 2ms/95.1%, 5ms/97.6%, 10ms/98.7%, 20ms/99.4%, 50ms/99.6%, 100ms/99.8%
[2026-04-03T02:27:12.684+0600][99.328s][info][gc,marking  ] GC(178) y: Mark: 2 stripe(s), 2 proactive flush(es), 1 terminate flush(es), 0 completion(s), 0 continuation(s) 
[2026-04-03T02:27:12.684+0600][99.328s][info][gc,marking  ] GC(178) y: Mark Stack Usage: 32M
[2026-04-03T02:27:12.684+0600][99.328s][info][gc,nmethod  ] GC(178) y: NMethods: 13779 registered, 4490 unregistered
[2026-04-03T02:27:12.684+0600][99.328s][info][gc,metaspace] GC(178) y: Metaspace: 128M used, 130M committed, 1152M reserved
[2026-04-03T02:27:12.684+0600][99.328s][info][gc,reloc    ] GC(178) y:                        Candidates     Selected     In-Place         Size        Empty    Relocated 
[2026-04-03T02:27:12.684+0600][99.328s][info][gc,reloc    ] GC(178) y: Small Pages:                   21           20            0          42M           0M           0M 
[2026-04-03T02:27:12.684+0600][99.328s][info][gc,reloc    ] GC(178) y: Medium Pages:                   2            0            0          64M          64M           0M 
[2026-04-03T02:27:12.684+0600][99.328s][info][gc,reloc    ] GC(178) y: Large Pages:                    0            0            0           0M           0M           0M 
[2026-04-03T02:27:12.684+0600][99.328s][info][gc,reloc    ] GC(178) y: Forwarding Usage: 0M
[2026-04-03T02:27:12.684+0600][99.328s][info][gc,reloc    ] GC(178) y: Age Table:
[2026-04-03T02:27:12.684+0600][99.328s][info][gc,reloc    ] GC(178) y:                    Live             Garbage             Small              Medium             Large        
[2026-04-03T02:27:12.684+0600][99.328s][info][gc,reloc    ] GC(178) y: Eden               0M (0%)           53M (4%)          11 / 10             1 / 0              0 / 0        
[2026-04-03T02:27:12.684+0600][99.328s][info][gc,reloc    ] GC(178) y: Survivor 1         0M (0%)           37M (3%)           3 / 3              1 / 0              0 / 0        
[2026-04-03T02:27:12.684+0600][99.328s][info][gc,reloc    ] GC(178) y: Survivor 2         0M (0%)            7M (1%)           4 / 4              0 / 0              0 / 0        
[2026-04-03T02:27:12.684+0600][99.328s][info][gc,reloc    ] GC(178) y: Survivor 3         0M (0%)            5M (0%)           3 / 3              0 / 0              0 / 0        
[2026-04-03T02:27:12.684+0600][99.328s][info][gc,heap     ] GC(178) y: Min Capacity: 8M(1%)
[2026-04-03T02:27:12.684+0600][99.328s][info][gc,heap     ] GC(178) y: Max Capacity: 1250M(100%)
[2026-04-03T02:27:12.684+0600][99.328s][info][gc,heap     ] GC(178) y: Soft Max Capacity: 1250M(100%)
[2026-04-03T02:27:12.684+0600][99.328s][info][gc,heap     ] GC(178) y: Heap Statistics:
[2026-04-03T02:27:12.684+0600][99.328s][info][gc,heap     ] GC(178) y:                Mark Start          Mark End        Relocate Start      Relocate End           High               Low         
[2026-04-03T02:27:12.684+0600][99.328s][info][gc,heap     ] GC(178) y:  Capacity:     1250M (100%)       1250M (100%)       1250M (100%)       1250M (100%)       1250M (100%)       1250M (100%)   
[2026-04-03T02:27:12.684+0600][99.328s][info][gc,heap     ] GC(178) y:      Free:      928M (74%)         910M (73%)         970M (78%)         994M (80%)         994M (80%)         908M (73%)    
[2026-04-03T02:27:12.684+0600][99.329s][info][gc,heap     ] GC(178) y:      Used:      322M (26%)         340M (27%)         280M (22%)         256M (20%)         342M (27%)         256M (20%)    
[2026-04-03T02:27:12.684+0600][99.329s][info][gc,heap     ] GC(178) y: Young Generation Statistics:
[2026-04-03T02:27:12.684+0600][99.329s][info][gc,heap     ] GC(178) y:                Mark Start          Mark End        Relocate Start      Relocate End    
[2026-04-03T02:27:12.684+0600][99.329s][info][gc,heap     ] GC(178) y:      Used:      106M (8%)          124M (10%)          64M (5%)           40M (3%)     
[2026-04-03T02:27:12.684+0600][99.329s][info][gc,heap     ] GC(178) y:      Live:         -                 0M (0%)            0M (0%)            0M (0%)     
[2026-04-03T02:27:12.684+0600][99.329s][info][gc,heap     ] GC(178) y:   Garbage:         -               105M (8%)           41M (3%)            0M (0%)     
[2026-04-03T02:27:12.684+0600][99.329s][info][gc,heap     ] GC(178) y: Allocated:         -                18M (1%)           22M (2%)           39M (3%)     
[2026-04-03T02:27:12.684+0600][99.329s][info][gc,heap     ] GC(178) y: Reclaimed:         -                  -                64M (5%)          105M (8%)     
[2026-04-03T02:27:12.684+0600][99.329s][info][gc,heap     ] GC(178) y:  Promoted:         -                  -                 0M (0%)            0M (0%)     
[2026-04-03T02:27:12.684+0600][99.329s][info][gc,heap     ] GC(178) y: Compacted:         -                  -                  -                 0M (0%)     
[2026-04-03T02:27:12.684+0600][99.329s][info][gc,phases   ] GC(178) y: Young Generation 322M(26%)->256M(20%) 0.026s
[2026-04-03T02:27:12.684+0600][99.329s][info][gc          ] GC(178) Minor Collection (Allocation Rate) 322M(26%)->256M(20%) 0.027s
[2026-04-03T02:27:12.713+0600][99.358s][info][gc          ] GC(179) Minor Collection (Allocation Rate)
[2026-04-03T02:27:12.713+0600][99.358s][info][gc,task     ] GC(179) Using 2 Workers for Young Generation
[2026-04-03T02:27:12.713+0600][99.358s][info][gc,phases   ] GC(179) y: Young Generation
[2026-04-03T02:27:12.714+0600][99.358s][info][gc,phases   ] GC(179) y: Pause Mark Start 0.060ms
[2026-04-03T02:27:12.738+0600][99.383s][info][gc,phases   ] GC(179) y: Concurrent Mark 24.272ms
[2026-04-03T02:27:12.739+0600][99.383s][info][gc,phases   ] GC(179) y: Pause Mark End 0.025ms
[2026-04-03T02:27:12.739+0600][99.383s][info][gc,phases   ] GC(179) y: Concurrent Mark Free 0.002ms
[2026-04-03T02:27:12.739+0600][99.383s][info][gc,phases   ] GC(179) y: Concurrent Reset Relocation Set 0.025ms
[2026-04-03T02:27:12.741+0600][99.385s][info][gc,reloc    ] GC(179) y: Using tenuring threshold: 4 (Computed)
[2026-04-03T02:27:12.741+0600][99.386s][info][gc,phases   ] GC(179) y: Concurrent Select Relocation Set 2.322ms
[2026-04-03T02:27:12.741+0600][99.386s][info][gc,phases   ] GC(179) y: Pause Relocate Start 0.016ms
[2026-04-03T02:27:12.743+0600][99.388s][info][gc,phases   ] GC(179) y: Concurrent Relocate 1.703ms
[2026-04-03T02:27:12.743+0600][99.388s][info][gc,alloc    ] GC(179) y:                         Mark Start        Mark End      Relocate Start    Relocate End   
[2026-04-03T02:27:12.743+0600][99.388s][info][gc,alloc    ] GC(179) y: Allocation Stalls:          0                0                0                0         
[2026-04-03T02:27:12.743+0600][99.388s][info][gc,load     ] GC(179) y: Load: 5.51 (46%) / 5.92 (49%) / 5.87 (49%)
[2026-04-03T02:27:12.743+0600][99.388s][info][gc,mmu      ] GC(179) y: MMU: 2ms/95.1%, 5ms/97.6%, 10ms/98.7%, 20ms/99.4%, 50ms/99.6%, 100ms/99.8%
[2026-04-03T02:27:12.743+0600][99.388s][info][gc,marking  ] GC(179) y: Mark: 2 stripe(s), 2 proactive flush(es), 1 terminate flush(es), 0 completion(s), 0 continuation(s) 
[2026-04-03T02:27:12.743+0600][99.388s][info][gc,marking  ] GC(179) y: Mark Stack Usage: 32M
[2026-04-03T02:27:12.743+0600][99.388s][info][gc,nmethod  ] GC(179) y: NMethods: 13790 registered, 4490 unregistered
[2026-04-03T02:27:12.743+0600][99.388s][info][gc,metaspace] GC(179) y: Metaspace: 128M used, 130M committed, 1152M reserved
[2026-04-03T02:27:12.743+0600][99.388s][info][gc,reloc    ] GC(179) y:                        Candidates     Selected     In-Place         Size        Empty    Relocated 
[2026-04-03T02:27:12.743+0600][99.388s][info][gc,reloc    ] GC(179) y: Small Pages:                   26           23            0          52M           2M           2M 
[2026-04-03T02:27:12.743+0600][99.388s][info][gc,reloc    ] GC(179) y: Medium Pages:                   0            0            0           0M           0M           0M 
[2026-04-03T02:27:12.743+0600][99.388s][info][gc,reloc    ] GC(179) y: Large Pages:                    2            0            0          12M          12M           0M 
[2026-04-03T02:27:12.743+0600][99.388s][info][gc,reloc    ] GC(179) y: Forwarding Usage: 0M
[2026-04-03T02:27:12.743+0600][99.388s][info][gc,reloc    ] GC(179) y: Age Table:
[2026-04-03T02:27:12.743+0600][99.388s][info][gc,reloc    ] GC(179) y:                    Live             Garbage             Small              Medium             Large        
[2026-04-03T02:27:12.743+0600][99.388s][info][gc,reloc    ] GC(179) y: Eden               1M (0%)           44M (4%)          17 / 16             0 / 0              2 / 0        
[2026-04-03T02:27:12.743+0600][99.388s][info][gc,reloc    ] GC(179) y: Survivor 1         0M (0%)            3M (0%)           2 / 1              0 / 0              0 / 0        
[2026-04-03T02:27:12.743+0600][99.388s][info][gc,reloc    ] GC(179) y: Survivor 2         0M (0%)            3M (0%)           2 / 2              0 / 0              0 / 0        
[2026-04-03T02:27:12.743+0600][99.388s][info][gc,reloc    ] GC(179) y: Survivor 3         0M (0%)            5M (0%)           3 / 2              0 / 0              0 / 0        
[2026-04-03T02:27:12.743+0600][99.388s][info][gc,reloc    ] GC(179) y: Survivor 4         0M (0%)            3M (0%)           2 / 2              0 / 0              0 / 0        
[2026-04-03T02:27:12.743+0600][99.388s][info][gc,heap     ] GC(179) y: Min Capacity: 8M(1%)
[2026-04-03T02:27:12.743+0600][99.388s][info][gc,heap     ] GC(179) y: Max Capacity: 1250M(100%)
[2026-04-03T02:27:12.743+0600][99.388s][info][gc,heap     ] GC(179) y: Soft Max Capacity: 1250M(100%)
[2026-04-03T02:27:12.743+0600][99.388s][info][gc,heap     ] GC(179) y: Heap Statistics:
[2026-04-03T02:27:12.743+0600][99.388s][info][gc,heap     ] GC(179) y:                Mark Start          Mark End        Relocate Start      Relocate End           High               Low         
[2026-04-03T02:27:12.743+0600][99.388s][info][gc,heap     ] GC(179) y:  Capacity:     1250M (100%)       1250M (100%)       1250M (100%)       1250M (100%)       1250M (100%)       1250M (100%)   
[2026-04-03T02:27:12.743+0600][99.388s][info][gc,heap     ] GC(179) y:      Free:      970M (78%)         914M (73%)         928M (74%)         956M (76%)         970M (78%)         854M (68%)    
[2026-04-03T02:27:12.743+0600][99.388s][info][gc,heap     ] GC(179) y:      Used:      280M (22%)         336M (27%)         322M (26%)         294M (24%)         396M (32%)         280M (22%)    
[2026-04-03T02:27:12.743+0600][99.388s][info][gc,heap     ] GC(179) y: Young Generation Statistics:
[2026-04-03T02:27:12.743+0600][99.388s][info][gc,heap     ] GC(179) y:                Mark Start          Mark End        Relocate Start      Relocate End    
[2026-04-03T02:27:12.743+0600][99.388s][info][gc,heap     ] GC(179) y:      Used:       64M (5%)          120M (10%)         106M (8%)           76M (6%)     
[2026-04-03T02:27:12.743+0600][99.388s][info][gc,heap     ] GC(179) y:      Live:         -                 2M (0%)            2M (0%)            2M (0%)     
[2026-04-03T02:27:12.743+0600][99.388s][info][gc,heap     ] GC(179) y:   Garbage:         -                61M (5%)           47M (4%)            0M (0%)     
[2026-04-03T02:27:12.743+0600][99.388s][info][gc,heap     ] GC(179) y: Allocated:         -                56M (4%)           56M (4%)           73M (6%)     
[2026-04-03T02:27:12.743+0600][99.388s][info][gc,heap     ] GC(179) y: Reclaimed:         -                  -                14M (1%)           61M (5%)     
[2026-04-03T02:27:12.743+0600][99.388s][info][gc,heap     ] GC(179) y:  Promoted:         -                  -                 0M (0%)            0M (0%)     
[2026-04-03T02:27:12.743+0600][99.388s][info][gc,heap     ] GC(179) y: Compacted:         -                  -                  -                 2M (0%)     
[2026-04-03T02:27:12.743+0600][99.388s][info][gc,phases   ] GC(179) y: Young Generation 280M(22%)->294M(24%) 0.030s
[2026-04-03T02:27:12.744+0600][99.388s][info][gc          ] GC(179) Minor Collection (Allocation Rate) 280M(22%)->294M(24%) 0.030s
[2026-04-03T02:27:12.883+0600][99.527s][info][gc          ] GC(180) Minor Collection (Allocation Rate)
[2026-04-03T02:27:12.883+0600][99.527s][info][gc,task     ] GC(180) Using 2 Workers for Young Generation
[2026-04-03T02:27:12.883+0600][99.527s][info][gc,phases   ] GC(180) y: Young Generation
[2026-04-03T02:27:12.883+0600][99.528s][info][gc,phases   ] GC(180) y: Pause Mark Start 0.020ms
[2026-04-03T02:27:12.902+0600][99.546s][info][gc,phases   ] GC(180) y: Concurrent Mark 18.718ms
[2026-04-03T02:27:12.902+0600][99.547s][info][gc,phases   ] GC(180) y: Pause Mark End 0.023ms
[2026-04-03T02:27:12.902+0600][99.547s][info][gc,phases   ] GC(180) y: Concurrent Mark Free 0.003ms
[2026-04-03T02:27:12.902+0600][99.547s][info][gc,phases   ] GC(180) y: Concurrent Reset Relocation Set 0.007ms
[2026-04-03T02:27:12.905+0600][99.549s][info][gc,reloc    ] GC(180) y: Using tenuring threshold: 5 (Computed)
[2026-04-03T02:27:12.905+0600][99.550s][info][gc,phases   ] GC(180) y: Concurrent Select Relocation Set 2.975ms
[2026-04-03T02:27:12.905+0600][99.550s][info][gc,phases   ] GC(180) y: Pause Relocate Start 0.013ms
[2026-04-03T02:27:12.907+0600][99.551s][info][gc,phases   ] GC(180) y: Concurrent Relocate 0.986ms
[2026-04-03T02:27:12.907+0600][99.551s][info][gc,alloc    ] GC(180) y:                         Mark Start        Mark End      Relocate Start    Relocate End   
[2026-04-03T02:27:12.907+0600][99.551s][info][gc,alloc    ] GC(180) y: Allocation Stalls:          0                0                0                0         
[2026-04-03T02:27:12.907+0600][99.551s][info][gc,load     ] GC(180) y: Load: 5.51 (46%) / 5.92 (49%) / 5.87 (49%)
[2026-04-03T02:27:12.907+0600][99.551s][info][gc,mmu      ] GC(180) y: MMU: 2ms/95.1%, 5ms/97.6%, 10ms/98.7%, 20ms/99.4%, 50ms/99.6%, 100ms/99.8%
[2026-04-03T02:27:12.907+0600][99.551s][info][gc,marking  ] GC(180) y: Mark: 2 stripe(s), 2 proactive flush(es), 1 terminate flush(es), 0 completion(s), 0 continuation(s) 
[2026-04-03T02:27:12.907+0600][99.551s][info][gc,marking  ] GC(180) y: Mark Stack Usage: 32M
[2026-04-03T02:27:12.907+0600][99.551s][info][gc,nmethod  ] GC(180) y: NMethods: 13791 registered, 4490 unregistered
[2026-04-03T02:27:12.907+0600][99.551s][info][gc,metaspace] GC(180) y: Metaspace: 128M used, 130M committed, 1152M reserved
[2026-04-03T02:27:12.907+0600][99.551s][info][gc,reloc    ] GC(180) y:                        Candidates     Selected     In-Place         Size        Empty    Relocated 
[2026-04-03T02:27:12.907+0600][99.551s][info][gc,reloc    ] GC(180) y: Small Pages:                   55           50            0         110M           8M           1M 
[2026-04-03T02:27:12.907+0600][99.551s][info][gc,reloc    ] GC(180) y: Medium Pages:                   1            0            0          32M          32M           0M 
[2026-04-03T02:27:12.907+0600][99.551s][info][gc,reloc    ] GC(180) y: Large Pages:                    1            0            0           6M           6M           0M 
[2026-04-03T02:27:12.907+0600][99.551s][info][gc,reloc    ] GC(180) y: Forwarding Usage: 0M
[2026-04-03T02:27:12.907+0600][99.551s][info][gc,reloc    ] GC(180) y: Age Table:
[2026-04-03T02:27:12.907+0600][99.551s][info][gc,reloc    ] GC(180) y:                    Live             Garbage             Small              Medium             Large        
[2026-04-03T02:27:12.907+0600][99.551s][info][gc,reloc    ] GC(180) y: Eden               0M (0%)          133M (11%)         48 / 43             1 / 0              1 / 0        
[2026-04-03T02:27:12.907+0600][99.551s][info][gc,reloc    ] GC(180) y: Survivor 1         0M (0%)            3M (0%)           2 / 2              0 / 0              0 / 0        
[2026-04-03T02:27:12.907+0600][99.551s][info][gc,reloc    ] GC(180) y: Survivor 2         0M (0%)            3M (0%)           2 / 2              0 / 0              0 / 0        
[2026-04-03T02:27:12.907+0600][99.551s][info][gc,reloc    ] GC(180) y: Survivor 3         0M (0%)            3M (0%)           2 / 2              0 / 0              0 / 0        
[2026-04-03T02:27:12.907+0600][99.551s][info][gc,reloc    ] GC(180) y: Survivor 4         0M (0%)            1M (0%)           1 / 1              0 / 0              0 / 0        
[2026-04-03T02:27:12.907+0600][99.551s][info][gc,heap     ] GC(180) y: Min Capacity: 8M(1%)
[2026-04-03T02:27:12.907+0600][99.551s][info][gc,heap     ] GC(180) y: Max Capacity: 1250M(100%)
[2026-04-03T02:27:12.907+0600][99.551s][info][gc,heap     ] GC(180) y: Soft Max Capacity: 1250M(100%)
[2026-04-03T02:27:12.907+0600][99.551s][info][gc,heap     ] GC(180) y: Heap Statistics:
[2026-04-03T02:27:12.907+0600][99.551s][info][gc,heap     ] GC(180) y:                Mark Start          Mark End        Relocate Start      Relocate End           High               Low         
[2026-04-03T02:27:12.907+0600][99.551s][info][gc,heap     ] GC(180) y:  Capacity:     1250M (100%)       1250M (100%)       1250M (100%)       1250M (100%)       1250M (100%)       1250M (100%)   
[2026-04-03T02:27:12.907+0600][99.551s][info][gc,heap     ] GC(180) y:      Free:      884M (71%)         872M (70%)         916M (73%)        1004M (80%)        1004M (80%)         870M (70%)    
[2026-04-03T02:27:12.907+0600][99.551s][info][gc,heap     ] GC(180) y:      Used:      366M (29%)         378M (30%)         334M (27%)         246M (20%)         380M (30%)         246M (20%)    
[2026-04-03T02:27:12.907+0600][99.552s][info][gc,heap     ] GC(180) y: Young Generation Statistics:
[2026-04-03T02:27:12.907+0600][99.552s][info][gc,heap     ] GC(180) y:                Mark Start          Mark End        Relocate Start      Relocate End    
[2026-04-03T02:27:12.907+0600][99.552s][info][gc,heap     ] GC(180) y:      Used:      148M (12%)         160M (13%)         116M (9%)           28M (2%)     
[2026-04-03T02:27:12.907+0600][99.552s][info][gc,heap     ] GC(180) y:      Live:         -                 1M (0%)            1M (0%)            1M (0%)     
[2026-04-03T02:27:12.907+0600][99.552s][info][gc,heap     ] GC(180) y:   Garbage:         -               146M (12%)         100M (8%)            0M (0%)     
[2026-04-03T02:27:12.907+0600][99.552s][info][gc,heap     ] GC(180) y: Allocated:         -                12M (1%)           14M (1%)           26M (2%)     
[2026-04-03T02:27:12.907+0600][99.552s][info][gc,heap     ] GC(180) y: Reclaimed:         -                  -                46M (4%)          146M (12%)    
[2026-04-03T02:27:12.907+0600][99.552s][info][gc,heap     ] GC(180) y:  Promoted:         -                  -                 0M (0%)            0M (0%)     
[2026-04-03T02:27:12.907+0600][99.552s][info][gc,heap     ] GC(180) y: Compacted:         -                  -                  -                 1M (0%)     
[2026-04-03T02:27:12.907+0600][99.552s][info][gc,phases   ] GC(180) y: Young Generation 366M(29%)->246M(20%) 0.024s
[2026-04-03T02:27:12.907+0600][99.552s][info][gc          ] GC(180) Minor Collection (Allocation Rate) 366M(29%)->246M(20%) 0.024s
[2026-04-03T02:27:12.961+0600][99.606s][info][gc,phases   ] GC(177) O: Concurrent Mark 305.059ms
[2026-04-03T02:27:12.961+0600][99.606s][info][gc,phases   ] GC(177) O: Pause Mark End 0.019ms
[2026-04-03T02:27:12.961+0600][99.606s][info][gc,phases   ] GC(177) O: Concurrent Mark Free 0.001ms
[2026-04-03T02:27:13.000+0600][99.645s][info][gc,phases   ] GC(177) O: Concurrent Process Non-Strong 38.464ms
[2026-04-03T02:27:13.000+0600][99.645s][info][gc,phases   ] GC(177) O: Concurrent Reset Relocation Set 0.006ms
[2026-04-03T02:27:13.002+0600][99.647s][info][gc,phases   ] GC(177) O: Concurrent Select Relocation Set 2.208ms
[2026-04-03T02:27:13.002+0600][99.647s][info][gc,task     ] GC(177) O: Using 3 Workers for Old Generation
[2026-04-03T02:27:13.028+0600][99.673s][info][gc,task     ] GC(177) O: Using 1 Workers for Old Generation
[2026-04-03T02:27:13.028+0600][99.673s][info][gc,phases   ] GC(177) O: Concurrent Remap Roots 25.740ms
[2026-04-03T02:27:13.028+0600][99.673s][info][gc,phases   ] GC(177) O: Pause Relocate Start 0.021ms
[2026-04-03T02:27:13.064+0600][99.709s][info][gc,phases   ] GC(177) O: Concurrent Relocate 35.568ms
[2026-04-03T02:27:13.064+0600][99.709s][info][gc,alloc    ] GC(177) O:                         Mark Start        Mark End      Relocate Start    Relocate End   
[2026-04-03T02:27:13.064+0600][99.709s][info][gc,alloc    ] GC(177) O: Allocation Stalls:          0                0                0                0         
[2026-04-03T02:27:13.064+0600][99.709s][info][gc,load     ] GC(177) O: Load: 5.51 (46%) / 5.92 (49%) / 5.87 (49%)
[2026-04-03T02:27:13.064+0600][99.709s][info][gc,mmu      ] GC(177) O: MMU: 2ms/95.1%, 5ms/97.6%, 10ms/98.7%, 20ms/99.4%, 50ms/99.6%, 100ms/99.8%
[2026-04-03T02:27:13.064+0600][99.709s][info][gc,marking  ] GC(177) O: Mark: 1 stripe(s), 2 proactive flush(es), 1 terminate flush(es), 0 completion(s), 0 continuation(s) 
[2026-04-03T02:27:13.064+0600][99.709s][info][gc,marking  ] GC(177) O: Mark Stack Usage: 32M
[2026-04-03T02:27:13.064+0600][99.709s][info][gc,nmethod  ] GC(177) O: NMethods: 13696 registered, 4585 unregistered
[2026-04-03T02:27:13.064+0600][99.709s][info][gc,metaspace] GC(177) O: Metaspace: 128M used, 130M committed, 1152M reserved
[2026-04-03T02:27:13.064+0600][99.709s][info][gc,ref      ] GC(177) O:                       Encountered   Discovered     Enqueued 
[2026-04-03T02:27:13.064+0600][99.709s][info][gc,ref      ] GC(177) O: Soft References:             6409            0            0 
[2026-04-03T02:27:13.064+0600][99.709s][info][gc,ref      ] GC(177) O: Weak References:            24548        18768         8742 
[2026-04-03T02:27:13.064+0600][99.709s][info][gc,ref      ] GC(177) O: Final References:              84           52            0 
[2026-04-03T02:27:13.064+0600][99.709s][info][gc,ref      ] GC(177) O: Phantom References:           620          611            0 
[2026-04-03T02:27:13.064+0600][99.709s][info][gc,reloc    ] GC(177) O:                        Candidates     Selected     In-Place         Size        Empty    Relocated 
[2026-04-03T02:27:13.064+0600][99.709s][info][gc,reloc    ] GC(177) O: Small Pages:                   92           29            0         184M           0M          11M 
[2026-04-03T02:27:13.064+0600][99.709s][info][gc,reloc    ] GC(177) O: Medium Pages:                   1            0            0          32M           0M           0M 
[2026-04-03T02:27:13.064+0600][99.709s][info][gc,reloc    ] GC(177) O: Large Pages:                    0            0            0           0M           0M           0M 
[2026-04-03T02:27:13.064+0600][99.709s][info][gc,reloc    ] GC(177) O: Forwarding Usage: 6M
[2026-04-03T02:27:13.064+0600][99.709s][info][gc,heap     ] GC(177) O: Min Capacity: 8M(1%)
[2026-04-03T02:27:13.064+0600][99.709s][info][gc,heap     ] GC(177) O: Max Capacity: 1250M(100%)
[2026-04-03T02:27:13.064+0600][99.709s][info][gc,heap     ] GC(177) O: Soft Max Capacity: 1250M(100%)
[2026-04-03T02:27:13.064+0600][99.709s][info][gc,heap     ] GC(177) O: Heap Statistics:
[2026-04-03T02:27:13.064+0600][99.709s][info][gc,heap     ] GC(177) O:                Mark Start          Mark End        Relocate Start      Relocate End           High               Low         
[2026-04-03T02:27:13.064+0600][99.709s][info][gc,heap     ] GC(177) O:  Capacity:     1250M (100%)       1250M (100%)       1250M (100%)       1250M (100%)       1250M (100%)       1250M (100%)   
[2026-04-03T02:27:13.064+0600][99.709s][info][gc,heap     ] GC(177) O:      Free:      958M (77%)         974M (78%)         876M (70%)         902M (72%)        1004M (80%)         854M (68%)    
[2026-04-03T02:27:13.064+0600][99.709s][info][gc,heap     ] GC(177) O:      Used:      292M (23%)         276M (22%)         374M (30%)         348M (28%)         396M (32%)         246M (20%)    
[2026-04-03T02:27:13.064+0600][99.709s][info][gc,heap     ] GC(177) O: Old Generation Statistics:
[2026-04-03T02:27:13.064+0600][99.709s][info][gc,heap     ] GC(177) O:                Mark Start          Mark End        Relocate Start      Relocate End    
[2026-04-03T02:27:13.064+0600][99.709s][info][gc,heap     ] GC(177) O:      Used:      216M (17%)         218M (17%)         218M (17%)         178M (14%)    
[2026-04-03T02:27:13.064+0600][99.709s][info][gc,heap     ] GC(177) O:      Live:         -               124M (10%)         124M (10%)         124M (10%)    
[2026-04-03T02:27:13.064+0600][99.709s][info][gc,heap     ] GC(177) O:   Garbage:         -                91M (7%)           91M (7%)           29M (2%)     
[2026-04-03T02:27:13.064+0600][99.709s][info][gc,heap     ] GC(177) O: Allocated:         -                 2M (0%)            2M (0%)           23M (2%)     
[2026-04-03T02:27:13.064+0600][99.709s][info][gc,heap     ] GC(177) O: Reclaimed:         -                  -                 0M (0%)           61M (5%)     
[2026-04-03T02:27:13.064+0600][99.709s][info][gc,heap     ] GC(177) O: Compacted:         -                  -                  -                26M (2%)     
[2026-04-03T02:27:13.064+0600][99.709s][info][gc,phases   ] GC(177) O: Old Generation 322M(26%)->348M(28%) 0.408s
[2026-04-03T02:27:13.064+0600][99.709s][info][gc          ] GC(177) Major Collection (Allocation Rate) 292M(23%)->348M(28%) 0.433s
[2026-04-03T02:27:13.428+0600][100.073s][info][gc          ] GC(181) Minor Collection (Allocation Rate)
[2026-04-03T02:27:13.428+0600][100.073s][info][gc,task     ] GC(181) Using 2 Workers for Young Generation
[2026-04-03T02:27:13.428+0600][100.073s][info][gc,phases   ] GC(181) y: Young Generation
[2026-04-03T02:27:13.428+0600][100.073s][info][gc,phases   ] GC(181) y: Pause Mark Start 0.018ms
[2026-04-03T02:27:13.454+0600][100.099s][info][gc,phases   ] GC(181) y: Concurrent Mark 25.539ms
[2026-04-03T02:27:13.454+0600][100.099s][info][gc,phases   ] GC(181) y: Pause Mark End 0.027ms
[2026-04-03T02:27:13.454+0600][100.099s][info][gc,phases   ] GC(181) y: Concurrent Mark Free 0.002ms
[2026-04-03T02:27:13.454+0600][100.099s][info][gc,phases   ] GC(181) y: Concurrent Reset Relocation Set 0.011ms
[2026-04-03T02:27:13.460+0600][100.104s][info][gc,reloc    ] GC(181) y: Using tenuring threshold: 5 (Computed)
[2026-04-03T02:27:13.460+0600][100.105s][info][gc,phases   ] GC(181) y: Concurrent Select Relocation Set 6.056ms
[2026-04-03T02:27:13.460+0600][100.105s][info][gc,phases   ] GC(181) y: Pause Relocate Start 0.015ms
[2026-04-03T02:27:13.464+0600][100.108s][info][gc,phases   ] GC(181) y: Concurrent Relocate 3.042ms
[2026-04-03T02:27:13.464+0600][100.108s][info][gc,alloc    ] GC(181) y:                         Mark Start        Mark End      Relocate Start    Relocate End   
[2026-04-03T02:27:13.464+0600][100.108s][info][gc,alloc    ] GC(181) y: Allocation Stalls:          0                0                0                0         
[2026-04-03T02:27:13.464+0600][100.108s][info][gc,load     ] GC(181) y: Load: 5.51 (46%) / 5.92 (49%) / 5.87 (49%)
[2026-04-03T02:27:13.464+0600][100.108s][info][gc,mmu      ] GC(181) y: MMU: 2ms/95.1%, 5ms/97.6%, 10ms/98.7%, 20ms/99.4%, 50ms/99.6%, 100ms/99.8%
[2026-04-03T02:27:13.464+0600][100.108s][info][gc,marking  ] GC(181) y: Mark: 2 stripe(s), 2 proactive flush(es), 1 terminate flush(es), 0 completion(s), 0 continuation(s) 
[2026-04-03T02:27:13.464+0600][100.108s][info][gc,marking  ] GC(181) y: Mark Stack Usage: 32M
[2026-04-03T02:27:13.464+0600][100.108s][info][gc,nmethod  ] GC(181) y: NMethods: 13704 registered, 4585 unregistered
[2026-04-03T02:27:13.464+0600][100.108s][info][gc,metaspace] GC(181) y: Metaspace: 128M used, 130M committed, 1152M reserved
[2026-04-03T02:27:13.464+0600][100.108s][info][gc,reloc    ] GC(181) y:                        Candidates     Selected     In-Place         Size        Empty    Relocated 
[2026-04-03T02:27:13.464+0600][100.108s][info][gc,reloc    ] GC(181) y: Small Pages:                  190          145            0         380M          86M           2M 
[2026-04-03T02:27:13.464+0600][100.109s][info][gc,reloc    ] GC(181) y: Medium Pages:                   2            0            0          64M          64M           0M 
[2026-04-03T02:27:13.464+0600][100.109s][info][gc,reloc    ] GC(181) y: Large Pages:                    6            0            0          36M          36M           0M 
[2026-04-03T02:27:13.464+0600][100.109s][info][gc,reloc    ] GC(181) y: Forwarding Usage: 0M
[2026-04-03T02:27:13.464+0600][100.109s][info][gc,reloc    ] GC(181) y: Age Table:
[2026-04-03T02:27:13.464+0600][100.109s][info][gc,reloc    ] GC(181) y:                    Live             Garbage             Small              Medium             Large        
[2026-04-03T02:27:13.464+0600][100.109s][info][gc,reloc    ] GC(181) y: Eden               1M (0%)          464M (37%)        183 / 139            2 / 0              6 / 0        
[2026-04-03T02:27:13.464+0600][100.109s][info][gc,reloc    ] GC(181) y: Survivor 1         0M (0%)            3M (0%)           2 / 2              0 / 0              0 / 0        
[2026-04-03T02:27:13.464+0600][100.109s][info][gc,reloc    ] GC(181) y: Survivor 2         0M (0%)            1M (0%)           1 / 1              0 / 0              0 / 0        
[2026-04-03T02:27:13.464+0600][100.109s][info][gc,reloc    ] GC(181) y: Survivor 3         0M (0%)            1M (0%)           1 / 1              0 / 0              0 / 0        
[2026-04-03T02:27:13.464+0600][100.109s][info][gc,reloc    ] GC(181) y: Survivor 4         0M (0%)            3M (0%)           2 / 2              0 / 0              0 / 0        
[2026-04-03T02:27:13.464+0600][100.109s][info][gc,reloc    ] GC(181) y: Survivor 5         0M (0%)            1M (0%)           1 / 0              0 / 0              0 / 0        
[2026-04-03T02:27:13.464+0600][100.109s][info][gc,heap     ] GC(181) y: Min Capacity: 8M(1%)
[2026-04-03T02:27:13.464+0600][100.109s][info][gc,heap     ] GC(181) y: Max Capacity: 1250M(100%)
[2026-04-03T02:27:13.464+0600][100.109s][info][gc,heap     ] GC(181) y: Soft Max Capacity: 1250M(100%)
[2026-04-03T02:27:13.464+0600][100.109s][info][gc,heap     ] GC(181) y: Heap Statistics:
[2026-04-03T02:27:13.464+0600][100.109s][info][gc,heap     ] GC(181) y:                Mark Start          Mark End        Relocate Start      Relocate End           High               Low         
[2026-04-03T02:27:13.464+0600][100.109s][info][gc,heap     ] GC(181) y:  Capacity:     1250M (100%)       1250M (100%)       1250M (100%)       1250M (100%)       1250M (100%)       1250M (100%)   
[2026-04-03T02:27:13.464+0600][100.109s][info][gc,heap     ] GC(181) y:      Free:      592M (47%)         556M (44%)         742M (59%)        1020M (82%)        1020M (82%)         556M (44%)    
[2026-04-03T02:27:13.464+0600][100.109s][info][gc,heap     ] GC(181) y:      Used:      658M (53%)         694M (56%)         508M (41%)         230M (18%)         694M (56%)         230M (18%)    
[2026-04-03T02:27:13.464+0600][100.109s][info][gc,heap     ] GC(181) y: Young Generation Statistics:
[2026-04-03T02:27:13.464+0600][100.109s][info][gc,heap     ] GC(181) y:                Mark Start          Mark End        Relocate Start      Relocate End    
[2026-04-03T02:27:13.464+0600][100.109s][info][gc,heap     ] GC(181) y:      Used:      480M (38%)         516M (41%)         330M (26%)          50M (4%)     
[2026-04-03T02:27:13.464+0600][100.109s][info][gc,heap     ] GC(181) y:      Live:         -                 2M (0%)            2M (0%)            2M (0%)     
[2026-04-03T02:27:13.464+0600][100.109s][info][gc,heap     ] GC(181) y:   Garbage:         -               477M (38%)         291M (23%)           0M (0%)     
[2026-04-03T02:27:13.464+0600][100.109s][info][gc,heap     ] GC(181) y: Allocated:         -                36M (3%)           36M (3%)           47M (4%)     
[2026-04-03T02:27:13.464+0600][100.109s][info][gc,heap     ] GC(181) y: Reclaimed:         -                  -               186M (15%)         477M (38%)    
[2026-04-03T02:27:13.464+0600][100.109s][info][gc,heap     ] GC(181) y:  Promoted:         -                  -                 0M (0%)            0M (0%)     
[2026-04-03T02:27:13.464+0600][100.109s][info][gc,heap     ] GC(181) y: Compacted:         -                  -                  -                 2M (0%)     
[2026-04-03T02:27:13.464+0600][100.109s][info][gc,phases   ] GC(181) y: Young Generation 658M(53%)->230M(18%) 0.036s
[2026-04-03T02:27:13.464+0600][100.109s][info][gc          ] GC(181) Minor Collection (Allocation Rate) 658M(53%)->230M(18%) 0.036s
[2026-04-03T02:27:13.809+0600][100.453s][info][gc          ] GC(182) Minor Collection (Allocation Rate)
[2026-04-03T02:27:13.809+0600][100.453s][info][gc,task     ] GC(182) Using 2 Workers for Young Generation
[2026-04-03T02:27:13.809+0600][100.453s][info][gc,phases   ] GC(182) y: Young Generation
[2026-04-03T02:27:13.809+0600][100.454s][info][gc,phases   ] GC(182) y: Pause Mark Start 0.035ms
[2026-04-03T02:27:13.836+0600][100.481s][info][gc,phases   ] GC(182) y: Concurrent Mark 26.878ms
[2026-04-03T02:27:13.836+0600][100.481s][info][gc,phases   ] GC(182) y: Pause Mark End 0.053ms
[2026-04-03T02:27:13.837+0600][100.481s][info][gc,phases   ] GC(182) y: Concurrent Mark Free 0.001ms
[2026-04-03T02:27:13.837+0600][100.482s][info][gc,phases   ] GC(182) y: Concurrent Reset Relocation Set 0.022ms
[2026-04-03T02:27:13.839+0600][100.484s][info][gc,reloc    ] GC(182) y: Using tenuring threshold: 6 (Computed)
[2026-04-03T02:27:13.840+0600][100.484s][info][gc,phases   ] GC(182) y: Concurrent Select Relocation Set 2.833ms
[2026-04-03T02:27:13.840+0600][100.485s][info][gc,phases   ] GC(182) y: Pause Relocate Start 0.020ms
[2026-04-03T02:27:13.843+0600][100.488s][info][gc,phases   ] GC(182) y: Concurrent Relocate 3.097ms
[2026-04-03T02:27:13.843+0600][100.488s][info][gc,alloc    ] GC(182) y:                         Mark Start        Mark End      Relocate Start    Relocate End   
[2026-04-03T02:27:13.843+0600][100.488s][info][gc,alloc    ] GC(182) y: Allocation Stalls:          0                0                0                0         
[2026-04-03T02:27:13.843+0600][100.488s][info][gc,load     ] GC(182) y: Load: 5.51 (46%) / 5.92 (49%) / 5.87 (49%)
[2026-04-03T02:27:13.844+0600][100.488s][info][gc,mmu      ] GC(182) y: MMU: 2ms/95.1%, 5ms/97.6%, 10ms/98.7%, 20ms/99.4%, 50ms/99.6%, 100ms/99.8%
[2026-04-03T02:27:13.844+0600][100.488s][info][gc,marking  ] GC(182) y: Mark: 2 stripe(s), 2 proactive flush(es), 1 terminate flush(es), 0 completion(s), 0 continuation(s) 
[2026-04-03T02:27:13.844+0600][100.488s][info][gc,marking  ] GC(182) y: Mark Stack Usage: 32M
[2026-04-03T02:27:13.844+0600][100.488s][info][gc,nmethod  ] GC(182) y: NMethods: 13705 registered, 4585 unregistered
[2026-04-03T02:27:13.844+0600][100.488s][info][gc,metaspace] GC(182) y: Metaspace: 128M used, 130M committed, 1152M reserved
[2026-04-03T02:27:13.844+0600][100.488s][info][gc,reloc    ] GC(182) y:                        Candidates     Selected     In-Place         Size        Empty    Relocated 
[2026-04-03T02:27:13.844+0600][100.488s][info][gc,reloc    ] GC(182) y: Small Pages:                  116           67            0         232M          92M           2M 
[2026-04-03T02:27:13.844+0600][100.488s][info][gc,reloc    ] GC(182) y: Medium Pages:                   2            0            0          64M          64M           0M 
[2026-04-03T02:27:13.844+0600][100.488s][info][gc,reloc    ] GC(182) y: Large Pages:                    6            0            0          36M          36M           0M 
[2026-04-03T02:27:13.844+0600][100.488s][info][gc,reloc    ] GC(182) y: Forwarding Usage: 0M
[2026-04-03T02:27:13.844+0600][100.488s][info][gc,reloc    ] GC(182) y: Age Table:
[2026-04-03T02:27:13.844+0600][100.488s][info][gc,reloc    ] GC(182) y:                    Live             Garbage             Small              Medium             Large        
[2026-04-03T02:27:13.844+0600][100.488s][info][gc,reloc    ] GC(182) y: Eden               1M (0%)          316M (25%)        109 / 61             2 / 0              6 / 0        
[2026-04-03T02:27:13.844+0600][100.488s][info][gc,reloc    ] GC(182) y: Survivor 1         1M (0%)            2M (0%)           2 / 1              0 / 0              0 / 0        
[2026-04-03T02:27:13.844+0600][100.488s][info][gc,reloc    ] GC(182) y: Survivor 2         0M (0%)            3M (0%)           2 / 2              0 / 0              0 / 0        
[2026-04-03T02:27:13.844+0600][100.488s][info][gc,reloc    ] GC(182) y: Survivor 3         0M (0%)            1M (0%)           1 / 1              0 / 0              0 / 0        
[2026-04-03T02:27:13.844+0600][100.488s][info][gc,reloc    ] GC(182) y: Survivor 4         0M (0%)            1M (0%)           1 / 1              0 / 0              0 / 0        
[2026-04-03T02:27:13.844+0600][100.488s][info][gc,reloc    ] GC(182) y: Survivor 5         0M (0%)            1M (0%)           1 / 1              0 / 0              0 / 0        
[2026-04-03T02:27:13.844+0600][100.488s][info][gc,heap     ] GC(182) y: Min Capacity: 8M(1%)
[2026-04-03T02:27:13.844+0600][100.488s][info][gc,heap     ] GC(182) y: Max Capacity: 1250M(100%)
[2026-04-03T02:27:13.844+0600][100.488s][info][gc,heap     ] GC(182) y: Soft Max Capacity: 1250M(100%)
[2026-04-03T02:27:13.844+0600][100.488s][info][gc,heap     ] GC(182) y: Heap Statistics:
[2026-04-03T02:27:13.844+0600][100.488s][info][gc,heap     ] GC(182) y:                Mark Start          Mark End        Relocate Start      Relocate End           High               Low         
[2026-04-03T02:27:13.844+0600][100.489s][info][gc,heap     ] GC(182) y:  Capacity:     1250M (100%)       1250M (100%)       1250M (100%)       1250M (100%)       1250M (100%)       1250M (100%)   
[2026-04-03T02:27:13.844+0600][100.489s][info][gc,heap     ] GC(182) y:      Free:      738M (59%)         664M (53%)         856M (68%)         978M (78%)         978M (78%)         664M (53%)    
[2026-04-03T02:27:13.844+0600][100.489s][info][gc,heap     ] GC(182) y:      Used:      512M (41%)         586M (47%)         394M (32%)         272M (22%)         586M (47%)         272M (22%)    
[2026-04-03T02:27:13.844+0600][100.489s][info][gc,heap     ] GC(182) y: Young Generation Statistics:
[2026-04-03T02:27:13.844+0600][100.489s][info][gc,heap     ] GC(182) y:                Mark Start          Mark End        Relocate Start      Relocate End    
[2026-04-03T02:27:13.844+0600][100.489s][info][gc,heap     ] GC(182) y:      Used:      332M (27%)         406M (32%)         214M (17%)          92M (7%)     
[2026-04-03T02:27:13.844+0600][100.489s][info][gc,heap     ] GC(182) y:      Live:         -                 3M (0%)            3M (0%)            3M (0%)     
[2026-04-03T02:27:13.844+0600][100.489s][info][gc,heap     ] GC(182) y:   Garbage:         -               328M (26%)         136M (11%)           1M (0%)     
[2026-04-03T02:27:13.844+0600][100.489s][info][gc,heap     ] GC(182) y: Allocated:         -                74M (6%)           74M (6%)           87M (7%)     
[2026-04-03T02:27:13.844+0600][100.489s][info][gc,heap     ] GC(182) y: Reclaimed:         -                  -               192M (15%)         327M (26%)    
[2026-04-03T02:27:13.844+0600][100.489s][info][gc,heap     ] GC(182) y:  Promoted:         -                  -                 0M (0%)            0M (0%)     
[2026-04-03T02:27:13.844+0600][100.489s][info][gc,heap     ] GC(182) y: Compacted:         -                  -                  -                 2M (0%)     
[2026-04-03T02:27:13.844+0600][100.489s][info][gc,phases   ] GC(182) y: Young Generation 512M(41%)->272M(22%) 0.035s
[2026-04-03T02:27:13.844+0600][100.489s][info][gc          ] GC(182) Minor Collection (Allocation Rate) 512M(41%)->272M(22%) 0.035s
[2026-04-03T02:27:14.044+0600][100.688s][info][gc          ] GC(183) Minor Collection (Allocation Rate)
[2026-04-03T02:27:14.044+0600][100.688s][info][gc,task     ] GC(183) Using 1 Workers for Young Generation
[2026-04-03T02:27:14.044+0600][100.689s][info][gc,phases   ] GC(183) y: Young Generation
[2026-04-03T02:27:14.044+0600][100.689s][info][gc,phases   ] GC(183) y: Pause Mark Start 0.023ms
[2026-04-03T02:27:14.092+0600][100.737s][info][gc,phases   ] GC(183) y: Concurrent Mark 47.901ms
[2026-04-03T02:27:14.092+0600][100.737s][info][gc,phases   ] GC(183) y: Pause Mark End 0.023ms
[2026-04-03T02:27:14.093+0600][100.737s][info][gc,phases   ] GC(183) y: Concurrent Mark Free 0.003ms
[2026-04-03T02:27:14.093+0600][100.737s][info][gc,phases   ] GC(183) y: Concurrent Reset Relocation Set 0.008ms
[2026-04-03T02:27:14.096+0600][100.741s][info][gc,reloc    ] GC(183) y: Using tenuring threshold: 5 (Computed)
[2026-04-03T02:27:14.097+0600][100.742s][info][gc,phases   ] GC(183) y: Concurrent Select Relocation Set 4.317ms
[2026-04-03T02:27:14.097+0600][100.742s][info][gc,phases   ] GC(183) y: Pause Relocate Start 0.022ms
[2026-04-03T02:27:14.105+0600][100.750s][info][gc,phases   ] GC(183) y: Concurrent Relocate 7.699ms
[2026-04-03T02:27:14.105+0600][100.750s][info][gc,alloc    ] GC(183) y:                         Mark Start        Mark End      Relocate Start    Relocate End   
[2026-04-03T02:27:14.105+0600][100.750s][info][gc,alloc    ] GC(183) y: Allocation Stalls:          0                0                0                0         
[2026-04-03T02:27:14.105+0600][100.750s][info][gc,load     ] GC(183) y: Load: 5.51 (46%) / 5.92 (49%) / 5.87 (49%)
[2026-04-03T02:27:14.105+0600][100.750s][info][gc,mmu      ] GC(183) y: MMU: 2ms/95.1%, 5ms/97.6%, 10ms/98.7%, 20ms/99.4%, 50ms/99.6%, 100ms/99.8%
[2026-04-03T02:27:14.105+0600][100.750s][info][gc,marking  ] GC(183) y: Mark: 1 stripe(s), 2 proactive flush(es), 1 terminate flush(es), 0 completion(s), 0 continuation(s) 
[2026-04-03T02:27:14.105+0600][100.750s][info][gc,marking  ] GC(183) y: Mark Stack Usage: 32M
[2026-04-03T02:27:14.105+0600][100.750s][info][gc,nmethod  ] GC(183) y: NMethods: 13706 registered, 4585 unregistered
[2026-04-03T02:27:14.105+0600][100.750s][info][gc,metaspace] GC(183) y: Metaspace: 128M used, 130M committed, 1152M reserved
[2026-04-03T02:27:14.105+0600][100.750s][info][gc,reloc    ] GC(183) y:                        Candidates     Selected     In-Place         Size        Empty    Relocated 
[2026-04-03T02:27:14.105+0600][100.750s][info][gc,reloc    ] GC(183) y: Small Pages:                   81           65            0         162M          24M           4M 
[2026-04-03T02:27:14.105+0600][100.750s][info][gc,reloc    ] GC(183) y: Medium Pages:                   1            0            0          32M          32M           0M 
[2026-04-03T02:27:14.105+0600][100.750s][info][gc,reloc    ] GC(183) y: Large Pages:                    4            0            0          24M          24M           0M 
[2026-04-03T02:27:14.105+0600][100.750s][info][gc,reloc    ] GC(183) y: Forwarding Usage: 1M
[2026-04-03T02:27:14.105+0600][100.750s][info][gc,reloc    ] GC(183) y: Age Table:
[2026-04-03T02:27:14.105+0600][100.750s][info][gc,reloc    ] GC(183) y:                    Live             Garbage             Small              Medium             Large        
[2026-04-03T02:27:14.105+0600][100.750s][info][gc,reloc    ] GC(183) y: Eden               3M (0%)          196M (16%)         72 / 58             1 / 0              4 / 0        
[2026-04-03T02:27:14.105+0600][100.750s][info][gc,reloc    ] GC(183) y: Survivor 1         0M (0%)            3M (0%)           2 / 2              0 / 0              0 / 0        
[2026-04-03T02:27:14.105+0600][100.750s][info][gc,reloc    ] GC(183) y: Survivor 2         1M (0%)            2M (0%)           2 / 1              0 / 0              0 / 0        
[2026-04-03T02:27:14.105+0600][100.750s][info][gc,reloc    ] GC(183) y: Survivor 3         0M (0%)            3M (0%)           2 / 2              0 / 0              0 / 0        
[2026-04-03T02:27:14.105+0600][100.750s][info][gc,reloc    ] GC(183) y: Survivor 4         0M (0%)            1M (0%)           1 / 0              0 / 0              0 / 0        
[2026-04-03T02:27:14.105+0600][100.750s][info][gc,reloc    ] GC(183) y: Survivor 5         0M (0%)            1M (0%)           1 / 1              0 / 0              0 / 0        
[2026-04-03T02:27:14.105+0600][100.750s][info][gc,reloc    ] GC(183) y: Survivor 6         0M (0%)            1M (0%)           1 / 1              0 / 0              0 / 0        
[2026-04-03T02:27:14.105+0600][100.750s][info][gc,heap     ] GC(183) y: Min Capacity: 8M(1%)
[2026-04-03T02:27:14.105+0600][100.750s][info][gc,heap     ] GC(183) y: Max Capacity: 1250M(100%)
[2026-04-03T02:27:14.105+0600][100.750s][info][gc,heap     ] GC(183) y: Soft Max Capacity: 1250M(100%)
[2026-04-03T02:27:14.105+0600][100.750s][info][gc,heap     ] GC(183) y: Heap Statistics:
[2026-04-03T02:27:14.105+0600][100.750s][info][gc,heap     ] GC(183) y:                Mark Start          Mark End        Relocate Start      Relocate End           High               Low         
[2026-04-03T02:27:14.105+0600][100.750s][info][gc,heap     ] GC(183) y:  Capacity:     1250M (100%)       1250M (100%)       1250M (100%)       1250M (100%)       1250M (100%)       1250M (100%)   
[2026-04-03T02:27:14.105+0600][100.750s][info][gc,heap     ] GC(183) y:      Free:      852M (68%)         790M (63%)         862M (69%)         974M (78%)         974M (78%)         784M (63%)    
[2026-04-03T02:27:14.105+0600][100.750s][info][gc,heap     ] GC(183) y:      Used:      398M (32%)         460M (37%)         388M (31%)         276M (22%)         466M (37%)         276M (22%)    
[2026-04-03T02:27:14.105+0600][100.750s][info][gc,heap     ] GC(183) y: Young Generation Statistics:
[2026-04-03T02:27:14.105+0600][100.750s][info][gc,heap     ] GC(183) y:                Mark Start          Mark End        Relocate Start      Relocate End    
[2026-04-03T02:27:14.105+0600][100.750s][info][gc,heap     ] GC(183) y:      Used:      218M (17%)         280M (22%)         208M (17%)          94M (8%)     
[2026-04-03T02:27:14.105+0600][100.750s][info][gc,heap     ] GC(183) y:      Live:         -                 5M (0%)            5M (0%)            5M (0%)     
[2026-04-03T02:27:14.105+0600][100.750s][info][gc,heap     ] GC(183) y:   Garbage:         -               212M (17%)         132M (11%)           1M (0%)     
[2026-04-03T02:27:14.105+0600][100.750s][info][gc,heap     ] GC(183) y: Allocated:         -                62M (5%)           70M (6%)           87M (7%)     
[2026-04-03T02:27:14.105+0600][100.750s][info][gc,heap     ] GC(183) y: Reclaimed:         -                  -                80M (6%)          210M (17%)    
[2026-04-03T02:27:14.105+0600][100.750s][info][gc,heap     ] GC(183) y:  Promoted:         -                  -                 0M (0%)            0M (0%)     
[2026-04-03T02:27:14.105+0600][100.750s][info][gc,heap     ] GC(183) y: Compacted:         -                  -                  -                 4M (0%)     
[2026-04-03T02:27:14.105+0600][100.750s][info][gc,phases   ] GC(183) y: Young Generation 398M(32%)->276M(22%) 0.061s
[2026-04-03T02:27:14.105+0600][100.750s][info][gc          ] GC(183) Minor Collection (Allocation Rate) 398M(32%)->276M(22%) 0.062s
[2026-04-03T02:27:14.791+0600][101.435s][info][gc          ] GC(184) Minor Collection (Allocation Rate)
[2026-04-03T02:27:14.791+0600][101.435s][info][gc,task     ] GC(184) Using 1 Workers for Young Generation
[2026-04-03T02:27:14.791+0600][101.436s][info][gc,phases   ] GC(184) y: Young Generation
[2026-04-03T02:27:14.791+0600][101.436s][info][gc,phases   ] GC(184) y: Pause Mark Start 0.026ms
[2026-04-03T02:27:14.844+0600][101.488s][info][gc,phases   ] GC(184) y: Concurrent Mark 52.104ms
[2026-04-03T02:27:14.844+0600][101.488s][info][gc,phases   ] GC(184) y: Pause Mark End 0.018ms
[2026-04-03T02:27:14.844+0600][101.489s][info][gc,phases   ] GC(184) y: Concurrent Mark Free 0.001ms
[2026-04-03T02:27:14.844+0600][101.489s][info][gc,phases   ] GC(184) y: Concurrent Reset Relocation Set 0.007ms
[2026-04-03T02:27:14.845+0600][101.490s][info][gc,reloc    ] GC(184) y: Using tenuring threshold: 3 (Computed)
[2026-04-03T02:27:14.847+0600][101.492s][info][gc,phases   ] GC(184) y: Concurrent Select Relocation Set 3.230ms
[2026-04-03T02:27:14.847+0600][101.492s][info][gc,phases   ] GC(184) y: Pause Relocate Start 0.012ms
[2026-04-03T02:27:14.861+0600][101.506s][info][gc,phases   ] GC(184) y: Concurrent Relocate 13.726ms
[2026-04-03T02:27:14.861+0600][101.506s][info][gc,alloc    ] GC(184) y:                         Mark Start        Mark End      Relocate Start    Relocate End   
[2026-04-03T02:27:14.861+0600][101.506s][info][gc,alloc    ] GC(184) y: Allocation Stalls:          0                0                0                0         
[2026-04-03T02:27:14.861+0600][101.506s][info][gc,load     ] GC(184) y: Load: 5.71 (48%) / 5.95 (50%) / 5.88 (49%)
[2026-04-03T02:27:14.861+0600][101.506s][info][gc,mmu      ] GC(184) y: MMU: 2ms/95.1%, 5ms/97.6%, 10ms/98.7%, 20ms/99.4%, 50ms/99.6%, 100ms/99.8%
[2026-04-03T02:27:14.861+0600][101.506s][info][gc,marking  ] GC(184) y: Mark: 1 stripe(s), 2 proactive flush(es), 1 terminate flush(es), 0 completion(s), 0 continuation(s) 
[2026-04-03T02:27:14.861+0600][101.506s][info][gc,marking  ] GC(184) y: Mark Stack Usage: 32M
[2026-04-03T02:27:14.861+0600][101.506s][info][gc,nmethod  ] GC(184) y: NMethods: 13729 registered, 4585 unregistered
[2026-04-03T02:27:14.861+0600][101.506s][info][gc,metaspace] GC(184) y: Metaspace: 128M used, 130M committed, 1152M reserved
[2026-04-03T02:27:14.861+0600][101.506s][info][gc,reloc    ] GC(184) y:                        Candidates     Selected     In-Place         Size        Empty    Relocated 
[2026-04-03T02:27:14.861+0600][101.506s][info][gc,reloc    ] GC(184) y: Small Pages:                  342          199            0         684M         274M           8M 
[2026-04-03T02:27:14.861+0600][101.506s][info][gc,reloc    ] GC(184) y: Medium Pages:                   3            0            0          96M          96M           0M 
[2026-04-03T02:27:14.861+0600][101.506s][info][gc,reloc    ] GC(184) y: Large Pages:                   13            0            0          78M          78M           0M 
[2026-04-03T02:27:14.862+0600][101.506s][info][gc,reloc    ] GC(184) y: Forwarding Usage: 3M
[2026-04-03T02:27:14.862+0600][101.506s][info][gc,reloc    ] GC(184) y: Age Table:
[2026-04-03T02:27:14.862+0600][101.506s][info][gc,reloc    ] GC(184) y:                    Live             Garbage             Small              Medium             Large        
[2026-04-03T02:27:14.862+0600][101.506s][info][gc,reloc    ] GC(184) y: Eden               7M (1%)          832M (67%)        333 / 191            3 / 0             13 / 0        
[2026-04-03T02:27:14.862+0600][101.506s][info][gc,reloc    ] GC(184) y: Survivor 1         0M (0%)            3M (0%)           2 / 2              0 / 0              0 / 0        
[2026-04-03T02:27:14.862+0600][101.506s][info][gc,reloc    ] GC(184) y: Survivor 2         0M (0%)            1M (0%)           1 / 0              0 / 0              0 / 0        
[2026-04-03T02:27:14.862+0600][101.506s][info][gc,reloc    ] GC(184) y: Survivor 3         0M (0%)            7M (1%)           4 / 4              0 / 0              0 / 0        
[2026-04-03T02:27:14.862+0600][101.506s][info][gc,reloc    ] GC(184) y: Survivor 4         0M (0%)            1M (0%)           1 / 1              0 / 0              0 / 0        
[2026-04-03T02:27:14.862+0600][101.506s][info][gc,reloc    ] GC(184) y: Survivor 5         0M (0%)            1M (0%)           1 / 1              0 / 0              0 / 0        
[2026-04-03T02:27:14.862+0600][101.506s][info][gc,heap     ] GC(184) y: Min Capacity: 8M(1%)
[2026-04-03T02:27:14.862+0600][101.506s][info][gc,heap     ] GC(184) y: Max Capacity: 1250M(100%)
[2026-04-03T02:27:14.862+0600][101.506s][info][gc,heap     ] GC(184) y: Soft Max Capacity: 1250M(100%)
[2026-04-03T02:27:14.862+0600][101.506s][info][gc,heap     ] GC(184) y: Heap Statistics:
[2026-04-03T02:27:14.862+0600][101.506s][info][gc,heap     ] GC(184) y:                Mark Start          Mark End        Relocate Start      Relocate End           High               Low         
[2026-04-03T02:27:14.862+0600][101.506s][info][gc,heap     ] GC(184) y:  Capacity:     1250M (100%)       1250M (100%)       1250M (100%)       1250M (100%)       1250M (100%)       1250M (100%)   
[2026-04-03T02:27:14.862+0600][101.506s][info][gc,heap     ] GC(184) y:      Free:      210M (17%)         128M (10%)         576M (46%)         956M (76%)         956M (76%)         128M (10%)    
[2026-04-03T02:27:14.862+0600][101.506s][info][gc,heap     ] GC(184) y:      Used:     1040M (83%)        1122M (90%)         674M (54%)         294M (24%)        1122M (90%)         294M (24%)    
[2026-04-03T02:27:14.862+0600][101.506s][info][gc,heap     ] GC(184) y: Young Generation Statistics:
[2026-04-03T02:27:14.862+0600][101.506s][info][gc,heap     ] GC(184) y:                Mark Start          Mark End        Relocate Start      Relocate End    
[2026-04-03T02:27:14.862+0600][101.506s][info][gc,heap     ] GC(184) y:      Used:      858M (69%)         940M (75%)         492M (39%)         110M (9%)     
[2026-04-03T02:27:14.862+0600][101.506s][info][gc,heap     ] GC(184) y:      Live:         -                 9M (1%)            9M (1%)            8M (1%)     
[2026-04-03T02:27:14.862+0600][101.506s][info][gc,heap     ] GC(184) y:   Garbage:         -               848M (68%)         400M (32%)           0M (0%)     
[2026-04-03T02:27:14.862+0600][101.506s][info][gc,heap     ] GC(184) y: Allocated:         -                82M (7%)           82M (7%)          101M (8%)     
[2026-04-03T02:27:14.862+0600][101.506s][info][gc,heap     ] GC(184) y: Reclaimed:         -                  -               448M (36%)         848M (68%)    
[2026-04-03T02:27:14.862+0600][101.506s][info][gc,heap     ] GC(184) y:  Promoted:         -                  -                 0M (0%)            1M (0%)     
[2026-04-03T02:27:14.862+0600][101.506s][info][gc,heap     ] GC(184) y: Compacted:         -                  -                  -                 8M (1%)     
[2026-04-03T02:27:14.862+0600][101.506s][info][gc,phases   ] GC(184) y: Young Generation 1040M(83%)->294M(24%) 0.071s
[2026-04-03T02:27:14.862+0600][101.506s][info][gc          ] GC(184) Minor Collection (Allocation Rate) 1040M(83%)->294M(24%) 0.071s
[2026-04-03T02:27:14.973+0600][101.617s][info][gc          ] GC(185) Minor Collection (Allocation Rate)
[2026-04-03T02:27:14.973+0600][101.618s][info][gc,task     ] GC(185) Using 1 Workers for Young Generation
[2026-04-03T02:27:14.973+0600][101.618s][info][gc,phases   ] GC(185) y: Young Generation
[2026-04-03T02:27:14.973+0600][101.618s][info][gc,phases   ] GC(185) y: Pause Mark Start 0.021ms
[2026-04-03T02:27:15.014+0600][101.659s][info][gc,phases   ] GC(185) y: Concurrent Mark 40.206ms
[2026-04-03T02:27:15.014+0600][101.659s][info][gc,phases   ] GC(185) y: Pause Mark End 0.019ms
[2026-04-03T02:27:15.014+0600][101.659s][info][gc,phases   ] GC(185) y: Concurrent Mark Free 0.001ms
[2026-04-03T02:27:15.014+0600][101.659s][info][gc,phases   ] GC(185) y: Concurrent Reset Relocation Set 0.015ms
[2026-04-03T02:27:15.018+0600][101.663s][info][gc,reloc    ] GC(185) y: Using tenuring threshold: 4 (Computed)
[2026-04-03T02:27:15.019+0600][101.663s][info][gc,phases   ] GC(185) y: Concurrent Select Relocation Set 4.418ms
[2026-04-03T02:27:15.019+0600][101.664s][info][gc,phases   ] GC(185) y: Pause Relocate Start 0.010ms
[2026-04-03T02:27:15.022+0600][101.667s][info][gc,phases   ] GC(185) y: Concurrent Relocate 3.312ms
[2026-04-03T02:27:15.022+0600][101.667s][info][gc,alloc    ] GC(185) y:                         Mark Start        Mark End      Relocate Start    Relocate End   
[2026-04-03T02:27:15.022+0600][101.667s][info][gc,alloc    ] GC(185) y: Allocation Stalls:          0                0                0                0         
[2026-04-03T02:27:15.022+0600][101.667s][info][gc,load     ] GC(185) y: Load: 5.71 (48%) / 5.95 (50%) / 5.88 (49%)
[2026-04-03T02:27:15.022+0600][101.667s][info][gc,mmu      ] GC(185) y: MMU: 2ms/95.1%, 5ms/97.6%, 10ms/98.7%, 20ms/99.4%, 50ms/99.6%, 100ms/99.8%
[2026-04-03T02:27:15.022+0600][101.667s][info][gc,marking  ] GC(185) y: Mark: 1 stripe(s), 2 proactive flush(es), 1 terminate flush(es), 0 completion(s), 0 continuation(s) 
[2026-04-03T02:27:15.022+0600][101.667s][info][gc,marking  ] GC(185) y: Mark Stack Usage: 32M
[2026-04-03T02:27:15.022+0600][101.667s][info][gc,nmethod  ] GC(185) y: NMethods: 13732 registered, 4585 unregistered
[2026-04-03T02:27:15.022+0600][101.667s][info][gc,metaspace] GC(185) y: Metaspace: 128M used, 130M committed, 1152M reserved
[2026-04-03T02:27:15.022+0600][101.667s][info][gc,reloc    ] GC(185) y:                        Candidates     Selected     In-Place         Size        Empty    Relocated 
[2026-04-03T02:27:15.022+0600][101.667s][info][gc,reloc    ] GC(185) y: Small Pages:                   66           42            0         132M          40M           3M 
[2026-04-03T02:27:15.022+0600][101.667s][info][gc,reloc    ] GC(185) y: Medium Pages:                   1            0            0          32M          32M           0M 
[2026-04-03T02:27:15.022+0600][101.667s][info][gc,reloc    ] GC(185) y: Large Pages:                   69            0            0         414M         414M           0M 
[2026-04-03T02:27:15.023+0600][101.667s][info][gc,reloc    ] GC(185) y: Forwarding Usage: 0M
[2026-04-03T02:27:15.023+0600][101.667s][info][gc,reloc    ] GC(185) y: Age Table:
[2026-04-03T02:27:15.023+0600][101.667s][info][gc,reloc    ] GC(185) y:                    Live             Garbage             Small              Medium             Large        
[2026-04-03T02:27:15.023+0600][101.667s][info][gc,reloc    ] GC(185) y: Eden               2M (0%)          559M (45%)         58 / 36             1 / 0             69 / 0        
[2026-04-03T02:27:15.023+0600][101.667s][info][gc,reloc    ] GC(185) y: Survivor 1         2M (0%)            5M (0%)           4 / 3              0 / 0              0 / 0        
[2026-04-03T02:27:15.023+0600][101.667s][info][gc,reloc    ] GC(185) y: Survivor 2         0M (0%)            3M (0%)           2 / 2              0 / 0              0 / 0        
[2026-04-03T02:27:15.023+0600][101.667s][info][gc,reloc    ] GC(185) y: Survivor 3         0M (0%)            3M (0%)           2 / 1              0 / 0              0 / 0        
[2026-04-03T02:27:15.023+0600][101.667s][info][gc,heap     ] GC(185) y: Min Capacity: 8M(1%)
[2026-04-03T02:27:15.023+0600][101.667s][info][gc,heap     ] GC(185) y: Max Capacity: 1250M(100%)
[2026-04-03T02:27:15.023+0600][101.667s][info][gc,heap     ] GC(185) y: Soft Max Capacity: 1250M(100%)
[2026-04-03T02:27:15.023+0600][101.667s][info][gc,heap     ] GC(185) y: Heap Statistics:
[2026-04-03T02:27:15.023+0600][101.667s][info][gc,heap     ] GC(185) y:                Mark Start          Mark End        Relocate Start      Relocate End           High               Low         
[2026-04-03T02:27:15.023+0600][101.667s][info][gc,heap     ] GC(185) y:  Capacity:     1250M (100%)       1250M (100%)       1250M (100%)       1250M (100%)       1250M (100%)       1250M (100%)   
[2026-04-03T02:27:15.023+0600][101.667s][info][gc,heap     ] GC(185) y:      Free:      488M (39%)         408M (33%)         892M (71%)         968M (77%)         968M (77%)         258M (21%)    
[2026-04-03T02:27:15.023+0600][101.667s][info][gc,heap     ] GC(185) y:      Used:      762M (61%)         842M (67%)         358M (29%)         282M (23%)         992M (79%)         282M (23%)    
[2026-04-03T02:27:15.023+0600][101.667s][info][gc,heap     ] GC(185) y: Young Generation Statistics:
[2026-04-03T02:27:15.023+0600][101.667s][info][gc,heap     ] GC(185) y:                Mark Start          Mark End        Relocate Start      Relocate End    
[2026-04-03T02:27:15.023+0600][101.667s][info][gc,heap     ] GC(185) y:      Used:      578M (46%)         658M (53%)         174M (14%)          98M (8%)     
[2026-04-03T02:27:15.023+0600][101.667s][info][gc,heap     ] GC(185) y:      Live:         -                 5M (0%)            5M (0%)            5M (0%)     
[2026-04-03T02:27:15.023+0600][101.667s][info][gc,heap     ] GC(185) y:   Garbage:         -               572M (46%)          86M (7%)            0M (0%)     
[2026-04-03T02:27:15.023+0600][101.667s][info][gc,heap     ] GC(185) y: Allocated:         -                80M (6%)           82M (7%)           91M (7%)     
[2026-04-03T02:27:15.023+0600][101.667s][info][gc,heap     ] GC(185) y: Reclaimed:         -                  -               486M (39%)         571M (46%)    
[2026-04-03T02:27:15.023+0600][101.667s][info][gc,heap     ] GC(185) y:  Promoted:         -                  -                 0M (0%)            0M (0%)     
[2026-04-03T02:27:15.023+0600][101.667s][info][gc,heap     ] GC(185) y: Compacted:         -                  -                  -                 4M (0%)     
[2026-04-03T02:27:15.023+0600][101.667s][info][gc,phases   ] GC(185) y: Young Generation 762M(61%)->282M(23%) 0.050s
[2026-04-03T02:27:15.023+0600][101.667s][info][gc          ] GC(185) Minor Collection (Allocation Rate) 762M(61%)->282M(23%) 0.050s
[2026-04-03T02:27:15.036+0600][101.680s][info][gc          ] GC(186) Minor Collection (Allocation Rate)
[2026-04-03T02:27:15.036+0600][101.681s][info][gc,task     ] GC(186) Using 1 Workers for Young Generation
[2026-04-03T02:27:15.036+0600][101.681s][info][gc,phases   ] GC(186) y: Young Generation
[2026-04-03T02:27:15.036+0600][101.681s][info][gc,phases   ] GC(186) y: Pause Mark Start 0.023ms
[2026-04-03T02:27:15.080+0600][101.724s][info][gc,phases   ] GC(186) y: Concurrent Mark 43.486ms
[2026-04-03T02:27:15.080+0600][101.725s][info][gc,phases   ] GC(186) y: Pause Mark End 0.061ms
[2026-04-03T02:27:15.080+0600][101.725s][info][gc,phases   ] GC(186) y: Concurrent Mark Free 0.003ms
[2026-04-03T02:27:15.080+0600][101.725s][info][gc,phases   ] GC(186) y: Concurrent Reset Relocation Set 0.011ms
[2026-04-03T02:27:15.086+0600][101.730s][info][gc,reloc    ] GC(186) y: Using tenuring threshold: 2 (Computed)
[2026-04-03T02:27:15.088+0600][101.733s][info][gc,phases   ] GC(186) y: Concurrent Select Relocation Set 8.024ms
[2026-04-03T02:27:15.089+0600][101.733s][info][gc,phases   ] GC(186) y: Pause Relocate Start 0.021ms
[2026-04-03T02:27:15.095+0600][101.740s][info][gc,phases   ] GC(186) y: Concurrent Relocate 6.217ms
[2026-04-03T02:27:15.095+0600][101.740s][info][gc,alloc    ] GC(186) y:                         Mark Start        Mark End      Relocate Start    Relocate End   
[2026-04-03T02:27:15.095+0600][101.740s][info][gc,alloc    ] GC(186) y: Allocation Stalls:          0                0                0                0         
[2026-04-03T02:27:15.095+0600][101.740s][info][gc,load     ] GC(186) y: Load: 5.71 (48%) / 5.95 (50%) / 5.88 (49%)
[2026-04-03T02:27:15.095+0600][101.740s][info][gc,mmu      ] GC(186) y: MMU: 2ms/95.1%, 5ms/97.6%, 10ms/98.7%, 20ms/99.4%, 50ms/99.6%, 100ms/99.8%
[2026-04-03T02:27:15.095+0600][101.740s][info][gc,marking  ] GC(186) y: Mark: 1 stripe(s), 2 proactive flush(es), 1 terminate flush(es), 0 completion(s), 0 continuation(s) 
[2026-04-03T02:27:15.095+0600][101.740s][info][gc,marking  ] GC(186) y: Mark Stack Usage: 32M
[2026-04-03T02:27:15.095+0600][101.740s][info][gc,nmethod  ] GC(186) y: NMethods: 13732 registered, 4585 unregistered
[2026-04-03T02:27:15.095+0600][101.740s][info][gc,metaspace] GC(186) y: Metaspace: 128M used, 130M committed, 1152M reserved
[2026-04-03T02:27:15.095+0600][101.740s][info][gc,reloc    ] GC(186) y:                        Candidates     Selected     In-Place         Size        Empty    Relocated 
[2026-04-03T02:27:15.095+0600][101.740s][info][gc,reloc    ] GC(186) y: Small Pages:                   37           32            0          74M           0M           3M 
[2026-04-03T02:27:15.095+0600][101.740s][info][gc,reloc    ] GC(186) y: Medium Pages:                   1            0            0          32M          32M           0M 
[2026-04-03T02:27:15.095+0600][101.740s][info][gc,reloc    ] GC(186) y: Large Pages:                   16            0            0          96M          78M           0M 
[2026-04-03T02:27:15.095+0600][101.740s][info][gc,reloc    ] GC(186) y: Forwarding Usage: 0M
[2026-04-03T02:27:15.095+0600][101.740s][info][gc,reloc    ] GC(186) y: Age Table:
[2026-04-03T02:27:15.095+0600][101.740s][info][gc,reloc    ] GC(186) y:                    Live             Garbage             Small              Medium             Large        
[2026-04-03T02:27:15.095+0600][101.740s][info][gc,reloc    ] GC(186) y: Eden              20M (2%)          165M (13%)         29 / 28             1 / 0             16 / 0        
[2026-04-03T02:27:15.095+0600][101.740s][info][gc,reloc    ] GC(186) y: Survivor 1         1M (0%)            4M (0%)           3 / 2              0 / 0              0 / 0        
[2026-04-03T02:27:15.095+0600][101.740s][info][gc,reloc    ] GC(186) y: Survivor 2         2M (0%)            1M (0%)           2 / 0              0 / 0              0 / 0        
[2026-04-03T02:27:15.095+0600][101.740s][info][gc,reloc    ] GC(186) y: Survivor 3         0M (0%)            1M (0%)           1 / 1              0 / 0              0 / 0        
[2026-04-03T02:27:15.095+0600][101.740s][info][gc,reloc    ] GC(186) y: Survivor 4         0M (0%)            3M (0%)           2 / 1              0 / 0              0 / 0        
[2026-04-03T02:27:15.095+0600][101.740s][info][gc,heap     ] GC(186) y: Min Capacity: 8M(1%)
[2026-04-03T02:27:15.095+0600][101.740s][info][gc,heap     ] GC(186) y: Max Capacity: 1250M(100%)
[2026-04-03T02:27:15.095+0600][101.740s][info][gc,heap     ] GC(186) y: Soft Max Capacity: 1250M(100%)
[2026-04-03T02:27:15.095+0600][101.740s][info][gc,heap     ] GC(186) y: Heap Statistics:
[2026-04-03T02:27:15.095+0600][101.740s][info][gc,heap     ] GC(186) y:                Mark Start          Mark End        Relocate Start      Relocate End           High               Low         
[2026-04-03T02:27:15.095+0600][101.740s][info][gc,heap     ] GC(186) y:  Capacity:     1250M (100%)       1250M (100%)       1250M (100%)       1250M (100%)       1250M (100%)       1250M (100%)   
[2026-04-03T02:27:15.095+0600][101.740s][info][gc,heap     ] GC(186) y:      Free:      864M (69%)         460M (37%)         564M (45%)         624M (50%)         864M (69%)         456M (36%)    
[2026-04-03T02:27:15.095+0600][101.740s][info][gc,heap     ] GC(186) y:      Used:      386M (31%)         790M (63%)         686M (55%)         626M (50%)         794M (64%)         386M (31%)    
[2026-04-03T02:27:15.095+0600][101.740s][info][gc,heap     ] GC(186) y: Young Generation Statistics:
[2026-04-03T02:27:15.095+0600][101.740s][info][gc,heap     ] GC(186) y:                Mark Start          Mark End        Relocate Start      Relocate End    
[2026-04-03T02:27:15.095+0600][101.740s][info][gc,heap     ] GC(186) y:      Used:      202M (16%)         606M (48%)         498M (40%)         436M (35%)    
[2026-04-03T02:27:15.095+0600][101.740s][info][gc,heap     ] GC(186) y:      Live:         -                25M (2%)           22M (2%)           21M (2%)     
[2026-04-03T02:27:15.095+0600][101.740s][info][gc,heap     ] GC(186) y:   Garbage:         -               176M (14%)          65M (5%)            0M (0%)     
[2026-04-03T02:27:15.095+0600][101.740s][info][gc,heap     ] GC(186) y: Allocated:         -               404M (32%)         410M (33%)         414M (33%)    
[2026-04-03T02:27:15.095+0600][101.740s][info][gc,heap     ] GC(186) y: Reclaimed:         -                  -               111M (9%)          176M (14%)    
[2026-04-03T02:27:15.095+0600][101.740s][info][gc,heap     ] GC(186) y:  Promoted:         -                  -                 2M (0%)            3M (0%)     
[2026-04-03T02:27:15.095+0600][101.740s][info][gc,heap     ] GC(186) y: Compacted:         -                  -                  -                 3M (0%)     
[2026-04-03T02:27:15.095+0600][101.740s][info][gc,phases   ] GC(186) y: Young Generation 386M(31%)->626M(50%) 0.059s
[2026-04-03T02:27:15.095+0600][101.740s][info][gc          ] GC(186) Minor Collection (Allocation Rate) 386M(31%)->626M(50%) 0.060s
[2026-04-03T02:27:15.096+0600][101.740s][info][gc          ] GC(187) Minor Collection (Allocation Rate)
[2026-04-03T02:27:15.096+0600][101.740s][info][gc,task     ] GC(187) Using 3 Workers for Young Generation
[2026-04-03T02:27:15.096+0600][101.740s][info][gc,phases   ] GC(187) y: Young Generation
[2026-04-03T02:27:15.096+0600][101.741s][info][gc,phases   ] GC(187) y: Pause Mark Start 0.029ms
[2026-04-03T02:27:15.112+0600][101.756s][info][gc,phases   ] GC(187) y: Concurrent Mark 15.430ms
[2026-04-03T02:27:15.112+0600][101.757s][info][gc,phases   ] GC(187) y: Pause Mark End 0.024ms
[2026-04-03T02:27:15.112+0600][101.757s][info][gc,phases   ] GC(187) y: Concurrent Mark Free 0.001ms
[2026-04-03T02:27:15.112+0600][101.757s][info][gc,phases   ] GC(187) y: Concurrent Reset Relocation Set 0.020ms
[2026-04-03T02:27:15.114+0600][101.759s][info][gc,reloc    ] GC(187) y: Using tenuring threshold: 3 (Computed)
[2026-04-03T02:27:15.115+0600][101.759s][info][gc,phases   ] GC(187) y: Concurrent Select Relocation Set 2.529ms
[2026-04-03T02:27:15.115+0600][101.760s][info][gc,phases   ] GC(187) y: Pause Relocate Start 0.025ms
[2026-04-03T02:27:15.116+0600][101.761s][info][gc,phases   ] GC(187) y: Concurrent Relocate 0.787ms
[2026-04-03T02:27:15.116+0600][101.761s][info][gc,alloc    ] GC(187) y:                         Mark Start        Mark End      Relocate Start    Relocate End   
[2026-04-03T02:27:15.116+0600][101.761s][info][gc,alloc    ] GC(187) y: Allocation Stalls:          0                0                0                0         
[2026-04-03T02:27:15.116+0600][101.761s][info][gc,load     ] GC(187) y: Load: 5.71 (48%) / 5.95 (50%) / 5.88 (49%)
[2026-04-03T02:27:15.116+0600][101.761s][info][gc,mmu      ] GC(187) y: MMU: 2ms/95.1%, 5ms/97.6%, 10ms/98.7%, 20ms/99.4%, 50ms/99.6%, 100ms/99.8%
[2026-04-03T02:27:15.116+0600][101.761s][info][gc,marking  ] GC(187) y: Mark: 2 stripe(s), 2 proactive flush(es), 1 terminate flush(es), 0 completion(s), 0 continuation(s) 
[2026-04-03T02:27:15.116+0600][101.761s][info][gc,marking  ] GC(187) y: Mark Stack Usage: 32M
[2026-04-03T02:27:15.116+0600][101.761s][info][gc,nmethod  ] GC(187) y: NMethods: 13732 registered, 4585 unregistered
[2026-04-03T02:27:15.116+0600][101.761s][info][gc,metaspace] GC(187) y: Metaspace: 128M used, 130M committed, 1152M reserved
[2026-04-03T02:27:15.116+0600][101.761s][info][gc,reloc    ] GC(187) y:                        Candidates     Selected     In-Place         Size        Empty    Relocated 
[2026-04-03T02:27:15.116+0600][101.761s][info][gc,reloc    ] GC(187) y: Small Pages:                   43           31            0          86M          20M           1M 
[2026-04-03T02:27:15.116+0600][101.761s][info][gc,reloc    ] GC(187) y: Medium Pages:                   1            0            0          32M          32M           0M 
[2026-04-03T02:27:15.116+0600][101.761s][info][gc,reloc    ] GC(187) y: Large Pages:                   53            0            0         318M         318M           0M 
[2026-04-03T02:27:15.116+0600][101.761s][info][gc,reloc    ] GC(187) y: Forwarding Usage: 0M
[2026-04-03T02:27:15.116+0600][101.761s][info][gc,reloc    ] GC(187) y: Age Table:
[2026-04-03T02:27:15.116+0600][101.761s][info][gc,reloc    ] GC(187) y:                    Live             Garbage             Small              Medium             Large        
[2026-04-03T02:27:15.116+0600][101.761s][info][gc,reloc    ] GC(187) y: Eden               0M (0%)          411M (33%)         40 / 29             1 / 0             50 / 0        
[2026-04-03T02:27:15.116+0600][101.761s][info][gc,reloc    ] GC(187) y: Survivor 1         0M (0%)           21M (2%)           2 / 2              0 / 0              3 / 0        
[2026-04-03T02:27:15.116+0600][101.761s][info][gc,reloc    ] GC(187) y: Survivor 2         1M (0%)            0M (0%)           1 / 0              0 / 0              0 / 0        
[2026-04-03T02:27:15.116+0600][101.761s][info][gc,heap     ] GC(187) y: Min Capacity: 8M(1%)
[2026-04-03T02:27:15.116+0600][101.761s][info][gc,heap     ] GC(187) y: Max Capacity: 1250M(100%)
[2026-04-03T02:27:15.116+0600][101.761s][info][gc,heap     ] GC(187) y: Soft Max Capacity: 1250M(100%)
[2026-04-03T02:27:15.116+0600][101.761s][info][gc,heap     ] GC(187) y: Heap Statistics:
[2026-04-03T02:27:15.116+0600][101.761s][info][gc,heap     ] GC(187) y:                Mark Start          Mark End        Relocate Start      Relocate End           High               Low         
[2026-04-03T02:27:15.116+0600][101.761s][info][gc,heap     ] GC(187) y:  Capacity:     1250M (100%)       1250M (100%)       1250M (100%)       1250M (100%)       1250M (100%)       1250M (100%)   
[2026-04-03T02:27:15.116+0600][101.761s][info][gc,heap     ] GC(187) y:      Free:      624M (50%)         582M (47%)         950M (76%)        1004M (80%)        1004M (80%)         582M (47%)    
[2026-04-03T02:27:15.116+0600][101.761s][info][gc,heap     ] GC(187) y:      Used:      626M (50%)         668M (53%)         300M (24%)         246M (20%)         668M (53%)         246M (20%)    
[2026-04-03T02:27:15.116+0600][101.761s][info][gc,heap     ] GC(187) y: Young Generation Statistics:
[2026-04-03T02:27:15.116+0600][101.761s][info][gc,heap     ] GC(187) y:                Mark Start          Mark End        Relocate Start      Relocate End    
[2026-04-03T02:27:15.116+0600][101.761s][info][gc,heap     ] GC(187) y:      Used:      436M (35%)         478M (38%)         110M (9%)           56M (4%)     
[2026-04-03T02:27:15.116+0600][101.761s][info][gc,heap     ] GC(187) y:      Live:         -                 2M (0%)            2M (0%)            2M (0%)     
[2026-04-03T02:27:15.116+0600][101.761s][info][gc,heap     ] GC(187) y:   Garbage:         -               433M (35%)          63M (5%)            0M (0%)     
[2026-04-03T02:27:15.116+0600][101.761s][info][gc,heap     ] GC(187) y: Allocated:         -                42M (3%)           44M (4%)           52M (4%)     
[2026-04-03T02:27:15.116+0600][101.761s][info][gc,heap     ] GC(187) y: Reclaimed:         -                  -               370M (30%)         432M (35%)    
[2026-04-03T02:27:15.116+0600][101.761s][info][gc,heap     ] GC(187) y:  Promoted:         -                  -                 0M (0%)            0M (0%)     
[2026-04-03T02:27:15.116+0600][101.761s][info][gc,heap     ] GC(187) y: Compacted:         -                  -                  -                 1M (0%)     
[2026-04-03T02:27:15.116+0600][101.761s][info][gc,phases   ] GC(187) y: Young Generation 626M(50%)->246M(20%) 0.020s
[2026-04-03T02:27:15.116+0600][101.761s][info][gc          ] GC(187) Minor Collection (Allocation Rate) 626M(50%)->246M(20%) 0.021s
[2026-04-03T02:27:15.779+0600][102.423s][info][gc          ] GC(188) Minor Collection (Allocation Rate)
[2026-04-03T02:27:15.779+0600][102.424s][info][gc,task     ] GC(188) Using 2 Workers for Young Generation
[2026-04-03T02:27:15.779+0600][102.424s][info][gc,phases   ] GC(188) y: Young Generation
[2026-04-03T02:27:15.779+0600][102.424s][info][gc,phases   ] GC(188) y: Pause Mark Start 0.025ms
[2026-04-03T02:27:15.800+0600][102.445s][info][gc,phases   ] GC(188) y: Concurrent Mark 20.887ms
[2026-04-03T02:27:15.800+0600][102.445s][info][gc,phases   ] GC(188) y: Pause Mark End 0.026ms
[2026-04-03T02:27:15.800+0600][102.445s][info][gc,phases   ] GC(188) y: Concurrent Mark Free 0.003ms
[2026-04-03T02:27:15.800+0600][102.445s][info][gc,phases   ] GC(188) y: Concurrent Reset Relocation Set 0.008ms
[2026-04-03T02:27:15.804+0600][102.449s][info][gc,reloc    ] GC(188) y: Using tenuring threshold: 4 (Computed)
[2026-04-03T02:27:15.805+0600][102.449s][info][gc,phases   ] GC(188) y: Concurrent Select Relocation Set 4.118ms
[2026-04-03T02:27:15.805+0600][102.449s][info][gc,phases   ] GC(188) y: Pause Relocate Start 0.021ms
[2026-04-03T02:27:15.809+0600][102.454s][info][gc,phases   ] GC(188) y: Concurrent Relocate 4.081ms
[2026-04-03T02:27:15.809+0600][102.454s][info][gc,alloc    ] GC(188) y:                         Mark Start        Mark End      Relocate Start    Relocate End   
[2026-04-03T02:27:15.809+0600][102.454s][info][gc,alloc    ] GC(188) y: Allocation Stalls:          0                0                0                0         
[2026-04-03T02:27:15.809+0600][102.454s][info][gc,load     ] GC(188) y: Load: 5.71 (48%) / 5.95 (50%) / 5.88 (49%)
[2026-04-03T02:27:15.809+0600][102.454s][info][gc,mmu      ] GC(188) y: MMU: 2ms/95.1%, 5ms/97.6%, 10ms/98.7%, 20ms/99.4%, 50ms/99.6%, 100ms/99.8%
[2026-04-03T02:27:15.809+0600][102.454s][info][gc,marking  ] GC(188) y: Mark: 2 stripe(s), 2 proactive flush(es), 1 terminate flush(es), 0 completion(s), 0 continuation(s) 
[2026-04-03T02:27:15.809+0600][102.454s][info][gc,marking  ] GC(188) y: Mark Stack Usage: 32M
[2026-04-03T02:27:15.809+0600][102.454s][info][gc,nmethod  ] GC(188) y: NMethods: 13758 registered, 4585 unregistered
[2026-04-03T02:27:15.809+0600][102.454s][info][gc,metaspace] GC(188) y: Metaspace: 128M used, 130M committed, 1152M reserved
[2026-04-03T02:27:15.809+0600][102.454s][info][gc,reloc    ] GC(188) y:                        Candidates     Selected     In-Place         Size        Empty    Relocated 
[2026-04-03T02:27:15.809+0600][102.454s][info][gc,reloc    ] GC(188) y: Small Pages:                  208          172            0         416M          64M           4M 
[2026-04-03T02:27:15.809+0600][102.454s][info][gc,reloc    ] GC(188) y: Medium Pages:                   3            0            0          96M          64M           0M 
[2026-04-03T02:27:15.809+0600][102.454s][info][gc,reloc    ] GC(188) y: Large Pages:                   10            0            0          60M          60M           0M 
[2026-04-03T02:27:15.809+0600][102.454s][info][gc,reloc    ] GC(188) y: Forwarding Usage: 0M
[2026-04-03T02:27:15.809+0600][102.454s][info][gc,reloc    ] GC(188) y: Age Table:
[2026-04-03T02:27:15.809+0600][102.454s][info][gc,reloc    ] GC(188) y:                    Live             Garbage             Small              Medium             Large        
[2026-04-03T02:27:15.809+0600][102.454s][info][gc,reloc    ] GC(188) y: Eden               4M (0%)          555M (44%)        202 / 167            3 / 0             10 / 0        
[2026-04-03T02:27:15.809+0600][102.454s][info][gc,reloc    ] GC(188) y: Survivor 1         0M (0%)            5M (0%)           3 / 3              0 / 0              0 / 0        
[2026-04-03T02:27:15.809+0600][102.454s][info][gc,reloc    ] GC(188) y: Survivor 2         0M (0%)            3M (0%)           2 / 2              0 / 0              0 / 0        
[2026-04-03T02:27:15.809+0600][102.454s][info][gc,reloc    ] GC(188) y: Survivor 3         1M (0%)            0M (0%)           1 / 0              0 / 0              0 / 0        
[2026-04-03T02:27:15.809+0600][102.454s][info][gc,heap     ] GC(188) y: Min Capacity: 8M(1%)
[2026-04-03T02:27:15.809+0600][102.454s][info][gc,heap     ] GC(188) y: Max Capacity: 1250M(100%)
[2026-04-03T02:27:15.809+0600][102.454s][info][gc,heap     ] GC(188) y: Soft Max Capacity: 1250M(100%)
[2026-04-03T02:27:15.809+0600][102.454s][info][gc,heap     ] GC(188) y: Heap Statistics:
[2026-04-03T02:27:15.809+0600][102.454s][info][gc,heap     ] GC(188) y:                Mark Start          Mark End        Relocate Start      Relocate End           High               Low         
[2026-04-03T02:27:15.809+0600][102.454s][info][gc,heap     ] GC(188) y:  Capacity:     1250M (100%)       1250M (100%)       1250M (100%)       1250M (100%)       1250M (100%)       1250M (100%)   
[2026-04-03T02:27:15.809+0600][102.454s][info][gc,heap     ] GC(188) y:      Free:      488M (39%)         414M (33%)         598M (48%)         918M (73%)         918M (73%)         410M (33%)    
[2026-04-03T02:27:15.809+0600][102.454s][info][gc,heap     ] GC(188) y:      Used:      762M (61%)         836M (67%)         652M (52%)         332M (27%)         840M (67%)         332M (27%)    
[2026-04-03T02:27:15.810+0600][102.454s][info][gc,heap     ] GC(188) y: Young Generation Statistics:
[2026-04-03T02:27:15.810+0600][102.454s][info][gc,heap     ] GC(188) y:                Mark Start          Mark End        Relocate Start      Relocate End    
[2026-04-03T02:27:15.810+0600][102.454s][info][gc,heap     ] GC(188) y:      Used:      572M (46%)         646M (52%)         462M (37%)         142M (11%)    
[2026-04-03T02:27:15.810+0600][102.454s][info][gc,heap     ] GC(188) y:      Live:         -                 7M (1%)            7M (1%)            7M (1%)     
[2026-04-03T02:27:15.810+0600][102.454s][info][gc,heap     ] GC(188) y:   Garbage:         -               564M (45%)         376M (30%)          31M (3%)     
[2026-04-03T02:27:15.810+0600][102.454s][info][gc,heap     ] GC(188) y: Allocated:         -                74M (6%)           78M (6%)          102M (8%)     
[2026-04-03T02:27:15.810+0600][102.454s][info][gc,heap     ] GC(188) y: Reclaimed:         -                  -               188M (15%)         532M (43%)    
[2026-04-03T02:27:15.810+0600][102.454s][info][gc,heap     ] GC(188) y:  Promoted:         -                  -                 0M (0%)            0M (0%)     
[2026-04-03T02:27:15.810+0600][102.454s][info][gc,heap     ] GC(188) y: Compacted:         -                  -                  -                 5M (0%)     
[2026-04-03T02:27:15.810+0600][102.454s][info][gc,phases   ] GC(188) y: Young Generation 762M(61%)->332M(27%) 0.030s
[2026-04-03T02:27:15.810+0600][102.454s][info][gc          ] GC(188) Minor Collection (Allocation Rate) 762M(61%)->332M(27%) 0.031s
[2026-04-03T02:27:15.996+0600][102.640s][info][gc          ] GC(189) Minor Collection (Allocation Rate)
[2026-04-03T02:27:15.996+0600][102.641s][info][gc,task     ] GC(189) Using 1 Workers for Young Generation
[2026-04-03T02:27:15.996+0600][102.641s][info][gc,phases   ] GC(189) y: Young Generation
[2026-04-03T02:27:15.996+0600][102.641s][info][gc,phases   ] GC(189) y: Pause Mark Start 0.026ms
[2026-04-03T02:27:16.039+0600][102.684s][info][gc,phases   ] GC(189) y: Concurrent Mark 42.650ms
[2026-04-03T02:27:16.039+0600][102.684s][info][gc,phases   ] GC(189) y: Pause Mark End 0.029ms
[2026-04-03T02:27:16.039+0600][102.684s][info][gc,phases   ] GC(189) y: Concurrent Mark Free 0.003ms
[2026-04-03T02:27:16.039+0600][102.684s][info][gc,phases   ] GC(189) y: Concurrent Reset Relocation Set 0.017ms
[2026-04-03T02:27:16.045+0600][102.690s][info][gc,reloc    ] GC(189) y: Using tenuring threshold: 5 (Computed)
[2026-04-03T02:27:16.046+0600][102.690s][info][gc,phases   ] GC(189) y: Concurrent Select Relocation Set 6.194ms
[2026-04-03T02:27:16.046+0600][102.691s][info][gc,phases   ] GC(189) y: Pause Relocate Start 0.025ms
[2026-04-03T02:27:16.055+0600][102.699s][info][gc,phases   ] GC(189) y: Concurrent Relocate 8.607ms
[2026-04-03T02:27:16.055+0600][102.699s][info][gc,alloc    ] GC(189) y:                         Mark Start        Mark End      Relocate Start    Relocate End   
[2026-04-03T02:27:16.055+0600][102.699s][info][gc,alloc    ] GC(189) y: Allocation Stalls:          0                0                0                0         
[2026-04-03T02:27:16.055+0600][102.699s][info][gc,load     ] GC(189) y: Load: 5.71 (48%) / 5.95 (50%) / 5.88 (49%)
[2026-04-03T02:27:16.055+0600][102.700s][info][gc,mmu      ] GC(189) y: MMU: 2ms/95.1%, 5ms/97.6%, 10ms/98.7%, 20ms/99.4%, 50ms/99.6%, 100ms/99.8%
[2026-04-03T02:27:16.055+0600][102.700s][info][gc,marking  ] GC(189) y: Mark: 1 stripe(s), 2 proactive flush(es), 1 terminate flush(es), 0 completion(s), 0 continuation(s) 
[2026-04-03T02:27:16.055+0600][102.700s][info][gc,marking  ] GC(189) y: Mark Stack Usage: 32M
[2026-04-03T02:27:16.055+0600][102.700s][info][gc,nmethod  ] GC(189) y: NMethods: 13758 registered, 4585 unregistered
[2026-04-03T02:27:16.055+0600][102.700s][info][gc,metaspace] GC(189) y: Metaspace: 128M used, 130M committed, 1152M reserved
[2026-04-03T02:27:16.055+0600][102.700s][info][gc,reloc    ] GC(189) y:                        Candidates     Selected     In-Place         Size        Empty    Relocated 
[2026-04-03T02:27:16.055+0600][102.700s][info][gc,reloc    ] GC(189) y: Small Pages:                   81           55            0         162M          44M           5M 
[2026-04-03T02:27:16.055+0600][102.700s][info][gc,reloc    ] GC(189) y: Medium Pages:                   2            0            0          64M          64M           0M 
[2026-04-03T02:27:16.055+0600][102.700s][info][gc,reloc    ] GC(189) y: Large Pages:                    4            0            0          24M          24M           0M 
[2026-04-03T02:27:16.055+0600][102.700s][info][gc,reloc    ] GC(189) y: Forwarding Usage: 1M
[2026-04-03T02:27:16.055+0600][102.700s][info][gc,reloc    ] GC(189) y: Age Table:
[2026-04-03T02:27:16.055+0600][102.700s][info][gc,reloc    ] GC(189) y:                    Live             Garbage             Small              Medium             Large        
[2026-04-03T02:27:16.055+0600][102.700s][info][gc,reloc    ] GC(189) y: Eden               2M (0%)          189M (15%)         68 / 45             1 / 0              4 / 0        
[2026-04-03T02:27:16.055+0600][102.700s][info][gc,reloc    ] GC(189) y: Survivor 1         1M (0%)           36M (3%)           3 / 1              1 / 0              0 / 0        
[2026-04-03T02:27:16.055+0600][102.700s][info][gc,reloc    ] GC(189) y: Survivor 2         0M (0%)            3M (0%)           2 / 1              0 / 0              0 / 0        
[2026-04-03T02:27:16.055+0600][102.700s][info][gc,reloc    ] GC(189) y: Survivor 3         0M (0%)           13M (1%)           7 / 7              0 / 0              0 / 0        
[2026-04-03T02:27:16.055+0600][102.700s][info][gc,reloc    ] GC(189) y: Survivor 4         1M (0%)            0M (0%)           1 / 1              0 / 0              0 / 0        
[2026-04-03T02:27:16.055+0600][102.700s][info][gc,heap     ] GC(189) y: Min Capacity: 8M(1%)
[2026-04-03T02:27:16.055+0600][102.700s][info][gc,heap     ] GC(189) y: Max Capacity: 1250M(100%)
[2026-04-03T02:27:16.055+0600][102.700s][info][gc,heap     ] GC(189) y: Soft Max Capacity: 1250M(100%)
[2026-04-03T02:27:16.055+0600][102.700s][info][gc,heap     ] GC(189) y: Heap Statistics:
[2026-04-03T02:27:16.055+0600][102.700s][info][gc,heap     ] GC(189) y:                Mark Start          Mark End        Relocate Start      Relocate End           High               Low         
[2026-04-03T02:27:16.055+0600][102.700s][info][gc,heap     ] GC(189) y:  Capacity:     1250M (100%)       1250M (100%)       1250M (100%)       1250M (100%)       1250M (100%)       1250M (100%)   
[2026-04-03T02:27:16.055+0600][102.700s][info][gc,heap     ] GC(189) y:      Free:      810M (65%)         754M (60%)         886M (71%)         956M (76%)         964M (77%)         754M (60%)    
[2026-04-03T02:27:16.055+0600][102.700s][info][gc,heap     ] GC(189) y:      Used:      440M (35%)         496M (40%)         364M (29%)         294M (24%)         496M (40%)         286M (23%)    
[2026-04-03T02:27:16.055+0600][102.700s][info][gc,heap     ] GC(189) y: Young Generation Statistics:
[2026-04-03T02:27:16.055+0600][102.700s][info][gc,heap     ] GC(189) y:                Mark Start          Mark End        Relocate Start      Relocate End    
[2026-04-03T02:27:16.055+0600][102.700s][info][gc,heap     ] GC(189) y:      Used:      250M (20%)         306M (24%)         174M (14%)         104M (8%)     
[2026-04-03T02:27:16.055+0600][102.700s][info][gc,heap     ] GC(189) y:      Live:         -                 6M (1%)            6M (1%)            6M (1%)     
[2026-04-03T02:27:16.055+0600][102.700s][info][gc,heap     ] GC(189) y:   Garbage:         -               243M (19%)         111M (9%)            0M (0%)     
[2026-04-03T02:27:16.055+0600][102.700s][info][gc,heap     ] GC(189) y: Allocated:         -                56M (4%)           56M (4%)           97M (8%)     
[2026-04-03T02:27:16.055+0600][102.700s][info][gc,heap     ] GC(189) y: Reclaimed:         -                  -               132M (11%)         243M (19%)    
[2026-04-03T02:27:16.055+0600][102.700s][info][gc,heap     ] GC(189) y:  Promoted:         -                  -                 0M (0%)            0M (0%)     
[2026-04-03T02:27:16.055+0600][102.700s][info][gc,heap     ] GC(189) y: Compacted:         -                  -                  -                 6M (1%)     
[2026-04-03T02:27:16.055+0600][102.700s][info][gc,phases   ] GC(189) y: Young Generation 440M(35%)->294M(24%) 0.059s
[2026-04-03T02:27:16.055+0600][102.700s][info][gc          ] GC(189) Minor Collection (Allocation Rate) 440M(35%)->294M(24%) 0.059s
[2026-04-03T02:27:16.135+0600][102.779s][info][gc          ] GC(190) Minor Collection (Allocation Rate)
[2026-04-03T02:27:16.135+0600][102.779s][info][gc,task     ] GC(190) Using 1 Workers for Young Generation
[2026-04-03T02:27:16.135+0600][102.779s][info][gc,phases   ] GC(190) y: Young Generation
[2026-04-03T02:27:16.135+0600][102.780s][info][gc,phases   ] GC(190) y: Pause Mark Start 0.024ms
[2026-04-03T02:27:16.185+0600][102.830s][info][gc,phases   ] GC(190) y: Concurrent Mark 50.107ms
[2026-04-03T02:27:16.185+0600][102.830s][info][gc,phases   ] GC(190) y: Pause Mark End 0.029ms
[2026-04-03T02:27:16.185+0600][102.830s][info][gc,phases   ] GC(190) y: Concurrent Mark Free 0.001ms
[2026-04-03T02:27:16.186+0600][102.830s][info][gc,phases   ] GC(190) y: Concurrent Reset Relocation Set 0.005ms
[2026-04-03T02:27:16.187+0600][102.832s][info][gc,reloc    ] GC(190) y: Using tenuring threshold: 3 (Computed)
[2026-04-03T02:27:16.188+0600][102.833s][info][gc,phases   ] GC(190) y: Concurrent Select Relocation Set 2.955ms
[2026-04-03T02:27:16.189+0600][102.833s][info][gc,phases   ] GC(190) y: Pause Relocate Start 0.032ms
[2026-04-03T02:27:16.195+0600][102.840s][info][gc,phases   ] GC(190) y: Concurrent Relocate 6.078ms
[2026-04-03T02:27:16.195+0600][102.840s][info][gc,alloc    ] GC(190) y:                         Mark Start        Mark End      Relocate Start    Relocate End   
[2026-04-03T02:27:16.195+0600][102.840s][info][gc,alloc    ] GC(190) y: Allocation Stalls:          0                0                0                0         
[2026-04-03T02:27:16.195+0600][102.840s][info][gc,load     ] GC(190) y: Load: 5.71 (48%) / 5.95 (50%) / 5.88 (49%)
[2026-04-03T02:27:16.195+0600][102.840s][info][gc,mmu      ] GC(190) y: MMU: 2ms/95.1%, 5ms/97.6%, 10ms/98.7%, 20ms/99.4%, 50ms/99.6%, 100ms/99.8%
[2026-04-03T02:27:16.195+0600][102.840s][info][gc,marking  ] GC(190) y: Mark: 1 stripe(s), 2 proactive flush(es), 1 terminate flush(es), 0 completion(s), 0 continuation(s) 
[2026-04-03T02:27:16.195+0600][102.840s][info][gc,marking  ] GC(190) y: Mark Stack Usage: 32M
[2026-04-03T02:27:16.195+0600][102.840s][info][gc,nmethod  ] GC(190) y: NMethods: 13759 registered, 4585 unregistered
[2026-04-03T02:27:16.195+0600][102.840s][info][gc,metaspace] GC(190) y: Metaspace: 128M used, 130M committed, 1152M reserved
[2026-04-03T02:27:16.195+0600][102.840s][info][gc,reloc    ] GC(190) y:                        Candidates     Selected     In-Place         Size        Empty    Relocated 
[2026-04-03T02:27:16.195+0600][102.840s][info][gc,reloc    ] GC(190) y: Small Pages:                   64           47            0         128M          26M           4M 
[2026-04-03T02:27:16.195+0600][102.840s][info][gc,reloc    ] GC(190) y: Medium Pages:                   1            0            0          32M          32M           0M 
[2026-04-03T02:27:16.195+0600][102.840s][info][gc,reloc    ] GC(190) y: Large Pages:                    2            0            0          12M          12M           0M 
[2026-04-03T02:27:16.195+0600][102.840s][info][gc,reloc    ] GC(190) y: Forwarding Usage: 0M
[2026-04-03T02:27:16.195+0600][102.840s][info][gc,reloc    ] GC(190) y: Age Table:
[2026-04-03T02:27:16.195+0600][102.840s][info][gc,reloc    ] GC(190) y:                    Live             Garbage             Small              Medium             Large        
[2026-04-03T02:27:16.195+0600][102.840s][info][gc,reloc    ] GC(190) y: Eden               2M (0%)          129M (10%)         44 / 32             1 / 0              2 / 0        
[2026-04-03T02:27:16.195+0600][102.840s][info][gc,reloc    ] GC(190) y: Survivor 1         0M (0%)           11M (1%)           6 / 3              0 / 0              0 / 0        
[2026-04-03T02:27:16.195+0600][102.840s][info][gc,reloc    ] GC(190) y: Survivor 2         1M (0%)            6M (0%)           4 / 3              0 / 0              0 / 0        
[2026-04-03T02:27:16.195+0600][102.840s][info][gc,reloc    ] GC(190) y: Survivor 3         0M (0%)            3M (0%)           2 / 1              0 / 0              0 / 0        
[2026-04-03T02:27:16.195+0600][102.840s][info][gc,reloc    ] GC(190) y: Survivor 4         0M (0%)            9M (1%)           5 / 5              0 / 0              0 / 0        
[2026-04-03T02:27:16.195+0600][102.840s][info][gc,reloc    ] GC(190) y: Survivor 5         1M (0%)            4M (0%)           3 / 3              0 / 0              0 / 0        
[2026-04-03T02:27:16.195+0600][102.840s][info][gc,heap     ] GC(190) y: Min Capacity: 8M(1%)
[2026-04-03T02:27:16.195+0600][102.840s][info][gc,heap     ] GC(190) y: Max Capacity: 1250M(100%)
[2026-04-03T02:27:16.195+0600][102.840s][info][gc,heap     ] GC(190) y: Soft Max Capacity: 1250M(100%)
[2026-04-03T02:27:16.195+0600][102.840s][info][gc,heap     ] GC(190) y: Heap Statistics:
[2026-04-03T02:27:16.195+0600][102.840s][info][gc,heap     ] GC(190) y:                Mark Start          Mark End        Relocate Start      Relocate End           High               Low         
[2026-04-03T02:27:16.195+0600][102.840s][info][gc,heap     ] GC(190) y:  Capacity:     1250M (100%)       1250M (100%)       1250M (100%)       1250M (100%)       1250M (100%)       1250M (100%)   
[2026-04-03T02:27:16.195+0600][102.840s][info][gc,heap     ] GC(190) y:      Free:      888M (71%)         830M (66%)         900M (72%)         974M (78%)         974M (78%)         830M (66%)    
[2026-04-03T02:27:16.195+0600][102.840s][info][gc,heap     ] GC(190) y:      Used:      362M (29%)         420M (34%)         350M (28%)         276M (22%)         420M (34%)         276M (22%)    
[2026-04-03T02:27:16.195+0600][102.840s][info][gc,heap     ] GC(190) y: Young Generation Statistics:
[2026-04-03T02:27:16.195+0600][102.840s][info][gc,heap     ] GC(190) y:                Mark Start          Mark End        Relocate Start      Relocate End    
[2026-04-03T02:27:16.195+0600][102.840s][info][gc,heap     ] GC(190) y:      Used:      172M (14%)         230M (18%)         160M (13%)          82M (7%)     
[2026-04-03T02:27:16.195+0600][102.840s][info][gc,heap     ] GC(190) y:      Live:         -                 6M (1%)            6M (1%)            4M (0%)     
[2026-04-03T02:27:16.195+0600][102.840s][info][gc,heap     ] GC(190) y:   Garbage:         -               165M (13%)          95M (8%)            0M (0%)     
[2026-04-03T02:27:16.195+0600][102.840s][info][gc,heap     ] GC(190) y: Allocated:         -                58M (5%)           58M (5%)           77M (6%)     
[2026-04-03T02:27:16.195+0600][102.840s][info][gc,heap     ] GC(190) y: Reclaimed:         -                  -                70M (6%)          164M (13%)    
[2026-04-03T02:27:16.195+0600][102.840s][info][gc,heap     ] GC(190) y:  Promoted:         -                  -                 0M (0%)            2M (0%)     
[2026-04-03T02:27:16.195+0600][102.840s][info][gc,heap     ] GC(190) y: Compacted:         -                  -                  -                 2M (0%)     
[2026-04-03T02:27:16.195+0600][102.840s][info][gc,phases   ] GC(190) y: Young Generation 362M(29%)->276M(22%) 0.060s
[2026-04-03T02:27:16.195+0600][102.840s][info][gc          ] GC(190) Minor Collection (Allocation Rate) 362M(29%)->276M(22%) 0.061s
[2026-04-03T02:27:16.513+0600][103.158s][info][gc          ] GC(191) Minor Collection (Allocation Rate)
[2026-04-03T02:27:16.513+0600][103.158s][info][gc,task     ] GC(191) Using 1 Workers for Young Generation
[2026-04-03T02:27:16.513+0600][103.158s][info][gc,phases   ] GC(191) y: Young Generation
[2026-04-03T02:27:16.513+0600][103.158s][info][gc,phases   ] GC(191) y: Pause Mark Start 0.020ms
[2026-04-03T02:27:16.570+0600][103.214s][info][gc,phases   ] GC(191) y: Concurrent Mark 56.354ms
[2026-04-03T02:27:16.570+0600][103.215s][info][gc,phases   ] GC(191) y: Pause Mark End 0.029ms
[2026-04-03T02:27:16.570+0600][103.215s][info][gc,phases   ] GC(191) y: Concurrent Mark Free 0.002ms
[2026-04-03T02:27:16.570+0600][103.215s][info][gc,phases   ] GC(191) y: Concurrent Reset Relocation Set 0.007ms
[2026-04-03T02:27:16.576+0600][103.221s][info][gc,reloc    ] GC(191) y: Using tenuring threshold: 1 (Computed)
[2026-04-03T02:27:16.578+0600][103.223s][info][gc,phases   ] GC(191) y: Concurrent Select Relocation Set 7.822ms
[2026-04-03T02:27:16.579+0600][103.223s][info][gc,phases   ] GC(191) y: Pause Relocate Start 0.020ms
[2026-04-03T02:27:16.588+0600][103.232s][info][gc,phases   ] GC(191) y: Concurrent Relocate 8.736ms
[2026-04-03T02:27:16.588+0600][103.232s][info][gc,alloc    ] GC(191) y:                         Mark Start        Mark End      Relocate Start    Relocate End   
[2026-04-03T02:27:16.588+0600][103.232s][info][gc,alloc    ] GC(191) y: Allocation Stalls:          0                0                0                0         
[2026-04-03T02:27:16.588+0600][103.232s][info][gc,load     ] GC(191) y: Load: 5.71 (48%) / 5.95 (50%) / 5.88 (49%)
[2026-04-03T02:27:16.588+0600][103.232s][info][gc,mmu      ] GC(191) y: MMU: 2ms/95.1%, 5ms/97.6%, 10ms/98.7%, 20ms/99.4%, 50ms/99.6%, 100ms/99.8%
[2026-04-03T02:27:16.588+0600][103.232s][info][gc,marking  ] GC(191) y: Mark: 1 stripe(s), 2 proactive flush(es), 1 terminate flush(es), 0 completion(s), 0 continuation(s) 
[2026-04-03T02:27:16.588+0600][103.232s][info][gc,marking  ] GC(191) y: Mark Stack Usage: 32M
[2026-04-03T02:27:16.588+0600][103.232s][info][gc,nmethod  ] GC(191) y: NMethods: 13764 registered, 4585 unregistered
[2026-04-03T02:27:16.588+0600][103.232s][info][gc,metaspace] GC(191) y: Metaspace: 128M used, 130M committed, 1152M reserved
[2026-04-03T02:27:16.588+0600][103.232s][info][gc,reloc    ] GC(191) y:                        Candidates     Selected     In-Place         Size        Empty    Relocated 
[2026-04-03T02:27:16.588+0600][103.232s][info][gc,reloc    ] GC(191) y: Small Pages:                  122           69            0         244M          98M           3M 
[2026-04-03T02:27:16.588+0600][103.232s][info][gc,reloc    ] GC(191) y: Medium Pages:                   2            0            0          64M          64M           0M 
[2026-04-03T02:27:16.588+0600][103.232s][info][gc,reloc    ] GC(191) y: Large Pages:                    6            0            0          36M          36M           0M 
[2026-04-03T02:27:16.588+0600][103.233s][info][gc,reloc    ] GC(191) y: Forwarding Usage: 1M
[2026-04-03T02:27:16.588+0600][103.233s][info][gc,reloc    ] GC(191) y: Age Table:
[2026-04-03T02:27:16.588+0600][103.233s][info][gc,reloc    ] GC(191) y:                    Live             Garbage             Small              Medium             Large        
[2026-04-03T02:27:16.588+0600][103.233s][info][gc,reloc    ] GC(191) y: Eden               3M (0%)          318M (25%)        111 / 60             2 / 0              6 / 0        
[2026-04-03T02:27:16.588+0600][103.233s][info][gc,reloc    ] GC(191) y: Survivor 1         0M (0%)            7M (1%)           4 / 3              0 / 0              0 / 0        
[2026-04-03T02:27:16.588+0600][103.233s][info][gc,reloc    ] GC(191) y: Survivor 2         0M (0%)            5M (0%)           3 / 3              0 / 0              0 / 0        
[2026-04-03T02:27:16.588+0600][103.233s][info][gc,reloc    ] GC(191) y: Survivor 3         1M (0%)            6M (0%)           4 / 3              0 / 0              0 / 0        
[2026-04-03T02:27:16.588+0600][103.233s][info][gc,heap     ] GC(191) y: Min Capacity: 8M(1%)
[2026-04-03T02:27:16.588+0600][103.233s][info][gc,heap     ] GC(191) y: Max Capacity: 1250M(100%)
[2026-04-03T02:27:16.588+0600][103.233s][info][gc,heap     ] GC(191) y: Soft Max Capacity: 1250M(100%)
[2026-04-03T02:27:16.588+0600][103.233s][info][gc,heap     ] GC(191) y: Heap Statistics:
[2026-04-03T02:27:16.588+0600][103.233s][info][gc,heap     ] GC(191) y:                Mark Start          Mark End        Relocate Start      Relocate End           High               Low         
[2026-04-03T02:27:16.588+0600][103.233s][info][gc,heap     ] GC(191) y:  Capacity:     1250M (100%)       1250M (100%)       1250M (100%)       1250M (100%)       1250M (100%)       1250M (100%)   
[2026-04-03T02:27:16.588+0600][103.233s][info][gc,heap     ] GC(191) y:      Free:      712M (57%)         648M (52%)         840M (67%)         968M (77%)         968M (77%)         646M (52%)    
[2026-04-03T02:27:16.588+0600][103.233s][info][gc,heap     ] GC(191) y:      Used:      538M (43%)         602M (48%)         410M (33%)         282M (23%)         604M (48%)         282M (23%)    
[2026-04-03T02:27:16.588+0600][103.233s][info][gc,heap     ] GC(191) y: Young Generation Statistics:
[2026-04-03T02:27:16.588+0600][103.233s][info][gc,heap     ] GC(191) y:                Mark Start          Mark End        Relocate Start      Relocate End    
[2026-04-03T02:27:16.588+0600][103.233s][info][gc,heap     ] GC(191) y:      Used:      344M (28%)         408M (33%)         214M (17%)          84M (7%)     
[2026-04-03T02:27:16.588+0600][103.233s][info][gc,heap     ] GC(191) y:      Live:         -                 6M (0%)            4M (0%)            3M (0%)     
[2026-04-03T02:27:16.588+0600][103.233s][info][gc,heap     ] GC(191) y:   Garbage:         -               337M (27%)         139M (11%)           0M (0%)     
[2026-04-03T02:27:16.588+0600][103.233s][info][gc,heap     ] GC(191) y: Allocated:         -                64M (5%)           70M (6%)           80M (6%)     
[2026-04-03T02:27:16.588+0600][103.233s][info][gc,heap     ] GC(191) y: Reclaimed:         -                  -               198M (16%)         337M (27%)    
[2026-04-03T02:27:16.588+0600][103.233s][info][gc,heap     ] GC(191) y:  Promoted:         -                  -                 1M (0%)            2M (0%)     
[2026-04-03T02:27:16.588+0600][103.233s][info][gc,heap     ] GC(191) y: Compacted:         -                  -                  -                 3M (0%)     
[2026-04-03T02:27:16.588+0600][103.233s][info][gc,phases   ] GC(191) y: Young Generation 538M(43%)->282M(23%) 0.075s
[2026-04-03T02:27:16.588+0600][103.233s][info][gc          ] GC(191) Minor Collection (Allocation Rate) 538M(43%)->282M(23%) 0.075s
[2026-04-03T02:27:17.165+0600][103.809s][info][gc          ] GC(192) Minor Collection (Allocation Rate)
[2026-04-03T02:27:17.165+0600][103.810s][info][gc,task     ] GC(192) Using 1 Workers for Young Generation
[2026-04-03T02:27:17.165+0600][103.810s][info][gc,phases   ] GC(192) y: Young Generation
[2026-04-03T02:27:17.165+0600][103.810s][info][gc,phases   ] GC(192) y: Pause Mark Start 0.027ms
[2026-04-03T02:27:17.216+0600][103.861s][info][gc,phases   ] GC(192) y: Concurrent Mark 51.211ms
[2026-04-03T02:27:17.217+0600][103.861s][info][gc,phases   ] GC(192) y: Pause Mark End 0.018ms
[2026-04-03T02:27:17.217+0600][103.861s][info][gc,phases   ] GC(192) y: Concurrent Mark Free 0.001ms
[2026-04-03T02:27:17.217+0600][103.862s][info][gc,phases   ] GC(192) y: Concurrent Reset Relocation Set 0.011ms
[2026-04-03T02:27:17.218+0600][103.863s][info][gc,reloc    ] GC(192) y: Using tenuring threshold: 2 (Computed)
[2026-04-03T02:27:17.219+0600][103.864s][info][gc,phases   ] GC(192) y: Concurrent Select Relocation Set 2.453ms
[2026-04-03T02:27:17.219+0600][103.864s][info][gc,phases   ] GC(192) y: Pause Relocate Start 0.013ms
[2026-04-03T02:27:17.229+0600][103.874s][info][gc,phases   ] GC(192) y: Concurrent Relocate 9.780ms
[2026-04-03T02:27:17.229+0600][103.874s][info][gc,alloc    ] GC(192) y:                         Mark Start        Mark End      Relocate Start    Relocate End   
[2026-04-03T02:27:17.229+0600][103.874s][info][gc,alloc    ] GC(192) y: Allocation Stalls:          0                0                0                0         
[2026-04-03T02:27:17.229+0600][103.874s][info][gc,load     ] GC(192) y: Load: 5.71 (48%) / 5.95 (50%) / 5.88 (49%)
[2026-04-03T02:27:17.229+0600][103.874s][info][gc,mmu      ] GC(192) y: MMU: 2ms/95.1%, 5ms/97.6%, 10ms/98.7%, 20ms/99.4%, 50ms/99.6%, 100ms/99.8%
[2026-04-03T02:27:17.229+0600][103.874s][info][gc,marking  ] GC(192) y: Mark: 1 stripe(s), 2 proactive flush(es), 1 terminate flush(es), 0 completion(s), 0 continuation(s) 
[2026-04-03T02:27:17.229+0600][103.874s][info][gc,marking  ] GC(192) y: Mark Stack Usage: 32M
[2026-04-03T02:27:17.229+0600][103.874s][info][gc,nmethod  ] GC(192) y: NMethods: 13778 registered, 4585 unregistered
[2026-04-03T02:27:17.229+0600][103.874s][info][gc,metaspace] GC(192) y: Metaspace: 128M used, 130M committed, 1152M reserved
[2026-04-03T02:27:17.229+0600][103.874s][info][gc,reloc    ] GC(192) y:                        Candidates     Selected     In-Place         Size        Empty    Relocated 
[2026-04-03T02:27:17.229+0600][103.874s][info][gc,reloc    ] GC(192) y: Small Pages:                  310          173            0         620M         264M           6M 
[2026-04-03T02:27:17.229+0600][103.874s][info][gc,reloc    ] GC(192) y: Medium Pages:                   3            0            0          96M          96M           0M 
[2026-04-03T02:27:17.229+0600][103.874s][info][gc,reloc    ] GC(192) y: Large Pages:                   12            0            0          72M          72M           0M 
[2026-04-03T02:27:17.229+0600][103.874s][info][gc,reloc    ] GC(192) y: Forwarding Usage: 2M
[2026-04-03T02:27:17.229+0600][103.874s][info][gc,reloc    ] GC(192) y: Age Table:
[2026-04-03T02:27:17.229+0600][103.874s][info][gc,reloc    ] GC(192) y:                    Live             Garbage             Small              Medium             Large        
[2026-04-03T02:27:17.229+0600][103.874s][info][gc,reloc    ] GC(192) y: Eden               6M (1%)          769M (62%)        304 / 170            3 / 0             12 / 0        
[2026-04-03T02:27:17.229+0600][103.874s][info][gc,reloc    ] GC(192) y: Survivor 1         0M (0%)           11M (1%)           6 / 3              0 / 0              0 / 0        
[2026-04-03T02:27:17.229+0600][103.874s][info][gc,heap     ] GC(192) y: Min Capacity: 8M(1%)
[2026-04-03T02:27:17.229+0600][103.874s][info][gc,heap     ] GC(192) y: Max Capacity: 1250M(100%)
[2026-04-03T02:27:17.229+0600][103.874s][info][gc,heap     ] GC(192) y: Soft Max Capacity: 1250M(100%)
[2026-04-03T02:27:17.229+0600][103.874s][info][gc,heap     ] GC(192) y: Heap Statistics:
[2026-04-03T02:27:17.229+0600][103.874s][info][gc,heap     ] GC(192) y:                Mark Start          Mark End        Relocate Start      Relocate End           High               Low         
[2026-04-03T02:27:17.230+0600][103.874s][info][gc,heap     ] GC(192) y:  Capacity:     1250M (100%)       1250M (100%)       1250M (100%)       1250M (100%)       1250M (100%)       1250M (100%)   
[2026-04-03T02:27:17.230+0600][103.874s][info][gc,heap     ] GC(192) y:      Free:      264M (21%)         160M (13%)         592M (47%)         926M (74%)         926M (74%)         160M (13%)    
[2026-04-03T02:27:17.230+0600][103.874s][info][gc,heap     ] GC(192) y:      Used:      986M (79%)        1090M (87%)         658M (53%)         324M (26%)        1090M (87%)         324M (26%)    
[2026-04-03T02:27:17.230+0600][103.874s][info][gc,heap     ] GC(192) y: Young Generation Statistics:
[2026-04-03T02:27:17.230+0600][103.874s][info][gc,heap     ] GC(192) y:                Mark Start          Mark End        Relocate Start      Relocate End    
[2026-04-03T02:27:17.230+0600][103.874s][info][gc,heap     ] GC(192) y:      Used:      788M (63%)         892M (71%)         460M (37%)         126M (10%)    
[2026-04-03T02:27:17.230+0600][103.874s][info][gc,heap     ] GC(192) y:      Live:         -                 7M (1%)            7M (1%)            7M (1%)     
[2026-04-03T02:27:17.230+0600][103.874s][info][gc,heap     ] GC(192) y:   Garbage:         -               780M (62%)         348M (28%)           1M (0%)     
[2026-04-03T02:27:17.230+0600][103.874s][info][gc,heap     ] GC(192) y: Allocated:         -               104M (8%)          104M (8%)          117M (9%)     
[2026-04-03T02:27:17.230+0600][103.874s][info][gc,heap     ] GC(192) y: Reclaimed:         -                  -               432M (35%)         779M (62%)    
[2026-04-03T02:27:17.230+0600][103.874s][info][gc,heap     ] GC(192) y:  Promoted:         -                  -                 0M (0%)            0M (0%)     
[2026-04-03T02:27:17.230+0600][103.874s][info][gc,heap     ] GC(192) y: Compacted:         -                  -                  -                 6M (1%)     
[2026-04-03T02:27:17.230+0600][103.874s][info][gc,phases   ] GC(192) y: Young Generation 986M(79%)->324M(26%) 0.065s
[2026-04-03T02:27:17.230+0600][103.874s][info][gc          ] GC(192) Minor Collection (Allocation Rate) 986M(79%)->324M(26%) 0.065s
[2026-04-03T02:27:17.340+0600][103.985s][info][gc          ] GC(193) Minor Collection (Allocation Rate)
[2026-04-03T02:27:17.340+0600][103.985s][info][gc,task     ] GC(193) Using 1 Workers for Young Generation
[2026-04-03T02:27:17.340+0600][103.985s][info][gc,phases   ] GC(193) y: Young Generation
[2026-04-03T02:27:17.340+0600][103.985s][info][gc,phases   ] GC(193) y: Pause Mark Start 0.017ms
[2026-04-03T02:27:17.375+0600][104.020s][info][gc,phases   ] GC(193) y: Concurrent Mark 34.862ms
[2026-04-03T02:27:17.375+0600][104.020s][info][gc,phases   ] GC(193) y: Pause Mark End 0.023ms
[2026-04-03T02:27:17.375+0600][104.020s][info][gc,phases   ] GC(193) y: Concurrent Mark Free 0.002ms
[2026-04-03T02:27:17.376+0600][104.020s][info][gc,phases   ] GC(193) y: Concurrent Reset Relocation Set 0.016ms
[2026-04-03T02:27:17.377+0600][104.022s][info][gc,reloc    ] GC(193) y: Using tenuring threshold: 3 (Computed)
[2026-04-03T02:27:17.378+0600][104.023s][info][gc,phases   ] GC(193) y: Concurrent Select Relocation Set 2.900ms
[2026-04-03T02:27:17.379+0600][104.023s][info][gc,phases   ] GC(193) y: Pause Relocate Start 0.026ms
[2026-04-03T02:27:17.384+0600][104.028s][info][gc,phases   ] GC(193) y: Concurrent Relocate 4.860ms
[2026-04-03T02:27:17.384+0600][104.029s][info][gc,alloc    ] GC(193) y:                         Mark Start        Mark End      Relocate Start    Relocate End   
[2026-04-03T02:27:17.384+0600][104.029s][info][gc,alloc    ] GC(193) y: Allocation Stalls:          0                0                0                0         
[2026-04-03T02:27:17.384+0600][104.029s][info][gc,load     ] GC(193) y: Load: 5.71 (48%) / 5.95 (50%) / 5.88 (49%)
[2026-04-03T02:27:17.384+0600][104.029s][info][gc,mmu      ] GC(193) y: MMU: 2ms/95.1%, 5ms/97.6%, 10ms/98.7%, 20ms/99.4%, 50ms/99.6%, 100ms/99.8%
[2026-04-03T02:27:17.384+0600][104.029s][info][gc,marking  ] GC(193) y: Mark: 1 stripe(s), 2 proactive flush(es), 1 terminate flush(es), 0 completion(s), 0 continuation(s) 
[2026-04-03T02:27:17.384+0600][104.029s][info][gc,marking  ] GC(193) y: Mark Stack Usage: 32M
[2026-04-03T02:27:17.384+0600][104.029s][info][gc,nmethod  ] GC(193) y: NMethods: 13782 registered, 4585 unregistered
[2026-04-03T02:27:17.384+0600][104.029s][info][gc,metaspace] GC(193) y: Metaspace: 128M used, 130M committed, 1152M reserved
[2026-04-03T02:27:17.384+0600][104.029s][info][gc,reloc    ] GC(193) y:                        Candidates     Selected     In-Place         Size        Empty    Relocated 
[2026-04-03T02:27:17.384+0600][104.029s][info][gc,reloc    ] GC(193) y: Small Pages:                   77           43            0         154M          60M           4M 
[2026-04-03T02:27:17.384+0600][104.029s][info][gc,reloc    ] GC(193) y: Medium Pages:                   1            0            0          32M          32M           0M 
[2026-04-03T02:27:17.384+0600][104.029s][info][gc,reloc    ] GC(193) y: Large Pages:                   67            0            0         402M         390M           0M 
[2026-04-03T02:27:17.384+0600][104.029s][info][gc,reloc    ] GC(193) y: Forwarding Usage: 0M
[2026-04-03T02:27:17.384+0600][104.029s][info][gc,reloc    ] GC(193) y: Age Table:
[2026-04-03T02:27:17.384+0600][104.029s][info][gc,reloc    ] GC(193) y:                    Live             Garbage             Small              Medium             Large        
[2026-04-03T02:27:17.384+0600][104.029s][info][gc,reloc    ] GC(193) y: Eden              15M (1%)          556M (45%)         69 / 37             1 / 0             67 / 0        
[2026-04-03T02:27:17.384+0600][104.029s][info][gc,reloc    ] GC(193) y: Survivor 1         2M (0%)            9M (1%)           6 / 4              0 / 0              0 / 0        
[2026-04-03T02:27:17.384+0600][104.029s][info][gc,reloc    ] GC(193) y: Survivor 2         0M (0%)            3M (0%)           2 / 2              0 / 0              0 / 0        
[2026-04-03T02:27:17.384+0600][104.029s][info][gc,heap     ] GC(193) y: Min Capacity: 8M(1%)
[2026-04-03T02:27:17.384+0600][104.029s][info][gc,heap     ] GC(193) y: Max Capacity: 1250M(100%)
[2026-04-03T02:27:17.384+0600][104.029s][info][gc,heap     ] GC(193) y: Soft Max Capacity: 1250M(100%)
[2026-04-03T02:27:17.384+0600][104.029s][info][gc,heap     ] GC(193) y: Heap Statistics:
[2026-04-03T02:27:17.384+0600][104.029s][info][gc,heap     ] GC(193) y:                Mark Start          Mark End        Relocate Start      Relocate End           High               Low         
[2026-04-03T02:27:17.384+0600][104.029s][info][gc,heap     ] GC(193) y:  Capacity:     1250M (100%)       1250M (100%)       1250M (100%)       1250M (100%)       1250M (100%)       1250M (100%)   
[2026-04-03T02:27:17.384+0600][104.029s][info][gc,heap     ] GC(193) y:      Free:      464M (37%)         378M (30%)         858M (69%)         940M (75%)         940M (75%)         376M (30%)    
[2026-04-03T02:27:17.384+0600][104.029s][info][gc,heap     ] GC(193) y:      Used:      786M (63%)         872M (70%)         392M (31%)         310M (25%)         874M (70%)         310M (25%)    
[2026-04-03T02:27:17.384+0600][104.029s][info][gc,heap     ] GC(193) y: Young Generation Statistics:
[2026-04-03T02:27:17.384+0600][104.029s][info][gc,heap     ] GC(193) y:                Mark Start          Mark End        Relocate Start      Relocate End    
[2026-04-03T02:27:17.384+0600][104.029s][info][gc,heap     ] GC(193) y:      Used:      588M (47%)         674M (54%)         194M (16%)         112M (9%)     
[2026-04-03T02:27:17.384+0600][104.029s][info][gc,heap     ] GC(193) y:      Live:         -                18M (1%)           18M (1%)           18M (1%)     
[2026-04-03T02:27:17.384+0600][104.029s][info][gc,heap     ] GC(193) y:   Garbage:         -               569M (46%)          87M (7%)            0M (0%)     
[2026-04-03T02:27:17.384+0600][104.029s][info][gc,heap     ] GC(193) y: Allocated:         -                86M (7%)           88M (7%)           92M (7%)     
[2026-04-03T02:27:17.384+0600][104.029s][info][gc,heap     ] GC(193) y: Reclaimed:         -                  -               482M (39%)         568M (46%)    
[2026-04-03T02:27:17.384+0600][104.029s][info][gc,heap     ] GC(193) y:  Promoted:         -                  -                 0M (0%)            0M (0%)     
[2026-04-03T02:27:17.384+0600][104.029s][info][gc,heap     ] GC(193) y: Compacted:         -                  -                  -                 5M (0%)     
[2026-04-03T02:27:17.384+0600][104.029s][info][gc,phases   ] GC(193) y: Young Generation 786M(63%)->310M(25%) 0.044s
[2026-04-03T02:27:17.384+0600][104.029s][info][gc          ] GC(193) Minor Collection (Allocation Rate) 786M(63%)->310M(25%) 0.044s
[2026-04-03T02:27:17.415+0600][104.059s][info][gc          ] GC(194) Minor Collection (Allocation Rate)
[2026-04-03T02:27:17.415+0600][104.059s][info][gc,task     ] GC(194) Using 1 Workers for Young Generation
[2026-04-03T02:27:17.415+0600][104.059s][info][gc,phases   ] GC(194) y: Young Generation
[2026-04-03T02:27:17.415+0600][104.060s][info][gc,phases   ] GC(194) y: Pause Mark Start 0.021ms
[2026-04-03T02:27:17.456+0600][104.101s][info][gc,phases   ] GC(194) y: Concurrent Mark 41.003ms
[2026-04-03T02:27:17.456+0600][104.101s][info][gc,phases   ] GC(194) y: Pause Mark End 0.031ms
[2026-04-03T02:27:17.457+0600][104.101s][info][gc,phases   ] GC(194) y: Concurrent Mark Free 0.005ms
[2026-04-03T02:27:17.457+0600][104.101s][info][gc,phases   ] GC(194) y: Concurrent Reset Relocation Set 0.008ms
[2026-04-03T02:27:17.463+0600][104.108s][info][gc,reloc    ] GC(194) y: Using tenuring threshold: 2 (Computed)
[2026-04-03T02:27:17.466+0600][104.111s][info][gc,phases   ] GC(194) y: Concurrent Select Relocation Set 9.307ms
[2026-04-03T02:27:17.466+0600][104.111s][info][gc,phases   ] GC(194) y: Pause Relocate Start 0.019ms
[2026-04-03T02:27:17.474+0600][104.119s][info][gc,phases   ] GC(194) y: Concurrent Relocate 7.775ms
[2026-04-03T02:27:17.474+0600][104.119s][info][gc,alloc    ] GC(194) y:                         Mark Start        Mark End      Relocate Start    Relocate End   
[2026-04-03T02:27:17.474+0600][104.119s][info][gc,alloc    ] GC(194) y: Allocation Stalls:          0                0                0                0         
[2026-04-03T02:27:17.474+0600][104.119s][info][gc,load     ] GC(194) y: Load: 5.71 (48%) / 5.95 (50%) / 5.88 (49%)
[2026-04-03T02:27:17.474+0600][104.119s][info][gc,mmu      ] GC(194) y: MMU: 2ms/95.1%, 5ms/97.6%, 10ms/98.7%, 20ms/99.4%, 50ms/99.6%, 100ms/99.8%
[2026-04-03T02:27:17.474+0600][104.119s][info][gc,marking  ] GC(194) y: Mark: 1 stripe(s), 2 proactive flush(es), 1 terminate flush(es), 0 completion(s), 0 continuation(s) 
[2026-04-03T02:27:17.474+0600][104.119s][info][gc,marking  ] GC(194) y: Mark Stack Usage: 32M
[2026-04-03T02:27:17.474+0600][104.119s][info][gc,nmethod  ] GC(194) y: NMethods: 13783 registered, 4585 unregistered
[2026-04-03T02:27:17.474+0600][104.119s][info][gc,metaspace] GC(194) y: Metaspace: 128M used, 130M committed, 1152M reserved
[2026-04-03T02:27:17.474+0600][104.119s][info][gc,reloc    ] GC(194) y:                        Candidates     Selected     In-Place         Size        Empty    Relocated 
[2026-04-03T02:27:17.474+0600][104.119s][info][gc,reloc    ] GC(194) y: Small Pages:                   38           32            0          76M           2M           4M 
[2026-04-03T02:27:17.474+0600][104.119s][info][gc,reloc    ] GC(194) y: Medium Pages:                   1            0            0          32M          32M           0M 
[2026-04-03T02:27:17.474+0600][104.119s][info][gc,reloc    ] GC(194) y: Large Pages:                   32            0            0         192M         174M           0M 
[2026-04-03T02:27:17.474+0600][104.119s][info][gc,reloc    ] GC(194) y: Forwarding Usage: 0M
[2026-04-03T02:27:17.474+0600][104.119s][info][gc,reloc    ] GC(194) y: Age Table:
[2026-04-03T02:27:17.474+0600][104.119s][info][gc,reloc    ] GC(194) y:                    Live             Garbage             Small              Medium             Large        
[2026-04-03T02:27:17.474+0600][104.119s][info][gc,reloc    ] GC(194) y: Eden              21M (2%)          256M (20%)         33 / 29             1 / 0             30 / 0        
[2026-04-03T02:27:17.474+0600][104.119s][info][gc,reloc    ] GC(194) y: Survivor 1         1M (0%)           14M (1%)           2 / 1              0 / 0              2 / 0        
[2026-04-03T02:27:17.474+0600][104.119s][info][gc,reloc    ] GC(194) y: Survivor 2         2M (0%)            1M (0%)           2 / 1              0 / 0              0 / 0        
[2026-04-03T02:27:17.474+0600][104.119s][info][gc,reloc    ] GC(194) y: Survivor 3         0M (0%)            1M (0%)           1 / 1              0 / 0              0 / 0        
[2026-04-03T02:27:17.474+0600][104.119s][info][gc,heap     ] GC(194) y: Min Capacity: 8M(1%)
[2026-04-03T02:27:17.474+0600][104.119s][info][gc,heap     ] GC(194) y: Max Capacity: 1250M(100%)
[2026-04-03T02:27:17.474+0600][104.119s][info][gc,heap     ] GC(194) y: Soft Max Capacity: 1250M(100%)
[2026-04-03T02:27:17.474+0600][104.119s][info][gc,heap     ] GC(194) y: Heap Statistics:
[2026-04-03T02:27:17.474+0600][104.119s][info][gc,heap     ] GC(194) y:                Mark Start          Mark End        Relocate Start      Relocate End           High               Low         
[2026-04-03T02:27:17.474+0600][104.119s][info][gc,heap     ] GC(194) y:  Capacity:     1250M (100%)       1250M (100%)       1250M (100%)       1250M (100%)       1250M (100%)       1250M (100%)   
[2026-04-03T02:27:17.474+0600][104.119s][info][gc,heap     ] GC(194) y:      Free:      752M (60%)         426M (34%)         626M (50%)         686M (55%)         752M (60%)         420M (34%)    
[2026-04-03T02:27:17.474+0600][104.119s][info][gc,heap     ] GC(194) y:      Used:      498M (40%)         824M (66%)         624M (50%)         564M (45%)         830M (66%)         498M (40%)    
[2026-04-03T02:27:17.474+0600][104.119s][info][gc,heap     ] GC(194) y: Young Generation Statistics:
[2026-04-03T02:27:17.474+0600][104.119s][info][gc,heap     ] GC(194) y:                Mark Start          Mark End        Relocate Start      Relocate End    
[2026-04-03T02:27:17.474+0600][104.119s][info][gc,heap     ] GC(194) y:      Used:      300M (24%)         626M (50%)         424M (34%)         362M (29%)    
[2026-04-03T02:27:17.474+0600][104.119s][info][gc,heap     ] GC(194) y:      Live:         -                26M (2%)           24M (2%)           22M (2%)     
[2026-04-03T02:27:17.474+0600][104.119s][info][gc,heap     ] GC(194) y:   Garbage:         -               273M (22%)          65M (5%)            0M (0%)     
[2026-04-03T02:27:17.474+0600][104.119s][info][gc,heap     ] GC(194) y: Allocated:         -               326M (26%)         334M (27%)         339M (27%)    
[2026-04-03T02:27:17.474+0600][104.119s][info][gc,heap     ] GC(194) y: Reclaimed:         -                  -               208M (17%)         273M (22%)    
[2026-04-03T02:27:17.474+0600][104.119s][info][gc,heap     ] GC(194) y:  Promoted:         -                  -                 1M (0%)            3M (0%)     
[2026-04-03T02:27:17.474+0600][104.119s][info][gc,heap     ] GC(194) y: Compacted:         -                  -                  -                 4M (0%)     
[2026-04-03T02:27:17.474+0600][104.119s][info][gc,phases   ] GC(194) y: Young Generation 498M(40%)->564M(45%) 0.059s
[2026-04-03T02:27:17.474+0600][104.119s][info][gc          ] GC(194) Minor Collection (Allocation Rate) 490M(39%)->564M(45%) 0.060s
[2026-04-03T02:27:17.548+0600][104.193s][info][gc          ] GC(195) Minor Collection (Allocation Rate)
[2026-04-03T02:27:17.548+0600][104.193s][info][gc,task     ] GC(195) Using 3 Workers for Young Generation
[2026-04-03T02:27:17.548+0600][104.193s][info][gc,phases   ] GC(195) y: Young Generation
[2026-04-03T02:27:17.549+0600][104.193s][info][gc,phases   ] GC(195) y: Pause Mark Start 0.026ms
[2026-04-03T02:27:17.571+0600][104.215s][info][gc,phases   ] GC(195) y: Concurrent Mark 21.961ms
[2026-04-03T02:27:17.571+0600][104.216s][info][gc,phases   ] GC(195) y: Pause Mark End 0.032ms
[2026-04-03T02:27:17.571+0600][104.216s][info][gc,phases   ] GC(195) y: Concurrent Mark Free 0.001ms
[2026-04-03T02:27:17.571+0600][104.216s][info][gc,phases   ] GC(195) y: Concurrent Reset Relocation Set 0.017ms
[2026-04-03T02:27:17.574+0600][104.219s][info][gc,reloc    ] GC(195) y: Using tenuring threshold: 3 (Computed)
[2026-04-03T02:27:17.575+0600][104.220s][info][gc,phases   ] GC(195) y: Concurrent Select Relocation Set 3.463ms
[2026-04-03T02:27:17.575+0600][104.220s][info][gc,phases   ] GC(195) y: Pause Relocate Start 0.021ms
[2026-04-03T02:27:17.577+0600][104.222s][info][gc,phases   ] GC(195) y: Concurrent Relocate 1.978ms
[2026-04-03T02:27:17.577+0600][104.222s][info][gc,alloc    ] GC(195) y:                         Mark Start        Mark End      Relocate Start    Relocate End   
[2026-04-03T02:27:17.577+0600][104.222s][info][gc,alloc    ] GC(195) y: Allocation Stalls:          0                0                0                0         
[2026-04-03T02:27:17.577+0600][104.222s][info][gc,load     ] GC(195) y: Load: 5.71 (48%) / 5.95 (50%) / 5.88 (49%)
[2026-04-03T02:27:17.577+0600][104.222s][info][gc,mmu      ] GC(195) y: MMU: 2ms/95.1%, 5ms/97.6%, 10ms/98.7%, 20ms/99.4%, 50ms/99.6%, 100ms/99.8%
[2026-04-03T02:27:17.577+0600][104.222s][info][gc,marking  ] GC(195) y: Mark: 2 stripe(s), 2 proactive flush(es), 1 terminate flush(es), 0 completion(s), 0 continuation(s) 
[2026-04-03T02:27:17.577+0600][104.222s][info][gc,marking  ] GC(195) y: Mark Stack Usage: 32M
[2026-04-03T02:27:17.577+0600][104.222s][info][gc,nmethod  ] GC(195) y: NMethods: 13787 registered, 4585 unregistered
[2026-04-03T02:27:17.577+0600][104.222s][info][gc,metaspace] GC(195) y: Metaspace: 128M used, 130M committed, 1152M reserved
[2026-04-03T02:27:17.577+0600][104.222s][info][gc,reloc    ] GC(195) y:                        Candidates     Selected     In-Place         Size        Empty    Relocated 
[2026-04-03T02:27:17.577+0600][104.222s][info][gc,reloc    ] GC(195) y: Small Pages:                   63           48            0         126M          24M           3M 
[2026-04-03T02:27:17.577+0600][104.222s][info][gc,reloc    ] GC(195) y: Medium Pages:                   1            0            0          32M          32M           0M 
[2026-04-03T02:27:17.577+0600][104.222s][info][gc,reloc    ] GC(195) y: Large Pages:                   43            0            0         258M         258M           0M 
[2026-04-03T02:27:17.577+0600][104.222s][info][gc,reloc    ] GC(195) y: Forwarding Usage: 0M
[2026-04-03T02:27:17.577+0600][104.222s][info][gc,reloc    ] GC(195) y: Age Table:
[2026-04-03T02:27:17.577+0600][104.222s][info][gc,reloc    ] GC(195) y:                    Live             Garbage             Small              Medium             Large        
[2026-04-03T02:27:17.577+0600][104.222s][info][gc,reloc    ] GC(195) y: Eden               2M (0%)          389M (31%)         60 / 47             1 / 0             40 / 0        
[2026-04-03T02:27:17.577+0600][104.222s][info][gc,reloc    ] GC(195) y: Survivor 1         0M (0%)           21M (2%)           2 / 1              0 / 0              3 / 0        
[2026-04-03T02:27:17.577+0600][104.222s][info][gc,reloc    ] GC(195) y: Survivor 2         1M (0%)            0M (0%)           1 / 0              0 / 0              0 / 0        
[2026-04-03T02:27:17.577+0600][104.222s][info][gc,heap     ] GC(195) y: Min Capacity: 8M(1%)
[2026-04-03T02:27:17.577+0600][104.222s][info][gc,heap     ] GC(195) y: Max Capacity: 1250M(100%)
[2026-04-03T02:27:17.577+0600][104.222s][info][gc,heap     ] GC(195) y: Soft Max Capacity: 1250M(100%)
[2026-04-03T02:27:17.577+0600][104.222s][info][gc,heap     ] GC(195) y: Heap Statistics:
[2026-04-03T02:27:17.577+0600][104.222s][info][gc,heap     ] GC(195) y:                Mark Start          Mark End        Relocate Start      Relocate End           High               Low         
[2026-04-03T02:27:17.578+0600][104.222s][info][gc,heap     ] GC(195) y:  Capacity:     1250M (100%)       1250M (100%)       1250M (100%)       1250M (100%)       1250M (100%)       1250M (100%)   
[2026-04-03T02:27:17.578+0600][104.222s][info][gc,heap     ] GC(195) y:      Free:      632M (51%)         586M (47%)         896M (72%)         984M (79%)         984M (79%)         584M (47%)    
[2026-04-03T02:27:17.578+0600][104.222s][info][gc,heap     ] GC(195) y:      Used:      618M (49%)         664M (53%)         354M (28%)         266M (21%)         666M (53%)         266M (21%)    
[2026-04-03T02:27:17.578+0600][104.222s][info][gc,heap     ] GC(195) y: Young Generation Statistics:
[2026-04-03T02:27:17.578+0600][104.222s][info][gc,heap     ] GC(195) y:                Mark Start          Mark End        Relocate Start      Relocate End    
[2026-04-03T02:27:17.578+0600][104.222s][info][gc,heap     ] GC(195) y:      Used:      416M (33%)         462M (37%)         152M (12%)          64M (5%)     
[2026-04-03T02:27:17.578+0600][104.222s][info][gc,heap     ] GC(195) y:      Live:         -                 4M (0%)            4M (0%)            4M (0%)     
[2026-04-03T02:27:17.578+0600][104.222s][info][gc,heap     ] GC(195) y:   Garbage:         -               411M (33%)          97M (8%)            0M (0%)     
[2026-04-03T02:27:17.578+0600][104.222s][info][gc,heap     ] GC(195) y: Allocated:         -                46M (4%)           50M (4%)           58M (5%)     
[2026-04-03T02:27:17.578+0600][104.222s][info][gc,heap     ] GC(195) y: Reclaimed:         -                  -               314M (25%)         410M (33%)    
[2026-04-03T02:27:17.578+0600][104.222s][info][gc,heap     ] GC(195) y:  Promoted:         -                  -                 0M (0%)            0M (0%)     
[2026-04-03T02:27:17.578+0600][104.222s][info][gc,heap     ] GC(195) y: Compacted:         -                  -                  -                 3M (0%)     
[2026-04-03T02:27:17.578+0600][104.222s][info][gc,phases   ] GC(195) y: Young Generation 618M(49%)->266M(21%) 0.029s
[2026-04-03T02:27:17.578+0600][104.222s][info][gc          ] GC(195) Minor Collection (Allocation Rate) 618M(49%)->266M(21%) 0.030s
[2026-04-03T02:27:17.609+0600][104.254s][info][gc          ] GC(196) Minor Collection (Allocation Rate)
[2026-04-03T02:27:17.609+0600][104.254s][info][gc,task     ] GC(196) Using 2 Workers for Young Generation
[2026-04-03T02:27:17.609+0600][104.254s][info][gc,phases   ] GC(196) y: Young Generation
[2026-04-03T02:27:17.610+0600][104.254s][info][gc,phases   ] GC(196) y: Pause Mark Start 0.032ms
[2026-04-03T02:27:17.634+0600][104.279s][info][gc,phases   ] GC(196) y: Concurrent Mark 24.229ms
[2026-04-03T02:27:17.634+0600][104.279s][info][gc,phases   ] GC(196) y: Pause Mark End 0.026ms
[2026-04-03T02:27:17.634+0600][104.279s][info][gc,phases   ] GC(196) y: Concurrent Mark Free 0.002ms
[2026-04-03T02:27:17.635+0600][104.279s][info][gc,phases   ] GC(196) y: Concurrent Reset Relocation Set 0.012ms
[2026-04-03T02:27:17.636+0600][104.281s][info][gc,reloc    ] GC(196) y: Using tenuring threshold: 4 (Computed)
[2026-04-03T02:27:17.637+0600][104.281s][info][gc,phases   ] GC(196) y: Concurrent Select Relocation Set 2.026ms
[2026-04-03T02:27:17.637+0600][104.281s][info][gc,phases   ] GC(196) y: Pause Relocate Start 0.015ms
[2026-04-03T02:27:17.638+0600][104.283s][info][gc,phases   ] GC(196) y: Concurrent Relocate 1.660ms
[2026-04-03T02:27:17.639+0600][104.283s][info][gc,alloc    ] GC(196) y:                         Mark Start        Mark End      Relocate Start    Relocate End   
[2026-04-03T02:27:17.639+0600][104.283s][info][gc,alloc    ] GC(196) y: Allocation Stalls:          0                0                0                0         
[2026-04-03T02:27:17.639+0600][104.283s][info][gc,load     ] GC(196) y: Load: 5.71 (48%) / 5.95 (50%) / 5.88 (49%)
[2026-04-03T02:27:17.639+0600][104.283s][info][gc,mmu      ] GC(196) y: MMU: 2ms/95.1%, 5ms/97.6%, 10ms/98.7%, 20ms/99.4%, 50ms/99.6%, 100ms/99.8%
[2026-04-03T02:27:17.639+0600][104.283s][info][gc,marking  ] GC(196) y: Mark: 2 stripe(s), 2 proactive flush(es), 1 terminate flush(es), 0 completion(s), 0 continuation(s) 
[2026-04-03T02:27:17.639+0600][104.283s][info][gc,marking  ] GC(196) y: Mark Stack Usage: 32M
[2026-04-03T02:27:17.639+0600][104.283s][info][gc,nmethod  ] GC(196) y: NMethods: 13791 registered, 4585 unregistered
[2026-04-03T02:27:17.639+0600][104.283s][info][gc,metaspace] GC(196) y: Metaspace: 128M used, 130M committed, 1152M reserved
[2026-04-03T02:27:17.639+0600][104.283s][info][gc,reloc    ] GC(196) y:                        Candidates     Selected     In-Place         Size        Empty    Relocated 
[2026-04-03T02:27:17.639+0600][104.283s][info][gc,reloc    ] GC(196) y: Small Pages:                   21           18            0          42M           0M           2M 
[2026-04-03T02:27:17.639+0600][104.283s][info][gc,reloc    ] GC(196) y: Medium Pages:                   1            0            0          32M          32M           0M 
[2026-04-03T02:27:17.639+0600][104.283s][info][gc,reloc    ] GC(196) y: Large Pages:                    2            0            0          12M          12M           0M 
[2026-04-03T02:27:17.639+0600][104.283s][info][gc,reloc    ] GC(196) y: Forwarding Usage: 0M
[2026-04-03T02:27:17.639+0600][104.283s][info][gc,reloc    ] GC(196) y: Age Table:
[2026-04-03T02:27:17.639+0600][104.283s][info][gc,reloc    ] GC(196) y:                    Live             Garbage             Small              Medium             Large        
[2026-04-03T02:27:17.639+0600][104.283s][info][gc,reloc    ] GC(196) y: Eden               1M (0%)           70M (6%)          14 / 14             1 / 0              2 / 0        
[2026-04-03T02:27:17.639+0600][104.283s][info][gc,reloc    ] GC(196) y: Survivor 1         1M (0%)            6M (1%)           4 / 3              0 / 0              0 / 0        
[2026-04-03T02:27:17.639+0600][104.283s][info][gc,reloc    ] GC(196) y: Survivor 2         0M (0%)            3M (0%)           2 / 1              0 / 0              0 / 0        
[2026-04-03T02:27:17.639+0600][104.283s][info][gc,reloc    ] GC(196) y: Survivor 3         1M (0%)            0M (0%)           1 / 0              0 / 0              0 / 0        
[2026-04-03T02:27:17.639+0600][104.283s][info][gc,heap     ] GC(196) y: Min Capacity: 8M(1%)
[2026-04-03T02:27:17.639+0600][104.283s][info][gc,heap     ] GC(196) y: Max Capacity: 1250M(100%)
[2026-04-03T02:27:17.639+0600][104.283s][info][gc,heap     ] GC(196) y: Soft Max Capacity: 1250M(100%)
[2026-04-03T02:27:17.639+0600][104.283s][info][gc,heap     ] GC(196) y: Heap Statistics:
[2026-04-03T02:27:17.639+0600][104.283s][info][gc,heap     ] GC(196) y:                Mark Start          Mark End        Relocate Start      Relocate End           High               Low         
[2026-04-03T02:27:17.639+0600][104.283s][info][gc,heap     ] GC(196) y:  Capacity:     1250M (100%)       1250M (100%)       1250M (100%)       1250M (100%)       1250M (100%)       1250M (100%)   
[2026-04-03T02:27:17.639+0600][104.284s][info][gc,heap     ] GC(196) y:      Free:      962M (77%)         904M (72%)         948M (76%)         976M (78%)         976M (78%)         842M (67%)    
[2026-04-03T02:27:17.639+0600][104.284s][info][gc,heap     ] GC(196) y:      Used:      288M (23%)         346M (28%)         302M (24%)         274M (22%)         408M (33%)         274M (22%)    
[2026-04-03T02:27:17.639+0600][104.284s][info][gc,heap     ] GC(196) y: Young Generation Statistics:
[2026-04-03T02:27:17.639+0600][104.284s][info][gc,heap     ] GC(196) y:                Mark Start          Mark End        Relocate Start      Relocate End    
[2026-04-03T02:27:17.639+0600][104.284s][info][gc,heap     ] GC(196) y:      Used:       86M (7%)          144M (12%)         100M (8%)           72M (6%)     
[2026-04-03T02:27:17.639+0600][104.284s][info][gc,heap     ] GC(196) y:      Live:         -                 4M (0%)            4M (0%)            4M (0%)     
[2026-04-03T02:27:17.639+0600][104.284s][info][gc,heap     ] GC(196) y:   Garbage:         -                81M (7%)           37M (3%)            0M (0%)     
[2026-04-03T02:27:17.639+0600][104.284s][info][gc,heap     ] GC(196) y: Allocated:         -                58M (5%)           58M (5%)           66M (5%)     
[2026-04-03T02:27:17.639+0600][104.284s][info][gc,heap     ] GC(196) y: Reclaimed:         -                  -                44M (4%)           80M (6%)     
[2026-04-03T02:27:17.639+0600][104.284s][info][gc,heap     ] GC(196) y:  Promoted:         -                  -                 0M (0%)            0M (0%)     
[2026-04-03T02:27:17.639+0600][104.284s][info][gc,heap     ] GC(196) y: Compacted:         -                  -                  -                 3M (0%)     
[2026-04-03T02:27:17.639+0600][104.284s][info][gc,phases   ] GC(196) y: Young Generation 288M(23%)->274M(22%) 0.029s
[2026-04-03T02:27:17.639+0600][104.284s][info][gc          ] GC(196) Minor Collection (Allocation Rate) 288M(23%)->274M(22%) 0.030s
[2026-04-03T02:27:18.241+0600][104.886s][info][gc          ] GC(197) Major Collection (Allocation Rate)
[2026-04-03T02:27:18.241+0600][104.886s][info][gc,task     ] GC(197) Using 2 Workers for Young Generation
[2026-04-03T02:27:18.241+0600][104.886s][info][gc,task     ] GC(197) Using 1 Workers for Old Generation
[2026-04-03T02:27:18.241+0600][104.886s][info][gc,phases   ] GC(197) Y: Young Generation
[2026-04-03T02:27:18.242+0600][104.886s][info][gc,phases   ] GC(197) Y: Pause Mark Start (Major) 0.058ms
[2026-04-03T02:27:18.275+0600][104.919s][info][gc,phases   ] GC(197) Y: Concurrent Mark 32.690ms
[2026-04-03T02:27:18.275+0600][104.920s][info][gc,phases   ] GC(197) Y: Pause Mark End 0.034ms
[2026-04-03T02:27:18.275+0600][104.920s][info][gc,phases   ] GC(197) Y: Concurrent Mark Free 0.004ms
[2026-04-03T02:27:18.275+0600][104.920s][info][gc,phases   ] GC(197) Y: Concurrent Reset Relocation Set 0.008ms
[2026-04-03T02:27:18.282+0600][104.926s][info][gc,reloc    ] GC(197) Y: Using tenuring threshold: 2 (Computed)
[2026-04-03T02:27:18.283+0600][104.928s][info][gc,phases   ] GC(197) Y: Concurrent Select Relocation Set 7.501ms
[2026-04-03T02:27:18.283+0600][104.928s][info][gc,phases   ] GC(197) Y: Pause Relocate Start 0.018ms
[2026-04-03T02:27:18.289+0600][104.934s][info][gc,phases   ] GC(197) Y: Concurrent Relocate 5.673ms
[2026-04-03T02:27:18.289+0600][104.934s][info][gc,alloc    ] GC(197) Y:                         Mark Start        Mark End      Relocate Start    Relocate End   
[2026-04-03T02:27:18.289+0600][104.934s][info][gc,alloc    ] GC(197) Y: Allocation Stalls:          0                0                0                0         
[2026-04-03T02:27:18.289+0600][104.934s][info][gc,load     ] GC(197) Y: Load: 5.71 (48%) / 5.95 (50%) / 5.88 (49%)
[2026-04-03T02:27:18.289+0600][104.934s][info][gc,mmu      ] GC(197) Y: MMU: 2ms/95.1%, 5ms/97.6%, 10ms/98.7%, 20ms/99.4%, 50ms/99.6%, 100ms/99.8%
[2026-04-03T02:27:18.289+0600][104.934s][info][gc,marking  ] GC(197) Y: Mark: 2 stripe(s), 2 proactive flush(es), 1 terminate flush(es), 0 completion(s), 0 continuation(s) 
[2026-04-03T02:27:18.289+0600][104.934s][info][gc,marking  ] GC(197) Y: Mark Stack Usage: 32M
[2026-04-03T02:27:18.289+0600][104.934s][info][gc,nmethod  ] GC(197) Y: NMethods: 13798 registered, 4585 unregistered
[2026-04-03T02:27:18.289+0600][104.934s][info][gc,metaspace] GC(197) Y: Metaspace: 128M used, 130M committed, 1152M reserved
[2026-04-03T02:27:18.289+0600][104.934s][info][gc,reloc    ] GC(197) Y:                        Candidates     Selected     In-Place         Size        Empty    Relocated 
[2026-04-03T02:27:18.289+0600][104.934s][info][gc,reloc    ] GC(197) Y: Small Pages:                  195          144            0         390M          92M           5M 
[2026-04-03T02:27:18.289+0600][104.934s][info][gc,reloc    ] GC(197) Y: Medium Pages:                   2            0            0          64M          64M           0M 
[2026-04-03T02:27:18.289+0600][104.934s][info][gc,reloc    ] GC(197) Y: Large Pages:                    7            0            0          42M          42M           0M 
[2026-04-03T02:27:18.289+0600][104.934s][info][gc,reloc    ] GC(197) Y: Forwarding Usage: 1M
[2026-04-03T02:27:18.289+0600][104.934s][info][gc,reloc    ] GC(197) Y: Age Table:
[2026-04-03T02:27:18.289+0600][104.934s][info][gc,reloc    ] GC(197) Y:                    Live             Garbage             Small              Medium             Large        
[2026-04-03T02:27:18.289+0600][104.934s][info][gc,reloc    ] GC(197) Y: Eden               4M (0%)          477M (38%)        188 / 139            2 / 0              7 / 0        
[2026-04-03T02:27:18.289+0600][104.934s][info][gc,reloc    ] GC(197) Y: Survivor 1         0M (0%)            3M (0%)           2 / 2              0 / 0              0 / 0        
[2026-04-03T02:27:18.289+0600][104.934s][info][gc,reloc    ] GC(197) Y: Survivor 2         1M (0%)            2M (0%)           2 / 1              0 / 0              0 / 0        
[2026-04-03T02:27:18.289+0600][104.934s][info][gc,reloc    ] GC(197) Y: Survivor 3         0M (0%)            3M (0%)           2 / 2              0 / 0              0 / 0        
[2026-04-03T02:27:18.289+0600][104.934s][info][gc,reloc    ] GC(197) Y: Survivor 4         1M (0%)            0M (0%)           1 / 0              0 / 0              0 / 0        
[2026-04-03T02:27:18.289+0600][104.934s][info][gc,heap     ] GC(197) Y: Min Capacity: 8M(1%)
[2026-04-03T02:27:18.289+0600][104.934s][info][gc,heap     ] GC(197) Y: Max Capacity: 1250M(100%)
[2026-04-03T02:27:18.289+0600][104.934s][info][gc,heap     ] GC(197) Y: Soft Max Capacity: 1250M(100%)
[2026-04-03T02:27:18.289+0600][104.934s][info][gc,heap     ] GC(197) Y: Heap Statistics:
[2026-04-03T02:27:18.289+0600][104.934s][info][gc,heap     ] GC(197) Y:                Mark Start          Mark End        Relocate Start      Relocate End           High               Low         
[2026-04-03T02:27:18.289+0600][104.934s][info][gc,heap     ] GC(197) Y:  Capacity:     1250M (100%)       1250M (100%)       1250M (100%)       1250M (100%)       1250M (100%)       1250M (100%)   
[2026-04-03T02:27:18.290+0600][104.934s][info][gc,heap     ] GC(197) Y:      Free:      552M (44%)         490M (39%)         682M (55%)         944M (76%)         946M (76%)         486M (39%)    
[2026-04-03T02:27:18.290+0600][104.934s][info][gc,heap     ] GC(197) Y:      Used:      698M (56%)         760M (61%)         568M (45%)         306M (24%)         764M (61%)         304M (24%)    
[2026-04-03T02:27:18.290+0600][104.934s][info][gc,heap     ] GC(197) Y: Young Generation Statistics:
[2026-04-03T02:27:18.290+0600][104.934s][info][gc,heap     ] GC(197) Y:                Mark Start          Mark End        Relocate Start      Relocate End    
[2026-04-03T02:27:18.290+0600][104.934s][info][gc,heap     ] GC(197) Y:      Used:      496M (40%)         558M (45%)         364M (29%)          90M (7%)     
[2026-04-03T02:27:18.290+0600][104.934s][info][gc,heap     ] GC(197) Y:      Live:         -                 7M (1%)            6M (1%)            4M (0%)     
[2026-04-03T02:27:18.290+0600][104.934s][info][gc,heap     ] GC(197) Y:   Garbage:         -               488M (39%)         289M (23%)           0M (0%)     
[2026-04-03T02:27:18.290+0600][104.934s][info][gc,heap     ] GC(197) Y: Allocated:         -                62M (5%)           68M (5%)           85M (7%)     
[2026-04-03T02:27:18.290+0600][104.934s][info][gc,heap     ] GC(197) Y: Reclaimed:         -                  -               198M (16%)         488M (39%)    
[2026-04-03T02:27:18.290+0600][104.934s][info][gc,heap     ] GC(197) Y:  Promoted:         -                  -                 1M (0%)            2M (0%)     
[2026-04-03T02:27:18.290+0600][104.934s][info][gc,heap     ] GC(197) Y: Compacted:         -                  -                  -                 4M (0%)     
[2026-04-03T02:27:18.290+0600][104.934s][info][gc,phases   ] GC(197) Y: Young Generation 698M(56%)->306M(24%) 0.048s
[2026-04-03T02:27:18.290+0600][104.934s][info][gc,phases   ] GC(197) O: Old Generation
[2026-04-03T02:27:18.505+0600][105.150s][info][gc          ] GC(198) Minor Collection (Allocation Rate)
[2026-04-03T02:27:18.505+0600][105.150s][info][gc,task     ] GC(198) Using 2 Workers for Young Generation
[2026-04-03T02:27:18.505+0600][105.150s][info][gc,phases   ] GC(198) y: Young Generation
[2026-04-03T02:27:18.506+0600][105.150s][info][gc,phases   ] GC(198) y: Pause Mark Start 0.030ms
[2026-04-03T02:27:18.528+0600][105.173s][info][gc,phases   ] GC(198) y: Concurrent Mark 22.805ms
[2026-04-03T02:27:18.529+0600][105.174s][info][gc,phases   ] GC(198) y: Pause Mark End 0.041ms
[2026-04-03T02:27:18.529+0600][105.174s][info][gc,phases   ] GC(198) y: Concurrent Mark Free 0.003ms
[2026-04-03T02:27:18.529+0600][105.174s][info][gc,phases   ] GC(198) y: Concurrent Reset Relocation Set 0.029ms
[2026-04-03T02:27:18.532+0600][105.177s][info][gc,reloc    ] GC(198) y: Using tenuring threshold: 3 (Computed)
[2026-04-03T02:27:18.532+0600][105.177s][info][gc,phases   ] GC(198) y: Concurrent Select Relocation Set 3.187ms
[2026-04-03T02:27:18.533+0600][105.177s][info][gc,phases   ] GC(198) y: Pause Relocate Start 0.019ms
[2026-04-03T02:27:18.535+0600][105.180s][info][gc,phases   ] GC(198) y: Concurrent Relocate 2.107ms
[2026-04-03T02:27:18.535+0600][105.180s][info][gc,alloc    ] GC(198) y:                         Mark Start        Mark End      Relocate Start    Relocate End   
[2026-04-03T02:27:18.535+0600][105.180s][info][gc,alloc    ] GC(198) y: Allocation Stalls:          0                0                0                0         
[2026-04-03T02:27:18.535+0600][105.180s][info][gc,load     ] GC(198) y: Load: 5.71 (48%) / 5.95 (50%) / 5.88 (49%)
[2026-04-03T02:27:18.535+0600][105.180s][info][gc,mmu      ] GC(198) y: MMU: 2ms/95.1%, 5ms/97.6%, 10ms/98.7%, 20ms/99.4%, 50ms/99.6%, 100ms/99.8%
[2026-04-03T02:27:18.535+0600][105.180s][info][gc,marking  ] GC(198) y: Mark: 2 stripe(s), 2 proactive flush(es), 1 terminate flush(es), 0 completion(s), 0 continuation(s) 
[2026-04-03T02:27:18.535+0600][105.180s][info][gc,marking  ] GC(198) y: Mark Stack Usage: 32M
[2026-04-03T02:27:18.535+0600][105.180s][info][gc,nmethod  ] GC(198) y: NMethods: 13798 registered, 4585 unregistered
[2026-04-03T02:27:18.535+0600][105.180s][info][gc,metaspace] GC(198) y: Metaspace: 128M used, 130M committed, 1152M reserved
[2026-04-03T02:27:18.535+0600][105.180s][info][gc,reloc    ] GC(198) y:                        Candidates     Selected     In-Place         Size        Empty    Relocated 
[2026-04-03T02:27:18.535+0600][105.180s][info][gc,reloc    ] GC(198) y: Small Pages:                   77           52            0         154M          46M           1M 
[2026-04-03T02:27:18.535+0600][105.180s][info][gc,reloc    ] GC(198) y: Medium Pages:                   2            0            0          64M          64M           0M 
[2026-04-03T02:27:18.535+0600][105.180s][info][gc,reloc    ] GC(198) y: Large Pages:                    3            0            0          18M          18M           0M 
[2026-04-03T02:27:18.535+0600][105.180s][info][gc,reloc    ] GC(198) y: Forwarding Usage: 0M
[2026-04-03T02:27:18.535+0600][105.180s][info][gc,reloc    ] GC(198) y: Age Table:
[2026-04-03T02:27:18.535+0600][105.180s][info][gc,reloc    ] GC(198) y:                    Live             Garbage             Small              Medium             Large        
[2026-04-03T02:27:18.535+0600][105.180s][info][gc,reloc    ] GC(198) y: Eden               0M (0%)          217M (17%)         68 / 49             2 / 0              3 / 0        
[2026-04-03T02:27:18.535+0600][105.180s][info][gc,reloc    ] GC(198) y: Survivor 1         1M (0%)           14M (1%)           8 / 2              0 / 0              0 / 0        
[2026-04-03T02:27:18.535+0600][105.180s][info][gc,reloc    ] GC(198) y: Survivor 2         0M (0%)            1M (0%)           1 / 1              0 / 0              0 / 0        
[2026-04-03T02:27:18.535+0600][105.180s][info][gc,heap     ] GC(198) y: Min Capacity: 8M(1%)
[2026-04-03T02:27:18.535+0600][105.180s][info][gc,heap     ] GC(198) y: Max Capacity: 1250M(100%)
[2026-04-03T02:27:18.535+0600][105.180s][info][gc,heap     ] GC(198) y: Soft Max Capacity: 1250M(100%)
[2026-04-03T02:27:18.535+0600][105.180s][info][gc,heap     ] GC(198) y: Heap Statistics:
[2026-04-03T02:27:18.535+0600][105.180s][info][gc,heap     ] GC(198) y:                Mark Start          Mark End        Relocate Start      Relocate End           High               Low         
[2026-04-03T02:27:18.535+0600][105.180s][info][gc,heap     ] GC(198) y:  Capacity:     1250M (100%)       1250M (100%)       1250M (100%)       1250M (100%)       1250M (100%)       1250M (100%)   
[2026-04-03T02:27:18.535+0600][105.180s][info][gc,heap     ] GC(198) y:      Free:      798M (64%)         754M (60%)         874M (70%)         964M (77%)         964M (77%)         746M (60%)    
[2026-04-03T02:27:18.535+0600][105.180s][info][gc,heap     ] GC(198) y:      Used:      452M (36%)         496M (40%)         376M (30%)         286M (23%)         504M (40%)         286M (23%)    
[2026-04-03T02:27:18.535+0600][105.180s][info][gc,heap     ] GC(198) y: Young Generation Statistics:
[2026-04-03T02:27:18.535+0600][105.180s][info][gc,heap     ] GC(198) y:                Mark Start          Mark End        Relocate Start      Relocate End    
[2026-04-03T02:27:18.536+0600][105.180s][info][gc,heap     ] GC(198) y:      Used:      236M (19%)         280M (22%)         160M (13%)          70M (6%)     
[2026-04-03T02:27:18.536+0600][105.180s][info][gc,heap     ] GC(198) y:      Live:         -                 2M (0%)            2M (0%)            2M (0%)     
[2026-04-03T02:27:18.536+0600][105.180s][info][gc,heap     ] GC(198) y:   Garbage:         -               233M (19%)         105M (8%)            1M (0%)     
[2026-04-03T02:27:18.536+0600][105.180s][info][gc,heap     ] GC(198) y: Allocated:         -                44M (4%)           52M (4%)           66M (5%)     
[2026-04-03T02:27:18.536+0600][105.180s][info][gc,heap     ] GC(198) y: Reclaimed:         -                  -               128M (10%)         232M (19%)    
[2026-04-03T02:27:18.536+0600][105.180s][info][gc,heap     ] GC(198) y:  Promoted:         -                  -                 0M (0%)            0M (0%)     
[2026-04-03T02:27:18.536+0600][105.180s][info][gc,heap     ] GC(198) y: Compacted:         -                  -                  -                 1M (0%)     
[2026-04-03T02:27:18.536+0600][105.180s][info][gc,phases   ] GC(198) y: Young Generation 452M(36%)->286M(23%) 0.030s
[2026-04-03T02:27:18.536+0600][105.180s][info][gc          ] GC(198) Minor Collection (Allocation Rate) 452M(36%)->286M(23%) 0.030s
[2026-04-03T02:27:18.727+0600][105.372s][info][gc,phases   ] GC(197) O: Concurrent Mark 437.378ms
[2026-04-03T02:27:18.727+0600][105.372s][info][gc,phases   ] GC(197) O: Pause Mark End 0.025ms
[2026-04-03T02:27:18.727+0600][105.372s][info][gc,phases   ] GC(197) O: Concurrent Mark Free 0.001ms
[2026-04-03T02:27:18.790+0600][105.435s][info][gc,phases   ] GC(197) O: Concurrent Process Non-Strong 62.874ms
[2026-04-03T02:27:18.790+0600][105.435s][info][gc,phases   ] GC(197) O: Concurrent Reset Relocation Set 0.008ms
[2026-04-03T02:27:18.793+0600][105.438s][info][gc,phases   ] GC(197) O: Concurrent Select Relocation Set 2.713ms
[2026-04-03T02:27:18.793+0600][105.438s][info][gc,task     ] GC(197) O: Using 3 Workers for Old Generation
[2026-04-03T02:27:18.829+0600][105.474s][info][gc,task     ] GC(197) O: Using 1 Workers for Old Generation
[2026-04-03T02:27:18.829+0600][105.474s][info][gc,phases   ] GC(197) O: Concurrent Remap Roots 36.065ms
[2026-04-03T02:27:18.829+0600][105.474s][info][gc,phases   ] GC(197) O: Pause Relocate Start 0.029ms
[2026-04-03T02:27:18.873+0600][105.518s][info][gc,phases   ] GC(197) O: Concurrent Relocate 43.741ms
[2026-04-03T02:27:18.873+0600][105.518s][info][gc,alloc    ] GC(197) O:                         Mark Start        Mark End      Relocate Start    Relocate End   
[2026-04-03T02:27:18.873+0600][105.518s][info][gc,alloc    ] GC(197) O: Allocation Stalls:          0                0                0                0         
[2026-04-03T02:27:18.873+0600][105.518s][info][gc,load     ] GC(197) O: Load: 5.71 (48%) / 5.95 (50%) / 5.88 (49%)
[2026-04-03T02:27:18.873+0600][105.518s][info][gc,mmu      ] GC(197) O: MMU: 2ms/95.1%, 5ms/97.6%, 10ms/98.7%, 20ms/99.4%, 50ms/99.6%, 100ms/99.8%
[2026-04-03T02:27:18.873+0600][105.518s][info][gc,marking  ] GC(197) O: Mark: 1 stripe(s), 3 proactive flush(es), 1 terminate flush(es), 0 completion(s), 0 continuation(s) 
[2026-04-03T02:27:18.874+0600][105.518s][info][gc,marking  ] GC(197) O: Mark Stack Usage: 32M
[2026-04-03T02:27:18.874+0600][105.518s][info][gc,nmethod  ] GC(197) O: NMethods: 13734 registered, 4654 unregistered
[2026-04-03T02:27:18.874+0600][105.518s][info][gc,metaspace] GC(197) O: Metaspace: 128M used, 130M committed, 1152M reserved
[2026-04-03T02:27:18.874+0600][105.518s][info][gc,ref      ] GC(197) O:                       Encountered   Discovered     Enqueued 
[2026-04-03T02:27:18.874+0600][105.518s][info][gc,ref      ] GC(197) O: Soft References:             6394            0            0 
[2026-04-03T02:27:18.874+0600][105.518s][info][gc,ref      ] GC(197) O: Weak References:            22238        15305         5283 
[2026-04-03T02:27:18.874+0600][105.518s][info][gc,ref      ] GC(197) O: Final References:              84            0            0 
[2026-04-03T02:27:18.874+0600][105.518s][info][gc,ref      ] GC(197) O: Phantom References:           620          608            0 
[2026-04-03T02:27:18.874+0600][105.518s][info][gc,reloc    ] GC(197) O:                        Candidates     Selected     In-Place         Size        Empty    Relocated 
[2026-04-03T02:27:18.874+0600][105.518s][info][gc,reloc    ] GC(197) O: Small Pages:                   85           25            0         170M           0M          10M 
[2026-04-03T02:27:18.874+0600][105.518s][info][gc,reloc    ] GC(197) O: Medium Pages:                   1            0            0          32M           0M           0M 
[2026-04-03T02:27:18.874+0600][105.518s][info][gc,reloc    ] GC(197) O: Large Pages:                    0            0            0           0M           0M           0M 
[2026-04-03T02:27:18.874+0600][105.518s][info][gc,reloc    ] GC(197) O: Forwarding Usage: 5M
[2026-04-03T02:27:18.874+0600][105.518s][info][gc,heap     ] GC(197) O: Min Capacity: 8M(1%)
[2026-04-03T02:27:18.874+0600][105.519s][info][gc,heap     ] GC(197) O: Max Capacity: 1250M(100%)
[2026-04-03T02:27:18.874+0600][105.519s][info][gc,heap     ] GC(197) O: Soft Max Capacity: 1250M(100%)
[2026-04-03T02:27:18.874+0600][105.519s][info][gc,heap     ] GC(197) O: Heap Statistics:
[2026-04-03T02:27:18.874+0600][105.519s][info][gc,heap     ] GC(197) O:                Mark Start          Mark End        Relocate Start      Relocate End           High               Low         
[2026-04-03T02:27:18.874+0600][105.519s][info][gc,heap     ] GC(197) O:  Capacity:     1250M (100%)       1250M (100%)       1250M (100%)       1250M (100%)       1250M (100%)       1250M (100%)   
[2026-04-03T02:27:18.874+0600][105.519s][info][gc,heap     ] GC(197) O:      Free:      552M (44%)         832M (67%)         688M (55%)         708M (57%)         964M (77%)         486M (39%)    
[2026-04-03T02:27:18.874+0600][105.519s][info][gc,heap     ] GC(197) O:      Used:      698M (56%)         418M (33%)         562M (45%)         542M (43%)         764M (61%)         286M (23%)    
[2026-04-03T02:27:18.874+0600][105.519s][info][gc,heap     ] GC(197) O: Old Generation Statistics:
[2026-04-03T02:27:18.874+0600][105.519s][info][gc,heap     ] GC(197) O:                Mark Start          Mark End        Relocate Start      Relocate End    
[2026-04-03T02:27:18.874+0600][105.519s][info][gc,heap     ] GC(197) O:      Used:      202M (16%)         216M (17%)         216M (17%)         180M (14%)    
[2026-04-03T02:27:18.874+0600][105.519s][info][gc,heap     ] GC(197) O:      Live:         -               118M (9%)          118M (9%)          118M (9%)     
[2026-04-03T02:27:18.874+0600][105.519s][info][gc,heap     ] GC(197) O:   Garbage:         -                83M (7%)           83M (7%)           30M (2%)     
[2026-04-03T02:27:18.874+0600][105.519s][info][gc,heap     ] GC(197) O: Allocated:         -                14M (1%)           14M (1%)           30M (2%)     
[2026-04-03T02:27:18.874+0600][105.519s][info][gc,heap     ] GC(197) O: Reclaimed:         -                  -                 0M (0%)           52M (4%)     
[2026-04-03T02:27:18.874+0600][105.519s][info][gc,heap     ] GC(197) O: Compacted:         -                  -                  -                19M (2%)     
[2026-04-03T02:27:18.874+0600][105.519s][info][gc,phases   ] GC(197) O: Old Generation 306M(24%)->542M(43%) 0.584s
[2026-04-03T02:27:18.874+0600][105.519s][info][gc          ] GC(197) Major Collection (Allocation Rate) 698M(56%)->542M(43%) 0.633s
[2026-04-03T02:27:19.405+0600][106.050s][info][gc          ] GC(199) Minor Collection (Allocation Rate)
[2026-04-03T02:27:19.405+0600][106.050s][info][gc,task     ] GC(199) Using 2 Workers for Young Generation
[2026-04-03T02:27:19.405+0600][106.050s][info][gc,phases   ] GC(199) y: Young Generation
[2026-04-03T02:27:19.405+0600][106.050s][info][gc,phases   ] GC(199) y: Pause Mark Start 0.018ms
[2026-04-03T02:27:19.425+0600][106.070s][info][gc,phases   ] GC(199) y: Concurrent Mark 19.846ms
[2026-04-03T02:27:19.425+0600][106.070s][info][gc,phases   ] GC(199) y: Pause Mark End 0.023ms
[2026-04-03T02:27:19.426+0600][106.070s][info][gc,phases   ] GC(199) y: Concurrent Mark Free 0.001ms
[2026-04-03T02:27:19.426+0600][106.070s][info][gc,phases   ] GC(199) y: Concurrent Reset Relocation Set 0.005ms
[2026-04-03T02:27:19.428+0600][106.072s][info][gc,reloc    ] GC(199) y: Using tenuring threshold: 4 (Computed)
[2026-04-03T02:27:19.428+0600][106.073s][info][gc,phases   ] GC(199) y: Concurrent Select Relocation Set 2.613ms
[2026-04-03T02:27:19.428+0600][106.073s][info][gc,phases   ] GC(199) y: Pause Relocate Start 0.016ms
[2026-04-03T02:27:19.433+0600][106.077s][info][gc,phases   ] GC(199) y: Concurrent Relocate 4.279ms
[2026-04-03T02:27:19.433+0600][106.077s][info][gc,alloc    ] GC(199) y:                         Mark Start        Mark End      Relocate Start    Relocate End   
[2026-04-03T02:27:19.433+0600][106.077s][info][gc,alloc    ] GC(199) y: Allocation Stalls:          0                0                0                0         
[2026-04-03T02:27:19.433+0600][106.077s][info][gc,load     ] GC(199) y: Load: 5.71 (48%) / 5.95 (50%) / 5.88 (49%)
[2026-04-03T02:27:19.433+0600][106.077s][info][gc,mmu      ] GC(199) y: MMU: 2ms/95.1%, 5ms/97.6%, 10ms/98.7%, 20ms/99.4%, 50ms/99.6%, 100ms/99.8%
[2026-04-03T02:27:19.433+0600][106.077s][info][gc,marking  ] GC(199) y: Mark: 2 stripe(s), 2 proactive flush(es), 1 terminate flush(es), 0 completion(s), 0 continuation(s) 
[2026-04-03T02:27:19.433+0600][106.077s][info][gc,marking  ] GC(199) y: Mark Stack Usage: 32M
[2026-04-03T02:27:19.433+0600][106.077s][info][gc,nmethod  ] GC(199) y: NMethods: 13749 registered, 4654 unregistered
[2026-04-03T02:27:19.433+0600][106.077s][info][gc,metaspace] GC(199) y: Metaspace: 128M used, 130M committed, 1152M reserved
[2026-04-03T02:27:19.433+0600][106.077s][info][gc,reloc    ] GC(199) y:                        Candidates     Selected     In-Place         Size        Empty    Relocated 
[2026-04-03T02:27:19.433+0600][106.078s][info][gc,reloc    ] GC(199) y: Small Pages:                  296          184            0         592M         218M           4M 
[2026-04-03T02:27:19.433+0600][106.078s][info][gc,reloc    ] GC(199) y: Medium Pages:                   4            0            0         128M         128M           0M 
[2026-04-03T02:27:19.433+0600][106.078s][info][gc,reloc    ] GC(199) y: Large Pages:                   13            0            0          78M          78M           0M 
[2026-04-03T02:27:19.433+0600][106.078s][info][gc,reloc    ] GC(199) y: Forwarding Usage: 1M
[2026-04-03T02:27:19.433+0600][106.078s][info][gc,reloc    ] GC(199) y: Age Table:
[2026-04-03T02:27:19.433+0600][106.078s][info][gc,reloc    ] GC(199) y:                    Live             Garbage             Small              Medium             Large        
[2026-04-03T02:27:19.433+0600][106.078s][info][gc,reloc    ] GC(199) y: Eden               3M (0%)          776M (62%)        287 / 176            4 / 0             13 / 0        
[2026-04-03T02:27:19.433+0600][106.078s][info][gc,reloc    ] GC(199) y: Survivor 1         0M (0%)            5M (0%)           3 / 3              0 / 0              0 / 0        
[2026-04-03T02:27:19.433+0600][106.078s][info][gc,reloc    ] GC(199) y: Survivor 2         1M (0%)            6M (1%)           4 / 4              0 / 0              0 / 0        
[2026-04-03T02:27:19.433+0600][106.078s][info][gc,reloc    ] GC(199) y: Survivor 3         0M (0%)            3M (0%)           2 / 1              0 / 0              0 / 0        
[2026-04-03T02:27:19.433+0600][106.078s][info][gc,heap     ] GC(199) y: Min Capacity: 8M(1%)
[2026-04-03T02:27:19.433+0600][106.078s][info][gc,heap     ] GC(199) y: Max Capacity: 1250M(100%)
[2026-04-03T02:27:19.433+0600][106.078s][info][gc,heap     ] GC(199) y: Soft Max Capacity: 1250M(100%)
[2026-04-03T02:27:19.433+0600][106.078s][info][gc,heap     ] GC(199) y: Heap Statistics:
[2026-04-03T02:27:19.433+0600][106.078s][info][gc,heap     ] GC(199) y:                Mark Start          Mark End        Relocate Start      Relocate End           High               Low         
[2026-04-03T02:27:19.433+0600][106.078s][info][gc,heap     ] GC(199) y:  Capacity:     1250M (100%)       1250M (100%)       1250M (100%)       1250M (100%)       1250M (100%)       1250M (100%)   
[2026-04-03T02:27:19.433+0600][106.078s][info][gc,heap     ] GC(199) y:      Free:      272M (22%)         250M (20%)         642M (51%)         988M (79%)         988M (79%)         250M (20%)    
[2026-04-03T02:27:19.433+0600][106.078s][info][gc,heap     ] GC(199) y:      Used:      978M (78%)        1000M (80%)         608M (49%)         262M (21%)        1000M (80%)         262M (21%)    
[2026-04-03T02:27:19.433+0600][106.078s][info][gc,heap     ] GC(199) y: Young Generation Statistics:
[2026-04-03T02:27:19.433+0600][106.078s][info][gc,heap     ] GC(199) y:                Mark Start          Mark End        Relocate Start      Relocate End    
[2026-04-03T02:27:19.433+0600][106.078s][info][gc,heap     ] GC(199) y:      Used:      798M (64%)         820M (66%)         428M (34%)          82M (7%)     
[2026-04-03T02:27:19.433+0600][106.078s][info][gc,heap     ] GC(199) y:      Live:         -                 4M (0%)            4M (0%)            4M (0%)     
[2026-04-03T02:27:19.433+0600][106.078s][info][gc,heap     ] GC(199) y:   Garbage:         -               793M (63%)         369M (30%)           0M (0%)     
[2026-04-03T02:27:19.433+0600][106.078s][info][gc,heap     ] GC(199) y: Allocated:         -                22M (2%)           54M (4%)           77M (6%)     
[2026-04-03T02:27:19.433+0600][106.078s][info][gc,heap     ] GC(199) y: Reclaimed:         -                  -               424M (34%)         793M (63%)    
[2026-04-03T02:27:19.433+0600][106.078s][info][gc,heap     ] GC(199) y:  Promoted:         -                  -                 0M (0%)            0M (0%)     
[2026-04-03T02:27:19.433+0600][106.078s][info][gc,heap     ] GC(199) y: Compacted:         -                  -                  -                 4M (0%)     
[2026-04-03T02:27:19.433+0600][106.078s][info][gc,phases   ] GC(199) y: Young Generation 978M(78%)->262M(21%) 0.028s
[2026-04-03T02:27:19.433+0600][106.078s][info][gc          ] GC(199) Minor Collection (Allocation Rate) 978M(78%)->262M(21%) 0.028s
[2026-04-03T02:27:19.808+0600][106.453s][info][gc          ] GC(200) Minor Collection (Allocation Rate)
[2026-04-03T02:27:19.808+0600][106.453s][info][gc,task     ] GC(200) Using 1 Workers for Young Generation
[2026-04-03T02:27:19.808+0600][106.453s][info][gc,phases   ] GC(200) y: Young Generation
[2026-04-03T02:27:19.808+0600][106.453s][info][gc,phases   ] GC(200) y: Pause Mark Start 0.025ms
[2026-04-03T02:27:19.821+0600][106.465s][info][gc,task     ] Adjusting Workers for Young Generation: 1 -> 3
[2026-04-03T02:27:19.839+0600][106.484s][info][gc,phases   ] GC(200) y: Concurrent Mark 30.626ms
[2026-04-03T02:27:19.839+0600][106.484s][info][gc,phases   ] GC(200) y: Pause Mark End 0.021ms
[2026-04-03T02:27:19.839+0600][106.484s][info][gc,phases   ] GC(200) y: Concurrent Mark Free 0.002ms
[2026-04-03T02:27:19.839+0600][106.484s][info][gc,phases   ] GC(200) y: Concurrent Reset Relocation Set 0.016ms
[2026-04-03T02:27:19.841+0600][106.486s][info][gc,reloc    ] GC(200) y: Using tenuring threshold: 2 (Computed)
[2026-04-03T02:27:19.842+0600][106.486s][info][gc,phases   ] GC(200) y: Concurrent Select Relocation Set 2.416ms
[2026-04-03T02:27:19.842+0600][106.487s][info][gc,phases   ] GC(200) y: Pause Relocate Start 0.015ms
[2026-04-03T02:27:19.845+0600][106.489s][info][gc,phases   ] GC(200) y: Concurrent Relocate 2.646ms
[2026-04-03T02:27:19.845+0600][106.489s][info][gc,alloc    ] GC(200) y:                         Mark Start        Mark End      Relocate Start    Relocate End   
[2026-04-03T02:27:19.845+0600][106.489s][info][gc,alloc    ] GC(200) y: Allocation Stalls:          0                0                0                0         
[2026-04-03T02:27:19.845+0600][106.489s][info][gc,load     ] GC(200) y: Load: 5.41 (45%) / 5.88 (49%) / 5.86 (49%)
[2026-04-03T02:27:19.845+0600][106.489s][info][gc,mmu      ] GC(200) y: MMU: 2ms/95.1%, 5ms/97.6%, 10ms/98.7%, 20ms/99.4%, 50ms/99.6%, 100ms/99.8%
[2026-04-03T02:27:19.845+0600][106.489s][info][gc,marking  ] GC(200) y: Mark: 1 stripe(s), 2 proactive flush(es), 1 terminate flush(es), 0 completion(s), 0 continuation(s) 
[2026-04-03T02:27:19.845+0600][106.489s][info][gc,marking  ] GC(200) y: Mark Stack Usage: 32M
[2026-04-03T02:27:19.845+0600][106.489s][info][gc,nmethod  ] GC(200) y: NMethods: 13759 registered, 4654 unregistered
[2026-04-03T02:27:19.845+0600][106.489s][info][gc,metaspace] GC(200) y: Metaspace: 128M used, 130M committed, 1152M reserved
[2026-04-03T02:27:19.845+0600][106.489s][info][gc,reloc    ] GC(200) y:                        Candidates     Selected     In-Place         Size        Empty    Relocated 
[2026-04-03T02:27:19.845+0600][106.489s][info][gc,reloc    ] GC(200) y: Small Pages:                  251           89            0         502M         312M           5M 
[2026-04-03T02:27:19.845+0600][106.489s][info][gc,reloc    ] GC(200) y: Medium Pages:                   2            0            0          64M          64M           0M 
[2026-04-03T02:27:19.845+0600][106.489s][info][gc,reloc    ] GC(200) y: Large Pages:                   35            0            0         210M         186M           0M 
[2026-04-03T02:27:19.845+0600][106.489s][info][gc,reloc    ] GC(200) y: Forwarding Usage: 0M
[2026-04-03T02:27:19.845+0600][106.489s][info][gc,reloc    ] GC(200) y: Age Table:
[2026-04-03T02:27:19.845+0600][106.489s][info][gc,reloc    ] GC(200) y:                    Live             Garbage             Small              Medium             Large        
[2026-04-03T02:27:19.845+0600][106.489s][info][gc,reloc    ] GC(200) y: Eden              28M (2%)          721M (58%)        238 / 81             2 / 0             35 / 0        
[2026-04-03T02:27:19.845+0600][106.489s][info][gc,reloc    ] GC(200) y: Survivor 1         2M (0%)            7M (1%)           5 / 1              0 / 0              0 / 0        
[2026-04-03T02:27:19.845+0600][106.489s][info][gc,reloc    ] GC(200) y: Survivor 2         0M (0%)            1M (0%)           1 / 1              0 / 0              0 / 0        
[2026-04-03T02:27:19.845+0600][106.489s][info][gc,reloc    ] GC(200) y: Survivor 3         1M (0%)            8M (1%)           5 / 4              0 / 0              0 / 0        
[2026-04-03T02:27:19.845+0600][106.489s][info][gc,reloc    ] GC(200) y: Survivor 4         0M (0%)            3M (0%)           2 / 2              0 / 0              0 / 0        
[2026-04-03T02:27:19.845+0600][106.489s][info][gc,heap     ] GC(200) y: Min Capacity: 8M(1%)
[2026-04-03T02:27:19.845+0600][106.490s][info][gc,heap     ] GC(200) y: Max Capacity: 1250M(100%)
[2026-04-03T02:27:19.845+0600][106.490s][info][gc,heap     ] GC(200) y: Soft Max Capacity: 1250M(100%)
[2026-04-03T02:27:19.845+0600][106.490s][info][gc,heap     ] GC(200) y: Heap Statistics:
[2026-04-03T02:27:19.845+0600][106.490s][info][gc,heap     ] GC(200) y:                Mark Start          Mark End        Relocate Start      Relocate End           High               Low         
[2026-04-03T02:27:19.845+0600][106.490s][info][gc,heap     ] GC(200) y:  Capacity:     1250M (100%)       1250M (100%)       1250M (100%)       1250M (100%)       1250M (100%)       1250M (100%)   
[2026-04-03T02:27:19.845+0600][106.490s][info][gc,heap     ] GC(200) y:      Free:      294M (24%)           2M (0%)          558M (45%)         720M (58%)         720M (58%)           2M (0%)     
[2026-04-03T02:27:19.845+0600][106.490s][info][gc,heap     ] GC(200) y:      Used:      956M (76%)        1248M (100%)        692M (55%)         530M (42%)        1248M (100%)        530M (42%)    
[2026-04-03T02:27:19.845+0600][106.490s][info][gc,heap     ] GC(200) y: Young Generation Statistics:
[2026-04-03T02:27:19.845+0600][106.490s][info][gc,heap     ] GC(200) y:                Mark Start          Mark End        Relocate Start      Relocate End    
[2026-04-03T02:27:19.845+0600][106.490s][info][gc,heap     ] GC(200) y:      Used:      776M (62%)        1068M (85%)         512M (41%)         344M (28%)    
[2026-04-03T02:27:19.845+0600][106.490s][info][gc,heap     ] GC(200) y:      Live:         -                32M (3%)           32M (3%)           31M (2%)     
[2026-04-03T02:27:19.845+0600][106.490s][info][gc,heap     ] GC(200) y:   Garbage:         -               743M (59%)         181M (14%)           1M (0%)     
[2026-04-03T02:27:19.845+0600][106.490s][info][gc,heap     ] GC(200) y: Allocated:         -               292M (23%)         298M (24%)         311M (25%)    
[2026-04-03T02:27:19.845+0600][106.490s][info][gc,heap     ] GC(200) y: Reclaimed:         -                  -               562M (45%)         741M (59%)    
[2026-04-03T02:27:19.845+0600][106.490s][info][gc,heap     ] GC(200) y:  Promoted:         -                  -                 0M (0%)            1M (0%)     
[2026-04-03T02:27:19.845+0600][106.490s][info][gc,heap     ] GC(200) y: Compacted:         -                  -                  -                 4M (0%)     
[2026-04-03T02:27:19.845+0600][106.490s][info][gc,phases   ] GC(200) y: Young Generation 950M(76%)->530M(42%) 0.037s
[2026-04-03T02:27:19.845+0600][106.490s][info][gc          ] GC(200) Minor Collection (Allocation Rate) 950M(76%)->530M(42%) 0.037s
[2026-04-03T02:27:19.911+0600][106.556s][info][gc          ] GC(201) Minor Collection (Allocation Rate)
[2026-04-03T02:27:19.911+0600][106.556s][info][gc,task     ] GC(201) Using 2 Workers for Young Generation
[2026-04-03T02:27:19.911+0600][106.556s][info][gc,phases   ] GC(201) y: Young Generation
[2026-04-03T02:27:19.911+0600][106.556s][info][gc,phases   ] GC(201) y: Pause Mark Start 0.025ms
[2026-04-03T02:27:19.941+0600][106.586s][info][gc,phases   ] GC(201) y: Concurrent Mark 29.902ms
[2026-04-03T02:27:19.942+0600][106.586s][info][gc,phases   ] GC(201) y: Pause Mark End 0.024ms
[2026-04-03T02:27:19.942+0600][106.587s][info][gc,phases   ] GC(201) y: Concurrent Mark Free 0.002ms
[2026-04-03T02:27:19.942+0600][106.587s][info][gc,phases   ] GC(201) y: Concurrent Reset Relocation Set 0.014ms
[2026-04-03T02:27:19.944+0600][106.589s][info][gc,reloc    ] GC(201) y: Using tenuring threshold: 3 (Computed)
[2026-04-03T02:27:19.944+0600][106.589s][info][gc,phases   ] GC(201) y: Concurrent Select Relocation Set 2.270ms
[2026-04-03T02:27:19.944+0600][106.589s][info][gc,phases   ] GC(201) y: Pause Relocate Start 0.020ms
[2026-04-03T02:27:19.947+0600][106.592s][info][gc,phases   ] GC(201) y: Concurrent Relocate 2.418ms
[2026-04-03T02:27:19.947+0600][106.592s][info][gc,alloc    ] GC(201) y:                         Mark Start        Mark End      Relocate Start    Relocate End   
[2026-04-03T02:27:19.947+0600][106.592s][info][gc,alloc    ] GC(201) y: Allocation Stalls:          0                0                0                0         
[2026-04-03T02:27:19.947+0600][106.592s][info][gc,load     ] GC(201) y: Load: 5.41 (45%) / 5.88 (49%) / 5.86 (49%)
[2026-04-03T02:27:19.947+0600][106.592s][info][gc,mmu      ] GC(201) y: MMU: 2ms/95.1%, 5ms/97.6%, 10ms/98.7%, 20ms/99.4%, 50ms/99.6%, 100ms/99.8%
[2026-04-03T02:27:19.947+0600][106.592s][info][gc,marking  ] GC(201) y: Mark: 2 stripe(s), 3 proactive flush(es), 1 terminate flush(es), 0 completion(s), 0 continuation(s) 
[2026-04-03T02:27:19.947+0600][106.592s][info][gc,marking  ] GC(201) y: Mark Stack Usage: 32M
[2026-04-03T02:27:19.947+0600][106.592s][info][gc,nmethod  ] GC(201) y: NMethods: 13759 registered, 4654 unregistered
[2026-04-03T02:27:19.947+0600][106.592s][info][gc,metaspace] GC(201) y: Metaspace: 128M used, 130M committed, 1152M reserved
[2026-04-03T02:27:19.947+0600][106.592s][info][gc,reloc    ] GC(201) y:                        Candidates     Selected     In-Place         Size        Empty    Relocated 
[2026-04-03T02:27:19.947+0600][106.592s][info][gc,reloc    ] GC(201) y: Small Pages:                   50           36            0         100M          16M           4M 
[2026-04-03T02:27:19.947+0600][106.592s][info][gc,reloc    ] GC(201) y: Medium Pages:                   1            0            0          32M          32M           0M 
[2026-04-03T02:27:19.947+0600][106.592s][info][gc,reloc    ] GC(201) y: Large Pages:                   86            0            0         516M         492M           0M 
[2026-04-03T02:27:19.947+0600][106.592s][info][gc,reloc    ] GC(201) y: Forwarding Usage: 0M
[2026-04-03T02:27:19.947+0600][106.592s][info][gc,reloc    ] GC(201) y: Age Table:
[2026-04-03T02:27:19.947+0600][106.592s][info][gc,reloc    ] GC(201) y:                    Live             Garbage             Small              Medium             Large        
[2026-04-03T02:27:19.947+0600][106.592s][info][gc,reloc    ] GC(201) y: Eden              28M (2%)          579M (46%)         42 / 32             1 / 0             82 / 0        
[2026-04-03T02:27:19.947+0600][106.592s][info][gc,reloc    ] GC(201) y: Survivor 1         1M (0%)           32M (3%)           5 / 3              0 / 0              4 / 0        
[2026-04-03T02:27:19.947+0600][106.592s][info][gc,reloc    ] GC(201) y: Survivor 2         2M (0%)            3M (0%)           3 / 1              0 / 0              0 / 0        
[2026-04-03T02:27:19.947+0600][106.592s][info][gc,heap     ] GC(201) y: Min Capacity: 8M(1%)
[2026-04-03T02:27:19.947+0600][106.592s][info][gc,heap     ] GC(201) y: Max Capacity: 1250M(100%)
[2026-04-03T02:27:19.947+0600][106.592s][info][gc,heap     ] GC(201) y: Soft Max Capacity: 1250M(100%)
[2026-04-03T02:27:19.947+0600][106.592s][info][gc,heap     ] GC(201) y: Heap Statistics:
[2026-04-03T02:27:19.947+0600][106.592s][info][gc,heap     ] GC(201) y:                Mark Start          Mark End        Relocate Start      Relocate End           High               Low         
[2026-04-03T02:27:19.947+0600][106.592s][info][gc,heap     ] GC(201) y:  Capacity:     1250M (100%)       1250M (100%)       1250M (100%)       1250M (100%)       1250M (100%)       1250M (100%)   
[2026-04-03T02:27:19.947+0600][106.592s][info][gc,heap     ] GC(201) y:      Free:      416M (33%)         222M (18%)         760M (61%)         820M (66%)         820M (66%)         222M (18%)    
[2026-04-03T02:27:19.947+0600][106.592s][info][gc,heap     ] GC(201) y:      Used:      834M (67%)        1028M (82%)         490M (39%)         430M (34%)        1028M (82%)         430M (34%)    
[2026-04-03T02:27:19.947+0600][106.592s][info][gc,heap     ] GC(201) y: Young Generation Statistics:
[2026-04-03T02:27:19.947+0600][106.592s][info][gc,heap     ] GC(201) y:                Mark Start          Mark End        Relocate Start      Relocate End    
[2026-04-03T02:27:19.947+0600][106.592s][info][gc,heap     ] GC(201) y:      Used:      648M (52%)         842M (67%)         304M (24%)         244M (20%)    
[2026-04-03T02:27:19.947+0600][106.592s][info][gc,heap     ] GC(201) y:      Live:         -                32M (3%)           32M (3%)           32M (3%)     
[2026-04-03T02:27:19.947+0600][106.592s][info][gc,heap     ] GC(201) y:   Garbage:         -               615M (49%)          75M (6%)            1M (0%)     
[2026-04-03T02:27:19.947+0600][106.592s][info][gc,heap     ] GC(201) y: Allocated:         -               194M (16%)         196M (16%)         209M (17%)    
[2026-04-03T02:27:19.947+0600][106.592s][info][gc,heap     ] GC(201) y: Reclaimed:         -                  -               540M (43%)         613M (49%)    
[2026-04-03T02:27:19.947+0600][106.592s][info][gc,heap     ] GC(201) y:  Promoted:         -                  -                 0M (0%)            0M (0%)     
[2026-04-03T02:27:19.947+0600][106.592s][info][gc,heap     ] GC(201) y: Compacted:         -                  -                  -                 6M (0%)     
[2026-04-03T02:27:19.947+0600][106.592s][info][gc,phases   ] GC(201) y: Young Generation 834M(67%)->430M(34%) 0.036s
[2026-04-03T02:27:19.947+0600][106.592s][info][gc          ] GC(201) Minor Collection (Allocation Rate) 834M(67%)->430M(34%) 0.036s
[2026-04-03T02:27:20.005+0600][106.650s][info][gc          ] GC(202) Minor Collection (Allocation Rate)
[2026-04-03T02:27:20.005+0600][106.650s][info][gc,task     ] GC(202) Using 2 Workers for Young Generation
[2026-04-03T02:27:20.005+0600][106.650s][info][gc,phases   ] GC(202) y: Young Generation
[2026-04-03T02:27:20.006+0600][106.650s][info][gc,phases   ] GC(202) y: Pause Mark Start 0.019ms
[2026-04-03T02:27:20.028+0600][106.673s][info][gc,phases   ] GC(202) y: Concurrent Mark 22.306ms
[2026-04-03T02:27:20.028+0600][106.673s][info][gc,phases   ] GC(202) y: Pause Mark End 0.034ms
[2026-04-03T02:27:20.028+0600][106.673s][info][gc,phases   ] GC(202) y: Concurrent Mark Free 0.003ms
[2026-04-03T02:27:20.028+0600][106.673s][info][gc,phases   ] GC(202) y: Concurrent Reset Relocation Set 0.012ms
[2026-04-03T02:27:20.032+0600][106.676s][info][gc,reloc    ] GC(202) y: Using tenuring threshold: 4 (Computed)
[2026-04-03T02:27:20.032+0600][106.677s][info][gc,phases   ] GC(202) y: Concurrent Select Relocation Set 3.635ms
[2026-04-03T02:27:20.032+0600][106.677s][info][gc,phases   ] GC(202) y: Pause Relocate Start 0.020ms
[2026-04-03T02:27:20.034+0600][106.679s][info][gc,phases   ] GC(202) y: Concurrent Relocate 2.244ms
[2026-04-03T02:27:20.035+0600][106.679s][info][gc,alloc    ] GC(202) y:                         Mark Start        Mark End      Relocate Start    Relocate End   
[2026-04-03T02:27:20.035+0600][106.679s][info][gc,alloc    ] GC(202) y: Allocation Stalls:          0                0                0                0         
[2026-04-03T02:27:20.035+0600][106.679s][info][gc,load     ] GC(202) y: Load: 5.41 (45%) / 5.88 (49%) / 5.86 (49%)
[2026-04-03T02:27:20.035+0600][106.679s][info][gc,mmu      ] GC(202) y: MMU: 2ms/95.1%, 5ms/97.6%, 10ms/98.7%, 20ms/99.4%, 50ms/99.6%, 100ms/99.8%
[2026-04-03T02:27:20.035+0600][106.679s][info][gc,marking  ] GC(202) y: Mark: 2 stripe(s), 2 proactive flush(es), 1 terminate flush(es), 0 completion(s), 0 continuation(s) 
[2026-04-03T02:27:20.035+0600][106.679s][info][gc,marking  ] GC(202) y: Mark Stack Usage: 32M
[2026-04-03T02:27:20.035+0600][106.679s][info][gc,nmethod  ] GC(202) y: NMethods: 13762 registered, 4654 unregistered
[2026-04-03T02:27:20.035+0600][106.679s][info][gc,metaspace] GC(202) y: Metaspace: 128M used, 130M committed, 1152M reserved
[2026-04-03T02:27:20.035+0600][106.679s][info][gc,reloc    ] GC(202) y:                        Candidates     Selected     In-Place         Size        Empty    Relocated 
[2026-04-03T02:27:20.035+0600][106.679s][info][gc,reloc    ] GC(202) y: Small Pages:                   53           38            0         106M          22M           3M 
[2026-04-03T02:27:20.035+0600][106.679s][info][gc,reloc    ] GC(202) y: Medium Pages:                   1            0            0          32M          32M           0M 
[2026-04-03T02:27:20.035+0600][106.679s][info][gc,reloc    ] GC(202) y: Large Pages:                   29            0            0         174M         174M           0M 
[2026-04-03T02:27:20.035+0600][106.679s][info][gc,reloc    ] GC(202) y: Forwarding Usage: 0M
[2026-04-03T02:27:20.035+0600][106.679s][info][gc,reloc    ] GC(202) y: Age Table:
[2026-04-03T02:27:20.035+0600][106.679s][info][gc,reloc    ] GC(202) y:                    Live             Garbage             Small              Medium             Large        
[2026-04-03T02:27:20.035+0600][106.679s][info][gc,reloc    ] GC(202) y: Eden               1M (0%)          262M (21%)         41 / 31             1 / 0             25 / 0        
[2026-04-03T02:27:20.035+0600][106.679s][info][gc,reloc    ] GC(202) y: Survivor 1         0M (0%)           35M (3%)           6 / 3              0 / 0              4 / 0        
[2026-04-03T02:27:20.035+0600][106.679s][info][gc,reloc    ] GC(202) y: Survivor 2         1M (0%)            4M (0%)           3 / 2              0 / 0              0 / 0        
[2026-04-03T02:27:20.035+0600][106.680s][info][gc,reloc    ] GC(202) y: Survivor 3         2M (0%)            3M (0%)           3 / 2              0 / 0              0 / 0        
[2026-04-03T02:27:20.035+0600][106.680s][info][gc,heap     ] GC(202) y: Min Capacity: 8M(1%)
[2026-04-03T02:27:20.035+0600][106.680s][info][gc,heap     ] GC(202) y: Max Capacity: 1250M(100%)
[2026-04-03T02:27:20.035+0600][106.680s][info][gc,heap     ] GC(202) y: Soft Max Capacity: 1250M(100%)
[2026-04-03T02:27:20.035+0600][106.680s][info][gc,heap     ] GC(202) y: Heap Statistics:
[2026-04-03T02:27:20.035+0600][106.680s][info][gc,heap     ] GC(202) y:                Mark Start          Mark End        Relocate Start      Relocate End           High               Low         
[2026-04-03T02:27:20.035+0600][106.680s][info][gc,heap     ] GC(202) y:  Capacity:     1250M (100%)       1250M (100%)       1250M (100%)       1250M (100%)       1250M (100%)       1250M (100%)   
[2026-04-03T02:27:20.035+0600][106.680s][info][gc,heap     ] GC(202) y:      Free:      752M (60%)         682M (55%)         910M (73%)         970M (78%)         970M (78%)         682M (55%)    
[2026-04-03T02:27:20.035+0600][106.680s][info][gc,heap     ] GC(202) y:      Used:      498M (40%)         568M (45%)         340M (27%)         280M (22%)         568M (45%)         280M (22%)    
[2026-04-03T02:27:20.035+0600][106.680s][info][gc,heap     ] GC(202) y: Young Generation Statistics:
[2026-04-03T02:27:20.035+0600][106.680s][info][gc,heap     ] GC(202) y:                Mark Start          Mark End        Relocate Start      Relocate End    
[2026-04-03T02:27:20.035+0600][106.680s][info][gc,heap     ] GC(202) y:      Used:      312M (25%)         382M (31%)         154M (12%)          94M (8%)     
[2026-04-03T02:27:20.035+0600][106.680s][info][gc,heap     ] GC(202) y:      Live:         -                 6M (1%)            6M (1%)            6M (1%)     
[2026-04-03T02:27:20.035+0600][106.680s][info][gc,heap     ] GC(202) y:   Garbage:         -               305M (24%)          77M (6%)            1M (0%)     
[2026-04-03T02:27:20.035+0600][106.680s][info][gc,heap     ] GC(202) y: Allocated:         -                70M (6%)           70M (6%)           86M (7%)     
[2026-04-03T02:27:20.035+0600][106.680s][info][gc,heap     ] GC(202) y: Reclaimed:         -                  -               228M (18%)         304M (24%)    
[2026-04-03T02:27:20.035+0600][106.680s][info][gc,heap     ] GC(202) y:  Promoted:         -                  -                 0M (0%)            0M (0%)     
[2026-04-03T02:27:20.035+0600][106.680s][info][gc,heap     ] GC(202) y: Compacted:         -                  -                  -                 3M (0%)     
[2026-04-03T02:27:20.035+0600][106.680s][info][gc,phases   ] GC(202) y: Young Generation 498M(40%)->280M(22%) 0.029s
[2026-04-03T02:27:20.035+0600][106.680s][info][gc          ] GC(202) Minor Collection (Allocation Rate) 498M(40%)->280M(22%) 0.030s
[2026-04-03T02:27:20.679+0600][107.324s][info][gc          ] GC(203) Minor Collection (Allocation Rate)
[2026-04-03T02:27:20.679+0600][107.324s][info][gc,task     ] GC(203) Using 2 Workers for Young Generation
[2026-04-03T02:27:20.679+0600][107.324s][info][gc,phases   ] GC(203) y: Young Generation
[2026-04-03T02:27:20.680+0600][107.324s][info][gc,phases   ] GC(203) y: Pause Mark Start 0.022ms
[2026-04-03T02:27:20.705+0600][107.350s][info][gc,phases   ] GC(203) y: Concurrent Mark 25.326ms
[2026-04-03T02:27:20.705+0600][107.350s][info][gc,phases   ] GC(203) y: Pause Mark End 0.026ms
[2026-04-03T02:27:20.705+0600][107.350s][info][gc,phases   ] GC(203) y: Concurrent Mark Free 0.002ms
[2026-04-03T02:27:20.705+0600][107.350s][info][gc,phases   ] GC(203) y: Concurrent Reset Relocation Set 0.010ms
[2026-04-03T02:27:20.711+0600][107.356s][info][gc,reloc    ] GC(203) y: Using tenuring threshold: 4 (Computed)
[2026-04-03T02:27:20.713+0600][107.358s][info][gc,phases   ] GC(203) y: Concurrent Select Relocation Set 7.559ms
[2026-04-03T02:27:20.713+0600][107.358s][info][gc,phases   ] GC(203) y: Pause Relocate Start 0.021ms
[2026-04-03T02:27:20.720+0600][107.365s][info][gc,phases   ] GC(203) y: Concurrent Relocate 6.627ms
[2026-04-03T02:27:20.720+0600][107.365s][info][gc,alloc    ] GC(203) y:                         Mark Start        Mark End      Relocate Start    Relocate End   
[2026-04-03T02:27:20.720+0600][107.365s][info][gc,alloc    ] GC(203) y: Allocation Stalls:          0                0                0                0         
[2026-04-03T02:27:20.720+0600][107.365s][info][gc,load     ] GC(203) y: Load: 5.41 (45%) / 5.88 (49%) / 5.86 (49%)
[2026-04-03T02:27:20.720+0600][107.365s][info][gc,mmu      ] GC(203) y: MMU: 2ms/95.1%, 5ms/97.6%, 10ms/98.7%, 20ms/99.4%, 50ms/99.6%, 100ms/99.8%
[2026-04-03T02:27:20.720+0600][107.365s][info][gc,marking  ] GC(203) y: Mark: 2 stripe(s), 2 proactive flush(es), 1 terminate flush(es), 0 completion(s), 0 continuation(s) 
[2026-04-03T02:27:20.720+0600][107.365s][info][gc,marking  ] GC(203) y: Mark Stack Usage: 32M
[2026-04-03T02:27:20.720+0600][107.365s][info][gc,nmethod  ] GC(203) y: NMethods: 13783 registered, 4654 unregistered
[2026-04-03T02:27:20.720+0600][107.365s][info][gc,metaspace] GC(203) y: Metaspace: 128M used, 130M committed, 1152M reserved
[2026-04-03T02:27:20.720+0600][107.365s][info][gc,reloc    ] GC(203) y:                        Candidates     Selected     In-Place         Size        Empty    Relocated 
[2026-04-03T02:27:20.720+0600][107.365s][info][gc,reloc    ] GC(203) y: Small Pages:                  207          167            0         414M          70M           4M 
[2026-04-03T02:27:20.720+0600][107.365s][info][gc,reloc    ] GC(203) y: Medium Pages:                   3            0            0          96M          64M           0M 
[2026-04-03T02:27:20.720+0600][107.365s][info][gc,reloc    ] GC(203) y: Large Pages:                   10            0            0          60M          60M           0M 
[2026-04-03T02:27:20.720+0600][107.365s][info][gc,reloc    ] GC(203) y: Forwarding Usage: 1M
[2026-04-03T02:27:20.720+0600][107.365s][info][gc,reloc    ] GC(203) y: Age Table:
[2026-04-03T02:27:20.720+0600][107.365s][info][gc,reloc    ] GC(203) y:                    Live             Garbage             Small              Medium             Large        
[2026-04-03T02:27:20.720+0600][107.365s][info][gc,reloc    ] GC(203) y: Eden               4M (0%)          547M (44%)        198 / 161            3 / 0             10 / 0        
[2026-04-03T02:27:20.720+0600][107.365s][info][gc,reloc    ] GC(203) y: Survivor 1         0M (0%)            3M (0%)           2 / 1              0 / 0              0 / 0        
[2026-04-03T02:27:20.720+0600][107.365s][info][gc,reloc    ] GC(203) y: Survivor 2         0M (0%)            3M (0%)           2 / 2              0 / 0              0 / 0        
[2026-04-03T02:27:20.720+0600][107.365s][info][gc,reloc    ] GC(203) y: Survivor 3         1M (0%)            2M (0%)           2 / 2              0 / 0              0 / 0        
[2026-04-03T02:27:20.720+0600][107.365s][info][gc,reloc    ] GC(203) y: Survivor 4         2M (0%)            3M (0%)           3 / 1              0 / 0              0 / 0        
[2026-04-03T02:27:20.720+0600][107.365s][info][gc,heap     ] GC(203) y: Min Capacity: 8M(1%)
[2026-04-03T02:27:20.720+0600][107.365s][info][gc,heap     ] GC(203) y: Max Capacity: 1250M(100%)
[2026-04-03T02:27:20.720+0600][107.365s][info][gc,heap     ] GC(203) y: Soft Max Capacity: 1250M(100%)
[2026-04-03T02:27:20.720+0600][107.365s][info][gc,heap     ] GC(203) y: Heap Statistics:
[2026-04-03T02:27:20.720+0600][107.365s][info][gc,heap     ] GC(203) y:                Mark Start          Mark End        Relocate Start      Relocate End           High               Low         
[2026-04-03T02:27:20.720+0600][107.365s][info][gc,heap     ] GC(203) y:  Capacity:     1250M (100%)       1250M (100%)       1250M (100%)       1250M (100%)       1250M (100%)       1250M (100%)   
[2026-04-03T02:27:20.720+0600][107.365s][info][gc,heap     ] GC(203) y:      Free:      494M (40%)         448M (36%)         636M (51%)         944M (76%)         944M (76%)         442M (35%)    
[2026-04-03T02:27:20.720+0600][107.365s][info][gc,heap     ] GC(203) y:      Used:      756M (60%)         802M (64%)         614M (49%)         306M (24%)         808M (65%)         306M (24%)    
[2026-04-03T02:27:20.720+0600][107.365s][info][gc,heap     ] GC(203) y: Young Generation Statistics:
[2026-04-03T02:27:20.720+0600][107.365s][info][gc,heap     ] GC(203) y:                Mark Start          Mark End        Relocate Start      Relocate End    
[2026-04-03T02:27:20.720+0600][107.365s][info][gc,heap     ] GC(203) y:      Used:      570M (46%)         616M (49%)         426M (34%)         116M (9%)     
[2026-04-03T02:27:20.720+0600][107.365s][info][gc,heap     ] GC(203) y:      Live:         -                10M (1%)            8M (1%)            7M (1%)     
[2026-04-03T02:27:20.720+0600][107.365s][info][gc,heap     ] GC(203) y:   Garbage:         -               559M (45%)         365M (29%)          29M (2%)     
[2026-04-03T02:27:20.720+0600][107.365s][info][gc,heap     ] GC(203) y: Allocated:         -                46M (4%)           52M (4%)           78M (6%)     
[2026-04-03T02:27:20.720+0600][107.365s][info][gc,heap     ] GC(203) y: Reclaimed:         -                  -               194M (16%)         529M (42%)    
[2026-04-03T02:27:20.720+0600][107.365s][info][gc,heap     ] GC(203) y:  Promoted:         -                  -                 1M (0%)            2M (0%)     
[2026-04-03T02:27:20.720+0600][107.365s][info][gc,heap     ] GC(203) y: Compacted:         -                  -                  -                 5M (0%)     
[2026-04-03T02:27:20.720+0600][107.365s][info][gc,phases   ] GC(203) y: Young Generation 756M(60%)->306M(24%) 0.041s
[2026-04-03T02:27:20.720+0600][107.365s][info][gc          ] GC(203) Minor Collection (Allocation Rate) 756M(60%)->306M(24%) 0.041s
[2026-04-03T02:27:21.097+0600][107.742s][info][gc          ] GC(204) Minor Collection (Allocation Rate)
[2026-04-03T02:27:21.097+0600][107.742s][info][gc,task     ] GC(204) Using 2 Workers for Young Generation
[2026-04-03T02:27:21.097+0600][107.742s][info][gc,phases   ] GC(204) y: Young Generation
[2026-04-03T02:27:21.098+0600][107.742s][info][gc,phases   ] GC(204) y: Pause Mark Start 0.023ms
[2026-04-03T02:27:21.132+0600][107.777s][info][gc,phases   ] GC(204) y: Concurrent Mark 34.231ms
[2026-04-03T02:27:21.132+0600][107.777s][info][gc,phases   ] GC(204) y: Pause Mark End 0.026ms
[2026-04-03T02:27:21.132+0600][107.777s][info][gc,phases   ] GC(204) y: Concurrent Mark Free 0.003ms
[2026-04-03T02:27:21.133+0600][107.777s][info][gc,phases   ] GC(204) y: Concurrent Reset Relocation Set 0.030ms
[2026-04-03T02:27:21.135+0600][107.779s][info][gc,reloc    ] GC(204) y: Using tenuring threshold: 5 (Computed)
[2026-04-03T02:27:21.135+0600][107.780s][info][gc,phases   ] GC(204) y: Concurrent Select Relocation Set 2.373ms
[2026-04-03T02:27:21.135+0600][107.780s][info][gc,phases   ] GC(204) y: Pause Relocate Start 0.022ms
[2026-04-03T02:27:21.140+0600][107.785s][info][gc,phases   ] GC(204) y: Concurrent Relocate 5.220ms
[2026-04-03T02:27:21.140+0600][107.785s][info][gc,alloc    ] GC(204) y:                         Mark Start        Mark End      Relocate Start    Relocate End   
[2026-04-03T02:27:21.140+0600][107.785s][info][gc,alloc    ] GC(204) y: Allocation Stalls:          0                0                0                0         
[2026-04-03T02:27:21.141+0600][107.785s][info][gc,load     ] GC(204) y: Load: 5.41 (45%) / 5.88 (49%) / 5.86 (49%)
[2026-04-03T02:27:21.141+0600][107.785s][info][gc,mmu      ] GC(204) y: MMU: 2ms/95.1%, 5ms/97.6%, 10ms/98.7%, 20ms/99.4%, 50ms/99.6%, 100ms/99.8%
[2026-04-03T02:27:21.141+0600][107.785s][info][gc,marking  ] GC(204) y: Mark: 2 stripe(s), 2 proactive flush(es), 1 terminate flush(es), 0 completion(s), 0 continuation(s) 
[2026-04-03T02:27:21.141+0600][107.785s][info][gc,marking  ] GC(204) y: Mark Stack Usage: 32M
[2026-04-03T02:27:21.141+0600][107.785s][info][gc,nmethod  ] GC(204) y: NMethods: 13788 registered, 4654 unregistered
[2026-04-03T02:27:21.141+0600][107.785s][info][gc,metaspace] GC(204) y: Metaspace: 128M used, 130M committed, 1152M reserved
[2026-04-03T02:27:21.141+0600][107.785s][info][gc,reloc    ] GC(204) y:                        Candidates     Selected     In-Place         Size        Empty    Relocated 
[2026-04-03T02:27:21.141+0600][107.785s][info][gc,reloc    ] GC(204) y: Small Pages:                  137           82            0         274M         100M           5M 
[2026-04-03T02:27:21.141+0600][107.785s][info][gc,reloc    ] GC(204) y: Medium Pages:                   3            0            0          96M          96M           0M 
[2026-04-03T02:27:21.141+0600][107.785s][info][gc,reloc    ] GC(204) y: Large Pages:                    7            0            0          42M          42M           0M 
[2026-04-03T02:27:21.141+0600][107.785s][info][gc,reloc    ] GC(204) y: Forwarding Usage: 1M
[2026-04-03T02:27:21.141+0600][107.785s][info][gc,reloc    ] GC(204) y: Age Table:
[2026-04-03T02:27:21.141+0600][107.785s][info][gc,reloc    ] GC(204) y:                    Live             Garbage             Small              Medium             Large        
[2026-04-03T02:27:21.141+0600][107.785s][info][gc,reloc    ] GC(204) y: Eden               3M (0%)          346M (28%)        122 / 69             2 / 0              7 / 0        
[2026-04-03T02:27:21.141+0600][107.785s][info][gc,reloc    ] GC(204) y: Survivor 1         1M (0%)           34M (3%)           2 / 1              1 / 0              0 / 0        
[2026-04-03T02:27:21.141+0600][107.785s][info][gc,reloc    ] GC(204) y: Survivor 2         0M (0%)            3M (0%)           2 / 2              0 / 0              0 / 0        
[2026-04-03T02:27:21.141+0600][107.785s][info][gc,reloc    ] GC(204) y: Survivor 3         0M (0%)           19M (2%)          10 / 10             0 / 0              0 / 0        
[2026-04-03T02:27:21.141+0600][107.785s][info][gc,reloc    ] GC(204) y: Survivor 4         1M (0%)            0M (0%)           1 / 0              0 / 0              0 / 0        
[2026-04-03T02:27:21.141+0600][107.785s][info][gc,heap     ] GC(204) y: Min Capacity: 8M(1%)
[2026-04-03T02:27:21.141+0600][107.785s][info][gc,heap     ] GC(204) y: Max Capacity: 1250M(100%)
[2026-04-03T02:27:21.141+0600][107.785s][info][gc,heap     ] GC(204) y: Soft Max Capacity: 1250M(100%)
[2026-04-03T02:27:21.141+0600][107.785s][info][gc,heap     ] GC(204) y: Heap Statistics:
[2026-04-03T02:27:21.141+0600][107.785s][info][gc,heap     ] GC(204) y:                Mark Start          Mark End        Relocate Start      Relocate End           High               Low         
[2026-04-03T02:27:21.141+0600][107.785s][info][gc,heap     ] GC(204) y:  Capacity:     1250M (100%)       1250M (100%)       1250M (100%)       1250M (100%)       1250M (100%)       1250M (100%)   
[2026-04-03T02:27:21.141+0600][107.785s][info][gc,heap     ] GC(204) y:      Free:      648M (52%)         590M (47%)         826M (66%)         954M (76%)         954M (76%)         588M (47%)    
[2026-04-03T02:27:21.141+0600][107.785s][info][gc,heap     ] GC(204) y:      Used:      602M (48%)         660M (53%)         424M (34%)         296M (24%)         662M (53%)         296M (24%)    
[2026-04-03T02:27:21.141+0600][107.785s][info][gc,heap     ] GC(204) y: Young Generation Statistics:
[2026-04-03T02:27:21.141+0600][107.785s][info][gc,heap     ] GC(204) y:                Mark Start          Mark End        Relocate Start      Relocate End    
[2026-04-03T02:27:21.141+0600][107.786s][info][gc,heap     ] GC(204) y:      Used:      412M (33%)         470M (38%)         234M (19%)         106M (8%)     
[2026-04-03T02:27:21.141+0600][107.786s][info][gc,heap     ] GC(204) y:      Live:         -                 8M (1%)            8M (1%)            8M (1%)     
[2026-04-03T02:27:21.141+0600][107.786s][info][gc,heap     ] GC(204) y:   Garbage:         -               403M (32%)         165M (13%)           0M (0%)     
[2026-04-03T02:27:21.141+0600][107.786s][info][gc,heap     ] GC(204) y: Allocated:         -                58M (5%)           60M (5%)           97M (8%)     
[2026-04-03T02:27:21.141+0600][107.786s][info][gc,heap     ] GC(204) y: Reclaimed:         -                  -               238M (19%)         403M (32%)    
[2026-04-03T02:27:21.141+0600][107.786s][info][gc,heap     ] GC(204) y:  Promoted:         -                  -                 0M (0%)            0M (0%)     
[2026-04-03T02:27:21.141+0600][107.786s][info][gc,heap     ] GC(204) y: Compacted:         -                  -                  -                 6M (1%)     
[2026-04-03T02:27:21.141+0600][107.786s][info][gc,phases   ] GC(204) y: Young Generation 602M(48%)->296M(24%) 0.043s
[2026-04-03T02:27:21.141+0600][107.786s][info][gc          ] GC(204) Minor Collection (Allocation Rate) 602M(48%)->296M(24%) 0.044s
[2026-04-03T02:27:21.935+0600][108.580s][info][gc          ] GC(205) Minor Collection (Allocation Rate)
[2026-04-03T02:27:21.936+0600][108.580s][info][gc,task     ] GC(205) Using 2 Workers for Young Generation
[2026-04-03T02:27:21.936+0600][108.580s][info][gc,phases   ] GC(205) y: Young Generation
[2026-04-03T02:27:21.936+0600][108.581s][info][gc,phases   ] GC(205) y: Pause Mark Start 0.041ms
[2026-04-03T02:27:21.977+0600][108.622s][info][gc,phases   ] GC(205) y: Concurrent Mark 41.234ms
[2026-04-03T02:27:21.977+0600][108.622s][info][gc,phases   ] GC(205) y: Pause Mark End 0.027ms
[2026-04-03T02:27:21.977+0600][108.622s][info][gc,phases   ] GC(205) y: Concurrent Mark Free 0.002ms
[2026-04-03T02:27:21.978+0600][108.622s][info][gc,phases   ] GC(205) y: Concurrent Reset Relocation Set 0.015ms
[2026-04-03T02:27:21.981+0600][108.626s][info][gc,reloc    ] GC(205) y: Using tenuring threshold: 4 (Computed)
[2026-04-03T02:27:21.983+0600][108.628s][info][gc,phases   ] GC(205) y: Concurrent Select Relocation Set 5.346ms
[2026-04-03T02:27:21.983+0600][108.628s][info][gc,phases   ] GC(205) y: Pause Relocate Start 0.022ms
[2026-04-03T02:27:21.995+0600][108.640s][info][gc,phases   ] GC(205) y: Concurrent Relocate 11.796ms
[2026-04-03T02:27:21.995+0600][108.640s][info][gc,alloc    ] GC(205) y:                         Mark Start        Mark End      Relocate Start    Relocate End   
[2026-04-03T02:27:21.995+0600][108.640s][info][gc,alloc    ] GC(205) y: Allocation Stalls:          0                0                0                0         
[2026-04-03T02:27:21.995+0600][108.640s][info][gc,load     ] GC(205) y: Load: 5.41 (45%) / 5.88 (49%) / 5.86 (49%)
[2026-04-03T02:27:21.995+0600][108.640s][info][gc,mmu      ] GC(205) y: MMU: 2ms/95.1%, 5ms/97.6%, 10ms/98.7%, 20ms/99.4%, 50ms/99.6%, 100ms/99.8%
[2026-04-03T02:27:21.995+0600][108.640s][info][gc,marking  ] GC(205) y: Mark: 2 stripe(s), 2 proactive flush(es), 1 terminate flush(es), 0 completion(s), 0 continuation(s) 
[2026-04-03T02:27:21.995+0600][108.640s][info][gc,marking  ] GC(205) y: Mark Stack Usage: 32M
[2026-04-03T02:27:21.995+0600][108.640s][info][gc,nmethod  ] GC(205) y: NMethods: 13796 registered, 4654 unregistered
[2026-04-03T02:27:21.995+0600][108.640s][info][gc,metaspace] GC(205) y: Metaspace: 128M used, 130M committed, 1152M reserved
[2026-04-03T02:27:21.995+0600][108.640s][info][gc,reloc    ] GC(205) y:                        Candidates     Selected     In-Place         Size        Empty    Relocated 
[2026-04-03T02:27:21.995+0600][108.640s][info][gc,reloc    ] GC(205) y: Small Pages:                  299          185            0         598M         214M           7M 
[2026-04-03T02:27:21.995+0600][108.640s][info][gc,reloc    ] GC(205) y: Medium Pages:                   4            0            0         128M         128M           0M 
[2026-04-03T02:27:21.995+0600][108.640s][info][gc,reloc    ] GC(205) y: Large Pages:                   16            0            0          96M          96M           0M 
[2026-04-03T02:27:21.995+0600][108.640s][info][gc,reloc    ] GC(205) y: Forwarding Usage: 2M
[2026-04-03T02:27:21.995+0600][108.640s][info][gc,reloc    ] GC(205) y: Age Table:
[2026-04-03T02:27:21.995+0600][108.640s][info][gc,reloc    ] GC(205) y:                    Live             Garbage             Small              Medium             Large        
[2026-04-03T02:27:21.995+0600][108.640s][info][gc,reloc    ] GC(205) y: Eden               6M (0%)          769M (62%)        276 / 172            4 / 0             16 / 0        
[2026-04-03T02:27:21.995+0600][108.640s][info][gc,reloc    ] GC(205) y: Survivor 1         0M (0%)           19M (2%)          10 / 2              0 / 0              0 / 0        
[2026-04-03T02:27:21.995+0600][108.640s][info][gc,reloc    ] GC(205) y: Survivor 2         1M (0%)            8M (1%)           5 / 4              0 / 0              0 / 0        
[2026-04-03T02:27:21.995+0600][108.640s][info][gc,reloc    ] GC(205) y: Survivor 3         0M (0%)            1M (0%)           1 / 1              0 / 0              0 / 0        
[2026-04-03T02:27:21.995+0600][108.640s][info][gc,reloc    ] GC(205) y: Survivor 4         0M (0%)           11M (1%)           6 / 6              0 / 0              0 / 0        
[2026-04-03T02:27:21.996+0600][108.640s][info][gc,reloc    ] GC(205) y: Survivor 5         1M (0%)            0M (0%)           1 / 0              0 / 0              0 / 0        
[2026-04-03T02:27:21.996+0600][108.640s][info][gc,heap     ] GC(205) y: Min Capacity: 8M(1%)
[2026-04-03T02:27:21.996+0600][108.640s][info][gc,heap     ] GC(205) y: Max Capacity: 1250M(100%)
[2026-04-03T02:27:21.996+0600][108.640s][info][gc,heap     ] GC(205) y: Soft Max Capacity: 1250M(100%)
[2026-04-03T02:27:21.996+0600][108.640s][info][gc,heap     ] GC(205) y: Heap Statistics:
[2026-04-03T02:27:21.996+0600][108.640s][info][gc,heap     ] GC(205) y:                Mark Start          Mark End        Relocate Start      Relocate End           High               Low         
[2026-04-03T02:27:21.996+0600][108.640s][info][gc,heap     ] GC(205) y:  Capacity:     1250M (100%)       1250M (100%)       1250M (100%)       1250M (100%)       1250M (100%)       1250M (100%)   
[2026-04-03T02:27:21.996+0600][108.640s][info][gc,heap     ] GC(205) y:      Free:      238M (19%)         168M (13%)         596M (48%)         922M (74%)         924M (74%)         168M (13%)    
[2026-04-03T02:27:21.996+0600][108.640s][info][gc,heap     ] GC(205) y:      Used:     1012M (81%)        1082M (87%)         654M (52%)         328M (26%)        1082M (87%)         326M (26%)    
[2026-04-03T02:27:21.996+0600][108.640s][info][gc,heap     ] GC(205) y: Young Generation Statistics:
[2026-04-03T02:27:21.996+0600][108.640s][info][gc,heap     ] GC(205) y:                Mark Start          Mark End        Relocate Start      Relocate End    
[2026-04-03T02:27:21.996+0600][108.640s][info][gc,heap     ] GC(205) y:      Used:      822M (66%)         892M (71%)         462M (37%)         132M (11%)    
[2026-04-03T02:27:21.996+0600][108.640s][info][gc,heap     ] GC(205) y:      Live:         -                11M (1%)            9M (1%)            9M (1%)     
[2026-04-03T02:27:21.996+0600][108.640s][info][gc,heap     ] GC(205) y:   Garbage:         -               810M (65%)         372M (30%)           0M (0%)     
[2026-04-03T02:27:21.996+0600][108.640s][info][gc,heap     ] GC(205) y: Allocated:         -                70M (6%)           80M (6%)          122M (10%)    
[2026-04-03T02:27:21.996+0600][108.640s][info][gc,heap     ] GC(205) y: Reclaimed:         -                  -               438M (35%)         810M (65%)    
[2026-04-03T02:27:21.996+0600][108.640s][info][gc,heap     ] GC(205) y:  Promoted:         -                  -                 1M (0%)            2M (0%)     
[2026-04-03T02:27:21.996+0600][108.640s][info][gc,heap     ] GC(205) y: Compacted:         -                  -                  -                 9M (1%)     
[2026-04-03T02:27:21.996+0600][108.640s][info][gc,phases   ] GC(205) y: Young Generation 1012M(81%)->328M(26%) 0.060s
[2026-04-03T02:27:21.996+0600][108.641s][info][gc          ] GC(205) Minor Collection (Allocation Rate) 1012M(81%)->332M(27%) 0.060s
[2026-04-03T02:27:22.242+0600][108.887s][info][gc          ] GC(206) Minor Collection (Allocation Rate)
[2026-04-03T02:27:22.242+0600][108.887s][info][gc,task     ] GC(206) Using 1 Workers for Young Generation
[2026-04-03T02:27:22.242+0600][108.887s][info][gc,phases   ] GC(206) y: Young Generation
[2026-04-03T02:27:22.243+0600][108.887s][info][gc,phases   ] GC(206) y: Pause Mark Start 0.026ms
[2026-04-03T02:27:22.290+0600][108.935s][info][gc,phases   ] GC(206) y: Concurrent Mark 47.684ms
[2026-04-03T02:27:22.291+0600][108.935s][info][gc,phases   ] GC(206) y: Pause Mark End 0.028ms
[2026-04-03T02:27:22.291+0600][108.935s][info][gc,phases   ] GC(206) y: Concurrent Mark Free 0.002ms
[2026-04-03T02:27:22.291+0600][108.935s][info][gc,phases   ] GC(206) y: Concurrent Reset Relocation Set 0.040ms
[2026-04-03T02:27:22.294+0600][108.938s][info][gc,reloc    ] GC(206) y: Using tenuring threshold: 5 (Computed)
[2026-04-03T02:27:22.294+0600][108.939s][info][gc,phases   ] GC(206) y: Concurrent Select Relocation Set 3.555ms
[2026-04-03T02:27:22.295+0600][108.939s][info][gc,phases   ] GC(206) y: Pause Relocate Start 0.025ms
[2026-04-03T02:27:22.303+0600][108.947s][info][gc,phases   ] GC(206) y: Concurrent Relocate 7.947ms
[2026-04-03T02:27:22.303+0600][108.947s][info][gc,alloc    ] GC(206) y:                         Mark Start        Mark End      Relocate Start    Relocate End   
[2026-04-03T02:27:22.303+0600][108.947s][info][gc,alloc    ] GC(206) y: Allocation Stalls:          0                0                0                0         
[2026-04-03T02:27:22.303+0600][108.947s][info][gc,load     ] GC(206) y: Load: 5.41 (45%) / 5.88 (49%) / 5.86 (49%)
[2026-04-03T02:27:22.303+0600][108.947s][info][gc,mmu      ] GC(206) y: MMU: 2ms/95.1%, 5ms/97.6%, 10ms/98.7%, 20ms/99.4%, 50ms/99.6%, 100ms/99.8%
[2026-04-03T02:27:22.303+0600][108.947s][info][gc,marking  ] GC(206) y: Mark: 1 stripe(s), 3 proactive flush(es), 1 terminate flush(es), 0 completion(s), 0 continuation(s) 
[2026-04-03T02:27:22.303+0600][108.947s][info][gc,marking  ] GC(206) y: Mark Stack Usage: 32M
[2026-04-03T02:27:22.303+0600][108.948s][info][gc,nmethod  ] GC(206) y: NMethods: 13798 registered, 4654 unregistered
[2026-04-03T02:27:22.303+0600][108.948s][info][gc,metaspace] GC(206) y: Metaspace: 128M used, 130M committed, 1152M reserved
[2026-04-03T02:27:22.303+0600][108.948s][info][gc,reloc    ] GC(206) y:                        Candidates     Selected     In-Place         Size        Empty    Relocated 
[2026-04-03T02:27:22.303+0600][108.948s][info][gc,reloc    ] GC(206) y: Small Pages:                  236           66            0         472M         330M           4M 
[2026-04-03T02:27:22.303+0600][108.948s][info][gc,reloc    ] GC(206) y: Medium Pages:                   1            0            0          32M          32M           0M 
[2026-04-03T02:27:22.303+0600][108.948s][info][gc,reloc    ] GC(206) y: Large Pages:                    6            0            0          36M          36M           0M 
[2026-04-03T02:27:22.303+0600][108.948s][info][gc,reloc    ] GC(206) y: Forwarding Usage: 1M
[2026-04-03T02:27:22.303+0600][108.948s][info][gc,reloc    ] GC(206) y: Age Table:
[2026-04-03T02:27:22.303+0600][108.948s][info][gc,reloc    ] GC(206) y:                    Live             Garbage             Small              Medium             Large        
[2026-04-03T02:27:22.303+0600][108.948s][info][gc,reloc    ] GC(206) y: Eden               2M (0%)          503M (40%)        219 / 59             1 / 0              6 / 0        
[2026-04-03T02:27:22.303+0600][108.948s][info][gc,reloc    ] GC(206) y: Survivor 1         2M (0%)           21M (2%)          12 / 4              0 / 0              0 / 0        
[2026-04-03T02:27:22.303+0600][108.948s][info][gc,reloc    ] GC(206) y: Survivor 2         0M (0%)            3M (0%)           2 / 2              0 / 0              0 / 0        
[2026-04-03T02:27:22.303+0600][108.948s][info][gc,reloc    ] GC(206) y: Survivor 3         1M (0%)            2M (0%)           2 / 1              0 / 0              0 / 0        
[2026-04-03T02:27:22.303+0600][108.948s][info][gc,reloc    ] GC(206) y: Survivor 4         0M (0%)            1M (0%)           1 / 0              0 / 0              0 / 0        
[2026-04-03T02:27:22.303+0600][108.948s][info][gc,heap     ] GC(206) y: Min Capacity: 8M(1%)
[2026-04-03T02:27:22.303+0600][108.948s][info][gc,heap     ] GC(206) y: Max Capacity: 1250M(100%)
[2026-04-03T02:27:22.303+0600][108.948s][info][gc,heap     ] GC(206) y: Soft Max Capacity: 1250M(100%)
[2026-04-03T02:27:22.303+0600][108.948s][info][gc,heap     ] GC(206) y: Heap Statistics:
[2026-04-03T02:27:22.303+0600][108.948s][info][gc,heap     ] GC(206) y:                Mark Start          Mark End        Relocate Start      Relocate End           High               Low         
[2026-04-03T02:27:22.303+0600][108.948s][info][gc,heap     ] GC(206) y:  Capacity:     1250M (100%)       1250M (100%)       1250M (100%)       1250M (100%)       1250M (100%)       1250M (100%)   
[2026-04-03T02:27:22.303+0600][108.948s][info][gc,heap     ] GC(206) y:      Free:      514M (41%)         412M (33%)         772M (62%)         866M (69%)         872M (70%)         412M (33%)    
[2026-04-03T02:27:22.303+0600][108.948s][info][gc,heap     ] GC(206) y:      Used:      736M (59%)         838M (67%)         478M (38%)         384M (31%)         838M (67%)         378M (30%)    
[2026-04-03T02:27:22.303+0600][108.948s][info][gc,heap     ] GC(206) y: Young Generation Statistics:
[2026-04-03T02:27:22.303+0600][108.948s][info][gc,heap     ] GC(206) y:                Mark Start          Mark End        Relocate Start      Relocate End    
[2026-04-03T02:27:22.303+0600][108.948s][info][gc,heap     ] GC(206) y:      Used:      540M (43%)         642M (51%)         282M (23%)         188M (15%)    
[2026-04-03T02:27:22.303+0600][108.948s][info][gc,heap     ] GC(206) y:      Live:         -                 8M (1%)            8M (1%)            8M (1%)     
[2026-04-03T02:27:22.303+0600][108.948s][info][gc,heap     ] GC(206) y:   Garbage:         -               531M (43%)         133M (11%)           0M (0%)     
[2026-04-03T02:27:22.303+0600][108.948s][info][gc,heap     ] GC(206) y: Allocated:         -               102M (8%)          140M (11%)         179M (14%)    
[2026-04-03T02:27:22.303+0600][108.948s][info][gc,heap     ] GC(206) y: Reclaimed:         -                  -               398M (32%)         531M (42%)    
[2026-04-03T02:27:22.303+0600][108.948s][info][gc,heap     ] GC(206) y:  Promoted:         -                  -                 0M (0%)            0M (0%)     
[2026-04-03T02:27:22.303+0600][108.948s][info][gc,heap     ] GC(206) y: Compacted:         -                  -                  -                 6M (1%)     
[2026-04-03T02:27:22.303+0600][108.948s][info][gc,phases   ] GC(206) y: Young Generation 736M(59%)->384M(31%) 0.060s
[2026-04-03T02:27:22.303+0600][108.948s][info][gc          ] GC(206) Minor Collection (Allocation Rate) 736M(59%)->384M(31%) 0.061s
[2026-04-03T02:27:22.413+0600][109.058s][info][gc          ] GC(207) Minor Collection (Allocation Rate)
[2026-04-03T02:27:22.413+0600][109.058s][info][gc,task     ] GC(207) Using 1 Workers for Young Generation
[2026-04-03T02:27:22.413+0600][109.058s][info][gc,phases   ] GC(207) y: Young Generation
[2026-04-03T02:27:22.414+0600][109.058s][info][gc,phases   ] GC(207) y: Pause Mark Start 0.047ms
[2026-04-03T02:27:22.448+0600][109.093s][info][gc,phases   ] GC(207) y: Concurrent Mark 34.569ms
[2026-04-03T02:27:22.449+0600][109.093s][info][gc,phases   ] GC(207) y: Pause Mark End 0.019ms
[2026-04-03T02:27:22.449+0600][109.093s][info][gc,phases   ] GC(207) y: Concurrent Mark Free 0.001ms
[2026-04-03T02:27:22.449+0600][109.093s][info][gc,phases   ] GC(207) y: Concurrent Reset Relocation Set 0.016ms
[2026-04-03T02:27:22.451+0600][109.096s][info][gc,reloc    ] GC(207) y: Using tenuring threshold: 3 (Computed)
[2026-04-03T02:27:22.453+0600][109.097s][info][gc,phases   ] GC(207) y: Concurrent Select Relocation Set 3.867ms
[2026-04-03T02:27:22.453+0600][109.097s][info][gc,phases   ] GC(207) y: Pause Relocate Start 0.014ms
[2026-04-03T02:27:22.459+0600][109.103s][info][gc,phases   ] GC(207) y: Concurrent Relocate 5.711ms
[2026-04-03T02:27:22.459+0600][109.103s][info][gc,alloc    ] GC(207) y:                         Mark Start        Mark End      Relocate Start    Relocate End   
[2026-04-03T02:27:22.459+0600][109.103s][info][gc,alloc    ] GC(207) y: Allocation Stalls:          0                0                0                0         
[2026-04-03T02:27:22.459+0600][109.104s][info][gc,load     ] GC(207) y: Load: 5.41 (45%) / 5.88 (49%) / 5.86 (49%)
[2026-04-03T02:27:22.459+0600][109.104s][info][gc,mmu      ] GC(207) y: MMU: 2ms/95.1%, 5ms/97.6%, 10ms/98.7%, 20ms/99.4%, 50ms/99.6%, 100ms/99.8%
[2026-04-03T02:27:22.459+0600][109.104s][info][gc,marking  ] GC(207) y: Mark: 1 stripe(s), 2 proactive flush(es), 1 terminate flush(es), 0 completion(s), 0 continuation(s) 
[2026-04-03T02:27:22.459+0600][109.104s][info][gc,marking  ] GC(207) y: Mark Stack Usage: 32M
[2026-04-03T02:27:22.459+0600][109.104s][info][gc,nmethod  ] GC(207) y: NMethods: 13799 registered, 4654 unregistered
[2026-04-03T02:27:22.459+0600][109.104s][info][gc,metaspace] GC(207) y: Metaspace: 128M used, 130M committed, 1152M reserved
[2026-04-03T02:27:22.459+0600][109.104s][info][gc,reloc    ] GC(207) y:                        Candidates     Selected     In-Place         Size        Empty    Relocated 
[2026-04-03T02:27:22.459+0600][109.104s][info][gc,reloc    ] GC(207) y: Small Pages:                  155           29            0         310M         242M           2M 
[2026-04-03T02:27:22.459+0600][109.104s][info][gc,reloc    ] GC(207) y: Medium Pages:                   1            0            0          32M          32M           0M 
[2026-04-03T02:27:22.459+0600][109.104s][info][gc,reloc    ] GC(207) y: Large Pages:                    2            0            0          12M          12M           0M 
[2026-04-03T02:27:22.459+0600][109.104s][info][gc,reloc    ] GC(207) y: Forwarding Usage: 0M
[2026-04-03T02:27:22.459+0600][109.104s][info][gc,reloc    ] GC(207) y: Age Table:
[2026-04-03T02:27:22.459+0600][109.104s][info][gc,reloc    ] GC(207) y:                    Live             Garbage             Small              Medium             Large        
[2026-04-03T02:27:22.459+0600][109.104s][info][gc,reloc    ] GC(207) y: Eden               1M (0%)          320M (26%)        139 / 25             1 / 0              2 / 0        
[2026-04-03T02:27:22.459+0600][109.104s][info][gc,reloc    ] GC(207) y: Survivor 1         0M (0%)           17M (1%)           9 / 1              0 / 0              0 / 0        
[2026-04-03T02:27:22.459+0600][109.104s][info][gc,reloc    ] GC(207) y: Survivor 2         2M (0%)            5M (0%)           4 / 1              0 / 0              0 / 0        
[2026-04-03T02:27:22.459+0600][109.104s][info][gc,reloc    ] GC(207) y: Survivor 3         0M (0%)            1M (0%)           1 / 1              0 / 0              0 / 0        
[2026-04-03T02:27:22.459+0600][109.104s][info][gc,reloc    ] GC(207) y: Survivor 4         1M (0%)            0M (0%)           1 / 0              0 / 0              0 / 0        
[2026-04-03T02:27:22.459+0600][109.104s][info][gc,reloc    ] GC(207) y: Survivor 5         0M (0%)            1M (0%)           1 / 1              0 / 0              0 / 0        
[2026-04-03T02:27:22.459+0600][109.104s][info][gc,heap     ] GC(207) y: Min Capacity: 8M(1%)
[2026-04-03T02:27:22.459+0600][109.104s][info][gc,heap     ] GC(207) y: Max Capacity: 1250M(100%)
[2026-04-03T02:27:22.459+0600][109.104s][info][gc,heap     ] GC(207) y: Soft Max Capacity: 1250M(100%)
[2026-04-03T02:27:22.459+0600][109.104s][info][gc,heap     ] GC(207) y: Heap Statistics:
[2026-04-03T02:27:22.459+0600][109.104s][info][gc,heap     ] GC(207) y:                Mark Start          Mark End        Relocate Start      Relocate End           High               Low         
[2026-04-03T02:27:22.459+0600][109.104s][info][gc,heap     ] GC(207) y:  Capacity:     1250M (100%)       1250M (100%)       1250M (100%)       1250M (100%)       1250M (100%)       1250M (100%)   
[2026-04-03T02:27:22.459+0600][109.104s][info][gc,heap     ] GC(207) y:      Free:      700M (56%)         624M (50%)         910M (73%)         956M (76%)         956M (76%)         624M (50%)    
[2026-04-03T02:27:22.459+0600][109.104s][info][gc,heap     ] GC(207) y:      Used:      550M (44%)         626M (50%)         340M (27%)         294M (24%)         626M (50%)         294M (24%)    
[2026-04-03T02:27:22.459+0600][109.104s][info][gc,heap     ] GC(207) y: Young Generation Statistics:
[2026-04-03T02:27:22.459+0600][109.104s][info][gc,heap     ] GC(207) y:                Mark Start          Mark End        Relocate Start      Relocate End    
[2026-04-03T02:27:22.459+0600][109.104s][info][gc,heap     ] GC(207) y:      Used:      354M (28%)         430M (34%)         142M (11%)          94M (8%)     
[2026-04-03T02:27:22.459+0600][109.104s][info][gc,heap     ] GC(207) y:      Live:         -                 7M (1%)            5M (0%)            4M (0%)     
[2026-04-03T02:27:22.459+0600][109.104s][info][gc,heap     ] GC(207) y:   Garbage:         -               346M (28%)          60M (5%)            1M (0%)     
[2026-04-03T02:27:22.459+0600][109.104s][info][gc,heap     ] GC(207) y: Allocated:         -                76M (6%)           76M (6%)           88M (7%)     
[2026-04-03T02:27:22.459+0600][109.104s][info][gc,heap     ] GC(207) y: Reclaimed:         -                  -               286M (23%)         345M (28%)    
[2026-04-03T02:27:22.459+0600][109.104s][info][gc,heap     ] GC(207) y:  Promoted:         -                  -                 1M (0%)            3M (0%)     
[2026-04-03T02:27:22.459+0600][109.104s][info][gc,heap     ] GC(207) y: Compacted:         -                  -                  -                 1M (0%)     
[2026-04-03T02:27:22.459+0600][109.104s][info][gc,phases   ] GC(207) y: Young Generation 550M(44%)->294M(24%) 0.045s
[2026-04-03T02:27:22.459+0600][109.104s][info][gc          ] GC(207) Minor Collection (Allocation Rate) 550M(44%)->294M(24%) 0.046s
[2026-04-03T02:27:22.750+0600][109.395s][info][gc          ] GC(208) Minor Collection (Allocation Rate)
[2026-04-03T02:27:22.750+0600][109.395s][info][gc,task     ] GC(208) Using 1 Workers for Young Generation
[2026-04-03T02:27:22.750+0600][109.395s][info][gc,phases   ] GC(208) y: Young Generation
[2026-04-03T02:27:22.755+0600][109.399s][info][gc,phases   ] GC(208) y: Pause Mark Start 0.028ms
[2026-04-03T02:27:22.788+0600][109.433s][info][gc,phases   ] GC(208) y: Concurrent Mark 33.071ms
[2026-04-03T02:27:22.788+0600][109.433s][info][gc,phases   ] GC(208) y: Pause Mark End 0.020ms
[2026-04-03T02:27:22.788+0600][109.433s][info][gc,phases   ] GC(208) y: Concurrent Mark Free 0.002ms
[2026-04-03T02:27:22.788+0600][109.433s][info][gc,phases   ] GC(208) y: Concurrent Reset Relocation Set 0.017ms
[2026-04-03T02:27:22.791+0600][109.436s][info][gc,reloc    ] GC(208) y: Using tenuring threshold: 3 (Computed)
[2026-04-03T02:27:22.793+0600][109.437s][info][gc,phases   ] GC(208) y: Concurrent Select Relocation Set 4.525ms
[2026-04-03T02:27:22.793+0600][109.438s][info][gc,phases   ] GC(208) y: Pause Relocate Start 0.016ms
[2026-04-03T02:27:22.800+0600][109.445s][info][gc,phases   ] GC(208) y: Concurrent Relocate 7.185ms
[2026-04-03T02:27:22.800+0600][109.445s][info][gc,alloc    ] GC(208) y:                         Mark Start        Mark End      Relocate Start    Relocate End   
[2026-04-03T02:27:22.800+0600][109.445s][info][gc,alloc    ] GC(208) y: Allocation Stalls:          0                0                0                0         
[2026-04-03T02:27:22.800+0600][109.445s][info][gc,load     ] GC(208) y: Load: 5.41 (45%) / 5.88 (49%) / 5.86 (49%)
[2026-04-03T02:27:22.800+0600][109.445s][info][gc,mmu      ] GC(208) y: MMU: 2ms/95.1%, 5ms/97.6%, 10ms/98.7%, 20ms/99.4%, 50ms/99.6%, 100ms/99.8%
[2026-04-03T02:27:22.800+0600][109.445s][info][gc,marking  ] GC(208) y: Mark: 1 stripe(s), 1 proactive flush(es), 1 terminate flush(es), 0 completion(s), 0 continuation(s) 
[2026-04-03T02:27:22.800+0600][109.445s][info][gc,marking  ] GC(208) y: Mark Stack Usage: 32M
[2026-04-03T02:27:22.800+0600][109.445s][info][gc,nmethod  ] GC(208) y: NMethods: 13862 registered, 4654 unregistered
[2026-04-03T02:27:22.801+0600][109.445s][info][gc,metaspace] GC(208) y: Metaspace: 129M used, 130M committed, 1152M reserved
[2026-04-03T02:27:22.801+0600][109.445s][info][gc,reloc    ] GC(208) y:                        Candidates     Selected     In-Place         Size        Empty    Relocated 
[2026-04-03T02:27:22.801+0600][109.445s][info][gc,reloc    ] GC(208) y: Small Pages:                  133           71            0         266M         118M           2M 
[2026-04-03T02:27:22.801+0600][109.445s][info][gc,reloc    ] GC(208) y: Medium Pages:                   2            0            0          64M          64M           0M 
[2026-04-03T02:27:22.801+0600][109.445s][info][gc,reloc    ] GC(208) y: Large Pages:                    5            0            0          30M          30M           0M 
[2026-04-03T02:27:22.801+0600][109.445s][info][gc,reloc    ] GC(208) y: Forwarding Usage: 1M
[2026-04-03T02:27:22.801+0600][109.445s][info][gc,reloc    ] GC(208) y: Age Table:
[2026-04-03T02:27:22.801+0600][109.445s][info][gc,reloc    ] GC(208) y:                    Live             Garbage             Small              Medium             Large        
[2026-04-03T02:27:22.801+0600][109.445s][info][gc,reloc    ] GC(208) y: Eden               1M (0%)          344M (28%)        126 / 66             2 / 0              5 / 0        
[2026-04-03T02:27:22.801+0600][109.445s][info][gc,reloc    ] GC(208) y: Survivor 1         0M (0%)            5M (0%)           3 / 2              0 / 0              0 / 0        
[2026-04-03T02:27:22.801+0600][109.445s][info][gc,reloc    ] GC(208) y: Survivor 2         0M (0%)            1M (0%)           1 / 1              0 / 0              0 / 0        
[2026-04-03T02:27:22.801+0600][109.445s][info][gc,reloc    ] GC(208) y: Survivor 3         2M (0%)            3M (0%)           3 / 2              0 / 0              0 / 0        
[2026-04-03T02:27:22.801+0600][109.445s][info][gc,heap     ] GC(208) y: Min Capacity: 8M(1%)
[2026-04-03T02:27:22.801+0600][109.445s][info][gc,heap     ] GC(208) y: Max Capacity: 1250M(100%)
[2026-04-03T02:27:22.801+0600][109.445s][info][gc,heap     ] GC(208) y: Soft Max Capacity: 1250M(100%)
[2026-04-03T02:27:22.801+0600][109.445s][info][gc,heap     ] GC(208) y: Heap Statistics:
[2026-04-03T02:27:22.801+0600][109.445s][info][gc,heap     ] GC(208) y:                Mark Start          Mark End        Relocate Start      Relocate End           High               Low         
[2026-04-03T02:27:22.801+0600][109.445s][info][gc,heap     ] GC(208) y:  Capacity:     1250M (100%)       1250M (100%)       1250M (100%)       1250M (100%)       1250M (100%)       1250M (100%)   
[2026-04-03T02:27:22.801+0600][109.445s][info][gc,heap     ] GC(208) y:      Free:      690M (55%)         664M (53%)         876M (70%)        1014M (81%)        1014M (81%)         664M (53%)    
[2026-04-03T02:27:22.801+0600][109.445s][info][gc,heap     ] GC(208) y:      Used:      560M (45%)         586M (47%)         374M (30%)         236M (19%)         586M (47%)         236M (19%)    
[2026-04-03T02:27:22.801+0600][109.445s][info][gc,heap     ] GC(208) y: Young Generation Statistics:
[2026-04-03T02:27:22.801+0600][109.445s][info][gc,heap     ] GC(208) y:                Mark Start          Mark End        Relocate Start      Relocate End    
[2026-04-03T02:27:22.801+0600][109.445s][info][gc,heap     ] GC(208) y:      Used:      360M (29%)         386M (31%)         172M (14%)          32M (3%)     
[2026-04-03T02:27:22.801+0600][109.445s][info][gc,heap     ] GC(208) y:      Live:         -                 4M (0%)            3M (0%)            1M (0%)     
[2026-04-03T02:27:22.801+0600][109.445s][info][gc,heap     ] GC(208) y:   Garbage:         -               355M (28%)         142M (11%)           0M (0%)     
[2026-04-03T02:27:22.801+0600][109.445s][info][gc,heap     ] GC(208) y: Allocated:         -                26M (2%)           26M (2%)           30M (2%)     
[2026-04-03T02:27:22.801+0600][109.445s][info][gc,heap     ] GC(208) y: Reclaimed:         -                  -               212M (17%)         355M (28%)    
[2026-04-03T02:27:22.801+0600][109.446s][info][gc,heap     ] GC(208) y:  Promoted:         -                  -                 1M (0%)            2M (0%)     
[2026-04-03T02:27:22.801+0600][109.446s][info][gc,heap     ] GC(208) y: Compacted:         -                  -                  -                 1M (0%)     
[2026-04-03T02:27:22.801+0600][109.446s][info][gc,phases   ] GC(208) y: Young Generation 560M(45%)->236M(19%) 0.050s
[2026-04-03T02:27:22.801+0600][109.446s][info][gc          ] GC(208) Minor Collection (Allocation Rate) 560M(45%)->236M(19%) 0.051s
[2026-04-03T02:27:23.362+0600][110.006s][info][gc,exit     ] Stopping ZGC
[2026-04-03T02:27:23.362+0600][110.007s][info][gc,stats    ] === Garbage Collection Statistics =======================================================================================================================
[2026-04-03T02:27:23.362+0600][110.007s][info][gc,stats    ]                                                              Last 10s              Last 10m              Last 10h                Total
[2026-04-03T02:27:23.362+0600][110.007s][info][gc,stats    ]                                                              Avg / Max             Avg / Max             Avg / Max             Avg / Max
[2026-04-03T02:27:23.362+0600][110.007s][info][gc,stats    ]        Contention: Mark Segment Reset Contention                     1 / 6                 5 / 288               5 / 288               5 / 288         ops/s
[2026-04-03T02:27:23.362+0600][110.007s][info][gc,stats    ]        Contention: Mark SeqNum Reset Contention                      0 / 4                 0 / 7                 0 / 7                 0 / 7           ops/s
[2026-04-03T02:27:23.362+0600][110.007s][info][gc,stats    ]          Critical: Allocation Stall                                  0 / 0                 0 / 4                 0 / 4                 0 / 4           ops/s
[2026-04-03T02:27:23.362+0600][110.007s][info][gc,stats    ]          Critical: Allocation Stall                              0.000 / 0.000        10.666 / 17.302       10.666 / 17.302       10.666 / 17.302      ms
[2026-04-03T02:27:23.362+0600][110.007s][info][gc,stats    ]          Critical: JNI Critical Stall                                9 / 20                5 / 49                5 / 49                5 / 49          ops/s
[2026-04-03T02:27:23.362+0600][110.007s][info][gc,stats    ]          Critical: JNI Critical Stall                            0.455 / 0.685         0.550 / 4.869         0.550 / 4.869         0.550 / 4.869       ms
[2026-04-03T02:27:23.362+0600][110.007s][info][gc,stats    ]          Critical: Relocation Stall                                  0 / 0                 0 / 0                 0 / 0                 0 / 0           ops/s
[2026-04-03T02:27:23.362+0600][110.007s][info][gc,stats    ]          Critical: Relocation Stall                              0.000 / 0.000         0.000 / 0.000         0.000 / 0.000         0.000 / 0.000       ms
[2026-04-03T02:27:23.362+0600][110.007s][info][gc,stats    ]  Major Collection: Major Collection                            533.047 / 632.981     348.339 / 718.701     348.339 / 718.701     348.339 / 718.701     ms
[2026-04-03T02:27:23.362+0600][110.007s][info][gc,stats    ]            Memory: Allocation Rate                                1353 / 2078            926 / 2210            926 / 2210            926 / 2210        MB/s
[2026-04-03T02:27:23.362+0600][110.007s][info][gc,stats    ]            Memory: Defragment                                       51 / 168              30 / 168              30 / 168              30 / 168         ops/s
[2026-04-03T02:27:23.362+0600][110.007s][info][gc,stats    ]            Memory: Out Of Memory                                     0 / 0                 0 / 0                 0 / 0                 0 / 0           ops/s
[2026-04-03T02:27:23.362+0600][110.007s][info][gc,stats    ]            Memory: Page Cache Flush                                218 / 648             149 / 742             149 / 742             149 / 742         MB/s
[2026-04-03T02:27:23.362+0600][110.007s][info][gc,stats    ]            Memory: Page Cache Hit L1                               423 / 571             293 / 585             293 / 585             293 / 585         ops/s
[2026-04-03T02:27:23.362+0600][110.007s][info][gc,stats    ]            Memory: Page Cache Hit L2                                 0 / 0                 0 / 0                 0 / 0                 0 / 0           ops/s
[2026-04-03T02:27:23.362+0600][110.007s][info][gc,stats    ]            Memory: Page Cache Hit L3                                42 / 144              26 / 144              26 / 144              26 / 144         ops/s
[2026-04-03T02:27:23.362+0600][110.007s][info][gc,stats    ]            Memory: Page Cache Miss                                   9 / 38               11 / 121              11 / 121              11 / 121         ops/s
[2026-04-03T02:27:23.362+0600][110.007s][info][gc,stats    ]            Memory: Uncommit                                          0 / 0                 0 / 0                 0 / 0                 0 / 0           MB/s
[2026-04-03T02:27:23.362+0600][110.007s][info][gc,stats    ]            Memory: Undo Object Allocation Failed                     0 / 0                 0 / 0                 0 / 0                 0 / 0           ops/s
[2026-04-03T02:27:23.362+0600][110.007s][info][gc,stats    ]            Memory: Undo Object Allocation Succeeded                  0 / 4                22 / 2236             22 / 2236             22 / 2236        ops/s
[2026-04-03T02:27:23.362+0600][110.007s][info][gc,stats    ]            Memory: Undo Page Allocation                              2 / 11                0 / 11                0 / 11                0 / 11          ops/s
[2026-04-03T02:27:23.362+0600][110.007s][info][gc,stats    ]  Minor Collection: Minor Collection                             43.465 / 75.186       49.683 / 377.012      49.683 / 377.012      49.683 / 377.012     ms
[2026-04-03T02:27:23.362+0600][110.007s][info][gc,stats    ]    Old Generation: Old Generation                              495.833 / 583.726     290.715 / 687.963     290.715 / 687.963     290.715 / 687.963     ms
[2026-04-03T02:27:23.362+0600][110.007s][info][gc,stats    ]         Old Pause: Pause Mark End                                0.022 / 0.025         0.024 / 0.039         0.024 / 0.039         0.024 / 0.039       ms
[2026-04-03T02:27:23.362+0600][110.007s][info][gc,stats    ]         Old Pause: Pause Relocate Start                          0.025 / 0.029         0.033 / 0.084         0.033 / 0.084         0.033 / 0.084       ms
[2026-04-03T02:27:23.362+0600][110.007s][info][gc,stats    ]         Old Phase: Concurrent Mark                             371.218 / 437.378     195.816 / 465.574     195.816 / 465.574     195.816 / 465.574     ms
[2026-04-03T02:27:23.362+0600][110.007s][info][gc,stats    ]         Old Phase: Concurrent Mark Continue                      0.000 / 0.000         0.000 / 0.000         0.000 / 0.000         0.000 / 0.000       ms
[2026-04-03T02:27:23.362+0600][110.007s][info][gc,stats    ]         Old Phase: Concurrent Mark Free                          0.001 / 0.001         0.003 / 0.018         0.003 / 0.018         0.003 / 0.018       ms
[2026-04-03T02:27:23.362+0600][110.007s][info][gc,stats    ]         Old Phase: Concurrent Process Non-Strong                50.669 / 62.874       35.818 / 106.499      35.818 / 106.499      35.818 / 106.499     ms
[2026-04-03T02:27:23.362+0600][110.007s][info][gc,stats    ]         Old Phase: Concurrent Relocate                          39.654 / 43.741       27.094 / 70.367       27.094 / 70.367       27.094 / 70.367      ms
[2026-04-03T02:27:23.362+0600][110.007s][info][gc,stats    ]         Old Phase: Concurrent Remap Roots                       30.902 / 36.065       27.966 / 47.636       27.966 / 47.636       27.966 / 47.636      ms
[2026-04-03T02:27:23.362+0600][110.007s][info][gc,stats    ]         Old Phase: Concurrent Reset Relocation Set               0.007 / 0.008         0.005 / 0.013         0.005 / 0.013         0.005 / 0.013       ms
[2026-04-03T02:27:23.362+0600][110.007s][info][gc,stats    ]         Old Phase: Concurrent Select Relocation Set              2.461 / 2.713         2.932 / 4.655         2.932 / 4.655         2.932 / 4.655       ms
[2026-04-03T02:27:23.362+0600][110.007s][info][gc,stats    ]      Old Subphase: Concurrent Classes Purge                      0.344 / 0.377         0.949 / 5.183         0.949 / 5.183         0.949 / 5.183       ms
[2026-04-03T02:27:23.362+0600][110.007s][info][gc,stats    ]      Old Subphase: Concurrent Classes Unlink                    41.926 / 53.030       29.542 / 90.891       29.542 / 90.891       29.542 / 90.891      ms
[2026-04-03T02:27:23.362+0600][110.007s][info][gc,stats    ]      Old Subphase: Concurrent Mark Follow                      368.732 / 434.975     193.785 / 459.956     193.785 / 459.956     193.785 / 459.956     ms
[2026-04-03T02:27:23.362+0600][110.007s][info][gc,stats    ]      Old Subphase: Concurrent Mark Root Colored                  0.473 / 0.481         0.284 / 0.734         0.284 / 0.734         0.284 / 0.734       ms
[2026-04-03T02:27:23.362+0600][110.007s][info][gc,stats    ]      Old Subphase: Concurrent Mark Root Uncolored                1.821 / 1.835         1.257 / 5.385         1.257 / 5.385         1.257 / 5.385       ms
[2026-04-03T02:27:23.362+0600][110.007s][info][gc,stats    ]      Old Subphase: Concurrent Mark Roots                         2.479 / 2.564         2.024 / 6.011         2.024 / 6.011         2.024 / 6.011       ms
[2026-04-03T02:27:23.362+0600][110.007s][info][gc,stats    ]      Old Subphase: Concurrent References Enqueue                 0.006 / 0.007         0.006 / 0.018         0.006 / 0.018         0.006 / 0.018       ms
[2026-04-03T02:27:23.362+0600][110.007s][info][gc,stats    ]      Old Subphase: Concurrent References Process                 3.483 / 3.561         2.271 / 5.741         2.271 / 5.741         2.271 / 5.741       ms
[2026-04-03T02:27:23.362+0600][110.007s][info][gc,stats    ]      Old Subphase: Concurrent Remap Remembered                  19.801 / 24.254       19.548 / 32.462       19.548 / 32.462       19.548 / 32.462      ms
[2026-04-03T02:27:23.362+0600][110.007s][info][gc,stats    ]      Old Subphase: Concurrent Remap Roots Colored                4.571 / 5.098         2.901 / 8.669         2.901 / 8.669         2.901 / 8.669       ms
[2026-04-03T02:27:23.362+0600][110.007s][info][gc,stats    ]      Old Subphase: Concurrent Remap Roots Uncolored              6.279 / 6.477         5.061 / 13.386        5.061 / 13.386        5.061 / 13.386      ms
[2026-04-03T02:27:23.362+0600][110.007s][info][gc,stats    ]      Old Subphase: Concurrent Roots ClassLoaderDataGraph         3.204 / 4.656         1.771 / 7.962         1.771 / 7.962         1.771 / 7.962       ms
[2026-04-03T02:27:23.362+0600][110.007s][info][gc,stats    ]      Old Subphase: Concurrent Roots CodeCache                    5.963 / 6.100         4.806 / 13.118        4.806 / 13.118        4.806 / 13.118      ms
[2026-04-03T02:27:23.362+0600][110.007s][info][gc,stats    ]      Old Subphase: Concurrent Roots JavaThreads                  0.614 / 1.833         0.491 / 5.383         0.491 / 5.383         0.491 / 5.383       ms
[2026-04-03T02:27:23.362+0600][110.007s][info][gc,stats    ]      Old Subphase: Concurrent Roots OopStorageSet                0.070 / 0.192         0.037 / 0.192         0.037 / 0.192         0.037 / 0.192       ms
[2026-04-03T02:27:23.362+0600][110.007s][info][gc,stats    ]      Old Subphase: Concurrent Weak Roots OopStorageSet           1.260 / 4.971         0.878 / 4.971         0.878 / 4.971         0.878 / 4.971       ms
[2026-04-03T02:27:23.362+0600][110.007s][info][gc,stats    ]            System: Java Threads                                    283 / 283             266 / 288             266 / 288             266 / 288         threads
[2026-04-03T02:27:23.362+0600][110.007s][info][gc,stats    ]  Young Generation: Young Generation                             36.069 / 47.741       48.372 / 128.318      48.372 / 128.318      48.372 / 128.318     ms
[2026-04-03T02:27:23.362+0600][110.007s][info][gc,stats    ]  Young Generation: Young Generation                             42.933 / 74.591       49.113 / 376.366      49.113 / 376.366      49.113 / 376.366     ms
[2026-04-03T02:27:23.362+0600][110.007s][info][gc,stats    ]  Young Generation: Young Generation (Collect Roots)              0.000 / 0.000        17.258 / 19.827       17.258 / 19.827       17.258 / 19.827      ms
[2026-04-03T02:27:23.362+0600][110.007s][info][gc,stats    ]  Young Generation: Young Generation (Promote All)                0.000 / 0.000        75.444 / 164.067      75.444 / 164.067      75.444 / 164.067     ms
[2026-04-03T02:27:23.362+0600][110.007s][info][gc,stats    ]       Young Pause: Pause Mark End                                0.029 / 0.061         0.030 / 0.097         0.030 / 0.097         0.030 / 0.097       ms
[2026-04-03T02:27:23.362+0600][110.007s][info][gc,stats    ]       Young Pause: Pause Mark Start                              0.026 / 0.060         0.026 / 0.075         0.026 / 0.075         0.026 / 0.075       ms
[2026-04-03T02:27:23.362+0600][110.007s][info][gc,stats    ]       Young Pause: Pause Mark Start (Major)                      0.041 / 0.058         0.025 / 0.058         0.025 / 0.058         0.025 / 0.058       ms
[2026-04-03T02:27:23.363+0600][110.007s][info][gc,stats    ]       Young Pause: Pause Relocate Start                          0.019 / 0.032         0.021 / 0.060         0.021 / 0.060         0.021 / 0.060       ms
[2026-04-03T02:27:23.363+0600][110.007s][info][gc,stats    ]       Young Phase: Concurrent Mark                              32.257 / 56.354       36.270 / 262.988      36.270 / 262.988      36.270 / 262.988     ms
[2026-04-03T02:27:23.363+0600][110.007s][info][gc,stats    ]       Young Phase: Concurrent Mark Continue                      0.000 / 0.000         0.000 / 0.000         0.000 / 0.000         0.000 / 0.000       ms
[2026-04-03T02:27:23.363+0600][110.007s][info][gc,stats    ]       Young Phase: Concurrent Mark Free                          0.002 / 0.005         0.004 / 0.344         0.004 / 0.344         0.004 / 0.344       ms
[2026-04-03T02:27:23.363+0600][110.007s][info][gc,stats    ]       Young Phase: Concurrent Relocate                           4.839 / 13.726        6.757 / 86.729        6.757 / 86.729        6.757 / 86.729      ms
[2026-04-03T02:27:23.363+0600][110.007s][info][gc,stats    ]       Young Phase: Concurrent Reset Relocation Set               0.014 / 0.040         0.016 / 0.069         0.016 / 0.069         0.016 / 0.069       ms
[2026-04-03T02:27:23.363+0600][110.007s][info][gc,stats    ]       Young Phase: Concurrent Select Relocation Set              4.106 / 9.307         4.465 / 24.999        4.465 / 24.999        4.465 / 24.999      ms
[2026-04-03T02:27:23.363+0600][110.007s][info][gc,stats    ]    Young Subphase: Concurrent Mark Follow                       11.834 / 24.104       15.866 / 244.178      15.866 / 244.178      15.866 / 244.178     ms
[2026-04-03T02:27:23.363+0600][110.007s][info][gc,stats    ]    Young Subphase: Concurrent Mark Root Colored                  6.465 / 10.139        6.231 / 11.759        6.231 / 11.759        6.231 / 11.759      ms
[2026-04-03T02:27:23.363+0600][110.007s][info][gc,stats    ]    Young Subphase: Concurrent Mark Root Uncolored               11.892 / 27.922       12.028 / 31.121       12.028 / 31.121       12.028 / 31.121      ms
[2026-04-03T02:27:23.363+0600][110.007s][info][gc,stats    ]    Young Subphase: Concurrent Mark Roots                        20.415 / 33.114       20.396 / 39.829       20.396 / 39.829       20.396 / 39.829      ms
[2026-04-03T02:27:23.363+0600][110.007s][info][gc,stats    ]    Young Subphase: Concurrent Relocate Remset FP                 0.428 / 1.952         0.649 / 27.775        0.649 / 27.775        0.649 / 27.775      ms
[2026-04-03T02:27:23.363+0600][110.007s][info][gc,stats    ]    Young Subphase: Concurrent Roots ClassLoaderDataGraph         4.454 / 8.474         4.352 / 9.699         4.352 / 9.699         4.352 / 9.699       ms
[2026-04-03T02:27:23.363+0600][110.007s][info][gc,stats    ]    Young Subphase: Concurrent Roots CodeCache                   10.570 / 25.656       10.697 / 28.535       10.697 / 28.535       10.697 / 28.535      ms
[2026-04-03T02:27:23.363+0600][110.007s][info][gc,stats    ]    Young Subphase: Concurrent Roots JavaThreads                  0.690 / 3.276         0.703 / 7.676         0.703 / 7.676         0.703 / 7.676       ms
[2026-04-03T02:27:23.363+0600][110.007s][info][gc,stats    ]    Young Subphase: Concurrent Roots OopStorageSet                0.045 / 0.132         0.050 / 0.229         0.050 / 0.229         0.050 / 0.229       ms
[2026-04-03T02:27:23.363+0600][110.007s][info][gc,stats    ]    Young Subphase: Concurrent Weak Roots OopStorageSet           1.962 / 4.658         1.855 / 8.766         1.855 / 8.766         1.855 / 8.766       ms
[2026-04-03T02:27:23.363+0600][110.007s][info][gc,stats    ] =========================================================================================================================================================
[2026-04-03T02:27:23.363+0600][110.008s][info][gc,heap,exit] Heap
[2026-04-03T02:27:23.363+0600][110.008s][info][gc,heap,exit]  ZHeap           used 274M, capacity 1250M, max capacity 1250M
[2026-04-03T02:27:23.363+0600][110.008s][info][gc,heap,exit]  Metaspace       used 132490K, committed 133952K, reserved 1179648K
[2026-04-03T02:27:23.363+0600][110.008s][info][gc,heap,exit]   class space    used 16755K, committed 17472K, reserved 1048576K
