[2026-04-03T02:20:48.996+0600][0.004s][info][gc,init] Initializing The Z Garbage Collector
[2026-04-03T02:20:48.996+0600][0.004s][info][gc,init] Version: 21.0.10+7-Ubuntu-124.04 (release)
[2026-04-03T02:20:48.996+0600][0.004s][info][gc,init] Using legacy single-generation mode
[2026-04-03T02:20:48.996+0600][0.004s][info][gc,init] NUMA Support: Disabled
[2026-04-03T02:20:48.996+0600][0.004s][info][gc,init] CPUs: 12 total, 12 available
[2026-04-03T02:20:48.996+0600][0.004s][info][gc,init] Memory: 15683M
[2026-04-03T02:20:48.996+0600][0.004s][info][gc,init] Large Page Support: Disabled
[2026-04-03T02:20:48.996+0600][0.004s][info][gc,init] GC Workers: 3 (dynamic)
[2026-04-03T02:20:48.997+0600][0.005s][info][gc,init] Address Space Type: Contiguous/Unrestricted/Complete
[2026-04-03T02:20:48.997+0600][0.005s][info][gc,init] Address Space Size: 16000M x 3 = 48000M
[2026-04-03T02:20:48.997+0600][0.005s][info][gc,init] Heap Backing File: /memfd:java_heap
[2026-04-03T02:20:48.997+0600][0.005s][info][gc,init] Heap Backing Filesystem: tmpfs (0x1021994)
[2026-04-03T02:20:48.997+0600][0.006s][info][gc,init] Min Capacity: 8M
[2026-04-03T02:20:48.997+0600][0.006s][info][gc,init] Initial Capacity: 246M
[2026-04-03T02:20:48.998+0600][0.006s][info][gc,init] Max Capacity: 1000M
[2026-04-03T02:20:48.998+0600][0.006s][info][gc,init] Medium Page Size: 16M
[2026-04-03T02:20:48.998+0600][0.006s][info][gc,init] Pre-touch: Disabled
[2026-04-03T02:20:48.998+0600][0.006s][info][gc,init] Available space on backing filesystem: N/A
[2026-04-03T02:20:48.998+0600][0.007s][info][gc,init] Uncommit: Enabled
[2026-04-03T02:20:48.998+0600][0.007s][info][gc,init] Uncommit Delay: 300s
[2026-04-03T02:20:49.075+0600][0.083s][info][gc,init] Runtime Workers: 8
[2026-04-03T02:20:49.076+0600][0.084s][info][gc     ] Using The Z Garbage Collector
[2026-04-03T02:20:49.086+0600][0.094s][info][gc,metaspace] CDS archive(s) mapped at: [0x000074c4d3000000-0x000074c4d3c9c000-0x000074c4d3c9c000), size 13221888, SharedBaseAddress: 0x000074c4d3000000, ArchiveRelocationMode: 1.
[2026-04-03T02:20:49.086+0600][0.094s][info][gc,metaspace] Compressed class space mapped at: 0x000074c4d4000000-0x000074c514000000, reserved size: 1073741824
[2026-04-03T02:20:49.086+0600][0.094s][info][gc,metaspace] Narrow klass base: 0x000074c4d3000000, Narrow klass shift: 0, Narrow klass range: 0x100000000
[2026-04-03T02:20:49.595+0600][0.603s][info][gc,start    ] GC(0) Garbage Collection (Warmup)
[2026-04-03T02:20:49.595+0600][0.603s][info][gc,task     ] GC(0) Using 3 workers
[2026-04-03T02:20:49.596+0600][0.604s][info][gc,phases   ] GC(0) Pause Mark Start 0.011ms
[2026-04-03T02:20:49.601+0600][0.609s][info][gc,phases   ] GC(0) Concurrent Mark 4.793ms
[2026-04-03T02:20:49.601+0600][0.609s][info][gc,phases   ] GC(0) Pause Mark End 0.013ms
[2026-04-03T02:20:49.601+0600][0.609s][info][gc,phases   ] GC(0) Concurrent Mark Free 0.001ms
[2026-04-03T02:20:49.602+0600][0.610s][info][gc,phases   ] GC(0) Concurrent Process Non-Strong References 1.270ms
[2026-04-03T02:20:49.602+0600][0.610s][info][gc,phases   ] GC(0) Concurrent Reset Relocation Set 0.001ms
[2026-04-03T02:20:49.611+0600][0.619s][info][gc,phases   ] GC(0) Concurrent Select Relocation Set 8.770ms
[2026-04-03T02:20:49.611+0600][0.620s][info][gc,phases   ] GC(0) Pause Relocate Start 0.009ms
[2026-04-03T02:20:49.613+0600][0.621s][info][gc,phases   ] GC(0) Concurrent Relocate 1.555ms
[2026-04-03T02:20:49.613+0600][0.621s][info][gc,load     ] GC(0) Load: 6.41/6.20/5.83
[2026-04-03T02:20:49.613+0600][0.621s][info][gc,mmu      ] GC(0) MMU: 2ms/99.4%, 5ms/99.7%, 10ms/99.8%, 20ms/99.8%, 50ms/99.9%, 100ms/100.0%
[2026-04-03T02:20:49.613+0600][0.621s][info][gc,marking  ] GC(0) Mark: 2 stripe(s), 2 proactive flush(es), 1 terminate flush(es), 0 completion(s), 0 continuation(s) 
[2026-04-03T02:20:49.613+0600][0.621s][info][gc,marking  ] GC(0) Mark Stack Usage: 32M
[2026-04-03T02:20:49.613+0600][0.621s][info][gc,nmethod  ] GC(0) NMethods: 656 registered, 70 unregistered
[2026-04-03T02:20:49.613+0600][0.621s][info][gc,metaspace] GC(0) Metaspace: 4M used, 4M committed, 1088M reserved
[2026-04-03T02:20:49.613+0600][0.621s][info][gc,ref      ] GC(0) Soft: 134 encountered, 0 discovered, 0 enqueued
[2026-04-03T02:20:49.613+0600][0.621s][info][gc,ref      ] GC(0) Weak: 404 encountered, 270 discovered, 98 enqueued
[2026-04-03T02:20:49.613+0600][0.621s][info][gc,ref      ] GC(0) Final: 0 encountered, 0 discovered, 0 enqueued
[2026-04-03T02:20:49.613+0600][0.621s][info][gc,ref      ] GC(0) Phantom: 25 encountered, 16 discovered, 0 enqueued
[2026-04-03T02:20:49.613+0600][0.621s][info][gc,reloc    ] GC(0) Small Pages: 51 / 102M, Empty: 0M, Relocated: 1M, In-Place: 0
[2026-04-03T02:20:49.613+0600][0.621s][info][gc,reloc    ] GC(0) Medium Pages: 0 / 0M, Empty: 0M, Relocated: 0M, In-Place: 0
[2026-04-03T02:20:49.613+0600][0.621s][info][gc,reloc    ] GC(0) Large Pages: 0 / 0M, Empty: 0M, Relocated: 0M, In-Place: 0
[2026-04-03T02:20:49.613+0600][0.621s][info][gc,reloc    ] GC(0) Forwarding Usage: 0M
[2026-04-03T02:20:49.613+0600][0.621s][info][gc,heap     ] GC(0) Min Capacity: 8M(1%)
[2026-04-03T02:20:49.613+0600][0.621s][info][gc,heap     ] GC(0) Max Capacity: 1000M(100%)
[2026-04-03T02:20:49.613+0600][0.621s][info][gc,heap     ] GC(0) Soft Max Capacity: 1000M(100%)
[2026-04-03T02:20:49.613+0600][0.621s][info][gc,heap     ] GC(0)                Mark Start          Mark End        Relocate Start      Relocate End           High               Low         
[2026-04-03T02:20:49.613+0600][0.621s][info][gc,heap     ] GC(0)  Capacity:      246M (25%)         246M (25%)         246M (25%)         246M (25%)         246M (25%)         246M (25%)    
[2026-04-03T02:20:49.613+0600][0.621s][info][gc,heap     ] GC(0)      Free:      898M (90%)         896M (90%)         892M (89%)         984M (98%)         984M (98%)         890M (89%)    
[2026-04-03T02:20:49.613+0600][0.621s][info][gc,heap     ] GC(0)      Used:      102M (10%)         104M (10%)         108M (11%)          16M (2%)          110M (11%)          16M (2%)     
[2026-04-03T02:20:49.613+0600][0.621s][info][gc,heap     ] GC(0)      Live:         -                 3M (0%)            3M (0%)            3M (0%)             -                  -          
[2026-04-03T02:20:49.613+0600][0.621s][info][gc,heap     ] GC(0) Allocated:         -                 2M (0%)            6M (1%)            5M (1%)             -                  -          
[2026-04-03T02:20:49.613+0600][0.621s][info][gc,heap     ] GC(0)   Garbage:         -                98M (10%)          98M (10%)           6M (1%)             -                  -          
[2026-04-03T02:20:49.613+0600][0.621s][info][gc,heap     ] GC(0) Reclaimed:         -                  -                 0M (0%)           91M (9%)             -                  -          
[2026-04-03T02:20:49.613+0600][0.621s][info][gc          ] GC(0) Garbage Collection (Warmup) 102M(10%)->16M(2%)
[2026-04-03T02:20:50.196+0600][1.204s][info][gc,start    ] GC(1) Garbage Collection (Warmup)
[2026-04-03T02:20:50.196+0600][1.204s][info][gc,task     ] GC(1) Using 3 workers
[2026-04-03T02:20:50.197+0600][1.205s][info][gc,phases   ] GC(1) Pause Mark Start 0.008ms
[2026-04-03T02:20:50.204+0600][1.212s][info][gc,phases   ] GC(1) Concurrent Mark 7.069ms
[2026-04-03T02:20:50.204+0600][1.212s][info][gc,phases   ] GC(1) Pause Mark End 0.017ms
[2026-04-03T02:20:50.204+0600][1.212s][info][gc,phases   ] GC(1) Concurrent Mark Free 0.001ms
[2026-04-03T02:20:50.206+0600][1.214s][info][gc,phases   ] GC(1) Concurrent Process Non-Strong References 1.584ms
[2026-04-03T02:20:50.206+0600][1.214s][info][gc,phases   ] GC(1) Concurrent Reset Relocation Set 0.008ms
[2026-04-03T02:20:50.210+0600][1.218s][info][gc,phases   ] GC(1) Concurrent Select Relocation Set 4.104ms
[2026-04-03T02:20:50.210+0600][1.218s][info][gc,phases   ] GC(1) Pause Relocate Start 0.011ms
[2026-04-03T02:20:50.213+0600][1.221s][info][gc,phases   ] GC(1) Concurrent Relocate 2.993ms
[2026-04-03T02:20:50.213+0600][1.221s][info][gc,load     ] GC(1) Load: 6.06/6.13/5.81
[2026-04-03T02:20:50.213+0600][1.221s][info][gc,mmu      ] GC(1) MMU: 2ms/99.2%, 5ms/99.7%, 10ms/99.7%, 20ms/99.8%, 50ms/99.9%, 100ms/100.0%
[2026-04-03T02:20:50.213+0600][1.221s][info][gc,marking  ] GC(1) Mark: 2 stripe(s), 2 proactive flush(es), 1 terminate flush(es), 0 completion(s), 0 continuation(s) 
[2026-04-03T02:20:50.213+0600][1.221s][info][gc,marking  ] GC(1) Mark Stack Usage: 32M
[2026-04-03T02:20:50.213+0600][1.221s][info][gc,nmethod  ] GC(1) NMethods: 1083 registered, 125 unregistered
[2026-04-03T02:20:50.213+0600][1.221s][info][gc,metaspace] GC(1) Metaspace: 10M used, 10M committed, 1088M reserved
[2026-04-03T02:20:50.213+0600][1.221s][info][gc,ref      ] GC(1) Soft: 211 encountered, 0 discovered, 0 enqueued
[2026-04-03T02:20:50.213+0600][1.221s][info][gc,ref      ] GC(1) Weak: 834 encountered, 534 discovered, 185 enqueued
[2026-04-03T02:20:50.213+0600][1.221s][info][gc,ref      ] GC(1) Final: 0 encountered, 0 discovered, 0 enqueued
[2026-04-03T02:20:50.213+0600][1.221s][info][gc,ref      ] GC(1) Phantom: 28 encountered, 19 discovered, 0 enqueued
[2026-04-03T02:20:50.213+0600][1.221s][info][gc,reloc    ] GC(1) Small Pages: 116 / 232M, Empty: 0M, Relocated: 3M, In-Place: 0
[2026-04-03T02:20:50.213+0600][1.221s][info][gc,reloc    ] GC(1) Medium Pages: 0 / 0M, Empty: 0M, Relocated: 0M, In-Place: 0
[2026-04-03T02:20:50.213+0600][1.221s][info][gc,reloc    ] GC(1) Large Pages: 0 / 0M, Empty: 0M, Relocated: 0M, In-Place: 0
[2026-04-03T02:20:50.213+0600][1.221s][info][gc,reloc    ] GC(1) Forwarding Usage: 1M
[2026-04-03T02:20:50.213+0600][1.221s][info][gc,heap     ] GC(1) Min Capacity: 8M(1%)
[2026-04-03T02:20:50.213+0600][1.221s][info][gc,heap     ] GC(1) Max Capacity: 1000M(100%)
[2026-04-03T02:20:50.213+0600][1.221s][info][gc,heap     ] GC(1) Soft Max Capacity: 1000M(100%)
[2026-04-03T02:20:50.213+0600][1.221s][info][gc,heap     ] GC(1)                Mark Start          Mark End        Relocate Start      Relocate End           High               Low         
[2026-04-03T02:20:50.213+0600][1.221s][info][gc,heap     ] GC(1)  Capacity:      246M (25%)         246M (25%)         246M (25%)         246M (25%)         246M (25%)         246M (25%)    
[2026-04-03T02:20:50.213+0600][1.221s][info][gc,heap     ] GC(1)      Free:      768M (77%)         762M (76%)         760M (76%)         982M (98%)         982M (98%)         756M (76%)    
[2026-04-03T02:20:50.213+0600][1.221s][info][gc,heap     ] GC(1)      Used:      232M (23%)         238M (24%)         240M (24%)          18M (2%)          244M (24%)          18M (2%)     
[2026-04-03T02:20:50.213+0600][1.221s][info][gc,heap     ] GC(1)      Live:         -                 4M (0%)            4M (0%)            4M (0%)             -                  -          
[2026-04-03T02:20:50.213+0600][1.221s][info][gc,heap     ] GC(1) Allocated:         -                 6M (1%)            8M (1%)            9M (1%)             -                  -          
[2026-04-03T02:20:50.213+0600][1.221s][info][gc,heap     ] GC(1)   Garbage:         -               227M (23%)         227M (23%)           3M (0%)             -                  -          
[2026-04-03T02:20:50.213+0600][1.221s][info][gc,heap     ] GC(1) Reclaimed:         -                  -                 0M (0%)          223M (22%)            -                  -          
[2026-04-03T02:20:50.213+0600][1.221s][info][gc          ] GC(1) Garbage Collection (Warmup) 232M(23%)->18M(2%)
[2026-04-03T02:20:52.994+0600][4.002s][info][gc,start    ] GC(2) Garbage Collection (Metadata GC Threshold)
[2026-04-03T02:20:52.994+0600][4.002s][info][gc,task     ] GC(2) Using 3 workers
[2026-04-03T02:20:52.994+0600][4.002s][info][gc,phases   ] GC(2) Pause Mark Start 0.008ms
[2026-04-03T02:20:53.006+0600][4.014s][info][gc,phases   ] GC(2) Concurrent Mark 12.036ms
[2026-04-03T02:20:53.007+0600][4.015s][info][gc,phases   ] GC(2) Pause Mark End 0.017ms
[2026-04-03T02:20:53.007+0600][4.015s][info][gc,phases   ] GC(2) Concurrent Mark Free 0.001ms
[2026-04-03T02:20:53.009+0600][4.017s][info][gc,phases   ] GC(2) Concurrent Process Non-Strong References 2.411ms
[2026-04-03T02:20:53.009+0600][4.017s][info][gc,phases   ] GC(2) Concurrent Reset Relocation Set 0.017ms
[2026-04-03T02:20:53.012+0600][4.021s][info][gc,phases   ] GC(2) Concurrent Select Relocation Set 3.229ms
[2026-04-03T02:20:53.013+0600][4.021s][info][gc,phases   ] GC(2) Pause Relocate Start 0.011ms
[2026-04-03T02:20:53.018+0600][4.026s][info][gc,phases   ] GC(2) Concurrent Relocate 5.559ms
[2026-04-03T02:20:53.018+0600][4.027s][info][gc,load     ] GC(2) Load: 6.06/6.13/5.81
[2026-04-03T02:20:53.018+0600][4.027s][info][gc,mmu      ] GC(2) MMU: 2ms/99.2%, 5ms/99.7%, 10ms/99.7%, 20ms/99.8%, 50ms/99.9%, 100ms/100.0%
[2026-04-03T02:20:53.018+0600][4.027s][info][gc,marking  ] GC(2) Mark: 2 stripe(s), 2 proactive flush(es), 1 terminate flush(es), 0 completion(s), 0 continuation(s) 
[2026-04-03T02:20:53.018+0600][4.027s][info][gc,marking  ] GC(2) Mark Stack Usage: 32M
[2026-04-03T02:20:53.019+0600][4.027s][info][gc,nmethod  ] GC(2) NMethods: 1725 registered, 138 unregistered
[2026-04-03T02:20:53.019+0600][4.027s][info][gc,metaspace] GC(2) Metaspace: 20M used, 21M committed, 1088M reserved
[2026-04-03T02:20:53.019+0600][4.027s][info][gc,ref      ] GC(2) Soft: 3500 encountered, 0 discovered, 0 enqueued
[2026-04-03T02:20:53.019+0600][4.027s][info][gc,ref      ] GC(2) Weak: 1213 encountered, 633 discovered, 206 enqueued
[2026-04-03T02:20:53.019+0600][4.027s][info][gc,ref      ] GC(2) Final: 0 encountered, 0 discovered, 0 enqueued
[2026-04-03T02:20:53.019+0600][4.027s][info][gc,ref      ] GC(2) Phantom: 563 encountered, 350 discovered, 0 enqueued
[2026-04-03T02:20:53.019+0600][4.027s][info][gc,reloc    ] GC(2) Small Pages: 92 / 184M, Empty: 0M, Relocated: 11M, In-Place: 0
[2026-04-03T02:20:53.019+0600][4.027s][info][gc,reloc    ] GC(2) Medium Pages: 1 / 16M, Empty: 0M, Relocated: 0M, In-Place: 0
[2026-04-03T02:20:53.019+0600][4.027s][info][gc,reloc    ] GC(2) Large Pages: 1 / 4M, Empty: 0M, Relocated: 0M, In-Place: 0
[2026-04-03T02:20:53.019+0600][4.027s][info][gc,reloc    ] GC(2) Forwarding Usage: 1M
[2026-04-03T02:20:53.019+0600][4.027s][info][gc,heap     ] GC(2) Min Capacity: 8M(1%)
[2026-04-03T02:20:53.019+0600][4.027s][info][gc,heap     ] GC(2) Max Capacity: 1000M(100%)
[2026-04-03T02:20:53.019+0600][4.027s][info][gc,heap     ] GC(2) Soft Max Capacity: 1000M(100%)
[2026-04-03T02:20:53.019+0600][4.027s][info][gc,heap     ] GC(2)                Mark Start          Mark End        Relocate Start      Relocate End           High               Low         
[2026-04-03T02:20:53.019+0600][4.027s][info][gc,heap     ] GC(2)  Capacity:      266M (27%)         266M (27%)         266M (27%)         266M (27%)         266M (27%)         266M (27%)    
[2026-04-03T02:20:53.019+0600][4.027s][info][gc,heap     ] GC(2)      Free:      796M (80%)         792M (79%)         792M (79%)         954M (95%)         954M (95%)         786M (79%)    
[2026-04-03T02:20:53.019+0600][4.027s][info][gc,heap     ] GC(2)      Used:      204M (20%)         208M (21%)         208M (21%)          46M (5%)          214M (21%)          46M (5%)     
[2026-04-03T02:20:53.019+0600][4.027s][info][gc,heap     ] GC(2)      Live:         -                21M (2%)           21M (2%)           21M (2%)             -                  -          
[2026-04-03T02:20:53.019+0600][4.027s][info][gc,heap     ] GC(2) Allocated:         -                 4M (0%)            4M (0%)            5M (1%)             -                  -          
[2026-04-03T02:20:53.019+0600][4.027s][info][gc,heap     ] GC(2)   Garbage:         -               182M (18%)         182M (18%)          19M (2%)             -                  -          
[2026-04-03T02:20:53.019+0600][4.027s][info][gc,heap     ] GC(2) Reclaimed:         -                  -                 0M (0%)          163M (16%)            -                  -          
[2026-04-03T02:20:53.019+0600][4.027s][info][gc          ] GC(2) Garbage Collection (Metadata GC Threshold) 204M(20%)->46M(5%)
[2026-04-03T02:20:55.728+0600][6.736s][info][gc,start    ] GC(3) Garbage Collection (Metadata GC Threshold)
[2026-04-03T02:20:55.728+0600][6.736s][info][gc,task     ] GC(3) Using 3 workers
[2026-04-03T02:20:55.728+0600][6.736s][info][gc,phases   ] GC(3) Pause Mark Start 0.009ms
[2026-04-03T02:20:55.772+0600][6.780s][info][gc,phases   ] GC(3) Concurrent Mark 20.527ms
[2026-04-03T02:20:55.772+0600][6.780s][info][gc,phases   ] GC(3) Pause Mark End 0.163ms
[2026-04-03T02:20:55.773+0600][6.781s][info][gc,phases   ] GC(3) Concurrent Mark Free 0.003ms
[2026-04-03T02:20:55.777+0600][6.785s][info][gc,phases   ] GC(3) Concurrent Process Non-Strong References 3.955ms
[2026-04-03T02:20:55.777+0600][6.785s][info][gc,phases   ] GC(3) Concurrent Reset Relocation Set 0.009ms
[2026-04-03T02:20:55.779+0600][6.787s][info][gc,phases   ] GC(3) Concurrent Select Relocation Set 2.643ms
[2026-04-03T02:20:55.780+0600][6.788s][info][gc,phases   ] GC(3) Pause Relocate Start 0.013ms
[2026-04-03T02:20:55.783+0600][6.791s][info][gc,phases   ] GC(3) Concurrent Relocate 3.359ms
[2026-04-03T02:20:55.783+0600][6.791s][info][gc,load     ] GC(3) Load: 5.65/6.04/5.79
[2026-04-03T02:20:55.783+0600][6.791s][info][gc,mmu      ] GC(3) MMU: 2ms/91.9%, 5ms/96.7%, 10ms/98.2%, 20ms/99.1%, 50ms/99.6%, 100ms/99.8%
[2026-04-03T02:20:55.783+0600][6.791s][info][gc,marking  ] GC(3) Mark: 2 stripe(s), 2 proactive flush(es), 1 terminate flush(es), 1 completion(s), 0 continuation(s) 
[2026-04-03T02:20:55.783+0600][6.791s][info][gc,marking  ] GC(3) Mark Stack Usage: 32M
[2026-04-03T02:20:55.783+0600][6.791s][info][gc,nmethod  ] GC(3) NMethods: 2490 registered, 318 unregistered
[2026-04-03T02:20:55.783+0600][6.791s][info][gc,metaspace] GC(3) Metaspace: 35M used, 35M committed, 1088M reserved
[2026-04-03T02:20:55.783+0600][6.791s][info][gc,ref      ] GC(3) Soft: 3855 encountered, 0 discovered, 0 enqueued
[2026-04-03T02:20:55.783+0600][6.791s][info][gc,ref      ] GC(3) Weak: 2509 encountered, 812 discovered, 471 enqueued
[2026-04-03T02:20:55.783+0600][6.791s][info][gc,ref      ] GC(3) Final: 80 encountered, 0 discovered, 0 enqueued
[2026-04-03T02:20:55.783+0600][6.791s][info][gc,ref      ] GC(3) Phantom: 569 encountered, 325 discovered, 1 enqueued
[2026-04-03T02:20:55.783+0600][6.791s][info][gc,reloc    ] GC(3) Small Pages: 80 / 160M, Empty: 0M, Relocated: 6M, In-Place: 0
[2026-04-03T02:20:55.783+0600][6.791s][info][gc,reloc    ] GC(3) Medium Pages: 2 / 32M, Empty: 16M, Relocated: 0M, In-Place: 0
[2026-04-03T02:20:55.783+0600][6.791s][info][gc,reloc    ] GC(3) Large Pages: 1 / 4M, Empty: 0M, Relocated: 0M, In-Place: 0
[2026-04-03T02:20:55.783+0600][6.792s][info][gc,reloc    ] GC(3) Forwarding Usage: 1M
[2026-04-03T02:20:55.783+0600][6.792s][info][gc,heap     ] GC(3) Min Capacity: 8M(1%)
[2026-04-03T02:20:55.783+0600][6.792s][info][gc,heap     ] GC(3) Max Capacity: 1000M(100%)
[2026-04-03T02:20:55.783+0600][6.792s][info][gc,heap     ] GC(3) Soft Max Capacity: 1000M(100%)
[2026-04-03T02:20:55.783+0600][6.792s][info][gc,heap     ] GC(3)                Mark Start          Mark End        Relocate Start      Relocate End           High               Low         
[2026-04-03T02:20:55.783+0600][6.792s][info][gc,heap     ] GC(3)  Capacity:      282M (28%)         282M (28%)         282M (28%)         282M (28%)         282M (28%)         282M (28%)    
[2026-04-03T02:20:55.783+0600][6.792s][info][gc,heap     ] GC(3)      Free:      804M (80%)         798M (80%)         814M (81%)         950M (95%)         950M (95%)         798M (80%)    
[2026-04-03T02:20:55.783+0600][6.792s][info][gc,heap     ] GC(3)      Used:      196M (20%)         202M (20%)         186M (19%)          50M (5%)          202M (20%)          50M (5%)     
[2026-04-03T02:20:55.783+0600][6.792s][info][gc,heap     ] GC(3)      Live:         -                26M (3%)           26M (3%)           26M (3%)             -                  -          
[2026-04-03T02:20:55.784+0600][6.792s][info][gc,heap     ] GC(3) Allocated:         -                 6M (1%)            6M (1%)            5M (1%)             -                  -          
[2026-04-03T02:20:55.784+0600][6.792s][info][gc,heap     ] GC(3)   Garbage:         -               169M (17%)         153M (15%)          18M (2%)             -                  -          
[2026-04-03T02:20:55.784+0600][6.792s][info][gc,heap     ] GC(3) Reclaimed:         -                  -                16M (2%)          151M (15%)            -                  -          
[2026-04-03T02:20:55.784+0600][6.792s][info][gc          ] GC(3) Garbage Collection (Metadata GC Threshold) 196M(20%)->50M(5%)
[2026-04-03T02:20:59.095+0600][10.103s][info][gc,stats    ] === Garbage Collection Statistics =======================================================================================================================
[2026-04-03T02:20:59.095+0600][10.103s][info][gc,stats    ]                                                              Last 10s              Last 10m              Last 10h                Total
[2026-04-03T02:20:59.095+0600][10.103s][info][gc,stats    ]                                                              Avg / Max             Avg / Max             Avg / Max             Avg / Max
[2026-04-03T02:20:59.095+0600][10.103s][info][gc,stats    ]   Collector: Garbage Collection Cycle                     28.827 / 55.784       28.827 / 55.784       28.827 / 55.784       28.827 / 55.784      ms
[2026-04-03T02:20:59.095+0600][10.103s][info][gc,stats    ]  Contention: Mark Segment Reset Contention                     0 / 2                 0 / 2                 0 / 2                 0 / 2           ops/s
[2026-04-03T02:20:59.095+0600][10.104s][info][gc,stats    ]  Contention: Mark SeqNum Reset Contention                      0 / 0                 0 / 0                 0 / 0                 0 / 0           ops/s
[2026-04-03T02:20:59.095+0600][10.104s][info][gc,stats    ]    Critical: Allocation Stall                                  0 / 0                 0 / 0                 0 / 0                 0 / 0           ops/s
[2026-04-03T02:20:59.095+0600][10.104s][info][gc,stats    ]    Critical: Allocation Stall                              0.000 / 0.000         0.000 / 0.000         0.000 / 0.000         0.000 / 0.000       ms
[2026-04-03T02:20:59.095+0600][10.104s][info][gc,stats    ]    Critical: GC Locker Stall                                   0 / 1                 0 / 1                 0 / 1                 0 / 1           ops/s
[2026-04-03T02:20:59.095+0600][10.104s][info][gc,stats    ]    Critical: GC Locker Stall                               0.001 / 0.001         0.001 / 0.001         0.001 / 0.001         0.001 / 0.001       ms
[2026-04-03T02:20:59.095+0600][10.104s][info][gc,stats    ]    Critical: Relocation Stall                                  0 / 0                 0 / 0                 0 / 0                 0 / 0           ops/s
[2026-04-03T02:20:59.095+0600][10.104s][info][gc,stats    ]    Critical: Relocation Stall                              0.000 / 0.000         0.000 / 0.000         0.000 / 0.000         0.000 / 0.000       ms
[2026-04-03T02:20:59.096+0600][10.104s][info][gc,stats    ]      Memory: Allocation Rate                                  83 / 270              83 / 270              83 / 270              83 / 270         MB/s
[2026-04-03T02:20:59.096+0600][10.104s][info][gc,stats    ]      Memory: Defragment                                        0 / 0                 0 / 0                 0 / 0                 0 / 0           ops/s
[2026-04-03T02:20:59.096+0600][10.104s][info][gc,stats    ]      Memory: Out Of Memory                                     0 / 0                 0 / 0                 0 / 0                 0 / 0           ops/s
[2026-04-03T02:20:59.096+0600][10.104s][info][gc,stats    ]      Memory: Page Cache Flush                                  0 / 0                 0 / 0                 0 / 0                 0 / 0           MB/s
[2026-04-03T02:20:59.096+0600][10.104s][info][gc,stats    ]      Memory: Page Cache Hit L1                                29 / 54               29 / 54               29 / 54               29 / 54          ops/s
[2026-04-03T02:20:59.096+0600][10.104s][info][gc,stats    ]      Memory: Page Cache Hit L2                                 0 / 0                 0 / 0                 0 / 0                 0 / 0           ops/s
[2026-04-03T02:20:59.096+0600][10.104s][info][gc,stats    ]      Memory: Page Cache Hit L3                                12 / 91               12 / 91               12 / 91               12 / 91          ops/s
[2026-04-03T02:20:59.096+0600][10.104s][info][gc,stats    ]      Memory: Page Cache Miss                                   0 / 2                 0 / 2                 0 / 2                 0 / 2           ops/s
[2026-04-03T02:20:59.096+0600][10.104s][info][gc,stats    ]      Memory: Uncommit                                          0 / 0                 0 / 0                 0 / 0                 0 / 0           MB/s
[2026-04-03T02:20:59.096+0600][10.104s][info][gc,stats    ]      Memory: Undo Object Allocation Failed                     0 / 0                 0 / 0                 0 / 0                 0 / 0           ops/s
[2026-04-03T02:20:59.096+0600][10.104s][info][gc,stats    ]      Memory: Undo Object Allocation Succeeded                  0 / 1                 0 / 1                 0 / 1                 0 / 1           ops/s
[2026-04-03T02:20:59.096+0600][10.104s][info][gc,stats    ]      Memory: Undo Page Allocation                              0 / 0                 0 / 0                 0 / 0                 0 / 0           ops/s
[2026-04-03T02:20:59.096+0600][10.104s][info][gc,stats    ]       Phase: Concurrent Mark                              11.106 / 20.527       11.106 / 20.527       11.106 / 20.527       11.106 / 20.527      ms
[2026-04-03T02:20:59.096+0600][10.104s][info][gc,stats    ]       Phase: Concurrent Mark Continue                      0.000 / 0.000         0.000 / 0.000         0.000 / 0.000         0.000 / 0.000       ms
[2026-04-03T02:20:59.096+0600][10.104s][info][gc,stats    ]       Phase: Concurrent Mark Free                          0.002 / 0.003         0.002 / 0.003         0.002 / 0.003         0.002 / 0.003       ms
[2026-04-03T02:20:59.096+0600][10.104s][info][gc,stats    ]       Phase: Concurrent Process Non-Strong References      2.305 / 3.955         2.305 / 3.955         2.305 / 3.955         2.305 / 3.955       ms
[2026-04-03T02:20:59.096+0600][10.104s][info][gc,stats    ]       Phase: Concurrent Relocate                           3.366 / 5.559         3.366 / 5.559         3.366 / 5.559         3.366 / 5.559       ms
[2026-04-03T02:20:59.096+0600][10.104s][info][gc,stats    ]       Phase: Concurrent Reset Relocation Set               0.009 / 0.017         0.009 / 0.017         0.009 / 0.017         0.009 / 0.017       ms
[2026-04-03T02:20:59.096+0600][10.104s][info][gc,stats    ]       Phase: Concurrent Select Relocation Set              4.687 / 8.770         4.687 / 8.770         4.687 / 8.770         4.687 / 8.770       ms
[2026-04-03T02:20:59.096+0600][10.104s][info][gc,stats    ]       Phase: Pause Mark End                                0.052 / 0.163         0.052 / 0.163         0.052 / 0.163         0.052 / 0.163       ms
[2026-04-03T02:20:59.096+0600][10.104s][info][gc,stats    ]       Phase: Pause Mark Start                              0.009 / 0.011         0.009 / 0.011         0.009 / 0.011         0.009 / 0.011       ms
[2026-04-03T02:20:59.096+0600][10.104s][info][gc,stats    ]       Phase: Pause Relocate Start                          0.011 / 0.013         0.011 / 0.013         0.011 / 0.013         0.011 / 0.013       ms
[2026-04-03T02:20:59.096+0600][10.104s][info][gc,stats    ]    Subphase: Concurrent Classes Purge                      0.180 / 0.274         0.180 / 0.274         0.180 / 0.274         0.180 / 0.274       ms
[2026-04-03T02:20:59.096+0600][10.104s][info][gc,stats    ]    Subphase: Concurrent Classes Unlink                     1.307 / 2.292         1.307 / 2.292         1.307 / 2.292         1.307 / 2.292       ms
[2026-04-03T02:20:59.096+0600][10.104s][info][gc,stats    ]    Subphase: Concurrent Mark                               9.429 / 18.314        9.429 / 18.314        9.429 / 18.314        9.429 / 18.314      ms
[2026-04-03T02:20:59.096+0600][10.104s][info][gc,stats    ]    Subphase: Concurrent Mark Try Flush                     0.187 / 0.336         0.187 / 0.336         0.187 / 0.336         0.187 / 0.336       ms
[2026-04-03T02:20:59.096+0600][10.104s][info][gc,stats    ]    Subphase: Concurrent Mark Try Terminate                 0.614 / 1.194         0.614 / 1.194         0.614 / 1.194         0.614 / 1.194       ms
[2026-04-03T02:20:59.096+0600][10.104s][info][gc,stats    ]    Subphase: Concurrent References Enqueue                 0.004 / 0.006         0.004 / 0.006         0.004 / 0.006         0.004 / 0.006       ms
[2026-04-03T02:20:59.096+0600][10.104s][info][gc,stats    ]    Subphase: Concurrent References Process                 0.244 / 0.445         0.244 / 0.445         0.244 / 0.445         0.244 / 0.445       ms
[2026-04-03T02:20:59.096+0600][10.104s][info][gc,stats    ]    Subphase: Concurrent Roots ClassLoaderDataGraph         0.200 / 0.837         0.200 / 0.837         0.200 / 0.837         0.200 / 0.837       ms
[2026-04-03T02:20:59.096+0600][10.104s][info][gc,stats    ]    Subphase: Concurrent Roots CodeCache                    0.000 / 0.000         0.000 / 0.000         0.000 / 0.000         0.000 / 0.000       ms
[2026-04-03T02:20:59.096+0600][10.104s][info][gc,stats    ]    Subphase: Concurrent Roots JavaThreads                  0.637 / 1.610         0.637 / 1.610         0.637 / 1.610         0.637 / 1.610       ms
[2026-04-03T02:20:59.096+0600][10.104s][info][gc,stats    ]    Subphase: Concurrent Roots OopStorageSet                0.064 / 0.178         0.064 / 0.178         0.064 / 0.178         0.064 / 0.178       ms
[2026-04-03T02:20:59.096+0600][10.104s][info][gc,stats    ]    Subphase: Concurrent Weak Roots OopStorageSet           0.263 / 0.542         0.263 / 0.542         0.263 / 0.542         0.263 / 0.542       ms
[2026-04-03T02:20:59.096+0600][10.104s][info][gc,stats    ]    Subphase: Pause Mark Try Complete                       0.003 / 0.008         0.003 / 0.008         0.003 / 0.008         0.003 / 0.008       ms
[2026-04-03T02:20:59.096+0600][10.104s][info][gc,stats    ]      System: Java Threads                                     15 / 29               15 / 29               15 / 29               15 / 29          threads
[2026-04-03T02:20:59.096+0600][10.104s][info][gc,stats    ] =========================================================================================================================================================
[2026-04-03T02:20:59.670+0600][10.678s][info][gc,start    ] GC(4) Garbage Collection (Metadata GC Threshold)
[2026-04-03T02:20:59.670+0600][10.678s][info][gc,task     ] GC(4) Using 3 workers
[2026-04-03T02:20:59.671+0600][10.679s][info][gc,phases   ] GC(4) Pause Mark Start 0.040ms
[2026-04-03T02:20:59.717+0600][10.725s][info][gc,phases   ] GC(4) Concurrent Mark 46.078ms
[2026-04-03T02:20:59.717+0600][10.725s][info][gc,phases   ] GC(4) Pause Mark End 0.036ms
[2026-04-03T02:20:59.717+0600][10.725s][info][gc,phases   ] GC(4) Concurrent Mark Free 0.006ms
[2026-04-03T02:20:59.725+0600][10.733s][info][gc,phases   ] GC(4) Concurrent Process Non-Strong References 7.440ms
[2026-04-03T02:20:59.725+0600][10.733s][info][gc,phases   ] GC(4) Concurrent Reset Relocation Set 0.009ms
[2026-04-03T02:20:59.730+0600][10.738s][info][gc,phases   ] GC(4) Concurrent Select Relocation Set 4.608ms
[2026-04-03T02:20:59.730+0600][10.738s][info][gc,phases   ] GC(4) Pause Relocate Start 0.018ms
[2026-04-03T02:20:59.751+0600][10.759s][info][gc,phases   ] GC(4) Concurrent Relocate 21.114ms
[2026-04-03T02:20:59.751+0600][10.759s][info][gc,load     ] GC(4) Load: 5.84/6.07/5.80
[2026-04-03T02:20:59.751+0600][10.759s][info][gc,mmu      ] GC(4) MMU: 2ms/91.9%, 5ms/96.7%, 10ms/98.2%, 20ms/99.1%, 50ms/99.6%, 100ms/99.8%
[2026-04-03T02:20:59.751+0600][10.759s][info][gc,marking  ] GC(4) Mark: 2 stripe(s), 2 proactive flush(es), 1 terminate flush(es), 0 completion(s), 0 continuation(s) 
[2026-04-03T02:20:59.751+0600][10.759s][info][gc,marking  ] GC(4) Mark Stack Usage: 32M
[2026-04-03T02:20:59.751+0600][10.759s][info][gc,nmethod  ] GC(4) NMethods: 3309 registered, 141 unregistered
[2026-04-03T02:20:59.751+0600][10.760s][info][gc,metaspace] GC(4) Metaspace: 59M used, 59M committed, 1088M reserved
[2026-04-03T02:20:59.751+0600][10.760s][info][gc,ref      ] GC(4) Soft: 4001 encountered, 0 discovered, 0 enqueued
[2026-04-03T02:20:59.751+0600][10.760s][info][gc,ref      ] GC(4) Weak: 4083 encountered, 1338 discovered, 640 enqueued
[2026-04-03T02:20:59.752+0600][10.760s][info][gc,ref      ] GC(4) Final: 82 encountered, 0 discovered, 0 enqueued
[2026-04-03T02:20:59.752+0600][10.760s][info][gc,ref      ] GC(4) Phantom: 587 encountered, 320 discovered, 0 enqueued
[2026-04-03T02:20:59.752+0600][10.760s][info][gc,reloc    ] GC(4) Small Pages: 112 / 224M, Empty: 0M, Relocated: 10M, In-Place: 0
[2026-04-03T02:20:59.752+0600][10.760s][info][gc,reloc    ] GC(4) Medium Pages: 2 / 32M, Empty: 0M, Relocated: 4M, In-Place: 0
[2026-04-03T02:20:59.752+0600][10.760s][info][gc,reloc    ] GC(4) Large Pages: 1 / 4M, Empty: 0M, Relocated: 0M, In-Place: 0
[2026-04-03T02:20:59.752+0600][10.760s][info][gc,reloc    ] GC(4) Forwarding Usage: 3M
[2026-04-03T02:20:59.752+0600][10.760s][info][gc,heap     ] GC(4) Min Capacity: 8M(1%)
[2026-04-03T02:20:59.752+0600][10.760s][info][gc,heap     ] GC(4) Max Capacity: 1000M(100%)
[2026-04-03T02:20:59.752+0600][10.760s][info][gc,heap     ] GC(4) Soft Max Capacity: 1000M(100%)
[2026-04-03T02:20:59.752+0600][10.760s][info][gc,heap     ] GC(4)                Mark Start          Mark End        Relocate Start      Relocate End           High               Low         
[2026-04-03T02:20:59.752+0600][10.760s][info][gc,heap     ] GC(4)  Capacity:      282M (28%)         282M (28%)         282M (28%)         314M (31%)         314M (31%)         282M (28%)    
[2026-04-03T02:20:59.752+0600][10.760s][info][gc,heap     ] GC(4)      Free:      740M (74%)         732M (73%)         732M (73%)         924M (92%)         924M (92%)         714M (71%)    
[2026-04-03T02:20:59.752+0600][10.760s][info][gc,heap     ] GC(4)      Used:      260M (26%)         268M (27%)         268M (27%)          76M (8%)          286M (29%)          76M (8%)     
[2026-04-03T02:20:59.752+0600][10.760s][info][gc,heap     ] GC(4)      Live:         -                35M (4%)           35M (4%)           35M (4%)             -                  -          
[2026-04-03T02:20:59.752+0600][10.760s][info][gc,heap     ] GC(4) Allocated:         -                 8M (1%)            8M (1%)           25M (3%)             -                  -          
[2026-04-03T02:20:59.752+0600][10.760s][info][gc,heap     ] GC(4)   Garbage:         -               224M (22%)         224M (22%)          14M (1%)             -                  -          
[2026-04-03T02:20:59.752+0600][10.760s][info][gc,heap     ] GC(4) Reclaimed:         -                  -                 0M (0%)          209M (21%)            -                  -          
[2026-04-03T02:20:59.752+0600][10.760s][info][gc          ] GC(4) Garbage Collection (Metadata GC Threshold) 260M(26%)->76M(8%)
[2026-04-03T02:21:01.396+0600][12.404s][info][gc,start    ] GC(5) Garbage Collection (Warmup)
[2026-04-03T02:21:01.396+0600][12.404s][info][gc,task     ] GC(5) Using 3 workers
[2026-04-03T02:21:01.396+0600][12.404s][info][gc,phases   ] GC(5) Pause Mark Start 0.010ms
[2026-04-03T02:21:01.449+0600][12.457s][info][gc,phases   ] GC(5) Concurrent Mark 52.878ms
[2026-04-03T02:21:01.449+0600][12.457s][info][gc,phases   ] GC(5) Pause Mark End 0.022ms
[2026-04-03T02:21:01.449+0600][12.457s][info][gc,phases   ] GC(5) Concurrent Mark Free 0.007ms
[2026-04-03T02:21:01.459+0600][12.467s][info][gc,phases   ] GC(5) Concurrent Process Non-Strong References 9.661ms
[2026-04-03T02:21:01.459+0600][12.467s][info][gc,phases   ] GC(5) Concurrent Reset Relocation Set 0.016ms
[2026-04-03T02:21:01.464+0600][12.472s][info][gc,phases   ] GC(5) Concurrent Select Relocation Set 4.406ms
[2026-04-03T02:21:01.464+0600][12.472s][info][gc,phases   ] GC(5) Pause Relocate Start 0.014ms
[2026-04-03T02:21:01.474+0600][12.482s][info][gc,phases   ] GC(5) Concurrent Relocate 9.693ms
[2026-04-03T02:21:01.474+0600][12.482s][info][gc,load     ] GC(5) Load: 5.84/6.07/5.80
[2026-04-03T02:21:01.474+0600][12.482s][info][gc,mmu      ] GC(5) MMU: 2ms/91.9%, 5ms/96.7%, 10ms/98.2%, 20ms/99.1%, 50ms/99.6%, 100ms/99.8%
[2026-04-03T02:21:01.474+0600][12.482s][info][gc,marking  ] GC(5) Mark: 2 stripe(s), 2 proactive flush(es), 1 terminate flush(es), 0 completion(s), 0 continuation(s) 
[2026-04-03T02:21:01.474+0600][12.482s][info][gc,marking  ] GC(5) Mark Stack Usage: 32M
[2026-04-03T02:21:01.474+0600][12.482s][info][gc,nmethod  ] GC(5) NMethods: 4318 registered, 374 unregistered
[2026-04-03T02:21:01.474+0600][12.482s][info][gc,metaspace] GC(5) Metaspace: 79M used, 80M committed, 1152M reserved
[2026-04-03T02:21:01.474+0600][12.482s][info][gc,ref      ] GC(5) Soft: 4466 encountered, 0 discovered, 0 enqueued
[2026-04-03T02:21:01.474+0600][12.482s][info][gc,ref      ] GC(5) Weak: 11754 encountered, 7302 discovered, 2823 enqueued
[2026-04-03T02:21:01.474+0600][12.482s][info][gc,ref      ] GC(5) Final: 84 encountered, 84 discovered, 0 enqueued
[2026-04-03T02:21:01.474+0600][12.483s][info][gc,ref      ] GC(5) Phantom: 587 encountered, 301 discovered, 0 enqueued
[2026-04-03T02:21:01.474+0600][12.483s][info][gc,reloc    ] GC(5) Small Pages: 132 / 264M, Empty: 0M, Relocated: 12M, In-Place: 0
[2026-04-03T02:21:01.474+0600][12.483s][info][gc,reloc    ] GC(5) Medium Pages: 2 / 32M, Empty: 16M, Relocated: 0M, In-Place: 0
[2026-04-03T02:21:01.474+0600][12.483s][info][gc,reloc    ] GC(5) Large Pages: 1 / 4M, Empty: 0M, Relocated: 0M, In-Place: 0
[2026-04-03T02:21:01.474+0600][12.483s][info][gc,reloc    ] GC(5) Forwarding Usage: 3M
[2026-04-03T02:21:01.474+0600][12.483s][info][gc,heap     ] GC(5) Min Capacity: 8M(1%)
[2026-04-03T02:21:01.474+0600][12.483s][info][gc,heap     ] GC(5) Max Capacity: 1000M(100%)
[2026-04-03T02:21:01.474+0600][12.483s][info][gc,heap     ] GC(5) Soft Max Capacity: 1000M(100%)
[2026-04-03T02:21:01.475+0600][12.483s][info][gc,heap     ] GC(5)                Mark Start          Mark End        Relocate Start      Relocate End           High               Low         
[2026-04-03T02:21:01.475+0600][12.483s][info][gc,heap     ] GC(5)  Capacity:      314M (31%)         316M (32%)         318M (32%)         334M (33%)         334M (33%)         314M (31%)    
[2026-04-03T02:21:01.475+0600][12.483s][info][gc,heap     ] GC(5)      Free:      700M (70%)         684M (68%)         698M (70%)         906M (91%)         906M (91%)         682M (68%)    
[2026-04-03T02:21:01.475+0600][12.483s][info][gc,heap     ] GC(5)      Used:      300M (30%)         316M (32%)         302M (30%)          94M (9%)          318M (32%)          94M (9%)     
[2026-04-03T02:21:01.475+0600][12.483s][info][gc,heap     ] GC(5)      Live:         -                44M (4%)           44M (4%)           44M (4%)             -                  -          
[2026-04-03T02:21:01.475+0600][12.483s][info][gc,heap     ] GC(5) Allocated:         -                16M (2%)           18M (2%)           33M (3%)             -                  -          
[2026-04-03T02:21:01.475+0600][12.483s][info][gc,heap     ] GC(5)   Garbage:         -               255M (26%)         239M (24%)          15M (2%)             -                  -          
[2026-04-03T02:21:01.475+0600][12.483s][info][gc,heap     ] GC(5) Reclaimed:         -                  -                16M (2%)          239M (24%)            -                  -          
[2026-04-03T02:21:01.475+0600][12.483s][info][gc          ] GC(5) Garbage Collection (Warmup) 300M(30%)->94M(9%)
[2026-04-03T02:21:06.595+0600][17.603s][info][gc,start    ] GC(6) Garbage Collection (Allocation Rate)
[2026-04-03T02:21:06.596+0600][17.604s][info][gc,task     ] GC(6) Using 3 workers
[2026-04-03T02:21:06.604+0600][17.612s][info][gc,phases   ] GC(6) Pause Mark Start 0.017ms
[2026-04-03T02:21:06.762+0600][17.770s][info][gc,phases   ] GC(6) Concurrent Mark 157.324ms
[2026-04-03T02:21:06.762+0600][17.770s][info][gc,phases   ] GC(6) Pause Mark End 0.027ms
[2026-04-03T02:21:06.762+0600][17.770s][info][gc,phases   ] GC(6) Concurrent Mark Free 0.002ms
[2026-04-03T02:21:06.814+0600][17.822s][info][gc,phases   ] GC(6) Concurrent Process Non-Strong References 52.063ms
[2026-04-03T02:21:06.815+0600][17.823s][info][gc,phases   ] GC(6) Concurrent Reset Relocation Set 0.018ms
[2026-04-03T02:21:06.835+0600][17.843s][info][gc,phases   ] GC(6) Concurrent Select Relocation Set 19.584ms
[2026-04-03T02:21:06.835+0600][17.844s][info][gc,phases   ] GC(6) Pause Relocate Start 0.016ms
[2026-04-03T02:21:06.933+0600][17.941s][info][gc,phases   ] GC(6) Concurrent Relocate 97.082ms
[2026-04-03T02:21:06.933+0600][17.941s][info][gc,load     ] GC(6) Load: 5.77/6.05/5.79
[2026-04-03T02:21:06.933+0600][17.941s][info][gc,mmu      ] GC(6) MMU: 2ms/91.9%, 5ms/96.7%, 10ms/98.2%, 20ms/99.1%, 50ms/99.6%, 100ms/99.8%
[2026-04-03T02:21:06.933+0600][17.941s][info][gc,marking  ] GC(6) Mark: 2 stripe(s), 2 proactive flush(es), 1 terminate flush(es), 0 completion(s), 0 continuation(s) 
[2026-04-03T02:21:06.933+0600][17.941s][info][gc,marking  ] GC(6) Mark Stack Usage: 32M
[2026-04-03T02:21:06.933+0600][17.941s][info][gc,nmethod  ] GC(6) NMethods: 7678 registered, 795 unregistered
[2026-04-03T02:21:06.933+0600][17.941s][info][gc,metaspace] GC(6) Metaspace: 113M used, 115M committed, 1152M reserved
[2026-04-03T02:21:06.933+0600][17.941s][info][gc,ref      ] GC(6) Soft: 5614 encountered, 0 discovered, 0 enqueued
[2026-04-03T02:21:06.933+0600][17.941s][info][gc,ref      ] GC(6) Weak: 16174 encountered, 9555 discovered, 3402 enqueued
[2026-04-03T02:21:06.933+0600][17.941s][info][gc,ref      ] GC(6) Final: 84 encountered, 4 discovered, 0 enqueued
[2026-04-03T02:21:06.933+0600][17.941s][info][gc,ref      ] GC(6) Phantom: 610 encountered, 351 discovered, 2 enqueued
[2026-04-03T02:21:06.933+0600][17.941s][info][gc,reloc    ] GC(6) Small Pages: 295 / 590M, Empty: 66M, Relocated: 41M, In-Place: 0
[2026-04-03T02:21:06.933+0600][17.941s][info][gc,reloc    ] GC(6) Medium Pages: 4 / 64M, Empty: 0M, Relocated: 5M, In-Place: 0
[2026-04-03T02:21:06.933+0600][17.941s][info][gc,reloc    ] GC(6) Large Pages: 36 / 156M, Empty: 104M, Relocated: 0M, In-Place: 0
[2026-04-03T02:21:06.933+0600][17.941s][info][gc,reloc    ] GC(6) Forwarding Usage: 18M
[2026-04-03T02:21:06.933+0600][17.941s][info][gc,heap     ] GC(6) Min Capacity: 8M(1%)
[2026-04-03T02:21:06.933+0600][17.941s][info][gc,heap     ] GC(6) Max Capacity: 1000M(100%)
[2026-04-03T02:21:06.933+0600][17.941s][info][gc,heap     ] GC(6) Soft Max Capacity: 1000M(100%)
[2026-04-03T02:21:06.933+0600][17.941s][info][gc,heap     ] GC(6)                Mark Start          Mark End        Relocate Start      Relocate End           High               Low         
[2026-04-03T02:21:06.933+0600][17.941s][info][gc,heap     ] GC(6)  Capacity:      810M (81%)         852M (85%)         862M (86%)         910M (91%)         910M (91%)         810M (81%)    
[2026-04-03T02:21:06.933+0600][17.941s][info][gc,heap     ] GC(6)      Free:      190M (19%)         148M (15%)         306M (31%)         682M (68%)         682M (68%)         138M (14%)    
[2026-04-03T02:21:06.933+0600][17.941s][info][gc,heap     ] GC(6)      Used:      810M (81%)         852M (85%)         694M (69%)         318M (32%)         862M (86%)         318M (32%)    
[2026-04-03T02:21:06.933+0600][17.942s][info][gc,heap     ] GC(6)      Live:         -               163M (16%)         163M (16%)         163M (16%)            -                  -          
[2026-04-03T02:21:06.933+0600][17.942s][info][gc,heap     ] GC(6) Allocated:         -                42M (4%)           54M (5%)          127M (13%)            -                  -          
[2026-04-03T02:21:06.933+0600][17.942s][info][gc,heap     ] GC(6)   Garbage:         -               646M (65%)         476M (48%)          26M (3%)             -                  -          
[2026-04-03T02:21:06.933+0600][17.942s][info][gc,heap     ] GC(6) Reclaimed:         -                  -               170M (17%)         619M (62%)            -                  -          
[2026-04-03T02:21:06.933+0600][17.942s][info][gc          ] GC(6) Garbage Collection (Allocation Rate) 810M(81%)->318M(32%)
[2026-04-03T02:21:07.696+0600][18.704s][info][gc,start    ] GC(7) Garbage Collection (Allocation Rate)
[2026-04-03T02:21:07.696+0600][18.704s][info][gc,task     ] GC(7) Using 2 workers
[2026-04-03T02:21:07.696+0600][18.704s][info][gc,phases   ] GC(7) Pause Mark Start 0.014ms
[2026-04-03T02:21:07.864+0600][18.872s][info][gc,phases   ] GC(7) Concurrent Mark 167.266ms
[2026-04-03T02:21:07.864+0600][18.872s][info][gc,phases   ] GC(7) Pause Mark End 0.025ms
[2026-04-03T02:21:07.864+0600][18.872s][info][gc,phases   ] GC(7) Concurrent Mark Free 0.003ms
[2026-04-03T02:21:07.882+0600][18.890s][info][gc,phases   ] GC(7) Concurrent Process Non-Strong References 17.929ms
[2026-04-03T02:21:07.882+0600][18.890s][info][gc,phases   ] GC(7) Concurrent Reset Relocation Set 0.034ms
[2026-04-03T02:21:07.888+0600][18.896s][info][gc,phases   ] GC(7) Concurrent Select Relocation Set 5.971ms
[2026-04-03T02:21:07.889+0600][18.897s][info][gc,phases   ] GC(7) Pause Relocate Start 0.019ms
[2026-04-03T02:21:07.903+0600][18.911s][info][gc,phases   ] GC(7) Concurrent Relocate 13.653ms
[2026-04-03T02:21:07.903+0600][18.911s][info][gc,load     ] GC(7) Load: 5.77/6.05/5.79
[2026-04-03T02:21:07.903+0600][18.911s][info][gc,mmu      ] GC(7) MMU: 2ms/91.9%, 5ms/96.7%, 10ms/98.2%, 20ms/99.1%, 50ms/99.6%, 100ms/99.8%
[2026-04-03T02:21:07.903+0600][18.911s][info][gc,marking  ] GC(7) Mark: 2 stripe(s), 4 proactive flush(es), 1 terminate flush(es), 0 completion(s), 0 continuation(s) 
[2026-04-03T02:21:07.903+0600][18.911s][info][gc,marking  ] GC(7) Mark Stack Usage: 32M
[2026-04-03T02:21:07.903+0600][18.911s][info][gc,nmethod  ] GC(7) NMethods: 8292 registered, 1014 unregistered
[2026-04-03T02:21:07.903+0600][18.911s][info][gc,metaspace] GC(7) Metaspace: 117M used, 118M committed, 1152M reserved
[2026-04-03T02:21:07.903+0600][18.911s][info][gc,ref      ] GC(7) Soft: 5789 encountered, 0 discovered, 0 enqueued
[2026-04-03T02:21:07.903+0600][18.911s][info][gc,ref      ] GC(7) Weak: 13577 encountered, 4288 discovered, 503 enqueued
[2026-04-03T02:21:07.903+0600][18.911s][info][gc,ref      ] GC(7) Final: 84 encountered, 0 discovered, 0 enqueued
[2026-04-03T02:21:07.903+0600][18.911s][info][gc,ref      ] GC(7) Phantom: 611 encountered, 503 discovered, 1 enqueued
[2026-04-03T02:21:07.903+0600][18.911s][info][gc,reloc    ] GC(7) Small Pages: 157 / 314M, Empty: 86M, Relocated: 6M, In-Place: 0
[2026-04-03T02:21:07.903+0600][18.911s][info][gc,reloc    ] GC(7) Medium Pages: 4 / 64M, Empty: 48M, Relocated: 0M, In-Place: 0
[2026-04-03T02:21:07.903+0600][18.911s][info][gc,reloc    ] GC(7) Large Pages: 19 / 80M, Empty: 76M, Relocated: 0M, In-Place: 0
[2026-04-03T02:21:07.903+0600][18.911s][info][gc,reloc    ] GC(7) Forwarding Usage: 2M
[2026-04-03T02:21:07.903+0600][18.911s][info][gc,heap     ] GC(7) Min Capacity: 8M(1%)
[2026-04-03T02:21:07.903+0600][18.911s][info][gc,heap     ] GC(7) Max Capacity: 1000M(100%)
[2026-04-03T02:21:07.903+0600][18.911s][info][gc,heap     ] GC(7) Soft Max Capacity: 1000M(100%)
[2026-04-03T02:21:07.903+0600][18.911s][info][gc,heap     ] GC(7)                Mark Start          Mark End        Relocate Start      Relocate End           High               Low         
[2026-04-03T02:21:07.903+0600][18.911s][info][gc,heap     ] GC(7)  Capacity:      910M (91%)         910M (91%)         910M (91%)         910M (91%)         910M (91%)         910M (91%)    
[2026-04-03T02:21:07.903+0600][18.911s][info][gc,heap     ] GC(7)      Free:      542M (54%)         512M (51%)         706M (71%)         842M (84%)         842M (84%)         502M (50%)    
[2026-04-03T02:21:07.903+0600][18.911s][info][gc,heap     ] GC(7)      Used:      458M (46%)         488M (49%)         294M (29%)         158M (16%)         498M (50%)         158M (16%)    
[2026-04-03T02:21:07.903+0600][18.911s][info][gc,heap     ] GC(7)      Live:         -                86M (9%)           86M (9%)           86M (9%)             -                  -          
[2026-04-03T02:21:07.903+0600][18.911s][info][gc,heap     ] GC(7) Allocated:         -                30M (3%)           46M (5%)           53M (5%)             -                  -          
[2026-04-03T02:21:07.903+0600][18.911s][info][gc,heap     ] GC(7)   Garbage:         -               371M (37%)         161M (16%)          17M (2%)             -                  -          
[2026-04-03T02:21:07.903+0600][18.911s][info][gc,heap     ] GC(7) Reclaimed:         -                  -               210M (21%)         353M (35%)            -                  -          
[2026-04-03T02:21:07.903+0600][18.911s][info][gc          ] GC(7) Garbage Collection (Allocation Rate) 458M(46%)->158M(16%)
[2026-04-03T02:21:08.761+0600][19.769s][info][gc,start    ] GC(8) Garbage Collection (System.gc())
[2026-04-03T02:21:08.761+0600][19.769s][info][gc,task     ] GC(8) Using 3 workers
[2026-04-03T02:21:08.762+0600][19.770s][info][gc,phases   ] GC(8) Pause Mark Start 0.014ms
[2026-04-03T02:21:08.830+0600][19.838s][info][gc,phases   ] GC(8) Concurrent Mark 68.407ms
[2026-04-03T02:21:08.830+0600][19.838s][info][gc,phases   ] GC(8) Pause Mark End 0.019ms
[2026-04-03T02:21:08.830+0600][19.838s][info][gc,phases   ] GC(8) Concurrent Mark Free 0.001ms
[2026-04-03T02:21:08.852+0600][19.860s][info][gc,phases   ] GC(8) Concurrent Process Non-Strong References 21.508ms
[2026-04-03T02:21:08.852+0600][19.860s][info][gc,phases   ] GC(8) Concurrent Reset Relocation Set 0.009ms
[2026-04-03T02:21:08.855+0600][19.863s][info][gc,phases   ] GC(8) Concurrent Select Relocation Set 3.124ms
[2026-04-03T02:21:08.856+0600][19.864s][info][gc,phases   ] GC(8) Pause Relocate Start 0.014ms
[2026-04-03T02:21:08.864+0600][19.872s][info][gc,phases   ] GC(8) Concurrent Relocate 8.336ms
[2026-04-03T02:21:08.864+0600][19.872s][info][gc,load     ] GC(8) Load: 5.77/6.05/5.79
[2026-04-03T02:21:08.864+0600][19.872s][info][gc,mmu      ] GC(8) MMU: 2ms/91.9%, 5ms/96.7%, 10ms/98.2%, 20ms/99.1%, 50ms/99.6%, 100ms/99.8%
[2026-04-03T02:21:08.864+0600][19.872s][info][gc,marking  ] GC(8) Mark: 2 stripe(s), 2 proactive flush(es), 1 terminate flush(es), 0 completion(s), 0 continuation(s) 
[2026-04-03T02:21:08.864+0600][19.872s][info][gc,marking  ] GC(8) Mark Stack Usage: 32M
[2026-04-03T02:21:08.864+0600][19.872s][info][gc,nmethod  ] GC(8) NMethods: 8892 registered, 1322 unregistered
[2026-04-03T02:21:08.864+0600][19.872s][info][gc,metaspace] GC(8) Metaspace: 118M used, 119M committed, 1152M reserved
[2026-04-03T02:21:08.864+0600][19.872s][info][gc,ref      ] GC(8) Soft: 5918 encountered, 0 discovered, 0 enqueued
[2026-04-03T02:21:08.864+0600][19.872s][info][gc,ref      ] GC(8) Weak: 14284 encountered, 10028 discovered, 855 enqueued
[2026-04-03T02:21:08.864+0600][19.872s][info][gc,ref      ] GC(8) Final: 84 encountered, 0 discovered, 0 enqueued
[2026-04-03T02:21:08.864+0600][19.872s][info][gc,ref      ] GC(8) Phantom: 609 encountered, 596 discovered, 0 enqueued
[2026-04-03T02:21:08.864+0600][19.872s][info][gc,reloc    ] GC(8) Small Pages: 237 / 474M, Empty: 94M, Relocated: 4M, In-Place: 0
[2026-04-03T02:21:08.864+0600][19.872s][info][gc,reloc    ] GC(8) Medium Pages: 3 / 48M, Empty: 32M, Relocated: 0M, In-Place: 0
[2026-04-03T02:21:08.864+0600][19.872s][info][gc,reloc    ] GC(8) Large Pages: 7 / 40M, Empty: 36M, Relocated: 0M, In-Place: 0
[2026-04-03T02:21:08.864+0600][19.872s][info][gc,reloc    ] GC(8) Forwarding Usage: 2M
[2026-04-03T02:21:08.864+0600][19.872s][info][gc,heap     ] GC(8) Min Capacity: 8M(1%)
[2026-04-03T02:21:08.864+0600][19.872s][info][gc,heap     ] GC(8) Max Capacity: 1000M(100%)
[2026-04-03T02:21:08.864+0600][19.872s][info][gc,heap     ] GC(8) Soft Max Capacity: 1000M(100%)
[2026-04-03T02:21:08.864+0600][19.872s][info][gc,heap     ] GC(8)                Mark Start          Mark End        Relocate Start      Relocate End           High               Low         
[2026-04-03T02:21:08.864+0600][19.872s][info][gc,heap     ] GC(8)  Capacity:      910M (91%)         910M (91%)         910M (91%)         910M (91%)         910M (91%)         910M (91%)    
[2026-04-03T02:21:08.864+0600][19.872s][info][gc,heap     ] GC(8)      Free:      438M (44%)         436M (44%)         594M (59%)         874M (87%)         874M (87%)         432M (43%)    
[2026-04-03T02:21:08.864+0600][19.872s][info][gc,heap     ] GC(8)      Used:      562M (56%)         564M (56%)         406M (41%)         126M (13%)         568M (57%)         126M (13%)    
[2026-04-03T02:21:08.864+0600][19.872s][info][gc,heap     ] GC(8)      Live:         -                90M (9%)           90M (9%)           90M (9%)             -                  -          
[2026-04-03T02:21:08.864+0600][19.873s][info][gc,heap     ] GC(8) Allocated:         -                 2M (0%)            6M (1%)           15M (2%)             -                  -          
[2026-04-03T02:21:08.864+0600][19.873s][info][gc,heap     ] GC(8)   Garbage:         -               471M (47%)         309M (31%)          19M (2%)             -                  -          
[2026-04-03T02:21:08.864+0600][19.873s][info][gc,heap     ] GC(8) Reclaimed:         -                  -               162M (16%)         451M (45%)            -                  -          
[2026-04-03T02:21:08.864+0600][19.873s][info][gc          ] GC(8) Garbage Collection (System.gc()) 562M(56%)->126M(13%)
[2026-04-03T02:21:09.095+0600][20.103s][info][gc,stats    ] === Garbage Collection Statistics =======================================================================================================================
[2026-04-03T02:21:09.095+0600][20.103s][info][gc,stats    ]                                                              Last 10s              Last 10m              Last 10h                Total
[2026-04-03T02:21:09.095+0600][20.103s][info][gc,stats    ]                                                              Avg / Max             Avg / Max             Avg / Max             Avg / Max
[2026-04-03T02:21:09.095+0600][20.103s][info][gc,stats    ]   Collector: Garbage Collection Cycle                    161.436 / 338.081     102.499 / 338.081     102.499 / 338.081     102.499 / 338.081     ms
[2026-04-03T02:21:09.095+0600][20.103s][info][gc,stats    ]  Contention: Mark Segment Reset Contention                    11 / 105               5 / 105               5 / 105               5 / 105         ops/s
[2026-04-03T02:21:09.095+0600][20.103s][info][gc,stats    ]  Contention: Mark SeqNum Reset Contention                      0 / 1                 0 / 1                 0 / 1                 0 / 1           ops/s
[2026-04-03T02:21:09.095+0600][20.103s][info][gc,stats    ]    Critical: Allocation Stall                                  0 / 0                 0 / 0                 0 / 0                 0 / 0           ops/s
[2026-04-03T02:21:09.095+0600][20.103s][info][gc,stats    ]    Critical: Allocation Stall                              0.000 / 0.000         0.000 / 0.000         0.000 / 0.000         0.000 / 0.000       ms
[2026-04-03T02:21:09.095+0600][20.103s][info][gc,stats    ]    Critical: GC Locker Stall                                   0 / 1                 0 / 1                 0 / 1                 0 / 1           ops/s
[2026-04-03T02:21:09.095+0600][20.103s][info][gc,stats    ]    Critical: GC Locker Stall                               0.204 / 0.204         0.102 / 0.204         0.102 / 0.204         0.102 / 0.204       ms
[2026-04-03T02:21:09.095+0600][20.103s][info][gc,stats    ]    Critical: Relocation Stall                                  0 / 0                 0 / 0                 0 / 0                 0 / 0           ops/s
[2026-04-03T02:21:09.095+0600][20.103s][info][gc,stats    ]    Critical: Relocation Stall                              0.000 / 0.000         0.000 / 0.000         0.000 / 0.000         0.000 / 0.000       ms
[2026-04-03T02:21:09.095+0600][20.103s][info][gc,stats    ]      Memory: Allocation Rate                                 197 / 420             140 / 420             140 / 420             140 / 420         MB/s
[2026-04-03T02:21:09.095+0600][20.103s][info][gc,stats    ]      Memory: Defragment                                        4 / 19                2 / 19                2 / 19                2 / 19          ops/s
[2026-04-03T02:21:09.095+0600][20.103s][info][gc,stats    ]      Memory: Out Of Memory                                     0 / 0                 0 / 0                 0 / 0                 0 / 0           ops/s
[2026-04-03T02:21:09.095+0600][20.103s][info][gc,stats    ]      Memory: Page Cache Flush                                  9 / 38                4 / 38                4 / 38                4 / 38          MB/s
[2026-04-03T02:21:09.095+0600][20.103s][info][gc,stats    ]      Memory: Page Cache Hit L1                                61 / 185              45 / 185              45 / 185              45 / 185         ops/s
[2026-04-03T02:21:09.095+0600][20.103s][info][gc,stats    ]      Memory: Page Cache Hit L2                                 0 / 0                 0 / 0                 0 / 0                 0 / 0           ops/s
[2026-04-03T02:21:09.095+0600][20.103s][info][gc,stats    ]      Memory: Page Cache Hit L3                                 4 / 17                8 / 91                8 / 91                8 / 91          ops/s
[2026-04-03T02:21:09.095+0600][20.103s][info][gc,stats    ]      Memory: Page Cache Miss                                  19 / 98                9 / 98                9 / 98                9 / 98          ops/s
[2026-04-03T02:21:09.095+0600][20.104s][info][gc,stats    ]      Memory: Uncommit                                          0 / 0                 0 / 0                 0 / 0                 0 / 0           MB/s
[2026-04-03T02:21:09.095+0600][20.104s][info][gc,stats    ]      Memory: Undo Object Allocation Failed                     0 / 0                 0 / 0                 0 / 0                 0 / 0           ops/s
[2026-04-03T02:21:09.095+0600][20.104s][info][gc,stats    ]      Memory: Undo Object Allocation Succeeded                  0 / 1                 0 / 1                 0 / 1                 0 / 1           ops/s
[2026-04-03T02:21:09.095+0600][20.104s][info][gc,stats    ]      Memory: Undo Page Allocation                              0 / 4                 0 / 4                 0 / 4                 0 / 4           ops/s
[2026-04-03T02:21:09.095+0600][20.104s][info][gc,stats    ]       Phase: Concurrent Mark                              98.391 / 167.266      59.598 / 167.266      59.598 / 167.266      59.598 / 167.266     ms
[2026-04-03T02:21:09.096+0600][20.104s][info][gc,stats    ]       Phase: Concurrent Mark Continue                      0.000 / 0.000         0.000 / 0.000         0.000 / 0.000         0.000 / 0.000       ms
[2026-04-03T02:21:09.096+0600][20.104s][info][gc,stats    ]       Phase: Concurrent Mark Free                          0.004 / 0.007         0.003 / 0.007         0.003 / 0.007         0.003 / 0.007       ms
[2026-04-03T02:21:09.096+0600][20.104s][info][gc,stats    ]       Phase: Concurrent Process Non-Strong References     21.720 / 52.063       13.091 / 52.063       13.091 / 52.063       13.091 / 52.063      ms
[2026-04-03T02:21:09.096+0600][20.104s][info][gc,stats    ]       Phase: Concurrent Relocate                          29.976 / 97.082       18.149 / 97.082       18.149 / 97.082       18.149 / 97.082      ms
[2026-04-03T02:21:09.096+0600][20.104s][info][gc,stats    ]       Phase: Concurrent Reset Relocation Set               0.017 / 0.034         0.013 / 0.034         0.013 / 0.034         0.013 / 0.034       ms
[2026-04-03T02:21:09.096+0600][20.104s][info][gc,stats    ]       Phase: Concurrent Select Relocation Set              7.539 / 19.584        6.271 / 19.584        6.271 / 19.584        6.271 / 19.584      ms
[2026-04-03T02:21:09.096+0600][20.104s][info][gc,stats    ]       Phase: Pause Mark End                                0.026 / 0.036         0.038 / 0.163         0.038 / 0.163         0.038 / 0.163       ms
[2026-04-03T02:21:09.096+0600][20.104s][info][gc,stats    ]       Phase: Pause Mark Start                              0.019 / 0.040         0.015 / 0.040         0.015 / 0.040         0.015 / 0.040       ms
[2026-04-03T02:21:09.096+0600][20.104s][info][gc,stats    ]       Phase: Pause Relocate Start                          0.016 / 0.019         0.014 / 0.019         0.014 / 0.019         0.014 / 0.019       ms
[2026-04-03T02:21:09.096+0600][20.104s][info][gc,stats    ]    Subphase: Concurrent Classes Purge                      0.975 / 2.956         0.622 / 2.956         0.622 / 2.956         0.622 / 2.956       ms
[2026-04-03T02:21:09.096+0600][20.104s][info][gc,stats    ]    Subphase: Concurrent Classes Unlink                    16.052 / 38.304        9.499 / 38.304        9.499 / 38.304        9.499 / 38.304      ms
[2026-04-03T02:21:09.096+0600][20.104s][info][gc,stats    ]    Subphase: Concurrent Mark                              90.675 / 165.345      53.176 / 165.345      53.176 / 165.345      53.176 / 165.345     ms
[2026-04-03T02:21:09.096+0600][20.104s][info][gc,stats    ]    Subphase: Concurrent Mark Try Flush                     0.414 / 1.866         0.320 / 1.866         0.320 / 1.866         0.320 / 1.866       ms
[2026-04-03T02:21:09.096+0600][20.104s][info][gc,stats    ]    Subphase: Concurrent Mark Try Terminate                 0.768 / 1.179         0.715 / 1.194         0.715 / 1.194         0.715 / 1.194       ms
[2026-04-03T02:21:09.096+0600][20.104s][info][gc,stats    ]    Subphase: Concurrent References Enqueue                 0.011 / 0.022         0.008 / 0.022         0.008 / 0.022         0.008 / 0.022       ms
[2026-04-03T02:21:09.096+0600][20.104s][info][gc,stats    ]    Subphase: Concurrent References Process                 1.149 / 1.926         0.747 / 1.926         0.747 / 1.926         0.747 / 1.926       ms
[2026-04-03T02:21:09.096+0600][20.104s][info][gc,stats    ]    Subphase: Concurrent Roots ClassLoaderDataGraph         0.355 / 0.903         0.292 / 0.903         0.292 / 0.903         0.292 / 0.903       ms
[2026-04-03T02:21:09.096+0600][20.104s][info][gc,stats    ]    Subphase: Concurrent Roots CodeCache                    0.000 / 0.000         0.000 / 0.000         0.000 / 0.000         0.000 / 0.000       ms
[2026-04-03T02:21:09.096+0600][20.104s][info][gc,stats    ]    Subphase: Concurrent Roots JavaThreads                  1.285 / 3.717         1.003 / 3.717         1.003 / 3.717         1.003 / 3.717       ms
[2026-04-03T02:21:09.096+0600][20.104s][info][gc,stats    ]    Subphase: Concurrent Roots OopStorageSet                0.094 / 0.190         0.081 / 0.190         0.081 / 0.190         0.081 / 0.190       ms
[2026-04-03T02:21:09.096+0600][20.104s][info][gc,stats    ]    Subphase: Concurrent Weak Roots OopStorageSet           1.547 / 2.676         0.954 / 2.676         0.954 / 2.676         0.954 / 2.676       ms
[2026-04-03T02:21:09.096+0600][20.104s][info][gc,stats    ]    Subphase: Pause Mark Try Complete                       0.000 / 0.000         0.003 / 0.008         0.003 / 0.008         0.003 / 0.008       ms
[2026-04-03T02:21:09.096+0600][20.104s][info][gc,stats    ]      System: Java Threads                                     80 / 114              51 / 114              51 / 114              51 / 114         threads
[2026-04-03T02:21:09.096+0600][20.104s][info][gc,stats    ] =========================================================================================================================================================
[2026-04-03T02:21:09.596+0600][20.604s][info][gc,start    ] GC(9) Garbage Collection (Allocation Rate)
[2026-04-03T02:21:09.596+0600][20.604s][info][gc,task     ] GC(9) Using 3 workers
[2026-04-03T02:21:09.596+0600][20.604s][info][gc,phases   ] GC(9) Pause Mark Start 0.017ms
[2026-04-03T02:21:09.741+0600][20.749s][info][gc,phases   ] GC(9) Concurrent Mark 144.114ms
[2026-04-03T02:21:09.741+0600][20.749s][info][gc,phases   ] GC(9) Pause Mark End 0.029ms
[2026-04-03T02:21:09.741+0600][20.749s][info][gc,phases   ] GC(9) Concurrent Mark Free 0.003ms
[2026-04-03T02:21:09.809+0600][20.817s][info][gc,phases   ] GC(9) Concurrent Process Non-Strong References 67.924ms
[2026-04-03T02:21:09.809+0600][20.817s][info][gc,phases   ] GC(9) Concurrent Reset Relocation Set 0.020ms
[2026-04-03T02:21:09.814+0600][20.822s][info][gc,phases   ] GC(9) Concurrent Select Relocation Set 4.898ms
[2026-04-03T02:21:09.816+0600][20.824s][info][gc,phases   ] GC(9) Pause Relocate Start 0.020ms
[2026-04-03T02:21:09.821+0600][20.829s][info][gc,phases   ] GC(9) Concurrent Relocate 2.869ms
[2026-04-03T02:21:09.821+0600][20.829s][info][gc,load     ] GC(9) Load: 6.59/6.22/5.85
[2026-04-03T02:21:09.821+0600][20.829s][info][gc,mmu      ] GC(9) MMU: 2ms/91.9%, 5ms/96.7%, 10ms/98.2%, 20ms/99.1%, 50ms/99.6%, 100ms/99.8%
[2026-04-03T02:21:09.821+0600][20.829s][info][gc,marking  ] GC(9) Mark: 2 stripe(s), 2 proactive flush(es), 1 terminate flush(es), 0 completion(s), 0 continuation(s) 
[2026-04-03T02:21:09.821+0600][20.829s][info][gc,marking  ] GC(9) Mark Stack Usage: 32M
[2026-04-03T02:21:09.821+0600][20.829s][info][gc,nmethod  ] GC(9) NMethods: 9395 registered, 1470 unregistered
[2026-04-03T02:21:09.821+0600][20.829s][info][gc,metaspace] GC(9) Metaspace: 119M used, 121M committed, 1152M reserved
[2026-04-03T02:21:09.821+0600][20.829s][info][gc,ref      ] GC(9) Soft: 6043 encountered, 0 discovered, 0 enqueued
[2026-04-03T02:21:09.821+0600][20.829s][info][gc,ref      ] GC(9) Weak: 14234 encountered, 4132 discovered, 311 enqueued
[2026-04-03T02:21:09.821+0600][20.829s][info][gc,ref      ] GC(9) Final: 84 encountered, 1 discovered, 0 enqueued
[2026-04-03T02:21:09.821+0600][20.829s][info][gc,ref      ] GC(9) Phantom: 612 encountered, 450 discovered, 0 enqueued
[2026-04-03T02:21:09.821+0600][20.829s][info][gc,reloc    ] GC(9) Small Pages: 100 / 200M, Empty: 12M, Relocated: 3M, In-Place: 0
[2026-04-03T02:21:09.821+0600][20.829s][info][gc,reloc    ] GC(9) Medium Pages: 2 / 32M, Empty: 16M, Relocated: 0M, In-Place: 0
[2026-04-03T02:21:09.821+0600][20.829s][info][gc,reloc    ] GC(9) Large Pages: 67 / 400M, Empty: 390M, Relocated: 0M, In-Place: 0
[2026-04-03T02:21:09.821+0600][20.829s][info][gc,reloc    ] GC(9) Forwarding Usage: 0M
[2026-04-03T02:21:09.821+0600][20.829s][info][gc,heap     ] GC(9) Min Capacity: 8M(1%)
[2026-04-03T02:21:09.821+0600][20.829s][info][gc,heap     ] GC(9) Max Capacity: 1000M(100%)
[2026-04-03T02:21:09.821+0600][20.829s][info][gc,heap     ] GC(9) Soft Max Capacity: 1000M(100%)
[2026-04-03T02:21:09.821+0600][20.829s][info][gc,heap     ] GC(9)                Mark Start          Mark End        Relocate Start      Relocate End           High               Low         
[2026-04-03T02:21:09.821+0600][20.829s][info][gc,heap     ] GC(9)  Capacity:     1000M (100%)       1000M (100%)       1000M (100%)       1000M (100%)       1000M (100%)       1000M (100%)   
[2026-04-03T02:21:09.821+0600][20.829s][info][gc,heap     ] GC(9)      Free:      368M (37%)         302M (30%)         720M (72%)         810M (81%)         810M (81%)         302M (30%)    
[2026-04-03T02:21:09.821+0600][20.829s][info][gc,heap     ] GC(9)      Used:      632M (63%)         698M (70%)         280M (28%)         190M (19%)         698M (70%)         190M (19%)    
[2026-04-03T02:21:09.821+0600][20.829s][info][gc,heap     ] GC(9)      Live:         -                99M (10%)          99M (10%)          99M (10%)            -                  -          
[2026-04-03T02:21:09.821+0600][20.829s][info][gc,heap     ] GC(9) Allocated:         -                66M (7%)           66M (7%)           67M (7%)             -                  -          
[2026-04-03T02:21:09.821+0600][20.829s][info][gc,heap     ] GC(9)   Garbage:         -               532M (53%)         114M (11%)          22M (2%)             -                  -          
[2026-04-03T02:21:09.821+0600][20.829s][info][gc,heap     ] GC(9) Reclaimed:         -                  -               418M (42%)         509M (51%)            -                  -          
[2026-04-03T02:21:09.821+0600][20.829s][info][gc          ] GC(9) Garbage Collection (Allocation Rate) 632M(63%)->190M(19%)
[2026-04-03T02:21:10.195+0600][21.203s][info][gc,start    ] GC(10) Garbage Collection (Allocation Rate)
[2026-04-03T02:21:10.195+0600][21.203s][info][gc,task     ] GC(10) Using 3 workers
[2026-04-03T02:21:10.196+0600][21.204s][info][gc,phases   ] GC(10) Pause Mark Start 0.013ms
[2026-04-03T02:21:10.318+0600][21.326s][info][gc,phases   ] GC(10) Concurrent Mark 121.912ms
[2026-04-03T02:21:10.319+0600][21.327s][info][gc,phases   ] GC(10) Pause Mark End 0.132ms
[2026-04-03T02:21:10.319+0600][21.327s][info][gc,phases   ] GC(10) Concurrent Mark Free 0.002ms
[2026-04-03T02:21:10.341+0600][21.349s][info][gc,phases   ] GC(10) Concurrent Process Non-Strong References 21.744ms
[2026-04-03T02:21:10.341+0600][21.349s][info][gc,phases   ] GC(10) Concurrent Reset Relocation Set 0.007ms
[2026-04-03T02:21:10.345+0600][21.353s][info][gc,phases   ] GC(10) Concurrent Select Relocation Set 4.141ms
[2026-04-03T02:21:10.346+0600][21.354s][info][gc,phases   ] GC(10) Pause Relocate Start 0.014ms
[2026-04-03T02:21:10.348+0600][21.356s][info][gc,phases   ] GC(10) Concurrent Relocate 1.840ms
[2026-04-03T02:21:10.348+0600][21.356s][info][gc,load     ] GC(10) Load: 6.59/6.22/5.85
[2026-04-03T02:21:10.348+0600][21.356s][info][gc,mmu      ] GC(10) MMU: 2ms/91.9%, 5ms/96.7%, 10ms/98.2%, 20ms/99.1%, 50ms/99.6%, 100ms/99.8%
[2026-04-03T02:21:10.348+0600][21.356s][info][gc,marking  ] GC(10) Mark: 2 stripe(s), 2 proactive flush(es), 2 terminate flush(es), 1 completion(s), 0 continuation(s) 
[2026-04-03T02:21:10.348+0600][21.356s][info][gc,marking  ] GC(10) Mark Stack Usage: 32M
[2026-04-03T02:21:10.348+0600][21.356s][info][gc,nmethod  ] GC(10) NMethods: 9673 registered, 1552 unregistered
[2026-04-03T02:21:10.348+0600][21.356s][info][gc,metaspace] GC(10) Metaspace: 120M used, 121M committed, 1152M reserved
[2026-04-03T02:21:10.348+0600][21.356s][info][gc,ref      ] GC(10) Soft: 6050 encountered, 0 discovered, 0 enqueued
[2026-04-03T02:21:10.348+0600][21.356s][info][gc,ref      ] GC(10) Weak: 14239 encountered, 4825 discovered, 242 enqueued
[2026-04-03T02:21:10.348+0600][21.356s][info][gc,ref      ] GC(10) Final: 84 encountered, 0 discovered, 0 enqueued
[2026-04-03T02:21:10.348+0600][21.356s][info][gc,ref      ] GC(10) Phantom: 612 encountered, 537 discovered, 0 enqueued
[2026-04-03T02:21:10.348+0600][21.356s][info][gc,reloc    ] GC(10) Small Pages: 90 / 180M, Empty: 14M, Relocated: 1M, In-Place: 0
[2026-04-03T02:21:10.348+0600][21.356s][info][gc,reloc    ] GC(10) Medium Pages: 2 / 32M, Empty: 16M, Relocated: 0M, In-Place: 0
[2026-04-03T02:21:10.348+0600][21.356s][info][gc,reloc    ] GC(10) Large Pages: 70 / 418M, Empty: 414M, Relocated: 0M, In-Place: 0
[2026-04-03T02:21:10.348+0600][21.356s][info][gc,reloc    ] GC(10) Forwarding Usage: 0M
[2026-04-03T02:21:10.348+0600][21.356s][info][gc,heap     ] GC(10) Min Capacity: 8M(1%)
[2026-04-03T02:21:10.348+0600][21.356s][info][gc,heap     ] GC(10) Max Capacity: 1000M(100%)
[2026-04-03T02:21:10.348+0600][21.356s][info][gc,heap     ] GC(10) Soft Max Capacity: 1000M(100%)
[2026-04-03T02:21:10.348+0600][21.356s][info][gc,heap     ] GC(10)                Mark Start          Mark End        Relocate Start      Relocate End           High               Low         
[2026-04-03T02:21:10.348+0600][21.356s][info][gc,heap     ] GC(10)  Capacity:     1000M (100%)       1000M (100%)       1000M (100%)       1000M (100%)       1000M (100%)       1000M (100%)   
[2026-04-03T02:21:10.348+0600][21.356s][info][gc,heap     ] GC(10)      Free:      370M (37%)         318M (32%)         748M (75%)         812M (81%)         812M (81%)         308M (31%)    
[2026-04-03T02:21:10.348+0600][21.356s][info][gc,heap     ] GC(10)      Used:      630M (63%)         682M (68%)         252M (25%)         188M (19%)         692M (69%)         188M (19%)    
[2026-04-03T02:21:10.348+0600][21.356s][info][gc,heap     ] GC(10)      Live:         -                92M (9%)           92M (9%)           92M (9%)             -                  -          
[2026-04-03T02:21:10.348+0600][21.356s][info][gc,heap     ] GC(10) Allocated:         -                52M (5%)           66M (7%)           71M (7%)             -                  -          
[2026-04-03T02:21:10.348+0600][21.356s][info][gc,heap     ] GC(10)   Garbage:         -               537M (54%)          93M (9%)           23M (2%)             -                  -          
[2026-04-03T02:21:10.348+0600][21.356s][info][gc,heap     ] GC(10) Reclaimed:         -                  -               444M (44%)         513M (51%)            -                  -          
[2026-04-03T02:21:10.348+0600][21.356s][info][gc          ] GC(10) Garbage Collection (Allocation Rate) 630M(63%)->188M(19%)
[2026-04-03T02:21:10.396+0600][21.404s][info][gc,start    ] GC(11) Garbage Collection (Allocation Rate)
[2026-04-03T02:21:10.396+0600][21.404s][info][gc,task     ] GC(11) Using 3 workers
[2026-04-03T02:21:10.396+0600][21.404s][info][gc,phases   ] GC(11) Pause Mark Start 0.008ms
[2026-04-03T02:21:10.461+0600][21.469s][info][gc,phases   ] GC(11) Concurrent Mark 65.317ms
[2026-04-03T02:21:10.462+0600][21.470s][info][gc,phases   ] GC(11) Pause Mark End 0.027ms
[2026-04-03T02:21:10.462+0600][21.470s][info][gc,phases   ] GC(11) Concurrent Mark Free 0.007ms
[2026-04-03T02:21:10.474+0600][21.483s][info][gc,phases   ] GC(11) Concurrent Process Non-Strong References 12.591ms
[2026-04-03T02:21:10.475+0600][21.483s][info][gc,phases   ] GC(11) Concurrent Reset Relocation Set 0.007ms
[2026-04-03T02:21:10.478+0600][21.486s][info][gc,phases   ] GC(11) Concurrent Select Relocation Set 3.180ms
[2026-04-03T02:21:10.478+0600][21.486s][info][gc,phases   ] GC(11) Pause Relocate Start 0.014ms
[2026-04-03T02:21:10.480+0600][21.488s][info][gc,phases   ] GC(11) Concurrent Relocate 1.507ms
[2026-04-03T02:21:10.480+0600][21.488s][info][gc,load     ] GC(11) Load: 6.59/6.22/5.85
[2026-04-03T02:21:10.480+0600][21.488s][info][gc,mmu      ] GC(11) MMU: 2ms/91.9%, 5ms/96.7%, 10ms/98.2%, 20ms/99.1%, 50ms/99.6%, 100ms/99.8%
[2026-04-03T02:21:10.480+0600][21.488s][info][gc,marking  ] GC(11) Mark: 2 stripe(s), 2 proactive flush(es), 1 terminate flush(es), 0 completion(s), 0 continuation(s) 
[2026-04-03T02:21:10.480+0600][21.488s][info][gc,marking  ] GC(11) Mark Stack Usage: 32M
[2026-04-03T02:21:10.480+0600][21.488s][info][gc,nmethod  ] GC(11) NMethods: 9716 registered, 1608 unregistered
[2026-04-03T02:21:10.480+0600][21.488s][info][gc,metaspace] GC(11) Metaspace: 120M used, 121M committed, 1152M reserved
[2026-04-03T02:21:10.480+0600][21.488s][info][gc,ref      ] GC(11) Soft: 6065 encountered, 0 discovered, 0 enqueued
[2026-04-03T02:21:10.480+0600][21.488s][info][gc,ref      ] GC(11) Weak: 14081 encountered, 5147 discovered, 179 enqueued
[2026-04-03T02:21:10.480+0600][21.488s][info][gc,ref      ] GC(11) Final: 84 encountered, 0 discovered, 0 enqueued
[2026-04-03T02:21:10.480+0600][21.488s][info][gc,ref      ] GC(11) Phantom: 612 encountered, 501 discovered, 0 enqueued
[2026-04-03T02:21:10.480+0600][21.488s][info][gc,reloc    ] GC(11) Small Pages: 80 / 160M, Empty: 10M, Relocated: 3M, In-Place: 0
[2026-04-03T02:21:10.480+0600][21.488s][info][gc,reloc    ] GC(11) Medium Pages: 2 / 32M, Empty: 16M, Relocated: 0M, In-Place: 0
[2026-04-03T02:21:10.480+0600][21.488s][info][gc,reloc    ] GC(11) Large Pages: 2 / 10M, Empty: 6M, Relocated: 0M, In-Place: 0
[2026-04-03T02:21:10.480+0600][21.488s][info][gc,reloc    ] GC(11) Forwarding Usage: 0M
[2026-04-03T02:21:10.480+0600][21.488s][info][gc,heap     ] GC(11) Min Capacity: 8M(1%)
[2026-04-03T02:21:10.480+0600][21.488s][info][gc,heap     ] GC(11) Max Capacity: 1000M(100%)
[2026-04-03T02:21:10.480+0600][21.488s][info][gc,heap     ] GC(11) Soft Max Capacity: 1000M(100%)
[2026-04-03T02:21:10.480+0600][21.488s][info][gc,heap     ] GC(11)                Mark Start          Mark End        Relocate Start      Relocate End           High               Low         
[2026-04-03T02:21:10.480+0600][21.488s][info][gc,heap     ] GC(11)  Capacity:     1000M (100%)       1000M (100%)       1000M (100%)       1000M (100%)       1000M (100%)       1000M (100%)   
[2026-04-03T02:21:10.480+0600][21.488s][info][gc,heap     ] GC(11)      Free:      798M (80%)         762M (76%)         788M (79%)         838M (84%)         838M (84%)         756M (76%)    
[2026-04-03T02:21:10.480+0600][21.488s][info][gc,heap     ] GC(11)      Used:      202M (20%)         238M (24%)         212M (21%)         162M (16%)         244M (24%)         162M (16%)    
[2026-04-03T02:21:10.480+0600][21.488s][info][gc,heap     ] GC(11)      Live:         -                93M (9%)           93M (9%)           93M (9%)             -                  -          
[2026-04-03T02:21:10.480+0600][21.488s][info][gc,heap     ] GC(11) Allocated:         -                36M (4%)           42M (4%)           45M (5%)             -                  -          
[2026-04-03T02:21:10.480+0600][21.488s][info][gc,heap     ] GC(11)   Garbage:         -               108M (11%)          76M (8%)           22M (2%)             -                  -          
[2026-04-03T02:21:10.480+0600][21.488s][info][gc,heap     ] GC(11) Reclaimed:         -                  -                32M (3%)           85M (9%)             -                  -          
[2026-04-03T02:21:10.480+0600][21.488s][info][gc          ] GC(11) Garbage Collection (Allocation Rate) 202M(20%)->162M(16%)
[2026-04-03T02:21:11.596+0600][22.604s][info][gc,start    ] GC(12) Garbage Collection (Allocation Rate)
[2026-04-03T02:21:11.596+0600][22.604s][info][gc,task     ] GC(12) Using 3 workers
[2026-04-03T02:21:11.596+0600][22.604s][info][gc,phases   ] GC(12) Pause Mark Start 0.011ms
[2026-04-03T02:21:11.690+0600][22.698s][info][gc,phases   ] GC(12) Concurrent Mark 94.163ms
[2026-04-03T02:21:11.691+0600][22.699s][info][gc,phases   ] GC(12) Pause Mark End 0.032ms
[2026-04-03T02:21:11.691+0600][22.699s][info][gc,phases   ] GC(12) Concurrent Mark Free 0.016ms
[2026-04-03T02:21:11.727+0600][22.735s][info][gc,phases   ] GC(12) Concurrent Process Non-Strong References 36.131ms
[2026-04-03T02:21:11.727+0600][22.735s][info][gc,phases   ] GC(12) Concurrent Reset Relocation Set 0.010ms
[2026-04-03T02:21:11.731+0600][22.739s][info][gc,phases   ] GC(12) Concurrent Select Relocation Set 3.813ms
[2026-04-03T02:21:11.731+0600][22.739s][info][gc,phases   ] GC(12) Pause Relocate Start 0.020ms
[2026-04-03T02:21:11.734+0600][22.742s][info][gc,phases   ] GC(12) Concurrent Relocate 3.117ms
[2026-04-03T02:21:11.735+0600][22.743s][info][gc,load     ] GC(12) Load: 6.59/6.22/5.85
[2026-04-03T02:21:11.735+0600][22.743s][info][gc,mmu      ] GC(12) MMU: 2ms/91.9%, 5ms/96.7%, 10ms/98.2%, 20ms/99.1%, 50ms/99.6%, 100ms/99.8%
[2026-04-03T02:21:11.735+0600][22.743s][info][gc,marking  ] GC(12) Mark: 2 stripe(s), 2 proactive flush(es), 1 terminate flush(es), 0 completion(s), 0 continuation(s) 
[2026-04-03T02:21:11.735+0600][22.743s][info][gc,marking  ] GC(12) Mark Stack Usage: 32M
[2026-04-03T02:21:11.735+0600][22.743s][info][gc,nmethod  ] GC(12) NMethods: 10234 registered, 149 unregistered
[2026-04-03T02:21:11.735+0600][22.743s][info][gc,metaspace] GC(12) Metaspace: 123M used, 125M committed, 1152M reserved
[2026-04-03T02:21:11.735+0600][22.743s][info][gc,ref      ] GC(12) Soft: 6188 encountered, 0 discovered, 0 enqueued
[2026-04-03T02:21:11.735+0600][22.743s][info][gc,ref      ] GC(12) Weak: 14812 encountered, 4888 discovered, 586 enqueued
[2026-04-03T02:21:11.735+0600][22.743s][info][gc,ref      ] GC(12) Final: 84 encountered, 0 discovered, 0 enqueued
[2026-04-03T02:21:11.735+0600][22.743s][info][gc,ref      ] GC(12) Phantom: 620 encountered, 495 discovered, 0 enqueued
[2026-04-03T02:21:11.735+0600][22.743s][info][gc,reloc    ] GC(12) Small Pages: 119 / 238M, Empty: 4M, Relocated: 3M, In-Place: 0
[2026-04-03T02:21:11.735+0600][22.743s][info][gc,reloc    ] GC(12) Medium Pages: 3 / 48M, Empty: 32M, Relocated: 0M, In-Place: 0
[2026-04-03T02:21:11.735+0600][22.743s][info][gc,reloc    ] GC(12) Large Pages: 6 / 34M, Empty: 30M, Relocated: 0M, In-Place: 0
[2026-04-03T02:21:11.735+0600][22.743s][info][gc,reloc    ] GC(12) Forwarding Usage: 0M
[2026-04-03T02:21:11.735+0600][22.743s][info][gc,heap     ] GC(12) Min Capacity: 8M(1%)
[2026-04-03T02:21:11.735+0600][22.743s][info][gc,heap     ] GC(12) Max Capacity: 1000M(100%)
[2026-04-03T02:21:11.735+0600][22.743s][info][gc,heap     ] GC(12) Soft Max Capacity: 1000M(100%)
[2026-04-03T02:21:11.735+0600][22.743s][info][gc,heap     ] GC(12)                Mark Start          Mark End        Relocate Start      Relocate End           High               Low         
[2026-04-03T02:21:11.735+0600][22.743s][info][gc,heap     ] GC(12)  Capacity:     1000M (100%)       1000M (100%)       1000M (100%)       1000M (100%)       1000M (100%)       1000M (100%)   
[2026-04-03T02:21:11.735+0600][22.743s][info][gc,heap     ] GC(12)      Free:      680M (68%)         648M (65%)         696M (70%)         826M (83%)         828M (83%)         630M (63%)    
[2026-04-03T02:21:11.735+0600][22.743s][info][gc,heap     ] GC(12)      Used:      320M (32%)         352M (35%)         304M (30%)         174M (17%)         370M (37%)         172M (17%)    
[2026-04-03T02:21:11.735+0600][22.743s][info][gc,heap     ] GC(12)      Live:         -                94M (9%)           94M (9%)           94M (9%)             -                  -          
[2026-04-03T02:21:11.735+0600][22.743s][info][gc,heap     ] GC(12) Allocated:         -                32M (3%)           50M (5%)           55M (6%)             -                  -          
[2026-04-03T02:21:11.735+0600][22.743s][info][gc,heap     ] GC(12)   Garbage:         -               225M (23%)         159M (16%)          23M (2%)             -                  -          
[2026-04-03T02:21:11.735+0600][22.743s][info][gc,heap     ] GC(12) Reclaimed:         -                  -                66M (7%)          201M (20%)            -                  -          
[2026-04-03T02:21:11.735+0600][22.743s][info][gc          ] GC(12) Garbage Collection (Allocation Rate) 320M(32%)->174M(17%)
[2026-04-03T02:21:12.396+0600][23.404s][info][gc,start    ] GC(13) Garbage Collection (Allocation Rate)
[2026-04-03T02:21:12.396+0600][23.404s][info][gc,task     ] GC(13) Using 3 workers
[2026-04-03T02:21:12.398+0600][23.406s][info][gc,phases   ] GC(13) Pause Mark Start 0.014ms
[2026-04-03T02:21:12.524+0600][23.532s][info][gc,phases   ] GC(13) Concurrent Mark 124.465ms
[2026-04-03T02:21:12.525+0600][23.533s][info][gc,phases   ] GC(13) Pause Mark End 0.036ms
[2026-04-03T02:21:12.525+0600][23.533s][info][gc,phases   ] GC(13) Concurrent Mark Free 0.002ms
[2026-04-03T02:21:12.540+0600][23.548s][info][gc,phases   ] GC(13) Concurrent Process Non-Strong References 15.220ms
[2026-04-03T02:21:12.540+0600][23.548s][info][gc,phases   ] GC(13) Concurrent Reset Relocation Set 0.012ms
[2026-04-03T02:21:12.545+0600][23.553s][info][gc,phases   ] GC(13) Concurrent Select Relocation Set 5.185ms
[2026-04-03T02:21:12.547+0600][23.555s][info][gc,phases   ] GC(13) Pause Relocate Start 0.019ms
[2026-04-03T02:21:12.555+0600][23.563s][info][gc,phases   ] GC(13) Concurrent Relocate 6.676ms
[2026-04-03T02:21:12.555+0600][23.563s][info][gc,load     ] GC(13) Load: 6.59/6.22/5.85
[2026-04-03T02:21:12.555+0600][23.563s][info][gc,mmu      ] GC(13) MMU: 2ms/91.9%, 5ms/96.7%, 10ms/98.2%, 20ms/99.1%, 50ms/99.6%, 100ms/99.8%
[2026-04-03T02:21:12.555+0600][23.563s][info][gc,marking  ] GC(13) Mark: 2 stripe(s), 2 proactive flush(es), 1 terminate flush(es), 0 completion(s), 0 continuation(s) 
[2026-04-03T02:21:12.555+0600][23.563s][info][gc,marking  ] GC(13) Mark Stack Usage: 32M
[2026-04-03T02:21:12.555+0600][23.563s][info][gc,nmethod  ] GC(13) NMethods: 10998 registered, 261 unregistered
[2026-04-03T02:21:12.555+0600][23.563s][info][gc,metaspace] GC(13) Metaspace: 124M used, 125M committed, 1152M reserved
[2026-04-03T02:21:12.555+0600][23.563s][info][gc,ref      ] GC(13) Soft: 6207 encountered, 0 discovered, 0 enqueued
[2026-04-03T02:21:12.555+0600][23.563s][info][gc,ref      ] GC(13) Weak: 14775 encountered, 5235 discovered, 32 enqueued
[2026-04-03T02:21:12.555+0600][23.563s][info][gc,ref      ] GC(13) Final: 84 encountered, 0 discovered, 0 enqueued
[2026-04-03T02:21:12.555+0600][23.563s][info][gc,ref      ] GC(13) Phantom: 620 encountered, 507 discovered, 0 enqueued
[2026-04-03T02:21:12.555+0600][23.563s][info][gc,reloc    ] GC(13) Small Pages: 223 / 446M, Empty: 68M, Relocated: 4M, In-Place: 0
[2026-04-03T02:21:12.555+0600][23.563s][info][gc,reloc    ] GC(13) Medium Pages: 4 / 64M, Empty: 32M, Relocated: 6M, In-Place: 0
[2026-04-03T02:21:12.555+0600][23.563s][info][gc,reloc    ] GC(13) Large Pages: 7 / 40M, Empty: 36M, Relocated: 0M, In-Place: 0
[2026-04-03T02:21:12.555+0600][23.563s][info][gc,reloc    ] GC(13) Forwarding Usage: 1M
[2026-04-03T02:21:12.555+0600][23.563s][info][gc,heap     ] GC(13) Min Capacity: 8M(1%)
[2026-04-03T02:21:12.555+0600][23.563s][info][gc,heap     ] GC(13) Max Capacity: 1000M(100%)
[2026-04-03T02:21:12.555+0600][23.563s][info][gc,heap     ] GC(13) Soft Max Capacity: 1000M(100%)
[2026-04-03T02:21:12.555+0600][23.563s][info][gc,heap     ] GC(13)                Mark Start          Mark End        Relocate Start      Relocate End           High               Low         
[2026-04-03T02:21:12.555+0600][23.563s][info][gc,heap     ] GC(13)  Capacity:     1000M (100%)       1000M (100%)       1000M (100%)       1000M (100%)       1000M (100%)       1000M (100%)   
[2026-04-03T02:21:12.555+0600][23.563s][info][gc,heap     ] GC(13)      Free:      450M (45%)         378M (38%)         502M (50%)         788M (79%)         788M (79%)         370M (37%)    
[2026-04-03T02:21:12.555+0600][23.563s][info][gc,heap     ] GC(13)      Used:      550M (55%)         622M (62%)         498M (50%)         212M (21%)         630M (63%)         212M (21%)    
[2026-04-03T02:21:12.555+0600][23.563s][info][gc,heap     ] GC(13)      Live:         -                98M (10%)          98M (10%)          98M (10%)            -                  -          
[2026-04-03T02:21:12.555+0600][23.563s][info][gc,heap     ] GC(13) Allocated:         -                72M (7%)           84M (8%)           89M (9%)             -                  -          
[2026-04-03T02:21:12.555+0600][23.563s][info][gc,heap     ] GC(13)   Garbage:         -               451M (45%)         315M (32%)          23M (2%)             -                  -          
[2026-04-03T02:21:12.555+0600][23.563s][info][gc,heap     ] GC(13) Reclaimed:         -                  -               136M (14%)         427M (43%)            -                  -          
[2026-04-03T02:21:12.555+0600][23.563s][info][gc          ] GC(13) Garbage Collection (Allocation Rate) 550M(55%)->212M(21%)
[2026-04-03T02:21:12.895+0600][23.903s][info][gc,start    ] GC(14) Garbage Collection (Allocation Rate)
[2026-04-03T02:21:12.896+0600][23.904s][info][gc,task     ] GC(14) Using 3 workers
[2026-04-03T02:21:12.896+0600][23.904s][info][gc,phases   ] GC(14) Pause Mark Start 0.021ms
[2026-04-03T02:21:13.018+0600][24.026s][info][gc,phases   ] GC(14) Concurrent Mark 122.062ms
[2026-04-03T02:21:13.018+0600][24.027s][info][gc,phases   ] GC(14) Pause Mark End 0.036ms
[2026-04-03T02:21:13.021+0600][24.029s][info][gc,phases   ] GC(14) Concurrent Mark Free 0.003ms
[2026-04-03T02:21:13.054+0600][24.062s][info][gc,phases   ] GC(14) Concurrent Process Non-Strong References 32.869ms
[2026-04-03T02:21:13.054+0600][24.062s][info][gc,phases   ] GC(14) Concurrent Reset Relocation Set 0.018ms
[2026-04-03T02:21:13.061+0600][24.069s][info][gc,phases   ] GC(14) Concurrent Select Relocation Set 6.571ms
[2026-04-03T02:21:13.061+0600][24.069s][info][gc,phases   ] GC(14) Pause Relocate Start 0.017ms
[2026-04-03T02:21:13.067+0600][24.075s][info][gc,phases   ] GC(14) Concurrent Relocate 5.909ms
[2026-04-03T02:21:13.067+0600][24.075s][info][gc,load     ] GC(14) Load: 6.59/6.22/5.85
[2026-04-03T02:21:13.067+0600][24.075s][info][gc,mmu      ] GC(14) MMU: 2ms/91.9%, 5ms/96.7%, 10ms/98.2%, 20ms/99.1%, 50ms/99.6%, 100ms/99.8%
[2026-04-03T02:21:13.067+0600][24.075s][info][gc,marking  ] GC(14) Mark: 2 stripe(s), 2 proactive flush(es), 1 terminate flush(es), 0 completion(s), 0 continuation(s) 
[2026-04-03T02:21:13.067+0600][24.076s][info][gc,marking  ] GC(14) Mark Stack Usage: 32M
[2026-04-03T02:21:13.067+0600][24.076s][info][gc,nmethod  ] GC(14) NMethods: 11379 registered, 91 unregistered
[2026-04-03T02:21:13.067+0600][24.076s][info][gc,metaspace] GC(14) Metaspace: 124M used, 125M committed, 1152M reserved
[2026-04-03T02:21:13.067+0600][24.076s][info][gc,ref      ] GC(14) Soft: 6199 encountered, 0 discovered, 0 enqueued
[2026-04-03T02:21:13.067+0600][24.076s][info][gc,ref      ] GC(14) Weak: 15295 encountered, 4335 discovered, 14 enqueued
[2026-04-03T02:21:13.068+0600][24.076s][info][gc,ref      ] GC(14) Final: 84 encountered, 0 discovered, 0 enqueued
[2026-04-03T02:21:13.068+0600][24.076s][info][gc,ref      ] GC(14) Phantom: 620 encountered, 510 discovered, 0 enqueued
[2026-04-03T02:21:13.068+0600][24.076s][info][gc,reloc    ] GC(14) Small Pages: 184 / 368M, Empty: 84M, Relocated: 4M, In-Place: 0
[2026-04-03T02:21:13.068+0600][24.076s][info][gc,reloc    ] GC(14) Medium Pages: 5 / 80M, Empty: 64M, Relocated: 0M, In-Place: 0
[2026-04-03T02:21:13.068+0600][24.076s][info][gc,reloc    ] GC(14) Large Pages: 8 / 46M, Empty: 42M, Relocated: 0M, In-Place: 0
[2026-04-03T02:21:13.068+0600][24.076s][info][gc,reloc    ] GC(14) Forwarding Usage: 1M
[2026-04-03T02:21:13.068+0600][24.076s][info][gc,heap     ] GC(14) Min Capacity: 8M(1%)
[2026-04-03T02:21:13.068+0600][24.076s][info][gc,heap     ] GC(14) Max Capacity: 1000M(100%)
[2026-04-03T02:21:13.068+0600][24.076s][info][gc,heap     ] GC(14) Soft Max Capacity: 1000M(100%)
[2026-04-03T02:21:13.068+0600][24.076s][info][gc,heap     ] GC(14)                Mark Start          Mark End        Relocate Start      Relocate End           High               Low         
[2026-04-03T02:21:13.068+0600][24.076s][info][gc,heap     ] GC(14)  Capacity:     1000M (100%)       1000M (100%)       1000M (100%)       1000M (100%)       1000M (100%)       1000M (100%)   
[2026-04-03T02:21:13.068+0600][24.076s][info][gc,heap     ] GC(14)      Free:      506M (51%)         416M (42%)         582M (58%)         762M (76%)         764M (76%)         394M (39%)    
[2026-04-03T02:21:13.068+0600][24.076s][info][gc,heap     ] GC(14)      Used:      494M (49%)         584M (58%)         418M (42%)         238M (24%)         606M (61%)         236M (24%)    
[2026-04-03T02:21:13.068+0600][24.076s][info][gc,heap     ] GC(14)      Live:         -                96M (10%)          96M (10%)          96M (10%)            -                  -          
[2026-04-03T02:21:13.068+0600][24.076s][info][gc,heap     ] GC(14) Allocated:         -                90M (9%)          114M (11%)         117M (12%)            -                  -          
[2026-04-03T02:21:13.068+0600][24.076s][info][gc,heap     ] GC(14)   Garbage:         -               397M (40%)         207M (21%)          23M (2%)             -                  -          
[2026-04-03T02:21:13.068+0600][24.076s][info][gc,heap     ] GC(14) Reclaimed:         -                  -               190M (19%)         373M (37%)            -                  -          
[2026-04-03T02:21:13.068+0600][24.076s][info][gc          ] GC(14) Garbage Collection (Allocation Rate) 494M(49%)->238M(24%)
[2026-04-03T02:21:13.296+0600][24.304s][info][gc,start    ] GC(15) Garbage Collection (Allocation Rate)
[2026-04-03T02:21:13.296+0600][24.304s][info][gc,task     ] GC(15) Using 2 workers
[2026-04-03T02:21:13.297+0600][24.305s][info][gc,phases   ] GC(15) Pause Mark Start 0.015ms
[2026-04-03T02:21:13.479+0600][24.487s][info][gc,phases   ] GC(15) Concurrent Mark 181.440ms
[2026-04-03T02:21:13.479+0600][24.487s][info][gc,phases   ] GC(15) Pause Mark End 0.037ms
[2026-04-03T02:21:13.479+0600][24.487s][info][gc,phases   ] GC(15) Concurrent Mark Free 0.003ms
[2026-04-03T02:21:13.497+0600][24.505s][info][gc,phases   ] GC(15) Concurrent Process Non-Strong References 17.706ms
[2026-04-03T02:21:13.497+0600][24.505s][info][gc,phases   ] GC(15) Concurrent Reset Relocation Set 0.007ms
[2026-04-03T02:21:13.500+0600][24.508s][info][gc,phases   ] GC(15) Concurrent Select Relocation Set 3.069ms
[2026-04-03T02:21:13.500+0600][24.509s][info][gc,phases   ] GC(15) Pause Relocate Start 0.014ms
[2026-04-03T02:21:13.505+0600][24.513s][info][gc,phases   ] GC(15) Concurrent Relocate 4.845ms
[2026-04-03T02:21:13.506+0600][24.514s][info][gc,load     ] GC(15) Load: 6.59/6.22/5.85
[2026-04-03T02:21:13.506+0600][24.514s][info][gc,mmu      ] GC(15) MMU: 2ms/91.9%, 5ms/96.7%, 10ms/98.2%, 20ms/99.1%, 50ms/99.6%, 100ms/99.8%
[2026-04-03T02:21:13.506+0600][24.514s][info][gc,marking  ] GC(15) Mark: 2 stripe(s), 2 proactive flush(es), 1 terminate flush(es), 0 completion(s), 0 continuation(s) 
[2026-04-03T02:21:13.506+0600][24.514s][info][gc,marking  ] GC(15) Mark Stack Usage: 32M
[2026-04-03T02:21:13.506+0600][24.514s][info][gc,nmethod  ] GC(15) NMethods: 11715 registered, 175 unregistered
[2026-04-03T02:21:13.506+0600][24.514s][info][gc,metaspace] GC(15) Metaspace: 124M used, 126M committed, 1152M reserved
[2026-04-03T02:21:13.506+0600][24.514s][info][gc,ref      ] GC(15) Soft: 6206 encountered, 0 discovered, 0 enqueued
[2026-04-03T02:21:13.506+0600][24.514s][info][gc,ref      ] GC(15) Weak: 15739 encountered, 4388 discovered, 14 enqueued
[2026-04-03T02:21:13.506+0600][24.514s][info][gc,ref      ] GC(15) Final: 84 encountered, 0 discovered, 0 enqueued
[2026-04-03T02:21:13.506+0600][24.514s][info][gc,ref      ] GC(15) Phantom: 620 encountered, 510 discovered, 0 enqueued
[2026-04-03T02:21:13.506+0600][24.514s][info][gc,reloc    ] GC(15) Small Pages: 170 / 340M, Empty: 96M, Relocated: 5M, In-Place: 0
[2026-04-03T02:21:13.506+0600][24.514s][info][gc,reloc    ] GC(15) Medium Pages: 4 / 64M, Empty: 48M, Relocated: 0M, In-Place: 0
[2026-04-03T02:21:13.506+0600][24.514s][info][gc,reloc    ] GC(15) Large Pages: 7 / 40M, Empty: 36M, Relocated: 0M, In-Place: 0
[2026-04-03T02:21:13.506+0600][24.514s][info][gc,reloc    ] GC(15) Forwarding Usage: 1M
[2026-04-03T02:21:13.506+0600][24.514s][info][gc,heap     ] GC(15) Min Capacity: 8M(1%)
[2026-04-03T02:21:13.506+0600][24.514s][info][gc,heap     ] GC(15) Max Capacity: 1000M(100%)
[2026-04-03T02:21:13.506+0600][24.514s][info][gc,heap     ] GC(15) Soft Max Capacity: 1000M(100%)
[2026-04-03T02:21:13.506+0600][24.514s][info][gc,heap     ] GC(15)                Mark Start          Mark End        Relocate Start      Relocate End           High               Low         
[2026-04-03T02:21:13.506+0600][24.514s][info][gc,heap     ] GC(15)  Capacity:     1000M (100%)       1000M (100%)       1000M (100%)       1000M (100%)       1000M (100%)       1000M (100%)   
[2026-04-03T02:21:13.506+0600][24.514s][info][gc,heap     ] GC(15)      Free:      556M (56%)         422M (42%)         594M (59%)         732M (73%)         732M (73%)         414M (41%)    
[2026-04-03T02:21:13.506+0600][24.514s][info][gc,heap     ] GC(15)      Used:      444M (44%)         578M (58%)         406M (41%)         268M (27%)         586M (59%)         268M (27%)    
[2026-04-03T02:21:13.506+0600][24.514s][info][gc,heap     ] GC(15)      Live:         -                99M (10%)          99M (10%)          99M (10%)            -                  -          
[2026-04-03T02:21:13.506+0600][24.514s][info][gc,heap     ] GC(15) Allocated:         -               134M (13%)         142M (14%)         145M (15%)            -                  -          
[2026-04-03T02:21:13.506+0600][24.514s][info][gc,heap     ] GC(15)   Garbage:         -               344M (34%)         164M (16%)          22M (2%)             -                  -          
[2026-04-03T02:21:13.506+0600][24.514s][info][gc,heap     ] GC(15) Reclaimed:         -                  -               180M (18%)         321M (32%)            -                  -          
[2026-04-03T02:21:13.506+0600][24.514s][info][gc          ] GC(15) Garbage Collection (Allocation Rate) 444M(44%)->268M(27%)
[2026-04-03T02:21:14.097+0600][25.105s][info][gc,start    ] GC(16) Garbage Collection (Allocation Rate)
[2026-04-03T02:21:14.097+0600][25.105s][info][gc,task     ] GC(16) Using 2 workers
[2026-04-03T02:21:14.098+0600][25.106s][info][gc,phases   ] GC(16) Pause Mark Start 0.014ms
[2026-04-03T02:21:14.268+0600][25.276s][info][gc,phases   ] GC(16) Concurrent Mark 167.856ms
[2026-04-03T02:21:14.268+0600][25.276s][info][gc,phases   ] GC(16) Pause Mark End 0.049ms
[2026-04-03T02:21:14.268+0600][25.276s][info][gc,phases   ] GC(16) Concurrent Mark Free 0.004ms
[2026-04-03T02:21:14.292+0600][25.300s][info][gc,phases   ] GC(16) Concurrent Process Non-Strong References 23.237ms
[2026-04-03T02:21:14.292+0600][25.300s][info][gc,phases   ] GC(16) Concurrent Reset Relocation Set 0.016ms
[2026-04-03T02:21:14.298+0600][25.306s][info][gc,phases   ] GC(16) Concurrent Select Relocation Set 6.259ms
[2026-04-03T02:21:14.299+0600][25.307s][info][gc,phases   ] GC(16) Pause Relocate Start 0.017ms
[2026-04-03T02:21:14.329+0600][25.337s][info][gc,phases   ] GC(16) Concurrent Relocate 30.020ms
[2026-04-03T02:21:14.329+0600][25.337s][info][gc,load     ] GC(16) Load: 6.59/6.22/5.85
[2026-04-03T02:21:14.329+0600][25.337s][info][gc,mmu      ] GC(16) MMU: 2ms/91.9%, 5ms/96.7%, 10ms/98.2%, 20ms/99.1%, 50ms/99.6%, 100ms/99.8%
[2026-04-03T02:21:14.329+0600][25.337s][info][gc,marking  ] GC(16) Mark: 2 stripe(s), 2 proactive flush(es), 1 terminate flush(es), 0 completion(s), 0 continuation(s) 
[2026-04-03T02:21:14.329+0600][25.337s][info][gc,marking  ] GC(16) Mark Stack Usage: 32M
[2026-04-03T02:21:14.329+0600][25.337s][info][gc,nmethod  ] GC(16) NMethods: 12068 registered, 296 unregistered
[2026-04-03T02:21:14.329+0600][25.337s][info][gc,metaspace] GC(16) Metaspace: 125M used, 126M committed, 1152M reserved
[2026-04-03T02:21:14.329+0600][25.337s][info][gc,ref      ] GC(16) Soft: 6225 encountered, 0 discovered, 0 enqueued
[2026-04-03T02:21:14.329+0600][25.337s][info][gc,ref      ] GC(16) Weak: 16362 encountered, 5361 discovered, 1640 enqueued
[2026-04-03T02:21:14.329+0600][25.337s][info][gc,ref      ] GC(16) Final: 84 encountered, 0 discovered, 0 enqueued
[2026-04-03T02:21:14.329+0600][25.337s][info][gc,ref      ] GC(16) Phantom: 620 encountered, 439 discovered, 0 enqueued
[2026-04-03T02:21:14.329+0600][25.337s][info][gc,reloc    ] GC(16) Small Pages: 248 / 496M, Empty: 46M, Relocated: 10M, In-Place: 0
[2026-04-03T02:21:14.329+0600][25.337s][info][gc,reloc    ] GC(16) Medium Pages: 5 / 80M, Empty: 64M, Relocated: 0M, In-Place: 0
[2026-04-03T02:21:14.329+0600][25.337s][info][gc,reloc    ] GC(16) Large Pages: 9 / 52M, Empty: 48M, Relocated: 0M, In-Place: 0
[2026-04-03T02:21:14.329+0600][25.337s][info][gc,reloc    ] GC(16) Forwarding Usage: 3M
[2026-04-03T02:21:14.329+0600][25.337s][info][gc,heap     ] GC(16) Min Capacity: 8M(1%)
[2026-04-03T02:21:14.329+0600][25.338s][info][gc,heap     ] GC(16) Max Capacity: 1000M(100%)
[2026-04-03T02:21:14.329+0600][25.338s][info][gc,heap     ] GC(16) Soft Max Capacity: 1000M(100%)
[2026-04-03T02:21:14.329+0600][25.338s][info][gc,heap     ] GC(16)                Mark Start          Mark End        Relocate Start      Relocate End           High               Low         
[2026-04-03T02:21:14.329+0600][25.338s][info][gc,heap     ] GC(16)  Capacity:     1000M (100%)       1000M (100%)       1000M (100%)       1000M (100%)       1000M (100%)       1000M (100%)   
[2026-04-03T02:21:14.330+0600][25.338s][info][gc,heap     ] GC(16)      Free:      372M (37%)         228M (23%)         374M (37%)         700M (70%)         714M (71%)         218M (22%)    
[2026-04-03T02:21:14.330+0600][25.338s][info][gc,heap     ] GC(16)      Used:      628M (63%)         772M (77%)         626M (63%)         300M (30%)         782M (78%)         286M (29%)    
[2026-04-03T02:21:14.330+0600][25.338s][info][gc,heap     ] GC(16)      Live:         -                98M (10%)          98M (10%)          98M (10%)            -                  -          
[2026-04-03T02:21:14.330+0600][25.338s][info][gc,heap     ] GC(16) Allocated:         -               144M (14%)         156M (16%)         179M (18%)            -                  -          
[2026-04-03T02:21:14.330+0600][25.338s][info][gc,heap     ] GC(16)   Garbage:         -               529M (53%)         371M (37%)          21M (2%)             -                  -          
[2026-04-03T02:21:14.330+0600][25.338s][info][gc,heap     ] GC(16) Reclaimed:         -                  -               158M (16%)         507M (51%)            -                  -          
[2026-04-03T02:21:14.330+0600][25.338s][info][gc          ] GC(16) Garbage Collection (Allocation Rate) 628M(63%)->300M(30%)
[2026-04-03T02:21:14.696+0600][25.704s][info][gc,start    ] GC(17) Garbage Collection (Allocation Rate)
[2026-04-03T02:21:14.696+0600][25.704s][info][gc,task     ] GC(17) Using 2 workers
[2026-04-03T02:21:14.696+0600][25.704s][info][gc,phases   ] GC(17) Pause Mark Start 0.011ms
[2026-04-03T02:21:14.866+0600][25.874s][info][gc,phases   ] GC(17) Concurrent Mark 169.282ms
[2026-04-03T02:21:14.866+0600][25.874s][info][gc,phases   ] GC(17) Pause Mark End 0.043ms
[2026-04-03T02:21:14.866+0600][25.874s][info][gc,phases   ] GC(17) Concurrent Mark Free 0.002ms
[2026-04-03T02:21:14.893+0600][25.901s][info][gc,phases   ] GC(17) Concurrent Process Non-Strong References 26.748ms
[2026-04-03T02:21:14.893+0600][25.901s][info][gc,phases   ] GC(17) Concurrent Reset Relocation Set 0.029ms
[2026-04-03T02:21:14.898+0600][25.906s][info][gc,phases   ] GC(17) Concurrent Select Relocation Set 4.748ms
[2026-04-03T02:21:14.898+0600][25.906s][info][gc,phases   ] GC(17) Pause Relocate Start 0.021ms
[2026-04-03T02:21:14.904+0600][25.912s][info][gc,phases   ] GC(17) Concurrent Relocate 5.268ms
[2026-04-03T02:21:14.904+0600][25.912s][info][gc,load     ] GC(17) Load: 7.27/6.37/5.90
[2026-04-03T02:21:14.904+0600][25.912s][info][gc,mmu      ] GC(17) MMU: 2ms/91.9%, 5ms/96.7%, 10ms/98.2%, 20ms/99.1%, 50ms/99.6%, 100ms/99.8%
[2026-04-03T02:21:14.904+0600][25.912s][info][gc,marking  ] GC(17) Mark: 2 stripe(s), 2 proactive flush(es), 1 terminate flush(es), 0 completion(s), 0 continuation(s) 
[2026-04-03T02:21:14.904+0600][25.912s][info][gc,marking  ] GC(17) Mark Stack Usage: 32M
[2026-04-03T02:21:14.904+0600][25.912s][info][gc,nmethod  ] GC(17) NMethods: 12316 registered, 420 unregistered
[2026-04-03T02:21:14.904+0600][25.912s][info][gc,metaspace] GC(17) Metaspace: 125M used, 126M committed, 1152M reserved
[2026-04-03T02:21:14.904+0600][25.912s][info][gc,ref      ] GC(17) Soft: 6217 encountered, 0 discovered, 0 enqueued
[2026-04-03T02:21:14.904+0600][25.912s][info][gc,ref      ] GC(17) Weak: 15531 encountered, 4497 discovered, 27 enqueued
[2026-04-03T02:21:14.904+0600][25.912s][info][gc,ref      ] GC(17) Final: 84 encountered, 0 discovered, 0 enqueued
[2026-04-03T02:21:14.904+0600][25.912s][info][gc,ref      ] GC(17) Phantom: 620 encountered, 351 discovered, 0 enqueued
[2026-04-03T02:21:14.904+0600][25.912s][info][gc,reloc    ] GC(17) Small Pages: 245 / 490M, Empty: 134M, Relocated: 3M, In-Place: 0
[2026-04-03T02:21:14.904+0600][25.912s][info][gc,reloc    ] GC(17) Medium Pages: 7 / 112M, Empty: 96M, Relocated: 0M, In-Place: 0
[2026-04-03T02:21:14.904+0600][25.912s][info][gc,reloc    ] GC(17) Large Pages: 12 / 70M, Empty: 66M, Relocated: 0M, In-Place: 0
[2026-04-03T02:21:14.904+0600][25.912s][info][gc,reloc    ] GC(17) Forwarding Usage: 0M
[2026-04-03T02:21:14.904+0600][25.912s][info][gc,heap     ] GC(17) Min Capacity: 8M(1%)
[2026-04-03T02:21:14.904+0600][25.912s][info][gc,heap     ] GC(17) Max Capacity: 1000M(100%)
[2026-04-03T02:21:14.904+0600][25.912s][info][gc,heap     ] GC(17) Soft Max Capacity: 1000M(100%)
[2026-04-03T02:21:14.904+0600][25.912s][info][gc,heap     ] GC(17)                Mark Start          Mark End        Relocate Start      Relocate End           High               Low         
[2026-04-03T02:21:14.904+0600][25.913s][info][gc,heap     ] GC(17)  Capacity:     1000M (100%)       1000M (100%)       1000M (100%)       1000M (100%)       1000M (100%)       1000M (100%)   
[2026-04-03T02:21:14.904+0600][25.913s][info][gc,heap     ] GC(17)      Free:      328M (33%)         156M (16%)         434M (43%)         682M (68%)         682M (68%)         144M (14%)    
[2026-04-03T02:21:14.904+0600][25.913s][info][gc,heap     ] GC(17)      Used:      672M (67%)         844M (84%)         566M (57%)         318M (32%)         856M (86%)         318M (32%)    
[2026-04-03T02:21:14.905+0600][25.913s][info][gc,heap     ] GC(17)      Live:         -                98M (10%)          98M (10%)          98M (10%)            -                  -          
[2026-04-03T02:21:14.905+0600][25.913s][info][gc,heap     ] GC(17) Allocated:         -               172M (17%)         190M (19%)         197M (20%)            -                  -          
[2026-04-03T02:21:14.905+0600][25.913s][info][gc,heap     ] GC(17)   Garbage:         -               573M (57%)         277M (28%)          21M (2%)             -                  -          
[2026-04-03T02:21:14.905+0600][25.913s][info][gc,heap     ] GC(17) Reclaimed:         -                  -               296M (30%)         551M (55%)            -                  -          
[2026-04-03T02:21:14.905+0600][25.913s][info][gc          ] GC(17) Garbage Collection (Allocation Rate) 672M(67%)->318M(32%)
[2026-04-03T02:21:15.096+0600][26.104s][info][gc,start    ] GC(18) Garbage Collection (Allocation Rate)
[2026-04-03T02:21:15.096+0600][26.104s][info][gc,task     ] GC(18) Using 2 workers
[2026-04-03T02:21:15.096+0600][26.104s][info][gc,phases   ] GC(18) Pause Mark Start 0.010ms
[2026-04-03T02:21:15.239+0600][26.247s][info][gc,phases   ] GC(18) Concurrent Mark 142.280ms
[2026-04-03T02:21:15.239+0600][26.247s][info][gc,phases   ] GC(18) Pause Mark End 0.030ms
[2026-04-03T02:21:15.239+0600][26.247s][info][gc,phases   ] GC(18) Concurrent Mark Free 0.002ms
[2026-04-03T02:21:15.260+0600][26.268s][info][gc,phases   ] GC(18) Concurrent Process Non-Strong References 21.189ms
[2026-04-03T02:21:15.260+0600][26.268s][info][gc,phases   ] GC(18) Concurrent Reset Relocation Set 0.014ms
[2026-04-03T02:21:15.265+0600][26.273s][info][gc,phases   ] GC(18) Concurrent Select Relocation Set 4.530ms
[2026-04-03T02:21:15.266+0600][26.274s][info][gc,phases   ] GC(18) Pause Relocate Start 0.018ms
[2026-04-03T02:21:15.271+0600][26.279s][info][gc,phases   ] GC(18) Concurrent Relocate 5.065ms
[2026-04-03T02:21:15.271+0600][26.279s][info][gc,load     ] GC(18) Load: 7.27/6.37/5.90
[2026-04-03T02:21:15.271+0600][26.279s][info][gc,mmu      ] GC(18) MMU: 2ms/91.9%, 5ms/96.7%, 10ms/98.2%, 20ms/99.1%, 50ms/99.6%, 100ms/99.8%
[2026-04-03T02:21:15.271+0600][26.279s][info][gc,marking  ] GC(18) Mark: 2 stripe(s), 2 proactive flush(es), 1 terminate flush(es), 0 completion(s), 0 continuation(s) 
[2026-04-03T02:21:15.271+0600][26.279s][info][gc,marking  ] GC(18) Mark Stack Usage: 32M
[2026-04-03T02:21:15.271+0600][26.279s][info][gc,nmethod  ] GC(18) NMethods: 12484 registered, 487 unregistered
[2026-04-03T02:21:15.271+0600][26.279s][info][gc,metaspace] GC(18) Metaspace: 125M used, 127M committed, 1152M reserved
[2026-04-03T02:21:15.271+0600][26.279s][info][gc,ref      ] GC(18) Soft: 6217 encountered, 0 discovered, 0 enqueued
[2026-04-03T02:21:15.271+0600][26.279s][info][gc,ref      ] GC(18) Weak: 15958 encountered, 6003 discovered, 1427 enqueued
[2026-04-03T02:21:15.271+0600][26.279s][info][gc,ref      ] GC(18) Final: 84 encountered, 0 discovered, 0 enqueued
[2026-04-03T02:21:15.271+0600][26.279s][info][gc,ref      ] GC(18) Phantom: 620 encountered, 599 discovered, 0 enqueued
[2026-04-03T02:21:15.271+0600][26.279s][info][gc,reloc    ] GC(18) Small Pages: 192 / 384M, Empty: 84M, Relocated: 5M, In-Place: 0
[2026-04-03T02:21:15.271+0600][26.279s][info][gc,reloc    ] GC(18) Medium Pages: 5 / 80M, Empty: 64M, Relocated: 0M, In-Place: 0
[2026-04-03T02:21:15.271+0600][26.279s][info][gc,reloc    ] GC(18) Large Pages: 7 / 40M, Empty: 36M, Relocated: 0M, In-Place: 0
[2026-04-03T02:21:15.271+0600][26.279s][info][gc,reloc    ] GC(18) Forwarding Usage: 2M
[2026-04-03T02:21:15.271+0600][26.279s][info][gc,heap     ] GC(18) Min Capacity: 8M(1%)
[2026-04-03T02:21:15.271+0600][26.279s][info][gc,heap     ] GC(18) Max Capacity: 1000M(100%)
[2026-04-03T02:21:15.271+0600][26.279s][info][gc,heap     ] GC(18) Soft Max Capacity: 1000M(100%)
[2026-04-03T02:21:15.271+0600][26.279s][info][gc,heap     ] GC(18)                Mark Start          Mark End        Relocate Start      Relocate End           High               Low         
[2026-04-03T02:21:15.271+0600][26.279s][info][gc,heap     ] GC(18)  Capacity:     1000M (100%)       1000M (100%)       1000M (100%)       1000M (100%)       1000M (100%)       1000M (100%)   
[2026-04-03T02:21:15.271+0600][26.279s][info][gc,heap     ] GC(18)      Free:      496M (50%)         366M (37%)         538M (54%)         736M (74%)         736M (74%)         354M (35%)    
[2026-04-03T02:21:15.271+0600][26.279s][info][gc,heap     ] GC(18)      Used:      504M (50%)         634M (63%)         462M (46%)         264M (26%)         646M (65%)         264M (26%)    
[2026-04-03T02:21:15.271+0600][26.279s][info][gc,heap     ] GC(18)      Live:         -                97M (10%)          97M (10%)          97M (10%)            -                  -          
[2026-04-03T02:21:15.271+0600][26.279s][info][gc,heap     ] GC(18) Allocated:         -               130M (13%)         142M (14%)         143M (14%)            -                  -          
[2026-04-03T02:21:15.271+0600][26.279s][info][gc,heap     ] GC(18)   Garbage:         -               406M (41%)         222M (22%)          22M (2%)             -                  -          
[2026-04-03T02:21:15.271+0600][26.279s][info][gc,heap     ] GC(18) Reclaimed:         -                  -               184M (18%)         383M (38%)            -                  -          
[2026-04-03T02:21:15.271+0600][26.279s][info][gc          ] GC(18) Garbage Collection (Allocation Rate) 504M(50%)->264M(26%)
[2026-04-03T02:21:15.695+0600][26.703s][info][gc,start    ] GC(19) Garbage Collection (Allocation Rate)
[2026-04-03T02:21:15.695+0600][26.704s][info][gc,task     ] GC(19) Using 2 workers
[2026-04-03T02:21:15.696+0600][26.705s][info][gc,phases   ] GC(19) Pause Mark Start 0.017ms
[2026-04-03T02:21:15.901+0600][26.909s][info][gc,phases   ] GC(19) Concurrent Mark 204.527ms
[2026-04-03T02:21:15.902+0600][26.910s][info][gc,phases   ] GC(19) Pause Mark End 0.067ms
[2026-04-03T02:21:15.902+0600][26.910s][info][gc,phases   ] GC(19) Concurrent Mark Free 0.001ms
[2026-04-03T02:21:15.955+0600][26.963s][info][gc,phases   ] GC(19) Concurrent Process Non-Strong References 52.679ms
[2026-04-03T02:21:15.955+0600][26.963s][info][gc,phases   ] GC(19) Concurrent Reset Relocation Set 0.017ms
[2026-04-03T02:21:15.962+0600][26.970s][info][gc,phases   ] GC(19) Concurrent Select Relocation Set 6.474ms
[2026-04-03T02:21:15.962+0600][26.970s][info][gc,phases   ] GC(19) Pause Relocate Start 0.020ms
[2026-04-03T02:21:15.979+0600][26.987s][info][gc,phases   ] GC(19) Concurrent Relocate 16.528ms
[2026-04-03T02:21:15.979+0600][26.987s][info][gc,load     ] GC(19) Load: 7.27/6.37/5.90
[2026-04-03T02:21:15.979+0600][26.987s][info][gc,mmu      ] GC(19) MMU: 2ms/91.9%, 5ms/96.7%, 10ms/98.2%, 20ms/99.1%, 50ms/99.6%, 100ms/99.8%
[2026-04-03T02:21:15.979+0600][26.987s][info][gc,marking  ] GC(19) Mark: 2 stripe(s), 2 proactive flush(es), 1 terminate flush(es), 0 completion(s), 0 continuation(s) 
[2026-04-03T02:21:15.979+0600][26.987s][info][gc,marking  ] GC(19) Mark Stack Usage: 32M
[2026-04-03T02:21:15.979+0600][26.987s][info][gc,nmethod  ] GC(19) NMethods: 12679 registered, 595 unregistered
[2026-04-03T02:21:15.979+0600][26.987s][info][gc,metaspace] GC(19) Metaspace: 126M used, 127M committed, 1152M reserved
[2026-04-03T02:21:15.979+0600][26.987s][info][gc,ref      ] GC(19) Soft: 6290 encountered, 0 discovered, 0 enqueued
[2026-04-03T02:21:15.979+0600][26.987s][info][gc,ref      ] GC(19) Weak: 15308 encountered, 6199 discovered, 375 enqueued
[2026-04-03T02:21:15.979+0600][26.987s][info][gc,ref      ] GC(19) Final: 84 encountered, 0 discovered, 0 enqueued
[2026-04-03T02:21:15.979+0600][26.987s][info][gc,ref      ] GC(19) Phantom: 620 encountered, 583 discovered, 0 enqueued
[2026-04-03T02:21:15.979+0600][26.987s][info][gc,reloc    ] GC(19) Small Pages: 242 / 484M, Empty: 68M, Relocated: 13M, In-Place: 0
[2026-04-03T02:21:15.979+0600][26.987s][info][gc,reloc    ] GC(19) Medium Pages: 3 / 48M, Empty: 32M, Relocated: 0M, In-Place: 0
[2026-04-03T02:21:15.979+0600][26.987s][info][gc,reloc    ] GC(19) Large Pages: 9 / 52M, Empty: 48M, Relocated: 0M, In-Place: 0
[2026-04-03T02:21:15.979+0600][26.987s][info][gc,reloc    ] GC(19) Forwarding Usage: 4M
[2026-04-03T02:21:15.979+0600][26.987s][info][gc,heap     ] GC(19) Min Capacity: 8M(1%)
[2026-04-03T02:21:15.979+0600][26.987s][info][gc,heap     ] GC(19) Max Capacity: 1000M(100%)
[2026-04-03T02:21:15.979+0600][26.987s][info][gc,heap     ] GC(19) Soft Max Capacity: 1000M(100%)
[2026-04-03T02:21:15.979+0600][26.987s][info][gc,heap     ] GC(19)                Mark Start          Mark End        Relocate Start      Relocate End           High               Low         
[2026-04-03T02:21:15.979+0600][26.987s][info][gc,heap     ] GC(19)  Capacity:     1000M (100%)       1000M (100%)       1000M (100%)       1000M (100%)       1000M (100%)       1000M (100%)   
[2026-04-03T02:21:15.979+0600][26.987s][info][gc,heap     ] GC(19)      Free:      416M (42%)         228M (23%)         360M (36%)         646M (65%)         646M (65%)         214M (21%)    
[2026-04-03T02:21:15.979+0600][26.987s][info][gc,heap     ] GC(19)      Used:      584M (58%)         772M (77%)         640M (64%)         354M (35%)         786M (79%)         354M (35%)    
[2026-04-03T02:21:15.979+0600][26.987s][info][gc,heap     ] GC(19)      Live:         -               105M (11%)         105M (11%)         105M (11%)            -                  -          
[2026-04-03T02:21:15.979+0600][26.987s][info][gc,heap     ] GC(19) Allocated:         -               188M (19%)         204M (20%)         227M (23%)            -                  -          
[2026-04-03T02:21:15.979+0600][26.987s][info][gc,heap     ] GC(19)   Garbage:         -               478M (48%)         330M (33%)          21M (2%)             -                  -          
[2026-04-03T02:21:15.979+0600][26.987s][info][gc,heap     ] GC(19) Reclaimed:         -                  -               148M (15%)         457M (46%)            -                  -          
[2026-04-03T02:21:15.979+0600][26.987s][info][gc          ] GC(19) Garbage Collection (Allocation Rate) 584M(58%)->354M(35%)
[2026-04-03T02:21:16.096+0600][27.104s][info][gc,start    ] GC(20) Garbage Collection (Allocation Rate)
[2026-04-03T02:21:16.096+0600][27.104s][info][gc,task     ] GC(20) Using 2 workers
[2026-04-03T02:21:16.097+0600][27.105s][info][gc,phases   ] GC(20) Pause Mark Start 0.018ms
[2026-04-03T02:21:16.285+0600][27.293s][info][gc,phases   ] GC(20) Concurrent Mark 188.444ms
[2026-04-03T02:21:16.286+0600][27.294s][info][gc,phases   ] GC(20) Pause Mark End 0.039ms
[2026-04-03T02:21:16.287+0600][27.295s][info][gc,phases   ] GC(20) Concurrent Mark Free 0.002ms
[2026-04-03T02:21:16.316+0600][27.324s][info][gc,phases   ] GC(20) Concurrent Process Non-Strong References 29.039ms
[2026-04-03T02:21:16.316+0600][27.324s][info][gc,phases   ] GC(20) Concurrent Reset Relocation Set 0.035ms
[2026-04-03T02:21:16.320+0600][27.328s][info][gc,phases   ] GC(20) Concurrent Select Relocation Set 3.676ms
[2026-04-03T02:21:16.320+0600][27.328s][info][gc,phases   ] GC(20) Pause Relocate Start 0.017ms
[2026-04-03T02:21:16.328+0600][27.336s][info][gc,phases   ] GC(20) Concurrent Relocate 7.111ms
[2026-04-03T02:21:16.328+0600][27.336s][info][gc,load     ] GC(20) Load: 7.27/6.37/5.90
[2026-04-03T02:21:16.328+0600][27.336s][info][gc,mmu      ] GC(20) MMU: 2ms/91.9%, 5ms/96.7%, 10ms/98.2%, 20ms/99.1%, 50ms/99.6%, 100ms/99.8%
[2026-04-03T02:21:16.328+0600][27.336s][info][gc,marking  ] GC(20) Mark: 2 stripe(s), 3 proactive flush(es), 1 terminate flush(es), 0 completion(s), 0 continuation(s) 
[2026-04-03T02:21:16.328+0600][27.336s][info][gc,marking  ] GC(20) Mark Stack Usage: 32M
[2026-04-03T02:21:16.328+0600][27.336s][info][gc,nmethod  ] GC(20) NMethods: 12762 registered, 651 unregistered
[2026-04-03T02:21:16.328+0600][27.336s][info][gc,metaspace] GC(20) Metaspace: 126M used, 127M committed, 1152M reserved
[2026-04-03T02:21:16.328+0600][27.336s][info][gc,ref      ] GC(20) Soft: 6311 encountered, 0 discovered, 0 enqueued
[2026-04-03T02:21:16.328+0600][27.336s][info][gc,ref      ] GC(20) Weak: 15382 encountered, 5891 discovered, 541 enqueued
[2026-04-03T02:21:16.328+0600][27.336s][info][gc,ref      ] GC(20) Final: 84 encountered, 0 discovered, 0 enqueued
[2026-04-03T02:21:16.328+0600][27.336s][info][gc,ref      ] GC(20) Phantom: 626 encountered, 598 discovered, 0 enqueued
[2026-04-03T02:21:16.328+0600][27.336s][info][gc,reloc    ] GC(20) Small Pages: 168 / 336M, Empty: 128M, Relocated: 6M, In-Place: 0
[2026-04-03T02:21:16.328+0600][27.336s][info][gc,reloc    ] GC(20) Medium Pages: 3 / 48M, Empty: 32M, Relocated: 0M, In-Place: 0
[2026-04-03T02:21:16.328+0600][27.336s][info][gc,reloc    ] GC(20) Large Pages: 24 / 142M, Empty: 120M, Relocated: 0M, In-Place: 0
[2026-04-03T02:21:16.328+0600][27.336s][info][gc,reloc    ] GC(20) Forwarding Usage: 1M
[2026-04-03T02:21:16.328+0600][27.336s][info][gc,heap     ] GC(20) Min Capacity: 8M(1%)
[2026-04-03T02:21:16.328+0600][27.336s][info][gc,heap     ] GC(20) Max Capacity: 1000M(100%)
[2026-04-03T02:21:16.328+0600][27.336s][info][gc,heap     ] GC(20) Soft Max Capacity: 1000M(100%)
[2026-04-03T02:21:16.328+0600][27.336s][info][gc,heap     ] GC(20)                Mark Start          Mark End        Relocate Start      Relocate End           High               Low         
[2026-04-03T02:21:16.328+0600][27.336s][info][gc,heap     ] GC(20)  Capacity:     1000M (100%)       1000M (100%)       1000M (100%)       1000M (100%)       1000M (100%)       1000M (100%)   
[2026-04-03T02:21:16.328+0600][27.336s][info][gc,heap     ] GC(20)      Free:      474M (47%)         116M (12%)         384M (38%)         486M (49%)         486M (49%)         104M (10%)    
[2026-04-03T02:21:16.328+0600][27.336s][info][gc,heap     ] GC(20)      Used:      526M (53%)         884M (88%)         616M (62%)         514M (51%)         896M (90%)         514M (51%)    
[2026-04-03T02:21:16.328+0600][27.336s][info][gc,heap     ] GC(20)      Live:         -               119M (12%)         119M (12%)         119M (12%)            -                  -          
[2026-04-03T02:21:16.328+0600][27.336s][info][gc,heap     ] GC(20) Allocated:         -               358M (36%)         370M (37%)         373M (37%)            -                  -          
[2026-04-03T02:21:16.328+0600][27.336s][info][gc,heap     ] GC(20)   Garbage:         -               406M (41%)         126M (13%)          20M (2%)             -                  -          
[2026-04-03T02:21:16.328+0600][27.336s][info][gc,heap     ] GC(20) Reclaimed:         -                  -               280M (28%)         385M (39%)            -                  -          
[2026-04-03T02:21:16.328+0600][27.336s][info][gc          ] GC(20) Garbage Collection (Allocation Rate) 526M(53%)->514M(51%)
[2026-04-03T02:21:16.396+0600][27.404s][info][gc,start    ] GC(21) Garbage Collection (Allocation Rate)
[2026-04-03T02:21:16.396+0600][27.404s][info][gc,task     ] GC(21) Using 3 workers
[2026-04-03T02:21:16.396+0600][27.404s][info][gc,phases   ] GC(21) Pause Mark Start 0.016ms
[2026-04-03T02:21:16.504+0600][27.512s][info][gc,phases   ] GC(21) Concurrent Mark 107.641ms
[2026-04-03T02:21:16.504+0600][27.512s][info][gc,phases   ] GC(21) Pause Mark End 0.037ms
[2026-04-03T02:21:16.505+0600][27.513s][info][gc,phases   ] GC(21) Concurrent Mark Free 0.002ms
[2026-04-03T02:21:16.533+0600][27.541s][info][gc,phases   ] GC(21) Concurrent Process Non-Strong References 28.527ms
[2026-04-03T02:21:16.534+0600][27.542s][info][gc,phases   ] GC(21) Concurrent Reset Relocation Set 0.010ms
[2026-04-03T02:21:16.534+0600][27.542s][info][gc          ] Allocation Stall (Reference Handler) 0.562ms
[2026-04-03T02:21:16.534+0600][27.542s][info][gc          ] Allocation Stall (Executor task launch worker for task 4.0 in stage 250.0 (TID 503)) 8.592ms
[2026-04-03T02:21:16.534+0600][27.542s][info][gc          ] Allocation Stall (Executor task launch worker for task 0.0 in stage 250.0 (TID 499)) 6.192ms
[2026-04-03T02:21:16.534+0600][27.542s][info][gc          ] Allocation Stall (Executor task launch worker for task 5.0 in stage 250.0 (TID 504)) 2.354ms
[2026-04-03T02:21:16.534+0600][27.542s][info][gc          ] Allocation Stall (Executor task launch worker for task 1.0 in stage 250.0 (TID 500)) 7.660ms
[2026-04-03T02:21:16.539+0600][27.547s][info][gc,phases   ] GC(21) Concurrent Select Relocation Set 5.042ms
[2026-04-03T02:21:16.539+0600][27.547s][info][gc,phases   ] GC(21) Pause Relocate Start 0.017ms
[2026-04-03T02:21:16.548+0600][27.556s][info][gc,phases   ] GC(21) Concurrent Relocate 8.421ms
[2026-04-03T02:21:16.548+0600][27.556s][info][gc,load     ] GC(21) Load: 7.27/6.37/5.90
[2026-04-03T02:21:16.548+0600][27.556s][info][gc,mmu      ] GC(21) MMU: 2ms/91.9%, 5ms/96.7%, 10ms/98.2%, 20ms/99.1%, 50ms/99.6%, 100ms/99.8%
[2026-04-03T02:21:16.548+0600][27.556s][info][gc,marking  ] GC(21) Mark: 2 stripe(s), 2 proactive flush(es), 1 terminate flush(es), 0 completion(s), 0 continuation(s) 
[2026-04-03T02:21:16.548+0600][27.556s][info][gc,marking  ] GC(21) Mark Stack Usage: 32M
[2026-04-03T02:21:16.548+0600][27.556s][info][gc,nmethod  ] GC(21) NMethods: 12791 registered, 661 unregistered
[2026-04-03T02:21:16.548+0600][27.556s][info][gc,metaspace] GC(21) Metaspace: 126M used, 127M committed, 1152M reserved
[2026-04-03T02:21:16.548+0600][27.556s][info][gc,ref      ] GC(21) Soft: 6311 encountered, 0 discovered, 0 enqueued
[2026-04-03T02:21:16.548+0600][27.556s][info][gc,ref      ] GC(21) Weak: 15003 encountered, 5571 discovered, 225 enqueued
[2026-04-03T02:21:16.548+0600][27.556s][info][gc,ref      ] GC(21) Final: 84 encountered, 0 discovered, 0 enqueued
[2026-04-03T02:21:16.548+0600][27.556s][info][gc,ref      ] GC(21) Phantom: 629 encountered, 524 discovered, 0 enqueued
[2026-04-03T02:21:16.548+0600][27.556s][info][gc,reloc    ] GC(21) Small Pages: 101 / 202M, Empty: 14M, Relocated: 8M, In-Place: 0
[2026-04-03T02:21:16.548+0600][27.556s][info][gc,reloc    ] GC(21) Medium Pages: 2 / 32M, Empty: 16M, Relocated: 0M, In-Place: 0
[2026-04-03T02:21:16.548+0600][27.556s][info][gc,reloc    ] GC(21) Large Pages: 95 / 568M, Empty: 540M, Relocated: 0M, In-Place: 0
[2026-04-03T02:21:16.548+0600][27.556s][info][gc,reloc    ] GC(21) Forwarding Usage: 1M
[2026-04-03T02:21:16.548+0600][27.556s][info][gc,heap     ] GC(21) Min Capacity: 8M(1%)
[2026-04-03T02:21:16.548+0600][27.556s][info][gc,heap     ] GC(21) Max Capacity: 1000M(100%)
[2026-04-03T02:21:16.548+0600][27.556s][info][gc,heap     ] GC(21) Soft Max Capacity: 1000M(100%)
[2026-04-03T02:21:16.548+0600][27.556s][info][gc,heap     ] GC(21)                Mark Start          Mark End        Relocate Start      Relocate End           High               Low         
[2026-04-03T02:21:16.548+0600][27.556s][info][gc,heap     ] GC(21)  Capacity:     1000M (100%)       1000M (100%)       1000M (100%)       1000M (100%)       1000M (100%)       1000M (100%)   
[2026-04-03T02:21:16.548+0600][27.556s][info][gc,heap     ] GC(21)      Free:      198M (20%)          18M (2%)          558M (56%)         630M (63%)         630M (63%)           0M (0%)     
[2026-04-03T02:21:16.548+0600][27.556s][info][gc,heap     ] GC(21)      Used:      802M (80%)         982M (98%)         442M (44%)         370M (37%)        1000M (100%)        370M (37%)    
[2026-04-03T02:21:16.548+0600][27.556s][info][gc,heap     ] GC(21)      Live:         -               127M (13%)         127M (13%)         127M (13%)            -                  -          
[2026-04-03T02:21:16.548+0600][27.556s][info][gc,heap     ] GC(21) Allocated:         -               180M (18%)         210M (21%)         219M (22%)            -                  -          
[2026-04-03T02:21:16.548+0600][27.556s][info][gc,heap     ] GC(21)   Garbage:         -               674M (67%)         104M (10%)          22M (2%)             -                  -          
[2026-04-03T02:21:16.548+0600][27.556s][info][gc,heap     ] GC(21) Reclaimed:         -                  -               570M (57%)         651M (65%)            -                  -          
[2026-04-03T02:21:16.548+0600][27.556s][info][gc          ] GC(21) Garbage Collection (Allocation Rate) 802M(80%)->370M(37%)
[2026-04-03T02:21:16.596+0600][27.604s][info][gc,start    ] GC(22) Garbage Collection (Allocation Stall)
[2026-04-03T02:21:16.596+0600][27.604s][info][gc,ref      ] GC(22) Clearing All SoftReferences
[2026-04-03T02:21:16.596+0600][27.604s][info][gc,task     ] GC(22) Using 3 workers
[2026-04-03T02:21:16.596+0600][27.604s][info][gc,ref      ] GC(22) Clearing All SoftReferences
[2026-04-03T02:21:16.596+0600][27.604s][info][gc,phases   ] GC(22) Pause Mark Start 0.073ms
[2026-04-03T02:21:16.711+0600][27.719s][info][gc,phases   ] GC(22) Concurrent Mark 114.663ms
[2026-04-03T02:21:16.712+0600][27.720s][info][gc,phases   ] GC(22) Pause Mark End 0.047ms
[2026-04-03T02:21:16.712+0600][27.720s][info][gc,phases   ] GC(22) Concurrent Mark Free 0.002ms
[2026-04-03T02:21:16.772+0600][27.780s][info][gc,phases   ] GC(22) Concurrent Process Non-Strong References 59.206ms
[2026-04-03T02:21:16.772+0600][27.780s][info][gc,phases   ] GC(22) Concurrent Reset Relocation Set 0.010ms
[2026-04-03T02:21:16.776+0600][27.784s][info][gc,phases   ] GC(22) Concurrent Select Relocation Set 4.701ms
[2026-04-03T02:21:16.777+0600][27.785s][info][gc,phases   ] GC(22) Pause Relocate Start 0.042ms
[2026-04-03T02:21:16.785+0600][27.793s][info][gc,phases   ] GC(22) Concurrent Relocate 8.286ms
[2026-04-03T02:21:16.785+0600][27.793s][info][gc,load     ] GC(22) Load: 7.27/6.37/5.90
[2026-04-03T02:21:16.785+0600][27.793s][info][gc,mmu      ] GC(22) MMU: 2ms/91.9%, 5ms/96.7%, 10ms/98.2%, 20ms/99.1%, 50ms/99.6%, 100ms/99.8%
[2026-04-03T02:21:16.785+0600][27.793s][info][gc,marking  ] GC(22) Mark: 2 stripe(s), 2 proactive flush(es), 1 terminate flush(es), 0 completion(s), 0 continuation(s) 
[2026-04-03T02:21:16.785+0600][27.794s][info][gc,marking  ] GC(22) Mark Stack Usage: 32M
[2026-04-03T02:21:16.785+0600][27.794s][info][gc,nmethod  ] GC(22) NMethods: 12850 registered, 675 unregistered
[2026-04-03T02:21:16.785+0600][27.794s][info][gc,metaspace] GC(22) Metaspace: 126M used, 127M committed, 1152M reserved
[2026-04-03T02:21:16.785+0600][27.794s][info][gc,ref      ] GC(22) Soft: 6058 encountered, 3454 discovered, 2854 enqueued
[2026-04-03T02:21:16.785+0600][27.794s][info][gc,ref      ] GC(22) Weak: 14870 encountered, 4926 discovered, 375 enqueued
[2026-04-03T02:21:16.785+0600][27.794s][info][gc,ref      ] GC(22) Final: 84 encountered, 0 discovered, 0 enqueued
[2026-04-03T02:21:16.786+0600][27.794s][info][gc,ref      ] GC(22) Phantom: 620 encountered, 386 discovered, 0 enqueued
[2026-04-03T02:21:16.786+0600][27.794s][info][gc,reloc    ] GC(22) Small Pages: 96 / 192M, Empty: 10M, Relocated: 6M, In-Place: 0
[2026-04-03T02:21:16.786+0600][27.794s][info][gc,reloc    ] GC(22) Medium Pages: 2 / 32M, Empty: 16M, Relocated: 0M, In-Place: 0
[2026-04-03T02:21:16.786+0600][27.794s][info][gc,reloc    ] GC(22) Large Pages: 27 / 160M, Empty: 156M, Relocated: 0M, In-Place: 0
[2026-04-03T02:21:16.786+0600][27.794s][info][gc,reloc    ] GC(22) Forwarding Usage: 2M
[2026-04-03T02:21:16.786+0600][27.794s][info][gc,heap     ] GC(22) Min Capacity: 8M(1%)
[2026-04-03T02:21:16.786+0600][27.794s][info][gc,heap     ] GC(22) Max Capacity: 1000M(100%)
[2026-04-03T02:21:16.786+0600][27.794s][info][gc,heap     ] GC(22) Soft Max Capacity: 1000M(100%)
[2026-04-03T02:21:16.786+0600][27.794s][info][gc,heap     ] GC(22)                Mark Start          Mark End        Relocate Start      Relocate End           High               Low         
[2026-04-03T02:21:16.786+0600][27.794s][info][gc,heap     ] GC(22)  Capacity:     1000M (100%)       1000M (100%)       1000M (100%)       1000M (100%)       1000M (100%)       1000M (100%)   
[2026-04-03T02:21:16.786+0600][27.794s][info][gc,heap     ] GC(22)      Free:      616M (62%)         540M (54%)         698M (70%)         772M (77%)         772M (77%)         516M (52%)    
[2026-04-03T02:21:16.786+0600][27.794s][info][gc,heap     ] GC(22)      Used:      384M (38%)         460M (46%)         302M (30%)         228M (23%)         484M (48%)         228M (23%)    
[2026-04-03T02:21:16.786+0600][27.794s][info][gc,heap     ] GC(22)      Live:         -                96M (10%)          96M (10%)          96M (10%)            -                  -          
[2026-04-03T02:21:16.786+0600][27.794s][info][gc,heap     ] GC(22) Allocated:         -                76M (8%)          100M (10%)         105M (11%)            -                  -          
[2026-04-03T02:21:16.786+0600][27.794s][info][gc,heap     ] GC(22)   Garbage:         -               287M (29%)         105M (11%)          25M (3%)             -                  -          
[2026-04-03T02:21:16.786+0600][27.794s][info][gc,heap     ] GC(22) Reclaimed:         -                  -               182M (18%)         261M (26%)            -                  -          
[2026-04-03T02:21:16.786+0600][27.794s][info][gc          ] GC(22) Garbage Collection (Allocation Stall) 384M(38%)->228M(23%)
[2026-04-03T02:21:16.796+0600][27.804s][info][gc,start    ] GC(23) Garbage Collection (Allocation Rate)
[2026-04-03T02:21:16.796+0600][27.804s][info][gc,task     ] GC(23) Using 3 workers
[2026-04-03T02:21:16.796+0600][27.804s][info][gc,phases   ] GC(23) Pause Mark Start 0.012ms
[2026-04-03T02:21:16.909+0600][27.917s][info][gc,phases   ] GC(23) Concurrent Mark 112.686ms
[2026-04-03T02:21:16.910+0600][27.918s][info][gc,phases   ] GC(23) Pause Mark End 0.056ms
[2026-04-03T02:21:16.910+0600][27.918s][info][gc,phases   ] GC(23) Concurrent Mark Free 0.003ms
[2026-04-03T02:21:16.947+0600][27.955s][info][gc,phases   ] GC(23) Concurrent Process Non-Strong References 36.597ms
[2026-04-03T02:21:16.947+0600][27.955s][info][gc,phases   ] GC(23) Concurrent Reset Relocation Set 0.007ms
[2026-04-03T02:21:16.950+0600][27.958s][info][gc,phases   ] GC(23) Concurrent Select Relocation Set 3.759ms
[2026-04-03T02:21:16.951+0600][27.959s][info][gc,phases   ] GC(23) Pause Relocate Start 0.019ms
[2026-04-03T02:21:16.954+0600][27.962s][info][gc,phases   ] GC(23) Concurrent Relocate 3.373ms
[2026-04-03T02:21:16.955+0600][27.963s][info][gc,load     ] GC(23) Load: 7.27/6.37/5.90
[2026-04-03T02:21:16.955+0600][27.963s][info][gc,mmu      ] GC(23) MMU: 2ms/91.9%, 5ms/96.7%, 10ms/98.2%, 20ms/99.1%, 50ms/99.6%, 100ms/99.8%
[2026-04-03T02:21:16.955+0600][27.963s][info][gc,marking  ] GC(23) Mark: 2 stripe(s), 2 proactive flush(es), 1 terminate flush(es), 0 completion(s), 0 continuation(s) 
[2026-04-03T02:21:16.955+0600][27.963s][info][gc,marking  ] GC(23) Mark Stack Usage: 32M
[2026-04-03T02:21:16.955+0600][27.963s][info][gc,nmethod  ] GC(23) NMethods: 12913 registered, 705 unregistered
[2026-04-03T02:21:16.955+0600][27.963s][info][gc,metaspace] GC(23) Metaspace: 126M used, 127M committed, 1152M reserved
[2026-04-03T02:21:16.955+0600][27.963s][info][gc,ref      ] GC(23) Soft: 3231 encountered, 0 discovered, 0 enqueued
[2026-04-03T02:21:16.955+0600][27.963s][info][gc,ref      ] GC(23) Weak: 14149 encountered, 3329 discovered, 160 enqueued
[2026-04-03T02:21:16.955+0600][27.963s][info][gc,ref      ] GC(23) Final: 84 encountered, 0 discovered, 0 enqueued
[2026-04-03T02:21:16.955+0600][27.963s][info][gc,ref      ] GC(23) Phantom: 620 encountered, 396 discovered, 0 enqueued
[2026-04-03T02:21:16.955+0600][27.963s][info][gc,reloc    ] GC(23) Small Pages: 79 / 158M, Empty: 2M, Relocated: 3M, In-Place: 0
[2026-04-03T02:21:16.955+0600][27.963s][info][gc,reloc    ] GC(23) Medium Pages: 3 / 48M, Empty: 32M, Relocated: 0M, In-Place: 0
[2026-04-03T02:21:16.955+0600][27.963s][info][gc,reloc    ] GC(23) Large Pages: 4 / 22M, Empty: 18M, Relocated: 0M, In-Place: 0
[2026-04-03T02:21:16.955+0600][27.963s][info][gc,reloc    ] GC(23) Forwarding Usage: 1M
[2026-04-03T02:21:16.955+0600][27.963s][info][gc,heap     ] GC(23) Min Capacity: 8M(1%)
[2026-04-03T02:21:16.955+0600][27.963s][info][gc,heap     ] GC(23) Max Capacity: 1000M(100%)
[2026-04-03T02:21:16.955+0600][27.963s][info][gc,heap     ] GC(23) Soft Max Capacity: 1000M(100%)
[2026-04-03T02:21:16.955+0600][27.963s][info][gc,heap     ] GC(23)                Mark Start          Mark End        Relocate Start      Relocate End           High               Low         
[2026-04-03T02:21:16.955+0600][27.963s][info][gc,heap     ] GC(23)  Capacity:     1000M (100%)       1000M (100%)       1000M (100%)       1000M (100%)       1000M (100%)       1000M (100%)   
[2026-04-03T02:21:16.955+0600][27.963s][info][gc,heap     ] GC(23)      Free:      772M (77%)         708M (71%)         744M (74%)         796M (80%)         796M (80%)         692M (69%)    
[2026-04-03T02:21:16.955+0600][27.963s][info][gc,heap     ] GC(23)      Used:      228M (23%)         292M (29%)         256M (26%)         204M (20%)         308M (31%)         204M (20%)    
[2026-04-03T02:21:16.955+0600][27.963s][info][gc,heap     ] GC(23)      Live:         -                97M (10%)          97M (10%)          97M (10%)            -                  -          
[2026-04-03T02:21:16.955+0600][27.963s][info][gc,heap     ] GC(23) Allocated:         -                64M (6%)           80M (8%)           81M (8%)             -                  -          
[2026-04-03T02:21:16.955+0600][27.963s][info][gc,heap     ] GC(23)   Garbage:         -               130M (13%)          78M (8%)           24M (2%)             -                  -          
[2026-04-03T02:21:16.955+0600][27.963s][info][gc,heap     ] GC(23) Reclaimed:         -                  -                52M (5%)          105M (11%)            -                  -          
[2026-04-03T02:21:16.955+0600][27.963s][info][gc          ] GC(23) Garbage Collection (Allocation Rate) 228M(23%)->204M(20%)
[2026-04-03T02:21:16.995+0600][28.003s][info][gc,start    ] GC(24) Garbage Collection (Allocation Rate)
[2026-04-03T02:21:16.995+0600][28.004s][info][gc,task     ] GC(24) Using 3 workers
[2026-04-03T02:21:16.996+0600][28.004s][info][gc,phases   ] GC(24) Pause Mark Start 0.032ms
[2026-04-03T02:21:17.078+0600][28.086s][info][gc,phases   ] GC(24) Concurrent Mark 82.134ms
[2026-04-03T02:21:17.078+0600][28.086s][info][gc,phases   ] GC(24) Pause Mark End 0.044ms
[2026-04-03T02:21:17.078+0600][28.087s][info][gc,phases   ] GC(24) Concurrent Mark Free 0.003ms
[2026-04-03T02:21:17.114+0600][28.122s][info][gc,phases   ] GC(24) Concurrent Process Non-Strong References 35.887ms
[2026-04-03T02:21:17.115+0600][28.123s][info][gc,phases   ] GC(24) Concurrent Reset Relocation Set 0.006ms
[2026-04-03T02:21:17.118+0600][28.126s][info][gc,phases   ] GC(24) Concurrent Select Relocation Set 3.628ms
[2026-04-03T02:21:17.118+0600][28.126s][info][gc,phases   ] GC(24) Pause Relocate Start 0.015ms
[2026-04-03T02:21:17.122+0600][28.130s][info][gc,phases   ] GC(24) Concurrent Relocate 3.443ms
[2026-04-03T02:21:17.122+0600][28.130s][info][gc,load     ] GC(24) Load: 7.27/6.37/5.90
[2026-04-03T02:21:17.122+0600][28.130s][info][gc,mmu      ] GC(24) MMU: 2ms/91.9%, 5ms/96.7%, 10ms/98.2%, 20ms/99.1%, 50ms/99.6%, 100ms/99.8%
[2026-04-03T02:21:17.122+0600][28.130s][info][gc,marking  ] GC(24) Mark: 2 stripe(s), 2 proactive flush(es), 1 terminate flush(es), 0 completion(s), 0 continuation(s) 
[2026-04-03T02:21:17.122+0600][28.130s][info][gc,marking  ] GC(24) Mark Stack Usage: 32M
[2026-04-03T02:21:17.122+0600][28.130s][info][gc,nmethod  ] GC(24) NMethods: 12912 registered, 722 unregistered
[2026-04-03T02:21:17.122+0600][28.130s][info][gc,metaspace] GC(24) Metaspace: 126M used, 127M committed, 1152M reserved
[2026-04-03T02:21:17.122+0600][28.130s][info][gc,ref      ] GC(24) Soft: 3244 encountered, 0 discovered, 0 enqueued
[2026-04-03T02:21:17.122+0600][28.130s][info][gc,ref      ] GC(24) Weak: 14300 encountered, 4393 discovered, 138 enqueued
[2026-04-03T02:21:17.122+0600][28.130s][info][gc,ref      ] GC(24) Final: 84 encountered, 0 discovered, 0 enqueued
[2026-04-03T02:21:17.122+0600][28.130s][info][gc,ref      ] GC(24) Phantom: 620 encountered, 529 discovered, 0 enqueued
[2026-04-03T02:21:17.122+0600][28.130s][info][gc,reloc    ] GC(24) Small Pages: 87 / 174M, Empty: 6M, Relocated: 3M, In-Place: 0
[2026-04-03T02:21:17.122+0600][28.130s][info][gc,reloc    ] GC(24) Medium Pages: 2 / 32M, Empty: 16M, Relocated: 0M, In-Place: 0
[2026-04-03T02:21:17.122+0600][28.130s][info][gc,reloc    ] GC(24) Large Pages: 3 / 16M, Empty: 12M, Relocated: 0M, In-Place: 0
[2026-04-03T02:21:17.122+0600][28.130s][info][gc,reloc    ] GC(24) Forwarding Usage: 1M
[2026-04-03T02:21:17.122+0600][28.130s][info][gc,heap     ] GC(24) Min Capacity: 8M(1%)
[2026-04-03T02:21:17.122+0600][28.130s][info][gc,heap     ] GC(24) Max Capacity: 1000M(100%)
[2026-04-03T02:21:17.122+0600][28.130s][info][gc,heap     ] GC(24) Soft Max Capacity: 1000M(100%)
[2026-04-03T02:21:17.122+0600][28.130s][info][gc,heap     ] GC(24)                Mark Start          Mark End        Relocate Start      Relocate End           High               Low         
[2026-04-03T02:21:17.122+0600][28.130s][info][gc,heap     ] GC(24)  Capacity:     1000M (100%)       1000M (100%)       1000M (100%)       1000M (100%)       1000M (100%)       1000M (100%)   
[2026-04-03T02:21:17.122+0600][28.130s][info][gc,heap     ] GC(24)      Free:      778M (78%)         746M (75%)         752M (75%)         814M (81%)         814M (81%)         718M (72%)    
[2026-04-03T02:21:17.122+0600][28.130s][info][gc,heap     ] GC(24)      Used:      222M (22%)         254M (25%)         248M (25%)         186M (19%)         282M (28%)         186M (19%)    
[2026-04-03T02:21:17.122+0600][28.130s][info][gc,heap     ] GC(24)      Live:         -                97M (10%)          97M (10%)          97M (10%)            -                  -          
[2026-04-03T02:21:17.122+0600][28.130s][info][gc,heap     ] GC(24) Allocated:         -                32M (3%)           60M (6%)           63M (6%)             -                  -          
[2026-04-03T02:21:17.122+0600][28.130s][info][gc,heap     ] GC(24)   Garbage:         -               124M (12%)          90M (9%)           24M (2%)             -                  -          
[2026-04-03T02:21:17.122+0600][28.130s][info][gc,heap     ] GC(24) Reclaimed:         -                  -                34M (3%)           99M (10%)            -                  -          
[2026-04-03T02:21:17.122+0600][28.130s][info][gc          ] GC(24) Garbage Collection (Allocation Rate) 222M(22%)->186M(19%)
[2026-04-03T02:21:17.396+0600][28.404s][info][gc,start    ] GC(25) Garbage Collection (Allocation Rate)
[2026-04-03T02:21:17.396+0600][28.404s][info][gc,task     ] GC(25) Using 3 workers
[2026-04-03T02:21:17.397+0600][28.405s][info][gc,phases   ] GC(25) Pause Mark Start 0.021ms
[2026-04-03T02:21:17.508+0600][28.517s][info][gc,phases   ] GC(25) Concurrent Mark 111.631ms
[2026-04-03T02:21:17.509+0600][28.517s][info][gc,phases   ] GC(25) Pause Mark End 0.039ms
[2026-04-03T02:21:17.509+0600][28.517s][info][gc,phases   ] GC(25) Concurrent Mark Free 0.001ms
[2026-04-03T02:21:17.530+0600][28.539s][info][gc,phases   ] GC(25) Concurrent Process Non-Strong References 21.509ms
[2026-04-03T02:21:17.531+0600][28.539s][info][gc,phases   ] GC(25) Concurrent Reset Relocation Set 0.005ms
[2026-04-03T02:21:17.534+0600][28.542s][info][gc,phases   ] GC(25) Concurrent Select Relocation Set 3.209ms
[2026-04-03T02:21:17.534+0600][28.542s][info][gc,phases   ] GC(25) Pause Relocate Start 0.013ms
[2026-04-03T02:21:17.542+0600][28.550s][info][gc,phases   ] GC(25) Concurrent Relocate 8.302ms
[2026-04-03T02:21:17.543+0600][28.551s][info][gc,load     ] GC(25) Load: 7.27/6.37/5.90
[2026-04-03T02:21:17.543+0600][28.551s][info][gc,mmu      ] GC(25) MMU: 2ms/91.9%, 5ms/96.7%, 10ms/98.2%, 20ms/99.1%, 50ms/99.6%, 100ms/99.8%
[2026-04-03T02:21:17.543+0600][28.551s][info][gc,marking  ] GC(25) Mark: 2 stripe(s), 2 proactive flush(es), 1 terminate flush(es), 0 completion(s), 0 continuation(s) 
[2026-04-03T02:21:17.543+0600][28.551s][info][gc,marking  ] GC(25) Mark Stack Usage: 32M
[2026-04-03T02:21:17.543+0600][28.551s][info][gc,nmethod  ] GC(25) NMethods: 13007 registered, 746 unregistered
[2026-04-03T02:21:17.543+0600][28.551s][info][gc,metaspace] GC(25) Metaspace: 126M used, 127M committed, 1152M reserved
[2026-04-03T02:21:17.543+0600][28.551s][info][gc,ref      ] GC(25) Soft: 3262 encountered, 0 discovered, 0 enqueued
[2026-04-03T02:21:17.543+0600][28.551s][info][gc,ref      ] GC(25) Weak: 14379 encountered, 3936 discovered, 23 enqueued
[2026-04-03T02:21:17.543+0600][28.551s][info][gc,ref      ] GC(25) Final: 84 encountered, 0 discovered, 0 enqueued
[2026-04-03T02:21:17.543+0600][28.551s][info][gc,ref      ] GC(25) Phantom: 620 encountered, 397 discovered, 0 enqueued
[2026-04-03T02:21:17.543+0600][28.551s][info][gc,reloc    ] GC(25) Small Pages: 163 / 326M, Empty: 28M, Relocated: 2M, In-Place: 0
[2026-04-03T02:21:17.543+0600][28.551s][info][gc,reloc    ] GC(25) Medium Pages: 2 / 32M, Empty: 0M, Relocated: 8M, In-Place: 0
[2026-04-03T02:21:17.543+0600][28.551s][info][gc,reloc    ] GC(25) Large Pages: 3 / 16M, Empty: 12M, Relocated: 0M, In-Place: 0
[2026-04-03T02:21:17.543+0600][28.551s][info][gc,reloc    ] GC(25) Forwarding Usage: 1M
[2026-04-03T02:21:17.543+0600][28.551s][info][gc,heap     ] GC(25) Min Capacity: 8M(1%)
[2026-04-03T02:21:17.543+0600][28.551s][info][gc,heap     ] GC(25) Max Capacity: 1000M(100%)
[2026-04-03T02:21:17.543+0600][28.551s][info][gc,heap     ] GC(25) Soft Max Capacity: 1000M(100%)
[2026-04-03T02:21:17.543+0600][28.551s][info][gc,heap     ] GC(25)                Mark Start          Mark End        Relocate Start      Relocate End           High               Low         
[2026-04-03T02:21:17.543+0600][28.551s][info][gc,heap     ] GC(25)  Capacity:     1000M (100%)       1000M (100%)       1000M (100%)       1000M (100%)       1000M (100%)       1000M (100%)   
[2026-04-03T02:21:17.543+0600][28.551s][info][gc,heap     ] GC(25)      Free:      626M (63%)         526M (53%)         538M (54%)         742M (74%)         742M (74%)         498M (50%)    
[2026-04-03T02:21:17.543+0600][28.551s][info][gc,heap     ] GC(25)      Used:      374M (37%)         474M (47%)         462M (46%)         258M (26%)         502M (50%)         258M (26%)    
[2026-04-03T02:21:17.543+0600][28.551s][info][gc,heap     ] GC(25)      Live:         -               101M (10%)         101M (10%)         101M (10%)            -                  -          
[2026-04-03T02:21:17.543+0600][28.551s][info][gc,heap     ] GC(25) Allocated:         -               100M (10%)         128M (13%)         133M (13%)            -                  -          
[2026-04-03T02:21:17.543+0600][28.551s][info][gc,heap     ] GC(25)   Garbage:         -               272M (27%)         232M (23%)          22M (2%)             -                  -          
[2026-04-03T02:21:17.543+0600][28.551s][info][gc,heap     ] GC(25) Reclaimed:         -                  -                40M (4%)          249M (25%)            -                  -          
[2026-04-03T02:21:17.543+0600][28.551s][info][gc          ] GC(25) Garbage Collection (Allocation Rate) 374M(37%)->258M(26%)
[2026-04-03T02:21:17.595+0600][28.603s][info][gc,start    ] GC(26) Garbage Collection (Allocation Rate)
[2026-04-03T02:21:17.595+0600][28.603s][info][gc,task     ] GC(26) Using 3 workers
[2026-04-03T02:21:17.596+0600][28.604s][info][gc,phases   ] GC(26) Pause Mark Start 0.013ms
[2026-04-03T02:21:17.716+0600][28.724s][info][gc,phases   ] GC(26) Concurrent Mark 120.588ms
[2026-04-03T02:21:17.717+0600][28.725s][info][gc,phases   ] GC(26) Pause Mark End 0.067ms
[2026-04-03T02:21:17.717+0600][28.725s][info][gc,phases   ] GC(26) Concurrent Mark Free 0.005ms
[2026-04-03T02:21:17.737+0600][28.745s][info][gc,phases   ] GC(26) Concurrent Process Non-Strong References 20.095ms
[2026-04-03T02:21:17.737+0600][28.745s][info][gc,phases   ] GC(26) Concurrent Reset Relocation Set 0.012ms
[2026-04-03T02:21:17.740+0600][28.749s][info][gc,phases   ] GC(26) Concurrent Select Relocation Set 3.270ms
[2026-04-03T02:21:17.741+0600][28.749s][info][gc,phases   ] GC(26) Pause Relocate Start 0.017ms
[2026-04-03T02:21:17.745+0600][28.753s][info][gc,phases   ] GC(26) Concurrent Relocate 4.049ms
[2026-04-03T02:21:17.745+0600][28.753s][info][gc,load     ] GC(26) Load: 7.27/6.37/5.90
[2026-04-03T02:21:17.745+0600][28.753s][info][gc,mmu      ] GC(26) MMU: 2ms/91.9%, 5ms/96.7%, 10ms/98.2%, 20ms/99.1%, 50ms/99.6%, 100ms/99.8%
[2026-04-03T02:21:17.745+0600][28.753s][info][gc,marking  ] GC(26) Mark: 2 stripe(s), 2 proactive flush(es), 1 terminate flush(es), 0 completion(s), 0 continuation(s) 
[2026-04-03T02:21:17.745+0600][28.753s][info][gc,marking  ] GC(26) Mark Stack Usage: 32M
[2026-04-03T02:21:17.745+0600][28.753s][info][gc,nmethod  ] GC(26) NMethods: 13025 registered, 763 unregistered
[2026-04-03T02:21:17.745+0600][28.753s][info][gc,metaspace] GC(26) Metaspace: 126M used, 127M committed, 1152M reserved
[2026-04-03T02:21:17.745+0600][28.753s][info][gc,ref      ] GC(26) Soft: 3265 encountered, 0 discovered, 0 enqueued
[2026-04-03T02:21:17.745+0600][28.753s][info][gc,ref      ] GC(26) Weak: 14652 encountered, 3289 discovered, 5 enqueued
[2026-04-03T02:21:17.745+0600][28.753s][info][gc,ref      ] GC(26) Final: 84 encountered, 0 discovered, 0 enqueued
[2026-04-03T02:21:17.745+0600][28.753s][info][gc,ref      ] GC(26) Phantom: 620 encountered, 472 discovered, 0 enqueued
[2026-04-03T02:21:17.745+0600][28.753s][info][gc,reloc    ] GC(26) Small Pages: 113 / 226M, Empty: 24M, Relocated: 3M, In-Place: 0
[2026-04-03T02:21:17.745+0600][28.753s][info][gc,reloc    ] GC(26) Medium Pages: 3 / 48M, Empty: 32M, Relocated: 0M, In-Place: 0
[2026-04-03T02:21:17.745+0600][28.753s][info][gc,reloc    ] GC(26) Large Pages: 5 / 28M, Empty: 24M, Relocated: 0M, In-Place: 0
[2026-04-03T02:21:17.745+0600][28.753s][info][gc,reloc    ] GC(26) Forwarding Usage: 1M
[2026-04-03T02:21:17.745+0600][28.753s][info][gc,heap     ] GC(26) Min Capacity: 8M(1%)
[2026-04-03T02:21:17.745+0600][28.753s][info][gc,heap     ] GC(26) Max Capacity: 1000M(100%)
[2026-04-03T02:21:17.745+0600][28.753s][info][gc,heap     ] GC(26) Soft Max Capacity: 1000M(100%)
[2026-04-03T02:21:17.745+0600][28.753s][info][gc,heap     ] GC(26)                Mark Start          Mark End        Relocate Start      Relocate End           High               Low         
[2026-04-03T02:21:17.745+0600][28.753s][info][gc,heap     ] GC(26)  Capacity:     1000M (100%)       1000M (100%)       1000M (100%)       1000M (100%)       1000M (100%)       1000M (100%)   
[2026-04-03T02:21:17.745+0600][28.753s][info][gc,heap     ] GC(26)      Free:      698M (70%)         550M (55%)         608M (61%)         698M (70%)         698M (70%)         530M (53%)    
[2026-04-03T02:21:17.745+0600][28.754s][info][gc,heap     ] GC(26)      Used:      302M (30%)         450M (45%)         392M (39%)         302M (30%)         470M (47%)         302M (30%)    
[2026-04-03T02:21:17.745+0600][28.754s][info][gc,heap     ] GC(26)      Live:         -               100M (10%)         100M (10%)         100M (10%)            -                  -          
[2026-04-03T02:21:17.745+0600][28.754s][info][gc,heap     ] GC(26) Allocated:         -               148M (15%)         170M (17%)         175M (18%)            -                  -          
[2026-04-03T02:21:17.745+0600][28.754s][info][gc,heap     ] GC(26)   Garbage:         -               201M (20%)         121M (12%)          25M (3%)             -                  -          
[2026-04-03T02:21:17.745+0600][28.754s][info][gc,heap     ] GC(26) Reclaimed:         -                  -                80M (8%)          175M (18%)            -                  -          
[2026-04-03T02:21:17.745+0600][28.754s][info][gc          ] GC(26) Garbage Collection (Allocation Rate) 302M(30%)->302M(30%)
[2026-04-03T02:21:17.795+0600][28.804s][info][gc,start    ] GC(27) Garbage Collection (Allocation Rate)
[2026-04-03T02:21:17.796+0600][28.804s][info][gc,task     ] GC(27) Using 3 workers
[2026-04-03T02:21:17.796+0600][28.804s][info][gc,phases   ] GC(27) Pause Mark Start 0.011ms
[2026-04-03T02:21:17.908+0600][28.917s][info][gc,phases   ] GC(27) Concurrent Mark 112.490ms
[2026-04-03T02:21:17.909+0600][28.917s][info][gc,phases   ] GC(27) Pause Mark End 0.036ms
[2026-04-03T02:21:17.909+0600][28.917s][info][gc,phases   ] GC(27) Concurrent Mark Free 0.004ms
[2026-04-03T02:21:17.940+0600][28.948s][info][gc,phases   ] GC(27) Concurrent Process Non-Strong References 30.945ms
[2026-04-03T02:21:17.940+0600][28.948s][info][gc,phases   ] GC(27) Concurrent Reset Relocation Set 0.011ms
[2026-04-03T02:21:17.945+0600][28.953s][info][gc,phases   ] GC(27) Concurrent Select Relocation Set 4.603ms
[2026-04-03T02:21:17.945+0600][28.953s][info][gc,phases   ] GC(27) Pause Relocate Start 0.018ms
[2026-04-03T02:21:17.951+0600][28.959s][info][gc,phases   ] GC(27) Concurrent Relocate 5.214ms
[2026-04-03T02:21:17.951+0600][28.959s][info][gc,load     ] GC(27) Load: 7.27/6.37/5.90
[2026-04-03T02:21:17.951+0600][28.959s][info][gc,mmu      ] GC(27) MMU: 2ms/91.9%, 5ms/96.7%, 10ms/98.2%, 20ms/99.1%, 50ms/99.6%, 100ms/99.8%
[2026-04-03T02:21:17.951+0600][28.959s][info][gc,marking  ] GC(27) Mark: 2 stripe(s), 3 proactive flush(es), 1 terminate flush(es), 0 completion(s), 0 continuation(s) 
[2026-04-03T02:21:17.951+0600][28.959s][info][gc,marking  ] GC(27) Mark Stack Usage: 32M
[2026-04-03T02:21:17.951+0600][28.959s][info][gc,nmethod  ] GC(27) NMethods: 13068 registered, 776 unregistered
[2026-04-03T02:21:17.951+0600][28.959s][info][gc,metaspace] GC(27) Metaspace: 126M used, 127M committed, 1152M reserved
[2026-04-03T02:21:17.951+0600][28.959s][info][gc,ref      ] GC(27) Soft: 3265 encountered, 0 discovered, 0 enqueued
[2026-04-03T02:21:17.951+0600][28.959s][info][gc,ref      ] GC(27) Weak: 14944 encountered, 2856 discovered, 9 enqueued
[2026-04-03T02:21:17.951+0600][28.959s][info][gc,ref      ] GC(27) Final: 84 encountered, 0 discovered, 0 enqueued
[2026-04-03T02:21:17.951+0600][28.959s][info][gc,ref      ] GC(27) Phantom: 620 encountered, 493 discovered, 0 enqueued
[2026-04-03T02:21:17.951+0600][28.959s][info][gc,reloc    ] GC(27) Small Pages: 130 / 260M, Empty: 34M, Relocated: 3M, In-Place: 0
[2026-04-03T02:21:17.951+0600][28.959s][info][gc,reloc    ] GC(27) Medium Pages: 4 / 64M, Empty: 48M, Relocated: 0M, In-Place: 0
[2026-04-03T02:21:17.951+0600][28.959s][info][gc,reloc    ] GC(27) Large Pages: 5 / 28M, Empty: 24M, Relocated: 0M, In-Place: 0
[2026-04-03T02:21:17.951+0600][28.959s][info][gc,reloc    ] GC(27) Forwarding Usage: 0M
[2026-04-03T02:21:17.951+0600][28.959s][info][gc,heap     ] GC(27) Min Capacity: 8M(1%)
[2026-04-03T02:21:17.951+0600][28.959s][info][gc,heap     ] GC(27) Max Capacity: 1000M(100%)
[2026-04-03T02:21:17.951+0600][28.959s][info][gc,heap     ] GC(27) Soft Max Capacity: 1000M(100%)
[2026-04-03T02:21:17.951+0600][28.959s][info][gc,heap     ] GC(27)                Mark Start          Mark End        Relocate Start      Relocate End           High               Low         
[2026-04-03T02:21:17.951+0600][28.959s][info][gc,heap     ] GC(27)  Capacity:     1000M (100%)       1000M (100%)       1000M (100%)       1000M (100%)       1000M (100%)       1000M (100%)   
[2026-04-03T02:21:17.951+0600][28.959s][info][gc,heap     ] GC(27)      Free:      648M (65%)         520M (52%)         596M (60%)         714M (71%)         714M (71%)         490M (49%)    
[2026-04-03T02:21:17.951+0600][28.959s][info][gc,heap     ] GC(27)      Used:      352M (35%)         480M (48%)         404M (40%)         286M (29%)         510M (51%)         286M (29%)    
[2026-04-03T02:21:17.951+0600][28.959s][info][gc,heap     ] GC(27)      Live:         -                99M (10%)          99M (10%)          99M (10%)            -                  -          
[2026-04-03T02:21:17.951+0600][28.959s][info][gc,heap     ] GC(27) Allocated:         -               128M (13%)         158M (16%)         161M (16%)            -                  -          
[2026-04-03T02:21:17.951+0600][28.959s][info][gc,heap     ] GC(27)   Garbage:         -               252M (25%)         146M (15%)          24M (2%)             -                  -          
[2026-04-03T02:21:17.951+0600][28.959s][info][gc,heap     ] GC(27) Reclaimed:         -                  -               106M (11%)         227M (23%)            -                  -          
[2026-04-03T02:21:17.951+0600][28.959s][info][gc          ] GC(27) Garbage Collection (Allocation Rate) 352M(35%)->286M(29%)
[2026-04-03T02:21:18.196+0600][29.204s][info][gc,start    ] GC(28) Garbage Collection (Allocation Rate)
[2026-04-03T02:21:18.196+0600][29.204s][info][gc,task     ] GC(28) Using 3 workers
[2026-04-03T02:21:18.197+0600][29.205s][info][gc,phases   ] GC(28) Pause Mark Start 0.015ms
[2026-04-03T02:21:18.325+0600][29.334s][info][gc,phases   ] GC(28) Concurrent Mark 128.505ms
[2026-04-03T02:21:18.326+0600][29.334s][info][gc,phases   ] GC(28) Pause Mark End 0.046ms
[2026-04-03T02:21:18.326+0600][29.334s][info][gc,phases   ] GC(28) Concurrent Mark Free 0.002ms
[2026-04-03T02:21:18.343+0600][29.351s][info][gc,phases   ] GC(28) Concurrent Process Non-Strong References 16.612ms
[2026-04-03T02:21:18.343+0600][29.351s][info][gc,phases   ] GC(28) Concurrent Reset Relocation Set 0.007ms
[2026-04-03T02:21:18.347+0600][29.355s][info][gc,phases   ] GC(28) Concurrent Select Relocation Set 4.639ms
[2026-04-03T02:21:18.348+0600][29.356s][info][gc,phases   ] GC(28) Pause Relocate Start 0.019ms
[2026-04-03T02:21:18.356+0600][29.364s][info][gc,phases   ] GC(28) Concurrent Relocate 8.374ms
[2026-04-03T02:21:18.357+0600][29.365s][info][gc,load     ] GC(28) Load: 7.27/6.37/5.90
[2026-04-03T02:21:18.357+0600][29.365s][info][gc,mmu      ] GC(28) MMU: 2ms/91.9%, 5ms/96.7%, 10ms/98.2%, 20ms/99.1%, 50ms/99.6%, 100ms/99.8%
[2026-04-03T02:21:18.357+0600][29.365s][info][gc,marking  ] GC(28) Mark: 2 stripe(s), 2 proactive flush(es), 1 terminate flush(es), 0 completion(s), 0 continuation(s) 
[2026-04-03T02:21:18.357+0600][29.365s][info][gc,marking  ] GC(28) Mark Stack Usage: 32M
[2026-04-03T02:21:18.357+0600][29.365s][info][gc,nmethod  ] GC(28) NMethods: 13187 registered, 809 unregistered
[2026-04-03T02:21:18.357+0600][29.365s][info][gc,metaspace] GC(28) Metaspace: 126M used, 127M committed, 1152M reserved
[2026-04-03T02:21:18.357+0600][29.365s][info][gc,ref      ] GC(28) Soft: 3267 encountered, 0 discovered, 0 enqueued
[2026-04-03T02:21:18.357+0600][29.365s][info][gc,ref      ] GC(28) Weak: 15512 encountered, 3333 discovered, 15 enqueued
[2026-04-03T02:21:18.357+0600][29.365s][info][gc,ref      ] GC(28) Final: 84 encountered, 0 discovered, 0 enqueued
[2026-04-03T02:21:18.357+0600][29.365s][info][gc,ref      ] GC(28) Phantom: 620 encountered, 365 discovered, 0 enqueued
[2026-04-03T02:21:18.357+0600][29.365s][info][gc,reloc    ] GC(28) Small Pages: 207 / 414M, Empty: 110M, Relocated: 6M, In-Place: 0
[2026-04-03T02:21:18.357+0600][29.365s][info][gc,reloc    ] GC(28) Medium Pages: 6 / 96M, Empty: 80M, Relocated: 0M, In-Place: 0
[2026-04-03T02:21:18.357+0600][29.365s][info][gc,reloc    ] GC(28) Large Pages: 9 / 52M, Empty: 48M, Relocated: 0M, In-Place: 0
[2026-04-03T02:21:18.357+0600][29.365s][info][gc,reloc    ] GC(28) Forwarding Usage: 2M
[2026-04-03T02:21:18.357+0600][29.365s][info][gc,heap     ] GC(28) Min Capacity: 8M(1%)
[2026-04-03T02:21:18.357+0600][29.365s][info][gc,heap     ] GC(28) Max Capacity: 1000M(100%)
[2026-04-03T02:21:18.357+0600][29.365s][info][gc,heap     ] GC(28) Soft Max Capacity: 1000M(100%)
[2026-04-03T02:21:18.357+0600][29.365s][info][gc,heap     ] GC(28)                Mark Start          Mark End        Relocate Start      Relocate End           High               Low         
[2026-04-03T02:21:18.357+0600][29.365s][info][gc,heap     ] GC(28)  Capacity:     1000M (100%)       1000M (100%)       1000M (100%)       1000M (100%)       1000M (100%)       1000M (100%)   
[2026-04-03T02:21:18.357+0600][29.365s][info][gc,heap     ] GC(28)      Free:      438M (44%)         336M (34%)         544M (54%)         736M (74%)         738M (74%)         282M (28%)    
[2026-04-03T02:21:18.357+0600][29.365s][info][gc,heap     ] GC(28)      Used:      562M (56%)         664M (66%)         456M (46%)         264M (26%)         718M (72%)         262M (26%)    
[2026-04-03T02:21:18.357+0600][29.365s][info][gc,heap     ] GC(28)      Live:         -               102M (10%)         102M (10%)         102M (10%)            -                  -          
[2026-04-03T02:21:18.357+0600][29.365s][info][gc,heap     ] GC(28) Allocated:         -               102M (10%)         132M (13%)         135M (14%)            -                  -          
[2026-04-03T02:21:18.357+0600][29.365s][info][gc,heap     ] GC(28)   Garbage:         -               459M (46%)         221M (22%)          25M (3%)             -                  -          
[2026-04-03T02:21:18.357+0600][29.365s][info][gc,heap     ] GC(28) Reclaimed:         -                  -               238M (24%)         433M (43%)            -                  -          
[2026-04-03T02:21:18.357+0600][29.365s][info][gc          ] GC(28) Garbage Collection (Allocation Rate) 562M(56%)->264M(26%)
[2026-04-03T02:21:18.496+0600][29.504s][info][gc,start    ] GC(29) Garbage Collection (Allocation Rate)
[2026-04-03T02:21:18.496+0600][29.504s][info][gc,task     ] GC(29) Using 3 workers
[2026-04-03T02:21:18.496+0600][29.504s][info][gc,phases   ] GC(29) Pause Mark Start 0.018ms
[2026-04-03T02:21:18.582+0600][29.590s][info][gc,phases   ] GC(29) Concurrent Mark 85.611ms
[2026-04-03T02:21:18.582+0600][29.590s][info][gc,phases   ] GC(29) Pause Mark End 0.028ms
[2026-04-03T02:21:18.582+0600][29.590s][info][gc,phases   ] GC(29) Concurrent Mark Free 0.001ms
[2026-04-03T02:21:18.596+0600][29.604s][info][gc,phases   ] GC(29) Concurrent Process Non-Strong References 13.775ms
[2026-04-03T02:21:18.596+0600][29.604s][info][gc,phases   ] GC(29) Concurrent Reset Relocation Set 0.012ms
[2026-04-03T02:21:18.600+0600][29.608s][info][gc,phases   ] GC(29) Concurrent Select Relocation Set 3.810ms
[2026-04-03T02:21:18.600+0600][29.609s][info][gc,phases   ] GC(29) Pause Relocate Start 0.014ms
[2026-04-03T02:21:18.604+0600][29.613s][info][gc,phases   ] GC(29) Concurrent Relocate 3.898ms
[2026-04-03T02:21:18.605+0600][29.613s][info][gc,load     ] GC(29) Load: 7.27/6.37/5.90
[2026-04-03T02:21:18.605+0600][29.613s][info][gc,mmu      ] GC(29) MMU: 2ms/91.9%, 5ms/96.7%, 10ms/98.2%, 20ms/99.1%, 50ms/99.6%, 100ms/99.8%
[2026-04-03T02:21:18.605+0600][29.613s][info][gc,marking  ] GC(29) Mark: 2 stripe(s), 2 proactive flush(es), 1 terminate flush(es), 0 completion(s), 0 continuation(s) 
[2026-04-03T02:21:18.605+0600][29.613s][info][gc,marking  ] GC(29) Mark Stack Usage: 32M
[2026-04-03T02:21:18.605+0600][29.613s][info][gc,nmethod  ] GC(29) NMethods: 13255 registered, 837 unregistered
[2026-04-03T02:21:18.605+0600][29.613s][info][gc,metaspace] GC(29) Metaspace: 126M used, 127M committed, 1152M reserved
[2026-04-03T02:21:18.605+0600][29.613s][info][gc,ref      ] GC(29) Soft: 3259 encountered, 0 discovered, 0 enqueued
[2026-04-03T02:21:18.605+0600][29.613s][info][gc,ref      ] GC(29) Weak: 15804 encountered, 5576 discovered, 1578 enqueued
[2026-04-03T02:21:18.605+0600][29.613s][info][gc,ref      ] GC(29) Final: 84 encountered, 0 discovered, 0 enqueued
[2026-04-03T02:21:18.605+0600][29.613s][info][gc,ref      ] GC(29) Phantom: 620 encountered, 367 discovered, 0 enqueued
[2026-04-03T02:21:18.605+0600][29.613s][info][gc,reloc    ] GC(29) Small Pages: 147 / 294M, Empty: 48M, Relocated: 5M, In-Place: 0
[2026-04-03T02:21:18.605+0600][29.613s][info][gc,reloc    ] GC(29) Medium Pages: 4 / 64M, Empty: 48M, Relocated: 0M, In-Place: 0
[2026-04-03T02:21:18.605+0600][29.613s][info][gc,reloc    ] GC(29) Large Pages: 6 / 34M, Empty: 30M, Relocated: 0M, In-Place: 0
[2026-04-03T02:21:18.605+0600][29.613s][info][gc,reloc    ] GC(29) Forwarding Usage: 1M
[2026-04-03T02:21:18.605+0600][29.613s][info][gc,heap     ] GC(29) Min Capacity: 8M(1%)
[2026-04-03T02:21:18.605+0600][29.613s][info][gc,heap     ] GC(29) Max Capacity: 1000M(100%)
[2026-04-03T02:21:18.605+0600][29.613s][info][gc,heap     ] GC(29) Soft Max Capacity: 1000M(100%)
[2026-04-03T02:21:18.605+0600][29.613s][info][gc,heap     ] GC(29)                Mark Start          Mark End        Relocate Start      Relocate End           High               Low         
[2026-04-03T02:21:18.605+0600][29.613s][info][gc,heap     ] GC(29)  Capacity:     1000M (100%)       1000M (100%)       1000M (100%)       1000M (100%)       1000M (100%)       1000M (100%)   
[2026-04-03T02:21:18.605+0600][29.613s][info][gc,heap     ] GC(29)      Free:      608M (61%)         548M (55%)         660M (66%)         798M (80%)         798M (80%)         536M (54%)    
[2026-04-03T02:21:18.605+0600][29.613s][info][gc,heap     ] GC(29)      Used:      392M (39%)         452M (45%)         340M (34%)         202M (20%)         464M (46%)         202M (20%)    
[2026-04-03T02:21:18.605+0600][29.613s][info][gc,heap     ] GC(29)      Live:         -                99M (10%)          99M (10%)          99M (10%)            -                  -          
[2026-04-03T02:21:18.605+0600][29.613s][info][gc,heap     ] GC(29) Allocated:         -                60M (6%)           74M (7%)           77M (8%)             -                  -          
[2026-04-03T02:21:18.605+0600][29.613s][info][gc,heap     ] GC(29)   Garbage:         -               292M (29%)         166M (17%)          24M (2%)             -                  -          
[2026-04-03T02:21:18.605+0600][29.613s][info][gc,heap     ] GC(29) Reclaimed:         -                  -               126M (13%)         267M (27%)            -                  -          
[2026-04-03T02:21:18.605+0600][29.613s][info][gc          ] GC(29) Garbage Collection (Allocation Rate) 392M(39%)->202M(20%)
[2026-04-03T02:21:18.996+0600][30.004s][info][gc,start    ] GC(30) Garbage Collection (Allocation Rate)
[2026-04-03T02:21:18.996+0600][30.004s][info][gc,task     ] GC(30) Using 2 workers
[2026-04-03T02:21:18.996+0600][30.004s][info][gc,phases   ] GC(30) Pause Mark Start 0.014ms
[2026-04-03T02:21:19.095+0600][30.103s][info][gc,stats    ] === Garbage Collection Statistics =======================================================================================================================
[2026-04-03T02:21:19.095+0600][30.103s][info][gc,stats    ]                                                              Last 10s              Last 10m              Last 10h                Total
[2026-04-03T02:21:19.095+0600][30.103s][info][gc,stats    ]                                                              Avg / Max             Avg / Max             Avg / Max             Avg / Max
[2026-04-03T02:21:19.095+0600][30.103s][info][gc,stats    ]   Collector: Garbage Collection Cycle                    172.366 / 283.622     151.406 / 338.081     151.406 / 338.081     151.406 / 338.081     ms
[2026-04-03T02:21:19.095+0600][30.103s][info][gc,stats    ]  Contention: Mark Segment Reset Contention                    23 / 94               11 / 105              11 / 105              11 / 105         ops/s
[2026-04-03T02:21:19.095+0600][30.103s][info][gc,stats    ]  Contention: Mark SeqNum Reset Contention                      0 / 2                 0 / 2                 0 / 2                 0 / 2           ops/s
[2026-04-03T02:21:19.095+0600][30.103s][info][gc,stats    ]    Critical: Allocation Stall                                  0 / 5                 0 / 5                 0 / 5                 0 / 5           ops/s
[2026-04-03T02:21:19.095+0600][30.103s][info][gc,stats    ]    Critical: Allocation Stall                              5.072 / 8.592         5.072 / 8.592         5.072 / 8.592         5.072 / 8.592       ms
[2026-04-03T02:21:19.095+0600][30.104s][info][gc,stats    ]    Critical: GC Locker Stall                                   0 / 2                 0 / 2                 0 / 2                 0 / 2           ops/s
[2026-04-03T02:21:19.095+0600][30.104s][info][gc,stats    ]    Critical: GC Locker Stall                               0.032 / 0.111         0.045 / 0.204         0.045 / 0.204         0.045 / 0.204       ms
[2026-04-03T02:21:19.095+0600][30.104s][info][gc,stats    ]    Critical: Relocation Stall                                  0 / 0                 0 / 0                 0 / 0                 0 / 0           ops/s
[2026-04-03T02:21:19.095+0600][30.104s][info][gc,stats    ]    Critical: Relocation Stall                              0.000 / 0.000         0.000 / 0.000         0.000 / 0.000         0.000 / 0.000       ms
[2026-04-03T02:21:19.095+0600][30.104s][info][gc,stats    ]      Memory: Allocation Rate                                 779 / 1170            353 / 1170            353 / 1170            353 / 1170        MB/s
[2026-04-03T02:21:19.095+0600][30.104s][info][gc,stats    ]      Memory: Defragment                                       21 / 77                8 / 77                8 / 77                8 / 77          ops/s
[2026-04-03T02:21:19.095+0600][30.104s][info][gc,stats    ]      Memory: Out Of Memory                                     0 / 0                 0 / 0                 0 / 0                 0 / 0           ops/s
[2026-04-03T02:21:19.095+0600][30.104s][info][gc,stats    ]      Memory: Page Cache Flush                                138 / 476              49 / 476              49 / 476              49 / 476         MB/s
[2026-04-03T02:21:19.096+0600][30.104s][info][gc,stats    ]      Memory: Page Cache Hit L1                               252 / 342             114 / 342             114 / 342             114 / 342         ops/s
[2026-04-03T02:21:19.096+0600][30.104s][info][gc,stats    ]      Memory: Page Cache Hit L2                                 0 / 0                 0 / 0                 0 / 0                 0 / 0           ops/s
[2026-04-03T02:21:19.096+0600][30.104s][info][gc,stats    ]      Memory: Page Cache Hit L3                                14 / 50               10 / 91               10 / 91               10 / 91          ops/s
[2026-04-03T02:21:19.096+0600][30.104s][info][gc,stats    ]      Memory: Page Cache Miss                                  14 / 70               11 / 98               11 / 98               11 / 98          ops/s
[2026-04-03T02:21:19.096+0600][30.104s][info][gc,stats    ]      Memory: Uncommit                                          0 / 0                 0 / 0                 0 / 0                 0 / 0           MB/s
[2026-04-03T02:21:19.096+0600][30.104s][info][gc,stats    ]      Memory: Undo Object Allocation Failed                     0 / 0                 0 / 0                 0 / 0                 0 / 0           ops/s
[2026-04-03T02:21:19.096+0600][30.104s][info][gc,stats    ]      Memory: Undo Object Allocation Succeeded                 33 / 321              11 / 321              11 / 321              11 / 321         ops/s
[2026-04-03T02:21:19.096+0600][30.104s][info][gc,stats    ]      Memory: Undo Page Allocation                              1 / 6                 0 / 6                 0 / 6                 0 / 6           ops/s
[2026-04-03T02:21:19.096+0600][30.104s][info][gc,stats    ]       Phase: Concurrent Mark                             128.658 / 204.527     107.940 / 204.527     107.940 / 204.527     107.940 / 204.527     ms
[2026-04-03T02:21:19.096+0600][30.104s][info][gc,stats    ]       Phase: Concurrent Mark Continue                      0.000 / 0.000         0.000 / 0.000         0.000 / 0.000         0.000 / 0.000       ms
[2026-04-03T02:21:19.096+0600][30.104s][info][gc,stats    ]       Phase: Concurrent Mark Free                          0.003 / 0.016         0.003 / 0.016         0.003 / 0.016         0.003 / 0.016       ms
[2026-04-03T02:21:19.096+0600][30.104s][info][gc,stats    ]       Phase: Concurrent Process Non-Strong References     29.535 / 67.924       24.602 / 67.924       24.602 / 67.924       24.602 / 67.924      ms
[2026-04-03T02:21:19.096+0600][30.104s][info][gc,stats    ]       Phase: Concurrent Relocate                           6.863 / 30.020       10.249 / 97.082       10.249 / 97.082       10.249 / 97.082      ms
[2026-04-03T02:21:19.096+0600][30.104s][info][gc,stats    ]       Phase: Concurrent Reset Relocation Set               0.013 / 0.035         0.013 / 0.035         0.013 / 0.035         0.013 / 0.035       ms
[2026-04-03T02:21:19.096+0600][30.104s][info][gc,stats    ]       Phase: Concurrent Select Relocation Set              4.438 / 6.571         4.988 / 19.584        4.988 / 19.584        4.988 / 19.584      ms
[2026-04-03T02:21:19.096+0600][30.104s][info][gc,stats    ]       Phase: Pause Mark End                                0.046 / 0.132         0.043 / 0.163         0.043 / 0.163         0.043 / 0.163       ms
[2026-04-03T02:21:19.096+0600][30.104s][info][gc,stats    ]       Phase: Pause Mark Start                              0.018 / 0.073         0.017 / 0.073         0.017 / 0.073         0.017 / 0.073       ms
[2026-04-03T02:21:19.096+0600][30.104s][info][gc,stats    ]       Phase: Pause Relocate Start                          0.018 / 0.042         0.017 / 0.042         0.017 / 0.042         0.017 / 0.042       ms
[2026-04-03T02:21:19.096+0600][30.104s][info][gc,stats    ]    Subphase: Concurrent Classes Purge                      0.359 / 2.121         0.438 / 2.956         0.438 / 2.956         0.438 / 2.956       ms
[2026-04-03T02:21:19.096+0600][30.104s][info][gc,stats    ]    Subphase: Concurrent Classes Unlink                    24.985 / 63.623       20.339 / 63.623       20.339 / 63.623       20.339 / 63.623      ms
[2026-04-03T02:21:19.096+0600][30.104s][info][gc,stats    ]    Subphase: Concurrent Mark                             120.275 / 200.727      99.256 / 200.727      99.256 / 200.727      99.256 / 200.727     ms
[2026-04-03T02:21:19.096+0600][30.104s][info][gc,stats    ]    Subphase: Concurrent Mark Try Flush                     0.901 / 4.495         0.723 / 4.495         0.723 / 4.495         0.723 / 4.495       ms
[2026-04-03T02:21:19.096+0600][30.104s][info][gc,stats    ]    Subphase: Concurrent Mark Try Terminate                 0.920 / 3.991         0.868 / 3.991         0.868 / 3.991         0.868 / 3.991       ms
[2026-04-03T02:21:19.096+0600][30.104s][info][gc,stats    ]    Subphase: Concurrent References Enqueue                 0.010 / 0.024         0.009 / 0.024         0.009 / 0.024         0.009 / 0.024       ms
[2026-04-03T02:21:19.096+0600][30.104s][info][gc,stats    ]    Subphase: Concurrent References Process                 0.985 / 3.978         0.914 / 3.978         0.914 / 3.978         0.914 / 3.978       ms
[2026-04-03T02:21:19.096+0600][30.104s][info][gc,stats    ]    Subphase: Concurrent Roots ClassLoaderDataGraph         0.442 / 1.115         0.400 / 1.115         0.400 / 1.115         0.400 / 1.115       ms
[2026-04-03T02:21:19.096+0600][30.104s][info][gc,stats    ]    Subphase: Concurrent Roots CodeCache                    0.000 / 0.000         0.000 / 0.000         0.000 / 0.000         0.000 / 0.000       ms
[2026-04-03T02:21:19.096+0600][30.104s][info][gc,stats    ]    Subphase: Concurrent Roots JavaThreads                  1.873 / 8.872         1.629 / 8.872         1.629 / 8.872         1.629 / 8.872       ms
[2026-04-03T02:21:19.096+0600][30.104s][info][gc,stats    ]    Subphase: Concurrent Roots OopStorageSet                0.103 / 0.267         0.096 / 0.267         0.096 / 0.267         0.096 / 0.267       ms
[2026-04-03T02:21:19.096+0600][30.104s][info][gc,stats    ]    Subphase: Concurrent Weak Roots OopStorageSet           1.607 / 2.783         1.397 / 2.783         1.397 / 2.783         1.397 / 2.783       ms
[2026-04-03T02:21:19.096+0600][30.104s][info][gc,stats    ]    Subphase: Pause Mark Try Complete                       0.003 / 0.008         0.003 / 0.008         0.003 / 0.008         0.003 / 0.008       ms
[2026-04-03T02:21:19.096+0600][30.104s][info][gc,stats    ]      System: Java Threads                                    262 / 287             199 / 287             199 / 287             199 / 287         threads
[2026-04-03T02:21:19.096+0600][30.104s][info][gc,stats    ] =========================================================================================================================================================
[2026-04-03T02:21:19.152+0600][30.160s][info][gc,phases   ] GC(30) Concurrent Mark 155.539ms
[2026-04-03T02:21:19.152+0600][30.160s][info][gc,phases   ] GC(30) Pause Mark End 0.032ms
[2026-04-03T02:21:19.152+0600][30.160s][info][gc,phases   ] GC(30) Concurrent Mark Free 0.003ms
[2026-04-03T02:21:19.174+0600][30.182s][info][gc,phases   ] GC(30) Concurrent Process Non-Strong References 22.265ms
[2026-04-03T02:21:19.175+0600][30.183s][info][gc,phases   ] GC(30) Concurrent Reset Relocation Set 0.019ms
[2026-04-03T02:21:19.179+0600][30.187s][info][gc,phases   ] GC(30) Concurrent Select Relocation Set 4.726ms
[2026-04-03T02:21:19.180+0600][30.188s][info][gc,phases   ] GC(30) Pause Relocate Start 0.018ms
[2026-04-03T02:21:19.186+0600][30.194s][info][gc,phases   ] GC(30) Concurrent Relocate 5.624ms
[2026-04-03T02:21:19.186+0600][30.194s][info][gc,load     ] GC(30) Load: 7.27/6.37/5.90
[2026-04-03T02:21:19.186+0600][30.194s][info][gc,mmu      ] GC(30) MMU: 2ms/91.9%, 5ms/96.7%, 10ms/98.2%, 20ms/99.1%, 50ms/99.6%, 100ms/99.8%
[2026-04-03T02:21:19.186+0600][30.194s][info][gc,marking  ] GC(30) Mark: 2 stripe(s), 2 proactive flush(es), 1 terminate flush(es), 0 completion(s), 0 continuation(s) 
[2026-04-03T02:21:19.186+0600][30.194s][info][gc,marking  ] GC(30) Mark Stack Usage: 32M
[2026-04-03T02:21:19.186+0600][30.194s][info][gc,nmethod  ] GC(30) NMethods: 13294 registered, 869 unregistered
[2026-04-03T02:21:19.186+0600][30.194s][info][gc,metaspace] GC(30) Metaspace: 126M used, 127M committed, 1152M reserved
[2026-04-03T02:21:19.186+0600][30.194s][info][gc,ref      ] GC(30) Soft: 3277 encountered, 0 discovered, 0 enqueued
[2026-04-03T02:21:19.186+0600][30.194s][info][gc,ref      ] GC(30) Weak: 14607 encountered, 3696 discovered, 58 enqueued
[2026-04-03T02:21:19.186+0600][30.194s][info][gc,ref      ] GC(30) Final: 84 encountered, 0 discovered, 0 enqueued
[2026-04-03T02:21:19.186+0600][30.194s][info][gc,ref      ] GC(30) Phantom: 620 encountered, 502 discovered, 0 enqueued
[2026-04-03T02:21:19.186+0600][30.194s][info][gc,reloc    ] GC(30) Small Pages: 209 / 418M, Empty: 36M, Relocated: 2M, In-Place: 0
[2026-04-03T02:21:19.186+0600][30.194s][info][gc,reloc    ] GC(30) Medium Pages: 3 / 48M, Empty: 32M, Relocated: 0M, In-Place: 0
[2026-04-03T02:21:19.186+0600][30.194s][info][gc,reloc    ] GC(30) Large Pages: 6 / 34M, Empty: 30M, Relocated: 0M, In-Place: 0
[2026-04-03T02:21:19.186+0600][30.194s][info][gc,reloc    ] GC(30) Forwarding Usage: 1M
[2026-04-03T02:21:19.186+0600][30.194s][info][gc,heap     ] GC(30) Min Capacity: 8M(1%)
[2026-04-03T02:21:19.186+0600][30.194s][info][gc,heap     ] GC(30) Max Capacity: 1000M(100%)
[2026-04-03T02:21:19.186+0600][30.194s][info][gc,heap     ] GC(30) Soft Max Capacity: 1000M(100%)
[2026-04-03T02:21:19.186+0600][30.194s][info][gc,heap     ] GC(30)                Mark Start          Mark End        Relocate Start      Relocate End           High               Low         
[2026-04-03T02:21:19.186+0600][30.194s][info][gc,heap     ] GC(30)  Capacity:     1000M (100%)       1000M (100%)       1000M (100%)       1000M (100%)       1000M (100%)       1000M (100%)   
[2026-04-03T02:21:19.186+0600][30.194s][info][gc,heap     ] GC(30)      Free:      500M (50%)         334M (33%)         412M (41%)         688M (69%)         688M (69%)         316M (32%)    
[2026-04-03T02:21:19.186+0600][30.194s][info][gc,heap     ] GC(30)      Used:      500M (50%)         666M (67%)         588M (59%)         312M (31%)         684M (68%)         312M (31%)    
[2026-04-03T02:21:19.186+0600][30.194s][info][gc,heap     ] GC(30)      Live:         -                98M (10%)          98M (10%)          98M (10%)            -                  -          
[2026-04-03T02:21:19.186+0600][30.194s][info][gc,heap     ] GC(30) Allocated:         -               166M (17%)         186M (19%)         189M (19%)            -                  -          
[2026-04-03T02:21:19.186+0600][30.194s][info][gc,heap     ] GC(30)   Garbage:         -               401M (40%)         303M (30%)          23M (2%)             -                  -          
[2026-04-03T02:21:19.186+0600][30.194s][info][gc,heap     ] GC(30) Reclaimed:         -                  -                98M (10%)         377M (38%)            -                  -          
[2026-04-03T02:21:19.186+0600][30.194s][info][gc          ] GC(30) Garbage Collection (Allocation Rate) 500M(50%)->312M(31%)
[2026-04-03T02:21:19.395+0600][30.403s][info][gc,start    ] GC(31) Garbage Collection (Allocation Rate)
[2026-04-03T02:21:19.395+0600][30.403s][info][gc,task     ] GC(31) Using 2 workers
[2026-04-03T02:21:19.396+0600][30.404s][info][gc,phases   ] GC(31) Pause Mark Start 0.010ms
[2026-04-03T02:21:19.564+0600][30.572s][info][gc,phases   ] GC(31) Concurrent Mark 168.074ms
[2026-04-03T02:21:19.564+0600][30.572s][info][gc,phases   ] GC(31) Pause Mark End 0.037ms
[2026-04-03T02:21:19.565+0600][30.573s][info][gc,phases   ] GC(31) Concurrent Mark Free 0.003ms
[2026-04-03T02:21:19.596+0600][30.604s][info][gc,phases   ] GC(31) Concurrent Process Non-Strong References 31.170ms
[2026-04-03T02:21:19.596+0600][30.604s][info][gc,phases   ] GC(31) Concurrent Reset Relocation Set 0.019ms
[2026-04-03T02:21:19.601+0600][30.609s][info][gc,phases   ] GC(31) Concurrent Select Relocation Set 4.968ms
[2026-04-03T02:21:19.601+0600][30.609s][info][gc,phases   ] GC(31) Pause Relocate Start 0.015ms
[2026-04-03T02:21:19.608+0600][30.616s][info][gc,phases   ] GC(31) Concurrent Relocate 6.157ms
[2026-04-03T02:21:19.608+0600][30.616s][info][gc,load     ] GC(31) Load: 7.27/6.37/5.90
[2026-04-03T02:21:19.608+0600][30.616s][info][gc,mmu      ] GC(31) MMU: 2ms/91.9%, 5ms/96.7%, 10ms/98.2%, 20ms/99.1%, 50ms/99.6%, 100ms/99.8%
[2026-04-03T02:21:19.608+0600][30.616s][info][gc,marking  ] GC(31) Mark: 2 stripe(s), 2 proactive flush(es), 1 terminate flush(es), 0 completion(s), 0 continuation(s) 
[2026-04-03T02:21:19.608+0600][30.616s][info][gc,marking  ] GC(31) Mark Stack Usage: 32M
[2026-04-03T02:21:19.608+0600][30.616s][info][gc,nmethod  ] GC(31) NMethods: 13409 registered, 891 unregistered
[2026-04-03T02:21:19.608+0600][30.616s][info][gc,metaspace] GC(31) Metaspace: 126M used, 127M committed, 1152M reserved
[2026-04-03T02:21:19.608+0600][30.616s][info][gc,ref      ] GC(31) Soft: 3285 encountered, 0 discovered, 0 enqueued
[2026-04-03T02:21:19.608+0600][30.616s][info][gc,ref      ] GC(31) Weak: 15131 encountered, 2652 discovered, 13 enqueued
[2026-04-03T02:21:19.608+0600][30.616s][info][gc,ref      ] GC(31) Final: 84 encountered, 0 discovered, 0 enqueued
[2026-04-03T02:21:19.608+0600][30.616s][info][gc,ref      ] GC(31) Phantom: 620 encountered, 513 discovered, 0 enqueued
[2026-04-03T02:21:19.608+0600][30.616s][info][gc,reloc    ] GC(31) Small Pages: 203 / 406M, Empty: 116M, Relocated: 4M, In-Place: 0
[2026-04-03T02:21:19.608+0600][30.616s][info][gc,reloc    ] GC(31) Medium Pages: 6 / 96M, Empty: 80M, Relocated: 0M, In-Place: 0
[2026-04-03T02:21:19.608+0600][30.616s][info][gc,reloc    ] GC(31) Large Pages: 9 / 52M, Empty: 48M, Relocated: 0M, In-Place: 0
[2026-04-03T02:21:19.608+0600][30.616s][info][gc,reloc    ] GC(31) Forwarding Usage: 1M
[2026-04-03T02:21:19.608+0600][30.616s][info][gc,heap     ] GC(31) Min Capacity: 8M(1%)
[2026-04-03T02:21:19.608+0600][30.616s][info][gc,heap     ] GC(31) Max Capacity: 1000M(100%)
[2026-04-03T02:21:19.608+0600][30.616s][info][gc,heap     ] GC(31) Soft Max Capacity: 1000M(100%)
[2026-04-03T02:21:19.608+0600][30.616s][info][gc,heap     ] GC(31)                Mark Start          Mark End        Relocate Start      Relocate End           High               Low         
[2026-04-03T02:21:19.608+0600][30.616s][info][gc,heap     ] GC(31)  Capacity:     1000M (100%)       1000M (100%)       1000M (100%)       1000M (100%)       1000M (100%)       1000M (100%)   
[2026-04-03T02:21:19.608+0600][30.616s][info][gc,heap     ] GC(31)      Free:      446M (45%)         270M (27%)         470M (47%)         654M (65%)         654M (65%)         248M (25%)    
[2026-04-03T02:21:19.608+0600][30.616s][info][gc,heap     ] GC(31)      Used:      554M (55%)         730M (73%)         530M (53%)         346M (35%)         752M (75%)         346M (35%)    
[2026-04-03T02:21:19.608+0600][30.616s][info][gc,heap     ] GC(31)      Live:         -               101M (10%)         101M (10%)         101M (10%)            -                  -          
[2026-04-03T02:21:19.608+0600][30.616s][info][gc,heap     ] GC(31) Allocated:         -               176M (18%)         220M (22%)         219M (22%)            -                  -          
[2026-04-03T02:21:19.608+0600][30.616s][info][gc,heap     ] GC(31)   Garbage:         -               452M (45%)         208M (21%)          24M (2%)             -                  -          
[2026-04-03T02:21:19.608+0600][30.616s][info][gc,heap     ] GC(31) Reclaimed:         -                  -               244M (24%)         427M (43%)            -                  -          
[2026-04-03T02:21:19.608+0600][30.616s][info][gc          ] GC(31) Garbage Collection (Allocation Rate) 554M(55%)->346M(35%)
[2026-04-03T02:21:19.796+0600][30.804s][info][gc,start    ] GC(32) Garbage Collection (Allocation Rate)
[2026-04-03T02:21:19.796+0600][30.804s][info][gc,task     ] GC(32) Using 2 workers
[2026-04-03T02:21:19.796+0600][30.804s][info][gc,phases   ] GC(32) Pause Mark Start 0.011ms
[2026-04-03T02:21:19.952+0600][30.960s][info][gc,phases   ] GC(32) Concurrent Mark 156.083ms
[2026-04-03T02:21:19.952+0600][30.960s][info][gc,phases   ] GC(32) Pause Mark End 0.037ms
[2026-04-03T02:21:19.952+0600][30.960s][info][gc,phases   ] GC(32) Concurrent Mark Free 0.001ms
[2026-04-03T02:21:19.972+0600][30.980s][info][gc,phases   ] GC(32) Concurrent Process Non-Strong References 19.780ms
[2026-04-03T02:21:19.972+0600][30.980s][info][gc,phases   ] GC(32) Concurrent Reset Relocation Set 0.012ms
[2026-04-03T02:21:19.975+0600][30.983s][info][gc,phases   ] GC(32) Concurrent Select Relocation Set 3.023ms
[2026-04-03T02:21:19.976+0600][30.984s][info][gc,phases   ] GC(32) Pause Relocate Start 0.014ms
[2026-04-03T02:21:19.978+0600][30.987s][info][gc,phases   ] GC(32) Concurrent Relocate 2.861ms
[2026-04-03T02:21:19.979+0600][30.987s][info][gc,load     ] GC(32) Load: 7.48/6.43/5.92
[2026-04-03T02:21:19.979+0600][30.987s][info][gc,mmu      ] GC(32) MMU: 2ms/91.9%, 5ms/96.7%, 10ms/98.2%, 20ms/99.1%, 50ms/99.6%, 100ms/99.8%
[2026-04-03T02:21:19.979+0600][30.987s][info][gc,marking  ] GC(32) Mark: 2 stripe(s), 2 proactive flush(es), 1 terminate flush(es), 0 completion(s), 0 continuation(s) 
[2026-04-03T02:21:19.979+0600][30.987s][info][gc,marking  ] GC(32) Mark Stack Usage: 32M
[2026-04-03T02:21:19.979+0600][30.987s][info][gc,nmethod  ] GC(32) NMethods: 13495 registered, 929 unregistered
[2026-04-03T02:21:19.979+0600][30.987s][info][gc,metaspace] GC(32) Metaspace: 126M used, 128M committed, 1152M reserved
[2026-04-03T02:21:19.979+0600][30.987s][info][gc,ref      ] GC(32) Soft: 3282 encountered, 0 discovered, 0 enqueued
[2026-04-03T02:21:19.979+0600][30.987s][info][gc,ref      ] GC(32) Weak: 15690 encountered, 3098 discovered, 19 enqueued
[2026-04-03T02:21:19.979+0600][30.987s][info][gc,ref      ] GC(32) Final: 84 encountered, 0 discovered, 0 enqueued
[2026-04-03T02:21:19.979+0600][30.987s][info][gc,ref      ] GC(32) Phantom: 620 encountered, 592 discovered, 0 enqueued
[2026-04-03T02:21:19.979+0600][30.987s][info][gc,reloc    ] GC(32) Small Pages: 208 / 416M, Empty: 122M, Relocated: 3M, In-Place: 0
[2026-04-03T02:21:19.979+0600][30.987s][info][gc,reloc    ] GC(32) Medium Pages: 6 / 96M, Empty: 80M, Relocated: 0M, In-Place: 0
[2026-04-03T02:21:19.979+0600][30.987s][info][gc,reloc    ] GC(32) Large Pages: 9 / 52M, Empty: 48M, Relocated: 0M, In-Place: 0
[2026-04-03T02:21:19.979+0600][30.987s][info][gc,reloc    ] GC(32) Forwarding Usage: 0M
[2026-04-03T02:21:19.979+0600][30.987s][info][gc,heap     ] GC(32) Min Capacity: 8M(1%)
[2026-04-03T02:21:19.979+0600][30.987s][info][gc,heap     ] GC(32) Max Capacity: 1000M(100%)
[2026-04-03T02:21:19.979+0600][30.987s][info][gc,heap     ] GC(32) Soft Max Capacity: 1000M(100%)
[2026-04-03T02:21:19.979+0600][30.987s][info][gc,heap     ] GC(32)                Mark Start          Mark End        Relocate Start      Relocate End           High               Low         
[2026-04-03T02:21:19.979+0600][30.987s][info][gc,heap     ] GC(32)  Capacity:     1000M (100%)       1000M (100%)       1000M (100%)       1000M (100%)       1000M (100%)       1000M (100%)   
[2026-04-03T02:21:19.979+0600][30.987s][info][gc,heap     ] GC(32)      Free:      436M (44%)         252M (25%)         490M (49%)         674M (67%)         678M (68%)         242M (24%)    
[2026-04-03T02:21:19.979+0600][30.987s][info][gc,heap     ] GC(32)      Used:      564M (56%)         748M (75%)         510M (51%)         326M (33%)         758M (76%)         322M (32%)    
[2026-04-03T02:21:19.979+0600][30.987s][info][gc,heap     ] GC(32)      Live:         -               100M (10%)         100M (10%)         100M (10%)            -                  -          
[2026-04-03T02:21:19.979+0600][30.987s][info][gc,heap     ] GC(32) Allocated:         -               184M (18%)         196M (20%)         199M (20%)            -                  -          
[2026-04-03T02:21:19.979+0600][30.987s][info][gc,heap     ] GC(32)   Garbage:         -               463M (46%)         213M (21%)          25M (3%)             -                  -          
[2026-04-03T02:21:19.979+0600][30.987s][info][gc,heap     ] GC(32) Reclaimed:         -                  -               250M (25%)         437M (44%)            -                  -          
[2026-04-03T02:21:19.979+0600][30.987s][info][gc          ] GC(32) Garbage Collection (Allocation Rate) 564M(56%)->326M(33%)
[2026-04-03T02:21:20.196+0600][31.204s][info][gc,start    ] GC(33) Garbage Collection (Allocation Rate)
[2026-04-03T02:21:20.196+0600][31.204s][info][gc,task     ] GC(33) Using 2 workers
[2026-04-03T02:21:20.196+0600][31.205s][info][gc,phases   ] GC(33) Pause Mark Start 0.015ms
[2026-04-03T02:21:20.359+0600][31.367s][info][gc,phases   ] GC(33) Concurrent Mark 162.646ms
[2026-04-03T02:21:20.360+0600][31.368s][info][gc,phases   ] GC(33) Pause Mark End 0.029ms
[2026-04-03T02:21:20.360+0600][31.368s][info][gc,phases   ] GC(33) Concurrent Mark Free 0.002ms
[2026-04-03T02:21:20.427+0600][31.435s][info][gc,phases   ] GC(33) Concurrent Process Non-Strong References 67.656ms
[2026-04-03T02:21:20.427+0600][31.436s][info][gc,phases   ] GC(33) Concurrent Reset Relocation Set 0.017ms
[2026-04-03T02:21:20.433+0600][31.441s][info][gc,phases   ] GC(33) Concurrent Select Relocation Set 5.642ms
[2026-04-03T02:21:20.433+0600][31.442s][info][gc,phases   ] GC(33) Pause Relocate Start 0.017ms
[2026-04-03T02:21:20.440+0600][31.448s][info][gc,phases   ] GC(33) Concurrent Relocate 5.489ms
[2026-04-03T02:21:20.440+0600][31.448s][info][gc,load     ] GC(33) Load: 7.48/6.43/5.92
[2026-04-03T02:21:20.440+0600][31.448s][info][gc,mmu      ] GC(33) MMU: 2ms/91.9%, 5ms/96.7%, 10ms/98.2%, 20ms/99.1%, 50ms/99.6%, 100ms/99.8%
[2026-04-03T02:21:20.440+0600][31.449s][info][gc,marking  ] GC(33) Mark: 2 stripe(s), 2 proactive flush(es), 1 terminate flush(es), 0 completion(s), 0 continuation(s) 
[2026-04-03T02:21:20.440+0600][31.449s][info][gc,marking  ] GC(33) Mark Stack Usage: 32M
[2026-04-03T02:21:20.440+0600][31.449s][info][gc,nmethod  ] GC(33) NMethods: 13551 registered, 967 unregistered
[2026-04-03T02:21:20.440+0600][31.449s][info][gc,metaspace] GC(33) Metaspace: 126M used, 128M committed, 1152M reserved
[2026-04-03T02:21:20.440+0600][31.449s][info][gc,ref      ] GC(33) Soft: 3349 encountered, 0 discovered, 0 enqueued
[2026-04-03T02:21:20.441+0600][31.449s][info][gc,ref      ] GC(33) Weak: 16397 encountered, 5357 discovered, 1737 enqueued
[2026-04-03T02:21:20.441+0600][31.449s][info][gc,ref      ] GC(33) Final: 84 encountered, 0 discovered, 0 enqueued
[2026-04-03T02:21:20.441+0600][31.449s][info][gc,ref      ] GC(33) Phantom: 620 encountered, 595 discovered, 0 enqueued
[2026-04-03T02:21:20.441+0600][31.449s][info][gc,reloc    ] GC(33) Small Pages: 196 / 392M, Empty: 62M, Relocated: 3M, In-Place: 0
[2026-04-03T02:21:20.441+0600][31.449s][info][gc,reloc    ] GC(33) Medium Pages: 4 / 64M, Empty: 48M, Relocated: 0M, In-Place: 0
[2026-04-03T02:21:20.441+0600][31.449s][info][gc,reloc    ] GC(33) Large Pages: 9 / 52M, Empty: 48M, Relocated: 0M, In-Place: 0
[2026-04-03T02:21:20.441+0600][31.449s][info][gc,reloc    ] GC(33) Forwarding Usage: 1M
[2026-04-03T02:21:20.441+0600][31.449s][info][gc,heap     ] GC(33) Min Capacity: 8M(1%)
[2026-04-03T02:21:20.441+0600][31.449s][info][gc,heap     ] GC(33) Max Capacity: 1000M(100%)
[2026-04-03T02:21:20.441+0600][31.449s][info][gc,heap     ] GC(33) Soft Max Capacity: 1000M(100%)
[2026-04-03T02:21:20.441+0600][31.449s][info][gc,heap     ] GC(33)                Mark Start          Mark End        Relocate Start      Relocate End           High               Low         
[2026-04-03T02:21:20.441+0600][31.449s][info][gc,heap     ] GC(33)  Capacity:     1000M (100%)       1000M (100%)       1000M (100%)       1000M (100%)       1000M (100%)       1000M (100%)   
[2026-04-03T02:21:20.441+0600][31.449s][info][gc,heap     ] GC(33)      Free:      492M (49%)         266M (27%)         328M (33%)         544M (54%)         544M (54%)         172M (17%)    
[2026-04-03T02:21:20.441+0600][31.449s][info][gc,heap     ] GC(33)      Used:      508M (51%)         734M (73%)         672M (67%)         456M (46%)         828M (83%)         456M (46%)    
[2026-04-03T02:21:20.441+0600][31.449s][info][gc,heap     ] GC(33)      Live:         -               101M (10%)         101M (10%)         101M (10%)            -                  -          
[2026-04-03T02:21:20.441+0600][31.449s][info][gc,heap     ] GC(33) Allocated:         -               226M (23%)         322M (32%)         329M (33%)            -                  -          
[2026-04-03T02:21:20.441+0600][31.449s][info][gc,heap     ] GC(33)   Garbage:         -               406M (41%)         248M (25%)          25M (3%)             -                  -          
[2026-04-03T02:21:20.441+0600][31.449s][info][gc,heap     ] GC(33) Reclaimed:         -                  -               158M (16%)         381M (38%)            -                  -          
[2026-04-03T02:21:20.441+0600][31.449s][info][gc          ] GC(33) Garbage Collection (Allocation Rate) 508M(51%)->456M(46%)
[2026-04-03T02:21:20.496+0600][31.504s][info][gc,start    ] GC(34) Garbage Collection (Allocation Rate)
[2026-04-03T02:21:20.496+0600][31.504s][info][gc,task     ] GC(34) Using 2 workers
[2026-04-03T02:21:20.496+0600][31.504s][info][gc,phases   ] GC(34) Pause Mark Start 0.018ms
[2026-04-03T02:21:20.605+0600][31.613s][info][gc,phases   ] GC(34) Concurrent Mark 108.644ms
[2026-04-03T02:21:20.606+0600][31.614s][info][gc,phases   ] GC(34) Pause Mark End 0.063ms
[2026-04-03T02:21:20.606+0600][31.614s][info][gc,phases   ] GC(34) Concurrent Mark Free 0.002ms
[2026-04-03T02:21:20.631+0600][31.639s][info][gc,phases   ] GC(34) Concurrent Process Non-Strong References 25.536ms
[2026-04-03T02:21:20.631+0600][31.639s][info][gc,phases   ] GC(34) Concurrent Reset Relocation Set 0.011ms
[2026-04-03T02:21:20.634+0600][31.642s][info][gc,phases   ] GC(34) Concurrent Select Relocation Set 3.039ms
[2026-04-03T02:21:20.634+0600][31.643s][info][gc,phases   ] GC(34) Pause Relocate Start 0.012ms
[2026-04-03T02:21:20.641+0600][31.649s][info][gc,phases   ] GC(34) Concurrent Relocate 6.346ms
[2026-04-03T02:21:20.641+0600][31.649s][info][gc,load     ] GC(34) Load: 7.48/6.43/5.92
[2026-04-03T02:21:20.641+0600][31.649s][info][gc,mmu      ] GC(34) MMU: 2ms/91.9%, 5ms/96.7%, 10ms/98.2%, 20ms/99.1%, 50ms/99.6%, 100ms/99.8%
[2026-04-03T02:21:20.641+0600][31.649s][info][gc,marking  ] GC(34) Mark: 2 stripe(s), 2 proactive flush(es), 1 terminate flush(es), 0 completion(s), 0 continuation(s) 
[2026-04-03T02:21:20.641+0600][31.649s][info][gc,marking  ] GC(34) Mark Stack Usage: 32M
[2026-04-03T02:21:20.641+0600][31.649s][info][gc,nmethod  ] GC(34) NMethods: 13581 registered, 985 unregistered
[2026-04-03T02:21:20.641+0600][31.649s][info][gc,metaspace] GC(34) Metaspace: 126M used, 128M committed, 1152M reserved
[2026-04-03T02:21:20.641+0600][31.649s][info][gc,ref      ] GC(34) Soft: 3363 encountered, 0 discovered, 0 enqueued
[2026-04-03T02:21:20.641+0600][31.649s][info][gc,ref      ] GC(34) Weak: 14821 encountered, 3900 discovered, 442 enqueued
[2026-04-03T02:21:20.641+0600][31.649s][info][gc,ref      ] GC(34) Final: 84 encountered, 0 discovered, 0 enqueued
[2026-04-03T02:21:20.641+0600][31.649s][info][gc,ref      ] GC(34) Phantom: 620 encountered, 310 discovered, 0 enqueued
[2026-04-03T02:21:20.641+0600][31.649s][info][gc,reloc    ] GC(34) Small Pages: 214 / 428M, Empty: 226M, Relocated: 3M, In-Place: 0
[2026-04-03T02:21:20.641+0600][31.649s][info][gc,reloc    ] GC(34) Medium Pages: 3 / 48M, Empty: 16M, Relocated: 6M, In-Place: 0
[2026-04-03T02:21:20.641+0600][31.649s][info][gc,reloc    ] GC(34) Large Pages: 3 / 16M, Empty: 12M, Relocated: 0M, In-Place: 0
[2026-04-03T02:21:20.641+0600][31.649s][info][gc,reloc    ] GC(34) Forwarding Usage: 1M
[2026-04-03T02:21:20.641+0600][31.649s][info][gc,heap     ] GC(34) Min Capacity: 8M(1%)
[2026-04-03T02:21:20.641+0600][31.649s][info][gc,heap     ] GC(34) Max Capacity: 1000M(100%)
[2026-04-03T02:21:20.641+0600][31.649s][info][gc,heap     ] GC(34) Soft Max Capacity: 1000M(100%)
[2026-04-03T02:21:20.641+0600][31.649s][info][gc,heap     ] GC(34)                Mark Start          Mark End        Relocate Start      Relocate End           High               Low         
[2026-04-03T02:21:20.641+0600][31.649s][info][gc,heap     ] GC(34)  Capacity:     1000M (100%)       1000M (100%)       1000M (100%)       1000M (100%)       1000M (100%)       1000M (100%)   
[2026-04-03T02:21:20.641+0600][31.649s][info][gc,heap     ] GC(34)      Free:      508M (51%)         394M (39%)         486M (49%)         584M (58%)         594M (59%)         252M (25%)    
[2026-04-03T02:21:20.641+0600][31.649s][info][gc,heap     ] GC(34)      Used:      492M (49%)         606M (61%)         514M (51%)         416M (42%)         748M (75%)         406M (41%)    
[2026-04-03T02:21:20.641+0600][31.649s][info][gc,heap     ] GC(34)      Live:         -               100M (10%)         100M (10%)         100M (10%)            -                  -          
[2026-04-03T02:21:20.641+0600][31.649s][info][gc,heap     ] GC(34) Allocated:         -               114M (11%)         276M (28%)         289M (29%)            -                  -          
[2026-04-03T02:21:20.641+0600][31.649s][info][gc,heap     ] GC(34)   Garbage:         -               391M (39%)         137M (14%)          25M (3%)             -                  -          
[2026-04-03T02:21:20.641+0600][31.649s][info][gc,heap     ] GC(34) Reclaimed:         -                  -               254M (25%)         365M (37%)            -                  -          
[2026-04-03T02:21:20.641+0600][31.649s][info][gc          ] GC(34) Garbage Collection (Allocation Rate) 492M(49%)->416M(42%)
[2026-04-03T02:21:20.695+0600][31.703s][info][gc,start    ] GC(35) Garbage Collection (Allocation Rate)
[2026-04-03T02:21:20.695+0600][31.703s][info][gc,task     ] GC(35) Using 3 workers
[2026-04-03T02:21:20.696+0600][31.704s][info][gc,phases   ] GC(35) Pause Mark Start 0.018ms
[2026-04-03T02:21:20.799+0600][31.808s][info][gc,phases   ] GC(35) Concurrent Mark 103.560ms
[2026-04-03T02:21:20.800+0600][31.808s][info][gc,phases   ] GC(35) Pause Mark End 0.034ms
[2026-04-03T02:21:20.800+0600][31.808s][info][gc,phases   ] GC(35) Concurrent Mark Free 0.003ms
[2026-04-03T02:21:20.818+0600][31.826s][info][gc,phases   ] GC(35) Concurrent Process Non-Strong References 17.645ms
[2026-04-03T02:21:20.818+0600][31.826s][info][gc,phases   ] GC(35) Concurrent Reset Relocation Set 0.009ms
[2026-04-03T02:21:20.823+0600][31.831s][info][gc,phases   ] GC(35) Concurrent Select Relocation Set 4.960ms
[2026-04-03T02:21:20.823+0600][31.831s][info][gc,phases   ] GC(35) Pause Relocate Start 0.018ms
[2026-04-03T02:21:20.830+0600][31.838s][info][gc,phases   ] GC(35) Concurrent Relocate 7.091ms
[2026-04-03T02:21:20.831+0600][31.839s][info][gc,load     ] GC(35) Load: 7.48/6.43/5.92
[2026-04-03T02:21:20.831+0600][31.839s][info][gc,mmu      ] GC(35) MMU: 2ms/91.9%, 5ms/96.7%, 10ms/98.2%, 20ms/99.1%, 50ms/99.6%, 100ms/99.8%
[2026-04-03T02:21:20.831+0600][31.839s][info][gc,marking  ] GC(35) Mark: 2 stripe(s), 2 proactive flush(es), 1 terminate flush(es), 0 completion(s), 0 continuation(s) 
[2026-04-03T02:21:20.831+0600][31.839s][info][gc,marking  ] GC(35) Mark Stack Usage: 32M
[2026-04-03T02:21:20.831+0600][31.839s][info][gc,nmethod  ] GC(35) NMethods: 13595 registered, 1004 unregistered
[2026-04-03T02:21:20.831+0600][31.839s][info][gc,metaspace] GC(35) Metaspace: 126M used, 128M committed, 1152M reserved
[2026-04-03T02:21:20.831+0600][31.839s][info][gc,ref      ] GC(35) Soft: 3378 encountered, 0 discovered, 0 enqueued
[2026-04-03T02:21:20.831+0600][31.839s][info][gc,ref      ] GC(35) Weak: 14636 encountered, 4009 discovered, 133 enqueued
[2026-04-03T02:21:20.831+0600][31.839s][info][gc,ref      ] GC(35) Final: 84 encountered, 0 discovered, 0 enqueued
[2026-04-03T02:21:20.831+0600][31.839s][info][gc,ref      ] GC(35) Phantom: 620 encountered, 506 discovered, 0 enqueued
[2026-04-03T02:21:20.831+0600][31.839s][info][gc,reloc    ] GC(35) Small Pages: 99 / 198M, Empty: 16M, Relocated: 8M, In-Place: 0
[2026-04-03T02:21:20.831+0600][31.839s][info][gc,reloc    ] GC(35) Medium Pages: 2 / 32M, Empty: 16M, Relocated: 0M, In-Place: 0
[2026-04-03T02:21:20.831+0600][31.839s][info][gc,reloc    ] GC(35) Large Pages: 64 / 382M, Empty: 378M, Relocated: 0M, In-Place: 0
[2026-04-03T02:21:20.831+0600][31.839s][info][gc,reloc    ] GC(35) Forwarding Usage: 2M
[2026-04-03T02:21:20.831+0600][31.839s][info][gc,heap     ] GC(35) Min Capacity: 8M(1%)
[2026-04-03T02:21:20.831+0600][31.839s][info][gc,heap     ] GC(35) Max Capacity: 1000M(100%)
[2026-04-03T02:21:20.831+0600][31.839s][info][gc,heap     ] GC(35) Soft Max Capacity: 1000M(100%)
[2026-04-03T02:21:20.831+0600][31.839s][info][gc,heap     ] GC(35)                Mark Start          Mark End        Relocate Start      Relocate End           High               Low         
[2026-04-03T02:21:20.831+0600][31.839s][info][gc,heap     ] GC(35)  Capacity:     1000M (100%)       1000M (100%)       1000M (100%)       1000M (100%)       1000M (100%)       1000M (100%)   
[2026-04-03T02:21:20.831+0600][31.839s][info][gc,heap     ] GC(35)      Free:      388M (39%)         294M (29%)         694M (69%)         770M (77%)         770M (77%)         290M (29%)    
[2026-04-03T02:21:20.831+0600][31.839s][info][gc,heap     ] GC(35)      Used:      612M (61%)         706M (71%)         306M (31%)         230M (23%)         710M (71%)         230M (23%)    
[2026-04-03T02:21:20.831+0600][31.839s][info][gc,heap     ] GC(35)      Live:         -               101M (10%)         101M (10%)         101M (10%)            -                  -          
[2026-04-03T02:21:20.831+0600][31.839s][info][gc,heap     ] GC(35) Allocated:         -                94M (9%)          104M (10%)         105M (11%)            -                  -          
[2026-04-03T02:21:20.831+0600][31.839s][info][gc,heap     ] GC(35)   Garbage:         -               510M (51%)         100M (10%)          22M (2%)             -                  -          
[2026-04-03T02:21:20.831+0600][31.839s][info][gc,heap     ] GC(35) Reclaimed:         -                  -               410M (41%)         487M (49%)            -                  -          
[2026-04-03T02:21:20.831+0600][31.839s][info][gc          ] GC(35) Garbage Collection (Allocation Rate) 612M(61%)->230M(23%)
[2026-04-03T02:21:20.896+0600][31.904s][info][gc,start    ] GC(36) Garbage Collection (Allocation Rate)
[2026-04-03T02:21:20.896+0600][31.904s][info][gc,task     ] GC(36) Using 3 workers
[2026-04-03T02:21:20.896+0600][31.904s][info][gc,phases   ] GC(36) Pause Mark Start 0.014ms
[2026-04-03T02:21:21.004+0600][32.012s][info][gc,phases   ] GC(36) Concurrent Mark 107.749ms
[2026-04-03T02:21:21.004+0600][32.012s][info][gc,phases   ] GC(36) Pause Mark End 0.036ms
[2026-04-03T02:21:21.004+0600][32.012s][info][gc,phases   ] GC(36) Concurrent Mark Free 0.003ms
[2026-04-03T02:21:21.024+0600][32.032s][info][gc,phases   ] GC(36) Concurrent Process Non-Strong References 19.037ms
[2026-04-03T02:21:21.024+0600][32.032s][info][gc,phases   ] GC(36) Concurrent Reset Relocation Set 0.009ms
[2026-04-03T02:21:21.027+0600][32.036s][info][gc,phases   ] GC(36) Concurrent Select Relocation Set 3.751ms
[2026-04-03T02:21:21.028+0600][32.036s][info][gc,phases   ] GC(36) Pause Relocate Start 0.017ms
[2026-04-03T02:21:21.033+0600][32.041s][info][gc,phases   ] GC(36) Concurrent Relocate 4.696ms
[2026-04-03T02:21:21.033+0600][32.041s][info][gc,load     ] GC(36) Load: 7.48/6.43/5.92
[2026-04-03T02:21:21.033+0600][32.041s][info][gc,mmu      ] GC(36) MMU: 2ms/91.9%, 5ms/96.7%, 10ms/98.2%, 20ms/99.1%, 50ms/99.6%, 100ms/99.8%
[2026-04-03T02:21:21.033+0600][32.041s][info][gc,marking  ] GC(36) Mark: 2 stripe(s), 2 proactive flush(es), 1 terminate flush(es), 0 completion(s), 0 continuation(s) 
[2026-04-03T02:21:21.033+0600][32.041s][info][gc,marking  ] GC(36) Mark Stack Usage: 32M
[2026-04-03T02:21:21.033+0600][32.041s][info][gc,nmethod  ] GC(36) NMethods: 13601 registered, 1018 unregistered
[2026-04-03T02:21:21.033+0600][32.041s][info][gc,metaspace] GC(36) Metaspace: 126M used, 128M committed, 1152M reserved
[2026-04-03T02:21:21.033+0600][32.041s][info][gc,ref      ] GC(36) Soft: 3378 encountered, 0 discovered, 0 enqueued
[2026-04-03T02:21:21.033+0600][32.041s][info][gc,ref      ] GC(36) Weak: 14665 encountered, 3807 discovered, 219 enqueued
[2026-04-03T02:21:21.033+0600][32.041s][info][gc,ref      ] GC(36) Final: 84 encountered, 0 discovered, 0 enqueued
[2026-04-03T02:21:21.033+0600][32.041s][info][gc,ref      ] GC(36) Phantom: 620 encountered, 526 discovered, 0 enqueued
[2026-04-03T02:21:21.033+0600][32.041s][info][gc,reloc    ] GC(36) Small Pages: 110 / 220M, Empty: 10M, Relocated: 6M, In-Place: 0
[2026-04-03T02:21:21.033+0600][32.041s][info][gc,reloc    ] GC(36) Medium Pages: 2 / 32M, Empty: 16M, Relocated: 0M, In-Place: 0
[2026-04-03T02:21:21.033+0600][32.041s][info][gc,reloc    ] GC(36) Large Pages: 65 / 388M, Empty: 372M, Relocated: 0M, In-Place: 0
[2026-04-03T02:21:21.033+0600][32.041s][info][gc,reloc    ] GC(36) Forwarding Usage: 1M
[2026-04-03T02:21:21.033+0600][32.041s][info][gc,heap     ] GC(36) Min Capacity: 8M(1%)
[2026-04-03T02:21:21.033+0600][32.041s][info][gc,heap     ] GC(36) Max Capacity: 1000M(100%)
[2026-04-03T02:21:21.033+0600][32.041s][info][gc,heap     ] GC(36) Soft Max Capacity: 1000M(100%)
[2026-04-03T02:21:21.033+0600][32.041s][info][gc,heap     ] GC(36)                Mark Start          Mark End        Relocate Start      Relocate End           High               Low         
[2026-04-03T02:21:21.033+0600][32.041s][info][gc,heap     ] GC(36)  Capacity:     1000M (100%)       1000M (100%)       1000M (100%)       1000M (100%)       1000M (100%)       1000M (100%)   
[2026-04-03T02:21:21.033+0600][32.041s][info][gc,heap     ] GC(36)      Free:      360M (36%)         244M (24%)         632M (63%)         734M (73%)         734M (73%)         238M (24%)    
[2026-04-03T02:21:21.033+0600][32.041s][info][gc,heap     ] GC(36)      Used:      640M (64%)         756M (76%)         368M (37%)         266M (27%)         762M (76%)         266M (27%)    
[2026-04-03T02:21:21.033+0600][32.041s][info][gc,heap     ] GC(36)      Live:         -               111M (11%)         111M (11%)         111M (11%)            -                  -          
[2026-04-03T02:21:21.033+0600][32.041s][info][gc,heap     ] GC(36) Allocated:         -               116M (12%)         126M (13%)         125M (13%)            -                  -          
[2026-04-03T02:21:21.033+0600][32.041s][info][gc,heap     ] GC(36)   Garbage:         -               528M (53%)         130M (13%)          28M (3%)             -                  -          
[2026-04-03T02:21:21.033+0600][32.041s][info][gc,heap     ] GC(36) Reclaimed:         -                  -               398M (40%)         499M (50%)            -                  -          
[2026-04-03T02:21:21.033+0600][32.041s][info][gc          ] GC(36) Garbage Collection (Allocation Rate) 640M(64%)->266M(27%)
[2026-04-03T02:21:21.096+0600][32.104s][info][gc,start    ] GC(37) Garbage Collection (Allocation Rate)
[2026-04-03T02:21:21.096+0600][32.104s][info][gc,task     ] GC(37) Using 3 workers
[2026-04-03T02:21:21.096+0600][32.104s][info][gc,phases   ] GC(37) Pause Mark Start 0.013ms
[2026-04-03T02:21:21.220+0600][32.228s][info][gc,phases   ] GC(37) Concurrent Mark 123.618ms
[2026-04-03T02:21:21.220+0600][32.228s][info][gc,phases   ] GC(37) Pause Mark End 0.047ms
[2026-04-03T02:21:21.220+0600][32.229s][info][gc,phases   ] GC(37) Concurrent Mark Free 0.004ms
[2026-04-03T02:21:21.240+0600][32.248s][info][gc,phases   ] GC(37) Concurrent Process Non-Strong References 19.413ms
[2026-04-03T02:21:21.240+0600][32.248s][info][gc,phases   ] GC(37) Concurrent Reset Relocation Set 0.011ms
[2026-04-03T02:21:21.245+0600][32.253s][info][gc,phases   ] GC(37) Concurrent Select Relocation Set 4.933ms
[2026-04-03T02:21:21.245+0600][32.253s][info][gc,phases   ] GC(37) Pause Relocate Start 0.018ms
[2026-04-03T02:21:21.250+0600][32.258s][info][gc,phases   ] GC(37) Concurrent Relocate 4.265ms
[2026-04-03T02:21:21.250+0600][32.258s][info][gc,load     ] GC(37) Load: 7.48/6.43/5.92
[2026-04-03T02:21:21.250+0600][32.258s][info][gc,mmu      ] GC(37) MMU: 2ms/91.9%, 5ms/96.7%, 10ms/98.2%, 20ms/99.1%, 50ms/99.6%, 100ms/99.8%
[2026-04-03T02:21:21.250+0600][32.258s][info][gc,marking  ] GC(37) Mark: 2 stripe(s), 2 proactive flush(es), 1 terminate flush(es), 0 completion(s), 0 continuation(s) 
[2026-04-03T02:21:21.250+0600][32.258s][info][gc,marking  ] GC(37) Mark Stack Usage: 32M
[2026-04-03T02:21:21.250+0600][32.258s][info][gc,nmethod  ] GC(37) NMethods: 13636 registered, 1036 unregistered
[2026-04-03T02:21:21.250+0600][32.258s][info][gc,metaspace] GC(37) Metaspace: 126M used, 128M committed, 1152M reserved
[2026-04-03T02:21:21.250+0600][32.258s][info][gc,ref      ] GC(37) Soft: 3385 encountered, 0 discovered, 0 enqueued
[2026-04-03T02:21:21.250+0600][32.258s][info][gc,ref      ] GC(37) Weak: 14679 encountered, 4296 discovered, 157 enqueued
[2026-04-03T02:21:21.250+0600][32.258s][info][gc,ref      ] GC(37) Final: 84 encountered, 0 discovered, 0 enqueued
[2026-04-03T02:21:21.250+0600][32.258s][info][gc,ref      ] GC(37) Phantom: 620 encountered, 409 discovered, 0 enqueued
[2026-04-03T02:21:21.250+0600][32.258s][info][gc,reloc    ] GC(37) Small Pages: 106 / 212M, Empty: 14M, Relocated: 6M, In-Place: 0
[2026-04-03T02:21:21.250+0600][32.258s][info][gc,reloc    ] GC(37) Medium Pages: 3 / 48M, Empty: 32M, Relocated: 0M, In-Place: 0
[2026-04-03T02:21:21.250+0600][32.258s][info][gc,reloc    ] GC(37) Large Pages: 12 / 70M, Empty: 66M, Relocated: 0M, In-Place: 0
[2026-04-03T02:21:21.250+0600][32.258s][info][gc,reloc    ] GC(37) Forwarding Usage: 1M
[2026-04-03T02:21:21.250+0600][32.258s][info][gc,heap     ] GC(37) Min Capacity: 8M(1%)
[2026-04-03T02:21:21.250+0600][32.258s][info][gc,heap     ] GC(37) Max Capacity: 1000M(100%)
[2026-04-03T02:21:21.250+0600][32.258s][info][gc,heap     ] GC(37) Soft Max Capacity: 1000M(100%)
[2026-04-03T02:21:21.250+0600][32.258s][info][gc,heap     ] GC(37)                Mark Start          Mark End        Relocate Start      Relocate End           High               Low         
[2026-04-03T02:21:21.250+0600][32.258s][info][gc,heap     ] GC(37)  Capacity:     1000M (100%)       1000M (100%)       1000M (100%)       1000M (100%)       1000M (100%)       1000M (100%)   
[2026-04-03T02:21:21.250+0600][32.258s][info][gc,heap     ] GC(37)      Free:      670M (67%)         580M (58%)         682M (68%)         770M (77%)         770M (77%)         570M (57%)    
[2026-04-03T02:21:21.250+0600][32.258s][info][gc,heap     ] GC(37)      Used:      330M (33%)         420M (42%)         318M (32%)         230M (23%)         430M (43%)         230M (23%)    
[2026-04-03T02:21:21.250+0600][32.258s][info][gc,heap     ] GC(37)      Live:         -               100M (10%)         100M (10%)         100M (10%)            -                  -          
[2026-04-03T02:21:21.250+0600][32.258s][info][gc,heap     ] GC(37) Allocated:         -                90M (9%)          100M (10%)         101M (10%)            -                  -          
[2026-04-03T02:21:21.250+0600][32.258s][info][gc,heap     ] GC(37)   Garbage:         -               229M (23%)         117M (12%)          27M (3%)             -                  -          
[2026-04-03T02:21:21.250+0600][32.258s][info][gc,heap     ] GC(37) Reclaimed:         -                  -               112M (11%)         201M (20%)            -                  -          
[2026-04-03T02:21:21.250+0600][32.258s][info][gc          ] GC(37) Garbage Collection (Allocation Rate) 330M(33%)->230M(23%)
[2026-04-03T02:21:21.296+0600][32.304s][info][gc,start    ] GC(38) Garbage Collection (Allocation Rate)
[2026-04-03T02:21:21.296+0600][32.304s][info][gc,task     ] GC(38) Using 3 workers
[2026-04-03T02:21:21.296+0600][32.304s][info][gc,phases   ] GC(38) Pause Mark Start 0.009ms
[2026-04-03T02:21:21.376+0600][32.384s][info][gc,phases   ] GC(38) Concurrent Mark 79.496ms
[2026-04-03T02:21:21.376+0600][32.384s][info][gc,phases   ] GC(38) Pause Mark End 0.029ms
[2026-04-03T02:21:21.376+0600][32.384s][info][gc,phases   ] GC(38) Concurrent Mark Free 0.001ms
[2026-04-03T02:21:21.391+0600][32.400s][info][gc,phases   ] GC(38) Concurrent Process Non-Strong References 15.041ms
[2026-04-03T02:21:21.392+0600][32.400s][info][gc,phases   ] GC(38) Concurrent Reset Relocation Set 0.007ms
[2026-04-03T02:21:21.395+0600][32.404s][info][gc,phases   ] GC(38) Concurrent Select Relocation Set 3.886ms
[2026-04-03T02:21:21.396+0600][32.404s][info][gc,phases   ] GC(38) Pause Relocate Start 0.013ms
[2026-04-03T02:21:21.398+0600][32.406s][info][gc,phases   ] GC(38) Concurrent Relocate 1.673ms
[2026-04-03T02:21:21.398+0600][32.406s][info][gc,load     ] GC(38) Load: 7.48/6.43/5.92
[2026-04-03T02:21:21.398+0600][32.406s][info][gc,mmu      ] GC(38) MMU: 2ms/91.9%, 5ms/96.7%, 10ms/98.2%, 20ms/99.1%, 50ms/99.6%, 100ms/99.8%
[2026-04-03T02:21:21.398+0600][32.406s][info][gc,marking  ] GC(38) Mark: 2 stripe(s), 2 proactive flush(es), 1 terminate flush(es), 0 completion(s), 0 continuation(s) 
[2026-04-03T02:21:21.398+0600][32.406s][info][gc,marking  ] GC(38) Mark Stack Usage: 32M
[2026-04-03T02:21:21.398+0600][32.406s][info][gc,nmethod  ] GC(38) NMethods: 13642 registered, 1046 unregistered
[2026-04-03T02:21:21.398+0600][32.406s][info][gc,metaspace] GC(38) Metaspace: 126M used, 128M committed, 1152M reserved
[2026-04-03T02:21:21.398+0600][32.406s][info][gc,ref      ] GC(38) Soft: 3377 encountered, 0 discovered, 0 enqueued
[2026-04-03T02:21:21.398+0600][32.406s][info][gc,ref      ] GC(38) Weak: 14625 encountered, 4621 discovered, 273 enqueued
[2026-04-03T02:21:21.398+0600][32.406s][info][gc,ref      ] GC(38) Final: 84 encountered, 0 discovered, 0 enqueued
[2026-04-03T02:21:21.398+0600][32.406s][info][gc,ref      ] GC(38) Phantom: 620 encountered, 483 discovered, 0 enqueued
[2026-04-03T02:21:21.398+0600][32.406s][info][gc,reloc    ] GC(38) Small Pages: 89 / 178M, Empty: 0M, Relocated: 3M, In-Place: 0
[2026-04-03T02:21:21.398+0600][32.406s][info][gc,reloc    ] GC(38) Medium Pages: 3 / 48M, Empty: 32M, Relocated: 0M, In-Place: 0
[2026-04-03T02:21:21.398+0600][32.406s][info][gc,reloc    ] GC(38) Large Pages: 4 / 22M, Empty: 18M, Relocated: 0M, In-Place: 0
[2026-04-03T02:21:21.398+0600][32.406s][info][gc,reloc    ] GC(38) Forwarding Usage: 0M
[2026-04-03T02:21:21.398+0600][32.406s][info][gc,heap     ] GC(38) Min Capacity: 8M(1%)
[2026-04-03T02:21:21.398+0600][32.406s][info][gc,heap     ] GC(38) Max Capacity: 1000M(100%)
[2026-04-03T02:21:21.398+0600][32.406s][info][gc,heap     ] GC(38) Soft Max Capacity: 1000M(100%)
[2026-04-03T02:21:21.398+0600][32.406s][info][gc,heap     ] GC(38)                Mark Start          Mark End        Relocate Start      Relocate End           High               Low         
[2026-04-03T02:21:21.398+0600][32.406s][info][gc,heap     ] GC(38)  Capacity:     1000M (100%)       1000M (100%)       1000M (100%)       1000M (100%)       1000M (100%)       1000M (100%)   
[2026-04-03T02:21:21.398+0600][32.406s][info][gc,heap     ] GC(38)      Free:      752M (75%)         720M (72%)         746M (75%)         818M (82%)         818M (82%)         696M (70%)    
[2026-04-03T02:21:21.398+0600][32.406s][info][gc,heap     ] GC(38)      Used:      248M (25%)         280M (28%)         254M (25%)         182M (18%)         304M (30%)         182M (18%)    
[2026-04-03T02:21:21.398+0600][32.406s][info][gc,heap     ] GC(38)      Live:         -                99M (10%)          99M (10%)          99M (10%)            -                  -          
[2026-04-03T02:21:21.398+0600][32.406s][info][gc,heap     ] GC(38) Allocated:         -                32M (3%)           56M (6%)           55M (6%)             -                  -          
[2026-04-03T02:21:21.398+0600][32.406s][info][gc,heap     ] GC(38)   Garbage:         -               148M (15%)          98M (10%)          26M (3%)             -                  -          
[2026-04-03T02:21:21.398+0600][32.406s][info][gc,heap     ] GC(38) Reclaimed:         -                  -                50M (5%)          121M (12%)            -                  -          
[2026-04-03T02:21:21.398+0600][32.406s][info][gc          ] GC(38) Garbage Collection (Allocation Rate) 248M(25%)->182M(18%)
[2026-04-03T02:21:21.696+0600][32.704s][info][gc,start    ] GC(39) Garbage Collection (Allocation Rate)
[2026-04-03T02:21:21.696+0600][32.704s][info][gc,task     ] GC(39) Using 3 workers
[2026-04-03T02:21:21.696+0600][32.704s][info][gc,phases   ] GC(39) Pause Mark Start 0.013ms
[2026-04-03T02:21:21.809+0600][32.817s][info][gc,phases   ] GC(39) Concurrent Mark 113.028ms
[2026-04-03T02:21:21.810+0600][32.818s][info][gc,phases   ] GC(39) Pause Mark End 0.037ms
[2026-04-03T02:21:21.810+0600][32.818s][info][gc,phases   ] GC(39) Concurrent Mark Free 0.003ms
[2026-04-03T02:21:21.832+0600][32.840s][info][gc,phases   ] GC(39) Concurrent Process Non-Strong References 22.145ms
[2026-04-03T02:21:21.832+0600][32.840s][info][gc,phases   ] GC(39) Concurrent Reset Relocation Set 0.063ms
[2026-04-03T02:21:21.836+0600][32.844s][info][gc,phases   ] GC(39) Concurrent Select Relocation Set 4.086ms
[2026-04-03T02:21:21.837+0600][32.845s][info][gc,phases   ] GC(39) Pause Relocate Start 0.015ms
[2026-04-03T02:21:21.842+0600][32.850s][info][gc,phases   ] GC(39) Concurrent Relocate 5.108ms
[2026-04-03T02:21:21.842+0600][32.850s][info][gc,load     ] GC(39) Load: 7.48/6.43/5.92
[2026-04-03T02:21:21.842+0600][32.850s][info][gc,mmu      ] GC(39) MMU: 2ms/91.9%, 5ms/96.7%, 10ms/98.2%, 20ms/99.1%, 50ms/99.6%, 100ms/99.8%
[2026-04-03T02:21:21.842+0600][32.850s][info][gc,marking  ] GC(39) Mark: 2 stripe(s), 2 proactive flush(es), 1 terminate flush(es), 0 completion(s), 0 continuation(s) 
[2026-04-03T02:21:21.842+0600][32.850s][info][gc,marking  ] GC(39) Mark Stack Usage: 32M
[2026-04-03T02:21:21.842+0600][32.850s][info][gc,nmethod  ] GC(39) NMethods: 13677 registered, 1068 unregistered
[2026-04-03T02:21:21.842+0600][32.850s][info][gc,metaspace] GC(39) Metaspace: 126M used, 128M committed, 1152M reserved
[2026-04-03T02:21:21.842+0600][32.850s][info][gc,ref      ] GC(39) Soft: 3385 encountered, 0 discovered, 0 enqueued
[2026-04-03T02:21:21.842+0600][32.850s][info][gc,ref      ] GC(39) Weak: 14629 encountered, 2683 discovered, 22 enqueued
[2026-04-03T02:21:21.842+0600][32.850s][info][gc,ref      ] GC(39) Final: 84 encountered, 0 discovered, 0 enqueued
[2026-04-03T02:21:21.842+0600][32.850s][info][gc,ref      ] GC(39) Phantom: 620 encountered, 447 discovered, 0 enqueued
[2026-04-03T02:21:21.842+0600][32.850s][info][gc,reloc    ] GC(39) Small Pages: 178 / 356M, Empty: 36M, Relocated: 6M, In-Place: 0
[2026-04-03T02:21:21.842+0600][32.850s][info][gc,reloc    ] GC(39) Medium Pages: 3 / 48M, Empty: 32M, Relocated: 0M, In-Place: 0
[2026-04-03T02:21:21.842+0600][32.850s][info][gc,reloc    ] GC(39) Large Pages: 4 / 22M, Empty: 18M, Relocated: 0M, In-Place: 0
[2026-04-03T02:21:21.842+0600][32.850s][info][gc,reloc    ] GC(39) Forwarding Usage: 2M
[2026-04-03T02:21:21.842+0600][32.850s][info][gc,heap     ] GC(39) Min Capacity: 8M(1%)
[2026-04-03T02:21:21.842+0600][32.850s][info][gc,heap     ] GC(39) Max Capacity: 1000M(100%)
[2026-04-03T02:21:21.842+0600][32.850s][info][gc,heap     ] GC(39) Soft Max Capacity: 1000M(100%)
[2026-04-03T02:21:21.842+0600][32.850s][info][gc,heap     ] GC(39)                Mark Start          Mark End        Relocate Start      Relocate End           High               Low         
[2026-04-03T02:21:21.842+0600][32.850s][info][gc,heap     ] GC(39)  Capacity:     1000M (100%)       1000M (100%)       1000M (100%)       1000M (100%)       1000M (100%)       1000M (100%)   
[2026-04-03T02:21:21.842+0600][32.850s][info][gc,heap     ] GC(39)      Free:      574M (57%)         446M (45%)         518M (52%)         730M (73%)         730M (73%)         432M (43%)    
[2026-04-03T02:21:21.842+0600][32.850s][info][gc,heap     ] GC(39)      Used:      426M (43%)         554M (55%)         482M (48%)         270M (27%)         568M (57%)         270M (27%)    
[2026-04-03T02:21:21.842+0600][32.850s][info][gc,heap     ] GC(39)      Live:         -               101M (10%)         101M (10%)         101M (10%)            -                  -          
[2026-04-03T02:21:21.842+0600][32.850s][info][gc,heap     ] GC(39) Allocated:         -               128M (13%)         142M (14%)         143M (14%)            -                  -          
[2026-04-03T02:21:21.842+0600][32.850s][info][gc,heap     ] GC(39)   Garbage:         -               324M (32%)         238M (24%)          24M (2%)             -                  -          
[2026-04-03T02:21:21.842+0600][32.850s][info][gc,heap     ] GC(39) Reclaimed:         -                  -                86M (9%)          299M (30%)            -                  -          
[2026-04-03T02:21:21.842+0600][32.850s][info][gc          ] GC(39) Garbage Collection (Allocation Rate) 426M(43%)->270M(27%)
[2026-04-03T02:21:21.896+0600][32.904s][info][gc,start    ] GC(40) Garbage Collection (Allocation Rate)
[2026-04-03T02:21:21.896+0600][32.904s][info][gc,task     ] GC(40) Using 3 workers
[2026-04-03T02:21:21.896+0600][32.904s][info][gc,phases   ] GC(40) Pause Mark Start 0.011ms
[2026-04-03T02:21:22.026+0600][33.034s][info][gc,phases   ] GC(40) Concurrent Mark 129.969ms
[2026-04-03T02:21:22.027+0600][33.035s][info][gc,phases   ] GC(40) Pause Mark End 0.063ms
[2026-04-03T02:21:22.027+0600][33.035s][info][gc,phases   ] GC(40) Concurrent Mark Free 0.002ms
[2026-04-03T02:21:22.063+0600][33.071s][info][gc,phases   ] GC(40) Concurrent Process Non-Strong References 35.628ms
[2026-04-03T02:21:22.063+0600][33.071s][info][gc,phases   ] GC(40) Concurrent Reset Relocation Set 0.018ms
[2026-04-03T02:21:22.071+0600][33.080s][info][gc,phases   ] GC(40) Concurrent Select Relocation Set 8.725ms
[2026-04-03T02:21:22.073+0600][33.081s][info][gc,phases   ] GC(40) Pause Relocate Start 0.059ms
[2026-04-03T02:21:22.085+0600][33.093s][info][gc,phases   ] GC(40) Concurrent Relocate 12.530ms
[2026-04-03T02:21:22.086+0600][33.094s][info][gc,load     ] GC(40) Load: 7.48/6.43/5.92
[2026-04-03T02:21:22.086+0600][33.094s][info][gc,mmu      ] GC(40) MMU: 2ms/91.9%, 5ms/96.7%, 10ms/98.2%, 20ms/99.1%, 50ms/99.6%, 100ms/99.8%
[2026-04-03T02:21:22.086+0600][33.094s][info][gc,marking  ] GC(40) Mark: 2 stripe(s), 2 proactive flush(es), 1 terminate flush(es), 0 completion(s), 0 continuation(s) 
[2026-04-03T02:21:22.086+0600][33.094s][info][gc,marking  ] GC(40) Mark Stack Usage: 32M
[2026-04-03T02:21:22.086+0600][33.094s][info][gc,nmethod  ] GC(40) NMethods: 13700 registered, 1082 unregistered
[2026-04-03T02:21:22.086+0600][33.094s][info][gc,metaspace] GC(40) Metaspace: 126M used, 128M committed, 1152M reserved
[2026-04-03T02:21:22.086+0600][33.094s][info][gc,ref      ] GC(40) Soft: 3385 encountered, 0 discovered, 0 enqueued
[2026-04-03T02:21:22.086+0600][33.094s][info][gc,ref      ] GC(40) Weak: 14905 encountered, 4048 discovered, 8 enqueued
[2026-04-03T02:21:22.086+0600][33.094s][info][gc,ref      ] GC(40) Final: 84 encountered, 0 discovered, 0 enqueued
[2026-04-03T02:21:22.086+0600][33.094s][info][gc,ref      ] GC(40) Phantom: 620 encountered, 508 discovered, 0 enqueued
[2026-04-03T02:21:22.086+0600][33.094s][info][gc,reloc    ] GC(40) Small Pages: 128 / 256M, Empty: 50M, Relocated: 6M, In-Place: 0
[2026-04-03T02:21:22.086+0600][33.094s][info][gc,reloc    ] GC(40) Medium Pages: 4 / 64M, Empty: 48M, Relocated: 0M, In-Place: 0
[2026-04-03T02:21:22.086+0600][33.094s][info][gc,reloc    ] GC(40) Large Pages: 5 / 28M, Empty: 24M, Relocated: 0M, In-Place: 0
[2026-04-03T02:21:22.086+0600][33.094s][info][gc,reloc    ] GC(40) Forwarding Usage: 1M
[2026-04-03T02:21:22.086+0600][33.094s][info][gc,heap     ] GC(40) Min Capacity: 8M(1%)
[2026-04-03T02:21:22.086+0600][33.094s][info][gc,heap     ] GC(40) Max Capacity: 1000M(100%)
[2026-04-03T02:21:22.086+0600][33.094s][info][gc,heap     ] GC(40) Soft Max Capacity: 1000M(100%)
[2026-04-03T02:21:22.086+0600][33.094s][info][gc,heap     ] GC(40)                Mark Start          Mark End        Relocate Start      Relocate End           High               Low         
[2026-04-03T02:21:22.086+0600][33.094s][info][gc,heap     ] GC(40)  Capacity:     1000M (100%)       1000M (100%)       1000M (100%)       1000M (100%)       1000M (100%)       1000M (100%)   
[2026-04-03T02:21:22.086+0600][33.094s][info][gc,heap     ] GC(40)      Free:      652M (65%)         534M (53%)         632M (63%)         730M (73%)         730M (73%)         512M (51%)    
[2026-04-03T02:21:22.086+0600][33.094s][info][gc,heap     ] GC(40)      Used:      348M (35%)         466M (47%)         368M (37%)         270M (27%)         488M (49%)         270M (27%)    
[2026-04-03T02:21:22.086+0600][33.094s][info][gc,heap     ] GC(40)      Live:         -               101M (10%)         101M (10%)         101M (10%)            -                  -          
[2026-04-03T02:21:22.086+0600][33.094s][info][gc,heap     ] GC(40) Allocated:         -               118M (12%)         142M (14%)         141M (14%)            -                  -          
[2026-04-03T02:21:22.086+0600][33.094s][info][gc,heap     ] GC(40)   Garbage:         -               246M (25%)         124M (12%)          26M (3%)             -                  -          
[2026-04-03T02:21:22.086+0600][33.094s][info][gc,heap     ] GC(40) Reclaimed:         -                  -               122M (12%)         219M (22%)            -                  -          
[2026-04-03T02:21:22.086+0600][33.094s][info][gc          ] GC(40) Garbage Collection (Allocation Rate) 348M(35%)->270M(27%)
[2026-04-03T02:21:22.096+0600][33.104s][info][gc,start    ] GC(41) Garbage Collection (Allocation Rate)
[2026-04-03T02:21:22.096+0600][33.104s][info][gc,task     ] GC(41) Using 3 workers
[2026-04-03T02:21:22.097+0600][33.105s][info][gc,phases   ] GC(41) Pause Mark Start 0.054ms
[2026-04-03T02:21:22.222+0600][33.230s][info][gc,phases   ] GC(41) Concurrent Mark 124.970ms
[2026-04-03T02:21:22.222+0600][33.230s][info][gc,phases   ] GC(41) Pause Mark End 0.035ms
[2026-04-03T02:21:22.222+0600][33.230s][info][gc,phases   ] GC(41) Concurrent Mark Free 0.002ms
[2026-04-03T02:21:22.245+0600][33.253s][info][gc,phases   ] GC(41) Concurrent Process Non-Strong References 22.467ms
[2026-04-03T02:21:22.245+0600][33.253s][info][gc,phases   ] GC(41) Concurrent Reset Relocation Set 0.006ms
[2026-04-03T02:21:22.249+0600][33.257s][info][gc,phases   ] GC(41) Concurrent Select Relocation Set 3.895ms
[2026-04-03T02:21:22.249+0600][33.257s][info][gc,phases   ] GC(41) Pause Relocate Start 0.018ms
[2026-04-03T02:21:22.255+0600][33.263s][info][gc,phases   ] GC(41) Concurrent Relocate 5.498ms
[2026-04-03T02:21:22.255+0600][33.263s][info][gc,load     ] GC(41) Load: 7.48/6.43/5.92
[2026-04-03T02:21:22.255+0600][33.263s][info][gc,mmu      ] GC(41) MMU: 2ms/91.9%, 5ms/96.7%, 10ms/98.2%, 20ms/99.1%, 50ms/99.6%, 100ms/99.8%
[2026-04-03T02:21:22.255+0600][33.263s][info][gc,marking  ] GC(41) Mark: 2 stripe(s), 2 proactive flush(es), 1 terminate flush(es), 0 completion(s), 0 continuation(s) 
[2026-04-03T02:21:22.255+0600][33.263s][info][gc,marking  ] GC(41) Mark Stack Usage: 32M
[2026-04-03T02:21:22.255+0600][33.263s][info][gc,nmethod  ] GC(41) NMethods: 13708 registered, 1095 unregistered
[2026-04-03T02:21:22.255+0600][33.263s][info][gc,metaspace] GC(41) Metaspace: 126M used, 128M committed, 1152M reserved
[2026-04-03T02:21:22.255+0600][33.263s][info][gc,ref      ] GC(41) Soft: 3385 encountered, 0 discovered, 0 enqueued
[2026-04-03T02:21:22.255+0600][33.263s][info][gc,ref      ] GC(41) Weak: 15028 encountered, 4707 discovered, 7 enqueued
[2026-04-03T02:21:22.255+0600][33.263s][info][gc,ref      ] GC(41) Final: 84 encountered, 0 discovered, 0 enqueued
[2026-04-03T02:21:22.255+0600][33.263s][info][gc,ref      ] GC(41) Phantom: 620 encountered, 462 discovered, 0 enqueued
[2026-04-03T02:21:22.255+0600][33.263s][info][gc,reloc    ] GC(41) Small Pages: 104 / 208M, Empty: 20M, Relocated: 6M, In-Place: 0
[2026-04-03T02:21:22.255+0600][33.263s][info][gc,reloc    ] GC(41) Medium Pages: 3 / 48M, Empty: 32M, Relocated: 0M, In-Place: 0
[2026-04-03T02:21:22.255+0600][33.263s][info][gc,reloc    ] GC(41) Large Pages: 3 / 16M, Empty: 12M, Relocated: 0M, In-Place: 0
[2026-04-03T02:21:22.255+0600][33.263s][info][gc,reloc    ] GC(41) Forwarding Usage: 1M
[2026-04-03T02:21:22.255+0600][33.263s][info][gc,heap     ] GC(41) Min Capacity: 8M(1%)
[2026-04-03T02:21:22.255+0600][33.263s][info][gc,heap     ] GC(41) Max Capacity: 1000M(100%)
[2026-04-03T02:21:22.255+0600][33.263s][info][gc,heap     ] GC(41) Soft Max Capacity: 1000M(100%)
[2026-04-03T02:21:22.255+0600][33.263s][info][gc,heap     ] GC(41)                Mark Start          Mark End        Relocate Start      Relocate End           High               Low         
[2026-04-03T02:21:22.255+0600][33.263s][info][gc,heap     ] GC(41)  Capacity:     1000M (100%)       1000M (100%)       1000M (100%)       1000M (100%)       1000M (100%)       1000M (100%)   
[2026-04-03T02:21:22.255+0600][33.263s][info][gc,heap     ] GC(41)      Free:      728M (73%)         622M (62%)         650M (65%)         720M (72%)         728M (73%)         586M (59%)    
[2026-04-03T02:21:22.255+0600][33.263s][info][gc,heap     ] GC(41)      Used:      272M (27%)         378M (38%)         350M (35%)         280M (28%)         414M (41%)         272M (27%)    
[2026-04-03T02:21:22.255+0600][33.263s][info][gc,heap     ] GC(41)      Live:         -               103M (10%)         103M (10%)         103M (10%)            -                  -          
[2026-04-03T02:21:22.255+0600][33.263s][info][gc,heap     ] GC(41) Allocated:         -               106M (11%)         142M (14%)         149M (15%)            -                  -          
[2026-04-03T02:21:22.255+0600][33.264s][info][gc,heap     ] GC(41)   Garbage:         -               168M (17%)         104M (10%)          26M (3%)             -                  -          
[2026-04-03T02:21:22.255+0600][33.264s][info][gc,heap     ] GC(41) Reclaimed:         -                  -                64M (6%)          141M (14%)            -                  -          
[2026-04-03T02:21:22.255+0600][33.264s][info][gc          ] GC(41) Garbage Collection (Allocation Rate) 272M(27%)->280M(28%)
[2026-04-03T02:21:22.295+0600][33.303s][info][gc,start    ] GC(42) Garbage Collection (Allocation Rate)
[2026-04-03T02:21:22.295+0600][33.303s][info][gc,task     ] GC(42) Using 3 workers
[2026-04-03T02:21:22.296+0600][33.304s][info][gc,phases   ] GC(42) Pause Mark Start 0.011ms
[2026-04-03T02:21:22.423+0600][33.431s][info][gc,phases   ] GC(42) Concurrent Mark 127.252ms
[2026-04-03T02:21:22.423+0600][33.431s][info][gc,phases   ] GC(42) Pause Mark End 0.048ms
[2026-04-03T02:21:22.423+0600][33.432s][info][gc,phases   ] GC(42) Concurrent Mark Free 0.005ms
[2026-04-03T02:21:22.445+0600][33.453s][info][gc,phases   ] GC(42) Concurrent Process Non-Strong References 21.093ms
[2026-04-03T02:21:22.445+0600][33.453s][info][gc,phases   ] GC(42) Concurrent Reset Relocation Set 0.008ms
[2026-04-03T02:21:22.450+0600][33.458s][info][gc,phases   ] GC(42) Concurrent Select Relocation Set 4.733ms
[2026-04-03T02:21:22.450+0600][33.458s][info][gc,phases   ] GC(42) Pause Relocate Start 0.016ms
[2026-04-03T02:21:22.455+0600][33.463s][info][gc,phases   ] GC(42) Concurrent Relocate 5.012ms
[2026-04-03T02:21:22.455+0600][33.463s][info][gc,load     ] GC(42) Load: 7.48/6.43/5.92
[2026-04-03T02:21:22.455+0600][33.463s][info][gc,mmu      ] GC(42) MMU: 2ms/91.9%, 5ms/96.7%, 10ms/98.2%, 20ms/99.1%, 50ms/99.6%, 100ms/99.8%
[2026-04-03T02:21:22.455+0600][33.463s][info][gc,marking  ] GC(42) Mark: 2 stripe(s), 2 proactive flush(es), 1 terminate flush(es), 0 completion(s), 0 continuation(s) 
[2026-04-03T02:21:22.455+0600][33.463s][info][gc,marking  ] GC(42) Mark Stack Usage: 32M
[2026-04-03T02:21:22.455+0600][33.463s][info][gc,nmethod  ] GC(42) NMethods: 13717 registered, 1102 unregistered
[2026-04-03T02:21:22.455+0600][33.463s][info][gc,metaspace] GC(42) Metaspace: 126M used, 128M committed, 1152M reserved
[2026-04-03T02:21:22.455+0600][33.463s][info][gc,ref      ] GC(42) Soft: 3377 encountered, 0 discovered, 0 enqueued
[2026-04-03T02:21:22.455+0600][33.463s][info][gc,ref      ] GC(42) Weak: 15315 encountered, 5226 discovered, 6 enqueued
[2026-04-03T02:21:22.455+0600][33.464s][info][gc,ref      ] GC(42) Final: 84 encountered, 0 discovered, 0 enqueued
[2026-04-03T02:21:22.455+0600][33.464s][info][gc,ref      ] GC(42) Phantom: 620 encountered, 454 discovered, 0 enqueued
[2026-04-03T02:21:22.455+0600][33.464s][info][gc,reloc    ] GC(42) Small Pages: 125 / 250M, Empty: 30M, Relocated: 5M, In-Place: 0
[2026-04-03T02:21:22.455+0600][33.464s][info][gc,reloc    ] GC(42) Medium Pages: 4 / 64M, Empty: 48M, Relocated: 0M, In-Place: 0
[2026-04-03T02:21:22.455+0600][33.464s][info][gc,reloc    ] GC(42) Large Pages: 4 / 22M, Empty: 18M, Relocated: 0M, In-Place: 0
[2026-04-03T02:21:22.456+0600][33.464s][info][gc,reloc    ] GC(42) Forwarding Usage: 1M
[2026-04-03T02:21:22.456+0600][33.464s][info][gc,heap     ] GC(42) Min Capacity: 8M(1%)
[2026-04-03T02:21:22.456+0600][33.464s][info][gc,heap     ] GC(42) Max Capacity: 1000M(100%)
[2026-04-03T02:21:22.456+0600][33.464s][info][gc,heap     ] GC(42) Soft Max Capacity: 1000M(100%)
[2026-04-03T02:21:22.456+0600][33.464s][info][gc,heap     ] GC(42)                Mark Start          Mark End        Relocate Start      Relocate End           High               Low         
[2026-04-03T02:21:22.456+0600][33.464s][info][gc,heap     ] GC(42)  Capacity:     1000M (100%)       1000M (100%)       1000M (100%)       1000M (100%)       1000M (100%)       1000M (100%)   
[2026-04-03T02:21:22.456+0600][33.464s][info][gc,heap     ] GC(42)      Free:      664M (66%)         554M (55%)         608M (61%)         724M (72%)         724M (72%)         512M (51%)    
[2026-04-03T02:21:22.456+0600][33.464s][info][gc,heap     ] GC(42)      Used:      336M (34%)         446M (45%)         392M (39%)         276M (28%)         488M (49%)         276M (28%)    
[2026-04-03T02:21:22.456+0600][33.464s][info][gc,heap     ] GC(42)      Live:         -               100M (10%)         100M (10%)         100M (10%)            -                  -          
[2026-04-03T02:21:22.456+0600][33.464s][info][gc,heap     ] GC(42) Allocated:         -               110M (11%)         152M (15%)         151M (15%)            -                  -          
[2026-04-03T02:21:22.456+0600][33.464s][info][gc,heap     ] GC(42)   Garbage:         -               235M (24%)         139M (14%)          23M (2%)             -                  -          
[2026-04-03T02:21:22.456+0600][33.464s][info][gc,heap     ] GC(42) Reclaimed:         -                  -                96M (10%)         211M (21%)            -                  -          
[2026-04-03T02:21:22.456+0600][33.464s][info][gc          ] GC(42) Garbage Collection (Allocation Rate) 336M(34%)->276M(28%)
[2026-04-03T02:21:22.696+0600][33.704s][info][gc,start    ] GC(43) Garbage Collection (Allocation Rate)
[2026-04-03T02:21:22.696+0600][33.704s][info][gc,task     ] GC(43) Using 3 workers
[2026-04-03T02:21:22.696+0600][33.705s][info][gc,phases   ] GC(43) Pause Mark Start 0.016ms
[2026-04-03T02:21:22.810+0600][33.818s][info][gc,phases   ] GC(43) Concurrent Mark 113.489ms
[2026-04-03T02:21:22.810+0600][33.818s][info][gc,phases   ] GC(43) Pause Mark End 0.045ms
[2026-04-03T02:21:22.811+0600][33.819s][info][gc,phases   ] GC(43) Concurrent Mark Free 0.003ms
[2026-04-03T02:21:22.831+0600][33.839s][info][gc,phases   ] GC(43) Concurrent Process Non-Strong References 20.023ms
[2026-04-03T02:21:22.831+0600][33.839s][info][gc,phases   ] GC(43) Concurrent Reset Relocation Set 0.011ms
[2026-04-03T02:21:22.834+0600][33.842s][info][gc,phases   ] GC(43) Concurrent Select Relocation Set 3.263ms
[2026-04-03T02:21:22.834+0600][33.842s][info][gc,phases   ] GC(43) Pause Relocate Start 0.015ms
[2026-04-03T02:21:22.838+0600][33.846s][info][gc,phases   ] GC(43) Concurrent Relocate 3.703ms
[2026-04-03T02:21:22.838+0600][33.846s][info][gc,load     ] GC(43) Load: 7.48/6.43/5.92
[2026-04-03T02:21:22.838+0600][33.846s][info][gc,mmu      ] GC(43) MMU: 2ms/91.9%, 5ms/96.7%, 10ms/98.2%, 20ms/99.1%, 50ms/99.6%, 100ms/99.8%
[2026-04-03T02:21:22.838+0600][33.846s][info][gc,marking  ] GC(43) Mark: 2 stripe(s), 2 proactive flush(es), 1 terminate flush(es), 0 completion(s), 0 continuation(s) 
[2026-04-03T02:21:22.838+0600][33.846s][info][gc,marking  ] GC(43) Mark Stack Usage: 32M
[2026-04-03T02:21:22.838+0600][33.846s][info][gc,nmethod  ] GC(43) NMethods: 13768 registered, 1130 unregistered
[2026-04-03T02:21:22.838+0600][33.846s][info][gc,metaspace] GC(43) Metaspace: 126M used, 128M committed, 1152M reserved
[2026-04-03T02:21:22.838+0600][33.846s][info][gc,ref      ] GC(43) Soft: 3385 encountered, 0 discovered, 0 enqueued
[2026-04-03T02:21:22.838+0600][33.846s][info][gc,ref      ] GC(43) Weak: 15883 encountered, 2393 discovered, 14 enqueued
[2026-04-03T02:21:22.838+0600][33.846s][info][gc,ref      ] GC(43) Final: 84 encountered, 0 discovered, 0 enqueued
[2026-04-03T02:21:22.838+0600][33.846s][info][gc,ref      ] GC(43) Phantom: 620 encountered, 364 discovered, 0 enqueued
[2026-04-03T02:21:22.838+0600][33.846s][info][gc,reloc    ] GC(43) Small Pages: 217 / 434M, Empty: 98M, Relocated: 4M, In-Place: 0
[2026-04-03T02:21:22.838+0600][33.846s][info][gc,reloc    ] GC(43) Medium Pages: 6 / 96M, Empty: 80M, Relocated: 0M, In-Place: 0
[2026-04-03T02:21:22.838+0600][33.846s][info][gc,reloc    ] GC(43) Large Pages: 10 / 58M, Empty: 54M, Relocated: 0M, In-Place: 0
[2026-04-03T02:21:22.838+0600][33.846s][info][gc,reloc    ] GC(43) Forwarding Usage: 1M
[2026-04-03T02:21:22.838+0600][33.846s][info][gc,heap     ] GC(43) Min Capacity: 8M(1%)
[2026-04-03T02:21:22.838+0600][33.847s][info][gc,heap     ] GC(43) Max Capacity: 1000M(100%)
[2026-04-03T02:21:22.838+0600][33.847s][info][gc,heap     ] GC(43) Soft Max Capacity: 1000M(100%)
[2026-04-03T02:21:22.838+0600][33.847s][info][gc,heap     ] GC(43)                Mark Start          Mark End        Relocate Start      Relocate End           High               Low         
[2026-04-03T02:21:22.838+0600][33.847s][info][gc,heap     ] GC(43)  Capacity:     1000M (100%)       1000M (100%)       1000M (100%)       1000M (100%)       1000M (100%)       1000M (100%)   
[2026-04-03T02:21:22.839+0600][33.847s][info][gc,heap     ] GC(43)      Free:      412M (41%)         318M (32%)         536M (54%)         760M (76%)         760M (76%)         304M (30%)    
[2026-04-03T02:21:22.839+0600][33.847s][info][gc,heap     ] GC(43)      Used:      588M (59%)         682M (68%)         464M (46%)         240M (24%)         696M (70%)         240M (24%)    
[2026-04-03T02:21:22.839+0600][33.847s][info][gc,heap     ] GC(43)      Live:         -               103M (10%)         103M (10%)         103M (10%)            -                  -          
[2026-04-03T02:21:22.839+0600][33.847s][info][gc,heap     ] GC(43) Allocated:         -                94M (9%)          108M (11%)         109M (11%)            -                  -          
[2026-04-03T02:21:22.839+0600][33.847s][info][gc,heap     ] GC(43)   Garbage:         -               484M (48%)         252M (25%)          26M (3%)             -                  -          
[2026-04-03T02:21:22.839+0600][33.847s][info][gc,heap     ] GC(43) Reclaimed:         -                  -               232M (23%)         457M (46%)            -                  -          
[2026-04-03T02:21:22.839+0600][33.847s][info][gc          ] GC(43) Garbage Collection (Allocation Rate) 588M(59%)->240M(24%)
[2026-04-03T02:21:23.196+0600][34.204s][info][gc,start    ] GC(44) Garbage Collection (Allocation Rate)
[2026-04-03T02:21:23.196+0600][34.204s][info][gc,task     ] GC(44) Using 2 workers
[2026-04-03T02:21:23.196+0600][34.204s][info][gc,phases   ] GC(44) Pause Mark Start 0.015ms
[2026-04-03T02:21:23.344+0600][34.352s][info][gc,phases   ] GC(44) Concurrent Mark 147.664ms
[2026-04-03T02:21:23.344+0600][34.352s][info][gc,phases   ] GC(44) Pause Mark End 0.042ms
[2026-04-03T02:21:23.344+0600][34.352s][info][gc,phases   ] GC(44) Concurrent Mark Free 0.003ms
[2026-04-03T02:21:23.372+0600][34.381s][info][gc,phases   ] GC(44) Concurrent Process Non-Strong References 28.089ms
[2026-04-03T02:21:23.373+0600][34.381s][info][gc,phases   ] GC(44) Concurrent Reset Relocation Set 0.018ms
[2026-04-03T02:21:23.378+0600][34.386s][info][gc,phases   ] GC(44) Concurrent Select Relocation Set 4.993ms
[2026-04-03T02:21:23.378+0600][34.386s][info][gc,phases   ] GC(44) Pause Relocate Start 0.020ms
[2026-04-03T02:21:23.383+0600][34.392s][info][gc,phases   ] GC(44) Concurrent Relocate 4.957ms
[2026-04-03T02:21:23.384+0600][34.392s][info][gc,load     ] GC(44) Load: 7.48/6.43/5.92
[2026-04-03T02:21:23.384+0600][34.392s][info][gc,mmu      ] GC(44) MMU: 2ms/91.9%, 5ms/96.7%, 10ms/98.2%, 20ms/99.1%, 50ms/99.6%, 100ms/99.8%
[2026-04-03T02:21:23.384+0600][34.392s][info][gc,marking  ] GC(44) Mark: 2 stripe(s), 2 proactive flush(es), 1 terminate flush(es), 0 completion(s), 0 continuation(s) 
[2026-04-03T02:21:23.384+0600][34.392s][info][gc,marking  ] GC(44) Mark Stack Usage: 32M
[2026-04-03T02:21:23.384+0600][34.392s][info][gc,nmethod  ] GC(44) NMethods: 13808 registered, 1157 unregistered
[2026-04-03T02:21:23.384+0600][34.392s][info][gc,metaspace] GC(44) Metaspace: 126M used, 128M committed, 1152M reserved
[2026-04-03T02:21:23.384+0600][34.392s][info][gc,ref      ] GC(44) Soft: 3380 encountered, 0 discovered, 0 enqueued
[2026-04-03T02:21:23.384+0600][34.392s][info][gc,ref      ] GC(44) Weak: 16152 encountered, 6224 discovered, 1607 enqueued
[2026-04-03T02:21:23.384+0600][34.392s][info][gc,ref      ] GC(44) Final: 84 encountered, 0 discovered, 0 enqueued
[2026-04-03T02:21:23.384+0600][34.392s][info][gc,ref      ] GC(44) Phantom: 620 encountered, 596 discovered, 0 enqueued
[2026-04-03T02:21:23.384+0600][34.392s][info][gc,reloc    ] GC(44) Small Pages: 215 / 430M, Empty: 34M, Relocated: 3M, In-Place: 0
[2026-04-03T02:21:23.384+0600][34.392s][info][gc,reloc    ] GC(44) Medium Pages: 3 / 48M, Empty: 32M, Relocated: 0M, In-Place: 0
[2026-04-03T02:21:23.384+0600][34.392s][info][gc,reloc    ] GC(44) Large Pages: 6 / 34M, Empty: 30M, Relocated: 0M, In-Place: 0
[2026-04-03T02:21:23.384+0600][34.392s][info][gc,reloc    ] GC(44) Forwarding Usage: 0M
[2026-04-03T02:21:23.384+0600][34.392s][info][gc,heap     ] GC(44) Min Capacity: 8M(1%)
[2026-04-03T02:21:23.384+0600][34.392s][info][gc,heap     ] GC(44) Max Capacity: 1000M(100%)
[2026-04-03T02:21:23.384+0600][34.392s][info][gc,heap     ] GC(44) Soft Max Capacity: 1000M(100%)
[2026-04-03T02:21:23.384+0600][34.392s][info][gc,heap     ] GC(44)                Mark Start          Mark End        Relocate Start      Relocate End           High               Low         
[2026-04-03T02:21:23.384+0600][34.392s][info][gc,heap     ] GC(44)  Capacity:     1000M (100%)       1000M (100%)       1000M (100%)       1000M (100%)       1000M (100%)       1000M (100%)   
[2026-04-03T02:21:23.384+0600][34.392s][info][gc,heap     ] GC(44)      Free:      488M (49%)         334M (33%)         402M (40%)         688M (69%)         690M (69%)         308M (31%)    
[2026-04-03T02:21:23.384+0600][34.392s][info][gc,heap     ] GC(44)      Used:      512M (51%)         666M (67%)         598M (60%)         312M (31%)         692M (69%)         310M (31%)    
[2026-04-03T02:21:23.384+0600][34.392s][info][gc,heap     ] GC(44)      Live:         -               100M (10%)         100M (10%)         100M (10%)            -                  -          
[2026-04-03T02:21:23.384+0600][34.392s][info][gc,heap     ] GC(44) Allocated:         -               154M (15%)         182M (18%)         183M (18%)            -                  -          
[2026-04-03T02:21:23.384+0600][34.392s][info][gc,heap     ] GC(44)   Garbage:         -               411M (41%)         315M (32%)          27M (3%)             -                  -          
[2026-04-03T02:21:23.384+0600][34.392s][info][gc,heap     ] GC(44) Reclaimed:         -                  -                96M (10%)         383M (38%)            -                  -          
[2026-04-03T02:21:23.384+0600][34.392s][info][gc          ] GC(44) Garbage Collection (Allocation Rate) 512M(51%)->312M(31%)
[2026-04-03T02:21:23.695+0600][34.703s][info][gc,start    ] GC(45) Garbage Collection (Allocation Rate)
[2026-04-03T02:21:23.695+0600][34.703s][info][gc,task     ] GC(45) Using 2 workers
[2026-04-03T02:21:23.696+0600][34.704s][info][gc,phases   ] GC(45) Pause Mark Start 0.038ms
[2026-04-03T02:21:23.869+0600][34.877s][info][gc,phases   ] GC(45) Concurrent Mark 173.346ms
[2026-04-03T02:21:23.870+0600][34.878s][info][gc,phases   ] GC(45) Pause Mark End 0.054ms
[2026-04-03T02:21:23.870+0600][34.878s][info][gc,phases   ] GC(45) Concurrent Mark Free 0.003ms
[2026-04-03T02:21:23.897+0600][34.905s][info][gc,phases   ] GC(45) Concurrent Process Non-Strong References 27.249ms
[2026-04-03T02:21:23.897+0600][34.905s][info][gc,phases   ] GC(45) Concurrent Reset Relocation Set 0.011ms
[2026-04-03T02:21:23.900+0600][34.908s][info][gc,phases   ] GC(45) Concurrent Select Relocation Set 3.055ms
[2026-04-03T02:21:23.901+0600][34.909s][info][gc,phases   ] GC(45) Pause Relocate Start 0.017ms
[2026-04-03T02:21:23.905+0600][34.913s][info][gc,phases   ] GC(45) Concurrent Relocate 4.714ms
[2026-04-03T02:21:23.906+0600][34.914s][info][gc,load     ] GC(45) Load: 7.48/6.43/5.92
[2026-04-03T02:21:23.906+0600][34.914s][info][gc,mmu      ] GC(45) MMU: 2ms/91.9%, 5ms/96.7%, 10ms/98.2%, 20ms/99.1%, 50ms/99.6%, 100ms/99.8%
[2026-04-03T02:21:23.906+0600][34.914s][info][gc,marking  ] GC(45) Mark: 2 stripe(s), 2 proactive flush(es), 1 terminate flush(es), 0 completion(s), 0 continuation(s) 
[2026-04-03T02:21:23.906+0600][34.914s][info][gc,marking  ] GC(45) Mark Stack Usage: 32M
[2026-04-03T02:21:23.906+0600][34.914s][info][gc,nmethod  ] GC(45) NMethods: 13819 registered, 1193 unregistered
[2026-04-03T02:21:23.906+0600][34.914s][info][gc,metaspace] GC(45) Metaspace: 126M used, 128M committed, 1152M reserved
[2026-04-03T02:21:23.906+0600][34.914s][info][gc,ref      ] GC(45) Soft: 3384 encountered, 0 discovered, 0 enqueued
[2026-04-03T02:21:23.906+0600][34.914s][info][gc,ref      ] GC(45) Weak: 15343 encountered, 3455 discovered, 16 enqueued
[2026-04-03T02:21:23.906+0600][34.914s][info][gc,ref      ] GC(45) Final: 84 encountered, 0 discovered, 0 enqueued
[2026-04-03T02:21:23.906+0600][34.914s][info][gc,ref      ] GC(45) Phantom: 620 encountered, 424 discovered, 0 enqueued
[2026-04-03T02:21:23.906+0600][34.914s][info][gc,reloc    ] GC(45) Small Pages: 251 / 502M, Empty: 142M, Relocated: 6M, In-Place: 0
[2026-04-03T02:21:23.906+0600][34.914s][info][gc,reloc    ] GC(45) Medium Pages: 7 / 112M, Empty: 96M, Relocated: 0M, In-Place: 0
[2026-04-03T02:21:23.906+0600][34.914s][info][gc,reloc    ] GC(45) Large Pages: 12 / 70M, Empty: 66M, Relocated: 0M, In-Place: 0
[2026-04-03T02:21:23.906+0600][34.914s][info][gc,reloc    ] GC(45) Forwarding Usage: 1M
[2026-04-03T02:21:23.906+0600][34.914s][info][gc,heap     ] GC(45) Min Capacity: 8M(1%)
[2026-04-03T02:21:23.906+0600][34.914s][info][gc,heap     ] GC(45) Max Capacity: 1000M(100%)
[2026-04-03T02:21:23.906+0600][34.914s][info][gc,heap     ] GC(45) Soft Max Capacity: 1000M(100%)
[2026-04-03T02:21:23.906+0600][34.914s][info][gc,heap     ] GC(45)                Mark Start          Mark End        Relocate Start      Relocate End           High               Low         
[2026-04-03T02:21:23.906+0600][34.914s][info][gc,heap     ] GC(45)  Capacity:     1000M (100%)       1000M (100%)       1000M (100%)       1000M (100%)       1000M (100%)       1000M (100%)   
[2026-04-03T02:21:23.906+0600][34.914s][info][gc,heap     ] GC(45)      Free:      316M (32%)         142M (14%)         408M (41%)         654M (65%)         654M (65%)         110M (11%)    
[2026-04-03T02:21:23.906+0600][34.914s][info][gc,heap     ] GC(45)      Used:      684M (68%)         858M (86%)         592M (59%)         346M (35%)         890M (89%)         346M (35%)    
[2026-04-03T02:21:23.906+0600][34.914s][info][gc,heap     ] GC(45)      Live:         -               104M (10%)         104M (10%)         104M (10%)            -                  -          
[2026-04-03T02:21:23.906+0600][34.914s][info][gc,heap     ] GC(45) Allocated:         -               174M (17%)         212M (21%)         215M (22%)            -                  -          
[2026-04-03T02:21:23.906+0600][34.914s][info][gc,heap     ] GC(45)   Garbage:         -               579M (58%)         275M (28%)          25M (3%)             -                  -          
[2026-04-03T02:21:23.906+0600][34.914s][info][gc,heap     ] GC(45) Reclaimed:         -                  -               304M (30%)         553M (55%)            -                  -          
[2026-04-03T02:21:23.906+0600][34.914s][info][gc          ] GC(45) Garbage Collection (Allocation Rate) 684M(68%)->346M(35%)
[2026-04-03T02:21:24.096+0600][35.104s][info][gc,start    ] GC(46) Garbage Collection (Allocation Rate)
[2026-04-03T02:21:24.096+0600][35.104s][info][gc,task     ] GC(46) Using 2 workers
[2026-04-03T02:21:24.096+0600][35.104s][info][gc,phases   ] GC(46) Pause Mark Start 0.011ms
[2026-04-03T02:21:24.238+0600][35.246s][info][gc,phases   ] GC(46) Concurrent Mark 141.348ms
[2026-04-03T02:21:24.238+0600][35.246s][info][gc,phases   ] GC(46) Pause Mark End 0.056ms
[2026-04-03T02:21:24.238+0600][35.246s][info][gc,phases   ] GC(46) Concurrent Mark Free 0.003ms
[2026-04-03T02:21:24.263+0600][35.271s][info][gc,phases   ] GC(46) Concurrent Process Non-Strong References 24.241ms
[2026-04-03T02:21:24.263+0600][35.271s][info][gc,phases   ] GC(46) Concurrent Reset Relocation Set 0.016ms
[2026-04-03T02:21:24.269+0600][35.277s][info][gc,phases   ] GC(46) Concurrent Select Relocation Set 6.268ms
[2026-04-03T02:21:24.269+0600][35.278s][info][gc,phases   ] GC(46) Pause Relocate Start 0.029ms
[2026-04-03T02:21:24.279+0600][35.287s][info][gc,phases   ] GC(46) Concurrent Relocate 9.802ms
[2026-04-03T02:21:24.280+0600][35.288s][info][gc,load     ] GC(46) Load: 7.48/6.43/5.92
[2026-04-03T02:21:24.280+0600][35.288s][info][gc,mmu      ] GC(46) MMU: 2ms/91.9%, 5ms/96.7%, 10ms/98.2%, 20ms/99.1%, 50ms/99.6%, 100ms/99.8%
[2026-04-03T02:21:24.280+0600][35.288s][info][gc,marking  ] GC(46) Mark: 2 stripe(s), 2 proactive flush(es), 1 terminate flush(es), 0 completion(s), 0 continuation(s) 
[2026-04-03T02:21:24.280+0600][35.288s][info][gc,marking  ] GC(46) Mark Stack Usage: 32M
[2026-04-03T02:21:24.280+0600][35.288s][info][gc,nmethod  ] GC(46) NMethods: 13832 registered, 1212 unregistered
[2026-04-03T02:21:24.280+0600][35.288s][info][gc,metaspace] GC(46) Metaspace: 126M used, 128M committed, 1152M reserved
[2026-04-03T02:21:24.280+0600][35.288s][info][gc,ref      ] GC(46) Soft: 3385 encountered, 0 discovered, 0 enqueued
[2026-04-03T02:21:24.280+0600][35.288s][info][gc,ref      ] GC(46) Weak: 15908 encountered, 5793 discovered, 1424 enqueued
[2026-04-03T02:21:24.280+0600][35.288s][info][gc,ref      ] GC(46) Final: 84 encountered, 0 discovered, 0 enqueued
[2026-04-03T02:21:24.280+0600][35.288s][info][gc,ref      ] GC(46) Phantom: 620 encountered, 502 discovered, 0 enqueued
[2026-04-03T02:21:24.280+0600][35.288s][info][gc,reloc    ] GC(46) Small Pages: 211 / 422M, Empty: 98M, Relocated: 8M, In-Place: 0
[2026-04-03T02:21:24.280+0600][35.288s][info][gc,reloc    ] GC(46) Medium Pages: 6 / 96M, Empty: 80M, Relocated: 0M, In-Place: 0
[2026-04-03T02:21:24.280+0600][35.288s][info][gc,reloc    ] GC(46) Large Pages: 9 / 52M, Empty: 48M, Relocated: 0M, In-Place: 0
[2026-04-03T02:21:24.280+0600][35.288s][info][gc,reloc    ] GC(46) Forwarding Usage: 2M
[2026-04-03T02:21:24.280+0600][35.288s][info][gc,heap     ] GC(46) Min Capacity: 8M(1%)
[2026-04-03T02:21:24.280+0600][35.288s][info][gc,heap     ] GC(46) Max Capacity: 1000M(100%)
[2026-04-03T02:21:24.280+0600][35.288s][info][gc,heap     ] GC(46) Soft Max Capacity: 1000M(100%)
[2026-04-03T02:21:24.280+0600][35.288s][info][gc,heap     ] GC(46)                Mark Start          Mark End        Relocate Start      Relocate End           High               Low         
[2026-04-03T02:21:24.280+0600][35.288s][info][gc,heap     ] GC(46)  Capacity:     1000M (100%)       1000M (100%)       1000M (100%)       1000M (100%)       1000M (100%)       1000M (100%)   
[2026-04-03T02:21:24.280+0600][35.288s][info][gc,heap     ] GC(46)      Free:      430M (43%)         300M (30%)         506M (51%)         712M (71%)         714M (71%)         284M (28%)    
[2026-04-03T02:21:24.280+0600][35.288s][info][gc,heap     ] GC(46)      Used:      570M (57%)         700M (70%)         494M (49%)         288M (29%)         716M (72%)         286M (29%)    
[2026-04-03T02:21:24.280+0600][35.288s][info][gc,heap     ] GC(46)      Live:         -               103M (10%)         103M (10%)         103M (10%)            -                  -          
[2026-04-03T02:21:24.280+0600][35.288s][info][gc,heap     ] GC(46) Allocated:         -               130M (13%)         150M (15%)         159M (16%)            -                  -          
[2026-04-03T02:21:24.280+0600][35.288s][info][gc,heap     ] GC(46)   Garbage:         -               466M (47%)         240M (24%)          24M (2%)             -                  -          
[2026-04-03T02:21:24.280+0600][35.288s][info][gc,heap     ] GC(46) Reclaimed:         -                  -               226M (23%)         441M (44%)            -                  -          
[2026-04-03T02:21:24.280+0600][35.288s][info][gc          ] GC(46) Garbage Collection (Allocation Rate) 570M(57%)->288M(29%)
[2026-04-03T02:21:24.495+0600][35.504s][info][gc,start    ] GC(47) Garbage Collection (Allocation Rate)
[2026-04-03T02:21:24.496+0600][35.504s][info][gc,task     ] GC(47) Using 2 workers
[2026-04-03T02:21:24.496+0600][35.504s][info][gc,phases   ] GC(47) Pause Mark Start 0.013ms
[2026-04-03T02:21:24.677+0600][35.685s][info][gc,phases   ] GC(47) Concurrent Mark 181.482ms
[2026-04-03T02:21:24.678+0600][35.686s][info][gc,phases   ] GC(47) Pause Mark End 0.067ms
[2026-04-03T02:21:24.678+0600][35.686s][info][gc,phases   ] GC(47) Concurrent Mark Free 0.004ms
[2026-04-03T02:21:24.706+0600][35.714s][info][gc,phases   ] GC(47) Concurrent Process Non-Strong References 27.570ms
[2026-04-03T02:21:24.706+0600][35.714s][info][gc,phases   ] GC(47) Concurrent Reset Relocation Set 0.023ms
[2026-04-03T02:21:24.710+0600][35.718s][info][gc,phases   ] GC(47) Concurrent Select Relocation Set 4.624ms
[2026-04-03T02:21:24.711+0600][35.719s][info][gc,phases   ] GC(47) Pause Relocate Start 0.045ms
[2026-04-03T02:21:24.721+0600][35.729s][info][gc,phases   ] GC(47) Concurrent Relocate 10.249ms
[2026-04-03T02:21:24.721+0600][35.729s][info][gc,load     ] GC(47) Load: 7.48/6.43/5.92
[2026-04-03T02:21:24.721+0600][35.730s][info][gc,mmu      ] GC(47) MMU: 2ms/91.9%, 5ms/96.7%, 10ms/98.2%, 20ms/99.1%, 50ms/99.6%, 100ms/99.8%
[2026-04-03T02:21:24.721+0600][35.730s][info][gc,marking  ] GC(47) Mark: 2 stripe(s), 2 proactive flush(es), 1 terminate flush(es), 0 completion(s), 0 continuation(s) 
[2026-04-03T02:21:24.721+0600][35.730s][info][gc,marking  ] GC(47) Mark Stack Usage: 32M
[2026-04-03T02:21:24.721+0600][35.730s][info][gc,nmethod  ] GC(47) NMethods: 13849 registered, 1220 unregistered
[2026-04-03T02:21:24.722+0600][35.730s][info][gc,metaspace] GC(47) Metaspace: 126M used, 128M committed, 1152M reserved
[2026-04-03T02:21:24.722+0600][35.730s][info][gc,ref      ] GC(47) Soft: 3385 encountered, 0 discovered, 0 enqueued
[2026-04-03T02:21:24.722+0600][35.730s][info][gc,ref      ] GC(47) Weak: 15012 encountered, 5821 discovered, 308 enqueued
[2026-04-03T02:21:24.722+0600][35.730s][info][gc,ref      ] GC(47) Final: 84 encountered, 0 discovered, 0 enqueued
[2026-04-03T02:21:24.722+0600][35.730s][info][gc,ref      ] GC(47) Phantom: 620 encountered, 503 discovered, 0 enqueued
[2026-04-03T02:21:24.722+0600][35.730s][info][gc,reloc    ] GC(47) Small Pages: 220 / 440M, Empty: 54M, Relocated: 6M, In-Place: 0
[2026-04-03T02:21:24.722+0600][35.730s][info][gc,reloc    ] GC(47) Medium Pages: 3 / 48M, Empty: 32M, Relocated: 0M, In-Place: 0
[2026-04-03T02:21:24.722+0600][35.730s][info][gc,reloc    ] GC(47) Large Pages: 8 / 46M, Empty: 42M, Relocated: 0M, In-Place: 0
[2026-04-03T02:21:24.722+0600][35.730s][info][gc,reloc    ] GC(47) Forwarding Usage: 2M
[2026-04-03T02:21:24.722+0600][35.730s][info][gc,heap     ] GC(47) Min Capacity: 8M(1%)
[2026-04-03T02:21:24.722+0600][35.730s][info][gc,heap     ] GC(47) Max Capacity: 1000M(100%)
[2026-04-03T02:21:24.722+0600][35.730s][info][gc,heap     ] GC(47) Soft Max Capacity: 1000M(100%)
[2026-04-03T02:21:24.722+0600][35.730s][info][gc,heap     ] GC(47)                Mark Start          Mark End        Relocate Start      Relocate End           High               Low         
[2026-04-03T02:21:24.722+0600][35.730s][info][gc,heap     ] GC(47)  Capacity:     1000M (100%)       1000M (100%)       1000M (100%)       1000M (100%)       1000M (100%)       1000M (100%)   
[2026-04-03T02:21:24.722+0600][35.730s][info][gc,heap     ] GC(47)      Free:      466M (47%)         216M (22%)         328M (33%)         596M (60%)         596M (60%)         200M (20%)    
[2026-04-03T02:21:24.722+0600][35.730s][info][gc,heap     ] GC(47)      Used:      534M (53%)         784M (78%)         672M (67%)         404M (40%)         800M (80%)         404M (40%)    
[2026-04-03T02:21:24.722+0600][35.730s][info][gc,heap     ] GC(47)      Live:         -               105M (11%)         105M (11%)         105M (11%)            -                  -          
[2026-04-03T02:21:24.722+0600][35.730s][info][gc,heap     ] GC(47) Allocated:         -               250M (25%)         266M (27%)         273M (27%)            -                  -          
[2026-04-03T02:21:24.722+0600][35.730s][info][gc,heap     ] GC(47)   Garbage:         -               428M (43%)         300M (30%)          24M (2%)             -                  -          
[2026-04-03T02:21:24.722+0600][35.730s][info][gc,heap     ] GC(47) Reclaimed:         -                  -               128M (13%)         403M (40%)            -                  -          
[2026-04-03T02:21:24.722+0600][35.730s][info][gc          ] GC(47) Garbage Collection (Allocation Rate) 534M(53%)->404M(40%)
[2026-04-03T02:21:24.895+0600][35.903s][info][gc,start    ] GC(48) Garbage Collection (Allocation Rate)
[2026-04-03T02:21:24.895+0600][35.903s][info][gc,task     ] GC(48) Using 3 workers
[2026-04-03T02:21:24.896+0600][35.904s][info][gc,phases   ] GC(48) Pause Mark Start 0.016ms
[2026-04-03T02:21:24.904+0600][35.912s][info][gc          ] Allocation Stall (Executor task launch worker for task 4.0 in stage 667.0 (TID 1351)) 2.533ms
[2026-04-03T02:21:24.904+0600][35.912s][info][gc          ] Allocation Stall (Executor task launch worker for task 7.0 in stage 667.0 (TID 1354)) 2.675ms
[2026-04-03T02:21:24.905+0600][35.913s][info][gc          ] Allocation Stall (Executor task launch worker for task 1.0 in stage 667.0 (TID 1348)) 1.101ms
[2026-04-03T02:21:24.999+0600][36.007s][info][gc,phases   ] GC(48) Concurrent Mark 103.527ms
[2026-04-03T02:21:25.000+0600][36.008s][info][gc,phases   ] GC(48) Pause Mark End 0.073ms
[2026-04-03T02:21:25.000+0600][36.008s][info][gc,phases   ] GC(48) Concurrent Mark Free 0.003ms
[2026-04-03T02:21:25.014+0600][36.022s][info][gc,phases   ] GC(48) Concurrent Process Non-Strong References 14.074ms
[2026-04-03T02:21:25.014+0600][36.022s][info][gc,phases   ] GC(48) Concurrent Reset Relocation Set 0.013ms
[2026-04-03T02:21:25.014+0600][36.022s][info][gc          ] Allocation Stall (Executor task launch worker for task 0.0 in stage 671.0 (TID 1355)) 39.247ms
[2026-04-03T02:21:25.014+0600][36.022s][info][gc          ] Allocation Stall (Executor task launch worker for task 2.0 in stage 671.0 (TID 1357)) 37.816ms
[2026-04-03T02:21:25.014+0600][36.022s][info][gc          ] Allocation Stall (Executor task launch worker for task 3.0 in stage 671.0 (TID 1358)) 37.460ms
[2026-04-03T02:21:25.015+0600][36.023s][info][gc          ] Allocation Stall (Executor task launch worker for task 1.0 in stage 671.0 (TID 1356)) 39.506ms
[2026-04-03T02:21:25.017+0600][36.025s][info][gc,phases   ] GC(48) Concurrent Select Relocation Set 2.964ms
[2026-04-03T02:21:25.017+0600][36.025s][info][gc,phases   ] GC(48) Pause Relocate Start 0.018ms
[2026-04-03T02:21:25.021+0600][36.029s][info][gc,phases   ] GC(48) Concurrent Relocate 3.370ms
[2026-04-03T02:21:25.021+0600][36.029s][info][gc,load     ] GC(48) Load: 7.53/6.45/5.93
[2026-04-03T02:21:25.021+0600][36.029s][info][gc,mmu      ] GC(48) MMU: 2ms/91.9%, 5ms/96.7%, 10ms/98.2%, 20ms/99.1%, 50ms/99.6%, 100ms/99.8%
[2026-04-03T02:21:25.021+0600][36.029s][info][gc,marking  ] GC(48) Mark: 2 stripe(s), 2 proactive flush(es), 1 terminate flush(es), 0 completion(s), 0 continuation(s) 
[2026-04-03T02:21:25.021+0600][36.029s][info][gc,marking  ] GC(48) Mark Stack Usage: 32M
[2026-04-03T02:21:25.021+0600][36.029s][info][gc,nmethod  ] GC(48) NMethods: 13879 registered, 1230 unregistered
[2026-04-03T02:21:25.021+0600][36.029s][info][gc,metaspace] GC(48) Metaspace: 126M used, 128M committed, 1152M reserved
[2026-04-03T02:21:25.021+0600][36.029s][info][gc,ref      ] GC(48) Soft: 3385 encountered, 0 discovered, 0 enqueued
[2026-04-03T02:21:25.021+0600][36.029s][info][gc,ref      ] GC(48) Weak: 15153 encountered, 5326 discovered, 560 enqueued
[2026-04-03T02:21:25.021+0600][36.029s][info][gc,ref      ] GC(48) Final: 84 encountered, 0 discovered, 0 enqueued
[2026-04-03T02:21:25.021+0600][36.029s][info][gc,ref      ] GC(48) Phantom: 620 encountered, 478 discovered, 0 enqueued
[2026-04-03T02:21:25.021+0600][36.029s][info][gc,reloc    ] GC(48) Small Pages: 208 / 416M, Empty: 188M, Relocated: 6M, In-Place: 0
[2026-04-03T02:21:25.021+0600][36.029s][info][gc,reloc    ] GC(48) Medium Pages: 3 / 48M, Empty: 32M, Relocated: 0M, In-Place: 0
[2026-04-03T02:21:25.021+0600][36.029s][info][gc,reloc    ] GC(48) Large Pages: 71 / 424M, Empty: 420M, Relocated: 0M, In-Place: 0
[2026-04-03T02:21:25.021+0600][36.029s][info][gc,reloc    ] GC(48) Forwarding Usage: 1M
[2026-04-03T02:21:25.021+0600][36.029s][info][gc,heap     ] GC(48) Min Capacity: 8M(1%)
[2026-04-03T02:21:25.021+0600][36.029s][info][gc,heap     ] GC(48) Max Capacity: 1000M(100%)
[2026-04-03T02:21:25.021+0600][36.029s][info][gc,heap     ] GC(48) Soft Max Capacity: 1000M(100%)
[2026-04-03T02:21:25.021+0600][36.029s][info][gc,heap     ] GC(48)                Mark Start          Mark End        Relocate Start      Relocate End           High               Low         
[2026-04-03T02:21:25.021+0600][36.029s][info][gc,heap     ] GC(48)  Capacity:     1000M (100%)       1000M (100%)       1000M (100%)       1000M (100%)       1000M (100%)       1000M (100%)   
[2026-04-03T02:21:25.021+0600][36.029s][info][gc,heap     ] GC(48)      Free:      112M (11%)           0M (0%)          610M (61%)         724M (72%)         724M (72%)           0M (0%)     
[2026-04-03T02:21:25.021+0600][36.029s][info][gc,heap     ] GC(48)      Used:      888M (89%)        1000M (100%)        390M (39%)         276M (28%)        1000M (100%)        276M (28%)    
[2026-04-03T02:21:25.021+0600][36.029s][info][gc,heap     ] GC(48)      Live:         -               106M (11%)         106M (11%)         106M (11%)            -                  -          
[2026-04-03T02:21:25.021+0600][36.029s][info][gc,heap     ] GC(48) Allocated:         -               112M (11%)         142M (14%)         141M (14%)            -                  -          
[2026-04-03T02:21:25.021+0600][36.029s][info][gc,heap     ] GC(48)   Garbage:         -               781M (78%)         141M (14%)          27M (3%)             -                  -          
[2026-04-03T02:21:25.021+0600][36.029s][info][gc,heap     ] GC(48) Reclaimed:         -                  -               640M (64%)         753M (75%)            -                  -          
[2026-04-03T02:21:25.021+0600][36.029s][info][gc          ] GC(48) Garbage Collection (Allocation Rate) 888M(89%)->276M(28%)
[2026-04-03T02:21:25.097+0600][36.105s][info][gc,start    ] GC(49) Garbage Collection (Allocation Stall)
[2026-04-03T02:21:25.097+0600][36.105s][info][gc,ref      ] GC(49) Clearing All SoftReferences
[2026-04-03T02:21:25.097+0600][36.105s][info][gc,task     ] GC(49) Using 3 workers
[2026-04-03T02:21:25.097+0600][36.105s][info][gc,ref      ] GC(49) Clearing All SoftReferences
[2026-04-03T02:21:25.097+0600][36.105s][info][gc,phases   ] GC(49) Pause Mark Start 0.079ms
[2026-04-03T02:21:25.193+0600][36.201s][info][gc,phases   ] GC(49) Concurrent Mark 95.978ms
[2026-04-03T02:21:25.193+0600][36.202s][info][gc,phases   ] GC(49) Pause Mark End 0.039ms
[2026-04-03T02:21:25.194+0600][36.202s][info][gc,phases   ] GC(49) Concurrent Mark Free 0.002ms
[2026-04-03T02:21:25.251+0600][36.259s][info][gc,phases   ] GC(49) Concurrent Process Non-Strong References 57.181ms
[2026-04-03T02:21:25.251+0600][36.259s][info][gc,phases   ] GC(49) Concurrent Reset Relocation Set 0.012ms
[2026-04-03T02:21:25.256+0600][36.264s][info][gc,phases   ] GC(49) Concurrent Select Relocation Set 4.947ms
[2026-04-03T02:21:25.256+0600][36.264s][info][gc,phases   ] GC(49) Pause Relocate Start 0.018ms
[2026-04-03T02:21:25.265+0600][36.273s][info][gc,phases   ] GC(49) Concurrent Relocate 8.282ms
[2026-04-03T02:21:25.265+0600][36.273s][info][gc,load     ] GC(49) Load: 7.53/6.45/5.93
[2026-04-03T02:21:25.265+0600][36.273s][info][gc,mmu      ] GC(49) MMU: 2ms/91.9%, 5ms/96.7%, 10ms/98.2%, 20ms/99.1%, 50ms/99.6%, 100ms/99.8%
[2026-04-03T02:21:25.265+0600][36.273s][info][gc,marking  ] GC(49) Mark: 2 stripe(s), 2 proactive flush(es), 1 terminate flush(es), 0 completion(s), 0 continuation(s) 
[2026-04-03T02:21:25.265+0600][36.273s][info][gc,marking  ] GC(49) Mark Stack Usage: 32M
[2026-04-03T02:21:25.265+0600][36.273s][info][gc,nmethod  ] GC(49) NMethods: 13919 registered, 1244 unregistered
[2026-04-03T02:21:25.265+0600][36.273s][info][gc,metaspace] GC(49) Metaspace: 126M used, 128M committed, 1152M reserved
[2026-04-03T02:21:25.265+0600][36.273s][info][gc,ref      ] GC(49) Soft: 3334 encountered, 692 discovered, 117 enqueued
[2026-04-03T02:21:25.265+0600][36.273s][info][gc,ref      ] GC(49) Weak: 14718 encountered, 4325 discovered, 248 enqueued
[2026-04-03T02:21:25.265+0600][36.273s][info][gc,ref      ] GC(49) Final: 84 encountered, 0 discovered, 0 enqueued
[2026-04-03T02:21:25.265+0600][36.273s][info][gc,ref      ] GC(49) Phantom: 620 encountered, 432 discovered, 0 enqueued
[2026-04-03T02:21:25.265+0600][36.273s][info][gc,reloc    ] GC(49) Small Pages: 129 / 258M, Empty: 20M, Relocated: 8M, In-Place: 0
[2026-04-03T02:21:25.265+0600][36.273s][info][gc,reloc    ] GC(49) Medium Pages: 3 / 48M, Empty: 32M, Relocated: 0M, In-Place: 0
[2026-04-03T02:21:25.265+0600][36.273s][info][gc,reloc    ] GC(49) Large Pages: 67 / 400M, Empty: 396M, Relocated: 0M, In-Place: 0
[2026-04-03T02:21:25.265+0600][36.273s][info][gc,reloc    ] GC(49) Forwarding Usage: 3M
[2026-04-03T02:21:25.265+0600][36.273s][info][gc,heap     ] GC(49) Min Capacity: 8M(1%)
[2026-04-03T02:21:25.265+0600][36.273s][info][gc,heap     ] GC(49) Max Capacity: 1000M(100%)
[2026-04-03T02:21:25.265+0600][36.273s][info][gc,heap     ] GC(49) Soft Max Capacity: 1000M(100%)
[2026-04-03T02:21:25.265+0600][36.273s][info][gc,heap     ] GC(49)                Mark Start          Mark End        Relocate Start      Relocate End           High               Low         
[2026-04-03T02:21:25.265+0600][36.273s][info][gc,heap     ] GC(49)  Capacity:     1000M (100%)       1000M (100%)       1000M (100%)       1000M (100%)       1000M (100%)       1000M (100%)   
[2026-04-03T02:21:25.265+0600][36.273s][info][gc,heap     ] GC(49)      Free:      294M (29%)         218M (22%)         632M (63%)         764M (76%)         764M (76%)         184M (18%)    
[2026-04-03T02:21:25.265+0600][36.273s][info][gc,heap     ] GC(49)      Used:      706M (71%)         782M (78%)         368M (37%)         236M (24%)         816M (82%)         236M (24%)    
[2026-04-03T02:21:25.265+0600][36.273s][info][gc,heap     ] GC(49)      Live:         -                99M (10%)          99M (10%)          99M (10%)            -                  -          
[2026-04-03T02:21:25.265+0600][36.273s][info][gc,heap     ] GC(49) Allocated:         -                76M (8%)          110M (11%)         111M (11%)            -                  -          
[2026-04-03T02:21:25.265+0600][36.273s][info][gc,heap     ] GC(49)   Garbage:         -               606M (61%)         158M (16%)          24M (2%)             -                  -          
[2026-04-03T02:21:25.265+0600][36.273s][info][gc,heap     ] GC(49) Reclaimed:         -                  -               448M (45%)         581M (58%)            -                  -          
[2026-04-03T02:21:25.265+0600][36.273s][info][gc          ] GC(49) Garbage Collection (Allocation Stall) 706M(71%)->236M(24%)
[2026-04-03T02:21:25.296+0600][36.304s][info][gc,start    ] GC(50) Garbage Collection (Allocation Rate)
[2026-04-03T02:21:25.296+0600][36.304s][info][gc,task     ] GC(50) Using 3 workers
[2026-04-03T02:21:25.296+0600][36.304s][info][gc,phases   ] GC(50) Pause Mark Start 0.013ms
[2026-04-03T02:21:25.412+0600][36.420s][info][gc,phases   ] GC(50) Concurrent Mark 115.346ms
[2026-04-03T02:21:25.412+0600][36.421s][info][gc,phases   ] GC(50) Pause Mark End 0.036ms
[2026-04-03T02:21:25.413+0600][36.421s][info][gc,phases   ] GC(50) Concurrent Mark Free 0.003ms
[2026-04-03T02:21:25.453+0600][36.462s][info][gc,phases   ] GC(50) Concurrent Process Non-Strong References 40.642ms
[2026-04-03T02:21:25.454+0600][36.462s][info][gc,phases   ] GC(50) Concurrent Reset Relocation Set 0.013ms
[2026-04-03T02:21:25.458+0600][36.466s][info][gc,phases   ] GC(50) Concurrent Select Relocation Set 4.471ms
[2026-04-03T02:21:25.458+0600][36.467s][info][gc,phases   ] GC(50) Pause Relocate Start 0.016ms
[2026-04-03T02:21:25.464+0600][36.472s][info][gc,phases   ] GC(50) Concurrent Relocate 5.386ms
[2026-04-03T02:21:25.464+0600][36.472s][info][gc,load     ] GC(50) Load: 7.53/6.45/5.93
[2026-04-03T02:21:25.464+0600][36.472s][info][gc,mmu      ] GC(50) MMU: 2ms/91.9%, 5ms/96.7%, 10ms/98.2%, 20ms/99.1%, 50ms/99.6%, 100ms/99.8%
[2026-04-03T02:21:25.464+0600][36.472s][info][gc,marking  ] GC(50) Mark: 2 stripe(s), 2 proactive flush(es), 1 terminate flush(es), 0 completion(s), 0 continuation(s) 
[2026-04-03T02:21:25.464+0600][36.472s][info][gc,marking  ] GC(50) Mark Stack Usage: 32M
[2026-04-03T02:21:25.464+0600][36.472s][info][gc,nmethod  ] GC(50) NMethods: 13954 registered, 1258 unregistered
[2026-04-03T02:21:25.464+0600][36.472s][info][gc,metaspace] GC(50) Metaspace: 126M used, 128M committed, 1152M reserved
[2026-04-03T02:21:25.464+0600][36.472s][info][gc,ref      ] GC(50) Soft: 3252 encountered, 0 discovered, 0 enqueued
[2026-04-03T02:21:25.464+0600][36.472s][info][gc,ref      ] GC(50) Weak: 14585 encountered, 5092 discovered, 316 enqueued
[2026-04-03T02:21:25.464+0600][36.472s][info][gc,ref      ] GC(50) Final: 84 encountered, 0 discovered, 0 enqueued
[2026-04-03T02:21:25.464+0600][36.472s][info][gc,ref      ] GC(50) Phantom: 620 encountered, 537 discovered, 0 enqueued
[2026-04-03T02:21:25.464+0600][36.472s][info][gc,reloc    ] GC(50) Small Pages: 90 / 180M, Empty: 4M, Relocated: 4M, In-Place: 0
[2026-04-03T02:21:25.464+0600][36.472s][info][gc,reloc    ] GC(50) Medium Pages: 3 / 48M, Empty: 32M, Relocated: 0M, In-Place: 0
[2026-04-03T02:21:25.464+0600][36.472s][info][gc,reloc    ] GC(50) Large Pages: 5 / 28M, Empty: 24M, Relocated: 0M, In-Place: 0
[2026-04-03T02:21:25.464+0600][36.472s][info][gc,reloc    ] GC(50) Forwarding Usage: 1M
[2026-04-03T02:21:25.464+0600][36.472s][info][gc,heap     ] GC(50) Min Capacity: 8M(1%)
[2026-04-03T02:21:25.464+0600][36.472s][info][gc,heap     ] GC(50) Max Capacity: 1000M(100%)
[2026-04-03T02:21:25.464+0600][36.472s][info][gc,heap     ] GC(50) Soft Max Capacity: 1000M(100%)
[2026-04-03T02:21:25.464+0600][36.472s][info][gc,heap     ] GC(50)                Mark Start          Mark End        Relocate Start      Relocate End           High               Low         
[2026-04-03T02:21:25.464+0600][36.472s][info][gc,heap     ] GC(50)  Capacity:     1000M (100%)       1000M (100%)       1000M (100%)       1000M (100%)       1000M (100%)       1000M (100%)   
[2026-04-03T02:21:25.464+0600][36.472s][info][gc,heap     ] GC(50)      Free:      744M (74%)         682M (68%)         724M (72%)         788M (79%)         788M (79%)         664M (66%)    
[2026-04-03T02:21:25.464+0600][36.472s][info][gc,heap     ] GC(50)      Used:      256M (26%)         318M (32%)         276M (28%)         212M (21%)         336M (34%)         212M (21%)    
[2026-04-03T02:21:25.464+0600][36.472s][info][gc,heap     ] GC(50)      Live:         -               101M (10%)         101M (10%)         101M (10%)            -                  -          
[2026-04-03T02:21:25.464+0600][36.472s][info][gc,heap     ] GC(50) Allocated:         -                62M (6%)           80M (8%)           83M (8%)             -                  -          
[2026-04-03T02:21:25.464+0600][36.472s][info][gc,heap     ] GC(50)   Garbage:         -               154M (15%)          94M (9%)           26M (3%)             -                  -          
[2026-04-03T02:21:25.464+0600][36.472s][info][gc,heap     ] GC(50) Reclaimed:         -                  -                60M (6%)          127M (13%)            -                  -          
[2026-04-03T02:21:25.464+0600][36.472s][info][gc          ] GC(50) Garbage Collection (Allocation Rate) 256M(26%)->212M(21%)
[2026-04-03T02:21:25.495+0600][36.503s][info][gc,start    ] GC(51) Garbage Collection (Allocation Rate)
[2026-04-03T02:21:25.495+0600][36.503s][info][gc,task     ] GC(51) Using 3 workers
[2026-04-03T02:21:25.496+0600][36.504s][info][gc,phases   ] GC(51) Pause Mark Start 0.009ms
[2026-04-03T02:21:25.576+0600][36.584s][info][gc,phases   ] GC(51) Concurrent Mark 80.349ms
[2026-04-03T02:21:25.576+0600][36.584s][info][gc,phases   ] GC(51) Pause Mark End 0.026ms
[2026-04-03T02:21:25.577+0600][36.585s][info][gc,phases   ] GC(51) Concurrent Mark Free 0.002ms
[2026-04-03T02:21:25.608+0600][36.616s][info][gc,phases   ] GC(51) Concurrent Process Non-Strong References 31.006ms
[2026-04-03T02:21:25.608+0600][36.616s][info][gc,phases   ] GC(51) Concurrent Reset Relocation Set 0.009ms
[2026-04-03T02:21:25.611+0600][36.619s][info][gc,phases   ] GC(51) Concurrent Select Relocation Set 3.092ms
[2026-04-03T02:21:25.611+0600][36.619s][info][gc,phases   ] GC(51) Pause Relocate Start 0.015ms
[2026-04-03T02:21:25.613+0600][36.621s][info][gc,phases   ] GC(51) Concurrent Relocate 2.018ms
[2026-04-03T02:21:25.613+0600][36.621s][info][gc,load     ] GC(51) Load: 7.53/6.45/5.93
[2026-04-03T02:21:25.613+0600][36.621s][info][gc,mmu      ] GC(51) MMU: 2ms/91.9%, 5ms/96.7%, 10ms/98.2%, 20ms/99.1%, 50ms/99.6%, 100ms/99.8%
[2026-04-03T02:21:25.613+0600][36.621s][info][gc,marking  ] GC(51) Mark: 2 stripe(s), 2 proactive flush(es), 1 terminate flush(es), 0 completion(s), 0 continuation(s) 
[2026-04-03T02:21:25.613+0600][36.621s][info][gc,marking  ] GC(51) Mark Stack Usage: 32M
[2026-04-03T02:21:25.613+0600][36.621s][info][gc,nmethod  ] GC(51) NMethods: 13953 registered, 1269 unregistered
[2026-04-03T02:21:25.613+0600][36.621s][info][gc,metaspace] GC(51) Metaspace: 126M used, 128M committed, 1152M reserved
[2026-04-03T02:21:25.613+0600][36.621s][info][gc,ref      ] GC(51) Soft: 3249 encountered, 0 discovered, 0 enqueued
[2026-04-03T02:21:25.613+0600][36.621s][info][gc,ref      ] GC(51) Weak: 14337 encountered, 4513 discovered, 123 enqueued
[2026-04-03T02:21:25.613+0600][36.621s][info][gc,ref      ] GC(51) Final: 84 encountered, 0 discovered, 0 enqueued
[2026-04-03T02:21:25.613+0600][36.621s][info][gc,ref      ] GC(51) Phantom: 620 encountered, 511 discovered, 0 enqueued
[2026-04-03T02:21:25.613+0600][36.621s][info][gc,reloc    ] GC(51) Small Pages: 91 / 182M, Empty: 4M, Relocated: 3M, In-Place: 0
[2026-04-03T02:21:25.613+0600][36.621s][info][gc,reloc    ] GC(51) Medium Pages: 2 / 32M, Empty: 16M, Relocated: 0M, In-Place: 0
[2026-04-03T02:21:25.613+0600][36.621s][info][gc,reloc    ] GC(51) Large Pages: 2 / 10M, Empty: 6M, Relocated: 0M, In-Place: 0
[2026-04-03T02:21:25.613+0600][36.621s][info][gc,reloc    ] GC(51) Forwarding Usage: 1M
[2026-04-03T02:21:25.613+0600][36.621s][info][gc,heap     ] GC(51) Min Capacity: 8M(1%)
[2026-04-03T02:21:25.613+0600][36.621s][info][gc,heap     ] GC(51) Max Capacity: 1000M(100%)
[2026-04-03T02:21:25.613+0600][36.621s][info][gc,heap     ] GC(51) Soft Max Capacity: 1000M(100%)
[2026-04-03T02:21:25.613+0600][36.621s][info][gc,heap     ] GC(51)                Mark Start          Mark End        Relocate Start      Relocate End           High               Low         
[2026-04-03T02:21:25.613+0600][36.621s][info][gc,heap     ] GC(51)  Capacity:     1000M (100%)       1000M (100%)       1000M (100%)       1000M (100%)       1000M (100%)       1000M (100%)   
[2026-04-03T02:21:25.613+0600][36.621s][info][gc,heap     ] GC(51)      Free:      776M (78%)         740M (74%)         740M (74%)         808M (81%)         808M (81%)         714M (71%)    
[2026-04-03T02:21:25.613+0600][36.622s][info][gc,heap     ] GC(51)      Used:      224M (22%)         260M (26%)         260M (26%)         192M (19%)         286M (29%)         192M (19%)    
[2026-04-03T02:21:25.613+0600][36.622s][info][gc,heap     ] GC(51)      Live:         -               100M (10%)         100M (10%)         100M (10%)            -                  -          
[2026-04-03T02:21:25.613+0600][36.622s][info][gc,heap     ] GC(51) Allocated:         -                36M (4%)           62M (6%)           65M (7%)             -                  -          
[2026-04-03T02:21:25.613+0600][36.622s][info][gc,heap     ] GC(51)   Garbage:         -               123M (12%)          97M (10%)          25M (3%)             -                  -          
[2026-04-03T02:21:25.614+0600][36.622s][info][gc,heap     ] GC(51) Reclaimed:         -                  -                26M (3%)           97M (10%)            -                  -          
[2026-04-03T02:21:25.614+0600][36.622s][info][gc          ] GC(51) Garbage Collection (Allocation Rate) 224M(22%)->192M(19%)
[2026-04-03T02:21:25.696+0600][36.704s][info][gc,start    ] GC(52) Garbage Collection (Allocation Rate)
[2026-04-03T02:21:25.696+0600][36.704s][info][gc,task     ] GC(52) Using 3 workers
[2026-04-03T02:21:25.696+0600][36.704s][info][gc,phases   ] GC(52) Pause Mark Start 0.013ms
[2026-04-03T02:21:25.761+0600][36.769s][info][gc,phases   ] GC(52) Concurrent Mark 65.308ms
[2026-04-03T02:21:25.762+0600][36.770s][info][gc,phases   ] GC(52) Pause Mark End 0.028ms
[2026-04-03T02:21:25.762+0600][36.770s][info][gc,phases   ] GC(52) Concurrent Mark Free 0.002ms
[2026-04-03T02:21:25.775+0600][36.783s][info][gc,phases   ] GC(52) Concurrent Process Non-Strong References 13.187ms
[2026-04-03T02:21:25.775+0600][36.783s][info][gc,phases   ] GC(52) Concurrent Reset Relocation Set 0.006ms
[2026-04-03T02:21:25.779+0600][36.787s][info][gc,phases   ] GC(52) Concurrent Select Relocation Set 3.472ms
[2026-04-03T02:21:25.779+0600][36.787s][info][gc,phases   ] GC(52) Pause Relocate Start 0.012ms
[2026-04-03T02:21:25.781+0600][36.789s][info][gc,phases   ] GC(52) Concurrent Relocate 1.979ms
[2026-04-03T02:21:25.781+0600][36.789s][info][gc,load     ] GC(52) Load: 7.53/6.45/5.93
[2026-04-03T02:21:25.781+0600][36.789s][info][gc,mmu      ] GC(52) MMU: 2ms/91.9%, 5ms/96.7%, 10ms/98.2%, 20ms/99.1%, 50ms/99.6%, 100ms/99.8%
[2026-04-03T02:21:25.781+0600][36.789s][info][gc,marking  ] GC(52) Mark: 2 stripe(s), 2 proactive flush(es), 1 terminate flush(es), 0 completion(s), 0 continuation(s) 
[2026-04-03T02:21:25.781+0600][36.789s][info][gc,marking  ] GC(52) Mark Stack Usage: 32M
[2026-04-03T02:21:25.781+0600][36.789s][info][gc,nmethod  ] GC(52) NMethods: 13954 registered, 1275 unregistered
[2026-04-03T02:21:25.781+0600][36.789s][info][gc,metaspace] GC(52) Metaspace: 126M used, 128M committed, 1152M reserved
[2026-04-03T02:21:25.781+0600][36.789s][info][gc,ref      ] GC(52) Soft: 3249 encountered, 0 discovered, 0 enqueued
[2026-04-03T02:21:25.781+0600][36.789s][info][gc,ref      ] GC(52) Weak: 14216 encountered, 2974 discovered, 3 enqueued
[2026-04-03T02:21:25.781+0600][36.789s][info][gc,ref      ] GC(52) Final: 84 encountered, 0 discovered, 0 enqueued
[2026-04-03T02:21:25.781+0600][36.790s][info][gc,ref      ] GC(52) Phantom: 620 encountered, 492 discovered, 0 enqueued
[2026-04-03T02:21:25.781+0600][36.790s][info][gc,reloc    ] GC(52) Small Pages: 109 / 218M, Empty: 10M, Relocated: 3M, In-Place: 0
[2026-04-03T02:21:25.781+0600][36.790s][info][gc,reloc    ] GC(52) Medium Pages: 1 / 16M, Empty: 0M, Relocated: 0M, In-Place: 0
[2026-04-03T02:21:25.781+0600][36.790s][info][gc,reloc    ] GC(52) Large Pages: 1 / 4M, Empty: 0M, Relocated: 0M, In-Place: 0
[2026-04-03T02:21:25.781+0600][36.790s][info][gc,reloc    ] GC(52) Forwarding Usage: 1M
[2026-04-03T02:21:25.781+0600][36.790s][info][gc,heap     ] GC(52) Min Capacity: 8M(1%)
[2026-04-03T02:21:25.781+0600][36.790s][info][gc,heap     ] GC(52) Max Capacity: 1000M(100%)
[2026-04-03T02:21:25.781+0600][36.790s][info][gc,heap     ] GC(52) Soft Max Capacity: 1000M(100%)
[2026-04-03T02:21:25.782+0600][36.790s][info][gc,heap     ] GC(52)                Mark Start          Mark End        Relocate Start      Relocate End           High               Low         
[2026-04-03T02:21:25.782+0600][36.790s][info][gc,heap     ] GC(52)  Capacity:     1000M (100%)       1000M (100%)       1000M (100%)       1000M (100%)       1000M (100%)       1000M (100%)   
[2026-04-03T02:21:25.782+0600][36.790s][info][gc,heap     ] GC(52)      Free:      762M (76%)         730M (73%)         734M (73%)         834M (83%)         834M (83%)         724M (72%)    
[2026-04-03T02:21:25.782+0600][36.790s][info][gc,heap     ] GC(52)      Used:      238M (24%)         270M (27%)         266M (27%)         166M (17%)         276M (28%)         166M (17%)    
[2026-04-03T02:21:25.782+0600][36.790s][info][gc,heap     ] GC(52)      Live:         -               100M (10%)         100M (10%)         100M (10%)            -                  -          
[2026-04-03T02:21:25.782+0600][36.790s][info][gc,heap     ] GC(52) Allocated:         -                32M (3%)           38M (4%)           39M (4%)             -                  -          
[2026-04-03T02:21:25.782+0600][36.790s][info][gc,heap     ] GC(52)   Garbage:         -               137M (14%)         127M (13%)          25M (3%)             -                  -          
[2026-04-03T02:21:25.782+0600][36.790s][info][gc,heap     ] GC(52) Reclaimed:         -                  -                10M (1%)          111M (11%)            -                  -          
[2026-04-03T02:21:25.782+0600][36.790s][info][gc          ] GC(52) Garbage Collection (Allocation Rate) 238M(24%)->166M(17%)
[2026-04-03T02:21:25.896+0600][36.904s][info][gc,start    ] GC(53) Garbage Collection (Allocation Rate)
[2026-04-03T02:21:25.896+0600][36.904s][info][gc,task     ] GC(53) Using 3 workers
[2026-04-03T02:21:25.897+0600][36.905s][info][gc,phases   ] GC(53) Pause Mark Start 0.021ms
[2026-04-03T02:21:26.015+0600][37.023s][info][gc,phases   ] GC(53) Concurrent Mark 118.173ms
[2026-04-03T02:21:26.016+0600][37.024s][info][gc,phases   ] GC(53) Pause Mark End 0.050ms
[2026-04-03T02:21:26.016+0600][37.024s][info][gc,phases   ] GC(53) Concurrent Mark Free 0.002ms
[2026-04-03T02:21:26.040+0600][37.048s][info][gc,phases   ] GC(53) Concurrent Process Non-Strong References 23.695ms
[2026-04-03T02:21:26.040+0600][37.048s][info][gc,phases   ] GC(53) Concurrent Reset Relocation Set 0.013ms
[2026-04-03T02:21:26.044+0600][37.052s][info][gc,phases   ] GC(53) Concurrent Select Relocation Set 4.345ms
[2026-04-03T02:21:26.045+0600][37.053s][info][gc,phases   ] GC(53) Pause Relocate Start 0.031ms
[2026-04-03T02:21:26.050+0600][37.058s][info][gc,phases   ] GC(53) Concurrent Relocate 5.073ms
[2026-04-03T02:21:26.050+0600][37.058s][info][gc,load     ] GC(53) Load: 7.53/6.45/5.93
[2026-04-03T02:21:26.050+0600][37.058s][info][gc,mmu      ] GC(53) MMU: 2ms/91.9%, 5ms/96.7%, 10ms/98.2%, 20ms/99.1%, 50ms/99.6%, 100ms/99.8%
[2026-04-03T02:21:26.050+0600][37.058s][info][gc,marking  ] GC(53) Mark: 2 stripe(s), 2 proactive flush(es), 1 terminate flush(es), 0 completion(s), 0 continuation(s) 
[2026-04-03T02:21:26.050+0600][37.058s][info][gc,marking  ] GC(53) Mark Stack Usage: 32M
[2026-04-03T02:21:26.050+0600][37.058s][info][gc,nmethod  ] GC(53) NMethods: 13974 registered, 1281 unregistered
[2026-04-03T02:21:26.050+0600][37.058s][info][gc,metaspace] GC(53) Metaspace: 126M used, 128M committed, 1152M reserved
[2026-04-03T02:21:26.050+0600][37.058s][info][gc,ref      ] GC(53) Soft: 3264 encountered, 0 discovered, 0 enqueued
[2026-04-03T02:21:26.050+0600][37.058s][info][gc,ref      ] GC(53) Weak: 14509 encountered, 4146 discovered, 21 enqueued
[2026-04-03T02:21:26.050+0600][37.058s][info][gc,ref      ] GC(53) Final: 84 encountered, 0 discovered, 0 enqueued
[2026-04-03T02:21:26.050+0600][37.058s][info][gc,ref      ] GC(53) Phantom: 620 encountered, 511 discovered, 0 enqueued
[2026-04-03T02:21:26.050+0600][37.058s][info][gc,reloc    ] GC(53) Small Pages: 127 / 254M, Empty: 18M, Relocated: 3M, In-Place: 0
[2026-04-03T02:21:26.050+0600][37.058s][info][gc,reloc    ] GC(53) Medium Pages: 3 / 48M, Empty: 32M, Relocated: 0M, In-Place: 0
[2026-04-03T02:21:26.050+0600][37.058s][info][gc,reloc    ] GC(53) Large Pages: 4 / 22M, Empty: 18M, Relocated: 0M, In-Place: 0
[2026-04-03T02:21:26.050+0600][37.058s][info][gc,reloc    ] GC(53) Forwarding Usage: 0M
[2026-04-03T02:21:26.050+0600][37.058s][info][gc,heap     ] GC(53) Min Capacity: 8M(1%)
[2026-04-03T02:21:26.050+0600][37.058s][info][gc,heap     ] GC(53) Max Capacity: 1000M(100%)
[2026-04-03T02:21:26.050+0600][37.058s][info][gc,heap     ] GC(53) Soft Max Capacity: 1000M(100%)
[2026-04-03T02:21:26.050+0600][37.058s][info][gc,heap     ] GC(53)                Mark Start          Mark End        Relocate Start      Relocate End           High               Low         
[2026-04-03T02:21:26.050+0600][37.058s][info][gc,heap     ] GC(53)  Capacity:     1000M (100%)       1000M (100%)       1000M (100%)       1000M (100%)       1000M (100%)       1000M (100%)   
[2026-04-03T02:21:26.050+0600][37.058s][info][gc,heap     ] GC(53)      Free:      676M (68%)         544M (54%)         576M (58%)         696M (70%)         700M (70%)         508M (51%)    
[2026-04-03T02:21:26.050+0600][37.058s][info][gc,heap     ] GC(53)      Used:      324M (32%)         456M (46%)         424M (42%)         304M (30%)         492M (49%)         300M (30%)    
[2026-04-03T02:21:26.050+0600][37.058s][info][gc,heap     ] GC(53)      Live:         -               101M (10%)         101M (10%)         101M (10%)            -                  -          
[2026-04-03T02:21:26.050+0600][37.058s][info][gc,heap     ] GC(53) Allocated:         -               132M (13%)         168M (17%)         175M (18%)            -                  -          
[2026-04-03T02:21:26.050+0600][37.058s][info][gc,heap     ] GC(53)   Garbage:         -               222M (22%)         154M (15%)          26M (3%)             -                  -          
[2026-04-03T02:21:26.050+0600][37.058s][info][gc,heap     ] GC(53) Reclaimed:         -                  -                68M (7%)          195M (20%)            -                  -          
[2026-04-03T02:21:26.050+0600][37.058s][info][gc          ] GC(53) Garbage Collection (Allocation Rate) 324M(32%)->304M(30%)
[2026-04-03T02:21:26.096+0600][37.104s][info][gc,start    ] GC(54) Garbage Collection (Allocation Rate)
[2026-04-03T02:21:26.096+0600][37.104s][info][gc,task     ] GC(54) Using 3 workers
[2026-04-03T02:21:26.096+0600][37.104s][info][gc,phases   ] GC(54) Pause Mark Start 0.019ms
[2026-04-03T02:21:26.215+0600][37.223s][info][gc,phases   ] GC(54) Concurrent Mark 118.419ms
[2026-04-03T02:21:26.215+0600][37.223s][info][gc,phases   ] GC(54) Pause Mark End 0.029ms
[2026-04-03T02:21:26.215+0600][37.223s][info][gc,phases   ] GC(54) Concurrent Mark Free 0.003ms
[2026-04-03T02:21:26.238+0600][37.246s][info][gc,phases   ] GC(54) Concurrent Process Non-Strong References 23.162ms
[2026-04-03T02:21:26.238+0600][37.247s][info][gc,phases   ] GC(54) Concurrent Reset Relocation Set 0.012ms
[2026-04-03T02:21:26.243+0600][37.251s][info][gc,phases   ] GC(54) Concurrent Select Relocation Set 4.821ms
[2026-04-03T02:21:26.244+0600][37.252s][info][gc,phases   ] GC(54) Pause Relocate Start 0.016ms
[2026-04-03T02:21:26.246+0600][37.254s][info][gc,phases   ] GC(54) Concurrent Relocate 1.701ms
[2026-04-03T02:21:26.246+0600][37.254s][info][gc,load     ] GC(54) Load: 7.53/6.45/5.93
[2026-04-03T02:21:26.246+0600][37.254s][info][gc,mmu      ] GC(54) MMU: 2ms/91.9%, 5ms/96.7%, 10ms/98.2%, 20ms/99.1%, 50ms/99.6%, 100ms/99.8%
[2026-04-03T02:21:26.246+0600][37.254s][info][gc,marking  ] GC(54) Mark: 2 stripe(s), 2 proactive flush(es), 1 terminate flush(es), 0 completion(s), 0 continuation(s) 
[2026-04-03T02:21:26.246+0600][37.254s][info][gc,marking  ] GC(54) Mark Stack Usage: 32M
[2026-04-03T02:21:26.246+0600][37.254s][info][gc,nmethod  ] GC(54) NMethods: 13985 registered, 1295 unregistered
[2026-04-03T02:21:26.246+0600][37.254s][info][gc,metaspace] GC(54) Metaspace: 126M used, 128M committed, 1152M reserved
[2026-04-03T02:21:26.246+0600][37.254s][info][gc,ref      ] GC(54) Soft: 3260 encountered, 0 discovered, 0 enqueued
[2026-04-03T02:21:26.246+0600][37.254s][info][gc,ref      ] GC(54) Weak: 14848 encountered, 4984 discovered, 7 enqueued
[2026-04-03T02:21:26.246+0600][37.254s][info][gc,ref      ] GC(54) Final: 84 encountered, 0 discovered, 0 enqueued
[2026-04-03T02:21:26.246+0600][37.254s][info][gc,ref      ] GC(54) Phantom: 620 encountered, 547 discovered, 0 enqueued
[2026-04-03T02:21:26.246+0600][37.254s][info][gc,reloc    ] GC(54) Small Pages: 129 / 258M, Empty: 52M, Relocated: 1M, In-Place: 0
[2026-04-03T02:21:26.246+0600][37.254s][info][gc,reloc    ] GC(54) Medium Pages: 4 / 64M, Empty: 48M, Relocated: 0M, In-Place: 0
[2026-04-03T02:21:26.246+0600][37.254s][info][gc,reloc    ] GC(54) Large Pages: 5 / 28M, Empty: 24M, Relocated: 0M, In-Place: 0
[2026-04-03T02:21:26.246+0600][37.254s][info][gc,reloc    ] GC(54) Forwarding Usage: 0M
[2026-04-03T02:21:26.246+0600][37.254s][info][gc,heap     ] GC(54) Min Capacity: 8M(1%)
[2026-04-03T02:21:26.246+0600][37.254s][info][gc,heap     ] GC(54) Max Capacity: 1000M(100%)
[2026-04-03T02:21:26.246+0600][37.254s][info][gc,heap     ] GC(54) Soft Max Capacity: 1000M(100%)
[2026-04-03T02:21:26.246+0600][37.254s][info][gc,heap     ] GC(54)                Mark Start          Mark End        Relocate Start      Relocate End           High               Low         
[2026-04-03T02:21:26.246+0600][37.254s][info][gc,heap     ] GC(54)  Capacity:     1000M (100%)       1000M (100%)       1000M (100%)       1000M (100%)       1000M (100%)       1000M (100%)   
[2026-04-03T02:21:26.246+0600][37.254s][info][gc,heap     ] GC(54)      Free:      650M (65%)         522M (52%)         598M (60%)         692M (69%)         692M (69%)         474M (47%)    
[2026-04-03T02:21:26.246+0600][37.254s][info][gc,heap     ] GC(54)      Used:      350M (35%)         478M (48%)         402M (40%)         308M (31%)         526M (53%)         308M (31%)    
[2026-04-03T02:21:26.246+0600][37.254s][info][gc,heap     ] GC(54)      Live:         -               101M (10%)         101M (10%)         101M (10%)            -                  -          
[2026-04-03T02:21:26.246+0600][37.254s][info][gc,heap     ] GC(54) Allocated:         -               128M (13%)         176M (18%)         177M (18%)            -                  -          
[2026-04-03T02:21:26.246+0600][37.254s][info][gc,heap     ] GC(54)   Garbage:         -               248M (25%)         124M (12%)          28M (3%)             -                  -          
[2026-04-03T02:21:26.246+0600][37.254s][info][gc,heap     ] GC(54) Reclaimed:         -                  -               124M (12%)         219M (22%)            -                  -          
[2026-04-03T02:21:26.246+0600][37.254s][info][gc          ] GC(54) Garbage Collection (Allocation Rate) 350M(35%)->308M(31%)
[2026-04-03T02:21:26.295+0600][37.303s][info][gc,start    ] GC(55) Garbage Collection (Allocation Rate)
[2026-04-03T02:21:26.295+0600][37.303s][info][gc,task     ] GC(55) Using 3 workers
[2026-04-03T02:21:26.296+0600][37.304s][info][gc,phases   ] GC(55) Pause Mark Start 0.012ms
[2026-04-03T02:21:26.405+0600][37.413s][info][gc,phases   ] GC(55) Concurrent Mark 109.716ms
[2026-04-03T02:21:26.406+0600][37.414s][info][gc,phases   ] GC(55) Pause Mark End 0.035ms
[2026-04-03T02:21:26.406+0600][37.414s][info][gc,phases   ] GC(55) Concurrent Mark Free 0.002ms
[2026-04-03T02:21:26.434+0600][37.442s][info][gc,phases   ] GC(55) Concurrent Process Non-Strong References 28.611ms
[2026-04-03T02:21:26.435+0600][37.443s][info][gc,phases   ] GC(55) Concurrent Reset Relocation Set 0.007ms
[2026-04-03T02:21:26.438+0600][37.446s][info][gc,phases   ] GC(55) Concurrent Select Relocation Set 3.464ms
[2026-04-03T02:21:26.438+0600][37.446s][info][gc,phases   ] GC(55) Pause Relocate Start 0.039ms
[2026-04-03T02:21:26.440+0600][37.448s][info][gc,phases   ] GC(55) Concurrent Relocate 1.905ms
[2026-04-03T02:21:26.441+0600][37.449s][info][gc,load     ] GC(55) Load: 7.53/6.45/5.93
[2026-04-03T02:21:26.441+0600][37.449s][info][gc,mmu      ] GC(55) MMU: 2ms/91.9%, 5ms/96.7%, 10ms/98.2%, 20ms/99.1%, 50ms/99.6%, 100ms/99.8%
[2026-04-03T02:21:26.441+0600][37.449s][info][gc,marking  ] GC(55) Mark: 2 stripe(s), 2 proactive flush(es), 1 terminate flush(es), 0 completion(s), 0 continuation(s) 
[2026-04-03T02:21:26.441+0600][37.449s][info][gc,marking  ] GC(55) Mark Stack Usage: 32M
[2026-04-03T02:21:26.441+0600][37.449s][info][gc,nmethod  ] GC(55) NMethods: 13995 registered, 1308 unregistered
[2026-04-03T02:21:26.441+0600][37.449s][info][gc,metaspace] GC(55) Metaspace: 126M used, 128M committed, 1152M reserved
[2026-04-03T02:21:26.441+0600][37.449s][info][gc,ref      ] GC(55) Soft: 3260 encountered, 0 discovered, 0 enqueued
[2026-04-03T02:21:26.441+0600][37.449s][info][gc,ref      ] GC(55) Weak: 15133 encountered, 5521 discovered, 9 enqueued
[2026-04-03T02:21:26.441+0600][37.449s][info][gc,ref      ] GC(55) Final: 84 encountered, 0 discovered, 0 enqueued
[2026-04-03T02:21:26.441+0600][37.449s][info][gc,ref      ] GC(55) Phantom: 620 encountered, 420 discovered, 0 enqueued
[2026-04-03T02:21:26.441+0600][37.449s][info][gc,reloc    ] GC(55) Small Pages: 135 / 270M, Empty: 40M, Relocated: 1M, In-Place: 0
[2026-04-03T02:21:26.441+0600][37.449s][info][gc,reloc    ] GC(55) Medium Pages: 4 / 64M, Empty: 48M, Relocated: 0M, In-Place: 0
[2026-04-03T02:21:26.441+0600][37.449s][info][gc,reloc    ] GC(55) Large Pages: 5 / 28M, Empty: 24M, Relocated: 0M, In-Place: 0
[2026-04-03T02:21:26.441+0600][37.449s][info][gc,reloc    ] GC(55) Forwarding Usage: 0M
[2026-04-03T02:21:26.441+0600][37.449s][info][gc,heap     ] GC(55) Min Capacity: 8M(1%)
[2026-04-03T02:21:26.441+0600][37.449s][info][gc,heap     ] GC(55) Max Capacity: 1000M(100%)
[2026-04-03T02:21:26.441+0600][37.449s][info][gc,heap     ] GC(55) Soft Max Capacity: 1000M(100%)
[2026-04-03T02:21:26.441+0600][37.449s][info][gc,heap     ] GC(55)                Mark Start          Mark End        Relocate Start      Relocate End           High               Low         
[2026-04-03T02:21:26.441+0600][37.449s][info][gc,heap     ] GC(55)  Capacity:     1000M (100%)       1000M (100%)       1000M (100%)       1000M (100%)       1000M (100%)       1000M (100%)   
[2026-04-03T02:21:26.441+0600][37.449s][info][gc,heap     ] GC(55)      Free:      638M (64%)         490M (49%)         564M (56%)         682M (68%)         682M (68%)         458M (46%)    
[2026-04-03T02:21:26.441+0600][37.449s][info][gc,heap     ] GC(55)      Used:      362M (36%)         510M (51%)         436M (44%)         318M (32%)         542M (54%)         318M (32%)    
[2026-04-03T02:21:26.441+0600][37.449s][info][gc,heap     ] GC(55)      Live:         -               101M (10%)         101M (10%)         101M (10%)            -                  -          
[2026-04-03T02:21:26.441+0600][37.449s][info][gc,heap     ] GC(55) Allocated:         -               148M (15%)         186M (19%)         187M (19%)            -                  -          
[2026-04-03T02:21:26.441+0600][37.449s][info][gc,heap     ] GC(55)   Garbage:         -               260M (26%)         148M (15%)          28M (3%)             -                  -          
[2026-04-03T02:21:26.441+0600][37.449s][info][gc,heap     ] GC(55) Reclaimed:         -                  -               112M (11%)         231M (23%)            -                  -          
[2026-04-03T02:21:26.441+0600][37.449s][info][gc          ] GC(55) Garbage Collection (Allocation Rate) 362M(36%)->318M(32%)
[2026-04-03T02:21:26.495+0600][37.503s][info][gc,start    ] GC(56) Garbage Collection (Allocation Rate)
[2026-04-03T02:21:26.495+0600][37.504s][info][gc,task     ] GC(56) Using 3 workers
[2026-04-03T02:21:26.496+0600][37.504s][info][gc,phases   ] GC(56) Pause Mark Start 0.011ms
[2026-04-03T02:21:26.609+0600][37.617s][info][gc,phases   ] GC(56) Concurrent Mark 113.156ms
[2026-04-03T02:21:26.609+0600][37.617s][info][gc,phases   ] GC(56) Pause Mark End 0.066ms
[2026-04-03T02:21:26.609+0600][37.617s][info][gc,phases   ] GC(56) Concurrent Mark Free 0.004ms
[2026-04-03T02:21:26.627+0600][37.635s][info][gc,phases   ] GC(56) Concurrent Process Non-Strong References 17.349ms
[2026-04-03T02:21:26.627+0600][37.635s][info][gc,phases   ] GC(56) Concurrent Reset Relocation Set 0.010ms
[2026-04-03T02:21:26.632+0600][37.640s][info][gc,phases   ] GC(56) Concurrent Select Relocation Set 5.369ms
[2026-04-03T02:21:26.633+0600][37.641s][info][gc,phases   ] GC(56) Pause Relocate Start 0.017ms
[2026-04-03T02:21:26.641+0600][37.649s][info][gc,phases   ] GC(56) Concurrent Relocate 7.860ms
[2026-04-03T02:21:26.641+0600][37.649s][info][gc,load     ] GC(56) Load: 7.53/6.45/5.93
[2026-04-03T02:21:26.641+0600][37.649s][info][gc,mmu      ] GC(56) MMU: 2ms/91.9%, 5ms/96.7%, 10ms/98.2%, 20ms/99.1%, 50ms/99.6%, 100ms/99.8%
[2026-04-03T02:21:26.641+0600][37.649s][info][gc,marking  ] GC(56) Mark: 2 stripe(s), 4 proactive flush(es), 1 terminate flush(es), 0 completion(s), 0 continuation(s) 
[2026-04-03T02:21:26.641+0600][37.649s][info][gc,marking  ] GC(56) Mark Stack Usage: 32M
[2026-04-03T02:21:26.641+0600][37.649s][info][gc,nmethod  ] GC(56) NMethods: 13997 registered, 1321 unregistered
[2026-04-03T02:21:26.641+0600][37.649s][info][gc,metaspace] GC(56) Metaspace: 126M used, 128M committed, 1152M reserved
[2026-04-03T02:21:26.641+0600][37.649s][info][gc,ref      ] GC(56) Soft: 3268 encountered, 0 discovered, 0 enqueued
[2026-04-03T02:21:26.641+0600][37.649s][info][gc,ref      ] GC(56) Weak: 15415 encountered, 5141 discovered, 10 enqueued
[2026-04-03T02:21:26.641+0600][37.649s][info][gc,ref      ] GC(56) Final: 84 encountered, 0 discovered, 0 enqueued
[2026-04-03T02:21:26.641+0600][37.649s][info][gc,ref      ] GC(56) Phantom: 620 encountered, 503 discovered, 0 enqueued
[2026-04-03T02:21:26.641+0600][37.649s][info][gc,reloc    ] GC(56) Small Pages: 143 / 286M, Empty: 64M, Relocated: 6M, In-Place: 0
[2026-04-03T02:21:26.641+0600][37.649s][info][gc,reloc    ] GC(56) Medium Pages: 4 / 64M, Empty: 48M, Relocated: 0M, In-Place: 0
[2026-04-03T02:21:26.641+0600][37.649s][info][gc,reloc    ] GC(56) Large Pages: 6 / 34M, Empty: 30M, Relocated: 0M, In-Place: 0
[2026-04-03T02:21:26.641+0600][37.649s][info][gc,reloc    ] GC(56) Forwarding Usage: 2M
[2026-04-03T02:21:26.641+0600][37.649s][info][gc,heap     ] GC(56) Min Capacity: 8M(1%)
[2026-04-03T02:21:26.641+0600][37.649s][info][gc,heap     ] GC(56) Max Capacity: 1000M(100%)
[2026-04-03T02:21:26.641+0600][37.649s][info][gc,heap     ] GC(56) Soft Max Capacity: 1000M(100%)
[2026-04-03T02:21:26.641+0600][37.649s][info][gc,heap     ] GC(56)                Mark Start          Mark End        Relocate Start      Relocate End           High               Low         
[2026-04-03T02:21:26.641+0600][37.649s][info][gc,heap     ] GC(56)  Capacity:     1000M (100%)       1000M (100%)       1000M (100%)       1000M (100%)       1000M (100%)       1000M (100%)   
[2026-04-03T02:21:26.641+0600][37.649s][info][gc,heap     ] GC(56)      Free:      616M (62%)         460M (46%)         580M (58%)         684M (68%)         686M (69%)         446M (45%)    
[2026-04-03T02:21:26.641+0600][37.649s][info][gc,heap     ] GC(56)      Used:      384M (38%)         540M (54%)         420M (42%)         316M (32%)         554M (55%)         314M (31%)    
[2026-04-03T02:21:26.641+0600][37.649s][info][gc,heap     ] GC(56)      Live:         -               103M (10%)         103M (10%)         103M (10%)            -                  -          
[2026-04-03T02:21:26.641+0600][37.649s][info][gc,heap     ] GC(56) Allocated:         -               156M (16%)         178M (18%)         185M (19%)            -                  -          
[2026-04-03T02:21:26.641+0600][37.649s][info][gc,heap     ] GC(56)   Garbage:         -               280M (28%)         138M (14%)          26M (3%)             -                  -          
[2026-04-03T02:21:26.641+0600][37.649s][info][gc,heap     ] GC(56) Reclaimed:         -                  -               142M (14%)         253M (25%)            -                  -          
[2026-04-03T02:21:26.641+0600][37.649s][info][gc          ] GC(56) Garbage Collection (Allocation Rate) 384M(38%)->316M(32%)
[2026-04-03T02:21:26.796+0600][37.804s][info][gc,start    ] GC(57) Garbage Collection (Allocation Rate)
[2026-04-03T02:21:26.796+0600][37.804s][info][gc,task     ] GC(57) Using 3 workers
[2026-04-03T02:21:26.796+0600][37.805s][info][gc,phases   ] GC(57) Pause Mark Start 0.013ms
[2026-04-03T02:21:26.884+0600][37.892s][info][gc,phases   ] GC(57) Concurrent Mark 87.050ms
[2026-04-03T02:21:26.884+0600][37.892s][info][gc,phases   ] GC(57) Pause Mark End 0.036ms
[2026-04-03T02:21:26.884+0600][37.892s][info][gc,phases   ] GC(57) Concurrent Mark Free 0.003ms
[2026-04-03T02:21:26.900+0600][37.908s][info][gc,phases   ] GC(57) Concurrent Process Non-Strong References 15.820ms
[2026-04-03T02:21:26.900+0600][37.908s][info][gc,phases   ] GC(57) Concurrent Reset Relocation Set 0.006ms
[2026-04-03T02:21:26.903+0600][37.911s][info][gc,phases   ] GC(57) Concurrent Select Relocation Set 2.867ms
[2026-04-03T02:21:26.903+0600][37.911s][info][gc,phases   ] GC(57) Pause Relocate Start 0.021ms
[2026-04-03T02:21:26.907+0600][37.915s][info][gc,phases   ] GC(57) Concurrent Relocate 3.718ms
[2026-04-03T02:21:26.907+0600][37.915s][info][gc,load     ] GC(57) Load: 7.53/6.45/5.93
[2026-04-03T02:21:26.907+0600][37.915s][info][gc,mmu      ] GC(57) MMU: 2ms/91.9%, 5ms/96.7%, 10ms/98.2%, 20ms/99.1%, 50ms/99.6%, 100ms/99.8%
[2026-04-03T02:21:26.907+0600][37.915s][info][gc,marking  ] GC(57) Mark: 2 stripe(s), 2 proactive flush(es), 1 terminate flush(es), 0 completion(s), 0 continuation(s) 
[2026-04-03T02:21:26.907+0600][37.915s][info][gc,marking  ] GC(57) Mark Stack Usage: 32M
[2026-04-03T02:21:26.907+0600][37.915s][info][gc,nmethod  ] GC(57) NMethods: 14041 registered, 1338 unregistered
[2026-04-03T02:21:26.907+0600][37.915s][info][gc,metaspace] GC(57) Metaspace: 126M used, 128M committed, 1152M reserved
[2026-04-03T02:21:26.907+0600][37.915s][info][gc,ref      ] GC(57) Soft: 3260 encountered, 0 discovered, 0 enqueued
[2026-04-03T02:21:26.907+0600][37.915s][info][gc,ref      ] GC(57) Weak: 15854 encountered, 6738 discovered, 1576 enqueued
[2026-04-03T02:21:26.907+0600][37.915s][info][gc,ref      ] GC(57) Final: 84 encountered, 0 discovered, 0 enqueued
[2026-04-03T02:21:26.907+0600][37.915s][info][gc,ref      ] GC(57) Phantom: 620 encountered, 488 discovered, 0 enqueued
[2026-04-03T02:21:26.907+0600][37.915s][info][gc,reloc    ] GC(57) Small Pages: 178 / 356M, Empty: 64M, Relocated: 5M, In-Place: 0
[2026-04-03T02:21:26.907+0600][37.915s][info][gc,reloc    ] GC(57) Medium Pages: 5 / 80M, Empty: 64M, Relocated: 0M, In-Place: 0
[2026-04-03T02:21:26.907+0600][37.915s][info][gc,reloc    ] GC(57) Large Pages: 8 / 46M, Empty: 42M, Relocated: 0M, In-Place: 0
[2026-04-03T02:21:26.907+0600][37.915s][info][gc,reloc    ] GC(57) Forwarding Usage: 1M
[2026-04-03T02:21:26.907+0600][37.915s][info][gc,heap     ] GC(57) Min Capacity: 8M(1%)
[2026-04-03T02:21:26.907+0600][37.915s][info][gc,heap     ] GC(57) Max Capacity: 1000M(100%)
[2026-04-03T02:21:26.907+0600][37.915s][info][gc,heap     ] GC(57) Soft Max Capacity: 1000M(100%)
[2026-04-03T02:21:26.907+0600][37.915s][info][gc,heap     ] GC(57)                Mark Start          Mark End        Relocate Start      Relocate End           High               Low         
[2026-04-03T02:21:26.907+0600][37.915s][info][gc,heap     ] GC(57)  Capacity:     1000M (100%)       1000M (100%)       1000M (100%)       1000M (100%)       1000M (100%)       1000M (100%)   
[2026-04-03T02:21:26.907+0600][37.915s][info][gc,heap     ] GC(57)      Free:      518M (52%)         456M (46%)         614M (61%)         798M (80%)         798M (80%)         446M (45%)    
[2026-04-03T02:21:26.907+0600][37.915s][info][gc,heap     ] GC(57)      Used:      482M (48%)         544M (54%)         386M (39%)         202M (20%)         554M (55%)         202M (20%)    
[2026-04-03T02:21:26.907+0600][37.915s][info][gc,heap     ] GC(57)      Live:         -               102M (10%)         102M (10%)         102M (10%)            -                  -          
[2026-04-03T02:21:26.907+0600][37.915s][info][gc,heap     ] GC(57) Allocated:         -                62M (6%)           74M (7%)           73M (7%)             -                  -          
[2026-04-03T02:21:26.907+0600][37.915s][info][gc,heap     ] GC(57)   Garbage:         -               379M (38%)         209M (21%)          26M (3%)             -                  -          
[2026-04-03T02:21:26.907+0600][37.915s][info][gc,heap     ] GC(57) Reclaimed:         -                  -               170M (17%)         353M (35%)            -                  -          
[2026-04-03T02:21:26.907+0600][37.915s][info][gc          ] GC(57) Garbage Collection (Allocation Rate) 482M(48%)->202M(20%)
[2026-04-03T02:21:27.295+0600][38.303s][info][gc,start    ] GC(58) Garbage Collection (Allocation Rate)
[2026-04-03T02:21:27.295+0600][38.303s][info][gc,task     ] GC(58) Using 2 workers
[2026-04-03T02:21:27.296+0600][38.304s][info][gc,phases   ] GC(58) Pause Mark Start 0.013ms
[2026-04-03T02:21:27.469+0600][38.477s][info][gc,phases   ] GC(58) Concurrent Mark 173.281ms
[2026-04-03T02:21:27.469+0600][38.478s][info][gc,phases   ] GC(58) Pause Mark End 0.068ms
[2026-04-03T02:21:27.470+0600][38.478s][info][gc,phases   ] GC(58) Concurrent Mark Free 0.004ms
[2026-04-03T02:21:27.502+0600][38.510s][info][gc,phases   ] GC(58) Concurrent Process Non-Strong References 32.271ms
[2026-04-03T02:21:27.502+0600][38.510s][info][gc,phases   ] GC(58) Concurrent Reset Relocation Set 0.018ms
[2026-04-03T02:21:27.510+0600][38.518s][info][gc,phases   ] GC(58) Concurrent Select Relocation Set 7.575ms
[2026-04-03T02:21:27.511+0600][38.519s][info][gc,phases   ] GC(58) Pause Relocate Start 0.023ms
[2026-04-03T02:21:27.526+0600][38.534s][info][gc,phases   ] GC(58) Concurrent Relocate 14.299ms
[2026-04-03T02:21:27.526+0600][38.534s][info][gc,load     ] GC(58) Load: 7.53/6.45/5.93
[2026-04-03T02:21:27.526+0600][38.534s][info][gc,mmu      ] GC(58) MMU: 2ms/91.9%, 5ms/96.7%, 10ms/98.2%, 20ms/99.1%, 50ms/99.6%, 100ms/99.8%
[2026-04-03T02:21:27.526+0600][38.534s][info][gc,marking  ] GC(58) Mark: 2 stripe(s), 2 proactive flush(es), 1 terminate flush(es), 0 completion(s), 0 continuation(s) 
[2026-04-03T02:21:27.526+0600][38.534s][info][gc,marking  ] GC(58) Mark Stack Usage: 32M
[2026-04-03T02:21:27.526+0600][38.534s][info][gc,nmethod  ] GC(58) NMethods: 14064 registered, 1361 unregistered
[2026-04-03T02:21:27.526+0600][38.534s][info][gc,metaspace] GC(58) Metaspace: 126M used, 128M committed, 1152M reserved
[2026-04-03T02:21:27.526+0600][38.534s][info][gc,ref      ] GC(58) Soft: 3286 encountered, 0 discovered, 0 enqueued
[2026-04-03T02:21:27.526+0600][38.534s][info][gc,ref      ] GC(58) Weak: 14653 encountered, 4735 discovered, 62 enqueued
[2026-04-03T02:21:27.526+0600][38.534s][info][gc,ref      ] GC(58) Final: 84 encountered, 0 discovered, 0 enqueued
[2026-04-03T02:21:27.526+0600][38.534s][info][gc,ref      ] GC(58) Phantom: 620 encountered, 592 discovered, 0 enqueued
[2026-04-03T02:21:27.526+0600][38.534s][info][gc,reloc    ] GC(58) Small Pages: 220 / 440M, Empty: 42M, Relocated: 10M, In-Place: 0
[2026-04-03T02:21:27.526+0600][38.534s][info][gc,reloc    ] GC(58) Medium Pages: 3 / 48M, Empty: 32M, Relocated: 0M, In-Place: 0
[2026-04-03T02:21:27.526+0600][38.534s][info][gc,reloc    ] GC(58) Large Pages: 6 / 34M, Empty: 30M, Relocated: 0M, In-Place: 0
[2026-04-03T02:21:27.526+0600][38.534s][info][gc,reloc    ] GC(58) Forwarding Usage: 3M
[2026-04-03T02:21:27.526+0600][38.534s][info][gc,heap     ] GC(58) Min Capacity: 8M(1%)
[2026-04-03T02:21:27.526+0600][38.534s][info][gc,heap     ] GC(58) Max Capacity: 1000M(100%)
[2026-04-03T02:21:27.526+0600][38.534s][info][gc,heap     ] GC(58) Soft Max Capacity: 1000M(100%)
[2026-04-03T02:21:27.526+0600][38.534s][info][gc,heap     ] GC(58)                Mark Start          Mark End        Relocate Start      Relocate End           High               Low         
[2026-04-03T02:21:27.526+0600][38.534s][info][gc,heap     ] GC(58)  Capacity:     1000M (100%)       1000M (100%)       1000M (100%)       1000M (100%)       1000M (100%)       1000M (100%)   
[2026-04-03T02:21:27.526+0600][38.534s][info][gc,heap     ] GC(58)      Free:      478M (48%)         302M (30%)         350M (35%)         622M (62%)         632M (63%)         252M (25%)    
[2026-04-03T02:21:27.526+0600][38.534s][info][gc,heap     ] GC(58)      Used:      522M (52%)         698M (70%)         650M (65%)         378M (38%)         748M (75%)         368M (37%)    
[2026-04-03T02:21:27.526+0600][38.534s][info][gc,heap     ] GC(58)      Live:         -               104M (10%)         104M (10%)         104M (10%)            -                  -          
[2026-04-03T02:21:27.526+0600][38.534s][info][gc,heap     ] GC(58) Allocated:         -               176M (18%)         232M (23%)         249M (25%)            -                  -          
[2026-04-03T02:21:27.526+0600][38.534s][info][gc,heap     ] GC(58)   Garbage:         -               417M (42%)         313M (31%)          23M (2%)             -                  -          
[2026-04-03T02:21:27.526+0600][38.534s][info][gc,heap     ] GC(58) Reclaimed:         -                  -               104M (10%)         393M (39%)            -                  -          
[2026-04-03T02:21:27.526+0600][38.535s][info][gc          ] GC(58) Garbage Collection (Allocation Rate) 522M(52%)->378M(38%)
[2026-04-03T02:21:27.596+0600][38.604s][info][gc,start    ] GC(59) Garbage Collection (Allocation Rate)
[2026-04-03T02:21:27.596+0600][38.604s][info][gc,task     ] GC(59) Using 2 workers
[2026-04-03T02:21:27.596+0600][38.605s][info][gc,phases   ] GC(59) Pause Mark Start 0.018ms
[2026-04-03T02:21:27.750+0600][38.758s][info][gc,phases   ] GC(59) Concurrent Mark 153.468ms
[2026-04-03T02:21:27.750+0600][38.758s][info][gc,phases   ] GC(59) Pause Mark End 0.039ms
[2026-04-03T02:21:27.750+0600][38.759s][info][gc,phases   ] GC(59) Concurrent Mark Free 0.004ms
[2026-04-03T02:21:27.782+0600][38.790s][info][gc,phases   ] GC(59) Concurrent Process Non-Strong References 31.387ms
[2026-04-03T02:21:27.782+0600][38.790s][info][gc,phases   ] GC(59) Concurrent Reset Relocation Set 0.025ms
[2026-04-03T02:21:27.788+0600][38.796s][info][gc,phases   ] GC(59) Concurrent Select Relocation Set 5.805ms
[2026-04-03T02:21:27.789+0600][38.797s][info][gc,phases   ] GC(59) Pause Relocate Start 0.020ms
[2026-04-03T02:21:27.801+0600][38.809s][info][gc,phases   ] GC(59) Concurrent Relocate 11.788ms
[2026-04-03T02:21:27.801+0600][38.809s][info][gc,load     ] GC(59) Load: 7.53/6.45/5.93
[2026-04-03T02:21:27.801+0600][38.809s][info][gc,mmu      ] GC(59) MMU: 2ms/91.9%, 5ms/96.7%, 10ms/98.2%, 20ms/99.1%, 50ms/99.6%, 100ms/99.8%
[2026-04-03T02:21:27.801+0600][38.809s][info][gc,marking  ] GC(59) Mark: 2 stripe(s), 2 proactive flush(es), 1 terminate flush(es), 0 completion(s), 0 continuation(s) 
[2026-04-03T02:21:27.801+0600][38.809s][info][gc,marking  ] GC(59) Mark Stack Usage: 32M
[2026-04-03T02:21:27.801+0600][38.809s][info][gc,nmethod  ] GC(59) NMethods: 14071 registered, 1378 unregistered
[2026-04-03T02:21:27.801+0600][38.809s][info][gc,metaspace] GC(59) Metaspace: 126M used, 128M committed, 1152M reserved
[2026-04-03T02:21:27.801+0600][38.809s][info][gc,ref      ] GC(59) Soft: 3286 encountered, 0 discovered, 0 enqueued
[2026-04-03T02:21:27.801+0600][38.809s][info][gc,ref      ] GC(59) Weak: 15026 encountered, 5908 discovered, 11 enqueued
[2026-04-03T02:21:27.801+0600][38.809s][info][gc,ref      ] GC(59) Final: 84 encountered, 48 discovered, 0 enqueued
[2026-04-03T02:21:27.801+0600][38.809s][info][gc,ref      ] GC(59) Phantom: 620 encountered, 462 discovered, 0 enqueued
[2026-04-03T02:21:27.801+0600][38.809s][info][gc,reloc    ] GC(59) Small Pages: 170 / 340M, Empty: 86M, Relocated: 8M, In-Place: 0
[2026-04-03T02:21:27.801+0600][38.809s][info][gc,reloc    ] GC(59) Medium Pages: 5 / 80M, Empty: 64M, Relocated: 0M, In-Place: 0
[2026-04-03T02:21:27.801+0600][38.810s][info][gc,reloc    ] GC(59) Large Pages: 7 / 40M, Empty: 36M, Relocated: 0M, In-Place: 0
[2026-04-03T02:21:27.801+0600][38.810s][info][gc,reloc    ] GC(59) Forwarding Usage: 2M
[2026-04-03T02:21:27.801+0600][38.810s][info][gc,heap     ] GC(59) Min Capacity: 8M(1%)
[2026-04-03T02:21:27.801+0600][38.810s][info][gc,heap     ] GC(59) Max Capacity: 1000M(100%)
[2026-04-03T02:21:27.801+0600][38.810s][info][gc,heap     ] GC(59) Soft Max Capacity: 1000M(100%)
[2026-04-03T02:21:27.801+0600][38.810s][info][gc,heap     ] GC(59)                Mark Start          Mark End        Relocate Start      Relocate End           High               Low         
[2026-04-03T02:21:27.802+0600][38.810s][info][gc,heap     ] GC(59)  Capacity:     1000M (100%)       1000M (100%)       1000M (100%)       1000M (100%)       1000M (100%)       1000M (100%)   
[2026-04-03T02:21:27.802+0600][38.810s][info][gc,heap     ] GC(59)      Free:      540M (54%)         346M (35%)         480M (48%)         618M (62%)         618M (62%)         296M (30%)    
[2026-04-03T02:21:27.802+0600][38.810s][info][gc,heap     ] GC(59)      Used:      460M (46%)         654M (65%)         520M (52%)         382M (38%)         704M (70%)         382M (38%)    
[2026-04-03T02:21:27.802+0600][38.810s][info][gc,heap     ] GC(59)      Live:         -               104M (10%)         104M (10%)         104M (10%)            -                  -          
[2026-04-03T02:21:27.802+0600][38.810s][info][gc,heap     ] GC(59) Allocated:         -               194M (19%)         246M (25%)         251M (25%)            -                  -          
[2026-04-03T02:21:27.802+0600][38.810s][info][gc,heap     ] GC(59)   Garbage:         -               355M (36%)         169M (17%)          25M (3%)             -                  -          
[2026-04-03T02:21:27.802+0600][38.810s][info][gc,heap     ] GC(59) Reclaimed:         -                  -               186M (19%)         329M (33%)            -                  -          
[2026-04-03T02:21:27.802+0600][38.810s][info][gc          ] GC(59) Garbage Collection (Allocation Rate) 460M(46%)->382M(38%)
[2026-04-03T02:21:27.995+0600][39.003s][info][gc,start    ] GC(60) Garbage Collection (Allocation Rate)
[2026-04-03T02:21:27.995+0600][39.004s][info][gc,task     ] GC(60) Using 2 workers
[2026-04-03T02:21:27.996+0600][39.004s][info][gc,phases   ] GC(60) Pause Mark Start 0.016ms
[2026-04-03T02:21:28.142+0600][39.150s][info][gc,phases   ] GC(60) Concurrent Mark 146.385ms
[2026-04-03T02:21:28.143+0600][39.151s][info][gc,phases   ] GC(60) Pause Mark End 0.023ms
[2026-04-03T02:21:28.143+0600][39.151s][info][gc,phases   ] GC(60) Concurrent Mark Free 0.001ms
[2026-04-03T02:21:28.162+0600][39.170s][info][gc,phases   ] GC(60) Concurrent Process Non-Strong References 19.246ms
[2026-04-03T02:21:28.162+0600][39.170s][info][gc,phases   ] GC(60) Concurrent Reset Relocation Set 0.011ms
[2026-04-03T02:21:28.166+0600][39.174s][info][gc,phases   ] GC(60) Concurrent Select Relocation Set 3.728ms
[2026-04-03T02:21:28.166+0600][39.174s][info][gc,phases   ] GC(60) Pause Relocate Start 0.013ms
[2026-04-03T02:21:28.173+0600][39.181s][info][gc,phases   ] GC(60) Concurrent Relocate 6.516ms
[2026-04-03T02:21:28.173+0600][39.181s][info][gc,load     ] GC(60) Load: 7.53/6.45/5.93
[2026-04-03T02:21:28.173+0600][39.181s][info][gc,mmu      ] GC(60) MMU: 2ms/91.9%, 5ms/96.7%, 10ms/98.2%, 20ms/99.1%, 50ms/99.6%, 100ms/99.8%
[2026-04-03T02:21:28.173+0600][39.181s][info][gc,marking  ] GC(60) Mark: 2 stripe(s), 2 proactive flush(es), 1 terminate flush(es), 0 completion(s), 0 continuation(s) 
[2026-04-03T02:21:28.173+0600][39.181s][info][gc,marking  ] GC(60) Mark Stack Usage: 32M
[2026-04-03T02:21:28.173+0600][39.181s][info][gc,nmethod  ] GC(60) NMethods: 14112 registered, 1400 unregistered
[2026-04-03T02:21:28.173+0600][39.181s][info][gc,metaspace] GC(60) Metaspace: 126M used, 128M committed, 1152M reserved
[2026-04-03T02:21:28.173+0600][39.181s][info][gc,ref      ] GC(60) Soft: 3280 encountered, 0 discovered, 0 enqueued
[2026-04-03T02:21:28.173+0600][39.181s][info][gc,ref      ] GC(60) Weak: 15731 encountered, 7788 discovered, 20 enqueued
[2026-04-03T02:21:28.173+0600][39.181s][info][gc,ref      ] GC(60) Final: 84 encountered, 80 discovered, 0 enqueued
[2026-04-03T02:21:28.173+0600][39.181s][info][gc,ref      ] GC(60) Phantom: 620 encountered, 304 discovered, 0 enqueued
[2026-04-03T02:21:28.173+0600][39.181s][info][gc,reloc    ] GC(60) Small Pages: 231 / 462M, Empty: 180M, Relocated: 6M, In-Place: 0
[2026-04-03T02:21:28.173+0600][39.181s][info][gc,reloc    ] GC(60) Medium Pages: 7 / 112M, Empty: 96M, Relocated: 0M, In-Place: 0
[2026-04-03T02:21:28.173+0600][39.181s][info][gc,reloc    ] GC(60) Large Pages: 10 / 58M, Empty: 54M, Relocated: 0M, In-Place: 0
[2026-04-03T02:21:28.173+0600][39.181s][info][gc,reloc    ] GC(60) Forwarding Usage: 2M
[2026-04-03T02:21:28.173+0600][39.181s][info][gc,heap     ] GC(60) Min Capacity: 8M(1%)
[2026-04-03T02:21:28.173+0600][39.181s][info][gc,heap     ] GC(60) Max Capacity: 1000M(100%)
[2026-04-03T02:21:28.173+0600][39.181s][info][gc,heap     ] GC(60) Soft Max Capacity: 1000M(100%)
[2026-04-03T02:21:28.173+0600][39.181s][info][gc,heap     ] GC(60)                Mark Start          Mark End        Relocate Start      Relocate End           High               Low         
[2026-04-03T02:21:28.173+0600][39.181s][info][gc,heap     ] GC(60)  Capacity:     1000M (100%)       1000M (100%)       1000M (100%)       1000M (100%)       1000M (100%)       1000M (100%)   
[2026-04-03T02:21:28.173+0600][39.181s][info][gc,heap     ] GC(60)      Free:      368M (37%)         174M (17%)         492M (49%)         662M (66%)         664M (66%)         164M (16%)    
[2026-04-03T02:21:28.173+0600][39.181s][info][gc,heap     ] GC(60)      Used:      632M (63%)         826M (83%)         508M (51%)         338M (34%)         836M (84%)         336M (34%)    
[2026-04-03T02:21:28.173+0600][39.181s][info][gc,heap     ] GC(60)      Live:         -               102M (10%)         102M (10%)         102M (10%)            -                  -          
[2026-04-03T02:21:28.173+0600][39.181s][info][gc,heap     ] GC(60) Allocated:         -               194M (19%)         206M (21%)         211M (21%)            -                  -          
[2026-04-03T02:21:28.173+0600][39.181s][info][gc,heap     ] GC(60)   Garbage:         -               529M (53%)         199M (20%)          23M (2%)             -                  -          
[2026-04-03T02:21:28.173+0600][39.181s][info][gc,heap     ] GC(60) Reclaimed:         -                  -               330M (33%)         505M (51%)            -                  -          
[2026-04-03T02:21:28.173+0600][39.181s][info][gc          ] GC(60) Garbage Collection (Allocation Rate) 632M(63%)->338M(34%)
[2026-04-03T02:21:28.296+0600][39.304s][info][gc,start    ] GC(61) Garbage Collection (Allocation Rate)
[2026-04-03T02:21:28.296+0600][39.304s][info][gc,task     ] GC(61) Using 2 workers
[2026-04-03T02:21:28.296+0600][39.304s][info][gc,phases   ] GC(61) Pause Mark Start 0.016ms
[2026-04-03T02:21:28.471+0600][39.480s][info][gc,phases   ] GC(61) Concurrent Mark 175.240ms
[2026-04-03T02:21:28.472+0600][39.480s][info][gc,phases   ] GC(61) Pause Mark End 0.070ms
[2026-04-03T02:21:28.472+0600][39.480s][info][gc,phases   ] GC(61) Concurrent Mark Free 0.003ms
[2026-04-03T02:21:28.529+0600][39.537s][info][gc,phases   ] GC(61) Concurrent Process Non-Strong References 56.340ms
[2026-04-03T02:21:28.529+0600][39.537s][info][gc,phases   ] GC(61) Concurrent Reset Relocation Set 0.016ms
[2026-04-03T02:21:28.533+0600][39.541s][info][gc,phases   ] GC(61) Concurrent Select Relocation Set 4.646ms
[2026-04-03T02:21:28.534+0600][39.542s][info][gc,phases   ] GC(61) Pause Relocate Start 0.197ms
[2026-04-03T02:21:28.541+0600][39.549s][info][gc,phases   ] GC(61) Concurrent Relocate 7.278ms
[2026-04-03T02:21:28.542+0600][39.550s][info][gc,load     ] GC(61) Load: 7.53/6.45/5.93
[2026-04-03T02:21:28.542+0600][39.550s][info][gc,mmu      ] GC(61) MMU: 2ms/90.1%, 5ms/96.1%, 10ms/98.0%, 20ms/99.0%, 50ms/99.6%, 100ms/99.7%
[2026-04-03T02:21:28.542+0600][39.550s][info][gc,marking  ] GC(61) Mark: 2 stripe(s), 2 proactive flush(es), 1 terminate flush(es), 0 completion(s), 0 continuation(s) 
[2026-04-03T02:21:28.542+0600][39.550s][info][gc,marking  ] GC(61) Mark Stack Usage: 32M
[2026-04-03T02:21:28.542+0600][39.550s][info][gc,nmethod  ] GC(61) NMethods: 14155 registered, 1416 unregistered
[2026-04-03T02:21:28.542+0600][39.550s][info][gc,metaspace] GC(61) Metaspace: 127M used, 128M committed, 1152M reserved
[2026-04-03T02:21:28.542+0600][39.550s][info][gc,ref      ] GC(61) Soft: 3352 encountered, 0 discovered, 0 enqueued
[2026-04-03T02:21:28.542+0600][39.550s][info][gc,ref      ] GC(61) Weak: 16355 encountered, 9992 discovered, 1734 enqueued
[2026-04-03T02:21:28.542+0600][39.550s][info][gc,ref      ] GC(61) Final: 84 encountered, 4 discovered, 0 enqueued
[2026-04-03T02:21:28.542+0600][39.550s][info][gc,ref      ] GC(61) Phantom: 620 encountered, 436 discovered, 0 enqueued
[2026-04-03T02:21:28.542+0600][39.550s][info][gc,reloc    ] GC(61) Small Pages: 156 / 312M, Empty: 6M, Relocated: 3M, In-Place: 0
[2026-04-03T02:21:28.542+0600][39.550s][info][gc,reloc    ] GC(61) Medium Pages: 3 / 48M, Empty: 32M, Relocated: 0M, In-Place: 0
[2026-04-03T02:21:28.542+0600][39.550s][info][gc,reloc    ] GC(61) Large Pages: 9 / 52M, Empty: 48M, Relocated: 0M, In-Place: 0
[2026-04-03T02:21:28.542+0600][39.550s][info][gc,reloc    ] GC(61) Forwarding Usage: 1M
[2026-04-03T02:21:28.542+0600][39.550s][info][gc,heap     ] GC(61) Min Capacity: 8M(1%)
[2026-04-03T02:21:28.542+0600][39.550s][info][gc,heap     ] GC(61) Max Capacity: 1000M(100%)
[2026-04-03T02:21:28.542+0600][39.550s][info][gc,heap     ] GC(61) Soft Max Capacity: 1000M(100%)
[2026-04-03T02:21:28.542+0600][39.550s][info][gc,heap     ] GC(61)                Mark Start          Mark End        Relocate Start      Relocate End           High               Low         
[2026-04-03T02:21:28.542+0600][39.550s][info][gc,heap     ] GC(61)  Capacity:     1000M (100%)       1000M (100%)       1000M (100%)       1000M (100%)       1000M (100%)       1000M (100%)   
[2026-04-03T02:21:28.542+0600][39.550s][info][gc,heap     ] GC(61)      Free:      588M (59%)         340M (34%)         338M (34%)         528M (53%)         588M (59%)         254M (25%)    
[2026-04-03T02:21:28.542+0600][39.550s][info][gc,heap     ] GC(61)      Used:      412M (41%)         660M (66%)         662M (66%)         472M (47%)         746M (75%)         412M (41%)    
[2026-04-03T02:21:28.542+0600][39.550s][info][gc,heap     ] GC(61)      Live:         -               103M (10%)         103M (10%)         103M (10%)            -                  -          
[2026-04-03T02:21:28.542+0600][39.550s][info][gc,heap     ] GC(61) Allocated:         -               248M (25%)         336M (34%)         345M (35%)            -                  -          
[2026-04-03T02:21:28.542+0600][39.550s][info][gc,heap     ] GC(61)   Garbage:         -               308M (31%)         222M (22%)          22M (2%)             -                  -          
[2026-04-03T02:21:28.542+0600][39.550s][info][gc,heap     ] GC(61) Reclaimed:         -                  -                86M (9%)          285M (29%)            -                  -          
[2026-04-03T02:21:28.542+0600][39.550s][info][gc          ] GC(61) Garbage Collection (Allocation Rate) 412M(41%)->472M(47%)
[2026-04-03T02:21:28.596+0600][39.604s][info][gc,start    ] GC(62) Garbage Collection (Allocation Rate)
[2026-04-03T02:21:28.596+0600][39.604s][info][gc,task     ] GC(62) Using 3 workers
[2026-04-03T02:21:28.596+0600][39.604s][info][gc,phases   ] GC(62) Pause Mark Start 0.014ms
[2026-04-03T02:21:28.700+0600][39.708s][info][gc,phases   ] GC(62) Concurrent Mark 103.324ms
[2026-04-03T02:21:28.700+0600][39.708s][info][gc,phases   ] GC(62) Pause Mark End 0.036ms
[2026-04-03T02:21:28.700+0600][39.708s][info][gc,phases   ] GC(62) Concurrent Mark Free 0.004ms
[2026-04-03T02:21:28.720+0600][39.728s][info][gc,phases   ] GC(62) Concurrent Process Non-Strong References 19.668ms
[2026-04-03T02:21:28.720+0600][39.728s][info][gc,phases   ] GC(62) Concurrent Reset Relocation Set 0.017ms
[2026-04-03T02:21:28.724+0600][39.732s][info][gc,phases   ] GC(62) Concurrent Select Relocation Set 3.568ms
[2026-04-03T02:21:28.724+0600][39.732s][info][gc,phases   ] GC(62) Pause Relocate Start 0.017ms
[2026-04-03T02:21:28.727+0600][39.735s][info][gc,phases   ] GC(62) Concurrent Relocate 2.680ms
[2026-04-03T02:21:28.727+0600][39.735s][info][gc,load     ] GC(62) Load: 7.53/6.45/5.93
[2026-04-03T02:21:28.727+0600][39.735s][info][gc,mmu      ] GC(62) MMU: 2ms/90.1%, 5ms/96.1%, 10ms/98.0%, 20ms/99.0%, 50ms/99.6%, 100ms/99.7%
[2026-04-03T02:21:28.727+0600][39.735s][info][gc,marking  ] GC(62) Mark: 2 stripe(s), 3 proactive flush(es), 1 terminate flush(es), 0 completion(s), 0 continuation(s) 
[2026-04-03T02:21:28.727+0600][39.735s][info][gc,marking  ] GC(62) Mark Stack Usage: 32M
[2026-04-03T02:21:28.727+0600][39.735s][info][gc,nmethod  ] GC(62) NMethods: 14162 registered, 1421 unregistered
[2026-04-03T02:21:28.727+0600][39.735s][info][gc,metaspace] GC(62) Metaspace: 127M used, 128M committed, 1152M reserved
[2026-04-03T02:21:28.727+0600][39.735s][info][gc,ref      ] GC(62) Soft: 3356 encountered, 0 discovered, 0 enqueued
[2026-04-03T02:21:28.727+0600][39.735s][info][gc,ref      ] GC(62) Weak: 14767 encountered, 4507 discovered, 413 enqueued
[2026-04-03T02:21:28.727+0600][39.735s][info][gc,ref      ] GC(62) Final: 84 encountered, 0 discovered, 0 enqueued
[2026-04-03T02:21:28.727+0600][39.735s][info][gc,ref      ] GC(62) Phantom: 620 encountered, 544 discovered, 0 enqueued
[2026-04-03T02:21:28.727+0600][39.735s][info][gc,reloc    ] GC(62) Small Pages: 252 / 504M, Empty: 284M, Relocated: 1M, In-Place: 0
[2026-04-03T02:21:28.727+0600][39.735s][info][gc,reloc    ] GC(62) Medium Pages: 3 / 48M, Empty: 32M, Relocated: 0M, In-Place: 0
[2026-04-03T02:21:28.727+0600][39.735s][info][gc,reloc    ] GC(62) Large Pages: 3 / 16M, Empty: 12M, Relocated: 0M, In-Place: 0
[2026-04-03T02:21:28.727+0600][39.735s][info][gc,reloc    ] GC(62) Forwarding Usage: 0M
[2026-04-03T02:21:28.727+0600][39.735s][info][gc,heap     ] GC(62) Min Capacity: 8M(1%)
[2026-04-03T02:21:28.727+0600][39.735s][info][gc,heap     ] GC(62) Max Capacity: 1000M(100%)
[2026-04-03T02:21:28.727+0600][39.735s][info][gc,heap     ] GC(62) Soft Max Capacity: 1000M(100%)
[2026-04-03T02:21:28.727+0600][39.735s][info][gc,heap     ] GC(62)                Mark Start          Mark End        Relocate Start      Relocate End           High               Low         
[2026-04-03T02:21:28.727+0600][39.735s][info][gc,heap     ] GC(62)  Capacity:     1000M (100%)       1000M (100%)       1000M (100%)       1000M (100%)       1000M (100%)       1000M (100%)   
[2026-04-03T02:21:28.727+0600][39.735s][info][gc,heap     ] GC(62)      Free:      432M (43%)         370M (37%)         666M (67%)         774M (77%)         774M (77%)         348M (35%)    
[2026-04-03T02:21:28.727+0600][39.735s][info][gc,heap     ] GC(62)      Used:      568M (57%)         630M (63%)         334M (33%)         226M (23%)         652M (65%)         226M (23%)    
[2026-04-03T02:21:28.727+0600][39.735s][info][gc,heap     ] GC(62)      Live:         -               102M (10%)         102M (10%)         102M (10%)            -                  -          
[2026-04-03T02:21:28.727+0600][39.735s][info][gc,heap     ] GC(62) Allocated:         -                62M (6%)           94M (9%)           95M (10%)            -                  -          
[2026-04-03T02:21:28.727+0600][39.735s][info][gc,heap     ] GC(62)   Garbage:         -               465M (47%)         137M (14%)          27M (3%)             -                  -          
[2026-04-03T02:21:28.727+0600][39.735s][info][gc,heap     ] GC(62) Reclaimed:         -                  -               328M (33%)         437M (44%)            -                  -          
[2026-04-03T02:21:28.727+0600][39.735s][info][gc          ] GC(62) Garbage Collection (Allocation Rate) 568M(57%)->226M(23%)
[2026-04-03T02:21:28.795+0600][39.803s][info][gc,start    ] GC(63) Garbage Collection (Allocation Rate)
[2026-04-03T02:21:28.795+0600][39.803s][info][gc,task     ] GC(63) Using 3 workers
[2026-04-03T02:21:28.796+0600][39.804s][info][gc,phases   ] GC(63) Pause Mark Start 0.013ms
[2026-04-03T02:21:28.888+0600][39.896s][info][gc,phases   ] GC(63) Concurrent Mark 92.589ms
[2026-04-03T02:21:28.889+0600][39.897s][info][gc,phases   ] GC(63) Pause Mark End 0.042ms
[2026-04-03T02:21:28.889+0600][39.897s][info][gc,phases   ] GC(63) Concurrent Mark Free 0.008ms
[2026-04-03T02:21:28.908+0600][39.916s][info][gc,phases   ] GC(63) Concurrent Process Non-Strong References 19.252ms
[2026-04-03T02:21:28.908+0600][39.916s][info][gc,phases   ] GC(63) Concurrent Reset Relocation Set 0.014ms
[2026-04-03T02:21:28.914+0600][39.922s][info][gc,phases   ] GC(63) Concurrent Select Relocation Set 5.224ms
[2026-04-03T02:21:28.914+0600][39.922s][info][gc,phases   ] GC(63) Pause Relocate Start 0.018ms
[2026-04-03T02:21:28.922+0600][39.930s][info][gc,phases   ] GC(63) Concurrent Relocate 7.992ms
[2026-04-03T02:21:28.922+0600][39.930s][info][gc,load     ] GC(63) Load: 7.53/6.45/5.93
[2026-04-03T02:21:28.922+0600][39.930s][info][gc,mmu      ] GC(63) MMU: 2ms/90.1%, 5ms/96.1%, 10ms/98.0%, 20ms/99.0%, 50ms/99.6%, 100ms/99.7%
[2026-04-03T02:21:28.922+0600][39.930s][info][gc,marking  ] GC(63) Mark: 2 stripe(s), 4 proactive flush(es), 1 terminate flush(es), 0 completion(s), 0 continuation(s) 
[2026-04-03T02:21:28.922+0600][39.930s][info][gc,marking  ] GC(63) Mark Stack Usage: 32M
[2026-04-03T02:21:28.922+0600][39.930s][info][gc,nmethod  ] GC(63) NMethods: 14183 registered, 1432 unregistered
[2026-04-03T02:21:28.922+0600][39.930s][info][gc,metaspace] GC(63) Metaspace: 127M used, 128M committed, 1152M reserved
[2026-04-03T02:21:28.922+0600][39.930s][info][gc,ref      ] GC(63) Soft: 3381 encountered, 0 discovered, 0 enqueued
[2026-04-03T02:21:28.922+0600][39.930s][info][gc,ref      ] GC(63) Weak: 14691 encountered, 4540 discovered, 156 enqueued
[2026-04-03T02:21:28.922+0600][39.930s][info][gc,ref      ] GC(63) Final: 84 encountered, 0 discovered, 0 enqueued
[2026-04-03T02:21:28.922+0600][39.930s][info][gc,ref      ] GC(63) Phantom: 620 encountered, 472 discovered, 0 enqueued
[2026-04-03T02:21:28.922+0600][39.930s][info][gc,reloc    ] GC(63) Small Pages: 120 / 240M, Empty: 10M, Relocated: 6M, In-Place: 0
[2026-04-03T02:21:28.922+0600][39.930s][info][gc,reloc    ] GC(63) Medium Pages: 2 / 32M, Empty: 16M, Relocated: 0M, In-Place: 0
[2026-04-03T02:21:28.922+0600][39.930s][info][gc,reloc    ] GC(63) Large Pages: 63 / 376M, Empty: 354M, Relocated: 0M, In-Place: 0
[2026-04-03T02:21:28.922+0600][39.930s][info][gc,reloc    ] GC(63) Forwarding Usage: 1M
[2026-04-03T02:21:28.922+0600][39.930s][info][gc,heap     ] GC(63) Min Capacity: 8M(1%)
[2026-04-03T02:21:28.922+0600][39.930s][info][gc,heap     ] GC(63) Max Capacity: 1000M(100%)
[2026-04-03T02:21:28.922+0600][39.931s][info][gc,heap     ] GC(63) Soft Max Capacity: 1000M(100%)
[2026-04-03T02:21:28.922+0600][39.931s][info][gc,heap     ] GC(63)                Mark Start          Mark End        Relocate Start      Relocate End           High               Low         
[2026-04-03T02:21:28.922+0600][39.931s][info][gc,heap     ] GC(63)  Capacity:     1000M (100%)       1000M (100%)       1000M (100%)       1000M (100%)       1000M (100%)       1000M (100%)   
[2026-04-03T02:21:28.922+0600][39.931s][info][gc,heap     ] GC(63)      Free:      352M (35%)         236M (24%)         526M (53%)         522M (52%)         618M (62%)         178M (18%)    
[2026-04-03T02:21:28.922+0600][39.931s][info][gc,heap     ] GC(63)      Used:      648M (65%)         764M (76%)         474M (47%)         478M (48%)         822M (82%)         382M (38%)    
[2026-04-03T02:21:28.922+0600][39.931s][info][gc,heap     ] GC(63)      Live:         -               120M (12%)         120M (12%)         120M (12%)            -                  -          
[2026-04-03T02:21:28.922+0600][39.931s][info][gc,heap     ] GC(63) Allocated:         -               116M (12%)         206M (21%)         329M (33%)            -                  -          
[2026-04-03T02:21:28.923+0600][39.931s][info][gc,heap     ] GC(63)   Garbage:         -               527M (53%)         147M (15%)          27M (3%)             -                  -          
[2026-04-03T02:21:28.923+0600][39.931s][info][gc,heap     ] GC(63) Reclaimed:         -                  -               380M (38%)         499M (50%)            -                  -          
[2026-04-03T02:21:28.923+0600][39.931s][info][gc          ] GC(63) Garbage Collection (Allocation Rate) 648M(65%)->478M(48%)
[2026-04-03T02:21:28.995+0600][40.004s][info][gc,start    ] GC(64) Garbage Collection (Allocation Rate)
[2026-04-03T02:21:28.996+0600][40.004s][info][gc,task     ] GC(64) Using 3 workers
[2026-04-03T02:21:28.996+0600][40.004s][info][gc,phases   ] GC(64) Pause Mark Start 0.009ms
[2026-04-03T02:21:29.096+0600][40.104s][info][gc,stats    ] === Garbage Collection Statistics =======================================================================================================================
[2026-04-03T02:21:29.096+0600][40.104s][info][gc,stats    ]                                                              Last 10s              Last 10m              Last 10h                Total
[2026-04-03T02:21:29.096+0600][40.104s][info][gc,stats    ]                                                              Avg / Max             Avg / Max             Avg / Max             Avg / Max
[2026-04-03T02:21:29.096+0600][40.104s][info][gc,stats    ]   Collector: Garbage Collection Cycle                    164.627 / 245.761     158.430 / 338.081     158.430 / 338.081     158.430 / 338.081     ms
[2026-04-03T02:21:29.096+0600][40.104s][info][gc,stats    ]  Contention: Mark Segment Reset Contention                    35 / 94               17 / 105              17 / 105              17 / 105         ops/s
[2026-04-03T02:21:29.096+0600][40.104s][info][gc,stats    ]  Contention: Mark SeqNum Reset Contention                      0 / 1                 0 / 2                 0 / 2                 0 / 2           ops/s
[2026-04-03T02:21:29.096+0600][40.104s][info][gc,stats    ]    Critical: Allocation Stall                                  0 / 7                 0 / 7                 0 / 7                 0 / 7           ops/s
[2026-04-03T02:21:29.096+0600][40.104s][info][gc,stats    ]    Critical: Allocation Stall                             22.906 / 39.506       15.475 / 39.506       15.475 / 39.506       15.475 / 39.506      ms
[2026-04-03T02:21:29.096+0600][40.104s][info][gc,stats    ]    Critical: GC Locker Stall                                   1 / 3                 0 / 3                 0 / 3                 0 / 3           ops/s
[2026-04-03T02:21:29.096+0600][40.104s][info][gc,stats    ]    Critical: GC Locker Stall                               0.019 / 0.118         0.030 / 0.204         0.030 / 0.204         0.030 / 0.204       ms
[2026-04-03T02:21:29.096+0600][40.104s][info][gc,stats    ]    Critical: Relocation Stall                                  0 / 0                 0 / 0                 0 / 0                 0 / 0           ops/s
[2026-04-03T02:21:29.096+0600][40.104s][info][gc,stats    ]    Critical: Relocation Stall                              0.000 / 0.000         0.000 / 0.000         0.000 / 0.000         0.000 / 0.000       ms
[2026-04-03T02:21:29.096+0600][40.104s][info][gc,stats    ]      Memory: Allocation Rate                                1219 / 1848            569 / 1848            569 / 1848            569 / 1848        MB/s
[2026-04-03T02:21:29.096+0600][40.104s][info][gc,stats    ]      Memory: Defragment                                       26 / 81               13 / 81               13 / 81               13 / 81          ops/s
[2026-04-03T02:21:29.096+0600][40.104s][info][gc,stats    ]      Memory: Out Of Memory                                     0 / 0                 0 / 0                 0 / 0                 0 / 0           ops/s
[2026-04-03T02:21:29.096+0600][40.104s][info][gc,stats    ]      Memory: Page Cache Flush                                142 / 352              72 / 476              72 / 476              72 / 476         MB/s
[2026-04-03T02:21:29.096+0600][40.104s][info][gc,stats    ]      Memory: Page Cache Hit L1                               409 / 534             188 / 534             188 / 534             188 / 534         ops/s
[2026-04-03T02:21:29.096+0600][40.104s][info][gc,stats    ]      Memory: Page Cache Hit L2                                 0 / 0                 0 / 0                 0 / 0                 0 / 0           ops/s
[2026-04-03T02:21:29.096+0600][40.104s][info][gc,stats    ]      Memory: Page Cache Hit L3                                22 / 66               13 / 91               13 / 91               13 / 91          ops/s
[2026-04-03T02:21:29.096+0600][40.104s][info][gc,stats    ]      Memory: Page Cache Miss                                  11 / 37               11 / 98               11 / 98               11 / 98          ops/s
[2026-04-03T02:21:29.096+0600][40.104s][info][gc,stats    ]      Memory: Uncommit                                          0 / 0                 0 / 0                 0 / 0                 0 / 0           MB/s
[2026-04-03T02:21:29.096+0600][40.104s][info][gc,stats    ]      Memory: Undo Object Allocation Failed                     0 / 0                 0 / 0                 0 / 0                 0 / 0           ops/s
[2026-04-03T02:21:29.096+0600][40.104s][info][gc,stats    ]      Memory: Undo Object Allocation Succeeded                 69 / 565              26 / 565              26 / 565              26 / 565         ops/s
[2026-04-03T02:21:29.096+0600][40.104s][info][gc,stats    ]      Memory: Undo Page Allocation                              1 / 7                 0 / 7                 0 / 7                 0 / 7           ops/s
[2026-04-03T02:21:29.096+0600][40.104s][info][gc,stats    ]       Phase: Concurrent Mark                             125.567 / 181.482     117.304 / 204.527     117.304 / 204.527     117.304 / 204.527     ms
[2026-04-03T02:21:29.096+0600][40.104s][info][gc,stats    ]       Phase: Concurrent Mark Continue                      0.000 / 0.000         0.000 / 0.000         0.000 / 0.000         0.000 / 0.000       ms
[2026-04-03T02:21:29.096+0600][40.104s][info][gc,stats    ]       Phase: Concurrent Mark Free                          0.003 / 0.008         0.003 / 0.016         0.003 / 0.016         0.003 / 0.016       ms
[2026-04-03T02:21:29.096+0600][40.104s][info][gc,stats    ]       Phase: Concurrent Process Non-Strong References     26.733 / 67.656       25.734 / 67.924       25.734 / 67.924       25.734 / 67.924      ms
[2026-04-03T02:21:29.096+0600][40.104s][info][gc,stats    ]       Phase: Concurrent Relocate                           5.812 / 14.299        7.892 / 97.082        7.892 / 97.082        7.892 / 97.082      ms
[2026-04-03T02:21:29.096+0600][40.104s][info][gc,stats    ]       Phase: Concurrent Reset Relocation Set               0.014 / 0.063         0.014 / 0.063         0.014 / 0.063         0.014 / 0.063       ms
[2026-04-03T02:21:29.096+0600][40.104s][info][gc,stats    ]       Phase: Concurrent Select Relocation Set              4.498 / 8.725         4.728 / 19.584        4.728 / 19.584        4.728 / 19.584      ms
[2026-04-03T02:21:29.096+0600][40.104s][info][gc,stats    ]       Phase: Pause Mark End                                0.044 / 0.073         0.044 / 0.163         0.044 / 0.163         0.044 / 0.163       ms
[2026-04-03T02:21:29.096+0600][40.104s][info][gc,stats    ]       Phase: Pause Mark Start                              0.017 / 0.079         0.017 / 0.079         0.017 / 0.079         0.017 / 0.079       ms
[2026-04-03T02:21:29.096+0600][40.104s][info][gc,stats    ]       Phase: Pause Relocate Start                          0.025 / 0.197         0.021 / 0.197         0.021 / 0.197         0.021 / 0.197       ms
[2026-04-03T02:21:29.096+0600][40.104s][info][gc,stats    ]    Subphase: Concurrent Classes Purge                      0.103 / 0.383         0.260 / 2.956         0.260 / 2.956         0.260 / 2.956       ms
[2026-04-03T02:21:29.096+0600][40.104s][info][gc,stats    ]    Subphase: Concurrent Classes Unlink                    23.347 / 63.367       21.937 / 63.623       21.937 / 63.623       21.937 / 63.623      ms
[2026-04-03T02:21:29.096+0600][40.104s][info][gc,stats    ]    Subphase: Concurrent Mark                             117.286 / 173.322     108.686 / 200.727     108.686 / 200.727     108.686 / 200.727     ms
[2026-04-03T02:21:29.096+0600][40.104s][info][gc,stats    ]    Subphase: Concurrent Mark Try Flush                     0.450 / 3.707         0.576 / 4.495         0.576 / 4.495         0.576 / 4.495       ms
[2026-04-03T02:21:29.096+0600][40.104s][info][gc,stats    ]    Subphase: Concurrent Mark Try Terminate                 0.802 / 1.885         0.832 / 3.991         0.832 / 3.991         0.832 / 3.991       ms
[2026-04-03T02:21:29.096+0600][40.104s][info][gc,stats    ]    Subphase: Concurrent References Enqueue                 0.011 / 0.021         0.010 / 0.024         0.010 / 0.024         0.010 / 0.024       ms
[2026-04-03T02:21:29.096+0600][40.104s][info][gc,stats    ]    Subphase: Concurrent References Process                 0.687 / 1.297         0.793 / 3.978         0.793 / 3.978         0.793 / 3.978       ms
[2026-04-03T02:21:29.096+0600][40.104s][info][gc,stats    ]    Subphase: Concurrent Roots ClassLoaderDataGraph         0.443 / 0.986         0.422 / 1.115         0.422 / 1.115         0.422 / 1.115       ms
[2026-04-03T02:21:29.096+0600][40.104s][info][gc,stats    ]    Subphase: Concurrent Roots CodeCache                    0.000 / 0.000         0.000 / 0.000         0.000 / 0.000         0.000 / 0.000       ms
[2026-04-03T02:21:29.096+0600][40.104s][info][gc,stats    ]    Subphase: Concurrent Roots JavaThreads                  1.669 / 6.372         1.650 / 8.872         1.650 / 8.872         1.650 / 8.872       ms
[2026-04-03T02:21:29.096+0600][40.104s][info][gc,stats    ]    Subphase: Concurrent Roots OopStorageSet                0.125 / 2.356         0.111 / 2.356         0.111 / 2.356         0.111 / 2.356       ms
[2026-04-03T02:21:29.096+0600][40.104s][info][gc,stats    ]    Subphase: Concurrent Weak Roots OopStorageSet           1.574 / 3.609         1.489 / 3.609         1.489 / 3.609         1.489 / 3.609       ms
[2026-04-03T02:21:29.096+0600][40.104s][info][gc,stats    ]    Subphase: Pause Mark Try Complete                       0.000 / 0.000         0.003 / 0.008         0.003 / 0.008         0.003 / 0.008       ms
[2026-04-03T02:21:29.096+0600][40.104s][info][gc,stats    ]      System: Java Threads                                    286 / 287             245 / 287             245 / 287             245 / 287         threads
[2026-04-03T02:21:29.096+0600][40.104s][info][gc,stats    ] =========================================================================================================================================================
[2026-04-03T02:21:29.096+0600][40.104s][info][gc,phases   ] GC(64) Concurrent Mark 100.472ms
[2026-04-03T02:21:29.096+0600][40.104s][info][gc,phases   ] GC(64) Pause Mark End 0.028ms
[2026-04-03T02:21:29.097+0600][40.105s][info][gc,phases   ] GC(64) Concurrent Mark Free 0.001ms
[2026-04-03T02:21:29.112+0600][40.120s][info][gc,phases   ] GC(64) Concurrent Process Non-Strong References 15.615ms
[2026-04-03T02:21:29.112+0600][40.120s][info][gc,phases   ] GC(64) Concurrent Reset Relocation Set 0.009ms
[2026-04-03T02:21:29.116+0600][40.124s][info][gc,phases   ] GC(64) Concurrent Select Relocation Set 4.000ms
[2026-04-03T02:21:29.117+0600][40.125s][info][gc,phases   ] GC(64) Pause Relocate Start 0.014ms
[2026-04-03T02:21:29.120+0600][40.128s][info][gc,phases   ] GC(64) Concurrent Relocate 3.759ms
[2026-04-03T02:21:29.120+0600][40.129s][info][gc,load     ] GC(64) Load: 7.53/6.45/5.93
[2026-04-03T02:21:29.120+0600][40.129s][info][gc,mmu      ] GC(64) MMU: 2ms/90.1%, 5ms/96.1%, 10ms/98.0%, 20ms/99.0%, 50ms/99.6%, 100ms/99.7%
[2026-04-03T02:21:29.121+0600][40.129s][info][gc,marking  ] GC(64) Mark: 2 stripe(s), 2 proactive flush(es), 1 terminate flush(es), 0 completion(s), 0 continuation(s) 
[2026-04-03T02:21:29.121+0600][40.129s][info][gc,marking  ] GC(64) Mark Stack Usage: 32M
[2026-04-03T02:21:29.121+0600][40.129s][info][gc,nmethod  ] GC(64) NMethods: 14189 registered, 1443 unregistered
[2026-04-03T02:21:29.121+0600][40.129s][info][gc,metaspace] GC(64) Metaspace: 127M used, 128M committed, 1152M reserved
[2026-04-03T02:21:29.121+0600][40.129s][info][gc,ref      ] GC(64) Soft: 3379 encountered, 0 discovered, 0 enqueued
[2026-04-03T02:21:29.121+0600][40.129s][info][gc,ref      ] GC(64) Weak: 14759 encountered, 10318 discovered, 363 enqueued
[2026-04-03T02:21:29.121+0600][40.129s][info][gc,ref      ] GC(64) Final: 84 encountered, 4 discovered, 0 enqueued
[2026-04-03T02:21:29.121+0600][40.129s][info][gc,ref      ] GC(64) Phantom: 620 encountered, 517 discovered, 0 enqueued
[2026-04-03T02:21:29.121+0600][40.129s][info][gc,reloc    ] GC(64) Small Pages: 124 / 248M, Empty: 20M, Relocated: 6M, In-Place: 0
[2026-04-03T02:21:29.121+0600][40.129s][info][gc,reloc    ] GC(64) Medium Pages: 3 / 48M, Empty: 32M, Relocated: 0M, In-Place: 0
[2026-04-03T02:21:29.121+0600][40.129s][info][gc,reloc    ] GC(64) Large Pages: 77 / 460M, Empty: 456M, Relocated: 0M, In-Place: 0
[2026-04-03T02:21:29.121+0600][40.129s][info][gc,reloc    ] GC(64) Forwarding Usage: 1M
[2026-04-03T02:21:29.121+0600][40.129s][info][gc,heap     ] GC(64) Min Capacity: 8M(1%)
[2026-04-03T02:21:29.121+0600][40.129s][info][gc,heap     ] GC(64) Max Capacity: 1000M(100%)
[2026-04-03T02:21:29.121+0600][40.129s][info][gc,heap     ] GC(64) Soft Max Capacity: 1000M(100%)
[2026-04-03T02:21:29.121+0600][40.129s][info][gc,heap     ] GC(64)                Mark Start          Mark End        Relocate Start      Relocate End           High               Low         
[2026-04-03T02:21:29.121+0600][40.129s][info][gc,heap     ] GC(64)  Capacity:     1000M (100%)       1000M (100%)       1000M (100%)       1000M (100%)       1000M (100%)       1000M (100%)   
[2026-04-03T02:21:29.121+0600][40.129s][info][gc,heap     ] GC(64)      Free:      244M (24%)         146M (15%)         642M (64%)         760M (76%)         760M (76%)         140M (14%)    
[2026-04-03T02:21:29.121+0600][40.129s][info][gc,heap     ] GC(64)      Used:      756M (76%)         854M (85%)         358M (36%)         240M (24%)         860M (86%)         240M (24%)    
[2026-04-03T02:21:29.121+0600][40.129s][info][gc,heap     ] GC(64)      Live:         -               100M (10%)         100M (10%)         100M (10%)            -                  -          
[2026-04-03T02:21:29.121+0600][40.129s][info][gc,heap     ] GC(64) Allocated:         -                98M (10%)         110M (11%)         111M (11%)            -                  -          
[2026-04-03T02:21:29.121+0600][40.129s][info][gc,heap     ] GC(64)   Garbage:         -               655M (66%)         147M (15%)          27M (3%)             -                  -          
[2026-04-03T02:21:29.121+0600][40.129s][info][gc,heap     ] GC(64) Reclaimed:         -                  -               508M (51%)         627M (63%)            -                  -          
[2026-04-03T02:21:29.121+0600][40.129s][info][gc          ] GC(64) Garbage Collection (Allocation Rate) 756M(76%)->240M(24%)
[2026-04-03T02:21:29.196+0600][40.204s][info][gc,start    ] GC(65) Garbage Collection (Allocation Rate)
[2026-04-03T02:21:29.196+0600][40.204s][info][gc,task     ] GC(65) Using 3 workers
[2026-04-03T02:21:29.196+0600][40.204s][info][gc,phases   ] GC(65) Pause Mark Start 0.010ms
[2026-04-03T02:21:29.269+0600][40.277s][info][gc,phases   ] GC(65) Concurrent Mark 72.825ms
[2026-04-03T02:21:29.269+0600][40.277s][info][gc,phases   ] GC(65) Pause Mark End 0.032ms
[2026-04-03T02:21:29.269+0600][40.278s][info][gc,phases   ] GC(65) Concurrent Mark Free 0.001ms
[2026-04-03T02:21:29.287+0600][40.295s][info][gc,phases   ] GC(65) Concurrent Process Non-Strong References 17.582ms
[2026-04-03T02:21:29.287+0600][40.295s][info][gc,phases   ] GC(65) Concurrent Reset Relocation Set 0.016ms
[2026-04-03T02:21:29.290+0600][40.298s][info][gc,phases   ] GC(65) Concurrent Select Relocation Set 3.176ms
[2026-04-03T02:21:29.291+0600][40.299s][info][gc,phases   ] GC(65) Pause Relocate Start 0.013ms
[2026-04-03T02:21:29.294+0600][40.302s][info][gc,phases   ] GC(65) Concurrent Relocate 3.284ms
[2026-04-03T02:21:29.294+0600][40.302s][info][gc,load     ] GC(65) Load: 7.53/6.45/5.93
[2026-04-03T02:21:29.294+0600][40.302s][info][gc,mmu      ] GC(65) MMU: 2ms/90.1%, 5ms/96.1%, 10ms/98.0%, 20ms/99.0%, 50ms/99.6%, 100ms/99.7%
[2026-04-03T02:21:29.294+0600][40.302s][info][gc,marking  ] GC(65) Mark: 2 stripe(s), 2 proactive flush(es), 1 terminate flush(es), 0 completion(s), 0 continuation(s) 
[2026-04-03T02:21:29.294+0600][40.302s][info][gc,marking  ] GC(65) Mark Stack Usage: 32M
[2026-04-03T02:21:29.294+0600][40.302s][info][gc,nmethod  ] GC(65) NMethods: 14194 registered, 1456 unregistered
[2026-04-03T02:21:29.294+0600][40.302s][info][gc,metaspace] GC(65) Metaspace: 127M used, 128M committed, 1152M reserved
[2026-04-03T02:21:29.294+0600][40.302s][info][gc,ref      ] GC(65) Soft: 3379 encountered, 0 discovered, 0 enqueued
[2026-04-03T02:21:29.294+0600][40.302s][info][gc,ref      ] GC(65) Weak: 14648 encountered, 3380 discovered, 275 enqueued
[2026-04-03T02:21:29.294+0600][40.302s][info][gc,ref      ] GC(65) Final: 84 encountered, 0 discovered, 0 enqueued
[2026-04-03T02:21:29.294+0600][40.302s][info][gc,ref      ] GC(65) Phantom: 620 encountered, 515 discovered, 0 enqueued
[2026-04-03T02:21:29.294+0600][40.302s][info][gc,reloc    ] GC(65) Small Pages: 98 / 196M, Empty: 4M, Relocated: 3M, In-Place: 0
[2026-04-03T02:21:29.294+0600][40.302s][info][gc,reloc    ] GC(65) Medium Pages: 3 / 48M, Empty: 32M, Relocated: 0M, In-Place: 0
[2026-04-03T02:21:29.294+0600][40.302s][info][gc,reloc    ] GC(65) Large Pages: 6 / 34M, Empty: 30M, Relocated: 0M, In-Place: 0
[2026-04-03T02:21:29.294+0600][40.302s][info][gc,reloc    ] GC(65) Forwarding Usage: 1M
[2026-04-03T02:21:29.294+0600][40.302s][info][gc,heap     ] GC(65) Min Capacity: 8M(1%)
[2026-04-03T02:21:29.294+0600][40.302s][info][gc,heap     ] GC(65) Max Capacity: 1000M(100%)
[2026-04-03T02:21:29.294+0600][40.302s][info][gc,heap     ] GC(65) Soft Max Capacity: 1000M(100%)
[2026-04-03T02:21:29.294+0600][40.302s][info][gc,heap     ] GC(65)                Mark Start          Mark End        Relocate Start      Relocate End           High               Low         
[2026-04-03T02:21:29.294+0600][40.302s][info][gc,heap     ] GC(65)  Capacity:     1000M (100%)       1000M (100%)       1000M (100%)       1000M (100%)       1000M (100%)       1000M (100%)   
[2026-04-03T02:21:29.294+0600][40.302s][info][gc,heap     ] GC(65)      Free:      722M (72%)         690M (69%)         732M (73%)         814M (81%)         814M (81%)         666M (67%)    
[2026-04-03T02:21:29.294+0600][40.302s][info][gc,heap     ] GC(65)      Used:      278M (28%)         310M (31%)         268M (27%)         186M (19%)         334M (33%)         186M (19%)    
[2026-04-03T02:21:29.294+0600][40.302s][info][gc,heap     ] GC(65)      Live:         -               101M (10%)         101M (10%)         101M (10%)            -                  -          
[2026-04-03T02:21:29.294+0600][40.302s][info][gc,heap     ] GC(65) Allocated:         -                32M (3%)           56M (6%)           57M (6%)             -                  -          
[2026-04-03T02:21:29.294+0600][40.302s][info][gc,heap     ] GC(65)   Garbage:         -               176M (18%)         110M (11%)          26M (3%)             -                  -          
[2026-04-03T02:21:29.294+0600][40.302s][info][gc,heap     ] GC(65) Reclaimed:         -                  -                66M (7%)          149M (15%)            -                  -          
[2026-04-03T02:21:29.294+0600][40.302s][info][gc          ] GC(65) Garbage Collection (Allocation Rate) 278M(28%)->186M(19%)
[2026-04-03T02:21:29.296+0600][40.304s][info][gc,start    ] GC(66) Garbage Collection (Allocation Rate)
[2026-04-03T02:21:29.296+0600][40.304s][info][gc,task     ] GC(66) Using 3 workers
[2026-04-03T02:21:29.296+0600][40.304s][info][gc,phases   ] GC(66) Pause Mark Start 0.015ms
[2026-04-03T02:21:29.371+0600][40.379s][info][gc,phases   ] GC(66) Concurrent Mark 74.707ms
[2026-04-03T02:21:29.371+0600][40.379s][info][gc,phases   ] GC(66) Pause Mark End 0.027ms
[2026-04-03T02:21:29.371+0600][40.379s][info][gc,phases   ] GC(66) Concurrent Mark Free 0.002ms
[2026-04-03T02:21:29.385+0600][40.393s][info][gc,phases   ] GC(66) Concurrent Process Non-Strong References 13.645ms
[2026-04-03T02:21:29.385+0600][40.393s][info][gc,phases   ] GC(66) Concurrent Reset Relocation Set 0.005ms
[2026-04-03T02:21:29.388+0600][40.396s][info][gc,phases   ] GC(66) Concurrent Select Relocation Set 2.583ms
[2026-04-03T02:21:29.388+0600][40.396s][info][gc,phases   ] GC(66) Pause Relocate Start 0.012ms
[2026-04-03T02:21:29.389+0600][40.397s][info][gc,phases   ] GC(66) Concurrent Relocate 1.167ms
[2026-04-03T02:21:29.389+0600][40.397s][info][gc,load     ] GC(66) Load: 7.53/6.45/5.93
[2026-04-03T02:21:29.389+0600][40.397s][info][gc,mmu      ] GC(66) MMU: 2ms/90.1%, 5ms/96.1%, 10ms/98.0%, 20ms/99.0%, 50ms/99.6%, 100ms/99.7%
[2026-04-03T02:21:29.389+0600][40.397s][info][gc,marking  ] GC(66) Mark: 2 stripe(s), 2 proactive flush(es), 1 terminate flush(es), 0 completion(s), 0 continuation(s) 
[2026-04-03T02:21:29.389+0600][40.397s][info][gc,marking  ] GC(66) Mark Stack Usage: 32M
[2026-04-03T02:21:29.389+0600][40.398s][info][gc,nmethod  ] GC(66) NMethods: 14192 registered, 1458 unregistered
[2026-04-03T02:21:29.389+0600][40.398s][info][gc,metaspace] GC(66) Metaspace: 127M used, 128M committed, 1152M reserved
[2026-04-03T02:21:29.389+0600][40.398s][info][gc,ref      ] GC(66) Soft: 3379 encountered, 0 discovered, 0 enqueued
[2026-04-03T02:21:29.389+0600][40.398s][info][gc,ref      ] GC(66) Weak: 14377 encountered, 4951 discovered, 9 enqueued
[2026-04-03T02:21:29.389+0600][40.398s][info][gc,ref      ] GC(66) Final: 84 encountered, 0 discovered, 0 enqueued
[2026-04-03T02:21:29.389+0600][40.398s][info][gc,ref      ] GC(66) Phantom: 620 encountered, 507 discovered, 0 enqueued
[2026-04-03T02:21:29.389+0600][40.398s][info][gc,reloc    ] GC(66) Small Pages: 83 / 166M, Empty: 4M, Relocated: 1M, In-Place: 0
[2026-04-03T02:21:29.389+0600][40.398s][info][gc,reloc    ] GC(66) Medium Pages: 1 / 16M, Empty: 0M, Relocated: 0M, In-Place: 0
[2026-04-03T02:21:29.389+0600][40.398s][info][gc,reloc    ] GC(66) Large Pages: 1 / 4M, Empty: 0M, Relocated: 0M, In-Place: 0
[2026-04-03T02:21:29.389+0600][40.398s][info][gc,reloc    ] GC(66) Forwarding Usage: 0M
[2026-04-03T02:21:29.389+0600][40.398s][info][gc,heap     ] GC(66) Min Capacity: 8M(1%)
[2026-04-03T02:21:29.389+0600][40.398s][info][gc,heap     ] GC(66) Max Capacity: 1000M(100%)
[2026-04-03T02:21:29.390+0600][40.398s][info][gc,heap     ] GC(66) Soft Max Capacity: 1000M(100%)
[2026-04-03T02:21:29.390+0600][40.398s][info][gc,heap     ] GC(66)                Mark Start          Mark End        Relocate Start      Relocate End           High               Low         
[2026-04-03T02:21:29.390+0600][40.398s][info][gc,heap     ] GC(66)  Capacity:     1000M (100%)       1000M (100%)       1000M (100%)       1000M (100%)       1000M (100%)       1000M (100%)   
[2026-04-03T02:21:29.390+0600][40.398s][info][gc,heap     ] GC(66)      Free:      814M (81%)         780M (78%)         776M (78%)         828M (83%)         828M (83%)         772M (77%)    
[2026-04-03T02:21:29.390+0600][40.398s][info][gc,heap     ] GC(66)      Used:      186M (19%)         220M (22%)         224M (22%)         172M (17%)         228M (23%)         172M (17%)    
[2026-04-03T02:21:29.390+0600][40.398s][info][gc,heap     ] GC(66)      Live:         -               101M (10%)         101M (10%)         101M (10%)            -                  -          
[2026-04-03T02:21:29.390+0600][40.398s][info][gc,heap     ] GC(66) Allocated:         -                34M (3%)           42M (4%)           42M (4%)             -                  -          
[2026-04-03T02:21:29.390+0600][40.398s][info][gc,heap     ] GC(66)   Garbage:         -                84M (8%)           80M (8%)           28M (3%)             -                  -          
[2026-04-03T02:21:29.390+0600][40.398s][info][gc,heap     ] GC(66) Reclaimed:         -                  -                 4M (0%)           56M (6%)             -                  -          
[2026-04-03T02:21:29.390+0600][40.398s][info][gc          ] GC(66) Garbage Collection (Allocation Rate) 186M(19%)->172M(17%)
[2026-04-03T02:21:29.595+0600][40.603s][info][gc,start    ] GC(67) Garbage Collection (Allocation Rate)
[2026-04-03T02:21:29.595+0600][40.603s][info][gc,task     ] GC(67) Using 2 workers
[2026-04-03T02:21:29.596+0600][40.604s][info][gc,phases   ] GC(67) Pause Mark Start 0.016ms
[2026-04-03T02:21:29.740+0600][40.748s][info][gc,phases   ] GC(67) Concurrent Mark 143.713ms
[2026-04-03T02:21:29.740+0600][40.748s][info][gc,phases   ] GC(67) Pause Mark End 0.039ms
[2026-04-03T02:21:29.740+0600][40.748s][info][gc,phases   ] GC(67) Concurrent Mark Free 0.003ms
[2026-04-03T02:21:29.770+0600][40.778s][info][gc,phases   ] GC(67) Concurrent Process Non-Strong References 29.783ms
[2026-04-03T02:21:29.770+0600][40.778s][info][gc,phases   ] GC(67) Concurrent Reset Relocation Set 0.004ms
[2026-04-03T02:21:29.774+0600][40.782s][info][gc,phases   ] GC(67) Concurrent Select Relocation Set 3.666ms
[2026-04-03T02:21:29.774+0600][40.782s][info][gc,phases   ] GC(67) Pause Relocate Start 0.039ms
[2026-04-03T02:21:29.780+0600][40.788s][info][gc,phases   ] GC(67) Concurrent Relocate 5.228ms
[2026-04-03T02:21:29.780+0600][40.788s][info][gc,load     ] GC(67) Load: 7.64/6.50/5.95
[2026-04-03T02:21:29.780+0600][40.788s][info][gc,mmu      ] GC(67) MMU: 2ms/90.1%, 5ms/96.1%, 10ms/98.0%, 20ms/99.0%, 50ms/99.6%, 100ms/99.7%
[2026-04-03T02:21:29.780+0600][40.788s][info][gc,marking  ] GC(67) Mark: 2 stripe(s), 2 proactive flush(es), 1 terminate flush(es), 0 completion(s), 0 continuation(s) 
[2026-04-03T02:21:29.780+0600][40.788s][info][gc,marking  ] GC(67) Mark Stack Usage: 32M
[2026-04-03T02:21:29.780+0600][40.788s][info][gc,nmethod  ] GC(67) NMethods: 14210 registered, 1466 unregistered
[2026-04-03T02:21:29.780+0600][40.788s][info][gc,metaspace] GC(67) Metaspace: 127M used, 128M committed, 1152M reserved
[2026-04-03T02:21:29.780+0600][40.788s][info][gc,ref      ] GC(67) Soft: 3379 encountered, 0 discovered, 0 enqueued
[2026-04-03T02:21:29.780+0600][40.788s][info][gc,ref      ] GC(67) Weak: 14571 encountered, 5453 discovered, 18 enqueued
[2026-04-03T02:21:29.780+0600][40.788s][info][gc,ref      ] GC(67) Final: 84 encountered, 80 discovered, 0 enqueued
[2026-04-03T02:21:29.780+0600][40.788s][info][gc,ref      ] GC(67) Phantom: 620 encountered, 483 discovered, 0 enqueued
[2026-04-03T02:21:29.780+0600][40.788s][info][gc,reloc    ] GC(67) Small Pages: 157 / 314M, Empty: 32M, Relocated: 4M, In-Place: 0
[2026-04-03T02:21:29.780+0600][40.788s][info][gc,reloc    ] GC(67) Medium Pages: 3 / 48M, Empty: 32M, Relocated: 0M, In-Place: 0
[2026-04-03T02:21:29.780+0600][40.788s][info][gc,reloc    ] GC(67) Large Pages: 3 / 16M, Empty: 12M, Relocated: 0M, In-Place: 0
[2026-04-03T02:21:29.780+0600][40.788s][info][gc,reloc    ] GC(67) Forwarding Usage: 1M
[2026-04-03T02:21:29.780+0600][40.788s][info][gc,heap     ] GC(67) Min Capacity: 8M(1%)
[2026-04-03T02:21:29.780+0600][40.788s][info][gc,heap     ] GC(67) Max Capacity: 1000M(100%)
[2026-04-03T02:21:29.780+0600][40.788s][info][gc,heap     ] GC(67) Soft Max Capacity: 1000M(100%)
[2026-04-03T02:21:29.780+0600][40.788s][info][gc,heap     ] GC(67)                Mark Start          Mark End        Relocate Start      Relocate End           High               Low         
[2026-04-03T02:21:29.780+0600][40.788s][info][gc,heap     ] GC(67)  Capacity:     1000M (100%)       1000M (100%)       1000M (100%)       1000M (100%)       1000M (100%)       1000M (100%)   
[2026-04-03T02:21:29.780+0600][40.788s][info][gc,heap     ] GC(67)      Free:      622M (62%)         446M (45%)         470M (47%)         644M (64%)         644M (64%)         386M (39%)    
[2026-04-03T02:21:29.780+0600][40.788s][info][gc,heap     ] GC(67)      Used:      378M (38%)         554M (55%)         530M (53%)         356M (36%)         614M (61%)         356M (36%)    
[2026-04-03T02:21:29.780+0600][40.788s][info][gc,heap     ] GC(67)      Live:         -               101M (10%)         101M (10%)         101M (10%)            -                  -          
[2026-04-03T02:21:29.780+0600][40.788s][info][gc,heap     ] GC(67) Allocated:         -               176M (18%)         228M (23%)         229M (23%)            -                  -          
[2026-04-03T02:21:29.780+0600][40.788s][info][gc,heap     ] GC(67)   Garbage:         -               276M (28%)         200M (20%)          24M (2%)             -                  -          
[2026-04-03T02:21:29.780+0600][40.788s][info][gc,heap     ] GC(67) Reclaimed:         -                  -                76M (8%)          251M (25%)            -                  -          
[2026-04-03T02:21:29.780+0600][40.788s][info][gc          ] GC(67) Garbage Collection (Allocation Rate) 378M(38%)->356M(36%)
[2026-04-03T02:21:29.796+0600][40.804s][info][gc,start    ] GC(68) Garbage Collection (Allocation Rate)
[2026-04-03T02:21:29.796+0600][40.804s][info][gc,task     ] GC(68) Using 2 workers
[2026-04-03T02:21:29.797+0600][40.805s][info][gc,phases   ] GC(68) Pause Mark Start 0.018ms
[2026-04-03T02:21:29.962+0600][40.970s][info][gc,phases   ] GC(68) Concurrent Mark 165.080ms
[2026-04-03T02:21:29.962+0600][40.971s][info][gc,phases   ] GC(68) Pause Mark End 0.064ms
[2026-04-03T02:21:29.963+0600][40.971s][info][gc,phases   ] GC(68) Concurrent Mark Free 0.004ms
[2026-04-03T02:21:29.994+0600][41.003s][info][gc,phases   ] GC(68) Concurrent Process Non-Strong References 31.737ms
[2026-04-03T02:21:29.995+0600][41.003s][info][gc,phases   ] GC(68) Concurrent Reset Relocation Set 0.010ms
[2026-04-03T02:21:29.998+0600][41.006s][info][gc,phases   ] GC(68) Concurrent Select Relocation Set 3.438ms
[2026-04-03T02:21:29.999+0600][41.007s][info][gc,phases   ] GC(68) Pause Relocate Start 0.015ms
[2026-04-03T02:21:30.006+0600][41.014s][info][gc,phases   ] GC(68) Concurrent Relocate 6.931ms
[2026-04-03T02:21:30.006+0600][41.014s][info][gc,load     ] GC(68) Load: 7.64/6.50/5.95
[2026-04-03T02:21:30.006+0600][41.014s][info][gc,mmu      ] GC(68) MMU: 2ms/90.1%, 5ms/96.1%, 10ms/98.0%, 20ms/99.0%, 50ms/99.6%, 100ms/99.7%
[2026-04-03T02:21:30.006+0600][41.014s][info][gc,marking  ] GC(68) Mark: 2 stripe(s), 2 proactive flush(es), 1 terminate flush(es), 0 completion(s), 0 continuation(s) 
[2026-04-03T02:21:30.006+0600][41.014s][info][gc,marking  ] GC(68) Mark Stack Usage: 32M
[2026-04-03T02:21:30.006+0600][41.014s][info][gc,nmethod  ] GC(68) NMethods: 14211 registered, 1474 unregistered
[2026-04-03T02:21:30.006+0600][41.014s][info][gc,metaspace] GC(68) Metaspace: 127M used, 128M committed, 1152M reserved
[2026-04-03T02:21:30.006+0600][41.014s][info][gc,ref      ] GC(68) Soft: 3387 encountered, 0 discovered, 0 enqueued
[2026-04-03T02:21:30.006+0600][41.014s][info][gc,ref      ] GC(68) Weak: 14917 encountered, 5819 discovered, 6 enqueued
[2026-04-03T02:21:30.006+0600][41.014s][info][gc,ref      ] GC(68) Final: 84 encountered, 48 discovered, 0 enqueued
[2026-04-03T02:21:30.006+0600][41.014s][info][gc,ref      ] GC(68) Phantom: 620 encountered, 597 discovered, 0 enqueued
[2026-04-03T02:21:30.006+0600][41.014s][info][gc,reloc    ] GC(68) Small Pages: 135 / 270M, Empty: 64M, Relocated: 5M, In-Place: 0
[2026-04-03T02:21:30.006+0600][41.014s][info][gc,reloc    ] GC(68) Medium Pages: 4 / 64M, Empty: 48M, Relocated: 0M, In-Place: 0
[2026-04-03T02:21:30.006+0600][41.014s][info][gc,reloc    ] GC(68) Large Pages: 6 / 34M, Empty: 30M, Relocated: 0M, In-Place: 0
[2026-04-03T02:21:30.006+0600][41.014s][info][gc,reloc    ] GC(68) Forwarding Usage: 1M
[2026-04-03T02:21:30.006+0600][41.014s][info][gc,heap     ] GC(68) Min Capacity: 8M(1%)
[2026-04-03T02:21:30.006+0600][41.014s][info][gc,heap     ] GC(68) Max Capacity: 1000M(100%)
[2026-04-03T02:21:30.006+0600][41.014s][info][gc,heap     ] GC(68) Soft Max Capacity: 1000M(100%)
[2026-04-03T02:21:30.006+0600][41.014s][info][gc,heap     ] GC(68)                Mark Start          Mark End        Relocate Start      Relocate End           High               Low         
[2026-04-03T02:21:30.006+0600][41.014s][info][gc,heap     ] GC(68)  Capacity:     1000M (100%)       1000M (100%)       1000M (100%)       1000M (100%)       1000M (100%)       1000M (100%)   
[2026-04-03T02:21:30.006+0600][41.014s][info][gc,heap     ] GC(68)      Free:      632M (63%)         408M (41%)         524M (52%)         614M (61%)         632M (63%)         384M (38%)    
[2026-04-03T02:21:30.006+0600][41.014s][info][gc,heap     ] GC(68)      Used:      368M (37%)         592M (59%)         476M (48%)         386M (39%)         616M (62%)         368M (37%)    
[2026-04-03T02:21:30.006+0600][41.014s][info][gc,heap     ] GC(68)      Live:         -               104M (10%)         104M (10%)         104M (10%)            -                  -          
[2026-04-03T02:21:30.006+0600][41.014s][info][gc,heap     ] GC(68) Allocated:         -               224M (22%)         250M (25%)         255M (26%)            -                  -          
[2026-04-03T02:21:30.006+0600][41.014s][info][gc,heap     ] GC(68)   Garbage:         -               263M (26%)         121M (12%)          25M (3%)             -                  -          
[2026-04-03T02:21:30.006+0600][41.014s][info][gc,heap     ] GC(68) Reclaimed:         -                  -               142M (14%)         237M (24%)            -                  -          
[2026-04-03T02:21:30.006+0600][41.014s][info][gc          ] GC(68) Garbage Collection (Allocation Rate) 368M(37%)->386M(39%)
[2026-04-03T02:21:30.096+0600][41.104s][info][gc,start    ] GC(69) Garbage Collection (Allocation Rate)
[2026-04-03T02:21:30.096+0600][41.104s][info][gc,task     ] GC(69) Using 3 workers
[2026-04-03T02:21:30.096+0600][41.105s][info][gc,phases   ] GC(69) Pause Mark Start 0.016ms
[2026-04-03T02:21:30.216+0600][41.224s][info][gc,phases   ] GC(69) Concurrent Mark 119.706ms
[2026-04-03T02:21:30.217+0600][41.225s][info][gc,phases   ] GC(69) Pause Mark End 0.033ms
[2026-04-03T02:21:30.217+0600][41.225s][info][gc,phases   ] GC(69) Concurrent Mark Free 0.002ms
[2026-04-03T02:21:30.242+0600][41.250s][info][gc,phases   ] GC(69) Concurrent Process Non-Strong References 24.954ms
[2026-04-03T02:21:30.242+0600][41.250s][info][gc,phases   ] GC(69) Concurrent Reset Relocation Set 0.014ms
[2026-04-03T02:21:30.249+0600][41.257s][info][gc,phases   ] GC(69) Concurrent Select Relocation Set 6.519ms
[2026-04-03T02:21:30.250+0600][41.258s][info][gc,phases   ] GC(69) Pause Relocate Start 0.022ms
[2026-04-03T02:21:30.258+0600][41.266s][info][gc,phases   ] GC(69) Concurrent Relocate 7.506ms
[2026-04-03T02:21:30.258+0600][41.266s][info][gc,load     ] GC(69) Load: 7.64/6.50/5.95
[2026-04-03T02:21:30.258+0600][41.266s][info][gc,mmu      ] GC(69) MMU: 2ms/90.1%, 5ms/96.1%, 10ms/98.0%, 20ms/99.0%, 50ms/99.6%, 100ms/99.7%
[2026-04-03T02:21:30.258+0600][41.266s][info][gc,marking  ] GC(69) Mark: 2 stripe(s), 2 proactive flush(es), 1 terminate flush(es), 0 completion(s), 0 continuation(s) 
[2026-04-03T02:21:30.258+0600][41.266s][info][gc,marking  ] GC(69) Mark Stack Usage: 32M
[2026-04-03T02:21:30.258+0600][41.266s][info][gc,nmethod  ] GC(69) NMethods: 14206 registered, 1480 unregistered
[2026-04-03T02:21:30.258+0600][41.266s][info][gc,metaspace] GC(69) Metaspace: 127M used, 128M committed, 1152M reserved
[2026-04-03T02:21:30.258+0600][41.266s][info][gc,ref      ] GC(69) Soft: 3386 encountered, 0 discovered, 0 enqueued
[2026-04-03T02:21:30.258+0600][41.266s][info][gc,ref      ] GC(69) Weak: 15422 encountered, 4105 discovered, 13 enqueued
[2026-04-03T02:21:30.258+0600][41.266s][info][gc,ref      ] GC(69) Final: 84 encountered, 0 discovered, 0 enqueued
[2026-04-03T02:21:30.258+0600][41.266s][info][gc,ref      ] GC(69) Phantom: 620 encountered, 504 discovered, 0 enqueued
[2026-04-03T02:21:30.258+0600][41.266s][info][gc,reloc    ] GC(69) Small Pages: 193 / 386M, Empty: 76M, Relocated: 6M, In-Place: 0
[2026-04-03T02:21:30.258+0600][41.266s][info][gc,reloc    ] GC(69) Medium Pages: 5 / 80M, Empty: 48M, Relocated: 6M, In-Place: 0
[2026-04-03T02:21:30.258+0600][41.266s][info][gc,reloc    ] GC(69) Large Pages: 8 / 46M, Empty: 42M, Relocated: 0M, In-Place: 0
[2026-04-03T02:21:30.258+0600][41.266s][info][gc,reloc    ] GC(69) Forwarding Usage: 2M
[2026-04-03T02:21:30.258+0600][41.266s][info][gc,heap     ] GC(69) Min Capacity: 8M(1%)
[2026-04-03T02:21:30.258+0600][41.266s][info][gc,heap     ] GC(69) Max Capacity: 1000M(100%)
[2026-04-03T02:21:30.258+0600][41.266s][info][gc,heap     ] GC(69) Soft Max Capacity: 1000M(100%)
[2026-04-03T02:21:30.258+0600][41.266s][info][gc,heap     ] GC(69)                Mark Start          Mark End        Relocate Start      Relocate End           High               Low         
[2026-04-03T02:21:30.258+0600][41.266s][info][gc,heap     ] GC(69)  Capacity:     1000M (100%)       1000M (100%)       1000M (100%)       1000M (100%)       1000M (100%)       1000M (100%)   
[2026-04-03T02:21:30.258+0600][41.266s][info][gc,heap     ] GC(69)      Free:      488M (49%)         350M (35%)         492M (49%)         698M (70%)         702M (70%)         328M (33%)    
[2026-04-03T02:21:30.258+0600][41.266s][info][gc,heap     ] GC(69)      Used:      512M (51%)         650M (65%)         508M (51%)         302M (30%)         672M (67%)         298M (30%)    
[2026-04-03T02:21:30.258+0600][41.266s][info][gc,heap     ] GC(69)      Live:         -               106M (11%)         106M (11%)         106M (11%)            -                  -          
[2026-04-03T02:21:30.258+0600][41.266s][info][gc,heap     ] GC(69) Allocated:         -               138M (14%)         162M (16%)         169M (17%)            -                  -          
[2026-04-03T02:21:30.258+0600][41.266s][info][gc,heap     ] GC(69)   Garbage:         -               405M (41%)         239M (24%)          25M (3%)             -                  -          
[2026-04-03T02:21:30.258+0600][41.266s][info][gc,heap     ] GC(69) Reclaimed:         -                  -               166M (17%)         379M (38%)            -                  -          
[2026-04-03T02:21:30.258+0600][41.266s][info][gc          ] GC(69) Garbage Collection (Allocation Rate) 512M(51%)->302M(30%)
[2026-04-03T02:21:30.296+0600][41.304s][info][gc,start    ] GC(70) Garbage Collection (Allocation Rate)
[2026-04-03T02:21:30.296+0600][41.304s][info][gc,task     ] GC(70) Using 3 workers
[2026-04-03T02:21:30.297+0600][41.305s][info][gc,phases   ] GC(70) Pause Mark Start 0.016ms
[2026-04-03T02:21:30.427+0600][41.435s][info][gc,phases   ] GC(70) Concurrent Mark 129.660ms
[2026-04-03T02:21:30.427+0600][41.435s][info][gc,phases   ] GC(70) Pause Mark End 0.042ms
[2026-04-03T02:21:30.427+0600][41.435s][info][gc,phases   ] GC(70) Concurrent Mark Free 0.003ms
[2026-04-03T02:21:30.443+0600][41.451s][info][gc,phases   ] GC(70) Concurrent Process Non-Strong References 15.712ms
[2026-04-03T02:21:30.443+0600][41.451s][info][gc,phases   ] GC(70) Concurrent Reset Relocation Set 0.010ms
[2026-04-03T02:21:30.446+0600][41.454s][info][gc,phases   ] GC(70) Concurrent Select Relocation Set 3.097ms
[2026-04-03T02:21:30.447+0600][41.455s][info][gc,phases   ] GC(70) Pause Relocate Start 0.019ms
[2026-04-03T02:21:30.452+0600][41.460s][info][gc,phases   ] GC(70) Concurrent Relocate 5.286ms
[2026-04-03T02:21:30.452+0600][41.460s][info][gc,load     ] GC(70) Load: 7.64/6.50/5.95
[2026-04-03T02:21:30.452+0600][41.460s][info][gc,mmu      ] GC(70) MMU: 2ms/90.1%, 5ms/96.1%, 10ms/98.0%, 20ms/99.0%, 50ms/99.6%, 100ms/99.7%
[2026-04-03T02:21:30.452+0600][41.460s][info][gc,marking  ] GC(70) Mark: 2 stripe(s), 2 proactive flush(es), 1 terminate flush(es), 0 completion(s), 0 continuation(s) 
[2026-04-03T02:21:30.452+0600][41.460s][info][gc,marking  ] GC(70) Mark Stack Usage: 32M
[2026-04-03T02:21:30.452+0600][41.460s][info][gc,nmethod  ] GC(70) NMethods: 14225 registered, 1484 unregistered
[2026-04-03T02:21:30.452+0600][41.460s][info][gc,metaspace] GC(70) Metaspace: 127M used, 128M committed, 1152M reserved
[2026-04-03T02:21:30.452+0600][41.460s][info][gc,ref      ] GC(70) Soft: 3387 encountered, 0 discovered, 0 enqueued
[2026-04-03T02:21:30.452+0600][41.460s][info][gc,ref      ] GC(70) Weak: 15698 encountered, 3833 discovered, 12 enqueued
[2026-04-03T02:21:30.452+0600][41.460s][info][gc,ref      ] GC(70) Final: 84 encountered, 0 discovered, 0 enqueued
[2026-04-03T02:21:30.452+0600][41.460s][info][gc,ref      ] GC(70) Phantom: 620 encountered, 591 discovered, 0 enqueued
[2026-04-03T02:21:30.452+0600][41.460s][info][gc,reloc    ] GC(70) Small Pages: 132 / 264M, Empty: 32M, Relocated: 6M, In-Place: 0
[2026-04-03T02:21:30.452+0600][41.460s][info][gc,reloc    ] GC(70) Medium Pages: 3 / 48M, Empty: 32M, Relocated: 0M, In-Place: 0
[2026-04-03T02:21:30.452+0600][41.460s][info][gc,reloc    ] GC(70) Large Pages: 5 / 28M, Empty: 24M, Relocated: 0M, In-Place: 0
[2026-04-03T02:21:30.452+0600][41.460s][info][gc,reloc    ] GC(70) Forwarding Usage: 2M
[2026-04-03T02:21:30.452+0600][41.460s][info][gc,heap     ] GC(70) Min Capacity: 8M(1%)
[2026-04-03T02:21:30.452+0600][41.460s][info][gc,heap     ] GC(70) Max Capacity: 1000M(100%)
[2026-04-03T02:21:30.452+0600][41.460s][info][gc,heap     ] GC(70) Soft Max Capacity: 1000M(100%)
[2026-04-03T02:21:30.452+0600][41.460s][info][gc,heap     ] GC(70)                Mark Start          Mark End        Relocate Start      Relocate End           High               Low         
[2026-04-03T02:21:30.452+0600][41.461s][info][gc,heap     ] GC(70)  Capacity:     1000M (100%)       1000M (100%)       1000M (100%)       1000M (100%)       1000M (100%)       1000M (100%)   
[2026-04-03T02:21:30.452+0600][41.461s][info][gc,heap     ] GC(70)      Free:      660M (66%)         506M (51%)         586M (59%)         696M (70%)         696M (70%)         498M (50%)    
[2026-04-03T02:21:30.452+0600][41.461s][info][gc,heap     ] GC(70)      Used:      340M (34%)         494M (49%)         414M (41%)         304M (30%)         502M (50%)         304M (30%)    
[2026-04-03T02:21:30.452+0600][41.461s][info][gc,heap     ] GC(70)      Live:         -               105M (11%)         105M (11%)         105M (11%)            -                  -          
[2026-04-03T02:21:30.453+0600][41.461s][info][gc,heap     ] GC(70) Allocated:         -               154M (15%)         162M (16%)         173M (17%)            -                  -          
[2026-04-03T02:21:30.453+0600][41.461s][info][gc,heap     ] GC(70)   Garbage:         -               234M (23%)         146M (15%)          24M (2%)             -                  -          
[2026-04-03T02:21:30.453+0600][41.461s][info][gc,heap     ] GC(70) Reclaimed:         -                  -                88M (9%)          209M (21%)            -                  -          
[2026-04-03T02:21:30.453+0600][41.461s][info][gc          ] GC(70) Garbage Collection (Allocation Rate) 340M(34%)->304M(30%)
[2026-04-03T02:21:30.496+0600][41.504s][info][gc,start    ] GC(71) Garbage Collection (Allocation Rate)
[2026-04-03T02:21:30.496+0600][41.504s][info][gc,task     ] GC(71) Using 3 workers
[2026-04-03T02:21:30.496+0600][41.504s][info][gc,phases   ] GC(71) Pause Mark Start 0.016ms
[2026-04-03T02:21:30.579+0600][41.587s][info][gc,phases   ] GC(71) Concurrent Mark 82.481ms
[2026-04-03T02:21:30.579+0600][41.587s][info][gc,phases   ] GC(71) Pause Mark End 0.025ms
[2026-04-03T02:21:30.579+0600][41.587s][info][gc,phases   ] GC(71) Concurrent Mark Free 0.002ms
[2026-04-03T02:21:30.595+0600][41.603s][info][gc,phases   ] GC(71) Concurrent Process Non-Strong References 15.831ms
[2026-04-03T02:21:30.595+0600][41.603s][info][gc,phases   ] GC(71) Concurrent Reset Relocation Set 0.012ms
[2026-04-03T02:21:30.598+0600][41.606s][info][gc,phases   ] GC(71) Concurrent Select Relocation Set 3.358ms
[2026-04-03T02:21:30.599+0600][41.607s][info][gc,phases   ] GC(71) Pause Relocate Start 0.012ms
[2026-04-03T02:21:30.604+0600][41.612s][info][gc,phases   ] GC(71) Concurrent Relocate 4.864ms
[2026-04-03T02:21:30.604+0600][41.612s][info][gc,load     ] GC(71) Load: 7.64/6.50/5.95
[2026-04-03T02:21:30.604+0600][41.612s][info][gc,mmu      ] GC(71) MMU: 2ms/90.1%, 5ms/96.1%, 10ms/98.0%, 20ms/99.0%, 50ms/99.6%, 100ms/99.7%
[2026-04-03T02:21:30.604+0600][41.612s][info][gc,marking  ] GC(71) Mark: 2 stripe(s), 2 proactive flush(es), 1 terminate flush(es), 0 completion(s), 0 continuation(s) 
[2026-04-03T02:21:30.604+0600][41.612s][info][gc,marking  ] GC(71) Mark Stack Usage: 32M
[2026-04-03T02:21:30.604+0600][41.612s][info][gc,nmethod  ] GC(71) NMethods: 14236 registered, 1493 unregistered
[2026-04-03T02:21:30.604+0600][41.612s][info][gc,metaspace] GC(71) Metaspace: 127M used, 128M committed, 1152M reserved
[2026-04-03T02:21:30.604+0600][41.612s][info][gc,ref      ] GC(71) Soft: 3387 encountered, 0 discovered, 0 enqueued
[2026-04-03T02:21:30.604+0600][41.612s][info][gc,ref      ] GC(71) Weak: 15904 encountered, 5427 discovered, 1413 enqueued
[2026-04-03T02:21:30.604+0600][41.612s][info][gc,ref      ] GC(71) Final: 84 encountered, 0 discovered, 0 enqueued
[2026-04-03T02:21:30.604+0600][41.612s][info][gc,ref      ] GC(71) Phantom: 620 encountered, 508 discovered, 0 enqueued
[2026-04-03T02:21:30.604+0600][41.612s][info][gc,reloc    ] GC(71) Small Pages: 144 / 288M, Empty: 26M, Relocated: 6M, In-Place: 0
[2026-04-03T02:21:30.604+0600][41.612s][info][gc,reloc    ] GC(71) Medium Pages: 3 / 48M, Empty: 32M, Relocated: 0M, In-Place: 0
[2026-04-03T02:21:30.604+0600][41.612s][info][gc,reloc    ] GC(71) Large Pages: 4 / 22M, Empty: 18M, Relocated: 0M, In-Place: 0
[2026-04-03T02:21:30.604+0600][41.612s][info][gc,reloc    ] GC(71) Forwarding Usage: 2M
[2026-04-03T02:21:30.604+0600][41.612s][info][gc,heap     ] GC(71) Min Capacity: 8M(1%)
[2026-04-03T02:21:30.604+0600][41.612s][info][gc,heap     ] GC(71) Max Capacity: 1000M(100%)
[2026-04-03T02:21:30.604+0600][41.612s][info][gc,heap     ] GC(71) Soft Max Capacity: 1000M(100%)
[2026-04-03T02:21:30.604+0600][41.612s][info][gc,heap     ] GC(71)                Mark Start          Mark End        Relocate Start      Relocate End           High               Low         
[2026-04-03T02:21:30.604+0600][41.612s][info][gc,heap     ] GC(71)  Capacity:     1000M (100%)       1000M (100%)       1000M (100%)       1000M (100%)       1000M (100%)       1000M (100%)   
[2026-04-03T02:21:30.604+0600][41.612s][info][gc,heap     ] GC(71)      Free:      642M (64%)         558M (56%)         618M (62%)         768M (77%)         768M (77%)         542M (54%)    
[2026-04-03T02:21:30.604+0600][41.612s][info][gc,heap     ] GC(71)      Used:      358M (36%)         442M (44%)         382M (38%)         232M (23%)         458M (46%)         232M (23%)    
[2026-04-03T02:21:30.604+0600][41.612s][info][gc,heap     ] GC(71)      Live:         -               105M (11%)         105M (11%)         105M (11%)            -                  -          
[2026-04-03T02:21:30.604+0600][41.612s][info][gc,heap     ] GC(71) Allocated:         -                84M (8%)          100M (10%)         101M (10%)            -                  -          
[2026-04-03T02:21:30.604+0600][41.612s][info][gc,heap     ] GC(71)   Garbage:         -               252M (25%)         176M (18%)          24M (2%)             -                  -          
[2026-04-03T02:21:30.604+0600][41.612s][info][gc,heap     ] GC(71) Reclaimed:         -                  -                76M (8%)          227M (23%)            -                  -          
[2026-04-03T02:21:30.604+0600][41.612s][info][gc          ] GC(71) Garbage Collection (Allocation Rate) 358M(36%)->232M(23%)
[2026-04-03T02:21:30.895+0600][41.903s][info][gc,start    ] GC(72) Garbage Collection (Allocation Rate)
[2026-04-03T02:21:30.895+0600][41.903s][info][gc,task     ] GC(72) Using 3 workers
[2026-04-03T02:21:30.896+0600][41.904s][info][gc,phases   ] GC(72) Pause Mark Start 0.015ms
[2026-04-03T02:21:31.001+0600][42.009s][info][gc,phases   ] GC(72) Concurrent Mark 105.272ms
[2026-04-03T02:21:31.002+0600][42.010s][info][gc,phases   ] GC(72) Pause Mark End 0.038ms
[2026-04-03T02:21:31.002+0600][42.010s][info][gc,phases   ] GC(72) Concurrent Mark Free 0.003ms
[2026-04-03T02:21:31.017+0600][42.026s][info][gc,phases   ] GC(72) Concurrent Process Non-Strong References 15.542ms
[2026-04-03T02:21:31.018+0600][42.026s][info][gc,phases   ] GC(72) Concurrent Reset Relocation Set 0.009ms
[2026-04-03T02:21:31.022+0600][42.030s][info][gc,phases   ] GC(72) Concurrent Select Relocation Set 4.269ms
[2026-04-03T02:21:31.022+0600][42.030s][info][gc,phases   ] GC(72) Pause Relocate Start 0.014ms
[2026-04-03T02:21:31.030+0600][42.038s][info][gc,phases   ] GC(72) Concurrent Relocate 7.907ms
[2026-04-03T02:21:31.030+0600][42.038s][info][gc,load     ] GC(72) Load: 7.64/6.50/5.95
[2026-04-03T02:21:31.030+0600][42.038s][info][gc,mmu      ] GC(72) MMU: 2ms/90.1%, 5ms/96.1%, 10ms/98.0%, 20ms/99.0%, 50ms/99.6%, 100ms/99.7%
[2026-04-03T02:21:31.030+0600][42.038s][info][gc,marking  ] GC(72) Mark: 2 stripe(s), 2 proactive flush(es), 1 terminate flush(es), 0 completion(s), 0 continuation(s) 
[2026-04-03T02:21:31.030+0600][42.038s][info][gc,marking  ] GC(72) Mark Stack Usage: 32M
[2026-04-03T02:21:31.030+0600][42.038s][info][gc,nmethod  ] GC(72) NMethods: 14294 registered, 1509 unregistered
[2026-04-03T02:21:31.030+0600][42.038s][info][gc,metaspace] GC(72) Metaspace: 127M used, 128M committed, 1152M reserved
[2026-04-03T02:21:31.030+0600][42.038s][info][gc,ref      ] GC(72) Soft: 3392 encountered, 0 discovered, 0 enqueued
[2026-04-03T02:21:31.030+0600][42.038s][info][gc,ref      ] GC(72) Weak: 15140 encountered, 3986 discovered, 323 enqueued
[2026-04-03T02:21:31.030+0600][42.038s][info][gc,ref      ] GC(72) Final: 84 encountered, 0 discovered, 0 enqueued
[2026-04-03T02:21:31.030+0600][42.038s][info][gc,ref      ] GC(72) Phantom: 620 encountered, 501 discovered, 0 enqueued
[2026-04-03T02:21:31.030+0600][42.038s][info][gc,reloc    ] GC(72) Small Pages: 263 / 526M, Empty: 202M, Relocated: 10M, In-Place: 0
[2026-04-03T02:21:31.030+0600][42.038s][info][gc,reloc    ] GC(72) Medium Pages: 4 / 64M, Empty: 48M, Relocated: 0M, In-Place: 0
[2026-04-03T02:21:31.030+0600][42.038s][info][gc,reloc    ] GC(72) Large Pages: 9 / 52M, Empty: 48M, Relocated: 0M, In-Place: 0
[2026-04-03T02:21:31.030+0600][42.038s][info][gc,reloc    ] GC(72) Forwarding Usage: 4M
[2026-04-03T02:21:31.030+0600][42.038s][info][gc,heap     ] GC(72) Min Capacity: 8M(1%)
[2026-04-03T02:21:31.030+0600][42.038s][info][gc,heap     ] GC(72) Max Capacity: 1000M(100%)
[2026-04-03T02:21:31.030+0600][42.038s][info][gc,heap     ] GC(72) Soft Max Capacity: 1000M(100%)
[2026-04-03T02:21:31.030+0600][42.038s][info][gc,heap     ] GC(72)                Mark Start          Mark End        Relocate Start      Relocate End           High               Low         
[2026-04-03T02:21:31.030+0600][42.038s][info][gc,heap     ] GC(72)  Capacity:     1000M (100%)       1000M (100%)       1000M (100%)       1000M (100%)       1000M (100%)       1000M (100%)   
[2026-04-03T02:21:31.030+0600][42.038s][info][gc,heap     ] GC(72)      Free:      358M (36%)         254M (25%)         546M (55%)         750M (75%)         750M (75%)         254M (25%)    
[2026-04-03T02:21:31.030+0600][42.038s][info][gc,heap     ] GC(72)      Used:      642M (64%)         746M (75%)         454M (45%)         250M (25%)         746M (75%)         250M (25%)    
[2026-04-03T02:21:31.030+0600][42.039s][info][gc,heap     ] GC(72)      Live:         -               107M (11%)         107M (11%)         107M (11%)            -                  -          
[2026-04-03T02:21:31.030+0600][42.039s][info][gc,heap     ] GC(72) Allocated:         -               104M (10%)         110M (11%)         117M (12%)            -                  -          
[2026-04-03T02:21:31.030+0600][42.039s][info][gc,heap     ] GC(72)   Garbage:         -               534M (53%)         236M (24%)          24M (2%)             -                  -          
[2026-04-03T02:21:31.030+0600][42.039s][info][gc,heap     ] GC(72) Reclaimed:         -                  -               298M (30%)         509M (51%)            -                  -          
[2026-04-03T02:21:31.030+0600][42.039s][info][gc          ] GC(72) Garbage Collection (Allocation Rate) 642M(64%)->250M(25%)
[2026-04-03T02:21:31.196+0600][42.204s][info][gc,start    ] GC(73) Garbage Collection (Allocation Rate)
[2026-04-03T02:21:31.196+0600][42.204s][info][gc,task     ] GC(73) Using 3 workers
[2026-04-03T02:21:31.196+0600][42.204s][info][gc,phases   ] GC(73) Pause Mark Start 0.013ms
[2026-04-03T02:21:31.282+0600][42.290s][info][gc,phases   ] GC(73) Concurrent Mark 86.215ms
[2026-04-03T02:21:31.282+0600][42.291s][info][gc,phases   ] GC(73) Pause Mark End 0.026ms
[2026-04-03T02:21:31.283+0600][42.291s][info][gc,phases   ] GC(73) Concurrent Mark Free 0.001ms
[2026-04-03T02:21:31.296+0600][42.304s][info][gc,phases   ] GC(73) Concurrent Process Non-Strong References 13.413ms
[2026-04-03T02:21:31.296+0600][42.304s][info][gc,phases   ] GC(73) Concurrent Reset Relocation Set 0.018ms
[2026-04-03T02:21:31.296+0600][42.304s][info][gc          ] Allocation Stall (Executor task launch worker for task 0.0 in stage 1041.0 (TID 2039)) 64.081ms
[2026-04-03T02:21:31.296+0600][42.304s][info][gc          ] Allocation Stall (Executor task launch worker for task 1.0 in stage 1041.0 (TID 2040)) 60.287ms
[2026-04-03T02:21:31.296+0600][42.304s][info][gc          ] Allocation Stall (Executor task launch worker for task 2.0 in stage 1041.0 (TID 2041)) 60.379ms
[2026-04-03T02:21:31.296+0600][42.304s][info][gc          ] Allocation Stall (Executor task launch worker for task 3.0 in stage 1041.0 (TID 2042)) 62.551ms
[2026-04-03T02:21:31.299+0600][42.307s][info][gc,phases   ] GC(73) Concurrent Select Relocation Set 2.996ms
[2026-04-03T02:21:31.299+0600][42.307s][info][gc,phases   ] GC(73) Pause Relocate Start 0.011ms
[2026-04-03T02:21:31.306+0600][42.314s][info][gc,phases   ] GC(73) Concurrent Relocate 7.026ms
[2026-04-03T02:21:31.307+0600][42.315s][info][gc,load     ] GC(73) Load: 7.64/6.50/5.95
[2026-04-03T02:21:31.307+0600][42.315s][info][gc,mmu      ] GC(73) MMU: 2ms/90.1%, 5ms/96.1%, 10ms/98.0%, 20ms/99.0%, 50ms/99.6%, 100ms/99.7%
[2026-04-03T02:21:31.307+0600][42.315s][info][gc,marking  ] GC(73) Mark: 2 stripe(s), 2 proactive flush(es), 1 terminate flush(es), 0 completion(s), 0 continuation(s) 
[2026-04-03T02:21:31.307+0600][42.315s][info][gc,marking  ] GC(73) Mark Stack Usage: 32M
[2026-04-03T02:21:31.307+0600][42.315s][info][gc,nmethod  ] GC(73) NMethods: 14308 registered, 1518 unregistered
[2026-04-03T02:21:31.307+0600][42.315s][info][gc,metaspace] GC(73) Metaspace: 127M used, 128M committed, 1152M reserved
[2026-04-03T02:21:31.307+0600][42.315s][info][gc,ref      ] GC(73) Soft: 3388 encountered, 0 discovered, 0 enqueued
[2026-04-03T02:21:31.307+0600][42.315s][info][gc,ref      ] GC(73) Weak: 15297 encountered, 3963 discovered, 798 enqueued
[2026-04-03T02:21:31.307+0600][42.315s][info][gc,ref      ] GC(73) Final: 84 encountered, 0 discovered, 0 enqueued
[2026-04-03T02:21:31.307+0600][42.315s][info][gc,ref      ] GC(73) Phantom: 624 encountered, 519 discovered, 0 enqueued
[2026-04-03T02:21:31.307+0600][42.315s][info][gc,reloc    ] GC(73) Small Pages: 153 / 306M, Empty: 70M, Relocated: 6M, In-Place: 0
[2026-04-03T02:21:31.307+0600][42.315s][info][gc,reloc    ] GC(73) Medium Pages: 3 / 48M, Empty: 32M, Relocated: 0M, In-Place: 0
[2026-04-03T02:21:31.307+0600][42.315s][info][gc,reloc    ] GC(73) Large Pages: 79 / 472M, Empty: 444M, Relocated: 0M, In-Place: 0
[2026-04-03T02:21:31.307+0600][42.315s][info][gc,reloc    ] GC(73) Forwarding Usage: 1M
[2026-04-03T02:21:31.307+0600][42.315s][info][gc,heap     ] GC(73) Min Capacity: 8M(1%)
[2026-04-03T02:21:31.307+0600][42.315s][info][gc,heap     ] GC(73) Max Capacity: 1000M(100%)
[2026-04-03T02:21:31.307+0600][42.315s][info][gc,heap     ] GC(73) Soft Max Capacity: 1000M(100%)
[2026-04-03T02:21:31.307+0600][42.315s][info][gc,heap     ] GC(73)                Mark Start          Mark End        Relocate Start      Relocate End           High               Low         
[2026-04-03T02:21:31.307+0600][42.315s][info][gc,heap     ] GC(73)  Capacity:     1000M (100%)       1000M (100%)       1000M (100%)       1000M (100%)       1000M (100%)       1000M (100%)   
[2026-04-03T02:21:31.307+0600][42.315s][info][gc,heap     ] GC(73)      Free:      174M (17%)           4M (0%)          516M (52%)         522M (52%)         592M (59%)           4M (0%)     
[2026-04-03T02:21:31.307+0600][42.315s][info][gc,heap     ] GC(73)      Used:      826M (83%)         996M (100%)        484M (48%)         478M (48%)         996M (100%)        408M (41%)    
[2026-04-03T02:21:31.307+0600][42.315s][info][gc,heap     ] GC(73)      Live:         -               129M (13%)         129M (13%)         129M (13%)            -                  -          
[2026-04-03T02:21:31.307+0600][42.315s][info][gc,heap     ] GC(73) Allocated:         -               170M (17%)         204M (20%)         319M (32%)            -                  -          
[2026-04-03T02:21:31.307+0600][42.315s][info][gc,heap     ] GC(73)   Garbage:         -               696M (70%)         150M (15%)          28M (3%)             -                  -          
[2026-04-03T02:21:31.307+0600][42.315s][info][gc,heap     ] GC(73) Reclaimed:         -                  -               546M (55%)         667M (67%)            -                  -          
[2026-04-03T02:21:31.307+0600][42.315s][info][gc          ] GC(73) Garbage Collection (Allocation Rate) 826M(83%)->478M(48%)
[2026-04-03T02:21:31.396+0600][42.404s][info][gc,start    ] GC(74) Garbage Collection (Allocation Stall)
[2026-04-03T02:21:31.396+0600][42.404s][info][gc,ref      ] GC(74) Clearing All SoftReferences
[2026-04-03T02:21:31.396+0600][42.404s][info][gc,task     ] GC(74) Using 3 workers
[2026-04-03T02:21:31.396+0600][42.404s][info][gc,ref      ] GC(74) Clearing All SoftReferences
[2026-04-03T02:21:31.396+0600][42.404s][info][gc,phases   ] GC(74) Pause Mark Start 0.083ms
[2026-04-03T02:21:31.490+0600][42.499s][info][gc,phases   ] GC(74) Concurrent Mark 94.090ms
[2026-04-03T02:21:31.491+0600][42.499s][info][gc,phases   ] GC(74) Pause Mark End 0.084ms
[2026-04-03T02:21:31.491+0600][42.499s][info][gc,phases   ] GC(74) Concurrent Mark Free 0.002ms
[2026-04-03T02:21:31.544+0600][42.553s][info][gc,phases   ] GC(74) Concurrent Process Non-Strong References 53.495ms
[2026-04-03T02:21:31.545+0600][42.553s][info][gc,phases   ] GC(74) Concurrent Reset Relocation Set 0.013ms
[2026-04-03T02:21:31.549+0600][42.558s][info][gc,phases   ] GC(74) Concurrent Select Relocation Set 4.898ms
[2026-04-03T02:21:31.550+0600][42.558s][info][gc,phases   ] GC(74) Pause Relocate Start 0.017ms
[2026-04-03T02:21:31.555+0600][42.563s][info][gc,phases   ] GC(74) Concurrent Relocate 4.830ms
[2026-04-03T02:21:31.555+0600][42.563s][info][gc,load     ] GC(74) Load: 7.64/6.50/5.95
[2026-04-03T02:21:31.555+0600][42.563s][info][gc,mmu      ] GC(74) MMU: 2ms/90.1%, 5ms/96.1%, 10ms/98.0%, 20ms/99.0%, 50ms/99.6%, 100ms/99.7%
[2026-04-03T02:21:31.555+0600][42.563s][info][gc,marking  ] GC(74) Mark: 2 stripe(s), 2 proactive flush(es), 3 terminate flush(es), 1 completion(s), 0 continuation(s) 
[2026-04-03T02:21:31.555+0600][42.563s][info][gc,marking  ] GC(74) Mark Stack Usage: 32M
[2026-04-03T02:21:31.555+0600][42.563s][info][gc,nmethod  ] GC(74) NMethods: 14359 registered, 1527 unregistered
[2026-04-03T02:21:31.555+0600][42.563s][info][gc,metaspace] GC(74) Metaspace: 127M used, 128M committed, 1152M reserved
[2026-04-03T02:21:31.555+0600][42.563s][info][gc,ref      ] GC(74) Soft: 3344 encountered, 744 discovered, 124 enqueued
[2026-04-03T02:21:31.555+0600][42.563s][info][gc,ref      ] GC(74) Weak: 14611 encountered, 3344 discovered, 179 enqueued
[2026-04-03T02:21:31.555+0600][42.563s][info][gc,ref      ] GC(74) Final: 84 encountered, 0 discovered, 0 enqueued
[2026-04-03T02:21:31.555+0600][42.563s][info][gc,ref      ] GC(74) Phantom: 620 encountered, 517 discovered, 0 enqueued
[2026-04-03T02:21:31.555+0600][42.563s][info][gc,reloc    ] GC(74) Small Pages: 126 / 252M, Empty: 20M, Relocated: 6M, In-Place: 0
[2026-04-03T02:21:31.555+0600][42.563s][info][gc,reloc    ] GC(74) Medium Pages: 2 / 32M, Empty: 16M, Relocated: 0M, In-Place: 0
[2026-04-03T02:21:31.555+0600][42.563s][info][gc,reloc    ] GC(74) Large Pages: 63 / 376M, Empty: 366M, Relocated: 0M, In-Place: 0
[2026-04-03T02:21:31.555+0600][42.563s][info][gc,reloc    ] GC(74) Forwarding Usage: 2M
[2026-04-03T02:21:31.555+0600][42.563s][info][gc,heap     ] GC(74) Min Capacity: 8M(1%)
[2026-04-03T02:21:31.555+0600][42.563s][info][gc,heap     ] GC(74) Max Capacity: 1000M(100%)
[2026-04-03T02:21:31.555+0600][42.563s][info][gc,heap     ] GC(74) Soft Max Capacity: 1000M(100%)
[2026-04-03T02:21:31.555+0600][42.563s][info][gc,heap     ] GC(74)                Mark Start          Mark End        Relocate Start      Relocate End           High               Low         
[2026-04-03T02:21:31.555+0600][42.563s][info][gc,heap     ] GC(74)  Capacity:     1000M (100%)       1000M (100%)       1000M (100%)       1000M (100%)       1000M (100%)       1000M (100%)   
[2026-04-03T02:21:31.555+0600][42.563s][info][gc,heap     ] GC(74)      Free:      340M (34%)         244M (24%)         620M (62%)         742M (74%)         742M (74%)         218M (22%)    
[2026-04-03T02:21:31.555+0600][42.563s][info][gc,heap     ] GC(74)      Used:      660M (66%)         756M (76%)         380M (38%)         258M (26%)         782M (78%)         258M (26%)    
[2026-04-03T02:21:31.555+0600][42.563s][info][gc,heap     ] GC(74)      Live:         -               106M (11%)         106M (11%)         106M (11%)            -                  -          
[2026-04-03T02:21:31.555+0600][42.563s][info][gc,heap     ] GC(74) Allocated:         -                96M (10%)         122M (12%)         121M (12%)            -                  -          
[2026-04-03T02:21:31.555+0600][42.563s][info][gc,heap     ] GC(74)   Garbage:         -               553M (55%)         151M (15%)          29M (3%)             -                  -          
[2026-04-03T02:21:31.555+0600][42.563s][info][gc,heap     ] GC(74) Reclaimed:         -                  -               402M (40%)         523M (52%)            -                  -          
[2026-04-03T02:21:31.555+0600][42.563s][info][gc          ] GC(74) Garbage Collection (Allocation Stall) 660M(66%)->258M(26%)
[2026-04-03T02:21:31.595+0600][42.603s][info][gc,start    ] GC(75) Garbage Collection (Allocation Rate)
[2026-04-03T02:21:31.595+0600][42.603s][info][gc,task     ] GC(75) Using 3 workers
[2026-04-03T02:21:31.595+0600][42.603s][info][gc,phases   ] GC(75) Pause Mark Start 0.010ms
[2026-04-03T02:21:31.671+0600][42.679s][info][gc,phases   ] GC(75) Concurrent Mark 75.332ms
[2026-04-03T02:21:31.671+0600][42.679s][info][gc,phases   ] GC(75) Pause Mark End 0.047ms
[2026-04-03T02:21:31.671+0600][42.679s][info][gc,phases   ] GC(75) Concurrent Mark Free 0.003ms
[2026-04-03T02:21:31.709+0600][42.717s][info][gc,phases   ] GC(75) Concurrent Process Non-Strong References 37.206ms
[2026-04-03T02:21:31.709+0600][42.717s][info][gc,phases   ] GC(75) Concurrent Reset Relocation Set 0.011ms
[2026-04-03T02:21:31.712+0600][42.720s][info][gc,phases   ] GC(75) Concurrent Select Relocation Set 3.429ms
[2026-04-03T02:21:31.712+0600][42.721s][info][gc,phases   ] GC(75) Pause Relocate Start 0.013ms
[2026-04-03T02:21:31.715+0600][42.723s][info][gc,phases   ] GC(75) Concurrent Relocate 2.506ms
[2026-04-03T02:21:31.715+0600][42.723s][info][gc,load     ] GC(75) Load: 7.64/6.50/5.95
[2026-04-03T02:21:31.715+0600][42.723s][info][gc,mmu      ] GC(75) MMU: 2ms/90.1%, 5ms/96.1%, 10ms/98.0%, 20ms/99.0%, 50ms/99.6%, 100ms/99.7%
[2026-04-03T02:21:31.715+0600][42.723s][info][gc,marking  ] GC(75) Mark: 2 stripe(s), 2 proactive flush(es), 1 terminate flush(es), 0 completion(s), 0 continuation(s) 
[2026-04-03T02:21:31.715+0600][42.723s][info][gc,marking  ] GC(75) Mark Stack Usage: 32M
[2026-04-03T02:21:31.715+0600][42.723s][info][gc,nmethod  ] GC(75) NMethods: 14360 registered, 1535 unregistered
[2026-04-03T02:21:31.715+0600][42.723s][info][gc,metaspace] GC(75) Metaspace: 127M used, 128M committed, 1152M reserved
[2026-04-03T02:21:31.715+0600][42.723s][info][gc,ref      ] GC(75) Soft: 3234 encountered, 0 discovered, 0 enqueued
[2026-04-03T02:21:31.715+0600][42.723s][info][gc,ref      ] GC(75) Weak: 14555 encountered, 4491 discovered, 432 enqueued
[2026-04-03T02:21:31.715+0600][42.723s][info][gc,ref      ] GC(75) Final: 84 encountered, 0 discovered, 0 enqueued
[2026-04-03T02:21:31.715+0600][42.723s][info][gc,ref      ] GC(75) Phantom: 620 encountered, 516 discovered, 0 enqueued
[2026-04-03T02:21:31.715+0600][42.723s][info][gc,reloc    ] GC(75) Small Pages: 98 / 196M, Empty: 4M, Relocated: 2M, In-Place: 0
[2026-04-03T02:21:31.715+0600][42.723s][info][gc,reloc    ] GC(75) Medium Pages: 3 / 48M, Empty: 32M, Relocated: 0M, In-Place: 0
[2026-04-03T02:21:31.715+0600][42.723s][info][gc,reloc    ] GC(75) Large Pages: 6 / 34M, Empty: 30M, Relocated: 0M, In-Place: 0
[2026-04-03T02:21:31.715+0600][42.723s][info][gc,reloc    ] GC(75) Forwarding Usage: 0M
[2026-04-03T02:21:31.715+0600][42.723s][info][gc,heap     ] GC(75) Min Capacity: 8M(1%)
[2026-04-03T02:21:31.715+0600][42.723s][info][gc,heap     ] GC(75) Max Capacity: 1000M(100%)
[2026-04-03T02:21:31.715+0600][42.723s][info][gc,heap     ] GC(75) Soft Max Capacity: 1000M(100%)
[2026-04-03T02:21:31.715+0600][42.723s][info][gc,heap     ] GC(75)                Mark Start          Mark End        Relocate Start      Relocate End           High               Low         
[2026-04-03T02:21:31.715+0600][42.723s][info][gc,heap     ] GC(75)  Capacity:     1000M (100%)       1000M (100%)       1000M (100%)       1000M (100%)       1000M (100%)       1000M (100%)   
[2026-04-03T02:21:31.715+0600][42.723s][info][gc,heap     ] GC(75)      Free:      722M (72%)         686M (69%)         722M (72%)         804M (80%)         804M (80%)         658M (66%)    
[2026-04-03T02:21:31.715+0600][42.723s][info][gc,heap     ] GC(75)      Used:      278M (28%)         314M (31%)         278M (28%)         196M (20%)         342M (34%)         196M (20%)    
[2026-04-03T02:21:31.715+0600][42.723s][info][gc,heap     ] GC(75)      Live:         -               101M (10%)         101M (10%)         101M (10%)            -                  -          
[2026-04-03T02:21:31.715+0600][42.723s][info][gc,heap     ] GC(75) Allocated:         -                36M (4%)           66M (7%)           67M (7%)             -                  -          
[2026-04-03T02:21:31.715+0600][42.724s][info][gc,heap     ] GC(75)   Garbage:         -               176M (18%)         110M (11%)          26M (3%)             -                  -          
[2026-04-03T02:21:31.715+0600][42.724s][info][gc,heap     ] GC(75) Reclaimed:         -                  -                66M (7%)          149M (15%)            -                  -          
[2026-04-03T02:21:31.715+0600][42.724s][info][gc          ] GC(75) Garbage Collection (Allocation Rate) 278M(28%)->196M(20%)
[2026-04-03T02:21:31.796+0600][42.804s][info][gc,start    ] GC(76) Garbage Collection (Allocation Rate)
[2026-04-03T02:21:31.796+0600][42.804s][info][gc,task     ] GC(76) Using 3 workers
[2026-04-03T02:21:31.796+0600][42.804s][info][gc,phases   ] GC(76) Pause Mark Start 0.010ms
[2026-04-03T02:21:31.884+0600][42.892s][info][gc,phases   ] GC(76) Concurrent Mark 86.859ms
[2026-04-03T02:21:31.885+0600][42.893s][info][gc,phases   ] GC(76) Pause Mark End 0.027ms
[2026-04-03T02:21:31.885+0600][42.893s][info][gc,phases   ] GC(76) Concurrent Mark Free 0.002ms
[2026-04-03T02:21:31.900+0600][42.909s][info][gc,phases   ] GC(76) Concurrent Process Non-Strong References 15.587ms
[2026-04-03T02:21:31.901+0600][42.909s][info][gc,phases   ] GC(76) Concurrent Reset Relocation Set 0.009ms
[2026-04-03T02:21:31.905+0600][42.913s][info][gc,phases   ] GC(76) Concurrent Select Relocation Set 4.095ms
[2026-04-03T02:21:31.905+0600][42.913s][info][gc,phases   ] GC(76) Pause Relocate Start 0.013ms
[2026-04-03T02:21:31.906+0600][42.915s][info][gc,phases   ] GC(76) Concurrent Relocate 1.491ms
[2026-04-03T02:21:31.907+0600][42.915s][info][gc,load     ] GC(76) Load: 7.64/6.50/5.95
[2026-04-03T02:21:31.907+0600][42.915s][info][gc,mmu      ] GC(76) MMU: 2ms/90.1%, 5ms/96.1%, 10ms/98.0%, 20ms/99.0%, 50ms/99.6%, 100ms/99.7%
[2026-04-03T02:21:31.907+0600][42.915s][info][gc,marking  ] GC(76) Mark: 2 stripe(s), 2 proactive flush(es), 1 terminate flush(es), 0 completion(s), 0 continuation(s) 
[2026-04-03T02:21:31.907+0600][42.915s][info][gc,marking  ] GC(76) Mark Stack Usage: 32M
[2026-04-03T02:21:31.907+0600][42.915s][info][gc,nmethod  ] GC(76) NMethods: 14357 registered, 1543 unregistered
[2026-04-03T02:21:31.907+0600][42.915s][info][gc,metaspace] GC(76) Metaspace: 127M used, 128M committed, 1152M reserved
[2026-04-03T02:21:31.907+0600][42.915s][info][gc,ref      ] GC(76) Soft: 3236 encountered, 0 discovered, 0 enqueued
[2026-04-03T02:21:31.907+0600][42.915s][info][gc,ref      ] GC(76) Weak: 14127 encountered, 4040 discovered, 6 enqueued
[2026-04-03T02:21:31.907+0600][42.915s][info][gc,ref      ] GC(76) Final: 84 encountered, 1 discovered, 0 enqueued
[2026-04-03T02:21:31.907+0600][42.915s][info][gc,ref      ] GC(76) Phantom: 620 encountered, 531 discovered, 0 enqueued
[2026-04-03T02:21:31.907+0600][42.915s][info][gc,reloc    ] GC(76) Small Pages: 110 / 220M, Empty: 14M, Relocated: 1M, In-Place: 0
[2026-04-03T02:21:31.907+0600][42.915s][info][gc,reloc    ] GC(76) Medium Pages: 1 / 16M, Empty: 0M, Relocated: 0M, In-Place: 0
[2026-04-03T02:21:31.907+0600][42.915s][info][gc,reloc    ] GC(76) Large Pages: 1 / 4M, Empty: 0M, Relocated: 0M, In-Place: 0
[2026-04-03T02:21:31.907+0600][42.915s][info][gc,reloc    ] GC(76) Forwarding Usage: 0M
[2026-04-03T02:21:31.907+0600][42.915s][info][gc,heap     ] GC(76) Min Capacity: 8M(1%)
[2026-04-03T02:21:31.907+0600][42.915s][info][gc,heap     ] GC(76) Max Capacity: 1000M(100%)
[2026-04-03T02:21:31.907+0600][42.915s][info][gc,heap     ] GC(76) Soft Max Capacity: 1000M(100%)
[2026-04-03T02:21:31.907+0600][42.915s][info][gc,heap     ] GC(76)                Mark Start          Mark End        Relocate Start      Relocate End           High               Low         
[2026-04-03T02:21:31.907+0600][42.915s][info][gc,heap     ] GC(76)  Capacity:     1000M (100%)       1000M (100%)       1000M (100%)       1000M (100%)       1000M (100%)       1000M (100%)   
[2026-04-03T02:21:31.907+0600][42.915s][info][gc,heap     ] GC(76)      Free:      760M (76%)         720M (72%)         726M (73%)         822M (82%)         822M (82%)         714M (71%)    
[2026-04-03T02:21:31.907+0600][42.915s][info][gc,heap     ] GC(76)      Used:      240M (24%)         280M (28%)         274M (27%)         178M (18%)         286M (29%)         178M (18%)    
[2026-04-03T02:21:31.907+0600][42.915s][info][gc,heap     ] GC(76)      Live:         -               101M (10%)         101M (10%)         101M (10%)            -                  -          
[2026-04-03T02:21:31.907+0600][42.915s][info][gc,heap     ] GC(76) Allocated:         -                40M (4%)           48M (5%)           47M (5%)             -                  -          
[2026-04-03T02:21:31.907+0600][42.915s][info][gc,heap     ] GC(76)   Garbage:         -               138M (14%)         124M (12%)          28M (3%)             -                  -          
[2026-04-03T02:21:31.907+0600][42.915s][info][gc,heap     ] GC(76) Reclaimed:         -                  -                14M (1%)          109M (11%)            -                  -          
[2026-04-03T02:21:31.907+0600][42.915s][info][gc          ] GC(76) Garbage Collection (Allocation Rate) 240M(24%)->178M(18%)
[2026-04-03T02:21:32.096+0600][43.104s][info][gc,start    ] GC(77) Garbage Collection (Allocation Rate)
[2026-04-03T02:21:32.096+0600][43.104s][info][gc,task     ] GC(77) Using 3 workers
[2026-04-03T02:21:32.096+0600][43.104s][info][gc,phases   ] GC(77) Pause Mark Start 0.010ms
[2026-04-03T02:21:32.205+0600][43.213s][info][gc,phases   ] GC(77) Concurrent Mark 108.500ms
[2026-04-03T02:21:32.205+0600][43.213s][info][gc,phases   ] GC(77) Pause Mark End 0.041ms
[2026-04-03T02:21:32.205+0600][43.213s][info][gc,phases   ] GC(77) Concurrent Mark Free 0.001ms
[2026-04-03T02:21:32.228+0600][43.236s][info][gc,phases   ] GC(77) Concurrent Process Non-Strong References 22.566ms
[2026-04-03T02:21:32.228+0600][43.236s][info][gc,phases   ] GC(77) Concurrent Reset Relocation Set 0.009ms
[2026-04-03T02:21:32.235+0600][43.243s][info][gc,phases   ] GC(77) Concurrent Select Relocation Set 6.613ms
[2026-04-03T02:21:32.235+0600][43.243s][info][gc,phases   ] GC(77) Pause Relocate Start 0.018ms
[2026-04-03T02:21:32.241+0600][43.249s][info][gc,phases   ] GC(77) Concurrent Relocate 5.848ms
[2026-04-03T02:21:32.241+0600][43.249s][info][gc,load     ] GC(77) Load: 7.64/6.50/5.95
[2026-04-03T02:21:32.241+0600][43.249s][info][gc,mmu      ] GC(77) MMU: 2ms/90.1%, 5ms/96.1%, 10ms/98.0%, 20ms/99.0%, 50ms/99.6%, 100ms/99.7%
[2026-04-03T02:21:32.241+0600][43.249s][info][gc,marking  ] GC(77) Mark: 2 stripe(s), 2 proactive flush(es), 1 terminate flush(es), 0 completion(s), 0 continuation(s) 
[2026-04-03T02:21:32.241+0600][43.249s][info][gc,marking  ] GC(77) Mark Stack Usage: 32M
[2026-04-03T02:21:32.241+0600][43.249s][info][gc,nmethod  ] GC(77) NMethods: 14361 registered, 1552 unregistered
[2026-04-03T02:21:32.241+0600][43.249s][info][gc,metaspace] GC(77) Metaspace: 127M used, 128M committed, 1152M reserved
[2026-04-03T02:21:32.241+0600][43.249s][info][gc,ref      ] GC(77) Soft: 3267 encountered, 0 discovered, 0 enqueued
[2026-04-03T02:21:32.241+0600][43.249s][info][gc,ref      ] GC(77) Weak: 14715 encountered, 4711 discovered, 30 enqueued
[2026-04-03T02:21:32.241+0600][43.249s][info][gc,ref      ] GC(77) Final: 84 encountered, 0 discovered, 0 enqueued
[2026-04-03T02:21:32.241+0600][43.249s][info][gc,ref      ] GC(77) Phantom: 620 encountered, 516 discovered, 0 enqueued
[2026-04-03T02:21:32.241+0600][43.249s][info][gc,reloc    ] GC(77) Small Pages: 160 / 320M, Empty: 54M, Relocated: 5M, In-Place: 0
[2026-04-03T02:21:32.241+0600][43.249s][info][gc,reloc    ] GC(77) Medium Pages: 4 / 64M, Empty: 48M, Relocated: 0M, In-Place: 0
[2026-04-03T02:21:32.241+0600][43.249s][info][gc,reloc    ] GC(77) Large Pages: 5 / 28M, Empty: 24M, Relocated: 0M, In-Place: 0
[2026-04-03T02:21:32.241+0600][43.249s][info][gc,reloc    ] GC(77) Forwarding Usage: 1M
[2026-04-03T02:21:32.241+0600][43.249s][info][gc,heap     ] GC(77) Min Capacity: 8M(1%)
[2026-04-03T02:21:32.241+0600][43.249s][info][gc,heap     ] GC(77) Max Capacity: 1000M(100%)
[2026-04-03T02:21:32.241+0600][43.249s][info][gc,heap     ] GC(77) Soft Max Capacity: 1000M(100%)
[2026-04-03T02:21:32.241+0600][43.249s][info][gc,heap     ] GC(77)                Mark Start          Mark End        Relocate Start      Relocate End           High               Low         
[2026-04-03T02:21:32.241+0600][43.249s][info][gc,heap     ] GC(77)  Capacity:     1000M (100%)       1000M (100%)       1000M (100%)       1000M (100%)       1000M (100%)       1000M (100%)   
[2026-04-03T02:21:32.241+0600][43.249s][info][gc,heap     ] GC(77)      Free:      588M (59%)         456M (46%)         554M (55%)         710M (71%)         710M (71%)         430M (43%)    
[2026-04-03T02:21:32.241+0600][43.249s][info][gc,heap     ] GC(77)      Used:      412M (41%)         544M (54%)         446M (45%)         290M (29%)         570M (57%)         290M (29%)    
[2026-04-03T02:21:32.241+0600][43.249s][info][gc,heap     ] GC(77)      Live:         -               102M (10%)         102M (10%)         102M (10%)            -                  -          
[2026-04-03T02:21:32.241+0600][43.249s][info][gc,heap     ] GC(77) Allocated:         -               132M (13%)         160M (16%)         161M (16%)            -                  -          
[2026-04-03T02:21:32.241+0600][43.249s][info][gc,heap     ] GC(77)   Garbage:         -               309M (31%)         183M (18%)          25M (3%)             -                  -          
[2026-04-03T02:21:32.241+0600][43.249s][info][gc,heap     ] GC(77) Reclaimed:         -                  -               126M (13%)         283M (28%)            -                  -          
[2026-04-03T02:21:32.241+0600][43.249s][info][gc          ] GC(77) Garbage Collection (Allocation Rate) 412M(41%)->290M(29%)
[2026-04-03T02:21:32.295+0600][43.303s][info][gc,start    ] GC(78) Garbage Collection (Allocation Rate)
[2026-04-03T02:21:32.295+0600][43.303s][info][gc,task     ] GC(78) Using 3 workers
[2026-04-03T02:21:32.295+0600][43.304s][info][gc,phases   ] GC(78) Pause Mark Start 0.013ms
[2026-04-03T02:21:32.419+0600][43.427s][info][gc,phases   ] GC(78) Concurrent Mark 123.294ms
[2026-04-03T02:21:32.419+0600][43.427s][info][gc,phases   ] GC(78) Pause Mark End 0.026ms
[2026-04-03T02:21:32.419+0600][43.427s][info][gc,phases   ] GC(78) Concurrent Mark Free 0.003ms
[2026-04-03T02:21:32.438+0600][43.446s][info][gc,phases   ] GC(78) Concurrent Process Non-Strong References 18.954ms
[2026-04-03T02:21:32.438+0600][43.446s][info][gc,phases   ] GC(78) Concurrent Reset Relocation Set 0.013ms
[2026-04-03T02:21:32.442+0600][43.450s][info][gc,phases   ] GC(78) Concurrent Select Relocation Set 3.523ms
[2026-04-03T02:21:32.443+0600][43.451s][info][gc,phases   ] GC(78) Pause Relocate Start 0.016ms
[2026-04-03T02:21:32.447+0600][43.455s][info][gc,phases   ] GC(78) Concurrent Relocate 3.924ms
[2026-04-03T02:21:32.447+0600][43.455s][info][gc,load     ] GC(78) Load: 7.64/6.50/5.95
[2026-04-03T02:21:32.447+0600][43.455s][info][gc,mmu      ] GC(78) MMU: 2ms/90.1%, 5ms/96.1%, 10ms/98.0%, 20ms/99.0%, 50ms/99.6%, 100ms/99.7%
[2026-04-03T02:21:32.447+0600][43.455s][info][gc,marking  ] GC(78) Mark: 2 stripe(s), 2 proactive flush(es), 1 terminate flush(es), 0 completion(s), 0 continuation(s) 
[2026-04-03T02:21:32.447+0600][43.455s][info][gc,marking  ] GC(78) Mark Stack Usage: 32M
[2026-04-03T02:21:32.447+0600][43.455s][info][gc,nmethod  ] GC(78) NMethods: 14375 registered, 1556 unregistered
[2026-04-03T02:21:32.447+0600][43.456s][info][gc,metaspace] GC(78) Metaspace: 127M used, 128M committed, 1152M reserved
[2026-04-03T02:21:32.447+0600][43.456s][info][gc,ref      ] GC(78) Soft: 3275 encountered, 0 discovered, 0 enqueued
[2026-04-03T02:21:32.447+0600][43.456s][info][gc,ref      ] GC(78) Weak: 14977 encountered, 3887 discovered, 9 enqueued
[2026-04-03T02:21:32.447+0600][43.456s][info][gc,ref      ] GC(78) Final: 84 encountered, 0 discovered, 0 enqueued
[2026-04-03T02:21:32.447+0600][43.456s][info][gc,ref      ] GC(78) Phantom: 620 encountered, 509 discovered, 0 enqueued
[2026-04-03T02:21:32.448+0600][43.456s][info][gc,reloc    ] GC(78) Small Pages: 133 / 266M, Empty: 36M, Relocated: 3M, In-Place: 0
[2026-04-03T02:21:32.448+0600][43.456s][info][gc,reloc    ] GC(78) Medium Pages: 4 / 64M, Empty: 48M, Relocated: 0M, In-Place: 0
[2026-04-03T02:21:32.448+0600][43.456s][info][gc,reloc    ] GC(78) Large Pages: 6 / 34M, Empty: 30M, Relocated: 0M, In-Place: 0
[2026-04-03T02:21:32.448+0600][43.456s][info][gc,reloc    ] GC(78) Forwarding Usage: 0M
[2026-04-03T02:21:32.448+0600][43.456s][info][gc,heap     ] GC(78) Min Capacity: 8M(1%)
[2026-04-03T02:21:32.448+0600][43.456s][info][gc,heap     ] GC(78) Max Capacity: 1000M(100%)
[2026-04-03T02:21:32.448+0600][43.456s][info][gc,heap     ] GC(78) Soft Max Capacity: 1000M(100%)
[2026-04-03T02:21:32.448+0600][43.456s][info][gc,heap     ] GC(78)                Mark Start          Mark End        Relocate Start      Relocate End           High               Low         
[2026-04-03T02:21:32.448+0600][43.456s][info][gc,heap     ] GC(78)  Capacity:     1000M (100%)       1000M (100%)       1000M (100%)       1000M (100%)       1000M (100%)       1000M (100%)   
[2026-04-03T02:21:32.448+0600][43.456s][info][gc,heap     ] GC(78)      Free:      636M (64%)         480M (48%)         560M (56%)         678M (68%)         678M (68%)         448M (45%)    
[2026-04-03T02:21:32.448+0600][43.456s][info][gc,heap     ] GC(78)      Used:      364M (36%)         520M (52%)         440M (44%)         322M (32%)         552M (55%)         322M (32%)    
[2026-04-03T02:21:32.448+0600][43.456s][info][gc,heap     ] GC(78)      Live:         -               103M (10%)         103M (10%)         103M (10%)            -                  -          
[2026-04-03T02:21:32.448+0600][43.456s][info][gc,heap     ] GC(78) Allocated:         -               156M (16%)         190M (19%)         191M (19%)            -                  -          
[2026-04-03T02:21:32.448+0600][43.456s][info][gc,heap     ] GC(78)   Garbage:         -               260M (26%)         146M (15%)          26M (3%)             -                  -          
[2026-04-03T02:21:32.448+0600][43.456s][info][gc,heap     ] GC(78) Reclaimed:         -                  -               114M (11%)         233M (23%)            -                  -          
[2026-04-03T02:21:32.448+0600][43.456s][info][gc          ] GC(78) Garbage Collection (Allocation Rate) 364M(36%)->322M(32%)
[2026-04-03T02:21:32.495+0600][43.504s][info][gc,start    ] GC(79) Garbage Collection (Allocation Rate)
[2026-04-03T02:21:32.496+0600][43.504s][info][gc,task     ] GC(79) Using 3 workers
[2026-04-03T02:21:32.496+0600][43.504s][info][gc,phases   ] GC(79) Pause Mark Start 0.020ms
[2026-04-03T02:21:32.605+0600][43.613s][info][gc,phases   ] GC(79) Concurrent Mark 109.031ms
[2026-04-03T02:21:32.605+0600][43.613s][info][gc,phases   ] GC(79) Pause Mark End 0.029ms
[2026-04-03T02:21:32.605+0600][43.613s][info][gc,phases   ] GC(79) Concurrent Mark Free 0.002ms
[2026-04-03T02:21:32.629+0600][43.637s][info][gc,phases   ] GC(79) Concurrent Process Non-Strong References 23.928ms
[2026-04-03T02:21:32.629+0600][43.637s][info][gc,phases   ] GC(79) Concurrent Reset Relocation Set 0.011ms
[2026-04-03T02:21:32.635+0600][43.643s][info][gc,phases   ] GC(79) Concurrent Select Relocation Set 5.882ms
[2026-04-03T02:21:32.636+0600][43.644s][info][gc,phases   ] GC(79) Pause Relocate Start 0.022ms
[2026-04-03T02:21:32.644+0600][43.652s][info][gc,phases   ] GC(79) Concurrent Relocate 7.996ms
[2026-04-03T02:21:32.644+0600][43.652s][info][gc,load     ] GC(79) Load: 7.64/6.50/5.95
[2026-04-03T02:21:32.644+0600][43.652s][info][gc,mmu      ] GC(79) MMU: 2ms/90.1%, 5ms/96.1%, 10ms/98.0%, 20ms/99.0%, 50ms/99.6%, 100ms/99.7%
[2026-04-03T02:21:32.644+0600][43.652s][info][gc,marking  ] GC(79) Mark: 2 stripe(s), 2 proactive flush(es), 1 terminate flush(es), 0 completion(s), 0 continuation(s) 
[2026-04-03T02:21:32.644+0600][43.652s][info][gc,marking  ] GC(79) Mark Stack Usage: 32M
[2026-04-03T02:21:32.644+0600][43.652s][info][gc,nmethod  ] GC(79) NMethods: 14388 registered, 1559 unregistered
[2026-04-03T02:21:32.644+0600][43.652s][info][gc,metaspace] GC(79) Metaspace: 127M used, 128M committed, 1152M reserved
[2026-04-03T02:21:32.644+0600][43.652s][info][gc,ref      ] GC(79) Soft: 3268 encountered, 0 discovered, 0 enqueued
[2026-04-03T02:21:32.644+0600][43.652s][info][gc,ref      ] GC(79) Weak: 15257 encountered, 5482 discovered, 10 enqueued
[2026-04-03T02:21:32.644+0600][43.652s][info][gc,ref      ] GC(79) Final: 84 encountered, 0 discovered, 0 enqueued
[2026-04-03T02:21:32.644+0600][43.652s][info][gc,ref      ] GC(79) Phantom: 620 encountered, 508 discovered, 0 enqueued
[2026-04-03T02:21:32.644+0600][43.652s][info][gc,reloc    ] GC(79) Small Pages: 147 / 294M, Empty: 74M, Relocated: 4M, In-Place: 0
[2026-04-03T02:21:32.644+0600][43.652s][info][gc,reloc    ] GC(79) Medium Pages: 4 / 64M, Empty: 32M, Relocated: 6M, In-Place: 0
[2026-04-03T02:21:32.644+0600][43.652s][info][gc,reloc    ] GC(79) Large Pages: 5 / 28M, Empty: 24M, Relocated: 0M, In-Place: 0
[2026-04-03T02:21:32.644+0600][43.652s][info][gc,reloc    ] GC(79) Forwarding Usage: 1M
[2026-04-03T02:21:32.644+0600][43.652s][info][gc,heap     ] GC(79) Min Capacity: 8M(1%)
[2026-04-03T02:21:32.644+0600][43.652s][info][gc,heap     ] GC(79) Max Capacity: 1000M(100%)
[2026-04-03T02:21:32.644+0600][43.652s][info][gc,heap     ] GC(79) Soft Max Capacity: 1000M(100%)
[2026-04-03T02:21:32.644+0600][43.652s][info][gc,heap     ] GC(79)                Mark Start          Mark End        Relocate Start      Relocate End           High               Low         
[2026-04-03T02:21:32.644+0600][43.652s][info][gc,heap     ] GC(79)  Capacity:     1000M (100%)       1000M (100%)       1000M (100%)       1000M (100%)       1000M (100%)       1000M (100%)   
[2026-04-03T02:21:32.644+0600][43.652s][info][gc,heap     ] GC(79)      Free:      614M (61%)         476M (48%)         566M (57%)         688M (69%)         688M (69%)         438M (44%)    
[2026-04-03T02:21:32.644+0600][43.652s][info][gc,heap     ] GC(79)      Used:      386M (39%)         524M (52%)         434M (43%)         312M (31%)         562M (56%)         312M (31%)    
[2026-04-03T02:21:32.644+0600][43.652s][info][gc,heap     ] GC(79)      Live:         -               103M (10%)         103M (10%)         103M (10%)            -                  -          
[2026-04-03T02:21:32.644+0600][43.652s][info][gc,heap     ] GC(79) Allocated:         -               138M (14%)         178M (18%)         183M (18%)            -                  -          
[2026-04-03T02:21:32.644+0600][43.652s][info][gc,heap     ] GC(79)   Garbage:         -               282M (28%)         152M (15%)          24M (2%)             -                  -          
[2026-04-03T02:21:32.644+0600][43.652s][info][gc,heap     ] GC(79) Reclaimed:         -                  -               130M (13%)         257M (26%)            -                  -          
[2026-04-03T02:21:32.644+0600][43.652s][info][gc          ] GC(79) Garbage Collection (Allocation Rate) 386M(39%)->312M(31%)
[2026-04-03T02:21:32.696+0600][43.704s][info][gc,start    ] GC(80) Garbage Collection (Allocation Rate)
[2026-04-03T02:21:32.696+0600][43.704s][info][gc,task     ] GC(80) Using 3 workers
[2026-04-03T02:21:32.696+0600][43.704s][info][gc,phases   ] GC(80) Pause Mark Start 0.012ms
[2026-04-03T02:21:32.805+0600][43.813s][info][gc,phases   ] GC(80) Concurrent Mark 109.097ms
[2026-04-03T02:21:32.806+0600][43.814s][info][gc,phases   ] GC(80) Pause Mark End 0.037ms
[2026-04-03T02:21:32.806+0600][43.814s][info][gc,phases   ] GC(80) Concurrent Mark Free 0.003ms
[2026-04-03T02:21:32.830+0600][43.838s][info][gc,phases   ] GC(80) Concurrent Process Non-Strong References 23.993ms
[2026-04-03T02:21:32.830+0600][43.838s][info][gc,phases   ] GC(80) Concurrent Reset Relocation Set 0.009ms
[2026-04-03T02:21:32.834+0600][43.842s][info][gc,phases   ] GC(80) Concurrent Select Relocation Set 3.706ms
[2026-04-03T02:21:32.834+0600][43.842s][info][gc,phases   ] GC(80) Pause Relocate Start 0.017ms
[2026-04-03T02:21:32.839+0600][43.847s][info][gc,phases   ] GC(80) Concurrent Relocate 4.467ms
[2026-04-03T02:21:32.839+0600][43.847s][info][gc,load     ] GC(80) Load: 7.64/6.50/5.95
[2026-04-03T02:21:32.839+0600][43.847s][info][gc,mmu      ] GC(80) MMU: 2ms/90.1%, 5ms/96.1%, 10ms/98.0%, 20ms/99.0%, 50ms/99.6%, 100ms/99.7%
[2026-04-03T02:21:32.839+0600][43.847s][info][gc,marking  ] GC(80) Mark: 2 stripe(s), 2 proactive flush(es), 1 terminate flush(es), 0 completion(s), 0 continuation(s) 
[2026-04-03T02:21:32.839+0600][43.847s][info][gc,marking  ] GC(80) Mark Stack Usage: 32M
[2026-04-03T02:21:32.839+0600][43.847s][info][gc,nmethod  ] GC(80) NMethods: 14390 registered, 1571 unregistered
[2026-04-03T02:21:32.839+0600][43.847s][info][gc,metaspace] GC(80) Metaspace: 127M used, 128M committed, 1152M reserved
[2026-04-03T02:21:32.839+0600][43.847s][info][gc,ref      ] GC(80) Soft: 3267 encountered, 0 discovered, 0 enqueued
[2026-04-03T02:21:32.839+0600][43.847s][info][gc,ref      ] GC(80) Weak: 15606 encountered, 5077 discovered, 9 enqueued
[2026-04-03T02:21:32.839+0600][43.847s][info][gc,ref      ] GC(80) Final: 84 encountered, 0 discovered, 0 enqueued
[2026-04-03T02:21:32.839+0600][43.847s][info][gc,ref      ] GC(80) Phantom: 620 encountered, 598 discovered, 0 enqueued
[2026-04-03T02:21:32.839+0600][43.847s][info][gc,reloc    ] GC(80) Small Pages: 135 / 270M, Empty: 38M, Relocated: 3M, In-Place: 0
[2026-04-03T02:21:32.839+0600][43.847s][info][gc,reloc    ] GC(80) Medium Pages: 4 / 64M, Empty: 48M, Relocated: 0M, In-Place: 0
[2026-04-03T02:21:32.839+0600][43.847s][info][gc,reloc    ] GC(80) Large Pages: 5 / 28M, Empty: 24M, Relocated: 0M, In-Place: 0
[2026-04-03T02:21:32.839+0600][43.847s][info][gc,reloc    ] GC(80) Forwarding Usage: 1M
[2026-04-03T02:21:32.839+0600][43.847s][info][gc,heap     ] GC(80) Min Capacity: 8M(1%)
[2026-04-03T02:21:32.839+0600][43.847s][info][gc,heap     ] GC(80) Max Capacity: 1000M(100%)
[2026-04-03T02:21:32.839+0600][43.847s][info][gc,heap     ] GC(80) Soft Max Capacity: 1000M(100%)
[2026-04-03T02:21:32.839+0600][43.847s][info][gc,heap     ] GC(80)                Mark Start          Mark End        Relocate Start      Relocate End           High               Low         
[2026-04-03T02:21:32.839+0600][43.847s][info][gc,heap     ] GC(80)  Capacity:     1000M (100%)       1000M (100%)       1000M (100%)       1000M (100%)       1000M (100%)       1000M (100%)   
[2026-04-03T02:21:32.839+0600][43.847s][info][gc,heap     ] GC(80)      Free:      638M (64%)         490M (49%)         564M (56%)         686M (69%)         686M (69%)         460M (46%)    
[2026-04-03T02:21:32.839+0600][43.847s][info][gc,heap     ] GC(80)      Used:      362M (36%)         510M (51%)         436M (44%)         314M (31%)         540M (54%)         314M (31%)    
[2026-04-03T02:21:32.839+0600][43.847s][info][gc,heap     ] GC(80)      Live:         -               102M (10%)         102M (10%)         102M (10%)            -                  -          
[2026-04-03T02:21:32.839+0600][43.847s][info][gc,heap     ] GC(80) Allocated:         -               148M (15%)         184M (18%)         185M (19%)            -                  -          
[2026-04-03T02:21:32.839+0600][43.847s][info][gc,heap     ] GC(80)   Garbage:         -               259M (26%)         149M (15%)          25M (3%)             -                  -          
[2026-04-03T02:21:32.839+0600][43.847s][info][gc,heap     ] GC(80) Reclaimed:         -                  -               110M (11%)         233M (23%)            -                  -          
[2026-04-03T02:21:32.839+0600][43.847s][info][gc          ] GC(80) Garbage Collection (Allocation Rate) 362M(36%)->314M(31%)
[2026-04-03T02:21:33.096+0600][44.104s][info][gc,start    ] GC(81) Garbage Collection (Allocation Rate)
[2026-04-03T02:21:33.096+0600][44.104s][info][gc,task     ] GC(81) Using 2 workers
[2026-04-03T02:21:33.096+0600][44.104s][info][gc,phases   ] GC(81) Pause Mark Start 0.014ms
[2026-04-03T02:21:33.281+0600][44.289s][info][gc,phases   ] GC(81) Concurrent Mark 184.745ms
[2026-04-03T02:21:33.281+0600][44.289s][info][gc,phases   ] GC(81) Pause Mark End 0.035ms
[2026-04-03T02:21:33.282+0600][44.290s][info][gc,phases   ] GC(81) Concurrent Mark Free 0.003ms
[2026-04-03T02:21:33.337+0600][44.345s][info][gc,phases   ] GC(81) Concurrent Process Non-Strong References 55.791ms
[2026-04-03T02:21:33.337+0600][44.346s][info][gc,phases   ] GC(81) Concurrent Reset Relocation Set 0.008ms
[2026-04-03T02:21:33.343+0600][44.351s][info][gc,phases   ] GC(81) Concurrent Select Relocation Set 5.884ms
[2026-04-03T02:21:33.344+0600][44.352s][info][gc,phases   ] GC(81) Pause Relocate Start 0.127ms
[2026-04-03T02:21:33.355+0600][44.364s][info][gc,phases   ] GC(81) Concurrent Relocate 11.194ms
[2026-04-03T02:21:33.356+0600][44.364s][info][gc,load     ] GC(81) Load: 7.64/6.50/5.95
[2026-04-03T02:21:33.356+0600][44.364s][info][gc,mmu      ] GC(81) MMU: 2ms/90.1%, 5ms/96.1%, 10ms/98.0%, 20ms/99.0%, 50ms/99.6%, 100ms/99.7%
[2026-04-03T02:21:33.356+0600][44.364s][info][gc,marking  ] GC(81) Mark: 2 stripe(s), 2 proactive flush(es), 1 terminate flush(es), 0 completion(s), 0 continuation(s) 
[2026-04-03T02:21:33.356+0600][44.364s][info][gc,marking  ] GC(81) Mark Stack Usage: 32M
[2026-04-03T02:21:33.356+0600][44.364s][info][gc,nmethod  ] GC(81) NMethods: 14415 registered, 1587 unregistered
[2026-04-03T02:21:33.356+0600][44.364s][info][gc,metaspace] GC(81) Metaspace: 127M used, 128M committed, 1152M reserved
[2026-04-03T02:21:33.356+0600][44.364s][info][gc,ref      ] GC(81) Soft: 3347 encountered, 0 discovered, 0 enqueued
[2026-04-03T02:21:33.356+0600][44.364s][info][gc,ref      ] GC(81) Weak: 16384 encountered, 8441 discovered, 1730 enqueued
[2026-04-03T02:21:33.356+0600][44.364s][info][gc,ref      ] GC(81) Final: 84 encountered, 80 discovered, 0 enqueued
[2026-04-03T02:21:33.356+0600][44.364s][info][gc,ref      ] GC(81) Phantom: 627 encountered, 595 discovered, 0 enqueued
[2026-04-03T02:21:33.356+0600][44.364s][info][gc,reloc    ] GC(81) Small Pages: 206 / 412M, Empty: 36M, Relocated: 6M, In-Place: 0
[2026-04-03T02:21:33.356+0600][44.364s][info][gc,reloc    ] GC(81) Medium Pages: 4 / 64M, Empty: 48M, Relocated: 0M, In-Place: 0
[2026-04-03T02:21:33.356+0600][44.364s][info][gc,reloc    ] GC(81) Large Pages: 11 / 64M, Empty: 60M, Relocated: 0M, In-Place: 0
[2026-04-03T02:21:33.356+0600][44.364s][info][gc,reloc    ] GC(81) Forwarding Usage: 2M
[2026-04-03T02:21:33.356+0600][44.364s][info][gc,heap     ] GC(81) Min Capacity: 8M(1%)
[2026-04-03T02:21:33.356+0600][44.364s][info][gc,heap     ] GC(81) Max Capacity: 1000M(100%)
[2026-04-03T02:21:33.356+0600][44.364s][info][gc,heap     ] GC(81) Soft Max Capacity: 1000M(100%)
[2026-04-03T02:21:33.356+0600][44.364s][info][gc,heap     ] GC(81)                Mark Start          Mark End        Relocate Start      Relocate End           High               Low         
[2026-04-03T02:21:33.356+0600][44.364s][info][gc,heap     ] GC(81)  Capacity:     1000M (100%)       1000M (100%)       1000M (100%)       1000M (100%)       1000M (100%)       1000M (100%)   
[2026-04-03T02:21:33.356+0600][44.364s][info][gc,heap     ] GC(81)      Free:      460M (46%)         230M (23%)         298M (30%)         536M (54%)         552M (55%)         160M (16%)    
[2026-04-03T02:21:33.356+0600][44.364s][info][gc,heap     ] GC(81)      Used:      540M (54%)         770M (77%)         702M (70%)         464M (46%)         840M (84%)         448M (45%)    
[2026-04-03T02:21:33.356+0600][44.364s][info][gc,heap     ] GC(81)      Live:         -               106M (11%)         106M (11%)         106M (11%)            -                  -          
[2026-04-03T02:21:33.356+0600][44.364s][info][gc,heap     ] GC(81) Allocated:         -               230M (23%)         306M (31%)         333M (33%)            -                  -          
[2026-04-03T02:21:33.356+0600][44.364s][info][gc,heap     ] GC(81)   Garbage:         -               433M (43%)         289M (29%)          24M (2%)             -                  -          
[2026-04-03T02:21:33.356+0600][44.364s][info][gc,heap     ] GC(81) Reclaimed:         -                  -               144M (14%)         409M (41%)            -                  -          
[2026-04-03T02:21:33.356+0600][44.364s][info][gc          ] GC(81) Garbage Collection (Allocation Rate) 540M(54%)->464M(46%)
[2026-04-03T02:21:33.396+0600][44.404s][info][gc,start    ] GC(82) Garbage Collection (Allocation Rate)
[2026-04-03T02:21:33.396+0600][44.404s][info][gc,task     ] GC(82) Using 3 workers
[2026-04-03T02:21:33.396+0600][44.404s][info][gc,phases   ] GC(82) Pause Mark Start 0.013ms
[2026-04-03T02:21:33.473+0600][44.481s][info][gc,phases   ] GC(82) Concurrent Mark 76.285ms
[2026-04-03T02:21:33.473+0600][44.481s][info][gc,phases   ] GC(82) Pause Mark End 0.027ms
[2026-04-03T02:21:33.473+0600][44.481s][info][gc,phases   ] GC(82) Concurrent Mark Free 0.002ms
[2026-04-03T02:21:33.487+0600][44.495s][info][gc,phases   ] GC(82) Concurrent Process Non-Strong References 14.117ms
[2026-04-03T02:21:33.488+0600][44.496s][info][gc,phases   ] GC(82) Concurrent Reset Relocation Set 0.021ms
[2026-04-03T02:21:33.492+0600][44.500s][info][gc,phases   ] GC(82) Concurrent Select Relocation Set 3.974ms
[2026-04-03T02:21:33.492+0600][44.500s][info][gc,phases   ] GC(82) Pause Relocate Start 0.014ms
[2026-04-03T02:21:33.497+0600][44.505s][info][gc,phases   ] GC(82) Concurrent Relocate 5.403ms
[2026-04-03T02:21:33.497+0600][44.505s][info][gc,load     ] GC(82) Load: 7.64/6.50/5.95
[2026-04-03T02:21:33.497+0600][44.505s][info][gc,mmu      ] GC(82) MMU: 2ms/90.1%, 5ms/96.1%, 10ms/98.0%, 20ms/99.0%, 50ms/99.6%, 100ms/99.7%
[2026-04-03T02:21:33.497+0600][44.505s][info][gc,marking  ] GC(82) Mark: 2 stripe(s), 2 proactive flush(es), 1 terminate flush(es), 0 completion(s), 0 continuation(s) 
[2026-04-03T02:21:33.497+0600][44.505s][info][gc,marking  ] GC(82) Mark Stack Usage: 32M
[2026-04-03T02:21:33.497+0600][44.505s][info][gc,nmethod  ] GC(82) NMethods: 14410 registered, 1596 unregistered
[2026-04-03T02:21:33.497+0600][44.505s][info][gc,metaspace] GC(82) Metaspace: 127M used, 128M committed, 1152M reserved
[2026-04-03T02:21:33.497+0600][44.505s][info][gc,ref      ] GC(82) Soft: 3344 encountered, 0 discovered, 0 enqueued
[2026-04-03T02:21:33.497+0600][44.505s][info][gc,ref      ] GC(82) Weak: 14798 encountered, 10342 discovered, 16 enqueued
[2026-04-03T02:21:33.497+0600][44.505s][info][gc,ref      ] GC(82) Final: 84 encountered, 0 discovered, 0 enqueued
[2026-04-03T02:21:33.497+0600][44.506s][info][gc,ref      ] GC(82) Phantom: 620 encountered, 482 discovered, 0 enqueued
[2026-04-03T02:21:33.497+0600][44.506s][info][gc,reloc    ] GC(82) Small Pages: 238 / 476M, Empty: 246M, Relocated: 5M, In-Place: 0
[2026-04-03T02:21:33.497+0600][44.506s][info][gc,reloc    ] GC(82) Medium Pages: 3 / 48M, Empty: 32M, Relocated: 0M, In-Place: 0
[2026-04-03T02:21:33.497+0600][44.506s][info][gc,reloc    ] GC(82) Large Pages: 3 / 16M, Empty: 12M, Relocated: 0M, In-Place: 0
[2026-04-03T02:21:33.497+0600][44.506s][info][gc,reloc    ] GC(82) Forwarding Usage: 2M
[2026-04-03T02:21:33.497+0600][44.506s][info][gc,heap     ] GC(82) Min Capacity: 8M(1%)
[2026-04-03T02:21:33.498+0600][44.506s][info][gc,heap     ] GC(82) Max Capacity: 1000M(100%)
[2026-04-03T02:21:33.498+0600][44.506s][info][gc,heap     ] GC(82) Soft Max Capacity: 1000M(100%)
[2026-04-03T02:21:33.498+0600][44.506s][info][gc,heap     ] GC(82)                Mark Start          Mark End        Relocate Start      Relocate End           High               Low         
[2026-04-03T02:21:33.498+0600][44.506s][info][gc,heap     ] GC(82)  Capacity:     1000M (100%)       1000M (100%)       1000M (100%)       1000M (100%)       1000M (100%)       1000M (100%)   
[2026-04-03T02:21:33.498+0600][44.506s][info][gc,heap     ] GC(82)      Free:      460M (46%)         398M (40%)         680M (68%)         798M (80%)         800M (80%)         394M (39%)    
[2026-04-03T02:21:33.498+0600][44.506s][info][gc,heap     ] GC(82)      Used:      540M (54%)         602M (60%)         320M (32%)         202M (20%)         606M (61%)         200M (20%)    
[2026-04-03T02:21:33.498+0600][44.506s][info][gc,heap     ] GC(82)      Live:         -               104M (10%)         104M (10%)         104M (10%)            -                  -          
[2026-04-03T02:21:33.498+0600][44.506s][info][gc,heap     ] GC(82) Allocated:         -                62M (6%)           70M (7%)           71M (7%)             -                  -          
[2026-04-03T02:21:33.498+0600][44.506s][info][gc,heap     ] GC(82)   Garbage:         -               435M (44%)         145M (15%)          25M (3%)             -                  -          
[2026-04-03T02:21:33.498+0600][44.506s][info][gc,heap     ] GC(82) Reclaimed:         -                  -               290M (29%)         409M (41%)            -                  -          
[2026-04-03T02:21:33.498+0600][44.506s][info][gc          ] GC(82) Garbage Collection (Allocation Rate) 540M(54%)->202M(20%)
[2026-04-03T02:21:33.595+0600][44.603s][info][gc,start    ] GC(83) Garbage Collection (Allocation Rate)
[2026-04-03T02:21:33.595+0600][44.603s][info][gc,task     ] GC(83) Using 3 workers
[2026-04-03T02:21:33.595+0600][44.604s][info][gc,phases   ] GC(83) Pause Mark Start 0.014ms
[2026-04-03T02:21:33.686+0600][44.694s][info][gc,phases   ] GC(83) Concurrent Mark 90.600ms
[2026-04-03T02:21:33.687+0600][44.695s][info][gc,phases   ] GC(83) Pause Mark End 0.054ms
[2026-04-03T02:21:33.687+0600][44.695s][info][gc,phases   ] GC(83) Concurrent Mark Free 0.003ms
[2026-04-03T02:21:33.709+0600][44.717s][info][gc,phases   ] GC(83) Concurrent Process Non-Strong References 21.530ms
[2026-04-03T02:21:33.709+0600][44.717s][info][gc,phases   ] GC(83) Concurrent Reset Relocation Set 0.009ms
[2026-04-03T02:21:33.713+0600][44.721s][info][gc,phases   ] GC(83) Concurrent Select Relocation Set 3.890ms
[2026-04-03T02:21:33.713+0600][44.721s][info][gc,phases   ] GC(83) Pause Relocate Start 0.018ms
[2026-04-03T02:21:33.727+0600][44.735s][info][gc,phases   ] GC(83) Concurrent Relocate 13.995ms
[2026-04-03T02:21:33.727+0600][44.736s][info][gc,load     ] GC(83) Load: 7.64/6.50/5.95
[2026-04-03T02:21:33.728+0600][44.736s][info][gc,mmu      ] GC(83) MMU: 2ms/90.1%, 5ms/96.1%, 10ms/98.0%, 20ms/99.0%, 50ms/99.6%, 100ms/99.7%
[2026-04-03T02:21:33.728+0600][44.736s][info][gc,marking  ] GC(83) Mark: 2 stripe(s), 2 proactive flush(es), 1 terminate flush(es), 0 completion(s), 0 continuation(s) 
[2026-04-03T02:21:33.728+0600][44.736s][info][gc,marking  ] GC(83) Mark Stack Usage: 32M
[2026-04-03T02:21:33.728+0600][44.736s][info][gc,nmethod  ] GC(83) NMethods: 14421 registered, 1601 unregistered
[2026-04-03T02:21:33.728+0600][44.736s][info][gc,metaspace] GC(83) Metaspace: 127M used, 128M committed, 1152M reserved
[2026-04-03T02:21:33.728+0600][44.736s][info][gc,ref      ] GC(83) Soft: 3367 encountered, 0 discovered, 0 enqueued
[2026-04-03T02:21:33.728+0600][44.736s][info][gc,ref      ] GC(83) Weak: 15108 encountered, 5472 discovered, 552 enqueued
[2026-04-03T02:21:33.728+0600][44.736s][info][gc,ref      ] GC(83) Final: 84 encountered, 0 discovered, 0 enqueued
[2026-04-03T02:21:33.728+0600][44.736s][info][gc,ref      ] GC(83) Phantom: 620 encountered, 498 discovered, 0 enqueued
[2026-04-03T02:21:33.728+0600][44.736s][info][gc,reloc    ] GC(83) Small Pages: 103 / 206M, Empty: 28M, Relocated: 5M, In-Place: 0
[2026-04-03T02:21:33.728+0600][44.736s][info][gc,reloc    ] GC(83) Medium Pages: 2 / 32M, Empty: 0M, Relocated: 6M, In-Place: 0
[2026-04-03T02:21:33.728+0600][44.736s][info][gc,reloc    ] GC(83) Large Pages: 69 / 412M, Empty: 408M, Relocated: 0M, In-Place: 0
[2026-04-03T02:21:33.728+0600][44.736s][info][gc,reloc    ] GC(83) Forwarding Usage: 1M
[2026-04-03T02:21:33.728+0600][44.736s][info][gc,heap     ] GC(83) Min Capacity: 8M(1%)
[2026-04-03T02:21:33.728+0600][44.736s][info][gc,heap     ] GC(83) Max Capacity: 1000M(100%)
[2026-04-03T02:21:33.728+0600][44.736s][info][gc,heap     ] GC(83) Soft Max Capacity: 1000M(100%)
[2026-04-03T02:21:33.728+0600][44.736s][info][gc,heap     ] GC(83)                Mark Start          Mark End        Relocate Start      Relocate End           High               Low         
[2026-04-03T02:21:33.728+0600][44.736s][info][gc,heap     ] GC(83)  Capacity:     1000M (100%)       1000M (100%)       1000M (100%)       1000M (100%)       1000M (100%)       1000M (100%)   
[2026-04-03T02:21:33.728+0600][44.736s][info][gc,heap     ] GC(83)      Free:      350M (35%)         266M (27%)         558M (56%)         448M (45%)         560M (56%)         154M (15%)    
[2026-04-03T02:21:33.728+0600][44.736s][info][gc,heap     ] GC(83)      Used:      650M (65%)         734M (73%)         442M (44%)         552M (55%)         846M (85%)         440M (44%)    
[2026-04-03T02:21:33.728+0600][44.736s][info][gc,heap     ] GC(83)      Live:         -               105M (11%)         105M (11%)         105M (11%)            -                  -          
[2026-04-03T02:21:33.728+0600][44.736s][info][gc,heap     ] GC(83) Allocated:         -                84M (8%)          228M (23%)         421M (42%)            -                  -          
[2026-04-03T02:21:33.728+0600][44.736s][info][gc,heap     ] GC(83)   Garbage:         -               544M (54%)         108M (11%)          25M (3%)             -                  -          
[2026-04-03T02:21:33.728+0600][44.736s][info][gc,heap     ] GC(83) Reclaimed:         -                  -               436M (44%)         519M (52%)            -                  -          
[2026-04-03T02:21:33.728+0600][44.736s][info][gc          ] GC(83) Garbage Collection (Allocation Rate) 650M(65%)->552M(55%)
[2026-04-03T02:21:33.795+0600][44.804s][info][gc,start    ] GC(84) Garbage Collection (Allocation Rate)
[2026-04-03T02:21:33.796+0600][44.804s][info][gc,task     ] GC(84) Using 3 workers
[2026-04-03T02:21:33.796+0600][44.804s][info][gc,phases   ] GC(84) Pause Mark Start 0.015ms
[2026-04-03T02:21:33.895+0600][44.903s][info][gc,phases   ] GC(84) Concurrent Mark 98.930ms
[2026-04-03T02:21:33.895+0600][44.903s][info][gc,phases   ] GC(84) Pause Mark End 0.100ms
[2026-04-03T02:21:33.895+0600][44.903s][info][gc,phases   ] GC(84) Concurrent Mark Free 0.002ms
[2026-04-03T02:21:33.916+0600][44.924s][info][gc,phases   ] GC(84) Concurrent Process Non-Strong References 20.786ms
[2026-04-03T02:21:33.916+0600][44.924s][info][gc,phases   ] GC(84) Concurrent Reset Relocation Set 0.009ms
[2026-04-03T02:21:33.919+0600][44.927s][info][gc,phases   ] GC(84) Concurrent Select Relocation Set 3.009ms
[2026-04-03T02:21:33.919+0600][44.927s][info][gc,phases   ] GC(84) Pause Relocate Start 0.011ms
[2026-04-03T02:21:33.923+0600][44.931s][info][gc,phases   ] GC(84) Concurrent Relocate 3.564ms
[2026-04-03T02:21:33.923+0600][44.931s][info][gc,load     ] GC(84) Load: 7.64/6.50/5.95
[2026-04-03T02:21:33.923+0600][44.931s][info][gc,mmu      ] GC(84) MMU: 2ms/90.1%, 5ms/96.1%, 10ms/98.0%, 20ms/99.0%, 50ms/99.6%, 100ms/99.7%
[2026-04-03T02:21:33.923+0600][44.931s][info][gc,marking  ] GC(84) Mark: 2 stripe(s), 2 proactive flush(es), 1 terminate flush(es), 1 completion(s), 0 continuation(s) 
[2026-04-03T02:21:33.923+0600][44.931s][info][gc,marking  ] GC(84) Mark Stack Usage: 32M
[2026-04-03T02:21:33.923+0600][44.931s][info][gc,nmethod  ] GC(84) NMethods: 14434 registered, 1606 unregistered
[2026-04-03T02:21:33.923+0600][44.931s][info][gc,metaspace] GC(84) Metaspace: 127M used, 128M committed, 1152M reserved
[2026-04-03T02:21:33.923+0600][44.931s][info][gc,ref      ] GC(84) Soft: 3368 encountered, 0 discovered, 0 enqueued
[2026-04-03T02:21:33.923+0600][44.931s][info][gc,ref      ] GC(84) Weak: 14788 encountered, 3793 discovered, 362 enqueued
[2026-04-03T02:21:33.923+0600][44.931s][info][gc,ref      ] GC(84) Final: 84 encountered, 0 discovered, 0 enqueued
[2026-04-03T02:21:33.923+0600][44.931s][info][gc,ref      ] GC(84) Phantom: 620 encountered, 496 discovered, 0 enqueued
[2026-04-03T02:21:33.923+0600][44.931s][info][gc,reloc    ] GC(84) Small Pages: 141 / 282M, Empty: 20M, Relocated: 5M, In-Place: 0
[2026-04-03T02:21:33.923+0600][44.931s][info][gc,reloc    ] GC(84) Medium Pages: 3 / 48M, Empty: 32M, Relocated: 0M, In-Place: 0
[2026-04-03T02:21:33.923+0600][44.931s][info][gc,reloc    ] GC(84) Large Pages: 68 / 406M, Empty: 402M, Relocated: 0M, In-Place: 0
[2026-04-03T02:21:33.923+0600][44.931s][info][gc,reloc    ] GC(84) Forwarding Usage: 1M
[2026-04-03T02:21:33.923+0600][44.931s][info][gc,heap     ] GC(84) Min Capacity: 8M(1%)
[2026-04-03T02:21:33.923+0600][44.931s][info][gc,heap     ] GC(84) Max Capacity: 1000M(100%)
[2026-04-03T02:21:33.923+0600][44.931s][info][gc,heap     ] GC(84) Soft Max Capacity: 1000M(100%)
[2026-04-03T02:21:33.923+0600][44.931s][info][gc,heap     ] GC(84)                Mark Start          Mark End        Relocate Start      Relocate End           High               Low         
[2026-04-03T02:21:33.923+0600][44.931s][info][gc,heap     ] GC(84)  Capacity:     1000M (100%)       1000M (100%)       1000M (100%)       1000M (100%)       1000M (100%)       1000M (100%)   
[2026-04-03T02:21:33.923+0600][44.931s][info][gc,heap     ] GC(84)      Free:      264M (26%)         180M (18%)         604M (60%)         754M (75%)         754M (75%)         158M (16%)    
[2026-04-03T02:21:33.923+0600][44.931s][info][gc,heap     ] GC(84)      Used:      736M (74%)         820M (82%)         396M (40%)         246M (25%)         842M (84%)         246M (25%)    
[2026-04-03T02:21:33.923+0600][44.931s][info][gc,heap     ] GC(84)      Live:         -               101M (10%)         101M (10%)         101M (10%)            -                  -          
[2026-04-03T02:21:33.923+0600][44.931s][info][gc,heap     ] GC(84) Allocated:         -                84M (8%)          114M (11%)         117M (12%)            -                  -          
[2026-04-03T02:21:33.923+0600][44.931s][info][gc,heap     ] GC(84)   Garbage:         -               634M (63%)         180M (18%)          26M (3%)             -                  -          
[2026-04-03T02:21:33.923+0600][44.931s][info][gc,heap     ] GC(84) Reclaimed:         -                  -               454M (45%)         607M (61%)            -                  -          
[2026-04-03T02:21:33.923+0600][44.931s][info][gc          ] GC(84) Garbage Collection (Allocation Rate) 736M(74%)->246M(25%)
[2026-04-03T02:21:33.996+0600][45.004s][info][gc,start    ] GC(85) Garbage Collection (Allocation Rate)
[2026-04-03T02:21:33.996+0600][45.004s][info][gc,task     ] GC(85) Using 3 workers
[2026-04-03T02:21:33.996+0600][45.004s][info][gc,phases   ] GC(85) Pause Mark Start 0.010ms
[2026-04-03T02:21:34.069+0600][45.077s][info][gc,phases   ] GC(85) Concurrent Mark 73.004ms
[2026-04-03T02:21:34.069+0600][45.077s][info][gc,phases   ] GC(85) Pause Mark End 0.026ms
[2026-04-03T02:21:34.069+0600][45.078s][info][gc,phases   ] GC(85) Concurrent Mark Free 0.002ms
[2026-04-03T02:21:34.101+0600][45.109s][info][gc,phases   ] GC(85) Concurrent Process Non-Strong References 31.377ms
[2026-04-03T02:21:34.101+0600][45.109s][info][gc,phases   ] GC(85) Concurrent Reset Relocation Set 0.008ms
[2026-04-03T02:21:34.104+0600][45.112s][info][gc,phases   ] GC(85) Concurrent Select Relocation Set 2.963ms
[2026-04-03T02:21:34.104+0600][45.112s][info][gc,phases   ] GC(85) Pause Relocate Start 0.012ms
[2026-04-03T02:21:34.107+0600][45.116s][info][gc,phases   ] GC(85) Concurrent Relocate 3.211ms
[2026-04-03T02:21:34.108+0600][45.116s][info][gc,load     ] GC(85) Load: 7.64/6.50/5.95
[2026-04-03T02:21:34.108+0600][45.116s][info][gc,mmu      ] GC(85) MMU: 2ms/90.1%, 5ms/96.1%, 10ms/98.0%, 20ms/99.0%, 50ms/99.6%, 100ms/99.7%
[2026-04-03T02:21:34.108+0600][45.116s][info][gc,marking  ] GC(85) Mark: 2 stripe(s), 2 proactive flush(es), 1 terminate flush(es), 0 completion(s), 0 continuation(s) 
[2026-04-03T02:21:34.108+0600][45.116s][info][gc,marking  ] GC(85) Mark Stack Usage: 32M
[2026-04-03T02:21:34.108+0600][45.116s][info][gc,nmethod  ] GC(85) NMethods: 14462 registered, 1613 unregistered
[2026-04-03T02:21:34.108+0600][45.116s][info][gc,metaspace] GC(85) Metaspace: 127M used, 128M committed, 1152M reserved
[2026-04-03T02:21:34.108+0600][45.116s][info][gc,ref      ] GC(85) Soft: 3370 encountered, 0 discovered, 0 enqueued
[2026-04-03T02:21:34.108+0600][45.116s][info][gc,ref      ] GC(85) Weak: 14690 encountered, 2355 discovered, 278 enqueued
[2026-04-03T02:21:34.108+0600][45.116s][info][gc,ref      ] GC(85) Final: 84 encountered, 0 discovered, 0 enqueued
[2026-04-03T02:21:34.108+0600][45.116s][info][gc,ref      ] GC(85) Phantom: 620 encountered, 507 discovered, 0 enqueued
[2026-04-03T02:21:34.108+0600][45.116s][info][gc,reloc    ] GC(85) Small Pages: 96 / 192M, Empty: 4M, Relocated: 3M, In-Place: 0
[2026-04-03T02:21:34.108+0600][45.116s][info][gc,reloc    ] GC(85) Medium Pages: 3 / 48M, Empty: 32M, Relocated: 0M, In-Place: 0
[2026-04-03T02:21:34.108+0600][45.116s][info][gc,reloc    ] GC(85) Large Pages: 6 / 34M, Empty: 30M, Relocated: 0M, In-Place: 0
[2026-04-03T02:21:34.108+0600][45.116s][info][gc,reloc    ] GC(85) Forwarding Usage: 0M
[2026-04-03T02:21:34.108+0600][45.116s][info][gc,heap     ] GC(85) Min Capacity: 8M(1%)
[2026-04-03T02:21:34.108+0600][45.116s][info][gc,heap     ] GC(85) Max Capacity: 1000M(100%)
[2026-04-03T02:21:34.108+0600][45.116s][info][gc,heap     ] GC(85) Soft Max Capacity: 1000M(100%)
[2026-04-03T02:21:34.108+0600][45.116s][info][gc,heap     ] GC(85)                Mark Start          Mark End        Relocate Start      Relocate End           High               Low         
[2026-04-03T02:21:34.108+0600][45.116s][info][gc,heap     ] GC(85)  Capacity:     1000M (100%)       1000M (100%)       1000M (100%)       1000M (100%)       1000M (100%)       1000M (100%)   
[2026-04-03T02:21:34.108+0600][45.116s][info][gc,heap     ] GC(85)      Free:      726M (73%)         686M (69%)         732M (73%)         804M (80%)         806M (81%)         666M (67%)    
[2026-04-03T02:21:34.108+0600][45.116s][info][gc,heap     ] GC(85)      Used:      274M (27%)         314M (31%)         268M (27%)         196M (20%)         334M (33%)         194M (19%)    
[2026-04-03T02:21:34.108+0600][45.116s][info][gc,heap     ] GC(85)      Live:         -               102M (10%)         102M (10%)         102M (10%)            -                  -          
[2026-04-03T02:21:34.108+0600][45.116s][info][gc,heap     ] GC(85) Allocated:         -                40M (4%)           60M (6%)           67M (7%)             -                  -          
[2026-04-03T02:21:34.108+0600][45.116s][info][gc,heap     ] GC(85)   Garbage:         -               171M (17%)         105M (11%)          25M (3%)             -                  -          
[2026-04-03T02:21:34.108+0600][45.116s][info][gc,heap     ] GC(85) Reclaimed:         -                  -                66M (7%)          145M (15%)            -                  -          
[2026-04-03T02:21:34.108+0600][45.116s][info][gc          ] GC(85) Garbage Collection (Allocation Rate) 274M(27%)->196M(20%)
[2026-04-03T02:21:34.196+0600][45.204s][info][gc,start    ] GC(86) Garbage Collection (Allocation Rate)
[2026-04-03T02:21:34.196+0600][45.204s][info][gc,task     ] GC(86) Using 3 workers
[2026-04-03T02:21:34.196+0600][45.204s][info][gc,phases   ] GC(86) Pause Mark Start 0.011ms
[2026-04-03T02:21:34.263+0600][45.271s][info][gc,phases   ] GC(86) Concurrent Mark 66.874ms
[2026-04-03T02:21:34.264+0600][45.272s][info][gc,phases   ] GC(86) Pause Mark End 0.026ms
[2026-04-03T02:21:34.264+0600][45.272s][info][gc,phases   ] GC(86) Concurrent Mark Free 0.002ms
[2026-04-03T02:21:34.277+0600][45.285s][info][gc,phases   ] GC(86) Concurrent Process Non-Strong References 13.067ms
[2026-04-03T02:21:34.277+0600][45.285s][info][gc,phases   ] GC(86) Concurrent Reset Relocation Set 0.006ms
[2026-04-03T02:21:34.280+0600][45.288s][info][gc,phases   ] GC(86) Concurrent Select Relocation Set 3.365ms
[2026-04-03T02:21:34.281+0600][45.289s][info][gc,phases   ] GC(86) Pause Relocate Start 0.011ms
[2026-04-03T02:21:34.283+0600][45.291s][info][gc,phases   ] GC(86) Concurrent Relocate 2.297ms
[2026-04-03T02:21:34.283+0600][45.291s][info][gc,load     ] GC(86) Load: 7.64/6.50/5.95
[2026-04-03T02:21:34.283+0600][45.291s][info][gc,mmu      ] GC(86) MMU: 2ms/90.1%, 5ms/96.1%, 10ms/98.0%, 20ms/99.0%, 50ms/99.6%, 100ms/99.7%
[2026-04-03T02:21:34.283+0600][45.291s][info][gc,marking  ] GC(86) Mark: 2 stripe(s), 2 proactive flush(es), 1 terminate flush(es), 0 completion(s), 0 continuation(s) 
[2026-04-03T02:21:34.283+0600][45.291s][info][gc,marking  ] GC(86) Mark Stack Usage: 32M
[2026-04-03T02:21:34.283+0600][45.291s][info][gc,nmethod  ] GC(86) NMethods: 14461 registered, 1617 unregistered
[2026-04-03T02:21:34.283+0600][45.291s][info][gc,metaspace] GC(86) Metaspace: 127M used, 128M committed, 1152M reserved
[2026-04-03T02:21:34.283+0600][45.291s][info][gc,ref      ] GC(86) Soft: 3370 encountered, 0 discovered, 0 enqueued
[2026-04-03T02:21:34.283+0600][45.291s][info][gc,ref      ] GC(86) Weak: 14414 encountered, 4320 discovered, 10 enqueued
[2026-04-03T02:21:34.283+0600][45.291s][info][gc,ref      ] GC(86) Final: 84 encountered, 0 discovered, 0 enqueued
[2026-04-03T02:21:34.283+0600][45.291s][info][gc,ref      ] GC(86) Phantom: 620 encountered, 540 discovered, 0 enqueued
[2026-04-03T02:21:34.283+0600][45.291s][info][gc,reloc    ] GC(86) Small Pages: 112 / 224M, Empty: 12M, Relocated: 3M, In-Place: 0
[2026-04-03T02:21:34.283+0600][45.291s][info][gc,reloc    ] GC(86) Medium Pages: 1 / 16M, Empty: 0M, Relocated: 0M, In-Place: 0
[2026-04-03T02:21:34.283+0600][45.291s][info][gc,reloc    ] GC(86) Large Pages: 1 / 4M, Empty: 0M, Relocated: 0M, In-Place: 0
[2026-04-03T02:21:34.283+0600][45.291s][info][gc,reloc    ] GC(86) Forwarding Usage: 1M
[2026-04-03T02:21:34.283+0600][45.291s][info][gc,heap     ] GC(86) Min Capacity: 8M(1%)
[2026-04-03T02:21:34.283+0600][45.291s][info][gc,heap     ] GC(86) Max Capacity: 1000M(100%)
[2026-04-03T02:21:34.283+0600][45.291s][info][gc,heap     ] GC(86) Soft Max Capacity: 1000M(100%)
[2026-04-03T02:21:34.283+0600][45.291s][info][gc,heap     ] GC(86)                Mark Start          Mark End        Relocate Start      Relocate End           High               Low         
[2026-04-03T02:21:34.283+0600][45.291s][info][gc,heap     ] GC(86)  Capacity:     1000M (100%)       1000M (100%)       1000M (100%)       1000M (100%)       1000M (100%)       1000M (100%)   
[2026-04-03T02:21:34.283+0600][45.291s][info][gc,heap     ] GC(86)      Free:      756M (76%)         722M (72%)         726M (73%)         830M (83%)         830M (83%)         714M (71%)    
[2026-04-03T02:21:34.283+0600][45.291s][info][gc,heap     ] GC(86)      Used:      244M (24%)         278M (28%)         274M (27%)         170M (17%)         286M (29%)         170M (17%)    
[2026-04-03T02:21:34.283+0600][45.291s][info][gc,heap     ] GC(86)      Live:         -               102M (10%)         102M (10%)         102M (10%)            -                  -          
[2026-04-03T02:21:34.283+0600][45.291s][info][gc,heap     ] GC(86) Allocated:         -                34M (3%)           42M (4%)           41M (4%)             -                  -          
[2026-04-03T02:21:34.283+0600][45.291s][info][gc,heap     ] GC(86)   Garbage:         -               141M (14%)         129M (13%)          25M (3%)             -                  -          
[2026-04-03T02:21:34.283+0600][45.291s][info][gc,heap     ] GC(86) Reclaimed:         -                  -                12M (1%)          115M (12%)            -                  -          
[2026-04-03T02:21:34.283+0600][45.291s][info][gc          ] GC(86) Garbage Collection (Allocation Rate) 244M(24%)->170M(17%)
[2026-04-03T02:21:34.296+0600][45.304s][info][gc,start    ] GC(87) Garbage Collection (Allocation Rate)
[2026-04-03T02:21:34.296+0600][45.304s][info][gc,task     ] GC(87) Using 3 workers
[2026-04-03T02:21:34.296+0600][45.304s][info][gc,phases   ] GC(87) Pause Mark Start 0.009ms
[2026-04-03T02:21:34.364+0600][45.372s][info][gc,phases   ] GC(87) Concurrent Mark 67.388ms
[2026-04-03T02:21:34.364+0600][45.372s][info][gc,phases   ] GC(87) Pause Mark End 0.026ms
[2026-04-03T02:21:34.364+0600][45.372s][info][gc,phases   ] GC(87) Concurrent Mark Free 0.002ms
[2026-04-03T02:21:34.380+0600][45.388s][info][gc,phases   ] GC(87) Concurrent Process Non-Strong References 15.832ms
[2026-04-03T02:21:34.380+0600][45.388s][info][gc,phases   ] GC(87) Concurrent Reset Relocation Set 0.010ms
[2026-04-03T02:21:34.385+0600][45.393s][info][gc,phases   ] GC(87) Concurrent Select Relocation Set 4.954ms
[2026-04-03T02:21:34.386+0600][45.394s][info][gc,phases   ] GC(87) Pause Relocate Start 0.041ms
[2026-04-03T02:21:34.391+0600][45.399s][info][gc,phases   ] GC(87) Concurrent Relocate 5.443ms
[2026-04-03T02:21:34.392+0600][45.400s][info][gc,load     ] GC(87) Load: 7.64/6.50/5.95
[2026-04-03T02:21:34.392+0600][45.400s][info][gc,mmu      ] GC(87) MMU: 2ms/90.1%, 5ms/96.1%, 10ms/98.0%, 20ms/99.0%, 50ms/99.6%, 100ms/99.7%
[2026-04-03T02:21:34.392+0600][45.400s][info][gc,marking  ] GC(87) Mark: 2 stripe(s), 2 proactive flush(es), 1 terminate flush(es), 0 completion(s), 0 continuation(s) 
[2026-04-03T02:21:34.392+0600][45.400s][info][gc,marking  ] GC(87) Mark Stack Usage: 32M
[2026-04-03T02:21:34.392+0600][45.400s][info][gc,nmethod  ] GC(87) NMethods: 14466 registered, 1617 unregistered
[2026-04-03T02:21:34.392+0600][45.400s][info][gc,metaspace] GC(87) Metaspace: 127M used, 128M committed, 1152M reserved
[2026-04-03T02:21:34.392+0600][45.400s][info][gc,ref      ] GC(87) Soft: 3370 encountered, 0 discovered, 0 enqueued
[2026-04-03T02:21:34.392+0600][45.400s][info][gc,ref      ] GC(87) Weak: 14403 encountered, 4551 discovered, 0 enqueued
[2026-04-03T02:21:34.392+0600][45.400s][info][gc,ref      ] GC(87) Final: 84 encountered, 0 discovered, 0 enqueued
[2026-04-03T02:21:34.392+0600][45.400s][info][gc,ref      ] GC(87) Phantom: 620 encountered, 375 discovered, 0 enqueued
[2026-04-03T02:21:34.392+0600][45.400s][info][gc,reloc    ] GC(87) Small Pages: 79 / 158M, Empty: 4M, Relocated: 3M, In-Place: 0
[2026-04-03T02:21:34.392+0600][45.400s][info][gc,reloc    ] GC(87) Medium Pages: 1 / 16M, Empty: 0M, Relocated: 0M, In-Place: 0
[2026-04-03T02:21:34.392+0600][45.400s][info][gc,reloc    ] GC(87) Large Pages: 1 / 4M, Empty: 0M, Relocated: 0M, In-Place: 0
[2026-04-03T02:21:34.392+0600][45.400s][info][gc,reloc    ] GC(87) Forwarding Usage: 1M
[2026-04-03T02:21:34.392+0600][45.400s][info][gc,heap     ] GC(87) Min Capacity: 8M(1%)
[2026-04-03T02:21:34.392+0600][45.400s][info][gc,heap     ] GC(87) Max Capacity: 1000M(100%)
[2026-04-03T02:21:34.392+0600][45.400s][info][gc,heap     ] GC(87) Soft Max Capacity: 1000M(100%)
[2026-04-03T02:21:34.392+0600][45.400s][info][gc,heap     ] GC(87)                Mark Start          Mark End        Relocate Start      Relocate End           High               Low         
[2026-04-03T02:21:34.392+0600][45.400s][info][gc,heap     ] GC(87)  Capacity:     1000M (100%)       1000M (100%)       1000M (100%)       1000M (100%)       1000M (100%)       1000M (100%)   
[2026-04-03T02:21:34.392+0600][45.400s][info][gc,heap     ] GC(87)      Free:      822M (82%)         772M (77%)         750M (75%)         786M (79%)         822M (82%)         746M (75%)    
[2026-04-03T02:21:34.392+0600][45.400s][info][gc,heap     ] GC(87)      Used:      178M (18%)         228M (23%)         250M (25%)         214M (21%)         254M (25%)         178M (18%)    
[2026-04-03T02:21:34.392+0600][45.400s][info][gc,heap     ] GC(87)      Live:         -               102M (10%)         102M (10%)         102M (10%)            -                  -          
[2026-04-03T02:21:34.392+0600][45.400s][info][gc,heap     ] GC(87) Allocated:         -                50M (5%)           76M (8%)           85M (9%)             -                  -          
[2026-04-03T02:21:34.392+0600][45.400s][info][gc,heap     ] GC(87)   Garbage:         -                75M (8%)           71M (7%)           25M (3%)             -                  -          
[2026-04-03T02:21:34.392+0600][45.400s][info][gc,heap     ] GC(87) Reclaimed:         -                  -                 4M (0%)           49M (5%)             -                  -          
[2026-04-03T02:21:34.392+0600][45.400s][info][gc          ] GC(87) Garbage Collection (Allocation Rate) 178M(18%)->214M(21%)
[2026-04-03T02:21:34.595+0600][45.603s][info][gc,start    ] GC(88) Garbage Collection (Allocation Rate)
[2026-04-03T02:21:34.595+0600][45.604s][info][gc,task     ] GC(88) Using 2 workers
[2026-04-03T02:21:34.596+0600][45.604s][info][gc,phases   ] GC(88) Pause Mark Start 0.022ms
[2026-04-03T02:21:34.756+0600][45.764s][info][gc,phases   ] GC(88) Concurrent Mark 160.179ms
[2026-04-03T02:21:34.756+0600][45.764s][info][gc,phases   ] GC(88) Pause Mark End 0.043ms
[2026-04-03T02:21:34.757+0600][45.765s][info][gc,phases   ] GC(88) Concurrent Mark Free 0.003ms
[2026-04-03T02:21:34.787+0600][45.795s][info][gc,phases   ] GC(88) Concurrent Process Non-Strong References 30.682ms
[2026-04-03T02:21:34.787+0600][45.795s][info][gc,phases   ] GC(88) Concurrent Reset Relocation Set 0.004ms
[2026-04-03T02:21:34.790+0600][45.799s][info][gc,phases   ] GC(88) Concurrent Select Relocation Set 3.153ms
[2026-04-03T02:21:34.791+0600][45.799s][info][gc,phases   ] GC(88) Pause Relocate Start 0.015ms
[2026-04-03T02:21:34.795+0600][45.803s][info][gc,phases   ] GC(88) Concurrent Relocate 4.390ms
[2026-04-03T02:21:34.795+0600][45.803s][info][gc,load     ] GC(88) Load: 7.91/6.57/5.98
[2026-04-03T02:21:34.795+0600][45.803s][info][gc,mmu      ] GC(88) MMU: 2ms/90.1%, 5ms/96.1%, 10ms/98.0%, 20ms/99.0%, 50ms/99.6%, 100ms/99.7%
[2026-04-03T02:21:34.795+0600][45.803s][info][gc,marking  ] GC(88) Mark: 2 stripe(s), 2 proactive flush(es), 1 terminate flush(es), 0 completion(s), 0 continuation(s) 
[2026-04-03T02:21:34.795+0600][45.803s][info][gc,marking  ] GC(88) Mark Stack Usage: 32M
[2026-04-03T02:21:34.795+0600][45.803s][info][gc,nmethod  ] GC(88) NMethods: 14478 registered, 1623 unregistered
[2026-04-03T02:21:34.795+0600][45.803s][info][gc,metaspace] GC(88) Metaspace: 127M used, 128M committed, 1152M reserved
[2026-04-03T02:21:34.795+0600][45.803s][info][gc,ref      ] GC(88) Soft: 3378 encountered, 0 discovered, 0 enqueued
[2026-04-03T02:21:34.795+0600][45.803s][info][gc,ref      ] GC(88) Weak: 14972 encountered, 4988 discovered, 23 enqueued
[2026-04-03T02:21:34.795+0600][45.803s][info][gc,ref      ] GC(88) Final: 84 encountered, 48 discovered, 0 enqueued
[2026-04-03T02:21:34.795+0600][45.803s][info][gc,ref      ] GC(88) Phantom: 620 encountered, 462 discovered, 0 enqueued
[2026-04-03T02:21:34.795+0600][45.803s][info][gc,reloc    ] GC(88) Small Pages: 179 / 358M, Empty: 60M, Relocated: 4M, In-Place: 0
[2026-04-03T02:21:34.795+0600][45.803s][info][gc,reloc    ] GC(88) Medium Pages: 5 / 80M, Empty: 64M, Relocated: 0M, In-Place: 0
[2026-04-03T02:21:34.795+0600][45.803s][info][gc,reloc    ] GC(88) Large Pages: 8 / 46M, Empty: 42M, Relocated: 0M, In-Place: 0
[2026-04-03T02:21:34.795+0600][45.803s][info][gc,reloc    ] GC(88) Forwarding Usage: 1M
[2026-04-03T02:21:34.795+0600][45.803s][info][gc,heap     ] GC(88) Min Capacity: 8M(1%)
[2026-04-03T02:21:34.795+0600][45.803s][info][gc,heap     ] GC(88) Max Capacity: 1000M(100%)
[2026-04-03T02:21:34.795+0600][45.803s][info][gc,heap     ] GC(88) Soft Max Capacity: 1000M(100%)
[2026-04-03T02:21:34.795+0600][45.804s][info][gc,heap     ] GC(88)                Mark Start          Mark End        Relocate Start      Relocate End           High               Low         
[2026-04-03T02:21:34.795+0600][45.804s][info][gc,heap     ] GC(88)  Capacity:     1000M (100%)       1000M (100%)       1000M (100%)       1000M (100%)       1000M (100%)       1000M (100%)   
[2026-04-03T02:21:34.795+0600][45.804s][info][gc,heap     ] GC(88)      Free:      516M (52%)         340M (34%)         456M (46%)         644M (64%)         644M (64%)         292M (29%)    
[2026-04-03T02:21:34.795+0600][45.804s][info][gc,heap     ] GC(88)      Used:      484M (48%)         660M (66%)         544M (54%)         356M (36%)         708M (71%)         356M (36%)    
[2026-04-03T02:21:34.796+0600][45.804s][info][gc,heap     ] GC(88)      Live:         -               105M (11%)         105M (11%)         105M (11%)            -                  -          
[2026-04-03T02:21:34.796+0600][45.804s][info][gc,heap     ] GC(88) Allocated:         -               176M (18%)         226M (23%)         225M (23%)            -                  -          
[2026-04-03T02:21:34.796+0600][45.804s][info][gc,heap     ] GC(88)   Garbage:         -               378M (38%)         212M (21%)          24M (2%)             -                  -          
[2026-04-03T02:21:34.796+0600][45.804s][info][gc,heap     ] GC(88) Reclaimed:         -                  -               166M (17%)         353M (35%)            -                  -          
[2026-04-03T02:21:34.796+0600][45.804s][info][gc          ] GC(88) Garbage Collection (Allocation Rate) 484M(48%)->356M(36%)
[2026-04-03T02:21:34.896+0600][45.904s][info][gc,start    ] GC(89) Garbage Collection (Allocation Rate)
[2026-04-03T02:21:34.896+0600][45.904s][info][gc,task     ] GC(89) Using 3 workers
[2026-04-03T02:21:34.896+0600][45.904s][info][gc,phases   ] GC(89) Pause Mark Start 0.018ms
[2026-04-03T02:21:35.009+0600][46.017s][info][gc,phases   ] GC(89) Concurrent Mark 112.904ms
[2026-04-03T02:21:35.010+0600][46.018s][info][gc,phases   ] GC(89) Pause Mark End 0.033ms
[2026-04-03T02:21:35.010+0600][46.018s][info][gc,phases   ] GC(89) Concurrent Mark Free 0.003ms
[2026-04-03T02:21:35.028+0600][46.036s][info][gc,phases   ] GC(89) Concurrent Process Non-Strong References 17.991ms
[2026-04-03T02:21:35.028+0600][46.036s][info][gc,phases   ] GC(89) Concurrent Reset Relocation Set 0.011ms
[2026-04-03T02:21:35.032+0600][46.040s][info][gc,phases   ] GC(89) Concurrent Select Relocation Set 3.569ms
[2026-04-03T02:21:35.032+0600][46.040s][info][gc,phases   ] GC(89) Pause Relocate Start 0.014ms
[2026-04-03T02:21:35.036+0600][46.044s][info][gc,phases   ] GC(89) Concurrent Relocate 4.327ms
[2026-04-03T02:21:35.036+0600][46.044s][info][gc,load     ] GC(89) Load: 7.91/6.57/5.98
[2026-04-03T02:21:35.036+0600][46.044s][info][gc,mmu      ] GC(89) MMU: 2ms/90.1%, 5ms/96.1%, 10ms/98.0%, 20ms/99.0%, 50ms/99.6%, 100ms/99.7%
[2026-04-03T02:21:35.036+0600][46.044s][info][gc,marking  ] GC(89) Mark: 2 stripe(s), 2 proactive flush(es), 1 terminate flush(es), 0 completion(s), 0 continuation(s) 
[2026-04-03T02:21:35.036+0600][46.044s][info][gc,marking  ] GC(89) Mark Stack Usage: 32M
[2026-04-03T02:21:35.036+0600][46.045s][info][gc,nmethod  ] GC(89) NMethods: 14489 registered, 1632 unregistered
[2026-04-03T02:21:35.036+0600][46.045s][info][gc,metaspace] GC(89) Metaspace: 127M used, 128M committed, 1152M reserved
[2026-04-03T02:21:35.036+0600][46.045s][info][gc,ref      ] GC(89) Soft: 3377 encountered, 0 discovered, 0 enqueued
[2026-04-03T02:21:35.036+0600][46.045s][info][gc,ref      ] GC(89) Weak: 15383 encountered, 3767 discovered, 13 enqueued
[2026-04-03T02:21:35.036+0600][46.045s][info][gc,ref      ] GC(89) Final: 84 encountered, 0 discovered, 0 enqueued
[2026-04-03T02:21:35.036+0600][46.045s][info][gc,ref      ] GC(89) Phantom: 620 encountered, 508 discovered, 0 enqueued
[2026-04-03T02:21:35.036+0600][46.045s][info][gc,reloc    ] GC(89) Small Pages: 177 / 354M, Empty: 84M, Relocated: 5M, In-Place: 0
[2026-04-03T02:21:35.037+0600][46.045s][info][gc,reloc    ] GC(89) Medium Pages: 5 / 80M, Empty: 64M, Relocated: 0M, In-Place: 0
[2026-04-03T02:21:35.037+0600][46.045s][info][gc,reloc    ] GC(89) Large Pages: 7 / 40M, Empty: 36M, Relocated: 0M, In-Place: 0
[2026-04-03T02:21:35.037+0600][46.045s][info][gc,reloc    ] GC(89) Forwarding Usage: 1M
[2026-04-03T02:21:35.037+0600][46.045s][info][gc,heap     ] GC(89) Min Capacity: 8M(1%)
[2026-04-03T02:21:35.037+0600][46.045s][info][gc,heap     ] GC(89) Max Capacity: 1000M(100%)
[2026-04-03T02:21:35.037+0600][46.045s][info][gc,heap     ] GC(89) Soft Max Capacity: 1000M(100%)
[2026-04-03T02:21:35.037+0600][46.045s][info][gc,heap     ] GC(89)                Mark Start          Mark End        Relocate Start      Relocate End           High               Low         
[2026-04-03T02:21:35.037+0600][46.045s][info][gc,heap     ] GC(89)  Capacity:     1000M (100%)       1000M (100%)       1000M (100%)       1000M (100%)       1000M (100%)       1000M (100%)   
[2026-04-03T02:21:35.037+0600][46.045s][info][gc,heap     ] GC(89)      Free:      526M (53%)         392M (39%)         558M (56%)         714M (71%)         714M (71%)         376M (38%)    
[2026-04-03T02:21:35.037+0600][46.045s][info][gc,heap     ] GC(89)      Used:      474M (47%)         608M (61%)         442M (44%)         286M (29%)         624M (62%)         286M (29%)    
[2026-04-03T02:21:35.037+0600][46.045s][info][gc,heap     ] GC(89)      Live:         -               105M (11%)         105M (11%)         105M (11%)            -                  -          
[2026-04-03T02:21:35.037+0600][46.045s][info][gc,heap     ] GC(89) Allocated:         -               134M (13%)         152M (15%)         155M (16%)            -                  -          
[2026-04-03T02:21:35.037+0600][46.045s][info][gc,heap     ] GC(89)   Garbage:         -               368M (37%)         184M (18%)          24M (2%)             -                  -          
[2026-04-03T02:21:35.037+0600][46.045s][info][gc,heap     ] GC(89) Reclaimed:         -                  -               184M (18%)         343M (34%)            -                  -          
[2026-04-03T02:21:35.037+0600][46.045s][info][gc          ] GC(89) Garbage Collection (Allocation Rate) 474M(47%)->286M(29%)
[2026-04-03T02:21:35.096+0600][46.104s][info][gc,start    ] GC(90) Garbage Collection (Allocation Rate)
[2026-04-03T02:21:35.096+0600][46.104s][info][gc,task     ] GC(90) Using 3 workers
[2026-04-03T02:21:35.097+0600][46.105s][info][gc,phases   ] GC(90) Pause Mark Start 0.023ms
[2026-04-03T02:21:35.217+0600][46.225s][info][gc,phases   ] GC(90) Concurrent Mark 120.521ms
[2026-04-03T02:21:35.217+0600][46.226s][info][gc,phases   ] GC(90) Pause Mark End 0.040ms
[2026-04-03T02:21:35.218+0600][46.226s][info][gc,phases   ] GC(90) Concurrent Mark Free 0.004ms
[2026-04-03T02:21:35.239+0600][46.248s][info][gc,phases   ] GC(90) Concurrent Process Non-Strong References 21.826ms
[2026-04-03T02:21:35.240+0600][46.248s][info][gc,phases   ] GC(90) Concurrent Reset Relocation Set 0.015ms
[2026-04-03T02:21:35.245+0600][46.253s][info][gc,phases   ] GC(90) Concurrent Select Relocation Set 5.682ms
[2026-04-03T02:21:35.246+0600][46.254s][info][gc,phases   ] GC(90) Pause Relocate Start 0.020ms
[2026-04-03T02:21:35.253+0600][46.261s][info][gc,phases   ] GC(90) Concurrent Relocate 5.739ms
[2026-04-03T02:21:35.253+0600][46.261s][info][gc,load     ] GC(90) Load: 7.91/6.57/5.98
[2026-04-03T02:21:35.253+0600][46.261s][info][gc,mmu      ] GC(90) MMU: 2ms/90.1%, 5ms/96.1%, 10ms/98.0%, 20ms/99.0%, 50ms/99.6%, 100ms/99.7%
[2026-04-03T02:21:35.253+0600][46.261s][info][gc,marking  ] GC(90) Mark: 2 stripe(s), 2 proactive flush(es), 1 terminate flush(es), 0 completion(s), 0 continuation(s) 
[2026-04-03T02:21:35.253+0600][46.261s][info][gc,marking  ] GC(90) Mark Stack Usage: 32M
[2026-04-03T02:21:35.253+0600][46.261s][info][gc,nmethod  ] GC(90) NMethods: 14487 registered, 1637 unregistered
[2026-04-03T02:21:35.253+0600][46.261s][info][gc,metaspace] GC(90) Metaspace: 127M used, 128M committed, 1152M reserved
[2026-04-03T02:21:35.253+0600][46.261s][info][gc,ref      ] GC(90) Soft: 3377 encountered, 0 discovered, 0 enqueued
[2026-04-03T02:21:35.253+0600][46.261s][info][gc,ref      ] GC(90) Weak: 15659 encountered, 4956 discovered, 11 enqueued
[2026-04-03T02:21:35.253+0600][46.261s][info][gc,ref      ] GC(90) Final: 84 encountered, 0 discovered, 0 enqueued
[2026-04-03T02:21:35.253+0600][46.261s][info][gc,ref      ] GC(90) Phantom: 620 encountered, 599 discovered, 0 enqueued
[2026-04-03T02:21:35.253+0600][46.261s][info][gc,reloc    ] GC(90) Small Pages: 139 / 278M, Empty: 66M, Relocated: 4M, In-Place: 0
[2026-04-03T02:21:35.253+0600][46.261s][info][gc,reloc    ] GC(90) Medium Pages: 3 / 48M, Empty: 32M, Relocated: 0M, In-Place: 0
[2026-04-03T02:21:35.253+0600][46.261s][info][gc,reloc    ] GC(90) Large Pages: 5 / 28M, Empty: 24M, Relocated: 0M, In-Place: 0
[2026-04-03T02:21:35.253+0600][46.261s][info][gc,reloc    ] GC(90) Forwarding Usage: 1M
[2026-04-03T02:21:35.253+0600][46.261s][info][gc,heap     ] GC(90) Min Capacity: 8M(1%)
[2026-04-03T02:21:35.253+0600][46.261s][info][gc,heap     ] GC(90) Max Capacity: 1000M(100%)
[2026-04-03T02:21:35.253+0600][46.261s][info][gc,heap     ] GC(90) Soft Max Capacity: 1000M(100%)
[2026-04-03T02:21:35.253+0600][46.261s][info][gc,heap     ] GC(90)                Mark Start          Mark End        Relocate Start      Relocate End           High               Low         
[2026-04-03T02:21:35.253+0600][46.261s][info][gc,heap     ] GC(90)  Capacity:     1000M (100%)       1000M (100%)       1000M (100%)       1000M (100%)       1000M (100%)       1000M (100%)   
[2026-04-03T02:21:35.253+0600][46.261s][info][gc,heap     ] GC(90)      Free:      646M (65%)         502M (50%)         592M (59%)         686M (69%)         686M (69%)         470M (47%)    
[2026-04-03T02:21:35.253+0600][46.261s][info][gc,heap     ] GC(90)      Used:      354M (35%)         498M (50%)         408M (41%)         314M (31%)         530M (53%)         314M (31%)    
[2026-04-03T02:21:35.253+0600][46.261s][info][gc,heap     ] GC(90)      Live:         -               106M (11%)         106M (11%)         106M (11%)            -                  -          
[2026-04-03T02:21:35.253+0600][46.261s][info][gc,heap     ] GC(90) Allocated:         -               144M (14%)         176M (18%)         181M (18%)            -                  -          
[2026-04-03T02:21:35.253+0600][46.261s][info][gc,heap     ] GC(90)   Garbage:         -               247M (25%)         125M (13%)          25M (3%)             -                  -          
[2026-04-03T02:21:35.253+0600][46.261s][info][gc,heap     ] GC(90) Reclaimed:         -                  -               122M (12%)         221M (22%)            -                  -          
[2026-04-03T02:21:35.253+0600][46.261s][info][gc          ] GC(90) Garbage Collection (Allocation Rate) 354M(35%)->314M(31%)
[2026-04-03T02:21:35.296+0600][46.304s][info][gc,start    ] GC(91) Garbage Collection (Allocation Rate)
[2026-04-03T02:21:35.296+0600][46.304s][info][gc,task     ] GC(91) Using 3 workers
[2026-04-03T02:21:35.296+0600][46.304s][info][gc,phases   ] GC(91) Pause Mark Start 0.009ms
[2026-04-03T02:21:35.404+0600][46.412s][info][gc,phases   ] GC(91) Concurrent Mark 107.296ms
[2026-04-03T02:21:35.404+0600][46.412s][info][gc,phases   ] GC(91) Pause Mark End 0.026ms
[2026-04-03T02:21:35.404+0600][46.412s][info][gc,phases   ] GC(91) Concurrent Mark Free 0.002ms
[2026-04-03T02:21:35.418+0600][46.427s][info][gc,phases   ] GC(91) Concurrent Process Non-Strong References 14.349ms
[2026-04-03T02:21:35.419+0600][46.427s][info][gc,phases   ] GC(91) Concurrent Reset Relocation Set 0.008ms
[2026-04-03T02:21:35.422+0600][46.430s][info][gc,phases   ] GC(91) Concurrent Select Relocation Set 3.814ms
[2026-04-03T02:21:35.423+0600][46.431s][info][gc,phases   ] GC(91) Pause Relocate Start 0.017ms
[2026-04-03T02:21:35.430+0600][46.438s][info][gc,phases   ] GC(91) Concurrent Relocate 7.219ms
[2026-04-03T02:21:35.431+0600][46.439s][info][gc,load     ] GC(91) Load: 7.91/6.57/5.98
[2026-04-03T02:21:35.431+0600][46.439s][info][gc,mmu      ] GC(91) MMU: 2ms/90.1%, 5ms/96.1%, 10ms/98.0%, 20ms/99.0%, 50ms/99.6%, 100ms/99.7%
[2026-04-03T02:21:35.431+0600][46.439s][info][gc,marking  ] GC(91) Mark: 2 stripe(s), 2 proactive flush(es), 1 terminate flush(es), 0 completion(s), 0 continuation(s) 
[2026-04-03T02:21:35.431+0600][46.439s][info][gc,marking  ] GC(91) Mark Stack Usage: 32M
[2026-04-03T02:21:35.431+0600][46.439s][info][gc,nmethod  ] GC(91) NMethods: 14508 registered, 1641 unregistered
[2026-04-03T02:21:35.431+0600][46.439s][info][gc,metaspace] GC(91) Metaspace: 127M used, 128M committed, 1152M reserved
[2026-04-03T02:21:35.431+0600][46.439s][info][gc,ref      ] GC(91) Soft: 3370 encountered, 0 discovered, 0 enqueued
[2026-04-03T02:21:35.431+0600][46.439s][info][gc,ref      ] GC(91) Weak: 15937 encountered, 5744 discovered, 1412 enqueued
[2026-04-03T02:21:35.431+0600][46.439s][info][gc,ref      ] GC(91) Final: 84 encountered, 0 discovered, 0 enqueued
[2026-04-03T02:21:35.431+0600][46.439s][info][gc,ref      ] GC(91) Phantom: 620 encountered, 513 discovered, 0 enqueued
[2026-04-03T02:21:35.431+0600][46.439s][info][gc,reloc    ] GC(91) Small Pages: 132 / 264M, Empty: 32M, Relocated: 6M, In-Place: 0
[2026-04-03T02:21:35.431+0600][46.439s][info][gc,reloc    ] GC(91) Medium Pages: 4 / 64M, Empty: 48M, Relocated: 0M, In-Place: 0
[2026-04-03T02:21:35.431+0600][46.439s][info][gc,reloc    ] GC(91) Large Pages: 5 / 28M, Empty: 24M, Relocated: 0M, In-Place: 0
[2026-04-03T02:21:35.431+0600][46.439s][info][gc,reloc    ] GC(91) Forwarding Usage: 3M
[2026-04-03T02:21:35.431+0600][46.439s][info][gc,heap     ] GC(91) Min Capacity: 8M(1%)
[2026-04-03T02:21:35.431+0600][46.439s][info][gc,heap     ] GC(91) Max Capacity: 1000M(100%)
[2026-04-03T02:21:35.431+0600][46.439s][info][gc,heap     ] GC(91) Soft Max Capacity: 1000M(100%)
[2026-04-03T02:21:35.431+0600][46.439s][info][gc,heap     ] GC(91)                Mark Start          Mark End        Relocate Start      Relocate End           High               Low         
[2026-04-03T02:21:35.431+0600][46.439s][info][gc,heap     ] GC(91)  Capacity:     1000M (100%)       1000M (100%)       1000M (100%)       1000M (100%)       1000M (100%)       1000M (100%)   
[2026-04-03T02:21:35.431+0600][46.439s][info][gc,heap     ] GC(91)      Free:      644M (64%)         512M (51%)         600M (60%)         720M (72%)         720M (72%)         498M (50%)    
[2026-04-03T02:21:35.431+0600][46.439s][info][gc,heap     ] GC(91)      Used:      356M (36%)         488M (49%)         400M (40%)         280M (28%)         502M (50%)         280M (28%)    
[2026-04-03T02:21:35.431+0600][46.439s][info][gc,heap     ] GC(91)      Live:         -               104M (10%)         104M (10%)         104M (10%)            -                  -          
[2026-04-03T02:21:35.431+0600][46.439s][info][gc,heap     ] GC(91) Allocated:         -               132M (13%)         148M (15%)         149M (15%)            -                  -          
[2026-04-03T02:21:35.431+0600][46.439s][info][gc,heap     ] GC(91)   Garbage:         -               251M (25%)         147M (15%)          25M (3%)             -                  -          
[2026-04-03T02:21:35.431+0600][46.439s][info][gc,heap     ] GC(91) Reclaimed:         -                  -               104M (10%)         225M (23%)            -                  -          
[2026-04-03T02:21:35.431+0600][46.439s][info][gc          ] GC(91) Garbage Collection (Allocation Rate) 356M(36%)->280M(28%)
[2026-04-03T02:21:35.695+0600][46.703s][info][gc,start    ] GC(92) Garbage Collection (Allocation Rate)
[2026-04-03T02:21:35.695+0600][46.703s][info][gc,task     ] GC(92) Using 3 workers
[2026-04-03T02:21:35.695+0600][46.703s][info][gc,phases   ] GC(92) Pause Mark Start 0.013ms
[2026-04-03T02:21:35.814+0600][46.822s][info][gc,phases   ] GC(92) Concurrent Mark 118.147ms
[2026-04-03T02:21:35.814+0600][46.822s][info][gc,phases   ] GC(92) Pause Mark End 0.024ms
[2026-04-03T02:21:35.814+0600][46.822s][info][gc,phases   ] GC(92) Concurrent Mark Free 0.002ms
[2026-04-03T02:21:35.829+0600][46.837s][info][gc,phases   ] GC(92) Concurrent Process Non-Strong References 15.161ms
[2026-04-03T02:21:35.829+0600][46.838s][info][gc,phases   ] GC(92) Concurrent Reset Relocation Set 0.010ms
[2026-04-03T02:21:35.833+0600][46.841s][info][gc,phases   ] GC(92) Concurrent Select Relocation Set 3.892ms
[2026-04-03T02:21:35.834+0600][46.842s][info][gc,phases   ] GC(92) Pause Relocate Start 0.014ms
[2026-04-03T02:21:35.839+0600][46.847s][info][gc,phases   ] GC(92) Concurrent Relocate 5.595ms
[2026-04-03T02:21:35.839+0600][46.847s][info][gc,load     ] GC(92) Load: 7.91/6.57/5.98
[2026-04-03T02:21:35.839+0600][46.848s][info][gc,mmu      ] GC(92) MMU: 2ms/90.1%, 5ms/96.1%, 10ms/98.0%, 20ms/99.0%, 50ms/99.6%, 100ms/99.7%
[2026-04-03T02:21:35.839+0600][46.848s][info][gc,marking  ] GC(92) Mark: 2 stripe(s), 2 proactive flush(es), 1 terminate flush(es), 0 completion(s), 0 continuation(s) 
[2026-04-03T02:21:35.839+0600][46.848s][info][gc,marking  ] GC(92) Mark Stack Usage: 32M
[2026-04-03T02:21:35.839+0600][46.848s][info][gc,nmethod  ] GC(92) NMethods: 14515 registered, 1649 unregistered
[2026-04-03T02:21:35.840+0600][46.848s][info][gc,metaspace] GC(92) Metaspace: 127M used, 128M committed, 1152M reserved
[2026-04-03T02:21:35.840+0600][46.848s][info][gc,ref      ] GC(92) Soft: 3378 encountered, 0 discovered, 0 enqueued
[2026-04-03T02:21:35.840+0600][46.848s][info][gc,ref      ] GC(92) Weak: 15126 encountered, 3992 discovered, 307 enqueued
[2026-04-03T02:21:35.840+0600][46.848s][info][gc,ref      ] GC(92) Final: 84 encountered, 0 discovered, 0 enqueued
[2026-04-03T02:21:35.840+0600][46.848s][info][gc,ref      ] GC(92) Phantom: 620 encountered, 599 discovered, 0 enqueued
[2026-04-03T02:21:35.840+0600][46.848s][info][gc,reloc    ] GC(92) Small Pages: 254 / 508M, Empty: 212M, Relocated: 6M, In-Place: 0
[2026-04-03T02:21:35.840+0600][46.848s][info][gc,reloc    ] GC(92) Medium Pages: 4 / 64M, Empty: 48M, Relocated: 0M, In-Place: 0
[2026-04-03T02:21:35.840+0600][46.848s][info][gc,reloc    ] GC(92) Large Pages: 9 / 52M, Empty: 48M, Relocated: 0M, In-Place: 0
[2026-04-03T02:21:35.840+0600][46.848s][info][gc,reloc    ] GC(92) Forwarding Usage: 2M
[2026-04-03T02:21:35.840+0600][46.848s][info][gc,heap     ] GC(92) Min Capacity: 8M(1%)
[2026-04-03T02:21:35.840+0600][46.848s][info][gc,heap     ] GC(92) Max Capacity: 1000M(100%)
[2026-04-03T02:21:35.840+0600][46.848s][info][gc,heap     ] GC(92) Soft Max Capacity: 1000M(100%)
[2026-04-03T02:21:35.840+0600][46.848s][info][gc,heap     ] GC(92)                Mark Start          Mark End        Relocate Start      Relocate End           High               Low         
[2026-04-03T02:21:35.840+0600][46.848s][info][gc,heap     ] GC(92)  Capacity:     1000M (100%)       1000M (100%)       1000M (100%)       1000M (100%)       1000M (100%)       1000M (100%)   
[2026-04-03T02:21:35.840+0600][46.848s][info][gc,heap     ] GC(92)      Free:      376M (38%)         204M (20%)         508M (51%)         688M (69%)         690M (69%)         202M (20%)    
[2026-04-03T02:21:35.840+0600][46.848s][info][gc,heap     ] GC(92)      Used:      624M (62%)         796M (80%)         492M (49%)         312M (31%)         798M (80%)         310M (31%)    
[2026-04-03T02:21:35.840+0600][46.848s][info][gc,heap     ] GC(92)      Live:         -               105M (11%)         105M (11%)         105M (11%)            -                  -          
[2026-04-03T02:21:35.840+0600][46.848s][info][gc,heap     ] GC(92) Allocated:         -               172M (17%)         176M (18%)         179M (18%)            -                  -          
[2026-04-03T02:21:35.840+0600][46.848s][info][gc,heap     ] GC(92)   Garbage:         -               518M (52%)         210M (21%)          26M (3%)             -                  -          
[2026-04-03T02:21:35.840+0600][46.848s][info][gc,heap     ] GC(92) Reclaimed:         -                  -               308M (31%)         491M (49%)            -                  -          
[2026-04-03T02:21:35.840+0600][46.848s][info][gc          ] GC(92) Garbage Collection (Allocation Rate) 624M(62%)->312M(31%)
[2026-04-03T02:21:35.996+0600][47.004s][info][gc,start    ] GC(93) Garbage Collection (Allocation Rate)
[2026-04-03T02:21:35.996+0600][47.004s][info][gc,task     ] GC(93) Using 3 workers
[2026-04-03T02:21:35.996+0600][47.004s][info][gc,phases   ] GC(93) Pause Mark Start 0.029ms
[2026-04-03T02:21:36.084+0600][47.092s][info][gc,phases   ] GC(93) Concurrent Mark 88.007ms
[2026-04-03T02:21:36.085+0600][47.093s][info][gc,phases   ] GC(93) Pause Mark End 0.031ms
[2026-04-03T02:21:36.085+0600][47.093s][info][gc,phases   ] GC(93) Concurrent Mark Free 0.002ms
[2026-04-03T02:21:36.099+0600][47.107s][info][gc,phases   ] GC(93) Concurrent Process Non-Strong References 14.404ms
[2026-04-03T02:21:36.099+0600][47.107s][info][gc,phases   ] GC(93) Concurrent Reset Relocation Set 0.015ms
[2026-04-03T02:21:36.099+0600][47.107s][info][gc          ] Allocation Stall (Executor task launch worker for task 1.0 in stage 1359.0 (TID 2548)) 33.321ms
[2026-04-03T02:21:36.099+0600][47.108s][info][gc          ] Allocation Stall (Executor task launch worker for task 2.0 in stage 1359.0 (TID 2549)) 31.898ms
[2026-04-03T02:21:36.099+0600][47.107s][info][gc          ] Allocation Stall (Executor task launch worker for task 0.0 in stage 1359.0 (TID 2547)) 31.027ms
[2026-04-03T02:21:36.099+0600][47.107s][info][gc          ] Allocation Stall (Executor task launch worker for task 3.0 in stage 1359.0 (TID 2550)) 33.014ms
[2026-04-03T02:21:36.102+0600][47.110s][info][gc,phases   ] GC(93) Concurrent Select Relocation Set 3.139ms
[2026-04-03T02:21:36.103+0600][47.111s][info][gc,phases   ] GC(93) Pause Relocate Start 0.013ms
[2026-04-03T02:21:36.109+0600][47.117s][info][gc,phases   ] GC(93) Concurrent Relocate 5.413ms
[2026-04-03T02:21:36.109+0600][47.117s][info][gc,load     ] GC(93) Load: 7.91/6.57/5.98
[2026-04-03T02:21:36.109+0600][47.117s][info][gc,mmu      ] GC(93) MMU: 2ms/90.1%, 5ms/96.1%, 10ms/98.0%, 20ms/99.0%, 50ms/99.6%, 100ms/99.7%
[2026-04-03T02:21:36.109+0600][47.117s][info][gc,marking  ] GC(93) Mark: 2 stripe(s), 2 proactive flush(es), 1 terminate flush(es), 0 completion(s), 0 continuation(s) 
[2026-04-03T02:21:36.109+0600][47.117s][info][gc,marking  ] GC(93) Mark Stack Usage: 32M
[2026-04-03T02:21:36.109+0600][47.117s][info][gc,nmethod  ] GC(93) NMethods: 14520 registered, 1655 unregistered
[2026-04-03T02:21:36.109+0600][47.117s][info][gc,metaspace] GC(93) Metaspace: 127M used, 128M committed, 1152M reserved
[2026-04-03T02:21:36.109+0600][47.117s][info][gc,ref      ] GC(93) Soft: 3370 encountered, 0 discovered, 0 enqueued
[2026-04-03T02:21:36.109+0600][47.117s][info][gc,ref      ] GC(93) Weak: 15202 encountered, 4784 discovered, 777 enqueued
[2026-04-03T02:21:36.109+0600][47.117s][info][gc,ref      ] GC(93) Final: 84 encountered, 0 discovered, 0 enqueued
[2026-04-03T02:21:36.109+0600][47.117s][info][gc,ref      ] GC(93) Phantom: 620 encountered, 464 discovered, 0 enqueued
[2026-04-03T02:21:36.109+0600][47.117s][info][gc,reloc    ] GC(93) Small Pages: 182 / 364M, Empty: 146M, Relocated: 4M, In-Place: 0
[2026-04-03T02:21:36.109+0600][47.117s][info][gc,reloc    ] GC(93) Medium Pages: 3 / 48M, Empty: 32M, Relocated: 0M, In-Place: 0
[2026-04-03T02:21:36.109+0600][47.117s][info][gc,reloc    ] GC(93) Large Pages: 70 / 418M, Empty: 414M, Relocated: 0M, In-Place: 0
[2026-04-03T02:21:36.109+0600][47.117s][info][gc,reloc    ] GC(93) Forwarding Usage: 1M
[2026-04-03T02:21:36.109+0600][47.117s][info][gc,heap     ] GC(93) Min Capacity: 8M(1%)
[2026-04-03T02:21:36.109+0600][47.117s][info][gc,heap     ] GC(93) Max Capacity: 1000M(100%)
[2026-04-03T02:21:36.109+0600][47.117s][info][gc,heap     ] GC(93) Soft Max Capacity: 1000M(100%)
[2026-04-03T02:21:36.109+0600][47.117s][info][gc,heap     ] GC(93)                Mark Start          Mark End        Relocate Start      Relocate End           High               Low         
[2026-04-03T02:21:36.109+0600][47.117s][info][gc,heap     ] GC(93)  Capacity:     1000M (100%)       1000M (100%)       1000M (100%)       1000M (100%)       1000M (100%)       1000M (100%)   
[2026-04-03T02:21:36.109+0600][47.117s][info][gc,heap     ] GC(93)      Free:      170M (17%)           4M (0%)          568M (57%)         620M (62%)         670M (67%)           4M (0%)     
[2026-04-03T02:21:36.109+0600][47.117s][info][gc,heap     ] GC(93)      Used:      830M (83%)         996M (100%)        432M (43%)         380M (38%)         996M (100%)        330M (33%)    
[2026-04-03T02:21:36.109+0600][47.117s][info][gc,heap     ] GC(93)      Live:         -               105M (11%)         105M (11%)         105M (11%)            -                  -          
[2026-04-03T02:21:36.109+0600][47.117s][info][gc,heap     ] GC(93) Allocated:         -               166M (17%)         194M (19%)         247M (25%)            -                  -          
[2026-04-03T02:21:36.109+0600][47.117s][info][gc,heap     ] GC(93)   Garbage:         -               724M (72%)         132M (13%)          26M (3%)             -                  -          
[2026-04-03T02:21:36.109+0600][47.117s][info][gc,heap     ] GC(93) Reclaimed:         -                  -               592M (59%)         697M (70%)            -                  -          
[2026-04-03T02:21:36.109+0600][47.117s][info][gc          ] GC(93) Garbage Collection (Allocation Rate) 830M(83%)->380M(38%)
[2026-04-03T02:21:36.196+0600][47.204s][info][gc,start    ] GC(94) Garbage Collection (Allocation Stall)
[2026-04-03T02:21:36.196+0600][47.204s][info][gc,ref      ] GC(94) Clearing All SoftReferences
[2026-04-03T02:21:36.196+0600][47.204s][info][gc,task     ] GC(94) Using 3 workers
[2026-04-03T02:21:36.196+0600][47.204s][info][gc,ref      ] GC(94) Clearing All SoftReferences
[2026-04-03T02:21:36.196+0600][47.205s][info][gc,phases   ] GC(94) Pause Mark Start 0.068ms
[2026-04-03T02:21:36.297+0600][47.305s][info][gc,phases   ] GC(94) Concurrent Mark 99.955ms
[2026-04-03T02:21:36.297+0600][47.305s][info][gc,phases   ] GC(94) Pause Mark End 0.145ms
[2026-04-03T02:21:36.297+0600][47.305s][info][gc,phases   ] GC(94) Concurrent Mark Free 0.002ms
[2026-04-03T02:21:36.344+0600][47.352s][info][gc,phases   ] GC(94) Concurrent Process Non-Strong References 46.523ms
[2026-04-03T02:21:36.344+0600][47.352s][info][gc,phases   ] GC(94) Concurrent Reset Relocation Set 0.015ms
[2026-04-03T02:21:36.351+0600][47.359s][info][gc,phases   ] GC(94) Concurrent Select Relocation Set 7.315ms
[2026-04-03T02:21:36.352+0600][47.360s][info][gc,phases   ] GC(94) Pause Relocate Start 0.021ms
[2026-04-03T02:21:36.363+0600][47.371s][info][gc,phases   ] GC(94) Concurrent Relocate 10.159ms
[2026-04-03T02:21:36.363+0600][47.371s][info][gc,load     ] GC(94) Load: 7.91/6.57/5.98
[2026-04-03T02:21:36.363+0600][47.371s][info][gc,mmu      ] GC(94) MMU: 2ms/90.1%, 5ms/96.1%, 10ms/98.0%, 20ms/99.0%, 50ms/99.6%, 100ms/99.7%
[2026-04-03T02:21:36.363+0600][47.371s][info][gc,marking  ] GC(94) Mark: 2 stripe(s), 2 proactive flush(es), 1 terminate flush(es), 1 completion(s), 0 continuation(s) 
[2026-04-03T02:21:36.363+0600][47.371s][info][gc,marking  ] GC(94) Mark Stack Usage: 32M
[2026-04-03T02:21:36.363+0600][47.371s][info][gc,nmethod  ] GC(94) NMethods: 14567 registered, 1663 unregistered
[2026-04-03T02:21:36.363+0600][47.371s][info][gc,metaspace] GC(94) Metaspace: 127M used, 128M committed, 1152M reserved
[2026-04-03T02:21:36.363+0600][47.371s][info][gc,ref      ] GC(94) Soft: 3333 encountered, 716 discovered, 112 enqueued
[2026-04-03T02:21:36.363+0600][47.371s][info][gc,ref      ] GC(94) Weak: 14552 encountered, 5283 discovered, 178 enqueued
[2026-04-03T02:21:36.363+0600][47.371s][info][gc,ref      ] GC(94) Final: 84 encountered, 0 discovered, 0 enqueued
[2026-04-03T02:21:36.363+0600][47.371s][info][gc,ref      ] GC(94) Phantom: 620 encountered, 515 discovered, 0 enqueued
[2026-04-03T02:21:36.363+0600][47.371s][info][gc,reloc    ] GC(94) Small Pages: 128 / 256M, Empty: 14M, Relocated: 6M, In-Place: 0
[2026-04-03T02:21:36.363+0600][47.371s][info][gc,reloc    ] GC(94) Medium Pages: 2 / 32M, Empty: 16M, Relocated: 0M, In-Place: 0
[2026-04-03T02:21:36.363+0600][47.371s][info][gc,reloc    ] GC(94) Large Pages: 67 / 400M, Empty: 396M, Relocated: 0M, In-Place: 0
[2026-04-03T02:21:36.363+0600][47.371s][info][gc,reloc    ] GC(94) Forwarding Usage: 3M
[2026-04-03T02:21:36.363+0600][47.371s][info][gc,heap     ] GC(94) Min Capacity: 8M(1%)
[2026-04-03T02:21:36.363+0600][47.371s][info][gc,heap     ] GC(94) Max Capacity: 1000M(100%)
[2026-04-03T02:21:36.363+0600][47.371s][info][gc,heap     ] GC(94) Soft Max Capacity: 1000M(100%)
[2026-04-03T02:21:36.363+0600][47.371s][info][gc,heap     ] GC(94)                Mark Start          Mark End        Relocate Start      Relocate End           High               Low         
[2026-04-03T02:21:36.363+0600][47.371s][info][gc,heap     ] GC(94)  Capacity:     1000M (100%)       1000M (100%)       1000M (100%)       1000M (100%)       1000M (100%)       1000M (100%)   
[2026-04-03T02:21:36.363+0600][47.371s][info][gc,heap     ] GC(94)      Free:      312M (31%)         214M (21%)         610M (61%)         740M (74%)         740M (74%)         188M (19%)    
[2026-04-03T02:21:36.363+0600][47.371s][info][gc,heap     ] GC(94)      Used:      688M (69%)         786M (79%)         390M (39%)         260M (26%)         812M (81%)         260M (26%)    
[2026-04-03T02:21:36.363+0600][47.371s][info][gc,heap     ] GC(94)      Live:         -               101M (10%)         101M (10%)         101M (10%)            -                  -          
[2026-04-03T02:21:36.363+0600][47.371s][info][gc,heap     ] GC(94) Allocated:         -                98M (10%)         128M (13%)         131M (13%)            -                  -          
[2026-04-03T02:21:36.363+0600][47.371s][info][gc,heap     ] GC(94)   Garbage:         -               586M (59%)         160M (16%)          26M (3%)             -                  -          
[2026-04-03T02:21:36.363+0600][47.371s][info][gc,heap     ] GC(94) Reclaimed:         -                  -               426M (43%)         559M (56%)            -                  -          
[2026-04-03T02:21:36.363+0600][47.371s][info][gc          ] GC(94) Garbage Collection (Allocation Stall) 688M(69%)->260M(26%)
[2026-04-03T02:21:36.395+0600][47.403s][info][gc,start    ] GC(95) Garbage Collection (Allocation Rate)
[2026-04-03T02:21:36.395+0600][47.403s][info][gc,task     ] GC(95) Using 3 workers
[2026-04-03T02:21:36.395+0600][47.404s][info][gc,phases   ] GC(95) Pause Mark Start 0.012ms
[2026-04-03T02:21:36.483+0600][47.491s][info][gc,phases   ] GC(95) Concurrent Mark 87.477ms
[2026-04-03T02:21:36.483+0600][47.491s][info][gc,phases   ] GC(95) Pause Mark End 0.041ms
[2026-04-03T02:21:36.483+0600][47.492s][info][gc,phases   ] GC(95) Concurrent Mark Free 0.003ms
[2026-04-03T02:21:36.521+0600][47.529s][info][gc,phases   ] GC(95) Concurrent Process Non-Strong References 37.251ms
[2026-04-03T02:21:36.521+0600][47.529s][info][gc,phases   ] GC(95) Concurrent Reset Relocation Set 0.014ms
[2026-04-03T02:21:36.524+0600][47.532s][info][gc,phases   ] GC(95) Concurrent Select Relocation Set 3.345ms
[2026-04-03T02:21:36.525+0600][47.533s][info][gc,phases   ] GC(95) Pause Relocate Start 0.015ms
[2026-04-03T02:21:36.528+0600][47.536s][info][gc,phases   ] GC(95) Concurrent Relocate 3.676ms
[2026-04-03T02:21:36.529+0600][47.537s][info][gc,load     ] GC(95) Load: 7.91/6.57/5.98
[2026-04-03T02:21:36.529+0600][47.537s][info][gc,mmu      ] GC(95) MMU: 2ms/90.1%, 5ms/96.1%, 10ms/98.0%, 20ms/99.0%, 50ms/99.6%, 100ms/99.7%
[2026-04-03T02:21:36.529+0600][47.537s][info][gc,marking  ] GC(95) Mark: 2 stripe(s), 2 proactive flush(es), 1 terminate flush(es), 0 completion(s), 0 continuation(s) 
[2026-04-03T02:21:36.529+0600][47.537s][info][gc,marking  ] GC(95) Mark Stack Usage: 32M
[2026-04-03T02:21:36.529+0600][47.537s][info][gc,nmethod  ] GC(95) NMethods: 14571 registered, 1667 unregistered
[2026-04-03T02:21:36.529+0600][47.537s][info][gc,metaspace] GC(95) Metaspace: 127M used, 128M committed, 1152M reserved
[2026-04-03T02:21:36.529+0600][47.537s][info][gc,ref      ] GC(95) Soft: 3231 encountered, 0 discovered, 0 enqueued
[2026-04-03T02:21:36.529+0600][47.537s][info][gc,ref      ] GC(95) Weak: 14503 encountered, 5197 discovered, 274 enqueued
[2026-04-03T02:21:36.529+0600][47.537s][info][gc,ref      ] GC(95) Final: 84 encountered, 0 discovered, 0 enqueued
[2026-04-03T02:21:36.529+0600][47.537s][info][gc,ref      ] GC(95) Phantom: 620 encountered, 307 discovered, 0 enqueued
[2026-04-03T02:21:36.529+0600][47.537s][info][gc,reloc    ] GC(95) Small Pages: 93 / 186M, Empty: 2M, Relocated: 3M, In-Place: 0
[2026-04-03T02:21:36.529+0600][47.537s][info][gc,reloc    ] GC(95) Medium Pages: 3 / 48M, Empty: 32M, Relocated: 0M, In-Place: 0
[2026-04-03T02:21:36.529+0600][47.537s][info][gc,reloc    ] GC(95) Large Pages: 6 / 34M, Empty: 30M, Relocated: 0M, In-Place: 0
[2026-04-03T02:21:36.529+0600][47.537s][info][gc,reloc    ] GC(95) Forwarding Usage: 1M
[2026-04-03T02:21:36.529+0600][47.537s][info][gc,heap     ] GC(95) Min Capacity: 8M(1%)
[2026-04-03T02:21:36.529+0600][47.537s][info][gc,heap     ] GC(95) Max Capacity: 1000M(100%)
[2026-04-03T02:21:36.529+0600][47.537s][info][gc,heap     ] GC(95) Soft Max Capacity: 1000M(100%)
[2026-04-03T02:21:36.529+0600][47.537s][info][gc,heap     ] GC(95)                Mark Start          Mark End        Relocate Start      Relocate End           High               Low         
[2026-04-03T02:21:36.529+0600][47.537s][info][gc,heap     ] GC(95)  Capacity:     1000M (100%)       1000M (100%)       1000M (100%)       1000M (100%)       1000M (100%)       1000M (100%)   
[2026-04-03T02:21:36.529+0600][47.537s][info][gc,heap     ] GC(95)      Free:      732M (73%)         686M (69%)         728M (73%)         804M (80%)         804M (80%)         666M (67%)    
[2026-04-03T02:21:36.529+0600][47.537s][info][gc,heap     ] GC(95)      Used:      268M (27%)         314M (31%)         272M (27%)         196M (20%)         334M (33%)         196M (20%)    
[2026-04-03T02:21:36.529+0600][47.537s][info][gc,heap     ] GC(95)      Live:         -               102M (10%)         102M (10%)         102M (10%)            -                  -          
[2026-04-03T02:21:36.529+0600][47.537s][info][gc,heap     ] GC(95) Allocated:         -                46M (5%)           68M (7%)           67M (7%)             -                  -          
[2026-04-03T02:21:36.529+0600][47.537s][info][gc,heap     ] GC(95)   Garbage:         -               165M (17%)         101M (10%)          25M (3%)             -                  -          
[2026-04-03T02:21:36.529+0600][47.537s][info][gc,heap     ] GC(95) Reclaimed:         -                  -                64M (6%)          139M (14%)            -                  -          
[2026-04-03T02:21:36.529+0600][47.537s][info][gc          ] GC(95) Garbage Collection (Allocation Rate) 268M(27%)->196M(20%)
[2026-04-03T02:21:36.596+0600][47.604s][info][gc,start    ] GC(96) Garbage Collection (Allocation Rate)
[2026-04-03T02:21:36.596+0600][47.604s][info][gc,task     ] GC(96) Using 3 workers
[2026-04-03T02:21:36.596+0600][47.604s][info][gc,phases   ] GC(96) Pause Mark Start 0.008ms
[2026-04-03T02:21:36.664+0600][47.672s][info][gc,phases   ] GC(96) Concurrent Mark 68.027ms
[2026-04-03T02:21:36.664+0600][47.673s][info][gc,phases   ] GC(96) Pause Mark End 0.023ms
[2026-04-03T02:21:36.665+0600][47.673s][info][gc,phases   ] GC(96) Concurrent Mark Free 0.002ms
[2026-04-03T02:21:36.677+0600][47.685s][info][gc,phases   ] GC(96) Concurrent Process Non-Strong References 12.524ms
[2026-04-03T02:21:36.677+0600][47.685s][info][gc,phases   ] GC(96) Concurrent Reset Relocation Set 0.004ms
[2026-04-03T02:21:36.680+0600][47.688s][info][gc,phases   ] GC(96) Concurrent Select Relocation Set 2.620ms
[2026-04-03T02:21:36.680+0600][47.688s][info][gc,phases   ] GC(96) Pause Relocate Start 0.010ms
[2026-04-03T02:21:36.682+0600][47.690s][info][gc,phases   ] GC(96) Concurrent Relocate 1.924ms
[2026-04-03T02:21:36.682+0600][47.690s][info][gc,load     ] GC(96) Load: 7.91/6.57/5.98
[2026-04-03T02:21:36.682+0600][47.690s][info][gc,mmu      ] GC(96) MMU: 2ms/90.1%, 5ms/96.1%, 10ms/98.0%, 20ms/99.0%, 50ms/99.6%, 100ms/99.7%
[2026-04-03T02:21:36.682+0600][47.690s][info][gc,marking  ] GC(96) Mark: 2 stripe(s), 2 proactive flush(es), 1 terminate flush(es), 0 completion(s), 0 continuation(s) 
[2026-04-03T02:21:36.682+0600][47.690s][info][gc,marking  ] GC(96) Mark Stack Usage: 32M
[2026-04-03T02:21:36.682+0600][47.690s][info][gc,nmethod  ] GC(96) NMethods: 14579 registered, 1673 unregistered
[2026-04-03T02:21:36.682+0600][47.690s][info][gc,metaspace] GC(96) Metaspace: 127M used, 128M committed, 1152M reserved
[2026-04-03T02:21:36.682+0600][47.690s][info][gc,ref      ] GC(96) Soft: 3237 encountered, 0 discovered, 0 enqueued
[2026-04-03T02:21:36.682+0600][47.690s][info][gc,ref      ] GC(96) Weak: 14265 encountered, 2220 discovered, 258 enqueued
[2026-04-03T02:21:36.682+0600][47.690s][info][gc,ref      ] GC(96) Final: 84 encountered, 4 discovered, 0 enqueued
[2026-04-03T02:21:36.682+0600][47.690s][info][gc,ref      ] GC(96) Phantom: 620 encountered, 505 discovered, 0 enqueued
[2026-04-03T02:21:36.682+0600][47.690s][info][gc,reloc    ] GC(96) Small Pages: 105 / 210M, Empty: 10M, Relocated: 3M, In-Place: 0
[2026-04-03T02:21:36.682+0600][47.690s][info][gc,reloc    ] GC(96) Medium Pages: 1 / 16M, Empty: 0M, Relocated: 0M, In-Place: 0
[2026-04-03T02:21:36.682+0600][47.690s][info][gc,reloc    ] GC(96) Large Pages: 1 / 4M, Empty: 0M, Relocated: 0M, In-Place: 0
[2026-04-03T02:21:36.682+0600][47.690s][info][gc,reloc    ] GC(96) Forwarding Usage: 1M
[2026-04-03T02:21:36.682+0600][47.690s][info][gc,heap     ] GC(96) Min Capacity: 8M(1%)
[2026-04-03T02:21:36.682+0600][47.691s][info][gc,heap     ] GC(96) Max Capacity: 1000M(100%)
[2026-04-03T02:21:36.682+0600][47.691s][info][gc,heap     ] GC(96) Soft Max Capacity: 1000M(100%)
[2026-04-03T02:21:36.682+0600][47.691s][info][gc,heap     ] GC(96)                Mark Start          Mark End        Relocate Start      Relocate End           High               Low         
[2026-04-03T02:21:36.682+0600][47.691s][info][gc,heap     ] GC(96)  Capacity:     1000M (100%)       1000M (100%)       1000M (100%)       1000M (100%)       1000M (100%)       1000M (100%)   
[2026-04-03T02:21:36.682+0600][47.691s][info][gc,heap     ] GC(96)      Free:      770M (77%)         732M (73%)         736M (74%)         826M (83%)         826M (83%)         726M (73%)    
[2026-04-03T02:21:36.682+0600][47.691s][info][gc,heap     ] GC(96)      Used:      230M (23%)         268M (27%)         264M (26%)         174M (17%)         274M (27%)         174M (17%)    
[2026-04-03T02:21:36.682+0600][47.691s][info][gc,heap     ] GC(96)      Live:         -               102M (10%)         102M (10%)         102M (10%)            -                  -          
[2026-04-03T02:21:36.682+0600][47.691s][info][gc,heap     ] GC(96) Allocated:         -                38M (4%)           44M (4%)           45M (5%)             -                  -          
[2026-04-03T02:21:36.682+0600][47.691s][info][gc,heap     ] GC(96)   Garbage:         -               127M (13%)         117M (12%)          25M (3%)             -                  -          
[2026-04-03T02:21:36.682+0600][47.691s][info][gc,heap     ] GC(96) Reclaimed:         -                  -                10M (1%)          101M (10%)            -                  -          
[2026-04-03T02:21:36.683+0600][47.691s][info][gc          ] GC(96) Garbage Collection (Allocation Rate) 230M(23%)->174M(17%)
[2026-04-03T02:21:36.696+0600][47.704s][info][gc,start    ] GC(97) Garbage Collection (Allocation Rate)
[2026-04-03T02:21:36.696+0600][47.704s][info][gc,task     ] GC(97) Using 3 workers
[2026-04-03T02:21:36.696+0600][47.704s][info][gc,phases   ] GC(97) Pause Mark Start 0.011ms
[2026-04-03T02:21:36.763+0600][47.771s][info][gc,phases   ] GC(97) Concurrent Mark 67.019ms
[2026-04-03T02:21:36.763+0600][47.772s][info][gc,phases   ] GC(97) Pause Mark End 0.029ms
[2026-04-03T02:21:36.764+0600][47.772s][info][gc,phases   ] GC(97) Concurrent Mark Free 0.002ms
[2026-04-03T02:21:36.778+0600][47.787s][info][gc,phases   ] GC(97) Concurrent Process Non-Strong References 14.821ms
[2026-04-03T02:21:36.779+0600][47.787s][info][gc,phases   ] GC(97) Concurrent Reset Relocation Set 0.011ms
[2026-04-03T02:21:36.781+0600][47.789s][info][gc,phases   ] GC(97) Concurrent Select Relocation Set 2.834ms
[2026-04-03T02:21:36.782+0600][47.790s][info][gc,phases   ] GC(97) Pause Relocate Start 0.014ms
[2026-04-03T02:21:36.784+0600][47.792s][info][gc,phases   ] GC(97) Concurrent Relocate 2.260ms
[2026-04-03T02:21:36.784+0600][47.792s][info][gc,load     ] GC(97) Load: 7.91/6.57/5.98
[2026-04-03T02:21:36.784+0600][47.792s][info][gc,mmu      ] GC(97) MMU: 2ms/90.1%, 5ms/96.1%, 10ms/98.0%, 20ms/99.0%, 50ms/99.6%, 100ms/99.7%
[2026-04-03T02:21:36.784+0600][47.792s][info][gc,marking  ] GC(97) Mark: 2 stripe(s), 2 proactive flush(es), 1 terminate flush(es), 0 completion(s), 0 continuation(s) 
[2026-04-03T02:21:36.784+0600][47.792s][info][gc,marking  ] GC(97) Mark Stack Usage: 32M
[2026-04-03T02:21:36.784+0600][47.792s][info][gc,nmethod  ] GC(97) NMethods: 14580 registered, 1674 unregistered
[2026-04-03T02:21:36.784+0600][47.792s][info][gc,metaspace] GC(97) Metaspace: 127M used, 128M committed, 1152M reserved
[2026-04-03T02:21:36.784+0600][47.792s][info][gc,ref      ] GC(97) Soft: 3237 encountered, 0 discovered, 0 enqueued
[2026-04-03T02:21:36.784+0600][47.792s][info][gc,ref      ] GC(97) Weak: 14006 encountered, 3848 discovered, 0 enqueued
[2026-04-03T02:21:36.784+0600][47.792s][info][gc,ref      ] GC(97) Final: 84 encountered, 0 discovered, 0 enqueued
[2026-04-03T02:21:36.784+0600][47.792s][info][gc,ref      ] GC(97) Phantom: 620 encountered, 510 discovered, 0 enqueued
[2026-04-03T02:21:36.784+0600][47.792s][info][gc,reloc    ] GC(97) Small Pages: 80 / 160M, Empty: 4M, Relocated: 3M, In-Place: 0
[2026-04-03T02:21:36.784+0600][47.792s][info][gc,reloc    ] GC(97) Medium Pages: 1 / 16M, Empty: 0M, Relocated: 0M, In-Place: 0
[2026-04-03T02:21:36.784+0600][47.792s][info][gc,reloc    ] GC(97) Large Pages: 1 / 4M, Empty: 0M, Relocated: 0M, In-Place: 0
[2026-04-03T02:21:36.784+0600][47.792s][info][gc,reloc    ] GC(97) Forwarding Usage: 1M
[2026-04-03T02:21:36.784+0600][47.792s][info][gc,heap     ] GC(97) Min Capacity: 8M(1%)
[2026-04-03T02:21:36.784+0600][47.792s][info][gc,heap     ] GC(97) Max Capacity: 1000M(100%)
[2026-04-03T02:21:36.784+0600][47.792s][info][gc,heap     ] GC(97) Soft Max Capacity: 1000M(100%)
[2026-04-03T02:21:36.784+0600][47.792s][info][gc,heap     ] GC(97)                Mark Start          Mark End        Relocate Start      Relocate End           High               Low         
[2026-04-03T02:21:36.784+0600][47.792s][info][gc,heap     ] GC(97)  Capacity:     1000M (100%)       1000M (100%)       1000M (100%)       1000M (100%)       1000M (100%)       1000M (100%)   
[2026-04-03T02:21:36.784+0600][47.792s][info][gc,heap     ] GC(97)      Free:      820M (82%)         788M (79%)         786M (79%)         834M (83%)         834M (83%)         782M (78%)    
[2026-04-03T02:21:36.784+0600][47.792s][info][gc,heap     ] GC(97)      Used:      180M (18%)         212M (21%)         214M (21%)         166M (17%)         218M (22%)         166M (17%)    
[2026-04-03T02:21:36.784+0600][47.792s][info][gc,heap     ] GC(97)      Live:         -               102M (10%)         102M (10%)         102M (10%)            -                  -          
[2026-04-03T02:21:36.784+0600][47.792s][info][gc,heap     ] GC(97) Allocated:         -                32M (3%)           38M (4%)           37M (4%)             -                  -          
[2026-04-03T02:21:36.784+0600][47.792s][info][gc,heap     ] GC(97)   Garbage:         -                77M (8%)           73M (7%)           25M (3%)             -                  -          
[2026-04-03T02:21:36.784+0600][47.792s][info][gc,heap     ] GC(97) Reclaimed:         -                  -                 4M (0%)           51M (5%)             -                  -          
[2026-04-03T02:21:36.784+0600][47.792s][info][gc          ] GC(97) Garbage Collection (Allocation Rate) 180M(18%)->166M(17%)
[2026-04-03T02:21:36.995+0600][48.003s][info][gc,start    ] GC(98) Garbage Collection (Allocation Rate)
[2026-04-03T02:21:36.995+0600][48.003s][info][gc,task     ] GC(98) Using 3 workers
[2026-04-03T02:21:36.998+0600][48.006s][info][gc,phases   ] GC(98) Pause Mark Start 0.014ms
[2026-04-03T02:21:37.111+0600][48.119s][info][gc,phases   ] GC(98) Concurrent Mark 112.912ms
[2026-04-03T02:21:37.111+0600][48.119s][info][gc,phases   ] GC(98) Pause Mark End 0.057ms
[2026-04-03T02:21:37.111+0600][48.119s][info][gc,phases   ] GC(98) Concurrent Mark Free 0.004ms
[2026-04-03T02:21:37.136+0600][48.144s][info][gc,phases   ] GC(98) Concurrent Process Non-Strong References 24.637ms
[2026-04-03T02:21:37.136+0600][48.144s][info][gc,phases   ] GC(98) Concurrent Reset Relocation Set 0.008ms
[2026-04-03T02:21:37.142+0600][48.150s][info][gc,phases   ] GC(98) Concurrent Select Relocation Set 5.657ms
[2026-04-03T02:21:37.142+0600][48.150s][info][gc,phases   ] GC(98) Pause Relocate Start 0.021ms
[2026-04-03T02:21:37.150+0600][48.158s][info][gc,phases   ] GC(98) Concurrent Relocate 7.388ms
[2026-04-03T02:21:37.150+0600][48.158s][info][gc,load     ] GC(98) Load: 7.91/6.57/5.98
[2026-04-03T02:21:37.150+0600][48.158s][info][gc,mmu      ] GC(98) MMU: 2ms/90.1%, 5ms/96.1%, 10ms/98.0%, 20ms/99.0%, 50ms/99.6%, 100ms/99.7%
[2026-04-03T02:21:37.150+0600][48.158s][info][gc,marking  ] GC(98) Mark: 2 stripe(s), 2 proactive flush(es), 1 terminate flush(es), 0 completion(s), 0 continuation(s) 
[2026-04-03T02:21:37.150+0600][48.158s][info][gc,marking  ] GC(98) Mark Stack Usage: 32M
[2026-04-03T02:21:37.150+0600][48.158s][info][gc,nmethod  ] GC(98) NMethods: 14593 registered, 1679 unregistered
[2026-04-03T02:21:37.150+0600][48.158s][info][gc,metaspace] GC(98) Metaspace: 127M used, 128M committed, 1152M reserved
[2026-04-03T02:21:37.150+0600][48.158s][info][gc,ref      ] GC(98) Soft: 3269 encountered, 0 discovered, 0 enqueued
[2026-04-03T02:21:37.150+0600][48.158s][info][gc,ref      ] GC(98) Weak: 14789 encountered, 5473 discovered, 31 enqueued
[2026-04-03T02:21:37.150+0600][48.158s][info][gc,ref      ] GC(98) Final: 84 encountered, 0 discovered, 0 enqueued
[2026-04-03T02:21:37.150+0600][48.158s][info][gc,ref      ] GC(98) Phantom: 620 encountered, 502 discovered, 0 enqueued
[2026-04-03T02:21:37.150+0600][48.158s][info][gc,reloc    ] GC(98) Small Pages: 176 / 352M, Empty: 82M, Relocated: 3M, In-Place: 0
[2026-04-03T02:21:37.150+0600][48.158s][info][gc,reloc    ] GC(98) Medium Pages: 5 / 80M, Empty: 48M, Relocated: 8M, In-Place: 0
[2026-04-03T02:21:37.150+0600][48.158s][info][gc,reloc    ] GC(98) Large Pages: 7 / 40M, Empty: 36M, Relocated: 0M, In-Place: 0
[2026-04-03T02:21:37.150+0600][48.158s][info][gc,reloc    ] GC(98) Forwarding Usage: 1M
[2026-04-03T02:21:37.150+0600][48.158s][info][gc,heap     ] GC(98) Min Capacity: 8M(1%)
[2026-04-03T02:21:37.150+0600][48.158s][info][gc,heap     ] GC(98) Max Capacity: 1000M(100%)
[2026-04-03T02:21:37.150+0600][48.158s][info][gc,heap     ] GC(98) Soft Max Capacity: 1000M(100%)
[2026-04-03T02:21:37.150+0600][48.158s][info][gc,heap     ] GC(98)                Mark Start          Mark End        Relocate Start      Relocate End           High               Low         
[2026-04-03T02:21:37.150+0600][48.158s][info][gc,heap     ] GC(98)  Capacity:     1000M (100%)       1000M (100%)       1000M (100%)       1000M (100%)       1000M (100%)       1000M (100%)   
[2026-04-03T02:21:37.150+0600][48.159s][info][gc,heap     ] GC(98)      Free:      528M (53%)         396M (40%)         528M (53%)         704M (70%)         704M (70%)         362M (36%)    
[2026-04-03T02:21:37.150+0600][48.159s][info][gc,heap     ] GC(98)      Used:      472M (47%)         604M (60%)         472M (47%)         296M (30%)         638M (64%)         296M (30%)    
[2026-04-03T02:21:37.150+0600][48.159s][info][gc,heap     ] GC(98)      Live:         -               106M (11%)         106M (11%)         106M (11%)            -                  -          
[2026-04-03T02:21:37.150+0600][48.159s][info][gc,heap     ] GC(98) Allocated:         -               132M (13%)         166M (17%)         167M (17%)            -                  -          
[2026-04-03T02:21:37.150+0600][48.159s][info][gc,heap     ] GC(98)   Garbage:         -               365M (37%)         199M (20%)          21M (2%)             -                  -          
[2026-04-03T02:21:37.151+0600][48.159s][info][gc,heap     ] GC(98) Reclaimed:         -                  -               166M (17%)         343M (34%)            -                  -          
[2026-04-03T02:21:37.151+0600][48.159s][info][gc          ] GC(98) Garbage Collection (Allocation Rate) 472M(47%)->296M(30%)
[2026-04-03T02:21:37.195+0600][48.203s][info][gc,start    ] GC(99) Garbage Collection (Allocation Rate)
[2026-04-03T02:21:37.195+0600][48.204s][info][gc,task     ] GC(99) Using 3 workers
[2026-04-03T02:21:37.196+0600][48.204s][info][gc,phases   ] GC(99) Pause Mark Start 0.077ms
[2026-04-03T02:21:37.311+0600][48.320s][info][gc,phases   ] GC(99) Concurrent Mark 115.442ms
[2026-04-03T02:21:37.312+0600][48.320s][info][gc,phases   ] GC(99) Pause Mark End 0.137ms
[2026-04-03T02:21:37.312+0600][48.320s][info][gc,phases   ] GC(99) Concurrent Mark Free 0.004ms
[2026-04-03T02:21:37.334+0600][48.342s][info][gc,phases   ] GC(99) Concurrent Process Non-Strong References 21.996ms
[2026-04-03T02:21:37.334+0600][48.342s][info][gc,phases   ] GC(99) Concurrent Reset Relocation Set 0.010ms
[2026-04-03T02:21:37.339+0600][48.347s][info][gc,phases   ] GC(99) Concurrent Select Relocation Set 4.677ms
[2026-04-03T02:21:37.339+0600][48.347s][info][gc,phases   ] GC(99) Pause Relocate Start 0.025ms
[2026-04-03T02:21:37.346+0600][48.354s][info][gc,phases   ] GC(99) Concurrent Relocate 6.111ms
[2026-04-03T02:21:37.346+0600][48.354s][info][gc,load     ] GC(99) Load: 7.91/6.57/5.98
[2026-04-03T02:21:37.346+0600][48.354s][info][gc,mmu      ] GC(99) MMU: 2ms/90.1%, 5ms/96.1%, 10ms/98.0%, 20ms/99.0%, 50ms/99.6%, 100ms/99.7%
[2026-04-03T02:21:37.346+0600][48.354s][info][gc,marking  ] GC(99) Mark: 2 stripe(s), 2 proactive flush(es), 1 terminate flush(es), 0 completion(s), 0 continuation(s) 
[2026-04-03T02:21:37.346+0600][48.354s][info][gc,marking  ] GC(99) Mark Stack Usage: 32M
[2026-04-03T02:21:37.346+0600][48.354s][info][gc,nmethod  ] GC(99) NMethods: 14595 registered, 1681 unregistered
[2026-04-03T02:21:37.346+0600][48.354s][info][gc,metaspace] GC(99) Metaspace: 127M used, 128M committed, 1152M reserved
[2026-04-03T02:21:37.346+0600][48.354s][info][gc,ref      ] GC(99) Soft: 3266 encountered, 0 discovered, 0 enqueued
[2026-04-03T02:21:37.346+0600][48.354s][info][gc,ref      ] GC(99) Weak: 15118 encountered, 4977 discovered, 10 enqueued
[2026-04-03T02:21:37.346+0600][48.354s][info][gc,ref      ] GC(99) Final: 84 encountered, 0 discovered, 0 enqueued
[2026-04-03T02:21:37.346+0600][48.354s][info][gc,ref      ] GC(99) Phantom: 620 encountered, 510 discovered, 0 enqueued
[2026-04-03T02:21:37.346+0600][48.354s][info][gc,reloc    ] GC(99) Small Pages: 134 / 268M, Empty: 34M, Relocated: 2M, In-Place: 0
[2026-04-03T02:21:37.346+0600][48.354s][info][gc,reloc    ] GC(99) Medium Pages: 4 / 64M, Empty: 48M, Relocated: 0M, In-Place: 0
[2026-04-03T02:21:37.346+0600][48.354s][info][gc,reloc    ] GC(99) Large Pages: 5 / 28M, Empty: 24M, Relocated: 0M, In-Place: 0
[2026-04-03T02:21:37.346+0600][48.354s][info][gc,reloc    ] GC(99) Forwarding Usage: 1M
[2026-04-03T02:21:37.346+0600][48.354s][info][gc,heap     ] GC(99) Min Capacity: 8M(1%)
[2026-04-03T02:21:37.346+0600][48.354s][info][gc,heap     ] GC(99) Max Capacity: 1000M(100%)
[2026-04-03T02:21:37.346+0600][48.354s][info][gc,heap     ] GC(99) Soft Max Capacity: 1000M(100%)
[2026-04-03T02:21:37.346+0600][48.354s][info][gc,heap     ] GC(99)                Mark Start          Mark End        Relocate Start      Relocate End           High               Low         
[2026-04-03T02:21:37.346+0600][48.354s][info][gc,heap     ] GC(99)  Capacity:     1000M (100%)       1000M (100%)       1000M (100%)       1000M (100%)       1000M (100%)       1000M (100%)   
[2026-04-03T02:21:37.346+0600][48.354s][info][gc,heap     ] GC(99)      Free:      640M (64%)         486M (49%)         570M (57%)         686M (69%)         686M (69%)         464M (46%)    
[2026-04-03T02:21:37.346+0600][48.354s][info][gc,heap     ] GC(99)      Used:      360M (36%)         514M (51%)         430M (43%)         314M (31%)         536M (54%)         314M (31%)    
[2026-04-03T02:21:37.346+0600][48.354s][info][gc,heap     ] GC(99)      Live:         -               103M (10%)         103M (10%)         103M (10%)            -                  -          
[2026-04-03T02:21:37.346+0600][48.354s][info][gc,heap     ] GC(99) Allocated:         -               154M (15%)         176M (18%)         183M (18%)            -                  -          
[2026-04-03T02:21:37.346+0600][48.354s][info][gc,heap     ] GC(99)   Garbage:         -               256M (26%)         150M (15%)          26M (3%)             -                  -          
[2026-04-03T02:21:37.346+0600][48.354s][info][gc,heap     ] GC(99) Reclaimed:         -                  -               106M (11%)         229M (23%)            -                  -          
[2026-04-03T02:21:37.346+0600][48.354s][info][gc          ] GC(99) Garbage Collection (Allocation Rate) 360M(36%)->314M(31%)
[2026-04-03T02:21:37.396+0600][48.404s][info][gc,start    ] GC(100) Garbage Collection (Allocation Rate)
[2026-04-03T02:21:37.396+0600][48.404s][info][gc,task     ] GC(100) Using 3 workers
[2026-04-03T02:21:37.397+0600][48.405s][info][gc,phases   ] GC(100) Pause Mark Start 0.013ms
[2026-04-03T02:21:37.513+0600][48.521s][info][gc,phases   ] GC(100) Concurrent Mark 116.727ms
[2026-04-03T02:21:37.514+0600][48.522s][info][gc,phases   ] GC(100) Pause Mark End 0.035ms
[2026-04-03T02:21:37.514+0600][48.522s][info][gc,phases   ] GC(100) Concurrent Mark Free 0.002ms
[2026-04-03T02:21:37.538+0600][48.546s][info][gc,phases   ] GC(100) Concurrent Process Non-Strong References 23.424ms
[2026-04-03T02:21:37.538+0600][48.546s][info][gc,phases   ] GC(100) Concurrent Reset Relocation Set 0.010ms
[2026-04-03T02:21:37.542+0600][48.550s][info][gc,phases   ] GC(100) Concurrent Select Relocation Set 4.357ms
[2026-04-03T02:21:37.542+0600][48.551s][info][gc,phases   ] GC(100) Pause Relocate Start 0.017ms
[2026-04-03T02:21:37.549+0600][48.557s][info][gc,phases   ] GC(100) Concurrent Relocate 6.166ms
[2026-04-03T02:21:37.549+0600][48.557s][info][gc,load     ] GC(100) Load: 7.91/6.57/5.98
[2026-04-03T02:21:37.549+0600][48.557s][info][gc,mmu      ] GC(100) MMU: 2ms/90.1%, 5ms/96.1%, 10ms/98.0%, 20ms/99.0%, 50ms/99.6%, 100ms/99.7%
[2026-04-03T02:21:37.549+0600][48.557s][info][gc,marking  ] GC(100) Mark: 2 stripe(s), 2 proactive flush(es), 1 terminate flush(es), 0 completion(s), 0 continuation(s) 
[2026-04-03T02:21:37.549+0600][48.557s][info][gc,marking  ] GC(100) Mark Stack Usage: 32M
[2026-04-03T02:21:37.549+0600][48.557s][info][gc,nmethod  ] GC(100) NMethods: 14605 registered, 1686 unregistered
[2026-04-03T02:21:37.549+0600][48.557s][info][gc,metaspace] GC(100) Metaspace: 127M used, 128M committed, 1152M reserved
[2026-04-03T02:21:37.549+0600][48.557s][info][gc,ref      ] GC(100) Soft: 3273 encountered, 0 discovered, 0 enqueued
[2026-04-03T02:21:37.549+0600][48.557s][info][gc,ref      ] GC(100) Weak: 15399 encountered, 4428 discovered, 10 enqueued
[2026-04-03T02:21:37.549+0600][48.557s][info][gc,ref      ] GC(100) Final: 84 encountered, 0 discovered, 0 enqueued
[2026-04-03T02:21:37.549+0600][48.557s][info][gc,ref      ] GC(100) Phantom: 620 encountered, 511 discovered, 0 enqueued
[2026-04-03T02:21:37.549+0600][48.557s][info][gc,reloc    ] GC(100) Small Pages: 144 / 288M, Empty: 66M, Relocated: 6M, In-Place: 0
[2026-04-03T02:21:37.549+0600][48.557s][info][gc,reloc    ] GC(100) Medium Pages: 4 / 64M, Empty: 48M, Relocated: 0M, In-Place: 0
[2026-04-03T02:21:37.549+0600][48.557s][info][gc,reloc    ] GC(100) Large Pages: 6 / 34M, Empty: 30M, Relocated: 0M, In-Place: 0
[2026-04-03T02:21:37.549+0600][48.557s][info][gc,reloc    ] GC(100) Forwarding Usage: 2M
[2026-04-03T02:21:37.549+0600][48.557s][info][gc,heap     ] GC(100) Min Capacity: 8M(1%)
[2026-04-03T02:21:37.549+0600][48.557s][info][gc,heap     ] GC(100) Max Capacity: 1000M(100%)
[2026-04-03T02:21:37.549+0600][48.557s][info][gc,heap     ] GC(100) Soft Max Capacity: 1000M(100%)
[2026-04-03T02:21:37.549+0600][48.557s][info][gc,heap     ] GC(100)                Mark Start          Mark End        Relocate Start      Relocate End           High               Low         
[2026-04-03T02:21:37.549+0600][48.557s][info][gc,heap     ] GC(100)  Capacity:     1000M (100%)       1000M (100%)       1000M (100%)       1000M (100%)       1000M (100%)       1000M (100%)   
[2026-04-03T02:21:37.549+0600][48.557s][info][gc,heap     ] GC(100)      Free:      614M (61%)         468M (47%)         564M (56%)         652M (65%)         672M (67%)         424M (42%)    
[2026-04-03T02:21:37.549+0600][48.557s][info][gc,heap     ] GC(100)      Used:      386M (39%)         532M (53%)         436M (44%)         348M (35%)         576M (58%)         328M (33%)    
[2026-04-03T02:21:37.549+0600][48.557s][info][gc,heap     ] GC(100)      Live:         -               106M (11%)         106M (11%)         106M (11%)            -                  -          
[2026-04-03T02:21:37.549+0600][48.557s][info][gc,heap     ] GC(100) Allocated:         -               146M (15%)         194M (19%)         213M (21%)            -                  -          
[2026-04-03T02:21:37.549+0600][48.557s][info][gc,heap     ] GC(100)   Garbage:         -               279M (28%)         135M (14%)          27M (3%)             -                  -          
[2026-04-03T02:21:37.549+0600][48.557s][info][gc,heap     ] GC(100) Reclaimed:         -                  -               144M (14%)         251M (25%)            -                  -          
[2026-04-03T02:21:37.549+0600][48.557s][info][gc          ] GC(100) Garbage Collection (Allocation Rate) 386M(39%)->348M(35%)
[2026-04-03T02:21:37.596+0600][48.604s][info][gc,start    ] GC(101) Garbage Collection (Allocation Rate)
[2026-04-03T02:21:37.596+0600][48.604s][info][gc,task     ] GC(101) Using 3 workers
[2026-04-03T02:21:37.596+0600][48.604s][info][gc,phases   ] GC(101) Pause Mark Start 0.014ms
[2026-04-03T02:21:37.708+0600][48.716s][info][gc,phases   ] GC(101) Concurrent Mark 111.882ms
[2026-04-03T02:21:37.708+0600][48.717s][info][gc,phases   ] GC(101) Pause Mark End 0.033ms
[2026-04-03T02:21:37.709+0600][48.717s][info][gc,phases   ] GC(101) Concurrent Mark Free 0.003ms
[2026-04-03T02:21:37.730+0600][48.738s][info][gc,phases   ] GC(101) Concurrent Process Non-Strong References 21.155ms
[2026-04-03T02:21:37.730+0600][48.738s][info][gc,phases   ] GC(101) Concurrent Reset Relocation Set 0.007ms
[2026-04-03T02:21:37.733+0600][48.741s][info][gc,phases   ] GC(101) Concurrent Select Relocation Set 2.971ms
[2026-04-03T02:21:37.733+0600][48.741s][info][gc,phases   ] GC(101) Pause Relocate Start 0.012ms
[2026-04-03T02:21:37.736+0600][48.744s][info][gc,phases   ] GC(101) Concurrent Relocate 2.801ms
[2026-04-03T02:21:37.736+0600][48.744s][info][gc,load     ] GC(101) Load: 7.91/6.57/5.98
[2026-04-03T02:21:37.736+0600][48.744s][info][gc,mmu      ] GC(101) MMU: 2ms/90.1%, 5ms/96.1%, 10ms/98.0%, 20ms/99.0%, 50ms/99.6%, 100ms/99.7%
[2026-04-03T02:21:37.736+0600][48.744s][info][gc,marking  ] GC(101) Mark: 2 stripe(s), 2 proactive flush(es), 1 terminate flush(es), 0 completion(s), 0 continuation(s) 
[2026-04-03T02:21:37.736+0600][48.744s][info][gc,marking  ] GC(101) Mark Stack Usage: 32M
[2026-04-03T02:21:37.736+0600][48.744s][info][gc,nmethod  ] GC(101) NMethods: 14612 registered, 1695 unregistered
[2026-04-03T02:21:37.736+0600][48.744s][info][gc,metaspace] GC(101) Metaspace: 127M used, 128M committed, 1152M reserved
[2026-04-03T02:21:37.736+0600][48.744s][info][gc,ref      ] GC(101) Soft: 3266 encountered, 0 discovered, 0 enqueued
[2026-04-03T02:21:37.736+0600][48.744s][info][gc,ref      ] GC(101) Weak: 15743 encountered, 4708 discovered, 12 enqueued
[2026-04-03T02:21:37.736+0600][48.744s][info][gc,ref      ] GC(101) Final: 84 encountered, 0 discovered, 0 enqueued
[2026-04-03T02:21:37.736+0600][48.744s][info][gc,ref      ] GC(101) Phantom: 620 encountered, 511 discovered, 0 enqueued
[2026-04-03T02:21:37.736+0600][48.744s][info][gc,reloc    ] GC(101) Small Pages: 145 / 290M, Empty: 30M, Relocated: 3M, In-Place: 0
[2026-04-03T02:21:37.736+0600][48.744s][info][gc,reloc    ] GC(101) Medium Pages: 4 / 64M, Empty: 48M, Relocated: 0M, In-Place: 0
[2026-04-03T02:21:37.736+0600][48.744s][info][gc,reloc    ] GC(101) Large Pages: 6 / 34M, Empty: 30M, Relocated: 0M, In-Place: 0
[2026-04-03T02:21:37.736+0600][48.744s][info][gc,reloc    ] GC(101) Forwarding Usage: 1M
[2026-04-03T02:21:37.736+0600][48.744s][info][gc,heap     ] GC(101) Min Capacity: 8M(1%)
[2026-04-03T02:21:37.736+0600][48.744s][info][gc,heap     ] GC(101) Max Capacity: 1000M(100%)
[2026-04-03T02:21:37.736+0600][48.744s][info][gc,heap     ] GC(101) Soft Max Capacity: 1000M(100%)
[2026-04-03T02:21:37.736+0600][48.744s][info][gc,heap     ] GC(101)                Mark Start          Mark End        Relocate Start      Relocate End           High               Low         
[2026-04-03T02:21:37.736+0600][48.744s][info][gc,heap     ] GC(101)  Capacity:     1000M (100%)       1000M (100%)       1000M (100%)       1000M (100%)       1000M (100%)       1000M (100%)   
[2026-04-03T02:21:37.736+0600][48.744s][info][gc,heap     ] GC(101)      Free:      612M (61%)         466M (47%)         528M (53%)         678M (68%)         678M (68%)         420M (42%)    
[2026-04-03T02:21:37.736+0600][48.744s][info][gc,heap     ] GC(101)      Used:      388M (39%)         534M (53%)         472M (47%)         322M (32%)         580M (58%)         322M (32%)    
[2026-04-03T02:21:37.736+0600][48.745s][info][gc,heap     ] GC(101)      Live:         -               104M (10%)         104M (10%)         104M (10%)            -                  -          
[2026-04-03T02:21:37.736+0600][48.745s][info][gc,heap     ] GC(101) Allocated:         -               146M (15%)         192M (19%)         191M (19%)            -                  -          
[2026-04-03T02:21:37.736+0600][48.745s][info][gc,heap     ] GC(101)   Garbage:         -               283M (28%)         175M (18%)          25M (3%)             -                  -          
[2026-04-03T02:21:37.736+0600][48.745s][info][gc,heap     ] GC(101) Reclaimed:         -                  -               108M (11%)         257M (26%)            -                  -          
[2026-04-03T02:21:37.736+0600][48.745s][info][gc          ] GC(101) Garbage Collection (Allocation Rate) 388M(39%)->322M(32%)
[2026-04-03T02:21:37.995+0600][49.003s][info][gc,start    ] GC(102) Garbage Collection (Allocation Rate)
[2026-04-03T02:21:37.995+0600][49.003s][info][gc,task     ] GC(102) Using 3 workers
[2026-04-03T02:21:37.995+0600][49.004s][info][gc,phases   ] GC(102) Pause Mark Start 0.016ms
[2026-04-03T02:21:38.109+0600][49.117s][info][gc,phases   ] GC(102) Concurrent Mark 113.726ms
[2026-04-03T02:21:38.110+0600][49.118s][info][gc,phases   ] GC(102) Pause Mark End 0.035ms
[2026-04-03T02:21:38.110+0600][49.118s][info][gc,phases   ] GC(102) Concurrent Mark Free 0.002ms
[2026-04-03T02:21:38.170+0600][49.178s][info][gc,phases   ] GC(102) Concurrent Process Non-Strong References 59.607ms
[2026-04-03T02:21:38.170+0600][49.178s][info][gc,phases   ] GC(102) Concurrent Reset Relocation Set 0.011ms
[2026-04-03T02:21:38.176+0600][49.184s][info][gc,phases   ] GC(102) Concurrent Select Relocation Set 5.945ms
[2026-04-03T02:21:38.176+0600][49.184s][info][gc,phases   ] GC(102) Pause Relocate Start 0.017ms
[2026-04-03T02:21:38.186+0600][49.194s][info][gc,phases   ] GC(102) Concurrent Relocate 9.545ms
[2026-04-03T02:21:38.186+0600][49.194s][info][gc,load     ] GC(102) Load: 7.91/6.57/5.98
[2026-04-03T02:21:38.186+0600][49.194s][info][gc,mmu      ] GC(102) MMU: 2ms/90.1%, 5ms/96.1%, 10ms/98.0%, 20ms/99.0%, 50ms/99.6%, 100ms/99.7%
[2026-04-03T02:21:38.186+0600][49.194s][info][gc,marking  ] GC(102) Mark: 2 stripe(s), 2 proactive flush(es), 1 terminate flush(es), 0 completion(s), 0 continuation(s) 
[2026-04-03T02:21:38.186+0600][49.194s][info][gc,marking  ] GC(102) Mark Stack Usage: 32M
[2026-04-03T02:21:38.186+0600][49.194s][info][gc,nmethod  ] GC(102) NMethods: 14644 registered, 1716 unregistered
[2026-04-03T02:21:38.186+0600][49.194s][info][gc,metaspace] GC(102) Metaspace: 127M used, 128M committed, 1152M reserved
[2026-04-03T02:21:38.186+0600][49.194s][info][gc,ref      ] GC(102) Soft: 3348 encountered, 0 discovered, 0 enqueued
[2026-04-03T02:21:38.186+0600][49.194s][info][gc,ref      ] GC(102) Weak: 16454 encountered, 5796 discovered, 1737 enqueued
[2026-04-03T02:21:38.186+0600][49.194s][info][gc,ref      ] GC(102) Final: 84 encountered, 0 discovered, 0 enqueued
[2026-04-03T02:21:38.186+0600][49.194s][info][gc,ref      ] GC(102) Phantom: 620 encountered, 412 discovered, 0 enqueued
[2026-04-03T02:21:38.186+0600][49.194s][info][gc,reloc    ] GC(102) Small Pages: 234 / 468M, Empty: 70M, Relocated: 8M, In-Place: 0
[2026-04-03T02:21:38.186+0600][49.194s][info][gc,reloc    ] GC(102) Medium Pages: 4 / 64M, Empty: 48M, Relocated: 0M, In-Place: 0
[2026-04-03T02:21:38.186+0600][49.194s][info][gc,reloc    ] GC(102) Large Pages: 9 / 52M, Empty: 48M, Relocated: 0M, In-Place: 0
[2026-04-03T02:21:38.186+0600][49.194s][info][gc,reloc    ] GC(102) Forwarding Usage: 3M
[2026-04-03T02:21:38.186+0600][49.194s][info][gc,heap     ] GC(102) Min Capacity: 8M(1%)
[2026-04-03T02:21:38.186+0600][49.194s][info][gc,heap     ] GC(102) Max Capacity: 1000M(100%)
[2026-04-03T02:21:38.186+0600][49.194s][info][gc,heap     ] GC(102) Soft Max Capacity: 1000M(100%)
[2026-04-03T02:21:38.186+0600][49.194s][info][gc,heap     ] GC(102)                Mark Start          Mark End        Relocate Start      Relocate End           High               Low         
[2026-04-03T02:21:38.186+0600][49.194s][info][gc,heap     ] GC(102)  Capacity:     1000M (100%)       1000M (100%)       1000M (100%)       1000M (100%)       1000M (100%)       1000M (100%)   
[2026-04-03T02:21:38.186+0600][49.194s][info][gc,heap     ] GC(102)      Free:      416M (42%)         266M (27%)         326M (33%)         586M (59%)         602M (60%)         170M (17%)    
[2026-04-03T02:21:38.186+0600][49.194s][info][gc,heap     ] GC(102)      Used:      584M (58%)         734M (73%)         674M (67%)         414M (41%)         830M (83%)         398M (40%)    
[2026-04-03T02:21:38.186+0600][49.194s][info][gc,heap     ] GC(102)      Live:         -               107M (11%)         107M (11%)         107M (11%)            -                  -          
[2026-04-03T02:21:38.186+0600][49.194s][info][gc,heap     ] GC(102) Allocated:         -               150M (15%)         256M (26%)         279M (28%)            -                  -          
[2026-04-03T02:21:38.186+0600][49.194s][info][gc,heap     ] GC(102)   Garbage:         -               476M (48%)         310M (31%)          26M (3%)             -                  -          
[2026-04-03T02:21:38.186+0600][49.194s][info][gc,heap     ] GC(102) Reclaimed:         -                  -               166M (17%)         449M (45%)            -                  -          
[2026-04-03T02:21:38.186+0600][49.194s][info][gc          ] GC(102) Garbage Collection (Allocation Rate) 584M(58%)->414M(41%)
[2026-04-03T02:21:38.196+0600][49.204s][info][gc,start    ] GC(103) Garbage Collection (Allocation Rate)
[2026-04-03T02:21:38.196+0600][49.204s][info][gc,task     ] GC(103) Using 3 workers
[2026-04-03T02:21:38.196+0600][49.204s][info][gc,phases   ] GC(103) Pause Mark Start 0.011ms
[2026-04-03T02:21:38.288+0600][49.297s][info][gc,phases   ] GC(103) Concurrent Mark 92.190ms
[2026-04-03T02:21:38.289+0600][49.297s][info][gc,phases   ] GC(103) Pause Mark End 0.039ms
[2026-04-03T02:21:38.289+0600][49.297s][info][gc,phases   ] GC(103) Concurrent Mark Free 0.003ms
[2026-04-03T02:21:38.311+0600][49.319s][info][gc,phases   ] GC(103) Concurrent Process Non-Strong References 22.076ms
[2026-04-03T02:21:38.311+0600][49.319s][info][gc,phases   ] GC(103) Concurrent Reset Relocation Set 0.023ms
[2026-04-03T02:21:38.316+0600][49.324s][info][gc,phases   ] GC(103) Concurrent Select Relocation Set 4.625ms
[2026-04-03T02:21:38.316+0600][49.324s][info][gc,phases   ] GC(103) Pause Relocate Start 0.017ms
[2026-04-03T02:21:38.325+0600][49.333s][info][gc,phases   ] GC(103) Concurrent Relocate 9.077ms
[2026-04-03T02:21:38.325+0600][49.333s][info][gc,load     ] GC(103) Load: 7.91/6.57/5.98
[2026-04-03T02:21:38.325+0600][49.333s][info][gc,mmu      ] GC(103) MMU: 2ms/90.1%, 5ms/96.1%, 10ms/98.0%, 20ms/99.0%, 50ms/99.6%, 100ms/99.7%
[2026-04-03T02:21:38.325+0600][49.333s][info][gc,marking  ] GC(103) Mark: 2 stripe(s), 7 proactive flush(es), 3 terminate flush(es), 0 completion(s), 0 continuation(s) 
[2026-04-03T02:21:38.325+0600][49.333s][info][gc,marking  ] GC(103) Mark Stack Usage: 32M
[2026-04-03T02:21:38.325+0600][49.333s][info][gc,nmethod  ] GC(103) NMethods: 14649 registered, 1720 unregistered
[2026-04-03T02:21:38.325+0600][49.333s][info][gc,metaspace] GC(103) Metaspace: 127M used, 128M committed, 1152M reserved
[2026-04-03T02:21:38.325+0600][49.333s][info][gc,ref      ] GC(103) Soft: 3344 encountered, 0 discovered, 0 enqueued
[2026-04-03T02:21:38.325+0600][49.333s][info][gc,ref      ] GC(103) Weak: 14857 encountered, 4207 discovered, 410 enqueued
[2026-04-03T02:21:38.325+0600][49.334s][info][gc,ref      ] GC(103) Final: 84 encountered, 0 discovered, 0 enqueued
[2026-04-03T02:21:38.325+0600][49.334s][info][gc,ref      ] GC(103) Phantom: 620 encountered, 595 discovered, 0 enqueued
[2026-04-03T02:21:38.325+0600][49.334s][info][gc,reloc    ] GC(103) Small Pages: 179 / 358M, Empty: 184M, Relocated: 5M, In-Place: 0
[2026-04-03T02:21:38.325+0600][49.334s][info][gc,reloc    ] GC(103) Medium Pages: 3 / 48M, Empty: 32M, Relocated: 0M, In-Place: 0
[2026-04-03T02:21:38.326+0600][49.334s][info][gc,reloc    ] GC(103) Large Pages: 2 / 10M, Empty: 6M, Relocated: 0M, In-Place: 0
[2026-04-03T02:21:38.326+0600][49.334s][info][gc,reloc    ] GC(103) Forwarding Usage: 2M
[2026-04-03T02:21:38.326+0600][49.334s][info][gc,heap     ] GC(103) Min Capacity: 8M(1%)
[2026-04-03T02:21:38.326+0600][49.334s][info][gc,heap     ] GC(103) Max Capacity: 1000M(100%)
[2026-04-03T02:21:38.326+0600][49.334s][info][gc,heap     ] GC(103) Soft Max Capacity: 1000M(100%)
[2026-04-03T02:21:38.326+0600][49.334s][info][gc,heap     ] GC(103)                Mark Start          Mark End        Relocate Start      Relocate End           High               Low         
[2026-04-03T02:21:38.326+0600][49.334s][info][gc,heap     ] GC(103)  Capacity:     1000M (100%)       1000M (100%)       1000M (100%)       1000M (100%)       1000M (100%)       1000M (100%)   
[2026-04-03T02:21:38.326+0600][49.334s][info][gc,heap     ] GC(103)      Free:      584M (58%)         496M (50%)         682M (68%)         738M (74%)         740M (74%)         472M (47%)    
[2026-04-03T02:21:38.326+0600][49.334s][info][gc,heap     ] GC(103)      Used:      416M (42%)         504M (50%)         318M (32%)         262M (26%)         528M (53%)         260M (26%)    
[2026-04-03T02:21:38.326+0600][49.334s][info][gc,heap     ] GC(103)      Live:         -               103M (10%)         103M (10%)         103M (10%)            -                  -          
[2026-04-03T02:21:38.326+0600][49.334s][info][gc,heap     ] GC(103) Allocated:         -                88M (9%)          124M (12%)         131M (13%)            -                  -          
[2026-04-03T02:21:38.326+0600][49.334s][info][gc,heap     ] GC(103)   Garbage:         -               312M (31%)          90M (9%)           26M (3%)             -                  -          
[2026-04-03T02:21:38.326+0600][49.334s][info][gc,heap     ] GC(103) Reclaimed:         -                  -               222M (22%)         285M (29%)            -                  -          
[2026-04-03T02:21:38.326+0600][49.334s][info][gc          ] GC(103) Garbage Collection (Allocation Rate) 416M(42%)->262M(26%)
[2026-04-03T02:21:38.595+0600][49.603s][info][gc,start    ] GC(104) Garbage Collection (Allocation Rate)
[2026-04-03T02:21:38.595+0600][49.603s][info][gc,task     ] GC(104) Using 3 workers
[2026-04-03T02:21:38.596+0600][49.604s][info][gc,phases   ] GC(104) Pause Mark Start 0.010ms
[2026-04-03T02:21:38.700+0600][49.708s][info][gc,phases   ] GC(104) Concurrent Mark 104.288ms
[2026-04-03T02:21:38.700+0600][49.708s][info][gc,phases   ] GC(104) Pause Mark End 0.041ms
[2026-04-03T02:21:38.700+0600][49.708s][info][gc,phases   ] GC(104) Concurrent Mark Free 0.004ms
[2026-04-03T02:21:38.724+0600][49.732s][info][gc,phases   ] GC(104) Concurrent Process Non-Strong References 23.310ms
[2026-04-03T02:21:38.724+0600][49.732s][info][gc,phases   ] GC(104) Concurrent Reset Relocation Set 0.007ms
[2026-04-03T02:21:38.730+0600][49.738s][info][gc,phases   ] GC(104) Concurrent Select Relocation Set 5.697ms
[2026-04-03T02:21:38.730+0600][49.738s][info][gc,phases   ] GC(104) Pause Relocate Start 0.018ms
[2026-04-03T02:21:38.737+0600][49.745s][info][gc,phases   ] GC(104) Concurrent Relocate 6.078ms
[2026-04-03T02:21:38.737+0600][49.745s][info][gc,load     ] GC(104) Load: 7.91/6.57/5.98
[2026-04-03T02:21:38.737+0600][49.745s][info][gc,mmu      ] GC(104) MMU: 2ms/90.1%, 5ms/96.1%, 10ms/98.0%, 20ms/99.0%, 50ms/99.6%, 100ms/99.7%
[2026-04-03T02:21:38.737+0600][49.745s][info][gc,marking  ] GC(104) Mark: 2 stripe(s), 2 proactive flush(es), 1 terminate flush(es), 0 completion(s), 0 continuation(s) 
[2026-04-03T02:21:38.737+0600][49.745s][info][gc,marking  ] GC(104) Mark Stack Usage: 32M
[2026-04-03T02:21:38.737+0600][49.745s][info][gc,nmethod  ] GC(104) NMethods: 14722 registered, 1739 unregistered
[2026-04-03T02:21:38.737+0600][49.745s][info][gc,metaspace] GC(104) Metaspace: 127M used, 129M committed, 1152M reserved
[2026-04-03T02:21:38.737+0600][49.745s][info][gc,ref      ] GC(104) Soft: 3412 encountered, 0 discovered, 0 enqueued
[2026-04-03T02:21:38.737+0600][49.745s][info][gc,ref      ] GC(104) Weak: 15010 encountered, 5223 discovered, 468 enqueued
[2026-04-03T02:21:38.737+0600][49.745s][info][gc,ref      ] GC(104) Final: 84 encountered, 0 discovered, 0 enqueued
[2026-04-03T02:21:38.737+0600][49.745s][info][gc,ref      ] GC(104) Phantom: 620 encountered, 416 discovered, 0 enqueued
[2026-04-03T02:21:38.737+0600][49.745s][info][gc,reloc    ] GC(104) Small Pages: 288 / 576M, Empty: 270M, Relocated: 5M, In-Place: 0
[2026-04-03T02:21:38.737+0600][49.745s][info][gc,reloc    ] GC(104) Medium Pages: 3 / 48M, Empty: 32M, Relocated: 0M, In-Place: 0
[2026-04-03T02:21:38.737+0600][49.745s][info][gc,reloc    ] GC(104) Large Pages: 8 / 46M, Empty: 42M, Relocated: 0M, In-Place: 0
[2026-04-03T02:21:38.737+0600][49.745s][info][gc,reloc    ] GC(104) Forwarding Usage: 1M
[2026-04-03T02:21:38.737+0600][49.745s][info][gc,heap     ] GC(104) Min Capacity: 8M(1%)
[2026-04-03T02:21:38.737+0600][49.745s][info][gc,heap     ] GC(104) Max Capacity: 1000M(100%)
[2026-04-03T02:21:38.737+0600][49.745s][info][gc,heap     ] GC(104) Soft Max Capacity: 1000M(100%)
[2026-04-03T02:21:38.737+0600][49.745s][info][gc,heap     ] GC(104)                Mark Start          Mark End        Relocate Start      Relocate End           High               Low         
[2026-04-03T02:21:38.737+0600][49.745s][info][gc,heap     ] GC(104)  Capacity:     1000M (100%)       1000M (100%)       1000M (100%)       1000M (100%)       1000M (100%)       1000M (100%)   
[2026-04-03T02:21:38.737+0600][49.745s][info][gc,heap     ] GC(104)      Free:      330M (33%)         272M (27%)         598M (60%)         776M (78%)         788M (79%)         258M (26%)    
[2026-04-03T02:21:38.737+0600][49.745s][info][gc,heap     ] GC(104)      Used:      670M (67%)         728M (73%)         402M (40%)         224M (22%)         742M (74%)         212M (21%)    
[2026-04-03T02:21:38.737+0600][49.745s][info][gc,heap     ] GC(104)      Live:         -               101M (10%)         101M (10%)         101M (10%)            -                  -          
[2026-04-03T02:21:38.737+0600][49.745s][info][gc,heap     ] GC(104) Allocated:         -                58M (6%)           76M (8%)           95M (10%)            -                  -          
[2026-04-03T02:21:38.737+0600][49.745s][info][gc,heap     ] GC(104)   Garbage:         -               568M (57%)         224M (22%)          26M (3%)             -                  -          
[2026-04-03T02:21:38.737+0600][49.745s][info][gc,heap     ] GC(104) Reclaimed:         -                  -               344M (34%)         541M (54%)            -                  -          
[2026-04-03T02:21:38.737+0600][49.745s][info][gc          ] GC(104) Garbage Collection (Allocation Rate) 670M(67%)->224M(22%)
[2026-04-03T02:21:38.935+0600][49.943s][info][gc,start    ] GC(105) Garbage Collection (System.gc())
[2026-04-03T02:21:38.935+0600][49.943s][info][gc,task     ] GC(105) Using 3 workers
[2026-04-03T02:21:38.935+0600][49.943s][info][gc,phases   ] GC(105) Pause Mark Start 0.013ms
[2026-04-03T02:21:39.012+0600][50.020s][info][gc,phases   ] GC(105) Concurrent Mark 77.325ms
[2026-04-03T02:21:39.013+0600][50.021s][info][gc,phases   ] GC(105) Pause Mark End 0.022ms
[2026-04-03T02:21:39.013+0600][50.021s][info][gc,phases   ] GC(105) Concurrent Mark Free 0.002ms
[2026-04-03T02:21:39.042+0600][50.050s][info][gc,phases   ] GC(105) Concurrent Process Non-Strong References 29.095ms
[2026-04-03T02:21:39.042+0600][50.050s][info][gc,phases   ] GC(105) Concurrent Reset Relocation Set 0.007ms
[2026-04-03T02:21:39.045+0600][50.053s][info][gc,phases   ] GC(105) Concurrent Select Relocation Set 3.057ms
[2026-04-03T02:21:39.045+0600][50.053s][info][gc,phases   ] GC(105) Pause Relocate Start 0.011ms
[2026-04-03T02:21:39.050+0600][50.058s][info][gc,phases   ] GC(105) Concurrent Relocate 4.125ms
[2026-04-03T02:21:39.050+0600][50.058s][info][gc,load     ] GC(105) Load: 7.91/6.57/5.98
[2026-04-03T02:21:39.050+0600][50.058s][info][gc,mmu      ] GC(105) MMU: 2ms/90.1%, 5ms/96.1%, 10ms/98.0%, 20ms/99.0%, 50ms/99.6%, 100ms/99.7%
[2026-04-03T02:21:39.050+0600][50.058s][info][gc,marking  ] GC(105) Mark: 2 stripe(s), 2 proactive flush(es), 1 terminate flush(es), 0 completion(s), 0 continuation(s) 
[2026-04-03T02:21:39.050+0600][50.058s][info][gc,marking  ] GC(105) Mark Stack Usage: 32M
[2026-04-03T02:21:39.050+0600][50.058s][info][gc,nmethod  ] GC(105) NMethods: 14720 registered, 1793 unregistered
[2026-04-03T02:21:39.050+0600][50.058s][info][gc,metaspace] GC(105) Metaspace: 127M used, 129M committed, 1152M reserved
[2026-04-03T02:21:39.050+0600][50.058s][info][gc,ref      ] GC(105) Soft: 3454 encountered, 0 discovered, 0 enqueued
[2026-04-03T02:21:39.050+0600][50.058s][info][gc,ref      ] GC(105) Weak: 15016 encountered, 4677 discovered, 503 enqueued
[2026-04-03T02:21:39.050+0600][50.058s][info][gc,ref      ] GC(105) Final: 84 encountered, 0 discovered, 0 enqueued
[2026-04-03T02:21:39.050+0600][50.058s][info][gc,ref      ] GC(105) Phantom: 620 encountered, 566 discovered, 0 enqueued
[2026-04-03T02:21:39.050+0600][50.058s][info][gc,reloc    ] GC(105) Small Pages: 159 / 318M, Empty: 82M, Relocated: 6M, In-Place: 0
[2026-04-03T02:21:39.050+0600][50.058s][info][gc,reloc    ] GC(105) Medium Pages: 4 / 64M, Empty: 48M, Relocated: 0M, In-Place: 0
[2026-04-03T02:21:39.050+0600][50.058s][info][gc,reloc    ] GC(105) Large Pages: 6 / 34M, Empty: 30M, Relocated: 0M, In-Place: 0
[2026-04-03T02:21:39.050+0600][50.058s][info][gc,reloc    ] GC(105) Forwarding Usage: 2M
[2026-04-03T02:21:39.050+0600][50.058s][info][gc,heap     ] GC(105) Min Capacity: 8M(1%)
[2026-04-03T02:21:39.050+0600][50.058s][info][gc,heap     ] GC(105) Max Capacity: 1000M(100%)
[2026-04-03T02:21:39.050+0600][50.058s][info][gc,heap     ] GC(105) Soft Max Capacity: 1000M(100%)
[2026-04-03T02:21:39.050+0600][50.058s][info][gc,heap     ] GC(105)                Mark Start          Mark End        Relocate Start      Relocate End           High               Low         
[2026-04-03T02:21:39.050+0600][50.058s][info][gc,heap     ] GC(105)  Capacity:     1000M (100%)       1000M (100%)       1000M (100%)       1000M (100%)       1000M (100%)       1000M (100%)   
[2026-04-03T02:21:39.050+0600][50.058s][info][gc,heap     ] GC(105)      Free:      584M (58%)         582M (58%)         728M (73%)         852M (85%)         852M (85%)         572M (57%)    
[2026-04-03T02:21:39.050+0600][50.058s][info][gc,heap     ] GC(105)      Used:      416M (42%)         418M (42%)         272M (27%)         148M (15%)         428M (43%)         148M (15%)    
[2026-04-03T02:21:39.050+0600][50.058s][info][gc,heap     ] GC(105)      Live:         -               100M (10%)         100M (10%)         100M (10%)            -                  -          
[2026-04-03T02:21:39.050+0600][50.058s][info][gc,heap     ] GC(105) Allocated:         -                 2M (0%)           16M (2%)           21M (2%)             -                  -          
[2026-04-03T02:21:39.050+0600][50.058s][info][gc,heap     ] GC(105)   Garbage:         -               315M (32%)         155M (16%)          25M (3%)             -                  -          
[2026-04-03T02:21:39.050+0600][50.058s][info][gc,heap     ] GC(105) Reclaimed:         -                  -               160M (16%)         289M (29%)            -                  -          
[2026-04-03T02:21:39.050+0600][50.058s][info][gc          ] GC(105) Garbage Collection (System.gc()) 416M(42%)->148M(15%)
[2026-04-03T02:21:39.096+0600][50.104s][info][gc,stats    ] === Garbage Collection Statistics =======================================================================================================================
[2026-04-03T02:21:39.096+0600][50.104s][info][gc,stats    ]                                                              Last 10s              Last 10m              Last 10h                Total
[2026-04-03T02:21:39.096+0600][50.104s][info][gc,stats    ]                                                              Avg / Max             Avg / Max             Avg / Max             Avg / Max
[2026-04-03T02:21:39.096+0600][50.104s][info][gc,stats    ]   Collector: Garbage Collection Cycle                    138.507 / 259.558     150.536 / 338.081     150.536 / 338.081     150.536 / 338.081     ms
[2026-04-03T02:21:39.096+0600][50.104s][info][gc,stats    ]  Contention: Mark Segment Reset Contention                    44 / 173              22 / 173              22 / 173              22 / 173         ops/s
[2026-04-03T02:21:39.096+0600][50.104s][info][gc,stats    ]  Contention: Mark SeqNum Reset Contention                      0 / 3                 0 / 3                 0 / 3                 0 / 3           ops/s
[2026-04-03T02:21:39.096+0600][50.104s][info][gc,stats    ]    Critical: Allocation Stall                                  0 / 4                 0 / 7                 0 / 7                 0 / 7           ops/s
[2026-04-03T02:21:39.096+0600][50.104s][info][gc,stats    ]    Critical: Allocation Stall                             47.070 / 64.081       28.113 / 64.081       28.113 / 64.081       28.113 / 64.081      ms
[2026-04-03T02:21:39.096+0600][50.104s][info][gc,stats    ]    Critical: GC Locker Stall                                   1 / 3                 0 / 3                 0 / 3                 0 / 3           ops/s
[2026-04-03T02:21:39.096+0600][50.104s][info][gc,stats    ]    Critical: GC Locker Stall                               0.023 / 0.140         0.028 / 0.204         0.028 / 0.204         0.028 / 0.204       ms
[2026-04-03T02:21:39.096+0600][50.104s][info][gc,stats    ]    Critical: Relocation Stall                                  0 / 0                 0 / 0                 0 / 0                 0 / 0           ops/s
[2026-04-03T02:21:39.096+0600][50.104s][info][gc,stats    ]    Critical: Relocation Stall                              0.000 / 0.000         0.000 / 0.000         0.000 / 0.000         0.000 / 0.000       ms
[2026-04-03T02:21:39.096+0600][50.104s][info][gc,stats    ]      Memory: Allocation Rate                                1272 / 1816            710 / 1848            710 / 1848            710 / 1848        MB/s
[2026-04-03T02:21:39.096+0600][50.104s][info][gc,stats    ]      Memory: Defragment                                       53 / 126              21 / 126              21 / 126              21 / 126         ops/s
[2026-04-03T02:21:39.096+0600][50.104s][info][gc,stats    ]      Memory: Out Of Memory                                     0 / 0                 0 / 0                 0 / 0                 0 / 0           ops/s
[2026-04-03T02:21:39.096+0600][50.104s][info][gc,stats    ]      Memory: Page Cache Flush                                218 / 572             101 / 572             101 / 572             101 / 572         MB/s
[2026-04-03T02:21:39.096+0600][50.104s][info][gc,stats    ]      Memory: Page Cache Hit L1                               420 / 463             234 / 534             234 / 534             234 / 534         ops/s
[2026-04-03T02:21:39.096+0600][50.104s][info][gc,stats    ]      Memory: Page Cache Hit L2                                 0 / 0                 0 / 0                 0 / 0                 0 / 0           ops/s
[2026-04-03T02:21:39.096+0600][50.104s][info][gc,stats    ]      Memory: Page Cache Hit L3                                38 / 98               18 / 98               18 / 98               18 / 98          ops/s
[2026-04-03T02:21:39.096+0600][50.104s][info][gc,stats    ]      Memory: Page Cache Miss                                  14 / 49               11 / 98               11 / 98               11 / 98          ops/s
[2026-04-03T02:21:39.096+0600][50.104s][info][gc,stats    ]      Memory: Uncommit                                          0 / 0                 0 / 0                 0 / 0                 0 / 0           MB/s
[2026-04-03T02:21:39.096+0600][50.104s][info][gc,stats    ]      Memory: Undo Object Allocation Failed                     0 / 0                 0 / 0                 0 / 0                 0 / 0           ops/s
[2026-04-03T02:21:39.096+0600][50.104s][info][gc,stats    ]      Memory: Undo Object Allocation Succeeded                  3 / 12               21 / 565              21 / 565              21 / 565         ops/s
[2026-04-03T02:21:39.096+0600][50.104s][info][gc,stats    ]      Memory: Undo Page Allocation                              1 / 5                 0 / 7                 0 / 7                 0 / 7           ops/s
[2026-04-03T02:21:39.096+0600][50.104s][info][gc,stats    ]       Phase: Concurrent Mark                             102.814 / 184.745     111.563 / 204.527     111.563 / 204.527     111.563 / 204.527     ms
[2026-04-03T02:21:39.096+0600][50.104s][info][gc,stats    ]       Phase: Concurrent Mark Continue                      0.000 / 0.000         0.000 / 0.000         0.000 / 0.000         0.000 / 0.000       ms
[2026-04-03T02:21:39.096+0600][50.104s][info][gc,stats    ]       Phase: Concurrent Mark Free                          0.002 / 0.004         0.003 / 0.016         0.003 / 0.016         0.003 / 0.016       ms
[2026-04-03T02:21:39.096+0600][50.104s][info][gc,stats    ]       Phase: Concurrent Process Non-Strong References     24.116 / 59.607       25.093 / 67.924       25.093 / 67.924       25.093 / 67.924      ms
[2026-04-03T02:21:39.096+0600][50.104s][info][gc,stats    ]       Phase: Concurrent Relocate                           5.503 / 13.995        6.945 / 97.082        6.945 / 97.082        6.945 / 97.082      ms
[2026-04-03T02:21:39.096+0600][50.104s][info][gc,stats    ]       Phase: Concurrent Reset Relocation Set               0.011 / 0.023         0.013 / 0.063         0.013 / 0.063         0.013 / 0.063       ms
[2026-04-03T02:21:39.096+0600][50.104s][info][gc,stats    ]       Phase: Concurrent Select Relocation Set              4.134 / 7.315         4.493 / 19.584        4.493 / 19.584        4.493 / 19.584      ms
[2026-04-03T02:21:39.096+0600][50.104s][info][gc,stats    ]       Phase: Pause Mark End                                0.042 / 0.145         0.043 / 0.163         0.043 / 0.163         0.043 / 0.163       ms
[2026-04-03T02:21:39.096+0600][50.104s][info][gc,stats    ]       Phase: Pause Mark Start                              0.019 / 0.083         0.018 / 0.083         0.018 / 0.083         0.018 / 0.083       ms
[2026-04-03T02:21:39.096+0600][50.104s][info][gc,stats    ]       Phase: Pause Relocate Start                          0.019 / 0.127         0.021 / 0.197         0.021 / 0.197         0.021 / 0.197       ms
[2026-04-03T02:21:39.096+0600][50.104s][info][gc,stats    ]    Subphase: Concurrent Classes Purge                      0.101 / 0.691         0.197 / 2.956         0.197 / 2.956         0.197 / 2.956       ms
[2026-04-03T02:21:39.096+0600][50.104s][info][gc,stats    ]    Subphase: Concurrent Classes Unlink                    21.115 / 55.310       21.612 / 63.623       21.612 / 63.623       21.612 / 63.623      ms
[2026-04-03T02:21:39.096+0600][50.104s][info][gc,stats    ]    Subphase: Concurrent Mark                              98.536 / 180.368     104.543 / 200.727     104.543 / 200.727     104.543 / 200.727     ms
[2026-04-03T02:21:39.096+0600][50.104s][info][gc,stats    ]    Subphase: Concurrent Mark Try Flush                     0.307 / 0.941         0.471 / 4.495         0.471 / 4.495         0.471 / 4.495       ms
[2026-04-03T02:21:39.096+0600][50.104s][info][gc,stats    ]    Subphase: Concurrent Mark Try Terminate                 0.722 / 1.222         0.793 / 3.991         0.793 / 3.991         0.793 / 3.991       ms
[2026-04-03T02:21:39.096+0600][50.104s][info][gc,stats    ]    Subphase: Concurrent References Enqueue                 0.010 / 0.025         0.010 / 0.025         0.010 / 0.025         0.010 / 0.025       ms
[2026-04-03T02:21:39.096+0600][50.104s][info][gc,stats    ]    Subphase: Concurrent References Process                 0.627 / 1.463         0.727 / 3.978         0.727 / 3.978         0.727 / 3.978       ms
[2026-04-03T02:21:39.096+0600][50.104s][info][gc,stats    ]    Subphase: Concurrent Roots ClassLoaderDataGraph         0.368 / 0.939         0.400 / 1.115         0.400 / 1.115         0.400 / 1.115       ms
[2026-04-03T02:21:39.096+0600][50.104s][info][gc,stats    ]    Subphase: Concurrent Roots CodeCache                    0.000 / 0.000         0.000 / 0.000         0.000 / 0.000         0.000 / 0.000       ms
[2026-04-03T02:21:39.096+0600][50.104s][info][gc,stats    ]    Subphase: Concurrent Roots JavaThreads                  1.079 / 3.902         1.416 / 8.872         1.416 / 8.872         1.416 / 8.872       ms
[2026-04-03T02:21:39.096+0600][50.104s][info][gc,stats    ]    Subphase: Concurrent Roots OopStorageSet                0.078 / 0.227         0.097 / 2.356         0.097 / 2.356         0.097 / 2.356       ms
[2026-04-03T02:21:39.096+0600][50.104s][info][gc,stats    ]    Subphase: Concurrent Weak Roots OopStorageSet           1.286 / 2.604         1.404 / 3.609         1.404 / 3.609         1.404 / 3.609       ms
[2026-04-03T02:21:39.096+0600][50.104s][info][gc,stats    ]    Subphase: Pause Mark Try Complete                       0.005 / 0.028         0.004 / 0.028         0.004 / 0.028         0.004 / 0.028       ms
[2026-04-03T02:21:39.096+0600][50.104s][info][gc,stats    ]      System: Java Threads                                    286 / 290             261 / 290             261 / 290             261 / 290         threads
[2026-04-03T02:21:39.096+0600][50.104s][info][gc,stats    ] =========================================================================================================================================================
[2026-04-03T02:21:39.196+0600][50.204s][info][gc,start    ] GC(106) Garbage Collection (Allocation Rate)
[2026-04-03T02:21:39.196+0600][50.204s][info][gc,task     ] GC(106) Using 3 workers
[2026-04-03T02:21:39.196+0600][50.204s][info][gc,phases   ] GC(106) Pause Mark Start 0.014ms
[2026-04-03T02:21:39.299+0600][50.307s][info][gc,phases   ] GC(106) Concurrent Mark 102.973ms
[2026-04-03T02:21:39.299+0600][50.307s][info][gc,phases   ] GC(106) Pause Mark End 0.035ms
[2026-04-03T02:21:39.300+0600][50.308s][info][gc,phases   ] GC(106) Concurrent Mark Free 0.002ms
[2026-04-03T02:21:39.320+0600][50.328s][info][gc,phases   ] GC(106) Concurrent Process Non-Strong References 20.628ms
[2026-04-03T02:21:39.320+0600][50.328s][info][gc,phases   ] GC(106) Concurrent Reset Relocation Set 0.014ms
[2026-04-03T02:21:39.326+0600][50.334s][info][gc,phases   ] GC(106) Concurrent Select Relocation Set 5.236ms
[2026-04-03T02:21:39.326+0600][50.334s][info][gc,phases   ] GC(106) Pause Relocate Start 0.019ms
[2026-04-03T02:21:39.328+0600][50.336s][info][gc,phases   ] GC(106) Concurrent Relocate 1.782ms
[2026-04-03T02:21:39.328+0600][50.336s][info][gc,load     ] GC(106) Load: 7.91/6.57/5.98
[2026-04-03T02:21:39.328+0600][50.336s][info][gc,mmu      ] GC(106) MMU: 2ms/90.1%, 5ms/96.1%, 10ms/98.0%, 20ms/99.0%, 50ms/99.6%, 100ms/99.7%
[2026-04-03T02:21:39.328+0600][50.336s][info][gc,marking  ] GC(106) Mark: 2 stripe(s), 2 proactive flush(es), 1 terminate flush(es), 0 completion(s), 0 continuation(s) 
[2026-04-03T02:21:39.328+0600][50.336s][info][gc,marking  ] GC(106) Mark Stack Usage: 32M
[2026-04-03T02:21:39.328+0600][50.336s][info][gc,nmethod  ] GC(106) NMethods: 14735 registered, 1796 unregistered
[2026-04-03T02:21:39.328+0600][50.336s][info][gc,metaspace] GC(106) Metaspace: 127M used, 129M committed, 1152M reserved
[2026-04-03T02:21:39.328+0600][50.336s][info][gc,ref      ] GC(106) Soft: 3469 encountered, 0 discovered, 0 enqueued
[2026-04-03T02:21:39.328+0600][50.336s][info][gc,ref      ] GC(106) Weak: 14847 encountered, 5118 discovered, 160 enqueued
[2026-04-03T02:21:39.328+0600][50.336s][info][gc,ref      ] GC(106) Final: 84 encountered, 0 discovered, 0 enqueued
[2026-04-03T02:21:39.328+0600][50.336s][info][gc,ref      ] GC(106) Phantom: 620 encountered, 475 discovered, 0 enqueued
[2026-04-03T02:21:39.328+0600][50.336s][info][gc,reloc    ] GC(106) Small Pages: 102 / 204M, Empty: 20M, Relocated: 3M, In-Place: 0
[2026-04-03T02:21:39.328+0600][50.336s][info][gc,reloc    ] GC(106) Medium Pages: 2 / 32M, Empty: 16M, Relocated: 0M, In-Place: 0
[2026-04-03T02:21:39.328+0600][50.336s][info][gc,reloc    ] GC(106) Large Pages: 68 / 406M, Empty: 390M, Relocated: 0M, In-Place: 0
[2026-04-03T02:21:39.328+0600][50.336s][info][gc,reloc    ] GC(106) Forwarding Usage: 0M
[2026-04-03T02:21:39.328+0600][50.336s][info][gc,heap     ] GC(106) Min Capacity: 8M(1%)
[2026-04-03T02:21:39.328+0600][50.336s][info][gc,heap     ] GC(106) Max Capacity: 1000M(100%)
[2026-04-03T02:21:39.328+0600][50.336s][info][gc,heap     ] GC(106) Soft Max Capacity: 1000M(100%)
[2026-04-03T02:21:39.328+0600][50.336s][info][gc,heap     ] GC(106)                Mark Start          Mark End        Relocate Start      Relocate End           High               Low         
[2026-04-03T02:21:39.328+0600][50.336s][info][gc,heap     ] GC(106)  Capacity:     1000M (100%)       1000M (100%)       1000M (100%)       1000M (100%)       1000M (100%)       1000M (100%)   
[2026-04-03T02:21:39.328+0600][50.336s][info][gc,heap     ] GC(106)      Free:      358M (36%)         238M (24%)         536M (54%)         586M (59%)         590M (59%)         138M (14%)    
[2026-04-03T02:21:39.328+0600][50.336s][info][gc,heap     ] GC(106)      Used:      642M (64%)         762M (76%)         464M (46%)         414M (41%)         862M (86%)         410M (41%)    
[2026-04-03T02:21:39.328+0600][50.336s][info][gc,heap     ] GC(106)      Live:         -               115M (12%)         115M (12%)         115M (12%)            -                  -          
[2026-04-03T02:21:39.328+0600][50.336s][info][gc,heap     ] GC(106) Allocated:         -               120M (12%)         248M (25%)         271M (27%)            -                  -          
[2026-04-03T02:21:39.328+0600][50.336s][info][gc,heap     ] GC(106)   Garbage:         -               526M (53%)         100M (10%)          26M (3%)             -                  -          
[2026-04-03T02:21:39.328+0600][50.336s][info][gc,heap     ] GC(106) Reclaimed:         -                  -               426M (43%)         499M (50%)            -                  -          
[2026-04-03T02:21:39.328+0600][50.336s][info][gc          ] GC(106) Garbage Collection (Allocation Rate) 642M(64%)->414M(41%)
[2026-04-03T02:21:39.396+0600][50.404s][info][gc,start    ] GC(107) Garbage Collection (Allocation Rate)
[2026-04-03T02:21:39.396+0600][50.404s][info][gc,task     ] GC(107) Using 3 workers
[2026-04-03T02:21:39.396+0600][50.404s][info][gc,phases   ] GC(107) Pause Mark Start 0.011ms
[2026-04-03T02:21:39.485+0600][50.494s][info][gc,phases   ] GC(107) Concurrent Mark 88.972ms
[2026-04-03T02:21:39.486+0600][50.494s][info][gc,phases   ] GC(107) Pause Mark End 0.034ms
[2026-04-03T02:21:39.486+0600][50.494s][info][gc,phases   ] GC(107) Concurrent Mark Free 0.002ms
[2026-04-03T02:21:39.502+0600][50.510s][info][gc,phases   ] GC(107) Concurrent Process Non-Strong References 15.924ms
[2026-04-03T02:21:39.502+0600][50.510s][info][gc,phases   ] GC(107) Concurrent Reset Relocation Set 0.004ms
[2026-04-03T02:21:39.506+0600][50.514s][info][gc,phases   ] GC(107) Concurrent Select Relocation Set 3.743ms
[2026-04-03T02:21:39.506+0600][50.514s][info][gc,phases   ] GC(107) Pause Relocate Start 0.014ms
[2026-04-03T02:21:39.509+0600][50.517s][info][gc,phases   ] GC(107) Concurrent Relocate 3.051ms
[2026-04-03T02:21:39.509+0600][50.517s][info][gc,load     ] GC(107) Load: 7.91/6.57/5.98
[2026-04-03T02:21:39.509+0600][50.517s][info][gc,mmu      ] GC(107) MMU: 2ms/90.1%, 5ms/96.1%, 10ms/98.0%, 20ms/99.0%, 50ms/99.6%, 100ms/99.7%
[2026-04-03T02:21:39.509+0600][50.517s][info][gc,marking  ] GC(107) Mark: 2 stripe(s), 2 proactive flush(es), 1 terminate flush(es), 0 completion(s), 0 continuation(s) 
[2026-04-03T02:21:39.509+0600][50.517s][info][gc,marking  ] GC(107) Mark Stack Usage: 32M
[2026-04-03T02:21:39.509+0600][50.517s][info][gc,nmethod  ] GC(107) NMethods: 14740 registered, 1799 unregistered
[2026-04-03T02:21:39.509+0600][50.517s][info][gc,metaspace] GC(107) Metaspace: 127M used, 129M committed, 1152M reserved
[2026-04-03T02:21:39.509+0600][50.517s][info][gc,ref      ] GC(107) Soft: 3469 encountered, 0 discovered, 0 enqueued
[2026-04-03T02:21:39.509+0600][50.517s][info][gc,ref      ] GC(107) Weak: 14920 encountered, 5736 discovered, 364 enqueued
[2026-04-03T02:21:39.509+0600][50.517s][info][gc,ref      ] GC(107) Final: 84 encountered, 0 discovered, 0 enqueued
[2026-04-03T02:21:39.509+0600][50.517s][info][gc,ref      ] GC(107) Phantom: 620 encountered, 481 discovered, 0 enqueued
[2026-04-03T02:21:39.509+0600][50.517s][info][gc,reloc    ] GC(107) Small Pages: 122 / 244M, Empty: 20M, Relocated: 4M, In-Place: 0
[2026-04-03T02:21:39.509+0600][50.517s][info][gc,reloc    ] GC(107) Medium Pages: 3 / 48M, Empty: 32M, Relocated: 0M, In-Place: 0
[2026-04-03T02:21:39.509+0600][50.517s][info][gc,reloc    ] GC(107) Large Pages: 71 / 424M, Empty: 420M, Relocated: 0M, In-Place: 0
[2026-04-03T02:21:39.509+0600][50.517s][info][gc,reloc    ] GC(107) Forwarding Usage: 1M
[2026-04-03T02:21:39.509+0600][50.517s][info][gc,heap     ] GC(107) Min Capacity: 8M(1%)
[2026-04-03T02:21:39.509+0600][50.517s][info][gc,heap     ] GC(107) Max Capacity: 1000M(100%)
[2026-04-03T02:21:39.509+0600][50.517s][info][gc,heap     ] GC(107) Soft Max Capacity: 1000M(100%)
[2026-04-03T02:21:39.509+0600][50.517s][info][gc,heap     ] GC(107)                Mark Start          Mark End        Relocate Start      Relocate End           High               Low         
[2026-04-03T02:21:39.509+0600][50.518s][info][gc,heap     ] GC(107)  Capacity:     1000M (100%)       1000M (100%)       1000M (100%)       1000M (100%)       1000M (100%)       1000M (100%)   
[2026-04-03T02:21:39.509+0600][50.518s][info][gc,heap     ] GC(107)      Free:      284M (28%)         186M (19%)         636M (64%)         752M (75%)         752M (75%)         176M (18%)    
[2026-04-03T02:21:39.509+0600][50.518s][info][gc,heap     ] GC(107)      Used:      716M (72%)         814M (81%)         364M (36%)         248M (25%)         824M (82%)         248M (25%)    
[2026-04-03T02:21:39.509+0600][50.518s][info][gc,heap     ] GC(107)      Live:         -               102M (10%)         102M (10%)         102M (10%)            -                  -          
[2026-04-03T02:21:39.509+0600][50.518s][info][gc,heap     ] GC(107) Allocated:         -                98M (10%)         120M (12%)         119M (12%)            -                  -          
[2026-04-03T02:21:39.509+0600][50.518s][info][gc,heap     ] GC(107)   Garbage:         -               613M (61%)         141M (14%)          25M (3%)             -                  -          
[2026-04-03T02:21:39.509+0600][50.518s][info][gc,heap     ] GC(107) Reclaimed:         -                  -               472M (47%)         587M (59%)            -                  -          
[2026-04-03T02:21:39.509+0600][50.518s][info][gc          ] GC(107) Garbage Collection (Allocation Rate) 716M(72%)->248M(25%)
[2026-04-03T02:21:39.595+0600][50.603s][info][gc,start    ] GC(108) Garbage Collection (Allocation Rate)
[2026-04-03T02:21:39.595+0600][50.603s][info][gc,task     ] GC(108) Using 3 workers
[2026-04-03T02:21:39.596+0600][50.604s][info][gc,phases   ] GC(108) Pause Mark Start 0.010ms
[2026-04-03T02:21:39.670+0600][50.678s][info][gc,phases   ] GC(108) Concurrent Mark 73.683ms
[2026-04-03T02:21:39.670+0600][50.678s][info][gc,phases   ] GC(108) Pause Mark End 0.034ms
[2026-04-03T02:21:39.670+0600][50.678s][info][gc,phases   ] GC(108) Concurrent Mark Free 0.002ms
[2026-04-03T02:21:39.688+0600][50.696s][info][gc,phases   ] GC(108) Concurrent Process Non-Strong References 17.704ms
[2026-04-03T02:21:39.688+0600][50.696s][info][gc,phases   ] GC(108) Concurrent Reset Relocation Set 0.009ms
[2026-04-03T02:21:39.692+0600][50.700s][info][gc,phases   ] GC(108) Concurrent Select Relocation Set 3.457ms
[2026-04-03T02:21:39.692+0600][50.700s][info][gc,phases   ] GC(108) Pause Relocate Start 0.018ms
[2026-04-03T02:21:39.696+0600][50.704s][info][gc,phases   ] GC(108) Concurrent Relocate 4.231ms
[2026-04-03T02:21:39.696+0600][50.704s][info][gc,load     ] GC(108) Load: 7.91/6.57/5.98
[2026-04-03T02:21:39.696+0600][50.705s][info][gc,mmu      ] GC(108) MMU: 2ms/90.1%, 5ms/96.1%, 10ms/98.0%, 20ms/99.0%, 50ms/99.6%, 100ms/99.7%
[2026-04-03T02:21:39.696+0600][50.705s][info][gc,marking  ] GC(108) Mark: 2 stripe(s), 2 proactive flush(es), 1 terminate flush(es), 0 completion(s), 0 continuation(s) 
[2026-04-03T02:21:39.696+0600][50.705s][info][gc,marking  ] GC(108) Mark Stack Usage: 32M
[2026-04-03T02:21:39.696+0600][50.705s][info][gc,nmethod  ] GC(108) NMethods: 14755 registered, 1805 unregistered
[2026-04-03T02:21:39.696+0600][50.705s][info][gc,metaspace] GC(108) Metaspace: 127M used, 129M committed, 1152M reserved
[2026-04-03T02:21:39.696+0600][50.705s][info][gc,ref      ] GC(108) Soft: 3473 encountered, 0 discovered, 0 enqueued
[2026-04-03T02:21:39.696+0600][50.705s][info][gc,ref      ] GC(108) Weak: 14823 encountered, 3330 discovered, 282 enqueued
[2026-04-03T02:21:39.696+0600][50.705s][info][gc,ref      ] GC(108) Final: 84 encountered, 0 discovered, 0 enqueued
[2026-04-03T02:21:39.696+0600][50.705s][info][gc,ref      ] GC(108) Phantom: 620 encountered, 463 discovered, 0 enqueued
[2026-04-03T02:21:39.697+0600][50.705s][info][gc,reloc    ] GC(108) Small Pages: 103 / 206M, Empty: 8M, Relocated: 3M, In-Place: 0
[2026-04-03T02:21:39.697+0600][50.705s][info][gc,reloc    ] GC(108) Medium Pages: 3 / 48M, Empty: 32M, Relocated: 0M, In-Place: 0
[2026-04-03T02:21:39.697+0600][50.705s][info][gc,reloc    ] GC(108) Large Pages: 6 / 34M, Empty: 30M, Relocated: 0M, In-Place: 0
[2026-04-03T02:21:39.697+0600][50.705s][info][gc,reloc    ] GC(108) Forwarding Usage: 0M
[2026-04-03T02:21:39.697+0600][50.705s][info][gc,heap     ] GC(108) Min Capacity: 8M(1%)
[2026-04-03T02:21:39.697+0600][50.705s][info][gc,heap     ] GC(108) Max Capacity: 1000M(100%)
[2026-04-03T02:21:39.697+0600][50.705s][info][gc,heap     ] GC(108) Soft Max Capacity: 1000M(100%)
[2026-04-03T02:21:39.697+0600][50.705s][info][gc,heap     ] GC(108)                Mark Start          Mark End        Relocate Start      Relocate End           High               Low         
[2026-04-03T02:21:39.697+0600][50.705s][info][gc,heap     ] GC(108)  Capacity:     1000M (100%)       1000M (100%)       1000M (100%)       1000M (100%)       1000M (100%)       1000M (100%)   
[2026-04-03T02:21:39.697+0600][50.705s][info][gc,heap     ] GC(108)      Free:      712M (71%)         676M (68%)         724M (72%)         810M (81%)         812M (81%)         654M (65%)    
[2026-04-03T02:21:39.697+0600][50.705s][info][gc,heap     ] GC(108)      Used:      288M (29%)         324M (32%)         276M (28%)         190M (19%)         346M (35%)         188M (19%)    
[2026-04-03T02:21:39.697+0600][50.705s][info][gc,heap     ] GC(108)      Live:         -               103M (10%)         103M (10%)         103M (10%)            -                  -          
[2026-04-03T02:21:39.697+0600][50.705s][info][gc,heap     ] GC(108) Allocated:         -                36M (4%)           58M (6%)           61M (6%)             -                  -          
[2026-04-03T02:21:39.697+0600][50.705s][info][gc,heap     ] GC(108)   Garbage:         -               184M (18%)         114M (11%)          24M (2%)             -                  -          
[2026-04-03T02:21:39.697+0600][50.705s][info][gc,heap     ] GC(108) Reclaimed:         -                  -                70M (7%)          159M (16%)            -                  -          
[2026-04-03T02:21:39.697+0600][50.705s][info][gc          ] GC(108) Garbage Collection (Allocation Rate) 288M(29%)->190M(19%)
[2026-04-03T02:21:39.896+0600][50.904s][info][gc,start    ] GC(109) Garbage Collection (Allocation Rate)
[2026-04-03T02:21:39.896+0600][50.904s][info][gc,task     ] GC(109) Using 2 workers
[2026-04-03T02:21:39.896+0600][50.904s][info][gc,phases   ] GC(109) Pause Mark Start 0.010ms
[2026-04-03T02:21:40.050+0600][51.058s][info][gc,phases   ] GC(109) Concurrent Mark 153.830ms
[2026-04-03T02:21:40.051+0600][51.059s][info][gc,phases   ] GC(109) Pause Mark End 0.034ms
[2026-04-03T02:21:40.051+0600][51.059s][info][gc,phases   ] GC(109) Concurrent Mark Free 0.001ms
[2026-04-03T02:21:40.090+0600][51.098s][info][gc,phases   ] GC(109) Concurrent Process Non-Strong References 39.009ms
[2026-04-03T02:21:40.090+0600][51.098s][info][gc,phases   ] GC(109) Concurrent Reset Relocation Set 0.008ms
[2026-04-03T02:21:40.093+0600][51.101s][info][gc,phases   ] GC(109) Concurrent Select Relocation Set 3.418ms
[2026-04-03T02:21:40.094+0600][51.102s][info][gc,phases   ] GC(109) Pause Relocate Start 0.017ms
[2026-04-03T02:21:40.099+0600][51.107s][info][gc,phases   ] GC(109) Concurrent Relocate 4.883ms
[2026-04-03T02:21:40.099+0600][51.107s][info][gc,load     ] GC(109) Load: 7.44/6.49/5.95
[2026-04-03T02:21:40.099+0600][51.107s][info][gc,mmu      ] GC(109) MMU: 2ms/90.1%, 5ms/96.1%, 10ms/98.0%, 20ms/99.0%, 50ms/99.6%, 100ms/99.7%
[2026-04-03T02:21:40.099+0600][51.107s][info][gc,marking  ] GC(109) Mark: 2 stripe(s), 2 proactive flush(es), 1 terminate flush(es), 0 completion(s), 0 continuation(s) 
[2026-04-03T02:21:40.099+0600][51.107s][info][gc,marking  ] GC(109) Mark Stack Usage: 32M
[2026-04-03T02:21:40.099+0600][51.107s][info][gc,nmethod  ] GC(109) NMethods: 14779 registered, 1807 unregistered
[2026-04-03T02:21:40.099+0600][51.107s][info][gc,metaspace] GC(109) Metaspace: 127M used, 129M committed, 1152M reserved
[2026-04-03T02:21:40.099+0600][51.107s][info][gc,ref      ] GC(109) Soft: 3473 encountered, 0 discovered, 0 enqueued
[2026-04-03T02:21:40.099+0600][51.107s][info][gc,ref      ] GC(109) Weak: 14542 encountered, 6982 discovered, 6 enqueued
[2026-04-03T02:21:40.099+0600][51.107s][info][gc,ref      ] GC(109) Final: 84 encountered, 45 discovered, 0 enqueued
[2026-04-03T02:21:40.099+0600][51.107s][info][gc,ref      ] GC(109) Phantom: 620 encountered, 592 discovered, 0 enqueued
[2026-04-03T02:21:40.099+0600][51.107s][info][gc,reloc    ] GC(109) Small Pages: 140 / 280M, Empty: 16M, Relocated: 3M, In-Place: 0
[2026-04-03T02:21:40.099+0600][51.107s][info][gc,reloc    ] GC(109) Medium Pages: 1 / 16M, Empty: 0M, Relocated: 0M, In-Place: 0
[2026-04-03T02:21:40.099+0600][51.107s][info][gc,reloc    ] GC(109) Large Pages: 1 / 4M, Empty: 0M, Relocated: 0M, In-Place: 0
[2026-04-03T02:21:40.099+0600][51.107s][info][gc,reloc    ] GC(109) Forwarding Usage: 0M
[2026-04-03T02:21:40.099+0600][51.107s][info][gc,heap     ] GC(109) Min Capacity: 8M(1%)
[2026-04-03T02:21:40.099+0600][51.107s][info][gc,heap     ] GC(109) Max Capacity: 1000M(100%)
[2026-04-03T02:21:40.099+0600][51.107s][info][gc,heap     ] GC(109) Soft Max Capacity: 1000M(100%)
[2026-04-03T02:21:40.099+0600][51.107s][info][gc,heap     ] GC(109)                Mark Start          Mark End        Relocate Start      Relocate End           High               Low         
[2026-04-03T02:21:40.099+0600][51.107s][info][gc,heap     ] GC(109)  Capacity:     1000M (100%)       1000M (100%)       1000M (100%)       1000M (100%)       1000M (100%)       1000M (100%)   
[2026-04-03T02:21:40.099+0600][51.107s][info][gc,heap     ] GC(109)      Free:      700M (70%)         524M (52%)         490M (49%)         646M (65%)         700M (70%)         474M (47%)    
[2026-04-03T02:21:40.099+0600][51.107s][info][gc,heap     ] GC(109)      Used:      300M (30%)         476M (48%)         510M (51%)         354M (35%)         526M (53%)         300M (30%)    
[2026-04-03T02:21:40.099+0600][51.107s][info][gc,heap     ] GC(109)      Live:         -               103M (10%)         103M (10%)         103M (10%)            -                  -          
[2026-04-03T02:21:40.099+0600][51.107s][info][gc,heap     ] GC(109) Allocated:         -               176M (18%)         226M (23%)         225M (23%)            -                  -          
[2026-04-03T02:21:40.099+0600][51.107s][info][gc,heap     ] GC(109)   Garbage:         -               196M (20%)         180M (18%)          24M (2%)             -                  -          
[2026-04-03T02:21:40.099+0600][51.107s][info][gc,heap     ] GC(109) Reclaimed:         -                  -                16M (2%)          171M (17%)            -                  -          
[2026-04-03T02:21:40.099+0600][51.107s][info][gc          ] GC(109) Garbage Collection (Allocation Rate) 300M(30%)->354M(35%)
[2026-04-03T02:21:40.196+0600][51.204s][info][gc,start    ] GC(110) Garbage Collection (Allocation Rate)
[2026-04-03T02:21:40.196+0600][51.204s][info][gc,task     ] GC(110) Using 3 workers
[2026-04-03T02:21:40.196+0600][51.205s][info][gc,phases   ] GC(110) Pause Mark Start 0.013ms
[2026-04-03T02:21:40.306+0600][51.314s][info][gc,phases   ] GC(110) Concurrent Mark 109.512ms
[2026-04-03T02:21:40.306+0600][51.315s][info][gc,phases   ] GC(110) Pause Mark End 0.033ms
[2026-04-03T02:21:40.307+0600][51.315s][info][gc,phases   ] GC(110) Concurrent Mark Free 0.001ms
[2026-04-03T02:21:40.331+0600][51.339s][info][gc,phases   ] GC(110) Concurrent Process Non-Strong References 24.120ms
[2026-04-03T02:21:40.331+0600][51.339s][info][gc,phases   ] GC(110) Concurrent Reset Relocation Set 0.016ms
[2026-04-03T02:21:40.337+0600][51.345s][info][gc,phases   ] GC(110) Concurrent Select Relocation Set 5.712ms
[2026-04-03T02:21:40.338+0600][51.346s][info][gc,phases   ] GC(110) Pause Relocate Start 0.021ms
[2026-04-03T02:21:40.347+0600][51.355s][info][gc,phases   ] GC(110) Concurrent Relocate 8.934ms
[2026-04-03T02:21:40.347+0600][51.355s][info][gc,load     ] GC(110) Load: 7.44/6.49/5.95
[2026-04-03T02:21:40.347+0600][51.355s][info][gc,mmu      ] GC(110) MMU: 2ms/90.1%, 5ms/96.1%, 10ms/98.0%, 20ms/99.0%, 50ms/99.6%, 100ms/99.7%
[2026-04-03T02:21:40.347+0600][51.355s][info][gc,marking  ] GC(110) Mark: 2 stripe(s), 2 proactive flush(es), 1 terminate flush(es), 0 completion(s), 0 continuation(s) 
[2026-04-03T02:21:40.347+0600][51.355s][info][gc,marking  ] GC(110) Mark Stack Usage: 32M
[2026-04-03T02:21:40.347+0600][51.355s][info][gc,nmethod  ] GC(110) NMethods: 14780 registered, 1823 unregistered
[2026-04-03T02:21:40.347+0600][51.355s][info][gc,metaspace] GC(110) Metaspace: 127M used, 129M committed, 1152M reserved
[2026-04-03T02:21:40.347+0600][51.355s][info][gc,ref      ] GC(110) Soft: 3475 encountered, 0 discovered, 0 enqueued
[2026-04-03T02:21:40.347+0600][51.355s][info][gc,ref      ] GC(110) Weak: 15099 encountered, 5204 discovered, 21 enqueued
[2026-04-03T02:21:40.347+0600][51.355s][info][gc,ref      ] GC(110) Final: 84 encountered, 0 discovered, 0 enqueued
[2026-04-03T02:21:40.347+0600][51.355s][info][gc,ref      ] GC(110) Phantom: 620 encountered, 473 discovered, 0 enqueued
[2026-04-03T02:21:40.347+0600][51.355s][info][gc,reloc    ] GC(110) Small Pages: 173 / 346M, Empty: 80M, Relocated: 2M, In-Place: 0
[2026-04-03T02:21:40.347+0600][51.355s][info][gc,reloc    ] GC(110) Medium Pages: 5 / 80M, Empty: 48M, Relocated: 6M, In-Place: 0
[2026-04-03T02:21:40.347+0600][51.355s][info][gc,reloc    ] GC(110) Large Pages: 8 / 46M, Empty: 42M, Relocated: 0M, In-Place: 0
[2026-04-03T02:21:40.347+0600][51.355s][info][gc,reloc    ] GC(110) Forwarding Usage: 1M
[2026-04-03T02:21:40.347+0600][51.355s][info][gc,heap     ] GC(110) Min Capacity: 8M(1%)
[2026-04-03T02:21:40.347+0600][51.355s][info][gc,heap     ] GC(110) Max Capacity: 1000M(100%)
[2026-04-03T02:21:40.347+0600][51.355s][info][gc,heap     ] GC(110) Soft Max Capacity: 1000M(100%)
[2026-04-03T02:21:40.347+0600][51.355s][info][gc,heap     ] GC(110)                Mark Start          Mark End        Relocate Start      Relocate End           High               Low         
[2026-04-03T02:21:40.347+0600][51.355s][info][gc,heap     ] GC(110)  Capacity:     1000M (100%)       1000M (100%)       1000M (100%)       1000M (100%)       1000M (100%)       1000M (100%)   
[2026-04-03T02:21:40.347+0600][51.355s][info][gc,heap     ] GC(110)      Free:      528M (53%)         396M (40%)         536M (54%)         694M (69%)         702M (70%)         366M (37%)    
[2026-04-03T02:21:40.347+0600][51.355s][info][gc,heap     ] GC(110)      Used:      472M (47%)         604M (60%)         464M (46%)         306M (31%)         634M (63%)         298M (30%)    
[2026-04-03T02:21:40.347+0600][51.356s][info][gc,heap     ] GC(110)      Live:         -               105M (11%)         105M (11%)         105M (11%)            -                  -          
[2026-04-03T02:21:40.347+0600][51.356s][info][gc,heap     ] GC(110) Allocated:         -               132M (13%)         162M (16%)         177M (18%)            -                  -          
[2026-04-03T02:21:40.347+0600][51.356s][info][gc,heap     ] GC(110)   Garbage:         -               366M (37%)         196M (20%)          22M (2%)             -                  -          
[2026-04-03T02:21:40.348+0600][51.356s][info][gc,heap     ] GC(110) Reclaimed:         -                  -               170M (17%)         343M (34%)            -                  -          
[2026-04-03T02:21:40.348+0600][51.356s][info][gc          ] GC(110) Garbage Collection (Allocation Rate) 472M(47%)->306M(31%)
[2026-04-03T02:21:40.396+0600][51.404s][info][gc,start    ] GC(111) Garbage Collection (Allocation Rate)
[2026-04-03T02:21:40.396+0600][51.404s][info][gc,task     ] GC(111) Using 3 workers
[2026-04-03T02:21:40.396+0600][51.404s][info][gc,phases   ] GC(111) Pause Mark Start 0.010ms
[2026-04-03T02:21:40.506+0600][51.514s][info][gc,phases   ] GC(111) Concurrent Mark 109.433ms
[2026-04-03T02:21:40.506+0600][51.514s][info][gc,phases   ] GC(111) Pause Mark End 0.037ms
[2026-04-03T02:21:40.506+0600][51.514s][info][gc,phases   ] GC(111) Concurrent Mark Free 0.004ms
[2026-04-03T02:21:40.535+0600][51.543s][info][gc,phases   ] GC(111) Concurrent Process Non-Strong References 28.820ms
[2026-04-03T02:21:40.535+0600][51.543s][info][gc,phases   ] GC(111) Concurrent Reset Relocation Set 0.014ms
[2026-04-03T02:21:40.540+0600][51.548s][info][gc,phases   ] GC(111) Concurrent Select Relocation Set 4.907ms
[2026-04-03T02:21:40.541+0600][51.549s][info][gc,phases   ] GC(111) Pause Relocate Start 0.020ms
[2026-04-03T02:21:40.543+0600][51.551s][info][gc,phases   ] GC(111) Concurrent Relocate 2.463ms
[2026-04-03T02:21:40.543+0600][51.551s][info][gc,load     ] GC(111) Load: 7.44/6.49/5.95
[2026-04-03T02:21:40.543+0600][51.551s][info][gc,mmu      ] GC(111) MMU: 2ms/90.1%, 5ms/96.1%, 10ms/98.0%, 20ms/99.0%, 50ms/99.6%, 100ms/99.7%
[2026-04-03T02:21:40.543+0600][51.551s][info][gc,marking  ] GC(111) Mark: 2 stripe(s), 2 proactive flush(es), 1 terminate flush(es), 0 completion(s), 0 continuation(s) 
[2026-04-03T02:21:40.543+0600][51.551s][info][gc,marking  ] GC(111) Mark Stack Usage: 32M
[2026-04-03T02:21:40.543+0600][51.551s][info][gc,nmethod  ] GC(111) NMethods: 14781 registered, 1832 unregistered
[2026-04-03T02:21:40.543+0600][51.551s][info][gc,metaspace] GC(111) Metaspace: 127M used, 129M committed, 1152M reserved
[2026-04-03T02:21:40.543+0600][51.551s][info][gc,ref      ] GC(111) Soft: 3473 encountered, 0 discovered, 0 enqueued
[2026-04-03T02:21:40.543+0600][51.551s][info][gc,ref      ] GC(111) Weak: 15438 encountered, 3393 discovered, 11 enqueued
[2026-04-03T02:21:40.543+0600][51.551s][info][gc,ref      ] GC(111) Final: 84 encountered, 0 discovered, 0 enqueued
[2026-04-03T02:21:40.543+0600][51.551s][info][gc,ref      ] GC(111) Phantom: 620 encountered, 513 discovered, 0 enqueued
[2026-04-03T02:21:40.543+0600][51.551s][info][gc,reloc    ] GC(111) Small Pages: 134 / 268M, Empty: 38M, Relocated: 1M, In-Place: 0
[2026-04-03T02:21:40.543+0600][51.551s][info][gc,reloc    ] GC(111) Medium Pages: 4 / 64M, Empty: 48M, Relocated: 0M, In-Place: 0
[2026-04-03T02:21:40.543+0600][51.552s][info][gc,reloc    ] GC(111) Large Pages: 5 / 28M, Empty: 24M, Relocated: 0M, In-Place: 0
[2026-04-03T02:21:40.543+0600][51.552s][info][gc,reloc    ] GC(111) Forwarding Usage: 0M
[2026-04-03T02:21:40.543+0600][51.552s][info][gc,heap     ] GC(111) Min Capacity: 8M(1%)
[2026-04-03T02:21:40.543+0600][51.552s][info][gc,heap     ] GC(111) Max Capacity: 1000M(100%)
[2026-04-03T02:21:40.543+0600][51.552s][info][gc,heap     ] GC(111) Soft Max Capacity: 1000M(100%)
[2026-04-03T02:21:40.543+0600][51.552s][info][gc,heap     ] GC(111)                Mark Start          Mark End        Relocate Start      Relocate End           High               Low         
[2026-04-03T02:21:40.544+0600][51.552s][info][gc,heap     ] GC(111)  Capacity:     1000M (100%)       1000M (100%)       1000M (100%)       1000M (100%)       1000M (100%)       1000M (100%)   
[2026-04-03T02:21:40.544+0600][51.552s][info][gc,heap     ] GC(111)      Free:      640M (64%)         494M (49%)         568M (57%)         680M (68%)         680M (68%)         458M (46%)    
[2026-04-03T02:21:40.544+0600][51.552s][info][gc,heap     ] GC(111)      Used:      360M (36%)         506M (51%)         432M (43%)         320M (32%)         542M (54%)         320M (32%)    
[2026-04-03T02:21:40.544+0600][51.552s][info][gc,heap     ] GC(111)      Live:         -               103M (10%)         103M (10%)         103M (10%)            -                  -          
[2026-04-03T02:21:40.544+0600][51.552s][info][gc,heap     ] GC(111) Allocated:         -               146M (15%)         182M (18%)         187M (19%)            -                  -          
[2026-04-03T02:21:40.544+0600][51.552s][info][gc,heap     ] GC(111)   Garbage:         -               256M (26%)         146M (15%)          28M (3%)             -                  -          
[2026-04-03T02:21:40.544+0600][51.552s][info][gc,heap     ] GC(111) Reclaimed:         -                  -               110M (11%)         227M (23%)            -                  -          
[2026-04-03T02:21:40.544+0600][51.552s][info][gc          ] GC(111) Garbage Collection (Allocation Rate) 360M(36%)->320M(32%)
[2026-04-03T02:21:40.596+0600][51.604s][info][gc,start    ] GC(112) Garbage Collection (Allocation Rate)
[2026-04-03T02:21:40.596+0600][51.604s][info][gc,task     ] GC(112) Using 3 workers
[2026-04-03T02:21:40.596+0600][51.605s][info][gc,phases   ] GC(112) Pause Mark Start 0.012ms
[2026-04-03T02:21:40.709+0600][51.717s][info][gc,phases   ] GC(112) Concurrent Mark 112.280ms
[2026-04-03T02:21:40.709+0600][51.717s][info][gc,phases   ] GC(112) Pause Mark End 0.033ms
[2026-04-03T02:21:40.709+0600][51.717s][info][gc,phases   ] GC(112) Concurrent Mark Free 0.002ms
[2026-04-03T02:21:40.731+0600][51.739s][info][gc,phases   ] GC(112) Concurrent Process Non-Strong References 21.549ms
[2026-04-03T02:21:40.731+0600][51.739s][info][gc,phases   ] GC(112) Concurrent Reset Relocation Set 0.010ms
[2026-04-03T02:21:40.737+0600][51.745s][info][gc,phases   ] GC(112) Concurrent Select Relocation Set 6.214ms
[2026-04-03T02:21:40.738+0600][51.746s][info][gc,phases   ] GC(112) Pause Relocate Start 0.032ms
[2026-04-03T02:21:40.747+0600][51.755s][info][gc,phases   ] GC(112) Concurrent Relocate 8.776ms
[2026-04-03T02:21:40.747+0600][51.755s][info][gc,load     ] GC(112) Load: 7.44/6.49/5.95
[2026-04-03T02:21:40.747+0600][51.755s][info][gc,mmu      ] GC(112) MMU: 2ms/90.1%, 5ms/96.1%, 10ms/98.0%, 20ms/99.0%, 50ms/99.6%, 100ms/99.7%
[2026-04-03T02:21:40.747+0600][51.755s][info][gc,marking  ] GC(112) Mark: 2 stripe(s), 2 proactive flush(es), 1 terminate flush(es), 0 completion(s), 0 continuation(s) 
[2026-04-03T02:21:40.747+0600][51.755s][info][gc,marking  ] GC(112) Mark Stack Usage: 32M
[2026-04-03T02:21:40.747+0600][51.755s][info][gc,nmethod  ] GC(112) NMethods: 14779 registered, 1842 unregistered
[2026-04-03T02:21:40.747+0600][51.755s][info][gc,metaspace] GC(112) Metaspace: 127M used, 129M committed, 1152M reserved
[2026-04-03T02:21:40.747+0600][51.755s][info][gc,ref      ] GC(112) Soft: 3481 encountered, 0 discovered, 0 enqueued
[2026-04-03T02:21:40.747+0600][51.755s][info][gc,ref      ] GC(112) Weak: 15718 encountered, 3296 discovered, 10 enqueued
[2026-04-03T02:21:40.747+0600][51.755s][info][gc,ref      ] GC(112) Final: 84 encountered, 0 discovered, 0 enqueued
[2026-04-03T02:21:40.747+0600][51.755s][info][gc,ref      ] GC(112) Phantom: 620 encountered, 468 discovered, 0 enqueued
[2026-04-03T02:21:40.747+0600][51.755s][info][gc,reloc    ] GC(112) Small Pages: 146 / 292M, Empty: 54M, Relocated: 6M, In-Place: 0
[2026-04-03T02:21:40.747+0600][51.755s][info][gc,reloc    ] GC(112) Medium Pages: 4 / 64M, Empty: 48M, Relocated: 0M, In-Place: 0
[2026-04-03T02:21:40.747+0600][51.755s][info][gc,reloc    ] GC(112) Large Pages: 6 / 34M, Empty: 30M, Relocated: 0M, In-Place: 0
[2026-04-03T02:21:40.747+0600][51.755s][info][gc,reloc    ] GC(112) Forwarding Usage: 2M
[2026-04-03T02:21:40.747+0600][51.755s][info][gc,heap     ] GC(112) Min Capacity: 8M(1%)
[2026-04-03T02:21:40.747+0600][51.755s][info][gc,heap     ] GC(112) Max Capacity: 1000M(100%)
[2026-04-03T02:21:40.747+0600][51.755s][info][gc,heap     ] GC(112) Soft Max Capacity: 1000M(100%)
[2026-04-03T02:21:40.747+0600][51.755s][info][gc,heap     ] GC(112)                Mark Start          Mark End        Relocate Start      Relocate End           High               Low         
[2026-04-03T02:21:40.747+0600][51.755s][info][gc,heap     ] GC(112)  Capacity:     1000M (100%)       1000M (100%)       1000M (100%)       1000M (100%)       1000M (100%)       1000M (100%)   
[2026-04-03T02:21:40.747+0600][51.755s][info][gc,heap     ] GC(112)      Free:      610M (61%)         454M (45%)         552M (55%)         676M (68%)         676M (68%)         424M (42%)    
[2026-04-03T02:21:40.747+0600][51.755s][info][gc,heap     ] GC(112)      Used:      390M (39%)         546M (55%)         448M (45%)         324M (32%)         576M (58%)         324M (32%)    
[2026-04-03T02:21:40.747+0600][51.755s][info][gc,heap     ] GC(112)      Live:         -               106M (11%)         106M (11%)         106M (11%)            -                  -          
[2026-04-03T02:21:40.747+0600][51.755s][info][gc,heap     ] GC(112) Allocated:         -               156M (16%)         190M (19%)         191M (19%)            -                  -          
[2026-04-03T02:21:40.747+0600][51.755s][info][gc,heap     ] GC(112)   Garbage:         -               283M (28%)         151M (15%)          25M (3%)             -                  -          
[2026-04-03T02:21:40.747+0600][51.755s][info][gc,heap     ] GC(112) Reclaimed:         -                  -               132M (13%)         257M (26%)            -                  -          
[2026-04-03T02:21:40.747+0600][51.755s][info][gc          ] GC(112) Garbage Collection (Allocation Rate) 390M(39%)->324M(32%)
[2026-04-03T02:21:40.796+0600][51.804s][info][gc,start    ] GC(113) Garbage Collection (Allocation Rate)
[2026-04-03T02:21:40.796+0600][51.804s][info][gc,task     ] GC(113) Using 3 workers
[2026-04-03T02:21:40.796+0600][51.804s][info][gc,phases   ] GC(113) Pause Mark Start 0.017ms
[2026-04-03T02:21:40.902+0600][51.910s][info][gc,phases   ] GC(113) Concurrent Mark 105.528ms
[2026-04-03T02:21:40.902+0600][51.910s][info][gc,phases   ] GC(113) Pause Mark End 0.041ms
[2026-04-03T02:21:40.902+0600][51.910s][info][gc,phases   ] GC(113) Concurrent Mark Free 0.003ms
[2026-04-03T02:21:40.919+0600][51.927s][info][gc,phases   ] GC(113) Concurrent Process Non-Strong References 16.676ms
[2026-04-03T02:21:40.919+0600][51.927s][info][gc,phases   ] GC(113) Concurrent Reset Relocation Set 0.009ms
[2026-04-03T02:21:40.923+0600][51.931s][info][gc,phases   ] GC(113) Concurrent Select Relocation Set 3.323ms
[2026-04-03T02:21:40.923+0600][51.931s][info][gc,phases   ] GC(113) Pause Relocate Start 0.015ms
[2026-04-03T02:21:40.926+0600][51.934s][info][gc,phases   ] GC(113) Concurrent Relocate 2.723ms
[2026-04-03T02:21:40.926+0600][51.934s][info][gc,load     ] GC(113) Load: 7.44/6.49/5.95
[2026-04-03T02:21:40.926+0600][51.934s][info][gc,mmu      ] GC(113) MMU: 2ms/90.1%, 5ms/96.1%, 10ms/98.0%, 20ms/99.0%, 50ms/99.6%, 100ms/99.7%
[2026-04-03T02:21:40.926+0600][51.934s][info][gc,marking  ] GC(113) Mark: 2 stripe(s), 2 proactive flush(es), 1 terminate flush(es), 0 completion(s), 0 continuation(s) 
[2026-04-03T02:21:40.926+0600][51.934s][info][gc,marking  ] GC(113) Mark Stack Usage: 32M
[2026-04-03T02:21:40.926+0600][51.934s][info][gc,nmethod  ] GC(113) NMethods: 14796 registered, 1847 unregistered
[2026-04-03T02:21:40.926+0600][51.934s][info][gc,metaspace] GC(113) Metaspace: 127M used, 129M committed, 1152M reserved
[2026-04-03T02:21:40.926+0600][51.934s][info][gc,ref      ] GC(113) Soft: 3473 encountered, 0 discovered, 0 enqueued
[2026-04-03T02:21:40.926+0600][51.934s][info][gc,ref      ] GC(113) Weak: 16058 encountered, 3874 discovered, 11 enqueued
[2026-04-03T02:21:40.926+0600][51.934s][info][gc,ref      ] GC(113) Final: 84 encountered, 0 discovered, 0 enqueued
[2026-04-03T02:21:40.926+0600][51.934s][info][gc,ref      ] GC(113) Phantom: 620 encountered, 508 discovered, 0 enqueued
[2026-04-03T02:21:40.926+0600][51.934s][info][gc,reloc    ] GC(113) Small Pages: 151 / 302M, Empty: 52M, Relocated: 3M, In-Place: 0
[2026-04-03T02:21:40.926+0600][51.934s][info][gc,reloc    ] GC(113) Medium Pages: 4 / 64M, Empty: 48M, Relocated: 0M, In-Place: 0
[2026-04-03T02:21:40.926+0600][51.934s][info][gc,reloc    ] GC(113) Large Pages: 6 / 34M, Empty: 30M, Relocated: 0M, In-Place: 0
[2026-04-03T02:21:40.926+0600][51.934s][info][gc,reloc    ] GC(113) Forwarding Usage: 1M
[2026-04-03T02:21:40.926+0600][51.934s][info][gc,heap     ] GC(113) Min Capacity: 8M(1%)
[2026-04-03T02:21:40.926+0600][51.934s][info][gc,heap     ] GC(113) Max Capacity: 1000M(100%)
[2026-04-03T02:21:40.926+0600][51.934s][info][gc,heap     ] GC(113) Soft Max Capacity: 1000M(100%)
[2026-04-03T02:21:40.926+0600][51.934s][info][gc,heap     ] GC(113)                Mark Start          Mark End        Relocate Start      Relocate End           High               Low         
[2026-04-03T02:21:40.926+0600][51.934s][info][gc,heap     ] GC(113)  Capacity:     1000M (100%)       1000M (100%)       1000M (100%)       1000M (100%)       1000M (100%)       1000M (100%)   
[2026-04-03T02:21:40.926+0600][51.934s][info][gc,heap     ] GC(113)      Free:      600M (60%)         490M (49%)         610M (61%)         748M (75%)         748M (75%)         480M (48%)    
[2026-04-03T02:21:40.926+0600][51.934s][info][gc,heap     ] GC(113)      Used:      400M (40%)         510M (51%)         390M (39%)         252M (25%)         520M (52%)         252M (25%)    
[2026-04-03T02:21:40.926+0600][51.934s][info][gc,heap     ] GC(113)      Live:         -               104M (10%)         104M (10%)         104M (10%)            -                  -          
[2026-04-03T02:21:40.926+0600][51.934s][info][gc,heap     ] GC(113) Allocated:         -               110M (11%)         120M (12%)         121M (12%)            -                  -          
[2026-04-03T02:21:40.926+0600][51.934s][info][gc,heap     ] GC(113)   Garbage:         -               295M (30%)         165M (17%)          25M (3%)             -                  -          
[2026-04-03T02:21:40.926+0600][51.934s][info][gc,heap     ] GC(113) Reclaimed:         -                  -               130M (13%)         269M (27%)            -                  -          
[2026-04-03T02:21:40.926+0600][51.934s][info][gc          ] GC(113) Garbage Collection (Allocation Rate) 400M(40%)->252M(25%)
[2026-04-03T02:21:41.196+0600][52.204s][info][gc,start    ] GC(114) Garbage Collection (Allocation Rate)
[2026-04-03T02:21:41.196+0600][52.204s][info][gc,task     ] GC(114) Using 2 workers
[2026-04-03T02:21:41.196+0600][52.204s][info][gc,phases   ] GC(114) Pause Mark Start 0.008ms
[2026-04-03T02:21:41.339+0600][52.347s][info][gc,phases   ] GC(114) Concurrent Mark 143.431ms
[2026-04-03T02:21:41.340+0600][52.348s][info][gc,phases   ] GC(114) Pause Mark End 0.061ms
[2026-04-03T02:21:41.340+0600][52.348s][info][gc,phases   ] GC(114) Concurrent Mark Free 0.003ms
[2026-04-03T02:21:41.371+0600][52.379s][info][gc,phases   ] GC(114) Concurrent Process Non-Strong References 30.571ms
[2026-04-03T02:21:41.371+0600][52.379s][info][gc,phases   ] GC(114) Concurrent Reset Relocation Set 0.012ms
[2026-04-03T02:21:41.376+0600][52.384s][info][gc,phases   ] GC(114) Concurrent Select Relocation Set 5.507ms
[2026-04-03T02:21:41.377+0600][52.385s][info][gc,phases   ] GC(114) Pause Relocate Start 0.019ms
[2026-04-03T02:21:41.384+0600][52.392s][info][gc,phases   ] GC(114) Concurrent Relocate 6.621ms
[2026-04-03T02:21:41.384+0600][52.392s][info][gc,load     ] GC(114) Load: 7.44/6.49/5.95
[2026-04-03T02:21:41.384+0600][52.392s][info][gc,mmu      ] GC(114) MMU: 2ms/90.1%, 5ms/96.1%, 10ms/98.0%, 20ms/99.0%, 50ms/99.6%, 100ms/99.7%
[2026-04-03T02:21:41.384+0600][52.392s][info][gc,marking  ] GC(114) Mark: 2 stripe(s), 2 proactive flush(es), 1 terminate flush(es), 0 completion(s), 0 continuation(s) 
[2026-04-03T02:21:41.384+0600][52.392s][info][gc,marking  ] GC(114) Mark Stack Usage: 32M
[2026-04-03T02:21:41.384+0600][52.392s][info][gc,nmethod  ] GC(114) NMethods: 14811 registered, 1855 unregistered
[2026-04-03T02:21:41.384+0600][52.392s][info][gc,metaspace] GC(114) Metaspace: 127M used, 129M committed, 1152M reserved
[2026-04-03T02:21:41.384+0600][52.392s][info][gc,ref      ] GC(114) Soft: 3473 encountered, 0 discovered, 0 enqueued
[2026-04-03T02:21:41.384+0600][52.392s][info][gc,ref      ] GC(114) Weak: 16159 encountered, 8639 discovered, 1590 enqueued
[2026-04-03T02:21:41.384+0600][52.392s][info][gc,ref      ] GC(114) Final: 84 encountered, 48 discovered, 0 enqueued
[2026-04-03T02:21:41.384+0600][52.392s][info][gc,ref      ] GC(114) Phantom: 620 encountered, 569 discovered, 0 enqueued
[2026-04-03T02:21:41.384+0600][52.392s][info][gc,reloc    ] GC(114) Small Pages: 191 / 382M, Empty: 18M, Relocated: 3M, In-Place: 0
[2026-04-03T02:21:41.384+0600][52.392s][info][gc,reloc    ] GC(114) Medium Pages: 3 / 48M, Empty: 32M, Relocated: 0M, In-Place: 0
[2026-04-03T02:21:41.384+0600][52.392s][info][gc,reloc    ] GC(114) Large Pages: 4 / 22M, Empty: 18M, Relocated: 0M, In-Place: 0
[2026-04-03T02:21:41.384+0600][52.392s][info][gc,reloc    ] GC(114) Forwarding Usage: 1M
[2026-04-03T02:21:41.384+0600][52.392s][info][gc,heap     ] GC(114) Min Capacity: 8M(1%)
[2026-04-03T02:21:41.384+0600][52.392s][info][gc,heap     ] GC(114) Max Capacity: 1000M(100%)
[2026-04-03T02:21:41.384+0600][52.392s][info][gc,heap     ] GC(114) Soft Max Capacity: 1000M(100%)
[2026-04-03T02:21:41.384+0600][52.392s][info][gc,heap     ] GC(114)                Mark Start          Mark End        Relocate Start      Relocate End           High               Low         
[2026-04-03T02:21:41.384+0600][52.392s][info][gc,heap     ] GC(114)  Capacity:     1000M (100%)       1000M (100%)       1000M (100%)       1000M (100%)       1000M (100%)       1000M (100%)   
[2026-04-03T02:21:41.384+0600][52.392s][info][gc,heap     ] GC(114)      Free:      548M (55%)         360M (36%)         374M (37%)         628M (63%)         628M (63%)         308M (31%)    
[2026-04-03T02:21:41.384+0600][52.392s][info][gc,heap     ] GC(114)      Used:      452M (45%)         640M (64%)         626M (63%)         372M (37%)         692M (69%)         372M (37%)    
[2026-04-03T02:21:41.384+0600][52.392s][info][gc,heap     ] GC(114)      Live:         -               103M (10%)         103M (10%)         103M (10%)            -                  -          
[2026-04-03T02:21:41.384+0600][52.392s][info][gc,heap     ] GC(114) Allocated:         -               188M (19%)         242M (24%)         243M (24%)            -                  -          
[2026-04-03T02:21:41.384+0600][52.392s][info][gc,heap     ] GC(114)   Garbage:         -               348M (35%)         280M (28%)          24M (2%)             -                  -          
[2026-04-03T02:21:41.384+0600][52.392s][info][gc,heap     ] GC(114) Reclaimed:         -                  -                68M (7%)          323M (32%)            -                  -          
[2026-04-03T02:21:41.384+0600][52.392s][info][gc          ] GC(114) Garbage Collection (Allocation Rate) 452M(45%)->372M(37%)
[2026-04-03T02:21:41.596+0600][52.604s][info][gc,start    ] GC(115) Garbage Collection (Allocation Rate)
[2026-04-03T02:21:41.596+0600][52.604s][info][gc,task     ] GC(115) Using 2 workers
[2026-04-03T02:21:41.596+0600][52.604s][info][gc,phases   ] GC(115) Pause Mark Start 0.016ms
[2026-04-03T02:21:41.761+0600][52.769s][info][gc,phases   ] GC(115) Concurrent Mark 164.290ms
[2026-04-03T02:21:41.761+0600][52.769s][info][gc,phases   ] GC(115) Pause Mark End 0.042ms
[2026-04-03T02:21:41.761+0600][52.769s][info][gc,phases   ] GC(115) Concurrent Mark Free 0.002ms
[2026-04-03T02:21:41.801+0600][52.809s][info][gc,phases   ] GC(115) Concurrent Process Non-Strong References 39.650ms
[2026-04-03T02:21:41.801+0600][52.809s][info][gc,phases   ] GC(115) Concurrent Reset Relocation Set 0.015ms
[2026-04-03T02:21:41.805+0600][52.813s][info][gc,phases   ] GC(115) Concurrent Select Relocation Set 4.055ms
[2026-04-03T02:21:41.805+0600][52.813s][info][gc,phases   ] GC(115) Pause Relocate Start 0.018ms
[2026-04-03T02:21:41.812+0600][52.820s][info][gc,phases   ] GC(115) Concurrent Relocate 6.783ms
[2026-04-03T02:21:41.812+0600][52.820s][info][gc,load     ] GC(115) Load: 7.44/6.49/5.95
[2026-04-03T02:21:41.812+0600][52.820s][info][gc,mmu      ] GC(115) MMU: 2ms/90.1%, 5ms/96.1%, 10ms/98.0%, 20ms/99.0%, 50ms/99.6%, 100ms/99.7%
[2026-04-03T02:21:41.812+0600][52.820s][info][gc,marking  ] GC(115) Mark: 2 stripe(s), 2 proactive flush(es), 1 terminate flush(es), 0 completion(s), 0 continuation(s) 
[2026-04-03T02:21:41.812+0600][52.820s][info][gc,marking  ] GC(115) Mark Stack Usage: 32M
[2026-04-03T02:21:41.812+0600][52.820s][info][gc,nmethod  ] GC(115) NMethods: 14811 registered, 1874 unregistered
[2026-04-03T02:21:41.812+0600][52.821s][info][gc,metaspace] GC(115) Metaspace: 127M used, 129M committed, 1152M reserved
[2026-04-03T02:21:41.812+0600][52.821s][info][gc,ref      ] GC(115) Soft: 3474 encountered, 0 discovered, 0 enqueued
[2026-04-03T02:21:41.812+0600][52.821s][info][gc,ref      ] GC(115) Weak: 15394 encountered, 7305 discovered, 27 enqueued
[2026-04-03T02:21:41.812+0600][52.821s][info][gc,ref      ] GC(115) Final: 84 encountered, 48 discovered, 0 enqueued
[2026-04-03T02:21:41.812+0600][52.821s][info][gc,ref      ] GC(115) Phantom: 620 encountered, 479 discovered, 0 enqueued
[2026-04-03T02:21:41.812+0600][52.821s][info][gc,reloc    ] GC(115) Small Pages: 245 / 490M, Empty: 176M, Relocated: 5M, In-Place: 0
[2026-04-03T02:21:41.812+0600][52.821s][info][gc,reloc    ] GC(115) Medium Pages: 7 / 112M, Empty: 80M, Relocated: 6M, In-Place: 0
[2026-04-03T02:21:41.812+0600][52.821s][info][gc,reloc    ] GC(115) Large Pages: 12 / 70M, Empty: 66M, Relocated: 0M, In-Place: 0
[2026-04-03T02:21:41.812+0600][52.821s][info][gc,reloc    ] GC(115) Forwarding Usage: 1M
[2026-04-03T02:21:41.812+0600][52.821s][info][gc,heap     ] GC(115) Min Capacity: 8M(1%)
[2026-04-03T02:21:41.813+0600][52.821s][info][gc,heap     ] GC(115) Max Capacity: 1000M(100%)
[2026-04-03T02:21:41.813+0600][52.821s][info][gc,heap     ] GC(115) Soft Max Capacity: 1000M(100%)
[2026-04-03T02:21:41.813+0600][52.821s][info][gc,heap     ] GC(115)                Mark Start          Mark End        Relocate Start      Relocate End           High               Low         
[2026-04-03T02:21:41.813+0600][52.821s][info][gc,heap     ] GC(115)  Capacity:     1000M (100%)       1000M (100%)       1000M (100%)       1000M (100%)       1000M (100%)       1000M (100%)   
[2026-04-03T02:21:41.813+0600][52.821s][info][gc,heap     ] GC(115)      Free:      328M (33%)         142M (14%)         414M (41%)         622M (62%)         630M (63%)          80M (8%)     
[2026-04-03T02:21:41.813+0600][52.821s][info][gc,heap     ] GC(115)      Used:      672M (67%)         858M (86%)         586M (59%)         378M (38%)         920M (92%)         370M (37%)    
[2026-04-03T02:21:41.813+0600][52.821s][info][gc,heap     ] GC(115)      Live:         -               105M (11%)         105M (11%)         105M (11%)            -                  -          
[2026-04-03T02:21:41.813+0600][52.821s][info][gc,heap     ] GC(115) Allocated:         -               186M (19%)         236M (24%)         249M (25%)            -                  -          
[2026-04-03T02:21:41.813+0600][52.821s][info][gc,heap     ] GC(115)   Garbage:         -               566M (57%)         244M (24%)          22M (2%)             -                  -          
[2026-04-03T02:21:41.813+0600][52.821s][info][gc,heap     ] GC(115) Reclaimed:         -                  -               322M (32%)         543M (54%)            -                  -          
[2026-04-03T02:21:41.813+0600][52.821s][info][gc          ] GC(115) Garbage Collection (Allocation Rate) 672M(67%)->378M(38%)
[2026-04-03T02:21:41.995+0600][53.003s][info][gc,start    ] GC(116) Garbage Collection (Allocation Rate)
[2026-04-03T02:21:41.995+0600][53.003s][info][gc,task     ] GC(116) Using 2 workers
[2026-04-03T02:21:41.996+0600][53.004s][info][gc,phases   ] GC(116) Pause Mark Start 0.012ms
[2026-04-03T02:21:42.126+0600][53.134s][info][gc,phases   ] GC(116) Concurrent Mark 130.151ms
[2026-04-03T02:21:42.126+0600][53.134s][info][gc,phases   ] GC(116) Pause Mark End 0.026ms
[2026-04-03T02:21:42.126+0600][53.134s][info][gc,phases   ] GC(116) Concurrent Mark Free 0.002ms
[2026-04-03T02:21:42.146+0600][53.154s][info][gc,phases   ] GC(116) Concurrent Process Non-Strong References 20.056ms
[2026-04-03T02:21:42.146+0600][53.155s][info][gc,phases   ] GC(116) Concurrent Reset Relocation Set 0.007ms
[2026-04-03T02:21:42.150+0600][53.158s][info][gc,phases   ] GC(116) Concurrent Select Relocation Set 3.762ms
[2026-04-03T02:21:42.150+0600][53.158s][info][gc,phases   ] GC(116) Pause Relocate Start 0.012ms
[2026-04-03T02:21:42.152+0600][53.160s][info][gc,phases   ] GC(116) Concurrent Relocate 1.103ms
[2026-04-03T02:21:42.152+0600][53.160s][info][gc,load     ] GC(116) Load: 7.44/6.49/5.95
[2026-04-03T02:21:42.152+0600][53.160s][info][gc,mmu      ] GC(116) MMU: 2ms/90.1%, 5ms/96.1%, 10ms/98.0%, 20ms/99.0%, 50ms/99.6%, 100ms/99.7%
[2026-04-03T02:21:42.152+0600][53.160s][info][gc,marking  ] GC(116) Mark: 2 stripe(s), 2 proactive flush(es), 1 terminate flush(es), 0 completion(s), 0 continuation(s) 
[2026-04-03T02:21:42.152+0600][53.160s][info][gc,marking  ] GC(116) Mark Stack Usage: 32M
[2026-04-03T02:21:42.152+0600][53.160s][info][gc,nmethod  ] GC(116) NMethods: 14819 registered, 1890 unregistered
[2026-04-03T02:21:42.152+0600][53.160s][info][gc,metaspace] GC(116) Metaspace: 127M used, 129M committed, 1152M reserved
[2026-04-03T02:21:42.152+0600][53.160s][info][gc,ref      ] GC(116) Soft: 3473 encountered, 0 discovered, 0 enqueued
[2026-04-03T02:21:42.152+0600][53.160s][info][gc,ref      ] GC(116) Weak: 16007 encountered, 6654 discovered, 1423 enqueued
[2026-04-03T02:21:42.152+0600][53.160s][info][gc,ref      ] GC(116) Final: 84 encountered, 0 discovered, 0 enqueued
[2026-04-03T02:21:42.152+0600][53.160s][info][gc,ref      ] GC(116) Phantom: 620 encountered, 593 discovered, 0 enqueued
[2026-04-03T02:21:42.152+0600][53.160s][info][gc,reloc    ] GC(116) Small Pages: 233 / 466M, Empty: 144M, Relocated: 1M, In-Place: 0
[2026-04-03T02:21:42.152+0600][53.160s][info][gc,reloc    ] GC(116) Medium Pages: 6 / 96M, Empty: 80M, Relocated: 0M, In-Place: 0
[2026-04-03T02:21:42.152+0600][53.160s][info][gc,reloc    ] GC(116) Large Pages: 10 / 58M, Empty: 54M, Relocated: 0M, In-Place: 0
[2026-04-03T02:21:42.152+0600][53.160s][info][gc,reloc    ] GC(116) Forwarding Usage: 0M
[2026-04-03T02:21:42.152+0600][53.160s][info][gc,heap     ] GC(116) Min Capacity: 8M(1%)
[2026-04-03T02:21:42.152+0600][53.160s][info][gc,heap     ] GC(116) Max Capacity: 1000M(100%)
[2026-04-03T02:21:42.152+0600][53.160s][info][gc,heap     ] GC(116) Soft Max Capacity: 1000M(100%)
[2026-04-03T02:21:42.152+0600][53.160s][info][gc,heap     ] GC(116)                Mark Start          Mark End        Relocate Start      Relocate End           High               Low         
[2026-04-03T02:21:42.152+0600][53.160s][info][gc,heap     ] GC(116)  Capacity:     1000M (100%)       1000M (100%)       1000M (100%)       1000M (100%)       1000M (100%)       1000M (100%)   
[2026-04-03T02:21:42.152+0600][53.160s][info][gc,heap     ] GC(116)      Free:      380M (38%)         232M (23%)         492M (49%)         698M (70%)         698M (70%)         220M (22%)    
[2026-04-03T02:21:42.152+0600][53.160s][info][gc,heap     ] GC(116)      Used:      620M (62%)         768M (77%)         508M (51%)         302M (30%)         780M (78%)         302M (30%)    
[2026-04-03T02:21:42.152+0600][53.160s][info][gc,heap     ] GC(116)      Live:         -               105M (11%)         105M (11%)         105M (11%)            -                  -          
[2026-04-03T02:21:42.152+0600][53.160s][info][gc,heap     ] GC(116) Allocated:         -               148M (15%)         166M (17%)         169M (17%)            -                  -          
[2026-04-03T02:21:42.152+0600][53.160s][info][gc,heap     ] GC(116)   Garbage:         -               514M (51%)         236M (24%)          27M (3%)             -                  -          
[2026-04-03T02:21:42.152+0600][53.160s][info][gc,heap     ] GC(116) Reclaimed:         -                  -               278M (28%)         487M (49%)            -                  -          
[2026-04-03T02:21:42.152+0600][53.160s][info][gc          ] GC(116) Garbage Collection (Allocation Rate) 620M(62%)->302M(30%)
[2026-04-03T02:21:42.296+0600][53.304s][info][gc,start    ] GC(117) Garbage Collection (Allocation Rate)
[2026-04-03T02:21:42.296+0600][53.304s][info][gc,task     ] GC(117) Using 2 workers
[2026-04-03T02:21:42.296+0600][53.304s][info][gc,phases   ] GC(117) Pause Mark Start 0.018ms
[2026-04-03T02:21:42.486+0600][53.494s][info][gc,phases   ] GC(117) Concurrent Mark 189.373ms
[2026-04-03T02:21:42.486+0600][53.494s][info][gc,phases   ] GC(117) Pause Mark End 0.044ms
[2026-04-03T02:21:42.486+0600][53.494s][info][gc,phases   ] GC(117) Concurrent Mark Free 0.002ms
[2026-04-03T02:21:42.524+0600][53.532s][info][gc,phases   ] GC(117) Concurrent Process Non-Strong References 38.151ms
[2026-04-03T02:21:42.524+0600][53.532s][info][gc,phases   ] GC(117) Concurrent Reset Relocation Set 0.013ms
[2026-04-03T02:21:42.529+0600][53.537s][info][gc,phases   ] GC(117) Concurrent Select Relocation Set 5.030ms
[2026-04-03T02:21:42.530+0600][53.538s][info][gc,phases   ] GC(117) Pause Relocate Start 0.017ms
[2026-04-03T02:21:42.539+0600][53.547s][info][gc,phases   ] GC(117) Concurrent Relocate 8.624ms
[2026-04-03T02:21:42.539+0600][53.547s][info][gc,load     ] GC(117) Load: 7.44/6.49/5.95
[2026-04-03T02:21:42.539+0600][53.547s][info][gc,mmu      ] GC(117) MMU: 2ms/90.1%, 5ms/96.1%, 10ms/98.0%, 20ms/99.0%, 50ms/99.6%, 100ms/99.7%
[2026-04-03T02:21:42.539+0600][53.547s][info][gc,marking  ] GC(117) Mark: 2 stripe(s), 2 proactive flush(es), 1 terminate flush(es), 0 completion(s), 0 continuation(s) 
[2026-04-03T02:21:42.539+0600][53.547s][info][gc,marking  ] GC(117) Mark Stack Usage: 32M
[2026-04-03T02:21:42.539+0600][53.547s][info][gc,nmethod  ] GC(117) NMethods: 14837 registered, 1903 unregistered
[2026-04-03T02:21:42.539+0600][53.547s][info][gc,metaspace] GC(117) Metaspace: 127M used, 129M committed, 1152M reserved
[2026-04-03T02:21:42.539+0600][53.547s][info][gc,ref      ] GC(117) Soft: 3481 encountered, 0 discovered, 0 enqueued
[2026-04-03T02:21:42.539+0600][53.547s][info][gc,ref      ] GC(117) Weak: 15192 encountered, 4289 discovered, 318 enqueued
[2026-04-03T02:21:42.539+0600][53.547s][info][gc,ref      ] GC(117) Final: 84 encountered, 0 discovered, 0 enqueued
[2026-04-03T02:21:42.539+0600][53.547s][info][gc,ref      ] GC(117) Phantom: 620 encountered, 504 discovered, 0 enqueued
[2026-04-03T02:21:42.539+0600][53.547s][info][gc,reloc    ] GC(117) Small Pages: 184 / 368M, Empty: 52M, Relocated: 6M, In-Place: 0
[2026-04-03T02:21:42.539+0600][53.547s][info][gc,reloc    ] GC(117) Medium Pages: 3 / 48M, Empty: 32M, Relocated: 0M, In-Place: 0
[2026-04-03T02:21:42.539+0600][53.547s][info][gc,reloc    ] GC(117) Large Pages: 9 / 52M, Empty: 48M, Relocated: 0M, In-Place: 0
[2026-04-03T02:21:42.539+0600][53.547s][info][gc,reloc    ] GC(117) Forwarding Usage: 2M
[2026-04-03T02:21:42.539+0600][53.547s][info][gc,heap     ] GC(117) Min Capacity: 8M(1%)
[2026-04-03T02:21:42.539+0600][53.547s][info][gc,heap     ] GC(117) Max Capacity: 1000M(100%)
[2026-04-03T02:21:42.539+0600][53.547s][info][gc,heap     ] GC(117) Soft Max Capacity: 1000M(100%)
[2026-04-03T02:21:42.539+0600][53.547s][info][gc,heap     ] GC(117)                Mark Start          Mark End        Relocate Start      Relocate End           High               Low         
[2026-04-03T02:21:42.539+0600][53.547s][info][gc,heap     ] GC(117)  Capacity:     1000M (100%)       1000M (100%)       1000M (100%)       1000M (100%)       1000M (100%)       1000M (100%)   
[2026-04-03T02:21:42.539+0600][53.547s][info][gc,heap     ] GC(117)      Free:      532M (53%)         244M (24%)         324M (32%)         518M (52%)         532M (53%)         194M (19%)    
[2026-04-03T02:21:42.539+0600][53.547s][info][gc,heap     ] GC(117)      Used:      468M (47%)         756M (76%)         676M (68%)         482M (48%)         806M (81%)         468M (47%)    
[2026-04-03T02:21:42.539+0600][53.547s][info][gc,heap     ] GC(117)      Live:         -               108M (11%)         108M (11%)         108M (11%)            -                  -          
[2026-04-03T02:21:42.539+0600][53.547s][info][gc,heap     ] GC(117) Allocated:         -               288M (29%)         340M (34%)         345M (35%)            -                  -          
[2026-04-03T02:21:42.539+0600][53.547s][info][gc,heap     ] GC(117)   Garbage:         -               359M (36%)         227M (23%)          27M (3%)             -                  -          
[2026-04-03T02:21:42.539+0600][53.547s][info][gc,heap     ] GC(117) Reclaimed:         -                  -               132M (13%)         331M (33%)            -                  -          
[2026-04-03T02:21:42.539+0600][53.547s][info][gc          ] GC(117) Garbage Collection (Allocation Rate) 468M(47%)->482M(48%)
[2026-04-03T02:21:42.596+0600][53.604s][info][gc,start    ] GC(118) Garbage Collection (Allocation Rate)
[2026-04-03T02:21:42.596+0600][53.604s][info][gc,task     ] GC(118) Using 3 workers
[2026-04-03T02:21:42.596+0600][53.604s][info][gc,phases   ] GC(118) Pause Mark Start 0.018ms
[2026-04-03T02:21:42.715+0600][53.723s][info][gc,phases   ] GC(118) Concurrent Mark 118.768ms
[2026-04-03T02:21:42.718+0600][53.726s][info][gc,phases   ] GC(118) Pause Mark End 0.053ms
[2026-04-03T02:21:42.718+0600][53.726s][info][gc,phases   ] GC(118) Concurrent Mark Free 0.004ms
[2026-04-03T02:21:42.744+0600][53.752s][info][gc,phases   ] GC(118) Concurrent Process Non-Strong References 26.230ms
[2026-04-03T02:21:42.744+0600][53.752s][info][gc,phases   ] GC(118) Concurrent Reset Relocation Set 0.018ms
[2026-04-03T02:21:42.750+0600][53.758s][info][gc,phases   ] GC(118) Concurrent Select Relocation Set 5.347ms
[2026-04-03T02:21:42.750+0600][53.758s][info][gc,phases   ] GC(118) Pause Relocate Start 0.020ms
[2026-04-03T02:21:42.755+0600][53.763s][info][gc,phases   ] GC(118) Concurrent Relocate 4.226ms
[2026-04-03T02:21:42.755+0600][53.763s][info][gc,load     ] GC(118) Load: 7.44/6.49/5.95
[2026-04-03T02:21:42.755+0600][53.763s][info][gc,mmu      ] GC(118) MMU: 2ms/90.1%, 5ms/96.1%, 10ms/98.0%, 20ms/99.0%, 50ms/99.6%, 100ms/99.7%
[2026-04-03T02:21:42.755+0600][53.763s][info][gc,marking  ] GC(118) Mark: 2 stripe(s), 2 proactive flush(es), 1 terminate flush(es), 0 completion(s), 0 continuation(s) 
[2026-04-03T02:21:42.755+0600][53.763s][info][gc,marking  ] GC(118) Mark Stack Usage: 32M
[2026-04-03T02:21:42.755+0600][53.763s][info][gc,nmethod  ] GC(118) NMethods: 14840 registered, 1910 unregistered
[2026-04-03T02:21:42.755+0600][53.763s][info][gc,metaspace] GC(118) Metaspace: 127M used, 129M committed, 1152M reserved
[2026-04-03T02:21:42.755+0600][53.763s][info][gc,ref      ] GC(118) Soft: 3473 encountered, 0 discovered, 0 enqueued
[2026-04-03T02:21:42.755+0600][53.763s][info][gc,ref      ] GC(118) Weak: 15087 encountered, 4877 discovered, 551 enqueued
[2026-04-03T02:21:42.755+0600][53.763s][info][gc,ref      ] GC(118) Final: 84 encountered, 0 discovered, 0 enqueued
[2026-04-03T02:21:42.755+0600][53.763s][info][gc,ref      ] GC(118) Phantom: 620 encountered, 532 discovered, 0 enqueued
[2026-04-03T02:21:42.755+0600][53.763s][info][gc,reloc    ] GC(118) Small Pages: 217 / 434M, Empty: 246M, Relocated: 3M, In-Place: 0
[2026-04-03T02:21:42.755+0600][53.763s][info][gc,reloc    ] GC(118) Medium Pages: 3 / 48M, Empty: 32M, Relocated: 0M, In-Place: 0
[2026-04-03T02:21:42.755+0600][53.763s][info][gc,reloc    ] GC(118) Large Pages: 4 / 22M, Empty: 18M, Relocated: 0M, In-Place: 0
[2026-04-03T02:21:42.755+0600][53.763s][info][gc,reloc    ] GC(118) Forwarding Usage: 1M
[2026-04-03T02:21:42.755+0600][53.763s][info][gc,heap     ] GC(118) Min Capacity: 8M(1%)
[2026-04-03T02:21:42.755+0600][53.763s][info][gc,heap     ] GC(118) Max Capacity: 1000M(100%)
[2026-04-03T02:21:42.755+0600][53.763s][info][gc,heap     ] GC(118) Soft Max Capacity: 1000M(100%)
[2026-04-03T02:21:42.755+0600][53.763s][info][gc,heap     ] GC(118)                Mark Start          Mark End        Relocate Start      Relocate End           High               Low         
[2026-04-03T02:21:42.755+0600][53.763s][info][gc,heap     ] GC(118)  Capacity:     1000M (100%)       1000M (100%)       1000M (100%)       1000M (100%)       1000M (100%)       1000M (100%)   
[2026-04-03T02:21:42.755+0600][53.763s][info][gc,heap     ] GC(118)      Free:      496M (50%)         110M (11%)         312M (31%)         376M (38%)         496M (50%)          32M (3%)     
[2026-04-03T02:21:42.755+0600][53.763s][info][gc,heap     ] GC(118)      Used:      504M (50%)         890M (89%)         688M (69%)         624M (62%)         968M (97%)         504M (50%)    
[2026-04-03T02:21:42.755+0600][53.763s][info][gc,heap     ] GC(118)      Live:         -               104M (10%)         104M (10%)         104M (10%)            -                  -          
[2026-04-03T02:21:42.755+0600][53.763s][info][gc,heap     ] GC(118) Allocated:         -               386M (39%)         480M (48%)         491M (49%)            -                  -          
[2026-04-03T02:21:42.755+0600][53.763s][info][gc,heap     ] GC(118)   Garbage:         -               399M (40%)         103M (10%)          27M (3%)             -                  -          
[2026-04-03T02:21:42.755+0600][53.763s][info][gc,heap     ] GC(118) Reclaimed:         -                  -               296M (30%)         371M (37%)            -                  -          
[2026-04-03T02:21:42.755+0600][53.763s][info][gc          ] GC(118) Garbage Collection (Allocation Rate) 504M(50%)->624M(62%)
[2026-04-03T02:21:42.796+0600][53.804s][info][gc,start    ] GC(119) Garbage Collection (Allocation Rate)
[2026-04-03T02:21:42.796+0600][53.804s][info][gc,task     ] GC(119) Using 3 workers
[2026-04-03T02:21:42.796+0600][53.804s][info][gc,phases   ] GC(119) Pause Mark Start 0.012ms
[2026-04-03T02:21:42.897+0600][53.905s][info][gc,phases   ] GC(119) Concurrent Mark 97.228ms
[2026-04-03T02:21:42.897+0600][53.905s][info][gc,phases   ] GC(119) Pause Mark End 0.038ms
[2026-04-03T02:21:42.897+0600][53.906s][info][gc,phases   ] GC(119) Concurrent Mark Free 0.002ms
[2026-04-03T02:21:42.918+0600][53.926s][info][gc,phases   ] GC(119) Concurrent Process Non-Strong References 20.902ms
[2026-04-03T02:21:42.918+0600][53.927s][info][gc,phases   ] GC(119) Concurrent Reset Relocation Set 0.008ms
[2026-04-03T02:21:42.919+0600][53.927s][info][gc          ] Allocation Stall (Executor task launch worker for task 1.0 in stage 1793.0 (TID 3302)) 10.313ms
[2026-04-03T02:21:42.919+0600][53.927s][info][gc          ] Allocation Stall (Executor task launch worker for task 2.0 in stage 1793.0 (TID 3303)) 8.246ms
[2026-04-03T02:21:42.919+0600][53.927s][info][gc          ] Allocation Stall (Executor task launch worker for task 0.0 in stage 1793.0 (TID 3301)) 8.678ms
[2026-04-03T02:21:42.919+0600][53.927s][info][gc          ] Allocation Stall (Executor task launch worker for task 3.0 in stage 1793.0 (TID 3304)) 5.214ms
[2026-04-03T02:21:42.924+0600][53.932s][info][gc,phases   ] GC(119) Concurrent Select Relocation Set 5.265ms
[2026-04-03T02:21:42.924+0600][53.932s][info][gc,phases   ] GC(119) Pause Relocate Start 0.016ms
[2026-04-03T02:21:42.943+0600][53.951s][info][gc,phases   ] GC(119) Concurrent Relocate 18.881ms
[2026-04-03T02:21:42.943+0600][53.951s][info][gc,load     ] GC(119) Load: 7.44/6.49/5.95
[2026-04-03T02:21:42.943+0600][53.951s][info][gc,mmu      ] GC(119) MMU: 2ms/90.1%, 5ms/96.1%, 10ms/98.0%, 20ms/99.0%, 50ms/99.6%, 100ms/99.7%
[2026-04-03T02:21:42.943+0600][53.951s][info][gc,marking  ] GC(119) Mark: 2 stripe(s), 2 proactive flush(es), 1 terminate flush(es), 0 completion(s), 0 continuation(s) 
[2026-04-03T02:21:42.943+0600][53.951s][info][gc,marking  ] GC(119) Mark Stack Usage: 32M
[2026-04-03T02:21:42.943+0600][53.951s][info][gc,nmethod  ] GC(119) NMethods: 14856 registered, 1918 unregistered
[2026-04-03T02:21:42.943+0600][53.951s][info][gc,metaspace] GC(119) Metaspace: 127M used, 129M committed, 1152M reserved
[2026-04-03T02:21:42.943+0600][53.951s][info][gc,ref      ] GC(119) Soft: 3479 encountered, 0 discovered, 0 enqueued
[2026-04-03T02:21:42.943+0600][53.952s][info][gc,ref      ] GC(119) Weak: 14782 encountered, 4202 discovered, 14 enqueued
[2026-04-03T02:21:42.943+0600][53.952s][info][gc,ref      ] GC(119) Final: 84 encountered, 0 discovered, 0 enqueued
[2026-04-03T02:21:42.943+0600][53.952s][info][gc,ref      ] GC(119) Phantom: 620 encountered, 505 discovered, 0 enqueued
[2026-04-03T02:21:42.943+0600][53.952s][info][gc,reloc    ] GC(119) Small Pages: 129 / 258M, Empty: 20M, Relocated: 8M, In-Place: 0
[2026-04-03T02:21:42.943+0600][53.952s][info][gc,reloc    ] GC(119) Medium Pages: 2 / 32M, Empty: 0M, Relocated: 8M, In-Place: 0
[2026-04-03T02:21:42.943+0600][53.952s][info][gc,reloc    ] GC(119) Large Pages: 68 / 406M, Empty: 402M, Relocated: 0M, In-Place: 0
[2026-04-03T02:21:42.944+0600][53.952s][info][gc,reloc    ] GC(119) Forwarding Usage: 3M
[2026-04-03T02:21:42.944+0600][53.952s][info][gc,heap     ] GC(119) Min Capacity: 8M(1%)
[2026-04-03T02:21:42.944+0600][53.952s][info][gc,heap     ] GC(119) Max Capacity: 1000M(100%)
[2026-04-03T02:21:42.944+0600][53.952s][info][gc,heap     ] GC(119) Soft Max Capacity: 1000M(100%)
[2026-04-03T02:21:42.944+0600][53.952s][info][gc,heap     ] GC(119)                Mark Start          Mark End        Relocate Start      Relocate End           High               Low         
[2026-04-03T02:21:42.944+0600][53.952s][info][gc,heap     ] GC(119)  Capacity:     1000M (100%)       1000M (100%)       1000M (100%)       1000M (100%)       1000M (100%)       1000M (100%)   
[2026-04-03T02:21:42.944+0600][53.952s][info][gc,heap     ] GC(119)      Free:      304M (30%)          50M (5%)          376M (38%)         438M (44%)         448M (45%)           4M (0%)     
[2026-04-03T02:21:42.944+0600][53.952s][info][gc,heap     ] GC(119)      Used:      696M (70%)         950M (95%)         624M (62%)         562M (56%)         996M (100%)        552M (55%)    
[2026-04-03T02:21:42.944+0600][53.952s][info][gc,heap     ] GC(119)      Live:         -               106M (11%)         106M (11%)         106M (11%)            -                  -          
[2026-04-03T02:21:42.944+0600][53.952s][info][gc,heap     ] GC(119) Allocated:         -               254M (25%)         350M (35%)         431M (43%)            -                  -          
[2026-04-03T02:21:42.944+0600][53.952s][info][gc,heap     ] GC(119)   Garbage:         -               589M (59%)         167M (17%)          23M (2%)             -                  -          
[2026-04-03T02:21:42.944+0600][53.952s][info][gc,heap     ] GC(119) Reclaimed:         -                  -               422M (42%)         565M (57%)            -                  -          
[2026-04-03T02:21:42.944+0600][53.952s][info][gc          ] GC(119) Garbage Collection (Allocation Rate) 696M(70%)->562M(56%)
[2026-04-03T02:21:42.995+0600][54.003s][info][gc,start    ] GC(120) Garbage Collection (Allocation Stall)
[2026-04-03T02:21:42.995+0600][54.003s][info][gc,ref      ] GC(120) Clearing All SoftReferences
[2026-04-03T02:21:42.995+0600][54.003s][info][gc,task     ] GC(120) Using 3 workers
[2026-04-03T02:21:42.996+0600][54.004s][info][gc,ref      ] GC(120) Clearing All SoftReferences
[2026-04-03T02:21:42.996+0600][54.004s][info][gc,phases   ] GC(120) Pause Mark Start 0.080ms
[2026-04-03T02:21:43.116+0600][54.124s][info][gc,phases   ] GC(120) Concurrent Mark 120.183ms
[2026-04-03T02:21:43.116+0600][54.124s][info][gc,phases   ] GC(120) Pause Mark End 0.025ms
[2026-04-03T02:21:43.116+0600][54.124s][info][gc,phases   ] GC(120) Concurrent Mark Free 0.003ms
[2026-04-03T02:21:43.165+0600][54.173s][info][gc,phases   ] GC(120) Concurrent Process Non-Strong References 48.302ms
[2026-04-03T02:21:43.165+0600][54.173s][info][gc,phases   ] GC(120) Concurrent Reset Relocation Set 0.010ms
[2026-04-03T02:21:43.169+0600][54.178s][info][gc,phases   ] GC(120) Concurrent Select Relocation Set 4.730ms
[2026-04-03T02:21:43.170+0600][54.178s][info][gc,phases   ] GC(120) Pause Relocate Start 0.017ms
[2026-04-03T02:21:43.182+0600][54.190s][info][gc,phases   ] GC(120) Concurrent Relocate 10.915ms
[2026-04-03T02:21:43.182+0600][54.190s][info][gc,load     ] GC(120) Load: 7.44/6.49/5.95
[2026-04-03T02:21:43.182+0600][54.190s][info][gc,mmu      ] GC(120) MMU: 2ms/90.1%, 5ms/96.1%, 10ms/98.0%, 20ms/99.0%, 50ms/99.6%, 100ms/99.7%
[2026-04-03T02:21:43.182+0600][54.190s][info][gc,marking  ] GC(120) Mark: 2 stripe(s), 2 proactive flush(es), 1 terminate flush(es), 0 completion(s), 0 continuation(s) 
[2026-04-03T02:21:43.182+0600][54.190s][info][gc,marking  ] GC(120) Mark Stack Usage: 32M
[2026-04-03T02:21:43.182+0600][54.190s][info][gc,nmethod  ] GC(120) NMethods: 14889 registered, 1922 unregistered
[2026-04-03T02:21:43.182+0600][54.190s][info][gc,metaspace] GC(120) Metaspace: 127M used, 129M committed, 1152M reserved
[2026-04-03T02:21:43.182+0600][54.190s][info][gc,ref      ] GC(120) Soft: 3396 encountered, 760 discovered, 148 enqueued
[2026-04-03T02:21:43.182+0600][54.190s][info][gc,ref      ] GC(120) Weak: 14879 encountered, 5464 discovered, 392 enqueued
[2026-04-03T02:21:43.182+0600][54.190s][info][gc,ref      ] GC(120) Final: 84 encountered, 0 discovered, 0 enqueued
[2026-04-03T02:21:43.182+0600][54.190s][info][gc,ref      ] GC(120) Phantom: 620 encountered, 356 discovered, 0 enqueued
[2026-04-03T02:21:43.182+0600][54.190s][info][gc,reloc    ] GC(120) Small Pages: 104 / 208M, Empty: 16M, Relocated: 6M, In-Place: 0
[2026-04-03T02:21:43.182+0600][54.190s][info][gc,reloc    ] GC(120) Medium Pages: 2 / 32M, Empty: 16M, Relocated: 0M, In-Place: 0
[2026-04-03T02:21:43.182+0600][54.190s][info][gc,reloc    ] GC(120) Large Pages: 67 / 400M, Empty: 396M, Relocated: 0M, In-Place: 0
[2026-04-03T02:21:43.182+0600][54.190s][info][gc,reloc    ] GC(120) Forwarding Usage: 2M
[2026-04-03T02:21:43.182+0600][54.190s][info][gc,heap     ] GC(120) Min Capacity: 8M(1%)
[2026-04-03T02:21:43.182+0600][54.190s][info][gc,heap     ] GC(120) Max Capacity: 1000M(100%)
[2026-04-03T02:21:43.182+0600][54.190s][info][gc,heap     ] GC(120) Soft Max Capacity: 1000M(100%)
[2026-04-03T02:21:43.182+0600][54.190s][info][gc,heap     ] GC(120)                Mark Start          Mark End        Relocate Start      Relocate End           High               Low         
[2026-04-03T02:21:43.182+0600][54.190s][info][gc,heap     ] GC(120)  Capacity:     1000M (100%)       1000M (100%)       1000M (100%)       1000M (100%)       1000M (100%)       1000M (100%)   
[2026-04-03T02:21:43.182+0600][54.190s][info][gc,heap     ] GC(120)      Free:      360M (36%)         254M (25%)         650M (65%)         728M (73%)         730M (73%)         224M (22%)    
[2026-04-03T02:21:43.182+0600][54.190s][info][gc,heap     ] GC(120)      Used:      640M (64%)         746M (75%)         350M (35%)         272M (27%)         776M (78%)         270M (27%)    
[2026-04-03T02:21:43.182+0600][54.190s][info][gc,heap     ] GC(120)      Live:         -               102M (10%)         102M (10%)         102M (10%)            -                  -          
[2026-04-03T02:21:43.182+0600][54.190s][info][gc,heap     ] GC(120) Allocated:         -               106M (11%)         138M (14%)         143M (14%)            -                  -          
[2026-04-03T02:21:43.182+0600][54.190s][info][gc,heap     ] GC(120)   Garbage:         -               537M (54%)         109M (11%)          25M (3%)             -                  -          
[2026-04-03T02:21:43.182+0600][54.190s][info][gc,heap     ] GC(120) Reclaimed:         -                  -               428M (43%)         511M (51%)            -                  -          
[2026-04-03T02:21:43.182+0600][54.190s][info][gc          ] GC(120) Garbage Collection (Allocation Stall) 640M(64%)->272M(27%)
[2026-04-03T02:21:43.195+0600][54.204s][info][gc,start    ] GC(121) Garbage Collection (Allocation Rate)
[2026-04-03T02:21:43.195+0600][54.204s][info][gc,task     ] GC(121) Using 3 workers
[2026-04-03T02:21:43.196+0600][54.204s][info][gc,phases   ] GC(121) Pause Mark Start 0.009ms
[2026-04-03T02:21:43.271+0600][54.279s][info][gc,phases   ] GC(121) Concurrent Mark 75.405ms
[2026-04-03T02:21:43.271+0600][54.279s][info][gc,phases   ] GC(121) Pause Mark End 0.025ms
[2026-04-03T02:21:43.271+0600][54.279s][info][gc,phases   ] GC(121) Concurrent Mark Free 0.001ms
[2026-04-03T02:21:43.302+0600][54.310s][info][gc,phases   ] GC(121) Concurrent Process Non-Strong References 30.281ms
[2026-04-03T02:21:43.302+0600][54.310s][info][gc,phases   ] GC(121) Concurrent Reset Relocation Set 0.006ms
[2026-04-03T02:21:43.305+0600][54.313s][info][gc,phases   ] GC(121) Concurrent Select Relocation Set 2.875ms
[2026-04-03T02:21:43.305+0600][54.313s][info][gc,phases   ] GC(121) Pause Relocate Start 0.010ms
[2026-04-03T02:21:43.306+0600][54.314s][info][gc,phases   ] GC(121) Concurrent Relocate 1.141ms
[2026-04-03T02:21:43.306+0600][54.314s][info][gc,load     ] GC(121) Load: 7.44/6.49/5.95
[2026-04-03T02:21:43.306+0600][54.314s][info][gc,mmu      ] GC(121) MMU: 2ms/90.1%, 5ms/96.1%, 10ms/98.0%, 20ms/99.0%, 50ms/99.6%, 100ms/99.7%
[2026-04-03T02:21:43.306+0600][54.314s][info][gc,marking  ] GC(121) Mark: 2 stripe(s), 2 proactive flush(es), 1 terminate flush(es), 0 completion(s), 0 continuation(s) 
[2026-04-03T02:21:43.306+0600][54.314s][info][gc,marking  ] GC(121) Mark Stack Usage: 32M
[2026-04-03T02:21:43.306+0600][54.314s][info][gc,nmethod  ] GC(121) NMethods: 14886 registered, 1930 unregistered
[2026-04-03T02:21:43.306+0600][54.314s][info][gc,metaspace] GC(121) Metaspace: 127M used, 129M committed, 1152M reserved
[2026-04-03T02:21:43.306+0600][54.314s][info][gc,ref      ] GC(121) Soft: 3257 encountered, 0 discovered, 0 enqueued
[2026-04-03T02:21:43.306+0600][54.314s][info][gc,ref      ] GC(121) Weak: 14595 encountered, 4132 discovered, 264 enqueued
[2026-04-03T02:21:43.306+0600][54.314s][info][gc,ref      ] GC(121) Final: 84 encountered, 0 discovered, 0 enqueued
[2026-04-03T02:21:43.306+0600][54.314s][info][gc,ref      ] GC(121) Phantom: 620 encountered, 353 discovered, 0 enqueued
[2026-04-03T02:21:43.306+0600][54.314s][info][gc,reloc    ] GC(121) Small Pages: 98 / 196M, Empty: 2M, Relocated: 1M, In-Place: 0
[2026-04-03T02:21:43.306+0600][54.314s][info][gc,reloc    ] GC(121) Medium Pages: 3 / 48M, Empty: 32M, Relocated: 0M, In-Place: 0
[2026-04-03T02:21:43.306+0600][54.314s][info][gc,reloc    ] GC(121) Large Pages: 5 / 28M, Empty: 24M, Relocated: 0M, In-Place: 0
[2026-04-03T02:21:43.306+0600][54.314s][info][gc,reloc    ] GC(121) Forwarding Usage: 0M
[2026-04-03T02:21:43.306+0600][54.314s][info][gc,heap     ] GC(121) Min Capacity: 8M(1%)
[2026-04-03T02:21:43.306+0600][54.314s][info][gc,heap     ] GC(121) Max Capacity: 1000M(100%)
[2026-04-03T02:21:43.306+0600][54.314s][info][gc,heap     ] GC(121) Soft Max Capacity: 1000M(100%)
[2026-04-03T02:21:43.306+0600][54.314s][info][gc,heap     ] GC(121)                Mark Start          Mark End        Relocate Start      Relocate End           High               Low         
[2026-04-03T02:21:43.306+0600][54.314s][info][gc,heap     ] GC(121)  Capacity:     1000M (100%)       1000M (100%)       1000M (100%)       1000M (100%)       1000M (100%)       1000M (100%)   
[2026-04-03T02:21:43.306+0600][54.314s][info][gc,heap     ] GC(121)      Free:      728M (73%)         680M (68%)         720M (72%)         802M (80%)         802M (80%)         662M (66%)    
[2026-04-03T02:21:43.306+0600][54.314s][info][gc,heap     ] GC(121)      Used:      272M (27%)         320M (32%)         280M (28%)         198M (20%)         338M (34%)         198M (20%)    
[2026-04-03T02:21:43.306+0600][54.314s][info][gc,heap     ] GC(121)      Live:         -               103M (10%)         103M (10%)         103M (10%)            -                  -          
[2026-04-03T02:21:43.306+0600][54.314s][info][gc,heap     ] GC(121) Allocated:         -                48M (5%)           66M (7%)           67M (7%)             -                  -          
[2026-04-03T02:21:43.306+0600][54.314s][info][gc,heap     ] GC(121)   Garbage:         -               168M (17%)         110M (11%)          26M (3%)             -                  -          
[2026-04-03T02:21:43.306+0600][54.314s][info][gc,heap     ] GC(121) Reclaimed:         -                  -                58M (6%)          141M (14%)            -                  -          
[2026-04-03T02:21:43.306+0600][54.314s][info][gc          ] GC(121) Garbage Collection (Allocation Rate) 272M(27%)->198M(20%)
[2026-04-03T02:21:43.396+0600][54.404s][info][gc,start    ] GC(122) Garbage Collection (Allocation Rate)
[2026-04-03T02:21:43.396+0600][54.404s][info][gc,task     ] GC(122) Using 3 workers
[2026-04-03T02:21:43.396+0600][54.404s][info][gc,phases   ] GC(122) Pause Mark Start 0.010ms
[2026-04-03T02:21:43.467+0600][54.475s][info][gc,phases   ] GC(122) Concurrent Mark 70.468ms
[2026-04-03T02:21:43.467+0600][54.475s][info][gc,phases   ] GC(122) Pause Mark End 0.026ms
[2026-04-03T02:21:43.467+0600][54.475s][info][gc,phases   ] GC(122) Concurrent Mark Free 0.002ms
[2026-04-03T02:21:43.481+0600][54.489s][info][gc,phases   ] GC(122) Concurrent Process Non-Strong References 13.509ms
[2026-04-03T02:21:43.481+0600][54.489s][info][gc,phases   ] GC(122) Concurrent Reset Relocation Set 0.006ms
[2026-04-03T02:21:43.483+0600][54.492s][info][gc,phases   ] GC(122) Concurrent Select Relocation Set 2.446ms
[2026-04-03T02:21:43.484+0600][54.492s][info][gc,phases   ] GC(122) Pause Relocate Start 0.012ms
[2026-04-03T02:21:43.485+0600][54.493s][info][gc,phases   ] GC(122) Concurrent Relocate 1.068ms
[2026-04-03T02:21:43.485+0600][54.493s][info][gc,load     ] GC(122) Load: 7.44/6.49/5.95
[2026-04-03T02:21:43.485+0600][54.493s][info][gc,mmu      ] GC(122) MMU: 2ms/90.1%, 5ms/96.1%, 10ms/98.0%, 20ms/99.0%, 50ms/99.6%, 100ms/99.7%
[2026-04-03T02:21:43.485+0600][54.493s][info][gc,marking  ] GC(122) Mark: 2 stripe(s), 2 proactive flush(es), 1 terminate flush(es), 0 completion(s), 0 continuation(s) 
[2026-04-03T02:21:43.485+0600][54.493s][info][gc,marking  ] GC(122) Mark Stack Usage: 32M
[2026-04-03T02:21:43.485+0600][54.493s][info][gc,nmethod  ] GC(122) NMethods: 14886 registered, 1931 unregistered
[2026-04-03T02:21:43.485+0600][54.493s][info][gc,metaspace] GC(122) Metaspace: 127M used, 129M committed, 1152M reserved
[2026-04-03T02:21:43.485+0600][54.493s][info][gc,ref      ] GC(122) Soft: 3257 encountered, 0 discovered, 0 enqueued
[2026-04-03T02:21:43.485+0600][54.493s][info][gc,ref      ] GC(122) Weak: 14360 encountered, 4075 discovered, 267 enqueued
[2026-04-03T02:21:43.485+0600][54.493s][info][gc,ref      ] GC(122) Final: 84 encountered, 0 discovered, 0 enqueued
[2026-04-03T02:21:43.485+0600][54.493s][info][gc,ref      ] GC(122) Phantom: 620 encountered, 467 discovered, 0 enqueued
[2026-04-03T02:21:43.485+0600][54.493s][info][gc,reloc    ] GC(122) Small Pages: 109 / 218M, Empty: 6M, Relocated: 1M, In-Place: 0
[2026-04-03T02:21:43.485+0600][54.493s][info][gc,reloc    ] GC(122) Medium Pages: 1 / 16M, Empty: 0M, Relocated: 0M, In-Place: 0
[2026-04-03T02:21:43.485+0600][54.493s][info][gc,reloc    ] GC(122) Large Pages: 2 / 10M, Empty: 6M, Relocated: 0M, In-Place: 0
[2026-04-03T02:21:43.485+0600][54.493s][info][gc,reloc    ] GC(122) Forwarding Usage: 0M
[2026-04-03T02:21:43.485+0600][54.493s][info][gc,heap     ] GC(122) Min Capacity: 8M(1%)
[2026-04-03T02:21:43.485+0600][54.493s][info][gc,heap     ] GC(122) Max Capacity: 1000M(100%)
[2026-04-03T02:21:43.485+0600][54.493s][info][gc,heap     ] GC(122) Soft Max Capacity: 1000M(100%)
[2026-04-03T02:21:43.485+0600][54.493s][info][gc,heap     ] GC(122)                Mark Start          Mark End        Relocate Start      Relocate End           High               Low         
[2026-04-03T02:21:43.485+0600][54.493s][info][gc,heap     ] GC(122)  Capacity:     1000M (100%)       1000M (100%)       1000M (100%)       1000M (100%)       1000M (100%)       1000M (100%)   
[2026-04-03T02:21:43.485+0600][54.493s][info][gc,heap     ] GC(122)      Free:      756M (76%)         718M (72%)         712M (71%)         814M (81%)         814M (81%)         700M (70%)    
[2026-04-03T02:21:43.485+0600][54.493s][info][gc,heap     ] GC(122)      Used:      244M (24%)         282M (28%)         288M (29%)         186M (19%)         300M (30%)         186M (19%)    
[2026-04-03T02:21:43.485+0600][54.493s][info][gc,heap     ] GC(122)      Live:         -               103M (10%)         103M (10%)         103M (10%)            -                  -          
[2026-04-03T02:21:43.485+0600][54.493s][info][gc,heap     ] GC(122) Allocated:         -                38M (4%)           56M (6%)           56M (6%)             -                  -          
[2026-04-03T02:21:43.485+0600][54.493s][info][gc,heap     ] GC(122)   Garbage:         -               140M (14%)         128M (13%)          26M (3%)             -                  -          
[2026-04-03T02:21:43.485+0600][54.493s][info][gc,heap     ] GC(122) Reclaimed:         -                  -                12M (1%)          114M (11%)            -                  -          
[2026-04-03T02:21:43.485+0600][54.493s][info][gc          ] GC(122) Garbage Collection (Allocation Rate) 244M(24%)->186M(19%)
[2026-04-03T02:21:43.696+0600][54.704s][info][gc,start    ] GC(123) Garbage Collection (Allocation Rate)
[2026-04-03T02:21:43.696+0600][54.704s][info][gc,task     ] GC(123) Using 3 workers
[2026-04-03T02:21:43.696+0600][54.704s][info][gc,phases   ] GC(123) Pause Mark Start 0.016ms
[2026-04-03T02:21:43.814+0600][54.822s][info][gc,phases   ] GC(123) Concurrent Mark 117.400ms
[2026-04-03T02:21:43.814+0600][54.822s][info][gc,phases   ] GC(123) Pause Mark End 0.048ms
[2026-04-03T02:21:43.814+0600][54.822s][info][gc,phases   ] GC(123) Concurrent Mark Free 0.002ms
[2026-04-03T02:21:43.839+0600][54.847s][info][gc,phases   ] GC(123) Concurrent Process Non-Strong References 25.024ms
[2026-04-03T02:21:43.839+0600][54.848s][info][gc,phases   ] GC(123) Concurrent Reset Relocation Set 0.008ms
[2026-04-03T02:21:43.843+0600][54.851s][info][gc,phases   ] GC(123) Concurrent Select Relocation Set 3.697ms
[2026-04-03T02:21:43.843+0600][54.852s][info][gc,phases   ] GC(123) Pause Relocate Start 0.014ms
[2026-04-03T02:21:43.848+0600][54.856s][info][gc,phases   ] GC(123) Concurrent Relocate 4.844ms
[2026-04-03T02:21:43.849+0600][54.857s][info][gc,load     ] GC(123) Load: 7.44/6.49/5.95
[2026-04-03T02:21:43.849+0600][54.857s][info][gc,mmu      ] GC(123) MMU: 2ms/90.1%, 5ms/96.1%, 10ms/98.0%, 20ms/99.0%, 50ms/99.6%, 100ms/99.7%
[2026-04-03T02:21:43.849+0600][54.857s][info][gc,marking  ] GC(123) Mark: 2 stripe(s), 2 proactive flush(es), 1 terminate flush(es), 0 completion(s), 0 continuation(s) 
[2026-04-03T02:21:43.849+0600][54.857s][info][gc,marking  ] GC(123) Mark Stack Usage: 32M
[2026-04-03T02:21:43.849+0600][54.857s][info][gc,nmethod  ] GC(123) NMethods: 14897 registered, 1940 unregistered
[2026-04-03T02:21:43.849+0600][54.857s][info][gc,metaspace] GC(123) Metaspace: 127M used, 129M committed, 1152M reserved
[2026-04-03T02:21:43.849+0600][54.857s][info][gc,ref      ] GC(123) Soft: 3276 encountered, 0 discovered, 0 enqueued
[2026-04-03T02:21:43.849+0600][54.857s][info][gc,ref      ] GC(123) Weak: 14765 encountered, 2576 discovered, 24 enqueued
[2026-04-03T02:21:43.849+0600][54.857s][info][gc,ref      ] GC(123) Final: 84 encountered, 0 discovered, 0 enqueued
[2026-04-03T02:21:43.849+0600][54.857s][info][gc,ref      ] GC(123) Phantom: 620 encountered, 357 discovered, 0 enqueued
[2026-04-03T02:21:43.849+0600][54.857s][info][gc,reloc    ] GC(123) Small Pages: 170 / 340M, Empty: 44M, Relocated: 4M, In-Place: 0
[2026-04-03T02:21:43.849+0600][54.857s][info][gc,reloc    ] GC(123) Medium Pages: 4 / 64M, Empty: 48M, Relocated: 0M, In-Place: 0
[2026-04-03T02:21:43.849+0600][54.857s][info][gc,reloc    ] GC(123) Large Pages: 6 / 34M, Empty: 30M, Relocated: 0M, In-Place: 0
[2026-04-03T02:21:43.849+0600][54.857s][info][gc,reloc    ] GC(123) Forwarding Usage: 1M
[2026-04-03T02:21:43.849+0600][54.857s][info][gc,heap     ] GC(123) Min Capacity: 8M(1%)
[2026-04-03T02:21:43.849+0600][54.857s][info][gc,heap     ] GC(123) Max Capacity: 1000M(100%)
[2026-04-03T02:21:43.849+0600][54.857s][info][gc,heap     ] GC(123) Soft Max Capacity: 1000M(100%)
[2026-04-03T02:21:43.849+0600][54.857s][info][gc,heap     ] GC(123)                Mark Start          Mark End        Relocate Start      Relocate End           High               Low         
[2026-04-03T02:21:43.849+0600][54.857s][info][gc,heap     ] GC(123)  Capacity:     1000M (100%)       1000M (100%)       1000M (100%)       1000M (100%)       1000M (100%)       1000M (100%)   
[2026-04-03T02:21:43.849+0600][54.857s][info][gc,heap     ] GC(123)      Free:      562M (56%)         426M (43%)         526M (53%)         708M (71%)         708M (71%)         404M (40%)    
[2026-04-03T02:21:43.849+0600][54.857s][info][gc,heap     ] GC(123)      Used:      438M (44%)         574M (57%)         474M (47%)         292M (29%)         596M (60%)         292M (29%)    
[2026-04-03T02:21:43.849+0600][54.857s][info][gc,heap     ] GC(123)      Live:         -               105M (11%)         105M (11%)         105M (11%)            -                  -          
[2026-04-03T02:21:43.849+0600][54.857s][info][gc,heap     ] GC(123) Allocated:         -               136M (14%)         158M (16%)         161M (16%)            -                  -          
[2026-04-03T02:21:43.849+0600][54.857s][info][gc,heap     ] GC(123)   Garbage:         -               332M (33%)         210M (21%)          24M (2%)             -                  -          
[2026-04-03T02:21:43.849+0600][54.857s][info][gc,heap     ] GC(123) Reclaimed:         -                  -               122M (12%)         307M (31%)            -                  -          
[2026-04-03T02:21:43.849+0600][54.857s][info][gc          ] GC(123) Garbage Collection (Allocation Rate) 438M(44%)->292M(29%)
[2026-04-03T02:21:43.895+0600][54.903s][info][gc,start    ] GC(124) Garbage Collection (Allocation Rate)
[2026-04-03T02:21:43.895+0600][54.903s][info][gc,task     ] GC(124) Using 3 workers
[2026-04-03T02:21:43.896+0600][54.904s][info][gc,phases   ] GC(124) Pause Mark Start 0.027ms
[2026-04-03T02:21:44.019+0600][55.027s][info][gc,phases   ] GC(124) Concurrent Mark 123.269ms
[2026-04-03T02:21:44.019+0600][55.028s][info][gc,phases   ] GC(124) Pause Mark End 0.031ms
[2026-04-03T02:21:44.020+0600][55.028s][info][gc,phases   ] GC(124) Concurrent Mark Free 0.001ms
[2026-04-03T02:21:44.057+0600][55.065s][info][gc,phases   ] GC(124) Concurrent Process Non-Strong References 37.359ms
[2026-04-03T02:21:44.057+0600][55.065s][info][gc,phases   ] GC(124) Concurrent Reset Relocation Set 0.014ms
[2026-04-03T02:21:44.061+0600][55.069s][info][gc,phases   ] GC(124) Concurrent Select Relocation Set 3.990ms
[2026-04-03T02:21:44.061+0600][55.069s][info][gc,phases   ] GC(124) Pause Relocate Start 0.016ms
[2026-04-03T02:21:44.066+0600][55.074s][info][gc,phases   ] GC(124) Concurrent Relocate 4.491ms
[2026-04-03T02:21:44.066+0600][55.074s][info][gc,load     ] GC(124) Load: 7.44/6.49/5.95
[2026-04-03T02:21:44.066+0600][55.074s][info][gc,mmu      ] GC(124) MMU: 2ms/90.1%, 5ms/96.1%, 10ms/98.0%, 20ms/99.0%, 50ms/99.6%, 100ms/99.7%
[2026-04-03T02:21:44.066+0600][55.074s][info][gc,marking  ] GC(124) Mark: 2 stripe(s), 2 proactive flush(es), 1 terminate flush(es), 0 completion(s), 0 continuation(s) 
[2026-04-03T02:21:44.066+0600][55.074s][info][gc,marking  ] GC(124) Mark Stack Usage: 32M
[2026-04-03T02:21:44.066+0600][55.074s][info][gc,nmethod  ] GC(124) NMethods: 14894 registered, 1944 unregistered
[2026-04-03T02:21:44.066+0600][55.074s][info][gc,metaspace] GC(124) Metaspace: 127M used, 129M committed, 1152M reserved
[2026-04-03T02:21:44.066+0600][55.074s][info][gc,ref      ] GC(124) Soft: 3276 encountered, 0 discovered, 0 enqueued
[2026-04-03T02:21:44.066+0600][55.074s][info][gc,ref      ] GC(124) Weak: 15032 encountered, 4964 discovered, 9 enqueued
[2026-04-03T02:21:44.066+0600][55.074s][info][gc,ref      ] GC(124) Final: 84 encountered, 0 discovered, 0 enqueued
[2026-04-03T02:21:44.066+0600][55.074s][info][gc,ref      ] GC(124) Phantom: 620 encountered, 474 discovered, 0 enqueued
[2026-04-03T02:21:44.066+0600][55.074s][info][gc,reloc    ] GC(124) Small Pages: 138 / 276M, Empty: 52M, Relocated: 3M, In-Place: 0
[2026-04-03T02:21:44.066+0600][55.074s][info][gc,reloc    ] GC(124) Medium Pages: 4 / 64M, Empty: 48M, Relocated: 0M, In-Place: 0
[2026-04-03T02:21:44.066+0600][55.074s][info][gc,reloc    ] GC(124) Large Pages: 5 / 28M, Empty: 24M, Relocated: 0M, In-Place: 0
[2026-04-03T02:21:44.066+0600][55.074s][info][gc,reloc    ] GC(124) Forwarding Usage: 1M
[2026-04-03T02:21:44.066+0600][55.074s][info][gc,heap     ] GC(124) Min Capacity: 8M(1%)
[2026-04-03T02:21:44.066+0600][55.074s][info][gc,heap     ] GC(124) Max Capacity: 1000M(100%)
[2026-04-03T02:21:44.066+0600][55.074s][info][gc,heap     ] GC(124) Soft Max Capacity: 1000M(100%)
[2026-04-03T02:21:44.066+0600][55.074s][info][gc,heap     ] GC(124)                Mark Start          Mark End        Relocate Start      Relocate End           High               Low         
[2026-04-03T02:21:44.066+0600][55.074s][info][gc,heap     ] GC(124)  Capacity:     1000M (100%)       1000M (100%)       1000M (100%)       1000M (100%)       1000M (100%)       1000M (100%)   
[2026-04-03T02:21:44.066+0600][55.074s][info][gc,heap     ] GC(124)      Free:      632M (63%)         482M (48%)         546M (55%)         658M (66%)         658M (66%)         412M (41%)    
[2026-04-03T02:21:44.066+0600][55.074s][info][gc,heap     ] GC(124)      Used:      368M (37%)         518M (52%)         454M (45%)         342M (34%)         588M (59%)         342M (34%)    
[2026-04-03T02:21:44.066+0600][55.074s][info][gc,heap     ] GC(124)      Live:         -               105M (11%)         105M (11%)         105M (11%)            -                  -          
[2026-04-03T02:21:44.066+0600][55.074s][info][gc,heap     ] GC(124) Allocated:         -               150M (15%)         210M (21%)         209M (21%)            -                  -          
[2026-04-03T02:21:44.066+0600][55.074s][info][gc,heap     ] GC(124)   Garbage:         -               262M (26%)         138M (14%)          26M (3%)             -                  -          
[2026-04-03T02:21:44.066+0600][55.074s][info][gc,heap     ] GC(124) Reclaimed:         -                  -               124M (12%)         235M (24%)            -                  -          
[2026-04-03T02:21:44.066+0600][55.074s][info][gc          ] GC(124) Garbage Collection (Allocation Rate) 368M(37%)->342M(34%)
[2026-04-03T02:21:44.096+0600][55.104s][info][gc,start    ] GC(125) Garbage Collection (Allocation Rate)
[2026-04-03T02:21:44.096+0600][55.104s][info][gc,task     ] GC(125) Using 3 workers
[2026-04-03T02:21:44.096+0600][55.104s][info][gc,phases   ] GC(125) Pause Mark Start 0.019ms
[2026-04-03T02:21:44.218+0600][55.226s][info][gc,phases   ] GC(125) Concurrent Mark 121.214ms
[2026-04-03T02:21:44.218+0600][55.226s][info][gc,phases   ] GC(125) Pause Mark End 0.032ms
[2026-04-03T02:21:44.218+0600][55.226s][info][gc,phases   ] GC(125) Concurrent Mark Free 0.001ms
[2026-04-03T02:21:44.246+0600][55.254s][info][gc,phases   ] GC(125) Concurrent Process Non-Strong References 27.583ms
[2026-04-03T02:21:44.246+0600][55.254s][info][gc,phases   ] GC(125) Concurrent Reset Relocation Set 0.012ms
[2026-04-03T02:21:44.249+0600][55.258s][info][gc,phases   ] GC(125) Concurrent Select Relocation Set 3.814ms
[2026-04-03T02:21:44.250+0600][55.258s][info][gc,phases   ] GC(125) Pause Relocate Start 0.017ms
[2026-04-03T02:21:44.253+0600][55.261s][info][gc,phases   ] GC(125) Concurrent Relocate 2.657ms
[2026-04-03T02:21:44.253+0600][55.261s][info][gc,load     ] GC(125) Load: 7.44/6.49/5.95
[2026-04-03T02:21:44.253+0600][55.261s][info][gc,mmu      ] GC(125) MMU: 2ms/90.1%, 5ms/96.1%, 10ms/98.0%, 20ms/99.0%, 50ms/99.6%, 100ms/99.7%
[2026-04-03T02:21:44.253+0600][55.261s][info][gc,marking  ] GC(125) Mark: 2 stripe(s), 3 proactive flush(es), 1 terminate flush(es), 0 completion(s), 0 continuation(s) 
[2026-04-03T02:21:44.253+0600][55.261s][info][gc,marking  ] GC(125) Mark Stack Usage: 32M
[2026-04-03T02:21:44.253+0600][55.261s][info][gc,nmethod  ] GC(125) NMethods: 14924 registered, 1944 unregistered
[2026-04-03T02:21:44.253+0600][55.261s][info][gc,metaspace] GC(125) Metaspace: 127M used, 129M committed, 1152M reserved
[2026-04-03T02:21:44.253+0600][55.261s][info][gc,ref      ] GC(125) Soft: 3274 encountered, 0 discovered, 0 enqueued
[2026-04-03T02:21:44.253+0600][55.261s][info][gc,ref      ] GC(125) Weak: 15312 encountered, 4134 discovered, 9 enqueued
[2026-04-03T02:21:44.253+0600][55.261s][info][gc,ref      ] GC(125) Final: 84 encountered, 0 discovered, 0 enqueued
[2026-04-03T02:21:44.253+0600][55.261s][info][gc,ref      ] GC(125) Phantom: 620 encountered, 360 discovered, 0 enqueued
[2026-04-03T02:21:44.253+0600][55.261s][info][gc,reloc    ] GC(125) Small Pages: 140 / 280M, Empty: 42M, Relocated: 3M, In-Place: 0
[2026-04-03T02:21:44.253+0600][55.261s][info][gc,reloc    ] GC(125) Medium Pages: 4 / 64M, Empty: 48M, Relocated: 0M, In-Place: 0
[2026-04-03T02:21:44.253+0600][55.261s][info][gc,reloc    ] GC(125) Large Pages: 5 / 28M, Empty: 24M, Relocated: 0M, In-Place: 0
[2026-04-03T02:21:44.253+0600][55.261s][info][gc,reloc    ] GC(125) Forwarding Usage: 1M
[2026-04-03T02:21:44.253+0600][55.261s][info][gc,heap     ] GC(125) Min Capacity: 8M(1%)
[2026-04-03T02:21:44.253+0600][55.261s][info][gc,heap     ] GC(125) Max Capacity: 1000M(100%)
[2026-04-03T02:21:44.253+0600][55.261s][info][gc,heap     ] GC(125) Soft Max Capacity: 1000M(100%)
[2026-04-03T02:21:44.253+0600][55.261s][info][gc,heap     ] GC(125)                Mark Start          Mark End        Relocate Start      Relocate End           High               Low         
[2026-04-03T02:21:44.253+0600][55.261s][info][gc,heap     ] GC(125)  Capacity:     1000M (100%)       1000M (100%)       1000M (100%)       1000M (100%)       1000M (100%)       1000M (100%)   
[2026-04-03T02:21:44.253+0600][55.261s][info][gc,heap     ] GC(125)      Free:      628M (63%)         484M (48%)         556M (56%)         680M (68%)         680M (68%)         442M (44%)    
[2026-04-03T02:21:44.253+0600][55.261s][info][gc,heap     ] GC(125)      Used:      372M (37%)         516M (52%)         444M (44%)         320M (32%)         558M (56%)         320M (32%)    
[2026-04-03T02:21:44.253+0600][55.261s][info][gc,heap     ] GC(125)      Live:         -               105M (11%)         105M (11%)         105M (11%)            -                  -          
[2026-04-03T02:21:44.253+0600][55.261s][info][gc,heap     ] GC(125) Allocated:         -               144M (14%)         186M (19%)         187M (19%)            -                  -          
[2026-04-03T02:21:44.253+0600][55.261s][info][gc,heap     ] GC(125)   Garbage:         -               266M (27%)         152M (15%)          26M (3%)             -                  -          
[2026-04-03T02:21:44.253+0600][55.261s][info][gc,heap     ] GC(125) Reclaimed:         -                  -               114M (11%)         239M (24%)            -                  -          
[2026-04-03T02:21:44.253+0600][55.261s][info][gc          ] GC(125) Garbage Collection (Allocation Rate) 372M(37%)->320M(32%)
[2026-04-03T02:21:44.296+0600][55.304s][info][gc,start    ] GC(126) Garbage Collection (Allocation Rate)
[2026-04-03T02:21:44.296+0600][55.304s][info][gc,task     ] GC(126) Using 3 workers
[2026-04-03T02:21:44.296+0600][55.304s][info][gc,phases   ] GC(126) Pause Mark Start 0.011ms
[2026-04-03T02:21:44.406+0600][55.414s][info][gc,phases   ] GC(126) Concurrent Mark 109.286ms
[2026-04-03T02:21:44.406+0600][55.414s][info][gc,phases   ] GC(126) Pause Mark End 0.036ms
[2026-04-03T02:21:44.406+0600][55.414s][info][gc,phases   ] GC(126) Concurrent Mark Free 0.003ms
[2026-04-03T02:21:44.431+0600][55.439s][info][gc,phases   ] GC(126) Concurrent Process Non-Strong References 24.843ms
[2026-04-03T02:21:44.431+0600][55.439s][info][gc,phases   ] GC(126) Concurrent Reset Relocation Set 0.011ms
[2026-04-03T02:21:44.435+0600][55.443s][info][gc,phases   ] GC(126) Concurrent Select Relocation Set 3.696ms
[2026-04-03T02:21:44.435+0600][55.443s][info][gc,phases   ] GC(126) Pause Relocate Start 0.016ms
[2026-04-03T02:21:44.438+0600][55.446s][info][gc,phases   ] GC(126) Concurrent Relocate 3.040ms
[2026-04-03T02:21:44.438+0600][55.446s][info][gc,load     ] GC(126) Load: 7.44/6.49/5.95
[2026-04-03T02:21:44.438+0600][55.446s][info][gc,mmu      ] GC(126) MMU: 2ms/90.1%, 5ms/96.1%, 10ms/98.0%, 20ms/99.0%, 50ms/99.6%, 100ms/99.7%
[2026-04-03T02:21:44.438+0600][55.447s][info][gc,marking  ] GC(126) Mark: 2 stripe(s), 2 proactive flush(es), 1 terminate flush(es), 0 completion(s), 0 continuation(s) 
[2026-04-03T02:21:44.438+0600][55.447s][info][gc,marking  ] GC(126) Mark Stack Usage: 32M
[2026-04-03T02:21:44.438+0600][55.447s][info][gc,nmethod  ] GC(126) NMethods: 14927 registered, 1948 unregistered
[2026-04-03T02:21:44.438+0600][55.447s][info][gc,metaspace] GC(126) Metaspace: 127M used, 129M committed, 1152M reserved
[2026-04-03T02:21:44.438+0600][55.447s][info][gc,ref      ] GC(126) Soft: 3268 encountered, 0 discovered, 0 enqueued
[2026-04-03T02:21:44.438+0600][55.447s][info][gc,ref      ] GC(126) Weak: 15662 encountered, 11192 discovered, 9 enqueued
[2026-04-03T02:21:44.438+0600][55.447s][info][gc,ref      ] GC(126) Final: 84 encountered, 4 discovered, 0 enqueued
[2026-04-03T02:21:44.438+0600][55.447s][info][gc,ref      ] GC(126) Phantom: 620 encountered, 507 discovered, 0 enqueued
[2026-04-03T02:21:44.438+0600][55.447s][info][gc,reloc    ] GC(126) Small Pages: 139 / 278M, Empty: 44M, Relocated: 2M, In-Place: 0
[2026-04-03T02:21:44.439+0600][55.447s][info][gc,reloc    ] GC(126) Medium Pages: 4 / 64M, Empty: 48M, Relocated: 0M, In-Place: 0
[2026-04-03T02:21:44.439+0600][55.447s][info][gc,reloc    ] GC(126) Large Pages: 5 / 28M, Empty: 24M, Relocated: 0M, In-Place: 0
[2026-04-03T02:21:44.439+0600][55.447s][info][gc,reloc    ] GC(126) Forwarding Usage: 1M
[2026-04-03T02:21:44.439+0600][55.447s][info][gc,heap     ] GC(126) Min Capacity: 8M(1%)
[2026-04-03T02:21:44.439+0600][55.447s][info][gc,heap     ] GC(126) Max Capacity: 1000M(100%)
[2026-04-03T02:21:44.439+0600][55.447s][info][gc,heap     ] GC(126) Soft Max Capacity: 1000M(100%)
[2026-04-03T02:21:44.439+0600][55.447s][info][gc,heap     ] GC(126)                Mark Start          Mark End        Relocate Start      Relocate End           High               Low         
[2026-04-03T02:21:44.439+0600][55.447s][info][gc,heap     ] GC(126)  Capacity:     1000M (100%)       1000M (100%)       1000M (100%)       1000M (100%)       1000M (100%)       1000M (100%)   
[2026-04-03T02:21:44.439+0600][55.447s][info][gc,heap     ] GC(126)      Free:      630M (63%)         478M (48%)         558M (56%)         680M (68%)         680M (68%)         446M (45%)    
[2026-04-03T02:21:44.439+0600][55.447s][info][gc,heap     ] GC(126)      Used:      370M (37%)         522M (52%)         442M (44%)         320M (32%)         554M (55%)         320M (32%)    
[2026-04-03T02:21:44.439+0600][55.447s][info][gc,heap     ] GC(126)      Live:         -               104M (10%)         104M (10%)         104M (10%)            -                  -          
[2026-04-03T02:21:44.439+0600][55.447s][info][gc,heap     ] GC(126) Allocated:         -               152M (15%)         188M (19%)         189M (19%)            -                  -          
[2026-04-03T02:21:44.439+0600][55.447s][info][gc,heap     ] GC(126)   Garbage:         -               265M (27%)         149M (15%)          25M (3%)             -                  -          
[2026-04-03T02:21:44.439+0600][55.447s][info][gc,heap     ] GC(126) Reclaimed:         -                  -               116M (12%)         239M (24%)            -                  -          
[2026-04-03T02:21:44.439+0600][55.447s][info][gc          ] GC(126) Garbage Collection (Allocation Rate) 370M(37%)->320M(32%)
[2026-04-03T02:21:44.695+0600][55.703s][info][gc,start    ] GC(127) Garbage Collection (Allocation Rate)
[2026-04-03T02:21:44.695+0600][55.703s][info][gc,task     ] GC(127) Using 2 workers
[2026-04-03T02:21:44.696+0600][55.704s][info][gc,phases   ] GC(127) Pause Mark Start 0.010ms
[2026-04-03T02:21:44.784+0600][55.793s][info][gc,phases   ] GC(127) Concurrent Mark 88.394ms
[2026-04-03T02:21:44.785+0600][55.793s][info][gc,phases   ] GC(127) Pause Mark End 0.023ms
[2026-04-03T02:21:44.785+0600][55.793s][info][gc,phases   ] GC(127) Concurrent Mark Free 0.002ms
[2026-04-03T02:21:44.805+0600][55.813s][info][gc,phases   ] GC(127) Concurrent Process Non-Strong References 20.252ms
[2026-04-03T02:21:44.805+0600][55.813s][info][gc,phases   ] GC(127) Concurrent Reset Relocation Set 0.006ms
[2026-04-03T02:21:44.808+0600][55.816s][info][gc,phases   ] GC(127) Concurrent Select Relocation Set 2.584ms
[2026-04-03T02:21:44.808+0600][55.816s][info][gc,phases   ] GC(127) Pause Relocate Start 0.012ms
[2026-04-03T02:21:44.811+0600][55.819s][info][gc,phases   ] GC(127) Concurrent Relocate 2.668ms
[2026-04-03T02:21:44.811+0600][55.819s][info][gc,load     ] GC(127) Load: 7.08/6.44/5.94
[2026-04-03T02:21:44.811+0600][55.819s][info][gc,mmu      ] GC(127) MMU: 2ms/90.1%, 5ms/96.1%, 10ms/98.0%, 20ms/99.0%, 50ms/99.6%, 100ms/99.7%
[2026-04-03T02:21:44.811+0600][55.819s][info][gc,marking  ] GC(127) Mark: 2 stripe(s), 2 proactive flush(es), 1 terminate flush(es), 0 completion(s), 0 continuation(s) 
[2026-04-03T02:21:44.811+0600][55.819s][info][gc,marking  ] GC(127) Mark Stack Usage: 32M
[2026-04-03T02:21:44.811+0600][55.819s][info][gc,nmethod  ] GC(127) NMethods: 14940 registered, 1959 unregistered
[2026-04-03T02:21:44.811+0600][55.819s][info][gc,metaspace] GC(127) Metaspace: 127M used, 129M committed, 1152M reserved
[2026-04-03T02:21:44.811+0600][55.819s][info][gc,ref      ] GC(127) Soft: 3273 encountered, 0 discovered, 0 enqueued
[2026-04-03T02:21:44.811+0600][55.819s][info][gc,ref      ] GC(127) Weak: 15985 encountered, 5722 discovered, 1626 enqueued
[2026-04-03T02:21:44.811+0600][55.819s][info][gc,ref      ] GC(127) Final: 84 encountered, 32 discovered, 0 enqueued
[2026-04-03T02:21:44.811+0600][55.819s][info][gc,ref      ] GC(127) Phantom: 620 encountered, 595 discovered, 0 enqueued
[2026-04-03T02:21:44.811+0600][55.819s][info][gc,reloc    ] GC(127) Small Pages: 200 / 400M, Empty: 48M, Relocated: 3M, In-Place: 0
[2026-04-03T02:21:44.811+0600][55.819s][info][gc,reloc    ] GC(127) Medium Pages: 4 / 64M, Empty: 48M, Relocated: 0M, In-Place: 0
[2026-04-03T02:21:44.811+0600][55.819s][info][gc,reloc    ] GC(127) Large Pages: 8 / 46M, Empty: 42M, Relocated: 0M, In-Place: 0
[2026-04-03T02:21:44.811+0600][55.819s][info][gc,reloc    ] GC(127) Forwarding Usage: 1M
[2026-04-03T02:21:44.811+0600][55.819s][info][gc,heap     ] GC(127) Min Capacity: 8M(1%)
[2026-04-03T02:21:44.811+0600][55.819s][info][gc,heap     ] GC(127) Max Capacity: 1000M(100%)
[2026-04-03T02:21:44.811+0600][55.819s][info][gc,heap     ] GC(127) Soft Max Capacity: 1000M(100%)
[2026-04-03T02:21:44.811+0600][55.819s][info][gc,heap     ] GC(127)                Mark Start          Mark End        Relocate Start      Relocate End           High               Low         
[2026-04-03T02:21:44.811+0600][55.819s][info][gc,heap     ] GC(127)  Capacity:     1000M (100%)       1000M (100%)       1000M (100%)       1000M (100%)       1000M (100%)       1000M (100%)   
[2026-04-03T02:21:44.811+0600][55.819s][info][gc,heap     ] GC(127)      Free:      490M (49%)         442M (44%)         554M (55%)         794M (79%)         796M (80%)         416M (42%)    
[2026-04-03T02:21:44.811+0600][55.819s][info][gc,heap     ] GC(127)      Used:      510M (51%)         558M (56%)         446M (45%)         206M (21%)         584M (58%)         204M (20%)    
[2026-04-03T02:21:44.811+0600][55.819s][info][gc,heap     ] GC(127)      Live:         -               104M (10%)         104M (10%)         104M (10%)            -                  -          
[2026-04-03T02:21:44.811+0600][55.819s][info][gc,heap     ] GC(127) Allocated:         -                48M (5%)           74M (7%)           77M (8%)             -                  -          
[2026-04-03T02:21:44.811+0600][55.819s][info][gc,heap     ] GC(127)   Garbage:         -               405M (41%)         267M (27%)          23M (2%)             -                  -          
[2026-04-03T02:21:44.811+0600][55.819s][info][gc,heap     ] GC(127) Reclaimed:         -                  -               138M (14%)         381M (38%)            -                  -          
[2026-04-03T02:21:44.811+0600][55.819s][info][gc          ] GC(127) Garbage Collection (Allocation Rate) 510M(51%)->206M(21%)
[2026-04-03T02:21:44.996+0600][56.004s][info][gc,start    ] GC(128) Garbage Collection (Allocation Rate)
[2026-04-03T02:21:44.996+0600][56.004s][info][gc,task     ] GC(128) Using 2 workers
[2026-04-03T02:21:44.996+0600][56.004s][info][gc,phases   ] GC(128) Pause Mark Start 0.015ms
[2026-04-03T02:21:45.163+0600][56.171s][info][gc,phases   ] GC(128) Concurrent Mark 166.847ms
[2026-04-03T02:21:45.163+0600][56.171s][info][gc,phases   ] GC(128) Pause Mark End 0.032ms
[2026-04-03T02:21:45.164+0600][56.172s][info][gc,phases   ] GC(128) Concurrent Mark Free 0.004ms
[2026-04-03T02:21:45.192+0600][56.200s][info][gc,phases   ] GC(128) Concurrent Process Non-Strong References 28.708ms
[2026-04-03T02:21:45.192+0600][56.201s][info][gc,phases   ] GC(128) Concurrent Reset Relocation Set 0.014ms
[2026-04-03T02:21:45.198+0600][56.206s][info][gc,phases   ] GC(128) Concurrent Select Relocation Set 5.239ms
[2026-04-03T02:21:45.198+0600][56.206s][info][gc,phases   ] GC(128) Pause Relocate Start 0.017ms
[2026-04-03T02:21:45.204+0600][56.212s][info][gc,phases   ] GC(128) Concurrent Relocate 5.303ms
[2026-04-03T02:21:45.204+0600][56.212s][info][gc,load     ] GC(128) Load: 7.08/6.44/5.94
[2026-04-03T02:21:45.204+0600][56.212s][info][gc,mmu      ] GC(128) MMU: 2ms/90.1%, 5ms/96.1%, 10ms/98.0%, 20ms/99.0%, 50ms/99.6%, 100ms/99.7%
[2026-04-03T02:21:45.204+0600][56.212s][info][gc,marking  ] GC(128) Mark: 2 stripe(s), 2 proactive flush(es), 1 terminate flush(es), 0 completion(s), 0 continuation(s) 
[2026-04-03T02:21:45.204+0600][56.212s][info][gc,marking  ] GC(128) Mark Stack Usage: 32M
[2026-04-03T02:21:45.204+0600][56.212s][info][gc,nmethod  ] GC(128) NMethods: 14962 registered, 1970 unregistered
[2026-04-03T02:21:45.204+0600][56.212s][info][gc,metaspace] GC(128) Metaspace: 127M used, 129M committed, 1152M reserved
[2026-04-03T02:21:45.204+0600][56.212s][info][gc,ref      ] GC(128) Soft: 3296 encountered, 0 discovered, 0 enqueued
[2026-04-03T02:21:45.204+0600][56.212s][info][gc,ref      ] GC(128) Weak: 14743 encountered, 7177 discovered, 34 enqueued
[2026-04-03T02:21:45.204+0600][56.212s][info][gc,ref      ] GC(128) Final: 84 encountered, 48 discovered, 0 enqueued
[2026-04-03T02:21:45.204+0600][56.212s][info][gc,ref      ] GC(128) Phantom: 620 encountered, 500 discovered, 0 enqueued
[2026-04-03T02:21:45.204+0600][56.212s][info][gc,reloc    ] GC(128) Small Pages: 176 / 352M, Empty: 42M, Relocated: 3M, In-Place: 0
[2026-04-03T02:21:45.204+0600][56.212s][info][gc,reloc    ] GC(128) Medium Pages: 3 / 48M, Empty: 32M, Relocated: 0M, In-Place: 0
[2026-04-03T02:21:45.204+0600][56.212s][info][gc,reloc    ] GC(128) Large Pages: 5 / 28M, Empty: 24M, Relocated: 0M, In-Place: 0
[2026-04-03T02:21:45.204+0600][56.212s][info][gc,reloc    ] GC(128) Forwarding Usage: 1M
[2026-04-03T02:21:45.204+0600][56.212s][info][gc,heap     ] GC(128) Min Capacity: 8M(1%)
[2026-04-03T02:21:45.204+0600][56.212s][info][gc,heap     ] GC(128) Max Capacity: 1000M(100%)
[2026-04-03T02:21:45.204+0600][56.212s][info][gc,heap     ] GC(128) Soft Max Capacity: 1000M(100%)
[2026-04-03T02:21:45.204+0600][56.212s][info][gc,heap     ] GC(128)                Mark Start          Mark End        Relocate Start      Relocate End           High               Low         
[2026-04-03T02:21:45.204+0600][56.212s][info][gc,heap     ] GC(128)  Capacity:     1000M (100%)       1000M (100%)       1000M (100%)       1000M (100%)       1000M (100%)       1000M (100%)   
[2026-04-03T02:21:45.204+0600][56.212s][info][gc,heap     ] GC(128)      Free:      572M (57%)         370M (37%)         422M (42%)         616M (62%)         616M (62%)         324M (32%)    
[2026-04-03T02:21:45.204+0600][56.212s][info][gc,heap     ] GC(128)      Used:      428M (43%)         630M (63%)         578M (58%)         384M (38%)         676M (68%)         384M (38%)    
[2026-04-03T02:21:45.204+0600][56.212s][info][gc,heap     ] GC(128)      Live:         -               105M (11%)         105M (11%)         105M (11%)            -                  -          
[2026-04-03T02:21:45.204+0600][56.212s][info][gc,heap     ] GC(128) Allocated:         -               202M (20%)         248M (25%)         251M (25%)            -                  -          
[2026-04-03T02:21:45.204+0600][56.212s][info][gc,heap     ] GC(128)   Garbage:         -               322M (32%)         224M (22%)          26M (3%)             -                  -          
[2026-04-03T02:21:45.204+0600][56.212s][info][gc,heap     ] GC(128) Reclaimed:         -                  -                98M (10%)         295M (30%)            -                  -          
[2026-04-03T02:21:45.204+0600][56.212s][info][gc          ] GC(128) Garbage Collection (Allocation Rate) 428M(43%)->384M(38%)
[2026-04-03T02:21:45.296+0600][56.304s][info][gc,start    ] GC(129) Garbage Collection (Allocation Rate)
[2026-04-03T02:21:45.296+0600][56.304s][info][gc,task     ] GC(129) Using 2 workers
[2026-04-03T02:21:45.296+0600][56.304s][info][gc,phases   ] GC(129) Pause Mark Start 0.013ms
[2026-04-03T02:21:45.437+0600][56.445s][info][gc,phases   ] GC(129) Concurrent Mark 140.458ms
[2026-04-03T02:21:45.437+0600][56.445s][info][gc,phases   ] GC(129) Pause Mark End 0.048ms
[2026-04-03T02:21:45.438+0600][56.446s][info][gc,phases   ] GC(129) Concurrent Mark Free 0.003ms
[2026-04-03T02:21:45.467+0600][56.475s][info][gc,phases   ] GC(129) Concurrent Process Non-Strong References 29.502ms
[2026-04-03T02:21:45.467+0600][56.475s][info][gc,phases   ] GC(129) Concurrent Reset Relocation Set 0.015ms
[2026-04-03T02:21:45.472+0600][56.480s][info][gc,phases   ] GC(129) Concurrent Select Relocation Set 4.406ms
[2026-04-03T02:21:45.472+0600][56.480s][info][gc,phases   ] GC(129) Pause Relocate Start 0.018ms
[2026-04-03T02:21:45.477+0600][56.485s][info][gc,phases   ] GC(129) Concurrent Relocate 4.815ms
[2026-04-03T02:21:45.478+0600][56.486s][info][gc,load     ] GC(129) Load: 7.08/6.44/5.94
[2026-04-03T02:21:45.478+0600][56.486s][info][gc,mmu      ] GC(129) MMU: 2ms/90.1%, 5ms/96.1%, 10ms/98.0%, 20ms/99.0%, 50ms/99.6%, 100ms/99.7%
[2026-04-03T02:21:45.478+0600][56.486s][info][gc,marking  ] GC(129) Mark: 2 stripe(s), 2 proactive flush(es), 1 terminate flush(es), 0 completion(s), 0 continuation(s) 
[2026-04-03T02:21:45.478+0600][56.486s][info][gc,marking  ] GC(129) Mark Stack Usage: 32M
[2026-04-03T02:21:45.478+0600][56.486s][info][gc,nmethod  ] GC(129) NMethods: 14965 registered, 1975 unregistered
[2026-04-03T02:21:45.478+0600][56.486s][info][gc,metaspace] GC(129) Metaspace: 127M used, 129M committed, 1152M reserved
[2026-04-03T02:21:45.478+0600][56.486s][info][gc,ref      ] GC(129) Soft: 3292 encountered, 0 discovered, 0 enqueued
[2026-04-03T02:21:45.478+0600][56.486s][info][gc,ref      ] GC(129) Weak: 15215 encountered, 7176 discovered, 11 enqueued
[2026-04-03T02:21:45.478+0600][56.486s][info][gc,ref      ] GC(129) Final: 84 encountered, 48 discovered, 0 enqueued
[2026-04-03T02:21:45.478+0600][56.486s][info][gc,ref      ] GC(129) Phantom: 620 encountered, 588 discovered, 0 enqueued
[2026-04-03T02:21:45.478+0600][56.486s][info][gc,reloc    ] GC(129) Small Pages: 184 / 368M, Empty: 110M, Relocated: 3M, In-Place: 0
[2026-04-03T02:21:45.478+0600][56.486s][info][gc,reloc    ] GC(129) Medium Pages: 6 / 96M, Empty: 80M, Relocated: 0M, In-Place: 0
[2026-04-03T02:21:45.478+0600][56.486s][info][gc,reloc    ] GC(129) Large Pages: 8 / 46M, Empty: 42M, Relocated: 0M, In-Place: 0
[2026-04-03T02:21:45.478+0600][56.486s][info][gc,reloc    ] GC(129) Forwarding Usage: 1M
[2026-04-03T02:21:45.478+0600][56.486s][info][gc,heap     ] GC(129) Min Capacity: 8M(1%)
[2026-04-03T02:21:45.478+0600][56.486s][info][gc,heap     ] GC(129) Max Capacity: 1000M(100%)
[2026-04-03T02:21:45.478+0600][56.486s][info][gc,heap     ] GC(129) Soft Max Capacity: 1000M(100%)
[2026-04-03T02:21:45.478+0600][56.486s][info][gc,heap     ] GC(129)                Mark Start          Mark End        Relocate Start      Relocate End           High               Low         
[2026-04-03T02:21:45.478+0600][56.486s][info][gc,heap     ] GC(129)  Capacity:     1000M (100%)       1000M (100%)       1000M (100%)       1000M (100%)       1000M (100%)       1000M (100%)   
[2026-04-03T02:21:45.478+0600][56.486s][info][gc,heap     ] GC(129)      Free:      490M (49%)         300M (30%)         484M (48%)         630M (63%)         630M (63%)         278M (28%)    
[2026-04-03T02:21:45.478+0600][56.486s][info][gc,heap     ] GC(129)      Used:      510M (51%)         700M (70%)         516M (52%)         370M (37%)         722M (72%)         370M (37%)    
[2026-04-03T02:21:45.478+0600][56.486s][info][gc,heap     ] GC(129)      Live:         -               104M (10%)         104M (10%)         104M (10%)            -                  -          
[2026-04-03T02:21:45.478+0600][56.486s][info][gc,heap     ] GC(129) Allocated:         -               190M (19%)         238M (24%)         241M (24%)            -                  -          
[2026-04-03T02:21:45.478+0600][56.486s][info][gc,heap     ] GC(129)   Garbage:         -               405M (41%)         173M (17%)          23M (2%)             -                  -          
[2026-04-03T02:21:45.478+0600][56.486s][info][gc,heap     ] GC(129) Reclaimed:         -                  -               232M (23%)         381M (38%)            -                  -          
[2026-04-03T02:21:45.478+0600][56.486s][info][gc          ] GC(129) Garbage Collection (Allocation Rate) 510M(51%)->370M(37%)
[2026-04-03T02:21:45.695+0600][56.704s][info][gc,start    ] GC(130) Garbage Collection (Allocation Rate)
[2026-04-03T02:21:45.696+0600][56.704s][info][gc,task     ] GC(130) Using 3 workers
[2026-04-03T02:21:45.696+0600][56.704s][info][gc,phases   ] GC(130) Pause Mark Start 0.023ms
[2026-04-03T02:21:45.788+0600][56.796s][info][gc,phases   ] GC(130) Concurrent Mark 92.424ms
[2026-04-03T02:21:45.789+0600][56.797s][info][gc,phases   ] GC(130) Pause Mark End 0.025ms
[2026-04-03T02:21:45.789+0600][56.797s][info][gc,phases   ] GC(130) Concurrent Mark Free 0.002ms
[2026-04-03T02:21:45.805+0600][56.813s][info][gc,phases   ] GC(130) Concurrent Process Non-Strong References 15.835ms
[2026-04-03T02:21:45.805+0600][56.813s][info][gc,phases   ] GC(130) Concurrent Reset Relocation Set 0.008ms
[2026-04-03T02:21:45.809+0600][56.817s][info][gc,phases   ] GC(130) Concurrent Select Relocation Set 3.848ms
[2026-04-03T02:21:45.809+0600][56.817s][info][gc,phases   ] GC(130) Pause Relocate Start 0.013ms
[2026-04-03T02:21:45.814+0600][56.822s][info][gc,phases   ] GC(130) Concurrent Relocate 4.736ms
[2026-04-03T02:21:45.814+0600][56.822s][info][gc,load     ] GC(130) Load: 7.08/6.44/5.94
[2026-04-03T02:21:45.814+0600][56.822s][info][gc,mmu      ] GC(130) MMU: 2ms/90.1%, 5ms/96.1%, 10ms/98.0%, 20ms/99.0%, 50ms/99.6%, 100ms/99.7%
[2026-04-03T02:21:45.814+0600][56.822s][info][gc,marking  ] GC(130) Mark: 2 stripe(s), 2 proactive flush(es), 1 terminate flush(es), 0 completion(s), 0 continuation(s) 
[2026-04-03T02:21:45.814+0600][56.822s][info][gc,marking  ] GC(130) Mark Stack Usage: 32M
[2026-04-03T02:21:45.814+0600][56.822s][info][gc,nmethod  ] GC(130) NMethods: 14969 registered, 1987 unregistered
[2026-04-03T02:21:45.814+0600][56.822s][info][gc,metaspace] GC(130) Metaspace: 127M used, 129M committed, 1152M reserved
[2026-04-03T02:21:45.814+0600][56.822s][info][gc,ref      ] GC(130) Soft: 3299 encountered, 0 discovered, 0 enqueued
[2026-04-03T02:21:45.814+0600][56.822s][info][gc,ref      ] GC(130) Weak: 15923 encountered, 6181 discovered, 1424 enqueued
[2026-04-03T02:21:45.814+0600][56.822s][info][gc,ref      ] GC(130) Final: 84 encountered, 0 discovered, 0 enqueued
[2026-04-03T02:21:45.814+0600][56.822s][info][gc,ref      ] GC(130) Phantom: 620 encountered, 510 discovered, 0 enqueued
[2026-04-03T02:21:45.814+0600][56.822s][info][gc,reloc    ] GC(130) Small Pages: 248 / 496M, Empty: 160M, Relocated: 4M, In-Place: 0
[2026-04-03T02:21:45.814+0600][56.822s][info][gc,reloc    ] GC(130) Medium Pages: 6 / 96M, Empty: 80M, Relocated: 0M, In-Place: 0
[2026-04-03T02:21:45.814+0600][56.822s][info][gc,reloc    ] GC(130) Large Pages: 11 / 64M, Empty: 60M, Relocated: 0M, In-Place: 0
[2026-04-03T02:21:45.814+0600][56.822s][info][gc,reloc    ] GC(130) Forwarding Usage: 1M
[2026-04-03T02:21:45.814+0600][56.822s][info][gc,heap     ] GC(130) Min Capacity: 8M(1%)
[2026-04-03T02:21:45.814+0600][56.822s][info][gc,heap     ] GC(130) Max Capacity: 1000M(100%)
[2026-04-03T02:21:45.814+0600][56.822s][info][gc,heap     ] GC(130) Soft Max Capacity: 1000M(100%)
[2026-04-03T02:21:45.814+0600][56.822s][info][gc,heap     ] GC(130)                Mark Start          Mark End        Relocate Start      Relocate End           High               Low         
[2026-04-03T02:21:45.814+0600][56.822s][info][gc,heap     ] GC(130)  Capacity:     1000M (100%)       1000M (100%)       1000M (100%)       1000M (100%)       1000M (100%)       1000M (100%)   
[2026-04-03T02:21:45.814+0600][56.822s][info][gc,heap     ] GC(130)      Free:      344M (34%)         240M (24%)         522M (52%)         746M (75%)         746M (75%)         230M (23%)    
[2026-04-03T02:21:45.814+0600][56.822s][info][gc,heap     ] GC(130)      Used:      656M (66%)         760M (76%)         478M (48%)         254M (25%)         770M (77%)         254M (25%)    
[2026-04-03T02:21:45.814+0600][56.822s][info][gc,heap     ] GC(130)      Live:         -               107M (11%)         107M (11%)         107M (11%)            -                  -          
[2026-04-03T02:21:45.814+0600][56.822s][info][gc,heap     ] GC(130) Allocated:         -               104M (10%)         122M (12%)         121M (12%)            -                  -          
[2026-04-03T02:21:45.814+0600][56.822s][info][gc,heap     ] GC(130)   Garbage:         -               548M (55%)         248M (25%)          24M (2%)             -                  -          
[2026-04-03T02:21:45.814+0600][56.822s][info][gc,heap     ] GC(130) Reclaimed:         -                  -               300M (30%)         523M (52%)            -                  -          
[2026-04-03T02:21:45.814+0600][56.822s][info][gc          ] GC(130) Garbage Collection (Allocation Rate) 656M(66%)->254M(25%)
[2026-04-03T02:21:45.996+0600][57.004s][info][gc,start    ] GC(131) Garbage Collection (Allocation Rate)
[2026-04-03T02:21:45.996+0600][57.004s][info][gc,task     ] GC(131) Using 2 workers
[2026-04-03T02:21:45.996+0600][57.004s][info][gc,phases   ] GC(131) Pause Mark Start 0.037ms
[2026-04-03T02:21:46.159+0600][57.167s][info][gc,phases   ] GC(131) Concurrent Mark 162.018ms
[2026-04-03T02:21:46.159+0600][57.167s][info][gc,phases   ] GC(131) Pause Mark End 0.037ms
[2026-04-03T02:21:46.159+0600][57.167s][info][gc,phases   ] GC(131) Concurrent Mark Free 0.003ms
[2026-04-03T02:21:46.204+0600][57.212s][info][gc,phases   ] GC(131) Concurrent Process Non-Strong References 44.589ms
[2026-04-03T02:21:46.204+0600][57.212s][info][gc,phases   ] GC(131) Concurrent Reset Relocation Set 0.013ms
[2026-04-03T02:21:46.207+0600][57.215s][info][gc,phases   ] GC(131) Concurrent Select Relocation Set 3.372ms
[2026-04-03T02:21:46.207+0600][57.215s][info][gc,phases   ] GC(131) Pause Relocate Start 0.014ms
[2026-04-03T02:21:46.215+0600][57.223s][info][gc,phases   ] GC(131) Concurrent Relocate 7.293ms
[2026-04-03T02:21:46.215+0600][57.223s][info][gc,load     ] GC(131) Load: 7.08/6.44/5.94
[2026-04-03T02:21:46.215+0600][57.223s][info][gc,mmu      ] GC(131) MMU: 2ms/90.1%, 5ms/96.1%, 10ms/98.0%, 20ms/99.0%, 50ms/99.6%, 100ms/99.7%
[2026-04-03T02:21:46.215+0600][57.223s][info][gc,marking  ] GC(131) Mark: 2 stripe(s), 2 proactive flush(es), 1 terminate flush(es), 0 completion(s), 0 continuation(s) 
[2026-04-03T02:21:46.215+0600][57.223s][info][gc,marking  ] GC(131) Mark Stack Usage: 32M
[2026-04-03T02:21:46.215+0600][57.223s][info][gc,nmethod  ] GC(131) NMethods: 14977 registered, 1993 unregistered
[2026-04-03T02:21:46.215+0600][57.223s][info][gc,metaspace] GC(131) Metaspace: 127M used, 129M committed, 1152M reserved
[2026-04-03T02:21:46.215+0600][57.223s][info][gc,ref      ] GC(131) Soft: 3371 encountered, 0 discovered, 0 enqueued
[2026-04-03T02:21:46.215+0600][57.223s][info][gc,ref      ] GC(131) Weak: 15145 encountered, 6100 discovered, 338 enqueued
[2026-04-03T02:21:46.215+0600][57.223s][info][gc,ref      ] GC(131) Final: 84 encountered, 48 discovered, 0 enqueued
[2026-04-03T02:21:46.215+0600][57.223s][info][gc,ref      ] GC(131) Phantom: 620 encountered, 505 discovered, 0 enqueued
[2026-04-03T02:21:46.215+0600][57.223s][info][gc,reloc    ] GC(131) Small Pages: 187 / 374M, Empty: 56M, Relocated: 6M, In-Place: 0
[2026-04-03T02:21:46.215+0600][57.223s][info][gc,reloc    ] GC(131) Medium Pages: 3 / 48M, Empty: 32M, Relocated: 0M, In-Place: 0
[2026-04-03T02:21:46.215+0600][57.223s][info][gc,reloc    ] GC(131) Large Pages: 8 / 46M, Empty: 42M, Relocated: 0M, In-Place: 0
[2026-04-03T02:21:46.215+0600][57.223s][info][gc,reloc    ] GC(131) Forwarding Usage: 2M
[2026-04-03T02:21:46.215+0600][57.223s][info][gc,heap     ] GC(131) Min Capacity: 8M(1%)
[2026-04-03T02:21:46.215+0600][57.223s][info][gc,heap     ] GC(131) Max Capacity: 1000M(100%)
[2026-04-03T02:21:46.215+0600][57.223s][info][gc,heap     ] GC(131) Soft Max Capacity: 1000M(100%)
[2026-04-03T02:21:46.215+0600][57.223s][info][gc,heap     ] GC(131)                Mark Start          Mark End        Relocate Start      Relocate End           High               Low         
[2026-04-03T02:21:46.215+0600][57.223s][info][gc,heap     ] GC(131)  Capacity:     1000M (100%)       1000M (100%)       1000M (100%)       1000M (100%)       1000M (100%)       1000M (100%)   
[2026-04-03T02:21:46.215+0600][57.223s][info][gc,heap     ] GC(131)      Free:      532M (53%)         254M (25%)         350M (35%)         548M (55%)         548M (55%)         222M (22%)    
[2026-04-03T02:21:46.215+0600][57.223s][info][gc,heap     ] GC(131)      Used:      468M (47%)         746M (75%)         650M (65%)         452M (45%)         778M (78%)         452M (45%)    
[2026-04-03T02:21:46.215+0600][57.223s][info][gc,heap     ] GC(131)      Live:         -               107M (11%)         107M (11%)         107M (11%)            -                  -          
[2026-04-03T02:21:46.215+0600][57.223s][info][gc,heap     ] GC(131) Allocated:         -               278M (28%)         312M (31%)         319M (32%)            -                  -          
[2026-04-03T02:21:46.215+0600][57.223s][info][gc,heap     ] GC(131)   Garbage:         -               360M (36%)         230M (23%)          24M (2%)             -                  -          
[2026-04-03T02:21:46.215+0600][57.223s][info][gc,heap     ] GC(131) Reclaimed:         -                  -               130M (13%)         335M (34%)            -                  -          
[2026-04-03T02:21:46.215+0600][57.223s][info][gc          ] GC(131) Garbage Collection (Allocation Rate) 468M(47%)->452M(45%)
[2026-04-03T02:21:46.295+0600][57.303s][info][gc,start    ] GC(132) Garbage Collection (Allocation Rate)
[2026-04-03T02:21:46.295+0600][57.303s][info][gc,task     ] GC(132) Using 3 workers
[2026-04-03T02:21:46.296+0600][57.304s][info][gc,phases   ] GC(132) Pause Mark Start 0.013ms
[2026-04-03T02:21:46.402+0600][57.410s][info][gc,phases   ] GC(132) Concurrent Mark 106.753ms
[2026-04-03T02:21:46.403+0600][57.411s][info][gc,phases   ] GC(132) Pause Mark End 0.057ms
[2026-04-03T02:21:46.403+0600][57.411s][info][gc,phases   ] GC(132) Concurrent Mark Free 0.002ms
[2026-04-03T02:21:46.420+0600][57.428s][info][gc,phases   ] GC(132) Concurrent Process Non-Strong References 17.379ms
[2026-04-03T02:21:46.421+0600][57.429s][info][gc,phases   ] GC(132) Concurrent Reset Relocation Set 0.015ms
[2026-04-03T02:21:46.425+0600][57.433s][info][gc,phases   ] GC(132) Concurrent Select Relocation Set 4.187ms
[2026-04-03T02:21:46.425+0600][57.433s][info][gc,phases   ] GC(132) Pause Relocate Start 0.015ms
[2026-04-03T02:21:46.430+0600][57.438s][info][gc,phases   ] GC(132) Concurrent Relocate 4.921ms
[2026-04-03T02:21:46.430+0600][57.438s][info][gc,load     ] GC(132) Load: 7.08/6.44/5.94
[2026-04-03T02:21:46.430+0600][57.438s][info][gc,mmu      ] GC(132) MMU: 2ms/90.1%, 5ms/96.1%, 10ms/98.0%, 20ms/99.0%, 50ms/99.6%, 100ms/99.7%
[2026-04-03T02:21:46.430+0600][57.438s][info][gc,marking  ] GC(132) Mark: 2 stripe(s), 2 proactive flush(es), 1 terminate flush(es), 0 completion(s), 0 continuation(s) 
[2026-04-03T02:21:46.430+0600][57.438s][info][gc,marking  ] GC(132) Mark Stack Usage: 32M
[2026-04-03T02:21:46.430+0600][57.438s][info][gc,nmethod  ] GC(132) NMethods: 14980 registered, 1996 unregistered
[2026-04-03T02:21:46.430+0600][57.438s][info][gc,metaspace] GC(132) Metaspace: 127M used, 129M committed, 1152M reserved
[2026-04-03T02:21:46.430+0600][57.438s][info][gc,ref      ] GC(132) Soft: 3394 encountered, 0 discovered, 0 enqueued
[2026-04-03T02:21:46.430+0600][57.438s][info][gc,ref      ] GC(132) Weak: 15221 encountered, 5142 discovered, 572 enqueued
[2026-04-03T02:21:46.430+0600][57.438s][info][gc,ref      ] GC(132) Final: 84 encountered, 0 discovered, 0 enqueued
[2026-04-03T02:21:46.430+0600][57.438s][info][gc,ref      ] GC(132) Phantom: 620 encountered, 509 discovered, 0 enqueued
[2026-04-03T02:21:46.430+0600][57.438s][info][gc,reloc    ] GC(132) Small Pages: 216 / 432M, Empty: 220M, Relocated: 6M, In-Place: 0
[2026-04-03T02:21:46.430+0600][57.438s][info][gc,reloc    ] GC(132) Medium Pages: 3 / 48M, Empty: 32M, Relocated: 0M, In-Place: 0
[2026-04-03T02:21:46.430+0600][57.438s][info][gc,reloc    ] GC(132) Large Pages: 22 / 130M, Empty: 102M, Relocated: 0M, In-Place: 0
[2026-04-03T02:21:46.430+0600][57.438s][info][gc,reloc    ] GC(132) Forwarding Usage: 2M
[2026-04-03T02:21:46.430+0600][57.438s][info][gc,heap     ] GC(132) Min Capacity: 8M(1%)
[2026-04-03T02:21:46.430+0600][57.438s][info][gc,heap     ] GC(132) Max Capacity: 1000M(100%)
[2026-04-03T02:21:46.430+0600][57.438s][info][gc,heap     ] GC(132) Soft Max Capacity: 1000M(100%)
[2026-04-03T02:21:46.430+0600][57.438s][info][gc,heap     ] GC(132)                Mark Start          Mark End        Relocate Start      Relocate End           High               Low         
[2026-04-03T02:21:46.430+0600][57.438s][info][gc,heap     ] GC(132)  Capacity:     1000M (100%)       1000M (100%)       1000M (100%)       1000M (100%)       1000M (100%)       1000M (100%)   
[2026-04-03T02:21:46.430+0600][57.438s][info][gc,heap     ] GC(132)      Free:      390M (39%)          12M (1%)          356M (36%)         452M (45%)         452M (45%)           8M (1%)     
[2026-04-03T02:21:46.430+0600][57.438s][info][gc,heap     ] GC(132)      Used:      610M (61%)         988M (99%)         644M (64%)         548M (55%)         992M (99%)         548M (55%)    
[2026-04-03T02:21:46.430+0600][57.438s][info][gc,heap     ] GC(132)      Live:         -               131M (13%)         131M (13%)         131M (13%)            -                  -          
[2026-04-03T02:21:46.430+0600][57.438s][info][gc,heap     ] GC(132) Allocated:         -               378M (38%)         388M (39%)         389M (39%)            -                  -          
[2026-04-03T02:21:46.430+0600][57.438s][info][gc,heap     ] GC(132)   Garbage:         -               478M (48%)         124M (12%)          26M (3%)             -                  -          
[2026-04-03T02:21:46.430+0600][57.439s][info][gc,heap     ] GC(132) Reclaimed:         -                  -               354M (35%)         451M (45%)            -                  -          
[2026-04-03T02:21:46.430+0600][57.439s][info][gc          ] GC(132) Garbage Collection (Allocation Rate) 610M(61%)->548M(55%)
[2026-04-03T02:21:46.495+0600][57.504s][info][gc,start    ] GC(133) Garbage Collection (Allocation Rate)
[2026-04-03T02:21:46.496+0600][57.504s][info][gc,task     ] GC(133) Using 3 workers
[2026-04-03T02:21:46.496+0600][57.504s][info][gc,phases   ] GC(133) Pause Mark Start 0.012ms
[2026-04-03T02:21:46.569+0600][57.577s][info][gc,phases   ] GC(133) Concurrent Mark 73.196ms
[2026-04-03T02:21:46.569+0600][57.577s][info][gc,phases   ] GC(133) Pause Mark End 0.024ms
[2026-04-03T02:21:46.569+0600][57.578s][info][gc,phases   ] GC(133) Concurrent Mark Free 0.002ms
[2026-04-03T02:21:46.583+0600][57.591s][info][gc,phases   ] GC(133) Concurrent Process Non-Strong References 13.484ms
[2026-04-03T02:21:46.583+0600][57.591s][info][gc,phases   ] GC(133) Concurrent Reset Relocation Set 0.005ms
[2026-04-03T02:21:46.583+0600][57.591s][info][gc          ] Allocation Stall (Executor task launch worker for task 1.0 in stage 2004.0 (TID 3732)) 72.319ms
[2026-04-03T02:21:46.583+0600][57.591s][info][gc          ] Allocation Stall (Executor task launch worker for task 3.0 in stage 2004.0 (TID 3734)) 72.310ms
[2026-04-03T02:21:46.583+0600][57.591s][info][gc          ] Allocation Stall (Spark Context Cleaner) 37.161ms
[2026-04-03T02:21:46.587+0600][57.595s][info][gc,phases   ] GC(133) Concurrent Select Relocation Set 3.837ms
[2026-04-03T02:21:46.587+0600][57.595s][info][gc,phases   ] GC(133) Pause Relocate Start 0.025ms
[2026-04-03T02:21:46.595+0600][57.603s][info][gc,phases   ] GC(133) Concurrent Relocate 7.735ms
[2026-04-03T02:21:46.595+0600][57.603s][info][gc,load     ] GC(133) Load: 7.08/6.44/5.94
[2026-04-03T02:21:46.595+0600][57.603s][info][gc,mmu      ] GC(133) MMU: 2ms/90.1%, 5ms/96.1%, 10ms/98.0%, 20ms/99.0%, 50ms/99.6%, 100ms/99.7%
[2026-04-03T02:21:46.595+0600][57.603s][info][gc,marking  ] GC(133) Mark: 2 stripe(s), 2 proactive flush(es), 1 terminate flush(es), 0 completion(s), 0 continuation(s) 
[2026-04-03T02:21:46.595+0600][57.603s][info][gc,marking  ] GC(133) Mark Stack Usage: 32M
[2026-04-03T02:21:46.595+0600][57.603s][info][gc,nmethod  ] GC(133) NMethods: 14977 registered, 2004 unregistered
[2026-04-03T02:21:46.595+0600][57.603s][info][gc,metaspace] GC(133) Metaspace: 127M used, 129M committed, 1152M reserved
[2026-04-03T02:21:46.595+0600][57.603s][info][gc,ref      ] GC(133) Soft: 3395 encountered, 0 discovered, 0 enqueued
[2026-04-03T02:21:46.595+0600][57.603s][info][gc,ref      ] GC(133) Weak: 14815 encountered, 3984 discovered, 241 enqueued
[2026-04-03T02:21:46.595+0600][57.603s][info][gc,ref      ] GC(133) Final: 84 encountered, 0 discovered, 0 enqueued
[2026-04-03T02:21:46.595+0600][57.603s][info][gc,ref      ] GC(133) Phantom: 636 encountered, 519 discovered, 0 enqueued
[2026-04-03T02:21:46.595+0600][57.603s][info][gc,reloc    ] GC(133) Small Pages: 127 / 254M, Empty: 20M, Relocated: 13M, In-Place: 0
[2026-04-03T02:21:46.595+0600][57.603s][info][gc,reloc    ] GC(133) Medium Pages: 2 / 32M, Empty: 16M, Relocated: 0M, In-Place: 0
[2026-04-03T02:21:46.595+0600][57.603s][info][gc,reloc    ] GC(133) Large Pages: 109 / 652M, Empty: 624M, Relocated: 0M, In-Place: 0
[2026-04-03T02:21:46.595+0600][57.603s][info][gc,reloc    ] GC(133) Forwarding Usage: 3M
[2026-04-03T02:21:46.595+0600][57.603s][info][gc,heap     ] GC(133) Min Capacity: 8M(1%)
[2026-04-03T02:21:46.595+0600][57.603s][info][gc,heap     ] GC(133) Max Capacity: 1000M(100%)
[2026-04-03T02:21:46.595+0600][57.604s][info][gc,heap     ] GC(133) Soft Max Capacity: 1000M(100%)
[2026-04-03T02:21:46.595+0600][57.604s][info][gc,heap     ] GC(133)                Mark Start          Mark End        Relocate Start      Relocate End           High               Low         
[2026-04-03T02:21:46.595+0600][57.604s][info][gc,heap     ] GC(133)  Capacity:     1000M (100%)       1000M (100%)       1000M (100%)       1000M (100%)       1000M (100%)       1000M (100%)   
[2026-04-03T02:21:46.595+0600][57.604s][info][gc,heap     ] GC(133)      Free:       62M (6%)            0M (0%)          630M (63%)         746M (75%)         746M (75%)           0M (0%)     
[2026-04-03T02:21:46.595+0600][57.604s][info][gc,heap     ] GC(133)      Used:      938M (94%)        1000M (100%)        370M (37%)         254M (25%)        1000M (100%)        254M (25%)    
[2026-04-03T02:21:46.596+0600][57.604s][info][gc,heap     ] GC(133)      Live:         -               130M (13%)         130M (13%)         130M (13%)            -                  -          
[2026-04-03T02:21:46.596+0600][57.604s][info][gc,heap     ] GC(133) Allocated:         -                62M (6%)           92M (9%)           97M (10%)            -                  -          
[2026-04-03T02:21:46.596+0600][57.604s][info][gc,heap     ] GC(133)   Garbage:         -               807M (81%)         147M (15%)          25M (3%)             -                  -          
[2026-04-03T02:21:46.596+0600][57.604s][info][gc,heap     ] GC(133) Reclaimed:         -                  -               660M (66%)         781M (78%)            -                  -          
[2026-04-03T02:21:46.596+0600][57.604s][info][gc          ] GC(133) Garbage Collection (Allocation Rate) 938M(94%)->254M(25%)
[2026-04-03T02:21:46.696+0600][57.704s][info][gc,start    ] GC(134) Garbage Collection (Allocation Stall)
[2026-04-03T02:21:46.696+0600][57.704s][info][gc,ref      ] GC(134) Clearing All SoftReferences
[2026-04-03T02:21:46.696+0600][57.704s][info][gc,task     ] GC(134) Using 3 workers
[2026-04-03T02:21:46.696+0600][57.704s][info][gc,ref      ] GC(134) Clearing All SoftReferences
[2026-04-03T02:21:46.696+0600][57.704s][info][gc,phases   ] GC(134) Pause Mark Start 0.094ms
[2026-04-03T02:21:46.815+0600][57.823s][info][gc,phases   ] GC(134) Concurrent Mark 118.602ms
[2026-04-03T02:21:46.815+0600][57.823s][info][gc,phases   ] GC(134) Pause Mark End 0.037ms
[2026-04-03T02:21:46.816+0600][57.824s][info][gc,phases   ] GC(134) Concurrent Mark Free 0.003ms
[2026-04-03T02:21:46.855+0600][57.863s][info][gc,phases   ] GC(134) Concurrent Process Non-Strong References 39.417ms
[2026-04-03T02:21:46.855+0600][57.863s][info][gc,phases   ] GC(134) Concurrent Reset Relocation Set 0.008ms
[2026-04-03T02:21:46.859+0600][57.867s][info][gc,phases   ] GC(134) Concurrent Select Relocation Set 4.019ms
[2026-04-03T02:21:46.859+0600][57.868s][info][gc,phases   ] GC(134) Pause Relocate Start 0.015ms
[2026-04-03T02:21:46.862+0600][57.870s][info][gc,phases   ] GC(134) Concurrent Relocate 2.653ms
[2026-04-03T02:21:46.862+0600][57.870s][info][gc,load     ] GC(134) Load: 7.08/6.44/5.94
[2026-04-03T02:21:46.862+0600][57.870s][info][gc,mmu      ] GC(134) MMU: 2ms/90.1%, 5ms/96.1%, 10ms/98.0%, 20ms/99.0%, 50ms/99.6%, 100ms/99.7%
[2026-04-03T02:21:46.862+0600][57.870s][info][gc,marking  ] GC(134) Mark: 2 stripe(s), 2 proactive flush(es), 1 terminate flush(es), 0 completion(s), 0 continuation(s) 
[2026-04-03T02:21:46.862+0600][57.870s][info][gc,marking  ] GC(134) Mark Stack Usage: 32M
[2026-04-03T02:21:46.862+0600][57.870s][info][gc,nmethod  ] GC(134) NMethods: 14981 registered, 2010 unregistered
[2026-04-03T02:21:46.862+0600][57.870s][info][gc,metaspace] GC(134) Metaspace: 127M used, 129M committed, 1152M reserved
[2026-04-03T02:21:46.862+0600][57.870s][info][gc,ref      ] GC(134) Soft: 3364 encountered, 2837 discovered, 119 enqueued
[2026-04-03T02:21:46.862+0600][57.870s][info][gc,ref      ] GC(134) Weak: 14786 encountered, 4478 discovered, 185 enqueued
[2026-04-03T02:21:46.862+0600][57.870s][info][gc,ref      ] GC(134) Final: 84 encountered, 0 discovered, 0 enqueued
[2026-04-03T02:21:46.862+0600][57.870s][info][gc,ref      ] GC(134) Phantom: 620 encountered, 475 discovered, 0 enqueued
[2026-04-03T02:21:46.862+0600][57.870s][info][gc,reloc    ] GC(134) Small Pages: 109 / 218M, Empty: 14M, Relocated: 4M, In-Place: 0
[2026-04-03T02:21:46.862+0600][57.870s][info][gc,reloc    ] GC(134) Medium Pages: 3 / 48M, Empty: 32M, Relocated: 0M, In-Place: 0
[2026-04-03T02:21:46.862+0600][57.870s][info][gc,reloc    ] GC(134) Large Pages: 18 / 106M, Empty: 102M, Relocated: 0M, In-Place: 0
[2026-04-03T02:21:46.862+0600][57.870s][info][gc,reloc    ] GC(134) Forwarding Usage: 1M
[2026-04-03T02:21:46.862+0600][57.870s][info][gc,heap     ] GC(134) Min Capacity: 8M(1%)
[2026-04-03T02:21:46.862+0600][57.870s][info][gc,heap     ] GC(134) Max Capacity: 1000M(100%)
[2026-04-03T02:21:46.862+0600][57.870s][info][gc,heap     ] GC(134) Soft Max Capacity: 1000M(100%)
[2026-04-03T02:21:46.862+0600][57.871s][info][gc,heap     ] GC(134)                Mark Start          Mark End        Relocate Start      Relocate End           High               Low         
[2026-04-03T02:21:46.862+0600][57.871s][info][gc,heap     ] GC(134)  Capacity:     1000M (100%)       1000M (100%)       1000M (100%)       1000M (100%)       1000M (100%)       1000M (100%)   
[2026-04-03T02:21:46.862+0600][57.871s][info][gc,heap     ] GC(134)      Free:      628M (63%)         536M (54%)         672M (67%)         766M (77%)         766M (77%)         494M (49%)    
[2026-04-03T02:21:46.862+0600][57.871s][info][gc,heap     ] GC(134)      Used:      372M (37%)         464M (46%)         328M (33%)         234M (23%)         506M (51%)         234M (23%)    
[2026-04-03T02:21:46.862+0600][57.871s][info][gc,heap     ] GC(134)      Live:         -               104M (10%)         104M (10%)         104M (10%)            -                  -          
[2026-04-03T02:21:46.863+0600][57.871s][info][gc,heap     ] GC(134) Allocated:         -                92M (9%)          104M (10%)         103M (10%)            -                  -          
[2026-04-03T02:21:46.863+0600][57.871s][info][gc,heap     ] GC(134)   Garbage:         -               267M (27%)         119M (12%)          25M (3%)             -                  -          
[2026-04-03T02:21:46.863+0600][57.871s][info][gc,heap     ] GC(134) Reclaimed:         -                  -               148M (15%)         241M (24%)            -                  -          
[2026-04-03T02:21:46.863+0600][57.871s][info][gc          ] GC(134) Garbage Collection (Allocation Stall) 372M(37%)->234M(23%)
[2026-04-03T02:21:46.896+0600][57.904s][info][gc,start    ] GC(135) Garbage Collection (Allocation Rate)
[2026-04-03T02:21:46.896+0600][57.904s][info][gc,task     ] GC(135) Using 3 workers
[2026-04-03T02:21:46.896+0600][57.904s][info][gc,phases   ] GC(135) Pause Mark Start 0.010ms
[2026-04-03T02:21:46.977+0600][57.985s][info][gc,phases   ] GC(135) Concurrent Mark 81.067ms
[2026-04-03T02:21:46.978+0600][57.986s][info][gc,phases   ] GC(135) Pause Mark End 0.030ms
[2026-04-03T02:21:46.978+0600][57.986s][info][gc,phases   ] GC(135) Concurrent Mark Free 0.003ms
[2026-04-03T02:21:46.995+0600][58.003s][info][gc,phases   ] GC(135) Concurrent Process Non-Strong References 16.583ms
[2026-04-03T02:21:46.995+0600][58.003s][info][gc,phases   ] GC(135) Concurrent Reset Relocation Set 0.012ms
[2026-04-03T02:21:46.998+0600][58.006s][info][gc,phases   ] GC(135) Concurrent Select Relocation Set 3.364ms
[2026-04-03T02:21:46.998+0600][58.006s][info][gc,phases   ] GC(135) Pause Relocate Start 0.014ms
[2026-04-03T02:21:47.002+0600][58.010s][info][gc,phases   ] GC(135) Concurrent Relocate 3.133ms
[2026-04-03T02:21:47.002+0600][58.010s][info][gc,load     ] GC(135) Load: 7.08/6.44/5.94
[2026-04-03T02:21:47.002+0600][58.010s][info][gc,mmu      ] GC(135) MMU: 2ms/90.1%, 5ms/96.1%, 10ms/98.0%, 20ms/99.0%, 50ms/99.6%, 100ms/99.7%
[2026-04-03T02:21:47.002+0600][58.010s][info][gc,marking  ] GC(135) Mark: 2 stripe(s), 2 proactive flush(es), 1 terminate flush(es), 0 completion(s), 0 continuation(s) 
[2026-04-03T02:21:47.002+0600][58.010s][info][gc,marking  ] GC(135) Mark Stack Usage: 32M
[2026-04-03T02:21:47.002+0600][58.010s][info][gc,nmethod  ] GC(135) NMethods: 14981 registered, 2010 unregistered
[2026-04-03T02:21:47.002+0600][58.010s][info][gc,metaspace] GC(135) Metaspace: 127M used, 129M committed, 1152M reserved
[2026-04-03T02:21:47.002+0600][58.010s][info][gc,ref      ] GC(135) Soft: 3247 encountered, 0 discovered, 0 enqueued
[2026-04-03T02:21:47.002+0600][58.010s][info][gc,ref      ] GC(135) Weak: 14626 encountered, 4543 discovered, 423 enqueued
[2026-04-03T02:21:47.002+0600][58.010s][info][gc,ref      ] GC(135) Final: 84 encountered, 1 discovered, 0 enqueued
[2026-04-03T02:21:47.002+0600][58.010s][info][gc,ref      ] GC(135) Phantom: 620 encountered, 595 discovered, 0 enqueued
[2026-04-03T02:21:47.002+0600][58.010s][info][gc,reloc    ] GC(135) Small Pages: 91 / 182M, Empty: 4M, Relocated: 5M, In-Place: 0
[2026-04-03T02:21:47.002+0600][58.010s][info][gc,reloc    ] GC(135) Medium Pages: 3 / 48M, Empty: 32M, Relocated: 0M, In-Place: 0
[2026-04-03T02:21:47.002+0600][58.010s][info][gc,reloc    ] GC(135) Large Pages: 4 / 22M, Empty: 18M, Relocated: 0M, In-Place: 0
[2026-04-03T02:21:47.002+0600][58.010s][info][gc,reloc    ] GC(135) Forwarding Usage: 1M
[2026-04-03T02:21:47.002+0600][58.010s][info][gc,heap     ] GC(135) Min Capacity: 8M(1%)
[2026-04-03T02:21:47.002+0600][58.010s][info][gc,heap     ] GC(135) Max Capacity: 1000M(100%)
[2026-04-03T02:21:47.002+0600][58.010s][info][gc,heap     ] GC(135) Soft Max Capacity: 1000M(100%)
[2026-04-03T02:21:47.002+0600][58.010s][info][gc,heap     ] GC(135)                Mark Start          Mark End        Relocate Start      Relocate End           High               Low         
[2026-04-03T02:21:47.002+0600][58.010s][info][gc,heap     ] GC(135)  Capacity:     1000M (100%)       1000M (100%)       1000M (100%)       1000M (100%)       1000M (100%)       1000M (100%)   
[2026-04-03T02:21:47.002+0600][58.010s][info][gc,heap     ] GC(135)      Free:      748M (75%)         710M (71%)         738M (74%)         808M (81%)         808M (81%)         686M (69%)    
[2026-04-03T02:21:47.002+0600][58.010s][info][gc,heap     ] GC(135)      Used:      252M (25%)         290M (29%)         262M (26%)         192M (19%)         314M (31%)         192M (19%)    
[2026-04-03T02:21:47.002+0600][58.010s][info][gc,heap     ] GC(135)      Live:         -               103M (10%)         103M (10%)         103M (10%)            -                  -          
[2026-04-03T02:21:47.002+0600][58.010s][info][gc,heap     ] GC(135) Allocated:         -                38M (4%)           64M (6%)           63M (6%)             -                  -          
[2026-04-03T02:21:47.002+0600][58.010s][info][gc,heap     ] GC(135)   Garbage:         -               148M (15%)          94M (9%)           24M (2%)             -                  -          
[2026-04-03T02:21:47.002+0600][58.010s][info][gc,heap     ] GC(135) Reclaimed:         -                  -                54M (5%)          123M (12%)            -                  -          
[2026-04-03T02:21:47.002+0600][58.010s][info][gc          ] GC(135) Garbage Collection (Allocation Rate) 252M(25%)->192M(19%)
[2026-04-03T02:21:47.096+0600][58.104s][info][gc,start    ] GC(136) Garbage Collection (Allocation Rate)
[2026-04-03T02:21:47.096+0600][58.104s][info][gc,task     ] GC(136) Using 3 workers
[2026-04-03T02:21:47.096+0600][58.105s][info][gc,phases   ] GC(136) Pause Mark Start 0.010ms
[2026-04-03T02:21:47.177+0600][58.185s][info][gc,phases   ] GC(136) Concurrent Mark 80.380ms
[2026-04-03T02:21:47.177+0600][58.185s][info][gc,phases   ] GC(136) Pause Mark End 0.030ms
[2026-04-03T02:21:47.177+0600][58.185s][info][gc,phases   ] GC(136) Concurrent Mark Free 0.003ms
[2026-04-03T02:21:47.194+0600][58.202s][info][gc,phases   ] GC(136) Concurrent Process Non-Strong References 16.596ms
[2026-04-03T02:21:47.194+0600][58.202s][info][gc,phases   ] GC(136) Concurrent Reset Relocation Set 0.011ms
[2026-04-03T02:21:47.197+0600][58.205s][info][gc,phases   ] GC(136) Concurrent Select Relocation Set 2.900ms
[2026-04-03T02:21:47.197+0600][58.205s][info][gc,phases   ] GC(136) Pause Relocate Start 0.014ms
[2026-04-03T02:21:47.200+0600][58.208s][info][gc,phases   ] GC(136) Concurrent Relocate 2.236ms
[2026-04-03T02:21:47.200+0600][58.208s][info][gc,load     ] GC(136) Load: 7.08/6.44/5.94
[2026-04-03T02:21:47.200+0600][58.208s][info][gc,mmu      ] GC(136) MMU: 2ms/90.1%, 5ms/96.1%, 10ms/98.0%, 20ms/99.0%, 50ms/99.6%, 100ms/99.7%
[2026-04-03T02:21:47.200+0600][58.208s][info][gc,marking  ] GC(136) Mark: 2 stripe(s), 2 proactive flush(es), 1 terminate flush(es), 0 completion(s), 0 continuation(s) 
[2026-04-03T02:21:47.200+0600][58.208s][info][gc,marking  ] GC(136) Mark Stack Usage: 32M
[2026-04-03T02:21:47.200+0600][58.208s][info][gc,nmethod  ] GC(136) NMethods: 14982 registered, 2010 unregistered
[2026-04-03T02:21:47.200+0600][58.208s][info][gc,metaspace] GC(136) Metaspace: 127M used, 129M committed, 1152M reserved
[2026-04-03T02:21:47.200+0600][58.208s][info][gc,ref      ] GC(136) Soft: 3247 encountered, 0 discovered, 0 enqueued
[2026-04-03T02:21:47.200+0600][58.208s][info][gc,ref      ] GC(136) Weak: 14205 encountered, 4320 discovered, 4 enqueued
[2026-04-03T02:21:47.200+0600][58.208s][info][gc,ref      ] GC(136) Final: 84 encountered, 0 discovered, 0 enqueued
[2026-04-03T02:21:47.200+0600][58.208s][info][gc,ref      ] GC(136) Phantom: 620 encountered, 359 discovered, 0 enqueued
[2026-04-03T02:21:47.200+0600][58.208s][info][gc,reloc    ] GC(136) Small Pages: 113 / 226M, Empty: 12M, Relocated: 3M, In-Place: 0
[2026-04-03T02:21:47.200+0600][58.208s][info][gc,reloc    ] GC(136) Medium Pages: 1 / 16M, Empty: 0M, Relocated: 0M, In-Place: 0
[2026-04-03T02:21:47.200+0600][58.208s][info][gc,reloc    ] GC(136) Large Pages: 1 / 4M, Empty: 0M, Relocated: 0M, In-Place: 0
[2026-04-03T02:21:47.200+0600][58.208s][info][gc,reloc    ] GC(136) Forwarding Usage: 1M
[2026-04-03T02:21:47.200+0600][58.208s][info][gc,heap     ] GC(136) Min Capacity: 8M(1%)
[2026-04-03T02:21:47.200+0600][58.208s][info][gc,heap     ] GC(136) Max Capacity: 1000M(100%)
[2026-04-03T02:21:47.200+0600][58.208s][info][gc,heap     ] GC(136) Soft Max Capacity: 1000M(100%)
[2026-04-03T02:21:47.200+0600][58.208s][info][gc,heap     ] GC(136)                Mark Start          Mark End        Relocate Start      Relocate End           High               Low         
[2026-04-03T02:21:47.200+0600][58.208s][info][gc,heap     ] GC(136)  Capacity:     1000M (100%)       1000M (100%)       1000M (100%)       1000M (100%)       1000M (100%)       1000M (100%)   
[2026-04-03T02:21:47.200+0600][58.208s][info][gc,heap     ] GC(136)      Free:      754M (75%)         716M (72%)         720M (72%)         826M (83%)         826M (83%)         708M (71%)    
[2026-04-03T02:21:47.200+0600][58.208s][info][gc,heap     ] GC(136)      Used:      246M (25%)         284M (28%)         280M (28%)         174M (17%)         292M (29%)         174M (17%)    
[2026-04-03T02:21:47.200+0600][58.208s][info][gc,heap     ] GC(136)      Live:         -               103M (10%)         103M (10%)         103M (10%)            -                  -          
[2026-04-03T02:21:47.200+0600][58.208s][info][gc,heap     ] GC(136) Allocated:         -                38M (4%)           46M (5%)           45M (5%)             -                  -          
[2026-04-03T02:21:47.200+0600][58.208s][info][gc,heap     ] GC(136)   Garbage:         -               142M (14%)         130M (13%)          24M (2%)             -                  -          
[2026-04-03T02:21:47.200+0600][58.208s][info][gc,heap     ] GC(136) Reclaimed:         -                  -                12M (1%)          117M (12%)            -                  -          
[2026-04-03T02:21:47.200+0600][58.208s][info][gc          ] GC(136) Garbage Collection (Allocation Rate) 246M(25%)->174M(17%)
[2026-04-03T02:21:47.395+0600][58.403s][info][gc,start    ] GC(137) Garbage Collection (Allocation Rate)
[2026-04-03T02:21:47.395+0600][58.403s][info][gc,task     ] GC(137) Using 3 workers
[2026-04-03T02:21:47.396+0600][58.404s][info][gc,phases   ] GC(137) Pause Mark Start 0.009ms
[2026-04-03T02:21:47.511+0600][58.519s][info][gc,phases   ] GC(137) Concurrent Mark 115.348ms
[2026-04-03T02:21:47.512+0600][58.520s][info][gc,phases   ] GC(137) Pause Mark End 0.044ms
[2026-04-03T02:21:47.512+0600][58.520s][info][gc,phases   ] GC(137) Concurrent Mark Free 0.001ms
[2026-04-03T02:21:47.538+0600][58.546s][info][gc,phases   ] GC(137) Concurrent Process Non-Strong References 26.310ms
[2026-04-03T02:21:47.538+0600][58.546s][info][gc,phases   ] GC(137) Concurrent Reset Relocation Set 0.015ms
[2026-04-03T02:21:47.544+0600][58.552s][info][gc,phases   ] GC(137) Concurrent Select Relocation Set 5.566ms
[2026-04-03T02:21:47.544+0600][58.553s][info][gc,phases   ] GC(137) Pause Relocate Start 0.019ms
[2026-04-03T02:21:47.548+0600][58.556s][info][gc,phases   ] GC(137) Concurrent Relocate 3.556ms
[2026-04-03T02:21:47.548+0600][58.556s][info][gc,load     ] GC(137) Load: 7.08/6.44/5.94
[2026-04-03T02:21:47.548+0600][58.556s][info][gc,mmu      ] GC(137) MMU: 2ms/90.1%, 5ms/96.1%, 10ms/98.0%, 20ms/99.0%, 50ms/99.6%, 100ms/99.7%
[2026-04-03T02:21:47.548+0600][58.556s][info][gc,marking  ] GC(137) Mark: 2 stripe(s), 2 proactive flush(es), 1 terminate flush(es), 0 completion(s), 0 continuation(s) 
[2026-04-03T02:21:47.548+0600][58.556s][info][gc,marking  ] GC(137) Mark Stack Usage: 32M
[2026-04-03T02:21:47.548+0600][58.556s][info][gc,nmethod  ] GC(137) NMethods: 14990 registered, 2011 unregistered
[2026-04-03T02:21:47.548+0600][58.556s][info][gc,metaspace] GC(137) Metaspace: 127M used, 129M committed, 1152M reserved
[2026-04-03T02:21:47.548+0600][58.556s][info][gc,ref      ] GC(137) Soft: 3272 encountered, 0 discovered, 0 enqueued
[2026-04-03T02:21:47.548+0600][58.556s][info][gc,ref      ] GC(137) Weak: 14774 encountered, 5013 discovered, 27 enqueued
[2026-04-03T02:21:47.548+0600][58.556s][info][gc,ref      ] GC(137) Final: 84 encountered, 0 discovered, 0 enqueued
[2026-04-03T02:21:47.548+0600][58.557s][info][gc,ref      ] GC(137) Phantom: 620 encountered, 539 discovered, 0 enqueued
[2026-04-03T02:21:47.548+0600][58.557s][info][gc,reloc    ] GC(137) Small Pages: 156 / 312M, Empty: 36M, Relocated: 3M, In-Place: 0
[2026-04-03T02:21:47.548+0600][58.557s][info][gc,reloc    ] GC(137) Medium Pages: 4 / 64M, Empty: 48M, Relocated: 0M, In-Place: 0
[2026-04-03T02:21:47.548+0600][58.557s][info][gc,reloc    ] GC(137) Large Pages: 6 / 34M, Empty: 30M, Relocated: 0M, In-Place: 0
[2026-04-03T02:21:47.548+0600][58.557s][info][gc,reloc    ] GC(137) Forwarding Usage: 0M
[2026-04-03T02:21:47.549+0600][58.557s][info][gc,heap     ] GC(137) Min Capacity: 8M(1%)
[2026-04-03T02:21:47.549+0600][58.557s][info][gc,heap     ] GC(137) Max Capacity: 1000M(100%)
[2026-04-03T02:21:47.549+0600][58.557s][info][gc,heap     ] GC(137) Soft Max Capacity: 1000M(100%)
[2026-04-03T02:21:47.549+0600][58.557s][info][gc,heap     ] GC(137)                Mark Start          Mark End        Relocate Start      Relocate End           High               Low         
[2026-04-03T02:21:47.549+0600][58.557s][info][gc,heap     ] GC(137)  Capacity:     1000M (100%)       1000M (100%)       1000M (100%)       1000M (100%)       1000M (100%)       1000M (100%)   
[2026-04-03T02:21:47.549+0600][58.557s][info][gc,heap     ] GC(137)      Free:      590M (59%)         460M (46%)         554M (55%)         716M (72%)         716M (72%)         440M (44%)    
[2026-04-03T02:21:47.549+0600][58.557s][info][gc,heap     ] GC(137)      Used:      410M (41%)         540M (54%)         446M (45%)         284M (28%)         560M (56%)         284M (28%)    
[2026-04-03T02:21:47.549+0600][58.557s][info][gc,heap     ] GC(137)      Live:         -               105M (11%)         105M (11%)         105M (11%)            -                  -          
[2026-04-03T02:21:47.549+0600][58.557s][info][gc,heap     ] GC(137) Allocated:         -               130M (13%)         150M (15%)         153M (15%)            -                  -          
[2026-04-03T02:21:47.549+0600][58.557s][info][gc,heap     ] GC(137)   Garbage:         -               304M (30%)         190M (19%)          24M (2%)             -                  -          
[2026-04-03T02:21:47.549+0600][58.557s][info][gc,heap     ] GC(137) Reclaimed:         -                  -               114M (11%)         279M (28%)            -                  -          
[2026-04-03T02:21:47.549+0600][58.557s][info][gc          ] GC(137) Garbage Collection (Allocation Rate) 410M(41%)->284M(28%)
[2026-04-03T02:21:47.595+0600][58.604s][info][gc,start    ] GC(138) Garbage Collection (Allocation Rate)
[2026-04-03T02:21:47.596+0600][58.604s][info][gc,task     ] GC(138) Using 3 workers
[2026-04-03T02:21:47.596+0600][58.604s][info][gc,phases   ] GC(138) Pause Mark Start 0.015ms
[2026-04-03T02:21:47.709+0600][58.717s][info][gc,phases   ] GC(138) Concurrent Mark 113.123ms
[2026-04-03T02:21:47.709+0600][58.718s][info][gc,phases   ] GC(138) Pause Mark End 0.039ms
[2026-04-03T02:21:47.710+0600][58.718s][info][gc,phases   ] GC(138) Concurrent Mark Free 0.002ms
[2026-04-03T02:21:47.732+0600][58.740s][info][gc,phases   ] GC(138) Concurrent Process Non-Strong References 22.479ms
[2026-04-03T02:21:47.732+0600][58.740s][info][gc,phases   ] GC(138) Concurrent Reset Relocation Set 0.008ms
[2026-04-03T02:21:47.736+0600][58.744s][info][gc,phases   ] GC(138) Concurrent Select Relocation Set 3.736ms
[2026-04-03T02:21:47.736+0600][58.744s][info][gc,phases   ] GC(138) Pause Relocate Start 0.015ms
[2026-04-03T02:21:47.739+0600][58.747s][info][gc,phases   ] GC(138) Concurrent Relocate 2.607ms
[2026-04-03T02:21:47.739+0600][58.747s][info][gc,load     ] GC(138) Load: 7.08/6.44/5.94
[2026-04-03T02:21:47.739+0600][58.747s][info][gc,mmu      ] GC(138) MMU: 2ms/90.1%, 5ms/96.1%, 10ms/98.0%, 20ms/99.0%, 50ms/99.6%, 100ms/99.7%
[2026-04-03T02:21:47.739+0600][58.747s][info][gc,marking  ] GC(138) Mark: 2 stripe(s), 2 proactive flush(es), 1 terminate flush(es), 0 completion(s), 0 continuation(s) 
[2026-04-03T02:21:47.739+0600][58.747s][info][gc,marking  ] GC(138) Mark Stack Usage: 32M
[2026-04-03T02:21:47.739+0600][58.747s][info][gc,nmethod  ] GC(138) NMethods: 14992 registered, 2015 unregistered
[2026-04-03T02:21:47.739+0600][58.747s][info][gc,metaspace] GC(138) Metaspace: 127M used, 129M committed, 1152M reserved
[2026-04-03T02:21:47.739+0600][58.747s][info][gc,ref      ] GC(138) Soft: 3272 encountered, 0 discovered, 0 enqueued
[2026-04-03T02:21:47.739+0600][58.747s][info][gc,ref      ] GC(138) Weak: 15036 encountered, 4321 discovered, 8 enqueued
[2026-04-03T02:21:47.739+0600][58.747s][info][gc,ref      ] GC(138) Final: 84 encountered, 0 discovered, 0 enqueued
[2026-04-03T02:21:47.739+0600][58.747s][info][gc,ref      ] GC(138) Phantom: 620 encountered, 510 discovered, 0 enqueued
[2026-04-03T02:21:47.739+0600][58.747s][info][gc,reloc    ] GC(138) Small Pages: 132 / 264M, Empty: 48M, Relocated: 1M, In-Place: 0
[2026-04-03T02:21:47.739+0600][58.747s][info][gc,reloc    ] GC(138) Medium Pages: 4 / 64M, Empty: 48M, Relocated: 0M, In-Place: 0
[2026-04-03T02:21:47.739+0600][58.747s][info][gc,reloc    ] GC(138) Large Pages: 5 / 28M, Empty: 18M, Relocated: 0M, In-Place: 0
[2026-04-03T02:21:47.739+0600][58.747s][info][gc,reloc    ] GC(138) Forwarding Usage: 0M
[2026-04-03T02:21:47.739+0600][58.747s][info][gc,heap     ] GC(138) Min Capacity: 8M(1%)
[2026-04-03T02:21:47.739+0600][58.747s][info][gc,heap     ] GC(138) Max Capacity: 1000M(100%)
[2026-04-03T02:21:47.739+0600][58.747s][info][gc,heap     ] GC(138) Soft Max Capacity: 1000M(100%)
[2026-04-03T02:21:47.739+0600][58.747s][info][gc,heap     ] GC(138)                Mark Start          Mark End        Relocate Start      Relocate End           High               Low         
[2026-04-03T02:21:47.739+0600][58.747s][info][gc,heap     ] GC(138)  Capacity:     1000M (100%)       1000M (100%)       1000M (100%)       1000M (100%)       1000M (100%)       1000M (100%)   
[2026-04-03T02:21:47.739+0600][58.747s][info][gc,heap     ] GC(138)      Free:      644M (64%)         496M (50%)         588M (59%)         688M (69%)         688M (69%)         474M (47%)    
[2026-04-03T02:21:47.739+0600][58.748s][info][gc,heap     ] GC(138)      Used:      356M (36%)         504M (50%)         412M (41%)         312M (31%)         526M (53%)         312M (31%)    
[2026-04-03T02:21:47.739+0600][58.748s][info][gc,heap     ] GC(138)      Live:         -               110M (11%)         110M (11%)         110M (11%)            -                  -          
[2026-04-03T02:21:47.739+0600][58.748s][info][gc,heap     ] GC(138) Allocated:         -               148M (15%)         170M (17%)         173M (17%)            -                  -          
[2026-04-03T02:21:47.739+0600][58.748s][info][gc,heap     ] GC(138)   Garbage:         -               245M (25%)         131M (13%)          27M (3%)             -                  -          
[2026-04-03T02:21:47.739+0600][58.748s][info][gc,heap     ] GC(138) Reclaimed:         -                  -               114M (11%)         217M (22%)            -                  -          
[2026-04-03T02:21:47.740+0600][58.748s][info][gc          ] GC(138) Garbage Collection (Allocation Rate) 356M(36%)->312M(31%)
[2026-04-03T02:21:47.796+0600][58.804s][info][gc,start    ] GC(139) Garbage Collection (Allocation Rate)
[2026-04-03T02:21:47.796+0600][58.804s][info][gc,task     ] GC(139) Using 3 workers
[2026-04-03T02:21:47.797+0600][58.805s][info][gc,phases   ] GC(139) Pause Mark Start 0.017ms
[2026-04-03T02:21:47.913+0600][58.921s][info][gc,phases   ] GC(139) Concurrent Mark 116.289ms
[2026-04-03T02:21:47.913+0600][58.921s][info][gc,phases   ] GC(139) Pause Mark End 0.030ms
[2026-04-03T02:21:47.914+0600][58.922s][info][gc,phases   ] GC(139) Concurrent Mark Free 0.002ms
[2026-04-03T02:21:47.937+0600][58.945s][info][gc,phases   ] GC(139) Concurrent Process Non-Strong References 22.964ms
[2026-04-03T02:21:47.937+0600][58.945s][info][gc,phases   ] GC(139) Concurrent Reset Relocation Set 0.010ms
[2026-04-03T02:21:47.942+0600][58.950s][info][gc,phases   ] GC(139) Concurrent Select Relocation Set 5.524ms
[2026-04-03T02:21:47.943+0600][58.951s][info][gc,phases   ] GC(139) Pause Relocate Start 0.016ms
[2026-04-03T02:21:47.948+0600][58.956s][info][gc,phases   ] GC(139) Concurrent Relocate 4.756ms
[2026-04-03T02:21:47.948+0600][58.956s][info][gc,load     ] GC(139) Load: 7.08/6.44/5.94
[2026-04-03T02:21:47.948+0600][58.956s][info][gc,mmu      ] GC(139) MMU: 2ms/90.1%, 5ms/96.1%, 10ms/98.0%, 20ms/99.0%, 50ms/99.6%, 100ms/99.7%
[2026-04-03T02:21:47.948+0600][58.956s][info][gc,marking  ] GC(139) Mark: 2 stripe(s), 2 proactive flush(es), 1 terminate flush(es), 0 completion(s), 0 continuation(s) 
[2026-04-03T02:21:47.948+0600][58.956s][info][gc,marking  ] GC(139) Mark Stack Usage: 32M
[2026-04-03T02:21:47.948+0600][58.956s][info][gc,nmethod  ] GC(139) NMethods: 15006 registered, 2020 unregistered
[2026-04-03T02:21:47.948+0600][58.956s][info][gc,metaspace] GC(139) Metaspace: 127M used, 129M committed, 1152M reserved
[2026-04-03T02:21:47.948+0600][58.956s][info][gc,ref      ] GC(139) Soft: 3280 encountered, 0 discovered, 0 enqueued
[2026-04-03T02:21:47.948+0600][58.956s][info][gc,ref      ] GC(139) Weak: 15319 encountered, 4342 discovered, 9 enqueued
[2026-04-03T02:21:47.948+0600][58.956s][info][gc,ref      ] GC(139) Final: 84 encountered, 0 discovered, 0 enqueued
[2026-04-03T02:21:47.948+0600][58.956s][info][gc,ref      ] GC(139) Phantom: 621 encountered, 458 discovered, 0 enqueued
[2026-04-03T02:21:47.948+0600][58.956s][info][gc,reloc    ] GC(139) Small Pages: 147 / 294M, Empty: 44M, Relocated: 6M, In-Place: 0
[2026-04-03T02:21:47.948+0600][58.956s][info][gc,reloc    ] GC(139) Medium Pages: 4 / 64M, Empty: 48M, Relocated: 0M, In-Place: 0
[2026-04-03T02:21:47.948+0600][58.956s][info][gc,reloc    ] GC(139) Large Pages: 6 / 34M, Empty: 30M, Relocated: 0M, In-Place: 0
[2026-04-03T02:21:47.948+0600][58.956s][info][gc,reloc    ] GC(139) Forwarding Usage: 1M
[2026-04-03T02:21:47.948+0600][58.956s][info][gc,heap     ] GC(139) Min Capacity: 8M(1%)
[2026-04-03T02:21:47.948+0600][58.956s][info][gc,heap     ] GC(139) Max Capacity: 1000M(100%)
[2026-04-03T02:21:47.948+0600][58.956s][info][gc,heap     ] GC(139) Soft Max Capacity: 1000M(100%)
[2026-04-03T02:21:47.948+0600][58.956s][info][gc,heap     ] GC(139)                Mark Start          Mark End        Relocate Start      Relocate End           High               Low         
[2026-04-03T02:21:47.948+0600][58.956s][info][gc,heap     ] GC(139)  Capacity:     1000M (100%)       1000M (100%)       1000M (100%)       1000M (100%)       1000M (100%)       1000M (100%)   
[2026-04-03T02:21:47.948+0600][58.956s][info][gc,heap     ] GC(139)      Free:      608M (61%)         458M (46%)         534M (53%)         650M (65%)         666M (67%)         416M (42%)    
[2026-04-03T02:21:47.948+0600][58.956s][info][gc,heap     ] GC(139)      Used:      392M (39%)         542M (54%)         466M (47%)         350M (35%)         584M (58%)         334M (33%)    
[2026-04-03T02:21:47.948+0600][58.956s][info][gc,heap     ] GC(139)      Live:         -               108M (11%)         108M (11%)         108M (11%)            -                  -          
[2026-04-03T02:21:47.948+0600][58.956s][info][gc,heap     ] GC(139) Allocated:         -               150M (15%)         196M (20%)         215M (22%)            -                  -          
[2026-04-03T02:21:47.948+0600][58.956s][info][gc,heap     ] GC(139)   Garbage:         -               283M (28%)         161M (16%)          25M (3%)             -                  -          
[2026-04-03T02:21:47.948+0600][58.956s][info][gc,heap     ] GC(139) Reclaimed:         -                  -               122M (12%)         257M (26%)            -                  -          
[2026-04-03T02:21:47.948+0600][58.956s][info][gc          ] GC(139) Garbage Collection (Allocation Rate) 392M(39%)->350M(35%)
[2026-04-03T02:21:47.995+0600][59.003s][info][gc,start    ] GC(140) Garbage Collection (Allocation Rate)
[2026-04-03T02:21:47.995+0600][59.003s][info][gc,task     ] GC(140) Using 3 workers
[2026-04-03T02:21:47.996+0600][59.004s][info][gc,phases   ] GC(140) Pause Mark Start 0.013ms
[2026-04-03T02:21:48.113+0600][59.121s][info][gc,phases   ] GC(140) Concurrent Mark 117.582ms
[2026-04-03T02:21:48.114+0600][59.122s][info][gc,phases   ] GC(140) Pause Mark End 0.038ms
[2026-04-03T02:21:48.114+0600][59.122s][info][gc,phases   ] GC(140) Concurrent Mark Free 0.003ms
[2026-04-03T02:21:48.139+0600][59.147s][info][gc,phases   ] GC(140) Concurrent Process Non-Strong References 25.504ms
[2026-04-03T02:21:48.140+0600][59.148s][info][gc,phases   ] GC(140) Concurrent Reset Relocation Set 0.018ms
[2026-04-03T02:21:48.143+0600][59.151s][info][gc,phases   ] GC(140) Concurrent Select Relocation Set 3.784ms
[2026-04-03T02:21:48.144+0600][59.152s][info][gc,phases   ] GC(140) Pause Relocate Start 0.018ms
[2026-04-03T02:21:48.146+0600][59.154s][info][gc,phases   ] GC(140) Concurrent Relocate 2.214ms
[2026-04-03T02:21:48.146+0600][59.154s][info][gc,load     ] GC(140) Load: 7.08/6.44/5.94
[2026-04-03T02:21:48.146+0600][59.154s][info][gc,mmu      ] GC(140) MMU: 2ms/90.1%, 5ms/96.1%, 10ms/98.0%, 20ms/99.0%, 50ms/99.6%, 100ms/99.7%
[2026-04-03T02:21:48.146+0600][59.154s][info][gc,marking  ] GC(140) Mark: 2 stripe(s), 2 proactive flush(es), 1 terminate flush(es), 0 completion(s), 0 continuation(s) 
[2026-04-03T02:21:48.146+0600][59.154s][info][gc,marking  ] GC(140) Mark Stack Usage: 32M
[2026-04-03T02:21:48.146+0600][59.154s][info][gc,nmethod  ] GC(140) NMethods: 14999 registered, 2029 unregistered
[2026-04-03T02:21:48.146+0600][59.154s][info][gc,metaspace] GC(140) Metaspace: 127M used, 129M committed, 1152M reserved
[2026-04-03T02:21:48.146+0600][59.154s][info][gc,ref      ] GC(140) Soft: 3274 encountered, 0 discovered, 0 enqueued
[2026-04-03T02:21:48.146+0600][59.154s][info][gc,ref      ] GC(140) Weak: 15605 encountered, 3841 discovered, 14 enqueued
[2026-04-03T02:21:48.146+0600][59.154s][info][gc,ref      ] GC(140) Final: 84 encountered, 0 discovered, 0 enqueued
[2026-04-03T02:21:48.146+0600][59.154s][info][gc,ref      ] GC(140) Phantom: 620 encountered, 478 discovered, 0 enqueued
[2026-04-03T02:21:48.146+0600][59.154s][info][gc,reloc    ] GC(140) Small Pages: 144 / 288M, Empty: 58M, Relocated: 3M, In-Place: 0
[2026-04-03T02:21:48.146+0600][59.154s][info][gc,reloc    ] GC(140) Medium Pages: 4 / 64M, Empty: 48M, Relocated: 0M, In-Place: 0
[2026-04-03T02:21:48.146+0600][59.154s][info][gc,reloc    ] GC(140) Large Pages: 5 / 28M, Empty: 24M, Relocated: 0M, In-Place: 0
[2026-04-03T02:21:48.146+0600][59.154s][info][gc,reloc    ] GC(140) Forwarding Usage: 1M
[2026-04-03T02:21:48.146+0600][59.154s][info][gc,heap     ] GC(140) Min Capacity: 8M(1%)
[2026-04-03T02:21:48.146+0600][59.154s][info][gc,heap     ] GC(140) Max Capacity: 1000M(100%)
[2026-04-03T02:21:48.146+0600][59.154s][info][gc,heap     ] GC(140) Soft Max Capacity: 1000M(100%)
[2026-04-03T02:21:48.146+0600][59.154s][info][gc,heap     ] GC(140)                Mark Start          Mark End        Relocate Start      Relocate End           High               Low         
[2026-04-03T02:21:48.146+0600][59.154s][info][gc,heap     ] GC(140)  Capacity:     1000M (100%)       1000M (100%)       1000M (100%)       1000M (100%)       1000M (100%)       1000M (100%)   
[2026-04-03T02:21:48.146+0600][59.154s][info][gc,heap     ] GC(140)      Free:      620M (62%)         468M (47%)         558M (56%)         678M (68%)         678M (68%)         428M (43%)    
[2026-04-03T02:21:48.146+0600][59.154s][info][gc,heap     ] GC(140)      Used:      380M (38%)         532M (53%)         442M (44%)         322M (32%)         572M (57%)         322M (32%)    
[2026-04-03T02:21:48.146+0600][59.154s][info][gc,heap     ] GC(140)      Live:         -               104M (10%)         104M (10%)         104M (10%)            -                  -          
[2026-04-03T02:21:48.146+0600][59.154s][info][gc,heap     ] GC(140) Allocated:         -               152M (15%)         192M (19%)         191M (19%)            -                  -          
[2026-04-03T02:21:48.146+0600][59.154s][info][gc,heap     ] GC(140)   Garbage:         -               275M (28%)         145M (15%)          25M (3%)             -                  -          
[2026-04-03T02:21:48.146+0600][59.154s][info][gc,heap     ] GC(140) Reclaimed:         -                  -               130M (13%)         249M (25%)            -                  -          
[2026-04-03T02:21:48.146+0600][59.154s][info][gc          ] GC(140) Garbage Collection (Allocation Rate) 380M(38%)->322M(32%)
[2026-04-03T02:21:48.396+0600][59.404s][info][gc,start    ] GC(141) Garbage Collection (Allocation Rate)
[2026-04-03T02:21:48.396+0600][59.404s][info][gc,task     ] GC(141) Using 2 workers
[2026-04-03T02:21:48.396+0600][59.404s][info][gc,phases   ] GC(141) Pause Mark Start 0.008ms
[2026-04-03T02:21:48.488+0600][59.496s][info][gc,phases   ] GC(141) Concurrent Mark 91.703ms
[2026-04-03T02:21:48.488+0600][59.496s][info][gc,phases   ] GC(141) Pause Mark End 0.022ms
[2026-04-03T02:21:48.488+0600][59.496s][info][gc,phases   ] GC(141) Concurrent Mark Free 0.002ms
[2026-04-03T02:21:48.508+0600][59.516s][info][gc,phases   ] GC(141) Concurrent Process Non-Strong References 19.436ms
[2026-04-03T02:21:48.508+0600][59.516s][info][gc,phases   ] GC(141) Concurrent Reset Relocation Set 0.009ms
[2026-04-03T02:21:48.511+0600][59.519s][info][gc,phases   ] GC(141) Concurrent Select Relocation Set 2.946ms
[2026-04-03T02:21:48.511+0600][59.519s][info][gc,phases   ] GC(141) Pause Relocate Start 0.010ms
[2026-04-03T02:21:48.514+0600][59.522s][info][gc,phases   ] GC(141) Concurrent Relocate 3.073ms
[2026-04-03T02:21:48.514+0600][59.522s][info][gc,load     ] GC(141) Load: 7.08/6.44/5.94
[2026-04-03T02:21:48.514+0600][59.522s][info][gc,mmu      ] GC(141) MMU: 2ms/90.1%, 5ms/96.1%, 10ms/98.0%, 20ms/99.0%, 50ms/99.6%, 100ms/99.7%
[2026-04-03T02:21:48.514+0600][59.522s][info][gc,marking  ] GC(141) Mark: 2 stripe(s), 2 proactive flush(es), 1 terminate flush(es), 0 completion(s), 0 continuation(s) 
[2026-04-03T02:21:48.514+0600][59.522s][info][gc,marking  ] GC(141) Mark Stack Usage: 32M
[2026-04-03T02:21:48.514+0600][59.522s][info][gc,nmethod  ] GC(141) NMethods: 15018 registered, 2032 unregistered
[2026-04-03T02:21:48.514+0600][59.522s][info][gc,metaspace] GC(141) Metaspace: 127M used, 129M committed, 1152M reserved
[2026-04-03T02:21:48.514+0600][59.522s][info][gc,ref      ] GC(141) Soft: 3274 encountered, 0 discovered, 0 enqueued
[2026-04-03T02:21:48.514+0600][59.522s][info][gc,ref      ] GC(141) Weak: 15985 encountered, 6503 discovered, 1624 enqueued
[2026-04-03T02:21:48.514+0600][59.522s][info][gc,ref      ] GC(141) Final: 84 encountered, 0 discovered, 0 enqueued
[2026-04-03T02:21:48.514+0600][59.522s][info][gc,ref      ] GC(141) Phantom: 620 encountered, 508 discovered, 0 enqueued
[2026-04-03T02:21:48.514+0600][59.522s][info][gc,reloc    ] GC(141) Small Pages: 198 / 396M, Empty: 50M, Relocated: 3M, In-Place: 0
[2026-04-03T02:21:48.514+0600][59.522s][info][gc,reloc    ] GC(141) Medium Pages: 4 / 64M, Empty: 48M, Relocated: 0M, In-Place: 0
[2026-04-03T02:21:48.514+0600][59.522s][info][gc,reloc    ] GC(141) Large Pages: 8 / 46M, Empty: 42M, Relocated: 0M, In-Place: 0
[2026-04-03T02:21:48.514+0600][59.522s][info][gc,reloc    ] GC(141) Forwarding Usage: 1M
[2026-04-03T02:21:48.514+0600][59.522s][info][gc,heap     ] GC(141) Min Capacity: 8M(1%)
[2026-04-03T02:21:48.514+0600][59.522s][info][gc,heap     ] GC(141) Max Capacity: 1000M(100%)
[2026-04-03T02:21:48.514+0600][59.522s][info][gc,heap     ] GC(141) Soft Max Capacity: 1000M(100%)
[2026-04-03T02:21:48.514+0600][59.522s][info][gc,heap     ] GC(141)                Mark Start          Mark End        Relocate Start      Relocate End           High               Low         
[2026-04-03T02:21:48.514+0600][59.522s][info][gc,heap     ] GC(141)  Capacity:     1000M (100%)       1000M (100%)       1000M (100%)       1000M (100%)       1000M (100%)       1000M (100%)   
[2026-04-03T02:21:48.514+0600][59.522s][info][gc,heap     ] GC(141)      Free:      494M (49%)         444M (44%)         560M (56%)         796M (80%)         796M (80%)         424M (42%)    
[2026-04-03T02:21:48.514+0600][59.522s][info][gc,heap     ] GC(141)      Used:      506M (51%)         556M (56%)         440M (44%)         204M (20%)         576M (58%)         204M (20%)    
[2026-04-03T02:21:48.514+0600][59.522s][info][gc,heap     ] GC(141)      Live:         -               104M (10%)         104M (10%)         104M (10%)            -                  -          
[2026-04-03T02:21:48.514+0600][59.522s][info][gc,heap     ] GC(141) Allocated:         -                50M (5%)           74M (7%)           73M (7%)             -                  -          
[2026-04-03T02:21:48.514+0600][59.523s][info][gc,heap     ] GC(141)   Garbage:         -               401M (40%)         261M (26%)          25M (3%)             -                  -          
[2026-04-03T02:21:48.514+0600][59.523s][info][gc,heap     ] GC(141) Reclaimed:         -                  -               140M (14%)         375M (38%)            -                  -          
[2026-04-03T02:21:48.514+0600][59.523s][info][gc          ] GC(141) Garbage Collection (Allocation Rate) 506M(51%)->204M(20%)
[2026-04-03T02:21:48.696+0600][59.704s][info][gc,start    ] GC(142) Garbage Collection (Allocation Rate)
[2026-04-03T02:21:48.696+0600][59.704s][info][gc,task     ] GC(142) Using 2 workers
[2026-04-03T02:21:48.696+0600][59.704s][info][gc,phases   ] GC(142) Pause Mark Start 0.018ms
[2026-04-03T02:21:48.854+0600][59.862s][info][gc,phases   ] GC(142) Concurrent Mark 158.079ms
[2026-04-03T02:21:48.855+0600][59.863s][info][gc,phases   ] GC(142) Pause Mark End 0.034ms
[2026-04-03T02:21:48.855+0600][59.863s][info][gc,phases   ] GC(142) Concurrent Mark Free 0.003ms
[2026-04-03T02:21:48.884+0600][59.892s][info][gc,phases   ] GC(142) Concurrent Process Non-Strong References 29.570ms
[2026-04-03T02:21:48.884+0600][59.893s][info][gc,phases   ] GC(142) Concurrent Reset Relocation Set 0.019ms
[2026-04-03T02:21:48.889+0600][59.897s][info][gc,phases   ] GC(142) Concurrent Select Relocation Set 4.609ms
[2026-04-03T02:21:48.890+0600][59.898s][info][gc,phases   ] GC(142) Pause Relocate Start 0.017ms
[2026-04-03T02:21:48.894+0600][59.902s][info][gc,phases   ] GC(142) Concurrent Relocate 4.366ms
[2026-04-03T02:21:48.894+0600][59.902s][info][gc,load     ] GC(142) Load: 7.08/6.44/5.94
[2026-04-03T02:21:48.894+0600][59.902s][info][gc,mmu      ] GC(142) MMU: 2ms/90.1%, 5ms/96.1%, 10ms/98.0%, 20ms/99.0%, 50ms/99.6%, 100ms/99.7%
[2026-04-03T02:21:48.894+0600][59.902s][info][gc,marking  ] GC(142) Mark: 2 stripe(s), 2 proactive flush(es), 1 terminate flush(es), 0 completion(s), 0 continuation(s) 
[2026-04-03T02:21:48.894+0600][59.902s][info][gc,marking  ] GC(142) Mark Stack Usage: 32M
[2026-04-03T02:21:48.894+0600][59.902s][info][gc,nmethod  ] GC(142) NMethods: 15026 registered, 2038 unregistered
[2026-04-03T02:21:48.894+0600][59.902s][info][gc,metaspace] GC(142) Metaspace: 127M used, 129M committed, 1152M reserved
[2026-04-03T02:21:48.894+0600][59.902s][info][gc,ref      ] GC(142) Soft: 3292 encountered, 0 discovered, 0 enqueued
[2026-04-03T02:21:48.894+0600][59.902s][info][gc,ref      ] GC(142) Weak: 14745 encountered, 6300 discovered, 34 enqueued
[2026-04-03T02:21:48.894+0600][59.902s][info][gc,ref      ] GC(142) Final: 84 encountered, 48 discovered, 0 enqueued
[2026-04-03T02:21:48.894+0600][59.902s][info][gc,ref      ] GC(142) Phantom: 620 encountered, 508 discovered, 0 enqueued
[2026-04-03T02:21:48.894+0600][59.902s][info][gc,reloc    ] GC(142) Small Pages: 166 / 332M, Empty: 38M, Relocated: 3M, In-Place: 0
[2026-04-03T02:21:48.894+0600][59.902s][info][gc,reloc    ] GC(142) Medium Pages: 3 / 48M, Empty: 32M, Relocated: 0M, In-Place: 0
[2026-04-03T02:21:48.894+0600][59.902s][info][gc,reloc    ] GC(142) Large Pages: 5 / 28M, Empty: 24M, Relocated: 0M, In-Place: 0
[2026-04-03T02:21:48.894+0600][59.903s][info][gc,reloc    ] GC(142) Forwarding Usage: 1M
[2026-04-03T02:21:48.894+0600][59.903s][info][gc,heap     ] GC(142) Min Capacity: 8M(1%)
[2026-04-03T02:21:48.894+0600][59.903s][info][gc,heap     ] GC(142) Max Capacity: 1000M(100%)
[2026-04-03T02:21:48.894+0600][59.903s][info][gc,heap     ] GC(142) Soft Max Capacity: 1000M(100%)
[2026-04-03T02:21:48.894+0600][59.903s][info][gc,heap     ] GC(142)                Mark Start          Mark End        Relocate Start      Relocate End           High               Low         
[2026-04-03T02:21:48.895+0600][59.903s][info][gc,heap     ] GC(142)  Capacity:     1000M (100%)       1000M (100%)       1000M (100%)       1000M (100%)       1000M (100%)       1000M (100%)   
[2026-04-03T02:21:48.895+0600][59.903s][info][gc,heap     ] GC(142)      Free:      592M (59%)         392M (39%)         430M (43%)         614M (61%)         614M (61%)         338M (34%)    
[2026-04-03T02:21:48.895+0600][59.903s][info][gc,heap     ] GC(142)      Used:      408M (41%)         608M (61%)         570M (57%)         386M (39%)         662M (66%)         386M (39%)    
[2026-04-03T02:21:48.895+0600][59.903s][info][gc,heap     ] GC(142)      Live:         -               104M (10%)         104M (10%)         104M (10%)            -                  -          
[2026-04-03T02:21:48.895+0600][59.903s][info][gc,heap     ] GC(142) Allocated:         -               200M (20%)         256M (26%)         257M (26%)            -                  -          
[2026-04-03T02:21:48.895+0600][59.903s][info][gc,heap     ] GC(142)   Garbage:         -               303M (30%)         209M (21%)          23M (2%)             -                  -          
[2026-04-03T02:21:48.895+0600][59.903s][info][gc,heap     ] GC(142) Reclaimed:         -                  -                94M (9%)          279M (28%)            -                  -          
[2026-04-03T02:21:48.895+0600][59.903s][info][gc          ] GC(142) Garbage Collection (Allocation Rate) 408M(41%)->386M(39%)
[2026-04-03T02:21:48.995+0600][60.003s][info][gc,start    ] GC(143) Garbage Collection (Allocation Rate)
[2026-04-03T02:21:48.995+0600][60.003s][info][gc,task     ] GC(143) Using 2 workers
[2026-04-03T02:21:48.996+0600][60.004s][info][gc,phases   ] GC(143) Pause Mark Start 0.016ms
[2026-04-03T02:21:49.096+0600][60.104s][info][gc,stats    ] === Garbage Collection Statistics =======================================================================================================================
[2026-04-03T02:21:49.096+0600][60.104s][info][gc,stats    ]                                                              Last 10s              Last 10m              Last 10h                Total
[2026-04-03T02:21:49.096+0600][60.104s][info][gc,stats    ]                                                              Avg / Max             Avg / Max             Avg / Max             Avg / Max
[2026-04-03T02:21:49.096+0600][60.104s][info][gc,stats    ]   Collector: Garbage Collection Cycle                    151.801 / 242.970     150.863 / 338.081     150.863 / 338.081     150.863 / 338.081     ms
[2026-04-03T02:21:49.096+0600][60.104s][info][gc,stats    ]  Contention: Mark Segment Reset Contention                     9 / 54               20 / 173              20 / 173              20 / 173         ops/s
[2026-04-03T02:21:49.096+0600][60.104s][info][gc,stats    ]  Contention: Mark SeqNum Reset Contention                      0 / 3                 0 / 3                 0 / 3                 0 / 3           ops/s
[2026-04-03T02:21:49.096+0600][60.104s][info][gc,stats    ]    Critical: Allocation Stall                                  0 / 4                 0 / 7                 0 / 7                 0 / 7           ops/s
[2026-04-03T02:21:49.096+0600][60.104s][info][gc,stats    ]    Critical: Allocation Stall                             30.606 / 72.319       28.759 / 72.319       28.759 / 72.319       28.759 / 72.319      ms
[2026-04-03T02:21:49.096+0600][60.104s][info][gc,stats    ]    Critical: GC Locker Stall                                   1 / 4                 1 / 4                 1 / 4                 1 / 4           ops/s
[2026-04-03T02:21:49.096+0600][60.104s][info][gc,stats    ]    Critical: GC Locker Stall                               0.029 / 0.152         0.028 / 0.204         0.028 / 0.204         0.028 / 0.204       ms
[2026-04-03T02:21:49.096+0600][60.104s][info][gc,stats    ]    Critical: Relocation Stall                                  0 / 0                 0 / 0                 0 / 0                 0 / 0           ops/s
[2026-04-03T02:21:49.096+0600][60.104s][info][gc,stats    ]    Critical: Relocation Stall                              0.000 / 0.000         0.000 / 0.000         0.000 / 0.000         0.000 / 0.000       ms
[2026-04-03T02:21:49.096+0600][60.104s][info][gc,stats    ]      Memory: Allocation Rate                                1284 / 1730            806 / 1848            806 / 1848            806 / 1848        MB/s
[2026-04-03T02:21:49.096+0600][60.104s][info][gc,stats    ]      Memory: Defragment                                       42 / 96               24 / 126              24 / 126              24 / 126         ops/s
[2026-04-03T02:21:49.096+0600][60.104s][info][gc,stats    ]      Memory: Out Of Memory                                     0 / 0                 0 / 0                 0 / 0                 0 / 0           ops/s
[2026-04-03T02:21:49.096+0600][60.104s][info][gc,stats    ]      Memory: Page Cache Flush                                227 / 588             122 / 588             122 / 588             122 / 588         MB/s
[2026-04-03T02:21:49.096+0600][60.104s][info][gc,stats    ]      Memory: Page Cache Hit L1                               418 / 486             265 / 534             265 / 534             265 / 534         ops/s
[2026-04-03T02:21:49.096+0600][60.104s][info][gc,stats    ]      Memory: Page Cache Hit L2                                 0 / 0                 0 / 0                 0 / 0                 0 / 0           ops/s
[2026-04-03T02:21:49.096+0600][60.104s][info][gc,stats    ]      Memory: Page Cache Hit L3                                30 / 62               20 / 98               20 / 98               20 / 98          ops/s
[2026-04-03T02:21:49.096+0600][60.104s][info][gc,stats    ]      Memory: Page Cache Miss                                  19 / 70               13 / 98               13 / 98               13 / 98          ops/s
[2026-04-03T02:21:49.096+0600][60.104s][info][gc,stats    ]      Memory: Uncommit                                          0 / 0                 0 / 0                 0 / 0                 0 / 0           MB/s
[2026-04-03T02:21:49.096+0600][60.104s][info][gc,stats    ]      Memory: Undo Object Allocation Failed                     0 / 0                 0 / 0                 0 / 0                 0 / 0           ops/s
[2026-04-03T02:21:49.096+0600][60.104s][info][gc,stats    ]      Memory: Undo Object Allocation Succeeded                  2 / 7                18 / 565              18 / 565              18 / 565         ops/s
[2026-04-03T02:21:49.096+0600][60.104s][info][gc,stats    ]      Memory: Undo Page Allocation                              1 / 6                 1 / 7                 1 / 7                 1 / 7           ops/s
[2026-04-03T02:21:49.096+0600][60.104s][info][gc,stats    ]       Phase: Concurrent Mark                             115.107 / 189.373     112.480 / 204.527     112.480 / 204.527     112.480 / 204.527     ms
[2026-04-03T02:21:49.096+0600][60.104s][info][gc,stats    ]       Phase: Concurrent Mark Continue                      0.000 / 0.000         0.000 / 0.000         0.000 / 0.000         0.000 / 0.000       ms
[2026-04-03T02:21:49.096+0600][60.104s][info][gc,stats    ]       Phase: Concurrent Mark Free                          0.002 / 0.004         0.003 / 0.016         0.003 / 0.016         0.003 / 0.016       ms
[2026-04-03T02:21:49.096+0600][60.104s][info][gc,stats    ]       Phase: Concurrent Process Non-Strong References     25.824 / 48.302       25.282 / 67.924       25.282 / 67.924       25.282 / 67.924      ms
[2026-04-03T02:21:49.096+0600][60.104s][info][gc,stats    ]       Phase: Concurrent Relocate                           4.792 / 18.881        6.388 / 97.082        6.388 / 97.082        6.388 / 97.082      ms
[2026-04-03T02:21:49.096+0600][60.104s][info][gc,stats    ]       Phase: Concurrent Reset Relocation Set               0.011 / 0.019         0.012 / 0.063         0.012 / 0.063         0.012 / 0.063       ms
[2026-04-03T02:21:49.096+0600][60.104s][info][gc,stats    ]       Phase: Concurrent Select Relocation Set              4.166 / 6.214         4.408 / 19.584        4.408 / 19.584        4.408 / 19.584      ms
[2026-04-03T02:21:49.096+0600][60.104s][info][gc,stats    ]       Phase: Pause Mark End                                0.036 / 0.061         0.041 / 0.163         0.041 / 0.163         0.041 / 0.163       ms
[2026-04-03T02:21:49.096+0600][60.104s][info][gc,stats    ]       Phase: Pause Mark Start                              0.018 / 0.094         0.018 / 0.094         0.018 / 0.094         0.018 / 0.094       ms
[2026-04-03T02:21:49.096+0600][60.104s][info][gc,stats    ]       Phase: Pause Relocate Start                          0.016 / 0.032         0.020 / 0.197         0.020 / 0.197         0.020 / 0.197       ms
[2026-04-03T02:21:49.096+0600][60.104s][info][gc,stats    ]    Subphase: Concurrent Classes Purge                      0.090 / 0.535         0.169 / 2.956         0.169 / 2.956         0.169 / 2.956       ms
[2026-04-03T02:21:49.096+0600][60.104s][info][gc,stats    ]    Subphase: Concurrent Classes Unlink                    22.155 / 44.907       21.752 / 63.623       21.752 / 63.623       21.752 / 63.623      ms
[2026-04-03T02:21:49.096+0600][60.104s][info][gc,stats    ]    Subphase: Concurrent Mark                             109.598 / 183.184     105.826 / 200.727     105.826 / 200.727     105.826 / 200.727     ms
[2026-04-03T02:21:49.096+0600][60.104s][info][gc,stats    ]    Subphase: Concurrent Mark Try Flush                     0.358 / 2.323         0.443 / 4.495         0.443 / 4.495         0.443 / 4.495       ms
[2026-04-03T02:21:49.096+0600][60.104s][info][gc,stats    ]    Subphase: Concurrent Mark Try Terminate                 0.736 / 1.232         0.779 / 3.991         0.779 / 3.991         0.779 / 3.991       ms
[2026-04-03T02:21:49.096+0600][60.104s][info][gc,stats    ]    Subphase: Concurrent References Enqueue                 0.009 / 0.018         0.010 / 0.025         0.010 / 0.025         0.010 / 0.025       ms
[2026-04-03T02:21:49.096+0600][60.104s][info][gc,stats    ]    Subphase: Concurrent References Process                 0.857 / 3.076         0.761 / 3.978         0.761 / 3.978         0.761 / 3.978       ms
[2026-04-03T02:21:49.096+0600][60.104s][info][gc,stats    ]    Subphase: Concurrent Roots ClassLoaderDataGraph         0.400 / 1.863         0.400 / 1.863         0.400 / 1.863         0.400 / 1.863       ms
[2026-04-03T02:21:49.096+0600][60.104s][info][gc,stats    ]    Subphase: Concurrent Roots CodeCache                    0.000 / 0.000         0.000 / 0.000         0.000 / 0.000         0.000 / 0.000       ms
[2026-04-03T02:21:49.096+0600][60.104s][info][gc,stats    ]    Subphase: Concurrent Roots JavaThreads                  1.138 / 5.471         1.345 / 8.872         1.345 / 8.872         1.345 / 8.872       ms
[2026-04-03T02:21:49.096+0600][60.104s][info][gc,stats    ]    Subphase: Concurrent Roots OopStorageSet                0.082 / 0.211         0.093 / 2.356         0.093 / 2.356         0.093 / 2.356       ms
[2026-04-03T02:21:49.096+0600][60.104s][info][gc,stats    ]    Subphase: Concurrent Weak Roots OopStorageSet           1.517 / 3.563         1.433 / 3.609         1.433 / 3.609         1.433 / 3.609       ms
[2026-04-03T02:21:49.096+0600][60.105s][info][gc,stats    ]    Subphase: Pause Mark Try Complete                       0.000 / 0.000         0.004 / 0.028         0.004 / 0.028         0.004 / 0.028       ms
[2026-04-03T02:21:49.096+0600][60.105s][info][gc,stats    ]      System: Java Threads                                    286 / 292             268 / 292             268 / 292             268 / 292         threads
[2026-04-03T02:21:49.096+0600][60.105s][info][gc,stats    ] =========================================================================================================================================================
[2026-04-03T02:21:49.146+0600][60.154s][info][gc,phases   ] GC(143) Concurrent Mark 150.400ms
[2026-04-03T02:21:49.147+0600][60.155s][info][gc,phases   ] GC(143) Pause Mark End 0.042ms
[2026-04-03T02:21:49.147+0600][60.155s][info][gc,phases   ] GC(143) Concurrent Mark Free 0.003ms
[2026-04-03T02:21:49.172+0600][60.180s][info][gc,phases   ] GC(143) Concurrent Process Non-Strong References 24.839ms
[2026-04-03T02:21:49.172+0600][60.180s][info][gc,phases   ] GC(143) Concurrent Reset Relocation Set 0.008ms
[2026-04-03T02:21:49.175+0600][60.183s][info][gc,phases   ] GC(143) Concurrent Select Relocation Set 3.472ms
[2026-04-03T02:21:49.175+0600][60.183s][info][gc,phases   ] GC(143) Pause Relocate Start 0.013ms
[2026-04-03T02:21:49.185+0600][60.194s][info][gc,phases   ] GC(143) Concurrent Relocate 9.939ms
[2026-04-03T02:21:49.186+0600][60.194s][info][gc,load     ] GC(143) Load: 7.08/6.44/5.94
[2026-04-03T02:21:49.186+0600][60.194s][info][gc,mmu      ] GC(143) MMU: 2ms/90.1%, 5ms/96.1%, 10ms/98.0%, 20ms/99.0%, 50ms/99.6%, 100ms/99.7%
[2026-04-03T02:21:49.186+0600][60.194s][info][gc,marking  ] GC(143) Mark: 2 stripe(s), 2 proactive flush(es), 1 terminate flush(es), 0 completion(s), 0 continuation(s) 
[2026-04-03T02:21:49.186+0600][60.194s][info][gc,marking  ] GC(143) Mark Stack Usage: 32M
[2026-04-03T02:21:49.186+0600][60.194s][info][gc,nmethod  ] GC(143) NMethods: 15027 registered, 2044 unregistered
[2026-04-03T02:21:49.186+0600][60.194s][info][gc,metaspace] GC(143) Metaspace: 127M used, 129M committed, 1152M reserved
[2026-04-03T02:21:49.186+0600][60.194s][info][gc,ref      ] GC(143) Soft: 3300 encountered, 0 discovered, 0 enqueued
[2026-04-03T02:21:49.186+0600][60.194s][info][gc,ref      ] GC(143) Weak: 15218 encountered, 6986 discovered, 11 enqueued
[2026-04-03T02:21:49.186+0600][60.194s][info][gc,ref      ] GC(143) Final: 84 encountered, 48 discovered, 0 enqueued
[2026-04-03T02:21:49.186+0600][60.194s][info][gc,ref      ] GC(143) Phantom: 620 encountered, 592 discovered, 0 enqueued
[2026-04-03T02:21:49.186+0600][60.194s][info][gc,reloc    ] GC(143) Small Pages: 193 / 386M, Empty: 124M, Relocated: 6M, In-Place: 0
[2026-04-03T02:21:49.186+0600][60.194s][info][gc,reloc    ] GC(143) Medium Pages: 5 / 80M, Empty: 64M, Relocated: 0M, In-Place: 0
[2026-04-03T02:21:49.186+0600][60.194s][info][gc,reloc    ] GC(143) Large Pages: 8 / 46M, Empty: 42M, Relocated: 0M, In-Place: 0
[2026-04-03T02:21:49.186+0600][60.194s][info][gc,reloc    ] GC(143) Forwarding Usage: 2M
[2026-04-03T02:21:49.186+0600][60.194s][info][gc,heap     ] GC(143) Min Capacity: 8M(1%)
[2026-04-03T02:21:49.186+0600][60.194s][info][gc,heap     ] GC(143) Max Capacity: 1000M(100%)
[2026-04-03T02:21:49.186+0600][60.194s][info][gc,heap     ] GC(143) Soft Max Capacity: 1000M(100%)
[2026-04-03T02:21:49.186+0600][60.194s][info][gc,heap     ] GC(143)                Mark Start          Mark End        Relocate Start      Relocate End           High               Low         
[2026-04-03T02:21:49.186+0600][60.194s][info][gc,heap     ] GC(143)  Capacity:     1000M (100%)       1000M (100%)       1000M (100%)       1000M (100%)       1000M (100%)       1000M (100%)   
[2026-04-03T02:21:49.186+0600][60.194s][info][gc,heap     ] GC(143)      Free:      488M (49%)         308M (31%)         492M (49%)         632M (63%)         636M (64%)         280M (28%)    
[2026-04-03T02:21:49.186+0600][60.194s][info][gc,heap     ] GC(143)      Used:      512M (51%)         692M (69%)         508M (51%)         368M (37%)         720M (72%)         364M (36%)    
[2026-04-03T02:21:49.186+0600][60.194s][info][gc,heap     ] GC(143)      Live:         -               107M (11%)         107M (11%)         107M (11%)            -                  -          
[2026-04-03T02:21:49.186+0600][60.194s][info][gc,heap     ] GC(143) Allocated:         -               180M (18%)         226M (23%)         235M (24%)            -                  -          
[2026-04-03T02:21:49.186+0600][60.194s][info][gc,heap     ] GC(143)   Garbage:         -               404M (40%)         174M (17%)          24M (2%)             -                  -          
[2026-04-03T02:21:49.186+0600][60.194s][info][gc,heap     ] GC(143) Reclaimed:         -                  -               230M (23%)         379M (38%)            -                  -          
[2026-04-03T02:21:49.186+0600][60.194s][info][gc          ] GC(143) Garbage Collection (Allocation Rate) 512M(51%)->368M(37%)
[2026-04-03T02:21:49.396+0600][60.404s][info][gc,start    ] GC(144) Garbage Collection (Allocation Rate)
[2026-04-03T02:21:49.396+0600][60.404s][info][gc,task     ] GC(144) Using 3 workers
[2026-04-03T02:21:49.396+0600][60.404s][info][gc,phases   ] GC(144) Pause Mark Start 0.011ms
[2026-04-03T02:21:49.501+0600][60.509s][info][gc,phases   ] GC(144) Concurrent Mark 104.773ms
[2026-04-03T02:21:49.501+0600][60.509s][info][gc,phases   ] GC(144) Pause Mark End 0.026ms
[2026-04-03T02:21:49.501+0600][60.509s][info][gc,phases   ] GC(144) Concurrent Mark Free 0.002ms
[2026-04-03T02:21:49.516+0600][60.524s][info][gc,phases   ] GC(144) Concurrent Process Non-Strong References 14.240ms
[2026-04-03T02:21:49.516+0600][60.524s][info][gc,phases   ] GC(144) Concurrent Reset Relocation Set 0.009ms
[2026-04-03T02:21:49.519+0600][60.527s][info][gc,phases   ] GC(144) Concurrent Select Relocation Set 2.916ms
[2026-04-03T02:21:49.519+0600][60.527s][info][gc,phases   ] GC(144) Pause Relocate Start 0.013ms
[2026-04-03T02:21:49.523+0600][60.531s][info][gc,phases   ] GC(144) Concurrent Relocate 4.385ms
[2026-04-03T02:21:49.523+0600][60.531s][info][gc,load     ] GC(144) Load: 7.08/6.44/5.94
[2026-04-03T02:21:49.523+0600][60.531s][info][gc,mmu      ] GC(144) MMU: 2ms/90.1%, 5ms/96.1%, 10ms/98.0%, 20ms/99.0%, 50ms/99.6%, 100ms/99.7%
[2026-04-03T02:21:49.523+0600][60.531s][info][gc,marking  ] GC(144) Mark: 2 stripe(s), 2 proactive flush(es), 1 terminate flush(es), 0 completion(s), 0 continuation(s) 
[2026-04-03T02:21:49.523+0600][60.531s][info][gc,marking  ] GC(144) Mark Stack Usage: 32M
[2026-04-03T02:21:49.523+0600][60.531s][info][gc,nmethod  ] GC(144) NMethods: 15030 registered, 2050 unregistered
[2026-04-03T02:21:49.523+0600][60.531s][info][gc,metaspace] GC(144) Metaspace: 127M used, 129M committed, 1152M reserved
[2026-04-03T02:21:49.523+0600][60.531s][info][gc,ref      ] GC(144) Soft: 3292 encountered, 0 discovered, 0 enqueued
[2026-04-03T02:21:49.523+0600][60.531s][info][gc,ref      ] GC(144) Weak: 15845 encountered, 6089 discovered, 1419 enqueued
[2026-04-03T02:21:49.523+0600][60.532s][info][gc,ref      ] GC(144) Final: 84 encountered, 0 discovered, 0 enqueued
[2026-04-03T02:21:49.523+0600][60.532s][info][gc,ref      ] GC(144) Phantom: 620 encountered, 504 discovered, 0 enqueued
[2026-04-03T02:21:49.523+0600][60.532s][info][gc,reloc    ] GC(144) Small Pages: 243 / 486M, Empty: 184M, Relocated: 3M, In-Place: 0
[2026-04-03T02:21:49.523+0600][60.532s][info][gc,reloc    ] GC(144) Medium Pages: 7 / 112M, Empty: 80M, Relocated: 6M, In-Place: 0
[2026-04-03T02:21:49.523+0600][60.532s][info][gc,reloc    ] GC(144) Large Pages: 10 / 58M, Empty: 54M, Relocated: 0M, In-Place: 0
[2026-04-03T02:21:49.523+0600][60.532s][info][gc,reloc    ] GC(144) Forwarding Usage: 1M
[2026-04-03T02:21:49.524+0600][60.532s][info][gc,heap     ] GC(144) Min Capacity: 8M(1%)
[2026-04-03T02:21:49.524+0600][60.532s][info][gc,heap     ] GC(144) Max Capacity: 1000M(100%)
[2026-04-03T02:21:49.524+0600][60.532s][info][gc,heap     ] GC(144) Soft Max Capacity: 1000M(100%)
[2026-04-03T02:21:49.524+0600][60.532s][info][gc,heap     ] GC(144)                Mark Start          Mark End        Relocate Start      Relocate End           High               Low         
[2026-04-03T02:21:49.524+0600][60.532s][info][gc,heap     ] GC(144)  Capacity:     1000M (100%)       1000M (100%)       1000M (100%)       1000M (100%)       1000M (100%)       1000M (100%)   
[2026-04-03T02:21:49.524+0600][60.532s][info][gc,heap     ] GC(144)      Free:      344M (34%)         214M (21%)         514M (51%)         716M (72%)         716M (72%)         206M (21%)    
[2026-04-03T02:21:49.524+0600][60.532s][info][gc,heap     ] GC(144)      Used:      656M (66%)         786M (79%)         486M (49%)         284M (28%)         794M (79%)         284M (28%)    
[2026-04-03T02:21:49.524+0600][60.532s][info][gc,heap     ] GC(144)      Live:         -               105M (11%)         105M (11%)         105M (11%)            -                  -          
[2026-04-03T02:21:49.524+0600][60.532s][info][gc,heap     ] GC(144) Allocated:         -               130M (13%)         148M (15%)         153M (15%)            -                  -          
[2026-04-03T02:21:49.524+0600][60.532s][info][gc,heap     ] GC(144)   Garbage:         -               550M (55%)         232M (23%)          24M (2%)             -                  -          
[2026-04-03T02:21:49.524+0600][60.532s][info][gc,heap     ] GC(144) Reclaimed:         -                  -               318M (32%)         525M (53%)            -                  -          
[2026-04-03T02:21:49.524+0600][60.532s][info][gc          ] GC(144) Garbage Collection (Allocation Rate) 656M(66%)->284M(28%)
[2026-04-03T02:21:49.795+0600][60.803s][info][gc,start    ] GC(145) Garbage Collection (Allocation Rate)
[2026-04-03T02:21:49.796+0600][60.804s][info][gc,task     ] GC(145) Using 3 workers
[2026-04-03T02:21:49.796+0600][60.804s][info][gc,phases   ] GC(145) Pause Mark Start 0.019ms
[2026-04-03T02:21:49.909+0600][60.917s][info][gc,phases   ] GC(145) Concurrent Mark 113.338ms
[2026-04-03T02:21:49.910+0600][60.918s][info][gc,phases   ] GC(145) Pause Mark End 0.057ms
[2026-04-03T02:21:49.910+0600][60.918s][info][gc,phases   ] GC(145) Concurrent Mark Free 0.004ms
[2026-04-03T02:21:49.953+0600][60.961s][info][gc,phases   ] GC(145) Concurrent Process Non-Strong References 43.648ms
[2026-04-03T02:21:49.953+0600][60.961s][info][gc,phases   ] GC(145) Concurrent Reset Relocation Set 0.014ms
[2026-04-03T02:21:49.958+0600][60.966s][info][gc,phases   ] GC(145) Concurrent Select Relocation Set 4.469ms
[2026-04-03T02:21:49.958+0600][60.966s][info][gc,phases   ] GC(145) Pause Relocate Start 0.017ms
[2026-04-03T02:21:49.966+0600][60.974s][info][gc,phases   ] GC(145) Concurrent Relocate 7.746ms
[2026-04-03T02:21:49.966+0600][60.974s][info][gc,load     ] GC(145) Load: 7.16/6.46/5.95
[2026-04-03T02:21:49.966+0600][60.974s][info][gc,mmu      ] GC(145) MMU: 2ms/90.1%, 5ms/96.1%, 10ms/98.0%, 20ms/99.0%, 50ms/99.6%, 100ms/99.7%
[2026-04-03T02:21:49.966+0600][60.974s][info][gc,marking  ] GC(145) Mark: 2 stripe(s), 2 proactive flush(es), 1 terminate flush(es), 0 completion(s), 0 continuation(s) 
[2026-04-03T02:21:49.966+0600][60.974s][info][gc,marking  ] GC(145) Mark Stack Usage: 32M
[2026-04-03T02:21:49.966+0600][60.974s][info][gc,nmethod  ] GC(145) NMethods: 15047 registered, 2057 unregistered
[2026-04-03T02:21:49.966+0600][60.974s][info][gc,metaspace] GC(145) Metaspace: 127M used, 129M committed, 1152M reserved
[2026-04-03T02:21:49.966+0600][60.974s][info][gc,ref      ] GC(145) Soft: 3370 encountered, 0 discovered, 0 enqueued
[2026-04-03T02:21:49.966+0600][60.974s][info][gc,ref      ] GC(145) Weak: 15225 encountered, 4834 discovered, 339 enqueued
[2026-04-03T02:21:49.966+0600][60.974s][info][gc,ref      ] GC(145) Final: 84 encountered, 0 discovered, 0 enqueued
[2026-04-03T02:21:49.966+0600][60.974s][info][gc,ref      ] GC(145) Phantom: 620 encountered, 349 discovered, 0 enqueued
[2026-04-03T02:21:49.966+0600][60.974s][info][gc,reloc    ] GC(145) Small Pages: 258 / 516M, Empty: 180M, Relocated: 8M, In-Place: 0
[2026-04-03T02:21:49.966+0600][60.974s][info][gc,reloc    ] GC(145) Medium Pages: 4 / 64M, Empty: 48M, Relocated: 0M, In-Place: 0
[2026-04-03T02:21:49.966+0600][60.974s][info][gc,reloc    ] GC(145) Large Pages: 10 / 58M, Empty: 54M, Relocated: 0M, In-Place: 0
[2026-04-03T02:21:49.966+0600][60.974s][info][gc,reloc    ] GC(145) Forwarding Usage: 2M
[2026-04-03T02:21:49.966+0600][60.974s][info][gc,heap     ] GC(145) Min Capacity: 8M(1%)
[2026-04-03T02:21:49.966+0600][60.975s][info][gc,heap     ] GC(145) Max Capacity: 1000M(100%)
[2026-04-03T02:21:49.966+0600][60.975s][info][gc,heap     ] GC(145) Soft Max Capacity: 1000M(100%)
[2026-04-03T02:21:49.966+0600][60.975s][info][gc,heap     ] GC(145)                Mark Start          Mark End        Relocate Start      Relocate End           High               Low         
[2026-04-03T02:21:49.966+0600][60.975s][info][gc,heap     ] GC(145)  Capacity:     1000M (100%)       1000M (100%)       1000M (100%)       1000M (100%)       1000M (100%)       1000M (100%)   
[2026-04-03T02:21:49.966+0600][60.975s][info][gc,heap     ] GC(145)      Free:      362M (36%)         186M (19%)         454M (45%)         672M (67%)         672M (67%)         174M (17%)    
[2026-04-03T02:21:49.967+0600][60.975s][info][gc,heap     ] GC(145)      Used:      638M (64%)         814M (81%)         546M (55%)         328M (33%)         826M (83%)         328M (33%)    
[2026-04-03T02:21:49.967+0600][60.975s][info][gc,heap     ] GC(145)      Live:         -               107M (11%)         107M (11%)         107M (11%)            -                  -          
[2026-04-03T02:21:49.967+0600][60.975s][info][gc,heap     ] GC(145) Allocated:         -               176M (18%)         190M (19%)         195M (20%)            -                  -          
[2026-04-03T02:21:49.967+0600][60.975s][info][gc,heap     ] GC(145)   Garbage:         -               530M (53%)         248M (25%)          24M (2%)             -                  -          
[2026-04-03T02:21:49.967+0600][60.975s][info][gc,heap     ] GC(145) Reclaimed:         -                  -               282M (28%)         505M (51%)            -                  -          
[2026-04-03T02:21:49.967+0600][60.975s][info][gc          ] GC(145) Garbage Collection (Allocation Rate) 638M(64%)->328M(33%)
[2026-04-03T02:21:50.096+0600][61.104s][info][gc,start    ] GC(146) Garbage Collection (Allocation Rate)
[2026-04-03T02:21:50.096+0600][61.104s][info][gc,task     ] GC(146) Using 3 workers
[2026-04-03T02:21:50.096+0600][61.104s][info][gc,phases   ] GC(146) Pause Mark Start 0.015ms
[2026-04-03T02:21:50.202+0600][61.210s][info][gc,phases   ] GC(146) Concurrent Mark 105.639ms
[2026-04-03T02:21:50.202+0600][61.210s][info][gc,phases   ] GC(146) Pause Mark End 0.035ms
[2026-04-03T02:21:50.203+0600][61.211s][info][gc,phases   ] GC(146) Concurrent Mark Free 0.003ms
[2026-04-03T02:21:50.218+0600][61.226s][info][gc,phases   ] GC(146) Concurrent Process Non-Strong References 15.310ms
[2026-04-03T02:21:50.218+0600][61.226s][info][gc,phases   ] GC(146) Concurrent Reset Relocation Set 0.013ms
[2026-04-03T02:21:50.218+0600][61.226s][info][gc          ] Allocation Stall (Executor task launch worker for task 3.0 in stage 2215.0 (TID 4164)) 20.278ms
[2026-04-03T02:21:50.218+0600][61.226s][info][gc          ] Allocation Stall (Executor task launch worker for task 2.0 in stage 2215.0 (TID 4163)) 19.226ms
[2026-04-03T02:21:50.218+0600][61.226s][info][gc          ] Allocation Stall (Executor task launch worker for task 1.0 in stage 2215.0 (TID 4162)) 21.714ms
[2026-04-03T02:21:50.218+0600][61.226s][info][gc          ] Allocation Stall (Executor task launch worker for task 0.0 in stage 2215.0 (TID 4161)) 20.971ms
[2026-04-03T02:21:50.221+0600][61.229s][info][gc,phases   ] GC(146) Concurrent Select Relocation Set 3.255ms
[2026-04-03T02:21:50.222+0600][61.230s][info][gc,phases   ] GC(146) Pause Relocate Start 0.014ms
[2026-04-03T02:21:50.229+0600][61.237s][info][gc,phases   ] GC(146) Concurrent Relocate 5.880ms
[2026-04-03T02:21:50.229+0600][61.237s][info][gc,load     ] GC(146) Load: 7.16/6.46/5.95
[2026-04-03T02:21:50.229+0600][61.237s][info][gc,mmu      ] GC(146) MMU: 2ms/90.1%, 5ms/96.1%, 10ms/98.0%, 20ms/99.0%, 50ms/99.6%, 100ms/99.7%
[2026-04-03T02:21:50.229+0600][61.237s][info][gc,marking  ] GC(146) Mark: 2 stripe(s), 2 proactive flush(es), 1 terminate flush(es), 0 completion(s), 0 continuation(s) 
[2026-04-03T02:21:50.229+0600][61.237s][info][gc,marking  ] GC(146) Mark Stack Usage: 32M
[2026-04-03T02:21:50.229+0600][61.237s][info][gc,nmethod  ] GC(146) NMethods: 15048 registered, 2062 unregistered
[2026-04-03T02:21:50.229+0600][61.237s][info][gc,metaspace] GC(146) Metaspace: 127M used, 129M committed, 1152M reserved
[2026-04-03T02:21:50.229+0600][61.237s][info][gc,ref      ] GC(146) Soft: 3393 encountered, 0 discovered, 0 enqueued
[2026-04-03T02:21:50.229+0600][61.237s][info][gc,ref      ] GC(146) Weak: 15284 encountered, 5785 discovered, 557 enqueued
[2026-04-03T02:21:50.229+0600][61.238s][info][gc,ref      ] GC(146) Final: 84 encountered, 0 discovered, 0 enqueued
[2026-04-03T02:21:50.229+0600][61.238s][info][gc,ref      ] GC(146) Phantom: 620 encountered, 467 discovered, 0 enqueued
[2026-04-03T02:21:50.229+0600][61.238s][info][gc,reloc    ] GC(146) Small Pages: 171 / 342M, Empty: 132M, Relocated: 4M, In-Place: 0
[2026-04-03T02:21:50.229+0600][61.238s][info][gc,reloc    ] GC(146) Medium Pages: 3 / 48M, Empty: 32M, Relocated: 0M, In-Place: 0
[2026-04-03T02:21:50.229+0600][61.238s][info][gc,reloc    ] GC(146) Large Pages: 70 / 418M, Empty: 408M, Relocated: 0M, In-Place: 0
[2026-04-03T02:21:50.229+0600][61.238s][info][gc,reloc    ] GC(146) Forwarding Usage: 1M
[2026-04-03T02:21:50.230+0600][61.238s][info][gc,heap     ] GC(146) Min Capacity: 8M(1%)
[2026-04-03T02:21:50.230+0600][61.238s][info][gc,heap     ] GC(146) Max Capacity: 1000M(100%)
[2026-04-03T02:21:50.230+0600][61.238s][info][gc,heap     ] GC(146) Soft Max Capacity: 1000M(100%)
[2026-04-03T02:21:50.230+0600][61.238s][info][gc,heap     ] GC(146)                Mark Start          Mark End        Relocate Start      Relocate End           High               Low         
[2026-04-03T02:21:50.230+0600][61.238s][info][gc,heap     ] GC(146)  Capacity:     1000M (100%)       1000M (100%)       1000M (100%)       1000M (100%)       1000M (100%)       1000M (100%)   
[2026-04-03T02:21:50.230+0600][61.238s][info][gc,heap     ] GC(146)      Free:      192M (19%)           2M (0%)          538M (54%)         578M (58%)         628M (63%)           2M (0%)     
[2026-04-03T02:21:50.230+0600][61.238s][info][gc,heap     ] GC(146)      Used:      808M (81%)         998M (100%)        462M (46%)         422M (42%)         998M (100%)        372M (37%)    
[2026-04-03T02:21:50.230+0600][61.238s][info][gc,heap     ] GC(146)      Live:         -               112M (11%)         112M (11%)         112M (11%)            -                  -          
[2026-04-03T02:21:50.230+0600][61.238s][info][gc,heap     ] GC(146) Allocated:         -               190M (19%)         226M (23%)         285M (29%)            -                  -          
[2026-04-03T02:21:50.230+0600][61.238s][info][gc,heap     ] GC(146)   Garbage:         -               695M (70%)         123M (12%)          23M (2%)             -                  -          
[2026-04-03T02:21:50.230+0600][61.238s][info][gc,heap     ] GC(146) Reclaimed:         -                  -               572M (57%)         671M (67%)            -                  -          
[2026-04-03T02:21:50.230+0600][61.238s][info][gc          ] GC(146) Garbage Collection (Allocation Rate) 808M(81%)->422M(42%)
[2026-04-03T02:21:50.295+0600][61.303s][info][gc,start    ] GC(147) Garbage Collection (Allocation Stall)
[2026-04-03T02:21:50.295+0600][61.303s][info][gc,ref      ] GC(147) Clearing All SoftReferences
[2026-04-03T02:21:50.295+0600][61.303s][info][gc,task     ] GC(147) Using 3 workers
[2026-04-03T02:21:50.295+0600][61.304s][info][gc,ref      ] GC(147) Clearing All SoftReferences
[2026-04-03T02:21:50.296+0600][61.304s][info][gc,phases   ] GC(147) Pause Mark Start 0.042ms
[2026-04-03T02:21:50.385+0600][61.393s][info][gc,phases   ] GC(147) Concurrent Mark 89.763ms
[2026-04-03T02:21:50.388+0600][61.396s][info][gc,phases   ] GC(147) Pause Mark End 0.040ms
[2026-04-03T02:21:50.388+0600][61.396s][info][gc,phases   ] GC(147) Concurrent Mark Free 0.005ms
[2026-04-03T02:21:50.428+0600][61.436s][info][gc,phases   ] GC(147) Concurrent Process Non-Strong References 39.834ms
[2026-04-03T02:21:50.428+0600][61.436s][info][gc,phases   ] GC(147) Concurrent Reset Relocation Set 0.011ms
[2026-04-03T02:21:50.432+0600][61.440s][info][gc,phases   ] GC(147) Concurrent Select Relocation Set 3.583ms
[2026-04-03T02:21:50.432+0600][61.440s][info][gc,phases   ] GC(147) Pause Relocate Start 0.027ms
[2026-04-03T02:21:50.437+0600][61.445s][info][gc,phases   ] GC(147) Concurrent Relocate 4.590ms
[2026-04-03T02:21:50.437+0600][61.445s][info][gc,load     ] GC(147) Load: 7.16/6.46/5.95
[2026-04-03T02:21:50.437+0600][61.445s][info][gc,mmu      ] GC(147) MMU: 2ms/90.1%, 5ms/96.1%, 10ms/98.0%, 20ms/99.0%, 50ms/99.6%, 100ms/99.7%
[2026-04-03T02:21:50.437+0600][61.445s][info][gc,marking  ] GC(147) Mark: 2 stripe(s), 2 proactive flush(es), 1 terminate flush(es), 0 completion(s), 0 continuation(s) 
[2026-04-03T02:21:50.437+0600][61.445s][info][gc,marking  ] GC(147) Mark Stack Usage: 32M
[2026-04-03T02:21:50.437+0600][61.445s][info][gc,nmethod  ] GC(147) NMethods: 15054 registered, 2068 unregistered
[2026-04-03T02:21:50.437+0600][61.445s][info][gc,metaspace] GC(147) Metaspace: 127M used, 129M committed, 1152M reserved
[2026-04-03T02:21:50.437+0600][61.445s][info][gc,ref      ] GC(147) Soft: 3359 encountered, 764 discovered, 112 enqueued
[2026-04-03T02:21:50.437+0600][61.445s][info][gc,ref      ] GC(147) Weak: 14845 encountered, 4678 discovered, 387 enqueued
[2026-04-03T02:21:50.437+0600][61.445s][info][gc,ref      ] GC(147) Final: 84 encountered, 0 discovered, 0 enqueued
[2026-04-03T02:21:50.437+0600][61.445s][info][gc,ref      ] GC(147) Phantom: 620 encountered, 518 discovered, 0 enqueued
[2026-04-03T02:21:50.437+0600][61.445s][info][gc,reloc    ] GC(147) Small Pages: 139 / 278M, Empty: 14M, Relocated: 6M, In-Place: 0
[2026-04-03T02:21:50.437+0600][61.445s][info][gc,reloc    ] GC(147) Medium Pages: 3 / 48M, Empty: 32M, Relocated: 0M, In-Place: 0
[2026-04-03T02:21:50.437+0600][61.445s][info][gc,reloc    ] GC(147) Large Pages: 68 / 406M, Empty: 402M, Relocated: 0M, In-Place: 0
[2026-04-03T02:21:50.437+0600][61.445s][info][gc,reloc    ] GC(147) Forwarding Usage: 2M
[2026-04-03T02:21:50.437+0600][61.445s][info][gc,heap     ] GC(147) Min Capacity: 8M(1%)
[2026-04-03T02:21:50.437+0600][61.445s][info][gc,heap     ] GC(147) Max Capacity: 1000M(100%)
[2026-04-03T02:21:50.437+0600][61.445s][info][gc,heap     ] GC(147) Soft Max Capacity: 1000M(100%)
[2026-04-03T02:21:50.437+0600][61.445s][info][gc,heap     ] GC(147)                Mark Start          Mark End        Relocate Start      Relocate End           High               Low         
[2026-04-03T02:21:50.437+0600][61.445s][info][gc,heap     ] GC(147)  Capacity:     1000M (100%)       1000M (100%)       1000M (100%)       1000M (100%)       1000M (100%)       1000M (100%)   
[2026-04-03T02:21:50.437+0600][61.445s][info][gc,heap     ] GC(147)      Free:      268M (27%)         168M (17%)         596M (60%)         750M (75%)         750M (75%)         158M (16%)    
[2026-04-03T02:21:50.437+0600][61.445s][info][gc,heap     ] GC(147)      Used:      732M (73%)         832M (83%)         404M (40%)         250M (25%)         842M (84%)         250M (25%)    
[2026-04-03T02:21:50.437+0600][61.445s][info][gc,heap     ] GC(147)      Live:         -               103M (10%)         103M (10%)         103M (10%)            -                  -          
[2026-04-03T02:21:50.437+0600][61.445s][info][gc,heap     ] GC(147) Allocated:         -               100M (10%)         120M (12%)         121M (12%)            -                  -          
[2026-04-03T02:21:50.437+0600][61.445s][info][gc,heap     ] GC(147)   Garbage:         -               628M (63%)         180M (18%)          24M (2%)             -                  -          
[2026-04-03T02:21:50.437+0600][61.445s][info][gc,heap     ] GC(147) Reclaimed:         -                  -               448M (45%)         603M (60%)            -                  -          
[2026-04-03T02:21:50.437+0600][61.445s][info][gc          ] GC(147) Garbage Collection (Allocation Stall) 732M(73%)->250M(25%)
[2026-04-03T02:21:50.495+0600][61.504s][info][gc,start    ] GC(148) Garbage Collection (Allocation Rate)
[2026-04-03T02:21:50.496+0600][61.504s][info][gc,task     ] GC(148) Using 3 workers
[2026-04-03T02:21:50.496+0600][61.504s][info][gc,phases   ] GC(148) Pause Mark Start 0.009ms
[2026-04-03T02:21:50.573+0600][61.581s][info][gc,phases   ] GC(148) Concurrent Mark 77.461ms
[2026-04-03T02:21:50.574+0600][61.582s][info][gc,phases   ] GC(148) Pause Mark End 0.046ms
[2026-04-03T02:21:50.574+0600][61.582s][info][gc,phases   ] GC(148) Concurrent Mark Free 0.001ms
[2026-04-03T02:21:50.606+0600][61.614s][info][gc,phases   ] GC(148) Concurrent Process Non-Strong References 32.112ms
[2026-04-03T02:21:50.606+0600][61.614s][info][gc,phases   ] GC(148) Concurrent Reset Relocation Set 0.007ms
[2026-04-03T02:21:50.609+0600][61.617s][info][gc,phases   ] GC(148) Concurrent Select Relocation Set 3.274ms
[2026-04-03T02:21:50.609+0600][61.618s][info][gc,phases   ] GC(148) Pause Relocate Start 0.013ms
[2026-04-03T02:21:50.613+0600][61.621s][info][gc,phases   ] GC(148) Concurrent Relocate 3.707ms
[2026-04-03T02:21:50.613+0600][61.621s][info][gc,load     ] GC(148) Load: 7.16/6.46/5.95
[2026-04-03T02:21:50.613+0600][61.621s][info][gc,mmu      ] GC(148) MMU: 2ms/90.1%, 5ms/96.1%, 10ms/98.0%, 20ms/99.0%, 50ms/99.6%, 100ms/99.7%
[2026-04-03T02:21:50.613+0600][61.621s][info][gc,marking  ] GC(148) Mark: 2 stripe(s), 2 proactive flush(es), 1 terminate flush(es), 0 completion(s), 0 continuation(s) 
[2026-04-03T02:21:50.613+0600][61.621s][info][gc,marking  ] GC(148) Mark Stack Usage: 32M
[2026-04-03T02:21:50.613+0600][61.622s][info][gc,nmethod  ] GC(148) NMethods: 15060 registered, 2073 unregistered
[2026-04-03T02:21:50.613+0600][61.622s][info][gc,metaspace] GC(148) Metaspace: 127M used, 129M committed, 1152M reserved
[2026-04-03T02:21:50.613+0600][61.622s][info][gc,ref      ] GC(148) Soft: 3268 encountered, 0 discovered, 0 enqueued
[2026-04-03T02:21:50.613+0600][61.622s][info][gc,ref      ] GC(148) Weak: 14624 encountered, 5246 discovered, 266 enqueued
[2026-04-03T02:21:50.613+0600][61.622s][info][gc,ref      ] GC(148) Final: 84 encountered, 0 discovered, 0 enqueued
[2026-04-03T02:21:50.613+0600][61.622s][info][gc,ref      ] GC(148) Phantom: 620 encountered, 481 discovered, 0 enqueued
[2026-04-03T02:21:50.613+0600][61.622s][info][gc,reloc    ] GC(148) Small Pages: 97 / 194M, Empty: 6M, Relocated: 3M, In-Place: 0
[2026-04-03T02:21:50.614+0600][61.622s][info][gc,reloc    ] GC(148) Medium Pages: 3 / 48M, Empty: 32M, Relocated: 0M, In-Place: 0
[2026-04-03T02:21:50.614+0600][61.622s][info][gc,reloc    ] GC(148) Large Pages: 6 / 34M, Empty: 24M, Relocated: 0M, In-Place: 0
[2026-04-03T02:21:50.614+0600][61.622s][info][gc,reloc    ] GC(148) Forwarding Usage: 1M
[2026-04-03T02:21:50.614+0600][61.622s][info][gc,heap     ] GC(148) Min Capacity: 8M(1%)
[2026-04-03T02:21:50.614+0600][61.622s][info][gc,heap     ] GC(148) Max Capacity: 1000M(100%)
[2026-04-03T02:21:50.614+0600][61.622s][info][gc,heap     ] GC(148) Soft Max Capacity: 1000M(100%)
[2026-04-03T02:21:50.614+0600][61.622s][info][gc,heap     ] GC(148)                Mark Start          Mark End        Relocate Start      Relocate End           High               Low         
[2026-04-03T02:21:50.614+0600][61.622s][info][gc,heap     ] GC(148)  Capacity:     1000M (100%)       1000M (100%)       1000M (100%)       1000M (100%)       1000M (100%)       1000M (100%)   
[2026-04-03T02:21:50.614+0600][61.622s][info][gc,heap     ] GC(148)      Free:      724M (72%)         678M (68%)         720M (72%)         800M (80%)         800M (80%)         658M (66%)    
[2026-04-03T02:21:50.614+0600][61.622s][info][gc,heap     ] GC(148)      Used:      276M (28%)         322M (32%)         280M (28%)         200M (20%)         342M (34%)         200M (20%)    
[2026-04-03T02:21:50.614+0600][61.622s][info][gc,heap     ] GC(148)      Live:         -               109M (11%)         109M (11%)         109M (11%)            -                  -          
[2026-04-03T02:21:50.614+0600][61.622s][info][gc,heap     ] GC(148) Allocated:         -                46M (5%)           66M (7%)           65M (7%)             -                  -          
[2026-04-03T02:21:50.614+0600][61.622s][info][gc,heap     ] GC(148)   Garbage:         -               166M (17%)         104M (10%)          24M (2%)             -                  -          
[2026-04-03T02:21:50.614+0600][61.622s][info][gc,heap     ] GC(148) Reclaimed:         -                  -                62M (6%)          141M (14%)            -                  -          
[2026-04-03T02:21:50.614+0600][61.622s][info][gc          ] GC(148) Garbage Collection (Allocation Rate) 276M(28%)->200M(20%)
[2026-04-03T02:21:50.696+0600][61.704s][info][gc,start    ] GC(149) Garbage Collection (Allocation Rate)
[2026-04-03T02:21:50.696+0600][61.704s][info][gc,task     ] GC(149) Using 3 workers
[2026-04-03T02:21:50.696+0600][61.704s][info][gc,phases   ] GC(149) Pause Mark Start 0.009ms
[2026-04-03T02:21:50.779+0600][61.787s][info][gc,phases   ] GC(149) Concurrent Mark 82.501ms
[2026-04-03T02:21:50.779+0600][61.787s][info][gc,phases   ] GC(149) Pause Mark End 0.033ms
[2026-04-03T02:21:50.779+0600][61.787s][info][gc,phases   ] GC(149) Concurrent Mark Free 0.010ms
[2026-04-03T02:21:50.794+0600][61.803s][info][gc,phases   ] GC(149) Concurrent Process Non-Strong References 15.244ms
[2026-04-03T02:21:50.795+0600][61.803s][info][gc,phases   ] GC(149) Concurrent Reset Relocation Set 0.006ms
[2026-04-03T02:21:50.798+0600][61.806s][info][gc,phases   ] GC(149) Concurrent Select Relocation Set 3.524ms
[2026-04-03T02:21:50.798+0600][61.806s][info][gc,phases   ] GC(149) Pause Relocate Start 0.015ms
[2026-04-03T02:21:50.800+0600][61.808s][info][gc,phases   ] GC(149) Concurrent Relocate 1.636ms
[2026-04-03T02:21:50.800+0600][61.808s][info][gc,load     ] GC(149) Load: 7.16/6.46/5.95
[2026-04-03T02:21:50.800+0600][61.808s][info][gc,mmu      ] GC(149) MMU: 2ms/90.1%, 5ms/96.1%, 10ms/98.0%, 20ms/99.0%, 50ms/99.6%, 100ms/99.7%
[2026-04-03T02:21:50.800+0600][61.808s][info][gc,marking  ] GC(149) Mark: 2 stripe(s), 2 proactive flush(es), 1 terminate flush(es), 0 completion(s), 0 continuation(s) 
[2026-04-03T02:21:50.800+0600][61.808s][info][gc,marking  ] GC(149) Mark Stack Usage: 32M
[2026-04-03T02:21:50.800+0600][61.808s][info][gc,nmethod  ] GC(149) NMethods: 15060 registered, 2073 unregistered
[2026-04-03T02:21:50.800+0600][61.808s][info][gc,metaspace] GC(149) Metaspace: 127M used, 129M committed, 1152M reserved
[2026-04-03T02:21:50.800+0600][61.808s][info][gc,ref      ] GC(149) Soft: 3268 encountered, 0 discovered, 0 enqueued
[2026-04-03T02:21:50.800+0600][61.808s][info][gc,ref      ] GC(149) Weak: 14371 encountered, 4533 discovered, 31 enqueued
[2026-04-03T02:21:50.800+0600][61.808s][info][gc,ref      ] GC(149) Final: 84 encountered, 1 discovered, 0 enqueued
[2026-04-03T02:21:50.800+0600][61.808s][info][gc,ref      ] GC(149) Phantom: 620 encountered, 475 discovered, 0 enqueued
[2026-04-03T02:21:50.800+0600][61.808s][info][gc,reloc    ] GC(149) Small Pages: 112 / 224M, Empty: 10M, Relocated: 1M, In-Place: 0
[2026-04-03T02:21:50.800+0600][61.808s][info][gc,reloc    ] GC(149) Medium Pages: 1 / 16M, Empty: 0M, Relocated: 0M, In-Place: 0
[2026-04-03T02:21:50.800+0600][61.808s][info][gc,reloc    ] GC(149) Large Pages: 2 / 10M, Empty: 6M, Relocated: 0M, In-Place: 0
[2026-04-03T02:21:50.800+0600][61.808s][info][gc,reloc    ] GC(149) Forwarding Usage: 0M
[2026-04-03T02:21:50.800+0600][61.808s][info][gc,heap     ] GC(149) Min Capacity: 8M(1%)
[2026-04-03T02:21:50.800+0600][61.808s][info][gc,heap     ] GC(149) Max Capacity: 1000M(100%)
[2026-04-03T02:21:50.800+0600][61.808s][info][gc,heap     ] GC(149) Soft Max Capacity: 1000M(100%)
[2026-04-03T02:21:50.800+0600][61.808s][info][gc,heap     ] GC(149)                Mark Start          Mark End        Relocate Start      Relocate End           High               Low         
[2026-04-03T02:21:50.800+0600][61.808s][info][gc,heap     ] GC(149)  Capacity:     1000M (100%)       1000M (100%)       1000M (100%)       1000M (100%)       1000M (100%)       1000M (100%)   
[2026-04-03T02:21:50.800+0600][61.808s][info][gc,heap     ] GC(149)      Free:      750M (75%)         708M (71%)         704M (70%)         808M (81%)         808M (81%)         688M (69%)    
[2026-04-03T02:21:50.800+0600][61.808s][info][gc,heap     ] GC(149)      Used:      250M (25%)         292M (29%)         296M (30%)         192M (19%)         312M (31%)         192M (19%)    
[2026-04-03T02:21:50.800+0600][61.808s][info][gc,heap     ] GC(149)      Live:         -               104M (10%)         104M (10%)         104M (10%)            -                  -          
[2026-04-03T02:21:50.800+0600][61.809s][info][gc,heap     ] GC(149) Allocated:         -                42M (4%)           62M (6%)           61M (6%)             -                  -          
[2026-04-03T02:21:50.800+0600][61.809s][info][gc,heap     ] GC(149)   Garbage:         -               145M (15%)         129M (13%)          25M (3%)             -                  -          
[2026-04-03T02:21:50.800+0600][61.809s][info][gc,heap     ] GC(149) Reclaimed:         -                  -                16M (2%)          119M (12%)            -                  -          
[2026-04-03T02:21:50.800+0600][61.809s][info][gc          ] GC(149) Garbage Collection (Allocation Rate) 250M(25%)->192M(19%)
[2026-04-03T02:21:50.896+0600][61.904s][info][gc,start    ] GC(150) Garbage Collection (Allocation Rate)
[2026-04-03T02:21:50.896+0600][61.904s][info][gc,task     ] GC(150) Using 3 workers
[2026-04-03T02:21:50.896+0600][61.904s][info][gc,phases   ] GC(150) Pause Mark Start 0.017ms
[2026-04-03T02:21:51.006+0600][62.014s][info][gc,phases   ] GC(150) Concurrent Mark 109.118ms
[2026-04-03T02:21:51.006+0600][62.014s][info][gc,phases   ] GC(150) Pause Mark End 0.033ms
[2026-04-03T02:21:51.006+0600][62.014s][info][gc,phases   ] GC(150) Concurrent Mark Free 0.003ms
[2026-04-03T02:21:51.027+0600][62.035s][info][gc,phases   ] GC(150) Concurrent Process Non-Strong References 20.077ms
[2026-04-03T02:21:51.027+0600][62.035s][info][gc,phases   ] GC(150) Concurrent Reset Relocation Set 0.011ms
[2026-04-03T02:21:51.032+0600][62.040s][info][gc,phases   ] GC(150) Concurrent Select Relocation Set 5.274ms
[2026-04-03T02:21:51.033+0600][62.041s][info][gc,phases   ] GC(150) Pause Relocate Start 0.018ms
[2026-04-03T02:21:51.038+0600][62.046s][info][gc,phases   ] GC(150) Concurrent Relocate 5.252ms
[2026-04-03T02:21:51.038+0600][62.046s][info][gc,load     ] GC(150) Load: 7.16/6.46/5.95
[2026-04-03T02:21:51.038+0600][62.046s][info][gc,mmu      ] GC(150) MMU: 2ms/90.1%, 5ms/96.1%, 10ms/98.0%, 20ms/99.0%, 50ms/99.6%, 100ms/99.7%
[2026-04-03T02:21:51.038+0600][62.046s][info][gc,marking  ] GC(150) Mark: 2 stripe(s), 2 proactive flush(es), 1 terminate flush(es), 0 completion(s), 0 continuation(s) 
[2026-04-03T02:21:51.038+0600][62.046s][info][gc,marking  ] GC(150) Mark Stack Usage: 32M
[2026-04-03T02:21:51.038+0600][62.046s][info][gc,nmethod  ] GC(150) NMethods: 15063 registered, 2077 unregistered
[2026-04-03T02:21:51.038+0600][62.046s][info][gc,metaspace] GC(150) Metaspace: 127M used, 129M committed, 1152M reserved
[2026-04-03T02:21:51.038+0600][62.046s][info][gc,ref      ] GC(150) Soft: 3287 encountered, 0 discovered, 0 enqueued
[2026-04-03T02:21:51.038+0600][62.046s][info][gc,ref      ] GC(150) Weak: 14549 encountered, 4145 discovered, 21 enqueued
[2026-04-03T02:21:51.038+0600][62.046s][info][gc,ref      ] GC(150) Final: 84 encountered, 0 discovered, 0 enqueued
[2026-04-03T02:21:51.038+0600][62.046s][info][gc,ref      ] GC(150) Phantom: 620 encountered, 475 discovered, 0 enqueued
[2026-04-03T02:21:51.038+0600][62.046s][info][gc,reloc    ] GC(150) Small Pages: 123 / 246M, Empty: 12M, Relocated: 5M, In-Place: 0
[2026-04-03T02:21:51.038+0600][62.046s][info][gc,reloc    ] GC(150) Medium Pages: 2 / 32M, Empty: 16M, Relocated: 0M, In-Place: 0
[2026-04-03T02:21:51.038+0600][62.046s][info][gc,reloc    ] GC(150) Large Pages: 3 / 16M, Empty: 12M, Relocated: 0M, In-Place: 0
[2026-04-03T02:21:51.038+0600][62.046s][info][gc,reloc    ] GC(150) Forwarding Usage: 1M
[2026-04-03T02:21:51.038+0600][62.046s][info][gc,heap     ] GC(150) Min Capacity: 8M(1%)
[2026-04-03T02:21:51.038+0600][62.046s][info][gc,heap     ] GC(150) Max Capacity: 1000M(100%)
[2026-04-03T02:21:51.038+0600][62.046s][info][gc,heap     ] GC(150) Soft Max Capacity: 1000M(100%)
[2026-04-03T02:21:51.038+0600][62.046s][info][gc,heap     ] GC(150)                Mark Start          Mark End        Relocate Start      Relocate End           High               Low         
[2026-04-03T02:21:51.038+0600][62.046s][info][gc,heap     ] GC(150)  Capacity:     1000M (100%)       1000M (100%)       1000M (100%)       1000M (100%)       1000M (100%)       1000M (100%)   
[2026-04-03T02:21:51.038+0600][62.046s][info][gc,heap     ] GC(150)      Free:      706M (71%)         570M (57%)         580M (58%)         694M (69%)         706M (71%)         544M (54%)    
[2026-04-03T02:21:51.038+0600][62.046s][info][gc,heap     ] GC(150)      Used:      294M (29%)         430M (43%)         420M (42%)         306M (31%)         456M (46%)         294M (29%)    
[2026-04-03T02:21:51.038+0600][62.046s][info][gc,heap     ] GC(150)      Live:         -               107M (11%)         107M (11%)         107M (11%)            -                  -          
[2026-04-03T02:21:51.038+0600][62.047s][info][gc,heap     ] GC(150) Allocated:         -               136M (14%)         166M (17%)         173M (17%)            -                  -          
[2026-04-03T02:21:51.038+0600][62.047s][info][gc,heap     ] GC(150)   Garbage:         -               186M (19%)         146M (15%)          24M (2%)             -                  -          
[2026-04-03T02:21:51.038+0600][62.047s][info][gc,heap     ] GC(150) Reclaimed:         -                  -                40M (4%)          161M (16%)            -                  -          
[2026-04-03T02:21:51.038+0600][62.047s][info][gc          ] GC(150) Garbage Collection (Allocation Rate) 294M(29%)->306M(31%)
[2026-04-03T02:21:51.095+0600][62.103s][info][gc,start    ] GC(151) Garbage Collection (Allocation Rate)
[2026-04-03T02:21:51.095+0600][62.103s][info][gc,task     ] GC(151) Using 3 workers
[2026-04-03T02:21:51.096+0600][62.104s][info][gc,phases   ] GC(151) Pause Mark Start 0.018ms
[2026-04-03T02:21:51.208+0600][62.216s][info][gc,phases   ] GC(151) Concurrent Mark 112.269ms
[2026-04-03T02:21:51.208+0600][62.216s][info][gc,phases   ] GC(151) Pause Mark End 0.033ms
[2026-04-03T02:21:51.209+0600][62.217s][info][gc,phases   ] GC(151) Concurrent Mark Free 0.002ms
[2026-04-03T02:21:51.232+0600][62.240s][info][gc,phases   ] GC(151) Concurrent Process Non-Strong References 23.259ms
[2026-04-03T02:21:51.232+0600][62.240s][info][gc,phases   ] GC(151) Concurrent Reset Relocation Set 0.016ms
[2026-04-03T02:21:51.236+0600][62.245s][info][gc,phases   ] GC(151) Concurrent Select Relocation Set 4.499ms
[2026-04-03T02:21:51.237+0600][62.245s][info][gc,phases   ] GC(151) Pause Relocate Start 0.017ms
[2026-04-03T02:21:51.240+0600][62.248s][info][gc,phases   ] GC(151) Concurrent Relocate 3.464ms
[2026-04-03T02:21:51.241+0600][62.249s][info][gc,load     ] GC(151) Load: 7.16/6.46/5.95
[2026-04-03T02:21:51.241+0600][62.249s][info][gc,mmu      ] GC(151) MMU: 2ms/90.1%, 5ms/96.1%, 10ms/98.0%, 20ms/99.0%, 50ms/99.6%, 100ms/99.7%
[2026-04-03T02:21:51.241+0600][62.249s][info][gc,marking  ] GC(151) Mark: 2 stripe(s), 2 proactive flush(es), 1 terminate flush(es), 0 completion(s), 0 continuation(s) 
[2026-04-03T02:21:51.241+0600][62.249s][info][gc,marking  ] GC(151) Mark Stack Usage: 32M
[2026-04-03T02:21:51.241+0600][62.249s][info][gc,nmethod  ] GC(151) NMethods: 15065 registered, 2078 unregistered
[2026-04-03T02:21:51.241+0600][62.249s][info][gc,metaspace] GC(151) Metaspace: 127M used, 129M committed, 1152M reserved
[2026-04-03T02:21:51.241+0600][62.249s][info][gc,ref      ] GC(151) Soft: 3287 encountered, 0 discovered, 0 enqueued
[2026-04-03T02:21:51.241+0600][62.249s][info][gc,ref      ] GC(151) Weak: 14904 encountered, 4153 discovered, 7 enqueued
[2026-04-03T02:21:51.241+0600][62.249s][info][gc,ref      ] GC(151) Final: 84 encountered, 0 discovered, 0 enqueued
[2026-04-03T02:21:51.241+0600][62.249s][info][gc,ref      ] GC(151) Phantom: 620 encountered, 476 discovered, 0 enqueued
[2026-04-03T02:21:51.241+0600][62.249s][info][gc,reloc    ] GC(151) Small Pages: 144 / 288M, Empty: 38M, Relocated: 3M, In-Place: 0
[2026-04-03T02:21:51.241+0600][62.249s][info][gc,reloc    ] GC(151) Medium Pages: 4 / 64M, Empty: 48M, Relocated: 0M, In-Place: 0
[2026-04-03T02:21:51.241+0600][62.249s][info][gc,reloc    ] GC(151) Large Pages: 6 / 34M, Empty: 30M, Relocated: 0M, In-Place: 0
[2026-04-03T02:21:51.241+0600][62.249s][info][gc,reloc    ] GC(151) Forwarding Usage: 0M
[2026-04-03T02:21:51.241+0600][62.249s][info][gc,heap     ] GC(151) Min Capacity: 8M(1%)
[2026-04-03T02:21:51.241+0600][62.249s][info][gc,heap     ] GC(151) Max Capacity: 1000M(100%)
[2026-04-03T02:21:51.241+0600][62.249s][info][gc,heap     ] GC(151) Soft Max Capacity: 1000M(100%)
[2026-04-03T02:21:51.241+0600][62.249s][info][gc,heap     ] GC(151)                Mark Start          Mark End        Relocate Start      Relocate End           High               Low         
[2026-04-03T02:21:51.241+0600][62.249s][info][gc,heap     ] GC(151)  Capacity:     1000M (100%)       1000M (100%)       1000M (100%)       1000M (100%)       1000M (100%)       1000M (100%)   
[2026-04-03T02:21:51.241+0600][62.249s][info][gc,heap     ] GC(151)      Free:      614M (61%)         470M (47%)         544M (54%)         678M (68%)         678M (68%)         428M (43%)    
[2026-04-03T02:21:51.241+0600][62.249s][info][gc,heap     ] GC(151)      Used:      386M (39%)         530M (53%)         456M (46%)         322M (32%)         572M (57%)         322M (32%)    
[2026-04-03T02:21:51.241+0600][62.249s][info][gc,heap     ] GC(151)      Live:         -               106M (11%)         106M (11%)         106M (11%)            -                  -          
[2026-04-03T02:21:51.241+0600][62.249s][info][gc,heap     ] GC(151) Allocated:         -               144M (14%)         186M (19%)         189M (19%)            -                  -          
[2026-04-03T02:21:51.241+0600][62.249s][info][gc,heap     ] GC(151)   Garbage:         -               279M (28%)         163M (16%)          25M (3%)             -                  -          
[2026-04-03T02:21:51.241+0600][62.249s][info][gc,heap     ] GC(151) Reclaimed:         -                  -               116M (12%)         253M (25%)            -                  -          
[2026-04-03T02:21:51.241+0600][62.249s][info][gc          ] GC(151) Garbage Collection (Allocation Rate) 386M(39%)->322M(32%)
[2026-04-03T02:21:51.296+0600][62.304s][info][gc,start    ] GC(152) Garbage Collection (Allocation Rate)
[2026-04-03T02:21:51.296+0600][62.304s][info][gc,task     ] GC(152) Using 3 workers
[2026-04-03T02:21:51.296+0600][62.304s][info][gc,phases   ] GC(152) Pause Mark Start 0.015ms
[2026-04-03T02:21:51.414+0600][62.422s][info][gc,phases   ] GC(152) Concurrent Mark 117.680ms
[2026-04-03T02:21:51.414+0600][62.422s][info][gc,phases   ] GC(152) Pause Mark End 0.037ms
[2026-04-03T02:21:51.414+0600][62.423s][info][gc,phases   ] GC(152) Concurrent Mark Free 0.003ms
[2026-04-03T02:21:51.442+0600][62.450s][info][gc,phases   ] GC(152) Concurrent Process Non-Strong References 27.735ms
[2026-04-03T02:21:51.442+0600][62.450s][info][gc,phases   ] GC(152) Concurrent Reset Relocation Set 0.011ms
[2026-04-03T02:21:51.446+0600][62.454s][info][gc,phases   ] GC(152) Concurrent Select Relocation Set 3.748ms
[2026-04-03T02:21:51.446+0600][62.454s][info][gc,phases   ] GC(152) Pause Relocate Start 0.014ms
[2026-04-03T02:21:51.452+0600][62.460s][info][gc,phases   ] GC(152) Concurrent Relocate 5.535ms
[2026-04-03T02:21:51.452+0600][62.460s][info][gc,load     ] GC(152) Load: 7.16/6.46/5.95
[2026-04-03T02:21:51.452+0600][62.460s][info][gc,mmu      ] GC(152) MMU: 2ms/90.1%, 5ms/96.1%, 10ms/98.0%, 20ms/99.0%, 50ms/99.6%, 100ms/99.7%
[2026-04-03T02:21:51.452+0600][62.460s][info][gc,marking  ] GC(152) Mark: 2 stripe(s), 2 proactive flush(es), 1 terminate flush(es), 0 completion(s), 0 continuation(s) 
[2026-04-03T02:21:51.452+0600][62.460s][info][gc,marking  ] GC(152) Mark Stack Usage: 32M
[2026-04-03T02:21:51.452+0600][62.460s][info][gc,nmethod  ] GC(152) NMethods: 15064 registered, 2080 unregistered
[2026-04-03T02:21:51.452+0600][62.460s][info][gc,metaspace] GC(152) Metaspace: 127M used, 129M committed, 1152M reserved
[2026-04-03T02:21:51.452+0600][62.460s][info][gc,ref      ] GC(152) Soft: 3287 encountered, 0 discovered, 0 enqueued
[2026-04-03T02:21:51.452+0600][62.460s][info][gc,ref      ] GC(152) Weak: 15258 encountered, 4468 discovered, 11 enqueued
[2026-04-03T02:21:51.452+0600][62.460s][info][gc,ref      ] GC(152) Final: 84 encountered, 0 discovered, 0 enqueued
[2026-04-03T02:21:51.452+0600][62.460s][info][gc,ref      ] GC(152) Phantom: 620 encountered, 409 discovered, 0 enqueued
[2026-04-03T02:21:51.452+0600][62.460s][info][gc,reloc    ] GC(152) Small Pages: 150 / 300M, Empty: 40M, Relocated: 6M, In-Place: 0
[2026-04-03T02:21:51.452+0600][62.460s][info][gc,reloc    ] GC(152) Medium Pages: 4 / 64M, Empty: 48M, Relocated: 0M, In-Place: 0
[2026-04-03T02:21:51.452+0600][62.460s][info][gc,reloc    ] GC(152) Large Pages: 6 / 34M, Empty: 30M, Relocated: 0M, In-Place: 0
[2026-04-03T02:21:51.452+0600][62.460s][info][gc,reloc    ] GC(152) Forwarding Usage: 2M
[2026-04-03T02:21:51.452+0600][62.460s][info][gc,heap     ] GC(152) Min Capacity: 8M(1%)
[2026-04-03T02:21:51.452+0600][62.460s][info][gc,heap     ] GC(152) Max Capacity: 1000M(100%)
[2026-04-03T02:21:51.452+0600][62.460s][info][gc,heap     ] GC(152) Soft Max Capacity: 1000M(100%)
[2026-04-03T02:21:51.452+0600][62.460s][info][gc,heap     ] GC(152)                Mark Start          Mark End        Relocate Start      Relocate End           High               Low         
[2026-04-03T02:21:51.452+0600][62.460s][info][gc,heap     ] GC(152)  Capacity:     1000M (100%)       1000M (100%)       1000M (100%)       1000M (100%)       1000M (100%)       1000M (100%)   
[2026-04-03T02:21:51.452+0600][62.461s][info][gc,heap     ] GC(152)      Free:      602M (60%)         432M (43%)         510M (51%)         650M (65%)         656M (66%)         378M (38%)    
[2026-04-03T02:21:51.452+0600][62.461s][info][gc,heap     ] GC(152)      Used:      398M (40%)         568M (57%)         490M (49%)         350M (35%)         622M (62%)         344M (34%)    
[2026-04-03T02:21:51.452+0600][62.461s][info][gc,heap     ] GC(152)      Live:         -               107M (11%)         107M (11%)         107M (11%)            -                  -          
[2026-04-03T02:21:51.452+0600][62.461s][info][gc,heap     ] GC(152) Allocated:         -               170M (17%)         210M (21%)         217M (22%)            -                  -          
[2026-04-03T02:21:51.452+0600][62.461s][info][gc,heap     ] GC(152)   Garbage:         -               290M (29%)         172M (17%)          24M (2%)             -                  -          
[2026-04-03T02:21:51.452+0600][62.461s][info][gc,heap     ] GC(152) Reclaimed:         -                  -               118M (12%)         265M (27%)            -                  -          
[2026-04-03T02:21:51.453+0600][62.461s][info][gc          ] GC(152) Garbage Collection (Allocation Rate) 398M(40%)->350M(35%)
[2026-04-03T02:21:51.495+0600][62.503s][info][gc,start    ] GC(153) Garbage Collection (Allocation Rate)
[2026-04-03T02:21:51.495+0600][62.503s][info][gc,task     ] GC(153) Using 3 workers
[2026-04-03T02:21:51.496+0600][62.504s][info][gc,phases   ] GC(153) Pause Mark Start 0.009ms
[2026-04-03T02:21:51.629+0600][62.637s][info][gc,phases   ] GC(153) Concurrent Mark 132.970ms
[2026-04-03T02:21:51.629+0600][62.637s][info][gc,phases   ] GC(153) Pause Mark End 0.048ms
[2026-04-03T02:21:51.629+0600][62.638s][info][gc,phases   ] GC(153) Concurrent Mark Free 0.003ms
[2026-04-03T02:21:51.651+0600][62.659s][info][gc,phases   ] GC(153) Concurrent Process Non-Strong References 21.722ms
[2026-04-03T02:21:51.651+0600][62.660s][info][gc,phases   ] GC(153) Concurrent Reset Relocation Set 0.012ms
[2026-04-03T02:21:51.656+0600][62.664s][info][gc,phases   ] GC(153) Concurrent Select Relocation Set 4.472ms
[2026-04-03T02:21:51.656+0600][62.664s][info][gc,phases   ] GC(153) Pause Relocate Start 0.017ms
[2026-04-03T02:21:51.667+0600][62.676s][info][gc,phases   ] GC(153) Concurrent Relocate 10.976ms
[2026-04-03T02:21:51.668+0600][62.676s][info][gc,load     ] GC(153) Load: 7.16/6.46/5.95
[2026-04-03T02:21:51.668+0600][62.676s][info][gc,mmu      ] GC(153) MMU: 2ms/90.1%, 5ms/96.1%, 10ms/98.0%, 20ms/99.0%, 50ms/99.6%, 100ms/99.7%
[2026-04-03T02:21:51.668+0600][62.676s][info][gc,marking  ] GC(153) Mark: 2 stripe(s), 2 proactive flush(es), 1 terminate flush(es), 0 completion(s), 0 continuation(s) 
[2026-04-03T02:21:51.668+0600][62.676s][info][gc,marking  ] GC(153) Mark Stack Usage: 32M
[2026-04-03T02:21:51.668+0600][62.676s][info][gc,nmethod  ] GC(153) NMethods: 15066 registered, 2081 unregistered
[2026-04-03T02:21:51.668+0600][62.676s][info][gc,metaspace] GC(153) Metaspace: 127M used, 129M committed, 1152M reserved
[2026-04-03T02:21:51.668+0600][62.676s][info][gc,ref      ] GC(153) Soft: 3286 encountered, 0 discovered, 0 enqueued
[2026-04-03T02:21:51.668+0600][62.676s][info][gc,ref      ] GC(153) Weak: 15608 encountered, 4571 discovered, 11 enqueued
[2026-04-03T02:21:51.668+0600][62.676s][info][gc,ref      ] GC(153) Final: 84 encountered, 0 discovered, 0 enqueued
[2026-04-03T02:21:51.668+0600][62.676s][info][gc,ref      ] GC(153) Phantom: 620 encountered, 591 discovered, 0 enqueued
[2026-04-03T02:21:51.668+0600][62.676s][info][gc,reloc    ] GC(153) Small Pages: 150 / 300M, Empty: 82M, Relocated: 6M, In-Place: 0
[2026-04-03T02:21:51.668+0600][62.676s][info][gc,reloc    ] GC(153) Medium Pages: 4 / 64M, Empty: 48M, Relocated: 0M, In-Place: 0
[2026-04-03T02:21:51.668+0600][62.676s][info][gc,reloc    ] GC(153) Large Pages: 6 / 34M, Empty: 30M, Relocated: 0M, In-Place: 0
[2026-04-03T02:21:51.668+0600][62.676s][info][gc,reloc    ] GC(153) Forwarding Usage: 2M
[2026-04-03T02:21:51.668+0600][62.676s][info][gc,heap     ] GC(153) Min Capacity: 8M(1%)
[2026-04-03T02:21:51.668+0600][62.676s][info][gc,heap     ] GC(153) Max Capacity: 1000M(100%)
[2026-04-03T02:21:51.668+0600][62.676s][info][gc,heap     ] GC(153) Soft Max Capacity: 1000M(100%)
[2026-04-03T02:21:51.668+0600][62.676s][info][gc,heap     ] GC(153)                Mark Start          Mark End        Relocate Start      Relocate End           High               Low         
[2026-04-03T02:21:51.668+0600][62.676s][info][gc,heap     ] GC(153)  Capacity:     1000M (100%)       1000M (100%)       1000M (100%)       1000M (100%)       1000M (100%)       1000M (100%)   
[2026-04-03T02:21:51.668+0600][62.676s][info][gc,heap     ] GC(153)      Free:      602M (60%)         448M (45%)         584M (58%)         680M (68%)         688M (69%)         428M (43%)    
[2026-04-03T02:21:51.668+0600][62.676s][info][gc,heap     ] GC(153)      Used:      398M (40%)         552M (55%)         416M (42%)         320M (32%)         572M (57%)         312M (31%)    
[2026-04-03T02:21:51.668+0600][62.676s][info][gc,heap     ] GC(153)      Live:         -               106M (11%)         106M (11%)         106M (11%)            -                  -          
[2026-04-03T02:21:51.668+0600][62.676s][info][gc,heap     ] GC(153) Allocated:         -               154M (15%)         178M (18%)         187M (19%)            -                  -          
[2026-04-03T02:21:51.668+0600][62.676s][info][gc,heap     ] GC(153)   Garbage:         -               291M (29%)         131M (13%)          25M (3%)             -                  -          
[2026-04-03T02:21:51.668+0600][62.676s][info][gc,heap     ] GC(153) Reclaimed:         -                  -               160M (16%)         265M (27%)            -                  -          
[2026-04-03T02:21:51.668+0600][62.676s][info][gc          ] GC(153) Garbage Collection (Allocation Rate) 398M(40%)->320M(32%)
[2026-04-03T02:21:51.695+0600][62.704s][info][gc,start    ] GC(154) Garbage Collection (Allocation Rate)
[2026-04-03T02:21:51.696+0600][62.704s][info][gc,task     ] GC(154) Using 3 workers
[2026-04-03T02:21:51.696+0600][62.704s][info][gc,phases   ] GC(154) Pause Mark Start 0.017ms
[2026-04-03T02:21:51.813+0600][62.821s][info][gc,phases   ] GC(154) Concurrent Mark 117.027ms
[2026-04-03T02:21:51.813+0600][62.821s][info][gc,phases   ] GC(154) Pause Mark End 0.040ms
[2026-04-03T02:21:51.813+0600][62.821s][info][gc,phases   ] GC(154) Concurrent Mark Free 0.002ms
[2026-04-03T02:21:51.833+0600][62.841s][info][gc,phases   ] GC(154) Concurrent Process Non-Strong References 19.088ms
[2026-04-03T02:21:51.833+0600][62.841s][info][gc,phases   ] GC(154) Concurrent Reset Relocation Set 0.013ms
[2026-04-03T02:21:51.837+0600][62.845s][info][gc,phases   ] GC(154) Concurrent Select Relocation Set 4.655ms
[2026-04-03T02:21:51.838+0600][62.846s][info][gc,phases   ] GC(154) Pause Relocate Start 0.015ms
[2026-04-03T02:21:51.839+0600][62.847s][info][gc,phases   ] GC(154) Concurrent Relocate 1.184ms
[2026-04-03T02:21:51.839+0600][62.847s][info][gc,load     ] GC(154) Load: 7.16/6.46/5.95
[2026-04-03T02:21:51.839+0600][62.847s][info][gc,mmu      ] GC(154) MMU: 2ms/90.1%, 5ms/96.1%, 10ms/98.0%, 20ms/99.0%, 50ms/99.6%, 100ms/99.7%
[2026-04-03T02:21:51.839+0600][62.847s][info][gc,marking  ] GC(154) Mark: 2 stripe(s), 2 proactive flush(es), 1 terminate flush(es), 0 completion(s), 0 continuation(s) 
[2026-04-03T02:21:51.839+0600][62.847s][info][gc,marking  ] GC(154) Mark Stack Usage: 32M
[2026-04-03T02:21:51.839+0600][62.847s][info][gc,nmethod  ] GC(154) NMethods: 15075 registered, 2084 unregistered
[2026-04-03T02:21:51.839+0600][62.847s][info][gc,metaspace] GC(154) Metaspace: 127M used, 129M committed, 1152M reserved
[2026-04-03T02:21:51.839+0600][62.847s][info][gc,ref      ] GC(154) Soft: 3279 encountered, 0 discovered, 0 enqueued
[2026-04-03T02:21:51.839+0600][62.847s][info][gc,ref      ] GC(154) Weak: 15874 encountered, 4733 discovered, 10 enqueued
[2026-04-03T02:21:51.839+0600][62.847s][info][gc,ref      ] GC(154) Final: 84 encountered, 0 discovered, 0 enqueued
[2026-04-03T02:21:51.839+0600][62.847s][info][gc,ref      ] GC(154) Phantom: 620 encountered, 507 discovered, 0 enqueued
[2026-04-03T02:21:51.839+0600][62.847s][info][gc,reloc    ] GC(154) Small Pages: 139 / 278M, Empty: 34M, Relocated: 1M, In-Place: 0
[2026-04-03T02:21:51.839+0600][62.847s][info][gc,reloc    ] GC(154) Medium Pages: 4 / 64M, Empty: 48M, Relocated: 0M, In-Place: 0
[2026-04-03T02:21:51.839+0600][62.847s][info][gc,reloc    ] GC(154) Large Pages: 4 / 22M, Empty: 18M, Relocated: 0M, In-Place: 0
[2026-04-03T02:21:51.839+0600][62.847s][info][gc,reloc    ] GC(154) Forwarding Usage: 0M
[2026-04-03T02:21:51.839+0600][62.847s][info][gc,heap     ] GC(154) Min Capacity: 8M(1%)
[2026-04-03T02:21:51.839+0600][62.847s][info][gc,heap     ] GC(154) Max Capacity: 1000M(100%)
[2026-04-03T02:21:51.839+0600][62.847s][info][gc,heap     ] GC(154) Soft Max Capacity: 1000M(100%)
[2026-04-03T02:21:51.839+0600][62.847s][info][gc,heap     ] GC(154)                Mark Start          Mark End        Relocate Start      Relocate End           High               Low         
[2026-04-03T02:21:51.839+0600][62.847s][info][gc,heap     ] GC(154)  Capacity:     1000M (100%)       1000M (100%)       1000M (100%)       1000M (100%)       1000M (100%)       1000M (100%)   
[2026-04-03T02:21:51.839+0600][62.847s][info][gc,heap     ] GC(154)      Free:      636M (64%)         522M (52%)         610M (61%)         742M (74%)         742M (74%)         510M (51%)    
[2026-04-03T02:21:51.839+0600][62.847s][info][gc,heap     ] GC(154)      Used:      364M (36%)         478M (48%)         390M (39%)         258M (26%)         490M (49%)         258M (26%)    
[2026-04-03T02:21:51.839+0600][62.847s][info][gc,heap     ] GC(154)      Live:         -               105M (11%)         105M (11%)         105M (11%)            -                  -          
[2026-04-03T02:21:51.839+0600][62.847s][info][gc,heap     ] GC(154) Allocated:         -               114M (11%)         126M (13%)         125M (13%)            -                  -          
[2026-04-03T02:21:51.839+0600][62.847s][info][gc,heap     ] GC(154)   Garbage:         -               258M (26%)         158M (16%)          26M (3%)             -                  -          
[2026-04-03T02:21:51.839+0600][62.847s][info][gc,heap     ] GC(154) Reclaimed:         -                  -               100M (10%)         231M (23%)            -                  -          
[2026-04-03T02:21:51.839+0600][62.847s][info][gc          ] GC(154) Garbage Collection (Allocation Rate) 364M(36%)->258M(26%)
[2026-04-03T02:21:52.095+0600][63.103s][info][gc,start    ] GC(155) Garbage Collection (Allocation Rate)
[2026-04-03T02:21:52.095+0600][63.103s][info][gc,task     ] GC(155) Using 2 workers
[2026-04-03T02:21:52.096+0600][63.104s][info][gc,phases   ] GC(155) Pause Mark Start 0.010ms
[2026-04-03T02:21:52.198+0600][63.206s][info][gc,phases   ] GC(155) Concurrent Mark 102.045ms
[2026-04-03T02:21:52.198+0600][63.206s][info][gc,phases   ] GC(155) Pause Mark End 0.034ms
[2026-04-03T02:21:52.198+0600][63.206s][info][gc,phases   ] GC(155) Concurrent Mark Free 0.003ms
[2026-04-03T02:21:52.233+0600][63.241s][info][gc,phases   ] GC(155) Concurrent Process Non-Strong References 34.873ms
[2026-04-03T02:21:52.233+0600][63.241s][info][gc,phases   ] GC(155) Concurrent Reset Relocation Set 0.010ms
[2026-04-03T02:21:52.237+0600][63.246s][info][gc,phases   ] GC(155) Concurrent Select Relocation Set 4.322ms
[2026-04-03T02:21:52.238+0600][63.246s][info][gc,phases   ] GC(155) Pause Relocate Start 0.034ms
[2026-04-03T02:21:52.242+0600][63.251s][info][gc,phases   ] GC(155) Concurrent Relocate 4.607ms
[2026-04-03T02:21:52.243+0600][63.251s][info][gc,load     ] GC(155) Load: 7.16/6.46/5.95
[2026-04-03T02:21:52.243+0600][63.251s][info][gc,mmu      ] GC(155) MMU: 2ms/90.1%, 5ms/96.1%, 10ms/98.0%, 20ms/99.0%, 50ms/99.6%, 100ms/99.7%
[2026-04-03T02:21:52.243+0600][63.251s][info][gc,marking  ] GC(155) Mark: 2 stripe(s), 10 proactive flush(es), 2 terminate flush(es), 0 completion(s), 0 continuation(s) 
[2026-04-03T02:21:52.243+0600][63.251s][info][gc,marking  ] GC(155) Mark Stack Usage: 32M
[2026-04-03T02:21:52.243+0600][63.251s][info][gc,nmethod  ] GC(155) NMethods: 15086 registered, 2091 unregistered
[2026-04-03T02:21:52.243+0600][63.251s][info][gc,metaspace] GC(155) Metaspace: 127M used, 129M committed, 1152M reserved
[2026-04-03T02:21:52.243+0600][63.251s][info][gc,ref      ] GC(155) Soft: 3281 encountered, 0 discovered, 0 enqueued
[2026-04-03T02:21:52.243+0600][63.251s][info][gc,ref      ] GC(155) Weak: 15981 encountered, 8413 discovered, 1588 enqueued
[2026-04-03T02:21:52.243+0600][63.251s][info][gc,ref      ] GC(155) Final: 84 encountered, 48 discovered, 0 enqueued
[2026-04-03T02:21:52.243+0600][63.251s][info][gc,ref      ] GC(155) Phantom: 620 encountered, 594 discovered, 0 enqueued
[2026-04-03T02:21:52.243+0600][63.251s][info][gc,reloc    ] GC(155) Small Pages: 173 / 346M, Empty: 16M, Relocated: 2M, In-Place: 0
[2026-04-03T02:21:52.243+0600][63.251s][info][gc,reloc    ] GC(155) Medium Pages: 3 / 48M, Empty: 32M, Relocated: 0M, In-Place: 0
[2026-04-03T02:21:52.243+0600][63.251s][info][gc,reloc    ] GC(155) Large Pages: 5 / 28M, Empty: 24M, Relocated: 0M, In-Place: 0
[2026-04-03T02:21:52.243+0600][63.251s][info][gc,reloc    ] GC(155) Forwarding Usage: 1M
[2026-04-03T02:21:52.243+0600][63.251s][info][gc,heap     ] GC(155) Min Capacity: 8M(1%)
[2026-04-03T02:21:52.243+0600][63.251s][info][gc,heap     ] GC(155) Max Capacity: 1000M(100%)
[2026-04-03T02:21:52.243+0600][63.251s][info][gc,heap     ] GC(155) Soft Max Capacity: 1000M(100%)
[2026-04-03T02:21:52.243+0600][63.251s][info][gc,heap     ] GC(155)                Mark Start          Mark End        Relocate Start      Relocate End           High               Low         
[2026-04-03T02:21:52.243+0600][63.251s][info][gc,heap     ] GC(155)  Capacity:     1000M (100%)       1000M (100%)       1000M (100%)       1000M (100%)       1000M (100%)       1000M (100%)   
[2026-04-03T02:21:52.243+0600][63.251s][info][gc,heap     ] GC(155)      Free:      578M (58%)         482M (48%)         488M (49%)         704M (70%)         704M (70%)         418M (42%)    
[2026-04-03T02:21:52.243+0600][63.251s][info][gc,heap     ] GC(155)      Used:      422M (42%)         518M (52%)         512M (51%)         296M (30%)         582M (58%)         296M (30%)    
[2026-04-03T02:21:52.243+0600][63.251s][info][gc,heap     ] GC(155)      Live:         -               104M (10%)         104M (10%)         104M (10%)            -                  -          
[2026-04-03T02:21:52.243+0600][63.251s][info][gc,heap     ] GC(155) Allocated:         -                96M (10%)         162M (16%)         167M (17%)            -                  -          
[2026-04-03T02:21:52.243+0600][63.251s][info][gc,heap     ] GC(155)   Garbage:         -               317M (32%)         245M (25%)          23M (2%)             -                  -          
[2026-04-03T02:21:52.243+0600][63.251s][info][gc,heap     ] GC(155) Reclaimed:         -                  -                72M (7%)          293M (29%)            -                  -          
[2026-04-03T02:21:52.243+0600][63.251s][info][gc          ] GC(155) Garbage Collection (Allocation Rate) 422M(42%)->296M(30%)
[2026-04-03T02:21:52.396+0600][63.404s][info][gc,start    ] GC(156) Garbage Collection (Allocation Rate)
[2026-04-03T02:21:52.396+0600][63.404s][info][gc,task     ] GC(156) Using 2 workers
[2026-04-03T02:21:52.396+0600][63.404s][info][gc,phases   ] GC(156) Pause Mark Start 0.015ms
[2026-04-03T02:21:52.582+0600][63.590s][info][gc,phases   ] GC(156) Concurrent Mark 185.538ms
[2026-04-03T02:21:52.582+0600][63.590s][info][gc,phases   ] GC(156) Pause Mark End 0.042ms
[2026-04-03T02:21:52.582+0600][63.590s][info][gc,phases   ] GC(156) Concurrent Mark Free 0.002ms
[2026-04-03T02:21:52.618+0600][63.626s][info][gc,phases   ] GC(156) Concurrent Process Non-Strong References 35.359ms
[2026-04-03T02:21:52.618+0600][63.626s][info][gc,phases   ] GC(156) Concurrent Reset Relocation Set 0.016ms
[2026-04-03T02:21:52.625+0600][63.633s][info][gc,phases   ] GC(156) Concurrent Select Relocation Set 6.574ms
[2026-04-03T02:21:52.625+0600][63.633s][info][gc,phases   ] GC(156) Pause Relocate Start 0.016ms
[2026-04-03T02:21:52.632+0600][63.640s][info][gc,phases   ] GC(156) Concurrent Relocate 6.493ms
[2026-04-03T02:21:52.632+0600][63.640s][info][gc,load     ] GC(156) Load: 7.16/6.46/5.95
[2026-04-03T02:21:52.632+0600][63.640s][info][gc,mmu      ] GC(156) MMU: 2ms/90.1%, 5ms/96.1%, 10ms/98.0%, 20ms/99.0%, 50ms/99.6%, 100ms/99.7%
[2026-04-03T02:21:52.632+0600][63.640s][info][gc,marking  ] GC(156) Mark: 2 stripe(s), 2 proactive flush(es), 1 terminate flush(es), 0 completion(s), 0 continuation(s) 
[2026-04-03T02:21:52.632+0600][63.640s][info][gc,marking  ] GC(156) Mark Stack Usage: 32M
[2026-04-03T02:21:52.632+0600][63.640s][info][gc,nmethod  ] GC(156) NMethods: 15089 registered, 2105 unregistered
[2026-04-03T02:21:52.632+0600][63.640s][info][gc,metaspace] GC(156) Metaspace: 127M used, 129M committed, 1152M reserved
[2026-04-03T02:21:52.632+0600][63.640s][info][gc,ref      ] GC(156) Soft: 3307 encountered, 0 discovered, 0 enqueued
[2026-04-03T02:21:52.632+0600][63.640s][info][gc,ref      ] GC(156) Weak: 14959 encountered, 4160 discovered, 33 enqueued
[2026-04-03T02:21:52.632+0600][63.640s][info][gc,ref      ] GC(156) Final: 84 encountered, 0 discovered, 0 enqueued
[2026-04-03T02:21:52.632+0600][63.640s][info][gc,ref      ] GC(156) Phantom: 620 encountered, 596 discovered, 0 enqueued
[2026-04-03T02:21:52.632+0600][63.640s][info][gc,reloc    ] GC(156) Small Pages: 191 / 382M, Empty: 76M, Relocated: 4M, In-Place: 0
[2026-04-03T02:21:52.632+0600][63.640s][info][gc,reloc    ] GC(156) Medium Pages: 5 / 80M, Empty: 64M, Relocated: 0M, In-Place: 0
[2026-04-03T02:21:52.632+0600][63.640s][info][gc,reloc    ] GC(156) Large Pages: 8 / 46M, Empty: 42M, Relocated: 0M, In-Place: 0
[2026-04-03T02:21:52.632+0600][63.640s][info][gc,reloc    ] GC(156) Forwarding Usage: 1M
[2026-04-03T02:21:52.632+0600][63.640s][info][gc,heap     ] GC(156) Min Capacity: 8M(1%)
[2026-04-03T02:21:52.632+0600][63.640s][info][gc,heap     ] GC(156) Max Capacity: 1000M(100%)
[2026-04-03T02:21:52.632+0600][63.640s][info][gc,heap     ] GC(156) Soft Max Capacity: 1000M(100%)
[2026-04-03T02:21:52.632+0600][63.640s][info][gc,heap     ] GC(156)                Mark Start          Mark End        Relocate Start      Relocate End           High               Low         
[2026-04-03T02:21:52.632+0600][63.640s][info][gc,heap     ] GC(156)  Capacity:     1000M (100%)       1000M (100%)       1000M (100%)       1000M (100%)       1000M (100%)       1000M (100%)   
[2026-04-03T02:21:52.632+0600][63.640s][info][gc,heap     ] GC(156)      Free:      492M (49%)         270M (27%)         392M (39%)         584M (58%)         584M (58%)         214M (21%)    
[2026-04-03T02:21:52.632+0600][63.640s][info][gc,heap     ] GC(156)      Used:      508M (51%)         730M (73%)         608M (61%)         416M (42%)         786M (79%)         416M (42%)    
[2026-04-03T02:21:52.632+0600][63.640s][info][gc,heap     ] GC(156)      Live:         -               106M (11%)         106M (11%)         106M (11%)            -                  -          
[2026-04-03T02:21:52.632+0600][63.640s][info][gc,heap     ] GC(156) Allocated:         -               222M (22%)         282M (28%)         283M (28%)            -                  -          
[2026-04-03T02:21:52.632+0600][63.640s][info][gc,heap     ] GC(156)   Garbage:         -               401M (40%)         219M (22%)          25M (3%)             -                  -          
[2026-04-03T02:21:52.632+0600][63.640s][info][gc,heap     ] GC(156) Reclaimed:         -                  -               182M (18%)         375M (38%)            -                  -          
[2026-04-03T02:21:52.632+0600][63.640s][info][gc          ] GC(156) Garbage Collection (Allocation Rate) 508M(51%)->416M(42%)
[2026-04-03T02:21:52.696+0600][63.704s][info][gc,start    ] GC(157) Garbage Collection (Allocation Rate)
[2026-04-03T02:21:52.696+0600][63.704s][info][gc,task     ] GC(157) Using 3 workers
[2026-04-03T02:21:52.697+0600][63.705s][info][gc,phases   ] GC(157) Pause Mark Start 0.033ms
[2026-04-03T02:21:52.820+0600][63.828s][info][gc,phases   ] GC(157) Concurrent Mark 123.519ms
[2026-04-03T02:21:52.821+0600][63.829s][info][gc,phases   ] GC(157) Pause Mark End 0.034ms
[2026-04-03T02:21:52.821+0600][63.829s][info][gc,phases   ] GC(157) Concurrent Mark Free 0.003ms
[2026-04-03T02:21:52.847+0600][63.855s][info][gc,phases   ] GC(157) Concurrent Process Non-Strong References 26.386ms
[2026-04-03T02:21:52.847+0600][63.855s][info][gc,phases   ] GC(157) Concurrent Reset Relocation Set 0.017ms
[2026-04-03T02:21:52.851+0600][63.859s][info][gc,phases   ] GC(157) Concurrent Select Relocation Set 4.070ms
[2026-04-03T02:21:52.852+0600][63.860s][info][gc,phases   ] GC(157) Pause Relocate Start 0.016ms
[2026-04-03T02:21:52.857+0600][63.865s][info][gc,phases   ] GC(157) Concurrent Relocate 4.878ms
[2026-04-03T02:21:52.857+0600][63.865s][info][gc,load     ] GC(157) Load: 7.16/6.46/5.95
[2026-04-03T02:21:52.857+0600][63.865s][info][gc,mmu      ] GC(157) MMU: 2ms/90.1%, 5ms/96.1%, 10ms/98.0%, 20ms/99.0%, 50ms/99.6%, 100ms/99.7%
[2026-04-03T02:21:52.857+0600][63.865s][info][gc,marking  ] GC(157) Mark: 2 stripe(s), 2 proactive flush(es), 1 terminate flush(es), 0 completion(s), 0 continuation(s) 
[2026-04-03T02:21:52.857+0600][63.865s][info][gc,marking  ] GC(157) Mark Stack Usage: 32M
[2026-04-03T02:21:52.857+0600][63.865s][info][gc,nmethod  ] GC(157) NMethods: 15085 registered, 2115 unregistered
[2026-04-03T02:21:52.857+0600][63.865s][info][gc,metaspace] GC(157) Metaspace: 127M used, 129M committed, 1152M reserved
[2026-04-03T02:21:52.857+0600][63.865s][info][gc,ref      ] GC(157) Soft: 3307 encountered, 0 discovered, 0 enqueued
[2026-04-03T02:21:52.857+0600][63.865s][info][gc,ref      ] GC(157) Weak: 15431 encountered, 2246 discovered, 14 enqueued
[2026-04-03T02:21:52.857+0600][63.865s][info][gc,ref      ] GC(157) Final: 84 encountered, 0 discovered, 0 enqueued
[2026-04-03T02:21:52.857+0600][63.865s][info][gc,ref      ] GC(157) Phantom: 620 encountered, 480 discovered, 0 enqueued
[2026-04-03T02:21:52.857+0600][63.865s][info][gc,reloc    ] GC(157) Small Pages: 193 / 386M, Empty: 102M, Relocated: 6M, In-Place: 0
[2026-04-03T02:21:52.857+0600][63.865s][info][gc,reloc    ] GC(157) Medium Pages: 5 / 80M, Empty: 64M, Relocated: 0M, In-Place: 0
[2026-04-03T02:21:52.857+0600][63.865s][info][gc,reloc    ] GC(157) Large Pages: 8 / 46M, Empty: 42M, Relocated: 0M, In-Place: 0
[2026-04-03T02:21:52.857+0600][63.865s][info][gc,reloc    ] GC(157) Forwarding Usage: 2M
[2026-04-03T02:21:52.857+0600][63.865s][info][gc,heap     ] GC(157) Min Capacity: 8M(1%)
[2026-04-03T02:21:52.857+0600][63.865s][info][gc,heap     ] GC(157) Max Capacity: 1000M(100%)
[2026-04-03T02:21:52.857+0600][63.865s][info][gc,heap     ] GC(157) Soft Max Capacity: 1000M(100%)
[2026-04-03T02:21:52.857+0600][63.865s][info][gc,heap     ] GC(157)                Mark Start          Mark End        Relocate Start      Relocate End           High               Low         
[2026-04-03T02:21:52.857+0600][63.865s][info][gc,heap     ] GC(157)  Capacity:     1000M (100%)       1000M (100%)       1000M (100%)       1000M (100%)       1000M (100%)       1000M (100%)   
[2026-04-03T02:21:52.857+0600][63.865s][info][gc,heap     ] GC(157)      Free:      488M (49%)         332M (33%)         498M (50%)         664M (66%)         664M (66%)         290M (29%)    
[2026-04-03T02:21:52.857+0600][63.865s][info][gc,heap     ] GC(157)      Used:      512M (51%)         668M (67%)         502M (50%)         336M (34%)         710M (71%)         336M (34%)    
[2026-04-03T02:21:52.857+0600][63.865s][info][gc,heap     ] GC(157)      Live:         -               108M (11%)         108M (11%)         108M (11%)            -                  -          
[2026-04-03T02:21:52.857+0600][63.865s][info][gc,heap     ] GC(157) Allocated:         -               156M (16%)         198M (20%)         201M (20%)            -                  -          
[2026-04-03T02:21:52.857+0600][63.865s][info][gc,heap     ] GC(157)   Garbage:         -               403M (40%)         195M (20%)          25M (3%)             -                  -          
[2026-04-03T02:21:52.857+0600][63.865s][info][gc,heap     ] GC(157) Reclaimed:         -                  -               208M (21%)         377M (38%)            -                  -          
[2026-04-03T02:21:52.857+0600][63.865s][info][gc          ] GC(157) Garbage Collection (Allocation Rate) 512M(51%)->336M(34%)
[2026-04-03T02:21:53.095+0600][64.103s][info][gc,start    ] GC(158) Garbage Collection (Allocation Rate)
[2026-04-03T02:21:53.095+0600][64.104s][info][gc,task     ] GC(158) Using 3 workers
[2026-04-03T02:21:53.096+0600][64.104s][info][gc,phases   ] GC(158) Pause Mark Start 0.015ms
[2026-04-03T02:21:53.180+0600][64.189s][info][gc,phases   ] GC(158) Concurrent Mark 84.680ms
[2026-04-03T02:21:53.181+0600][64.189s][info][gc,phases   ] GC(158) Pause Mark End 0.032ms
[2026-04-03T02:21:53.181+0600][64.189s][info][gc,phases   ] GC(158) Concurrent Mark Free 0.002ms
[2026-04-03T02:21:53.203+0600][64.211s][info][gc,phases   ] GC(158) Concurrent Process Non-Strong References 22.393ms
[2026-04-03T02:21:53.203+0600][64.211s][info][gc,phases   ] GC(158) Concurrent Reset Relocation Set 0.013ms
[2026-04-03T02:21:53.207+0600][64.215s][info][gc,phases   ] GC(158) Concurrent Select Relocation Set 3.854ms
[2026-04-03T02:21:53.208+0600][64.216s][info][gc,phases   ] GC(158) Pause Relocate Start 0.018ms
[2026-04-03T02:21:53.216+0600][64.224s][info][gc,phases   ] GC(158) Concurrent Relocate 7.363ms
[2026-04-03T02:21:53.216+0600][64.224s][info][gc,load     ] GC(158) Load: 7.16/6.46/5.95
[2026-04-03T02:21:53.216+0600][64.224s][info][gc,mmu      ] GC(158) MMU: 2ms/90.1%, 5ms/96.1%, 10ms/98.0%, 20ms/99.0%, 50ms/99.6%, 100ms/99.7%
[2026-04-03T02:21:53.216+0600][64.224s][info][gc,marking  ] GC(158) Mark: 2 stripe(s), 2 proactive flush(es), 1 terminate flush(es), 0 completion(s), 0 continuation(s) 
[2026-04-03T02:21:53.216+0600][64.224s][info][gc,marking  ] GC(158) Mark Stack Usage: 32M
[2026-04-03T02:21:53.216+0600][64.224s][info][gc,nmethod  ] GC(158) NMethods: 15100 registered, 2124 unregistered
[2026-04-03T02:21:53.216+0600][64.224s][info][gc,metaspace] GC(158) Metaspace: 128M used, 129M committed, 1152M reserved
[2026-04-03T02:21:53.216+0600][64.224s][info][gc,ref      ] GC(158) Soft: 3324 encountered, 0 discovered, 0 enqueued
[2026-04-03T02:21:53.216+0600][64.224s][info][gc,ref      ] GC(158) Weak: 16112 encountered, 5638 discovered, 1641 enqueued
[2026-04-03T02:21:53.216+0600][64.224s][info][gc,ref      ] GC(158) Final: 84 encountered, 0 discovered, 0 enqueued
[2026-04-03T02:21:53.216+0600][64.224s][info][gc,ref      ] GC(158) Phantom: 620 encountered, 474 discovered, 0 enqueued
[2026-04-03T02:21:53.216+0600][64.224s][info][gc,reloc    ] GC(158) Small Pages: 235 / 470M, Empty: 96M, Relocated: 4M, In-Place: 0
[2026-04-03T02:21:53.216+0600][64.224s][info][gc,reloc    ] GC(158) Medium Pages: 6 / 96M, Empty: 80M, Relocated: 0M, In-Place: 0
[2026-04-03T02:21:53.216+0600][64.224s][info][gc,reloc    ] GC(158) Large Pages: 10 / 58M, Empty: 54M, Relocated: 0M, In-Place: 0
[2026-04-03T02:21:53.216+0600][64.224s][info][gc,reloc    ] GC(158) Forwarding Usage: 2M
[2026-04-03T02:21:53.216+0600][64.224s][info][gc,heap     ] GC(158) Min Capacity: 8M(1%)
[2026-04-03T02:21:53.216+0600][64.224s][info][gc,heap     ] GC(158) Max Capacity: 1000M(100%)
[2026-04-03T02:21:53.216+0600][64.224s][info][gc,heap     ] GC(158) Soft Max Capacity: 1000M(100%)
[2026-04-03T02:21:53.216+0600][64.224s][info][gc,heap     ] GC(158)                Mark Start          Mark End        Relocate Start      Relocate End           High               Low         
[2026-04-03T02:21:53.216+0600][64.224s][info][gc,heap     ] GC(158)  Capacity:     1000M (100%)       1000M (100%)       1000M (100%)       1000M (100%)       1000M (100%)       1000M (100%)   
[2026-04-03T02:21:53.216+0600][64.224s][info][gc,heap     ] GC(158)      Free:      376M (38%)         308M (31%)         508M (51%)         762M (76%)         762M (76%)         282M (28%)    
[2026-04-03T02:21:53.216+0600][64.224s][info][gc,heap     ] GC(158)      Used:      624M (62%)         692M (69%)         492M (49%)         238M (24%)         718M (72%)         238M (24%)    
[2026-04-03T02:21:53.216+0600][64.224s][info][gc,heap     ] GC(158)      Live:         -               106M (11%)         106M (11%)         106M (11%)            -                  -          
[2026-04-03T02:21:53.216+0600][64.224s][info][gc,heap     ] GC(158) Allocated:         -                68M (7%)           98M (10%)         105M (11%)            -                  -          
[2026-04-03T02:21:53.216+0600][64.224s][info][gc,heap     ] GC(158)   Garbage:         -               517M (52%)         287M (29%)          25M (3%)             -                  -          
[2026-04-03T02:21:53.216+0600][64.224s][info][gc,heap     ] GC(158) Reclaimed:         -                  -               230M (23%)         491M (49%)            -                  -          
[2026-04-03T02:21:53.216+0600][64.224s][info][gc          ] GC(158) Garbage Collection (Allocation Rate) 624M(62%)->238M(24%)
[2026-04-03T02:21:53.396+0600][64.404s][info][gc,start    ] GC(159) Garbage Collection (Allocation Rate)
[2026-04-03T02:21:53.396+0600][64.404s][info][gc,task     ] GC(159) Using 3 workers
[2026-04-03T02:21:53.396+0600][64.404s][info][gc,phases   ] GC(159) Pause Mark Start 0.010ms
[2026-04-03T02:21:53.501+0600][64.509s][info][gc,phases   ] GC(159) Concurrent Mark 104.241ms
[2026-04-03T02:21:53.501+0600][64.509s][info][gc,phases   ] GC(159) Pause Mark End 0.053ms
[2026-04-03T02:21:53.501+0600][64.509s][info][gc,phases   ] GC(159) Concurrent Mark Free 0.003ms
[2026-04-03T02:21:53.535+0600][64.543s][info][gc,phases   ] GC(159) Concurrent Process Non-Strong References 34.074ms
[2026-04-03T02:21:53.535+0600][64.543s][info][gc,phases   ] GC(159) Concurrent Reset Relocation Set 0.012ms
[2026-04-03T02:21:53.539+0600][64.547s][info][gc,phases   ] GC(159) Concurrent Select Relocation Set 3.212ms
[2026-04-03T02:21:53.539+0600][64.547s][info][gc,phases   ] GC(159) Pause Relocate Start 0.018ms
[2026-04-03T02:21:53.541+0600][64.549s][info][gc,phases   ] GC(159) Concurrent Relocate 2.381ms
[2026-04-03T02:21:53.541+0600][64.549s][info][gc,load     ] GC(159) Load: 7.16/6.46/5.95
[2026-04-03T02:21:53.541+0600][64.549s][info][gc,mmu      ] GC(159) MMU: 2ms/90.1%, 5ms/96.1%, 10ms/98.0%, 20ms/99.0%, 50ms/99.6%, 100ms/99.7%
[2026-04-03T02:21:53.541+0600][64.549s][info][gc,marking  ] GC(159) Mark: 2 stripe(s), 3 proactive flush(es), 1 terminate flush(es), 0 completion(s), 0 continuation(s) 
[2026-04-03T02:21:53.541+0600][64.549s][info][gc,marking  ] GC(159) Mark Stack Usage: 32M
[2026-04-03T02:21:53.541+0600][64.549s][info][gc,nmethod  ] GC(159) NMethods: 15107 registered, 2129 unregistered
[2026-04-03T02:21:53.541+0600][64.549s][info][gc,metaspace] GC(159) Metaspace: 128M used, 129M committed, 1152M reserved
[2026-04-03T02:21:53.541+0600][64.549s][info][gc,ref      ] GC(159) Soft: 3375 encountered, 0 discovered, 0 enqueued
[2026-04-03T02:21:53.541+0600][64.549s][info][gc,ref      ] GC(159) Weak: 14998 encountered, 4138 discovered, 112 enqueued
[2026-04-03T02:21:53.541+0600][64.550s][info][gc,ref      ] GC(159) Final: 84 encountered, 0 discovered, 0 enqueued
[2026-04-03T02:21:53.541+0600][64.550s][info][gc,ref      ] GC(159) Phantom: 620 encountered, 504 discovered, 0 enqueued
[2026-04-03T02:21:53.541+0600][64.550s][info][gc,reloc    ] GC(159) Small Pages: 205 / 410M, Empty: 178M, Relocated: 2M, In-Place: 0
[2026-04-03T02:21:53.541+0600][64.550s][info][gc,reloc    ] GC(159) Medium Pages: 3 / 48M, Empty: 32M, Relocated: 0M, In-Place: 0
[2026-04-03T02:21:53.541+0600][64.550s][info][gc,reloc    ] GC(159) Large Pages: 7 / 40M, Empty: 36M, Relocated: 0M, In-Place: 0
[2026-04-03T02:21:53.541+0600][64.550s][info][gc,reloc    ] GC(159) Forwarding Usage: 1M
[2026-04-03T02:21:53.541+0600][64.550s][info][gc,heap     ] GC(159) Min Capacity: 8M(1%)
[2026-04-03T02:21:53.541+0600][64.550s][info][gc,heap     ] GC(159) Max Capacity: 1000M(100%)
[2026-04-03T02:21:53.541+0600][64.550s][info][gc,heap     ] GC(159) Soft Max Capacity: 1000M(100%)
[2026-04-03T02:21:53.541+0600][64.550s][info][gc,heap     ] GC(159)                Mark Start          Mark End        Relocate Start      Relocate End           High               Low         
[2026-04-03T02:21:53.542+0600][64.550s][info][gc,heap     ] GC(159)  Capacity:     1000M (100%)       1000M (100%)       1000M (100%)       1000M (100%)       1000M (100%)       1000M (100%)   
[2026-04-03T02:21:53.542+0600][64.550s][info][gc,heap     ] GC(159)      Free:      502M (50%)         328M (33%)         562M (56%)         678M (68%)         678M (68%)         316M (32%)    
[2026-04-03T02:21:53.542+0600][64.550s][info][gc,heap     ] GC(159)      Used:      498M (50%)         672M (67%)         438M (44%)         322M (32%)         684M (68%)         322M (32%)    
[2026-04-03T02:21:53.542+0600][64.550s][info][gc,heap     ] GC(159)      Live:         -               106M (11%)         106M (11%)         106M (11%)            -                  -          
[2026-04-03T02:21:53.542+0600][64.550s][info][gc,heap     ] GC(159) Allocated:         -               174M (17%)         186M (19%)         189M (19%)            -                  -          
[2026-04-03T02:21:53.542+0600][64.550s][info][gc,heap     ] GC(159)   Garbage:         -               391M (39%)         145M (15%)          25M (3%)             -                  -          
[2026-04-03T02:21:53.542+0600][64.550s][info][gc,heap     ] GC(159) Reclaimed:         -                  -               246M (25%)         365M (37%)            -                  -          
[2026-04-03T02:21:53.542+0600][64.550s][info][gc          ] GC(159) Garbage Collection (Allocation Rate) 498M(50%)->322M(32%)
[2026-04-03T02:21:53.696+0600][64.704s][info][gc,start    ] GC(160) Garbage Collection (Allocation Rate)
[2026-04-03T02:21:53.696+0600][64.704s][info][gc,task     ] GC(160) Using 3 workers
[2026-04-03T02:21:53.696+0600][64.704s][info][gc,phases   ] GC(160) Pause Mark Start 0.011ms
[2026-04-03T02:21:53.777+0600][64.785s][info][gc,phases   ] GC(160) Concurrent Mark 80.656ms
[2026-04-03T02:21:53.777+0600][64.786s][info][gc,phases   ] GC(160) Pause Mark End 0.029ms
[2026-04-03T02:21:53.778+0600][64.786s][info][gc,phases   ] GC(160) Concurrent Mark Free 0.003ms
[2026-04-03T02:21:53.791+0600][64.799s][info][gc,phases   ] GC(160) Concurrent Process Non-Strong References 13.364ms
[2026-04-03T02:21:53.791+0600][64.799s][info][gc,phases   ] GC(160) Concurrent Reset Relocation Set 0.007ms
[2026-04-03T02:21:53.791+0600][64.799s][info][gc          ] Allocation Stall (Executor task launch worker for task 2.0 in stage 2426.0 (TID 4593)) 55.877ms
[2026-04-03T02:21:53.791+0600][64.799s][info][gc          ] Allocation Stall (Executor task launch worker for task 3.0 in stage 2426.0 (TID 4594)) 54.158ms
[2026-04-03T02:21:53.791+0600][64.799s][info][gc          ] Allocation Stall (Executor task launch worker for task 1.0 in stage 2426.0 (TID 4592)) 51.957ms
[2026-04-03T02:21:53.791+0600][64.799s][info][gc          ] Allocation Stall (Executor task launch worker for task 0.0 in stage 2426.0 (TID 4591)) 54.759ms
[2026-04-03T02:21:53.794+0600][64.802s][info][gc,phases   ] GC(160) Concurrent Select Relocation Set 2.649ms
[2026-04-03T02:21:53.794+0600][64.802s][info][gc,phases   ] GC(160) Pause Relocate Start 0.013ms
[2026-04-03T02:21:53.796+0600][64.805s][info][gc,phases   ] GC(160) Concurrent Relocate 2.376ms
[2026-04-03T02:21:53.797+0600][64.805s][info][gc,load     ] GC(160) Load: 7.16/6.46/5.95
[2026-04-03T02:21:53.797+0600][64.805s][info][gc,mmu      ] GC(160) MMU: 2ms/90.1%, 5ms/96.1%, 10ms/98.0%, 20ms/99.0%, 50ms/99.6%, 100ms/99.7%
[2026-04-03T02:21:53.797+0600][64.805s][info][gc,marking  ] GC(160) Mark: 2 stripe(s), 2 proactive flush(es), 1 terminate flush(es), 0 completion(s), 0 continuation(s) 
[2026-04-03T02:21:53.797+0600][64.805s][info][gc,marking  ] GC(160) Mark Stack Usage: 32M
[2026-04-03T02:21:53.797+0600][64.805s][info][gc,nmethod  ] GC(160) NMethods: 15108 registered, 2136 unregistered
[2026-04-03T02:21:53.797+0600][64.805s][info][gc,metaspace] GC(160) Metaspace: 128M used, 129M committed, 1152M reserved
[2026-04-03T02:21:53.797+0600][64.805s][info][gc,ref      ] GC(160) Soft: 3398 encountered, 0 discovered, 0 enqueued
[2026-04-03T02:21:53.797+0600][64.805s][info][gc,ref      ] GC(160) Weak: 15371 encountered, 5523 discovered, 785 enqueued
[2026-04-03T02:21:53.797+0600][64.805s][info][gc,ref      ] GC(160) Final: 84 encountered, 0 discovered, 0 enqueued
[2026-04-03T02:21:53.797+0600][64.805s][info][gc,ref      ] GC(160) Phantom: 620 encountered, 504 discovered, 0 enqueued
[2026-04-03T02:21:53.797+0600][64.805s][info][gc,reloc    ] GC(160) Small Pages: 188 / 376M, Empty: 132M, Relocated: 2M, In-Place: 0
[2026-04-03T02:21:53.797+0600][64.805s][info][gc,reloc    ] GC(160) Medium Pages: 3 / 48M, Empty: 32M, Relocated: 0M, In-Place: 0
[2026-04-03T02:21:53.797+0600][64.805s][info][gc,reloc    ] GC(160) Large Pages: 71 / 424M, Empty: 414M, Relocated: 0M, In-Place: 0
[2026-04-03T02:21:53.797+0600][64.805s][info][gc,reloc    ] GC(160) Forwarding Usage: 0M
[2026-04-03T02:21:53.797+0600][64.805s][info][gc,heap     ] GC(160) Min Capacity: 8M(1%)
[2026-04-03T02:21:53.797+0600][64.805s][info][gc,heap     ] GC(160) Max Capacity: 1000M(100%)
[2026-04-03T02:21:53.797+0600][64.805s][info][gc,heap     ] GC(160) Soft Max Capacity: 1000M(100%)
[2026-04-03T02:21:53.797+0600][64.805s][info][gc,heap     ] GC(160)                Mark Start          Mark End        Relocate Start      Relocate End           High               Low         
[2026-04-03T02:21:53.797+0600][64.805s][info][gc,heap     ] GC(160)  Capacity:     1000M (100%)       1000M (100%)       1000M (100%)       1000M (100%)       1000M (100%)       1000M (100%)   
[2026-04-03T02:21:53.797+0600][64.805s][info][gc,heap     ] GC(160)      Free:      152M (15%)           2M (0%)          550M (55%)         678M (68%)         678M (68%)           2M (0%)     
[2026-04-03T02:21:53.797+0600][64.805s][info][gc,heap     ] GC(160)      Used:      848M (85%)         998M (100%)        450M (45%)         322M (32%)         998M (100%)        322M (32%)    
[2026-04-03T02:21:53.797+0600][64.805s][info][gc,heap     ] GC(160)      Live:         -               113M (11%)         113M (11%)         113M (11%)            -                  -          
[2026-04-03T02:21:53.797+0600][64.805s][info][gc,heap     ] GC(160) Allocated:         -               150M (15%)         180M (18%)         181M (18%)            -                  -          
[2026-04-03T02:21:53.797+0600][64.805s][info][gc,heap     ] GC(160)   Garbage:         -               734M (73%)         156M (16%)          26M (3%)             -                  -          
[2026-04-03T02:21:53.797+0600][64.805s][info][gc,heap     ] GC(160) Reclaimed:         -                  -               578M (58%)         707M (71%)            -                  -          
[2026-04-03T02:21:53.797+0600][64.805s][info][gc          ] GC(160) Garbage Collection (Allocation Rate) 848M(85%)->322M(32%)
[2026-04-03T02:21:53.895+0600][64.903s][info][gc,start    ] GC(161) Garbage Collection (Allocation Stall)
[2026-04-03T02:21:53.895+0600][64.903s][info][gc,ref      ] GC(161) Clearing All SoftReferences
[2026-04-03T02:21:53.895+0600][64.903s][info][gc,task     ] GC(161) Using 3 workers
[2026-04-03T02:21:53.896+0600][64.904s][info][gc,ref      ] GC(161) Clearing All SoftReferences
[2026-04-03T02:21:53.896+0600][64.904s][info][gc,phases   ] GC(161) Pause Mark Start 0.059ms
[2026-04-03T02:21:54.024+0600][65.032s][info][gc,phases   ] GC(161) Concurrent Mark 127.931ms
[2026-04-03T02:21:54.024+0600][65.032s][info][gc,phases   ] GC(161) Pause Mark End 0.033ms
[2026-04-03T02:21:54.024+0600][65.032s][info][gc,phases   ] GC(161) Concurrent Mark Free 0.002ms
[2026-04-03T02:21:54.066+0600][65.074s][info][gc,phases   ] GC(161) Concurrent Process Non-Strong References 42.383ms
[2026-04-03T02:21:54.067+0600][65.075s][info][gc,phases   ] GC(161) Concurrent Reset Relocation Set 0.015ms
[2026-04-03T02:21:54.071+0600][65.079s][info][gc,phases   ] GC(161) Concurrent Select Relocation Set 4.118ms
[2026-04-03T02:21:54.071+0600][65.079s][info][gc,phases   ] GC(161) Pause Relocate Start 0.015ms
[2026-04-03T02:21:54.077+0600][65.085s][info][gc,phases   ] GC(161) Concurrent Relocate 5.043ms
[2026-04-03T02:21:54.077+0600][65.085s][info][gc,load     ] GC(161) Load: 7.16/6.46/5.95
[2026-04-03T02:21:54.077+0600][65.085s][info][gc,mmu      ] GC(161) MMU: 2ms/90.1%, 5ms/96.1%, 10ms/98.0%, 20ms/99.0%, 50ms/99.6%, 100ms/99.7%
[2026-04-03T02:21:54.077+0600][65.085s][info][gc,marking  ] GC(161) Mark: 2 stripe(s), 2 proactive flush(es), 1 terminate flush(es), 0 completion(s), 0 continuation(s) 
[2026-04-03T02:21:54.077+0600][65.085s][info][gc,marking  ] GC(161) Mark Stack Usage: 32M
[2026-04-03T02:21:54.077+0600][65.085s][info][gc,nmethod  ] GC(161) NMethods: 15128 registered, 2139 unregistered
[2026-04-03T02:21:54.077+0600][65.085s][info][gc,metaspace] GC(161) Metaspace: 127M used, 129M committed, 1152M reserved
[2026-04-03T02:21:54.077+0600][65.085s][info][gc,ref      ] GC(161) Soft: 3360 encountered, 684 discovered, 123 enqueued
[2026-04-03T02:21:54.077+0600][65.085s][info][gc,ref      ] GC(161) Weak: 14786 encountered, 3288 discovered, 185 enqueued
[2026-04-03T02:21:54.077+0600][65.085s][info][gc,ref      ] GC(161) Final: 84 encountered, 1 discovered, 0 enqueued
[2026-04-03T02:21:54.077+0600][65.085s][info][gc,ref      ] GC(161) Phantom: 620 encountered, 501 discovered, 0 enqueued
[2026-04-03T02:21:54.077+0600][65.085s][info][gc,reloc    ] GC(161) Small Pages: 138 / 276M, Empty: 16M, Relocated: 6M, In-Place: 0
[2026-04-03T02:21:54.077+0600][65.085s][info][gc,reloc    ] GC(161) Medium Pages: 3 / 48M, Empty: 32M, Relocated: 0M, In-Place: 0
[2026-04-03T02:21:54.077+0600][65.085s][info][gc,reloc    ] GC(161) Large Pages: 69 / 412M, Empty: 402M, Relocated: 0M, In-Place: 0
[2026-04-03T02:21:54.077+0600][65.085s][info][gc,reloc    ] GC(161) Forwarding Usage: 1M
[2026-04-03T02:21:54.077+0600][65.085s][info][gc,heap     ] GC(161) Min Capacity: 8M(1%)
[2026-04-03T02:21:54.077+0600][65.085s][info][gc,heap     ] GC(161) Max Capacity: 1000M(100%)
[2026-04-03T02:21:54.077+0600][65.085s][info][gc,heap     ] GC(161) Soft Max Capacity: 1000M(100%)
[2026-04-03T02:21:54.077+0600][65.085s][info][gc,heap     ] GC(161)                Mark Start          Mark End        Relocate Start      Relocate End           High               Low         
[2026-04-03T02:21:54.077+0600][65.085s][info][gc,heap     ] GC(161)  Capacity:     1000M (100%)       1000M (100%)       1000M (100%)       1000M (100%)       1000M (100%)       1000M (100%)   
[2026-04-03T02:21:54.077+0600][65.085s][info][gc,heap     ] GC(161)      Free:      264M (26%)         170M (17%)         596M (60%)         746M (75%)         746M (75%)         108M (11%)    
[2026-04-03T02:21:54.077+0600][65.085s][info][gc,heap     ] GC(161)      Used:      736M (74%)         830M (83%)         404M (40%)         254M (25%)         892M (89%)         254M (25%)    
[2026-04-03T02:21:54.077+0600][65.085s][info][gc,heap     ] GC(161)      Live:         -               110M (11%)         110M (11%)         110M (11%)            -                  -          
[2026-04-03T02:21:54.077+0600][65.085s][info][gc,heap     ] GC(161) Allocated:         -                94M (9%)          118M (12%)         117M (12%)            -                  -          
[2026-04-03T02:21:54.077+0600][65.085s][info][gc,heap     ] GC(161)   Garbage:         -               625M (63%)         175M (18%)          25M (3%)             -                  -          
[2026-04-03T02:21:54.077+0600][65.085s][info][gc,heap     ] GC(161) Reclaimed:         -                  -               450M (45%)         599M (60%)            -                  -          
[2026-04-03T02:21:54.077+0600][65.085s][info][gc          ] GC(161) Garbage Collection (Allocation Stall) 736M(74%)->254M(25%)
[2026-04-03T02:21:54.096+0600][65.104s][info][gc,start    ] GC(162) Garbage Collection (Allocation Rate)
[2026-04-03T02:21:54.096+0600][65.104s][info][gc,task     ] GC(162) Using 3 workers
[2026-04-03T02:21:54.096+0600][65.104s][info][gc,phases   ] GC(162) Pause Mark Start 0.011ms
[2026-04-03T02:21:54.177+0600][65.185s][info][gc,phases   ] GC(162) Concurrent Mark 81.212ms
[2026-04-03T02:21:54.177+0600][65.185s][info][gc,phases   ] GC(162) Pause Mark End 0.027ms
[2026-04-03T02:21:54.178+0600][65.186s][info][gc,phases   ] GC(162) Concurrent Mark Free 0.002ms
[2026-04-03T02:21:54.212+0600][65.220s][info][gc,phases   ] GC(162) Concurrent Process Non-Strong References 34.211ms
[2026-04-03T02:21:54.212+0600][65.220s][info][gc,phases   ] GC(162) Concurrent Reset Relocation Set 0.007ms
[2026-04-03T02:21:54.215+0600][65.223s][info][gc,phases   ] GC(162) Concurrent Select Relocation Set 2.952ms
[2026-04-03T02:21:54.215+0600][65.223s][info][gc,phases   ] GC(162) Pause Relocate Start 0.013ms
[2026-04-03T02:21:54.218+0600][65.226s][info][gc,phases   ] GC(162) Concurrent Relocate 2.934ms
[2026-04-03T02:21:54.218+0600][65.226s][info][gc,load     ] GC(162) Load: 7.16/6.46/5.95
[2026-04-03T02:21:54.218+0600][65.226s][info][gc,mmu      ] GC(162) MMU: 2ms/90.1%, 5ms/96.1%, 10ms/98.0%, 20ms/99.0%, 50ms/99.6%, 100ms/99.7%
[2026-04-03T02:21:54.218+0600][65.226s][info][gc,marking  ] GC(162) Mark: 2 stripe(s), 2 proactive flush(es), 1 terminate flush(es), 0 completion(s), 0 continuation(s) 
[2026-04-03T02:21:54.218+0600][65.226s][info][gc,marking  ] GC(162) Mark Stack Usage: 32M
[2026-04-03T02:21:54.218+0600][65.226s][info][gc,nmethod  ] GC(162) NMethods: 15122 registered, 2147 unregistered
[2026-04-03T02:21:54.218+0600][65.226s][info][gc,metaspace] GC(162) Metaspace: 127M used, 129M committed, 1152M reserved
[2026-04-03T02:21:54.218+0600][65.226s][info][gc,ref      ] GC(162) Soft: 3247 encountered, 0 discovered, 0 enqueued
[2026-04-03T02:21:54.218+0600][65.226s][info][gc,ref      ] GC(162) Weak: 14628 encountered, 4931 discovered, 423 enqueued
[2026-04-03T02:21:54.218+0600][65.226s][info][gc,ref      ] GC(162) Final: 84 encountered, 0 discovered, 0 enqueued
[2026-04-03T02:21:54.218+0600][65.226s][info][gc,ref      ] GC(162) Phantom: 620 encountered, 475 discovered, 0 enqueued
[2026-04-03T02:21:54.218+0600][65.227s][info][gc,reloc    ] GC(162) Small Pages: 94 / 188M, Empty: 0M, Relocated: 3M, In-Place: 0
[2026-04-03T02:21:54.218+0600][65.227s][info][gc,reloc    ] GC(162) Medium Pages: 3 / 48M, Empty: 32M, Relocated: 0M, In-Place: 0
[2026-04-03T02:21:54.218+0600][65.227s][info][gc,reloc    ] GC(162) Large Pages: 5 / 28M, Empty: 24M, Relocated: 0M, In-Place: 0
[2026-04-03T02:21:54.218+0600][65.227s][info][gc,reloc    ] GC(162) Forwarding Usage: 1M
[2026-04-03T02:21:54.219+0600][65.227s][info][gc,heap     ] GC(162) Min Capacity: 8M(1%)
[2026-04-03T02:21:54.219+0600][65.227s][info][gc,heap     ] GC(162) Max Capacity: 1000M(100%)
[2026-04-03T02:21:54.219+0600][65.227s][info][gc,heap     ] GC(162) Soft Max Capacity: 1000M(100%)
[2026-04-03T02:21:54.219+0600][65.227s][info][gc,heap     ] GC(162)                Mark Start          Mark End        Relocate Start      Relocate End           High               Low         
[2026-04-03T02:21:54.219+0600][65.227s][info][gc,heap     ] GC(162)  Capacity:     1000M (100%)       1000M (100%)       1000M (100%)       1000M (100%)       1000M (100%)       1000M (100%)   
[2026-04-03T02:21:54.219+0600][65.227s][info][gc,heap     ] GC(162)      Free:      736M (74%)         696M (70%)         722M (72%)         796M (80%)         796M (80%)         666M (67%)    
[2026-04-03T02:21:54.219+0600][65.227s][info][gc,heap     ] GC(162)      Used:      264M (26%)         304M (30%)         278M (28%)         204M (20%)         334M (33%)         204M (20%)    
[2026-04-03T02:21:54.219+0600][65.227s][info][gc,heap     ] GC(162)      Live:         -               104M (10%)         104M (10%)         104M (10%)            -                  -          
[2026-04-03T02:21:54.219+0600][65.227s][info][gc,heap     ] GC(162) Allocated:         -                40M (4%)           70M (7%)           73M (7%)             -                  -          
[2026-04-03T02:21:54.219+0600][65.227s][info][gc,heap     ] GC(162)   Garbage:         -               159M (16%)         103M (10%)          25M (3%)             -                  -          
[2026-04-03T02:21:54.219+0600][65.227s][info][gc,heap     ] GC(162) Reclaimed:         -                  -                56M (6%)          133M (13%)            -                  -          
[2026-04-03T02:21:54.219+0600][65.227s][info][gc          ] GC(162) Garbage Collection (Allocation Rate) 264M(26%)->204M(20%)
[2026-04-03T02:21:54.296+0600][65.304s][info][gc,start    ] GC(163) Garbage Collection (Allocation Rate)
[2026-04-03T02:21:54.296+0600][65.304s][info][gc,task     ] GC(163) Using 3 workers
[2026-04-03T02:21:54.296+0600][65.304s][info][gc,phases   ] GC(163) Pause Mark Start 0.011ms
[2026-04-03T02:21:54.380+0600][65.388s][info][gc,phases   ] GC(163) Concurrent Mark 84.271ms
[2026-04-03T02:21:54.381+0600][65.389s][info][gc,phases   ] GC(163) Pause Mark End 0.104ms
[2026-04-03T02:21:54.381+0600][65.389s][info][gc,phases   ] GC(163) Concurrent Mark Free 0.003ms
[2026-04-03T02:21:54.399+0600][65.407s][info][gc,phases   ] GC(163) Concurrent Process Non-Strong References 17.756ms
[2026-04-03T02:21:54.399+0600][65.407s][info][gc,phases   ] GC(163) Concurrent Reset Relocation Set 0.010ms
[2026-04-03T02:21:54.402+0600][65.410s][info][gc,phases   ] GC(163) Concurrent Select Relocation Set 2.961ms
[2026-04-03T02:21:54.402+0600][65.411s][info][gc,phases   ] GC(163) Pause Relocate Start 0.014ms
[2026-04-03T02:21:54.405+0600][65.413s][info][gc,phases   ] GC(163) Concurrent Relocate 2.524ms
[2026-04-03T02:21:54.405+0600][65.413s][info][gc,load     ] GC(163) Load: 7.16/6.46/5.95
[2026-04-03T02:21:54.405+0600][65.413s][info][gc,mmu      ] GC(163) MMU: 2ms/90.1%, 5ms/96.1%, 10ms/98.0%, 20ms/99.0%, 50ms/99.6%, 100ms/99.7%
[2026-04-03T02:21:54.405+0600][65.413s][info][gc,marking  ] GC(163) Mark: 2 stripe(s), 2 proactive flush(es), 1 terminate flush(es), 0 completion(s), 0 continuation(s) 
[2026-04-03T02:21:54.405+0600][65.413s][info][gc,marking  ] GC(163) Mark Stack Usage: 32M
[2026-04-03T02:21:54.405+0600][65.413s][info][gc,nmethod  ] GC(163) NMethods: 15123 registered, 2147 unregistered
[2026-04-03T02:21:54.405+0600][65.413s][info][gc,metaspace] GC(163) Metaspace: 127M used, 129M committed, 1152M reserved
[2026-04-03T02:21:54.405+0600][65.413s][info][gc,ref      ] GC(163) Soft: 3247 encountered, 0 discovered, 0 enqueued
[2026-04-03T02:21:54.405+0600][65.413s][info][gc,ref      ] GC(163) Weak: 14206 encountered, 4755 discovered, 5 enqueued
[2026-04-03T02:21:54.405+0600][65.413s][info][gc,ref      ] GC(163) Final: 84 encountered, 0 discovered, 0 enqueued
[2026-04-03T02:21:54.405+0600][65.413s][info][gc,ref      ] GC(163) Phantom: 620 encountered, 517 discovered, 0 enqueued
[2026-04-03T02:21:54.405+0600][65.413s][info][gc,reloc    ] GC(163) Small Pages: 114 / 228M, Empty: 10M, Relocated: 3M, In-Place: 0
[2026-04-03T02:21:54.405+0600][65.413s][info][gc,reloc    ] GC(163) Medium Pages: 1 / 16M, Empty: 0M, Relocated: 0M, In-Place: 0
[2026-04-03T02:21:54.405+0600][65.413s][info][gc,reloc    ] GC(163) Large Pages: 1 / 4M, Empty: 0M, Relocated: 0M, In-Place: 0
[2026-04-03T02:21:54.405+0600][65.413s][info][gc,reloc    ] GC(163) Forwarding Usage: 1M
[2026-04-03T02:21:54.405+0600][65.413s][info][gc,heap     ] GC(163) Min Capacity: 8M(1%)
[2026-04-03T02:21:54.405+0600][65.413s][info][gc,heap     ] GC(163) Max Capacity: 1000M(100%)
[2026-04-03T02:21:54.405+0600][65.413s][info][gc,heap     ] GC(163) Soft Max Capacity: 1000M(100%)
[2026-04-03T02:21:54.405+0600][65.413s][info][gc,heap     ] GC(163)                Mark Start          Mark End        Relocate Start      Relocate End           High               Low         
[2026-04-03T02:21:54.405+0600][65.413s][info][gc,heap     ] GC(163)  Capacity:     1000M (100%)       1000M (100%)       1000M (100%)       1000M (100%)       1000M (100%)       1000M (100%)   
[2026-04-03T02:21:54.405+0600][65.413s][info][gc,heap     ] GC(163)      Free:      752M (75%)         714M (71%)         714M (71%)         822M (82%)         822M (82%)         704M (70%)    
[2026-04-03T02:21:54.405+0600][65.413s][info][gc,heap     ] GC(163)      Used:      248M (25%)         286M (29%)         286M (29%)         178M (18%)         296M (30%)         178M (18%)    
[2026-04-03T02:21:54.405+0600][65.413s][info][gc,heap     ] GC(163)      Live:         -               104M (10%)         104M (10%)         104M (10%)            -                  -          
[2026-04-03T02:21:54.405+0600][65.413s][info][gc,heap     ] GC(163) Allocated:         -                38M (4%)           48M (5%)           48M (5%)             -                  -          
[2026-04-03T02:21:54.405+0600][65.413s][info][gc,heap     ] GC(163)   Garbage:         -               143M (14%)         133M (13%)          25M (3%)             -                  -          
[2026-04-03T02:21:54.405+0600][65.413s][info][gc,heap     ] GC(163) Reclaimed:         -                  -                10M (1%)          118M (12%)            -                  -          
[2026-04-03T02:21:54.405+0600][65.414s][info][gc          ] GC(163) Garbage Collection (Allocation Rate) 248M(25%)->178M(18%)
[2026-04-03T02:21:54.496+0600][65.504s][info][gc,start    ] GC(164) Garbage Collection (Allocation Rate)
[2026-04-03T02:21:54.496+0600][65.504s][info][gc,task     ] GC(164) Using 3 workers
[2026-04-03T02:21:54.496+0600][65.504s][info][gc,phases   ] GC(164) Pause Mark Start 0.010ms
[2026-04-03T02:21:54.611+0600][65.619s][info][gc,phases   ] GC(164) Concurrent Mark 114.818ms
[2026-04-03T02:21:54.612+0600][65.620s][info][gc,phases   ] GC(164) Pause Mark End 0.043ms
[2026-04-03T02:21:54.612+0600][65.620s][info][gc,phases   ] GC(164) Concurrent Mark Free 0.004ms
[2026-04-03T02:21:54.636+0600][65.644s][info][gc,phases   ] GC(164) Concurrent Process Non-Strong References 24.614ms
[2026-04-03T02:21:54.637+0600][65.645s][info][gc,phases   ] GC(164) Concurrent Reset Relocation Set 0.010ms
[2026-04-03T02:21:54.642+0600][65.651s][info][gc,phases   ] GC(164) Concurrent Select Relocation Set 5.884ms
[2026-04-03T02:21:54.643+0600][65.651s][info][gc,phases   ] GC(164) Pause Relocate Start 0.020ms
[2026-04-03T02:21:54.646+0600][65.654s][info][gc,phases   ] GC(164) Concurrent Relocate 2.614ms
[2026-04-03T02:21:54.646+0600][65.654s][info][gc,load     ] GC(164) Load: 7.16/6.46/5.95
[2026-04-03T02:21:54.646+0600][65.654s][info][gc,mmu      ] GC(164) MMU: 2ms/90.1%, 5ms/96.1%, 10ms/98.0%, 20ms/99.0%, 50ms/99.6%, 100ms/99.7%
[2026-04-03T02:21:54.646+0600][65.654s][info][gc,marking  ] GC(164) Mark: 2 stripe(s), 2 proactive flush(es), 1 terminate flush(es), 0 completion(s), 0 continuation(s) 
[2026-04-03T02:21:54.646+0600][65.654s][info][gc,marking  ] GC(164) Mark Stack Usage: 32M
[2026-04-03T02:21:54.646+0600][65.654s][info][gc,nmethod  ] GC(164) NMethods: 15132 registered, 2153 unregistered
[2026-04-03T02:21:54.646+0600][65.654s][info][gc,metaspace] GC(164) Metaspace: 127M used, 129M committed, 1152M reserved
[2026-04-03T02:21:54.646+0600][65.654s][info][gc,ref      ] GC(164) Soft: 3290 encountered, 0 discovered, 0 enqueued
[2026-04-03T02:21:54.646+0600][65.654s][info][gc,ref      ] GC(164) Weak: 14663 encountered, 4952 discovered, 31 enqueued
[2026-04-03T02:21:54.646+0600][65.654s][info][gc,ref      ] GC(164) Final: 84 encountered, 0 discovered, 0 enqueued
[2026-04-03T02:21:54.646+0600][65.654s][info][gc,ref      ] GC(164) Phantom: 620 encountered, 469 discovered, 0 enqueued
[2026-04-03T02:21:54.646+0600][65.654s][info][gc,reloc    ] GC(164) Small Pages: 122 / 244M, Empty: 20M, Relocated: 1M, In-Place: 0
[2026-04-03T02:21:54.646+0600][65.654s][info][gc,reloc    ] GC(164) Medium Pages: 3 / 48M, Empty: 32M, Relocated: 0M, In-Place: 0
[2026-04-03T02:21:54.646+0600][65.654s][info][gc,reloc    ] GC(164) Large Pages: 4 / 22M, Empty: 18M, Relocated: 0M, In-Place: 0
[2026-04-03T02:21:54.646+0600][65.654s][info][gc,reloc    ] GC(164) Forwarding Usage: 0M
[2026-04-03T02:21:54.646+0600][65.654s][info][gc,heap     ] GC(164) Min Capacity: 8M(1%)
[2026-04-03T02:21:54.646+0600][65.654s][info][gc,heap     ] GC(164) Max Capacity: 1000M(100%)
[2026-04-03T02:21:54.646+0600][65.654s][info][gc,heap     ] GC(164) Soft Max Capacity: 1000M(100%)
[2026-04-03T02:21:54.646+0600][65.654s][info][gc,heap     ] GC(164)                Mark Start          Mark End        Relocate Start      Relocate End           High               Low         
[2026-04-03T02:21:54.646+0600][65.654s][info][gc,heap     ] GC(164)  Capacity:     1000M (100%)       1000M (100%)       1000M (100%)       1000M (100%)       1000M (100%)       1000M (100%)   
[2026-04-03T02:21:54.646+0600][65.654s][info][gc,heap     ] GC(164)      Free:      686M (69%)         544M (54%)         580M (58%)         690M (69%)         690M (69%)         512M (51%)    
[2026-04-03T02:21:54.646+0600][65.654s][info][gc,heap     ] GC(164)      Used:      314M (31%)         456M (46%)         420M (42%)         310M (31%)         488M (49%)         310M (31%)    
[2026-04-03T02:21:54.646+0600][65.654s][info][gc,heap     ] GC(164)      Live:         -               105M (11%)         105M (11%)         105M (11%)            -                  -          
[2026-04-03T02:21:54.646+0600][65.654s][info][gc,heap     ] GC(164) Allocated:         -               142M (14%)         176M (18%)         177M (18%)            -                  -          
[2026-04-03T02:21:54.646+0600][65.654s][info][gc,heap     ] GC(164)   Garbage:         -               208M (21%)         138M (14%)          26M (3%)             -                  -          
[2026-04-03T02:21:54.646+0600][65.654s][info][gc,heap     ] GC(164) Reclaimed:         -                  -                70M (7%)          181M (18%)            -                  -          
[2026-04-03T02:21:54.646+0600][65.654s][info][gc          ] GC(164) Garbage Collection (Allocation Rate) 314M(31%)->310M(31%)
[2026-04-03T02:21:54.696+0600][65.704s][info][gc,start    ] GC(165) Garbage Collection (Allocation Rate)
[2026-04-03T02:21:54.696+0600][65.704s][info][gc,task     ] GC(165) Using 3 workers
[2026-04-03T02:21:54.696+0600][65.704s][info][gc,phases   ] GC(165) Pause Mark Start 0.016ms
[2026-04-03T02:21:54.811+0600][65.819s][info][gc,phases   ] GC(165) Concurrent Mark 114.255ms
[2026-04-03T02:21:54.811+0600][65.819s][info][gc,phases   ] GC(165) Pause Mark End 0.043ms
[2026-04-03T02:21:54.811+0600][65.819s][info][gc,phases   ] GC(165) Concurrent Mark Free 0.001ms
[2026-04-03T02:21:54.834+0600][65.842s][info][gc,phases   ] GC(165) Concurrent Process Non-Strong References 23.147ms
[2026-04-03T02:21:54.834+0600][65.842s][info][gc,phases   ] GC(165) Concurrent Reset Relocation Set 0.013ms
[2026-04-03T02:21:54.839+0600][65.847s][info][gc,phases   ] GC(165) Concurrent Select Relocation Set 4.260ms
[2026-04-03T02:21:54.839+0600][65.847s][info][gc,phases   ] GC(165) Pause Relocate Start 0.014ms
[2026-04-03T02:21:54.844+0600][65.852s][info][gc,phases   ] GC(165) Concurrent Relocate 5.099ms
[2026-04-03T02:21:54.844+0600][65.852s][info][gc,load     ] GC(165) Load: 7.47/6.54/5.98
[2026-04-03T02:21:54.844+0600][65.852s][info][gc,mmu      ] GC(165) MMU: 2ms/90.1%, 5ms/96.1%, 10ms/98.0%, 20ms/99.0%, 50ms/99.6%, 100ms/99.7%
[2026-04-03T02:21:54.844+0600][65.852s][info][gc,marking  ] GC(165) Mark: 2 stripe(s), 2 proactive flush(es), 1 terminate flush(es), 0 completion(s), 0 continuation(s) 
[2026-04-03T02:21:54.844+0600][65.852s][info][gc,marking  ] GC(165) Mark Stack Usage: 32M
[2026-04-03T02:21:54.844+0600][65.852s][info][gc,nmethod  ] GC(165) NMethods: 15131 registered, 2156 unregistered
[2026-04-03T02:21:54.844+0600][65.852s][info][gc,metaspace] GC(165) Metaspace: 127M used, 129M committed, 1152M reserved
[2026-04-03T02:21:54.844+0600][65.852s][info][gc,ref      ] GC(165) Soft: 3295 encountered, 0 discovered, 0 enqueued
[2026-04-03T02:21:54.844+0600][65.852s][info][gc,ref      ] GC(165) Weak: 14925 encountered, 4724 discovered, 6 enqueued
[2026-04-03T02:21:54.844+0600][65.852s][info][gc,ref      ] GC(165) Final: 84 encountered, 0 discovered, 0 enqueued
[2026-04-03T02:21:54.844+0600][65.853s][info][gc,ref      ] GC(165) Phantom: 620 encountered, 470 discovered, 0 enqueued
[2026-04-03T02:21:54.844+0600][65.853s][info][gc,reloc    ] GC(165) Small Pages: 144 / 288M, Empty: 36M, Relocated: 6M, In-Place: 0
[2026-04-03T02:21:54.844+0600][65.853s][info][gc,reloc    ] GC(165) Medium Pages: 4 / 64M, Empty: 48M, Relocated: 0M, In-Place: 0
[2026-04-03T02:21:54.844+0600][65.853s][info][gc,reloc    ] GC(165) Large Pages: 5 / 28M, Empty: 24M, Relocated: 0M, In-Place: 0
[2026-04-03T02:21:54.844+0600][65.853s][info][gc,reloc    ] GC(165) Forwarding Usage: 2M
[2026-04-03T02:21:54.845+0600][65.853s][info][gc,heap     ] GC(165) Min Capacity: 8M(1%)
[2026-04-03T02:21:54.845+0600][65.853s][info][gc,heap     ] GC(165) Max Capacity: 1000M(100%)
[2026-04-03T02:21:54.845+0600][65.853s][info][gc,heap     ] GC(165) Soft Max Capacity: 1000M(100%)
[2026-04-03T02:21:54.845+0600][65.853s][info][gc,heap     ] GC(165)                Mark Start          Mark End        Relocate Start      Relocate End           High               Low         
[2026-04-03T02:21:54.845+0600][65.853s][info][gc,heap     ] GC(165)  Capacity:     1000M (100%)       1000M (100%)       1000M (100%)       1000M (100%)       1000M (100%)       1000M (100%)   
[2026-04-03T02:21:54.845+0600][65.853s][info][gc,heap     ] GC(165)      Free:      620M (62%)         454M (45%)         538M (54%)         674M (67%)         674M (67%)         434M (43%)    
[2026-04-03T02:21:54.845+0600][65.853s][info][gc,heap     ] GC(165)      Used:      380M (38%)         546M (55%)         462M (46%)         326M (33%)         566M (57%)         326M (33%)    
[2026-04-03T02:21:54.845+0600][65.853s][info][gc,heap     ] GC(165)      Live:         -               106M (11%)         106M (11%)         106M (11%)            -                  -          
[2026-04-03T02:21:54.845+0600][65.853s][info][gc,heap     ] GC(165) Allocated:         -               166M (17%)         190M (19%)         193M (19%)            -                  -          
[2026-04-03T02:21:54.845+0600][65.853s][info][gc,heap     ] GC(165)   Garbage:         -               273M (27%)         165M (17%)          25M (3%)             -                  -          
[2026-04-03T02:21:54.845+0600][65.853s][info][gc,heap     ] GC(165) Reclaimed:         -                  -               108M (11%)         247M (25%)            -                  -          
[2026-04-03T02:21:54.845+0600][65.853s][info][gc          ] GC(165) Garbage Collection (Allocation Rate) 380M(38%)->326M(33%)
[2026-04-03T02:21:54.895+0600][65.903s][info][gc,start    ] GC(166) Garbage Collection (Allocation Rate)
[2026-04-03T02:21:54.895+0600][65.903s][info][gc,task     ] GC(166) Using 3 workers
[2026-04-03T02:21:54.896+0600][65.904s][info][gc,phases   ] GC(166) Pause Mark Start 0.011ms
[2026-04-03T02:21:55.029+0600][66.037s][info][gc,phases   ] GC(166) Concurrent Mark 132.615ms
[2026-04-03T02:21:55.029+0600][66.037s][info][gc,phases   ] GC(166) Pause Mark End 0.071ms
[2026-04-03T02:21:55.029+0600][66.037s][info][gc,phases   ] GC(166) Concurrent Mark Free 0.003ms
[2026-04-03T02:21:55.054+0600][66.062s][info][gc,phases   ] GC(166) Concurrent Process Non-Strong References 25.146ms
[2026-04-03T02:21:55.054+0600][66.063s][info][gc,phases   ] GC(166) Concurrent Reset Relocation Set 0.030ms
[2026-04-03T02:21:55.060+0600][66.068s][info][gc,phases   ] GC(166) Concurrent Select Relocation Set 5.146ms
[2026-04-03T02:21:55.060+0600][66.068s][info][gc,phases   ] GC(166) Pause Relocate Start 0.018ms
[2026-04-03T02:21:55.068+0600][66.076s][info][gc,phases   ] GC(166) Concurrent Relocate 7.415ms
[2026-04-03T02:21:55.068+0600][66.076s][info][gc,load     ] GC(166) Load: 7.47/6.54/5.98
[2026-04-03T02:21:55.068+0600][66.076s][info][gc,mmu      ] GC(166) MMU: 2ms/90.1%, 5ms/96.1%, 10ms/98.0%, 20ms/99.0%, 50ms/99.6%, 100ms/99.7%
[2026-04-03T02:21:55.068+0600][66.076s][info][gc,marking  ] GC(166) Mark: 2 stripe(s), 2 proactive flush(es), 1 terminate flush(es), 0 completion(s), 0 continuation(s) 
[2026-04-03T02:21:55.068+0600][66.076s][info][gc,marking  ] GC(166) Mark Stack Usage: 32M
[2026-04-03T02:21:55.068+0600][66.076s][info][gc,nmethod  ] GC(166) NMethods: 15136 registered, 2157 unregistered
[2026-04-03T02:21:55.068+0600][66.076s][info][gc,metaspace] GC(166) Metaspace: 127M used, 129M committed, 1152M reserved
[2026-04-03T02:21:55.068+0600][66.076s][info][gc,ref      ] GC(166) Soft: 3298 encountered, 0 discovered, 0 enqueued
[2026-04-03T02:21:55.068+0600][66.076s][info][gc,ref      ] GC(166) Weak: 15282 encountered, 4329 discovered, 11 enqueued
[2026-04-03T02:21:55.068+0600][66.076s][info][gc,ref      ] GC(166) Final: 84 encountered, 0 discovered, 0 enqueued
[2026-04-03T02:21:55.068+0600][66.076s][info][gc,ref      ] GC(166) Phantom: 620 encountered, 355 discovered, 0 enqueued
[2026-04-03T02:21:55.068+0600][66.076s][info][gc,reloc    ] GC(166) Small Pages: 147 / 294M, Empty: 52M, Relocated: 8M, In-Place: 0
[2026-04-03T02:21:55.068+0600][66.076s][info][gc,reloc    ] GC(166) Medium Pages: 4 / 64M, Empty: 48M, Relocated: 0M, In-Place: 0
[2026-04-03T02:21:55.068+0600][66.076s][info][gc,reloc    ] GC(166) Large Pages: 6 / 34M, Empty: 30M, Relocated: 0M, In-Place: 0
[2026-04-03T02:21:55.068+0600][66.076s][info][gc,reloc    ] GC(166) Forwarding Usage: 2M
[2026-04-03T02:21:55.068+0600][66.076s][info][gc,heap     ] GC(166) Min Capacity: 8M(1%)
[2026-04-03T02:21:55.068+0600][66.076s][info][gc,heap     ] GC(166) Max Capacity: 1000M(100%)
[2026-04-03T02:21:55.068+0600][66.076s][info][gc,heap     ] GC(166) Soft Max Capacity: 1000M(100%)
[2026-04-03T02:21:55.068+0600][66.076s][info][gc,heap     ] GC(166)                Mark Start          Mark End        Relocate Start      Relocate End           High               Low         
[2026-04-03T02:21:55.068+0600][66.076s][info][gc,heap     ] GC(166)  Capacity:     1000M (100%)       1000M (100%)       1000M (100%)       1000M (100%)       1000M (100%)       1000M (100%)   
[2026-04-03T02:21:55.068+0600][66.076s][info][gc,heap     ] GC(166)      Free:      608M (61%)         438M (44%)         530M (53%)         650M (65%)         656M (66%)         400M (40%)    
[2026-04-03T02:21:55.068+0600][66.076s][info][gc,heap     ] GC(166)      Used:      392M (39%)         562M (56%)         470M (47%)         350M (35%)         600M (60%)         344M (34%)    
[2026-04-03T02:21:55.068+0600][66.076s][info][gc,heap     ] GC(166)      Live:         -               108M (11%)         108M (11%)         108M (11%)            -                  -          
[2026-04-03T02:21:55.068+0600][66.076s][info][gc,heap     ] GC(166) Allocated:         -               170M (17%)         208M (21%)         215M (22%)            -                  -          
[2026-04-03T02:21:55.068+0600][66.076s][info][gc,heap     ] GC(166)   Garbage:         -               283M (28%)         153M (15%)          25M (3%)             -                  -          
[2026-04-03T02:21:55.068+0600][66.076s][info][gc,heap     ] GC(166) Reclaimed:         -                  -               130M (13%)         257M (26%)            -                  -          
[2026-04-03T02:21:55.068+0600][66.076s][info][gc          ] GC(166) Garbage Collection (Allocation Rate) 392M(39%)->350M(35%)
[2026-04-03T02:21:55.095+0600][66.103s][info][gc,start    ] GC(167) Garbage Collection (Allocation Rate)
[2026-04-03T02:21:55.095+0600][66.103s][info][gc,task     ] GC(167) Using 3 workers
[2026-04-03T02:21:55.096+0600][66.104s][info][gc,phases   ] GC(167) Pause Mark Start 0.017ms
[2026-04-03T02:21:55.213+0600][66.221s][info][gc,phases   ] GC(167) Concurrent Mark 116.972ms
[2026-04-03T02:21:55.213+0600][66.221s][info][gc,phases   ] GC(167) Pause Mark End 0.044ms
[2026-04-03T02:21:55.213+0600][66.221s][info][gc,phases   ] GC(167) Concurrent Mark Free 0.002ms
[2026-04-03T02:21:55.237+0600][66.245s][info][gc,phases   ] GC(167) Concurrent Process Non-Strong References 23.770ms
[2026-04-03T02:21:55.237+0600][66.245s][info][gc,phases   ] GC(167) Concurrent Reset Relocation Set 0.015ms
[2026-04-03T02:21:55.241+0600][66.249s][info][gc,phases   ] GC(167) Concurrent Select Relocation Set 4.009ms
[2026-04-03T02:21:55.242+0600][66.250s][info][gc,phases   ] GC(167) Pause Relocate Start 0.020ms
[2026-04-03T02:21:55.250+0600][66.258s][info][gc,phases   ] GC(167) Concurrent Relocate 8.164ms
[2026-04-03T02:21:55.250+0600][66.258s][info][gc,load     ] GC(167) Load: 7.47/6.54/5.98
[2026-04-03T02:21:55.250+0600][66.258s][info][gc,mmu      ] GC(167) MMU: 2ms/90.1%, 5ms/96.1%, 10ms/98.0%, 20ms/99.0%, 50ms/99.6%, 100ms/99.7%
[2026-04-03T02:21:55.250+0600][66.258s][info][gc,marking  ] GC(167) Mark: 2 stripe(s), 2 proactive flush(es), 1 terminate flush(es), 0 completion(s), 0 continuation(s) 
[2026-04-03T02:21:55.250+0600][66.258s][info][gc,marking  ] GC(167) Mark Stack Usage: 32M
[2026-04-03T02:21:55.250+0600][66.258s][info][gc,nmethod  ] GC(167) NMethods: 15132 registered, 2162 unregistered
[2026-04-03T02:21:55.250+0600][66.258s][info][gc,metaspace] GC(167) Metaspace: 127M used, 129M committed, 1152M reserved
[2026-04-03T02:21:55.250+0600][66.258s][info][gc,ref      ] GC(167) Soft: 3295 encountered, 0 discovered, 0 enqueued
[2026-04-03T02:21:55.250+0600][66.258s][info][gc,ref      ] GC(167) Weak: 15560 encountered, 4418 discovered, 10 enqueued
[2026-04-03T02:21:55.250+0600][66.258s][info][gc,ref      ] GC(167) Final: 84 encountered, 0 discovered, 0 enqueued
[2026-04-03T02:21:55.250+0600][66.258s][info][gc,ref      ] GC(167) Phantom: 620 encountered, 599 discovered, 0 enqueued
[2026-04-03T02:21:55.250+0600][66.258s][info][gc,reloc    ] GC(167) Small Pages: 147 / 294M, Empty: 42M, Relocated: 5M, In-Place: 0
[2026-04-03T02:21:55.250+0600][66.258s][info][gc,reloc    ] GC(167) Medium Pages: 4 / 64M, Empty: 32M, Relocated: 6M, In-Place: 0
[2026-04-03T02:21:55.250+0600][66.258s][info][gc,reloc    ] GC(167) Large Pages: 5 / 28M, Empty: 24M, Relocated: 0M, In-Place: 0
[2026-04-03T02:21:55.250+0600][66.258s][info][gc,reloc    ] GC(167) Forwarding Usage: 1M
[2026-04-03T02:21:55.250+0600][66.258s][info][gc,heap     ] GC(167) Min Capacity: 8M(1%)
[2026-04-03T02:21:55.250+0600][66.258s][info][gc,heap     ] GC(167) Max Capacity: 1000M(100%)
[2026-04-03T02:21:55.250+0600][66.258s][info][gc,heap     ] GC(167) Soft Max Capacity: 1000M(100%)
[2026-04-03T02:21:55.250+0600][66.258s][info][gc,heap     ] GC(167)                Mark Start          Mark End        Relocate Start      Relocate End           High               Low         
[2026-04-03T02:21:55.250+0600][66.258s][info][gc,heap     ] GC(167)  Capacity:     1000M (100%)       1000M (100%)       1000M (100%)       1000M (100%)       1000M (100%)       1000M (100%)   
[2026-04-03T02:21:55.250+0600][66.258s][info][gc,heap     ] GC(167)      Free:      614M (61%)         466M (47%)         534M (53%)         682M (68%)         682M (68%)         436M (44%)    
[2026-04-03T02:21:55.250+0600][66.258s][info][gc,heap     ] GC(167)      Used:      386M (39%)         534M (53%)         466M (47%)         318M (32%)         564M (56%)         318M (32%)    
[2026-04-03T02:21:55.250+0600][66.258s][info][gc,heap     ] GC(167)      Live:         -               108M (11%)         108M (11%)         108M (11%)            -                  -          
[2026-04-03T02:21:55.250+0600][66.258s][info][gc,heap     ] GC(167) Allocated:         -               148M (15%)         178M (18%)         181M (18%)            -                  -          
[2026-04-03T02:21:55.250+0600][66.258s][info][gc,heap     ] GC(167)   Garbage:         -               277M (28%)         179M (18%)          27M (3%)             -                  -          
[2026-04-03T02:21:55.250+0600][66.258s][info][gc,heap     ] GC(167) Reclaimed:         -                  -                98M (10%)         249M (25%)            -                  -          
[2026-04-03T02:21:55.250+0600][66.258s][info][gc          ] GC(167) Garbage Collection (Allocation Rate) 386M(39%)->318M(32%)
[2026-04-03T02:21:55.296+0600][66.304s][info][gc,start    ] GC(168) Garbage Collection (Allocation Rate)
[2026-04-03T02:21:55.296+0600][66.304s][info][gc,task     ] GC(168) Using 3 workers
[2026-04-03T02:21:55.296+0600][66.304s][info][gc,phases   ] GC(168) Pause Mark Start 0.013ms
[2026-04-03T02:21:55.399+0600][66.407s][info][gc,phases   ] GC(168) Concurrent Mark 103.084ms
[2026-04-03T02:21:55.400+0600][66.408s][info][gc,phases   ] GC(168) Pause Mark End 0.048ms
[2026-04-03T02:21:55.400+0600][66.408s][info][gc,phases   ] GC(168) Concurrent Mark Free 0.002ms
[2026-04-03T02:21:55.417+0600][66.425s][info][gc,phases   ] GC(168) Concurrent Process Non-Strong References 17.157ms
[2026-04-03T02:21:55.417+0600][66.425s][info][gc,phases   ] GC(168) Concurrent Reset Relocation Set 0.010ms
[2026-04-03T02:21:55.420+0600][66.428s][info][gc,phases   ] GC(168) Concurrent Select Relocation Set 2.940ms
[2026-04-03T02:21:55.420+0600][66.428s][info][gc,phases   ] GC(168) Pause Relocate Start 0.014ms
[2026-04-03T02:21:55.423+0600][66.431s][info][gc,phases   ] GC(168) Concurrent Relocate 3.125ms
[2026-04-03T02:21:55.423+0600][66.432s][info][gc,load     ] GC(168) Load: 7.47/6.54/5.98
[2026-04-03T02:21:55.424+0600][66.432s][info][gc,mmu      ] GC(168) MMU: 2ms/90.1%, 5ms/96.1%, 10ms/98.0%, 20ms/99.0%, 50ms/99.6%, 100ms/99.7%
[2026-04-03T02:21:55.424+0600][66.432s][info][gc,marking  ] GC(168) Mark: 2 stripe(s), 2 proactive flush(es), 1 terminate flush(es), 0 completion(s), 0 continuation(s) 
[2026-04-03T02:21:55.424+0600][66.432s][info][gc,marking  ] GC(168) Mark Stack Usage: 32M
[2026-04-03T02:21:55.424+0600][66.432s][info][gc,nmethod  ] GC(168) NMethods: 15134 registered, 2164 unregistered
[2026-04-03T02:21:55.424+0600][66.432s][info][gc,metaspace] GC(168) Metaspace: 127M used, 129M committed, 1152M reserved
[2026-04-03T02:21:55.424+0600][66.432s][info][gc,ref      ] GC(168) Soft: 3290 encountered, 0 discovered, 0 enqueued
[2026-04-03T02:21:55.424+0600][66.432s][info][gc,ref      ] GC(168) Weak: 15829 encountered, 2768 discovered, 1412 enqueued
[2026-04-03T02:21:55.424+0600][66.432s][info][gc,ref      ] GC(168) Final: 84 encountered, 0 discovered, 0 enqueued
[2026-04-03T02:21:55.424+0600][66.432s][info][gc,ref      ] GC(168) Phantom: 620 encountered, 475 discovered, 0 enqueued
[2026-04-03T02:21:55.424+0600][66.432s][info][gc,reloc    ] GC(168) Small Pages: 143 / 286M, Empty: 38M, Relocated: 4M, In-Place: 0
[2026-04-03T02:21:55.424+0600][66.432s][info][gc,reloc    ] GC(168) Medium Pages: 4 / 64M, Empty: 48M, Relocated: 0M, In-Place: 0
[2026-04-03T02:21:55.424+0600][66.432s][info][gc,reloc    ] GC(168) Large Pages: 5 / 28M, Empty: 24M, Relocated: 0M, In-Place: 0
[2026-04-03T02:21:55.424+0600][66.432s][info][gc,reloc    ] GC(168) Forwarding Usage: 1M
[2026-04-03T02:21:55.424+0600][66.432s][info][gc,heap     ] GC(168) Min Capacity: 8M(1%)
[2026-04-03T02:21:55.424+0600][66.432s][info][gc,heap     ] GC(168) Max Capacity: 1000M(100%)
[2026-04-03T02:21:55.424+0600][66.432s][info][gc,heap     ] GC(168) Soft Max Capacity: 1000M(100%)
[2026-04-03T02:21:55.424+0600][66.432s][info][gc,heap     ] GC(168)                Mark Start          Mark End        Relocate Start      Relocate End           High               Low         
[2026-04-03T02:21:55.424+0600][66.432s][info][gc,heap     ] GC(168)  Capacity:     1000M (100%)       1000M (100%)       1000M (100%)       1000M (100%)       1000M (100%)       1000M (100%)   
[2026-04-03T02:21:55.424+0600][66.432s][info][gc,heap     ] GC(168)      Free:      622M (62%)         488M (49%)         582M (58%)         718M (72%)         718M (72%)         474M (47%)    
[2026-04-03T02:21:55.424+0600][66.432s][info][gc,heap     ] GC(168)      Used:      378M (38%)         512M (51%)         418M (42%)         282M (28%)         526M (53%)         282M (28%)    
[2026-04-03T02:21:55.424+0600][66.432s][info][gc,heap     ] GC(168)      Live:         -               105M (11%)         105M (11%)         105M (11%)            -                  -          
[2026-04-03T02:21:55.424+0600][66.432s][info][gc,heap     ] GC(168) Allocated:         -               134M (13%)         150M (15%)         151M (15%)            -                  -          
[2026-04-03T02:21:55.424+0600][66.432s][info][gc,heap     ] GC(168)   Garbage:         -               272M (27%)         162M (16%)          24M (2%)             -                  -          
[2026-04-03T02:21:55.424+0600][66.432s][info][gc,heap     ] GC(168) Reclaimed:         -                  -               110M (11%)         247M (25%)            -                  -          
[2026-04-03T02:21:55.424+0600][66.432s][info][gc          ] GC(168) Garbage Collection (Allocation Rate) 378M(38%)->282M(28%)
[2026-04-03T02:21:55.496+0600][66.504s][info][gc,start    ] GC(169) Garbage Collection (Allocation Rate)
[2026-04-03T02:21:55.496+0600][66.504s][info][gc,task     ] GC(169) Using 3 workers
[2026-04-03T02:21:55.496+0600][66.504s][info][gc,phases   ] GC(169) Pause Mark Start 0.019ms
[2026-04-03T02:21:55.620+0600][66.628s][info][gc,phases   ] GC(169) Concurrent Mark 123.770ms
[2026-04-03T02:21:55.621+0600][66.629s][info][gc,phases   ] GC(169) Pause Mark End 0.041ms
[2026-04-03T02:21:55.621+0600][66.629s][info][gc,phases   ] GC(169) Concurrent Mark Free 0.002ms
[2026-04-03T02:21:55.673+0600][66.681s][info][gc,phases   ] GC(169) Concurrent Process Non-Strong References 52.025ms
[2026-04-03T02:21:55.673+0600][66.681s][info][gc,phases   ] GC(169) Concurrent Reset Relocation Set 0.017ms
[2026-04-03T02:21:55.678+0600][66.686s][info][gc,phases   ] GC(169) Concurrent Select Relocation Set 4.936ms
[2026-04-03T02:21:55.678+0600][66.686s][info][gc,phases   ] GC(169) Pause Relocate Start 0.016ms
[2026-04-03T02:21:55.687+0600][66.695s][info][gc,phases   ] GC(169) Concurrent Relocate 8.090ms
[2026-04-03T02:21:55.687+0600][66.695s][info][gc,load     ] GC(169) Load: 7.47/6.54/5.98
[2026-04-03T02:21:55.687+0600][66.695s][info][gc,mmu      ] GC(169) MMU: 2ms/90.1%, 5ms/96.1%, 10ms/98.0%, 20ms/99.0%, 50ms/99.6%, 100ms/99.7%
[2026-04-03T02:21:55.687+0600][66.695s][info][gc,marking  ] GC(169) Mark: 2 stripe(s), 2 proactive flush(es), 1 terminate flush(es), 0 completion(s), 0 continuation(s) 
[2026-04-03T02:21:55.687+0600][66.695s][info][gc,marking  ] GC(169) Mark Stack Usage: 32M
[2026-04-03T02:21:55.687+0600][66.695s][info][gc,nmethod  ] GC(169) NMethods: 15134 registered, 2171 unregistered
[2026-04-03T02:21:55.687+0600][66.695s][info][gc,metaspace] GC(169) Metaspace: 128M used, 129M committed, 1152M reserved
[2026-04-03T02:21:55.687+0600][66.695s][info][gc,ref      ] GC(169) Soft: 3363 encountered, 0 discovered, 0 enqueued
[2026-04-03T02:21:55.687+0600][66.695s][info][gc,ref      ] GC(169) Weak: 14977 encountered, 4647 discovered, 320 enqueued
[2026-04-03T02:21:55.687+0600][66.695s][info][gc,ref      ] GC(169) Final: 84 encountered, 0 discovered, 0 enqueued
[2026-04-03T02:21:55.687+0600][66.695s][info][gc,ref      ] GC(169) Phantom: 620 encountered, 599 discovered, 0 enqueued
[2026-04-03T02:21:55.687+0600][66.695s][info][gc,reloc    ] GC(169) Small Pages: 132 / 264M, Empty: 0M, Relocated: 6M, In-Place: 0
[2026-04-03T02:21:55.687+0600][66.695s][info][gc,reloc    ] GC(169) Medium Pages: 2 / 32M, Empty: 16M, Relocated: 0M, In-Place: 0
[2026-04-03T02:21:55.687+0600][66.695s][info][gc,reloc    ] GC(169) Large Pages: 7 / 40M, Empty: 36M, Relocated: 0M, In-Place: 0
[2026-04-03T02:21:55.687+0600][66.695s][info][gc,reloc    ] GC(169) Forwarding Usage: 1M
[2026-04-03T02:21:55.687+0600][66.695s][info][gc,heap     ] GC(169) Min Capacity: 8M(1%)
[2026-04-03T02:21:55.687+0600][66.695s][info][gc,heap     ] GC(169) Max Capacity: 1000M(100%)
[2026-04-03T02:21:55.687+0600][66.695s][info][gc,heap     ] GC(169) Soft Max Capacity: 1000M(100%)
[2026-04-03T02:21:55.687+0600][66.695s][info][gc,heap     ] GC(169)                Mark Start          Mark End        Relocate Start      Relocate End           High               Low         
[2026-04-03T02:21:55.687+0600][66.695s][info][gc,heap     ] GC(169)  Capacity:     1000M (100%)       1000M (100%)       1000M (100%)       1000M (100%)       1000M (100%)       1000M (100%)   
[2026-04-03T02:21:55.687+0600][66.695s][info][gc,heap     ] GC(169)      Free:      664M (66%)         520M (52%)         488M (49%)         624M (62%)         664M (66%)         438M (44%)    
[2026-04-03T02:21:55.687+0600][66.695s][info][gc,heap     ] GC(169)      Used:      336M (34%)         480M (48%)         512M (51%)         376M (38%)         562M (56%)         336M (34%)    
[2026-04-03T02:21:55.687+0600][66.695s][info][gc,heap     ] GC(169)      Live:         -               109M (11%)         109M (11%)         109M (11%)            -                  -          
[2026-04-03T02:21:55.687+0600][66.695s][info][gc,heap     ] GC(169) Allocated:         -               144M (14%)         228M (23%)         239M (24%)            -                  -          
[2026-04-03T02:21:55.687+0600][66.695s][info][gc,heap     ] GC(169)   Garbage:         -               226M (23%)         174M (17%)          26M (3%)             -                  -          
[2026-04-03T02:21:55.687+0600][66.695s][info][gc,heap     ] GC(169) Reclaimed:         -                  -                52M (5%)          199M (20%)            -                  -          
[2026-04-03T02:21:55.687+0600][66.695s][info][gc          ] GC(169) Garbage Collection (Allocation Rate) 336M(34%)->376M(38%)
[2026-04-03T02:21:55.696+0600][66.704s][info][gc,start    ] GC(170) Garbage Collection (Allocation Rate)
[2026-04-03T02:21:55.696+0600][66.704s][info][gc,task     ] GC(170) Using 3 workers
[2026-04-03T02:21:55.696+0600][66.704s][info][gc,phases   ] GC(170) Pause Mark Start 0.013ms
[2026-04-03T02:21:55.834+0600][66.842s][info][gc,phases   ] GC(170) Concurrent Mark 137.338ms
[2026-04-03T02:21:55.834+0600][66.842s][info][gc,phases   ] GC(170) Pause Mark End 0.031ms
[2026-04-03T02:21:55.834+0600][66.842s][info][gc,phases   ] GC(170) Concurrent Mark Free 0.003ms
[2026-04-03T02:21:55.872+0600][66.880s][info][gc,phases   ] GC(170) Concurrent Process Non-Strong References 37.696ms
[2026-04-03T02:21:55.872+0600][66.880s][info][gc,phases   ] GC(170) Concurrent Reset Relocation Set 0.011ms
[2026-04-03T02:21:55.876+0600][66.884s][info][gc,phases   ] GC(170) Concurrent Select Relocation Set 3.744ms
[2026-04-03T02:21:55.876+0600][66.884s][info][gc,phases   ] GC(170) Pause Relocate Start 0.014ms
[2026-04-03T02:21:55.882+0600][66.890s][info][gc,phases   ] GC(170) Concurrent Relocate 5.934ms
[2026-04-03T02:21:55.882+0600][66.890s][info][gc,load     ] GC(170) Load: 7.47/6.54/5.98
[2026-04-03T02:21:55.882+0600][66.890s][info][gc,mmu      ] GC(170) MMU: 2ms/90.1%, 5ms/96.1%, 10ms/98.0%, 20ms/99.0%, 50ms/99.6%, 100ms/99.7%
[2026-04-03T02:21:55.882+0600][66.890s][info][gc,marking  ] GC(170) Mark: 2 stripe(s), 2 proactive flush(es), 1 terminate flush(es), 0 completion(s), 0 continuation(s) 
[2026-04-03T02:21:55.882+0600][66.890s][info][gc,marking  ] GC(170) Mark Stack Usage: 32M
[2026-04-03T02:21:55.882+0600][66.890s][info][gc,nmethod  ] GC(170) NMethods: 15138 registered, 2172 unregistered
[2026-04-03T02:21:55.882+0600][66.890s][info][gc,metaspace] GC(170) Metaspace: 128M used, 129M committed, 1152M reserved
[2026-04-03T02:21:55.882+0600][66.890s][info][gc,ref      ] GC(170) Soft: 3372 encountered, 0 discovered, 0 enqueued
[2026-04-03T02:21:55.882+0600][66.890s][info][gc,ref      ] GC(170) Weak: 14812 encountered, 5031 discovered, 17 enqueued
[2026-04-03T02:21:55.882+0600][66.890s][info][gc,ref      ] GC(170) Final: 84 encountered, 0 discovered, 0 enqueued
[2026-04-03T02:21:55.882+0600][66.890s][info][gc,ref      ] GC(170) Phantom: 620 encountered, 404 discovered, 0 enqueued
[2026-04-03T02:21:55.882+0600][66.890s][info][gc,reloc    ] GC(170) Small Pages: 174 / 348M, Empty: 44M, Relocated: 8M, In-Place: 0
[2026-04-03T02:21:55.882+0600][66.890s][info][gc,reloc    ] GC(170) Medium Pages: 2 / 32M, Empty: 16M, Relocated: 0M, In-Place: 0
[2026-04-03T02:21:55.882+0600][66.890s][info][gc,reloc    ] GC(170) Large Pages: 3 / 16M, Empty: 12M, Relocated: 0M, In-Place: 0
[2026-04-03T02:21:55.882+0600][66.890s][info][gc,reloc    ] GC(170) Forwarding Usage: 2M
[2026-04-03T02:21:55.882+0600][66.890s][info][gc,heap     ] GC(170) Min Capacity: 8M(1%)
[2026-04-03T02:21:55.882+0600][66.890s][info][gc,heap     ] GC(170) Max Capacity: 1000M(100%)
[2026-04-03T02:21:55.882+0600][66.890s][info][gc,heap     ] GC(170) Soft Max Capacity: 1000M(100%)
[2026-04-03T02:21:55.882+0600][66.890s][info][gc,heap     ] GC(170)                Mark Start          Mark End        Relocate Start      Relocate End           High               Low         
[2026-04-03T02:21:55.882+0600][66.890s][info][gc,heap     ] GC(170)  Capacity:     1000M (100%)       1000M (100%)       1000M (100%)       1000M (100%)       1000M (100%)       1000M (100%)   
[2026-04-03T02:21:55.882+0600][66.890s][info][gc,heap     ] GC(170)      Free:      604M (60%)         404M (40%)         440M (44%)         622M (62%)         622M (62%)         368M (37%)    
[2026-04-03T02:21:55.882+0600][66.890s][info][gc,heap     ] GC(170)      Used:      396M (40%)         596M (60%)         560M (56%)         378M (38%)         632M (63%)         378M (38%)    
[2026-04-03T02:21:55.882+0600][66.890s][info][gc,heap     ] GC(170)      Live:         -               112M (11%)         112M (11%)         112M (11%)            -                  -          
[2026-04-03T02:21:55.882+0600][66.890s][info][gc,heap     ] GC(170) Allocated:         -               200M (20%)         236M (24%)         237M (24%)            -                  -          
[2026-04-03T02:21:55.882+0600][66.890s][info][gc,heap     ] GC(170)   Garbage:         -               283M (28%)         211M (21%)          27M (3%)             -                  -          
[2026-04-03T02:21:55.882+0600][66.890s][info][gc,heap     ] GC(170) Reclaimed:         -                  -                72M (7%)          255M (26%)            -                  -          
[2026-04-03T02:21:55.882+0600][66.890s][info][gc          ] GC(170) Garbage Collection (Allocation Rate) 396M(40%)->378M(38%)
[2026-04-03T02:21:55.996+0600][67.004s][info][gc,start    ] GC(171) Garbage Collection (Allocation Rate)
[2026-04-03T02:21:55.996+0600][67.004s][info][gc,task     ] GC(171) Using 3 workers
[2026-04-03T02:21:55.996+0600][67.004s][info][gc,phases   ] GC(171) Pause Mark Start 0.010ms
[2026-04-03T02:21:56.091+0600][67.099s][info][gc,phases   ] GC(171) Concurrent Mark 95.089ms
[2026-04-03T02:21:56.091+0600][67.099s][info][gc,phases   ] GC(171) Pause Mark End 0.131ms
[2026-04-03T02:21:56.091+0600][67.100s][info][gc,phases   ] GC(171) Concurrent Mark Free 0.002ms
[2026-04-03T02:21:56.112+0600][67.120s][info][gc,phases   ] GC(171) Concurrent Process Non-Strong References 20.006ms
[2026-04-03T02:21:56.112+0600][67.120s][info][gc,phases   ] GC(171) Concurrent Reset Relocation Set 0.019ms
[2026-04-03T02:21:56.112+0600][67.120s][info][gc          ] Allocation Stall (Executor task launch worker for task 2.0 in stage 2585.0 (TID 4847)) 1.600ms
[2026-04-03T02:21:56.112+0600][67.120s][info][gc          ] Allocation Stall (Executor task launch worker for task 1.0 in stage 2585.0 (TID 4846)) 5.179ms
[2026-04-03T02:21:56.112+0600][67.120s][info][gc          ] Allocation Stall (Executor task launch worker for task 0.0 in stage 2585.0 (TID 4845)) 5.580ms
[2026-04-03T02:21:56.112+0600][67.120s][info][gc          ] Allocation Stall (Executor task launch worker for task 3.0 in stage 2585.0 (TID 4848)) 5.641ms
[2026-04-03T02:21:56.116+0600][67.124s][info][gc,phases   ] GC(171) Concurrent Select Relocation Set 4.411ms
[2026-04-03T02:21:56.117+0600][67.125s][info][gc,phases   ] GC(171) Pause Relocate Start 0.016ms
[2026-04-03T02:21:56.125+0600][67.133s][info][gc,phases   ] GC(171) Concurrent Relocate 7.880ms
[2026-04-03T02:21:56.125+0600][67.133s][info][gc,load     ] GC(171) Load: 7.47/6.54/5.98
[2026-04-03T02:21:56.125+0600][67.133s][info][gc,mmu      ] GC(171) MMU: 2ms/90.1%, 5ms/96.1%, 10ms/98.0%, 20ms/99.0%, 50ms/99.6%, 100ms/99.7%
[2026-04-03T02:21:56.125+0600][67.133s][info][gc,marking  ] GC(171) Mark: 2 stripe(s), 3 proactive flush(es), 1 terminate flush(es), 1 completion(s), 0 continuation(s) 
[2026-04-03T02:21:56.125+0600][67.133s][info][gc,marking  ] GC(171) Mark Stack Usage: 32M
[2026-04-03T02:21:56.125+0600][67.133s][info][gc,nmethod  ] GC(171) NMethods: 15144 registered, 2176 unregistered
[2026-04-03T02:21:56.125+0600][67.133s][info][gc,metaspace] GC(171) Metaspace: 128M used, 129M committed, 1152M reserved
[2026-04-03T02:21:56.125+0600][67.133s][info][gc,ref      ] GC(171) Soft: 3393 encountered, 0 discovered, 0 enqueued
[2026-04-03T02:21:56.125+0600][67.133s][info][gc,ref      ] GC(171) Weak: 15212 encountered, 5048 discovered, 553 enqueued
[2026-04-03T02:21:56.125+0600][67.133s][info][gc,ref      ] GC(171) Final: 84 encountered, 0 discovered, 0 enqueued
[2026-04-03T02:21:56.125+0600][67.133s][info][gc,ref      ] GC(171) Phantom: 620 encountered, 504 discovered, 0 enqueued
[2026-04-03T02:21:56.125+0600][67.133s][info][gc,reloc    ] GC(171) Small Pages: 189 / 378M, Empty: 152M, Relocated: 6M, In-Place: 0
[2026-04-03T02:21:56.125+0600][67.133s][info][gc,reloc    ] GC(171) Medium Pages: 3 / 48M, Empty: 32M, Relocated: 0M, In-Place: 0
[2026-04-03T02:21:56.125+0600][67.133s][info][gc,reloc    ] GC(171) Large Pages: 63 / 376M, Empty: 360M, Relocated: 0M, In-Place: 0
[2026-04-03T02:21:56.125+0600][67.133s][info][gc,reloc    ] GC(171) Forwarding Usage: 1M
[2026-04-03T02:21:56.125+0600][67.133s][info][gc,heap     ] GC(171) Min Capacity: 8M(1%)
[2026-04-03T02:21:56.125+0600][67.133s][info][gc,heap     ] GC(171) Max Capacity: 1000M(100%)
[2026-04-03T02:21:56.125+0600][67.133s][info][gc,heap     ] GC(171) Soft Max Capacity: 1000M(100%)
[2026-04-03T02:21:56.125+0600][67.133s][info][gc,heap     ] GC(171)                Mark Start          Mark End        Relocate Start      Relocate End           High               Low         
[2026-04-03T02:21:56.125+0600][67.133s][info][gc,heap     ] GC(171)  Capacity:     1000M (100%)       1000M (100%)       1000M (100%)       1000M (100%)       1000M (100%)       1000M (100%)   
[2026-04-03T02:21:56.125+0600][67.133s][info][gc,heap     ] GC(171)      Free:      198M (20%)          70M (7%)          508M (51%)         504M (50%)         582M (58%)           2M (0%)     
[2026-04-03T02:21:56.125+0600][67.133s][info][gc,heap     ] GC(171)      Used:      802M (80%)         930M (93%)         492M (49%)         496M (50%)         998M (100%)        418M (42%)    
[2026-04-03T02:21:56.125+0600][67.133s][info][gc,heap     ] GC(171)      Live:         -               121M (12%)         121M (12%)         121M (12%)            -                  -          
[2026-04-03T02:21:56.125+0600][67.133s][info][gc,heap     ] GC(171) Allocated:         -               128M (13%)         234M (23%)         345M (35%)            -                  -          
[2026-04-03T02:21:56.125+0600][67.133s][info][gc,heap     ] GC(171)   Garbage:         -               680M (68%)         136M (14%)          28M (3%)             -                  -          
[2026-04-03T02:21:56.125+0600][67.134s][info][gc,heap     ] GC(171) Reclaimed:         -                  -               544M (54%)         651M (65%)            -                  -          
[2026-04-03T02:21:56.125+0600][67.134s][info][gc          ] GC(171) Garbage Collection (Allocation Rate) 802M(80%)->496M(50%)
[2026-04-03T02:21:56.196+0600][67.204s][info][gc,start    ] GC(172) Garbage Collection (Allocation Stall)
[2026-04-03T02:21:56.196+0600][67.204s][info][gc,ref      ] GC(172) Clearing All SoftReferences
[2026-04-03T02:21:56.196+0600][67.204s][info][gc,task     ] GC(172) Using 3 workers
[2026-04-03T02:21:56.196+0600][67.204s][info][gc,ref      ] GC(172) Clearing All SoftReferences
[2026-04-03T02:21:56.196+0600][67.204s][info][gc,phases   ] GC(172) Pause Mark Start 0.038ms
[2026-04-03T02:21:56.294+0600][67.302s][info][gc,phases   ] GC(172) Concurrent Mark 97.642ms
[2026-04-03T02:21:56.294+0600][67.302s][info][gc,phases   ] GC(172) Pause Mark End 0.027ms
[2026-04-03T02:21:56.294+0600][67.302s][info][gc,phases   ] GC(172) Concurrent Mark Free 0.001ms
[2026-04-03T02:21:56.337+0600][67.345s][info][gc,phases   ] GC(172) Concurrent Process Non-Strong References 42.798ms
[2026-04-03T02:21:56.337+0600][67.345s][info][gc,phases   ] GC(172) Concurrent Reset Relocation Set 0.011ms
[2026-04-03T02:21:56.343+0600][67.351s][info][gc,phases   ] GC(172) Concurrent Select Relocation Set 5.744ms
[2026-04-03T02:21:56.343+0600][67.352s][info][gc,phases   ] GC(172) Pause Relocate Start 0.019ms
[2026-04-03T02:21:56.355+0600][67.363s][info][gc,phases   ] GC(172) Concurrent Relocate 11.042ms
[2026-04-03T02:21:56.356+0600][67.364s][info][gc,load     ] GC(172) Load: 7.47/6.54/5.98
[2026-04-03T02:21:56.356+0600][67.364s][info][gc,mmu      ] GC(172) MMU: 2ms/90.1%, 5ms/96.1%, 10ms/98.0%, 20ms/99.0%, 50ms/99.6%, 100ms/99.7%
[2026-04-03T02:21:56.356+0600][67.364s][info][gc,marking  ] GC(172) Mark: 2 stripe(s), 2 proactive flush(es), 1 terminate flush(es), 0 completion(s), 0 continuation(s) 
[2026-04-03T02:21:56.356+0600][67.364s][info][gc,marking  ] GC(172) Mark Stack Usage: 32M
[2026-04-03T02:21:56.356+0600][67.364s][info][gc,nmethod  ] GC(172) NMethods: 15158 registered, 2181 unregistered
[2026-04-03T02:21:56.356+0600][67.364s][info][gc,metaspace] GC(172) Metaspace: 127M used, 129M committed, 1152M reserved
[2026-04-03T02:21:56.356+0600][67.364s][info][gc,ref      ] GC(172) Soft: 3357 encountered, 742 discovered, 112 enqueued
[2026-04-03T02:21:56.356+0600][67.364s][info][gc,ref      ] GC(172) Weak: 14844 encountered, 4917 discovered, 387 enqueued
[2026-04-03T02:21:56.356+0600][67.364s][info][gc,ref      ] GC(172) Final: 84 encountered, 0 discovered, 0 enqueued
[2026-04-03T02:21:56.356+0600][67.364s][info][gc,ref      ] GC(172) Phantom: 620 encountered, 598 discovered, 0 enqueued
[2026-04-03T02:21:56.356+0600][67.364s][info][gc,reloc    ] GC(172) Small Pages: 145 / 290M, Empty: 18M, Relocated: 8M, In-Place: 0
[2026-04-03T02:21:56.356+0600][67.364s][info][gc,reloc    ] GC(172) Medium Pages: 3 / 48M, Empty: 32M, Relocated: 0M, In-Place: 0
[2026-04-03T02:21:56.356+0600][67.364s][info][gc,reloc    ] GC(172) Large Pages: 77 / 460M, Empty: 456M, Relocated: 0M, In-Place: 0
[2026-04-03T02:21:56.356+0600][67.364s][info][gc,reloc    ] GC(172) Forwarding Usage: 3M
[2026-04-03T02:21:56.356+0600][67.364s][info][gc,heap     ] GC(172) Min Capacity: 8M(1%)
[2026-04-03T02:21:56.356+0600][67.364s][info][gc,heap     ] GC(172) Max Capacity: 1000M(100%)
[2026-04-03T02:21:56.356+0600][67.364s][info][gc,heap     ] GC(172) Soft Max Capacity: 1000M(100%)
[2026-04-03T02:21:56.356+0600][67.364s][info][gc,heap     ] GC(172)                Mark Start          Mark End        Relocate Start      Relocate End           High               Low         
[2026-04-03T02:21:56.356+0600][67.364s][info][gc,heap     ] GC(172)  Capacity:     1000M (100%)       1000M (100%)       1000M (100%)       1000M (100%)       1000M (100%)       1000M (100%)   
[2026-04-03T02:21:56.356+0600][67.364s][info][gc,heap     ] GC(172)      Free:      202M (20%)          98M (10%)         578M (58%)         736M (74%)         736M (74%)          78M (8%)     
[2026-04-03T02:21:56.356+0600][67.364s][info][gc,heap     ] GC(172)      Used:      798M (80%)         902M (90%)         422M (42%)         264M (26%)         922M (92%)         264M (26%)    
[2026-04-03T02:21:56.356+0600][67.364s][info][gc,heap     ] GC(172)      Live:         -               104M (10%)         104M (10%)         104M (10%)            -                  -          
[2026-04-03T02:21:56.356+0600][67.364s][info][gc,heap     ] GC(172) Allocated:         -               104M (10%)         130M (13%)         133M (13%)            -                  -          
[2026-04-03T02:21:56.356+0600][67.364s][info][gc,heap     ] GC(172)   Garbage:         -               693M (69%)         187M (19%)          25M (3%)             -                  -          
[2026-04-03T02:21:56.356+0600][67.364s][info][gc,heap     ] GC(172) Reclaimed:         -                  -               506M (51%)         667M (67%)            -                  -          
[2026-04-03T02:21:56.356+0600][67.364s][info][gc          ] GC(172) Garbage Collection (Allocation Stall) 798M(80%)->264M(26%)
[2026-04-03T02:21:56.396+0600][67.404s][info][gc,start    ] GC(173) Garbage Collection (Allocation Rate)
[2026-04-03T02:21:56.396+0600][67.404s][info][gc,task     ] GC(173) Using 3 workers
[2026-04-03T02:21:56.396+0600][67.404s][info][gc,phases   ] GC(173) Pause Mark Start 0.015ms
[2026-04-03T02:21:56.476+0600][67.484s][info][gc,phases   ] GC(173) Concurrent Mark 79.727ms
[2026-04-03T02:21:56.477+0600][67.485s][info][gc,phases   ] GC(173) Pause Mark End 0.026ms
[2026-04-03T02:21:56.477+0600][67.485s][info][gc,phases   ] GC(173) Concurrent Mark Free 0.002ms
[2026-04-03T02:21:56.515+0600][67.523s][info][gc,phases   ] GC(173) Concurrent Process Non-Strong References 38.273ms
[2026-04-03T02:21:56.515+0600][67.523s][info][gc,phases   ] GC(173) Concurrent Reset Relocation Set 0.012ms
[2026-04-03T02:21:56.519+0600][67.527s][info][gc,phases   ] GC(173) Concurrent Select Relocation Set 4.031ms
[2026-04-03T02:21:56.520+0600][67.528s][info][gc,phases   ] GC(173) Pause Relocate Start 0.016ms
[2026-04-03T02:21:56.522+0600][67.530s][info][gc,phases   ] GC(173) Concurrent Relocate 1.897ms
[2026-04-03T02:21:56.522+0600][67.530s][info][gc,load     ] GC(173) Load: 7.47/6.54/5.98
[2026-04-03T02:21:56.522+0600][67.530s][info][gc,mmu      ] GC(173) MMU: 2ms/90.1%, 5ms/96.1%, 10ms/98.0%, 20ms/99.0%, 50ms/99.6%, 100ms/99.7%
[2026-04-03T02:21:56.522+0600][67.530s][info][gc,marking  ] GC(173) Mark: 2 stripe(s), 2 proactive flush(es), 1 terminate flush(es), 0 completion(s), 0 continuation(s) 
[2026-04-03T02:21:56.522+0600][67.530s][info][gc,marking  ] GC(173) Mark Stack Usage: 32M
[2026-04-03T02:21:56.522+0600][67.530s][info][gc,nmethod  ] GC(173) NMethods: 15165 registered, 2188 unregistered
[2026-04-03T02:21:56.522+0600][67.530s][info][gc,metaspace] GC(173) Metaspace: 127M used, 129M committed, 1152M reserved
[2026-04-03T02:21:56.522+0600][67.530s][info][gc,ref      ] GC(173) Soft: 3257 encountered, 0 discovered, 0 enqueued
[2026-04-03T02:21:56.522+0600][67.530s][info][gc,ref      ] GC(173) Weak: 14595 encountered, 4585 discovered, 349 enqueued
[2026-04-03T02:21:56.522+0600][67.530s][info][gc,ref      ] GC(173) Final: 84 encountered, 0 discovered, 0 enqueued
[2026-04-03T02:21:56.522+0600][67.530s][info][gc,ref      ] GC(173) Phantom: 620 encountered, 506 discovered, 0 enqueued
[2026-04-03T02:21:56.522+0600][67.530s][info][gc,reloc    ] GC(173) Small Pages: 98 / 196M, Empty: 4M, Relocated: 1M, In-Place: 0
[2026-04-03T02:21:56.522+0600][67.530s][info][gc,reloc    ] GC(173) Medium Pages: 3 / 48M, Empty: 32M, Relocated: 0M, In-Place: 0
[2026-04-03T02:21:56.522+0600][67.530s][info][gc,reloc    ] GC(173) Large Pages: 6 / 34M, Empty: 30M, Relocated: 0M, In-Place: 0
[2026-04-03T02:21:56.522+0600][67.530s][info][gc,reloc    ] GC(173) Forwarding Usage: 0M
[2026-04-03T02:21:56.522+0600][67.530s][info][gc,heap     ] GC(173) Min Capacity: 8M(1%)
[2026-04-03T02:21:56.522+0600][67.530s][info][gc,heap     ] GC(173) Max Capacity: 1000M(100%)
[2026-04-03T02:21:56.522+0600][67.530s][info][gc,heap     ] GC(173) Soft Max Capacity: 1000M(100%)
[2026-04-03T02:21:56.522+0600][67.530s][info][gc,heap     ] GC(173)                Mark Start          Mark End        Relocate Start      Relocate End           High               Low         
[2026-04-03T02:21:56.522+0600][67.530s][info][gc,heap     ] GC(173)  Capacity:     1000M (100%)       1000M (100%)       1000M (100%)       1000M (100%)       1000M (100%)       1000M (100%)   
[2026-04-03T02:21:56.522+0600][67.530s][info][gc,heap     ] GC(173)      Free:      722M (72%)         674M (67%)         720M (72%)         800M (80%)         800M (80%)         654M (65%)    
[2026-04-03T02:21:56.522+0600][67.530s][info][gc,heap     ] GC(173)      Used:      278M (28%)         326M (33%)         280M (28%)         200M (20%)         346M (35%)         200M (20%)    
[2026-04-03T02:21:56.522+0600][67.530s][info][gc,heap     ] GC(173)      Live:         -               104M (10%)         104M (10%)         104M (10%)            -                  -          
[2026-04-03T02:21:56.522+0600][67.530s][info][gc,heap     ] GC(173) Allocated:         -                48M (5%)           68M (7%)           67M (7%)             -                  -          
[2026-04-03T02:21:56.522+0600][67.530s][info][gc,heap     ] GC(173)   Garbage:         -               173M (17%)         107M (11%)          27M (3%)             -                  -          
[2026-04-03T02:21:56.522+0600][67.530s][info][gc,heap     ] GC(173) Reclaimed:         -                  -                66M (7%)          145M (15%)            -                  -          
[2026-04-03T02:21:56.522+0600][67.530s][info][gc          ] GC(173) Garbage Collection (Allocation Rate) 278M(28%)->200M(20%)
[2026-04-03T02:21:56.595+0600][67.603s][info][gc,start    ] GC(174) Garbage Collection (Allocation Rate)
[2026-04-03T02:21:56.595+0600][67.604s][info][gc,task     ] GC(174) Using 3 workers
[2026-04-03T02:21:56.596+0600][67.604s][info][gc,phases   ] GC(174) Pause Mark Start 0.015ms
[2026-04-03T02:21:56.668+0600][67.676s][info][gc,phases   ] GC(174) Concurrent Mark 71.832ms
[2026-04-03T02:21:56.668+0600][67.676s][info][gc,phases   ] GC(174) Pause Mark End 0.031ms
[2026-04-03T02:21:56.668+0600][67.676s][info][gc,phases   ] GC(174) Concurrent Mark Free 0.003ms
[2026-04-03T02:21:56.684+0600][67.692s][info][gc,phases   ] GC(174) Concurrent Process Non-Strong References 15.221ms
[2026-04-03T02:21:56.684+0600][67.692s][info][gc,phases   ] GC(174) Concurrent Reset Relocation Set 0.007ms
[2026-04-03T02:21:56.688+0600][67.696s][info][gc,phases   ] GC(174) Concurrent Select Relocation Set 3.999ms
[2026-04-03T02:21:56.688+0600][67.696s][info][gc,phases   ] GC(174) Pause Relocate Start 0.012ms
[2026-04-03T02:21:56.690+0600][67.698s][info][gc,phases   ] GC(174) Concurrent Relocate 1.616ms
[2026-04-03T02:21:56.690+0600][67.698s][info][gc,load     ] GC(174) Load: 7.47/6.54/5.98
[2026-04-03T02:21:56.690+0600][67.698s][info][gc,mmu      ] GC(174) MMU: 2ms/90.1%, 5ms/96.1%, 10ms/98.0%, 20ms/99.0%, 50ms/99.6%, 100ms/99.7%
[2026-04-03T02:21:56.690+0600][67.698s][info][gc,marking  ] GC(174) Mark: 2 stripe(s), 2 proactive flush(es), 1 terminate flush(es), 0 completion(s), 0 continuation(s) 
[2026-04-03T02:21:56.690+0600][67.698s][info][gc,marking  ] GC(174) Mark Stack Usage: 32M
[2026-04-03T02:21:56.690+0600][67.698s][info][gc,nmethod  ] GC(174) NMethods: 15166 registered, 2190 unregistered
[2026-04-03T02:21:56.690+0600][67.698s][info][gc,metaspace] GC(174) Metaspace: 127M used, 129M committed, 1152M reserved
[2026-04-03T02:21:56.690+0600][67.698s][info][gc,ref      ] GC(174) Soft: 3260 encountered, 0 discovered, 0 enqueued
[2026-04-03T02:21:56.690+0600][67.698s][info][gc,ref      ] GC(174) Weak: 14281 encountered, 4043 discovered, 160 enqueued
[2026-04-03T02:21:56.690+0600][67.698s][info][gc,ref      ] GC(174) Final: 84 encountered, 0 discovered, 0 enqueued
[2026-04-03T02:21:56.690+0600][67.698s][info][gc,ref      ] GC(174) Phantom: 620 encountered, 300 discovered, 0 enqueued
[2026-04-03T02:21:56.690+0600][67.698s][info][gc,reloc    ] GC(174) Small Pages: 108 / 216M, Empty: 8M, Relocated: 1M, In-Place: 0
[2026-04-03T02:21:56.690+0600][67.698s][info][gc,reloc    ] GC(174) Medium Pages: 1 / 16M, Empty: 0M, Relocated: 0M, In-Place: 0
[2026-04-03T02:21:56.690+0600][67.698s][info][gc,reloc    ] GC(174) Large Pages: 1 / 4M, Empty: 0M, Relocated: 0M, In-Place: 0
[2026-04-03T02:21:56.690+0600][67.698s][info][gc,reloc    ] GC(174) Forwarding Usage: 0M
[2026-04-03T02:21:56.690+0600][67.698s][info][gc,heap     ] GC(174) Min Capacity: 8M(1%)
[2026-04-03T02:21:56.690+0600][67.698s][info][gc,heap     ] GC(174) Max Capacity: 1000M(100%)
[2026-04-03T02:21:56.690+0600][67.698s][info][gc,heap     ] GC(174) Soft Max Capacity: 1000M(100%)
[2026-04-03T02:21:56.690+0600][67.698s][info][gc,heap     ] GC(174)                Mark Start          Mark End        Relocate Start      Relocate End           High               Low         
[2026-04-03T02:21:56.690+0600][67.698s][info][gc,heap     ] GC(174)  Capacity:     1000M (100%)       1000M (100%)       1000M (100%)       1000M (100%)       1000M (100%)       1000M (100%)   
[2026-04-03T02:21:56.690+0600][67.698s][info][gc,heap     ] GC(174)      Free:      764M (76%)         728M (73%)         716M (72%)         812M (81%)         812M (81%)         708M (71%)    
[2026-04-03T02:21:56.690+0600][67.698s][info][gc,heap     ] GC(174)      Used:      236M (24%)         272M (27%)         284M (28%)         188M (19%)         292M (29%)         188M (19%)    
[2026-04-03T02:21:56.690+0600][67.698s][info][gc,heap     ] GC(174)      Live:         -               104M (10%)         104M (10%)         104M (10%)            -                  -          
[2026-04-03T02:21:56.690+0600][67.698s][info][gc,heap     ] GC(174) Allocated:         -                36M (4%)           56M (6%)           55M (6%)             -                  -          
[2026-04-03T02:21:56.690+0600][67.698s][info][gc,heap     ] GC(174)   Garbage:         -               131M (13%)         123M (12%)          27M (3%)             -                  -          
[2026-04-03T02:21:56.690+0600][67.698s][info][gc,heap     ] GC(174) Reclaimed:         -                  -                 8M (1%)          103M (10%)            -                  -          
[2026-04-03T02:21:56.690+0600][67.698s][info][gc          ] GC(174) Garbage Collection (Allocation Rate) 236M(24%)->188M(19%)
[2026-04-03T02:21:56.695+0600][67.704s][info][gc,start    ] GC(175) Garbage Collection (Allocation Rate)
[2026-04-03T02:21:56.696+0600][67.704s][info][gc,task     ] GC(175) Using 3 workers
[2026-04-03T02:21:56.696+0600][67.704s][info][gc,phases   ] GC(175) Pause Mark Start 0.012ms
[2026-04-03T02:21:56.766+0600][67.774s][info][gc,phases   ] GC(175) Concurrent Mark 70.487ms
[2026-04-03T02:21:56.767+0600][67.775s][info][gc,phases   ] GC(175) Pause Mark End 0.024ms
[2026-04-03T02:21:56.767+0600][67.775s][info][gc,phases   ] GC(175) Concurrent Mark Free 0.001ms
[2026-04-03T02:21:56.780+0600][67.788s][info][gc,phases   ] GC(175) Concurrent Process Non-Strong References 13.462ms
[2026-04-03T02:21:56.780+0600][67.788s][info][gc,phases   ] GC(175) Concurrent Reset Relocation Set 0.009ms
[2026-04-03T02:21:56.783+0600][67.791s][info][gc,phases   ] GC(175) Concurrent Select Relocation Set 2.560ms
[2026-04-03T02:21:56.783+0600][67.791s][info][gc,phases   ] GC(175) Pause Relocate Start 0.011ms
[2026-04-03T02:21:56.785+0600][67.793s][info][gc,phases   ] GC(175) Concurrent Relocate 1.628ms
[2026-04-03T02:21:56.785+0600][67.793s][info][gc,load     ] GC(175) Load: 7.47/6.54/5.98
[2026-04-03T02:21:56.785+0600][67.793s][info][gc,mmu      ] GC(175) MMU: 2ms/90.1%, 5ms/96.1%, 10ms/98.0%, 20ms/99.0%, 50ms/99.6%, 100ms/99.7%
[2026-04-03T02:21:56.785+0600][67.793s][info][gc,marking  ] GC(175) Mark: 2 stripe(s), 3 proactive flush(es), 1 terminate flush(es), 0 completion(s), 0 continuation(s) 
[2026-04-03T02:21:56.785+0600][67.793s][info][gc,marking  ] GC(175) Mark Stack Usage: 32M
[2026-04-03T02:21:56.785+0600][67.793s][info][gc,nmethod  ] GC(175) NMethods: 15166 registered, 2192 unregistered
[2026-04-03T02:21:56.785+0600][67.793s][info][gc,metaspace] GC(175) Metaspace: 127M used, 129M committed, 1152M reserved
[2026-04-03T02:21:56.785+0600][67.793s][info][gc,ref      ] GC(175) Soft: 3260 encountered, 0 discovered, 0 enqueued
[2026-04-03T02:21:56.785+0600][67.793s][info][gc,ref      ] GC(175) Weak: 14116 encountered, 3251 discovered, 1 enqueued
[2026-04-03T02:21:56.785+0600][67.793s][info][gc,ref      ] GC(175) Final: 84 encountered, 0 discovered, 0 enqueued
[2026-04-03T02:21:56.785+0600][67.793s][info][gc,ref      ] GC(175) Phantom: 620 encountered, 510 discovered, 0 enqueued
[2026-04-03T02:21:56.785+0600][67.793s][info][gc,reloc    ] GC(175) Small Pages: 85 / 170M, Empty: 4M, Relocated: 1M, In-Place: 0
[2026-04-03T02:21:56.785+0600][67.793s][info][gc,reloc    ] GC(175) Medium Pages: 1 / 16M, Empty: 0M, Relocated: 0M, In-Place: 0
[2026-04-03T02:21:56.785+0600][67.793s][info][gc,reloc    ] GC(175) Large Pages: 1 / 4M, Empty: 0M, Relocated: 0M, In-Place: 0
[2026-04-03T02:21:56.785+0600][67.793s][info][gc,reloc    ] GC(175) Forwarding Usage: 0M
[2026-04-03T02:21:56.785+0600][67.793s][info][gc,heap     ] GC(175) Min Capacity: 8M(1%)
[2026-04-03T02:21:56.785+0600][67.793s][info][gc,heap     ] GC(175) Max Capacity: 1000M(100%)
[2026-04-03T02:21:56.785+0600][67.793s][info][gc,heap     ] GC(175) Soft Max Capacity: 1000M(100%)
[2026-04-03T02:21:56.785+0600][67.793s][info][gc,heap     ] GC(175)                Mark Start          Mark End        Relocate Start      Relocate End           High               Low         
[2026-04-03T02:21:56.785+0600][67.793s][info][gc,heap     ] GC(175)  Capacity:     1000M (100%)       1000M (100%)       1000M (100%)       1000M (100%)       1000M (100%)       1000M (100%)   
[2026-04-03T02:21:56.785+0600][67.793s][info][gc,heap     ] GC(175)      Free:      810M (81%)         776M (78%)         774M (77%)         828M (83%)         828M (83%)         770M (77%)    
[2026-04-03T02:21:56.785+0600][67.793s][info][gc,heap     ] GC(175)      Used:      190M (19%)         224M (22%)         226M (23%)         172M (17%)         230M (23%)         172M (17%)    
[2026-04-03T02:21:56.785+0600][67.793s][info][gc,heap     ] GC(175)      Live:         -               104M (10%)         104M (10%)         104M (10%)            -                  -          
[2026-04-03T02:21:56.785+0600][67.793s][info][gc,heap     ] GC(175) Allocated:         -                34M (3%)           40M (4%)           39M (4%)             -                  -          
[2026-04-03T02:21:56.785+0600][67.793s][info][gc,heap     ] GC(175)   Garbage:         -                85M (9%)           81M (8%)           27M (3%)             -                  -          
[2026-04-03T02:21:56.785+0600][67.793s][info][gc,heap     ] GC(175) Reclaimed:         -                  -                 4M (0%)           57M (6%)             -                  -          
[2026-04-03T02:21:56.785+0600][67.793s][info][gc          ] GC(175) Garbage Collection (Allocation Rate) 190M(19%)->172M(17%)
[2026-04-03T02:21:56.996+0600][68.004s][info][gc,start    ] GC(176) Garbage Collection (Allocation Rate)
[2026-04-03T02:21:56.996+0600][68.004s][info][gc,task     ] GC(176) Using 3 workers
[2026-04-03T02:21:56.997+0600][68.005s][info][gc,phases   ] GC(176) Pause Mark Start 0.020ms
[2026-04-03T02:21:57.113+0600][68.121s][info][gc,phases   ] GC(176) Concurrent Mark 116.351ms
[2026-04-03T02:21:57.114+0600][68.122s][info][gc,phases   ] GC(176) Pause Mark End 0.057ms
[2026-04-03T02:21:57.114+0600][68.122s][info][gc,phases   ] GC(176) Concurrent Mark Free 0.004ms
[2026-04-03T02:21:57.134+0600][68.142s][info][gc,phases   ] GC(176) Concurrent Process Non-Strong References 20.120ms
[2026-04-03T02:21:57.134+0600][68.142s][info][gc,phases   ] GC(176) Concurrent Reset Relocation Set 0.005ms
[2026-04-03T02:21:57.140+0600][68.148s][info][gc,phases   ] GC(176) Concurrent Select Relocation Set 6.052ms
[2026-04-03T02:21:57.140+0600][68.148s][info][gc,phases   ] GC(176) Pause Relocate Start 0.018ms
[2026-04-03T02:21:57.150+0600][68.158s][info][gc,phases   ] GC(176) Concurrent Relocate 9.337ms
[2026-04-03T02:21:57.150+0600][68.158s][info][gc,load     ] GC(176) Load: 7.47/6.54/5.98
[2026-04-03T02:21:57.150+0600][68.158s][info][gc,mmu      ] GC(176) MMU: 2ms/90.1%, 5ms/96.1%, 10ms/98.0%, 20ms/99.0%, 50ms/99.6%, 100ms/99.7%
[2026-04-03T02:21:57.150+0600][68.158s][info][gc,marking  ] GC(176) Mark: 2 stripe(s), 2 proactive flush(es), 1 terminate flush(es), 0 completion(s), 0 continuation(s) 
[2026-04-03T02:21:57.150+0600][68.158s][info][gc,marking  ] GC(176) Mark Stack Usage: 32M
[2026-04-03T02:21:57.150+0600][68.158s][info][gc,nmethod  ] GC(176) NMethods: 15168 registered, 2198 unregistered
[2026-04-03T02:21:57.150+0600][68.158s][info][gc,metaspace] GC(176) Metaspace: 127M used, 129M committed, 1152M reserved
[2026-04-03T02:21:57.150+0600][68.158s][info][gc,ref      ] GC(176) Soft: 3297 encountered, 0 discovered, 0 enqueued
[2026-04-03T02:21:57.150+0600][68.158s][info][gc,ref      ] GC(176) Weak: 14949 encountered, 3675 discovered, 32 enqueued
[2026-04-03T02:21:57.150+0600][68.158s][info][gc,ref      ] GC(176) Final: 84 encountered, 0 discovered, 0 enqueued
[2026-04-03T02:21:57.150+0600][68.158s][info][gc,ref      ] GC(176) Phantom: 620 encountered, 510 discovered, 0 enqueued
[2026-04-03T02:21:57.150+0600][68.158s][info][gc,reloc    ] GC(176) Small Pages: 190 / 380M, Empty: 98M, Relocated: 8M, In-Place: 0
[2026-04-03T02:21:57.150+0600][68.158s][info][gc,reloc    ] GC(176) Medium Pages: 5 / 80M, Empty: 64M, Relocated: 0M, In-Place: 0
[2026-04-03T02:21:57.150+0600][68.158s][info][gc,reloc    ] GC(176) Large Pages: 8 / 46M, Empty: 42M, Relocated: 0M, In-Place: 0
[2026-04-03T02:21:57.150+0600][68.158s][info][gc,reloc    ] GC(176) Forwarding Usage: 2M
[2026-04-03T02:21:57.150+0600][68.158s][info][gc,heap     ] GC(176) Min Capacity: 8M(1%)
[2026-04-03T02:21:57.150+0600][68.158s][info][gc,heap     ] GC(176) Max Capacity: 1000M(100%)
[2026-04-03T02:21:57.150+0600][68.158s][info][gc,heap     ] GC(176) Soft Max Capacity: 1000M(100%)
[2026-04-03T02:21:57.150+0600][68.158s][info][gc,heap     ] GC(176)                Mark Start          Mark End        Relocate Start      Relocate End           High               Low         
[2026-04-03T02:21:57.150+0600][68.158s][info][gc,heap     ] GC(176)  Capacity:     1000M (100%)       1000M (100%)       1000M (100%)       1000M (100%)       1000M (100%)       1000M (100%)   
[2026-04-03T02:21:57.150+0600][68.158s][info][gc,heap     ] GC(176)      Free:      494M (49%)         354M (35%)         542M (54%)         692M (69%)         702M (70%)         338M (34%)    
[2026-04-03T02:21:57.150+0600][68.158s][info][gc,heap     ] GC(176)      Used:      506M (51%)         646M (65%)         458M (46%)         308M (31%)         662M (66%)         298M (30%)    
[2026-04-03T02:21:57.150+0600][68.158s][info][gc,heap     ] GC(176)      Live:         -               108M (11%)         108M (11%)         108M (11%)            -                  -          
[2026-04-03T02:21:57.150+0600][68.158s][info][gc,heap     ] GC(176) Allocated:         -               140M (14%)         156M (16%)         173M (17%)            -                  -          
[2026-04-03T02:21:57.150+0600][68.158s][info][gc,heap     ] GC(176)   Garbage:         -               397M (40%)         193M (19%)          25M (3%)             -                  -          
[2026-04-03T02:21:57.150+0600][68.159s][info][gc,heap     ] GC(176) Reclaimed:         -                  -               204M (20%)         371M (37%)            -                  -          
[2026-04-03T02:21:57.150+0600][68.159s][info][gc          ] GC(176) Garbage Collection (Allocation Rate) 506M(51%)->308M(31%)
[2026-04-03T02:21:57.196+0600][68.204s][info][gc,start    ] GC(177) Garbage Collection (Allocation Rate)
[2026-04-03T02:21:57.196+0600][68.204s][info][gc,task     ] GC(177) Using 3 workers
[2026-04-03T02:21:57.196+0600][68.204s][info][gc,phases   ] GC(177) Pause Mark Start 0.017ms
[2026-04-03T02:21:57.305+0600][68.313s][info][gc,phases   ] GC(177) Concurrent Mark 108.352ms
[2026-04-03T02:21:57.305+0600][68.313s][info][gc,phases   ] GC(177) Pause Mark End 0.036ms
[2026-04-03T02:21:57.306+0600][68.314s][info][gc,phases   ] GC(177) Concurrent Mark Free 0.003ms
[2026-04-03T02:21:57.331+0600][68.340s][info][gc,phases   ] GC(177) Concurrent Process Non-Strong References 25.866ms
[2026-04-03T02:21:57.332+0600][68.340s][info][gc,phases   ] GC(177) Concurrent Reset Relocation Set 0.013ms
[2026-04-03T02:21:57.335+0600][68.343s][info][gc,phases   ] GC(177) Concurrent Select Relocation Set 3.509ms
[2026-04-03T02:21:57.335+0600][68.343s][info][gc,phases   ] GC(177) Pause Relocate Start 0.016ms
[2026-04-03T02:21:57.342+0600][68.350s][info][gc,phases   ] GC(177) Concurrent Relocate 6.679ms
[2026-04-03T02:21:57.342+0600][68.350s][info][gc,load     ] GC(177) Load: 7.47/6.54/5.98
[2026-04-03T02:21:57.342+0600][68.350s][info][gc,mmu      ] GC(177) MMU: 2ms/90.1%, 5ms/96.1%, 10ms/98.0%, 20ms/99.0%, 50ms/99.6%, 100ms/99.7%
[2026-04-03T02:21:57.342+0600][68.350s][info][gc,marking  ] GC(177) Mark: 2 stripe(s), 2 proactive flush(es), 1 terminate flush(es), 0 completion(s), 0 continuation(s) 
[2026-04-03T02:21:57.342+0600][68.350s][info][gc,marking  ] GC(177) Mark Stack Usage: 32M
[2026-04-03T02:21:57.342+0600][68.350s][info][gc,nmethod  ] GC(177) NMethods: 15166 registered, 2201 unregistered
[2026-04-03T02:21:57.342+0600][68.350s][info][gc,metaspace] GC(177) Metaspace: 127M used, 129M committed, 1152M reserved
[2026-04-03T02:21:57.342+0600][68.350s][info][gc,ref      ] GC(177) Soft: 3293 encountered, 0 discovered, 0 enqueued
[2026-04-03T02:21:57.342+0600][68.350s][info][gc,ref      ] GC(177) Weak: 15208 encountered, 3900 discovered, 11 enqueued
[2026-04-03T02:21:57.342+0600][68.350s][info][gc,ref      ] GC(177) Final: 84 encountered, 0 discovered, 0 enqueued
[2026-04-03T02:21:57.342+0600][68.350s][info][gc,ref      ] GC(177) Phantom: 620 encountered, 508 discovered, 0 enqueued
[2026-04-03T02:21:57.342+0600][68.350s][info][gc,reloc    ] GC(177) Small Pages: 139 / 278M, Empty: 36M, Relocated: 4M, In-Place: 0
[2026-04-03T02:21:57.342+0600][68.350s][info][gc,reloc    ] GC(177) Medium Pages: 4 / 64M, Empty: 32M, Relocated: 6M, In-Place: 0
[2026-04-03T02:21:57.342+0600][68.350s][info][gc,reloc    ] GC(177) Large Pages: 5 / 28M, Empty: 24M, Relocated: 0M, In-Place: 0
[2026-04-03T02:21:57.342+0600][68.350s][info][gc,reloc    ] GC(177) Forwarding Usage: 1M
[2026-04-03T02:21:57.342+0600][68.350s][info][gc,heap     ] GC(177) Min Capacity: 8M(1%)
[2026-04-03T02:21:57.342+0600][68.350s][info][gc,heap     ] GC(177) Max Capacity: 1000M(100%)
[2026-04-03T02:21:57.342+0600][68.350s][info][gc,heap     ] GC(177) Soft Max Capacity: 1000M(100%)
[2026-04-03T02:21:57.342+0600][68.350s][info][gc,heap     ] GC(177)                Mark Start          Mark End        Relocate Start      Relocate End           High               Low         
[2026-04-03T02:21:57.342+0600][68.350s][info][gc,heap     ] GC(177)  Capacity:     1000M (100%)       1000M (100%)       1000M (100%)       1000M (100%)       1000M (100%)       1000M (100%)   
[2026-04-03T02:21:57.342+0600][68.350s][info][gc,heap     ] GC(177)      Free:      630M (63%)         484M (48%)         534M (53%)         680M (68%)         680M (68%)         442M (44%)    
[2026-04-03T02:21:57.342+0600][68.350s][info][gc,heap     ] GC(177)      Used:      370M (37%)         516M (52%)         466M (47%)         320M (32%)         558M (56%)         320M (32%)    
[2026-04-03T02:21:57.342+0600][68.350s][info][gc,heap     ] GC(177)      Live:         -               107M (11%)         107M (11%)         107M (11%)            -                  -          
[2026-04-03T02:21:57.342+0600][68.350s][info][gc,heap     ] GC(177) Allocated:         -               146M (15%)         188M (19%)         189M (19%)            -                  -          
[2026-04-03T02:21:57.342+0600][68.350s][info][gc,heap     ] GC(177)   Garbage:         -               262M (26%)         170M (17%)          22M (2%)             -                  -          
[2026-04-03T02:21:57.342+0600][68.350s][info][gc,heap     ] GC(177) Reclaimed:         -                  -                92M (9%)          239M (24%)            -                  -          
[2026-04-03T02:21:57.342+0600][68.350s][info][gc          ] GC(177) Garbage Collection (Allocation Rate) 370M(37%)->320M(32%)
[2026-04-03T02:21:57.396+0600][68.404s][info][gc,start    ] GC(178) Garbage Collection (Allocation Rate)
[2026-04-03T02:21:57.396+0600][68.404s][info][gc,task     ] GC(178) Using 3 workers
[2026-04-03T02:21:57.397+0600][68.405s][info][gc,phases   ] GC(178) Pause Mark Start 0.015ms
[2026-04-03T02:21:57.530+0600][68.538s][info][gc,phases   ] GC(178) Concurrent Mark 132.967ms
[2026-04-03T02:21:57.530+0600][68.538s][info][gc,phases   ] GC(178) Pause Mark End 0.039ms
[2026-04-03T02:21:57.530+0600][68.538s][info][gc,phases   ] GC(178) Concurrent Mark Free 0.003ms
[2026-04-03T02:21:57.550+0600][68.558s][info][gc,phases   ] GC(178) Concurrent Process Non-Strong References 19.921ms
[2026-04-03T02:21:57.550+0600][68.558s][info][gc,phases   ] GC(178) Concurrent Reset Relocation Set 0.009ms
[2026-04-03T02:21:57.554+0600][68.562s][info][gc,phases   ] GC(178) Concurrent Select Relocation Set 3.867ms
[2026-04-03T02:21:57.555+0600][68.563s][info][gc,phases   ] GC(178) Pause Relocate Start 0.015ms
[2026-04-03T02:21:57.565+0600][68.573s][info][gc,phases   ] GC(178) Concurrent Relocate 9.990ms
[2026-04-03T02:21:57.565+0600][68.573s][info][gc,load     ] GC(178) Load: 7.47/6.54/5.98
[2026-04-03T02:21:57.565+0600][68.573s][info][gc,mmu      ] GC(178) MMU: 2ms/90.1%, 5ms/96.1%, 10ms/98.0%, 20ms/99.0%, 50ms/99.6%, 100ms/99.7%
[2026-04-03T02:21:57.565+0600][68.573s][info][gc,marking  ] GC(178) Mark: 2 stripe(s), 2 proactive flush(es), 1 terminate flush(es), 0 completion(s), 0 continuation(s) 
[2026-04-03T02:21:57.565+0600][68.573s][info][gc,marking  ] GC(178) Mark Stack Usage: 32M
[2026-04-03T02:21:57.565+0600][68.573s][info][gc,nmethod  ] GC(178) NMethods: 15167 registered, 2205 unregistered
[2026-04-03T02:21:57.565+0600][68.573s][info][gc,metaspace] GC(178) Metaspace: 127M used, 129M committed, 1152M reserved
[2026-04-03T02:21:57.565+0600][68.573s][info][gc,ref      ] GC(178) Soft: 3297 encountered, 0 discovered, 0 enqueued
[2026-04-03T02:21:57.565+0600][68.573s][info][gc,ref      ] GC(178) Weak: 15558 encountered, 4417 discovered, 10 enqueued
[2026-04-03T02:21:57.565+0600][68.573s][info][gc,ref      ] GC(178) Final: 84 encountered, 0 discovered, 0 enqueued
[2026-04-03T02:21:57.565+0600][68.573s][info][gc,ref      ] GC(178) Phantom: 620 encountered, 475 discovered, 0 enqueued
[2026-04-03T02:21:57.565+0600][68.573s][info][gc,reloc    ] GC(178) Small Pages: 153 / 306M, Empty: 66M, Relocated: 8M, In-Place: 0
[2026-04-03T02:21:57.565+0600][68.573s][info][gc,reloc    ] GC(178) Medium Pages: 4 / 64M, Empty: 48M, Relocated: 0M, In-Place: 0
[2026-04-03T02:21:57.565+0600][68.573s][info][gc,reloc    ] GC(178) Large Pages: 6 / 34M, Empty: 30M, Relocated: 0M, In-Place: 0
[2026-04-03T02:21:57.565+0600][68.573s][info][gc,reloc    ] GC(178) Forwarding Usage: 2M
[2026-04-03T02:21:57.565+0600][68.573s][info][gc,heap     ] GC(178) Min Capacity: 8M(1%)
[2026-04-03T02:21:57.565+0600][68.573s][info][gc,heap     ] GC(178) Max Capacity: 1000M(100%)
[2026-04-03T02:21:57.565+0600][68.573s][info][gc,heap     ] GC(178) Soft Max Capacity: 1000M(100%)
[2026-04-03T02:21:57.565+0600][68.573s][info][gc,heap     ] GC(178)                Mark Start          Mark End        Relocate Start      Relocate End           High               Low         
[2026-04-03T02:21:57.565+0600][68.573s][info][gc,heap     ] GC(178)  Capacity:     1000M (100%)       1000M (100%)       1000M (100%)       1000M (100%)       1000M (100%)       1000M (100%)   
[2026-04-03T02:21:57.565+0600][68.573s][info][gc,heap     ] GC(178)      Free:      596M (60%)         428M (43%)         526M (53%)         646M (65%)         646M (65%)         386M (39%)    
[2026-04-03T02:21:57.565+0600][68.573s][info][gc,heap     ] GC(178)      Used:      404M (40%)         572M (57%)         474M (47%)         354M (35%)         614M (61%)         354M (35%)    
[2026-04-03T02:21:57.565+0600][68.573s][info][gc,heap     ] GC(178)      Live:         -               108M (11%)         108M (11%)         108M (11%)            -                  -          
[2026-04-03T02:21:57.565+0600][68.573s][info][gc,heap     ] GC(178) Allocated:         -               168M (17%)         214M (21%)         221M (22%)            -                  -          
[2026-04-03T02:21:57.565+0600][68.573s][info][gc,heap     ] GC(178)   Garbage:         -               295M (30%)         151M (15%)          23M (2%)             -                  -          
[2026-04-03T02:21:57.565+0600][68.573s][info][gc,heap     ] GC(178) Reclaimed:         -                  -               144M (14%)         271M (27%)            -                  -          
[2026-04-03T02:21:57.565+0600][68.573s][info][gc          ] GC(178) Garbage Collection (Allocation Rate) 404M(40%)->354M(35%)
[2026-04-03T02:21:57.595+0600][68.604s][info][gc,start    ] GC(179) Garbage Collection (Allocation Rate)
[2026-04-03T02:21:57.596+0600][68.604s][info][gc,task     ] GC(179) Using 3 workers
[2026-04-03T02:21:57.596+0600][68.604s][info][gc,phases   ] GC(179) Pause Mark Start 0.011ms
[2026-04-03T02:21:57.706+0600][68.714s][info][gc,phases   ] GC(179) Concurrent Mark 110.504ms
[2026-04-03T02:21:57.707+0600][68.715s][info][gc,phases   ] GC(179) Pause Mark End 0.029ms
[2026-04-03T02:21:57.707+0600][68.715s][info][gc,phases   ] GC(179) Concurrent Mark Free 0.001ms
[2026-04-03T02:21:57.725+0600][68.733s][info][gc,phases   ] GC(179) Concurrent Process Non-Strong References 17.834ms
[2026-04-03T02:21:57.725+0600][68.733s][info][gc,phases   ] GC(179) Concurrent Reset Relocation Set 0.010ms
[2026-04-03T02:21:57.728+0600][68.736s][info][gc,phases   ] GC(179) Concurrent Select Relocation Set 3.130ms
[2026-04-03T02:21:57.728+0600][68.736s][info][gc,phases   ] GC(179) Pause Relocate Start 0.013ms
[2026-04-03T02:21:57.731+0600][68.739s][info][gc,phases   ] GC(179) Concurrent Relocate 2.492ms
[2026-04-03T02:21:57.731+0600][68.739s][info][gc,load     ] GC(179) Load: 7.47/6.54/5.98
[2026-04-03T02:21:57.731+0600][68.739s][info][gc,mmu      ] GC(179) MMU: 2ms/90.1%, 5ms/96.1%, 10ms/98.0%, 20ms/99.0%, 50ms/99.6%, 100ms/99.7%
[2026-04-03T02:21:57.731+0600][68.739s][info][gc,marking  ] GC(179) Mark: 2 stripe(s), 2 proactive flush(es), 1 terminate flush(es), 0 completion(s), 0 continuation(s) 
[2026-04-03T02:21:57.731+0600][68.739s][info][gc,marking  ] GC(179) Mark Stack Usage: 32M
[2026-04-03T02:21:57.731+0600][68.739s][info][gc,nmethod  ] GC(179) NMethods: 15167 registered, 2209 unregistered
[2026-04-03T02:21:57.731+0600][68.739s][info][gc,metaspace] GC(179) Metaspace: 127M used, 129M committed, 1152M reserved
[2026-04-03T02:21:57.731+0600][68.739s][info][gc,ref      ] GC(179) Soft: 3289 encountered, 0 discovered, 0 enqueued
[2026-04-03T02:21:57.731+0600][68.739s][info][gc,ref      ] GC(179) Weak: 15830 encountered, 5421 discovered, 1412 enqueued
[2026-04-03T02:21:57.731+0600][68.739s][info][gc,ref      ] GC(179) Final: 84 encountered, 0 discovered, 0 enqueued
[2026-04-03T02:21:57.731+0600][68.739s][info][gc,ref      ] GC(179) Phantom: 620 encountered, 541 discovered, 0 enqueued
[2026-04-03T02:21:57.731+0600][68.739s][info][gc,reloc    ] GC(179) Small Pages: 144 / 288M, Empty: 34M, Relocated: 1M, In-Place: 0
[2026-04-03T02:21:57.731+0600][68.739s][info][gc,reloc    ] GC(179) Medium Pages: 4 / 64M, Empty: 48M, Relocated: 0M, In-Place: 0
[2026-04-03T02:21:57.731+0600][68.739s][info][gc,reloc    ] GC(179) Large Pages: 5 / 28M, Empty: 24M, Relocated: 0M, In-Place: 0
[2026-04-03T02:21:57.731+0600][68.739s][info][gc,reloc    ] GC(179) Forwarding Usage: 0M
[2026-04-03T02:21:57.731+0600][68.739s][info][gc,heap     ] GC(179) Min Capacity: 8M(1%)
[2026-04-03T02:21:57.731+0600][68.739s][info][gc,heap     ] GC(179) Max Capacity: 1000M(100%)
[2026-04-03T02:21:57.731+0600][68.739s][info][gc,heap     ] GC(179) Soft Max Capacity: 1000M(100%)
[2026-04-03T02:21:57.731+0600][68.739s][info][gc,heap     ] GC(179)                Mark Start          Mark End        Relocate Start      Relocate End           High               Low         
[2026-04-03T02:21:57.731+0600][68.739s][info][gc,heap     ] GC(179)  Capacity:     1000M (100%)       1000M (100%)       1000M (100%)       1000M (100%)       1000M (100%)       1000M (100%)   
[2026-04-03T02:21:57.731+0600][68.739s][info][gc,heap     ] GC(179)      Free:      620M (62%)         486M (49%)         584M (58%)         722M (72%)         722M (72%)         478M (48%)    
[2026-04-03T02:21:57.731+0600][68.739s][info][gc,heap     ] GC(179)      Used:      380M (38%)         514M (51%)         416M (42%)         278M (28%)         522M (52%)         278M (28%)    
[2026-04-03T02:21:57.731+0600][68.739s][info][gc,heap     ] GC(179)      Live:         -               105M (11%)         105M (11%)         105M (11%)            -                  -          
[2026-04-03T02:21:57.731+0600][68.739s][info][gc,heap     ] GC(179) Allocated:         -               134M (13%)         142M (14%)         143M (14%)            -                  -          
[2026-04-03T02:21:57.731+0600][68.739s][info][gc,heap     ] GC(179)   Garbage:         -               274M (27%)         168M (17%)          28M (3%)             -                  -          
[2026-04-03T02:21:57.731+0600][68.739s][info][gc,heap     ] GC(179) Reclaimed:         -                  -               106M (11%)         245M (25%)            -                  -          
[2026-04-03T02:21:57.731+0600][68.739s][info][gc          ] GC(179) Garbage Collection (Allocation Rate) 380M(38%)->278M(28%)
[2026-04-03T02:21:57.896+0600][68.904s][info][gc,start    ] GC(180) Garbage Collection (Allocation Rate)
[2026-04-03T02:21:57.896+0600][68.904s][info][gc,task     ] GC(180) Using 3 workers
[2026-04-03T02:21:57.896+0600][68.904s][info][gc,phases   ] GC(180) Pause Mark Start 0.012ms
[2026-04-03T02:21:58.034+0600][69.042s][info][gc,phases   ] GC(180) Concurrent Mark 137.895ms
[2026-04-03T02:21:58.034+0600][69.042s][info][gc,phases   ] GC(180) Pause Mark End 0.025ms
[2026-04-03T02:21:58.034+0600][69.043s][info][gc,phases   ] GC(180) Concurrent Mark Free 0.002ms
[2026-04-03T02:21:58.075+0600][69.083s][info][gc,phases   ] GC(180) Concurrent Process Non-Strong References 40.851ms
[2026-04-03T02:21:58.075+0600][69.084s][info][gc,phases   ] GC(180) Concurrent Reset Relocation Set 0.015ms
[2026-04-03T02:21:58.081+0600][69.089s][info][gc,phases   ] GC(180) Concurrent Select Relocation Set 5.252ms
[2026-04-03T02:21:58.081+0600][69.089s][info][gc,phases   ] GC(180) Pause Relocate Start 0.020ms
[2026-04-03T02:21:58.089+0600][69.097s][info][gc,phases   ] GC(180) Concurrent Relocate 6.845ms
[2026-04-03T02:21:58.089+0600][69.097s][info][gc,load     ] GC(180) Load: 7.47/6.54/5.98
[2026-04-03T02:21:58.089+0600][69.097s][info][gc,mmu      ] GC(180) MMU: 2ms/90.1%, 5ms/96.1%, 10ms/98.0%, 20ms/99.0%, 50ms/99.6%, 100ms/99.7%
[2026-04-03T02:21:58.089+0600][69.097s][info][gc,marking  ] GC(180) Mark: 2 stripe(s), 3 proactive flush(es), 1 terminate flush(es), 0 completion(s), 0 continuation(s) 
[2026-04-03T02:21:58.089+0600][69.097s][info][gc,marking  ] GC(180) Mark Stack Usage: 32M
[2026-04-03T02:21:58.089+0600][69.097s][info][gc,nmethod  ] GC(180) NMethods: 15176 registered, 2209 unregistered
[2026-04-03T02:21:58.089+0600][69.097s][info][gc,metaspace] GC(180) Metaspace: 128M used, 129M committed, 1152M reserved
[2026-04-03T02:21:58.089+0600][69.097s][info][gc,ref      ] GC(180) Soft: 3365 encountered, 0 discovered, 0 enqueued
[2026-04-03T02:21:58.089+0600][69.097s][info][gc,ref      ] GC(180) Weak: 15057 encountered, 3979 discovered, 331 enqueued
[2026-04-03T02:21:58.089+0600][69.097s][info][gc,ref      ] GC(180) Final: 84 encountered, 0 discovered, 0 enqueued
[2026-04-03T02:21:58.089+0600][69.097s][info][gc,ref      ] GC(180) Phantom: 620 encountered, 475 discovered, 0 enqueued
[2026-04-03T02:21:58.089+0600][69.098s][info][gc,reloc    ] GC(180) Small Pages: 175 / 350M, Empty: 46M, Relocated: 5M, In-Place: 0
[2026-04-03T02:21:58.089+0600][69.098s][info][gc,reloc    ] GC(180) Medium Pages: 3 / 48M, Empty: 32M, Relocated: 0M, In-Place: 0
[2026-04-03T02:21:58.090+0600][69.098s][info][gc,reloc    ] GC(180) Large Pages: 8 / 46M, Empty: 42M, Relocated: 0M, In-Place: 0
[2026-04-03T02:21:58.090+0600][69.098s][info][gc,reloc    ] GC(180) Forwarding Usage: 2M
[2026-04-03T02:21:58.090+0600][69.098s][info][gc,heap     ] GC(180) Min Capacity: 8M(1%)
[2026-04-03T02:21:58.090+0600][69.098s][info][gc,heap     ] GC(180) Max Capacity: 1000M(100%)
[2026-04-03T02:21:58.090+0600][69.098s][info][gc,heap     ] GC(180) Soft Max Capacity: 1000M(100%)
[2026-04-03T02:21:58.090+0600][69.098s][info][gc,heap     ] GC(180)                Mark Start          Mark End        Relocate Start      Relocate End           High               Low         
[2026-04-03T02:21:58.090+0600][69.098s][info][gc,heap     ] GC(180)  Capacity:     1000M (100%)       1000M (100%)       1000M (100%)       1000M (100%)       1000M (100%)       1000M (100%)   
[2026-04-03T02:21:58.090+0600][69.098s][info][gc,heap     ] GC(180)      Free:      556M (56%)         362M (36%)         446M (45%)         628M (63%)         628M (63%)         324M (32%)    
[2026-04-03T02:21:58.090+0600][69.098s][info][gc,heap     ] GC(180)      Used:      444M (44%)         638M (64%)         554M (55%)         372M (37%)         676M (68%)         372M (37%)    
[2026-04-03T02:21:58.090+0600][69.098s][info][gc,heap     ] GC(180)      Live:         -               108M (11%)         108M (11%)         108M (11%)            -                  -          
[2026-04-03T02:21:58.090+0600][69.098s][info][gc,heap     ] GC(180) Allocated:         -               194M (19%)         230M (23%)         237M (24%)            -                  -          
[2026-04-03T02:21:58.090+0600][69.098s][info][gc,heap     ] GC(180)   Garbage:         -               335M (34%)         215M (22%)          26M (3%)             -                  -          
[2026-04-03T02:21:58.090+0600][69.098s][info][gc,heap     ] GC(180) Reclaimed:         -                  -               120M (12%)         309M (31%)            -                  -          
[2026-04-03T02:21:58.090+0600][69.098s][info][gc          ] GC(180) Garbage Collection (Allocation Rate) 444M(44%)->372M(37%)
[2026-04-03T02:21:58.096+0600][69.104s][info][gc,start    ] GC(181) Garbage Collection (Allocation Rate)
[2026-04-03T02:21:58.096+0600][69.104s][info][gc,task     ] GC(181) Using 3 workers
[2026-04-03T02:21:58.096+0600][69.104s][info][gc,phases   ] GC(181) Pause Mark Start 0.017ms
[2026-04-03T02:21:58.227+0600][69.235s][info][gc,phases   ] GC(181) Concurrent Mark 130.763ms
[2026-04-03T02:21:58.227+0600][69.236s][info][gc,phases   ] GC(181) Pause Mark End 0.033ms
[2026-04-03T02:21:58.228+0600][69.236s][info][gc,phases   ] GC(181) Concurrent Mark Free 0.002ms
[2026-04-03T02:21:58.247+0600][69.255s][info][gc,phases   ] GC(181) Concurrent Process Non-Strong References 19.383ms
[2026-04-03T02:21:58.247+0600][69.255s][info][gc,phases   ] GC(181) Concurrent Reset Relocation Set 0.015ms
[2026-04-03T02:21:58.251+0600][69.259s][info][gc,phases   ] GC(181) Concurrent Select Relocation Set 3.514ms
[2026-04-03T02:21:58.251+0600][69.259s][info][gc,phases   ] GC(181) Pause Relocate Start 0.013ms
[2026-04-03T02:21:58.257+0600][69.265s][info][gc,phases   ] GC(181) Concurrent Relocate 5.659ms
[2026-04-03T02:21:58.257+0600][69.265s][info][gc,load     ] GC(181) Load: 7.47/6.54/5.98
[2026-04-03T02:21:58.257+0600][69.265s][info][gc,mmu      ] GC(181) MMU: 2ms/90.1%, 5ms/96.1%, 10ms/98.0%, 20ms/99.0%, 50ms/99.6%, 100ms/99.7%
[2026-04-03T02:21:58.257+0600][69.265s][info][gc,marking  ] GC(181) Mark: 2 stripe(s), 3 proactive flush(es), 1 terminate flush(es), 0 completion(s), 0 continuation(s) 
[2026-04-03T02:21:58.257+0600][69.265s][info][gc,marking  ] GC(181) Mark Stack Usage: 32M
[2026-04-03T02:21:58.257+0600][69.265s][info][gc,nmethod  ] GC(181) NMethods: 15176 registered, 2209 unregistered
[2026-04-03T02:21:58.257+0600][69.265s][info][gc,metaspace] GC(181) Metaspace: 128M used, 129M committed, 1152M reserved
[2026-04-03T02:21:58.257+0600][69.265s][info][gc,ref      ] GC(181) Soft: 3375 encountered, 0 discovered, 0 enqueued
[2026-04-03T02:21:58.257+0600][69.265s][info][gc,ref      ] GC(181) Weak: 14888 encountered, 4152 discovered, 12 enqueued
[2026-04-03T02:21:58.257+0600][69.265s][info][gc,ref      ] GC(181) Final: 84 encountered, 0 discovered, 0 enqueued
[2026-04-03T02:21:58.257+0600][69.265s][info][gc,ref      ] GC(181) Phantom: 620 encountered, 352 discovered, 0 enqueued
[2026-04-03T02:21:58.257+0600][69.265s][info][gc,reloc    ] GC(181) Small Pages: 169 / 338M, Empty: 122M, Relocated: 6M, In-Place: 0
[2026-04-03T02:21:58.257+0600][69.265s][info][gc,reloc    ] GC(181) Medium Pages: 2 / 32M, Empty: 16M, Relocated: 0M, In-Place: 0
[2026-04-03T02:21:58.257+0600][69.265s][info][gc,reloc    ] GC(181) Large Pages: 3 / 16M, Empty: 12M, Relocated: 0M, In-Place: 0
[2026-04-03T02:21:58.257+0600][69.265s][info][gc,reloc    ] GC(181) Forwarding Usage: 2M
[2026-04-03T02:21:58.257+0600][69.265s][info][gc,heap     ] GC(181) Min Capacity: 8M(1%)
[2026-04-03T02:21:58.257+0600][69.265s][info][gc,heap     ] GC(181) Max Capacity: 1000M(100%)
[2026-04-03T02:21:58.257+0600][69.265s][info][gc,heap     ] GC(181) Soft Max Capacity: 1000M(100%)
[2026-04-03T02:21:58.257+0600][69.265s][info][gc,heap     ] GC(181)                Mark Start          Mark End        Relocate Start      Relocate End           High               Low         
[2026-04-03T02:21:58.257+0600][69.265s][info][gc,heap     ] GC(181)  Capacity:     1000M (100%)       1000M (100%)       1000M (100%)       1000M (100%)       1000M (100%)       1000M (100%)   
[2026-04-03T02:21:58.257+0600][69.265s][info][gc,heap     ] GC(181)      Free:      614M (61%)         474M (47%)         616M (62%)         714M (71%)         716M (72%)         468M (47%)    
[2026-04-03T02:21:58.257+0600][69.265s][info][gc,heap     ] GC(181)      Used:      386M (39%)         526M (53%)         384M (38%)         286M (29%)         532M (53%)         284M (28%)    
[2026-04-03T02:21:58.257+0600][69.265s][info][gc,heap     ] GC(181)      Live:         -               108M (11%)         108M (11%)         108M (11%)            -                  -          
[2026-04-03T02:21:58.257+0600][69.265s][info][gc,heap     ] GC(181) Allocated:         -               140M (14%)         148M (15%)         149M (15%)            -                  -          
[2026-04-03T02:21:58.257+0600][69.265s][info][gc,heap     ] GC(181)   Garbage:         -               277M (28%)         127M (13%)          27M (3%)             -                  -          
[2026-04-03T02:21:58.257+0600][69.265s][info][gc,heap     ] GC(181) Reclaimed:         -                  -               150M (15%)         249M (25%)            -                  -          
[2026-04-03T02:21:58.257+0600][69.265s][info][gc          ] GC(181) Garbage Collection (Allocation Rate) 386M(39%)->286M(29%)
[2026-04-03T02:21:58.395+0600][69.403s][info][gc,start    ] GC(182) Garbage Collection (Allocation Rate)
[2026-04-03T02:21:58.395+0600][69.404s][info][gc,task     ] GC(182) Using 3 workers
[2026-04-03T02:21:58.396+0600][69.404s][info][gc,phases   ] GC(182) Pause Mark Start 0.014ms
[2026-04-03T02:21:58.485+0600][69.493s][info][gc,phases   ] GC(182) Concurrent Mark 89.351ms
[2026-04-03T02:21:58.485+0600][69.493s][info][gc,phases   ] GC(182) Pause Mark End 0.025ms
[2026-04-03T02:21:58.485+0600][69.494s][info][gc,phases   ] GC(182) Concurrent Mark Free 0.002ms
[2026-04-03T02:21:58.500+0600][69.508s][info][gc,phases   ] GC(182) Concurrent Process Non-Strong References 14.316ms
[2026-04-03T02:21:58.500+0600][69.508s][info][gc,phases   ] GC(182) Concurrent Reset Relocation Set 0.010ms
[2026-04-03T02:21:58.500+0600][69.508s][info][gc          ] Allocation Stall (Executor task launch worker for task 0.0 in stage 2744.0 (TID 5099)) 45.883ms
[2026-04-03T02:21:58.500+0600][69.508s][info][gc          ] Allocation Stall (Executor task launch worker for task 3.0 in stage 2744.0 (TID 5102)) 41.654ms
[2026-04-03T02:21:58.500+0600][69.508s][info][gc          ] Allocation Stall (Executor task launch worker for task 2.0 in stage 2744.0 (TID 5101)) 43.112ms
[2026-04-03T02:21:58.500+0600][69.508s][info][gc          ] Allocation Stall (Executor task launch worker for task 1.0 in stage 2744.0 (TID 5100)) 43.129ms
[2026-04-03T02:21:58.503+0600][69.511s][info][gc,phases   ] GC(182) Concurrent Select Relocation Set 3.296ms
[2026-04-03T02:21:58.503+0600][69.512s][info][gc,phases   ] GC(182) Pause Relocate Start 0.012ms
[2026-04-03T02:21:58.509+0600][69.517s][info][gc,phases   ] GC(182) Concurrent Relocate 4.995ms
[2026-04-03T02:21:58.509+0600][69.517s][info][gc,load     ] GC(182) Load: 7.47/6.54/5.98
[2026-04-03T02:21:58.509+0600][69.517s][info][gc,mmu      ] GC(182) MMU: 2ms/90.1%, 5ms/96.1%, 10ms/98.0%, 20ms/99.0%, 50ms/99.6%, 100ms/99.7%
[2026-04-03T02:21:58.509+0600][69.517s][info][gc,marking  ] GC(182) Mark: 2 stripe(s), 2 proactive flush(es), 1 terminate flush(es), 0 completion(s), 0 continuation(s) 
[2026-04-03T02:21:58.509+0600][69.517s][info][gc,marking  ] GC(182) Mark Stack Usage: 32M
[2026-04-03T02:21:58.509+0600][69.517s][info][gc,nmethod  ] GC(182) NMethods: 15179 registered, 2215 unregistered
[2026-04-03T02:21:58.509+0600][69.517s][info][gc,metaspace] GC(182) Metaspace: 128M used, 129M committed, 1152M reserved
[2026-04-03T02:21:58.509+0600][69.517s][info][gc,ref      ] GC(182) Soft: 3391 encountered, 0 discovered, 0 enqueued
[2026-04-03T02:21:58.509+0600][69.517s][info][gc,ref      ] GC(182) Weak: 15293 encountered, 4443 discovered, 780 enqueued
[2026-04-03T02:21:58.509+0600][69.517s][info][gc,ref      ] GC(182) Final: 84 encountered, 0 discovered, 0 enqueued
[2026-04-03T02:21:58.509+0600][69.517s][info][gc,ref      ] GC(182) Phantom: 620 encountered, 505 discovered, 0 enqueued
[2026-04-03T02:21:58.509+0600][69.517s][info][gc,reloc    ] GC(182) Small Pages: 164 / 328M, Empty: 108M, Relocated: 5M, In-Place: 0
[2026-04-03T02:21:58.509+0600][69.517s][info][gc,reloc    ] GC(182) Medium Pages: 3 / 48M, Empty: 32M, Relocated: 0M, In-Place: 0
[2026-04-03T02:21:58.509+0600][69.517s][info][gc,reloc    ] GC(182) Large Pages: 70 / 418M, Empty: 414M, Relocated: 0M, In-Place: 0
[2026-04-03T02:21:58.509+0600][69.517s][info][gc,reloc    ] GC(182) Forwarding Usage: 1M
[2026-04-03T02:21:58.509+0600][69.517s][info][gc,heap     ] GC(182) Min Capacity: 8M(1%)
[2026-04-03T02:21:58.509+0600][69.517s][info][gc,heap     ] GC(182) Max Capacity: 1000M(100%)
[2026-04-03T02:21:58.509+0600][69.517s][info][gc,heap     ] GC(182) Soft Max Capacity: 1000M(100%)
[2026-04-03T02:21:58.509+0600][69.517s][info][gc,heap     ] GC(182)                Mark Start          Mark End        Relocate Start      Relocate End           High               Low         
[2026-04-03T02:21:58.509+0600][69.517s][info][gc,heap     ] GC(182)  Capacity:     1000M (100%)       1000M (100%)       1000M (100%)       1000M (100%)       1000M (100%)       1000M (100%)   
[2026-04-03T02:21:58.509+0600][69.517s][info][gc,heap     ] GC(182)      Free:      206M (21%)           0M (0%)          518M (52%)         526M (53%)         598M (60%)           0M (0%)     
[2026-04-03T02:21:58.509+0600][69.517s][info][gc,heap     ] GC(182)      Used:      794M (79%)        1000M (100%)        482M (48%)         474M (47%)        1000M (100%)        402M (40%)    
[2026-04-03T02:21:58.509+0600][69.517s][info][gc,heap     ] GC(182)      Live:         -               107M (11%)         107M (11%)         107M (11%)            -                  -          
[2026-04-03T02:21:58.509+0600][69.517s][info][gc,heap     ] GC(182) Allocated:         -               206M (21%)         242M (24%)         339M (34%)            -                  -          
[2026-04-03T02:21:58.509+0600][69.517s][info][gc,heap     ] GC(182)   Garbage:         -               686M (69%)         132M (13%)          26M (3%)             -                  -          
[2026-04-03T02:21:58.509+0600][69.517s][info][gc,heap     ] GC(182) Reclaimed:         -                  -               554M (55%)         659M (66%)            -                  -          
[2026-04-03T02:21:58.509+0600][69.517s][info][gc          ] GC(182) Garbage Collection (Allocation Rate) 794M(79%)->474M(47%)
[2026-04-03T02:21:58.596+0600][69.604s][info][gc,start    ] GC(183) Garbage Collection (Allocation Stall)
[2026-04-03T02:21:58.596+0600][69.604s][info][gc,ref      ] GC(183) Clearing All SoftReferences
[2026-04-03T02:21:58.596+0600][69.604s][info][gc,task     ] GC(183) Using 3 workers
[2026-04-03T02:21:58.596+0600][69.604s][info][gc,ref      ] GC(183) Clearing All SoftReferences
[2026-04-03T02:21:58.596+0600][69.604s][info][gc,phases   ] GC(183) Pause Mark Start 0.047ms
[2026-04-03T02:21:58.702+0600][69.710s][info][gc,phases   ] GC(183) Concurrent Mark 105.882ms
[2026-04-03T02:21:58.703+0600][69.711s][info][gc,phases   ] GC(183) Pause Mark End 0.041ms
[2026-04-03T02:21:58.703+0600][69.711s][info][gc,phases   ] GC(183) Concurrent Mark Free 0.004ms
[2026-04-03T02:21:58.755+0600][69.763s][info][gc,phases   ] GC(183) Concurrent Process Non-Strong References 51.560ms
[2026-04-03T02:21:58.755+0600][69.763s][info][gc,phases   ] GC(183) Concurrent Reset Relocation Set 0.014ms
[2026-04-03T02:21:58.759+0600][69.767s][info][gc,phases   ] GC(183) Concurrent Select Relocation Set 3.563ms
[2026-04-03T02:21:58.759+0600][69.767s][info][gc,phases   ] GC(183) Pause Relocate Start 0.016ms
[2026-04-03T02:21:58.766+0600][69.774s][info][gc,phases   ] GC(183) Concurrent Relocate 7.106ms
[2026-04-03T02:21:58.766+0600][69.774s][info][gc,load     ] GC(183) Load: 7.47/6.54/5.98
[2026-04-03T02:21:58.766+0600][69.774s][info][gc,mmu      ] GC(183) MMU: 2ms/90.1%, 5ms/96.1%, 10ms/98.0%, 20ms/99.0%, 50ms/99.6%, 100ms/99.7%
[2026-04-03T02:21:58.766+0600][69.774s][info][gc,marking  ] GC(183) Mark: 2 stripe(s), 2 proactive flush(es), 1 terminate flush(es), 0 completion(s), 0 continuation(s) 
[2026-04-03T02:21:58.766+0600][69.774s][info][gc,marking  ] GC(183) Mark Stack Usage: 32M
[2026-04-03T02:21:58.766+0600][69.774s][info][gc,nmethod  ] GC(183) NMethods: 15197 registered, 2220 unregistered
[2026-04-03T02:21:58.766+0600][69.774s][info][gc,metaspace] GC(183) Metaspace: 128M used, 129M committed, 1152M reserved
[2026-04-03T02:21:58.766+0600][69.774s][info][gc,ref      ] GC(183) Soft: 3363 encountered, 724 discovered, 115 enqueued
[2026-04-03T02:21:58.766+0600][69.774s][info][gc,ref      ] GC(183) Weak: 14706 encountered, 4700 discovered, 179 enqueued
[2026-04-03T02:21:58.766+0600][69.774s][info][gc,ref      ] GC(183) Final: 84 encountered, 0 discovered, 0 enqueued
[2026-04-03T02:21:58.766+0600][69.774s][info][gc,ref      ] GC(183) Phantom: 620 encountered, 406 discovered, 0 enqueued
[2026-04-03T02:21:58.766+0600][69.775s][info][gc,reloc    ] GC(183) Small Pages: 135 / 270M, Empty: 16M, Relocated: 8M, In-Place: 0
[2026-04-03T02:21:58.766+0600][69.775s][info][gc,reloc    ] GC(183) Medium Pages: 2 / 32M, Empty: 0M, Relocated: 6M, In-Place: 0
[2026-04-03T02:21:58.766+0600][69.775s][info][gc,reloc    ] GC(183) Large Pages: 68 / 406M, Empty: 402M, Relocated: 0M, In-Place: 0
[2026-04-03T02:21:58.766+0600][69.775s][info][gc,reloc    ] GC(183) Forwarding Usage: 2M
[2026-04-03T02:21:58.766+0600][69.775s][info][gc,heap     ] GC(183) Min Capacity: 8M(1%)
[2026-04-03T02:21:58.766+0600][69.775s][info][gc,heap     ] GC(183) Max Capacity: 1000M(100%)
[2026-04-03T02:21:58.767+0600][69.775s][info][gc,heap     ] GC(183) Soft Max Capacity: 1000M(100%)
[2026-04-03T02:21:58.767+0600][69.775s][info][gc,heap     ] GC(183)                Mark Start          Mark End        Relocate Start      Relocate End           High               Low         
[2026-04-03T02:21:58.767+0600][69.775s][info][gc,heap     ] GC(183)  Capacity:     1000M (100%)       1000M (100%)       1000M (100%)       1000M (100%)       1000M (100%)       1000M (100%)   
[2026-04-03T02:21:58.767+0600][69.775s][info][gc,heap     ] GC(183)      Free:      292M (29%)         208M (21%)         592M (59%)         744M (74%)         744M (74%)         110M (11%)    
[2026-04-03T02:21:58.767+0600][69.775s][info][gc,heap     ] GC(183)      Used:      708M (71%)         792M (79%)         408M (41%)         256M (26%)         890M (89%)         256M (26%)    
[2026-04-03T02:21:58.767+0600][69.775s][info][gc,heap     ] GC(183)      Live:         -               109M (11%)         109M (11%)         109M (11%)            -                  -          
[2026-04-03T02:21:58.767+0600][69.775s][info][gc,heap     ] GC(183) Allocated:         -                84M (8%)          118M (12%)         119M (12%)            -                  -          
[2026-04-03T02:21:58.767+0600][69.775s][info][gc,heap     ] GC(183)   Garbage:         -               598M (60%)         180M (18%)          26M (3%)             -                  -          
[2026-04-03T02:21:58.767+0600][69.775s][info][gc,heap     ] GC(183) Reclaimed:         -                  -               418M (42%)         571M (57%)            -                  -          
[2026-04-03T02:21:58.767+0600][69.775s][info][gc          ] GC(183) Garbage Collection (Allocation Stall) 708M(71%)->256M(26%)
[2026-04-03T02:21:58.796+0600][69.804s][info][gc,start    ] GC(184) Garbage Collection (Allocation Rate)
[2026-04-03T02:21:58.796+0600][69.804s][info][gc,task     ] GC(184) Using 3 workers
[2026-04-03T02:21:58.796+0600][69.804s][info][gc,phases   ] GC(184) Pause Mark Start 0.009ms
[2026-04-03T02:21:58.868+0600][69.876s][info][gc,phases   ] GC(184) Concurrent Mark 71.261ms
[2026-04-03T02:21:58.868+0600][69.876s][info][gc,phases   ] GC(184) Pause Mark End 0.031ms
[2026-04-03T02:21:58.868+0600][69.876s][info][gc,phases   ] GC(184) Concurrent Mark Free 0.002ms
[2026-04-03T02:21:58.899+0600][69.907s][info][gc,phases   ] GC(184) Concurrent Process Non-Strong References 31.190ms
[2026-04-03T02:21:58.899+0600][69.908s][info][gc,phases   ] GC(184) Concurrent Reset Relocation Set 0.009ms
[2026-04-03T02:21:58.902+0600][69.911s][info][gc,phases   ] GC(184) Concurrent Select Relocation Set 2.996ms
[2026-04-03T02:21:58.903+0600][69.911s][info][gc,phases   ] GC(184) Pause Relocate Start 0.013ms
[2026-04-03T02:21:58.905+0600][69.914s][info][gc,phases   ] GC(184) Concurrent Relocate 2.560ms
[2026-04-03T02:21:58.906+0600][69.914s][info][gc,load     ] GC(184) Load: 7.47/6.54/5.98
[2026-04-03T02:21:58.906+0600][69.914s][info][gc,mmu      ] GC(184) MMU: 2ms/90.1%, 5ms/96.1%, 10ms/98.0%, 20ms/99.0%, 50ms/99.6%, 100ms/99.7%
[2026-04-03T02:21:58.906+0600][69.914s][info][gc,marking  ] GC(184) Mark: 2 stripe(s), 2 proactive flush(es), 1 terminate flush(es), 0 completion(s), 0 continuation(s) 
[2026-04-03T02:21:58.906+0600][69.914s][info][gc,marking  ] GC(184) Mark Stack Usage: 32M
[2026-04-03T02:21:58.906+0600][69.914s][info][gc,nmethod  ] GC(184) NMethods: 15192 registered, 2225 unregistered
[2026-04-03T02:21:58.906+0600][69.914s][info][gc,metaspace] GC(184) Metaspace: 127M used, 129M committed, 1152M reserved
[2026-04-03T02:21:58.906+0600][69.914s][info][gc,ref      ] GC(184) Soft: 3253 encountered, 0 discovered, 0 enqueued
[2026-04-03T02:21:58.906+0600][69.914s][info][gc,ref      ] GC(184) Weak: 14645 encountered, 5435 discovered, 433 enqueued
[2026-04-03T02:21:58.906+0600][69.914s][info][gc,ref      ] GC(184) Final: 84 encountered, 0 discovered, 0 enqueued
[2026-04-03T02:21:58.906+0600][69.914s][info][gc,ref      ] GC(184) Phantom: 620 encountered, 476 discovered, 0 enqueued
[2026-04-03T02:21:58.906+0600][69.914s][info][gc,reloc    ] GC(184) Small Pages: 98 / 196M, Empty: 0M, Relocated: 4M, In-Place: 0
[2026-04-03T02:21:58.906+0600][69.914s][info][gc,reloc    ] GC(184) Medium Pages: 3 / 48M, Empty: 32M, Relocated: 0M, In-Place: 0
[2026-04-03T02:21:58.906+0600][69.914s][info][gc,reloc    ] GC(184) Large Pages: 5 / 28M, Empty: 24M, Relocated: 0M, In-Place: 0
[2026-04-03T02:21:58.906+0600][69.914s][info][gc,reloc    ] GC(184) Forwarding Usage: 1M
[2026-04-03T02:21:58.906+0600][69.914s][info][gc,heap     ] GC(184) Min Capacity: 8M(1%)
[2026-04-03T02:21:58.906+0600][69.914s][info][gc,heap     ] GC(184) Max Capacity: 1000M(100%)
[2026-04-03T02:21:58.906+0600][69.914s][info][gc,heap     ] GC(184) Soft Max Capacity: 1000M(100%)
[2026-04-03T02:21:58.906+0600][69.914s][info][gc,heap     ] GC(184)                Mark Start          Mark End        Relocate Start      Relocate End           High               Low         
[2026-04-03T02:21:58.906+0600][69.914s][info][gc,heap     ] GC(184)  Capacity:     1000M (100%)       1000M (100%)       1000M (100%)       1000M (100%)       1000M (100%)       1000M (100%)   
[2026-04-03T02:21:58.906+0600][69.914s][info][gc,heap     ] GC(184)      Free:      728M (73%)         692M (69%)         720M (72%)         802M (80%)         802M (80%)         664M (66%)    
[2026-04-03T02:21:58.906+0600][69.914s][info][gc,heap     ] GC(184)      Used:      272M (27%)         308M (31%)         280M (28%)         198M (20%)         336M (34%)         198M (20%)    
[2026-04-03T02:21:58.906+0600][69.914s][info][gc,heap     ] GC(184)      Live:         -               105M (11%)         105M (11%)         105M (11%)            -                  -          
[2026-04-03T02:21:58.906+0600][69.914s][info][gc,heap     ] GC(184) Allocated:         -                36M (4%)           64M (6%)           67M (7%)             -                  -          
[2026-04-03T02:21:58.906+0600][69.914s][info][gc,heap     ] GC(184)   Garbage:         -               166M (17%)         110M (11%)          24M (2%)             -                  -          
[2026-04-03T02:21:58.906+0600][69.914s][info][gc,heap     ] GC(184) Reclaimed:         -                  -                56M (6%)          141M (14%)            -                  -          
[2026-04-03T02:21:58.906+0600][69.914s][info][gc          ] GC(184) Garbage Collection (Allocation Rate) 272M(27%)->198M(20%)
[2026-04-03T02:21:58.995+0600][70.003s][info][gc,start    ] GC(185) Garbage Collection (Allocation Rate)
[2026-04-03T02:21:58.995+0600][70.003s][info][gc,task     ] GC(185) Using 3 workers
[2026-04-03T02:21:58.996+0600][70.004s][info][gc,phases   ] GC(185) Pause Mark Start 0.020ms
[2026-04-03T02:21:59.068+0600][70.076s][info][gc,phases   ] GC(185) Concurrent Mark 72.588ms
[2026-04-03T02:21:59.069+0600][70.077s][info][gc,phases   ] GC(185) Pause Mark End 0.029ms
[2026-04-03T02:21:59.069+0600][70.077s][info][gc,phases   ] GC(185) Concurrent Mark Free 0.036ms
[2026-04-03T02:21:59.083+0600][70.091s][info][gc,phases   ] GC(185) Concurrent Process Non-Strong References 14.373ms
[2026-04-03T02:21:59.083+0600][70.091s][info][gc,phases   ] GC(185) Concurrent Reset Relocation Set 0.004ms
[2026-04-03T02:21:59.086+0600][70.094s][info][gc,phases   ] GC(185) Concurrent Select Relocation Set 2.678ms
[2026-04-03T02:21:59.086+0600][70.094s][info][gc,phases   ] GC(185) Pause Relocate Start 0.011ms
[2026-04-03T02:21:59.088+0600][70.096s][info][gc,phases   ] GC(185) Concurrent Relocate 1.370ms
[2026-04-03T02:21:59.088+0600][70.096s][info][gc,load     ] GC(185) Load: 7.47/6.54/5.98
[2026-04-03T02:21:59.088+0600][70.096s][info][gc,mmu      ] GC(185) MMU: 2ms/90.1%, 5ms/96.1%, 10ms/98.0%, 20ms/99.0%, 50ms/99.6%, 100ms/99.7%
[2026-04-03T02:21:59.088+0600][70.096s][info][gc,marking  ] GC(185) Mark: 2 stripe(s), 2 proactive flush(es), 1 terminate flush(es), 0 completion(s), 0 continuation(s) 
[2026-04-03T02:21:59.088+0600][70.096s][info][gc,marking  ] GC(185) Mark Stack Usage: 32M
[2026-04-03T02:21:59.088+0600][70.096s][info][gc,nmethod  ] GC(185) NMethods: 15193 registered, 2228 unregistered
[2026-04-03T02:21:59.088+0600][70.096s][info][gc,metaspace] GC(185) Metaspace: 128M used, 129M committed, 1152M reserved
[2026-04-03T02:21:59.088+0600][70.096s][info][gc,ref      ] GC(185) Soft: 3253 encountered, 0 discovered, 0 enqueued
[2026-04-03T02:21:59.088+0600][70.096s][info][gc,ref      ] GC(185) Weak: 14212 encountered, 3867 discovered, 5 enqueued
[2026-04-03T02:21:59.088+0600][70.096s][info][gc,ref      ] GC(185) Final: 84 encountered, 0 discovered, 0 enqueued
[2026-04-03T02:21:59.088+0600][70.096s][info][gc,ref      ] GC(185) Phantom: 620 encountered, 506 discovered, 0 enqueued
[2026-04-03T02:21:59.088+0600][70.096s][info][gc,reloc    ] GC(185) Small Pages: 117 / 234M, Empty: 14M, Relocated: 1M, In-Place: 0
[2026-04-03T02:21:59.088+0600][70.096s][info][gc,reloc    ] GC(185) Medium Pages: 1 / 16M, Empty: 0M, Relocated: 0M, In-Place: 0
[2026-04-03T02:21:59.088+0600][70.096s][info][gc,reloc    ] GC(185) Large Pages: 1 / 4M, Empty: 0M, Relocated: 0M, In-Place: 0
[2026-04-03T02:21:59.088+0600][70.096s][info][gc,reloc    ] GC(185) Forwarding Usage: 0M
[2026-04-03T02:21:59.088+0600][70.096s][info][gc,heap     ] GC(185) Min Capacity: 8M(1%)
[2026-04-03T02:21:59.088+0600][70.096s][info][gc,heap     ] GC(185) Max Capacity: 1000M(100%)
[2026-04-03T02:21:59.088+0600][70.096s][info][gc,heap     ] GC(185) Soft Max Capacity: 1000M(100%)
[2026-04-03T02:21:59.088+0600][70.096s][info][gc,heap     ] GC(185)                Mark Start          Mark End        Relocate Start      Relocate End           High               Low         
[2026-04-03T02:21:59.088+0600][70.096s][info][gc,heap     ] GC(185)  Capacity:     1000M (100%)       1000M (100%)       1000M (100%)       1000M (100%)       1000M (100%)       1000M (100%)   
[2026-04-03T02:21:59.088+0600][70.096s][info][gc,heap     ] GC(185)      Free:      746M (75%)         708M (71%)         716M (72%)         804M (80%)         820M (82%)         702M (70%)    
[2026-04-03T02:21:59.088+0600][70.096s][info][gc,heap     ] GC(185)      Used:      254M (25%)         292M (29%)         284M (28%)         196M (20%)         298M (30%)         180M (18%)    
[2026-04-03T02:21:59.088+0600][70.096s][info][gc,heap     ] GC(185)      Live:         -               105M (11%)         105M (11%)         105M (11%)            -                  -          
[2026-04-03T02:21:59.088+0600][70.096s][info][gc,heap     ] GC(185) Allocated:         -                38M (4%)           44M (4%)           62M (6%)             -                  -          
[2026-04-03T02:21:59.088+0600][70.096s][info][gc,heap     ] GC(185)   Garbage:         -               148M (15%)         134M (13%)          28M (3%)             -                  -          
[2026-04-03T02:21:59.088+0600][70.096s][info][gc,heap     ] GC(185) Reclaimed:         -                  -                14M (1%)          120M (12%)            -                  -          
[2026-04-03T02:21:59.088+0600][70.096s][info][gc          ] GC(185) Garbage Collection (Allocation Rate) 254M(25%)->196M(20%)
[2026-04-03T02:21:59.096+0600][70.104s][info][gc,start    ] GC(186) Garbage Collection (Allocation Rate)
[2026-04-03T02:21:59.096+0600][70.104s][info][gc,task     ] GC(186) Using 3 workers
[2026-04-03T02:21:59.096+0600][70.104s][info][gc,phases   ] GC(186) Pause Mark Start 0.008ms
[2026-04-03T02:21:59.096+0600][70.104s][info][gc,stats    ] === Garbage Collection Statistics =======================================================================================================================
[2026-04-03T02:21:59.096+0600][70.104s][info][gc,stats    ]                                                              Last 10s              Last 10m              Last 10h                Total
[2026-04-03T02:21:59.096+0600][70.104s][info][gc,stats    ]                                                              Avg / Max             Avg / Max             Avg / Max             Avg / Max
[2026-04-03T02:21:59.096+0600][70.104s][info][gc,stats    ]   Collector: Garbage Collection Cycle                    145.195 / 236.295     149.553 / 338.081     149.553 / 338.081     149.553 / 338.081     ms
[2026-04-03T02:21:59.096+0600][70.104s][info][gc,stats    ]  Contention: Mark Segment Reset Contention                    45 / 172              24 / 173              24 / 173              24 / 173         ops/s
[2026-04-03T02:21:59.096+0600][70.104s][info][gc,stats    ]  Contention: Mark SeqNum Reset Contention                      1 / 2                 0 / 3                 0 / 3                 0 / 3           ops/s
[2026-04-03T02:21:59.096+0600][70.104s][info][gc,stats    ]    Critical: Allocation Stall                                  1 / 4                 0 / 7                 0 / 7                 0 / 7           ops/s
[2026-04-03T02:21:59.096+0600][70.104s][info][gc,stats    ]    Critical: Allocation Stall                             30.670 / 55.877       29.470 / 72.319       29.470 / 72.319       29.470 / 72.319      ms
[2026-04-03T02:21:59.096+0600][70.104s][info][gc,stats    ]    Critical: GC Locker Stall                                   2 / 4                 1 / 4                 1 / 4                 1 / 4           ops/s
[2026-04-03T02:21:59.096+0600][70.104s][info][gc,stats    ]    Critical: GC Locker Stall                               0.023 / 0.117         0.027 / 0.204         0.027 / 0.204         0.027 / 0.204       ms
[2026-04-03T02:21:59.096+0600][70.104s][info][gc,stats    ]    Critical: Relocation Stall                                  0 / 0                 0 / 0                 0 / 0                 0 / 0           ops/s
[2026-04-03T02:21:59.096+0600][70.104s][info][gc,stats    ]    Critical: Relocation Stall                              0.000 / 0.000         0.000 / 0.000         0.000 / 0.000         0.000 / 0.000       ms
[2026-04-03T02:21:59.096+0600][70.104s][info][gc,stats    ]      Memory: Allocation Rate                                1407 / 1922            891 / 1922            891 / 1922            891 / 1922        MB/s
[2026-04-03T02:21:59.096+0600][70.104s][info][gc,stats    ]      Memory: Defragment                                       34 / 85               26 / 126              26 / 126              26 / 126         ops/s
[2026-04-03T02:21:59.096+0600][70.104s][info][gc,stats    ]      Memory: Out Of Memory                                     0 / 0                 0 / 0                 0 / 0                 0 / 0           ops/s
[2026-04-03T02:21:59.096+0600][70.104s][info][gc,stats    ]      Memory: Page Cache Flush                                211 / 378             135 / 588             135 / 588             135 / 588         MB/s
[2026-04-03T02:21:59.096+0600][70.104s][info][gc,stats    ]      Memory: Page Cache Hit L1                               454 / 522             292 / 534             292 / 534             292 / 534         ops/s
[2026-04-03T02:21:59.096+0600][70.104s][info][gc,stats    ]      Memory: Page Cache Hit L2                                 0 / 0                 0 / 0                 0 / 0                 0 / 0           ops/s
[2026-04-03T02:21:59.096+0600][70.104s][info][gc,stats    ]      Memory: Page Cache Hit L3                                28 / 70               21 / 98               21 / 98               21 / 98          ops/s
[2026-04-03T02:21:59.096+0600][70.104s][info][gc,stats    ]      Memory: Page Cache Miss                                  17 / 46               13 / 98               13 / 98               13 / 98          ops/s
[2026-04-03T02:21:59.096+0600][70.104s][info][gc,stats    ]      Memory: Uncommit                                          0 / 0                 0 / 0                 0 / 0                 0 / 0           MB/s
[2026-04-03T02:21:59.096+0600][70.104s][info][gc,stats    ]      Memory: Undo Object Allocation Failed                     0 / 0                 0 / 0                 0 / 0                 0 / 0           ops/s
[2026-04-03T02:21:59.096+0600][70.104s][info][gc,stats    ]      Memory: Undo Object Allocation Succeeded                 56 / 495              23 / 565              23 / 565              23 / 565         ops/s
[2026-04-03T02:21:59.096+0600][70.104s][info][gc,stats    ]      Memory: Undo Page Allocation                              3 / 10                1 / 10                1 / 10                1 / 10          ops/s
[2026-04-03T02:21:59.096+0600][70.104s][info][gc,stats    ]       Phase: Concurrent Mark                             107.455 / 185.538     111.318 / 204.527     111.318 / 204.527     111.318 / 204.527     ms
[2026-04-03T02:21:59.096+0600][70.104s][info][gc,stats    ]       Phase: Concurrent Mark Continue                      0.000 / 0.000         0.000 / 0.000         0.000 / 0.000         0.000 / 0.000       ms
[2026-04-03T02:21:59.096+0600][70.104s][info][gc,stats    ]       Phase: Concurrent Mark Free                          0.003 / 0.036         0.003 / 0.036         0.003 / 0.036         0.003 / 0.036       ms
[2026-04-03T02:21:59.096+0600][70.104s][info][gc,stats    ]       Phase: Concurrent Process Non-Strong References     26.666 / 52.025       25.602 / 67.924       25.602 / 67.924       25.602 / 67.924      ms
[2026-04-03T02:21:59.096+0600][70.104s][info][gc,stats    ]       Phase: Concurrent Relocate                           5.219 / 11.042        6.118 / 97.082        6.118 / 97.082        6.118 / 97.082      ms
[2026-04-03T02:21:59.096+0600][70.104s][info][gc,stats    ]       Phase: Concurrent Reset Relocation Set               0.012 / 0.030         0.012 / 0.063         0.012 / 0.063         0.012 / 0.063       ms
[2026-04-03T02:21:59.096+0600][70.104s][info][gc,stats    ]       Phase: Concurrent Select Relocation Set              3.985 / 6.574         4.310 / 19.584        4.310 / 19.584        4.310 / 19.584      ms
[2026-04-03T02:21:59.096+0600][70.104s][info][gc,stats    ]       Phase: Pause Mark End                                0.041 / 0.131         0.041 / 0.163         0.041 / 0.163         0.041 / 0.163       ms
[2026-04-03T02:21:59.096+0600][70.104s][info][gc,stats    ]       Phase: Pause Mark Start                              0.017 / 0.059         0.018 / 0.094         0.018 / 0.094         0.018 / 0.094       ms
[2026-04-03T02:21:59.096+0600][70.104s][info][gc,stats    ]       Phase: Pause Relocate Start                          0.016 / 0.034         0.019 / 0.197         0.019 / 0.197         0.019 / 0.197       ms
[2026-04-03T02:21:59.096+0600][70.104s][info][gc,stats    ]    Subphase: Concurrent Classes Purge                      0.096 / 0.464         0.152 / 2.956         0.152 / 2.956         0.152 / 2.956       ms
[2026-04-03T02:21:59.096+0600][70.104s][info][gc,stats    ]    Subphase: Concurrent Classes Unlink                    23.636 / 48.901       22.188 / 63.623       22.188 / 63.623       22.188 / 63.623      ms
[2026-04-03T02:21:59.096+0600][70.104s][info][gc,stats    ]    Subphase: Concurrent Mark                             104.350 / 182.775     105.468 / 200.727     105.468 / 200.727     105.468 / 200.727     ms
[2026-04-03T02:21:59.096+0600][70.104s][info][gc,stats    ]    Subphase: Concurrent Mark Try Flush                     0.374 / 3.400         0.426 / 4.495         0.426 / 4.495         0.426 / 4.495       ms
[2026-04-03T02:21:59.096+0600][70.104s][info][gc,stats    ]    Subphase: Concurrent Mark Try Terminate                 0.808 / 4.309         0.786 / 4.309         0.786 / 4.309         0.786 / 4.309       ms
[2026-04-03T02:21:59.096+0600][70.104s][info][gc,stats    ]    Subphase: Concurrent References Enqueue                 0.009 / 0.021         0.010 / 0.025         0.010 / 0.025         0.010 / 0.025       ms
[2026-04-03T02:21:59.096+0600][70.104s][info][gc,stats    ]    Subphase: Concurrent References Process                 0.643 / 1.144         0.734 / 3.978         0.734 / 3.978         0.734 / 3.978       ms
[2026-04-03T02:21:59.096+0600][70.104s][info][gc,stats    ]    Subphase: Concurrent Roots ClassLoaderDataGraph         0.366 / 0.989         0.392 / 1.863         0.392 / 1.863         0.392 / 1.863       ms
[2026-04-03T02:21:59.096+0600][70.104s][info][gc,stats    ]    Subphase: Concurrent Roots CodeCache                    0.000 / 0.000         0.000 / 0.000         0.000 / 0.000         0.000 / 0.000       ms
[2026-04-03T02:21:59.096+0600][70.104s][info][gc,stats    ]    Subphase: Concurrent Roots JavaThreads                  0.995 / 3.628         1.261 / 8.872         1.261 / 8.872         1.261 / 8.872       ms
[2026-04-03T02:21:59.096+0600][70.104s][info][gc,stats    ]    Subphase: Concurrent Roots OopStorageSet                0.076 / 0.183         0.089 / 2.356         0.089 / 2.356         0.089 / 2.356       ms
[2026-04-03T02:21:59.096+0600][70.105s][info][gc,stats    ]    Subphase: Concurrent Weak Roots OopStorageSet           1.298 / 2.610         1.400 / 3.609         1.400 / 3.609         1.400 / 3.609       ms
[2026-04-03T02:21:59.096+0600][70.105s][info][gc,stats    ]    Subphase: Pause Mark Try Complete                       0.003 / 0.005         0.004 / 0.028         0.004 / 0.028         0.004 / 0.028       ms
[2026-04-03T02:21:59.096+0600][70.105s][info][gc,stats    ]      System: Java Threads                                    287 / 291             272 / 292             272 / 292             272 / 292         threads
[2026-04-03T02:21:59.096+0600][70.105s][info][gc,stats    ] =========================================================================================================================================================
[2026-04-03T02:21:59.221+0600][70.229s][info][gc,phases   ] GC(186) Concurrent Mark 125.144ms
[2026-04-03T02:21:59.221+0600][70.229s][info][gc,phases   ] GC(186) Pause Mark End 0.031ms
[2026-04-03T02:21:59.222+0600][70.230s][info][gc,phases   ] GC(186) Concurrent Mark Free 0.001ms
[2026-04-03T02:21:59.244+0600][70.252s][info][gc,phases   ] GC(186) Concurrent Process Non-Strong References 22.366ms
[2026-04-03T02:21:59.244+0600][70.252s][info][gc,phases   ] GC(186) Concurrent Reset Relocation Set 0.011ms
[2026-04-03T02:21:59.249+0600][70.257s][info][gc,phases   ] GC(186) Concurrent Select Relocation Set 5.080ms
[2026-04-03T02:21:59.250+0600][70.258s][info][gc,phases   ] GC(186) Pause Relocate Start 0.024ms
[2026-04-03T02:21:59.254+0600][70.262s][info][gc,phases   ] GC(186) Concurrent Relocate 3.913ms
[2026-04-03T02:21:59.254+0600][70.262s][info][gc,load     ] GC(186) Load: 7.47/6.54/5.98
[2026-04-03T02:21:59.254+0600][70.262s][info][gc,mmu      ] GC(186) MMU: 2ms/90.1%, 5ms/96.1%, 10ms/98.0%, 20ms/99.0%, 50ms/99.6%, 100ms/99.7%
[2026-04-03T02:21:59.254+0600][70.262s][info][gc,marking  ] GC(186) Mark: 2 stripe(s), 2 proactive flush(es), 1 terminate flush(es), 0 completion(s), 0 continuation(s) 
[2026-04-03T02:21:59.254+0600][70.262s][info][gc,marking  ] GC(186) Mark Stack Usage: 32M
[2026-04-03T02:21:59.254+0600][70.262s][info][gc,nmethod  ] GC(186) NMethods: 15199 registered, 2229 unregistered
[2026-04-03T02:21:59.254+0600][70.262s][info][gc,metaspace] GC(186) Metaspace: 128M used, 129M committed, 1152M reserved
[2026-04-03T02:21:59.254+0600][70.262s][info][gc,ref      ] GC(186) Soft: 3274 encountered, 0 discovered, 0 enqueued
[2026-04-03T02:21:59.254+0600][70.262s][info][gc,ref      ] GC(186) Weak: 14148 encountered, 3897 discovered, 11 enqueued
[2026-04-03T02:21:59.254+0600][70.262s][info][gc,ref      ] GC(186) Final: 84 encountered, 1 discovered, 0 enqueued
[2026-04-03T02:21:59.254+0600][70.262s][info][gc,ref      ] GC(186) Phantom: 620 encountered, 502 discovered, 0 enqueued
[2026-04-03T02:21:59.254+0600][70.262s][info][gc,reloc    ] GC(186) Small Pages: 82 / 164M, Empty: 4M, Relocated: 1M, In-Place: 0
[2026-04-03T02:21:59.254+0600][70.262s][info][gc,reloc    ] GC(186) Medium Pages: 2 / 32M, Empty: 16M, Relocated: 0M, In-Place: 0
[2026-04-03T02:21:59.254+0600][70.262s][info][gc,reloc    ] GC(186) Large Pages: 1 / 4M, Empty: 0M, Relocated: 0M, In-Place: 0
[2026-04-03T02:21:59.254+0600][70.262s][info][gc,reloc    ] GC(186) Forwarding Usage: 0M
[2026-04-03T02:21:59.254+0600][70.262s][info][gc,heap     ] GC(186) Min Capacity: 8M(1%)
[2026-04-03T02:21:59.254+0600][70.262s][info][gc,heap     ] GC(186) Max Capacity: 1000M(100%)
[2026-04-03T02:21:59.254+0600][70.262s][info][gc,heap     ] GC(186) Soft Max Capacity: 1000M(100%)
[2026-04-03T02:21:59.254+0600][70.262s][info][gc,heap     ] GC(186)                Mark Start          Mark End        Relocate Start      Relocate End           High               Low         
[2026-04-03T02:21:59.254+0600][70.262s][info][gc,heap     ] GC(186)  Capacity:     1000M (100%)       1000M (100%)       1000M (100%)       1000M (100%)       1000M (100%)       1000M (100%)   
[2026-04-03T02:21:59.254+0600][70.262s][info][gc,heap     ] GC(186)      Free:      800M (80%)         646M (65%)         628M (63%)         674M (67%)         800M (80%)         608M (61%)    
[2026-04-03T02:21:59.254+0600][70.262s][info][gc,heap     ] GC(186)      Used:      200M (20%)         354M (35%)         372M (37%)         326M (33%)         392M (39%)         200M (20%)    
[2026-04-03T02:21:59.254+0600][70.262s][info][gc,heap     ] GC(186)      Live:         -               105M (11%)         105M (11%)         105M (11%)            -                  -          
[2026-04-03T02:21:59.254+0600][70.262s][info][gc,heap     ] GC(186) Allocated:         -               154M (15%)         192M (19%)         191M (19%)            -                  -          
[2026-04-03T02:21:59.254+0600][70.262s][info][gc,heap     ] GC(186)   Garbage:         -                94M (9%)           74M (7%)           28M (3%)             -                  -          
[2026-04-03T02:21:59.254+0600][70.262s][info][gc,heap     ] GC(186) Reclaimed:         -                  -                20M (2%)           65M (7%)             -                  -          
[2026-04-03T02:21:59.254+0600][70.262s][info][gc          ] GC(186) Garbage Collection (Allocation Rate) 200M(20%)->326M(33%)
[2026-04-03T02:21:59.296+0600][70.304s][info][gc,start    ] GC(187) Garbage Collection (Allocation Rate)
[2026-04-03T02:21:59.296+0600][70.304s][info][gc,task     ] GC(187) Using 3 workers
[2026-04-03T02:21:59.296+0600][70.304s][info][gc,phases   ] GC(187) Pause Mark Start 0.014ms
[2026-04-03T02:21:59.395+0600][70.403s][info][gc,phases   ] GC(187) Concurrent Mark 99.040ms
[2026-04-03T02:21:59.396+0600][70.404s][info][gc,phases   ] GC(187) Pause Mark End 0.040ms
[2026-04-03T02:21:59.396+0600][70.404s][info][gc,phases   ] GC(187) Concurrent Mark Free 0.002ms
[2026-04-03T02:21:59.414+0600][70.422s][info][gc,phases   ] GC(187) Concurrent Process Non-Strong References 18.372ms
[2026-04-03T02:21:59.414+0600][70.422s][info][gc,phases   ] GC(187) Concurrent Reset Relocation Set 0.004ms
[2026-04-03T02:21:59.420+0600][70.428s][info][gc,phases   ] GC(187) Concurrent Select Relocation Set 5.263ms
[2026-04-03T02:21:59.420+0600][70.428s][info][gc,phases   ] GC(187) Pause Relocate Start 0.017ms
[2026-04-03T02:21:59.425+0600][70.434s][info][gc,phases   ] GC(187) Concurrent Relocate 5.445ms
[2026-04-03T02:21:59.426+0600][70.434s][info][gc,load     ] GC(187) Load: 7.47/6.54/5.98
[2026-04-03T02:21:59.426+0600][70.434s][info][gc,mmu      ] GC(187) MMU: 2ms/90.1%, 5ms/96.1%, 10ms/98.0%, 20ms/99.0%, 50ms/99.6%, 100ms/99.7%
[2026-04-03T02:21:59.426+0600][70.434s][info][gc,marking  ] GC(187) Mark: 2 stripe(s), 2 proactive flush(es), 1 terminate flush(es), 0 completion(s), 0 continuation(s) 
[2026-04-03T02:21:59.426+0600][70.434s][info][gc,marking  ] GC(187) Mark Stack Usage: 32M
[2026-04-03T02:21:59.426+0600][70.434s][info][gc,nmethod  ] GC(187) NMethods: 15197 registered, 2236 unregistered
[2026-04-03T02:21:59.426+0600][70.434s][info][gc,metaspace] GC(187) Metaspace: 128M used, 129M committed, 1152M reserved
[2026-04-03T02:21:59.426+0600][70.434s][info][gc,ref      ] GC(187) Soft: 3291 encountered, 0 discovered, 0 enqueued
[2026-04-03T02:21:59.426+0600][70.434s][info][gc,ref      ] GC(187) Weak: 14798 encountered, 4427 discovered, 21 enqueued
[2026-04-03T02:21:59.426+0600][70.434s][info][gc,ref      ] GC(187) Final: 84 encountered, 0 discovered, 0 enqueued
[2026-04-03T02:21:59.426+0600][70.434s][info][gc,ref      ] GC(187) Phantom: 621 encountered, 471 discovered, 0 enqueued
[2026-04-03T02:21:59.426+0600][70.434s][info][gc,reloc    ] GC(187) Small Pages: 141 / 282M, Empty: 38M, Relocated: 3M, In-Place: 0
[2026-04-03T02:21:59.426+0600][70.434s][info][gc,reloc    ] GC(187) Medium Pages: 4 / 64M, Empty: 48M, Relocated: 0M, In-Place: 0
[2026-04-03T02:21:59.426+0600][70.434s][info][gc,reloc    ] GC(187) Large Pages: 6 / 34M, Empty: 30M, Relocated: 0M, In-Place: 0
[2026-04-03T02:21:59.426+0600][70.434s][info][gc,reloc    ] GC(187) Forwarding Usage: 0M
[2026-04-03T02:21:59.426+0600][70.434s][info][gc,heap     ] GC(187) Min Capacity: 8M(1%)
[2026-04-03T02:21:59.426+0600][70.434s][info][gc,heap     ] GC(187) Max Capacity: 1000M(100%)
[2026-04-03T02:21:59.426+0600][70.434s][info][gc,heap     ] GC(187) Soft Max Capacity: 1000M(100%)
[2026-04-03T02:21:59.426+0600][70.434s][info][gc,heap     ] GC(187)                Mark Start          Mark End        Relocate Start      Relocate End           High               Low         
[2026-04-03T02:21:59.426+0600][70.434s][info][gc,heap     ] GC(187)  Capacity:     1000M (100%)       1000M (100%)       1000M (100%)       1000M (100%)       1000M (100%)       1000M (100%)   
[2026-04-03T02:21:59.426+0600][70.434s][info][gc,heap     ] GC(187)      Free:      620M (62%)         494M (49%)         590M (59%)         716M (72%)         716M (72%)         478M (48%)    
[2026-04-03T02:21:59.426+0600][70.434s][info][gc,heap     ] GC(187)      Used:      380M (38%)         506M (51%)         410M (41%)         284M (28%)         522M (52%)         284M (28%)    
[2026-04-03T02:21:59.426+0600][70.434s][info][gc,heap     ] GC(187)      Live:         -               107M (11%)         107M (11%)         107M (11%)            -                  -          
[2026-04-03T02:21:59.426+0600][70.434s][info][gc,heap     ] GC(187) Allocated:         -               126M (13%)         146M (15%)         149M (15%)            -                  -          
[2026-04-03T02:21:59.426+0600][70.434s][info][gc,heap     ] GC(187)   Garbage:         -               272M (27%)         156M (16%)          27M (3%)             -                  -          
[2026-04-03T02:21:59.426+0600][70.434s][info][gc,heap     ] GC(187) Reclaimed:         -                  -               116M (12%)         245M (25%)            -                  -          
[2026-04-03T02:21:59.426+0600][70.434s][info][gc          ] GC(187) Garbage Collection (Allocation Rate) 380M(38%)->284M(28%)
[2026-04-03T02:21:59.496+0600][70.504s][info][gc,start    ] GC(188) Garbage Collection (Allocation Rate)
[2026-04-03T02:21:59.496+0600][70.504s][info][gc,task     ] GC(188) Using 3 workers
[2026-04-03T02:21:59.496+0600][70.504s][info][gc,phases   ] GC(188) Pause Mark Start 0.014ms
[2026-04-03T02:21:59.623+0600][70.631s][info][gc,phases   ] GC(188) Concurrent Mark 126.264ms
[2026-04-03T02:21:59.623+0600][70.631s][info][gc,phases   ] GC(188) Pause Mark End 0.037ms
[2026-04-03T02:21:59.623+0600][70.631s][info][gc,phases   ] GC(188) Concurrent Mark Free 0.002ms
[2026-04-03T02:21:59.643+0600][70.651s][info][gc,phases   ] GC(188) Concurrent Process Non-Strong References 20.102ms
[2026-04-03T02:21:59.643+0600][70.651s][info][gc,phases   ] GC(188) Concurrent Reset Relocation Set 0.017ms
[2026-04-03T02:21:59.649+0600][70.657s][info][gc,phases   ] GC(188) Concurrent Select Relocation Set 5.612ms
[2026-04-03T02:21:59.650+0600][70.658s][info][gc,phases   ] GC(188) Pause Relocate Start 0.019ms
[2026-04-03T02:21:59.657+0600][70.665s][info][gc,phases   ] GC(188) Concurrent Relocate 6.737ms
[2026-04-03T02:21:59.657+0600][70.665s][info][gc,load     ] GC(188) Load: 7.47/6.54/5.98
[2026-04-03T02:21:59.657+0600][70.665s][info][gc,mmu      ] GC(188) MMU: 2ms/90.1%, 5ms/96.1%, 10ms/98.0%, 20ms/99.0%, 50ms/99.6%, 100ms/99.7%
[2026-04-03T02:21:59.657+0600][70.665s][info][gc,marking  ] GC(188) Mark: 2 stripe(s), 2 proactive flush(es), 1 terminate flush(es), 0 completion(s), 0 continuation(s) 
[2026-04-03T02:21:59.657+0600][70.665s][info][gc,marking  ] GC(188) Mark Stack Usage: 32M
[2026-04-03T02:21:59.657+0600][70.665s][info][gc,nmethod  ] GC(188) NMethods: 15198 registered, 2240 unregistered
[2026-04-03T02:21:59.657+0600][70.665s][info][gc,metaspace] GC(188) Metaspace: 128M used, 129M committed, 1152M reserved
[2026-04-03T02:21:59.657+0600][70.665s][info][gc,ref      ] GC(188) Soft: 3296 encountered, 0 discovered, 0 enqueued
[2026-04-03T02:21:59.657+0600][70.665s][info][gc,ref      ] GC(188) Weak: 15139 encountered, 3829 discovered, 10 enqueued
[2026-04-03T02:21:59.657+0600][70.665s][info][gc,ref      ] GC(188) Final: 84 encountered, 0 discovered, 0 enqueued
[2026-04-03T02:21:59.657+0600][70.665s][info][gc,ref      ] GC(188) Phantom: 620 encountered, 504 discovered, 0 enqueued
[2026-04-03T02:21:59.657+0600][70.665s][info][gc,reloc    ] GC(188) Small Pages: 141 / 282M, Empty: 46M, Relocated: 4M, In-Place: 0
[2026-04-03T02:21:59.657+0600][70.665s][info][gc,reloc    ] GC(188) Medium Pages: 4 / 64M, Empty: 48M, Relocated: 0M, In-Place: 0
[2026-04-03T02:21:59.657+0600][70.665s][info][gc,reloc    ] GC(188) Large Pages: 6 / 34M, Empty: 30M, Relocated: 0M, In-Place: 0
[2026-04-03T02:21:59.657+0600][70.665s][info][gc,reloc    ] GC(188) Forwarding Usage: 1M
[2026-04-03T02:21:59.657+0600][70.665s][info][gc,heap     ] GC(188) Min Capacity: 8M(1%)
[2026-04-03T02:21:59.657+0600][70.665s][info][gc,heap     ] GC(188) Max Capacity: 1000M(100%)
[2026-04-03T02:21:59.657+0600][70.665s][info][gc,heap     ] GC(188) Soft Max Capacity: 1000M(100%)
[2026-04-03T02:21:59.657+0600][70.665s][info][gc,heap     ] GC(188)                Mark Start          Mark End        Relocate Start      Relocate End           High               Low         
[2026-04-03T02:21:59.657+0600][70.665s][info][gc,heap     ] GC(188)  Capacity:     1000M (100%)       1000M (100%)       1000M (100%)       1000M (100%)       1000M (100%)       1000M (100%)   
[2026-04-03T02:21:59.657+0600][70.665s][info][gc,heap     ] GC(188)      Free:      620M (62%)         458M (46%)         552M (55%)         672M (67%)         672M (67%)         430M (43%)    
[2026-04-03T02:21:59.657+0600][70.665s][info][gc,heap     ] GC(188)      Used:      380M (38%)         542M (54%)         448M (45%)         328M (33%)         570M (57%)         328M (33%)    
[2026-04-03T02:21:59.657+0600][70.665s][info][gc,heap     ] GC(188)      Live:         -               108M (11%)         108M (11%)         108M (11%)            -                  -          
[2026-04-03T02:21:59.657+0600][70.665s][info][gc,heap     ] GC(188) Allocated:         -               162M (16%)         192M (19%)         193M (19%)            -                  -          
[2026-04-03T02:21:59.657+0600][70.665s][info][gc,heap     ] GC(188)   Garbage:         -               271M (27%)         147M (15%)          25M (3%)             -                  -          
[2026-04-03T02:21:59.657+0600][70.665s][info][gc,heap     ] GC(188) Reclaimed:         -                  -               124M (12%)         245M (25%)            -                  -          
[2026-04-03T02:21:59.657+0600][70.665s][info][gc          ] GC(188) Garbage Collection (Allocation Rate) 380M(38%)->328M(33%)
[2026-04-03T02:21:59.696+0600][70.704s][info][gc,start    ] GC(189) Garbage Collection (Allocation Rate)
[2026-04-03T02:21:59.696+0600][70.704s][info][gc,task     ] GC(189) Using 3 workers
[2026-04-03T02:21:59.697+0600][70.705s][info][gc,phases   ] GC(189) Pause Mark Start 0.019ms
[2026-04-03T02:21:59.821+0600][70.829s][info][gc,phases   ] GC(189) Concurrent Mark 124.247ms
[2026-04-03T02:21:59.821+0600][70.830s][info][gc,phases   ] GC(189) Pause Mark End 0.033ms
[2026-04-03T02:21:59.822+0600][70.830s][info][gc,phases   ] GC(189) Concurrent Mark Free 0.003ms
[2026-04-03T02:21:59.852+0600][70.860s][info][gc,phases   ] GC(189) Concurrent Process Non-Strong References 30.094ms
[2026-04-03T02:21:59.852+0600][70.860s][info][gc,phases   ] GC(189) Concurrent Reset Relocation Set 0.014ms
[2026-04-03T02:21:59.858+0600][70.866s][info][gc,phases   ] GC(189) Concurrent Select Relocation Set 5.987ms
[2026-04-03T02:21:59.859+0600][70.867s][info][gc,phases   ] GC(189) Pause Relocate Start 0.020ms
[2026-04-03T02:21:59.865+0600][70.873s][info][gc,phases   ] GC(189) Concurrent Relocate 5.538ms
[2026-04-03T02:21:59.865+0600][70.873s][info][gc,load     ] GC(189) Load: 7.19/6.50/5.97
[2026-04-03T02:21:59.865+0600][70.873s][info][gc,mmu      ] GC(189) MMU: 2ms/90.1%, 5ms/96.1%, 10ms/98.0%, 20ms/99.0%, 50ms/99.6%, 100ms/99.7%
[2026-04-03T02:21:59.865+0600][70.873s][info][gc,marking  ] GC(189) Mark: 2 stripe(s), 2 proactive flush(es), 1 terminate flush(es), 0 completion(s), 0 continuation(s) 
[2026-04-03T02:21:59.865+0600][70.873s][info][gc,marking  ] GC(189) Mark Stack Usage: 32M
[2026-04-03T02:21:59.865+0600][70.873s][info][gc,nmethod  ] GC(189) NMethods: 15196 registered, 2245 unregistered
[2026-04-03T02:21:59.865+0600][70.873s][info][gc,metaspace] GC(189) Metaspace: 128M used, 129M committed, 1152M reserved
[2026-04-03T02:21:59.865+0600][70.873s][info][gc,ref      ] GC(189) Soft: 3296 encountered, 0 discovered, 0 enqueued
[2026-04-03T02:21:59.865+0600][70.873s][info][gc,ref      ] GC(189) Weak: 15418 encountered, 3703 discovered, 10 enqueued
[2026-04-03T02:21:59.865+0600][70.873s][info][gc,ref      ] GC(189) Final: 84 encountered, 0 discovered, 0 enqueued
[2026-04-03T02:21:59.865+0600][70.873s][info][gc,ref      ] GC(189) Phantom: 620 encountered, 475 discovered, 0 enqueued
[2026-04-03T02:21:59.865+0600][70.873s][info][gc,reloc    ] GC(189) Small Pages: 149 / 298M, Empty: 40M, Relocated: 4M, In-Place: 0
[2026-04-03T02:21:59.865+0600][70.873s][info][gc,reloc    ] GC(189) Medium Pages: 4 / 64M, Empty: 48M, Relocated: 0M, In-Place: 0
[2026-04-03T02:21:59.865+0600][70.873s][info][gc,reloc    ] GC(189) Large Pages: 5 / 28M, Empty: 24M, Relocated: 0M, In-Place: 0
[2026-04-03T02:21:59.865+0600][70.873s][info][gc,reloc    ] GC(189) Forwarding Usage: 1M
[2026-04-03T02:21:59.865+0600][70.873s][info][gc,heap     ] GC(189) Min Capacity: 8M(1%)
[2026-04-03T02:21:59.865+0600][70.873s][info][gc,heap     ] GC(189) Max Capacity: 1000M(100%)
[2026-04-03T02:21:59.865+0600][70.873s][info][gc,heap     ] GC(189) Soft Max Capacity: 1000M(100%)
[2026-04-03T02:21:59.865+0600][70.873s][info][gc,heap     ] GC(189)                Mark Start          Mark End        Relocate Start      Relocate End           High               Low         
[2026-04-03T02:21:59.865+0600][70.873s][info][gc,heap     ] GC(189)  Capacity:     1000M (100%)       1000M (100%)       1000M (100%)       1000M (100%)       1000M (100%)       1000M (100%)   
[2026-04-03T02:21:59.865+0600][70.873s][info][gc,heap     ] GC(189)      Free:      610M (61%)         458M (46%)         542M (54%)         680M (68%)         680M (68%)         430M (43%)    
[2026-04-03T02:21:59.865+0600][70.873s][info][gc,heap     ] GC(189)      Used:      390M (39%)         542M (54%)         458M (46%)         320M (32%)         570M (57%)         320M (32%)    
[2026-04-03T02:21:59.865+0600][70.873s][info][gc,heap     ] GC(189)      Live:         -               109M (11%)         109M (11%)         109M (11%)            -                  -          
[2026-04-03T02:21:59.865+0600][70.873s][info][gc,heap     ] GC(189) Allocated:         -               152M (15%)         180M (18%)         183M (18%)            -                  -          
[2026-04-03T02:21:59.865+0600][70.873s][info][gc,heap     ] GC(189)   Garbage:         -               280M (28%)         168M (17%)          26M (3%)             -                  -          
[2026-04-03T02:21:59.865+0600][70.873s][info][gc,heap     ] GC(189) Reclaimed:         -                  -               112M (11%)         253M (25%)            -                  -          
[2026-04-03T02:21:59.865+0600][70.873s][info][gc          ] GC(189) Garbage Collection (Allocation Rate) 390M(39%)->320M(32%)
[2026-04-03T02:21:59.896+0600][70.904s][info][gc,start    ] GC(190) Garbage Collection (Allocation Rate)
[2026-04-03T02:21:59.896+0600][70.904s][info][gc,task     ] GC(190) Using 3 workers
[2026-04-03T02:21:59.898+0600][70.906s][info][gc,phases   ] GC(190) Pause Mark Start 0.026ms
[2026-04-03T02:22:00.043+0600][71.051s][info][gc,phases   ] GC(190) Concurrent Mark 144.435ms
[2026-04-03T02:22:00.043+0600][71.051s][info][gc,phases   ] GC(190) Pause Mark End 0.031ms
[2026-04-03T02:22:00.043+0600][71.051s][info][gc,phases   ] GC(190) Concurrent Mark Free 0.003ms
[2026-04-03T02:22:00.060+0600][71.068s][info][gc,phases   ] GC(190) Concurrent Process Non-Strong References 16.651ms
[2026-04-03T02:22:00.060+0600][71.068s][info][gc,phases   ] GC(190) Concurrent Reset Relocation Set 0.008ms
[2026-04-03T02:22:00.066+0600][71.074s][info][gc,phases   ] GC(190) Concurrent Select Relocation Set 5.426ms
[2026-04-03T02:22:00.066+0600][71.074s][info][gc,phases   ] GC(190) Pause Relocate Start 0.017ms
[2026-04-03T02:22:00.076+0600][71.084s][info][gc,phases   ] GC(190) Concurrent Relocate 9.655ms
[2026-04-03T02:22:00.076+0600][71.084s][info][gc,load     ] GC(190) Load: 7.19/6.50/5.97
[2026-04-03T02:22:00.076+0600][71.084s][info][gc,mmu      ] GC(190) MMU: 2ms/90.1%, 5ms/96.1%, 10ms/98.0%, 20ms/99.0%, 50ms/99.6%, 100ms/99.7%
[2026-04-03T02:22:00.076+0600][71.084s][info][gc,marking  ] GC(190) Mark: 2 stripe(s), 2 proactive flush(es), 1 terminate flush(es), 0 completion(s), 0 continuation(s) 
[2026-04-03T02:22:00.076+0600][71.084s][info][gc,marking  ] GC(190) Mark Stack Usage: 32M
[2026-04-03T02:22:00.076+0600][71.084s][info][gc,nmethod  ] GC(190) NMethods: 15197 registered, 2247 unregistered
[2026-04-03T02:22:00.076+0600][71.084s][info][gc,metaspace] GC(190) Metaspace: 128M used, 129M committed, 1152M reserved
[2026-04-03T02:22:00.076+0600][71.084s][info][gc,ref      ] GC(190) Soft: 3296 encountered, 0 discovered, 0 enqueued
[2026-04-03T02:22:00.076+0600][71.084s][info][gc,ref      ] GC(190) Weak: 15695 encountered, 4569 discovered, 9 enqueued
[2026-04-03T02:22:00.076+0600][71.084s][info][gc,ref      ] GC(190) Final: 84 encountered, 0 discovered, 0 enqueued
[2026-04-03T02:22:00.076+0600][71.084s][info][gc,ref      ] GC(190) Phantom: 620 encountered, 471 discovered, 0 enqueued
[2026-04-03T02:22:00.076+0600][71.084s][info][gc,reloc    ] GC(190) Small Pages: 128 / 256M, Empty: 26M, Relocated: 8M, In-Place: 0
[2026-04-03T02:22:00.076+0600][71.084s][info][gc,reloc    ] GC(190) Medium Pages: 4 / 64M, Empty: 48M, Relocated: 0M, In-Place: 0
[2026-04-03T02:22:00.076+0600][71.084s][info][gc,reloc    ] GC(190) Large Pages: 5 / 28M, Empty: 24M, Relocated: 0M, In-Place: 0
[2026-04-03T02:22:00.076+0600][71.084s][info][gc,reloc    ] GC(190) Forwarding Usage: 2M
[2026-04-03T02:22:00.076+0600][71.084s][info][gc,heap     ] GC(190) Min Capacity: 8M(1%)
[2026-04-03T02:22:00.076+0600][71.084s][info][gc,heap     ] GC(190) Max Capacity: 1000M(100%)
[2026-04-03T02:22:00.076+0600][71.084s][info][gc,heap     ] GC(190) Soft Max Capacity: 1000M(100%)
[2026-04-03T02:22:00.076+0600][71.084s][info][gc,heap     ] GC(190)                Mark Start          Mark End        Relocate Start      Relocate End           High               Low         
[2026-04-03T02:22:00.076+0600][71.084s][info][gc,heap     ] GC(190)  Capacity:     1000M (100%)       1000M (100%)       1000M (100%)       1000M (100%)       1000M (100%)       1000M (100%)   
[2026-04-03T02:22:00.076+0600][71.084s][info][gc,heap     ] GC(190)      Free:      652M (65%)         486M (49%)         558M (56%)         668M (67%)         668M (67%)         462M (46%)    
[2026-04-03T02:22:00.076+0600][71.084s][info][gc,heap     ] GC(190)      Used:      348M (35%)         514M (51%)         442M (44%)         332M (33%)         538M (54%)         332M (33%)    
[2026-04-03T02:22:00.076+0600][71.084s][info][gc,heap     ] GC(190)      Live:         -               109M (11%)         109M (11%)         109M (11%)            -                  -          
[2026-04-03T02:22:00.076+0600][71.084s][info][gc,heap     ] GC(190) Allocated:         -               166M (17%)         192M (19%)         197M (20%)            -                  -          
[2026-04-03T02:22:00.076+0600][71.085s][info][gc,heap     ] GC(190)   Garbage:         -               238M (24%)         140M (14%)          24M (2%)             -                  -          
[2026-04-03T02:22:00.076+0600][71.085s][info][gc,heap     ] GC(190) Reclaimed:         -                  -                98M (10%)         213M (21%)            -                  -          
[2026-04-03T02:22:00.076+0600][71.085s][info][gc          ] GC(190) Garbage Collection (Allocation Rate) 348M(35%)->332M(33%)
[2026-04-03T02:22:00.096+0600][71.104s][info][gc,start    ] GC(191) Garbage Collection (Allocation Rate)
[2026-04-03T02:22:00.096+0600][71.104s][info][gc,task     ] GC(191) Using 3 workers
[2026-04-03T02:22:00.096+0600][71.104s][info][gc,phases   ] GC(191) Pause Mark Start 0.015ms
[2026-04-03T02:22:00.191+0600][71.199s][info][gc,phases   ] GC(191) Concurrent Mark 94.574ms
[2026-04-03T02:22:00.191+0600][71.199s][info][gc,phases   ] GC(191) Pause Mark End 0.025ms
[2026-04-03T02:22:00.191+0600][71.200s][info][gc,phases   ] GC(191) Concurrent Mark Free 0.002ms
[2026-04-03T02:22:00.208+0600][71.216s][info][gc,phases   ] GC(191) Concurrent Process Non-Strong References 16.835ms
[2026-04-03T02:22:00.208+0600][71.217s][info][gc,phases   ] GC(191) Concurrent Reset Relocation Set 0.009ms
[2026-04-03T02:22:00.212+0600][71.220s][info][gc,phases   ] GC(191) Concurrent Select Relocation Set 3.460ms
[2026-04-03T02:22:00.212+0600][71.220s][info][gc,phases   ] GC(191) Pause Relocate Start 0.015ms
[2026-04-03T02:22:00.218+0600][71.226s][info][gc,phases   ] GC(191) Concurrent Relocate 5.313ms
[2026-04-03T02:22:00.218+0600][71.226s][info][gc,load     ] GC(191) Load: 7.19/6.50/5.97
[2026-04-03T02:22:00.218+0600][71.226s][info][gc,mmu      ] GC(191) MMU: 2ms/90.1%, 5ms/96.1%, 10ms/98.0%, 20ms/99.0%, 50ms/99.6%, 100ms/99.7%
[2026-04-03T02:22:00.218+0600][71.226s][info][gc,marking  ] GC(191) Mark: 2 stripe(s), 2 proactive flush(es), 1 terminate flush(es), 0 completion(s), 0 continuation(s) 
[2026-04-03T02:22:00.218+0600][71.226s][info][gc,marking  ] GC(191) Mark Stack Usage: 32M
[2026-04-03T02:22:00.218+0600][71.226s][info][gc,nmethod  ] GC(191) NMethods: 15205 registered, 2251 unregistered
[2026-04-03T02:22:00.218+0600][71.226s][info][gc,metaspace] GC(191) Metaspace: 128M used, 129M committed, 1152M reserved
[2026-04-03T02:22:00.218+0600][71.226s][info][gc,ref      ] GC(191) Soft: 3296 encountered, 0 discovered, 0 enqueued
[2026-04-03T02:22:00.218+0600][71.226s][info][gc,ref      ] GC(191) Weak: 15906 encountered, 5308 discovered, 1413 enqueued
[2026-04-03T02:22:00.218+0600][71.226s][info][gc,ref      ] GC(191) Final: 84 encountered, 0 discovered, 0 enqueued
[2026-04-03T02:22:00.218+0600][71.226s][info][gc,ref      ] GC(191) Phantom: 620 encountered, 512 discovered, 0 enqueued
[2026-04-03T02:22:00.218+0600][71.226s][info][gc,reloc    ] GC(191) Small Pages: 141 / 282M, Empty: 22M, Relocated: 4M, In-Place: 0
[2026-04-03T02:22:00.218+0600][71.226s][info][gc,reloc    ] GC(191) Medium Pages: 3 / 48M, Empty: 32M, Relocated: 0M, In-Place: 0
[2026-04-03T02:22:00.218+0600][71.226s][info][gc,reloc    ] GC(191) Large Pages: 4 / 22M, Empty: 18M, Relocated: 0M, In-Place: 0
[2026-04-03T02:22:00.218+0600][71.226s][info][gc,reloc    ] GC(191) Forwarding Usage: 1M
[2026-04-03T02:22:00.218+0600][71.226s][info][gc,heap     ] GC(191) Min Capacity: 8M(1%)
[2026-04-03T02:22:00.218+0600][71.226s][info][gc,heap     ] GC(191) Max Capacity: 1000M(100%)
[2026-04-03T02:22:00.218+0600][71.226s][info][gc,heap     ] GC(191) Soft Max Capacity: 1000M(100%)
[2026-04-03T02:22:00.218+0600][71.226s][info][gc,heap     ] GC(191)                Mark Start          Mark End        Relocate Start      Relocate End           High               Low         
[2026-04-03T02:22:00.218+0600][71.226s][info][gc,heap     ] GC(191)  Capacity:     1000M (100%)       1000M (100%)       1000M (100%)       1000M (100%)       1000M (100%)       1000M (100%)   
[2026-04-03T02:22:00.218+0600][71.226s][info][gc,heap     ] GC(191)      Free:      648M (65%)         538M (54%)         596M (60%)         740M (74%)         740M (74%)         528M (53%)    
[2026-04-03T02:22:00.218+0600][71.226s][info][gc,heap     ] GC(191)      Used:      352M (35%)         462M (46%)         404M (40%)         260M (26%)         472M (47%)         260M (26%)    
[2026-04-03T02:22:00.218+0600][71.226s][info][gc,heap     ] GC(191)      Live:         -               108M (11%)         108M (11%)         108M (11%)            -                  -          
[2026-04-03T02:22:00.218+0600][71.226s][info][gc,heap     ] GC(191) Allocated:         -               110M (11%)         124M (12%)         123M (12%)            -                  -          
[2026-04-03T02:22:00.218+0600][71.226s][info][gc,heap     ] GC(191)   Garbage:         -               243M (24%)         171M (17%)          27M (3%)             -                  -          
[2026-04-03T02:22:00.218+0600][71.226s][info][gc,heap     ] GC(191) Reclaimed:         -                  -                72M (7%)          215M (22%)            -                  -          
[2026-04-03T02:22:00.218+0600][71.226s][info][gc          ] GC(191) Garbage Collection (Allocation Rate) 352M(35%)->260M(26%)
[2026-04-03T02:22:00.496+0600][71.504s][info][gc,start    ] GC(192) Garbage Collection (Allocation Rate)
[2026-04-03T02:22:00.496+0600][71.504s][info][gc,task     ] GC(192) Using 3 workers
[2026-04-03T02:22:00.496+0600][71.504s][info][gc,phases   ] GC(192) Pause Mark Start 0.016ms
[2026-04-03T02:22:00.598+0600][71.606s][info][gc,phases   ] GC(192) Concurrent Mark 102.291ms
[2026-04-03T02:22:00.599+0600][71.607s][info][gc,phases   ] GC(192) Pause Mark End 0.027ms
[2026-04-03T02:22:00.599+0600][71.607s][info][gc,phases   ] GC(192) Concurrent Mark Free 0.003ms
[2026-04-03T02:22:00.634+0600][71.642s][info][gc,phases   ] GC(192) Concurrent Process Non-Strong References 35.157ms
[2026-04-03T02:22:00.634+0600][71.642s][info][gc,phases   ] GC(192) Concurrent Reset Relocation Set 0.007ms
[2026-04-03T02:22:00.638+0600][71.646s][info][gc,phases   ] GC(192) Concurrent Select Relocation Set 3.651ms
[2026-04-03T02:22:00.638+0600][71.646s][info][gc,phases   ] GC(192) Pause Relocate Start 0.013ms
[2026-04-03T02:22:00.646+0600][71.654s][info][gc,phases   ] GC(192) Concurrent Relocate 7.679ms
[2026-04-03T02:22:00.646+0600][71.654s][info][gc,load     ] GC(192) Load: 7.19/6.50/5.97
[2026-04-03T02:22:00.646+0600][71.654s][info][gc,mmu      ] GC(192) MMU: 2ms/90.1%, 5ms/96.1%, 10ms/98.0%, 20ms/99.0%, 50ms/99.6%, 100ms/99.7%
[2026-04-03T02:22:00.646+0600][71.654s][info][gc,marking  ] GC(192) Mark: 2 stripe(s), 2 proactive flush(es), 1 terminate flush(es), 0 completion(s), 0 continuation(s) 
[2026-04-03T02:22:00.646+0600][71.654s][info][gc,marking  ] GC(192) Mark Stack Usage: 32M
[2026-04-03T02:22:00.646+0600][71.654s][info][gc,nmethod  ] GC(192) NMethods: 15204 registered, 2262 unregistered
[2026-04-03T02:22:00.646+0600][71.654s][info][gc,metaspace] GC(192) Metaspace: 128M used, 129M committed, 1152M reserved
[2026-04-03T02:22:00.646+0600][71.654s][info][gc,ref      ] GC(192) Soft: 3374 encountered, 0 discovered, 0 enqueued
[2026-04-03T02:22:00.646+0600][71.654s][info][gc,ref      ] GC(192) Weak: 15206 encountered, 5515 discovered, 328 enqueued
[2026-04-03T02:22:00.646+0600][71.654s][info][gc,ref      ] GC(192) Final: 84 encountered, 0 discovered, 0 enqueued
[2026-04-03T02:22:00.646+0600][71.654s][info][gc,ref      ] GC(192) Phantom: 620 encountered, 465 discovered, 0 enqueued
[2026-04-03T02:22:00.646+0600][71.654s][info][gc,reloc    ] GC(192) Small Pages: 281 / 562M, Empty: 178M, Relocated: 8M, In-Place: 0
[2026-04-03T02:22:00.646+0600][71.654s][info][gc,reloc    ] GC(192) Medium Pages: 4 / 64M, Empty: 48M, Relocated: 0M, In-Place: 0
[2026-04-03T02:22:00.646+0600][71.654s][info][gc,reloc    ] GC(192) Large Pages: 9 / 52M, Empty: 48M, Relocated: 0M, In-Place: 0
[2026-04-03T02:22:00.646+0600][71.654s][info][gc,reloc    ] GC(192) Forwarding Usage: 3M
[2026-04-03T02:22:00.646+0600][71.654s][info][gc,heap     ] GC(192) Min Capacity: 8M(1%)
[2026-04-03T02:22:00.646+0600][71.654s][info][gc,heap     ] GC(192) Max Capacity: 1000M(100%)
[2026-04-03T02:22:00.646+0600][71.654s][info][gc,heap     ] GC(192) Soft Max Capacity: 1000M(100%)
[2026-04-03T02:22:00.646+0600][71.654s][info][gc,heap     ] GC(192)                Mark Start          Mark End        Relocate Start      Relocate End           High               Low         
[2026-04-03T02:22:00.646+0600][71.654s][info][gc,heap     ] GC(192)  Capacity:     1000M (100%)       1000M (100%)       1000M (100%)       1000M (100%)       1000M (100%)       1000M (100%)   
[2026-04-03T02:22:00.646+0600][71.654s][info][gc,heap     ] GC(192)      Free:      322M (32%)         228M (23%)         484M (48%)         742M (74%)         742M (74%)         218M (22%)    
[2026-04-03T02:22:00.646+0600][71.654s][info][gc,heap     ] GC(192)      Used:      678M (68%)         772M (77%)         516M (52%)         258M (26%)         782M (78%)         258M (26%)    
[2026-04-03T02:22:00.646+0600][71.654s][info][gc,heap     ] GC(192)      Live:         -               112M (11%)         112M (11%)         112M (11%)            -                  -          
[2026-04-03T02:22:00.646+0600][71.654s][info][gc,heap     ] GC(192) Allocated:         -                94M (9%)          112M (11%)         117M (12%)            -                  -          
[2026-04-03T02:22:00.646+0600][71.654s][info][gc,heap     ] GC(192)   Garbage:         -               565M (57%)         291M (29%)          27M (3%)             -                  -          
[2026-04-03T02:22:00.646+0600][71.654s][info][gc,heap     ] GC(192) Reclaimed:         -                  -               274M (27%)         537M (54%)            -                  -          
[2026-04-03T02:22:00.646+0600][71.654s][info][gc          ] GC(192) Garbage Collection (Allocation Rate) 678M(68%)->258M(26%)
[2026-04-03T02:22:00.796+0600][71.804s][info][gc,start    ] GC(193) Garbage Collection (Allocation Rate)
[2026-04-03T02:22:00.796+0600][71.804s][info][gc,task     ] GC(193) Using 3 workers
[2026-04-03T02:22:00.796+0600][71.804s][info][gc,phases   ] GC(193) Pause Mark Start 0.013ms
[2026-04-03T02:22:00.887+0600][71.895s][info][gc,phases   ] GC(193) Concurrent Mark 90.198ms
[2026-04-03T02:22:00.887+0600][71.895s][info][gc,phases   ] GC(193) Pause Mark End 0.025ms
[2026-04-03T02:22:00.887+0600][71.895s][info][gc,phases   ] GC(193) Concurrent Mark Free 0.001ms
[2026-04-03T02:22:00.901+0600][71.909s][info][gc,phases   ] GC(193) Concurrent Process Non-Strong References 14.270ms
[2026-04-03T02:22:00.901+0600][71.909s][info][gc,phases   ] GC(193) Concurrent Reset Relocation Set 0.012ms
[2026-04-03T02:22:00.901+0600][71.909s][info][gc          ] Allocation Stall (Executor task launch worker for task 3.0 in stage 2903.0 (TID 5356)) 62.390ms
[2026-04-03T02:22:00.901+0600][71.909s][info][gc          ] Allocation Stall (Executor task launch worker for task 1.0 in stage 2903.0 (TID 5354)) 64.562ms
[2026-04-03T02:22:00.901+0600][71.909s][info][gc          ] Allocation Stall (Executor task launch worker for task 2.0 in stage 2903.0 (TID 5355)) 65.900ms
[2026-04-03T02:22:00.901+0600][71.909s][info][gc          ] Allocation Stall (Spark Context Cleaner) 56.564ms
[2026-04-03T02:22:00.901+0600][71.909s][info][gc          ] Allocation Stall (Executor task launch worker for task 0.0 in stage 2903.0 (TID 5353)) 62.141ms
[2026-04-03T02:22:00.904+0600][71.912s][info][gc,phases   ] GC(193) Concurrent Select Relocation Set 2.858ms
[2026-04-03T02:22:00.904+0600][71.912s][info][gc,phases   ] GC(193) Pause Relocate Start 0.011ms
[2026-04-03T02:22:00.914+0600][71.922s][info][gc,phases   ] GC(193) Concurrent Relocate 10.124ms
[2026-04-03T02:22:00.914+0600][71.922s][info][gc,load     ] GC(193) Load: 7.19/6.50/5.97
[2026-04-03T02:22:00.914+0600][71.922s][info][gc,mmu      ] GC(193) MMU: 2ms/90.1%, 5ms/96.1%, 10ms/98.0%, 20ms/99.0%, 50ms/99.6%, 100ms/99.7%
[2026-04-03T02:22:00.914+0600][71.922s][info][gc,marking  ] GC(193) Mark: 2 stripe(s), 2 proactive flush(es), 1 terminate flush(es), 0 completion(s), 0 continuation(s) 
[2026-04-03T02:22:00.914+0600][71.923s][info][gc,marking  ] GC(193) Mark Stack Usage: 32M
[2026-04-03T02:22:00.914+0600][71.923s][info][gc,nmethod  ] GC(193) NMethods: 15203 registered, 2265 unregistered
[2026-04-03T02:22:00.914+0600][71.923s][info][gc,metaspace] GC(193) Metaspace: 128M used, 129M committed, 1152M reserved
[2026-04-03T02:22:00.914+0600][71.923s][info][gc,ref      ] GC(193) Soft: 3394 encountered, 0 discovered, 0 enqueued
[2026-04-03T02:22:00.914+0600][71.923s][info][gc,ref      ] GC(193) Weak: 15377 encountered, 5503 discovered, 798 enqueued
[2026-04-03T02:22:00.915+0600][71.923s][info][gc,ref      ] GC(193) Final: 84 encountered, 0 discovered, 0 enqueued
[2026-04-03T02:22:00.915+0600][71.923s][info][gc,ref      ] GC(193) Phantom: 620 encountered, 467 discovered, 0 enqueued
[2026-04-03T02:22:00.915+0600][71.923s][info][gc,reloc    ] GC(193) Small Pages: 152 / 304M, Empty: 64M, Relocated: 10M, In-Place: 0
[2026-04-03T02:22:00.915+0600][71.923s][info][gc,reloc    ] GC(193) Medium Pages: 3 / 48M, Empty: 32M, Relocated: 0M, In-Place: 0
[2026-04-03T02:22:00.915+0600][71.923s][info][gc,reloc    ] GC(193) Large Pages: 75 / 448M, Empty: 420M, Relocated: 0M, In-Place: 0
[2026-04-03T02:22:00.915+0600][71.923s][info][gc,reloc    ] GC(193) Forwarding Usage: 2M
[2026-04-03T02:22:00.915+0600][71.923s][info][gc,heap     ] GC(193) Min Capacity: 8M(1%)
[2026-04-03T02:22:00.915+0600][71.923s][info][gc,heap     ] GC(193) Max Capacity: 1000M(100%)
[2026-04-03T02:22:00.915+0600][71.923s][info][gc,heap     ] GC(193) Soft Max Capacity: 1000M(100%)
[2026-04-03T02:22:00.915+0600][71.923s][info][gc,heap     ] GC(193)                Mark Start          Mark End        Relocate Start      Relocate End           High               Low         
[2026-04-03T02:22:00.915+0600][71.923s][info][gc,heap     ] GC(193)  Capacity:     1000M (100%)       1000M (100%)       1000M (100%)       1000M (100%)       1000M (100%)       1000M (100%)   
[2026-04-03T02:22:00.915+0600][71.923s][info][gc,heap     ] GC(193)      Free:      200M (20%)           0M (0%)          466M (47%)         448M (45%)         550M (55%)           0M (0%)     
[2026-04-03T02:22:00.915+0600][71.923s][info][gc,heap     ] GC(193)      Used:      800M (80%)        1000M (100%)        534M (53%)         552M (55%)        1000M (100%)        450M (45%)    
[2026-04-03T02:22:00.915+0600][71.923s][info][gc,heap     ] GC(193)      Live:         -               133M (13%)         133M (13%)         133M (13%)            -                  -          
[2026-04-03T02:22:00.915+0600][71.923s][info][gc,heap     ] GC(193) Allocated:         -               200M (20%)         250M (25%)         393M (39%)            -                  -          
[2026-04-03T02:22:00.915+0600][71.923s][info][gc,heap     ] GC(193)   Garbage:         -               666M (67%)         150M (15%)          24M (2%)             -                  -          
[2026-04-03T02:22:00.915+0600][71.923s][info][gc,heap     ] GC(193) Reclaimed:         -                  -               516M (52%)         641M (64%)            -                  -          
[2026-04-03T02:22:00.915+0600][71.923s][info][gc          ] GC(193) Garbage Collection (Allocation Rate) 800M(80%)->552M(55%)
[2026-04-03T02:22:00.995+0600][72.003s][info][gc,start    ] GC(194) Garbage Collection (Allocation Stall)
[2026-04-03T02:22:00.995+0600][72.003s][info][gc,ref      ] GC(194) Clearing All SoftReferences
[2026-04-03T02:22:00.995+0600][72.003s][info][gc,task     ] GC(194) Using 3 workers
[2026-04-03T02:22:00.995+0600][72.003s][info][gc,ref      ] GC(194) Clearing All SoftReferences
[2026-04-03T02:22:00.995+0600][72.004s][info][gc,phases   ] GC(194) Pause Mark Start 0.066ms
[2026-04-03T02:22:01.099+0600][72.107s][info][gc,phases   ] GC(194) Concurrent Mark 103.078ms
[2026-04-03T02:22:01.100+0600][72.108s][info][gc,phases   ] GC(194) Pause Mark End 0.056ms
[2026-04-03T02:22:01.100+0600][72.108s][info][gc,phases   ] GC(194) Concurrent Mark Free 0.003ms
[2026-04-03T02:22:01.153+0600][72.161s][info][gc,phases   ] GC(194) Concurrent Process Non-Strong References 52.630ms
[2026-04-03T02:22:01.153+0600][72.161s][info][gc,phases   ] GC(194) Concurrent Reset Relocation Set 0.017ms
[2026-04-03T02:22:01.157+0600][72.165s][info][gc,phases   ] GC(194) Concurrent Select Relocation Set 4.377ms
[2026-04-03T02:22:01.158+0600][72.166s][info][gc,phases   ] GC(194) Pause Relocate Start 0.016ms
[2026-04-03T02:22:01.163+0600][72.172s][info][gc,phases   ] GC(194) Concurrent Relocate 5.712ms
[2026-04-03T02:22:01.164+0600][72.172s][info][gc,load     ] GC(194) Load: 7.19/6.50/5.97
[2026-04-03T02:22:01.164+0600][72.172s][info][gc,mmu      ] GC(194) MMU: 2ms/90.1%, 5ms/96.1%, 10ms/98.0%, 20ms/99.0%, 50ms/99.6%, 100ms/99.7%
[2026-04-03T02:22:01.164+0600][72.172s][info][gc,marking  ] GC(194) Mark: 2 stripe(s), 2 proactive flush(es), 1 terminate flush(es), 0 completion(s), 0 continuation(s) 
[2026-04-03T02:22:01.164+0600][72.172s][info][gc,marking  ] GC(194) Mark Stack Usage: 32M
[2026-04-03T02:22:01.164+0600][72.172s][info][gc,nmethod  ] GC(194) NMethods: 15213 registered, 2270 unregistered
[2026-04-03T02:22:01.164+0600][72.172s][info][gc,metaspace] GC(194) Metaspace: 128M used, 129M committed, 1152M reserved
[2026-04-03T02:22:01.164+0600][72.172s][info][gc,ref      ] GC(194) Soft: 3362 encountered, 1279 discovered, 114 enqueued
[2026-04-03T02:22:01.164+0600][72.172s][info][gc,ref      ] GC(194) Weak: 14707 encountered, 5088 discovered, 178 enqueued
[2026-04-03T02:22:01.164+0600][72.172s][info][gc,ref      ] GC(194) Final: 84 encountered, 0 discovered, 0 enqueued
[2026-04-03T02:22:01.164+0600][72.172s][info][gc,ref      ] GC(194) Phantom: 620 encountered, 464 discovered, 0 enqueued
[2026-04-03T02:22:01.164+0600][72.172s][info][gc,reloc    ] GC(194) Small Pages: 130 / 260M, Empty: 22M, Relocated: 10M, In-Place: 0
[2026-04-03T02:22:01.164+0600][72.172s][info][gc,reloc    ] GC(194) Medium Pages: 2 / 32M, Empty: 16M, Relocated: 0M, In-Place: 0
[2026-04-03T02:22:01.164+0600][72.172s][info][gc,reloc    ] GC(194) Large Pages: 67 / 400M, Empty: 396M, Relocated: 0M, In-Place: 0
[2026-04-03T02:22:01.164+0600][72.172s][info][gc,reloc    ] GC(194) Forwarding Usage: 3M
[2026-04-03T02:22:01.164+0600][72.172s][info][gc,heap     ] GC(194) Min Capacity: 8M(1%)
[2026-04-03T02:22:01.164+0600][72.172s][info][gc,heap     ] GC(194) Max Capacity: 1000M(100%)
[2026-04-03T02:22:01.164+0600][72.172s][info][gc,heap     ] GC(194) Soft Max Capacity: 1000M(100%)
[2026-04-03T02:22:01.164+0600][72.172s][info][gc,heap     ] GC(194)                Mark Start          Mark End        Relocate Start      Relocate End           High               Low         
[2026-04-03T02:22:01.164+0600][72.172s][info][gc,heap     ] GC(194)  Capacity:     1000M (100%)       1000M (100%)       1000M (100%)       1000M (100%)       1000M (100%)       1000M (100%)   
[2026-04-03T02:22:01.164+0600][72.172s][info][gc,heap     ] GC(194)      Free:      308M (31%)         206M (21%)         616M (62%)         742M (74%)         742M (74%)         188M (19%)    
[2026-04-03T02:22:01.164+0600][72.172s][info][gc,heap     ] GC(194)      Used:      692M (69%)         794M (79%)         384M (38%)         258M (26%)         812M (81%)         258M (26%)    
[2026-04-03T02:22:01.164+0600][72.172s][info][gc,heap     ] GC(194)      Live:         -               106M (11%)         106M (11%)         106M (11%)            -                  -          
[2026-04-03T02:22:01.164+0600][72.172s][info][gc,heap     ] GC(194) Allocated:         -               102M (10%)         126M (13%)         125M (13%)            -                  -          
[2026-04-03T02:22:01.164+0600][72.172s][info][gc,heap     ] GC(194)   Garbage:         -               585M (59%)         151M (15%)          25M (3%)             -                  -          
[2026-04-03T02:22:01.164+0600][72.172s][info][gc,heap     ] GC(194) Reclaimed:         -                  -               434M (43%)         559M (56%)            -                  -          
[2026-04-03T02:22:01.164+0600][72.172s][info][gc          ] GC(194) Garbage Collection (Allocation Stall) 692M(69%)->258M(26%)
[2026-04-03T02:22:01.195+0600][72.204s][info][gc,start    ] GC(195) Garbage Collection (Allocation Rate)
[2026-04-03T02:22:01.196+0600][72.204s][info][gc,task     ] GC(195) Using 3 workers
[2026-04-03T02:22:01.196+0600][72.204s][info][gc,phases   ] GC(195) Pause Mark Start 0.010ms
[2026-04-03T02:22:01.270+0600][72.278s][info][gc,phases   ] GC(195) Concurrent Mark 73.730ms
[2026-04-03T02:22:01.270+0600][72.278s][info][gc,phases   ] GC(195) Pause Mark End 0.045ms
[2026-04-03T02:22:01.270+0600][72.278s][info][gc,phases   ] GC(195) Concurrent Mark Free 0.003ms
[2026-04-03T02:22:01.306+0600][72.315s][info][gc,phases   ] GC(195) Concurrent Process Non-Strong References 36.102ms
[2026-04-03T02:22:01.307+0600][72.315s][info][gc,phases   ] GC(195) Concurrent Reset Relocation Set 0.006ms
[2026-04-03T02:22:01.310+0600][72.318s][info][gc,phases   ] GC(195) Concurrent Select Relocation Set 3.083ms
[2026-04-03T02:22:01.310+0600][72.318s][info][gc,phases   ] GC(195) Pause Relocate Start 0.013ms
[2026-04-03T02:22:01.315+0600][72.323s][info][gc,phases   ] GC(195) Concurrent Relocate 4.425ms
[2026-04-03T02:22:01.315+0600][72.323s][info][gc,load     ] GC(195) Load: 7.19/6.50/5.97
[2026-04-03T02:22:01.315+0600][72.323s][info][gc,mmu      ] GC(195) MMU: 2ms/90.1%, 5ms/96.1%, 10ms/98.0%, 20ms/99.0%, 50ms/99.6%, 100ms/99.7%
[2026-04-03T02:22:01.315+0600][72.323s][info][gc,marking  ] GC(195) Mark: 2 stripe(s), 2 proactive flush(es), 1 terminate flush(es), 0 completion(s), 0 continuation(s) 
[2026-04-03T02:22:01.315+0600][72.323s][info][gc,marking  ] GC(195) Mark Stack Usage: 32M
[2026-04-03T02:22:01.315+0600][72.323s][info][gc,nmethod  ] GC(195) NMethods: 15212 registered, 2276 unregistered
[2026-04-03T02:22:01.315+0600][72.323s][info][gc,metaspace] GC(195) Metaspace: 128M used, 129M committed, 1152M reserved
[2026-04-03T02:22:01.315+0600][72.323s][info][gc,ref      ] GC(195) Soft: 3253 encountered, 0 discovered, 0 enqueued
[2026-04-03T02:22:01.315+0600][72.323s][info][gc,ref      ] GC(195) Weak: 14643 encountered, 4989 discovered, 434 enqueued
[2026-04-03T02:22:01.315+0600][72.323s][info][gc,ref      ] GC(195) Final: 84 encountered, 0 discovered, 0 enqueued
[2026-04-03T02:22:01.315+0600][72.323s][info][gc,ref      ] GC(195) Phantom: 620 encountered, 361 discovered, 0 enqueued
[2026-04-03T02:22:01.315+0600][72.323s][info][gc,reloc    ] GC(195) Small Pages: 98 / 196M, Empty: 2M, Relocated: 5M, In-Place: 0
[2026-04-03T02:22:01.315+0600][72.323s][info][gc,reloc    ] GC(195) Medium Pages: 3 / 48M, Empty: 32M, Relocated: 0M, In-Place: 0
[2026-04-03T02:22:01.315+0600][72.323s][info][gc,reloc    ] GC(195) Large Pages: 5 / 28M, Empty: 24M, Relocated: 0M, In-Place: 0
[2026-04-03T02:22:01.315+0600][72.323s][info][gc,reloc    ] GC(195) Forwarding Usage: 1M
[2026-04-03T02:22:01.315+0600][72.323s][info][gc,heap     ] GC(195) Min Capacity: 8M(1%)
[2026-04-03T02:22:01.315+0600][72.323s][info][gc,heap     ] GC(195) Max Capacity: 1000M(100%)
[2026-04-03T02:22:01.315+0600][72.323s][info][gc,heap     ] GC(195) Soft Max Capacity: 1000M(100%)
[2026-04-03T02:22:01.315+0600][72.323s][info][gc,heap     ] GC(195)                Mark Start          Mark End        Relocate Start      Relocate End           High               Low         
[2026-04-03T02:22:01.315+0600][72.323s][info][gc,heap     ] GC(195)  Capacity:     1000M (100%)       1000M (100%)       1000M (100%)       1000M (100%)       1000M (100%)       1000M (100%)   
[2026-04-03T02:22:01.315+0600][72.323s][info][gc,heap     ] GC(195)      Free:      728M (73%)         694M (69%)         724M (72%)         804M (80%)         806M (81%)         666M (67%)    
[2026-04-03T02:22:01.315+0600][72.323s][info][gc,heap     ] GC(195)      Used:      272M (27%)         306M (31%)         276M (28%)         196M (20%)         334M (33%)         194M (19%)    
[2026-04-03T02:22:01.315+0600][72.323s][info][gc,heap     ] GC(195)      Live:         -               105M (11%)         105M (11%)         105M (11%)            -                  -          
[2026-04-03T02:22:01.315+0600][72.323s][info][gc,heap     ] GC(195) Allocated:         -                34M (3%)           62M (6%)           65M (7%)             -                  -          
[2026-04-03T02:22:01.315+0600][72.323s][info][gc,heap     ] GC(195)   Garbage:         -               166M (17%)         108M (11%)          24M (2%)             -                  -          
[2026-04-03T02:22:01.315+0600][72.323s][info][gc,heap     ] GC(195) Reclaimed:         -                  -                58M (6%)          141M (14%)            -                  -          
[2026-04-03T02:22:01.315+0600][72.323s][info][gc          ] GC(195) Garbage Collection (Allocation Rate) 272M(27%)->196M(20%)
[2026-04-03T02:22:01.396+0600][72.404s][info][gc,start    ] GC(196) Garbage Collection (Allocation Rate)
[2026-04-03T02:22:01.396+0600][72.404s][info][gc,task     ] GC(196) Using 3 workers
[2026-04-03T02:22:01.396+0600][72.404s][info][gc,phases   ] GC(196) Pause Mark Start 0.008ms
[2026-04-03T02:22:01.473+0600][72.481s][info][gc,phases   ] GC(196) Concurrent Mark 76.541ms
[2026-04-03T02:22:01.473+0600][72.481s][info][gc,phases   ] GC(196) Pause Mark End 0.031ms
[2026-04-03T02:22:01.473+0600][72.481s][info][gc,phases   ] GC(196) Concurrent Mark Free 0.001ms
[2026-04-03T02:22:01.491+0600][72.499s][info][gc,phases   ] GC(196) Concurrent Process Non-Strong References 17.469ms
[2026-04-03T02:22:01.491+0600][72.499s][info][gc,phases   ] GC(196) Concurrent Reset Relocation Set 0.011ms
[2026-04-03T02:22:01.495+0600][72.503s][info][gc,phases   ] GC(196) Concurrent Select Relocation Set 3.730ms
[2026-04-03T02:22:01.495+0600][72.503s][info][gc,phases   ] GC(196) Pause Relocate Start 0.029ms
[2026-04-03T02:22:01.497+0600][72.505s][info][gc,phases   ] GC(196) Concurrent Relocate 2.157ms
[2026-04-03T02:22:01.497+0600][72.505s][info][gc,load     ] GC(196) Load: 7.19/6.50/5.97
[2026-04-03T02:22:01.497+0600][72.505s][info][gc,mmu      ] GC(196) MMU: 2ms/90.1%, 5ms/96.1%, 10ms/98.0%, 20ms/99.0%, 50ms/99.6%, 100ms/99.7%
[2026-04-03T02:22:01.497+0600][72.505s][info][gc,marking  ] GC(196) Mark: 2 stripe(s), 2 proactive flush(es), 1 terminate flush(es), 0 completion(s), 0 continuation(s) 
[2026-04-03T02:22:01.497+0600][72.505s][info][gc,marking  ] GC(196) Mark Stack Usage: 32M
[2026-04-03T02:22:01.497+0600][72.505s][info][gc,nmethod  ] GC(196) NMethods: 15210 registered, 2279 unregistered
[2026-04-03T02:22:01.497+0600][72.505s][info][gc,metaspace] GC(196) Metaspace: 128M used, 129M committed, 1152M reserved
[2026-04-03T02:22:01.497+0600][72.505s][info][gc,ref      ] GC(196) Soft: 3253 encountered, 0 discovered, 0 enqueued
[2026-04-03T02:22:01.497+0600][72.505s][info][gc,ref      ] GC(196) Weak: 14210 encountered, 5065 discovered, 5 enqueued
[2026-04-03T02:22:01.497+0600][72.505s][info][gc,ref      ] GC(196) Final: 84 encountered, 0 discovered, 0 enqueued
[2026-04-03T02:22:01.497+0600][72.505s][info][gc,ref      ] GC(196) Phantom: 620 encountered, 512 discovered, 0 enqueued
[2026-04-03T02:22:01.497+0600][72.505s][info][gc,reloc    ] GC(196) Small Pages: 112 / 224M, Empty: 8M, Relocated: 3M, In-Place: 0
[2026-04-03T02:22:01.497+0600][72.505s][info][gc,reloc    ] GC(196) Medium Pages: 1 / 16M, Empty: 0M, Relocated: 0M, In-Place: 0
[2026-04-03T02:22:01.497+0600][72.505s][info][gc,reloc    ] GC(196) Large Pages: 1 / 4M, Empty: 0M, Relocated: 0M, In-Place: 0
[2026-04-03T02:22:01.497+0600][72.505s][info][gc,reloc    ] GC(196) Forwarding Usage: 1M
[2026-04-03T02:22:01.497+0600][72.505s][info][gc,heap     ] GC(196) Min Capacity: 8M(1%)
[2026-04-03T02:22:01.497+0600][72.505s][info][gc,heap     ] GC(196) Max Capacity: 1000M(100%)
[2026-04-03T02:22:01.497+0600][72.505s][info][gc,heap     ] GC(196) Soft Max Capacity: 1000M(100%)
[2026-04-03T02:22:01.497+0600][72.505s][info][gc,heap     ] GC(196)                Mark Start          Mark End        Relocate Start      Relocate End           High               Low         
[2026-04-03T02:22:01.497+0600][72.505s][info][gc,heap     ] GC(196)  Capacity:     1000M (100%)       1000M (100%)       1000M (100%)       1000M (100%)       1000M (100%)       1000M (100%)   
[2026-04-03T02:22:01.497+0600][72.505s][info][gc,heap     ] GC(196)      Free:      756M (76%)         716M (72%)         716M (72%)         820M (82%)         820M (82%)         708M (71%)    
[2026-04-03T02:22:01.497+0600][72.505s][info][gc,heap     ] GC(196)      Used:      244M (24%)         284M (28%)         284M (28%)         180M (18%)         292M (29%)         180M (18%)    
[2026-04-03T02:22:01.497+0600][72.505s][info][gc,heap     ] GC(196)      Live:         -               105M (11%)         105M (11%)         105M (11%)            -                  -          
[2026-04-03T02:22:01.497+0600][72.505s][info][gc,heap     ] GC(196) Allocated:         -                40M (4%)           48M (5%)           49M (5%)             -                  -          
[2026-04-03T02:22:01.497+0600][72.505s][info][gc,heap     ] GC(196)   Garbage:         -               138M (14%)         130M (13%)          24M (2%)             -                  -          
[2026-04-03T02:22:01.497+0600][72.505s][info][gc,heap     ] GC(196) Reclaimed:         -                  -                 8M (1%)          113M (11%)            -                  -          
[2026-04-03T02:22:01.497+0600][72.505s][info][gc          ] GC(196) Garbage Collection (Allocation Rate) 244M(24%)->180M(18%)
[2026-04-03T02:22:01.595+0600][72.603s][info][gc,start    ] GC(197) Garbage Collection (Allocation Rate)
[2026-04-03T02:22:01.595+0600][72.603s][info][gc,task     ] GC(197) Using 3 workers
[2026-04-03T02:22:01.595+0600][72.604s][info][gc,phases   ] GC(197) Pause Mark Start 0.015ms
[2026-04-03T02:22:01.712+0600][72.720s][info][gc,phases   ] GC(197) Concurrent Mark 116.359ms
[2026-04-03T02:22:01.712+0600][72.720s][info][gc,phases   ] GC(197) Pause Mark End 0.057ms
[2026-04-03T02:22:01.713+0600][72.721s][info][gc,phases   ] GC(197) Concurrent Mark Free 0.003ms
[2026-04-03T02:22:01.736+0600][72.744s][info][gc,phases   ] GC(197) Concurrent Process Non-Strong References 23.670ms
[2026-04-03T02:22:01.736+0600][72.744s][info][gc,phases   ] GC(197) Concurrent Reset Relocation Set 0.011ms
[2026-04-03T02:22:01.742+0600][72.750s][info][gc,phases   ] GC(197) Concurrent Select Relocation Set 5.263ms
[2026-04-03T02:22:01.742+0600][72.750s][info][gc,phases   ] GC(197) Pause Relocate Start 0.019ms
[2026-04-03T02:22:01.746+0600][72.754s][info][gc,phases   ] GC(197) Concurrent Relocate 3.519ms
[2026-04-03T02:22:01.746+0600][72.754s][info][gc,load     ] GC(197) Load: 7.19/6.50/5.97
[2026-04-03T02:22:01.746+0600][72.754s][info][gc,mmu      ] GC(197) MMU: 2ms/90.1%, 5ms/96.1%, 10ms/98.0%, 20ms/99.0%, 50ms/99.6%, 100ms/99.7%
[2026-04-03T02:22:01.746+0600][72.754s][info][gc,marking  ] GC(197) Mark: 2 stripe(s), 2 proactive flush(es), 1 terminate flush(es), 0 completion(s), 0 continuation(s) 
[2026-04-03T02:22:01.746+0600][72.754s][info][gc,marking  ] GC(197) Mark Stack Usage: 32M
[2026-04-03T02:22:01.746+0600][72.754s][info][gc,nmethod  ] GC(197) NMethods: 15216 registered, 2279 unregistered
[2026-04-03T02:22:01.746+0600][72.754s][info][gc,metaspace] GC(197) Metaspace: 128M used, 129M committed, 1152M reserved
[2026-04-03T02:22:01.746+0600][72.754s][info][gc,ref      ] GC(197) Soft: 3296 encountered, 0 discovered, 0 enqueued
[2026-04-03T02:22:01.746+0600][72.754s][info][gc,ref      ] GC(197) Weak: 14662 encountered, 3305 discovered, 29 enqueued
[2026-04-03T02:22:01.746+0600][72.754s][info][gc,ref      ] GC(197) Final: 84 encountered, 52 discovered, 0 enqueued
[2026-04-03T02:22:01.746+0600][72.754s][info][gc,ref      ] GC(197) Phantom: 620 encountered, 508 discovered, 0 enqueued
[2026-04-03T02:22:01.746+0600][72.754s][info][gc,reloc    ] GC(197) Small Pages: 125 / 250M, Empty: 20M, Relocated: 2M, In-Place: 0
[2026-04-03T02:22:01.746+0600][72.754s][info][gc,reloc    ] GC(197) Medium Pages: 3 / 48M, Empty: 32M, Relocated: 0M, In-Place: 0
[2026-04-03T02:22:01.746+0600][72.754s][info][gc,reloc    ] GC(197) Large Pages: 4 / 22M, Empty: 18M, Relocated: 0M, In-Place: 0
[2026-04-03T02:22:01.746+0600][72.754s][info][gc,reloc    ] GC(197) Forwarding Usage: 0M
[2026-04-03T02:22:01.746+0600][72.754s][info][gc,heap     ] GC(197) Min Capacity: 8M(1%)
[2026-04-03T02:22:01.746+0600][72.754s][info][gc,heap     ] GC(197) Max Capacity: 1000M(100%)
[2026-04-03T02:22:01.746+0600][72.754s][info][gc,heap     ] GC(197) Soft Max Capacity: 1000M(100%)
[2026-04-03T02:22:01.746+0600][72.754s][info][gc,heap     ] GC(197)                Mark Start          Mark End        Relocate Start      Relocate End           High               Low         
[2026-04-03T02:22:01.746+0600][72.754s][info][gc,heap     ] GC(197)  Capacity:     1000M (100%)       1000M (100%)       1000M (100%)       1000M (100%)       1000M (100%)       1000M (100%)   
[2026-04-03T02:22:01.746+0600][72.754s][info][gc,heap     ] GC(197)      Free:      680M (68%)         532M (53%)         570M (57%)         684M (68%)         684M (68%)         500M (50%)    
[2026-04-03T02:22:01.746+0600][72.754s][info][gc,heap     ] GC(197)      Used:      320M (32%)         468M (47%)         430M (43%)         316M (32%)         500M (50%)         316M (32%)    
[2026-04-03T02:22:01.746+0600][72.754s][info][gc,heap     ] GC(197)      Live:         -               107M (11%)         107M (11%)         107M (11%)            -                  -          
[2026-04-03T02:22:01.746+0600][72.754s][info][gc,heap     ] GC(197) Allocated:         -               148M (15%)         180M (18%)         181M (18%)            -                  -          
[2026-04-03T02:22:01.746+0600][72.754s][info][gc,heap     ] GC(197)   Garbage:         -               212M (21%)         142M (14%)          26M (3%)             -                  -          
[2026-04-03T02:22:01.746+0600][72.754s][info][gc,heap     ] GC(197) Reclaimed:         -                  -                70M (7%)          185M (19%)            -                  -          
[2026-04-03T02:22:01.746+0600][72.754s][info][gc          ] GC(197) Garbage Collection (Allocation Rate) 320M(32%)->316M(32%)
[2026-04-03T02:22:01.796+0600][72.804s][info][gc,start    ] GC(198) Garbage Collection (Allocation Rate)
[2026-04-03T02:22:01.796+0600][72.804s][info][gc,task     ] GC(198) Using 3 workers
[2026-04-03T02:22:01.796+0600][72.804s][info][gc,phases   ] GC(198) Pause Mark Start 0.015ms
[2026-04-03T02:22:01.902+0600][72.910s][info][gc,phases   ] GC(198) Concurrent Mark 105.900ms
[2026-04-03T02:22:01.903+0600][72.911s][info][gc,phases   ] GC(198) Pause Mark End 0.076ms
[2026-04-03T02:22:01.903+0600][72.911s][info][gc,phases   ] GC(198) Concurrent Mark Free 0.002ms
[2026-04-03T02:22:01.929+0600][72.937s][info][gc,phases   ] GC(198) Concurrent Process Non-Strong References 25.658ms
[2026-04-03T02:22:01.929+0600][72.937s][info][gc,phases   ] GC(198) Concurrent Reset Relocation Set 0.010ms
[2026-04-03T02:22:01.933+0600][72.941s][info][gc,phases   ] GC(198) Concurrent Select Relocation Set 4.509ms
[2026-04-03T02:22:01.933+0600][72.942s][info][gc,phases   ] GC(198) Pause Relocate Start 0.017ms
[2026-04-03T02:22:01.935+0600][72.943s][info][gc,phases   ] GC(198) Concurrent Relocate 1.252ms
[2026-04-03T02:22:01.935+0600][72.943s][info][gc,load     ] GC(198) Load: 7.19/6.50/5.97
[2026-04-03T02:22:01.935+0600][72.943s][info][gc,mmu      ] GC(198) MMU: 2ms/90.1%, 5ms/96.1%, 10ms/98.0%, 20ms/99.0%, 50ms/99.6%, 100ms/99.7%
[2026-04-03T02:22:01.935+0600][72.943s][info][gc,marking  ] GC(198) Mark: 2 stripe(s), 2 proactive flush(es), 1 terminate flush(es), 0 completion(s), 0 continuation(s) 
[2026-04-03T02:22:01.935+0600][72.943s][info][gc,marking  ] GC(198) Mark Stack Usage: 32M
[2026-04-03T02:22:01.935+0600][72.943s][info][gc,nmethod  ] GC(198) NMethods: 15217 registered, 2282 unregistered
[2026-04-03T02:22:01.935+0600][72.943s][info][gc,metaspace] GC(198) Metaspace: 128M used, 129M committed, 1152M reserved
[2026-04-03T02:22:01.935+0600][72.943s][info][gc,ref      ] GC(198) Soft: 3290 encountered, 0 discovered, 0 enqueued
[2026-04-03T02:22:01.935+0600][72.943s][info][gc,ref      ] GC(198) Weak: 14994 encountered, 3910 discovered, 8 enqueued
[2026-04-03T02:22:01.935+0600][72.943s][info][gc,ref      ] GC(198) Final: 84 encountered, 0 discovered, 0 enqueued
[2026-04-03T02:22:01.935+0600][72.943s][info][gc,ref      ] GC(198) Phantom: 620 encountered, 468 discovered, 0 enqueued
[2026-04-03T02:22:01.935+0600][72.943s][info][gc,reloc    ] GC(198) Small Pages: 140 / 280M, Empty: 60M, Relocated: 1M, In-Place: 0
[2026-04-03T02:22:01.935+0600][72.943s][info][gc,reloc    ] GC(198) Medium Pages: 4 / 64M, Empty: 48M, Relocated: 0M, In-Place: 0
[2026-04-03T02:22:01.935+0600][72.943s][info][gc,reloc    ] GC(198) Large Pages: 5 / 28M, Empty: 24M, Relocated: 0M, In-Place: 0
[2026-04-03T02:22:01.935+0600][72.943s][info][gc,reloc    ] GC(198) Forwarding Usage: 0M
[2026-04-03T02:22:01.935+0600][72.943s][info][gc,heap     ] GC(198) Min Capacity: 8M(1%)
[2026-04-03T02:22:01.935+0600][72.943s][info][gc,heap     ] GC(198) Max Capacity: 1000M(100%)
[2026-04-03T02:22:01.935+0600][72.943s][info][gc,heap     ] GC(198) Soft Max Capacity: 1000M(100%)
[2026-04-03T02:22:01.935+0600][72.943s][info][gc,heap     ] GC(198)                Mark Start          Mark End        Relocate Start      Relocate End           High               Low         
[2026-04-03T02:22:01.935+0600][72.943s][info][gc,heap     ] GC(198)  Capacity:     1000M (100%)       1000M (100%)       1000M (100%)       1000M (100%)       1000M (100%)       1000M (100%)   
[2026-04-03T02:22:01.935+0600][72.943s][info][gc,heap     ] GC(198)      Free:      628M (63%)         482M (48%)         576M (58%)         682M (68%)         682M (68%)         448M (45%)    
[2026-04-03T02:22:01.935+0600][72.943s][info][gc,heap     ] GC(198)      Used:      372M (37%)         518M (52%)         424M (42%)         318M (32%)         552M (55%)         318M (32%)    
[2026-04-03T02:22:01.935+0600][72.943s][info][gc,heap     ] GC(198)      Live:         -               106M (11%)         106M (11%)         106M (11%)            -                  -          
[2026-04-03T02:22:01.935+0600][72.943s][info][gc,heap     ] GC(198) Allocated:         -               146M (15%)         184M (18%)         183M (18%)            -                  -          
[2026-04-03T02:22:01.935+0600][72.943s][info][gc,heap     ] GC(198)   Garbage:         -               265M (27%)         133M (13%)          27M (3%)             -                  -          
[2026-04-03T02:22:01.935+0600][72.943s][info][gc,heap     ] GC(198) Reclaimed:         -                  -               132M (13%)         237M (24%)            -                  -          
[2026-04-03T02:22:01.935+0600][72.943s][info][gc          ] GC(198) Garbage Collection (Allocation Rate) 372M(37%)->318M(32%)
[2026-04-03T02:22:01.996+0600][73.004s][info][gc,start    ] GC(199) Garbage Collection (Allocation Rate)
[2026-04-03T02:22:01.996+0600][73.004s][info][gc,task     ] GC(199) Using 3 workers
[2026-04-03T02:22:01.997+0600][73.005s][info][gc,phases   ] GC(199) Pause Mark Start 0.012ms
[2026-04-03T02:22:02.107+0600][73.115s][info][gc,phases   ] GC(199) Concurrent Mark 110.152ms
[2026-04-03T02:22:02.107+0600][73.115s][info][gc,phases   ] GC(199) Pause Mark End 0.058ms
[2026-04-03T02:22:02.107+0600][73.115s][info][gc,phases   ] GC(199) Concurrent Mark Free 0.006ms
[2026-04-03T02:22:02.128+0600][73.136s][info][gc,phases   ] GC(199) Concurrent Process Non-Strong References 20.217ms
[2026-04-03T02:22:02.128+0600][73.136s][info][gc,phases   ] GC(199) Concurrent Reset Relocation Set 0.010ms
[2026-04-03T02:22:02.132+0600][73.140s][info][gc,phases   ] GC(199) Concurrent Select Relocation Set 4.509ms
[2026-04-03T02:22:02.133+0600][73.141s][info][gc,phases   ] GC(199) Pause Relocate Start 0.018ms
[2026-04-03T02:22:02.137+0600][73.145s][info][gc,phases   ] GC(199) Concurrent Relocate 3.857ms
[2026-04-03T02:22:02.137+0600][73.145s][info][gc,load     ] GC(199) Load: 7.19/6.50/5.97
[2026-04-03T02:22:02.137+0600][73.145s][info][gc,mmu      ] GC(199) MMU: 2ms/90.1%, 5ms/96.1%, 10ms/98.0%, 20ms/99.0%, 50ms/99.6%, 100ms/99.7%
[2026-04-03T02:22:02.137+0600][73.145s][info][gc,marking  ] GC(199) Mark: 2 stripe(s), 2 proactive flush(es), 1 terminate flush(es), 0 completion(s), 0 continuation(s) 
[2026-04-03T02:22:02.137+0600][73.145s][info][gc,marking  ] GC(199) Mark Stack Usage: 32M
[2026-04-03T02:22:02.137+0600][73.145s][info][gc,nmethod  ] GC(199) NMethods: 15217 registered, 2285 unregistered
[2026-04-03T02:22:02.137+0600][73.145s][info][gc,metaspace] GC(199) Metaspace: 128M used, 129M committed, 1152M reserved
[2026-04-03T02:22:02.137+0600][73.145s][info][gc,ref      ] GC(199) Soft: 3298 encountered, 0 discovered, 0 enqueued
[2026-04-03T02:22:02.137+0600][73.145s][info][gc,ref      ] GC(199) Weak: 15277 encountered, 4466 discovered, 10 enqueued
[2026-04-03T02:22:02.137+0600][73.145s][info][gc,ref      ] GC(199) Final: 84 encountered, 0 discovered, 0 enqueued
[2026-04-03T02:22:02.137+0600][73.145s][info][gc,ref      ] GC(199) Phantom: 620 encountered, 426 discovered, 0 enqueued
[2026-04-03T02:22:02.137+0600][73.145s][info][gc,reloc    ] GC(199) Small Pages: 152 / 304M, Empty: 38M, Relocated: 4M, In-Place: 0
[2026-04-03T02:22:02.137+0600][73.145s][info][gc,reloc    ] GC(199) Medium Pages: 4 / 64M, Empty: 48M, Relocated: 0M, In-Place: 0
[2026-04-03T02:22:02.137+0600][73.145s][info][gc,reloc    ] GC(199) Large Pages: 6 / 34M, Empty: 30M, Relocated: 0M, In-Place: 0
[2026-04-03T02:22:02.137+0600][73.145s][info][gc,reloc    ] GC(199) Forwarding Usage: 1M
[2026-04-03T02:22:02.137+0600][73.145s][info][gc,heap     ] GC(199) Min Capacity: 8M(1%)
[2026-04-03T02:22:02.137+0600][73.145s][info][gc,heap     ] GC(199) Max Capacity: 1000M(100%)
[2026-04-03T02:22:02.137+0600][73.145s][info][gc,heap     ] GC(199) Soft Max Capacity: 1000M(100%)
[2026-04-03T02:22:02.137+0600][73.145s][info][gc,heap     ] GC(199)                Mark Start          Mark End        Relocate Start      Relocate End           High               Low         
[2026-04-03T02:22:02.137+0600][73.145s][info][gc,heap     ] GC(199)  Capacity:     1000M (100%)       1000M (100%)       1000M (100%)       1000M (100%)       1000M (100%)       1000M (100%)   
[2026-04-03T02:22:02.137+0600][73.145s][info][gc,heap     ] GC(199)      Free:      598M (60%)         456M (46%)         548M (55%)         694M (69%)         694M (69%)         434M (43%)    
[2026-04-03T02:22:02.137+0600][73.145s][info][gc,heap     ] GC(199)      Used:      402M (40%)         544M (54%)         452M (45%)         306M (31%)         566M (57%)         306M (31%)    
[2026-04-03T02:22:02.137+0600][73.145s][info][gc,heap     ] GC(199)      Live:         -               109M (11%)         109M (11%)         109M (11%)            -                  -          
[2026-04-03T02:22:02.137+0600][73.145s][info][gc,heap     ] GC(199) Allocated:         -               142M (14%)         166M (17%)         171M (17%)            -                  -          
[2026-04-03T02:22:02.137+0600][73.145s][info][gc,heap     ] GC(199)   Garbage:         -               292M (29%)         176M (18%)          24M (2%)             -                  -          
[2026-04-03T02:22:02.137+0600][73.145s][info][gc,heap     ] GC(199) Reclaimed:         -                  -               116M (12%)         267M (27%)            -                  -          
[2026-04-03T02:22:02.137+0600][73.145s][info][gc          ] GC(199) Garbage Collection (Allocation Rate) 402M(40%)->306M(31%)
[2026-04-03T02:22:02.195+0600][73.203s][info][gc,start    ] GC(200) Garbage Collection (Allocation Rate)
[2026-04-03T02:22:02.195+0600][73.203s][info][gc,task     ] GC(200) Using 3 workers
[2026-04-03T02:22:02.196+0600][73.204s][info][gc,phases   ] GC(200) Pause Mark Start 0.012ms
[2026-04-03T02:22:02.323+0600][73.331s][info][gc,phases   ] GC(200) Concurrent Mark 127.418ms
[2026-04-03T02:22:02.324+0600][73.332s][info][gc,phases   ] GC(200) Pause Mark End 0.038ms
[2026-04-03T02:22:02.324+0600][73.332s][info][gc,phases   ] GC(200) Concurrent Mark Free 0.006ms
[2026-04-03T02:22:02.349+0600][73.357s][info][gc,phases   ] GC(200) Concurrent Process Non-Strong References 24.831ms
[2026-04-03T02:22:02.349+0600][73.357s][info][gc,phases   ] GC(200) Concurrent Reset Relocation Set 0.010ms
[2026-04-03T02:22:02.352+0600][73.360s][info][gc,phases   ] GC(200) Concurrent Select Relocation Set 3.593ms
[2026-04-03T02:22:02.353+0600][73.361s][info][gc,phases   ] GC(200) Pause Relocate Start 0.017ms
[2026-04-03T02:22:02.357+0600][73.365s][info][gc,phases   ] GC(200) Concurrent Relocate 4.020ms
[2026-04-03T02:22:02.357+0600][73.365s][info][gc,load     ] GC(200) Load: 7.19/6.50/5.97
[2026-04-03T02:22:02.357+0600][73.365s][info][gc,mmu      ] GC(200) MMU: 2ms/90.1%, 5ms/96.1%, 10ms/98.0%, 20ms/99.0%, 50ms/99.6%, 100ms/99.7%
[2026-04-03T02:22:02.357+0600][73.365s][info][gc,marking  ] GC(200) Mark: 2 stripe(s), 2 proactive flush(es), 1 terminate flush(es), 0 completion(s), 0 continuation(s) 
[2026-04-03T02:22:02.357+0600][73.365s][info][gc,marking  ] GC(200) Mark Stack Usage: 32M
[2026-04-03T02:22:02.357+0600][73.365s][info][gc,nmethod  ] GC(200) NMethods: 15219 registered, 2290 unregistered
[2026-04-03T02:22:02.357+0600][73.365s][info][gc,metaspace] GC(200) Metaspace: 128M used, 129M committed, 1152M reserved
[2026-04-03T02:22:02.357+0600][73.365s][info][gc,ref      ] GC(200) Soft: 3298 encountered, 0 discovered, 0 enqueued
[2026-04-03T02:22:02.357+0600][73.365s][info][gc,ref      ] GC(200) Weak: 15628 encountered, 4956 discovered, 11 enqueued
[2026-04-03T02:22:02.357+0600][73.365s][info][gc,ref      ] GC(200) Final: 84 encountered, 0 discovered, 0 enqueued
[2026-04-03T02:22:02.357+0600][73.365s][info][gc,ref      ] GC(200) Phantom: 620 encountered, 507 discovered, 0 enqueued
[2026-04-03T02:22:02.357+0600][73.365s][info][gc,reloc    ] GC(200) Small Pages: 147 / 294M, Empty: 60M, Relocated: 4M, In-Place: 0
[2026-04-03T02:22:02.357+0600][73.365s][info][gc,reloc    ] GC(200) Medium Pages: 4 / 64M, Empty: 48M, Relocated: 0M, In-Place: 0
[2026-04-03T02:22:02.357+0600][73.365s][info][gc,reloc    ] GC(200) Large Pages: 6 / 34M, Empty: 30M, Relocated: 0M, In-Place: 0
[2026-04-03T02:22:02.357+0600][73.365s][info][gc,reloc    ] GC(200) Forwarding Usage: 1M
[2026-04-03T02:22:02.357+0600][73.365s][info][gc,heap     ] GC(200) Min Capacity: 8M(1%)
[2026-04-03T02:22:02.357+0600][73.365s][info][gc,heap     ] GC(200) Max Capacity: 1000M(100%)
[2026-04-03T02:22:02.357+0600][73.365s][info][gc,heap     ] GC(200) Soft Max Capacity: 1000M(100%)
[2026-04-03T02:22:02.357+0600][73.365s][info][gc,heap     ] GC(200)                Mark Start          Mark End        Relocate Start      Relocate End           High               Low         
[2026-04-03T02:22:02.357+0600][73.365s][info][gc,heap     ] GC(200)  Capacity:     1000M (100%)       1000M (100%)       1000M (100%)       1000M (100%)       1000M (100%)       1000M (100%)   
[2026-04-03T02:22:02.357+0600][73.365s][info][gc,heap     ] GC(200)      Free:      608M (61%)         444M (44%)         526M (53%)         644M (64%)         644M (64%)         404M (40%)    
[2026-04-03T02:22:02.357+0600][73.365s][info][gc,heap     ] GC(200)      Used:      392M (39%)         556M (56%)         474M (47%)         356M (36%)         596M (60%)         356M (36%)    
[2026-04-03T02:22:02.357+0600][73.365s][info][gc,heap     ] GC(200)      Live:         -               109M (11%)         109M (11%)         109M (11%)            -                  -          
[2026-04-03T02:22:02.357+0600][73.365s][info][gc,heap     ] GC(200) Allocated:         -               164M (16%)         220M (22%)         221M (22%)            -                  -          
[2026-04-03T02:22:02.357+0600][73.365s][info][gc,heap     ] GC(200)   Garbage:         -               282M (28%)         144M (14%)          24M (2%)             -                  -          
[2026-04-03T02:22:02.357+0600][73.365s][info][gc,heap     ] GC(200) Reclaimed:         -                  -               138M (14%)         257M (26%)            -                  -          
[2026-04-03T02:22:02.357+0600][73.365s][info][gc          ] GC(200) Garbage Collection (Allocation Rate) 392M(39%)->356M(36%)
[2026-04-03T02:22:02.396+0600][73.404s][info][gc,start    ] GC(201) Garbage Collection (Allocation Rate)
[2026-04-03T02:22:02.396+0600][73.404s][info][gc,task     ] GC(201) Using 3 workers
[2026-04-03T02:22:02.396+0600][73.405s][info][gc,phases   ] GC(201) Pause Mark Start 0.019ms
[2026-04-03T02:22:02.499+0600][73.507s][info][gc,phases   ] GC(201) Concurrent Mark 102.626ms
[2026-04-03T02:22:02.499+0600][73.508s][info][gc,phases   ] GC(201) Pause Mark End 0.027ms
[2026-04-03T02:22:02.500+0600][73.508s][info][gc,phases   ] GC(201) Concurrent Mark Free 0.002ms
[2026-04-03T02:22:02.515+0600][73.524s][info][gc,phases   ] GC(201) Concurrent Process Non-Strong References 15.915ms
[2026-04-03T02:22:02.516+0600][73.524s][info][gc,phases   ] GC(201) Concurrent Reset Relocation Set 0.008ms
[2026-04-03T02:22:02.519+0600][73.527s][info][gc,phases   ] GC(201) Concurrent Select Relocation Set 3.758ms
[2026-04-03T02:22:02.519+0600][73.528s][info][gc,phases   ] GC(201) Pause Relocate Start 0.015ms
[2026-04-03T02:22:02.522+0600][73.530s][info][gc,phases   ] GC(201) Concurrent Relocate 2.503ms
[2026-04-03T02:22:02.522+0600][73.530s][info][gc,load     ] GC(201) Load: 7.19/6.50/5.97
[2026-04-03T02:22:02.522+0600][73.530s][info][gc,mmu      ] GC(201) MMU: 2ms/90.1%, 5ms/96.1%, 10ms/98.0%, 20ms/99.0%, 50ms/99.6%, 100ms/99.7%
[2026-04-03T02:22:02.522+0600][73.530s][info][gc,marking  ] GC(201) Mark: 2 stripe(s), 2 proactive flush(es), 1 terminate flush(es), 0 completion(s), 0 continuation(s) 
[2026-04-03T02:22:02.522+0600][73.530s][info][gc,marking  ] GC(201) Mark Stack Usage: 32M
[2026-04-03T02:22:02.522+0600][73.530s][info][gc,nmethod  ] GC(201) NMethods: 15219 registered, 2299 unregistered
[2026-04-03T02:22:02.522+0600][73.530s][info][gc,metaspace] GC(201) Metaspace: 128M used, 129M committed, 1152M reserved
[2026-04-03T02:22:02.522+0600][73.530s][info][gc,ref      ] GC(201) Soft: 3298 encountered, 0 discovered, 0 enqueued
[2026-04-03T02:22:02.522+0600][73.530s][info][gc,ref      ] GC(201) Weak: 15910 encountered, 5311 discovered, 1415 enqueued
[2026-04-03T02:22:02.522+0600][73.530s][info][gc,ref      ] GC(201) Final: 84 encountered, 0 discovered, 0 enqueued
[2026-04-03T02:22:02.522+0600][73.530s][info][gc,ref      ] GC(201) Phantom: 620 encountered, 503 discovered, 0 enqueued
[2026-04-03T02:22:02.522+0600][73.530s][info][gc,reloc    ] GC(201) Small Pages: 148 / 296M, Empty: 22M, Relocated: 3M, In-Place: 0
[2026-04-03T02:22:02.522+0600][73.530s][info][gc,reloc    ] GC(201) Medium Pages: 4 / 64M, Empty: 48M, Relocated: 0M, In-Place: 0
[2026-04-03T02:22:02.522+0600][73.530s][info][gc,reloc    ] GC(201) Large Pages: 5 / 28M, Empty: 24M, Relocated: 0M, In-Place: 0
[2026-04-03T02:22:02.522+0600][73.530s][info][gc,reloc    ] GC(201) Forwarding Usage: 1M
[2026-04-03T02:22:02.522+0600][73.530s][info][gc,heap     ] GC(201) Min Capacity: 8M(1%)
[2026-04-03T02:22:02.522+0600][73.530s][info][gc,heap     ] GC(201) Max Capacity: 1000M(100%)
[2026-04-03T02:22:02.522+0600][73.530s][info][gc,heap     ] GC(201) Soft Max Capacity: 1000M(100%)
[2026-04-03T02:22:02.522+0600][73.530s][info][gc,heap     ] GC(201)                Mark Start          Mark End        Relocate Start      Relocate End           High               Low         
[2026-04-03T02:22:02.522+0600][73.530s][info][gc,heap     ] GC(201)  Capacity:     1000M (100%)       1000M (100%)       1000M (100%)       1000M (100%)       1000M (100%)       1000M (100%)   
[2026-04-03T02:22:02.522+0600][73.530s][info][gc,heap     ] GC(201)      Free:      612M (61%)         488M (49%)         568M (57%)         726M (73%)         726M (73%)         474M (47%)    
[2026-04-03T02:22:02.522+0600][73.530s][info][gc,heap     ] GC(201)      Used:      388M (39%)         512M (51%)         432M (43%)         274M (27%)         526M (53%)         274M (27%)    
[2026-04-03T02:22:02.522+0600][73.530s][info][gc,heap     ] GC(201)      Live:         -               108M (11%)         108M (11%)         108M (11%)            -                  -          
[2026-04-03T02:22:02.522+0600][73.530s][info][gc,heap     ] GC(201) Allocated:         -               124M (12%)         138M (14%)         137M (14%)            -                  -          
[2026-04-03T02:22:02.522+0600][73.530s][info][gc,heap     ] GC(201)   Garbage:         -               279M (28%)         185M (19%)          27M (3%)             -                  -          
[2026-04-03T02:22:02.522+0600][73.530s][info][gc,heap     ] GC(201) Reclaimed:         -                  -                94M (9%)          251M (25%)            -                  -          
[2026-04-03T02:22:02.522+0600][73.530s][info][gc          ] GC(201) Garbage Collection (Allocation Rate) 388M(39%)->274M(27%)
[2026-04-03T02:22:02.695+0600][73.703s][info][gc,start    ] GC(202) Garbage Collection (Allocation Rate)
[2026-04-03T02:22:02.695+0600][73.703s][info][gc,task     ] GC(202) Using 3 workers
[2026-04-03T02:22:02.696+0600][73.704s][info][gc,phases   ] GC(202) Pause Mark Start 0.017ms
[2026-04-03T02:22:02.822+0600][73.831s][info][gc,phases   ] GC(202) Concurrent Mark 126.790ms
[2026-04-03T02:22:02.824+0600][73.832s][info][gc,phases   ] GC(202) Pause Mark End 0.037ms
[2026-04-03T02:22:02.824+0600][73.832s][info][gc,phases   ] GC(202) Concurrent Mark Free 0.001ms
[2026-04-03T02:22:02.881+0600][73.889s][info][gc,phases   ] GC(202) Concurrent Process Non-Strong References 57.061ms
[2026-04-03T02:22:02.881+0600][73.889s][info][gc,phases   ] GC(202) Concurrent Reset Relocation Set 0.010ms
[2026-04-03T02:22:02.885+0600][73.893s][info][gc,phases   ] GC(202) Concurrent Select Relocation Set 3.758ms
[2026-04-03T02:22:02.886+0600][73.894s][info][gc,phases   ] GC(202) Pause Relocate Start 0.014ms
[2026-04-03T02:22:02.891+0600][73.899s][info][gc,phases   ] GC(202) Concurrent Relocate 5.543ms
[2026-04-03T02:22:02.891+0600][73.900s][info][gc,load     ] GC(202) Load: 7.19/6.50/5.97
[2026-04-03T02:22:02.892+0600][73.900s][info][gc,mmu      ] GC(202) MMU: 2ms/90.1%, 5ms/96.1%, 10ms/98.0%, 20ms/99.0%, 50ms/99.6%, 100ms/99.7%
[2026-04-03T02:22:02.892+0600][73.900s][info][gc,marking  ] GC(202) Mark: 2 stripe(s), 2 proactive flush(es), 1 terminate flush(es), 0 completion(s), 0 continuation(s) 
[2026-04-03T02:22:02.892+0600][73.900s][info][gc,marking  ] GC(202) Mark Stack Usage: 32M
[2026-04-03T02:22:02.892+0600][73.900s][info][gc,nmethod  ] GC(202) NMethods: 15217 registered, 2305 unregistered
[2026-04-03T02:22:02.892+0600][73.900s][info][gc,metaspace] GC(202) Metaspace: 128M used, 129M committed, 1152M reserved
[2026-04-03T02:22:02.892+0600][73.900s][info][gc,ref      ] GC(202) Soft: 3372 encountered, 0 discovered, 0 enqueued
[2026-04-03T02:22:02.892+0600][73.900s][info][gc,ref      ] GC(202) Weak: 15139 encountered, 2652 discovered, 331 enqueued
[2026-04-03T02:22:02.892+0600][73.900s][info][gc,ref      ] GC(202) Final: 84 encountered, 0 discovered, 0 enqueued
[2026-04-03T02:22:02.892+0600][73.900s][info][gc,ref      ] GC(202) Phantom: 620 encountered, 315 discovered, 0 enqueued
[2026-04-03T02:22:02.892+0600][73.900s][info][gc,reloc    ] GC(202) Small Pages: 197 / 394M, Empty: 58M, Relocated: 6M, In-Place: 0
[2026-04-03T02:22:02.892+0600][73.900s][info][gc,reloc    ] GC(202) Medium Pages: 3 / 48M, Empty: 32M, Relocated: 0M, In-Place: 0
[2026-04-03T02:22:02.892+0600][73.900s][info][gc,reloc    ] GC(202) Large Pages: 8 / 46M, Empty: 42M, Relocated: 0M, In-Place: 0
[2026-04-03T02:22:02.892+0600][73.900s][info][gc,reloc    ] GC(202) Forwarding Usage: 2M
[2026-04-03T02:22:02.892+0600][73.900s][info][gc,heap     ] GC(202) Min Capacity: 8M(1%)
[2026-04-03T02:22:02.892+0600][73.900s][info][gc,heap     ] GC(202) Max Capacity: 1000M(100%)
[2026-04-03T02:22:02.892+0600][73.900s][info][gc,heap     ] GC(202) Soft Max Capacity: 1000M(100%)
[2026-04-03T02:22:02.892+0600][73.900s][info][gc,heap     ] GC(202)                Mark Start          Mark End        Relocate Start      Relocate End           High               Low         
[2026-04-03T02:22:02.892+0600][73.900s][info][gc,heap     ] GC(202)  Capacity:     1000M (100%)       1000M (100%)       1000M (100%)       1000M (100%)       1000M (100%)       1000M (100%)   
[2026-04-03T02:22:02.892+0600][73.900s][info][gc,heap     ] GC(202)      Free:      512M (51%)         318M (32%)         364M (36%)         574M (57%)         574M (57%)         232M (23%)    
[2026-04-03T02:22:02.892+0600][73.900s][info][gc,heap     ] GC(202)      Used:      488M (49%)         682M (68%)         636M (64%)         426M (43%)         768M (77%)         426M (43%)    
[2026-04-03T02:22:02.892+0600][73.900s][info][gc,heap     ] GC(202)      Live:         -               109M (11%)         109M (11%)         109M (11%)            -                  -          
[2026-04-03T02:22:02.892+0600][73.900s][info][gc,heap     ] GC(202) Allocated:         -               194M (19%)         280M (28%)         289M (29%)            -                  -          
[2026-04-03T02:22:02.892+0600][73.900s][info][gc,heap     ] GC(202)   Garbage:         -               378M (38%)         246M (25%)          26M (3%)             -                  -          
[2026-04-03T02:22:02.892+0600][73.900s][info][gc,heap     ] GC(202) Reclaimed:         -                  -               132M (13%)         351M (35%)            -                  -          
[2026-04-03T02:22:02.892+0600][73.900s][info][gc          ] GC(202) Garbage Collection (Allocation Rate) 488M(49%)->426M(43%)
[2026-04-03T02:22:02.895+0600][73.904s][info][gc,start    ] GC(203) Garbage Collection (Allocation Rate)
[2026-04-03T02:22:02.896+0600][73.904s][info][gc,task     ] GC(203) Using 3 workers
[2026-04-03T02:22:02.896+0600][73.904s][info][gc,phases   ] GC(203) Pause Mark Start 0.011ms
[2026-04-03T02:22:02.983+0600][73.992s][info][gc,phases   ] GC(203) Concurrent Mark 87.620ms
[2026-04-03T02:22:02.984+0600][73.992s][info][gc,phases   ] GC(203) Pause Mark End 0.034ms
[2026-04-03T02:22:02.984+0600][73.992s][info][gc,phases   ] GC(203) Concurrent Mark Free 0.003ms
[2026-04-03T02:22:03.009+0600][74.017s][info][gc,phases   ] GC(203) Concurrent Process Non-Strong References 24.985ms
[2026-04-03T02:22:03.009+0600][74.017s][info][gc,phases   ] GC(203) Concurrent Reset Relocation Set 0.017ms
[2026-04-03T02:22:03.016+0600][74.024s][info][gc,phases   ] GC(203) Concurrent Select Relocation Set 6.737ms
[2026-04-03T02:22:03.016+0600][74.024s][info][gc,phases   ] GC(203) Pause Relocate Start 0.021ms
[2026-04-03T02:22:03.024+0600][74.032s][info][gc,phases   ] GC(203) Concurrent Relocate 7.711ms
[2026-04-03T02:22:03.024+0600][74.033s][info][gc,load     ] GC(203) Load: 7.19/6.50/5.97
[2026-04-03T02:22:03.024+0600][74.033s][info][gc,mmu      ] GC(203) MMU: 2ms/90.1%, 5ms/96.1%, 10ms/98.0%, 20ms/99.0%, 50ms/99.6%, 100ms/99.7%
[2026-04-03T02:22:03.024+0600][74.033s][info][gc,marking  ] GC(203) Mark: 2 stripe(s), 3 proactive flush(es), 1 terminate flush(es), 0 completion(s), 0 continuation(s) 
[2026-04-03T02:22:03.025+0600][74.033s][info][gc,marking  ] GC(203) Mark Stack Usage: 32M
[2026-04-03T02:22:03.025+0600][74.033s][info][gc,nmethod  ] GC(203) NMethods: 15218 registered, 2307 unregistered
[2026-04-03T02:22:03.025+0600][74.033s][info][gc,metaspace] GC(203) Metaspace: 128M used, 129M committed, 1152M reserved
[2026-04-03T02:22:03.025+0600][74.033s][info][gc,ref      ] GC(203) Soft: 3368 encountered, 0 discovered, 0 enqueued
[2026-04-03T02:22:03.025+0600][74.033s][info][gc,ref      ] GC(203) Weak: 14939 encountered, 4438 discovered, 410 enqueued
[2026-04-03T02:22:03.025+0600][74.033s][info][gc,ref      ] GC(203) Final: 84 encountered, 0 discovered, 0 enqueued
[2026-04-03T02:22:03.025+0600][74.033s][info][gc,ref      ] GC(203) Phantom: 620 encountered, 472 discovered, 0 enqueued
[2026-04-03T02:22:03.025+0600][74.033s][info][gc,reloc    ] GC(203) Small Pages: 184 / 368M, Empty: 192M, Relocated: 5M, In-Place: 0
[2026-04-03T02:22:03.025+0600][74.033s][info][gc,reloc    ] GC(203) Medium Pages: 3 / 48M, Empty: 32M, Relocated: 0M, In-Place: 0
[2026-04-03T02:22:03.025+0600][74.033s][info][gc,reloc    ] GC(203) Large Pages: 2 / 10M, Empty: 6M, Relocated: 0M, In-Place: 0
[2026-04-03T02:22:03.025+0600][74.033s][info][gc,reloc    ] GC(203) Forwarding Usage: 1M
[2026-04-03T02:22:03.025+0600][74.033s][info][gc,heap     ] GC(203) Min Capacity: 8M(1%)
[2026-04-03T02:22:03.025+0600][74.033s][info][gc,heap     ] GC(203) Max Capacity: 1000M(100%)
[2026-04-03T02:22:03.025+0600][74.033s][info][gc,heap     ] GC(203) Soft Max Capacity: 1000M(100%)
[2026-04-03T02:22:03.025+0600][74.033s][info][gc,heap     ] GC(203)                Mark Start          Mark End        Relocate Start      Relocate End           High               Low         
[2026-04-03T02:22:03.025+0600][74.033s][info][gc,heap     ] GC(203)  Capacity:     1000M (100%)       1000M (100%)       1000M (100%)       1000M (100%)       1000M (100%)       1000M (100%)   
[2026-04-03T02:22:03.025+0600][74.033s][info][gc,heap     ] GC(203)      Free:      574M (57%)         486M (49%)         670M (67%)         718M (72%)         722M (72%)         456M (46%)    
[2026-04-03T02:22:03.025+0600][74.033s][info][gc,heap     ] GC(203)      Used:      426M (43%)         514M (51%)         330M (33%)         282M (28%)         544M (54%)         278M (28%)    
[2026-04-03T02:22:03.025+0600][74.033s][info][gc,heap     ] GC(203)      Live:         -               106M (11%)         106M (11%)         106M (11%)            -                  -          
[2026-04-03T02:22:03.025+0600][74.033s][info][gc,heap     ] GC(203) Allocated:         -                88M (9%)          134M (13%)         149M (15%)            -                  -          
[2026-04-03T02:22:03.025+0600][74.033s][info][gc,heap     ] GC(203)   Garbage:         -               319M (32%)          89M (9%)           25M (3%)             -                  -          
[2026-04-03T02:22:03.025+0600][74.033s][info][gc,heap     ] GC(203) Reclaimed:         -                  -               230M (23%)         293M (29%)            -                  -          
[2026-04-03T02:22:03.025+0600][74.033s][info][gc          ] GC(203) Garbage Collection (Allocation Rate) 426M(43%)->282M(28%)
[2026-04-03T02:22:03.196+0600][74.204s][info][gc,start    ] GC(204) Garbage Collection (Allocation Rate)
[2026-04-03T02:22:03.196+0600][74.204s][info][gc,task     ] GC(204) Using 3 workers
[2026-04-03T02:22:03.196+0600][74.204s][info][gc,phases   ] GC(204) Pause Mark Start 0.019ms
[2026-04-03T02:22:03.309+0600][74.317s][info][gc,phases   ] GC(204) Concurrent Mark 112.719ms
[2026-04-03T02:22:03.309+0600][74.317s][info][gc,phases   ] GC(204) Pause Mark End 0.027ms
[2026-04-03T02:22:03.309+0600][74.317s][info][gc,phases   ] GC(204) Concurrent Mark Free 0.002ms
[2026-04-03T02:22:03.327+0600][74.335s][info][gc,phases   ] GC(204) Concurrent Process Non-Strong References 17.246ms
[2026-04-03T02:22:03.327+0600][74.335s][info][gc,phases   ] GC(204) Concurrent Reset Relocation Set 0.008ms
[2026-04-03T02:22:03.331+0600][74.339s][info][gc,phases   ] GC(204) Concurrent Select Relocation Set 4.634ms
[2026-04-03T02:22:03.332+0600][74.340s][info][gc,phases   ] GC(204) Pause Relocate Start 0.015ms
[2026-04-03T02:22:03.337+0600][74.345s][info][gc,phases   ] GC(204) Concurrent Relocate 5.070ms
[2026-04-03T02:22:03.337+0600][74.345s][info][gc,load     ] GC(204) Load: 7.19/6.50/5.97
[2026-04-03T02:22:03.337+0600][74.345s][info][gc,mmu      ] GC(204) MMU: 2ms/90.1%, 5ms/96.1%, 10ms/98.0%, 20ms/99.0%, 50ms/99.6%, 100ms/99.7%
[2026-04-03T02:22:03.337+0600][74.345s][info][gc,marking  ] GC(204) Mark: 2 stripe(s), 2 proactive flush(es), 1 terminate flush(es), 0 completion(s), 0 continuation(s) 
[2026-04-03T02:22:03.337+0600][74.345s][info][gc,marking  ] GC(204) Mark Stack Usage: 32M
[2026-04-03T02:22:03.337+0600][74.345s][info][gc,nmethod  ] GC(204) NMethods: 15226 registered, 2313 unregistered
[2026-04-03T02:22:03.337+0600][74.345s][info][gc,metaspace] GC(204) Metaspace: 128M used, 129M committed, 1152M reserved
[2026-04-03T02:22:03.337+0600][74.345s][info][gc,ref      ] GC(204) Soft: 3380 encountered, 0 discovered, 0 enqueued
[2026-04-03T02:22:03.337+0600][74.345s][info][gc,ref      ] GC(204) Weak: 14928 encountered, 4623 discovered, 85 enqueued
[2026-04-03T02:22:03.337+0600][74.345s][info][gc,ref      ] GC(204) Final: 84 encountered, 0 discovered, 0 enqueued
[2026-04-03T02:22:03.337+0600][74.345s][info][gc,ref      ] GC(204) Phantom: 620 encountered, 414 discovered, 0 enqueued
[2026-04-03T02:22:03.337+0600][74.345s][info][gc,reloc    ] GC(204) Small Pages: 233 / 466M, Empty: 152M, Relocated: 6M, In-Place: 0
[2026-04-03T02:22:03.337+0600][74.345s][info][gc,reloc    ] GC(204) Medium Pages: 3 / 48M, Empty: 32M, Relocated: 0M, In-Place: 0
[2026-04-03T02:22:03.337+0600][74.345s][info][gc,reloc    ] GC(204) Large Pages: 7 / 40M, Empty: 36M, Relocated: 0M, In-Place: 0
[2026-04-03T02:22:03.337+0600][74.345s][info][gc,reloc    ] GC(204) Forwarding Usage: 2M
[2026-04-03T02:22:03.337+0600][74.345s][info][gc,heap     ] GC(204) Min Capacity: 8M(1%)
[2026-04-03T02:22:03.337+0600][74.345s][info][gc,heap     ] GC(204) Max Capacity: 1000M(100%)
[2026-04-03T02:22:03.337+0600][74.345s][info][gc,heap     ] GC(204) Soft Max Capacity: 1000M(100%)
[2026-04-03T02:22:03.337+0600][74.345s][info][gc,heap     ] GC(204)                Mark Start          Mark End        Relocate Start      Relocate End           High               Low         
[2026-04-03T02:22:03.337+0600][74.345s][info][gc,heap     ] GC(204)  Capacity:     1000M (100%)       1000M (100%)       1000M (100%)       1000M (100%)       1000M (100%)       1000M (100%)   
[2026-04-03T02:22:03.337+0600][74.345s][info][gc,heap     ] GC(204)      Free:      446M (45%)         284M (28%)         472M (47%)         672M (67%)         672M (67%)         266M (27%)    
[2026-04-03T02:22:03.337+0600][74.345s][info][gc,heap     ] GC(204)      Used:      554M (55%)         716M (72%)         528M (53%)         328M (33%)         734M (73%)         328M (33%)    
[2026-04-03T02:22:03.337+0600][74.345s][info][gc,heap     ] GC(204)      Live:         -               105M (11%)         105M (11%)         105M (11%)            -                  -          
[2026-04-03T02:22:03.337+0600][74.345s][info][gc,heap     ] GC(204) Allocated:         -               162M (16%)         194M (19%)         197M (20%)            -                  -          
[2026-04-03T02:22:03.337+0600][74.345s][info][gc,heap     ] GC(204)   Garbage:         -               448M (45%)         228M (23%)          24M (2%)             -                  -          
[2026-04-03T02:22:03.337+0600][74.345s][info][gc,heap     ] GC(204) Reclaimed:         -                  -               220M (22%)         423M (42%)            -                  -          
[2026-04-03T02:22:03.337+0600][74.345s][info][gc          ] GC(204) Garbage Collection (Allocation Rate) 554M(55%)->328M(33%)
[2026-04-03T02:22:03.496+0600][74.504s][info][gc,start    ] GC(205) Garbage Collection (Allocation Rate)
[2026-04-03T02:22:03.496+0600][74.504s][info][gc,task     ] GC(205) Using 3 workers
[2026-04-03T02:22:03.496+0600][74.504s][info][gc,phases   ] GC(205) Pause Mark Start 0.026ms
[2026-04-03T02:22:03.570+0600][74.578s][info][gc,phases   ] GC(205) Concurrent Mark 73.083ms
[2026-04-03T02:22:03.570+0600][74.578s][info][gc,phases   ] GC(205) Pause Mark End 0.023ms
[2026-04-03T02:22:03.570+0600][74.578s][info][gc,phases   ] GC(205) Concurrent Mark Free 0.002ms
[2026-04-03T02:22:03.584+0600][74.592s][info][gc,phases   ] GC(205) Concurrent Process Non-Strong References 13.911ms
[2026-04-03T02:22:03.584+0600][74.592s][info][gc,phases   ] GC(205) Concurrent Reset Relocation Set 0.012ms
[2026-04-03T02:22:03.588+0600][74.596s][info][gc,phases   ] GC(205) Concurrent Select Relocation Set 3.696ms
[2026-04-03T02:22:03.588+0600][74.596s][info][gc,phases   ] GC(205) Pause Relocate Start 0.012ms
[2026-04-03T02:22:03.594+0600][74.602s][info][gc,phases   ] GC(205) Concurrent Relocate 5.334ms
[2026-04-03T02:22:03.594+0600][74.602s][info][gc,load     ] GC(205) Load: 7.19/6.50/5.97
[2026-04-03T02:22:03.594+0600][74.602s][info][gc,mmu      ] GC(205) MMU: 2ms/90.1%, 5ms/96.1%, 10ms/98.0%, 20ms/99.0%, 50ms/99.6%, 100ms/99.7%
[2026-04-03T02:22:03.594+0600][74.602s][info][gc,marking  ] GC(205) Mark: 2 stripe(s), 3 proactive flush(es), 1 terminate flush(es), 0 completion(s), 0 continuation(s) 
[2026-04-03T02:22:03.594+0600][74.602s][info][gc,marking  ] GC(205) Mark Stack Usage: 32M
[2026-04-03T02:22:03.594+0600][74.602s][info][gc,nmethod  ] GC(205) NMethods: 15218 registered, 2336 unregistered
[2026-04-03T02:22:03.594+0600][74.602s][info][gc,metaspace] GC(205) Metaspace: 128M used, 129M committed, 1152M reserved
[2026-04-03T02:22:03.594+0600][74.602s][info][gc,ref      ] GC(205) Soft: 3414 encountered, 0 discovered, 0 enqueued
[2026-04-03T02:22:03.594+0600][74.602s][info][gc,ref      ] GC(205) Weak: 15350 encountered, 5260 discovered, 832 enqueued
[2026-04-03T02:22:03.594+0600][74.602s][info][gc,ref      ] GC(205) Final: 84 encountered, 0 discovered, 0 enqueued
[2026-04-03T02:22:03.594+0600][74.602s][info][gc,ref      ] GC(205) Phantom: 620 encountered, 429 discovered, 0 enqueued
[2026-04-03T02:22:03.594+0600][74.602s][info][gc,reloc    ] GC(205) Small Pages: 206 / 412M, Empty: 186M, Relocated: 6M, In-Place: 0
[2026-04-03T02:22:03.594+0600][74.602s][info][gc,reloc    ] GC(205) Medium Pages: 5 / 80M, Empty: 64M, Relocated: 0M, In-Place: 0
[2026-04-03T02:22:03.594+0600][74.602s][info][gc,reloc    ] GC(205) Large Pages: 7 / 40M, Empty: 36M, Relocated: 0M, In-Place: 0
[2026-04-03T02:22:03.594+0600][74.602s][info][gc,reloc    ] GC(205) Forwarding Usage: 2M
[2026-04-03T02:22:03.594+0600][74.602s][info][gc,heap     ] GC(205) Min Capacity: 8M(1%)
[2026-04-03T02:22:03.594+0600][74.602s][info][gc,heap     ] GC(205) Max Capacity: 1000M(100%)
[2026-04-03T02:22:03.594+0600][74.602s][info][gc,heap     ] GC(205) Soft Max Capacity: 1000M(100%)
[2026-04-03T02:22:03.594+0600][74.602s][info][gc,heap     ] GC(205)                Mark Start          Mark End        Relocate Start      Relocate End           High               Low         
[2026-04-03T02:22:03.594+0600][74.602s][info][gc,heap     ] GC(205)  Capacity:     1000M (100%)       1000M (100%)       1000M (100%)       1000M (100%)       1000M (100%)       1000M (100%)   
[2026-04-03T02:22:03.594+0600][74.602s][info][gc,heap     ] GC(205)      Free:      468M (47%)         458M (46%)         724M (72%)         834M (83%)         838M (84%)         458M (46%)    
[2026-04-03T02:22:03.594+0600][74.602s][info][gc,heap     ] GC(205)      Used:      532M (53%)         542M (54%)         276M (28%)         166M (17%)         542M (54%)         162M (16%)    
[2026-04-03T02:22:03.594+0600][74.602s][info][gc,heap     ] GC(205)      Live:         -               103M (10%)         103M (10%)         103M (10%)            -                  -          
[2026-04-03T02:22:03.594+0600][74.602s][info][gc,heap     ] GC(205) Allocated:         -                10M (1%)           30M (3%)           37M (4%)             -                  -          
[2026-04-03T02:22:03.594+0600][74.602s][info][gc,heap     ] GC(205)   Garbage:         -               428M (43%)         142M (14%)          24M (2%)             -                  -          
[2026-04-03T02:22:03.594+0600][74.602s][info][gc,heap     ] GC(205) Reclaimed:         -                  -               286M (29%)         403M (40%)            -                  -          
[2026-04-03T02:22:03.594+0600][74.602s][info][gc          ] GC(205) Garbage Collection (Allocation Rate) 532M(53%)->166M(17%)
[2026-04-03T02:22:03.594+0600][74.602s][info][gc,start    ] GC(206) Garbage Collection (System.gc())
[2026-04-03T02:22:03.594+0600][74.602s][info][gc,task     ] GC(206) Using 3 workers
[2026-04-03T02:22:03.594+0600][74.602s][info][gc,phases   ] GC(206) Pause Mark Start 0.011ms
[2026-04-03T02:22:03.662+0600][74.670s][info][gc,phases   ] GC(206) Concurrent Mark 67.527ms
[2026-04-03T02:22:03.662+0600][74.670s][info][gc,phases   ] GC(206) Pause Mark End 0.025ms
[2026-04-03T02:22:03.662+0600][74.670s][info][gc,phases   ] GC(206) Concurrent Mark Free 0.002ms
[2026-04-03T02:22:03.675+0600][74.684s][info][gc,phases   ] GC(206) Concurrent Process Non-Strong References 13.391ms
[2026-04-03T02:22:03.676+0600][74.684s][info][gc,phases   ] GC(206) Concurrent Reset Relocation Set 0.008ms
[2026-04-03T02:22:03.678+0600][74.686s][info][gc,phases   ] GC(206) Concurrent Select Relocation Set 2.704ms
[2026-04-03T02:22:03.678+0600][74.686s][info][gc,phases   ] GC(206) Pause Relocate Start 0.011ms
[2026-04-03T02:22:03.680+0600][74.688s][info][gc,phases   ] GC(206) Concurrent Relocate 1.145ms
[2026-04-03T02:22:03.680+0600][74.688s][info][gc,load     ] GC(206) Load: 7.19/6.50/5.97
[2026-04-03T02:22:03.680+0600][74.688s][info][gc,mmu      ] GC(206) MMU: 2ms/90.1%, 5ms/96.1%, 10ms/98.0%, 20ms/99.0%, 50ms/99.6%, 100ms/99.7%
[2026-04-03T02:22:03.680+0600][74.688s][info][gc,marking  ] GC(206) Mark: 2 stripe(s), 2 proactive flush(es), 1 terminate flush(es), 0 completion(s), 0 continuation(s) 
[2026-04-03T02:22:03.680+0600][74.688s][info][gc,marking  ] GC(206) Mark Stack Usage: 32M
[2026-04-03T02:22:03.680+0600][74.688s][info][gc,nmethod  ] GC(206) NMethods: 15218 registered, 2337 unregistered
[2026-04-03T02:22:03.680+0600][74.688s][info][gc,metaspace] GC(206) Metaspace: 128M used, 129M committed, 1152M reserved
[2026-04-03T02:22:03.680+0600][74.688s][info][gc,ref      ] GC(206) Soft: 3414 encountered, 0 discovered, 0 enqueued
[2026-04-03T02:22:03.680+0600][74.688s][info][gc,ref      ] GC(206) Weak: 14520 encountered, 6141 discovered, 26 enqueued
[2026-04-03T02:22:03.680+0600][74.688s][info][gc,ref      ] GC(206) Final: 84 encountered, 0 discovered, 0 enqueued
[2026-04-03T02:22:03.680+0600][74.688s][info][gc,ref      ] GC(206) Phantom: 620 encountered, 486 discovered, 0 enqueued
[2026-04-03T02:22:03.680+0600][74.688s][info][gc,reloc    ] GC(206) Small Pages: 73 / 146M, Empty: 6M, Relocated: 1M, In-Place: 0
[2026-04-03T02:22:03.680+0600][74.688s][info][gc,reloc    ] GC(206) Medium Pages: 1 / 16M, Empty: 0M, Relocated: 0M, In-Place: 0
[2026-04-03T02:22:03.680+0600][74.688s][info][gc,reloc    ] GC(206) Large Pages: 1 / 4M, Empty: 0M, Relocated: 0M, In-Place: 0
[2026-04-03T02:22:03.680+0600][74.688s][info][gc,reloc    ] GC(206) Forwarding Usage: 0M
[2026-04-03T02:22:03.680+0600][74.688s][info][gc,heap     ] GC(206) Min Capacity: 8M(1%)
[2026-04-03T02:22:03.680+0600][74.688s][info][gc,heap     ] GC(206) Max Capacity: 1000M(100%)
[2026-04-03T02:22:03.680+0600][74.688s][info][gc,heap     ] GC(206) Soft Max Capacity: 1000M(100%)
[2026-04-03T02:22:03.680+0600][74.688s][info][gc,heap     ] GC(206)                Mark Start          Mark End        Relocate Start      Relocate End           High               Low         
[2026-04-03T02:22:03.680+0600][74.688s][info][gc,heap     ] GC(206)  Capacity:     1000M (100%)       1000M (100%)       1000M (100%)       1000M (100%)       1000M (100%)       1000M (100%)   
[2026-04-03T02:22:03.680+0600][74.688s][info][gc,heap     ] GC(206)      Free:      834M (83%)         834M (83%)         840M (84%)         872M (87%)         872M (87%)         834M (83%)    
[2026-04-03T02:22:03.680+0600][74.688s][info][gc,heap     ] GC(206)      Used:      166M (17%)         166M (17%)         160M (16%)         128M (13%)         166M (17%)         128M (13%)    
[2026-04-03T02:22:03.680+0600][74.688s][info][gc,heap     ] GC(206)      Live:         -               103M (10%)         103M (10%)         103M (10%)            -                  -          
[2026-04-03T02:22:03.680+0600][74.688s][info][gc,heap     ] GC(206) Allocated:         -                 0M (0%)            0M (0%)            0M (0%)             -                  -          
[2026-04-03T02:22:03.680+0600][74.688s][info][gc,heap     ] GC(206)   Garbage:         -                62M (6%)           56M (6%)           24M (2%)             -                  -          
[2026-04-03T02:22:03.680+0600][74.688s][info][gc,heap     ] GC(206) Reclaimed:         -                  -                 6M (1%)           38M (4%)             -                  -          
[2026-04-03T02:22:03.680+0600][74.688s][info][gc          ] GC(206) Garbage Collection (System.gc()) 166M(17%)->128M(13%)
[2026-04-03T02:22:03.895+0600][74.904s][info][gc,start    ] GC(207) Garbage Collection (Allocation Rate)
[2026-04-03T02:22:03.896+0600][74.904s][info][gc,task     ] GC(207) Using 3 workers
[2026-04-03T02:22:03.896+0600][74.904s][info][gc,phases   ] GC(207) Pause Mark Start 0.020ms
[2026-04-03T02:22:03.985+0600][74.993s][info][gc,phases   ] GC(207) Concurrent Mark 89.067ms
[2026-04-03T02:22:03.985+0600][74.993s][info][gc,phases   ] GC(207) Pause Mark End 0.023ms
[2026-04-03T02:22:03.985+0600][74.993s][info][gc,phases   ] GC(207) Concurrent Mark Free 0.002ms
[2026-04-03T02:22:03.999+0600][75.007s][info][gc,phases   ] GC(207) Concurrent Process Non-Strong References 13.879ms
[2026-04-03T02:22:03.999+0600][75.007s][info][gc,phases   ] GC(207) Concurrent Reset Relocation Set 0.003ms
[2026-04-03T02:22:03.999+0600][75.007s][info][gc          ] Allocation Stall (Executor task launch worker for task 0.0 in stage 3126.0 (TID 5677)) 59.248ms
[2026-04-03T02:22:03.999+0600][75.008s][info][gc          ] Allocation Stall (Executor task launch worker for task 1.0 in stage 3126.0 (TID 5678)) 56.940ms
[2026-04-03T02:22:03.999+0600][75.008s][info][gc          ] Allocation Stall (Executor task launch worker for task 2.0 in stage 3126.0 (TID 5679)) 54.064ms
[2026-04-03T02:22:03.999+0600][75.008s][info][gc          ] Allocation Stall (Executor task launch worker for task 3.0 in stage 3126.0 (TID 5680)) 56.169ms
[2026-04-03T02:22:04.002+0600][75.011s][info][gc,phases   ] GC(207) Concurrent Select Relocation Set 3.165ms
[2026-04-03T02:22:04.003+0600][75.011s][info][gc,phases   ] GC(207) Pause Relocate Start 0.041ms
[2026-04-03T02:22:04.006+0600][75.014s][info][gc,phases   ] GC(207) Concurrent Relocate 3.442ms
[2026-04-03T02:22:04.006+0600][75.014s][info][gc,load     ] GC(207) Load: 7.19/6.50/5.97
[2026-04-03T02:22:04.006+0600][75.014s][info][gc,mmu      ] GC(207) MMU: 2ms/90.1%, 5ms/96.1%, 10ms/98.0%, 20ms/99.0%, 50ms/99.6%, 100ms/99.7%
[2026-04-03T02:22:04.006+0600][75.014s][info][gc,marking  ] GC(207) Mark: 2 stripe(s), 2 proactive flush(es), 1 terminate flush(es), 0 completion(s), 0 continuation(s) 
[2026-04-03T02:22:04.006+0600][75.014s][info][gc,marking  ] GC(207) Mark Stack Usage: 32M
[2026-04-03T02:22:04.006+0600][75.015s][info][gc,nmethod  ] GC(207) NMethods: 15222 registered, 2343 unregistered
[2026-04-03T02:22:04.006+0600][75.015s][info][gc,metaspace] GC(207) Metaspace: 128M used, 129M committed, 1152M reserved
[2026-04-03T02:22:04.006+0600][75.015s][info][gc,ref      ] GC(207) Soft: 3432 encountered, 0 discovered, 0 enqueued
[2026-04-03T02:22:04.006+0600][75.015s][info][gc,ref      ] GC(207) Weak: 15016 encountered, 4056 discovered, 392 enqueued
[2026-04-03T02:22:04.006+0600][75.015s][info][gc,ref      ] GC(207) Final: 84 encountered, 0 discovered, 0 enqueued
[2026-04-03T02:22:04.006+0600][75.015s][info][gc,ref      ] GC(207) Phantom: 631 encountered, 477 discovered, 0 enqueued
[2026-04-03T02:22:04.006+0600][75.015s][info][gc,reloc    ] GC(207) Small Pages: 120 / 240M, Empty: 30M, Relocated: 6M, In-Place: 0
[2026-04-03T02:22:04.007+0600][75.015s][info][gc,reloc    ] GC(207) Medium Pages: 3 / 48M, Empty: 32M, Relocated: 0M, In-Place: 0
[2026-04-03T02:22:04.007+0600][75.015s][info][gc,reloc    ] GC(207) Large Pages: 87 / 520M, Empty: 498M, Relocated: 0M, In-Place: 0
[2026-04-03T02:22:04.007+0600][75.015s][info][gc,reloc    ] GC(207) Forwarding Usage: 1M
[2026-04-03T02:22:04.007+0600][75.015s][info][gc,heap     ] GC(207) Min Capacity: 8M(1%)
[2026-04-03T02:22:04.007+0600][75.015s][info][gc,heap     ] GC(207) Max Capacity: 1000M(100%)
[2026-04-03T02:22:04.007+0600][75.015s][info][gc,heap     ] GC(207) Soft Max Capacity: 1000M(100%)
[2026-04-03T02:22:04.007+0600][75.015s][info][gc,heap     ] GC(207)                Mark Start          Mark End        Relocate Start      Relocate End           High               Low         
[2026-04-03T02:22:04.007+0600][75.015s][info][gc,heap     ] GC(207)  Capacity:     1000M (100%)       1000M (100%)       1000M (100%)       1000M (100%)       1000M (100%)       1000M (100%)   
[2026-04-03T02:22:04.007+0600][75.015s][info][gc,heap     ] GC(207)      Free:      192M (19%)           0M (0%)          522M (52%)         560M (56%)         590M (59%)           0M (0%)     
[2026-04-03T02:22:04.007+0600][75.015s][info][gc,heap     ] GC(207)      Used:      808M (81%)        1000M (100%)        478M (48%)         440M (44%)        1000M (100%)        410M (41%)    
[2026-04-03T02:22:04.007+0600][75.015s][info][gc,heap     ] GC(207)      Live:         -               125M (13%)         125M (13%)         125M (13%)            -                  -          
[2026-04-03T02:22:04.007+0600][75.015s][info][gc,heap     ] GC(207) Allocated:         -               192M (19%)         230M (23%)         289M (29%)            -                  -          
[2026-04-03T02:22:04.007+0600][75.015s][info][gc,heap     ] GC(207)   Garbage:         -               682M (68%)         122M (12%)          25M (3%)             -                  -          
[2026-04-03T02:22:04.007+0600][75.015s][info][gc,heap     ] GC(207) Reclaimed:         -                  -               560M (56%)         657M (66%)            -                  -          
[2026-04-03T02:22:04.007+0600][75.015s][info][gc          ] GC(207) Garbage Collection (Allocation Rate) 808M(81%)->440M(44%)
[2026-04-03T02:22:04.096+0600][75.104s][info][gc,start    ] GC(208) Garbage Collection (Allocation Stall)
[2026-04-03T02:22:04.096+0600][75.104s][info][gc,ref      ] GC(208) Clearing All SoftReferences
[2026-04-03T02:22:04.096+0600][75.104s][info][gc,task     ] GC(208) Using 3 workers
[2026-04-03T02:22:04.096+0600][75.104s][info][gc,ref      ] GC(208) Clearing All SoftReferences
[2026-04-03T02:22:04.096+0600][75.104s][info][gc,phases   ] GC(208) Pause Mark Start 0.032ms
[2026-04-03T02:22:04.210+0600][75.218s][info][gc,phases   ] GC(208) Concurrent Mark 113.853ms
[2026-04-03T02:22:04.210+0600][75.218s][info][gc,phases   ] GC(208) Pause Mark End 0.033ms
[2026-04-03T02:22:04.210+0600][75.218s][info][gc,phases   ] GC(208) Concurrent Mark Free 0.002ms
[2026-04-03T02:22:04.259+0600][75.267s][info][gc,phases   ] GC(208) Concurrent Process Non-Strong References 48.704ms
[2026-04-03T02:22:04.259+0600][75.267s][info][gc,phases   ] GC(208) Concurrent Reset Relocation Set 0.010ms
[2026-04-03T02:22:04.264+0600][75.272s][info][gc,phases   ] GC(208) Concurrent Select Relocation Set 4.589ms
[2026-04-03T02:22:04.264+0600][75.272s][info][gc,phases   ] GC(208) Pause Relocate Start 0.017ms
[2026-04-03T02:22:04.268+0600][75.276s][info][gc,phases   ] GC(208) Concurrent Relocate 3.728ms
[2026-04-03T02:22:04.268+0600][75.276s][info][gc,load     ] GC(208) Load: 7.19/6.50/5.97
[2026-04-03T02:22:04.268+0600][75.276s][info][gc,mmu      ] GC(208) MMU: 2ms/90.1%, 5ms/96.1%, 10ms/98.0%, 20ms/99.0%, 50ms/99.6%, 100ms/99.7%
[2026-04-03T02:22:04.268+0600][75.276s][info][gc,marking  ] GC(208) Mark: 2 stripe(s), 2 proactive flush(es), 1 terminate flush(es), 0 completion(s), 0 continuation(s) 
[2026-04-03T02:22:04.268+0600][75.276s][info][gc,marking  ] GC(208) Mark Stack Usage: 32M
[2026-04-03T02:22:04.268+0600][75.276s][info][gc,nmethod  ] GC(208) NMethods: 15230 registered, 2349 unregistered
[2026-04-03T02:22:04.268+0600][75.276s][info][gc,metaspace] GC(208) Metaspace: 128M used, 129M committed, 1152M reserved
[2026-04-03T02:22:04.268+0600][75.276s][info][gc,ref      ] GC(208) Soft: 3388 encountered, 731 discovered, 143 enqueued
[2026-04-03T02:22:04.268+0600][75.276s][info][gc,ref      ] GC(208) Weak: 14817 encountered, 4447 discovered, 190 enqueued
[2026-04-03T02:22:04.268+0600][75.276s][info][gc,ref      ] GC(208) Final: 84 encountered, 0 discovered, 0 enqueued
[2026-04-03T02:22:04.268+0600][75.276s][info][gc,ref      ] GC(208) Phantom: 620 encountered, 511 discovered, 0 enqueued
[2026-04-03T02:22:04.268+0600][75.276s][info][gc,reloc    ] GC(208) Small Pages: 114 / 228M, Empty: 22M, Relocated: 5M, In-Place: 0
[2026-04-03T02:22:04.268+0600][75.276s][info][gc,reloc    ] GC(208) Medium Pages: 3 / 48M, Empty: 32M, Relocated: 0M, In-Place: 0
[2026-04-03T02:22:04.268+0600][75.276s][info][gc,reloc    ] GC(208) Large Pages: 55 / 328M, Empty: 324M, Relocated: 0M, In-Place: 0
[2026-04-03T02:22:04.268+0600][75.276s][info][gc,reloc    ] GC(208) Forwarding Usage: 1M
[2026-04-03T02:22:04.268+0600][75.276s][info][gc,heap     ] GC(208) Min Capacity: 8M(1%)
[2026-04-03T02:22:04.268+0600][75.276s][info][gc,heap     ] GC(208) Max Capacity: 1000M(100%)
[2026-04-03T02:22:04.268+0600][75.276s][info][gc,heap     ] GC(208) Soft Max Capacity: 1000M(100%)
[2026-04-03T02:22:04.268+0600][75.276s][info][gc,heap     ] GC(208)                Mark Start          Mark End        Relocate Start      Relocate End           High               Low         
[2026-04-03T02:22:04.268+0600][75.276s][info][gc,heap     ] GC(208)  Capacity:     1000M (100%)       1000M (100%)       1000M (100%)       1000M (100%)       1000M (100%)       1000M (100%)   
[2026-04-03T02:22:04.268+0600][75.276s][info][gc,heap     ] GC(208)      Free:      396M (40%)         304M (30%)         660M (66%)         752M (75%)         754M (75%)         288M (29%)    
[2026-04-03T02:22:04.268+0600][75.276s][info][gc,heap     ] GC(208)      Used:      604M (60%)         696M (70%)         340M (34%)         248M (25%)         712M (71%)         246M (25%)    
[2026-04-03T02:22:04.268+0600][75.276s][info][gc,heap     ] GC(208)      Live:         -               106M (11%)         106M (11%)         106M (11%)            -                  -          
[2026-04-03T02:22:04.268+0600][75.277s][info][gc,heap     ] GC(208) Allocated:         -                92M (9%)          114M (11%)         115M (12%)            -                  -          
[2026-04-03T02:22:04.268+0600][75.277s][info][gc,heap     ] GC(208)   Garbage:         -               497M (50%)         119M (12%)          25M (3%)             -                  -          
[2026-04-03T02:22:04.268+0600][75.277s][info][gc,heap     ] GC(208) Reclaimed:         -                  -               378M (38%)         471M (47%)            -                  -          
[2026-04-03T02:22:04.268+0600][75.277s][info][gc          ] GC(208) Garbage Collection (Allocation Stall) 604M(60%)->248M(25%)
[2026-04-03T02:22:04.296+0600][75.304s][info][gc,start    ] GC(209) Garbage Collection (Allocation Rate)
[2026-04-03T02:22:04.296+0600][75.304s][info][gc,task     ] GC(209) Using 3 workers
[2026-04-03T02:22:04.296+0600][75.304s][info][gc,phases   ] GC(209) Pause Mark Start 0.009ms
[2026-04-03T02:22:04.388+0600][75.396s][info][gc,phases   ] GC(209) Concurrent Mark 91.587ms
[2026-04-03T02:22:04.388+0600][75.396s][info][gc,phases   ] GC(209) Pause Mark End 0.033ms
[2026-04-03T02:22:04.389+0600][75.397s][info][gc,phases   ] GC(209) Concurrent Mark Free 0.002ms
[2026-04-03T02:22:04.406+0600][75.414s][info][gc,phases   ] GC(209) Concurrent Process Non-Strong References 17.322ms
[2026-04-03T02:22:04.406+0600][75.414s][info][gc,phases   ] GC(209) Concurrent Reset Relocation Set 0.010ms
[2026-04-03T02:22:04.410+0600][75.418s][info][gc,phases   ] GC(209) Concurrent Select Relocation Set 4.110ms
[2026-04-03T02:22:04.410+0600][75.419s][info][gc,phases   ] GC(209) Pause Relocate Start 0.016ms
[2026-04-03T02:22:04.412+0600][75.420s][info][gc,phases   ] GC(209) Concurrent Relocate 1.402ms
[2026-04-03T02:22:04.412+0600][75.420s][info][gc,load     ] GC(209) Load: 7.19/6.50/5.97
[2026-04-03T02:22:04.412+0600][75.420s][info][gc,mmu      ] GC(209) MMU: 2ms/90.1%, 5ms/96.1%, 10ms/98.0%, 20ms/99.0%, 50ms/99.6%, 100ms/99.7%
[2026-04-03T02:22:04.412+0600][75.420s][info][gc,marking  ] GC(209) Mark: 2 stripe(s), 2 proactive flush(es), 1 terminate flush(es), 0 completion(s), 0 continuation(s) 
[2026-04-03T02:22:04.412+0600][75.420s][info][gc,marking  ] GC(209) Mark Stack Usage: 32M
[2026-04-03T02:22:04.412+0600][75.420s][info][gc,nmethod  ] GC(209) NMethods: 15227 registered, 2354 unregistered
[2026-04-03T02:22:04.412+0600][75.420s][info][gc,metaspace] GC(209) Metaspace: 128M used, 129M committed, 1152M reserved
[2026-04-03T02:22:04.412+0600][75.420s][info][gc,ref      ] GC(209) Soft: 3247 encountered, 0 discovered, 0 enqueued
[2026-04-03T02:22:04.412+0600][75.420s][info][gc,ref      ] GC(209) Weak: 14637 encountered, 4449 discovered, 422 enqueued
[2026-04-03T02:22:04.412+0600][75.420s][info][gc,ref      ] GC(209) Final: 84 encountered, 0 discovered, 0 enqueued
[2026-04-03T02:22:04.412+0600][75.420s][info][gc,ref      ] GC(209) Phantom: 620 encountered, 463 discovered, 0 enqueued
[2026-04-03T02:22:04.412+0600][75.420s][info][gc,reloc    ] GC(209) Small Pages: 95 / 190M, Empty: 0M, Relocated: 1M, In-Place: 0
[2026-04-03T02:22:04.412+0600][75.420s][info][gc,reloc    ] GC(209) Medium Pages: 3 / 48M, Empty: 32M, Relocated: 0M, In-Place: 0
[2026-04-03T02:22:04.412+0600][75.420s][info][gc,reloc    ] GC(209) Large Pages: 4 / 22M, Empty: 18M, Relocated: 0M, In-Place: 0
[2026-04-03T02:22:04.412+0600][75.420s][info][gc,reloc    ] GC(209) Forwarding Usage: 0M
[2026-04-03T02:22:04.412+0600][75.420s][info][gc,heap     ] GC(209) Min Capacity: 8M(1%)
[2026-04-03T02:22:04.412+0600][75.420s][info][gc,heap     ] GC(209) Max Capacity: 1000M(100%)
[2026-04-03T02:22:04.412+0600][75.420s][info][gc,heap     ] GC(209) Soft Max Capacity: 1000M(100%)
[2026-04-03T02:22:04.412+0600][75.420s][info][gc,heap     ] GC(209)                Mark Start          Mark End        Relocate Start      Relocate End           High               Low         
[2026-04-03T02:22:04.412+0600][75.420s][info][gc,heap     ] GC(209)  Capacity:     1000M (100%)       1000M (100%)       1000M (100%)       1000M (100%)       1000M (100%)       1000M (100%)   
[2026-04-03T02:22:04.412+0600][75.420s][info][gc,heap     ] GC(209)      Free:      740M (74%)         700M (70%)         728M (73%)         804M (80%)         804M (80%)         680M (68%)    
[2026-04-03T02:22:04.412+0600][75.420s][info][gc,heap     ] GC(209)      Used:      260M (26%)         300M (30%)         272M (27%)         196M (20%)         320M (32%)         196M (20%)    
[2026-04-03T02:22:04.412+0600][75.420s][info][gc,heap     ] GC(209)      Live:         -               105M (11%)         105M (11%)         105M (11%)            -                  -          
[2026-04-03T02:22:04.412+0600][75.420s][info][gc,heap     ] GC(209) Allocated:         -                40M (4%)           62M (6%)           61M (6%)             -                  -          
[2026-04-03T02:22:04.412+0600][75.420s][info][gc,heap     ] GC(209)   Garbage:         -               154M (15%)         104M (10%)          28M (3%)             -                  -          
[2026-04-03T02:22:04.412+0600][75.420s][info][gc,heap     ] GC(209) Reclaimed:         -                  -                50M (5%)          125M (13%)            -                  -          
[2026-04-03T02:22:04.412+0600][75.420s][info][gc          ] GC(209) Garbage Collection (Allocation Rate) 260M(26%)->196M(20%)
[2026-04-03T02:22:04.495+0600][75.503s][info][gc,start    ] GC(210) Garbage Collection (Allocation Rate)
[2026-04-03T02:22:04.495+0600][75.504s][info][gc,task     ] GC(210) Using 3 workers
[2026-04-03T02:22:04.496+0600][75.504s][info][gc,phases   ] GC(210) Pause Mark Start 0.013ms
[2026-04-03T02:22:04.584+0600][75.592s][info][gc,phases   ] GC(210) Concurrent Mark 88.553ms
[2026-04-03T02:22:04.585+0600][75.593s][info][gc,phases   ] GC(210) Pause Mark End 0.031ms
[2026-04-03T02:22:04.585+0600][75.593s][info][gc,phases   ] GC(210) Concurrent Mark Free 0.007ms
[2026-04-03T02:22:04.602+0600][75.610s][info][gc,phases   ] GC(210) Concurrent Process Non-Strong References 16.926ms
[2026-04-03T02:22:04.602+0600][75.610s][info][gc,phases   ] GC(210) Concurrent Reset Relocation Set 0.006ms
[2026-04-03T02:22:04.605+0600][75.613s][info][gc,phases   ] GC(210) Concurrent Select Relocation Set 3.221ms
[2026-04-03T02:22:04.605+0600][75.613s][info][gc,phases   ] GC(210) Pause Relocate Start 0.016ms
[2026-04-03T02:22:04.607+0600][75.615s][info][gc,phases   ] GC(210) Concurrent Relocate 1.355ms
[2026-04-03T02:22:04.607+0600][75.615s][info][gc,load     ] GC(210) Load: 7.19/6.50/5.97
[2026-04-03T02:22:04.607+0600][75.615s][info][gc,mmu      ] GC(210) MMU: 2ms/90.1%, 5ms/96.1%, 10ms/98.0%, 20ms/99.0%, 50ms/99.6%, 100ms/99.7%
[2026-04-03T02:22:04.607+0600][75.615s][info][gc,marking  ] GC(210) Mark: 2 stripe(s), 2 proactive flush(es), 1 terminate flush(es), 0 completion(s), 0 continuation(s) 
[2026-04-03T02:22:04.607+0600][75.615s][info][gc,marking  ] GC(210) Mark Stack Usage: 32M
[2026-04-03T02:22:04.607+0600][75.615s][info][gc,nmethod  ] GC(210) NMethods: 15225 registered, 2356 unregistered
[2026-04-03T02:22:04.607+0600][75.615s][info][gc,metaspace] GC(210) Metaspace: 128M used, 129M committed, 1152M reserved
[2026-04-03T02:22:04.607+0600][75.615s][info][gc,ref      ] GC(210) Soft: 3247 encountered, 0 discovered, 0 enqueued
[2026-04-03T02:22:04.607+0600][75.615s][info][gc,ref      ] GC(210) Weak: 14215 encountered, 4089 discovered, 4 enqueued
[2026-04-03T02:22:04.607+0600][75.615s][info][gc,ref      ] GC(210) Final: 84 encountered, 1 discovered, 0 enqueued
[2026-04-03T02:22:04.607+0600][75.615s][info][gc,ref      ] GC(210) Phantom: 620 encountered, 300 discovered, 0 enqueued
[2026-04-03T02:22:04.607+0600][75.615s][info][gc,reloc    ] GC(210) Small Pages: 111 / 222M, Empty: 8M, Relocated: 1M, In-Place: 0
[2026-04-03T02:22:04.607+0600][75.615s][info][gc,reloc    ] GC(210) Medium Pages: 1 / 16M, Empty: 0M, Relocated: 0M, In-Place: 0
[2026-04-03T02:22:04.607+0600][75.615s][info][gc,reloc    ] GC(210) Large Pages: 1 / 4M, Empty: 0M, Relocated: 0M, In-Place: 0
[2026-04-03T02:22:04.607+0600][75.615s][info][gc,reloc    ] GC(210) Forwarding Usage: 0M
[2026-04-03T02:22:04.607+0600][75.615s][info][gc,heap     ] GC(210) Min Capacity: 8M(1%)
[2026-04-03T02:22:04.607+0600][75.615s][info][gc,heap     ] GC(210) Max Capacity: 1000M(100%)
[2026-04-03T02:22:04.607+0600][75.615s][info][gc,heap     ] GC(210) Soft Max Capacity: 1000M(100%)
[2026-04-03T02:22:04.607+0600][75.615s][info][gc,heap     ] GC(210)                Mark Start          Mark End        Relocate Start      Relocate End           High               Low         
[2026-04-03T02:22:04.607+0600][75.615s][info][gc,heap     ] GC(210)  Capacity:     1000M (100%)       1000M (100%)       1000M (100%)       1000M (100%)       1000M (100%)       1000M (100%)   
[2026-04-03T02:22:04.607+0600][75.615s][info][gc,heap     ] GC(210)      Free:      758M (76%)         718M (72%)         716M (72%)         816M (82%)         816M (82%)         710M (71%)    
[2026-04-03T02:22:04.607+0600][75.615s][info][gc,heap     ] GC(210)      Used:      242M (24%)         282M (28%)         284M (28%)         184M (18%)         290M (29%)         184M (18%)    
[2026-04-03T02:22:04.607+0600][75.615s][info][gc,heap     ] GC(210)      Live:         -               105M (11%)         105M (11%)         105M (11%)            -                  -          
[2026-04-03T02:22:04.607+0600][75.615s][info][gc,heap     ] GC(210) Allocated:         -                40M (4%)           50M (5%)           49M (5%)             -                  -          
[2026-04-03T02:22:04.607+0600][75.615s][info][gc,heap     ] GC(210)   Garbage:         -               136M (14%)         128M (13%)          28M (3%)             -                  -          
[2026-04-03T02:22:04.607+0600][75.615s][info][gc,heap     ] GC(210) Reclaimed:         -                  -                 8M (1%)          107M (11%)            -                  -          
[2026-04-03T02:22:04.607+0600][75.615s][info][gc          ] GC(210) Garbage Collection (Allocation Rate) 242M(24%)->184M(18%)
[2026-04-03T02:22:04.796+0600][75.804s][info][gc,start    ] GC(211) Garbage Collection (Allocation Rate)
[2026-04-03T02:22:04.796+0600][75.804s][info][gc,task     ] GC(211) Using 3 workers
[2026-04-03T02:22:04.796+0600][75.804s][info][gc,phases   ] GC(211) Pause Mark Start 0.018ms
[2026-04-03T02:22:04.916+0600][75.924s][info][gc,phases   ] GC(211) Concurrent Mark 119.276ms
[2026-04-03T02:22:04.916+0600][75.924s][info][gc,phases   ] GC(211) Pause Mark End 0.029ms
[2026-04-03T02:22:04.916+0600][75.924s][info][gc,phases   ] GC(211) Concurrent Mark Free 0.002ms
[2026-04-03T02:22:04.941+0600][75.949s][info][gc,phases   ] GC(211) Concurrent Process Non-Strong References 25.337ms
[2026-04-03T02:22:04.941+0600][75.950s][info][gc,phases   ] GC(211) Concurrent Reset Relocation Set 0.013ms
[2026-04-03T02:22:04.947+0600][75.955s][info][gc,phases   ] GC(211) Concurrent Select Relocation Set 5.573ms
[2026-04-03T02:22:04.948+0600][75.956s][info][gc,phases   ] GC(211) Pause Relocate Start 0.019ms
[2026-04-03T02:22:04.952+0600][75.960s][info][gc,phases   ] GC(211) Concurrent Relocate 3.574ms
[2026-04-03T02:22:04.952+0600][75.960s][info][gc,load     ] GC(211) Load: 7.09/6.49/5.97
[2026-04-03T02:22:04.952+0600][75.960s][info][gc,mmu      ] GC(211) MMU: 2ms/90.1%, 5ms/96.1%, 10ms/98.0%, 20ms/99.0%, 50ms/99.6%, 100ms/99.7%
[2026-04-03T02:22:04.952+0600][75.960s][info][gc,marking  ] GC(211) Mark: 2 stripe(s), 3 proactive flush(es), 1 terminate flush(es), 0 completion(s), 0 continuation(s) 
[2026-04-03T02:22:04.952+0600][75.960s][info][gc,marking  ] GC(211) Mark Stack Usage: 32M
[2026-04-03T02:22:04.952+0600][75.960s][info][gc,nmethod  ] GC(211) NMethods: 15231 registered, 2361 unregistered
[2026-04-03T02:22:04.952+0600][75.960s][info][gc,metaspace] GC(211) Metaspace: 128M used, 129M committed, 1152M reserved
[2026-04-03T02:22:04.952+0600][75.960s][info][gc,ref      ] GC(211) Soft: 3278 encountered, 0 discovered, 0 enqueued
[2026-04-03T02:22:04.952+0600][75.960s][info][gc,ref      ] GC(211) Weak: 14777 encountered, 4086 discovered, 27 enqueued
[2026-04-03T02:22:04.952+0600][75.960s][info][gc,ref      ] GC(211) Final: 84 encountered, 0 discovered, 0 enqueued
[2026-04-03T02:22:04.952+0600][75.960s][info][gc,ref      ] GC(211) Phantom: 620 encountered, 474 discovered, 0 enqueued
[2026-04-03T02:22:04.952+0600][75.960s][info][gc,reloc    ] GC(211) Small Pages: 166 / 332M, Empty: 48M, Relocated: 5M, In-Place: 0
[2026-04-03T02:22:04.952+0600][75.960s][info][gc,reloc    ] GC(211) Medium Pages: 4 / 64M, Empty: 48M, Relocated: 0M, In-Place: 0
[2026-04-03T02:22:04.952+0600][75.960s][info][gc,reloc    ] GC(211) Large Pages: 6 / 34M, Empty: 30M, Relocated: 0M, In-Place: 0
[2026-04-03T02:22:04.952+0600][75.960s][info][gc,reloc    ] GC(211) Forwarding Usage: 1M
[2026-04-03T02:22:04.952+0600][75.960s][info][gc,heap     ] GC(211) Min Capacity: 8M(1%)
[2026-04-03T02:22:04.952+0600][75.960s][info][gc,heap     ] GC(211) Max Capacity: 1000M(100%)
[2026-04-03T02:22:04.952+0600][75.960s][info][gc,heap     ] GC(211) Soft Max Capacity: 1000M(100%)
[2026-04-03T02:22:04.952+0600][75.960s][info][gc,heap     ] GC(211)                Mark Start          Mark End        Relocate Start      Relocate End           High               Low         
[2026-04-03T02:22:04.952+0600][75.960s][info][gc,heap     ] GC(211)  Capacity:     1000M (100%)       1000M (100%)       1000M (100%)       1000M (100%)       1000M (100%)       1000M (100%)   
[2026-04-03T02:22:04.952+0600][75.960s][info][gc,heap     ] GC(211)      Free:      570M (57%)         438M (44%)         522M (52%)         690M (69%)         690M (69%)         360M (36%)    
[2026-04-03T02:22:04.952+0600][75.960s][info][gc,heap     ] GC(211)      Used:      430M (43%)         562M (56%)         478M (48%)         310M (31%)         640M (64%)         310M (31%)    
[2026-04-03T02:22:04.952+0600][75.960s][info][gc,heap     ] GC(211)      Live:         -               109M (11%)         109M (11%)         109M (11%)            -                  -          
[2026-04-03T02:22:04.952+0600][75.960s][info][gc,heap     ] GC(211) Allocated:         -               132M (13%)         174M (17%)         173M (17%)            -                  -          
[2026-04-03T02:22:04.952+0600][75.960s][info][gc,heap     ] GC(211)   Garbage:         -               320M (32%)         194M (19%)          26M (3%)             -                  -          
[2026-04-03T02:22:04.952+0600][75.960s][info][gc,heap     ] GC(211) Reclaimed:         -                  -               126M (13%)         293M (29%)            -                  -          
[2026-04-03T02:22:04.952+0600][75.960s][info][gc          ] GC(211) Garbage Collection (Allocation Rate) 430M(43%)->310M(31%)
[2026-04-03T02:22:04.996+0600][76.004s][info][gc,start    ] GC(212) Garbage Collection (Allocation Rate)
[2026-04-03T02:22:04.996+0600][76.004s][info][gc,task     ] GC(212) Using 3 workers
[2026-04-03T02:22:04.996+0600][76.004s][info][gc,phases   ] GC(212) Pause Mark Start 0.018ms
[2026-04-03T02:22:05.110+0600][76.118s][info][gc,phases   ] GC(212) Concurrent Mark 113.267ms
[2026-04-03T02:22:05.110+0600][76.118s][info][gc,phases   ] GC(212) Pause Mark End 0.055ms
[2026-04-03T02:22:05.110+0600][76.118s][info][gc,phases   ] GC(212) Concurrent Mark Free 0.002ms
[2026-04-03T02:22:05.135+0600][76.143s][info][gc,phases   ] GC(212) Concurrent Process Non-Strong References 24.438ms
[2026-04-03T02:22:05.135+0600][76.143s][info][gc,phases   ] GC(212) Concurrent Reset Relocation Set 0.016ms
[2026-04-03T02:22:05.138+0600][76.146s][info][gc,phases   ] GC(212) Concurrent Select Relocation Set 3.424ms
[2026-04-03T02:22:05.138+0600][76.147s][info][gc,phases   ] GC(212) Pause Relocate Start 0.015ms
[2026-04-03T02:22:05.145+0600][76.153s][info][gc,phases   ] GC(212) Concurrent Relocate 6.417ms
[2026-04-03T02:22:05.145+0600][76.153s][info][gc,load     ] GC(212) Load: 7.09/6.49/5.97
[2026-04-03T02:22:05.145+0600][76.153s][info][gc,mmu      ] GC(212) MMU: 2ms/90.1%, 5ms/96.1%, 10ms/98.0%, 20ms/99.0%, 50ms/99.6%, 100ms/99.7%
[2026-04-03T02:22:05.145+0600][76.153s][info][gc,marking  ] GC(212) Mark: 2 stripe(s), 3 proactive flush(es), 1 terminate flush(es), 0 completion(s), 0 continuation(s) 
[2026-04-03T02:22:05.145+0600][76.153s][info][gc,marking  ] GC(212) Mark Stack Usage: 32M
[2026-04-03T02:22:05.145+0600][76.153s][info][gc,nmethod  ] GC(212) NMethods: 15238 registered, 2364 unregistered
[2026-04-03T02:22:05.145+0600][76.153s][info][gc,metaspace] GC(212) Metaspace: 128M used, 129M committed, 1152M reserved
[2026-04-03T02:22:05.145+0600][76.153s][info][gc,ref      ] GC(212) Soft: 3276 encountered, 0 discovered, 0 enqueued
[2026-04-03T02:22:05.145+0600][76.153s][info][gc,ref      ] GC(212) Weak: 15040 encountered, 9006 discovered, 9 enqueued
[2026-04-03T02:22:05.145+0600][76.153s][info][gc,ref      ] GC(212) Final: 84 encountered, 52 discovered, 0 enqueued
[2026-04-03T02:22:05.145+0600][76.153s][info][gc,ref      ] GC(212) Phantom: 620 encountered, 508 discovered, 0 enqueued
[2026-04-03T02:22:05.145+0600][76.153s][info][gc,reloc    ] GC(212) Small Pages: 137 / 274M, Empty: 32M, Relocated: 3M, In-Place: 0
[2026-04-03T02:22:05.145+0600][76.153s][info][gc,reloc    ] GC(212) Medium Pages: 4 / 64M, Empty: 32M, Relocated: 6M, In-Place: 0
[2026-04-03T02:22:05.145+0600][76.153s][info][gc,reloc    ] GC(212) Large Pages: 5 / 28M, Empty: 24M, Relocated: 0M, In-Place: 0
[2026-04-03T02:22:05.145+0600][76.153s][info][gc,reloc    ] GC(212) Forwarding Usage: 0M
[2026-04-03T02:22:05.145+0600][76.153s][info][gc,heap     ] GC(212) Min Capacity: 8M(1%)
[2026-04-03T02:22:05.145+0600][76.153s][info][gc,heap     ] GC(212) Max Capacity: 1000M(100%)
[2026-04-03T02:22:05.145+0600][76.153s][info][gc,heap     ] GC(212) Soft Max Capacity: 1000M(100%)
[2026-04-03T02:22:05.145+0600][76.153s][info][gc,heap     ] GC(212)                Mark Start          Mark End        Relocate Start      Relocate End           High               Low         
[2026-04-03T02:22:05.145+0600][76.153s][info][gc,heap     ] GC(212)  Capacity:     1000M (100%)       1000M (100%)       1000M (100%)       1000M (100%)       1000M (100%)       1000M (100%)   
[2026-04-03T02:22:05.145+0600][76.153s][info][gc,heap     ] GC(212)      Free:      634M (63%)         492M (49%)         542M (54%)         682M (68%)         682M (68%)         454M (45%)    
[2026-04-03T02:22:05.145+0600][76.153s][info][gc,heap     ] GC(212)      Used:      366M (37%)         508M (51%)         458M (46%)         318M (32%)         546M (55%)         318M (32%)    
[2026-04-03T02:22:05.145+0600][76.153s][info][gc,heap     ] GC(212)      Live:         -               108M (11%)         108M (11%)         108M (11%)            -                  -          
[2026-04-03T02:22:05.145+0600][76.153s][info][gc,heap     ] GC(212) Allocated:         -               142M (14%)         180M (18%)         185M (19%)            -                  -          
[2026-04-03T02:22:05.145+0600][76.153s][info][gc,heap     ] GC(212)   Garbage:         -               257M (26%)         169M (17%)          23M (2%)             -                  -          
[2026-04-03T02:22:05.145+0600][76.153s][info][gc,heap     ] GC(212) Reclaimed:         -                  -                88M (9%)          233M (23%)            -                  -          
[2026-04-03T02:22:05.145+0600][76.153s][info][gc          ] GC(212) Garbage Collection (Allocation Rate) 366M(37%)->318M(32%)
[2026-04-03T02:22:05.196+0600][76.204s][info][gc,start    ] GC(213) Garbage Collection (Allocation Rate)
[2026-04-03T02:22:05.196+0600][76.204s][info][gc,task     ] GC(213) Using 3 workers
[2026-04-03T02:22:05.197+0600][76.205s][info][gc,phases   ] GC(213) Pause Mark Start 0.036ms
[2026-04-03T02:22:05.321+0600][76.329s][info][gc,phases   ] GC(213) Concurrent Mark 124.070ms
[2026-04-03T02:22:05.321+0600][76.330s][info][gc,phases   ] GC(213) Pause Mark End 0.058ms
[2026-04-03T02:22:05.322+0600][76.330s][info][gc,phases   ] GC(213) Concurrent Mark Free 0.004ms
[2026-04-03T02:22:05.348+0600][76.356s][info][gc,phases   ] GC(213) Concurrent Process Non-Strong References 26.464ms
[2026-04-03T02:22:05.348+0600][76.356s][info][gc,phases   ] GC(213) Concurrent Reset Relocation Set 0.013ms
[2026-04-03T02:22:05.353+0600][76.361s][info][gc,phases   ] GC(213) Concurrent Select Relocation Set 5.152ms
[2026-04-03T02:22:05.354+0600][76.362s][info][gc,phases   ] GC(213) Pause Relocate Start 0.015ms
[2026-04-03T02:22:05.359+0600][76.367s][info][gc,phases   ] GC(213) Concurrent Relocate 4.570ms
[2026-04-03T02:22:05.359+0600][76.367s][info][gc,load     ] GC(213) Load: 7.09/6.49/5.97
[2026-04-03T02:22:05.359+0600][76.367s][info][gc,mmu      ] GC(213) MMU: 2ms/90.1%, 5ms/96.1%, 10ms/98.0%, 20ms/99.0%, 50ms/99.6%, 100ms/99.7%
[2026-04-03T02:22:05.359+0600][76.367s][info][gc,marking  ] GC(213) Mark: 2 stripe(s), 2 proactive flush(es), 1 terminate flush(es), 0 completion(s), 0 continuation(s) 
[2026-04-03T02:22:05.359+0600][76.367s][info][gc,marking  ] GC(213) Mark Stack Usage: 32M
[2026-04-03T02:22:05.359+0600][76.367s][info][gc,nmethod  ] GC(213) NMethods: 15233 registered, 2370 unregistered
[2026-04-03T02:22:05.359+0600][76.367s][info][gc,metaspace] GC(213) Metaspace: 128M used, 129M committed, 1152M reserved
[2026-04-03T02:22:05.359+0600][76.367s][info][gc,ref      ] GC(213) Soft: 3280 encountered, 0 discovered, 0 enqueued
[2026-04-03T02:22:05.359+0600][76.367s][info][gc,ref      ] GC(213) Weak: 15390 encountered, 3514 discovered, 10 enqueued
[2026-04-03T02:22:05.359+0600][76.367s][info][gc,ref      ] GC(213) Final: 84 encountered, 0 discovered, 0 enqueued
[2026-04-03T02:22:05.359+0600][76.367s][info][gc,ref      ] GC(213) Phantom: 620 encountered, 472 discovered, 0 enqueued
[2026-04-03T02:22:05.359+0600][76.367s][info][gc,reloc    ] GC(213) Small Pages: 150 / 300M, Empty: 68M, Relocated: 6M, In-Place: 0
[2026-04-03T02:22:05.359+0600][76.367s][info][gc,reloc    ] GC(213) Medium Pages: 4 / 64M, Empty: 48M, Relocated: 0M, In-Place: 0
[2026-04-03T02:22:05.359+0600][76.367s][info][gc,reloc    ] GC(213) Large Pages: 6 / 34M, Empty: 30M, Relocated: 0M, In-Place: 0
[2026-04-03T02:22:05.359+0600][76.367s][info][gc,reloc    ] GC(213) Forwarding Usage: 2M
[2026-04-03T02:22:05.359+0600][76.367s][info][gc,heap     ] GC(213) Min Capacity: 8M(1%)
[2026-04-03T02:22:05.359+0600][76.367s][info][gc,heap     ] GC(213) Max Capacity: 1000M(100%)
[2026-04-03T02:22:05.359+0600][76.367s][info][gc,heap     ] GC(213) Soft Max Capacity: 1000M(100%)
[2026-04-03T02:22:05.359+0600][76.367s][info][gc,heap     ] GC(213)                Mark Start          Mark End        Relocate Start      Relocate End           High               Low         
[2026-04-03T02:22:05.359+0600][76.367s][info][gc,heap     ] GC(213)  Capacity:     1000M (100%)       1000M (100%)       1000M (100%)       1000M (100%)       1000M (100%)       1000M (100%)   
[2026-04-03T02:22:05.359+0600][76.367s][info][gc,heap     ] GC(213)      Free:      602M (60%)         442M (44%)         544M (54%)         660M (66%)         660M (66%)         400M (40%)    
[2026-04-03T02:22:05.359+0600][76.367s][info][gc,heap     ] GC(213)      Used:      398M (40%)         558M (56%)         456M (46%)         340M (34%)         600M (60%)         340M (34%)    
[2026-04-03T02:22:05.359+0600][76.367s][info][gc,heap     ] GC(213)      Live:         -               109M (11%)         109M (11%)         109M (11%)            -                  -          
[2026-04-03T02:22:05.359+0600][76.367s][info][gc,heap     ] GC(213) Allocated:         -               160M (16%)         204M (20%)         203M (20%)            -                  -          
[2026-04-03T02:22:05.359+0600][76.367s][info][gc,heap     ] GC(213)   Garbage:         -               288M (29%)         142M (14%)          26M (3%)             -                  -          
[2026-04-03T02:22:05.359+0600][76.367s][info][gc,heap     ] GC(213) Reclaimed:         -                  -               146M (15%)         261M (26%)            -                  -          
[2026-04-03T02:22:05.359+0600][76.367s][info][gc          ] GC(213) Garbage Collection (Allocation Rate) 398M(40%)->340M(34%)
[2026-04-03T02:22:05.395+0600][76.403s][info][gc,start    ] GC(214) Garbage Collection (Allocation Rate)
[2026-04-03T02:22:05.395+0600][76.404s][info][gc,task     ] GC(214) Using 3 workers
[2026-04-03T02:22:05.396+0600][76.404s][info][gc,phases   ] GC(214) Pause Mark Start 0.034ms
[2026-04-03T02:22:05.514+0600][76.522s][info][gc,phases   ] GC(214) Concurrent Mark 118.503ms
[2026-04-03T02:22:05.515+0600][76.523s][info][gc,phases   ] GC(214) Pause Mark End 0.093ms
[2026-04-03T02:22:05.515+0600][76.523s][info][gc,phases   ] GC(214) Concurrent Mark Free 0.002ms
[2026-04-03T02:22:05.534+0600][76.542s][info][gc,phases   ] GC(214) Concurrent Process Non-Strong References 19.182ms
[2026-04-03T02:22:05.534+0600][76.542s][info][gc,phases   ] GC(214) Concurrent Reset Relocation Set 0.010ms
[2026-04-03T02:22:05.537+0600][76.545s][info][gc,phases   ] GC(214) Concurrent Select Relocation Set 3.048ms
[2026-04-03T02:22:05.537+0600][76.546s][info][gc,phases   ] GC(214) Pause Relocate Start 0.014ms
[2026-04-03T02:22:05.540+0600][76.548s][info][gc,phases   ] GC(214) Concurrent Relocate 2.722ms
[2026-04-03T02:22:05.540+0600][76.548s][info][gc,load     ] GC(214) Load: 7.09/6.49/5.97
[2026-04-03T02:22:05.540+0600][76.548s][info][gc,mmu      ] GC(214) MMU: 2ms/90.1%, 5ms/96.1%, 10ms/98.0%, 20ms/99.0%, 50ms/99.6%, 100ms/99.7%
[2026-04-03T02:22:05.540+0600][76.548s][info][gc,marking  ] GC(214) Mark: 2 stripe(s), 2 proactive flush(es), 1 terminate flush(es), 0 completion(s), 0 continuation(s) 
[2026-04-03T02:22:05.540+0600][76.548s][info][gc,marking  ] GC(214) Mark Stack Usage: 32M
[2026-04-03T02:22:05.540+0600][76.548s][info][gc,nmethod  ] GC(214) NMethods: 15236 registered, 2370 unregistered
[2026-04-03T02:22:05.540+0600][76.548s][info][gc,metaspace] GC(214) Metaspace: 128M used, 129M committed, 1152M reserved
[2026-04-03T02:22:05.540+0600][76.548s][info][gc,ref      ] GC(214) Soft: 3272 encountered, 0 discovered, 0 enqueued
[2026-04-03T02:22:05.540+0600][76.548s][info][gc,ref      ] GC(214) Weak: 15669 encountered, 5774 discovered, 10 enqueued
[2026-04-03T02:22:05.540+0600][76.548s][info][gc,ref      ] GC(214) Final: 84 encountered, 0 discovered, 0 enqueued
[2026-04-03T02:22:05.540+0600][76.548s][info][gc,ref      ] GC(214) Phantom: 620 encountered, 477 discovered, 0 enqueued
[2026-04-03T02:22:05.540+0600][76.549s][info][gc,reloc    ] GC(214) Small Pages: 147 / 294M, Empty: 42M, Relocated: 5M, In-Place: 0
[2026-04-03T02:22:05.540+0600][76.549s][info][gc,reloc    ] GC(214) Medium Pages: 4 / 64M, Empty: 48M, Relocated: 0M, In-Place: 0
[2026-04-03T02:22:05.540+0600][76.549s][info][gc,reloc    ] GC(214) Large Pages: 5 / 28M, Empty: 24M, Relocated: 0M, In-Place: 0
[2026-04-03T02:22:05.540+0600][76.549s][info][gc,reloc    ] GC(214) Forwarding Usage: 1M
[2026-04-03T02:22:05.540+0600][76.549s][info][gc,heap     ] GC(214) Min Capacity: 8M(1%)
[2026-04-03T02:22:05.540+0600][76.549s][info][gc,heap     ] GC(214) Max Capacity: 1000M(100%)
[2026-04-03T02:22:05.540+0600][76.549s][info][gc,heap     ] GC(214) Soft Max Capacity: 1000M(100%)
[2026-04-03T02:22:05.540+0600][76.549s][info][gc,heap     ] GC(214)                Mark Start          Mark End        Relocate Start      Relocate End           High               Low         
[2026-04-03T02:22:05.540+0600][76.549s][info][gc,heap     ] GC(214)  Capacity:     1000M (100%)       1000M (100%)       1000M (100%)       1000M (100%)       1000M (100%)       1000M (100%)   
[2026-04-03T02:22:05.541+0600][76.549s][info][gc,heap     ] GC(214)      Free:      614M (61%)         456M (46%)         554M (55%)         692M (69%)         692M (69%)         442M (44%)    
[2026-04-03T02:22:05.541+0600][76.549s][info][gc,heap     ] GC(214)      Used:      386M (39%)         544M (54%)         446M (45%)         308M (31%)         558M (56%)         308M (31%)    
[2026-04-03T02:22:05.541+0600][76.549s][info][gc,heap     ] GC(214)      Live:         -               107M (11%)         107M (11%)         107M (11%)            -                  -          
[2026-04-03T02:22:05.541+0600][76.549s][info][gc,heap     ] GC(214) Allocated:         -               158M (16%)         174M (17%)         175M (18%)            -                  -          
[2026-04-03T02:22:05.541+0600][76.549s][info][gc,heap     ] GC(214)   Garbage:         -               278M (28%)         164M (16%)          24M (2%)             -                  -          
[2026-04-03T02:22:05.541+0600][76.549s][info][gc,heap     ] GC(214) Reclaimed:         -                  -               114M (11%)         253M (25%)            -                  -          
[2026-04-03T02:22:05.541+0600][76.549s][info][gc          ] GC(214) Garbage Collection (Allocation Rate) 386M(39%)->308M(31%)
[2026-04-03T02:22:05.796+0600][76.804s][info][gc,start    ] GC(215) Garbage Collection (Allocation Rate)
[2026-04-03T02:22:05.796+0600][76.804s][info][gc,task     ] GC(215) Using 2 workers
[2026-04-03T02:22:05.796+0600][76.804s][info][gc,phases   ] GC(215) Pause Mark Start 0.024ms
[2026-04-03T02:22:05.890+0600][76.898s][info][gc,phases   ] GC(215) Concurrent Mark 93.160ms
[2026-04-03T02:22:05.890+0600][76.898s][info][gc,phases   ] GC(215) Pause Mark End 0.038ms
[2026-04-03T02:22:05.890+0600][76.898s][info][gc,phases   ] GC(215) Concurrent Mark Free 0.001ms
[2026-04-03T02:22:05.909+0600][76.917s][info][gc,phases   ] GC(215) Concurrent Process Non-Strong References 19.005ms
[2026-04-03T02:22:05.909+0600][76.917s][info][gc,phases   ] GC(215) Concurrent Reset Relocation Set 0.006ms
[2026-04-03T02:22:05.912+0600][76.920s][info][gc,phases   ] GC(215) Concurrent Select Relocation Set 3.075ms
[2026-04-03T02:22:05.913+0600][76.921s][info][gc,phases   ] GC(215) Pause Relocate Start 0.011ms
[2026-04-03T02:22:05.915+0600][76.923s][info][gc,phases   ] GC(215) Concurrent Relocate 2.464ms
[2026-04-03T02:22:05.915+0600][76.923s][info][gc,load     ] GC(215) Load: 7.09/6.49/5.97
[2026-04-03T02:22:05.915+0600][76.923s][info][gc,mmu      ] GC(215) MMU: 2ms/90.1%, 5ms/96.1%, 10ms/98.0%, 20ms/99.0%, 50ms/99.6%, 100ms/99.7%
[2026-04-03T02:22:05.915+0600][76.923s][info][gc,marking  ] GC(215) Mark: 2 stripe(s), 2 proactive flush(es), 1 terminate flush(es), 0 completion(s), 0 continuation(s) 
[2026-04-03T02:22:05.915+0600][76.923s][info][gc,marking  ] GC(215) Mark Stack Usage: 32M
[2026-04-03T02:22:05.915+0600][76.923s][info][gc,nmethod  ] GC(215) NMethods: 15244 registered, 2384 unregistered
[2026-04-03T02:22:05.915+0600][76.923s][info][gc,metaspace] GC(215) Metaspace: 128M used, 129M committed, 1152M reserved
[2026-04-03T02:22:05.915+0600][76.923s][info][gc,ref      ] GC(215) Soft: 3272 encountered, 0 discovered, 0 enqueued
[2026-04-03T02:22:05.915+0600][76.923s][info][gc,ref      ] GC(215) Weak: 15982 encountered, 5702 discovered, 1623 enqueued
[2026-04-03T02:22:05.915+0600][76.923s][info][gc,ref      ] GC(215) Final: 84 encountered, 0 discovered, 0 enqueued
[2026-04-03T02:22:05.915+0600][76.923s][info][gc,ref      ] GC(215) Phantom: 620 encountered, 309 discovered, 0 enqueued
[2026-04-03T02:22:05.915+0600][76.923s][info][gc,reloc    ] GC(215) Small Pages: 195 / 390M, Empty: 34M, Relocated: 3M, In-Place: 0
[2026-04-03T02:22:05.915+0600][76.923s][info][gc,reloc    ] GC(215) Medium Pages: 4 / 64M, Empty: 48M, Relocated: 0M, In-Place: 0
[2026-04-03T02:22:05.915+0600][76.923s][info][gc,reloc    ] GC(215) Large Pages: 7 / 40M, Empty: 36M, Relocated: 0M, In-Place: 0
[2026-04-03T02:22:05.915+0600][76.923s][info][gc,reloc    ] GC(215) Forwarding Usage: 0M
[2026-04-03T02:22:05.915+0600][76.923s][info][gc,heap     ] GC(215) Min Capacity: 8M(1%)
[2026-04-03T02:22:05.915+0600][76.923s][info][gc,heap     ] GC(215) Max Capacity: 1000M(100%)
[2026-04-03T02:22:05.915+0600][76.923s][info][gc,heap     ] GC(215) Soft Max Capacity: 1000M(100%)
[2026-04-03T02:22:05.915+0600][76.923s][info][gc,heap     ] GC(215)                Mark Start          Mark End        Relocate Start      Relocate End           High               Low         
[2026-04-03T02:22:05.915+0600][76.923s][info][gc,heap     ] GC(215)  Capacity:     1000M (100%)       1000M (100%)       1000M (100%)       1000M (100%)       1000M (100%)       1000M (100%)   
[2026-04-03T02:22:05.915+0600][76.923s][info][gc,heap     ] GC(215)      Free:      506M (51%)         454M (45%)         550M (55%)         790M (79%)         790M (79%)         432M (43%)    
[2026-04-03T02:22:05.915+0600][76.923s][info][gc,heap     ] GC(215)      Used:      494M (49%)         546M (55%)         450M (45%)         210M (21%)         568M (57%)         210M (21%)    
[2026-04-03T02:22:05.915+0600][76.923s][info][gc,heap     ] GC(215)      Live:         -               106M (11%)         106M (11%)         106M (11%)            -                  -          
[2026-04-03T02:22:05.915+0600][76.923s][info][gc,heap     ] GC(215) Allocated:         -                52M (5%)           74M (7%)           79M (8%)             -                  -          
[2026-04-03T02:22:05.915+0600][76.924s][info][gc,heap     ] GC(215)   Garbage:         -               387M (39%)         269M (27%)          23M (2%)             -                  -          
[2026-04-03T02:22:05.915+0600][76.924s][info][gc,heap     ] GC(215) Reclaimed:         -                  -               118M (12%)         363M (36%)            -                  -          
[2026-04-03T02:22:05.915+0600][76.924s][info][gc          ] GC(215) Garbage Collection (Allocation Rate) 494M(49%)->210M(21%)
[2026-04-03T02:22:05.995+0600][77.003s][info][gc,start    ] GC(216) Garbage Collection (Allocation Rate)
[2026-04-03T02:22:05.995+0600][77.003s][info][gc,task     ] GC(216) Using 2 workers
[2026-04-03T02:22:05.996+0600][77.004s][info][gc,phases   ] GC(216) Pause Mark Start 0.019ms
[2026-04-03T02:22:06.160+0600][77.168s][info][gc,phases   ] GC(216) Concurrent Mark 164.319ms
[2026-04-03T02:22:06.160+0600][77.168s][info][gc,phases   ] GC(216) Pause Mark End 0.035ms
[2026-04-03T02:22:06.160+0600][77.168s][info][gc,phases   ] GC(216) Concurrent Mark Free 0.001ms
[2026-04-03T02:22:06.190+0600][77.198s][info][gc,phases   ] GC(216) Concurrent Process Non-Strong References 29.846ms
[2026-04-03T02:22:06.190+0600][77.198s][info][gc,phases   ] GC(216) Concurrent Reset Relocation Set 0.016ms
[2026-04-03T02:22:06.196+0600][77.204s][info][gc,phases   ] GC(216) Concurrent Select Relocation Set 5.327ms
[2026-04-03T02:22:06.196+0600][77.204s][info][gc,phases   ] GC(216) Pause Relocate Start 0.020ms
[2026-04-03T02:22:06.200+0600][77.208s][info][gc,phases   ] GC(216) Concurrent Relocate 3.970ms
[2026-04-03T02:22:06.200+0600][77.208s][info][gc,load     ] GC(216) Load: 7.09/6.49/5.97
[2026-04-03T02:22:06.200+0600][77.208s][info][gc,mmu      ] GC(216) MMU: 2ms/90.1%, 5ms/96.1%, 10ms/98.0%, 20ms/99.0%, 50ms/99.6%, 100ms/99.7%
[2026-04-03T02:22:06.200+0600][77.208s][info][gc,marking  ] GC(216) Mark: 2 stripe(s), 2 proactive flush(es), 1 terminate flush(es), 0 completion(s), 0 continuation(s) 
[2026-04-03T02:22:06.200+0600][77.208s][info][gc,marking  ] GC(216) Mark Stack Usage: 32M
[2026-04-03T02:22:06.200+0600][77.208s][info][gc,nmethod  ] GC(216) NMethods: 15245 registered, 2388 unregistered
[2026-04-03T02:22:06.200+0600][77.208s][info][gc,metaspace] GC(216) Metaspace: 128M used, 129M committed, 1152M reserved
[2026-04-03T02:22:06.200+0600][77.208s][info][gc,ref      ] GC(216) Soft: 3292 encountered, 0 discovered, 0 enqueued
[2026-04-03T02:22:06.200+0600][77.208s][info][gc,ref      ] GC(216) Weak: 14585 encountered, 6105 discovered, 31 enqueued
[2026-04-03T02:22:06.200+0600][77.209s][info][gc,ref      ] GC(216) Final: 84 encountered, 80 discovered, 0 enqueued
[2026-04-03T02:22:06.200+0600][77.209s][info][gc,ref      ] GC(216) Phantom: 620 encountered, 475 discovered, 0 enqueued
[2026-04-03T02:22:06.200+0600][77.209s][info][gc,reloc    ] GC(216) Small Pages: 133 / 266M, Empty: 18M, Relocated: 3M, In-Place: 0
[2026-04-03T02:22:06.200+0600][77.209s][info][gc,reloc    ] GC(216) Medium Pages: 2 / 32M, Empty: 16M, Relocated: 0M, In-Place: 0
[2026-04-03T02:22:06.200+0600][77.209s][info][gc,reloc    ] GC(216) Large Pages: 3 / 16M, Empty: 12M, Relocated: 0M, In-Place: 0
[2026-04-03T02:22:06.200+0600][77.209s][info][gc,reloc    ] GC(216) Forwarding Usage: 1M
[2026-04-03T02:22:06.201+0600][77.209s][info][gc,heap     ] GC(216) Min Capacity: 8M(1%)
[2026-04-03T02:22:06.201+0600][77.209s][info][gc,heap     ] GC(216) Max Capacity: 1000M(100%)
[2026-04-03T02:22:06.201+0600][77.209s][info][gc,heap     ] GC(216) Soft Max Capacity: 1000M(100%)
[2026-04-03T02:22:06.201+0600][77.209s][info][gc,heap     ] GC(216)                Mark Start          Mark End        Relocate Start      Relocate End           High               Low         
[2026-04-03T02:22:06.201+0600][77.209s][info][gc,heap     ] GC(216)  Capacity:     1000M (100%)       1000M (100%)       1000M (100%)       1000M (100%)       1000M (100%)       1000M (100%)   
[2026-04-03T02:22:06.201+0600][77.209s][info][gc,heap     ] GC(216)      Free:      686M (69%)         468M (47%)         476M (48%)         612M (61%)         686M (69%)         432M (43%)    
[2026-04-03T02:22:06.201+0600][77.209s][info][gc,heap     ] GC(216)      Used:      314M (31%)         532M (53%)         524M (52%)         388M (39%)         568M (57%)         314M (31%)    
[2026-04-03T02:22:06.201+0600][77.209s][info][gc,heap     ] GC(216)      Live:         -               106M (11%)         106M (11%)         106M (11%)            -                  -          
[2026-04-03T02:22:06.201+0600][77.209s][info][gc,heap     ] GC(216) Allocated:         -               218M (22%)         256M (26%)         257M (26%)            -                  -          
[2026-04-03T02:22:06.201+0600][77.209s][info][gc,heap     ] GC(216)   Garbage:         -               207M (21%)         161M (16%)          23M (2%)             -                  -          
[2026-04-03T02:22:06.201+0600][77.209s][info][gc,heap     ] GC(216) Reclaimed:         -                  -                46M (5%)          183M (18%)            -                  -          
[2026-04-03T02:22:06.201+0600][77.209s][info][gc          ] GC(216) Garbage Collection (Allocation Rate) 314M(31%)->388M(39%)
[2026-04-03T02:22:06.295+0600][77.303s][info][gc,start    ] GC(217) Garbage Collection (Allocation Rate)
[2026-04-03T02:22:06.296+0600][77.304s][info][gc,task     ] GC(217) Using 3 workers
[2026-04-03T02:22:06.296+0600][77.304s][info][gc,phases   ] GC(217) Pause Mark Start 0.026ms
[2026-04-03T02:22:06.416+0600][77.424s][info][gc,phases   ] GC(217) Concurrent Mark 119.840ms
[2026-04-03T02:22:06.416+0600][77.425s][info][gc,phases   ] GC(217) Pause Mark End 0.044ms
[2026-04-03T02:22:06.417+0600][77.425s][info][gc,phases   ] GC(217) Concurrent Mark Free 0.003ms
[2026-04-03T02:22:06.440+0600][77.448s][info][gc,phases   ] GC(217) Concurrent Process Non-Strong References 23.627ms
[2026-04-03T02:22:06.440+0600][77.448s][info][gc,phases   ] GC(217) Concurrent Reset Relocation Set 0.015ms
[2026-04-03T02:22:06.452+0600][77.460s][info][gc,phases   ] GC(217) Concurrent Select Relocation Set 11.292ms
[2026-04-03T02:22:06.452+0600][77.460s][info][gc,phases   ] GC(217) Pause Relocate Start 0.021ms
[2026-04-03T02:22:06.458+0600][77.466s][info][gc,phases   ] GC(217) Concurrent Relocate 5.780ms
[2026-04-03T02:22:06.458+0600][77.466s][info][gc,load     ] GC(217) Load: 7.09/6.49/5.97
[2026-04-03T02:22:06.458+0600][77.466s][info][gc,mmu      ] GC(217) MMU: 2ms/90.1%, 5ms/96.1%, 10ms/98.0%, 20ms/99.0%, 50ms/99.6%, 100ms/99.7%
[2026-04-03T02:22:06.458+0600][77.466s][info][gc,marking  ] GC(217) Mark: 2 stripe(s), 2 proactive flush(es), 1 terminate flush(es), 0 completion(s), 0 continuation(s) 
[2026-04-03T02:22:06.458+0600][77.466s][info][gc,marking  ] GC(217) Mark Stack Usage: 32M
[2026-04-03T02:22:06.458+0600][77.466s][info][gc,nmethod  ] GC(217) NMethods: 15246 registered, 2388 unregistered
[2026-04-03T02:22:06.458+0600][77.466s][info][gc,metaspace] GC(217) Metaspace: 128M used, 129M committed, 1152M reserved
[2026-04-03T02:22:06.458+0600][77.466s][info][gc,ref      ] GC(217) Soft: 3298 encountered, 0 discovered, 0 enqueued
[2026-04-03T02:22:06.458+0600][77.466s][info][gc,ref      ] GC(217) Weak: 15141 encountered, 5110 discovered, 9 enqueued
[2026-04-03T02:22:06.458+0600][77.466s][info][gc,ref      ] GC(217) Final: 84 encountered, 0 discovered, 0 enqueued
[2026-04-03T02:22:06.458+0600][77.467s][info][gc,ref      ] GC(217) Phantom: 620 encountered, 467 discovered, 0 enqueued
[2026-04-03T02:22:06.458+0600][77.467s][info][gc,reloc    ] GC(217) Small Pages: 191 / 382M, Empty: 108M, Relocated: 4M, In-Place: 0
[2026-04-03T02:22:06.458+0600][77.467s][info][gc,reloc    ] GC(217) Medium Pages: 5 / 80M, Empty: 64M, Relocated: 0M, In-Place: 0
[2026-04-03T02:22:06.458+0600][77.467s][info][gc,reloc    ] GC(217) Large Pages: 9 / 52M, Empty: 48M, Relocated: 0M, In-Place: 0
[2026-04-03T02:22:06.459+0600][77.467s][info][gc,reloc    ] GC(217) Forwarding Usage: 1M
[2026-04-03T02:22:06.459+0600][77.467s][info][gc,heap     ] GC(217) Min Capacity: 8M(1%)
[2026-04-03T02:22:06.459+0600][77.467s][info][gc,heap     ] GC(217) Max Capacity: 1000M(100%)
[2026-04-03T02:22:06.459+0600][77.467s][info][gc,heap     ] GC(217) Soft Max Capacity: 1000M(100%)
[2026-04-03T02:22:06.459+0600][77.467s][info][gc,heap     ] GC(217)                Mark Start          Mark End        Relocate Start      Relocate End           High               Low         
[2026-04-03T02:22:06.459+0600][77.467s][info][gc,heap     ] GC(217)  Capacity:     1000M (100%)       1000M (100%)       1000M (100%)       1000M (100%)       1000M (100%)       1000M (100%)   
[2026-04-03T02:22:06.459+0600][77.467s][info][gc,heap     ] GC(217)      Free:      486M (49%)         352M (35%)         536M (54%)         692M (69%)         694M (69%)         336M (34%)    
[2026-04-03T02:22:06.459+0600][77.467s][info][gc,heap     ] GC(217)      Used:      514M (51%)         648M (65%)         464M (46%)         308M (31%)         664M (66%)         306M (31%)    
[2026-04-03T02:22:06.459+0600][77.467s][info][gc,heap     ] GC(217)      Live:         -               110M (11%)         110M (11%)         110M (11%)            -                  -          
[2026-04-03T02:22:06.459+0600][77.467s][info][gc,heap     ] GC(217) Allocated:         -               134M (13%)         170M (17%)         171M (17%)            -                  -          
[2026-04-03T02:22:06.459+0600][77.467s][info][gc,heap     ] GC(217)   Garbage:         -               403M (40%)         183M (18%)          26M (3%)             -                  -          
[2026-04-03T02:22:06.459+0600][77.467s][info][gc,heap     ] GC(217) Reclaimed:         -                  -               220M (22%)         377M (38%)            -                  -          
[2026-04-03T02:22:06.459+0600][77.467s][info][gc          ] GC(217) Garbage Collection (Allocation Rate) 514M(51%)->308M(31%)
[2026-04-03T02:22:06.696+0600][77.704s][info][gc,start    ] GC(218) Garbage Collection (Allocation Rate)
[2026-04-03T02:22:06.696+0600][77.704s][info][gc,task     ] GC(218) Using 3 workers
[2026-04-03T02:22:06.696+0600][77.704s][info][gc,phases   ] GC(218) Pause Mark Start 0.017ms
[2026-04-03T02:22:06.818+0600][77.826s][info][gc,phases   ] GC(218) Concurrent Mark 121.272ms
[2026-04-03T02:22:06.818+0600][77.826s][info][gc,phases   ] GC(218) Pause Mark End 0.039ms
[2026-04-03T02:22:06.818+0600][77.826s][info][gc,phases   ] GC(218) Concurrent Mark Free 0.001ms
[2026-04-03T02:22:06.848+0600][77.856s][info][gc,phases   ] GC(218) Concurrent Process Non-Strong References 29.631ms
[2026-04-03T02:22:06.848+0600][77.856s][info][gc,phases   ] GC(218) Concurrent Reset Relocation Set 0.012ms
[2026-04-03T02:22:06.851+0600][77.859s][info][gc,phases   ] GC(218) Concurrent Select Relocation Set 3.547ms
[2026-04-03T02:22:06.852+0600][77.860s][info][gc,phases   ] GC(218) Pause Relocate Start 0.017ms
[2026-04-03T02:22:06.854+0600][77.862s][info][gc,phases   ] GC(218) Concurrent Relocate 2.616ms
[2026-04-03T02:22:06.855+0600][77.863s][info][gc,load     ] GC(218) Load: 7.09/6.49/5.97
[2026-04-03T02:22:06.855+0600][77.863s][info][gc,mmu      ] GC(218) MMU: 2ms/90.1%, 5ms/96.1%, 10ms/98.0%, 20ms/99.0%, 50ms/99.6%, 100ms/99.7%
[2026-04-03T02:22:06.855+0600][77.863s][info][gc,marking  ] GC(218) Mark: 2 stripe(s), 2 proactive flush(es), 1 terminate flush(es), 0 completion(s), 0 continuation(s) 
[2026-04-03T02:22:06.855+0600][77.863s][info][gc,marking  ] GC(218) Mark Stack Usage: 32M
[2026-04-03T02:22:06.855+0600][77.863s][info][gc,nmethod  ] GC(218) NMethods: 15248 registered, 2388 unregistered
[2026-04-03T02:22:06.855+0600][77.863s][info][gc,metaspace] GC(218) Metaspace: 128M used, 129M committed, 1152M reserved
[2026-04-03T02:22:06.855+0600][77.863s][info][gc,ref      ] GC(218) Soft: 3290 encountered, 0 discovered, 0 enqueued
[2026-04-03T02:22:06.855+0600][77.863s][info][gc,ref      ] GC(218) Weak: 15847 encountered, 5905 discovered, 19 enqueued
[2026-04-03T02:22:06.855+0600][77.863s][info][gc,ref      ] GC(218) Final: 84 encountered, 0 discovered, 0 enqueued
[2026-04-03T02:22:06.855+0600][77.863s][info][gc,ref      ] GC(218) Phantom: 620 encountered, 471 discovered, 0 enqueued
[2026-04-03T02:22:06.855+0600][77.863s][info][gc,reloc    ] GC(218) Small Pages: 232 / 464M, Empty: 172M, Relocated: 2M, In-Place: 0
[2026-04-03T02:22:06.855+0600][77.863s][info][gc,reloc    ] GC(218) Medium Pages: 7 / 112M, Empty: 96M, Relocated: 0M, In-Place: 0
[2026-04-03T02:22:06.855+0600][77.863s][info][gc,reloc    ] GC(218) Large Pages: 11 / 64M, Empty: 54M, Relocated: 0M, In-Place: 0
[2026-04-03T02:22:06.855+0600][77.863s][info][gc,reloc    ] GC(218) Forwarding Usage: 0M
[2026-04-03T02:22:06.855+0600][77.863s][info][gc,heap     ] GC(218) Min Capacity: 8M(1%)
[2026-04-03T02:22:06.855+0600][77.863s][info][gc,heap     ] GC(218) Max Capacity: 1000M(100%)
[2026-04-03T02:22:06.855+0600][77.863s][info][gc,heap     ] GC(218) Soft Max Capacity: 1000M(100%)
[2026-04-03T02:22:06.855+0600][77.863s][info][gc,heap     ] GC(218)                Mark Start          Mark End        Relocate Start      Relocate End           High               Low         
[2026-04-03T02:22:06.855+0600][77.863s][info][gc,heap     ] GC(218)  Capacity:     1000M (100%)       1000M (100%)       1000M (100%)       1000M (100%)       1000M (100%)       1000M (100%)   
[2026-04-03T02:22:06.855+0600][77.863s][info][gc,heap     ] GC(218)      Free:      360M (36%)         240M (24%)         494M (49%)         668M (67%)         668M (67%)         200M (20%)    
[2026-04-03T02:22:06.855+0600][77.863s][info][gc,heap     ] GC(218)      Used:      640M (64%)         760M (76%)         506M (51%)         332M (33%)         800M (80%)         332M (33%)    
[2026-04-03T02:22:06.855+0600][77.863s][info][gc,heap     ] GC(218)      Live:         -               113M (11%)         113M (11%)         113M (11%)            -                  -          
[2026-04-03T02:22:06.855+0600][77.863s][info][gc,heap     ] GC(218) Allocated:         -               120M (12%)         188M (19%)         191M (19%)            -                  -          
[2026-04-03T02:22:06.855+0600][77.863s][info][gc,heap     ] GC(218)   Garbage:         -               526M (53%)         204M (20%)          26M (3%)             -                  -          
[2026-04-03T02:22:06.855+0600][77.863s][info][gc,heap     ] GC(218) Reclaimed:         -                  -               322M (32%)         499M (50%)            -                  -          
[2026-04-03T02:22:06.855+0600][77.863s][info][gc          ] GC(218) Garbage Collection (Allocation Rate) 640M(64%)->332M(33%)
[2026-04-03T02:22:07.096+0600][78.104s][info][gc,start    ] GC(219) Garbage Collection (Allocation Rate)
[2026-04-03T02:22:07.096+0600][78.104s][info][gc,task     ] GC(219) Using 3 workers
[2026-04-03T02:22:07.096+0600][78.104s][info][gc,phases   ] GC(219) Pause Mark Start 0.018ms
[2026-04-03T02:22:07.221+0600][78.229s][info][gc,phases   ] GC(219) Concurrent Mark 124.234ms
[2026-04-03T02:22:07.221+0600][78.229s][info][gc,phases   ] GC(219) Pause Mark End 0.045ms
[2026-04-03T02:22:07.221+0600][78.229s][info][gc,phases   ] GC(219) Concurrent Mark Free 0.003ms
[2026-04-03T02:22:07.269+0600][78.277s][info][gc,phases   ] GC(219) Concurrent Process Non-Strong References 47.599ms
[2026-04-03T02:22:07.269+0600][78.277s][info][gc,phases   ] GC(219) Concurrent Reset Relocation Set 0.011ms
[2026-04-03T02:22:07.274+0600][78.282s][info][gc,phases   ] GC(219) Concurrent Select Relocation Set 5.165ms
[2026-04-03T02:22:07.275+0600][78.283s][info][gc,phases   ] GC(219) Pause Relocate Start 0.018ms
[2026-04-03T02:22:07.282+0600][78.290s][info][gc,phases   ] GC(219) Concurrent Relocate 7.320ms
[2026-04-03T02:22:07.282+0600][78.290s][info][gc,load     ] GC(219) Load: 7.09/6.49/5.97
[2026-04-03T02:22:07.282+0600][78.290s][info][gc,mmu      ] GC(219) MMU: 2ms/90.1%, 5ms/96.1%, 10ms/98.0%, 20ms/99.0%, 50ms/99.6%, 100ms/99.7%
[2026-04-03T02:22:07.282+0600][78.290s][info][gc,marking  ] GC(219) Mark: 2 stripe(s), 2 proactive flush(es), 1 terminate flush(es), 0 completion(s), 0 continuation(s) 
[2026-04-03T02:22:07.282+0600][78.290s][info][gc,marking  ] GC(219) Mark Stack Usage: 32M
[2026-04-03T02:22:07.282+0600][78.290s][info][gc,nmethod  ] GC(219) NMethods: 15257 registered, 2400 unregistered
[2026-04-03T02:22:07.282+0600][78.290s][info][gc,metaspace] GC(219) Metaspace: 128M used, 129M committed, 1152M reserved
[2026-04-03T02:22:07.282+0600][78.290s][info][gc,ref      ] GC(219) Soft: 3372 encountered, 0 discovered, 0 enqueued
[2026-04-03T02:22:07.282+0600][78.290s][info][gc,ref      ] GC(219) Weak: 16546 encountered, 5743 discovered, 1740 enqueued
[2026-04-03T02:22:07.282+0600][78.290s][info][gc,ref      ] GC(219) Final: 84 encountered, 0 discovered, 0 enqueued
[2026-04-03T02:22:07.282+0600][78.290s][info][gc,ref      ] GC(219) Phantom: 620 encountered, 475 discovered, 0 enqueued
[2026-04-03T02:22:07.282+0600][78.290s][info][gc,reloc    ] GC(219) Small Pages: 241 / 482M, Empty: 56M, Relocated: 6M, In-Place: 0
[2026-04-03T02:22:07.282+0600][78.290s][info][gc,reloc    ] GC(219) Medium Pages: 4 / 64M, Empty: 48M, Relocated: 0M, In-Place: 0
[2026-04-03T02:22:07.282+0600][78.290s][info][gc,reloc    ] GC(219) Large Pages: 10 / 58M, Empty: 54M, Relocated: 0M, In-Place: 0
[2026-04-03T02:22:07.282+0600][78.290s][info][gc,reloc    ] GC(219) Forwarding Usage: 2M
[2026-04-03T02:22:07.282+0600][78.290s][info][gc,heap     ] GC(219) Min Capacity: 8M(1%)
[2026-04-03T02:22:07.282+0600][78.290s][info][gc,heap     ] GC(219) Max Capacity: 1000M(100%)
[2026-04-03T02:22:07.282+0600][78.290s][info][gc,heap     ] GC(219) Soft Max Capacity: 1000M(100%)
[2026-04-03T02:22:07.282+0600][78.290s][info][gc,heap     ] GC(219)                Mark Start          Mark End        Relocate Start      Relocate End           High               Low         
[2026-04-03T02:22:07.282+0600][78.290s][info][gc,heap     ] GC(219)  Capacity:     1000M (100%)       1000M (100%)       1000M (100%)       1000M (100%)       1000M (100%)       1000M (100%)   
[2026-04-03T02:22:07.282+0600][78.290s][info][gc,heap     ] GC(219)      Free:      396M (40%)         190M (19%)         274M (27%)         580M (58%)         580M (58%)         124M (12%)    
[2026-04-03T02:22:07.282+0600][78.290s][info][gc,heap     ] GC(219)      Used:      604M (60%)         810M (81%)         726M (73%)         420M (42%)         876M (88%)         420M (42%)    
[2026-04-03T02:22:07.282+0600][78.290s][info][gc,heap     ] GC(219)      Live:         -               111M (11%)         111M (11%)         111M (11%)            -                  -          
[2026-04-03T02:22:07.282+0600][78.290s][info][gc,heap     ] GC(219) Allocated:         -               206M (21%)         280M (28%)         283M (28%)            -                  -          
[2026-04-03T02:22:07.282+0600][78.290s][info][gc,heap     ] GC(219)   Garbage:         -               492M (49%)         334M (33%)          25M (3%)             -                  -          
[2026-04-03T02:22:07.282+0600][78.290s][info][gc,heap     ] GC(219) Reclaimed:         -                  -               158M (16%)         467M (47%)            -                  -          
[2026-04-03T02:22:07.282+0600][78.290s][info][gc          ] GC(219) Garbage Collection (Allocation Rate) 604M(60%)->420M(42%)
[2026-04-03T02:22:07.295+0600][78.303s][info][gc,start    ] GC(220) Garbage Collection (Allocation Rate)
[2026-04-03T02:22:07.295+0600][78.304s][info][gc,task     ] GC(220) Using 3 workers
[2026-04-03T02:22:07.296+0600][78.304s][info][gc,phases   ] GC(220) Pause Mark Start 0.011ms
[2026-04-03T02:22:07.393+0600][78.402s][info][gc,phases   ] GC(220) Concurrent Mark 97.706ms
[2026-04-03T02:22:07.394+0600][78.402s][info][gc,phases   ] GC(220) Pause Mark End 0.071ms
[2026-04-03T02:22:07.394+0600][78.402s][info][gc,phases   ] GC(220) Concurrent Mark Free 0.002ms
[2026-04-03T02:22:07.414+0600][78.422s][info][gc,phases   ] GC(220) Concurrent Process Non-Strong References 20.278ms
[2026-04-03T02:22:07.414+0600][78.422s][info][gc,phases   ] GC(220) Concurrent Reset Relocation Set 0.025ms
[2026-04-03T02:22:07.418+0600][78.426s][info][gc,phases   ] GC(220) Concurrent Select Relocation Set 3.648ms
[2026-04-03T02:22:07.418+0600][78.426s][info][gc,phases   ] GC(220) Pause Relocate Start 0.018ms
[2026-04-03T02:22:07.423+0600][78.431s][info][gc,phases   ] GC(220) Concurrent Relocate 4.810ms
[2026-04-03T02:22:07.423+0600][78.431s][info][gc,load     ] GC(220) Load: 7.09/6.49/5.97
[2026-04-03T02:22:07.423+0600][78.431s][info][gc,mmu      ] GC(220) MMU: 2ms/90.1%, 5ms/96.1%, 10ms/98.0%, 20ms/99.0%, 50ms/99.6%, 100ms/99.7%
[2026-04-03T02:22:07.423+0600][78.432s][info][gc,marking  ] GC(220) Mark: 2 stripe(s), 2 proactive flush(es), 3 terminate flush(es), 0 completion(s), 0 continuation(s) 
[2026-04-03T02:22:07.423+0600][78.432s][info][gc,marking  ] GC(220) Mark Stack Usage: 32M
[2026-04-03T02:22:07.423+0600][78.432s][info][gc,nmethod  ] GC(220) NMethods: 15259 registered, 2404 unregistered
[2026-04-03T02:22:07.423+0600][78.432s][info][gc,metaspace] GC(220) Metaspace: 128M used, 129M committed, 1152M reserved
[2026-04-03T02:22:07.423+0600][78.432s][info][gc,ref      ] GC(220) Soft: 3379 encountered, 0 discovered, 0 enqueued
[2026-04-03T02:22:07.424+0600][78.432s][info][gc,ref      ] GC(220) Weak: 14953 encountered, 5152 discovered, 483 enqueued
[2026-04-03T02:22:07.424+0600][78.432s][info][gc,ref      ] GC(220) Final: 84 encountered, 1 discovered, 0 enqueued
[2026-04-03T02:22:07.424+0600][78.432s][info][gc,ref      ] GC(220) Phantom: 620 encountered, 450 discovered, 0 enqueued
[2026-04-03T02:22:07.424+0600][78.432s][info][gc,reloc    ] GC(220) Small Pages: 180 / 360M, Empty: 172M, Relocated: 3M, In-Place: 0
[2026-04-03T02:22:07.424+0600][78.432s][info][gc,reloc    ] GC(220) Medium Pages: 3 / 48M, Empty: 32M, Relocated: 0M, In-Place: 0
[2026-04-03T02:22:07.424+0600][78.432s][info][gc,reloc    ] GC(220) Large Pages: 3 / 16M, Empty: 12M, Relocated: 0M, In-Place: 0
[2026-04-03T02:22:07.424+0600][78.432s][info][gc,reloc    ] GC(220) Forwarding Usage: 1M
[2026-04-03T02:22:07.424+0600][78.432s][info][gc,heap     ] GC(220) Min Capacity: 8M(1%)
[2026-04-03T02:22:07.424+0600][78.432s][info][gc,heap     ] GC(220) Max Capacity: 1000M(100%)
[2026-04-03T02:22:07.424+0600][78.432s][info][gc,heap     ] GC(220) Soft Max Capacity: 1000M(100%)
[2026-04-03T02:22:07.424+0600][78.432s][info][gc,heap     ] GC(220)                Mark Start          Mark End        Relocate Start      Relocate End           High               Low         
[2026-04-03T02:22:07.424+0600][78.432s][info][gc,heap     ] GC(220)  Capacity:     1000M (100%)       1000M (100%)       1000M (100%)       1000M (100%)       1000M (100%)       1000M (100%)   
[2026-04-03T02:22:07.424+0600][78.432s][info][gc,heap     ] GC(220)      Free:      576M (58%)         490M (49%)         520M (52%)         548M (55%)         582M (58%)         322M (32%)    
[2026-04-03T02:22:07.424+0600][78.432s][info][gc,heap     ] GC(220)      Used:      424M (42%)         510M (51%)         480M (48%)         452M (45%)         678M (68%)         418M (42%)    
[2026-04-03T02:22:07.424+0600][78.432s][info][gc,heap     ] GC(220)      Live:         -               107M (11%)         107M (11%)         107M (11%)            -                  -          
[2026-04-03T02:22:07.424+0600][78.432s][info][gc,heap     ] GC(220) Allocated:         -                86M (9%)          272M (27%)         317M (32%)            -                  -          
[2026-04-03T02:22:07.424+0600][78.432s][info][gc,heap     ] GC(220)   Garbage:         -               316M (32%)         100M (10%)          26M (3%)             -                  -          
[2026-04-03T02:22:07.424+0600][78.432s][info][gc,heap     ] GC(220) Reclaimed:         -                  -               216M (22%)         289M (29%)            -                  -          
[2026-04-03T02:22:07.424+0600][78.432s][info][gc          ] GC(220) Garbage Collection (Allocation Rate) 424M(42%)->452M(45%)
[2026-04-03T02:22:07.495+0600][78.504s][info][gc,start    ] GC(221) Garbage Collection (Allocation Rate)
[2026-04-03T02:22:07.496+0600][78.504s][info][gc,task     ] GC(221) Using 3 workers
[2026-04-03T02:22:07.496+0600][78.504s][info][gc,phases   ] GC(221) Pause Mark Start 0.013ms
[2026-04-03T02:22:07.590+0600][78.598s][info][gc,phases   ] GC(221) Concurrent Mark 94.199ms
[2026-04-03T02:22:07.594+0600][78.602s][info][gc,phases   ] GC(221) Pause Mark End 0.035ms
[2026-04-03T02:22:07.594+0600][78.602s][info][gc,phases   ] GC(221) Concurrent Mark Free 0.002ms
[2026-04-03T02:22:07.617+0600][78.625s][info][gc,phases   ] GC(221) Concurrent Process Non-Strong References 22.826ms
[2026-04-03T02:22:07.617+0600][78.625s][info][gc,phases   ] GC(221) Concurrent Reset Relocation Set 0.007ms
[2026-04-03T02:22:07.621+0600][78.629s][info][gc,phases   ] GC(221) Concurrent Select Relocation Set 3.984ms
[2026-04-03T02:22:07.621+0600][78.629s][info][gc,phases   ] GC(221) Pause Relocate Start 0.018ms
[2026-04-03T02:22:07.626+0600][78.634s][info][gc,phases   ] GC(221) Concurrent Relocate 4.839ms
[2026-04-03T02:22:07.626+0600][78.634s][info][gc,load     ] GC(221) Load: 7.09/6.49/5.97
[2026-04-03T02:22:07.626+0600][78.634s][info][gc,mmu      ] GC(221) MMU: 2ms/90.1%, 5ms/96.1%, 10ms/98.0%, 20ms/99.0%, 50ms/99.6%, 100ms/99.7%
[2026-04-03T02:22:07.626+0600][78.634s][info][gc,marking  ] GC(221) Mark: 2 stripe(s), 2 proactive flush(es), 1 terminate flush(es), 0 completion(s), 0 continuation(s) 
[2026-04-03T02:22:07.626+0600][78.634s][info][gc,marking  ] GC(221) Mark Stack Usage: 32M
[2026-04-03T02:22:07.626+0600][78.634s][info][gc,nmethod  ] GC(221) NMethods: 15258 registered, 2410 unregistered
[2026-04-03T02:22:07.626+0600][78.634s][info][gc,metaspace] GC(221) Metaspace: 128M used, 129M committed, 1152M reserved
[2026-04-03T02:22:07.626+0600][78.634s][info][gc,ref      ] GC(221) Soft: 3399 encountered, 0 discovered, 0 enqueued
[2026-04-03T02:22:07.626+0600][78.634s][info][gc,ref      ] GC(221) Weak: 14798 encountered, 4961 discovered, 86 enqueued
[2026-04-03T02:22:07.626+0600][78.634s][info][gc,ref      ] GC(221) Final: 84 encountered, 0 discovered, 0 enqueued
[2026-04-03T02:22:07.626+0600][78.634s][info][gc,ref      ] GC(221) Phantom: 620 encountered, 354 discovered, 0 enqueued
[2026-04-03T02:22:07.626+0600][78.634s][info][gc,reloc    ] GC(221) Small Pages: 123 / 246M, Empty: 22M, Relocated: 4M, In-Place: 0
[2026-04-03T02:22:07.626+0600][78.634s][info][gc,reloc    ] GC(221) Medium Pages: 2 / 32M, Empty: 16M, Relocated: 0M, In-Place: 0
[2026-04-03T02:22:07.626+0600][78.634s][info][gc,reloc    ] GC(221) Large Pages: 69 / 412M, Empty: 408M, Relocated: 0M, In-Place: 0
[2026-04-03T02:22:07.626+0600][78.634s][info][gc,reloc    ] GC(221) Forwarding Usage: 1M
[2026-04-03T02:22:07.626+0600][78.635s][info][gc,heap     ] GC(221) Min Capacity: 8M(1%)
[2026-04-03T02:22:07.626+0600][78.635s][info][gc,heap     ] GC(221) Max Capacity: 1000M(100%)
[2026-04-03T02:22:07.626+0600][78.635s][info][gc,heap     ] GC(221) Soft Max Capacity: 1000M(100%)
[2026-04-03T02:22:07.626+0600][78.635s][info][gc,heap     ] GC(221)                Mark Start          Mark End        Relocate Start      Relocate End           High               Low         
[2026-04-03T02:22:07.626+0600][78.635s][info][gc,heap     ] GC(221)  Capacity:     1000M (100%)       1000M (100%)       1000M (100%)       1000M (100%)       1000M (100%)       1000M (100%)   
[2026-04-03T02:22:07.626+0600][78.635s][info][gc,heap     ] GC(221)      Free:      310M (31%)         110M (11%)         434M (43%)         498M (50%)         530M (53%)           2M (0%)     
[2026-04-03T02:22:07.627+0600][78.635s][info][gc,heap     ] GC(221)      Used:      690M (69%)         890M (89%)         566M (57%)         502M (50%)         998M (100%)        470M (47%)    
[2026-04-03T02:22:07.627+0600][78.635s][info][gc,heap     ] GC(221)      Live:         -               106M (11%)         106M (11%)         106M (11%)            -                  -          
[2026-04-03T02:22:07.627+0600][78.635s][info][gc,heap     ] GC(221) Allocated:         -               200M (20%)         322M (32%)         371M (37%)            -                  -          
[2026-04-03T02:22:07.627+0600][78.635s][info][gc,heap     ] GC(221)   Garbage:         -               583M (58%)         137M (14%)          24M (2%)             -                  -          
[2026-04-03T02:22:07.627+0600][78.635s][info][gc,heap     ] GC(221) Reclaimed:         -                  -               446M (45%)         559M (56%)            -                  -          
[2026-04-03T02:22:07.627+0600][78.635s][info][gc          ] GC(221) Garbage Collection (Allocation Rate) 690M(69%)->502M(50%)
[2026-04-03T02:22:07.696+0600][78.704s][info][gc,start    ] GC(222) Garbage Collection (Allocation Rate)
[2026-04-03T02:22:07.696+0600][78.704s][info][gc,task     ] GC(222) Using 3 workers
[2026-04-03T02:22:07.696+0600][78.704s][info][gc,phases   ] GC(222) Pause Mark Start 0.008ms
[2026-04-03T02:22:07.797+0600][78.805s][info][gc,phases   ] GC(222) Concurrent Mark 100.529ms
[2026-04-03T02:22:07.797+0600][78.805s][info][gc,phases   ] GC(222) Pause Mark End 0.030ms
[2026-04-03T02:22:07.797+0600][78.805s][info][gc,phases   ] GC(222) Concurrent Mark Free 0.002ms
[2026-04-03T02:22:07.817+0600][78.825s][info][gc,phases   ] GC(222) Concurrent Process Non-Strong References 19.758ms
[2026-04-03T02:22:07.817+0600][78.825s][info][gc,phases   ] GC(222) Concurrent Reset Relocation Set 0.011ms
[2026-04-03T02:22:07.822+0600][78.830s][info][gc,phases   ] GC(222) Concurrent Select Relocation Set 4.801ms
[2026-04-03T02:22:07.822+0600][78.830s][info][gc,phases   ] GC(222) Pause Relocate Start 0.020ms
[2026-04-03T02:22:07.826+0600][78.834s][info][gc,phases   ] GC(222) Concurrent Relocate 3.487ms
[2026-04-03T02:22:07.826+0600][78.834s][info][gc,load     ] GC(222) Load: 7.09/6.49/5.97
[2026-04-03T02:22:07.826+0600][78.834s][info][gc,mmu      ] GC(222) MMU: 2ms/90.1%, 5ms/96.1%, 10ms/98.0%, 20ms/99.0%, 50ms/99.6%, 100ms/99.7%
[2026-04-03T02:22:07.826+0600][78.834s][info][gc,marking  ] GC(222) Mark: 2 stripe(s), 2 proactive flush(es), 1 terminate flush(es), 0 completion(s), 0 continuation(s) 
[2026-04-03T02:22:07.826+0600][78.834s][info][gc,marking  ] GC(222) Mark Stack Usage: 32M
[2026-04-03T02:22:07.826+0600][78.834s][info][gc,nmethod  ] GC(222) NMethods: 15264 registered, 2414 unregistered
[2026-04-03T02:22:07.826+0600][78.834s][info][gc,metaspace] GC(222) Metaspace: 128M used, 129M committed, 1152M reserved
[2026-04-03T02:22:07.826+0600][78.834s][info][gc,ref      ] GC(222) Soft: 3393 encountered, 0 discovered, 0 enqueued
[2026-04-03T02:22:07.826+0600][78.834s][info][gc,ref      ] GC(222) Weak: 14873 encountered, 5196 discovered, 364 enqueued
[2026-04-03T02:22:07.826+0600][78.834s][info][gc,ref      ] GC(222) Final: 84 encountered, 0 discovered, 0 enqueued
[2026-04-03T02:22:07.826+0600][78.834s][info][gc,ref      ] GC(222) Phantom: 620 encountered, 472 discovered, 0 enqueued
[2026-04-03T02:22:07.826+0600][78.834s][info][gc,reloc    ] GC(222) Small Pages: 121 / 242M, Empty: 16M, Relocated: 3M, In-Place: 0
[2026-04-03T02:22:07.826+0600][78.834s][info][gc,reloc    ] GC(222) Medium Pages: 3 / 48M, Empty: 32M, Relocated: 0M, In-Place: 0
[2026-04-03T02:22:07.826+0600][78.834s][info][gc,reloc    ] GC(222) Large Pages: 67 / 400M, Empty: 396M, Relocated: 0M, In-Place: 0
[2026-04-03T02:22:07.826+0600][78.834s][info][gc,reloc    ] GC(222) Forwarding Usage: 0M
[2026-04-03T02:22:07.826+0600][78.834s][info][gc,heap     ] GC(222) Min Capacity: 8M(1%)
[2026-04-03T02:22:07.826+0600][78.834s][info][gc,heap     ] GC(222) Max Capacity: 1000M(100%)
[2026-04-03T02:22:07.826+0600][78.834s][info][gc,heap     ] GC(222) Soft Max Capacity: 1000M(100%)
[2026-04-03T02:22:07.826+0600][78.834s][info][gc,heap     ] GC(222)                Mark Start          Mark End        Relocate Start      Relocate End           High               Low         
[2026-04-03T02:22:07.826+0600][78.834s][info][gc,heap     ] GC(222)  Capacity:     1000M (100%)       1000M (100%)       1000M (100%)       1000M (100%)       1000M (100%)       1000M (100%)   
[2026-04-03T02:22:07.826+0600][78.834s][info][gc,heap     ] GC(222)      Free:      310M (31%)         204M (20%)         628M (63%)         742M (74%)         742M (74%)         190M (19%)    
[2026-04-03T02:22:07.826+0600][78.834s][info][gc,heap     ] GC(222)      Used:      690M (69%)         796M (80%)         372M (37%)         258M (26%)         810M (81%)         258M (26%)    
[2026-04-03T02:22:07.826+0600][78.834s][info][gc,heap     ] GC(222)      Live:         -               106M (11%)         106M (11%)         106M (11%)            -                  -          
[2026-04-03T02:22:07.826+0600][78.834s][info][gc,heap     ] GC(222) Allocated:         -               106M (11%)         126M (13%)         125M (13%)            -                  -          
[2026-04-03T02:22:07.826+0600][78.834s][info][gc,heap     ] GC(222)   Garbage:         -               583M (58%)         139M (14%)          25M (3%)             -                  -          
[2026-04-03T02:22:07.826+0600][78.834s][info][gc,heap     ] GC(222) Reclaimed:         -                  -               444M (44%)         557M (56%)            -                  -          
[2026-04-03T02:22:07.826+0600][78.834s][info][gc          ] GC(222) Garbage Collection (Allocation Rate) 690M(69%)->258M(26%)
[2026-04-03T02:22:07.896+0600][78.904s][info][gc,start    ] GC(223) Garbage Collection (Allocation Rate)
[2026-04-03T02:22:07.896+0600][78.904s][info][gc,task     ] GC(223) Using 3 workers
[2026-04-03T02:22:07.896+0600][78.904s][info][gc,phases   ] GC(223) Pause Mark Start 0.009ms
[2026-04-03T02:22:07.972+0600][78.980s][info][gc,phases   ] GC(223) Concurrent Mark 75.164ms
[2026-04-03T02:22:07.972+0600][78.980s][info][gc,phases   ] GC(223) Pause Mark End 0.044ms
[2026-04-03T02:22:07.972+0600][78.980s][info][gc,phases   ] GC(223) Concurrent Mark Free 0.003ms
[2026-04-03T02:22:07.987+0600][78.995s][info][gc,phases   ] GC(223) Concurrent Process Non-Strong References 14.838ms
[2026-04-03T02:22:07.987+0600][78.995s][info][gc,phases   ] GC(223) Concurrent Reset Relocation Set 0.005ms
[2026-04-03T02:22:07.990+0600][78.998s][info][gc,phases   ] GC(223) Concurrent Select Relocation Set 3.126ms
[2026-04-03T02:22:07.990+0600][78.998s][info][gc,phases   ] GC(223) Pause Relocate Start 0.012ms
[2026-04-03T02:22:07.994+0600][79.002s][info][gc,phases   ] GC(223) Concurrent Relocate 3.218ms
[2026-04-03T02:22:07.994+0600][79.002s][info][gc,load     ] GC(223) Load: 7.09/6.49/5.97
[2026-04-03T02:22:07.994+0600][79.002s][info][gc,mmu      ] GC(223) MMU: 2ms/90.1%, 5ms/96.1%, 10ms/98.0%, 20ms/99.0%, 50ms/99.6%, 100ms/99.7%
[2026-04-03T02:22:07.994+0600][79.002s][info][gc,marking  ] GC(223) Mark: 2 stripe(s), 2 proactive flush(es), 1 terminate flush(es), 0 completion(s), 0 continuation(s) 
[2026-04-03T02:22:07.994+0600][79.002s][info][gc,marking  ] GC(223) Mark Stack Usage: 32M
[2026-04-03T02:22:07.994+0600][79.002s][info][gc,nmethod  ] GC(223) NMethods: 15281 registered, 2418 unregistered
[2026-04-03T02:22:07.994+0600][79.002s][info][gc,metaspace] GC(223) Metaspace: 128M used, 129M committed, 1152M reserved
[2026-04-03T02:22:07.994+0600][79.002s][info][gc,ref      ] GC(223) Soft: 3395 encountered, 0 discovered, 0 enqueued
[2026-04-03T02:22:07.994+0600][79.002s][info][gc,ref      ] GC(223) Weak: 14773 encountered, 3572 discovered, 282 enqueued
[2026-04-03T02:22:07.994+0600][79.002s][info][gc,ref      ] GC(223) Final: 84 encountered, 0 discovered, 0 enqueued
[2026-04-03T02:22:07.994+0600][79.002s][info][gc,ref      ] GC(223) Phantom: 620 encountered, 509 discovered, 0 enqueued
[2026-04-03T02:22:07.994+0600][79.002s][info][gc,reloc    ] GC(223) Small Pages: 106 / 212M, Empty: 2M, Relocated: 5M, In-Place: 0
[2026-04-03T02:22:07.994+0600][79.002s][info][gc,reloc    ] GC(223) Medium Pages: 3 / 48M, Empty: 32M, Relocated: 0M, In-Place: 0
[2026-04-03T02:22:07.994+0600][79.002s][info][gc,reloc    ] GC(223) Large Pages: 6 / 34M, Empty: 30M, Relocated: 0M, In-Place: 0
[2026-04-03T02:22:07.994+0600][79.002s][info][gc,reloc    ] GC(223) Forwarding Usage: 1M
[2026-04-03T02:22:07.994+0600][79.002s][info][gc,heap     ] GC(223) Min Capacity: 8M(1%)
[2026-04-03T02:22:07.994+0600][79.002s][info][gc,heap     ] GC(223) Max Capacity: 1000M(100%)
[2026-04-03T02:22:07.994+0600][79.002s][info][gc,heap     ] GC(223) Soft Max Capacity: 1000M(100%)
[2026-04-03T02:22:07.994+0600][79.002s][info][gc,heap     ] GC(223)                Mark Start          Mark End        Relocate Start      Relocate End           High               Low         
[2026-04-03T02:22:07.994+0600][79.002s][info][gc,heap     ] GC(223)  Capacity:     1000M (100%)       1000M (100%)       1000M (100%)       1000M (100%)       1000M (100%)       1000M (100%)   
[2026-04-03T02:22:07.994+0600][79.002s][info][gc,heap     ] GC(223)      Free:      706M (71%)         670M (67%)         706M (71%)         804M (80%)         804M (80%)         644M (64%)    
[2026-04-03T02:22:07.994+0600][79.002s][info][gc,heap     ] GC(223)      Used:      294M (29%)         330M (33%)         294M (29%)         196M (20%)         356M (36%)         196M (20%)    
[2026-04-03T02:22:07.994+0600][79.002s][info][gc,heap     ] GC(223)      Live:         -               106M (11%)         106M (11%)         106M (11%)            -                  -          
[2026-04-03T02:22:07.994+0600][79.002s][info][gc,heap     ] GC(223) Allocated:         -                36M (4%)           64M (6%)           63M (6%)             -                  -          
[2026-04-03T02:22:07.994+0600][79.002s][info][gc,heap     ] GC(223)   Garbage:         -               187M (19%)         123M (12%)          25M (3%)             -                  -          
[2026-04-03T02:22:07.994+0600][79.002s][info][gc,heap     ] GC(223) Reclaimed:         -                  -                64M (6%)          161M (16%)            -                  -          
[2026-04-03T02:22:07.994+0600][79.002s][info][gc          ] GC(223) Garbage Collection (Allocation Rate) 294M(29%)->196M(20%)
[2026-04-03T02:22:07.995+0600][79.003s][info][gc,start    ] GC(224) Garbage Collection (Allocation Rate)
[2026-04-03T02:22:07.995+0600][79.003s][info][gc,task     ] GC(224) Using 3 workers
[2026-04-03T02:22:07.996+0600][79.004s][info][gc,phases   ] GC(224) Pause Mark Start 0.012ms
[2026-04-03T02:22:08.078+0600][79.086s][info][gc,phases   ] GC(224) Concurrent Mark 82.447ms
[2026-04-03T02:22:08.079+0600][79.087s][info][gc,phases   ] GC(224) Pause Mark End 0.060ms
[2026-04-03T02:22:08.079+0600][79.087s][info][gc,phases   ] GC(224) Concurrent Mark Free 0.004ms
[2026-04-03T02:22:08.099+0600][79.107s][info][gc,phases   ] GC(224) Concurrent Process Non-Strong References 20.200ms
[2026-04-03T02:22:08.099+0600][79.107s][info][gc,phases   ] GC(224) Concurrent Reset Relocation Set 0.011ms
[2026-04-03T02:22:08.103+0600][79.111s][info][gc,phases   ] GC(224) Concurrent Select Relocation Set 3.380ms
[2026-04-03T02:22:08.103+0600][79.111s][info][gc,phases   ] GC(224) Pause Relocate Start 0.014ms
[2026-04-03T02:22:08.105+0600][79.113s][info][gc,phases   ] GC(224) Concurrent Relocate 2.105ms
[2026-04-03T02:22:08.105+0600][79.113s][info][gc,load     ] GC(224) Load: 7.09/6.49/5.97
[2026-04-03T02:22:08.105+0600][79.113s][info][gc,mmu      ] GC(224) MMU: 2ms/90.1%, 5ms/96.1%, 10ms/98.0%, 20ms/99.0%, 50ms/99.6%, 100ms/99.7%
[2026-04-03T02:22:08.105+0600][79.113s][info][gc,marking  ] GC(224) Mark: 2 stripe(s), 2 proactive flush(es), 1 terminate flush(es), 0 completion(s), 0 continuation(s) 
[2026-04-03T02:22:08.105+0600][79.113s][info][gc,marking  ] GC(224) Mark Stack Usage: 32M
[2026-04-03T02:22:08.105+0600][79.113s][info][gc,nmethod  ] GC(224) NMethods: 15283 registered, 2421 unregistered
[2026-04-03T02:22:08.105+0600][79.113s][info][gc,metaspace] GC(224) Metaspace: 128M used, 129M committed, 1152M reserved
[2026-04-03T02:22:08.105+0600][79.113s][info][gc,ref      ] GC(224) Soft: 3395 encountered, 0 discovered, 0 enqueued
[2026-04-03T02:22:08.105+0600][79.113s][info][gc,ref      ] GC(224) Weak: 14489 encountered, 3687 discovered, 5 enqueued
[2026-04-03T02:22:08.105+0600][79.113s][info][gc,ref      ] GC(224) Final: 84 encountered, 0 discovered, 0 enqueued
[2026-04-03T02:22:08.105+0600][79.113s][info][gc,ref      ] GC(224) Phantom: 620 encountered, 474 discovered, 0 enqueued
[2026-04-03T02:22:08.105+0600][79.113s][info][gc,reloc    ] GC(224) Small Pages: 88 / 176M, Empty: 4M, Relocated: 1M, In-Place: 0
[2026-04-03T02:22:08.105+0600][79.114s][info][gc,reloc    ] GC(224) Medium Pages: 1 / 16M, Empty: 0M, Relocated: 0M, In-Place: 0
[2026-04-03T02:22:08.105+0600][79.114s][info][gc,reloc    ] GC(224) Large Pages: 1 / 4M, Empty: 0M, Relocated: 0M, In-Place: 0
[2026-04-03T02:22:08.105+0600][79.114s][info][gc,reloc    ] GC(224) Forwarding Usage: 0M
[2026-04-03T02:22:08.105+0600][79.114s][info][gc,heap     ] GC(224) Min Capacity: 8M(1%)
[2026-04-03T02:22:08.105+0600][79.114s][info][gc,heap     ] GC(224) Max Capacity: 1000M(100%)
[2026-04-03T02:22:08.105+0600][79.114s][info][gc,heap     ] GC(224) Soft Max Capacity: 1000M(100%)
[2026-04-03T02:22:08.106+0600][79.114s][info][gc,heap     ] GC(224)                Mark Start          Mark End        Relocate Start      Relocate End           High               Low         
[2026-04-03T02:22:08.106+0600][79.114s][info][gc,heap     ] GC(224)  Capacity:     1000M (100%)       1000M (100%)       1000M (100%)       1000M (100%)       1000M (100%)       1000M (100%)   
[2026-04-03T02:22:08.106+0600][79.114s][info][gc,heap     ] GC(224)      Free:      804M (80%)         766M (77%)         760M (76%)         816M (82%)         816M (82%)         754M (75%)    
[2026-04-03T02:22:08.106+0600][79.114s][info][gc,heap     ] GC(224)      Used:      196M (20%)         234M (23%)         240M (24%)         184M (18%)         246M (25%)         184M (18%)    
[2026-04-03T02:22:08.106+0600][79.114s][info][gc,heap     ] GC(224)      Live:         -               106M (11%)         106M (11%)         106M (11%)            -                  -          
[2026-04-03T02:22:08.106+0600][79.114s][info][gc,heap     ] GC(224) Allocated:         -                38M (4%)           48M (5%)           49M (5%)             -                  -          
[2026-04-03T02:22:08.106+0600][79.114s][info][gc,heap     ] GC(224)   Garbage:         -                89M (9%)           85M (9%)           27M (3%)             -                  -          
[2026-04-03T02:22:08.106+0600][79.114s][info][gc,heap     ] GC(224) Reclaimed:         -                  -                 4M (0%)           61M (6%)             -                  -          
[2026-04-03T02:22:08.106+0600][79.114s][info][gc          ] GC(224) Garbage Collection (Allocation Rate) 196M(20%)->184M(18%)
[2026-04-03T02:22:08.195+0600][79.203s][info][gc,start    ] GC(225) Garbage Collection (Allocation Rate)
[2026-04-03T02:22:08.195+0600][79.204s][info][gc,task     ] GC(225) Using 3 workers
[2026-04-03T02:22:08.196+0600][79.204s][info][gc,phases   ] GC(225) Pause Mark Start 0.008ms
[2026-04-03T02:22:08.296+0600][79.304s][info][gc,phases   ] GC(225) Concurrent Mark 100.213ms
[2026-04-03T02:22:08.296+0600][79.304s][info][gc,phases   ] GC(225) Pause Mark End 0.030ms
[2026-04-03T02:22:08.296+0600][79.305s][info][gc,phases   ] GC(225) Concurrent Mark Free 0.004ms
[2026-04-03T02:22:08.318+0600][79.326s][info][gc,phases   ] GC(225) Concurrent Process Non-Strong References 21.732ms
[2026-04-03T02:22:08.318+0600][79.326s][info][gc,phases   ] GC(225) Concurrent Reset Relocation Set 0.008ms
[2026-04-03T02:22:08.323+0600][79.331s][info][gc,phases   ] GC(225) Concurrent Select Relocation Set 4.890ms
[2026-04-03T02:22:08.324+0600][79.332s][info][gc,phases   ] GC(225) Pause Relocate Start 0.022ms
[2026-04-03T02:22:08.327+0600][79.335s][info][gc,phases   ] GC(225) Concurrent Relocate 3.156ms
[2026-04-03T02:22:08.327+0600][79.335s][info][gc,load     ] GC(225) Load: 7.09/6.49/5.97
[2026-04-03T02:22:08.327+0600][79.336s][info][gc,mmu      ] GC(225) MMU: 2ms/90.1%, 5ms/96.1%, 10ms/98.0%, 20ms/99.0%, 50ms/99.6%, 100ms/99.7%
[2026-04-03T02:22:08.327+0600][79.336s][info][gc,marking  ] GC(225) Mark: 2 stripe(s), 2 proactive flush(es), 1 terminate flush(es), 0 completion(s), 0 continuation(s) 
[2026-04-03T02:22:08.327+0600][79.336s][info][gc,marking  ] GC(225) Mark Stack Usage: 32M
[2026-04-03T02:22:08.327+0600][79.336s][info][gc,nmethod  ] GC(225) NMethods: 15292 registered, 2422 unregistered
[2026-04-03T02:22:08.328+0600][79.336s][info][gc,metaspace] GC(225) Metaspace: 128M used, 129M committed, 1152M reserved
[2026-04-03T02:22:08.328+0600][79.336s][info][gc,ref      ] GC(225) Soft: 3395 encountered, 0 discovered, 0 enqueued
[2026-04-03T02:22:08.328+0600][79.336s][info][gc,ref      ] GC(225) Weak: 14485 encountered, 2518 discovered, 1 enqueued
[2026-04-03T02:22:08.328+0600][79.336s][info][gc,ref      ] GC(225) Final: 84 encountered, 0 discovered, 0 enqueued
[2026-04-03T02:22:08.328+0600][79.336s][info][gc,ref      ] GC(225) Phantom: 620 encountered, 465 discovered, 0 enqueued
[2026-04-03T02:22:08.328+0600][79.336s][info][gc,reloc    ] GC(225) Small Pages: 109 / 218M, Empty: 12M, Relocated: 1M, In-Place: 0
[2026-04-03T02:22:08.328+0600][79.336s][info][gc,reloc    ] GC(225) Medium Pages: 1 / 16M, Empty: 0M, Relocated: 0M, In-Place: 0
[2026-04-03T02:22:08.328+0600][79.336s][info][gc,reloc    ] GC(225) Large Pages: 1 / 4M, Empty: 0M, Relocated: 0M, In-Place: 0
[2026-04-03T02:22:08.328+0600][79.336s][info][gc,reloc    ] GC(225) Forwarding Usage: 0M
[2026-04-03T02:22:08.328+0600][79.336s][info][gc,heap     ] GC(225) Min Capacity: 8M(1%)
[2026-04-03T02:22:08.328+0600][79.336s][info][gc,heap     ] GC(225) Max Capacity: 1000M(100%)
[2026-04-03T02:22:08.328+0600][79.336s][info][gc,heap     ] GC(225) Soft Max Capacity: 1000M(100%)
[2026-04-03T02:22:08.328+0600][79.336s][info][gc,heap     ] GC(225)                Mark Start          Mark End        Relocate Start      Relocate End           High               Low         
[2026-04-03T02:22:08.328+0600][79.336s][info][gc,heap     ] GC(225)  Capacity:     1000M (100%)       1000M (100%)       1000M (100%)       1000M (100%)       1000M (100%)       1000M (100%)   
[2026-04-03T02:22:08.328+0600][79.336s][info][gc,heap     ] GC(225)      Free:      762M (76%)         632M (63%)         618M (62%)         710M (71%)         762M (76%)         606M (61%)    
[2026-04-03T02:22:08.328+0600][79.336s][info][gc,heap     ] GC(225)      Used:      238M (24%)         368M (37%)         382M (38%)         290M (29%)         394M (39%)         238M (24%)    
[2026-04-03T02:22:08.328+0600][79.336s][info][gc,heap     ] GC(225)      Live:         -               106M (11%)         106M (11%)         106M (11%)            -                  -          
[2026-04-03T02:22:08.328+0600][79.336s][info][gc,heap     ] GC(225) Allocated:         -               130M (13%)         156M (16%)         155M (16%)            -                  -          
[2026-04-03T02:22:08.328+0600][79.336s][info][gc,heap     ] GC(225)   Garbage:         -               131M (13%)         119M (12%)          27M (3%)             -                  -          
[2026-04-03T02:22:08.328+0600][79.336s][info][gc,heap     ] GC(225) Reclaimed:         -                  -                12M (1%)          103M (10%)            -                  -          
[2026-04-03T02:22:08.328+0600][79.336s][info][gc          ] GC(225) Garbage Collection (Allocation Rate) 238M(24%)->290M(29%)
[2026-04-03T02:22:08.396+0600][79.404s][info][gc,start    ] GC(226) Garbage Collection (Allocation Rate)
[2026-04-03T02:22:08.396+0600][79.404s][info][gc,task     ] GC(226) Using 3 workers
[2026-04-03T02:22:08.396+0600][79.404s][info][gc,phases   ] GC(226) Pause Mark Start 0.017ms
[2026-04-03T02:22:08.514+0600][79.523s][info][gc,phases   ] GC(226) Concurrent Mark 117.988ms
[2026-04-03T02:22:08.515+0600][79.523s][info][gc,phases   ] GC(226) Pause Mark End 0.037ms
[2026-04-03T02:22:08.515+0600][79.523s][info][gc,phases   ] GC(226) Concurrent Mark Free 0.004ms
[2026-04-03T02:22:08.541+0600][79.549s][info][gc,phases   ] GC(226) Concurrent Process Non-Strong References 25.644ms
[2026-04-03T02:22:08.541+0600][79.549s][info][gc,phases   ] GC(226) Concurrent Reset Relocation Set 0.011ms
[2026-04-03T02:22:08.545+0600][79.553s][info][gc,phases   ] GC(226) Concurrent Select Relocation Set 3.689ms
[2026-04-03T02:22:08.545+0600][79.553s][info][gc,phases   ] GC(226) Pause Relocate Start 0.018ms
[2026-04-03T02:22:08.548+0600][79.556s][info][gc,phases   ] GC(226) Concurrent Relocate 2.855ms
[2026-04-03T02:22:08.548+0600][79.556s][info][gc,load     ] GC(226) Load: 7.09/6.49/5.97
[2026-04-03T02:22:08.548+0600][79.556s][info][gc,mmu      ] GC(226) MMU: 2ms/90.1%, 5ms/96.1%, 10ms/98.0%, 20ms/99.0%, 50ms/99.6%, 100ms/99.7%
[2026-04-03T02:22:08.548+0600][79.556s][info][gc,marking  ] GC(226) Mark: 2 stripe(s), 2 proactive flush(es), 1 terminate flush(es), 0 completion(s), 0 continuation(s) 
[2026-04-03T02:22:08.548+0600][79.556s][info][gc,marking  ] GC(226) Mark Stack Usage: 32M
[2026-04-03T02:22:08.548+0600][79.556s][info][gc,nmethod  ] GC(226) NMethods: 15293 registered, 2426 unregistered
[2026-04-03T02:22:08.548+0600][79.556s][info][gc,metaspace] GC(226) Metaspace: 128M used, 129M committed, 1152M reserved
[2026-04-03T02:22:08.548+0600][79.556s][info][gc,ref      ] GC(226) Soft: 3401 encountered, 0 discovered, 0 enqueued
[2026-04-03T02:22:08.548+0600][79.556s][info][gc,ref      ] GC(226) Weak: 14905 encountered, 3468 discovered, 19 enqueued
[2026-04-03T02:22:08.548+0600][79.556s][info][gc,ref      ] GC(226) Final: 84 encountered, 0 discovered, 0 enqueued
[2026-04-03T02:22:08.548+0600][79.556s][info][gc,ref      ] GC(226) Phantom: 620 encountered, 571 discovered, 0 enqueued
[2026-04-03T02:22:08.548+0600][79.556s][info][gc,reloc    ] GC(226) Small Pages: 142 / 284M, Empty: 38M, Relocated: 3M, In-Place: 0
[2026-04-03T02:22:08.548+0600][79.556s][info][gc,reloc    ] GC(226) Medium Pages: 4 / 64M, Empty: 48M, Relocated: 0M, In-Place: 0
[2026-04-03T02:22:08.548+0600][79.556s][info][gc,reloc    ] GC(226) Large Pages: 6 / 34M, Empty: 30M, Relocated: 0M, In-Place: 0
[2026-04-03T02:22:08.548+0600][79.556s][info][gc,reloc    ] GC(226) Forwarding Usage: 0M
[2026-04-03T02:22:08.548+0600][79.556s][info][gc,heap     ] GC(226) Min Capacity: 8M(1%)
[2026-04-03T02:22:08.548+0600][79.556s][info][gc,heap     ] GC(226) Max Capacity: 1000M(100%)
[2026-04-03T02:22:08.548+0600][79.556s][info][gc,heap     ] GC(226) Soft Max Capacity: 1000M(100%)
[2026-04-03T02:22:08.548+0600][79.556s][info][gc,heap     ] GC(226)                Mark Start          Mark End        Relocate Start      Relocate End           High               Low         
[2026-04-03T02:22:08.548+0600][79.556s][info][gc,heap     ] GC(226)  Capacity:     1000M (100%)       1000M (100%)       1000M (100%)       1000M (100%)       1000M (100%)       1000M (100%)   
[2026-04-03T02:22:08.548+0600][79.556s][info][gc,heap     ] GC(226)      Free:      618M (62%)         470M (47%)         554M (55%)         682M (68%)         682M (68%)         438M (44%)    
[2026-04-03T02:22:08.548+0600][79.556s][info][gc,heap     ] GC(226)      Used:      382M (38%)         530M (53%)         446M (45%)         318M (32%)         562M (56%)         318M (32%)    
[2026-04-03T02:22:08.548+0600][79.556s][info][gc,heap     ] GC(226)      Live:         -               109M (11%)         109M (11%)         109M (11%)            -                  -          
[2026-04-03T02:22:08.548+0600][79.556s][info][gc,heap     ] GC(226) Allocated:         -               148M (15%)         180M (18%)         181M (18%)            -                  -          
[2026-04-03T02:22:08.548+0600][79.556s][info][gc,heap     ] GC(226)   Garbage:         -               272M (27%)         156M (16%)          26M (3%)             -                  -          
[2026-04-03T02:22:08.548+0600][79.556s][info][gc,heap     ] GC(226) Reclaimed:         -                  -               116M (12%)         245M (25%)            -                  -          
[2026-04-03T02:22:08.548+0600][79.556s][info][gc          ] GC(226) Garbage Collection (Allocation Rate) 382M(38%)->318M(32%)
[2026-04-03T02:22:08.596+0600][79.604s][info][gc,start    ] GC(227) Garbage Collection (Allocation Rate)
[2026-04-03T02:22:08.596+0600][79.604s][info][gc,task     ] GC(227) Using 3 workers
[2026-04-03T02:22:08.596+0600][79.604s][info][gc,phases   ] GC(227) Pause Mark Start 0.012ms
[2026-04-03T02:22:08.717+0600][79.725s][info][gc,phases   ] GC(227) Concurrent Mark 120.928ms
[2026-04-03T02:22:08.717+0600][79.726s][info][gc,phases   ] GC(227) Pause Mark End 0.036ms
[2026-04-03T02:22:08.718+0600][79.726s][info][gc,phases   ] GC(227) Concurrent Mark Free 0.002ms
[2026-04-03T02:22:08.742+0600][79.750s][info][gc,phases   ] GC(227) Concurrent Process Non-Strong References 24.288ms
[2026-04-03T02:22:08.742+0600][79.750s][info][gc,phases   ] GC(227) Concurrent Reset Relocation Set 0.022ms
[2026-04-03T02:22:08.748+0600][79.756s][info][gc,phases   ] GC(227) Concurrent Select Relocation Set 5.252ms
[2026-04-03T02:22:08.748+0600][79.756s][info][gc,phases   ] GC(227) Pause Relocate Start 0.021ms
[2026-04-03T02:22:08.756+0600][79.764s][info][gc,phases   ] GC(227) Concurrent Relocate 7.152ms
[2026-04-03T02:22:08.756+0600][79.764s][info][gc,load     ] GC(227) Load: 7.09/6.49/5.97
[2026-04-03T02:22:08.756+0600][79.764s][info][gc,mmu      ] GC(227) MMU: 2ms/90.1%, 5ms/96.1%, 10ms/98.0%, 20ms/99.0%, 50ms/99.6%, 100ms/99.7%
[2026-04-03T02:22:08.756+0600][79.764s][info][gc,marking  ] GC(227) Mark: 2 stripe(s), 2 proactive flush(es), 1 terminate flush(es), 0 completion(s), 0 continuation(s) 
[2026-04-03T02:22:08.756+0600][79.764s][info][gc,marking  ] GC(227) Mark Stack Usage: 32M
[2026-04-03T02:22:08.756+0600][79.764s][info][gc,nmethod  ] GC(227) NMethods: 15294 registered, 2430 unregistered
[2026-04-03T02:22:08.756+0600][79.764s][info][gc,metaspace] GC(227) Metaspace: 128M used, 129M committed, 1152M reserved
[2026-04-03T02:22:08.756+0600][79.764s][info][gc,ref      ] GC(227) Soft: 3403 encountered, 0 discovered, 0 enqueued
[2026-04-03T02:22:08.756+0600][79.764s][info][gc,ref      ] GC(227) Weak: 15248 encountered, 5122 discovered, 10 enqueued
[2026-04-03T02:22:08.756+0600][79.764s][info][gc,ref      ] GC(227) Final: 84 encountered, 0 discovered, 0 enqueued
[2026-04-03T02:22:08.756+0600][79.764s][info][gc,ref      ] GC(227) Phantom: 620 encountered, 471 discovered, 0 enqueued
[2026-04-03T02:22:08.756+0600][79.764s][info][gc,reloc    ] GC(227) Small Pages: 143 / 286M, Empty: 52M, Relocated: 4M, In-Place: 0
[2026-04-03T02:22:08.756+0600][79.764s][info][gc,reloc    ] GC(227) Medium Pages: 4 / 64M, Empty: 48M, Relocated: 0M, In-Place: 0
[2026-04-03T02:22:08.756+0600][79.764s][info][gc,reloc    ] GC(227) Large Pages: 6 / 34M, Empty: 30M, Relocated: 0M, In-Place: 0
[2026-04-03T02:22:08.756+0600][79.764s][info][gc,reloc    ] GC(227) Forwarding Usage: 1M
[2026-04-03T02:22:08.756+0600][79.764s][info][gc,heap     ] GC(227) Min Capacity: 8M(1%)
[2026-04-03T02:22:08.756+0600][79.764s][info][gc,heap     ] GC(227) Max Capacity: 1000M(100%)
[2026-04-03T02:22:08.756+0600][79.764s][info][gc,heap     ] GC(227) Soft Max Capacity: 1000M(100%)
[2026-04-03T02:22:08.756+0600][79.764s][info][gc,heap     ] GC(227)                Mark Start          Mark End        Relocate Start      Relocate End           High               Low         
[2026-04-03T02:22:08.756+0600][79.764s][info][gc,heap     ] GC(227)  Capacity:     1000M (100%)       1000M (100%)       1000M (100%)       1000M (100%)       1000M (100%)       1000M (100%)   
[2026-04-03T02:22:08.756+0600][79.764s][info][gc,heap     ] GC(227)      Free:      616M (62%)         452M (45%)         550M (55%)         662M (66%)         664M (66%)         426M (43%)    
[2026-04-03T02:22:08.756+0600][79.764s][info][gc,heap     ] GC(227)      Used:      384M (38%)         548M (55%)         450M (45%)         338M (34%)         574M (57%)         336M (34%)    
[2026-04-03T02:22:08.756+0600][79.764s][info][gc,heap     ] GC(227)      Live:         -               109M (11%)         109M (11%)         109M (11%)            -                  -          
[2026-04-03T02:22:08.756+0600][79.764s][info][gc,heap     ] GC(227) Allocated:         -               164M (16%)         196M (20%)         201M (20%)            -                  -          
[2026-04-03T02:22:08.756+0600][79.764s][info][gc,heap     ] GC(227)   Garbage:         -               274M (27%)         144M (14%)          26M (3%)             -                  -          
[2026-04-03T02:22:08.756+0600][79.764s][info][gc,heap     ] GC(227) Reclaimed:         -                  -               130M (13%)         247M (25%)            -                  -          
[2026-04-03T02:22:08.756+0600][79.764s][info][gc          ] GC(227) Garbage Collection (Allocation Rate) 384M(38%)->338M(34%)
[2026-04-03T02:22:08.796+0600][79.804s][info][gc,start    ] GC(228) Garbage Collection (Allocation Rate)
[2026-04-03T02:22:08.796+0600][79.804s][info][gc,task     ] GC(228) Using 3 workers
[2026-04-03T02:22:08.797+0600][79.805s][info][gc,phases   ] GC(228) Pause Mark Start 0.018ms
[2026-04-03T02:22:08.911+0600][79.919s][info][gc,phases   ] GC(228) Concurrent Mark 114.712ms
[2026-04-03T02:22:08.912+0600][79.920s][info][gc,phases   ] GC(228) Pause Mark End 0.037ms
[2026-04-03T02:22:08.912+0600][79.920s][info][gc,phases   ] GC(228) Concurrent Mark Free 0.003ms
[2026-04-03T02:22:08.936+0600][79.944s][info][gc,phases   ] GC(228) Concurrent Process Non-Strong References 24.465ms
[2026-04-03T02:22:08.936+0600][79.944s][info][gc,phases   ] GC(228) Concurrent Reset Relocation Set 0.010ms
[2026-04-03T02:22:08.940+0600][79.948s][info][gc,phases   ] GC(228) Concurrent Select Relocation Set 3.372ms
[2026-04-03T02:22:08.940+0600][79.948s][info][gc,phases   ] GC(228) Pause Relocate Start 0.013ms
[2026-04-03T02:22:08.943+0600][79.951s][info][gc,phases   ] GC(228) Concurrent Relocate 2.522ms
[2026-04-03T02:22:08.943+0600][79.951s][info][gc,load     ] GC(228) Load: 7.09/6.49/5.97
[2026-04-03T02:22:08.943+0600][79.951s][info][gc,mmu      ] GC(228) MMU: 2ms/90.1%, 5ms/96.1%, 10ms/98.0%, 20ms/99.0%, 50ms/99.6%, 100ms/99.7%
[2026-04-03T02:22:08.943+0600][79.951s][info][gc,marking  ] GC(228) Mark: 2 stripe(s), 2 proactive flush(es), 1 terminate flush(es), 0 completion(s), 0 continuation(s) 
[2026-04-03T02:22:08.943+0600][79.951s][info][gc,marking  ] GC(228) Mark Stack Usage: 32M
[2026-04-03T02:22:08.943+0600][79.951s][info][gc,nmethod  ] GC(228) NMethods: 15290 registered, 2435 unregistered
[2026-04-03T02:22:08.943+0600][79.951s][info][gc,metaspace] GC(228) Metaspace: 128M used, 129M committed, 1152M reserved
[2026-04-03T02:22:08.943+0600][79.951s][info][gc,ref      ] GC(228) Soft: 3402 encountered, 0 discovered, 0 enqueued
[2026-04-03T02:22:08.943+0600][79.951s][info][gc,ref      ] GC(228) Weak: 15527 encountered, 4967 discovered, 10 enqueued
[2026-04-03T02:22:08.943+0600][79.951s][info][gc,ref      ] GC(228) Final: 84 encountered, 0 discovered, 0 enqueued
[2026-04-03T02:22:08.943+0600][79.951s][info][gc,ref      ] GC(228) Phantom: 620 encountered, 515 discovered, 0 enqueued
[2026-04-03T02:22:08.943+0600][79.951s][info][gc,reloc    ] GC(228) Small Pages: 153 / 306M, Empty: 40M, Relocated: 4M, In-Place: 0
[2026-04-03T02:22:08.943+0600][79.951s][info][gc,reloc    ] GC(228) Medium Pages: 4 / 64M, Empty: 48M, Relocated: 0M, In-Place: 0
[2026-04-03T02:22:08.943+0600][79.951s][info][gc,reloc    ] GC(228) Large Pages: 5 / 28M, Empty: 24M, Relocated: 0M, In-Place: 0
[2026-04-03T02:22:08.943+0600][79.951s][info][gc,reloc    ] GC(228) Forwarding Usage: 1M
[2026-04-03T02:22:08.943+0600][79.951s][info][gc,heap     ] GC(228) Min Capacity: 8M(1%)
[2026-04-03T02:22:08.943+0600][79.951s][info][gc,heap     ] GC(228) Max Capacity: 1000M(100%)
[2026-04-03T02:22:08.943+0600][79.951s][info][gc,heap     ] GC(228) Soft Max Capacity: 1000M(100%)
[2026-04-03T02:22:08.943+0600][79.951s][info][gc,heap     ] GC(228)                Mark Start          Mark End        Relocate Start      Relocate End           High               Low         
[2026-04-03T02:22:08.943+0600][79.951s][info][gc,heap     ] GC(228)  Capacity:     1000M (100%)       1000M (100%)       1000M (100%)       1000M (100%)       1000M (100%)       1000M (100%)   
[2026-04-03T02:22:08.943+0600][79.951s][info][gc,heap     ] GC(228)      Free:      602M (60%)         446M (45%)         518M (52%)         662M (66%)         662M (66%)         406M (41%)    
[2026-04-03T02:22:08.943+0600][79.951s][info][gc,heap     ] GC(228)      Used:      398M (40%)         554M (55%)         482M (48%)         338M (34%)         594M (59%)         338M (34%)    
[2026-04-03T02:22:08.943+0600][79.951s][info][gc,heap     ] GC(228)      Live:         -               110M (11%)         110M (11%)         110M (11%)            -                  -          
[2026-04-03T02:22:08.943+0600][79.951s][info][gc,heap     ] GC(228) Allocated:         -               156M (16%)         196M (20%)         199M (20%)            -                  -          
[2026-04-03T02:22:08.943+0600][79.951s][info][gc,heap     ] GC(228)   Garbage:         -               287M (29%)         175M (18%)          27M (3%)             -                  -          
[2026-04-03T02:22:08.943+0600][79.951s][info][gc,heap     ] GC(228) Reclaimed:         -                  -               112M (11%)         259M (26%)            -                  -          
[2026-04-03T02:22:08.943+0600][79.951s][info][gc          ] GC(228) Garbage Collection (Allocation Rate) 398M(40%)->338M(34%)
[2026-04-03T02:22:08.995+0600][80.003s][info][gc,start    ] GC(229) Garbage Collection (Allocation Rate)
[2026-04-03T02:22:08.995+0600][80.003s][info][gc,task     ] GC(229) Using 3 workers
[2026-04-03T02:22:08.996+0600][80.004s][info][gc,phases   ] GC(229) Pause Mark Start 0.014ms
[2026-04-03T02:22:09.096+0600][80.104s][info][gc,stats    ] === Garbage Collection Statistics =======================================================================================================================
[2026-04-03T02:22:09.096+0600][80.104s][info][gc,stats    ]                                                              Last 10s              Last 10m              Last 10h                Total
[2026-04-03T02:22:09.096+0600][80.104s][info][gc,stats    ]                                                              Avg / Max             Avg / Max             Avg / Max             Avg / Max
[2026-04-03T02:22:09.096+0600][80.104s][info][gc,stats    ]   Collector: Garbage Collection Cycle                    141.599 / 205.199     148.059 / 338.081     148.059 / 338.081     148.059 / 338.081     ms
[2026-04-03T02:22:09.096+0600][80.104s][info][gc,stats    ]  Contention: Mark Segment Reset Contention                    54 / 213              27 / 213              27 / 213              27 / 213         ops/s
[2026-04-03T02:22:09.096+0600][80.104s][info][gc,stats    ]  Contention: Mark SeqNum Reset Contention                      1 / 3                 0 / 3                 0 / 3                 0 / 3           ops/s
[2026-04-03T02:22:09.096+0600][80.104s][info][gc,stats    ]    Critical: Allocation Stall                                  0 / 5                 0 / 7                 0 / 7                 0 / 7           ops/s
[2026-04-03T02:22:09.096+0600][80.104s][info][gc,stats    ]    Critical: Allocation Stall                             59.775 / 65.900       34.715 / 72.319       34.715 / 72.319       34.715 / 72.319      ms
[2026-04-03T02:22:09.096+0600][80.104s][info][gc,stats    ]    Critical: GC Locker Stall                                   2 / 6                 1 / 6                 1 / 6                 1 / 6           ops/s
[2026-04-03T02:22:09.096+0600][80.104s][info][gc,stats    ]    Critical: GC Locker Stall                               0.018 / 0.126         0.025 / 0.204         0.025 / 0.204         0.025 / 0.204       ms
[2026-04-03T02:22:09.096+0600][80.104s][info][gc,stats    ]    Critical: Relocation Stall                                  0 / 0                 0 / 0                 0 / 0                 0 / 0           ops/s
[2026-04-03T02:22:09.096+0600][80.104s][info][gc,stats    ]    Critical: Relocation Stall                              0.000 / 0.000         0.000 / 0.000         0.000 / 0.000         0.000 / 0.000       ms
[2026-04-03T02:22:09.096+0600][80.104s][info][gc,stats    ]      Memory: Allocation Rate                                1335 / 1838            947 / 1922            947 / 1922            947 / 1922        MB/s
[2026-04-03T02:22:09.096+0600][80.104s][info][gc,stats    ]      Memory: Defragment                                       60 / 113              30 / 126              30 / 126              30 / 126         ops/s
[2026-04-03T02:22:09.096+0600][80.104s][info][gc,stats    ]      Memory: Out Of Memory                                     0 / 0                 0 / 0                 0 / 0                 0 / 0           ops/s
[2026-04-03T02:22:09.096+0600][80.104s][info][gc,stats    ]      Memory: Page Cache Flush                                268 / 634             151 / 634             151 / 634             151 / 634         MB/s
[2026-04-03T02:22:09.096+0600][80.104s][info][gc,stats    ]      Memory: Page Cache Hit L1                               423 / 476             308 / 534             308 / 534             308 / 534         ops/s
[2026-04-03T02:22:09.096+0600][80.104s][info][gc,stats    ]      Memory: Page Cache Hit L2                                 0 / 0                 0 / 0                 0 / 0                 0 / 0           ops/s
[2026-04-03T02:22:09.096+0600][80.104s][info][gc,stats    ]      Memory: Page Cache Hit L3                                44 / 84               24 / 98               24 / 98               24 / 98          ops/s
[2026-04-03T02:22:09.096+0600][80.104s][info][gc,stats    ]      Memory: Page Cache Miss                                  19 / 67               14 / 98               14 / 98               14 / 98          ops/s
[2026-04-03T02:22:09.096+0600][80.104s][info][gc,stats    ]      Memory: Uncommit                                          0 / 0                 0 / 0                 0 / 0                 0 / 0           MB/s
[2026-04-03T02:22:09.096+0600][80.104s][info][gc,stats    ]      Memory: Undo Object Allocation Failed                     0 / 0                 0 / 0                 0 / 0                 0 / 0           ops/s
[2026-04-03T02:22:09.096+0600][80.104s][info][gc,stats    ]      Memory: Undo Object Allocation Succeeded                  4 / 14               21 / 565              21 / 565              21 / 565         ops/s
[2026-04-03T02:22:09.096+0600][80.104s][info][gc,stats    ]      Memory: Undo Page Allocation                              1 / 7                 1 / 10                1 / 10                1 / 10          ops/s
[2026-04-03T02:22:09.096+0600][80.104s][info][gc,stats    ]       Phase: Concurrent Mark                             106.387 / 164.319     110.392 / 204.527     110.392 / 204.527     110.392 / 204.527     ms
[2026-04-03T02:22:09.096+0600][80.104s][info][gc,stats    ]       Phase: Concurrent Mark Continue                      0.000 / 0.000         0.000 / 0.000         0.000 / 0.000         0.000 / 0.000       ms
[2026-04-03T02:22:09.096+0600][80.104s][info][gc,stats    ]       Phase: Concurrent Mark Free                          0.003 / 0.007         0.003 / 0.036         0.003 / 0.036         0.003 / 0.036       ms
[2026-04-03T02:22:09.096+0600][80.104s][info][gc,stats    ]       Phase: Concurrent Process Non-Strong References     24.487 / 57.061       25.393 / 67.924       25.393 / 67.924       25.393 / 67.924      ms
[2026-04-03T02:22:09.096+0600][80.104s][info][gc,stats    ]       Phase: Concurrent Relocate                           4.422 / 10.124        5.800 / 97.082        5.800 / 97.082        5.800 / 97.082      ms
[2026-04-03T02:22:09.096+0600][80.104s][info][gc,stats    ]       Phase: Concurrent Reset Relocation Set               0.011 / 0.025         0.012 / 0.063         0.012 / 0.063         0.012 / 0.063       ms
[2026-04-03T02:22:09.096+0600][80.104s][info][gc,stats    ]       Phase: Concurrent Select Relocation Set              4.384 / 11.292        4.324 / 19.584        4.324 / 19.584        4.324 / 19.584      ms
[2026-04-03T02:22:09.096+0600][80.104s][info][gc,stats    ]       Phase: Pause Mark End                                0.040 / 0.093         0.041 / 0.163         0.041 / 0.163         0.041 / 0.163       ms
[2026-04-03T02:22:09.096+0600][80.104s][info][gc,stats    ]       Phase: Pause Mark Start                              0.018 / 0.066         0.018 / 0.094         0.018 / 0.094         0.018 / 0.094       ms
[2026-04-03T02:22:09.096+0600][80.104s][info][gc,stats    ]       Phase: Pause Relocate Start                          0.017 / 0.041         0.018 / 0.197         0.018 / 0.197         0.018 / 0.197       ms
[2026-04-03T02:22:09.096+0600][80.104s][info][gc,stats    ]    Subphase: Concurrent Classes Purge                      0.103 / 0.759         0.143 / 2.956         0.143 / 2.956         0.143 / 2.956       ms
[2026-04-03T02:22:09.096+0600][80.104s][info][gc,stats    ]    Subphase: Concurrent Classes Unlink                    21.414 / 53.240       22.042 / 63.623       22.042 / 63.623       22.042 / 63.623      ms
[2026-04-03T02:22:09.096+0600][80.104s][info][gc,stats    ]    Subphase: Concurrent Mark                             103.348 / 161.930     105.052 / 200.727     105.052 / 200.727     105.052 / 200.727     ms
[2026-04-03T02:22:09.096+0600][80.105s][info][gc,stats    ]    Subphase: Concurrent Mark Try Flush                     0.340 / 1.081         0.410 / 4.495         0.410 / 4.495         0.410 / 4.495       ms
[2026-04-03T02:22:09.096+0600][80.105s][info][gc,stats    ]    Subphase: Concurrent Mark Try Terminate                 0.729 / 2.683         0.777 / 4.309         0.777 / 4.309         0.777 / 4.309       ms
[2026-04-03T02:22:09.096+0600][80.105s][info][gc,stats    ]    Subphase: Concurrent References Enqueue                 0.010 / 0.018         0.010 / 0.025         0.010 / 0.025         0.010 / 0.025       ms
[2026-04-03T02:22:09.096+0600][80.105s][info][gc,stats    ]    Subphase: Concurrent References Process                 0.644 / 1.421         0.717 / 3.978         0.717 / 3.978         0.717 / 3.978       ms
[2026-04-03T02:22:09.096+0600][80.105s][info][gc,stats    ]    Subphase: Concurrent Roots ClassLoaderDataGraph         0.404 / 1.024         0.394 / 1.863         0.394 / 1.863         0.394 / 1.863       ms
[2026-04-03T02:22:09.097+0600][80.105s][info][gc,stats    ]    Subphase: Concurrent Roots CodeCache                    0.000 / 0.000         0.000 / 0.000         0.000 / 0.000         0.000 / 0.000       ms
[2026-04-03T02:22:09.097+0600][80.105s][info][gc,stats    ]    Subphase: Concurrent Roots JavaThreads                  1.316 / 10.683        1.272 / 10.683        1.272 / 10.683        1.272 / 10.683      ms
[2026-04-03T02:22:09.097+0600][80.105s][info][gc,stats    ]    Subphase: Concurrent Roots OopStorageSet                0.085 / 0.228         0.088 / 2.356         0.088 / 2.356         0.088 / 2.356       ms
[2026-04-03T02:22:09.097+0600][80.105s][info][gc,stats    ]    Subphase: Concurrent Weak Roots OopStorageSet           1.313 / 2.538         1.383 / 3.609         1.383 / 3.609         1.383 / 3.609       ms
[2026-04-03T02:22:09.097+0600][80.105s][info][gc,stats    ]    Subphase: Pause Mark Try Complete                       0.000 / 0.000         0.004 / 0.028         0.004 / 0.028         0.004 / 0.028       ms
[2026-04-03T02:22:09.097+0600][80.105s][info][gc,stats    ]      System: Java Threads                                    286 / 288             275 / 292             275 / 292             275 / 292         threads
[2026-04-03T02:22:09.097+0600][80.105s][info][gc,stats    ] =========================================================================================================================================================
[2026-04-03T02:22:09.115+0600][80.123s][info][gc,phases   ] GC(229) Concurrent Mark 118.949ms
[2026-04-03T02:22:09.115+0600][80.123s][info][gc,phases   ] GC(229) Pause Mark End 0.063ms
[2026-04-03T02:22:09.116+0600][80.124s][info][gc,phases   ] GC(229) Concurrent Mark Free 0.004ms
[2026-04-03T02:22:09.135+0600][80.143s][info][gc,phases   ] GC(229) Concurrent Process Non-Strong References 19.667ms
[2026-04-03T02:22:09.135+0600][80.143s][info][gc,phases   ] GC(229) Concurrent Reset Relocation Set 0.013ms
[2026-04-03T02:22:09.139+0600][80.147s][info][gc,phases   ] GC(229) Concurrent Select Relocation Set 3.900ms
[2026-04-03T02:22:09.140+0600][80.148s][info][gc,phases   ] GC(229) Pause Relocate Start 0.015ms
[2026-04-03T02:22:09.146+0600][80.154s][info][gc,phases   ] GC(229) Concurrent Relocate 5.704ms
[2026-04-03T02:22:09.146+0600][80.154s][info][gc,load     ] GC(229) Load: 7.09/6.49/5.97
[2026-04-03T02:22:09.146+0600][80.154s][info][gc,mmu      ] GC(229) MMU: 2ms/90.1%, 5ms/96.1%, 10ms/98.0%, 20ms/99.0%, 50ms/99.6%, 100ms/99.7%
[2026-04-03T02:22:09.146+0600][80.154s][info][gc,marking  ] GC(229) Mark: 2 stripe(s), 2 proactive flush(es), 1 terminate flush(es), 0 completion(s), 0 continuation(s) 
[2026-04-03T02:22:09.146+0600][80.154s][info][gc,marking  ] GC(229) Mark Stack Usage: 32M
[2026-04-03T02:22:09.146+0600][80.154s][info][gc,nmethod  ] GC(229) NMethods: 15295 registered, 2438 unregistered
[2026-04-03T02:22:09.146+0600][80.154s][info][gc,metaspace] GC(229) Metaspace: 128M used, 129M committed, 1152M reserved
[2026-04-03T02:22:09.146+0600][80.154s][info][gc,ref      ] GC(229) Soft: 3403 encountered, 0 discovered, 0 enqueued
[2026-04-03T02:22:09.146+0600][80.154s][info][gc,ref      ] GC(229) Weak: 15878 encountered, 3940 discovered, 10 enqueued
[2026-04-03T02:22:09.146+0600][80.154s][info][gc,ref      ] GC(229) Final: 84 encountered, 0 discovered, 0 enqueued
[2026-04-03T02:22:09.146+0600][80.154s][info][gc,ref      ] GC(229) Phantom: 620 encountered, 542 discovered, 0 enqueued
[2026-04-03T02:22:09.146+0600][80.154s][info][gc,reloc    ] GC(229) Small Pages: 154 / 308M, Empty: 46M, Relocated: 6M, In-Place: 0
[2026-04-03T02:22:09.146+0600][80.154s][info][gc,reloc    ] GC(229) Medium Pages: 4 / 64M, Empty: 48M, Relocated: 0M, In-Place: 0
[2026-04-03T02:22:09.146+0600][80.154s][info][gc,reloc    ] GC(229) Large Pages: 6 / 34M, Empty: 30M, Relocated: 0M, In-Place: 0
[2026-04-03T02:22:09.146+0600][80.154s][info][gc,reloc    ] GC(229) Forwarding Usage: 2M
[2026-04-03T02:22:09.146+0600][80.154s][info][gc,heap     ] GC(229) Min Capacity: 8M(1%)
[2026-04-03T02:22:09.146+0600][80.154s][info][gc,heap     ] GC(229) Max Capacity: 1000M(100%)
[2026-04-03T02:22:09.146+0600][80.154s][info][gc,heap     ] GC(229) Soft Max Capacity: 1000M(100%)
[2026-04-03T02:22:09.146+0600][80.154s][info][gc,heap     ] GC(229)                Mark Start          Mark End        Relocate Start      Relocate End           High               Low         
[2026-04-03T02:22:09.146+0600][80.154s][info][gc,heap     ] GC(229)  Capacity:     1000M (100%)       1000M (100%)       1000M (100%)       1000M (100%)       1000M (100%)       1000M (100%)   
[2026-04-03T02:22:09.146+0600][80.154s][info][gc,heap     ] GC(229)      Free:      594M (59%)         450M (45%)         562M (56%)         706M (71%)         706M (71%)         438M (44%)    
[2026-04-03T02:22:09.146+0600][80.154s][info][gc,heap     ] GC(229)      Used:      406M (41%)         550M (55%)         438M (44%)         294M (29%)         562M (56%)         294M (29%)    
[2026-04-03T02:22:09.146+0600][80.154s][info][gc,heap     ] GC(229)      Live:         -               110M (11%)         110M (11%)         110M (11%)            -                  -          
[2026-04-03T02:22:09.146+0600][80.154s][info][gc,heap     ] GC(229) Allocated:         -               144M (14%)         156M (16%)         157M (16%)            -                  -          
[2026-04-03T02:22:09.146+0600][80.154s][info][gc,heap     ] GC(229)   Garbage:         -               295M (30%)         171M (17%)          25M (3%)             -                  -          
[2026-04-03T02:22:09.146+0600][80.154s][info][gc,heap     ] GC(229) Reclaimed:         -                  -               124M (12%)         269M (27%)            -                  -          
[2026-04-03T02:22:09.146+0600][80.154s][info][gc          ] GC(229) Garbage Collection (Allocation Rate) 406M(41%)->294M(29%)
[2026-04-03T02:22:09.195+0600][80.204s][info][gc,start    ] GC(230) Garbage Collection (Allocation Rate)
[2026-04-03T02:22:09.196+0600][80.204s][info][gc,task     ] GC(230) Using 3 workers
[2026-04-03T02:22:09.196+0600][80.204s][info][gc,phases   ] GC(230) Pause Mark Start 0.009ms
[2026-04-03T02:22:09.286+0600][80.294s][info][gc,phases   ] GC(230) Concurrent Mark 90.132ms
[2026-04-03T02:22:09.286+0600][80.294s][info][gc,phases   ] GC(230) Pause Mark End 0.052ms
[2026-04-03T02:22:09.286+0600][80.294s][info][gc,phases   ] GC(230) Concurrent Mark Free 0.001ms
[2026-04-03T02:22:09.304+0600][80.312s][info][gc,phases   ] GC(230) Concurrent Process Non-Strong References 17.099ms
[2026-04-03T02:22:09.304+0600][80.312s][info][gc,phases   ] GC(230) Concurrent Reset Relocation Set 0.010ms
[2026-04-03T02:22:09.308+0600][80.316s][info][gc,phases   ] GC(230) Concurrent Select Relocation Set 4.126ms
[2026-04-03T02:22:09.308+0600][80.316s][info][gc,phases   ] GC(230) Pause Relocate Start 0.018ms
[2026-04-03T02:22:09.311+0600][80.319s][info][gc,phases   ] GC(230) Concurrent Relocate 2.918ms
[2026-04-03T02:22:09.311+0600][80.320s][info][gc,load     ] GC(230) Load: 7.09/6.49/5.97
[2026-04-03T02:22:09.311+0600][80.320s][info][gc,mmu      ] GC(230) MMU: 2ms/90.1%, 5ms/96.1%, 10ms/98.0%, 20ms/99.0%, 50ms/99.6%, 100ms/99.7%
[2026-04-03T02:22:09.311+0600][80.320s][info][gc,marking  ] GC(230) Mark: 2 stripe(s), 2 proactive flush(es), 1 terminate flush(es), 0 completion(s), 0 continuation(s) 
[2026-04-03T02:22:09.312+0600][80.320s][info][gc,marking  ] GC(230) Mark Stack Usage: 32M
[2026-04-03T02:22:09.312+0600][80.320s][info][gc,nmethod  ] GC(230) NMethods: 15300 registered, 2440 unregistered
[2026-04-03T02:22:09.312+0600][80.320s][info][gc,metaspace] GC(230) Metaspace: 128M used, 129M committed, 1152M reserved
[2026-04-03T02:22:09.312+0600][80.320s][info][gc,ref      ] GC(230) Soft: 3395 encountered, 0 discovered, 0 enqueued
[2026-04-03T02:22:09.312+0600][80.320s][info][gc,ref      ] GC(230) Weak: 16101 encountered, 3536 discovered, 1576 enqueued
[2026-04-03T02:22:09.312+0600][80.320s][info][gc,ref      ] GC(230) Final: 84 encountered, 0 discovered, 0 enqueued
[2026-04-03T02:22:09.312+0600][80.320s][info][gc,ref      ] GC(230) Phantom: 620 encountered, 506 discovered, 0 enqueued
[2026-04-03T02:22:09.312+0600][80.320s][info][gc,reloc    ] GC(230) Small Pages: 124 / 248M, Empty: 24M, Relocated: 3M, In-Place: 0
[2026-04-03T02:22:09.312+0600][80.320s][info][gc,reloc    ] GC(230) Medium Pages: 4 / 64M, Empty: 48M, Relocated: 0M, In-Place: 0
[2026-04-03T02:22:09.312+0600][80.320s][info][gc,reloc    ] GC(230) Large Pages: 5 / 28M, Empty: 24M, Relocated: 0M, In-Place: 0
[2026-04-03T02:22:09.312+0600][80.320s][info][gc,reloc    ] GC(230) Forwarding Usage: 1M
[2026-04-03T02:22:09.312+0600][80.320s][info][gc,heap     ] GC(230) Min Capacity: 8M(1%)
[2026-04-03T02:22:09.312+0600][80.320s][info][gc,heap     ] GC(230) Max Capacity: 1000M(100%)
[2026-04-03T02:22:09.312+0600][80.320s][info][gc,heap     ] GC(230) Soft Max Capacity: 1000M(100%)
[2026-04-03T02:22:09.312+0600][80.320s][info][gc,heap     ] GC(230)                Mark Start          Mark End        Relocate Start      Relocate End           High               Low         
[2026-04-03T02:22:09.312+0600][80.320s][info][gc,heap     ] GC(230)  Capacity:     1000M (100%)       1000M (100%)       1000M (100%)       1000M (100%)       1000M (100%)       1000M (100%)   
[2026-04-03T02:22:09.312+0600][80.320s][info][gc,heap     ] GC(230)      Free:      660M (66%)         590M (59%)         676M (68%)         784M (78%)         784M (78%)         580M (58%)    
[2026-04-03T02:22:09.312+0600][80.320s][info][gc,heap     ] GC(230)      Used:      340M (34%)         410M (41%)         324M (32%)         216M (22%)         420M (42%)         216M (22%)    
[2026-04-03T02:22:09.312+0600][80.320s][info][gc,heap     ] GC(230)      Live:         -               107M (11%)         107M (11%)         107M (11%)            -                  -          
[2026-04-03T02:22:09.312+0600][80.320s][info][gc,heap     ] GC(230) Allocated:         -                70M (7%)           80M (8%)           81M (8%)             -                  -          
[2026-04-03T02:22:09.312+0600][80.320s][info][gc,heap     ] GC(230)   Garbage:         -               232M (23%)         136M (14%)          26M (3%)             -                  -          
[2026-04-03T02:22:09.312+0600][80.320s][info][gc,heap     ] GC(230) Reclaimed:         -                  -                96M (10%)         205M (21%)            -                  -          
[2026-04-03T02:22:09.312+0600][80.320s][info][gc          ] GC(230) Garbage Collection (Allocation Rate) 340M(34%)->216M(22%)
[2026-04-03T02:22:09.596+0600][80.604s][info][gc,start    ] GC(231) Garbage Collection (Allocation Rate)
[2026-04-03T02:22:09.596+0600][80.604s][info][gc,task     ] GC(231) Using 2 workers
[2026-04-03T02:22:09.596+0600][80.604s][info][gc,phases   ] GC(231) Pause Mark Start 0.018ms
[2026-04-03T02:22:09.779+0600][80.787s][info][gc,phases   ] GC(231) Concurrent Mark 182.324ms
[2026-04-03T02:22:09.779+0600][80.787s][info][gc,phases   ] GC(231) Pause Mark End 0.044ms
[2026-04-03T02:22:09.779+0600][80.787s][info][gc,phases   ] GC(231) Concurrent Mark Free 0.001ms
[2026-04-03T02:22:09.816+0600][80.824s][info][gc,phases   ] GC(231) Concurrent Process Non-Strong References 36.798ms
[2026-04-03T02:22:09.816+0600][80.824s][info][gc,phases   ] GC(231) Concurrent Reset Relocation Set 0.015ms
[2026-04-03T02:22:09.821+0600][80.829s][info][gc,phases   ] GC(231) Concurrent Select Relocation Set 5.156ms
[2026-04-03T02:22:09.822+0600][80.830s][info][gc,phases   ] GC(231) Pause Relocate Start 0.016ms
[2026-04-03T02:22:09.828+0600][80.836s][info][gc,phases   ] GC(231) Concurrent Relocate 6.273ms
[2026-04-03T02:22:09.828+0600][80.836s][info][gc,load     ] GC(231) Load: 7.08/6.50/5.97
[2026-04-03T02:22:09.828+0600][80.836s][info][gc,mmu      ] GC(231) MMU: 2ms/90.1%, 5ms/96.1%, 10ms/98.0%, 20ms/99.0%, 50ms/99.6%, 100ms/99.7%
[2026-04-03T02:22:09.828+0600][80.836s][info][gc,marking  ] GC(231) Mark: 2 stripe(s), 2 proactive flush(es), 1 terminate flush(es), 0 completion(s), 0 continuation(s) 
[2026-04-03T02:22:09.828+0600][80.836s][info][gc,marking  ] GC(231) Mark Stack Usage: 32M
[2026-04-03T02:22:09.828+0600][80.836s][info][gc,nmethod  ] GC(231) NMethods: 15306 registered, 2445 unregistered
[2026-04-03T02:22:09.828+0600][80.836s][info][gc,metaspace] GC(231) Metaspace: 128M used, 129M committed, 1152M reserved
[2026-04-03T02:22:09.828+0600][80.836s][info][gc,ref      ] GC(231) Soft: 3403 encountered, 0 discovered, 0 enqueued
[2026-04-03T02:22:09.828+0600][80.836s][info][gc,ref      ] GC(231) Weak: 14800 encountered, 6206 discovered, 51 enqueued
[2026-04-03T02:22:09.828+0600][80.836s][info][gc,ref      ] GC(231) Final: 84 encountered, 48 discovered, 0 enqueued
[2026-04-03T02:22:09.828+0600][80.836s][info][gc,ref      ] GC(231) Phantom: 620 encountered, 503 discovered, 0 enqueued
[2026-04-03T02:22:09.828+0600][80.836s][info][gc,reloc    ] GC(231) Small Pages: 202 / 404M, Empty: 42M, Relocated: 6M, In-Place: 0
[2026-04-03T02:22:09.828+0600][80.836s][info][gc,reloc    ] GC(231) Medium Pages: 3 / 48M, Empty: 32M, Relocated: 0M, In-Place: 0
[2026-04-03T02:22:09.828+0600][80.836s][info][gc,reloc    ] GC(231) Large Pages: 5 / 28M, Empty: 24M, Relocated: 0M, In-Place: 0
[2026-04-03T02:22:09.828+0600][80.836s][info][gc,reloc    ] GC(231) Forwarding Usage: 2M
[2026-04-03T02:22:09.828+0600][80.836s][info][gc,heap     ] GC(231) Min Capacity: 8M(1%)
[2026-04-03T02:22:09.828+0600][80.836s][info][gc,heap     ] GC(231) Max Capacity: 1000M(100%)
[2026-04-03T02:22:09.828+0600][80.836s][info][gc,heap     ] GC(231) Soft Max Capacity: 1000M(100%)
[2026-04-03T02:22:09.828+0600][80.837s][info][gc,heap     ] GC(231)                Mark Start          Mark End        Relocate Start      Relocate End           High               Low         
[2026-04-03T02:22:09.828+0600][80.837s][info][gc,heap     ] GC(231)  Capacity:     1000M (100%)       1000M (100%)       1000M (100%)       1000M (100%)       1000M (100%)       1000M (100%)   
[2026-04-03T02:22:09.828+0600][80.837s][info][gc,heap     ] GC(231)      Free:      520M (52%)         306M (31%)         370M (37%)         616M (62%)         616M (62%)         278M (28%)    
[2026-04-03T02:22:09.828+0600][80.837s][info][gc,heap     ] GC(231)      Used:      480M (48%)         694M (69%)         630M (63%)         384M (38%)         722M (72%)         384M (38%)    
[2026-04-03T02:22:09.829+0600][80.837s][info][gc,heap     ] GC(231)      Live:         -               108M (11%)         108M (11%)         108M (11%)            -                  -          
[2026-04-03T02:22:09.829+0600][80.837s][info][gc,heap     ] GC(231) Allocated:         -               214M (21%)         248M (25%)         251M (25%)            -                  -          
[2026-04-03T02:22:09.829+0600][80.837s][info][gc,heap     ] GC(231)   Garbage:         -               371M (37%)         273M (27%)          23M (2%)             -                  -          
[2026-04-03T02:22:09.829+0600][80.837s][info][gc,heap     ] GC(231) Reclaimed:         -                  -                98M (10%)         347M (35%)            -                  -          
[2026-04-03T02:22:09.829+0600][80.837s][info][gc          ] GC(231) Garbage Collection (Allocation Rate) 480M(48%)->384M(38%)
[2026-04-03T02:22:09.896+0600][80.904s][info][gc,start    ] GC(232) Garbage Collection (Allocation Rate)
[2026-04-03T02:22:09.896+0600][80.904s][info][gc,task     ] GC(232) Using 2 workers
[2026-04-03T02:22:09.896+0600][80.904s][info][gc,phases   ] GC(232) Pause Mark Start 0.012ms
[2026-04-03T02:22:10.070+0600][81.078s][info][gc,phases   ] GC(232) Concurrent Mark 173.459ms
[2026-04-03T02:22:10.070+0600][81.078s][info][gc,phases   ] GC(232) Pause Mark End 0.039ms
[2026-04-03T02:22:10.070+0600][81.078s][info][gc,phases   ] GC(232) Concurrent Mark Free 0.002ms
[2026-04-03T02:22:10.101+0600][81.109s][info][gc,phases   ] GC(232) Concurrent Process Non-Strong References 30.461ms
[2026-04-03T02:22:10.101+0600][81.109s][info][gc,phases   ] GC(232) Concurrent Reset Relocation Set 0.017ms
[2026-04-03T02:22:10.106+0600][81.114s][info][gc,phases   ] GC(232) Concurrent Select Relocation Set 5.150ms
[2026-04-03T02:22:10.106+0600][81.114s][info][gc,phases   ] GC(232) Pause Relocate Start 0.056ms
[2026-04-03T02:22:10.117+0600][81.125s][info][gc,phases   ] GC(232) Concurrent Relocate 9.940ms
[2026-04-03T02:22:10.117+0600][81.125s][info][gc,load     ] GC(232) Load: 7.08/6.50/5.97
[2026-04-03T02:22:10.117+0600][81.125s][info][gc,mmu      ] GC(232) MMU: 2ms/90.1%, 5ms/96.1%, 10ms/98.0%, 20ms/99.0%, 50ms/99.6%, 100ms/99.7%
[2026-04-03T02:22:10.117+0600][81.125s][info][gc,marking  ] GC(232) Mark: 2 stripe(s), 10 proactive flush(es), 1 terminate flush(es), 0 completion(s), 0 continuation(s) 
[2026-04-03T02:22:10.117+0600][81.125s][info][gc,marking  ] GC(232) Mark Stack Usage: 32M
[2026-04-03T02:22:10.117+0600][81.125s][info][gc,nmethod  ] GC(232) NMethods: 15323 registered, 2450 unregistered
[2026-04-03T02:22:10.117+0600][81.125s][info][gc,metaspace] GC(232) Metaspace: 128M used, 129M committed, 1152M reserved
[2026-04-03T02:22:10.117+0600][81.125s][info][gc,ref      ] GC(232) Soft: 3395 encountered, 0 discovered, 0 enqueued
[2026-04-03T02:22:10.117+0600][81.125s][info][gc,ref      ] GC(232) Weak: 15253 encountered, 7335 discovered, 10 enqueued
[2026-04-03T02:22:10.117+0600][81.125s][info][gc,ref      ] GC(232) Final: 84 encountered, 48 discovered, 0 enqueued
[2026-04-03T02:22:10.117+0600][81.125s][info][gc,ref      ] GC(232) Phantom: 620 encountered, 506 discovered, 0 enqueued
[2026-04-03T02:22:10.117+0600][81.125s][info][gc,reloc    ] GC(232) Small Pages: 175 / 350M, Empty: 64M, Relocated: 6M, In-Place: 0
[2026-04-03T02:22:10.117+0600][81.125s][info][gc,reloc    ] GC(232) Medium Pages: 5 / 80M, Empty: 64M, Relocated: 0M, In-Place: 0
[2026-04-03T02:22:10.117+0600][81.125s][info][gc,reloc    ] GC(232) Large Pages: 7 / 40M, Empty: 36M, Relocated: 0M, In-Place: 0
[2026-04-03T02:22:10.117+0600][81.125s][info][gc,reloc    ] GC(232) Forwarding Usage: 2M
[2026-04-03T02:22:10.117+0600][81.125s][info][gc,heap     ] GC(232) Min Capacity: 8M(1%)
[2026-04-03T02:22:10.117+0600][81.125s][info][gc,heap     ] GC(232) Max Capacity: 1000M(100%)
[2026-04-03T02:22:10.117+0600][81.125s][info][gc,heap     ] GC(232) Soft Max Capacity: 1000M(100%)
[2026-04-03T02:22:10.117+0600][81.125s][info][gc,heap     ] GC(232)                Mark Start          Mark End        Relocate Start      Relocate End           High               Low         
[2026-04-03T02:22:10.117+0600][81.125s][info][gc,heap     ] GC(232)  Capacity:     1000M (100%)       1000M (100%)       1000M (100%)       1000M (100%)       1000M (100%)       1000M (100%)   
[2026-04-03T02:22:10.117+0600][81.125s][info][gc,heap     ] GC(232)      Free:      530M (53%)         322M (32%)         438M (44%)         598M (60%)         602M (60%)         274M (27%)    
[2026-04-03T02:22:10.117+0600][81.125s][info][gc,heap     ] GC(232)      Used:      470M (47%)         678M (68%)         562M (56%)         402M (40%)         726M (73%)         398M (40%)    
[2026-04-03T02:22:10.117+0600][81.125s][info][gc,heap     ] GC(232)      Live:         -               107M (11%)         107M (11%)         107M (11%)            -                  -          
[2026-04-03T02:22:10.117+0600][81.125s][info][gc,heap     ] GC(232) Allocated:         -               208M (21%)         256M (26%)         271M (27%)            -                  -          
[2026-04-03T02:22:10.117+0600][81.125s][info][gc,heap     ] GC(232)   Garbage:         -               362M (36%)         198M (20%)          22M (2%)             -                  -          
[2026-04-03T02:22:10.117+0600][81.125s][info][gc,heap     ] GC(232) Reclaimed:         -                  -               164M (16%)         339M (34%)            -                  -          
[2026-04-03T02:22:10.117+0600][81.125s][info][gc          ] GC(232) Garbage Collection (Allocation Rate) 470M(47%)->402M(40%)
[2026-04-03T02:22:10.296+0600][81.304s][info][gc,start    ] GC(233) Garbage Collection (Allocation Rate)
[2026-04-03T02:22:10.296+0600][81.304s][info][gc,task     ] GC(233) Using 2 workers
[2026-04-03T02:22:10.296+0600][81.304s][info][gc,phases   ] GC(233) Pause Mark Start 0.013ms
[2026-04-03T02:22:10.483+0600][81.491s][info][gc,phases   ] GC(233) Concurrent Mark 186.591ms
[2026-04-03T02:22:10.483+0600][81.491s][info][gc,phases   ] GC(233) Pause Mark End 0.030ms
[2026-04-03T02:22:10.483+0600][81.491s][info][gc,phases   ] GC(233) Concurrent Mark Free 0.003ms
[2026-04-03T02:22:10.507+0600][81.515s][info][gc,phases   ] GC(233) Concurrent Process Non-Strong References 23.956ms
[2026-04-03T02:22:10.507+0600][81.516s][info][gc,phases   ] GC(233) Concurrent Reset Relocation Set 0.008ms
[2026-04-03T02:22:10.510+0600][81.519s][info][gc,phases   ] GC(233) Concurrent Select Relocation Set 2.998ms
[2026-04-03T02:22:10.511+0600][81.519s][info][gc,phases   ] GC(233) Pause Relocate Start 0.020ms
[2026-04-03T02:22:10.516+0600][81.524s][info][gc,phases   ] GC(233) Concurrent Relocate 5.268ms
[2026-04-03T02:22:10.516+0600][81.524s][info][gc,load     ] GC(233) Load: 7.08/6.50/5.97
[2026-04-03T02:22:10.516+0600][81.524s][info][gc,mmu      ] GC(233) MMU: 2ms/90.1%, 5ms/96.1%, 10ms/98.0%, 20ms/99.0%, 50ms/99.6%, 100ms/99.7%
[2026-04-03T02:22:10.516+0600][81.524s][info][gc,marking  ] GC(233) Mark: 2 stripe(s), 2 proactive flush(es), 1 terminate flush(es), 0 completion(s), 0 continuation(s) 
[2026-04-03T02:22:10.516+0600][81.524s][info][gc,marking  ] GC(233) Mark Stack Usage: 32M
[2026-04-03T02:22:10.516+0600][81.524s][info][gc,nmethod  ] GC(233) NMethods: 15329 registered, 2467 unregistered
[2026-04-03T02:22:10.516+0600][81.524s][info][gc,metaspace] GC(233) Metaspace: 128M used, 129M committed, 1152M reserved
[2026-04-03T02:22:10.516+0600][81.524s][info][gc,ref      ] GC(233) Soft: 3403 encountered, 0 discovered, 0 enqueued
[2026-04-03T02:22:10.516+0600][81.524s][info][gc,ref      ] GC(233) Weak: 15884 encountered, 6026 discovered, 17 enqueued
[2026-04-03T02:22:10.516+0600][81.524s][info][gc,ref      ] GC(233) Final: 84 encountered, 0 discovered, 0 enqueued
[2026-04-03T02:22:10.516+0600][81.524s][info][gc,ref      ] GC(233) Phantom: 620 encountered, 508 discovered, 0 enqueued
[2026-04-03T02:22:10.516+0600][81.524s][info][gc,reloc    ] GC(233) Small Pages: 232 / 464M, Empty: 116M, Relocated: 5M, In-Place: 0
[2026-04-03T02:22:10.516+0600][81.524s][info][gc,reloc    ] GC(233) Medium Pages: 6 / 96M, Empty: 80M, Relocated: 0M, In-Place: 0
[2026-04-03T02:22:10.516+0600][81.524s][info][gc,reloc    ] GC(233) Large Pages: 11 / 64M, Empty: 60M, Relocated: 0M, In-Place: 0
[2026-04-03T02:22:10.516+0600][81.524s][info][gc,reloc    ] GC(233) Forwarding Usage: 1M
[2026-04-03T02:22:10.516+0600][81.524s][info][gc,heap     ] GC(233) Min Capacity: 8M(1%)
[2026-04-03T02:22:10.516+0600][81.524s][info][gc,heap     ] GC(233) Max Capacity: 1000M(100%)
[2026-04-03T02:22:10.516+0600][81.525s][info][gc,heap     ] GC(233) Soft Max Capacity: 1000M(100%)
[2026-04-03T02:22:10.516+0600][81.525s][info][gc,heap     ] GC(233)                Mark Start          Mark End        Relocate Start      Relocate End           High               Low         
[2026-04-03T02:22:10.516+0600][81.525s][info][gc,heap     ] GC(233)  Capacity:     1000M (100%)       1000M (100%)       1000M (100%)       1000M (100%)       1000M (100%)       1000M (100%)   
[2026-04-03T02:22:10.516+0600][81.525s][info][gc,heap     ] GC(233)      Free:      376M (38%)         160M (16%)         400M (40%)         624M (62%)         626M (63%)         148M (15%)    
[2026-04-03T02:22:10.516+0600][81.525s][info][gc,heap     ] GC(233)      Used:      624M (62%)         840M (84%)         600M (60%)         376M (38%)         852M (85%)         374M (37%)    
[2026-04-03T02:22:10.516+0600][81.525s][info][gc,heap     ] GC(233)      Live:         -               109M (11%)         109M (11%)         109M (11%)            -                  -          
[2026-04-03T02:22:10.516+0600][81.525s][info][gc,heap     ] GC(233) Allocated:         -               216M (22%)         232M (23%)         241M (24%)            -                  -          
[2026-04-03T02:22:10.517+0600][81.525s][info][gc,heap     ] GC(233)   Garbage:         -               514M (51%)         258M (26%)          24M (2%)             -                  -          
[2026-04-03T02:22:10.517+0600][81.525s][info][gc,heap     ] GC(233) Reclaimed:         -                  -               256M (26%)         489M (49%)            -                  -          
[2026-04-03T02:22:10.517+0600][81.525s][info][gc          ] GC(233) Garbage Collection (Allocation Rate) 624M(62%)->376M(38%)
[2026-04-03T02:22:10.595+0600][81.603s][info][gc,start    ] GC(234) Garbage Collection (Allocation Rate)
[2026-04-03T02:22:10.595+0600][81.603s][info][gc,task     ] GC(234) Using 2 workers
[2026-04-03T02:22:10.596+0600][81.604s][info][gc,phases   ] GC(234) Pause Mark Start 0.009ms
[2026-04-03T02:22:10.758+0600][81.766s][info][gc,phases   ] GC(234) Concurrent Mark 162.463ms
[2026-04-03T02:22:10.758+0600][81.766s][info][gc,phases   ] GC(234) Pause Mark End 0.032ms
[2026-04-03T02:22:10.759+0600][81.767s][info][gc,phases   ] GC(234) Concurrent Mark Free 0.001ms
[2026-04-03T02:22:10.790+0600][81.798s][info][gc,phases   ] GC(234) Concurrent Process Non-Strong References 31.485ms
[2026-04-03T02:22:10.790+0600][81.798s][info][gc,phases   ] GC(234) Concurrent Reset Relocation Set 0.017ms
[2026-04-03T02:22:10.794+0600][81.802s][info][gc,phases   ] GC(234) Concurrent Select Relocation Set 4.152ms
[2026-04-03T02:22:10.795+0600][81.803s][info][gc,phases   ] GC(234) Pause Relocate Start 0.017ms
[2026-04-03T02:22:10.803+0600][81.811s][info][gc,phases   ] GC(234) Concurrent Relocate 7.953ms
[2026-04-03T02:22:10.803+0600][81.811s][info][gc,load     ] GC(234) Load: 7.08/6.50/5.97
[2026-04-03T02:22:10.803+0600][81.811s][info][gc,mmu      ] GC(234) MMU: 2ms/90.1%, 5ms/96.1%, 10ms/98.0%, 20ms/99.0%, 50ms/99.6%, 100ms/99.7%
[2026-04-03T02:22:10.803+0600][81.811s][info][gc,marking  ] GC(234) Mark: 2 stripe(s), 2 proactive flush(es), 1 terminate flush(es), 0 completion(s), 0 continuation(s) 
[2026-04-03T02:22:10.803+0600][81.811s][info][gc,marking  ] GC(234) Mark Stack Usage: 32M
[2026-04-03T02:22:10.803+0600][81.811s][info][gc,nmethod  ] GC(234) NMethods: 15335 registered, 2476 unregistered
[2026-04-03T02:22:10.803+0600][81.811s][info][gc,metaspace] GC(234) Metaspace: 128M used, 129M committed, 1152M reserved
[2026-04-03T02:22:10.803+0600][81.811s][info][gc,ref      ] GC(234) Soft: 3398 encountered, 0 discovered, 0 enqueued
[2026-04-03T02:22:10.803+0600][81.811s][info][gc,ref      ] GC(234) Weak: 16401 encountered, 8581 discovered, 1710 enqueued
[2026-04-03T02:22:10.803+0600][81.811s][info][gc,ref      ] GC(234) Final: 84 encountered, 64 discovered, 0 enqueued
[2026-04-03T02:22:10.803+0600][81.811s][info][gc,ref      ] GC(234) Phantom: 620 encountered, 302 discovered, 0 enqueued
[2026-04-03T02:22:10.803+0600][81.811s][info][gc,reloc    ] GC(234) Small Pages: 173 / 346M, Empty: 16M, Relocated: 6M, In-Place: 0
[2026-04-03T02:22:10.803+0600][81.811s][info][gc,reloc    ] GC(234) Medium Pages: 4 / 64M, Empty: 48M, Relocated: 0M, In-Place: 0
[2026-04-03T02:22:10.803+0600][81.811s][info][gc,reloc    ] GC(234) Large Pages: 8 / 46M, Empty: 42M, Relocated: 0M, In-Place: 0
[2026-04-03T02:22:10.803+0600][81.811s][info][gc,reloc    ] GC(234) Forwarding Usage: 1M
[2026-04-03T02:22:10.803+0600][81.811s][info][gc,heap     ] GC(234) Min Capacity: 8M(1%)
[2026-04-03T02:22:10.803+0600][81.811s][info][gc,heap     ] GC(234) Max Capacity: 1000M(100%)
[2026-04-03T02:22:10.803+0600][81.811s][info][gc,heap     ] GC(234) Soft Max Capacity: 1000M(100%)
[2026-04-03T02:22:10.803+0600][81.811s][info][gc,heap     ] GC(234)                Mark Start          Mark End        Relocate Start      Relocate End           High               Low         
[2026-04-03T02:22:10.803+0600][81.811s][info][gc,heap     ] GC(234)  Capacity:     1000M (100%)       1000M (100%)       1000M (100%)       1000M (100%)       1000M (100%)       1000M (100%)   
[2026-04-03T02:22:10.803+0600][81.811s][info][gc,heap     ] GC(234)      Free:      544M (54%)         318M (32%)         348M (35%)         556M (56%)         556M (56%)         244M (24%)    
[2026-04-03T02:22:10.803+0600][81.811s][info][gc,heap     ] GC(234)      Used:      456M (46%)         682M (68%)         652M (65%)         444M (44%)         756M (76%)         444M (44%)    
[2026-04-03T02:22:10.803+0600][81.811s][info][gc,heap     ] GC(234)      Live:         -               111M (11%)         111M (11%)         111M (11%)            -                  -          
[2026-04-03T02:22:10.803+0600][81.811s][info][gc,heap     ] GC(234) Allocated:         -               226M (23%)         302M (30%)         307M (31%)            -                  -          
[2026-04-03T02:22:10.803+0600][81.811s][info][gc,heap     ] GC(234)   Garbage:         -               344M (34%)         238M (24%)          24M (2%)             -                  -          
[2026-04-03T02:22:10.803+0600][81.811s][info][gc,heap     ] GC(234) Reclaimed:         -                  -               106M (11%)         319M (32%)            -                  -          
[2026-04-03T02:22:10.803+0600][81.811s][info][gc          ] GC(234) Garbage Collection (Allocation Rate) 456M(46%)->444M(44%)
[2026-04-03T02:22:10.896+0600][81.904s][info][gc,start    ] GC(235) Garbage Collection (Allocation Rate)
[2026-04-03T02:22:10.896+0600][81.904s][info][gc,task     ] GC(235) Using 3 workers
[2026-04-03T02:22:10.896+0600][81.904s][info][gc,phases   ] GC(235) Pause Mark Start 0.009ms
[2026-04-03T02:22:10.979+0600][81.988s][info][gc,phases   ] GC(235) Concurrent Mark 83.296ms
[2026-04-03T02:22:10.980+0600][81.988s][info][gc,phases   ] GC(235) Pause Mark End 0.196ms
[2026-04-03T02:22:10.980+0600][81.988s][info][gc,phases   ] GC(235) Concurrent Mark Free 0.001ms
[2026-04-03T02:22:10.998+0600][82.006s][info][gc,phases   ] GC(235) Concurrent Process Non-Strong References 18.284ms
[2026-04-03T02:22:10.998+0600][82.007s][info][gc,phases   ] GC(235) Concurrent Reset Relocation Set 0.013ms
[2026-04-03T02:22:11.003+0600][82.011s][info][gc,phases   ] GC(235) Concurrent Select Relocation Set 4.119ms
[2026-04-03T02:22:11.003+0600][82.011s][info][gc,phases   ] GC(235) Pause Relocate Start 0.022ms
[2026-04-03T02:22:11.007+0600][82.016s][info][gc,phases   ] GC(235) Concurrent Relocate 4.234ms
[2026-04-03T02:22:11.008+0600][82.016s][info][gc,load     ] GC(235) Load: 7.08/6.50/5.97
[2026-04-03T02:22:11.008+0600][82.016s][info][gc,mmu      ] GC(235) MMU: 2ms/90.1%, 5ms/96.1%, 10ms/98.0%, 20ms/99.0%, 50ms/99.6%, 100ms/99.7%
[2026-04-03T02:22:11.008+0600][82.016s][info][gc,marking  ] GC(235) Mark: 2 stripe(s), 2 proactive flush(es), 1 terminate flush(es), 1 completion(s), 0 continuation(s) 
[2026-04-03T02:22:11.008+0600][82.016s][info][gc,marking  ] GC(235) Mark Stack Usage: 32M
[2026-04-03T02:22:11.008+0600][82.016s][info][gc,nmethod  ] GC(235) NMethods: 15340 registered, 2481 unregistered
[2026-04-03T02:22:11.008+0600][82.016s][info][gc,metaspace] GC(235) Metaspace: 128M used, 129M committed, 1152M reserved
[2026-04-03T02:22:11.008+0600][82.016s][info][gc,ref      ] GC(235) Soft: 3395 encountered, 0 discovered, 0 enqueued
[2026-04-03T02:22:11.008+0600][82.016s][info][gc,ref      ] GC(235) Weak: 14977 encountered, 4550 discovered, 483 enqueued
[2026-04-03T02:22:11.008+0600][82.016s][info][gc,ref      ] GC(235) Final: 84 encountered, 0 discovered, 0 enqueued
[2026-04-03T02:22:11.008+0600][82.016s][info][gc,ref      ] GC(235) Phantom: 620 encountered, 537 discovered, 0 enqueued
[2026-04-03T02:22:11.008+0600][82.016s][info][gc,reloc    ] GC(235) Small Pages: 258 / 516M, Empty: 292M, Relocated: 3M, In-Place: 0
[2026-04-03T02:22:11.008+0600][82.016s][info][gc,reloc    ] GC(235) Medium Pages: 3 / 48M, Empty: 32M, Relocated: 0M, In-Place: 0
[2026-04-03T02:22:11.008+0600][82.016s][info][gc,reloc    ] GC(235) Large Pages: 5 / 28M, Empty: 24M, Relocated: 0M, In-Place: 0
[2026-04-03T02:22:11.008+0600][82.016s][info][gc,reloc    ] GC(235) Forwarding Usage: 1M
[2026-04-03T02:22:11.008+0600][82.016s][info][gc,heap     ] GC(235) Min Capacity: 8M(1%)
[2026-04-03T02:22:11.008+0600][82.016s][info][gc,heap     ] GC(235) Max Capacity: 1000M(100%)
[2026-04-03T02:22:11.008+0600][82.016s][info][gc,heap     ] GC(235) Soft Max Capacity: 1000M(100%)
[2026-04-03T02:22:11.008+0600][82.016s][info][gc,heap     ] GC(235)                Mark Start          Mark End        Relocate Start      Relocate End           High               Low         
[2026-04-03T02:22:11.008+0600][82.016s][info][gc,heap     ] GC(235)  Capacity:     1000M (100%)       1000M (100%)       1000M (100%)       1000M (100%)       1000M (100%)       1000M (100%)   
[2026-04-03T02:22:11.008+0600][82.016s][info][gc,heap     ] GC(235)      Free:      408M (41%)         332M (33%)         550M (55%)         596M (60%)         644M (64%)         232M (23%)    
[2026-04-03T02:22:11.008+0600][82.016s][info][gc,heap     ] GC(235)      Used:      592M (59%)         668M (67%)         450M (45%)         404M (40%)         768M (77%)         356M (36%)    
[2026-04-03T02:22:11.008+0600][82.016s][info][gc,heap     ] GC(235)      Live:         -               107M (11%)         107M (11%)         107M (11%)            -                  -          
[2026-04-03T02:22:11.008+0600][82.016s][info][gc,heap     ] GC(235) Allocated:         -                76M (8%)          206M (21%)         269M (27%)            -                  -          
[2026-04-03T02:22:11.008+0600][82.016s][info][gc,heap     ] GC(235)   Garbage:         -               484M (48%)         136M (14%)          26M (3%)             -                  -          
[2026-04-03T02:22:11.008+0600][82.016s][info][gc,heap     ] GC(235) Reclaimed:         -                  -               348M (35%)         457M (46%)            -                  -          
[2026-04-03T02:22:11.008+0600][82.016s][info][gc          ] GC(235) Garbage Collection (Allocation Rate) 592M(59%)->404M(40%)
[2026-04-03T02:22:11.096+0600][82.104s][info][gc,start    ] GC(236) Garbage Collection (Allocation Rate)
[2026-04-03T02:22:11.096+0600][82.104s][info][gc,task     ] GC(236) Using 3 workers
[2026-04-03T02:22:11.096+0600][82.104s][info][gc,phases   ] GC(236) Pause Mark Start 0.014ms
[2026-04-03T02:22:11.195+0600][82.203s][info][gc,phases   ] GC(236) Concurrent Mark 98.685ms
[2026-04-03T02:22:11.195+0600][82.203s][info][gc,phases   ] GC(236) Pause Mark End 0.035ms
[2026-04-03T02:22:11.196+0600][82.204s][info][gc,phases   ] GC(236) Concurrent Mark Free 0.003ms
[2026-04-03T02:22:11.211+0600][82.219s][info][gc,phases   ] GC(236) Concurrent Process Non-Strong References 15.660ms
[2026-04-03T02:22:11.211+0600][82.220s][info][gc,phases   ] GC(236) Concurrent Reset Relocation Set 0.006ms
[2026-04-03T02:22:11.212+0600][82.220s][info][gc          ] Allocation Stall (Executor task launch worker for task 3.0 in stage 3548.0 (TID 6540)) 26.733ms
[2026-04-03T02:22:11.212+0600][82.220s][info][gc          ] Allocation Stall (Executor task launch worker for task 2.0 in stage 3548.0 (TID 6539)) 26.777ms
[2026-04-03T02:22:11.212+0600][82.220s][info][gc          ] Allocation Stall (Executor task launch worker for task 1.0 in stage 3548.0 (TID 6538)) 27.972ms
[2026-04-03T02:22:11.212+0600][82.220s][info][gc          ] Allocation Stall (Executor task launch worker for task 0.0 in stage 3548.0 (TID 6537)) 25.175ms
[2026-04-03T02:22:11.216+0600][82.224s][info][gc,phases   ] GC(236) Concurrent Select Relocation Set 4.192ms
[2026-04-03T02:22:11.216+0600][82.224s][info][gc,phases   ] GC(236) Pause Relocate Start 0.014ms
[2026-04-03T02:22:11.220+0600][82.228s][info][gc,phases   ] GC(236) Concurrent Relocate 3.916ms
[2026-04-03T02:22:11.220+0600][82.228s][info][gc,load     ] GC(236) Load: 7.08/6.50/5.97
[2026-04-03T02:22:11.220+0600][82.228s][info][gc,mmu      ] GC(236) MMU: 2ms/90.1%, 5ms/96.1%, 10ms/98.0%, 20ms/99.0%, 50ms/99.6%, 100ms/99.7%
[2026-04-03T02:22:11.220+0600][82.228s][info][gc,marking  ] GC(236) Mark: 2 stripe(s), 2 proactive flush(es), 1 terminate flush(es), 0 completion(s), 0 continuation(s) 
[2026-04-03T02:22:11.220+0600][82.228s][info][gc,marking  ] GC(236) Mark Stack Usage: 32M
[2026-04-03T02:22:11.220+0600][82.228s][info][gc,nmethod  ] GC(236) NMethods: 15342 registered, 2488 unregistered
[2026-04-03T02:22:11.220+0600][82.228s][info][gc,metaspace] GC(236) Metaspace: 128M used, 129M committed, 1152M reserved
[2026-04-03T02:22:11.220+0600][82.228s][info][gc,ref      ] GC(236) Soft: 3395 encountered, 0 discovered, 0 enqueued
[2026-04-03T02:22:11.220+0600][82.228s][info][gc,ref      ] GC(236) Weak: 14812 encountered, 4487 discovered, 305 enqueued
[2026-04-03T02:22:11.220+0600][82.228s][info][gc,ref      ] GC(236) Final: 84 encountered, 0 discovered, 0 enqueued
[2026-04-03T02:22:11.220+0600][82.228s][info][gc,ref      ] GC(236) Phantom: 620 encountered, 507 discovered, 0 enqueued
[2026-04-03T02:22:11.220+0600][82.228s][info][gc,reloc    ] GC(236) Small Pages: 136 / 272M, Empty: 20M, Relocated: 5M, In-Place: 0
[2026-04-03T02:22:11.220+0600][82.228s][info][gc,reloc    ] GC(236) Medium Pages: 3 / 48M, Empty: 32M, Relocated: 0M, In-Place: 0
[2026-04-03T02:22:11.220+0600][82.228s][info][gc,reloc    ] GC(236) Large Pages: 69 / 412M, Empty: 408M, Relocated: 0M, In-Place: 0
[2026-04-03T02:22:11.220+0600][82.228s][info][gc,reloc    ] GC(236) Forwarding Usage: 1M
[2026-04-03T02:22:11.220+0600][82.228s][info][gc,heap     ] GC(236) Min Capacity: 8M(1%)
[2026-04-03T02:22:11.220+0600][82.228s][info][gc,heap     ] GC(236) Max Capacity: 1000M(100%)
[2026-04-03T02:22:11.220+0600][82.228s][info][gc,heap     ] GC(236) Soft Max Capacity: 1000M(100%)
[2026-04-03T02:22:11.220+0600][82.229s][info][gc,heap     ] GC(236)                Mark Start          Mark End        Relocate Start      Relocate End           High               Low         
[2026-04-03T02:22:11.220+0600][82.229s][info][gc,heap     ] GC(236)  Capacity:     1000M (100%)       1000M (100%)       1000M (100%)       1000M (100%)       1000M (100%)       1000M (100%)   
[2026-04-03T02:22:11.220+0600][82.229s][info][gc,heap     ] GC(236)      Free:      268M (27%)           0M (0%)          418M (42%)         484M (48%)         532M (53%)           0M (0%)     
[2026-04-03T02:22:11.220+0600][82.229s][info][gc,heap     ] GC(236)      Used:      732M (73%)        1000M (100%)        582M (58%)         516M (52%)        1000M (100%)        468M (47%)    
[2026-04-03T02:22:11.221+0600][82.229s][info][gc,heap     ] GC(236)      Live:         -               105M (11%)         105M (11%)         105M (11%)            -                  -          
[2026-04-03T02:22:11.221+0600][82.229s][info][gc,heap     ] GC(236) Allocated:         -               268M (27%)         310M (31%)         385M (39%)            -                  -          
[2026-04-03T02:22:11.221+0600][82.229s][info][gc,heap     ] GC(236)   Garbage:         -               626M (63%)         166M (17%)          24M (2%)             -                  -          
[2026-04-03T02:22:11.221+0600][82.229s][info][gc,heap     ] GC(236) Reclaimed:         -                  -               460M (46%)         601M (60%)            -                  -          
[2026-04-03T02:22:11.221+0600][82.229s][info][gc          ] GC(236) Garbage Collection (Allocation Rate) 732M(73%)->516M(52%)
[2026-04-03T02:22:11.295+0600][82.303s][info][gc,start    ] GC(237) Garbage Collection (Allocation Stall)
[2026-04-03T02:22:11.295+0600][82.303s][info][gc,ref      ] GC(237) Clearing All SoftReferences
[2026-04-03T02:22:11.295+0600][82.303s][info][gc,task     ] GC(237) Using 3 workers
[2026-04-03T02:22:11.295+0600][82.303s][info][gc,ref      ] GC(237) Clearing All SoftReferences
[2026-04-03T02:22:11.295+0600][82.303s][info][gc,phases   ] GC(237) Pause Mark Start 0.044ms
[2026-04-03T02:22:11.410+0600][82.418s][info][gc,phases   ] GC(237) Concurrent Mark 114.961ms
[2026-04-03T02:22:11.411+0600][82.419s][info][gc,phases   ] GC(237) Pause Mark End 0.038ms
[2026-04-03T02:22:11.411+0600][82.420s][info][gc,phases   ] GC(237) Concurrent Mark Free 0.004ms
[2026-04-03T02:22:11.455+0600][82.463s][info][gc,phases   ] GC(237) Concurrent Process Non-Strong References 43.409ms
[2026-04-03T02:22:11.455+0600][82.463s][info][gc,phases   ] GC(237) Concurrent Reset Relocation Set 0.014ms
[2026-04-03T02:22:11.459+0600][82.467s][info][gc,phases   ] GC(237) Concurrent Select Relocation Set 3.439ms
[2026-04-03T02:22:11.459+0600][82.467s][info][gc,phases   ] GC(237) Pause Relocate Start 0.019ms
[2026-04-03T02:22:11.462+0600][82.470s][info][gc,phases   ] GC(237) Concurrent Relocate 3.161ms
[2026-04-03T02:22:11.462+0600][82.470s][info][gc,load     ] GC(237) Load: 7.08/6.50/5.97
[2026-04-03T02:22:11.462+0600][82.470s][info][gc,mmu      ] GC(237) MMU: 2ms/90.1%, 5ms/96.1%, 10ms/98.0%, 20ms/99.0%, 50ms/99.6%, 100ms/99.7%
[2026-04-03T02:22:11.462+0600][82.470s][info][gc,marking  ] GC(237) Mark: 2 stripe(s), 2 proactive flush(es), 1 terminate flush(es), 0 completion(s), 0 continuation(s) 
[2026-04-03T02:22:11.462+0600][82.470s][info][gc,marking  ] GC(237) Mark Stack Usage: 32M
[2026-04-03T02:22:11.462+0600][82.470s][info][gc,nmethod  ] GC(237) NMethods: 15362 registered, 2493 unregistered
[2026-04-03T02:22:11.462+0600][82.470s][info][gc,metaspace] GC(237) Metaspace: 128M used, 129M committed, 1152M reserved
[2026-04-03T02:22:11.462+0600][82.470s][info][gc,ref      ] GC(237) Soft: 3366 encountered, 748 discovered, 117 enqueued
[2026-04-03T02:22:11.462+0600][82.470s][info][gc,ref      ] GC(237) Weak: 14712 encountered, 3707 discovered, 181 enqueued
[2026-04-03T02:22:11.462+0600][82.470s][info][gc,ref      ] GC(237) Final: 84 encountered, 0 discovered, 0 enqueued
[2026-04-03T02:22:11.462+0600][82.470s][info][gc,ref      ] GC(237) Phantom: 620 encountered, 415 discovered, 0 enqueued
[2026-04-03T02:22:11.462+0600][82.470s][info][gc,reloc    ] GC(237) Small Pages: 113 / 226M, Empty: 26M, Relocated: 5M, In-Place: 0
[2026-04-03T02:22:11.462+0600][82.470s][info][gc,reloc    ] GC(237) Medium Pages: 2 / 32M, Empty: 16M, Relocated: 0M, In-Place: 0
[2026-04-03T02:22:11.462+0600][82.470s][info][gc,reloc    ] GC(237) Large Pages: 68 / 406M, Empty: 402M, Relocated: 0M, In-Place: 0
[2026-04-03T02:22:11.462+0600][82.470s][info][gc,reloc    ] GC(237) Forwarding Usage: 1M
[2026-04-03T02:22:11.462+0600][82.470s][info][gc,heap     ] GC(237) Min Capacity: 8M(1%)
[2026-04-03T02:22:11.462+0600][82.470s][info][gc,heap     ] GC(237) Max Capacity: 1000M(100%)
[2026-04-03T02:22:11.462+0600][82.471s][info][gc,heap     ] GC(237) Soft Max Capacity: 1000M(100%)
[2026-04-03T02:22:11.462+0600][82.471s][info][gc,heap     ] GC(237)                Mark Start          Mark End        Relocate Start      Relocate End           High               Low         
[2026-04-03T02:22:11.462+0600][82.471s][info][gc,heap     ] GC(237)  Capacity:     1000M (100%)       1000M (100%)       1000M (100%)       1000M (100%)       1000M (100%)       1000M (100%)   
[2026-04-03T02:22:11.463+0600][82.471s][info][gc,heap     ] GC(237)      Free:      336M (34%)         222M (22%)         648M (65%)         734M (73%)         734M (73%)         210M (21%)    
[2026-04-03T02:22:11.463+0600][82.471s][info][gc,heap     ] GC(237)      Used:      664M (66%)         778M (78%)         352M (35%)         266M (27%)         790M (79%)         266M (27%)    
[2026-04-03T02:22:11.463+0600][82.471s][info][gc,heap     ] GC(237)      Live:         -               107M (11%)         107M (11%)         107M (11%)            -                  -          
[2026-04-03T02:22:11.463+0600][82.471s][info][gc,heap     ] GC(237) Allocated:         -               114M (11%)         132M (13%)         131M (13%)            -                  -          
[2026-04-03T02:22:11.463+0600][82.471s][info][gc,heap     ] GC(237)   Garbage:         -               556M (56%)         112M (11%)          26M (3%)             -                  -          
[2026-04-03T02:22:11.463+0600][82.471s][info][gc,heap     ] GC(237) Reclaimed:         -                  -               444M (44%)         529M (53%)            -                  -          
[2026-04-03T02:22:11.463+0600][82.471s][info][gc          ] GC(237) Garbage Collection (Allocation Stall) 664M(66%)->266M(27%)
[2026-04-03T02:22:11.496+0600][82.504s][info][gc,start    ] GC(238) Garbage Collection (Allocation Rate)
[2026-04-03T02:22:11.496+0600][82.504s][info][gc,task     ] GC(238) Using 3 workers
[2026-04-03T02:22:11.496+0600][82.504s][info][gc,phases   ] GC(238) Pause Mark Start 0.009ms
[2026-04-03T02:22:11.567+0600][82.575s][info][gc,phases   ] GC(238) Concurrent Mark 70.168ms
[2026-04-03T02:22:11.567+0600][82.575s][info][gc,phases   ] GC(238) Pause Mark End 0.028ms
[2026-04-03T02:22:11.567+0600][82.575s][info][gc,phases   ] GC(238) Concurrent Mark Free 0.002ms
[2026-04-03T02:22:11.582+0600][82.590s][info][gc,phases   ] GC(238) Concurrent Process Non-Strong References 14.698ms
[2026-04-03T02:22:11.582+0600][82.590s][info][gc,phases   ] GC(238) Concurrent Reset Relocation Set 0.005ms
[2026-04-03T02:22:11.585+0600][82.593s][info][gc,phases   ] GC(238) Concurrent Select Relocation Set 2.888ms
[2026-04-03T02:22:11.585+0600][82.593s][info][gc,phases   ] GC(238) Pause Relocate Start 0.013ms
[2026-04-03T02:22:11.589+0600][82.597s][info][gc,phases   ] GC(238) Concurrent Relocate 3.693ms
[2026-04-03T02:22:11.589+0600][82.597s][info][gc,load     ] GC(238) Load: 7.08/6.50/5.97
[2026-04-03T02:22:11.589+0600][82.597s][info][gc,mmu      ] GC(238) MMU: 2ms/90.1%, 5ms/96.1%, 10ms/98.0%, 20ms/99.0%, 50ms/99.6%, 100ms/99.7%
[2026-04-03T02:22:11.589+0600][82.597s][info][gc,marking  ] GC(238) Mark: 2 stripe(s), 2 proactive flush(es), 1 terminate flush(es), 0 completion(s), 0 continuation(s) 
[2026-04-03T02:22:11.589+0600][82.597s][info][gc,marking  ] GC(238) Mark Stack Usage: 32M
[2026-04-03T02:22:11.589+0600][82.597s][info][gc,nmethod  ] GC(238) NMethods: 15357 registered, 2498 unregistered
[2026-04-03T02:22:11.589+0600][82.597s][info][gc,metaspace] GC(238) Metaspace: 128M used, 129M committed, 1152M reserved
[2026-04-03T02:22:11.589+0600][82.597s][info][gc,ref      ] GC(238) Soft: 3251 encountered, 0 discovered, 0 enqueued
[2026-04-03T02:22:11.589+0600][82.597s][info][gc,ref      ] GC(238) Weak: 14637 encountered, 3652 discovered, 430 enqueued
[2026-04-03T02:22:11.589+0600][82.597s][info][gc,ref      ] GC(238) Final: 84 encountered, 0 discovered, 0 enqueued
[2026-04-03T02:22:11.589+0600][82.597s][info][gc,ref      ] GC(238) Phantom: 620 encountered, 347 discovered, 0 enqueued
[2026-04-03T02:22:11.589+0600][82.597s][info][gc,reloc    ] GC(238) Small Pages: 105 / 210M, Empty: 2M, Relocated: 6M, In-Place: 0
[2026-04-03T02:22:11.589+0600][82.597s][info][gc,reloc    ] GC(238) Medium Pages: 3 / 48M, Empty: 32M, Relocated: 0M, In-Place: 0
[2026-04-03T02:22:11.589+0600][82.597s][info][gc,reloc    ] GC(238) Large Pages: 5 / 28M, Empty: 24M, Relocated: 0M, In-Place: 0
[2026-04-03T02:22:11.589+0600][82.597s][info][gc,reloc    ] GC(238) Forwarding Usage: 1M
[2026-04-03T02:22:11.589+0600][82.597s][info][gc,heap     ] GC(238) Min Capacity: 8M(1%)
[2026-04-03T02:22:11.589+0600][82.597s][info][gc,heap     ] GC(238) Max Capacity: 1000M(100%)
[2026-04-03T02:22:11.589+0600][82.597s][info][gc,heap     ] GC(238) Soft Max Capacity: 1000M(100%)
[2026-04-03T02:22:11.589+0600][82.597s][info][gc,heap     ] GC(238)                Mark Start          Mark End        Relocate Start      Relocate End           High               Low         
[2026-04-03T02:22:11.589+0600][82.597s][info][gc,heap     ] GC(238)  Capacity:     1000M (100%)       1000M (100%)       1000M (100%)       1000M (100%)       1000M (100%)       1000M (100%)   
[2026-04-03T02:22:11.589+0600][82.597s][info][gc,heap     ] GC(238)      Free:      714M (71%)         676M (68%)         708M (71%)         798M (80%)         800M (80%)         652M (65%)    
[2026-04-03T02:22:11.589+0600][82.597s][info][gc,heap     ] GC(238)      Used:      286M (29%)         324M (32%)         292M (29%)         202M (20%)         348M (35%)         200M (20%)    
[2026-04-03T02:22:11.589+0600][82.597s][info][gc,heap     ] GC(238)      Live:         -               106M (11%)         106M (11%)         106M (11%)            -                  -          
[2026-04-03T02:22:11.589+0600][82.597s][info][gc,heap     ] GC(238) Allocated:         -                38M (4%)           64M (6%)           69M (7%)             -                  -          
[2026-04-03T02:22:11.589+0600][82.597s][info][gc,heap     ] GC(238)   Garbage:         -               179M (18%)         121M (12%)          25M (3%)             -                  -          
[2026-04-03T02:22:11.589+0600][82.597s][info][gc,heap     ] GC(238) Reclaimed:         -                  -                58M (6%)          153M (15%)            -                  -          
[2026-04-03T02:22:11.589+0600][82.597s][info][gc          ] GC(238) Garbage Collection (Allocation Rate) 286M(29%)->202M(20%)
[2026-04-03T02:22:11.595+0600][82.603s][info][gc,start    ] GC(239) Garbage Collection (Allocation Rate)
[2026-04-03T02:22:11.595+0600][82.603s][info][gc,task     ] GC(239) Using 3 workers
[2026-04-03T02:22:11.596+0600][82.604s][info][gc,phases   ] GC(239) Pause Mark Start 0.010ms
[2026-04-03T02:22:11.686+0600][82.694s][info][gc,phases   ] GC(239) Concurrent Mark 90.106ms
[2026-04-03T02:22:11.686+0600][82.694s][info][gc,phases   ] GC(239) Pause Mark End 0.040ms
[2026-04-03T02:22:11.686+0600][82.694s][info][gc,phases   ] GC(239) Concurrent Mark Free 0.003ms
[2026-04-03T02:22:11.701+0600][82.709s][info][gc,phases   ] GC(239) Concurrent Process Non-Strong References 14.199ms
[2026-04-03T02:22:11.701+0600][82.709s][info][gc,phases   ] GC(239) Concurrent Reset Relocation Set 0.008ms
[2026-04-03T02:22:11.703+0600][82.711s][info][gc,phases   ] GC(239) Concurrent Select Relocation Set 2.601ms
[2026-04-03T02:22:11.703+0600][82.712s][info][gc,phases   ] GC(239) Pause Relocate Start 0.013ms
[2026-04-03T02:22:11.705+0600][82.713s][info][gc,phases   ] GC(239) Concurrent Relocate 1.274ms
[2026-04-03T02:22:11.705+0600][82.713s][info][gc,load     ] GC(239) Load: 7.08/6.50/5.97
[2026-04-03T02:22:11.705+0600][82.713s][info][gc,mmu      ] GC(239) MMU: 2ms/90.1%, 5ms/96.1%, 10ms/98.0%, 20ms/99.0%, 50ms/99.6%, 100ms/99.7%
[2026-04-03T02:22:11.705+0600][82.713s][info][gc,marking  ] GC(239) Mark: 2 stripe(s), 2 proactive flush(es), 1 terminate flush(es), 0 completion(s), 0 continuation(s) 
[2026-04-03T02:22:11.705+0600][82.713s][info][gc,marking  ] GC(239) Mark Stack Usage: 32M
[2026-04-03T02:22:11.705+0600][82.713s][info][gc,nmethod  ] GC(239) NMethods: 15357 registered, 2498 unregistered
[2026-04-03T02:22:11.705+0600][82.713s][info][gc,metaspace] GC(239) Metaspace: 128M used, 129M committed, 1152M reserved
[2026-04-03T02:22:11.705+0600][82.713s][info][gc,ref      ] GC(239) Soft: 3251 encountered, 0 discovered, 0 enqueued
[2026-04-03T02:22:11.705+0600][82.713s][info][gc,ref      ] GC(239) Weak: 14208 encountered, 4440 discovered, 5 enqueued
[2026-04-03T02:22:11.705+0600][82.713s][info][gc,ref      ] GC(239) Final: 84 encountered, 1 discovered, 0 enqueued
[2026-04-03T02:22:11.705+0600][82.713s][info][gc,ref      ] GC(239) Phantom: 620 encountered, 407 discovered, 0 enqueued
[2026-04-03T02:22:11.705+0600][82.713s][info][gc,reloc    ] GC(239) Small Pages: 92 / 184M, Empty: 4M, Relocated: 0M, In-Place: 0
[2026-04-03T02:22:11.705+0600][82.713s][info][gc,reloc    ] GC(239) Medium Pages: 1 / 16M, Empty: 0M, Relocated: 0M, In-Place: 0
[2026-04-03T02:22:11.705+0600][82.713s][info][gc,reloc    ] GC(239) Large Pages: 1 / 4M, Empty: 0M, Relocated: 0M, In-Place: 0
[2026-04-03T02:22:11.705+0600][82.713s][info][gc,reloc    ] GC(239) Forwarding Usage: 0M
[2026-04-03T02:22:11.705+0600][82.713s][info][gc,heap     ] GC(239) Min Capacity: 8M(1%)
[2026-04-03T02:22:11.705+0600][82.713s][info][gc,heap     ] GC(239) Max Capacity: 1000M(100%)
[2026-04-03T02:22:11.705+0600][82.713s][info][gc,heap     ] GC(239) Soft Max Capacity: 1000M(100%)
[2026-04-03T02:22:11.705+0600][82.713s][info][gc,heap     ] GC(239)                Mark Start          Mark End        Relocate Start      Relocate End           High               Low         
[2026-04-03T02:22:11.705+0600][82.713s][info][gc,heap     ] GC(239)  Capacity:     1000M (100%)       1000M (100%)       1000M (100%)       1000M (100%)       1000M (100%)       1000M (100%)   
[2026-04-03T02:22:11.705+0600][82.713s][info][gc,heap     ] GC(239)      Free:      796M (80%)         750M (75%)         744M (74%)         810M (81%)         810M (81%)         740M (74%)    
[2026-04-03T02:22:11.705+0600][82.713s][info][gc,heap     ] GC(239)      Used:      204M (20%)         250M (25%)         256M (26%)         190M (19%)         260M (26%)         190M (19%)    
[2026-04-03T02:22:11.705+0600][82.713s][info][gc,heap     ] GC(239)      Live:         -               106M (11%)         106M (11%)         106M (11%)            -                  -          
[2026-04-03T02:22:11.705+0600][82.713s][info][gc,heap     ] GC(239) Allocated:         -                46M (5%)           56M (6%)           55M (6%)             -                  -          
[2026-04-03T02:22:11.705+0600][82.713s][info][gc,heap     ] GC(239)   Garbage:         -                97M (10%)          93M (9%)           27M (3%)             -                  -          
[2026-04-03T02:22:11.705+0600][82.713s][info][gc,heap     ] GC(239) Reclaimed:         -                  -                 4M (0%)           69M (7%)             -                  -          
[2026-04-03T02:22:11.705+0600][82.713s][info][gc          ] GC(239) Garbage Collection (Allocation Rate) 204M(20%)->190M(19%)
[2026-04-03T02:22:11.795+0600][82.803s][info][gc,start    ] GC(240) Garbage Collection (Allocation Rate)
[2026-04-03T02:22:11.795+0600][82.804s][info][gc,task     ] GC(240) Using 3 workers
[2026-04-03T02:22:11.796+0600][82.804s][info][gc,phases   ] GC(240) Pause Mark Start 0.009ms
[2026-04-03T02:22:11.907+0600][82.915s][info][gc,phases   ] GC(240) Concurrent Mark 111.309ms
[2026-04-03T02:22:11.907+0600][82.915s][info][gc,phases   ] GC(240) Pause Mark End 0.033ms
[2026-04-03T02:22:11.908+0600][82.916s][info][gc,phases   ] GC(240) Concurrent Mark Free 0.003ms
[2026-04-03T02:22:11.933+0600][82.941s][info][gc,phases   ] GC(240) Concurrent Process Non-Strong References 25.322ms
[2026-04-03T02:22:11.933+0600][82.941s][info][gc,phases   ] GC(240) Concurrent Reset Relocation Set 0.012ms
[2026-04-03T02:22:11.938+0600][82.946s][info][gc,phases   ] GC(240) Concurrent Select Relocation Set 4.703ms
[2026-04-03T02:22:11.938+0600][82.946s][info][gc,phases   ] GC(240) Pause Relocate Start 0.015ms
[2026-04-03T02:22:11.940+0600][82.948s][info][gc,phases   ] GC(240) Concurrent Relocate 1.619ms
[2026-04-03T02:22:11.940+0600][82.948s][info][gc,load     ] GC(240) Load: 7.08/6.50/5.97
[2026-04-03T02:22:11.940+0600][82.948s][info][gc,mmu      ] GC(240) MMU: 2ms/90.1%, 5ms/96.1%, 10ms/98.0%, 20ms/99.0%, 50ms/99.6%, 100ms/99.7%
[2026-04-03T02:22:11.940+0600][82.948s][info][gc,marking  ] GC(240) Mark: 2 stripe(s), 2 proactive flush(es), 1 terminate flush(es), 0 completion(s), 0 continuation(s) 
[2026-04-03T02:22:11.940+0600][82.948s][info][gc,marking  ] GC(240) Mark Stack Usage: 32M
[2026-04-03T02:22:11.940+0600][82.948s][info][gc,nmethod  ] GC(240) NMethods: 15360 registered, 2500 unregistered
[2026-04-03T02:22:11.940+0600][82.948s][info][gc,metaspace] GC(240) Metaspace: 128M used, 129M committed, 1152M reserved
[2026-04-03T02:22:11.940+0600][82.948s][info][gc,ref      ] GC(240) Soft: 3270 encountered, 0 discovered, 0 enqueued
[2026-04-03T02:22:11.940+0600][82.948s][info][gc,ref      ] GC(240) Weak: 14343 encountered, 5147 discovered, 14 enqueued
[2026-04-03T02:22:11.940+0600][82.948s][info][gc,ref      ] GC(240) Final: 84 encountered, 0 discovered, 0 enqueued
[2026-04-03T02:22:11.940+0600][82.948s][info][gc,ref      ] GC(240) Phantom: 620 encountered, 473 discovered, 0 enqueued
[2026-04-03T02:22:11.940+0600][82.948s][info][gc,reloc    ] GC(240) Small Pages: 119 / 238M, Empty: 12M, Relocated: 1M, In-Place: 0
[2026-04-03T02:22:11.940+0600][82.948s][info][gc,reloc    ] GC(240) Medium Pages: 2 / 32M, Empty: 16M, Relocated: 0M, In-Place: 0
[2026-04-03T02:22:11.940+0600][82.948s][info][gc,reloc    ] GC(240) Large Pages: 2 / 10M, Empty: 6M, Relocated: 0M, In-Place: 0
[2026-04-03T02:22:11.940+0600][82.948s][info][gc,reloc    ] GC(240) Forwarding Usage: 0M
[2026-04-03T02:22:11.940+0600][82.948s][info][gc,heap     ] GC(240) Min Capacity: 8M(1%)
[2026-04-03T02:22:11.940+0600][82.949s][info][gc,heap     ] GC(240) Max Capacity: 1000M(100%)
[2026-04-03T02:22:11.940+0600][82.949s][info][gc,heap     ] GC(240) Soft Max Capacity: 1000M(100%)
[2026-04-03T02:22:11.940+0600][82.949s][info][gc,heap     ] GC(240)                Mark Start          Mark End        Relocate Start      Relocate End           High               Low         
[2026-04-03T02:22:11.940+0600][82.949s][info][gc,heap     ] GC(240)  Capacity:     1000M (100%)       1000M (100%)       1000M (100%)       1000M (100%)       1000M (100%)       1000M (100%)   
[2026-04-03T02:22:11.940+0600][82.949s][info][gc,heap     ] GC(240)      Free:      720M (72%)         578M (58%)         574M (57%)         684M (68%)         720M (72%)         540M (54%)    
[2026-04-03T02:22:11.941+0600][82.949s][info][gc,heap     ] GC(240)      Used:      280M (28%)         422M (42%)         426M (43%)         316M (32%)         460M (46%)         280M (28%)    
[2026-04-03T02:22:11.941+0600][82.949s][info][gc,heap     ] GC(240)      Live:         -               107M (11%)         107M (11%)         107M (11%)            -                  -          
[2026-04-03T02:22:11.941+0600][82.949s][info][gc,heap     ] GC(240) Allocated:         -               142M (14%)         180M (18%)         179M (18%)            -                  -          
[2026-04-03T02:22:11.941+0600][82.949s][info][gc,heap     ] GC(240)   Garbage:         -               172M (17%)         138M (14%)          28M (3%)             -                  -          
[2026-04-03T02:22:11.941+0600][82.949s][info][gc,heap     ] GC(240) Reclaimed:         -                  -                34M (3%)          143M (14%)            -                  -          
[2026-04-03T02:22:11.941+0600][82.949s][info][gc          ] GC(240) Garbage Collection (Allocation Rate) 280M(28%)->316M(32%)
[2026-04-03T02:22:11.996+0600][83.004s][info][gc,start    ] GC(241) Garbage Collection (Allocation Rate)
[2026-04-03T02:22:11.996+0600][83.004s][info][gc,task     ] GC(241) Using 3 workers
[2026-04-03T02:22:11.996+0600][83.004s][info][gc,phases   ] GC(241) Pause Mark Start 0.013ms
[2026-04-03T02:22:12.119+0600][83.127s][info][gc,phases   ] GC(241) Concurrent Mark 122.995ms
[2026-04-03T02:22:12.119+0600][83.127s][info][gc,phases   ] GC(241) Pause Mark End 0.090ms
[2026-04-03T02:22:12.119+0600][83.127s][info][gc,phases   ] GC(241) Concurrent Mark Free 0.002ms
[2026-04-03T02:22:12.144+0600][83.152s][info][gc,phases   ] GC(241) Concurrent Process Non-Strong References 24.817ms
[2026-04-03T02:22:12.144+0600][83.152s][info][gc,phases   ] GC(241) Concurrent Reset Relocation Set 0.010ms
[2026-04-03T02:22:12.150+0600][83.158s][info][gc,phases   ] GC(241) Concurrent Select Relocation Set 5.137ms
[2026-04-03T02:22:12.150+0600][83.158s][info][gc,phases   ] GC(241) Pause Relocate Start 0.016ms
[2026-04-03T02:22:12.153+0600][83.161s][info][gc,phases   ] GC(241) Concurrent Relocate 2.811ms
[2026-04-03T02:22:12.153+0600][83.161s][info][gc,load     ] GC(241) Load: 7.08/6.50/5.97
[2026-04-03T02:22:12.153+0600][83.161s][info][gc,mmu      ] GC(241) MMU: 2ms/90.1%, 5ms/96.1%, 10ms/98.0%, 20ms/99.0%, 50ms/99.6%, 100ms/99.7%
[2026-04-03T02:22:12.153+0600][83.161s][info][gc,marking  ] GC(241) Mark: 2 stripe(s), 2 proactive flush(es), 1 terminate flush(es), 0 completion(s), 0 continuation(s) 
[2026-04-03T02:22:12.153+0600][83.161s][info][gc,marking  ] GC(241) Mark Stack Usage: 32M
[2026-04-03T02:22:12.153+0600][83.161s][info][gc,nmethod  ] GC(241) NMethods: 15357 registered, 2505 unregistered
[2026-04-03T02:22:12.153+0600][83.161s][info][gc,metaspace] GC(241) Metaspace: 128M used, 129M committed, 1152M reserved
[2026-04-03T02:22:12.153+0600][83.161s][info][gc,ref      ] GC(241) Soft: 3278 encountered, 0 discovered, 0 enqueued
[2026-04-03T02:22:12.153+0600][83.161s][info][gc,ref      ] GC(241) Weak: 14826 encountered, 3814 discovered, 12 enqueued
[2026-04-03T02:22:12.153+0600][83.161s][info][gc,ref      ] GC(241) Final: 84 encountered, 0 discovered, 0 enqueued
[2026-04-03T02:22:12.153+0600][83.161s][info][gc,ref      ] GC(241) Phantom: 620 encountered, 400 discovered, 0 enqueued
[2026-04-03T02:22:12.153+0600][83.161s][info][gc,reloc    ] GC(241) Small Pages: 142 / 284M, Empty: 42M, Relocated: 3M, In-Place: 0
[2026-04-03T02:22:12.153+0600][83.161s][info][gc,reloc    ] GC(241) Medium Pages: 4 / 64M, Empty: 48M, Relocated: 0M, In-Place: 0
[2026-04-03T02:22:12.153+0600][83.161s][info][gc,reloc    ] GC(241) Large Pages: 6 / 34M, Empty: 30M, Relocated: 0M, In-Place: 0
[2026-04-03T02:22:12.153+0600][83.161s][info][gc,reloc    ] GC(241) Forwarding Usage: 0M
[2026-04-03T02:22:12.153+0600][83.161s][info][gc,heap     ] GC(241) Min Capacity: 8M(1%)
[2026-04-03T02:22:12.153+0600][83.161s][info][gc,heap     ] GC(241) Max Capacity: 1000M(100%)
[2026-04-03T02:22:12.153+0600][83.161s][info][gc,heap     ] GC(241) Soft Max Capacity: 1000M(100%)
[2026-04-03T02:22:12.153+0600][83.161s][info][gc,heap     ] GC(241)                Mark Start          Mark End        Relocate Start      Relocate End           High               Low         
[2026-04-03T02:22:12.153+0600][83.161s][info][gc,heap     ] GC(241)  Capacity:     1000M (100%)       1000M (100%)       1000M (100%)       1000M (100%)       1000M (100%)       1000M (100%)   
[2026-04-03T02:22:12.153+0600][83.161s][info][gc,heap     ] GC(241)      Free:      618M (62%)         454M (45%)         548M (55%)         676M (68%)         676M (68%)         428M (43%)    
[2026-04-03T02:22:12.153+0600][83.161s][info][gc,heap     ] GC(241)      Used:      382M (38%)         546M (55%)         452M (45%)         324M (32%)         572M (57%)         324M (32%)    
[2026-04-03T02:22:12.153+0600][83.161s][info][gc,heap     ] GC(241)      Live:         -               108M (11%)         108M (11%)         108M (11%)            -                  -          
[2026-04-03T02:22:12.153+0600][83.161s][info][gc,heap     ] GC(241) Allocated:         -               164M (16%)         190M (19%)         189M (19%)            -                  -          
[2026-04-03T02:22:12.153+0600][83.161s][info][gc,heap     ] GC(241)   Garbage:         -               273M (27%)         153M (15%)          25M (3%)             -                  -          
[2026-04-03T02:22:12.153+0600][83.161s][info][gc,heap     ] GC(241) Reclaimed:         -                  -               120M (12%)         247M (25%)            -                  -          
[2026-04-03T02:22:12.153+0600][83.161s][info][gc          ] GC(241) Garbage Collection (Allocation Rate) 382M(38%)->324M(32%)
[2026-04-03T02:22:12.196+0600][83.204s][info][gc,start    ] GC(242) Garbage Collection (Allocation Rate)
[2026-04-03T02:22:12.196+0600][83.204s][info][gc,task     ] GC(242) Using 3 workers
[2026-04-03T02:22:12.196+0600][83.204s][info][gc,phases   ] GC(242) Pause Mark Start 0.055ms
[2026-04-03T02:22:12.325+0600][83.333s][info][gc,phases   ] GC(242) Concurrent Mark 128.717ms
[2026-04-03T02:22:12.326+0600][83.334s][info][gc,phases   ] GC(242) Pause Mark End 0.055ms
[2026-04-03T02:22:12.326+0600][83.334s][info][gc,phases   ] GC(242) Concurrent Mark Free 0.006ms
[2026-04-03T02:22:12.353+0600][83.362s][info][gc,phases   ] GC(242) Concurrent Process Non-Strong References 27.699ms
[2026-04-03T02:22:12.354+0600][83.362s][info][gc,phases   ] GC(242) Concurrent Reset Relocation Set 0.011ms
[2026-04-03T02:22:12.359+0600][83.367s][info][gc,phases   ] GC(242) Concurrent Select Relocation Set 5.184ms
[2026-04-03T02:22:12.359+0600][83.367s][info][gc,phases   ] GC(242) Pause Relocate Start 0.015ms
[2026-04-03T02:22:12.366+0600][83.374s][info][gc,phases   ] GC(242) Concurrent Relocate 6.444ms
[2026-04-03T02:22:12.366+0600][83.374s][info][gc,load     ] GC(242) Load: 7.08/6.50/5.97
[2026-04-03T02:22:12.366+0600][83.374s][info][gc,mmu      ] GC(242) MMU: 2ms/90.1%, 5ms/96.1%, 10ms/98.0%, 20ms/99.0%, 50ms/99.6%, 100ms/99.7%
[2026-04-03T02:22:12.366+0600][83.374s][info][gc,marking  ] GC(242) Mark: 2 stripe(s), 2 proactive flush(es), 1 terminate flush(es), 0 completion(s), 0 continuation(s) 
[2026-04-03T02:22:12.366+0600][83.374s][info][gc,marking  ] GC(242) Mark Stack Usage: 32M
[2026-04-03T02:22:12.366+0600][83.374s][info][gc,nmethod  ] GC(242) NMethods: 15358 registered, 2509 unregistered
[2026-04-03T02:22:12.366+0600][83.374s][info][gc,metaspace] GC(242) Metaspace: 128M used, 129M committed, 1152M reserved
[2026-04-03T02:22:12.366+0600][83.374s][info][gc,ref      ] GC(242) Soft: 3278 encountered, 0 discovered, 0 enqueued
[2026-04-03T02:22:12.366+0600][83.374s][info][gc,ref      ] GC(242) Weak: 15104 encountered, 4656 discovered, 10 enqueued
[2026-04-03T02:22:12.366+0600][83.374s][info][gc,ref      ] GC(242) Final: 84 encountered, 0 discovered, 0 enqueued
[2026-04-03T02:22:12.366+0600][83.374s][info][gc,ref      ] GC(242) Phantom: 620 encountered, 479 discovered, 0 enqueued
[2026-04-03T02:22:12.366+0600][83.374s][info][gc,reloc    ] GC(242) Small Pages: 149 / 298M, Empty: 60M, Relocated: 6M, In-Place: 0
[2026-04-03T02:22:12.366+0600][83.374s][info][gc,reloc    ] GC(242) Medium Pages: 4 / 64M, Empty: 48M, Relocated: 0M, In-Place: 0
[2026-04-03T02:22:12.366+0600][83.374s][info][gc,reloc    ] GC(242) Large Pages: 5 / 28M, Empty: 24M, Relocated: 0M, In-Place: 0
[2026-04-03T02:22:12.366+0600][83.374s][info][gc,reloc    ] GC(242) Forwarding Usage: 1M
[2026-04-03T02:22:12.366+0600][83.374s][info][gc,heap     ] GC(242) Min Capacity: 8M(1%)
[2026-04-03T02:22:12.366+0600][83.374s][info][gc,heap     ] GC(242) Max Capacity: 1000M(100%)
[2026-04-03T02:22:12.366+0600][83.374s][info][gc,heap     ] GC(242) Soft Max Capacity: 1000M(100%)
[2026-04-03T02:22:12.366+0600][83.374s][info][gc,heap     ] GC(242)                Mark Start          Mark End        Relocate Start      Relocate End           High               Low         
[2026-04-03T02:22:12.366+0600][83.374s][info][gc,heap     ] GC(242)  Capacity:     1000M (100%)       1000M (100%)       1000M (100%)       1000M (100%)       1000M (100%)       1000M (100%)   
[2026-04-03T02:22:12.366+0600][83.374s][info][gc,heap     ] GC(242)      Free:      610M (61%)         446M (45%)         546M (55%)         662M (66%)         662M (66%)         414M (41%)    
[2026-04-03T02:22:12.366+0600][83.374s][info][gc,heap     ] GC(242)      Used:      390M (39%)         554M (55%)         454M (45%)         338M (34%)         586M (59%)         338M (34%)    
[2026-04-03T02:22:12.366+0600][83.374s][info][gc,heap     ] GC(242)      Live:         -               110M (11%)         110M (11%)         110M (11%)            -                  -          
[2026-04-03T02:22:12.366+0600][83.374s][info][gc,heap     ] GC(242) Allocated:         -               164M (16%)         196M (20%)         201M (20%)            -                  -          
[2026-04-03T02:22:12.366+0600][83.374s][info][gc,heap     ] GC(242)   Garbage:         -               279M (28%)         147M (15%)          25M (3%)             -                  -          
[2026-04-03T02:22:12.366+0600][83.374s][info][gc,heap     ] GC(242) Reclaimed:         -                  -               132M (13%)         253M (25%)            -                  -          
[2026-04-03T02:22:12.366+0600][83.374s][info][gc          ] GC(242) Garbage Collection (Allocation Rate) 390M(39%)->338M(34%)
[2026-04-03T02:22:12.395+0600][83.403s][info][gc,start    ] GC(243) Garbage Collection (Allocation Rate)
[2026-04-03T02:22:12.395+0600][83.403s][info][gc,task     ] GC(243) Using 3 workers
[2026-04-03T02:22:12.396+0600][83.404s][info][gc,phases   ] GC(243) Pause Mark Start 0.016ms
[2026-04-03T02:22:12.516+0600][83.524s][info][gc,phases   ] GC(243) Concurrent Mark 119.746ms
[2026-04-03T02:22:12.516+0600][83.524s][info][gc,phases   ] GC(243) Pause Mark End 0.040ms
[2026-04-03T02:22:12.516+0600][83.524s][info][gc,phases   ] GC(243) Concurrent Mark Free 0.004ms
[2026-04-03T02:22:12.544+0600][83.552s][info][gc,phases   ] GC(243) Concurrent Process Non-Strong References 27.922ms
[2026-04-03T02:22:12.544+0600][83.552s][info][gc,phases   ] GC(243) Concurrent Reset Relocation Set 0.011ms
[2026-04-03T02:22:12.549+0600][83.557s][info][gc,phases   ] GC(243) Concurrent Select Relocation Set 4.614ms
[2026-04-03T02:22:12.549+0600][83.557s][info][gc,phases   ] GC(243) Pause Relocate Start 0.018ms
[2026-04-03T02:22:12.554+0600][83.562s][info][gc,phases   ] GC(243) Concurrent Relocate 4.631ms
[2026-04-03T02:22:12.554+0600][83.562s][info][gc,load     ] GC(243) Load: 7.08/6.50/5.97
[2026-04-03T02:22:12.554+0600][83.562s][info][gc,mmu      ] GC(243) MMU: 2ms/90.1%, 5ms/96.1%, 10ms/98.0%, 20ms/99.0%, 50ms/99.6%, 100ms/99.7%
[2026-04-03T02:22:12.554+0600][83.562s][info][gc,marking  ] GC(243) Mark: 2 stripe(s), 2 proactive flush(es), 1 terminate flush(es), 0 completion(s), 0 continuation(s) 
[2026-04-03T02:22:12.554+0600][83.562s][info][gc,marking  ] GC(243) Mark Stack Usage: 32M
[2026-04-03T02:22:12.554+0600][83.562s][info][gc,nmethod  ] GC(243) NMethods: 15358 registered, 2511 unregistered
[2026-04-03T02:22:12.554+0600][83.562s][info][gc,metaspace] GC(243) Metaspace: 128M used, 129M committed, 1152M reserved
[2026-04-03T02:22:12.554+0600][83.562s][info][gc,ref      ] GC(243) Soft: 3275 encountered, 0 discovered, 0 enqueued
[2026-04-03T02:22:12.554+0600][83.562s][info][gc,ref      ] GC(243) Weak: 15380 encountered, 3936 discovered, 9 enqueued
[2026-04-03T02:22:12.554+0600][83.562s][info][gc,ref      ] GC(243) Final: 84 encountered, 45 discovered, 0 enqueued
[2026-04-03T02:22:12.554+0600][83.562s][info][gc,ref      ] GC(243) Phantom: 620 encountered, 359 discovered, 0 enqueued
[2026-04-03T02:22:12.554+0600][83.562s][info][gc,reloc    ] GC(243) Small Pages: 142 / 284M, Empty: 34M, Relocated: 3M, In-Place: 0
[2026-04-03T02:22:12.554+0600][83.562s][info][gc,reloc    ] GC(243) Medium Pages: 4 / 64M, Empty: 32M, Relocated: 7M, In-Place: 0
[2026-04-03T02:22:12.554+0600][83.562s][info][gc,reloc    ] GC(243) Large Pages: 5 / 28M, Empty: 24M, Relocated: 0M, In-Place: 0
[2026-04-03T02:22:12.554+0600][83.562s][info][gc,reloc    ] GC(243) Forwarding Usage: 0M
[2026-04-03T02:22:12.554+0600][83.562s][info][gc,heap     ] GC(243) Min Capacity: 8M(1%)
[2026-04-03T02:22:12.554+0600][83.562s][info][gc,heap     ] GC(243) Max Capacity: 1000M(100%)
[2026-04-03T02:22:12.554+0600][83.562s][info][gc,heap     ] GC(243) Soft Max Capacity: 1000M(100%)
[2026-04-03T02:22:12.554+0600][83.562s][info][gc,heap     ] GC(243)                Mark Start          Mark End        Relocate Start      Relocate End           High               Low         
[2026-04-03T02:22:12.554+0600][83.562s][info][gc,heap     ] GC(243)  Capacity:     1000M (100%)       1000M (100%)       1000M (100%)       1000M (100%)       1000M (100%)       1000M (100%)   
[2026-04-03T02:22:12.554+0600][83.562s][info][gc,heap     ] GC(243)      Free:      624M (62%)         470M (47%)         540M (54%)         692M (69%)         692M (69%)         450M (45%)    
[2026-04-03T02:22:12.554+0600][83.563s][info][gc,heap     ] GC(243)      Used:      376M (38%)         530M (53%)         460M (46%)         308M (31%)         550M (55%)         308M (31%)    
[2026-04-03T02:22:12.554+0600][83.563s][info][gc,heap     ] GC(243)      Live:         -               110M (11%)         110M (11%)         110M (11%)            -                  -          
[2026-04-03T02:22:12.554+0600][83.563s][info][gc,heap     ] GC(243) Allocated:         -               154M (15%)         174M (17%)         173M (17%)            -                  -          
[2026-04-03T02:22:12.555+0600][83.563s][info][gc,heap     ] GC(243)   Garbage:         -               265M (27%)         175M (18%)          23M (2%)             -                  -          
[2026-04-03T02:22:12.555+0600][83.563s][info][gc,heap     ] GC(243) Reclaimed:         -                  -                90M (9%)          241M (24%)            -                  -          
[2026-04-03T02:22:12.555+0600][83.563s][info][gc          ] GC(243) Garbage Collection (Allocation Rate) 376M(38%)->308M(31%)
[2026-04-03T02:22:12.595+0600][83.604s][info][gc,start    ] GC(244) Garbage Collection (Allocation Rate)
[2026-04-03T02:22:12.596+0600][83.604s][info][gc,task     ] GC(244) Using 3 workers
[2026-04-03T02:22:12.596+0600][83.604s][info][gc,phases   ] GC(244) Pause Mark Start 0.018ms
[2026-04-03T02:22:12.718+0600][83.726s][info][gc,phases   ] GC(244) Concurrent Mark 121.673ms
[2026-04-03T02:22:12.718+0600][83.726s][info][gc,phases   ] GC(244) Pause Mark End 0.059ms
[2026-04-03T02:22:12.718+0600][83.726s][info][gc,phases   ] GC(244) Concurrent Mark Free 0.002ms
[2026-04-03T02:22:12.747+0600][83.755s][info][gc,phases   ] GC(244) Concurrent Process Non-Strong References 28.998ms
[2026-04-03T02:22:12.747+0600][83.755s][info][gc,phases   ] GC(244) Concurrent Reset Relocation Set 0.007ms
[2026-04-03T02:22:12.751+0600][83.759s][info][gc,phases   ] GC(244) Concurrent Select Relocation Set 3.323ms
[2026-04-03T02:22:12.751+0600][83.759s][info][gc,phases   ] GC(244) Pause Relocate Start 0.017ms
[2026-04-03T02:22:12.753+0600][83.761s][info][gc,phases   ] GC(244) Concurrent Relocate 1.488ms
[2026-04-03T02:22:12.753+0600][83.761s][info][gc,load     ] GC(244) Load: 7.08/6.50/5.97
[2026-04-03T02:22:12.753+0600][83.761s][info][gc,mmu      ] GC(244) MMU: 2ms/90.1%, 5ms/96.1%, 10ms/98.0%, 20ms/99.0%, 50ms/99.6%, 100ms/99.7%
[2026-04-03T02:22:12.753+0600][83.761s][info][gc,marking  ] GC(244) Mark: 2 stripe(s), 2 proactive flush(es), 1 terminate flush(es), 0 completion(s), 0 continuation(s) 
[2026-04-03T02:22:12.753+0600][83.761s][info][gc,marking  ] GC(244) Mark Stack Usage: 32M
[2026-04-03T02:22:12.753+0600][83.761s][info][gc,nmethod  ] GC(244) NMethods: 15362 registered, 2511 unregistered
[2026-04-03T02:22:12.753+0600][83.761s][info][gc,metaspace] GC(244) Metaspace: 128M used, 129M committed, 1152M reserved
[2026-04-03T02:22:12.753+0600][83.761s][info][gc,ref      ] GC(244) Soft: 3270 encountered, 0 discovered, 0 enqueued
[2026-04-03T02:22:12.753+0600][83.761s][info][gc,ref      ] GC(244) Weak: 15733 encountered, 5852 discovered, 9 enqueued
[2026-04-03T02:22:12.753+0600][83.761s][info][gc,ref      ] GC(244) Final: 84 encountered, 0 discovered, 0 enqueued
[2026-04-03T02:22:12.753+0600][83.761s][info][gc,ref      ] GC(244) Phantom: 620 encountered, 418 discovered, 0 enqueued
[2026-04-03T02:22:12.753+0600][83.761s][info][gc,reloc    ] GC(244) Small Pages: 143 / 286M, Empty: 58M, Relocated: 1M, In-Place: 0
[2026-04-03T02:22:12.753+0600][83.761s][info][gc,reloc    ] GC(244) Medium Pages: 4 / 64M, Empty: 48M, Relocated: 0M, In-Place: 0
[2026-04-03T02:22:12.753+0600][83.761s][info][gc,reloc    ] GC(244) Large Pages: 5 / 28M, Empty: 24M, Relocated: 0M, In-Place: 0
[2026-04-03T02:22:12.753+0600][83.761s][info][gc,reloc    ] GC(244) Forwarding Usage: 0M
[2026-04-03T02:22:12.753+0600][83.761s][info][gc,heap     ] GC(244) Min Capacity: 8M(1%)
[2026-04-03T02:22:12.753+0600][83.761s][info][gc,heap     ] GC(244) Max Capacity: 1000M(100%)
[2026-04-03T02:22:12.753+0600][83.761s][info][gc,heap     ] GC(244) Soft Max Capacity: 1000M(100%)
[2026-04-03T02:22:12.753+0600][83.761s][info][gc,heap     ] GC(244)                Mark Start          Mark End        Relocate Start      Relocate End           High               Low         
[2026-04-03T02:22:12.753+0600][83.761s][info][gc,heap     ] GC(244)  Capacity:     1000M (100%)       1000M (100%)       1000M (100%)       1000M (100%)       1000M (100%)       1000M (100%)   
[2026-04-03T02:22:12.753+0600][83.761s][info][gc,heap     ] GC(244)      Free:      622M (62%)         482M (48%)         586M (59%)         698M (70%)         698M (70%)         456M (46%)    
[2026-04-03T02:22:12.753+0600][83.761s][info][gc,heap     ] GC(244)      Used:      378M (38%)         518M (52%)         414M (41%)         302M (30%)         544M (54%)         302M (30%)    
[2026-04-03T02:22:12.753+0600][83.761s][info][gc,heap     ] GC(244)      Live:         -               107M (11%)         107M (11%)         107M (11%)            -                  -          
[2026-04-03T02:22:12.753+0600][83.761s][info][gc,heap     ] GC(244) Allocated:         -               140M (14%)         166M (17%)         165M (17%)            -                  -          
[2026-04-03T02:22:12.753+0600][83.761s][info][gc,heap     ] GC(244)   Garbage:         -               270M (27%)         140M (14%)          28M (3%)             -                  -          
[2026-04-03T02:22:12.753+0600][83.761s][info][gc,heap     ] GC(244) Reclaimed:         -                  -               130M (13%)         241M (24%)            -                  -          
[2026-04-03T02:22:12.753+0600][83.761s][info][gc          ] GC(244) Garbage Collection (Allocation Rate) 378M(38%)->302M(30%)
[2026-04-03T02:22:12.996+0600][84.004s][info][gc,start    ] GC(245) Garbage Collection (Allocation Rate)
[2026-04-03T02:22:12.996+0600][84.004s][info][gc,task     ] GC(245) Using 2 workers
[2026-04-03T02:22:12.996+0600][84.004s][info][gc,phases   ] GC(245) Pause Mark Start 0.008ms
[2026-04-03T02:22:13.090+0600][84.098s][info][gc,phases   ] GC(245) Concurrent Mark 93.162ms
[2026-04-03T02:22:13.090+0600][84.098s][info][gc,phases   ] GC(245) Pause Mark End 0.046ms
[2026-04-03T02:22:13.090+0600][84.098s][info][gc,phases   ] GC(245) Concurrent Mark Free 0.001ms
[2026-04-03T02:22:13.110+0600][84.118s][info][gc,phases   ] GC(245) Concurrent Process Non-Strong References 19.661ms
[2026-04-03T02:22:13.110+0600][84.118s][info][gc,phases   ] GC(245) Concurrent Reset Relocation Set 0.007ms
[2026-04-03T02:22:13.113+0600][84.121s][info][gc,phases   ] GC(245) Concurrent Select Relocation Set 3.010ms
[2026-04-03T02:22:13.113+0600][84.121s][info][gc,phases   ] GC(245) Pause Relocate Start 0.010ms
[2026-04-03T02:22:13.115+0600][84.123s][info][gc,phases   ] GC(245) Concurrent Relocate 2.132ms
[2026-04-03T02:22:13.115+0600][84.124s][info][gc,load     ] GC(245) Load: 7.08/6.50/5.97
[2026-04-03T02:22:13.115+0600][84.124s][info][gc,mmu      ] GC(245) MMU: 2ms/90.1%, 5ms/96.1%, 10ms/98.0%, 20ms/99.0%, 50ms/99.6%, 100ms/99.7%
[2026-04-03T02:22:13.115+0600][84.124s][info][gc,marking  ] GC(245) Mark: 2 stripe(s), 2 proactive flush(es), 1 terminate flush(es), 0 completion(s), 0 continuation(s) 
[2026-04-03T02:22:13.115+0600][84.124s][info][gc,marking  ] GC(245) Mark Stack Usage: 32M
[2026-04-03T02:22:13.115+0600][84.124s][info][gc,nmethod  ] GC(245) NMethods: 15368 registered, 2523 unregistered
[2026-04-03T02:22:13.115+0600][84.124s][info][gc,metaspace] GC(245) Metaspace: 128M used, 129M committed, 1152M reserved
[2026-04-03T02:22:13.115+0600][84.124s][info][gc,ref      ] GC(245) Soft: 3270 encountered, 0 discovered, 0 enqueued
[2026-04-03T02:22:13.115+0600][84.124s][info][gc,ref      ] GC(245) Weak: 15977 encountered, 6448 discovered, 1623 enqueued
[2026-04-03T02:22:13.116+0600][84.124s][info][gc,ref      ] GC(245) Final: 84 encountered, 84 discovered, 0 enqueued
[2026-04-03T02:22:13.116+0600][84.124s][info][gc,ref      ] GC(245) Phantom: 620 encountered, 589 discovered, 0 enqueued
[2026-04-03T02:22:13.116+0600][84.124s][info][gc,reloc    ] GC(245) Small Pages: 192 / 384M, Empty: 30M, Relocated: 2M, In-Place: 0
[2026-04-03T02:22:13.116+0600][84.124s][info][gc,reloc    ] GC(245) Medium Pages: 4 / 64M, Empty: 48M, Relocated: 0M, In-Place: 0
[2026-04-03T02:22:13.116+0600][84.124s][info][gc,reloc    ] GC(245) Large Pages: 7 / 40M, Empty: 36M, Relocated: 0M, In-Place: 0
[2026-04-03T02:22:13.116+0600][84.124s][info][gc,reloc    ] GC(245) Forwarding Usage: 0M
[2026-04-03T02:22:13.116+0600][84.124s][info][gc,heap     ] GC(245) Min Capacity: 8M(1%)
[2026-04-03T02:22:13.116+0600][84.124s][info][gc,heap     ] GC(245) Max Capacity: 1000M(100%)
[2026-04-03T02:22:13.116+0600][84.124s][info][gc,heap     ] GC(245) Soft Max Capacity: 1000M(100%)
[2026-04-03T02:22:13.116+0600][84.124s][info][gc,heap     ] GC(245)                Mark Start          Mark End        Relocate Start      Relocate End           High               Low         
[2026-04-03T02:22:13.116+0600][84.124s][info][gc,heap     ] GC(245)  Capacity:     1000M (100%)       1000M (100%)       1000M (100%)       1000M (100%)       1000M (100%)       1000M (100%)   
[2026-04-03T02:22:13.116+0600][84.124s][info][gc,heap     ] GC(245)      Free:      512M (51%)         462M (46%)         550M (55%)         790M (79%)         790M (79%)         436M (44%)    
[2026-04-03T02:22:13.116+0600][84.124s][info][gc,heap     ] GC(245)      Used:      488M (49%)         538M (54%)         450M (45%)         210M (21%)         564M (56%)         210M (21%)    
[2026-04-03T02:22:13.116+0600][84.124s][info][gc,heap     ] GC(245)      Live:         -               107M (11%)         107M (11%)         107M (11%)            -                  -          
[2026-04-03T02:22:13.116+0600][84.124s][info][gc,heap     ] GC(245) Allocated:         -                50M (5%)           76M (8%)           77M (8%)             -                  -          
[2026-04-03T02:22:13.116+0600][84.124s][info][gc,heap     ] GC(245)   Garbage:         -               380M (38%)         266M (27%)          24M (2%)             -                  -          
[2026-04-03T02:22:13.116+0600][84.124s][info][gc,heap     ] GC(245) Reclaimed:         -                  -               114M (11%)         355M (36%)            -                  -          
[2026-04-03T02:22:13.116+0600][84.124s][info][gc          ] GC(245) Garbage Collection (Allocation Rate) 488M(49%)->210M(21%)
[2026-04-03T02:22:13.296+0600][84.304s][info][gc,start    ] GC(246) Garbage Collection (Allocation Rate)
[2026-04-03T02:22:13.296+0600][84.304s][info][gc,task     ] GC(246) Using 2 workers
[2026-04-03T02:22:13.296+0600][84.304s][info][gc,phases   ] GC(246) Pause Mark Start 0.019ms
[2026-04-03T02:22:13.461+0600][84.469s][info][gc,phases   ] GC(246) Concurrent Mark 164.838ms
[2026-04-03T02:22:13.461+0600][84.469s][info][gc,phases   ] GC(246) Pause Mark End 0.037ms
[2026-04-03T02:22:13.461+0600][84.470s][info][gc,phases   ] GC(246) Concurrent Mark Free 0.003ms
[2026-04-03T02:22:13.494+0600][84.502s][info][gc,phases   ] GC(246) Concurrent Process Non-Strong References 32.117ms
[2026-04-03T02:22:13.494+0600][84.502s][info][gc,phases   ] GC(246) Concurrent Reset Relocation Set 0.015ms
[2026-04-03T02:22:13.499+0600][84.507s][info][gc,phases   ] GC(246) Concurrent Select Relocation Set 5.577ms
[2026-04-03T02:22:13.500+0600][84.508s][info][gc,phases   ] GC(246) Pause Relocate Start 0.030ms
[2026-04-03T02:22:13.509+0600][84.517s][info][gc,phases   ] GC(246) Concurrent Relocate 9.045ms
[2026-04-03T02:22:13.509+0600][84.517s][info][gc,load     ] GC(246) Load: 7.08/6.50/5.97
[2026-04-03T02:22:13.509+0600][84.517s][info][gc,mmu      ] GC(246) MMU: 2ms/90.1%, 5ms/96.1%, 10ms/98.0%, 20ms/99.0%, 50ms/99.6%, 100ms/99.7%
[2026-04-03T02:22:13.509+0600][84.517s][info][gc,marking  ] GC(246) Mark: 2 stripe(s), 2 proactive flush(es), 1 terminate flush(es), 0 completion(s), 0 continuation(s) 
[2026-04-03T02:22:13.509+0600][84.517s][info][gc,marking  ] GC(246) Mark Stack Usage: 32M
[2026-04-03T02:22:13.509+0600][84.517s][info][gc,nmethod  ] GC(246) NMethods: 15376 registered, 2529 unregistered
[2026-04-03T02:22:13.509+0600][84.517s][info][gc,metaspace] GC(246) Metaspace: 128M used, 129M committed, 1152M reserved
[2026-04-03T02:22:13.509+0600][84.517s][info][gc,ref      ] GC(246) Soft: 3293 encountered, 0 discovered, 0 enqueued
[2026-04-03T02:22:13.509+0600][84.517s][info][gc,ref      ] GC(246) Weak: 14810 encountered, 5310 discovered, 34 enqueued
[2026-04-03T02:22:13.509+0600][84.517s][info][gc,ref      ] GC(246) Final: 84 encountered, 80 discovered, 0 enqueued
[2026-04-03T02:22:13.509+0600][84.517s][info][gc,ref      ] GC(246) Phantom: 621 encountered, 597 discovered, 0 enqueued
[2026-04-03T02:22:13.509+0600][84.517s][info][gc,reloc    ] GC(246) Small Pages: 182 / 364M, Empty: 72M, Relocated: 6M, In-Place: 0
[2026-04-03T02:22:13.509+0600][84.517s][info][gc,reloc    ] GC(246) Medium Pages: 4 / 64M, Empty: 48M, Relocated: 0M, In-Place: 0
[2026-04-03T02:22:13.509+0600][84.517s][info][gc,reloc    ] GC(246) Large Pages: 6 / 34M, Empty: 30M, Relocated: 0M, In-Place: 0
[2026-04-03T02:22:13.509+0600][84.517s][info][gc,reloc    ] GC(246) Forwarding Usage: 1M
[2026-04-03T02:22:13.509+0600][84.517s][info][gc,heap     ] GC(246) Min Capacity: 8M(1%)
[2026-04-03T02:22:13.509+0600][84.517s][info][gc,heap     ] GC(246) Max Capacity: 1000M(100%)
[2026-04-03T02:22:13.509+0600][84.517s][info][gc,heap     ] GC(246) Soft Max Capacity: 1000M(100%)
[2026-04-03T02:22:13.509+0600][84.517s][info][gc,heap     ] GC(246)                Mark Start          Mark End        Relocate Start      Relocate End           High               Low         
[2026-04-03T02:22:13.509+0600][84.517s][info][gc,heap     ] GC(246)  Capacity:     1000M (100%)       1000M (100%)       1000M (100%)       1000M (100%)       1000M (100%)       1000M (100%)   
[2026-04-03T02:22:13.509+0600][84.517s][info][gc,heap     ] GC(246)      Free:      538M (54%)         340M (34%)         434M (43%)         596M (60%)         602M (60%)         284M (28%)    
[2026-04-03T02:22:13.509+0600][84.517s][info][gc,heap     ] GC(246)      Used:      462M (46%)         660M (66%)         566M (57%)         404M (40%)         716M (72%)         398M (40%)    
[2026-04-03T02:22:13.509+0600][84.517s][info][gc,heap     ] GC(246)      Live:         -               109M (11%)         109M (11%)         109M (11%)            -                  -          
[2026-04-03T02:22:13.509+0600][84.517s][info][gc,heap     ] GC(246) Allocated:         -               198M (20%)         254M (25%)         269M (27%)            -                  -          
[2026-04-03T02:22:13.509+0600][84.517s][info][gc,heap     ] GC(246)   Garbage:         -               352M (35%)         202M (20%)          24M (2%)             -                  -          
[2026-04-03T02:22:13.509+0600][84.517s][info][gc,heap     ] GC(246) Reclaimed:         -                  -               150M (15%)         327M (33%)            -                  -          
[2026-04-03T02:22:13.509+0600][84.517s][info][gc          ] GC(246) Garbage Collection (Allocation Rate) 462M(46%)->404M(40%)
[2026-04-03T02:22:13.596+0600][84.604s][info][gc,start    ] GC(247) Garbage Collection (Allocation Rate)
[2026-04-03T02:22:13.596+0600][84.604s][info][gc,task     ] GC(247) Using 3 workers
[2026-04-03T02:22:13.596+0600][84.604s][info][gc,phases   ] GC(247) Pause Mark Start 0.015ms
[2026-04-03T02:22:13.712+0600][84.720s][info][gc,phases   ] GC(247) Concurrent Mark 115.515ms
[2026-04-03T02:22:13.712+0600][84.720s][info][gc,phases   ] GC(247) Pause Mark End 0.037ms
[2026-04-03T02:22:13.712+0600][84.720s][info][gc,phases   ] GC(247) Concurrent Mark Free 0.003ms
[2026-04-03T02:22:13.738+0600][84.746s][info][gc,phases   ] GC(247) Concurrent Process Non-Strong References 25.422ms
[2026-04-03T02:22:13.738+0600][84.746s][info][gc,phases   ] GC(247) Concurrent Reset Relocation Set 0.029ms
[2026-04-03T02:22:13.743+0600][84.751s][info][gc,phases   ] GC(247) Concurrent Select Relocation Set 4.947ms
[2026-04-03T02:22:13.743+0600][84.751s][info][gc,phases   ] GC(247) Pause Relocate Start 0.019ms
[2026-04-03T02:22:13.748+0600][84.756s][info][gc,phases   ] GC(247) Concurrent Relocate 4.330ms
[2026-04-03T02:22:13.748+0600][84.756s][info][gc,load     ] GC(247) Load: 7.08/6.50/5.97
[2026-04-03T02:22:13.748+0600][84.756s][info][gc,mmu      ] GC(247) MMU: 2ms/90.1%, 5ms/96.1%, 10ms/98.0%, 20ms/99.0%, 50ms/99.6%, 100ms/99.7%
[2026-04-03T02:22:13.748+0600][84.756s][info][gc,marking  ] GC(247) Mark: 2 stripe(s), 2 proactive flush(es), 1 terminate flush(es), 0 completion(s), 0 continuation(s) 
[2026-04-03T02:22:13.748+0600][84.756s][info][gc,marking  ] GC(247) Mark Stack Usage: 32M
[2026-04-03T02:22:13.748+0600][84.756s][info][gc,nmethod  ] GC(247) NMethods: 15375 registered, 2534 unregistered
[2026-04-03T02:22:13.748+0600][84.756s][info][gc,metaspace] GC(247) Metaspace: 128M used, 129M committed, 1152M reserved
[2026-04-03T02:22:13.748+0600][84.756s][info][gc,ref      ] GC(247) Soft: 3288 encountered, 0 discovered, 0 enqueued
[2026-04-03T02:22:13.748+0600][84.756s][info][gc,ref      ] GC(247) Weak: 15352 encountered, 8803 discovered, 12 enqueued
[2026-04-03T02:22:13.748+0600][84.756s][info][gc,ref      ] GC(247) Final: 84 encountered, 4 discovered, 0 enqueued
[2026-04-03T02:22:13.748+0600][84.756s][info][gc,ref      ] GC(247) Phantom: 620 encountered, 505 discovered, 0 enqueued
[2026-04-03T02:22:13.748+0600][84.756s][info][gc,reloc    ] GC(247) Small Pages: 193 / 386M, Empty: 134M, Relocated: 3M, In-Place: 0
[2026-04-03T02:22:13.748+0600][84.756s][info][gc,reloc    ] GC(247) Medium Pages: 6 / 96M, Empty: 80M, Relocated: 0M, In-Place: 0
[2026-04-03T02:22:13.748+0600][84.756s][info][gc,reloc    ] GC(247) Large Pages: 8 / 46M, Empty: 42M, Relocated: 0M, In-Place: 0
[2026-04-03T02:22:13.748+0600][84.756s][info][gc,reloc    ] GC(247) Forwarding Usage: 0M
[2026-04-03T02:22:13.748+0600][84.756s][info][gc,heap     ] GC(247) Min Capacity: 8M(1%)
[2026-04-03T02:22:13.748+0600][84.756s][info][gc,heap     ] GC(247) Max Capacity: 1000M(100%)
[2026-04-03T02:22:13.748+0600][84.756s][info][gc,heap     ] GC(247) Soft Max Capacity: 1000M(100%)
[2026-04-03T02:22:13.748+0600][84.756s][info][gc,heap     ] GC(247)                Mark Start          Mark End        Relocate Start      Relocate End           High               Low         
[2026-04-03T02:22:13.748+0600][84.756s][info][gc,heap     ] GC(247)  Capacity:     1000M (100%)       1000M (100%)       1000M (100%)       1000M (100%)       1000M (100%)       1000M (100%)   
[2026-04-03T02:22:13.748+0600][84.756s][info][gc,heap     ] GC(247)      Free:      472M (47%)         334M (33%)         558M (56%)         692M (69%)         692M (69%)         308M (31%)    
[2026-04-03T02:22:13.748+0600][84.756s][info][gc,heap     ] GC(247)      Used:      528M (53%)         666M (67%)         442M (44%)         308M (31%)         692M (69%)         308M (31%)    
[2026-04-03T02:22:13.748+0600][84.756s][info][gc,heap     ] GC(247)      Live:         -               107M (11%)         107M (11%)         107M (11%)            -                  -          
[2026-04-03T02:22:13.748+0600][84.756s][info][gc,heap     ] GC(247) Allocated:         -               138M (14%)         170M (17%)         175M (18%)            -                  -          
[2026-04-03T02:22:13.748+0600][84.757s][info][gc,heap     ] GC(247)   Garbage:         -               420M (42%)         164M (16%)          24M (2%)             -                  -          
[2026-04-03T02:22:13.748+0600][84.757s][info][gc,heap     ] GC(247) Reclaimed:         -                  -               256M (26%)         395M (40%)            -                  -          
[2026-04-03T02:22:13.748+0600][84.757s][info][gc          ] GC(247) Garbage Collection (Allocation Rate) 528M(53%)->308M(31%)
[2026-04-03T02:22:13.996+0600][85.004s][info][gc,start    ] GC(248) Garbage Collection (Allocation Rate)
[2026-04-03T02:22:13.996+0600][85.004s][info][gc,task     ] GC(248) Using 3 workers
[2026-04-03T02:22:13.996+0600][85.004s][info][gc,phases   ] GC(248) Pause Mark Start 0.019ms
[2026-04-03T02:22:14.080+0600][85.088s][info][gc,phases   ] GC(248) Concurrent Mark 83.569ms
[2026-04-03T02:22:14.080+0600][85.088s][info][gc,phases   ] GC(248) Pause Mark End 0.024ms
[2026-04-03T02:22:14.080+0600][85.088s][info][gc,phases   ] GC(248) Concurrent Mark Free 0.002ms
[2026-04-03T02:22:14.095+0600][85.104s][info][gc,phases   ] GC(248) Concurrent Process Non-Strong References 15.040ms
[2026-04-03T02:22:14.096+0600][85.104s][info][gc,phases   ] GC(248) Concurrent Reset Relocation Set 0.009ms
[2026-04-03T02:22:14.099+0600][85.107s][info][gc,phases   ] GC(248) Concurrent Select Relocation Set 3.784ms
[2026-04-03T02:22:14.100+0600][85.108s][info][gc,phases   ] GC(248) Pause Relocate Start 0.014ms
[2026-04-03T02:22:14.102+0600][85.110s][info][gc,phases   ] GC(248) Concurrent Relocate 2.555ms
[2026-04-03T02:22:14.102+0600][85.110s][info][gc,load     ] GC(248) Load: 7.08/6.50/5.97
[2026-04-03T02:22:14.102+0600][85.110s][info][gc,mmu      ] GC(248) MMU: 2ms/90.1%, 5ms/96.1%, 10ms/98.0%, 20ms/99.0%, 50ms/99.6%, 100ms/99.7%
[2026-04-03T02:22:14.102+0600][85.110s][info][gc,marking  ] GC(248) Mark: 2 stripe(s), 3 proactive flush(es), 1 terminate flush(es), 0 completion(s), 0 continuation(s) 
[2026-04-03T02:22:14.102+0600][85.110s][info][gc,marking  ] GC(248) Mark Stack Usage: 32M
[2026-04-03T02:22:14.102+0600][85.110s][info][gc,nmethod  ] GC(248) NMethods: 15376 registered, 2542 unregistered
[2026-04-03T02:22:14.102+0600][85.110s][info][gc,metaspace] GC(248) Metaspace: 128M used, 129M committed, 1152M reserved
[2026-04-03T02:22:14.102+0600][85.110s][info][gc,ref      ] GC(248) Soft: 3292 encountered, 0 discovered, 0 enqueued
[2026-04-03T02:22:14.102+0600][85.110s][info][gc,ref      ] GC(248) Weak: 15917 encountered, 5793 discovered, 1423 enqueued
[2026-04-03T02:22:14.102+0600][85.110s][info][gc,ref      ] GC(248) Final: 84 encountered, 0 discovered, 0 enqueued
[2026-04-03T02:22:14.102+0600][85.110s][info][gc,ref      ] GC(248) Phantom: 620 encountered, 507 discovered, 0 enqueued
[2026-04-03T02:22:14.102+0600][85.110s][info][gc,reloc    ] GC(248) Small Pages: 252 / 504M, Empty: 144M, Relocated: 3M, In-Place: 0
[2026-04-03T02:22:14.102+0600][85.110s][info][gc,reloc    ] GC(248) Medium Pages: 6 / 96M, Empty: 80M, Relocated: 0M, In-Place: 0
[2026-04-03T02:22:14.102+0600][85.111s][info][gc,reloc    ] GC(248) Large Pages: 10 / 58M, Empty: 54M, Relocated: 0M, In-Place: 0
[2026-04-03T02:22:14.102+0600][85.111s][info][gc,reloc    ] GC(248) Forwarding Usage: 0M
[2026-04-03T02:22:14.102+0600][85.111s][info][gc,heap     ] GC(248) Min Capacity: 8M(1%)
[2026-04-03T02:22:14.102+0600][85.111s][info][gc,heap     ] GC(248) Max Capacity: 1000M(100%)
[2026-04-03T02:22:14.102+0600][85.111s][info][gc,heap     ] GC(248) Soft Max Capacity: 1000M(100%)
[2026-04-03T02:22:14.102+0600][85.111s][info][gc,heap     ] GC(248)                Mark Start          Mark End        Relocate Start      Relocate End           High               Low         
[2026-04-03T02:22:14.102+0600][85.111s][info][gc,heap     ] GC(248)  Capacity:     1000M (100%)       1000M (100%)       1000M (100%)       1000M (100%)       1000M (100%)       1000M (100%)   
[2026-04-03T02:22:14.102+0600][85.111s][info][gc,heap     ] GC(248)      Free:      342M (34%)         270M (27%)         530M (53%)         772M (77%)         772M (77%)         262M (26%)    
[2026-04-03T02:22:14.103+0600][85.111s][info][gc,heap     ] GC(248)      Used:      658M (66%)         730M (73%)         470M (47%)         228M (23%)         738M (74%)         228M (23%)    
[2026-04-03T02:22:14.103+0600][85.111s][info][gc,heap     ] GC(248)      Live:         -               110M (11%)         110M (11%)         110M (11%)            -                  -          
[2026-04-03T02:22:14.103+0600][85.111s][info][gc,heap     ] GC(248) Allocated:         -                72M (7%)           90M (9%)           89M (9%)             -                  -          
[2026-04-03T02:22:14.103+0600][85.111s][info][gc,heap     ] GC(248)   Garbage:         -               547M (55%)         269M (27%)          27M (3%)             -                  -          
[2026-04-03T02:22:14.103+0600][85.111s][info][gc,heap     ] GC(248) Reclaimed:         -                  -               278M (28%)         519M (52%)            -                  -          
[2026-04-03T02:22:14.103+0600][85.111s][info][gc          ] GC(248) Garbage Collection (Allocation Rate) 658M(66%)->228M(23%)
[2026-04-03T02:22:14.296+0600][85.304s][info][gc,start    ] GC(249) Garbage Collection (Allocation Rate)
[2026-04-03T02:22:14.296+0600][85.304s][info][gc,task     ] GC(249) Using 3 workers
[2026-04-03T02:22:14.296+0600][85.304s][info][gc,phases   ] GC(249) Pause Mark Start 0.017ms
[2026-04-03T02:22:14.413+0600][85.421s][info][gc,phases   ] GC(249) Concurrent Mark 116.733ms
[2026-04-03T02:22:14.413+0600][85.421s][info][gc,phases   ] GC(249) Pause Mark End 0.038ms
[2026-04-03T02:22:14.414+0600][85.422s][info][gc,phases   ] GC(249) Concurrent Mark Free 0.002ms
[2026-04-03T02:22:14.453+0600][85.461s][info][gc,phases   ] GC(249) Concurrent Process Non-Strong References 39.783ms
[2026-04-03T02:22:14.453+0600][85.462s][info][gc,phases   ] GC(249) Concurrent Reset Relocation Set 0.016ms
[2026-04-03T02:22:14.458+0600][85.466s][info][gc,phases   ] GC(249) Concurrent Select Relocation Set 4.095ms
[2026-04-03T02:22:14.458+0600][85.466s][info][gc,phases   ] GC(249) Pause Relocate Start 0.018ms
[2026-04-03T02:22:14.462+0600][85.470s][info][gc,phases   ] GC(249) Concurrent Relocate 4.331ms
[2026-04-03T02:22:14.462+0600][85.471s][info][gc,load     ] GC(249) Load: 7.08/6.50/5.97
[2026-04-03T02:22:14.463+0600][85.471s][info][gc,mmu      ] GC(249) MMU: 2ms/90.1%, 5ms/96.1%, 10ms/98.0%, 20ms/99.0%, 50ms/99.6%, 100ms/99.7%
[2026-04-03T02:22:14.463+0600][85.471s][info][gc,marking  ] GC(249) Mark: 2 stripe(s), 2 proactive flush(es), 1 terminate flush(es), 0 completion(s), 0 continuation(s) 
[2026-04-03T02:22:14.463+0600][85.471s][info][gc,marking  ] GC(249) Mark Stack Usage: 32M
[2026-04-03T02:22:14.463+0600][85.471s][info][gc,nmethod  ] GC(249) NMethods: 15382 registered, 2546 unregistered
[2026-04-03T02:22:14.463+0600][85.471s][info][gc,metaspace] GC(249) Metaspace: 128M used, 129M committed, 1152M reserved
[2026-04-03T02:22:14.463+0600][85.471s][info][gc,ref      ] GC(249) Soft: 3366 encountered, 0 discovered, 0 enqueued
[2026-04-03T02:22:14.463+0600][85.471s][info][gc,ref      ] GC(249) Weak: 15139 encountered, 4323 discovered, 336 enqueued
[2026-04-03T02:22:14.463+0600][85.471s][info][gc,ref      ] GC(249) Final: 84 encountered, 0 discovered, 0 enqueued
[2026-04-03T02:22:14.463+0600][85.471s][info][gc,ref      ] GC(249) Phantom: 620 encountered, 316 discovered, 0 enqueued
[2026-04-03T02:22:14.463+0600][85.471s][info][gc,reloc    ] GC(249) Small Pages: 208 / 416M, Empty: 118M, Relocated: 4M, In-Place: 0
[2026-04-03T02:22:14.463+0600][85.471s][info][gc,reloc    ] GC(249) Medium Pages: 3 / 48M, Empty: 32M, Relocated: 0M, In-Place: 0
[2026-04-03T02:22:14.463+0600][85.471s][info][gc,reloc    ] GC(249) Large Pages: 8 / 46M, Empty: 42M, Relocated: 0M, In-Place: 0
[2026-04-03T02:22:14.463+0600][85.471s][info][gc,reloc    ] GC(249) Forwarding Usage: 1M
[2026-04-03T02:22:14.463+0600][85.471s][info][gc,heap     ] GC(249) Min Capacity: 8M(1%)
[2026-04-03T02:22:14.463+0600][85.471s][info][gc,heap     ] GC(249) Max Capacity: 1000M(100%)
[2026-04-03T02:22:14.463+0600][85.471s][info][gc,heap     ] GC(249) Soft Max Capacity: 1000M(100%)
[2026-04-03T02:22:14.463+0600][85.471s][info][gc,heap     ] GC(249)                Mark Start          Mark End        Relocate Start      Relocate End           High               Low         
[2026-04-03T02:22:14.463+0600][85.471s][info][gc,heap     ] GC(249)  Capacity:     1000M (100%)       1000M (100%)       1000M (100%)       1000M (100%)       1000M (100%)       1000M (100%)   
[2026-04-03T02:22:14.463+0600][85.471s][info][gc,heap     ] GC(249)      Free:      490M (49%)         298M (30%)         470M (47%)         644M (64%)         644M (64%)         280M (28%)    
[2026-04-03T02:22:14.463+0600][85.471s][info][gc,heap     ] GC(249)      Used:      510M (51%)         702M (70%)         530M (53%)         356M (36%)         720M (72%)         356M (36%)    
[2026-04-03T02:22:14.463+0600][85.471s][info][gc,heap     ] GC(249)      Live:         -               110M (11%)         110M (11%)         110M (11%)            -                  -          
[2026-04-03T02:22:14.463+0600][85.471s][info][gc,heap     ] GC(249) Allocated:         -               192M (19%)         212M (21%)         217M (22%)            -                  -          
[2026-04-03T02:22:14.463+0600][85.471s][info][gc,heap     ] GC(249)   Garbage:         -               399M (40%)         207M (21%)          27M (3%)             -                  -          
[2026-04-03T02:22:14.463+0600][85.471s][info][gc,heap     ] GC(249) Reclaimed:         -                  -               192M (19%)         371M (37%)            -                  -          
[2026-04-03T02:22:14.463+0600][85.471s][info][gc          ] GC(249) Garbage Collection (Allocation Rate) 510M(51%)->356M(36%)
[2026-04-03T02:22:14.495+0600][85.503s][info][gc,start    ] GC(250) Garbage Collection (Allocation Rate)
[2026-04-03T02:22:14.495+0600][85.503s][info][gc,task     ] GC(250) Using 3 workers
[2026-04-03T02:22:14.496+0600][85.504s][info][gc,phases   ] GC(250) Pause Mark Start 0.021ms
[2026-04-03T02:22:14.588+0600][85.596s][info][gc,phases   ] GC(250) Concurrent Mark 92.206ms
[2026-04-03T02:22:14.588+0600][85.596s][info][gc,phases   ] GC(250) Pause Mark End 0.037ms
[2026-04-03T02:22:14.589+0600][85.597s][info][gc,phases   ] GC(250) Concurrent Mark Free 0.004ms
[2026-04-03T02:22:14.611+0600][85.619s][info][gc,phases   ] GC(250) Concurrent Process Non-Strong References 22.621ms
[2026-04-03T02:22:14.611+0600][85.620s][info][gc,phases   ] GC(250) Concurrent Reset Relocation Set 0.026ms
[2026-04-03T02:22:14.617+0600][85.625s][info][gc,phases   ] GC(250) Concurrent Select Relocation Set 5.017ms
[2026-04-03T02:22:14.617+0600][85.625s][info][gc,phases   ] GC(250) Pause Relocate Start 0.019ms
[2026-04-03T02:22:14.625+0600][85.633s][info][gc,phases   ] GC(250) Concurrent Relocate 7.818ms
[2026-04-03T02:22:14.625+0600][85.633s][info][gc,load     ] GC(250) Load: 7.08/6.50/5.97
[2026-04-03T02:22:14.625+0600][85.633s][info][gc,mmu      ] GC(250) MMU: 2ms/90.1%, 5ms/96.1%, 10ms/98.0%, 20ms/99.0%, 50ms/99.6%, 100ms/99.7%
[2026-04-03T02:22:14.625+0600][85.633s][info][gc,marking  ] GC(250) Mark: 2 stripe(s), 2 proactive flush(es), 1 terminate flush(es), 0 completion(s), 0 continuation(s) 
[2026-04-03T02:22:14.625+0600][85.633s][info][gc,marking  ] GC(250) Mark Stack Usage: 32M
[2026-04-03T02:22:14.625+0600][85.633s][info][gc,nmethod  ] GC(250) NMethods: 15383 registered, 2550 unregistered
[2026-04-03T02:22:14.625+0600][85.633s][info][gc,metaspace] GC(250) Metaspace: 128M used, 129M committed, 1152M reserved
[2026-04-03T02:22:14.625+0600][85.633s][info][gc,ref      ] GC(250) Soft: 3385 encountered, 0 discovered, 0 enqueued
[2026-04-03T02:22:14.625+0600][85.633s][info][gc,ref      ] GC(250) Weak: 15039 encountered, 5493 discovered, 555 enqueued
[2026-04-03T02:22:14.625+0600][85.633s][info][gc,ref      ] GC(250) Final: 84 encountered, 0 discovered, 0 enqueued
[2026-04-03T02:22:14.625+0600][85.633s][info][gc,ref      ] GC(250) Phantom: 620 encountered, 386 discovered, 0 enqueued
[2026-04-03T02:22:14.625+0600][85.633s][info][gc,reloc    ] GC(250) Small Pages: 159 / 318M, Empty: 134M, Relocated: 6M, In-Place: 0
[2026-04-03T02:22:14.625+0600][85.633s][info][gc,reloc    ] GC(250) Medium Pages: 2 / 32M, Empty: 16M, Relocated: 0M, In-Place: 0
[2026-04-03T02:22:14.625+0600][85.633s][info][gc,reloc    ] GC(250) Large Pages: 4 / 22M, Empty: 18M, Relocated: 0M, In-Place: 0
[2026-04-03T02:22:14.625+0600][85.633s][info][gc,reloc    ] GC(250) Forwarding Usage: 2M
[2026-04-03T02:22:14.625+0600][85.633s][info][gc,heap     ] GC(250) Min Capacity: 8M(1%)
[2026-04-03T02:22:14.625+0600][85.633s][info][gc,heap     ] GC(250) Max Capacity: 1000M(100%)
[2026-04-03T02:22:14.625+0600][85.633s][info][gc,heap     ] GC(250) Soft Max Capacity: 1000M(100%)
[2026-04-03T02:22:14.625+0600][85.633s][info][gc,heap     ] GC(250)                Mark Start          Mark End        Relocate Start      Relocate End           High               Low         
[2026-04-03T02:22:14.625+0600][85.633s][info][gc,heap     ] GC(250)  Capacity:     1000M (100%)       1000M (100%)       1000M (100%)       1000M (100%)       1000M (100%)       1000M (100%)   
[2026-04-03T02:22:14.625+0600][85.633s][info][gc,heap     ] GC(250)      Free:      628M (63%)         360M (36%)         334M (33%)         382M (38%)         628M (63%)         200M (20%)    
[2026-04-03T02:22:14.625+0600][85.633s][info][gc,heap     ] GC(250)      Used:      372M (37%)         640M (64%)         666M (67%)         618M (62%)         800M (80%)         372M (37%)    
[2026-04-03T02:22:14.625+0600][85.633s][info][gc,heap     ] GC(250)      Live:         -               108M (11%)         108M (11%)         108M (11%)            -                  -          
[2026-04-03T02:22:14.625+0600][85.633s][info][gc,heap     ] GC(250) Allocated:         -               268M (27%)         462M (46%)         483M (48%)            -                  -          
[2026-04-03T02:22:14.625+0600][85.633s][info][gc,heap     ] GC(250)   Garbage:         -               263M (26%)          95M (10%)          25M (3%)             -                  -          
[2026-04-03T02:22:14.625+0600][85.633s][info][gc,heap     ] GC(250) Reclaimed:         -                  -               168M (17%)         237M (24%)            -                  -          
[2026-04-03T02:22:14.625+0600][85.633s][info][gc          ] GC(250) Garbage Collection (Allocation Rate) 372M(37%)->618M(62%)
[2026-04-03T02:22:14.696+0600][85.704s][info][gc,start    ] GC(251) Garbage Collection (Allocation Rate)
[2026-04-03T02:22:14.696+0600][85.704s][info][gc,task     ] GC(251) Using 3 workers
[2026-04-03T02:22:14.696+0600][85.704s][info][gc,phases   ] GC(251) Pause Mark Start 0.009ms
[2026-04-03T02:22:14.797+0600][85.805s][info][gc,phases   ] GC(251) Concurrent Mark 101.320ms
[2026-04-03T02:22:14.798+0600][85.806s][info][gc,phases   ] GC(251) Pause Mark End 0.022ms
[2026-04-03T02:22:14.798+0600][85.806s][info][gc,phases   ] GC(251) Concurrent Mark Free 0.002ms
[2026-04-03T02:22:14.811+0600][85.819s][info][gc,phases   ] GC(251) Concurrent Process Non-Strong References 13.505ms
[2026-04-03T02:22:14.811+0600][85.819s][info][gc,phases   ] GC(251) Concurrent Reset Relocation Set 0.005ms
[2026-04-03T02:22:14.811+0600][85.820s][info][gc          ] Allocation Stall (Executor task launch worker for task 1.0 in stage 3759.0 (TID 6968)) 41.649ms
[2026-04-03T02:22:14.811+0600][85.820s][info][gc          ] Allocation Stall (Executor task launch worker for task 0.0 in stage 3759.0 (TID 6967)) 40.540ms
[2026-04-03T02:22:14.812+0600][85.820s][info][gc          ] Allocation Stall (Executor task launch worker for task 2.0 in stage 3759.0 (TID 6969)) 41.114ms
[2026-04-03T02:22:14.812+0600][85.820s][info][gc          ] Allocation Stall (Executor task launch worker for task 3.0 in stage 3759.0 (TID 6970)) 39.161ms
[2026-04-03T02:22:14.815+0600][85.823s][info][gc,phases   ] GC(251) Concurrent Select Relocation Set 3.409ms
[2026-04-03T02:22:14.815+0600][85.823s][info][gc,phases   ] GC(251) Pause Relocate Start 0.017ms
[2026-04-03T02:22:14.824+0600][85.832s][info][gc,phases   ] GC(251) Concurrent Relocate 8.776ms
[2026-04-03T02:22:14.824+0600][85.832s][info][gc,load     ] GC(251) Load: 7.24/6.54/5.99
[2026-04-03T02:22:14.824+0600][85.832s][info][gc,mmu      ] GC(251) MMU: 2ms/90.1%, 5ms/96.1%, 10ms/98.0%, 20ms/99.0%, 50ms/99.6%, 100ms/99.7%
[2026-04-03T02:22:14.824+0600][85.832s][info][gc,marking  ] GC(251) Mark: 2 stripe(s), 2 proactive flush(es), 1 terminate flush(es), 0 completion(s), 0 continuation(s) 
[2026-04-03T02:22:14.824+0600][85.832s][info][gc,marking  ] GC(251) Mark Stack Usage: 32M
[2026-04-03T02:22:14.824+0600][85.832s][info][gc,nmethod  ] GC(251) NMethods: 15382 registered, 2555 unregistered
[2026-04-03T02:22:14.824+0600][85.832s][info][gc,metaspace] GC(251) Metaspace: 128M used, 129M committed, 1152M reserved
[2026-04-03T02:22:14.824+0600][85.832s][info][gc,ref      ] GC(251) Soft: 3390 encountered, 0 discovered, 0 enqueued
[2026-04-03T02:22:14.824+0600][85.832s][info][gc,ref      ] GC(251) Weak: 14737 encountered, 5540 discovered, 233 enqueued
[2026-04-03T02:22:14.824+0600][85.832s][info][gc,ref      ] GC(251) Final: 84 encountered, 0 discovered, 0 enqueued
[2026-04-03T02:22:14.824+0600][85.832s][info][gc,ref      ] GC(251) Phantom: 620 encountered, 511 discovered, 0 enqueued
[2026-04-03T02:22:14.824+0600][85.832s][info][gc,reloc    ] GC(251) Small Pages: 137 / 274M, Empty: 26M, Relocated: 10M, In-Place: 0
[2026-04-03T02:22:14.824+0600][85.832s][info][gc,reloc    ] GC(251) Medium Pages: 3 / 48M, Empty: 16M, Relocated: 6M, In-Place: 0
[2026-04-03T02:22:14.824+0600][85.832s][info][gc,reloc    ] GC(251) Large Pages: 68 / 406M, Empty: 402M, Relocated: 0M, In-Place: 0
[2026-04-03T02:22:14.824+0600][85.832s][info][gc,reloc    ] GC(251) Forwarding Usage: 3M
[2026-04-03T02:22:14.824+0600][85.832s][info][gc,heap     ] GC(251) Min Capacity: 8M(1%)
[2026-04-03T02:22:14.824+0600][85.832s][info][gc,heap     ] GC(251) Max Capacity: 1000M(100%)
[2026-04-03T02:22:14.824+0600][85.832s][info][gc,heap     ] GC(251) Soft Max Capacity: 1000M(100%)
[2026-04-03T02:22:14.824+0600][85.832s][info][gc,heap     ] GC(251)                Mark Start          Mark End        Relocate Start      Relocate End           High               Low         
[2026-04-03T02:22:14.824+0600][85.833s][info][gc,heap     ] GC(251)  Capacity:     1000M (100%)       1000M (100%)       1000M (100%)       1000M (100%)       1000M (100%)       1000M (100%)   
[2026-04-03T02:22:14.824+0600][85.833s][info][gc,heap     ] GC(251)      Free:      272M (27%)           2M (0%)          408M (41%)         466M (47%)         514M (51%)           2M (0%)     
[2026-04-03T02:22:14.824+0600][85.833s][info][gc,heap     ] GC(251)      Used:      728M (73%)         998M (100%)        592M (59%)         534M (53%)         998M (100%)        486M (49%)    
[2026-04-03T02:22:14.824+0600][85.833s][info][gc,heap     ] GC(251)      Live:         -               105M (11%)         105M (11%)         105M (11%)            -                  -          
[2026-04-03T02:22:14.825+0600][85.833s][info][gc,heap     ] GC(251) Allocated:         -               270M (27%)         308M (31%)         403M (40%)            -                  -          
[2026-04-03T02:22:14.825+0600][85.833s][info][gc,heap     ] GC(251)   Garbage:         -               622M (62%)         178M (18%)          24M (2%)             -                  -          
[2026-04-03T02:22:14.825+0600][85.833s][info][gc,heap     ] GC(251) Reclaimed:         -                  -               444M (44%)         597M (60%)            -                  -          
[2026-04-03T02:22:14.825+0600][85.833s][info][gc          ] GC(251) Garbage Collection (Allocation Rate) 728M(73%)->534M(53%)
[2026-04-03T02:22:14.896+0600][85.904s][info][gc,start    ] GC(252) Garbage Collection (Allocation Stall)
[2026-04-03T02:22:14.896+0600][85.904s][info][gc,ref      ] GC(252) Clearing All SoftReferences
[2026-04-03T02:22:14.896+0600][85.904s][info][gc,task     ] GC(252) Using 3 workers
[2026-04-03T02:22:14.896+0600][85.904s][info][gc,ref      ] GC(252) Clearing All SoftReferences
[2026-04-03T02:22:14.896+0600][85.904s][info][gc,phases   ] GC(252) Pause Mark Start 0.064ms
[2026-04-03T02:22:15.011+0600][86.019s][info][gc,phases   ] GC(252) Concurrent Mark 115.194ms
[2026-04-03T02:22:15.011+0600][86.020s][info][gc,phases   ] GC(252) Pause Mark End 0.029ms
[2026-04-03T02:22:15.012+0600][86.020s][info][gc,phases   ] GC(252) Concurrent Mark Free 0.002ms
[2026-04-03T02:22:15.046+0600][86.054s][info][gc,phases   ] GC(252) Concurrent Process Non-Strong References 34.715ms
[2026-04-03T02:22:15.046+0600][86.054s][info][gc,phases   ] GC(252) Concurrent Reset Relocation Set 0.010ms
[2026-04-03T02:22:15.051+0600][86.059s][info][gc,phases   ] GC(252) Concurrent Select Relocation Set 4.450ms
[2026-04-03T02:22:15.051+0600][86.059s][info][gc,phases   ] GC(252) Pause Relocate Start 0.014ms
[2026-04-03T02:22:15.052+0600][86.060s][info][gc,phases   ] GC(252) Concurrent Relocate 0.918ms
[2026-04-03T02:22:15.052+0600][86.060s][info][gc,load     ] GC(252) Load: 7.24/6.54/5.99
[2026-04-03T02:22:15.052+0600][86.060s][info][gc,mmu      ] GC(252) MMU: 2ms/90.1%, 5ms/96.1%, 10ms/98.0%, 20ms/99.0%, 50ms/99.6%, 100ms/99.7%
[2026-04-03T02:22:15.052+0600][86.060s][info][gc,marking  ] GC(252) Mark: 2 stripe(s), 2 proactive flush(es), 1 terminate flush(es), 0 completion(s), 0 continuation(s) 
[2026-04-03T02:22:15.052+0600][86.060s][info][gc,marking  ] GC(252) Mark Stack Usage: 32M
[2026-04-03T02:22:15.052+0600][86.060s][info][gc,nmethod  ] GC(252) NMethods: 15386 registered, 2560 unregistered
[2026-04-03T02:22:15.052+0600][86.060s][info][gc,metaspace] GC(252) Metaspace: 128M used, 129M committed, 1152M reserved
[2026-04-03T02:22:15.052+0600][86.060s][info][gc,ref      ] GC(252) Soft: 3355 encountered, 757 discovered, 112 enqueued
[2026-04-03T02:22:15.052+0600][86.060s][info][gc,ref      ] GC(252) Weak: 14698 encountered, 4487 discovered, 175 enqueued
[2026-04-03T02:22:15.052+0600][86.060s][info][gc,ref      ] GC(252) Final: 84 encountered, 0 discovered, 0 enqueued
[2026-04-03T02:22:15.052+0600][86.060s][info][gc,ref      ] GC(252) Phantom: 620 encountered, 357 discovered, 0 enqueued
[2026-04-03T02:22:15.052+0600][86.060s][info][gc,reloc    ] GC(252) Small Pages: 105 / 210M, Empty: 16M, Relocated: 1M, In-Place: 0
[2026-04-03T02:22:15.052+0600][86.060s][info][gc,reloc    ] GC(252) Medium Pages: 2 / 32M, Empty: 16M, Relocated: 0M, In-Place: 0
[2026-04-03T02:22:15.052+0600][86.060s][info][gc,reloc    ] GC(252) Large Pages: 67 / 400M, Empty: 396M, Relocated: 0M, In-Place: 0
[2026-04-03T02:22:15.052+0600][86.060s][info][gc,reloc    ] GC(252) Forwarding Usage: 0M
[2026-04-03T02:22:15.052+0600][86.060s][info][gc,heap     ] GC(252) Min Capacity: 8M(1%)
[2026-04-03T02:22:15.052+0600][86.060s][info][gc,heap     ] GC(252) Max Capacity: 1000M(100%)
[2026-04-03T02:22:15.052+0600][86.060s][info][gc,heap     ] GC(252) Soft Max Capacity: 1000M(100%)
[2026-04-03T02:22:15.052+0600][86.060s][info][gc,heap     ] GC(252)                Mark Start          Mark End        Relocate Start      Relocate End           High               Low         
[2026-04-03T02:22:15.052+0600][86.060s][info][gc,heap     ] GC(252)  Capacity:     1000M (100%)       1000M (100%)       1000M (100%)       1000M (100%)       1000M (100%)       1000M (100%)   
[2026-04-03T02:22:15.052+0600][86.061s][info][gc,heap     ] GC(252)      Free:      358M (36%)         234M (23%)         646M (65%)         728M (73%)         728M (73%)         224M (22%)    
[2026-04-03T02:22:15.052+0600][86.061s][info][gc,heap     ] GC(252)      Used:      642M (64%)         766M (77%)         354M (35%)         272M (27%)         776M (78%)         272M (27%)    
[2026-04-03T02:22:15.052+0600][86.061s][info][gc,heap     ] GC(252)      Live:         -               105M (11%)         105M (11%)         105M (11%)            -                  -          
[2026-04-03T02:22:15.052+0600][86.061s][info][gc,heap     ] GC(252) Allocated:         -               124M (12%)         140M (14%)         139M (14%)            -                  -          
[2026-04-03T02:22:15.052+0600][86.061s][info][gc,heap     ] GC(252)   Garbage:         -               536M (54%)         108M (11%)          26M (3%)             -                  -          
[2026-04-03T02:22:15.053+0600][86.061s][info][gc,heap     ] GC(252) Reclaimed:         -                  -               428M (43%)         509M (51%)            -                  -          
[2026-04-03T02:22:15.053+0600][86.061s][info][gc          ] GC(252) Garbage Collection (Allocation Stall) 642M(64%)->272M(27%)
[2026-04-03T02:22:15.096+0600][86.104s][info][gc,start    ] GC(253) Garbage Collection (Allocation Rate)
[2026-04-03T02:22:15.096+0600][86.104s][info][gc,task     ] GC(253) Using 3 workers
[2026-04-03T02:22:15.096+0600][86.104s][info][gc,phases   ] GC(253) Pause Mark Start 0.025ms
[2026-04-03T02:22:15.185+0600][86.193s][info][gc,phases   ] GC(253) Concurrent Mark 88.608ms
[2026-04-03T02:22:15.185+0600][86.193s][info][gc,phases   ] GC(253) Pause Mark End 0.030ms
[2026-04-03T02:22:15.185+0600][86.193s][info][gc,phases   ] GC(253) Concurrent Mark Free 0.003ms
[2026-04-03T02:22:15.200+0600][86.208s][info][gc,phases   ] GC(253) Concurrent Process Non-Strong References 14.646ms
[2026-04-03T02:22:15.200+0600][86.208s][info][gc,phases   ] GC(253) Concurrent Reset Relocation Set 0.007ms
[2026-04-03T02:22:15.203+0600][86.211s][info][gc,phases   ] GC(253) Concurrent Select Relocation Set 2.600ms
[2026-04-03T02:22:15.203+0600][86.211s][info][gc,phases   ] GC(253) Pause Relocate Start 0.014ms
[2026-04-03T02:22:15.204+0600][86.212s][info][gc,phases   ] GC(253) Concurrent Relocate 1.008ms
[2026-04-03T02:22:15.204+0600][86.212s][info][gc,load     ] GC(253) Load: 7.24/6.54/5.99
[2026-04-03T02:22:15.204+0600][86.212s][info][gc,mmu      ] GC(253) MMU: 2ms/90.1%, 5ms/96.1%, 10ms/98.0%, 20ms/99.0%, 50ms/99.6%, 100ms/99.7%
[2026-04-03T02:22:15.204+0600][86.212s][info][gc,marking  ] GC(253) Mark: 2 stripe(s), 2 proactive flush(es), 1 terminate flush(es), 0 completion(s), 0 continuation(s) 
[2026-04-03T02:22:15.204+0600][86.212s][info][gc,marking  ] GC(253) Mark Stack Usage: 32M
[2026-04-03T02:22:15.204+0600][86.212s][info][gc,nmethod  ] GC(253) NMethods: 15385 registered, 2561 unregistered
[2026-04-03T02:22:15.204+0600][86.212s][info][gc,metaspace] GC(253) Metaspace: 128M used, 129M committed, 1152M reserved
[2026-04-03T02:22:15.204+0600][86.212s][info][gc,ref      ] GC(253) Soft: 3253 encountered, 0 discovered, 0 enqueued
[2026-04-03T02:22:15.204+0600][86.212s][info][gc,ref      ] GC(253) Weak: 14641 encountered, 4563 discovered, 432 enqueued
[2026-04-03T02:22:15.204+0600][86.212s][info][gc,ref      ] GC(253) Final: 84 encountered, 1 discovered, 0 enqueued
[2026-04-03T02:22:15.204+0600][86.212s][info][gc,ref      ] GC(253) Phantom: 620 encountered, 595 discovered, 0 enqueued
[2026-04-03T02:22:15.204+0600][86.212s][info][gc,reloc    ] GC(253) Small Pages: 108 / 216M, Empty: 2M, Relocated: 1M, In-Place: 0
[2026-04-03T02:22:15.204+0600][86.212s][info][gc,reloc    ] GC(253) Medium Pages: 3 / 48M, Empty: 32M, Relocated: 0M, In-Place: 0
[2026-04-03T02:22:15.204+0600][86.212s][info][gc,reloc    ] GC(253) Large Pages: 6 / 34M, Empty: 30M, Relocated: 0M, In-Place: 0
[2026-04-03T02:22:15.204+0600][86.212s][info][gc,reloc    ] GC(253) Forwarding Usage: 0M
[2026-04-03T02:22:15.204+0600][86.212s][info][gc,heap     ] GC(253) Min Capacity: 8M(1%)
[2026-04-03T02:22:15.204+0600][86.212s][info][gc,heap     ] GC(253) Max Capacity: 1000M(100%)
[2026-04-03T02:22:15.204+0600][86.212s][info][gc,heap     ] GC(253) Soft Max Capacity: 1000M(100%)
[2026-04-03T02:22:15.204+0600][86.212s][info][gc,heap     ] GC(253)                Mark Start          Mark End        Relocate Start      Relocate End           High               Low         
[2026-04-03T02:22:15.204+0600][86.212s][info][gc,heap     ] GC(253)  Capacity:     1000M (100%)       1000M (100%)       1000M (100%)       1000M (100%)       1000M (100%)       1000M (100%)   
[2026-04-03T02:22:15.204+0600][86.212s][info][gc,heap     ] GC(253)      Free:      702M (70%)         656M (66%)         696M (70%)         794M (79%)         794M (79%)         632M (63%)    
[2026-04-03T02:22:15.204+0600][86.212s][info][gc,heap     ] GC(253)      Used:      298M (30%)         344M (34%)         304M (30%)         206M (21%)         368M (37%)         206M (21%)    
[2026-04-03T02:22:15.204+0600][86.212s][info][gc,heap     ] GC(253)      Live:         -               106M (11%)         106M (11%)         106M (11%)            -                  -          
[2026-04-03T02:22:15.204+0600][86.212s][info][gc,heap     ] GC(253) Allocated:         -                46M (5%)           70M (7%)           71M (7%)             -                  -          
[2026-04-03T02:22:15.204+0600][86.212s][info][gc,heap     ] GC(253)   Garbage:         -               191M (19%)         127M (13%)          27M (3%)             -                  -          
[2026-04-03T02:22:15.204+0600][86.212s][info][gc,heap     ] GC(253) Reclaimed:         -                  -                64M (6%)          163M (16%)            -                  -          
[2026-04-03T02:22:15.204+0600][86.212s][info][gc          ] GC(253) Garbage Collection (Allocation Rate) 298M(30%)->206M(21%)
[2026-04-03T02:22:15.296+0600][86.304s][info][gc,start    ] GC(254) Garbage Collection (Allocation Rate)
[2026-04-03T02:22:15.296+0600][86.304s][info][gc,task     ] GC(254) Using 3 workers
[2026-04-03T02:22:15.297+0600][86.305s][info][gc,phases   ] GC(254) Pause Mark Start 0.010ms
[2026-04-03T02:22:15.367+0600][86.375s][info][gc,phases   ] GC(254) Concurrent Mark 70.189ms
[2026-04-03T02:22:15.367+0600][86.375s][info][gc,phases   ] GC(254) Pause Mark End 0.028ms
[2026-04-03T02:22:15.367+0600][86.375s][info][gc,phases   ] GC(254) Concurrent Mark Free 0.002ms
[2026-04-03T02:22:15.381+0600][86.389s][info][gc,phases   ] GC(254) Concurrent Process Non-Strong References 13.740ms
[2026-04-03T02:22:15.381+0600][86.389s][info][gc,phases   ] GC(254) Concurrent Reset Relocation Set 0.007ms
[2026-04-03T02:22:15.384+0600][86.392s][info][gc,phases   ] GC(254) Concurrent Select Relocation Set 2.871ms
[2026-04-03T02:22:15.384+0600][86.393s][info][gc,phases   ] GC(254) Pause Relocate Start 0.010ms
[2026-04-03T02:22:15.385+0600][86.393s][info][gc,phases   ] GC(254) Concurrent Relocate 0.738ms
[2026-04-03T02:22:15.385+0600][86.393s][info][gc,load     ] GC(254) Load: 7.24/6.54/5.99
[2026-04-03T02:22:15.385+0600][86.393s][info][gc,mmu      ] GC(254) MMU: 2ms/90.1%, 5ms/96.1%, 10ms/98.0%, 20ms/99.0%, 50ms/99.6%, 100ms/99.7%
[2026-04-03T02:22:15.385+0600][86.393s][info][gc,marking  ] GC(254) Mark: 2 stripe(s), 2 proactive flush(es), 1 terminate flush(es), 0 completion(s), 0 continuation(s) 
[2026-04-03T02:22:15.385+0600][86.393s][info][gc,marking  ] GC(254) Mark Stack Usage: 32M
[2026-04-03T02:22:15.385+0600][86.393s][info][gc,nmethod  ] GC(254) NMethods: 15385 registered, 2561 unregistered
[2026-04-03T02:22:15.385+0600][86.393s][info][gc,metaspace] GC(254) Metaspace: 128M used, 129M committed, 1152M reserved
[2026-04-03T02:22:15.385+0600][86.393s][info][gc,ref      ] GC(254) Soft: 3253 encountered, 0 discovered, 0 enqueued
[2026-04-03T02:22:15.385+0600][86.393s][info][gc,ref      ] GC(254) Weak: 14210 encountered, 4226 discovered, 5 enqueued
[2026-04-03T02:22:15.385+0600][86.393s][info][gc,ref      ] GC(254) Final: 84 encountered, 0 discovered, 0 enqueued
[2026-04-03T02:22:15.385+0600][86.393s][info][gc,ref      ] GC(254) Phantom: 620 encountered, 500 discovered, 0 enqueued
[2026-04-03T02:22:15.385+0600][86.393s][info][gc,reloc    ] GC(254) Small Pages: 116 / 232M, Empty: 12M, Relocated: 1M, In-Place: 0
[2026-04-03T02:22:15.385+0600][86.393s][info][gc,reloc    ] GC(254) Medium Pages: 1 / 16M, Empty: 0M, Relocated: 0M, In-Place: 0
[2026-04-03T02:22:15.385+0600][86.393s][info][gc,reloc    ] GC(254) Large Pages: 1 / 4M, Empty: 0M, Relocated: 0M, In-Place: 0
[2026-04-03T02:22:15.385+0600][86.393s][info][gc,reloc    ] GC(254) Forwarding Usage: 0M
[2026-04-03T02:22:15.385+0600][86.393s][info][gc,heap     ] GC(254) Min Capacity: 8M(1%)
[2026-04-03T02:22:15.385+0600][86.394s][info][gc,heap     ] GC(254) Max Capacity: 1000M(100%)
[2026-04-03T02:22:15.385+0600][86.394s][info][gc,heap     ] GC(254) Soft Max Capacity: 1000M(100%)
[2026-04-03T02:22:15.385+0600][86.394s][info][gc,heap     ] GC(254)                Mark Start          Mark End        Relocate Start      Relocate End           High               Low         
[2026-04-03T02:22:15.385+0600][86.394s][info][gc,heap     ] GC(254)  Capacity:     1000M (100%)       1000M (100%)       1000M (100%)       1000M (100%)       1000M (100%)       1000M (100%)   
[2026-04-03T02:22:15.385+0600][86.394s][info][gc,heap     ] GC(254)      Free:      748M (75%)         714M (71%)         720M (72%)         826M (83%)         826M (83%)         708M (71%)    
[2026-04-03T02:22:15.385+0600][86.394s][info][gc,heap     ] GC(254)      Used:      252M (25%)         286M (29%)         280M (28%)         174M (17%)         292M (29%)         174M (17%)    
[2026-04-03T02:22:15.385+0600][86.394s][info][gc,heap     ] GC(254)      Live:         -               106M (11%)         106M (11%)         106M (11%)            -                  -          
[2026-04-03T02:22:15.385+0600][86.394s][info][gc,heap     ] GC(254) Allocated:         -                34M (3%)           40M (4%)           39M (4%)             -                  -          
[2026-04-03T02:22:15.386+0600][86.394s][info][gc,heap     ] GC(254)   Garbage:         -               145M (15%)         133M (13%)          27M (3%)             -                  -          
[2026-04-03T02:22:15.386+0600][86.394s][info][gc,heap     ] GC(254) Reclaimed:         -                  -                12M (1%)          117M (12%)            -                  -          
[2026-04-03T02:22:15.386+0600][86.394s][info][gc          ] GC(254) Garbage Collection (Allocation Rate) 252M(25%)->174M(17%)
[2026-04-03T02:22:15.595+0600][86.604s][info][gc,start    ] GC(255) Garbage Collection (Allocation Rate)
[2026-04-03T02:22:15.596+0600][86.604s][info][gc,task     ] GC(255) Using 3 workers
[2026-04-03T02:22:15.596+0600][86.604s][info][gc,phases   ] GC(255) Pause Mark Start 0.012ms
[2026-04-03T02:22:15.715+0600][86.723s][info][gc,phases   ] GC(255) Concurrent Mark 118.818ms
[2026-04-03T02:22:15.715+0600][86.724s][info][gc,phases   ] GC(255) Pause Mark End 0.037ms
[2026-04-03T02:22:15.716+0600][86.724s][info][gc,phases   ] GC(255) Concurrent Mark Free 0.002ms
[2026-04-03T02:22:15.738+0600][86.746s][info][gc,phases   ] GC(255) Concurrent Process Non-Strong References 22.150ms
[2026-04-03T02:22:15.738+0600][86.746s][info][gc,phases   ] GC(255) Concurrent Reset Relocation Set 0.008ms
[2026-04-03T02:22:15.743+0600][86.751s][info][gc,phases   ] GC(255) Concurrent Select Relocation Set 4.896ms
[2026-04-03T02:22:15.743+0600][86.751s][info][gc,phases   ] GC(255) Pause Relocate Start 0.017ms
[2026-04-03T02:22:15.751+0600][86.759s][info][gc,phases   ] GC(255) Concurrent Relocate 7.808ms
[2026-04-03T02:22:15.751+0600][86.759s][info][gc,load     ] GC(255) Load: 7.24/6.54/5.99
[2026-04-03T02:22:15.751+0600][86.759s][info][gc,mmu      ] GC(255) MMU: 2ms/90.1%, 5ms/96.1%, 10ms/98.0%, 20ms/99.0%, 50ms/99.6%, 100ms/99.7%
[2026-04-03T02:22:15.751+0600][86.759s][info][gc,marking  ] GC(255) Mark: 2 stripe(s), 2 proactive flush(es), 1 terminate flush(es), 0 completion(s), 0 continuation(s) 
[2026-04-03T02:22:15.751+0600][86.759s][info][gc,marking  ] GC(255) Mark Stack Usage: 32M
[2026-04-03T02:22:15.751+0600][86.759s][info][gc,nmethod  ] GC(255) NMethods: 15390 registered, 2567 unregistered
[2026-04-03T02:22:15.751+0600][86.759s][info][gc,metaspace] GC(255) Metaspace: 128M used, 129M committed, 1152M reserved
[2026-04-03T02:22:15.751+0600][86.759s][info][gc,ref      ] GC(255) Soft: 3274 encountered, 0 discovered, 0 enqueued
[2026-04-03T02:22:15.751+0600][86.759s][info][gc,ref      ] GC(255) Weak: 14910 encountered, 4608 discovered, 25 enqueued
[2026-04-03T02:22:15.751+0600][86.759s][info][gc,ref      ] GC(255) Final: 84 encountered, 0 discovered, 0 enqueued
[2026-04-03T02:22:15.751+0600][86.759s][info][gc,ref      ] GC(255) Phantom: 620 encountered, 529 discovered, 0 enqueued
[2026-04-03T02:22:15.751+0600][86.759s][info][gc,reloc    ] GC(255) Small Pages: 184 / 368M, Empty: 64M, Relocated: 6M, In-Place: 0
[2026-04-03T02:22:15.751+0600][86.760s][info][gc,reloc    ] GC(255) Medium Pages: 5 / 80M, Empty: 64M, Relocated: 0M, In-Place: 0
[2026-04-03T02:22:15.751+0600][86.760s][info][gc,reloc    ] GC(255) Large Pages: 8 / 46M, Empty: 42M, Relocated: 0M, In-Place: 0
[2026-04-03T02:22:15.751+0600][86.760s][info][gc,reloc    ] GC(255) Forwarding Usage: 1M
[2026-04-03T02:22:15.751+0600][86.760s][info][gc,heap     ] GC(255) Min Capacity: 8M(1%)
[2026-04-03T02:22:15.751+0600][86.760s][info][gc,heap     ] GC(255) Max Capacity: 1000M(100%)
[2026-04-03T02:22:15.752+0600][86.760s][info][gc,heap     ] GC(255) Soft Max Capacity: 1000M(100%)
[2026-04-03T02:22:15.752+0600][86.760s][info][gc,heap     ] GC(255)                Mark Start          Mark End        Relocate Start      Relocate End           High               Low         
[2026-04-03T02:22:15.752+0600][86.760s][info][gc,heap     ] GC(255)  Capacity:     1000M (100%)       1000M (100%)       1000M (100%)       1000M (100%)       1000M (100%)       1000M (100%)   
[2026-04-03T02:22:15.752+0600][86.760s][info][gc,heap     ] GC(255)      Free:      506M (51%)         362M (36%)         502M (50%)         688M (69%)         688M (69%)         332M (33%)    
[2026-04-03T02:22:15.752+0600][86.760s][info][gc,heap     ] GC(255)      Used:      494M (49%)         638M (64%)         498M (50%)         312M (31%)         668M (67%)         312M (31%)    
[2026-04-03T02:22:15.752+0600][86.760s][info][gc,heap     ] GC(255)      Live:         -               108M (11%)         108M (11%)         108M (11%)            -                  -          
[2026-04-03T02:22:15.752+0600][86.760s][info][gc,heap     ] GC(255) Allocated:         -               144M (14%)         174M (17%)         179M (18%)            -                  -          
[2026-04-03T02:22:15.752+0600][86.760s][info][gc,heap     ] GC(255)   Garbage:         -               385M (39%)         215M (22%)          24M (2%)             -                  -          
[2026-04-03T02:22:15.752+0600][86.760s][info][gc,heap     ] GC(255) Reclaimed:         -                  -               170M (17%)         361M (36%)            -                  -          
[2026-04-03T02:22:15.752+0600][86.760s][info][gc          ] GC(255) Garbage Collection (Allocation Rate) 494M(49%)->312M(31%)
[2026-04-03T02:22:15.796+0600][86.804s][info][gc,start    ] GC(256) Garbage Collection (Allocation Rate)
[2026-04-03T02:22:15.796+0600][86.804s][info][gc,task     ] GC(256) Using 3 workers
[2026-04-03T02:22:15.796+0600][86.805s][info][gc,phases   ] GC(256) Pause Mark Start 0.017ms
[2026-04-03T02:22:15.928+0600][86.936s][info][gc,phases   ] GC(256) Concurrent Mark 131.190ms
[2026-04-03T02:22:15.928+0600][86.936s][info][gc,phases   ] GC(256) Pause Mark End 0.038ms
[2026-04-03T02:22:15.928+0600][86.936s][info][gc,phases   ] GC(256) Concurrent Mark Free 0.002ms
[2026-04-03T02:22:15.952+0600][86.960s][info][gc,phases   ] GC(256) Concurrent Process Non-Strong References 23.363ms
[2026-04-03T02:22:15.952+0600][86.960s][info][gc,phases   ] GC(256) Concurrent Reset Relocation Set 0.018ms
[2026-04-03T02:22:15.957+0600][86.965s][info][gc,phases   ] GC(256) Concurrent Select Relocation Set 5.163ms
[2026-04-03T02:22:15.958+0600][86.966s][info][gc,phases   ] GC(256) Pause Relocate Start 0.017ms
[2026-04-03T02:22:15.962+0600][86.970s][info][gc,phases   ] GC(256) Concurrent Relocate 4.280ms
[2026-04-03T02:22:15.962+0600][86.970s][info][gc,load     ] GC(256) Load: 7.24/6.54/5.99
[2026-04-03T02:22:15.962+0600][86.970s][info][gc,mmu      ] GC(256) MMU: 2ms/90.1%, 5ms/96.1%, 10ms/98.0%, 20ms/99.0%, 50ms/99.6%, 100ms/99.7%
[2026-04-03T02:22:15.962+0600][86.970s][info][gc,marking  ] GC(256) Mark: 2 stripe(s), 2 proactive flush(es), 1 terminate flush(es), 0 completion(s), 0 continuation(s) 
[2026-04-03T02:22:15.962+0600][86.970s][info][gc,marking  ] GC(256) Mark Stack Usage: 32M
[2026-04-03T02:22:15.962+0600][86.970s][info][gc,nmethod  ] GC(256) NMethods: 15392 registered, 2571 unregistered
[2026-04-03T02:22:15.962+0600][86.970s][info][gc,metaspace] GC(256) Metaspace: 128M used, 129M committed, 1152M reserved
[2026-04-03T02:22:15.962+0600][86.970s][info][gc,ref      ] GC(256) Soft: 3272 encountered, 0 discovered, 0 enqueued
[2026-04-03T02:22:15.962+0600][86.970s][info][gc,ref      ] GC(256) Weak: 15175 encountered, 5036 discovered, 11 enqueued
[2026-04-03T02:22:15.962+0600][86.970s][info][gc,ref      ] GC(256) Final: 84 encountered, 0 discovered, 0 enqueued
[2026-04-03T02:22:15.962+0600][86.970s][info][gc,ref      ] GC(256) Phantom: 620 encountered, 539 discovered, 0 enqueued
[2026-04-03T02:22:15.962+0600][86.970s][info][gc,reloc    ] GC(256) Small Pages: 145 / 290M, Empty: 62M, Relocated: 5M, In-Place: 0
[2026-04-03T02:22:15.962+0600][86.970s][info][gc,reloc    ] GC(256) Medium Pages: 4 / 64M, Empty: 48M, Relocated: 0M, In-Place: 0
[2026-04-03T02:22:15.962+0600][86.970s][info][gc,reloc    ] GC(256) Large Pages: 5 / 28M, Empty: 24M, Relocated: 0M, In-Place: 0
[2026-04-03T02:22:15.962+0600][86.971s][info][gc,reloc    ] GC(256) Forwarding Usage: 0M
[2026-04-03T02:22:15.962+0600][86.971s][info][gc,heap     ] GC(256) Min Capacity: 8M(1%)
[2026-04-03T02:22:15.963+0600][86.971s][info][gc,heap     ] GC(256) Max Capacity: 1000M(100%)
[2026-04-03T02:22:15.963+0600][86.971s][info][gc,heap     ] GC(256) Soft Max Capacity: 1000M(100%)
[2026-04-03T02:22:15.963+0600][86.971s][info][gc,heap     ] GC(256)                Mark Start          Mark End        Relocate Start      Relocate End           High               Low         
[2026-04-03T02:22:15.963+0600][86.971s][info][gc,heap     ] GC(256)  Capacity:     1000M (100%)       1000M (100%)       1000M (100%)       1000M (100%)       1000M (100%)       1000M (100%)   
[2026-04-03T02:22:15.963+0600][86.971s][info][gc,heap     ] GC(256)      Free:      618M (62%)         438M (44%)         540M (54%)         648M (65%)         648M (65%)         408M (41%)    
[2026-04-03T02:22:15.963+0600][86.971s][info][gc,heap     ] GC(256)      Used:      382M (38%)         562M (56%)         460M (46%)         352M (35%)         592M (59%)         352M (35%)    
[2026-04-03T02:22:15.963+0600][86.971s][info][gc,heap     ] GC(256)      Live:         -               110M (11%)         110M (11%)         110M (11%)            -                  -          
[2026-04-03T02:22:15.963+0600][86.971s][info][gc,heap     ] GC(256) Allocated:         -               180M (18%)         212M (21%)         217M (22%)            -                  -          
[2026-04-03T02:22:15.963+0600][86.971s][info][gc,heap     ] GC(256)   Garbage:         -               271M (27%)         137M (14%)          23M (2%)             -                  -          
[2026-04-03T02:22:15.963+0600][86.971s][info][gc,heap     ] GC(256) Reclaimed:         -                  -               134M (13%)         247M (25%)            -                  -          
[2026-04-03T02:22:15.963+0600][86.971s][info][gc          ] GC(256) Garbage Collection (Allocation Rate) 382M(38%)->352M(35%)
[2026-04-03T02:22:15.996+0600][87.004s][info][gc,start    ] GC(257) Garbage Collection (Allocation Rate)
[2026-04-03T02:22:15.996+0600][87.004s][info][gc,task     ] GC(257) Using 3 workers
[2026-04-03T02:22:15.996+0600][87.004s][info][gc,phases   ] GC(257) Pause Mark Start 0.017ms
[2026-04-03T02:22:16.117+0600][87.125s][info][gc,phases   ] GC(257) Concurrent Mark 121.111ms
[2026-04-03T02:22:16.118+0600][87.126s][info][gc,phases   ] GC(257) Pause Mark End 0.043ms
[2026-04-03T02:22:16.118+0600][87.126s][info][gc,phases   ] GC(257) Concurrent Mark Free 0.003ms
[2026-04-03T02:22:16.143+0600][87.151s][info][gc,phases   ] GC(257) Concurrent Process Non-Strong References 24.871ms
[2026-04-03T02:22:16.143+0600][87.151s][info][gc,phases   ] GC(257) Concurrent Reset Relocation Set 0.009ms
[2026-04-03T02:22:16.146+0600][87.154s][info][gc,phases   ] GC(257) Concurrent Select Relocation Set 3.307ms
[2026-04-03T02:22:16.146+0600][87.155s][info][gc,phases   ] GC(257) Pause Relocate Start 0.013ms
[2026-04-03T02:22:16.150+0600][87.158s][info][gc,phases   ] GC(257) Concurrent Relocate 3.548ms
[2026-04-03T02:22:16.150+0600][87.158s][info][gc,load     ] GC(257) Load: 7.24/6.54/5.99
[2026-04-03T02:22:16.150+0600][87.158s][info][gc,mmu      ] GC(257) MMU: 2ms/90.1%, 5ms/96.1%, 10ms/98.0%, 20ms/99.0%, 50ms/99.6%, 100ms/99.7%
[2026-04-03T02:22:16.150+0600][87.158s][info][gc,marking  ] GC(257) Mark: 2 stripe(s), 2 proactive flush(es), 1 terminate flush(es), 0 completion(s), 0 continuation(s) 
[2026-04-03T02:22:16.150+0600][87.158s][info][gc,marking  ] GC(257) Mark Stack Usage: 32M
[2026-04-03T02:22:16.150+0600][87.158s][info][gc,nmethod  ] GC(257) NMethods: 15387 registered, 2577 unregistered
[2026-04-03T02:22:16.150+0600][87.158s][info][gc,metaspace] GC(257) Metaspace: 128M used, 129M committed, 1152M reserved
[2026-04-03T02:22:16.150+0600][87.158s][info][gc,ref      ] GC(257) Soft: 3274 encountered, 0 discovered, 0 enqueued
[2026-04-03T02:22:16.150+0600][87.158s][info][gc,ref      ] GC(257) Weak: 15525 encountered, 4792 discovered, 10 enqueued
[2026-04-03T02:22:16.150+0600][87.158s][info][gc,ref      ] GC(257) Final: 84 encountered, 0 discovered, 0 enqueued
[2026-04-03T02:22:16.150+0600][87.158s][info][gc,ref      ] GC(257) Phantom: 620 encountered, 502 discovered, 0 enqueued
[2026-04-03T02:22:16.150+0600][87.158s][info][gc,reloc    ] GC(257) Small Pages: 152 / 304M, Empty: 38M, Relocated: 5M, In-Place: 0
[2026-04-03T02:22:16.150+0600][87.158s][info][gc,reloc    ] GC(257) Medium Pages: 4 / 64M, Empty: 48M, Relocated: 0M, In-Place: 0
[2026-04-03T02:22:16.150+0600][87.158s][info][gc,reloc    ] GC(257) Large Pages: 6 / 34M, Empty: 30M, Relocated: 0M, In-Place: 0
[2026-04-03T02:22:16.150+0600][87.158s][info][gc,reloc    ] GC(257) Forwarding Usage: 1M
[2026-04-03T02:22:16.150+0600][87.158s][info][gc,heap     ] GC(257) Min Capacity: 8M(1%)
[2026-04-03T02:22:16.150+0600][87.158s][info][gc,heap     ] GC(257) Max Capacity: 1000M(100%)
[2026-04-03T02:22:16.150+0600][87.158s][info][gc,heap     ] GC(257) Soft Max Capacity: 1000M(100%)
[2026-04-03T02:22:16.150+0600][87.159s][info][gc,heap     ] GC(257)                Mark Start          Mark End        Relocate Start      Relocate End           High               Low         
[2026-04-03T02:22:16.150+0600][87.159s][info][gc,heap     ] GC(257)  Capacity:     1000M (100%)       1000M (100%)       1000M (100%)       1000M (100%)       1000M (100%)       1000M (100%)   
[2026-04-03T02:22:16.150+0600][87.159s][info][gc,heap     ] GC(257)      Free:      598M (60%)         424M (42%)         498M (50%)         648M (65%)         648M (65%)         382M (38%)    
[2026-04-03T02:22:16.150+0600][87.159s][info][gc,heap     ] GC(257)      Used:      402M (40%)         576M (58%)         502M (50%)         352M (35%)         618M (62%)         352M (35%)    
[2026-04-03T02:22:16.151+0600][87.159s][info][gc,heap     ] GC(257)      Live:         -               110M (11%)         110M (11%)         110M (11%)            -                  -          
[2026-04-03T02:22:16.151+0600][87.159s][info][gc,heap     ] GC(257) Allocated:         -               174M (17%)         216M (22%)         217M (22%)            -                  -          
[2026-04-03T02:22:16.151+0600][87.159s][info][gc,heap     ] GC(257)   Garbage:         -               291M (29%)         175M (18%)          23M (2%)             -                  -          
[2026-04-03T02:22:16.151+0600][87.159s][info][gc,heap     ] GC(257) Reclaimed:         -                  -               116M (12%)         267M (27%)            -                  -          
[2026-04-03T02:22:16.151+0600][87.159s][info][gc          ] GC(257) Garbage Collection (Allocation Rate) 402M(40%)->352M(35%)
[2026-04-03T02:22:16.196+0600][87.204s][info][gc,start    ] GC(258) Garbage Collection (Allocation Rate)
[2026-04-03T02:22:16.196+0600][87.204s][info][gc,task     ] GC(258) Using 3 workers
[2026-04-03T02:22:16.196+0600][87.204s][info][gc,phases   ] GC(258) Pause Mark Start 0.015ms
[2026-04-03T02:22:16.318+0600][87.326s][info][gc,phases   ] GC(258) Concurrent Mark 121.511ms
[2026-04-03T02:22:16.318+0600][87.326s][info][gc,phases   ] GC(258) Pause Mark End 0.037ms
[2026-04-03T02:22:16.319+0600][87.327s][info][gc,phases   ] GC(258) Concurrent Mark Free 0.002ms
[2026-04-03T02:22:16.344+0600][87.352s][info][gc,phases   ] GC(258) Concurrent Process Non-Strong References 25.195ms
[2026-04-03T02:22:16.344+0600][87.352s][info][gc,phases   ] GC(258) Concurrent Reset Relocation Set 0.015ms
[2026-04-03T02:22:16.349+0600][87.357s][info][gc,phases   ] GC(258) Concurrent Select Relocation Set 5.208ms
[2026-04-03T02:22:16.349+0600][87.358s][info][gc,phases   ] GC(258) Pause Relocate Start 0.018ms
[2026-04-03T02:22:16.354+0600][87.362s][info][gc,phases   ] GC(258) Concurrent Relocate 4.728ms
[2026-04-03T02:22:16.354+0600][87.363s][info][gc,load     ] GC(258) Load: 7.24/6.54/5.99
[2026-04-03T02:22:16.354+0600][87.363s][info][gc,mmu      ] GC(258) MMU: 2ms/90.1%, 5ms/96.1%, 10ms/98.0%, 20ms/99.0%, 50ms/99.6%, 100ms/99.7%
[2026-04-03T02:22:16.355+0600][87.363s][info][gc,marking  ] GC(258) Mark: 2 stripe(s), 2 proactive flush(es), 1 terminate flush(es), 0 completion(s), 0 continuation(s) 
[2026-04-03T02:22:16.355+0600][87.363s][info][gc,marking  ] GC(258) Mark Stack Usage: 32M
[2026-04-03T02:22:16.355+0600][87.363s][info][gc,nmethod  ] GC(258) NMethods: 15408 registered, 2580 unregistered
[2026-04-03T02:22:16.355+0600][87.363s][info][gc,metaspace] GC(258) Metaspace: 128M used, 129M committed, 1152M reserved
[2026-04-03T02:22:16.355+0600][87.363s][info][gc,ref      ] GC(258) Soft: 3274 encountered, 0 discovered, 0 enqueued
[2026-04-03T02:22:16.355+0600][87.363s][info][gc,ref      ] GC(258) Weak: 15869 encountered, 5642 discovered, 12 enqueued
[2026-04-03T02:22:16.355+0600][87.363s][info][gc,ref      ] GC(258) Final: 84 encountered, 0 discovered, 0 enqueued
[2026-04-03T02:22:16.355+0600][87.363s][info][gc,ref      ] GC(258) Phantom: 620 encountered, 496 discovered, 0 enqueued
[2026-04-03T02:22:16.355+0600][87.363s][info][gc,reloc    ] GC(258) Small Pages: 157 / 314M, Empty: 60M, Relocated: 5M, In-Place: 0
[2026-04-03T02:22:16.355+0600][87.363s][info][gc,reloc    ] GC(258) Medium Pages: 4 / 64M, Empty: 48M, Relocated: 0M, In-Place: 0
[2026-04-03T02:22:16.355+0600][87.363s][info][gc,reloc    ] GC(258) Large Pages: 6 / 34M, Empty: 30M, Relocated: 0M, In-Place: 0
[2026-04-03T02:22:16.355+0600][87.363s][info][gc,reloc    ] GC(258) Forwarding Usage: 1M
[2026-04-03T02:22:16.355+0600][87.363s][info][gc,heap     ] GC(258) Min Capacity: 8M(1%)
[2026-04-03T02:22:16.355+0600][87.363s][info][gc,heap     ] GC(258) Max Capacity: 1000M(100%)
[2026-04-03T02:22:16.355+0600][87.363s][info][gc,heap     ] GC(258) Soft Max Capacity: 1000M(100%)
[2026-04-03T02:22:16.355+0600][87.363s][info][gc,heap     ] GC(258)                Mark Start          Mark End        Relocate Start      Relocate End           High               Low         
[2026-04-03T02:22:16.355+0600][87.363s][info][gc,heap     ] GC(258)  Capacity:     1000M (100%)       1000M (100%)       1000M (100%)       1000M (100%)       1000M (100%)       1000M (100%)   
[2026-04-03T02:22:16.355+0600][87.363s][info][gc,heap     ] GC(258)      Free:      588M (59%)         482M (48%)         586M (59%)         726M (73%)         726M (73%)         448M (45%)    
[2026-04-03T02:22:16.355+0600][87.363s][info][gc,heap     ] GC(258)      Used:      412M (41%)         518M (52%)         414M (41%)         274M (27%)         552M (55%)         274M (27%)    
[2026-04-03T02:22:16.355+0600][87.363s][info][gc,heap     ] GC(258)      Live:         -               109M (11%)         109M (11%)         109M (11%)            -                  -          
[2026-04-03T02:22:16.355+0600][87.363s][info][gc,heap     ] GC(258) Allocated:         -               106M (11%)         140M (14%)         139M (14%)            -                  -          
[2026-04-03T02:22:16.355+0600][87.363s][info][gc,heap     ] GC(258)   Garbage:         -               302M (30%)         164M (16%)          24M (2%)             -                  -          
[2026-04-03T02:22:16.355+0600][87.363s][info][gc,heap     ] GC(258) Reclaimed:         -                  -               138M (14%)         277M (28%)            -                  -          
[2026-04-03T02:22:16.355+0600][87.363s][info][gc          ] GC(258) Garbage Collection (Allocation Rate) 412M(41%)->274M(27%)
[2026-04-03T02:22:16.596+0600][87.604s][info][gc,start    ] GC(259) Garbage Collection (Allocation Rate)
[2026-04-03T02:22:16.596+0600][87.604s][info][gc,task     ] GC(259) Using 2 workers
[2026-04-03T02:22:16.596+0600][87.604s][info][gc,phases   ] GC(259) Pause Mark Start 0.032ms
[2026-04-03T02:22:16.698+0600][87.706s][info][gc,phases   ] GC(259) Concurrent Mark 101.554ms
[2026-04-03T02:22:16.698+0600][87.706s][info][gc,phases   ] GC(259) Pause Mark End 0.030ms
[2026-04-03T02:22:16.698+0600][87.706s][info][gc,phases   ] GC(259) Concurrent Mark Free 0.003ms
[2026-04-03T02:22:16.733+0600][87.741s][info][gc,phases   ] GC(259) Concurrent Process Non-Strong References 34.885ms
[2026-04-03T02:22:16.733+0600][87.741s][info][gc,phases   ] GC(259) Concurrent Reset Relocation Set 0.010ms
[2026-04-03T02:22:16.739+0600][87.747s][info][gc,phases   ] GC(259) Concurrent Select Relocation Set 5.441ms
[2026-04-03T02:22:16.739+0600][87.747s][info][gc,phases   ] GC(259) Pause Relocate Start 0.017ms
[2026-04-03T02:22:16.743+0600][87.751s][info][gc,phases   ] GC(259) Concurrent Relocate 3.503ms
[2026-04-03T02:22:16.743+0600][87.751s][info][gc,load     ] GC(259) Load: 7.24/6.54/5.99
[2026-04-03T02:22:16.743+0600][87.751s][info][gc,mmu      ] GC(259) MMU: 2ms/90.1%, 5ms/96.1%, 10ms/98.0%, 20ms/99.0%, 50ms/99.6%, 100ms/99.7%
[2026-04-03T02:22:16.743+0600][87.751s][info][gc,marking  ] GC(259) Mark: 2 stripe(s), 2 proactive flush(es), 1 terminate flush(es), 0 completion(s), 0 continuation(s) 
[2026-04-03T02:22:16.743+0600][87.751s][info][gc,marking  ] GC(259) Mark Stack Usage: 32M
[2026-04-03T02:22:16.743+0600][87.751s][info][gc,nmethod  ] GC(259) NMethods: 15403 registered, 2594 unregistered
[2026-04-03T02:22:16.743+0600][87.751s][info][gc,metaspace] GC(259) Metaspace: 128M used, 129M committed, 1152M reserved
[2026-04-03T02:22:16.743+0600][87.751s][info][gc,ref      ] GC(259) Soft: 3266 encountered, 0 discovered, 0 enqueued
[2026-04-03T02:22:16.743+0600][87.751s][info][gc,ref      ] GC(259) Weak: 15973 encountered, 6844 discovered, 1587 enqueued
[2026-04-03T02:22:16.743+0600][87.751s][info][gc,ref      ] GC(259) Final: 84 encountered, 48 discovered, 0 enqueued
[2026-04-03T02:22:16.743+0600][87.751s][info][gc,ref      ] GC(259) Phantom: 620 encountered, 504 discovered, 0 enqueued
[2026-04-03T02:22:16.743+0600][87.751s][info][gc,reloc    ] GC(259) Small Pages: 169 / 338M, Empty: 18M, Relocated: 2M, In-Place: 0
[2026-04-03T02:22:16.743+0600][87.751s][info][gc,reloc    ] GC(259) Medium Pages: 3 / 48M, Empty: 32M, Relocated: 0M, In-Place: 0
[2026-04-03T02:22:16.743+0600][87.751s][info][gc,reloc    ] GC(259) Large Pages: 4 / 22M, Empty: 18M, Relocated: 0M, In-Place: 0
[2026-04-03T02:22:16.743+0600][87.751s][info][gc,reloc    ] GC(259) Forwarding Usage: 0M
[2026-04-03T02:22:16.743+0600][87.751s][info][gc,heap     ] GC(259) Min Capacity: 8M(1%)
[2026-04-03T02:22:16.743+0600][87.751s][info][gc,heap     ] GC(259) Max Capacity: 1000M(100%)
[2026-04-03T02:22:16.743+0600][87.751s][info][gc,heap     ] GC(259) Soft Max Capacity: 1000M(100%)
[2026-04-03T02:22:16.743+0600][87.751s][info][gc,heap     ] GC(259)                Mark Start          Mark End        Relocate Start      Relocate End           High               Low         
[2026-04-03T02:22:16.743+0600][87.751s][info][gc,heap     ] GC(259)  Capacity:     1000M (100%)       1000M (100%)       1000M (100%)       1000M (100%)       1000M (100%)       1000M (100%)   
[2026-04-03T02:22:16.743+0600][87.751s][info][gc,heap     ] GC(259)      Free:      592M (59%)         490M (49%)         482M (48%)         690M (69%)         690M (69%)         414M (41%)    
[2026-04-03T02:22:16.743+0600][87.751s][info][gc,heap     ] GC(259)      Used:      408M (41%)         510M (51%)         518M (52%)         310M (31%)         586M (59%)         310M (31%)    
[2026-04-03T02:22:16.743+0600][87.751s][info][gc,heap     ] GC(259)      Live:         -               106M (11%)         106M (11%)         106M (11%)            -                  -          
[2026-04-03T02:22:16.743+0600][87.751s][info][gc,heap     ] GC(259) Allocated:         -               102M (10%)         178M (18%)         179M (18%)            -                  -          
[2026-04-03T02:22:16.743+0600][87.751s][info][gc,heap     ] GC(259)   Garbage:         -               301M (30%)         233M (23%)          23M (2%)             -                  -          
[2026-04-03T02:22:16.743+0600][87.751s][info][gc,heap     ] GC(259) Reclaimed:         -                  -                68M (7%)          277M (28%)            -                  -          
[2026-04-03T02:22:16.743+0600][87.751s][info][gc          ] GC(259) Garbage Collection (Allocation Rate) 408M(41%)->310M(31%)
[2026-04-03T02:22:16.796+0600][87.804s][info][gc,start    ] GC(260) Garbage Collection (Allocation Rate)
[2026-04-03T02:22:16.796+0600][87.804s][info][gc,task     ] GC(260) Using 2 workers
[2026-04-03T02:22:16.796+0600][87.804s][info][gc,phases   ] GC(260) Pause Mark Start 0.011ms
[2026-04-03T02:22:16.949+0600][87.957s][info][gc,phases   ] GC(260) Concurrent Mark 152.413ms
[2026-04-03T02:22:16.949+0600][87.957s][info][gc,phases   ] GC(260) Pause Mark End 0.045ms
[2026-04-03T02:22:16.949+0600][87.957s][info][gc,phases   ] GC(260) Concurrent Mark Free 0.004ms
[2026-04-03T02:22:16.984+0600][87.992s][info][gc,phases   ] GC(260) Concurrent Process Non-Strong References 35.000ms
[2026-04-03T02:22:16.984+0600][87.992s][info][gc,phases   ] GC(260) Concurrent Reset Relocation Set 0.019ms
[2026-04-03T02:22:16.989+0600][87.997s][info][gc,phases   ] GC(260) Concurrent Select Relocation Set 4.913ms
[2026-04-03T02:22:16.990+0600][87.998s][info][gc,phases   ] GC(260) Pause Relocate Start 0.017ms
[2026-04-03T02:22:16.992+0600][88.000s][info][gc,phases   ] GC(260) Concurrent Relocate 2.287ms
[2026-04-03T02:22:16.992+0600][88.000s][info][gc,load     ] GC(260) Load: 7.24/6.54/5.99
[2026-04-03T02:22:16.992+0600][88.000s][info][gc,mmu      ] GC(260) MMU: 2ms/90.1%, 5ms/96.1%, 10ms/98.0%, 20ms/99.0%, 50ms/99.6%, 100ms/99.7%
[2026-04-03T02:22:16.992+0600][88.001s][info][gc,marking  ] GC(260) Mark: 2 stripe(s), 2 proactive flush(es), 1 terminate flush(es), 0 completion(s), 0 continuation(s) 
[2026-04-03T02:22:16.992+0600][88.001s][info][gc,marking  ] GC(260) Mark Stack Usage: 32M
[2026-04-03T02:22:16.992+0600][88.001s][info][gc,nmethod  ] GC(260) NMethods: 15400 registered, 2598 unregistered
[2026-04-03T02:22:16.992+0600][88.001s][info][gc,metaspace] GC(260) Metaspace: 128M used, 129M committed, 1152M reserved
[2026-04-03T02:22:16.992+0600][88.001s][info][gc,ref      ] GC(260) Soft: 3284 encountered, 0 discovered, 0 enqueued
[2026-04-03T02:22:16.992+0600][88.001s][info][gc,ref      ] GC(260) Weak: 14806 encountered, 6397 discovered, 30 enqueued
[2026-04-03T02:22:16.992+0600][88.001s][info][gc,ref      ] GC(260) Final: 84 encountered, 64 discovered, 0 enqueued
[2026-04-03T02:22:16.992+0600][88.001s][info][gc,ref      ] GC(260) Phantom: 620 encountered, 491 discovered, 0 enqueued
[2026-04-03T02:22:16.992+0600][88.001s][info][gc,reloc    ] GC(260) Small Pages: 148 / 296M, Empty: 36M, Relocated: 1M, In-Place: 0
[2026-04-03T02:22:16.993+0600][88.001s][info][gc,reloc    ] GC(260) Medium Pages: 4 / 64M, Empty: 48M, Relocated: 0M, In-Place: 0
[2026-04-03T02:22:16.993+0600][88.001s][info][gc,reloc    ] GC(260) Large Pages: 5 / 28M, Empty: 24M, Relocated: 0M, In-Place: 0
[2026-04-03T02:22:16.993+0600][88.001s][info][gc,reloc    ] GC(260) Forwarding Usage: 0M
[2026-04-03T02:22:16.993+0600][88.001s][info][gc,heap     ] GC(260) Min Capacity: 8M(1%)
[2026-04-03T02:22:16.993+0600][88.001s][info][gc,heap     ] GC(260) Max Capacity: 1000M(100%)
[2026-04-03T02:22:16.993+0600][88.001s][info][gc,heap     ] GC(260) Soft Max Capacity: 1000M(100%)
[2026-04-03T02:22:16.993+0600][88.001s][info][gc,heap     ] GC(260)                Mark Start          Mark End        Relocate Start      Relocate End           High               Low         
[2026-04-03T02:22:16.993+0600][88.001s][info][gc,heap     ] GC(260)  Capacity:     1000M (100%)       1000M (100%)       1000M (100%)       1000M (100%)       1000M (100%)       1000M (100%)   
[2026-04-03T02:22:16.993+0600][88.001s][info][gc,heap     ] GC(260)      Free:      612M (61%)         412M (41%)         462M (46%)         610M (61%)         612M (61%)         354M (35%)    
[2026-04-03T02:22:16.993+0600][88.001s][info][gc,heap     ] GC(260)      Used:      388M (39%)         588M (59%)         538M (54%)         390M (39%)         646M (65%)         388M (39%)    
[2026-04-03T02:22:16.993+0600][88.001s][info][gc,heap     ] GC(260)      Live:         -               107M (11%)         107M (11%)         107M (11%)            -                  -          
[2026-04-03T02:22:16.993+0600][88.001s][info][gc,heap     ] GC(260) Allocated:         -               200M (20%)         258M (26%)         257M (26%)            -                  -          
[2026-04-03T02:22:16.993+0600][88.001s][info][gc,heap     ] GC(260)   Garbage:         -               280M (28%)         172M (17%)          24M (2%)             -                  -          
[2026-04-03T02:22:16.993+0600][88.001s][info][gc,heap     ] GC(260) Reclaimed:         -                  -               108M (11%)         255M (26%)            -                  -          
[2026-04-03T02:22:16.993+0600][88.001s][info][gc          ] GC(260) Garbage Collection (Allocation Rate) 388M(39%)->390M(39%)
[2026-04-03T02:22:16.996+0600][88.004s][info][gc,start    ] GC(261) Garbage Collection (Allocation Rate)
[2026-04-03T02:22:16.996+0600][88.004s][info][gc,task     ] GC(261) Using 2 workers
[2026-04-03T02:22:16.996+0600][88.004s][info][gc,phases   ] GC(261) Pause Mark Start 0.013ms
[2026-04-03T02:22:17.148+0600][88.156s][info][gc,phases   ] GC(261) Concurrent Mark 151.411ms
[2026-04-03T02:22:17.148+0600][88.156s][info][gc,phases   ] GC(261) Pause Mark End 0.041ms
[2026-04-03T02:22:17.148+0600][88.157s][info][gc,phases   ] GC(261) Concurrent Mark Free 0.004ms
[2026-04-03T02:22:17.182+0600][88.190s][info][gc,phases   ] GC(261) Concurrent Process Non-Strong References 33.389ms
[2026-04-03T02:22:17.182+0600][88.190s][info][gc,phases   ] GC(261) Concurrent Reset Relocation Set 0.011ms
[2026-04-03T02:22:17.186+0600][88.194s][info][gc,phases   ] GC(261) Concurrent Select Relocation Set 3.920ms
[2026-04-03T02:22:17.186+0600][88.194s][info][gc,phases   ] GC(261) Pause Relocate Start 0.016ms
[2026-04-03T02:22:17.190+0600][88.198s][info][gc,phases   ] GC(261) Concurrent Relocate 3.437ms
[2026-04-03T02:22:17.190+0600][88.198s][info][gc,load     ] GC(261) Load: 7.24/6.54/5.99
[2026-04-03T02:22:17.190+0600][88.198s][info][gc,mmu      ] GC(261) MMU: 2ms/90.1%, 5ms/96.1%, 10ms/98.0%, 20ms/99.0%, 50ms/99.6%, 100ms/99.7%
[2026-04-03T02:22:17.190+0600][88.198s][info][gc,marking  ] GC(261) Mark: 2 stripe(s), 2 proactive flush(es), 1 terminate flush(es), 0 completion(s), 0 continuation(s) 
[2026-04-03T02:22:17.190+0600][88.198s][info][gc,marking  ] GC(261) Mark Stack Usage: 32M
[2026-04-03T02:22:17.190+0600][88.198s][info][gc,nmethod  ] GC(261) NMethods: 15404 registered, 2598 unregistered
[2026-04-03T02:22:17.190+0600][88.198s][info][gc,metaspace] GC(261) Metaspace: 128M used, 129M committed, 1152M reserved
[2026-04-03T02:22:17.190+0600][88.198s][info][gc,ref      ] GC(261) Soft: 3284 encountered, 0 discovered, 0 enqueued
[2026-04-03T02:22:17.190+0600][88.198s][info][gc,ref      ] GC(261) Weak: 15132 encountered, 6040 discovered, 9 enqueued
[2026-04-03T02:22:17.190+0600][88.198s][info][gc,ref      ] GC(261) Final: 84 encountered, 0 discovered, 0 enqueued
[2026-04-03T02:22:17.190+0600][88.198s][info][gc,ref      ] GC(261) Phantom: 620 encountered, 509 discovered, 0 enqueued
[2026-04-03T02:22:17.190+0600][88.198s][info][gc,reloc    ] GC(261) Small Pages: 146 / 292M, Empty: 40M, Relocated: 3M, In-Place: 0
[2026-04-03T02:22:17.190+0600][88.198s][info][gc,reloc    ] GC(261) Medium Pages: 4 / 64M, Empty: 48M, Relocated: 0M, In-Place: 0
[2026-04-03T02:22:17.190+0600][88.198s][info][gc,reloc    ] GC(261) Large Pages: 7 / 40M, Empty: 36M, Relocated: 0M, In-Place: 0
[2026-04-03T02:22:17.190+0600][88.198s][info][gc,reloc    ] GC(261) Forwarding Usage: 1M
[2026-04-03T02:22:17.190+0600][88.198s][info][gc,heap     ] GC(261) Min Capacity: 8M(1%)
[2026-04-03T02:22:17.190+0600][88.198s][info][gc,heap     ] GC(261) Max Capacity: 1000M(100%)
[2026-04-03T02:22:17.190+0600][88.198s][info][gc,heap     ] GC(261) Soft Max Capacity: 1000M(100%)
[2026-04-03T02:22:17.190+0600][88.198s][info][gc,heap     ] GC(261)                Mark Start          Mark End        Relocate Start      Relocate End           High               Low         
[2026-04-03T02:22:17.190+0600][88.198s][info][gc,heap     ] GC(261)  Capacity:     1000M (100%)       1000M (100%)       1000M (100%)       1000M (100%)       1000M (100%)       1000M (100%)   
[2026-04-03T02:22:17.190+0600][88.198s][info][gc,heap     ] GC(261)      Free:      604M (60%)         388M (39%)         456M (46%)         598M (60%)         604M (60%)         332M (33%)    
[2026-04-03T02:22:17.190+0600][88.198s][info][gc,heap     ] GC(261)      Used:      396M (40%)         612M (61%)         544M (54%)         402M (40%)         668M (67%)         396M (40%)    
[2026-04-03T02:22:17.190+0600][88.198s][info][gc,heap     ] GC(261)      Live:         -               107M (11%)         107M (11%)         107M (11%)            -                  -          
[2026-04-03T02:22:17.190+0600][88.198s][info][gc,heap     ] GC(261) Allocated:         -               216M (22%)         272M (27%)         271M (27%)            -                  -          
[2026-04-03T02:22:17.190+0600][88.198s][info][gc,heap     ] GC(261)   Garbage:         -               288M (29%)         164M (16%)          22M (2%)             -                  -          
[2026-04-03T02:22:17.190+0600][88.198s][info][gc,heap     ] GC(261) Reclaimed:         -                  -               124M (12%)         265M (27%)            -                  -          
[2026-04-03T02:22:17.190+0600][88.198s][info][gc          ] GC(261) Garbage Collection (Allocation Rate) 396M(40%)->402M(40%)
[2026-04-03T02:22:17.295+0600][88.303s][info][gc,start    ] GC(262) Garbage Collection (Allocation Rate)
[2026-04-03T02:22:17.295+0600][88.304s][info][gc,task     ] GC(262) Using 2 workers
[2026-04-03T02:22:17.296+0600][88.304s][info][gc,phases   ] GC(262) Pause Mark Start 0.012ms
[2026-04-03T02:22:17.438+0600][88.446s][info][gc,phases   ] GC(262) Concurrent Mark 142.445ms
[2026-04-03T02:22:17.438+0600][88.447s][info][gc,phases   ] GC(262) Pause Mark End 0.028ms
[2026-04-03T02:22:17.439+0600][88.447s][info][gc,phases   ] GC(262) Concurrent Mark Free 0.003ms
[2026-04-03T02:22:17.466+0600][88.474s][info][gc,phases   ] GC(262) Concurrent Process Non-Strong References 27.273ms
[2026-04-03T02:22:17.466+0600][88.474s][info][gc,phases   ] GC(262) Concurrent Reset Relocation Set 0.009ms
[2026-04-03T02:22:17.471+0600][88.479s][info][gc,phases   ] GC(262) Concurrent Select Relocation Set 4.462ms
[2026-04-03T02:22:17.471+0600][88.479s][info][gc,phases   ] GC(262) Pause Relocate Start 0.019ms
[2026-04-03T02:22:17.476+0600][88.484s][info][gc,phases   ] GC(262) Concurrent Relocate 4.227ms
[2026-04-03T02:22:17.476+0600][88.484s][info][gc,load     ] GC(262) Load: 7.24/6.54/5.99
[2026-04-03T02:22:17.476+0600][88.484s][info][gc,mmu      ] GC(262) MMU: 2ms/90.1%, 5ms/96.1%, 10ms/98.0%, 20ms/99.0%, 50ms/99.6%, 100ms/99.7%
[2026-04-03T02:22:17.476+0600][88.484s][info][gc,marking  ] GC(262) Mark: 2 stripe(s), 3 proactive flush(es), 1 terminate flush(es), 0 completion(s), 0 continuation(s) 
[2026-04-03T02:22:17.476+0600][88.484s][info][gc,marking  ] GC(262) Mark Stack Usage: 32M
[2026-04-03T02:22:17.476+0600][88.484s][info][gc,nmethod  ] GC(262) NMethods: 15403 registered, 2604 unregistered
[2026-04-03T02:22:17.476+0600][88.484s][info][gc,metaspace] GC(262) Metaspace: 128M used, 129M committed, 1152M reserved
[2026-04-03T02:22:17.476+0600][88.484s][info][gc,ref      ] GC(262) Soft: 3284 encountered, 0 discovered, 0 enqueued
[2026-04-03T02:22:17.476+0600][88.484s][info][gc,ref      ] GC(262) Weak: 15705 encountered, 7079 discovered, 14 enqueued
[2026-04-03T02:22:17.476+0600][88.484s][info][gc,ref      ] GC(262) Final: 84 encountered, 80 discovered, 0 enqueued
[2026-04-03T02:22:17.476+0600][88.484s][info][gc,ref      ] GC(262) Phantom: 620 encountered, 410 discovered, 0 enqueued
[2026-04-03T02:22:17.476+0600][88.484s][info][gc,reloc    ] GC(262) Small Pages: 207 / 414M, Empty: 116M, Relocated: 3M, In-Place: 0
[2026-04-03T02:22:17.476+0600][88.484s][info][gc,reloc    ] GC(262) Medium Pages: 6 / 96M, Empty: 80M, Relocated: 0M, In-Place: 0
[2026-04-03T02:22:17.476+0600][88.484s][info][gc,reloc    ] GC(262) Large Pages: 8 / 46M, Empty: 42M, Relocated: 0M, In-Place: 0
[2026-04-03T02:22:17.476+0600][88.484s][info][gc,reloc    ] GC(262) Forwarding Usage: 1M
[2026-04-03T02:22:17.476+0600][88.484s][info][gc,heap     ] GC(262) Min Capacity: 8M(1%)
[2026-04-03T02:22:17.476+0600][88.484s][info][gc,heap     ] GC(262) Max Capacity: 1000M(100%)
[2026-04-03T02:22:17.476+0600][88.484s][info][gc,heap     ] GC(262) Soft Max Capacity: 1000M(100%)
[2026-04-03T02:22:17.476+0600][88.484s][info][gc,heap     ] GC(262)                Mark Start          Mark End        Relocate Start      Relocate End           High               Low         
[2026-04-03T02:22:17.476+0600][88.484s][info][gc,heap     ] GC(262)  Capacity:     1000M (100%)       1000M (100%)       1000M (100%)       1000M (100%)       1000M (100%)       1000M (100%)   
[2026-04-03T02:22:17.476+0600][88.484s][info][gc,heap     ] GC(262)      Free:      444M (44%)         264M (26%)         458M (46%)         640M (64%)         642M (64%)         234M (23%)    
[2026-04-03T02:22:17.476+0600][88.484s][info][gc,heap     ] GC(262)      Used:      556M (56%)         736M (74%)         542M (54%)         360M (36%)         766M (77%)         358M (36%)    
[2026-04-03T02:22:17.476+0600][88.484s][info][gc,heap     ] GC(262)      Live:         -               107M (11%)         107M (11%)         107M (11%)            -                  -          
[2026-04-03T02:22:17.476+0600][88.484s][info][gc,heap     ] GC(262) Allocated:         -               180M (18%)         224M (22%)         227M (23%)            -                  -          
[2026-04-03T02:22:17.476+0600][88.484s][info][gc,heap     ] GC(262)   Garbage:         -               448M (45%)         210M (21%)          24M (2%)             -                  -          
[2026-04-03T02:22:17.476+0600][88.484s][info][gc,heap     ] GC(262) Reclaimed:         -                  -               238M (24%)         423M (42%)            -                  -          
[2026-04-03T02:22:17.476+0600][88.484s][info][gc          ] GC(262) Garbage Collection (Allocation Rate) 556M(56%)->360M(36%)
[2026-04-03T02:22:17.596+0600][88.604s][info][gc,start    ] GC(263) Garbage Collection (Allocation Rate)
[2026-04-03T02:22:17.596+0600][88.604s][info][gc,task     ] GC(263) Using 2 workers
[2026-04-03T02:22:17.596+0600][88.604s][info][gc,phases   ] GC(263) Pause Mark Start 0.008ms
[2026-04-03T02:22:17.753+0600][88.761s][info][gc,phases   ] GC(263) Concurrent Mark 157.082ms
[2026-04-03T02:22:17.753+0600][88.761s][info][gc,phases   ] GC(263) Pause Mark End 0.043ms
[2026-04-03T02:22:17.754+0600][88.762s][info][gc,phases   ] GC(263) Concurrent Mark Free 0.003ms
[2026-04-03T02:22:17.816+0600][88.824s][info][gc,phases   ] GC(263) Concurrent Process Non-Strong References 62.184ms
[2026-04-03T02:22:17.816+0600][88.824s][info][gc,phases   ] GC(263) Concurrent Reset Relocation Set 0.010ms
[2026-04-03T02:22:17.820+0600][88.828s][info][gc,phases   ] GC(263) Concurrent Select Relocation Set 4.005ms
[2026-04-03T02:22:17.820+0600][88.828s][info][gc,phases   ] GC(263) Pause Relocate Start 0.018ms
[2026-04-03T02:22:17.826+0600][88.835s][info][gc,phases   ] GC(263) Concurrent Relocate 6.028ms
[2026-04-03T02:22:17.827+0600][88.835s][info][gc,load     ] GC(263) Load: 7.24/6.54/5.99
[2026-04-03T02:22:17.827+0600][88.835s][info][gc,mmu      ] GC(263) MMU: 2ms/90.1%, 5ms/96.1%, 10ms/98.0%, 20ms/99.0%, 50ms/99.6%, 100ms/99.7%
[2026-04-03T02:22:17.827+0600][88.835s][info][gc,marking  ] GC(263) Mark: 2 stripe(s), 2 proactive flush(es), 1 terminate flush(es), 0 completion(s), 0 continuation(s) 
[2026-04-03T02:22:17.827+0600][88.835s][info][gc,marking  ] GC(263) Mark Stack Usage: 32M
[2026-04-03T02:22:17.827+0600][88.835s][info][gc,nmethod  ] GC(263) NMethods: 15407 registered, 2606 unregistered
[2026-04-03T02:22:17.827+0600][88.835s][info][gc,metaspace] GC(263) Metaspace: 128M used, 129M committed, 1152M reserved
[2026-04-03T02:22:17.827+0600][88.835s][info][gc,ref      ] GC(263) Soft: 3353 encountered, 0 discovered, 0 enqueued
[2026-04-03T02:22:17.827+0600][88.835s][info][gc,ref      ] GC(263) Weak: 16313 encountered, 7024 discovered, 1723 enqueued
[2026-04-03T02:22:17.827+0600][88.835s][info][gc,ref      ] GC(263) Final: 84 encountered, 0 discovered, 0 enqueued
[2026-04-03T02:22:17.827+0600][88.835s][info][gc,ref      ] GC(263) Phantom: 620 encountered, 522 discovered, 0 enqueued
[2026-04-03T02:22:17.827+0600][88.835s][info][gc,reloc    ] GC(263) Small Pages: 188 / 376M, Empty: 50M, Relocated: 3M, In-Place: 0
[2026-04-03T02:22:17.827+0600][88.835s][info][gc,reloc    ] GC(263) Medium Pages: 4 / 64M, Empty: 48M, Relocated: 0M, In-Place: 0
[2026-04-03T02:22:17.827+0600][88.835s][info][gc,reloc    ] GC(263) Large Pages: 8 / 46M, Empty: 42M, Relocated: 0M, In-Place: 0
[2026-04-03T02:22:17.827+0600][88.835s][info][gc,reloc    ] GC(263) Forwarding Usage: 1M
[2026-04-03T02:22:17.827+0600][88.835s][info][gc,heap     ] GC(263) Min Capacity: 8M(1%)
[2026-04-03T02:22:17.827+0600][88.835s][info][gc,heap     ] GC(263) Max Capacity: 1000M(100%)
[2026-04-03T02:22:17.827+0600][88.835s][info][gc,heap     ] GC(263) Soft Max Capacity: 1000M(100%)
[2026-04-03T02:22:17.827+0600][88.835s][info][gc,heap     ] GC(263)                Mark Start          Mark End        Relocate Start      Relocate End           High               Low         
[2026-04-03T02:22:17.827+0600][88.835s][info][gc,heap     ] GC(263)  Capacity:     1000M (100%)       1000M (100%)       1000M (100%)       1000M (100%)       1000M (100%)       1000M (100%)   
[2026-04-03T02:22:17.827+0600][88.835s][info][gc,heap     ] GC(263)      Free:      514M (51%)         288M (29%)         330M (33%)         536M (54%)         538M (54%)         190M (19%)    
[2026-04-03T02:22:17.827+0600][88.835s][info][gc,heap     ] GC(263)      Used:      486M (49%)         712M (71%)         670M (67%)         464M (46%)         810M (81%)         462M (46%)    
[2026-04-03T02:22:17.827+0600][88.835s][info][gc,heap     ] GC(263)      Live:         -               108M (11%)         108M (11%)         108M (11%)            -                  -          
[2026-04-03T02:22:17.827+0600][88.835s][info][gc,heap     ] GC(263) Allocated:         -               226M (23%)         324M (32%)         329M (33%)            -                  -          
[2026-04-03T02:22:17.827+0600][88.835s][info][gc,heap     ] GC(263)   Garbage:         -               377M (38%)         237M (24%)          25M (3%)             -                  -          
[2026-04-03T02:22:17.827+0600][88.835s][info][gc,heap     ] GC(263) Reclaimed:         -                  -               140M (14%)         351M (35%)            -                  -          
[2026-04-03T02:22:17.827+0600][88.835s][info][gc          ] GC(263) Garbage Collection (Allocation Rate) 486M(49%)->464M(46%)
[2026-04-03T02:22:17.896+0600][88.904s][info][gc,start    ] GC(264) Garbage Collection (Allocation Rate)
[2026-04-03T02:22:17.896+0600][88.904s][info][gc,task     ] GC(264) Using 3 workers
[2026-04-03T02:22:17.896+0600][88.904s][info][gc,phases   ] GC(264) Pause Mark Start 0.014ms
[2026-04-03T02:22:17.991+0600][88.999s][info][gc,phases   ] GC(264) Concurrent Mark 94.791ms
[2026-04-03T02:22:17.992+0600][89.000s][info][gc,phases   ] GC(264) Pause Mark End 0.027ms
[2026-04-03T02:22:17.992+0600][89.000s][info][gc,phases   ] GC(264) Concurrent Mark Free 0.002ms
[2026-04-03T02:22:18.027+0600][89.035s][info][gc,phases   ] GC(264) Concurrent Process Non-Strong References 34.993ms
[2026-04-03T02:22:18.027+0600][89.035s][info][gc,phases   ] GC(264) Concurrent Reset Relocation Set 0.016ms
[2026-04-03T02:22:18.032+0600][89.040s][info][gc,phases   ] GC(264) Concurrent Select Relocation Set 4.922ms
[2026-04-03T02:22:18.032+0600][89.040s][info][gc,phases   ] GC(264) Pause Relocate Start 0.017ms
[2026-04-03T02:22:18.039+0600][89.047s][info][gc,phases   ] GC(264) Concurrent Relocate 6.342ms
[2026-04-03T02:22:18.039+0600][89.047s][info][gc,load     ] GC(264) Load: 7.24/6.54/5.99
[2026-04-03T02:22:18.039+0600][89.047s][info][gc,mmu      ] GC(264) MMU: 2ms/90.1%, 5ms/96.1%, 10ms/98.0%, 20ms/99.0%, 50ms/99.6%, 100ms/99.7%
[2026-04-03T02:22:18.039+0600][89.047s][info][gc,marking  ] GC(264) Mark: 2 stripe(s), 2 proactive flush(es), 1 terminate flush(es), 0 completion(s), 0 continuation(s) 
[2026-04-03T02:22:18.039+0600][89.047s][info][gc,marking  ] GC(264) Mark Stack Usage: 32M
[2026-04-03T02:22:18.039+0600][89.047s][info][gc,nmethod  ] GC(264) NMethods: 15414 registered, 2607 unregistered
[2026-04-03T02:22:18.039+0600][89.047s][info][gc,metaspace] GC(264) Metaspace: 128M used, 129M committed, 1152M reserved
[2026-04-03T02:22:18.039+0600][89.047s][info][gc,ref      ] GC(264) Soft: 3370 encountered, 0 discovered, 0 enqueued
[2026-04-03T02:22:18.039+0600][89.047s][info][gc,ref      ] GC(264) Weak: 14895 encountered, 4697 discovered, 26 enqueued
[2026-04-03T02:22:18.039+0600][89.047s][info][gc,ref      ] GC(264) Final: 84 encountered, 0 discovered, 0 enqueued
[2026-04-03T02:22:18.039+0600][89.047s][info][gc,ref      ] GC(264) Phantom: 620 encountered, 354 discovered, 0 enqueued
[2026-04-03T02:22:18.039+0600][89.047s][info][gc,reloc    ] GC(264) Small Pages: 254 / 508M, Empty: 214M, Relocated: 8M, In-Place: 0
[2026-04-03T02:22:18.039+0600][89.047s][info][gc,reloc    ] GC(264) Medium Pages: 3 / 48M, Empty: 32M, Relocated: 0M, In-Place: 0
[2026-04-03T02:22:18.039+0600][89.047s][info][gc,reloc    ] GC(264) Large Pages: 6 / 34M, Empty: 30M, Relocated: 0M, In-Place: 0
[2026-04-03T02:22:18.039+0600][89.047s][info][gc,reloc    ] GC(264) Forwarding Usage: 3M
[2026-04-03T02:22:18.039+0600][89.047s][info][gc,heap     ] GC(264) Min Capacity: 8M(1%)
[2026-04-03T02:22:18.039+0600][89.047s][info][gc,heap     ] GC(264) Max Capacity: 1000M(100%)
[2026-04-03T02:22:18.039+0600][89.047s][info][gc,heap     ] GC(264) Soft Max Capacity: 1000M(100%)
[2026-04-03T02:22:18.039+0600][89.047s][info][gc,heap     ] GC(264)                Mark Start          Mark End        Relocate Start      Relocate End           High               Low         
[2026-04-03T02:22:18.039+0600][89.047s][info][gc,heap     ] GC(264)  Capacity:     1000M (100%)       1000M (100%)       1000M (100%)       1000M (100%)       1000M (100%)       1000M (100%)   
[2026-04-03T02:22:18.039+0600][89.047s][info][gc,heap     ] GC(264)      Free:      410M (41%)         336M (34%)         576M (58%)         750M (75%)         750M (75%)         310M (31%)    
[2026-04-03T02:22:18.039+0600][89.047s][info][gc,heap     ] GC(264)      Used:      590M (59%)         664M (66%)         424M (42%)         250M (25%)         690M (69%)         250M (25%)    
[2026-04-03T02:22:18.039+0600][89.047s][info][gc,heap     ] GC(264)      Live:         -               112M (11%)         112M (11%)         112M (11%)            -                  -          
[2026-04-03T02:22:18.039+0600][89.047s][info][gc,heap     ] GC(264) Allocated:         -                74M (7%)          110M (11%)         111M (11%)            -                  -          
[2026-04-03T02:22:18.039+0600][89.047s][info][gc,heap     ] GC(264)   Garbage:         -               477M (48%)         201M (20%)          25M (3%)             -                  -          
[2026-04-03T02:22:18.039+0600][89.047s][info][gc,heap     ] GC(264) Reclaimed:         -                  -               276M (28%)         451M (45%)            -                  -          
[2026-04-03T02:22:18.039+0600][89.047s][info][gc          ] GC(264) Garbage Collection (Allocation Rate) 590M(59%)->250M(25%)
[2026-04-03T02:22:18.095+0600][89.103s][info][gc,start    ] GC(265) Garbage Collection (Allocation Rate)
[2026-04-03T02:22:18.095+0600][89.103s][info][gc,task     ] GC(265) Using 3 workers
[2026-04-03T02:22:18.096+0600][89.104s][info][gc,phases   ] GC(265) Pause Mark Start 0.012ms
[2026-04-03T02:22:18.192+0600][89.200s][info][gc,phases   ] GC(265) Concurrent Mark 96.097ms
[2026-04-03T02:22:18.192+0600][89.200s][info][gc,phases   ] GC(265) Pause Mark End 0.158ms
[2026-04-03T02:22:18.193+0600][89.201s][info][gc,phases   ] GC(265) Concurrent Mark Free 0.004ms
[2026-04-03T02:22:18.215+0600][89.223s][info][gc,phases   ] GC(265) Concurrent Process Non-Strong References 22.013ms
[2026-04-03T02:22:18.215+0600][89.223s][info][gc,phases   ] GC(265) Concurrent Reset Relocation Set 0.019ms
[2026-04-03T02:22:18.218+0600][89.227s][info][gc,phases   ] GC(265) Concurrent Select Relocation Set 3.674ms
[2026-04-03T02:22:18.219+0600][89.227s][info][gc,phases   ] GC(265) Pause Relocate Start 0.018ms
[2026-04-03T02:22:18.226+0600][89.234s][info][gc,phases   ] GC(265) Concurrent Relocate 6.803ms
[2026-04-03T02:22:18.226+0600][89.234s][info][gc,load     ] GC(265) Load: 7.24/6.54/5.99
[2026-04-03T02:22:18.226+0600][89.234s][info][gc,mmu      ] GC(265) MMU: 2ms/90.1%, 5ms/96.1%, 10ms/98.0%, 20ms/99.0%, 50ms/99.6%, 100ms/99.7%
[2026-04-03T02:22:18.226+0600][89.234s][info][gc,marking  ] GC(265) Mark: 2 stripe(s), 2 proactive flush(es), 1 terminate flush(es), 1 completion(s), 0 continuation(s) 
[2026-04-03T02:22:18.226+0600][89.234s][info][gc,marking  ] GC(265) Mark Stack Usage: 32M
[2026-04-03T02:22:18.226+0600][89.234s][info][gc,nmethod  ] GC(265) NMethods: 15415 registered, 2609 unregistered
[2026-04-03T02:22:18.226+0600][89.234s][info][gc,metaspace] GC(265) Metaspace: 128M used, 129M committed, 1152M reserved
[2026-04-03T02:22:18.226+0600][89.234s][info][gc,ref      ] GC(265) Soft: 3391 encountered, 0 discovered, 0 enqueued
[2026-04-03T02:22:18.226+0600][89.234s][info][gc,ref      ] GC(265) Weak: 15195 encountered, 4576 discovered, 554 enqueued
[2026-04-03T02:22:18.226+0600][89.234s][info][gc,ref      ] GC(265) Final: 84 encountered, 0 discovered, 0 enqueued
[2026-04-03T02:22:18.226+0600][89.234s][info][gc,ref      ] GC(265) Phantom: 620 encountered, 511 discovered, 0 enqueued
[2026-04-03T02:22:18.226+0600][89.234s][info][gc,reloc    ] GC(265) Small Pages: 113 / 226M, Empty: 22M, Relocated: 8M, In-Place: 0
[2026-04-03T02:22:18.226+0600][89.234s][info][gc,reloc    ] GC(265) Medium Pages: 2 / 32M, Empty: 16M, Relocated: 0M, In-Place: 0
[2026-04-03T02:22:18.226+0600][89.234s][info][gc,reloc    ] GC(265) Large Pages: 64 / 382M, Empty: 366M, Relocated: 0M, In-Place: 0
[2026-04-03T02:22:18.226+0600][89.234s][info][gc,reloc    ] GC(265) Forwarding Usage: 2M
[2026-04-03T02:22:18.226+0600][89.234s][info][gc,heap     ] GC(265) Min Capacity: 8M(1%)
[2026-04-03T02:22:18.226+0600][89.234s][info][gc,heap     ] GC(265) Max Capacity: 1000M(100%)
[2026-04-03T02:22:18.226+0600][89.234s][info][gc,heap     ] GC(265) Soft Max Capacity: 1000M(100%)
[2026-04-03T02:22:18.226+0600][89.234s][info][gc,heap     ] GC(265)                Mark Start          Mark End        Relocate Start      Relocate End           High               Low         
[2026-04-03T02:22:18.226+0600][89.234s][info][gc,heap     ] GC(265)  Capacity:     1000M (100%)       1000M (100%)       1000M (100%)       1000M (100%)       1000M (100%)       1000M (100%)   
[2026-04-03T02:22:18.226+0600][89.234s][info][gc,heap     ] GC(265)      Free:      360M (36%)         246M (25%)         534M (53%)         540M (54%)         602M (60%)         154M (15%)    
[2026-04-03T02:22:18.226+0600][89.234s][info][gc,heap     ] GC(265)      Used:      640M (64%)         754M (75%)         466M (47%)         460M (46%)         846M (85%)         398M (40%)    
[2026-04-03T02:22:18.226+0600][89.234s][info][gc,heap     ] GC(265)      Live:         -               122M (12%)         122M (12%)         122M (12%)            -                  -          
[2026-04-03T02:22:18.226+0600][89.234s][info][gc,heap     ] GC(265) Allocated:         -               114M (11%)         230M (23%)         313M (31%)            -                  -          
[2026-04-03T02:22:18.226+0600][89.234s][info][gc,heap     ] GC(265)   Garbage:         -               517M (52%)         113M (11%)          23M (2%)             -                  -          
[2026-04-03T02:22:18.226+0600][89.234s][info][gc,heap     ] GC(265) Reclaimed:         -                  -               404M (40%)         493M (49%)            -                  -          
[2026-04-03T02:22:18.226+0600][89.234s][info][gc          ] GC(265) Garbage Collection (Allocation Rate) 640M(64%)->460M(46%)
[2026-04-03T02:22:18.295+0600][89.304s][info][gc,start    ] GC(266) Garbage Collection (Allocation Rate)
[2026-04-03T02:22:18.296+0600][89.304s][info][gc,task     ] GC(266) Using 3 workers
[2026-04-03T02:22:18.296+0600][89.304s][info][gc,phases   ] GC(266) Pause Mark Start 0.015ms
[2026-04-03T02:22:18.394+0600][89.402s][info][gc,phases   ] GC(266) Concurrent Mark 98.021ms
[2026-04-03T02:22:18.394+0600][89.402s][info][gc,phases   ] GC(266) Pause Mark End 0.045ms
[2026-04-03T02:22:18.394+0600][89.402s][info][gc,phases   ] GC(266) Concurrent Mark Free 0.002ms
[2026-04-03T02:22:18.412+0600][89.420s][info][gc,phases   ] GC(266) Concurrent Process Non-Strong References 17.279ms
[2026-04-03T02:22:18.412+0600][89.420s][info][gc,phases   ] GC(266) Concurrent Reset Relocation Set 0.017ms
[2026-04-03T02:22:18.415+0600][89.423s][info][gc,phases   ] GC(266) Concurrent Select Relocation Set 3.211ms
[2026-04-03T02:22:18.415+0600][89.423s][info][gc,phases   ] GC(266) Pause Relocate Start 0.013ms
[2026-04-03T02:22:18.419+0600][89.427s][info][gc,phases   ] GC(266) Concurrent Relocate 3.509ms
[2026-04-03T02:22:18.419+0600][89.427s][info][gc,load     ] GC(266) Load: 7.24/6.54/5.99
[2026-04-03T02:22:18.419+0600][89.427s][info][gc,mmu      ] GC(266) MMU: 2ms/90.1%, 5ms/96.1%, 10ms/98.0%, 20ms/99.0%, 50ms/99.6%, 100ms/99.7%
[2026-04-03T02:22:18.419+0600][89.427s][info][gc,marking  ] GC(266) Mark: 2 stripe(s), 2 proactive flush(es), 1 terminate flush(es), 0 completion(s), 0 continuation(s) 
[2026-04-03T02:22:18.419+0600][89.427s][info][gc,marking  ] GC(266) Mark Stack Usage: 32M
[2026-04-03T02:22:18.419+0600][89.427s][info][gc,nmethod  ] GC(266) NMethods: 15422 registered, 2612 unregistered
[2026-04-03T02:22:18.419+0600][89.427s][info][gc,metaspace] GC(266) Metaspace: 128M used, 129M committed, 1152M reserved
[2026-04-03T02:22:18.419+0600][89.427s][info][gc,ref      ] GC(266) Soft: 3389 encountered, 0 discovered, 0 enqueued
[2026-04-03T02:22:18.419+0600][89.427s][info][gc,ref      ] GC(266) Weak: 14870 encountered, 3592 discovered, 362 enqueued
[2026-04-03T02:22:18.419+0600][89.427s][info][gc,ref      ] GC(266) Final: 84 encountered, 0 discovered, 0 enqueued
[2026-04-03T02:22:18.419+0600][89.427s][info][gc,ref      ] GC(266) Phantom: 620 encountered, 509 discovered, 0 enqueued
[2026-04-03T02:22:18.419+0600][89.427s][info][gc,reloc    ] GC(266) Small Pages: 144 / 288M, Empty: 20M, Relocated: 5M, In-Place: 0
[2026-04-03T02:22:18.419+0600][89.427s][info][gc,reloc    ] GC(266) Medium Pages: 3 / 48M, Empty: 32M, Relocated: 0M, In-Place: 0
[2026-04-03T02:22:18.419+0600][89.427s][info][gc,reloc    ] GC(266) Large Pages: 75 / 448M, Empty: 444M, Relocated: 0M, In-Place: 0
[2026-04-03T02:22:18.419+0600][89.427s][info][gc,reloc    ] GC(266) Forwarding Usage: 1M
[2026-04-03T02:22:18.419+0600][89.427s][info][gc,heap     ] GC(266) Min Capacity: 8M(1%)
[2026-04-03T02:22:18.419+0600][89.427s][info][gc,heap     ] GC(266) Max Capacity: 1000M(100%)
[2026-04-03T02:22:18.419+0600][89.427s][info][gc,heap     ] GC(266) Soft Max Capacity: 1000M(100%)
[2026-04-03T02:22:18.419+0600][89.427s][info][gc,heap     ] GC(266)                Mark Start          Mark End        Relocate Start      Relocate End           High               Low         
[2026-04-03T02:22:18.419+0600][89.427s][info][gc,heap     ] GC(266)  Capacity:     1000M (100%)       1000M (100%)       1000M (100%)       1000M (100%)       1000M (100%)       1000M (100%)   
[2026-04-03T02:22:18.419+0600][89.427s][info][gc,heap     ] GC(266)      Free:      216M (22%)         112M (11%)         596M (60%)         746M (75%)         746M (75%)         104M (10%)    
[2026-04-03T02:22:18.419+0600][89.427s][info][gc,heap     ] GC(266)      Used:      784M (78%)         888M (89%)         404M (40%)         254M (25%)         896M (90%)         254M (25%)    
[2026-04-03T02:22:18.419+0600][89.427s][info][gc,heap     ] GC(266)      Live:         -               106M (11%)         106M (11%)         106M (11%)            -                  -          
[2026-04-03T02:22:18.419+0600][89.427s][info][gc,heap     ] GC(266) Allocated:         -               104M (10%)         116M (12%)         121M (12%)            -                  -          
[2026-04-03T02:22:18.419+0600][89.427s][info][gc,heap     ] GC(266)   Garbage:         -               677M (68%)         181M (18%)          25M (3%)             -                  -          
[2026-04-03T02:22:18.419+0600][89.427s][info][gc,heap     ] GC(266) Reclaimed:         -                  -               496M (50%)         651M (65%)            -                  -          
[2026-04-03T02:22:18.419+0600][89.427s][info][gc          ] GC(266) Garbage Collection (Allocation Rate) 784M(78%)->254M(25%)
[2026-04-03T02:22:18.496+0600][89.504s][info][gc,start    ] GC(267) Garbage Collection (Allocation Rate)
[2026-04-03T02:22:18.496+0600][89.504s][info][gc,task     ] GC(267) Using 3 workers
[2026-04-03T02:22:18.496+0600][89.504s][info][gc,phases   ] GC(267) Pause Mark Start 0.009ms
[2026-04-03T02:22:18.588+0600][89.596s][info][gc,phases   ] GC(267) Concurrent Mark 92.070ms
[2026-04-03T02:22:18.588+0600][89.597s][info][gc,phases   ] GC(267) Pause Mark End 0.031ms
[2026-04-03T02:22:18.589+0600][89.597s][info][gc,phases   ] GC(267) Concurrent Mark Free 0.009ms
[2026-04-03T02:22:18.606+0600][89.614s][info][gc,phases   ] GC(267) Concurrent Process Non-Strong References 16.922ms
[2026-04-03T02:22:18.606+0600][89.614s][info][gc,phases   ] GC(267) Concurrent Reset Relocation Set 0.011ms
[2026-04-03T02:22:18.609+0600][89.618s][info][gc,phases   ] GC(267) Concurrent Select Relocation Set 3.759ms
[2026-04-03T02:22:18.610+0600][89.618s][info][gc,phases   ] GC(267) Pause Relocate Start 0.014ms
[2026-04-03T02:22:18.612+0600][89.620s][info][gc,phases   ] GC(267) Concurrent Relocate 2.262ms
[2026-04-03T02:22:18.612+0600][89.620s][info][gc,load     ] GC(267) Load: 7.24/6.54/5.99
[2026-04-03T02:22:18.612+0600][89.620s][info][gc,mmu      ] GC(267) MMU: 2ms/90.1%, 5ms/96.1%, 10ms/98.0%, 20ms/99.0%, 50ms/99.6%, 100ms/99.7%
[2026-04-03T02:22:18.612+0600][89.620s][info][gc,marking  ] GC(267) Mark: 2 stripe(s), 2 proactive flush(es), 1 terminate flush(es), 0 completion(s), 0 continuation(s) 
[2026-04-03T02:22:18.612+0600][89.620s][info][gc,marking  ] GC(267) Mark Stack Usage: 32M
[2026-04-03T02:22:18.612+0600][89.620s][info][gc,nmethod  ] GC(267) NMethods: 15430 registered, 2617 unregistered
[2026-04-03T02:22:18.612+0600][89.620s][info][gc,metaspace] GC(267) Metaspace: 128M used, 129M committed, 1152M reserved
[2026-04-03T02:22:18.612+0600][89.620s][info][gc,ref      ] GC(267) Soft: 3389 encountered, 0 discovered, 0 enqueued
[2026-04-03T02:22:18.612+0600][89.620s][info][gc,ref      ] GC(267) Weak: 14768 encountered, 3604 discovered, 274 enqueued
[2026-04-03T02:22:18.612+0600][89.620s][info][gc,ref      ] GC(267) Final: 84 encountered, 0 discovered, 0 enqueued
[2026-04-03T02:22:18.612+0600][89.620s][info][gc,ref      ] GC(267) Phantom: 620 encountered, 508 discovered, 0 enqueued
[2026-04-03T02:22:18.612+0600][89.620s][info][gc,reloc    ] GC(267) Small Pages: 102 / 204M, Empty: 2M, Relocated: 3M, In-Place: 0
[2026-04-03T02:22:18.612+0600][89.621s][info][gc,reloc    ] GC(267) Medium Pages: 3 / 48M, Empty: 32M, Relocated: 0M, In-Place: 0
[2026-04-03T02:22:18.612+0600][89.621s][info][gc,reloc    ] GC(267) Large Pages: 6 / 34M, Empty: 30M, Relocated: 0M, In-Place: 0
[2026-04-03T02:22:18.612+0600][89.621s][info][gc,reloc    ] GC(267) Forwarding Usage: 1M
[2026-04-03T02:22:18.612+0600][89.621s][info][gc,heap     ] GC(267) Min Capacity: 8M(1%)
[2026-04-03T02:22:18.612+0600][89.621s][info][gc,heap     ] GC(267) Max Capacity: 1000M(100%)
[2026-04-03T02:22:18.612+0600][89.621s][info][gc,heap     ] GC(267) Soft Max Capacity: 1000M(100%)
[2026-04-03T02:22:18.612+0600][89.621s][info][gc,heap     ] GC(267)                Mark Start          Mark End        Relocate Start      Relocate End           High               Low         
[2026-04-03T02:22:18.613+0600][89.621s][info][gc,heap     ] GC(267)  Capacity:     1000M (100%)       1000M (100%)       1000M (100%)       1000M (100%)       1000M (100%)       1000M (100%)   
[2026-04-03T02:22:18.613+0600][89.621s][info][gc,heap     ] GC(267)      Free:      714M (71%)         674M (67%)         714M (71%)         804M (80%)         804M (80%)         654M (65%)    
[2026-04-03T02:22:18.613+0600][89.621s][info][gc,heap     ] GC(267)      Used:      286M (29%)         326M (33%)         286M (29%)         196M (20%)         346M (35%)         196M (20%)    
[2026-04-03T02:22:18.613+0600][89.621s][info][gc,heap     ] GC(267)      Live:         -               106M (11%)         106M (11%)         106M (11%)            -                  -          
[2026-04-03T02:22:18.613+0600][89.621s][info][gc,heap     ] GC(267) Allocated:         -                40M (4%)           64M (6%)           63M (6%)             -                  -          
[2026-04-03T02:22:18.613+0600][89.621s][info][gc,heap     ] GC(267)   Garbage:         -               179M (18%)         115M (12%)          25M (3%)             -                  -          
[2026-04-03T02:22:18.613+0600][89.621s][info][gc,heap     ] GC(267) Reclaimed:         -                  -                64M (6%)          153M (15%)            -                  -          
[2026-04-03T02:22:18.613+0600][89.621s][info][gc          ] GC(267) Garbage Collection (Allocation Rate) 286M(29%)->196M(20%)
[2026-04-03T02:22:18.696+0600][89.704s][info][gc,start    ] GC(268) Garbage Collection (Allocation Rate)
[2026-04-03T02:22:18.696+0600][89.704s][info][gc,task     ] GC(268) Using 3 workers
[2026-04-03T02:22:18.697+0600][89.705s][info][gc,phases   ] GC(268) Pause Mark Start 0.015ms
[2026-04-03T02:22:18.769+0600][89.777s][info][gc,phases   ] GC(268) Concurrent Mark 71.846ms
[2026-04-03T02:22:18.769+0600][89.777s][info][gc,phases   ] GC(268) Pause Mark End 0.024ms
[2026-04-03T02:22:18.769+0600][89.777s][info][gc,phases   ] GC(268) Concurrent Mark Free 0.005ms
[2026-04-03T02:22:18.784+0600][89.792s][info][gc,phases   ] GC(268) Concurrent Process Non-Strong References 14.500ms
[2026-04-03T02:22:18.784+0600][89.792s][info][gc,phases   ] GC(268) Concurrent Reset Relocation Set 0.006ms
[2026-04-03T02:22:18.786+0600][89.795s][info][gc,phases   ] GC(268) Concurrent Select Relocation Set 2.781ms
[2026-04-03T02:22:18.787+0600][89.795s][info][gc,phases   ] GC(268) Pause Relocate Start 0.013ms
[2026-04-03T02:22:18.788+0600][89.797s][info][gc,phases   ] GC(268) Concurrent Relocate 1.741ms
[2026-04-03T02:22:18.789+0600][89.797s][info][gc,load     ] GC(268) Load: 7.24/6.54/5.99
[2026-04-03T02:22:18.789+0600][89.797s][info][gc,mmu      ] GC(268) MMU: 2ms/90.1%, 5ms/96.1%, 10ms/98.0%, 20ms/99.0%, 50ms/99.6%, 100ms/99.7%
[2026-04-03T02:22:18.789+0600][89.797s][info][gc,marking  ] GC(268) Mark: 2 stripe(s), 2 proactive flush(es), 1 terminate flush(es), 0 completion(s), 0 continuation(s) 
[2026-04-03T02:22:18.789+0600][89.797s][info][gc,marking  ] GC(268) Mark Stack Usage: 32M
[2026-04-03T02:22:18.789+0600][89.797s][info][gc,nmethod  ] GC(268) NMethods: 15429 registered, 2619 unregistered
[2026-04-03T02:22:18.789+0600][89.797s][info][gc,metaspace] GC(268) Metaspace: 128M used, 129M committed, 1152M reserved
[2026-04-03T02:22:18.789+0600][89.797s][info][gc,ref      ] GC(268) Soft: 3389 encountered, 0 discovered, 0 enqueued
[2026-04-03T02:22:18.789+0600][89.797s][info][gc,ref      ] GC(268) Weak: 14495 encountered, 4598 discovered, 10 enqueued
[2026-04-03T02:22:18.789+0600][89.797s][info][gc,ref      ] GC(268) Final: 84 encountered, 0 discovered, 0 enqueued
[2026-04-03T02:22:18.789+0600][89.797s][info][gc,ref      ] GC(268) Phantom: 620 encountered, 350 discovered, 0 enqueued
[2026-04-03T02:22:18.789+0600][89.797s][info][gc,reloc    ] GC(268) Small Pages: 115 / 230M, Empty: 12M, Relocated: 3M, In-Place: 0
[2026-04-03T02:22:18.789+0600][89.797s][info][gc,reloc    ] GC(268) Medium Pages: 1 / 16M, Empty: 0M, Relocated: 0M, In-Place: 0
[2026-04-03T02:22:18.789+0600][89.797s][info][gc,reloc    ] GC(268) Large Pages: 1 / 4M, Empty: 0M, Relocated: 0M, In-Place: 0
[2026-04-03T02:22:18.789+0600][89.797s][info][gc,reloc    ] GC(268) Forwarding Usage: 1M
[2026-04-03T02:22:18.789+0600][89.797s][info][gc,heap     ] GC(268) Min Capacity: 8M(1%)
[2026-04-03T02:22:18.789+0600][89.797s][info][gc,heap     ] GC(268) Max Capacity: 1000M(100%)
[2026-04-03T02:22:18.789+0600][89.797s][info][gc,heap     ] GC(268) Soft Max Capacity: 1000M(100%)
[2026-04-03T02:22:18.789+0600][89.797s][info][gc,heap     ] GC(268)                Mark Start          Mark End        Relocate Start      Relocate End           High               Low         
[2026-04-03T02:22:18.789+0600][89.797s][info][gc,heap     ] GC(268)  Capacity:     1000M (100%)       1000M (100%)       1000M (100%)       1000M (100%)       1000M (100%)       1000M (100%)   
[2026-04-03T02:22:18.789+0600][89.797s][info][gc,heap     ] GC(268)      Free:      750M (75%)         712M (71%)         714M (71%)         820M (82%)         820M (82%)         702M (70%)    
[2026-04-03T02:22:18.789+0600][89.797s][info][gc,heap     ] GC(268)      Used:      250M (25%)         288M (29%)         286M (29%)         180M (18%)         298M (30%)         180M (18%)    
[2026-04-03T02:22:18.789+0600][89.797s][info][gc,heap     ] GC(268)      Live:         -               106M (11%)         106M (11%)         106M (11%)            -                  -          
[2026-04-03T02:22:18.789+0600][89.797s][info][gc,heap     ] GC(268) Allocated:         -                38M (4%)           48M (5%)           47M (5%)             -                  -          
[2026-04-03T02:22:18.789+0600][89.797s][info][gc,heap     ] GC(268)   Garbage:         -               143M (14%)         131M (13%)          25M (3%)             -                  -          
[2026-04-03T02:22:18.789+0600][89.797s][info][gc,heap     ] GC(268) Reclaimed:         -                  -                12M (1%)          117M (12%)            -                  -          
[2026-04-03T02:22:18.789+0600][89.797s][info][gc          ] GC(268) Garbage Collection (Allocation Rate) 250M(25%)->180M(18%)
[2026-04-03T02:22:18.895+0600][89.903s][info][gc,start    ] GC(269) Garbage Collection (Allocation Rate)
[2026-04-03T02:22:18.895+0600][89.904s][info][gc,task     ] GC(269) Using 3 workers
[2026-04-03T02:22:18.896+0600][89.904s][info][gc,phases   ] GC(269) Pause Mark Start 0.015ms
[2026-04-03T02:22:19.017+0600][90.025s][info][gc,phases   ] GC(269) Concurrent Mark 120.822ms
[2026-04-03T02:22:19.017+0600][90.025s][info][gc,phases   ] GC(269) Pause Mark End 0.036ms
[2026-04-03T02:22:19.018+0600][90.026s][info][gc,phases   ] GC(269) Concurrent Mark Free 0.003ms
[2026-04-03T02:22:19.039+0600][90.047s][info][gc,phases   ] GC(269) Concurrent Process Non-Strong References 21.246ms
[2026-04-03T02:22:19.039+0600][90.047s][info][gc,phases   ] GC(269) Concurrent Reset Relocation Set 0.008ms
[2026-04-03T02:22:19.042+0600][90.050s][info][gc,phases   ] GC(269) Concurrent Select Relocation Set 2.968ms
[2026-04-03T02:22:19.042+0600][90.050s][info][gc,phases   ] GC(269) Pause Relocate Start 0.011ms
[2026-04-03T02:22:19.047+0600][90.055s][info][gc,phases   ] GC(269) Concurrent Relocate 4.573ms
[2026-04-03T02:22:19.047+0600][90.055s][info][gc,load     ] GC(269) Load: 7.24/6.54/5.99
[2026-04-03T02:22:19.047+0600][90.055s][info][gc,mmu      ] GC(269) MMU: 2ms/90.1%, 5ms/96.1%, 10ms/98.0%, 20ms/99.0%, 50ms/99.6%, 100ms/99.7%
[2026-04-03T02:22:19.047+0600][90.055s][info][gc,marking  ] GC(269) Mark: 2 stripe(s), 2 proactive flush(es), 1 terminate flush(es), 0 completion(s), 0 continuation(s) 
[2026-04-03T02:22:19.047+0600][90.055s][info][gc,marking  ] GC(269) Mark Stack Usage: 32M
[2026-04-03T02:22:19.047+0600][90.055s][info][gc,nmethod  ] GC(269) NMethods: 15430 registered, 2622 unregistered
[2026-04-03T02:22:19.047+0600][90.055s][info][gc,metaspace] GC(269) Metaspace: 128M used, 129M committed, 1152M reserved
[2026-04-03T02:22:19.047+0600][90.055s][info][gc,ref      ] GC(269) Soft: 3397 encountered, 0 discovered, 0 enqueued
[2026-04-03T02:22:19.047+0600][90.055s][info][gc,ref      ] GC(269) Weak: 14765 encountered, 2188 discovered, 19 enqueued
[2026-04-03T02:22:19.047+0600][90.055s][info][gc,ref      ] GC(269) Final: 84 encountered, 0 discovered, 0 enqueued
[2026-04-03T02:22:19.047+0600][90.055s][info][gc,ref      ] GC(269) Phantom: 620 encountered, 361 discovered, 0 enqueued
[2026-04-03T02:22:19.047+0600][90.055s][info][gc,reloc    ] GC(269) Small Pages: 136 / 272M, Empty: 26M, Relocated: 4M, In-Place: 0
[2026-04-03T02:22:19.047+0600][90.055s][info][gc,reloc    ] GC(269) Medium Pages: 3 / 48M, Empty: 32M, Relocated: 0M, In-Place: 0
[2026-04-03T02:22:19.047+0600][90.055s][info][gc,reloc    ] GC(269) Large Pages: 4 / 22M, Empty: 18M, Relocated: 0M, In-Place: 0
[2026-04-03T02:22:19.047+0600][90.055s][info][gc,reloc    ] GC(269) Forwarding Usage: 1M
[2026-04-03T02:22:19.047+0600][90.055s][info][gc,heap     ] GC(269) Min Capacity: 8M(1%)
[2026-04-03T02:22:19.047+0600][90.055s][info][gc,heap     ] GC(269) Max Capacity: 1000M(100%)
[2026-04-03T02:22:19.047+0600][90.055s][info][gc,heap     ] GC(269) Soft Max Capacity: 1000M(100%)
[2026-04-03T02:22:19.047+0600][90.055s][info][gc,heap     ] GC(269)                Mark Start          Mark End        Relocate Start      Relocate End           High               Low         
[2026-04-03T02:22:19.047+0600][90.055s][info][gc,heap     ] GC(269)  Capacity:     1000M (100%)       1000M (100%)       1000M (100%)       1000M (100%)       1000M (100%)       1000M (100%)   
[2026-04-03T02:22:19.047+0600][90.055s][info][gc,heap     ] GC(269)      Free:      658M (66%)         490M (49%)         526M (53%)         656M (66%)         658M (66%)         450M (45%)    
[2026-04-03T02:22:19.047+0600][90.055s][info][gc,heap     ] GC(269)      Used:      342M (34%)         510M (51%)         474M (47%)         344M (34%)         550M (55%)         342M (34%)    
[2026-04-03T02:22:19.047+0600][90.056s][info][gc,heap     ] GC(269)      Live:         -               109M (11%)         109M (11%)         109M (11%)            -                  -          
[2026-04-03T02:22:19.047+0600][90.056s][info][gc,heap     ] GC(269) Allocated:         -               168M (17%)         208M (21%)         207M (21%)            -                  -          
[2026-04-03T02:22:19.047+0600][90.056s][info][gc,heap     ] GC(269)   Garbage:         -               232M (23%)         156M (16%)          26M (3%)             -                  -          
[2026-04-03T02:22:19.047+0600][90.056s][info][gc,heap     ] GC(269) Reclaimed:         -                  -                76M (8%)          205M (21%)            -                  -          
[2026-04-03T02:22:19.047+0600][90.056s][info][gc          ] GC(269) Garbage Collection (Allocation Rate) 342M(34%)->344M(34%)
[2026-04-03T02:22:19.096+0600][90.104s][info][gc,stats    ] === Garbage Collection Statistics =======================================================================================================================
[2026-04-03T02:22:19.096+0600][90.104s][info][gc,stats    ]                                                              Last 10s              Last 10m              Last 10h                Total
[2026-04-03T02:22:19.096+0600][90.104s][info][gc,start    ] GC(270) Garbage Collection (Allocation Rate)
[2026-04-03T02:22:19.096+0600][90.104s][info][gc,stats    ]                                                              Avg / Max             Avg / Max             Avg / Max             Avg / Max
[2026-04-03T02:22:19.096+0600][90.104s][info][gc,task     ] GC(270) Using 3 workers
[2026-04-03T02:22:19.096+0600][90.104s][info][gc,stats    ]   Collector: Garbage Collection Cycle                    152.520 / 232.101     148.737 / 338.081     148.737 / 338.081     148.737 / 338.081     ms
[2026-04-03T02:22:19.096+0600][90.104s][info][gc,stats    ]  Contention: Mark Segment Reset Contention                    37 / 109              29 / 213              29 / 213              29 / 213         ops/s
[2026-04-03T02:22:19.096+0600][90.104s][info][gc,stats    ]  Contention: Mark SeqNum Reset Contention                      0 / 2                 0 / 3                 0 / 3                 0 / 3           ops/s
[2026-04-03T02:22:19.096+0600][90.104s][info][gc,stats    ]    Critical: Allocation Stall                                  0 / 4                 0 / 7                 0 / 7                 0 / 7           ops/s
[2026-04-03T02:22:19.096+0600][90.104s][info][gc,stats    ]    Critical: Allocation Stall                             33.640 / 41.649       34.572 / 72.319       34.572 / 72.319       34.572 / 72.319      ms
[2026-04-03T02:22:19.096+0600][90.104s][info][gc,stats    ]    Critical: GC Locker Stall                                   2 / 6                 1 / 6                 1 / 6                 1 / 6           ops/s
[2026-04-03T02:22:19.096+0600][90.104s][info][gc,stats    ]    Critical: GC Locker Stall                               0.019 / 0.078         0.024 / 0.204         0.024 / 0.204         0.024 / 0.204       ms
[2026-04-03T02:22:19.096+0600][90.104s][info][gc,stats    ]    Critical: Relocation Stall                                  0 / 0                 0 / 0                 0 / 0                 0 / 0           ops/s
[2026-04-03T02:22:19.096+0600][90.104s][info][gc,stats    ]    Critical: Relocation Stall                              0.000 / 0.000         0.000 / 0.000         0.000 / 0.000         0.000 / 0.000       ms
[2026-04-03T02:22:19.096+0600][90.104s][info][gc,stats    ]      Memory: Allocation Rate                                1331 / 1796            990 / 1922            990 / 1922            990 / 1922        MB/s
[2026-04-03T02:22:19.096+0600][90.104s][info][gc,stats    ]      Memory: Defragment                                       42 / 92               31 / 126              31 / 126              31 / 126         ops/s
[2026-04-03T02:22:19.096+0600][90.104s][info][gc,stats    ]      Memory: Out Of Memory                                     0 / 0                 0 / 0                 0 / 0                 0 / 0           ops/s
[2026-04-03T02:22:19.096+0600][90.104s][info][gc,stats    ]      Memory: Page Cache Flush                                198 / 384             157 / 634             157 / 634             157 / 634         MB/s
[2026-04-03T02:22:19.096+0600][90.104s][info][gc,stats    ]      Memory: Page Cache Hit L1                               444 / 547             323 / 547             323 / 547             323 / 547         ops/s
[2026-04-03T02:22:19.096+0600][90.104s][info][gc,stats    ]      Memory: Page Cache Hit L2                                 0 / 0                 0 / 0                 0 / 0                 0 / 0           ops/s
[2026-04-03T02:22:19.096+0600][90.104s][info][gc,stats    ]      Memory: Page Cache Hit L3                                31 / 62               25 / 98               25 / 98               25 / 98          ops/s
[2026-04-03T02:22:19.096+0600][90.104s][info][gc,stats    ]      Memory: Page Cache Miss                                  15 / 52               14 / 98               14 / 98               14 / 98          ops/s
[2026-04-03T02:22:19.096+0600][90.104s][info][gc,stats    ]      Memory: Uncommit                                          0 / 0                 0 / 0                 0 / 0                 0 / 0           MB/s
[2026-04-03T02:22:19.096+0600][90.104s][info][gc,stats    ]      Memory: Undo Object Allocation Failed                     0 / 0                 0 / 0                 0 / 0                 0 / 0           ops/s
[2026-04-03T02:22:19.096+0600][90.104s][info][gc,stats    ]      Memory: Undo Object Allocation Succeeded                  4 / 13               19 / 565              19 / 565              19 / 565         ops/s
[2026-04-03T02:22:19.096+0600][90.104s][info][gc,stats    ]      Memory: Undo Page Allocation                              0 / 3                 1 / 10                1 / 10                1 / 10          ops/s
[2026-04-03T02:22:19.096+0600][90.104s][info][gc,stats    ]       Phase: Concurrent Mark                             116.783 / 186.591     111.362 / 204.527     111.362 / 204.527     111.362 / 204.527     ms
[2026-04-03T02:22:19.096+0600][90.104s][info][gc,stats    ]       Phase: Concurrent Mark Continue                      0.000 / 0.000         0.000 / 0.000         0.000 / 0.000         0.000 / 0.000       ms
[2026-04-03T02:22:19.096+0600][90.104s][info][gc,stats    ]       Phase: Concurrent Mark Free                          0.003 / 0.009         0.003 / 0.036         0.003 / 0.036         0.003 / 0.036       ms
[2026-04-03T02:22:19.096+0600][90.104s][info][gc,stats    ]       Phase: Concurrent Process Non-Strong References     25.536 / 62.184       25.415 / 67.924       25.415 / 67.924       25.415 / 67.924      ms
[2026-04-03T02:22:19.096+0600][90.104s][info][gc,stats    ]       Phase: Concurrent Relocate                           4.343 / 9.940         5.578 / 97.082        5.578 / 97.082        5.578 / 97.082      ms
[2026-04-03T02:22:19.096+0600][90.104s][info][gc,stats    ]       Phase: Concurrent Reset Relocation Set               0.012 / 0.029         0.012 / 0.063         0.012 / 0.063         0.012 / 0.063       ms
[2026-04-03T02:22:19.096+0600][90.104s][info][gc,stats    ]       Phase: Concurrent Select Relocation Set              4.099 / 5.577         4.290 / 19.584        4.290 / 19.584        4.290 / 19.584      ms
[2026-04-03T02:22:19.096+0600][90.104s][info][gc,stats    ]       Phase: Pause Mark End                                0.046 / 0.196         0.042 / 0.196         0.042 / 0.196         0.042 / 0.196       ms
[2026-04-03T02:22:19.096+0600][90.104s][info][gc,stats    ]       Phase: Pause Mark Start                              0.017 / 0.064         0.018 / 0.094         0.018 / 0.094         0.018 / 0.094       ms
[2026-04-03T02:22:19.096+0600][90.104s][info][gc,stats    ]       Phase: Pause Relocate Start                          0.017 / 0.056         0.018 / 0.197         0.018 / 0.197         0.018 / 0.197       ms
[2026-04-03T02:22:19.096+0600][90.104s][info][gc,stats    ]    Subphase: Concurrent Classes Purge                      0.092 / 0.368         0.135 / 2.956         0.135 / 2.956         0.135 / 2.956       ms
[2026-04-03T02:22:19.096+0600][90.104s][info][gc,stats    ]    Subphase: Concurrent Classes Unlink                    22.188 / 58.314       22.064 / 63.623       22.064 / 63.623       22.064 / 63.623      ms
[2026-04-03T02:22:19.096+0600][90.104s][info][gc,stats    ]    Subphase: Concurrent Mark                             111.080 / 182.191     105.942 / 200.727     105.942 / 200.727     105.942 / 200.727     ms
[2026-04-03T02:22:19.096+0600][90.104s][info][gc,stats    ]    Subphase: Concurrent Mark Try Flush                     0.387 / 4.295         0.407 / 4.495         0.407 / 4.495         0.407 / 4.495       ms
[2026-04-03T02:22:19.096+0600][90.104s][info][gc,stats    ]    Subphase: Concurrent Mark Try Terminate                 0.715 / 2.447         0.768 / 4.309         0.768 / 4.309         0.768 / 4.309       ms
[2026-04-03T02:22:19.096+0600][90.104s][info][gc,stats    ]    Subphase: Concurrent References Enqueue                 0.009 / 0.027         0.009 / 0.027         0.009 / 0.027         0.009 / 0.027       ms
[2026-04-03T02:22:19.096+0600][90.104s][info][gc,stats    ]    Subphase: Concurrent References Process                 0.718 / 1.606         0.717 / 3.978         0.717 / 3.978         0.717 / 3.978       ms
[2026-04-03T02:22:19.096+0600][90.104s][info][gc,stats    ]    Subphase: Concurrent Roots ClassLoaderDataGraph         0.384 / 0.988         0.393 / 1.863         0.393 / 1.863         0.393 / 1.863       ms
[2026-04-03T02:22:19.096+0600][90.104s][info][gc,stats    ]    Subphase: Concurrent Roots CodeCache                    0.000 / 0.000         0.000 / 0.000         0.000 / 0.000         0.000 / 0.000       ms
[2026-04-03T02:22:19.096+0600][90.104s][info][gc,stats    ]    Subphase: Concurrent Roots JavaThreads                  1.050 / 2.365         1.240 / 10.683        1.240 / 10.683        1.240 / 10.683      ms
[2026-04-03T02:22:19.096+0600][90.105s][info][gc,stats    ]    Subphase: Concurrent Roots OopStorageSet                0.091 / 0.397         0.089 / 2.356         0.089 / 2.356         0.089 / 2.356       ms
[2026-04-03T02:22:19.096+0600][90.105s][info][gc,stats    ]    Subphase: Concurrent Weak Roots OopStorageSet           1.456 / 2.620         1.394 / 3.609         1.394 / 3.609         1.394 / 3.609       ms
[2026-04-03T02:22:19.096+0600][90.105s][info][gc,stats    ]    Subphase: Pause Mark Try Complete                       0.002 / 0.006         0.003 / 0.028         0.003 / 0.028         0.003 / 0.028       ms
[2026-04-03T02:22:19.096+0600][90.105s][info][gc,stats    ]      System: Java Threads                                    284 / 286             276 / 292             276 / 292             276 / 292         threads
[2026-04-03T02:22:19.096+0600][90.105s][info][gc,stats    ] =========================================================================================================================================================
[2026-04-03T02:22:19.096+0600][90.105s][info][gc,phases   ] GC(270) Pause Mark Start 0.018ms
[2026-04-03T02:22:19.212+0600][90.220s][info][gc,phases   ] GC(270) Concurrent Mark 115.530ms
[2026-04-03T02:22:19.212+0600][90.220s][info][gc,phases   ] GC(270) Pause Mark End 0.041ms
[2026-04-03T02:22:19.213+0600][90.221s][info][gc,phases   ] GC(270) Concurrent Mark Free 0.003ms
[2026-04-03T02:22:19.237+0600][90.245s][info][gc,phases   ] GC(270) Concurrent Process Non-Strong References 24.766ms
[2026-04-03T02:22:19.237+0600][90.245s][info][gc,phases   ] GC(270) Concurrent Reset Relocation Set 0.012ms
[2026-04-03T02:22:19.242+0600][90.250s][info][gc,phases   ] GC(270) Concurrent Select Relocation Set 4.685ms
[2026-04-03T02:22:19.243+0600][90.251s][info][gc,phases   ] GC(270) Pause Relocate Start 0.017ms
[2026-04-03T02:22:19.249+0600][90.257s][info][gc,phases   ] GC(270) Concurrent Relocate 6.299ms
[2026-04-03T02:22:19.249+0600][90.257s][info][gc,load     ] GC(270) Load: 7.24/6.54/5.99
[2026-04-03T02:22:19.249+0600][90.257s][info][gc,mmu      ] GC(270) MMU: 2ms/90.1%, 5ms/96.1%, 10ms/98.0%, 20ms/99.0%, 50ms/99.6%, 100ms/99.7%
[2026-04-03T02:22:19.249+0600][90.257s][info][gc,marking  ] GC(270) Mark: 2 stripe(s), 2 proactive flush(es), 1 terminate flush(es), 0 completion(s), 0 continuation(s) 
[2026-04-03T02:22:19.249+0600][90.257s][info][gc,marking  ] GC(270) Mark Stack Usage: 32M
[2026-04-03T02:22:19.249+0600][90.257s][info][gc,nmethod  ] GC(270) NMethods: 15435 registered, 2624 unregistered
[2026-04-03T02:22:19.249+0600][90.257s][info][gc,metaspace] GC(270) Metaspace: 128M used, 129M committed, 1152M reserved
[2026-04-03T02:22:19.249+0600][90.257s][info][gc,ref      ] GC(270) Soft: 3397 encountered, 0 discovered, 0 enqueued
[2026-04-03T02:22:19.249+0600][90.257s][info][gc,ref      ] GC(270) Weak: 15108 encountered, 5041 discovered, 8 enqueued
[2026-04-03T02:22:19.249+0600][90.257s][info][gc,ref      ] GC(270) Final: 84 encountered, 0 discovered, 0 enqueued
[2026-04-03T02:22:19.249+0600][90.257s][info][gc,ref      ] GC(270) Phantom: 620 encountered, 473 discovered, 0 enqueued
[2026-04-03T02:22:19.249+0600][90.257s][info][gc,reloc    ] GC(270) Small Pages: 152 / 304M, Empty: 32M, Relocated: 6M, In-Place: 0
[2026-04-03T02:22:19.249+0600][90.257s][info][gc,reloc    ] GC(270) Medium Pages: 4 / 64M, Empty: 32M, Relocated: 6M, In-Place: 0
[2026-04-03T02:22:19.249+0600][90.257s][info][gc,reloc    ] GC(270) Large Pages: 6 / 34M, Empty: 30M, Relocated: 0M, In-Place: 0
[2026-04-03T02:22:19.249+0600][90.257s][info][gc,reloc    ] GC(270) Forwarding Usage: 2M
[2026-04-03T02:22:19.249+0600][90.257s][info][gc,heap     ] GC(270) Min Capacity: 8M(1%)
[2026-04-03T02:22:19.249+0600][90.257s][info][gc,heap     ] GC(270) Max Capacity: 1000M(100%)
[2026-04-03T02:22:19.249+0600][90.258s][info][gc,heap     ] GC(270) Soft Max Capacity: 1000M(100%)
[2026-04-03T02:22:19.249+0600][90.258s][info][gc,heap     ] GC(270)                Mark Start          Mark End        Relocate Start      Relocate End           High               Low         
[2026-04-03T02:22:19.249+0600][90.258s][info][gc,heap     ] GC(270)  Capacity:     1000M (100%)       1000M (100%)       1000M (100%)       1000M (100%)       1000M (100%)       1000M (100%)   
[2026-04-03T02:22:19.249+0600][90.258s][info][gc,heap     ] GC(270)      Free:      598M (60%)         446M (45%)         500M (50%)         670M (67%)         670M (67%)         406M (41%)    
[2026-04-03T02:22:19.249+0600][90.258s][info][gc,heap     ] GC(270)      Used:      402M (40%)         554M (55%)         500M (50%)         330M (33%)         594M (59%)         330M (33%)    
[2026-04-03T02:22:19.249+0600][90.258s][info][gc,heap     ] GC(270)      Live:         -               111M (11%)         111M (11%)         111M (11%)            -                  -          
[2026-04-03T02:22:19.249+0600][90.258s][info][gc,heap     ] GC(270) Allocated:         -               152M (15%)         192M (19%)         191M (19%)            -                  -          
[2026-04-03T02:22:19.250+0600][90.258s][info][gc,heap     ] GC(270)   Garbage:         -               290M (29%)         196M (20%)          26M (3%)             -                  -          
[2026-04-03T02:22:19.250+0600][90.258s][info][gc,heap     ] GC(270) Reclaimed:         -                  -                94M (9%)          263M (26%)            -                  -          
[2026-04-03T02:22:19.250+0600][90.258s][info][gc          ] GC(270) Garbage Collection (Allocation Rate) 402M(40%)->330M(33%)
[2026-04-03T02:22:19.296+0600][90.304s][info][gc,start    ] GC(271) Garbage Collection (Allocation Rate)
[2026-04-03T02:22:19.296+0600][90.304s][info][gc,task     ] GC(271) Using 3 workers
[2026-04-03T02:22:19.296+0600][90.304s][info][gc,phases   ] GC(271) Pause Mark Start 0.011ms
[2026-04-03T02:22:19.428+0600][90.436s][info][gc,phases   ] GC(271) Concurrent Mark 131.563ms
[2026-04-03T02:22:19.428+0600][90.436s][info][gc,phases   ] GC(271) Pause Mark End 0.049ms
[2026-04-03T02:22:19.428+0600][90.437s][info][gc,phases   ] GC(271) Concurrent Mark Free 0.003ms
[2026-04-03T02:22:19.452+0600][90.460s][info][gc,phases   ] GC(271) Concurrent Process Non-Strong References 23.866ms
[2026-04-03T02:22:19.452+0600][90.461s][info][gc,phases   ] GC(271) Concurrent Reset Relocation Set 0.012ms
[2026-04-03T02:22:19.456+0600][90.464s][info][gc,phases   ] GC(271) Concurrent Select Relocation Set 3.688ms
[2026-04-03T02:22:19.456+0600][90.465s][info][gc,phases   ] GC(271) Pause Relocate Start 0.018ms
[2026-04-03T02:22:19.460+0600][90.468s][info][gc,phases   ] GC(271) Concurrent Relocate 3.559ms
[2026-04-03T02:22:19.460+0600][90.468s][info][gc,load     ] GC(271) Load: 7.24/6.54/5.99
[2026-04-03T02:22:19.460+0600][90.468s][info][gc,mmu      ] GC(271) MMU: 2ms/90.1%, 5ms/96.1%, 10ms/98.0%, 20ms/99.0%, 50ms/99.6%, 100ms/99.7%
[2026-04-03T02:22:19.460+0600][90.468s][info][gc,marking  ] GC(271) Mark: 2 stripe(s), 2 proactive flush(es), 1 terminate flush(es), 0 completion(s), 0 continuation(s) 
[2026-04-03T02:22:19.460+0600][90.468s][info][gc,marking  ] GC(271) Mark Stack Usage: 32M
[2026-04-03T02:22:19.460+0600][90.468s][info][gc,nmethod  ] GC(271) NMethods: 15436 registered, 2628 unregistered
[2026-04-03T02:22:19.460+0600][90.468s][info][gc,metaspace] GC(271) Metaspace: 128M used, 129M committed, 1152M reserved
[2026-04-03T02:22:19.460+0600][90.468s][info][gc,ref      ] GC(271) Soft: 3397 encountered, 0 discovered, 0 enqueued
[2026-04-03T02:22:19.460+0600][90.468s][info][gc,ref      ] GC(271) Weak: 15461 encountered, 5350 discovered, 11 enqueued
[2026-04-03T02:22:19.460+0600][90.468s][info][gc,ref      ] GC(271) Final: 84 encountered, 0 discovered, 0 enqueued
[2026-04-03T02:22:19.460+0600][90.468s][info][gc,ref      ] GC(271) Phantom: 620 encountered, 419 discovered, 0 enqueued
[2026-04-03T02:22:19.460+0600][90.468s][info][gc,reloc    ] GC(271) Small Pages: 148 / 296M, Empty: 54M, Relocated: 5M, In-Place: 0
[2026-04-03T02:22:19.460+0600][90.468s][info][gc,reloc    ] GC(271) Medium Pages: 4 / 64M, Empty: 48M, Relocated: 0M, In-Place: 0
[2026-04-03T02:22:19.460+0600][90.468s][info][gc,reloc    ] GC(271) Large Pages: 6 / 34M, Empty: 30M, Relocated: 0M, In-Place: 0
[2026-04-03T02:22:19.460+0600][90.468s][info][gc,reloc    ] GC(271) Forwarding Usage: 1M
[2026-04-03T02:22:19.460+0600][90.468s][info][gc,heap     ] GC(271) Min Capacity: 8M(1%)
[2026-04-03T02:22:19.460+0600][90.468s][info][gc,heap     ] GC(271) Max Capacity: 1000M(100%)
[2026-04-03T02:22:19.460+0600][90.468s][info][gc,heap     ] GC(271) Soft Max Capacity: 1000M(100%)
[2026-04-03T02:22:19.460+0600][90.468s][info][gc,heap     ] GC(271)                Mark Start          Mark End        Relocate Start      Relocate End           High               Low         
[2026-04-03T02:22:19.460+0600][90.468s][info][gc,heap     ] GC(271)  Capacity:     1000M (100%)       1000M (100%)       1000M (100%)       1000M (100%)       1000M (100%)       1000M (100%)   
[2026-04-03T02:22:19.460+0600][90.469s][info][gc,heap     ] GC(271)      Free:      606M (61%)         424M (42%)         514M (51%)         640M (64%)         640M (64%)         382M (38%)    
[2026-04-03T02:22:19.460+0600][90.469s][info][gc,heap     ] GC(271)      Used:      394M (39%)         576M (58%)         486M (49%)         360M (36%)         618M (62%)         360M (36%)    
[2026-04-03T02:22:19.460+0600][90.469s][info][gc,heap     ] GC(271)      Live:         -               109M (11%)         109M (11%)         109M (11%)            -                  -          
[2026-04-03T02:22:19.460+0600][90.469s][info][gc,heap     ] GC(271) Allocated:         -               182M (18%)         224M (22%)         225M (23%)            -                  -          
[2026-04-03T02:22:19.460+0600][90.469s][info][gc,heap     ] GC(271)   Garbage:         -               284M (28%)         152M (15%)          24M (2%)             -                  -          
[2026-04-03T02:22:19.460+0600][90.469s][info][gc,heap     ] GC(271) Reclaimed:         -                  -               132M (13%)         259M (26%)            -                  -          
[2026-04-03T02:22:19.461+0600][90.469s][info][gc          ] GC(271) Garbage Collection (Allocation Rate) 394M(39%)->360M(36%)
[2026-04-03T02:22:19.495+0600][90.503s][info][gc,start    ] GC(272) Garbage Collection (Allocation Rate)
[2026-04-03T02:22:19.495+0600][90.503s][info][gc,task     ] GC(272) Using 3 workers
[2026-04-03T02:22:19.496+0600][90.504s][info][gc,phases   ] GC(272) Pause Mark Start 0.020ms
[2026-04-03T02:22:19.618+0600][90.626s][info][gc,phases   ] GC(272) Concurrent Mark 121.862ms
[2026-04-03T02:22:19.618+0600][90.626s][info][gc,phases   ] GC(272) Pause Mark End 0.039ms
[2026-04-03T02:22:19.618+0600][90.626s][info][gc,phases   ] GC(272) Concurrent Mark Free 0.004ms
[2026-04-03T02:22:19.643+0600][90.651s][info][gc,phases   ] GC(272) Concurrent Process Non-Strong References 24.732ms
[2026-04-03T02:22:19.643+0600][90.651s][info][gc,phases   ] GC(272) Concurrent Reset Relocation Set 0.007ms
[2026-04-03T02:22:19.646+0600][90.654s][info][gc,phases   ] GC(272) Concurrent Select Relocation Set 3.054ms
[2026-04-03T02:22:19.646+0600][90.654s][info][gc,phases   ] GC(272) Pause Relocate Start 0.014ms
[2026-04-03T02:22:19.649+0600][90.657s][info][gc,phases   ] GC(272) Concurrent Relocate 2.877ms
[2026-04-03T02:22:19.649+0600][90.657s][info][gc,load     ] GC(272) Load: 7.24/6.54/5.99
[2026-04-03T02:22:19.649+0600][90.657s][info][gc,mmu      ] GC(272) MMU: 2ms/90.1%, 5ms/96.1%, 10ms/98.0%, 20ms/99.0%, 50ms/99.6%, 100ms/99.7%
[2026-04-03T02:22:19.649+0600][90.657s][info][gc,marking  ] GC(272) Mark: 2 stripe(s), 2 proactive flush(es), 1 terminate flush(es), 0 completion(s), 0 continuation(s) 
[2026-04-03T02:22:19.649+0600][90.657s][info][gc,marking  ] GC(272) Mark Stack Usage: 32M
[2026-04-03T02:22:19.649+0600][90.657s][info][gc,nmethod  ] GC(272) NMethods: 15434 registered, 2632 unregistered
[2026-04-03T02:22:19.649+0600][90.657s][info][gc,metaspace] GC(272) Metaspace: 128M used, 129M committed, 1152M reserved
[2026-04-03T02:22:19.649+0600][90.657s][info][gc,ref      ] GC(272) Soft: 3389 encountered, 0 discovered, 0 enqueued
[2026-04-03T02:22:19.649+0600][90.657s][info][gc,ref      ] GC(272) Weak: 15736 encountered, 5151 discovered, 10 enqueued
[2026-04-03T02:22:19.649+0600][90.658s][info][gc,ref      ] GC(272) Final: 84 encountered, 0 discovered, 0 enqueued
[2026-04-03T02:22:19.649+0600][90.658s][info][gc,ref      ] GC(272) Phantom: 620 encountered, 508 discovered, 0 enqueued
[2026-04-03T02:22:19.649+0600][90.658s][info][gc,reloc    ] GC(272) Small Pages: 150 / 300M, Empty: 44M, Relocated: 2M, In-Place: 0
[2026-04-03T02:22:19.649+0600][90.658s][info][gc,reloc    ] GC(272) Medium Pages: 4 / 64M, Empty: 48M, Relocated: 0M, In-Place: 0
[2026-04-03T02:22:19.649+0600][90.658s][info][gc,reloc    ] GC(272) Large Pages: 5 / 28M, Empty: 24M, Relocated: 0M, In-Place: 0
[2026-04-03T02:22:19.649+0600][90.658s][info][gc,reloc    ] GC(272) Forwarding Usage: 1M
[2026-04-03T02:22:19.649+0600][90.658s][info][gc,heap     ] GC(272) Min Capacity: 8M(1%)
[2026-04-03T02:22:19.650+0600][90.658s][info][gc,heap     ] GC(272) Max Capacity: 1000M(100%)
[2026-04-03T02:22:19.650+0600][90.658s][info][gc,heap     ] GC(272) Soft Max Capacity: 1000M(100%)
[2026-04-03T02:22:19.650+0600][90.658s][info][gc,heap     ] GC(272)                Mark Start          Mark End        Relocate Start      Relocate End           High               Low         
[2026-04-03T02:22:19.650+0600][90.658s][info][gc,heap     ] GC(272)  Capacity:     1000M (100%)       1000M (100%)       1000M (100%)       1000M (100%)       1000M (100%)       1000M (100%)   
[2026-04-03T02:22:19.650+0600][90.658s][info][gc,heap     ] GC(272)      Free:      608M (61%)         446M (45%)         542M (54%)         682M (68%)         682M (68%)         426M (43%)    
[2026-04-03T02:22:19.650+0600][90.658s][info][gc,heap     ] GC(272)      Used:      392M (39%)         554M (55%)         458M (46%)         318M (32%)         574M (57%)         318M (32%)    
[2026-04-03T02:22:19.650+0600][90.658s][info][gc,heap     ] GC(272)      Live:         -               107M (11%)         107M (11%)         107M (11%)            -                  -          
[2026-04-03T02:22:19.650+0600][90.658s][info][gc,heap     ] GC(272) Allocated:         -               162M (16%)         182M (18%)         183M (18%)            -                  -          
[2026-04-03T02:22:19.650+0600][90.658s][info][gc,heap     ] GC(272)   Garbage:         -               284M (28%)         168M (17%)          26M (3%)             -                  -          
[2026-04-03T02:22:19.650+0600][90.658s][info][gc,heap     ] GC(272) Reclaimed:         -                  -               116M (12%)         257M (26%)            -                  -          
[2026-04-03T02:22:19.650+0600][90.658s][info][gc          ] GC(272) Garbage Collection (Allocation Rate) 392M(39%)->318M(32%)
[2026-04-03T02:22:19.695+0600][90.703s][info][gc,start    ] GC(273) Garbage Collection (Allocation Rate)
[2026-04-03T02:22:19.696+0600][90.704s][info][gc,task     ] GC(273) Using 3 workers
[2026-04-03T02:22:19.696+0600][90.704s][info][gc,phases   ] GC(273) Pause Mark Start 0.023ms
[2026-04-03T02:22:19.789+0600][90.797s][info][gc,phases   ] GC(273) Concurrent Mark 93.474ms
[2026-04-03T02:22:19.790+0600][90.798s][info][gc,phases   ] GC(273) Pause Mark End 0.043ms
[2026-04-03T02:22:19.790+0600][90.798s][info][gc,phases   ] GC(273) Concurrent Mark Free 0.002ms
[2026-04-03T02:22:19.809+0600][90.817s][info][gc,phases   ] GC(273) Concurrent Process Non-Strong References 18.846ms
[2026-04-03T02:22:19.809+0600][90.817s][info][gc,phases   ] GC(273) Concurrent Reset Relocation Set 0.008ms
[2026-04-03T02:22:19.813+0600][90.821s][info][gc,phases   ] GC(273) Concurrent Select Relocation Set 4.266ms
[2026-04-03T02:22:19.813+0600][90.822s][info][gc,phases   ] GC(273) Pause Relocate Start 0.031ms
[2026-04-03T02:22:19.820+0600][90.828s][info][gc,phases   ] GC(273) Concurrent Relocate 6.649ms
[2026-04-03T02:22:19.820+0600][90.828s][info][gc,load     ] GC(273) Load: 6.98/6.50/5.98
[2026-04-03T02:22:19.820+0600][90.828s][info][gc,mmu      ] GC(273) MMU: 2ms/90.1%, 5ms/96.1%, 10ms/98.0%, 20ms/99.0%, 50ms/99.6%, 100ms/99.7%
[2026-04-03T02:22:19.820+0600][90.828s][info][gc,marking  ] GC(273) Mark: 2 stripe(s), 2 proactive flush(es), 1 terminate flush(es), 0 completion(s), 0 continuation(s) 
[2026-04-03T02:22:19.820+0600][90.828s][info][gc,marking  ] GC(273) Mark Stack Usage: 32M
[2026-04-03T02:22:19.820+0600][90.829s][info][gc,nmethod  ] GC(273) NMethods: 15434 registered, 2636 unregistered
[2026-04-03T02:22:19.820+0600][90.829s][info][gc,metaspace] GC(273) Metaspace: 128M used, 129M committed, 1152M reserved
[2026-04-03T02:22:19.820+0600][90.829s][info][gc,ref      ] GC(273) Soft: 3397 encountered, 0 discovered, 0 enqueued
[2026-04-03T02:22:19.820+0600][90.829s][info][gc,ref      ] GC(273) Weak: 16014 encountered, 5639 discovered, 1415 enqueued
[2026-04-03T02:22:19.820+0600][90.829s][info][gc,ref      ] GC(273) Final: 84 encountered, 0 discovered, 0 enqueued
[2026-04-03T02:22:19.820+0600][90.829s][info][gc,ref      ] GC(273) Phantom: 620 encountered, 390 discovered, 0 enqueued
[2026-04-03T02:22:19.821+0600][90.829s][info][gc,reloc    ] GC(273) Small Pages: 151 / 302M, Empty: 32M, Relocated: 8M, In-Place: 0
[2026-04-03T02:22:19.821+0600][90.829s][info][gc,reloc    ] GC(273) Medium Pages: 3 / 48M, Empty: 32M, Relocated: 0M, In-Place: 0
[2026-04-03T02:22:19.821+0600][90.829s][info][gc,reloc    ] GC(273) Large Pages: 5 / 28M, Empty: 24M, Relocated: 0M, In-Place: 0
[2026-04-03T02:22:19.821+0600][90.829s][info][gc,reloc    ] GC(273) Forwarding Usage: 2M
[2026-04-03T02:22:19.821+0600][90.829s][info][gc,heap     ] GC(273) Min Capacity: 8M(1%)
[2026-04-03T02:22:19.821+0600][90.829s][info][gc,heap     ] GC(273) Max Capacity: 1000M(100%)
[2026-04-03T02:22:19.821+0600][90.829s][info][gc,heap     ] GC(273) Soft Max Capacity: 1000M(100%)
[2026-04-03T02:22:19.821+0600][90.829s][info][gc,heap     ] GC(273)                Mark Start          Mark End        Relocate Start      Relocate End           High               Low         
[2026-04-03T02:22:19.821+0600][90.829s][info][gc,heap     ] GC(273)  Capacity:     1000M (100%)       1000M (100%)       1000M (100%)       1000M (100%)       1000M (100%)       1000M (100%)   
[2026-04-03T02:22:19.821+0600][90.829s][info][gc,heap     ] GC(273)      Free:      622M (62%)         512M (51%)         586M (59%)         738M (74%)         738M (74%)         500M (50%)    
[2026-04-03T02:22:19.821+0600][90.829s][info][gc,heap     ] GC(273)      Used:      378M (38%)         488M (49%)         414M (41%)         262M (26%)         500M (50%)         262M (26%)    
[2026-04-03T02:22:19.821+0600][90.829s][info][gc,heap     ] GC(273)      Live:         -               110M (11%)         110M (11%)         110M (11%)            -                  -          
[2026-04-03T02:22:19.821+0600][90.829s][info][gc,heap     ] GC(273) Allocated:         -               110M (11%)         124M (12%)         125M (13%)            -                  -          
[2026-04-03T02:22:19.821+0600][90.829s][info][gc,heap     ] GC(273)   Garbage:         -               267M (27%)         179M (18%)          25M (3%)             -                  -          
[2026-04-03T02:22:19.821+0600][90.829s][info][gc,heap     ] GC(273) Reclaimed:         -                  -                88M (9%)          241M (24%)            -                  -          
[2026-04-03T02:22:19.821+0600][90.829s][info][gc          ] GC(273) Garbage Collection (Allocation Rate) 378M(38%)->262M(26%)
[2026-04-03T02:22:19.896+0600][90.904s][info][gc,start    ] GC(274) Garbage Collection (Allocation Rate)
[2026-04-03T02:22:19.896+0600][90.904s][info][gc,task     ] GC(274) Using 3 workers
[2026-04-03T02:22:19.896+0600][90.904s][info][gc,phases   ] GC(274) Pause Mark Start 0.014ms
[2026-04-03T02:22:20.029+0600][91.037s][info][gc,phases   ] GC(274) Concurrent Mark 132.538ms
[2026-04-03T02:22:20.029+0600][91.037s][info][gc,phases   ] GC(274) Pause Mark End 0.049ms
[2026-04-03T02:22:20.029+0600][91.037s][info][gc,phases   ] GC(274) Concurrent Mark Free 0.004ms
[2026-04-03T02:22:20.054+0600][91.062s][info][gc,phases   ] GC(274) Concurrent Process Non-Strong References 24.281ms
[2026-04-03T02:22:20.054+0600][91.062s][info][gc,phases   ] GC(274) Concurrent Reset Relocation Set 0.008ms
[2026-04-03T02:22:20.058+0600][91.066s][info][gc,phases   ] GC(274) Concurrent Select Relocation Set 4.314ms
[2026-04-03T02:22:20.058+0600][91.066s][info][gc,phases   ] GC(274) Pause Relocate Start 0.015ms
[2026-04-03T02:22:20.066+0600][91.074s][info][gc,phases   ] GC(274) Concurrent Relocate 7.966ms
[2026-04-03T02:22:20.066+0600][91.075s][info][gc,load     ] GC(274) Load: 6.98/6.50/5.98
[2026-04-03T02:22:20.067+0600][91.075s][info][gc,mmu      ] GC(274) MMU: 2ms/90.1%, 5ms/96.1%, 10ms/98.0%, 20ms/99.0%, 50ms/99.6%, 100ms/99.7%
[2026-04-03T02:22:20.067+0600][91.075s][info][gc,marking  ] GC(274) Mark: 2 stripe(s), 2 proactive flush(es), 1 terminate flush(es), 0 completion(s), 0 continuation(s) 
[2026-04-03T02:22:20.067+0600][91.075s][info][gc,marking  ] GC(274) Mark Stack Usage: 32M
[2026-04-03T02:22:20.067+0600][91.075s][info][gc,nmethod  ] GC(274) NMethods: 15435 registered, 2640 unregistered
[2026-04-03T02:22:20.067+0600][91.075s][info][gc,metaspace] GC(274) Metaspace: 128M used, 129M committed, 1152M reserved
[2026-04-03T02:22:20.067+0600][91.075s][info][gc,ref      ] GC(274) Soft: 3397 encountered, 0 discovered, 0 enqueued
[2026-04-03T02:22:20.067+0600][91.075s][info][gc,ref      ] GC(274) Weak: 15054 encountered, 5025 discovered, 304 enqueued
[2026-04-03T02:22:20.067+0600][91.075s][info][gc,ref      ] GC(274) Final: 84 encountered, 0 discovered, 0 enqueued
[2026-04-03T02:22:20.067+0600][91.075s][info][gc,ref      ] GC(274) Phantom: 620 encountered, 468 discovered, 0 enqueued
[2026-04-03T02:22:20.067+0600][91.075s][info][gc,reloc    ] GC(274) Small Pages: 139 / 278M, Empty: 2M, Relocated: 10M, In-Place: 0
[2026-04-03T02:22:20.067+0600][91.075s][info][gc,reloc    ] GC(274) Medium Pages: 3 / 48M, Empty: 32M, Relocated: 0M, In-Place: 0
[2026-04-03T02:22:20.067+0600][91.075s][info][gc,reloc    ] GC(274) Large Pages: 7 / 40M, Empty: 36M, Relocated: 0M, In-Place: 0
[2026-04-03T02:22:20.067+0600][91.075s][info][gc,reloc    ] GC(274) Forwarding Usage: 2M
[2026-04-03T02:22:20.067+0600][91.075s][info][gc,heap     ] GC(274) Min Capacity: 8M(1%)
[2026-04-03T02:22:20.067+0600][91.075s][info][gc,heap     ] GC(274) Max Capacity: 1000M(100%)
[2026-04-03T02:22:20.067+0600][91.075s][info][gc,heap     ] GC(274) Soft Max Capacity: 1000M(100%)
[2026-04-03T02:22:20.067+0600][91.075s][info][gc,heap     ] GC(274)                Mark Start          Mark End        Relocate Start      Relocate End           High               Low         
[2026-04-03T02:22:20.067+0600][91.075s][info][gc,heap     ] GC(274)  Capacity:     1000M (100%)       1000M (100%)       1000M (100%)       1000M (100%)       1000M (100%)       1000M (100%)   
[2026-04-03T02:22:20.067+0600][91.075s][info][gc,heap     ] GC(274)      Free:      634M (63%)         430M (43%)         478M (48%)         618M (62%)         634M (63%)         408M (41%)    
[2026-04-03T02:22:20.067+0600][91.075s][info][gc,heap     ] GC(274)      Used:      366M (37%)         570M (57%)         522M (52%)         382M (38%)         592M (59%)         366M (37%)    
[2026-04-03T02:22:20.067+0600][91.075s][info][gc,heap     ] GC(274)      Live:         -               111M (11%)         111M (11%)         111M (11%)            -                  -          
[2026-04-03T02:22:20.067+0600][91.075s][info][gc,heap     ] GC(274) Allocated:         -               204M (20%)         226M (23%)         243M (24%)            -                  -          
[2026-04-03T02:22:20.067+0600][91.075s][info][gc,heap     ] GC(274)   Garbage:         -               254M (25%)         184M (18%)          26M (3%)             -                  -          
[2026-04-03T02:22:20.067+0600][91.075s][info][gc,heap     ] GC(274) Reclaimed:         -                  -                70M (7%)          227M (23%)            -                  -          
[2026-04-03T02:22:20.067+0600][91.075s][info][gc          ] GC(274) Garbage Collection (Allocation Rate) 366M(37%)->382M(38%)
[2026-04-03T02:22:20.096+0600][91.104s][info][gc,start    ] GC(275) Garbage Collection (Allocation Rate)
[2026-04-03T02:22:20.096+0600][91.104s][info][gc,task     ] GC(275) Using 3 workers
[2026-04-03T02:22:20.096+0600][91.104s][info][gc,phases   ] GC(275) Pause Mark Start 0.017ms
[2026-04-03T02:22:20.205+0600][91.213s][info][gc,phases   ] GC(275) Concurrent Mark 108.771ms
[2026-04-03T02:22:20.205+0600][91.213s][info][gc,phases   ] GC(275) Pause Mark End 0.028ms
[2026-04-03T02:22:20.205+0600][91.213s][info][gc,phases   ] GC(275) Concurrent Mark Free 0.002ms
[2026-04-03T02:22:20.222+0600][91.230s][info][gc,phases   ] GC(275) Concurrent Process Non-Strong References 16.265ms
[2026-04-03T02:22:20.222+0600][91.230s][info][gc,phases   ] GC(275) Concurrent Reset Relocation Set 0.011ms
[2026-04-03T02:22:20.225+0600][91.233s][info][gc,phases   ] GC(275) Concurrent Select Relocation Set 3.402ms
[2026-04-03T02:22:20.225+0600][91.234s][info][gc,phases   ] GC(275) Pause Relocate Start 0.014ms
[2026-04-03T02:22:20.229+0600][91.237s][info][gc,phases   ] GC(275) Concurrent Relocate 3.511ms
[2026-04-03T02:22:20.229+0600][91.237s][info][gc,load     ] GC(275) Load: 6.98/6.50/5.98
[2026-04-03T02:22:20.229+0600][91.237s][info][gc,mmu      ] GC(275) MMU: 2ms/90.1%, 5ms/96.1%, 10ms/98.0%, 20ms/99.0%, 50ms/99.6%, 100ms/99.7%
[2026-04-03T02:22:20.229+0600][91.237s][info][gc,marking  ] GC(275) Mark: 2 stripe(s), 2 proactive flush(es), 1 terminate flush(es), 0 completion(s), 0 continuation(s) 
[2026-04-03T02:22:20.229+0600][91.237s][info][gc,marking  ] GC(275) Mark Stack Usage: 32M
[2026-04-03T02:22:20.229+0600][91.237s][info][gc,nmethod  ] GC(275) NMethods: 15440 registered, 2641 unregistered
[2026-04-03T02:22:20.229+0600][91.237s][info][gc,metaspace] GC(275) Metaspace: 128M used, 129M committed, 1152M reserved
[2026-04-03T02:22:20.229+0600][91.237s][info][gc,ref      ] GC(275) Soft: 3397 encountered, 0 discovered, 0 enqueued
[2026-04-03T02:22:20.229+0600][91.237s][info][gc,ref      ] GC(275) Weak: 14896 encountered, 2378 discovered, 11 enqueued
[2026-04-03T02:22:20.229+0600][91.237s][info][gc,ref      ] GC(275) Final: 84 encountered, 0 discovered, 0 enqueued
[2026-04-03T02:22:20.229+0600][91.237s][info][gc,ref      ] GC(275) Phantom: 620 encountered, 471 discovered, 0 enqueued
[2026-04-03T02:22:20.229+0600][91.237s][info][gc,reloc    ] GC(275) Small Pages: 179 / 358M, Empty: 146M, Relocated: 4M, In-Place: 0
[2026-04-03T02:22:20.229+0600][91.237s][info][gc,reloc    ] GC(275) Medium Pages: 3 / 48M, Empty: 32M, Relocated: 0M, In-Place: 0
[2026-04-03T02:22:20.229+0600][91.237s][info][gc,reloc    ] GC(275) Large Pages: 3 / 16M, Empty: 12M, Relocated: 0M, In-Place: 0
[2026-04-03T02:22:20.229+0600][91.237s][info][gc,reloc    ] GC(275) Forwarding Usage: 1M
[2026-04-03T02:22:20.229+0600][91.237s][info][gc,heap     ] GC(275) Min Capacity: 8M(1%)
[2026-04-03T02:22:20.229+0600][91.237s][info][gc,heap     ] GC(275) Max Capacity: 1000M(100%)
[2026-04-03T02:22:20.229+0600][91.237s][info][gc,heap     ] GC(275) Soft Max Capacity: 1000M(100%)
[2026-04-03T02:22:20.229+0600][91.237s][info][gc,heap     ] GC(275)                Mark Start          Mark End        Relocate Start      Relocate End           High               Low         
[2026-04-03T02:22:20.229+0600][91.237s][info][gc,heap     ] GC(275)  Capacity:     1000M (100%)       1000M (100%)       1000M (100%)       1000M (100%)       1000M (100%)       1000M (100%)   
[2026-04-03T02:22:20.229+0600][91.237s][info][gc,heap     ] GC(275)      Free:      578M (58%)         422M (42%)         604M (60%)         700M (70%)         700M (70%)         418M (42%)    
[2026-04-03T02:22:20.229+0600][91.237s][info][gc,heap     ] GC(275)      Used:      422M (42%)         578M (58%)         396M (40%)         300M (30%)         582M (58%)         300M (30%)    
[2026-04-03T02:22:20.229+0600][91.237s][info][gc,heap     ] GC(275)      Live:         -               109M (11%)         109M (11%)         109M (11%)            -                  -          
[2026-04-03T02:22:20.229+0600][91.237s][info][gc,heap     ] GC(275) Allocated:         -               156M (16%)         164M (16%)         163M (16%)            -                  -          
[2026-04-03T02:22:20.229+0600][91.237s][info][gc,heap     ] GC(275)   Garbage:         -               312M (31%)         122M (12%)          26M (3%)             -                  -          
[2026-04-03T02:22:20.229+0600][91.237s][info][gc,heap     ] GC(275) Reclaimed:         -                  -               190M (19%)         285M (29%)            -                  -          
[2026-04-03T02:22:20.229+0600][91.237s][info][gc          ] GC(275) Garbage Collection (Allocation Rate) 422M(42%)->300M(30%)
[2026-04-03T02:22:20.296+0600][91.304s][info][gc,start    ] GC(276) Garbage Collection (Allocation Rate)
[2026-04-03T02:22:20.296+0600][91.304s][info][gc,task     ] GC(276) Using 3 workers
[2026-04-03T02:22:20.296+0600][91.305s][info][gc,phases   ] GC(276) Pause Mark Start 0.014ms
[2026-04-03T02:22:20.393+0600][91.401s][info][gc,phases   ] GC(276) Concurrent Mark 96.806ms
[2026-04-03T02:22:20.394+0600][91.402s][info][gc,phases   ] GC(276) Pause Mark End 0.068ms
[2026-04-03T02:22:20.394+0600][91.402s][info][gc,phases   ] GC(276) Concurrent Mark Free 0.002ms
[2026-04-03T02:22:20.416+0600][91.424s][info][gc,phases   ] GC(276) Concurrent Process Non-Strong References 22.134ms
[2026-04-03T02:22:20.416+0600][91.424s][info][gc,phases   ] GC(276) Concurrent Reset Relocation Set 0.018ms
[2026-04-03T02:22:20.421+0600][91.429s][info][gc,phases   ] GC(276) Concurrent Select Relocation Set 4.447ms
[2026-04-03T02:22:20.421+0600][91.429s][info][gc,phases   ] GC(276) Pause Relocate Start 0.015ms
[2026-04-03T02:22:20.430+0600][91.438s][info][gc,phases   ] GC(276) Concurrent Relocate 8.531ms
[2026-04-03T02:22:20.430+0600][91.438s][info][gc,load     ] GC(276) Load: 6.98/6.50/5.98
[2026-04-03T02:22:20.430+0600][91.438s][info][gc,mmu      ] GC(276) MMU: 2ms/90.1%, 5ms/96.1%, 10ms/98.0%, 20ms/99.0%, 50ms/99.6%, 100ms/99.7%
[2026-04-03T02:22:20.430+0600][91.438s][info][gc,marking  ] GC(276) Mark: 2 stripe(s), 2 proactive flush(es), 1 terminate flush(es), 0 completion(s), 0 continuation(s) 
[2026-04-03T02:22:20.430+0600][91.438s][info][gc,marking  ] GC(276) Mark Stack Usage: 32M
[2026-04-03T02:22:20.430+0600][91.438s][info][gc,nmethod  ] GC(276) NMethods: 15440 registered, 2643 unregistered
[2026-04-03T02:22:20.430+0600][91.438s][info][gc,metaspace] GC(276) Metaspace: 128M used, 129M committed, 1152M reserved
[2026-04-03T02:22:20.430+0600][91.438s][info][gc,ref      ] GC(276) Soft: 3392 encountered, 0 discovered, 0 enqueued
[2026-04-03T02:22:20.430+0600][91.438s][info][gc,ref      ] GC(276) Weak: 15197 encountered, 4188 discovered, 550 enqueued
[2026-04-03T02:22:20.430+0600][91.438s][info][gc,ref      ] GC(276) Final: 84 encountered, 0 discovered, 0 enqueued
[2026-04-03T02:22:20.430+0600][91.438s][info][gc,ref      ] GC(276) Phantom: 627 encountered, 478 discovered, 0 enqueued
[2026-04-03T02:22:20.430+0600][91.438s][info][gc,reloc    ] GC(276) Small Pages: 151 / 302M, Empty: 112M, Relocated: 8M, In-Place: 0
[2026-04-03T02:22:20.430+0600][91.438s][info][gc,reloc    ] GC(276) Medium Pages: 3 / 48M, Empty: 32M, Relocated: 0M, In-Place: 0
[2026-04-03T02:22:20.430+0600][91.438s][info][gc,reloc    ] GC(276) Large Pages: 60 / 358M, Empty: 354M, Relocated: 0M, In-Place: 0
[2026-04-03T02:22:20.430+0600][91.438s][info][gc,reloc    ] GC(276) Forwarding Usage: 2M
[2026-04-03T02:22:20.430+0600][91.438s][info][gc,heap     ] GC(276) Min Capacity: 8M(1%)
[2026-04-03T02:22:20.430+0600][91.438s][info][gc,heap     ] GC(276) Max Capacity: 1000M(100%)
[2026-04-03T02:22:20.430+0600][91.438s][info][gc,heap     ] GC(276) Soft Max Capacity: 1000M(100%)
[2026-04-03T02:22:20.430+0600][91.438s][info][gc,heap     ] GC(276)                Mark Start          Mark End        Relocate Start      Relocate End           High               Low         
[2026-04-03T02:22:20.430+0600][91.438s][info][gc,heap     ] GC(276)  Capacity:     1000M (100%)       1000M (100%)       1000M (100%)       1000M (100%)       1000M (100%)       1000M (100%)   
[2026-04-03T02:22:20.430+0600][91.438s][info][gc,heap     ] GC(276)      Free:      292M (29%)          90M (9%)          464M (46%)         412M (41%)         516M (52%)           4M (0%)     
[2026-04-03T02:22:20.430+0600][91.438s][info][gc,heap     ] GC(276)      Used:      708M (71%)         910M (91%)         536M (54%)         588M (59%)         996M (100%)        484M (48%)    
[2026-04-03T02:22:20.430+0600][91.438s][info][gc,heap     ] GC(276)      Live:         -               110M (11%)         110M (11%)         110M (11%)            -                  -          
[2026-04-03T02:22:20.430+0600][91.438s][info][gc,heap     ] GC(276) Allocated:         -               202M (20%)         326M (33%)         451M (45%)            -                  -          
[2026-04-03T02:22:20.430+0600][91.438s][info][gc,heap     ] GC(276)   Garbage:         -               597M (60%)          99M (10%)          25M (3%)             -                  -          
[2026-04-03T02:22:20.430+0600][91.438s][info][gc,heap     ] GC(276) Reclaimed:         -                  -               498M (50%)         571M (57%)            -                  -          
[2026-04-03T02:22:20.430+0600][91.438s][info][gc          ] GC(276) Garbage Collection (Allocation Rate) 708M(71%)->588M(59%)
[2026-04-03T02:22:20.495+0600][91.503s][info][gc,start    ] GC(277) Garbage Collection (Allocation Rate)
[2026-04-03T02:22:20.495+0600][91.504s][info][gc,task     ] GC(277) Using 3 workers
[2026-04-03T02:22:20.496+0600][91.504s][info][gc,phases   ] GC(277) Pause Mark Start 0.009ms
[2026-04-03T02:22:20.597+0600][91.605s][info][gc,phases   ] GC(277) Concurrent Mark 101.426ms
[2026-04-03T02:22:20.597+0600][91.605s][info][gc,phases   ] GC(277) Pause Mark End 0.024ms
[2026-04-03T02:22:20.598+0600][91.606s][info][gc,phases   ] GC(277) Concurrent Mark Free 0.002ms
[2026-04-03T02:22:20.624+0600][91.632s][info][gc,phases   ] GC(277) Concurrent Process Non-Strong References 26.126ms
[2026-04-03T02:22:20.624+0600][91.632s][info][gc,phases   ] GC(277) Concurrent Reset Relocation Set 0.013ms
[2026-04-03T02:22:20.629+0600][91.637s][info][gc,phases   ] GC(277) Concurrent Select Relocation Set 5.113ms
[2026-04-03T02:22:20.629+0600][91.637s][info][gc,phases   ] GC(277) Pause Relocate Start 0.021ms
[2026-04-03T02:22:20.635+0600][91.643s][info][gc,phases   ] GC(277) Concurrent Relocate 5.139ms
[2026-04-03T02:22:20.635+0600][91.643s][info][gc,load     ] GC(277) Load: 6.98/6.50/5.98
[2026-04-03T02:22:20.635+0600][91.643s][info][gc,mmu      ] GC(277) MMU: 2ms/90.1%, 5ms/96.1%, 10ms/98.0%, 20ms/99.0%, 50ms/99.6%, 100ms/99.7%
[2026-04-03T02:22:20.635+0600][91.643s][info][gc,marking  ] GC(277) Mark: 2 stripe(s), 2 proactive flush(es), 1 terminate flush(es), 0 completion(s), 0 continuation(s) 
[2026-04-03T02:22:20.635+0600][91.643s][info][gc,marking  ] GC(277) Mark Stack Usage: 32M
[2026-04-03T02:22:20.635+0600][91.643s][info][gc,nmethod  ] GC(277) NMethods: 15449 registered, 2646 unregistered
[2026-04-03T02:22:20.635+0600][91.643s][info][gc,metaspace] GC(277) Metaspace: 128M used, 129M committed, 1152M reserved
[2026-04-03T02:22:20.635+0600][91.643s][info][gc,ref      ] GC(277) Soft: 3389 encountered, 0 discovered, 0 enqueued
[2026-04-03T02:22:20.635+0600][91.643s][info][gc,ref      ] GC(277) Weak: 14870 encountered, 3145 discovered, 362 enqueued
[2026-04-03T02:22:20.635+0600][91.643s][info][gc,ref      ] GC(277) Final: 84 encountered, 0 discovered, 0 enqueued
[2026-04-03T02:22:20.635+0600][91.643s][info][gc,ref      ] GC(277) Phantom: 620 encountered, 548 discovered, 0 enqueued
[2026-04-03T02:22:20.635+0600][91.643s][info][gc,reloc    ] GC(277) Small Pages: 145 / 290M, Empty: 22M, Relocated: 8M, In-Place: 0
[2026-04-03T02:22:20.635+0600][91.643s][info][gc,reloc    ] GC(277) Medium Pages: 3 / 48M, Empty: 32M, Relocated: 0M, In-Place: 0
[2026-04-03T02:22:20.635+0600][91.643s][info][gc,reloc    ] GC(277) Large Pages: 77 / 460M, Empty: 456M, Relocated: 0M, In-Place: 0
[2026-04-03T02:22:20.635+0600][91.643s][info][gc,reloc    ] GC(277) Forwarding Usage: 2M
[2026-04-03T02:22:20.635+0600][91.643s][info][gc,heap     ] GC(277) Min Capacity: 8M(1%)
[2026-04-03T02:22:20.635+0600][91.643s][info][gc,heap     ] GC(277) Max Capacity: 1000M(100%)
[2026-04-03T02:22:20.635+0600][91.643s][info][gc,heap     ] GC(277) Soft Max Capacity: 1000M(100%)
[2026-04-03T02:22:20.635+0600][91.643s][info][gc,heap     ] GC(277)                Mark Start          Mark End        Relocate Start      Relocate End           High               Low         
[2026-04-03T02:22:20.635+0600][91.643s][info][gc,heap     ] GC(277)  Capacity:     1000M (100%)       1000M (100%)       1000M (100%)       1000M (100%)       1000M (100%)       1000M (100%)   
[2026-04-03T02:22:20.635+0600][91.643s][info][gc,heap     ] GC(277)      Free:      202M (20%)          88M (9%)          574M (57%)         730M (73%)         730M (73%)          70M (7%)     
[2026-04-03T02:22:20.635+0600][91.643s][info][gc,heap     ] GC(277)      Used:      798M (80%)         912M (91%)         426M (43%)         270M (27%)         930M (93%)         270M (27%)    
[2026-04-03T02:22:20.635+0600][91.643s][info][gc,heap     ] GC(277)      Live:         -               106M (11%)         106M (11%)         106M (11%)            -                  -          
[2026-04-03T02:22:20.635+0600][91.643s][info][gc,heap     ] GC(277) Allocated:         -               114M (11%)         138M (14%)         137M (14%)            -                  -          
[2026-04-03T02:22:20.635+0600][91.643s][info][gc,heap     ] GC(277)   Garbage:         -               691M (69%)         181M (18%)          25M (3%)             -                  -          
[2026-04-03T02:22:20.635+0600][91.643s][info][gc,heap     ] GC(277) Reclaimed:         -                  -               510M (51%)         665M (67%)            -                  -          
[2026-04-03T02:22:20.635+0600][91.643s][info][gc          ] GC(277) Garbage Collection (Allocation Rate) 798M(80%)->270M(27%)
[2026-04-03T02:22:20.696+0600][91.704s][info][gc,start    ] GC(278) Garbage Collection (Allocation Rate)
[2026-04-03T02:22:20.696+0600][91.704s][info][gc,task     ] GC(278) Using 3 workers
[2026-04-03T02:22:20.696+0600][91.704s][info][gc,phases   ] GC(278) Pause Mark Start 0.018ms
[2026-04-03T02:22:20.790+0600][91.798s][info][gc,phases   ] GC(278) Concurrent Mark 94.022ms
[2026-04-03T02:22:20.791+0600][91.799s][info][gc,phases   ] GC(278) Pause Mark End 0.072ms
[2026-04-03T02:22:20.791+0600][91.799s][info][gc,phases   ] GC(278) Concurrent Mark Free 0.003ms
[2026-04-03T02:22:20.810+0600][91.818s][info][gc,phases   ] GC(278) Concurrent Process Non-Strong References 19.113ms
[2026-04-03T02:22:20.811+0600][91.819s][info][gc,phases   ] GC(278) Concurrent Reset Relocation Set 0.012ms
[2026-04-03T02:22:20.814+0600][91.822s][info][gc,phases   ] GC(278) Concurrent Select Relocation Set 3.495ms
[2026-04-03T02:22:20.815+0600][91.823s][info][gc,phases   ] GC(278) Pause Relocate Start 0.042ms
[2026-04-03T02:22:20.818+0600][91.826s][info][gc,phases   ] GC(278) Concurrent Relocate 3.436ms
[2026-04-03T02:22:20.818+0600][91.826s][info][gc,load     ] GC(278) Load: 6.98/6.50/5.98
[2026-04-03T02:22:20.818+0600][91.826s][info][gc,mmu      ] GC(278) MMU: 2ms/90.1%, 5ms/96.1%, 10ms/98.0%, 20ms/99.0%, 50ms/99.6%, 100ms/99.7%
[2026-04-03T02:22:20.818+0600][91.826s][info][gc,marking  ] GC(278) Mark: 2 stripe(s), 2 proactive flush(es), 1 terminate flush(es), 0 completion(s), 0 continuation(s) 
[2026-04-03T02:22:20.818+0600][91.826s][info][gc,marking  ] GC(278) Mark Stack Usage: 32M
[2026-04-03T02:22:20.818+0600][91.826s][info][gc,nmethod  ] GC(278) NMethods: 15448 registered, 2649 unregistered
[2026-04-03T02:22:20.818+0600][91.826s][info][gc,metaspace] GC(278) Metaspace: 128M used, 129M committed, 1152M reserved
[2026-04-03T02:22:20.818+0600][91.826s][info][gc,ref      ] GC(278) Soft: 3389 encountered, 0 discovered, 0 enqueued
[2026-04-03T02:22:20.818+0600][91.826s][info][gc,ref      ] GC(278) Weak: 14765 encountered, 4225 discovered, 276 enqueued
[2026-04-03T02:22:20.818+0600][91.826s][info][gc,ref      ] GC(278) Final: 84 encountered, 0 discovered, 0 enqueued
[2026-04-03T02:22:20.818+0600][91.826s][info][gc,ref      ] GC(278) Phantom: 620 encountered, 469 discovered, 0 enqueued
[2026-04-03T02:22:20.818+0600][91.826s][info][gc,reloc    ] GC(278) Small Pages: 106 / 212M, Empty: 6M, Relocated: 2M, In-Place: 0
[2026-04-03T02:22:20.818+0600][91.826s][info][gc,reloc    ] GC(278) Medium Pages: 3 / 48M, Empty: 32M, Relocated: 0M, In-Place: 0
[2026-04-03T02:22:20.818+0600][91.826s][info][gc,reloc    ] GC(278) Large Pages: 6 / 34M, Empty: 30M, Relocated: 0M, In-Place: 0
[2026-04-03T02:22:20.818+0600][91.826s][info][gc,reloc    ] GC(278) Forwarding Usage: 1M
[2026-04-03T02:22:20.818+0600][91.826s][info][gc,heap     ] GC(278) Min Capacity: 8M(1%)
[2026-04-03T02:22:20.818+0600][91.826s][info][gc,heap     ] GC(278) Max Capacity: 1000M(100%)
[2026-04-03T02:22:20.818+0600][91.826s][info][gc,heap     ] GC(278) Soft Max Capacity: 1000M(100%)
[2026-04-03T02:22:20.818+0600][91.826s][info][gc,heap     ] GC(278)                Mark Start          Mark End        Relocate Start      Relocate End           High               Low         
[2026-04-03T02:22:20.818+0600][91.826s][info][gc,heap     ] GC(278)  Capacity:     1000M (100%)       1000M (100%)       1000M (100%)       1000M (100%)       1000M (100%)       1000M (100%)   
[2026-04-03T02:22:20.818+0600][91.826s][info][gc,heap     ] GC(278)      Free:      706M (71%)         668M (67%)         712M (71%)         802M (80%)         802M (80%)         646M (65%)    
[2026-04-03T02:22:20.818+0600][91.826s][info][gc,heap     ] GC(278)      Used:      294M (29%)         332M (33%)         288M (29%)         198M (20%)         354M (35%)         198M (20%)    
[2026-04-03T02:22:20.818+0600][91.826s][info][gc,heap     ] GC(278)      Live:         -               106M (11%)         106M (11%)         106M (11%)            -                  -          
[2026-04-03T02:22:20.818+0600][91.826s][info][gc,heap     ] GC(278) Allocated:         -                38M (4%)           62M (6%)           65M (7%)             -                  -          
[2026-04-03T02:22:20.818+0600][91.826s][info][gc,heap     ] GC(278)   Garbage:         -               187M (19%)         119M (12%)          25M (3%)             -                  -          
[2026-04-03T02:22:20.818+0600][91.826s][info][gc,heap     ] GC(278) Reclaimed:         -                  -                68M (7%)          161M (16%)            -                  -          
[2026-04-03T02:22:20.818+0600][91.826s][info][gc          ] GC(278) Garbage Collection (Allocation Rate) 294M(29%)->198M(20%)
[2026-04-03T02:22:20.896+0600][91.904s][info][gc,start    ] GC(279) Garbage Collection (Allocation Rate)
[2026-04-03T02:22:20.896+0600][91.904s][info][gc,task     ] GC(279) Using 3 workers
[2026-04-03T02:22:20.896+0600][91.904s][info][gc,phases   ] GC(279) Pause Mark Start 0.009ms
[2026-04-03T02:22:20.982+0600][91.990s][info][gc,phases   ] GC(279) Concurrent Mark 85.422ms
[2026-04-03T02:22:20.982+0600][91.990s][info][gc,phases   ] GC(279) Pause Mark End 0.052ms
[2026-04-03T02:22:20.982+0600][91.990s][info][gc,phases   ] GC(279) Concurrent Mark Free 0.001ms
[2026-04-03T02:22:21.000+0600][92.008s][info][gc,phases   ] GC(279) Concurrent Process Non-Strong References 17.635ms
[2026-04-03T02:22:21.000+0600][92.008s][info][gc,phases   ] GC(279) Concurrent Reset Relocation Set 0.008ms
[2026-04-03T02:22:21.004+0600][92.012s][info][gc,phases   ] GC(279) Concurrent Select Relocation Set 3.928ms
[2026-04-03T02:22:21.004+0600][92.013s][info][gc,phases   ] GC(279) Pause Relocate Start 0.013ms
[2026-04-03T02:22:21.006+0600][92.014s][info][gc,phases   ] GC(279) Concurrent Relocate 1.872ms
[2026-04-03T02:22:21.007+0600][92.015s][info][gc,load     ] GC(279) Load: 6.98/6.50/5.98
[2026-04-03T02:22:21.007+0600][92.015s][info][gc,mmu      ] GC(279) MMU: 2ms/90.1%, 5ms/96.1%, 10ms/98.0%, 20ms/99.0%, 50ms/99.6%, 100ms/99.7%
[2026-04-03T02:22:21.007+0600][92.015s][info][gc,marking  ] GC(279) Mark: 2 stripe(s), 2 proactive flush(es), 1 terminate flush(es), 0 completion(s), 0 continuation(s) 
[2026-04-03T02:22:21.007+0600][92.015s][info][gc,marking  ] GC(279) Mark Stack Usage: 32M
[2026-04-03T02:22:21.007+0600][92.015s][info][gc,nmethod  ] GC(279) NMethods: 15447 registered, 2655 unregistered
[2026-04-03T02:22:21.007+0600][92.015s][info][gc,metaspace] GC(279) Metaspace: 128M used, 129M committed, 1152M reserved
[2026-04-03T02:22:21.007+0600][92.015s][info][gc,ref      ] GC(279) Soft: 3389 encountered, 0 discovered, 0 enqueued
[2026-04-03T02:22:21.007+0600][92.015s][info][gc,ref      ] GC(279) Weak: 14489 encountered, 3841 discovered, 6 enqueued
[2026-04-03T02:22:21.007+0600][92.015s][info][gc,ref      ] GC(279) Final: 84 encountered, 0 discovered, 0 enqueued
[2026-04-03T02:22:21.007+0600][92.015s][info][gc,ref      ] GC(279) Phantom: 620 encountered, 417 discovered, 0 enqueued
[2026-04-03T02:22:21.007+0600][92.015s][info][gc,reloc    ] GC(279) Small Pages: 110 / 220M, Empty: 8M, Relocated: 1M, In-Place: 0
[2026-04-03T02:22:21.007+0600][92.015s][info][gc,reloc    ] GC(279) Medium Pages: 1 / 16M, Empty: 0M, Relocated: 0M, In-Place: 0
[2026-04-03T02:22:21.007+0600][92.015s][info][gc,reloc    ] GC(279) Large Pages: 1 / 4M, Empty: 0M, Relocated: 0M, In-Place: 0
[2026-04-03T02:22:21.007+0600][92.015s][info][gc,reloc    ] GC(279) Forwarding Usage: 0M
[2026-04-03T02:22:21.007+0600][92.015s][info][gc,heap     ] GC(279) Min Capacity: 8M(1%)
[2026-04-03T02:22:21.007+0600][92.015s][info][gc,heap     ] GC(279) Max Capacity: 1000M(100%)
[2026-04-03T02:22:21.007+0600][92.015s][info][gc,heap     ] GC(279) Soft Max Capacity: 1000M(100%)
[2026-04-03T02:22:21.007+0600][92.015s][info][gc,heap     ] GC(279)                Mark Start          Mark End        Relocate Start      Relocate End           High               Low         
[2026-04-03T02:22:21.007+0600][92.015s][info][gc,heap     ] GC(279)  Capacity:     1000M (100%)       1000M (100%)       1000M (100%)       1000M (100%)       1000M (100%)       1000M (100%)   
[2026-04-03T02:22:21.007+0600][92.015s][info][gc,heap     ] GC(279)      Free:      760M (76%)         718M (72%)         718M (72%)         814M (81%)         814M (81%)         710M (71%)    
[2026-04-03T02:22:21.007+0600][92.015s][info][gc,heap     ] GC(279)      Used:      240M (24%)         282M (28%)         282M (28%)         186M (19%)         290M (29%)         186M (19%)    
[2026-04-03T02:22:21.007+0600][92.015s][info][gc,heap     ] GC(279)      Live:         -               106M (11%)         106M (11%)         106M (11%)            -                  -          
[2026-04-03T02:22:21.007+0600][92.015s][info][gc,heap     ] GC(279) Allocated:         -                42M (4%)           50M (5%)           51M (5%)             -                  -          
[2026-04-03T02:22:21.007+0600][92.015s][info][gc,heap     ] GC(279)   Garbage:         -               133M (13%)         125M (13%)          27M (3%)             -                  -          
[2026-04-03T02:22:21.007+0600][92.015s][info][gc,heap     ] GC(279) Reclaimed:         -                  -                 8M (1%)          105M (11%)            -                  -          
[2026-04-03T02:22:21.007+0600][92.015s][info][gc          ] GC(279) Garbage Collection (Allocation Rate) 240M(24%)->186M(19%)
[2026-04-03T02:22:21.095+0600][92.103s][info][gc,start    ] GC(280) Garbage Collection (Allocation Rate)
[2026-04-03T02:22:21.095+0600][92.104s][info][gc,task     ] GC(280) Using 3 workers
[2026-04-03T02:22:21.096+0600][92.104s][info][gc,phases   ] GC(280) Pause Mark Start 0.018ms
[2026-04-03T02:22:21.227+0600][92.235s][info][gc,phases   ] GC(280) Concurrent Mark 130.806ms
[2026-04-03T02:22:21.228+0600][92.236s][info][gc,phases   ] GC(280) Pause Mark End 0.051ms
[2026-04-03T02:22:21.228+0600][92.236s][info][gc,phases   ] GC(280) Concurrent Mark Free 0.002ms
[2026-04-03T02:22:21.261+0600][92.269s][info][gc,phases   ] GC(280) Concurrent Process Non-Strong References 32.786ms
[2026-04-03T02:22:21.261+0600][92.269s][info][gc,phases   ] GC(280) Concurrent Reset Relocation Set 0.010ms
[2026-04-03T02:22:21.266+0600][92.274s][info][gc,phases   ] GC(280) Concurrent Select Relocation Set 5.656ms
[2026-04-03T02:22:21.267+0600][92.275s][info][gc,phases   ] GC(280) Pause Relocate Start 0.019ms
[2026-04-03T02:22:21.272+0600][92.281s][info][gc,phases   ] GC(280) Concurrent Relocate 5.176ms
[2026-04-03T02:22:21.273+0600][92.281s][info][gc,load     ] GC(280) Load: 6.98/6.50/5.98
[2026-04-03T02:22:21.273+0600][92.281s][info][gc,mmu      ] GC(280) MMU: 2ms/90.1%, 5ms/96.1%, 10ms/98.0%, 20ms/99.0%, 50ms/99.6%, 100ms/99.7%
[2026-04-03T02:22:21.273+0600][92.281s][info][gc,marking  ] GC(280) Mark: 2 stripe(s), 2 proactive flush(es), 1 terminate flush(es), 0 completion(s), 0 continuation(s) 
[2026-04-03T02:22:21.273+0600][92.281s][info][gc,marking  ] GC(280) Mark Stack Usage: 32M
[2026-04-03T02:22:21.273+0600][92.281s][info][gc,nmethod  ] GC(280) NMethods: 15454 registered, 2657 unregistered
[2026-04-03T02:22:21.273+0600][92.281s][info][gc,metaspace] GC(280) Metaspace: 128M used, 129M committed, 1152M reserved
[2026-04-03T02:22:21.273+0600][92.281s][info][gc,ref      ] GC(280) Soft: 3394 encountered, 0 discovered, 0 enqueued
[2026-04-03T02:22:21.273+0600][92.281s][info][gc,ref      ] GC(280) Weak: 14683 encountered, 3951 discovered, 18 enqueued
[2026-04-03T02:22:21.273+0600][92.281s][info][gc,ref      ] GC(280) Final: 84 encountered, 0 discovered, 0 enqueued
[2026-04-03T02:22:21.273+0600][92.281s][info][gc,ref      ] GC(280) Phantom: 620 encountered, 361 discovered, 0 enqueued
[2026-04-03T02:22:21.273+0600][92.281s][info][gc,reloc    ] GC(280) Small Pages: 126 / 252M, Empty: 12M, Relocated: 3M, In-Place: 0
[2026-04-03T02:22:21.273+0600][92.281s][info][gc,reloc    ] GC(280) Medium Pages: 2 / 32M, Empty: 16M, Relocated: 0M, In-Place: 0
[2026-04-03T02:22:21.273+0600][92.281s][info][gc,reloc    ] GC(280) Large Pages: 3 / 16M, Empty: 12M, Relocated: 0M, In-Place: 0
[2026-04-03T02:22:21.273+0600][92.281s][info][gc,reloc    ] GC(280) Forwarding Usage: 1M
[2026-04-03T02:22:21.273+0600][92.281s][info][gc,heap     ] GC(280) Min Capacity: 8M(1%)
[2026-04-03T02:22:21.273+0600][92.281s][info][gc,heap     ] GC(280) Max Capacity: 1000M(100%)
[2026-04-03T02:22:21.273+0600][92.281s][info][gc,heap     ] GC(280) Soft Max Capacity: 1000M(100%)
[2026-04-03T02:22:21.273+0600][92.281s][info][gc,heap     ] GC(280)                Mark Start          Mark End        Relocate Start      Relocate End           High               Low         
[2026-04-03T02:22:21.273+0600][92.281s][info][gc,heap     ] GC(280)  Capacity:     1000M (100%)       1000M (100%)       1000M (100%)       1000M (100%)       1000M (100%)       1000M (100%)   
[2026-04-03T02:22:21.273+0600][92.281s][info][gc,heap     ] GC(280)      Free:      700M (70%)         576M (58%)         582M (58%)         706M (71%)         706M (71%)         542M (54%)    
[2026-04-03T02:22:21.273+0600][92.281s][info][gc,heap     ] GC(280)      Used:      300M (30%)         424M (42%)         418M (42%)         294M (29%)         458M (46%)         294M (29%)    
[2026-04-03T02:22:21.273+0600][92.281s][info][gc,heap     ] GC(280)      Live:         -               108M (11%)         108M (11%)         108M (11%)            -                  -          
[2026-04-03T02:22:21.273+0600][92.281s][info][gc,heap     ] GC(280) Allocated:         -               124M (12%)         158M (16%)         159M (16%)            -                  -          
[2026-04-03T02:22:21.273+0600][92.281s][info][gc,heap     ] GC(280)   Garbage:         -               191M (19%)         151M (15%)          25M (3%)             -                  -          
[2026-04-03T02:22:21.273+0600][92.281s][info][gc,heap     ] GC(280) Reclaimed:         -                  -                40M (4%)          165M (17%)            -                  -          
[2026-04-03T02:22:21.273+0600][92.281s][info][gc          ] GC(280) Garbage Collection (Allocation Rate) 300M(30%)->294M(29%)
[2026-04-03T02:22:21.296+0600][92.304s][info][gc,start    ] GC(281) Garbage Collection (Allocation Rate)
[2026-04-03T02:22:21.296+0600][92.304s][info][gc,task     ] GC(281) Using 3 workers
[2026-04-03T02:22:21.296+0600][92.304s][info][gc,phases   ] GC(281) Pause Mark Start 0.015ms
[2026-04-03T02:22:21.454+0600][92.462s][info][gc,phases   ] GC(281) Concurrent Mark 154.008ms
[2026-04-03T02:22:21.454+0600][92.462s][info][gc,phases   ] GC(281) Pause Mark End 0.036ms
[2026-04-03T02:22:21.454+0600][92.462s][info][gc,phases   ] GC(281) Concurrent Mark Free 0.004ms
[2026-04-03T02:22:21.480+0600][92.488s][info][gc,phases   ] GC(281) Concurrent Process Non-Strong References 25.854ms
[2026-04-03T02:22:21.480+0600][92.488s][info][gc,phases   ] GC(281) Concurrent Reset Relocation Set 0.009ms
[2026-04-03T02:22:21.484+0600][92.492s][info][gc,phases   ] GC(281) Concurrent Select Relocation Set 3.784ms
[2026-04-03T02:22:21.484+0600][92.492s][info][gc,phases   ] GC(281) Pause Relocate Start 0.015ms
[2026-04-03T02:22:21.489+0600][92.497s][info][gc,phases   ] GC(281) Concurrent Relocate 4.332ms
[2026-04-03T02:22:21.489+0600][92.497s][info][gc,load     ] GC(281) Load: 6.98/6.50/5.98
[2026-04-03T02:22:21.489+0600][92.497s][info][gc,mmu      ] GC(281) MMU: 2ms/90.1%, 5ms/96.1%, 10ms/98.0%, 20ms/99.0%, 50ms/99.6%, 100ms/99.7%
[2026-04-03T02:22:21.489+0600][92.497s][info][gc,marking  ] GC(281) Mark: 2 stripe(s), 2 proactive flush(es), 1 terminate flush(es), 0 completion(s), 0 continuation(s) 
[2026-04-03T02:22:21.489+0600][92.497s][info][gc,marking  ] GC(281) Mark Stack Usage: 32M
[2026-04-03T02:22:21.489+0600][92.497s][info][gc,nmethod  ] GC(281) NMethods: 15453 registered, 2662 unregistered
[2026-04-03T02:22:21.489+0600][92.497s][info][gc,metaspace] GC(281) Metaspace: 128M used, 129M committed, 1152M reserved
[2026-04-03T02:22:21.489+0600][92.497s][info][gc,ref      ] GC(281) Soft: 3397 encountered, 0 discovered, 0 enqueued
[2026-04-03T02:22:21.489+0600][92.497s][info][gc,ref      ] GC(281) Weak: 14960 encountered, 3807 discovered, 5 enqueued
[2026-04-03T02:22:21.489+0600][92.497s][info][gc,ref      ] GC(281) Final: 84 encountered, 0 discovered, 0 enqueued
[2026-04-03T02:22:21.489+0600][92.497s][info][gc,ref      ] GC(281) Phantom: 620 encountered, 352 discovered, 0 enqueued
[2026-04-03T02:22:21.489+0600][92.497s][info][gc,reloc    ] GC(281) Small Pages: 117 / 234M, Empty: 26M, Relocated: 5M, In-Place: 0
[2026-04-03T02:22:21.489+0600][92.497s][info][gc,reloc    ] GC(281) Medium Pages: 3 / 48M, Empty: 32M, Relocated: 0M, In-Place: 0
[2026-04-03T02:22:21.489+0600][92.497s][info][gc,reloc    ] GC(281) Large Pages: 5 / 28M, Empty: 24M, Relocated: 0M, In-Place: 0
[2026-04-03T02:22:21.489+0600][92.497s][info][gc,reloc    ] GC(281) Forwarding Usage: 1M
[2026-04-03T02:22:21.489+0600][92.497s][info][gc,heap     ] GC(281) Min Capacity: 8M(1%)
[2026-04-03T02:22:21.489+0600][92.497s][info][gc,heap     ] GC(281) Max Capacity: 1000M(100%)
[2026-04-03T02:22:21.489+0600][92.497s][info][gc,heap     ] GC(281) Soft Max Capacity: 1000M(100%)
[2026-04-03T02:22:21.489+0600][92.497s][info][gc,heap     ] GC(281)                Mark Start          Mark End        Relocate Start      Relocate End           High               Low         
[2026-04-03T02:22:21.489+0600][92.497s][info][gc,heap     ] GC(281)  Capacity:     1000M (100%)       1000M (100%)       1000M (100%)       1000M (100%)       1000M (100%)       1000M (100%)   
[2026-04-03T02:22:21.489+0600][92.497s][info][gc,heap     ] GC(281)      Free:      690M (69%)         514M (51%)         554M (55%)         642M (64%)         690M (69%)         472M (47%)    
[2026-04-03T02:22:21.489+0600][92.497s][info][gc,heap     ] GC(281)      Used:      310M (31%)         486M (49%)         446M (45%)         358M (36%)         528M (53%)         310M (31%)    
[2026-04-03T02:22:21.489+0600][92.497s][info][gc,heap     ] GC(281)      Live:         -               108M (11%)         108M (11%)         108M (11%)            -                  -          
[2026-04-03T02:22:21.489+0600][92.497s][info][gc,heap     ] GC(281) Allocated:         -               176M (18%)         218M (22%)         223M (22%)            -                  -          
[2026-04-03T02:22:21.489+0600][92.497s][info][gc,heap     ] GC(281)   Garbage:         -               201M (20%)         119M (12%)          25M (3%)             -                  -          
[2026-04-03T02:22:21.489+0600][92.497s][info][gc,heap     ] GC(281) Reclaimed:         -                  -                82M (8%)          175M (18%)            -                  -          
[2026-04-03T02:22:21.489+0600][92.497s][info][gc          ] GC(281) Garbage Collection (Allocation Rate) 310M(31%)->358M(36%)
[2026-04-03T02:22:21.496+0600][92.504s][info][gc,start    ] GC(282) Garbage Collection (Allocation Rate)
[2026-04-03T02:22:21.496+0600][92.504s][info][gc,task     ] GC(282) Using 3 workers
[2026-04-03T02:22:21.496+0600][92.504s][info][gc,phases   ] GC(282) Pause Mark Start 0.012ms
[2026-04-03T02:22:21.622+0600][92.630s][info][gc,phases   ] GC(282) Concurrent Mark 125.306ms
[2026-04-03T02:22:21.622+0600][92.630s][info][gc,phases   ] GC(282) Pause Mark End 0.041ms
[2026-04-03T02:22:21.622+0600][92.630s][info][gc,phases   ] GC(282) Concurrent Mark Free 0.004ms
[2026-04-03T02:22:21.644+0600][92.652s][info][gc,phases   ] GC(282) Concurrent Process Non-Strong References 21.400ms
[2026-04-03T02:22:21.644+0600][92.652s][info][gc,phases   ] GC(282) Concurrent Reset Relocation Set 0.010ms
[2026-04-03T02:22:21.649+0600][92.657s][info][gc,phases   ] GC(282) Concurrent Select Relocation Set 4.988ms
[2026-04-03T02:22:21.650+0600][92.658s][info][gc,phases   ] GC(282) Pause Relocate Start 0.020ms
[2026-04-03T02:22:21.653+0600][92.661s][info][gc,phases   ] GC(282) Concurrent Relocate 2.983ms
[2026-04-03T02:22:21.653+0600][92.661s][info][gc,load     ] GC(282) Load: 6.98/6.50/5.98
[2026-04-03T02:22:21.653+0600][92.662s][info][gc,mmu      ] GC(282) MMU: 2ms/90.1%, 5ms/96.1%, 10ms/98.0%, 20ms/99.0%, 50ms/99.6%, 100ms/99.7%
[2026-04-03T02:22:21.653+0600][92.662s][info][gc,marking  ] GC(282) Mark: 2 stripe(s), 2 proactive flush(es), 1 terminate flush(es), 0 completion(s), 0 continuation(s) 
[2026-04-03T02:22:21.653+0600][92.662s][info][gc,marking  ] GC(282) Mark Stack Usage: 32M
[2026-04-03T02:22:21.654+0600][92.662s][info][gc,nmethod  ] GC(282) NMethods: 15448 registered, 2667 unregistered
[2026-04-03T02:22:21.654+0600][92.662s][info][gc,metaspace] GC(282) Metaspace: 128M used, 129M committed, 1152M reserved
[2026-04-03T02:22:21.654+0600][92.662s][info][gc,ref      ] GC(282) Soft: 3397 encountered, 0 discovered, 0 enqueued
[2026-04-03T02:22:21.654+0600][92.662s][info][gc,ref      ] GC(282) Weak: 15247 encountered, 4050 discovered, 9 enqueued
[2026-04-03T02:22:21.654+0600][92.662s][info][gc,ref      ] GC(282) Final: 84 encountered, 0 discovered, 0 enqueued
[2026-04-03T02:22:21.654+0600][92.662s][info][gc,ref      ] GC(282) Phantom: 620 encountered, 515 discovered, 0 enqueued
[2026-04-03T02:22:21.654+0600][92.662s][info][gc,reloc    ] GC(282) Small Pages: 136 / 272M, Empty: 48M, Relocated: 3M, In-Place: 0
[2026-04-03T02:22:21.654+0600][92.662s][info][gc,reloc    ] GC(282) Medium Pages: 4 / 64M, Empty: 48M, Relocated: 0M, In-Place: 0
[2026-04-03T02:22:21.654+0600][92.662s][info][gc,reloc    ] GC(282) Large Pages: 5 / 28M, Empty: 24M, Relocated: 0M, In-Place: 0
[2026-04-03T02:22:21.654+0600][92.662s][info][gc,reloc    ] GC(282) Forwarding Usage: 0M
[2026-04-03T02:22:21.654+0600][92.662s][info][gc,heap     ] GC(282) Min Capacity: 8M(1%)
[2026-04-03T02:22:21.654+0600][92.662s][info][gc,heap     ] GC(282) Max Capacity: 1000M(100%)
[2026-04-03T02:22:21.654+0600][92.662s][info][gc,heap     ] GC(282) Soft Max Capacity: 1000M(100%)
[2026-04-03T02:22:21.654+0600][92.662s][info][gc,heap     ] GC(282)                Mark Start          Mark End        Relocate Start      Relocate End           High               Low         
[2026-04-03T02:22:21.654+0600][92.662s][info][gc,heap     ] GC(282)  Capacity:     1000M (100%)       1000M (100%)       1000M (100%)       1000M (100%)       1000M (100%)       1000M (100%)   
[2026-04-03T02:22:21.654+0600][92.662s][info][gc,heap     ] GC(282)      Free:      636M (64%)         476M (48%)         568M (57%)         676M (68%)         676M (68%)         448M (45%)    
[2026-04-03T02:22:21.654+0600][92.662s][info][gc,heap     ] GC(282)      Used:      364M (36%)         524M (52%)         432M (43%)         324M (32%)         552M (55%)         324M (32%)    
[2026-04-03T02:22:21.654+0600][92.662s][info][gc,heap     ] GC(282)      Live:         -               109M (11%)         109M (11%)         109M (11%)            -                  -          
[2026-04-03T02:22:21.654+0600][92.662s][info][gc,heap     ] GC(282) Allocated:         -               160M (16%)         188M (19%)         187M (19%)            -                  -          
[2026-04-03T02:22:21.654+0600][92.662s][info][gc,heap     ] GC(282)   Garbage:         -               254M (25%)         134M (13%)          26M (3%)             -                  -          
[2026-04-03T02:22:21.654+0600][92.662s][info][gc,heap     ] GC(282) Reclaimed:         -                  -               120M (12%)         227M (23%)            -                  -          
[2026-04-03T02:22:21.654+0600][92.662s][info][gc          ] GC(282) Garbage Collection (Allocation Rate) 364M(36%)->324M(32%)
[2026-04-03T02:22:21.695+0600][92.703s][info][gc,start    ] GC(283) Garbage Collection (Allocation Rate)
[2026-04-03T02:22:21.695+0600][92.704s][info][gc,task     ] GC(283) Using 3 workers
[2026-04-03T02:22:21.696+0600][92.704s][info][gc,phases   ] GC(283) Pause Mark Start 0.044ms
[2026-04-03T02:22:21.847+0600][92.855s][info][gc,phases   ] GC(283) Concurrent Mark 150.489ms
[2026-04-03T02:22:21.847+0600][92.855s][info][gc,phases   ] GC(283) Pause Mark End 0.063ms
[2026-04-03T02:22:21.847+0600][92.855s][info][gc,phases   ] GC(283) Concurrent Mark Free 0.004ms
[2026-04-03T02:22:21.873+0600][92.881s][info][gc,phases   ] GC(283) Concurrent Process Non-Strong References 25.691ms
[2026-04-03T02:22:21.873+0600][92.881s][info][gc,phases   ] GC(283) Concurrent Reset Relocation Set 0.011ms
[2026-04-03T02:22:21.878+0600][92.886s][info][gc,phases   ] GC(283) Concurrent Select Relocation Set 4.609ms
[2026-04-03T02:22:21.883+0600][92.891s][info][gc,phases   ] GC(283) Pause Relocate Start 0.017ms
[2026-04-03T02:22:21.889+0600][92.897s][info][gc,phases   ] GC(283) Concurrent Relocate 5.949ms
[2026-04-03T02:22:21.889+0600][92.898s][info][gc,load     ] GC(283) Load: 6.98/6.50/5.98
[2026-04-03T02:22:21.890+0600][92.898s][info][gc,mmu      ] GC(283) MMU: 2ms/90.1%, 5ms/96.1%, 10ms/98.0%, 20ms/99.0%, 50ms/99.6%, 100ms/99.7%
[2026-04-03T02:22:21.890+0600][92.898s][info][gc,marking  ] GC(283) Mark: 2 stripe(s), 2 proactive flush(es), 1 terminate flush(es), 0 completion(s), 0 continuation(s) 
[2026-04-03T02:22:21.890+0600][92.898s][info][gc,marking  ] GC(283) Mark Stack Usage: 32M
[2026-04-03T02:22:21.890+0600][92.898s][info][gc,nmethod  ] GC(283) NMethods: 15451 registered, 2667 unregistered
[2026-04-03T02:22:21.890+0600][92.898s][info][gc,metaspace] GC(283) Metaspace: 128M used, 129M committed, 1152M reserved
[2026-04-03T02:22:21.890+0600][92.898s][info][gc,ref      ] GC(283) Soft: 3397 encountered, 0 discovered, 0 enqueued
[2026-04-03T02:22:21.890+0600][92.898s][info][gc,ref      ] GC(283) Weak: 15527 encountered, 4196 discovered, 9 enqueued
[2026-04-03T02:22:21.890+0600][92.898s][info][gc,ref      ] GC(283) Final: 84 encountered, 1 discovered, 0 enqueued
[2026-04-03T02:22:21.890+0600][92.898s][info][gc,ref      ] GC(283) Phantom: 620 encountered, 469 discovered, 0 enqueued
[2026-04-03T02:22:21.890+0600][92.898s][info][gc,reloc    ] GC(283) Small Pages: 148 / 296M, Empty: 30M, Relocated: 6M, In-Place: 0
[2026-04-03T02:22:21.890+0600][92.898s][info][gc,reloc    ] GC(283) Medium Pages: 4 / 64M, Empty: 48M, Relocated: 0M, In-Place: 0
[2026-04-03T02:22:21.890+0600][92.898s][info][gc,reloc    ] GC(283) Large Pages: 5 / 28M, Empty: 24M, Relocated: 0M, In-Place: 0
[2026-04-03T02:22:21.890+0600][92.898s][info][gc,reloc    ] GC(283) Forwarding Usage: 2M
[2026-04-03T02:22:21.890+0600][92.898s][info][gc,heap     ] GC(283) Min Capacity: 8M(1%)
[2026-04-03T02:22:21.890+0600][92.898s][info][gc,heap     ] GC(283) Max Capacity: 1000M(100%)
[2026-04-03T02:22:21.890+0600][92.898s][info][gc,heap     ] GC(283) Soft Max Capacity: 1000M(100%)
[2026-04-03T02:22:21.890+0600][92.898s][info][gc,heap     ] GC(283)                Mark Start          Mark End        Relocate Start      Relocate End           High               Low         
[2026-04-03T02:22:21.890+0600][92.898s][info][gc,heap     ] GC(283)  Capacity:     1000M (100%)       1000M (100%)       1000M (100%)       1000M (100%)       1000M (100%)       1000M (100%)   
[2026-04-03T02:22:21.890+0600][92.898s][info][gc,heap     ] GC(283)      Free:      612M (61%)         454M (45%)         508M (51%)         658M (66%)         658M (66%)         390M (39%)    
[2026-04-03T02:22:21.890+0600][92.898s][info][gc,heap     ] GC(283)      Used:      388M (39%)         546M (55%)         492M (49%)         342M (34%)         610M (61%)         342M (34%)    
[2026-04-03T02:22:21.890+0600][92.898s][info][gc,heap     ] GC(283)      Live:         -               110M (11%)         110M (11%)         110M (11%)            -                  -          
[2026-04-03T02:22:21.890+0600][92.898s][info][gc,heap     ] GC(283) Allocated:         -               158M (16%)         206M (21%)         205M (21%)            -                  -          
[2026-04-03T02:22:21.890+0600][92.898s][info][gc,heap     ] GC(283)   Garbage:         -               277M (28%)         175M (18%)          25M (3%)             -                  -          
[2026-04-03T02:22:21.890+0600][92.898s][info][gc,heap     ] GC(283) Reclaimed:         -                  -               102M (10%)         251M (25%)            -                  -          
[2026-04-03T02:22:21.890+0600][92.898s][info][gc          ] GC(283) Garbage Collection (Allocation Rate) 388M(39%)->342M(34%)
[2026-04-03T02:22:21.896+0600][92.904s][info][gc,start    ] GC(284) Garbage Collection (Allocation Rate)
[2026-04-03T02:22:21.896+0600][92.904s][info][gc,task     ] GC(284) Using 3 workers
[2026-04-03T02:22:21.896+0600][92.904s][info][gc,phases   ] GC(284) Pause Mark Start 0.012ms
[2026-04-03T02:22:22.023+0600][93.031s][info][gc,phases   ] GC(284) Concurrent Mark 126.962ms
[2026-04-03T02:22:22.024+0600][93.032s][info][gc,phases   ] GC(284) Pause Mark End 0.063ms
[2026-04-03T02:22:22.024+0600][93.032s][info][gc,phases   ] GC(284) Concurrent Mark Free 0.005ms
[2026-04-03T02:22:22.044+0600][93.052s][info][gc,phases   ] GC(284) Concurrent Process Non-Strong References 20.335ms
[2026-04-03T02:22:22.044+0600][93.052s][info][gc,phases   ] GC(284) Concurrent Reset Relocation Set 0.012ms
[2026-04-03T02:22:22.048+0600][93.056s][info][gc,phases   ] GC(284) Concurrent Select Relocation Set 3.621ms
[2026-04-03T02:22:22.048+0600][93.056s][info][gc,phases   ] GC(284) Pause Relocate Start 0.016ms
[2026-04-03T02:22:22.051+0600][93.060s][info][gc,phases   ] GC(284) Concurrent Relocate 3.145ms
[2026-04-03T02:22:22.052+0600][93.060s][info][gc,load     ] GC(284) Load: 6.98/6.50/5.98
[2026-04-03T02:22:22.052+0600][93.060s][info][gc,mmu      ] GC(284) MMU: 2ms/90.1%, 5ms/96.1%, 10ms/98.0%, 20ms/99.0%, 50ms/99.6%, 100ms/99.7%
[2026-04-03T02:22:22.052+0600][93.060s][info][gc,marking  ] GC(284) Mark: 2 stripe(s), 2 proactive flush(es), 1 terminate flush(es), 0 completion(s), 0 continuation(s) 
[2026-04-03T02:22:22.052+0600][93.060s][info][gc,marking  ] GC(284) Mark Stack Usage: 32M
[2026-04-03T02:22:22.052+0600][93.060s][info][gc,nmethod  ] GC(284) NMethods: 15450 registered, 2668 unregistered
[2026-04-03T02:22:22.052+0600][93.060s][info][gc,metaspace] GC(284) Metaspace: 128M used, 129M committed, 1152M reserved
[2026-04-03T02:22:22.052+0600][93.060s][info][gc,ref      ] GC(284) Soft: 3389 encountered, 0 discovered, 0 enqueued
[2026-04-03T02:22:22.052+0600][93.060s][info][gc,ref      ] GC(284) Weak: 15799 encountered, 5914 discovered, 9 enqueued
[2026-04-03T02:22:22.052+0600][93.060s][info][gc,ref      ] GC(284) Final: 84 encountered, 0 discovered, 0 enqueued
[2026-04-03T02:22:22.052+0600][93.060s][info][gc,ref      ] GC(284) Phantom: 620 encountered, 591 discovered, 0 enqueued
[2026-04-03T02:22:22.052+0600][93.060s][info][gc,reloc    ] GC(284) Small Pages: 128 / 256M, Empty: 44M, Relocated: 3M, In-Place: 0
[2026-04-03T02:22:22.052+0600][93.060s][info][gc,reloc    ] GC(284) Medium Pages: 4 / 64M, Empty: 48M, Relocated: 0M, In-Place: 0
[2026-04-03T02:22:22.052+0600][93.060s][info][gc,reloc    ] GC(284) Large Pages: 5 / 28M, Empty: 18M, Relocated: 0M, In-Place: 0
[2026-04-03T02:22:22.052+0600][93.060s][info][gc,reloc    ] GC(284) Forwarding Usage: 1M
[2026-04-03T02:22:22.052+0600][93.060s][info][gc,heap     ] GC(284) Min Capacity: 8M(1%)
[2026-04-03T02:22:22.052+0600][93.060s][info][gc,heap     ] GC(284) Max Capacity: 1000M(100%)
[2026-04-03T02:22:22.052+0600][93.060s][info][gc,heap     ] GC(284) Soft Max Capacity: 1000M(100%)
[2026-04-03T02:22:22.052+0600][93.060s][info][gc,heap     ] GC(284)                Mark Start          Mark End        Relocate Start      Relocate End           High               Low         
[2026-04-03T02:22:22.052+0600][93.060s][info][gc,heap     ] GC(284)  Capacity:     1000M (100%)       1000M (100%)       1000M (100%)       1000M (100%)       1000M (100%)       1000M (100%)   
[2026-04-03T02:22:22.052+0600][93.060s][info][gc,heap     ] GC(284)      Free:      652M (65%)         480M (48%)         578M (58%)         676M (68%)         676M (68%)         470M (47%)    
[2026-04-03T02:22:22.055+0600][93.063s][info][gc,heap     ] GC(284)      Used:      348M (35%)         520M (52%)         422M (42%)         324M (32%)         530M (53%)         324M (32%)    
[2026-04-03T02:22:22.055+0600][93.063s][info][gc,heap     ] GC(284)      Live:         -               113M (11%)         113M (11%)         113M (11%)            -                  -          
[2026-04-03T02:22:22.055+0600][93.063s][info][gc,heap     ] GC(284) Allocated:         -               172M (17%)         184M (18%)         183M (18%)            -                  -          
[2026-04-03T02:22:22.055+0600][93.063s][info][gc,heap     ] GC(284)   Garbage:         -               234M (23%)         124M (12%)          26M (3%)             -                  -          
[2026-04-03T02:22:22.055+0600][93.063s][info][gc,heap     ] GC(284) Reclaimed:         -                  -               110M (11%)         207M (21%)            -                  -          
[2026-04-03T02:22:22.055+0600][93.063s][info][gc          ] GC(284) Garbage Collection (Allocation Rate) 348M(35%)->324M(32%)
[2026-04-03T02:22:22.096+0600][93.104s][info][gc,start    ] GC(285) Garbage Collection (Allocation Rate)
[2026-04-03T02:22:22.096+0600][93.104s][info][gc,task     ] GC(285) Using 3 workers
[2026-04-03T02:22:22.096+0600][93.104s][info][gc,phases   ] GC(285) Pause Mark Start 0.124ms
[2026-04-03T02:22:22.190+0600][93.198s][info][gc,phases   ] GC(285) Concurrent Mark 93.496ms
[2026-04-03T02:22:22.190+0600][93.198s][info][gc,phases   ] GC(285) Pause Mark End 0.033ms
[2026-04-03T02:22:22.190+0600][93.198s][info][gc,phases   ] GC(285) Concurrent Mark Free 0.003ms
[2026-04-03T02:22:22.206+0600][93.214s][info][gc,phases   ] GC(285) Concurrent Process Non-Strong References 15.891ms
[2026-04-03T02:22:22.206+0600][93.214s][info][gc,phases   ] GC(285) Concurrent Reset Relocation Set 0.009ms
[2026-04-03T02:22:22.210+0600][93.218s][info][gc,phases   ] GC(285) Concurrent Select Relocation Set 3.535ms
[2026-04-03T02:22:22.210+0600][93.218s][info][gc,phases   ] GC(285) Pause Relocate Start 0.013ms
[2026-04-03T02:22:22.214+0600][93.222s][info][gc,phases   ] GC(285) Concurrent Relocate 3.613ms
[2026-04-03T02:22:22.214+0600][93.222s][info][gc,load     ] GC(285) Load: 6.98/6.50/5.98
[2026-04-03T02:22:22.214+0600][93.222s][info][gc,mmu      ] GC(285) MMU: 2ms/90.1%, 5ms/96.1%, 10ms/98.0%, 20ms/99.0%, 50ms/99.6%, 100ms/99.7%
[2026-04-03T02:22:22.214+0600][93.222s][info][gc,marking  ] GC(285) Mark: 2 stripe(s), 2 proactive flush(es), 1 terminate flush(es), 0 completion(s), 0 continuation(s) 
[2026-04-03T02:22:22.214+0600][93.222s][info][gc,marking  ] GC(285) Mark Stack Usage: 32M
[2026-04-03T02:22:22.214+0600][93.222s][info][gc,nmethod  ] GC(285) NMethods: 15458 registered, 2669 unregistered
[2026-04-03T02:22:22.214+0600][93.222s][info][gc,metaspace] GC(285) Metaspace: 128M used, 129M committed, 1152M reserved
[2026-04-03T02:22:22.214+0600][93.222s][info][gc,ref      ] GC(285) Soft: 3394 encountered, 0 discovered, 0 enqueued
[2026-04-03T02:22:22.214+0600][93.222s][info][gc,ref      ] GC(285) Weak: 16015 encountered, 4518 discovered, 1414 enqueued
[2026-04-03T02:22:22.214+0600][93.222s][info][gc,ref      ] GC(285) Final: 84 encountered, 0 discovered, 0 enqueued
[2026-04-03T02:22:22.214+0600][93.222s][info][gc,ref      ] GC(285) Phantom: 620 encountered, 481 discovered, 0 enqueued
[2026-04-03T02:22:22.214+0600][93.222s][info][gc,reloc    ] GC(285) Small Pages: 158 / 316M, Empty: 26M, Relocated: 5M, In-Place: 0
[2026-04-03T02:22:22.214+0600][93.222s][info][gc,reloc    ] GC(285) Medium Pages: 3 / 48M, Empty: 32M, Relocated: 0M, In-Place: 0
[2026-04-03T02:22:22.214+0600][93.222s][info][gc,reloc    ] GC(285) Large Pages: 5 / 28M, Empty: 24M, Relocated: 0M, In-Place: 0
[2026-04-03T02:22:22.214+0600][93.222s][info][gc,reloc    ] GC(285) Forwarding Usage: 1M
[2026-04-03T02:22:22.214+0600][93.222s][info][gc,heap     ] GC(285) Min Capacity: 8M(1%)
[2026-04-03T02:22:22.214+0600][93.222s][info][gc,heap     ] GC(285) Max Capacity: 1000M(100%)
[2026-04-03T02:22:22.214+0600][93.222s][info][gc,heap     ] GC(285) Soft Max Capacity: 1000M(100%)
[2026-04-03T02:22:22.214+0600][93.222s][info][gc,heap     ] GC(285)                Mark Start          Mark End        Relocate Start      Relocate End           High               Low         
[2026-04-03T02:22:22.214+0600][93.222s][info][gc,heap     ] GC(285)  Capacity:     1000M (100%)       1000M (100%)       1000M (100%)       1000M (100%)       1000M (100%)       1000M (100%)   
[2026-04-03T02:22:22.214+0600][93.222s][info][gc,heap     ] GC(285)      Free:      608M (61%)         526M (53%)         590M (59%)         762M (76%)         762M (76%)         510M (51%)    
[2026-04-03T02:22:22.214+0600][93.222s][info][gc,heap     ] GC(285)      Used:      392M (39%)         474M (47%)         410M (41%)         238M (24%)         490M (49%)         238M (24%)    
[2026-04-03T02:22:22.214+0600][93.222s][info][gc,heap     ] GC(285)      Live:         -               109M (11%)         109M (11%)         109M (11%)            -                  -          
[2026-04-03T02:22:22.214+0600][93.222s][info][gc,heap     ] GC(285) Allocated:         -                82M (8%)          100M (10%)         101M (10%)            -                  -          
[2026-04-03T02:22:22.214+0600][93.222s][info][gc,heap     ] GC(285)   Garbage:         -               282M (28%)         200M (20%)          26M (3%)             -                  -          
[2026-04-03T02:22:22.214+0600][93.222s][info][gc,heap     ] GC(285) Reclaimed:         -                  -                82M (8%)          255M (26%)            -                  -          
[2026-04-03T02:22:22.214+0600][93.222s][info][gc          ] GC(285) Garbage Collection (Allocation Rate) 392M(39%)->238M(24%)
[2026-04-03T02:22:22.396+0600][93.404s][info][gc,start    ] GC(286) Garbage Collection (Allocation Rate)
[2026-04-03T02:22:22.396+0600][93.404s][info][gc,task     ] GC(286) Using 3 workers
[2026-04-03T02:22:22.396+0600][93.404s][info][gc,phases   ] GC(286) Pause Mark Start 0.015ms
[2026-04-03T02:22:22.517+0600][93.525s][info][gc,phases   ] GC(286) Concurrent Mark 120.305ms
[2026-04-03T02:22:22.517+0600][93.525s][info][gc,phases   ] GC(286) Pause Mark End 0.048ms
[2026-04-03T02:22:22.517+0600][93.526s][info][gc,phases   ] GC(286) Concurrent Mark Free 0.004ms
[2026-04-03T02:22:22.543+0600][93.551s][info][gc,phases   ] GC(286) Concurrent Process Non-Strong References 25.081ms
[2026-04-03T02:22:22.543+0600][93.551s][info][gc,phases   ] GC(286) Concurrent Reset Relocation Set 0.017ms
[2026-04-03T02:22:22.548+0600][93.556s][info][gc,phases   ] GC(286) Concurrent Select Relocation Set 5.059ms
[2026-04-03T02:22:22.548+0600][93.556s][info][gc,phases   ] GC(286) Pause Relocate Start 0.018ms
[2026-04-03T02:22:22.556+0600][93.564s][info][gc,phases   ] GC(286) Concurrent Relocate 7.696ms
[2026-04-03T02:22:22.556+0600][93.564s][info][gc,load     ] GC(286) Load: 6.98/6.50/5.98
[2026-04-03T02:22:22.556+0600][93.564s][info][gc,mmu      ] GC(286) MMU: 2ms/90.1%, 5ms/96.1%, 10ms/98.0%, 20ms/99.0%, 50ms/99.6%, 100ms/99.7%
[2026-04-03T02:22:22.556+0600][93.564s][info][gc,marking  ] GC(286) Mark: 2 stripe(s), 2 proactive flush(es), 1 terminate flush(es), 0 completion(s), 0 continuation(s) 
[2026-04-03T02:22:22.556+0600][93.564s][info][gc,marking  ] GC(286) Mark Stack Usage: 32M
[2026-04-03T02:22:22.556+0600][93.564s][info][gc,nmethod  ] GC(286) NMethods: 15459 registered, 2674 unregistered
[2026-04-03T02:22:22.556+0600][93.564s][info][gc,metaspace] GC(286) Metaspace: 128M used, 129M committed, 1152M reserved
[2026-04-03T02:22:22.556+0600][93.564s][info][gc,ref      ] GC(286) Soft: 3397 encountered, 0 discovered, 0 enqueued
[2026-04-03T02:22:22.556+0600][93.564s][info][gc,ref      ] GC(286) Weak: 15132 encountered, 4557 discovered, 311 enqueued
[2026-04-03T02:22:22.556+0600][93.564s][info][gc,ref      ] GC(286) Final: 84 encountered, 0 discovered, 0 enqueued
[2026-04-03T02:22:22.556+0600][93.564s][info][gc,ref      ] GC(286) Phantom: 620 encountered, 534 discovered, 0 enqueued
[2026-04-03T02:22:22.556+0600][93.564s][info][gc,reloc    ] GC(286) Small Pages: 193 / 386M, Empty: 60M, Relocated: 8M, In-Place: 0
[2026-04-03T02:22:22.556+0600][93.564s][info][gc,reloc    ] GC(286) Medium Pages: 3 / 48M, Empty: 32M, Relocated: 0M, In-Place: 0
[2026-04-03T02:22:22.556+0600][93.564s][info][gc,reloc    ] GC(286) Large Pages: 8 / 46M, Empty: 42M, Relocated: 0M, In-Place: 0
[2026-04-03T02:22:22.556+0600][93.564s][info][gc,reloc    ] GC(286) Forwarding Usage: 3M
[2026-04-03T02:22:22.556+0600][93.564s][info][gc,heap     ] GC(286) Min Capacity: 8M(1%)
[2026-04-03T02:22:22.556+0600][93.564s][info][gc,heap     ] GC(286) Max Capacity: 1000M(100%)
[2026-04-03T02:22:22.556+0600][93.564s][info][gc,heap     ] GC(286) Soft Max Capacity: 1000M(100%)
[2026-04-03T02:22:22.556+0600][93.564s][info][gc,heap     ] GC(286)                Mark Start          Mark End        Relocate Start      Relocate End           High               Low         
[2026-04-03T02:22:22.556+0600][93.564s][info][gc,heap     ] GC(286)  Capacity:     1000M (100%)       1000M (100%)       1000M (100%)       1000M (100%)       1000M (100%)       1000M (100%)   
[2026-04-03T02:22:22.556+0600][93.564s][info][gc,heap     ] GC(286)      Free:      520M (52%)         328M (33%)         404M (40%)         608M (61%)         608M (61%)         292M (29%)    
[2026-04-03T02:22:22.556+0600][93.564s][info][gc,heap     ] GC(286)      Used:      480M (48%)         672M (67%)         596M (60%)         392M (39%)         708M (71%)         392M (39%)    
[2026-04-03T02:22:22.556+0600][93.564s][info][gc,heap     ] GC(286)      Live:         -               111M (11%)         111M (11%)         111M (11%)            -                  -          
[2026-04-03T02:22:22.556+0600][93.564s][info][gc,heap     ] GC(286) Allocated:         -               192M (19%)         250M (25%)         253M (25%)            -                  -          
[2026-04-03T02:22:22.556+0600][93.565s][info][gc,heap     ] GC(286)   Garbage:         -               368M (37%)         234M (23%)          26M (3%)             -                  -          
[2026-04-03T02:22:22.556+0600][93.565s][info][gc,heap     ] GC(286) Reclaimed:         -                  -               134M (13%)         341M (34%)            -                  -          
[2026-04-03T02:22:22.556+0600][93.565s][info][gc          ] GC(286) Garbage Collection (Allocation Rate) 480M(48%)->392M(39%)
[2026-04-03T02:22:22.696+0600][93.704s][info][gc,start    ] GC(287) Garbage Collection (Allocation Rate)
[2026-04-03T02:22:22.696+0600][93.704s][info][gc,task     ] GC(287) Using 3 workers
[2026-04-03T02:22:22.696+0600][93.705s][info][gc,phases   ] GC(287) Pause Mark Start 0.017ms
[2026-04-03T02:22:22.789+0600][93.797s][info][gc,phases   ] GC(287) Concurrent Mark 92.690ms
[2026-04-03T02:22:22.790+0600][93.798s][info][gc,phases   ] GC(287) Pause Mark End 0.054ms
[2026-04-03T02:22:22.790+0600][93.798s][info][gc,phases   ] GC(287) Concurrent Mark Free 0.001ms
[2026-04-03T02:22:22.806+0600][93.814s][info][gc,phases   ] GC(287) Concurrent Process Non-Strong References 16.281ms
[2026-04-03T02:22:22.806+0600][93.814s][info][gc,phases   ] GC(287) Concurrent Reset Relocation Set 0.018ms
[2026-04-03T02:22:22.806+0600][93.814s][info][gc          ] Allocation Stall (Executor task launch worker for task 3.0 in stage 4288.0 (TID 7908)) 17.670ms
[2026-04-03T02:22:22.806+0600][93.814s][info][gc          ] Allocation Stall (Executor task launch worker for task 0.0 in stage 4288.0 (TID 7905)) 19.567ms
[2026-04-03T02:22:22.806+0600][93.814s][info][gc          ] Allocation Stall (Executor task launch worker for task 1.0 in stage 4288.0 (TID 7906)) 14.751ms
[2026-04-03T02:22:22.806+0600][93.814s][info][gc          ] Allocation Stall (Executor task launch worker for task 2.0 in stage 4288.0 (TID 7907)) 19.276ms
[2026-04-03T02:22:22.809+0600][93.817s][info][gc,phases   ] GC(287) Concurrent Select Relocation Set 3.076ms
[2026-04-03T02:22:22.809+0600][93.817s][info][gc,phases   ] GC(287) Pause Relocate Start 0.014ms
[2026-04-03T02:22:22.816+0600][93.824s][info][gc,phases   ] GC(287) Concurrent Relocate 6.283ms
[2026-04-03T02:22:22.816+0600][93.824s][info][gc,load     ] GC(287) Load: 6.98/6.50/5.98
[2026-04-03T02:22:22.816+0600][93.824s][info][gc,mmu      ] GC(287) MMU: 2ms/90.1%, 5ms/96.1%, 10ms/98.0%, 20ms/99.0%, 50ms/99.6%, 100ms/99.7%
[2026-04-03T02:22:22.816+0600][93.824s][info][gc,marking  ] GC(287) Mark: 2 stripe(s), 2 proactive flush(es), 1 terminate flush(es), 0 completion(s), 0 continuation(s) 
[2026-04-03T02:22:22.816+0600][93.824s][info][gc,marking  ] GC(287) Mark Stack Usage: 32M
[2026-04-03T02:22:22.816+0600][93.824s][info][gc,nmethod  ] GC(287) NMethods: 15464 registered, 2675 unregistered
[2026-04-03T02:22:22.816+0600][93.824s][info][gc,metaspace] GC(287) Metaspace: 128M used, 129M committed, 1152M reserved
[2026-04-03T02:22:22.816+0600][93.824s][info][gc,ref      ] GC(287) Soft: 3391 encountered, 0 discovered, 0 enqueued
[2026-04-03T02:22:22.816+0600][93.824s][info][gc,ref      ] GC(287) Weak: 15208 encountered, 3545 discovered, 556 enqueued
[2026-04-03T02:22:22.816+0600][93.824s][info][gc,ref      ] GC(287) Final: 84 encountered, 0 discovered, 0 enqueued
[2026-04-03T02:22:22.816+0600][93.824s][info][gc,ref      ] GC(287) Phantom: 627 encountered, 423 discovered, 0 enqueued
[2026-04-03T02:22:22.816+0600][93.824s][info][gc,reloc    ] GC(287) Small Pages: 202 / 404M, Empty: 184M, Relocated: 6M, In-Place: 0
[2026-04-03T02:22:22.816+0600][93.824s][info][gc,reloc    ] GC(287) Medium Pages: 3 / 48M, Empty: 32M, Relocated: 0M, In-Place: 0
[2026-04-03T02:22:22.816+0600][93.824s][info][gc,reloc    ] GC(287) Large Pages: 69 / 412M, Empty: 402M, Relocated: 0M, In-Place: 0
[2026-04-03T02:22:22.816+0600][93.824s][info][gc,reloc    ] GC(287) Forwarding Usage: 2M
[2026-04-03T02:22:22.816+0600][93.824s][info][gc,heap     ] GC(287) Min Capacity: 8M(1%)
[2026-04-03T02:22:22.816+0600][93.824s][info][gc,heap     ] GC(287) Max Capacity: 1000M(100%)
[2026-04-03T02:22:22.816+0600][93.824s][info][gc,heap     ] GC(287) Soft Max Capacity: 1000M(100%)
[2026-04-03T02:22:22.816+0600][93.824s][info][gc,heap     ] GC(287)                Mark Start          Mark End        Relocate Start      Relocate End           High               Low         
[2026-04-03T02:22:22.816+0600][93.824s][info][gc,heap     ] GC(287)  Capacity:     1000M (100%)       1000M (100%)       1000M (100%)       1000M (100%)       1000M (100%)       1000M (100%)   
[2026-04-03T02:22:22.816+0600][93.824s][info][gc,heap     ] GC(287)      Free:      136M (14%)           4M (0%)          590M (59%)         620M (62%)         686M (69%)           4M (0%)     
[2026-04-03T02:22:22.816+0600][93.824s][info][gc,heap     ] GC(287)      Used:      864M (86%)         996M (100%)        410M (41%)         380M (38%)         996M (100%)        314M (31%)    
[2026-04-03T02:22:22.816+0600][93.824s][info][gc,heap     ] GC(287)      Live:         -               115M (12%)         115M (12%)         115M (12%)            -                  -          
[2026-04-03T02:22:22.816+0600][93.824s][info][gc,heap     ] GC(287) Allocated:         -               132M (13%)         164M (16%)         237M (24%)            -                  -          
[2026-04-03T02:22:22.816+0600][93.824s][info][gc,heap     ] GC(287)   Garbage:         -               748M (75%)         130M (13%)          26M (3%)             -                  -          
[2026-04-03T02:22:22.816+0600][93.824s][info][gc,heap     ] GC(287) Reclaimed:         -                  -               618M (62%)         721M (72%)            -                  -          
[2026-04-03T02:22:22.816+0600][93.824s][info][gc          ] GC(287) Garbage Collection (Allocation Rate) 864M(86%)->380M(38%)
[2026-04-03T02:22:22.895+0600][93.903s][info][gc,start    ] GC(288) Garbage Collection (Allocation Stall)
[2026-04-03T02:22:22.895+0600][93.903s][info][gc,ref      ] GC(288) Clearing All SoftReferences
[2026-04-03T02:22:22.895+0600][93.903s][info][gc,task     ] GC(288) Using 3 workers
[2026-04-03T02:22:22.896+0600][93.904s][info][gc,ref      ] GC(288) Clearing All SoftReferences
[2026-04-03T02:22:22.896+0600][93.904s][info][gc,phases   ] GC(288) Pause Mark Start 0.052ms
[2026-04-03T02:22:23.005+0600][94.013s][info][gc,phases   ] GC(288) Concurrent Mark 109.103ms
[2026-04-03T02:22:23.005+0600][94.013s][info][gc,phases   ] GC(288) Pause Mark End 0.048ms
[2026-04-03T02:22:23.005+0600][94.013s][info][gc,phases   ] GC(288) Concurrent Mark Free 0.003ms
[2026-04-03T02:22:23.057+0600][94.065s][info][gc,phases   ] GC(288) Concurrent Process Non-Strong References 52.014ms
[2026-04-03T02:22:23.057+0600][94.065s][info][gc,phases   ] GC(288) Concurrent Reset Relocation Set 0.013ms
[2026-04-03T02:22:23.061+0600][94.069s][info][gc,phases   ] GC(288) Concurrent Select Relocation Set 3.277ms
[2026-04-03T02:22:23.061+0600][94.069s][info][gc,phases   ] GC(288) Pause Relocate Start 0.014ms
[2026-04-03T02:22:23.066+0600][94.074s][info][gc,phases   ] GC(288) Concurrent Relocate 4.395ms
[2026-04-03T02:22:23.066+0600][94.074s][info][gc,load     ] GC(288) Load: 6.98/6.50/5.98
[2026-04-03T02:22:23.066+0600][94.074s][info][gc,mmu      ] GC(288) MMU: 2ms/90.1%, 5ms/96.1%, 10ms/98.0%, 20ms/99.0%, 50ms/99.6%, 100ms/99.7%
[2026-04-03T02:22:23.066+0600][94.074s][info][gc,marking  ] GC(288) Mark: 2 stripe(s), 2 proactive flush(es), 1 terminate flush(es), 0 completion(s), 0 continuation(s) 
[2026-04-03T02:22:23.066+0600][94.074s][info][gc,marking  ] GC(288) Mark Stack Usage: 32M
[2026-04-03T02:22:23.066+0600][94.074s][info][gc,nmethod  ] GC(288) NMethods: 15472 registered, 2679 unregistered
[2026-04-03T02:22:23.066+0600][94.074s][info][gc,metaspace] GC(288) Metaspace: 128M used, 129M committed, 1152M reserved
[2026-04-03T02:22:23.066+0600][94.074s][info][gc,ref      ] GC(288) Soft: 3353 encountered, 751 discovered, 108 enqueued
[2026-04-03T02:22:23.066+0600][94.074s][info][gc,ref      ] GC(288) Weak: 14841 encountered, 4960 discovered, 389 enqueued
[2026-04-03T02:22:23.066+0600][94.074s][info][gc,ref      ] GC(288) Final: 84 encountered, 0 discovered, 0 enqueued
[2026-04-03T02:22:23.066+0600][94.074s][info][gc,ref      ] GC(288) Phantom: 620 encountered, 361 discovered, 0 enqueued
[2026-04-03T02:22:23.066+0600][94.074s][info][gc,reloc    ] GC(288) Small Pages: 147 / 294M, Empty: 24M, Relocated: 6M, In-Place: 0
[2026-04-03T02:22:23.066+0600][94.074s][info][gc,reloc    ] GC(288) Medium Pages: 3 / 48M, Empty: 32M, Relocated: 0M, In-Place: 0
[2026-04-03T02:22:23.066+0600][94.074s][info][gc,reloc    ] GC(288) Large Pages: 70 / 418M, Empty: 414M, Relocated: 0M, In-Place: 0
[2026-04-03T02:22:23.066+0600][94.074s][info][gc,reloc    ] GC(288) Forwarding Usage: 2M
[2026-04-03T02:22:23.066+0600][94.074s][info][gc,heap     ] GC(288) Min Capacity: 8M(1%)
[2026-04-03T02:22:23.066+0600][94.074s][info][gc,heap     ] GC(288) Max Capacity: 1000M(100%)
[2026-04-03T02:22:23.066+0600][94.074s][info][gc,heap     ] GC(288) Soft Max Capacity: 1000M(100%)
[2026-04-03T02:22:23.066+0600][94.074s][info][gc,heap     ] GC(288)                Mark Start          Mark End        Relocate Start      Relocate End           High               Low         
[2026-04-03T02:22:23.066+0600][94.074s][info][gc,heap     ] GC(288)  Capacity:     1000M (100%)       1000M (100%)       1000M (100%)       1000M (100%)       1000M (100%)       1000M (100%)   
[2026-04-03T02:22:23.066+0600][94.074s][info][gc,heap     ] GC(288)      Free:      240M (24%)         120M (12%)         566M (57%)         720M (72%)         720M (72%)         102M (10%)    
[2026-04-03T02:22:23.066+0600][94.074s][info][gc,heap     ] GC(288)      Used:      760M (76%)         880M (88%)         434M (43%)         280M (28%)         898M (90%)         280M (28%)    
[2026-04-03T02:22:23.066+0600][94.074s][info][gc,heap     ] GC(288)      Live:         -               106M (11%)         106M (11%)         106M (11%)            -                  -          
[2026-04-03T02:22:23.066+0600][94.074s][info][gc,heap     ] GC(288) Allocated:         -               120M (12%)         144M (14%)         145M (15%)            -                  -          
[2026-04-03T02:22:23.066+0600][94.074s][info][gc,heap     ] GC(288)   Garbage:         -               653M (65%)         183M (18%)          27M (3%)             -                  -          
[2026-04-03T02:22:23.066+0600][94.074s][info][gc,heap     ] GC(288) Reclaimed:         -                  -               470M (47%)         625M (63%)            -                  -          
[2026-04-03T02:22:23.066+0600][94.074s][info][gc          ] GC(288) Garbage Collection (Allocation Stall) 760M(76%)->280M(28%)
[2026-04-03T02:22:23.096+0600][94.104s][info][gc,start    ] GC(289) Garbage Collection (Allocation Rate)
[2026-04-03T02:22:23.096+0600][94.104s][info][gc,task     ] GC(289) Using 3 workers
[2026-04-03T02:22:23.096+0600][94.104s][info][gc,phases   ] GC(289) Pause Mark Start 0.031ms
[2026-04-03T02:22:23.188+0600][94.196s][info][gc,phases   ] GC(289) Concurrent Mark 91.490ms
[2026-04-03T02:22:23.188+0600][94.196s][info][gc,phases   ] GC(289) Pause Mark End 0.107ms
[2026-04-03T02:22:23.188+0600][94.196s][info][gc,phases   ] GC(289) Concurrent Mark Free 0.001ms
[2026-04-03T02:22:23.221+0600][94.229s][info][gc,phases   ] GC(289) Concurrent Process Non-Strong References 32.737ms
[2026-04-03T02:22:23.221+0600][94.229s][info][gc,phases   ] GC(289) Concurrent Reset Relocation Set 0.013ms
[2026-04-03T02:22:23.224+0600][94.232s][info][gc,phases   ] GC(289) Concurrent Select Relocation Set 2.926ms
[2026-04-03T02:22:23.224+0600][94.232s][info][gc,phases   ] GC(289) Pause Relocate Start 0.014ms
[2026-04-03T02:22:23.228+0600][94.236s][info][gc,phases   ] GC(289) Concurrent Relocate 4.021ms
[2026-04-03T02:22:23.228+0600][94.236s][info][gc,load     ] GC(289) Load: 6.98/6.50/5.98
[2026-04-03T02:22:23.228+0600][94.236s][info][gc,mmu      ] GC(289) MMU: 2ms/90.1%, 5ms/96.1%, 10ms/98.0%, 20ms/99.0%, 50ms/99.6%, 100ms/99.7%
[2026-04-03T02:22:23.228+0600][94.236s][info][gc,marking  ] GC(289) Mark: 2 stripe(s), 2 proactive flush(es), 1 terminate flush(es), 0 completion(s), 0 continuation(s) 
[2026-04-03T02:22:23.228+0600][94.236s][info][gc,marking  ] GC(289) Mark Stack Usage: 32M
[2026-04-03T02:22:23.228+0600][94.236s][info][gc,nmethod  ] GC(289) NMethods: 15468 registered, 2684 unregistered
[2026-04-03T02:22:23.228+0600][94.236s][info][gc,metaspace] GC(289) Metaspace: 128M used, 129M committed, 1152M reserved
[2026-04-03T02:22:23.228+0600][94.236s][info][gc,ref      ] GC(289) Soft: 3255 encountered, 0 discovered, 0 enqueued
[2026-04-03T02:22:23.228+0600][94.236s][info][gc,ref      ] GC(289) Weak: 14645 encountered, 4592 discovered, 440 enqueued
[2026-04-03T02:22:23.228+0600][94.236s][info][gc,ref      ] GC(289) Final: 84 encountered, 1 discovered, 0 enqueued
[2026-04-03T02:22:23.228+0600][94.236s][info][gc,ref      ] GC(289) Phantom: 620 encountered, 361 discovered, 0 enqueued
[2026-04-03T02:22:23.228+0600][94.236s][info][gc,reloc    ] GC(289) Small Pages: 107 / 214M, Empty: 4M, Relocated: 3M, In-Place: 0
[2026-04-03T02:22:23.228+0600][94.237s][info][gc,reloc    ] GC(289) Medium Pages: 3 / 48M, Empty: 32M, Relocated: 0M, In-Place: 0
[2026-04-03T02:22:23.228+0600][94.237s][info][gc,reloc    ] GC(289) Large Pages: 6 / 34M, Empty: 30M, Relocated: 0M, In-Place: 0
[2026-04-03T02:22:23.228+0600][94.237s][info][gc,reloc    ] GC(289) Forwarding Usage: 1M
[2026-04-03T02:22:23.228+0600][94.237s][info][gc,heap     ] GC(289) Min Capacity: 8M(1%)
[2026-04-03T02:22:23.228+0600][94.237s][info][gc,heap     ] GC(289) Max Capacity: 1000M(100%)
[2026-04-03T02:22:23.228+0600][94.237s][info][gc,heap     ] GC(289) Soft Max Capacity: 1000M(100%)
[2026-04-03T02:22:23.229+0600][94.237s][info][gc,heap     ] GC(289)                Mark Start          Mark End        Relocate Start      Relocate End           High               Low         
[2026-04-03T02:22:23.229+0600][94.237s][info][gc,heap     ] GC(289)  Capacity:     1000M (100%)       1000M (100%)       1000M (100%)       1000M (100%)       1000M (100%)       1000M (100%)   
[2026-04-03T02:22:23.229+0600][94.237s][info][gc,heap     ] GC(289)      Free:      704M (70%)         658M (66%)         696M (70%)         790M (79%)         790M (79%)         630M (63%)    
[2026-04-03T02:22:23.229+0600][94.237s][info][gc,heap     ] GC(289)      Used:      296M (30%)         342M (34%)         304M (30%)         210M (21%)         370M (37%)         210M (21%)    
[2026-04-03T02:22:23.229+0600][94.237s][info][gc,heap     ] GC(289)      Live:         -               106M (11%)         106M (11%)         106M (11%)            -                  -          
[2026-04-03T02:22:23.229+0600][94.237s][info][gc,heap     ] GC(289) Allocated:         -                46M (5%)           74M (7%)           77M (8%)             -                  -          
[2026-04-03T02:22:23.229+0600][94.237s][info][gc,heap     ] GC(289)   Garbage:         -               189M (19%)         123M (12%)          25M (3%)             -                  -          
[2026-04-03T02:22:23.229+0600][94.237s][info][gc,heap     ] GC(289) Reclaimed:         -                  -                66M (7%)          163M (16%)            -                  -          
[2026-04-03T02:22:23.229+0600][94.237s][info][gc          ] GC(289) Garbage Collection (Allocation Rate) 296M(30%)->210M(21%)
[2026-04-03T02:22:23.296+0600][94.304s][info][gc,start    ] GC(290) Garbage Collection (Allocation Rate)
[2026-04-03T02:22:23.296+0600][94.304s][info][gc,task     ] GC(290) Using 3 workers
[2026-04-03T02:22:23.296+0600][94.304s][info][gc,phases   ] GC(290) Pause Mark Start 0.016ms
[2026-04-03T02:22:23.366+0600][94.374s][info][gc,phases   ] GC(290) Concurrent Mark 69.060ms
[2026-04-03T02:22:23.366+0600][94.374s][info][gc,phases   ] GC(290) Pause Mark End 0.041ms
[2026-04-03T02:22:23.366+0600][94.374s][info][gc,phases   ] GC(290) Concurrent Mark Free 0.003ms
[2026-04-03T02:22:23.381+0600][94.389s][info][gc,phases   ] GC(290) Concurrent Process Non-Strong References 15.147ms
[2026-04-03T02:22:23.381+0600][94.389s][info][gc,phases   ] GC(290) Concurrent Reset Relocation Set 0.009ms
[2026-04-03T02:22:23.384+0600][94.392s][info][gc,phases   ] GC(290) Concurrent Select Relocation Set 2.712ms
[2026-04-03T02:22:23.384+0600][94.392s][info][gc,phases   ] GC(290) Pause Relocate Start 0.013ms
[2026-04-03T02:22:23.386+0600][94.394s][info][gc,phases   ] GC(290) Concurrent Relocate 1.333ms
[2026-04-03T02:22:23.386+0600][94.394s][info][gc,load     ] GC(290) Load: 6.98/6.50/5.98
[2026-04-03T02:22:23.386+0600][94.394s][info][gc,mmu      ] GC(290) MMU: 2ms/90.1%, 5ms/96.1%, 10ms/98.0%, 20ms/99.0%, 50ms/99.6%, 100ms/99.7%
[2026-04-03T02:22:23.386+0600][94.394s][info][gc,marking  ] GC(290) Mark: 2 stripe(s), 2 proactive flush(es), 1 terminate flush(es), 0 completion(s), 0 continuation(s) 
[2026-04-03T02:22:23.386+0600][94.394s][info][gc,marking  ] GC(290) Mark Stack Usage: 32M
[2026-04-03T02:22:23.386+0600][94.394s][info][gc,nmethod  ] GC(290) NMethods: 15468 registered, 2684 unregistered
[2026-04-03T02:22:23.386+0600][94.394s][info][gc,metaspace] GC(290) Metaspace: 128M used, 129M committed, 1152M reserved
[2026-04-03T02:22:23.386+0600][94.394s][info][gc,ref      ] GC(290) Soft: 3255 encountered, 0 discovered, 0 enqueued
[2026-04-03T02:22:23.386+0600][94.394s][info][gc,ref      ] GC(290) Weak: 14206 encountered, 2423 discovered, 5 enqueued
[2026-04-03T02:22:23.386+0600][94.394s][info][gc,ref      ] GC(290) Final: 84 encountered, 0 discovered, 0 enqueued
[2026-04-03T02:22:23.386+0600][94.394s][info][gc,ref      ] GC(290) Phantom: 620 encountered, 550 discovered, 0 enqueued
[2026-04-03T02:22:23.386+0600][94.394s][info][gc,reloc    ] GC(290) Small Pages: 114 / 228M, Empty: 12M, Relocated: 1M, In-Place: 0
[2026-04-03T02:22:23.386+0600][94.394s][info][gc,reloc    ] GC(290) Medium Pages: 1 / 16M, Empty: 0M, Relocated: 0M, In-Place: 0
[2026-04-03T02:22:23.386+0600][94.394s][info][gc,reloc    ] GC(290) Large Pages: 1 / 4M, Empty: 0M, Relocated: 0M, In-Place: 0
[2026-04-03T02:22:23.386+0600][94.394s][info][gc,reloc    ] GC(290) Forwarding Usage: 0M
[2026-04-03T02:22:23.386+0600][94.394s][info][gc,heap     ] GC(290) Min Capacity: 8M(1%)
[2026-04-03T02:22:23.386+0600][94.394s][info][gc,heap     ] GC(290) Max Capacity: 1000M(100%)
[2026-04-03T02:22:23.386+0600][94.394s][info][gc,heap     ] GC(290) Soft Max Capacity: 1000M(100%)
[2026-04-03T02:22:23.386+0600][94.394s][info][gc,heap     ] GC(290)                Mark Start          Mark End        Relocate Start      Relocate End           High               Low         
[2026-04-03T02:22:23.386+0600][94.394s][info][gc,heap     ] GC(290)  Capacity:     1000M (100%)       1000M (100%)       1000M (100%)       1000M (100%)       1000M (100%)       1000M (100%)   
[2026-04-03T02:22:23.386+0600][94.394s][info][gc,heap     ] GC(290)      Free:      752M (75%)         712M (71%)         716M (72%)         818M (82%)         818M (82%)         704M (70%)    
[2026-04-03T02:22:23.386+0600][94.394s][info][gc,heap     ] GC(290)      Used:      248M (25%)         288M (29%)         284M (28%)         182M (18%)         296M (30%)         182M (18%)    
[2026-04-03T02:22:23.386+0600][94.394s][info][gc,heap     ] GC(290)      Live:         -               106M (11%)         106M (11%)         106M (11%)            -                  -          
[2026-04-03T02:22:23.386+0600][94.394s][info][gc,heap     ] GC(290) Allocated:         -                40M (4%)           48M (5%)           48M (5%)             -                  -          
[2026-04-03T02:22:23.386+0600][94.394s][info][gc,heap     ] GC(290)   Garbage:         -               141M (14%)         129M (13%)          27M (3%)             -                  -          
[2026-04-03T02:22:23.386+0600][94.394s][info][gc,heap     ] GC(290) Reclaimed:         -                  -                12M (1%)          114M (11%)            -                  -          
[2026-04-03T02:22:23.386+0600][94.394s][info][gc          ] GC(290) Garbage Collection (Allocation Rate) 248M(25%)->182M(18%)
[2026-04-03T02:22:23.395+0600][94.403s][info][gc,start    ] GC(291) Garbage Collection (Allocation Rate)
[2026-04-03T02:22:23.395+0600][94.403s][info][gc,task     ] GC(291) Using 3 workers
[2026-04-03T02:22:23.395+0600][94.403s][info][gc,phases   ] GC(291) Pause Mark Start 0.010ms
[2026-04-03T02:22:23.483+0600][94.491s][info][gc,phases   ] GC(291) Concurrent Mark 87.178ms
[2026-04-03T02:22:23.483+0600][94.491s][info][gc,phases   ] GC(291) Pause Mark End 0.042ms
[2026-04-03T02:22:23.483+0600][94.491s][info][gc,phases   ] GC(291) Concurrent Mark Free 0.002ms
[2026-04-03T02:22:23.506+0600][94.515s][info][gc,phases   ] GC(291) Concurrent Process Non-Strong References 23.350ms
[2026-04-03T02:22:23.507+0600][94.515s][info][gc,phases   ] GC(291) Concurrent Reset Relocation Set 0.008ms
[2026-04-03T02:22:23.512+0600][94.520s][info][gc,phases   ] GC(291) Concurrent Select Relocation Set 5.210ms
[2026-04-03T02:22:23.512+0600][94.520s][info][gc,phases   ] GC(291) Pause Relocate Start 0.018ms
[2026-04-03T02:22:23.517+0600][94.525s][info][gc,phases   ] GC(291) Concurrent Relocate 4.095ms
[2026-04-03T02:22:23.517+0600][94.525s][info][gc,load     ] GC(291) Load: 6.98/6.50/5.98
[2026-04-03T02:22:23.517+0600][94.525s][info][gc,mmu      ] GC(291) MMU: 2ms/90.1%, 5ms/96.1%, 10ms/98.0%, 20ms/99.0%, 50ms/99.6%, 100ms/99.7%
[2026-04-03T02:22:23.517+0600][94.525s][info][gc,marking  ] GC(291) Mark: 2 stripe(s), 2 proactive flush(es), 1 terminate flush(es), 0 completion(s), 0 continuation(s) 
[2026-04-03T02:22:23.517+0600][94.525s][info][gc,marking  ] GC(291) Mark Stack Usage: 32M
[2026-04-03T02:22:23.517+0600][94.525s][info][gc,nmethod  ] GC(291) NMethods: 15472 registered, 2684 unregistered
[2026-04-03T02:22:23.517+0600][94.525s][info][gc,metaspace] GC(291) Metaspace: 128M used, 129M committed, 1152M reserved
[2026-04-03T02:22:23.517+0600][94.525s][info][gc,ref      ] GC(291) Soft: 3259 encountered, 0 discovered, 0 enqueued
[2026-04-03T02:22:23.517+0600][94.525s][info][gc,ref      ] GC(291) Weak: 14153 encountered, 4633 discovered, 3 enqueued
[2026-04-03T02:22:23.517+0600][94.525s][info][gc,ref      ] GC(291) Final: 84 encountered, 0 discovered, 0 enqueued
[2026-04-03T02:22:23.517+0600][94.525s][info][gc,ref      ] GC(291) Phantom: 620 encountered, 481 discovered, 0 enqueued
[2026-04-03T02:22:23.517+0600][94.525s][info][gc,reloc    ] GC(291) Small Pages: 83 / 166M, Empty: 4M, Relocated: 3M, In-Place: 0
[2026-04-03T02:22:23.517+0600][94.525s][info][gc,reloc    ] GC(291) Medium Pages: 1 / 16M, Empty: 0M, Relocated: 0M, In-Place: 0
[2026-04-03T02:22:23.517+0600][94.525s][info][gc,reloc    ] GC(291) Large Pages: 1 / 4M, Empty: 0M, Relocated: 0M, In-Place: 0
[2026-04-03T02:22:23.517+0600][94.525s][info][gc,reloc    ] GC(291) Forwarding Usage: 1M
[2026-04-03T02:22:23.517+0600][94.525s][info][gc,heap     ] GC(291) Min Capacity: 8M(1%)
[2026-04-03T02:22:23.517+0600][94.525s][info][gc,heap     ] GC(291) Max Capacity: 1000M(100%)
[2026-04-03T02:22:23.517+0600][94.525s][info][gc,heap     ] GC(291) Soft Max Capacity: 1000M(100%)
[2026-04-03T02:22:23.517+0600][94.525s][info][gc,heap     ] GC(291)                Mark Start          Mark End        Relocate Start      Relocate End           High               Low         
[2026-04-03T02:22:23.517+0600][94.525s][info][gc,heap     ] GC(291)  Capacity:     1000M (100%)       1000M (100%)       1000M (100%)       1000M (100%)       1000M (100%)       1000M (100%)   
[2026-04-03T02:22:23.517+0600][94.525s][info][gc,heap     ] GC(291)      Free:      814M (81%)         712M (71%)         670M (67%)         720M (72%)         814M (81%)         666M (67%)    
[2026-04-03T02:22:23.517+0600][94.525s][info][gc,heap     ] GC(291)      Used:      186M (19%)         288M (29%)         330M (33%)         280M (28%)         334M (33%)         186M (19%)    
[2026-04-03T02:22:23.517+0600][94.525s][info][gc,heap     ] GC(291)      Live:         -               106M (11%)         106M (11%)         106M (11%)            -                  -          
[2026-04-03T02:22:23.517+0600][94.525s][info][gc,heap     ] GC(291) Allocated:         -               102M (10%)         148M (15%)         147M (15%)            -                  -          
[2026-04-03T02:22:23.517+0600][94.525s][info][gc,heap     ] GC(291)   Garbage:         -                79M (8%)           75M (8%)           25M (3%)             -                  -          
[2026-04-03T02:22:23.517+0600][94.525s][info][gc,heap     ] GC(291) Reclaimed:         -                  -                 4M (0%)           53M (5%)             -                  -          
[2026-04-03T02:22:23.517+0600][94.525s][info][gc          ] GC(291) Garbage Collection (Allocation Rate) 186M(19%)->280M(28%)
[2026-04-03T02:22:23.595+0600][94.603s][info][gc,start    ] GC(292) Garbage Collection (Allocation Rate)
[2026-04-03T02:22:23.595+0600][94.604s][info][gc,task     ] GC(292) Using 3 workers
[2026-04-03T02:22:23.596+0600][94.604s][info][gc,phases   ] GC(292) Pause Mark Start 0.019ms
[2026-04-03T02:22:23.717+0600][94.725s][info][gc,phases   ] GC(292) Concurrent Mark 120.803ms
[2026-04-03T02:22:23.717+0600][94.725s][info][gc,phases   ] GC(292) Pause Mark End 0.038ms
[2026-04-03T02:22:23.717+0600][94.725s][info][gc,phases   ] GC(292) Concurrent Mark Free 0.003ms
[2026-04-03T02:22:23.738+0600][94.746s][info][gc,phases   ] GC(292) Concurrent Process Non-Strong References 21.036ms
[2026-04-03T02:22:23.738+0600][94.747s][info][gc,phases   ] GC(292) Concurrent Reset Relocation Set 0.007ms
[2026-04-03T02:22:23.743+0600][94.751s][info][gc,phases   ] GC(292) Concurrent Select Relocation Set 4.526ms
[2026-04-03T02:22:23.743+0600][94.751s][info][gc,phases   ] GC(292) Pause Relocate Start 0.016ms
[2026-04-03T02:22:23.746+0600][94.754s][info][gc,phases   ] GC(292) Concurrent Relocate 2.557ms
[2026-04-03T02:22:23.746+0600][94.754s][info][gc,load     ] GC(292) Load: 6.98/6.50/5.98
[2026-04-03T02:22:23.746+0600][94.754s][info][gc,mmu      ] GC(292) MMU: 2ms/90.1%, 5ms/96.1%, 10ms/98.0%, 20ms/99.0%, 50ms/99.6%, 100ms/99.7%
[2026-04-03T02:22:23.746+0600][94.754s][info][gc,marking  ] GC(292) Mark: 2 stripe(s), 2 proactive flush(es), 1 terminate flush(es), 0 completion(s), 0 continuation(s) 
[2026-04-03T02:22:23.746+0600][94.754s][info][gc,marking  ] GC(292) Mark Stack Usage: 32M
[2026-04-03T02:22:23.746+0600][94.754s][info][gc,nmethod  ] GC(292) NMethods: 15470 registered, 2688 unregistered
[2026-04-03T02:22:23.746+0600][94.754s][info][gc,metaspace] GC(292) Metaspace: 128M used, 129M committed, 1152M reserved
[2026-04-03T02:22:23.746+0600][94.754s][info][gc,ref      ] GC(292) Soft: 3288 encountered, 0 discovered, 0 enqueued
[2026-04-03T02:22:23.746+0600][94.754s][info][gc,ref      ] GC(292) Weak: 14796 encountered, 4845 discovered, 27 enqueued
[2026-04-03T02:22:23.746+0600][94.754s][info][gc,ref      ] GC(292) Final: 84 encountered, 4 discovered, 0 enqueued
[2026-04-03T02:22:23.746+0600][94.754s][info][gc,ref      ] GC(292) Phantom: 621 encountered, 505 discovered, 1 enqueued
[2026-04-03T02:22:23.746+0600][94.754s][info][gc,reloc    ] GC(292) Small Pages: 144 / 288M, Empty: 52M, Relocated: 3M, In-Place: 0
[2026-04-03T02:22:23.746+0600][94.754s][info][gc,reloc    ] GC(292) Medium Pages: 4 / 64M, Empty: 48M, Relocated: 0M, In-Place: 0
[2026-04-03T02:22:23.746+0600][94.754s][info][gc,reloc    ] GC(292) Large Pages: 6 / 34M, Empty: 30M, Relocated: 0M, In-Place: 0
[2026-04-03T02:22:23.746+0600][94.754s][info][gc,reloc    ] GC(292) Forwarding Usage: 0M
[2026-04-03T02:22:23.746+0600][94.754s][info][gc,heap     ] GC(292) Min Capacity: 8M(1%)
[2026-04-03T02:22:23.746+0600][94.754s][info][gc,heap     ] GC(292) Max Capacity: 1000M(100%)
[2026-04-03T02:22:23.746+0600][94.754s][info][gc,heap     ] GC(292) Soft Max Capacity: 1000M(100%)
[2026-04-03T02:22:23.746+0600][94.754s][info][gc,heap     ] GC(292)                Mark Start          Mark End        Relocate Start      Relocate End           High               Low         
[2026-04-03T02:22:23.746+0600][94.754s][info][gc,heap     ] GC(292)  Capacity:     1000M (100%)       1000M (100%)       1000M (100%)       1000M (100%)       1000M (100%)       1000M (100%)   
[2026-04-03T02:22:23.746+0600][94.754s][info][gc,heap     ] GC(292)      Free:      614M (61%)         448M (45%)         548M (55%)         668M (67%)         668M (67%)         418M (42%)    
[2026-04-03T02:22:23.746+0600][94.754s][info][gc,heap     ] GC(292)      Used:      386M (39%)         552M (55%)         452M (45%)         332M (33%)         582M (58%)         332M (33%)    
[2026-04-03T02:22:23.746+0600][94.754s][info][gc,heap     ] GC(292)      Live:         -               109M (11%)         109M (11%)         109M (11%)            -                  -          
[2026-04-03T02:22:23.746+0600][94.754s][info][gc,heap     ] GC(292) Allocated:         -               166M (17%)         196M (20%)         195M (20%)            -                  -          
[2026-04-03T02:22:23.746+0600][94.754s][info][gc,heap     ] GC(292)   Garbage:         -               276M (28%)         146M (15%)          26M (3%)             -                  -          
[2026-04-03T02:22:23.746+0600][94.755s][info][gc,heap     ] GC(292) Reclaimed:         -                  -               130M (13%)         249M (25%)            -                  -          
[2026-04-03T02:22:23.746+0600][94.755s][info][gc          ] GC(292) Garbage Collection (Allocation Rate) 386M(39%)->332M(33%)
[2026-04-03T02:22:23.796+0600][94.804s][info][gc,start    ] GC(293) Garbage Collection (Allocation Rate)
[2026-04-03T02:22:23.796+0600][94.804s][info][gc,task     ] GC(293) Using 3 workers
[2026-04-03T02:22:23.796+0600][94.804s][info][gc,phases   ] GC(293) Pause Mark Start 0.017ms
[2026-04-03T02:22:23.918+0600][94.926s][info][gc,phases   ] GC(293) Concurrent Mark 121.945ms
[2026-04-03T02:22:23.919+0600][94.927s][info][gc,phases   ] GC(293) Pause Mark End 0.039ms
[2026-04-03T02:22:23.919+0600][94.927s][info][gc,phases   ] GC(293) Concurrent Mark Free 0.002ms
[2026-04-03T02:22:23.943+0600][94.951s][info][gc,phases   ] GC(293) Concurrent Process Non-Strong References 24.143ms
[2026-04-03T02:22:23.943+0600][94.951s][info][gc,phases   ] GC(293) Concurrent Reset Relocation Set 0.011ms
[2026-04-03T02:22:23.946+0600][94.954s][info][gc,phases   ] GC(293) Concurrent Select Relocation Set 3.222ms
[2026-04-03T02:22:23.946+0600][94.954s][info][gc,phases   ] GC(293) Pause Relocate Start 0.014ms
[2026-04-03T02:22:23.950+0600][94.958s][info][gc,phases   ] GC(293) Concurrent Relocate 3.668ms
[2026-04-03T02:22:23.950+0600][94.958s][info][gc,load     ] GC(293) Load: 6.98/6.50/5.98
[2026-04-03T02:22:23.950+0600][94.958s][info][gc,mmu      ] GC(293) MMU: 2ms/90.1%, 5ms/96.1%, 10ms/98.0%, 20ms/99.0%, 50ms/99.6%, 100ms/99.7%
[2026-04-03T02:22:23.950+0600][94.958s][info][gc,marking  ] GC(293) Mark: 2 stripe(s), 2 proactive flush(es), 1 terminate flush(es), 0 completion(s), 0 continuation(s) 
[2026-04-03T02:22:23.950+0600][94.958s][info][gc,marking  ] GC(293) Mark Stack Usage: 32M
[2026-04-03T02:22:23.950+0600][94.958s][info][gc,nmethod  ] GC(293) NMethods: 15471 registered, 2691 unregistered
[2026-04-03T02:22:23.950+0600][94.958s][info][gc,metaspace] GC(293) Metaspace: 128M used, 129M committed, 1152M reserved
[2026-04-03T02:22:23.950+0600][94.958s][info][gc,ref      ] GC(293) Soft: 3291 encountered, 0 discovered, 0 enqueued
[2026-04-03T02:22:23.950+0600][94.958s][info][gc,ref      ] GC(293) Weak: 15131 encountered, 9792 discovered, 10 enqueued
[2026-04-03T02:22:23.950+0600][94.958s][info][gc,ref      ] GC(293) Final: 84 encountered, 52 discovered, 0 enqueued
[2026-04-03T02:22:23.950+0600][94.958s][info][gc,ref      ] GC(293) Phantom: 620 encountered, 599 discovered, 0 enqueued
[2026-04-03T02:22:23.950+0600][94.958s][info][gc,reloc    ] GC(293) Small Pages: 155 / 310M, Empty: 42M, Relocated: 4M, In-Place: 0
[2026-04-03T02:22:23.950+0600][94.959s][info][gc,reloc    ] GC(293) Medium Pages: 4 / 64M, Empty: 48M, Relocated: 0M, In-Place: 0
[2026-04-03T02:22:23.950+0600][94.959s][info][gc,reloc    ] GC(293) Large Pages: 6 / 34M, Empty: 30M, Relocated: 0M, In-Place: 0
[2026-04-03T02:22:23.950+0600][94.959s][info][gc,reloc    ] GC(293) Forwarding Usage: 1M
[2026-04-03T02:22:23.950+0600][94.959s][info][gc,heap     ] GC(293) Min Capacity: 8M(1%)
[2026-04-03T02:22:23.950+0600][94.959s][info][gc,heap     ] GC(293) Max Capacity: 1000M(100%)
[2026-04-03T02:22:23.950+0600][94.959s][info][gc,heap     ] GC(293) Soft Max Capacity: 1000M(100%)
[2026-04-03T02:22:23.951+0600][94.959s][info][gc,heap     ] GC(293)                Mark Start          Mark End        Relocate Start      Relocate End           High               Low         
[2026-04-03T02:22:23.951+0600][94.959s][info][gc,heap     ] GC(293)  Capacity:     1000M (100%)       1000M (100%)       1000M (100%)       1000M (100%)       1000M (100%)       1000M (100%)   
[2026-04-03T02:22:23.951+0600][94.959s][info][gc,heap     ] GC(293)      Free:      592M (59%)         434M (43%)         530M (53%)         680M (68%)         680M (68%)         412M (41%)    
[2026-04-03T02:22:23.951+0600][94.959s][info][gc,heap     ] GC(293)      Used:      408M (41%)         566M (57%)         470M (47%)         320M (32%)         588M (59%)         320M (32%)    
[2026-04-03T02:22:23.951+0600][94.959s][info][gc,heap     ] GC(293)      Live:         -               109M (11%)         109M (11%)         109M (11%)            -                  -          
[2026-04-03T02:22:23.951+0600][94.959s][info][gc,heap     ] GC(293) Allocated:         -               158M (16%)         182M (18%)         185M (19%)            -                  -          
[2026-04-03T02:22:23.951+0600][94.959s][info][gc,heap     ] GC(293)   Garbage:         -               298M (30%)         178M (18%)          24M (2%)             -                  -          
[2026-04-03T02:22:23.951+0600][94.959s][info][gc,heap     ] GC(293) Reclaimed:         -                  -               120M (12%)         273M (27%)            -                  -          
[2026-04-03T02:22:23.951+0600][94.959s][info][gc          ] GC(293) Garbage Collection (Allocation Rate) 408M(41%)->320M(32%)
[2026-04-03T02:22:23.996+0600][95.004s][info][gc,start    ] GC(294) Garbage Collection (Allocation Rate)
[2026-04-03T02:22:23.996+0600][95.004s][info][gc,task     ] GC(294) Using 3 workers
[2026-04-03T02:22:23.996+0600][95.004s][info][gc,phases   ] GC(294) Pause Mark Start 0.020ms
[2026-04-03T02:22:24.111+0600][95.119s][info][gc,phases   ] GC(294) Concurrent Mark 114.070ms
[2026-04-03T02:22:24.111+0600][95.119s][info][gc,phases   ] GC(294) Pause Mark End 0.027ms
[2026-04-03T02:22:24.111+0600][95.119s][info][gc,phases   ] GC(294) Concurrent Mark Free 0.004ms
[2026-04-03T02:22:24.134+0600][95.142s][info][gc,phases   ] GC(294) Concurrent Process Non-Strong References 22.926ms
[2026-04-03T02:22:24.134+0600][95.142s][info][gc,phases   ] GC(294) Concurrent Reset Relocation Set 0.014ms
[2026-04-03T02:22:24.138+0600][95.146s][info][gc,phases   ] GC(294) Concurrent Select Relocation Set 3.985ms
[2026-04-03T02:22:24.139+0600][95.147s][info][gc,phases   ] GC(294) Pause Relocate Start 0.016ms
[2026-04-03T02:22:24.144+0600][95.152s][info][gc,phases   ] GC(294) Concurrent Relocate 4.580ms
[2026-04-03T02:22:24.144+0600][95.152s][info][gc,load     ] GC(294) Load: 6.98/6.50/5.98
[2026-04-03T02:22:24.144+0600][95.152s][info][gc,mmu      ] GC(294) MMU: 2ms/90.1%, 5ms/96.1%, 10ms/98.0%, 20ms/99.0%, 50ms/99.6%, 100ms/99.7%
[2026-04-03T02:22:24.144+0600][95.152s][info][gc,marking  ] GC(294) Mark: 2 stripe(s), 2 proactive flush(es), 1 terminate flush(es), 0 completion(s), 0 continuation(s) 
[2026-04-03T02:22:24.144+0600][95.152s][info][gc,marking  ] GC(294) Mark Stack Usage: 32M
[2026-04-03T02:22:24.144+0600][95.152s][info][gc,nmethod  ] GC(294) NMethods: 15469 registered, 2693 unregistered
[2026-04-03T02:22:24.144+0600][95.152s][info][gc,metaspace] GC(294) Metaspace: 128M used, 129M committed, 1152M reserved
[2026-04-03T02:22:24.144+0600][95.152s][info][gc,ref      ] GC(294) Soft: 3292 encountered, 0 discovered, 0 enqueued
[2026-04-03T02:22:24.144+0600][95.152s][info][gc,ref      ] GC(294) Weak: 15482 encountered, 4207 discovered, 11 enqueued
[2026-04-03T02:22:24.144+0600][95.152s][info][gc,ref      ] GC(294) Final: 84 encountered, 0 discovered, 0 enqueued
[2026-04-03T02:22:24.144+0600][95.152s][info][gc,ref      ] GC(294) Phantom: 620 encountered, 595 discovered, 0 enqueued
[2026-04-03T02:22:24.144+0600][95.152s][info][gc,reloc    ] GC(294) Small Pages: 150 / 300M, Empty: 56M, Relocated: 4M, In-Place: 0
[2026-04-03T02:22:24.144+0600][95.152s][info][gc,reloc    ] GC(294) Medium Pages: 4 / 64M, Empty: 48M, Relocated: 0M, In-Place: 0
[2026-04-03T02:22:24.144+0600][95.152s][info][gc,reloc    ] GC(294) Large Pages: 6 / 34M, Empty: 30M, Relocated: 0M, In-Place: 0
[2026-04-03T02:22:24.144+0600][95.152s][info][gc,reloc    ] GC(294) Forwarding Usage: 1M
[2026-04-03T02:22:24.144+0600][95.152s][info][gc,heap     ] GC(294) Min Capacity: 8M(1%)
[2026-04-03T02:22:24.144+0600][95.152s][info][gc,heap     ] GC(294) Max Capacity: 1000M(100%)
[2026-04-03T02:22:24.144+0600][95.152s][info][gc,heap     ] GC(294) Soft Max Capacity: 1000M(100%)
[2026-04-03T02:22:24.144+0600][95.152s][info][gc,heap     ] GC(294)                Mark Start          Mark End        Relocate Start      Relocate End           High               Low         
[2026-04-03T02:22:24.144+0600][95.152s][info][gc,heap     ] GC(294)  Capacity:     1000M (100%)       1000M (100%)       1000M (100%)       1000M (100%)       1000M (100%)       1000M (100%)   
[2026-04-03T02:22:24.144+0600][95.152s][info][gc,heap     ] GC(294)      Free:      602M (60%)         452M (45%)         536M (54%)         646M (65%)         662M (66%)         402M (40%)    
[2026-04-03T02:22:24.144+0600][95.152s][info][gc,heap     ] GC(294)      Used:      398M (40%)         548M (55%)         464M (46%)         354M (35%)         598M (60%)         338M (34%)    
[2026-04-03T02:22:24.144+0600][95.152s][info][gc,heap     ] GC(294)      Live:         -               109M (11%)         109M (11%)         109M (11%)            -                  -          
[2026-04-03T02:22:24.144+0600][95.152s][info][gc,heap     ] GC(294) Allocated:         -               150M (15%)         200M (20%)         217M (22%)            -                  -          
[2026-04-03T02:22:24.144+0600][95.152s][info][gc,heap     ] GC(294)   Garbage:         -               288M (29%)         154M (15%)          26M (3%)             -                  -          
[2026-04-03T02:22:24.144+0600][95.152s][info][gc,heap     ] GC(294) Reclaimed:         -                  -               134M (13%)         261M (26%)            -                  -          
[2026-04-03T02:22:24.144+0600][95.152s][info][gc          ] GC(294) Garbage Collection (Allocation Rate) 398M(40%)->354M(35%)
[2026-04-03T02:22:24.196+0600][95.204s][info][gc,start    ] GC(295) Garbage Collection (Allocation Rate)
[2026-04-03T02:22:24.196+0600][95.204s][info][gc,task     ] GC(295) Using 3 workers
[2026-04-03T02:22:24.196+0600][95.204s][info][gc,phases   ] GC(295) Pause Mark Start 0.011ms
[2026-04-03T02:22:24.315+0600][95.323s][info][gc,phases   ] GC(295) Concurrent Mark 118.859ms
[2026-04-03T02:22:24.316+0600][95.324s][info][gc,phases   ] GC(295) Pause Mark End 0.028ms
[2026-04-03T02:22:24.316+0600][95.324s][info][gc,phases   ] GC(295) Concurrent Mark Free 0.001ms
[2026-04-03T02:22:24.331+0600][95.339s][info][gc,phases   ] GC(295) Concurrent Process Non-Strong References 14.826ms
[2026-04-03T02:22:24.331+0600][95.339s][info][gc,phases   ] GC(295) Concurrent Reset Relocation Set 0.008ms
[2026-04-03T02:22:24.335+0600][95.343s][info][gc,phases   ] GC(295) Concurrent Select Relocation Set 4.157ms
[2026-04-03T02:22:24.335+0600][95.343s][info][gc,phases   ] GC(295) Pause Relocate Start 0.015ms
[2026-04-03T02:22:24.340+0600][95.348s][info][gc,phases   ] GC(295) Concurrent Relocate 4.345ms
[2026-04-03T02:22:24.340+0600][95.348s][info][gc,load     ] GC(295) Load: 6.98/6.50/5.98
[2026-04-03T02:22:24.340+0600][95.348s][info][gc,mmu      ] GC(295) MMU: 2ms/90.1%, 5ms/96.1%, 10ms/98.0%, 20ms/99.0%, 50ms/99.6%, 100ms/99.7%
[2026-04-03T02:22:24.340+0600][95.348s][info][gc,marking  ] GC(295) Mark: 2 stripe(s), 2 proactive flush(es), 1 terminate flush(es), 0 completion(s), 0 continuation(s) 
[2026-04-03T02:22:24.340+0600][95.348s][info][gc,marking  ] GC(295) Mark Stack Usage: 32M
[2026-04-03T02:22:24.340+0600][95.348s][info][gc,nmethod  ] GC(295) NMethods: 15470 registered, 2695 unregistered
[2026-04-03T02:22:24.340+0600][95.348s][info][gc,metaspace] GC(295) Metaspace: 128M used, 129M committed, 1152M reserved
[2026-04-03T02:22:24.340+0600][95.348s][info][gc,ref      ] GC(295) Soft: 3284 encountered, 0 discovered, 0 enqueued
[2026-04-03T02:22:24.340+0600][95.348s][info][gc,ref      ] GC(295) Weak: 15822 encountered, 5171 discovered, 12 enqueued
[2026-04-03T02:22:24.340+0600][95.348s][info][gc,ref      ] GC(295) Final: 84 encountered, 0 discovered, 0 enqueued
[2026-04-03T02:22:24.340+0600][95.348s][info][gc,ref      ] GC(295) Phantom: 620 encountered, 414 discovered, 0 enqueued
[2026-04-03T02:22:24.340+0600][95.348s][info][gc,reloc    ] GC(295) Small Pages: 150 / 300M, Empty: 34M, Relocated: 5M, In-Place: 0
[2026-04-03T02:22:24.340+0600][95.348s][info][gc,reloc    ] GC(295) Medium Pages: 4 / 64M, Empty: 48M, Relocated: 0M, In-Place: 0
[2026-04-03T02:22:24.340+0600][95.348s][info][gc,reloc    ] GC(295) Large Pages: 6 / 34M, Empty: 30M, Relocated: 0M, In-Place: 0
[2026-04-03T02:22:24.340+0600][95.348s][info][gc,reloc    ] GC(295) Forwarding Usage: 1M
[2026-04-03T02:22:24.340+0600][95.348s][info][gc,heap     ] GC(295) Min Capacity: 8M(1%)
[2026-04-03T02:22:24.340+0600][95.348s][info][gc,heap     ] GC(295) Max Capacity: 1000M(100%)
[2026-04-03T02:22:24.340+0600][95.348s][info][gc,heap     ] GC(295) Soft Max Capacity: 1000M(100%)
[2026-04-03T02:22:24.340+0600][95.348s][info][gc,heap     ] GC(295)                Mark Start          Mark End        Relocate Start      Relocate End           High               Low         
[2026-04-03T02:22:24.340+0600][95.348s][info][gc,heap     ] GC(295)  Capacity:     1000M (100%)       1000M (100%)       1000M (100%)       1000M (100%)       1000M (100%)       1000M (100%)   
[2026-04-03T02:22:24.340+0600][95.348s][info][gc,heap     ] GC(295)      Free:      602M (60%)         416M (42%)         514M (51%)         662M (66%)         662M (66%)         402M (40%)    
[2026-04-03T02:22:24.340+0600][95.348s][info][gc,heap     ] GC(295)      Used:      398M (40%)         584M (58%)         486M (49%)         338M (34%)         598M (60%)         338M (34%)    
[2026-04-03T02:22:24.340+0600][95.348s][info][gc,heap     ] GC(295)      Live:         -               108M (11%)         108M (11%)         108M (11%)            -                  -          
[2026-04-03T02:22:24.340+0600][95.348s][info][gc,heap     ] GC(295) Allocated:         -               186M (19%)         200M (20%)         203M (20%)            -                  -          
[2026-04-03T02:22:24.340+0600][95.348s][info][gc,heap     ] GC(295)   Garbage:         -               289M (29%)         177M (18%)          25M (3%)             -                  -          
[2026-04-03T02:22:24.340+0600][95.348s][info][gc,heap     ] GC(295) Reclaimed:         -                  -               112M (11%)         263M (26%)            -                  -          
[2026-04-03T02:22:24.340+0600][95.348s][info][gc          ] GC(295) Garbage Collection (Allocation Rate) 398M(40%)->338M(34%)
[2026-04-03T02:22:24.395+0600][95.403s][info][gc,start    ] GC(296) Garbage Collection (Allocation Rate)
[2026-04-03T02:22:24.395+0600][95.403s][info][gc,task     ] GC(296) Using 3 workers
[2026-04-03T02:22:24.395+0600][95.403s][info][gc,phases   ] GC(296) Pause Mark Start 0.013ms
[2026-04-03T02:22:24.501+0600][95.509s][info][gc,phases   ] GC(296) Concurrent Mark 105.196ms
[2026-04-03T02:22:24.501+0600][95.509s][info][gc,phases   ] GC(296) Pause Mark End 0.039ms
[2026-04-03T02:22:24.501+0600][95.509s][info][gc,phases   ] GC(296) Concurrent Mark Free 0.002ms
[2026-04-03T02:22:24.550+0600][95.558s][info][gc,phases   ] GC(296) Concurrent Process Non-Strong References 49.019ms
[2026-04-03T02:22:24.550+0600][95.558s][info][gc,phases   ] GC(296) Concurrent Reset Relocation Set 0.012ms
[2026-04-03T02:22:24.558+0600][95.566s][info][gc,phases   ] GC(296) Concurrent Select Relocation Set 7.703ms
[2026-04-03T02:22:24.559+0600][95.567s][info][gc,phases   ] GC(296) Pause Relocate Start 0.018ms
[2026-04-03T02:22:24.565+0600][95.573s][info][gc,phases   ] GC(296) Concurrent Relocate 6.058ms
[2026-04-03T02:22:24.565+0600][95.573s][info][gc,load     ] GC(296) Load: 6.98/6.50/5.98
[2026-04-03T02:22:24.565+0600][95.573s][info][gc,mmu      ] GC(296) MMU: 2ms/90.1%, 5ms/96.1%, 10ms/98.0%, 20ms/99.0%, 50ms/99.6%, 100ms/99.7%
[2026-04-03T02:22:24.565+0600][95.573s][info][gc,marking  ] GC(296) Mark: 2 stripe(s), 2 proactive flush(es), 1 terminate flush(es), 0 completion(s), 0 continuation(s) 
[2026-04-03T02:22:24.565+0600][95.573s][info][gc,marking  ] GC(296) Mark Stack Usage: 32M
[2026-04-03T02:22:24.565+0600][95.573s][info][gc,nmethod  ] GC(296) NMethods: 15471 registered, 2697 unregistered
[2026-04-03T02:22:24.565+0600][95.573s][info][gc,metaspace] GC(296) Metaspace: 128M used, 129M committed, 1152M reserved
[2026-04-03T02:22:24.565+0600][95.573s][info][gc,ref      ] GC(296) Soft: 3329 encountered, 0 discovered, 0 enqueued
[2026-04-03T02:22:24.565+0600][95.573s][info][gc,ref      ] GC(296) Weak: 16175 encountered, 6378 discovered, 1705 enqueued
[2026-04-03T02:22:24.565+0600][95.573s][info][gc,ref      ] GC(296) Final: 84 encountered, 0 discovered, 0 enqueued
[2026-04-03T02:22:24.565+0600][95.573s][info][gc,ref      ] GC(296) Phantom: 620 encountered, 527 discovered, 0 enqueued
[2026-04-03T02:22:24.565+0600][95.573s][info][gc,reloc    ] GC(296) Small Pages: 146 / 292M, Empty: 10M, Relocated: 5M, In-Place: 0
[2026-04-03T02:22:24.565+0600][95.573s][info][gc,reloc    ] GC(296) Medium Pages: 3 / 48M, Empty: 32M, Relocated: 0M, In-Place: 0
[2026-04-03T02:22:24.565+0600][95.573s][info][gc,reloc    ] GC(296) Large Pages: 5 / 28M, Empty: 24M, Relocated: 0M, In-Place: 0
[2026-04-03T02:22:24.565+0600][95.573s][info][gc,reloc    ] GC(296) Forwarding Usage: 1M
[2026-04-03T02:22:24.565+0600][95.573s][info][gc,heap     ] GC(296) Min Capacity: 8M(1%)
[2026-04-03T02:22:24.565+0600][95.573s][info][gc,heap     ] GC(296) Max Capacity: 1000M(100%)
[2026-04-03T02:22:24.565+0600][95.573s][info][gc,heap     ] GC(296) Soft Max Capacity: 1000M(100%)
[2026-04-03T02:22:24.565+0600][95.573s][info][gc,heap     ] GC(296)                Mark Start          Mark End        Relocate Start      Relocate End           High               Low         
[2026-04-03T02:22:24.565+0600][95.573s][info][gc,heap     ] GC(296)  Capacity:     1000M (100%)       1000M (100%)       1000M (100%)       1000M (100%)       1000M (100%)       1000M (100%)   
[2026-04-03T02:22:24.565+0600][95.573s][info][gc,heap     ] GC(296)      Free:      632M (63%)         510M (51%)         522M (52%)         684M (68%)         684M (68%)         456M (46%)    
[2026-04-03T02:22:24.565+0600][95.573s][info][gc,heap     ] GC(296)      Used:      368M (37%)         490M (49%)         478M (48%)         316M (32%)         544M (54%)         316M (32%)    
[2026-04-03T02:22:24.565+0600][95.573s][info][gc,heap     ] GC(296)      Live:         -               108M (11%)         108M (11%)         108M (11%)            -                  -          
[2026-04-03T02:22:24.565+0600][95.573s][info][gc,heap     ] GC(296) Allocated:         -               122M (12%)         176M (18%)         181M (18%)            -                  -          
[2026-04-03T02:22:24.565+0600][95.573s][info][gc,heap     ] GC(296)   Garbage:         -               259M (26%)         193M (19%)          25M (3%)             -                  -          
[2026-04-03T02:22:24.565+0600][95.573s][info][gc,heap     ] GC(296) Reclaimed:         -                  -                66M (7%)          233M (23%)            -                  -          
[2026-04-03T02:22:24.565+0600][95.573s][info][gc          ] GC(296) Garbage Collection (Allocation Rate) 368M(37%)->316M(32%)
[2026-04-03T02:22:24.695+0600][95.703s][info][gc,start    ] GC(297) Garbage Collection (Allocation Rate)
[2026-04-03T02:22:24.696+0600][95.704s][info][gc,task     ] GC(297) Using 3 workers
[2026-04-03T02:22:24.696+0600][95.704s][info][gc,phases   ] GC(297) Pause Mark Start 0.022ms
[2026-04-03T02:22:24.808+0600][95.816s][info][gc,phases   ] GC(297) Concurrent Mark 111.945ms
[2026-04-03T02:22:24.808+0600][95.816s][info][gc,phases   ] GC(297) Pause Mark End 0.028ms
[2026-04-03T02:22:24.808+0600][95.816s][info][gc,phases   ] GC(297) Concurrent Mark Free 0.001ms
[2026-04-03T02:22:24.849+0600][95.857s][info][gc,phases   ] GC(297) Concurrent Process Non-Strong References 40.576ms
[2026-04-03T02:22:24.849+0600][95.857s][info][gc,phases   ] GC(297) Concurrent Reset Relocation Set 0.017ms
[2026-04-03T02:22:24.852+0600][95.861s][info][gc,phases   ] GC(297) Concurrent Select Relocation Set 3.460ms
[2026-04-03T02:22:24.853+0600][95.861s][info][gc,phases   ] GC(297) Pause Relocate Start 0.020ms
[2026-04-03T02:22:24.855+0600][95.863s][info][gc,phases   ] GC(297) Concurrent Relocate 2.444ms
[2026-04-03T02:22:24.855+0600][95.864s][info][gc,load     ] GC(297) Load: 7.30/6.57/6.00
[2026-04-03T02:22:24.856+0600][95.864s][info][gc,mmu      ] GC(297) MMU: 2ms/90.1%, 5ms/96.1%, 10ms/98.0%, 20ms/99.0%, 50ms/99.6%, 100ms/99.7%
[2026-04-03T02:22:24.856+0600][95.864s][info][gc,marking  ] GC(297) Mark: 2 stripe(s), 2 proactive flush(es), 1 terminate flush(es), 0 completion(s), 0 continuation(s) 
[2026-04-03T02:22:24.856+0600][95.864s][info][gc,marking  ] GC(297) Mark Stack Usage: 32M
[2026-04-03T02:22:24.856+0600][95.864s][info][gc,nmethod  ] GC(297) NMethods: 15480 registered, 2697 unregistered
[2026-04-03T02:22:24.856+0600][95.864s][info][gc,metaspace] GC(297) Metaspace: 128M used, 129M committed, 1152M reserved
[2026-04-03T02:22:24.856+0600][95.864s][info][gc,ref      ] GC(297) Soft: 3370 encountered, 0 discovered, 0 enqueued
[2026-04-03T02:22:24.856+0600][95.864s][info][gc,ref      ] GC(297) Weak: 14911 encountered, 4662 discovered, 32 enqueued
[2026-04-03T02:22:24.856+0600][95.864s][info][gc,ref      ] GC(297) Final: 84 encountered, 0 discovered, 0 enqueued
[2026-04-03T02:22:24.856+0600][95.864s][info][gc,ref      ] GC(297) Phantom: 620 encountered, 505 discovered, 0 enqueued
[2026-04-03T02:22:24.856+0600][95.864s][info][gc,reloc    ] GC(297) Small Pages: 226 / 452M, Empty: 182M, Relocated: 3M, In-Place: 0
[2026-04-03T02:22:24.856+0600][95.864s][info][gc,reloc    ] GC(297) Medium Pages: 3 / 48M, Empty: 32M, Relocated: 0M, In-Place: 0
[2026-04-03T02:22:24.856+0600][95.864s][info][gc,reloc    ] GC(297) Large Pages: 6 / 34M, Empty: 30M, Relocated: 0M, In-Place: 0
[2026-04-03T02:22:24.856+0600][95.864s][info][gc,reloc    ] GC(297) Forwarding Usage: 0M
[2026-04-03T02:22:24.856+0600][95.864s][info][gc,heap     ] GC(297) Min Capacity: 8M(1%)
[2026-04-03T02:22:24.856+0600][95.864s][info][gc,heap     ] GC(297) Max Capacity: 1000M(100%)
[2026-04-03T02:22:24.856+0600][95.864s][info][gc,heap     ] GC(297) Soft Max Capacity: 1000M(100%)
[2026-04-03T02:22:24.856+0600][95.864s][info][gc,heap     ] GC(297)                Mark Start          Mark End        Relocate Start      Relocate End           High               Low         
[2026-04-03T02:22:24.856+0600][95.864s][info][gc,heap     ] GC(297)  Capacity:     1000M (100%)       1000M (100%)       1000M (100%)       1000M (100%)       1000M (100%)       1000M (100%)   
[2026-04-03T02:22:24.856+0600][95.864s][info][gc,heap     ] GC(297)      Free:      466M (47%)         342M (34%)         566M (57%)         716M (72%)         716M (72%)         326M (33%)    
[2026-04-03T02:22:24.856+0600][95.864s][info][gc,heap     ] GC(297)      Used:      534M (53%)         658M (66%)         434M (43%)         284M (28%)         674M (67%)         284M (28%)    
[2026-04-03T02:22:24.856+0600][95.864s][info][gc,heap     ] GC(297)      Live:         -               110M (11%)         110M (11%)         110M (11%)            -                  -          
[2026-04-03T02:22:24.856+0600][95.864s][info][gc,heap     ] GC(297) Allocated:         -               124M (12%)         144M (14%)         145M (15%)            -                  -          
[2026-04-03T02:22:24.856+0600][95.864s][info][gc,heap     ] GC(297)   Garbage:         -               423M (42%)         179M (18%)          27M (3%)             -                  -          
[2026-04-03T02:22:24.856+0600][95.864s][info][gc,heap     ] GC(297) Reclaimed:         -                  -               244M (24%)         395M (40%)            -                  -          
[2026-04-03T02:22:24.856+0600][95.864s][info][gc          ] GC(297) Garbage Collection (Allocation Rate) 534M(53%)->284M(28%)
[2026-04-03T02:22:24.996+0600][96.004s][info][gc,start    ] GC(298) Garbage Collection (Allocation Rate)
[2026-04-03T02:22:24.996+0600][96.004s][info][gc,task     ] GC(298) Using 3 workers
[2026-04-03T02:22:24.996+0600][96.004s][info][gc,phases   ] GC(298) Pause Mark Start 0.015ms
[2026-04-03T02:22:25.075+0600][96.083s][info][gc,phases   ] GC(298) Concurrent Mark 78.493ms
[2026-04-03T02:22:25.075+0600][96.083s][info][gc,phases   ] GC(298) Pause Mark End 0.042ms
[2026-04-03T02:22:25.075+0600][96.083s][info][gc,phases   ] GC(298) Concurrent Mark Free 0.001ms
[2026-04-03T02:22:25.089+0600][96.097s][info][gc,phases   ] GC(298) Concurrent Process Non-Strong References 14.111ms
[2026-04-03T02:22:25.089+0600][96.098s][info][gc,phases   ] GC(298) Concurrent Reset Relocation Set 0.009ms
[2026-04-03T02:22:25.090+0600][96.098s][info][gc          ] Allocation Stall (Executor task launch worker for task 3.0 in stage 4447.0 (TID 8162)) 72.870ms
[2026-04-03T02:22:25.090+0600][96.098s][info][gc          ] Allocation Stall (Executor task launch worker for task 2.0 in stage 4447.0 (TID 8161)) 71.419ms
[2026-04-03T02:22:25.090+0600][96.098s][info][gc          ] Allocation Stall (Executor task launch worker for task 0.0 in stage 4447.0 (TID 8159)) 74.182ms
[2026-04-03T02:22:25.090+0600][96.098s][info][gc          ] Allocation Stall (Executor task launch worker for task 1.0 in stage 4447.0 (TID 8160)) 70.110ms
[2026-04-03T02:22:25.090+0600][96.098s][info][gc          ] Allocation Stall (Spark Context Cleaner) 35.829ms
[2026-04-03T02:22:25.092+0600][96.101s][info][gc,phases   ] GC(298) Concurrent Select Relocation Set 2.993ms
[2026-04-03T02:22:25.093+0600][96.101s][info][gc,phases   ] GC(298) Pause Relocate Start 0.014ms
[2026-04-03T02:22:25.099+0600][96.107s][info][gc,phases   ] GC(298) Concurrent Relocate 5.486ms
[2026-04-03T02:22:25.099+0600][96.107s][info][gc,load     ] GC(298) Load: 7.30/6.57/6.00
[2026-04-03T02:22:25.099+0600][96.107s][info][gc,mmu      ] GC(298) MMU: 2ms/90.1%, 5ms/96.1%, 10ms/98.0%, 20ms/99.0%, 50ms/99.6%, 100ms/99.7%
[2026-04-03T02:22:25.099+0600][96.107s][info][gc,marking  ] GC(298) Mark: 2 stripe(s), 2 proactive flush(es), 1 terminate flush(es), 0 completion(s), 0 continuation(s) 
[2026-04-03T02:22:25.099+0600][96.107s][info][gc,marking  ] GC(298) Mark Stack Usage: 32M
[2026-04-03T02:22:25.099+0600][96.107s][info][gc,nmethod  ] GC(298) NMethods: 15481 registered, 2698 unregistered
[2026-04-03T02:22:25.099+0600][96.107s][info][gc,metaspace] GC(298) Metaspace: 128M used, 129M committed, 1152M reserved
[2026-04-03T02:22:25.099+0600][96.107s][info][gc,ref      ] GC(298) Soft: 3390 encountered, 0 discovered, 0 enqueued
[2026-04-03T02:22:25.099+0600][96.107s][info][gc,ref      ] GC(298) Weak: 15366 encountered, 5922 discovered, 794 enqueued
[2026-04-03T02:22:25.099+0600][96.107s][info][gc,ref      ] GC(298) Final: 84 encountered, 0 discovered, 0 enqueued
[2026-04-03T02:22:25.099+0600][96.107s][info][gc,ref      ] GC(298) Phantom: 631 encountered, 488 discovered, 0 enqueued
[2026-04-03T02:22:25.099+0600][96.107s][info][gc,reloc    ] GC(298) Small Pages: 167 / 334M, Empty: 98M, Relocated: 6M, In-Place: 0
[2026-04-03T02:22:25.099+0600][96.107s][info][gc,reloc    ] GC(298) Medium Pages: 3 / 48M, Empty: 32M, Relocated: 0M, In-Place: 0
[2026-04-03T02:22:25.099+0600][96.107s][info][gc,reloc    ] GC(298) Large Pages: 87 / 520M, Empty: 498M, Relocated: 0M, In-Place: 0
[2026-04-03T02:22:25.099+0600][96.107s][info][gc,reloc    ] GC(298) Forwarding Usage: 1M
[2026-04-03T02:22:25.099+0600][96.107s][info][gc,heap     ] GC(298) Min Capacity: 8M(1%)
[2026-04-03T02:22:25.099+0600][96.107s][info][gc,heap     ] GC(298) Max Capacity: 1000M(100%)
[2026-04-03T02:22:25.099+0600][96.107s][info][gc,heap     ] GC(298) Soft Max Capacity: 1000M(100%)
[2026-04-03T02:22:25.099+0600][96.107s][info][gc,heap     ] GC(298)                Mark Start          Mark End        Relocate Start      Relocate End           High               Low         
[2026-04-03T02:22:25.099+0600][96.107s][info][gc,heap     ] GC(298)  Capacity:     1000M (100%)       1000M (100%)       1000M (100%)       1000M (100%)       1000M (100%)       1000M (100%)   
[2026-04-03T02:22:25.099+0600][96.107s][info][gc,heap     ] GC(298)      Free:       98M (10%)           0M (0%)          564M (56%)         566M (57%)         636M (64%)           0M (0%)     
[2026-04-03T02:22:25.099+0600][96.107s][info][gc,heap     ] GC(298)      Used:      902M (90%)        1000M (100%)        436M (44%)         434M (43%)        1000M (100%)        364M (36%)    
[2026-04-03T02:22:25.099+0600][96.107s][info][gc,heap     ] GC(298)      Live:         -               129M (13%)         129M (13%)         129M (13%)            -                  -          
[2026-04-03T02:22:25.099+0600][96.107s][info][gc,heap     ] GC(298) Allocated:         -                98M (10%)         162M (16%)         277M (28%)            -                  -          
[2026-04-03T02:22:25.099+0600][96.107s][info][gc,heap     ] GC(298)   Garbage:         -               772M (77%)         144M (14%)          26M (3%)             -                  -          
[2026-04-03T02:22:25.099+0600][96.107s][info][gc,heap     ] GC(298) Reclaimed:         -                  -               628M (63%)         745M (75%)            -                  -          
[2026-04-03T02:22:25.099+0600][96.107s][info][gc          ] GC(298) Garbage Collection (Allocation Rate) 902M(90%)->434M(43%)
[2026-04-03T02:22:25.196+0600][96.204s][info][gc,start    ] GC(299) Garbage Collection (Allocation Stall)
[2026-04-03T02:22:25.196+0600][96.204s][info][gc,ref      ] GC(299) Clearing All SoftReferences
[2026-04-03T02:22:25.196+0600][96.204s][info][gc,task     ] GC(299) Using 3 workers
[2026-04-03T02:22:25.196+0600][96.204s][info][gc,ref      ] GC(299) Clearing All SoftReferences
[2026-04-03T02:22:25.196+0600][96.204s][info][gc,phases   ] GC(299) Pause Mark Start 0.041ms
[2026-04-03T02:22:25.316+0600][96.324s][info][gc,phases   ] GC(299) Concurrent Mark 119.179ms
[2026-04-03T02:22:25.316+0600][96.324s][info][gc,phases   ] GC(299) Pause Mark End 0.032ms
[2026-04-03T02:22:25.316+0600][96.324s][info][gc,phases   ] GC(299) Concurrent Mark Free 0.001ms
[2026-04-03T02:22:25.353+0600][96.361s][info][gc,phases   ] GC(299) Concurrent Process Non-Strong References 36.898ms
[2026-04-03T02:22:25.353+0600][96.361s][info][gc,phases   ] GC(299) Concurrent Reset Relocation Set 0.006ms
[2026-04-03T02:22:25.357+0600][96.365s][info][gc,phases   ] GC(299) Concurrent Select Relocation Set 3.511ms
[2026-04-03T02:22:25.357+0600][96.365s][info][gc,phases   ] GC(299) Pause Relocate Start 0.026ms
[2026-04-03T02:22:25.361+0600][96.369s][info][gc,phases   ] GC(299) Concurrent Relocate 3.424ms
[2026-04-03T02:22:25.361+0600][96.369s][info][gc,load     ] GC(299) Load: 7.30/6.57/6.00
[2026-04-03T02:22:25.361+0600][96.369s][info][gc,mmu      ] GC(299) MMU: 2ms/90.1%, 5ms/96.1%, 10ms/98.0%, 20ms/99.0%, 50ms/99.6%, 100ms/99.7%
[2026-04-03T02:22:25.361+0600][96.369s][info][gc,marking  ] GC(299) Mark: 2 stripe(s), 2 proactive flush(es), 1 terminate flush(es), 0 completion(s), 0 continuation(s) 
[2026-04-03T02:22:25.361+0600][96.369s][info][gc,marking  ] GC(299) Mark Stack Usage: 32M
[2026-04-03T02:22:25.361+0600][96.369s][info][gc,nmethod  ] GC(299) NMethods: 15495 registered, 2701 unregistered
[2026-04-03T02:22:25.361+0600][96.369s][info][gc,metaspace] GC(299) Metaspace: 128M used, 129M committed, 1152M reserved
[2026-04-03T02:22:25.361+0600][96.369s][info][gc,ref      ] GC(299) Soft: 3351 encountered, 733 discovered, 114 enqueued
[2026-04-03T02:22:25.361+0600][96.369s][info][gc,ref      ] GC(299) Weak: 14773 encountered, 4509 discovered, 185 enqueued
[2026-04-03T02:22:25.361+0600][96.369s][info][gc,ref      ] GC(299) Final: 84 encountered, 1 discovered, 0 enqueued
[2026-04-03T02:22:25.361+0600][96.369s][info][gc,ref      ] GC(299) Phantom: 620 encountered, 588 discovered, 0 enqueued
[2026-04-03T02:22:25.361+0600][96.369s][info][gc,reloc    ] GC(299) Small Pages: 135 / 270M, Empty: 12M, Relocated: 6M, In-Place: 0
[2026-04-03T02:22:25.361+0600][96.369s][info][gc,reloc    ] GC(299) Medium Pages: 3 / 48M, Empty: 32M, Relocated: 0M, In-Place: 0
[2026-04-03T02:22:25.361+0600][96.369s][info][gc,reloc    ] GC(299) Large Pages: 55 / 328M, Empty: 324M, Relocated: 0M, In-Place: 0
[2026-04-03T02:22:25.361+0600][96.369s][info][gc,reloc    ] GC(299) Forwarding Usage: 1M
[2026-04-03T02:22:25.361+0600][96.369s][info][gc,heap     ] GC(299) Min Capacity: 8M(1%)
[2026-04-03T02:22:25.361+0600][96.369s][info][gc,heap     ] GC(299) Max Capacity: 1000M(100%)
[2026-04-03T02:22:25.361+0600][96.369s][info][gc,heap     ] GC(299) Soft Max Capacity: 1000M(100%)
[2026-04-03T02:22:25.361+0600][96.369s][info][gc,heap     ] GC(299)                Mark Start          Mark End        Relocate Start      Relocate End           High               Low         
[2026-04-03T02:22:25.361+0600][96.369s][info][gc,heap     ] GC(299)  Capacity:     1000M (100%)       1000M (100%)       1000M (100%)       1000M (100%)       1000M (100%)       1000M (100%)   
[2026-04-03T02:22:25.361+0600][96.369s][info][gc,heap     ] GC(299)      Free:      354M (35%)         252M (25%)         600M (60%)         744M (74%)         744M (74%)         236M (24%)    
[2026-04-03T02:22:25.361+0600][96.369s][info][gc,heap     ] GC(299)      Used:      646M (65%)         748M (75%)         400M (40%)         256M (26%)         764M (76%)         256M (26%)    
[2026-04-03T02:22:25.361+0600][96.369s][info][gc,heap     ] GC(299)      Live:         -               106M (11%)         106M (11%)         106M (11%)            -                  -          
[2026-04-03T02:22:25.361+0600][96.369s][info][gc,heap     ] GC(299) Allocated:         -               102M (10%)         122M (12%)         121M (12%)            -                  -          
[2026-04-03T02:22:25.361+0600][96.369s][info][gc,heap     ] GC(299)   Garbage:         -               539M (54%)         171M (17%)          27M (3%)             -                  -          
[2026-04-03T02:22:25.361+0600][96.369s][info][gc,heap     ] GC(299) Reclaimed:         -                  -               368M (37%)         511M (51%)            -                  -          
[2026-04-03T02:22:25.361+0600][96.369s][info][gc          ] GC(299) Garbage Collection (Allocation Stall) 646M(65%)->256M(26%)
[2026-04-03T02:22:25.395+0600][96.403s][info][gc,start    ] GC(300) Garbage Collection (Allocation Rate)
[2026-04-03T02:22:25.395+0600][96.403s][info][gc,task     ] GC(300) Using 3 workers
[2026-04-03T02:22:25.396+0600][96.404s][info][gc,phases   ] GC(300) Pause Mark Start 0.018ms
[2026-04-03T02:22:25.472+0600][96.480s][info][gc,phases   ] GC(300) Concurrent Mark 76.560ms
[2026-04-03T02:22:25.473+0600][96.481s][info][gc,phases   ] GC(300) Pause Mark End 0.031ms
[2026-04-03T02:22:25.473+0600][96.481s][info][gc,phases   ] GC(300) Concurrent Mark Free 0.001ms
[2026-04-03T02:22:25.506+0600][96.514s][info][gc,phases   ] GC(300) Concurrent Process Non-Strong References 33.748ms
[2026-04-03T02:22:25.506+0600][96.514s][info][gc,phases   ] GC(300) Concurrent Reset Relocation Set 0.012ms
[2026-04-03T02:22:25.509+0600][96.517s][info][gc,phases   ] GC(300) Concurrent Select Relocation Set 2.790ms
[2026-04-03T02:22:25.509+0600][96.518s][info][gc,phases   ] GC(300) Pause Relocate Start 0.011ms
[2026-04-03T02:22:25.512+0600][96.520s][info][gc,phases   ] GC(300) Concurrent Relocate 2.303ms
[2026-04-03T02:22:25.512+0600][96.520s][info][gc,load     ] GC(300) Load: 7.30/6.57/6.00
[2026-04-03T02:22:25.512+0600][96.520s][info][gc,mmu      ] GC(300) MMU: 2ms/90.1%, 5ms/96.1%, 10ms/98.0%, 20ms/99.0%, 50ms/99.6%, 100ms/99.7%
[2026-04-03T02:22:25.512+0600][96.520s][info][gc,marking  ] GC(300) Mark: 2 stripe(s), 2 proactive flush(es), 1 terminate flush(es), 0 completion(s), 0 continuation(s) 
[2026-04-03T02:22:25.512+0600][96.520s][info][gc,marking  ] GC(300) Mark Stack Usage: 32M
[2026-04-03T02:22:25.512+0600][96.520s][info][gc,nmethod  ] GC(300) NMethods: 15493 registered, 2703 unregistered
[2026-04-03T02:22:25.512+0600][96.520s][info][gc,metaspace] GC(300) Metaspace: 128M used, 129M committed, 1152M reserved
[2026-04-03T02:22:25.512+0600][96.520s][info][gc,ref      ] GC(300) Soft: 3249 encountered, 0 discovered, 0 enqueued
[2026-04-03T02:22:25.512+0600][96.520s][info][gc,ref      ] GC(300) Weak: 14617 encountered, 2814 discovered, 422 enqueued
[2026-04-03T02:22:25.512+0600][96.520s][info][gc,ref      ] GC(300) Final: 84 encountered, 0 discovered, 0 enqueued
[2026-04-03T02:22:25.512+0600][96.520s][info][gc,ref      ] GC(300) Phantom: 620 encountered, 525 discovered, 0 enqueued
[2026-04-03T02:22:25.512+0600][96.520s][info][gc,reloc    ] GC(300) Small Pages: 103 / 206M, Empty: 4M, Relocated: 1M, In-Place: 0
[2026-04-03T02:22:25.512+0600][96.520s][info][gc,reloc    ] GC(300) Medium Pages: 3 / 48M, Empty: 32M, Relocated: 0M, In-Place: 0
[2026-04-03T02:22:25.512+0600][96.520s][info][gc,reloc    ] GC(300) Large Pages: 4 / 22M, Empty: 18M, Relocated: 0M, In-Place: 0
[2026-04-03T02:22:25.512+0600][96.520s][info][gc,reloc    ] GC(300) Forwarding Usage: 0M
[2026-04-03T02:22:25.512+0600][96.520s][info][gc,heap     ] GC(300) Min Capacity: 8M(1%)
[2026-04-03T02:22:25.512+0600][96.520s][info][gc,heap     ] GC(300) Max Capacity: 1000M(100%)
[2026-04-03T02:22:25.512+0600][96.520s][info][gc,heap     ] GC(300) Soft Max Capacity: 1000M(100%)
[2026-04-03T02:22:25.512+0600][96.520s][info][gc,heap     ] GC(300)                Mark Start          Mark End        Relocate Start      Relocate End           High               Low         
[2026-04-03T02:22:25.512+0600][96.520s][info][gc,heap     ] GC(300)  Capacity:     1000M (100%)       1000M (100%)       1000M (100%)       1000M (100%)       1000M (100%)       1000M (100%)   
[2026-04-03T02:22:25.512+0600][96.520s][info][gc,heap     ] GC(300)      Free:      724M (72%)         680M (68%)         708M (71%)         792M (79%)         792M (79%)         654M (65%)    
[2026-04-03T02:22:25.512+0600][96.520s][info][gc,heap     ] GC(300)      Used:      276M (28%)         320M (32%)         292M (29%)         208M (21%)         346M (35%)         208M (21%)    
[2026-04-03T02:22:25.512+0600][96.520s][info][gc,heap     ] GC(300)      Live:         -               106M (11%)         106M (11%)         106M (11%)            -                  -          
[2026-04-03T02:22:25.512+0600][96.520s][info][gc,heap     ] GC(300) Allocated:         -                44M (4%)           70M (7%)           71M (7%)             -                  -          
[2026-04-03T02:22:25.512+0600][96.520s][info][gc,heap     ] GC(300)   Garbage:         -               169M (17%)         115M (12%)          29M (3%)             -                  -          
[2026-04-03T02:22:25.512+0600][96.520s][info][gc,heap     ] GC(300) Reclaimed:         -                  -                54M (5%)          139M (14%)            -                  -          
[2026-04-03T02:22:25.512+0600][96.520s][info][gc          ] GC(300) Garbage Collection (Allocation Rate) 276M(28%)->208M(21%)
[2026-04-03T02:22:25.596+0600][96.604s][info][gc,start    ] GC(301) Garbage Collection (Allocation Rate)
[2026-04-03T02:22:25.596+0600][96.604s][info][gc,task     ] GC(301) Using 3 workers
[2026-04-03T02:22:25.596+0600][96.604s][info][gc,phases   ] GC(301) Pause Mark Start 0.007ms
[2026-04-03T02:22:25.661+0600][96.669s][info][gc,phases   ] GC(301) Concurrent Mark 65.046ms
[2026-04-03T02:22:25.661+0600][96.669s][info][gc,phases   ] GC(301) Pause Mark End 0.047ms
[2026-04-03T02:22:25.661+0600][96.670s][info][gc,phases   ] GC(301) Concurrent Mark Free 0.003ms
[2026-04-03T02:22:25.678+0600][96.686s][info][gc,phases   ] GC(301) Concurrent Process Non-Strong References 15.972ms
[2026-04-03T02:22:25.678+0600][96.686s][info][gc,phases   ] GC(301) Concurrent Reset Relocation Set 0.006ms
[2026-04-03T02:22:25.684+0600][96.692s][info][gc,phases   ] GC(301) Concurrent Select Relocation Set 5.996ms
[2026-04-03T02:22:25.684+0600][96.692s][info][gc,phases   ] GC(301) Pause Relocate Start 0.027ms
[2026-04-03T02:22:25.693+0600][96.701s][info][gc,phases   ] GC(301) Concurrent Relocate 8.358ms
[2026-04-03T02:22:25.693+0600][96.701s][info][gc,load     ] GC(301) Load: 7.30/6.57/6.00
[2026-04-03T02:22:25.693+0600][96.701s][info][gc,mmu      ] GC(301) MMU: 2ms/90.1%, 5ms/96.1%, 10ms/98.0%, 20ms/99.0%, 50ms/99.6%, 100ms/99.7%
[2026-04-03T02:22:25.693+0600][96.701s][info][gc,marking  ] GC(301) Mark: 2 stripe(s), 2 proactive flush(es), 1 terminate flush(es), 0 completion(s), 0 continuation(s) 
[2026-04-03T02:22:25.693+0600][96.701s][info][gc,marking  ] GC(301) Mark Stack Usage: 32M
[2026-04-03T02:22:25.693+0600][96.701s][info][gc,nmethod  ] GC(301) NMethods: 15494 registered, 2703 unregistered
[2026-04-03T02:22:25.693+0600][96.701s][info][gc,metaspace] GC(301) Metaspace: 128M used, 129M committed, 1152M reserved
[2026-04-03T02:22:25.693+0600][96.701s][info][gc,ref      ] GC(301) Soft: 3249 encountered, 0 discovered, 0 enqueued
[2026-04-03T02:22:25.693+0600][96.701s][info][gc,ref      ] GC(301) Weak: 14185 encountered, 4520 discovered, 4 enqueued
[2026-04-03T02:22:25.693+0600][96.701s][info][gc,ref      ] GC(301) Final: 84 encountered, 0 discovered, 0 enqueued
[2026-04-03T02:22:25.693+0600][96.701s][info][gc,ref      ] GC(301) Phantom: 620 encountered, 524 discovered, 0 enqueued
[2026-04-03T02:22:25.693+0600][96.701s][info][gc,reloc    ] GC(301) Small Pages: 119 / 238M, Empty: 10M, Relocated: 6M, In-Place: 0
[2026-04-03T02:22:25.693+0600][96.701s][info][gc,reloc    ] GC(301) Medium Pages: 1 / 16M, Empty: 0M, Relocated: 0M, In-Place: 0
[2026-04-03T02:22:25.693+0600][96.701s][info][gc,reloc    ] GC(301) Large Pages: 1 / 4M, Empty: 0M, Relocated: 0M, In-Place: 0
[2026-04-03T02:22:25.693+0600][96.701s][info][gc,reloc    ] GC(301) Forwarding Usage: 2M
[2026-04-03T02:22:25.693+0600][96.701s][info][gc,heap     ] GC(301) Min Capacity: 8M(1%)
[2026-04-03T02:22:25.693+0600][96.701s][info][gc,heap     ] GC(301) Max Capacity: 1000M(100%)
[2026-04-03T02:22:25.693+0600][96.701s][info][gc,heap     ] GC(301) Soft Max Capacity: 1000M(100%)
[2026-04-03T02:22:25.693+0600][96.701s][info][gc,heap     ] GC(301)                Mark Start          Mark End        Relocate Start      Relocate End           High               Low         
[2026-04-03T02:22:25.693+0600][96.701s][info][gc,heap     ] GC(301)  Capacity:     1000M (100%)       1000M (100%)       1000M (100%)       1000M (100%)       1000M (100%)       1000M (100%)   
[2026-04-03T02:22:25.693+0600][96.701s][info][gc,heap     ] GC(301)      Free:      742M (74%)         692M (69%)         672M (67%)         776M (78%)         776M (78%)         662M (66%)    
[2026-04-03T02:22:25.693+0600][96.701s][info][gc,heap     ] GC(301)      Used:      258M (26%)         308M (31%)         328M (33%)         224M (22%)         338M (34%)         224M (22%)    
[2026-04-03T02:22:25.693+0600][96.701s][info][gc,heap     ] GC(301)      Live:         -               106M (11%)         106M (11%)         106M (11%)            -                  -          
[2026-04-03T02:22:25.693+0600][96.701s][info][gc,heap     ] GC(301) Allocated:         -                50M (5%)           80M (8%)           91M (9%)             -                  -          
[2026-04-03T02:22:25.693+0600][96.701s][info][gc,heap     ] GC(301)   Garbage:         -               151M (15%)         141M (14%)          25M (3%)             -                  -          
[2026-04-03T02:22:25.693+0600][96.701s][info][gc,heap     ] GC(301) Reclaimed:         -                  -                10M (1%)          125M (13%)            -                  -          
[2026-04-03T02:22:25.693+0600][96.701s][info][gc          ] GC(301) Garbage Collection (Allocation Rate) 258M(26%)->224M(22%)
[2026-04-03T02:22:25.696+0600][96.704s][info][gc,start    ] GC(302) Garbage Collection (Allocation Rate)
[2026-04-03T02:22:25.696+0600][96.704s][info][gc,task     ] GC(302) Using 3 workers
[2026-04-03T02:22:25.696+0600][96.704s][info][gc,phases   ] GC(302) Pause Mark Start 0.017ms
[2026-04-03T02:22:25.811+0600][96.819s][info][gc,phases   ] GC(302) Concurrent Mark 115.291ms
[2026-04-03T02:22:25.811+0600][96.820s][info][gc,phases   ] GC(302) Pause Mark End 0.041ms
[2026-04-03T02:22:25.812+0600][96.820s][info][gc,phases   ] GC(302) Concurrent Mark Free 0.003ms
[2026-04-03T02:22:25.836+0600][96.844s][info][gc,phases   ] GC(302) Concurrent Process Non-Strong References 24.498ms
[2026-04-03T02:22:25.836+0600][96.844s][info][gc,phases   ] GC(302) Concurrent Reset Relocation Set 0.010ms
[2026-04-03T02:22:25.841+0600][96.849s][info][gc,phases   ] GC(302) Concurrent Select Relocation Set 4.762ms
[2026-04-03T02:22:25.841+0600][96.850s][info][gc,phases   ] GC(302) Pause Relocate Start 0.016ms
[2026-04-03T02:22:25.847+0600][96.855s][info][gc,phases   ] GC(302) Concurrent Relocate 5.772ms
[2026-04-03T02:22:25.847+0600][96.855s][info][gc,load     ] GC(302) Load: 7.30/6.57/6.00
[2026-04-03T02:22:25.847+0600][96.856s][info][gc,mmu      ] GC(302) MMU: 2ms/90.1%, 5ms/96.1%, 10ms/98.0%, 20ms/99.0%, 50ms/99.6%, 100ms/99.7%
[2026-04-03T02:22:25.847+0600][96.856s][info][gc,marking  ] GC(302) Mark: 2 stripe(s), 2 proactive flush(es), 1 terminate flush(es), 0 completion(s), 0 continuation(s) 
[2026-04-03T02:22:25.847+0600][96.856s][info][gc,marking  ] GC(302) Mark Stack Usage: 32M
[2026-04-03T02:22:25.847+0600][96.856s][info][gc,nmethod  ] GC(302) NMethods: 15494 registered, 2705 unregistered
[2026-04-03T02:22:25.847+0600][96.856s][info][gc,metaspace] GC(302) Metaspace: 128M used, 129M committed, 1152M reserved
[2026-04-03T02:22:25.848+0600][96.856s][info][gc,ref      ] GC(302) Soft: 3292 encountered, 0 discovered, 0 enqueued
[2026-04-03T02:22:25.848+0600][96.856s][info][gc,ref      ] GC(302) Weak: 14491 encountered, 4612 discovered, 29 enqueued
[2026-04-03T02:22:25.848+0600][96.856s][info][gc,ref      ] GC(302) Final: 84 encountered, 0 discovered, 0 enqueued
[2026-04-03T02:22:25.848+0600][96.856s][info][gc,ref      ] GC(302) Phantom: 620 encountered, 467 discovered, 0 enqueued
[2026-04-03T02:22:25.848+0600][96.856s][info][gc,reloc    ] GC(302) Small Pages: 92 / 184M, Empty: 4M, Relocated: 5M, In-Place: 0
[2026-04-03T02:22:25.848+0600][96.856s][info][gc,reloc    ] GC(302) Medium Pages: 2 / 32M, Empty: 16M, Relocated: 0M, In-Place: 0
[2026-04-03T02:22:25.848+0600][96.856s][info][gc,reloc    ] GC(302) Large Pages: 2 / 10M, Empty: 6M, Relocated: 0M, In-Place: 0
[2026-04-03T02:22:25.848+0600][96.856s][info][gc,reloc    ] GC(302) Forwarding Usage: 1M
[2026-04-03T02:22:25.848+0600][96.856s][info][gc,heap     ] GC(302) Min Capacity: 8M(1%)
[2026-04-03T02:22:25.848+0600][96.856s][info][gc,heap     ] GC(302) Max Capacity: 1000M(100%)
[2026-04-03T02:22:25.848+0600][96.856s][info][gc,heap     ] GC(302) Soft Max Capacity: 1000M(100%)
[2026-04-03T02:22:25.848+0600][96.856s][info][gc,heap     ] GC(302)                Mark Start          Mark End        Relocate Start      Relocate End           High               Low         
[2026-04-03T02:22:25.848+0600][96.856s][info][gc,heap     ] GC(302)  Capacity:     1000M (100%)       1000M (100%)       1000M (100%)       1000M (100%)       1000M (100%)       1000M (100%)   
[2026-04-03T02:22:25.848+0600][96.856s][info][gc,heap     ] GC(302)      Free:      774M (77%)         616M (62%)         612M (61%)         682M (68%)         774M (77%)         586M (59%)    
[2026-04-03T02:22:25.848+0600][96.856s][info][gc,heap     ] GC(302)      Used:      226M (23%)         384M (38%)         388M (39%)         318M (32%)         414M (41%)         226M (23%)    
[2026-04-03T02:22:25.848+0600][96.856s][info][gc,heap     ] GC(302)      Live:         -               106M (11%)         106M (11%)         106M (11%)            -                  -          
[2026-04-03T02:22:25.848+0600][96.856s][info][gc,heap     ] GC(302) Allocated:         -               158M (16%)         188M (19%)         187M (19%)            -                  -          
[2026-04-03T02:22:25.848+0600][96.856s][info][gc,heap     ] GC(302)   Garbage:         -               119M (12%)          93M (9%)           23M (2%)             -                  -          
[2026-04-03T02:22:25.848+0600][96.856s][info][gc,heap     ] GC(302) Reclaimed:         -                  -                26M (3%)           95M (10%)            -                  -          
[2026-04-03T02:22:25.848+0600][96.856s][info][gc          ] GC(302) Garbage Collection (Allocation Rate) 226M(23%)->318M(32%)
[2026-04-03T02:22:25.896+0600][96.904s][info][gc,start    ] GC(303) Garbage Collection (Allocation Rate)
[2026-04-03T02:22:25.896+0600][96.904s][info][gc,task     ] GC(303) Using 3 workers
[2026-04-03T02:22:25.896+0600][96.904s][info][gc,phases   ] GC(303) Pause Mark Start 0.018ms
[2026-04-03T02:22:26.024+0600][97.032s][info][gc,phases   ] GC(303) Concurrent Mark 127.119ms
[2026-04-03T02:22:26.024+0600][97.032s][info][gc,phases   ] GC(303) Pause Mark End 0.043ms
[2026-04-03T02:22:26.024+0600][97.032s][info][gc,phases   ] GC(303) Concurrent Mark Free 0.002ms
[2026-04-03T02:22:26.042+0600][97.050s][info][gc,phases   ] GC(303) Concurrent Process Non-Strong References 18.117ms
[2026-04-03T02:22:26.042+0600][97.050s][info][gc,phases   ] GC(303) Concurrent Reset Relocation Set 0.007ms
[2026-04-03T02:22:26.047+0600][97.055s][info][gc,phases   ] GC(303) Concurrent Select Relocation Set 4.183ms
[2026-04-03T02:22:26.048+0600][97.056s][info][gc,phases   ] GC(303) Pause Relocate Start 0.016ms
[2026-04-03T02:22:26.049+0600][97.057s][info][gc,phases   ] GC(303) Concurrent Relocate 0.774ms
[2026-04-03T02:22:26.049+0600][97.057s][info][gc,load     ] GC(303) Load: 7.30/6.57/6.00
[2026-04-03T02:22:26.049+0600][97.057s][info][gc,mmu      ] GC(303) MMU: 2ms/90.1%, 5ms/96.1%, 10ms/98.0%, 20ms/99.0%, 50ms/99.6%, 100ms/99.7%
[2026-04-03T02:22:26.049+0600][97.057s][info][gc,marking  ] GC(303) Mark: 2 stripe(s), 2 proactive flush(es), 1 terminate flush(es), 0 completion(s), 0 continuation(s) 
[2026-04-03T02:22:26.049+0600][97.057s][info][gc,marking  ] GC(303) Mark Stack Usage: 32M
[2026-04-03T02:22:26.049+0600][97.057s][info][gc,nmethod  ] GC(303) NMethods: 15495 registered, 2706 unregistered
[2026-04-03T02:22:26.049+0600][97.057s][info][gc,metaspace] GC(303) Metaspace: 128M used, 129M committed, 1152M reserved
[2026-04-03T02:22:26.049+0600][97.057s][info][gc,ref      ] GC(303) Soft: 3292 encountered, 0 discovered, 0 enqueued
[2026-04-03T02:22:26.049+0600][97.057s][info][gc,ref      ] GC(303) Weak: 14918 encountered, 4076 discovered, 6 enqueued
[2026-04-03T02:22:26.049+0600][97.057s][info][gc,ref      ] GC(303) Final: 84 encountered, 0 discovered, 0 enqueued
[2026-04-03T02:22:26.049+0600][97.057s][info][gc,ref      ] GC(303) Phantom: 620 encountered, 531 discovered, 0 enqueued
[2026-04-03T02:22:26.049+0600][97.057s][info][gc,reloc    ] GC(303) Small Pages: 147 / 294M, Empty: 54M, Relocated: 0M, In-Place: 0
[2026-04-03T02:22:26.049+0600][97.057s][info][gc,reloc    ] GC(303) Medium Pages: 4 / 64M, Empty: 48M, Relocated: 0M, In-Place: 0
[2026-04-03T02:22:26.049+0600][97.057s][info][gc,reloc    ] GC(303) Large Pages: 6 / 34M, Empty: 30M, Relocated: 0M, In-Place: 0
[2026-04-03T02:22:26.049+0600][97.057s][info][gc,reloc    ] GC(303) Forwarding Usage: 0M
[2026-04-03T02:22:26.049+0600][97.057s][info][gc,heap     ] GC(303) Min Capacity: 8M(1%)
[2026-04-03T02:22:26.049+0600][97.057s][info][gc,heap     ] GC(303) Max Capacity: 1000M(100%)
[2026-04-03T02:22:26.049+0600][97.057s][info][gc,heap     ] GC(303) Soft Max Capacity: 1000M(100%)
[2026-04-03T02:22:26.049+0600][97.057s][info][gc,heap     ] GC(303)                Mark Start          Mark End        Relocate Start      Relocate End           High               Low         
[2026-04-03T02:22:26.049+0600][97.057s][info][gc,heap     ] GC(303)  Capacity:     1000M (100%)       1000M (100%)       1000M (100%)       1000M (100%)       1000M (100%)       1000M (100%)   
[2026-04-03T02:22:26.049+0600][97.057s][info][gc,heap     ] GC(303)      Free:      608M (61%)         452M (45%)         560M (56%)         686M (69%)         686M (69%)         432M (43%)    
[2026-04-03T02:22:26.049+0600][97.057s][info][gc,heap     ] GC(303)      Used:      392M (39%)         548M (55%)         440M (44%)         314M (31%)         568M (57%)         314M (31%)    
[2026-04-03T02:22:26.049+0600][97.057s][info][gc,heap     ] GC(303)      Live:         -               107M (11%)         107M (11%)         107M (11%)            -                  -          
[2026-04-03T02:22:26.049+0600][97.057s][info][gc,heap     ] GC(303) Allocated:         -               156M (16%)         180M (18%)         179M (18%)            -                  -          
[2026-04-03T02:22:26.049+0600][97.057s][info][gc,heap     ] GC(303)   Garbage:         -               284M (28%)         152M (15%)          26M (3%)             -                  -          
[2026-04-03T02:22:26.049+0600][97.057s][info][gc,heap     ] GC(303) Reclaimed:         -                  -               132M (13%)         257M (26%)            -                  -          
[2026-04-03T02:22:26.049+0600][97.057s][info][gc          ] GC(303) Garbage Collection (Allocation Rate) 392M(39%)->314M(31%)
[2026-04-03T02:22:26.095+0600][97.103s][info][gc,start    ] GC(304) Garbage Collection (Allocation Rate)
[2026-04-03T02:22:26.095+0600][97.103s][info][gc,task     ] GC(304) Using 3 workers
[2026-04-03T02:22:26.096+0600][97.104s][info][gc,phases   ] GC(304) Pause Mark Start 0.018ms
[2026-04-03T02:22:26.220+0600][97.228s][info][gc,phases   ] GC(304) Concurrent Mark 123.721ms
[2026-04-03T02:22:26.220+0600][97.228s][info][gc,phases   ] GC(304) Pause Mark End 0.046ms
[2026-04-03T02:22:26.220+0600][97.228s][info][gc,phases   ] GC(304) Concurrent Mark Free 0.002ms
[2026-04-03T02:22:26.244+0600][97.252s][info][gc,phases   ] GC(304) Concurrent Process Non-Strong References 23.351ms
[2026-04-03T02:22:26.244+0600][97.252s][info][gc,phases   ] GC(304) Concurrent Reset Relocation Set 0.011ms
[2026-04-03T02:22:26.247+0600][97.255s][info][gc,phases   ] GC(304) Concurrent Select Relocation Set 3.333ms
[2026-04-03T02:22:26.247+0600][97.255s][info][gc,phases   ] GC(304) Pause Relocate Start 0.017ms
[2026-04-03T02:22:26.250+0600][97.258s][info][gc,phases   ] GC(304) Concurrent Relocate 2.804ms
[2026-04-03T02:22:26.250+0600][97.258s][info][gc,load     ] GC(304) Load: 7.30/6.57/6.00
[2026-04-03T02:22:26.250+0600][97.259s][info][gc,mmu      ] GC(304) MMU: 2ms/90.1%, 5ms/96.1%, 10ms/98.0%, 20ms/99.0%, 50ms/99.6%, 100ms/99.7%
[2026-04-03T02:22:26.250+0600][97.259s][info][gc,marking  ] GC(304) Mark: 2 stripe(s), 2 proactive flush(es), 1 terminate flush(es), 0 completion(s), 0 continuation(s) 
[2026-04-03T02:22:26.250+0600][97.259s][info][gc,marking  ] GC(304) Mark Stack Usage: 32M
[2026-04-03T02:22:26.250+0600][97.259s][info][gc,nmethod  ] GC(304) NMethods: 15496 registered, 2708 unregistered
[2026-04-03T02:22:26.250+0600][97.259s][info][gc,metaspace] GC(304) Metaspace: 128M used, 129M committed, 1152M reserved
[2026-04-03T02:22:26.250+0600][97.259s][info][gc,ref      ] GC(304) Soft: 3300 encountered, 0 discovered, 0 enqueued
[2026-04-03T02:22:26.251+0600][97.259s][info][gc,ref      ] GC(304) Weak: 15204 encountered, 4292 discovered, 11 enqueued
[2026-04-03T02:22:26.251+0600][97.259s][info][gc,ref      ] GC(304) Final: 84 encountered, 0 discovered, 0 enqueued
[2026-04-03T02:22:26.251+0600][97.259s][info][gc,ref      ] GC(304) Phantom: 620 encountered, 533 discovered, 0 enqueued
[2026-04-03T02:22:26.251+0600][97.259s][info][gc,reloc    ] GC(304) Small Pages: 144 / 288M, Empty: 56M, Relocated: 3M, In-Place: 0
[2026-04-03T02:22:26.251+0600][97.259s][info][gc,reloc    ] GC(304) Medium Pages: 4 / 64M, Empty: 48M, Relocated: 0M, In-Place: 0
[2026-04-03T02:22:26.251+0600][97.259s][info][gc,reloc    ] GC(304) Large Pages: 6 / 34M, Empty: 30M, Relocated: 0M, In-Place: 0
[2026-04-03T02:22:26.251+0600][97.259s][info][gc,reloc    ] GC(304) Forwarding Usage: 0M
[2026-04-03T02:22:26.251+0600][97.259s][info][gc,heap     ] GC(304) Min Capacity: 8M(1%)
[2026-04-03T02:22:26.251+0600][97.259s][info][gc,heap     ] GC(304) Max Capacity: 1000M(100%)
[2026-04-03T02:22:26.251+0600][97.259s][info][gc,heap     ] GC(304) Soft Max Capacity: 1000M(100%)
[2026-04-03T02:22:26.251+0600][97.259s][info][gc,heap     ] GC(304)                Mark Start          Mark End        Relocate Start      Relocate End           High               Low         
[2026-04-03T02:22:26.251+0600][97.259s][info][gc,heap     ] GC(304)  Capacity:     1000M (100%)       1000M (100%)       1000M (100%)       1000M (100%)       1000M (100%)       1000M (100%)   
[2026-04-03T02:22:26.251+0600][97.259s][info][gc,heap     ] GC(304)      Free:      614M (61%)         444M (44%)         538M (54%)         646M (65%)         646M (65%)         404M (40%)    
[2026-04-03T02:22:26.251+0600][97.259s][info][gc,heap     ] GC(304)      Used:      386M (39%)         556M (56%)         462M (46%)         354M (35%)         596M (60%)         354M (35%)    
[2026-04-03T02:22:26.251+0600][97.259s][info][gc,heap     ] GC(304)      Live:         -               110M (11%)         110M (11%)         110M (11%)            -                  -          
[2026-04-03T02:22:26.251+0600][97.259s][info][gc,heap     ] GC(304) Allocated:         -               170M (17%)         210M (21%)         216M (22%)            -                  -          
[2026-04-03T02:22:26.251+0600][97.259s][info][gc,heap     ] GC(304)   Garbage:         -               275M (28%)         141M (14%)          27M (3%)             -                  -          
[2026-04-03T02:22:26.251+0600][97.259s][info][gc,heap     ] GC(304) Reclaimed:         -                  -               134M (13%)         248M (25%)            -                  -          
[2026-04-03T02:22:26.251+0600][97.259s][info][gc          ] GC(304) Garbage Collection (Allocation Rate) 386M(39%)->354M(35%)
[2026-04-03T02:22:26.295+0600][97.303s][info][gc,start    ] GC(305) Garbage Collection (Allocation Rate)
[2026-04-03T02:22:26.295+0600][97.303s][info][gc,task     ] GC(305) Using 3 workers
[2026-04-03T02:22:26.296+0600][97.304s][info][gc,phases   ] GC(305) Pause Mark Start 0.012ms
[2026-04-03T02:22:26.423+0600][97.431s][info][gc,phases   ] GC(305) Concurrent Mark 126.908ms
[2026-04-03T02:22:26.423+0600][97.431s][info][gc,phases   ] GC(305) Pause Mark End 0.035ms
[2026-04-03T02:22:26.423+0600][97.431s][info][gc,phases   ] GC(305) Concurrent Mark Free 0.004ms
[2026-04-03T02:22:26.449+0600][97.457s][info][gc,phases   ] GC(305) Concurrent Process Non-Strong References 25.187ms
[2026-04-03T02:22:26.449+0600][97.457s][info][gc,phases   ] GC(305) Concurrent Reset Relocation Set 0.007ms
[2026-04-03T02:22:26.452+0600][97.460s][info][gc,phases   ] GC(305) Concurrent Select Relocation Set 3.366ms
[2026-04-03T02:22:26.452+0600][97.461s][info][gc,phases   ] GC(305) Pause Relocate Start 0.015ms
[2026-04-03T02:22:26.455+0600][97.463s][info][gc,phases   ] GC(305) Concurrent Relocate 2.216ms
[2026-04-03T02:22:26.455+0600][97.463s][info][gc,load     ] GC(305) Load: 7.30/6.57/6.00
[2026-04-03T02:22:26.455+0600][97.463s][info][gc,mmu      ] GC(305) MMU: 2ms/90.1%, 5ms/96.1%, 10ms/98.0%, 20ms/99.0%, 50ms/99.6%, 100ms/99.7%
[2026-04-03T02:22:26.455+0600][97.463s][info][gc,marking  ] GC(305) Mark: 2 stripe(s), 2 proactive flush(es), 1 terminate flush(es), 0 completion(s), 0 continuation(s) 
[2026-04-03T02:22:26.455+0600][97.463s][info][gc,marking  ] GC(305) Mark Stack Usage: 32M
[2026-04-03T02:22:26.455+0600][97.463s][info][gc,nmethod  ] GC(305) NMethods: 15494 registered, 2710 unregistered
[2026-04-03T02:22:26.455+0600][97.463s][info][gc,metaspace] GC(305) Metaspace: 128M used, 129M committed, 1152M reserved
[2026-04-03T02:22:26.455+0600][97.463s][info][gc,ref      ] GC(305) Soft: 3300 encountered, 0 discovered, 0 enqueued
[2026-04-03T02:22:26.455+0600][97.463s][info][gc,ref      ] GC(305) Weak: 15554 encountered, 3938 discovered, 11 enqueued
[2026-04-03T02:22:26.455+0600][97.463s][info][gc,ref      ] GC(305) Final: 84 encountered, 0 discovered, 0 enqueued
[2026-04-03T02:22:26.455+0600][97.463s][info][gc,ref      ] GC(305) Phantom: 620 encountered, 445 discovered, 0 enqueued
[2026-04-03T02:22:26.455+0600][97.463s][info][gc,reloc    ] GC(305) Small Pages: 147 / 294M, Empty: 36M, Relocated: 2M, In-Place: 0
[2026-04-03T02:22:26.455+0600][97.463s][info][gc,reloc    ] GC(305) Medium Pages: 4 / 64M, Empty: 48M, Relocated: 0M, In-Place: 0
[2026-04-03T02:22:26.455+0600][97.463s][info][gc,reloc    ] GC(305) Large Pages: 6 / 34M, Empty: 30M, Relocated: 0M, In-Place: 0
[2026-04-03T02:22:26.455+0600][97.463s][info][gc,reloc    ] GC(305) Forwarding Usage: 0M
[2026-04-03T02:22:26.455+0600][97.463s][info][gc,heap     ] GC(305) Min Capacity: 8M(1%)
[2026-04-03T02:22:26.455+0600][97.463s][info][gc,heap     ] GC(305) Max Capacity: 1000M(100%)
[2026-04-03T02:22:26.455+0600][97.463s][info][gc,heap     ] GC(305) Soft Max Capacity: 1000M(100%)
[2026-04-03T02:22:26.455+0600][97.463s][info][gc,heap     ] GC(305)                Mark Start          Mark End        Relocate Start      Relocate End           High               Low         
[2026-04-03T02:22:26.455+0600][97.463s][info][gc,heap     ] GC(305)  Capacity:     1000M (100%)       1000M (100%)       1000M (100%)       1000M (100%)       1000M (100%)       1000M (100%)   
[2026-04-03T02:22:26.455+0600][97.463s][info][gc,heap     ] GC(305)      Free:      608M (61%)         416M (42%)         488M (49%)         626M (63%)         626M (63%)         374M (37%)    
[2026-04-03T02:22:26.455+0600][97.463s][info][gc,heap     ] GC(305)      Used:      392M (39%)         584M (58%)         512M (51%)         374M (37%)         626M (63%)         374M (37%)    
[2026-04-03T02:22:26.455+0600][97.463s][info][gc,heap     ] GC(305)      Live:         -               109M (11%)         109M (11%)         109M (11%)            -                  -          
[2026-04-03T02:22:26.455+0600][97.463s][info][gc,heap     ] GC(305) Allocated:         -               192M (19%)         234M (23%)         239M (24%)            -                  -          
[2026-04-03T02:22:26.455+0600][97.464s][info][gc,heap     ] GC(305)   Garbage:         -               282M (28%)         168M (17%)          24M (2%)             -                  -          
[2026-04-03T02:22:26.455+0600][97.464s][info][gc,heap     ] GC(305) Reclaimed:         -                  -               114M (11%)         257M (26%)            -                  -          
[2026-04-03T02:22:26.455+0600][97.464s][info][gc          ] GC(305) Garbage Collection (Allocation Rate) 392M(39%)->374M(37%)
[2026-04-03T02:22:26.496+0600][97.504s][info][gc,start    ] GC(306) Garbage Collection (Allocation Rate)
[2026-04-03T02:22:26.496+0600][97.504s][info][gc,task     ] GC(306) Using 3 workers
[2026-04-03T02:22:26.496+0600][97.504s][info][gc,phases   ] GC(306) Pause Mark Start 0.009ms
[2026-04-03T02:22:26.595+0600][97.603s][info][gc,phases   ] GC(306) Concurrent Mark 98.664ms
[2026-04-03T02:22:26.595+0600][97.603s][info][gc,phases   ] GC(306) Pause Mark End 0.060ms
[2026-04-03T02:22:26.595+0600][97.603s][info][gc,phases   ] GC(306) Concurrent Mark Free 0.002ms
[2026-04-03T02:22:26.610+0600][97.618s][info][gc,phases   ] GC(306) Concurrent Process Non-Strong References 15.036ms
[2026-04-03T02:22:26.610+0600][97.618s][info][gc,phases   ] GC(306) Concurrent Reset Relocation Set 0.010ms
[2026-04-03T02:22:26.613+0600][97.621s][info][gc,phases   ] GC(306) Concurrent Select Relocation Set 2.684ms
[2026-04-03T02:22:26.613+0600][97.621s][info][gc,phases   ] GC(306) Pause Relocate Start 0.013ms
[2026-04-03T02:22:26.614+0600][97.622s][info][gc,phases   ] GC(306) Concurrent Relocate 0.998ms
[2026-04-03T02:22:26.614+0600][97.622s][info][gc,load     ] GC(306) Load: 7.30/6.57/6.00
[2026-04-03T02:22:26.614+0600][97.622s][info][gc,mmu      ] GC(306) MMU: 2ms/90.1%, 5ms/96.1%, 10ms/98.0%, 20ms/99.0%, 50ms/99.6%, 100ms/99.7%
[2026-04-03T02:22:26.614+0600][97.622s][info][gc,marking  ] GC(306) Mark: 2 stripe(s), 2 proactive flush(es), 1 terminate flush(es), 0 completion(s), 0 continuation(s) 
[2026-04-03T02:22:26.614+0600][97.622s][info][gc,marking  ] GC(306) Mark Stack Usage: 32M
[2026-04-03T02:22:26.614+0600][97.622s][info][gc,nmethod  ] GC(306) NMethods: 15494 registered, 2710 unregistered
[2026-04-03T02:22:26.614+0600][97.622s][info][gc,metaspace] GC(306) Metaspace: 128M used, 129M committed, 1152M reserved
[2026-04-03T02:22:26.614+0600][97.622s][info][gc,ref      ] GC(306) Soft: 3292 encountered, 0 discovered, 0 enqueued
[2026-04-03T02:22:26.614+0600][97.622s][info][gc,ref      ] GC(306) Weak: 15826 encountered, 5991 discovered, 1412 enqueued
[2026-04-03T02:22:26.614+0600][97.622s][info][gc,ref      ] GC(306) Final: 84 encountered, 0 discovered, 0 enqueued
[2026-04-03T02:22:26.614+0600][97.622s][info][gc,ref      ] GC(306) Phantom: 620 encountered, 594 discovered, 0 enqueued
[2026-04-03T02:22:26.614+0600][97.622s][info][gc,reloc    ] GC(306) Small Pages: 161 / 322M, Empty: 64M, Relocated: 0M, In-Place: 0
[2026-04-03T02:22:26.614+0600][97.622s][info][gc,reloc    ] GC(306) Medium Pages: 4 / 64M, Empty: 48M, Relocated: 0M, In-Place: 0
[2026-04-03T02:22:26.614+0600][97.622s][info][gc,reloc    ] GC(306) Large Pages: 5 / 28M, Empty: 24M, Relocated: 0M, In-Place: 0
[2026-04-03T02:22:26.614+0600][97.622s][info][gc,reloc    ] GC(306) Forwarding Usage: 0M
[2026-04-03T02:22:26.614+0600][97.622s][info][gc,heap     ] GC(306) Min Capacity: 8M(1%)
[2026-04-03T02:22:26.614+0600][97.622s][info][gc,heap     ] GC(306) Max Capacity: 1000M(100%)
[2026-04-03T02:22:26.614+0600][97.622s][info][gc,heap     ] GC(306) Soft Max Capacity: 1000M(100%)
[2026-04-03T02:22:26.614+0600][97.623s][info][gc,heap     ] GC(306)                Mark Start          Mark End        Relocate Start      Relocate End           High               Low         
[2026-04-03T02:22:26.614+0600][97.623s][info][gc,heap     ] GC(306)  Capacity:     1000M (100%)       1000M (100%)       1000M (100%)       1000M (100%)       1000M (100%)       1000M (100%)   
[2026-04-03T02:22:26.614+0600][97.623s][info][gc,heap     ] GC(306)      Free:      586M (59%)         452M (45%)         574M (57%)         716M (72%)         716M (72%)         438M (44%)    
[2026-04-03T02:22:26.614+0600][97.623s][info][gc,heap     ] GC(306)      Used:      414M (41%)         548M (55%)         426M (43%)         284M (28%)         562M (56%)         284M (28%)    
[2026-04-03T02:22:26.614+0600][97.623s][info][gc,heap     ] GC(306)      Live:         -               107M (11%)         107M (11%)         107M (11%)            -                  -          
[2026-04-03T02:22:26.615+0600][97.623s][info][gc,heap     ] GC(306) Allocated:         -               134M (13%)         148M (15%)         147M (15%)            -                  -          
[2026-04-03T02:22:26.615+0600][97.623s][info][gc,heap     ] GC(306)   Garbage:         -               306M (31%)         170M (17%)          28M (3%)             -                  -          
[2026-04-03T02:22:26.615+0600][97.623s][info][gc,heap     ] GC(306) Reclaimed:         -                  -               136M (14%)         277M (28%)            -                  -          
[2026-04-03T02:22:26.615+0600][97.623s][info][gc          ] GC(306) Garbage Collection (Allocation Rate) 414M(41%)->284M(28%)
[2026-04-03T02:22:26.696+0600][97.704s][info][gc,start    ] GC(307) Garbage Collection (Allocation Rate)
[2026-04-03T02:22:26.696+0600][97.704s][info][gc,task     ] GC(307) Using 3 workers
[2026-04-03T02:22:26.696+0600][97.704s][info][gc,phases   ] GC(307) Pause Mark Start 0.014ms
[2026-04-03T02:22:26.818+0600][97.826s][info][gc,phases   ] GC(307) Concurrent Mark 121.811ms
[2026-04-03T02:22:26.818+0600][97.826s][info][gc,phases   ] GC(307) Pause Mark End 0.034ms
[2026-04-03T02:22:26.818+0600][97.826s][info][gc,phases   ] GC(307) Concurrent Mark Free 0.002ms
[2026-04-03T02:22:26.870+0600][97.878s][info][gc,phases   ] GC(307) Concurrent Process Non-Strong References 51.923ms
[2026-04-03T02:22:26.870+0600][97.878s][info][gc,phases   ] GC(307) Concurrent Reset Relocation Set 0.009ms
[2026-04-03T02:22:26.876+0600][97.884s][info][gc,phases   ] GC(307) Concurrent Select Relocation Set 5.127ms
[2026-04-03T02:22:26.876+0600][97.884s][info][gc,phases   ] GC(307) Pause Relocate Start 0.017ms
[2026-04-03T02:22:26.880+0600][97.888s][info][gc,phases   ] GC(307) Concurrent Relocate 4.097ms
[2026-04-03T02:22:26.880+0600][97.888s][info][gc,load     ] GC(307) Load: 7.30/6.57/6.00
[2026-04-03T02:22:26.880+0600][97.888s][info][gc,mmu      ] GC(307) MMU: 2ms/90.1%, 5ms/96.1%, 10ms/98.0%, 20ms/99.0%, 50ms/99.6%, 100ms/99.7%
[2026-04-03T02:22:26.880+0600][97.888s][info][gc,marking  ] GC(307) Mark: 2 stripe(s), 2 proactive flush(es), 1 terminate flush(es), 0 completion(s), 0 continuation(s) 
[2026-04-03T02:22:26.880+0600][97.888s][info][gc,marking  ] GC(307) Mark Stack Usage: 32M
[2026-04-03T02:22:26.880+0600][97.888s][info][gc,nmethod  ] GC(307) NMethods: 15495 registered, 2711 unregistered
[2026-04-03T02:22:26.880+0600][97.888s][info][gc,metaspace] GC(307) Metaspace: 128M used, 129M committed, 1152M reserved
[2026-04-03T02:22:26.880+0600][97.888s][info][gc,ref      ] GC(307) Soft: 3367 encountered, 0 discovered, 0 enqueued
[2026-04-03T02:22:26.880+0600][97.888s][info][gc,ref      ] GC(307) Weak: 15065 encountered, 4480 discovered, 329 enqueued
[2026-04-03T02:22:26.880+0600][97.888s][info][gc,ref      ] GC(307) Final: 84 encountered, 0 discovered, 0 enqueued
[2026-04-03T02:22:26.880+0600][97.888s][info][gc,ref      ] GC(307) Phantom: 620 encountered, 514 discovered, 0 enqueued
[2026-04-03T02:22:26.880+0600][97.888s][info][gc,reloc    ] GC(307) Small Pages: 139 / 278M, Empty: 2M, Relocated: 3M, In-Place: 0
[2026-04-03T02:22:26.880+0600][97.888s][info][gc,reloc    ] GC(307) Medium Pages: 3 / 48M, Empty: 32M, Relocated: 0M, In-Place: 0
[2026-04-03T02:22:26.880+0600][97.888s][info][gc,reloc    ] GC(307) Large Pages: 8 / 46M, Empty: 42M, Relocated: 0M, In-Place: 0
[2026-04-03T02:22:26.880+0600][97.888s][info][gc,reloc    ] GC(307) Forwarding Usage: 1M
[2026-04-03T02:22:26.880+0600][97.888s][info][gc,heap     ] GC(307) Min Capacity: 8M(1%)
[2026-04-03T02:22:26.880+0600][97.888s][info][gc,heap     ] GC(307) Max Capacity: 1000M(100%)
[2026-04-03T02:22:26.880+0600][97.888s][info][gc,heap     ] GC(307) Soft Max Capacity: 1000M(100%)
[2026-04-03T02:22:26.880+0600][97.888s][info][gc,heap     ] GC(307)                Mark Start          Mark End        Relocate Start      Relocate End           High               Low         
[2026-04-03T02:22:26.880+0600][97.888s][info][gc,heap     ] GC(307)  Capacity:     1000M (100%)       1000M (100%)       1000M (100%)       1000M (100%)       1000M (100%)       1000M (100%)   
[2026-04-03T02:22:26.880+0600][97.888s][info][gc,heap     ] GC(307)      Free:      628M (63%)         464M (46%)         452M (45%)         610M (61%)         628M (63%)         378M (38%)    
[2026-04-03T02:22:26.880+0600][97.888s][info][gc,heap     ] GC(307)      Used:      372M (37%)         536M (54%)         548M (55%)         390M (39%)         622M (62%)         372M (37%)    
[2026-04-03T02:22:26.880+0600][97.888s][info][gc,heap     ] GC(307)      Live:         -               109M (11%)         109M (11%)         109M (11%)            -                  -          
[2026-04-03T02:22:26.880+0600][97.888s][info][gc,heap     ] GC(307) Allocated:         -               164M (16%)         252M (25%)         253M (25%)            -                  -          
[2026-04-03T02:22:26.880+0600][97.888s][info][gc,heap     ] GC(307)   Garbage:         -               262M (26%)         186M (19%)          26M (3%)             -                  -          
[2026-04-03T02:22:26.880+0600][97.888s][info][gc,heap     ] GC(307) Reclaimed:         -                  -                76M (8%)          235M (24%)            -                  -          
[2026-04-03T02:22:26.880+0600][97.888s][info][gc          ] GC(307) Garbage Collection (Allocation Rate) 372M(37%)->390M(39%)
[2026-04-03T02:22:26.896+0600][97.904s][info][gc,start    ] GC(308) Garbage Collection (Allocation Rate)
[2026-04-03T02:22:26.896+0600][97.904s][info][gc,task     ] GC(308) Using 3 workers
[2026-04-03T02:22:26.896+0600][97.904s][info][gc,phases   ] GC(308) Pause Mark Start 0.021ms
[2026-04-03T02:22:27.030+0600][98.038s][info][gc,phases   ] GC(308) Concurrent Mark 133.236ms
[2026-04-03T02:22:27.030+0600][98.038s][info][gc,phases   ] GC(308) Pause Mark End 0.030ms
[2026-04-03T02:22:27.030+0600][98.038s][info][gc,phases   ] GC(308) Concurrent Mark Free 0.002ms
[2026-04-03T02:22:27.046+0600][98.054s][info][gc,phases   ] GC(308) Concurrent Process Non-Strong References 15.620ms
[2026-04-03T02:22:27.046+0600][98.054s][info][gc,phases   ] GC(308) Concurrent Reset Relocation Set 0.010ms
[2026-04-03T02:22:27.050+0600][98.058s][info][gc,phases   ] GC(308) Concurrent Select Relocation Set 3.883ms
[2026-04-03T02:22:27.050+0600][98.058s][info][gc,phases   ] GC(308) Pause Relocate Start 0.013ms
[2026-04-03T02:22:27.054+0600][98.062s][info][gc,phases   ] GC(308) Concurrent Relocate 3.927ms
[2026-04-03T02:22:27.054+0600][98.063s][info][gc,load     ] GC(308) Load: 7.30/6.57/6.00
[2026-04-03T02:22:27.054+0600][98.063s][info][gc,mmu      ] GC(308) MMU: 2ms/90.1%, 5ms/96.1%, 10ms/98.0%, 20ms/99.0%, 50ms/99.6%, 100ms/99.7%
[2026-04-03T02:22:27.054+0600][98.063s][info][gc,marking  ] GC(308) Mark: 2 stripe(s), 2 proactive flush(es), 1 terminate flush(es), 0 completion(s), 0 continuation(s) 
[2026-04-03T02:22:27.054+0600][98.063s][info][gc,marking  ] GC(308) Mark Stack Usage: 32M
[2026-04-03T02:22:27.054+0600][98.063s][info][gc,nmethod  ] GC(308) NMethods: 15497 registered, 2711 unregistered
[2026-04-03T02:22:27.054+0600][98.063s][info][gc,metaspace] GC(308) Metaspace: 128M used, 129M committed, 1152M reserved
[2026-04-03T02:22:27.054+0600][98.063s][info][gc,ref      ] GC(308) Soft: 3370 encountered, 0 discovered, 0 enqueued
[2026-04-03T02:22:27.054+0600][98.063s][info][gc,ref      ] GC(308) Weak: 14799 encountered, 3437 discovered, 8 enqueued
[2026-04-03T02:22:27.054+0600][98.063s][info][gc,ref      ] GC(308) Final: 84 encountered, 1 discovered, 0 enqueued
[2026-04-03T02:22:27.055+0600][98.063s][info][gc,ref      ] GC(308) Phantom: 620 encountered, 454 discovered, 0 enqueued
[2026-04-03T02:22:27.055+0600][98.063s][info][gc,reloc    ] GC(308) Small Pages: 185 / 370M, Empty: 130M, Relocated: 5M, In-Place: 0
[2026-04-03T02:22:27.055+0600][98.063s][info][gc,reloc    ] GC(308) Medium Pages: 2 / 32M, Empty: 16M, Relocated: 0M, In-Place: 0
[2026-04-03T02:22:27.055+0600][98.063s][info][gc,reloc    ] GC(308) Large Pages: 2 / 10M, Empty: 6M, Relocated: 0M, In-Place: 0
[2026-04-03T02:22:27.055+0600][98.063s][info][gc,reloc    ] GC(308) Forwarding Usage: 1M
[2026-04-03T02:22:27.055+0600][98.063s][info][gc,heap     ] GC(308) Min Capacity: 8M(1%)
[2026-04-03T02:22:27.055+0600][98.063s][info][gc,heap     ] GC(308) Max Capacity: 1000M(100%)
[2026-04-03T02:22:27.055+0600][98.063s][info][gc,heap     ] GC(308) Soft Max Capacity: 1000M(100%)
[2026-04-03T02:22:27.055+0600][98.063s][info][gc,heap     ] GC(308)                Mark Start          Mark End        Relocate Start      Relocate End           High               Low         
[2026-04-03T02:22:27.055+0600][98.063s][info][gc,heap     ] GC(308)  Capacity:     1000M (100%)       1000M (100%)       1000M (100%)       1000M (100%)       1000M (100%)       1000M (100%)   
[2026-04-03T02:22:27.055+0600][98.063s][info][gc,heap     ] GC(308)      Free:      588M (59%)         404M (40%)         550M (55%)         674M (67%)         674M (67%)         400M (40%)    
[2026-04-03T02:22:27.055+0600][98.063s][info][gc,heap     ] GC(308)      Used:      412M (41%)         596M (60%)         450M (45%)         326M (33%)         600M (60%)         326M (33%)    
[2026-04-03T02:22:27.055+0600][98.063s][info][gc,heap     ] GC(308)      Live:         -               111M (11%)         111M (11%)         111M (11%)            -                  -          
[2026-04-03T02:22:27.055+0600][98.063s][info][gc,heap     ] GC(308) Allocated:         -               184M (18%)         190M (19%)         190M (19%)            -                  -          
[2026-04-03T02:22:27.055+0600][98.063s][info][gc,heap     ] GC(308)   Garbage:         -               300M (30%)         148M (15%)          24M (2%)             -                  -          
[2026-04-03T02:22:27.055+0600][98.063s][info][gc,heap     ] GC(308) Reclaimed:         -                  -               152M (15%)         276M (28%)            -                  -          
[2026-04-03T02:22:27.055+0600][98.063s][info][gc          ] GC(308) Garbage Collection (Allocation Rate) 412M(41%)->326M(33%)
[2026-04-03T02:22:27.096+0600][98.104s][info][gc,start    ] GC(309) Garbage Collection (Allocation Rate)
[2026-04-03T02:22:27.096+0600][98.104s][info][gc,task     ] GC(309) Using 3 workers
[2026-04-03T02:22:27.096+0600][98.105s][info][gc,phases   ] GC(309) Pause Mark Start 0.011ms
[2026-04-03T02:22:27.211+0600][98.219s][info][gc,phases   ] GC(309) Concurrent Mark 114.112ms
[2026-04-03T02:22:27.211+0600][98.219s][info][gc,phases   ] GC(309) Pause Mark End 0.042ms
[2026-04-03T02:22:27.211+0600][98.219s][info][gc,phases   ] GC(309) Concurrent Mark Free 0.003ms
[2026-04-03T02:22:27.235+0600][98.243s][info][gc,phases   ] GC(309) Concurrent Process Non-Strong References 23.842ms
[2026-04-03T02:22:27.235+0600][98.243s][info][gc,phases   ] GC(309) Concurrent Reset Relocation Set 0.008ms
[2026-04-03T02:22:27.240+0600][98.248s][info][gc,phases   ] GC(309) Concurrent Select Relocation Set 5.163ms
[2026-04-03T02:22:27.241+0600][98.249s][info][gc,phases   ] GC(309) Pause Relocate Start 0.017ms
[2026-04-03T02:22:27.250+0600][98.258s][info][gc,phases   ] GC(309) Concurrent Relocate 9.120ms
[2026-04-03T02:22:27.250+0600][98.258s][info][gc,load     ] GC(309) Load: 7.30/6.57/6.00
[2026-04-03T02:22:27.250+0600][98.258s][info][gc,mmu      ] GC(309) MMU: 2ms/90.1%, 5ms/96.1%, 10ms/98.0%, 20ms/99.0%, 50ms/99.6%, 100ms/99.7%
[2026-04-03T02:22:27.250+0600][98.258s][info][gc,marking  ] GC(309) Mark: 2 stripe(s), 3 proactive flush(es), 1 terminate flush(es), 0 completion(s), 0 continuation(s) 
[2026-04-03T02:22:27.250+0600][98.258s][info][gc,marking  ] GC(309) Mark Stack Usage: 32M
[2026-04-03T02:22:27.250+0600][98.258s][info][gc,nmethod  ] GC(309) NMethods: 15496 registered, 2713 unregistered
[2026-04-03T02:22:27.250+0600][98.258s][info][gc,metaspace] GC(309) Metaspace: 128M used, 129M committed, 1152M reserved
[2026-04-03T02:22:27.250+0600][98.258s][info][gc,ref      ] GC(309) Soft: 3382 encountered, 0 discovered, 0 enqueued
[2026-04-03T02:22:27.250+0600][98.258s][info][gc,ref      ] GC(309) Weak: 15200 encountered, 2415 discovered, 487 enqueued
[2026-04-03T02:22:27.250+0600][98.258s][info][gc,ref      ] GC(309) Final: 84 encountered, 0 discovered, 0 enqueued
[2026-04-03T02:22:27.250+0600][98.258s][info][gc,ref      ] GC(309) Phantom: 620 encountered, 389 discovered, 0 enqueued
[2026-04-03T02:22:27.250+0600][98.258s][info][gc,reloc    ] GC(309) Small Pages: 158 / 316M, Empty: 118M, Relocated: 8M, In-Place: 0
[2026-04-03T02:22:27.250+0600][98.258s][info][gc,reloc    ] GC(309) Medium Pages: 3 / 48M, Empty: 32M, Relocated: 0M, In-Place: 0
[2026-04-03T02:22:27.250+0600][98.258s][info][gc,reloc    ] GC(309) Large Pages: 6 / 34M, Empty: 30M, Relocated: 0M, In-Place: 0
[2026-04-03T02:22:27.250+0600][98.258s][info][gc,reloc    ] GC(309) Forwarding Usage: 2M
[2026-04-03T02:22:27.250+0600][98.258s][info][gc,heap     ] GC(309) Min Capacity: 8M(1%)
[2026-04-03T02:22:27.250+0600][98.258s][info][gc,heap     ] GC(309) Max Capacity: 1000M(100%)
[2026-04-03T02:22:27.250+0600][98.258s][info][gc,heap     ] GC(309) Soft Max Capacity: 1000M(100%)
[2026-04-03T02:22:27.250+0600][98.258s][info][gc,heap     ] GC(309)                Mark Start          Mark End        Relocate Start      Relocate End           High               Low         
[2026-04-03T02:22:27.250+0600][98.258s][info][gc,heap     ] GC(309)  Capacity:     1000M (100%)       1000M (100%)       1000M (100%)       1000M (100%)       1000M (100%)       1000M (100%)   
[2026-04-03T02:22:27.250+0600][98.258s][info][gc,heap     ] GC(309)      Free:      602M (60%)         454M (45%)         586M (59%)         650M (65%)         658M (66%)         416M (42%)    
[2026-04-03T02:22:27.250+0600][98.258s][info][gc,heap     ] GC(309)      Used:      398M (40%)         546M (55%)         414M (41%)         350M (35%)         584M (58%)         342M (34%)    
[2026-04-03T02:22:27.250+0600][98.258s][info][gc,heap     ] GC(309)      Live:         -               110M (11%)         110M (11%)         110M (11%)            -                  -          
[2026-04-03T02:22:27.250+0600][98.258s][info][gc,heap     ] GC(309) Allocated:         -               148M (15%)         196M (20%)         213M (21%)            -                  -          
[2026-04-03T02:22:27.250+0600][98.258s][info][gc,heap     ] GC(309)   Garbage:         -               287M (29%)         107M (11%)          25M (3%)             -                  -          
[2026-04-03T02:22:27.250+0600][98.258s][info][gc,heap     ] GC(309) Reclaimed:         -                  -               180M (18%)         261M (26%)            -                  -          
[2026-04-03T02:22:27.250+0600][98.258s][info][gc          ] GC(309) Garbage Collection (Allocation Rate) 398M(40%)->350M(35%)
[2026-04-03T02:22:27.396+0600][98.404s][info][gc,start    ] GC(310) Garbage Collection (Allocation Rate)
[2026-04-03T02:22:27.396+0600][98.404s][info][gc,task     ] GC(310) Using 3 workers
[2026-04-03T02:22:27.396+0600][98.404s][info][gc,phases   ] GC(310) Pause Mark Start 0.011ms
[2026-04-03T02:22:27.483+0600][98.491s][info][gc,phases   ] GC(310) Concurrent Mark 86.531ms
[2026-04-03T02:22:27.483+0600][98.491s][info][gc,phases   ] GC(310) Pause Mark End 0.044ms
[2026-04-03T02:22:27.483+0600][98.491s][info][gc,phases   ] GC(310) Concurrent Mark Free 0.001ms
[2026-04-03T02:22:27.500+0600][98.508s][info][gc,phases   ] GC(310) Concurrent Process Non-Strong References 17.029ms
[2026-04-03T02:22:27.500+0600][98.509s][info][gc,phases   ] GC(310) Concurrent Reset Relocation Set 0.010ms
[2026-04-03T02:22:27.505+0600][98.513s][info][gc,phases   ] GC(310) Concurrent Select Relocation Set 4.806ms
[2026-04-03T02:22:27.506+0600][98.514s][info][gc,phases   ] GC(310) Pause Relocate Start 0.018ms
[2026-04-03T02:22:27.509+0600][98.517s][info][gc,phases   ] GC(310) Concurrent Relocate 3.667ms
[2026-04-03T02:22:27.509+0600][98.517s][info][gc,load     ] GC(310) Load: 7.30/6.57/6.00
[2026-04-03T02:22:27.509+0600][98.517s][info][gc,mmu      ] GC(310) MMU: 2ms/90.1%, 5ms/96.1%, 10ms/98.0%, 20ms/99.0%, 50ms/99.6%, 100ms/99.7%
[2026-04-03T02:22:27.509+0600][98.518s][info][gc,marking  ] GC(310) Mark: 2 stripe(s), 2 proactive flush(es), 1 terminate flush(es), 0 completion(s), 0 continuation(s) 
[2026-04-03T02:22:27.509+0600][98.518s][info][gc,marking  ] GC(310) Mark Stack Usage: 32M
[2026-04-03T02:22:27.509+0600][98.518s][info][gc,nmethod  ] GC(310) NMethods: 15497 registered, 2713 unregistered
[2026-04-03T02:22:27.510+0600][98.518s][info][gc,metaspace] GC(310) Metaspace: 128M used, 129M committed, 1152M reserved
[2026-04-03T02:22:27.510+0600][98.518s][info][gc,ref      ] GC(310) Soft: 3400 encountered, 0 discovered, 0 enqueued
[2026-04-03T02:22:27.510+0600][98.518s][info][gc,ref      ] GC(310) Weak: 14946 encountered, 2884 discovered, 377 enqueued
[2026-04-03T02:22:27.510+0600][98.518s][info][gc,ref      ] GC(310) Final: 84 encountered, 0 discovered, 0 enqueued
[2026-04-03T02:22:27.510+0600][98.518s][info][gc,ref      ] GC(310) Phantom: 620 encountered, 407 discovered, 0 enqueued
[2026-04-03T02:22:27.510+0600][98.518s][info][gc,reloc    ] GC(310) Small Pages: 268 / 536M, Empty: 250M, Relocated: 4M, In-Place: 0
[2026-04-03T02:22:27.510+0600][98.518s][info][gc,reloc    ] GC(310) Medium Pages: 3 / 48M, Empty: 32M, Relocated: 0M, In-Place: 0
[2026-04-03T02:22:27.510+0600][98.518s][info][gc,reloc    ] GC(310) Large Pages: 4 / 22M, Empty: 18M, Relocated: 0M, In-Place: 0
[2026-04-03T02:22:27.510+0600][98.518s][info][gc,reloc    ] GC(310) Forwarding Usage: 1M
[2026-04-03T02:22:27.510+0600][98.518s][info][gc,heap     ] GC(310) Min Capacity: 8M(1%)
[2026-04-03T02:22:27.510+0600][98.518s][info][gc,heap     ] GC(310) Max Capacity: 1000M(100%)
[2026-04-03T02:22:27.510+0600][98.518s][info][gc,heap     ] GC(310) Soft Max Capacity: 1000M(100%)
[2026-04-03T02:22:27.510+0600][98.518s][info][gc,heap     ] GC(310)                Mark Start          Mark End        Relocate Start      Relocate End           High               Low         
[2026-04-03T02:22:27.510+0600][98.518s][info][gc,heap     ] GC(310)  Capacity:     1000M (100%)       1000M (100%)       1000M (100%)       1000M (100%)       1000M (100%)       1000M (100%)   
[2026-04-03T02:22:27.510+0600][98.518s][info][gc,heap     ] GC(310)      Free:      394M (39%)         326M (33%)         584M (58%)         760M (76%)         760M (76%)         308M (31%)    
[2026-04-03T02:22:27.510+0600][98.518s][info][gc,heap     ] GC(310)      Used:      606M (61%)         674M (67%)         416M (42%)         240M (24%)         692M (69%)         240M (24%)    
[2026-04-03T02:22:27.510+0600][98.518s][info][gc,heap     ] GC(310)      Live:         -               104M (10%)         104M (10%)         104M (10%)            -                  -          
[2026-04-03T02:22:27.510+0600][98.518s][info][gc,heap     ] GC(310) Allocated:         -                68M (7%)          110M (11%)         109M (11%)            -                  -          
[2026-04-03T02:22:27.510+0600][98.518s][info][gc,heap     ] GC(310)   Garbage:         -               501M (50%)         201M (20%)          25M (3%)             -                  -          
[2026-04-03T02:22:27.510+0600][98.518s][info][gc,heap     ] GC(310) Reclaimed:         -                  -               300M (30%)         475M (48%)            -                  -          
[2026-04-03T02:22:27.510+0600][98.518s][info][gc          ] GC(310) Garbage Collection (Allocation Rate) 606M(61%)->240M(24%)
[2026-04-03T02:22:27.795+0600][98.803s][info][gc,start    ] GC(311) Garbage Collection (Allocation Rate)
[2026-04-03T02:22:27.795+0600][98.804s][info][gc,task     ] GC(311) Using 2 workers
[2026-04-03T02:22:27.796+0600][98.804s][info][gc,phases   ] GC(311) Pause Mark Start 0.015ms
[2026-04-03T02:22:27.881+0600][98.889s][info][gc,phases   ] GC(311) Concurrent Mark 85.546ms
[2026-04-03T02:22:27.882+0600][98.890s][info][gc,phases   ] GC(311) Pause Mark End 0.024ms
[2026-04-03T02:22:27.882+0600][98.890s][info][gc,phases   ] GC(311) Concurrent Mark Free 0.001ms
[2026-04-03T02:22:27.926+0600][98.934s][info][gc,phases   ] GC(311) Concurrent Process Non-Strong References 44.728ms
[2026-04-03T02:22:27.926+0600][98.935s][info][gc,phases   ] GC(311) Concurrent Reset Relocation Set 0.008ms
[2026-04-03T02:22:27.931+0600][98.939s][info][gc,phases   ] GC(311) Concurrent Select Relocation Set 4.324ms
[2026-04-03T02:22:27.931+0600][98.939s][info][gc,phases   ] GC(311) Pause Relocate Start 0.012ms
[2026-04-03T02:22:27.937+0600][98.945s][info][gc,phases   ] GC(311) Concurrent Relocate 6.080ms
[2026-04-03T02:22:27.937+0600][98.946s][info][gc,load     ] GC(311) Load: 7.30/6.57/6.00
[2026-04-03T02:22:27.937+0600][98.946s][info][gc,mmu      ] GC(311) MMU: 2ms/90.1%, 5ms/96.1%, 10ms/98.0%, 20ms/99.0%, 50ms/99.6%, 100ms/99.7%
[2026-04-03T02:22:27.937+0600][98.946s][info][gc,marking  ] GC(311) Mark: 2 stripe(s), 2 proactive flush(es), 1 terminate flush(es), 0 completion(s), 0 continuation(s) 
[2026-04-03T02:22:27.937+0600][98.946s][info][gc,marking  ] GC(311) Mark Stack Usage: 32M
[2026-04-03T02:22:27.938+0600][98.946s][info][gc,nmethod  ] GC(311) NMethods: 15525 registered, 2758 unregistered
[2026-04-03T02:22:27.938+0600][98.946s][info][gc,metaspace] GC(311) Metaspace: 128M used, 130M committed, 1152M reserved
[2026-04-03T02:22:27.938+0600][98.946s][info][gc,ref      ] GC(311) Soft: 3426 encountered, 0 discovered, 0 enqueued
[2026-04-03T02:22:27.938+0600][98.946s][info][gc,ref      ] GC(311) Weak: 14572 encountered, 6345 discovered, 757 enqueued
[2026-04-03T02:22:27.938+0600][98.946s][info][gc,ref      ] GC(311) Final: 84 encountered, 4 discovered, 0 enqueued
[2026-04-03T02:22:27.938+0600][98.946s][info][gc,ref      ] GC(311) Phantom: 601 encountered, 496 discovered, 0 enqueued
[2026-04-03T02:22:27.938+0600][98.946s][info][gc,reloc    ] GC(311) Small Pages: 183 / 366M, Empty: 140M, Relocated: 8M, In-Place: 0
[2026-04-03T02:22:27.938+0600][98.946s][info][gc,reloc    ] GC(311) Medium Pages: 4 / 64M, Empty: 48M, Relocated: 0M, In-Place: 0
[2026-04-03T02:22:27.938+0600][98.946s][info][gc,reloc    ] GC(311) Large Pages: 6 / 34M, Empty: 30M, Relocated: 0M, In-Place: 0
[2026-04-03T02:22:27.938+0600][98.946s][info][gc,reloc    ] GC(311) Forwarding Usage: 3M
[2026-04-03T02:22:27.938+0600][98.946s][info][gc,heap     ] GC(311) Min Capacity: 8M(1%)
[2026-04-03T02:22:27.938+0600][98.946s][info][gc,heap     ] GC(311) Max Capacity: 1000M(100%)
[2026-04-03T02:22:27.938+0600][98.946s][info][gc,heap     ] GC(311) Soft Max Capacity: 1000M(100%)
[2026-04-03T02:22:27.938+0600][98.946s][info][gc,heap     ] GC(311)                Mark Start          Mark End        Relocate Start      Relocate End           High               Low         
[2026-04-03T02:22:27.938+0600][98.946s][info][gc,heap     ] GC(311)  Capacity:     1000M (100%)       1000M (100%)       1000M (100%)       1000M (100%)       1000M (100%)       1000M (100%)   
[2026-04-03T02:22:27.938+0600][98.946s][info][gc,heap     ] GC(311)      Free:      536M (54%)         520M (52%)         738M (74%)         908M (91%)         908M (91%)         520M (52%)    
[2026-04-03T02:22:27.938+0600][98.946s][info][gc,heap     ] GC(311)      Used:      464M (46%)         480M (48%)         262M (26%)          92M (9%)          480M (48%)          92M (9%)     
[2026-04-03T02:22:27.938+0600][98.946s][info][gc,heap     ] GC(311)      Live:         -                55M (6%)           55M (6%)           55M (6%)             -                  -          
[2026-04-03T02:22:27.938+0600][98.946s][info][gc,heap     ] GC(311) Allocated:         -                16M (2%)           16M (2%)           15M (2%)             -                  -          
[2026-04-03T02:22:27.938+0600][98.946s][info][gc,heap     ] GC(311)   Garbage:         -               408M (41%)         190M (19%)          20M (2%)             -                  -          
[2026-04-03T02:22:27.938+0600][98.946s][info][gc,heap     ] GC(311) Reclaimed:         -                  -               218M (22%)         387M (39%)            -                  -          
[2026-04-03T02:22:27.938+0600][98.946s][info][gc          ] GC(311) Garbage Collection (Allocation Rate) 464M(46%)->92M(9%)
[2026-04-03T02:22:28.196+0600][99.204s][info][gc,start    ] GC(312) Garbage Collection (Allocation Rate)
[2026-04-03T02:22:28.196+0600][99.204s][info][gc,task     ] GC(312) Using 2 workers
[2026-04-03T02:22:28.196+0600][99.204s][info][gc,phases   ] GC(312) Pause Mark Start 0.010ms
[2026-04-03T02:22:28.253+0600][99.261s][info][gc,phases   ] GC(312) Concurrent Mark 56.807ms
[2026-04-03T02:22:28.254+0600][99.262s][info][gc,phases   ] GC(312) Pause Mark End 0.023ms
[2026-04-03T02:22:28.254+0600][99.262s][info][gc,phases   ] GC(312) Concurrent Mark Free 0.002ms
[2026-04-03T02:22:28.275+0600][99.283s][info][gc,phases   ] GC(312) Concurrent Process Non-Strong References 21.511ms
[2026-04-03T02:22:28.275+0600][99.283s][info][gc,phases   ] GC(312) Concurrent Reset Relocation Set 0.010ms
[2026-04-03T02:22:28.278+0600][99.286s][info][gc,phases   ] GC(312) Concurrent Select Relocation Set 2.888ms
[2026-04-03T02:22:28.278+0600][99.286s][info][gc,phases   ] GC(312) Pause Relocate Start 0.011ms
[2026-04-03T02:22:28.281+0600][99.289s][info][gc,phases   ] GC(312) Concurrent Relocate 2.033ms
[2026-04-03T02:22:28.281+0600][99.289s][info][gc,load     ] GC(312) Load: 7.30/6.57/6.00
[2026-04-03T02:22:28.281+0600][99.289s][info][gc,mmu      ] GC(312) MMU: 2ms/90.1%, 5ms/96.1%, 10ms/98.0%, 20ms/99.0%, 50ms/99.6%, 100ms/99.7%
[2026-04-03T02:22:28.281+0600][99.289s][info][gc,marking  ] GC(312) Mark: 2 stripe(s), 2 proactive flush(es), 1 terminate flush(es), 0 completion(s), 0 continuation(s) 
[2026-04-03T02:22:28.281+0600][99.289s][info][gc,marking  ] GC(312) Mark Stack Usage: 32M
[2026-04-03T02:22:28.281+0600][99.289s][info][gc,nmethod  ] GC(312) NMethods: 15544 registered, 2763 unregistered
[2026-04-03T02:22:28.281+0600][99.289s][info][gc,metaspace] GC(312) Metaspace: 128M used, 130M committed, 1152M reserved
[2026-04-03T02:22:28.281+0600][99.289s][info][gc,ref      ] GC(312) Soft: 3427 encountered, 0 discovered, 0 enqueued
[2026-04-03T02:22:28.281+0600][99.289s][info][gc,ref      ] GC(312) Weak: 13814 encountered, 9873 discovered, 0 enqueued
[2026-04-03T02:22:28.281+0600][99.289s][info][gc,ref      ] GC(312) Final: 84 encountered, 0 discovered, 0 enqueued
[2026-04-03T02:22:28.281+0600][99.289s][info][gc,ref      ] GC(312) Phantom: 601 encountered, 346 discovered, 0 enqueued
[2026-04-03T02:22:28.281+0600][99.289s][info][gc,reloc    ] GC(312) Small Pages: 36 / 72M, Empty: 10M, Relocated: 3M, In-Place: 0
[2026-04-03T02:22:28.281+0600][99.289s][info][gc,reloc    ] GC(312) Medium Pages: 2 / 32M, Empty: 16M, Relocated: 0M, In-Place: 0
[2026-04-03T02:22:28.281+0600][99.289s][info][gc,reloc    ] GC(312) Large Pages: 1 / 4M, Empty: 0M, Relocated: 0M, In-Place: 0
[2026-04-03T02:22:28.281+0600][99.289s][info][gc,reloc    ] GC(312) Forwarding Usage: 1M
[2026-04-03T02:22:28.281+0600][99.289s][info][gc,heap     ] GC(312) Min Capacity: 8M(1%)
[2026-04-03T02:22:28.281+0600][99.289s][info][gc,heap     ] GC(312) Max Capacity: 1000M(100%)
[2026-04-03T02:22:28.281+0600][99.289s][info][gc,heap     ] GC(312) Soft Max Capacity: 1000M(100%)
[2026-04-03T02:22:28.281+0600][99.289s][info][gc,heap     ] GC(312)                Mark Start          Mark End        Relocate Start      Relocate End           High               Low         
[2026-04-03T02:22:28.281+0600][99.289s][info][gc,heap     ] GC(312)  Capacity:     1000M (100%)       1000M (100%)       1000M (100%)       1000M (100%)       1000M (100%)       1000M (100%)   
[2026-04-03T02:22:28.281+0600][99.289s][info][gc,heap     ] GC(312)      Free:      892M (89%)         892M (89%)         900M (90%)         908M (91%)         908M (91%)         874M (87%)    
[2026-04-03T02:22:28.281+0600][99.289s][info][gc,heap     ] GC(312)      Used:      108M (11%)         108M (11%)         100M (10%)          92M (9%)          126M (13%)          92M (9%)     
[2026-04-03T02:22:28.281+0600][99.289s][info][gc,heap     ] GC(312)      Live:         -                55M (6%)           55M (6%)           55M (6%)             -                  -          
[2026-04-03T02:22:28.281+0600][99.289s][info][gc,heap     ] GC(312) Allocated:         -                 0M (0%)           18M (2%)           19M (2%)             -                  -          
[2026-04-03T02:22:28.281+0600][99.289s][info][gc,heap     ] GC(312)   Garbage:         -                52M (5%)           26M (3%)           16M (2%)             -                  -          
[2026-04-03T02:22:28.281+0600][99.289s][info][gc,heap     ] GC(312) Reclaimed:         -                  -                26M (3%)           35M (4%)             -                  -          
[2026-04-03T02:22:28.281+0600][99.289s][info][gc          ] GC(312) Garbage Collection (Allocation Rate) 108M(11%)->92M(9%)
[2026-04-03T02:22:28.379+0600][99.387s][info][gc,heap,exit] Heap
[2026-04-03T02:22:28.379+0600][99.387s][info][gc,heap,exit]  ZHeap           used 108M, capacity 1000M, max capacity 1000M
[2026-04-03T02:22:28.379+0600][99.387s][info][gc,heap,exit]  Metaspace       used 131936K, committed 133184K, reserved 1179648K
[2026-04-03T02:22:28.379+0600][99.387s][info][gc,heap,exit]   class space    used 16555K, committed 17152K, reserved 1048576K
