[2026-04-03T02:33:53.323+0600][0.005s][info][gc,init] Initializing The Z Garbage Collector
[2026-04-03T02:33:53.323+0600][0.005s][info][gc,init] Version: 21.0.10+7-Ubuntu-124.04 (release)
[2026-04-03T02:33:53.323+0600][0.005s][info][gc,init] Using legacy single-generation mode
[2026-04-03T02:33:53.323+0600][0.005s][info][gc,init] NUMA Support: Disabled
[2026-04-03T02:33:53.323+0600][0.005s][info][gc,init] CPUs: 12 total, 12 available
[2026-04-03T02:33:53.323+0600][0.005s][info][gc,init] Memory: 15683M
[2026-04-03T02:33:53.323+0600][0.005s][info][gc,init] Large Page Support: Disabled
[2026-04-03T02:33:53.323+0600][0.005s][info][gc,init] GC Workers: 3 (dynamic)
[2026-04-03T02:33:53.324+0600][0.006s][info][gc,init] Address Space Type: Contiguous/Unrestricted/Complete
[2026-04-03T02:33:53.324+0600][0.006s][info][gc,init] Address Space Size: 24000M x 3 = 72000M
[2026-04-03T02:33:53.324+0600][0.006s][info][gc,init] Heap Backing File: /memfd:java_heap
[2026-04-03T02:33:53.324+0600][0.006s][info][gc,init] Heap Backing Filesystem: tmpfs (0x1021994)
[2026-04-03T02:33:53.325+0600][0.006s][info][gc,init] Min Capacity: 8M
[2026-04-03T02:33:53.325+0600][0.006s][info][gc,init] Initial Capacity: 246M
[2026-04-03T02:33:53.325+0600][0.006s][info][gc,init] Max Capacity: 1500M
[2026-04-03T02:33:53.325+0600][0.006s][info][gc,init] Medium Page Size: 32M
[2026-04-03T02:33:53.325+0600][0.006s][info][gc,init] Pre-touch: Disabled
[2026-04-03T02:33:53.325+0600][0.006s][info][gc,init] Available space on backing filesystem: N/A
[2026-04-03T02:33:53.325+0600][0.007s][info][gc,init] Uncommit: Enabled
[2026-04-03T02:33:53.325+0600][0.007s][info][gc,init] Uncommit Delay: 300s
[2026-04-03T02:33:53.401+0600][0.083s][info][gc,init] Runtime Workers: 8
[2026-04-03T02:33:53.402+0600][0.084s][info][gc     ] Using The Z Garbage Collector
[2026-04-03T02:33:53.412+0600][0.094s][info][gc,metaspace] CDS archive(s) mapped at: [0x00007b79d7000000-0x00007b79d7c9c000-0x00007b79d7c9c000), size 13221888, SharedBaseAddress: 0x00007b79d7000000, ArchiveRelocationMode: 1.
[2026-04-03T02:33:53.412+0600][0.094s][info][gc,metaspace] Compressed class space mapped at: 0x00007b79d8000000-0x00007b7a18000000, reserved size: 1073741824
[2026-04-03T02:33:53.412+0600][0.094s][info][gc,metaspace] Narrow klass base: 0x00007b79d7000000, Narrow klass shift: 0, Narrow klass range: 0x100000000
[2026-04-03T02:33:54.121+0600][0.803s][info][gc,start    ] GC(0) Garbage Collection (Warmup)
[2026-04-03T02:33:54.121+0600][0.803s][info][gc,task     ] GC(0) Using 3 workers
[2026-04-03T02:33:54.122+0600][0.803s][info][gc,phases   ] GC(0) Pause Mark Start 0.010ms
[2026-04-03T02:33:54.154+0600][0.835s][info][gc,phases   ] GC(0) Concurrent Mark 8.451ms
[2026-04-03T02:33:54.154+0600][0.836s][info][gc,phases   ] GC(0) Pause Mark End 0.182ms
[2026-04-03T02:33:54.155+0600][0.836s][info][gc,phases   ] GC(0) Concurrent Mark Free 0.002ms
[2026-04-03T02:33:54.156+0600][0.838s][info][gc,phases   ] GC(0) Concurrent Process Non-Strong References 1.809ms
[2026-04-03T02:33:54.156+0600][0.838s][info][gc,phases   ] GC(0) Concurrent Reset Relocation Set 0.001ms
[2026-04-03T02:33:54.165+0600][0.846s][info][gc,phases   ] GC(0) Concurrent Select Relocation Set 8.475ms
[2026-04-03T02:33:54.165+0600][0.847s][info][gc,phases   ] GC(0) Pause Relocate Start 0.011ms
[2026-04-03T02:33:54.168+0600][0.850s][info][gc,phases   ] GC(0) Concurrent Relocate 3.113ms
[2026-04-03T02:33:54.168+0600][0.850s][info][gc,load     ] GC(0) Load: 5.01/5.67/5.80
[2026-04-03T02:33:54.168+0600][0.850s][info][gc,mmu      ] GC(0) MMU: 2ms/90.9%, 5ms/96.4%, 10ms/98.2%, 20ms/99.0%, 50ms/99.6%, 100ms/99.8%
[2026-04-03T02:33:54.168+0600][0.850s][info][gc,marking  ] GC(0) Mark: 2 stripe(s), 2 proactive flush(es), 1 terminate flush(es), 1 completion(s), 0 continuation(s) 
[2026-04-03T02:33:54.168+0600][0.850s][info][gc,marking  ] GC(0) Mark Stack Usage: 32M
[2026-04-03T02:33:54.168+0600][0.850s][info][gc,nmethod  ] GC(0) NMethods: 862 registered, 89 unregistered
[2026-04-03T02:33:54.168+0600][0.850s][info][gc,metaspace] GC(0) Metaspace: 6M used, 6M committed, 1088M reserved
[2026-04-03T02:33:54.169+0600][0.850s][info][gc,ref      ] GC(0) Soft: 186 encountered, 0 discovered, 0 enqueued
[2026-04-03T02:33:54.169+0600][0.850s][info][gc,ref      ] GC(0) Weak: 583 encountered, 366 discovered, 140 enqueued
[2026-04-03T02:33:54.169+0600][0.850s][info][gc,ref      ] GC(0) Final: 0 encountered, 0 discovered, 0 enqueued
[2026-04-03T02:33:54.169+0600][0.850s][info][gc,ref      ] GC(0) Phantom: 25 encountered, 15 discovered, 0 enqueued
[2026-04-03T02:33:54.169+0600][0.850s][info][gc,reloc    ] GC(0) Small Pages: 88 / 176M, Empty: 0M, Relocated: 1M, In-Place: 0
[2026-04-03T02:33:54.169+0600][0.850s][info][gc,reloc    ] GC(0) Medium Pages: 0 / 0M, Empty: 0M, Relocated: 0M, In-Place: 0
[2026-04-03T02:33:54.169+0600][0.850s][info][gc,reloc    ] GC(0) Large Pages: 0 / 0M, Empty: 0M, Relocated: 0M, In-Place: 0
[2026-04-03T02:33:54.169+0600][0.850s][info][gc,reloc    ] GC(0) Forwarding Usage: 0M
[2026-04-03T02:33:54.169+0600][0.850s][info][gc,heap     ] GC(0) Min Capacity: 8M(1%)
[2026-04-03T02:33:54.169+0600][0.850s][info][gc,heap     ] GC(0) Max Capacity: 1500M(100%)
[2026-04-03T02:33:54.169+0600][0.850s][info][gc,heap     ] GC(0) Soft Max Capacity: 1500M(100%)
[2026-04-03T02:33:54.169+0600][0.850s][info][gc,heap     ] GC(0)                Mark Start          Mark End        Relocate Start      Relocate End           High               Low         
[2026-04-03T02:33:54.169+0600][0.850s][info][gc,heap     ] GC(0)  Capacity:      246M (16%)         246M (16%)         246M (16%)         246M (16%)         246M (16%)         246M (16%)    
[2026-04-03T02:33:54.169+0600][0.850s][info][gc,heap     ] GC(0)      Free:     1324M (88%)        1322M (88%)        1320M (88%)        1486M (99%)        1486M (99%)        1314M (88%)    
[2026-04-03T02:33:54.169+0600][0.850s][info][gc,heap     ] GC(0)      Used:      176M (12%)         178M (12%)         180M (12%)          14M (1%)          186M (12%)          14M (1%)     
[2026-04-03T02:33:54.169+0600][0.850s][info][gc,heap     ] GC(0)      Live:         -                 4M (0%)            4M (0%)            4M (0%)             -                  -          
[2026-04-03T02:33:54.169+0600][0.850s][info][gc,heap     ] GC(0) Allocated:         -                 2M (0%)            4M (0%)            3M (0%)             -                  -          
[2026-04-03T02:33:54.169+0600][0.850s][info][gc,heap     ] GC(0)   Garbage:         -               171M (11%)         171M (11%)           5M (0%)             -                  -          
[2026-04-03T02:33:54.169+0600][0.850s][info][gc,heap     ] GC(0) Reclaimed:         -                  -                 0M (0%)          165M (11%)            -                  -          
[2026-04-03T02:33:54.169+0600][0.850s][info][gc          ] GC(0) Garbage Collection (Warmup) 176M(12%)->14M(1%)
[2026-04-03T02:33:56.621+0600][3.303s][info][gc,start    ] GC(1) Garbage Collection (Warmup)
[2026-04-03T02:33:56.621+0600][3.303s][info][gc,task     ] GC(1) Using 3 workers
[2026-04-03T02:33:56.622+0600][3.303s][info][gc,phases   ] GC(1) Pause Mark Start 0.012ms
[2026-04-03T02:33:56.632+0600][3.314s][info][gc,phases   ] GC(1) Concurrent Mark 10.574ms
[2026-04-03T02:33:56.633+0600][3.314s][info][gc,phases   ] GC(1) Pause Mark End 0.016ms
[2026-04-03T02:33:56.633+0600][3.314s][info][gc,phases   ] GC(1) Concurrent Mark Free 0.002ms
[2026-04-03T02:33:56.635+0600][3.316s][info][gc,phases   ] GC(1) Concurrent Process Non-Strong References 2.200ms
[2026-04-03T02:33:56.635+0600][3.317s][info][gc,phases   ] GC(1) Concurrent Reset Relocation Set 0.006ms
[2026-04-03T02:33:56.639+0600][3.320s][info][gc,phases   ] GC(1) Concurrent Select Relocation Set 3.475ms
[2026-04-03T02:33:56.639+0600][3.320s][info][gc,phases   ] GC(1) Pause Relocate Start 0.010ms
[2026-04-03T02:33:56.649+0600][3.330s][info][gc,phases   ] GC(1) Concurrent Relocate 9.896ms
[2026-04-03T02:33:56.649+0600][3.330s][info][gc,load     ] GC(1) Load: 4.69/5.60/5.78
[2026-04-03T02:33:56.649+0600][3.330s][info][gc,mmu      ] GC(1) MMU: 2ms/90.9%, 5ms/96.4%, 10ms/98.2%, 20ms/99.0%, 50ms/99.6%, 100ms/99.8%
[2026-04-03T02:33:56.649+0600][3.330s][info][gc,marking  ] GC(1) Mark: 2 stripe(s), 2 proactive flush(es), 1 terminate flush(es), 0 completion(s), 0 continuation(s) 
[2026-04-03T02:33:56.649+0600][3.330s][info][gc,marking  ] GC(1) Mark Stack Usage: 32M
[2026-04-03T02:33:56.649+0600][3.330s][info][gc,nmethod  ] GC(1) NMethods: 1374 registered, 115 unregistered
[2026-04-03T02:33:56.649+0600][3.331s][info][gc,metaspace] GC(1) Metaspace: 15M used, 15M committed, 1088M reserved
[2026-04-03T02:33:56.649+0600][3.331s][info][gc,ref      ] GC(1) Soft: 275 encountered, 0 discovered, 0 enqueued
[2026-04-03T02:33:56.649+0600][3.331s][info][gc,ref      ] GC(1) Weak: 991 encountered, 312 discovered, 201 enqueued
[2026-04-03T02:33:56.649+0600][3.331s][info][gc,ref      ] GC(1) Final: 0 encountered, 0 discovered, 0 enqueued
[2026-04-03T02:33:56.649+0600][3.331s][info][gc,ref      ] GC(1) Phantom: 398 encountered, 317 discovered, 0 enqueued
[2026-04-03T02:33:56.649+0600][3.331s][info][gc,reloc    ] GC(1) Small Pages: 148 / 296M, Empty: 0M, Relocated: 10M, In-Place: 0
[2026-04-03T02:33:56.649+0600][3.331s][info][gc,reloc    ] GC(1) Medium Pages: 1 / 32M, Empty: 0M, Relocated: 0M, In-Place: 0
[2026-04-03T02:33:56.649+0600][3.331s][info][gc,reloc    ] GC(1) Large Pages: 0 / 0M, Empty: 0M, Relocated: 0M, In-Place: 0
[2026-04-03T02:33:56.649+0600][3.331s][info][gc,reloc    ] GC(1) Forwarding Usage: 2M
[2026-04-03T02:33:56.649+0600][3.331s][info][gc,heap     ] GC(1) Min Capacity: 8M(1%)
[2026-04-03T02:33:56.649+0600][3.331s][info][gc,heap     ] GC(1) Max Capacity: 1500M(100%)
[2026-04-03T02:33:56.649+0600][3.331s][info][gc,heap     ] GC(1) Soft Max Capacity: 1500M(100%)
[2026-04-03T02:33:56.649+0600][3.331s][info][gc,heap     ] GC(1)                Mark Start          Mark End        Relocate Start      Relocate End           High               Low         
[2026-04-03T02:33:56.649+0600][3.331s][info][gc,heap     ] GC(1)  Capacity:      328M (22%)         332M (22%)         334M (22%)         346M (23%)         346M (23%)         328M (22%)    
[2026-04-03T02:33:56.649+0600][3.331s][info][gc,heap     ] GC(1)      Free:     1172M (78%)        1168M (78%)        1166M (78%)        1442M (96%)        1442M (96%)        1154M (77%)    
[2026-04-03T02:33:56.649+0600][3.331s][info][gc,heap     ] GC(1)      Used:      328M (22%)         332M (22%)         334M (22%)          58M (4%)          346M (23%)          58M (4%)     
[2026-04-03T02:33:56.649+0600][3.331s][info][gc,heap     ] GC(1)      Live:         -                15M (1%)           15M (1%)           15M (1%)             -                  -          
[2026-04-03T02:33:56.649+0600][3.331s][info][gc,heap     ] GC(1) Allocated:         -                 4M (0%)            6M (0%)           11M (1%)             -                  -          
[2026-04-03T02:33:56.649+0600][3.331s][info][gc,heap     ] GC(1)   Garbage:         -               312M (21%)         312M (21%)          31M (2%)             -                  -          
[2026-04-03T02:33:56.649+0600][3.331s][info][gc,heap     ] GC(1) Reclaimed:         -                  -                 0M (0%)          281M (19%)            -                  -          
[2026-04-03T02:33:56.649+0600][3.331s][info][gc          ] GC(1) Garbage Collection (Warmup) 328M(22%)->58M(4%)
[2026-04-03T02:33:57.832+0600][4.514s][info][gc,start    ] GC(2) Garbage Collection (Metadata GC Threshold)
[2026-04-03T02:33:57.832+0600][4.514s][info][gc,task     ] GC(2) Using 3 workers
[2026-04-03T02:33:57.833+0600][4.514s][info][gc,phases   ] GC(2) Pause Mark Start 0.009ms
[2026-04-03T02:33:57.849+0600][4.530s][info][gc,phases   ] GC(2) Concurrent Mark 15.868ms
[2026-04-03T02:33:57.849+0600][4.530s][info][gc,phases   ] GC(2) Pause Mark End 0.015ms
[2026-04-03T02:33:57.849+0600][4.530s][info][gc,phases   ] GC(2) Concurrent Mark Free 0.001ms
[2026-04-03T02:33:57.852+0600][4.534s][info][gc,phases   ] GC(2) Concurrent Process Non-Strong References 3.091ms
[2026-04-03T02:33:57.852+0600][4.534s][info][gc,phases   ] GC(2) Concurrent Reset Relocation Set 0.022ms
[2026-04-03T02:33:57.856+0600][4.537s][info][gc,phases   ] GC(2) Concurrent Select Relocation Set 3.347ms
[2026-04-03T02:33:57.856+0600][4.537s][info][gc,phases   ] GC(2) Pause Relocate Start 0.011ms
[2026-04-03T02:33:57.860+0600][4.542s][info][gc,phases   ] GC(2) Concurrent Relocate 4.518ms
[2026-04-03T02:33:57.860+0600][4.542s][info][gc,load     ] GC(2) Load: 4.69/5.60/5.78
[2026-04-03T02:33:57.860+0600][4.542s][info][gc,mmu      ] GC(2) MMU: 2ms/90.9%, 5ms/96.4%, 10ms/98.2%, 20ms/99.0%, 50ms/99.6%, 100ms/99.8%
[2026-04-03T02:33:57.860+0600][4.542s][info][gc,marking  ] GC(2) Mark: 2 stripe(s), 3 proactive flush(es), 1 terminate flush(es), 0 completion(s), 0 continuation(s) 
[2026-04-03T02:33:57.860+0600][4.542s][info][gc,marking  ] GC(2) Mark Stack Usage: 32M
[2026-04-03T02:33:57.860+0600][4.542s][info][gc,nmethod  ] GC(2) NMethods: 2179 registered, 262 unregistered
[2026-04-03T02:33:57.860+0600][4.542s][info][gc,metaspace] GC(2) Metaspace: 25M used, 26M committed, 1088M reserved
[2026-04-03T02:33:57.860+0600][4.542s][info][gc,ref      ] GC(2) Soft: 3730 encountered, 0 discovered, 0 enqueued
[2026-04-03T02:33:57.861+0600][4.542s][info][gc,ref      ] GC(2) Weak: 2005 encountered, 593 discovered, 397 enqueued
[2026-04-03T02:33:57.861+0600][4.542s][info][gc,ref      ] GC(2) Final: 0 encountered, 0 discovered, 0 enqueued
[2026-04-03T02:33:57.861+0600][4.542s][info][gc,ref      ] GC(2) Phantom: 563 encountered, 445 discovered, 0 enqueued
[2026-04-03T02:33:57.861+0600][4.542s][info][gc,reloc    ] GC(2) Small Pages: 58 / 116M, Empty: 0M, Relocated: 8M, In-Place: 0
[2026-04-03T02:33:57.861+0600][4.542s][info][gc,reloc    ] GC(2) Medium Pages: 1 / 32M, Empty: 0M, Relocated: 0M, In-Place: 0
[2026-04-03T02:33:57.861+0600][4.542s][info][gc,reloc    ] GC(2) Large Pages: 0 / 0M, Empty: 0M, Relocated: 0M, In-Place: 0
[2026-04-03T02:33:57.861+0600][4.542s][info][gc,reloc    ] GC(2) Forwarding Usage: 2M
[2026-04-03T02:33:57.861+0600][4.542s][info][gc,heap     ] GC(2) Min Capacity: 8M(1%)
[2026-04-03T02:33:57.861+0600][4.542s][info][gc,heap     ] GC(2) Max Capacity: 1500M(100%)
[2026-04-03T02:33:57.861+0600][4.542s][info][gc,heap     ] GC(2) Soft Max Capacity: 1500M(100%)
[2026-04-03T02:33:57.861+0600][4.542s][info][gc,heap     ] GC(2)                Mark Start          Mark End        Relocate Start      Relocate End           High               Low         
[2026-04-03T02:33:57.861+0600][4.542s][info][gc,heap     ] GC(2)  Capacity:      346M (23%)         346M (23%)         346M (23%)         346M (23%)         346M (23%)         346M (23%)    
[2026-04-03T02:33:57.861+0600][4.542s][info][gc,heap     ] GC(2)      Free:     1352M (90%)        1350M (90%)        1350M (90%)        1446M (96%)        1446M (96%)        1348M (90%)    
[2026-04-03T02:33:57.861+0600][4.542s][info][gc,heap     ] GC(2)      Used:      148M (10%)         150M (10%)         150M (10%)          54M (4%)          152M (10%)          54M (4%)     
[2026-04-03T02:33:57.861+0600][4.542s][info][gc,heap     ] GC(2)      Live:         -                21M (1%)           21M (1%)           21M (1%)             -                  -          
[2026-04-03T02:33:57.861+0600][4.542s][info][gc,heap     ] GC(2) Allocated:         -                 2M (0%)            2M (0%)            1M (0%)             -                  -          
[2026-04-03T02:33:57.861+0600][4.542s][info][gc,heap     ] GC(2)   Garbage:         -               126M (8%)          126M (8%)           30M (2%)             -                  -          
[2026-04-03T02:33:57.861+0600][4.542s][info][gc,heap     ] GC(2) Reclaimed:         -                  -                 0M (0%)           95M (6%)             -                  -          
[2026-04-03T02:33:57.861+0600][4.542s][info][gc          ] GC(2) Garbage Collection (Metadata GC Threshold) 148M(10%)->54M(4%)
[2026-04-03T02:34:01.854+0600][8.536s][info][gc,start    ] GC(3) Garbage Collection (Metadata GC Threshold)
[2026-04-03T02:34:01.854+0600][8.536s][info][gc,task     ] GC(3) Using 3 workers
[2026-04-03T02:34:01.855+0600][8.536s][info][gc,phases   ] GC(3) Pause Mark Start 0.008ms
[2026-04-03T02:34:01.877+0600][8.558s][info][gc,phases   ] GC(3) Concurrent Mark 22.237ms
[2026-04-03T02:34:01.878+0600][8.559s][info][gc,phases   ] GC(3) Pause Mark End 0.022ms
[2026-04-03T02:34:01.878+0600][8.559s][info][gc,phases   ] GC(3) Concurrent Mark Free 0.001ms
[2026-04-03T02:34:01.882+0600][8.564s][info][gc,phases   ] GC(3) Concurrent Process Non-Strong References 4.215ms
[2026-04-03T02:34:01.882+0600][8.564s][info][gc,phases   ] GC(3) Concurrent Reset Relocation Set 0.011ms
[2026-04-03T02:34:01.886+0600][8.567s][info][gc,phases   ] GC(3) Concurrent Select Relocation Set 3.579ms
[2026-04-03T02:34:01.886+0600][8.568s][info][gc,phases   ] GC(3) Pause Relocate Start 0.012ms
[2026-04-03T02:34:01.902+0600][8.584s][info][gc,phases   ] GC(3) Concurrent Relocate 15.717ms
[2026-04-03T02:34:01.902+0600][8.584s][info][gc,load     ] GC(3) Load: 4.40/5.52/5.75
[2026-04-03T02:34:01.902+0600][8.584s][info][gc,mmu      ] GC(3) MMU: 2ms/90.9%, 5ms/96.4%, 10ms/98.2%, 20ms/99.0%, 50ms/99.6%, 100ms/99.8%
[2026-04-03T02:34:01.902+0600][8.584s][info][gc,marking  ] GC(3) Mark: 2 stripe(s), 2 proactive flush(es), 1 terminate flush(es), 0 completion(s), 0 continuation(s) 
[2026-04-03T02:34:01.902+0600][8.584s][info][gc,marking  ] GC(3) Mark Stack Usage: 32M
[2026-04-03T02:34:01.902+0600][8.584s][info][gc,nmethod  ] GC(3) NMethods: 2785 registered, 152 unregistered
[2026-04-03T02:34:01.902+0600][8.584s][info][gc,metaspace] GC(3) Metaspace: 43M used, 44M committed, 1088M reserved
[2026-04-03T02:34:01.902+0600][8.584s][info][gc,ref      ] GC(3) Soft: 3926 encountered, 0 discovered, 0 enqueued
[2026-04-03T02:34:01.902+0600][8.584s][info][gc,ref      ] GC(3) Weak: 3066 encountered, 982 discovered, 509 enqueued
[2026-04-03T02:34:01.902+0600][8.584s][info][gc,ref      ] GC(3) Final: 80 encountered, 0 discovered, 0 enqueued
[2026-04-03T02:34:01.902+0600][8.584s][info][gc,ref      ] GC(3) Phantom: 578 encountered, 462 discovered, 1 enqueued
[2026-04-03T02:34:01.902+0600][8.584s][info][gc,reloc    ] GC(3) Small Pages: 91 / 182M, Empty: 0M, Relocated: 6M, In-Place: 0
[2026-04-03T02:34:01.902+0600][8.584s][info][gc,reloc    ] GC(3) Medium Pages: 2 / 64M, Empty: 0M, Relocated: 5M, In-Place: 0
[2026-04-03T02:34:01.902+0600][8.584s][info][gc,reloc    ] GC(3) Large Pages: 0 / 0M, Empty: 0M, Relocated: 0M, In-Place: 0
[2026-04-03T02:34:01.902+0600][8.584s][info][gc,reloc    ] GC(3) Forwarding Usage: 2M
[2026-04-03T02:34:01.902+0600][8.584s][info][gc,heap     ] GC(3) Min Capacity: 8M(1%)
[2026-04-03T02:34:01.902+0600][8.584s][info][gc,heap     ] GC(3) Max Capacity: 1500M(100%)
[2026-04-03T02:34:01.902+0600][8.584s][info][gc,heap     ] GC(3) Soft Max Capacity: 1500M(100%)
[2026-04-03T02:34:01.902+0600][8.584s][info][gc,heap     ] GC(3)                Mark Start          Mark End        Relocate Start      Relocate End           High               Low         
[2026-04-03T02:34:01.902+0600][8.584s][info][gc,heap     ] GC(3)  Capacity:      378M (25%)         378M (25%)         378M (25%)         410M (27%)         410M (27%)         378M (25%)    
[2026-04-03T02:34:01.902+0600][8.584s][info][gc,heap     ] GC(3)      Free:     1254M (84%)        1250M (83%)        1250M (83%)        1438M (96%)        1438M (96%)        1216M (81%)    
[2026-04-03T02:34:01.902+0600][8.584s][info][gc,heap     ] GC(3)      Used:      246M (16%)         250M (17%)         250M (17%)          62M (4%)          284M (19%)          62M (4%)     
[2026-04-03T02:34:01.902+0600][8.584s][info][gc,heap     ] GC(3)      Live:         -                27M (2%)           27M (2%)           27M (2%)             -                  -          
[2026-04-03T02:34:01.902+0600][8.584s][info][gc,heap     ] GC(3) Allocated:         -                 4M (0%)            4M (0%)            5M (0%)             -                  -          
[2026-04-03T02:34:01.902+0600][8.584s][info][gc,heap     ] GC(3)   Garbage:         -               218M (15%)         218M (15%)          28M (2%)             -                  -          
[2026-04-03T02:34:01.902+0600][8.584s][info][gc,heap     ] GC(3) Reclaimed:         -                  -                 0M (0%)          189M (13%)            -                  -          
[2026-04-03T02:34:01.902+0600][8.584s][info][gc          ] GC(3) Garbage Collection (Metadata GC Threshold) 246M(16%)->62M(4%)
[2026-04-03T02:34:03.422+0600][10.103s][info][gc,stats    ] === Garbage Collection Statistics =======================================================================================================================
[2026-04-03T02:34:03.422+0600][10.104s][info][gc,stats    ]                                                              Last 10s              Last 10m              Last 10h                Total
[2026-04-03T02:34:03.422+0600][10.104s][info][gc,stats    ]                                                              Avg / Max             Avg / Max             Avg / Max             Avg / Max
[2026-04-03T02:34:03.422+0600][10.104s][info][gc,stats    ]   Collector: Garbage Collection Cycle                     37.642 / 47.854       37.642 / 47.854       37.642 / 47.854       37.642 / 47.854      ms
[2026-04-03T02:34:03.422+0600][10.104s][info][gc,stats    ]  Contention: Mark Segment Reset Contention                     0 / 3                 0 / 3                 0 / 3                 0 / 3           ops/s
[2026-04-03T02:34:03.422+0600][10.104s][info][gc,stats    ]  Contention: Mark SeqNum Reset Contention                      0 / 0                 0 / 0                 0 / 0                 0 / 0           ops/s
[2026-04-03T02:34:03.422+0600][10.104s][info][gc,stats    ]    Critical: Allocation Stall                                  0 / 0                 0 / 0                 0 / 0                 0 / 0           ops/s
[2026-04-03T02:34:03.422+0600][10.104s][info][gc,stats    ]    Critical: Allocation Stall                              0.000 / 0.000         0.000 / 0.000         0.000 / 0.000         0.000 / 0.000       ms
[2026-04-03T02:34:03.422+0600][10.104s][info][gc,stats    ]    Critical: GC Locker Stall                                   0 / 0                 0 / 0                 0 / 0                 0 / 0           ops/s
[2026-04-03T02:34:03.422+0600][10.104s][info][gc,stats    ]    Critical: GC Locker Stall                               0.000 / 0.000         0.000 / 0.000         0.000 / 0.000         0.000 / 0.000       ms
[2026-04-03T02:34:03.422+0600][10.104s][info][gc,stats    ]    Critical: Relocation Stall                                  0 / 0                 0 / 0                 0 / 0                 0 / 0           ops/s
[2026-04-03T02:34:03.422+0600][10.104s][info][gc,stats    ]    Critical: Relocation Stall                              0.000 / 0.000         0.000 / 0.000         0.000 / 0.000         0.000 / 0.000       ms
[2026-04-03T02:34:03.422+0600][10.104s][info][gc,stats    ]      Memory: Allocation Rate                                  87 / 232              87 / 232              87 / 232              87 / 232         MB/s
[2026-04-03T02:34:03.422+0600][10.104s][info][gc,stats    ]      Memory: Defragment                                        0 / 0                 0 / 0                 0 / 0                 0 / 0           ops/s
[2026-04-03T02:34:03.422+0600][10.104s][info][gc,stats    ]      Memory: Out Of Memory                                     0 / 0                 0 / 0                 0 / 0                 0 / 0           ops/s
[2026-04-03T02:34:03.422+0600][10.104s][info][gc,stats    ]      Memory: Page Cache Flush                                  0 / 0                 0 / 0                 0 / 0                 0 / 0           MB/s
[2026-04-03T02:34:03.422+0600][10.104s][info][gc,stats    ]      Memory: Page Cache Hit L1                                25 / 59               25 / 59               25 / 59               25 / 59          ops/s
[2026-04-03T02:34:03.422+0600][10.104s][info][gc,stats    ]      Memory: Page Cache Hit L2                                 0 / 0                 0 / 0                 0 / 0                 0 / 0           ops/s
[2026-04-03T02:34:03.422+0600][10.104s][info][gc,stats    ]      Memory: Page Cache Hit L3                                10 / 93               10 / 93               10 / 93               10 / 93          ops/s
[2026-04-03T02:34:03.422+0600][10.104s][info][gc,stats    ]      Memory: Page Cache Miss                                   5 / 35                5 / 35                5 / 35                5 / 35          ops/s
[2026-04-03T02:34:03.422+0600][10.104s][info][gc,stats    ]      Memory: Uncommit                                          0 / 0                 0 / 0                 0 / 0                 0 / 0           MB/s
[2026-04-03T02:34:03.422+0600][10.104s][info][gc,stats    ]      Memory: Undo Object Allocation Failed                     0 / 0                 0 / 0                 0 / 0                 0 / 0           ops/s
[2026-04-03T02:34:03.422+0600][10.104s][info][gc,stats    ]      Memory: Undo Object Allocation Succeeded                  0 / 1                 0 / 1                 0 / 1                 0 / 1           ops/s
[2026-04-03T02:34:03.422+0600][10.104s][info][gc,stats    ]      Memory: Undo Page Allocation                              0 / 0                 0 / 0                 0 / 0                 0 / 0           ops/s
[2026-04-03T02:34:03.422+0600][10.104s][info][gc,stats    ]       Phase: Concurrent Mark                              14.283 / 22.237       14.283 / 22.237       14.283 / 22.237       14.283 / 22.237      ms
[2026-04-03T02:34:03.422+0600][10.104s][info][gc,stats    ]       Phase: Concurrent Mark Continue                      0.000 / 0.000         0.000 / 0.000         0.000 / 0.000         0.000 / 0.000       ms
[2026-04-03T02:34:03.422+0600][10.104s][info][gc,stats    ]       Phase: Concurrent Mark Free                          0.002 / 0.002         0.002 / 0.002         0.002 / 0.002         0.002 / 0.002       ms
[2026-04-03T02:34:03.422+0600][10.104s][info][gc,stats    ]       Phase: Concurrent Process Non-Strong References      2.829 / 4.215         2.829 / 4.215         2.829 / 4.215         2.829 / 4.215       ms
[2026-04-03T02:34:03.422+0600][10.104s][info][gc,stats    ]       Phase: Concurrent Relocate                           8.311 / 15.717        8.311 / 15.717        8.311 / 15.717        8.311 / 15.717      ms
[2026-04-03T02:34:03.422+0600][10.104s][info][gc,stats    ]       Phase: Concurrent Reset Relocation Set               0.010 / 0.022         0.010 / 0.022         0.010 / 0.022         0.010 / 0.022       ms
[2026-04-03T02:34:03.422+0600][10.104s][info][gc,stats    ]       Phase: Concurrent Select Relocation Set              4.719 / 8.475         4.719 / 8.475         4.719 / 8.475         4.719 / 8.475       ms
[2026-04-03T02:34:03.422+0600][10.104s][info][gc,stats    ]       Phase: Pause Mark End                                0.059 / 0.182         0.059 / 0.182         0.059 / 0.182         0.059 / 0.182       ms
[2026-04-03T02:34:03.422+0600][10.104s][info][gc,stats    ]       Phase: Pause Mark Start                              0.010 / 0.012         0.010 / 0.012         0.010 / 0.012         0.010 / 0.012       ms
[2026-04-03T02:34:03.422+0600][10.104s][info][gc,stats    ]       Phase: Pause Relocate Start                          0.011 / 0.012         0.011 / 0.012         0.011 / 0.012         0.011 / 0.012       ms
[2026-04-03T02:34:03.422+0600][10.104s][info][gc,stats    ]    Subphase: Concurrent Classes Purge                      0.199 / 0.273         0.199 / 0.273         0.199 / 0.273         0.199 / 0.273       ms
[2026-04-03T02:34:03.422+0600][10.104s][info][gc,stats    ]    Subphase: Concurrent Classes Unlink                     1.619 / 2.499         1.619 / 2.499         1.619 / 2.499         1.619 / 2.499       ms
[2026-04-03T02:34:03.422+0600][10.104s][info][gc,stats    ]    Subphase: Concurrent Mark                              12.234 / 20.367       12.234 / 20.367       12.234 / 20.367       12.234 / 20.367      ms
[2026-04-03T02:34:03.422+0600][10.104s][info][gc,stats    ]    Subphase: Concurrent Mark Try Flush                     0.169 / 0.318         0.169 / 0.318         0.169 / 0.318         0.169 / 0.318       ms
[2026-04-03T02:34:03.422+0600][10.104s][info][gc,stats    ]    Subphase: Concurrent Mark Try Terminate                 0.614 / 1.216         0.614 / 1.216         0.614 / 1.216         0.614 / 1.216       ms
[2026-04-03T02:34:03.422+0600][10.104s][info][gc,stats    ]    Subphase: Concurrent References Enqueue                 0.005 / 0.008         0.005 / 0.008         0.005 / 0.008         0.005 / 0.008       ms
[2026-04-03T02:34:03.422+0600][10.104s][info][gc,stats    ]    Subphase: Concurrent References Process                 0.207 / 0.314         0.207 / 0.314         0.207 / 0.314         0.207 / 0.314       ms
[2026-04-03T02:34:03.422+0600][10.104s][info][gc,stats    ]    Subphase: Concurrent Roots ClassLoaderDataGraph         0.203 / 0.666         0.203 / 0.666         0.203 / 0.666         0.203 / 0.666       ms
[2026-04-03T02:34:03.422+0600][10.104s][info][gc,stats    ]    Subphase: Concurrent Roots CodeCache                    0.000 / 0.000         0.000 / 0.000         0.000 / 0.000         0.000 / 0.000       ms
[2026-04-03T02:34:03.422+0600][10.104s][info][gc,stats    ]    Subphase: Concurrent Roots JavaThreads                  0.855 / 1.525         0.855 / 1.525         0.855 / 1.525         0.855 / 1.525       ms
[2026-04-03T02:34:03.422+0600][10.104s][info][gc,stats    ]    Subphase: Concurrent Roots OopStorageSet                0.072 / 0.245         0.072 / 0.245         0.072 / 0.245         0.072 / 0.245       ms
[2026-04-03T02:34:03.422+0600][10.104s][info][gc,stats    ]    Subphase: Concurrent Weak Roots OopStorageSet           0.371 / 0.693         0.371 / 0.693         0.371 / 0.693         0.371 / 0.693       ms
[2026-04-03T02:34:03.422+0600][10.104s][info][gc,stats    ]    Subphase: Pause Mark Try Complete                       0.002 / 0.004         0.002 / 0.004         0.002 / 0.004         0.002 / 0.004       ms
[2026-04-03T02:34:03.422+0600][10.104s][info][gc,stats    ]      System: Java Threads                                     20 / 49               20 / 49               20 / 49               20 / 49          threads
[2026-04-03T02:34:03.422+0600][10.104s][info][gc,stats    ] =========================================================================================================================================================
[2026-04-03T02:34:05.304+0600][11.985s][info][gc,start    ] GC(4) Garbage Collection (Metadata GC Threshold)
[2026-04-03T02:34:05.304+0600][11.985s][info][gc,task     ] GC(4) Using 3 workers
[2026-04-03T02:34:05.304+0600][11.986s][info][gc,phases   ] GC(4) Pause Mark Start 0.010ms
[2026-04-03T02:34:05.342+0600][12.023s][info][gc,phases   ] GC(4) Concurrent Mark 37.138ms
[2026-04-03T02:34:05.342+0600][12.023s][info][gc,phases   ] GC(4) Pause Mark End 0.018ms
[2026-04-03T02:34:05.342+0600][12.024s][info][gc,phases   ] GC(4) Concurrent Mark Free 0.002ms
[2026-04-03T02:34:05.348+0600][12.030s][info][gc,phases   ] GC(4) Concurrent Process Non-Strong References 5.918ms
[2026-04-03T02:34:05.348+0600][12.030s][info][gc,phases   ] GC(4) Concurrent Reset Relocation Set 0.014ms
[2026-04-03T02:34:05.352+0600][12.033s][info][gc,phases   ] GC(4) Concurrent Select Relocation Set 3.816ms
[2026-04-03T02:34:05.353+0600][12.035s][info][gc,phases   ] GC(4) Pause Relocate Start 0.011ms
[2026-04-03T02:34:05.379+0600][12.060s][info][gc,phases   ] GC(4) Concurrent Relocate 25.640ms
[2026-04-03T02:34:05.379+0600][12.061s][info][gc,load     ] GC(4) Load: 4.28/5.48/5.74
[2026-04-03T02:34:05.379+0600][12.061s][info][gc,mmu      ] GC(4) MMU: 2ms/90.9%, 5ms/96.4%, 10ms/98.2%, 20ms/99.0%, 50ms/99.6%, 100ms/99.8%
[2026-04-03T02:34:05.379+0600][12.061s][info][gc,marking  ] GC(4) Mark: 2 stripe(s), 2 proactive flush(es), 1 terminate flush(es), 0 completion(s), 0 continuation(s) 
[2026-04-03T02:34:05.379+0600][12.061s][info][gc,marking  ] GC(4) Mark Stack Usage: 32M
[2026-04-03T02:34:05.379+0600][12.061s][info][gc,nmethod  ] GC(4) NMethods: 4188 registered, 412 unregistered
[2026-04-03T02:34:05.379+0600][12.061s][info][gc,metaspace] GC(4) Metaspace: 73M used, 73M committed, 1152M reserved
[2026-04-03T02:34:05.379+0600][12.061s][info][gc,ref      ] GC(4) Soft: 4422 encountered, 0 discovered, 0 enqueued
[2026-04-03T02:34:05.379+0600][12.061s][info][gc,ref      ] GC(4) Weak: 11733 encountered, 5373 discovered, 2967 enqueued
[2026-04-03T02:34:05.379+0600][12.061s][info][gc,ref      ] GC(4) Final: 84 encountered, 0 discovered, 0 enqueued
[2026-04-03T02:34:05.379+0600][12.061s][info][gc,ref      ] GC(4) Phantom: 587 encountered, 380 discovered, 0 enqueued
[2026-04-03T02:34:05.379+0600][12.061s][info][gc,reloc    ] GC(4) Small Pages: 157 / 314M, Empty: 0M, Relocated: 13M, In-Place: 0
[2026-04-03T02:34:05.379+0600][12.061s][info][gc,reloc    ] GC(4) Medium Pages: 2 / 64M, Empty: 0M, Relocated: 6M, In-Place: 0
[2026-04-03T02:34:05.379+0600][12.061s][info][gc,reloc    ] GC(4) Large Pages: 0 / 0M, Empty: 0M, Relocated: 0M, In-Place: 0
[2026-04-03T02:34:05.379+0600][12.061s][info][gc,reloc    ] GC(4) Forwarding Usage: 4M
[2026-04-03T02:34:05.379+0600][12.061s][info][gc,heap     ] GC(4) Min Capacity: 8M(1%)
[2026-04-03T02:34:05.379+0600][12.061s][info][gc,heap     ] GC(4) Max Capacity: 1500M(100%)
[2026-04-03T02:34:05.379+0600][12.061s][info][gc,heap     ] GC(4) Soft Max Capacity: 1500M(100%)
[2026-04-03T02:34:05.379+0600][12.061s][info][gc,heap     ] GC(4)                Mark Start          Mark End        Relocate Start      Relocate End           High               Low         
[2026-04-03T02:34:05.379+0600][12.061s][info][gc,heap     ] GC(4)  Capacity:      410M (27%)         410M (27%)         410M (27%)         474M (32%)         474M (32%)         410M (27%)    
[2026-04-03T02:34:05.379+0600][12.061s][info][gc,heap     ] GC(4)      Free:     1122M (75%)        1120M (75%)        1118M (75%)        1392M (93%)        1392M (93%)        1082M (72%)    
[2026-04-03T02:34:05.379+0600][12.061s][info][gc,heap     ] GC(4)      Used:      378M (25%)         380M (25%)         382M (25%)         108M (7%)          418M (28%)         108M (7%)     
[2026-04-03T02:34:05.379+0600][12.061s][info][gc,heap     ] GC(4)      Live:         -                41M (3%)           41M (3%)           41M (3%)             -                  -          
[2026-04-03T02:34:05.379+0600][12.061s][info][gc,heap     ] GC(4) Allocated:         -                 2M (0%)            4M (0%)           37M (2%)             -                  -          
[2026-04-03T02:34:05.379+0600][12.061s][info][gc,heap     ] GC(4)   Garbage:         -               336M (22%)         336M (22%)          29M (2%)             -                  -          
[2026-04-03T02:34:05.379+0600][12.061s][info][gc,heap     ] GC(4) Reclaimed:         -                  -                 0M (0%)          307M (20%)            -                  -          
[2026-04-03T02:34:05.379+0600][12.061s][info][gc          ] GC(4) Garbage Collection (Metadata GC Threshold) 378M(25%)->108M(7%)
[2026-04-03T02:34:09.121+0600][15.803s][info][gc,start    ] GC(5) Garbage Collection (Warmup)
[2026-04-03T02:34:09.121+0600][15.803s][info][gc,task     ] GC(5) Using 3 workers
[2026-04-03T02:34:09.122+0600][15.804s][info][gc,phases   ] GC(5) Pause Mark Start 0.017ms
[2026-04-03T02:34:09.240+0600][15.922s][info][gc,phases   ] GC(5) Concurrent Mark 117.895ms
[2026-04-03T02:34:09.241+0600][15.922s][info][gc,phases   ] GC(5) Pause Mark End 0.029ms
[2026-04-03T02:34:09.241+0600][15.922s][info][gc,phases   ] GC(5) Concurrent Mark Free 0.002ms
[2026-04-03T02:34:09.322+0600][16.003s][info][gc,phases   ] GC(5) Concurrent Process Non-Strong References 80.610ms
[2026-04-03T02:34:09.324+0600][16.005s][info][gc,phases   ] GC(5) Concurrent Reset Relocation Set 0.021ms
[2026-04-03T02:34:09.334+0600][16.016s][info][gc,phases   ] GC(5) Concurrent Select Relocation Set 10.640ms
[2026-04-03T02:34:09.341+0600][16.022s][info][gc,phases   ] GC(5) Pause Relocate Start 0.018ms
[2026-04-03T02:34:09.390+0600][16.072s][info][gc,phases   ] GC(5) Concurrent Relocate 48.786ms
[2026-04-03T02:34:09.390+0600][16.072s][info][gc,load     ] GC(5) Load: 4.28/5.48/5.74
[2026-04-03T02:34:09.390+0600][16.072s][info][gc,mmu      ] GC(5) MMU: 2ms/90.9%, 5ms/96.4%, 10ms/98.2%, 20ms/99.0%, 50ms/99.6%, 100ms/99.8%
[2026-04-03T02:34:09.390+0600][16.072s][info][gc,marking  ] GC(5) Mark: 2 stripe(s), 2 proactive flush(es), 1 terminate flush(es), 0 completion(s), 0 continuation(s) 
[2026-04-03T02:34:09.390+0600][16.072s][info][gc,marking  ] GC(5) Mark Stack Usage: 32M
[2026-04-03T02:34:09.390+0600][16.072s][info][gc,nmethod  ] GC(5) NMethods: 6220 registered, 514 unregistered
[2026-04-03T02:34:09.390+0600][16.072s][info][gc,metaspace] GC(5) Metaspace: 109M used, 111M committed, 1152M reserved
[2026-04-03T02:34:09.390+0600][16.072s][info][gc,ref      ] GC(5) Soft: 5344 encountered, 0 discovered, 0 enqueued
[2026-04-03T02:34:09.390+0600][16.072s][info][gc,ref      ] GC(5) Weak: 14289 encountered, 4223 discovered, 2616 enqueued
[2026-04-03T02:34:09.390+0600][16.072s][info][gc,ref      ] GC(5) Final: 84 encountered, 0 discovered, 0 enqueued
[2026-04-03T02:34:09.390+0600][16.072s][info][gc,ref      ] GC(5) Phantom: 597 encountered, 275 discovered, 1 enqueued
[2026-04-03T02:34:09.390+0600][16.072s][info][gc,reloc    ] GC(5) Small Pages: 190 / 380M, Empty: 0M, Relocated: 22M, In-Place: 0
[2026-04-03T02:34:09.390+0600][16.072s][info][gc,reloc    ] GC(5) Medium Pages: 2 / 64M, Empty: 0M, Relocated: 22M, In-Place: 0
[2026-04-03T02:34:09.390+0600][16.072s][info][gc,reloc    ] GC(5) Large Pages: 1 / 6M, Empty: 6M, Relocated: 0M, In-Place: 0
[2026-04-03T02:34:09.390+0600][16.072s][info][gc,reloc    ] GC(5) Forwarding Usage: 7M
[2026-04-03T02:34:09.390+0600][16.072s][info][gc,heap     ] GC(5) Min Capacity: 8M(1%)
[2026-04-03T02:34:09.390+0600][16.072s][info][gc,heap     ] GC(5) Max Capacity: 1500M(100%)
[2026-04-03T02:34:09.390+0600][16.072s][info][gc,heap     ] GC(5) Soft Max Capacity: 1500M(100%)
[2026-04-03T02:34:09.390+0600][16.072s][info][gc,heap     ] GC(5)                Mark Start          Mark End        Relocate Start      Relocate End           High               Low         
[2026-04-03T02:34:09.390+0600][16.072s][info][gc,heap     ] GC(5)  Capacity:      474M (32%)         516M (34%)         520M (35%)         584M (39%)         584M (39%)         474M (32%)    
[2026-04-03T02:34:09.390+0600][16.072s][info][gc,heap     ] GC(5)      Free:     1050M (70%)         984M (66%)         986M (66%)        1306M (87%)        1306M (87%)         952M (63%)    
[2026-04-03T02:34:09.390+0600][16.072s][info][gc,heap     ] GC(5)      Used:      450M (30%)         516M (34%)         514M (34%)         194M (13%)         548M (37%)         194M (13%)    
[2026-04-03T02:34:09.390+0600][16.072s][info][gc,heap     ] GC(5)      Live:         -                77M (5%)           77M (5%)           77M (5%)             -                  -          
[2026-04-03T02:34:09.390+0600][16.072s][info][gc,heap     ] GC(5) Allocated:         -                66M (4%)           70M (5%)          102M (7%)             -                  -          
[2026-04-03T02:34:09.391+0600][16.072s][info][gc,heap     ] GC(5)   Garbage:         -               372M (25%)         366M (24%)          13M (1%)             -                  -          
[2026-04-03T02:34:09.391+0600][16.072s][info][gc,heap     ] GC(5) Reclaimed:         -                  -                 6M (0%)          358M (24%)            -                  -          
[2026-04-03T02:34:09.391+0600][16.072s][info][gc          ] GC(5) Garbage Collection (Warmup) 450M(30%)->194M(13%)
[2026-04-03T02:34:11.221+0600][17.902s][info][gc,start    ] GC(6) Garbage Collection (Allocation Rate)
[2026-04-03T02:34:11.221+0600][17.903s][info][gc,task     ] GC(6) Using 3 workers
[2026-04-03T02:34:11.222+0600][17.903s][info][gc,phases   ] GC(6) Pause Mark Start 0.012ms
[2026-04-03T02:34:11.376+0600][18.058s][info][gc,phases   ] GC(6) Concurrent Mark 154.705ms
[2026-04-03T02:34:11.377+0600][18.058s][info][gc,phases   ] GC(6) Pause Mark End 0.024ms
[2026-04-03T02:34:11.377+0600][18.058s][info][gc,phases   ] GC(6) Concurrent Mark Free 0.002ms
[2026-04-03T02:34:11.422+0600][18.104s][info][gc,phases   ] GC(6) Concurrent Process Non-Strong References 45.363ms
[2026-04-03T02:34:11.422+0600][18.104s][info][gc,phases   ] GC(6) Concurrent Reset Relocation Set 0.020ms
[2026-04-03T02:34:11.436+0600][18.117s][info][gc,phases   ] GC(6) Concurrent Select Relocation Set 13.433ms
[2026-04-03T02:34:11.436+0600][18.118s][info][gc,phases   ] GC(6) Pause Relocate Start 0.020ms
[2026-04-03T02:34:11.487+0600][18.168s][info][gc,phases   ] GC(6) Concurrent Relocate 48.145ms
[2026-04-03T02:34:11.488+0600][18.169s][info][gc,load     ] GC(6) Load: 4.42/5.49/5.74
[2026-04-03T02:34:11.488+0600][18.170s][info][gc,mmu      ] GC(6) MMU: 2ms/90.9%, 5ms/96.4%, 10ms/98.2%, 20ms/99.0%, 50ms/99.6%, 100ms/99.8%
[2026-04-03T02:34:11.488+0600][18.170s][info][gc,marking  ] GC(6) Mark: 2 stripe(s), 2 proactive flush(es), 1 terminate flush(es), 0 completion(s), 0 continuation(s) 
[2026-04-03T02:34:11.488+0600][18.170s][info][gc,marking  ] GC(6) Mark Stack Usage: 32M
[2026-04-03T02:34:11.489+0600][18.170s][info][gc,nmethod  ] GC(6) NMethods: 7590 registered, 965 unregistered
[2026-04-03T02:34:11.489+0600][18.170s][info][gc,metaspace] GC(6) Metaspace: 113M used, 114M committed, 1152M reserved
[2026-04-03T02:34:11.489+0600][18.170s][info][gc,ref      ] GC(6) Soft: 5636 encountered, 0 discovered, 0 enqueued
[2026-04-03T02:34:11.490+0600][18.171s][info][gc,ref      ] GC(6) Weak: 13948 encountered, 3459 discovered, 1182 enqueued
[2026-04-03T02:34:11.490+0600][18.171s][info][gc,ref      ] GC(6) Final: 84 encountered, 0 discovered, 0 enqueued
[2026-04-03T02:34:11.490+0600][18.171s][info][gc,ref      ] GC(6) Phantom: 609 encountered, 383 discovered, 1 enqueued
[2026-04-03T02:34:11.490+0600][18.171s][info][gc,reloc    ] GC(6) Small Pages: 216 / 432M, Empty: 110M, Relocated: 34M, In-Place: 0
[2026-04-03T02:34:11.490+0600][18.171s][info][gc,reloc    ] GC(6) Medium Pages: 4 / 128M, Empty: 32M, Relocated: 20M, In-Place: 0
[2026-04-03T02:34:11.490+0600][18.171s][info][gc,reloc    ] GC(6) Large Pages: 13 / 78M, Empty: 30M, Relocated: 0M, In-Place: 0
[2026-04-03T02:34:11.490+0600][18.171s][info][gc,reloc    ] GC(6) Forwarding Usage: 14M
[2026-04-03T02:34:11.490+0600][18.171s][info][gc,heap     ] GC(6) Min Capacity: 8M(1%)
[2026-04-03T02:34:11.490+0600][18.171s][info][gc,heap     ] GC(6) Max Capacity: 1500M(100%)
[2026-04-03T02:34:11.490+0600][18.171s][info][gc,heap     ] GC(6) Soft Max Capacity: 1500M(100%)
[2026-04-03T02:34:11.490+0600][18.171s][info][gc,heap     ] GC(6)                Mark Start          Mark End        Relocate Start      Relocate End           High               Low         
[2026-04-03T02:34:11.490+0600][18.171s][info][gc,heap     ] GC(6)  Capacity:      776M (52%)         776M (52%)         776M (52%)         776M (52%)         776M (52%)         776M (52%)    
[2026-04-03T02:34:11.490+0600][18.171s][info][gc,heap     ] GC(6)      Free:      862M (57%)         846M (56%)         982M (65%)        1224M (82%)        1224M (82%)         814M (54%)    
[2026-04-03T02:34:11.491+0600][18.172s][info][gc,heap     ] GC(6)      Used:      638M (43%)         654M (44%)         518M (35%)         276M (18%)         686M (46%)         276M (18%)    
[2026-04-03T02:34:11.491+0600][18.172s][info][gc,heap     ] GC(6)      Live:         -               183M (12%)         183M (12%)         183M (12%)            -                  -          
[2026-04-03T02:34:11.491+0600][18.172s][info][gc,heap     ] GC(6) Allocated:         -                16M (1%)           52M (3%)           54M (4%)             -                  -          
[2026-04-03T02:34:11.491+0600][18.172s][info][gc,heap     ] GC(6)   Garbage:         -               454M (30%)         282M (19%)          37M (3%)             -                  -          
[2026-04-03T02:34:11.491+0600][18.172s][info][gc,heap     ] GC(6) Reclaimed:         -                  -               172M (11%)         416M (28%)            -                  -          
[2026-04-03T02:34:11.491+0600][18.172s][info][gc          ] GC(6) Garbage Collection (Allocation Rate) 638M(43%)->276M(18%)
[2026-04-03T02:34:13.238+0600][19.920s][info][gc,start    ] GC(7) Garbage Collection (System.gc())
[2026-04-03T02:34:13.238+0600][19.920s][info][gc,task     ] GC(7) Using 3 workers
[2026-04-03T02:34:13.239+0600][19.920s][info][gc,phases   ] GC(7) Pause Mark Start 0.009ms
[2026-04-03T02:34:13.324+0600][20.006s][info][gc,phases   ] GC(7) Concurrent Mark 85.107ms
[2026-04-03T02:34:13.324+0600][20.006s][info][gc,phases   ] GC(7) Pause Mark End 0.024ms
[2026-04-03T02:34:13.324+0600][20.006s][info][gc,phases   ] GC(7) Concurrent Mark Free 0.003ms
[2026-04-03T02:34:13.346+0600][20.027s][info][gc,phases   ] GC(7) Concurrent Process Non-Strong References 21.387ms
[2026-04-03T02:34:13.346+0600][20.027s][info][gc,phases   ] GC(7) Concurrent Reset Relocation Set 0.013ms
[2026-04-03T02:34:13.349+0600][20.031s][info][gc,phases   ] GC(7) Concurrent Select Relocation Set 3.109ms
[2026-04-03T02:34:13.349+0600][20.031s][info][gc,phases   ] GC(7) Pause Relocate Start 0.015ms
[2026-04-03T02:34:13.370+0600][20.052s][info][gc,phases   ] GC(7) Concurrent Relocate 20.613ms
[2026-04-03T02:34:13.370+0600][20.052s][info][gc,load     ] GC(7) Load: 4.42/5.49/5.74
[2026-04-03T02:34:13.370+0600][20.052s][info][gc,mmu      ] GC(7) MMU: 2ms/90.9%, 5ms/96.4%, 10ms/98.2%, 20ms/99.0%, 50ms/99.6%, 100ms/99.8%
[2026-04-03T02:34:13.370+0600][20.052s][info][gc,marking  ] GC(7) Mark: 2 stripe(s), 4 proactive flush(es), 1 terminate flush(es), 0 completion(s), 0 continuation(s) 
[2026-04-03T02:34:13.370+0600][20.052s][info][gc,marking  ] GC(7) Mark Stack Usage: 32M
[2026-04-03T02:34:13.370+0600][20.052s][info][gc,nmethod  ] GC(7) NMethods: 8841 registered, 1410 unregistered
[2026-04-03T02:34:13.370+0600][20.052s][info][gc,metaspace] GC(7) Metaspace: 118M used, 119M committed, 1152M reserved
[2026-04-03T02:34:13.370+0600][20.052s][info][gc,ref      ] GC(7) Soft: 5903 encountered, 0 discovered, 0 enqueued
[2026-04-03T02:34:13.370+0600][20.052s][info][gc,ref      ] GC(7) Weak: 14436 encountered, 5052 discovered, 1145 enqueued
[2026-04-03T02:34:13.370+0600][20.052s][info][gc,ref      ] GC(7) Final: 84 encountered, 0 discovered, 0 enqueued
[2026-04-03T02:34:13.370+0600][20.052s][info][gc,ref      ] GC(7) Phantom: 609 encountered, 413 discovered, 1 enqueued
[2026-04-03T02:34:13.370+0600][20.052s][info][gc,reloc    ] GC(7) Small Pages: 305 / 610M, Empty: 140M, Relocated: 15M, In-Place: 0
[2026-04-03T02:34:13.370+0600][20.052s][info][gc,reloc    ] GC(7) Medium Pages: 4 / 128M, Empty: 64M, Relocated: 8M, In-Place: 0
[2026-04-03T02:34:13.370+0600][20.052s][info][gc,reloc    ] GC(7) Large Pages: 16 / 96M, Empty: 96M, Relocated: 0M, In-Place: 0
[2026-04-03T02:34:13.370+0600][20.052s][info][gc,reloc    ] GC(7) Forwarding Usage: 6M
[2026-04-03T02:34:13.371+0600][20.052s][info][gc,heap     ] GC(7) Min Capacity: 8M(1%)
[2026-04-03T02:34:13.371+0600][20.052s][info][gc,heap     ] GC(7) Max Capacity: 1500M(100%)
[2026-04-03T02:34:13.371+0600][20.052s][info][gc,heap     ] GC(7) Soft Max Capacity: 1500M(100%)
[2026-04-03T02:34:13.371+0600][20.052s][info][gc,heap     ] GC(7)                Mark Start          Mark End        Relocate Start      Relocate End           High               Low         
[2026-04-03T02:34:13.371+0600][20.052s][info][gc,heap     ] GC(7)  Capacity:      866M (58%)         866M (58%)         866M (58%)         866M (58%)         866M (58%)         866M (58%)    
[2026-04-03T02:34:13.371+0600][20.052s][info][gc,heap     ] GC(7)      Free:      666M (44%)         664M (44%)         958M (64%)        1362M (91%)        1362M (91%)         664M (44%)    
[2026-04-03T02:34:13.371+0600][20.052s][info][gc,heap     ] GC(7)      Used:      834M (56%)         836M (56%)         542M (36%)         138M (9%)          836M (56%)         138M (9%)     
[2026-04-03T02:34:13.371+0600][20.052s][info][gc,heap     ] GC(7)      Live:         -                88M (6%)           88M (6%)           88M (6%)             -                  -          
[2026-04-03T02:34:13.371+0600][20.052s][info][gc,heap     ] GC(7) Allocated:         -                 2M (0%)            8M (1%)           13M (1%)             -                  -          
[2026-04-03T02:34:13.371+0600][20.052s][info][gc,heap     ] GC(7)   Garbage:         -               745M (50%)         445M (30%)          35M (2%)             -                  -          
[2026-04-03T02:34:13.371+0600][20.052s][info][gc,heap     ] GC(7) Reclaimed:         -                  -               300M (20%)         709M (47%)            -                  -          
[2026-04-03T02:34:13.371+0600][20.052s][info][gc          ] GC(7) Garbage Collection (System.gc()) 834M(56%)->138M(9%)
[2026-04-03T02:34:13.422+0600][20.103s][info][gc,stats    ] === Garbage Collection Statistics =======================================================================================================================
[2026-04-03T02:34:13.422+0600][20.104s][info][gc,stats    ]                                                              Last 10s              Last 10m              Last 10h                Total
[2026-04-03T02:34:13.422+0600][20.104s][info][gc,stats    ]                                                              Avg / Max             Avg / Max             Avg / Max             Avg / Max
[2026-04-03T02:34:13.422+0600][20.104s][info][gc,stats    ]   Collector: Garbage Collection Cycle                    185.705 / 269.087     111.673 / 269.087     111.673 / 269.087     111.673 / 269.087     ms
[2026-04-03T02:34:13.422+0600][20.104s][info][gc,stats    ]  Contention: Mark Segment Reset Contention                     6 / 62                3 / 62                3 / 62                3 / 62          ops/s
[2026-04-03T02:34:13.422+0600][20.104s][info][gc,stats    ]  Contention: Mark SeqNum Reset Contention                      0 / 0                 0 / 0                 0 / 0                 0 / 0           ops/s
[2026-04-03T02:34:13.422+0600][20.104s][info][gc,stats    ]    Critical: Allocation Stall                                  0 / 0                 0 / 0                 0 / 0                 0 / 0           ops/s
[2026-04-03T02:34:13.422+0600][20.104s][info][gc,stats    ]    Critical: Allocation Stall                              0.000 / 0.000         0.000 / 0.000         0.000 / 0.000         0.000 / 0.000       ms
[2026-04-03T02:34:13.422+0600][20.104s][info][gc,stats    ]    Critical: GC Locker Stall                                   0 / 0                 0 / 0                 0 / 0                 0 / 0           ops/s
[2026-04-03T02:34:13.422+0600][20.104s][info][gc,stats    ]    Critical: GC Locker Stall                               0.000 / 0.000         0.000 / 0.000         0.000 / 0.000         0.000 / 0.000       ms
[2026-04-03T02:34:13.422+0600][20.104s][info][gc,stats    ]    Critical: Relocation Stall                                  0 / 0                 0 / 0                 0 / 0                 0 / 0           ops/s
[2026-04-03T02:34:13.422+0600][20.104s][info][gc,stats    ]    Critical: Relocation Stall                              0.000 / 0.000         0.000 / 0.000         0.000 / 0.000         0.000 / 0.000       ms
[2026-04-03T02:34:13.422+0600][20.104s][info][gc,stats    ]      Memory: Allocation Rate                                 204 / 510             145 / 510             145 / 510             145 / 510         MB/s
[2026-04-03T02:34:13.422+0600][20.104s][info][gc,stats    ]      Memory: Defragment                                       12 / 69                6 / 69                6 / 69                6 / 69          ops/s
[2026-04-03T02:34:13.422+0600][20.104s][info][gc,stats    ]      Memory: Out Of Memory                                     0 / 0                 0 / 0                 0 / 0                 0 / 0           ops/s
[2026-04-03T02:34:13.422+0600][20.104s][info][gc,stats    ]      Memory: Page Cache Flush                                 24 / 138              12 / 138              12 / 138              12 / 138         MB/s
[2026-04-03T02:34:13.422+0600][20.104s][info][gc,stats    ]      Memory: Page Cache Hit L1                                66 / 119              46 / 119              46 / 119              46 / 119         ops/s
[2026-04-03T02:34:13.422+0600][20.104s][info][gc,stats    ]      Memory: Page Cache Hit L2                                 0 / 0                 0 / 0                 0 / 0                 0 / 0           ops/s
[2026-04-03T02:34:13.422+0600][20.104s][info][gc,stats    ]      Memory: Page Cache Hit L3                                12 / 67               11 / 93               11 / 93               11 / 93          ops/s
[2026-04-03T02:34:13.422+0600][20.104s][info][gc,stats    ]      Memory: Page Cache Miss                                   3 / 15                4 / 35                4 / 35                4 / 35          ops/s
[2026-04-03T02:34:13.422+0600][20.104s][info][gc,stats    ]      Memory: Uncommit                                          0 / 0                 0 / 0                 0 / 0                 0 / 0           MB/s
[2026-04-03T02:34:13.422+0600][20.104s][info][gc,stats    ]      Memory: Undo Object Allocation Failed                     0 / 0                 0 / 0                 0 / 0                 0 / 0           ops/s
[2026-04-03T02:34:13.422+0600][20.104s][info][gc,stats    ]      Memory: Undo Object Allocation Succeeded                  0 / 4                 0 / 4                 0 / 4                 0 / 4           ops/s
[2026-04-03T02:34:13.422+0600][20.104s][info][gc,stats    ]      Memory: Undo Page Allocation                              0 / 6                 0 / 6                 0 / 6                 0 / 6           ops/s
[2026-04-03T02:34:13.422+0600][20.104s][info][gc,stats    ]       Phase: Concurrent Mark                              98.711 / 154.705      56.497 / 154.705      56.497 / 154.705      56.497 / 154.705     ms
[2026-04-03T02:34:13.422+0600][20.104s][info][gc,stats    ]       Phase: Concurrent Mark Continue                      0.000 / 0.000         0.000 / 0.000         0.000 / 0.000         0.000 / 0.000       ms
[2026-04-03T02:34:13.422+0600][20.104s][info][gc,stats    ]       Phase: Concurrent Mark Free                          0.002 / 0.003         0.002 / 0.003         0.002 / 0.003         0.002 / 0.003       ms
[2026-04-03T02:34:13.422+0600][20.104s][info][gc,stats    ]       Phase: Concurrent Process Non-Strong References     38.319 / 80.610       20.574 / 80.610       20.574 / 80.610       20.574 / 80.610      ms
[2026-04-03T02:34:13.422+0600][20.104s][info][gc,stats    ]       Phase: Concurrent Relocate                          35.796 / 48.786       22.053 / 48.786       22.053 / 48.786       22.053 / 48.786      ms
[2026-04-03T02:34:13.422+0600][20.104s][info][gc,stats    ]       Phase: Concurrent Reset Relocation Set               0.017 / 0.021         0.014 / 0.022         0.014 / 0.022         0.014 / 0.022       ms
[2026-04-03T02:34:13.422+0600][20.104s][info][gc,stats    ]       Phase: Concurrent Select Relocation Set              7.749 / 13.433        6.234 / 13.433        6.234 / 13.433        6.234 / 13.433      ms
[2026-04-03T02:34:13.422+0600][20.104s][info][gc,stats    ]       Phase: Pause Mark End                                0.024 / 0.029         0.041 / 0.182         0.041 / 0.182         0.041 / 0.182       ms
[2026-04-03T02:34:13.422+0600][20.104s][info][gc,stats    ]       Phase: Pause Mark Start                              0.012 / 0.017         0.011 / 0.017         0.011 / 0.017         0.011 / 0.017       ms
[2026-04-03T02:34:13.422+0600][20.104s][info][gc,stats    ]       Phase: Pause Relocate Start                          0.016 / 0.020         0.014 / 0.020         0.014 / 0.020         0.014 / 0.020       ms
[2026-04-03T02:34:13.422+0600][20.104s][info][gc,stats    ]    Subphase: Concurrent Classes Purge                      1.349 / 2.367         0.774 / 2.367         0.774 / 2.367         0.774 / 2.367       ms
[2026-04-03T02:34:13.422+0600][20.104s][info][gc,stats    ]    Subphase: Concurrent Classes Unlink                    32.187 / 69.993       16.903 / 69.993       16.903 / 69.993       16.903 / 69.993      ms
[2026-04-03T02:34:13.422+0600][20.104s][info][gc,stats    ]    Subphase: Concurrent Mark                              95.700 / 153.436      53.967 / 153.436      53.967 / 153.436      53.967 / 153.436     ms
[2026-04-03T02:34:13.422+0600][20.104s][info][gc,stats    ]    Subphase: Concurrent Mark Try Flush                     1.552 / 3.852         0.886 / 3.852         0.886 / 3.852         0.886 / 3.852       ms
[2026-04-03T02:34:13.422+0600][20.104s][info][gc,stats    ]    Subphase: Concurrent Mark Try Terminate                 1.075 / 3.721         0.970 / 3.721         0.970 / 3.721         0.970 / 3.721       ms
[2026-04-03T02:34:13.422+0600][20.104s][info][gc,stats    ]    Subphase: Concurrent References Enqueue                 0.013 / 0.022         0.009 / 0.022         0.009 / 0.022         0.009 / 0.022       ms
[2026-04-03T02:34:13.422+0600][20.104s][info][gc,stats    ]    Subphase: Concurrent References Process                 0.745 / 0.987         0.476 / 0.987         0.476 / 0.987         0.476 / 0.987       ms
[2026-04-03T02:34:13.423+0600][20.104s][info][gc,stats    ]    Subphase: Concurrent Roots ClassLoaderDataGraph         0.317 / 0.862         0.266 / 0.862         0.266 / 0.862         0.266 / 0.862       ms
[2026-04-03T02:34:13.423+0600][20.104s][info][gc,stats    ]    Subphase: Concurrent Roots CodeCache                    0.000 / 0.000         0.000 / 0.000         0.000 / 0.000         0.000 / 0.000       ms
[2026-04-03T02:34:13.423+0600][20.104s][info][gc,stats    ]    Subphase: Concurrent Roots JavaThreads                  1.123 / 5.012         1.001 / 5.012         1.001 / 5.012         1.001 / 5.012       ms
[2026-04-03T02:34:13.423+0600][20.104s][info][gc,stats    ]    Subphase: Concurrent Roots OopStorageSet                0.092 / 0.209         0.081 / 0.245         0.081 / 0.245         0.081 / 0.245       ms
[2026-04-03T02:34:13.423+0600][20.104s][info][gc,stats    ]    Subphase: Concurrent Weak Roots OopStorageSet           1.927 / 6.701         1.115 / 6.701         1.115 / 6.701         1.115 / 6.701       ms
[2026-04-03T02:34:13.423+0600][20.104s][info][gc,stats    ]    Subphase: Pause Mark Try Complete                       0.000 / 0.000         0.002 / 0.004         0.002 / 0.004         0.002 / 0.004       ms
[2026-04-03T02:34:13.423+0600][20.104s][info][gc,stats    ]      System: Java Threads                                     74 / 104              47 / 104              47 / 104              47 / 104         threads
[2026-04-03T02:34:13.423+0600][20.104s][info][gc,stats    ] =========================================================================================================================================================
[2026-04-03T02:34:14.621+0600][21.303s][info][gc,start    ] GC(8) Garbage Collection (Allocation Rate)
[2026-04-03T02:34:14.621+0600][21.303s][info][gc,task     ] GC(8) Using 2 workers
[2026-04-03T02:34:14.630+0600][21.312s][info][gc,phases   ] GC(8) Pause Mark Start 0.017ms
[2026-04-03T02:34:14.884+0600][21.565s][info][gc,phases   ] GC(8) Concurrent Mark 253.223ms
[2026-04-03T02:34:14.884+0600][21.566s][info][gc,phases   ] GC(8) Pause Mark End 0.214ms
[2026-04-03T02:34:14.885+0600][21.566s][info][gc,phases   ] GC(8) Concurrent Mark Free 0.002ms
[2026-04-03T02:34:14.937+0600][21.618s][info][gc,phases   ] GC(8) Concurrent Process Non-Strong References 51.770ms
[2026-04-03T02:34:14.937+0600][21.618s][info][gc,phases   ] GC(8) Concurrent Reset Relocation Set 0.023ms
[2026-04-03T02:34:14.941+0600][21.622s][info][gc,phases   ] GC(8) Concurrent Select Relocation Set 3.846ms
[2026-04-03T02:34:14.941+0600][21.622s][info][gc,phases   ] GC(8) Pause Relocate Start 0.017ms
[2026-04-03T02:34:14.947+0600][21.628s][info][gc,phases   ] GC(8) Concurrent Relocate 5.587ms
[2026-04-03T02:34:14.947+0600][21.628s][info][gc,load     ] GC(8) Load: 4.47/5.48/5.73
[2026-04-03T02:34:14.947+0600][21.628s][info][gc,mmu      ] GC(8) MMU: 2ms/89.3%, 5ms/95.7%, 10ms/97.9%, 20ms/98.9%, 50ms/99.6%, 100ms/99.8%
[2026-04-03T02:34:14.947+0600][21.628s][info][gc,marking  ] GC(8) Mark: 2 stripe(s), 2 proactive flush(es), 1 terminate flush(es), 1 completion(s), 0 continuation(s) 
[2026-04-03T02:34:14.947+0600][21.628s][info][gc,marking  ] GC(8) Mark Stack Usage: 32M
[2026-04-03T02:34:14.947+0600][21.628s][info][gc,nmethod  ] GC(8) NMethods: 9594 registered, 1639 unregistered
[2026-04-03T02:34:14.947+0600][21.628s][info][gc,metaspace] GC(8) Metaspace: 119M used, 121M committed, 1152M reserved
[2026-04-03T02:34:14.947+0600][21.628s][info][gc,ref      ] GC(8) Soft: 6039 encountered, 0 discovered, 0 enqueued
[2026-04-03T02:34:14.947+0600][21.628s][info][gc,ref      ] GC(8) Weak: 14328 encountered, 3734 discovered, 538 enqueued
[2026-04-03T02:34:14.947+0600][21.628s][info][gc,ref      ] GC(8) Final: 84 encountered, 0 discovered, 0 enqueued
[2026-04-03T02:34:14.947+0600][21.628s][info][gc,ref      ] GC(8) Phantom: 622 encountered, 571 discovered, 0 enqueued
[2026-04-03T02:34:14.947+0600][21.628s][info][gc,reloc    ] GC(8) Small Pages: 126 / 252M, Empty: 10M, Relocated: 6M, In-Place: 0
[2026-04-03T02:34:14.947+0600][21.628s][info][gc,reloc    ] GC(8) Medium Pages: 2 / 64M, Empty: 32M, Relocated: 0M, In-Place: 0
[2026-04-03T02:34:14.947+0600][21.628s][info][gc,reloc    ] GC(8) Large Pages: 88 / 528M, Empty: 504M, Relocated: 0M, In-Place: 0
[2026-04-03T02:34:14.947+0600][21.628s][info][gc,reloc    ] GC(8) Forwarding Usage: 1M
[2026-04-03T02:34:14.947+0600][21.628s][info][gc,heap     ] GC(8) Min Capacity: 8M(1%)
[2026-04-03T02:34:14.947+0600][21.629s][info][gc,heap     ] GC(8) Max Capacity: 1500M(100%)
[2026-04-03T02:34:14.947+0600][21.629s][info][gc,heap     ] GC(8) Soft Max Capacity: 1500M(100%)
[2026-04-03T02:34:14.947+0600][21.629s][info][gc,heap     ] GC(8)                Mark Start          Mark End        Relocate Start      Relocate End           High               Low         
[2026-04-03T02:34:14.947+0600][21.629s][info][gc,heap     ] GC(8)  Capacity:     1208M (81%)        1500M (100%)       1500M (100%)       1500M (100%)       1500M (100%)       1208M (81%)    
[2026-04-03T02:34:14.947+0600][21.629s][info][gc,heap     ] GC(8)      Free:      656M (44%)         326M (22%)         858M (57%)        1004M (67%)        1006M (67%)         294M (20%)    
[2026-04-03T02:34:14.947+0600][21.629s][info][gc,heap     ] GC(8)      Used:      844M (56%)        1174M (78%)         642M (43%)         496M (33%)        1206M (80%)         494M (33%)    
[2026-04-03T02:34:14.947+0600][21.629s][info][gc,heap     ] GC(8)      Live:         -               117M (8%)          117M (8%)          117M (8%)             -                  -          
[2026-04-03T02:34:14.947+0600][21.629s][info][gc,heap     ] GC(8) Allocated:         -               330M (22%)         344M (23%)         345M (23%)            -                  -          
[2026-04-03T02:34:14.947+0600][21.629s][info][gc,heap     ] GC(8)   Garbage:         -               726M (48%)         180M (12%)          32M (2%)             -                  -          
[2026-04-03T02:34:14.947+0600][21.629s][info][gc,heap     ] GC(8) Reclaimed:         -                  -               546M (36%)         693M (46%)            -                  -          
[2026-04-03T02:34:14.947+0600][21.629s][info][gc          ] GC(8) Garbage Collection (Allocation Rate) 844M(56%)->496M(33%)
[2026-04-03T02:34:15.922+0600][22.603s][info][gc,start    ] GC(9) Garbage Collection (Allocation Rate)
[2026-04-03T02:34:15.922+0600][22.603s][info][gc,task     ] GC(9) Using 2 workers
[2026-04-03T02:34:15.922+0600][22.604s][info][gc,phases   ] GC(9) Pause Mark Start 0.017ms
[2026-04-03T02:34:16.015+0600][22.696s][info][gc,phases   ] GC(9) Concurrent Mark 92.264ms
[2026-04-03T02:34:16.015+0600][22.697s][info][gc,phases   ] GC(9) Pause Mark End 0.027ms
[2026-04-03T02:34:16.015+0600][22.697s][info][gc,phases   ] GC(9) Concurrent Mark Free 0.001ms
[2026-04-03T02:34:16.051+0600][22.733s][info][gc,phases   ] GC(9) Concurrent Process Non-Strong References 36.105ms
[2026-04-03T02:34:16.051+0600][22.733s][info][gc,phases   ] GC(9) Concurrent Reset Relocation Set 0.010ms
[2026-04-03T02:34:16.054+0600][22.736s][info][gc,phases   ] GC(9) Concurrent Select Relocation Set 3.063ms
[2026-04-03T02:34:16.055+0600][22.736s][info][gc,phases   ] GC(9) Pause Relocate Start 0.015ms
[2026-04-03T02:34:16.063+0600][22.745s][info][gc,phases   ] GC(9) Concurrent Relocate 8.341ms
[2026-04-03T02:34:16.064+0600][22.745s][info][gc,load     ] GC(9) Load: 4.47/5.48/5.73
[2026-04-03T02:34:16.064+0600][22.745s][info][gc,mmu      ] GC(9) MMU: 2ms/89.3%, 5ms/95.7%, 10ms/97.9%, 20ms/98.9%, 50ms/99.6%, 100ms/99.8%
[2026-04-03T02:34:16.064+0600][22.745s][info][gc,marking  ] GC(9) Mark: 2 stripe(s), 2 proactive flush(es), 1 terminate flush(es), 0 completion(s), 0 continuation(s) 
[2026-04-03T02:34:16.064+0600][22.745s][info][gc,marking  ] GC(9) Mark Stack Usage: 32M
[2026-04-03T02:34:16.064+0600][22.745s][info][gc,nmethod  ] GC(9) NMethods: 10096 registered, 174 unregistered
[2026-04-03T02:34:16.064+0600][22.745s][info][gc,metaspace] GC(9) Metaspace: 123M used, 125M committed, 1152M reserved
[2026-04-03T02:34:16.064+0600][22.745s][info][gc,ref      ] GC(9) Soft: 6191 encountered, 0 discovered, 0 enqueued
[2026-04-03T02:34:16.064+0600][22.745s][info][gc,ref      ] GC(9) Weak: 14781 encountered, 3828 discovered, 594 enqueued
[2026-04-03T02:34:16.064+0600][22.745s][info][gc,ref      ] GC(9) Final: 84 encountered, 0 discovered, 0 enqueued
[2026-04-03T02:34:16.064+0600][22.745s][info][gc,ref      ] GC(9) Phantom: 622 encountered, 303 discovered, 0 enqueued
[2026-04-03T02:34:16.064+0600][22.745s][info][gc,reloc    ] GC(9) Small Pages: 126 / 252M, Empty: 22M, Relocated: 8M, In-Place: 0
[2026-04-03T02:34:16.064+0600][22.745s][info][gc,reloc    ] GC(9) Medium Pages: 2 / 64M, Empty: 32M, Relocated: 0M, In-Place: 0
[2026-04-03T02:34:16.064+0600][22.745s][info][gc,reloc    ] GC(9) Large Pages: 55 / 330M, Empty: 330M, Relocated: 0M, In-Place: 0
[2026-04-03T02:34:16.064+0600][22.745s][info][gc,reloc    ] GC(9) Forwarding Usage: 2M
[2026-04-03T02:34:16.064+0600][22.745s][info][gc,heap     ] GC(9) Min Capacity: 8M(1%)
[2026-04-03T02:34:16.064+0600][22.745s][info][gc,heap     ] GC(9) Max Capacity: 1500M(100%)
[2026-04-03T02:34:16.064+0600][22.745s][info][gc,heap     ] GC(9) Soft Max Capacity: 1500M(100%)
[2026-04-03T02:34:16.064+0600][22.745s][info][gc,heap     ] GC(9)                Mark Start          Mark End        Relocate Start      Relocate End           High               Low         
[2026-04-03T02:34:16.064+0600][22.745s][info][gc,heap     ] GC(9)  Capacity:     1500M (100%)       1500M (100%)       1500M (100%)       1500M (100%)       1500M (100%)       1500M (100%)   
[2026-04-03T02:34:16.064+0600][22.745s][info][gc,heap     ] GC(9)      Free:      854M (57%)         818M (55%)        1196M (80%)        1324M (88%)        1324M (88%)         818M (55%)    
[2026-04-03T02:34:16.064+0600][22.745s][info][gc,heap     ] GC(9)      Used:      646M (43%)         682M (45%)         304M (20%)         176M (12%)         682M (45%)         176M (12%)    
[2026-04-03T02:34:16.064+0600][22.745s][info][gc,heap     ] GC(9)      Live:         -                94M (6%)           94M (6%)           94M (6%)             -                  -          
[2026-04-03T02:34:16.064+0600][22.745s][info][gc,heap     ] GC(9) Allocated:         -                36M (2%)           42M (3%)           49M (3%)             -                  -          
[2026-04-03T02:34:16.064+0600][22.745s][info][gc,heap     ] GC(9)   Garbage:         -               551M (37%)         167M (11%)          31M (2%)             -                  -          
[2026-04-03T02:34:16.064+0600][22.745s][info][gc,heap     ] GC(9) Reclaimed:         -                  -               384M (26%)         519M (35%)            -                  -          
[2026-04-03T02:34:16.064+0600][22.745s][info][gc          ] GC(9) Garbage Collection (Allocation Rate) 646M(43%)->176M(12%)
[2026-04-03T02:34:17.321+0600][24.003s][info][gc,start    ] GC(10) Garbage Collection (Allocation Rate)
[2026-04-03T02:34:17.321+0600][24.003s][info][gc,task     ] GC(10) Using 2 workers
[2026-04-03T02:34:17.322+0600][24.003s][info][gc,phases   ] GC(10) Pause Mark Start 0.018ms
[2026-04-03T02:34:17.502+0600][24.184s][info][gc,phases   ] GC(10) Concurrent Mark 180.304ms
[2026-04-03T02:34:17.503+0600][24.184s][info][gc,phases   ] GC(10) Pause Mark End 0.043ms
[2026-04-03T02:34:17.503+0600][24.184s][info][gc,phases   ] GC(10) Concurrent Mark Free 0.004ms
[2026-04-03T02:34:17.558+0600][24.240s][info][gc,phases   ] GC(10) Concurrent Process Non-Strong References 55.452ms
[2026-04-03T02:34:17.558+0600][24.240s][info][gc,phases   ] GC(10) Concurrent Reset Relocation Set 0.019ms
[2026-04-03T02:34:17.564+0600][24.245s][info][gc,phases   ] GC(10) Concurrent Select Relocation Set 5.464ms
[2026-04-03T02:34:17.565+0600][24.247s][info][gc,phases   ] GC(10) Pause Relocate Start 0.016ms
[2026-04-03T02:34:17.580+0600][24.261s][info][gc,phases   ] GC(10) Concurrent Relocate 13.973ms
[2026-04-03T02:34:17.580+0600][24.261s][info][gc,load     ] GC(10) Load: 4.47/5.48/5.73
[2026-04-03T02:34:17.580+0600][24.261s][info][gc,mmu      ] GC(10) MMU: 2ms/89.3%, 5ms/95.7%, 10ms/97.9%, 20ms/98.9%, 50ms/99.6%, 100ms/99.8%
[2026-04-03T02:34:17.580+0600][24.261s][info][gc,marking  ] GC(10) Mark: 2 stripe(s), 10 proactive flush(es), 1 terminate flush(es), 0 completion(s), 0 continuation(s) 
[2026-04-03T02:34:17.580+0600][24.261s][info][gc,marking  ] GC(10) Mark Stack Usage: 32M
[2026-04-03T02:34:17.580+0600][24.261s][info][gc,nmethod  ] GC(10) NMethods: 11242 registered, 181 unregistered
[2026-04-03T02:34:17.580+0600][24.261s][info][gc,metaspace] GC(10) Metaspace: 124M used, 125M committed, 1152M reserved
[2026-04-03T02:34:17.580+0600][24.261s][info][gc,ref      ] GC(10) Soft: 6189 encountered, 0 discovered, 0 enqueued
[2026-04-03T02:34:17.580+0600][24.261s][info][gc,ref      ] GC(10) Weak: 15135 encountered, 4021 discovered, 243 enqueued
[2026-04-03T02:34:17.580+0600][24.261s][info][gc,ref      ] GC(10) Final: 84 encountered, 0 discovered, 0 enqueued
[2026-04-03T02:34:17.580+0600][24.261s][info][gc,ref      ] GC(10) Phantom: 620 encountered, 295 discovered, 0 enqueued
[2026-04-03T02:34:17.580+0600][24.261s][info][gc,reloc    ] GC(10) Small Pages: 286 / 572M, Empty: 144M, Relocated: 6M, In-Place: 0
[2026-04-03T02:34:17.580+0600][24.261s][info][gc,reloc    ] GC(10) Medium Pages: 4 / 128M, Empty: 96M, Relocated: 0M, In-Place: 0
[2026-04-03T02:34:17.580+0600][24.261s][info][gc,reloc    ] GC(10) Large Pages: 9 / 54M, Empty: 54M, Relocated: 0M, In-Place: 0
[2026-04-03T02:34:17.580+0600][24.261s][info][gc,reloc    ] GC(10) Forwarding Usage: 2M
[2026-04-03T02:34:17.580+0600][24.261s][info][gc,heap     ] GC(10) Min Capacity: 8M(1%)
[2026-04-03T02:34:17.580+0600][24.261s][info][gc,heap     ] GC(10) Max Capacity: 1500M(100%)
[2026-04-03T02:34:17.580+0600][24.261s][info][gc,heap     ] GC(10) Soft Max Capacity: 1500M(100%)
[2026-04-03T02:34:17.580+0600][24.261s][info][gc,heap     ] GC(10)                Mark Start          Mark End        Relocate Start      Relocate End           High               Low         
[2026-04-03T02:34:17.580+0600][24.261s][info][gc,heap     ] GC(10)  Capacity:     1500M (100%)       1500M (100%)       1500M (100%)       1500M (100%)       1500M (100%)       1500M (100%)   
[2026-04-03T02:34:17.580+0600][24.262s][info][gc,heap     ] GC(10)      Free:      746M (50%)         618M (41%)         886M (59%)        1212M (81%)        1214M (81%)         596M (40%)    
[2026-04-03T02:34:17.580+0600][24.262s][info][gc,heap     ] GC(10)      Used:      754M (50%)         882M (59%)         614M (41%)         288M (19%)         904M (60%)         286M (19%)    
[2026-04-03T02:34:17.580+0600][24.262s][info][gc,heap     ] GC(10)      Live:         -                94M (6%)           94M (6%)           94M (6%)             -                  -          
[2026-04-03T02:34:17.580+0600][24.262s][info][gc,heap     ] GC(10) Allocated:         -               128M (9%)          154M (10%)         161M (11%)            -                  -          
[2026-04-03T02:34:17.580+0600][24.262s][info][gc,heap     ] GC(10)   Garbage:         -               659M (44%)         365M (24%)          31M (2%)             -                  -          
[2026-04-03T02:34:17.580+0600][24.262s][info][gc,heap     ] GC(10) Reclaimed:         -                  -               294M (20%)         627M (42%)            -                  -          
[2026-04-03T02:34:17.580+0600][24.262s][info][gc          ] GC(10) Garbage Collection (Allocation Rate) 754M(50%)->288M(19%)
[2026-04-03T02:34:18.021+0600][24.702s][info][gc,start    ] GC(11) Garbage Collection (Allocation Rate)
[2026-04-03T02:34:18.021+0600][24.702s][info][gc,task     ] GC(11) Using 2 workers
[2026-04-03T02:34:18.021+0600][24.703s][info][gc,phases   ] GC(11) Pause Mark Start 0.039ms
[2026-04-03T02:34:18.214+0600][24.895s][info][gc,phases   ] GC(11) Concurrent Mark 192.318ms
[2026-04-03T02:34:18.214+0600][24.896s][info][gc,phases   ] GC(11) Pause Mark End 0.050ms
[2026-04-03T02:34:18.218+0600][24.899s][info][gc,phases   ] GC(11) Concurrent Mark Free 0.004ms
[2026-04-03T02:34:18.249+0600][24.931s][info][gc,phases   ] GC(11) Concurrent Process Non-Strong References 31.612ms
[2026-04-03T02:34:18.250+0600][24.931s][info][gc,phases   ] GC(11) Concurrent Reset Relocation Set 0.019ms
[2026-04-03T02:34:18.254+0600][24.936s][info][gc,phases   ] GC(11) Concurrent Select Relocation Set 4.697ms
[2026-04-03T02:34:18.255+0600][24.936s][info][gc,phases   ] GC(11) Pause Relocate Start 0.018ms
[2026-04-03T02:34:18.261+0600][24.942s][info][gc,phases   ] GC(11) Concurrent Relocate 5.582ms
[2026-04-03T02:34:18.261+0600][24.942s][info][gc,load     ] GC(11) Load: 4.47/5.48/5.73
[2026-04-03T02:34:18.261+0600][24.942s][info][gc,mmu      ] GC(11) MMU: 2ms/89.3%, 5ms/95.7%, 10ms/97.9%, 20ms/98.9%, 50ms/99.6%, 100ms/99.8%
[2026-04-03T02:34:18.261+0600][24.942s][info][gc,marking  ] GC(11) Mark: 2 stripe(s), 7 proactive flush(es), 1 terminate flush(es), 0 completion(s), 0 continuation(s) 
[2026-04-03T02:34:18.261+0600][24.942s][info][gc,marking  ] GC(11) Mark Stack Usage: 32M
[2026-04-03T02:34:18.261+0600][24.942s][info][gc,nmethod  ] GC(11) NMethods: 11647 registered, 319 unregistered
[2026-04-03T02:34:18.261+0600][24.942s][info][gc,metaspace] GC(11) Metaspace: 125M used, 126M committed, 1152M reserved
[2026-04-03T02:34:18.261+0600][24.942s][info][gc,ref      ] GC(11) Soft: 6189 encountered, 0 discovered, 0 enqueued
[2026-04-03T02:34:18.261+0600][24.942s][info][gc,ref      ] GC(11) Weak: 15685 encountered, 3517 discovered, 22 enqueued
[2026-04-03T02:34:18.261+0600][24.942s][info][gc,ref      ] GC(11) Final: 84 encountered, 0 discovered, 0 enqueued
[2026-04-03T02:34:18.261+0600][24.942s][info][gc,ref      ] GC(11) Phantom: 620 encountered, 378 discovered, 0 enqueued
[2026-04-03T02:34:18.261+0600][24.942s][info][gc,reloc    ] GC(11) Small Pages: 241 / 482M, Empty: 148M, Relocated: 3M, In-Place: 0
[2026-04-03T02:34:18.261+0600][24.942s][info][gc,reloc    ] GC(11) Medium Pages: 4 / 128M, Empty: 96M, Relocated: 0M, In-Place: 0
[2026-04-03T02:34:18.261+0600][24.942s][info][gc,reloc    ] GC(11) Large Pages: 11 / 66M, Empty: 66M, Relocated: 0M, In-Place: 0
[2026-04-03T02:34:18.261+0600][24.942s][info][gc,reloc    ] GC(11) Forwarding Usage: 0M
[2026-04-03T02:34:18.261+0600][24.942s][info][gc,heap     ] GC(11) Min Capacity: 8M(1%)
[2026-04-03T02:34:18.261+0600][24.942s][info][gc,heap     ] GC(11) Max Capacity: 1500M(100%)
[2026-04-03T02:34:18.261+0600][24.942s][info][gc,heap     ] GC(11) Soft Max Capacity: 1500M(100%)
[2026-04-03T02:34:18.261+0600][24.942s][info][gc,heap     ] GC(11)                Mark Start          Mark End        Relocate Start      Relocate End           High               Low         
[2026-04-03T02:34:18.261+0600][24.942s][info][gc,heap     ] GC(11)  Capacity:     1500M (100%)       1500M (100%)       1500M (100%)       1500M (100%)       1500M (100%)       1500M (100%)   
[2026-04-03T02:34:18.261+0600][24.943s][info][gc,heap     ] GC(11)      Free:      824M (55%)         670M (45%)         974M (65%)        1202M (80%)        1206M (80%)         666M (44%)    
[2026-04-03T02:34:18.261+0600][24.943s][info][gc,heap     ] GC(11)      Used:      676M (45%)         830M (55%)         526M (35%)         298M (20%)         834M (56%)         294M (20%)    
[2026-04-03T02:34:18.261+0600][24.943s][info][gc,heap     ] GC(11)      Live:         -                95M (6%)           95M (6%)           95M (6%)             -                  -          
[2026-04-03T02:34:18.261+0600][24.943s][info][gc,heap     ] GC(11) Allocated:         -               154M (10%)         160M (11%)         167M (11%)            -                  -          
[2026-04-03T02:34:18.261+0600][24.943s][info][gc,heap     ] GC(11)   Garbage:         -               580M (39%)         270M (18%)          34M (2%)             -                  -          
[2026-04-03T02:34:18.261+0600][24.943s][info][gc,heap     ] GC(11) Reclaimed:         -                  -               310M (21%)         545M (36%)            -                  -          
[2026-04-03T02:34:18.261+0600][24.943s][info][gc          ] GC(11) Garbage Collection (Allocation Rate) 676M(45%)->298M(20%)
[2026-04-03T02:34:19.321+0600][26.002s][info][gc,start    ] GC(12) Garbage Collection (Allocation Rate)
[2026-04-03T02:34:19.321+0600][26.003s][info][gc,task     ] GC(12) Using 2 workers
[2026-04-03T02:34:19.322+0600][26.003s][info][gc,phases   ] GC(12) Pause Mark Start 0.016ms
[2026-04-03T02:34:19.514+0600][26.196s][info][gc,phases   ] GC(12) Concurrent Mark 191.868ms
[2026-04-03T02:34:19.515+0600][26.196s][info][gc,phases   ] GC(12) Pause Mark End 0.051ms
[2026-04-03T02:34:19.515+0600][26.196s][info][gc,phases   ] GC(12) Concurrent Mark Free 0.005ms
[2026-04-03T02:34:19.538+0600][26.219s][info][gc,phases   ] GC(12) Concurrent Process Non-Strong References 22.943ms
[2026-04-03T02:34:19.538+0600][26.219s][info][gc,phases   ] GC(12) Concurrent Reset Relocation Set 0.014ms
[2026-04-03T02:34:19.544+0600][26.225s][info][gc,phases   ] GC(12) Concurrent Select Relocation Set 5.888ms
[2026-04-03T02:34:19.544+0600][26.226s][info][gc,phases   ] GC(12) Pause Relocate Start 0.017ms
[2026-04-03T02:34:19.556+0600][26.238s][info][gc,phases   ] GC(12) Concurrent Relocate 11.652ms
[2026-04-03T02:34:19.556+0600][26.238s][info][gc,load     ] GC(12) Load: 4.47/5.48/5.73
[2026-04-03T02:34:19.556+0600][26.238s][info][gc,mmu      ] GC(12) MMU: 2ms/89.3%, 5ms/95.7%, 10ms/97.9%, 20ms/98.9%, 50ms/99.6%, 100ms/99.8%
[2026-04-03T02:34:19.556+0600][26.238s][info][gc,marking  ] GC(12) Mark: 2 stripe(s), 2 proactive flush(es), 1 terminate flush(es), 0 completion(s), 0 continuation(s) 
[2026-04-03T02:34:19.556+0600][26.238s][info][gc,marking  ] GC(12) Mark Stack Usage: 32M
[2026-04-03T02:34:19.556+0600][26.238s][info][gc,nmethod  ] GC(12) NMethods: 12269 registered, 504 unregistered
[2026-04-03T02:34:19.556+0600][26.238s][info][gc,metaspace] GC(12) Metaspace: 125M used, 127M committed, 1152M reserved
[2026-04-03T02:34:19.556+0600][26.238s][info][gc,ref      ] GC(12) Soft: 6215 encountered, 0 discovered, 0 enqueued
[2026-04-03T02:34:19.556+0600][26.238s][info][gc,ref      ] GC(12) Weak: 16966 encountered, 6087 discovered, 1658 enqueued
[2026-04-03T02:34:19.556+0600][26.238s][info][gc,ref      ] GC(12) Final: 84 encountered, 0 discovered, 0 enqueued
[2026-04-03T02:34:19.556+0600][26.238s][info][gc,ref      ] GC(12) Phantom: 620 encountered, 566 discovered, 0 enqueued
[2026-04-03T02:34:19.556+0600][26.238s][info][gc,reloc    ] GC(12) Small Pages: 415 / 830M, Empty: 262M, Relocated: 8M, In-Place: 0
[2026-04-03T02:34:19.556+0600][26.238s][info][gc,reloc    ] GC(12) Medium Pages: 5 / 160M, Empty: 128M, Relocated: 0M, In-Place: 0
[2026-04-03T02:34:19.557+0600][26.238s][info][gc,reloc    ] GC(12) Large Pages: 17 / 102M, Empty: 102M, Relocated: 0M, In-Place: 0
[2026-04-03T02:34:19.557+0600][26.238s][info][gc,reloc    ] GC(12) Forwarding Usage: 2M
[2026-04-03T02:34:19.557+0600][26.238s][info][gc,heap     ] GC(12) Min Capacity: 8M(1%)
[2026-04-03T02:34:19.557+0600][26.238s][info][gc,heap     ] GC(12) Max Capacity: 1500M(100%)
[2026-04-03T02:34:19.557+0600][26.238s][info][gc,heap     ] GC(12) Soft Max Capacity: 1500M(100%)
[2026-04-03T02:34:19.557+0600][26.238s][info][gc,heap     ] GC(12)                Mark Start          Mark End        Relocate Start      Relocate End           High               Low         
[2026-04-03T02:34:19.557+0600][26.238s][info][gc,heap     ] GC(12)  Capacity:     1500M (100%)       1500M (100%)       1500M (100%)       1500M (100%)       1500M (100%)       1500M (100%)   
[2026-04-03T02:34:19.557+0600][26.238s][info][gc,heap     ] GC(12)      Free:      408M (27%)         254M (17%)         724M (48%)        1186M (79%)        1188M (79%)         246M (16%)    
[2026-04-03T02:34:19.557+0600][26.238s][info][gc,heap     ] GC(12)      Used:     1092M (73%)        1246M (83%)         776M (52%)         314M (21%)        1254M (84%)         312M (21%)    
[2026-04-03T02:34:19.557+0600][26.238s][info][gc,heap     ] GC(12)      Live:         -                98M (7%)           98M (7%)           98M (7%)             -                  -          
[2026-04-03T02:34:19.557+0600][26.238s][info][gc,heap     ] GC(12) Allocated:         -               154M (10%)         176M (12%)         179M (12%)            -                  -          
[2026-04-03T02:34:19.557+0600][26.238s][info][gc,heap     ] GC(12)   Garbage:         -               993M (66%)         501M (33%)          35M (2%)             -                  -          
[2026-04-03T02:34:19.557+0600][26.238s][info][gc,heap     ] GC(12) Reclaimed:         -                  -               492M (33%)         957M (64%)            -                  -          
[2026-04-03T02:34:19.557+0600][26.238s][info][gc          ] GC(12) Garbage Collection (Allocation Rate) 1092M(73%)->314M(21%)
[2026-04-03T02:34:20.321+0600][27.002s][info][gc,start    ] GC(13) Garbage Collection (Allocation Rate)
[2026-04-03T02:34:20.321+0600][27.003s][info][gc,task     ] GC(13) Using 2 workers
[2026-04-03T02:34:20.321+0600][27.003s][info][gc,phases   ] GC(13) Pause Mark Start 0.021ms
[2026-04-03T02:34:20.536+0600][27.218s][info][gc,phases   ] GC(13) Concurrent Mark 215.023ms
[2026-04-03T02:34:20.537+0600][27.219s][info][gc,phases   ] GC(13) Pause Mark End 0.079ms
[2026-04-03T02:34:20.537+0600][27.219s][info][gc,phases   ] GC(13) Concurrent Mark Free 0.002ms
[2026-04-03T02:34:20.597+0600][27.278s][info][gc,phases   ] GC(13) Concurrent Process Non-Strong References 59.176ms
[2026-04-03T02:34:20.597+0600][27.278s][info][gc,phases   ] GC(13) Concurrent Reset Relocation Set 0.031ms
[2026-04-03T02:34:20.601+0600][27.283s][info][gc,phases   ] GC(13) Concurrent Select Relocation Set 4.601ms
[2026-04-03T02:34:20.602+0600][27.283s][info][gc,phases   ] GC(13) Pause Relocate Start 0.018ms
[2026-04-03T02:34:20.622+0600][27.303s][info][gc,phases   ] GC(13) Concurrent Relocate 19.676ms
[2026-04-03T02:34:20.622+0600][27.303s][info][gc,load     ] GC(13) Load: 4.99/5.57/5.76
[2026-04-03T02:34:20.622+0600][27.303s][info][gc,mmu      ] GC(13) MMU: 2ms/89.3%, 5ms/95.7%, 10ms/97.9%, 20ms/98.9%, 50ms/99.6%, 100ms/99.8%
[2026-04-03T02:34:20.622+0600][27.303s][info][gc,marking  ] GC(13) Mark: 2 stripe(s), 2 proactive flush(es), 1 terminate flush(es), 0 completion(s), 0 continuation(s) 
[2026-04-03T02:34:20.622+0600][27.303s][info][gc,marking  ] GC(13) Mark Stack Usage: 32M
[2026-04-03T02:34:20.622+0600][27.303s][info][gc,nmethod  ] GC(13) NMethods: 12640 registered, 700 unregistered
[2026-04-03T02:34:20.622+0600][27.303s][info][gc,metaspace] GC(13) Metaspace: 126M used, 127M committed, 1152M reserved
[2026-04-03T02:34:20.622+0600][27.303s][info][gc,ref      ] GC(13) Soft: 6281 encountered, 0 discovered, 0 enqueued
[2026-04-03T02:34:20.622+0600][27.303s][info][gc,ref      ] GC(13) Weak: 16663 encountered, 8405 discovered, 1796 enqueued
[2026-04-03T02:34:20.622+0600][27.303s][info][gc,ref      ] GC(13) Final: 84 encountered, 48 discovered, 0 enqueued
[2026-04-03T02:34:20.622+0600][27.303s][info][gc,ref      ] GC(13) Phantom: 620 encountered, 369 discovered, 0 enqueued
[2026-04-03T02:34:20.622+0600][27.303s][info][gc,reloc    ] GC(13) Small Pages: 376 / 752M, Empty: 208M, Relocated: 13M, In-Place: 0
[2026-04-03T02:34:20.622+0600][27.303s][info][gc,reloc    ] GC(13) Medium Pages: 5 / 160M, Empty: 128M, Relocated: 0M, In-Place: 0
[2026-04-03T02:34:20.622+0600][27.303s][info][gc,reloc    ] GC(13) Large Pages: 16 / 96M, Empty: 96M, Relocated: 0M, In-Place: 0
[2026-04-03T02:34:20.622+0600][27.303s][info][gc,reloc    ] GC(13) Forwarding Usage: 4M
[2026-04-03T02:34:20.622+0600][27.303s][info][gc,heap     ] GC(13) Min Capacity: 8M(1%)
[2026-04-03T02:34:20.622+0600][27.303s][info][gc,heap     ] GC(13) Max Capacity: 1500M(100%)
[2026-04-03T02:34:20.622+0600][27.303s][info][gc,heap     ] GC(13) Soft Max Capacity: 1500M(100%)
[2026-04-03T02:34:20.622+0600][27.303s][info][gc,heap     ] GC(13)                Mark Start          Mark End        Relocate Start      Relocate End           High               Low         
[2026-04-03T02:34:20.622+0600][27.303s][info][gc,heap     ] GC(13)  Capacity:     1500M (100%)       1500M (100%)       1500M (100%)       1500M (100%)       1500M (100%)       1500M (100%)   
[2026-04-03T02:34:20.622+0600][27.304s][info][gc,heap     ] GC(13)      Free:      492M (33%)         246M (16%)         650M (43%)        1078M (72%)        1082M (72%)         218M (15%)    
[2026-04-03T02:34:20.622+0600][27.304s][info][gc,heap     ] GC(13)      Used:     1008M (67%)        1254M (84%)         850M (57%)         422M (28%)        1282M (85%)         418M (28%)    
[2026-04-03T02:34:20.622+0600][27.304s][info][gc,heap     ] GC(13)      Live:         -               101M (7%)          101M (7%)          101M (7%)             -                  -          
[2026-04-03T02:34:20.622+0600][27.304s][info][gc,heap     ] GC(13) Allocated:         -               246M (16%)         274M (18%)         287M (19%)            -                  -          
[2026-04-03T02:34:20.622+0600][27.304s][info][gc,heap     ] GC(13)   Garbage:         -               906M (60%)         474M (32%)          33M (2%)             -                  -          
[2026-04-03T02:34:20.622+0600][27.304s][info][gc,heap     ] GC(13) Reclaimed:         -                  -               432M (29%)         873M (58%)            -                  -          
[2026-04-03T02:34:20.622+0600][27.304s][info][gc          ] GC(13) Garbage Collection (Allocation Rate) 1008M(67%)->422M(28%)
[2026-04-03T02:34:20.821+0600][27.503s][info][gc,start    ] GC(14) Garbage Collection (Allocation Rate)
[2026-04-03T02:34:20.821+0600][27.503s][info][gc,task     ] GC(14) Using 2 workers
[2026-04-03T02:34:20.822+0600][27.503s][info][gc,phases   ] GC(14) Pause Mark Start 0.011ms
[2026-04-03T02:34:21.001+0600][27.683s][info][gc,phases   ] GC(14) Concurrent Mark 179.429ms
[2026-04-03T02:34:21.002+0600][27.684s][info][gc,phases   ] GC(14) Pause Mark End 0.051ms
[2026-04-03T02:34:21.002+0600][27.684s][info][gc,phases   ] GC(14) Concurrent Mark Free 0.004ms
[2026-04-03T02:34:21.034+0600][27.715s][info][gc,phases   ] GC(14) Concurrent Process Non-Strong References 31.367ms
[2026-04-03T02:34:21.034+0600][27.715s][info][gc,phases   ] GC(14) Concurrent Reset Relocation Set 0.032ms
[2026-04-03T02:34:21.038+0600][27.719s][info][gc,phases   ] GC(14) Concurrent Select Relocation Set 4.084ms
[2026-04-03T02:34:21.038+0600][27.720s][info][gc,phases   ] GC(14) Pause Relocate Start 0.016ms
[2026-04-03T02:34:21.053+0600][27.735s][info][gc,phases   ] GC(14) Concurrent Relocate 15.128ms
[2026-04-03T02:34:21.054+0600][27.735s][info][gc,load     ] GC(14) Load: 4.99/5.57/5.76
[2026-04-03T02:34:21.054+0600][27.735s][info][gc,mmu      ] GC(14) MMU: 2ms/89.3%, 5ms/95.7%, 10ms/97.9%, 20ms/98.9%, 50ms/99.6%, 100ms/99.8%
[2026-04-03T02:34:21.054+0600][27.735s][info][gc,marking  ] GC(14) Mark: 2 stripe(s), 8 proactive flush(es), 1 terminate flush(es), 0 completion(s), 0 continuation(s) 
[2026-04-03T02:34:21.054+0600][27.735s][info][gc,marking  ] GC(14) Mark Stack Usage: 32M
[2026-04-03T02:34:21.054+0600][27.735s][info][gc,nmethod  ] GC(14) NMethods: 12765 registered, 758 unregistered
[2026-04-03T02:34:21.054+0600][27.735s][info][gc,metaspace] GC(14) Metaspace: 126M used, 127M committed, 1152M reserved
[2026-04-03T02:34:21.054+0600][27.735s][info][gc,ref      ] GC(14) Soft: 6297 encountered, 0 discovered, 0 enqueued
[2026-04-03T02:34:21.054+0600][27.735s][info][gc,ref      ] GC(14) Weak: 15406 encountered, 4243 discovered, 542 enqueued
[2026-04-03T02:34:21.054+0600][27.735s][info][gc,ref      ] GC(14) Final: 84 encountered, 0 discovered, 0 enqueued
[2026-04-03T02:34:21.054+0600][27.735s][info][gc,ref      ] GC(14) Phantom: 620 encountered, 595 discovered, 0 enqueued
[2026-04-03T02:34:21.054+0600][27.735s][info][gc,reloc    ] GC(14) Small Pages: 216 / 432M, Empty: 208M, Relocated: 5M, In-Place: 0
[2026-04-03T02:34:21.054+0600][27.735s][info][gc,reloc    ] GC(14) Medium Pages: 2 / 64M, Empty: 32M, Relocated: 0M, In-Place: 0
[2026-04-03T02:34:21.054+0600][27.735s][info][gc,reloc    ] GC(14) Large Pages: 69 / 414M, Empty: 414M, Relocated: 0M, In-Place: 0
[2026-04-03T02:34:21.054+0600][27.735s][info][gc,reloc    ] GC(14) Forwarding Usage: 1M
[2026-04-03T02:34:21.054+0600][27.736s][info][gc,heap     ] GC(14) Min Capacity: 8M(1%)
[2026-04-03T02:34:21.054+0600][27.736s][info][gc,heap     ] GC(14) Max Capacity: 1500M(100%)
[2026-04-03T02:34:21.054+0600][27.736s][info][gc,heap     ] GC(14) Soft Max Capacity: 1500M(100%)
[2026-04-03T02:34:21.054+0600][27.736s][info][gc,heap     ] GC(14)                Mark Start          Mark End        Relocate Start      Relocate End           High               Low         
[2026-04-03T02:34:21.054+0600][27.736s][info][gc,heap     ] GC(14)  Capacity:     1500M (100%)       1500M (100%)       1500M (100%)       1500M (100%)       1500M (100%)       1500M (100%)   
[2026-04-03T02:34:21.054+0600][27.736s][info][gc,heap     ] GC(14)      Free:      590M (39%)         356M (24%)         876M (58%)         874M (58%)         972M (65%)         230M (15%)    
[2026-04-03T02:34:21.054+0600][27.736s][info][gc,heap     ] GC(14)      Used:      910M (61%)        1144M (76%)         624M (42%)         626M (42%)        1270M (85%)         528M (35%)    
[2026-04-03T02:34:21.054+0600][27.736s][info][gc,heap     ] GC(14)      Live:         -                97M (7%)           97M (7%)           97M (7%)             -                  -          
[2026-04-03T02:34:21.054+0600][27.736s][info][gc,heap     ] GC(14) Allocated:         -               234M (16%)         368M (25%)         493M (33%)            -                  -          
[2026-04-03T02:34:21.054+0600][27.736s][info][gc,heap     ] GC(14)   Garbage:         -               812M (54%)         158M (11%)          34M (2%)             -                  -          
[2026-04-03T02:34:21.054+0600][27.736s][info][gc,heap     ] GC(14) Reclaimed:         -                  -               654M (44%)         777M (52%)            -                  -          
[2026-04-03T02:34:21.054+0600][27.736s][info][gc          ] GC(14) Garbage Collection (Allocation Rate) 910M(61%)->626M(42%)
[2026-04-03T02:34:21.121+0600][27.802s][info][gc,start    ] GC(15) Garbage Collection (Allocation Rate)
[2026-04-03T02:34:21.121+0600][27.802s][info][gc,task     ] GC(15) Using 3 workers
[2026-04-03T02:34:21.122+0600][27.803s][info][gc,phases   ] GC(15) Pause Mark Start 0.017ms
[2026-04-03T02:34:21.243+0600][27.924s][info][gc,phases   ] GC(15) Concurrent Mark 120.738ms
[2026-04-03T02:34:21.243+0600][27.925s][info][gc,phases   ] GC(15) Pause Mark End 0.169ms
[2026-04-03T02:34:21.244+0600][27.925s][info][gc,phases   ] GC(15) Concurrent Mark Free 0.002ms
[2026-04-03T02:34:21.265+0600][27.947s][info][gc,phases   ] GC(15) Concurrent Process Non-Strong References 21.590ms
[2026-04-03T02:34:21.265+0600][27.947s][info][gc,phases   ] GC(15) Concurrent Reset Relocation Set 0.009ms
[2026-04-03T02:34:21.269+0600][27.950s][info][gc,phases   ] GC(15) Concurrent Select Relocation Set 3.250ms
[2026-04-03T02:34:21.269+0600][27.950s][info][gc,phases   ] GC(15) Pause Relocate Start 0.015ms
[2026-04-03T02:34:21.273+0600][27.955s][info][gc,phases   ] GC(15) Concurrent Relocate 4.466ms
[2026-04-03T02:34:21.274+0600][27.955s][info][gc,load     ] GC(15) Load: 4.99/5.57/5.76
[2026-04-03T02:34:21.274+0600][27.955s][info][gc,mmu      ] GC(15) MMU: 2ms/89.3%, 5ms/95.7%, 10ms/97.9%, 20ms/98.9%, 50ms/99.6%, 100ms/99.8%
[2026-04-03T02:34:21.274+0600][27.955s][info][gc,marking  ] GC(15) Mark: 2 stripe(s), 3 proactive flush(es), 1 terminate flush(es), 0 completion(s), 0 continuation(s) 
[2026-04-03T02:34:21.274+0600][27.955s][info][gc,marking  ] GC(15) Mark Stack Usage: 32M
[2026-04-03T02:34:21.274+0600][27.955s][info][gc,nmethod  ] GC(15) NMethods: 12833 registered, 776 unregistered
[2026-04-03T02:34:21.274+0600][27.955s][info][gc,metaspace] GC(15) Metaspace: 126M used, 127M committed, 1152M reserved
[2026-04-03T02:34:21.274+0600][27.955s][info][gc,ref      ] GC(15) Soft: 6305 encountered, 0 discovered, 0 enqueued
[2026-04-03T02:34:21.274+0600][27.955s][info][gc,ref      ] GC(15) Weak: 15019 encountered, 3975 discovered, 222 enqueued
[2026-04-03T02:34:21.274+0600][27.955s][info][gc,ref      ] GC(15) Final: 84 encountered, 0 discovered, 0 enqueued
[2026-04-03T02:34:21.274+0600][27.955s][info][gc,ref      ] GC(15) Phantom: 620 encountered, 591 discovered, 0 enqueued
[2026-04-03T02:34:21.274+0600][27.955s][info][gc,reloc    ] GC(15) Small Pages: 104 / 208M, Empty: 10M, Relocated: 6M, In-Place: 0
[2026-04-03T02:34:21.274+0600][27.955s][info][gc,reloc    ] GC(15) Medium Pages: 2 / 64M, Empty: 32M, Relocated: 0M, In-Place: 0
[2026-04-03T02:34:21.274+0600][27.955s][info][gc,reloc    ] GC(15) Large Pages: 67 / 402M, Empty: 402M, Relocated: 0M, In-Place: 0
[2026-04-03T02:34:21.274+0600][27.955s][info][gc,reloc    ] GC(15) Forwarding Usage: 1M
[2026-04-03T02:34:21.274+0600][27.955s][info][gc,heap     ] GC(15) Min Capacity: 8M(1%)
[2026-04-03T02:34:21.274+0600][27.955s][info][gc,heap     ] GC(15) Max Capacity: 1500M(100%)
[2026-04-03T02:34:21.274+0600][27.955s][info][gc,heap     ] GC(15) Soft Max Capacity: 1500M(100%)
[2026-04-03T02:34:21.274+0600][27.955s][info][gc,heap     ] GC(15)                Mark Start          Mark End        Relocate Start      Relocate End           High               Low         
[2026-04-03T02:34:21.274+0600][27.955s][info][gc,heap     ] GC(15)  Capacity:     1500M (100%)       1500M (100%)       1500M (100%)       1500M (100%)       1500M (100%)       1500M (100%)   
[2026-04-03T02:34:21.274+0600][27.955s][info][gc,heap     ] GC(15)      Free:      826M (55%)         718M (48%)        1148M (77%)        1242M (83%)        1242M (83%)         706M (47%)    
[2026-04-03T02:34:21.274+0600][27.955s][info][gc,heap     ] GC(15)      Used:      674M (45%)         782M (52%)         352M (23%)         258M (17%)         794M (53%)         258M (17%)    
[2026-04-03T02:34:21.274+0600][27.955s][info][gc,heap     ] GC(15)      Live:         -               101M (7%)          101M (7%)          101M (7%)             -                  -          
[2026-04-03T02:34:21.274+0600][27.955s][info][gc,heap     ] GC(15) Allocated:         -               108M (7%)          122M (8%)          121M (8%)             -                  -          
[2026-04-03T02:34:21.274+0600][27.955s][info][gc,heap     ] GC(15)   Garbage:         -               572M (38%)         128M (9%)           34M (2%)             -                  -          
[2026-04-03T02:34:21.274+0600][27.955s][info][gc,heap     ] GC(15) Reclaimed:         -                  -               444M (30%)         537M (36%)            -                  -          
[2026-04-03T02:34:21.274+0600][27.955s][info][gc          ] GC(15) Garbage Collection (Allocation Rate) 674M(45%)->258M(17%)
[2026-04-03T02:34:21.922+0600][28.603s][info][gc,start    ] GC(16) Garbage Collection (Allocation Rate)
[2026-04-03T02:34:21.922+0600][28.603s][info][gc,task     ] GC(16) Using 2 workers
[2026-04-03T02:34:21.922+0600][28.603s][info][gc,phases   ] GC(16) Pause Mark Start 0.010ms
[2026-04-03T02:34:22.089+0600][28.770s][info][gc,phases   ] GC(16) Concurrent Mark 166.382ms
[2026-04-03T02:34:22.089+0600][28.770s][info][gc,phases   ] GC(16) Pause Mark End 0.040ms
[2026-04-03T02:34:22.089+0600][28.771s][info][gc,phases   ] GC(16) Concurrent Mark Free 0.003ms
[2026-04-03T02:34:22.120+0600][28.801s][info][gc,phases   ] GC(16) Concurrent Process Non-Strong References 30.126ms
[2026-04-03T02:34:22.120+0600][28.801s][info][gc,phases   ] GC(16) Concurrent Reset Relocation Set 0.009ms
[2026-04-03T02:34:22.124+0600][28.806s][info][gc,phases   ] GC(16) Concurrent Select Relocation Set 4.708ms
[2026-04-03T02:34:22.125+0600][28.806s][info][gc,phases   ] GC(16) Pause Relocate Start 0.017ms
[2026-04-03T02:34:22.138+0600][28.819s][info][gc,phases   ] GC(16) Concurrent Relocate 12.343ms
[2026-04-03T02:34:22.138+0600][28.819s][info][gc,load     ] GC(16) Load: 4.99/5.57/5.76
[2026-04-03T02:34:22.138+0600][28.819s][info][gc,mmu      ] GC(16) MMU: 2ms/89.3%, 5ms/95.7%, 10ms/97.9%, 20ms/98.9%, 50ms/99.6%, 100ms/99.8%
[2026-04-03T02:34:22.138+0600][28.819s][info][gc,marking  ] GC(16) Mark: 2 stripe(s), 2 proactive flush(es), 1 terminate flush(es), 0 completion(s), 0 continuation(s) 
[2026-04-03T02:34:22.138+0600][28.819s][info][gc,marking  ] GC(16) Mark Stack Usage: 32M
[2026-04-03T02:34:22.138+0600][28.819s][info][gc,nmethod  ] GC(16) NMethods: 13046 registered, 836 unregistered
[2026-04-03T02:34:22.138+0600][28.819s][info][gc,metaspace] GC(16) Metaspace: 126M used, 128M committed, 1152M reserved
[2026-04-03T02:34:22.138+0600][28.820s][info][gc,ref      ] GC(16) Soft: 6297 encountered, 0 discovered, 0 enqueued
[2026-04-03T02:34:22.138+0600][28.820s][info][gc,ref      ] GC(16) Weak: 15436 encountered, 5684 discovered, 392 enqueued
[2026-04-03T02:34:22.138+0600][28.820s][info][gc,ref      ] GC(16) Final: 84 encountered, 0 discovered, 0 enqueued
[2026-04-03T02:34:22.138+0600][28.820s][info][gc,ref      ] GC(16) Phantom: 620 encountered, 388 discovered, 0 enqueued
[2026-04-03T02:34:22.138+0600][28.820s][info][gc,reloc    ] GC(16) Small Pages: 261 / 522M, Empty: 86M, Relocated: 8M, In-Place: 0
[2026-04-03T02:34:22.138+0600][28.820s][info][gc,reloc    ] GC(16) Medium Pages: 4 / 128M, Empty: 96M, Relocated: 0M, In-Place: 0
[2026-04-03T02:34:22.138+0600][28.820s][info][gc,reloc    ] GC(16) Large Pages: 10 / 60M, Empty: 54M, Relocated: 0M, In-Place: 0
[2026-04-03T02:34:22.138+0600][28.820s][info][gc,reloc    ] GC(16) Forwarding Usage: 2M
[2026-04-03T02:34:22.138+0600][28.820s][info][gc,heap     ] GC(16) Min Capacity: 8M(1%)
[2026-04-03T02:34:22.138+0600][28.820s][info][gc,heap     ] GC(16) Max Capacity: 1500M(100%)
[2026-04-03T02:34:22.138+0600][28.820s][info][gc,heap     ] GC(16) Soft Max Capacity: 1500M(100%)
[2026-04-03T02:34:22.138+0600][28.820s][info][gc,heap     ] GC(16)                Mark Start          Mark End        Relocate Start      Relocate End           High               Low         
[2026-04-03T02:34:22.138+0600][28.820s][info][gc,heap     ] GC(16)  Capacity:     1500M (100%)       1500M (100%)       1500M (100%)       1500M (100%)       1500M (100%)       1500M (100%)   
[2026-04-03T02:34:22.138+0600][28.820s][info][gc,heap     ] GC(16)      Free:      790M (53%)         610M (41%)         784M (52%)        1108M (74%)        1108M (74%)         548M (37%)    
[2026-04-03T02:34:22.138+0600][28.820s][info][gc,heap     ] GC(16)      Used:      710M (47%)         890M (59%)         716M (48%)         392M (26%)         952M (63%)         392M (26%)    
[2026-04-03T02:34:22.138+0600][28.820s][info][gc,heap     ] GC(16)      Live:         -               106M (7%)          106M (7%)          106M (7%)             -                  -          
[2026-04-03T02:34:22.138+0600][28.820s][info][gc,heap     ] GC(16) Allocated:         -               180M (12%)         242M (16%)         253M (17%)            -                  -          
[2026-04-03T02:34:22.138+0600][28.820s][info][gc,heap     ] GC(16)   Garbage:         -               603M (40%)         367M (25%)          31M (2%)             -                  -          
[2026-04-03T02:34:22.138+0600][28.820s][info][gc,heap     ] GC(16) Reclaimed:         -                  -               236M (16%)         571M (38%)            -                  -          
[2026-04-03T02:34:22.138+0600][28.820s][info][gc          ] GC(16) Garbage Collection (Allocation Rate) 710M(47%)->392M(26%)
[2026-04-03T02:34:22.521+0600][29.203s][info][gc,start    ] GC(17) Garbage Collection (Allocation Rate)
[2026-04-03T02:34:22.521+0600][29.203s][info][gc,task     ] GC(17) Using 2 workers
[2026-04-03T02:34:22.522+0600][29.203s][info][gc,phases   ] GC(17) Pause Mark Start 0.016ms
[2026-04-03T02:34:22.715+0600][29.397s][info][gc,phases   ] GC(17) Concurrent Mark 192.958ms
[2026-04-03T02:34:22.715+0600][29.397s][info][gc,phases   ] GC(17) Pause Mark End 0.034ms
[2026-04-03T02:34:22.716+0600][29.397s][info][gc,phases   ] GC(17) Concurrent Mark Free 0.003ms
[2026-04-03T02:34:22.747+0600][29.429s][info][gc,phases   ] GC(17) Concurrent Process Non-Strong References 31.484ms
[2026-04-03T02:34:22.747+0600][29.429s][info][gc,phases   ] GC(17) Concurrent Reset Relocation Set 0.020ms
[2026-04-03T02:34:22.755+0600][29.436s][info][gc,phases   ] GC(17) Concurrent Select Relocation Set 7.679ms
[2026-04-03T02:34:22.757+0600][29.438s][info][gc,phases   ] GC(17) Pause Relocate Start 0.021ms
[2026-04-03T02:34:22.766+0600][29.447s][info][gc,phases   ] GC(17) Concurrent Relocate 8.322ms
[2026-04-03T02:34:22.766+0600][29.447s][info][gc,load     ] GC(17) Load: 4.99/5.57/5.76
[2026-04-03T02:34:22.766+0600][29.447s][info][gc,mmu      ] GC(17) MMU: 2ms/89.3%, 5ms/95.7%, 10ms/97.9%, 20ms/98.9%, 50ms/99.6%, 100ms/99.8%
[2026-04-03T02:34:22.766+0600][29.447s][info][gc,marking  ] GC(17) Mark: 2 stripe(s), 2 proactive flush(es), 1 terminate flush(es), 0 completion(s), 0 continuation(s) 
[2026-04-03T02:34:22.766+0600][29.447s][info][gc,marking  ] GC(17) Mark Stack Usage: 32M
[2026-04-03T02:34:22.766+0600][29.447s][info][gc,nmethod  ] GC(17) NMethods: 13181 registered, 889 unregistered
[2026-04-03T02:34:22.766+0600][29.447s][info][gc,metaspace] GC(17) Metaspace: 126M used, 128M committed, 1152M reserved
[2026-04-03T02:34:22.766+0600][29.447s][info][gc,ref      ] GC(17) Soft: 6303 encountered, 0 discovered, 0 enqueued
[2026-04-03T02:34:22.766+0600][29.447s][info][gc,ref      ] GC(17) Weak: 15916 encountered, 4501 discovered, 31 enqueued
[2026-04-03T02:34:22.766+0600][29.447s][info][gc,ref      ] GC(17) Final: 84 encountered, 0 discovered, 0 enqueued
[2026-04-03T02:34:22.766+0600][29.447s][info][gc,ref      ] GC(17) Phantom: 620 encountered, 592 discovered, 0 enqueued
[2026-04-03T02:34:22.766+0600][29.447s][info][gc,reloc    ] GC(17) Small Pages: 287 / 574M, Empty: 230M, Relocated: 4M, In-Place: 0
[2026-04-03T02:34:22.766+0600][29.447s][info][gc,reloc    ] GC(17) Medium Pages: 5 / 160M, Empty: 96M, Relocated: 9M, In-Place: 0
[2026-04-03T02:34:22.766+0600][29.448s][info][gc,reloc    ] GC(17) Large Pages: 13 / 78M, Empty: 78M, Relocated: 0M, In-Place: 0
[2026-04-03T02:34:22.766+0600][29.448s][info][gc,reloc    ] GC(17) Forwarding Usage: 1M
[2026-04-03T02:34:22.766+0600][29.448s][info][gc,heap     ] GC(17) Min Capacity: 8M(1%)
[2026-04-03T02:34:22.766+0600][29.448s][info][gc,heap     ] GC(17) Max Capacity: 1500M(100%)
[2026-04-03T02:34:22.766+0600][29.448s][info][gc,heap     ] GC(17) Soft Max Capacity: 1500M(100%)
[2026-04-03T02:34:22.766+0600][29.448s][info][gc,heap     ] GC(17)                Mark Start          Mark End        Relocate Start      Relocate End           High               Low         
[2026-04-03T02:34:22.766+0600][29.448s][info][gc,heap     ] GC(17)  Capacity:     1500M (100%)       1500M (100%)       1500M (100%)       1500M (100%)       1500M (100%)       1500M (100%)   
[2026-04-03T02:34:22.766+0600][29.448s][info][gc,heap     ] GC(17)      Free:      688M (46%)         502M (33%)         880M (59%)        1116M (74%)        1150M (77%)         480M (32%)    
[2026-04-03T02:34:22.766+0600][29.448s][info][gc,heap     ] GC(17)      Used:      812M (54%)         998M (67%)         620M (41%)         384M (26%)        1020M (68%)         350M (23%)    
[2026-04-03T02:34:22.766+0600][29.448s][info][gc,heap     ] GC(17)      Live:         -               104M (7%)          104M (7%)          104M (7%)             -                  -          
[2026-04-03T02:34:22.766+0600][29.448s][info][gc,heap     ] GC(17) Allocated:         -               186M (12%)         212M (14%)         245M (16%)            -                  -          
[2026-04-03T02:34:22.766+0600][29.448s][info][gc,heap     ] GC(17)   Garbage:         -               707M (47%)         303M (20%)          33M (2%)             -                  -          
[2026-04-03T02:34:22.766+0600][29.448s][info][gc,heap     ] GC(17) Reclaimed:         -                  -               404M (27%)         673M (45%)            -                  -          
[2026-04-03T02:34:22.766+0600][29.448s][info][gc          ] GC(17) Garbage Collection (Allocation Rate) 812M(54%)->384M(26%)
[2026-04-03T02:34:23.421+0600][30.103s][info][gc,start    ] GC(18) Garbage Collection (Allocation Rate)
[2026-04-03T02:34:23.422+0600][30.103s][info][gc,task     ] GC(18) Using 2 workers
[2026-04-03T02:34:23.422+0600][30.103s][info][gc,phases   ] GC(18) Pause Mark Start 0.020ms
[2026-04-03T02:34:23.422+0600][30.104s][info][gc,stats    ] === Garbage Collection Statistics =======================================================================================================================
[2026-04-03T02:34:23.422+0600][30.104s][info][gc,stats    ]                                                              Last 10s              Last 10m              Last 10h                Total
[2026-04-03T02:34:23.422+0600][30.104s][info][gc,stats    ]                                                              Avg / Max             Avg / Max             Avg / Max             Avg / Max
[2026-04-03T02:34:23.422+0600][30.104s][info][gc,stats    ]   Collector: Garbage Collection Cycle                    234.763 / 325.465     180.056 / 325.465     180.056 / 325.465     180.056 / 325.465     ms
[2026-04-03T02:34:23.422+0600][30.104s][info][gc,stats    ]  Contention: Mark Segment Reset Contention                     7 / 63                4 / 63                4 / 63                4 / 63          ops/s
[2026-04-03T02:34:23.422+0600][30.104s][info][gc,stats    ]  Contention: Mark SeqNum Reset Contention                      0 / 2                 0 / 2                 0 / 2                 0 / 2           ops/s
[2026-04-03T02:34:23.422+0600][30.104s][info][gc,stats    ]    Critical: Allocation Stall                                  0 / 0                 0 / 0                 0 / 0                 0 / 0           ops/s
[2026-04-03T02:34:23.422+0600][30.104s][info][gc,stats    ]    Critical: Allocation Stall                              0.000 / 0.000         0.000 / 0.000         0.000 / 0.000         0.000 / 0.000       ms
[2026-04-03T02:34:23.422+0600][30.104s][info][gc,stats    ]    Critical: GC Locker Stall                                   0 / 2                 0 / 2                 0 / 2                 0 / 2           ops/s
[2026-04-03T02:34:23.422+0600][30.104s][info][gc,stats    ]    Critical: GC Locker Stall                               0.044 / 0.166         0.044 / 0.166         0.044 / 0.166         0.044 / 0.166       ms
[2026-04-03T02:34:23.422+0600][30.104s][info][gc,stats    ]    Critical: Relocation Stall                                  0 / 0                 0 / 0                 0 / 0                 0 / 0           ops/s
[2026-04-03T02:34:23.422+0600][30.104s][info][gc,stats    ]    Critical: Relocation Stall                              0.000 / 0.000         0.000 / 0.000         0.000 / 0.000         0.000 / 0.000       ms
[2026-04-03T02:34:23.422+0600][30.104s][info][gc,stats    ]      Memory: Allocation Rate                                 769 / 1408            353 / 1408            353 / 1408            353 / 1408        MB/s
[2026-04-03T02:34:23.422+0600][30.104s][info][gc,stats    ]      Memory: Defragment                                       21 / 112              11 / 112              11 / 112              11 / 112         ops/s
[2026-04-03T02:34:23.422+0600][30.104s][info][gc,stats    ]      Memory: Out Of Memory                                     0 / 0                 0 / 0                 0 / 0                 0 / 0           ops/s
[2026-04-03T02:34:23.422+0600][30.104s][info][gc,stats    ]      Memory: Page Cache Flush                                 99 / 344              41 / 344              41 / 344              41 / 344         MB/s
[2026-04-03T02:34:23.422+0600][30.104s][info][gc,stats    ]      Memory: Page Cache Hit L1                               235 / 381             109 / 381             109 / 381             109 / 381         ops/s
[2026-04-03T02:34:23.423+0600][30.104s][info][gc,stats    ]      Memory: Page Cache Hit L2                                 0 / 0                 0 / 0                 0 / 0                 0 / 0           ops/s
[2026-04-03T02:34:23.423+0600][30.104s][info][gc,stats    ]      Memory: Page Cache Hit L3                                17 / 75               13 / 93               13 / 93               13 / 93          ops/s
[2026-04-03T02:34:23.423+0600][30.104s][info][gc,stats    ]      Memory: Page Cache Miss                                  15 / 66                8 / 66                8 / 66                8 / 66          ops/s
[2026-04-03T02:34:23.423+0600][30.104s][info][gc,stats    ]      Memory: Uncommit                                          0 / 0                 0 / 0                 0 / 0                 0 / 0           MB/s
[2026-04-03T02:34:23.423+0600][30.104s][info][gc,stats    ]      Memory: Undo Object Allocation Failed                     0 / 0                 0 / 0                 0 / 0                 0 / 0           ops/s
[2026-04-03T02:34:23.423+0600][30.104s][info][gc,stats    ]      Memory: Undo Object Allocation Succeeded                  2 / 25                1 / 25                1 / 25                1 / 25          ops/s
[2026-04-03T02:34:23.423+0600][30.104s][info][gc,stats    ]      Memory: Undo Page Allocation                              0 / 2                 0 / 6                 0 / 6                 0 / 6           ops/s
[2026-04-03T02:34:23.423+0600][30.104s][info][gc,stats    ]       Phase: Concurrent Mark                             178.451 / 253.223     124.249 / 253.223     124.249 / 253.223     124.249 / 253.223     ms
[2026-04-03T02:34:23.423+0600][30.104s][info][gc,stats    ]       Phase: Concurrent Mark Continue                      0.000 / 0.000         0.000 / 0.000         0.000 / 0.000         0.000 / 0.000       ms
[2026-04-03T02:34:23.423+0600][30.104s][info][gc,stats    ]       Phase: Concurrent Mark Free                          0.003 / 0.005         0.002 / 0.005         0.002 / 0.005         0.002 / 0.005       ms
[2026-04-03T02:34:23.423+0600][30.104s][info][gc,stats    ]       Phase: Concurrent Process Non-Strong References     37.163 / 59.176       29.790 / 80.610       29.790 / 80.610       29.790 / 80.610      ms
[2026-04-03T02:34:23.423+0600][30.104s][info][gc,stats    ]       Phase: Concurrent Relocate                          10.507 / 19.676       15.639 / 48.786       15.639 / 48.786       15.639 / 48.786      ms
[2026-04-03T02:34:23.423+0600][30.104s][info][gc,stats    ]       Phase: Concurrent Reset Relocation Set               0.019 / 0.032         0.016 / 0.032         0.016 / 0.032         0.016 / 0.032       ms
[2026-04-03T02:34:23.423+0600][30.104s][info][gc,stats    ]       Phase: Concurrent Select Relocation Set              4.728 / 7.679         5.397 / 13.433        5.397 / 13.433        5.397 / 13.433      ms
[2026-04-03T02:34:23.423+0600][30.104s][info][gc,stats    ]       Phase: Pause Mark End                                0.076 / 0.214         0.060 / 0.214         0.060 / 0.214         0.060 / 0.214       ms
[2026-04-03T02:34:23.423+0600][30.104s][info][gc,stats    ]       Phase: Pause Mark Start                              0.018 / 0.039         0.015 / 0.039         0.015 / 0.039         0.015 / 0.039       ms
[2026-04-03T02:34:23.423+0600][30.104s][info][gc,stats    ]       Phase: Pause Relocate Start                          0.017 / 0.021         0.016 / 0.021         0.016 / 0.021         0.016 / 0.021       ms
[2026-04-03T02:34:23.423+0600][30.104s][info][gc,stats    ]    Subphase: Concurrent Classes Purge                      0.426 / 0.954         0.581 / 2.367         0.581 / 2.367         0.581 / 2.367       ms
[2026-04-03T02:34:23.423+0600][30.104s][info][gc,stats    ]    Subphase: Concurrent Classes Unlink                    31.578 / 52.271       25.056 / 69.993       25.056 / 69.993       25.056 / 69.993      ms
[2026-04-03T02:34:23.423+0600][30.104s][info][gc,stats    ]    Subphase: Concurrent Mark                             170.321 / 250.492     108.266 / 250.492     108.266 / 250.492     108.266 / 250.492     ms
[2026-04-03T02:34:23.423+0600][30.104s][info][gc,stats    ]    Subphase: Concurrent Mark Try Flush                     2.077 / 31.130        1.659 / 31.130        1.659 / 31.130        1.659 / 31.130      ms
[2026-04-03T02:34:23.423+0600][30.104s][info][gc,stats    ]    Subphase: Concurrent Mark Try Terminate                 1.206 / 19.747        1.128 / 19.747        1.128 / 19.747        1.128 / 19.747      ms
[2026-04-03T02:34:23.423+0600][30.104s][info][gc,stats    ]    Subphase: Concurrent References Enqueue                 0.014 / 0.030         0.011 / 0.030         0.011 / 0.030         0.011 / 0.030       ms
[2026-04-03T02:34:23.423+0600][30.104s][info][gc,stats    ]    Subphase: Concurrent References Process                 1.050 / 2.906         0.795 / 2.906         0.795 / 2.906         0.795 / 2.906       ms
[2026-04-03T02:34:23.423+0600][30.104s][info][gc,stats    ]    Subphase: Concurrent Roots ClassLoaderDataGraph         0.536 / 0.979         0.401 / 0.979         0.401 / 0.979         0.401 / 0.979       ms
[2026-04-03T02:34:23.423+0600][30.104s][info][gc,stats    ]    Subphase: Concurrent Roots CodeCache                    0.000 / 0.000         0.000 / 0.000         0.000 / 0.000         0.000 / 0.000       ms
[2026-04-03T02:34:23.423+0600][30.104s][info][gc,stats    ]    Subphase: Concurrent Roots JavaThreads                  2.896 / 10.883        1.926 / 10.883        1.926 / 10.883        1.926 / 10.883      ms
[2026-04-03T02:34:23.423+0600][30.104s][info][gc,stats    ]    Subphase: Concurrent Roots OopStorageSet                0.149 / 0.345         0.111 / 0.345         0.111 / 0.345         0.111 / 0.345       ms
[2026-04-03T02:34:23.423+0600][30.104s][info][gc,stats    ]    Subphase: Concurrent Weak Roots OopStorageSet           2.354 / 3.109         1.707 / 6.701         1.707 / 6.701         1.707 / 6.701       ms
[2026-04-03T02:34:23.423+0600][30.104s][info][gc,stats    ]    Subphase: Pause Mark Try Complete                       0.014 / 0.014         0.007 / 0.014         0.007 / 0.014         0.007 / 0.014       ms
[2026-04-03T02:34:23.423+0600][30.104s][info][gc,stats    ]      System: Java Threads                                    255 / 287             164 / 287             164 / 287             164 / 287         threads
[2026-04-03T02:34:23.423+0600][30.104s][info][gc,stats    ] =========================================================================================================================================================
[2026-04-03T02:34:23.591+0600][30.273s][info][gc,phases   ] GC(18) Concurrent Mark 169.014ms
[2026-04-03T02:34:23.591+0600][30.273s][info][gc,phases   ] GC(18) Pause Mark End 0.037ms
[2026-04-03T02:34:23.592+0600][30.273s][info][gc,phases   ] GC(18) Concurrent Mark Free 0.002ms
[2026-04-03T02:34:23.617+0600][30.299s][info][gc,phases   ] GC(18) Concurrent Process Non-Strong References 25.391ms
[2026-04-03T02:34:23.617+0600][30.299s][info][gc,phases   ] GC(18) Concurrent Reset Relocation Set 0.010ms
[2026-04-03T02:34:23.622+0600][30.303s][info][gc,phases   ] GC(18) Concurrent Select Relocation Set 4.198ms
[2026-04-03T02:34:23.622+0600][30.304s][info][gc,phases   ] GC(18) Pause Relocate Start 0.018ms
[2026-04-03T02:34:23.632+0600][30.314s][info][gc,phases   ] GC(18) Concurrent Relocate 9.364ms
[2026-04-03T02:34:23.632+0600][30.314s][info][gc,load     ] GC(18) Load: 4.99/5.57/5.76
[2026-04-03T02:34:23.632+0600][30.314s][info][gc,mmu      ] GC(18) MMU: 2ms/89.3%, 5ms/95.7%, 10ms/97.9%, 20ms/98.9%, 50ms/99.6%, 100ms/99.8%
[2026-04-03T02:34:23.632+0600][30.314s][info][gc,marking  ] GC(18) Mark: 2 stripe(s), 2 proactive flush(es), 1 terminate flush(es), 0 completion(s), 0 continuation(s) 
[2026-04-03T02:34:23.632+0600][30.314s][info][gc,marking  ] GC(18) Mark Stack Usage: 32M
[2026-04-03T02:34:23.632+0600][30.314s][info][gc,nmethod  ] GC(18) NMethods: 13354 registered, 961 unregistered
[2026-04-03T02:34:23.632+0600][30.314s][info][gc,metaspace] GC(18) Metaspace: 126M used, 128M committed, 1152M reserved
[2026-04-03T02:34:23.632+0600][30.314s][info][gc,ref      ] GC(18) Soft: 6297 encountered, 0 discovered, 0 enqueued
[2026-04-03T02:34:23.632+0600][30.314s][info][gc,ref      ] GC(18) Weak: 16817 encountered, 7424 discovered, 1617 enqueued
[2026-04-03T02:34:23.632+0600][30.314s][info][gc,ref      ] GC(18) Final: 84 encountered, 0 discovered, 0 enqueued
[2026-04-03T02:34:23.632+0600][30.314s][info][gc,ref      ] GC(18) Phantom: 620 encountered, 379 discovered, 0 enqueued
[2026-04-03T02:34:23.632+0600][30.314s][info][gc,reloc    ] GC(18) Small Pages: 366 / 732M, Empty: 218M, Relocated: 4M, In-Place: 0
[2026-04-03T02:34:23.632+0600][30.314s][info][gc,reloc    ] GC(18) Medium Pages: 5 / 160M, Empty: 128M, Relocated: 0M, In-Place: 0
[2026-04-03T02:34:23.632+0600][30.314s][info][gc,reloc    ] GC(18) Large Pages: 14 / 84M, Empty: 84M, Relocated: 0M, In-Place: 0
[2026-04-03T02:34:23.632+0600][30.314s][info][gc,reloc    ] GC(18) Forwarding Usage: 1M
[2026-04-03T02:34:23.632+0600][30.314s][info][gc,heap     ] GC(18) Min Capacity: 8M(1%)
[2026-04-03T02:34:23.632+0600][30.314s][info][gc,heap     ] GC(18) Max Capacity: 1500M(100%)
[2026-04-03T02:34:23.633+0600][30.314s][info][gc,heap     ] GC(18) Soft Max Capacity: 1500M(100%)
[2026-04-03T02:34:23.633+0600][30.314s][info][gc,heap     ] GC(18)                Mark Start          Mark End        Relocate Start      Relocate End           High               Low         
[2026-04-03T02:34:23.633+0600][30.314s][info][gc,heap     ] GC(18)  Capacity:     1500M (100%)       1500M (100%)       1500M (100%)       1500M (100%)       1500M (100%)       1500M (100%)   
[2026-04-03T02:34:23.633+0600][30.314s][info][gc,heap     ] GC(18)      Free:      524M (35%)         354M (24%)         762M (51%)        1168M (78%)        1172M (78%)         344M (23%)    
[2026-04-03T02:34:23.633+0600][30.314s][info][gc,heap     ] GC(18)      Used:      976M (65%)        1146M (76%)         738M (49%)         332M (22%)        1156M (77%)         328M (22%)    
[2026-04-03T02:34:23.633+0600][30.314s][info][gc,heap     ] GC(18)      Live:         -               101M (7%)          101M (7%)          101M (7%)             -                  -          
[2026-04-03T02:34:23.633+0600][30.314s][info][gc,heap     ] GC(18) Allocated:         -               170M (11%)         192M (13%)         195M (13%)            -                  -          
[2026-04-03T02:34:23.633+0600][30.314s][info][gc,heap     ] GC(18)   Garbage:         -               874M (58%)         444M (30%)          34M (2%)             -                  -          
[2026-04-03T02:34:23.633+0600][30.314s][info][gc,heap     ] GC(18) Reclaimed:         -                  -               430M (29%)         839M (56%)            -                  -          
[2026-04-03T02:34:23.633+0600][30.314s][info][gc          ] GC(18) Garbage Collection (Allocation Rate) 976M(65%)->332M(22%)
[2026-04-03T02:34:24.221+0600][30.902s][info][gc,start    ] GC(19) Garbage Collection (Allocation Rate)
[2026-04-03T02:34:24.221+0600][30.902s][info][gc,task     ] GC(19) Using 2 workers
[2026-04-03T02:34:24.221+0600][30.903s][info][gc,phases   ] GC(19) Pause Mark Start 0.009ms
[2026-04-03T02:34:24.367+0600][31.049s][info][gc,phases   ] GC(19) Concurrent Mark 146.013ms
[2026-04-03T02:34:24.368+0600][31.049s][info][gc,phases   ] GC(19) Pause Mark End 0.038ms
[2026-04-03T02:34:24.368+0600][31.049s][info][gc,phases   ] GC(19) Concurrent Mark Free 0.002ms
[2026-04-03T02:34:24.400+0600][31.082s][info][gc,phases   ] GC(19) Concurrent Process Non-Strong References 32.501ms
[2026-04-03T02:34:24.400+0600][31.082s][info][gc,phases   ] GC(19) Concurrent Reset Relocation Set 0.023ms
[2026-04-03T02:34:24.404+0600][31.086s][info][gc,phases   ] GC(19) Concurrent Select Relocation Set 3.843ms
[2026-04-03T02:34:24.405+0600][31.086s][info][gc,phases   ] GC(19) Pause Relocate Start 0.021ms
[2026-04-03T02:34:24.413+0600][31.095s][info][gc,phases   ] GC(19) Concurrent Relocate 8.326ms
[2026-04-03T02:34:24.413+0600][31.095s][info][gc,load     ] GC(19) Load: 4.99/5.57/5.76
[2026-04-03T02:34:24.413+0600][31.095s][info][gc,mmu      ] GC(19) MMU: 2ms/89.3%, 5ms/95.7%, 10ms/97.9%, 20ms/98.9%, 50ms/99.6%, 100ms/99.8%
[2026-04-03T02:34:24.413+0600][31.095s][info][gc,marking  ] GC(19) Mark: 2 stripe(s), 10 proactive flush(es), 1 terminate flush(es), 0 completion(s), 0 continuation(s) 
[2026-04-03T02:34:24.413+0600][31.095s][info][gc,marking  ] GC(19) Mark Stack Usage: 32M
[2026-04-03T02:34:24.413+0600][31.095s][info][gc,nmethod  ] GC(19) NMethods: 13504 registered, 1026 unregistered
[2026-04-03T02:34:24.413+0600][31.095s][info][gc,metaspace] GC(19) Metaspace: 127M used, 128M committed, 1152M reserved
[2026-04-03T02:34:24.413+0600][31.095s][info][gc,ref      ] GC(19) Soft: 6297 encountered, 0 discovered, 0 enqueued
[2026-04-03T02:34:24.414+0600][31.095s][info][gc,ref      ] GC(19) Weak: 16435 encountered, 6411 discovered, 1714 enqueued
[2026-04-03T02:34:24.414+0600][31.095s][info][gc,ref      ] GC(19) Final: 84 encountered, 0 discovered, 0 enqueued
[2026-04-03T02:34:24.414+0600][31.095s][info][gc,ref      ] GC(19) Phantom: 620 encountered, 420 discovered, 0 enqueued
[2026-04-03T02:34:24.414+0600][31.095s][info][gc,reloc    ] GC(19) Small Pages: 361 / 722M, Empty: 248M, Relocated: 5M, In-Place: 0
[2026-04-03T02:34:24.414+0600][31.095s][info][gc,reloc    ] GC(19) Medium Pages: 5 / 160M, Empty: 128M, Relocated: 0M, In-Place: 0
[2026-04-03T02:34:24.414+0600][31.095s][info][gc,reloc    ] GC(19) Large Pages: 17 / 102M, Empty: 102M, Relocated: 0M, In-Place: 0
[2026-04-03T02:34:24.414+0600][31.095s][info][gc,reloc    ] GC(19) Forwarding Usage: 1M
[2026-04-03T02:34:24.414+0600][31.095s][info][gc,heap     ] GC(19) Min Capacity: 8M(1%)
[2026-04-03T02:34:24.414+0600][31.095s][info][gc,heap     ] GC(19) Max Capacity: 1500M(100%)
[2026-04-03T02:34:24.414+0600][31.095s][info][gc,heap     ] GC(19) Soft Max Capacity: 1500M(100%)
[2026-04-03T02:34:24.414+0600][31.095s][info][gc,heap     ] GC(19)                Mark Start          Mark End        Relocate Start      Relocate End           High               Low         
[2026-04-03T02:34:24.414+0600][31.095s][info][gc,heap     ] GC(19)  Capacity:     1500M (100%)       1500M (100%)       1500M (100%)       1500M (100%)       1500M (100%)       1500M (100%)   
[2026-04-03T02:34:24.414+0600][31.095s][info][gc,heap     ] GC(19)      Free:      516M (34%)         378M (25%)         822M (55%)        1188M (79%)        1188M (79%)         348M (23%)    
[2026-04-03T02:34:24.414+0600][31.095s][info][gc,heap     ] GC(19)      Used:      984M (66%)        1122M (75%)         678M (45%)         312M (21%)        1152M (77%)         312M (21%)    
[2026-04-03T02:34:24.414+0600][31.095s][info][gc,heap     ] GC(19)      Live:         -               103M (7%)          103M (7%)          103M (7%)             -                  -          
[2026-04-03T02:34:24.414+0600][31.095s][info][gc,heap     ] GC(19) Allocated:         -               138M (9%)          172M (11%)         175M (12%)            -                  -          
[2026-04-03T02:34:24.414+0600][31.095s][info][gc,heap     ] GC(19)   Garbage:         -               880M (59%)         402M (27%)          32M (2%)             -                  -          
[2026-04-03T02:34:24.414+0600][31.095s][info][gc,heap     ] GC(19) Reclaimed:         -                  -               478M (32%)         847M (57%)            -                  -          
[2026-04-03T02:34:24.414+0600][31.095s][info][gc          ] GC(19) Garbage Collection (Allocation Rate) 984M(66%)->312M(21%)
[2026-04-03T02:34:24.823+0600][31.504s][info][gc,start    ] GC(20) Garbage Collection (Allocation Rate)
[2026-04-03T02:34:24.824+0600][31.505s][info][gc,task     ] GC(20) Using 3 workers
[2026-04-03T02:34:24.824+0600][31.505s][info][gc,phases   ] GC(20) Pause Mark Start 0.014ms
[2026-04-03T02:34:24.945+0600][31.626s][info][gc,phases   ] GC(20) Concurrent Mark 117.161ms
[2026-04-03T02:34:24.945+0600][31.627s][info][gc,phases   ] GC(20) Pause Mark End 0.044ms
[2026-04-03T02:34:24.945+0600][31.627s][info][gc,phases   ] GC(20) Concurrent Mark Free 0.005ms
[2026-04-03T02:34:24.967+0600][31.648s][info][gc,phases   ] GC(20) Concurrent Process Non-Strong References 21.021ms
[2026-04-03T02:34:24.967+0600][31.648s][info][gc,phases   ] GC(20) Concurrent Reset Relocation Set 0.024ms
[2026-04-03T02:34:24.967+0600][31.648s][info][gc          ] Allocation Stall (Executor task launch worker for task 1.0 in stage 460.0 (TID 926)) 9.364ms
[2026-04-03T02:34:24.967+0600][31.648s][info][gc          ] Allocation Stall (Executor task launch worker for task 0.0 in stage 460.0 (TID 925)) 6.566ms
[2026-04-03T02:34:24.967+0600][31.648s][info][gc          ] Allocation Stall (Executor task launch worker for task 3.0 in stage 460.0 (TID 928)) 10.119ms
[2026-04-03T02:34:24.967+0600][31.648s][info][gc          ] Allocation Stall (Executor task launch worker for task 2.0 in stage 460.0 (TID 927)) 8.560ms
[2026-04-03T02:34:24.970+0600][31.652s][info][gc,phases   ] GC(20) Concurrent Select Relocation Set 3.661ms
[2026-04-03T02:34:24.973+0600][31.654s][info][gc,phases   ] GC(20) Pause Relocate Start 0.016ms
[2026-04-03T02:34:24.980+0600][31.661s][info][gc,phases   ] GC(20) Concurrent Relocate 6.448ms
[2026-04-03T02:34:24.980+0600][31.661s][info][gc,load     ] GC(20) Load: 5.07/5.58/5.76
[2026-04-03T02:34:24.980+0600][31.661s][info][gc,mmu      ] GC(20) MMU: 2ms/89.3%, 5ms/95.7%, 10ms/97.9%, 20ms/98.9%, 50ms/99.6%, 100ms/99.8%
[2026-04-03T02:34:24.980+0600][31.661s][info][gc,marking  ] GC(20) Mark: 2 stripe(s), 5 proactive flush(es), 1 terminate flush(es), 0 completion(s), 0 continuation(s) 
[2026-04-03T02:34:24.980+0600][31.661s][info][gc,marking  ] GC(20) Mark Stack Usage: 32M
[2026-04-03T02:34:24.980+0600][31.661s][info][gc,nmethod  ] GC(20) NMethods: 13559 registered, 1062 unregistered
[2026-04-03T02:34:24.980+0600][31.662s][info][gc,metaspace] GC(20) Metaspace: 127M used, 128M committed, 1152M reserved
[2026-04-03T02:34:24.980+0600][31.662s][info][gc,ref      ] GC(20) Soft: 6305 encountered, 0 discovered, 0 enqueued
[2026-04-03T02:34:24.980+0600][31.662s][info][gc,ref      ] GC(20) Weak: 15477 encountered, 4497 discovered, 584 enqueued
[2026-04-03T02:34:24.980+0600][31.662s][info][gc,ref      ] GC(20) Final: 84 encountered, 0 discovered, 0 enqueued
[2026-04-03T02:34:24.980+0600][31.662s][info][gc,ref      ] GC(20) Phantom: 620 encountered, 568 discovered, 0 enqueued
[2026-04-03T02:34:24.980+0600][31.662s][info][gc,reloc    ] GC(20) Small Pages: 312 / 624M, Empty: 320M, Relocated: 5M, In-Place: 0
[2026-04-03T02:34:24.980+0600][31.662s][info][gc,reloc    ] GC(20) Medium Pages: 3 / 96M, Empty: 64M, Relocated: 0M, In-Place: 0
[2026-04-03T02:34:24.980+0600][31.662s][info][gc,reloc    ] GC(20) Large Pages: 74 / 444M, Empty: 444M, Relocated: 0M, In-Place: 0
[2026-04-03T02:34:24.980+0600][31.662s][info][gc,reloc    ] GC(20) Forwarding Usage: 1M
[2026-04-03T02:34:24.980+0600][31.662s][info][gc,heap     ] GC(20) Min Capacity: 8M(1%)
[2026-04-03T02:34:24.980+0600][31.662s][info][gc,heap     ] GC(20) Max Capacity: 1500M(100%)
[2026-04-03T02:34:24.980+0600][31.662s][info][gc,heap     ] GC(20) Soft Max Capacity: 1500M(100%)
[2026-04-03T02:34:24.980+0600][31.662s][info][gc,heap     ] GC(20)                Mark Start          Mark End        Relocate Start      Relocate End           High               Low         
[2026-04-03T02:34:24.980+0600][31.662s][info][gc,heap     ] GC(20)  Capacity:     1500M (100%)       1500M (100%)       1500M (100%)       1500M (100%)       1500M (100%)       1500M (100%)   
[2026-04-03T02:34:24.980+0600][31.662s][info][gc,heap     ] GC(20)      Free:      336M (22%)          46M (3%)          806M (54%)         954M (64%)         994M (66%)           4M (0%)     
[2026-04-03T02:34:24.980+0600][31.662s][info][gc,heap     ] GC(20)      Used:     1164M (78%)        1454M (97%)         694M (46%)         546M (36%)        1496M (100%)        506M (34%)    
[2026-04-03T02:34:24.980+0600][31.662s][info][gc,heap     ] GC(20)      Live:         -               105M (7%)          105M (7%)          105M (7%)             -                  -          
[2026-04-03T02:34:24.980+0600][31.662s][info][gc,heap     ] GC(20) Allocated:         -               290M (19%)         358M (24%)         403M (27%)            -                  -          
[2026-04-03T02:34:24.980+0600][31.662s][info][gc,heap     ] GC(20)   Garbage:         -              1058M (71%)         230M (15%)          36M (2%)             -                  -          
[2026-04-03T02:34:24.980+0600][31.662s][info][gc,heap     ] GC(20) Reclaimed:         -                  -               828M (55%)        1021M (68%)            -                  -          
[2026-04-03T02:34:24.980+0600][31.662s][info][gc          ] GC(20) Garbage Collection (Allocation Rate) 1164M(78%)->546M(36%)
[2026-04-03T02:34:25.021+0600][31.703s][info][gc,start    ] GC(21) Garbage Collection (Allocation Stall)
[2026-04-03T02:34:25.021+0600][31.703s][info][gc,ref      ] GC(21) Clearing All SoftReferences
[2026-04-03T02:34:25.021+0600][31.703s][info][gc,task     ] GC(21) Using 3 workers
[2026-04-03T02:34:25.021+0600][31.703s][info][gc,ref      ] GC(21) Clearing All SoftReferences
[2026-04-03T02:34:25.022+0600][31.703s][info][gc,phases   ] GC(21) Pause Mark Start 0.103ms
[2026-04-03T02:34:25.134+0600][31.815s][info][gc,phases   ] GC(21) Concurrent Mark 112.061ms
[2026-04-03T02:34:25.134+0600][31.816s][info][gc,phases   ] GC(21) Pause Mark End 0.036ms
[2026-04-03T02:34:25.134+0600][31.816s][info][gc,phases   ] GC(21) Concurrent Mark Free 0.003ms
[2026-04-03T02:34:25.179+0600][31.860s][info][gc,phases   ] GC(21) Concurrent Process Non-Strong References 44.593ms
[2026-04-03T02:34:25.179+0600][31.861s][info][gc,phases   ] GC(21) Concurrent Reset Relocation Set 0.010ms
[2026-04-03T02:34:25.183+0600][31.865s][info][gc,phases   ] GC(21) Concurrent Select Relocation Set 3.938ms
[2026-04-03T02:34:25.184+0600][31.865s][info][gc,phases   ] GC(21) Pause Relocate Start 0.020ms
[2026-04-03T02:34:25.190+0600][31.872s][info][gc,phases   ] GC(21) Concurrent Relocate 6.550ms
[2026-04-03T02:34:25.190+0600][31.872s][info][gc,load     ] GC(21) Load: 5.07/5.58/5.76
[2026-04-03T02:34:25.190+0600][31.872s][info][gc,mmu      ] GC(21) MMU: 2ms/89.3%, 5ms/95.7%, 10ms/97.9%, 20ms/98.9%, 50ms/99.6%, 100ms/99.8%
[2026-04-03T02:34:25.190+0600][31.872s][info][gc,marking  ] GC(21) Mark: 2 stripe(s), 4 proactive flush(es), 1 terminate flush(es), 0 completion(s), 0 continuation(s) 
[2026-04-03T02:34:25.190+0600][31.872s][info][gc,marking  ] GC(21) Mark Stack Usage: 32M
[2026-04-03T02:34:25.190+0600][31.872s][info][gc,nmethod  ] GC(21) NMethods: 13583 registered, 1085 unregistered
[2026-04-03T02:34:25.190+0600][31.872s][info][gc,metaspace] GC(21) Metaspace: 126M used, 128M committed, 1152M reserved
[2026-04-03T02:34:25.191+0600][31.872s][info][gc,ref      ] GC(21) Soft: 6012 encountered, 4067 discovered, 2854 enqueued
[2026-04-03T02:34:25.191+0600][31.872s][info][gc,ref      ] GC(21) Weak: 14969 encountered, 4631 discovered, 481 enqueued
[2026-04-03T02:34:25.191+0600][31.872s][info][gc,ref      ] GC(21) Final: 84 encountered, 0 discovered, 0 enqueued
[2026-04-03T02:34:25.191+0600][31.872s][info][gc,ref      ] GC(21) Phantom: 620 encountered, 591 discovered, 0 enqueued
[2026-04-03T02:34:25.191+0600][31.872s][info][gc,reloc    ] GC(21) Small Pages: 109 / 218M, Empty: 8M, Relocated: 6M, In-Place: 0
[2026-04-03T02:34:25.191+0600][31.872s][info][gc,reloc    ] GC(21) Medium Pages: 2 / 64M, Empty: 32M, Relocated: 0M, In-Place: 0
[2026-04-03T02:34:25.191+0600][31.872s][info][gc,reloc    ] GC(21) Large Pages: 66 / 396M, Empty: 396M, Relocated: 0M, In-Place: 0
[2026-04-03T02:34:25.191+0600][31.872s][info][gc,reloc    ] GC(21) Forwarding Usage: 2M
[2026-04-03T02:34:25.191+0600][31.872s][info][gc,heap     ] GC(21) Min Capacity: 8M(1%)
[2026-04-03T02:34:25.191+0600][31.872s][info][gc,heap     ] GC(21) Max Capacity: 1500M(100%)
[2026-04-03T02:34:25.191+0600][31.872s][info][gc,heap     ] GC(21) Soft Max Capacity: 1500M(100%)
[2026-04-03T02:34:25.191+0600][31.872s][info][gc,heap     ] GC(21)                Mark Start          Mark End        Relocate Start      Relocate End           High               Low         
[2026-04-03T02:34:25.191+0600][31.872s][info][gc,heap     ] GC(21)  Capacity:     1500M (100%)       1500M (100%)       1500M (100%)       1500M (100%)       1500M (100%)       1500M (100%)   
[2026-04-03T02:34:25.191+0600][31.872s][info][gc,heap     ] GC(21)      Free:      822M (55%)         714M (48%)        1148M (77%)        1248M (83%)        1248M (83%)         712M (47%)    
[2026-04-03T02:34:25.191+0600][31.872s][info][gc,heap     ] GC(21)      Used:      678M (45%)         786M (52%)         352M (23%)         252M (17%)         788M (53%)         252M (17%)    
[2026-04-03T02:34:25.191+0600][31.872s][info][gc,heap     ] GC(21)      Live:         -                96M (6%)           96M (6%)           96M (6%)             -                  -          
[2026-04-03T02:34:25.191+0600][31.872s][info][gc,heap     ] GC(21) Allocated:         -               108M (7%)          110M (7%)          115M (8%)             -                  -          
[2026-04-03T02:34:25.191+0600][31.872s][info][gc,heap     ] GC(21)   Garbage:         -               581M (39%)         145M (10%)          39M (3%)             -                  -          
[2026-04-03T02:34:25.191+0600][31.872s][info][gc,heap     ] GC(21) Reclaimed:         -                  -               436M (29%)         541M (36%)            -                  -          
[2026-04-03T02:34:25.191+0600][31.872s][info][gc          ] GC(21) Garbage Collection (Allocation Stall) 678M(45%)->252M(17%)
[2026-04-03T02:34:25.521+0600][32.203s][info][gc,start    ] GC(22) Garbage Collection (Allocation Rate)
[2026-04-03T02:34:25.522+0600][32.203s][info][gc,task     ] GC(22) Using 2 workers
[2026-04-03T02:34:25.522+0600][32.204s][info][gc,phases   ] GC(22) Pause Mark Start 0.010ms
[2026-04-03T02:34:25.631+0600][32.312s][info][gc,phases   ] GC(22) Concurrent Mark 108.542ms
[2026-04-03T02:34:25.631+0600][32.312s][info][gc,phases   ] GC(22) Pause Mark End 0.035ms
[2026-04-03T02:34:25.631+0600][32.313s][info][gc,phases   ] GC(22) Concurrent Mark Free 0.002ms
[2026-04-03T02:34:25.672+0600][32.353s][info][gc,phases   ] GC(22) Concurrent Process Non-Strong References 40.462ms
[2026-04-03T02:34:25.672+0600][32.353s][info][gc,phases   ] GC(22) Concurrent Reset Relocation Set 0.009ms
[2026-04-03T02:34:25.676+0600][32.357s][info][gc,phases   ] GC(22) Concurrent Select Relocation Set 3.841ms
[2026-04-03T02:34:25.676+0600][32.357s][info][gc,phases   ] GC(22) Pause Relocate Start 0.013ms
[2026-04-03T02:34:25.683+0600][32.364s][info][gc,phases   ] GC(22) Concurrent Relocate 6.642ms
[2026-04-03T02:34:25.683+0600][32.364s][info][gc,load     ] GC(22) Load: 5.07/5.58/5.76
[2026-04-03T02:34:25.683+0600][32.364s][info][gc,mmu      ] GC(22) MMU: 2ms/89.3%, 5ms/95.7%, 10ms/97.9%, 20ms/98.9%, 50ms/99.6%, 100ms/99.8%
[2026-04-03T02:34:25.683+0600][32.364s][info][gc,marking  ] GC(22) Mark: 2 stripe(s), 2 proactive flush(es), 1 terminate flush(es), 0 completion(s), 0 continuation(s) 
[2026-04-03T02:34:25.683+0600][32.364s][info][gc,marking  ] GC(22) Mark Stack Usage: 32M
[2026-04-03T02:34:25.683+0600][32.364s][info][gc,nmethod  ] GC(22) NMethods: 13640 registered, 1133 unregistered
[2026-04-03T02:34:25.683+0600][32.365s][info][gc,metaspace] GC(22) Metaspace: 126M used, 128M committed, 1152M reserved
[2026-04-03T02:34:25.683+0600][32.365s][info][gc,ref      ] GC(22) Soft: 3338 encountered, 0 discovered, 0 enqueued
[2026-04-03T02:34:25.683+0600][32.365s][info][gc,ref      ] GC(22) Weak: 14682 encountered, 4469 discovered, 481 enqueued
[2026-04-03T02:34:25.683+0600][32.365s][info][gc,ref      ] GC(22) Final: 84 encountered, 0 discovered, 0 enqueued
[2026-04-03T02:34:25.683+0600][32.365s][info][gc,ref      ] GC(22) Phantom: 620 encountered, 363 discovered, 0 enqueued
[2026-04-03T02:34:25.683+0600][32.365s][info][gc,reloc    ] GC(22) Small Pages: 145 / 290M, Empty: 16M, Relocated: 6M, In-Place: 0
[2026-04-03T02:34:25.683+0600][32.365s][info][gc,reloc    ] GC(22) Medium Pages: 3 / 96M, Empty: 64M, Relocated: 0M, In-Place: 0
[2026-04-03T02:34:25.683+0600][32.365s][info][gc,reloc    ] GC(22) Large Pages: 5 / 30M, Empty: 30M, Relocated: 0M, In-Place: 0
[2026-04-03T02:34:25.683+0600][32.365s][info][gc,reloc    ] GC(22) Forwarding Usage: 2M
[2026-04-03T02:34:25.683+0600][32.365s][info][gc,heap     ] GC(22) Min Capacity: 8M(1%)
[2026-04-03T02:34:25.683+0600][32.365s][info][gc,heap     ] GC(22) Max Capacity: 1500M(100%)
[2026-04-03T02:34:25.683+0600][32.365s][info][gc,heap     ] GC(22) Soft Max Capacity: 1500M(100%)
[2026-04-03T02:34:25.683+0600][32.365s][info][gc,heap     ] GC(22)                Mark Start          Mark End        Relocate Start      Relocate End           High               Low         
[2026-04-03T02:34:25.683+0600][32.365s][info][gc,heap     ] GC(22)  Capacity:     1500M (100%)       1500M (100%)       1500M (100%)       1500M (100%)       1500M (100%)       1500M (100%)   
[2026-04-03T02:34:25.683+0600][32.365s][info][gc,heap     ] GC(22)      Free:     1084M (72%)        1040M (69%)        1122M (75%)        1288M (86%)        1288M (86%)        1016M (68%)    
[2026-04-03T02:34:25.683+0600][32.365s][info][gc,heap     ] GC(22)      Used:      416M (28%)         460M (31%)         378M (25%)         212M (14%)         484M (32%)         212M (14%)    
[2026-04-03T02:34:25.683+0600][32.365s][info][gc,heap     ] GC(22)      Live:         -                97M (7%)           97M (7%)           97M (7%)             -                  -          
[2026-04-03T02:34:25.683+0600][32.365s][info][gc,heap     ] GC(22) Allocated:         -                44M (3%)           72M (5%)           75M (5%)             -                  -          
[2026-04-03T02:34:25.683+0600][32.365s][info][gc,heap     ] GC(22)   Garbage:         -               318M (21%)         208M (14%)          38M (3%)             -                  -          
[2026-04-03T02:34:25.683+0600][32.365s][info][gc,heap     ] GC(22) Reclaimed:         -                  -               110M (7%)          279M (19%)            -                  -          
[2026-04-03T02:34:25.683+0600][32.365s][info][gc          ] GC(22) Garbage Collection (Allocation Rate) 416M(28%)->212M(14%)
[2026-04-03T02:34:25.921+0600][32.603s][info][gc,start    ] GC(23) Garbage Collection (Allocation Rate)
[2026-04-03T02:34:25.921+0600][32.603s][info][gc,task     ] GC(23) Using 2 workers
[2026-04-03T02:34:25.921+0600][32.603s][info][gc,phases   ] GC(23) Pause Mark Start 0.016ms
[2026-04-03T02:34:26.089+0600][32.770s][info][gc,phases   ] GC(23) Concurrent Mark 167.255ms
[2026-04-03T02:34:26.089+0600][32.771s][info][gc,phases   ] GC(23) Pause Mark End 0.041ms
[2026-04-03T02:34:26.089+0600][32.771s][info][gc,phases   ] GC(23) Concurrent Mark Free 0.004ms
[2026-04-03T02:34:26.114+0600][32.796s][info][gc,phases   ] GC(23) Concurrent Process Non-Strong References 25.085ms
[2026-04-03T02:34:26.114+0600][32.796s][info][gc,phases   ] GC(23) Concurrent Reset Relocation Set 0.011ms
[2026-04-03T02:34:26.119+0600][32.800s][info][gc,phases   ] GC(23) Concurrent Select Relocation Set 4.467ms
[2026-04-03T02:34:26.119+0600][32.801s][info][gc,phases   ] GC(23) Pause Relocate Start 0.012ms
[2026-04-03T02:34:26.125+0600][32.806s][info][gc,phases   ] GC(23) Concurrent Relocate 2.205ms
[2026-04-03T02:34:26.125+0600][32.806s][info][gc,load     ] GC(23) Load: 5.07/5.58/5.76
[2026-04-03T02:34:26.125+0600][32.806s][info][gc,mmu      ] GC(23) MMU: 2ms/89.3%, 5ms/95.7%, 10ms/97.9%, 20ms/98.9%, 50ms/99.6%, 100ms/99.8%
[2026-04-03T02:34:26.125+0600][32.806s][info][gc,marking  ] GC(23) Mark: 2 stripe(s), 2 proactive flush(es), 1 terminate flush(es), 0 completion(s), 0 continuation(s) 
[2026-04-03T02:34:26.125+0600][32.806s][info][gc,marking  ] GC(23) Mark Stack Usage: 32M
[2026-04-03T02:34:26.125+0600][32.806s][info][gc,nmethod  ] GC(23) NMethods: 13677 registered, 1153 unregistered
[2026-04-03T02:34:26.125+0600][32.806s][info][gc,metaspace] GC(23) Metaspace: 126M used, 128M committed, 1152M reserved
[2026-04-03T02:34:26.125+0600][32.806s][info][gc,ref      ] GC(23) Soft: 3349 encountered, 0 discovered, 0 enqueued
[2026-04-03T02:34:26.125+0600][32.806s][info][gc,ref      ] GC(23) Weak: 14490 encountered, 4969 discovered, 27 enqueued
[2026-04-03T02:34:26.125+0600][32.806s][info][gc,ref      ] GC(23) Final: 84 encountered, 0 discovered, 0 enqueued
[2026-04-03T02:34:26.125+0600][32.807s][info][gc,ref      ] GC(23) Phantom: 620 encountered, 559 discovered, 0 enqueued
[2026-04-03T02:34:26.125+0600][32.807s][info][gc,reloc    ] GC(23) Small Pages: 164 / 328M, Empty: 26M, Relocated: 1M, In-Place: 0
[2026-04-03T02:34:26.125+0600][32.807s][info][gc,reloc    ] GC(23) Medium Pages: 2 / 64M, Empty: 32M, Relocated: 0M, In-Place: 0
[2026-04-03T02:34:26.125+0600][32.807s][info][gc,reloc    ] GC(23) Large Pages: 3 / 18M, Empty: 18M, Relocated: 0M, In-Place: 0
[2026-04-03T02:34:26.125+0600][32.807s][info][gc,reloc    ] GC(23) Forwarding Usage: 0M
[2026-04-03T02:34:26.125+0600][32.807s][info][gc,heap     ] GC(23) Min Capacity: 8M(1%)
[2026-04-03T02:34:26.125+0600][32.807s][info][gc,heap     ] GC(23) Max Capacity: 1500M(100%)
[2026-04-03T02:34:26.125+0600][32.807s][info][gc,heap     ] GC(23) Soft Max Capacity: 1500M(100%)
[2026-04-03T02:34:26.125+0600][32.807s][info][gc,heap     ] GC(23)                Mark Start          Mark End        Relocate Start      Relocate End           High               Low         
[2026-04-03T02:34:26.125+0600][32.807s][info][gc,heap     ] GC(23)  Capacity:     1500M (100%)       1500M (100%)       1500M (100%)       1500M (100%)       1500M (100%)       1500M (100%)   
[2026-04-03T02:34:26.125+0600][32.807s][info][gc,heap     ] GC(23)      Free:     1090M (73%)         938M (63%)        1000M (67%)        1192M (79%)        1192M (79%)         924M (62%)    
[2026-04-03T02:34:26.125+0600][32.807s][info][gc,heap     ] GC(23)      Used:      410M (27%)         562M (37%)         500M (33%)         308M (21%)         576M (38%)         308M (21%)    
[2026-04-03T02:34:26.125+0600][32.807s][info][gc,heap     ] GC(23)      Live:         -                98M (7%)           98M (7%)           98M (7%)             -                  -          
[2026-04-03T02:34:26.125+0600][32.807s][info][gc,heap     ] GC(23) Allocated:         -               152M (10%)         166M (11%)         171M (11%)            -                  -          
[2026-04-03T02:34:26.125+0600][32.807s][info][gc,heap     ] GC(23)   Garbage:         -               311M (21%)         235M (16%)          37M (3%)             -                  -          
[2026-04-03T02:34:26.125+0600][32.807s][info][gc,heap     ] GC(23) Reclaimed:         -                  -                76M (5%)          273M (18%)            -                  -          
[2026-04-03T02:34:26.125+0600][32.807s][info][gc          ] GC(23) Garbage Collection (Allocation Rate) 410M(27%)->308M(21%)
[2026-04-03T02:34:26.221+0600][32.903s][info][gc,start    ] GC(24) Garbage Collection (Allocation Rate)
[2026-04-03T02:34:26.222+0600][32.903s][info][gc,task     ] GC(24) Using 2 workers
[2026-04-03T02:34:26.222+0600][32.904s][info][gc,phases   ] GC(24) Pause Mark Start 0.015ms
[2026-04-03T02:34:26.377+0600][33.059s][info][gc,phases   ] GC(24) Concurrent Mark 154.501ms
[2026-04-03T02:34:26.377+0600][33.059s][info][gc,phases   ] GC(24) Pause Mark End 0.024ms
[2026-04-03T02:34:26.377+0600][33.059s][info][gc,phases   ] GC(24) Concurrent Mark Free 0.002ms
[2026-04-03T02:34:26.407+0600][33.089s][info][gc,phases   ] GC(24) Concurrent Process Non-Strong References 29.958ms
[2026-04-03T02:34:26.408+0600][33.089s][info][gc,phases   ] GC(24) Concurrent Reset Relocation Set 0.018ms
[2026-04-03T02:34:26.412+0600][33.094s][info][gc,phases   ] GC(24) Concurrent Select Relocation Set 4.743ms
[2026-04-03T02:34:26.413+0600][33.094s][info][gc,phases   ] GC(24) Pause Relocate Start 0.016ms
[2026-04-03T02:34:26.420+0600][33.102s][info][gc,phases   ] GC(24) Concurrent Relocate 7.514ms
[2026-04-03T02:34:26.420+0600][33.102s][info][gc,load     ] GC(24) Load: 5.07/5.58/5.76
[2026-04-03T02:34:26.420+0600][33.102s][info][gc,mmu      ] GC(24) MMU: 2ms/89.3%, 5ms/95.7%, 10ms/97.9%, 20ms/98.9%, 50ms/99.6%, 100ms/99.8%
[2026-04-03T02:34:26.420+0600][33.102s][info][gc,marking  ] GC(24) Mark: 2 stripe(s), 2 proactive flush(es), 1 terminate flush(es), 0 completion(s), 0 continuation(s) 
[2026-04-03T02:34:26.420+0600][33.102s][info][gc,marking  ] GC(24) Mark Stack Usage: 32M
[2026-04-03T02:34:26.420+0600][33.102s][info][gc,nmethod  ] GC(24) NMethods: 13709 registered, 1173 unregistered
[2026-04-03T02:34:26.420+0600][33.102s][info][gc,metaspace] GC(24) Metaspace: 126M used, 128M committed, 1152M reserved
[2026-04-03T02:34:26.420+0600][33.102s][info][gc,ref      ] GC(24) Soft: 3357 encountered, 0 discovered, 0 enqueued
[2026-04-03T02:34:26.420+0600][33.102s][info][gc,ref      ] GC(24) Weak: 14828 encountered, 2794 discovered, 7 enqueued
[2026-04-03T02:34:26.420+0600][33.102s][info][gc,ref      ] GC(24) Final: 84 encountered, 0 discovered, 0 enqueued
[2026-04-03T02:34:26.420+0600][33.102s][info][gc,ref      ] GC(24) Phantom: 620 encountered, 564 discovered, 0 enqueued
[2026-04-03T02:34:26.420+0600][33.102s][info][gc,reloc    ] GC(24) Small Pages: 150 / 300M, Empty: 52M, Relocated: 6M, In-Place: 0
[2026-04-03T02:34:26.420+0600][33.102s][info][gc,reloc    ] GC(24) Medium Pages: 3 / 96M, Empty: 64M, Relocated: 0M, In-Place: 0
[2026-04-03T02:34:26.420+0600][33.102s][info][gc,reloc    ] GC(24) Large Pages: 5 / 30M, Empty: 30M, Relocated: 0M, In-Place: 0
[2026-04-03T02:34:26.420+0600][33.102s][info][gc,reloc    ] GC(24) Forwarding Usage: 1M
[2026-04-03T02:34:26.420+0600][33.102s][info][gc,heap     ] GC(24) Min Capacity: 8M(1%)
[2026-04-03T02:34:26.420+0600][33.102s][info][gc,heap     ] GC(24) Max Capacity: 1500M(100%)
[2026-04-03T02:34:26.420+0600][33.102s][info][gc,heap     ] GC(24) Soft Max Capacity: 1500M(100%)
[2026-04-03T02:34:26.420+0600][33.102s][info][gc,heap     ] GC(24)                Mark Start          Mark End        Relocate Start      Relocate End           High               Low         
[2026-04-03T02:34:26.420+0600][33.102s][info][gc,heap     ] GC(24)  Capacity:     1500M (100%)       1500M (100%)       1500M (100%)       1500M (100%)       1500M (100%)       1500M (100%)   
[2026-04-03T02:34:26.420+0600][33.102s][info][gc,heap     ] GC(24)      Free:     1074M (72%)         914M (61%)        1032M (69%)        1138M (76%)        1170M (78%)         886M (59%)    
[2026-04-03T02:34:26.420+0600][33.102s][info][gc,heap     ] GC(24)      Used:      426M (28%)         586M (39%)         468M (31%)         362M (24%)         614M (41%)         330M (22%)    
[2026-04-03T02:34:26.420+0600][33.102s][info][gc,heap     ] GC(24)      Live:         -               101M (7%)          101M (7%)          101M (7%)             -                  -          
[2026-04-03T02:34:26.420+0600][33.102s][info][gc,heap     ] GC(24) Allocated:         -               160M (11%)         188M (13%)         221M (15%)            -                  -          
[2026-04-03T02:34:26.420+0600][33.102s][info][gc,heap     ] GC(24)   Garbage:         -               324M (22%)         178M (12%)          38M (3%)             -                  -          
[2026-04-03T02:34:26.421+0600][33.102s][info][gc,heap     ] GC(24) Reclaimed:         -                  -               146M (10%)         285M (19%)            -                  -          
[2026-04-03T02:34:26.421+0600][33.102s][info][gc          ] GC(24) Garbage Collection (Allocation Rate) 426M(28%)->362M(24%)
[2026-04-03T02:34:26.821+0600][33.503s][info][gc,start    ] GC(25) Garbage Collection (Allocation Rate)
[2026-04-03T02:34:26.821+0600][33.503s][info][gc,task     ] GC(25) Using 2 workers
[2026-04-03T02:34:26.822+0600][33.504s][info][gc,phases   ] GC(25) Pause Mark Start 0.015ms
[2026-04-03T02:34:26.958+0600][33.639s][info][gc,phases   ] GC(25) Concurrent Mark 135.235ms
[2026-04-03T02:34:26.958+0600][33.639s][info][gc,phases   ] GC(25) Pause Mark End 0.039ms
[2026-04-03T02:34:26.958+0600][33.639s][info][gc,phases   ] GC(25) Concurrent Mark Free 0.002ms
[2026-04-03T02:34:26.979+0600][33.661s][info][gc,phases   ] GC(25) Concurrent Process Non-Strong References 21.102ms
[2026-04-03T02:34:26.979+0600][33.661s][info][gc,phases   ] GC(25) Concurrent Reset Relocation Set 0.006ms
[2026-04-03T02:34:26.982+0600][33.663s][info][gc,phases   ] GC(25) Concurrent Select Relocation Set 2.639ms
[2026-04-03T02:34:26.982+0600][33.664s][info][gc,phases   ] GC(25) Pause Relocate Start 0.011ms
[2026-04-03T02:34:26.986+0600][33.667s][info][gc,phases   ] GC(25) Concurrent Relocate 3.484ms
[2026-04-03T02:34:26.986+0600][33.667s][info][gc,load     ] GC(25) Load: 5.07/5.58/5.76
[2026-04-03T02:34:26.986+0600][33.667s][info][gc,mmu      ] GC(25) MMU: 2ms/89.3%, 5ms/95.7%, 10ms/97.9%, 20ms/98.9%, 50ms/99.6%, 100ms/99.8%
[2026-04-03T02:34:26.986+0600][33.667s][info][gc,marking  ] GC(25) Mark: 2 stripe(s), 2 proactive flush(es), 1 terminate flush(es), 0 completion(s), 0 continuation(s) 
[2026-04-03T02:34:26.986+0600][33.667s][info][gc,marking  ] GC(25) Mark Stack Usage: 32M
[2026-04-03T02:34:26.986+0600][33.667s][info][gc,nmethod  ] GC(25) NMethods: 13781 registered, 1237 unregistered
[2026-04-03T02:34:26.986+0600][33.667s][info][gc,metaspace] GC(25) Metaspace: 126M used, 128M committed, 1152M reserved
[2026-04-03T02:34:26.986+0600][33.667s][info][gc,ref      ] GC(25) Soft: 3356 encountered, 0 discovered, 0 enqueued
[2026-04-03T02:34:26.986+0600][33.667s][info][gc,ref      ] GC(25) Weak: 15764 encountered, 7809 discovered, 22 enqueued
[2026-04-03T02:34:26.986+0600][33.667s][info][gc,ref      ] GC(25) Final: 84 encountered, 0 discovered, 0 enqueued
[2026-04-03T02:34:26.986+0600][33.667s][info][gc,ref      ] GC(25) Phantom: 620 encountered, 388 discovered, 0 enqueued
[2026-04-03T02:34:26.986+0600][33.667s][info][gc,reloc    ] GC(25) Small Pages: 304 / 608M, Empty: 278M, Relocated: 4M, In-Place: 0
[2026-04-03T02:34:26.986+0600][33.667s][info][gc,reloc    ] GC(25) Medium Pages: 5 / 160M, Empty: 128M, Relocated: 0M, In-Place: 0
[2026-04-03T02:34:26.986+0600][33.667s][info][gc,reloc    ] GC(25) Large Pages: 13 / 78M, Empty: 78M, Relocated: 0M, In-Place: 0
[2026-04-03T02:34:26.986+0600][33.667s][info][gc,reloc    ] GC(25) Forwarding Usage: 1M
[2026-04-03T02:34:26.986+0600][33.667s][info][gc,heap     ] GC(25) Min Capacity: 8M(1%)
[2026-04-03T02:34:26.986+0600][33.667s][info][gc,heap     ] GC(25) Max Capacity: 1500M(100%)
[2026-04-03T02:34:26.986+0600][33.667s][info][gc,heap     ] GC(25) Soft Max Capacity: 1500M(100%)
[2026-04-03T02:34:26.986+0600][33.667s][info][gc,heap     ] GC(25)                Mark Start          Mark End        Relocate Start      Relocate End           High               Low         
[2026-04-03T02:34:26.986+0600][33.668s][info][gc,heap     ] GC(25)  Capacity:     1500M (100%)       1500M (100%)       1500M (100%)       1500M (100%)       1500M (100%)       1500M (100%)   
[2026-04-03T02:34:26.986+0600][33.668s][info][gc,heap     ] GC(25)      Free:      654M (44%)         530M (35%)        1000M (67%)        1218M (81%)        1218M (81%)         522M (35%)    
[2026-04-03T02:34:26.986+0600][33.668s][info][gc,heap     ] GC(25)      Used:      846M (56%)         970M (65%)         500M (33%)         282M (19%)         978M (65%)         282M (19%)    
[2026-04-03T02:34:26.986+0600][33.668s][info][gc,heap     ] GC(25)      Live:         -               101M (7%)          101M (7%)          101M (7%)             -                  -          
[2026-04-03T02:34:26.986+0600][33.668s][info][gc,heap     ] GC(25) Allocated:         -               124M (8%)          138M (9%)          141M (9%)             -                  -          
[2026-04-03T02:34:26.986+0600][33.668s][info][gc,heap     ] GC(25)   Garbage:         -               744M (50%)         260M (17%)          38M (3%)             -                  -          
[2026-04-03T02:34:26.986+0600][33.668s][info][gc,heap     ] GC(25) Reclaimed:         -                  -               484M (32%)         705M (47%)            -                  -          
[2026-04-03T02:34:26.986+0600][33.668s][info][gc          ] GC(25) Garbage Collection (Allocation Rate) 846M(56%)->282M(19%)
[2026-04-03T02:34:27.821+0600][34.503s][info][gc,start    ] GC(26) Garbage Collection (Allocation Rate)
[2026-04-03T02:34:27.821+0600][34.503s][info][gc,task     ] GC(26) Using 2 workers
[2026-04-03T02:34:27.822+0600][34.503s][info][gc,phases   ] GC(26) Pause Mark Start 0.018ms
[2026-04-03T02:34:27.991+0600][34.672s][info][gc,phases   ] GC(26) Concurrent Mark 168.352ms
[2026-04-03T02:34:27.991+0600][34.673s][info][gc,phases   ] GC(26) Pause Mark End 0.046ms
[2026-04-03T02:34:27.991+0600][34.673s][info][gc,phases   ] GC(26) Concurrent Mark Free 0.001ms
[2026-04-03T02:34:28.024+0600][34.705s][info][gc,phases   ] GC(26) Concurrent Process Non-Strong References 32.255ms
[2026-04-03T02:34:28.024+0600][34.705s][info][gc,phases   ] GC(26) Concurrent Reset Relocation Set 0.016ms
[2026-04-03T02:34:28.028+0600][34.710s][info][gc,phases   ] GC(26) Concurrent Select Relocation Set 4.449ms
[2026-04-03T02:34:28.029+0600][34.710s][info][gc,phases   ] GC(26) Pause Relocate Start 0.015ms
[2026-04-03T02:34:28.042+0600][34.723s][info][gc,phases   ] GC(26) Concurrent Relocate 13.011ms
[2026-04-03T02:34:28.042+0600][34.723s][info][gc,load     ] GC(26) Load: 5.07/5.58/5.76
[2026-04-03T02:34:28.042+0600][34.723s][info][gc,mmu      ] GC(26) MMU: 2ms/89.3%, 5ms/95.7%, 10ms/97.9%, 20ms/98.9%, 50ms/99.6%, 100ms/99.8%
[2026-04-03T02:34:28.042+0600][34.723s][info][gc,marking  ] GC(26) Mark: 2 stripe(s), 2 proactive flush(es), 1 terminate flush(es), 0 completion(s), 0 continuation(s) 
[2026-04-03T02:34:28.042+0600][34.723s][info][gc,marking  ] GC(26) Mark Stack Usage: 32M
[2026-04-03T02:34:28.042+0600][34.723s][info][gc,nmethod  ] GC(26) NMethods: 13815 registered, 1293 unregistered
[2026-04-03T02:34:28.042+0600][34.723s][info][gc,metaspace] GC(26) Metaspace: 126M used, 128M committed, 1152M reserved
[2026-04-03T02:34:28.042+0600][34.723s][info][gc,ref      ] GC(26) Soft: 3374 encountered, 0 discovered, 0 enqueued
[2026-04-03T02:34:28.042+0600][34.723s][info][gc,ref      ] GC(26) Weak: 16843 encountered, 7187 discovered, 1628 enqueued
[2026-04-03T02:34:28.042+0600][34.723s][info][gc,ref      ] GC(26) Final: 84 encountered, 0 discovered, 0 enqueued
[2026-04-03T02:34:28.042+0600][34.723s][info][gc,ref      ] GC(26) Phantom: 623 encountered, 380 discovered, 1 enqueued
[2026-04-03T02:34:28.042+0600][34.723s][info][gc,reloc    ] GC(26) Small Pages: 403 / 806M, Empty: 252M, Relocated: 10M, In-Place: 0
[2026-04-03T02:34:28.042+0600][34.723s][info][gc,reloc    ] GC(26) Medium Pages: 5 / 160M, Empty: 128M, Relocated: 0M, In-Place: 0
[2026-04-03T02:34:28.042+0600][34.723s][info][gc,reloc    ] GC(26) Large Pages: 16 / 96M, Empty: 96M, Relocated: 0M, In-Place: 0
[2026-04-03T02:34:28.042+0600][34.723s][info][gc,reloc    ] GC(26) Forwarding Usage: 3M
[2026-04-03T02:34:28.042+0600][34.724s][info][gc,heap     ] GC(26) Min Capacity: 8M(1%)
[2026-04-03T02:34:28.042+0600][34.724s][info][gc,heap     ] GC(26) Max Capacity: 1500M(100%)
[2026-04-03T02:34:28.042+0600][34.724s][info][gc,heap     ] GC(26) Soft Max Capacity: 1500M(100%)
[2026-04-03T02:34:28.042+0600][34.724s][info][gc,heap     ] GC(26)                Mark Start          Mark End        Relocate Start      Relocate End           High               Low         
[2026-04-03T02:34:28.042+0600][34.724s][info][gc,heap     ] GC(26)  Capacity:     1500M (100%)       1500M (100%)       1500M (100%)       1500M (100%)       1500M (100%)       1500M (100%)   
[2026-04-03T02:34:28.042+0600][34.724s][info][gc,heap     ] GC(26)      Free:      438M (29%)         280M (19%)         720M (48%)        1156M (77%)        1162M (77%)         254M (17%)    
[2026-04-03T02:34:28.042+0600][34.724s][info][gc,heap     ] GC(26)      Used:     1062M (71%)        1220M (81%)         780M (52%)         344M (23%)        1246M (83%)         338M (23%)    
[2026-04-03T02:34:28.042+0600][34.724s][info][gc,heap     ] GC(26)      Live:         -               102M (7%)          102M (7%)          102M (7%)             -                  -          
[2026-04-03T02:34:28.042+0600][34.724s][info][gc,heap     ] GC(26) Allocated:         -               158M (11%)         194M (13%)         203M (14%)            -                  -          
[2026-04-03T02:34:28.042+0600][34.724s][info][gc,heap     ] GC(26)   Garbage:         -               959M (64%)         483M (32%)          37M (3%)             -                  -          
[2026-04-03T02:34:28.042+0600][34.724s][info][gc,heap     ] GC(26) Reclaimed:         -                  -               476M (32%)         921M (61%)            -                  -          
[2026-04-03T02:34:28.042+0600][34.724s][info][gc          ] GC(26) Garbage Collection (Allocation Rate) 1062M(71%)->344M(23%)
[2026-04-03T02:34:28.621+0600][35.303s][info][gc,start    ] GC(27) Garbage Collection (Allocation Rate)
[2026-04-03T02:34:28.621+0600][35.303s][info][gc,task     ] GC(27) Using 2 workers
[2026-04-03T02:34:28.622+0600][35.303s][info][gc,phases   ] GC(27) Pause Mark Start 0.026ms
[2026-04-03T02:34:28.779+0600][35.460s][info][gc,phases   ] GC(27) Concurrent Mark 157.225ms
[2026-04-03T02:34:28.779+0600][35.461s][info][gc,phases   ] GC(27) Pause Mark End 0.033ms
[2026-04-03T02:34:28.779+0600][35.461s][info][gc,phases   ] GC(27) Concurrent Mark Free 0.003ms
[2026-04-03T02:34:28.824+0600][35.505s][info][gc,phases   ] GC(27) Concurrent Process Non-Strong References 44.195ms
[2026-04-03T02:34:28.824+0600][35.505s][info][gc,phases   ] GC(27) Concurrent Reset Relocation Set 0.018ms
[2026-04-03T02:34:28.827+0600][35.508s][info][gc,phases   ] GC(27) Concurrent Select Relocation Set 2.790ms
[2026-04-03T02:34:28.827+0600][35.508s][info][gc,phases   ] GC(27) Pause Relocate Start 0.013ms
[2026-04-03T02:34:28.834+0600][35.515s][info][gc,phases   ] GC(27) Concurrent Relocate 7.074ms
[2026-04-03T02:34:28.834+0600][35.516s][info][gc,load     ] GC(27) Load: 5.07/5.58/5.76
[2026-04-03T02:34:28.834+0600][35.516s][info][gc,mmu      ] GC(27) MMU: 2ms/89.3%, 5ms/95.7%, 10ms/97.9%, 20ms/98.9%, 50ms/99.6%, 100ms/99.8%
[2026-04-03T02:34:28.834+0600][35.516s][info][gc,marking  ] GC(27) Mark: 2 stripe(s), 2 proactive flush(es), 1 terminate flush(es), 0 completion(s), 0 continuation(s) 
[2026-04-03T02:34:28.834+0600][35.516s][info][gc,marking  ] GC(27) Mark Stack Usage: 32M
[2026-04-03T02:34:28.834+0600][35.516s][info][gc,nmethod  ] GC(27) NMethods: 13865 registered, 1323 unregistered
[2026-04-03T02:34:28.834+0600][35.516s][info][gc,metaspace] GC(27) Metaspace: 126M used, 128M committed, 1152M reserved
[2026-04-03T02:34:28.834+0600][35.516s][info][gc,ref      ] GC(27) Soft: 3442 encountered, 0 discovered, 0 enqueued
[2026-04-03T02:34:28.834+0600][35.516s][info][gc,ref      ] GC(27) Weak: 16434 encountered, 8662 discovered, 1745 enqueued
[2026-04-03T02:34:28.834+0600][35.516s][info][gc,ref      ] GC(27) Final: 84 encountered, 48 discovered, 0 enqueued
[2026-04-03T02:34:28.834+0600][35.516s][info][gc,ref      ] GC(27) Phantom: 620 encountered, 373 discovered, 0 enqueued
[2026-04-03T02:34:28.834+0600][35.516s][info][gc,reloc    ] GC(27) Small Pages: 392 / 784M, Empty: 314M, Relocated: 6M, In-Place: 0
[2026-04-03T02:34:28.834+0600][35.516s][info][gc,reloc    ] GC(27) Medium Pages: 5 / 160M, Empty: 128M, Relocated: 0M, In-Place: 0
[2026-04-03T02:34:28.834+0600][35.516s][info][gc,reloc    ] GC(27) Large Pages: 15 / 90M, Empty: 90M, Relocated: 0M, In-Place: 0
[2026-04-03T02:34:28.834+0600][35.516s][info][gc,reloc    ] GC(27) Forwarding Usage: 1M
[2026-04-03T02:34:28.834+0600][35.516s][info][gc,heap     ] GC(27) Min Capacity: 8M(1%)
[2026-04-03T02:34:28.834+0600][35.516s][info][gc,heap     ] GC(27) Max Capacity: 1500M(100%)
[2026-04-03T02:34:28.834+0600][35.516s][info][gc,heap     ] GC(27) Soft Max Capacity: 1500M(100%)
[2026-04-03T02:34:28.834+0600][35.516s][info][gc,heap     ] GC(27)                Mark Start          Mark End        Relocate Start      Relocate End           High               Low         
[2026-04-03T02:34:28.834+0600][35.516s][info][gc,heap     ] GC(27)  Capacity:     1500M (100%)       1500M (100%)       1500M (100%)       1500M (100%)       1500M (100%)       1500M (100%)   
[2026-04-03T02:34:28.834+0600][35.516s][info][gc,heap     ] GC(27)      Free:      466M (31%)         260M (17%)         776M (52%)        1134M (76%)        1134M (76%)         248M (17%)    
[2026-04-03T02:34:28.834+0600][35.516s][info][gc,heap     ] GC(27)      Used:     1034M (69%)        1240M (83%)         724M (48%)         366M (24%)        1252M (83%)         366M (24%)    
[2026-04-03T02:34:28.834+0600][35.516s][info][gc,heap     ] GC(27)      Live:         -               102M (7%)          102M (7%)          102M (7%)             -                  -          
[2026-04-03T02:34:28.834+0600][35.516s][info][gc,heap     ] GC(27) Allocated:         -               206M (14%)         222M (15%)         227M (15%)            -                  -          
[2026-04-03T02:34:28.834+0600][35.516s][info][gc,heap     ] GC(27)   Garbage:         -               931M (62%)         399M (27%)          35M (2%)             -                  -          
[2026-04-03T02:34:28.834+0600][35.516s][info][gc,heap     ] GC(27) Reclaimed:         -                  -               532M (35%)         895M (60%)            -                  -          
[2026-04-03T02:34:28.834+0600][35.516s][info][gc          ] GC(27) Garbage Collection (Allocation Rate) 1034M(69%)->366M(24%)
[2026-04-03T02:34:28.922+0600][35.603s][info][gc,start    ] GC(28) Garbage Collection (Allocation Rate)
[2026-04-03T02:34:28.922+0600][35.603s][info][gc,task     ] GC(28) Using 2 workers
[2026-04-03T02:34:28.922+0600][35.604s][info][gc,phases   ] GC(28) Pause Mark Start 0.011ms
[2026-04-03T02:34:29.089+0600][35.771s][info][gc,phases   ] GC(28) Concurrent Mark 166.887ms
[2026-04-03T02:34:29.092+0600][35.773s][info][gc,phases   ] GC(28) Pause Mark End 0.044ms
[2026-04-03T02:34:29.092+0600][35.773s][info][gc,phases   ] GC(28) Concurrent Mark Free 0.002ms
[2026-04-03T02:34:29.117+0600][35.799s][info][gc,phases   ] GC(28) Concurrent Process Non-Strong References 25.402ms
[2026-04-03T02:34:29.117+0600][35.799s][info][gc,phases   ] GC(28) Concurrent Reset Relocation Set 0.019ms
[2026-04-03T02:34:29.121+0600][35.803s][info][gc,phases   ] GC(28) Concurrent Select Relocation Set 4.127ms
[2026-04-03T02:34:29.122+0600][35.803s][info][gc,phases   ] GC(28) Pause Relocate Start 0.021ms
[2026-04-03T02:34:29.128+0600][35.809s][info][gc,phases   ] GC(28) Concurrent Relocate 5.679ms
[2026-04-03T02:34:29.128+0600][35.809s][info][gc,load     ] GC(28) Load: 5.07/5.58/5.76
[2026-04-03T02:34:29.128+0600][35.809s][info][gc,mmu      ] GC(28) MMU: 2ms/89.3%, 5ms/95.7%, 10ms/97.9%, 20ms/98.9%, 50ms/99.6%, 100ms/99.8%
[2026-04-03T02:34:29.128+0600][35.809s][info][gc,marking  ] GC(28) Mark: 2 stripe(s), 2 proactive flush(es), 1 terminate flush(es), 0 completion(s), 0 continuation(s) 
[2026-04-03T02:34:29.128+0600][35.809s][info][gc,marking  ] GC(28) Mark Stack Usage: 32M
[2026-04-03T02:34:29.128+0600][35.809s][info][gc,nmethod  ] GC(28) NMethods: 13887 registered, 1329 unregistered
[2026-04-03T02:34:29.128+0600][35.809s][info][gc,metaspace] GC(28) Metaspace: 126M used, 128M committed, 1152M reserved
[2026-04-03T02:34:29.128+0600][35.809s][info][gc,ref      ] GC(28) Soft: 3463 encountered, 0 discovered, 0 enqueued
[2026-04-03T02:34:29.128+0600][35.809s][info][gc,ref      ] GC(28) Weak: 15164 encountered, 5470 discovered, 571 enqueued
[2026-04-03T02:34:29.128+0600][35.809s][info][gc,ref      ] GC(28) Final: 84 encountered, 0 discovered, 0 enqueued
[2026-04-03T02:34:29.128+0600][35.809s][info][gc,ref      ] GC(28) Phantom: 620 encountered, 377 discovered, 0 enqueued
[2026-04-03T02:34:29.128+0600][35.809s][info][gc,reloc    ] GC(28) Small Pages: 175 / 350M, Empty: 130M, Relocated: 5M, In-Place: 0
[2026-04-03T02:34:29.128+0600][35.810s][info][gc,reloc    ] GC(28) Medium Pages: 2 / 64M, Empty: 32M, Relocated: 0M, In-Place: 0
[2026-04-03T02:34:29.128+0600][35.810s][info][gc,reloc    ] GC(28) Large Pages: 70 / 420M, Empty: 420M, Relocated: 0M, In-Place: 0
[2026-04-03T02:34:29.128+0600][35.810s][info][gc,reloc    ] GC(28) Forwarding Usage: 1M
[2026-04-03T02:34:29.128+0600][35.810s][info][gc,heap     ] GC(28) Min Capacity: 8M(1%)
[2026-04-03T02:34:29.128+0600][35.810s][info][gc,heap     ] GC(28) Max Capacity: 1500M(100%)
[2026-04-03T02:34:29.128+0600][35.810s][info][gc,heap     ] GC(28) Soft Max Capacity: 1500M(100%)
[2026-04-03T02:34:29.128+0600][35.810s][info][gc,heap     ] GC(28)                Mark Start          Mark End        Relocate Start      Relocate End           High               Low         
[2026-04-03T02:34:29.128+0600][35.810s][info][gc,heap     ] GC(28)  Capacity:     1500M (100%)       1500M (100%)       1500M (100%)       1500M (100%)       1500M (100%)       1500M (100%)   
[2026-04-03T02:34:29.128+0600][35.810s][info][gc,heap     ] GC(28)      Free:      666M (44%)         184M (12%)         742M (49%)         854M (57%)         854M (57%)         162M (11%)    
[2026-04-03T02:34:29.128+0600][35.810s][info][gc,heap     ] GC(28)      Used:      834M (56%)        1316M (88%)         758M (51%)         646M (43%)        1338M (89%)         646M (43%)    
[2026-04-03T02:34:29.128+0600][35.810s][info][gc,heap     ] GC(28)      Live:         -               101M (7%)          101M (7%)          101M (7%)             -                  -          
[2026-04-03T02:34:29.128+0600][35.810s][info][gc,heap     ] GC(28) Allocated:         -               482M (32%)         506M (34%)         507M (34%)            -                  -          
[2026-04-03T02:34:29.128+0600][35.810s][info][gc,heap     ] GC(28)   Garbage:         -               732M (49%)         150M (10%)          36M (2%)             -                  -          
[2026-04-03T02:34:29.128+0600][35.810s][info][gc,heap     ] GC(28) Reclaimed:         -                  -               582M (39%)         695M (46%)            -                  -          
[2026-04-03T02:34:29.128+0600][35.810s][info][gc          ] GC(28) Garbage Collection (Allocation Rate) 834M(56%)->646M(43%)
[2026-04-03T02:34:29.222+0600][35.903s][info][gc,start    ] GC(29) Garbage Collection (Allocation Rate)
[2026-04-03T02:34:29.222+0600][35.903s][info][gc,task     ] GC(29) Using 3 workers
[2026-04-03T02:34:29.222+0600][35.904s][info][gc,phases   ] GC(29) Pause Mark Start 0.017ms
[2026-04-03T02:34:29.326+0600][36.008s][info][gc,phases   ] GC(29) Concurrent Mark 104.032ms
[2026-04-03T02:34:29.327+0600][36.008s][info][gc,phases   ] GC(29) Pause Mark End 0.063ms
[2026-04-03T02:34:29.330+0600][36.011s][info][gc,phases   ] GC(29) Concurrent Mark Free 0.005ms
[2026-04-03T02:34:29.358+0600][36.040s][info][gc,phases   ] GC(29) Concurrent Process Non-Strong References 28.256ms
[2026-04-03T02:34:29.358+0600][36.040s][info][gc,phases   ] GC(29) Concurrent Reset Relocation Set 0.012ms
[2026-04-03T02:34:29.363+0600][36.044s][info][gc,phases   ] GC(29) Concurrent Select Relocation Set 4.484ms
[2026-04-03T02:34:29.363+0600][36.045s][info][gc,phases   ] GC(29) Pause Relocate Start 0.023ms
[2026-04-03T02:34:29.378+0600][36.059s][info][gc,phases   ] GC(29) Concurrent Relocate 14.251ms
[2026-04-03T02:34:29.378+0600][36.059s][info][gc,load     ] GC(29) Load: 5.07/5.58/5.76
[2026-04-03T02:34:29.378+0600][36.059s][info][gc,mmu      ] GC(29) MMU: 2ms/89.3%, 5ms/95.7%, 10ms/97.9%, 20ms/98.9%, 50ms/99.6%, 100ms/99.8%
[2026-04-03T02:34:29.378+0600][36.059s][info][gc,marking  ] GC(29) Mark: 2 stripe(s), 3 proactive flush(es), 1 terminate flush(es), 0 completion(s), 0 continuation(s) 
[2026-04-03T02:34:29.378+0600][36.059s][info][gc,marking  ] GC(29) Mark Stack Usage: 32M
[2026-04-03T02:34:29.378+0600][36.059s][info][gc,nmethod  ] GC(29) NMethods: 13954 registered, 1348 unregistered
[2026-04-03T02:34:29.378+0600][36.059s][info][gc,metaspace] GC(29) Metaspace: 126M used, 128M committed, 1152M reserved
[2026-04-03T02:34:29.378+0600][36.059s][info][gc,ref      ] GC(29) Soft: 3464 encountered, 0 discovered, 0 enqueued
[2026-04-03T02:34:29.378+0600][36.059s][info][gc,ref      ] GC(29) Weak: 14834 encountered, 5278 discovered, 371 enqueued
[2026-04-03T02:34:29.378+0600][36.059s][info][gc,ref      ] GC(29) Final: 84 encountered, 0 discovered, 0 enqueued
[2026-04-03T02:34:29.378+0600][36.059s][info][gc,ref      ] GC(29) Phantom: 620 encountered, 556 discovered, 0 enqueued
[2026-04-03T02:34:29.378+0600][36.059s][info][gc,reloc    ] GC(29) Small Pages: 152 / 304M, Empty: 24M, Relocated: 8M, In-Place: 0
[2026-04-03T02:34:29.378+0600][36.059s][info][gc,reloc    ] GC(29) Medium Pages: 2 / 64M, Empty: 0M, Relocated: 9M, In-Place: 0
[2026-04-03T02:34:29.378+0600][36.059s][info][gc,reloc    ] GC(29) Large Pages: 67 / 402M, Empty: 402M, Relocated: 0M, In-Place: 0
[2026-04-03T02:34:29.378+0600][36.059s][info][gc,reloc    ] GC(29) Forwarding Usage: 2M
[2026-04-03T02:34:29.378+0600][36.059s][info][gc,heap     ] GC(29) Min Capacity: 8M(1%)
[2026-04-03T02:34:29.378+0600][36.059s][info][gc,heap     ] GC(29) Max Capacity: 1500M(100%)
[2026-04-03T02:34:29.378+0600][36.059s][info][gc,heap     ] GC(29) Soft Max Capacity: 1500M(100%)
[2026-04-03T02:34:29.378+0600][36.059s][info][gc,heap     ] GC(29)                Mark Start          Mark End        Relocate Start      Relocate End           High               Low         
[2026-04-03T02:34:29.378+0600][36.059s][info][gc,heap     ] GC(29)  Capacity:     1500M (100%)       1500M (100%)       1500M (100%)       1500M (100%)       1500M (100%)       1500M (100%)   
[2026-04-03T02:34:29.378+0600][36.059s][info][gc,heap     ] GC(29)      Free:      730M (49%)         640M (43%)        1050M (70%)        1256M (84%)        1256M (84%)         624M (42%)    
[2026-04-03T02:34:29.378+0600][36.059s][info][gc,heap     ] GC(29)      Used:      770M (51%)         860M (57%)         450M (30%)         244M (16%)         876M (58%)         244M (16%)    
[2026-04-03T02:34:29.378+0600][36.059s][info][gc,heap     ] GC(29)      Live:         -               100M (7%)          100M (7%)          100M (7%)             -                  -          
[2026-04-03T02:34:29.378+0600][36.059s][info][gc,heap     ] GC(29) Allocated:         -                90M (6%)          106M (7%)          105M (7%)             -                  -          
[2026-04-03T02:34:29.378+0600][36.059s][info][gc,heap     ] GC(29)   Garbage:         -               669M (45%)         243M (16%)          37M (3%)             -                  -          
[2026-04-03T02:34:29.378+0600][36.059s][info][gc,heap     ] GC(29) Reclaimed:         -                  -               426M (28%)         631M (42%)            -                  -          
[2026-04-03T02:34:29.378+0600][36.059s][info][gc          ] GC(29) Garbage Collection (Allocation Rate) 770M(51%)->244M(16%)
[2026-04-03T02:34:29.721+0600][36.403s][info][gc,start    ] GC(30) Garbage Collection (Allocation Rate)
[2026-04-03T02:34:29.721+0600][36.403s][info][gc,task     ] GC(30) Using 2 workers
[2026-04-03T02:34:29.722+0600][36.403s][info][gc,phases   ] GC(30) Pause Mark Start 0.014ms
[2026-04-03T02:34:29.893+0600][36.574s][info][gc,phases   ] GC(30) Concurrent Mark 171.350ms
[2026-04-03T02:34:29.893+0600][36.575s][info][gc,phases   ] GC(30) Pause Mark End 0.036ms
[2026-04-03T02:34:29.893+0600][36.575s][info][gc,phases   ] GC(30) Concurrent Mark Free 0.003ms
[2026-04-03T02:34:29.920+0600][36.602s][info][gc,phases   ] GC(30) Concurrent Process Non-Strong References 26.568ms
[2026-04-03T02:34:29.920+0600][36.602s][info][gc,phases   ] GC(30) Concurrent Reset Relocation Set 0.012ms
[2026-04-03T02:34:29.925+0600][36.606s][info][gc,phases   ] GC(30) Concurrent Select Relocation Set 4.588ms
[2026-04-03T02:34:29.925+0600][36.607s][info][gc,phases   ] GC(30) Pause Relocate Start 0.015ms
[2026-04-03T02:34:29.934+0600][36.616s][info][gc,phases   ] GC(30) Concurrent Relocate 8.812ms
[2026-04-03T02:34:29.935+0600][36.616s][info][gc,load     ] GC(30) Load: 5.63/5.68/5.80
[2026-04-03T02:34:29.935+0600][36.616s][info][gc,mmu      ] GC(30) MMU: 2ms/89.3%, 5ms/95.7%, 10ms/97.9%, 20ms/98.9%, 50ms/99.6%, 100ms/99.8%
[2026-04-03T02:34:29.935+0600][36.616s][info][gc,marking  ] GC(30) Mark: 2 stripe(s), 2 proactive flush(es), 1 terminate flush(es), 0 completion(s), 0 continuation(s) 
[2026-04-03T02:34:29.935+0600][36.616s][info][gc,marking  ] GC(30) Mark Stack Usage: 32M
[2026-04-03T02:34:29.935+0600][36.616s][info][gc,nmethod  ] GC(30) NMethods: 13967 registered, 1381 unregistered
[2026-04-03T02:34:29.935+0600][36.616s][info][gc,metaspace] GC(30) Metaspace: 126M used, 128M committed, 1152M reserved
[2026-04-03T02:34:29.935+0600][36.616s][info][gc,ref      ] GC(30) Soft: 3464 encountered, 0 discovered, 0 enqueued
[2026-04-03T02:34:29.935+0600][36.616s][info][gc,ref      ] GC(30) Weak: 14803 encountered, 4877 discovered, 251 enqueued
[2026-04-03T02:34:29.935+0600][36.616s][info][gc,ref      ] GC(30) Final: 84 encountered, 0 discovered, 0 enqueued
[2026-04-03T02:34:29.935+0600][36.616s][info][gc,ref      ] GC(30) Phantom: 620 encountered, 367 discovered, 0 enqueued
[2026-04-03T02:34:29.935+0600][36.616s][info][gc,reloc    ] GC(30) Small Pages: 196 / 392M, Empty: 26M, Relocated: 6M, In-Place: 0
[2026-04-03T02:34:29.935+0600][36.616s][info][gc,reloc    ] GC(30) Medium Pages: 2 / 64M, Empty: 32M, Relocated: 0M, In-Place: 0
[2026-04-03T02:34:29.935+0600][36.616s][info][gc,reloc    ] GC(30) Large Pages: 6 / 36M, Empty: 36M, Relocated: 0M, In-Place: 0
[2026-04-03T02:34:29.935+0600][36.616s][info][gc,reloc    ] GC(30) Forwarding Usage: 2M
[2026-04-03T02:34:29.935+0600][36.616s][info][gc,heap     ] GC(30) Min Capacity: 8M(1%)
[2026-04-03T02:34:29.935+0600][36.616s][info][gc,heap     ] GC(30) Max Capacity: 1500M(100%)
[2026-04-03T02:34:29.935+0600][36.616s][info][gc,heap     ] GC(30) Soft Max Capacity: 1500M(100%)
[2026-04-03T02:34:29.935+0600][36.616s][info][gc,heap     ] GC(30)                Mark Start          Mark End        Relocate Start      Relocate End           High               Low         
[2026-04-03T02:34:29.935+0600][36.616s][info][gc,heap     ] GC(30)  Capacity:     1500M (100%)       1500M (100%)       1500M (100%)       1500M (100%)       1500M (100%)       1500M (100%)   
[2026-04-03T02:34:29.935+0600][36.616s][info][gc,heap     ] GC(30)      Free:     1008M (67%)         772M (51%)         832M (55%)        1082M (72%)        1082M (72%)         740M (49%)    
[2026-04-03T02:34:29.935+0600][36.616s][info][gc,heap     ] GC(30)      Used:      492M (33%)         728M (49%)         668M (45%)         418M (28%)         760M (51%)         418M (28%)    
[2026-04-03T02:34:29.935+0600][36.616s][info][gc,heap     ] GC(30)      Live:         -               101M (7%)          101M (7%)          101M (7%)             -                  -          
[2026-04-03T02:34:29.935+0600][36.616s][info][gc,heap     ] GC(30) Allocated:         -               236M (16%)         270M (18%)         279M (19%)            -                  -          
[2026-04-03T02:34:29.935+0600][36.616s][info][gc,heap     ] GC(30)   Garbage:         -               390M (26%)         296M (20%)          36M (2%)             -                  -          
[2026-04-03T02:34:29.935+0600][36.616s][info][gc,heap     ] GC(30) Reclaimed:         -                  -                94M (6%)          353M (24%)            -                  -          
[2026-04-03T02:34:29.935+0600][36.616s][info][gc          ] GC(30) Garbage Collection (Allocation Rate) 492M(33%)->418M(28%)
[2026-04-03T02:34:30.122+0600][36.803s][info][gc,start    ] GC(31) Garbage Collection (Allocation Rate)
[2026-04-03T02:34:30.122+0600][36.803s][info][gc,task     ] GC(31) Using 2 workers
[2026-04-03T02:34:30.122+0600][36.803s][info][gc,phases   ] GC(31) Pause Mark Start 0.014ms
[2026-04-03T02:34:30.275+0600][36.957s][info][gc,phases   ] GC(31) Concurrent Mark 153.144ms
[2026-04-03T02:34:30.276+0600][36.957s][info][gc,phases   ] GC(31) Pause Mark End 0.041ms
[2026-04-03T02:34:30.276+0600][36.957s][info][gc,phases   ] GC(31) Concurrent Mark Free 0.001ms
[2026-04-03T02:34:30.311+0600][36.993s][info][gc,phases   ] GC(31) Concurrent Process Non-Strong References 35.761ms
[2026-04-03T02:34:30.312+0600][36.993s][info][gc,phases   ] GC(31) Concurrent Reset Relocation Set 0.021ms
[2026-04-03T02:34:30.317+0600][36.998s][info][gc,phases   ] GC(31) Concurrent Select Relocation Set 5.349ms
[2026-04-03T02:34:30.318+0600][36.999s][info][gc,phases   ] GC(31) Pause Relocate Start 0.021ms
[2026-04-03T02:34:30.323+0600][37.005s][info][gc,phases   ] GC(31) Concurrent Relocate 5.145ms
[2026-04-03T02:34:30.323+0600][37.005s][info][gc,load     ] GC(31) Load: 5.63/5.68/5.80
[2026-04-03T02:34:30.323+0600][37.005s][info][gc,mmu      ] GC(31) MMU: 2ms/89.3%, 5ms/95.7%, 10ms/97.9%, 20ms/98.9%, 50ms/99.6%, 100ms/99.8%
[2026-04-03T02:34:30.323+0600][37.005s][info][gc,marking  ] GC(31) Mark: 2 stripe(s), 3 proactive flush(es), 1 terminate flush(es), 0 completion(s), 0 continuation(s) 
[2026-04-03T02:34:30.323+0600][37.005s][info][gc,marking  ] GC(31) Mark Stack Usage: 32M
[2026-04-03T02:34:30.323+0600][37.005s][info][gc,nmethod  ] GC(31) NMethods: 13987 registered, 1404 unregistered
[2026-04-03T02:34:30.323+0600][37.005s][info][gc,metaspace] GC(31) Metaspace: 127M used, 128M committed, 1152M reserved
[2026-04-03T02:34:30.323+0600][37.005s][info][gc,ref      ] GC(31) Soft: 3458 encountered, 0 discovered, 0 enqueued
[2026-04-03T02:34:30.323+0600][37.005s][info][gc,ref      ] GC(31) Weak: 15344 encountered, 7218 discovered, 19 enqueued
[2026-04-03T02:34:30.323+0600][37.005s][info][gc,ref      ] GC(31) Final: 84 encountered, 0 discovered, 0 enqueued
[2026-04-03T02:34:30.323+0600][37.005s][info][gc,ref      ] GC(31) Phantom: 620 encountered, 378 discovered, 0 enqueued
[2026-04-03T02:34:30.323+0600][37.005s][info][gc,reloc    ] GC(31) Small Pages: 236 / 472M, Empty: 184M, Relocated: 5M, In-Place: 0
[2026-04-03T02:34:30.323+0600][37.005s][info][gc,reloc    ] GC(31) Medium Pages: 4 / 128M, Empty: 96M, Relocated: 0M, In-Place: 0
[2026-04-03T02:34:30.323+0600][37.005s][info][gc,reloc    ] GC(31) Large Pages: 10 / 60M, Empty: 60M, Relocated: 0M, In-Place: 0
[2026-04-03T02:34:30.323+0600][37.005s][info][gc,reloc    ] GC(31) Forwarding Usage: 1M
[2026-04-03T02:34:30.323+0600][37.005s][info][gc,heap     ] GC(31) Min Capacity: 8M(1%)
[2026-04-03T02:34:30.324+0600][37.005s][info][gc,heap     ] GC(31) Max Capacity: 1500M(100%)
[2026-04-03T02:34:30.324+0600][37.005s][info][gc,heap     ] GC(31) Soft Max Capacity: 1500M(100%)
[2026-04-03T02:34:30.324+0600][37.005s][info][gc,heap     ] GC(31)                Mark Start          Mark End        Relocate Start      Relocate End           High               Low         
[2026-04-03T02:34:30.324+0600][37.005s][info][gc,heap     ] GC(31)  Capacity:     1500M (100%)       1500M (100%)       1500M (100%)       1500M (100%)       1500M (100%)       1500M (100%)   
[2026-04-03T02:34:30.324+0600][37.005s][info][gc,heap     ] GC(31)      Free:      840M (56%)         666M (44%)         926M (62%)        1106M (74%)        1108M (74%)         626M (42%)    
[2026-04-03T02:34:30.324+0600][37.005s][info][gc,heap     ] GC(31)      Used:      660M (44%)         834M (56%)         574M (38%)         394M (26%)         874M (58%)         392M (26%)    
[2026-04-03T02:34:30.324+0600][37.005s][info][gc,heap     ] GC(31)      Live:         -               100M (7%)          100M (7%)          100M (7%)             -                  -          
[2026-04-03T02:34:30.324+0600][37.005s][info][gc,heap     ] GC(31) Allocated:         -               174M (12%)         254M (17%)         255M (17%)            -                  -          
[2026-04-03T02:34:30.324+0600][37.005s][info][gc,heap     ] GC(31)   Garbage:         -               559M (37%)         219M (15%)          37M (2%)             -                  -          
[2026-04-03T02:34:30.324+0600][37.005s][info][gc,heap     ] GC(31) Reclaimed:         -                  -               340M (23%)         521M (35%)            -                  -          
[2026-04-03T02:34:30.324+0600][37.005s][info][gc          ] GC(31) Garbage Collection (Allocation Rate) 660M(44%)->394M(26%)
[2026-04-03T02:34:31.121+0600][37.803s][info][gc,start    ] GC(32) Garbage Collection (Allocation Rate)
[2026-04-03T02:34:31.121+0600][37.803s][info][gc,task     ] GC(32) Using 2 workers
[2026-04-03T02:34:31.122+0600][37.803s][info][gc,phases   ] GC(32) Pause Mark Start 0.040ms
[2026-04-03T02:34:31.295+0600][37.976s][info][gc,phases   ] GC(32) Concurrent Mark 172.697ms
[2026-04-03T02:34:31.295+0600][37.977s][info][gc,phases   ] GC(32) Pause Mark End 0.036ms
[2026-04-03T02:34:31.295+0600][37.977s][info][gc,phases   ] GC(32) Concurrent Mark Free 0.002ms
[2026-04-03T02:34:31.328+0600][38.010s][info][gc,phases   ] GC(32) Concurrent Process Non-Strong References 33.065ms
[2026-04-03T02:34:31.328+0600][38.010s][info][gc,phases   ] GC(32) Concurrent Reset Relocation Set 0.009ms
[2026-04-03T02:34:31.332+0600][38.014s][info][gc,phases   ] GC(32) Concurrent Select Relocation Set 3.726ms
[2026-04-03T02:34:31.332+0600][38.014s][info][gc,phases   ] GC(32) Pause Relocate Start 0.017ms
[2026-04-03T02:34:31.339+0600][38.020s][info][gc,phases   ] GC(32) Concurrent Relocate 6.383ms
[2026-04-03T02:34:31.339+0600][38.021s][info][gc,load     ] GC(32) Load: 5.63/5.68/5.80
[2026-04-03T02:34:31.339+0600][38.021s][info][gc,mmu      ] GC(32) MMU: 2ms/89.3%, 5ms/95.7%, 10ms/97.9%, 20ms/98.9%, 50ms/99.6%, 100ms/99.8%
[2026-04-03T02:34:31.339+0600][38.021s][info][gc,marking  ] GC(32) Mark: 2 stripe(s), 2 proactive flush(es), 1 terminate flush(es), 0 completion(s), 0 continuation(s) 
[2026-04-03T02:34:31.339+0600][38.021s][info][gc,marking  ] GC(32) Mark Stack Usage: 32M
[2026-04-03T02:34:31.339+0600][38.021s][info][gc,nmethod  ] GC(32) NMethods: 14063 registered, 1458 unregistered
[2026-04-03T02:34:31.339+0600][38.021s][info][gc,metaspace] GC(32) Metaspace: 127M used, 128M committed, 1152M reserved
[2026-04-03T02:34:31.339+0600][38.021s][info][gc,ref      ] GC(32) Soft: 3466 encountered, 0 discovered, 0 enqueued
[2026-04-03T02:34:31.339+0600][38.021s][info][gc,ref      ] GC(32) Weak: 16395 encountered, 6954 discovered, 1617 enqueued
[2026-04-03T02:34:31.339+0600][38.021s][info][gc,ref      ] GC(32) Final: 84 encountered, 0 discovered, 0 enqueued
[2026-04-03T02:34:31.339+0600][38.021s][info][gc,ref      ] GC(32) Phantom: 620 encountered, 388 discovered, 0 enqueued
[2026-04-03T02:34:31.339+0600][38.021s][info][gc,reloc    ] GC(32) Small Pages: 408 / 816M, Empty: 270M, Relocated: 8M, In-Place: 0
[2026-04-03T02:34:31.339+0600][38.021s][info][gc,reloc    ] GC(32) Medium Pages: 5 / 160M, Empty: 128M, Relocated: 0M, In-Place: 0
[2026-04-03T02:34:31.339+0600][38.021s][info][gc,reloc    ] GC(32) Large Pages: 17 / 102M, Empty: 102M, Relocated: 0M, In-Place: 0
[2026-04-03T02:34:31.339+0600][38.021s][info][gc,reloc    ] GC(32) Forwarding Usage: 1M
[2026-04-03T02:34:31.339+0600][38.021s][info][gc,heap     ] GC(32) Min Capacity: 8M(1%)
[2026-04-03T02:34:31.339+0600][38.021s][info][gc,heap     ] GC(32) Max Capacity: 1500M(100%)
[2026-04-03T02:34:31.339+0600][38.021s][info][gc,heap     ] GC(32) Soft Max Capacity: 1500M(100%)
[2026-04-03T02:34:31.339+0600][38.021s][info][gc,heap     ] GC(32)                Mark Start          Mark End        Relocate Start      Relocate End           High               Low         
[2026-04-03T02:34:31.339+0600][38.021s][info][gc,heap     ] GC(32)  Capacity:     1500M (100%)       1500M (100%)       1500M (100%)       1500M (100%)       1500M (100%)       1500M (100%)   
[2026-04-03T02:34:31.339+0600][38.021s][info][gc,heap     ] GC(32)      Free:      422M (28%)         200M (13%)         672M (45%)        1104M (74%)        1104M (74%)         176M (12%)    
[2026-04-03T02:34:31.339+0600][38.021s][info][gc,heap     ] GC(32)      Used:     1078M (72%)        1300M (87%)         828M (55%)         396M (26%)        1324M (88%)         396M (26%)    
[2026-04-03T02:34:31.339+0600][38.021s][info][gc,heap     ] GC(32)      Live:         -               105M (7%)          105M (7%)          105M (7%)             -                  -          
[2026-04-03T02:34:31.339+0600][38.021s][info][gc,heap     ] GC(32) Allocated:         -               222M (15%)         250M (17%)         253M (17%)            -                  -          
[2026-04-03T02:34:31.339+0600][38.021s][info][gc,heap     ] GC(32)   Garbage:         -               972M (65%)         472M (32%)          36M (2%)             -                  -          
[2026-04-03T02:34:31.339+0600][38.021s][info][gc,heap     ] GC(32) Reclaimed:         -                  -               500M (33%)         935M (62%)            -                  -          
[2026-04-03T02:34:31.339+0600][38.021s][info][gc          ] GC(32) Garbage Collection (Allocation Rate) 1078M(72%)->396M(26%)
[2026-04-03T02:34:31.821+0600][38.502s][info][gc,start    ] GC(33) Garbage Collection (Allocation Rate)
[2026-04-03T02:34:31.821+0600][38.502s][info][gc,task     ] GC(33) Using 2 workers
[2026-04-03T02:34:31.821+0600][38.503s][info][gc,phases   ] GC(33) Pause Mark Start 0.009ms
[2026-04-03T02:34:31.929+0600][38.610s][info][gc,phases   ] GC(33) Concurrent Mark 107.543ms
[2026-04-03T02:34:31.929+0600][38.611s][info][gc,phases   ] GC(33) Pause Mark End 0.048ms
[2026-04-03T02:34:31.929+0600][38.611s][info][gc,phases   ] GC(33) Concurrent Mark Free 0.003ms
[2026-04-03T02:34:31.953+0600][38.635s][info][gc,phases   ] GC(33) Concurrent Process Non-Strong References 23.695ms
[2026-04-03T02:34:31.953+0600][38.635s][info][gc,phases   ] GC(33) Concurrent Reset Relocation Set 0.014ms
[2026-04-03T02:34:31.956+0600][38.638s][info][gc,phases   ] GC(33) Concurrent Select Relocation Set 2.982ms
[2026-04-03T02:34:31.957+0600][38.638s][info][gc,phases   ] GC(33) Pause Relocate Start 0.013ms
[2026-04-03T02:34:31.963+0600][38.645s][info][gc,phases   ] GC(33) Concurrent Relocate 6.646ms
[2026-04-03T02:34:31.964+0600][38.645s][info][gc,load     ] GC(33) Load: 5.63/5.68/5.80
[2026-04-03T02:34:31.964+0600][38.645s][info][gc,mmu      ] GC(33) MMU: 2ms/89.3%, 5ms/95.7%, 10ms/97.9%, 20ms/98.9%, 50ms/99.6%, 100ms/99.8%
[2026-04-03T02:34:31.964+0600][38.645s][info][gc,marking  ] GC(33) Mark: 2 stripe(s), 9 proactive flush(es), 1 terminate flush(es), 0 completion(s), 0 continuation(s) 
[2026-04-03T02:34:31.964+0600][38.645s][info][gc,marking  ] GC(33) Mark Stack Usage: 32M
[2026-04-03T02:34:31.964+0600][38.645s][info][gc,nmethod  ] GC(33) NMethods: 14110 registered, 1496 unregistered
[2026-04-03T02:34:31.964+0600][38.645s][info][gc,metaspace] GC(33) Metaspace: 127M used, 128M committed, 1152M reserved
[2026-04-03T02:34:31.964+0600][38.645s][info][gc,ref      ] GC(33) Soft: 3458 encountered, 0 discovered, 0 enqueued
[2026-04-03T02:34:31.964+0600][38.645s][info][gc,ref      ] GC(33) Weak: 15921 encountered, 4921 discovered, 1511 enqueued
[2026-04-03T02:34:31.964+0600][38.645s][info][gc,ref      ] GC(33) Final: 84 encountered, 0 discovered, 0 enqueued
[2026-04-03T02:34:31.964+0600][38.645s][info][gc,ref      ] GC(33) Phantom: 620 encountered, 499 discovered, 0 enqueued
[2026-04-03T02:34:31.964+0600][38.645s][info][gc,reloc    ] GC(33) Small Pages: 388 / 776M, Empty: 302M, Relocated: 5M, In-Place: 0
[2026-04-03T02:34:31.964+0600][38.645s][info][gc,reloc    ] GC(33) Medium Pages: 6 / 192M, Empty: 160M, Relocated: 0M, In-Place: 0
[2026-04-03T02:34:31.964+0600][38.645s][info][gc,reloc    ] GC(33) Large Pages: 16 / 96M, Empty: 96M, Relocated: 0M, In-Place: 0
[2026-04-03T02:34:31.964+0600][38.645s][info][gc,reloc    ] GC(33) Forwarding Usage: 1M
[2026-04-03T02:34:31.964+0600][38.645s][info][gc,heap     ] GC(33) Min Capacity: 8M(1%)
[2026-04-03T02:34:31.964+0600][38.645s][info][gc,heap     ] GC(33) Max Capacity: 1500M(100%)
[2026-04-03T02:34:31.964+0600][38.645s][info][gc,heap     ] GC(33) Soft Max Capacity: 1500M(100%)
[2026-04-03T02:34:31.964+0600][38.645s][info][gc,heap     ] GC(33)                Mark Start          Mark End        Relocate Start      Relocate End           High               Low         
[2026-04-03T02:34:31.964+0600][38.645s][info][gc,heap     ] GC(33)  Capacity:     1500M (100%)       1500M (100%)       1500M (100%)       1500M (100%)       1500M (100%)       1500M (100%)   
[2026-04-03T02:34:31.964+0600][38.645s][info][gc,heap     ] GC(33)      Free:      436M (29%)         344M (23%)         884M (59%)        1244M (83%)        1244M (83%)         328M (22%)    
[2026-04-03T02:34:31.964+0600][38.645s][info][gc,heap     ] GC(33)      Used:     1064M (71%)        1156M (77%)         616M (41%)         256M (17%)        1172M (78%)         256M (17%)    
[2026-04-03T02:34:31.964+0600][38.645s][info][gc,heap     ] GC(33)      Live:         -               102M (7%)          102M (7%)          102M (7%)             -                  -          
[2026-04-03T02:34:31.964+0600][38.645s][info][gc,heap     ] GC(33) Allocated:         -                92M (6%)          110M (7%)          113M (8%)             -                  -          
[2026-04-03T02:34:31.964+0600][38.645s][info][gc,heap     ] GC(33)   Garbage:         -               961M (64%)         403M (27%)          39M (3%)             -                  -          
[2026-04-03T02:34:31.964+0600][38.645s][info][gc,heap     ] GC(33) Reclaimed:         -                  -               558M (37%)         921M (61%)            -                  -          
[2026-04-03T02:34:31.964+0600][38.645s][info][gc          ] GC(33) Garbage Collection (Allocation Rate) 1064M(71%)->256M(17%)
[2026-04-03T02:34:32.221+0600][38.903s][info][gc,start    ] GC(34) Garbage Collection (Allocation Rate)
[2026-04-03T02:34:32.221+0600][38.903s][info][gc,task     ] GC(34) Using 2 workers
[2026-04-03T02:34:32.222+0600][38.903s][info][gc,phases   ] GC(34) Pause Mark Start 0.010ms
[2026-04-03T02:34:32.333+0600][39.014s][info][gc,phases   ] GC(34) Concurrent Mark 111.030ms
[2026-04-03T02:34:32.333+0600][39.015s][info][gc,phases   ] GC(34) Pause Mark End 0.039ms
[2026-04-03T02:34:32.333+0600][39.015s][info][gc,phases   ] GC(34) Concurrent Mark Free 0.001ms
[2026-04-03T02:34:32.357+0600][39.039s][info][gc,phases   ] GC(34) Concurrent Process Non-Strong References 23.895ms
[2026-04-03T02:34:32.357+0600][39.039s][info][gc,phases   ] GC(34) Concurrent Reset Relocation Set 0.014ms
[2026-04-03T02:34:32.361+0600][39.043s][info][gc,phases   ] GC(34) Concurrent Select Relocation Set 3.977ms
[2026-04-03T02:34:32.362+0600][39.043s][info][gc,phases   ] GC(34) Pause Relocate Start 0.143ms
[2026-04-03T02:34:32.373+0600][39.054s][info][gc,phases   ] GC(34) Concurrent Relocate 10.508ms
[2026-04-03T02:34:32.373+0600][39.054s][info][gc,load     ] GC(34) Load: 5.63/5.68/5.80
[2026-04-03T02:34:32.373+0600][39.054s][info][gc,mmu      ] GC(34) MMU: 2ms/89.3%, 5ms/95.7%, 10ms/97.9%, 20ms/98.9%, 50ms/99.6%, 100ms/99.8%
[2026-04-03T02:34:32.373+0600][39.054s][info][gc,marking  ] GC(34) Mark: 2 stripe(s), 7 proactive flush(es), 2 terminate flush(es), 0 completion(s), 0 continuation(s) 
[2026-04-03T02:34:32.373+0600][39.054s][info][gc,marking  ] GC(34) Mark Stack Usage: 32M
[2026-04-03T02:34:32.373+0600][39.054s][info][gc,nmethod  ] GC(34) NMethods: 14139 registered, 1522 unregistered
[2026-04-03T02:34:32.373+0600][39.054s][info][gc,metaspace] GC(34) Metaspace: 127M used, 128M committed, 1152M reserved
[2026-04-03T02:34:32.373+0600][39.054s][info][gc,ref      ] GC(34) Soft: 3458 encountered, 0 discovered, 0 enqueued
[2026-04-03T02:34:32.373+0600][39.054s][info][gc,ref      ] GC(34) Weak: 15008 encountered, 5697 discovered, 644 enqueued
[2026-04-03T02:34:32.373+0600][39.054s][info][gc,ref      ] GC(34) Final: 84 encountered, 0 discovered, 0 enqueued
[2026-04-03T02:34:32.373+0600][39.054s][info][gc,ref      ] GC(34) Phantom: 620 encountered, 307 discovered, 0 enqueued
[2026-04-03T02:34:32.373+0600][39.054s][info][gc,reloc    ] GC(34) Small Pages: 282 / 564M, Empty: 318M, Relocated: 8M, In-Place: 0
[2026-04-03T02:34:32.373+0600][39.054s][info][gc,reloc    ] GC(34) Medium Pages: 3 / 96M, Empty: 64M, Relocated: 0M, In-Place: 0
[2026-04-03T02:34:32.373+0600][39.054s][info][gc,reloc    ] GC(34) Large Pages: 8 / 48M, Empty: 48M, Relocated: 0M, In-Place: 0
[2026-04-03T02:34:32.373+0600][39.054s][info][gc,reloc    ] GC(34) Forwarding Usage: 3M
[2026-04-03T02:34:32.373+0600][39.054s][info][gc,heap     ] GC(34) Min Capacity: 8M(1%)
[2026-04-03T02:34:32.373+0600][39.054s][info][gc,heap     ] GC(34) Max Capacity: 1500M(100%)
[2026-04-03T02:34:32.373+0600][39.054s][info][gc,heap     ] GC(34) Soft Max Capacity: 1500M(100%)
[2026-04-03T02:34:32.373+0600][39.054s][info][gc,heap     ] GC(34)                Mark Start          Mark End        Relocate Start      Relocate End           High               Low         
[2026-04-03T02:34:32.373+0600][39.054s][info][gc,heap     ] GC(34)  Capacity:     1500M (100%)       1500M (100%)       1500M (100%)       1500M (100%)       1500M (100%)       1500M (100%)   
[2026-04-03T02:34:32.373+0600][39.054s][info][gc,heap     ] GC(34)      Free:      792M (53%)         686M (46%)         952M (63%)         992M (66%)        1080M (72%)         550M (37%)    
[2026-04-03T02:34:32.373+0600][39.055s][info][gc,heap     ] GC(34)      Used:      708M (47%)         814M (54%)         548M (37%)         508M (34%)         950M (63%)         420M (28%)    
[2026-04-03T02:34:32.373+0600][39.055s][info][gc,heap     ] GC(34)      Live:         -               101M (7%)          101M (7%)          101M (7%)             -                  -          
[2026-04-03T02:34:32.373+0600][39.055s][info][gc,heap     ] GC(34) Allocated:         -               106M (7%)          270M (18%)         371M (25%)            -                  -          
[2026-04-03T02:34:32.373+0600][39.055s][info][gc,heap     ] GC(34)   Garbage:         -               606M (40%)         176M (12%)          34M (2%)             -                  -          
[2026-04-03T02:34:32.373+0600][39.055s][info][gc,heap     ] GC(34) Reclaimed:         -                  -               430M (29%)         571M (38%)            -                  -          
[2026-04-03T02:34:32.373+0600][39.055s][info][gc          ] GC(34) Garbage Collection (Allocation Rate) 708M(47%)->508M(34%)
[2026-04-03T02:34:32.421+0600][39.103s][info][gc,start    ] GC(35) Garbage Collection (Allocation Rate)
[2026-04-03T02:34:32.421+0600][39.103s][info][gc,task     ] GC(35) Using 2 workers
[2026-04-03T02:34:32.422+0600][39.103s][info][gc,phases   ] GC(35) Pause Mark Start 0.019ms
[2026-04-03T02:34:32.566+0600][39.248s][info][gc,phases   ] GC(35) Concurrent Mark 144.131ms
[2026-04-03T02:34:32.566+0600][39.248s][info][gc,phases   ] GC(35) Pause Mark End 0.040ms
[2026-04-03T02:34:32.567+0600][39.248s][info][gc,phases   ] GC(35) Concurrent Mark Free 0.004ms
[2026-04-03T02:34:32.594+0600][39.275s][info][gc,phases   ] GC(35) Concurrent Process Non-Strong References 27.224ms
[2026-04-03T02:34:32.594+0600][39.275s][info][gc,phases   ] GC(35) Concurrent Reset Relocation Set 0.008ms
[2026-04-03T02:34:32.597+0600][39.279s][info][gc,phases   ] GC(35) Concurrent Select Relocation Set 3.141ms
[2026-04-03T02:34:32.597+0600][39.279s][info][gc,phases   ] GC(35) Pause Relocate Start 0.015ms
[2026-04-03T02:34:32.604+0600][39.285s][info][gc,phases   ] GC(35) Concurrent Relocate 6.164ms
[2026-04-03T02:34:32.604+0600][39.285s][info][gc,load     ] GC(35) Load: 5.63/5.68/5.80
[2026-04-03T02:34:32.604+0600][39.285s][info][gc,mmu      ] GC(35) MMU: 2ms/89.3%, 5ms/95.7%, 10ms/97.9%, 20ms/98.9%, 50ms/99.6%, 100ms/99.8%
[2026-04-03T02:34:32.604+0600][39.285s][info][gc,marking  ] GC(35) Mark: 2 stripe(s), 2 proactive flush(es), 1 terminate flush(es), 0 completion(s), 0 continuation(s) 
[2026-04-03T02:34:32.604+0600][39.285s][info][gc,marking  ] GC(35) Mark Stack Usage: 32M
[2026-04-03T02:34:32.604+0600][39.285s][info][gc,nmethod  ] GC(35) NMethods: 14150 registered, 1536 unregistered
[2026-04-03T02:34:32.604+0600][39.285s][info][gc,metaspace] GC(35) Metaspace: 127M used, 128M committed, 1152M reserved
[2026-04-03T02:34:32.604+0600][39.285s][info][gc,ref      ] GC(35) Soft: 3466 encountered, 0 discovered, 0 enqueued
[2026-04-03T02:34:32.604+0600][39.285s][info][gc,ref      ] GC(35) Weak: 14754 encountered, 3573 discovered, 161 enqueued
[2026-04-03T02:34:32.604+0600][39.285s][info][gc,ref      ] GC(35) Final: 84 encountered, 0 discovered, 0 enqueued
[2026-04-03T02:34:32.604+0600][39.286s][info][gc,ref      ] GC(35) Phantom: 620 encountered, 595 discovered, 0 enqueued
[2026-04-03T02:34:32.604+0600][39.286s][info][gc,reloc    ] GC(35) Small Pages: 123 / 246M, Empty: 20M, Relocated: 4M, In-Place: 0
[2026-04-03T02:34:32.604+0600][39.286s][info][gc,reloc    ] GC(35) Medium Pages: 2 / 64M, Empty: 32M, Relocated: 0M, In-Place: 0
[2026-04-03T02:34:32.604+0600][39.286s][info][gc,reloc    ] GC(35) Large Pages: 69 / 414M, Empty: 414M, Relocated: 0M, In-Place: 0
[2026-04-03T02:34:32.604+0600][39.286s][info][gc,reloc    ] GC(35) Forwarding Usage: 1M
[2026-04-03T02:34:32.604+0600][39.286s][info][gc,heap     ] GC(35) Min Capacity: 8M(1%)
[2026-04-03T02:34:32.604+0600][39.286s][info][gc,heap     ] GC(35) Max Capacity: 1500M(100%)
[2026-04-03T02:34:32.604+0600][39.286s][info][gc,heap     ] GC(35) Soft Max Capacity: 1500M(100%)
[2026-04-03T02:34:32.604+0600][39.286s][info][gc,heap     ] GC(35)                Mark Start          Mark End        Relocate Start      Relocate End           High               Low         
[2026-04-03T02:34:32.604+0600][39.286s][info][gc,heap     ] GC(35)  Capacity:     1500M (100%)       1500M (100%)       1500M (100%)       1500M (100%)       1500M (100%)       1500M (100%)   
[2026-04-03T02:34:32.604+0600][39.286s][info][gc,heap     ] GC(35)      Free:      776M (52%)         332M (22%)         748M (50%)         870M (58%)         870M (58%)         286M (19%)    
[2026-04-03T02:34:32.604+0600][39.286s][info][gc,heap     ] GC(35)      Used:      724M (48%)        1168M (78%)         752M (50%)         630M (42%)        1214M (81%)         630M (42%)    
[2026-04-03T02:34:32.604+0600][39.286s][info][gc,heap     ] GC(35)      Live:         -                99M (7%)           99M (7%)           99M (7%)             -                  -          
[2026-04-03T02:34:32.604+0600][39.286s][info][gc,heap     ] GC(35) Allocated:         -               444M (30%)         494M (33%)         493M (33%)            -                  -          
[2026-04-03T02:34:32.604+0600][39.286s][info][gc,heap     ] GC(35)   Garbage:         -               624M (42%)         158M (11%)          36M (2%)             -                  -          
[2026-04-03T02:34:32.604+0600][39.286s][info][gc,heap     ] GC(35) Reclaimed:         -                  -               466M (31%)         587M (39%)            -                  -          
[2026-04-03T02:34:32.604+0600][39.286s][info][gc          ] GC(35) Garbage Collection (Allocation Rate) 724M(48%)->630M(42%)
[2026-04-03T02:34:32.622+0600][39.303s][info][gc,start    ] GC(36) Garbage Collection (Allocation Rate)
[2026-04-03T02:34:32.622+0600][39.303s][info][gc,task     ] GC(36) Using 2 workers
[2026-04-03T02:34:32.622+0600][39.304s][info][gc,phases   ] GC(36) Pause Mark Start 0.015ms
[2026-04-03T02:34:32.759+0600][39.441s][info][gc,phases   ] GC(36) Concurrent Mark 136.728ms
[2026-04-03T02:34:32.759+0600][39.441s][info][gc,phases   ] GC(36) Pause Mark End 0.029ms
[2026-04-03T02:34:32.759+0600][39.441s][info][gc,phases   ] GC(36) Concurrent Mark Free 0.002ms
[2026-04-03T02:34:32.784+0600][39.465s][info][gc,phases   ] GC(36) Concurrent Process Non-Strong References 24.067ms
[2026-04-03T02:34:32.784+0600][39.465s][info][gc,phases   ] GC(36) Concurrent Reset Relocation Set 0.009ms
[2026-04-03T02:34:32.789+0600][39.470s][info][gc,phases   ] GC(36) Concurrent Select Relocation Set 4.883ms
[2026-04-03T02:34:32.790+0600][39.471s][info][gc,phases   ] GC(36) Pause Relocate Start 0.019ms
[2026-04-03T02:34:32.799+0600][39.481s][info][gc,phases   ] GC(36) Concurrent Relocate 8.672ms
[2026-04-03T02:34:32.799+0600][39.481s][info][gc,load     ] GC(36) Load: 5.63/5.68/5.80
[2026-04-03T02:34:32.799+0600][39.481s][info][gc,mmu      ] GC(36) MMU: 2ms/89.3%, 5ms/95.7%, 10ms/97.9%, 20ms/98.9%, 50ms/99.6%, 100ms/99.8%
[2026-04-03T02:34:32.799+0600][39.481s][info][gc,marking  ] GC(36) Mark: 2 stripe(s), 2 proactive flush(es), 1 terminate flush(es), 0 completion(s), 0 continuation(s) 
[2026-04-03T02:34:32.799+0600][39.481s][info][gc,marking  ] GC(36) Mark Stack Usage: 32M
[2026-04-03T02:34:32.799+0600][39.481s][info][gc,nmethod  ] GC(36) NMethods: 14158 registered, 1544 unregistered
[2026-04-03T02:34:32.800+0600][39.481s][info][gc,metaspace] GC(36) Metaspace: 127M used, 128M committed, 1152M reserved
[2026-04-03T02:34:32.800+0600][39.481s][info][gc,ref      ] GC(36) Soft: 3466 encountered, 0 discovered, 0 enqueued
[2026-04-03T02:34:32.800+0600][39.481s][info][gc,ref      ] GC(36) Weak: 14750 encountered, 5625 discovered, 219 enqueued
[2026-04-03T02:34:32.800+0600][39.481s][info][gc,ref      ] GC(36) Final: 84 encountered, 0 discovered, 0 enqueued
[2026-04-03T02:34:32.800+0600][39.481s][info][gc,ref      ] GC(36) Phantom: 620 encountered, 306 discovered, 0 enqueued
[2026-04-03T02:34:32.800+0600][39.481s][info][gc,reloc    ] GC(36) Small Pages: 93 / 186M, Empty: 14M, Relocated: 5M, In-Place: 0
[2026-04-03T02:34:32.800+0600][39.481s][info][gc,reloc    ] GC(36) Medium Pages: 2 / 64M, Empty: 32M, Relocated: 0M, In-Place: 0
[2026-04-03T02:34:32.800+0600][39.481s][info][gc,reloc    ] GC(36) Large Pages: 66 / 396M, Empty: 396M, Relocated: 0M, In-Place: 0
[2026-04-03T02:34:32.800+0600][39.481s][info][gc,reloc    ] GC(36) Forwarding Usage: 1M
[2026-04-03T02:34:32.800+0600][39.481s][info][gc,heap     ] GC(36) Min Capacity: 8M(1%)
[2026-04-03T02:34:32.800+0600][39.481s][info][gc,heap     ] GC(36) Max Capacity: 1500M(100%)
[2026-04-03T02:34:32.800+0600][39.481s][info][gc,heap     ] GC(36) Soft Max Capacity: 1500M(100%)
[2026-04-03T02:34:32.800+0600][39.481s][info][gc,heap     ] GC(36)                Mark Start          Mark End        Relocate Start      Relocate End           High               Low         
[2026-04-03T02:34:32.800+0600][39.481s][info][gc,heap     ] GC(36)  Capacity:     1500M (100%)       1500M (100%)       1500M (100%)       1500M (100%)       1500M (100%)       1500M (100%)   
[2026-04-03T02:34:32.800+0600][39.481s][info][gc,heap     ] GC(36)      Free:      854M (57%)         700M (47%)        1124M (75%)        1188M (79%)        1188M (79%)         684M (46%)    
[2026-04-03T02:34:32.800+0600][39.481s][info][gc,heap     ] GC(36)      Used:      646M (43%)         800M (53%)         376M (25%)         312M (21%)         816M (54%)         312M (21%)    
[2026-04-03T02:34:32.800+0600][39.481s][info][gc,heap     ] GC(36)      Live:         -               100M (7%)          100M (7%)          100M (7%)             -                  -          
[2026-04-03T02:34:32.800+0600][39.481s][info][gc,heap     ] GC(36) Allocated:         -               154M (10%)         172M (11%)         175M (12%)            -                  -          
[2026-04-03T02:34:32.800+0600][39.481s][info][gc,heap     ] GC(36)   Garbage:         -               545M (36%)         103M (7%)           36M (2%)             -                  -          
[2026-04-03T02:34:32.800+0600][39.481s][info][gc,heap     ] GC(36) Reclaimed:         -                  -               442M (29%)         509M (34%)            -                  -          
[2026-04-03T02:34:32.800+0600][39.481s][info][gc          ] GC(36) Garbage Collection (Allocation Rate) 646M(43%)->312M(21%)
[2026-04-03T02:34:32.821+0600][39.502s][info][gc,start    ] GC(37) Garbage Collection (Allocation Rate)
[2026-04-03T02:34:32.821+0600][39.503s][info][gc,task     ] GC(37) Using 2 workers
[2026-04-03T02:34:32.821+0600][39.503s][info][gc,phases   ] GC(37) Pause Mark Start 0.013ms
[2026-04-03T02:34:32.928+0600][39.609s][info][gc,phases   ] GC(37) Concurrent Mark 106.624ms
[2026-04-03T02:34:32.928+0600][39.610s][info][gc,phases   ] GC(37) Pause Mark End 0.028ms
[2026-04-03T02:34:32.928+0600][39.610s][info][gc,phases   ] GC(37) Concurrent Mark Free 0.002ms
[2026-04-03T02:34:32.950+0600][39.631s][info][gc,phases   ] GC(37) Concurrent Process Non-Strong References 21.066ms
[2026-04-03T02:34:32.950+0600][39.631s][info][gc,phases   ] GC(37) Concurrent Reset Relocation Set 0.005ms
[2026-04-03T02:34:32.954+0600][39.635s][info][gc,phases   ] GC(37) Concurrent Select Relocation Set 3.884ms
[2026-04-03T02:34:32.954+0600][39.636s][info][gc,phases   ] GC(37) Pause Relocate Start 0.015ms
[2026-04-03T02:34:32.959+0600][39.640s][info][gc,phases   ] GC(37) Concurrent Relocate 4.594ms
[2026-04-03T02:34:32.959+0600][39.640s][info][gc,load     ] GC(37) Load: 5.63/5.68/5.80
[2026-04-03T02:34:32.959+0600][39.640s][info][gc,mmu      ] GC(37) MMU: 2ms/89.3%, 5ms/95.7%, 10ms/97.9%, 20ms/98.9%, 50ms/99.6%, 100ms/99.8%
[2026-04-03T02:34:32.959+0600][39.640s][info][gc,marking  ] GC(37) Mark: 2 stripe(s), 2 proactive flush(es), 1 terminate flush(es), 0 completion(s), 0 continuation(s) 
[2026-04-03T02:34:32.959+0600][39.640s][info][gc,marking  ] GC(37) Mark Stack Usage: 32M
[2026-04-03T02:34:32.959+0600][39.640s][info][gc,nmethod  ] GC(37) NMethods: 14167 registered, 1550 unregistered
[2026-04-03T02:34:32.959+0600][39.640s][info][gc,metaspace] GC(37) Metaspace: 127M used, 128M committed, 1152M reserved
[2026-04-03T02:34:32.959+0600][39.641s][info][gc,ref      ] GC(37) Soft: 3458 encountered, 0 discovered, 0 enqueued
[2026-04-03T02:34:32.959+0600][39.641s][info][gc,ref      ] GC(37) Weak: 14776 encountered, 7095 discovered, 390 enqueued
[2026-04-03T02:34:32.959+0600][39.641s][info][gc,ref      ] GC(37) Final: 84 encountered, 84 discovered, 0 enqueued
[2026-04-03T02:34:32.959+0600][39.641s][info][gc,ref      ] GC(37) Phantom: 620 encountered, 408 discovered, 0 enqueued
[2026-04-03T02:34:32.959+0600][39.641s][info][gc,reloc    ] GC(37) Small Pages: 113 / 226M, Empty: 10M, Relocated: 5M, In-Place: 0
[2026-04-03T02:34:32.959+0600][39.641s][info][gc,reloc    ] GC(37) Medium Pages: 3 / 96M, Empty: 64M, Relocated: 0M, In-Place: 0
[2026-04-03T02:34:32.959+0600][39.641s][info][gc,reloc    ] GC(37) Large Pages: 4 / 24M, Empty: 24M, Relocated: 0M, In-Place: 0
[2026-04-03T02:34:32.959+0600][39.641s][info][gc,reloc    ] GC(37) Forwarding Usage: 1M
[2026-04-03T02:34:32.959+0600][39.641s][info][gc,heap     ] GC(37) Min Capacity: 8M(1%)
[2026-04-03T02:34:32.959+0600][39.641s][info][gc,heap     ] GC(37) Max Capacity: 1500M(100%)
[2026-04-03T02:34:32.959+0600][39.641s][info][gc,heap     ] GC(37) Soft Max Capacity: 1500M(100%)
[2026-04-03T02:34:32.959+0600][39.641s][info][gc,heap     ] GC(37)                Mark Start          Mark End        Relocate Start      Relocate End           High               Low         
[2026-04-03T02:34:32.959+0600][39.641s][info][gc,heap     ] GC(37)  Capacity:     1500M (100%)       1500M (100%)       1500M (100%)       1500M (100%)       1500M (100%)       1500M (100%)   
[2026-04-03T02:34:32.959+0600][39.641s][info][gc,heap     ] GC(37)      Free:     1154M (77%)        1098M (73%)        1182M (79%)        1290M (86%)        1290M (86%)        1086M (72%)    
[2026-04-03T02:34:32.959+0600][39.641s][info][gc,heap     ] GC(37)      Used:      346M (23%)         402M (27%)         318M (21%)         210M (14%)         414M (28%)         210M (14%)    
[2026-04-03T02:34:32.959+0600][39.641s][info][gc,heap     ] GC(37)      Live:         -               100M (7%)          100M (7%)          100M (7%)             -                  -          
[2026-04-03T02:34:32.959+0600][39.641s][info][gc,heap     ] GC(37) Allocated:         -                56M (4%)           70M (5%)           73M (5%)             -                  -          
[2026-04-03T02:34:32.959+0600][39.641s][info][gc,heap     ] GC(37)   Garbage:         -               245M (16%)         147M (10%)          35M (2%)             -                  -          
[2026-04-03T02:34:32.959+0600][39.641s][info][gc,heap     ] GC(37) Reclaimed:         -                  -                98M (7%)          209M (14%)            -                  -          
[2026-04-03T02:34:32.959+0600][39.641s][info][gc          ] GC(37) Garbage Collection (Allocation Rate) 346M(23%)->210M(14%)
[2026-04-03T02:34:33.422+0600][40.103s][info][gc,start    ] GC(38) Garbage Collection (Allocation Rate)
[2026-04-03T02:34:33.422+0600][40.103s][info][gc,task     ] GC(38) Using 2 workers
[2026-04-03T02:34:33.422+0600][40.103s][info][gc,phases   ] GC(38) Pause Mark Start 0.054ms
[2026-04-03T02:34:33.422+0600][40.104s][info][gc,stats    ] === Garbage Collection Statistics =======================================================================================================================
[2026-04-03T02:34:33.422+0600][40.104s][info][gc,stats    ]                                                              Last 10s              Last 10m              Last 10h                Total
[2026-04-03T02:34:33.422+0600][40.104s][info][gc,stats    ]                                                              Avg / Max             Avg / Max             Avg / Max             Avg / Max
[2026-04-03T02:34:33.422+0600][40.104s][info][gc,stats    ]   Collector: Garbage Collection Cycle                    183.958 / 220.484     182.110 / 325.465     182.110 / 325.465     182.110 / 325.465     ms
[2026-04-03T02:34:33.423+0600][40.104s][info][gc,stats    ]  Contention: Mark Segment Reset Contention                    12 / 54                6 / 63                6 / 63                6 / 63          ops/s
[2026-04-03T02:34:33.423+0600][40.104s][info][gc,stats    ]  Contention: Mark SeqNum Reset Contention                      0 / 3                 0 / 3                 0 / 3                 0 / 3           ops/s
[2026-04-03T02:34:33.423+0600][40.104s][info][gc,stats    ]    Critical: Allocation Stall                                  0 / 4                 0 / 4                 0 / 4                 0 / 4           ops/s
[2026-04-03T02:34:33.423+0600][40.104s][info][gc,stats    ]    Critical: Allocation Stall                              8.652 / 10.119        8.652 / 10.119        8.652 / 10.119        8.652 / 10.119      ms
[2026-04-03T02:34:33.423+0600][40.104s][info][gc,stats    ]    Critical: GC Locker Stall                                   0 / 2                 0 / 2                 0 / 2                 0 / 2           ops/s
[2026-04-03T02:34:33.423+0600][40.104s][info][gc,stats    ]    Critical: GC Locker Stall                               0.034 / 0.173         0.038 / 0.173         0.038 / 0.173         0.038 / 0.173       ms
[2026-04-03T02:34:33.423+0600][40.104s][info][gc,stats    ]    Critical: Relocation Stall                                  0 / 0                 0 / 0                 0 / 0                 0 / 0           ops/s
[2026-04-03T02:34:33.423+0600][40.104s][info][gc,stats    ]    Critical: Relocation Stall                              0.000 / 0.000         0.000 / 0.000         0.000 / 0.000         0.000 / 0.000       ms
[2026-04-03T02:34:33.423+0600][40.104s][info][gc,stats    ]      Memory: Allocation Rate                                1235 / 1748            574 / 1748            574 / 1748            574 / 1748        MB/s
[2026-04-03T02:34:33.423+0600][40.104s][info][gc,stats    ]      Memory: Defragment                                       40 / 172              18 / 172              18 / 172              18 / 172         ops/s
[2026-04-03T02:34:33.423+0600][40.104s][info][gc,stats    ]      Memory: Out Of Memory                                     0 / 0                 0 / 0                 0 / 0                 0 / 0           ops/s
[2026-04-03T02:34:33.423+0600][40.104s][info][gc,stats    ]      Memory: Page Cache Flush                                196 / 422              80 / 422              80 / 422              80 / 422         MB/s
[2026-04-03T02:34:33.423+0600][40.104s][info][gc,stats    ]      Memory: Page Cache Hit L1                               393 / 591             180 / 591             180 / 591             180 / 591         ops/s
[2026-04-03T02:34:33.423+0600][40.104s][info][gc,stats    ]      Memory: Page Cache Hit L2                                 0 / 0                 0 / 0                 0 / 0                 0 / 0           ops/s
[2026-04-03T02:34:33.423+0600][40.104s][info][gc,stats    ]      Memory: Page Cache Hit L3                                31 / 114              18 / 114              18 / 114              18 / 114         ops/s
[2026-04-03T02:34:33.423+0600][40.104s][info][gc,stats    ]      Memory: Page Cache Miss                                  16 / 63               10 / 66               10 / 66               10 / 66          ops/s
[2026-04-03T02:34:33.423+0600][40.104s][info][gc,stats    ]      Memory: Uncommit                                          0 / 0                 0 / 0                 0 / 0                 0 / 0           MB/s
[2026-04-03T02:34:33.423+0600][40.104s][info][gc,stats    ]      Memory: Undo Object Allocation Failed                     0 / 0                 0 / 0                 0 / 0                 0 / 0           ops/s
[2026-04-03T02:34:33.423+0600][40.104s][info][gc,stats    ]      Memory: Undo Object Allocation Succeeded                  9 / 74                3 / 74                3 / 74                3 / 74          ops/s
[2026-04-03T02:34:33.423+0600][40.104s][info][gc,stats    ]      Memory: Undo Page Allocation                              0 / 2                 0 / 6                 0 / 6                 0 / 6           ops/s
[2026-04-03T02:34:33.423+0600][40.104s][info][gc,stats    ]       Phase: Concurrent Mark                             140.476 / 172.697     132.790 / 253.223     132.790 / 253.223     132.790 / 253.223     ms
[2026-04-03T02:34:33.423+0600][40.104s][info][gc,stats    ]       Phase: Concurrent Mark Continue                      0.000 / 0.000         0.000 / 0.000         0.000 / 0.000         0.000 / 0.000       ms
[2026-04-03T02:34:33.423+0600][40.104s][info][gc,stats    ]       Phase: Concurrent Mark Free                          0.003 / 0.005         0.003 / 0.005         0.003 / 0.005         0.003 / 0.005       ms
[2026-04-03T02:34:33.423+0600][40.104s][info][gc,stats    ]       Phase: Concurrent Process Non-Strong References     29.278 / 44.593       29.521 / 80.610       29.521 / 80.610       29.521 / 80.610      ms
[2026-04-03T02:34:33.423+0600][40.104s][info][gc,stats    ]       Phase: Concurrent Relocate                           7.374 / 14.251       11.289 / 48.786       11.289 / 48.786       11.289 / 48.786      ms
[2026-04-03T02:34:33.423+0600][40.104s][info][gc,stats    ]       Phase: Concurrent Reset Relocation Set               0.014 / 0.024         0.015 / 0.032         0.015 / 0.032         0.015 / 0.032       ms
[2026-04-03T02:34:33.423+0600][40.104s][info][gc,stats    ]       Phase: Concurrent Select Relocation Set              3.985 / 5.349         4.654 / 13.433        4.654 / 13.433        4.654 / 13.433      ms
[2026-04-03T02:34:33.423+0600][40.104s][info][gc,stats    ]       Phase: Pause Mark End                                0.039 / 0.063         0.049 / 0.214         0.049 / 0.214         0.049 / 0.214       ms
[2026-04-03T02:34:33.423+0600][40.104s][info][gc,stats    ]       Phase: Pause Mark Start                              0.022 / 0.103         0.019 / 0.103         0.019 / 0.103         0.019 / 0.103       ms
[2026-04-03T02:34:33.423+0600][40.104s][info][gc,stats    ]       Phase: Pause Relocate Start                          0.023 / 0.143         0.019 / 0.143         0.019 / 0.143         0.019 / 0.143       ms
[2026-04-03T02:34:33.423+0600][40.104s][info][gc,stats    ]    Subphase: Concurrent Classes Purge                      0.181 / 1.290         0.370 / 2.367         0.370 / 2.367         0.370 / 2.367       ms
[2026-04-03T02:34:33.423+0600][40.104s][info][gc,stats    ]    Subphase: Concurrent Classes Unlink                    25.326 / 40.101       25.198 / 69.993       25.198 / 69.993       25.198 / 69.993      ms
[2026-04-03T02:34:33.423+0600][40.104s][info][gc,stats    ]    Subphase: Concurrent Mark                             134.992 / 169.288     121.325 / 250.492     121.325 / 250.492     121.325 / 250.492     ms
[2026-04-03T02:34:33.423+0600][40.104s][info][gc,stats    ]    Subphase: Concurrent Mark Try Flush                     0.462 / 3.484         1.021 / 31.130        1.021 / 31.130        1.021 / 31.130      ms
[2026-04-03T02:34:33.423+0600][40.105s][info][gc,stats    ]    Subphase: Concurrent Mark Try Terminate                 0.791 / 1.936         1.007 / 19.747        1.007 / 19.747        1.007 / 19.747      ms
[2026-04-03T02:34:33.423+0600][40.105s][info][gc,stats    ]    Subphase: Concurrent References Enqueue                 0.013 / 0.029         0.012 / 0.030         0.012 / 0.030         0.012 / 0.030       ms
[2026-04-03T02:34:33.423+0600][40.105s][info][gc,stats    ]    Subphase: Concurrent References Process                 0.916 / 1.320         0.858 / 2.906         0.858 / 2.906         0.858 / 2.906       ms
[2026-04-03T02:34:33.423+0600][40.105s][info][gc,stats    ]    Subphase: Concurrent Roots ClassLoaderDataGraph         0.496 / 0.958         0.450 / 0.979         0.450 / 0.979         0.450 / 0.979       ms
[2026-04-03T02:34:33.423+0600][40.105s][info][gc,stats    ]    Subphase: Concurrent Roots CodeCache                    0.000 / 0.000         0.000 / 0.000         0.000 / 0.000         0.000 / 0.000       ms
[2026-04-03T02:34:33.423+0600][40.105s][info][gc,stats    ]    Subphase: Concurrent Roots JavaThreads                  2.062 / 5.182         1.994 / 10.883        1.994 / 10.883        1.994 / 10.883      ms
[2026-04-03T02:34:33.423+0600][40.105s][info][gc,stats    ]    Subphase: Concurrent Roots OopStorageSet                0.116 / 0.210         0.114 / 0.345         0.114 / 0.345         0.114 / 0.345       ms
[2026-04-03T02:34:33.423+0600][40.105s][info][gc,stats    ]    Subphase: Concurrent Weak Roots OopStorageSet           1.920 / 2.782         1.812 / 6.701         1.812 / 6.701         1.812 / 6.701       ms
[2026-04-03T02:34:33.423+0600][40.105s][info][gc,stats    ]    Subphase: Pause Mark Try Complete                       0.000 / 0.000         0.007 / 0.014         0.007 / 0.014         0.007 / 0.014       ms
[2026-04-03T02:34:33.423+0600][40.105s][info][gc,stats    ]      System: Java Threads                                    286 / 290             227 / 290             227 / 290             227 / 290         threads
[2026-04-03T02:34:33.423+0600][40.105s][info][gc,stats    ] =========================================================================================================================================================
[2026-04-03T02:34:33.591+0600][40.273s][info][gc,phases   ] GC(38) Concurrent Mark 169.252ms
[2026-04-03T02:34:33.592+0600][40.273s][info][gc,phases   ] GC(38) Pause Mark End 0.037ms
[2026-04-03T02:34:33.592+0600][40.273s][info][gc,phases   ] GC(38) Concurrent Mark Free 0.004ms
[2026-04-03T02:34:33.625+0600][40.306s][info][gc,phases   ] GC(38) Concurrent Process Non-Strong References 32.693ms
[2026-04-03T02:34:33.625+0600][40.306s][info][gc,phases   ] GC(38) Concurrent Reset Relocation Set 0.008ms
[2026-04-03T02:34:33.628+0600][40.310s][info][gc,phases   ] GC(38) Concurrent Select Relocation Set 3.156ms
[2026-04-03T02:34:33.628+0600][40.310s][info][gc,phases   ] GC(38) Pause Relocate Start 0.014ms
[2026-04-03T02:34:33.631+0600][40.313s][info][gc,phases   ] GC(38) Concurrent Relocate 3.139ms
[2026-04-03T02:34:33.632+0600][40.313s][info][gc,load     ] GC(38) Load: 5.63/5.68/5.80
[2026-04-03T02:34:33.632+0600][40.313s][info][gc,mmu      ] GC(38) MMU: 2ms/89.3%, 5ms/95.7%, 10ms/97.9%, 20ms/98.9%, 50ms/99.6%, 100ms/99.8%
[2026-04-03T02:34:33.632+0600][40.313s][info][gc,marking  ] GC(38) Mark: 2 stripe(s), 2 proactive flush(es), 1 terminate flush(es), 0 completion(s), 0 continuation(s) 
[2026-04-03T02:34:33.632+0600][40.313s][info][gc,marking  ] GC(38) Mark Stack Usage: 32M
[2026-04-03T02:34:33.632+0600][40.313s][info][gc,nmethod  ] GC(38) NMethods: 14173 registered, 1566 unregistered
[2026-04-03T02:34:33.632+0600][40.313s][info][gc,metaspace] GC(38) Metaspace: 127M used, 128M committed, 1152M reserved
[2026-04-03T02:34:33.632+0600][40.313s][info][gc,ref      ] GC(38) Soft: 3466 encountered, 0 discovered, 0 enqueued
[2026-04-03T02:34:33.632+0600][40.313s][info][gc,ref      ] GC(38) Weak: 15018 encountered, 7997 discovered, 36 enqueued
[2026-04-03T02:34:33.632+0600][40.313s][info][gc,ref      ] GC(38) Final: 84 encountered, 48 discovered, 0 enqueued
[2026-04-03T02:34:33.632+0600][40.313s][info][gc,ref      ] GC(38) Phantom: 620 encountered, 568 discovered, 0 enqueued
[2026-04-03T02:34:33.632+0600][40.313s][info][gc,reloc    ] GC(38) Small Pages: 266 / 532M, Empty: 116M, Relocated: 3M, In-Place: 0
[2026-04-03T02:34:33.632+0600][40.313s][info][gc,reloc    ] GC(38) Medium Pages: 3 / 96M, Empty: 64M, Relocated: 0M, In-Place: 0
[2026-04-03T02:34:33.632+0600][40.313s][info][gc,reloc    ] GC(38) Large Pages: 9 / 54M, Empty: 54M, Relocated: 0M, In-Place: 0
[2026-04-03T02:34:33.632+0600][40.313s][info][gc,reloc    ] GC(38) Forwarding Usage: 0M
[2026-04-03T02:34:33.632+0600][40.313s][info][gc,heap     ] GC(38) Min Capacity: 8M(1%)
[2026-04-03T02:34:33.632+0600][40.313s][info][gc,heap     ] GC(38) Max Capacity: 1500M(100%)
[2026-04-03T02:34:33.632+0600][40.313s][info][gc,heap     ] GC(38) Soft Max Capacity: 1500M(100%)
[2026-04-03T02:34:33.632+0600][40.313s][info][gc,heap     ] GC(38)                Mark Start          Mark End        Relocate Start      Relocate End           High               Low         
[2026-04-03T02:34:33.632+0600][40.313s][info][gc,heap     ] GC(38)  Capacity:     1500M (100%)       1500M (100%)       1500M (100%)       1500M (100%)       1500M (100%)       1500M (100%)   
[2026-04-03T02:34:33.632+0600][40.313s][info][gc,heap     ] GC(38)      Free:      818M (55%)         644M (43%)         818M (55%)        1124M (75%)        1124M (75%)         592M (39%)    
[2026-04-03T02:34:33.632+0600][40.313s][info][gc,heap     ] GC(38)      Used:      682M (45%)         856M (57%)         682M (45%)         376M (25%)         908M (61%)         376M (25%)    
[2026-04-03T02:34:33.632+0600][40.313s][info][gc,heap     ] GC(38)      Live:         -               102M (7%)          102M (7%)          102M (7%)             -                  -          
[2026-04-03T02:34:33.632+0600][40.313s][info][gc,heap     ] GC(38) Allocated:         -               174M (12%)         234M (16%)         235M (16%)            -                  -          
[2026-04-03T02:34:33.632+0600][40.313s][info][gc,heap     ] GC(38)   Garbage:         -               579M (39%)         345M (23%)          37M (2%)             -                  -          
[2026-04-03T02:34:33.632+0600][40.314s][info][gc,heap     ] GC(38) Reclaimed:         -                  -               234M (16%)         541M (36%)            -                  -          
[2026-04-03T02:34:33.632+0600][40.314s][info][gc          ] GC(38) Garbage Collection (Allocation Rate) 682M(45%)->376M(25%)
[2026-04-03T02:34:33.721+0600][40.402s][info][gc,start    ] GC(39) Garbage Collection (Allocation Rate)
[2026-04-03T02:34:33.721+0600][40.403s][info][gc,task     ] GC(39) Using 2 workers
[2026-04-03T02:34:33.721+0600][40.403s][info][gc,phases   ] GC(39) Pause Mark Start 0.009ms
[2026-04-03T02:34:33.876+0600][40.558s][info][gc,phases   ] GC(39) Concurrent Mark 155.128ms
[2026-04-03T02:34:33.877+0600][40.558s][info][gc,phases   ] GC(39) Pause Mark End 0.039ms
[2026-04-03T02:34:33.877+0600][40.558s][info][gc,phases   ] GC(39) Concurrent Mark Free 0.003ms
[2026-04-03T02:34:33.908+0600][40.589s][info][gc,phases   ] GC(39) Concurrent Process Non-Strong References 31.083ms
[2026-04-03T02:34:33.908+0600][40.589s][info][gc,phases   ] GC(39) Concurrent Reset Relocation Set 0.021ms
[2026-04-03T02:34:33.912+0600][40.594s][info][gc,phases   ] GC(39) Concurrent Select Relocation Set 4.460ms
[2026-04-03T02:34:33.913+0600][40.594s][info][gc,phases   ] GC(39) Pause Relocate Start 0.016ms
[2026-04-03T02:34:33.917+0600][40.599s][info][gc,phases   ] GC(39) Concurrent Relocate 4.392ms
[2026-04-03T02:34:33.918+0600][40.599s][info][gc,load     ] GC(39) Load: 5.63/5.68/5.80
[2026-04-03T02:34:33.918+0600][40.599s][info][gc,mmu      ] GC(39) MMU: 2ms/89.3%, 5ms/95.7%, 10ms/97.9%, 20ms/98.9%, 50ms/99.6%, 100ms/99.8%
[2026-04-03T02:34:33.918+0600][40.599s][info][gc,marking  ] GC(39) Mark: 2 stripe(s), 2 proactive flush(es), 1 terminate flush(es), 0 completion(s), 0 continuation(s) 
[2026-04-03T02:34:33.918+0600][40.599s][info][gc,marking  ] GC(39) Mark Stack Usage: 32M
[2026-04-03T02:34:33.918+0600][40.599s][info][gc,nmethod  ] GC(39) NMethods: 14183 registered, 1580 unregistered
[2026-04-03T02:34:33.918+0600][40.599s][info][gc,metaspace] GC(39) Metaspace: 127M used, 128M committed, 1152M reserved
[2026-04-03T02:34:33.918+0600][40.599s][info][gc,ref      ] GC(39) Soft: 3466 encountered, 0 discovered, 0 enqueued
[2026-04-03T02:34:33.918+0600][40.599s][info][gc,ref      ] GC(39) Weak: 15416 encountered, 6975 discovered, 15 enqueued
[2026-04-03T02:34:33.918+0600][40.599s][info][gc,ref      ] GC(39) Final: 84 encountered, 0 discovered, 0 enqueued
[2026-04-03T02:34:33.918+0600][40.599s][info][gc,ref      ] GC(39) Phantom: 620 encountered, 289 discovered, 0 enqueued
[2026-04-03T02:34:33.918+0600][40.599s][info][gc,reloc    ] GC(39) Small Pages: 167 / 334M, Empty: 92M, Relocated: 3M, In-Place: 0
[2026-04-03T02:34:33.918+0600][40.599s][info][gc,reloc    ] GC(39) Medium Pages: 3 / 96M, Empty: 64M, Relocated: 0M, In-Place: 0
[2026-04-03T02:34:33.918+0600][40.599s][info][gc,reloc    ] GC(39) Large Pages: 6 / 36M, Empty: 36M, Relocated: 0M, In-Place: 0
[2026-04-03T02:34:33.918+0600][40.599s][info][gc,reloc    ] GC(39) Forwarding Usage: 0M
[2026-04-03T02:34:33.918+0600][40.599s][info][gc,heap     ] GC(39) Min Capacity: 8M(1%)
[2026-04-03T02:34:33.918+0600][40.599s][info][gc,heap     ] GC(39) Max Capacity: 1500M(100%)
[2026-04-03T02:34:33.918+0600][40.599s][info][gc,heap     ] GC(39) Soft Max Capacity: 1500M(100%)
[2026-04-03T02:34:33.918+0600][40.599s][info][gc,heap     ] GC(39)                Mark Start          Mark End        Relocate Start      Relocate End           High               Low         
[2026-04-03T02:34:33.918+0600][40.599s][info][gc,heap     ] GC(39)  Capacity:     1500M (100%)       1500M (100%)       1500M (100%)       1500M (100%)       1500M (100%)       1500M (100%)   
[2026-04-03T02:34:33.918+0600][40.599s][info][gc,heap     ] GC(39)      Free:     1034M (69%)         840M (56%)         948M (63%)        1076M (72%)        1076M (72%)         766M (51%)    
[2026-04-03T02:34:33.918+0600][40.599s][info][gc,heap     ] GC(39)      Used:      466M (31%)         660M (44%)         552M (37%)         424M (28%)         734M (49%)         424M (28%)    
[2026-04-03T02:34:33.918+0600][40.599s][info][gc,heap     ] GC(39)      Live:         -               102M (7%)          102M (7%)          102M (7%)             -                  -          
[2026-04-03T02:34:33.918+0600][40.599s][info][gc,heap     ] GC(39) Allocated:         -               194M (13%)         278M (19%)         283M (19%)            -                  -          
[2026-04-03T02:34:33.918+0600][40.599s][info][gc,heap     ] GC(39)   Garbage:         -               363M (24%)         171M (11%)          37M (2%)             -                  -          
[2026-04-03T02:34:33.918+0600][40.600s][info][gc,heap     ] GC(39) Reclaimed:         -                  -               192M (13%)         325M (22%)            -                  -          
[2026-04-03T02:34:33.918+0600][40.600s][info][gc          ] GC(39) Garbage Collection (Allocation Rate) 466M(31%)->424M(28%)
[2026-04-03T02:34:34.121+0600][40.803s][info][gc,start    ] GC(40) Garbage Collection (Allocation Rate)
[2026-04-03T02:34:34.121+0600][40.803s][info][gc,task     ] GC(40) Using 2 workers
[2026-04-03T02:34:34.122+0600][40.803s][info][gc,phases   ] GC(40) Pause Mark Start 0.008ms
[2026-04-03T02:34:34.244+0600][40.925s][info][gc,phases   ] GC(40) Concurrent Mark 122.046ms
[2026-04-03T02:34:34.244+0600][40.926s][info][gc,phases   ] GC(40) Pause Mark End 0.037ms
[2026-04-03T02:34:34.244+0600][40.926s][info][gc,phases   ] GC(40) Concurrent Mark Free 0.003ms
[2026-04-03T02:34:34.279+0600][40.961s][info][gc,phases   ] GC(40) Concurrent Process Non-Strong References 34.647ms
[2026-04-03T02:34:34.279+0600][40.961s][info][gc,phases   ] GC(40) Concurrent Reset Relocation Set 0.007ms
[2026-04-03T02:34:34.284+0600][40.966s][info][gc,phases   ] GC(40) Concurrent Select Relocation Set 5.117ms
[2026-04-03T02:34:34.285+0600][40.967s][info][gc,phases   ] GC(40) Pause Relocate Start 0.021ms
[2026-04-03T02:34:34.295+0600][40.976s][info][gc,phases   ] GC(40) Concurrent Relocate 9.046ms
[2026-04-03T02:34:34.295+0600][40.976s][info][gc,load     ] GC(40) Load: 5.63/5.68/5.80
[2026-04-03T02:34:34.295+0600][40.976s][info][gc,mmu      ] GC(40) MMU: 2ms/89.3%, 5ms/95.7%, 10ms/97.9%, 20ms/98.9%, 50ms/99.6%, 100ms/99.8%
[2026-04-03T02:34:34.295+0600][40.976s][info][gc,marking  ] GC(40) Mark: 2 stripe(s), 2 proactive flush(es), 1 terminate flush(es), 0 completion(s), 0 continuation(s) 
[2026-04-03T02:34:34.295+0600][40.976s][info][gc,marking  ] GC(40) Mark Stack Usage: 32M
[2026-04-03T02:34:34.295+0600][40.976s][info][gc,nmethod  ] GC(40) NMethods: 14250 registered, 1603 unregistered
[2026-04-03T02:34:34.295+0600][40.976s][info][gc,metaspace] GC(40) Metaspace: 127M used, 128M committed, 1152M reserved
[2026-04-03T02:34:34.295+0600][40.976s][info][gc,ref      ] GC(40) Soft: 3458 encountered, 0 discovered, 0 enqueued
[2026-04-03T02:34:34.295+0600][40.976s][info][gc,ref      ] GC(40) Weak: 15986 encountered, 7330 discovered, 1562 enqueued
[2026-04-03T02:34:34.295+0600][40.977s][info][gc,ref      ] GC(40) Final: 84 encountered, 72 discovered, 0 enqueued
[2026-04-03T02:34:34.295+0600][40.977s][info][gc,ref      ] GC(40) Phantom: 620 encountered, 528 discovered, 0 enqueued
[2026-04-03T02:34:34.295+0600][40.977s][info][gc,reloc    ] GC(40) Small Pages: 242 / 484M, Empty: 108M, Relocated: 3M, In-Place: 0
[2026-04-03T02:34:34.295+0600][40.977s][info][gc,reloc    ] GC(40) Medium Pages: 4 / 128M, Empty: 96M, Relocated: 0M, In-Place: 0
[2026-04-03T02:34:34.295+0600][40.977s][info][gc,reloc    ] GC(40) Large Pages: 8 / 48M, Empty: 48M, Relocated: 0M, In-Place: 0
[2026-04-03T02:34:34.295+0600][40.977s][info][gc,reloc    ] GC(40) Forwarding Usage: 1M
[2026-04-03T02:34:34.295+0600][40.977s][info][gc,heap     ] GC(40) Min Capacity: 8M(1%)
[2026-04-03T02:34:34.295+0600][40.977s][info][gc,heap     ] GC(40) Max Capacity: 1500M(100%)
[2026-04-03T02:34:34.295+0600][40.977s][info][gc,heap     ] GC(40) Soft Max Capacity: 1500M(100%)
[2026-04-03T02:34:34.295+0600][40.977s][info][gc,heap     ] GC(40)                Mark Start          Mark End        Relocate Start      Relocate End           High               Low         
[2026-04-03T02:34:34.295+0600][40.977s][info][gc,heap     ] GC(40)  Capacity:     1500M (100%)       1500M (100%)       1500M (100%)       1500M (100%)       1500M (100%)       1500M (100%)   
[2026-04-03T02:34:34.295+0600][40.977s][info][gc,heap     ] GC(40)      Free:      840M (56%)         732M (49%)         958M (64%)        1208M (81%)        1214M (81%)         714M (48%)    
[2026-04-03T02:34:34.295+0600][40.977s][info][gc,heap     ] GC(40)      Used:      660M (44%)         768M (51%)         542M (36%)         292M (19%)         786M (52%)         286M (19%)    
[2026-04-03T02:34:34.295+0600][40.977s][info][gc,heap     ] GC(40)      Live:         -               102M (7%)          102M (7%)          102M (7%)             -                  -          
[2026-04-03T02:34:34.295+0600][40.977s][info][gc,heap     ] GC(40) Allocated:         -               108M (7%)          134M (9%)          151M (10%)            -                  -          
[2026-04-03T02:34:34.295+0600][40.977s][info][gc,heap     ] GC(40)   Garbage:         -               557M (37%)         305M (20%)          37M (2%)             -                  -          
[2026-04-03T02:34:34.295+0600][40.977s][info][gc,heap     ] GC(40) Reclaimed:         -                  -               252M (17%)         519M (35%)            -                  -          
[2026-04-03T02:34:34.295+0600][40.977s][info][gc          ] GC(40) Garbage Collection (Allocation Rate) 660M(44%)->292M(19%)
[2026-04-03T02:34:34.621+0600][41.302s][info][gc,start    ] GC(41) Garbage Collection (Allocation Rate)
[2026-04-03T02:34:34.621+0600][41.302s][info][gc,task     ] GC(41) Using 3 workers
[2026-04-03T02:34:34.621+0600][41.303s][info][gc,phases   ] GC(41) Pause Mark Start 0.011ms
[2026-04-03T02:34:34.717+0600][41.398s][info][gc,phases   ] GC(41) Concurrent Mark 95.571ms
[2026-04-03T02:34:34.717+0600][41.399s][info][gc,phases   ] GC(41) Pause Mark End 0.028ms
[2026-04-03T02:34:34.717+0600][41.399s][info][gc,phases   ] GC(41) Concurrent Mark Free 0.001ms
[2026-04-03T02:34:34.732+0600][41.414s][info][gc,phases   ] GC(41) Concurrent Process Non-Strong References 14.728ms
[2026-04-03T02:34:34.732+0600][41.414s][info][gc,phases   ] GC(41) Concurrent Reset Relocation Set 0.009ms
[2026-04-03T02:34:34.736+0600][41.417s][info][gc,phases   ] GC(41) Concurrent Select Relocation Set 3.415ms
[2026-04-03T02:34:34.736+0600][41.417s][info][gc,phases   ] GC(41) Pause Relocate Start 0.018ms
[2026-04-03T02:34:34.745+0600][41.426s][info][gc,phases   ] GC(41) Concurrent Relocate 8.729ms
[2026-04-03T02:34:34.745+0600][41.427s][info][gc,load     ] GC(41) Load: 5.63/5.68/5.80
[2026-04-03T02:34:34.745+0600][41.427s][info][gc,mmu      ] GC(41) MMU: 2ms/89.3%, 5ms/95.7%, 10ms/97.9%, 20ms/98.9%, 50ms/99.6%, 100ms/99.8%
[2026-04-03T02:34:34.745+0600][41.427s][info][gc,marking  ] GC(41) Mark: 2 stripe(s), 3 proactive flush(es), 1 terminate flush(es), 0 completion(s), 0 continuation(s) 
[2026-04-03T02:34:34.745+0600][41.427s][info][gc,marking  ] GC(41) Mark Stack Usage: 32M
[2026-04-03T02:34:34.745+0600][41.427s][info][gc,nmethod  ] GC(41) NMethods: 14278 registered, 1619 unregistered
[2026-04-03T02:34:34.745+0600][41.427s][info][gc,metaspace] GC(41) Metaspace: 127M used, 128M committed, 1152M reserved
[2026-04-03T02:34:34.745+0600][41.427s][info][gc,ref      ] GC(41) Soft: 3467 encountered, 0 discovered, 0 enqueued
[2026-04-03T02:34:34.745+0600][41.427s][info][gc,ref      ] GC(41) Weak: 15302 encountered, 4007 discovered, 730 enqueued
[2026-04-03T02:34:34.745+0600][41.427s][info][gc,ref      ] GC(41) Final: 84 encountered, 0 discovered, 0 enqueued
[2026-04-03T02:34:34.745+0600][41.427s][info][gc,ref      ] GC(41) Phantom: 620 encountered, 594 discovered, 0 enqueued
[2026-04-03T02:34:34.745+0600][41.427s][info][gc,reloc    ] GC(41) Small Pages: 302 / 604M, Empty: 314M, Relocated: 6M, In-Place: 0
[2026-04-03T02:34:34.745+0600][41.427s][info][gc,reloc    ] GC(41) Medium Pages: 3 / 96M, Empty: 64M, Relocated: 0M, In-Place: 0
[2026-04-03T02:34:34.745+0600][41.427s][info][gc,reloc    ] GC(41) Large Pages: 49 / 294M, Empty: 270M, Relocated: 0M, In-Place: 0
[2026-04-03T02:34:34.745+0600][41.427s][info][gc,reloc    ] GC(41) Forwarding Usage: 1M
[2026-04-03T02:34:34.745+0600][41.427s][info][gc,heap     ] GC(41) Min Capacity: 8M(1%)
[2026-04-03T02:34:34.745+0600][41.427s][info][gc,heap     ] GC(41) Max Capacity: 1500M(100%)
[2026-04-03T02:34:34.745+0600][41.427s][info][gc,heap     ] GC(41) Soft Max Capacity: 1500M(100%)
[2026-04-03T02:34:34.745+0600][41.427s][info][gc,heap     ] GC(41)                Mark Start          Mark End        Relocate Start      Relocate End           High               Low         
[2026-04-03T02:34:34.745+0600][41.427s][info][gc,heap     ] GC(41)  Capacity:     1500M (100%)       1500M (100%)       1500M (100%)       1500M (100%)       1500M (100%)       1500M (100%)   
[2026-04-03T02:34:34.745+0600][41.427s][info][gc,heap     ] GC(41)      Free:      506M (34%)         250M (17%)         884M (59%)         958M (64%)        1044M (70%)         240M (16%)    
[2026-04-03T02:34:34.745+0600][41.427s][info][gc,heap     ] GC(41)      Used:      994M (66%)        1250M (83%)         616M (41%)         542M (36%)        1260M (84%)         456M (30%)    
[2026-04-03T02:34:34.745+0600][41.427s][info][gc,heap     ] GC(41)      Live:         -               130M (9%)          130M (9%)          130M (9%)             -                  -          
[2026-04-03T02:34:34.745+0600][41.427s][info][gc,heap     ] GC(41) Allocated:         -               256M (17%)         270M (18%)         369M (25%)            -                  -          
[2026-04-03T02:34:34.745+0600][41.427s][info][gc,heap     ] GC(41)   Garbage:         -               863M (58%)         215M (14%)          42M (3%)             -                  -          
[2026-04-03T02:34:34.745+0600][41.427s][info][gc,heap     ] GC(41) Reclaimed:         -                  -               648M (43%)         821M (55%)            -                  -          
[2026-04-03T02:34:34.745+0600][41.427s][info][gc          ] GC(41) Garbage Collection (Allocation Rate) 994M(66%)->542M(36%)
[2026-04-03T02:34:34.821+0600][41.503s][info][gc,start    ] GC(42) Garbage Collection (Allocation Rate)
[2026-04-03T02:34:34.821+0600][41.503s][info][gc,task     ] GC(42) Using 3 workers
[2026-04-03T02:34:34.822+0600][41.503s][info][gc,phases   ] GC(42) Pause Mark Start 0.012ms
[2026-04-03T02:34:34.914+0600][41.596s][info][gc,phases   ] GC(42) Concurrent Mark 92.519ms
[2026-04-03T02:34:34.915+0600][41.596s][info][gc,phases   ] GC(42) Pause Mark End 0.030ms
[2026-04-03T02:34:34.915+0600][41.596s][info][gc,phases   ] GC(42) Concurrent Mark Free 0.002ms
[2026-04-03T02:34:34.933+0600][41.614s][info][gc,phases   ] GC(42) Concurrent Process Non-Strong References 17.948ms
[2026-04-03T02:34:34.933+0600][41.614s][info][gc,phases   ] GC(42) Concurrent Reset Relocation Set 0.010ms
[2026-04-03T02:34:34.936+0600][41.618s][info][gc,phases   ] GC(42) Concurrent Select Relocation Set 3.594ms
[2026-04-03T02:34:34.937+0600][41.618s][info][gc,phases   ] GC(42) Pause Relocate Start 0.014ms
[2026-04-03T02:34:34.943+0600][41.624s][info][gc,phases   ] GC(42) Concurrent Relocate 5.675ms
[2026-04-03T02:34:34.943+0600][41.624s][info][gc,load     ] GC(42) Load: 5.98/5.76/5.82
[2026-04-03T02:34:34.943+0600][41.624s][info][gc,mmu      ] GC(42) MMU: 2ms/89.3%, 5ms/95.7%, 10ms/97.9%, 20ms/98.9%, 50ms/99.6%, 100ms/99.8%
[2026-04-03T02:34:34.943+0600][41.624s][info][gc,marking  ] GC(42) Mark: 2 stripe(s), 2 proactive flush(es), 1 terminate flush(es), 0 completion(s), 0 continuation(s) 
[2026-04-03T02:34:34.943+0600][41.624s][info][gc,marking  ] GC(42) Mark Stack Usage: 32M
[2026-04-03T02:34:34.943+0600][41.624s][info][gc,nmethod  ] GC(42) NMethods: 14302 registered, 1630 unregistered
[2026-04-03T02:34:34.943+0600][41.624s][info][gc,metaspace] GC(42) Metaspace: 127M used, 128M committed, 1152M reserved
[2026-04-03T02:34:34.943+0600][41.624s][info][gc,ref      ] GC(42) Soft: 3463 encountered, 0 discovered, 0 enqueued
[2026-04-03T02:34:34.943+0600][41.624s][info][gc,ref      ] GC(42) Weak: 14790 encountered, 4858 discovered, 369 enqueued
[2026-04-03T02:34:34.943+0600][41.624s][info][gc,ref      ] GC(42) Final: 84 encountered, 0 discovered, 0 enqueued
[2026-04-03T02:34:34.943+0600][41.624s][info][gc,ref      ] GC(42) Phantom: 620 encountered, 594 discovered, 0 enqueued
[2026-04-03T02:34:34.943+0600][41.624s][info][gc,reloc    ] GC(42) Small Pages: 151 / 302M, Empty: 38M, Relocated: 8M, In-Place: 0
[2026-04-03T02:34:34.943+0600][41.624s][info][gc,reloc    ] GC(42) Medium Pages: 2 / 64M, Empty: 32M, Relocated: 0M, In-Place: 0
[2026-04-03T02:34:34.943+0600][41.624s][info][gc,reloc    ] GC(42) Large Pages: 97 / 582M, Empty: 582M, Relocated: 0M, In-Place: 0
[2026-04-03T02:34:34.943+0600][41.624s][info][gc,reloc    ] GC(42) Forwarding Usage: 2M
[2026-04-03T02:34:34.943+0600][41.624s][info][gc,heap     ] GC(42) Min Capacity: 8M(1%)
[2026-04-03T02:34:34.943+0600][41.624s][info][gc,heap     ] GC(42) Max Capacity: 1500M(100%)
[2026-04-03T02:34:34.943+0600][41.624s][info][gc,heap     ] GC(42) Soft Max Capacity: 1500M(100%)
[2026-04-03T02:34:34.943+0600][41.624s][info][gc,heap     ] GC(42)                Mark Start          Mark End        Relocate Start      Relocate End           High               Low         
[2026-04-03T02:34:34.943+0600][41.624s][info][gc,heap     ] GC(42)  Capacity:     1500M (100%)       1500M (100%)       1500M (100%)       1500M (100%)       1500M (100%)       1500M (100%)   
[2026-04-03T02:34:34.943+0600][41.624s][info][gc,heap     ] GC(42)      Free:      552M (37%)         446M (30%)        1086M (72%)        1240M (83%)        1240M (83%)         440M (29%)    
[2026-04-03T02:34:34.943+0600][41.624s][info][gc,heap     ] GC(42)      Used:      948M (63%)        1054M (70%)         414M (28%)         260M (17%)        1060M (71%)         260M (17%)    
[2026-04-03T02:34:34.943+0600][41.624s][info][gc,heap     ] GC(42)      Live:         -               100M (7%)          100M (7%)          100M (7%)             -                  -          
[2026-04-03T02:34:34.943+0600][41.624s][info][gc,heap     ] GC(42) Allocated:         -               106M (7%)          118M (8%)          121M (8%)             -                  -          
[2026-04-03T02:34:34.943+0600][41.624s][info][gc,heap     ] GC(42)   Garbage:         -               847M (57%)         195M (13%)          37M (3%)             -                  -          
[2026-04-03T02:34:34.943+0600][41.624s][info][gc,heap     ] GC(42) Reclaimed:         -                  -               652M (43%)         809M (54%)            -                  -          
[2026-04-03T02:34:34.943+0600][41.624s][info][gc          ] GC(42) Garbage Collection (Allocation Rate) 948M(63%)->260M(17%)
[2026-04-03T02:34:35.421+0600][42.103s][info][gc,start    ] GC(43) Garbage Collection (Allocation Rate)
[2026-04-03T02:34:35.421+0600][42.103s][info][gc,task     ] GC(43) Using 2 workers
[2026-04-03T02:34:35.421+0600][42.103s][info][gc,phases   ] GC(43) Pause Mark Start 0.010ms
[2026-04-03T02:34:35.588+0600][42.270s][info][gc,phases   ] GC(43) Concurrent Mark 166.859ms
[2026-04-03T02:34:35.589+0600][42.270s][info][gc,phases   ] GC(43) Pause Mark End 0.036ms
[2026-04-03T02:34:35.589+0600][42.270s][info][gc,phases   ] GC(43) Concurrent Mark Free 0.002ms
[2026-04-03T02:34:35.616+0600][42.297s][info][gc,phases   ] GC(43) Concurrent Process Non-Strong References 26.775ms
[2026-04-03T02:34:35.616+0600][42.297s][info][gc,phases   ] GC(43) Concurrent Reset Relocation Set 0.011ms
[2026-04-03T02:34:35.619+0600][42.301s][info][gc,phases   ] GC(43) Concurrent Select Relocation Set 3.688ms
[2026-04-03T02:34:35.620+0600][42.302s][info][gc,phases   ] GC(43) Pause Relocate Start 0.016ms
[2026-04-03T02:34:35.625+0600][42.306s][info][gc,phases   ] GC(43) Concurrent Relocate 4.786ms
[2026-04-03T02:34:35.625+0600][42.307s][info][gc,load     ] GC(43) Load: 5.98/5.76/5.82
[2026-04-03T02:34:35.625+0600][42.307s][info][gc,mmu      ] GC(43) MMU: 2ms/89.3%, 5ms/95.7%, 10ms/97.9%, 20ms/98.9%, 50ms/99.6%, 100ms/99.8%
[2026-04-03T02:34:35.625+0600][42.307s][info][gc,marking  ] GC(43) Mark: 2 stripe(s), 3 proactive flush(es), 1 terminate flush(es), 0 completion(s), 0 continuation(s) 
[2026-04-03T02:34:35.625+0600][42.307s][info][gc,marking  ] GC(43) Mark Stack Usage: 32M
[2026-04-03T02:34:35.625+0600][42.307s][info][gc,nmethod  ] GC(43) NMethods: 14348 registered, 1654 unregistered
[2026-04-03T02:34:35.625+0600][42.307s][info][gc,metaspace] GC(43) Metaspace: 127M used, 128M committed, 1152M reserved
[2026-04-03T02:34:35.625+0600][42.307s][info][gc,ref      ] GC(43) Soft: 3463 encountered, 0 discovered, 0 enqueued
[2026-04-03T02:34:35.625+0600][42.307s][info][gc,ref      ] GC(43) Weak: 14992 encountered, 5052 discovered, 246 enqueued
[2026-04-03T02:34:35.625+0600][42.307s][info][gc,ref      ] GC(43) Final: 84 encountered, 0 discovered, 0 enqueued
[2026-04-03T02:34:35.625+0600][42.307s][info][gc,ref      ] GC(43) Phantom: 620 encountered, 568 discovered, 0 enqueued
[2026-04-03T02:34:35.625+0600][42.307s][info][gc,reloc    ] GC(43) Small Pages: 246 / 492M, Empty: 78M, Relocated: 2M, In-Place: 0
[2026-04-03T02:34:35.625+0600][42.307s][info][gc,reloc    ] GC(43) Medium Pages: 3 / 96M, Empty: 64M, Relocated: 0M, In-Place: 0
[2026-04-03T02:34:35.625+0600][42.307s][info][gc,reloc    ] GC(43) Large Pages: 9 / 54M, Empty: 54M, Relocated: 0M, In-Place: 0
[2026-04-03T02:34:35.625+0600][42.307s][info][gc,reloc    ] GC(43) Forwarding Usage: 1M
[2026-04-03T02:34:35.625+0600][42.307s][info][gc,heap     ] GC(43) Min Capacity: 8M(1%)
[2026-04-03T02:34:35.625+0600][42.307s][info][gc,heap     ] GC(43) Max Capacity: 1500M(100%)
[2026-04-03T02:34:35.625+0600][42.307s][info][gc,heap     ] GC(43) Soft Max Capacity: 1500M(100%)
[2026-04-03T02:34:35.625+0600][42.307s][info][gc,heap     ] GC(43)                Mark Start          Mark End        Relocate Start      Relocate End           High               Low         
[2026-04-03T02:34:35.625+0600][42.307s][info][gc,heap     ] GC(43)  Capacity:     1500M (100%)       1500M (100%)       1500M (100%)       1500M (100%)       1500M (100%)       1500M (100%)   
[2026-04-03T02:34:35.625+0600][42.307s][info][gc,heap     ] GC(43)      Free:      858M (57%)         656M (44%)         788M (53%)        1094M (73%)        1094M (73%)         592M (39%)    
[2026-04-03T02:34:35.625+0600][42.307s][info][gc,heap     ] GC(43)      Used:      642M (43%)         844M (56%)         712M (47%)         406M (27%)         908M (61%)         406M (27%)    
[2026-04-03T02:34:35.625+0600][42.307s][info][gc,heap     ] GC(43)      Live:         -               101M (7%)          101M (7%)          101M (7%)             -                  -          
[2026-04-03T02:34:35.625+0600][42.307s][info][gc,heap     ] GC(43) Allocated:         -               202M (13%)         266M (18%)         267M (18%)            -                  -          
[2026-04-03T02:34:35.625+0600][42.307s][info][gc,heap     ] GC(43)   Garbage:         -               540M (36%)         344M (23%)          36M (2%)             -                  -          
[2026-04-03T02:34:35.625+0600][42.307s][info][gc,heap     ] GC(43) Reclaimed:         -                  -               196M (13%)         503M (34%)            -                  -          
[2026-04-03T02:34:35.625+0600][42.307s][info][gc          ] GC(43) Garbage Collection (Allocation Rate) 642M(43%)->406M(27%)
[2026-04-03T02:34:35.821+0600][42.503s][info][gc,start    ] GC(44) Garbage Collection (Allocation Rate)
[2026-04-03T02:34:35.821+0600][42.503s][info][gc,task     ] GC(44) Using 2 workers
[2026-04-03T02:34:35.822+0600][42.503s][info][gc,phases   ] GC(44) Pause Mark Start 0.010ms
[2026-04-03T02:34:35.997+0600][42.678s][info][gc,phases   ] GC(44) Concurrent Mark 175.025ms
[2026-04-03T02:34:35.997+0600][42.679s][info][gc,phases   ] GC(44) Pause Mark End 0.064ms
[2026-04-03T02:34:35.997+0600][42.679s][info][gc,phases   ] GC(44) Concurrent Mark Free 0.003ms
[2026-04-03T02:34:36.032+0600][42.713s][info][gc,phases   ] GC(44) Concurrent Process Non-Strong References 34.063ms
[2026-04-03T02:34:36.032+0600][42.713s][info][gc,phases   ] GC(44) Concurrent Reset Relocation Set 0.037ms
[2026-04-03T02:34:36.036+0600][42.718s][info][gc,phases   ] GC(44) Concurrent Select Relocation Set 4.397ms
[2026-04-03T02:34:36.037+0600][42.718s][info][gc,phases   ] GC(44) Pause Relocate Start 0.019ms
[2026-04-03T02:34:36.042+0600][42.723s][info][gc,phases   ] GC(44) Concurrent Relocate 4.458ms
[2026-04-03T02:34:36.042+0600][42.723s][info][gc,load     ] GC(44) Load: 5.98/5.76/5.82
[2026-04-03T02:34:36.042+0600][42.723s][info][gc,mmu      ] GC(44) MMU: 2ms/89.3%, 5ms/95.7%, 10ms/97.9%, 20ms/98.9%, 50ms/99.6%, 100ms/99.8%
[2026-04-03T02:34:36.042+0600][42.723s][info][gc,marking  ] GC(44) Mark: 2 stripe(s), 2 proactive flush(es), 1 terminate flush(es), 0 completion(s), 0 continuation(s) 
[2026-04-03T02:34:36.042+0600][42.723s][info][gc,marking  ] GC(44) Mark Stack Usage: 32M
[2026-04-03T02:34:36.042+0600][42.723s][info][gc,nmethod  ] GC(44) NMethods: 14357 registered, 1675 unregistered
[2026-04-03T02:34:36.042+0600][42.723s][info][gc,metaspace] GC(44) Metaspace: 127M used, 128M committed, 1152M reserved
[2026-04-03T02:34:36.042+0600][42.723s][info][gc,ref      ] GC(44) Soft: 3471 encountered, 0 discovered, 0 enqueued
[2026-04-03T02:34:36.042+0600][42.723s][info][gc,ref      ] GC(44) Weak: 15552 encountered, 6845 discovered, 37 enqueued
[2026-04-03T02:34:36.042+0600][42.723s][info][gc,ref      ] GC(44) Final: 84 encountered, 0 discovered, 0 enqueued
[2026-04-03T02:34:36.042+0600][42.723s][info][gc,ref      ] GC(44) Phantom: 620 encountered, 294 discovered, 0 enqueued
[2026-04-03T02:34:36.042+0600][42.723s][info][gc,reloc    ] GC(44) Small Pages: 239 / 478M, Empty: 166M, Relocated: 3M, In-Place: 0
[2026-04-03T02:34:36.042+0600][42.723s][info][gc,reloc    ] GC(44) Medium Pages: 4 / 128M, Empty: 96M, Relocated: 0M, In-Place: 0
[2026-04-03T02:34:36.042+0600][42.723s][info][gc,reloc    ] GC(44) Large Pages: 11 / 66M, Empty: 66M, Relocated: 0M, In-Place: 0
[2026-04-03T02:34:36.042+0600][42.723s][info][gc,reloc    ] GC(44) Forwarding Usage: 0M
[2026-04-03T02:34:36.042+0600][42.723s][info][gc,heap     ] GC(44) Min Capacity: 8M(1%)
[2026-04-03T02:34:36.042+0600][42.723s][info][gc,heap     ] GC(44) Max Capacity: 1500M(100%)
[2026-04-03T02:34:36.042+0600][42.723s][info][gc,heap     ] GC(44) Soft Max Capacity: 1500M(100%)
[2026-04-03T02:34:36.042+0600][42.723s][info][gc,heap     ] GC(44)                Mark Start          Mark End        Relocate Start      Relocate End           High               Low         
[2026-04-03T02:34:36.042+0600][42.723s][info][gc,heap     ] GC(44)  Capacity:     1500M (100%)       1500M (100%)       1500M (100%)       1500M (100%)       1500M (100%)       1500M (100%)   
[2026-04-03T02:34:36.042+0600][42.724s][info][gc,heap     ] GC(44)      Free:      828M (55%)         630M (42%)         904M (60%)        1100M (73%)        1102M (73%)         584M (39%)    
[2026-04-03T02:34:36.042+0600][42.724s][info][gc,heap     ] GC(44)      Used:      672M (45%)         870M (58%)         596M (40%)         400M (27%)         916M (61%)         398M (27%)    
[2026-04-03T02:34:36.042+0600][42.724s][info][gc,heap     ] GC(44)      Live:         -               103M (7%)          103M (7%)          103M (7%)             -                  -          
[2026-04-03T02:34:36.042+0600][42.724s][info][gc,heap     ] GC(44) Allocated:         -               198M (13%)         252M (17%)         257M (17%)            -                  -          
[2026-04-03T02:34:36.042+0600][42.724s][info][gc,heap     ] GC(44)   Garbage:         -               568M (38%)         240M (16%)          38M (3%)             -                  -          
[2026-04-03T02:34:36.042+0600][42.724s][info][gc,heap     ] GC(44) Reclaimed:         -                  -               328M (22%)         529M (35%)            -                  -          
[2026-04-03T02:34:36.042+0600][42.724s][info][gc          ] GC(44) Garbage Collection (Allocation Rate) 672M(45%)->400M(27%)
[2026-04-03T02:34:36.122+0600][42.803s][info][gc,start    ] GC(45) Garbage Collection (Allocation Rate)
[2026-04-03T02:34:36.122+0600][42.803s][info][gc,task     ] GC(45) Using 2 workers
[2026-04-03T02:34:36.122+0600][42.803s][info][gc,phases   ] GC(45) Pause Mark Start 0.011ms
[2026-04-03T02:34:36.263+0600][42.945s][info][gc,phases   ] GC(45) Concurrent Mark 141.031ms
[2026-04-03T02:34:36.263+0600][42.945s][info][gc,phases   ] GC(45) Pause Mark End 0.042ms
[2026-04-03T02:34:36.264+0600][42.945s][info][gc,phases   ] GC(45) Concurrent Mark Free 0.001ms
[2026-04-03T02:34:36.283+0600][42.964s][info][gc,phases   ] GC(45) Concurrent Process Non-Strong References 19.128ms
[2026-04-03T02:34:36.283+0600][42.964s][info][gc,phases   ] GC(45) Concurrent Reset Relocation Set 0.010ms
[2026-04-03T02:34:36.286+0600][42.967s][info][gc,phases   ] GC(45) Concurrent Select Relocation Set 2.822ms
[2026-04-03T02:34:36.286+0600][42.967s][info][gc,phases   ] GC(45) Pause Relocate Start 0.016ms
[2026-04-03T02:34:36.288+0600][42.970s][info][gc,phases   ] GC(45) Concurrent Relocate 1.946ms
[2026-04-03T02:34:36.288+0600][42.970s][info][gc,load     ] GC(45) Load: 5.98/5.76/5.82
[2026-04-03T02:34:36.288+0600][42.970s][info][gc,mmu      ] GC(45) MMU: 2ms/89.3%, 5ms/95.7%, 10ms/97.9%, 20ms/98.9%, 50ms/99.6%, 100ms/99.8%
[2026-04-03T02:34:36.288+0600][42.970s][info][gc,marking  ] GC(45) Mark: 2 stripe(s), 2 proactive flush(es), 1 terminate flush(es), 0 completion(s), 0 continuation(s) 
[2026-04-03T02:34:36.288+0600][42.970s][info][gc,marking  ] GC(45) Mark Stack Usage: 32M
[2026-04-03T02:34:36.288+0600][42.970s][info][gc,nmethod  ] GC(45) NMethods: 14381 registered, 1686 unregistered
[2026-04-03T02:34:36.288+0600][42.970s][info][gc,metaspace] GC(45) Metaspace: 127M used, 128M committed, 1152M reserved
[2026-04-03T02:34:36.288+0600][42.970s][info][gc,ref      ] GC(45) Soft: 3463 encountered, 0 discovered, 0 enqueued
[2026-04-03T02:34:36.288+0600][42.970s][info][gc,ref      ] GC(45) Weak: 15867 encountered, 8299 discovered, 1419 enqueued
[2026-04-03T02:34:36.288+0600][42.970s][info][gc,ref      ] GC(45) Final: 84 encountered, 48 discovered, 0 enqueued
[2026-04-03T02:34:36.288+0600][42.970s][info][gc,ref      ] GC(45) Phantom: 620 encountered, 568 discovered, 0 enqueued
[2026-04-03T02:34:36.288+0600][42.970s][info][gc,reloc    ] GC(45) Small Pages: 176 / 352M, Empty: 80M, Relocated: 1M, In-Place: 0
[2026-04-03T02:34:36.288+0600][42.970s][info][gc,reloc    ] GC(45) Medium Pages: 3 / 96M, Empty: 64M, Relocated: 0M, In-Place: 0
[2026-04-03T02:34:36.288+0600][42.970s][info][gc,reloc    ] GC(45) Large Pages: 5 / 30M, Empty: 30M, Relocated: 0M, In-Place: 0
[2026-04-03T02:34:36.288+0600][42.970s][info][gc,reloc    ] GC(45) Forwarding Usage: 0M
[2026-04-03T02:34:36.288+0600][42.970s][info][gc,heap     ] GC(45) Min Capacity: 8M(1%)
[2026-04-03T02:34:36.288+0600][42.970s][info][gc,heap     ] GC(45) Max Capacity: 1500M(100%)
[2026-04-03T02:34:36.288+0600][42.970s][info][gc,heap     ] GC(45) Soft Max Capacity: 1500M(100%)
[2026-04-03T02:34:36.288+0600][42.970s][info][gc,heap     ] GC(45)                Mark Start          Mark End        Relocate Start      Relocate End           High               Low         
[2026-04-03T02:34:36.288+0600][42.970s][info][gc,heap     ] GC(45)  Capacity:     1500M (100%)       1500M (100%)       1500M (100%)       1500M (100%)       1500M (100%)       1500M (100%)   
[2026-04-03T02:34:36.288+0600][42.970s][info][gc,heap     ] GC(45)      Free:     1022M (68%)         862M (57%)        1026M (68%)        1188M (79%)        1188M (79%)         852M (57%)    
[2026-04-03T02:34:36.288+0600][42.970s][info][gc,heap     ] GC(45)      Used:      478M (32%)         638M (43%)         474M (32%)         312M (21%)         648M (43%)         312M (21%)    
[2026-04-03T02:34:36.288+0600][42.970s][info][gc,heap     ] GC(45)      Live:         -               101M (7%)          101M (7%)          101M (7%)             -                  -          
[2026-04-03T02:34:36.288+0600][42.970s][info][gc,heap     ] GC(45) Allocated:         -               160M (11%)         170M (11%)         171M (11%)            -                  -          
[2026-04-03T02:34:36.288+0600][42.970s][info][gc,heap     ] GC(45)   Garbage:         -               376M (25%)         202M (13%)          38M (3%)             -                  -          
[2026-04-03T02:34:36.288+0600][42.970s][info][gc,heap     ] GC(45) Reclaimed:         -                  -               174M (12%)         337M (23%)            -                  -          
[2026-04-03T02:34:36.288+0600][42.970s][info][gc          ] GC(45) Garbage Collection (Allocation Rate) 478M(32%)->312M(21%)
[2026-04-03T02:34:36.721+0600][43.403s][info][gc,start    ] GC(46) Garbage Collection (Allocation Rate)
[2026-04-03T02:34:36.722+0600][43.403s][info][gc,task     ] GC(46) Using 3 workers
[2026-04-03T02:34:36.722+0600][43.404s][info][gc,phases   ] GC(46) Pause Mark Start 0.017ms
[2026-04-03T02:34:36.802+0600][43.484s][info][gc,phases   ] GC(46) Concurrent Mark 79.957ms
[2026-04-03T02:34:36.803+0600][43.484s][info][gc,phases   ] GC(46) Pause Mark End 0.048ms
[2026-04-03T02:34:36.803+0600][43.484s][info][gc,phases   ] GC(46) Concurrent Mark Free 0.003ms
[2026-04-03T02:34:36.817+0600][43.499s][info][gc,phases   ] GC(46) Concurrent Process Non-Strong References 14.573ms
[2026-04-03T02:34:36.817+0600][43.499s][info][gc,phases   ] GC(46) Concurrent Reset Relocation Set 0.005ms
[2026-04-03T02:34:36.818+0600][43.499s][info][gc          ] Allocation Stall (Executor task launch worker for task 0.0 in stage 1200.0 (TID 2293)) 27.081ms
[2026-04-03T02:34:36.818+0600][43.499s][info][gc          ] Allocation Stall (Executor task launch worker for task 3.0 in stage 1200.0 (TID 2296)) 28.936ms
[2026-04-03T02:34:36.818+0600][43.499s][info][gc          ] Allocation Stall (Executor task launch worker for task 2.0 in stage 1200.0 (TID 2295)) 27.607ms
[2026-04-03T02:34:36.818+0600][43.499s][info][gc          ] Allocation Stall (Executor task launch worker for task 1.0 in stage 1200.0 (TID 2294)) 29.651ms
[2026-04-03T02:34:36.820+0600][43.502s][info][gc,phases   ] GC(46) Concurrent Select Relocation Set 2.964ms
[2026-04-03T02:34:36.821+0600][43.502s][info][gc,phases   ] GC(46) Pause Relocate Start 0.019ms
[2026-04-03T02:34:36.831+0600][43.512s][info][gc,phases   ] GC(46) Concurrent Relocate 9.785ms
[2026-04-03T02:34:36.831+0600][43.512s][info][gc,load     ] GC(46) Load: 5.98/5.76/5.82
[2026-04-03T02:34:36.831+0600][43.512s][info][gc,mmu      ] GC(46) MMU: 2ms/89.3%, 5ms/95.7%, 10ms/97.9%, 20ms/98.9%, 50ms/99.6%, 100ms/99.8%
[2026-04-03T02:34:36.831+0600][43.512s][info][gc,marking  ] GC(46) Mark: 2 stripe(s), 2 proactive flush(es), 1 terminate flush(es), 0 completion(s), 0 continuation(s) 
[2026-04-03T02:34:36.831+0600][43.512s][info][gc,marking  ] GC(46) Mark Stack Usage: 32M
[2026-04-03T02:34:36.831+0600][43.512s][info][gc,nmethod  ] GC(46) NMethods: 14395 registered, 1708 unregistered
[2026-04-03T02:34:36.831+0600][43.512s][info][gc,metaspace] GC(46) Metaspace: 127M used, 128M committed, 1152M reserved
[2026-04-03T02:34:36.831+0600][43.512s][info][gc,ref      ] GC(46) Soft: 3463 encountered, 0 discovered, 0 enqueued
[2026-04-03T02:34:36.831+0600][43.512s][info][gc,ref      ] GC(46) Weak: 15503 encountered, 5518 discovered, 1072 enqueued
[2026-04-03T02:34:36.831+0600][43.512s][info][gc,ref      ] GC(46) Final: 84 encountered, 0 discovered, 0 enqueued
[2026-04-03T02:34:36.831+0600][43.512s][info][gc,ref      ] GC(46) Phantom: 620 encountered, 596 discovered, 0 enqueued
[2026-04-03T02:34:36.831+0600][43.512s][info][gc,reloc    ] GC(46) Small Pages: 371 / 742M, Empty: 358M, Relocated: 8M, In-Place: 0
[2026-04-03T02:34:36.831+0600][43.512s][info][gc,reloc    ] GC(46) Medium Pages: 3 / 96M, Empty: 64M, Relocated: 0M, In-Place: 0
[2026-04-03T02:34:36.831+0600][43.512s][info][gc,reloc    ] GC(46) Large Pages: 78 / 468M, Empty: 468M, Relocated: 0M, In-Place: 0
[2026-04-03T02:34:36.831+0600][43.512s][info][gc,reloc    ] GC(46) Forwarding Usage: 2M
[2026-04-03T02:34:36.831+0600][43.512s][info][gc,heap     ] GC(46) Min Capacity: 8M(1%)
[2026-04-03T02:34:36.831+0600][43.513s][info][gc,heap     ] GC(46) Max Capacity: 1500M(100%)
[2026-04-03T02:34:36.831+0600][43.513s][info][gc,heap     ] GC(46) Soft Max Capacity: 1500M(100%)
[2026-04-03T02:34:36.831+0600][43.513s][info][gc,heap     ] GC(46)                Mark Start          Mark End        Relocate Start      Relocate End           High               Low         
[2026-04-03T02:34:36.831+0600][43.513s][info][gc,heap     ] GC(46)  Capacity:     1500M (100%)       1500M (100%)       1500M (100%)       1500M (100%)       1500M (100%)       1500M (100%)   
[2026-04-03T02:34:36.831+0600][43.513s][info][gc,heap     ] GC(46)      Free:      194M (13%)           2M (0%)          864M (58%)        1016M (68%)        1106M (74%)           2M (0%)     
[2026-04-03T02:34:36.831+0600][43.513s][info][gc,heap     ] GC(46)      Used:     1306M (87%)        1498M (100%)        636M (42%)         484M (32%)        1498M (100%)        394M (26%)    
[2026-04-03T02:34:36.831+0600][43.513s][info][gc,heap     ] GC(46)      Live:         -               103M (7%)          103M (7%)          103M (7%)             -                  -          
[2026-04-03T02:34:36.831+0600][43.513s][info][gc,heap     ] GC(46) Allocated:         -               192M (13%)         220M (15%)         341M (23%)            -                  -          
[2026-04-03T02:34:36.831+0600][43.513s][info][gc,heap     ] GC(46)   Garbage:         -              1202M (80%)         312M (21%)          38M (3%)             -                  -          
[2026-04-03T02:34:36.831+0600][43.513s][info][gc,heap     ] GC(46) Reclaimed:         -                  -               890M (59%)        1163M (78%)            -                  -          
[2026-04-03T02:34:36.831+0600][43.513s][info][gc          ] GC(46) Garbage Collection (Allocation Rate) 1306M(87%)->484M(32%)
[2026-04-03T02:34:36.921+0600][43.602s][info][gc,start    ] GC(47) Garbage Collection (Allocation Stall)
[2026-04-03T02:34:36.921+0600][43.602s][info][gc,ref      ] GC(47) Clearing All SoftReferences
[2026-04-03T02:34:36.921+0600][43.602s][info][gc,task     ] GC(47) Using 3 workers
[2026-04-03T02:34:36.921+0600][43.602s][info][gc,ref      ] GC(47) Clearing All SoftReferences
[2026-04-03T02:34:36.921+0600][43.602s][info][gc,phases   ] GC(47) Pause Mark Start 0.048ms
[2026-04-03T02:34:37.019+0600][43.701s][info][gc,phases   ] GC(47) Concurrent Mark 98.090ms
[2026-04-03T02:34:37.020+0600][43.701s][info][gc,phases   ] GC(47) Pause Mark End 0.045ms
[2026-04-03T02:34:37.020+0600][43.701s][info][gc,phases   ] GC(47) Concurrent Mark Free 0.001ms
[2026-04-03T02:34:37.073+0600][43.754s][info][gc,phases   ] GC(47) Concurrent Process Non-Strong References 52.946ms
[2026-04-03T02:34:37.073+0600][43.754s][info][gc,phases   ] GC(47) Concurrent Reset Relocation Set 0.018ms
[2026-04-03T02:34:37.076+0600][43.758s][info][gc,phases   ] GC(47) Concurrent Select Relocation Set 3.626ms
[2026-04-03T02:34:37.077+0600][43.758s][info][gc,phases   ] GC(47) Pause Relocate Start 0.067ms
[2026-04-03T02:34:37.083+0600][43.764s][info][gc,phases   ] GC(47) Concurrent Relocate 5.991ms
[2026-04-03T02:34:37.083+0600][43.765s][info][gc,load     ] GC(47) Load: 5.98/5.76/5.82
[2026-04-03T02:34:37.083+0600][43.765s][info][gc,mmu      ] GC(47) MMU: 2ms/89.3%, 5ms/95.7%, 10ms/97.9%, 20ms/98.9%, 50ms/99.6%, 100ms/99.8%
[2026-04-03T02:34:37.083+0600][43.765s][info][gc,marking  ] GC(47) Mark: 2 stripe(s), 2 proactive flush(es), 1 terminate flush(es), 0 completion(s), 0 continuation(s) 
[2026-04-03T02:34:37.083+0600][43.765s][info][gc,marking  ] GC(47) Mark Stack Usage: 32M
[2026-04-03T02:34:37.083+0600][43.765s][info][gc,nmethod  ] GC(47) NMethods: 14433 registered, 1717 unregistered
[2026-04-03T02:34:37.083+0600][43.765s][info][gc,metaspace] GC(47) Metaspace: 127M used, 128M committed, 1152M reserved
[2026-04-03T02:34:37.083+0600][43.765s][info][gc,ref      ] GC(47) Soft: 3423 encountered, 967 discovered, 213 enqueued
[2026-04-03T02:34:37.083+0600][43.765s][info][gc,ref      ] GC(47) Weak: 14635 encountered, 4446 discovered, 188 enqueued
[2026-04-03T02:34:37.083+0600][43.765s][info][gc,ref      ] GC(47) Final: 84 encountered, 2 discovered, 0 enqueued
[2026-04-03T02:34:37.083+0600][43.765s][info][gc,ref      ] GC(47) Phantom: 620 encountered, 596 discovered, 0 enqueued
[2026-04-03T02:34:37.083+0600][43.765s][info][gc,reloc    ] GC(47) Small Pages: 135 / 270M, Empty: 20M, Relocated: 8M, In-Place: 0
[2026-04-03T02:34:37.083+0600][43.765s][info][gc,reloc    ] GC(47) Medium Pages: 2 / 64M, Empty: 32M, Relocated: 0M, In-Place: 0
[2026-04-03T02:34:37.083+0600][43.765s][info][gc,reloc    ] GC(47) Large Pages: 67 / 402M, Empty: 396M, Relocated: 0M, In-Place: 0
[2026-04-03T02:34:37.083+0600][43.765s][info][gc,reloc    ] GC(47) Forwarding Usage: 3M
[2026-04-03T02:34:37.083+0600][43.765s][info][gc,heap     ] GC(47) Min Capacity: 8M(1%)
[2026-04-03T02:34:37.083+0600][43.765s][info][gc,heap     ] GC(47) Max Capacity: 1500M(100%)
[2026-04-03T02:34:37.083+0600][43.765s][info][gc,heap     ] GC(47) Soft Max Capacity: 1500M(100%)
[2026-04-03T02:34:37.083+0600][43.765s][info][gc,heap     ] GC(47)                Mark Start          Mark End        Relocate Start      Relocate End           High               Low         
[2026-04-03T02:34:37.083+0600][43.765s][info][gc,heap     ] GC(47)  Capacity:     1500M (100%)       1500M (100%)       1500M (100%)       1500M (100%)       1500M (100%)       1500M (100%)   
[2026-04-03T02:34:37.083+0600][43.765s][info][gc,heap     ] GC(47)      Free:      764M (51%)         660M (44%)        1090M (73%)        1232M (82%)        1232M (82%)         646M (43%)    
[2026-04-03T02:34:37.083+0600][43.765s][info][gc,heap     ] GC(47)      Used:      736M (49%)         840M (56%)         410M (27%)         268M (18%)         854M (57%)         268M (18%)    
[2026-04-03T02:34:37.083+0600][43.765s][info][gc,heap     ] GC(47)      Live:         -               105M (7%)          105M (7%)          105M (7%)             -                  -          
[2026-04-03T02:34:37.083+0600][43.765s][info][gc,heap     ] GC(47) Allocated:         -               104M (7%)          122M (8%)          123M (8%)             -                  -          
[2026-04-03T02:34:37.083+0600][43.765s][info][gc,heap     ] GC(47)   Garbage:         -               630M (42%)         182M (12%)          38M (3%)             -                  -          
[2026-04-03T02:34:37.083+0600][43.765s][info][gc,heap     ] GC(47) Reclaimed:         -                  -               448M (30%)         591M (39%)            -                  -          
[2026-04-03T02:34:37.083+0600][43.765s][info][gc          ] GC(47) Garbage Collection (Allocation Stall) 736M(49%)->268M(18%)
[2026-04-03T02:34:37.121+0600][43.802s][info][gc,start    ] GC(48) Garbage Collection (Allocation Rate)
[2026-04-03T02:34:37.121+0600][43.802s][info][gc,task     ] GC(48) Using 3 workers
[2026-04-03T02:34:37.121+0600][43.803s][info][gc,phases   ] GC(48) Pause Mark Start 0.009ms
[2026-04-03T02:34:37.194+0600][43.875s][info][gc,phases   ] GC(48) Concurrent Mark 72.503ms
[2026-04-03T02:34:37.194+0600][43.875s][info][gc,phases   ] GC(48) Pause Mark End 0.025ms
[2026-04-03T02:34:37.194+0600][43.876s][info][gc,phases   ] GC(48) Concurrent Mark Free 0.002ms
[2026-04-03T02:34:37.228+0600][43.910s][info][gc,phases   ] GC(48) Concurrent Process Non-Strong References 34.186ms
[2026-04-03T02:34:37.228+0600][43.910s][info][gc,phases   ] GC(48) Concurrent Reset Relocation Set 0.026ms
[2026-04-03T02:34:37.231+0600][43.913s][info][gc,phases   ] GC(48) Concurrent Select Relocation Set 2.832ms
[2026-04-03T02:34:37.232+0600][43.913s][info][gc,phases   ] GC(48) Pause Relocate Start 0.013ms
[2026-04-03T02:34:37.234+0600][43.915s][info][gc,phases   ] GC(48) Concurrent Relocate 1.770ms
[2026-04-03T02:34:37.234+0600][43.915s][info][gc,load     ] GC(48) Load: 5.98/5.76/5.82
[2026-04-03T02:34:37.234+0600][43.915s][info][gc,mmu      ] GC(48) MMU: 2ms/89.3%, 5ms/95.7%, 10ms/97.9%, 20ms/98.9%, 50ms/99.6%, 100ms/99.8%
[2026-04-03T02:34:37.234+0600][43.915s][info][gc,marking  ] GC(48) Mark: 2 stripe(s), 2 proactive flush(es), 1 terminate flush(es), 0 completion(s), 0 continuation(s) 
[2026-04-03T02:34:37.234+0600][43.915s][info][gc,marking  ] GC(48) Mark Stack Usage: 32M
[2026-04-03T02:34:37.234+0600][43.915s][info][gc,nmethod  ] GC(48) NMethods: 14438 registered, 1720 unregistered
[2026-04-03T02:34:37.234+0600][43.915s][info][gc,metaspace] GC(48) Metaspace: 127M used, 128M committed, 1152M reserved
[2026-04-03T02:34:37.234+0600][43.915s][info][gc,ref      ] GC(48) Soft: 3224 encountered, 0 discovered, 0 enqueued
[2026-04-03T02:34:37.234+0600][43.915s][info][gc,ref      ] GC(48) Weak: 14563 encountered, 3808 discovered, 442 enqueued
[2026-04-03T02:34:37.234+0600][43.915s][info][gc,ref      ] GC(48) Final: 84 encountered, 0 discovered, 0 enqueued
[2026-04-03T02:34:37.234+0600][43.915s][info][gc,ref      ] GC(48) Phantom: 620 encountered, 494 discovered, 0 enqueued
[2026-04-03T02:34:37.234+0600][43.915s][info][gc,reloc    ] GC(48) Small Pages: 98 / 196M, Empty: 8M, Relocated: 1M, In-Place: 0
[2026-04-03T02:34:37.234+0600][43.915s][info][gc,reloc    ] GC(48) Medium Pages: 2 / 64M, Empty: 32M, Relocated: 0M, In-Place: 0
[2026-04-03T02:34:37.234+0600][43.915s][info][gc,reloc    ] GC(48) Large Pages: 5 / 30M, Empty: 30M, Relocated: 0M, In-Place: 0
[2026-04-03T02:34:37.234+0600][43.915s][info][gc,reloc    ] GC(48) Forwarding Usage: 0M
[2026-04-03T02:34:37.234+0600][43.915s][info][gc,heap     ] GC(48) Min Capacity: 8M(1%)
[2026-04-03T02:34:37.234+0600][43.915s][info][gc,heap     ] GC(48) Max Capacity: 1500M(100%)
[2026-04-03T02:34:37.234+0600][43.915s][info][gc,heap     ] GC(48) Soft Max Capacity: 1500M(100%)
[2026-04-03T02:34:37.234+0600][43.915s][info][gc,heap     ] GC(48)                Mark Start          Mark End        Relocate Start      Relocate End           High               Low         
[2026-04-03T02:34:37.234+0600][43.915s][info][gc,heap     ] GC(48)  Capacity:     1500M (100%)       1500M (100%)       1500M (100%)       1500M (100%)       1500M (100%)       1500M (100%)   
[2026-04-03T02:34:37.234+0600][43.915s][info][gc,heap     ] GC(48)      Free:     1210M (81%)        1174M (78%)        1214M (81%)        1292M (86%)        1292M (86%)        1148M (77%)    
[2026-04-03T02:34:37.234+0600][43.915s][info][gc,heap     ] GC(48)      Used:      290M (19%)         326M (22%)         286M (19%)         208M (14%)         352M (23%)         208M (14%)    
[2026-04-03T02:34:37.234+0600][43.915s][info][gc,heap     ] GC(48)      Live:         -               100M (7%)          100M (7%)          100M (7%)             -                  -          
[2026-04-03T02:34:37.234+0600][43.915s][info][gc,heap     ] GC(48) Allocated:         -                36M (2%)           66M (4%)           67M (5%)             -                  -          
[2026-04-03T02:34:37.234+0600][43.916s][info][gc,heap     ] GC(48)   Garbage:         -               189M (13%)         119M (8%)           39M (3%)             -                  -          
[2026-04-03T02:34:37.234+0600][43.916s][info][gc,heap     ] GC(48) Reclaimed:         -                  -                70M (5%)          149M (10%)            -                  -          
[2026-04-03T02:34:37.234+0600][43.916s][info][gc          ] GC(48) Garbage Collection (Allocation Rate) 290M(19%)->208M(14%)
[2026-04-03T02:34:37.521+0600][44.203s][info][gc,start    ] GC(49) Garbage Collection (Allocation Rate)
[2026-04-03T02:34:37.521+0600][44.203s][info][gc,task     ] GC(49) Using 2 workers
[2026-04-03T02:34:37.522+0600][44.203s][info][gc,phases   ] GC(49) Pause Mark Start 0.017ms
[2026-04-03T02:34:37.691+0600][44.372s][info][gc,phases   ] GC(49) Concurrent Mark 168.707ms
[2026-04-03T02:34:37.691+0600][44.372s][info][gc,phases   ] GC(49) Pause Mark End 0.035ms
[2026-04-03T02:34:37.691+0600][44.373s][info][gc,phases   ] GC(49) Concurrent Mark Free 0.003ms
[2026-04-03T02:34:37.724+0600][44.405s][info][gc,phases   ] GC(49) Concurrent Process Non-Strong References 32.391ms
[2026-04-03T02:34:37.724+0600][44.405s][info][gc,phases   ] GC(49) Concurrent Reset Relocation Set 0.009ms
[2026-04-03T02:34:37.729+0600][44.410s][info][gc,phases   ] GC(49) Concurrent Select Relocation Set 4.985ms
[2026-04-03T02:34:37.730+0600][44.411s][info][gc,phases   ] GC(49) Pause Relocate Start 0.020ms
[2026-04-03T02:34:37.736+0600][44.418s][info][gc,phases   ] GC(49) Concurrent Relocate 6.407ms
[2026-04-03T02:34:37.737+0600][44.418s][info][gc,load     ] GC(49) Load: 5.98/5.76/5.82
[2026-04-03T02:34:37.737+0600][44.418s][info][gc,mmu      ] GC(49) MMU: 2ms/89.3%, 5ms/95.7%, 10ms/97.9%, 20ms/98.9%, 50ms/99.6%, 100ms/99.8%
[2026-04-03T02:34:37.737+0600][44.418s][info][gc,marking  ] GC(49) Mark: 2 stripe(s), 2 proactive flush(es), 1 terminate flush(es), 0 completion(s), 0 continuation(s) 
[2026-04-03T02:34:37.737+0600][44.418s][info][gc,marking  ] GC(49) Mark Stack Usage: 32M
[2026-04-03T02:34:37.737+0600][44.418s][info][gc,nmethod  ] GC(49) NMethods: 14461 registered, 1730 unregistered
[2026-04-03T02:34:37.737+0600][44.418s][info][gc,metaspace] GC(49) Metaspace: 127M used, 128M committed, 1152M reserved
[2026-04-03T02:34:37.737+0600][44.418s][info][gc,ref      ] GC(49) Soft: 3260 encountered, 0 discovered, 0 enqueued
[2026-04-03T02:34:37.737+0600][44.418s][info][gc,ref      ] GC(49) Weak: 14534 encountered, 5660 discovered, 33 enqueued
[2026-04-03T02:34:37.737+0600][44.418s][info][gc,ref      ] GC(49) Final: 84 encountered, 0 discovered, 0 enqueued
[2026-04-03T02:34:37.737+0600][44.418s][info][gc,ref      ] GC(49) Phantom: 620 encountered, 563 discovered, 0 enqueued
[2026-04-03T02:34:37.737+0600][44.418s][info][gc,reloc    ] GC(49) Small Pages: 187 / 374M, Empty: 38M, Relocated: 3M, In-Place: 0
[2026-04-03T02:34:37.737+0600][44.418s][info][gc,reloc    ] GC(49) Medium Pages: 2 / 64M, Empty: 32M, Relocated: 0M, In-Place: 0
[2026-04-03T02:34:37.737+0600][44.418s][info][gc,reloc    ] GC(49) Large Pages: 3 / 18M, Empty: 18M, Relocated: 0M, In-Place: 0
[2026-04-03T02:34:37.737+0600][44.418s][info][gc,reloc    ] GC(49) Forwarding Usage: 1M
[2026-04-03T02:34:37.737+0600][44.418s][info][gc,heap     ] GC(49) Min Capacity: 8M(1%)
[2026-04-03T02:34:37.737+0600][44.418s][info][gc,heap     ] GC(49) Max Capacity: 1500M(100%)
[2026-04-03T02:34:37.737+0600][44.418s][info][gc,heap     ] GC(49) Soft Max Capacity: 1500M(100%)
[2026-04-03T02:34:37.737+0600][44.418s][info][gc,heap     ] GC(49)                Mark Start          Mark End        Relocate Start      Relocate End           High               Low         
[2026-04-03T02:34:37.737+0600][44.418s][info][gc,heap     ] GC(49)  Capacity:     1500M (100%)       1500M (100%)       1500M (100%)       1500M (100%)       1500M (100%)       1500M (100%)   
[2026-04-03T02:34:37.737+0600][44.418s][info][gc,heap     ] GC(49)      Free:     1044M (70%)         802M (53%)         848M (57%)        1074M (72%)        1074M (72%)         762M (51%)    
[2026-04-03T02:34:37.737+0600][44.418s][info][gc,heap     ] GC(49)      Used:      456M (30%)         698M (47%)         652M (43%)         426M (28%)         738M (49%)         426M (28%)    
[2026-04-03T02:34:37.737+0600][44.418s][info][gc,heap     ] GC(49)      Live:         -               101M (7%)          101M (7%)          101M (7%)             -                  -          
[2026-04-03T02:34:37.737+0600][44.418s][info][gc,heap     ] GC(49) Allocated:         -               242M (16%)         284M (19%)         287M (19%)            -                  -          
[2026-04-03T02:34:37.737+0600][44.418s][info][gc,heap     ] GC(49)   Garbage:         -               354M (24%)         266M (18%)          36M (2%)             -                  -          
[2026-04-03T02:34:37.737+0600][44.418s][info][gc,heap     ] GC(49) Reclaimed:         -                  -                88M (6%)          317M (21%)            -                  -          
[2026-04-03T02:34:37.737+0600][44.418s][info][gc          ] GC(49) Garbage Collection (Allocation Rate) 456M(30%)->426M(28%)
[2026-04-03T02:34:37.821+0600][44.503s][info][gc,start    ] GC(50) Garbage Collection (Allocation Rate)
[2026-04-03T02:34:37.822+0600][44.503s][info][gc,task     ] GC(50) Using 2 workers
[2026-04-03T02:34:37.822+0600][44.503s][info][gc,phases   ] GC(50) Pause Mark Start 0.016ms
[2026-04-03T02:34:37.974+0600][44.655s][info][gc,phases   ] GC(50) Concurrent Mark 151.451ms
[2026-04-03T02:34:37.974+0600][44.655s][info][gc,phases   ] GC(50) Pause Mark End 0.042ms
[2026-04-03T02:34:37.974+0600][44.655s][info][gc,phases   ] GC(50) Concurrent Mark Free 0.004ms
[2026-04-03T02:34:38.001+0600][44.683s][info][gc,phases   ] GC(50) Concurrent Process Non-Strong References 27.084ms
[2026-04-03T02:34:38.001+0600][44.683s][info][gc,phases   ] GC(50) Concurrent Reset Relocation Set 0.012ms
[2026-04-03T02:34:38.005+0600][44.686s][info][gc,phases   ] GC(50) Concurrent Select Relocation Set 3.342ms
[2026-04-03T02:34:38.005+0600][44.686s][info][gc,phases   ] GC(50) Pause Relocate Start 0.016ms
[2026-04-03T02:34:38.009+0600][44.691s][info][gc,phases   ] GC(50) Concurrent Relocate 4.144ms
[2026-04-03T02:34:38.010+0600][44.691s][info][gc,load     ] GC(50) Load: 5.98/5.76/5.82
[2026-04-03T02:34:38.010+0600][44.691s][info][gc,mmu      ] GC(50) MMU: 2ms/89.3%, 5ms/95.7%, 10ms/97.9%, 20ms/98.9%, 50ms/99.6%, 100ms/99.8%
[2026-04-03T02:34:38.010+0600][44.691s][info][gc,marking  ] GC(50) Mark: 2 stripe(s), 2 proactive flush(es), 1 terminate flush(es), 0 completion(s), 0 continuation(s) 
[2026-04-03T02:34:38.010+0600][44.691s][info][gc,marking  ] GC(50) Mark Stack Usage: 32M
[2026-04-03T02:34:38.010+0600][44.691s][info][gc,nmethod  ] GC(50) NMethods: 14464 registered, 1741 unregistered
[2026-04-03T02:34:38.010+0600][44.691s][info][gc,metaspace] GC(50) Metaspace: 127M used, 128M committed, 1152M reserved
[2026-04-03T02:34:38.010+0600][44.691s][info][gc,ref      ] GC(50) Soft: 3255 encountered, 0 discovered, 0 enqueued
[2026-04-03T02:34:38.010+0600][44.691s][info][gc,ref      ] GC(50) Weak: 15078 encountered, 5387 discovered, 11 enqueued
[2026-04-03T02:34:38.010+0600][44.691s][info][gc,ref      ] GC(50) Final: 84 encountered, 0 discovered, 0 enqueued
[2026-04-03T02:34:38.010+0600][44.691s][info][gc,ref      ] GC(50) Phantom: 620 encountered, 491 discovered, 0 enqueued
[2026-04-03T02:34:38.010+0600][44.691s][info][gc,reloc    ] GC(50) Small Pages: 186 / 372M, Empty: 126M, Relocated: 3M, In-Place: 0
[2026-04-03T02:34:38.010+0600][44.691s][info][gc,reloc    ] GC(50) Medium Pages: 3 / 96M, Empty: 64M, Relocated: 0M, In-Place: 0
[2026-04-03T02:34:38.010+0600][44.691s][info][gc,reloc    ] GC(50) Large Pages: 8 / 48M, Empty: 48M, Relocated: 0M, In-Place: 0
[2026-04-03T02:34:38.010+0600][44.691s][info][gc,reloc    ] GC(50) Forwarding Usage: 0M
[2026-04-03T02:34:38.010+0600][44.691s][info][gc,heap     ] GC(50) Min Capacity: 8M(1%)
[2026-04-03T02:34:38.010+0600][44.691s][info][gc,heap     ] GC(50) Max Capacity: 1500M(100%)
[2026-04-03T02:34:38.010+0600][44.691s][info][gc,heap     ] GC(50) Soft Max Capacity: 1500M(100%)
[2026-04-03T02:34:38.010+0600][44.691s][info][gc,heap     ] GC(50)                Mark Start          Mark End        Relocate Start      Relocate End           High               Low         
[2026-04-03T02:34:38.010+0600][44.691s][info][gc,heap     ] GC(50)  Capacity:     1500M (100%)       1500M (100%)       1500M (100%)       1500M (100%)       1500M (100%)       1500M (100%)   
[2026-04-03T02:34:38.010+0600][44.691s][info][gc,heap     ] GC(50)      Free:      984M (66%)         786M (52%)         960M (64%)        1094M (73%)        1096M (73%)         736M (49%)    
[2026-04-03T02:34:38.010+0600][44.691s][info][gc,heap     ] GC(50)      Used:      516M (34%)         714M (48%)         540M (36%)         406M (27%)         764M (51%)         404M (27%)    
[2026-04-03T02:34:38.010+0600][44.691s][info][gc,heap     ] GC(50)      Live:         -               101M (7%)          101M (7%)          101M (7%)             -                  -          
[2026-04-03T02:34:38.010+0600][44.691s][info][gc,heap     ] GC(50) Allocated:         -               198M (13%)         262M (17%)         267M (18%)            -                  -          
[2026-04-03T02:34:38.010+0600][44.691s][info][gc,heap     ] GC(50)   Garbage:         -               414M (28%)         176M (12%)          36M (2%)             -                  -          
[2026-04-03T02:34:38.010+0600][44.691s][info][gc,heap     ] GC(50) Reclaimed:         -                  -               238M (16%)         377M (25%)            -                  -          
[2026-04-03T02:34:38.010+0600][44.691s][info][gc          ] GC(50) Garbage Collection (Allocation Rate) 516M(34%)->406M(27%)
[2026-04-03T02:34:38.022+0600][44.703s][info][gc,start    ] GC(51) Garbage Collection (Allocation Rate)
[2026-04-03T02:34:38.022+0600][44.703s][info][gc,task     ] GC(51) Using 2 workers
[2026-04-03T02:34:38.022+0600][44.704s][info][gc,phases   ] GC(51) Pause Mark Start 0.016ms
[2026-04-03T02:34:38.179+0600][44.861s][info][gc,phases   ] GC(51) Concurrent Mark 157.123ms
[2026-04-03T02:34:38.180+0600][44.861s][info][gc,phases   ] GC(51) Pause Mark End 0.034ms
[2026-04-03T02:34:38.180+0600][44.861s][info][gc,phases   ] GC(51) Concurrent Mark Free 0.003ms
[2026-04-03T02:34:38.210+0600][44.891s][info][gc,phases   ] GC(51) Concurrent Process Non-Strong References 29.911ms
[2026-04-03T02:34:38.210+0600][44.891s][info][gc,phases   ] GC(51) Concurrent Reset Relocation Set 0.008ms
[2026-04-03T02:34:38.214+0600][44.895s][info][gc,phases   ] GC(51) Concurrent Select Relocation Set 3.605ms
[2026-04-03T02:34:38.214+0600][44.895s][info][gc,phases   ] GC(51) Pause Relocate Start 0.016ms
[2026-04-03T02:34:38.222+0600][44.903s][info][gc,phases   ] GC(51) Concurrent Relocate 7.486ms
[2026-04-03T02:34:38.222+0600][44.903s][info][gc,load     ] GC(51) Load: 5.98/5.76/5.82
[2026-04-03T02:34:38.222+0600][44.903s][info][gc,mmu      ] GC(51) MMU: 2ms/89.3%, 5ms/95.7%, 10ms/97.9%, 20ms/98.9%, 50ms/99.6%, 100ms/99.8%
[2026-04-03T02:34:38.222+0600][44.903s][info][gc,marking  ] GC(51) Mark: 2 stripe(s), 2 proactive flush(es), 1 terminate flush(es), 0 completion(s), 0 continuation(s) 
[2026-04-03T02:34:38.222+0600][44.903s][info][gc,marking  ] GC(51) Mark Stack Usage: 32M
[2026-04-03T02:34:38.222+0600][44.903s][info][gc,nmethod  ] GC(51) NMethods: 14472 registered, 1750 unregistered
[2026-04-03T02:34:38.222+0600][44.903s][info][gc,metaspace] GC(51) Metaspace: 127M used, 128M committed, 1152M reserved
[2026-04-03T02:34:38.222+0600][44.903s][info][gc,ref      ] GC(51) Soft: 3263 encountered, 0 discovered, 0 enqueued
[2026-04-03T02:34:38.222+0600][44.903s][info][gc,ref      ] GC(51) Weak: 15345 encountered, 4315 discovered, 13 enqueued
[2026-04-03T02:34:38.222+0600][44.903s][info][gc,ref      ] GC(51) Final: 84 encountered, 4 discovered, 0 enqueued
[2026-04-03T02:34:38.222+0600][44.903s][info][gc,ref      ] GC(51) Phantom: 620 encountered, 235 discovered, 0 enqueued
[2026-04-03T02:34:38.222+0600][44.903s][info][gc,reloc    ] GC(51) Small Pages: 147 / 294M, Empty: 82M, Relocated: 6M, In-Place: 0
[2026-04-03T02:34:38.222+0600][44.903s][info][gc,reloc    ] GC(51) Medium Pages: 3 / 96M, Empty: 64M, Relocated: 0M, In-Place: 0
[2026-04-03T02:34:38.222+0600][44.903s][info][gc,reloc    ] GC(51) Large Pages: 4 / 24M, Empty: 24M, Relocated: 0M, In-Place: 0
[2026-04-03T02:34:38.222+0600][44.903s][info][gc,reloc    ] GC(51) Forwarding Usage: 1M
[2026-04-03T02:34:38.222+0600][44.903s][info][gc,heap     ] GC(51) Min Capacity: 8M(1%)
[2026-04-03T02:34:38.222+0600][44.903s][info][gc,heap     ] GC(51) Max Capacity: 1500M(100%)
[2026-04-03T02:34:38.222+0600][44.903s][info][gc,heap     ] GC(51) Soft Max Capacity: 1500M(100%)
[2026-04-03T02:34:38.222+0600][44.903s][info][gc,heap     ] GC(51)                Mark Start          Mark End        Relocate Start      Relocate End           High               Low         
[2026-04-03T02:34:38.222+0600][44.904s][info][gc,heap     ] GC(51)  Capacity:     1500M (100%)       1500M (100%)       1500M (100%)       1500M (100%)       1500M (100%)       1500M (100%)   
[2026-04-03T02:34:38.222+0600][44.904s][info][gc,heap     ] GC(51)      Free:     1086M (72%)         860M (57%)         998M (67%)        1094M (73%)        1094M (73%)         828M (55%)    
[2026-04-03T02:34:38.222+0600][44.904s][info][gc,heap     ] GC(51)      Used:      414M (28%)         640M (43%)         502M (33%)         406M (27%)         672M (45%)         406M (27%)    
[2026-04-03T02:34:38.222+0600][44.904s][info][gc,heap     ] GC(51)      Live:         -               105M (7%)          105M (7%)          105M (7%)             -                  -          
[2026-04-03T02:34:38.222+0600][44.904s][info][gc,heap     ] GC(51) Allocated:         -               226M (15%)         258M (17%)         263M (18%)            -                  -          
[2026-04-03T02:34:38.222+0600][44.904s][info][gc,heap     ] GC(51)   Garbage:         -               308M (21%)         138M (9%)           36M (2%)             -                  -          
[2026-04-03T02:34:38.222+0600][44.904s][info][gc,heap     ] GC(51) Reclaimed:         -                  -               170M (11%)         271M (18%)            -                  -          
[2026-04-03T02:34:38.222+0600][44.904s][info][gc          ] GC(51) Garbage Collection (Allocation Rate) 414M(28%)->406M(27%)
[2026-04-03T02:34:38.621+0600][45.303s][info][gc,start    ] GC(52) Garbage Collection (Allocation Rate)
[2026-04-03T02:34:38.622+0600][45.303s][info][gc,task     ] GC(52) Using 2 workers
[2026-04-03T02:34:38.622+0600][45.303s][info][gc,phases   ] GC(52) Pause Mark Start 0.019ms
[2026-04-03T02:34:38.783+0600][45.464s][info][gc,phases   ] GC(52) Concurrent Mark 160.739ms
[2026-04-03T02:34:38.783+0600][45.464s][info][gc,phases   ] GC(52) Pause Mark End 0.025ms
[2026-04-03T02:34:38.783+0600][45.465s][info][gc,phases   ] GC(52) Concurrent Mark Free 0.002ms
[2026-04-03T02:34:38.823+0600][45.505s][info][gc,phases   ] GC(52) Concurrent Process Non-Strong References 39.803ms
[2026-04-03T02:34:38.823+0600][45.505s][info][gc,phases   ] GC(52) Concurrent Reset Relocation Set 0.008ms
[2026-04-03T02:34:38.826+0600][45.508s][info][gc,phases   ] GC(52) Concurrent Select Relocation Set 2.974ms
[2026-04-03T02:34:38.826+0600][45.508s][info][gc,phases   ] GC(52) Pause Relocate Start 0.012ms
[2026-04-03T02:34:38.837+0600][45.518s][info][gc,phases   ] GC(52) Concurrent Relocate 10.420ms
[2026-04-03T02:34:38.837+0600][45.518s][info][gc,load     ] GC(52) Load: 5.98/5.76/5.82
[2026-04-03T02:34:38.837+0600][45.518s][info][gc,mmu      ] GC(52) MMU: 2ms/89.3%, 5ms/95.7%, 10ms/97.9%, 20ms/98.9%, 50ms/99.6%, 100ms/99.8%
[2026-04-03T02:34:38.837+0600][45.518s][info][gc,marking  ] GC(52) Mark: 2 stripe(s), 5 proactive flush(es), 1 terminate flush(es), 0 completion(s), 0 continuation(s) 
[2026-04-03T02:34:38.837+0600][45.518s][info][gc,marking  ] GC(52) Mark Stack Usage: 32M
[2026-04-03T02:34:38.837+0600][45.518s][info][gc,nmethod  ] GC(52) NMethods: 14511 registered, 1762 unregistered
[2026-04-03T02:34:38.837+0600][45.518s][info][gc,metaspace] GC(52) Metaspace: 127M used, 128M committed, 1152M reserved
[2026-04-03T02:34:38.837+0600][45.518s][info][gc,ref      ] GC(52) Soft: 3332 encountered, 0 discovered, 0 enqueued
[2026-04-03T02:34:38.837+0600][45.518s][info][gc,ref      ] GC(52) Weak: 16417 encountered, 6410 discovered, 1736 enqueued
[2026-04-03T02:34:38.837+0600][45.518s][info][gc,ref      ] GC(52) Final: 84 encountered, 0 discovered, 0 enqueued
[2026-04-03T02:34:38.837+0600][45.519s][info][gc,ref      ] GC(52) Phantom: 620 encountered, 294 discovered, 0 enqueued
[2026-04-03T02:34:38.837+0600][45.519s][info][gc,reloc    ] GC(52) Small Pages: 343 / 686M, Empty: 202M, Relocated: 10M, In-Place: 0
[2026-04-03T02:34:38.837+0600][45.519s][info][gc,reloc    ] GC(52) Medium Pages: 4 / 128M, Empty: 96M, Relocated: 0M, In-Place: 0
[2026-04-03T02:34:38.837+0600][45.519s][info][gc,reloc    ] GC(52) Large Pages: 13 / 78M, Empty: 78M, Relocated: 0M, In-Place: 0
[2026-04-03T02:34:38.837+0600][45.519s][info][gc,reloc    ] GC(52) Forwarding Usage: 3M
[2026-04-03T02:34:38.837+0600][45.519s][info][gc,heap     ] GC(52) Min Capacity: 8M(1%)
[2026-04-03T02:34:38.837+0600][45.519s][info][gc,heap     ] GC(52) Max Capacity: 1500M(100%)
[2026-04-03T02:34:38.837+0600][45.519s][info][gc,heap     ] GC(52) Soft Max Capacity: 1500M(100%)
[2026-04-03T02:34:38.837+0600][45.519s][info][gc,heap     ] GC(52)                Mark Start          Mark End        Relocate Start      Relocate End           High               Low         
[2026-04-03T02:34:38.837+0600][45.519s][info][gc,heap     ] GC(52)  Capacity:     1500M (100%)       1500M (100%)       1500M (100%)       1500M (100%)       1500M (100%)       1500M (100%)   
[2026-04-03T02:34:38.837+0600][45.519s][info][gc,heap     ] GC(52)      Free:      608M (41%)         396M (26%)         750M (50%)        1114M (74%)        1116M (74%)         378M (25%)    
[2026-04-03T02:34:38.837+0600][45.519s][info][gc,heap     ] GC(52)      Used:      892M (59%)        1104M (74%)         750M (50%)         386M (26%)        1122M (75%)         384M (26%)    
[2026-04-03T02:34:38.837+0600][45.519s][info][gc,heap     ] GC(52)      Live:         -               106M (7%)          106M (7%)          106M (7%)             -                  -          
[2026-04-03T02:34:38.837+0600][45.519s][info][gc,heap     ] GC(52) Allocated:         -               212M (14%)         234M (16%)         243M (16%)            -                  -          
[2026-04-03T02:34:38.837+0600][45.519s][info][gc,heap     ] GC(52)   Garbage:         -               785M (52%)         409M (27%)          36M (2%)             -                  -          
[2026-04-03T02:34:38.837+0600][45.519s][info][gc,heap     ] GC(52) Reclaimed:         -                  -               376M (25%)         749M (50%)            -                  -          
[2026-04-03T02:34:38.837+0600][45.519s][info][gc          ] GC(52) Garbage Collection (Allocation Rate) 892M(59%)->386M(26%)
[2026-04-03T02:34:38.922+0600][45.603s][info][gc,start    ] GC(53) Garbage Collection (Allocation Rate)
[2026-04-03T02:34:38.922+0600][45.603s][info][gc,task     ] GC(53) Using 2 workers
[2026-04-03T02:34:38.922+0600][45.603s][info][gc,phases   ] GC(53) Pause Mark Start 0.012ms
[2026-04-03T02:34:39.057+0600][45.738s][info][gc,phases   ] GC(53) Concurrent Mark 134.739ms
[2026-04-03T02:34:39.057+0600][45.739s][info][gc,phases   ] GC(53) Pause Mark End 0.031ms
[2026-04-03T02:34:39.057+0600][45.739s][info][gc,phases   ] GC(53) Concurrent Mark Free 0.003ms
[2026-04-03T02:34:39.087+0600][45.768s][info][gc,phases   ] GC(53) Concurrent Process Non-Strong References 29.669ms
[2026-04-03T02:34:39.087+0600][45.768s][info][gc,phases   ] GC(53) Concurrent Reset Relocation Set 0.013ms
[2026-04-03T02:34:39.090+0600][45.772s][info][gc,phases   ] GC(53) Concurrent Select Relocation Set 3.207ms
[2026-04-03T02:34:39.090+0600][45.772s][info][gc,phases   ] GC(53) Pause Relocate Start 0.042ms
[2026-04-03T02:34:39.112+0600][45.794s][info][gc,phases   ] GC(53) Concurrent Relocate 21.691ms
[2026-04-03T02:34:39.112+0600][45.794s][info][gc,load     ] GC(53) Load: 5.98/5.76/5.82
[2026-04-03T02:34:39.112+0600][45.794s][info][gc,mmu      ] GC(53) MMU: 2ms/89.3%, 5ms/95.7%, 10ms/97.9%, 20ms/98.9%, 50ms/99.6%, 100ms/99.8%
[2026-04-03T02:34:39.112+0600][45.794s][info][gc,marking  ] GC(53) Mark: 2 stripe(s), 2 proactive flush(es), 1 terminate flush(es), 0 completion(s), 0 continuation(s) 
[2026-04-03T02:34:39.112+0600][45.794s][info][gc,marking  ] GC(53) Mark Stack Usage: 32M
[2026-04-03T02:34:39.112+0600][45.794s][info][gc,nmethod  ] GC(53) NMethods: 14512 registered, 1772 unregistered
[2026-04-03T02:34:39.112+0600][45.794s][info][gc,metaspace] GC(53) Metaspace: 127M used, 128M committed, 1152M reserved
[2026-04-03T02:34:39.112+0600][45.794s][info][gc,ref      ] GC(53) Soft: 3360 encountered, 0 discovered, 0 enqueued
[2026-04-03T02:34:39.112+0600][45.794s][info][gc,ref      ] GC(53) Weak: 15085 encountered, 5626 discovered, 566 enqueued
[2026-04-03T02:34:39.112+0600][45.794s][info][gc,ref      ] GC(53) Final: 84 encountered, 0 discovered, 0 enqueued
[2026-04-03T02:34:39.112+0600][45.794s][info][gc,ref      ] GC(53) Phantom: 620 encountered, 385 discovered, 0 enqueued
[2026-04-03T02:34:39.112+0600][45.794s][info][gc,reloc    ] GC(53) Small Pages: 184 / 368M, Empty: 142M, Relocated: 6M, In-Place: 0
[2026-04-03T02:34:39.113+0600][45.794s][info][gc,reloc    ] GC(53) Medium Pages: 2 / 64M, Empty: 0M, Relocated: 10M, In-Place: 0
[2026-04-03T02:34:39.113+0600][45.794s][info][gc,reloc    ] GC(53) Large Pages: 67 / 402M, Empty: 396M, Relocated: 0M, In-Place: 0
[2026-04-03T02:34:39.113+0600][45.794s][info][gc,reloc    ] GC(53) Forwarding Usage: 1M
[2026-04-03T02:34:39.113+0600][45.794s][info][gc,heap     ] GC(53) Min Capacity: 8M(1%)
[2026-04-03T02:34:39.113+0600][45.794s][info][gc,heap     ] GC(53) Max Capacity: 1500M(100%)
[2026-04-03T02:34:39.113+0600][45.794s][info][gc,heap     ] GC(53) Soft Max Capacity: 1500M(100%)
[2026-04-03T02:34:39.113+0600][45.794s][info][gc,heap     ] GC(53)                Mark Start          Mark End        Relocate Start      Relocate End           High               Low         
[2026-04-03T02:34:39.113+0600][45.794s][info][gc,heap     ] GC(53)  Capacity:     1500M (100%)       1500M (100%)       1500M (100%)       1500M (100%)       1500M (100%)       1500M (100%)   
[2026-04-03T02:34:39.113+0600][45.794s][info][gc,heap     ] GC(53)      Free:      666M (44%)         204M (14%)         684M (46%)         792M (53%)         792M (53%)         150M (10%)    
[2026-04-03T02:34:39.113+0600][45.794s][info][gc,heap     ] GC(53)      Used:      834M (56%)        1296M (86%)         816M (54%)         708M (47%)        1350M (90%)         708M (47%)    
[2026-04-03T02:34:39.113+0600][45.794s][info][gc,heap     ] GC(53)      Live:         -               113M (8%)          113M (8%)          113M (8%)             -                  -          
[2026-04-03T02:34:39.113+0600][45.794s][info][gc,heap     ] GC(53) Allocated:         -               462M (31%)         520M (35%)         559M (37%)            -                  -          
[2026-04-03T02:34:39.113+0600][45.794s][info][gc,heap     ] GC(53)   Garbage:         -               720M (48%)         182M (12%)          35M (2%)             -                  -          
[2026-04-03T02:34:39.113+0600][45.794s][info][gc,heap     ] GC(53) Reclaimed:         -                  -               538M (36%)         685M (46%)            -                  -          
[2026-04-03T02:34:39.113+0600][45.794s][info][gc          ] GC(53) Garbage Collection (Allocation Rate) 834M(56%)->708M(47%)
[2026-04-03T02:34:39.121+0600][45.802s][info][gc,start    ] GC(54) Garbage Collection (Allocation Rate)
[2026-04-03T02:34:39.121+0600][45.802s][info][gc,task     ] GC(54) Using 2 workers
[2026-04-03T02:34:39.121+0600][45.803s][info][gc,phases   ] GC(54) Pause Mark Start 0.018ms
[2026-04-03T02:34:39.277+0600][45.959s][info][gc,phases   ] GC(54) Concurrent Mark 156.002ms
[2026-04-03T02:34:39.278+0600][45.959s][info][gc,phases   ] GC(54) Pause Mark End 0.055ms
[2026-04-03T02:34:39.278+0600][45.960s][info][gc,phases   ] GC(54) Concurrent Mark Free 0.003ms
[2026-04-03T02:34:39.304+0600][45.986s][info][gc,phases   ] GC(54) Concurrent Process Non-Strong References 26.363ms
[2026-04-03T02:34:39.305+0600][45.986s][info][gc,phases   ] GC(54) Concurrent Reset Relocation Set 0.009ms
[2026-04-03T02:34:39.309+0600][45.990s][info][gc,phases   ] GC(54) Concurrent Select Relocation Set 4.107ms
[2026-04-03T02:34:39.309+0600][45.991s][info][gc,phases   ] GC(54) Pause Relocate Start 0.025ms
[2026-04-03T02:34:39.325+0600][46.007s][info][gc,phases   ] GC(54) Concurrent Relocate 12.822ms
[2026-04-03T02:34:39.325+0600][46.007s][info][gc,load     ] GC(54) Load: 5.98/5.76/5.82
[2026-04-03T02:34:39.325+0600][46.007s][info][gc,mmu      ] GC(54) MMU: 2ms/89.3%, 5ms/95.7%, 10ms/97.9%, 20ms/98.9%, 50ms/99.6%, 100ms/99.8%
[2026-04-03T02:34:39.325+0600][46.007s][info][gc,marking  ] GC(54) Mark: 2 stripe(s), 5 proactive flush(es), 1 terminate flush(es), 0 completion(s), 0 continuation(s) 
[2026-04-03T02:34:39.325+0600][46.007s][info][gc,marking  ] GC(54) Mark Stack Usage: 32M
[2026-04-03T02:34:39.325+0600][46.007s][info][gc,nmethod  ] GC(54) NMethods: 14547 registered, 1777 unregistered
[2026-04-03T02:34:39.325+0600][46.007s][info][gc,metaspace] GC(54) Metaspace: 127M used, 128M committed, 1152M reserved
[2026-04-03T02:34:39.325+0600][46.007s][info][gc,ref      ] GC(54) Soft: 3357 encountered, 0 discovered, 0 enqueued
[2026-04-03T02:34:39.325+0600][46.007s][info][gc,ref      ] GC(54) Weak: 14744 encountered, 3664 discovered, 222 enqueued
[2026-04-03T02:34:39.325+0600][46.007s][info][gc,ref      ] GC(54) Final: 84 encountered, 0 discovered, 0 enqueued
[2026-04-03T02:34:39.325+0600][46.007s][info][gc,ref      ] GC(54) Phantom: 620 encountered, 297 discovered, 0 enqueued
[2026-04-03T02:34:39.325+0600][46.007s][info][gc,reloc    ] GC(54) Small Pages: 117 / 234M, Empty: 12M, Relocated: 10M, In-Place: 0
[2026-04-03T02:34:39.325+0600][46.007s][info][gc,reloc    ] GC(54) Medium Pages: 2 / 64M, Empty: 32M, Relocated: 0M, In-Place: 0
[2026-04-03T02:34:39.325+0600][46.007s][info][gc,reloc    ] GC(54) Large Pages: 70 / 420M, Empty: 420M, Relocated: 0M, In-Place: 0
[2026-04-03T02:34:39.325+0600][46.007s][info][gc,reloc    ] GC(54) Forwarding Usage: 3M
[2026-04-03T02:34:39.325+0600][46.007s][info][gc,heap     ] GC(54) Min Capacity: 8M(1%)
[2026-04-03T02:34:39.325+0600][46.007s][info][gc,heap     ] GC(54) Max Capacity: 1500M(100%)
[2026-04-03T02:34:39.325+0600][46.007s][info][gc,heap     ] GC(54) Soft Max Capacity: 1500M(100%)
[2026-04-03T02:34:39.325+0600][46.007s][info][gc,heap     ] GC(54)                Mark Start          Mark End        Relocate Start      Relocate End           High               Low         
[2026-04-03T02:34:39.325+0600][46.007s][info][gc,heap     ] GC(54)  Capacity:     1500M (100%)       1500M (100%)       1500M (100%)       1500M (100%)       1500M (100%)       1500M (100%)   
[2026-04-03T02:34:39.325+0600][46.007s][info][gc,heap     ] GC(54)      Free:      782M (52%)         626M (42%)        1064M (71%)        1148M (77%)        1174M (78%)         604M (40%)    
[2026-04-03T02:34:39.325+0600][46.007s][info][gc,heap     ] GC(54)      Used:      718M (48%)         874M (58%)         436M (29%)         352M (23%)         896M (60%)         326M (22%)    
[2026-04-03T02:34:39.325+0600][46.007s][info][gc,heap     ] GC(54)      Live:         -               100M (7%)          100M (7%)          100M (7%)             -                  -          
[2026-04-03T02:34:39.325+0600][46.007s][info][gc,heap     ] GC(54) Allocated:         -               156M (10%)         182M (12%)         215M (14%)            -                  -          
[2026-04-03T02:34:39.325+0600][46.007s][info][gc,heap     ] GC(54)   Garbage:         -               617M (41%)         153M (10%)          35M (2%)             -                  -          
[2026-04-03T02:34:39.325+0600][46.007s][info][gc,heap     ] GC(54) Reclaimed:         -                  -               464M (31%)         581M (39%)            -                  -          
[2026-04-03T02:34:39.325+0600][46.007s][info][gc          ] GC(54) Garbage Collection (Allocation Rate) 718M(48%)->352M(23%)
[2026-04-03T02:34:39.421+0600][46.103s][info][gc,start    ] GC(55) Garbage Collection (Allocation Rate)
[2026-04-03T02:34:39.421+0600][46.103s][info][gc,task     ] GC(55) Using 2 workers
[2026-04-03T02:34:39.421+0600][46.103s][info][gc,phases   ] GC(55) Pause Mark Start 0.007ms
[2026-04-03T02:34:39.522+0600][46.203s][info][gc,phases   ] GC(55) Concurrent Mark 100.310ms
[2026-04-03T02:34:39.522+0600][46.203s][info][gc,phases   ] GC(55) Pause Mark End 0.024ms
[2026-04-03T02:34:39.522+0600][46.204s][info][gc,phases   ] GC(55) Concurrent Mark Free 0.002ms
[2026-04-03T02:34:39.558+0600][46.239s][info][gc,phases   ] GC(55) Concurrent Process Non-Strong References 35.417ms
[2026-04-03T02:34:39.558+0600][46.239s][info][gc,phases   ] GC(55) Concurrent Reset Relocation Set 0.005ms
[2026-04-03T02:34:39.560+0600][46.242s][info][gc,phases   ] GC(55) Concurrent Select Relocation Set 2.826ms
[2026-04-03T02:34:39.561+0600][46.242s][info][gc,phases   ] GC(55) Pause Relocate Start 0.011ms
[2026-04-03T02:34:39.566+0600][46.247s][info][gc,phases   ] GC(55) Concurrent Relocate 4.826ms
[2026-04-03T02:34:39.566+0600][46.247s][info][gc,load     ] GC(55) Load: 5.98/5.76/5.82
[2026-04-03T02:34:39.566+0600][46.247s][info][gc,mmu      ] GC(55) MMU: 2ms/89.3%, 5ms/95.7%, 10ms/97.9%, 20ms/98.9%, 50ms/99.6%, 100ms/99.8%
[2026-04-03T02:34:39.566+0600][46.247s][info][gc,marking  ] GC(55) Mark: 2 stripe(s), 2 proactive flush(es), 1 terminate flush(es), 0 completion(s), 0 continuation(s) 
[2026-04-03T02:34:39.566+0600][46.247s][info][gc,marking  ] GC(55) Mark Stack Usage: 32M
[2026-04-03T02:34:39.566+0600][46.247s][info][gc,nmethod  ] GC(55) NMethods: 14561 registered, 1781 unregistered
[2026-04-03T02:34:39.566+0600][46.247s][info][gc,metaspace] GC(55) Metaspace: 127M used, 128M committed, 1152M reserved
[2026-04-03T02:34:39.566+0600][46.247s][info][gc,ref      ] GC(55) Soft: 3360 encountered, 0 discovered, 0 enqueued
[2026-04-03T02:34:39.566+0600][46.247s][info][gc,ref      ] GC(55) Weak: 14784 encountered, 4485 discovered, 420 enqueued
[2026-04-03T02:34:39.566+0600][46.247s][info][gc,ref      ] GC(55) Final: 84 encountered, 0 discovered, 0 enqueued
[2026-04-03T02:34:39.566+0600][46.247s][info][gc,ref      ] GC(55) Phantom: 620 encountered, 372 discovered, 0 enqueued
[2026-04-03T02:34:39.566+0600][46.247s][info][gc,reloc    ] GC(55) Small Pages: 138 / 276M, Empty: 28M, Relocated: 5M, In-Place: 0
[2026-04-03T02:34:39.566+0600][46.247s][info][gc,reloc    ] GC(55) Medium Pages: 3 / 96M, Empty: 64M, Relocated: 0M, In-Place: 0
[2026-04-03T02:34:39.566+0600][46.247s][info][gc,reloc    ] GC(55) Large Pages: 5 / 30M, Empty: 30M, Relocated: 0M, In-Place: 0
[2026-04-03T02:34:39.566+0600][46.247s][info][gc,reloc    ] GC(55) Forwarding Usage: 1M
[2026-04-03T02:34:39.566+0600][46.247s][info][gc,heap     ] GC(55) Min Capacity: 8M(1%)
[2026-04-03T02:34:39.566+0600][46.247s][info][gc,heap     ] GC(55) Max Capacity: 1500M(100%)
[2026-04-03T02:34:39.566+0600][46.247s][info][gc,heap     ] GC(55) Soft Max Capacity: 1500M(100%)
[2026-04-03T02:34:39.566+0600][46.247s][info][gc,heap     ] GC(55)                Mark Start          Mark End        Relocate Start      Relocate End           High               Low         
[2026-04-03T02:34:39.566+0600][46.247s][info][gc,heap     ] GC(55)  Capacity:     1500M (100%)       1500M (100%)       1500M (100%)       1500M (100%)       1500M (100%)       1500M (100%)   
[2026-04-03T02:34:39.566+0600][46.248s][info][gc,heap     ] GC(55)      Free:     1098M (73%)        1046M (70%)        1136M (76%)        1272M (85%)        1274M (85%)        1016M (68%)    
[2026-04-03T02:34:39.566+0600][46.248s][info][gc,heap     ] GC(55)      Used:      402M (27%)         454M (30%)         364M (24%)         228M (15%)         484M (32%)         226M (15%)    
[2026-04-03T02:34:39.566+0600][46.248s][info][gc,heap     ] GC(55)      Live:         -               101M (7%)          101M (7%)          101M (7%)             -                  -          
[2026-04-03T02:34:39.566+0600][46.248s][info][gc,heap     ] GC(55) Allocated:         -                52M (3%)           84M (6%)           89M (6%)             -                  -          
[2026-04-03T02:34:39.566+0600][46.248s][info][gc,heap     ] GC(55)   Garbage:         -               300M (20%)         178M (12%)          36M (2%)             -                  -          
[2026-04-03T02:34:39.566+0600][46.248s][info][gc,heap     ] GC(55) Reclaimed:         -                  -               122M (8%)          263M (18%)            -                  -          
[2026-04-03T02:34:39.566+0600][46.248s][info][gc          ] GC(55) Garbage Collection (Allocation Rate) 402M(27%)->228M(15%)
[2026-04-03T02:34:39.922+0600][46.603s][info][gc,start    ] GC(56) Garbage Collection (Allocation Rate)
[2026-04-03T02:34:39.922+0600][46.603s][info][gc,task     ] GC(56) Using 2 workers
[2026-04-03T02:34:39.922+0600][46.604s][info][gc,phases   ] GC(56) Pause Mark Start 0.016ms
[2026-04-03T02:34:40.086+0600][46.767s][info][gc,phases   ] GC(56) Concurrent Mark 163.261ms
[2026-04-03T02:34:40.086+0600][46.767s][info][gc,phases   ] GC(56) Pause Mark End 0.037ms
[2026-04-03T02:34:40.086+0600][46.768s][info][gc,phases   ] GC(56) Concurrent Mark Free 0.003ms
[2026-04-03T02:34:40.116+0600][46.798s][info][gc,phases   ] GC(56) Concurrent Process Non-Strong References 29.889ms
[2026-04-03T02:34:40.116+0600][46.798s][info][gc,phases   ] GC(56) Concurrent Reset Relocation Set 0.010ms
[2026-04-03T02:34:40.120+0600][46.802s][info][gc,phases   ] GC(56) Concurrent Select Relocation Set 4.108ms
[2026-04-03T02:34:40.121+0600][46.802s][info][gc,phases   ] GC(56) Pause Relocate Start 0.014ms
[2026-04-03T02:34:40.125+0600][46.807s][info][gc,phases   ] GC(56) Concurrent Relocate 4.289ms
[2026-04-03T02:34:40.125+0600][46.807s][info][gc,load     ] GC(56) Load: 6.22/5.81/5.84
[2026-04-03T02:34:40.125+0600][46.807s][info][gc,mmu      ] GC(56) MMU: 2ms/89.3%, 5ms/95.7%, 10ms/97.9%, 20ms/98.9%, 50ms/99.6%, 100ms/99.8%
[2026-04-03T02:34:40.125+0600][46.807s][info][gc,marking  ] GC(56) Mark: 2 stripe(s), 2 proactive flush(es), 1 terminate flush(es), 0 completion(s), 0 continuation(s) 
[2026-04-03T02:34:40.125+0600][46.807s][info][gc,marking  ] GC(56) Mark Stack Usage: 32M
[2026-04-03T02:34:40.125+0600][46.807s][info][gc,nmethod  ] GC(56) NMethods: 14578 registered, 1797 unregistered
[2026-04-03T02:34:40.125+0600][46.807s][info][gc,metaspace] GC(56) Metaspace: 127M used, 128M committed, 1152M reserved
[2026-04-03T02:34:40.125+0600][46.807s][info][gc,ref      ] GC(56) Soft: 3364 encountered, 0 discovered, 0 enqueued
[2026-04-03T02:34:40.125+0600][46.807s][info][gc,ref      ] GC(56) Weak: 15005 encountered, 5382 discovered, 31 enqueued
[2026-04-03T02:34:40.125+0600][46.807s][info][gc,ref      ] GC(56) Final: 84 encountered, 0 discovered, 0 enqueued
[2026-04-03T02:34:40.125+0600][46.807s][info][gc,ref      ] GC(56) Phantom: 620 encountered, 293 discovered, 0 enqueued
[2026-04-03T02:34:40.125+0600][46.807s][info][gc,reloc    ] GC(56) Small Pages: 258 / 516M, Empty: 108M, Relocated: 5M, In-Place: 0
[2026-04-03T02:34:40.125+0600][46.807s][info][gc,reloc    ] GC(56) Medium Pages: 3 / 96M, Empty: 64M, Relocated: 0M, In-Place: 0
[2026-04-03T02:34:40.125+0600][46.807s][info][gc,reloc    ] GC(56) Large Pages: 8 / 48M, Empty: 48M, Relocated: 0M, In-Place: 0
[2026-04-03T02:34:40.125+0600][46.807s][info][gc,reloc    ] GC(56) Forwarding Usage: 1M
[2026-04-03T02:34:40.125+0600][46.807s][info][gc,heap     ] GC(56) Min Capacity: 8M(1%)
[2026-04-03T02:34:40.125+0600][46.807s][info][gc,heap     ] GC(56) Max Capacity: 1500M(100%)
[2026-04-03T02:34:40.125+0600][46.807s][info][gc,heap     ] GC(56) Soft Max Capacity: 1500M(100%)
[2026-04-03T02:34:40.125+0600][46.807s][info][gc,heap     ] GC(56)                Mark Start          Mark End        Relocate Start      Relocate End           High               Low         
[2026-04-03T02:34:40.125+0600][46.807s][info][gc,heap     ] GC(56)  Capacity:     1500M (100%)       1500M (100%)       1500M (100%)       1500M (100%)       1500M (100%)       1500M (100%)   
[2026-04-03T02:34:40.125+0600][46.807s][info][gc,heap     ] GC(56)      Free:      840M (56%)         642M (43%)         806M (54%)        1102M (73%)        1102M (73%)         538M (36%)    
[2026-04-03T02:34:40.125+0600][46.807s][info][gc,heap     ] GC(56)      Used:      660M (44%)         858M (57%)         694M (46%)         398M (27%)         962M (64%)         398M (27%)    
[2026-04-03T02:34:40.125+0600][46.807s][info][gc,heap     ] GC(56)      Live:         -               103M (7%)          103M (7%)          103M (7%)             -                  -          
[2026-04-03T02:34:40.125+0600][46.807s][info][gc,heap     ] GC(56) Allocated:         -               198M (13%)         254M (17%)         259M (17%)            -                  -          
[2026-04-03T02:34:40.125+0600][46.807s][info][gc,heap     ] GC(56)   Garbage:         -               556M (37%)         336M (22%)          34M (2%)             -                  -          
[2026-04-03T02:34:40.125+0600][46.807s][info][gc,heap     ] GC(56) Reclaimed:         -                  -               220M (15%)         521M (35%)            -                  -          
[2026-04-03T02:34:40.125+0600][46.807s][info][gc          ] GC(56) Garbage Collection (Allocation Rate) 660M(44%)->398M(27%)
[2026-04-03T02:34:40.221+0600][46.903s][info][gc,start    ] GC(57) Garbage Collection (Allocation Rate)
[2026-04-03T02:34:40.221+0600][46.903s][info][gc,task     ] GC(57) Using 2 workers
[2026-04-03T02:34:40.221+0600][46.903s][info][gc,phases   ] GC(57) Pause Mark Start 0.016ms
[2026-04-03T02:34:40.386+0600][47.068s][info][gc,phases   ] GC(57) Concurrent Mark 164.697ms
[2026-04-03T02:34:40.386+0600][47.068s][info][gc,phases   ] GC(57) Pause Mark End 0.031ms
[2026-04-03T02:34:40.387+0600][47.068s][info][gc,phases   ] GC(57) Concurrent Mark Free 0.003ms
[2026-04-03T02:34:40.409+0600][47.091s][info][gc,phases   ] GC(57) Concurrent Process Non-Strong References 22.535ms
[2026-04-03T02:34:40.412+0600][47.094s][info][gc,phases   ] GC(57) Concurrent Reset Relocation Set 0.011ms
[2026-04-03T02:34:40.415+0600][47.096s][info][gc,phases   ] GC(57) Concurrent Select Relocation Set 2.765ms
[2026-04-03T02:34:40.415+0600][47.097s][info][gc,phases   ] GC(57) Pause Relocate Start 0.012ms
[2026-04-03T02:34:40.420+0600][47.101s][info][gc,phases   ] GC(57) Concurrent Relocate 4.166ms
[2026-04-03T02:34:40.420+0600][47.101s][info][gc,load     ] GC(57) Load: 6.22/5.81/5.84
[2026-04-03T02:34:40.420+0600][47.101s][info][gc,mmu      ] GC(57) MMU: 2ms/89.3%, 5ms/95.7%, 10ms/97.9%, 20ms/98.9%, 50ms/99.6%, 100ms/99.8%
[2026-04-03T02:34:40.420+0600][47.101s][info][gc,marking  ] GC(57) Mark: 2 stripe(s), 2 proactive flush(es), 1 terminate flush(es), 0 completion(s), 0 continuation(s) 
[2026-04-03T02:34:40.420+0600][47.101s][info][gc,marking  ] GC(57) Mark Stack Usage: 32M
[2026-04-03T02:34:40.420+0600][47.101s][info][gc,nmethod  ] GC(57) NMethods: 14583 registered, 1803 unregistered
[2026-04-03T02:34:40.420+0600][47.101s][info][gc,metaspace] GC(57) Metaspace: 127M used, 128M committed, 1152M reserved
[2026-04-03T02:34:40.420+0600][47.101s][info][gc,ref      ] GC(57) Soft: 3365 encountered, 0 discovered, 0 enqueued
[2026-04-03T02:34:40.420+0600][47.101s][info][gc,ref      ] GC(57) Weak: 15480 encountered, 4514 discovered, 15 enqueued
[2026-04-03T02:34:40.420+0600][47.101s][info][gc,ref      ] GC(57) Final: 84 encountered, 0 discovered, 0 enqueued
[2026-04-03T02:34:40.420+0600][47.101s][info][gc,ref      ] GC(57) Phantom: 620 encountered, 283 discovered, 0 enqueued
[2026-04-03T02:34:40.420+0600][47.101s][info][gc,reloc    ] GC(57) Small Pages: 182 / 364M, Empty: 96M, Relocated: 4M, In-Place: 0
[2026-04-03T02:34:40.420+0600][47.101s][info][gc,reloc    ] GC(57) Medium Pages: 3 / 96M, Empty: 64M, Relocated: 0M, In-Place: 0
[2026-04-03T02:34:40.420+0600][47.101s][info][gc,reloc    ] GC(57) Large Pages: 7 / 42M, Empty: 42M, Relocated: 0M, In-Place: 0
[2026-04-03T02:34:40.420+0600][47.101s][info][gc,reloc    ] GC(57) Forwarding Usage: 0M
[2026-04-03T02:34:40.420+0600][47.101s][info][gc,heap     ] GC(57) Min Capacity: 8M(1%)
[2026-04-03T02:34:40.420+0600][47.101s][info][gc,heap     ] GC(57) Max Capacity: 1500M(100%)
[2026-04-03T02:34:40.420+0600][47.101s][info][gc,heap     ] GC(57) Soft Max Capacity: 1500M(100%)
[2026-04-03T02:34:40.420+0600][47.101s][info][gc,heap     ] GC(57)                Mark Start          Mark End        Relocate Start      Relocate End           High               Low         
[2026-04-03T02:34:40.420+0600][47.101s][info][gc,heap     ] GC(57)  Capacity:     1500M (100%)       1500M (100%)       1500M (100%)       1500M (100%)       1500M (100%)       1500M (100%)   
[2026-04-03T02:34:40.420+0600][47.101s][info][gc,heap     ] GC(57)      Free:      998M (67%)         788M (53%)         978M (65%)        1090M (73%)        1122M (75%)         776M (52%)    
[2026-04-03T02:34:40.420+0600][47.101s][info][gc,heap     ] GC(57)      Used:      502M (33%)         712M (47%)         522M (35%)         410M (27%)         724M (48%)         378M (25%)    
[2026-04-03T02:34:40.420+0600][47.101s][info][gc,heap     ] GC(57)      Live:         -               105M (7%)          105M (7%)          105M (7%)             -                  -          
[2026-04-03T02:34:40.420+0600][47.101s][info][gc,heap     ] GC(57) Allocated:         -               210M (14%)         222M (15%)         265M (18%)            -                  -          
[2026-04-03T02:34:40.420+0600][47.102s][info][gc,heap     ] GC(57)   Garbage:         -               396M (26%)         194M (13%)          38M (3%)             -                  -          
[2026-04-03T02:34:40.420+0600][47.102s][info][gc,heap     ] GC(57) Reclaimed:         -                  -               202M (13%)         357M (24%)            -                  -          
[2026-04-03T02:34:40.420+0600][47.102s][info][gc          ] GC(57) Garbage Collection (Allocation Rate) 502M(33%)->410M(27%)
[2026-04-03T02:34:40.721+0600][47.403s][info][gc,start    ] GC(58) Garbage Collection (Allocation Rate)
[2026-04-03T02:34:40.722+0600][47.403s][info][gc,task     ] GC(58) Using 2 workers
[2026-04-03T02:34:40.722+0600][47.403s][info][gc,phases   ] GC(58) Pause Mark Start 0.013ms
[2026-04-03T02:34:40.884+0600][47.565s][info][gc,phases   ] GC(58) Concurrent Mark 161.738ms
[2026-04-03T02:34:40.884+0600][47.565s][info][gc,phases   ] GC(58) Pause Mark End 0.033ms
[2026-04-03T02:34:40.884+0600][47.565s][info][gc,phases   ] GC(58) Concurrent Mark Free 0.003ms
[2026-04-03T02:34:40.913+0600][47.595s][info][gc,phases   ] GC(58) Concurrent Process Non-Strong References 29.306ms
[2026-04-03T02:34:40.913+0600][47.595s][info][gc,phases   ] GC(58) Concurrent Reset Relocation Set 0.013ms
[2026-04-03T02:34:40.917+0600][47.599s][info][gc,phases   ] GC(58) Concurrent Select Relocation Set 3.754ms
[2026-04-03T02:34:40.917+0600][47.599s][info][gc,phases   ] GC(58) Pause Relocate Start 0.015ms
[2026-04-03T02:34:40.925+0600][47.606s][info][gc,phases   ] GC(58) Concurrent Relocate 7.124ms
[2026-04-03T02:34:40.925+0600][47.606s][info][gc,load     ] GC(58) Load: 6.22/5.81/5.84
[2026-04-03T02:34:40.925+0600][47.606s][info][gc,mmu      ] GC(58) MMU: 2ms/89.3%, 5ms/95.7%, 10ms/97.9%, 20ms/98.9%, 50ms/99.6%, 100ms/99.8%
[2026-04-03T02:34:40.925+0600][47.606s][info][gc,marking  ] GC(58) Mark: 2 stripe(s), 6 proactive flush(es), 1 terminate flush(es), 0 completion(s), 0 continuation(s) 
[2026-04-03T02:34:40.925+0600][47.606s][info][gc,marking  ] GC(58) Mark Stack Usage: 32M
[2026-04-03T02:34:40.925+0600][47.606s][info][gc,nmethod  ] GC(58) NMethods: 14609 registered, 1817 unregistered
[2026-04-03T02:34:40.925+0600][47.606s][info][gc,metaspace] GC(58) Metaspace: 127M used, 128M committed, 1152M reserved
[2026-04-03T02:34:40.925+0600][47.606s][info][gc,ref      ] GC(58) Soft: 3360 encountered, 0 discovered, 0 enqueued
[2026-04-03T02:34:40.925+0600][47.606s][info][gc,ref      ] GC(58) Weak: 16420 encountered, 6734 discovered, 1717 enqueued
[2026-04-03T02:34:40.925+0600][47.606s][info][gc,ref      ] GC(58) Final: 84 encountered, 0 discovered, 0 enqueued
[2026-04-03T02:34:40.925+0600][47.606s][info][gc,ref      ] GC(58) Phantom: 620 encountered, 293 discovered, 0 enqueued
[2026-04-03T02:34:40.925+0600][47.606s][info][gc,reloc    ] GC(58) Small Pages: 274 / 548M, Empty: 152M, Relocated: 4M, In-Place: 0
[2026-04-03T02:34:40.925+0600][47.606s][info][gc,reloc    ] GC(58) Medium Pages: 4 / 128M, Empty: 96M, Relocated: 0M, In-Place: 0
[2026-04-03T02:34:40.925+0600][47.606s][info][gc,reloc    ] GC(58) Large Pages: 12 / 72M, Empty: 72M, Relocated: 0M, In-Place: 0
[2026-04-03T02:34:40.925+0600][47.607s][info][gc,reloc    ] GC(58) Forwarding Usage: 1M
[2026-04-03T02:34:40.925+0600][47.607s][info][gc,heap     ] GC(58) Min Capacity: 8M(1%)
[2026-04-03T02:34:40.925+0600][47.607s][info][gc,heap     ] GC(58) Max Capacity: 1500M(100%)
[2026-04-03T02:34:40.925+0600][47.607s][info][gc,heap     ] GC(58) Soft Max Capacity: 1500M(100%)
[2026-04-03T02:34:40.925+0600][47.607s][info][gc,heap     ] GC(58)                Mark Start          Mark End        Relocate Start      Relocate End           High               Low         
[2026-04-03T02:34:40.925+0600][47.607s][info][gc,heap     ] GC(58)  Capacity:     1500M (100%)       1500M (100%)       1500M (100%)       1500M (100%)       1500M (100%)       1500M (100%)   
[2026-04-03T02:34:40.925+0600][47.607s][info][gc,heap     ] GC(58)      Free:      752M (50%)         528M (35%)         790M (53%)        1056M (70%)        1066M (71%)         484M (32%)    
[2026-04-03T02:34:40.925+0600][47.607s][info][gc,heap     ] GC(58)      Used:      748M (50%)         972M (65%)         710M (47%)         444M (30%)        1016M (68%)         434M (29%)    
[2026-04-03T02:34:40.925+0600][47.607s][info][gc,heap     ] GC(58)      Live:         -               103M (7%)          103M (7%)          103M (7%)             -                  -          
[2026-04-03T02:34:40.925+0600][47.607s][info][gc,heap     ] GC(58) Allocated:         -               224M (15%)         282M (19%)         301M (20%)            -                  -          
[2026-04-03T02:34:40.925+0600][47.607s][info][gc,heap     ] GC(58)   Garbage:         -               644M (43%)         324M (22%)          38M (3%)             -                  -          
[2026-04-03T02:34:40.925+0600][47.607s][info][gc,heap     ] GC(58) Reclaimed:         -                  -               320M (21%)         605M (40%)            -                  -          
[2026-04-03T02:34:40.925+0600][47.607s][info][gc          ] GC(58) Garbage Collection (Allocation Rate) 748M(50%)->444M(30%)
[2026-04-03T02:34:41.321+0600][48.003s][info][gc,start    ] GC(59) Garbage Collection (Allocation Rate)
[2026-04-03T02:34:41.321+0600][48.003s][info][gc,task     ] GC(59) Using 2 workers
[2026-04-03T02:34:41.321+0600][48.003s][info][gc,phases   ] GC(59) Pause Mark Start 0.015ms
[2026-04-03T02:34:41.463+0600][48.145s][info][gc,phases   ] GC(59) Concurrent Mark 141.536ms
[2026-04-03T02:34:41.463+0600][48.145s][info][gc,phases   ] GC(59) Pause Mark End 0.029ms
[2026-04-03T02:34:41.464+0600][48.145s][info][gc,phases   ] GC(59) Concurrent Mark Free 0.002ms
[2026-04-03T02:34:41.529+0600][48.211s][info][gc,phases   ] GC(59) Concurrent Process Non-Strong References 65.512ms
[2026-04-03T02:34:41.529+0600][48.211s][info][gc,phases   ] GC(59) Concurrent Reset Relocation Set 0.019ms
[2026-04-03T02:34:41.535+0600][48.217s][info][gc,phases   ] GC(59) Concurrent Select Relocation Set 6.008ms
[2026-04-03T02:34:41.536+0600][48.217s][info][gc,phases   ] GC(59) Pause Relocate Start 0.020ms
[2026-04-03T02:34:41.547+0600][48.229s][info][gc,phases   ] GC(59) Concurrent Relocate 11.073ms
[2026-04-03T02:34:41.547+0600][48.229s][info][gc,load     ] GC(59) Load: 6.22/5.81/5.84
[2026-04-03T02:34:41.547+0600][48.229s][info][gc,mmu      ] GC(59) MMU: 2ms/89.3%, 5ms/95.7%, 10ms/97.9%, 20ms/98.9%, 50ms/99.6%, 100ms/99.8%
[2026-04-03T02:34:41.547+0600][48.229s][info][gc,marking  ] GC(59) Mark: 2 stripe(s), 2 proactive flush(es), 1 terminate flush(es), 0 completion(s), 0 continuation(s) 
[2026-04-03T02:34:41.547+0600][48.229s][info][gc,marking  ] GC(59) Mark Stack Usage: 32M
[2026-04-03T02:34:41.547+0600][48.229s][info][gc,nmethod  ] GC(59) NMethods: 14680 registered, 1847 unregistered
[2026-04-03T02:34:41.548+0600][48.229s][info][gc,metaspace] GC(59) Metaspace: 127M used, 129M committed, 1152M reserved
[2026-04-03T02:34:41.548+0600][48.229s][info][gc,ref      ] GC(59) Soft: 3439 encountered, 0 discovered, 0 enqueued
[2026-04-03T02:34:41.548+0600][48.229s][info][gc,ref      ] GC(59) Weak: 15440 encountered, 6965 discovered, 887 enqueued
[2026-04-03T02:34:41.548+0600][48.229s][info][gc,ref      ] GC(59) Final: 84 encountered, 0 discovered, 0 enqueued
[2026-04-03T02:34:41.548+0600][48.229s][info][gc,ref      ] GC(59) Phantom: 620 encountered, 377 discovered, 0 enqueued
[2026-04-03T02:34:41.548+0600][48.229s][info][gc,reloc    ] GC(59) Small Pages: 419 / 838M, Empty: 540M, Relocated: 3M, In-Place: 0
[2026-04-03T02:34:41.548+0600][48.229s][info][gc,reloc    ] GC(59) Medium Pages: 3 / 96M, Empty: 32M, Relocated: 9M, In-Place: 0
[2026-04-03T02:34:41.548+0600][48.229s][info][gc,reloc    ] GC(59) Large Pages: 9 / 54M, Empty: 54M, Relocated: 0M, In-Place: 0
[2026-04-03T02:34:41.548+0600][48.229s][info][gc,reloc    ] GC(59) Forwarding Usage: 0M
[2026-04-03T02:34:41.548+0600][48.229s][info][gc,heap     ] GC(59) Min Capacity: 8M(1%)
[2026-04-03T02:34:41.548+0600][48.229s][info][gc,heap     ] GC(59) Max Capacity: 1500M(100%)
[2026-04-03T02:34:41.548+0600][48.229s][info][gc,heap     ] GC(59) Soft Max Capacity: 1500M(100%)
[2026-04-03T02:34:41.548+0600][48.229s][info][gc,heap     ] GC(59)                Mark Start          Mark End        Relocate Start      Relocate End           High               Low         
[2026-04-03T02:34:41.548+0600][48.229s][info][gc,heap     ] GC(59)  Capacity:     1500M (100%)       1500M (100%)       1500M (100%)       1500M (100%)       1500M (100%)       1500M (100%)   
[2026-04-03T02:34:41.548+0600][48.229s][info][gc,heap     ] GC(59)      Free:      512M (34%)         424M (28%)        1008M (67%)        1212M (81%)        1212M (81%)         386M (26%)    
[2026-04-03T02:34:41.548+0600][48.229s][info][gc,heap     ] GC(59)      Used:      988M (66%)        1076M (72%)         492M (33%)         288M (19%)        1114M (74%)         288M (19%)    
[2026-04-03T02:34:41.548+0600][48.229s][info][gc,heap     ] GC(59)      Live:         -               104M (7%)          104M (7%)          104M (7%)             -                  -          
[2026-04-03T02:34:41.548+0600][48.229s][info][gc,heap     ] GC(59) Allocated:         -                88M (6%)          130M (9%)          147M (10%)            -                  -          
[2026-04-03T02:34:41.548+0600][48.229s][info][gc,heap     ] GC(59)   Garbage:         -               883M (59%)         257M (17%)          35M (2%)             -                  -          
[2026-04-03T02:34:41.548+0600][48.229s][info][gc,heap     ] GC(59) Reclaimed:         -                  -               626M (42%)         847M (57%)            -                  -          
[2026-04-03T02:34:41.548+0600][48.229s][info][gc          ] GC(59) Garbage Collection (Allocation Rate) 988M(66%)->288M(19%)
[2026-04-03T02:34:41.683+0600][48.365s][info][gc,start    ] GC(60) Garbage Collection (System.gc())
[2026-04-03T02:34:41.683+0600][48.365s][info][gc,task     ] GC(60) Using 3 workers
[2026-04-03T02:34:41.683+0600][48.365s][info][gc,phases   ] GC(60) Pause Mark Start 0.010ms
[2026-04-03T02:34:41.775+0600][48.457s][info][gc,phases   ] GC(60) Concurrent Mark 91.901ms
[2026-04-03T02:34:41.776+0600][48.457s][info][gc,phases   ] GC(60) Pause Mark End 0.029ms
[2026-04-03T02:34:41.776+0600][48.457s][info][gc,phases   ] GC(60) Concurrent Mark Free 0.001ms
[2026-04-03T02:34:41.810+0600][48.491s][info][gc,phases   ] GC(60) Concurrent Process Non-Strong References 33.808ms
[2026-04-03T02:34:41.810+0600][48.491s][info][gc,phases   ] GC(60) Concurrent Reset Relocation Set 0.007ms
[2026-04-03T02:34:41.812+0600][48.494s][info][gc,phases   ] GC(60) Concurrent Select Relocation Set 2.645ms
[2026-04-03T02:34:41.812+0600][48.494s][info][gc,phases   ] GC(60) Pause Relocate Start 0.013ms
[2026-04-03T02:34:41.818+0600][48.499s][info][gc,phases   ] GC(60) Concurrent Relocate 4.955ms
[2026-04-03T02:34:41.818+0600][48.499s][info][gc,load     ] GC(60) Load: 6.22/5.81/5.84
[2026-04-03T02:34:41.818+0600][48.499s][info][gc,mmu      ] GC(60) MMU: 2ms/89.3%, 5ms/95.7%, 10ms/97.9%, 20ms/98.9%, 50ms/99.6%, 100ms/99.8%
[2026-04-03T02:34:41.818+0600][48.499s][info][gc,marking  ] GC(60) Mark: 2 stripe(s), 2 proactive flush(es), 1 terminate flush(es), 0 completion(s), 0 continuation(s) 
[2026-04-03T02:34:41.818+0600][48.499s][info][gc,marking  ] GC(60) Mark Stack Usage: 32M
[2026-04-03T02:34:41.818+0600][48.499s][info][gc,nmethod  ] GC(60) NMethods: 14693 registered, 1886 unregistered
[2026-04-03T02:34:41.818+0600][48.499s][info][gc,metaspace] GC(60) Metaspace: 127M used, 129M committed, 1152M reserved
[2026-04-03T02:34:41.818+0600][48.499s][info][gc,ref      ] GC(60) Soft: 3457 encountered, 0 discovered, 0 enqueued
[2026-04-03T02:34:41.818+0600][48.499s][info][gc,ref      ] GC(60) Weak: 14971 encountered, 4689 discovered, 489 enqueued
[2026-04-03T02:34:41.818+0600][48.499s][info][gc,ref      ] GC(60) Final: 84 encountered, 0 discovered, 0 enqueued
[2026-04-03T02:34:41.818+0600][48.499s][info][gc,ref      ] GC(60) Phantom: 620 encountered, 559 discovered, 0 enqueued
[2026-04-03T02:34:41.818+0600][48.499s][info][gc,reloc    ] GC(60) Small Pages: 175 / 350M, Empty: 82M, Relocated: 6M, In-Place: 0
[2026-04-03T02:34:41.818+0600][48.499s][info][gc,reloc    ] GC(60) Medium Pages: 3 / 96M, Empty: 64M, Relocated: 0M, In-Place: 0
[2026-04-03T02:34:41.818+0600][48.499s][info][gc,reloc    ] GC(60) Large Pages: 5 / 30M, Empty: 30M, Relocated: 0M, In-Place: 0
[2026-04-03T02:34:41.818+0600][48.499s][info][gc,reloc    ] GC(60) Forwarding Usage: 2M
[2026-04-03T02:34:41.818+0600][48.499s][info][gc,heap     ] GC(60) Min Capacity: 8M(1%)
[2026-04-03T02:34:41.818+0600][48.499s][info][gc,heap     ] GC(60) Max Capacity: 1500M(100%)
[2026-04-03T02:34:41.818+0600][48.499s][info][gc,heap     ] GC(60) Soft Max Capacity: 1500M(100%)
[2026-04-03T02:34:41.818+0600][48.499s][info][gc,heap     ] GC(60)                Mark Start          Mark End        Relocate Start      Relocate End           High               Low         
[2026-04-03T02:34:41.818+0600][48.499s][info][gc,heap     ] GC(60)  Capacity:     1500M (100%)       1500M (100%)       1500M (100%)       1500M (100%)       1500M (100%)       1500M (100%)   
[2026-04-03T02:34:41.818+0600][48.499s][info][gc,heap     ] GC(60)      Free:     1024M (68%)        1020M (68%)        1182M (79%)        1338M (89%)        1340M (89%)        1006M (67%)    
[2026-04-03T02:34:41.818+0600][48.499s][info][gc,heap     ] GC(60)      Used:      476M (32%)         480M (32%)         318M (21%)         162M (11%)         494M (33%)         160M (11%)    
[2026-04-03T02:34:41.818+0600][48.499s][info][gc,heap     ] GC(60)      Live:         -                99M (7%)           99M (7%)           99M (7%)             -                  -          
[2026-04-03T02:34:41.818+0600][48.499s][info][gc,heap     ] GC(60) Allocated:         -                 4M (0%)           18M (1%)           21M (1%)             -                  -          
[2026-04-03T02:34:41.818+0600][48.499s][info][gc,heap     ] GC(60)   Garbage:         -               376M (25%)         200M (13%)          40M (3%)             -                  -          
[2026-04-03T02:34:41.818+0600][48.499s][info][gc,heap     ] GC(60) Reclaimed:         -                  -               176M (12%)         335M (22%)            -                  -          
[2026-04-03T02:34:41.818+0600][48.499s][info][gc          ] GC(60) Garbage Collection (System.gc()) 476M(32%)->162M(11%)
[2026-04-03T02:34:42.021+0600][48.703s][info][gc,start    ] GC(61) Garbage Collection (Allocation Rate)
[2026-04-03T02:34:42.021+0600][48.703s][info][gc,task     ] GC(61) Using 2 workers
[2026-04-03T02:34:42.023+0600][48.704s][info][gc,phases   ] GC(61) Pause Mark Start 0.010ms
[2026-04-03T02:34:42.171+0600][48.853s][info][gc,phases   ] GC(61) Concurrent Mark 148.479ms
[2026-04-03T02:34:42.172+0600][48.853s][info][gc,phases   ] GC(61) Pause Mark End 0.165ms
[2026-04-03T02:34:42.172+0600][48.853s][info][gc,phases   ] GC(61) Concurrent Mark Free 0.001ms
[2026-04-03T02:34:42.203+0600][48.885s][info][gc,phases   ] GC(61) Concurrent Process Non-Strong References 31.650ms
[2026-04-03T02:34:42.203+0600][48.885s][info][gc,phases   ] GC(61) Concurrent Reset Relocation Set 0.011ms
[2026-04-03T02:34:42.207+0600][48.889s][info][gc,phases   ] GC(61) Concurrent Select Relocation Set 3.923ms
[2026-04-03T02:34:42.208+0600][48.889s][info][gc,phases   ] GC(61) Pause Relocate Start 0.014ms
[2026-04-03T02:34:42.211+0600][48.892s][info][gc,phases   ] GC(61) Concurrent Relocate 2.742ms
[2026-04-03T02:34:42.211+0600][48.892s][info][gc,load     ] GC(61) Load: 6.22/5.81/5.84
[2026-04-03T02:34:42.211+0600][48.892s][info][gc,mmu      ] GC(61) MMU: 2ms/89.3%, 5ms/95.7%, 10ms/97.9%, 20ms/98.9%, 50ms/99.6%, 100ms/99.8%
[2026-04-03T02:34:42.211+0600][48.892s][info][gc,marking  ] GC(61) Mark: 2 stripe(s), 2 proactive flush(es), 1 terminate flush(es), 1 completion(s), 0 continuation(s) 
[2026-04-03T02:34:42.211+0600][48.892s][info][gc,marking  ] GC(61) Mark Stack Usage: 32M
[2026-04-03T02:34:42.211+0600][48.892s][info][gc,nmethod  ] GC(61) NMethods: 14701 registered, 1895 unregistered
[2026-04-03T02:34:42.211+0600][48.892s][info][gc,metaspace] GC(61) Metaspace: 127M used, 129M committed, 1152M reserved
[2026-04-03T02:34:42.211+0600][48.892s][info][gc,ref      ] GC(61) Soft: 3461 encountered, 0 discovered, 0 enqueued
[2026-04-03T02:34:42.211+0600][48.892s][info][gc,ref      ] GC(61) Weak: 14973 encountered, 6950 discovered, 372 enqueued
[2026-04-03T02:34:42.211+0600][48.892s][info][gc,ref      ] GC(61) Final: 84 encountered, 0 discovered, 0 enqueued
[2026-04-03T02:34:42.211+0600][48.892s][info][gc,ref      ] GC(61) Phantom: 633 encountered, 385 discovered, 0 enqueued
[2026-04-03T02:34:42.211+0600][48.892s][info][gc,reloc    ] GC(61) Small Pages: 128 / 256M, Empty: 30M, Relocated: 5M, In-Place: 0
[2026-04-03T02:34:42.211+0600][48.892s][info][gc,reloc    ] GC(61) Medium Pages: 2 / 64M, Empty: 32M, Relocated: 0M, In-Place: 0
[2026-04-03T02:34:42.211+0600][48.892s][info][gc,reloc    ] GC(61) Large Pages: 90 / 540M, Empty: 516M, Relocated: 0M, In-Place: 0
[2026-04-03T02:34:42.211+0600][48.892s][info][gc,reloc    ] GC(61) Forwarding Usage: 0M
[2026-04-03T02:34:42.211+0600][48.892s][info][gc,heap     ] GC(61) Min Capacity: 8M(1%)
[2026-04-03T02:34:42.211+0600][48.892s][info][gc,heap     ] GC(61) Max Capacity: 1500M(100%)
[2026-04-03T02:34:42.211+0600][48.892s][info][gc,heap     ] GC(61) Soft Max Capacity: 1500M(100%)
[2026-04-03T02:34:42.211+0600][48.892s][info][gc,heap     ] GC(61)                Mark Start          Mark End        Relocate Start      Relocate End           High               Low         
[2026-04-03T02:34:42.211+0600][48.892s][info][gc,heap     ] GC(61)  Capacity:     1500M (100%)       1500M (100%)       1500M (100%)       1500M (100%)       1500M (100%)       1500M (100%)   
[2026-04-03T02:34:42.211+0600][48.892s][info][gc,heap     ] GC(61)      Free:      640M (43%)         248M (17%)         788M (53%)         906M (60%)         906M (60%)         216M (14%)    
[2026-04-03T02:34:42.211+0600][48.892s][info][gc,heap     ] GC(61)      Used:      860M (57%)        1252M (83%)         712M (47%)         594M (40%)        1284M (86%)         594M (40%)    
[2026-04-03T02:34:42.211+0600][48.892s][info][gc,heap     ] GC(61)      Live:         -               126M (8%)          126M (8%)          126M (8%)             -                  -          
[2026-04-03T02:34:42.211+0600][48.892s][info][gc,heap     ] GC(61) Allocated:         -               392M (26%)         430M (29%)         429M (29%)            -                  -          
[2026-04-03T02:34:42.211+0600][48.893s][info][gc,heap     ] GC(61)   Garbage:         -               733M (49%)         155M (10%)          37M (2%)             -                  -          
[2026-04-03T02:34:42.211+0600][48.893s][info][gc,heap     ] GC(61) Reclaimed:         -                  -               578M (39%)         695M (46%)            -                  -          
[2026-04-03T02:34:42.211+0600][48.893s][info][gc          ] GC(61) Garbage Collection (Allocation Rate) 860M(57%)->594M(40%)
[2026-04-03T02:34:42.222+0600][48.903s][info][gc,start    ] GC(62) Garbage Collection (Allocation Rate)
[2026-04-03T02:34:42.222+0600][48.903s][info][gc,task     ] GC(62) Using 2 workers
[2026-04-03T02:34:42.222+0600][48.904s][info][gc,phases   ] GC(62) Pause Mark Start 0.019ms
[2026-04-03T02:34:42.352+0600][49.033s][info][gc,phases   ] GC(62) Concurrent Mark 129.546ms
[2026-04-03T02:34:42.352+0600][49.034s][info][gc,phases   ] GC(62) Pause Mark End 0.032ms
[2026-04-03T02:34:42.352+0600][49.034s][info][gc,phases   ] GC(62) Concurrent Mark Free 0.003ms
[2026-04-03T02:34:42.375+0600][49.056s][info][gc,phases   ] GC(62) Concurrent Process Non-Strong References 22.229ms
[2026-04-03T02:34:42.375+0600][49.056s][info][gc,phases   ] GC(62) Concurrent Reset Relocation Set 0.008ms
[2026-04-03T02:34:42.378+0600][49.059s][info][gc,phases   ] GC(62) Concurrent Select Relocation Set 2.759ms
[2026-04-03T02:34:42.378+0600][49.059s][info][gc,phases   ] GC(62) Pause Relocate Start 0.045ms
[2026-04-03T02:34:42.385+0600][49.066s][info][gc,phases   ] GC(62) Concurrent Relocate 6.690ms
[2026-04-03T02:34:42.385+0600][49.066s][info][gc,load     ] GC(62) Load: 6.22/5.81/5.84
[2026-04-03T02:34:42.385+0600][49.066s][info][gc,mmu      ] GC(62) MMU: 2ms/89.3%, 5ms/95.7%, 10ms/97.9%, 20ms/98.9%, 50ms/99.6%, 100ms/99.8%
[2026-04-03T02:34:42.385+0600][49.066s][info][gc,marking  ] GC(62) Mark: 2 stripe(s), 2 proactive flush(es), 1 terminate flush(es), 0 completion(s), 0 continuation(s) 
[2026-04-03T02:34:42.385+0600][49.066s][info][gc,marking  ] GC(62) Mark Stack Usage: 32M
[2026-04-03T02:34:42.385+0600][49.066s][info][gc,nmethod  ] GC(62) NMethods: 14727 registered, 1898 unregistered
[2026-04-03T02:34:42.385+0600][49.066s][info][gc,metaspace] GC(62) Metaspace: 127M used, 129M committed, 1152M reserved
[2026-04-03T02:34:42.385+0600][49.066s][info][gc,ref      ] GC(62) Soft: 3465 encountered, 0 discovered, 0 enqueued
[2026-04-03T02:34:42.385+0600][49.066s][info][gc,ref      ] GC(62) Weak: 14821 encountered, 5285 discovered, 153 enqueued
[2026-04-03T02:34:42.385+0600][49.066s][info][gc,ref      ] GC(62) Final: 84 encountered, 0 discovered, 0 enqueued
[2026-04-03T02:34:42.385+0600][49.066s][info][gc,ref      ] GC(62) Phantom: 620 encountered, 388 discovered, 0 enqueued
[2026-04-03T02:34:42.385+0600][49.066s][info][gc,reloc    ] GC(62) Small Pages: 113 / 226M, Empty: 20M, Relocated: 8M, In-Place: 0
[2026-04-03T02:34:42.385+0600][49.066s][info][gc,reloc    ] GC(62) Medium Pages: 2 / 64M, Empty: 32M, Relocated: 0M, In-Place: 0
[2026-04-03T02:34:42.385+0600][49.066s][info][gc,reloc    ] GC(62) Large Pages: 51 / 306M, Empty: 306M, Relocated: 0M, In-Place: 0
[2026-04-03T02:34:42.385+0600][49.066s][info][gc,reloc    ] GC(62) Forwarding Usage: 2M
[2026-04-03T02:34:42.385+0600][49.066s][info][gc,heap     ] GC(62) Min Capacity: 8M(1%)
[2026-04-03T02:34:42.385+0600][49.066s][info][gc,heap     ] GC(62) Max Capacity: 1500M(100%)
[2026-04-03T02:34:42.385+0600][49.066s][info][gc,heap     ] GC(62) Soft Max Capacity: 1500M(100%)
[2026-04-03T02:34:42.385+0600][49.066s][info][gc,heap     ] GC(62)                Mark Start          Mark End        Relocate Start      Relocate End           High               Low         
[2026-04-03T02:34:42.385+0600][49.066s][info][gc,heap     ] GC(62)  Capacity:     1500M (100%)       1500M (100%)       1500M (100%)       1500M (100%)       1500M (100%)       1500M (100%)   
[2026-04-03T02:34:42.385+0600][49.066s][info][gc,heap     ] GC(62)      Free:      904M (60%)         800M (53%)        1146M (76%)        1244M (83%)        1244M (83%)         788M (53%)    
[2026-04-03T02:34:42.385+0600][49.066s][info][gc,heap     ] GC(62)      Used:      596M (40%)         700M (47%)         354M (24%)         256M (17%)         712M (47%)         256M (17%)    
[2026-04-03T02:34:42.385+0600][49.066s][info][gc,heap     ] GC(62)      Live:         -               102M (7%)          102M (7%)          102M (7%)             -                  -          
[2026-04-03T02:34:42.385+0600][49.066s][info][gc,heap     ] GC(62) Allocated:         -               104M (7%)          116M (8%)          117M (8%)             -                  -          
[2026-04-03T02:34:42.385+0600][49.066s][info][gc,heap     ] GC(62)   Garbage:         -               493M (33%)         135M (9%)           35M (2%)             -                  -          
[2026-04-03T02:34:42.385+0600][49.066s][info][gc,heap     ] GC(62) Reclaimed:         -                  -               358M (24%)         457M (31%)            -                  -          
[2026-04-03T02:34:42.385+0600][49.066s][info][gc          ] GC(62) Garbage Collection (Allocation Rate) 596M(40%)->256M(17%)
[2026-04-03T02:34:42.721+0600][49.403s][info][gc,start    ] GC(63) Garbage Collection (Allocation Rate)
[2026-04-03T02:34:42.721+0600][49.403s][info][gc,task     ] GC(63) Using 2 workers
[2026-04-03T02:34:42.722+0600][49.403s][info][gc,phases   ] GC(63) Pause Mark Start 0.016ms
[2026-04-03T02:34:42.893+0600][49.574s][info][gc,phases   ] GC(63) Concurrent Mark 171.090ms
[2026-04-03T02:34:42.893+0600][49.575s][info][gc,phases   ] GC(63) Pause Mark End 0.038ms
[2026-04-03T02:34:42.893+0600][49.575s][info][gc,phases   ] GC(63) Concurrent Mark Free 0.004ms
[2026-04-03T02:34:42.929+0600][49.611s][info][gc,phases   ] GC(63) Concurrent Process Non-Strong References 35.806ms
[2026-04-03T02:34:42.929+0600][49.611s][info][gc,phases   ] GC(63) Concurrent Reset Relocation Set 0.006ms
[2026-04-03T02:34:42.934+0600][49.615s][info][gc,phases   ] GC(63) Concurrent Select Relocation Set 4.638ms
[2026-04-03T02:34:42.934+0600][49.616s][info][gc,phases   ] GC(63) Pause Relocate Start 0.018ms
[2026-04-03T02:34:42.941+0600][49.623s][info][gc,phases   ] GC(63) Concurrent Relocate 6.972ms
[2026-04-03T02:34:42.941+0600][49.623s][info][gc,load     ] GC(63) Load: 6.22/5.81/5.84
[2026-04-03T02:34:42.942+0600][49.623s][info][gc,mmu      ] GC(63) MMU: 2ms/89.3%, 5ms/95.7%, 10ms/97.9%, 20ms/98.9%, 50ms/99.6%, 100ms/99.8%
[2026-04-03T02:34:42.942+0600][49.623s][info][gc,marking  ] GC(63) Mark: 2 stripe(s), 2 proactive flush(es), 1 terminate flush(es), 0 completion(s), 0 continuation(s) 
[2026-04-03T02:34:42.942+0600][49.623s][info][gc,marking  ] GC(63) Mark Stack Usage: 32M
[2026-04-03T02:34:42.942+0600][49.623s][info][gc,nmethod  ] GC(63) NMethods: 14731 registered, 1912 unregistered
[2026-04-03T02:34:42.942+0600][49.623s][info][gc,metaspace] GC(63) Metaspace: 127M used, 129M committed, 1152M reserved
[2026-04-03T02:34:42.942+0600][49.623s][info][gc,ref      ] GC(63) Soft: 3465 encountered, 0 discovered, 0 enqueued
[2026-04-03T02:34:42.942+0600][49.623s][info][gc,ref      ] GC(63) Weak: 15008 encountered, 6586 discovered, 258 enqueued
[2026-04-03T02:34:42.942+0600][49.623s][info][gc,ref      ] GC(63) Final: 84 encountered, 48 discovered, 0 enqueued
[2026-04-03T02:34:42.942+0600][49.623s][info][gc,ref      ] GC(63) Phantom: 620 encountered, 566 discovered, 0 enqueued
[2026-04-03T02:34:42.942+0600][49.623s][info][gc,reloc    ] GC(63) Small Pages: 205 / 410M, Empty: 34M, Relocated: 6M, In-Place: 0
[2026-04-03T02:34:42.942+0600][49.623s][info][gc,reloc    ] GC(63) Medium Pages: 3 / 96M, Empty: 32M, Relocated: 9M, In-Place: 0
[2026-04-03T02:34:42.942+0600][49.623s][info][gc,reloc    ] GC(63) Large Pages: 6 / 36M, Empty: 36M, Relocated: 0M, In-Place: 0
[2026-04-03T02:34:42.942+0600][49.623s][info][gc,reloc    ] GC(63) Forwarding Usage: 1M
[2026-04-03T02:34:42.942+0600][49.623s][info][gc,heap     ] GC(63) Min Capacity: 8M(1%)
[2026-04-03T02:34:42.942+0600][49.623s][info][gc,heap     ] GC(63) Max Capacity: 1500M(100%)
[2026-04-03T02:34:42.942+0600][49.623s][info][gc,heap     ] GC(63) Soft Max Capacity: 1500M(100%)
[2026-04-03T02:34:42.942+0600][49.623s][info][gc,heap     ] GC(63)                Mark Start          Mark End        Relocate Start      Relocate End           High               Low         
[2026-04-03T02:34:42.942+0600][49.623s][info][gc,heap     ] GC(63)  Capacity:     1500M (100%)       1500M (100%)       1500M (100%)       1500M (100%)       1500M (100%)       1500M (100%)   
[2026-04-03T02:34:42.942+0600][49.623s][info][gc,heap     ] GC(63)      Free:      958M (64%)         772M (51%)         810M (54%)        1100M (73%)        1100M (73%)         708M (47%)    
[2026-04-03T02:34:42.942+0600][49.623s][info][gc,heap     ] GC(63)      Used:      542M (36%)         728M (49%)         690M (46%)         400M (27%)         792M (53%)         400M (27%)    
[2026-04-03T02:34:42.942+0600][49.623s][info][gc,heap     ] GC(63)      Live:         -               104M (7%)          104M (7%)          104M (7%)             -                  -          
[2026-04-03T02:34:42.942+0600][49.623s][info][gc,heap     ] GC(63) Allocated:         -               186M (12%)         250M (17%)         259M (17%)            -                  -          
[2026-04-03T02:34:42.942+0600][49.623s][info][gc,heap     ] GC(63)   Garbage:         -               437M (29%)         335M (22%)          35M (2%)             -                  -          
[2026-04-03T02:34:42.942+0600][49.623s][info][gc,heap     ] GC(63) Reclaimed:         -                  -               102M (7%)          401M (27%)            -                  -          
[2026-04-03T02:34:42.942+0600][49.623s][info][gc          ] GC(63) Garbage Collection (Allocation Rate) 542M(36%)->400M(27%)
[2026-04-03T02:34:43.121+0600][49.803s][info][gc,start    ] GC(64) Garbage Collection (Allocation Rate)
[2026-04-03T02:34:43.121+0600][49.803s][info][gc,task     ] GC(64) Using 2 workers
[2026-04-03T02:34:43.122+0600][49.803s][info][gc,phases   ] GC(64) Pause Mark Start 0.019ms
[2026-04-03T02:34:43.284+0600][49.966s][info][gc,phases   ] GC(64) Concurrent Mark 162.672ms
[2026-04-03T02:34:43.285+0600][49.966s][info][gc,phases   ] GC(64) Pause Mark End 0.076ms
[2026-04-03T02:34:43.285+0600][49.966s][info][gc,phases   ] GC(64) Concurrent Mark Free 0.001ms
[2026-04-03T02:34:43.321+0600][50.003s][info][gc,phases   ] GC(64) Concurrent Process Non-Strong References 36.505ms
[2026-04-03T02:34:43.322+0600][50.003s][info][gc,phases   ] GC(64) Concurrent Reset Relocation Set 0.021ms
[2026-04-03T02:34:43.326+0600][50.007s][info][gc,phases   ] GC(64) Concurrent Select Relocation Set 4.345ms
[2026-04-03T02:34:43.326+0600][50.008s][info][gc,phases   ] GC(64) Pause Relocate Start 0.016ms
[2026-04-03T02:34:43.330+0600][50.012s][info][gc,phases   ] GC(64) Concurrent Relocate 3.996ms
[2026-04-03T02:34:43.331+0600][50.012s][info][gc,load     ] GC(64) Load: 6.22/5.81/5.84
[2026-04-03T02:34:43.331+0600][50.012s][info][gc,mmu      ] GC(64) MMU: 2ms/89.3%, 5ms/95.7%, 10ms/97.9%, 20ms/98.9%, 50ms/99.6%, 100ms/99.8%
[2026-04-03T02:34:43.331+0600][50.012s][info][gc,marking  ] GC(64) Mark: 2 stripe(s), 2 proactive flush(es), 1 terminate flush(es), 0 completion(s), 0 continuation(s) 
[2026-04-03T02:34:43.331+0600][50.012s][info][gc,marking  ] GC(64) Mark Stack Usage: 32M
[2026-04-03T02:34:43.331+0600][50.012s][info][gc,nmethod  ] GC(64) NMethods: 14741 registered, 1920 unregistered
[2026-04-03T02:34:43.331+0600][50.012s][info][gc,metaspace] GC(64) Metaspace: 127M used, 129M committed, 1152M reserved
[2026-04-03T02:34:43.331+0600][50.012s][info][gc,ref      ] GC(64) Soft: 3459 encountered, 0 discovered, 0 enqueued
[2026-04-03T02:34:43.331+0600][50.012s][info][gc,ref      ] GC(64) Weak: 15400 encountered, 4922 discovered, 15 enqueued
[2026-04-03T02:34:43.331+0600][50.012s][info][gc,ref      ] GC(64) Final: 84 encountered, 0 discovered, 0 enqueued
[2026-04-03T02:34:43.331+0600][50.012s][info][gc,ref      ] GC(64) Phantom: 620 encountered, 387 discovered, 0 enqueued
[2026-04-03T02:34:43.331+0600][50.012s][info][gc,reloc    ] GC(64) Small Pages: 226 / 452M, Empty: 142M, Relocated: 4M, In-Place: 0
[2026-04-03T02:34:43.331+0600][50.012s][info][gc,reloc    ] GC(64) Medium Pages: 4 / 128M, Empty: 96M, Relocated: 0M, In-Place: 0
[2026-04-03T02:34:43.331+0600][50.012s][info][gc,reloc    ] GC(64) Large Pages: 9 / 54M, Empty: 54M, Relocated: 0M, In-Place: 0
[2026-04-03T02:34:43.331+0600][50.012s][info][gc,reloc    ] GC(64) Forwarding Usage: 1M
[2026-04-03T02:34:43.331+0600][50.013s][info][gc,heap     ] GC(64) Min Capacity: 8M(1%)
[2026-04-03T02:34:43.331+0600][50.013s][info][gc,heap     ] GC(64) Max Capacity: 1500M(100%)
[2026-04-03T02:34:43.331+0600][50.013s][info][gc,heap     ] GC(64) Soft Max Capacity: 1500M(100%)
[2026-04-03T02:34:43.331+0600][50.013s][info][gc,heap     ] GC(64)                Mark Start          Mark End        Relocate Start      Relocate End           High               Low         
[2026-04-03T02:34:43.331+0600][50.013s][info][gc,heap     ] GC(64)  Capacity:     1500M (100%)       1500M (100%)       1500M (100%)       1500M (100%)       1500M (100%)       1500M (100%)   
[2026-04-03T02:34:43.331+0600][50.013s][info][gc,heap     ] GC(64)      Free:      866M (58%)         684M (46%)         902M (60%)        1102M (73%)        1102M (73%)         614M (41%)    
[2026-04-03T02:34:43.331+0600][50.013s][info][gc,heap     ] GC(64)      Used:      634M (42%)         816M (54%)         598M (40%)         398M (27%)         886M (59%)         398M (27%)    
[2026-04-03T02:34:43.331+0600][50.013s][info][gc,heap     ] GC(64)      Live:         -               103M (7%)          103M (7%)          103M (7%)             -                  -          
[2026-04-03T02:34:43.331+0600][50.013s][info][gc,heap     ] GC(64) Allocated:         -               182M (12%)         256M (17%)         257M (17%)            -                  -          
[2026-04-03T02:34:43.331+0600][50.013s][info][gc,heap     ] GC(64)   Garbage:         -               530M (35%)         238M (16%)          36M (2%)             -                  -          
[2026-04-03T02:34:43.331+0600][50.013s][info][gc,heap     ] GC(64) Reclaimed:         -                  -               292M (19%)         493M (33%)            -                  -          
[2026-04-03T02:34:43.331+0600][50.013s][info][gc          ] GC(64) Garbage Collection (Allocation Rate) 634M(42%)->398M(27%)
[2026-04-03T02:34:43.423+0600][50.104s][info][gc,stats    ] === Garbage Collection Statistics =======================================================================================================================
[2026-04-03T02:34:43.423+0600][50.104s][info][gc,stats    ]                                                              Last 10s              Last 10m              Last 10h                Total
[2026-04-03T02:34:43.423+0600][50.104s][info][gc,stats    ]                                                              Avg / Max             Avg / Max             Avg / Max             Avg / Max
[2026-04-03T02:34:43.423+0600][50.104s][info][gc,stats    ]   Collector: Garbage Collection Cycle                    181.815 / 226.318     181.988 / 325.465     181.988 / 325.465     181.988 / 325.465     ms
[2026-04-03T02:34:43.423+0600][50.104s][info][gc,stats    ]  Contention: Mark Segment Reset Contention                    22 / 64                9 / 64                9 / 64                9 / 64          ops/s
[2026-04-03T02:34:43.423+0600][50.104s][info][gc,stats    ]  Contention: Mark SeqNum Reset Contention                      0 / 2                 0 / 3                 0 / 3                 0 / 3           ops/s
[2026-04-03T02:34:43.423+0600][50.104s][info][gc,stats    ]    Critical: Allocation Stall                                  0 / 4                 0 / 4                 0 / 4                 0 / 4           ops/s
[2026-04-03T02:34:43.423+0600][50.104s][info][gc,stats    ]    Critical: Allocation Stall                             28.319 / 29.651       18.485 / 29.651       18.485 / 29.651       18.485 / 29.651      ms
[2026-04-03T02:34:43.423+0600][50.104s][info][gc,stats    ]    Critical: GC Locker Stall                                   0 / 2                 0 / 2                 0 / 2                 0 / 2           ops/s
[2026-04-03T02:34:43.423+0600][50.104s][info][gc,stats    ]    Critical: GC Locker Stall                               0.037 / 0.120         0.038 / 0.173         0.038 / 0.173         0.038 / 0.173       ms
[2026-04-03T02:34:43.423+0600][50.104s][info][gc,stats    ]    Critical: Relocation Stall                                  0 / 0                 0 / 0                 0 / 0                 0 / 0           ops/s
[2026-04-03T02:34:43.423+0600][50.104s][info][gc,stats    ]    Critical: Relocation Stall                              0.000 / 0.000         0.000 / 0.000         0.000 / 0.000         0.000 / 0.000       ms
[2026-04-03T02:34:43.423+0600][50.104s][info][gc,stats    ]      Memory: Allocation Rate                                1433 / 1824            745 / 1824            745 / 1824            745 / 1824        MB/s
[2026-04-03T02:34:43.423+0600][50.104s][info][gc,stats    ]      Memory: Defragment                                       32 / 103              21 / 172              21 / 172              21 / 172         ops/s
[2026-04-03T02:34:43.423+0600][50.104s][info][gc,stats    ]      Memory: Out Of Memory                                     0 / 0                 0 / 0                 0 / 0                 0 / 0           ops/s
[2026-04-03T02:34:43.423+0600][50.104s][info][gc,stats    ]      Memory: Page Cache Flush                                174 / 424              98 / 424              98 / 424              98 / 424         MB/s
[2026-04-03T02:34:43.423+0600][50.104s][info][gc,stats    ]      Memory: Page Cache Hit L1                               462 / 547             236 / 591             236 / 591             236 / 591         ops/s
[2026-04-03T02:34:43.423+0600][50.104s][info][gc,stats    ]      Memory: Page Cache Hit L2                                 0 / 0                 0 / 0                 0 / 0                 0 / 0           ops/s
[2026-04-03T02:34:43.423+0600][50.105s][info][gc,stats    ]      Memory: Page Cache Hit L3                                25 / 68               19 / 114              19 / 114              19 / 114         ops/s
[2026-04-03T02:34:43.423+0600][50.105s][info][gc,stats    ]      Memory: Page Cache Miss                                  11 / 53               10 / 66               10 / 66               10 / 66          ops/s
[2026-04-03T02:34:43.423+0600][50.105s][info][gc,stats    ]      Memory: Uncommit                                          0 / 0                 0 / 0                 0 / 0                 0 / 0           MB/s
[2026-04-03T02:34:43.423+0600][50.105s][info][gc,stats    ]      Memory: Undo Object Allocation Failed                     0 / 0                 0 / 0                 0 / 0                 0 / 0           ops/s
[2026-04-03T02:34:43.423+0600][50.105s][info][gc,stats    ]      Memory: Undo Object Allocation Succeeded                  7 / 56                4 / 74                4 / 74                4 / 74          ops/s
[2026-04-03T02:34:43.423+0600][50.105s][info][gc,stats    ]      Memory: Undo Page Allocation                              1 / 5                 0 / 6                 0 / 6                 0 / 6           ops/s
[2026-04-03T02:34:43.423+0600][50.105s][info][gc,stats    ]       Phase: Concurrent Mark                             138.221 / 175.025     135.046 / 253.223     135.046 / 253.223     135.046 / 253.223     ms
[2026-04-03T02:34:43.423+0600][50.105s][info][gc,stats    ]       Phase: Concurrent Mark Continue                      0.000 / 0.000         0.000 / 0.000         0.000 / 0.000         0.000 / 0.000       ms
[2026-04-03T02:34:43.423+0600][50.105s][info][gc,stats    ]       Phase: Concurrent Mark Free                          0.003 / 0.004         0.003 / 0.005         0.003 / 0.005         0.003 / 0.005       ms
[2026-04-03T02:34:43.423+0600][50.105s][info][gc,stats    ]       Phase: Concurrent Process Non-Strong References     31.135 / 65.512       30.191 / 80.610       30.191 / 80.610       30.191 / 80.610      ms
[2026-04-03T02:34:43.423+0600][50.105s][info][gc,stats    ]       Phase: Concurrent Relocate                           6.649 / 21.691        9.361 / 48.786        9.361 / 48.786        9.361 / 48.786      ms
[2026-04-03T02:34:43.423+0600][50.105s][info][gc,stats    ]       Phase: Concurrent Reset Relocation Set               0.012 / 0.037         0.014 / 0.037         0.014 / 0.037         0.014 / 0.037       ms
[2026-04-03T02:34:43.423+0600][50.105s][info][gc,stats    ]       Phase: Concurrent Select Relocation Set              3.706 / 6.008         4.260 / 13.433        4.260 / 13.433        4.260 / 13.433      ms
[2026-04-03T02:34:43.423+0600][50.105s][info][gc,stats    ]       Phase: Pause Mark End                                0.043 / 0.165         0.046 / 0.214         0.046 / 0.214         0.046 / 0.214       ms
[2026-04-03T02:34:43.423+0600][50.105s][info][gc,stats    ]       Phase: Pause Mark Start                              0.015 / 0.048         0.017 / 0.103         0.017 / 0.103         0.017 / 0.103       ms
[2026-04-03T02:34:43.423+0600][50.105s][info][gc,stats    ]       Phase: Pause Relocate Start                          0.020 / 0.067         0.020 / 0.143         0.020 / 0.143         0.020 / 0.143       ms
[2026-04-03T02:34:43.423+0600][50.105s][info][gc,stats    ]    Subphase: Concurrent Classes Purge                      0.091 / 0.450         0.254 / 2.367         0.254 / 2.367         0.254 / 2.367       ms
[2026-04-03T02:34:43.423+0600][50.105s][info][gc,stats    ]    Subphase: Concurrent Classes Unlink                    27.324 / 58.294       26.081 / 69.993       26.081 / 69.993       26.081 / 69.993      ms
[2026-04-03T02:34:43.423+0600][50.105s][info][gc,stats    ]    Subphase: Concurrent Mark                             130.745 / 171.078     125.144 / 250.492     125.144 / 250.492     125.144 / 250.492     ms
[2026-04-03T02:34:43.423+0600][50.105s][info][gc,stats    ]    Subphase: Concurrent Mark Try Flush                     0.354 / 2.022         0.780 / 31.130        0.780 / 31.130        0.780 / 31.130      ms
[2026-04-03T02:34:43.423+0600][50.105s][info][gc,stats    ]    Subphase: Concurrent Mark Try Terminate                 0.787 / 1.212         0.933 / 19.747        0.933 / 19.747        0.933 / 19.747      ms
[2026-04-03T02:34:43.423+0600][50.105s][info][gc,stats    ]    Subphase: Concurrent References Enqueue                 0.009 / 0.021         0.011 / 0.030         0.011 / 0.030         0.011 / 0.030       ms
[2026-04-03T02:34:43.423+0600][50.105s][info][gc,stats    ]    Subphase: Concurrent References Process                 0.853 / 1.958         0.856 / 2.906         0.856 / 2.906         0.856 / 2.906       ms
[2026-04-03T02:34:43.423+0600][50.105s][info][gc,stats    ]    Subphase: Concurrent Roots ClassLoaderDataGraph         0.445 / 0.991         0.448 / 0.991         0.448 / 0.991         0.448 / 0.991       ms
[2026-04-03T02:34:43.423+0600][50.105s][info][gc,stats    ]    Subphase: Concurrent Roots CodeCache                    0.000 / 0.000         0.000 / 0.000         0.000 / 0.000         0.000 / 0.000       ms
[2026-04-03T02:34:43.423+0600][50.105s][info][gc,stats    ]    Subphase: Concurrent Roots JavaThreads                  1.352 / 2.880         1.730 / 10.883        1.730 / 10.883        1.730 / 10.883      ms
[2026-04-03T02:34:43.423+0600][50.105s][info][gc,stats    ]    Subphase: Concurrent Roots OopStorageSet                0.095 / 0.234         0.106 / 0.345         0.106 / 0.345         0.106 / 0.345       ms
[2026-04-03T02:34:43.423+0600][50.105s][info][gc,stats    ]    Subphase: Concurrent Weak Roots OopStorageSet           1.774 / 2.781         1.796 / 6.701         1.796 / 6.701         1.796 / 6.701       ms
[2026-04-03T02:34:43.423+0600][50.105s][info][gc,stats    ]    Subphase: Pause Mark Try Complete                       0.003 / 0.005         0.006 / 0.014         0.006 / 0.014         0.006 / 0.014       ms
[2026-04-03T02:34:43.423+0600][50.105s][info][gc,stats    ]      System: Java Threads                                    285 / 288             251 / 290             251 / 290             251 / 290         threads
[2026-04-03T02:34:43.423+0600][50.105s][info][gc,stats    ] =========================================================================================================================================================
[2026-04-03T02:34:43.522+0600][50.203s][info][gc,start    ] GC(65) Garbage Collection (Allocation Rate)
[2026-04-03T02:34:43.522+0600][50.203s][info][gc,task     ] GC(65) Using 2 workers
[2026-04-03T02:34:43.522+0600][50.203s][info][gc,phases   ] GC(65) Pause Mark Start 0.009ms
[2026-04-03T02:34:43.643+0600][50.324s][info][gc,phases   ] GC(65) Concurrent Mark 120.918ms
[2026-04-03T02:34:43.643+0600][50.325s][info][gc,phases   ] GC(65) Pause Mark End 0.036ms
[2026-04-03T02:34:43.643+0600][50.325s][info][gc,phases   ] GC(65) Concurrent Mark Free 0.002ms
[2026-04-03T02:34:43.662+0600][50.344s][info][gc,phases   ] GC(65) Concurrent Process Non-Strong References 18.830ms
[2026-04-03T02:34:43.662+0600][50.344s][info][gc,phases   ] GC(65) Concurrent Reset Relocation Set 0.008ms
[2026-04-03T02:34:43.665+0600][50.346s][info][gc,phases   ] GC(65) Concurrent Select Relocation Set 2.383ms
[2026-04-03T02:34:43.665+0600][50.347s][info][gc,phases   ] GC(65) Pause Relocate Start 0.012ms
[2026-04-03T02:34:43.668+0600][50.350s][info][gc,phases   ] GC(65) Concurrent Relocate 3.086ms
[2026-04-03T02:34:43.669+0600][50.350s][info][gc,load     ] GC(65) Load: 6.22/5.81/5.84
[2026-04-03T02:34:43.669+0600][50.350s][info][gc,mmu      ] GC(65) MMU: 2ms/89.3%, 5ms/95.7%, 10ms/97.9%, 20ms/98.9%, 50ms/99.6%, 100ms/99.8%
[2026-04-03T02:34:43.669+0600][50.350s][info][gc,marking  ] GC(65) Mark: 2 stripe(s), 2 proactive flush(es), 1 terminate flush(es), 0 completion(s), 0 continuation(s) 
[2026-04-03T02:34:43.669+0600][50.350s][info][gc,marking  ] GC(65) Mark Stack Usage: 32M
[2026-04-03T02:34:43.669+0600][50.350s][info][gc,nmethod  ] GC(65) NMethods: 14763 registered, 1934 unregistered
[2026-04-03T02:34:43.669+0600][50.350s][info][gc,metaspace] GC(65) Metaspace: 127M used, 129M committed, 1152M reserved
[2026-04-03T02:34:43.669+0600][50.350s][info][gc,ref      ] GC(65) Soft: 3457 encountered, 0 discovered, 0 enqueued
[2026-04-03T02:34:43.669+0600][50.350s][info][gc,ref      ] GC(65) Weak: 16027 encountered, 6593 discovered, 1492 enqueued
[2026-04-03T02:34:43.669+0600][50.350s][info][gc,ref      ] GC(65) Final: 84 encountered, 0 discovered, 0 enqueued
[2026-04-03T02:34:43.669+0600][50.350s][info][gc,ref      ] GC(65) Phantom: 620 encountered, 387 discovered, 0 enqueued
[2026-04-03T02:34:43.669+0600][50.350s][info][gc,reloc    ] GC(65) Small Pages: 226 / 452M, Empty: 144M, Relocated: 4M, In-Place: 0
[2026-04-03T02:34:43.669+0600][50.350s][info][gc,reloc    ] GC(65) Medium Pages: 4 / 128M, Empty: 96M, Relocated: 0M, In-Place: 0
[2026-04-03T02:34:43.669+0600][50.350s][info][gc,reloc    ] GC(65) Large Pages: 10 / 60M, Empty: 54M, Relocated: 0M, In-Place: 0
[2026-04-03T02:34:43.669+0600][50.350s][info][gc,reloc    ] GC(65) Forwarding Usage: 1M
[2026-04-03T02:34:43.669+0600][50.350s][info][gc,heap     ] GC(65) Min Capacity: 8M(1%)
[2026-04-03T02:34:43.669+0600][50.350s][info][gc,heap     ] GC(65) Max Capacity: 1500M(100%)
[2026-04-03T02:34:43.669+0600][50.350s][info][gc,heap     ] GC(65) Soft Max Capacity: 1500M(100%)
[2026-04-03T02:34:43.669+0600][50.350s][info][gc,heap     ] GC(65)                Mark Start          Mark End        Relocate Start      Relocate End           High               Low         
[2026-04-03T02:34:43.669+0600][50.350s][info][gc,heap     ] GC(65)  Capacity:     1500M (100%)       1500M (100%)       1500M (100%)       1500M (100%)       1500M (100%)       1500M (100%)   
[2026-04-03T02:34:43.669+0600][50.350s][info][gc,heap     ] GC(65)      Free:      860M (57%)         730M (49%)        1004M (67%)        1200M (80%)        1200M (80%)         720M (48%)    
[2026-04-03T02:34:43.669+0600][50.350s][info][gc,heap     ] GC(65)      Used:      640M (43%)         770M (51%)         496M (33%)         300M (20%)         780M (52%)         300M (20%)    
[2026-04-03T02:34:43.669+0600][50.350s][info][gc,heap     ] GC(65)      Live:         -               109M (7%)          109M (7%)          109M (7%)             -                  -          
[2026-04-03T02:34:43.669+0600][50.350s][info][gc,heap     ] GC(65) Allocated:         -               130M (9%)          150M (10%)         153M (10%)            -                  -          
[2026-04-03T02:34:43.669+0600][50.350s][info][gc,heap     ] GC(65)   Garbage:         -               530M (35%)         236M (16%)          36M (2%)             -                  -          
[2026-04-03T02:34:43.669+0600][50.350s][info][gc,heap     ] GC(65) Reclaimed:         -                  -               294M (20%)         493M (33%)            -                  -          
[2026-04-03T02:34:43.669+0600][50.350s][info][gc          ] GC(65) Garbage Collection (Allocation Rate) 640M(43%)->300M(20%)
[2026-04-03T02:34:44.222+0600][50.903s][info][gc,start    ] GC(66) Garbage Collection (Allocation Rate)
[2026-04-03T02:34:44.222+0600][50.903s][info][gc,task     ] GC(66) Using 2 workers
[2026-04-03T02:34:44.222+0600][50.903s][info][gc,phases   ] GC(66) Pause Mark Start 0.012ms
[2026-04-03T02:34:44.367+0600][51.048s][info][gc,phases   ] GC(66) Concurrent Mark 144.568ms
[2026-04-03T02:34:44.367+0600][51.048s][info][gc,phases   ] GC(66) Pause Mark End 0.043ms
[2026-04-03T02:34:44.367+0600][51.049s][info][gc,phases   ] GC(66) Concurrent Mark Free 0.003ms
[2026-04-03T02:34:44.398+0600][51.079s][info][gc,phases   ] GC(66) Concurrent Process Non-Strong References 30.551ms
[2026-04-03T02:34:44.398+0600][51.079s][info][gc,phases   ] GC(66) Concurrent Reset Relocation Set 0.015ms
[2026-04-03T02:34:44.403+0600][51.084s][info][gc,phases   ] GC(66) Concurrent Select Relocation Set 4.855ms
[2026-04-03T02:34:44.404+0600][51.085s][info][gc,phases   ] GC(66) Pause Relocate Start 0.025ms
[2026-04-03T02:34:44.409+0600][51.091s][info][gc,phases   ] GC(66) Concurrent Relocate 5.817ms
[2026-04-03T02:34:44.410+0600][51.091s][info][gc,load     ] GC(66) Load: 6.22/5.81/5.84
[2026-04-03T02:34:44.410+0600][51.091s][info][gc,mmu      ] GC(66) MMU: 2ms/89.3%, 5ms/95.7%, 10ms/97.9%, 20ms/98.9%, 50ms/99.6%, 100ms/99.8%
[2026-04-03T02:34:44.410+0600][51.091s][info][gc,marking  ] GC(66) Mark: 2 stripe(s), 2 proactive flush(es), 1 terminate flush(es), 0 completion(s), 0 continuation(s) 
[2026-04-03T02:34:44.410+0600][51.091s][info][gc,marking  ] GC(66) Mark Stack Usage: 32M
[2026-04-03T02:34:44.410+0600][51.091s][info][gc,nmethod  ] GC(66) NMethods: 14770 registered, 1958 unregistered
[2026-04-03T02:34:44.410+0600][51.091s][info][gc,metaspace] GC(66) Metaspace: 127M used, 129M committed, 1152M reserved
[2026-04-03T02:34:44.410+0600][51.091s][info][gc,ref      ] GC(66) Soft: 3457 encountered, 0 discovered, 0 enqueued
[2026-04-03T02:34:44.410+0600][51.091s][info][gc,ref      ] GC(66) Weak: 15464 encountered, 8587 discovered, 144 enqueued
[2026-04-03T02:34:44.410+0600][51.091s][info][gc,ref      ] GC(66) Final: 84 encountered, 48 discovered, 0 enqueued
[2026-04-03T02:34:44.410+0600][51.091s][info][gc,ref      ] GC(66) Phantom: 620 encountered, 305 discovered, 0 enqueued
[2026-04-03T02:34:44.410+0600][51.091s][info][gc,reloc    ] GC(66) Small Pages: 344 / 688M, Empty: 196M, Relocated: 4M, In-Place: 0
[2026-04-03T02:34:44.410+0600][51.091s][info][gc,reloc    ] GC(66) Medium Pages: 4 / 128M, Empty: 96M, Relocated: 0M, In-Place: 0
[2026-04-03T02:34:44.410+0600][51.091s][info][gc,reloc    ] GC(66) Large Pages: 13 / 78M, Empty: 78M, Relocated: 0M, In-Place: 0
[2026-04-03T02:34:44.410+0600][51.091s][info][gc,reloc    ] GC(66) Forwarding Usage: 1M
[2026-04-03T02:34:44.410+0600][51.091s][info][gc,heap     ] GC(66) Min Capacity: 8M(1%)
[2026-04-03T02:34:44.410+0600][51.091s][info][gc,heap     ] GC(66) Max Capacity: 1500M(100%)
[2026-04-03T02:34:44.410+0600][51.091s][info][gc,heap     ] GC(66) Soft Max Capacity: 1500M(100%)
[2026-04-03T02:34:44.410+0600][51.091s][info][gc,heap     ] GC(66)                Mark Start          Mark End        Relocate Start      Relocate End           High               Low         
[2026-04-03T02:34:44.410+0600][51.091s][info][gc,heap     ] GC(66)  Capacity:     1500M (100%)       1500M (100%)       1500M (100%)       1500M (100%)       1500M (100%)       1500M (100%)   
[2026-04-03T02:34:44.410+0600][51.091s][info][gc,heap     ] GC(66)      Free:      606M (40%)         444M (30%)         766M (51%)        1140M (76%)        1144M (76%)         410M (27%)    
[2026-04-03T02:34:44.410+0600][51.091s][info][gc,heap     ] GC(66)      Used:      894M (60%)        1056M (70%)         734M (49%)         360M (24%)        1090M (73%)         356M (24%)    
[2026-04-03T02:34:44.410+0600][51.091s][info][gc,heap     ] GC(66)      Live:         -               103M (7%)          103M (7%)          103M (7%)             -                  -          
[2026-04-03T02:34:44.410+0600][51.091s][info][gc,heap     ] GC(66) Allocated:         -               162M (11%)         210M (14%)         217M (15%)            -                  -          
[2026-04-03T02:34:44.410+0600][51.091s][info][gc,heap     ] GC(66)   Garbage:         -               790M (53%)         420M (28%)          38M (3%)             -                  -          
[2026-04-03T02:34:44.410+0600][51.091s][info][gc,heap     ] GC(66) Reclaimed:         -                  -               370M (25%)         751M (50%)            -                  -          
[2026-04-03T02:34:44.410+0600][51.092s][info][gc          ] GC(66) Garbage Collection (Allocation Rate) 894M(60%)->360M(24%)
[2026-04-03T02:34:44.921+0600][51.603s][info][gc,start    ] GC(67) Garbage Collection (Allocation Rate)
[2026-04-03T02:34:44.921+0600][51.603s][info][gc,task     ] GC(67) Using 2 workers
[2026-04-03T02:34:44.922+0600][51.603s][info][gc,phases   ] GC(67) Pause Mark Start 0.017ms
[2026-04-03T02:34:45.115+0600][51.796s][info][gc,phases   ] GC(67) Concurrent Mark 192.816ms
[2026-04-03T02:34:45.115+0600][51.796s][info][gc,phases   ] GC(67) Pause Mark End 0.037ms
[2026-04-03T02:34:45.115+0600][51.796s][info][gc,phases   ] GC(67) Concurrent Mark Free 0.005ms
[2026-04-03T02:34:45.144+0600][51.825s][info][gc,phases   ] GC(67) Concurrent Process Non-Strong References 28.539ms
[2026-04-03T02:34:45.144+0600][51.825s][info][gc,phases   ] GC(67) Concurrent Reset Relocation Set 0.014ms
[2026-04-03T02:34:45.147+0600][51.829s][info][gc,phases   ] GC(67) Concurrent Select Relocation Set 3.489ms
[2026-04-03T02:34:45.148+0600][51.829s][info][gc,phases   ] GC(67) Pause Relocate Start 0.014ms
[2026-04-03T02:34:45.156+0600][51.837s][info][gc,phases   ] GC(67) Concurrent Relocate 7.845ms
[2026-04-03T02:34:45.156+0600][51.837s][info][gc,load     ] GC(67) Load: 6.28/5.83/5.84
[2026-04-03T02:34:45.156+0600][51.837s][info][gc,mmu      ] GC(67) MMU: 2ms/89.3%, 5ms/95.7%, 10ms/97.9%, 20ms/98.9%, 50ms/99.6%, 100ms/99.8%
[2026-04-03T02:34:45.156+0600][51.837s][info][gc,marking  ] GC(67) Mark: 2 stripe(s), 3 proactive flush(es), 1 terminate flush(es), 0 completion(s), 0 continuation(s) 
[2026-04-03T02:34:45.156+0600][51.837s][info][gc,marking  ] GC(67) Mark Stack Usage: 32M
[2026-04-03T02:34:45.156+0600][51.837s][info][gc,nmethod  ] GC(67) NMethods: 14786 registered, 1986 unregistered
[2026-04-03T02:34:45.156+0600][51.837s][info][gc,metaspace] GC(67) Metaspace: 127M used, 129M committed, 1152M reserved
[2026-04-03T02:34:45.156+0600][51.837s][info][gc,ref      ] GC(67) Soft: 3465 encountered, 0 discovered, 0 enqueued
[2026-04-03T02:34:45.156+0600][51.837s][info][gc,ref      ] GC(67) Weak: 16568 encountered, 9279 discovered, 1727 enqueued
[2026-04-03T02:34:45.156+0600][51.837s][info][gc,ref      ] GC(67) Final: 84 encountered, 48 discovered, 0 enqueued
[2026-04-03T02:34:45.156+0600][51.837s][info][gc,ref      ] GC(67) Phantom: 620 encountered, 562 discovered, 0 enqueued
[2026-04-03T02:34:45.156+0600][51.837s][info][gc,reloc    ] GC(67) Small Pages: 375 / 750M, Empty: 262M, Relocated: 6M, In-Place: 0
[2026-04-03T02:34:45.156+0600][51.837s][info][gc,reloc    ] GC(67) Medium Pages: 5 / 160M, Empty: 128M, Relocated: 0M, In-Place: 0
[2026-04-03T02:34:45.156+0600][51.837s][info][gc,reloc    ] GC(67) Large Pages: 18 / 108M, Empty: 108M, Relocated: 0M, In-Place: 0
[2026-04-03T02:34:45.156+0600][51.837s][info][gc,reloc    ] GC(67) Forwarding Usage: 1M
[2026-04-03T02:34:45.156+0600][51.837s][info][gc,heap     ] GC(67) Min Capacity: 8M(1%)
[2026-04-03T02:34:45.156+0600][51.837s][info][gc,heap     ] GC(67) Max Capacity: 1500M(100%)
[2026-04-03T02:34:45.156+0600][51.837s][info][gc,heap     ] GC(67) Soft Max Capacity: 1500M(100%)
[2026-04-03T02:34:45.156+0600][51.837s][info][gc,heap     ] GC(67)                Mark Start          Mark End        Relocate Start      Relocate End           High               Low         
[2026-04-03T02:34:45.156+0600][51.837s][info][gc,heap     ] GC(67)  Capacity:     1500M (100%)       1500M (100%)       1500M (100%)       1500M (100%)       1500M (100%)       1500M (100%)   
[2026-04-03T02:34:45.156+0600][51.837s][info][gc,heap     ] GC(67)      Free:      482M (32%)         180M (12%)         660M (44%)        1026M (68%)        1028M (69%)         170M (11%)    
[2026-04-03T02:34:45.156+0600][51.837s][info][gc,heap     ] GC(67)      Used:     1018M (68%)        1320M (88%)         840M (56%)         474M (32%)        1330M (89%)         472M (31%)    
[2026-04-03T02:34:45.156+0600][51.837s][info][gc,heap     ] GC(67)      Live:         -               106M (7%)          106M (7%)          106M (7%)             -                  -          
[2026-04-03T02:34:45.156+0600][51.837s][info][gc,heap     ] GC(67) Allocated:         -               302M (20%)         320M (21%)         329M (22%)            -                  -          
[2026-04-03T02:34:45.156+0600][51.837s][info][gc,heap     ] GC(67)   Garbage:         -               911M (61%)         413M (28%)          37M (3%)             -                  -          
[2026-04-03T02:34:45.156+0600][51.837s][info][gc,heap     ] GC(67) Reclaimed:         -                  -               498M (33%)         873M (58%)            -                  -          
[2026-04-03T02:34:45.156+0600][51.837s][info][gc          ] GC(67) Garbage Collection (Allocation Rate) 1018M(68%)->474M(32%)
[2026-04-03T02:34:45.322+0600][52.003s][info][gc,start    ] GC(68) Garbage Collection (Allocation Rate)
[2026-04-03T02:34:45.322+0600][52.003s][info][gc,task     ] GC(68) Using 3 workers
[2026-04-03T02:34:45.330+0600][52.011s][info][gc,phases   ] GC(68) Pause Mark Start 0.012ms
[2026-04-03T02:34:45.413+0600][52.094s][info][gc,phases   ] GC(68) Concurrent Mark 82.925ms
[2026-04-03T02:34:45.415+0600][52.096s][info][gc,phases   ] GC(68) Pause Mark End 0.054ms
[2026-04-03T02:34:45.415+0600][52.096s][info][gc,phases   ] GC(68) Concurrent Mark Free 0.003ms
[2026-04-03T02:34:45.437+0600][52.118s][info][gc,phases   ] GC(68) Concurrent Process Non-Strong References 21.552ms
[2026-04-03T02:34:45.437+0600][52.118s][info][gc,phases   ] GC(68) Concurrent Reset Relocation Set 0.020ms
[2026-04-03T02:34:45.441+0600][52.123s][info][gc,phases   ] GC(68) Concurrent Select Relocation Set 4.535ms
[2026-04-03T02:34:45.442+0600][52.123s][info][gc,phases   ] GC(68) Pause Relocate Start 0.017ms
[2026-04-03T02:34:45.457+0600][52.138s][info][gc,phases   ] GC(68) Concurrent Relocate 14.884ms
[2026-04-03T02:34:45.457+0600][52.138s][info][gc,load     ] GC(68) Load: 6.28/5.83/5.84
[2026-04-03T02:34:45.457+0600][52.138s][info][gc,mmu      ] GC(68) MMU: 2ms/89.3%, 5ms/95.7%, 10ms/97.9%, 20ms/98.9%, 50ms/99.6%, 100ms/99.8%
[2026-04-03T02:34:45.457+0600][52.139s][info][gc,marking  ] GC(68) Mark: 2 stripe(s), 2 proactive flush(es), 1 terminate flush(es), 0 completion(s), 0 continuation(s) 
[2026-04-03T02:34:45.457+0600][52.139s][info][gc,marking  ] GC(68) Mark Stack Usage: 32M
[2026-04-03T02:34:45.457+0600][52.139s][info][gc,nmethod  ] GC(68) NMethods: 14796 registered, 1993 unregistered
[2026-04-03T02:34:45.457+0600][52.139s][info][gc,metaspace] GC(68) Metaspace: 127M used, 129M committed, 1152M reserved
[2026-04-03T02:34:45.457+0600][52.139s][info][gc,ref      ] GC(68) Soft: 3460 encountered, 0 discovered, 0 enqueued
[2026-04-03T02:34:45.457+0600][52.139s][info][gc,ref      ] GC(68) Weak: 15296 encountered, 7347 discovered, 573 enqueued
[2026-04-03T02:34:45.457+0600][52.139s][info][gc,ref      ] GC(68) Final: 84 encountered, 0 discovered, 0 enqueued
[2026-04-03T02:34:45.457+0600][52.139s][info][gc,ref      ] GC(68) Phantom: 620 encountered, 593 discovered, 0 enqueued
[2026-04-03T02:34:45.457+0600][52.139s][info][gc,reloc    ] GC(68) Small Pages: 254 / 508M, Empty: 254M, Relocated: 6M, In-Place: 0
[2026-04-03T02:34:45.457+0600][52.139s][info][gc,reloc    ] GC(68) Medium Pages: 3 / 96M, Empty: 32M, Relocated: 11M, In-Place: 0
[2026-04-03T02:34:45.457+0600][52.139s][info][gc,reloc    ] GC(68) Large Pages: 70 / 420M, Empty: 420M, Relocated: 0M, In-Place: 0
[2026-04-03T02:34:45.457+0600][52.139s][info][gc,reloc    ] GC(68) Forwarding Usage: 1M
[2026-04-03T02:34:45.457+0600][52.139s][info][gc,heap     ] GC(68) Min Capacity: 8M(1%)
[2026-04-03T02:34:45.457+0600][52.139s][info][gc,heap     ] GC(68) Max Capacity: 1500M(100%)
[2026-04-03T02:34:45.457+0600][52.139s][info][gc,heap     ] GC(68) Soft Max Capacity: 1500M(100%)
[2026-04-03T02:34:45.457+0600][52.139s][info][gc,heap     ] GC(68)                Mark Start          Mark End        Relocate Start      Relocate End           High               Low         
[2026-04-03T02:34:45.457+0600][52.139s][info][gc,heap     ] GC(68)  Capacity:     1500M (100%)       1500M (100%)       1500M (100%)       1500M (100%)       1500M (100%)       1500M (100%)   
[2026-04-03T02:34:45.457+0600][52.139s][info][gc,heap     ] GC(68)      Free:      476M (32%)         324M (22%)         904M (60%)         892M (59%)         962M (64%)         224M (15%)    
[2026-04-03T02:34:45.457+0600][52.139s][info][gc,heap     ] GC(68)      Used:     1024M (68%)        1176M (78%)         596M (40%)         608M (41%)        1276M (85%)         538M (36%)    
[2026-04-03T02:34:45.457+0600][52.139s][info][gc,heap     ] GC(68)      Live:         -               107M (7%)          107M (7%)          107M (7%)             -                  -          
[2026-04-03T02:34:45.457+0600][52.139s][info][gc,heap     ] GC(68) Allocated:         -               152M (10%)         278M (19%)         463M (31%)            -                  -          
[2026-04-03T02:34:45.457+0600][52.139s][info][gc,heap     ] GC(68)   Garbage:         -               916M (61%)         210M (14%)          36M (2%)             -                  -          
[2026-04-03T02:34:45.457+0600][52.139s][info][gc,heap     ] GC(68) Reclaimed:         -                  -               706M (47%)         879M (59%)            -                  -          
[2026-04-03T02:34:45.457+0600][52.139s][info][gc          ] GC(68) Garbage Collection (Allocation Rate) 1024M(68%)->608M(41%)
[2026-04-03T02:34:45.521+0600][52.202s][info][gc,start    ] GC(69) Garbage Collection (Allocation Rate)
[2026-04-03T02:34:45.521+0600][52.202s][info][gc,task     ] GC(69) Using 3 workers
[2026-04-03T02:34:45.521+0600][52.203s][info][gc,phases   ] GC(69) Pause Mark Start 0.026ms
[2026-04-03T02:34:45.617+0600][52.299s][info][gc,phases   ] GC(69) Concurrent Mark 95.888ms
[2026-04-03T02:34:45.617+0600][52.299s][info][gc,phases   ] GC(69) Pause Mark End 0.035ms
[2026-04-03T02:34:45.618+0600][52.299s][info][gc,phases   ] GC(69) Concurrent Mark Free 0.004ms
[2026-04-03T02:34:45.638+0600][52.319s][info][gc,phases   ] GC(69) Concurrent Process Non-Strong References 20.077ms
[2026-04-03T02:34:45.638+0600][52.319s][info][gc,phases   ] GC(69) Concurrent Reset Relocation Set 0.012ms
[2026-04-03T02:34:45.642+0600][52.324s][info][gc,phases   ] GC(69) Concurrent Select Relocation Set 4.110ms
[2026-04-03T02:34:45.643+0600][52.324s][info][gc,phases   ] GC(69) Pause Relocate Start 0.016ms
[2026-04-03T02:34:45.647+0600][52.329s][info][gc,phases   ] GC(69) Concurrent Relocate 4.582ms
[2026-04-03T02:34:45.648+0600][52.329s][info][gc,load     ] GC(69) Load: 6.28/5.83/5.84
[2026-04-03T02:34:45.648+0600][52.329s][info][gc,mmu      ] GC(69) MMU: 2ms/89.3%, 5ms/95.7%, 10ms/97.9%, 20ms/98.9%, 50ms/99.6%, 100ms/99.8%
[2026-04-03T02:34:45.648+0600][52.329s][info][gc,marking  ] GC(69) Mark: 2 stripe(s), 2 proactive flush(es), 1 terminate flush(es), 0 completion(s), 0 continuation(s) 
[2026-04-03T02:34:45.648+0600][52.329s][info][gc,marking  ] GC(69) Mark Stack Usage: 32M
[2026-04-03T02:34:45.648+0600][52.329s][info][gc,nmethod  ] GC(69) NMethods: 14835 registered, 2001 unregistered
[2026-04-03T02:34:45.648+0600][52.329s][info][gc,metaspace] GC(69) Metaspace: 128M used, 129M committed, 1152M reserved
[2026-04-03T02:34:45.648+0600][52.329s][info][gc,ref      ] GC(69) Soft: 3468 encountered, 0 discovered, 0 enqueued
[2026-04-03T02:34:45.648+0600][52.329s][info][gc,ref      ] GC(69) Weak: 14935 encountered, 4140 discovered, 379 enqueued
[2026-04-03T02:34:45.648+0600][52.329s][info][gc,ref      ] GC(69) Final: 84 encountered, 0 discovered, 0 enqueued
[2026-04-03T02:34:45.648+0600][52.329s][info][gc,ref      ] GC(69) Phantom: 620 encountered, 591 discovered, 0 enqueued
[2026-04-03T02:34:45.648+0600][52.329s][info][gc,reloc    ] GC(69) Small Pages: 129 / 258M, Empty: 14M, Relocated: 6M, In-Place: 0
[2026-04-03T02:34:45.648+0600][52.329s][info][gc,reloc    ] GC(69) Medium Pages: 2 / 64M, Empty: 32M, Relocated: 0M, In-Place: 0
[2026-04-03T02:34:45.648+0600][52.329s][info][gc,reloc    ] GC(69) Large Pages: 66 / 396M, Empty: 396M, Relocated: 0M, In-Place: 0
[2026-04-03T02:34:45.648+0600][52.329s][info][gc,reloc    ] GC(69) Forwarding Usage: 2M
[2026-04-03T02:34:45.648+0600][52.329s][info][gc,heap     ] GC(69) Min Capacity: 8M(1%)
[2026-04-03T02:34:45.648+0600][52.329s][info][gc,heap     ] GC(69) Max Capacity: 1500M(100%)
[2026-04-03T02:34:45.648+0600][52.329s][info][gc,heap     ] GC(69) Soft Max Capacity: 1500M(100%)
[2026-04-03T02:34:45.648+0600][52.329s][info][gc,heap     ] GC(69)                Mark Start          Mark End        Relocate Start      Relocate End           High               Low         
[2026-04-03T02:34:45.648+0600][52.329s][info][gc,heap     ] GC(69)  Capacity:     1500M (100%)       1500M (100%)       1500M (100%)       1500M (100%)       1500M (100%)       1500M (100%)   
[2026-04-03T02:34:45.648+0600][52.329s][info][gc,heap     ] GC(69)      Free:      782M (52%)         680M (45%)        1114M (74%)        1246M (83%)        1246M (83%)         672M (45%)    
[2026-04-03T02:34:45.648+0600][52.329s][info][gc,heap     ] GC(69)      Used:      718M (48%)         820M (55%)         386M (26%)         254M (17%)         828M (55%)         254M (17%)    
[2026-04-03T02:34:45.648+0600][52.329s][info][gc,heap     ] GC(69)      Live:         -               101M (7%)          101M (7%)          101M (7%)             -                  -          
[2026-04-03T02:34:45.648+0600][52.329s][info][gc,heap     ] GC(69) Allocated:         -               102M (7%)          110M (7%)          113M (8%)             -                  -          
[2026-04-03T02:34:45.648+0600][52.329s][info][gc,heap     ] GC(69)   Garbage:         -               616M (41%)         174M (12%)          38M (3%)             -                  -          
[2026-04-03T02:34:45.648+0600][52.329s][info][gc,heap     ] GC(69) Reclaimed:         -                  -               442M (29%)         577M (39%)            -                  -          
[2026-04-03T02:34:45.648+0600][52.329s][info][gc          ] GC(69) Garbage Collection (Allocation Rate) 718M(48%)->254M(17%)
[2026-04-03T02:34:46.122+0600][52.803s][info][gc,start    ] GC(70) Garbage Collection (Allocation Rate)
[2026-04-03T02:34:46.122+0600][52.803s][info][gc,task     ] GC(70) Using 2 workers
[2026-04-03T02:34:46.122+0600][52.803s][info][gc,phases   ] GC(70) Pause Mark Start 0.010ms
[2026-04-03T02:34:46.293+0600][52.974s][info][gc,phases   ] GC(70) Concurrent Mark 170.953ms
[2026-04-03T02:34:46.293+0600][52.975s][info][gc,phases   ] GC(70) Pause Mark End 0.026ms
[2026-04-03T02:34:46.294+0600][52.975s][info][gc,phases   ] GC(70) Concurrent Mark Free 0.002ms
[2026-04-03T02:34:46.328+0600][53.010s][info][gc,phases   ] GC(70) Concurrent Process Non-Strong References 34.772ms
[2026-04-03T02:34:46.328+0600][53.010s][info][gc,phases   ] GC(70) Concurrent Reset Relocation Set 0.012ms
[2026-04-03T02:34:46.332+0600][53.014s][info][gc,phases   ] GC(70) Concurrent Select Relocation Set 3.959ms
[2026-04-03T02:34:46.333+0600][53.014s][info][gc,phases   ] GC(70) Pause Relocate Start 0.017ms
[2026-04-03T02:34:46.340+0600][53.022s][info][gc,phases   ] GC(70) Concurrent Relocate 7.169ms
[2026-04-03T02:34:46.340+0600][53.022s][info][gc,load     ] GC(70) Load: 6.28/5.83/5.84
[2026-04-03T02:34:46.340+0600][53.022s][info][gc,mmu      ] GC(70) MMU: 2ms/89.3%, 5ms/95.7%, 10ms/97.9%, 20ms/98.9%, 50ms/99.6%, 100ms/99.8%
[2026-04-03T02:34:46.340+0600][53.022s][info][gc,marking  ] GC(70) Mark: 2 stripe(s), 2 proactive flush(es), 1 terminate flush(es), 0 completion(s), 0 continuation(s) 
[2026-04-03T02:34:46.340+0600][53.022s][info][gc,marking  ] GC(70) Mark Stack Usage: 32M
[2026-04-03T02:34:46.340+0600][53.022s][info][gc,nmethod  ] GC(70) NMethods: 14875 registered, 2015 unregistered
[2026-04-03T02:34:46.340+0600][53.022s][info][gc,metaspace] GC(70) Metaspace: 128M used, 129M committed, 1152M reserved
[2026-04-03T02:34:46.340+0600][53.022s][info][gc,ref      ] GC(70) Soft: 3476 encountered, 0 discovered, 0 enqueued
[2026-04-03T02:34:46.340+0600][53.022s][info][gc,ref      ] GC(70) Weak: 15193 encountered, 4811 discovered, 251 enqueued
[2026-04-03T02:34:46.340+0600][53.022s][info][gc,ref      ] GC(70) Final: 84 encountered, 0 discovered, 0 enqueued
[2026-04-03T02:34:46.340+0600][53.022s][info][gc,ref      ] GC(70) Phantom: 620 encountered, 568 discovered, 0 enqueued
[2026-04-03T02:34:46.340+0600][53.022s][info][gc,reloc    ] GC(70) Small Pages: 248 / 496M, Empty: 92M, Relocated: 6M, In-Place: 0
[2026-04-03T02:34:46.340+0600][53.022s][info][gc,reloc    ] GC(70) Medium Pages: 3 / 96M, Empty: 64M, Relocated: 0M, In-Place: 0
[2026-04-03T02:34:46.340+0600][53.022s][info][gc,reloc    ] GC(70) Large Pages: 10 / 60M, Empty: 60M, Relocated: 0M, In-Place: 0
[2026-04-03T02:34:46.340+0600][53.022s][info][gc,reloc    ] GC(70) Forwarding Usage: 2M
[2026-04-03T02:34:46.340+0600][53.022s][info][gc,heap     ] GC(70) Min Capacity: 8M(1%)
[2026-04-03T02:34:46.340+0600][53.022s][info][gc,heap     ] GC(70) Max Capacity: 1500M(100%)
[2026-04-03T02:34:46.340+0600][53.022s][info][gc,heap     ] GC(70) Soft Max Capacity: 1500M(100%)
[2026-04-03T02:34:46.340+0600][53.022s][info][gc,heap     ] GC(70)                Mark Start          Mark End        Relocate Start      Relocate End           High               Low         
[2026-04-03T02:34:46.341+0600][53.022s][info][gc,heap     ] GC(70)  Capacity:     1500M (100%)       1500M (100%)       1500M (100%)       1500M (100%)       1500M (100%)       1500M (100%)   
[2026-04-03T02:34:46.341+0600][53.022s][info][gc,heap     ] GC(70)      Free:      848M (57%)         622M (41%)         800M (53%)        1080M (72%)        1086M (72%)         584M (39%)    
[2026-04-03T02:34:46.341+0600][53.022s][info][gc,heap     ] GC(70)      Used:      652M (43%)         878M (59%)         700M (47%)         420M (28%)         916M (61%)         414M (28%)    
[2026-04-03T02:34:46.341+0600][53.022s][info][gc,heap     ] GC(70)      Live:         -               104M (7%)          104M (7%)          104M (7%)             -                  -          
[2026-04-03T02:34:46.341+0600][53.022s][info][gc,heap     ] GC(70) Allocated:         -               226M (15%)         264M (18%)         279M (19%)            -                  -          
[2026-04-03T02:34:46.341+0600][53.022s][info][gc,heap     ] GC(70)   Garbage:         -               547M (37%)         331M (22%)          36M (2%)             -                  -          
[2026-04-03T02:34:46.341+0600][53.022s][info][gc,heap     ] GC(70) Reclaimed:         -                  -               216M (14%)         511M (34%)            -                  -          
[2026-04-03T02:34:46.341+0600][53.022s][info][gc          ] GC(70) Garbage Collection (Allocation Rate) 652M(43%)->420M(28%)
[2026-04-03T02:34:46.421+0600][53.103s][info][gc,start    ] GC(71) Garbage Collection (Allocation Rate)
[2026-04-03T02:34:46.421+0600][53.103s][info][gc,task     ] GC(71) Using 2 workers
[2026-04-03T02:34:46.421+0600][53.103s][info][gc,phases   ] GC(71) Pause Mark Start 0.013ms
[2026-04-03T02:34:46.588+0600][53.270s][info][gc,phases   ] GC(71) Concurrent Mark 166.514ms
[2026-04-03T02:34:46.588+0600][53.270s][info][gc,phases   ] GC(71) Pause Mark End 0.063ms
[2026-04-03T02:34:46.589+0600][53.270s][info][gc,phases   ] GC(71) Concurrent Mark Free 0.002ms
[2026-04-03T02:34:46.623+0600][53.304s][info][gc,phases   ] GC(71) Concurrent Process Non-Strong References 34.200ms
[2026-04-03T02:34:46.623+0600][53.304s][info][gc,phases   ] GC(71) Concurrent Reset Relocation Set 0.019ms
[2026-04-03T02:34:46.628+0600][53.309s][info][gc,phases   ] GC(71) Concurrent Select Relocation Set 4.711ms
[2026-04-03T02:34:46.628+0600][53.309s][info][gc,phases   ] GC(71) Pause Relocate Start 0.019ms
[2026-04-03T02:34:46.634+0600][53.316s][info][gc,phases   ] GC(71) Concurrent Relocate 6.038ms
[2026-04-03T02:34:46.634+0600][53.316s][info][gc,load     ] GC(71) Load: 6.28/5.83/5.84
[2026-04-03T02:34:46.634+0600][53.316s][info][gc,mmu      ] GC(71) MMU: 2ms/89.3%, 5ms/95.7%, 10ms/97.9%, 20ms/98.9%, 50ms/99.6%, 100ms/99.8%
[2026-04-03T02:34:46.634+0600][53.316s][info][gc,marking  ] GC(71) Mark: 2 stripe(s), 2 proactive flush(es), 1 terminate flush(es), 0 completion(s), 0 continuation(s) 
[2026-04-03T02:34:46.634+0600][53.316s][info][gc,marking  ] GC(71) Mark Stack Usage: 32M
[2026-04-03T02:34:46.634+0600][53.316s][info][gc,nmethod  ] GC(71) NMethods: 14901 registered, 2026 unregistered
[2026-04-03T02:34:46.634+0600][53.316s][info][gc,metaspace] GC(71) Metaspace: 128M used, 129M committed, 1152M reserved
[2026-04-03T02:34:46.634+0600][53.316s][info][gc,ref      ] GC(71) Soft: 3476 encountered, 0 discovered, 0 enqueued
[2026-04-03T02:34:46.634+0600][53.316s][info][gc,ref      ] GC(71) Weak: 15447 encountered, 5813 discovered, 25 enqueued
[2026-04-03T02:34:46.634+0600][53.316s][info][gc,ref      ] GC(71) Final: 84 encountered, 48 discovered, 0 enqueued
[2026-04-03T02:34:46.634+0600][53.316s][info][gc,ref      ] GC(71) Phantom: 620 encountered, 298 discovered, 0 enqueued
[2026-04-03T02:34:46.634+0600][53.316s][info][gc,reloc    ] GC(71) Small Pages: 181 / 362M, Empty: 96M, Relocated: 4M, In-Place: 0
[2026-04-03T02:34:46.634+0600][53.316s][info][gc,reloc    ] GC(71) Medium Pages: 3 / 96M, Empty: 64M, Relocated: 0M, In-Place: 0
[2026-04-03T02:34:46.634+0600][53.316s][info][gc,reloc    ] GC(71) Large Pages: 7 / 42M, Empty: 42M, Relocated: 0M, In-Place: 0
[2026-04-03T02:34:46.634+0600][53.316s][info][gc,reloc    ] GC(71) Forwarding Usage: 1M
[2026-04-03T02:34:46.634+0600][53.316s][info][gc,heap     ] GC(71) Min Capacity: 8M(1%)
[2026-04-03T02:34:46.634+0600][53.316s][info][gc,heap     ] GC(71) Max Capacity: 1500M(100%)
[2026-04-03T02:34:46.634+0600][53.316s][info][gc,heap     ] GC(71) Soft Max Capacity: 1500M(100%)
[2026-04-03T02:34:46.634+0600][53.316s][info][gc,heap     ] GC(71)                Mark Start          Mark End        Relocate Start      Relocate End           High               Low         
[2026-04-03T02:34:46.634+0600][53.316s][info][gc,heap     ] GC(71)  Capacity:     1500M (100%)       1500M (100%)       1500M (100%)       1500M (100%)       1500M (100%)       1500M (100%)   
[2026-04-03T02:34:46.634+0600][53.316s][info][gc,heap     ] GC(71)      Free:     1000M (67%)         762M (51%)         912M (61%)        1062M (71%)        1062M (71%)         710M (47%)    
[2026-04-03T02:34:46.634+0600][53.316s][info][gc,heap     ] GC(71)      Used:      500M (33%)         738M (49%)         588M (39%)         438M (29%)         790M (53%)         438M (29%)    
[2026-04-03T02:34:46.634+0600][53.316s][info][gc,heap     ] GC(71)      Live:         -               103M (7%)          103M (7%)          103M (7%)             -                  -          
[2026-04-03T02:34:46.634+0600][53.316s][info][gc,heap     ] GC(71) Allocated:         -               238M (16%)         290M (19%)         295M (20%)            -                  -          
[2026-04-03T02:34:46.634+0600][53.316s][info][gc,heap     ] GC(71)   Garbage:         -               396M (26%)         194M (13%)          38M (3%)             -                  -          
[2026-04-03T02:34:46.635+0600][53.316s][info][gc,heap     ] GC(71) Reclaimed:         -                  -               202M (13%)         357M (24%)            -                  -          
[2026-04-03T02:34:46.635+0600][53.316s][info][gc          ] GC(71) Garbage Collection (Allocation Rate) 500M(33%)->438M(29%)
[2026-04-03T02:34:46.721+0600][53.403s][info][gc,start    ] GC(72) Garbage Collection (Allocation Rate)
[2026-04-03T02:34:46.722+0600][53.403s][info][gc,task     ] GC(72) Using 2 workers
[2026-04-03T02:34:46.722+0600][53.403s][info][gc,phases   ] GC(72) Pause Mark Start 0.016ms
[2026-04-03T02:34:46.901+0600][53.583s][info][gc,phases   ] GC(72) Concurrent Mark 179.097ms
[2026-04-03T02:34:46.901+0600][53.583s][info][gc,phases   ] GC(72) Pause Mark End 0.063ms
[2026-04-03T02:34:46.902+0600][53.583s][info][gc,phases   ] GC(72) Concurrent Mark Free 0.003ms
[2026-04-03T02:34:46.926+0600][53.607s][info][gc,phases   ] GC(72) Concurrent Process Non-Strong References 23.977ms
[2026-04-03T02:34:46.926+0600][53.607s][info][gc,phases   ] GC(72) Concurrent Reset Relocation Set 0.007ms
[2026-04-03T02:34:46.929+0600][53.610s][info][gc,phases   ] GC(72) Concurrent Select Relocation Set 2.997ms
[2026-04-03T02:34:46.929+0600][53.610s][info][gc,phases   ] GC(72) Pause Relocate Start 0.014ms
[2026-04-03T02:34:46.938+0600][53.620s][info][gc,phases   ] GC(72) Concurrent Relocate 9.132ms
[2026-04-03T02:34:46.938+0600][53.620s][info][gc,load     ] GC(72) Load: 6.28/5.83/5.84
[2026-04-03T02:34:46.938+0600][53.620s][info][gc,mmu      ] GC(72) MMU: 2ms/89.3%, 5ms/95.7%, 10ms/97.9%, 20ms/98.9%, 50ms/99.6%, 100ms/99.8%
[2026-04-03T02:34:46.938+0600][53.620s][info][gc,marking  ] GC(72) Mark: 2 stripe(s), 2 proactive flush(es), 1 terminate flush(es), 0 completion(s), 0 continuation(s) 
[2026-04-03T02:34:46.938+0600][53.620s][info][gc,marking  ] GC(72) Mark Stack Usage: 32M
[2026-04-03T02:34:46.938+0600][53.620s][info][gc,nmethod  ] GC(72) NMethods: 14913 registered, 2033 unregistered
[2026-04-03T02:34:46.938+0600][53.620s][info][gc,metaspace] GC(72) Metaspace: 128M used, 129M committed, 1152M reserved
[2026-04-03T02:34:46.938+0600][53.620s][info][gc,ref      ] GC(72) Soft: 3476 encountered, 0 discovered, 0 enqueued
[2026-04-03T02:34:46.938+0600][53.620s][info][gc,ref      ] GC(72) Weak: 15926 encountered, 4218 discovered, 15 enqueued
[2026-04-03T02:34:46.938+0600][53.620s][info][gc,ref      ] GC(72) Final: 84 encountered, 0 discovered, 0 enqueued
[2026-04-03T02:34:46.938+0600][53.620s][info][gc,ref      ] GC(72) Phantom: 620 encountered, 365 discovered, 0 enqueued
[2026-04-03T02:34:46.938+0600][53.620s][info][gc,reloc    ] GC(72) Small Pages: 200 / 400M, Empty: 124M, Relocated: 8M, In-Place: 0
[2026-04-03T02:34:46.938+0600][53.620s][info][gc,reloc    ] GC(72) Medium Pages: 3 / 96M, Empty: 64M, Relocated: 0M, In-Place: 0
[2026-04-03T02:34:46.939+0600][53.620s][info][gc,reloc    ] GC(72) Large Pages: 7 / 42M, Empty: 42M, Relocated: 0M, In-Place: 0
[2026-04-03T02:34:46.939+0600][53.620s][info][gc,reloc    ] GC(72) Forwarding Usage: 2M
[2026-04-03T02:34:46.939+0600][53.620s][info][gc,heap     ] GC(72) Min Capacity: 8M(1%)
[2026-04-03T02:34:46.939+0600][53.620s][info][gc,heap     ] GC(72) Max Capacity: 1500M(100%)
[2026-04-03T02:34:46.939+0600][53.620s][info][gc,heap     ] GC(72) Soft Max Capacity: 1500M(100%)
[2026-04-03T02:34:46.939+0600][53.620s][info][gc,heap     ] GC(72)                Mark Start          Mark End        Relocate Start      Relocate End           High               Low         
[2026-04-03T02:34:46.939+0600][53.620s][info][gc,heap     ] GC(72)  Capacity:     1500M (100%)       1500M (100%)       1500M (100%)       1500M (100%)       1500M (100%)       1500M (100%)   
[2026-04-03T02:34:46.939+0600][53.620s][info][gc,heap     ] GC(72)      Free:      962M (64%)         778M (52%)         960M (64%)        1124M (75%)        1124M (75%)         740M (49%)    
[2026-04-03T02:34:46.939+0600][53.620s][info][gc,heap     ] GC(72)      Used:      538M (36%)         722M (48%)         540M (36%)         376M (25%)         760M (51%)         376M (25%)    
[2026-04-03T02:34:46.939+0600][53.620s][info][gc,heap     ] GC(72)      Live:         -               106M (7%)          106M (7%)          106M (7%)             -                  -          
[2026-04-03T02:34:46.939+0600][53.620s][info][gc,heap     ] GC(72) Allocated:         -               184M (12%)         232M (15%)         233M (16%)            -                  -          
[2026-04-03T02:34:46.939+0600][53.620s][info][gc,heap     ] GC(72)   Garbage:         -               431M (29%)         201M (13%)          35M (2%)             -                  -          
[2026-04-03T02:34:46.939+0600][53.620s][info][gc,heap     ] GC(72) Reclaimed:         -                  -               230M (15%)         395M (26%)            -                  -          
[2026-04-03T02:34:46.939+0600][53.620s][info][gc          ] GC(72) Garbage Collection (Allocation Rate) 538M(36%)->376M(25%)
[2026-04-03T02:34:47.521+0600][54.203s][info][gc,start    ] GC(73) Garbage Collection (Allocation Rate)
[2026-04-03T02:34:47.521+0600][54.203s][info][gc,task     ] GC(73) Using 2 workers
[2026-04-03T02:34:47.522+0600][54.203s][info][gc,phases   ] GC(73) Pause Mark Start 0.029ms
[2026-04-03T02:34:47.706+0600][54.387s][info][gc,phases   ] GC(73) Concurrent Mark 183.656ms
[2026-04-03T02:34:47.706+0600][54.387s][info][gc,phases   ] GC(73) Pause Mark End 0.027ms
[2026-04-03T02:34:47.706+0600][54.387s][info][gc,phases   ] GC(73) Concurrent Mark Free 0.002ms
[2026-04-03T02:34:47.737+0600][54.418s][info][gc,phases   ] GC(73) Concurrent Process Non-Strong References 30.645ms
[2026-04-03T02:34:47.737+0600][54.418s][info][gc,phases   ] GC(73) Concurrent Reset Relocation Set 0.017ms
[2026-04-03T02:34:47.742+0600][54.423s][info][gc,phases   ] GC(73) Concurrent Select Relocation Set 4.980ms
[2026-04-03T02:34:47.742+0600][54.424s][info][gc,phases   ] GC(73) Pause Relocate Start 0.017ms
[2026-04-03T02:34:47.756+0600][54.437s][info][gc,phases   ] GC(73) Concurrent Relocate 13.120ms
[2026-04-03T02:34:47.756+0600][54.437s][info][gc,load     ] GC(73) Load: 6.28/5.83/5.84
[2026-04-03T02:34:47.756+0600][54.437s][info][gc,mmu      ] GC(73) MMU: 2ms/89.3%, 5ms/95.7%, 10ms/97.9%, 20ms/98.9%, 50ms/99.6%, 100ms/99.8%
[2026-04-03T02:34:47.756+0600][54.437s][info][gc,marking  ] GC(73) Mark: 2 stripe(s), 2 proactive flush(es), 1 terminate flush(es), 0 completion(s), 0 continuation(s) 
[2026-04-03T02:34:47.756+0600][54.437s][info][gc,marking  ] GC(73) Mark Stack Usage: 32M
[2026-04-03T02:34:47.756+0600][54.437s][info][gc,nmethod  ] GC(73) NMethods: 14925 registered, 2057 unregistered
[2026-04-03T02:34:47.756+0600][54.437s][info][gc,metaspace] GC(73) Metaspace: 128M used, 129M committed, 1152M reserved
[2026-04-03T02:34:47.756+0600][54.437s][info][gc,ref      ] GC(73) Soft: 3476 encountered, 0 discovered, 0 enqueued
[2026-04-03T02:34:47.756+0600][54.437s][info][gc,ref      ] GC(73) Weak: 16907 encountered, 7307 discovered, 1612 enqueued
[2026-04-03T02:34:47.756+0600][54.437s][info][gc,ref      ] GC(73) Final: 84 encountered, 0 discovered, 0 enqueued
[2026-04-03T02:34:47.756+0600][54.437s][info][gc,ref      ] GC(73) Phantom: 620 encountered, 371 discovered, 0 enqueued
[2026-04-03T02:34:47.756+0600][54.437s][info][gc,reloc    ] GC(73) Small Pages: 376 / 752M, Empty: 228M, Relocated: 8M, In-Place: 0
[2026-04-03T02:34:47.756+0600][54.437s][info][gc,reloc    ] GC(73) Medium Pages: 5 / 160M, Empty: 128M, Relocated: 0M, In-Place: 0
[2026-04-03T02:34:47.756+0600][54.437s][info][gc,reloc    ] GC(73) Large Pages: 15 / 90M, Empty: 90M, Relocated: 0M, In-Place: 0
[2026-04-03T02:34:47.756+0600][54.437s][info][gc,reloc    ] GC(73) Forwarding Usage: 2M
[2026-04-03T02:34:47.756+0600][54.437s][info][gc,heap     ] GC(73) Min Capacity: 8M(1%)
[2026-04-03T02:34:47.756+0600][54.437s][info][gc,heap     ] GC(73) Max Capacity: 1500M(100%)
[2026-04-03T02:34:47.756+0600][54.437s][info][gc,heap     ] GC(73) Soft Max Capacity: 1500M(100%)
[2026-04-03T02:34:47.756+0600][54.437s][info][gc,heap     ] GC(73)                Mark Start          Mark End        Relocate Start      Relocate End           High               Low         
[2026-04-03T02:34:47.756+0600][54.437s][info][gc,heap     ] GC(73)  Capacity:     1500M (100%)       1500M (100%)       1500M (100%)       1500M (100%)       1500M (100%)       1500M (100%)   
[2026-04-03T02:34:47.756+0600][54.437s][info][gc,heap     ] GC(73)      Free:      498M (33%)         274M (18%)         674M (45%)        1066M (71%)        1078M (72%)         238M (16%)    
[2026-04-03T02:34:47.756+0600][54.437s][info][gc,heap     ] GC(73)      Used:     1002M (67%)        1226M (82%)         826M (55%)         434M (29%)        1262M (84%)         422M (28%)    
[2026-04-03T02:34:47.756+0600][54.438s][info][gc,heap     ] GC(73)      Live:         -               105M (7%)          105M (7%)          105M (7%)             -                  -          
[2026-04-03T02:34:47.756+0600][54.438s][info][gc,heap     ] GC(73) Allocated:         -               224M (15%)         270M (18%)         291M (19%)            -                  -          
[2026-04-03T02:34:47.756+0600][54.438s][info][gc,heap     ] GC(73)   Garbage:         -               896M (60%)         450M (30%)          36M (2%)             -                  -          
[2026-04-03T02:34:47.756+0600][54.438s][info][gc,heap     ] GC(73) Reclaimed:         -                  -               446M (30%)         859M (57%)            -                  -          
[2026-04-03T02:34:47.756+0600][54.438s][info][gc          ] GC(73) Garbage Collection (Allocation Rate) 1002M(67%)->434M(29%)
[2026-04-03T02:34:48.221+0600][54.902s][info][gc,start    ] GC(74) Garbage Collection (Allocation Rate)
[2026-04-03T02:34:48.221+0600][54.903s][info][gc,task     ] GC(74) Using 2 workers
[2026-04-03T02:34:48.221+0600][54.903s][info][gc,phases   ] GC(74) Pause Mark Start 0.015ms
[2026-04-03T02:34:48.411+0600][55.092s][info][gc,phases   ] GC(74) Concurrent Mark 189.218ms
[2026-04-03T02:34:48.411+0600][55.093s][info][gc,phases   ] GC(74) Pause Mark End 0.035ms
[2026-04-03T02:34:48.411+0600][55.093s][info][gc,phases   ] GC(74) Concurrent Mark Free 0.003ms
[2026-04-03T02:34:48.448+0600][55.129s][info][gc,phases   ] GC(74) Concurrent Process Non-Strong References 36.279ms
[2026-04-03T02:34:48.448+0600][55.129s][info][gc,phases   ] GC(74) Concurrent Reset Relocation Set 0.025ms
[2026-04-03T02:34:48.453+0600][55.134s][info][gc,phases   ] GC(74) Concurrent Select Relocation Set 5.317ms
[2026-04-03T02:34:48.453+0600][55.135s][info][gc,phases   ] GC(74) Pause Relocate Start 0.016ms
[2026-04-03T02:34:48.467+0600][55.149s][info][gc,phases   ] GC(74) Concurrent Relocate 13.554ms
[2026-04-03T02:34:48.467+0600][55.149s][info][gc,load     ] GC(74) Load: 6.28/5.83/5.84
[2026-04-03T02:34:48.467+0600][55.149s][info][gc,mmu      ] GC(74) MMU: 2ms/89.3%, 5ms/95.7%, 10ms/97.9%, 20ms/98.9%, 50ms/99.6%, 100ms/99.8%
[2026-04-03T02:34:48.467+0600][55.149s][info][gc,marking  ] GC(74) Mark: 2 stripe(s), 2 proactive flush(es), 1 terminate flush(es), 0 completion(s), 0 continuation(s) 
[2026-04-03T02:34:48.467+0600][55.149s][info][gc,marking  ] GC(74) Mark Stack Usage: 32M
[2026-04-03T02:34:48.467+0600][55.149s][info][gc,nmethod  ] GC(74) NMethods: 14932 registered, 2064 unregistered
[2026-04-03T02:34:48.467+0600][55.149s][info][gc,metaspace] GC(74) Metaspace: 128M used, 129M committed, 1152M reserved
[2026-04-03T02:34:48.467+0600][55.149s][info][gc,ref      ] GC(74) Soft: 3476 encountered, 0 discovered, 0 enqueued
[2026-04-03T02:34:48.467+0600][55.149s][info][gc,ref      ] GC(74) Weak: 16538 encountered, 5969 discovered, 1726 enqueued
[2026-04-03T02:34:48.467+0600][55.149s][info][gc,ref      ] GC(74) Final: 84 encountered, 0 discovered, 0 enqueued
[2026-04-03T02:34:48.467+0600][55.149s][info][gc,ref      ] GC(74) Phantom: 620 encountered, 563 discovered, 0 enqueued
[2026-04-03T02:34:48.467+0600][55.149s][info][gc,reloc    ] GC(74) Small Pages: 358 / 716M, Empty: 222M, Relocated: 8M, In-Place: 0
[2026-04-03T02:34:48.467+0600][55.149s][info][gc,reloc    ] GC(74) Medium Pages: 5 / 160M, Empty: 128M, Relocated: 0M, In-Place: 0
[2026-04-03T02:34:48.467+0600][55.149s][info][gc,reloc    ] GC(74) Large Pages: 17 / 102M, Empty: 102M, Relocated: 0M, In-Place: 0
[2026-04-03T02:34:48.467+0600][55.149s][info][gc,reloc    ] GC(74) Forwarding Usage: 2M
[2026-04-03T02:34:48.467+0600][55.149s][info][gc,heap     ] GC(74) Min Capacity: 8M(1%)
[2026-04-03T02:34:48.467+0600][55.149s][info][gc,heap     ] GC(74) Max Capacity: 1500M(100%)
[2026-04-03T02:34:48.467+0600][55.149s][info][gc,heap     ] GC(74) Soft Max Capacity: 1500M(100%)
[2026-04-03T02:34:48.467+0600][55.149s][info][gc,heap     ] GC(74)                Mark Start          Mark End        Relocate Start      Relocate End           High               Low         
[2026-04-03T02:34:48.467+0600][55.149s][info][gc,heap     ] GC(74)  Capacity:     1500M (100%)       1500M (100%)       1500M (100%)       1500M (100%)       1500M (100%)       1500M (100%)   
[2026-04-03T02:34:48.468+0600][55.149s][info][gc,heap     ] GC(74)      Free:      522M (35%)         242M (16%)         622M (41%)         966M (64%)         978M (65%)         186M (12%)    
[2026-04-03T02:34:48.468+0600][55.149s][info][gc,heap     ] GC(74)      Used:      978M (65%)        1258M (84%)         878M (59%)         534M (36%)        1314M (88%)         522M (35%)    
[2026-04-03T02:34:48.468+0600][55.149s][info][gc,heap     ] GC(74)      Live:         -               107M (7%)          107M (7%)          107M (7%)             -                  -          
[2026-04-03T02:34:48.468+0600][55.149s][info][gc,heap     ] GC(74) Allocated:         -               280M (19%)         352M (23%)         389M (26%)            -                  -          
[2026-04-03T02:34:48.468+0600][55.149s][info][gc,heap     ] GC(74)   Garbage:         -               870M (58%)         418M (28%)          36M (2%)             -                  -          
[2026-04-03T02:34:48.468+0600][55.149s][info][gc,heap     ] GC(74) Reclaimed:         -                  -               452M (30%)         833M (56%)            -                  -          
[2026-04-03T02:34:48.468+0600][55.149s][info][gc          ] GC(74) Garbage Collection (Allocation Rate) 978M(65%)->534M(36%)
[2026-04-03T02:34:48.621+0600][55.303s][info][gc,start    ] GC(75) Garbage Collection (Allocation Rate)
[2026-04-03T02:34:48.621+0600][55.303s][info][gc,task     ] GC(75) Using 3 workers
[2026-04-03T02:34:48.622+0600][55.303s][info][gc,phases   ] GC(75) Pause Mark Start 0.010ms
[2026-04-03T02:34:48.721+0600][55.402s][info][gc,phases   ] GC(75) Concurrent Mark 98.811ms
[2026-04-03T02:34:48.721+0600][55.402s][info][gc,phases   ] GC(75) Pause Mark End 0.032ms
[2026-04-03T02:34:48.721+0600][55.403s][info][gc,phases   ] GC(75) Concurrent Mark Free 0.003ms
[2026-04-03T02:34:48.740+0600][55.422s][info][gc,phases   ] GC(75) Concurrent Process Non-Strong References 19.178ms
[2026-04-03T02:34:48.741+0600][55.422s][info][gc,phases   ] GC(75) Concurrent Reset Relocation Set 0.021ms
[2026-04-03T02:34:48.744+0600][55.426s][info][gc,phases   ] GC(75) Concurrent Select Relocation Set 3.738ms
[2026-04-03T02:34:48.745+0600][55.426s][info][gc,phases   ] GC(75) Pause Relocate Start 0.015ms
[2026-04-03T02:34:48.752+0600][55.433s][info][gc,phases   ] GC(75) Concurrent Relocate 7.011ms
[2026-04-03T02:34:48.752+0600][55.434s][info][gc,load     ] GC(75) Load: 6.28/5.83/5.84
[2026-04-03T02:34:48.752+0600][55.434s][info][gc,mmu      ] GC(75) MMU: 2ms/89.3%, 5ms/95.7%, 10ms/97.9%, 20ms/98.9%, 50ms/99.6%, 100ms/99.8%
[2026-04-03T02:34:48.752+0600][55.434s][info][gc,marking  ] GC(75) Mark: 2 stripe(s), 2 proactive flush(es), 1 terminate flush(es), 0 completion(s), 0 continuation(s) 
[2026-04-03T02:34:48.752+0600][55.434s][info][gc,marking  ] GC(75) Mark Stack Usage: 32M
[2026-04-03T02:34:48.752+0600][55.434s][info][gc,nmethod  ] GC(75) NMethods: 14933 registered, 2071 unregistered
[2026-04-03T02:34:48.752+0600][55.434s][info][gc,metaspace] GC(75) Metaspace: 128M used, 129M committed, 1152M reserved
[2026-04-03T02:34:48.752+0600][55.434s][info][gc,ref      ] GC(75) Soft: 3468 encountered, 0 discovered, 0 enqueued
[2026-04-03T02:34:48.752+0600][55.434s][info][gc,ref      ] GC(75) Weak: 15343 encountered, 6167 discovered, 572 enqueued
[2026-04-03T02:34:48.752+0600][55.434s][info][gc,ref      ] GC(75) Final: 84 encountered, 0 discovered, 0 enqueued
[2026-04-03T02:34:48.752+0600][55.434s][info][gc,ref      ] GC(75) Phantom: 620 encountered, 596 discovered, 0 enqueued
[2026-04-03T02:34:48.752+0600][55.434s][info][gc,reloc    ] GC(75) Small Pages: 273 / 546M, Empty: 302M, Relocated: 4M, In-Place: 0
[2026-04-03T02:34:48.752+0600][55.434s][info][gc,reloc    ] GC(75) Medium Pages: 3 / 96M, Empty: 64M, Relocated: 0M, In-Place: 0
[2026-04-03T02:34:48.752+0600][55.434s][info][gc,reloc    ] GC(75) Large Pages: 71 / 426M, Empty: 420M, Relocated: 0M, In-Place: 0
[2026-04-03T02:34:48.753+0600][55.434s][info][gc,reloc    ] GC(75) Forwarding Usage: 1M
[2026-04-03T02:34:48.753+0600][55.434s][info][gc,heap     ] GC(75) Min Capacity: 8M(1%)
[2026-04-03T02:34:48.753+0600][55.434s][info][gc,heap     ] GC(75) Max Capacity: 1500M(100%)
[2026-04-03T02:34:48.753+0600][55.434s][info][gc,heap     ] GC(75) Soft Max Capacity: 1500M(100%)
[2026-04-03T02:34:48.753+0600][55.434s][info][gc,heap     ] GC(75)                Mark Start          Mark End        Relocate Start      Relocate End           High               Low         
[2026-04-03T02:34:48.753+0600][55.434s][info][gc,heap     ] GC(75)  Capacity:     1500M (100%)       1500M (100%)       1500M (100%)       1500M (100%)       1500M (100%)       1500M (100%)   
[2026-04-03T02:34:48.753+0600][55.434s][info][gc,heap     ] GC(75)      Free:      432M (29%)         330M (22%)         978M (65%)        1032M (69%)        1102M (73%)         138M (9%)     
[2026-04-03T02:34:48.753+0600][55.434s][info][gc,heap     ] GC(75)      Used:     1068M (71%)        1170M (78%)         522M (35%)         468M (31%)        1362M (91%)         398M (27%)    
[2026-04-03T02:34:48.753+0600][55.434s][info][gc,heap     ] GC(75)      Live:         -               110M (7%)          110M (7%)          110M (7%)             -                  -          
[2026-04-03T02:34:48.753+0600][55.434s][info][gc,heap     ] GC(75) Allocated:         -               102M (7%)          240M (16%)         317M (21%)            -                  -          
[2026-04-03T02:34:48.753+0600][55.434s][info][gc,heap     ] GC(75)   Garbage:         -               957M (64%)         171M (11%)          39M (3%)             -                  -          
[2026-04-03T02:34:48.753+0600][55.434s][info][gc,heap     ] GC(75) Reclaimed:         -                  -               786M (52%)         917M (61%)            -                  -          
[2026-04-03T02:34:48.753+0600][55.434s][info][gc          ] GC(75) Garbage Collection (Allocation Rate) 1068M(71%)->468M(31%)
[2026-04-03T02:34:48.822+0600][55.503s][info][gc,start    ] GC(76) Garbage Collection (Allocation Rate)
[2026-04-03T02:34:48.822+0600][55.503s][info][gc,task     ] GC(76) Using 3 workers
[2026-04-03T02:34:48.822+0600][55.504s][info][gc,phases   ] GC(76) Pause Mark Start 0.012ms
[2026-04-03T02:34:48.912+0600][55.593s][info][gc,phases   ] GC(76) Concurrent Mark 89.338ms
[2026-04-03T02:34:48.912+0600][55.593s][info][gc,phases   ] GC(76) Pause Mark End 0.034ms
[2026-04-03T02:34:48.912+0600][55.594s][info][gc,phases   ] GC(76) Concurrent Mark Free 0.004ms
[2026-04-03T02:34:48.934+0600][55.616s][info][gc,phases   ] GC(76) Concurrent Process Non-Strong References 22.370ms
[2026-04-03T02:34:48.935+0600][55.616s][info][gc,phases   ] GC(76) Concurrent Reset Relocation Set 0.008ms
[2026-04-03T02:34:48.938+0600][55.619s][info][gc,phases   ] GC(76) Concurrent Select Relocation Set 3.269ms
[2026-04-03T02:34:48.938+0600][55.620s][info][gc,phases   ] GC(76) Pause Relocate Start 0.014ms
[2026-04-03T02:34:48.940+0600][55.622s][info][gc,phases   ] GC(76) Concurrent Relocate 2.269ms
[2026-04-03T02:34:48.941+0600][55.622s][info][gc,load     ] GC(76) Load: 6.28/5.83/5.84
[2026-04-03T02:34:48.941+0600][55.622s][info][gc,mmu      ] GC(76) MMU: 2ms/89.3%, 5ms/95.7%, 10ms/97.9%, 20ms/98.9%, 50ms/99.6%, 100ms/99.8%
[2026-04-03T02:34:48.941+0600][55.622s][info][gc,marking  ] GC(76) Mark: 2 stripe(s), 3 proactive flush(es), 1 terminate flush(es), 0 completion(s), 0 continuation(s) 
[2026-04-03T02:34:48.941+0600][55.622s][info][gc,marking  ] GC(76) Mark Stack Usage: 32M
[2026-04-03T02:34:48.941+0600][55.622s][info][gc,nmethod  ] GC(76) NMethods: 14937 registered, 2078 unregistered
[2026-04-03T02:34:48.941+0600][55.622s][info][gc,metaspace] GC(76) Metaspace: 128M used, 129M committed, 1152M reserved
[2026-04-03T02:34:48.941+0600][55.622s][info][gc,ref      ] GC(76) Soft: 3468 encountered, 0 discovered, 0 enqueued
[2026-04-03T02:34:48.941+0600][55.622s][info][gc,ref      ] GC(76) Weak: 14920 encountered, 4155 discovered, 366 enqueued
[2026-04-03T02:34:48.941+0600][55.622s][info][gc,ref      ] GC(76) Final: 84 encountered, 4 discovered, 0 enqueued
[2026-04-03T02:34:48.941+0600][55.622s][info][gc,ref      ] GC(76) Phantom: 620 encountered, 597 discovered, 0 enqueued
[2026-04-03T02:34:48.941+0600][55.622s][info][gc,reloc    ] GC(76) Small Pages: 139 / 278M, Empty: 20M, Relocated: 3M, In-Place: 0
[2026-04-03T02:34:48.941+0600][55.622s][info][gc,reloc    ] GC(76) Medium Pages: 2 / 64M, Empty: 32M, Relocated: 0M, In-Place: 0
[2026-04-03T02:34:48.941+0600][55.622s][info][gc,reloc    ] GC(76) Large Pages: 67 / 402M, Empty: 402M, Relocated: 0M, In-Place: 0
[2026-04-03T02:34:48.941+0600][55.622s][info][gc,reloc    ] GC(76) Forwarding Usage: 1M
[2026-04-03T02:34:48.941+0600][55.622s][info][gc,heap     ] GC(76) Min Capacity: 8M(1%)
[2026-04-03T02:34:48.941+0600][55.622s][info][gc,heap     ] GC(76) Max Capacity: 1500M(100%)
[2026-04-03T02:34:48.941+0600][55.622s][info][gc,heap     ] GC(76) Soft Max Capacity: 1500M(100%)
[2026-04-03T02:34:48.941+0600][55.622s][info][gc,heap     ] GC(76)                Mark Start          Mark End        Relocate Start      Relocate End           High               Low         
[2026-04-03T02:34:48.941+0600][55.622s][info][gc,heap     ] GC(76)  Capacity:     1500M (100%)       1500M (100%)       1500M (100%)       1500M (100%)       1500M (100%)       1500M (100%)   
[2026-04-03T02:34:48.941+0600][55.622s][info][gc,heap     ] GC(76)      Free:      756M (50%)         654M (44%)        1100M (73%)        1248M (83%)        1248M (83%)         652M (43%)    
[2026-04-03T02:34:48.941+0600][55.622s][info][gc,heap     ] GC(76)      Used:      744M (50%)         846M (56%)         400M (27%)         252M (17%)         848M (57%)         252M (17%)    
[2026-04-03T02:34:48.941+0600][55.622s][info][gc,heap     ] GC(76)      Live:         -               101M (7%)          101M (7%)          101M (7%)             -                  -          
[2026-04-03T02:34:48.941+0600][55.622s][info][gc,heap     ] GC(76) Allocated:         -               102M (7%)          110M (7%)          110M (7%)             -                  -          
[2026-04-03T02:34:48.941+0600][55.622s][info][gc,heap     ] GC(76)   Garbage:         -               642M (43%)         188M (13%)          40M (3%)             -                  -          
[2026-04-03T02:34:48.941+0600][55.622s][info][gc,heap     ] GC(76) Reclaimed:         -                  -               454M (30%)         602M (40%)            -                  -          
[2026-04-03T02:34:48.941+0600][55.622s][info][gc          ] GC(76) Garbage Collection (Allocation Rate) 744M(50%)->252M(17%)
[2026-04-03T02:34:49.022+0600][55.703s][info][gc,start    ] GC(77) Garbage Collection (Allocation Rate)
[2026-04-03T02:34:49.022+0600][55.703s][info][gc,task     ] GC(77) Using 3 workers
[2026-04-03T02:34:49.022+0600][55.703s][info][gc,phases   ] GC(77) Pause Mark Start 0.009ms
[2026-04-03T02:34:49.099+0600][55.781s][info][gc,phases   ] GC(77) Concurrent Mark 77.412ms
[2026-04-03T02:34:49.099+0600][55.781s][info][gc,phases   ] GC(77) Pause Mark End 0.027ms
[2026-04-03T02:34:49.099+0600][55.781s][info][gc,phases   ] GC(77) Concurrent Mark Free 0.002ms
[2026-04-03T02:34:49.116+0600][55.797s][info][gc,phases   ] GC(77) Concurrent Process Non-Strong References 16.200ms
[2026-04-03T02:34:49.116+0600][55.797s][info][gc,phases   ] GC(77) Concurrent Reset Relocation Set 0.009ms
[2026-04-03T02:34:49.119+0600][55.801s][info][gc,phases   ] GC(77) Concurrent Select Relocation Set 3.342ms
[2026-04-03T02:34:49.119+0600][55.801s][info][gc,phases   ] GC(77) Pause Relocate Start 0.015ms
[2026-04-03T02:34:49.123+0600][55.805s][info][gc,phases   ] GC(77) Concurrent Relocate 3.755ms
[2026-04-03T02:34:49.123+0600][55.805s][info][gc,load     ] GC(77) Load: 6.28/5.83/5.84
[2026-04-03T02:34:49.123+0600][55.805s][info][gc,mmu      ] GC(77) MMU: 2ms/89.3%, 5ms/95.7%, 10ms/97.9%, 20ms/98.9%, 50ms/99.6%, 100ms/99.8%
[2026-04-03T02:34:49.123+0600][55.805s][info][gc,marking  ] GC(77) Mark: 2 stripe(s), 4 proactive flush(es), 1 terminate flush(es), 0 completion(s), 0 continuation(s) 
[2026-04-03T02:34:49.123+0600][55.805s][info][gc,marking  ] GC(77) Mark Stack Usage: 32M
[2026-04-03T02:34:49.123+0600][55.805s][info][gc,nmethod  ] GC(77) NMethods: 14942 registered, 2082 unregistered
[2026-04-03T02:34:49.123+0600][55.805s][info][gc,metaspace] GC(77) Metaspace: 128M used, 129M committed, 1152M reserved
[2026-04-03T02:34:49.123+0600][55.805s][info][gc,ref      ] GC(77) Soft: 3468 encountered, 0 discovered, 0 enqueued
[2026-04-03T02:34:49.124+0600][55.805s][info][gc,ref      ] GC(77) Weak: 14813 encountered, 3618 discovered, 274 enqueued
[2026-04-03T02:34:49.124+0600][55.805s][info][gc,ref      ] GC(77) Final: 84 encountered, 0 discovered, 0 enqueued
[2026-04-03T02:34:49.124+0600][55.805s][info][gc,ref      ] GC(77) Phantom: 620 encountered, 591 discovered, 0 enqueued
[2026-04-03T02:34:49.124+0600][55.805s][info][gc,reloc    ] GC(77) Small Pages: 103 / 206M, Empty: 8M, Relocated: 5M, In-Place: 0
[2026-04-03T02:34:49.124+0600][55.805s][info][gc,reloc    ] GC(77) Medium Pages: 2 / 64M, Empty: 32M, Relocated: 0M, In-Place: 0
[2026-04-03T02:34:49.124+0600][55.805s][info][gc,reloc    ] GC(77) Large Pages: 5 / 30M, Empty: 30M, Relocated: 0M, In-Place: 0
[2026-04-03T02:34:49.124+0600][55.805s][info][gc,reloc    ] GC(77) Forwarding Usage: 1M
[2026-04-03T02:34:49.124+0600][55.805s][info][gc,heap     ] GC(77) Min Capacity: 8M(1%)
[2026-04-03T02:34:49.124+0600][55.805s][info][gc,heap     ] GC(77) Max Capacity: 1500M(100%)
[2026-04-03T02:34:49.124+0600][55.805s][info][gc,heap     ] GC(77) Soft Max Capacity: 1500M(100%)
[2026-04-03T02:34:49.124+0600][55.805s][info][gc,heap     ] GC(77)                Mark Start          Mark End        Relocate Start      Relocate End           High               Low         
[2026-04-03T02:34:49.124+0600][55.805s][info][gc,heap     ] GC(77)  Capacity:     1500M (100%)       1500M (100%)       1500M (100%)       1500M (100%)       1500M (100%)       1500M (100%)   
[2026-04-03T02:34:49.124+0600][55.805s][info][gc,heap     ] GC(77)      Free:     1200M (80%)        1164M (78%)        1210M (81%)        1300M (87%)        1300M (87%)        1142M (76%)    
[2026-04-03T02:34:49.124+0600][55.805s][info][gc,heap     ] GC(77)      Used:      300M (20%)         336M (22%)         290M (19%)         200M (13%)         358M (24%)         200M (13%)    
[2026-04-03T02:34:49.124+0600][55.805s][info][gc,heap     ] GC(77)      Live:         -               102M (7%)          102M (7%)          102M (7%)             -                  -          
[2026-04-03T02:34:49.124+0600][55.805s][info][gc,heap     ] GC(77) Allocated:         -                36M (2%)           60M (4%)           59M (4%)             -                  -          
[2026-04-03T02:34:49.124+0600][55.805s][info][gc,heap     ] GC(77)   Garbage:         -               197M (13%)         127M (8%)           37M (3%)             -                  -          
[2026-04-03T02:34:49.124+0600][55.805s][info][gc,heap     ] GC(77) Reclaimed:         -                  -                70M (5%)          159M (11%)            -                  -          
[2026-04-03T02:34:49.124+0600][55.805s][info][gc          ] GC(77) Garbage Collection (Allocation Rate) 300M(20%)->200M(13%)
[2026-04-03T02:34:49.421+0600][56.103s][info][gc,start    ] GC(78) Garbage Collection (Allocation Rate)
[2026-04-03T02:34:49.421+0600][56.103s][info][gc,task     ] GC(78) Using 2 workers
[2026-04-03T02:34:49.421+0600][56.103s][info][gc,phases   ] GC(78) Pause Mark Start 0.017ms
[2026-04-03T02:34:49.592+0600][56.273s][info][gc,phases   ] GC(78) Concurrent Mark 170.320ms
[2026-04-03T02:34:49.592+0600][56.273s][info][gc,phases   ] GC(78) Pause Mark End 0.052ms
[2026-04-03T02:34:49.592+0600][56.274s][info][gc,phases   ] GC(78) Concurrent Mark Free 0.001ms
[2026-04-03T02:34:49.626+0600][56.307s][info][gc,phases   ] GC(78) Concurrent Process Non-Strong References 33.616ms
[2026-04-03T02:34:49.626+0600][56.307s][info][gc,phases   ] GC(78) Concurrent Reset Relocation Set 0.014ms
[2026-04-03T02:34:49.631+0600][56.312s][info][gc,phases   ] GC(78) Concurrent Select Relocation Set 4.935ms
[2026-04-03T02:34:49.631+0600][56.313s][info][gc,phases   ] GC(78) Pause Relocate Start 0.020ms
[2026-04-03T02:34:49.641+0600][56.322s][info][gc,phases   ] GC(78) Concurrent Relocate 9.102ms
[2026-04-03T02:34:49.641+0600][56.322s][info][gc,load     ] GC(78) Load: 6.28/5.83/5.84
[2026-04-03T02:34:49.641+0600][56.322s][info][gc,mmu      ] GC(78) MMU: 2ms/89.3%, 5ms/95.7%, 10ms/97.9%, 20ms/98.9%, 50ms/99.6%, 100ms/99.8%
[2026-04-03T02:34:49.641+0600][56.322s][info][gc,marking  ] GC(78) Mark: 2 stripe(s), 2 proactive flush(es), 1 terminate flush(es), 0 completion(s), 0 continuation(s) 
[2026-04-03T02:34:49.641+0600][56.322s][info][gc,marking  ] GC(78) Mark Stack Usage: 32M
[2026-04-03T02:34:49.641+0600][56.322s][info][gc,nmethod  ] GC(78) NMethods: 14946 registered, 2087 unregistered
[2026-04-03T02:34:49.641+0600][56.322s][info][gc,metaspace] GC(78) Metaspace: 128M used, 129M committed, 1152M reserved
[2026-04-03T02:34:49.641+0600][56.322s][info][gc,ref      ] GC(78) Soft: 3468 encountered, 0 discovered, 0 enqueued
[2026-04-03T02:34:49.641+0600][56.323s][info][gc,ref      ] GC(78) Weak: 14734 encountered, 4636 discovered, 23 enqueued
[2026-04-03T02:34:49.641+0600][56.323s][info][gc,ref      ] GC(78) Final: 84 encountered, 0 discovered, 0 enqueued
[2026-04-03T02:34:49.641+0600][56.323s][info][gc,ref      ] GC(78) Phantom: 620 encountered, 387 discovered, 0 enqueued
[2026-04-03T02:34:49.641+0600][56.323s][info][gc,reloc    ] GC(78) Small Pages: 179 / 358M, Empty: 34M, Relocated: 4M, In-Place: 0
[2026-04-03T02:34:49.641+0600][56.323s][info][gc,reloc    ] GC(78) Medium Pages: 2 / 64M, Empty: 32M, Relocated: 0M, In-Place: 0
[2026-04-03T02:34:49.641+0600][56.323s][info][gc,reloc    ] GC(78) Large Pages: 2 / 12M, Empty: 12M, Relocated: 0M, In-Place: 0
[2026-04-03T02:34:49.641+0600][56.323s][info][gc,reloc    ] GC(78) Forwarding Usage: 1M
[2026-04-03T02:34:49.641+0600][56.323s][info][gc,heap     ] GC(78) Min Capacity: 8M(1%)
[2026-04-03T02:34:49.641+0600][56.323s][info][gc,heap     ] GC(78) Max Capacity: 1500M(100%)
[2026-04-03T02:34:49.641+0600][56.323s][info][gc,heap     ] GC(78) Soft Max Capacity: 1500M(100%)
[2026-04-03T02:34:49.641+0600][56.323s][info][gc,heap     ] GC(78)                Mark Start          Mark End        Relocate Start      Relocate End           High               Low         
[2026-04-03T02:34:49.641+0600][56.323s][info][gc,heap     ] GC(78)  Capacity:     1500M (100%)       1500M (100%)       1500M (100%)       1500M (100%)       1500M (100%)       1500M (100%)   
[2026-04-03T02:34:49.641+0600][56.323s][info][gc,heap     ] GC(78)      Free:     1066M (71%)         866M (58%)         882M (59%)        1090M (73%)        1094M (73%)         804M (54%)    
[2026-04-03T02:34:49.641+0600][56.323s][info][gc,heap     ] GC(78)      Used:      434M (29%)         634M (42%)         618M (41%)         410M (27%)         696M (46%)         406M (27%)    
[2026-04-03T02:34:49.641+0600][56.323s][info][gc,heap     ] GC(78)      Live:         -               102M (7%)          102M (7%)          102M (7%)             -                  -          
[2026-04-03T02:34:49.641+0600][56.323s][info][gc,heap     ] GC(78) Allocated:         -               200M (13%)         262M (17%)         269M (18%)            -                  -          
[2026-04-03T02:34:49.641+0600][56.323s][info][gc,heap     ] GC(78)   Garbage:         -               331M (22%)         253M (17%)          37M (2%)             -                  -          
[2026-04-03T02:34:49.641+0600][56.323s][info][gc,heap     ] GC(78) Reclaimed:         -                  -                78M (5%)          293M (20%)            -                  -          
[2026-04-03T02:34:49.641+0600][56.323s][info][gc          ] GC(78) Garbage Collection (Allocation Rate) 434M(29%)->410M(27%)
[2026-04-03T02:34:49.721+0600][56.403s][info][gc,start    ] GC(79) Garbage Collection (Allocation Rate)
[2026-04-03T02:34:49.721+0600][56.403s][info][gc,task     ] GC(79) Using 2 workers
[2026-04-03T02:34:49.722+0600][56.404s][info][gc,phases   ] GC(79) Pause Mark Start 0.019ms
[2026-04-03T02:34:49.896+0600][56.577s][info][gc,phases   ] GC(79) Concurrent Mark 173.410ms
[2026-04-03T02:34:49.896+0600][56.577s][info][gc,phases   ] GC(79) Pause Mark End 0.051ms
[2026-04-03T02:34:49.896+0600][56.578s][info][gc,phases   ] GC(79) Concurrent Mark Free 0.004ms
[2026-04-03T02:34:49.928+0600][56.610s][info][gc,phases   ] GC(79) Concurrent Process Non-Strong References 31.793ms
[2026-04-03T02:34:49.928+0600][56.610s][info][gc,phases   ] GC(79) Concurrent Reset Relocation Set 0.011ms
[2026-04-03T02:34:49.933+0600][56.614s][info][gc,phases   ] GC(79) Concurrent Select Relocation Set 4.622ms
[2026-04-03T02:34:49.933+0600][56.615s][info][gc,phases   ] GC(79) Pause Relocate Start 0.014ms
[2026-04-03T02:34:49.941+0600][56.623s][info][gc,phases   ] GC(79) Concurrent Relocate 7.885ms
[2026-04-03T02:34:49.941+0600][56.623s][info][gc,load     ] GC(79) Load: 6.10/5.80/5.83
[2026-04-03T02:34:49.941+0600][56.623s][info][gc,mmu      ] GC(79) MMU: 2ms/89.3%, 5ms/95.7%, 10ms/97.9%, 20ms/98.9%, 50ms/99.6%, 100ms/99.8%
[2026-04-03T02:34:49.941+0600][56.623s][info][gc,marking  ] GC(79) Mark: 2 stripe(s), 10 proactive flush(es), 1 terminate flush(es), 0 completion(s), 0 continuation(s) 
[2026-04-03T02:34:49.941+0600][56.623s][info][gc,marking  ] GC(79) Mark Stack Usage: 32M
[2026-04-03T02:34:49.941+0600][56.623s][info][gc,nmethod  ] GC(79) NMethods: 14960 registered, 2090 unregistered
[2026-04-03T02:34:49.941+0600][56.623s][info][gc,metaspace] GC(79) Metaspace: 128M used, 129M committed, 1152M reserved
[2026-04-03T02:34:49.941+0600][56.623s][info][gc,ref      ] GC(79) Soft: 3476 encountered, 0 discovered, 0 enqueued
[2026-04-03T02:34:49.941+0600][56.623s][info][gc,ref      ] GC(79) Weak: 15220 encountered, 3347 discovered, 8 enqueued
[2026-04-03T02:34:49.941+0600][56.623s][info][gc,ref      ] GC(79) Final: 84 encountered, 0 discovered, 0 enqueued
[2026-04-03T02:34:49.941+0600][56.623s][info][gc,ref      ] GC(79) Phantom: 620 encountered, 596 discovered, 0 enqueued
[2026-04-03T02:34:49.941+0600][56.623s][info][gc,reloc    ] GC(79) Small Pages: 172 / 344M, Empty: 88M, Relocated: 6M, In-Place: 0
[2026-04-03T02:34:49.941+0600][56.623s][info][gc,reloc    ] GC(79) Medium Pages: 3 / 96M, Empty: 64M, Relocated: 0M, In-Place: 0
[2026-04-03T02:34:49.941+0600][56.623s][info][gc,reloc    ] GC(79) Large Pages: 7 / 42M, Empty: 42M, Relocated: 0M, In-Place: 0
[2026-04-03T02:34:49.941+0600][56.623s][info][gc,reloc    ] GC(79) Forwarding Usage: 1M
[2026-04-03T02:34:49.941+0600][56.623s][info][gc,heap     ] GC(79) Min Capacity: 8M(1%)
[2026-04-03T02:34:49.941+0600][56.623s][info][gc,heap     ] GC(79) Max Capacity: 1500M(100%)
[2026-04-03T02:34:49.941+0600][56.623s][info][gc,heap     ] GC(79) Soft Max Capacity: 1500M(100%)
[2026-04-03T02:34:49.941+0600][56.623s][info][gc,heap     ] GC(79)                Mark Start          Mark End        Relocate Start      Relocate End           High               Low         
[2026-04-03T02:34:49.941+0600][56.623s][info][gc,heap     ] GC(79)  Capacity:     1500M (100%)       1500M (100%)       1500M (100%)       1500M (100%)       1500M (100%)       1500M (100%)   
[2026-04-03T02:34:49.941+0600][56.623s][info][gc,heap     ] GC(79)      Free:     1018M (68%)         774M (52%)         934M (62%)        1078M (72%)        1078M (72%)         748M (50%)    
[2026-04-03T02:34:49.941+0600][56.623s][info][gc,heap     ] GC(79)      Used:      482M (32%)         726M (48%)         566M (38%)         422M (28%)         752M (50%)         422M (28%)    
[2026-04-03T02:34:49.941+0600][56.623s][info][gc,heap     ] GC(79)      Live:         -               105M (7%)          105M (7%)          105M (7%)             -                  -          
[2026-04-03T02:34:49.941+0600][56.623s][info][gc,heap     ] GC(79) Allocated:         -               244M (16%)         278M (19%)         279M (19%)            -                  -          
[2026-04-03T02:34:49.941+0600][56.623s][info][gc,heap     ] GC(79)   Garbage:         -               376M (25%)         182M (12%)          36M (2%)             -                  -          
[2026-04-03T02:34:49.942+0600][56.623s][info][gc,heap     ] GC(79) Reclaimed:         -                  -               194M (13%)         339M (23%)            -                  -          
[2026-04-03T02:34:49.942+0600][56.623s][info][gc          ] GC(79) Garbage Collection (Allocation Rate) 482M(32%)->422M(28%)
[2026-04-03T02:34:50.022+0600][56.703s][info][gc,start    ] GC(80) Garbage Collection (Allocation Rate)
[2026-04-03T02:34:50.022+0600][56.703s][info][gc,task     ] GC(80) Using 3 workers
[2026-04-03T02:34:50.023+0600][56.704s][info][gc,phases   ] GC(80) Pause Mark Start 0.016ms
[2026-04-03T02:34:50.131+0600][56.812s][info][gc,phases   ] GC(80) Concurrent Mark 107.834ms
[2026-04-03T02:34:50.131+0600][56.812s][info][gc,phases   ] GC(80) Pause Mark End 0.039ms
[2026-04-03T02:34:50.131+0600][56.813s][info][gc,phases   ] GC(80) Concurrent Mark Free 0.002ms
[2026-04-03T02:34:50.156+0600][56.838s][info][gc,phases   ] GC(80) Concurrent Process Non-Strong References 25.343ms
[2026-04-03T02:34:50.157+0600][56.838s][info][gc,phases   ] GC(80) Concurrent Reset Relocation Set 0.008ms
[2026-04-03T02:34:50.161+0600][56.842s][info][gc,phases   ] GC(80) Concurrent Select Relocation Set 4.380ms
[2026-04-03T02:34:50.161+0600][56.843s][info][gc,phases   ] GC(80) Pause Relocate Start 0.016ms
[2026-04-03T02:34:50.166+0600][56.848s][info][gc,phases   ] GC(80) Concurrent Relocate 4.755ms
[2026-04-03T02:34:50.166+0600][56.848s][info][gc,load     ] GC(80) Load: 6.10/5.80/5.83
[2026-04-03T02:34:50.166+0600][56.848s][info][gc,mmu      ] GC(80) MMU: 2ms/89.3%, 5ms/95.7%, 10ms/97.9%, 20ms/98.9%, 50ms/99.6%, 100ms/99.8%
[2026-04-03T02:34:50.166+0600][56.848s][info][gc,marking  ] GC(80) Mark: 2 stripe(s), 2 proactive flush(es), 1 terminate flush(es), 0 completion(s), 0 continuation(s) 
[2026-04-03T02:34:50.166+0600][56.848s][info][gc,marking  ] GC(80) Mark Stack Usage: 32M
[2026-04-03T02:34:50.166+0600][56.848s][info][gc,nmethod  ] GC(80) NMethods: 14954 registered, 2104 unregistered
[2026-04-03T02:34:50.166+0600][56.848s][info][gc,metaspace] GC(80) Metaspace: 128M used, 129M committed, 1152M reserved
[2026-04-03T02:34:50.166+0600][56.848s][info][gc,ref      ] GC(80) Soft: 3476 encountered, 0 discovered, 0 enqueued
[2026-04-03T02:34:50.166+0600][56.848s][info][gc,ref      ] GC(80) Weak: 15719 encountered, 5625 discovered, 15 enqueued
[2026-04-03T02:34:50.166+0600][56.848s][info][gc,ref      ] GC(80) Final: 84 encountered, 0 discovered, 0 enqueued
[2026-04-03T02:34:50.166+0600][56.848s][info][gc,ref      ] GC(80) Phantom: 620 encountered, 375 discovered, 0 enqueued
[2026-04-03T02:34:50.166+0600][56.848s][info][gc,reloc    ] GC(80) Small Pages: 194 / 388M, Empty: 120M, Relocated: 8M, In-Place: 0
[2026-04-03T02:34:50.166+0600][56.848s][info][gc,reloc    ] GC(80) Medium Pages: 3 / 96M, Empty: 64M, Relocated: 0M, In-Place: 0
[2026-04-03T02:34:50.166+0600][56.848s][info][gc,reloc    ] GC(80) Large Pages: 7 / 42M, Empty: 42M, Relocated: 0M, In-Place: 0
[2026-04-03T02:34:50.166+0600][56.848s][info][gc,reloc    ] GC(80) Forwarding Usage: 2M
[2026-04-03T02:34:50.166+0600][56.848s][info][gc,heap     ] GC(80) Min Capacity: 8M(1%)
[2026-04-03T02:34:50.166+0600][56.848s][info][gc,heap     ] GC(80) Max Capacity: 1500M(100%)
[2026-04-03T02:34:50.166+0600][56.848s][info][gc,heap     ] GC(80) Soft Max Capacity: 1500M(100%)
[2026-04-03T02:34:50.166+0600][56.848s][info][gc,heap     ] GC(80)                Mark Start          Mark End        Relocate Start      Relocate End           High               Low         
[2026-04-03T02:34:50.166+0600][56.848s][info][gc,heap     ] GC(80)  Capacity:     1500M (100%)       1500M (100%)       1500M (100%)       1500M (100%)       1500M (100%)       1500M (100%)   
[2026-04-03T02:34:50.166+0600][56.848s][info][gc,heap     ] GC(80)      Free:      974M (65%)         844M (56%)        1040M (69%)        1188M (79%)        1188M (79%)         828M (55%)    
[2026-04-03T02:34:50.166+0600][56.848s][info][gc,heap     ] GC(80)      Used:      526M (35%)         656M (44%)         460M (31%)         312M (21%)         672M (45%)         312M (21%)    
[2026-04-03T02:34:50.167+0600][56.848s][info][gc,heap     ] GC(80)      Live:         -               107M (7%)          107M (7%)          107M (7%)             -                  -          
[2026-04-03T02:34:50.167+0600][56.848s][info][gc,heap     ] GC(80) Allocated:         -               130M (9%)          160M (11%)         165M (11%)            -                  -          
[2026-04-03T02:34:50.167+0600][56.848s][info][gc,heap     ] GC(80)   Garbage:         -               418M (28%)         192M (13%)          38M (3%)             -                  -          
[2026-04-03T02:34:50.167+0600][56.848s][info][gc,heap     ] GC(80) Reclaimed:         -                  -               226M (15%)         379M (25%)            -                  -          
[2026-04-03T02:34:50.167+0600][56.848s][info][gc          ] GC(80) Garbage Collection (Allocation Rate) 526M(35%)->312M(21%)
[2026-04-03T02:34:50.821+0600][57.503s][info][gc,start    ] GC(81) Garbage Collection (Allocation Rate)
[2026-04-03T02:34:50.822+0600][57.503s][info][gc,task     ] GC(81) Using 2 workers
[2026-04-03T02:34:50.822+0600][57.503s][info][gc,phases   ] GC(81) Pause Mark Start 0.012ms
[2026-04-03T02:34:50.998+0600][57.679s][info][gc,phases   ] GC(81) Concurrent Mark 175.762ms
[2026-04-03T02:34:50.998+0600][57.679s][info][gc,phases   ] GC(81) Pause Mark End 0.035ms
[2026-04-03T02:34:50.998+0600][57.680s][info][gc,phases   ] GC(81) Concurrent Mark Free 0.003ms
[2026-04-03T02:34:51.035+0600][57.716s][info][gc,phases   ] GC(81) Concurrent Process Non-Strong References 36.572ms
[2026-04-03T02:34:51.035+0600][57.716s][info][gc,phases   ] GC(81) Concurrent Reset Relocation Set 0.012ms
[2026-04-03T02:34:51.040+0600][57.722s][info][gc,phases   ] GC(81) Concurrent Select Relocation Set 5.431ms
[2026-04-03T02:34:51.041+0600][57.722s][info][gc,phases   ] GC(81) Pause Relocate Start 0.018ms
[2026-04-03T02:34:51.053+0600][57.735s][info][gc,phases   ] GC(81) Concurrent Relocate 12.173ms
[2026-04-03T02:34:51.053+0600][57.735s][info][gc,load     ] GC(81) Load: 6.10/5.80/5.83
[2026-04-03T02:34:51.053+0600][57.735s][info][gc,mmu      ] GC(81) MMU: 2ms/89.3%, 5ms/95.7%, 10ms/97.9%, 20ms/98.9%, 50ms/99.6%, 100ms/99.8%
[2026-04-03T02:34:51.053+0600][57.735s][info][gc,marking  ] GC(81) Mark: 2 stripe(s), 3 proactive flush(es), 1 terminate flush(es), 0 completion(s), 0 continuation(s) 
[2026-04-03T02:34:51.053+0600][57.735s][info][gc,marking  ] GC(81) Mark Stack Usage: 32M
[2026-04-03T02:34:51.053+0600][57.735s][info][gc,nmethod  ] GC(81) NMethods: 14978 registered, 2122 unregistered
[2026-04-03T02:34:51.053+0600][57.735s][info][gc,metaspace] GC(81) Metaspace: 128M used, 129M committed, 1152M reserved
[2026-04-03T02:34:51.053+0600][57.735s][info][gc,ref      ] GC(81) Soft: 3476 encountered, 0 discovered, 0 enqueued
[2026-04-03T02:34:51.053+0600][57.735s][info][gc,ref      ] GC(81) Weak: 16699 encountered, 6851 discovered, 1612 enqueued
[2026-04-03T02:34:51.053+0600][57.735s][info][gc,ref      ] GC(81) Final: 84 encountered, 0 discovered, 0 enqueued
[2026-04-03T02:34:51.053+0600][57.735s][info][gc,ref      ] GC(81) Phantom: 620 encountered, 523 discovered, 0 enqueued
[2026-04-03T02:34:51.053+0600][57.735s][info][gc,reloc    ] GC(81) Small Pages: 379 / 758M, Empty: 242M, Relocated: 10M, In-Place: 0
[2026-04-03T02:34:51.053+0600][57.735s][info][gc,reloc    ] GC(81) Medium Pages: 5 / 160M, Empty: 128M, Relocated: 0M, In-Place: 0
[2026-04-03T02:34:51.053+0600][57.735s][info][gc,reloc    ] GC(81) Large Pages: 15 / 90M, Empty: 90M, Relocated: 0M, In-Place: 0
[2026-04-03T02:34:51.053+0600][57.735s][info][gc,reloc    ] GC(81) Forwarding Usage: 2M
[2026-04-03T02:34:51.054+0600][57.735s][info][gc,heap     ] GC(81) Min Capacity: 8M(1%)
[2026-04-03T02:34:51.054+0600][57.735s][info][gc,heap     ] GC(81) Max Capacity: 1500M(100%)
[2026-04-03T02:34:51.054+0600][57.735s][info][gc,heap     ] GC(81) Soft Max Capacity: 1500M(100%)
[2026-04-03T02:34:51.054+0600][57.735s][info][gc,heap     ] GC(81)                Mark Start          Mark End        Relocate Start      Relocate End           High               Low         
[2026-04-03T02:34:51.054+0600][57.735s][info][gc,heap     ] GC(81)  Capacity:     1500M (100%)       1500M (100%)       1500M (100%)       1500M (100%)       1500M (100%)       1500M (100%)   
[2026-04-03T02:34:51.054+0600][57.735s][info][gc,heap     ] GC(81)      Free:      492M (33%)         270M (18%)         690M (46%)        1078M (72%)        1082M (72%)         236M (16%)    
[2026-04-03T02:34:51.054+0600][57.735s][info][gc,heap     ] GC(81)      Used:     1008M (67%)        1230M (82%)         810M (54%)         422M (28%)        1264M (84%)         418M (28%)    
[2026-04-03T02:34:51.054+0600][57.735s][info][gc,heap     ] GC(81)      Live:         -               106M (7%)          106M (7%)          106M (7%)             -                  -          
[2026-04-03T02:34:51.054+0600][57.735s][info][gc,heap     ] GC(81) Allocated:         -               222M (15%)         262M (17%)         275M (18%)            -                  -          
[2026-04-03T02:34:51.054+0600][57.735s][info][gc,heap     ] GC(81)   Garbage:         -               901M (60%)         441M (29%)          39M (3%)             -                  -          
[2026-04-03T02:34:51.054+0600][57.735s][info][gc,heap     ] GC(81) Reclaimed:         -                  -               460M (31%)         861M (57%)            -                  -          
[2026-04-03T02:34:51.054+0600][57.735s][info][gc          ] GC(81) Garbage Collection (Allocation Rate) 1008M(67%)->422M(28%)
[2026-04-03T02:34:51.421+0600][58.103s][info][gc,start    ] GC(82) Garbage Collection (Allocation Rate)
[2026-04-03T02:34:51.421+0600][58.103s][info][gc,task     ] GC(82) Using 2 workers
[2026-04-03T02:34:51.421+0600][58.103s][info][gc,phases   ] GC(82) Pause Mark Start 0.020ms
[2026-04-03T02:34:51.534+0600][58.215s][info][gc,phases   ] GC(82) Concurrent Mark 112.237ms
[2026-04-03T02:34:51.534+0600][58.216s][info][gc,phases   ] GC(82) Pause Mark End 0.023ms
[2026-04-03T02:34:51.534+0600][58.216s][info][gc,phases   ] GC(82) Concurrent Mark Free 0.002ms
[2026-04-03T02:34:51.556+0600][58.238s][info][gc,phases   ] GC(82) Concurrent Process Non-Strong References 22.055ms
[2026-04-03T02:34:51.556+0600][58.238s][info][gc,phases   ] GC(82) Concurrent Reset Relocation Set 0.020ms
[2026-04-03T02:34:51.560+0600][58.241s][info][gc,phases   ] GC(82) Concurrent Select Relocation Set 3.376ms
[2026-04-03T02:34:51.560+0600][58.242s][info][gc,phases   ] GC(82) Pause Relocate Start 0.013ms
[2026-04-03T02:34:51.571+0600][58.252s][info][gc,phases   ] GC(82) Concurrent Relocate 10.459ms
[2026-04-03T02:34:51.571+0600][58.252s][info][gc,load     ] GC(82) Load: 6.10/5.80/5.83
[2026-04-03T02:34:51.571+0600][58.252s][info][gc,mmu      ] GC(82) MMU: 2ms/89.3%, 5ms/95.7%, 10ms/97.9%, 20ms/98.9%, 50ms/99.6%, 100ms/99.8%
[2026-04-03T02:34:51.571+0600][58.252s][info][gc,marking  ] GC(82) Mark: 2 stripe(s), 2 proactive flush(es), 1 terminate flush(es), 0 completion(s), 0 continuation(s) 
[2026-04-03T02:34:51.571+0600][58.252s][info][gc,marking  ] GC(82) Mark Stack Usage: 32M
[2026-04-03T02:34:51.571+0600][58.252s][info][gc,nmethod  ] GC(82) NMethods: 14997 registered, 2128 unregistered
[2026-04-03T02:34:51.571+0600][58.252s][info][gc,metaspace] GC(82) Metaspace: 128M used, 129M committed, 1152M reserved
[2026-04-03T02:34:51.571+0600][58.252s][info][gc,ref      ] GC(82) Soft: 3473 encountered, 0 discovered, 0 enqueued
[2026-04-03T02:34:51.571+0600][58.252s][info][gc,ref      ] GC(82) Weak: 16097 encountered, 7874 discovered, 1435 enqueued
[2026-04-03T02:34:51.571+0600][58.252s][info][gc,ref      ] GC(82) Final: 84 encountered, 80 discovered, 0 enqueued
[2026-04-03T02:34:51.571+0600][58.252s][info][gc,ref      ] GC(82) Phantom: 620 encountered, 387 discovered, 0 enqueued
[2026-04-03T02:34:51.571+0600][58.253s][info][gc,reloc    ] GC(82) Small Pages: 357 / 714M, Empty: 288M, Relocated: 6M, In-Place: 0
[2026-04-03T02:34:51.571+0600][58.253s][info][gc,reloc    ] GC(82) Medium Pages: 5 / 160M, Empty: 128M, Relocated: 0M, In-Place: 0
[2026-04-03T02:34:51.571+0600][58.253s][info][gc,reloc    ] GC(82) Large Pages: 14 / 84M, Empty: 84M, Relocated: 0M, In-Place: 0
[2026-04-03T02:34:51.571+0600][58.253s][info][gc,reloc    ] GC(82) Forwarding Usage: 2M
[2026-04-03T02:34:51.571+0600][58.253s][info][gc,heap     ] GC(82) Min Capacity: 8M(1%)
[2026-04-03T02:34:51.571+0600][58.253s][info][gc,heap     ] GC(82) Max Capacity: 1500M(100%)
[2026-04-03T02:34:51.571+0600][58.253s][info][gc,heap     ] GC(82) Soft Max Capacity: 1500M(100%)
[2026-04-03T02:34:51.571+0600][58.253s][info][gc,heap     ] GC(82)                Mark Start          Mark End        Relocate Start      Relocate End           High               Low         
[2026-04-03T02:34:51.571+0600][58.253s][info][gc,heap     ] GC(82)  Capacity:     1500M (100%)       1500M (100%)       1500M (100%)       1500M (100%)       1500M (100%)       1500M (100%)   
[2026-04-03T02:34:51.571+0600][58.253s][info][gc,heap     ] GC(82)      Free:      542M (36%)         432M (29%)         900M (60%)        1198M (80%)        1202M (80%)         406M (27%)    
[2026-04-03T02:34:51.571+0600][58.253s][info][gc,heap     ] GC(82)      Used:      958M (64%)        1068M (71%)         600M (40%)         302M (20%)        1094M (73%)         298M (20%)    
[2026-04-03T02:34:51.571+0600][58.253s][info][gc,heap     ] GC(82)      Live:         -               106M (7%)          106M (7%)          106M (7%)             -                  -          
[2026-04-03T02:34:51.571+0600][58.253s][info][gc,heap     ] GC(82) Allocated:         -               110M (7%)          142M (9%)          155M (10%)            -                  -          
[2026-04-03T02:34:51.571+0600][58.253s][info][gc,heap     ] GC(82)   Garbage:         -               851M (57%)         351M (23%)          39M (3%)             -                  -          
[2026-04-03T02:34:51.571+0600][58.253s][info][gc,heap     ] GC(82) Reclaimed:         -                  -               500M (33%)         811M (54%)            -                  -          
[2026-04-03T02:34:51.571+0600][58.253s][info][gc          ] GC(82) Garbage Collection (Allocation Rate) 958M(64%)->302M(20%)
[2026-04-03T02:34:51.822+0600][58.503s][info][gc,start    ] GC(83) Garbage Collection (Allocation Rate)
[2026-04-03T02:34:51.822+0600][58.503s][info][gc,task     ] GC(83) Using 2 workers
[2026-04-03T02:34:51.822+0600][58.504s][info][gc,phases   ] GC(83) Pause Mark Start 0.028ms
[2026-04-03T02:34:51.939+0600][58.621s][info][gc,phases   ] GC(83) Concurrent Mark 116.898ms
[2026-04-03T02:34:51.940+0600][58.621s][info][gc,phases   ] GC(83) Pause Mark End 0.083ms
[2026-04-03T02:34:51.940+0600][58.621s][info][gc,phases   ] GC(83) Concurrent Mark Free 0.004ms
[2026-04-03T02:34:51.974+0600][58.655s][info][gc,phases   ] GC(83) Concurrent Process Non-Strong References 33.866ms
[2026-04-03T02:34:51.974+0600][58.655s][info][gc,phases   ] GC(83) Concurrent Reset Relocation Set 0.023ms
[2026-04-03T02:34:51.978+0600][58.659s][info][gc,phases   ] GC(83) Concurrent Select Relocation Set 3.934ms
[2026-04-03T02:34:51.978+0600][58.660s][info][gc,phases   ] GC(83) Pause Relocate Start 0.017ms
[2026-04-03T02:34:51.984+0600][58.665s][info][gc,phases   ] GC(83) Concurrent Relocate 5.414ms
[2026-04-03T02:34:51.984+0600][58.665s][info][gc,load     ] GC(83) Load: 6.10/5.80/5.83
[2026-04-03T02:34:51.984+0600][58.665s][info][gc,mmu      ] GC(83) MMU: 2ms/89.3%, 5ms/95.7%, 10ms/97.9%, 20ms/98.9%, 50ms/99.6%, 100ms/99.8%
[2026-04-03T02:34:51.984+0600][58.666s][info][gc,marking  ] GC(83) Mark: 2 stripe(s), 2 proactive flush(es), 1 terminate flush(es), 0 completion(s), 0 continuation(s) 
[2026-04-03T02:34:51.984+0600][58.666s][info][gc,marking  ] GC(83) Mark Stack Usage: 32M
[2026-04-03T02:34:51.984+0600][58.666s][info][gc,nmethod  ] GC(83) NMethods: 15003 registered, 2133 unregistered
[2026-04-03T02:34:51.984+0600][58.666s][info][gc,metaspace] GC(83) Metaspace: 128M used, 129M committed, 1152M reserved
[2026-04-03T02:34:51.984+0600][58.666s][info][gc,ref      ] GC(83) Soft: 3468 encountered, 0 discovered, 0 enqueued
[2026-04-03T02:34:51.984+0600][58.666s][info][gc,ref      ] GC(83) Weak: 15246 encountered, 5843 discovered, 707 enqueued
[2026-04-03T02:34:51.984+0600][58.666s][info][gc,ref      ] GC(83) Final: 84 encountered, 0 discovered, 0 enqueued
[2026-04-03T02:34:51.984+0600][58.666s][info][gc,ref      ] GC(83) Phantom: 620 encountered, 387 discovered, 0 enqueued
[2026-04-03T02:34:51.984+0600][58.666s][info][gc,reloc    ] GC(83) Small Pages: 291 / 582M, Empty: 308M, Relocated: 3M, In-Place: 0
[2026-04-03T02:34:51.984+0600][58.666s][info][gc,reloc    ] GC(83) Medium Pages: 3 / 96M, Empty: 32M, Relocated: 8M, In-Place: 0
[2026-04-03T02:34:51.984+0600][58.666s][info][gc,reloc    ] GC(83) Large Pages: 8 / 48M, Empty: 48M, Relocated: 0M, In-Place: 0
[2026-04-03T02:34:51.984+0600][58.666s][info][gc,reloc    ] GC(83) Forwarding Usage: 1M
[2026-04-03T02:34:51.984+0600][58.666s][info][gc,heap     ] GC(83) Min Capacity: 8M(1%)
[2026-04-03T02:34:51.984+0600][58.666s][info][gc,heap     ] GC(83) Max Capacity: 1500M(100%)
[2026-04-03T02:34:51.984+0600][58.666s][info][gc,heap     ] GC(83) Soft Max Capacity: 1500M(100%)
[2026-04-03T02:34:51.984+0600][58.666s][info][gc,heap     ] GC(83)                Mark Start          Mark End        Relocate Start      Relocate End           High               Low         
[2026-04-03T02:34:51.984+0600][58.666s][info][gc,heap     ] GC(83)  Capacity:     1500M (100%)       1500M (100%)       1500M (100%)       1500M (100%)       1500M (100%)       1500M (100%)   
[2026-04-03T02:34:51.984+0600][58.666s][info][gc,heap     ] GC(83)      Free:      774M (52%)         584M (39%)         636M (42%)         824M (55%)         824M (55%)         256M (17%)    
[2026-04-03T02:34:51.984+0600][58.666s][info][gc,heap     ] GC(83)      Used:      726M (48%)         916M (61%)         864M (58%)         676M (45%)        1244M (83%)         676M (45%)    
[2026-04-03T02:34:51.984+0600][58.666s][info][gc,heap     ] GC(83)      Live:         -               104M (7%)          104M (7%)          104M (7%)             -                  -          
[2026-04-03T02:34:51.984+0600][58.666s][info][gc,heap     ] GC(83) Allocated:         -               190M (13%)         526M (35%)         533M (36%)            -                  -          
[2026-04-03T02:34:51.984+0600][58.666s][info][gc,heap     ] GC(83)   Garbage:         -               621M (41%)         233M (16%)          37M (2%)             -                  -          
[2026-04-03T02:34:51.984+0600][58.666s][info][gc,heap     ] GC(83) Reclaimed:         -                  -               388M (26%)         583M (39%)            -                  -          
[2026-04-03T02:34:51.984+0600][58.666s][info][gc          ] GC(83) Garbage Collection (Allocation Rate) 726M(48%)->676M(45%)
[2026-04-03T02:34:52.021+0600][58.702s][info][gc,start    ] GC(84) Garbage Collection (Allocation Rate)
[2026-04-03T02:34:52.021+0600][58.702s][info][gc,task     ] GC(84) Using 2 workers
[2026-04-03T02:34:52.021+0600][58.703s][info][gc,phases   ] GC(84) Pause Mark Start 0.017ms
[2026-04-03T02:34:52.162+0600][58.843s][info][gc,phases   ] GC(84) Concurrent Mark 140.587ms
[2026-04-03T02:34:52.162+0600][58.844s][info][gc,phases   ] GC(84) Pause Mark End 0.039ms
[2026-04-03T02:34:52.162+0600][58.844s][info][gc,phases   ] GC(84) Concurrent Mark Free 0.003ms
[2026-04-03T02:34:52.190+0600][58.871s][info][gc,phases   ] GC(84) Concurrent Process Non-Strong References 27.663ms
[2026-04-03T02:34:52.190+0600][58.872s][info][gc,phases   ] GC(84) Concurrent Reset Relocation Set 0.010ms
[2026-04-03T02:34:52.194+0600][58.875s][info][gc,phases   ] GC(84) Concurrent Select Relocation Set 3.711ms
[2026-04-03T02:34:52.194+0600][58.876s][info][gc,phases   ] GC(84) Pause Relocate Start 0.021ms
[2026-04-03T02:34:52.206+0600][58.887s][info][gc,phases   ] GC(84) Concurrent Relocate 11.656ms
[2026-04-03T02:34:52.206+0600][58.888s][info][gc,load     ] GC(84) Load: 6.10/5.80/5.83
[2026-04-03T02:34:52.206+0600][58.888s][info][gc,mmu      ] GC(84) MMU: 2ms/89.3%, 5ms/95.7%, 10ms/97.9%, 20ms/98.9%, 50ms/99.6%, 100ms/99.8%
[2026-04-03T02:34:52.206+0600][58.888s][info][gc,marking  ] GC(84) Mark: 2 stripe(s), 2 proactive flush(es), 1 terminate flush(es), 0 completion(s), 0 continuation(s) 
[2026-04-03T02:34:52.206+0600][58.888s][info][gc,marking  ] GC(84) Mark Stack Usage: 32M
[2026-04-03T02:34:52.206+0600][58.888s][info][gc,nmethod  ] GC(84) NMethods: 15027 registered, 2141 unregistered
[2026-04-03T02:34:52.206+0600][58.888s][info][gc,metaspace] GC(84) Metaspace: 128M used, 129M committed, 1152M reserved
[2026-04-03T02:34:52.206+0600][58.888s][info][gc,ref      ] GC(84) Soft: 3469 encountered, 0 discovered, 0 enqueued
[2026-04-03T02:34:52.206+0600][58.888s][info][gc,ref      ] GC(84) Weak: 14926 encountered, 6885 discovered, 167 enqueued
[2026-04-03T02:34:52.206+0600][58.888s][info][gc,ref      ] GC(84) Final: 84 encountered, 48 discovered, 0 enqueued
[2026-04-03T02:34:52.206+0600][58.888s][info][gc,ref      ] GC(84) Phantom: 620 encountered, 377 discovered, 0 enqueued
[2026-04-03T02:34:52.206+0600][58.888s][info][gc,reloc    ] GC(84) Small Pages: 139 / 278M, Empty: 26M, Relocated: 6M, In-Place: 0
[2026-04-03T02:34:52.206+0600][58.888s][info][gc,reloc    ] GC(84) Medium Pages: 2 / 64M, Empty: 32M, Relocated: 0M, In-Place: 0
[2026-04-03T02:34:52.206+0600][58.888s][info][gc,reloc    ] GC(84) Large Pages: 69 / 414M, Empty: 414M, Relocated: 0M, In-Place: 0
[2026-04-03T02:34:52.206+0600][58.888s][info][gc,reloc    ] GC(84) Forwarding Usage: 2M
[2026-04-03T02:34:52.206+0600][58.888s][info][gc,heap     ] GC(84) Min Capacity: 8M(1%)
[2026-04-03T02:34:52.206+0600][58.888s][info][gc,heap     ] GC(84) Max Capacity: 1500M(100%)
[2026-04-03T02:34:52.206+0600][58.888s][info][gc,heap     ] GC(84) Soft Max Capacity: 1500M(100%)
[2026-04-03T02:34:52.206+0600][58.888s][info][gc,heap     ] GC(84)                Mark Start          Mark End        Relocate Start      Relocate End           High               Low         
[2026-04-03T02:34:52.206+0600][58.888s][info][gc,heap     ] GC(84)  Capacity:     1500M (100%)       1500M (100%)       1500M (100%)       1500M (100%)       1500M (100%)       1500M (100%)   
[2026-04-03T02:34:52.206+0600][58.888s][info][gc,heap     ] GC(84)      Free:      744M (50%)         272M (18%)         710M (47%)         832M (55%)         840M (56%)         248M (17%)    
[2026-04-03T02:34:52.206+0600][58.888s][info][gc,heap     ] GC(84)      Used:      756M (50%)        1228M (82%)         790M (53%)         668M (45%)        1252M (83%)         660M (44%)    
[2026-04-03T02:34:52.206+0600][58.888s][info][gc,heap     ] GC(84)      Live:         -               101M (7%)          101M (7%)          101M (7%)             -                  -          
[2026-04-03T02:34:52.206+0600][58.888s][info][gc,heap     ] GC(84) Allocated:         -               472M (31%)         506M (34%)         527M (35%)            -                  -          
[2026-04-03T02:34:52.206+0600][58.888s][info][gc,heap     ] GC(84)   Garbage:         -               654M (44%)         182M (12%)          38M (3%)             -                  -          
[2026-04-03T02:34:52.206+0600][58.888s][info][gc,heap     ] GC(84) Reclaimed:         -                  -               472M (31%)         615M (41%)            -                  -          
[2026-04-03T02:34:52.206+0600][58.888s][info][gc          ] GC(84) Garbage Collection (Allocation Rate) 756M(50%)->668M(45%)
[2026-04-03T02:34:52.221+0600][58.902s][info][gc,start    ] GC(85) Garbage Collection (Allocation Rate)
[2026-04-03T02:34:52.221+0600][58.902s][info][gc,task     ] GC(85) Using 3 workers
[2026-04-03T02:34:52.221+0600][58.903s][info][gc,phases   ] GC(85) Pause Mark Start 0.012ms
[2026-04-03T02:34:52.326+0600][59.007s][info][gc,phases   ] GC(85) Concurrent Mark 104.728ms
[2026-04-03T02:34:52.326+0600][59.008s][info][gc,phases   ] GC(85) Pause Mark End 0.028ms
[2026-04-03T02:34:52.326+0600][59.008s][info][gc,phases   ] GC(85) Concurrent Mark Free 0.003ms
[2026-04-03T02:34:52.344+0600][59.025s][info][gc,phases   ] GC(85) Concurrent Process Non-Strong References 17.301ms
[2026-04-03T02:34:52.344+0600][59.025s][info][gc,phases   ] GC(85) Concurrent Reset Relocation Set 0.012ms
[2026-04-03T02:34:52.348+0600][59.029s][info][gc,phases   ] GC(85) Concurrent Select Relocation Set 4.083ms
[2026-04-03T02:34:52.348+0600][59.030s][info][gc,phases   ] GC(85) Pause Relocate Start 0.017ms
[2026-04-03T02:34:52.354+0600][59.035s][info][gc,phases   ] GC(85) Concurrent Relocate 5.084ms
[2026-04-03T02:34:52.354+0600][59.035s][info][gc,load     ] GC(85) Load: 6.10/5.80/5.83
[2026-04-03T02:34:52.354+0600][59.035s][info][gc,mmu      ] GC(85) MMU: 2ms/89.3%, 5ms/95.7%, 10ms/97.9%, 20ms/98.9%, 50ms/99.6%, 100ms/99.8%
[2026-04-03T02:34:52.354+0600][59.035s][info][gc,marking  ] GC(85) Mark: 2 stripe(s), 2 proactive flush(es), 1 terminate flush(es), 0 completion(s), 0 continuation(s) 
[2026-04-03T02:34:52.354+0600][59.035s][info][gc,marking  ] GC(85) Mark Stack Usage: 32M
[2026-04-03T02:34:52.354+0600][59.035s][info][gc,nmethod  ] GC(85) NMethods: 15031 registered, 2147 unregistered
[2026-04-03T02:34:52.354+0600][59.035s][info][gc,metaspace] GC(85) Metaspace: 128M used, 129M committed, 1152M reserved
[2026-04-03T02:34:52.354+0600][59.035s][info][gc,ref      ] GC(85) Soft: 3468 encountered, 0 discovered, 0 enqueued
[2026-04-03T02:34:52.354+0600][59.035s][info][gc,ref      ] GC(85) Weak: 14910 encountered, 5813 discovered, 362 enqueued
[2026-04-03T02:34:52.354+0600][59.035s][info][gc,ref      ] GC(85) Final: 84 encountered, 0 discovered, 0 enqueued
[2026-04-03T02:34:52.354+0600][59.035s][info][gc,ref      ] GC(85) Phantom: 620 encountered, 557 discovered, 0 enqueued
[2026-04-03T02:34:52.354+0600][59.035s][info][gc,reloc    ] GC(85) Small Pages: 107 / 214M, Empty: 18M, Relocated: 3M, In-Place: 0
[2026-04-03T02:34:52.354+0600][59.035s][info][gc,reloc    ] GC(85) Medium Pages: 2 / 64M, Empty: 32M, Relocated: 0M, In-Place: 0
[2026-04-03T02:34:52.354+0600][59.035s][info][gc,reloc    ] GC(85) Large Pages: 66 / 396M, Empty: 396M, Relocated: 0M, In-Place: 0
[2026-04-03T02:34:52.354+0600][59.035s][info][gc,reloc    ] GC(85) Forwarding Usage: 0M
[2026-04-03T02:34:52.354+0600][59.036s][info][gc,heap     ] GC(85) Min Capacity: 8M(1%)
[2026-04-03T02:34:52.354+0600][59.036s][info][gc,heap     ] GC(85) Max Capacity: 1500M(100%)
[2026-04-03T02:34:52.354+0600][59.036s][info][gc,heap     ] GC(85) Soft Max Capacity: 1500M(100%)
[2026-04-03T02:34:52.354+0600][59.036s][info][gc,heap     ] GC(85)                Mark Start          Mark End        Relocate Start      Relocate End           High               Low         
[2026-04-03T02:34:52.354+0600][59.036s][info][gc,heap     ] GC(85)  Capacity:     1500M (100%)       1500M (100%)       1500M (100%)       1500M (100%)       1500M (100%)       1500M (100%)   
[2026-04-03T02:34:52.354+0600][59.036s][info][gc,heap     ] GC(85)      Free:      826M (55%)         716M (48%)        1146M (76%)        1234M (82%)        1236M (82%)         702M (47%)    
[2026-04-03T02:34:52.354+0600][59.036s][info][gc,heap     ] GC(85)      Used:      674M (45%)         784M (52%)         354M (24%)         266M (18%)         798M (53%)         264M (18%)    
[2026-04-03T02:34:52.354+0600][59.036s][info][gc,heap     ] GC(85)      Live:         -               102M (7%)          102M (7%)          102M (7%)             -                  -          
[2026-04-03T02:34:52.354+0600][59.036s][info][gc,heap     ] GC(85) Allocated:         -               110M (7%)          126M (8%)          128M (9%)             -                  -          
[2026-04-03T02:34:52.354+0600][59.036s][info][gc,heap     ] GC(85)   Garbage:         -               571M (38%)         125M (8%)           35M (2%)             -                  -          
[2026-04-03T02:34:52.354+0600][59.036s][info][gc,heap     ] GC(85) Reclaimed:         -                  -               446M (30%)         536M (36%)            -                  -          
[2026-04-03T02:34:52.354+0600][59.036s][info][gc          ] GC(85) Garbage Collection (Allocation Rate) 674M(45%)->266M(18%)
[2026-04-03T02:34:52.621+0600][59.303s][info][gc,start    ] GC(86) Garbage Collection (Allocation Rate)
[2026-04-03T02:34:52.621+0600][59.303s][info][gc,task     ] GC(86) Using 2 workers
[2026-04-03T02:34:52.622+0600][59.303s][info][gc,phases   ] GC(86) Pause Mark Start 0.008ms
[2026-04-03T02:34:52.750+0600][59.432s][info][gc,phases   ] GC(86) Concurrent Mark 128.298ms
[2026-04-03T02:34:52.751+0600][59.432s][info][gc,phases   ] GC(86) Pause Mark End 0.049ms
[2026-04-03T02:34:52.751+0600][59.432s][info][gc,phases   ] GC(86) Concurrent Mark Free 0.003ms
[2026-04-03T02:34:52.791+0600][59.472s][info][gc,phases   ] GC(86) Concurrent Process Non-Strong References 39.475ms
[2026-04-03T02:34:52.791+0600][59.472s][info][gc,phases   ] GC(86) Concurrent Reset Relocation Set 0.011ms
[2026-04-03T02:34:52.795+0600][59.477s][info][gc,phases   ] GC(86) Concurrent Select Relocation Set 4.660ms
[2026-04-03T02:34:52.796+0600][59.477s][info][gc,phases   ] GC(86) Pause Relocate Start 0.132ms
[2026-04-03T02:34:52.799+0600][59.481s][info][gc,phases   ] GC(86) Concurrent Relocate 3.048ms
[2026-04-03T02:34:52.800+0600][59.481s][info][gc,load     ] GC(86) Load: 6.10/5.80/5.83
[2026-04-03T02:34:52.800+0600][59.481s][info][gc,mmu      ] GC(86) MMU: 2ms/89.3%, 5ms/95.7%, 10ms/97.9%, 20ms/98.9%, 50ms/99.6%, 100ms/99.8%
[2026-04-03T02:34:52.800+0600][59.481s][info][gc,marking  ] GC(86) Mark: 2 stripe(s), 2 proactive flush(es), 1 terminate flush(es), 0 completion(s), 0 continuation(s) 
[2026-04-03T02:34:52.800+0600][59.481s][info][gc,marking  ] GC(86) Mark Stack Usage: 32M
[2026-04-03T02:34:52.800+0600][59.481s][info][gc,nmethod  ] GC(86) NMethods: 15042 registered, 2154 unregistered
[2026-04-03T02:34:52.800+0600][59.481s][info][gc,metaspace] GC(86) Metaspace: 128M used, 129M committed, 1152M reserved
[2026-04-03T02:34:52.800+0600][59.481s][info][gc,ref      ] GC(86) Soft: 3468 encountered, 0 discovered, 0 enqueued
[2026-04-03T02:34:52.800+0600][59.481s][info][gc,ref      ] GC(86) Weak: 14808 encountered, 6993 discovered, 238 enqueued
[2026-04-03T02:34:52.800+0600][59.481s][info][gc,ref      ] GC(86) Final: 84 encountered, 84 discovered, 0 enqueued
[2026-04-03T02:34:52.800+0600][59.481s][info][gc,ref      ] GC(86) Phantom: 620 encountered, 368 discovered, 0 enqueued
[2026-04-03T02:34:52.800+0600][59.481s][info][gc,reloc    ] GC(86) Small Pages: 173 / 346M, Empty: 22M, Relocated: 1M, In-Place: 0
[2026-04-03T02:34:52.800+0600][59.481s][info][gc,reloc    ] GC(86) Medium Pages: 2 / 64M, Empty: 32M, Relocated: 0M, In-Place: 0
[2026-04-03T02:34:52.800+0600][59.481s][info][gc,reloc    ] GC(86) Large Pages: 5 / 30M, Empty: 30M, Relocated: 0M, In-Place: 0
[2026-04-03T02:34:52.800+0600][59.481s][info][gc,reloc    ] GC(86) Forwarding Usage: 0M
[2026-04-03T02:34:52.800+0600][59.481s][info][gc,heap     ] GC(86) Min Capacity: 8M(1%)
[2026-04-03T02:34:52.800+0600][59.481s][info][gc,heap     ] GC(86) Max Capacity: 1500M(100%)
[2026-04-03T02:34:52.800+0600][59.481s][info][gc,heap     ] GC(86) Soft Max Capacity: 1500M(100%)
[2026-04-03T02:34:52.800+0600][59.481s][info][gc,heap     ] GC(86)                Mark Start          Mark End        Relocate Start      Relocate End           High               Low         
[2026-04-03T02:34:52.800+0600][59.481s][info][gc,heap     ] GC(86)  Capacity:     1500M (100%)       1500M (100%)       1500M (100%)       1500M (100%)       1500M (100%)       1500M (100%)   
[2026-04-03T02:34:52.800+0600][59.481s][info][gc,heap     ] GC(86)      Free:     1060M (71%)         906M (60%)         942M (63%)        1156M (77%)        1156M (77%)         862M (57%)    
[2026-04-03T02:34:52.800+0600][59.482s][info][gc,heap     ] GC(86)      Used:      440M (29%)         594M (40%)         558M (37%)         344M (23%)         638M (43%)         344M (23%)    
[2026-04-03T02:34:52.800+0600][59.482s][info][gc,heap     ] GC(86)      Live:         -               103M (7%)          103M (7%)          103M (7%)             -                  -          
[2026-04-03T02:34:52.800+0600][59.482s][info][gc,heap     ] GC(86) Allocated:         -               154M (10%)         202M (13%)         203M (14%)            -                  -          
[2026-04-03T02:34:52.800+0600][59.482s][info][gc,heap     ] GC(86)   Garbage:         -               336M (22%)         252M (17%)          36M (2%)             -                  -          
[2026-04-03T02:34:52.800+0600][59.482s][info][gc,heap     ] GC(86) Reclaimed:         -                  -                84M (6%)          299M (20%)            -                  -          
[2026-04-03T02:34:52.800+0600][59.482s][info][gc          ] GC(86) Garbage Collection (Allocation Rate) 440M(29%)->344M(23%)
[2026-04-03T02:34:53.021+0600][59.702s][info][gc,start    ] GC(87) Garbage Collection (Allocation Rate)
[2026-04-03T02:34:53.021+0600][59.703s][info][gc,task     ] GC(87) Using 2 workers
[2026-04-03T02:34:53.021+0600][59.703s][info][gc,phases   ] GC(87) Pause Mark Start 0.017ms
[2026-04-03T02:34:53.176+0600][59.858s][info][gc,phases   ] GC(87) Concurrent Mark 154.382ms
[2026-04-03T02:34:53.176+0600][59.858s][info][gc,phases   ] GC(87) Pause Mark End 0.056ms
[2026-04-03T02:34:53.177+0600][59.858s][info][gc,phases   ] GC(87) Concurrent Mark Free 0.003ms
[2026-04-03T02:34:53.208+0600][59.890s][info][gc,phases   ] GC(87) Concurrent Process Non-Strong References 31.927ms
[2026-04-03T02:34:53.209+0600][59.890s][info][gc,phases   ] GC(87) Concurrent Reset Relocation Set 0.009ms
[2026-04-03T02:34:53.212+0600][59.894s][info][gc,phases   ] GC(87) Concurrent Select Relocation Set 3.479ms
[2026-04-03T02:34:53.212+0600][59.894s][info][gc,phases   ] GC(87) Pause Relocate Start 0.015ms
[2026-04-03T02:34:53.216+0600][59.898s][info][gc,phases   ] GC(87) Concurrent Relocate 3.475ms
[2026-04-03T02:34:53.216+0600][59.898s][info][gc,load     ] GC(87) Load: 6.10/5.80/5.83
[2026-04-03T02:34:53.216+0600][59.898s][info][gc,mmu      ] GC(87) MMU: 2ms/89.3%, 5ms/95.7%, 10ms/97.9%, 20ms/98.9%, 50ms/99.6%, 100ms/99.8%
[2026-04-03T02:34:53.216+0600][59.898s][info][gc,marking  ] GC(87) Mark: 2 stripe(s), 2 proactive flush(es), 1 terminate flush(es), 0 completion(s), 0 continuation(s) 
[2026-04-03T02:34:53.216+0600][59.898s][info][gc,marking  ] GC(87) Mark Stack Usage: 32M
[2026-04-03T02:34:53.216+0600][59.898s][info][gc,nmethod  ] GC(87) NMethods: 15035 registered, 2170 unregistered
[2026-04-03T02:34:53.216+0600][59.898s][info][gc,metaspace] GC(87) Metaspace: 128M used, 129M committed, 1152M reserved
[2026-04-03T02:34:53.216+0600][59.898s][info][gc,ref      ] GC(87) Soft: 3472 encountered, 0 discovered, 0 enqueued
[2026-04-03T02:34:53.216+0600][59.898s][info][gc,ref      ] GC(87) Weak: 15316 encountered, 7168 discovered, 32 enqueued
[2026-04-03T02:34:53.216+0600][59.898s][info][gc,ref      ] GC(87) Final: 84 encountered, 80 discovered, 0 enqueued
[2026-04-03T02:34:53.216+0600][59.898s][info][gc,ref      ] GC(87) Phantom: 620 encountered, 483 discovered, 0 enqueued
[2026-04-03T02:34:53.216+0600][59.898s][info][gc,reloc    ] GC(87) Small Pages: 238 / 476M, Empty: 180M, Relocated: 4M, In-Place: 0
[2026-04-03T02:34:53.216+0600][59.898s][info][gc,reloc    ] GC(87) Medium Pages: 4 / 128M, Empty: 96M, Relocated: 0M, In-Place: 0
[2026-04-03T02:34:53.216+0600][59.898s][info][gc,reloc    ] GC(87) Large Pages: 10 / 60M, Empty: 60M, Relocated: 0M, In-Place: 0
[2026-04-03T02:34:53.216+0600][59.898s][info][gc,reloc    ] GC(87) Forwarding Usage: 0M
[2026-04-03T02:34:53.216+0600][59.898s][info][gc,heap     ] GC(87) Min Capacity: 8M(1%)
[2026-04-03T02:34:53.216+0600][59.898s][info][gc,heap     ] GC(87) Max Capacity: 1500M(100%)
[2026-04-03T02:34:53.216+0600][59.898s][info][gc,heap     ] GC(87) Soft Max Capacity: 1500M(100%)
[2026-04-03T02:34:53.216+0600][59.898s][info][gc,heap     ] GC(87)                Mark Start          Mark End        Relocate Start      Relocate End           High               Low         
[2026-04-03T02:34:53.216+0600][59.898s][info][gc,heap     ] GC(87)  Capacity:     1500M (100%)       1500M (100%)       1500M (100%)       1500M (100%)       1500M (100%)       1500M (100%)   
[2026-04-03T02:34:53.216+0600][59.898s][info][gc,heap     ] GC(87)      Free:      836M (56%)         642M (43%)         916M (61%)        1094M (73%)        1096M (73%)         496M (33%)    
[2026-04-03T02:34:53.217+0600][59.898s][info][gc,heap     ] GC(87)      Used:      664M (44%)         858M (57%)         584M (39%)         406M (27%)        1004M (67%)         404M (27%)    
[2026-04-03T02:34:53.217+0600][59.898s][info][gc,heap     ] GC(87)      Live:         -               106M (7%)          106M (7%)          106M (7%)             -                  -          
[2026-04-03T02:34:53.217+0600][59.898s][info][gc,heap     ] GC(87) Allocated:         -               194M (13%)         256M (17%)         261M (17%)            -                  -          
[2026-04-03T02:34:53.217+0600][59.898s][info][gc,heap     ] GC(87)   Garbage:         -               557M (37%)         221M (15%)          37M (3%)             -                  -          
[2026-04-03T02:34:53.217+0600][59.898s][info][gc,heap     ] GC(87) Reclaimed:         -                  -               336M (22%)         519M (35%)            -                  -          
[2026-04-03T02:34:53.217+0600][59.898s][info][gc          ] GC(87) Garbage Collection (Allocation Rate) 664M(44%)->406M(27%)
[2026-04-03T02:34:53.321+0600][60.003s][info][gc,start    ] GC(88) Garbage Collection (Allocation Rate)
[2026-04-03T02:34:53.322+0600][60.003s][info][gc,task     ] GC(88) Using 2 workers
[2026-04-03T02:34:53.322+0600][60.003s][info][gc,phases   ] GC(88) Pause Mark Start 0.015ms
[2026-04-03T02:34:53.423+0600][60.104s][info][gc,stats    ] === Garbage Collection Statistics =======================================================================================================================
[2026-04-03T02:34:53.423+0600][60.104s][info][gc,stats    ]                                                              Last 10s              Last 10m              Last 10h                Total
[2026-04-03T02:34:53.423+0600][60.104s][info][gc,stats    ]                                                              Avg / Max             Avg / Max             Avg / Max             Avg / Max
[2026-04-03T02:34:53.423+0600][60.104s][info][gc,stats    ]   Collector: Garbage Collection Cycle                    179.675 / 246.352     181.383 / 325.465     181.383 / 325.465     181.383 / 325.465     ms
[2026-04-03T02:34:53.423+0600][60.104s][info][gc,stats    ]  Contention: Mark Segment Reset Contention                    28 / 113              12 / 113              12 / 113              12 / 113         ops/s
[2026-04-03T02:34:53.423+0600][60.104s][info][gc,stats    ]  Contention: Mark SeqNum Reset Contention                      0 / 4                 0 / 4                 0 / 4                 0 / 4           ops/s
[2026-04-03T02:34:53.423+0600][60.104s][info][gc,stats    ]    Critical: Allocation Stall                                  0 / 0                 0 / 4                 0 / 4                 0 / 4           ops/s
[2026-04-03T02:34:53.423+0600][60.104s][info][gc,stats    ]    Critical: Allocation Stall                              0.000 / 0.000        18.485 / 29.651       18.485 / 29.651       18.485 / 29.651      ms
[2026-04-03T02:34:53.423+0600][60.105s][info][gc,stats    ]    Critical: GC Locker Stall                                   1 / 3                 0 / 3                 0 / 3                 0 / 3           ops/s
[2026-04-03T02:34:53.423+0600][60.105s][info][gc,stats    ]    Critical: GC Locker Stall                               0.064 / 0.205         0.047 / 0.205         0.047 / 0.205         0.047 / 0.205       ms
[2026-04-03T02:34:53.423+0600][60.105s][info][gc,stats    ]    Critical: Relocation Stall                                  0 / 0                 0 / 0                 0 / 0                 0 / 0           ops/s
[2026-04-03T02:34:53.423+0600][60.105s][info][gc,stats    ]    Critical: Relocation Stall                              0.000 / 0.000         0.000 / 0.000         0.000 / 0.000         0.000 / 0.000       ms
[2026-04-03T02:34:53.423+0600][60.105s][info][gc,stats    ]      Memory: Allocation Rate                                1407 / 1900            856 / 1900            856 / 1900            856 / 1900        MB/s
[2026-04-03T02:34:53.423+0600][60.105s][info][gc,stats    ]      Memory: Defragment                                       46 / 107              25 / 172              25 / 172              25 / 172         ops/s
[2026-04-03T02:34:53.423+0600][60.105s][info][gc,stats    ]      Memory: Out Of Memory                                     0 / 0                 0 / 0                 0 / 0                 0 / 0           ops/s
[2026-04-03T02:34:53.423+0600][60.105s][info][gc,stats    ]      Memory: Page Cache Flush                                212 / 420             117 / 424             117 / 424             117 / 424         MB/s
[2026-04-03T02:34:53.423+0600][60.105s][info][gc,stats    ]      Memory: Page Cache Hit L1                               445 / 507             271 / 591             271 / 591             271 / 591         ops/s
[2026-04-03T02:34:53.423+0600][60.105s][info][gc,stats    ]      Memory: Page Cache Hit L2                                 0 / 0                 0 / 0                 0 / 0                 0 / 0           ops/s
[2026-04-03T02:34:53.423+0600][60.105s][info][gc,stats    ]      Memory: Page Cache Hit L3                                39 / 111              22 / 114              22 / 114              22 / 114         ops/s
[2026-04-03T02:34:53.423+0600][60.105s][info][gc,stats    ]      Memory: Page Cache Miss                                  10 / 57               10 / 66               10 / 66               10 / 66          ops/s
[2026-04-03T02:34:53.423+0600][60.105s][info][gc,stats    ]      Memory: Uncommit                                          0 / 0                 0 / 0                 0 / 0                 0 / 0           MB/s
[2026-04-03T02:34:53.423+0600][60.105s][info][gc,stats    ]      Memory: Undo Object Allocation Failed                     0 / 0                 0 / 0                 0 / 0                 0 / 0           ops/s
[2026-04-03T02:34:53.423+0600][60.105s][info][gc,stats    ]      Memory: Undo Object Allocation Succeeded                  1 / 6                 3 / 74                3 / 74                3 / 74          ops/s
[2026-04-03T02:34:53.423+0600][60.105s][info][gc,stats    ]      Memory: Undo Page Allocation                              1 / 7                 0 / 7                 0 / 7                 0 / 7           ops/s
[2026-04-03T02:34:53.423+0600][60.105s][info][gc,stats    ]       Phase: Concurrent Mark                             138.112 / 192.816     135.847 / 253.223     135.847 / 253.223     135.847 / 253.223     ms
[2026-04-03T02:34:53.423+0600][60.105s][info][gc,stats    ]       Phase: Concurrent Mark Continue                      0.000 / 0.000         0.000 / 0.000         0.000 / 0.000         0.000 / 0.000       ms
[2026-04-03T02:34:53.423+0600][60.105s][info][gc,stats    ]       Phase: Concurrent Mark Free                          0.003 / 0.005         0.003 / 0.005         0.003 / 0.005         0.003 / 0.005       ms
[2026-04-03T02:34:53.423+0600][60.105s][info][gc,stats    ]       Phase: Concurrent Process Non-Strong References     27.686 / 39.475       29.536 / 80.610       29.536 / 80.610       29.536 / 80.610      ms
[2026-04-03T02:34:53.423+0600][60.105s][info][gc,stats    ]       Phase: Concurrent Relocate                           7.448 / 14.884        8.861 / 48.786        8.861 / 48.786        8.861 / 48.786      ms
[2026-04-03T02:34:53.423+0600][60.105s][info][gc,stats    ]       Phase: Concurrent Reset Relocation Set               0.014 / 0.025         0.014 / 0.037         0.014 / 0.037         0.014 / 0.037       ms
[2026-04-03T02:34:53.423+0600][60.105s][info][gc,stats    ]       Phase: Concurrent Select Relocation Set              4.100 / 5.431         4.218 / 13.433        4.218 / 13.433        4.218 / 13.433      ms
[2026-04-03T02:34:53.423+0600][60.105s][info][gc,stats    ]       Phase: Pause Mark End                                0.042 / 0.083         0.045 / 0.214         0.045 / 0.214         0.045 / 0.214       ms
[2026-04-03T02:34:53.423+0600][60.105s][info][gc,stats    ]       Phase: Pause Mark Start                              0.016 / 0.029         0.017 / 0.103         0.017 / 0.103         0.017 / 0.103       ms
[2026-04-03T02:34:53.423+0600][60.105s][info][gc,stats    ]       Phase: Pause Relocate Start                          0.021 / 0.132         0.020 / 0.143         0.020 / 0.143         0.020 / 0.143       ms
[2026-04-03T02:34:53.423+0600][60.105s][info][gc,stats    ]    Subphase: Concurrent Classes Purge                      0.076 / 0.120         0.208 / 2.367         0.208 / 2.367         0.208 / 2.367       ms
[2026-04-03T02:34:53.423+0600][60.105s][info][gc,stats    ]    Subphase: Concurrent Classes Unlink                    23.882 / 34.632       25.506 / 69.993       25.506 / 69.993       25.506 / 69.993      ms
[2026-04-03T02:34:53.423+0600][60.105s][info][gc,stats    ]    Subphase: Concurrent Mark                             129.637 / 190.328     126.329 / 250.492     126.329 / 250.492     126.329 / 250.492     ms
[2026-04-03T02:34:53.423+0600][60.105s][info][gc,stats    ]    Subphase: Concurrent Mark Try Flush                     0.430 / 3.742         0.696 / 31.130        0.696 / 31.130        0.696 / 31.130      ms
[2026-04-03T02:34:53.423+0600][60.105s][info][gc,stats    ]    Subphase: Concurrent Mark Try Terminate                 0.750 / 1.630         0.896 / 19.747        0.896 / 19.747        0.896 / 19.747      ms
[2026-04-03T02:34:53.423+0600][60.105s][info][gc,stats    ]    Subphase: Concurrent References Enqueue                 0.011 / 0.019         0.011 / 0.030         0.011 / 0.030         0.011 / 0.030       ms
[2026-04-03T02:34:53.423+0600][60.105s][info][gc,stats    ]    Subphase: Concurrent References Process                 0.972 / 1.521         0.887 / 2.906         0.887 / 2.906         0.887 / 2.906       ms
[2026-04-03T02:34:53.424+0600][60.105s][info][gc,stats    ]    Subphase: Concurrent Roots ClassLoaderDataGraph         0.435 / 0.915         0.444 / 0.991         0.444 / 0.991         0.444 / 0.991       ms
[2026-04-03T02:34:53.424+0600][60.105s][info][gc,stats    ]    Subphase: Concurrent Roots CodeCache                    0.000 / 0.000         0.000 / 0.000         0.000 / 0.000         0.000 / 0.000       ms
[2026-04-03T02:34:53.424+0600][60.105s][info][gc,stats    ]    Subphase: Concurrent Roots JavaThreads                  1.450 / 6.134         1.654 / 10.883        1.654 / 10.883        1.654 / 10.883      ms
[2026-04-03T02:34:53.424+0600][60.105s][info][gc,stats    ]    Subphase: Concurrent Roots OopStorageSet                0.090 / 0.190         0.102 / 0.345         0.102 / 0.345         0.102 / 0.345       ms
[2026-04-03T02:34:53.424+0600][60.105s][info][gc,stats    ]    Subphase: Concurrent Weak Roots OopStorageSet           1.764 / 2.671         1.788 / 6.701         1.788 / 6.701         1.788 / 6.701       ms
[2026-04-03T02:34:53.424+0600][60.105s][info][gc,stats    ]    Subphase: Pause Mark Try Complete                       0.000 / 0.000         0.006 / 0.014         0.006 / 0.014         0.006 / 0.014       ms
[2026-04-03T02:34:53.424+0600][60.105s][info][gc,stats    ]      System: Java Threads                                    285 / 286             260 / 290             260 / 290             260 / 290         threads
[2026-04-03T02:34:53.424+0600][60.105s][info][gc,stats    ] =========================================================================================================================================================
[2026-04-03T02:34:53.493+0600][60.174s][info][gc,phases   ] GC(88) Concurrent Mark 170.906ms
[2026-04-03T02:34:53.493+0600][60.175s][info][gc,phases   ] GC(88) Pause Mark End 0.037ms
[2026-04-03T02:34:53.493+0600][60.175s][info][gc,phases   ] GC(88) Concurrent Mark Free 0.003ms
[2026-04-03T02:34:53.517+0600][60.199s][info][gc,phases   ] GC(88) Concurrent Process Non-Strong References 24.022ms
[2026-04-03T02:34:53.517+0600][60.199s][info][gc,phases   ] GC(88) Concurrent Reset Relocation Set 0.010ms
[2026-04-03T02:34:53.522+0600][60.203s][info][gc,phases   ] GC(88) Concurrent Select Relocation Set 4.081ms
[2026-04-03T02:34:53.522+0600][60.203s][info][gc,phases   ] GC(88) Pause Relocate Start 0.015ms
[2026-04-03T02:34:53.525+0600][60.206s][info][gc,phases   ] GC(88) Concurrent Relocate 2.313ms
[2026-04-03T02:34:53.525+0600][60.206s][info][gc,load     ] GC(88) Load: 6.10/5.80/5.83
[2026-04-03T02:34:53.525+0600][60.206s][info][gc,mmu      ] GC(88) MMU: 2ms/89.3%, 5ms/95.7%, 10ms/97.9%, 20ms/98.9%, 50ms/99.6%, 100ms/99.8%
[2026-04-03T02:34:53.525+0600][60.206s][info][gc,marking  ] GC(88) Mark: 2 stripe(s), 2 proactive flush(es), 1 terminate flush(es), 0 completion(s), 0 continuation(s) 
[2026-04-03T02:34:53.525+0600][60.206s][info][gc,marking  ] GC(88) Mark Stack Usage: 32M
[2026-04-03T02:34:53.525+0600][60.206s][info][gc,nmethod  ] GC(88) NMethods: 15048 registered, 2174 unregistered
[2026-04-03T02:34:53.525+0600][60.206s][info][gc,metaspace] GC(88) Metaspace: 128M used, 129M committed, 1152M reserved
[2026-04-03T02:34:53.525+0600][60.206s][info][gc,ref      ] GC(88) Soft: 3468 encountered, 0 discovered, 0 enqueued
[2026-04-03T02:34:53.525+0600][60.206s][info][gc,ref      ] GC(88) Weak: 15859 encountered, 6627 discovered, 17 enqueued
[2026-04-03T02:34:53.525+0600][60.206s][info][gc,ref      ] GC(88) Final: 84 encountered, 80 discovered, 0 enqueued
[2026-04-03T02:34:53.525+0600][60.206s][info][gc,ref      ] GC(88) Phantom: 620 encountered, 387 discovered, 0 enqueued
[2026-04-03T02:34:53.525+0600][60.206s][info][gc,reloc    ] GC(88) Small Pages: 190 / 380M, Empty: 112M, Relocated: 1M, In-Place: 0
[2026-04-03T02:34:53.525+0600][60.206s][info][gc,reloc    ] GC(88) Medium Pages: 3 / 96M, Empty: 64M, Relocated: 0M, In-Place: 0
[2026-04-03T02:34:53.525+0600][60.206s][info][gc,reloc    ] GC(88) Large Pages: 8 / 48M, Empty: 48M, Relocated: 0M, In-Place: 0
[2026-04-03T02:34:53.525+0600][60.206s][info][gc,reloc    ] GC(88) Forwarding Usage: 0M
[2026-04-03T02:34:53.525+0600][60.206s][info][gc,heap     ] GC(88) Min Capacity: 8M(1%)
[2026-04-03T02:34:53.525+0600][60.206s][info][gc,heap     ] GC(88) Max Capacity: 1500M(100%)
[2026-04-03T02:34:53.525+0600][60.206s][info][gc,heap     ] GC(88) Soft Max Capacity: 1500M(100%)
[2026-04-03T02:34:53.525+0600][60.206s][info][gc,heap     ] GC(88)                Mark Start          Mark End        Relocate Start      Relocate End           High               Low         
[2026-04-03T02:34:53.525+0600][60.206s][info][gc,heap     ] GC(88)  Capacity:     1500M (100%)       1500M (100%)       1500M (100%)       1500M (100%)       1500M (100%)       1500M (100%)   
[2026-04-03T02:34:53.525+0600][60.206s][info][gc,heap     ] GC(88)      Free:      976M (65%)         738M (49%)         942M (63%)        1094M (73%)        1094M (73%)         724M (48%)    
[2026-04-03T02:34:53.525+0600][60.206s][info][gc,heap     ] GC(88)      Used:      524M (35%)         762M (51%)         558M (37%)         406M (27%)         776M (52%)         406M (27%)    
[2026-04-03T02:34:53.525+0600][60.206s][info][gc,heap     ] GC(88)      Live:         -               104M (7%)          104M (7%)          104M (7%)             -                  -          
[2026-04-03T02:34:53.525+0600][60.206s][info][gc,heap     ] GC(88) Allocated:         -               238M (16%)         258M (17%)         261M (17%)            -                  -          
[2026-04-03T02:34:53.525+0600][60.206s][info][gc,heap     ] GC(88)   Garbage:         -               419M (28%)         195M (13%)          39M (3%)             -                  -          
[2026-04-03T02:34:53.525+0600][60.206s][info][gc,heap     ] GC(88) Reclaimed:         -                  -               224M (15%)         379M (25%)            -                  -          
[2026-04-03T02:34:53.525+0600][60.206s][info][gc          ] GC(88) Garbage Collection (Allocation Rate) 524M(35%)->406M(27%)
[2026-04-03T02:34:54.122+0600][60.803s][info][gc,start    ] GC(89) Garbage Collection (Allocation Rate)
[2026-04-03T02:34:54.122+0600][60.803s][info][gc,task     ] GC(89) Using 2 workers
[2026-04-03T02:34:54.122+0600][60.803s][info][gc,phases   ] GC(89) Pause Mark Start 0.015ms
[2026-04-03T02:34:54.298+0600][60.979s][info][gc,phases   ] GC(89) Concurrent Mark 175.572ms
[2026-04-03T02:34:54.298+0600][60.979s][info][gc,phases   ] GC(89) Pause Mark End 0.040ms
[2026-04-03T02:34:54.298+0600][60.980s][info][gc,phases   ] GC(89) Concurrent Mark Free 0.003ms
[2026-04-03T02:34:54.331+0600][61.013s][info][gc,phases   ] GC(89) Concurrent Process Non-Strong References 32.892ms
[2026-04-03T02:34:54.331+0600][61.013s][info][gc,phases   ] GC(89) Concurrent Reset Relocation Set 0.010ms
[2026-04-03T02:34:54.338+0600][61.019s][info][gc,phases   ] GC(89) Concurrent Select Relocation Set 6.725ms
[2026-04-03T02:34:54.338+0600][61.020s][info][gc,phases   ] GC(89) Pause Relocate Start 0.016ms
[2026-04-03T02:34:54.351+0600][61.033s][info][gc,phases   ] GC(89) Concurrent Relocate 12.853ms
[2026-04-03T02:34:54.351+0600][61.033s][info][gc,load     ] GC(89) Load: 6.10/5.80/5.83
[2026-04-03T02:34:54.351+0600][61.033s][info][gc,mmu      ] GC(89) MMU: 2ms/89.3%, 5ms/95.7%, 10ms/97.9%, 20ms/98.9%, 50ms/99.6%, 100ms/99.8%
[2026-04-03T02:34:54.351+0600][61.033s][info][gc,marking  ] GC(89) Mark: 2 stripe(s), 2 proactive flush(es), 1 terminate flush(es), 0 completion(s), 0 continuation(s) 
[2026-04-03T02:34:54.351+0600][61.033s][info][gc,marking  ] GC(89) Mark Stack Usage: 32M
[2026-04-03T02:34:54.351+0600][61.033s][info][gc,nmethod  ] GC(89) NMethods: 15072 registered, 2200 unregistered
[2026-04-03T02:34:54.351+0600][61.033s][info][gc,metaspace] GC(89) Metaspace: 128M used, 129M committed, 1152M reserved
[2026-04-03T02:34:54.352+0600][61.033s][info][gc,ref      ] GC(89) Soft: 3473 encountered, 0 discovered, 0 enqueued
[2026-04-03T02:34:54.352+0600][61.033s][info][gc,ref      ] GC(89) Weak: 16767 encountered, 6751 discovered, 1612 enqueued
[2026-04-03T02:34:54.352+0600][61.033s][info][gc,ref      ] GC(89) Final: 84 encountered, 0 discovered, 0 enqueued
[2026-04-03T02:34:54.352+0600][61.033s][info][gc,ref      ] GC(89) Phantom: 620 encountered, 563 discovered, 0 enqueued
[2026-04-03T02:34:54.352+0600][61.033s][info][gc,reloc    ] GC(89) Small Pages: 381 / 762M, Empty: 204M, Relocated: 10M, In-Place: 0
[2026-04-03T02:34:54.352+0600][61.033s][info][gc,reloc    ] GC(89) Medium Pages: 5 / 160M, Empty: 128M, Relocated: 0M, In-Place: 0
[2026-04-03T02:34:54.352+0600][61.033s][info][gc,reloc    ] GC(89) Large Pages: 14 / 84M, Empty: 84M, Relocated: 0M, In-Place: 0
[2026-04-03T02:34:54.352+0600][61.033s][info][gc,reloc    ] GC(89) Forwarding Usage: 2M
[2026-04-03T02:34:54.352+0600][61.033s][info][gc,heap     ] GC(89) Min Capacity: 8M(1%)
[2026-04-03T02:34:54.352+0600][61.033s][info][gc,heap     ] GC(89) Max Capacity: 1500M(100%)
[2026-04-03T02:34:54.352+0600][61.033s][info][gc,heap     ] GC(89) Soft Max Capacity: 1500M(100%)
[2026-04-03T02:34:54.352+0600][61.033s][info][gc,heap     ] GC(89)                Mark Start          Mark End        Relocate Start      Relocate End           High               Low         
[2026-04-03T02:34:54.352+0600][61.033s][info][gc,heap     ] GC(89)  Capacity:     1500M (100%)       1500M (100%)       1500M (100%)       1500M (100%)       1500M (100%)       1500M (100%)   
[2026-04-03T02:34:54.352+0600][61.033s][info][gc,heap     ] GC(89)      Free:      494M (33%)         294M (20%)         640M (43%)        1070M (71%)        1078M (72%)         240M (16%)    
[2026-04-03T02:34:54.352+0600][61.033s][info][gc,heap     ] GC(89)      Used:     1006M (67%)        1206M (80%)         860M (57%)         430M (29%)        1260M (84%)         422M (28%)    
[2026-04-03T02:34:54.352+0600][61.033s][info][gc,heap     ] GC(89)      Live:         -               107M (7%)          107M (7%)          107M (7%)             -                  -          
[2026-04-03T02:34:54.352+0600][61.033s][info][gc,heap     ] GC(89) Allocated:         -               200M (13%)         270M (18%)         285M (19%)            -                  -          
[2026-04-03T02:34:54.352+0600][61.033s][info][gc,heap     ] GC(89)   Garbage:         -               898M (60%)         482M (32%)          36M (2%)             -                  -          
[2026-04-03T02:34:54.352+0600][61.033s][info][gc,heap     ] GC(89) Reclaimed:         -                  -               416M (28%)         861M (57%)            -                  -          
[2026-04-03T02:34:54.352+0600][61.033s][info][gc          ] GC(89) Garbage Collection (Allocation Rate) 1006M(67%)->430M(29%)
[2026-04-03T02:34:54.821+0600][61.503s][info][gc,start    ] GC(90) Garbage Collection (Allocation Rate)
[2026-04-03T02:34:54.821+0600][61.503s][info][gc,task     ] GC(90) Using 2 workers
[2026-04-03T02:34:54.822+0600][61.503s][info][gc,phases   ] GC(90) Pause Mark Start 0.014ms
[2026-04-03T02:34:55.019+0600][61.701s][info][gc,phases   ] GC(90) Concurrent Mark 197.702ms
[2026-04-03T02:34:55.020+0600][61.701s][info][gc,phases   ] GC(90) Pause Mark End 0.036ms
[2026-04-03T02:34:55.020+0600][61.701s][info][gc,phases   ] GC(90) Concurrent Mark Free 0.001ms
[2026-04-03T02:34:55.057+0600][61.738s][info][gc,phases   ] GC(90) Concurrent Process Non-Strong References 36.802ms
[2026-04-03T02:34:55.057+0600][61.738s][info][gc,phases   ] GC(90) Concurrent Reset Relocation Set 0.029ms
[2026-04-03T02:34:55.062+0600][61.743s][info][gc,phases   ] GC(90) Concurrent Select Relocation Set 5.030ms
[2026-04-03T02:34:55.062+0600][61.744s][info][gc,phases   ] GC(90) Pause Relocate Start 0.016ms
[2026-04-03T02:34:55.071+0600][61.753s][info][gc,phases   ] GC(90) Concurrent Relocate 8.710ms
[2026-04-03T02:34:55.071+0600][61.753s][info][gc,load     ] GC(90) Load: 6.57/5.90/5.87
[2026-04-03T02:34:55.071+0600][61.753s][info][gc,mmu      ] GC(90) MMU: 2ms/89.3%, 5ms/95.7%, 10ms/97.9%, 20ms/98.9%, 50ms/99.6%, 100ms/99.8%
[2026-04-03T02:34:55.071+0600][61.753s][info][gc,marking  ] GC(90) Mark: 2 stripe(s), 3 proactive flush(es), 1 terminate flush(es), 0 completion(s), 0 continuation(s) 
[2026-04-03T02:34:55.071+0600][61.753s][info][gc,marking  ] GC(90) Mark Stack Usage: 32M
[2026-04-03T02:34:55.071+0600][61.753s][info][gc,nmethod  ] GC(90) NMethods: 15070 registered, 2216 unregistered
[2026-04-03T02:34:55.071+0600][61.753s][info][gc,metaspace] GC(90) Metaspace: 128M used, 129M committed, 1152M reserved
[2026-04-03T02:34:55.071+0600][61.753s][info][gc,ref      ] GC(90) Soft: 3476 encountered, 0 discovered, 0 enqueued
[2026-04-03T02:34:55.071+0600][61.753s][info][gc,ref      ] GC(90) Weak: 16542 encountered, 6222 discovered, 1728 enqueued
[2026-04-03T02:34:55.071+0600][61.753s][info][gc,ref      ] GC(90) Final: 84 encountered, 0 discovered, 0 enqueued
[2026-04-03T02:34:55.071+0600][61.753s][info][gc,ref      ] GC(90) Phantom: 620 encountered, 413 discovered, 0 enqueued
[2026-04-03T02:34:55.071+0600][61.753s][info][gc,reloc    ] GC(90) Small Pages: 379 / 758M, Empty: 236M, Relocated: 6M, In-Place: 0
[2026-04-03T02:34:55.071+0600][61.753s][info][gc,reloc    ] GC(90) Medium Pages: 5 / 160M, Empty: 128M, Relocated: 0M, In-Place: 0
[2026-04-03T02:34:55.071+0600][61.753s][info][gc,reloc    ] GC(90) Large Pages: 19 / 114M, Empty: 114M, Relocated: 0M, In-Place: 0
[2026-04-03T02:34:55.071+0600][61.753s][info][gc,reloc    ] GC(90) Forwarding Usage: 1M
[2026-04-03T02:34:55.071+0600][61.753s][info][gc,heap     ] GC(90) Min Capacity: 8M(1%)
[2026-04-03T02:34:55.071+0600][61.753s][info][gc,heap     ] GC(90) Max Capacity: 1500M(100%)
[2026-04-03T02:34:55.071+0600][61.753s][info][gc,heap     ] GC(90) Soft Max Capacity: 1500M(100%)
[2026-04-03T02:34:55.071+0600][61.753s][info][gc,heap     ] GC(90)                Mark Start          Mark End        Relocate Start      Relocate End           High               Low         
[2026-04-03T02:34:55.071+0600][61.753s][info][gc,heap     ] GC(90)  Capacity:     1500M (100%)       1500M (100%)       1500M (100%)       1500M (100%)       1500M (100%)       1500M (100%)   
[2026-04-03T02:34:55.072+0600][61.753s][info][gc,heap     ] GC(90)      Free:      468M (31%)         180M (12%)         588M (39%)         972M (65%)         972M (65%)         120M (8%)     
[2026-04-03T02:34:55.072+0600][61.753s][info][gc,heap     ] GC(90)      Used:     1032M (69%)        1320M (88%)         912M (61%)         528M (35%)        1380M (92%)         528M (35%)    
[2026-04-03T02:34:55.072+0600][61.753s][info][gc,heap     ] GC(90)      Live:         -               108M (7%)          108M (7%)          108M (7%)             -                  -          
[2026-04-03T02:34:55.072+0600][61.753s][info][gc,heap     ] GC(90) Allocated:         -               288M (19%)         358M (24%)         381M (25%)            -                  -          
[2026-04-03T02:34:55.072+0600][61.753s][info][gc,heap     ] GC(90)   Garbage:         -               923M (62%)         445M (30%)          38M (3%)             -                  -          
[2026-04-03T02:34:55.072+0600][61.753s][info][gc,heap     ] GC(90) Reclaimed:         -                  -               478M (32%)         885M (59%)            -                  -          
[2026-04-03T02:34:55.072+0600][61.753s][info][gc          ] GC(90) Garbage Collection (Allocation Rate) 1032M(69%)->528M(35%)
[2026-04-03T02:34:55.221+0600][61.903s][info][gc,start    ] GC(91) Garbage Collection (Allocation Rate)
[2026-04-03T02:34:55.222+0600][61.903s][info][gc,task     ] GC(91) Using 3 workers
[2026-04-03T02:34:55.222+0600][61.903s][info][gc,phases   ] GC(91) Pause Mark Start 0.016ms
[2026-04-03T02:34:55.322+0600][62.004s][info][gc,phases   ] GC(91) Concurrent Mark 100.540ms
[2026-04-03T02:34:55.323+0600][62.004s][info][gc,phases   ] GC(91) Pause Mark End 0.065ms
[2026-04-03T02:34:55.323+0600][62.005s][info][gc,phases   ] GC(91) Concurrent Mark Free 0.002ms
[2026-04-03T02:34:55.346+0600][62.027s][info][gc,phases   ] GC(91) Concurrent Process Non-Strong References 22.408ms
[2026-04-03T02:34:55.346+0600][62.027s][info][gc,phases   ] GC(91) Concurrent Reset Relocation Set 0.023ms
[2026-04-03T02:34:55.352+0600][62.033s][info][gc,phases   ] GC(91) Concurrent Select Relocation Set 5.931ms
[2026-04-03T02:34:55.353+0600][62.035s][info][gc,phases   ] GC(91) Pause Relocate Start 0.021ms
[2026-04-03T02:34:55.361+0600][62.043s][info][gc,phases   ] GC(91) Concurrent Relocate 7.971ms
[2026-04-03T02:34:55.362+0600][62.043s][info][gc,load     ] GC(91) Load: 6.57/5.90/5.87
[2026-04-03T02:34:55.362+0600][62.043s][info][gc,mmu      ] GC(91) MMU: 2ms/89.3%, 5ms/95.7%, 10ms/97.9%, 20ms/98.9%, 50ms/99.6%, 100ms/99.8%
[2026-04-03T02:34:55.362+0600][62.043s][info][gc,marking  ] GC(91) Mark: 2 stripe(s), 3 proactive flush(es), 1 terminate flush(es), 0 completion(s), 0 continuation(s) 
[2026-04-03T02:34:55.362+0600][62.043s][info][gc,marking  ] GC(91) Mark Stack Usage: 32M
[2026-04-03T02:34:55.362+0600][62.043s][info][gc,nmethod  ] GC(91) NMethods: 15073 registered, 2222 unregistered
[2026-04-03T02:34:55.362+0600][62.043s][info][gc,metaspace] GC(91) Metaspace: 128M used, 129M committed, 1152M reserved
[2026-04-03T02:34:55.362+0600][62.043s][info][gc,ref      ] GC(91) Soft: 3468 encountered, 0 discovered, 0 enqueued
[2026-04-03T02:34:55.362+0600][62.043s][info][gc,ref      ] GC(91) Weak: 15270 encountered, 5557 discovered, 571 enqueued
[2026-04-03T02:34:55.362+0600][62.043s][info][gc,ref      ] GC(91) Final: 84 encountered, 0 discovered, 0 enqueued
[2026-04-03T02:34:55.362+0600][62.043s][info][gc,ref      ] GC(91) Phantom: 620 encountered, 566 discovered, 0 enqueued
[2026-04-03T02:34:55.362+0600][62.043s][info][gc,reloc    ] GC(91) Small Pages: 278 / 556M, Empty: 308M, Relocated: 4M, In-Place: 0
[2026-04-03T02:34:55.362+0600][62.043s][info][gc,reloc    ] GC(91) Medium Pages: 3 / 96M, Empty: 64M, Relocated: 0M, In-Place: 0
[2026-04-03T02:34:55.362+0600][62.043s][info][gc,reloc    ] GC(91) Large Pages: 70 / 420M, Empty: 420M, Relocated: 0M, In-Place: 0
[2026-04-03T02:34:55.362+0600][62.043s][info][gc,reloc    ] GC(91) Forwarding Usage: 1M
[2026-04-03T02:34:55.362+0600][62.043s][info][gc,heap     ] GC(91) Min Capacity: 8M(1%)
[2026-04-03T02:34:55.362+0600][62.043s][info][gc,heap     ] GC(91) Max Capacity: 1500M(100%)
[2026-04-03T02:34:55.362+0600][62.043s][info][gc,heap     ] GC(91) Soft Max Capacity: 1500M(100%)
[2026-04-03T02:34:55.362+0600][62.043s][info][gc,heap     ] GC(91)                Mark Start          Mark End        Relocate Start      Relocate End           High               Low         
[2026-04-03T02:34:55.362+0600][62.043s][info][gc,heap     ] GC(91)  Capacity:     1500M (100%)       1500M (100%)       1500M (100%)       1500M (100%)       1500M (100%)       1500M (100%)   
[2026-04-03T02:34:55.362+0600][62.043s][info][gc,heap     ] GC(91)      Free:      428M (29%)         328M (22%)         950M (63%)         998M (67%)        1074M (72%)         126M (8%)     
[2026-04-03T02:34:55.362+0600][62.043s][info][gc,heap     ] GC(91)      Used:     1072M (71%)        1172M (78%)         550M (37%)         502M (33%)        1374M (92%)         426M (28%)    
[2026-04-03T02:34:55.362+0600][62.043s][info][gc,heap     ] GC(91)      Live:         -               105M (7%)          105M (7%)          105M (7%)             -                  -          
[2026-04-03T02:34:55.362+0600][62.043s][info][gc,heap     ] GC(91) Allocated:         -               100M (7%)          270M (18%)         359M (24%)            -                  -          
[2026-04-03T02:34:55.362+0600][62.043s][info][gc,heap     ] GC(91)   Garbage:         -               966M (64%)         174M (12%)          36M (2%)             -                  -          
[2026-04-03T02:34:55.362+0600][62.043s][info][gc,heap     ] GC(91) Reclaimed:         -                  -               792M (53%)         929M (62%)            -                  -          
[2026-04-03T02:34:55.362+0600][62.043s][info][gc          ] GC(91) Garbage Collection (Allocation Rate) 1072M(71%)->502M(33%)
[2026-04-03T02:34:55.422+0600][62.103s][info][gc,start    ] GC(92) Garbage Collection (Allocation Rate)
[2026-04-03T02:34:55.422+0600][62.103s][info][gc,task     ] GC(92) Using 3 workers
[2026-04-03T02:34:55.422+0600][62.104s][info][gc,phases   ] GC(92) Pause Mark Start 0.016ms
[2026-04-03T02:34:55.525+0600][62.206s][info][gc,phases   ] GC(92) Concurrent Mark 102.712ms
[2026-04-03T02:34:55.525+0600][62.207s][info][gc,phases   ] GC(92) Pause Mark End 0.060ms
[2026-04-03T02:34:55.526+0600][62.207s][info][gc,phases   ] GC(92) Concurrent Mark Free 0.004ms
[2026-04-03T02:34:55.546+0600][62.227s][info][gc,phases   ] GC(92) Concurrent Process Non-Strong References 20.013ms
[2026-04-03T02:34:55.546+0600][62.227s][info][gc,phases   ] GC(92) Concurrent Reset Relocation Set 0.009ms
[2026-04-03T02:34:55.549+0600][62.231s][info][gc,phases   ] GC(92) Concurrent Select Relocation Set 3.278ms
[2026-04-03T02:34:55.549+0600][62.231s][info][gc,phases   ] GC(92) Pause Relocate Start 0.015ms
[2026-04-03T02:34:55.553+0600][62.235s][info][gc,phases   ] GC(92) Concurrent Relocate 3.496ms
[2026-04-03T02:34:55.553+0600][62.235s][info][gc,load     ] GC(92) Load: 6.57/5.90/5.87
[2026-04-03T02:34:55.553+0600][62.235s][info][gc,mmu      ] GC(92) MMU: 2ms/89.3%, 5ms/95.7%, 10ms/97.9%, 20ms/98.9%, 50ms/99.6%, 100ms/99.8%
[2026-04-03T02:34:55.553+0600][62.235s][info][gc,marking  ] GC(92) Mark: 2 stripe(s), 2 proactive flush(es), 1 terminate flush(es), 0 completion(s), 0 continuation(s) 
[2026-04-03T02:34:55.553+0600][62.235s][info][gc,marking  ] GC(92) Mark Stack Usage: 32M
[2026-04-03T02:34:55.553+0600][62.235s][info][gc,nmethod  ] GC(92) NMethods: 15100 registered, 2224 unregistered
[2026-04-03T02:34:55.553+0600][62.235s][info][gc,metaspace] GC(92) Metaspace: 128M used, 129M committed, 1152M reserved
[2026-04-03T02:34:55.553+0600][62.235s][info][gc,ref      ] GC(92) Soft: 3468 encountered, 0 discovered, 0 enqueued
[2026-04-03T02:34:55.553+0600][62.235s][info][gc,ref      ] GC(92) Weak: 14915 encountered, 5754 discovered, 224 enqueued
[2026-04-03T02:34:55.553+0600][62.235s][info][gc,ref      ] GC(92) Final: 84 encountered, 52 discovered, 0 enqueued
[2026-04-03T02:34:55.553+0600][62.235s][info][gc,ref      ] GC(92) Phantom: 620 encountered, 577 discovered, 0 enqueued
[2026-04-03T02:34:55.553+0600][62.235s][info][gc,reloc    ] GC(92) Small Pages: 138 / 276M, Empty: 16M, Relocated: 5M, In-Place: 0
[2026-04-03T02:34:55.553+0600][62.235s][info][gc,reloc    ] GC(92) Medium Pages: 2 / 64M, Empty: 32M, Relocated: 0M, In-Place: 0
[2026-04-03T02:34:55.553+0600][62.235s][info][gc,reloc    ] GC(92) Large Pages: 67 / 402M, Empty: 402M, Relocated: 0M, In-Place: 0
[2026-04-03T02:34:55.553+0600][62.235s][info][gc,reloc    ] GC(92) Forwarding Usage: 1M
[2026-04-03T02:34:55.553+0600][62.235s][info][gc,heap     ] GC(92) Min Capacity: 8M(1%)
[2026-04-03T02:34:55.553+0600][62.235s][info][gc,heap     ] GC(92) Max Capacity: 1500M(100%)
[2026-04-03T02:34:55.553+0600][62.235s][info][gc,heap     ] GC(92) Soft Max Capacity: 1500M(100%)
[2026-04-03T02:34:55.553+0600][62.235s][info][gc,heap     ] GC(92)                Mark Start          Mark End        Relocate Start      Relocate End           High               Low         
[2026-04-03T02:34:55.553+0600][62.235s][info][gc,heap     ] GC(92)  Capacity:     1500M (100%)       1500M (100%)       1500M (100%)       1500M (100%)       1500M (100%)       1500M (100%)   
[2026-04-03T02:34:55.553+0600][62.235s][info][gc,heap     ] GC(92)      Free:      758M (51%)         650M (43%)        1086M (72%)        1236M (82%)        1236M (82%)         642M (43%)    
[2026-04-03T02:34:55.553+0600][62.235s][info][gc,heap     ] GC(92)      Used:      742M (49%)         850M (57%)         414M (28%)         264M (18%)         858M (57%)         264M (18%)    
[2026-04-03T02:34:55.553+0600][62.235s][info][gc,heap     ] GC(92)      Live:         -               102M (7%)          102M (7%)          102M (7%)             -                  -          
[2026-04-03T02:34:55.553+0600][62.235s][info][gc,heap     ] GC(92) Allocated:         -               108M (7%)          122M (8%)          121M (8%)             -                  -          
[2026-04-03T02:34:55.553+0600][62.235s][info][gc,heap     ] GC(92)   Garbage:         -               639M (43%)         189M (13%)          39M (3%)             -                  -          
[2026-04-03T02:34:55.553+0600][62.235s][info][gc,heap     ] GC(92) Reclaimed:         -                  -               450M (30%)         599M (40%)            -                  -          
[2026-04-03T02:34:55.553+0600][62.235s][info][gc          ] GC(92) Garbage Collection (Allocation Rate) 742M(49%)->264M(18%)
[2026-04-03T02:34:55.621+0600][62.302s][info][gc,start    ] GC(93) Garbage Collection (Allocation Rate)
[2026-04-03T02:34:55.621+0600][62.302s][info][gc,task     ] GC(93) Using 3 workers
[2026-04-03T02:34:55.621+0600][62.303s][info][gc,phases   ] GC(93) Pause Mark Start 0.010ms
[2026-04-03T02:34:55.694+0600][62.376s][info][gc,phases   ] GC(93) Concurrent Mark 72.731ms
[2026-04-03T02:34:55.694+0600][62.376s][info][gc,phases   ] GC(93) Pause Mark End 0.040ms
[2026-04-03T02:34:55.694+0600][62.376s][info][gc,phases   ] GC(93) Concurrent Mark Free 0.001ms
[2026-04-03T02:34:55.732+0600][62.413s][info][gc,phases   ] GC(93) Concurrent Process Non-Strong References 13.790ms
[2026-04-03T02:34:55.732+0600][62.413s][info][gc,phases   ] GC(93) Concurrent Reset Relocation Set 0.008ms
[2026-04-03T02:34:55.735+0600][62.416s][info][gc,phases   ] GC(93) Concurrent Select Relocation Set 2.755ms
[2026-04-03T02:34:55.735+0600][62.417s][info][gc,phases   ] GC(93) Pause Relocate Start 0.014ms
[2026-04-03T02:34:55.737+0600][62.419s][info][gc,phases   ] GC(93) Concurrent Relocate 2.130ms
[2026-04-03T02:34:55.738+0600][62.419s][info][gc,load     ] GC(93) Load: 6.57/5.90/5.87
[2026-04-03T02:34:55.738+0600][62.419s][info][gc,mmu      ] GC(93) MMU: 2ms/89.3%, 5ms/95.7%, 10ms/97.9%, 20ms/98.9%, 50ms/99.6%, 100ms/99.8%
[2026-04-03T02:34:55.738+0600][62.419s][info][gc,marking  ] GC(93) Mark: 2 stripe(s), 2 proactive flush(es), 1 terminate flush(es), 0 completion(s), 0 continuation(s) 
[2026-04-03T02:34:55.738+0600][62.419s][info][gc,marking  ] GC(93) Mark Stack Usage: 32M
[2026-04-03T02:34:55.738+0600][62.419s][info][gc,nmethod  ] GC(93) NMethods: 15120 registered, 2230 unregistered
[2026-04-03T02:34:55.738+0600][62.419s][info][gc,metaspace] GC(93) Metaspace: 128M used, 129M committed, 1152M reserved
[2026-04-03T02:34:55.738+0600][62.419s][info][gc,ref      ] GC(93) Soft: 3468 encountered, 0 discovered, 0 enqueued
[2026-04-03T02:34:55.738+0600][62.419s][info][gc,ref      ] GC(93) Weak: 14959 encountered, 4099 discovered, 416 enqueued
[2026-04-03T02:34:55.738+0600][62.419s][info][gc,ref      ] GC(93) Final: 84 encountered, 0 discovered, 0 enqueued
[2026-04-03T02:34:55.738+0600][62.419s][info][gc,ref      ] GC(93) Phantom: 620 encountered, 593 discovered, 0 enqueued
[2026-04-03T02:34:55.738+0600][62.419s][info][gc,reloc    ] GC(93) Small Pages: 103 / 206M, Empty: 6M, Relocated: 3M, In-Place: 0
[2026-04-03T02:34:55.738+0600][62.419s][info][gc,reloc    ] GC(93) Medium Pages: 2 / 64M, Empty: 32M, Relocated: 0M, In-Place: 0
[2026-04-03T02:34:55.738+0600][62.419s][info][gc,reloc    ] GC(93) Large Pages: 5 / 30M, Empty: 30M, Relocated: 0M, In-Place: 0
[2026-04-03T02:34:55.738+0600][62.419s][info][gc,reloc    ] GC(93) Forwarding Usage: 1M
[2026-04-03T02:34:55.738+0600][62.419s][info][gc,heap     ] GC(93) Min Capacity: 8M(1%)
[2026-04-03T02:34:55.738+0600][62.419s][info][gc,heap     ] GC(93) Max Capacity: 1500M(100%)
[2026-04-03T02:34:55.738+0600][62.419s][info][gc,heap     ] GC(93) Soft Max Capacity: 1500M(100%)
[2026-04-03T02:34:55.738+0600][62.419s][info][gc,heap     ] GC(93)                Mark Start          Mark End        Relocate Start      Relocate End           High               Low         
[2026-04-03T02:34:55.738+0600][62.419s][info][gc,heap     ] GC(93)  Capacity:     1500M (100%)       1500M (100%)       1500M (100%)       1500M (100%)       1500M (100%)       1500M (100%)   
[2026-04-03T02:34:55.738+0600][62.419s][info][gc,heap     ] GC(93)      Free:     1200M (80%)        1166M (78%)        1194M (80%)        1280M (85%)        1280M (85%)        1126M (75%)    
[2026-04-03T02:34:55.738+0600][62.419s][info][gc,heap     ] GC(93)      Used:      300M (20%)         334M (22%)         306M (20%)         220M (15%)         374M (25%)         220M (15%)    
[2026-04-03T02:34:55.738+0600][62.419s][info][gc,heap     ] GC(93)      Live:         -               103M (7%)          103M (7%)          103M (7%)             -                  -          
[2026-04-03T02:34:55.738+0600][62.419s][info][gc,heap     ] GC(93) Allocated:         -                34M (2%)           74M (5%)           77M (5%)             -                  -          
[2026-04-03T02:34:55.738+0600][62.419s][info][gc,heap     ] GC(93)   Garbage:         -               196M (13%)         128M (9%)           38M (3%)             -                  -          
[2026-04-03T02:34:55.738+0600][62.419s][info][gc,heap     ] GC(93) Reclaimed:         -                  -                68M (5%)          157M (11%)            -                  -          
[2026-04-03T02:34:55.738+0600][62.419s][info][gc          ] GC(93) Garbage Collection (Allocation Rate) 300M(20%)->220M(15%)
[2026-04-03T02:34:55.821+0600][62.502s][info][gc,start    ] GC(94) Garbage Collection (Allocation Rate)
[2026-04-03T02:34:55.821+0600][62.502s][info][gc,task     ] GC(94) Using 3 workers
[2026-04-03T02:34:55.821+0600][62.503s][info][gc,phases   ] GC(94) Pause Mark Start 0.012ms
[2026-04-03T02:34:55.904+0600][62.586s][info][gc,phases   ] GC(94) Concurrent Mark 82.602ms
[2026-04-03T02:34:55.904+0600][62.586s][info][gc,phases   ] GC(94) Pause Mark End 0.032ms
[2026-04-03T02:34:55.905+0600][62.586s][info][gc,phases   ] GC(94) Concurrent Mark Free 0.001ms
[2026-04-03T02:34:55.921+0600][62.603s][info][gc,phases   ] GC(94) Concurrent Process Non-Strong References 16.855ms
[2026-04-03T02:34:55.922+0600][62.603s][info][gc,phases   ] GC(94) Concurrent Reset Relocation Set 0.007ms
[2026-04-03T02:34:55.925+0600][62.607s][info][gc,phases   ] GC(94) Concurrent Select Relocation Set 3.732ms
[2026-04-03T02:34:55.926+0600][62.607s][info][gc,phases   ] GC(94) Pause Relocate Start 0.013ms
[2026-04-03T02:34:55.928+0600][62.610s][info][gc,phases   ] GC(94) Concurrent Relocate 2.294ms
[2026-04-03T02:34:55.928+0600][62.610s][info][gc,load     ] GC(94) Load: 6.57/5.90/5.87
[2026-04-03T02:34:55.928+0600][62.610s][info][gc,mmu      ] GC(94) MMU: 2ms/89.3%, 5ms/95.7%, 10ms/97.9%, 20ms/98.9%, 50ms/99.6%, 100ms/99.8%
[2026-04-03T02:34:55.928+0600][62.610s][info][gc,marking  ] GC(94) Mark: 2 stripe(s), 2 proactive flush(es), 1 terminate flush(es), 0 completion(s), 0 continuation(s) 
[2026-04-03T02:34:55.928+0600][62.610s][info][gc,marking  ] GC(94) Mark Stack Usage: 32M
[2026-04-03T02:34:55.928+0600][62.610s][info][gc,nmethod  ] GC(94) NMethods: 15122 registered, 2230 unregistered
[2026-04-03T02:34:55.928+0600][62.610s][info][gc,metaspace] GC(94) Metaspace: 128M used, 129M committed, 1152M reserved
[2026-04-03T02:34:55.928+0600][62.610s][info][gc,ref      ] GC(94) Soft: 3468 encountered, 0 discovered, 0 enqueued
[2026-04-03T02:34:55.928+0600][62.610s][info][gc,ref      ] GC(94) Weak: 14547 encountered, 3471 discovered, 13 enqueued
[2026-04-03T02:34:55.928+0600][62.610s][info][gc,ref      ] GC(94) Final: 84 encountered, 0 discovered, 0 enqueued
[2026-04-03T02:34:55.928+0600][62.610s][info][gc,ref      ] GC(94) Phantom: 620 encountered, 374 discovered, 0 enqueued
[2026-04-03T02:34:55.928+0600][62.610s][info][gc,reloc    ] GC(94) Small Pages: 118 / 236M, Empty: 10M, Relocated: 3M, In-Place: 0
[2026-04-03T02:34:55.928+0600][62.610s][info][gc,reloc    ] GC(94) Medium Pages: 1 / 32M, Empty: 0M, Relocated: 0M, In-Place: 0
[2026-04-03T02:34:55.928+0600][62.610s][info][gc,reloc    ] GC(94) Large Pages: 0 / 0M, Empty: 0M, Relocated: 0M, In-Place: 0
[2026-04-03T02:34:55.928+0600][62.610s][info][gc,reloc    ] GC(94) Forwarding Usage: 1M
[2026-04-03T02:34:55.928+0600][62.610s][info][gc,heap     ] GC(94) Min Capacity: 8M(1%)
[2026-04-03T02:34:55.928+0600][62.610s][info][gc,heap     ] GC(94) Max Capacity: 1500M(100%)
[2026-04-03T02:34:55.928+0600][62.610s][info][gc,heap     ] GC(94) Soft Max Capacity: 1500M(100%)
[2026-04-03T02:34:55.928+0600][62.610s][info][gc,heap     ] GC(94)                Mark Start          Mark End        Relocate Start      Relocate End           High               Low         
[2026-04-03T02:34:55.928+0600][62.610s][info][gc,heap     ] GC(94)  Capacity:     1500M (100%)       1500M (100%)       1500M (100%)       1500M (100%)       1500M (100%)       1500M (100%)   
[2026-04-03T02:34:55.928+0600][62.610s][info][gc,heap     ] GC(94)      Free:     1232M (82%)        1190M (79%)        1192M (79%)        1308M (87%)        1308M (87%)        1182M (79%)    
[2026-04-03T02:34:55.928+0600][62.610s][info][gc,heap     ] GC(94)      Used:      268M (18%)         310M (21%)         308M (21%)         192M (13%)         318M (21%)         192M (13%)    
[2026-04-03T02:34:55.928+0600][62.610s][info][gc,heap     ] GC(94)      Live:         -               103M (7%)          103M (7%)          103M (7%)             -                  -          
[2026-04-03T02:34:55.928+0600][62.610s][info][gc,heap     ] GC(94) Allocated:         -                42M (3%)           50M (3%)           49M (3%)             -                  -          
[2026-04-03T02:34:55.928+0600][62.610s][info][gc,heap     ] GC(94)   Garbage:         -               164M (11%)         154M (10%)          38M (3%)             -                  -          
[2026-04-03T02:34:55.928+0600][62.610s][info][gc,heap     ] GC(94) Reclaimed:         -                  -                10M (1%)          125M (8%)             -                  -          
[2026-04-03T02:34:55.928+0600][62.610s][info][gc          ] GC(94) Garbage Collection (Allocation Rate) 268M(18%)->192M(13%)
[2026-04-03T02:34:56.221+0600][62.903s][info][gc,start    ] GC(95) Garbage Collection (Allocation Rate)
[2026-04-03T02:34:56.221+0600][62.903s][info][gc,task     ] GC(95) Using 2 workers
[2026-04-03T02:34:56.222+0600][62.904s][info][gc,phases   ] GC(95) Pause Mark Start 0.019ms
[2026-04-03T02:34:56.386+0600][63.068s][info][gc,phases   ] GC(95) Concurrent Mark 164.136ms
[2026-04-03T02:34:56.387+0600][63.068s][info][gc,phases   ] GC(95) Pause Mark End 0.048ms
[2026-04-03T02:34:56.387+0600][63.068s][info][gc,phases   ] GC(95) Concurrent Mark Free 0.003ms
[2026-04-03T02:34:56.418+0600][63.100s][info][gc,phases   ] GC(95) Concurrent Process Non-Strong References 31.297ms
[2026-04-03T02:34:56.418+0600][63.100s][info][gc,phases   ] GC(95) Concurrent Reset Relocation Set 0.006ms
[2026-04-03T02:34:56.422+0600][63.103s][info][gc,phases   ] GC(95) Concurrent Select Relocation Set 3.110ms
[2026-04-03T02:34:56.422+0600][63.103s][info][gc,phases   ] GC(95) Pause Relocate Start 0.024ms
[2026-04-03T02:34:56.428+0600][63.109s][info][gc,phases   ] GC(95) Concurrent Relocate 5.627ms
[2026-04-03T02:34:56.428+0600][63.109s][info][gc,load     ] GC(95) Load: 6.57/5.90/5.87
[2026-04-03T02:34:56.428+0600][63.109s][info][gc,mmu      ] GC(95) MMU: 2ms/89.3%, 5ms/95.7%, 10ms/97.9%, 20ms/98.9%, 50ms/99.6%, 100ms/99.8%
[2026-04-03T02:34:56.428+0600][63.109s][info][gc,marking  ] GC(95) Mark: 2 stripe(s), 2 proactive flush(es), 1 terminate flush(es), 0 completion(s), 0 continuation(s) 
[2026-04-03T02:34:56.428+0600][63.109s][info][gc,marking  ] GC(95) Mark Stack Usage: 32M
[2026-04-03T02:34:56.428+0600][63.109s][info][gc,nmethod  ] GC(95) NMethods: 15128 registered, 2242 unregistered
[2026-04-03T02:34:56.428+0600][63.109s][info][gc,metaspace] GC(95) Metaspace: 128M used, 129M committed, 1152M reserved
[2026-04-03T02:34:56.428+0600][63.109s][info][gc,ref      ] GC(95) Soft: 3476 encountered, 0 discovered, 0 enqueued
[2026-04-03T02:34:56.428+0600][63.109s][info][gc,ref      ] GC(95) Weak: 15246 encountered, 6811 discovered, 25 enqueued
[2026-04-03T02:34:56.428+0600][63.109s][info][gc,ref      ] GC(95) Final: 84 encountered, 48 discovered, 0 enqueued
[2026-04-03T02:34:56.428+0600][63.109s][info][gc,ref      ] GC(95) Phantom: 620 encountered, 489 discovered, 0 enqueued
[2026-04-03T02:34:56.428+0600][63.109s][info][gc,reloc    ] GC(95) Small Pages: 233 / 466M, Empty: 142M, Relocated: 4M, In-Place: 0
[2026-04-03T02:34:56.428+0600][63.109s][info][gc,reloc    ] GC(95) Medium Pages: 4 / 128M, Empty: 96M, Relocated: 0M, In-Place: 0
[2026-04-03T02:34:56.428+0600][63.109s][info][gc,reloc    ] GC(95) Large Pages: 9 / 54M, Empty: 54M, Relocated: 0M, In-Place: 0
[2026-04-03T02:34:56.428+0600][63.109s][info][gc,reloc    ] GC(95) Forwarding Usage: 1M
[2026-04-03T02:34:56.428+0600][63.109s][info][gc,heap     ] GC(95) Min Capacity: 8M(1%)
[2026-04-03T02:34:56.428+0600][63.109s][info][gc,heap     ] GC(95) Max Capacity: 1500M(100%)
[2026-04-03T02:34:56.428+0600][63.109s][info][gc,heap     ] GC(95) Soft Max Capacity: 1500M(100%)
[2026-04-03T02:34:56.428+0600][63.109s][info][gc,heap     ] GC(95)                Mark Start          Mark End        Relocate Start      Relocate End           High               Low         
[2026-04-03T02:34:56.428+0600][63.109s][info][gc,heap     ] GC(95)  Capacity:     1500M (100%)       1500M (100%)       1500M (100%)       1500M (100%)       1500M (100%)       1500M (100%)   
[2026-04-03T02:34:56.428+0600][63.109s][info][gc,heap     ] GC(95)      Free:      852M (57%)         620M (41%)         876M (58%)        1084M (72%)        1086M (72%)         598M (40%)    
[2026-04-03T02:34:56.428+0600][63.109s][info][gc,heap     ] GC(95)      Used:      648M (43%)         880M (59%)         624M (42%)         416M (28%)         902M (60%)         414M (28%)    
[2026-04-03T02:34:56.428+0600][63.109s][info][gc,heap     ] GC(95)      Live:         -               106M (7%)          106M (7%)          106M (7%)             -                  -          
[2026-04-03T02:34:56.428+0600][63.109s][info][gc,heap     ] GC(95) Allocated:         -               232M (15%)         268M (18%)         271M (18%)            -                  -          
[2026-04-03T02:34:56.428+0600][63.109s][info][gc,heap     ] GC(95)   Garbage:         -               541M (36%)         249M (17%)          37M (2%)             -                  -          
[2026-04-03T02:34:56.428+0600][63.110s][info][gc,heap     ] GC(95) Reclaimed:         -                  -               292M (19%)         503M (34%)            -                  -          
[2026-04-03T02:34:56.428+0600][63.110s][info][gc          ] GC(95) Garbage Collection (Allocation Rate) 648M(43%)->416M(28%)
[2026-04-03T02:34:56.522+0600][63.203s][info][gc,start    ] GC(96) Garbage Collection (Allocation Rate)
[2026-04-03T02:34:56.522+0600][63.203s][info][gc,task     ] GC(96) Using 3 workers
[2026-04-03T02:34:56.522+0600][63.204s][info][gc,phases   ] GC(96) Pause Mark Start 0.015ms
[2026-04-03T02:34:56.643+0600][63.324s][info][gc,phases   ] GC(96) Concurrent Mark 120.659ms
[2026-04-03T02:34:56.643+0600][63.325s][info][gc,phases   ] GC(96) Pause Mark End 0.043ms
[2026-04-03T02:34:56.643+0600][63.325s][info][gc,phases   ] GC(96) Concurrent Mark Free 0.002ms
[2026-04-03T02:34:56.670+0600][63.352s][info][gc,phases   ] GC(96) Concurrent Process Non-Strong References 26.668ms
[2026-04-03T02:34:56.670+0600][63.352s][info][gc,phases   ] GC(96) Concurrent Reset Relocation Set 0.015ms
[2026-04-03T02:34:56.675+0600][63.356s][info][gc,phases   ] GC(96) Concurrent Select Relocation Set 4.329ms
[2026-04-03T02:34:56.675+0600][63.356s][info][gc,phases   ] GC(96) Pause Relocate Start 0.016ms
[2026-04-03T02:34:56.685+0600][63.367s][info][gc,phases   ] GC(96) Concurrent Relocate 10.269ms
[2026-04-03T02:34:56.685+0600][63.367s][info][gc,load     ] GC(96) Load: 6.57/5.90/5.87
[2026-04-03T02:34:56.685+0600][63.367s][info][gc,mmu      ] GC(96) MMU: 2ms/89.3%, 5ms/95.7%, 10ms/97.9%, 20ms/98.9%, 50ms/99.6%, 100ms/99.8%
[2026-04-03T02:34:56.685+0600][63.367s][info][gc,marking  ] GC(96) Mark: 2 stripe(s), 5 proactive flush(es), 1 terminate flush(es), 0 completion(s), 0 continuation(s) 
[2026-04-03T02:34:56.685+0600][63.367s][info][gc,marking  ] GC(96) Mark Stack Usage: 32M
[2026-04-03T02:34:56.685+0600][63.367s][info][gc,nmethod  ] GC(96) NMethods: 15127 registered, 2247 unregistered
[2026-04-03T02:34:56.685+0600][63.367s][info][gc,metaspace] GC(96) Metaspace: 128M used, 129M committed, 1152M reserved
[2026-04-03T02:34:56.685+0600][63.367s][info][gc,ref      ] GC(96) Soft: 3473 encountered, 0 discovered, 0 enqueued
[2026-04-03T02:34:56.685+0600][63.367s][info][gc,ref      ] GC(96) Weak: 15727 encountered, 5618 discovered, 16 enqueued
[2026-04-03T02:34:56.685+0600][63.367s][info][gc,ref      ] GC(96) Final: 84 encountered, 0 discovered, 0 enqueued
[2026-04-03T02:34:56.685+0600][63.367s][info][gc,ref      ] GC(96) Phantom: 620 encountered, 597 discovered, 0 enqueued
[2026-04-03T02:34:56.685+0600][63.367s][info][gc,reloc    ] GC(96) Small Pages: 202 / 404M, Empty: 122M, Relocated: 3M, In-Place: 0
[2026-04-03T02:34:56.685+0600][63.367s][info][gc,reloc    ] GC(96) Medium Pages: 3 / 96M, Empty: 32M, Relocated: 10M, In-Place: 0
[2026-04-03T02:34:56.685+0600][63.367s][info][gc,reloc    ] GC(96) Large Pages: 7 / 42M, Empty: 42M, Relocated: 0M, In-Place: 0
[2026-04-03T02:34:56.685+0600][63.367s][info][gc,reloc    ] GC(96) Forwarding Usage: 0M
[2026-04-03T02:34:56.685+0600][63.367s][info][gc,heap     ] GC(96) Min Capacity: 8M(1%)
[2026-04-03T02:34:56.685+0600][63.367s][info][gc,heap     ] GC(96) Max Capacity: 1500M(100%)
[2026-04-03T02:34:56.685+0600][63.367s][info][gc,heap     ] GC(96) Soft Max Capacity: 1500M(100%)
[2026-04-03T02:34:56.685+0600][63.367s][info][gc,heap     ] GC(96)                Mark Start          Mark End        Relocate Start      Relocate End           High               Low         
[2026-04-03T02:34:56.686+0600][63.367s][info][gc,heap     ] GC(96)  Capacity:     1500M (100%)       1500M (100%)       1500M (100%)       1500M (100%)       1500M (100%)       1500M (100%)   
[2026-04-03T02:34:56.686+0600][63.367s][info][gc,heap     ] GC(96)      Free:      958M (64%)         806M (54%)         978M (65%)        1166M (78%)        1166M (78%)         788M (53%)    
[2026-04-03T02:34:56.686+0600][63.367s][info][gc,heap     ] GC(96)      Used:      542M (36%)         694M (46%)         522M (35%)         334M (22%)         712M (47%)         334M (22%)    
[2026-04-03T02:34:56.686+0600][63.367s][info][gc,heap     ] GC(96)      Live:         -               107M (7%)          107M (7%)          107M (7%)             -                  -          
[2026-04-03T02:34:56.686+0600][63.367s][info][gc,heap     ] GC(96) Allocated:         -               152M (10%)         176M (12%)         187M (13%)            -                  -          
[2026-04-03T02:34:56.686+0600][63.367s][info][gc,heap     ] GC(96)   Garbage:         -               434M (29%)         238M (16%)          38M (3%)             -                  -          
[2026-04-03T02:34:56.686+0600][63.367s][info][gc,heap     ] GC(96) Reclaimed:         -                  -               196M (13%)         395M (26%)            -                  -          
[2026-04-03T02:34:56.686+0600][63.367s][info][gc          ] GC(96) Garbage Collection (Allocation Rate) 542M(36%)->334M(22%)
[2026-04-03T02:34:56.721+0600][63.402s][info][gc,start    ] GC(97) Garbage Collection (Allocation Rate)
[2026-04-03T02:34:56.721+0600][63.403s][info][gc,task     ] GC(97) Using 3 workers
[2026-04-03T02:34:56.721+0600][63.403s][info][gc,phases   ] GC(97) Pause Mark Start 0.012ms
[2026-04-03T02:34:56.826+0600][63.508s][info][gc,phases   ] GC(97) Concurrent Mark 104.682ms
[2026-04-03T02:34:56.827+0600][63.508s][info][gc,phases   ] GC(97) Pause Mark End 0.033ms
[2026-04-03T02:34:56.827+0600][63.508s][info][gc,phases   ] GC(97) Concurrent Mark Free 0.003ms
[2026-04-03T02:34:56.843+0600][63.524s][info][gc,phases   ] GC(97) Concurrent Process Non-Strong References 16.195ms
[2026-04-03T02:34:56.843+0600][63.525s][info][gc,phases   ] GC(97) Concurrent Reset Relocation Set 0.011ms
[2026-04-03T02:34:56.846+0600][63.527s][info][gc,phases   ] GC(97) Concurrent Select Relocation Set 2.668ms
[2026-04-03T02:34:56.846+0600][63.527s][info][gc,phases   ] GC(97) Pause Relocate Start 0.012ms
[2026-04-03T02:34:56.849+0600][63.530s][info][gc,phases   ] GC(97) Concurrent Relocate 2.649ms
[2026-04-03T02:34:56.849+0600][63.530s][info][gc,load     ] GC(97) Load: 6.57/5.90/5.87
[2026-04-03T02:34:56.849+0600][63.530s][info][gc,mmu      ] GC(97) MMU: 2ms/89.3%, 5ms/95.7%, 10ms/97.9%, 20ms/98.9%, 50ms/99.6%, 100ms/99.8%
[2026-04-03T02:34:56.849+0600][63.530s][info][gc,marking  ] GC(97) Mark: 2 stripe(s), 2 proactive flush(es), 1 terminate flush(es), 0 completion(s), 0 continuation(s) 
[2026-04-03T02:34:56.849+0600][63.530s][info][gc,marking  ] GC(97) Mark Stack Usage: 32M
[2026-04-03T02:34:56.849+0600][63.530s][info][gc,nmethod  ] GC(97) NMethods: 15129 registered, 2252 unregistered
[2026-04-03T02:34:56.849+0600][63.530s][info][gc,metaspace] GC(97) Metaspace: 128M used, 129M committed, 1152M reserved
[2026-04-03T02:34:56.849+0600][63.530s][info][gc,ref      ] GC(97) Soft: 3468 encountered, 0 discovered, 0 enqueued
[2026-04-03T02:34:56.849+0600][63.530s][info][gc,ref      ] GC(97) Weak: 15991 encountered, 6994 discovered, 1414 enqueued
[2026-04-03T02:34:56.849+0600][63.530s][info][gc,ref      ] GC(97) Final: 84 encountered, 0 discovered, 0 enqueued
[2026-04-03T02:34:56.849+0600][63.530s][info][gc,ref      ] GC(97) Phantom: 620 encountered, 592 discovered, 0 enqueued
[2026-04-03T02:34:56.849+0600][63.530s][info][gc,reloc    ] GC(97) Small Pages: 142 / 284M, Empty: 52M, Relocated: 1M, In-Place: 0
[2026-04-03T02:34:56.849+0600][63.530s][info][gc,reloc    ] GC(97) Medium Pages: 3 / 96M, Empty: 32M, Relocated: 8M, In-Place: 0
[2026-04-03T02:34:56.849+0600][63.530s][info][gc,reloc    ] GC(97) Large Pages: 4 / 24M, Empty: 24M, Relocated: 0M, In-Place: 0
[2026-04-03T02:34:56.849+0600][63.530s][info][gc,reloc    ] GC(97) Forwarding Usage: 0M
[2026-04-03T02:34:56.849+0600][63.531s][info][gc,heap     ] GC(97) Min Capacity: 8M(1%)
[2026-04-03T02:34:56.849+0600][63.531s][info][gc,heap     ] GC(97) Max Capacity: 1500M(100%)
[2026-04-03T02:34:56.849+0600][63.531s][info][gc,heap     ] GC(97) Soft Max Capacity: 1500M(100%)
[2026-04-03T02:34:56.849+0600][63.531s][info][gc,heap     ] GC(97)                Mark Start          Mark End        Relocate Start      Relocate End           High               Low         
[2026-04-03T02:34:56.849+0600][63.531s][info][gc,heap     ] GC(97)  Capacity:     1500M (100%)       1500M (100%)       1500M (100%)       1500M (100%)       1500M (100%)       1500M (100%)   
[2026-04-03T02:34:56.849+0600][63.531s][info][gc,heap     ] GC(97)      Free:     1096M (73%)         936M (62%)        1038M (69%)        1188M (79%)        1188M (79%)         932M (62%)    
[2026-04-03T02:34:56.849+0600][63.531s][info][gc,heap     ] GC(97)      Used:      404M (27%)         564M (38%)         462M (31%)         312M (21%)         568M (38%)         312M (21%)    
[2026-04-03T02:34:56.849+0600][63.531s][info][gc,heap     ] GC(97)      Live:         -               104M (7%)          104M (7%)          104M (7%)             -                  -          
[2026-04-03T02:34:56.849+0600][63.531s][info][gc,heap     ] GC(97) Allocated:         -               160M (11%)         166M (11%)         167M (11%)            -                  -          
[2026-04-03T02:34:56.849+0600][63.531s][info][gc,heap     ] GC(97)   Garbage:         -               299M (20%)         191M (13%)          39M (3%)             -                  -          
[2026-04-03T02:34:56.849+0600][63.531s][info][gc,heap     ] GC(97) Reclaimed:         -                  -               108M (7%)          259M (17%)            -                  -          
[2026-04-03T02:34:56.849+0600][63.531s][info][gc          ] GC(97) Garbage Collection (Allocation Rate) 404M(27%)->312M(21%)
[2026-04-03T02:34:57.121+0600][63.803s][info][gc,start    ] GC(98) Garbage Collection (Allocation Rate)
[2026-04-03T02:34:57.121+0600][63.803s][info][gc,task     ] GC(98) Using 2 workers
[2026-04-03T02:34:57.122+0600][63.803s][info][gc,phases   ] GC(98) Pause Mark Start 0.041ms
[2026-04-03T02:34:57.252+0600][63.934s][info][gc,phases   ] GC(98) Concurrent Mark 130.390ms
[2026-04-03T02:34:57.253+0600][63.934s][info][gc,phases   ] GC(98) Pause Mark End 0.023ms
[2026-04-03T02:34:57.253+0600][63.934s][info][gc,phases   ] GC(98) Concurrent Mark Free 0.002ms
[2026-04-03T02:34:57.273+0600][63.954s][info][gc,phases   ] GC(98) Concurrent Process Non-Strong References 20.181ms
[2026-04-03T02:34:57.273+0600][63.954s][info][gc,phases   ] GC(98) Concurrent Reset Relocation Set 0.007ms
[2026-04-03T02:34:57.276+0600][63.958s][info][gc,phases   ] GC(98) Concurrent Select Relocation Set 3.064ms
[2026-04-03T02:34:57.276+0600][63.958s][info][gc,phases   ] GC(98) Pause Relocate Start 0.012ms
[2026-04-03T02:34:57.287+0600][63.969s][info][gc,phases   ] GC(98) Concurrent Relocate 10.808ms
[2026-04-03T02:34:57.287+0600][63.969s][info][gc,load     ] GC(98) Load: 6.57/5.90/5.87
[2026-04-03T02:34:57.287+0600][63.969s][info][gc,mmu      ] GC(98) MMU: 2ms/89.3%, 5ms/95.7%, 10ms/97.9%, 20ms/98.9%, 50ms/99.6%, 100ms/99.8%
[2026-04-03T02:34:57.287+0600][63.969s][info][gc,marking  ] GC(98) Mark: 2 stripe(s), 2 proactive flush(es), 1 terminate flush(es), 0 completion(s), 0 continuation(s) 
[2026-04-03T02:34:57.287+0600][63.969s][info][gc,marking  ] GC(98) Mark Stack Usage: 32M
[2026-04-03T02:34:57.287+0600][63.969s][info][gc,nmethod  ] GC(98) NMethods: 15136 registered, 2257 unregistered
[2026-04-03T02:34:57.287+0600][63.969s][info][gc,metaspace] GC(98) Metaspace: 128M used, 129M committed, 1152M reserved
[2026-04-03T02:34:57.287+0600][63.969s][info][gc,ref      ] GC(98) Soft: 3476 encountered, 0 discovered, 0 enqueued
[2026-04-03T02:34:57.287+0600][63.969s][info][gc,ref      ] GC(98) Weak: 15251 encountered, 7016 discovered, 309 enqueued
[2026-04-03T02:34:57.287+0600][63.969s][info][gc,ref      ] GC(98) Final: 84 encountered, 0 discovered, 0 enqueued
[2026-04-03T02:34:57.287+0600][63.969s][info][gc,ref      ] GC(98) Phantom: 620 encountered, 516 discovered, 0 enqueued
[2026-04-03T02:34:57.287+0600][63.969s][info][gc,reloc    ] GC(98) Small Pages: 275 / 550M, Empty: 204M, Relocated: 10M, In-Place: 0
[2026-04-03T02:34:57.287+0600][63.969s][info][gc,reloc    ] GC(98) Medium Pages: 3 / 96M, Empty: 64M, Relocated: 0M, In-Place: 0
[2026-04-03T02:34:57.287+0600][63.969s][info][gc,reloc    ] GC(98) Large Pages: 9 / 54M, Empty: 54M, Relocated: 0M, In-Place: 0
[2026-04-03T02:34:57.287+0600][63.969s][info][gc,reloc    ] GC(98) Forwarding Usage: 3M
[2026-04-03T02:34:57.287+0600][63.969s][info][gc,heap     ] GC(98) Min Capacity: 8M(1%)
[2026-04-03T02:34:57.287+0600][63.969s][info][gc,heap     ] GC(98) Max Capacity: 1500M(100%)
[2026-04-03T02:34:57.288+0600][63.969s][info][gc,heap     ] GC(98) Soft Max Capacity: 1500M(100%)
[2026-04-03T02:34:57.288+0600][63.969s][info][gc,heap     ] GC(98)                Mark Start          Mark End        Relocate Start      Relocate End           High               Low         
[2026-04-03T02:34:57.288+0600][63.969s][info][gc,heap     ] GC(98)  Capacity:     1500M (100%)       1500M (100%)       1500M (100%)       1500M (100%)       1500M (100%)       1500M (100%)   
[2026-04-03T02:34:57.288+0600][63.969s][info][gc,heap     ] GC(98)      Free:      800M (53%)         626M (42%)         922M (61%)        1148M (77%)        1148M (77%)         606M (40%)    
[2026-04-03T02:34:57.288+0600][63.969s][info][gc,heap     ] GC(98)      Used:      700M (47%)         874M (58%)         578M (39%)         352M (23%)         894M (60%)         352M (23%)    
[2026-04-03T02:34:57.288+0600][63.969s][info][gc,heap     ] GC(98)      Live:         -               107M (7%)          107M (7%)          107M (7%)             -                  -          
[2026-04-03T02:34:57.288+0600][63.969s][info][gc,heap     ] GC(98) Allocated:         -               174M (12%)         200M (13%)         205M (14%)            -                  -          
[2026-04-03T02:34:57.288+0600][63.969s][info][gc,heap     ] GC(98)   Garbage:         -               592M (39%)         270M (18%)          38M (3%)             -                  -          
[2026-04-03T02:34:57.288+0600][63.969s][info][gc,heap     ] GC(98) Reclaimed:         -                  -               322M (21%)         553M (37%)            -                  -          
[2026-04-03T02:34:57.288+0600][63.969s][info][gc          ] GC(98) Garbage Collection (Allocation Rate) 700M(47%)->352M(23%)
[2026-04-03T02:34:57.422+0600][64.103s][info][gc,start    ] GC(99) Garbage Collection (Allocation Rate)
[2026-04-03T02:34:57.422+0600][64.103s][info][gc,task     ] GC(99) Using 3 workers
[2026-04-03T02:34:57.422+0600][64.104s][info][gc,phases   ] GC(99) Pause Mark Start 0.013ms
[2026-04-03T02:34:57.516+0600][64.198s][info][gc,phases   ] GC(99) Concurrent Mark 93.854ms
[2026-04-03T02:34:57.516+0600][64.198s][info][gc,phases   ] GC(99) Pause Mark End 0.061ms
[2026-04-03T02:34:57.517+0600][64.198s][info][gc,phases   ] GC(99) Concurrent Mark Free 0.003ms
[2026-04-03T02:34:57.534+0600][64.215s][info][gc,phases   ] GC(99) Concurrent Process Non-Strong References 17.255ms
[2026-04-03T02:34:57.534+0600][64.215s][info][gc,phases   ] GC(99) Concurrent Reset Relocation Set 0.016ms
[2026-04-03T02:34:57.538+0600][64.220s][info][gc,phases   ] GC(99) Concurrent Select Relocation Set 4.337ms
[2026-04-03T02:34:57.539+0600][64.220s][info][gc,phases   ] GC(99) Pause Relocate Start 0.019ms
[2026-04-03T02:34:57.544+0600][64.225s][info][gc,phases   ] GC(99) Concurrent Relocate 4.769ms
[2026-04-03T02:34:57.544+0600][64.225s][info][gc,load     ] GC(99) Load: 6.57/5.90/5.87
[2026-04-03T02:34:57.544+0600][64.225s][info][gc,mmu      ] GC(99) MMU: 2ms/89.3%, 5ms/95.7%, 10ms/97.9%, 20ms/98.9%, 50ms/99.6%, 100ms/99.8%
[2026-04-03T02:34:57.544+0600][64.225s][info][gc,marking  ] GC(99) Mark: 2 stripe(s), 2 proactive flush(es), 1 terminate flush(es), 0 completion(s), 0 continuation(s) 
[2026-04-03T02:34:57.544+0600][64.225s][info][gc,marking  ] GC(99) Mark Stack Usage: 32M
[2026-04-03T02:34:57.544+0600][64.225s][info][gc,nmethod  ] GC(99) NMethods: 15141 registered, 2261 unregistered
[2026-04-03T02:34:57.544+0600][64.225s][info][gc,metaspace] GC(99) Metaspace: 128M used, 129M committed, 1152M reserved
[2026-04-03T02:34:57.544+0600][64.225s][info][gc,ref      ] GC(99) Soft: 3469 encountered, 0 discovered, 0 enqueued
[2026-04-03T02:34:57.544+0600][64.225s][info][gc,ref      ] GC(99) Weak: 15408 encountered, 6273 discovered, 770 enqueued
[2026-04-03T02:34:57.544+0600][64.225s][info][gc,ref      ] GC(99) Final: 84 encountered, 0 discovered, 0 enqueued
[2026-04-03T02:34:57.544+0600][64.225s][info][gc,ref      ] GC(99) Phantom: 628 encountered, 388 discovered, 0 enqueued
[2026-04-03T02:34:57.544+0600][64.225s][info][gc,reloc    ] GC(99) Small Pages: 183 / 366M, Empty: 124M, Relocated: 4M, In-Place: 0
[2026-04-03T02:34:57.544+0600][64.225s][info][gc,reloc    ] GC(99) Medium Pages: 2 / 64M, Empty: 32M, Relocated: 0M, In-Place: 0
[2026-04-03T02:34:57.544+0600][64.225s][info][gc,reloc    ] GC(99) Large Pages: 133 / 798M, Empty: 792M, Relocated: 0M, In-Place: 0
[2026-04-03T02:34:57.544+0600][64.225s][info][gc,reloc    ] GC(99) Forwarding Usage: 1M
[2026-04-03T02:34:57.544+0600][64.225s][info][gc,heap     ] GC(99) Min Capacity: 8M(1%)
[2026-04-03T02:34:57.544+0600][64.225s][info][gc,heap     ] GC(99) Max Capacity: 1500M(100%)
[2026-04-03T02:34:57.544+0600][64.225s][info][gc,heap     ] GC(99) Soft Max Capacity: 1500M(100%)
[2026-04-03T02:34:57.544+0600][64.225s][info][gc,heap     ] GC(99)                Mark Start          Mark End        Relocate Start      Relocate End           High               Low         
[2026-04-03T02:34:57.544+0600][64.225s][info][gc,heap     ] GC(99)  Capacity:     1500M (100%)       1500M (100%)       1500M (100%)       1500M (100%)       1500M (100%)       1500M (100%)   
[2026-04-03T02:34:57.544+0600][64.225s][info][gc,heap     ] GC(99)      Free:      272M (18%)         160M (11%)        1080M (72%)        1198M (80%)        1200M (80%)         138M (9%)     
[2026-04-03T02:34:57.544+0600][64.225s][info][gc,heap     ] GC(99)      Used:     1228M (82%)        1340M (89%)         420M (28%)         302M (20%)        1362M (91%)         300M (20%)    
[2026-04-03T02:34:57.544+0600][64.225s][info][gc,heap     ] GC(99)      Live:         -               113M (8%)          113M (8%)          113M (8%)             -                  -          
[2026-04-03T02:34:57.544+0600][64.225s][info][gc,heap     ] GC(99) Allocated:         -               112M (7%)          140M (9%)          149M (10%)            -                  -          
[2026-04-03T02:34:57.544+0600][64.226s][info][gc,heap     ] GC(99)   Garbage:         -              1114M (74%)         166M (11%)          38M (3%)             -                  -          
[2026-04-03T02:34:57.544+0600][64.226s][info][gc,heap     ] GC(99) Reclaimed:         -                  -               948M (63%)        1075M (72%)            -                  -          
[2026-04-03T02:34:57.544+0600][64.226s][info][gc          ] GC(99) Garbage Collection (Allocation Rate) 1228M(82%)->302M(20%)
[2026-04-03T02:34:57.822+0600][64.503s][info][gc,start    ] GC(100) Garbage Collection (Allocation Rate)
[2026-04-03T02:34:57.822+0600][64.503s][info][gc,task     ] GC(100) Using 3 workers
[2026-04-03T02:34:57.822+0600][64.503s][info][gc,phases   ] GC(100) Pause Mark Start 0.015ms
[2026-04-03T02:34:57.895+0600][64.577s][info][gc,phases   ] GC(100) Concurrent Mark 72.990ms
[2026-04-03T02:34:57.895+0600][64.577s][info][gc,phases   ] GC(100) Pause Mark End 0.026ms
[2026-04-03T02:34:57.896+0600][64.577s][info][gc,phases   ] GC(100) Concurrent Mark Free 0.002ms
[2026-04-03T02:34:57.911+0600][64.593s][info][gc,phases   ] GC(100) Concurrent Process Non-Strong References 15.405ms
[2026-04-03T02:34:57.911+0600][64.593s][info][gc,phases   ] GC(100) Concurrent Reset Relocation Set 0.007ms
[2026-04-03T02:34:57.915+0600][64.596s][info][gc,phases   ] GC(100) Concurrent Select Relocation Set 3.395ms
[2026-04-03T02:34:57.915+0600][64.596s][info][gc,phases   ] GC(100) Pause Relocate Start 0.013ms
[2026-04-03T02:34:57.918+0600][64.600s][info][gc,phases   ] GC(100) Concurrent Relocate 3.014ms
[2026-04-03T02:34:57.918+0600][64.600s][info][gc,load     ] GC(100) Load: 6.57/5.90/5.87
[2026-04-03T02:34:57.918+0600][64.600s][info][gc,mmu      ] GC(100) MMU: 2ms/89.3%, 5ms/95.7%, 10ms/97.9%, 20ms/98.9%, 50ms/99.6%, 100ms/99.8%
[2026-04-03T02:34:57.918+0600][64.600s][info][gc,marking  ] GC(100) Mark: 2 stripe(s), 2 proactive flush(es), 1 terminate flush(es), 0 completion(s), 0 continuation(s) 
[2026-04-03T02:34:57.918+0600][64.600s][info][gc,marking  ] GC(100) Mark Stack Usage: 32M
[2026-04-03T02:34:57.918+0600][64.600s][info][gc,nmethod  ] GC(100) NMethods: 15162 registered, 2269 unregistered
[2026-04-03T02:34:57.918+0600][64.600s][info][gc,metaspace] GC(100) Metaspace: 128M used, 129M committed, 1152M reserved
[2026-04-03T02:34:57.918+0600][64.600s][info][gc,ref      ] GC(100) Soft: 3468 encountered, 0 discovered, 0 enqueued
[2026-04-03T02:34:57.918+0600][64.600s][info][gc,ref      ] GC(100) Weak: 14956 encountered, 4379 discovered, 420 enqueued
[2026-04-03T02:34:57.918+0600][64.600s][info][gc,ref      ] GC(100) Final: 84 encountered, 0 discovered, 0 enqueued
[2026-04-03T02:34:57.918+0600][64.600s][info][gc,ref      ] GC(100) Phantom: 620 encountered, 376 discovered, 0 enqueued
[2026-04-03T02:34:57.918+0600][64.600s][info][gc,reloc    ] GC(100) Small Pages: 199 / 398M, Empty: 28M, Relocated: 6M, In-Place: 0
[2026-04-03T02:34:57.918+0600][64.600s][info][gc,reloc    ] GC(100) Medium Pages: 3 / 96M, Empty: 64M, Relocated: 0M, In-Place: 0
[2026-04-03T02:34:57.918+0600][64.600s][info][gc,reloc    ] GC(100) Large Pages: 8 / 48M, Empty: 48M, Relocated: 0M, In-Place: 0
[2026-04-03T02:34:57.918+0600][64.600s][info][gc,reloc    ] GC(100) Forwarding Usage: 1M
[2026-04-03T02:34:57.918+0600][64.600s][info][gc,heap     ] GC(100) Min Capacity: 8M(1%)
[2026-04-03T02:34:57.918+0600][64.600s][info][gc,heap     ] GC(100) Max Capacity: 1500M(100%)
[2026-04-03T02:34:57.918+0600][64.600s][info][gc,heap     ] GC(100) Soft Max Capacity: 1500M(100%)
[2026-04-03T02:34:57.918+0600][64.600s][info][gc,heap     ] GC(100)                Mark Start          Mark End        Relocate Start      Relocate End           High               Low         
[2026-04-03T02:34:57.918+0600][64.600s][info][gc,heap     ] GC(100)  Capacity:     1500M (100%)       1500M (100%)       1500M (100%)       1500M (100%)       1500M (100%)       1500M (100%)   
[2026-04-03T02:34:57.918+0600][64.600s][info][gc,heap     ] GC(100)      Free:      958M (64%)         916M (61%)        1034M (69%)        1292M (86%)        1292M (86%)         894M (60%)    
[2026-04-03T02:34:57.918+0600][64.600s][info][gc,heap     ] GC(100)      Used:      542M (36%)         584M (39%)         466M (31%)         208M (14%)         606M (40%)         208M (14%)    
[2026-04-03T02:34:57.918+0600][64.600s][info][gc,heap     ] GC(100)      Live:         -               103M (7%)          103M (7%)          103M (7%)             -                  -          
[2026-04-03T02:34:57.918+0600][64.600s][info][gc,heap     ] GC(100) Allocated:         -                42M (3%)           64M (4%)           65M (4%)             -                  -          
[2026-04-03T02:34:57.918+0600][64.600s][info][gc,heap     ] GC(100)   Garbage:         -               438M (29%)         298M (20%)          38M (3%)             -                  -          
[2026-04-03T02:34:57.918+0600][64.600s][info][gc,heap     ] GC(100) Reclaimed:         -                  -               140M (9%)          399M (27%)            -                  -          
[2026-04-03T02:34:57.918+0600][64.600s][info][gc          ] GC(100) Garbage Collection (Allocation Rate) 542M(36%)->208M(14%)
[2026-04-03T02:34:58.321+0600][65.003s][info][gc,start    ] GC(101) Garbage Collection (Allocation Rate)
[2026-04-03T02:34:58.321+0600][65.003s][info][gc,task     ] GC(101) Using 2 workers
[2026-04-03T02:34:58.321+0600][65.003s][info][gc,phases   ] GC(101) Pause Mark Start 0.019ms
[2026-04-03T02:34:58.478+0600][65.160s][info][gc,phases   ] GC(101) Concurrent Mark 156.769ms
[2026-04-03T02:34:58.479+0600][65.160s][info][gc,phases   ] GC(101) Pause Mark End 0.027ms
[2026-04-03T02:34:58.479+0600][65.160s][info][gc,phases   ] GC(101) Concurrent Mark Free 0.002ms
[2026-04-03T02:34:58.513+0600][65.194s][info][gc,phases   ] GC(101) Concurrent Process Non-Strong References 34.044ms
[2026-04-03T02:34:58.513+0600][65.195s][info][gc,phases   ] GC(101) Concurrent Reset Relocation Set 0.019ms
[2026-04-03T02:34:58.518+0600][65.199s][info][gc,phases   ] GC(101) Concurrent Select Relocation Set 4.548ms
[2026-04-03T02:34:58.518+0600][65.199s][info][gc,phases   ] GC(101) Pause Relocate Start 0.018ms
[2026-04-03T02:34:58.523+0600][65.205s][info][gc,phases   ] GC(101) Concurrent Relocate 5.270ms
[2026-04-03T02:34:58.524+0600][65.205s][info][gc,load     ] GC(101) Load: 6.57/5.90/5.87
[2026-04-03T02:34:58.524+0600][65.205s][info][gc,mmu      ] GC(101) MMU: 2ms/89.3%, 5ms/95.7%, 10ms/97.9%, 20ms/98.9%, 50ms/99.6%, 100ms/99.8%
[2026-04-03T02:34:58.524+0600][65.205s][info][gc,marking  ] GC(101) Mark: 2 stripe(s), 2 proactive flush(es), 1 terminate flush(es), 0 completion(s), 0 continuation(s) 
[2026-04-03T02:34:58.524+0600][65.205s][info][gc,marking  ] GC(101) Mark Stack Usage: 32M
[2026-04-03T02:34:58.524+0600][65.205s][info][gc,nmethod  ] GC(101) NMethods: 15164 registered, 2281 unregistered
[2026-04-03T02:34:58.524+0600][65.205s][info][gc,metaspace] GC(101) Metaspace: 128M used, 129M committed, 1152M reserved
[2026-04-03T02:34:58.524+0600][65.205s][info][gc,ref      ] GC(101) Soft: 3471 encountered, 0 discovered, 0 enqueued
[2026-04-03T02:34:58.524+0600][65.205s][info][gc,ref      ] GC(101) Weak: 15467 encountered, 5499 discovered, 36 enqueued
[2026-04-03T02:34:58.524+0600][65.205s][info][gc,ref      ] GC(101) Final: 84 encountered, 0 discovered, 0 enqueued
[2026-04-03T02:34:58.524+0600][65.205s][info][gc,ref      ] GC(101) Phantom: 620 encountered, 387 discovered, 0 enqueued
[2026-04-03T02:34:58.524+0600][65.205s][info][gc,reloc    ] GC(101) Small Pages: 295 / 590M, Empty: 200M, Relocated: 2M, In-Place: 0
[2026-04-03T02:34:58.524+0600][65.205s][info][gc,reloc    ] GC(101) Medium Pages: 5 / 160M, Empty: 96M, Relocated: 9M, In-Place: 0
[2026-04-03T02:34:58.524+0600][65.205s][info][gc,reloc    ] GC(101) Large Pages: 12 / 72M, Empty: 72M, Relocated: 0M, In-Place: 0
[2026-04-03T02:34:58.524+0600][65.205s][info][gc,reloc    ] GC(101) Forwarding Usage: 0M
[2026-04-03T02:34:58.524+0600][65.206s][info][gc,heap     ] GC(101) Min Capacity: 8M(1%)
[2026-04-03T02:34:58.524+0600][65.206s][info][gc,heap     ] GC(101) Max Capacity: 1500M(100%)
[2026-04-03T02:34:58.524+0600][65.206s][info][gc,heap     ] GC(101) Soft Max Capacity: 1500M(100%)
[2026-04-03T02:34:58.524+0600][65.206s][info][gc,heap     ] GC(101)                Mark Start          Mark End        Relocate Start      Relocate End           High               Low         
[2026-04-03T02:34:58.524+0600][65.206s][info][gc,heap     ] GC(101)  Capacity:     1500M (100%)       1500M (100%)       1500M (100%)       1500M (100%)       1500M (100%)       1500M (100%)   
[2026-04-03T02:34:58.524+0600][65.206s][info][gc,heap     ] GC(101)      Free:      678M (45%)         506M (34%)         788M (53%)        1098M (73%)        1098M (73%)         434M (29%)    
[2026-04-03T02:34:58.524+0600][65.206s][info][gc,heap     ] GC(101)      Used:      822M (55%)         994M (66%)         712M (47%)         402M (27%)        1066M (71%)         402M (27%)    
[2026-04-03T02:34:58.524+0600][65.206s][info][gc,heap     ] GC(101)      Live:         -               106M (7%)          106M (7%)          106M (7%)             -                  -          
[2026-04-03T02:34:58.524+0600][65.206s][info][gc,heap     ] GC(101) Allocated:         -               172M (11%)         258M (17%)         259M (17%)            -                  -          
[2026-04-03T02:34:58.524+0600][65.206s][info][gc,heap     ] GC(101)   Garbage:         -               715M (48%)         347M (23%)          35M (2%)             -                  -          
[2026-04-03T02:34:58.524+0600][65.206s][info][gc,heap     ] GC(101) Reclaimed:         -                  -               368M (25%)         679M (45%)            -                  -          
[2026-04-03T02:34:58.524+0600][65.206s][info][gc          ] GC(101) Garbage Collection (Allocation Rate) 822M(55%)->402M(27%)
[2026-04-03T02:34:58.621+0600][65.303s][info][gc,start    ] GC(102) Garbage Collection (Allocation Rate)
[2026-04-03T02:34:58.622+0600][65.303s][info][gc,task     ] GC(102) Using 2 workers
[2026-04-03T02:34:58.622+0600][65.303s][info][gc,phases   ] GC(102) Pause Mark Start 0.013ms
[2026-04-03T02:34:58.788+0600][65.470s][info][gc,phases   ] GC(102) Concurrent Mark 166.102ms
[2026-04-03T02:34:58.789+0600][65.470s][info][gc,phases   ] GC(102) Pause Mark End 0.044ms
[2026-04-03T02:34:58.789+0600][65.470s][info][gc,phases   ] GC(102) Concurrent Mark Free 0.002ms
[2026-04-03T02:34:58.813+0600][65.495s][info][gc,phases   ] GC(102) Concurrent Process Non-Strong References 24.178ms
[2026-04-03T02:34:58.813+0600][65.495s][info][gc,phases   ] GC(102) Concurrent Reset Relocation Set 0.011ms
[2026-04-03T02:34:58.816+0600][65.498s][info][gc,phases   ] GC(102) Concurrent Select Relocation Set 2.938ms
[2026-04-03T02:34:58.816+0600][65.498s][info][gc,phases   ] GC(102) Pause Relocate Start 0.014ms
[2026-04-03T02:34:58.821+0600][65.503s][info][gc,phases   ] GC(102) Concurrent Relocate 4.703ms
[2026-04-03T02:34:58.821+0600][65.503s][info][gc,load     ] GC(102) Load: 6.57/5.90/5.87
[2026-04-03T02:34:58.821+0600][65.503s][info][gc,mmu      ] GC(102) MMU: 2ms/89.3%, 5ms/95.7%, 10ms/97.9%, 20ms/98.9%, 50ms/99.6%, 100ms/99.8%
[2026-04-03T02:34:58.821+0600][65.503s][info][gc,marking  ] GC(102) Mark: 2 stripe(s), 2 proactive flush(es), 1 terminate flush(es), 0 completion(s), 0 continuation(s) 
[2026-04-03T02:34:58.821+0600][65.503s][info][gc,marking  ] GC(102) Mark Stack Usage: 32M
[2026-04-03T02:34:58.821+0600][65.503s][info][gc,nmethod  ] GC(102) NMethods: 15171 registered, 2288 unregistered
[2026-04-03T02:34:58.821+0600][65.503s][info][gc,metaspace] GC(102) Metaspace: 128M used, 129M committed, 1152M reserved
[2026-04-03T02:34:58.821+0600][65.503s][info][gc,ref      ] GC(102) Soft: 3476 encountered, 0 discovered, 0 enqueued
[2026-04-03T02:34:58.821+0600][65.503s][info][gc,ref      ] GC(102) Weak: 15931 encountered, 5841 discovered, 19 enqueued
[2026-04-03T02:34:58.821+0600][65.503s][info][gc,ref      ] GC(102) Final: 84 encountered, 0 discovered, 0 enqueued
[2026-04-03T02:34:58.821+0600][65.503s][info][gc,ref      ] GC(102) Phantom: 620 encountered, 498 discovered, 0 enqueued
[2026-04-03T02:34:58.821+0600][65.503s][info][gc,reloc    ] GC(102) Small Pages: 186 / 372M, Empty: 116M, Relocated: 4M, In-Place: 0
[2026-04-03T02:34:58.821+0600][65.503s][info][gc,reloc    ] GC(102) Medium Pages: 3 / 96M, Empty: 64M, Relocated: 0M, In-Place: 0
[2026-04-03T02:34:58.821+0600][65.503s][info][gc,reloc    ] GC(102) Large Pages: 7 / 42M, Empty: 42M, Relocated: 0M, In-Place: 0
[2026-04-03T02:34:58.821+0600][65.503s][info][gc,reloc    ] GC(102) Forwarding Usage: 1M
[2026-04-03T02:34:58.821+0600][65.503s][info][gc,heap     ] GC(102) Min Capacity: 8M(1%)
[2026-04-03T02:34:58.821+0600][65.503s][info][gc,heap     ] GC(102) Max Capacity: 1500M(100%)
[2026-04-03T02:34:58.821+0600][65.503s][info][gc,heap     ] GC(102) Soft Max Capacity: 1500M(100%)
[2026-04-03T02:34:58.821+0600][65.503s][info][gc,heap     ] GC(102)                Mark Start          Mark End        Relocate Start      Relocate End           High               Low         
[2026-04-03T02:34:58.821+0600][65.503s][info][gc,heap     ] GC(102)  Capacity:     1500M (100%)       1500M (100%)       1500M (100%)       1500M (100%)       1500M (100%)       1500M (100%)   
[2026-04-03T02:34:58.821+0600][65.503s][info][gc,heap     ] GC(102)      Free:      990M (66%)         776M (52%)         988M (66%)        1128M (75%)        1130M (75%)         770M (51%)    
[2026-04-03T02:34:58.821+0600][65.503s][info][gc,heap     ] GC(102)      Used:      510M (34%)         724M (48%)         512M (34%)         372M (25%)         730M (49%)         370M (25%)    
[2026-04-03T02:34:58.821+0600][65.503s][info][gc,heap     ] GC(102)      Live:         -               107M (7%)          107M (7%)          107M (7%)             -                  -          
[2026-04-03T02:34:58.821+0600][65.503s][info][gc,heap     ] GC(102) Allocated:         -               214M (14%)         224M (15%)         225M (15%)            -                  -          
[2026-04-03T02:34:58.821+0600][65.503s][info][gc,heap     ] GC(102)   Garbage:         -               402M (27%)         180M (12%)          38M (3%)             -                  -          
[2026-04-03T02:34:58.821+0600][65.503s][info][gc,heap     ] GC(102) Reclaimed:         -                  -               222M (15%)         363M (24%)            -                  -          
[2026-04-03T02:34:58.822+0600][65.503s][info][gc          ] GC(102) Garbage Collection (Allocation Rate) 510M(34%)->372M(25%)
[2026-04-03T02:34:59.021+0600][65.702s][info][gc,start    ] GC(103) Garbage Collection (Allocation Rate)
[2026-04-03T02:34:59.021+0600][65.702s][info][gc,task     ] GC(103) Using 2 workers
[2026-04-03T02:34:59.021+0600][65.703s][info][gc,phases   ] GC(103) Pause Mark Start 0.023ms
[2026-04-03T02:34:59.202+0600][65.883s][info][gc,phases   ] GC(103) Concurrent Mark 180.195ms
[2026-04-03T02:34:59.202+0600][65.884s][info][gc,phases   ] GC(103) Pause Mark End 0.047ms
[2026-04-03T02:34:59.202+0600][65.884s][info][gc,phases   ] GC(103) Concurrent Mark Free 0.003ms
[2026-04-03T02:34:59.228+0600][65.909s][info][gc,phases   ] GC(103) Concurrent Process Non-Strong References 25.008ms
[2026-04-03T02:34:59.228+0600][65.909s][info][gc,phases   ] GC(103) Concurrent Reset Relocation Set 0.010ms
[2026-04-03T02:34:59.231+0600][65.912s][info][gc,phases   ] GC(103) Concurrent Select Relocation Set 2.951ms
[2026-04-03T02:34:59.231+0600][65.912s][info][gc,phases   ] GC(103) Pause Relocate Start 0.024ms
[2026-04-03T02:34:59.238+0600][65.920s][info][gc,phases   ] GC(103) Concurrent Relocate 7.322ms
[2026-04-03T02:34:59.239+0600][65.920s][info][gc,load     ] GC(103) Load: 6.57/5.90/5.87
[2026-04-03T02:34:59.239+0600][65.920s][info][gc,mmu      ] GC(103) MMU: 2ms/89.3%, 5ms/95.7%, 10ms/97.9%, 20ms/98.9%, 50ms/99.6%, 100ms/99.8%
[2026-04-03T02:34:59.239+0600][65.920s][info][gc,marking  ] GC(103) Mark: 2 stripe(s), 2 proactive flush(es), 1 terminate flush(es), 0 completion(s), 0 continuation(s) 
[2026-04-03T02:34:59.239+0600][65.920s][info][gc,marking  ] GC(103) Mark Stack Usage: 32M
[2026-04-03T02:34:59.239+0600][65.920s][info][gc,nmethod  ] GC(103) NMethods: 15171 registered, 2288 unregistered
[2026-04-03T02:34:59.239+0600][65.920s][info][gc,metaspace] GC(103) Metaspace: 128M used, 129M committed, 1152M reserved
[2026-04-03T02:34:59.239+0600][65.920s][info][gc,ref      ] GC(103) Soft: 3476 encountered, 0 discovered, 0 enqueued
[2026-04-03T02:34:59.239+0600][65.920s][info][gc,ref      ] GC(103) Weak: 16588 encountered, 7013 discovered, 1711 enqueued
[2026-04-03T02:34:59.239+0600][65.920s][info][gc,ref      ] GC(103) Final: 84 encountered, 48 discovered, 0 enqueued
[2026-04-03T02:34:59.239+0600][65.920s][info][gc,ref      ] GC(103) Phantom: 620 encountered, 571 discovered, 0 enqueued
[2026-04-03T02:34:59.239+0600][65.920s][info][gc,reloc    ] GC(103) Small Pages: 240 / 480M, Empty: 76M, Relocated: 6M, In-Place: 0
[2026-04-03T02:34:59.239+0600][65.920s][info][gc,reloc    ] GC(103) Medium Pages: 3 / 96M, Empty: 64M, Relocated: 0M, In-Place: 0
[2026-04-03T02:34:59.239+0600][65.920s][info][gc,reloc    ] GC(103) Large Pages: 9 / 54M, Empty: 54M, Relocated: 0M, In-Place: 0
[2026-04-03T02:34:59.239+0600][65.920s][info][gc,reloc    ] GC(103) Forwarding Usage: 2M
[2026-04-03T02:34:59.239+0600][65.920s][info][gc,heap     ] GC(103) Min Capacity: 8M(1%)
[2026-04-03T02:34:59.239+0600][65.920s][info][gc,heap     ] GC(103) Max Capacity: 1500M(100%)
[2026-04-03T02:34:59.239+0600][65.920s][info][gc,heap     ] GC(103) Soft Max Capacity: 1500M(100%)
[2026-04-03T02:34:59.239+0600][65.920s][info][gc,heap     ] GC(103)                Mark Start          Mark End        Relocate Start      Relocate End           High               Low         
[2026-04-03T02:34:59.239+0600][65.920s][info][gc,heap     ] GC(103)  Capacity:     1500M (100%)       1500M (100%)       1500M (100%)       1500M (100%)       1500M (100%)       1500M (100%)   
[2026-04-03T02:34:59.239+0600][65.920s][info][gc,heap     ] GC(103)      Free:      870M (58%)         586M (39%)         766M (51%)        1050M (70%)        1050M (70%)         574M (38%)    
[2026-04-03T02:34:59.239+0600][65.920s][info][gc,heap     ] GC(103)      Used:      630M (42%)         914M (61%)         734M (49%)         450M (30%)         926M (62%)         450M (30%)    
[2026-04-03T02:34:59.239+0600][65.920s][info][gc,heap     ] GC(103)      Live:         -               108M (7%)          108M (7%)          108M (7%)             -                  -          
[2026-04-03T02:34:59.239+0600][65.920s][info][gc,heap     ] GC(103) Allocated:         -               284M (19%)         298M (20%)         303M (20%)            -                  -          
[2026-04-03T02:34:59.239+0600][65.920s][info][gc,heap     ] GC(103)   Garbage:         -               521M (35%)         327M (22%)          37M (3%)             -                  -          
[2026-04-03T02:34:59.239+0600][65.920s][info][gc,heap     ] GC(103) Reclaimed:         -                  -               194M (13%)         483M (32%)            -                  -          
[2026-04-03T02:34:59.239+0600][65.920s][info][gc          ] GC(103) Garbage Collection (Allocation Rate) 630M(42%)->450M(30%)
[2026-04-03T02:34:59.321+0600][66.003s][info][gc,start    ] GC(104) Garbage Collection (Allocation Rate)
[2026-04-03T02:34:59.321+0600][66.003s][info][gc,task     ] GC(104) Using 2 workers
[2026-04-03T02:34:59.322+0600][66.003s][info][gc,phases   ] GC(104) Pause Mark Start 0.010ms
[2026-04-03T02:34:59.466+0600][66.148s][info][gc,phases   ] GC(104) Concurrent Mark 144.474ms
[2026-04-03T02:34:59.467+0600][66.149s][info][gc,phases   ] GC(104) Pause Mark End 0.046ms
[2026-04-03T02:34:59.467+0600][66.149s][info][gc,phases   ] GC(104) Concurrent Mark Free 0.002ms
[2026-04-03T02:34:59.494+0600][66.176s][info][gc,phases   ] GC(104) Concurrent Process Non-Strong References 26.996ms
[2026-04-03T02:34:59.495+0600][66.176s][info][gc,phases   ] GC(104) Concurrent Reset Relocation Set 0.015ms
[2026-04-03T02:34:59.498+0600][66.180s][info][gc,phases   ] GC(104) Concurrent Select Relocation Set 3.546ms
[2026-04-03T02:34:59.498+0600][66.180s][info][gc,phases   ] GC(104) Pause Relocate Start 0.015ms
[2026-04-03T02:34:59.506+0600][66.187s][info][gc,phases   ] GC(104) Concurrent Relocate 7.168ms
[2026-04-03T02:34:59.506+0600][66.187s][info][gc,load     ] GC(104) Load: 6.57/5.90/5.87
[2026-04-03T02:34:59.506+0600][66.187s][info][gc,mmu      ] GC(104) MMU: 2ms/89.3%, 5ms/95.7%, 10ms/97.9%, 20ms/98.9%, 50ms/99.6%, 100ms/99.8%
[2026-04-03T02:34:59.506+0600][66.187s][info][gc,marking  ] GC(104) Mark: 2 stripe(s), 2 proactive flush(es), 1 terminate flush(es), 0 completion(s), 0 continuation(s) 
[2026-04-03T02:34:59.506+0600][66.187s][info][gc,marking  ] GC(104) Mark Stack Usage: 32M
[2026-04-03T02:34:59.506+0600][66.187s][info][gc,nmethod  ] GC(104) NMethods: 15177 registered, 2290 unregistered
[2026-04-03T02:34:59.506+0600][66.187s][info][gc,metaspace] GC(104) Metaspace: 128M used, 129M committed, 1152M reserved
[2026-04-03T02:34:59.506+0600][66.187s][info][gc,ref      ] GC(104) Soft: 3469 encountered, 0 discovered, 0 enqueued
[2026-04-03T02:34:59.506+0600][66.187s][info][gc,ref      ] GC(104) Weak: 15258 encountered, 5106 discovered, 559 enqueued
[2026-04-03T02:34:59.506+0600][66.187s][info][gc,ref      ] GC(104) Final: 84 encountered, 0 discovered, 0 enqueued
[2026-04-03T02:34:59.506+0600][66.187s][info][gc,ref      ] GC(104) Phantom: 620 encountered, 607 discovered, 0 enqueued
[2026-04-03T02:34:59.506+0600][66.187s][info][gc,reloc    ] GC(104) Small Pages: 216 / 432M, Empty: 218M, Relocated: 6M, In-Place: 0
[2026-04-03T02:34:59.506+0600][66.187s][info][gc,reloc    ] GC(104) Medium Pages: 2 / 64M, Empty: 32M, Relocated: 0M, In-Place: 0
[2026-04-03T02:34:59.506+0600][66.187s][info][gc,reloc    ] GC(104) Large Pages: 69 / 414M, Empty: 414M, Relocated: 0M, In-Place: 0
[2026-04-03T02:34:59.506+0600][66.187s][info][gc,reloc    ] GC(104) Forwarding Usage: 2M
[2026-04-03T02:34:59.506+0600][66.187s][info][gc,heap     ] GC(104) Min Capacity: 8M(1%)
[2026-04-03T02:34:59.506+0600][66.188s][info][gc,heap     ] GC(104) Max Capacity: 1500M(100%)
[2026-04-03T02:34:59.506+0600][66.188s][info][gc,heap     ] GC(104) Soft Max Capacity: 1500M(100%)
[2026-04-03T02:34:59.506+0600][66.188s][info][gc,heap     ] GC(104)                Mark Start          Mark End        Relocate Start      Relocate End           High               Low         
[2026-04-03T02:34:59.506+0600][66.188s][info][gc,heap     ] GC(104)  Capacity:     1500M (100%)       1500M (100%)       1500M (100%)       1500M (100%)       1500M (100%)       1500M (100%)   
[2026-04-03T02:34:59.506+0600][66.188s][info][gc,heap     ] GC(104)      Free:      590M (39%)         132M (9%)          740M (49%)         830M (55%)         840M (56%)          86M (6%)     
[2026-04-03T02:34:59.506+0600][66.188s][info][gc,heap     ] GC(104)      Used:      910M (61%)        1368M (91%)         760M (51%)         670M (45%)        1414M (94%)         660M (44%)    
[2026-04-03T02:34:59.506+0600][66.188s][info][gc,heap     ] GC(104)      Live:         -               105M (7%)          105M (7%)          105M (7%)             -                  -          
[2026-04-03T02:34:59.506+0600][66.188s][info][gc,heap     ] GC(104) Allocated:         -               458M (31%)         514M (34%)         525M (35%)            -                  -          
[2026-04-03T02:34:59.506+0600][66.188s][info][gc,heap     ] GC(104)   Garbage:         -               804M (54%)         140M (9%)           38M (3%)             -                  -          
[2026-04-03T02:34:59.506+0600][66.188s][info][gc,heap     ] GC(104) Reclaimed:         -                  -               664M (44%)         765M (51%)            -                  -          
[2026-04-03T02:34:59.506+0600][66.188s][info][gc          ] GC(104) Garbage Collection (Allocation Rate) 910M(61%)->670M(45%)
[2026-04-03T02:34:59.522+0600][66.203s][info][gc,start    ] GC(105) Garbage Collection (Allocation Rate)
[2026-04-03T02:34:59.522+0600][66.203s][info][gc,task     ] GC(105) Using 2 workers
[2026-04-03T02:34:59.526+0600][66.207s][info][gc,phases   ] GC(105) Pause Mark Start 0.020ms
[2026-04-03T02:34:59.661+0600][66.342s][info][gc,phases   ] GC(105) Concurrent Mark 134.180ms
[2026-04-03T02:34:59.661+0600][66.343s][info][gc,phases   ] GC(105) Pause Mark End 0.045ms
[2026-04-03T02:34:59.661+0600][66.343s][info][gc,phases   ] GC(105) Concurrent Mark Free 0.002ms
[2026-04-03T02:34:59.692+0600][66.373s][info][gc,phases   ] GC(105) Concurrent Process Non-Strong References 30.489ms
[2026-04-03T02:34:59.692+0600][66.373s][info][gc,phases   ] GC(105) Concurrent Reset Relocation Set 0.006ms
[2026-04-03T02:34:59.695+0600][66.377s][info][gc,phases   ] GC(105) Concurrent Select Relocation Set 3.425ms
[2026-04-03T02:34:59.696+0600][66.377s][info][gc,phases   ] GC(105) Pause Relocate Start 0.015ms
[2026-04-03T02:34:59.700+0600][66.381s][info][gc,phases   ] GC(105) Concurrent Relocate 4.309ms
[2026-04-03T02:34:59.700+0600][66.382s][info][gc,load     ] GC(105) Load: 6.57/5.90/5.87
[2026-04-03T02:34:59.700+0600][66.382s][info][gc,mmu      ] GC(105) MMU: 2ms/89.3%, 5ms/95.7%, 10ms/97.9%, 20ms/98.9%, 50ms/99.6%, 100ms/99.8%
[2026-04-03T02:34:59.700+0600][66.382s][info][gc,marking  ] GC(105) Mark: 2 stripe(s), 2 proactive flush(es), 1 terminate flush(es), 0 completion(s), 0 continuation(s) 
[2026-04-03T02:34:59.700+0600][66.382s][info][gc,marking  ] GC(105) Mark Stack Usage: 32M
[2026-04-03T02:34:59.700+0600][66.382s][info][gc,nmethod  ] GC(105) NMethods: 15190 registered, 2296 unregistered
[2026-04-03T02:34:59.700+0600][66.382s][info][gc,metaspace] GC(105) Metaspace: 128M used, 129M committed, 1152M reserved
[2026-04-03T02:34:59.700+0600][66.382s][info][gc,ref      ] GC(105) Soft: 3476 encountered, 0 discovered, 0 enqueued
[2026-04-03T02:34:59.700+0600][66.382s][info][gc,ref      ] GC(105) Weak: 14925 encountered, 5495 discovered, 221 enqueued
[2026-04-03T02:34:59.700+0600][66.382s][info][gc,ref      ] GC(105) Final: 84 encountered, 0 discovered, 0 enqueued
[2026-04-03T02:34:59.700+0600][66.382s][info][gc,ref      ] GC(105) Phantom: 620 encountered, 377 discovered, 0 enqueued
[2026-04-03T02:34:59.700+0600][66.382s][info][gc,reloc    ] GC(105) Small Pages: 130 / 260M, Empty: 12M, Relocated: 8M, In-Place: 0
[2026-04-03T02:34:59.700+0600][66.382s][info][gc,reloc    ] GC(105) Medium Pages: 2 / 64M, Empty: 32M, Relocated: 0M, In-Place: 0
[2026-04-03T02:34:59.700+0600][66.382s][info][gc,reloc    ] GC(105) Large Pages: 67 / 402M, Empty: 402M, Relocated: 0M, In-Place: 0
[2026-04-03T02:34:59.700+0600][66.382s][info][gc,reloc    ] GC(105) Forwarding Usage: 1M
[2026-04-03T02:34:59.700+0600][66.382s][info][gc,heap     ] GC(105) Min Capacity: 8M(1%)
[2026-04-03T02:34:59.700+0600][66.382s][info][gc,heap     ] GC(105) Max Capacity: 1500M(100%)
[2026-04-03T02:34:59.700+0600][66.382s][info][gc,heap     ] GC(105) Soft Max Capacity: 1500M(100%)
[2026-04-03T02:34:59.700+0600][66.382s][info][gc,heap     ] GC(105)                Mark Start          Mark End        Relocate Start      Relocate End           High               Low         
[2026-04-03T02:34:59.700+0600][66.382s][info][gc,heap     ] GC(105)  Capacity:     1500M (100%)       1500M (100%)       1500M (100%)       1500M (100%)       1500M (100%)       1500M (100%)   
[2026-04-03T02:34:59.700+0600][66.382s][info][gc,heap     ] GC(105)      Free:      774M (52%)         614M (41%)        1016M (68%)        1150M (77%)        1150M (77%)         574M (38%)    
[2026-04-03T02:34:59.700+0600][66.382s][info][gc,heap     ] GC(105)      Used:      726M (48%)         886M (59%)         484M (32%)         350M (23%)         926M (62%)         350M (23%)    
[2026-04-03T02:34:59.700+0600][66.382s][info][gc,heap     ] GC(105)      Live:         -               107M (7%)          107M (7%)          107M (7%)             -                  -          
[2026-04-03T02:34:59.700+0600][66.382s][info][gc,heap     ] GC(105) Allocated:         -               160M (11%)         204M (14%)         203M (14%)            -                  -          
[2026-04-03T02:34:59.700+0600][66.382s][info][gc,heap     ] GC(105)   Garbage:         -               618M (41%)         172M (11%)          38M (3%)             -                  -          
[2026-04-03T02:34:59.700+0600][66.382s][info][gc,heap     ] GC(105) Reclaimed:         -                  -               446M (30%)         579M (39%)            -                  -          
[2026-04-03T02:34:59.700+0600][66.382s][info][gc          ] GC(105) Garbage Collection (Allocation Rate) 726M(48%)->350M(23%)
[2026-04-03T02:34:59.821+0600][66.503s][info][gc,start    ] GC(106) Garbage Collection (Allocation Rate)
[2026-04-03T02:34:59.822+0600][66.503s][info][gc,task     ] GC(106) Using 2 workers
[2026-04-03T02:34:59.822+0600][66.504s][info][gc,phases   ] GC(106) Pause Mark Start 0.009ms
[2026-04-03T02:34:59.915+0600][66.596s][info][gc,phases   ] GC(106) Concurrent Mark 92.561ms
[2026-04-03T02:34:59.915+0600][66.597s][info][gc,phases   ] GC(106) Pause Mark End 0.023ms
[2026-04-03T02:34:59.915+0600][66.597s][info][gc,phases   ] GC(106) Concurrent Mark Free 0.002ms
[2026-04-03T02:34:59.934+0600][66.616s][info][gc,phases   ] GC(106) Concurrent Process Non-Strong References 18.903ms
[2026-04-03T02:34:59.934+0600][66.616s][info][gc,phases   ] GC(106) Concurrent Reset Relocation Set 0.005ms
[2026-04-03T02:34:59.937+0600][66.618s][info][gc,phases   ] GC(106) Concurrent Select Relocation Set 2.344ms
[2026-04-03T02:34:59.937+0600][66.618s][info][gc,phases   ] GC(106) Pause Relocate Start 0.011ms
[2026-04-03T02:34:59.941+0600][66.623s][info][gc,phases   ] GC(106) Concurrent Relocate 4.111ms
[2026-04-03T02:34:59.941+0600][66.623s][info][gc,load     ] GC(106) Load: 6.29/5.85/5.85
[2026-04-03T02:34:59.941+0600][66.623s][info][gc,mmu      ] GC(106) MMU: 2ms/89.3%, 5ms/95.7%, 10ms/97.9%, 20ms/98.9%, 50ms/99.6%, 100ms/99.8%
[2026-04-03T02:34:59.941+0600][66.623s][info][gc,marking  ] GC(106) Mark: 2 stripe(s), 2 proactive flush(es), 1 terminate flush(es), 0 completion(s), 0 continuation(s) 
[2026-04-03T02:34:59.941+0600][66.623s][info][gc,marking  ] GC(106) Mark Stack Usage: 32M
[2026-04-03T02:34:59.941+0600][66.623s][info][gc,nmethod  ] GC(106) NMethods: 15187 registered, 2301 unregistered
[2026-04-03T02:34:59.941+0600][66.623s][info][gc,metaspace] GC(106) Metaspace: 128M used, 129M committed, 1152M reserved
[2026-04-03T02:34:59.941+0600][66.623s][info][gc,ref      ] GC(106) Soft: 3468 encountered, 0 discovered, 0 enqueued
[2026-04-03T02:34:59.941+0600][66.623s][info][gc,ref      ] GC(106) Weak: 14959 encountered, 4863 discovered, 419 enqueued
[2026-04-03T02:34:59.941+0600][66.623s][info][gc,ref      ] GC(106) Final: 84 encountered, 0 discovered, 0 enqueued
[2026-04-03T02:34:59.941+0600][66.623s][info][gc,ref      ] GC(106) Phantom: 620 encountered, 365 discovered, 0 enqueued
[2026-04-03T02:34:59.941+0600][66.623s][info][gc,reloc    ] GC(106) Small Pages: 154 / 308M, Empty: 10M, Relocated: 6M, In-Place: 0
[2026-04-03T02:34:59.941+0600][66.623s][info][gc,reloc    ] GC(106) Medium Pages: 3 / 96M, Empty: 64M, Relocated: 0M, In-Place: 0
[2026-04-03T02:34:59.941+0600][66.623s][info][gc,reloc    ] GC(106) Large Pages: 5 / 30M, Empty: 30M, Relocated: 0M, In-Place: 0
[2026-04-03T02:34:59.941+0600][66.623s][info][gc,reloc    ] GC(106) Forwarding Usage: 1M
[2026-04-03T02:34:59.941+0600][66.623s][info][gc,heap     ] GC(106) Min Capacity: 8M(1%)
[2026-04-03T02:34:59.941+0600][66.623s][info][gc,heap     ] GC(106) Max Capacity: 1500M(100%)
[2026-04-03T02:34:59.941+0600][66.623s][info][gc,heap     ] GC(106) Soft Max Capacity: 1500M(100%)
[2026-04-03T02:34:59.941+0600][66.623s][info][gc,heap     ] GC(106)                Mark Start          Mark End        Relocate Start      Relocate End           High               Low         
[2026-04-03T02:34:59.941+0600][66.623s][info][gc,heap     ] GC(106)  Capacity:     1500M (100%)       1500M (100%)       1500M (100%)       1500M (100%)       1500M (100%)       1500M (100%)   
[2026-04-03T02:34:59.941+0600][66.623s][info][gc,heap     ] GC(106)      Free:     1066M (71%)        1014M (68%)        1092M (73%)        1280M (85%)        1280M (85%)         990M (66%)    
[2026-04-03T02:34:59.941+0600][66.623s][info][gc,heap     ] GC(106)      Used:      434M (29%)         486M (32%)         408M (27%)         220M (15%)         510M (34%)         220M (15%)    
[2026-04-03T02:34:59.941+0600][66.623s][info][gc,heap     ] GC(106)      Live:         -               104M (7%)          104M (7%)          104M (7%)             -                  -          
[2026-04-03T02:34:59.941+0600][66.623s][info][gc,heap     ] GC(106) Allocated:         -                52M (3%)           78M (5%)           79M (5%)             -                  -          
[2026-04-03T02:34:59.941+0600][66.623s][info][gc,heap     ] GC(106)   Garbage:         -               329M (22%)         225M (15%)          35M (2%)             -                  -          
[2026-04-03T02:34:59.941+0600][66.623s][info][gc,heap     ] GC(106) Reclaimed:         -                  -               104M (7%)          293M (20%)            -                  -          
[2026-04-03T02:34:59.941+0600][66.623s][info][gc          ] GC(106) Garbage Collection (Allocation Rate) 434M(29%)->220M(15%)
[2026-04-03T02:35:00.321+0600][67.002s][info][gc,start    ] GC(107) Garbage Collection (Allocation Rate)
[2026-04-03T02:35:00.321+0600][67.003s][info][gc,task     ] GC(107) Using 2 workers
[2026-04-03T02:35:00.321+0600][67.003s][info][gc,phases   ] GC(107) Pause Mark Start 0.013ms
[2026-04-03T02:35:00.486+0600][67.168s][info][gc,phases   ] GC(107) Concurrent Mark 165.025ms
[2026-04-03T02:35:00.487+0600][67.168s][info][gc,phases   ] GC(107) Pause Mark End 0.053ms
[2026-04-03T02:35:00.487+0600][67.168s][info][gc,phases   ] GC(107) Concurrent Mark Free 0.002ms
[2026-04-03T02:35:00.522+0600][67.203s][info][gc,phases   ] GC(107) Concurrent Process Non-Strong References 35.000ms
[2026-04-03T02:35:00.522+0600][67.203s][info][gc,phases   ] GC(107) Concurrent Reset Relocation Set 0.009ms
[2026-04-03T02:35:00.525+0600][67.207s][info][gc,phases   ] GC(107) Concurrent Select Relocation Set 3.350ms
[2026-04-03T02:35:00.526+0600][67.207s][info][gc,phases   ] GC(107) Pause Relocate Start 0.015ms
[2026-04-03T02:35:00.532+0600][67.214s][info][gc,phases   ] GC(107) Concurrent Relocate 6.469ms
[2026-04-03T02:35:00.532+0600][67.214s][info][gc,load     ] GC(107) Load: 6.29/5.85/5.85
[2026-04-03T02:35:00.532+0600][67.214s][info][gc,mmu      ] GC(107) MMU: 2ms/89.3%, 5ms/95.7%, 10ms/97.9%, 20ms/98.9%, 50ms/99.6%, 100ms/99.8%
[2026-04-03T02:35:00.532+0600][67.214s][info][gc,marking  ] GC(107) Mark: 2 stripe(s), 2 proactive flush(es), 1 terminate flush(es), 0 completion(s), 0 continuation(s) 
[2026-04-03T02:35:00.532+0600][67.214s][info][gc,marking  ] GC(107) Mark Stack Usage: 32M
[2026-04-03T02:35:00.532+0600][67.214s][info][gc,nmethod  ] GC(107) NMethods: 15190 registered, 2311 unregistered
[2026-04-03T02:35:00.532+0600][67.214s][info][gc,metaspace] GC(107) Metaspace: 128M used, 129M committed, 1152M reserved
[2026-04-03T02:35:00.532+0600][67.214s][info][gc,ref      ] GC(107) Soft: 3476 encountered, 0 discovered, 0 enqueued
[2026-04-03T02:35:00.532+0600][67.214s][info][gc,ref      ] GC(107) Weak: 15325 encountered, 6529 discovered, 33 enqueued
[2026-04-03T02:35:00.532+0600][67.214s][info][gc,ref      ] GC(107) Final: 84 encountered, 48 discovered, 0 enqueued
[2026-04-03T02:35:00.532+0600][67.214s][info][gc,ref      ] GC(107) Phantom: 620 encountered, 593 discovered, 0 enqueued
[2026-04-03T02:35:00.532+0600][67.214s][info][gc,reloc    ] GC(107) Small Pages: 264 / 528M, Empty: 168M, Relocated: 5M, In-Place: 0
[2026-04-03T02:35:00.532+0600][67.214s][info][gc,reloc    ] GC(107) Medium Pages: 4 / 128M, Empty: 96M, Relocated: 0M, In-Place: 0
[2026-04-03T02:35:00.532+0600][67.214s][info][gc,reloc    ] GC(107) Large Pages: 10 / 60M, Empty: 60M, Relocated: 0M, In-Place: 0
[2026-04-03T02:35:00.532+0600][67.214s][info][gc,reloc    ] GC(107) Forwarding Usage: 1M
[2026-04-03T02:35:00.532+0600][67.214s][info][gc,heap     ] GC(107) Min Capacity: 8M(1%)
[2026-04-03T02:35:00.532+0600][67.214s][info][gc,heap     ] GC(107) Max Capacity: 1500M(100%)
[2026-04-03T02:35:00.532+0600][67.214s][info][gc,heap     ] GC(107) Soft Max Capacity: 1500M(100%)
[2026-04-03T02:35:00.532+0600][67.214s][info][gc,heap     ] GC(107)                Mark Start          Mark End        Relocate Start      Relocate End           High               Low         
[2026-04-03T02:35:00.532+0600][67.214s][info][gc,heap     ] GC(107)  Capacity:     1500M (100%)       1500M (100%)       1500M (100%)       1500M (100%)       1500M (100%)       1500M (100%)   
[2026-04-03T02:35:00.532+0600][67.214s][info][gc,heap     ] GC(107)      Free:      784M (52%)         606M (40%)         866M (58%)        1106M (74%)        1106M (74%)         490M (33%)    
[2026-04-03T02:35:00.532+0600][67.214s][info][gc,heap     ] GC(107)      Used:      716M (48%)         894M (60%)         634M (42%)         394M (26%)        1010M (67%)         394M (26%)    
[2026-04-03T02:35:00.532+0600][67.214s][info][gc,heap     ] GC(107)      Live:         -               107M (7%)          107M (7%)          107M (7%)             -                  -          
[2026-04-03T02:35:00.532+0600][67.214s][info][gc,heap     ] GC(107) Allocated:         -               178M (12%)         242M (16%)         249M (17%)            -                  -          
[2026-04-03T02:35:00.532+0600][67.214s][info][gc,heap     ] GC(107)   Garbage:         -               608M (41%)         284M (19%)          36M (2%)             -                  -          
[2026-04-03T02:35:00.533+0600][67.214s][info][gc,heap     ] GC(107) Reclaimed:         -                  -               324M (22%)         571M (38%)            -                  -          
[2026-04-03T02:35:00.533+0600][67.214s][info][gc          ] GC(107) Garbage Collection (Allocation Rate) 716M(48%)->394M(26%)
[2026-04-03T02:35:00.621+0600][67.303s][info][gc,start    ] GC(108) Garbage Collection (Allocation Rate)
[2026-04-03T02:35:00.621+0600][67.303s][info][gc,task     ] GC(108) Using 2 workers
[2026-04-03T02:35:00.622+0600][67.303s][info][gc,phases   ] GC(108) Pause Mark Start 0.016ms
[2026-04-03T02:35:00.784+0600][67.465s][info][gc,phases   ] GC(108) Concurrent Mark 161.870ms
[2026-04-03T02:35:00.784+0600][67.466s][info][gc,phases   ] GC(108) Pause Mark End 0.028ms
[2026-04-03T02:35:00.784+0600][67.466s][info][gc,phases   ] GC(108) Concurrent Mark Free 0.003ms
[2026-04-03T02:35:00.819+0600][67.500s][info][gc,phases   ] GC(108) Concurrent Process Non-Strong References 34.184ms
[2026-04-03T02:35:00.819+0600][67.500s][info][gc,phases   ] GC(108) Concurrent Reset Relocation Set 0.015ms
[2026-04-03T02:35:00.823+0600][67.505s][info][gc,phases   ] GC(108) Concurrent Select Relocation Set 4.483ms
[2026-04-03T02:35:00.824+0600][67.505s][info][gc,phases   ] GC(108) Pause Relocate Start 0.019ms
[2026-04-03T02:35:00.830+0600][67.511s][info][gc,phases   ] GC(108) Concurrent Relocate 5.896ms
[2026-04-03T02:35:00.830+0600][67.511s][info][gc,load     ] GC(108) Load: 6.29/5.85/5.85
[2026-04-03T02:35:00.830+0600][67.511s][info][gc,mmu      ] GC(108) MMU: 2ms/89.3%, 5ms/95.7%, 10ms/97.9%, 20ms/98.9%, 50ms/99.6%, 100ms/99.8%
[2026-04-03T02:35:00.830+0600][67.511s][info][gc,marking  ] GC(108) Mark: 2 stripe(s), 2 proactive flush(es), 1 terminate flush(es), 0 completion(s), 0 continuation(s) 
[2026-04-03T02:35:00.830+0600][67.511s][info][gc,marking  ] GC(108) Mark Stack Usage: 32M
[2026-04-03T02:35:00.830+0600][67.511s][info][gc,nmethod  ] GC(108) NMethods: 15191 registered, 2319 unregistered
[2026-04-03T02:35:00.830+0600][67.511s][info][gc,metaspace] GC(108) Metaspace: 128M used, 129M committed, 1152M reserved
[2026-04-03T02:35:00.830+0600][67.511s][info][gc,ref      ] GC(108) Soft: 3476 encountered, 0 discovered, 0 enqueued
[2026-04-03T02:35:00.830+0600][67.511s][info][gc,ref      ] GC(108) Weak: 15726 encountered, 7383 discovered, 16 enqueued
[2026-04-03T02:35:00.830+0600][67.511s][info][gc,ref      ] GC(108) Final: 84 encountered, 52 discovered, 0 enqueued
[2026-04-03T02:35:00.830+0600][67.511s][info][gc,ref      ] GC(108) Phantom: 620 encountered, 491 discovered, 0 enqueued
[2026-04-03T02:35:00.830+0600][67.511s][info][gc,reloc    ] GC(108) Small Pages: 185 / 370M, Empty: 110M, Relocated: 6M, In-Place: 0
[2026-04-03T02:35:00.830+0600][67.511s][info][gc,reloc    ] GC(108) Medium Pages: 3 / 96M, Empty: 64M, Relocated: 0M, In-Place: 0
[2026-04-03T02:35:00.830+0600][67.511s][info][gc,reloc    ] GC(108) Large Pages: 6 / 36M, Empty: 36M, Relocated: 0M, In-Place: 0
[2026-04-03T02:35:00.830+0600][67.511s][info][gc,reloc    ] GC(108) Forwarding Usage: 1M
[2026-04-03T02:35:00.830+0600][67.511s][info][gc,heap     ] GC(108) Min Capacity: 8M(1%)
[2026-04-03T02:35:00.830+0600][67.511s][info][gc,heap     ] GC(108) Max Capacity: 1500M(100%)
[2026-04-03T02:35:00.830+0600][67.511s][info][gc,heap     ] GC(108) Soft Max Capacity: 1500M(100%)
[2026-04-03T02:35:00.830+0600][67.511s][info][gc,heap     ] GC(108)                Mark Start          Mark End        Relocate Start      Relocate End           High               Low         
[2026-04-03T02:35:00.830+0600][67.511s][info][gc,heap     ] GC(108)  Capacity:     1500M (100%)       1500M (100%)       1500M (100%)       1500M (100%)       1500M (100%)       1500M (100%)   
[2026-04-03T02:35:00.830+0600][67.511s][info][gc,heap     ] GC(108)      Free:      998M (67%)         778M (52%)         940M (63%)        1084M (72%)        1084M (72%)         732M (49%)    
[2026-04-03T02:35:00.830+0600][67.511s][info][gc,heap     ] GC(108)      Used:      502M (33%)         722M (48%)         560M (37%)         416M (28%)         768M (51%)         416M (28%)    
[2026-04-03T02:35:00.830+0600][67.511s][info][gc,heap     ] GC(108)      Live:         -               109M (7%)          109M (7%)          109M (7%)             -                  -          
[2026-04-03T02:35:00.830+0600][67.511s][info][gc,heap     ] GC(108) Allocated:         -               220M (15%)         268M (18%)         267M (18%)            -                  -          
[2026-04-03T02:35:00.830+0600][67.511s][info][gc,heap     ] GC(108)   Garbage:         -               392M (26%)         182M (12%)          38M (3%)             -                  -          
[2026-04-03T02:35:00.830+0600][67.512s][info][gc,heap     ] GC(108) Reclaimed:         -                  -               210M (14%)         353M (24%)            -                  -          
[2026-04-03T02:35:00.830+0600][67.512s][info][gc          ] GC(108) Garbage Collection (Allocation Rate) 502M(33%)->416M(28%)
[2026-04-03T02:35:01.121+0600][67.803s][info][gc,start    ] GC(109) Garbage Collection (Allocation Rate)
[2026-04-03T02:35:01.121+0600][67.803s][info][gc,task     ] GC(109) Using 2 workers
[2026-04-03T02:35:01.122+0600][67.803s][info][gc,phases   ] GC(109) Pause Mark Start 0.015ms
[2026-04-03T02:35:01.321+0600][68.002s][info][gc,phases   ] GC(109) Concurrent Mark 199.002ms
[2026-04-03T02:35:01.321+0600][68.003s][info][gc,phases   ] GC(109) Pause Mark End 0.041ms
[2026-04-03T02:35:01.321+0600][68.003s][info][gc,phases   ] GC(109) Concurrent Mark Free 0.002ms
[2026-04-03T02:35:01.345+0600][68.027s][info][gc,phases   ] GC(109) Concurrent Process Non-Strong References 24.274ms
[2026-04-03T02:35:01.346+0600][68.027s][info][gc,phases   ] GC(109) Concurrent Reset Relocation Set 0.008ms
[2026-04-03T02:35:01.349+0600][68.031s][info][gc,phases   ] GC(109) Concurrent Select Relocation Set 3.447ms
[2026-04-03T02:35:01.349+0600][68.031s][info][gc,phases   ] GC(109) Pause Relocate Start 0.013ms
[2026-04-03T02:35:01.356+0600][68.037s][info][gc,phases   ] GC(109) Concurrent Relocate 6.443ms
[2026-04-03T02:35:01.356+0600][68.038s][info][gc,load     ] GC(109) Load: 6.29/5.85/5.85
[2026-04-03T02:35:01.356+0600][68.038s][info][gc,mmu      ] GC(109) MMU: 2ms/89.3%, 5ms/95.7%, 10ms/97.9%, 20ms/98.9%, 50ms/99.6%, 100ms/99.8%
[2026-04-03T02:35:01.356+0600][68.038s][info][gc,marking  ] GC(109) Mark: 2 stripe(s), 2 proactive flush(es), 1 terminate flush(es), 0 completion(s), 0 continuation(s) 
[2026-04-03T02:35:01.356+0600][68.038s][info][gc,marking  ] GC(109) Mark Stack Usage: 32M
[2026-04-03T02:35:01.356+0600][68.038s][info][gc,nmethod  ] GC(109) NMethods: 15194 registered, 2332 unregistered
[2026-04-03T02:35:01.356+0600][68.038s][info][gc,metaspace] GC(109) Metaspace: 128M used, 129M committed, 1152M reserved
[2026-04-03T02:35:01.356+0600][68.038s][info][gc,ref      ] GC(109) Soft: 3476 encountered, 0 discovered, 0 enqueued
[2026-04-03T02:35:01.356+0600][68.038s][info][gc,ref      ] GC(109) Weak: 16595 encountered, 6364 discovered, 1716 enqueued
[2026-04-03T02:35:01.356+0600][68.038s][info][gc,ref      ] GC(109) Final: 84 encountered, 0 discovered, 0 enqueued
[2026-04-03T02:35:01.356+0600][68.038s][info][gc,ref      ] GC(109) Phantom: 620 encountered, 529 discovered, 0 enqueued
[2026-04-03T02:35:01.356+0600][68.038s][info][gc,reloc    ] GC(109) Small Pages: 280 / 560M, Empty: 120M, Relocated: 6M, In-Place: 0
[2026-04-03T02:35:01.356+0600][68.038s][info][gc,reloc    ] GC(109) Medium Pages: 4 / 128M, Empty: 96M, Relocated: 0M, In-Place: 0
[2026-04-03T02:35:01.356+0600][68.038s][info][gc,reloc    ] GC(109) Large Pages: 12 / 72M, Empty: 72M, Relocated: 0M, In-Place: 0
[2026-04-03T02:35:01.356+0600][68.038s][info][gc,reloc    ] GC(109) Forwarding Usage: 2M
[2026-04-03T02:35:01.356+0600][68.038s][info][gc,heap     ] GC(109) Min Capacity: 8M(1%)
[2026-04-03T02:35:01.356+0600][68.038s][info][gc,heap     ] GC(109) Max Capacity: 1500M(100%)
[2026-04-03T02:35:01.356+0600][68.038s][info][gc,heap     ] GC(109) Soft Max Capacity: 1500M(100%)
[2026-04-03T02:35:01.356+0600][68.038s][info][gc,heap     ] GC(109)                Mark Start          Mark End        Relocate Start      Relocate End           High               Low         
[2026-04-03T02:35:01.356+0600][68.038s][info][gc,heap     ] GC(109)  Capacity:     1500M (100%)       1500M (100%)       1500M (100%)       1500M (100%)       1500M (100%)       1500M (100%)   
[2026-04-03T02:35:01.356+0600][68.038s][info][gc,heap     ] GC(109)      Free:      740M (49%)         444M (30%)         724M (48%)        1036M (69%)        1036M (69%)         436M (29%)    
[2026-04-03T02:35:01.356+0600][68.038s][info][gc,heap     ] GC(109)      Used:      760M (51%)        1056M (70%)         776M (52%)         464M (31%)        1064M (71%)         464M (31%)    
[2026-04-03T02:35:01.356+0600][68.038s][info][gc,heap     ] GC(109)      Live:         -               109M (7%)          109M (7%)          109M (7%)             -                  -          
[2026-04-03T02:35:01.356+0600][68.038s][info][gc,heap     ] GC(109) Allocated:         -               296M (20%)         304M (20%)         317M (21%)            -                  -          
[2026-04-03T02:35:01.356+0600][68.038s][info][gc,heap     ] GC(109)   Garbage:         -               650M (43%)         362M (24%)          37M (2%)             -                  -          
[2026-04-03T02:35:01.356+0600][68.038s][info][gc,heap     ] GC(109) Reclaimed:         -                  -               288M (19%)         613M (41%)            -                  -          
[2026-04-03T02:35:01.356+0600][68.038s][info][gc          ] GC(109) Garbage Collection (Allocation Rate) 760M(51%)->464M(31%)
[2026-04-03T02:35:01.521+0600][68.203s][info][gc,start    ] GC(110) Garbage Collection (Allocation Rate)
[2026-04-03T02:35:01.521+0600][68.203s][info][gc,task     ] GC(110) Using 3 workers
[2026-04-03T02:35:01.521+0600][68.203s][info][gc,phases   ] GC(110) Pause Mark Start 0.012ms
[2026-04-03T02:35:01.628+0600][68.310s][info][gc,phases   ] GC(110) Concurrent Mark 106.560ms
[2026-04-03T02:35:01.628+0600][68.310s][info][gc,phases   ] GC(110) Pause Mark End 0.043ms
[2026-04-03T02:35:01.628+0600][68.310s][info][gc,phases   ] GC(110) Concurrent Mark Free 0.003ms
[2026-04-03T02:35:01.651+0600][68.333s][info][gc,phases   ] GC(110) Concurrent Process Non-Strong References 22.718ms
[2026-04-03T02:35:01.651+0600][68.333s][info][gc,phases   ] GC(110) Concurrent Reset Relocation Set 0.023ms
[2026-04-03T02:35:01.652+0600][68.333s][info][gc          ] Allocation Stall (Executor task launch worker for task 0.0 in stage 2904.0 (TID 5357)) 6.423ms
[2026-04-03T02:35:01.652+0600][68.333s][info][gc          ] Allocation Stall (Executor task launch worker for task 7.0 in stage 2904.0 (TID 5364)) 7.385ms
[2026-04-03T02:35:01.652+0600][68.333s][info][gc          ] Allocation Stall (Executor task launch worker for task 1.0 in stage 2904.0 (TID 5358)) 6.551ms
[2026-04-03T02:35:01.652+0600][68.333s][info][gc          ] Allocation Stall (Executor task launch worker for task 3.0 in stage 2904.0 (TID 5360)) 11.278ms
[2026-04-03T02:35:01.652+0600][68.333s][info][gc          ] Allocation Stall (Executor task launch worker for task 6.0 in stage 2904.0 (TID 5363)) 5.857ms
[2026-04-03T02:35:01.652+0600][68.333s][info][gc          ] Allocation Stall (Executor task launch worker for task 5.0 in stage 2904.0 (TID 5362)) 11.426ms
[2026-04-03T02:35:01.652+0600][68.333s][info][gc          ] Allocation Stall (Executor task launch worker for task 4.0 in stage 2904.0 (TID 5361)) 6.935ms
[2026-04-03T02:35:01.652+0600][68.333s][info][gc          ] Allocation Stall (Executor task launch worker for task 2.0 in stage 2904.0 (TID 5359)) 9.378ms
[2026-04-03T02:35:01.656+0600][68.337s][info][gc,phases   ] GC(110) Concurrent Select Relocation Set 4.366ms
[2026-04-03T02:35:01.656+0600][68.338s][info][gc,phases   ] GC(110) Pause Relocate Start 0.020ms
[2026-04-03T02:35:01.663+0600][68.345s][info][gc,phases   ] GC(110) Concurrent Relocate 7.277ms
[2026-04-03T02:35:01.664+0600][68.345s][info][gc,load     ] GC(110) Load: 6.29/5.85/5.85
[2026-04-03T02:35:01.664+0600][68.345s][info][gc,mmu      ] GC(110) MMU: 2ms/89.3%, 5ms/95.7%, 10ms/97.9%, 20ms/98.9%, 50ms/99.6%, 100ms/99.8%
[2026-04-03T02:35:01.664+0600][68.345s][info][gc,marking  ] GC(110) Mark: 2 stripe(s), 2 proactive flush(es), 1 terminate flush(es), 0 completion(s), 0 continuation(s) 
[2026-04-03T02:35:01.664+0600][68.345s][info][gc,marking  ] GC(110) Mark Stack Usage: 32M
[2026-04-03T02:35:01.664+0600][68.345s][info][gc,nmethod  ] GC(110) NMethods: 15194 registered, 2337 unregistered
[2026-04-03T02:35:01.664+0600][68.345s][info][gc,metaspace] GC(110) Metaspace: 128M used, 129M committed, 1152M reserved
[2026-04-03T02:35:01.664+0600][68.345s][info][gc,ref      ] GC(110) Soft: 3472 encountered, 0 discovered, 0 enqueued
[2026-04-03T02:35:01.664+0600][68.345s][info][gc,ref      ] GC(110) Weak: 15425 encountered, 4251 discovered, 781 enqueued
[2026-04-03T02:35:01.664+0600][68.345s][info][gc,ref      ] GC(110) Final: 84 encountered, 0 discovered, 0 enqueued
[2026-04-03T02:35:01.664+0600][68.345s][info][gc,ref      ] GC(110) Phantom: 621 encountered, 514 discovered, 0 enqueued
[2026-04-03T02:35:01.664+0600][68.345s][info][gc,reloc    ] GC(110) Small Pages: 253 / 506M, Empty: 254M, Relocated: 6M, In-Place: 0
[2026-04-03T02:35:01.664+0600][68.345s][info][gc,reloc    ] GC(110) Medium Pages: 3 / 96M, Empty: 64M, Relocated: 0M, In-Place: 0
[2026-04-03T02:35:01.664+0600][68.345s][info][gc,reloc    ] GC(110) Large Pages: 76 / 456M, Empty: 432M, Relocated: 0M, In-Place: 0
[2026-04-03T02:35:01.664+0600][68.345s][info][gc,reloc    ] GC(110) Forwarding Usage: 1M
[2026-04-03T02:35:01.664+0600][68.345s][info][gc,heap     ] GC(110) Min Capacity: 8M(1%)
[2026-04-03T02:35:01.664+0600][68.345s][info][gc,heap     ] GC(110) Max Capacity: 1500M(100%)
[2026-04-03T02:35:01.664+0600][68.345s][info][gc,heap     ] GC(110) Soft Max Capacity: 1500M(100%)
[2026-04-03T02:35:01.664+0600][68.345s][info][gc,heap     ] GC(110)                Mark Start          Mark End        Relocate Start      Relocate End           High               Low         
[2026-04-03T02:35:01.664+0600][68.345s][info][gc,heap     ] GC(110)  Capacity:     1500M (100%)       1500M (100%)       1500M (100%)       1500M (100%)       1500M (100%)       1500M (100%)   
[2026-04-03T02:35:01.664+0600][68.345s][info][gc,heap     ] GC(110)      Free:      442M (29%)          12M (1%)          730M (49%)         850M (57%)         858M (57%)           0M (0%)     
[2026-04-03T02:35:01.664+0600][68.345s][info][gc,heap     ] GC(110)      Used:     1058M (71%)        1488M (99%)         770M (51%)         650M (43%)        1500M (100%)        642M (43%)    
[2026-04-03T02:35:01.664+0600][68.345s][info][gc,heap     ] GC(110)      Live:         -               132M (9%)          132M (9%)          132M (9%)             -                  -          
[2026-04-03T02:35:01.664+0600][68.345s][info][gc,heap     ] GC(110) Allocated:         -               430M (29%)         462M (31%)         477M (32%)            -                  -          
[2026-04-03T02:35:01.664+0600][68.345s][info][gc,heap     ] GC(110)   Garbage:         -               925M (62%)         175M (12%)          39M (3%)             -                  -          
[2026-04-03T02:35:01.664+0600][68.345s][info][gc,heap     ] GC(110) Reclaimed:         -                  -               750M (50%)         885M (59%)            -                  -          
[2026-04-03T02:35:01.664+0600][68.345s][info][gc          ] GC(110) Garbage Collection (Allocation Rate) 1058M(71%)->650M(43%)
[2026-04-03T02:35:01.721+0600][68.403s][info][gc,start    ] GC(111) Garbage Collection (Allocation Stall)
[2026-04-03T02:35:01.721+0600][68.403s][info][gc,ref      ] GC(111) Clearing All SoftReferences
[2026-04-03T02:35:01.722+0600][68.403s][info][gc,task     ] GC(111) Using 3 workers
[2026-04-03T02:35:01.722+0600][68.403s][info][gc,ref      ] GC(111) Clearing All SoftReferences
[2026-04-03T02:35:01.722+0600][68.403s][info][gc,phases   ] GC(111) Pause Mark Start 0.078ms
[2026-04-03T02:35:01.837+0600][68.518s][info][gc,phases   ] GC(111) Concurrent Mark 114.767ms
[2026-04-03T02:35:01.837+0600][68.519s][info][gc,phases   ] GC(111) Pause Mark End 0.053ms
[2026-04-03T02:35:01.837+0600][68.519s][info][gc,phases   ] GC(111) Concurrent Mark Free 0.003ms
[2026-04-03T02:35:01.883+0600][68.565s][info][gc,phases   ] GC(111) Concurrent Process Non-Strong References 45.853ms
[2026-04-03T02:35:01.883+0600][68.565s][info][gc,phases   ] GC(111) Concurrent Reset Relocation Set 0.121ms
[2026-04-03T02:35:01.888+0600][68.569s][info][gc,phases   ] GC(111) Concurrent Select Relocation Set 4.090ms
[2026-04-03T02:35:01.888+0600][68.569s][info][gc,phases   ] GC(111) Pause Relocate Start 0.017ms
[2026-04-03T02:35:01.893+0600][68.574s][info][gc,phases   ] GC(111) Concurrent Relocate 4.844ms
[2026-04-03T02:35:01.893+0600][68.574s][info][gc,load     ] GC(111) Load: 6.29/5.85/5.85
[2026-04-03T02:35:01.893+0600][68.575s][info][gc,mmu      ] GC(111) MMU: 2ms/89.3%, 5ms/95.7%, 10ms/97.9%, 20ms/98.9%, 50ms/99.6%, 100ms/99.8%
[2026-04-03T02:35:01.893+0600][68.575s][info][gc,marking  ] GC(111) Mark: 2 stripe(s), 2 proactive flush(es), 2 terminate flush(es), 0 completion(s), 0 continuation(s) 
[2026-04-03T02:35:01.893+0600][68.575s][info][gc,marking  ] GC(111) Mark Stack Usage: 32M
[2026-04-03T02:35:01.893+0600][68.575s][info][gc,nmethod  ] GC(111) NMethods: 15198 registered, 2347 unregistered
[2026-04-03T02:35:01.893+0600][68.575s][info][gc,metaspace] GC(111) Metaspace: 128M used, 129M committed, 1152M reserved
[2026-04-03T02:35:01.893+0600][68.575s][info][gc,ref      ] GC(111) Soft: 3400 encountered, 870 discovered, 156 enqueued
[2026-04-03T02:35:01.893+0600][68.575s][info][gc,ref      ] GC(111) Weak: 14746 encountered, 5011 discovered, 187 enqueued
[2026-04-03T02:35:01.893+0600][68.575s][info][gc,ref      ] GC(111) Final: 84 encountered, 0 discovered, 0 enqueued
[2026-04-03T02:35:01.893+0600][68.575s][info][gc,ref      ] GC(111) Phantom: 620 encountered, 601 discovered, 0 enqueued
[2026-04-03T02:35:01.893+0600][68.575s][info][gc,reloc    ] GC(111) Small Pages: 136 / 272M, Empty: 24M, Relocated: 5M, In-Place: 0
[2026-04-03T02:35:01.893+0600][68.575s][info][gc,reloc    ] GC(111) Medium Pages: 2 / 64M, Empty: 0M, Relocated: 9M, In-Place: 0
[2026-04-03T02:35:01.893+0600][68.575s][info][gc,reloc    ] GC(111) Large Pages: 65 / 390M, Empty: 390M, Relocated: 0M, In-Place: 0
[2026-04-03T02:35:01.893+0600][68.575s][info][gc,reloc    ] GC(111) Forwarding Usage: 0M
[2026-04-03T02:35:01.893+0600][68.575s][info][gc,heap     ] GC(111) Min Capacity: 8M(1%)
[2026-04-03T02:35:01.893+0600][68.575s][info][gc,heap     ] GC(111) Max Capacity: 1500M(100%)
[2026-04-03T02:35:01.893+0600][68.575s][info][gc,heap     ] GC(111) Soft Max Capacity: 1500M(100%)
[2026-04-03T02:35:01.893+0600][68.575s][info][gc,heap     ] GC(111)                Mark Start          Mark End        Relocate Start      Relocate End           High               Low         
[2026-04-03T02:35:01.893+0600][68.575s][info][gc,heap     ] GC(111)  Capacity:     1500M (100%)       1500M (100%)       1500M (100%)       1500M (100%)       1500M (100%)       1500M (100%)   
[2026-04-03T02:35:01.893+0600][68.575s][info][gc,heap     ] GC(111)      Free:      774M (52%)         672M (45%)        1072M (71%)        1240M (83%)        1240M (83%)         660M (44%)    
[2026-04-03T02:35:01.893+0600][68.575s][info][gc,heap     ] GC(111)      Used:      726M (48%)         828M (55%)         428M (29%)         260M (17%)         840M (56%)         260M (17%)    
[2026-04-03T02:35:01.893+0600][68.575s][info][gc,heap     ] GC(111)      Live:         -               104M (7%)          104M (7%)          104M (7%)             -                  -          
[2026-04-03T02:35:01.893+0600][68.575s][info][gc,heap     ] GC(111) Allocated:         -               102M (7%)          116M (8%)          117M (8%)             -                  -          
[2026-04-03T02:35:01.893+0600][68.575s][info][gc,heap     ] GC(111)   Garbage:         -               621M (41%)         207M (14%)          37M (2%)             -                  -          
[2026-04-03T02:35:01.893+0600][68.575s][info][gc,heap     ] GC(111) Reclaimed:         -                  -               414M (28%)         583M (39%)            -                  -          
[2026-04-03T02:35:01.893+0600][68.575s][info][gc          ] GC(111) Garbage Collection (Allocation Stall) 726M(48%)->260M(17%)
[2026-04-03T02:35:02.121+0600][68.803s][info][gc,start    ] GC(112) Garbage Collection (Allocation Rate)
[2026-04-03T02:35:02.121+0600][68.803s][info][gc,task     ] GC(112) Using 2 workers
[2026-04-03T02:35:02.122+0600][68.803s][info][gc,phases   ] GC(112) Pause Mark Start 0.009ms
[2026-04-03T02:35:02.242+0600][68.924s][info][gc,phases   ] GC(112) Concurrent Mark 120.534ms
[2026-04-03T02:35:02.243+0600][68.924s][info][gc,phases   ] GC(112) Pause Mark End 0.036ms
[2026-04-03T02:35:02.243+0600][68.924s][info][gc,phases   ] GC(112) Concurrent Mark Free 0.001ms
[2026-04-03T02:35:02.275+0600][68.957s][info][gc,phases   ] GC(112) Concurrent Process Non-Strong References 32.299ms
[2026-04-03T02:35:02.275+0600][68.957s][info][gc,phases   ] GC(112) Concurrent Reset Relocation Set 0.011ms
[2026-04-03T02:35:02.279+0600][68.961s][info][gc,phases   ] GC(112) Concurrent Select Relocation Set 4.179ms
[2026-04-03T02:35:02.280+0600][68.961s][info][gc,phases   ] GC(112) Pause Relocate Start 0.017ms
[2026-04-03T02:35:02.282+0600][68.963s][info][gc,phases   ] GC(112) Concurrent Relocate 1.828ms
[2026-04-03T02:35:02.282+0600][68.964s][info][gc,load     ] GC(112) Load: 6.29/5.85/5.85
[2026-04-03T02:35:02.282+0600][68.964s][info][gc,mmu      ] GC(112) MMU: 2ms/89.3%, 5ms/95.7%, 10ms/97.9%, 20ms/98.9%, 50ms/99.6%, 100ms/99.8%
[2026-04-03T02:35:02.282+0600][68.964s][info][gc,marking  ] GC(112) Mark: 2 stripe(s), 2 proactive flush(es), 1 terminate flush(es), 0 completion(s), 0 continuation(s) 
[2026-04-03T02:35:02.282+0600][68.964s][info][gc,marking  ] GC(112) Mark Stack Usage: 32M
[2026-04-03T02:35:02.282+0600][68.964s][info][gc,nmethod  ] GC(112) NMethods: 15208 registered, 2355 unregistered
[2026-04-03T02:35:02.282+0600][68.964s][info][gc,metaspace] GC(112) Metaspace: 128M used, 129M committed, 1152M reserved
[2026-04-03T02:35:02.282+0600][68.964s][info][gc,ref      ] GC(112) Soft: 3251 encountered, 0 discovered, 0 enqueued
[2026-04-03T02:35:02.282+0600][68.964s][info][gc,ref      ] GC(112) Weak: 14557 encountered, 5034 discovered, 235 enqueued
[2026-04-03T02:35:02.282+0600][68.964s][info][gc,ref      ] GC(112) Final: 84 encountered, 4 discovered, 0 enqueued
[2026-04-03T02:35:02.282+0600][68.964s][info][gc,ref      ] GC(112) Phantom: 620 encountered, 369 discovered, 0 enqueued
[2026-04-03T02:35:02.282+0600][68.964s][info][gc,reloc    ] GC(112) Small Pages: 158 / 316M, Empty: 18M, Relocated: 1M, In-Place: 0
[2026-04-03T02:35:02.282+0600][68.964s][info][gc,reloc    ] GC(112) Medium Pages: 2 / 64M, Empty: 32M, Relocated: 0M, In-Place: 0
[2026-04-03T02:35:02.282+0600][68.964s][info][gc,reloc    ] GC(112) Large Pages: 4 / 24M, Empty: 24M, Relocated: 0M, In-Place: 0
[2026-04-03T02:35:02.282+0600][68.964s][info][gc,reloc    ] GC(112) Forwarding Usage: 0M
[2026-04-03T02:35:02.282+0600][68.964s][info][gc,heap     ] GC(112) Min Capacity: 8M(1%)
[2026-04-03T02:35:02.282+0600][68.964s][info][gc,heap     ] GC(112) Max Capacity: 1500M(100%)
[2026-04-03T02:35:02.282+0600][68.964s][info][gc,heap     ] GC(112) Soft Max Capacity: 1500M(100%)
[2026-04-03T02:35:02.282+0600][68.964s][info][gc,heap     ] GC(112)                Mark Start          Mark End        Relocate Start      Relocate End           High               Low         
[2026-04-03T02:35:02.282+0600][68.964s][info][gc,heap     ] GC(112)  Capacity:     1500M (100%)       1500M (100%)       1500M (100%)       1500M (100%)       1500M (100%)       1500M (100%)   
[2026-04-03T02:35:02.282+0600][68.964s][info][gc,heap     ] GC(112)      Free:     1096M (73%)         966M (64%)        1006M (67%)        1192M (79%)        1192M (79%)         932M (62%)    
[2026-04-03T02:35:02.282+0600][68.964s][info][gc,heap     ] GC(112)      Used:      404M (27%)         534M (36%)         494M (33%)         308M (21%)         568M (38%)         308M (21%)    
[2026-04-03T02:35:02.282+0600][68.964s][info][gc,heap     ] GC(112)      Live:         -               104M (7%)          104M (7%)          104M (7%)             -                  -          
[2026-04-03T02:35:02.282+0600][68.964s][info][gc,heap     ] GC(112) Allocated:         -               130M (9%)          164M (11%)         163M (11%)            -                  -          
[2026-04-03T02:35:02.282+0600][68.964s][info][gc,heap     ] GC(112)   Garbage:         -               299M (20%)         225M (15%)          39M (3%)             -                  -          
[2026-04-03T02:35:02.282+0600][68.964s][info][gc,heap     ] GC(112) Reclaimed:         -                  -                74M (5%)          259M (17%)            -                  -          
[2026-04-03T02:35:02.282+0600][68.964s][info][gc          ] GC(112) Garbage Collection (Allocation Rate) 404M(27%)->308M(21%)
[2026-04-03T02:35:02.321+0600][69.003s][info][gc,start    ] GC(113) Garbage Collection (Allocation Rate)
[2026-04-03T02:35:02.322+0600][69.003s][info][gc,task     ] GC(113) Using 2 workers
[2026-04-03T02:35:02.322+0600][69.003s][info][gc,phases   ] GC(113) Pause Mark Start 0.020ms
[2026-04-03T02:35:02.476+0600][69.157s][info][gc,phases   ] GC(113) Concurrent Mark 153.684ms
[2026-04-03T02:35:02.476+0600][69.158s][info][gc,phases   ] GC(113) Pause Mark End 0.038ms
[2026-04-03T02:35:02.476+0600][69.158s][info][gc,phases   ] GC(113) Concurrent Mark Free 0.003ms
[2026-04-03T02:35:02.506+0600][69.188s][info][gc,phases   ] GC(113) Concurrent Process Non-Strong References 30.005ms
[2026-04-03T02:35:02.507+0600][69.188s][info][gc,phases   ] GC(113) Concurrent Reset Relocation Set 0.014ms
[2026-04-03T02:35:02.511+0600][69.192s][info][gc,phases   ] GC(113) Concurrent Select Relocation Set 4.324ms
[2026-04-03T02:35:02.511+0600][69.193s][info][gc,phases   ] GC(113) Pause Relocate Start 0.017ms
[2026-04-03T02:35:02.518+0600][69.199s][info][gc,phases   ] GC(113) Concurrent Relocate 6.240ms
[2026-04-03T02:35:02.518+0600][69.199s][info][gc,load     ] GC(113) Load: 6.29/5.85/5.85
[2026-04-03T02:35:02.518+0600][69.199s][info][gc,mmu      ] GC(113) MMU: 2ms/89.3%, 5ms/95.7%, 10ms/97.9%, 20ms/98.9%, 50ms/99.6%, 100ms/99.8%
[2026-04-03T02:35:02.518+0600][69.199s][info][gc,marking  ] GC(113) Mark: 2 stripe(s), 2 proactive flush(es), 1 terminate flush(es), 0 completion(s), 0 continuation(s) 
[2026-04-03T02:35:02.518+0600][69.199s][info][gc,marking  ] GC(113) Mark Stack Usage: 32M
[2026-04-03T02:35:02.518+0600][69.199s][info][gc,nmethod  ] GC(113) NMethods: 15206 registered, 2358 unregistered
[2026-04-03T02:35:02.518+0600][69.199s][info][gc,metaspace] GC(113) Metaspace: 128M used, 129M committed, 1152M reserved
[2026-04-03T02:35:02.518+0600][69.199s][info][gc,ref      ] GC(113) Soft: 3291 encountered, 0 discovered, 0 enqueued
[2026-04-03T02:35:02.518+0600][69.199s][info][gc,ref      ] GC(113) Weak: 14740 encountered, 3576 discovered, 41 enqueued
[2026-04-03T02:35:02.518+0600][69.199s][info][gc,ref      ] GC(113) Final: 84 encountered, 0 discovered, 0 enqueued
[2026-04-03T02:35:02.518+0600][69.199s][info][gc,ref      ] GC(113) Phantom: 620 encountered, 367 discovered, 0 enqueued
[2026-04-03T02:35:02.518+0600][69.199s][info][gc,reloc    ] GC(113) Small Pages: 139 / 278M, Empty: 34M, Relocated: 4M, In-Place: 0
[2026-04-03T02:35:02.518+0600][69.199s][info][gc,reloc    ] GC(113) Medium Pages: 2 / 64M, Empty: 32M, Relocated: 0M, In-Place: 0
[2026-04-03T02:35:02.518+0600][69.199s][info][gc,reloc    ] GC(113) Large Pages: 4 / 24M, Empty: 24M, Relocated: 0M, In-Place: 0
[2026-04-03T02:35:02.518+0600][69.199s][info][gc,reloc    ] GC(113) Forwarding Usage: 1M
[2026-04-03T02:35:02.518+0600][69.199s][info][gc,heap     ] GC(113) Min Capacity: 8M(1%)
[2026-04-03T02:35:02.518+0600][69.199s][info][gc,heap     ] GC(113) Max Capacity: 1500M(100%)
[2026-04-03T02:35:02.518+0600][69.199s][info][gc,heap     ] GC(113) Soft Max Capacity: 1500M(100%)
[2026-04-03T02:35:02.518+0600][69.199s][info][gc,heap     ] GC(113)                Mark Start          Mark End        Relocate Start      Relocate End           High               Low         
[2026-04-03T02:35:02.518+0600][69.199s][info][gc,heap     ] GC(113)  Capacity:     1500M (100%)       1500M (100%)       1500M (100%)       1500M (100%)       1500M (100%)       1500M (100%)   
[2026-04-03T02:35:02.518+0600][69.199s][info][gc,heap     ] GC(113)      Free:     1134M (76%)         894M (60%)         948M (63%)        1076M (72%)        1134M (76%)         858M (57%)    
[2026-04-03T02:35:02.518+0600][69.199s][info][gc,heap     ] GC(113)      Used:      366M (24%)         606M (40%)         552M (37%)         424M (28%)         642M (43%)         366M (24%)    
[2026-04-03T02:35:02.518+0600][69.199s][info][gc,heap     ] GC(113)      Live:         -               106M (7%)          106M (7%)          106M (7%)             -                  -          
[2026-04-03T02:35:02.518+0600][69.199s][info][gc,heap     ] GC(113) Allocated:         -               240M (16%)         276M (18%)         279M (19%)            -                  -          
[2026-04-03T02:35:02.518+0600][69.199s][info][gc,heap     ] GC(113)   Garbage:         -               259M (17%)         169M (11%)          37M (3%)             -                  -          
[2026-04-03T02:35:02.518+0600][69.199s][info][gc,heap     ] GC(113) Reclaimed:         -                  -                90M (6%)          221M (15%)            -                  -          
[2026-04-03T02:35:02.518+0600][69.200s][info][gc          ] GC(113) Garbage Collection (Allocation Rate) 366M(24%)->424M(28%)
[2026-04-03T02:35:02.621+0600][69.302s][info][gc,start    ] GC(114) Garbage Collection (Allocation Rate)
[2026-04-03T02:35:02.621+0600][69.302s][info][gc,task     ] GC(114) Using 2 workers
[2026-04-03T02:35:02.621+0600][69.303s][info][gc,phases   ] GC(114) Pause Mark Start 0.013ms
[2026-04-03T02:35:02.789+0600][69.470s][info][gc,phases   ] GC(114) Concurrent Mark 167.739ms
[2026-04-03T02:35:02.789+0600][69.471s][info][gc,phases   ] GC(114) Pause Mark End 0.031ms
[2026-04-03T02:35:02.789+0600][69.471s][info][gc,phases   ] GC(114) Concurrent Mark Free 0.003ms
[2026-04-03T02:35:02.820+0600][69.501s][info][gc,phases   ] GC(114) Concurrent Process Non-Strong References 30.515ms
[2026-04-03T02:35:02.820+0600][69.502s][info][gc,phases   ] GC(114) Concurrent Reset Relocation Set 0.012ms
[2026-04-03T02:35:02.826+0600][69.507s][info][gc,phases   ] GC(114) Concurrent Select Relocation Set 5.481ms
[2026-04-03T02:35:02.826+0600][69.508s][info][gc,phases   ] GC(114) Pause Relocate Start 0.017ms
[2026-04-03T02:35:02.833+0600][69.515s][info][gc,phases   ] GC(114) Concurrent Relocate 6.838ms
[2026-04-03T02:35:02.833+0600][69.515s][info][gc,load     ] GC(114) Load: 6.29/5.85/5.85
[2026-04-03T02:35:02.833+0600][69.515s][info][gc,mmu      ] GC(114) MMU: 2ms/89.3%, 5ms/95.7%, 10ms/97.9%, 20ms/98.9%, 50ms/99.6%, 100ms/99.8%
[2026-04-03T02:35:02.833+0600][69.515s][info][gc,marking  ] GC(114) Mark: 2 stripe(s), 2 proactive flush(es), 1 terminate flush(es), 0 completion(s), 0 continuation(s) 
[2026-04-03T02:35:02.833+0600][69.515s][info][gc,marking  ] GC(114) Mark Stack Usage: 32M
[2026-04-03T02:35:02.833+0600][69.515s][info][gc,nmethod  ] GC(114) NMethods: 15211 registered, 2360 unregistered
[2026-04-03T02:35:02.833+0600][69.515s][info][gc,metaspace] GC(114) Metaspace: 128M used, 129M committed, 1152M reserved
[2026-04-03T02:35:02.833+0600][69.515s][info][gc,ref      ] GC(114) Soft: 3286 encountered, 0 discovered, 0 enqueued
[2026-04-03T02:35:02.833+0600][69.515s][info][gc,ref      ] GC(114) Weak: 15346 encountered, 8018 discovered, 12 enqueued
[2026-04-03T02:35:02.833+0600][69.515s][info][gc,ref      ] GC(114) Final: 84 encountered, 0 discovered, 0 enqueued
[2026-04-03T02:35:02.833+0600][69.515s][info][gc,ref      ] GC(114) Phantom: 620 encountered, 398 discovered, 0 enqueued
[2026-04-03T02:35:02.833+0600][69.515s][info][gc,reloc    ] GC(114) Small Pages: 204 / 408M, Empty: 136M, Relocated: 4M, In-Place: 0
[2026-04-03T02:35:02.833+0600][69.515s][info][gc,reloc    ] GC(114) Medium Pages: 4 / 128M, Empty: 96M, Relocated: 0M, In-Place: 0
[2026-04-03T02:35:02.833+0600][69.515s][info][gc,reloc    ] GC(114) Large Pages: 8 / 48M, Empty: 48M, Relocated: 0M, In-Place: 0
[2026-04-03T02:35:02.833+0600][69.515s][info][gc,reloc    ] GC(114) Forwarding Usage: 1M
[2026-04-03T02:35:02.833+0600][69.515s][info][gc,heap     ] GC(114) Min Capacity: 8M(1%)
[2026-04-03T02:35:02.833+0600][69.515s][info][gc,heap     ] GC(114) Max Capacity: 1500M(100%)
[2026-04-03T02:35:02.833+0600][69.515s][info][gc,heap     ] GC(114) Soft Max Capacity: 1500M(100%)
[2026-04-03T02:35:02.833+0600][69.515s][info][gc,heap     ] GC(114)                Mark Start          Mark End        Relocate Start      Relocate End           High               Low         
[2026-04-03T02:35:02.833+0600][69.515s][info][gc,heap     ] GC(114)  Capacity:     1500M (100%)       1500M (100%)       1500M (100%)       1500M (100%)       1500M (100%)       1500M (100%)   
[2026-04-03T02:35:02.834+0600][69.515s][info][gc,heap     ] GC(114)      Free:      916M (61%)         672M (45%)         912M (61%)        1066M (71%)        1070M (71%)         646M (43%)    
[2026-04-03T02:35:02.834+0600][69.515s][info][gc,heap     ] GC(114)      Used:      584M (39%)         828M (55%)         588M (39%)         434M (29%)         854M (57%)         430M (29%)    
[2026-04-03T02:35:02.834+0600][69.515s][info][gc,heap     ] GC(114)      Live:         -               105M (7%)          105M (7%)          105M (7%)             -                  -          
[2026-04-03T02:35:02.834+0600][69.515s][info][gc,heap     ] GC(114) Allocated:         -               244M (16%)         284M (19%)         289M (19%)            -                  -          
[2026-04-03T02:35:02.834+0600][69.515s][info][gc,heap     ] GC(114)   Garbage:         -               478M (32%)         198M (13%)          38M (3%)             -                  -          
[2026-04-03T02:35:02.834+0600][69.515s][info][gc,heap     ] GC(114) Reclaimed:         -                  -               280M (19%)         439M (29%)            -                  -          
[2026-04-03T02:35:02.834+0600][69.515s][info][gc          ] GC(114) Garbage Collection (Allocation Rate) 584M(39%)->434M(29%)
[2026-04-03T02:35:02.921+0600][69.602s][info][gc,start    ] GC(115) Garbage Collection (Allocation Rate)
[2026-04-03T02:35:02.921+0600][69.603s][info][gc,task     ] GC(115) Using 2 workers
[2026-04-03T02:35:02.921+0600][69.603s][info][gc,phases   ] GC(115) Pause Mark Start 0.013ms
[2026-04-03T02:35:03.080+0600][69.761s][info][gc,phases   ] GC(115) Concurrent Mark 158.390ms
[2026-04-03T02:35:03.080+0600][69.761s][info][gc,phases   ] GC(115) Pause Mark End 0.033ms
[2026-04-03T02:35:03.080+0600][69.762s][info][gc,phases   ] GC(115) Concurrent Mark Free 0.002ms
[2026-04-03T02:35:03.101+0600][69.783s][info][gc,phases   ] GC(115) Concurrent Process Non-Strong References 21.328ms
[2026-04-03T02:35:03.101+0600][69.783s][info][gc,phases   ] GC(115) Concurrent Reset Relocation Set 0.008ms
[2026-04-03T02:35:03.105+0600][69.787s][info][gc,phases   ] GC(115) Concurrent Select Relocation Set 3.840ms
[2026-04-03T02:35:03.106+0600][69.787s][info][gc,phases   ] GC(115) Pause Relocate Start 0.015ms
[2026-04-03T02:35:03.110+0600][69.791s][info][gc,phases   ] GC(115) Concurrent Relocate 4.122ms
[2026-04-03T02:35:03.110+0600][69.791s][info][gc,load     ] GC(115) Load: 6.29/5.85/5.85
[2026-04-03T02:35:03.110+0600][69.791s][info][gc,mmu      ] GC(115) MMU: 2ms/89.3%, 5ms/95.7%, 10ms/97.9%, 20ms/98.9%, 50ms/99.6%, 100ms/99.8%
[2026-04-03T02:35:03.110+0600][69.791s][info][gc,marking  ] GC(115) Mark: 2 stripe(s), 2 proactive flush(es), 1 terminate flush(es), 0 completion(s), 0 continuation(s) 
[2026-04-03T02:35:03.110+0600][69.791s][info][gc,marking  ] GC(115) Mark Stack Usage: 32M
[2026-04-03T02:35:03.110+0600][69.791s][info][gc,nmethod  ] GC(115) NMethods: 15208 registered, 2371 unregistered
[2026-04-03T02:35:03.110+0600][69.791s][info][gc,metaspace] GC(115) Metaspace: 128M used, 129M committed, 1152M reserved
[2026-04-03T02:35:03.110+0600][69.792s][info][gc,ref      ] GC(115) Soft: 3286 encountered, 0 discovered, 0 enqueued
[2026-04-03T02:35:03.110+0600][69.792s][info][gc,ref      ] GC(115) Weak: 15832 encountered, 7731 discovered, 17 enqueued
[2026-04-03T02:35:03.110+0600][69.792s][info][gc,ref      ] GC(115) Final: 84 encountered, 48 discovered, 0 enqueued
[2026-04-03T02:35:03.110+0600][69.792s][info][gc,ref      ] GC(115) Phantom: 620 encountered, 395 discovered, 0 enqueued
[2026-04-03T02:35:03.110+0600][69.792s][info][gc,reloc    ] GC(115) Small Pages: 191 / 382M, Empty: 122M, Relocated: 3M, In-Place: 0
[2026-04-03T02:35:03.110+0600][69.792s][info][gc,reloc    ] GC(115) Medium Pages: 3 / 96M, Empty: 64M, Relocated: 0M, In-Place: 0
[2026-04-03T02:35:03.110+0600][69.792s][info][gc,reloc    ] GC(115) Large Pages: 8 / 48M, Empty: 48M, Relocated: 0M, In-Place: 0
[2026-04-03T02:35:03.110+0600][69.792s][info][gc,reloc    ] GC(115) Forwarding Usage: 1M
[2026-04-03T02:35:03.110+0600][69.792s][info][gc,heap     ] GC(115) Min Capacity: 8M(1%)
[2026-04-03T02:35:03.110+0600][69.792s][info][gc,heap     ] GC(115) Max Capacity: 1500M(100%)
[2026-04-03T02:35:03.110+0600][69.792s][info][gc,heap     ] GC(115) Soft Max Capacity: 1500M(100%)
[2026-04-03T02:35:03.110+0600][69.792s][info][gc,heap     ] GC(115)                Mark Start          Mark End        Relocate Start      Relocate End           High               Low         
[2026-04-03T02:35:03.110+0600][69.792s][info][gc,heap     ] GC(115)  Capacity:     1500M (100%)       1500M (100%)       1500M (100%)       1500M (100%)       1500M (100%)       1500M (100%)   
[2026-04-03T02:35:03.110+0600][69.792s][info][gc,heap     ] GC(115)      Free:      974M (65%)         778M (52%)         994M (66%)        1138M (76%)        1138M (76%)         774M (52%)    
[2026-04-03T02:35:03.110+0600][69.792s][info][gc,heap     ] GC(115)      Used:      526M (35%)         722M (48%)         506M (34%)         362M (24%)         726M (48%)         362M (24%)    
[2026-04-03T02:35:03.110+0600][69.792s][info][gc,heap     ] GC(115)      Live:         -               105M (7%)          105M (7%)          105M (7%)             -                  -          
[2026-04-03T02:35:03.110+0600][69.792s][info][gc,heap     ] GC(115) Allocated:         -               196M (13%)         214M (14%)         217M (15%)            -                  -          
[2026-04-03T02:35:03.110+0600][69.792s][info][gc,heap     ] GC(115)   Garbage:         -               420M (28%)         186M (12%)          38M (3%)             -                  -          
[2026-04-03T02:35:03.110+0600][69.792s][info][gc,heap     ] GC(115) Reclaimed:         -                  -               234M (16%)         381M (25%)            -                  -          
[2026-04-03T02:35:03.110+0600][69.792s][info][gc          ] GC(115) Garbage Collection (Allocation Rate) 526M(35%)->362M(24%)
[2026-04-03T02:35:03.422+0600][70.103s][info][gc,stats    ] === Garbage Collection Statistics =======================================================================================================================
[2026-04-03T02:35:03.422+0600][70.103s][info][gc,stats    ]                                                              Last 10s              Last 10m              Last 10h                Total
[2026-04-03T02:35:03.422+0600][70.103s][info][gc,stats    ]                                                              Avg / Max             Avg / Max             Avg / Max             Avg / Max
[2026-04-03T02:35:03.422+0600][70.103s][info][gc,stats    ]   Collector: Garbage Collection Cycle                    174.664 / 250.072     179.761 / 325.465     179.761 / 325.465     179.761 / 325.465     ms
[2026-04-03T02:35:03.422+0600][70.103s][info][gc,stats    ]  Contention: Mark Segment Reset Contention                    34 / 132              16 / 132              16 / 132              16 / 132         ops/s
[2026-04-03T02:35:03.422+0600][70.103s][info][gc,stats    ]  Contention: Mark SeqNum Reset Contention                      0 / 2                 0 / 4                 0 / 4                 0 / 4           ops/s
[2026-04-03T02:35:03.422+0600][70.103s][info][gc,stats    ]    Critical: Allocation Stall                                  0 / 8                 0 / 8                 0 / 8                 0 / 8           ops/s
[2026-04-03T02:35:03.422+0600][70.103s][info][gc,stats    ]    Critical: Allocation Stall                              8.154 / 11.426       13.320 / 29.651       13.320 / 29.651       13.320 / 29.651      ms
[2026-04-03T02:35:03.422+0600][70.103s][info][gc,stats    ]    Critical: GC Locker Stall                                   0 / 3                 0 / 3                 0 / 3                 0 / 3           ops/s
[2026-04-03T02:35:03.422+0600][70.103s][info][gc,stats    ]    Critical: GC Locker Stall                               0.044 / 0.136         0.046 / 0.205         0.046 / 0.205         0.046 / 0.205       ms
[2026-04-03T02:35:03.422+0600][70.103s][info][gc,stats    ]    Critical: Relocation Stall                                  0 / 0                 0 / 0                 0 / 0                 0 / 0           ops/s
[2026-04-03T02:35:03.422+0600][70.103s][info][gc,stats    ]    Critical: Relocation Stall                              0.000 / 0.000         0.000 / 0.000         0.000 / 0.000         0.000 / 0.000       ms
[2026-04-03T02:35:03.422+0600][70.104s][info][gc,stats    ]      Memory: Allocation Rate                                1531 / 2272            952 / 2272            952 / 2272            952 / 2272        MB/s
[2026-04-03T02:35:03.422+0600][70.104s][info][gc,stats    ]      Memory: Defragment                                       49 / 144              28 / 172              28 / 172              28 / 172         ops/s
[2026-04-03T02:35:03.422+0600][70.104s][info][gc,stats    ]      Memory: Out Of Memory                                     0 / 0                 0 / 0                 0 / 0                 0 / 0           ops/s
[2026-04-03T02:35:03.422+0600][70.104s][info][gc,stats    ]      Memory: Page Cache Flush                                243 / 512             135 / 512             135 / 512             135 / 512         MB/s
[2026-04-03T02:35:03.422+0600][70.104s][info][gc,stats    ]      Memory: Page Cache Hit L1                               469 / 614             299 / 614             299 / 614             299 / 614         ops/s
[2026-04-03T02:35:03.422+0600][70.104s][info][gc,stats    ]      Memory: Page Cache Hit L2                                 0 / 0                 0 / 0                 0 / 0                 0 / 0           ops/s
[2026-04-03T02:35:03.422+0600][70.104s][info][gc,stats    ]      Memory: Page Cache Hit L3                                45 / 98               26 / 114              26 / 114              26 / 114         ops/s
[2026-04-03T02:35:03.422+0600][70.104s][info][gc,stats    ]      Memory: Page Cache Miss                                  12 / 45               10 / 66               10 / 66               10 / 66          ops/s
[2026-04-03T02:35:03.422+0600][70.104s][info][gc,stats    ]      Memory: Uncommit                                          0 / 0                 0 / 0                 0 / 0                 0 / 0           MB/s
[2026-04-03T02:35:03.422+0600][70.104s][info][gc,stats    ]      Memory: Undo Object Allocation Failed                     0 / 1                 0 / 1                 0 / 1                 0 / 1           ops/s
[2026-04-03T02:35:03.422+0600][70.104s][info][gc,stats    ]      Memory: Undo Object Allocation Succeeded                  2 / 17                3 / 74                3 / 74                3 / 74          ops/s
[2026-04-03T02:35:03.422+0600][70.104s][info][gc,stats    ]      Memory: Undo Page Allocation                              1 / 7                 0 / 7                 0 / 7                 0 / 7           ops/s
[2026-04-03T02:35:03.422+0600][70.104s][info][gc,stats    ]       Phase: Concurrent Mark                             136.119 / 199.002     135.913 / 253.223     135.913 / 253.223     135.913 / 253.223     ms
[2026-04-03T02:35:03.422+0600][70.104s][info][gc,stats    ]       Phase: Concurrent Mark Continue                      0.000 / 0.000         0.000 / 0.000         0.000 / 0.000         0.000 / 0.000       ms
[2026-04-03T02:35:03.422+0600][70.104s][info][gc,stats    ]       Phase: Concurrent Mark Free                          0.002 / 0.004         0.003 / 0.005         0.003 / 0.005         0.003 / 0.005       ms
[2026-04-03T02:35:03.422+0600][70.104s][info][gc,stats    ]       Phase: Concurrent Process Non-Strong References     26.056 / 45.853       28.696 / 80.610       28.696 / 80.610       28.696 / 80.610      ms
[2026-04-03T02:35:03.422+0600][70.104s][info][gc,stats    ]       Phase: Concurrent Relocate                           5.705 / 12.853        8.100 / 48.786        8.100 / 48.786        8.100 / 48.786      ms
[2026-04-03T02:35:03.422+0600][70.104s][info][gc,stats    ]       Phase: Concurrent Reset Relocation Set               0.016 / 0.121         0.014 / 0.121         0.014 / 0.121         0.014 / 0.121       ms
[2026-04-03T02:35:03.422+0600][70.104s][info][gc,stats    ]       Phase: Concurrent Select Relocation Set              3.920 / 6.725         4.146 / 13.433        4.146 / 13.433        4.146 / 13.433      ms
[2026-04-03T02:35:03.422+0600][70.104s][info][gc,stats    ]       Phase: Pause Mark End                                0.040 / 0.065         0.044 / 0.214         0.044 / 0.214         0.044 / 0.214       ms
[2026-04-03T02:35:03.422+0600][70.104s][info][gc,stats    ]       Phase: Pause Mark Start                              0.018 / 0.078         0.017 / 0.103         0.017 / 0.103         0.017 / 0.103       ms
[2026-04-03T02:35:03.422+0600][70.104s][info][gc,stats    ]       Phase: Pause Relocate Start                          0.016 / 0.024         0.019 / 0.143         0.019 / 0.143         0.019 / 0.143       ms
[2026-04-03T02:35:03.422+0600][70.104s][info][gc,stats    ]    Subphase: Concurrent Classes Purge                      0.084 / 0.483         0.178 / 2.367         0.178 / 2.367         0.178 / 2.367       ms
[2026-04-03T02:35:03.422+0600][70.104s][info][gc,stats    ]    Subphase: Concurrent Classes Unlink                    22.557 / 41.786       24.794 / 69.993       24.794 / 69.993       24.794 / 69.993      ms
[2026-04-03T02:35:03.422+0600][70.104s][info][gc,stats    ]    Subphase: Concurrent Mark                             127.719 / 194.692     126.672 / 250.492     126.672 / 250.492     126.672 / 250.492     ms
[2026-04-03T02:35:03.422+0600][70.104s][info][gc,stats    ]    Subphase: Concurrent Mark Try Flush                     0.412 / 3.204         0.637 / 31.130        0.637 / 31.130        0.637 / 31.130      ms
[2026-04-03T02:35:03.422+0600][70.104s][info][gc,stats    ]    Subphase: Concurrent Mark Try Terminate                 0.698 / 1.580         0.860 / 19.747        0.860 / 19.747        0.860 / 19.747      ms
[2026-04-03T02:35:03.422+0600][70.104s][info][gc,stats    ]    Subphase: Concurrent References Enqueue                 0.008 / 0.013         0.010 / 0.030         0.010 / 0.030         0.010 / 0.030       ms
[2026-04-03T02:35:03.422+0600][70.104s][info][gc,stats    ]    Subphase: Concurrent References Process                 0.903 / 1.305         0.891 / 2.906         0.891 / 2.906         0.891 / 2.906       ms
[2026-04-03T02:35:03.422+0600][70.104s][info][gc,stats    ]    Subphase: Concurrent Roots ClassLoaderDataGraph         0.447 / 1.050         0.445 / 1.050         0.445 / 1.050         0.445 / 1.050       ms
[2026-04-03T02:35:03.422+0600][70.104s][info][gc,stats    ]    Subphase: Concurrent Roots CodeCache                    0.000 / 0.000         0.000 / 0.000         0.000 / 0.000         0.000 / 0.000       ms
[2026-04-03T02:35:03.422+0600][70.104s][info][gc,stats    ]    Subphase: Concurrent Roots JavaThreads                  1.299 / 4.541         1.568 / 10.883        1.568 / 10.883        1.568 / 10.883      ms
[2026-04-03T02:35:03.422+0600][70.104s][info][gc,stats    ]    Subphase: Concurrent Roots OopStorageSet                0.089 / 0.191         0.099 / 0.345         0.099 / 0.345         0.099 / 0.345       ms
[2026-04-03T02:35:03.423+0600][70.104s][info][gc,stats    ]    Subphase: Concurrent Weak Roots OopStorageSet           1.573 / 2.948         1.735 / 6.701         1.735 / 6.701         1.735 / 6.701       ms
[2026-04-03T02:35:03.423+0600][70.104s][info][gc,stats    ]    Subphase: Pause Mark Try Complete                       0.000 / 0.000         0.006 / 0.014         0.006 / 0.014         0.006 / 0.014       ms
[2026-04-03T02:35:03.423+0600][70.104s][info][gc,stats    ]      System: Java Threads                                    285 / 288             266 / 290             266 / 290             266 / 290         threads
[2026-04-03T02:35:03.423+0600][70.104s][info][gc,stats    ] =========================================================================================================================================================
[2026-04-03T02:35:03.522+0600][70.203s][info][gc,start    ] GC(116) Garbage Collection (Allocation Rate)
[2026-04-03T02:35:03.522+0600][70.203s][info][gc,task     ] GC(116) Using 2 workers
[2026-04-03T02:35:03.522+0600][70.203s][info][gc,phases   ] GC(116) Pause Mark Start 0.018ms
[2026-04-03T02:35:03.682+0600][70.364s][info][gc,phases   ] GC(116) Concurrent Mark 160.079ms
[2026-04-03T02:35:03.683+0600][70.364s][info][gc,phases   ] GC(116) Pause Mark End 0.036ms
[2026-04-03T02:35:03.683+0600][70.364s][info][gc,phases   ] GC(116) Concurrent Mark Free 0.003ms
[2026-04-03T02:35:03.748+0600][70.429s][info][gc,phases   ] GC(116) Concurrent Process Non-Strong References 64.793ms
[2026-04-03T02:35:03.748+0600][70.429s][info][gc,phases   ] GC(116) Concurrent Reset Relocation Set 0.007ms
[2026-04-03T02:35:03.751+0600][70.432s][info][gc,phases   ] GC(116) Concurrent Select Relocation Set 3.310ms
[2026-04-03T02:35:03.751+0600][70.433s][info][gc,phases   ] GC(116) Pause Relocate Start 0.015ms
[2026-04-03T02:35:03.756+0600][70.438s][info][gc,phases   ] GC(116) Concurrent Relocate 5.000ms
[2026-04-03T02:35:03.756+0600][70.438s][info][gc,load     ] GC(116) Load: 6.29/5.85/5.85
[2026-04-03T02:35:03.757+0600][70.438s][info][gc,mmu      ] GC(116) MMU: 2ms/89.3%, 5ms/95.7%, 10ms/97.9%, 20ms/98.9%, 50ms/99.6%, 100ms/99.8%
[2026-04-03T02:35:03.757+0600][70.438s][info][gc,marking  ] GC(116) Mark: 2 stripe(s), 2 proactive flush(es), 1 terminate flush(es), 0 completion(s), 0 continuation(s) 
[2026-04-03T02:35:03.757+0600][70.438s][info][gc,marking  ] GC(116) Mark Stack Usage: 32M
[2026-04-03T02:35:03.757+0600][70.438s][info][gc,nmethod  ] GC(116) NMethods: 15213 registered, 2378 unregistered
[2026-04-03T02:35:03.757+0600][70.438s][info][gc,metaspace] GC(116) Metaspace: 128M used, 129M committed, 1152M reserved
[2026-04-03T02:35:03.757+0600][70.438s][info][gc,ref      ] GC(116) Soft: 3368 encountered, 0 discovered, 0 enqueued
[2026-04-03T02:35:03.757+0600][70.438s][info][gc,ref      ] GC(116) Weak: 16912 encountered, 9070 discovered, 2200 enqueued
[2026-04-03T02:35:03.757+0600][70.438s][info][gc,ref      ] GC(116) Final: 84 encountered, 48 discovered, 0 enqueued
[2026-04-03T02:35:03.757+0600][70.438s][info][gc,ref      ] GC(116) Phantom: 620 encountered, 599 discovered, 0 enqueued
[2026-04-03T02:35:03.757+0600][70.438s][info][gc,reloc    ] GC(116) Small Pages: 356 / 712M, Empty: 322M, Relocated: 5M, In-Place: 0
[2026-04-03T02:35:03.757+0600][70.438s][info][gc,reloc    ] GC(116) Medium Pages: 3 / 96M, Empty: 64M, Relocated: 0M, In-Place: 0
[2026-04-03T02:35:03.757+0600][70.438s][info][gc,reloc    ] GC(116) Large Pages: 12 / 72M, Empty: 72M, Relocated: 0M, In-Place: 0
[2026-04-03T02:35:03.757+0600][70.438s][info][gc,reloc    ] GC(116) Forwarding Usage: 1M
[2026-04-03T02:35:03.757+0600][70.438s][info][gc,heap     ] GC(116) Min Capacity: 8M(1%)
[2026-04-03T02:35:03.757+0600][70.438s][info][gc,heap     ] GC(116) Max Capacity: 1500M(100%)
[2026-04-03T02:35:03.757+0600][70.438s][info][gc,heap     ] GC(116) Soft Max Capacity: 1500M(100%)
[2026-04-03T02:35:03.757+0600][70.438s][info][gc,heap     ] GC(116)                Mark Start          Mark End        Relocate Start      Relocate End           High               Low         
[2026-04-03T02:35:03.757+0600][70.438s][info][gc,heap     ] GC(116)  Capacity:     1500M (100%)       1500M (100%)       1500M (100%)       1500M (100%)       1500M (100%)       1500M (100%)   
[2026-04-03T02:35:03.757+0600][70.438s][info][gc,heap     ] GC(116)      Free:      620M (41%)         398M (27%)         780M (52%)        1054M (70%)        1056M (70%)         326M (22%)    
[2026-04-03T02:35:03.757+0600][70.438s][info][gc,heap     ] GC(116)      Used:      880M (59%)        1102M (73%)         720M (48%)         446M (30%)        1174M (78%)         444M (30%)    
[2026-04-03T02:35:03.757+0600][70.438s][info][gc,heap     ] GC(116)      Live:         -               106M (7%)          106M (7%)          106M (7%)             -                  -          
[2026-04-03T02:35:03.757+0600][70.438s][info][gc,heap     ] GC(116) Allocated:         -               222M (15%)         298M (20%)         299M (20%)            -                  -          
[2026-04-03T02:35:03.757+0600][70.438s][info][gc,heap     ] GC(116)   Garbage:         -               773M (52%)         315M (21%)          39M (3%)             -                  -          
[2026-04-03T02:35:03.757+0600][70.438s][info][gc,heap     ] GC(116) Reclaimed:         -                  -               458M (31%)         733M (49%)            -                  -          
[2026-04-03T02:35:03.757+0600][70.438s][info][gc          ] GC(116) Garbage Collection (Allocation Rate) 880M(59%)->446M(30%)
[2026-04-03T02:35:04.054+0600][70.736s][info][gc,start    ] GC(117) Garbage Collection (System.gc())
[2026-04-03T02:35:04.054+0600][70.736s][info][gc,task     ] GC(117) Using 3 workers
[2026-04-03T02:35:04.055+0600][70.736s][info][gc,phases   ] GC(117) Pause Mark Start 0.012ms
[2026-04-03T02:35:04.134+0600][70.815s][info][gc,phases   ] GC(117) Concurrent Mark 79.106ms
[2026-04-03T02:35:04.134+0600][70.816s][info][gc,phases   ] GC(117) Pause Mark End 0.038ms
[2026-04-03T02:35:04.134+0600][70.816s][info][gc,phases   ] GC(117) Concurrent Mark Free 0.001ms
[2026-04-03T02:35:04.150+0600][70.831s][info][gc,phases   ] GC(117) Concurrent Process Non-Strong References 15.334ms
[2026-04-03T02:35:04.150+0600][70.831s][info][gc,phases   ] GC(117) Concurrent Reset Relocation Set 0.012ms
[2026-04-03T02:35:04.152+0600][70.834s][info][gc,phases   ] GC(117) Concurrent Select Relocation Set 2.520ms
[2026-04-03T02:35:04.153+0600][70.834s][info][gc,phases   ] GC(117) Pause Relocate Start 0.024ms
[2026-04-03T02:35:04.157+0600][70.839s][info][gc,phases   ] GC(117) Concurrent Relocate 4.499ms
[2026-04-03T02:35:04.158+0600][70.839s][info][gc,load     ] GC(117) Load: 6.29/5.85/5.85
[2026-04-03T02:35:04.158+0600][70.839s][info][gc,mmu      ] GC(117) MMU: 2ms/89.3%, 5ms/95.7%, 10ms/97.9%, 20ms/98.9%, 50ms/99.6%, 100ms/99.8%
[2026-04-03T02:35:04.158+0600][70.839s][info][gc,marking  ] GC(117) Mark: 2 stripe(s), 9 proactive flush(es), 1 terminate flush(es), 0 completion(s), 0 continuation(s) 
[2026-04-03T02:35:04.158+0600][70.839s][info][gc,marking  ] GC(117) Mark Stack Usage: 32M
[2026-04-03T02:35:04.158+0600][70.839s][info][gc,nmethod  ] GC(117) NMethods: 15217 registered, 2396 unregistered
[2026-04-03T02:35:04.158+0600][70.839s][info][gc,metaspace] GC(117) Metaspace: 128M used, 129M committed, 1152M reserved
[2026-04-03T02:35:04.158+0600][70.839s][info][gc,ref      ] GC(117) Soft: 3407 encountered, 0 discovered, 0 enqueued
[2026-04-03T02:35:04.158+0600][70.839s][info][gc,ref      ] GC(117) Weak: 15358 encountered, 5626 discovered, 840 enqueued
[2026-04-03T02:35:04.158+0600][70.839s][info][gc,ref      ] GC(117) Final: 84 encountered, 0 discovered, 0 enqueued
[2026-04-03T02:35:04.158+0600][70.839s][info][gc,ref      ] GC(117) Phantom: 620 encountered, 601 discovered, 0 enqueued
[2026-04-03T02:35:04.158+0600][70.839s][info][gc,reloc    ] GC(117) Small Pages: 365 / 730M, Empty: 404M, Relocated: 6M, In-Place: 0
[2026-04-03T02:35:04.158+0600][70.839s][info][gc,reloc    ] GC(117) Medium Pages: 4 / 128M, Empty: 96M, Relocated: 0M, In-Place: 0
[2026-04-03T02:35:04.158+0600][70.839s][info][gc,reloc    ] GC(117) Large Pages: 9 / 54M, Empty: 54M, Relocated: 0M, In-Place: 0
[2026-04-03T02:35:04.158+0600][70.839s][info][gc,reloc    ] GC(117) Forwarding Usage: 2M
[2026-04-03T02:35:04.158+0600][70.839s][info][gc,heap     ] GC(117) Min Capacity: 8M(1%)
[2026-04-03T02:35:04.158+0600][70.839s][info][gc,heap     ] GC(117) Max Capacity: 1500M(100%)
[2026-04-03T02:35:04.158+0600][70.839s][info][gc,heap     ] GC(117) Soft Max Capacity: 1500M(100%)
[2026-04-03T02:35:04.158+0600][70.839s][info][gc,heap     ] GC(117)                Mark Start          Mark End        Relocate Start      Relocate End           High               Low         
[2026-04-03T02:35:04.158+0600][70.839s][info][gc,heap     ] GC(117)  Capacity:     1500M (100%)       1500M (100%)       1500M (100%)       1500M (100%)       1500M (100%)       1500M (100%)   
[2026-04-03T02:35:04.158+0600][70.839s][info][gc,heap     ] GC(117)      Free:      588M (39%)         586M (39%)        1126M (75%)        1342M (89%)        1344M (90%)         586M (39%)    
[2026-04-03T02:35:04.158+0600][70.839s][info][gc,heap     ] GC(117)      Used:      912M (61%)         914M (61%)         374M (25%)         158M (11%)         914M (61%)         156M (10%)    
[2026-04-03T02:35:04.158+0600][70.839s][info][gc,heap     ] GC(117)      Live:         -               102M (7%)          102M (7%)          102M (7%)             -                  -          
[2026-04-03T02:35:04.158+0600][70.839s][info][gc,heap     ] GC(117) Allocated:         -                 2M (0%)           16M (1%)           17M (1%)             -                  -          
[2026-04-03T02:35:04.158+0600][70.839s][info][gc,heap     ] GC(117)   Garbage:         -               809M (54%)         255M (17%)          37M (3%)             -                  -          
[2026-04-03T02:35:04.158+0600][70.839s][info][gc,heap     ] GC(117) Reclaimed:         -                  -               554M (37%)         771M (51%)            -                  -          
[2026-04-03T02:35:04.158+0600][70.839s][info][gc          ] GC(117) Garbage Collection (System.gc()) 912M(61%)->158M(11%)
[2026-04-03T02:35:04.422+0600][71.103s][info][gc,start    ] GC(118) Garbage Collection (Allocation Rate)
[2026-04-03T02:35:04.422+0600][71.103s][info][gc,task     ] GC(118) Using 3 workers
[2026-04-03T02:35:04.422+0600][71.103s][info][gc,phases   ] GC(118) Pause Mark Start 0.010ms
[2026-04-03T02:35:04.523+0600][71.205s][info][gc,phases   ] GC(118) Concurrent Mark 101.269ms
[2026-04-03T02:35:04.524+0600][71.205s][info][gc,phases   ] GC(118) Pause Mark End 0.067ms
[2026-04-03T02:35:04.524+0600][71.205s][info][gc,phases   ] GC(118) Concurrent Mark Free 0.003ms
[2026-04-03T02:35:04.545+0600][71.227s][info][gc,phases   ] GC(118) Concurrent Process Non-Strong References 21.345ms
[2026-04-03T02:35:04.545+0600][71.227s][info][gc,phases   ] GC(118) Concurrent Reset Relocation Set 0.017ms
[2026-04-03T02:35:04.550+0600][71.231s][info][gc,phases   ] GC(118) Concurrent Select Relocation Set 4.384ms
[2026-04-03T02:35:04.550+0600][71.232s][info][gc,phases   ] GC(118) Pause Relocate Start 0.025ms
[2026-04-03T02:35:04.554+0600][71.235s][info][gc,phases   ] GC(118) Concurrent Relocate 3.327ms
[2026-04-03T02:35:04.554+0600][71.236s][info][gc,load     ] GC(118) Load: 6.29/5.85/5.85
[2026-04-03T02:35:04.554+0600][71.236s][info][gc,mmu      ] GC(118) MMU: 2ms/89.3%, 5ms/95.7%, 10ms/97.9%, 20ms/98.9%, 50ms/99.6%, 100ms/99.8%
[2026-04-03T02:35:04.554+0600][71.236s][info][gc,marking  ] GC(118) Mark: 2 stripe(s), 2 proactive flush(es), 1 terminate flush(es), 0 completion(s), 0 continuation(s) 
[2026-04-03T02:35:04.554+0600][71.236s][info][gc,marking  ] GC(118) Mark Stack Usage: 32M
[2026-04-03T02:35:04.554+0600][71.236s][info][gc,nmethod  ] GC(118) NMethods: 15223 registered, 2403 unregistered
[2026-04-03T02:35:04.554+0600][71.236s][info][gc,metaspace] GC(118) Metaspace: 128M used, 129M committed, 1152M reserved
[2026-04-03T02:35:04.554+0600][71.236s][info][gc,ref      ] GC(118) Soft: 3421 encountered, 0 discovered, 0 enqueued
[2026-04-03T02:35:04.554+0600][71.236s][info][gc,ref      ] GC(118) Weak: 15082 encountered, 5072 discovered, 383 enqueued
[2026-04-03T02:35:04.554+0600][71.236s][info][gc,ref      ] GC(118) Final: 84 encountered, 0 discovered, 0 enqueued
[2026-04-03T02:35:04.554+0600][71.236s][info][gc,ref      ] GC(118) Phantom: 620 encountered, 377 discovered, 0 enqueued
[2026-04-03T02:35:04.554+0600][71.236s][info][gc,reloc    ] GC(118) Small Pages: 136 / 272M, Empty: 36M, Relocated: 2M, In-Place: 0
[2026-04-03T02:35:04.554+0600][71.236s][info][gc,reloc    ] GC(118) Medium Pages: 2 / 64M, Empty: 32M, Relocated: 0M, In-Place: 0
[2026-04-03T02:35:04.554+0600][71.236s][info][gc,reloc    ] GC(118) Large Pages: 134 / 804M, Empty: 804M, Relocated: 0M, In-Place: 0
[2026-04-03T02:35:04.554+0600][71.236s][info][gc,reloc    ] GC(118) Forwarding Usage: 0M
[2026-04-03T02:35:04.554+0600][71.236s][info][gc,heap     ] GC(118) Min Capacity: 8M(1%)
[2026-04-03T02:35:04.554+0600][71.236s][info][gc,heap     ] GC(118) Max Capacity: 1500M(100%)
[2026-04-03T02:35:04.554+0600][71.236s][info][gc,heap     ] GC(118) Soft Max Capacity: 1500M(100%)
[2026-04-03T02:35:04.554+0600][71.236s][info][gc,heap     ] GC(118)                Mark Start          Mark End        Relocate Start      Relocate End           High               Low         
[2026-04-03T02:35:04.554+0600][71.236s][info][gc,heap     ] GC(118)  Capacity:     1500M (100%)       1500M (100%)       1500M (100%)       1500M (100%)       1500M (100%)       1500M (100%)   
[2026-04-03T02:35:04.554+0600][71.236s][info][gc,heap     ] GC(118)      Free:      360M (24%)         252M (17%)        1092M (73%)        1216M (81%)        1216M (81%)          74M (5%)     
[2026-04-03T02:35:04.554+0600][71.236s][info][gc,heap     ] GC(118)      Used:     1140M (76%)        1248M (83%)         408M (27%)         284M (19%)        1426M (95%)         284M (19%)    
[2026-04-03T02:35:04.554+0600][71.236s][info][gc,heap     ] GC(118)      Live:         -               103M (7%)          103M (7%)          103M (7%)             -                  -          
[2026-04-03T02:35:04.554+0600][71.236s][info][gc,heap     ] GC(118) Allocated:         -               108M (7%)          140M (9%)          141M (9%)             -                  -          
[2026-04-03T02:35:04.554+0600][71.236s][info][gc,heap     ] GC(118)   Garbage:         -              1036M (69%)         164M (11%)          38M (3%)             -                  -          
[2026-04-03T02:35:04.554+0600][71.236s][info][gc,heap     ] GC(118) Reclaimed:         -                  -               872M (58%)         997M (67%)            -                  -          
[2026-04-03T02:35:04.554+0600][71.236s][info][gc          ] GC(118) Garbage Collection (Allocation Rate) 1140M(76%)->284M(19%)
[2026-04-03T02:35:04.721+0600][71.402s][info][gc,start    ] GC(119) Garbage Collection (Allocation Rate)
[2026-04-03T02:35:04.721+0600][71.403s][info][gc,task     ] GC(119) Using 3 workers
[2026-04-03T02:35:04.722+0600][71.403s][info][gc,phases   ] GC(119) Pause Mark Start 0.009ms
[2026-04-03T02:35:04.799+0600][71.481s][info][gc,phases   ] GC(119) Concurrent Mark 77.810ms
[2026-04-03T02:35:04.800+0600][71.481s][info][gc,phases   ] GC(119) Pause Mark End 0.066ms
[2026-04-03T02:35:04.800+0600][71.481s][info][gc,phases   ] GC(119) Concurrent Mark Free 0.003ms
[2026-04-03T02:35:04.818+0600][71.499s][info][gc,phases   ] GC(119) Concurrent Process Non-Strong References 17.453ms
[2026-04-03T02:35:04.818+0600][71.499s][info][gc,phases   ] GC(119) Concurrent Reset Relocation Set 0.007ms
[2026-04-03T02:35:04.820+0600][71.502s][info][gc,phases   ] GC(119) Concurrent Select Relocation Set 2.780ms
[2026-04-03T02:35:04.821+0600][71.502s][info][gc,phases   ] GC(119) Pause Relocate Start 0.014ms
[2026-04-03T02:35:04.823+0600][71.504s][info][gc,phases   ] GC(119) Concurrent Relocate 2.119ms
[2026-04-03T02:35:04.823+0600][71.505s][info][gc,load     ] GC(119) Load: 6.29/5.85/5.85
[2026-04-03T02:35:04.823+0600][71.505s][info][gc,mmu      ] GC(119) MMU: 2ms/89.3%, 5ms/95.7%, 10ms/97.9%, 20ms/98.9%, 50ms/99.6%, 100ms/99.8%
[2026-04-03T02:35:04.823+0600][71.505s][info][gc,marking  ] GC(119) Mark: 2 stripe(s), 2 proactive flush(es), 1 terminate flush(es), 0 completion(s), 0 continuation(s) 
[2026-04-03T02:35:04.823+0600][71.505s][info][gc,marking  ] GC(119) Mark Stack Usage: 32M
[2026-04-03T02:35:04.823+0600][71.505s][info][gc,nmethod  ] GC(119) NMethods: 15228 registered, 2408 unregistered
[2026-04-03T02:35:04.823+0600][71.505s][info][gc,metaspace] GC(119) Metaspace: 128M used, 129M committed, 1152M reserved
[2026-04-03T02:35:04.823+0600][71.505s][info][gc,ref      ] GC(119) Soft: 3422 encountered, 0 discovered, 0 enqueued
[2026-04-03T02:35:04.823+0600][71.505s][info][gc,ref      ] GC(119) Weak: 14953 encountered, 8239 discovered, 418 enqueued
[2026-04-03T02:35:04.823+0600][71.505s][info][gc,ref      ] GC(119) Final: 84 encountered, 0 discovered, 0 enqueued
[2026-04-03T02:35:04.823+0600][71.505s][info][gc,ref      ] GC(119) Phantom: 620 encountered, 605 discovered, 0 enqueued
[2026-04-03T02:35:04.823+0600][71.505s][info][gc,reloc    ] GC(119) Small Pages: 137 / 274M, Empty: 22M, Relocated: 3M, In-Place: 0
[2026-04-03T02:35:04.823+0600][71.505s][info][gc,reloc    ] GC(119) Medium Pages: 3 / 96M, Empty: 64M, Relocated: 0M, In-Place: 0
[2026-04-03T02:35:04.823+0600][71.505s][info][gc,reloc    ] GC(119) Large Pages: 6 / 36M, Empty: 36M, Relocated: 0M, In-Place: 0
[2026-04-03T02:35:04.823+0600][71.505s][info][gc,reloc    ] GC(119) Forwarding Usage: 0M
[2026-04-03T02:35:04.823+0600][71.505s][info][gc,heap     ] GC(119) Min Capacity: 8M(1%)
[2026-04-03T02:35:04.823+0600][71.505s][info][gc,heap     ] GC(119) Max Capacity: 1500M(100%)
[2026-04-03T02:35:04.823+0600][71.505s][info][gc,heap     ] GC(119) Soft Max Capacity: 1500M(100%)
[2026-04-03T02:35:04.823+0600][71.505s][info][gc,heap     ] GC(119)                Mark Start          Mark End        Relocate Start      Relocate End           High               Low         
[2026-04-03T02:35:04.823+0600][71.505s][info][gc,heap     ] GC(119)  Capacity:     1500M (100%)       1500M (100%)       1500M (100%)       1500M (100%)       1500M (100%)       1500M (100%)   
[2026-04-03T02:35:04.823+0600][71.505s][info][gc,heap     ] GC(119)      Free:     1094M (73%)        1058M (71%)        1164M (78%)        1302M (87%)        1302M (87%)        1044M (70%)    
[2026-04-03T02:35:04.823+0600][71.505s][info][gc,heap     ] GC(119)      Used:      406M (27%)         442M (29%)         336M (22%)         198M (13%)         456M (30%)         198M (13%)    
[2026-04-03T02:35:04.823+0600][71.505s][info][gc,heap     ] GC(119)      Live:         -               104M (7%)          104M (7%)          104M (7%)             -                  -          
[2026-04-03T02:35:04.823+0600][71.505s][info][gc,heap     ] GC(119) Allocated:         -                36M (2%)           52M (3%)           53M (4%)             -                  -          
[2026-04-03T02:35:04.823+0600][71.505s][info][gc,heap     ] GC(119)   Garbage:         -               301M (20%)         179M (12%)          39M (3%)             -                  -          
[2026-04-03T02:35:04.823+0600][71.505s][info][gc,heap     ] GC(119) Reclaimed:         -                  -               122M (8%)          261M (17%)            -                  -          
[2026-04-03T02:35:04.823+0600][71.505s][info][gc          ] GC(119) Garbage Collection (Allocation Rate) 406M(27%)->198M(13%)
[2026-04-03T02:35:05.021+0600][71.703s][info][gc,start    ] GC(120) Garbage Collection (Allocation Rate)
[2026-04-03T02:35:05.021+0600][71.703s][info][gc,task     ] GC(120) Using 2 workers
[2026-04-03T02:35:05.022+0600][71.703s][info][gc,phases   ] GC(120) Pause Mark Start 0.022ms
[2026-04-03T02:35:05.191+0600][71.873s][info][gc,phases   ] GC(120) Concurrent Mark 169.300ms
[2026-04-03T02:35:05.191+0600][71.873s][info][gc,phases   ] GC(120) Pause Mark End 0.047ms
[2026-04-03T02:35:05.192+0600][71.873s][info][gc,phases   ] GC(120) Concurrent Mark Free 0.003ms
[2026-04-03T02:35:05.221+0600][71.902s][info][gc,phases   ] GC(120) Concurrent Process Non-Strong References 29.203ms
[2026-04-03T02:35:05.221+0600][71.902s][info][gc,phases   ] GC(120) Concurrent Reset Relocation Set 0.014ms
[2026-04-03T02:35:05.225+0600][71.907s][info][gc,phases   ] GC(120) Concurrent Select Relocation Set 4.508ms
[2026-04-03T02:35:05.226+0600][71.907s][info][gc,phases   ] GC(120) Pause Relocate Start 0.018ms
[2026-04-03T02:35:05.237+0600][71.918s][info][gc,phases   ] GC(120) Concurrent Relocate 10.513ms
[2026-04-03T02:35:05.237+0600][71.918s][info][gc,load     ] GC(120) Load: 5.94/5.79/5.83
[2026-04-03T02:35:05.237+0600][71.918s][info][gc,mmu      ] GC(120) MMU: 2ms/89.3%, 5ms/95.7%, 10ms/97.9%, 20ms/98.9%, 50ms/99.6%, 100ms/99.8%
[2026-04-03T02:35:05.237+0600][71.918s][info][gc,marking  ] GC(120) Mark: 2 stripe(s), 2 proactive flush(es), 1 terminate flush(es), 0 completion(s), 0 continuation(s) 
[2026-04-03T02:35:05.237+0600][71.918s][info][gc,marking  ] GC(120) Mark Stack Usage: 32M
[2026-04-03T02:35:05.237+0600][71.918s][info][gc,nmethod  ] GC(120) NMethods: 15237 registered, 2410 unregistered
[2026-04-03T02:35:05.237+0600][71.918s][info][gc,metaspace] GC(120) Metaspace: 128M used, 129M committed, 1152M reserved
[2026-04-03T02:35:05.237+0600][71.918s][info][gc,ref      ] GC(120) Soft: 3425 encountered, 0 discovered, 0 enqueued
[2026-04-03T02:35:05.237+0600][71.918s][info][gc,ref      ] GC(120) Weak: 14642 encountered, 4705 discovered, 22 enqueued
[2026-04-03T02:35:05.237+0600][71.918s][info][gc,ref      ] GC(120) Final: 84 encountered, 0 discovered, 0 enqueued
[2026-04-03T02:35:05.237+0600][71.918s][info][gc,ref      ] GC(120) Phantom: 620 encountered, 388 discovered, 0 enqueued
[2026-04-03T02:35:05.237+0600][71.918s][info][gc,reloc    ] GC(120) Small Pages: 152 / 304M, Empty: 20M, Relocated: 4M, In-Place: 0
[2026-04-03T02:35:05.237+0600][71.918s][info][gc,reloc    ] GC(120) Medium Pages: 2 / 64M, Empty: 0M, Relocated: 9M, In-Place: 0
[2026-04-03T02:35:05.237+0600][71.918s][info][gc,reloc    ] GC(120) Large Pages: 1 / 6M, Empty: 6M, Relocated: 0M, In-Place: 0
[2026-04-03T02:35:05.237+0600][71.918s][info][gc,reloc    ] GC(120) Forwarding Usage: 1M
[2026-04-03T02:35:05.237+0600][71.919s][info][gc,heap     ] GC(120) Min Capacity: 8M(1%)
[2026-04-03T02:35:05.237+0600][71.919s][info][gc,heap     ] GC(120) Max Capacity: 1500M(100%)
[2026-04-03T02:35:05.237+0600][71.919s][info][gc,heap     ] GC(120) Soft Max Capacity: 1500M(100%)
[2026-04-03T02:35:05.237+0600][71.919s][info][gc,heap     ] GC(120)                Mark Start          Mark End        Relocate Start      Relocate End           High               Low         
[2026-04-03T02:35:05.237+0600][71.919s][info][gc,heap     ] GC(120)  Capacity:     1500M (100%)       1500M (100%)       1500M (100%)       1500M (100%)       1500M (100%)       1500M (100%)   
[2026-04-03T02:35:05.237+0600][71.919s][info][gc,heap     ] GC(120)      Free:     1126M (75%)         924M (62%)         884M (59%)        1082M (72%)        1126M (75%)         850M (57%)    
[2026-04-03T02:35:05.237+0600][71.919s][info][gc,heap     ] GC(120)      Used:      374M (25%)         576M (38%)         616M (41%)         418M (28%)         650M (43%)         374M (25%)    
[2026-04-03T02:35:05.237+0600][71.919s][info][gc,heap     ] GC(120)      Live:         -               106M (7%)          106M (7%)          106M (7%)             -                  -          
[2026-04-03T02:35:05.237+0600][71.919s][info][gc,heap     ] GC(120) Allocated:         -               202M (13%)         268M (18%)         275M (18%)            -                  -          
[2026-04-03T02:35:05.237+0600][71.919s][info][gc,heap     ] GC(120)   Garbage:         -               267M (18%)         241M (16%)          35M (2%)             -                  -          
[2026-04-03T02:35:05.237+0600][71.919s][info][gc,heap     ] GC(120) Reclaimed:         -                  -                26M (2%)          231M (15%)            -                  -          
[2026-04-03T02:35:05.237+0600][71.919s][info][gc          ] GC(120) Garbage Collection (Allocation Rate) 374M(25%)->418M(28%)
[2026-04-03T02:35:05.322+0600][72.003s][info][gc,start    ] GC(121) Garbage Collection (Allocation Rate)
[2026-04-03T02:35:05.322+0600][72.003s][info][gc,task     ] GC(121) Using 2 workers
[2026-04-03T02:35:05.322+0600][72.003s][info][gc,phases   ] GC(121) Pause Mark Start 0.015ms
[2026-04-03T02:35:05.497+0600][72.179s][info][gc,phases   ] GC(121) Concurrent Mark 175.235ms
[2026-04-03T02:35:05.497+0600][72.179s][info][gc,phases   ] GC(121) Pause Mark End 0.033ms
[2026-04-03T02:35:05.498+0600][72.179s][info][gc,phases   ] GC(121) Concurrent Mark Free 0.002ms
[2026-04-03T02:35:05.535+0600][72.217s][info][gc,phases   ] GC(121) Concurrent Process Non-Strong References 37.694ms
[2026-04-03T02:35:05.535+0600][72.217s][info][gc,phases   ] GC(121) Concurrent Reset Relocation Set 0.013ms
[2026-04-03T02:35:05.540+0600][72.222s][info][gc,phases   ] GC(121) Concurrent Select Relocation Set 4.946ms
[2026-04-03T02:35:05.541+0600][72.222s][info][gc,phases   ] GC(121) Pause Relocate Start 0.018ms
[2026-04-03T02:35:05.558+0600][72.239s][info][gc,phases   ] GC(121) Concurrent Relocate 16.789ms
[2026-04-03T02:35:05.558+0600][72.239s][info][gc,load     ] GC(121) Load: 5.94/5.79/5.83
[2026-04-03T02:35:05.558+0600][72.240s][info][gc,mmu      ] GC(121) MMU: 2ms/89.3%, 5ms/95.7%, 10ms/97.9%, 20ms/98.9%, 50ms/99.6%, 100ms/99.8%
[2026-04-03T02:35:05.558+0600][72.240s][info][gc,marking  ] GC(121) Mark: 2 stripe(s), 2 proactive flush(es), 1 terminate flush(es), 0 completion(s), 0 continuation(s) 
[2026-04-03T02:35:05.558+0600][72.240s][info][gc,marking  ] GC(121) Mark Stack Usage: 32M
[2026-04-03T02:35:05.558+0600][72.240s][info][gc,nmethod  ] GC(121) NMethods: 15256 registered, 2416 unregistered
[2026-04-03T02:35:05.558+0600][72.240s][info][gc,metaspace] GC(121) Metaspace: 128M used, 129M committed, 1152M reserved
[2026-04-03T02:35:05.558+0600][72.240s][info][gc,ref      ] GC(121) Soft: 3430 encountered, 0 discovered, 0 enqueued
[2026-04-03T02:35:05.558+0600][72.240s][info][gc,ref      ] GC(121) Weak: 15222 encountered, 4586 discovered, 10 enqueued
[2026-04-03T02:35:05.558+0600][72.240s][info][gc,ref      ] GC(121) Final: 84 encountered, 0 discovered, 0 enqueued
[2026-04-03T02:35:05.558+0600][72.240s][info][gc,ref      ] GC(121) Phantom: 620 encountered, 370 discovered, 0 enqueued
[2026-04-03T02:35:05.558+0600][72.240s][info][gc,reloc    ] GC(121) Small Pages: 188 / 376M, Empty: 110M, Relocated: 6M, In-Place: 0
[2026-04-03T02:35:05.558+0600][72.240s][info][gc,reloc    ] GC(121) Medium Pages: 3 / 96M, Empty: 64M, Relocated: 0M, In-Place: 0
[2026-04-03T02:35:05.558+0600][72.240s][info][gc,reloc    ] GC(121) Large Pages: 8 / 48M, Empty: 48M, Relocated: 0M, In-Place: 0
[2026-04-03T02:35:05.558+0600][72.240s][info][gc,reloc    ] GC(121) Forwarding Usage: 1M
[2026-04-03T02:35:05.558+0600][72.240s][info][gc,heap     ] GC(121) Min Capacity: 8M(1%)
[2026-04-03T02:35:05.558+0600][72.240s][info][gc,heap     ] GC(121) Max Capacity: 1500M(100%)
[2026-04-03T02:35:05.558+0600][72.240s][info][gc,heap     ] GC(121) Soft Max Capacity: 1500M(100%)
[2026-04-03T02:35:05.558+0600][72.240s][info][gc,heap     ] GC(121)                Mark Start          Mark End        Relocate Start      Relocate End           High               Low         
[2026-04-03T02:35:05.558+0600][72.240s][info][gc,heap     ] GC(121)  Capacity:     1500M (100%)       1500M (100%)       1500M (100%)       1500M (100%)       1500M (100%)       1500M (100%)   
[2026-04-03T02:35:05.558+0600][72.240s][info][gc,heap     ] GC(121)      Free:      980M (65%)         734M (49%)         920M (61%)        1042M (69%)        1060M (71%)         706M (47%)    
[2026-04-03T02:35:05.558+0600][72.240s][info][gc,heap     ] GC(121)      Used:      520M (35%)         766M (51%)         580M (39%)         458M (31%)         794M (53%)         440M (29%)    
[2026-04-03T02:35:05.558+0600][72.240s][info][gc,heap     ] GC(121)      Live:         -               108M (7%)          108M (7%)          108M (7%)             -                  -          
[2026-04-03T02:35:05.558+0600][72.240s][info][gc,heap     ] GC(121) Allocated:         -               246M (16%)         282M (19%)         311M (21%)            -                  -          
[2026-04-03T02:35:05.558+0600][72.240s][info][gc,heap     ] GC(121)   Garbage:         -               411M (27%)         189M (13%)          37M (3%)             -                  -          
[2026-04-03T02:35:05.558+0600][72.240s][info][gc,heap     ] GC(121) Reclaimed:         -                  -               222M (15%)         373M (25%)            -                  -          
[2026-04-03T02:35:05.558+0600][72.240s][info][gc          ] GC(121) Garbage Collection (Allocation Rate) 520M(35%)->458M(31%)
[2026-04-03T02:35:05.621+0600][72.302s][info][gc,start    ] GC(122) Garbage Collection (Allocation Rate)
[2026-04-03T02:35:05.621+0600][72.302s][info][gc,task     ] GC(122) Using 3 workers
[2026-04-03T02:35:05.621+0600][72.303s][info][gc,phases   ] GC(122) Pause Mark Start 0.015ms
[2026-04-03T02:35:05.750+0600][72.432s][info][gc,phases   ] GC(122) Concurrent Mark 129.020ms
[2026-04-03T02:35:05.751+0600][72.432s][info][gc,phases   ] GC(122) Pause Mark End 0.031ms
[2026-04-03T02:35:05.751+0600][72.432s][info][gc,phases   ] GC(122) Concurrent Mark Free 0.003ms
[2026-04-03T02:35:05.780+0600][72.462s][info][gc,phases   ] GC(122) Concurrent Process Non-Strong References 29.339ms
[2026-04-03T02:35:05.780+0600][72.462s][info][gc,phases   ] GC(122) Concurrent Reset Relocation Set 0.012ms
[2026-04-03T02:35:05.784+0600][72.466s][info][gc,phases   ] GC(122) Concurrent Select Relocation Set 3.886ms
[2026-04-03T02:35:05.785+0600][72.466s][info][gc,phases   ] GC(122) Pause Relocate Start 0.017ms
[2026-04-03T02:35:05.791+0600][72.472s][info][gc,phases   ] GC(122) Concurrent Relocate 5.974ms
[2026-04-03T02:35:05.791+0600][72.472s][info][gc,load     ] GC(122) Load: 5.94/5.79/5.83
[2026-04-03T02:35:05.791+0600][72.472s][info][gc,mmu      ] GC(122) MMU: 2ms/89.3%, 5ms/95.7%, 10ms/97.9%, 20ms/98.9%, 50ms/99.6%, 100ms/99.8%
[2026-04-03T02:35:05.791+0600][72.472s][info][gc,marking  ] GC(122) Mark: 2 stripe(s), 2 proactive flush(es), 1 terminate flush(es), 0 completion(s), 0 continuation(s) 
[2026-04-03T02:35:05.791+0600][72.473s][info][gc,marking  ] GC(122) Mark Stack Usage: 32M
[2026-04-03T02:35:05.791+0600][72.473s][info][gc,nmethod  ] GC(122) NMethods: 15252 registered, 2426 unregistered
[2026-04-03T02:35:05.791+0600][72.473s][info][gc,metaspace] GC(122) Metaspace: 128M used, 129M committed, 1152M reserved
[2026-04-03T02:35:05.791+0600][72.473s][info][gc,ref      ] GC(122) Soft: 3432 encountered, 0 discovered, 0 enqueued
[2026-04-03T02:35:05.791+0600][72.473s][info][gc,ref      ] GC(122) Weak: 15719 encountered, 4144 discovered, 18 enqueued
[2026-04-03T02:35:05.791+0600][72.473s][info][gc,ref      ] GC(122) Final: 84 encountered, 0 discovered, 0 enqueued
[2026-04-03T02:35:05.791+0600][72.473s][info][gc,ref      ] GC(122) Phantom: 620 encountered, 596 discovered, 0 enqueued
[2026-04-03T02:35:05.791+0600][72.473s][info][gc,reloc    ] GC(122) Small Pages: 192 / 384M, Empty: 136M, Relocated: 6M, In-Place: 0
[2026-04-03T02:35:05.791+0600][72.473s][info][gc,reloc    ] GC(122) Medium Pages: 3 / 96M, Empty: 64M, Relocated: 0M, In-Place: 0
[2026-04-03T02:35:05.791+0600][72.473s][info][gc,reloc    ] GC(122) Large Pages: 7 / 42M, Empty: 42M, Relocated: 0M, In-Place: 0
[2026-04-03T02:35:05.791+0600][72.473s][info][gc,reloc    ] GC(122) Forwarding Usage: 2M
[2026-04-03T02:35:05.791+0600][72.473s][info][gc,heap     ] GC(122) Min Capacity: 8M(1%)
[2026-04-03T02:35:05.791+0600][72.473s][info][gc,heap     ] GC(122) Max Capacity: 1500M(100%)
[2026-04-03T02:35:05.791+0600][72.473s][info][gc,heap     ] GC(122) Soft Max Capacity: 1500M(100%)
[2026-04-03T02:35:05.791+0600][72.473s][info][gc,heap     ] GC(122)                Mark Start          Mark End        Relocate Start      Relocate End           High               Low         
[2026-04-03T02:35:05.791+0600][72.473s][info][gc,heap     ] GC(122)  Capacity:     1500M (100%)       1500M (100%)       1500M (100%)       1500M (100%)       1500M (100%)       1500M (100%)   
[2026-04-03T02:35:05.791+0600][72.473s][info][gc,heap     ] GC(122)      Free:      978M (65%)         814M (54%)        1016M (68%)        1112M (74%)        1144M (76%)         786M (52%)    
[2026-04-03T02:35:05.791+0600][72.473s][info][gc,heap     ] GC(122)      Used:      522M (35%)         686M (46%)         484M (32%)         388M (26%)         714M (48%)         356M (24%)    
[2026-04-03T02:35:05.791+0600][72.473s][info][gc,heap     ] GC(122)      Live:         -               107M (7%)          107M (7%)          107M (7%)             -                  -          
[2026-04-03T02:35:05.791+0600][72.473s][info][gc,heap     ] GC(122) Allocated:         -               164M (11%)         204M (14%)         241M (16%)            -                  -          
[2026-04-03T02:35:05.791+0600][72.473s][info][gc,heap     ] GC(122)   Garbage:         -               414M (28%)         172M (11%)          38M (3%)             -                  -          
[2026-04-03T02:35:05.791+0600][72.473s][info][gc,heap     ] GC(122) Reclaimed:         -                  -               242M (16%)         375M (25%)            -                  -          
[2026-04-03T02:35:05.791+0600][72.473s][info][gc          ] GC(122) Garbage Collection (Allocation Rate) 522M(35%)->388M(26%)
[2026-04-03T02:35:06.421+0600][73.102s][info][gc,start    ] GC(123) Garbage Collection (Allocation Rate)
[2026-04-03T02:35:06.421+0600][73.102s][info][gc,task     ] GC(123) Using 2 workers
[2026-04-03T02:35:06.421+0600][73.103s][info][gc,phases   ] GC(123) Pause Mark Start 0.013ms
[2026-04-03T02:35:06.591+0600][73.273s][info][gc,phases   ] GC(123) Concurrent Mark 169.906ms
[2026-04-03T02:35:06.592+0600][73.273s][info][gc,phases   ] GC(123) Pause Mark End 0.043ms
[2026-04-03T02:35:06.592+0600][73.273s][info][gc,phases   ] GC(123) Concurrent Mark Free 0.002ms
[2026-04-03T02:35:06.626+0600][73.308s][info][gc,phases   ] GC(123) Concurrent Process Non-Strong References 34.518ms
[2026-04-03T02:35:06.627+0600][73.308s][info][gc,phases   ] GC(123) Concurrent Reset Relocation Set 0.014ms
[2026-04-03T02:35:06.632+0600][73.313s][info][gc,phases   ] GC(123) Concurrent Select Relocation Set 5.097ms
[2026-04-03T02:35:06.632+0600][73.314s][info][gc,phases   ] GC(123) Pause Relocate Start 0.020ms
[2026-04-03T02:35:06.644+0600][73.326s][info][gc,phases   ] GC(123) Concurrent Relocate 11.987ms
[2026-04-03T02:35:06.645+0600][73.326s][info][gc,load     ] GC(123) Load: 5.94/5.79/5.83
[2026-04-03T02:35:06.645+0600][73.326s][info][gc,mmu      ] GC(123) MMU: 2ms/89.3%, 5ms/95.7%, 10ms/97.9%, 20ms/98.9%, 50ms/99.6%, 100ms/99.8%
[2026-04-03T02:35:06.645+0600][73.326s][info][gc,marking  ] GC(123) Mark: 2 stripe(s), 2 proactive flush(es), 1 terminate flush(es), 0 completion(s), 0 continuation(s) 
[2026-04-03T02:35:06.645+0600][73.326s][info][gc,marking  ] GC(123) Mark Stack Usage: 32M
[2026-04-03T02:35:06.645+0600][73.326s][info][gc,nmethod  ] GC(123) NMethods: 15260 registered, 2441 unregistered
[2026-04-03T02:35:06.645+0600][73.326s][info][gc,metaspace] GC(123) Metaspace: 128M used, 129M committed, 1152M reserved
[2026-04-03T02:35:06.645+0600][73.326s][info][gc,ref      ] GC(123) Soft: 3424 encountered, 0 discovered, 0 enqueued
[2026-04-03T02:35:06.645+0600][73.326s][info][gc,ref      ] GC(123) Weak: 16622 encountered, 6718 discovered, 1610 enqueued
[2026-04-03T02:35:06.645+0600][73.326s][info][gc,ref      ] GC(123) Final: 84 encountered, 0 discovered, 0 enqueued
[2026-04-03T02:35:06.645+0600][73.326s][info][gc,ref      ] GC(123) Phantom: 620 encountered, 505 discovered, 0 enqueued
[2026-04-03T02:35:06.645+0600][73.326s][info][gc,reloc    ] GC(123) Small Pages: 358 / 716M, Empty: 198M, Relocated: 8M, In-Place: 0
[2026-04-03T02:35:06.645+0600][73.326s][info][gc,reloc    ] GC(123) Medium Pages: 5 / 160M, Empty: 128M, Relocated: 0M, In-Place: 0
[2026-04-03T02:35:06.645+0600][73.326s][info][gc,reloc    ] GC(123) Large Pages: 13 / 78M, Empty: 78M, Relocated: 0M, In-Place: 0
[2026-04-03T02:35:06.645+0600][73.326s][info][gc,reloc    ] GC(123) Forwarding Usage: 2M
[2026-04-03T02:35:06.645+0600][73.326s][info][gc,heap     ] GC(123) Min Capacity: 8M(1%)
[2026-04-03T02:35:06.645+0600][73.326s][info][gc,heap     ] GC(123) Max Capacity: 1500M(100%)
[2026-04-03T02:35:06.645+0600][73.326s][info][gc,heap     ] GC(123) Soft Max Capacity: 1500M(100%)
[2026-04-03T02:35:06.645+0600][73.326s][info][gc,heap     ] GC(123)                Mark Start          Mark End        Relocate Start      Relocate End           High               Low         
[2026-04-03T02:35:06.645+0600][73.326s][info][gc,heap     ] GC(123)  Capacity:     1500M (100%)       1500M (100%)       1500M (100%)       1500M (100%)       1500M (100%)       1500M (100%)   
[2026-04-03T02:35:06.645+0600][73.326s][info][gc,heap     ] GC(123)      Free:      546M (36%)         340M (23%)         670M (45%)        1058M (71%)        1068M (71%)         270M (18%)    
[2026-04-03T02:35:06.645+0600][73.326s][info][gc,heap     ] GC(123)      Used:      954M (64%)        1160M (77%)         830M (55%)         442M (29%)        1230M (82%)         432M (29%)    
[2026-04-03T02:35:06.645+0600][73.326s][info][gc,heap     ] GC(123)      Live:         -               106M (7%)          106M (7%)          106M (7%)             -                  -          
[2026-04-03T02:35:06.645+0600][73.326s][info][gc,heap     ] GC(123) Allocated:         -               206M (14%)         280M (19%)         299M (20%)            -                  -          
[2026-04-03T02:35:06.645+0600][73.327s][info][gc,heap     ] GC(123)   Garbage:         -               847M (57%)         443M (30%)          36M (2%)             -                  -          
[2026-04-03T02:35:06.645+0600][73.327s][info][gc,heap     ] GC(123) Reclaimed:         -                  -               404M (27%)         811M (54%)            -                  -          
[2026-04-03T02:35:06.645+0600][73.327s][info][gc          ] GC(123) Garbage Collection (Allocation Rate) 954M(64%)->442M(29%)
[2026-04-03T02:35:07.121+0600][73.803s][info][gc,start    ] GC(124) Garbage Collection (Allocation Rate)
[2026-04-03T02:35:07.122+0600][73.803s][info][gc,task     ] GC(124) Using 3 workers
[2026-04-03T02:35:07.122+0600][73.803s][info][gc,phases   ] GC(124) Pause Mark Start 0.008ms
[2026-04-03T02:35:07.206+0600][73.887s][info][gc,phases   ] GC(124) Concurrent Mark 84.259ms
[2026-04-03T02:35:07.206+0600][73.888s][info][gc,phases   ] GC(124) Pause Mark End 0.035ms
[2026-04-03T02:35:07.206+0600][73.888s][info][gc,phases   ] GC(124) Concurrent Mark Free 0.004ms
[2026-04-03T02:35:07.229+0600][73.910s][info][gc,phases   ] GC(124) Concurrent Process Non-Strong References 22.187ms
[2026-04-03T02:35:07.229+0600][73.910s][info][gc,phases   ] GC(124) Concurrent Reset Relocation Set 0.039ms
[2026-04-03T02:35:07.233+0600][73.914s][info][gc,phases   ] GC(124) Concurrent Select Relocation Set 4.253ms
[2026-04-03T02:35:07.233+0600][73.915s][info][gc,phases   ] GC(124) Pause Relocate Start 0.017ms
[2026-04-03T02:35:07.248+0600][73.929s][info][gc,phases   ] GC(124) Concurrent Relocate 13.933ms
[2026-04-03T02:35:07.248+0600][73.929s][info][gc,load     ] GC(124) Load: 5.94/5.79/5.83
[2026-04-03T02:35:07.248+0600][73.929s][info][gc,mmu      ] GC(124) MMU: 2ms/89.3%, 5ms/95.7%, 10ms/97.9%, 20ms/98.9%, 50ms/99.6%, 100ms/99.8%
[2026-04-03T02:35:07.248+0600][73.929s][info][gc,marking  ] GC(124) Mark: 2 stripe(s), 3 proactive flush(es), 1 terminate flush(es), 0 completion(s), 0 continuation(s) 
[2026-04-03T02:35:07.248+0600][73.929s][info][gc,marking  ] GC(124) Mark Stack Usage: 32M
[2026-04-03T02:35:07.248+0600][73.929s][info][gc,nmethod  ] GC(124) NMethods: 15266 registered, 2457 unregistered
[2026-04-03T02:35:07.248+0600][73.929s][info][gc,metaspace] GC(124) Metaspace: 128M used, 129M committed, 1152M reserved
[2026-04-03T02:35:07.248+0600][73.930s][info][gc,ref      ] GC(124) Soft: 3424 encountered, 0 discovered, 0 enqueued
[2026-04-03T02:35:07.248+0600][73.930s][info][gc,ref      ] GC(124) Weak: 16245 encountered, 6177 discovered, 1577 enqueued
[2026-04-03T02:35:07.248+0600][73.930s][info][gc,ref      ] GC(124) Final: 84 encountered, 0 discovered, 0 enqueued
[2026-04-03T02:35:07.248+0600][73.930s][info][gc,ref      ] GC(124) Phantom: 620 encountered, 374 discovered, 0 enqueued
[2026-04-03T02:35:07.248+0600][73.930s][info][gc,reloc    ] GC(124) Small Pages: 387 / 774M, Empty: 288M, Relocated: 8M, In-Place: 0
[2026-04-03T02:35:07.248+0600][73.930s][info][gc,reloc    ] GC(124) Medium Pages: 6 / 192M, Empty: 160M, Relocated: 0M, In-Place: 0
[2026-04-03T02:35:07.248+0600][73.930s][info][gc,reloc    ] GC(124) Large Pages: 17 / 102M, Empty: 102M, Relocated: 0M, In-Place: 0
[2026-04-03T02:35:07.248+0600][73.930s][info][gc,reloc    ] GC(124) Forwarding Usage: 2M
[2026-04-03T02:35:07.248+0600][73.930s][info][gc,heap     ] GC(124) Min Capacity: 8M(1%)
[2026-04-03T02:35:07.248+0600][73.930s][info][gc,heap     ] GC(124) Max Capacity: 1500M(100%)
[2026-04-03T02:35:07.248+0600][73.930s][info][gc,heap     ] GC(124) Soft Max Capacity: 1500M(100%)
[2026-04-03T02:35:07.248+0600][73.930s][info][gc,heap     ] GC(124)                Mark Start          Mark End        Relocate Start      Relocate End           High               Low         
[2026-04-03T02:35:07.248+0600][73.930s][info][gc,heap     ] GC(124)  Capacity:     1500M (100%)       1500M (100%)       1500M (100%)       1500M (100%)       1500M (100%)       1500M (100%)   
[2026-04-03T02:35:07.248+0600][73.930s][info][gc,heap     ] GC(124)      Free:      432M (29%)         330M (22%)         858M (57%)        1202M (80%)        1222M (81%)         318M (21%)    
[2026-04-03T02:35:07.248+0600][73.930s][info][gc,heap     ] GC(124)      Used:     1068M (71%)        1170M (78%)         642M (43%)         298M (20%)        1182M (79%)         278M (19%)    
[2026-04-03T02:35:07.248+0600][73.930s][info][gc,heap     ] GC(124)      Live:         -               108M (7%)          108M (7%)          108M (7%)             -                  -          
[2026-04-03T02:35:07.248+0600][73.930s][info][gc,heap     ] GC(124) Allocated:         -               102M (7%)          124M (8%)          151M (10%)            -                  -          
[2026-04-03T02:35:07.248+0600][73.930s][info][gc,heap     ] GC(124)   Garbage:         -               959M (64%)         409M (27%)          38M (3%)             -                  -          
[2026-04-03T02:35:07.248+0600][73.930s][info][gc,heap     ] GC(124) Reclaimed:         -                  -               550M (37%)         921M (61%)            -                  -          
[2026-04-03T02:35:07.248+0600][73.930s][info][gc          ] GC(124) Garbage Collection (Allocation Rate) 1068M(71%)->298M(20%)
[2026-04-03T02:35:07.521+0600][74.202s][info][gc,start    ] GC(125) Garbage Collection (Allocation Rate)
[2026-04-03T02:35:07.521+0600][74.202s][info][gc,task     ] GC(125) Using 2 workers
[2026-04-03T02:35:07.521+0600][74.203s][info][gc,phases   ] GC(125) Pause Mark Start 0.007ms
[2026-04-03T02:35:07.642+0600][74.323s][info][gc,phases   ] GC(125) Concurrent Mark 120.555ms
[2026-04-03T02:35:07.642+0600][74.324s][info][gc,phases   ] GC(125) Pause Mark End 0.026ms
[2026-04-03T02:35:07.642+0600][74.324s][info][gc,phases   ] GC(125) Concurrent Mark Free 0.002ms
[2026-04-03T02:35:07.671+0600][74.352s][info][gc,phases   ] GC(125) Concurrent Process Non-Strong References 28.425ms
[2026-04-03T02:35:07.671+0600][74.352s][info][gc,phases   ] GC(125) Concurrent Reset Relocation Set 0.013ms
[2026-04-03T02:35:07.673+0600][74.355s][info][gc,phases   ] GC(125) Concurrent Select Relocation Set 2.568ms
[2026-04-03T02:35:07.674+0600][74.355s][info][gc,phases   ] GC(125) Pause Relocate Start 0.012ms
[2026-04-03T02:35:07.677+0600][74.359s][info][gc,phases   ] GC(125) Concurrent Relocate 3.740ms
[2026-04-03T02:35:07.677+0600][74.359s][info][gc,load     ] GC(125) Load: 5.94/5.79/5.83
[2026-04-03T02:35:07.677+0600][74.359s][info][gc,mmu      ] GC(125) MMU: 2ms/89.3%, 5ms/95.7%, 10ms/97.9%, 20ms/98.9%, 50ms/99.6%, 100ms/99.8%
[2026-04-03T02:35:07.677+0600][74.359s][info][gc,marking  ] GC(125) Mark: 2 stripe(s), 2 proactive flush(es), 1 terminate flush(es), 0 completion(s), 0 continuation(s) 
[2026-04-03T02:35:07.677+0600][74.359s][info][gc,marking  ] GC(125) Mark Stack Usage: 32M
[2026-04-03T02:35:07.678+0600][74.359s][info][gc,nmethod  ] GC(125) NMethods: 15265 registered, 2465 unregistered
[2026-04-03T02:35:07.678+0600][74.359s][info][gc,metaspace] GC(125) Metaspace: 128M used, 129M committed, 1152M reserved
[2026-04-03T02:35:07.678+0600][74.359s][info][gc,ref      ] GC(125) Soft: 3424 encountered, 0 discovered, 0 enqueued
[2026-04-03T02:35:07.678+0600][74.359s][info][gc,ref      ] GC(125) Weak: 15339 encountered, 5444 discovered, 718 enqueued
[2026-04-03T02:35:07.678+0600][74.359s][info][gc,ref      ] GC(125) Final: 84 encountered, 0 discovered, 0 enqueued
[2026-04-03T02:35:07.678+0600][74.359s][info][gc,ref      ] GC(125) Phantom: 620 encountered, 600 discovered, 0 enqueued
[2026-04-03T02:35:07.678+0600][74.359s][info][gc,reloc    ] GC(125) Small Pages: 290 / 580M, Empty: 308M, Relocated: 3M, In-Place: 0
[2026-04-03T02:35:07.678+0600][74.359s][info][gc,reloc    ] GC(125) Medium Pages: 3 / 96M, Empty: 64M, Relocated: 0M, In-Place: 0
[2026-04-03T02:35:07.678+0600][74.359s][info][gc,reloc    ] GC(125) Large Pages: 9 / 54M, Empty: 54M, Relocated: 0M, In-Place: 0
[2026-04-03T02:35:07.678+0600][74.359s][info][gc,reloc    ] GC(125) Forwarding Usage: 1M
[2026-04-03T02:35:07.678+0600][74.359s][info][gc,heap     ] GC(125) Min Capacity: 8M(1%)
[2026-04-03T02:35:07.678+0600][74.359s][info][gc,heap     ] GC(125) Max Capacity: 1500M(100%)
[2026-04-03T02:35:07.678+0600][74.359s][info][gc,heap     ] GC(125) Soft Max Capacity: 1500M(100%)
[2026-04-03T02:35:07.678+0600][74.359s][info][gc,heap     ] GC(125)                Mark Start          Mark End        Relocate Start      Relocate End           High               Low         
[2026-04-03T02:35:07.678+0600][74.359s][info][gc,heap     ] GC(125)  Capacity:     1500M (100%)       1500M (100%)       1500M (100%)       1500M (100%)       1500M (100%)       1500M (100%)   
[2026-04-03T02:35:07.678+0600][74.359s][info][gc,heap     ] GC(125)      Free:      770M (51%)         268M (18%)         654M (44%)         806M (54%)         808M (54%)         238M (16%)    
[2026-04-03T02:35:07.678+0600][74.359s][info][gc,heap     ] GC(125)      Used:      730M (49%)        1232M (82%)         846M (56%)         694M (46%)        1262M (84%)         692M (46%)    
[2026-04-03T02:35:07.678+0600][74.359s][info][gc,heap     ] GC(125)      Live:         -               106M (7%)          106M (7%)          106M (7%)             -                  -          
[2026-04-03T02:35:07.678+0600][74.359s][info][gc,heap     ] GC(125) Allocated:         -               502M (33%)         542M (36%)         551M (37%)            -                  -          
[2026-04-03T02:35:07.678+0600][74.359s][info][gc,heap     ] GC(125)   Garbage:         -               623M (42%)         197M (13%)          35M (2%)             -                  -          
[2026-04-03T02:35:07.678+0600][74.359s][info][gc,heap     ] GC(125) Reclaimed:         -                  -               426M (28%)         587M (39%)            -                  -          
[2026-04-03T02:35:07.678+0600][74.359s][info][gc          ] GC(125) Garbage Collection (Allocation Rate) 730M(49%)->694M(46%)
[2026-04-03T02:35:07.721+0600][74.403s][info][gc,start    ] GC(126) Garbage Collection (Allocation Rate)
[2026-04-03T02:35:07.721+0600][74.403s][info][gc,task     ] GC(126) Using 3 workers
[2026-04-03T02:35:07.721+0600][74.403s][info][gc,phases   ] GC(126) Pause Mark Start 0.016ms
[2026-04-03T02:35:07.828+0600][74.510s][info][gc,phases   ] GC(126) Concurrent Mark 106.658ms
[2026-04-03T02:35:07.828+0600][74.510s][info][gc,phases   ] GC(126) Pause Mark End 0.026ms
[2026-04-03T02:35:07.829+0600][74.510s][info][gc,phases   ] GC(126) Concurrent Mark Free 0.002ms
[2026-04-03T02:35:07.843+0600][74.525s][info][gc,phases   ] GC(126) Concurrent Process Non-Strong References 14.693ms
[2026-04-03T02:35:07.844+0600][74.525s][info][gc,phases   ] GC(126) Concurrent Reset Relocation Set 0.006ms
[2026-04-03T02:35:07.846+0600][74.528s][info][gc,phases   ] GC(126) Concurrent Select Relocation Set 2.908ms
[2026-04-03T02:35:07.847+0600][74.528s][info][gc,phases   ] GC(126) Pause Relocate Start 0.011ms
[2026-04-03T02:35:07.852+0600][74.533s][info][gc,phases   ] GC(126) Concurrent Relocate 4.933ms
[2026-04-03T02:35:07.852+0600][74.533s][info][gc,load     ] GC(126) Load: 5.94/5.79/5.83
[2026-04-03T02:35:07.852+0600][74.533s][info][gc,mmu      ] GC(126) MMU: 2ms/89.3%, 5ms/95.7%, 10ms/97.9%, 20ms/98.9%, 50ms/99.6%, 100ms/99.8%
[2026-04-03T02:35:07.852+0600][74.533s][info][gc,marking  ] GC(126) Mark: 2 stripe(s), 5 proactive flush(es), 1 terminate flush(es), 0 completion(s), 0 continuation(s) 
[2026-04-03T02:35:07.852+0600][74.533s][info][gc,marking  ] GC(126) Mark Stack Usage: 32M
[2026-04-03T02:35:07.852+0600][74.533s][info][gc,nmethod  ] GC(126) NMethods: 15264 registered, 2469 unregistered
[2026-04-03T02:35:07.852+0600][74.533s][info][gc,metaspace] GC(126) Metaspace: 128M used, 129M committed, 1152M reserved
[2026-04-03T02:35:07.852+0600][74.533s][info][gc,ref      ] GC(126) Soft: 3428 encountered, 0 discovered, 0 enqueued
[2026-04-03T02:35:07.852+0600][74.533s][info][gc,ref      ] GC(126) Weak: 14861 encountered, 4260 discovered, 231 enqueued
[2026-04-03T02:35:07.852+0600][74.533s][info][gc,ref      ] GC(126) Final: 84 encountered, 0 discovered, 0 enqueued
[2026-04-03T02:35:07.852+0600][74.533s][info][gc,ref      ] GC(126) Phantom: 644 encountered, 621 discovered, 0 enqueued
[2026-04-03T02:35:07.852+0600][74.533s][info][gc,reloc    ] GC(126) Small Pages: 137 / 274M, Empty: 26M, Relocated: 6M, In-Place: 0
[2026-04-03T02:35:07.852+0600][74.533s][info][gc,reloc    ] GC(126) Medium Pages: 2 / 64M, Empty: 32M, Relocated: 0M, In-Place: 0
[2026-04-03T02:35:07.852+0600][74.533s][info][gc,reloc    ] GC(126) Large Pages: 105 / 630M, Empty: 606M, Relocated: 0M, In-Place: 0
[2026-04-03T02:35:07.852+0600][74.533s][info][gc,reloc    ] GC(126) Forwarding Usage: 0M
[2026-04-03T02:35:07.852+0600][74.533s][info][gc,heap     ] GC(126) Min Capacity: 8M(1%)
[2026-04-03T02:35:07.852+0600][74.533s][info][gc,heap     ] GC(126) Max Capacity: 1500M(100%)
[2026-04-03T02:35:07.852+0600][74.533s][info][gc,heap     ] GC(126) Soft Max Capacity: 1500M(100%)
[2026-04-03T02:35:07.852+0600][74.533s][info][gc,heap     ] GC(126)                Mark Start          Mark End        Relocate Start      Relocate End           High               Low         
[2026-04-03T02:35:07.852+0600][74.533s][info][gc,heap     ] GC(126)  Capacity:     1500M (100%)       1500M (100%)       1500M (100%)       1500M (100%)       1500M (100%)       1500M (100%)   
[2026-04-03T02:35:07.852+0600][74.533s][info][gc,heap     ] GC(126)      Free:      532M (35%)         260M (17%)         912M (61%)        1046M (70%)        1046M (70%)         254M (17%)    
[2026-04-03T02:35:07.852+0600][74.533s][info][gc,heap     ] GC(126)      Used:      968M (65%)        1240M (83%)         588M (39%)         454M (30%)        1246M (83%)         454M (30%)    
[2026-04-03T02:35:07.852+0600][74.533s][info][gc,heap     ] GC(126)      Live:         -               131M (9%)          131M (9%)          131M (9%)             -                  -          
[2026-04-03T02:35:07.852+0600][74.533s][info][gc,heap     ] GC(126) Allocated:         -               272M (18%)         284M (19%)         283M (19%)            -                  -          
[2026-04-03T02:35:07.852+0600][74.533s][info][gc,heap     ] GC(126)   Garbage:         -               836M (56%)         172M (12%)          38M (3%)             -                  -          
[2026-04-03T02:35:07.852+0600][74.533s][info][gc,heap     ] GC(126) Reclaimed:         -                  -               664M (44%)         797M (53%)            -                  -          
[2026-04-03T02:35:07.852+0600][74.533s][info][gc          ] GC(126) Garbage Collection (Allocation Rate) 968M(65%)->454M(30%)
[2026-04-03T02:35:07.921+0600][74.603s][info][gc,start    ] GC(127) Garbage Collection (Allocation Rate)
[2026-04-03T02:35:07.921+0600][74.603s][info][gc,task     ] GC(127) Using 3 workers
[2026-04-03T02:35:07.921+0600][74.603s][info][gc,phases   ] GC(127) Pause Mark Start 0.008ms
[2026-04-03T02:35:08.026+0600][74.707s][info][gc,phases   ] GC(127) Concurrent Mark 104.019ms
[2026-04-03T02:35:08.026+0600][74.707s][info][gc,phases   ] GC(127) Pause Mark End 0.029ms
[2026-04-03T02:35:08.026+0600][74.707s][info][gc,phases   ] GC(127) Concurrent Mark Free 0.003ms
[2026-04-03T02:35:08.043+0600][74.725s][info][gc,phases   ] GC(127) Concurrent Process Non-Strong References 17.152ms
[2026-04-03T02:35:08.043+0600][74.725s][info][gc,phases   ] GC(127) Concurrent Reset Relocation Set 0.006ms
[2026-04-03T02:35:08.046+0600][74.727s][info][gc,phases   ] GC(127) Concurrent Select Relocation Set 2.466ms
[2026-04-03T02:35:08.046+0600][74.727s][info][gc,phases   ] GC(127) Pause Relocate Start 0.012ms
[2026-04-03T02:35:08.048+0600][74.729s][info][gc,phases   ] GC(127) Concurrent Relocate 1.827ms
[2026-04-03T02:35:08.048+0600][74.729s][info][gc,load     ] GC(127) Load: 5.94/5.79/5.83
[2026-04-03T02:35:08.048+0600][74.729s][info][gc,mmu      ] GC(127) MMU: 2ms/89.3%, 5ms/95.7%, 10ms/97.9%, 20ms/98.9%, 50ms/99.6%, 100ms/99.8%
[2026-04-03T02:35:08.048+0600][74.729s][info][gc,marking  ] GC(127) Mark: 2 stripe(s), 2 proactive flush(es), 1 terminate flush(es), 0 completion(s), 0 continuation(s) 
[2026-04-03T02:35:08.048+0600][74.729s][info][gc,marking  ] GC(127) Mark Stack Usage: 32M
[2026-04-03T02:35:08.048+0600][74.729s][info][gc,nmethod  ] GC(127) NMethods: 15275 registered, 2471 unregistered
[2026-04-03T02:35:08.048+0600][74.729s][info][gc,metaspace] GC(127) Metaspace: 128M used, 129M committed, 1152M reserved
[2026-04-03T02:35:08.048+0600][74.729s][info][gc,ref      ] GC(127) Soft: 3424 encountered, 0 discovered, 0 enqueued
[2026-04-03T02:35:08.048+0600][74.729s][info][gc,ref      ] GC(127) Weak: 14933 encountered, 5207 discovered, 306 enqueued
[2026-04-03T02:35:08.048+0600][74.729s][info][gc,ref      ] GC(127) Final: 84 encountered, 0 discovered, 0 enqueued
[2026-04-03T02:35:08.048+0600][74.729s][info][gc,ref      ] GC(127) Phantom: 620 encountered, 603 discovered, 0 enqueued
[2026-04-03T02:35:08.048+0600][74.729s][info][gc,reloc    ] GC(127) Small Pages: 119 / 238M, Empty: 26M, Relocated: 3M, In-Place: 0
[2026-04-03T02:35:08.048+0600][74.729s][info][gc,reloc    ] GC(127) Medium Pages: 2 / 64M, Empty: 32M, Relocated: 0M, In-Place: 0
[2026-04-03T02:35:08.048+0600][74.729s][info][gc,reloc    ] GC(127) Large Pages: 35 / 210M, Empty: 210M, Relocated: 0M, In-Place: 0
[2026-04-03T02:35:08.048+0600][74.729s][info][gc,reloc    ] GC(127) Forwarding Usage: 0M
[2026-04-03T02:35:08.048+0600][74.729s][info][gc,heap     ] GC(127) Min Capacity: 8M(1%)
[2026-04-03T02:35:08.048+0600][74.730s][info][gc,heap     ] GC(127) Max Capacity: 1500M(100%)
[2026-04-03T02:35:08.048+0600][74.730s][info][gc,heap     ] GC(127) Soft Max Capacity: 1500M(100%)
[2026-04-03T02:35:08.048+0600][74.730s][info][gc,heap     ] GC(127)                Mark Start          Mark End        Relocate Start      Relocate End           High               Low         
[2026-04-03T02:35:08.048+0600][74.730s][info][gc,heap     ] GC(127)  Capacity:     1500M (100%)       1500M (100%)       1500M (100%)       1500M (100%)       1500M (100%)       1500M (100%)   
[2026-04-03T02:35:08.048+0600][74.730s][info][gc,heap     ] GC(127)      Free:      988M (66%)         896M (60%)        1152M (77%)        1250M (83%)        1250M (83%)         850M (57%)    
[2026-04-03T02:35:08.048+0600][74.730s][info][gc,heap     ] GC(127)      Used:      512M (34%)         604M (40%)         348M (23%)         250M (17%)         650M (43%)         250M (17%)    
[2026-04-03T02:35:08.048+0600][74.730s][info][gc,heap     ] GC(127)      Live:         -               105M (7%)          105M (7%)          105M (7%)             -                  -          
[2026-04-03T02:35:08.048+0600][74.730s][info][gc,heap     ] GC(127) Allocated:         -                92M (6%)          104M (7%)          105M (7%)             -                  -          
[2026-04-03T02:35:08.048+0600][74.730s][info][gc,heap     ] GC(127)   Garbage:         -               406M (27%)         138M (9%)           38M (3%)             -                  -          
[2026-04-03T02:35:08.048+0600][74.730s][info][gc,heap     ] GC(127) Reclaimed:         -                  -               268M (18%)         367M (25%)            -                  -          
[2026-04-03T02:35:08.048+0600][74.730s][info][gc          ] GC(127) Garbage Collection (Allocation Rate) 512M(34%)->250M(17%)
[2026-04-03T02:35:08.321+0600][75.002s][info][gc,start    ] GC(128) Garbage Collection (Allocation Rate)
[2026-04-03T02:35:08.321+0600][75.002s][info][gc,task     ] GC(128) Using 2 workers
[2026-04-03T02:35:08.321+0600][75.003s][info][gc,phases   ] GC(128) Pause Mark Start 0.015ms
[2026-04-03T02:35:08.495+0600][75.176s][info][gc,phases   ] GC(128) Concurrent Mark 173.778ms
[2026-04-03T02:35:08.495+0600][75.177s][info][gc,phases   ] GC(128) Pause Mark End 0.037ms
[2026-04-03T02:35:08.495+0600][75.177s][info][gc,phases   ] GC(128) Concurrent Mark Free 0.002ms
[2026-04-03T02:35:08.526+0600][75.207s][info][gc,phases   ] GC(128) Concurrent Process Non-Strong References 30.359ms
[2026-04-03T02:35:08.526+0600][75.207s][info][gc,phases   ] GC(128) Concurrent Reset Relocation Set 0.013ms
[2026-04-03T02:35:08.530+0600][75.212s][info][gc,phases   ] GC(128) Concurrent Select Relocation Set 4.210ms
[2026-04-03T02:35:08.530+0600][75.212s][info][gc,phases   ] GC(128) Pause Relocate Start 0.016ms
[2026-04-03T02:35:08.538+0600][75.220s][info][gc,phases   ] GC(128) Concurrent Relocate 7.503ms
[2026-04-03T02:35:08.538+0600][75.220s][info][gc,load     ] GC(128) Load: 5.94/5.79/5.83
[2026-04-03T02:35:08.538+0600][75.220s][info][gc,mmu      ] GC(128) MMU: 2ms/89.3%, 5ms/95.7%, 10ms/97.9%, 20ms/98.9%, 50ms/99.6%, 100ms/99.8%
[2026-04-03T02:35:08.538+0600][75.220s][info][gc,marking  ] GC(128) Mark: 2 stripe(s), 2 proactive flush(es), 1 terminate flush(es), 0 completion(s), 0 continuation(s) 
[2026-04-03T02:35:08.538+0600][75.220s][info][gc,marking  ] GC(128) Mark Stack Usage: 32M
[2026-04-03T02:35:08.538+0600][75.220s][info][gc,nmethod  ] GC(128) NMethods: 15303 registered, 2473 unregistered
[2026-04-03T02:35:08.538+0600][75.220s][info][gc,metaspace] GC(128) Metaspace: 128M used, 129M committed, 1152M reserved
[2026-04-03T02:35:08.538+0600][75.220s][info][gc,ref      ] GC(128) Soft: 3432 encountered, 0 discovered, 0 enqueued
[2026-04-03T02:35:08.538+0600][75.220s][info][gc,ref      ] GC(128) Weak: 14737 encountered, 4733 discovered, 99 enqueued
[2026-04-03T02:35:08.538+0600][75.220s][info][gc,ref      ] GC(128) Final: 84 encountered, 64 discovered, 0 enqueued
[2026-04-03T02:35:08.538+0600][75.220s][info][gc,ref      ] GC(128) Phantom: 620 encountered, 480 discovered, 0 enqueued
[2026-04-03T02:35:08.538+0600][75.220s][info][gc,reloc    ] GC(128) Small Pages: 166 / 332M, Empty: 20M, Relocated: 6M, In-Place: 0
[2026-04-03T02:35:08.538+0600][75.220s][info][gc,reloc    ] GC(128) Medium Pages: 2 / 64M, Empty: 32M, Relocated: 0M, In-Place: 0
[2026-04-03T02:35:08.538+0600][75.220s][info][gc,reloc    ] GC(128) Large Pages: 3 / 18M, Empty: 18M, Relocated: 0M, In-Place: 0
[2026-04-03T02:35:08.538+0600][75.220s][info][gc,reloc    ] GC(128) Forwarding Usage: 1M
[2026-04-03T02:35:08.538+0600][75.220s][info][gc,heap     ] GC(128) Min Capacity: 8M(1%)
[2026-04-03T02:35:08.538+0600][75.220s][info][gc,heap     ] GC(128) Max Capacity: 1500M(100%)
[2026-04-03T02:35:08.538+0600][75.220s][info][gc,heap     ] GC(128) Soft Max Capacity: 1500M(100%)
[2026-04-03T02:35:08.538+0600][75.220s][info][gc,heap     ] GC(128)                Mark Start          Mark End        Relocate Start      Relocate End           High               Low         
[2026-04-03T02:35:08.539+0600][75.220s][info][gc,heap     ] GC(128)  Capacity:     1500M (100%)       1500M (100%)       1500M (100%)       1500M (100%)       1500M (100%)       1500M (100%)   
[2026-04-03T02:35:08.539+0600][75.220s][info][gc,heap     ] GC(128)      Free:     1086M (72%)         850M (57%)         886M (59%)        1070M (71%)        1086M (72%)         816M (54%)    
[2026-04-03T02:35:08.539+0600][75.220s][info][gc,heap     ] GC(128)      Used:      414M (28%)         650M (43%)         614M (41%)         430M (29%)         684M (46%)         414M (28%)    
[2026-04-03T02:35:08.539+0600][75.220s][info][gc,heap     ] GC(128)      Live:         -               107M (7%)          107M (7%)          107M (7%)             -                  -          
[2026-04-03T02:35:08.539+0600][75.220s][info][gc,heap     ] GC(128) Allocated:         -               236M (16%)         270M (18%)         285M (19%)            -                  -          
[2026-04-03T02:35:08.539+0600][75.220s][info][gc,heap     ] GC(128)   Garbage:         -               306M (20%)         236M (16%)          36M (2%)             -                  -          
[2026-04-03T02:35:08.539+0600][75.220s][info][gc,heap     ] GC(128) Reclaimed:         -                  -                70M (5%)          269M (18%)            -                  -          
[2026-04-03T02:35:08.539+0600][75.220s][info][gc          ] GC(128) Garbage Collection (Allocation Rate) 414M(28%)->430M(29%)
[2026-04-03T02:35:08.621+0600][75.303s][info][gc,start    ] GC(129) Garbage Collection (Allocation Rate)
[2026-04-03T02:35:08.621+0600][75.303s][info][gc,task     ] GC(129) Using 2 workers
[2026-04-03T02:35:08.621+0600][75.303s][info][gc,phases   ] GC(129) Pause Mark Start 0.015ms
[2026-04-03T02:35:08.765+0600][75.446s][info][gc,phases   ] GC(129) Concurrent Mark 143.369ms
[2026-04-03T02:35:08.765+0600][75.447s][info][gc,phases   ] GC(129) Pause Mark End 0.026ms
[2026-04-03T02:35:08.765+0600][75.447s][info][gc,phases   ] GC(129) Concurrent Mark Free 0.002ms
[2026-04-03T02:35:08.801+0600][75.482s][info][gc,phases   ] GC(129) Concurrent Process Non-Strong References 35.213ms
[2026-04-03T02:35:08.801+0600][75.482s][info][gc,phases   ] GC(129) Concurrent Reset Relocation Set 0.009ms
[2026-04-03T02:35:08.804+0600][75.485s][info][gc,phases   ] GC(129) Concurrent Select Relocation Set 3.168ms
[2026-04-03T02:35:08.804+0600][75.486s][info][gc,phases   ] GC(129) Pause Relocate Start 0.014ms
[2026-04-03T02:35:08.809+0600][75.491s][info][gc,phases   ] GC(129) Concurrent Relocate 5.284ms
[2026-04-03T02:35:08.810+0600][75.491s][info][gc,load     ] GC(129) Load: 5.94/5.79/5.83
[2026-04-03T02:35:08.810+0600][75.491s][info][gc,mmu      ] GC(129) MMU: 2ms/89.3%, 5ms/95.7%, 10ms/97.9%, 20ms/98.9%, 50ms/99.6%, 100ms/99.8%
[2026-04-03T02:35:08.810+0600][75.491s][info][gc,marking  ] GC(129) Mark: 2 stripe(s), 2 proactive flush(es), 1 terminate flush(es), 0 completion(s), 0 continuation(s) 
[2026-04-03T02:35:08.810+0600][75.491s][info][gc,marking  ] GC(129) Mark Stack Usage: 32M
[2026-04-03T02:35:08.810+0600][75.491s][info][gc,nmethod  ] GC(129) NMethods: 15285 registered, 2502 unregistered
[2026-04-03T02:35:08.810+0600][75.491s][info][gc,metaspace] GC(129) Metaspace: 128M used, 129M committed, 1152M reserved
[2026-04-03T02:35:08.810+0600][75.491s][info][gc,ref      ] GC(129) Soft: 3425 encountered, 0 discovered, 0 enqueued
[2026-04-03T02:35:08.810+0600][75.491s][info][gc,ref      ] GC(129) Weak: 15159 encountered, 5294 discovered, 19 enqueued
[2026-04-03T02:35:08.810+0600][75.491s][info][gc,ref      ] GC(129) Final: 84 encountered, 0 discovered, 0 enqueued
[2026-04-03T02:35:08.810+0600][75.491s][info][gc,ref      ] GC(129) Phantom: 620 encountered, 378 discovered, 0 enqueued
[2026-04-03T02:35:08.810+0600][75.491s][info][gc,reloc    ] GC(129) Small Pages: 192 / 384M, Empty: 100M, Relocated: 6M, In-Place: 0
[2026-04-03T02:35:08.810+0600][75.491s][info][gc,reloc    ] GC(129) Medium Pages: 4 / 128M, Empty: 96M, Relocated: 0M, In-Place: 0
[2026-04-03T02:35:08.810+0600][75.491s][info][gc,reloc    ] GC(129) Large Pages: 7 / 42M, Empty: 42M, Relocated: 0M, In-Place: 0
[2026-04-03T02:35:08.810+0600][75.491s][info][gc,reloc    ] GC(129) Forwarding Usage: 1M
[2026-04-03T02:35:08.810+0600][75.491s][info][gc,heap     ] GC(129) Min Capacity: 8M(1%)
[2026-04-03T02:35:08.810+0600][75.491s][info][gc,heap     ] GC(129) Max Capacity: 1500M(100%)
[2026-04-03T02:35:08.810+0600][75.491s][info][gc,heap     ] GC(129) Soft Max Capacity: 1500M(100%)
[2026-04-03T02:35:08.810+0600][75.491s][info][gc,heap     ] GC(129)                Mark Start          Mark End        Relocate Start      Relocate End           High               Low         
[2026-04-03T02:35:08.810+0600][75.491s][info][gc,heap     ] GC(129)  Capacity:     1500M (100%)       1500M (100%)       1500M (100%)       1500M (100%)       1500M (100%)       1500M (100%)   
[2026-04-03T02:35:08.810+0600][75.491s][info][gc,heap     ] GC(129)      Free:      946M (63%)         774M (52%)         936M (62%)        1100M (73%)        1108M (74%)         672M (45%)    
[2026-04-03T02:35:08.810+0600][75.491s][info][gc,heap     ] GC(129)      Used:      554M (37%)         726M (48%)         564M (38%)         400M (27%)         828M (55%)         392M (26%)    
[2026-04-03T02:35:08.810+0600][75.491s][info][gc,heap     ] GC(129)      Live:         -               106M (7%)          106M (7%)          106M (7%)             -                  -          
[2026-04-03T02:35:08.810+0600][75.491s][info][gc,heap     ] GC(129) Allocated:         -               172M (11%)         248M (17%)         257M (17%)            -                  -          
[2026-04-03T02:35:08.810+0600][75.491s][info][gc,heap     ] GC(129)   Garbage:         -               447M (30%)         209M (14%)          35M (2%)             -                  -          
[2026-04-03T02:35:08.810+0600][75.491s][info][gc,heap     ] GC(129) Reclaimed:         -                  -               238M (16%)         411M (27%)            -                  -          
[2026-04-03T02:35:08.810+0600][75.491s][info][gc          ] GC(129) Garbage Collection (Allocation Rate) 554M(37%)->400M(27%)
[2026-04-03T02:35:08.821+0600][75.503s][info][gc,start    ] GC(130) Garbage Collection (Allocation Rate)
[2026-04-03T02:35:08.821+0600][75.503s][info][gc,task     ] GC(130) Using 2 workers
[2026-04-03T02:35:08.822+0600][75.503s][info][gc,phases   ] GC(130) Pause Mark Start 0.017ms
[2026-04-03T02:35:09.004+0600][75.686s][info][gc,phases   ] GC(130) Concurrent Mark 182.701ms
[2026-04-03T02:35:09.005+0600][75.686s][info][gc,phases   ] GC(130) Pause Mark End 0.023ms
[2026-04-03T02:35:09.005+0600][75.686s][info][gc,phases   ] GC(130) Concurrent Mark Free 0.002ms
[2026-04-03T02:35:09.038+0600][75.719s][info][gc,phases   ] GC(130) Concurrent Process Non-Strong References 32.723ms
[2026-04-03T02:35:09.038+0600][75.719s][info][gc,phases   ] GC(130) Concurrent Reset Relocation Set 0.013ms
[2026-04-03T02:35:09.042+0600][75.723s][info][gc,phases   ] GC(130) Concurrent Select Relocation Set 3.995ms
[2026-04-03T02:35:09.042+0600][75.723s][info][gc,phases   ] GC(130) Pause Relocate Start 0.024ms
[2026-04-03T02:35:09.045+0600][75.726s][info][gc,phases   ] GC(130) Concurrent Relocate 2.862ms
[2026-04-03T02:35:09.045+0600][75.726s][info][gc,load     ] GC(130) Load: 5.94/5.79/5.83
[2026-04-03T02:35:09.045+0600][75.726s][info][gc,mmu      ] GC(130) MMU: 2ms/89.3%, 5ms/95.7%, 10ms/97.9%, 20ms/98.9%, 50ms/99.6%, 100ms/99.8%
[2026-04-03T02:35:09.045+0600][75.726s][info][gc,marking  ] GC(130) Mark: 2 stripe(s), 2 proactive flush(es), 1 terminate flush(es), 0 completion(s), 0 continuation(s) 
[2026-04-03T02:35:09.045+0600][75.726s][info][gc,marking  ] GC(130) Mark Stack Usage: 32M
[2026-04-03T02:35:09.045+0600][75.726s][info][gc,nmethod  ] GC(130) NMethods: 15285 registered, 2506 unregistered
[2026-04-03T02:35:09.045+0600][75.726s][info][gc,metaspace] GC(130) Metaspace: 128M used, 129M committed, 1152M reserved
[2026-04-03T02:35:09.045+0600][75.726s][info][gc,ref      ] GC(130) Soft: 3432 encountered, 0 discovered, 0 enqueued
[2026-04-03T02:35:09.045+0600][75.726s][info][gc,ref      ] GC(130) Weak: 15500 encountered, 3084 discovered, 14 enqueued
[2026-04-03T02:35:09.045+0600][75.726s][info][gc,ref      ] GC(130) Final: 84 encountered, 0 discovered, 0 enqueued
[2026-04-03T02:35:09.045+0600][75.726s][info][gc,ref      ] GC(130) Phantom: 620 encountered, 388 discovered, 0 enqueued
[2026-04-03T02:35:09.045+0600][75.726s][info][gc,reloc    ] GC(130) Small Pages: 143 / 286M, Empty: 56M, Relocated: 2M, In-Place: 0
[2026-04-03T02:35:09.045+0600][75.726s][info][gc,reloc    ] GC(130) Medium Pages: 3 / 96M, Empty: 64M, Relocated: 0M, In-Place: 0
[2026-04-03T02:35:09.045+0600][75.726s][info][gc,reloc    ] GC(130) Large Pages: 5 / 30M, Empty: 30M, Relocated: 0M, In-Place: 0
[2026-04-03T02:35:09.045+0600][75.726s][info][gc,reloc    ] GC(130) Forwarding Usage: 0M
[2026-04-03T02:35:09.045+0600][75.726s][info][gc,heap     ] GC(130) Min Capacity: 8M(1%)
[2026-04-03T02:35:09.045+0600][75.726s][info][gc,heap     ] GC(130) Max Capacity: 1500M(100%)
[2026-04-03T02:35:09.045+0600][75.726s][info][gc,heap     ] GC(130) Soft Max Capacity: 1500M(100%)
[2026-04-03T02:35:09.045+0600][75.726s][info][gc,heap     ] GC(130)                Mark Start          Mark End        Relocate Start      Relocate End           High               Low         
[2026-04-03T02:35:09.045+0600][75.726s][info][gc,heap     ] GC(130)  Capacity:     1500M (100%)       1500M (100%)       1500M (100%)       1500M (100%)       1500M (100%)       1500M (100%)   
[2026-04-03T02:35:09.045+0600][75.726s][info][gc,heap     ] GC(130)      Free:     1088M (73%)         818M (55%)         910M (61%)        1026M (68%)        1088M (73%)         760M (51%)    
[2026-04-03T02:35:09.045+0600][75.726s][info][gc,heap     ] GC(130)      Used:      412M (27%)         682M (45%)         590M (39%)         474M (32%)         740M (49%)         412M (27%)    
[2026-04-03T02:35:09.045+0600][75.727s][info][gc,heap     ] GC(130)      Live:         -               108M (7%)          108M (7%)          108M (7%)             -                  -          
[2026-04-03T02:35:09.045+0600][75.727s][info][gc,heap     ] GC(130) Allocated:         -               270M (18%)         328M (22%)         327M (22%)            -                  -          
[2026-04-03T02:35:09.045+0600][75.727s][info][gc,heap     ] GC(130)   Garbage:         -               303M (20%)         153M (10%)          37M (3%)             -                  -          
[2026-04-03T02:35:09.045+0600][75.727s][info][gc,heap     ] GC(130) Reclaimed:         -                  -               150M (10%)         265M (18%)            -                  -          
[2026-04-03T02:35:09.045+0600][75.727s][info][gc          ] GC(130) Garbage Collection (Allocation Rate) 412M(27%)->474M(32%)
[2026-04-03T02:35:09.122+0600][75.803s][info][gc,start    ] GC(131) Garbage Collection (Allocation Rate)
[2026-04-03T02:35:09.122+0600][75.803s][info][gc,task     ] GC(131) Using 2 workers
[2026-04-03T02:35:09.122+0600][75.803s][info][gc,phases   ] GC(131) Pause Mark Start 0.014ms
[2026-04-03T02:35:09.271+0600][75.953s][info][gc,phases   ] GC(131) Concurrent Mark 149.352ms
[2026-04-03T02:35:09.272+0600][75.953s][info][gc,phases   ] GC(131) Pause Mark End 0.023ms
[2026-04-03T02:35:09.272+0600][75.953s][info][gc,phases   ] GC(131) Concurrent Mark Free 0.002ms
[2026-04-03T02:35:09.290+0600][75.972s][info][gc,phases   ] GC(131) Concurrent Process Non-Strong References 18.554ms
[2026-04-03T02:35:09.291+0600][75.972s][info][gc,phases   ] GC(131) Concurrent Reset Relocation Set 0.005ms
[2026-04-03T02:35:09.294+0600][75.975s][info][gc,phases   ] GC(131) Concurrent Select Relocation Set 3.242ms
[2026-04-03T02:35:09.294+0600][75.976s][info][gc,phases   ] GC(131) Pause Relocate Start 0.013ms
[2026-04-03T02:35:09.299+0600][75.981s][info][gc,phases   ] GC(131) Concurrent Relocate 4.802ms
[2026-04-03T02:35:09.299+0600][75.981s][info][gc,load     ] GC(131) Load: 5.94/5.79/5.83
[2026-04-03T02:35:09.299+0600][75.981s][info][gc,mmu      ] GC(131) MMU: 2ms/89.3%, 5ms/95.7%, 10ms/97.9%, 20ms/98.9%, 50ms/99.6%, 100ms/99.8%
[2026-04-03T02:35:09.299+0600][75.981s][info][gc,marking  ] GC(131) Mark: 2 stripe(s), 2 proactive flush(es), 1 terminate flush(es), 0 completion(s), 0 continuation(s) 
[2026-04-03T02:35:09.299+0600][75.981s][info][gc,marking  ] GC(131) Mark Stack Usage: 32M
[2026-04-03T02:35:09.299+0600][75.981s][info][gc,nmethod  ] GC(131) NMethods: 15297 registered, 2510 unregistered
[2026-04-03T02:35:09.299+0600][75.981s][info][gc,metaspace] GC(131) Metaspace: 128M used, 129M committed, 1152M reserved
[2026-04-03T02:35:09.299+0600][75.981s][info][gc,ref      ] GC(131) Soft: 3432 encountered, 0 discovered, 0 enqueued
[2026-04-03T02:35:09.299+0600][75.981s][info][gc,ref      ] GC(131) Weak: 16053 encountered, 4877 discovered, 14 enqueued
[2026-04-03T02:35:09.299+0600][75.981s][info][gc,ref      ] GC(131) Final: 84 encountered, 0 discovered, 0 enqueued
[2026-04-03T02:35:09.299+0600][75.981s][info][gc,ref      ] GC(131) Phantom: 620 encountered, 577 discovered, 0 enqueued
[2026-04-03T02:35:09.299+0600][75.981s][info][gc,reloc    ] GC(131) Small Pages: 215 / 430M, Empty: 138M, Relocated: 5M, In-Place: 0
[2026-04-03T02:35:09.299+0600][75.981s][info][gc,reloc    ] GC(131) Medium Pages: 4 / 128M, Empty: 96M, Relocated: 0M, In-Place: 0
[2026-04-03T02:35:09.299+0600][75.981s][info][gc,reloc    ] GC(131) Large Pages: 8 / 48M, Empty: 48M, Relocated: 0M, In-Place: 0
[2026-04-03T02:35:09.299+0600][75.981s][info][gc,reloc    ] GC(131) Forwarding Usage: 1M
[2026-04-03T02:35:09.299+0600][75.981s][info][gc,heap     ] GC(131) Min Capacity: 8M(1%)
[2026-04-03T02:35:09.299+0600][75.981s][info][gc,heap     ] GC(131) Max Capacity: 1500M(100%)
[2026-04-03T02:35:09.299+0600][75.981s][info][gc,heap     ] GC(131) Soft Max Capacity: 1500M(100%)
[2026-04-03T02:35:09.299+0600][75.981s][info][gc,heap     ] GC(131)                Mark Start          Mark End        Relocate Start      Relocate End           High               Low         
[2026-04-03T02:35:09.299+0600][75.981s][info][gc,heap     ] GC(131)  Capacity:     1500M (100%)       1500M (100%)       1500M (100%)       1500M (100%)       1500M (100%)       1500M (100%)   
[2026-04-03T02:35:09.299+0600][75.981s][info][gc,heap     ] GC(131)      Free:      894M (60%)         754M (50%)        1022M (68%)        1188M (79%)        1192M (79%)         744M (50%)    
[2026-04-03T02:35:09.299+0600][75.981s][info][gc,heap     ] GC(131)      Used:      606M (40%)         746M (50%)         478M (32%)         312M (21%)         756M (50%)         308M (21%)    
[2026-04-03T02:35:09.299+0600][75.981s][info][gc,heap     ] GC(131)      Live:         -               109M (7%)          109M (7%)          109M (7%)             -                  -          
[2026-04-03T02:35:09.299+0600][75.981s][info][gc,heap     ] GC(131) Allocated:         -               140M (9%)          154M (10%)         163M (11%)            -                  -          
[2026-04-03T02:35:09.300+0600][75.981s][info][gc,heap     ] GC(131)   Garbage:         -               496M (33%)         214M (14%)          38M (3%)             -                  -          
[2026-04-03T02:35:09.300+0600][75.981s][info][gc,heap     ] GC(131) Reclaimed:         -                  -               282M (19%)         457M (31%)            -                  -          
[2026-04-03T02:35:09.300+0600][75.981s][info][gc          ] GC(131) Garbage Collection (Allocation Rate) 606M(40%)->312M(21%)
[2026-04-03T02:35:09.922+0600][76.603s][info][gc,start    ] GC(132) Garbage Collection (Allocation Rate)
[2026-04-03T02:35:09.922+0600][76.603s][info][gc,task     ] GC(132) Using 2 workers
[2026-04-03T02:35:09.922+0600][76.603s][info][gc,phases   ] GC(132) Pause Mark Start 0.014ms
[2026-04-03T02:35:10.120+0600][76.802s][info][gc,phases   ] GC(132) Concurrent Mark 198.235ms
[2026-04-03T02:35:10.122+0600][76.804s][info][gc,phases   ] GC(132) Pause Mark End 0.041ms
[2026-04-03T02:35:10.126+0600][76.807s][info][gc,phases   ] GC(132) Concurrent Mark Free 0.003ms
[2026-04-03T02:35:10.177+0600][76.859s][info][gc,phases   ] GC(132) Concurrent Process Non-Strong References 51.388ms
[2026-04-03T02:35:10.177+0600][76.859s][info][gc,phases   ] GC(132) Concurrent Reset Relocation Set 0.013ms
[2026-04-03T02:35:10.189+0600][76.870s][info][gc,phases   ] GC(132) Concurrent Select Relocation Set 11.596ms
[2026-04-03T02:35:10.191+0600][76.872s][info][gc,phases   ] GC(132) Pause Relocate Start 0.022ms
[2026-04-03T02:35:10.206+0600][76.887s][info][gc,phases   ] GC(132) Concurrent Relocate 14.597ms
[2026-04-03T02:35:10.206+0600][76.887s][info][gc,load     ] GC(132) Load: 6.27/5.86/5.85
[2026-04-03T02:35:10.206+0600][76.887s][info][gc,mmu      ] GC(132) MMU: 2ms/89.3%, 5ms/95.7%, 10ms/97.9%, 20ms/98.9%, 50ms/99.6%, 100ms/99.8%
[2026-04-03T02:35:10.206+0600][76.887s][info][gc,marking  ] GC(132) Mark: 2 stripe(s), 2 proactive flush(es), 1 terminate flush(es), 0 completion(s), 0 continuation(s) 
[2026-04-03T02:35:10.206+0600][76.887s][info][gc,marking  ] GC(132) Mark Stack Usage: 32M
[2026-04-03T02:35:10.206+0600][76.887s][info][gc,nmethod  ] GC(132) NMethods: 15299 registered, 2537 unregistered
[2026-04-03T02:35:10.206+0600][76.887s][info][gc,metaspace] GC(132) Metaspace: 128M used, 129M committed, 1152M reserved
[2026-04-03T02:35:10.206+0600][76.887s][info][gc,ref      ] GC(132) Soft: 3432 encountered, 0 discovered, 0 enqueued
[2026-04-03T02:35:10.206+0600][76.887s][info][gc,ref      ] GC(132) Weak: 17044 encountered, 6337 discovered, 1616 enqueued
[2026-04-03T02:35:10.206+0600][76.887s][info][gc,ref      ] GC(132) Final: 84 encountered, 0 discovered, 0 enqueued
[2026-04-03T02:35:10.206+0600][76.887s][info][gc,ref      ] GC(132) Phantom: 620 encountered, 592 discovered, 0 enqueued
[2026-04-03T02:35:10.206+0600][76.887s][info][gc,reloc    ] GC(132) Small Pages: 379 / 758M, Empty: 218M, Relocated: 10M, In-Place: 0
[2026-04-03T02:35:10.206+0600][76.888s][info][gc,reloc    ] GC(132) Medium Pages: 5 / 160M, Empty: 128M, Relocated: 0M, In-Place: 0
[2026-04-03T02:35:10.206+0600][76.888s][info][gc,reloc    ] GC(132) Large Pages: 15 / 90M, Empty: 90M, Relocated: 0M, In-Place: 0
[2026-04-03T02:35:10.206+0600][76.888s][info][gc,reloc    ] GC(132) Forwarding Usage: 2M
[2026-04-03T02:35:10.206+0600][76.888s][info][gc,heap     ] GC(132) Min Capacity: 8M(1%)
[2026-04-03T02:35:10.206+0600][76.888s][info][gc,heap     ] GC(132) Max Capacity: 1500M(100%)
[2026-04-03T02:35:10.206+0600][76.888s][info][gc,heap     ] GC(132) Soft Max Capacity: 1500M(100%)
[2026-04-03T02:35:10.206+0600][76.888s][info][gc,heap     ] GC(132)                Mark Start          Mark End        Relocate Start      Relocate End           High               Low         
[2026-04-03T02:35:10.206+0600][76.888s][info][gc,heap     ] GC(132)  Capacity:     1500M (100%)       1500M (100%)       1500M (100%)       1500M (100%)       1500M (100%)       1500M (100%)   
[2026-04-03T02:35:10.206+0600][76.888s][info][gc,heap     ] GC(132)      Free:      492M (33%)         312M (21%)         662M (44%)        1070M (71%)        1078M (72%)         240M (16%)    
[2026-04-03T02:35:10.206+0600][76.888s][info][gc,heap     ] GC(132)      Used:     1008M (67%)        1188M (79%)         838M (56%)         430M (29%)        1260M (84%)         422M (28%)    
[2026-04-03T02:35:10.206+0600][76.888s][info][gc,heap     ] GC(132)      Live:         -               109M (7%)          109M (7%)          109M (7%)             -                  -          
[2026-04-03T02:35:10.206+0600][76.888s][info][gc,heap     ] GC(132) Allocated:         -               180M (12%)         266M (18%)         283M (19%)            -                  -          
[2026-04-03T02:35:10.206+0600][76.888s][info][gc,heap     ] GC(132)   Garbage:         -               898M (60%)         462M (31%)          36M (2%)             -                  -          
[2026-04-03T02:35:10.206+0600][76.888s][info][gc,heap     ] GC(132) Reclaimed:         -                  -               436M (29%)         861M (57%)            -                  -          
[2026-04-03T02:35:10.206+0600][76.888s][info][gc          ] GC(132) Garbage Collection (Allocation Rate) 1008M(67%)->430M(29%)
[2026-04-03T02:35:10.521+0600][77.203s][info][gc,start    ] GC(133) Garbage Collection (Allocation Rate)
[2026-04-03T02:35:10.521+0600][77.203s][info][gc,task     ] GC(133) Using 2 workers
[2026-04-03T02:35:10.522+0600][77.203s][info][gc,phases   ] GC(133) Pause Mark Start 0.013ms
[2026-04-03T02:35:10.688+0600][77.369s][info][gc,phases   ] GC(133) Concurrent Mark 165.764ms
[2026-04-03T02:35:10.688+0600][77.369s][info][gc,phases   ] GC(133) Pause Mark End 0.032ms
[2026-04-03T02:35:10.688+0600][77.370s][info][gc,phases   ] GC(133) Concurrent Mark Free 0.004ms
[2026-04-03T02:35:10.720+0600][77.401s][info][gc,phases   ] GC(133) Concurrent Process Non-Strong References 31.556ms
[2026-04-03T02:35:10.720+0600][77.401s][info][gc,phases   ] GC(133) Concurrent Reset Relocation Set 0.025ms
[2026-04-03T02:35:10.724+0600][77.405s][info][gc,phases   ] GC(133) Concurrent Select Relocation Set 3.802ms
[2026-04-03T02:35:10.724+0600][77.406s][info][gc,phases   ] GC(133) Pause Relocate Start 0.018ms
[2026-04-03T02:35:10.735+0600][77.416s][info][gc,phases   ] GC(133) Concurrent Relocate 10.346ms
[2026-04-03T02:35:10.735+0600][77.416s][info][gc,load     ] GC(133) Load: 6.27/5.86/5.85
[2026-04-03T02:35:10.735+0600][77.416s][info][gc,mmu      ] GC(133) MMU: 2ms/89.3%, 5ms/95.7%, 10ms/97.9%, 20ms/98.9%, 50ms/99.6%, 100ms/99.8%
[2026-04-03T02:35:10.735+0600][77.416s][info][gc,marking  ] GC(133) Mark: 2 stripe(s), 2 proactive flush(es), 1 terminate flush(es), 0 completion(s), 0 continuation(s) 
[2026-04-03T02:35:10.735+0600][77.416s][info][gc,marking  ] GC(133) Mark Stack Usage: 32M
[2026-04-03T02:35:10.735+0600][77.416s][info][gc,nmethod  ] GC(133) NMethods: 15322 registered, 2549 unregistered
[2026-04-03T02:35:10.735+0600][77.416s][info][gc,metaspace] GC(133) Metaspace: 128M used, 129M committed, 1152M reserved
[2026-04-03T02:35:10.735+0600][77.416s][info][gc,ref      ] GC(133) Soft: 3424 encountered, 0 discovered, 0 enqueued
[2026-04-03T02:35:10.735+0600][77.416s][info][gc,ref      ] GC(133) Weak: 16290 encountered, 6373 discovered, 1710 enqueued
[2026-04-03T02:35:10.735+0600][77.416s][info][gc,ref      ] GC(133) Final: 84 encountered, 0 discovered, 0 enqueued
[2026-04-03T02:35:10.735+0600][77.416s][info][gc,ref      ] GC(133) Phantom: 620 encountered, 494 discovered, 0 enqueued
[2026-04-03T02:35:10.735+0600][77.416s][info][gc,reloc    ] GC(133) Small Pages: 288 / 576M, Empty: 154M, Relocated: 6M, In-Place: 0
[2026-04-03T02:35:10.735+0600][77.416s][info][gc,reloc    ] GC(133) Medium Pages: 4 / 128M, Empty: 96M, Relocated: 0M, In-Place: 0
[2026-04-03T02:35:10.735+0600][77.416s][info][gc,reloc    ] GC(133) Large Pages: 12 / 72M, Empty: 72M, Relocated: 0M, In-Place: 0
[2026-04-03T02:35:10.735+0600][77.416s][info][gc,reloc    ] GC(133) Forwarding Usage: 2M
[2026-04-03T02:35:10.735+0600][77.416s][info][gc,heap     ] GC(133) Min Capacity: 8M(1%)
[2026-04-03T02:35:10.735+0600][77.416s][info][gc,heap     ] GC(133) Max Capacity: 1500M(100%)
[2026-04-03T02:35:10.735+0600][77.416s][info][gc,heap     ] GC(133) Soft Max Capacity: 1500M(100%)
[2026-04-03T02:35:10.735+0600][77.416s][info][gc,heap     ] GC(133)                Mark Start          Mark End        Relocate Start      Relocate End           High               Low         
[2026-04-03T02:35:10.735+0600][77.416s][info][gc,heap     ] GC(133)  Capacity:     1500M (100%)       1500M (100%)       1500M (100%)       1500M (100%)       1500M (100%)       1500M (100%)   
[2026-04-03T02:35:10.735+0600][77.416s][info][gc,heap     ] GC(133)      Free:      724M (48%)         506M (34%)         760M (51%)        1048M (70%)        1056M (70%)         448M (30%)    
[2026-04-03T02:35:10.735+0600][77.416s][info][gc,heap     ] GC(133)      Used:      776M (52%)         994M (66%)         740M (49%)         452M (30%)        1052M (70%)         444M (30%)    
[2026-04-03T02:35:10.735+0600][77.416s][info][gc,heap     ] GC(133)      Live:         -               107M (7%)          107M (7%)          107M (7%)             -                  -          
[2026-04-03T02:35:10.735+0600][77.416s][info][gc,heap     ] GC(133) Allocated:         -               218M (15%)         286M (19%)         307M (21%)            -                  -          
[2026-04-03T02:35:10.735+0600][77.416s][info][gc,heap     ] GC(133)   Garbage:         -               668M (45%)         346M (23%)          36M (2%)             -                  -          
[2026-04-03T02:35:10.735+0600][77.417s][info][gc,heap     ] GC(133) Reclaimed:         -                  -               322M (21%)         631M (42%)            -                  -          
[2026-04-03T02:35:10.735+0600][77.417s][info][gc          ] GC(133) Garbage Collection (Allocation Rate) 776M(52%)->452M(30%)
[2026-04-03T02:35:10.922+0600][77.603s][info][gc,start    ] GC(134) Garbage Collection (Allocation Rate)
[2026-04-03T02:35:10.922+0600][77.603s][info][gc,task     ] GC(134) Using 2 workers
[2026-04-03T02:35:10.922+0600][77.603s][info][gc,phases   ] GC(134) Pause Mark Start 0.020ms
[2026-04-03T02:35:11.056+0600][77.737s][info][gc,phases   ] GC(134) Concurrent Mark 133.714ms
[2026-04-03T02:35:11.056+0600][77.738s][info][gc,phases   ] GC(134) Pause Mark End 0.040ms
[2026-04-03T02:35:11.056+0600][77.738s][info][gc,phases   ] GC(134) Concurrent Mark Free 0.001ms
[2026-04-03T02:35:11.085+0600][77.767s][info][gc,phases   ] GC(134) Concurrent Process Non-Strong References 28.942ms
[2026-04-03T02:35:11.086+0600][77.767s][info][gc,phases   ] GC(134) Concurrent Reset Relocation Set 0.020ms
[2026-04-03T02:35:11.091+0600][77.772s][info][gc,phases   ] GC(134) Concurrent Select Relocation Set 4.994ms
[2026-04-03T02:35:11.091+0600][77.772s][info][gc,phases   ] GC(134) Pause Relocate Start 0.019ms
[2026-04-03T02:35:11.098+0600][77.779s][info][gc,phases   ] GC(134) Concurrent Relocate 6.776ms
[2026-04-03T02:35:11.098+0600][77.780s][info][gc,load     ] GC(134) Load: 6.27/5.86/5.85
[2026-04-03T02:35:11.098+0600][77.780s][info][gc,mmu      ] GC(134) MMU: 2ms/89.3%, 5ms/95.7%, 10ms/97.9%, 20ms/98.9%, 50ms/99.6%, 100ms/99.8%
[2026-04-03T02:35:11.098+0600][77.780s][info][gc,marking  ] GC(134) Mark: 2 stripe(s), 8 proactive flush(es), 1 terminate flush(es), 0 completion(s), 0 continuation(s) 
[2026-04-03T02:35:11.098+0600][77.780s][info][gc,marking  ] GC(134) Mark Stack Usage: 32M
[2026-04-03T02:35:11.098+0600][77.780s][info][gc,nmethod  ] GC(134) NMethods: 15329 registered, 2558 unregistered
[2026-04-03T02:35:11.098+0600][77.780s][info][gc,metaspace] GC(134) Metaspace: 128M used, 129M committed, 1152M reserved
[2026-04-03T02:35:11.098+0600][77.780s][info][gc,ref      ] GC(134) Soft: 3428 encountered, 0 discovered, 0 enqueued
[2026-04-03T02:35:11.098+0600][77.780s][info][gc,ref      ] GC(134) Weak: 15269 encountered, 4063 discovered, 570 enqueued
[2026-04-03T02:35:11.098+0600][77.780s][info][gc,ref      ] GC(134) Final: 84 encountered, 0 discovered, 0 enqueued
[2026-04-03T02:35:11.098+0600][77.780s][info][gc,ref      ] GC(134) Phantom: 627 encountered, 418 discovered, 0 enqueued
[2026-04-03T02:35:11.098+0600][77.780s][info][gc,reloc    ] GC(134) Small Pages: 294 / 588M, Empty: 300M, Relocated: 5M, In-Place: 0
[2026-04-03T02:35:11.098+0600][77.780s][info][gc,reloc    ] GC(134) Medium Pages: 3 / 96M, Empty: 64M, Relocated: 0M, In-Place: 0
[2026-04-03T02:35:11.098+0600][77.780s][info][gc,reloc    ] GC(134) Large Pages: 23 / 138M, Empty: 114M, Relocated: 0M, In-Place: 0
[2026-04-03T02:35:11.098+0600][77.780s][info][gc,reloc    ] GC(134) Forwarding Usage: 1M
[2026-04-03T02:35:11.098+0600][77.780s][info][gc,heap     ] GC(134) Min Capacity: 8M(1%)
[2026-04-03T02:35:11.098+0600][77.780s][info][gc,heap     ] GC(134) Max Capacity: 1500M(100%)
[2026-04-03T02:35:11.098+0600][77.780s][info][gc,heap     ] GC(134) Soft Max Capacity: 1500M(100%)
[2026-04-03T02:35:11.098+0600][77.780s][info][gc,heap     ] GC(134)                Mark Start          Mark End        Relocate Start      Relocate End           High               Low         
[2026-04-03T02:35:11.098+0600][77.780s][info][gc,heap     ] GC(134)  Capacity:     1500M (100%)       1500M (100%)       1500M (100%)       1500M (100%)       1500M (100%)       1500M (100%)   
[2026-04-03T02:35:11.098+0600][77.780s][info][gc,heap     ] GC(134)      Free:      678M (45%)         192M (13%)         496M (33%)         580M (39%)         678M (45%)          44M (3%)     
[2026-04-03T02:35:11.098+0600][77.780s][info][gc,heap     ] GC(134)      Used:      822M (55%)        1308M (87%)        1004M (67%)         920M (61%)        1456M (97%)         822M (55%)    
[2026-04-03T02:35:11.098+0600][77.780s][info][gc,heap     ] GC(134)      Live:         -               133M (9%)          133M (9%)          133M (9%)             -                  -          
[2026-04-03T02:35:11.098+0600][77.780s][info][gc,heap     ] GC(134) Allocated:         -               486M (32%)         660M (44%)         747M (50%)            -                  -          
[2026-04-03T02:35:11.098+0600][77.780s][info][gc,heap     ] GC(134)   Garbage:         -               688M (46%)         210M (14%)          38M (3%)             -                  -          
[2026-04-03T02:35:11.098+0600][77.780s][info][gc,heap     ] GC(134) Reclaimed:         -                  -               478M (32%)         649M (43%)            -                  -          
[2026-04-03T02:35:11.098+0600][77.780s][info][gc          ] GC(134) Garbage Collection (Allocation Rate) 822M(55%)->920M(61%)
[2026-04-03T02:35:11.121+0600][77.802s][info][gc,start    ] GC(135) Garbage Collection (Allocation Rate)
[2026-04-03T02:35:11.121+0600][77.803s][info][gc,task     ] GC(135) Using 3 workers
[2026-04-03T02:35:11.121+0600][77.803s][info][gc,phases   ] GC(135) Pause Mark Start 0.017ms
[2026-04-03T02:35:11.216+0600][77.898s][info][gc,phases   ] GC(135) Concurrent Mark 94.708ms
[2026-04-03T02:35:11.216+0600][77.898s][info][gc,phases   ] GC(135) Pause Mark End 0.062ms
[2026-04-03T02:35:11.217+0600][77.898s][info][gc,phases   ] GC(135) Concurrent Mark Free 0.003ms
[2026-04-03T02:35:11.237+0600][77.919s][info][gc,phases   ] GC(135) Concurrent Process Non-Strong References 20.431ms
[2026-04-03T02:35:11.237+0600][77.919s][info][gc,phases   ] GC(135) Concurrent Reset Relocation Set 0.008ms
[2026-04-03T02:35:11.241+0600][77.922s][info][gc,phases   ] GC(135) Concurrent Select Relocation Set 3.468ms
[2026-04-03T02:35:11.241+0600][77.922s][info][gc,phases   ] GC(135) Pause Relocate Start 0.016ms
[2026-04-03T02:35:11.245+0600][77.927s][info][gc,phases   ] GC(135) Concurrent Relocate 3.948ms
[2026-04-03T02:35:11.245+0600][77.927s][info][gc,load     ] GC(135) Load: 6.27/5.86/5.85
[2026-04-03T02:35:11.245+0600][77.927s][info][gc,mmu      ] GC(135) MMU: 2ms/89.3%, 5ms/95.7%, 10ms/97.9%, 20ms/98.9%, 50ms/99.6%, 100ms/99.8%
[2026-04-03T02:35:11.245+0600][77.927s][info][gc,marking  ] GC(135) Mark: 2 stripe(s), 2 proactive flush(es), 1 terminate flush(es), 0 completion(s), 0 continuation(s) 
[2026-04-03T02:35:11.245+0600][77.927s][info][gc,marking  ] GC(135) Mark Stack Usage: 32M
[2026-04-03T02:35:11.245+0600][77.927s][info][gc,nmethod  ] GC(135) NMethods: 15328 registered, 2566 unregistered
[2026-04-03T02:35:11.245+0600][77.927s][info][gc,metaspace] GC(135) Metaspace: 128M used, 129M committed, 1152M reserved
[2026-04-03T02:35:11.245+0600][77.927s][info][gc,ref      ] GC(135) Soft: 3424 encountered, 0 discovered, 0 enqueued
[2026-04-03T02:35:11.245+0600][77.927s][info][gc,ref      ] GC(135) Weak: 14920 encountered, 3879 discovered, 228 enqueued
[2026-04-03T02:35:11.245+0600][77.927s][info][gc,ref      ] GC(135) Final: 84 encountered, 0 discovered, 0 enqueued
[2026-04-03T02:35:11.245+0600][77.927s][info][gc,ref      ] GC(135) Phantom: 620 encountered, 574 discovered, 0 enqueued
[2026-04-03T02:35:11.245+0600][77.927s][info][gc,reloc    ] GC(135) Small Pages: 131 / 262M, Empty: 20M, Relocated: 5M, In-Place: 0
[2026-04-03T02:35:11.245+0600][77.927s][info][gc,reloc    ] GC(135) Medium Pages: 2 / 64M, Empty: 32M, Relocated: 0M, In-Place: 0
[2026-04-03T02:35:11.245+0600][77.927s][info][gc,reloc    ] GC(135) Large Pages: 120 / 720M, Empty: 720M, Relocated: 0M, In-Place: 0
[2026-04-03T02:35:11.245+0600][77.927s][info][gc,reloc    ] GC(135) Forwarding Usage: 1M
[2026-04-03T02:35:11.245+0600][77.927s][info][gc,heap     ] GC(135) Min Capacity: 8M(1%)
[2026-04-03T02:35:11.245+0600][77.927s][info][gc,heap     ] GC(135) Max Capacity: 1500M(100%)
[2026-04-03T02:35:11.245+0600][77.927s][info][gc,heap     ] GC(135) Soft Max Capacity: 1500M(100%)
[2026-04-03T02:35:11.245+0600][77.927s][info][gc,heap     ] GC(135)                Mark Start          Mark End        Relocate Start      Relocate End           High               Low         
[2026-04-03T02:35:11.245+0600][77.927s][info][gc,heap     ] GC(135)  Capacity:     1500M (100%)       1500M (100%)       1500M (100%)       1500M (100%)       1500M (100%)       1500M (100%)   
[2026-04-03T02:35:11.245+0600][77.927s][info][gc,heap     ] GC(135)      Free:      454M (30%)         332M (22%)        1082M (72%)        1210M (81%)        1210M (81%)         230M (15%)    
[2026-04-03T02:35:11.245+0600][77.927s][info][gc,heap     ] GC(135)      Used:     1046M (70%)        1168M (78%)         418M (28%)         290M (19%)        1270M (85%)         290M (19%)    
[2026-04-03T02:35:11.245+0600][77.927s][info][gc,heap     ] GC(135)      Live:         -               104M (7%)          104M (7%)          104M (7%)             -                  -          
[2026-04-03T02:35:11.245+0600][77.927s][info][gc,heap     ] GC(135) Allocated:         -               122M (8%)          144M (10%)         147M (10%)            -                  -          
[2026-04-03T02:35:11.245+0600][77.927s][info][gc,heap     ] GC(135)   Garbage:         -               941M (63%)         169M (11%)          37M (3%)             -                  -          
[2026-04-03T02:35:11.245+0600][77.927s][info][gc,heap     ] GC(135) Reclaimed:         -                  -               772M (51%)         903M (60%)            -                  -          
[2026-04-03T02:35:11.245+0600][77.927s][info][gc          ] GC(135) Garbage Collection (Allocation Rate) 1046M(70%)->290M(19%)
[2026-04-03T02:35:11.321+0600][78.003s][info][gc,start    ] GC(136) Garbage Collection (Allocation Rate)
[2026-04-03T02:35:11.321+0600][78.003s][info][gc,task     ] GC(136) Using 3 workers
[2026-04-03T02:35:11.322+0600][78.003s][info][gc,phases   ] GC(136) Pause Mark Start 0.016ms
[2026-04-03T02:35:11.401+0600][78.083s][info][gc,phases   ] GC(136) Concurrent Mark 79.444ms
[2026-04-03T02:35:11.401+0600][78.083s][info][gc,phases   ] GC(136) Pause Mark End 0.031ms
[2026-04-03T02:35:11.402+0600][78.083s][info][gc,phases   ] GC(136) Concurrent Mark Free 0.002ms
[2026-04-03T02:35:11.415+0600][78.097s][info][gc,phases   ] GC(136) Concurrent Process Non-Strong References 13.885ms
[2026-04-03T02:35:11.416+0600][78.097s][info][gc,phases   ] GC(136) Concurrent Reset Relocation Set 0.008ms
[2026-04-03T02:35:11.418+0600][78.100s][info][gc,phases   ] GC(136) Concurrent Select Relocation Set 2.525ms
[2026-04-03T02:35:11.419+0600][78.100s][info][gc,phases   ] GC(136) Pause Relocate Start 0.012ms
[2026-04-03T02:35:11.421+0600][78.102s][info][gc,phases   ] GC(136) Concurrent Relocate 1.812ms
[2026-04-03T02:35:11.421+0600][78.102s][info][gc,load     ] GC(136) Load: 6.27/5.86/5.85
[2026-04-03T02:35:11.421+0600][78.102s][info][gc,mmu      ] GC(136) MMU: 2ms/89.3%, 5ms/95.7%, 10ms/97.9%, 20ms/98.9%, 50ms/99.6%, 100ms/99.8%
[2026-04-03T02:35:11.421+0600][78.102s][info][gc,marking  ] GC(136) Mark: 2 stripe(s), 2 proactive flush(es), 1 terminate flush(es), 0 completion(s), 0 continuation(s) 
[2026-04-03T02:35:11.421+0600][78.102s][info][gc,marking  ] GC(136) Mark Stack Usage: 32M
[2026-04-03T02:35:11.421+0600][78.102s][info][gc,nmethod  ] GC(136) NMethods: 15345 registered, 2570 unregistered
[2026-04-03T02:35:11.421+0600][78.102s][info][gc,metaspace] GC(136) Metaspace: 128M used, 129M committed, 1152M reserved
[2026-04-03T02:35:11.421+0600][78.102s][info][gc,ref      ] GC(136) Soft: 3424 encountered, 0 discovered, 0 enqueued
[2026-04-03T02:35:11.421+0600][78.102s][info][gc,ref      ] GC(136) Weak: 14936 encountered, 3840 discovered, 388 enqueued
[2026-04-03T02:35:11.421+0600][78.102s][info][gc,ref      ] GC(136) Final: 84 encountered, 0 discovered, 0 enqueued
[2026-04-03T02:35:11.421+0600][78.102s][info][gc,ref      ] GC(136) Phantom: 620 encountered, 390 discovered, 0 enqueued
[2026-04-03T02:35:11.421+0600][78.102s][info][gc,reloc    ] GC(136) Small Pages: 120 / 240M, Empty: 16M, Relocated: 2M, In-Place: 0
[2026-04-03T02:35:11.421+0600][78.102s][info][gc,reloc    ] GC(136) Medium Pages: 3 / 96M, Empty: 64M, Relocated: 0M, In-Place: 0
[2026-04-03T02:35:11.421+0600][78.102s][info][gc,reloc    ] GC(136) Large Pages: 5 / 30M, Empty: 30M, Relocated: 0M, In-Place: 0
[2026-04-03T02:35:11.421+0600][78.102s][info][gc,reloc    ] GC(136) Forwarding Usage: 0M
[2026-04-03T02:35:11.421+0600][78.102s][info][gc,heap     ] GC(136) Min Capacity: 8M(1%)
[2026-04-03T02:35:11.421+0600][78.102s][info][gc,heap     ] GC(136) Max Capacity: 1500M(100%)
[2026-04-03T02:35:11.421+0600][78.102s][info][gc,heap     ] GC(136) Soft Max Capacity: 1500M(100%)
[2026-04-03T02:35:11.421+0600][78.102s][info][gc,heap     ] GC(136)                Mark Start          Mark End        Relocate Start      Relocate End           High               Low         
[2026-04-03T02:35:11.421+0600][78.102s][info][gc,heap     ] GC(136)  Capacity:     1500M (100%)       1500M (100%)       1500M (100%)       1500M (100%)       1500M (100%)       1500M (100%)   
[2026-04-03T02:35:11.421+0600][78.102s][info][gc,heap     ] GC(136)      Free:     1134M (76%)        1084M (72%)        1184M (79%)        1296M (86%)        1296M (86%)        1074M (72%)    
[2026-04-03T02:35:11.421+0600][78.102s][info][gc,heap     ] GC(136)      Used:      366M (24%)         416M (28%)         316M (21%)         204M (14%)         426M (28%)         204M (14%)    
[2026-04-03T02:35:11.421+0600][78.102s][info][gc,heap     ] GC(136)      Live:         -               105M (7%)          105M (7%)          105M (7%)             -                  -          
[2026-04-03T02:35:11.421+0600][78.102s][info][gc,heap     ] GC(136) Allocated:         -                50M (3%)           60M (4%)           59M (4%)             -                  -          
[2026-04-03T02:35:11.421+0600][78.102s][info][gc,heap     ] GC(136)   Garbage:         -               260M (17%)         150M (10%)          38M (3%)             -                  -          
[2026-04-03T02:35:11.421+0600][78.102s][info][gc,heap     ] GC(136) Reclaimed:         -                  -               110M (7%)          221M (15%)            -                  -          
[2026-04-03T02:35:11.421+0600][78.102s][info][gc          ] GC(136) Garbage Collection (Allocation Rate) 366M(24%)->204M(14%)
[2026-04-03T02:35:11.721+0600][78.402s][info][gc,start    ] GC(137) Garbage Collection (Allocation Rate)
[2026-04-03T02:35:11.721+0600][78.402s][info][gc,task     ] GC(137) Using 3 workers
[2026-04-03T02:35:11.721+0600][78.403s][info][gc,phases   ] GC(137) Pause Mark Start 0.014ms
[2026-04-03T02:35:11.840+0600][78.521s][info][gc,phases   ] GC(137) Concurrent Mark 118.685ms
[2026-04-03T02:35:11.857+0600][78.538s][info][gc,phases   ] GC(137) Pause Mark End 0.060ms
[2026-04-03T02:35:11.857+0600][78.538s][info][gc,phases   ] GC(137) Concurrent Mark Free 0.006ms
[2026-04-03T02:35:11.876+0600][78.558s][info][gc,phases   ] GC(137) Concurrent Process Non-Strong References 19.036ms
[2026-04-03T02:35:11.876+0600][78.558s][info][gc,phases   ] GC(137) Concurrent Reset Relocation Set 0.008ms
[2026-04-03T02:35:11.879+0600][78.561s][info][gc,phases   ] GC(137) Concurrent Select Relocation Set 3.086ms
[2026-04-03T02:35:11.880+0600][78.561s][info][gc,phases   ] GC(137) Pause Relocate Start 0.017ms
[2026-04-03T02:35:11.885+0600][78.567s][info][gc,phases   ] GC(137) Concurrent Relocate 5.437ms
[2026-04-03T02:35:11.885+0600][78.567s][info][gc,load     ] GC(137) Load: 6.27/5.86/5.85
[2026-04-03T02:35:11.885+0600][78.567s][info][gc,mmu      ] GC(137) MMU: 2ms/89.3%, 5ms/95.7%, 10ms/97.9%, 20ms/98.9%, 50ms/99.6%, 100ms/99.8%
[2026-04-03T02:35:11.885+0600][78.567s][info][gc,marking  ] GC(137) Mark: 2 stripe(s), 2 proactive flush(es), 1 terminate flush(es), 0 completion(s), 0 continuation(s) 
[2026-04-03T02:35:11.885+0600][78.567s][info][gc,marking  ] GC(137) Mark Stack Usage: 32M
[2026-04-03T02:35:11.885+0600][78.567s][info][gc,nmethod  ] GC(137) NMethods: 15345 registered, 2574 unregistered
[2026-04-03T02:35:11.885+0600][78.567s][info][gc,metaspace] GC(137) Metaspace: 128M used, 129M committed, 1152M reserved
[2026-04-03T02:35:11.885+0600][78.567s][info][gc,ref      ] GC(137) Soft: 3424 encountered, 0 discovered, 0 enqueued
[2026-04-03T02:35:11.885+0600][78.567s][info][gc,ref      ] GC(137) Weak: 14813 encountered, 3743 discovered, 33 enqueued
[2026-04-03T02:35:11.885+0600][78.567s][info][gc,ref      ] GC(137) Final: 84 encountered, 0 discovered, 0 enqueued
[2026-04-03T02:35:11.885+0600][78.567s][info][gc,ref      ] GC(137) Phantom: 620 encountered, 292 discovered, 0 enqueued
[2026-04-03T02:35:11.885+0600][78.567s][info][gc,reloc    ] GC(137) Small Pages: 199 / 398M, Empty: 40M, Relocated: 5M, In-Place: 0
[2026-04-03T02:35:11.885+0600][78.567s][info][gc,reloc    ] GC(137) Medium Pages: 2 / 64M, Empty: 32M, Relocated: 0M, In-Place: 0
[2026-04-03T02:35:11.885+0600][78.567s][info][gc,reloc    ] GC(137) Large Pages: 4 / 24M, Empty: 24M, Relocated: 0M, In-Place: 0
[2026-04-03T02:35:11.885+0600][78.567s][info][gc,reloc    ] GC(137) Forwarding Usage: 1M
[2026-04-03T02:35:11.885+0600][78.567s][info][gc,heap     ] GC(137) Min Capacity: 8M(1%)
[2026-04-03T02:35:11.885+0600][78.567s][info][gc,heap     ] GC(137) Max Capacity: 1500M(100%)
[2026-04-03T02:35:11.885+0600][78.567s][info][gc,heap     ] GC(137) Soft Max Capacity: 1500M(100%)
[2026-04-03T02:35:11.885+0600][78.567s][info][gc,heap     ] GC(137)                Mark Start          Mark End        Relocate Start      Relocate End           High               Low         
[2026-04-03T02:35:11.886+0600][78.567s][info][gc,heap     ] GC(137)  Capacity:     1500M (100%)       1500M (100%)       1500M (100%)       1500M (100%)       1500M (100%)       1500M (100%)   
[2026-04-03T02:35:11.886+0600][78.567s][info][gc,heap     ] GC(137)      Free:     1014M (68%)         854M (57%)         924M (62%)        1162M (77%)        1164M (78%)         828M (55%)    
[2026-04-03T02:35:11.886+0600][78.567s][info][gc,heap     ] GC(137)      Used:      486M (32%)         646M (43%)         576M (38%)         338M (23%)         672M (45%)         336M (22%)    
[2026-04-03T02:35:11.886+0600][78.567s][info][gc,heap     ] GC(137)      Live:         -               105M (7%)          105M (7%)          105M (7%)             -                  -          
[2026-04-03T02:35:11.886+0600][78.567s][info][gc,heap     ] GC(137) Allocated:         -               160M (11%)         186M (12%)         193M (13%)            -                  -          
[2026-04-03T02:35:11.886+0600][78.567s][info][gc,heap     ] GC(137)   Garbage:         -               380M (25%)         284M (19%)          38M (3%)             -                  -          
[2026-04-03T02:35:11.886+0600][78.567s][info][gc,heap     ] GC(137) Reclaimed:         -                  -                96M (6%)          341M (23%)            -                  -          
[2026-04-03T02:35:11.886+0600][78.567s][info][gc          ] GC(137) Garbage Collection (Allocation Rate) 486M(32%)->338M(23%)
[2026-04-03T02:35:12.121+0600][78.803s][info][gc,start    ] GC(138) Garbage Collection (Allocation Rate)
[2026-04-03T02:35:12.121+0600][78.803s][info][gc,task     ] GC(138) Using 3 workers
[2026-04-03T02:35:12.122+0600][78.803s][info][gc,phases   ] GC(138) Pause Mark Start 0.011ms
[2026-04-03T02:35:12.251+0600][78.932s][info][gc,phases   ] GC(138) Concurrent Mark 129.006ms
[2026-04-03T02:35:12.251+0600][78.933s][info][gc,phases   ] GC(138) Pause Mark End 0.041ms
[2026-04-03T02:35:12.251+0600][78.933s][info][gc,phases   ] GC(138) Concurrent Mark Free 0.002ms
[2026-04-03T02:35:12.276+0600][78.957s][info][gc,phases   ] GC(138) Concurrent Process Non-Strong References 24.616ms
[2026-04-03T02:35:12.276+0600][78.958s][info][gc,phases   ] GC(138) Concurrent Reset Relocation Set 0.014ms
[2026-04-03T02:35:12.279+0600][78.961s][info][gc,phases   ] GC(138) Concurrent Select Relocation Set 3.114ms
[2026-04-03T02:35:12.279+0600][78.961s][info][gc,phases   ] GC(138) Pause Relocate Start 0.015ms
[2026-04-03T02:35:12.281+0600][78.962s][info][gc,phases   ] GC(138) Concurrent Relocate 1.115ms
[2026-04-03T02:35:12.281+0600][78.962s][info][gc,load     ] GC(138) Load: 6.27/5.86/5.85
[2026-04-03T02:35:12.281+0600][78.962s][info][gc,mmu      ] GC(138) MMU: 2ms/89.3%, 5ms/95.7%, 10ms/97.9%, 20ms/98.9%, 50ms/99.6%, 100ms/99.8%
[2026-04-03T02:35:12.281+0600][78.962s][info][gc,marking  ] GC(138) Mark: 2 stripe(s), 5 proactive flush(es), 1 terminate flush(es), 0 completion(s), 0 continuation(s) 
[2026-04-03T02:35:12.281+0600][78.962s][info][gc,marking  ] GC(138) Mark Stack Usage: 32M
[2026-04-03T02:35:12.281+0600][78.962s][info][gc,nmethod  ] GC(138) NMethods: 15348 registered, 2583 unregistered
[2026-04-03T02:35:12.281+0600][78.962s][info][gc,metaspace] GC(138) Metaspace: 128M used, 129M committed, 1152M reserved
[2026-04-03T02:35:12.281+0600][78.962s][info][gc,ref      ] GC(138) Soft: 3424 encountered, 0 discovered, 0 enqueued
[2026-04-03T02:35:12.281+0600][78.962s][info][gc,ref      ] GC(138) Weak: 15572 encountered, 2389 discovered, 14 enqueued
[2026-04-03T02:35:12.281+0600][78.962s][info][gc,ref      ] GC(138) Final: 84 encountered, 0 discovered, 0 enqueued
[2026-04-03T02:35:12.281+0600][78.962s][info][gc,ref      ] GC(138) Phantom: 620 encountered, 410 discovered, 0 enqueued
[2026-04-03T02:35:12.281+0600][78.962s][info][gc,reloc    ] GC(138) Small Pages: 237 / 474M, Empty: 184M, Relocated: 1M, In-Place: 0
[2026-04-03T02:35:12.281+0600][78.962s][info][gc,reloc    ] GC(138) Medium Pages: 4 / 128M, Empty: 96M, Relocated: 0M, In-Place: 0
[2026-04-03T02:35:12.281+0600][78.962s][info][gc,reloc    ] GC(138) Large Pages: 11 / 66M, Empty: 66M, Relocated: 0M, In-Place: 0
[2026-04-03T02:35:12.281+0600][78.962s][info][gc,reloc    ] GC(138) Forwarding Usage: 0M
[2026-04-03T02:35:12.281+0600][78.962s][info][gc,heap     ] GC(138) Min Capacity: 8M(1%)
[2026-04-03T02:35:12.281+0600][78.962s][info][gc,heap     ] GC(138) Max Capacity: 1500M(100%)
[2026-04-03T02:35:12.281+0600][78.962s][info][gc,heap     ] GC(138) Soft Max Capacity: 1500M(100%)
[2026-04-03T02:35:12.281+0600][78.962s][info][gc,heap     ] GC(138)                Mark Start          Mark End        Relocate Start      Relocate End           High               Low         
[2026-04-03T02:35:12.281+0600][78.962s][info][gc,heap     ] GC(138)  Capacity:     1500M (100%)       1500M (100%)       1500M (100%)       1500M (100%)       1500M (100%)       1500M (100%)   
[2026-04-03T02:35:12.281+0600][78.962s][info][gc,heap     ] GC(138)      Free:      832M (55%)         668M (45%)         992M (66%)        1166M (78%)        1166M (78%)         652M (43%)    
[2026-04-03T02:35:12.281+0600][78.962s][info][gc,heap     ] GC(138)      Used:      668M (45%)         832M (55%)         508M (34%)         334M (22%)         848M (57%)         334M (22%)    
[2026-04-03T02:35:12.281+0600][78.962s][info][gc,heap     ] GC(138)      Live:         -               106M (7%)          106M (7%)          106M (7%)             -                  -          
[2026-04-03T02:35:12.281+0600][78.962s][info][gc,heap     ] GC(138) Allocated:         -               164M (11%)         186M (12%)         185M (12%)            -                  -          
[2026-04-03T02:35:12.281+0600][78.962s][info][gc,heap     ] GC(138)   Garbage:         -               561M (37%)         215M (14%)          41M (3%)             -                  -          
[2026-04-03T02:35:12.281+0600][78.962s][info][gc,heap     ] GC(138) Reclaimed:         -                  -               346M (23%)         519M (35%)            -                  -          
[2026-04-03T02:35:12.281+0600][78.962s][info][gc          ] GC(138) Garbage Collection (Allocation Rate) 668M(45%)->334M(22%)
[2026-04-03T02:35:12.321+0600][79.003s][info][gc,start    ] GC(139) Garbage Collection (Allocation Rate)
[2026-04-03T02:35:12.322+0600][79.003s][info][gc,task     ] GC(139) Using 3 workers
[2026-04-03T02:35:12.322+0600][79.003s][info][gc,phases   ] GC(139) Pause Mark Start 0.014ms
[2026-04-03T02:35:12.436+0600][79.117s][info][gc,phases   ] GC(139) Concurrent Mark 113.964ms
[2026-04-03T02:35:12.436+0600][79.118s][info][gc,phases   ] GC(139) Pause Mark End 0.033ms
[2026-04-03T02:35:12.437+0600][79.118s][info][gc,phases   ] GC(139) Concurrent Mark Free 0.003ms
[2026-04-03T02:35:12.471+0600][79.152s][info][gc,phases   ] GC(139) Concurrent Process Non-Strong References 34.044ms
[2026-04-03T02:35:12.471+0600][79.152s][info][gc,phases   ] GC(139) Concurrent Reset Relocation Set 0.011ms
[2026-04-03T02:35:12.475+0600][79.156s][info][gc,phases   ] GC(139) Concurrent Select Relocation Set 4.098ms
[2026-04-03T02:35:12.475+0600][79.157s][info][gc,phases   ] GC(139) Pause Relocate Start 0.017ms
[2026-04-03T02:35:12.480+0600][79.162s][info][gc,phases   ] GC(139) Concurrent Relocate 4.966ms
[2026-04-03T02:35:12.480+0600][79.162s][info][gc,load     ] GC(139) Load: 6.27/5.86/5.85
[2026-04-03T02:35:12.480+0600][79.162s][info][gc,mmu      ] GC(139) MMU: 2ms/89.3%, 5ms/95.7%, 10ms/97.9%, 20ms/98.9%, 50ms/99.6%, 100ms/99.8%
[2026-04-03T02:35:12.480+0600][79.162s][info][gc,marking  ] GC(139) Mark: 2 stripe(s), 2 proactive flush(es), 1 terminate flush(es), 0 completion(s), 0 continuation(s) 
[2026-04-03T02:35:12.480+0600][79.162s][info][gc,marking  ] GC(139) Mark Stack Usage: 32M
[2026-04-03T02:35:12.480+0600][79.162s][info][gc,nmethod  ] GC(139) NMethods: 15347 registered, 2584 unregistered
[2026-04-03T02:35:12.480+0600][79.162s][info][gc,metaspace] GC(139) Metaspace: 128M used, 129M committed, 1152M reserved
[2026-04-03T02:35:12.480+0600][79.162s][info][gc,ref      ] GC(139) Soft: 3424 encountered, 0 discovered, 0 enqueued
[2026-04-03T02:35:12.480+0600][79.162s][info][gc,ref      ] GC(139) Weak: 15847 encountered, 3895 discovered, 15 enqueued
[2026-04-03T02:35:12.480+0600][79.162s][info][gc,ref      ] GC(139) Final: 84 encountered, 0 discovered, 0 enqueued
[2026-04-03T02:35:12.480+0600][79.162s][info][gc,ref      ] GC(139) Phantom: 620 encountered, 563 discovered, 0 enqueued
[2026-04-03T02:35:12.480+0600][79.162s][info][gc,reloc    ] GC(139) Small Pages: 146 / 292M, Empty: 68M, Relocated: 5M, In-Place: 0
[2026-04-03T02:35:12.480+0600][79.162s][info][gc,reloc    ] GC(139) Medium Pages: 3 / 96M, Empty: 64M, Relocated: 0M, In-Place: 0
[2026-04-03T02:35:12.480+0600][79.162s][info][gc,reloc    ] GC(139) Large Pages: 3 / 18M, Empty: 18M, Relocated: 0M, In-Place: 0
[2026-04-03T02:35:12.480+0600][79.162s][info][gc,reloc    ] GC(139) Forwarding Usage: 1M
[2026-04-03T02:35:12.480+0600][79.162s][info][gc,heap     ] GC(139) Min Capacity: 8M(1%)
[2026-04-03T02:35:12.481+0600][79.162s][info][gc,heap     ] GC(139) Max Capacity: 1500M(100%)
[2026-04-03T02:35:12.481+0600][79.162s][info][gc,heap     ] GC(139) Soft Max Capacity: 1500M(100%)
[2026-04-03T02:35:12.481+0600][79.162s][info][gc,heap     ] GC(139)                Mark Start          Mark End        Relocate Start      Relocate End           High               Low         
[2026-04-03T02:35:12.481+0600][79.162s][info][gc,heap     ] GC(139)  Capacity:     1500M (100%)       1500M (100%)       1500M (100%)       1500M (100%)       1500M (100%)       1500M (100%)   
[2026-04-03T02:35:12.481+0600][79.162s][info][gc,heap     ] GC(139)      Free:     1094M (73%)         954M (64%)        1052M (70%)        1164M (78%)        1164M (78%)         902M (60%)    
[2026-04-03T02:35:12.481+0600][79.162s][info][gc,heap     ] GC(139)      Used:      406M (27%)         546M (36%)         448M (30%)         336M (22%)         598M (40%)         336M (22%)    
[2026-04-03T02:35:12.481+0600][79.162s][info][gc,heap     ] GC(139)      Live:         -               106M (7%)          106M (7%)          106M (7%)             -                  -          
[2026-04-03T02:35:12.481+0600][79.162s][info][gc,heap     ] GC(139) Allocated:         -               140M (9%)          192M (13%)         191M (13%)            -                  -          
[2026-04-03T02:35:12.481+0600][79.162s][info][gc,heap     ] GC(139)   Garbage:         -               299M (20%)         149M (10%)          37M (2%)             -                  -          
[2026-04-03T02:35:12.481+0600][79.162s][info][gc,heap     ] GC(139) Reclaimed:         -                  -               150M (10%)         261M (17%)            -                  -          
[2026-04-03T02:35:12.481+0600][79.162s][info][gc          ] GC(139) Garbage Collection (Allocation Rate) 406M(27%)->336M(22%)
[2026-04-03T02:35:13.121+0600][79.803s][info][gc,start    ] GC(140) Garbage Collection (Allocation Rate)
[2026-04-03T02:35:13.121+0600][79.803s][info][gc,task     ] GC(140) Using 2 workers
[2026-04-03T02:35:13.122+0600][79.803s][info][gc,phases   ] GC(140) Pause Mark Start 0.017ms
[2026-04-03T02:35:13.336+0600][80.017s][info][gc,phases   ] GC(140) Concurrent Mark 213.917ms
[2026-04-03T02:35:13.336+0600][80.018s][info][gc,phases   ] GC(140) Pause Mark End 0.046ms
[2026-04-03T02:35:13.336+0600][80.018s][info][gc,phases   ] GC(140) Concurrent Mark Free 0.005ms
[2026-04-03T02:35:13.386+0600][80.068s][info][gc,phases   ] GC(140) Concurrent Process Non-Strong References 49.746ms
[2026-04-03T02:35:13.386+0600][80.068s][info][gc,phases   ] GC(140) Concurrent Reset Relocation Set 0.009ms
[2026-04-03T02:35:13.391+0600][80.072s][info][gc,phases   ] GC(140) Concurrent Select Relocation Set 4.619ms
[2026-04-03T02:35:13.391+0600][80.073s][info][gc,phases   ] GC(140) Pause Relocate Start 0.021ms
[2026-04-03T02:35:13.399+0600][80.080s][info][gc,phases   ] GC(140) Concurrent Relocate 7.064ms
[2026-04-03T02:35:13.399+0600][80.080s][info][gc,load     ] GC(140) Load: 6.27/5.86/5.85
[2026-04-03T02:35:13.399+0600][80.080s][info][gc,mmu      ] GC(140) MMU: 2ms/89.3%, 5ms/95.7%, 10ms/97.9%, 20ms/98.9%, 50ms/99.6%, 100ms/99.8%
[2026-04-03T02:35:13.399+0600][80.080s][info][gc,marking  ] GC(140) Mark: 2 stripe(s), 10 proactive flush(es), 1 terminate flush(es), 0 completion(s), 0 continuation(s) 
[2026-04-03T02:35:13.399+0600][80.080s][info][gc,marking  ] GC(140) Mark Stack Usage: 32M
[2026-04-03T02:35:13.399+0600][80.080s][info][gc,nmethod  ] GC(140) NMethods: 15353 registered, 2603 unregistered
[2026-04-03T02:35:13.399+0600][80.080s][info][gc,metaspace] GC(140) Metaspace: 128M used, 129M committed, 1152M reserved
[2026-04-03T02:35:13.399+0600][80.080s][info][gc,ref      ] GC(140) Soft: 3428 encountered, 0 discovered, 0 enqueued
[2026-04-03T02:35:13.399+0600][80.080s][info][gc,ref      ] GC(140) Weak: 16757 encountered, 5341 discovered, 1609 enqueued
[2026-04-03T02:35:13.399+0600][80.080s][info][gc,ref      ] GC(140) Final: 84 encountered, 0 discovered, 0 enqueued
[2026-04-03T02:35:13.399+0600][80.080s][info][gc,ref      ] GC(140) Phantom: 620 encountered, 592 discovered, 0 enqueued
[2026-04-03T02:35:13.399+0600][80.080s][info][gc,reloc    ] GC(140) Small Pages: 383 / 766M, Empty: 246M, Relocated: 6M, In-Place: 0
[2026-04-03T02:35:13.399+0600][80.080s][info][gc,reloc    ] GC(140) Medium Pages: 5 / 160M, Empty: 128M, Relocated: 0M, In-Place: 0
[2026-04-03T02:35:13.399+0600][80.080s][info][gc,reloc    ] GC(140) Large Pages: 15 / 90M, Empty: 90M, Relocated: 0M, In-Place: 0
[2026-04-03T02:35:13.399+0600][80.080s][info][gc,reloc    ] GC(140) Forwarding Usage: 1M
[2026-04-03T02:35:13.399+0600][80.080s][info][gc,heap     ] GC(140) Min Capacity: 8M(1%)
[2026-04-03T02:35:13.399+0600][80.080s][info][gc,heap     ] GC(140) Max Capacity: 1500M(100%)
[2026-04-03T02:35:13.399+0600][80.080s][info][gc,heap     ] GC(140) Soft Max Capacity: 1500M(100%)
[2026-04-03T02:35:13.399+0600][80.081s][info][gc,heap     ] GC(140)                Mark Start          Mark End        Relocate Start      Relocate End           High               Low         
[2026-04-03T02:35:13.399+0600][80.081s][info][gc,heap     ] GC(140)  Capacity:     1500M (100%)       1500M (100%)       1500M (100%)       1500M (100%)       1500M (100%)       1500M (100%)   
[2026-04-03T02:35:13.399+0600][80.081s][info][gc,heap     ] GC(140)      Free:      484M (32%)         238M (16%)         666M (44%)        1064M (71%)        1066M (71%)         110M (7%)     
[2026-04-03T02:35:13.399+0600][80.081s][info][gc,heap     ] GC(140)      Used:     1016M (68%)        1262M (84%)         834M (56%)         436M (29%)        1390M (93%)         434M (29%)    
[2026-04-03T02:35:13.399+0600][80.081s][info][gc,heap     ] GC(140)      Live:         -               110M (7%)          110M (7%)          110M (7%)             -                  -          
[2026-04-03T02:35:13.399+0600][80.081s][info][gc,heap     ] GC(140) Allocated:         -               246M (16%)         282M (19%)         287M (19%)            -                  -          
[2026-04-03T02:35:13.399+0600][80.081s][info][gc,heap     ] GC(140)   Garbage:         -               905M (60%)         441M (29%)          38M (3%)             -                  -          
[2026-04-03T02:35:13.399+0600][80.081s][info][gc,heap     ] GC(140) Reclaimed:         -                  -               464M (31%)         867M (58%)            -                  -          
[2026-04-03T02:35:13.399+0600][80.081s][info][gc          ] GC(140) Garbage Collection (Allocation Rate) 1016M(68%)->436M(29%)
[2026-04-03T02:35:13.422+0600][80.103s][info][gc,stats    ] === Garbage Collection Statistics =======================================================================================================================
[2026-04-03T02:35:13.422+0600][80.103s][info][gc,stats    ]                                                              Last 10s              Last 10m              Last 10h                Total
[2026-04-03T02:35:13.422+0600][80.103s][info][gc,stats    ]                                                              Avg / Max             Avg / Max             Avg / Max             Avg / Max
[2026-04-03T02:35:13.422+0600][80.103s][info][gc,stats    ]   Collector: Garbage Collection Cycle                    176.936 / 284.288     179.260 / 325.465     179.260 / 325.465     179.260 / 325.465     ms
[2026-04-03T02:35:13.422+0600][80.103s][info][gc,stats    ]  Contention: Mark Segment Reset Contention                    22 / 78               16 / 132              16 / 132              16 / 132         ops/s
[2026-04-03T02:35:13.422+0600][80.103s][info][gc,stats    ]  Contention: Mark SeqNum Reset Contention                      0 / 3                 0 / 4                 0 / 4                 0 / 4           ops/s
[2026-04-03T02:35:13.422+0600][80.103s][info][gc,stats    ]    Critical: Allocation Stall                                  0 / 0                 0 / 8                 0 / 8                 0 / 8           ops/s
[2026-04-03T02:35:13.422+0600][80.103s][info][gc,stats    ]    Critical: Allocation Stall                              0.000 / 0.000        13.320 / 29.651       13.320 / 29.651       13.320 / 29.651      ms
[2026-04-03T02:35:13.422+0600][80.103s][info][gc,stats    ]    Critical: GC Locker Stall                                   1 / 3                 0 / 3                 0 / 3                 0 / 3           ops/s
[2026-04-03T02:35:13.422+0600][80.103s][info][gc,stats    ]    Critical: GC Locker Stall                               0.023 / 0.117         0.041 / 0.205         0.041 / 0.205         0.041 / 0.205       ms
[2026-04-03T02:35:13.422+0600][80.104s][info][gc,stats    ]    Critical: Relocation Stall                                  0 / 0                 0 / 0                 0 / 0                 0 / 0           ops/s
[2026-04-03T02:35:13.422+0600][80.104s][info][gc,stats    ]    Critical: Relocation Stall                              0.000 / 0.000         0.000 / 0.000         0.000 / 0.000         0.000 / 0.000       ms
[2026-04-03T02:35:13.422+0600][80.104s][info][gc,stats    ]      Memory: Allocation Rate                                1409 / 2070           1009 / 2272           1009 / 2272           1009 / 2272        MB/s
[2026-04-03T02:35:13.422+0600][80.104s][info][gc,stats    ]      Memory: Defragment                                       76 / 170              34 / 172              34 / 172              34 / 172         ops/s
[2026-04-03T02:35:13.422+0600][80.104s][info][gc,stats    ]      Memory: Out Of Memory                                     0 / 0                 0 / 0                 0 / 0                 0 / 0           ops/s
[2026-04-03T02:35:13.422+0600][80.104s][info][gc,stats    ]      Memory: Page Cache Flush                                308 / 642             157 / 642             157 / 642             157 / 642         MB/s
[2026-04-03T02:35:13.422+0600][80.104s][info][gc,stats    ]      Memory: Page Cache Hit L1                               414 / 550             314 / 614             314 / 614             314 / 614         ops/s
[2026-04-03T02:35:13.422+0600][80.104s][info][gc,stats    ]      Memory: Page Cache Hit L2                                 0 / 0                 0 / 0                 0 / 0                 0 / 0           ops/s
[2026-04-03T02:35:13.422+0600][80.104s][info][gc,stats    ]      Memory: Page Cache Hit L3                                58 / 117              30 / 117              30 / 117              30 / 117         ops/s
[2026-04-03T02:35:13.422+0600][80.104s][info][gc,stats    ]      Memory: Page Cache Miss                                  16 / 57               11 / 66               11 / 66               11 / 66          ops/s
[2026-04-03T02:35:13.422+0600][80.104s][info][gc,stats    ]      Memory: Uncommit                                          0 / 0                 0 / 0                 0 / 0                 0 / 0           MB/s
[2026-04-03T02:35:13.422+0600][80.104s][info][gc,stats    ]      Memory: Undo Object Allocation Failed                     0 / 0                 0 / 1                 0 / 1                 0 / 1           ops/s
[2026-04-03T02:35:13.422+0600][80.104s][info][gc,stats    ]      Memory: Undo Object Allocation Succeeded                 68 / 483              11 / 483              11 / 483              11 / 483         ops/s
[2026-04-03T02:35:13.422+0600][80.104s][info][gc,stats    ]      Memory: Undo Page Allocation                              2 / 6                 1 / 7                 1 / 7                 1 / 7           ops/s
[2026-04-03T02:35:13.422+0600][80.104s][info][gc,stats    ]       Phase: Concurrent Mark                             134.954 / 213.917     135.743 / 253.223     135.743 / 253.223     135.743 / 253.223     ms
[2026-04-03T02:35:13.422+0600][80.104s][info][gc,stats    ]       Phase: Concurrent Mark Continue                      0.000 / 0.000         0.000 / 0.000         0.000 / 0.000         0.000 / 0.000       ms
[2026-04-03T02:35:13.422+0600][80.104s][info][gc,stats    ]       Phase: Concurrent Mark Free                          0.003 / 0.006         0.003 / 0.006         0.003 / 0.006         0.003 / 0.006       ms
[2026-04-03T02:35:13.422+0600][80.104s][info][gc,stats    ]       Phase: Concurrent Process Non-Strong References     28.905 / 64.793       28.733 / 80.610       28.733 / 80.610       28.733 / 80.610      ms
[2026-04-03T02:35:13.422+0600][80.104s][info][gc,stats    ]       Phase: Concurrent Relocate                           6.446 / 16.789        7.806 / 48.786        7.806 / 48.786        7.806 / 48.786      ms
[2026-04-03T02:35:13.422+0600][80.104s][info][gc,stats    ]       Phase: Concurrent Reset Relocation Set               0.013 / 0.039         0.014 / 0.121         0.014 / 0.121         0.014 / 0.121       ms
[2026-04-03T02:35:13.422+0600][80.104s][info][gc,stats    ]       Phase: Concurrent Select Relocation Set              3.982 / 11.596        4.117 / 13.433        4.117 / 13.433        4.117 / 13.433      ms
[2026-04-03T02:35:13.422+0600][80.104s][info][gc,stats    ]       Phase: Pause Mark End                                0.039 / 0.067         0.043 / 0.214         0.043 / 0.214         0.043 / 0.214       ms
[2026-04-03T02:35:13.422+0600][80.104s][info][gc,stats    ]       Phase: Pause Mark Start                              0.014 / 0.022         0.016 / 0.103         0.016 / 0.103         0.016 / 0.103       ms
[2026-04-03T02:35:13.422+0600][80.104s][info][gc,stats    ]       Phase: Pause Relocate Start                          0.017 / 0.025         0.019 / 0.143         0.019 / 0.143         0.019 / 0.143       ms
[2026-04-03T02:35:13.422+0600][80.104s][info][gc,stats    ]    Subphase: Concurrent Classes Purge                      0.097 / 0.211         0.164 / 2.367         0.164 / 2.367         0.164 / 2.367       ms
[2026-04-03T02:35:13.422+0600][80.104s][info][gc,stats    ]    Subphase: Concurrent Classes Unlink                    25.008 / 60.024       24.832 / 69.993       24.832 / 69.993       24.832 / 69.993      ms
[2026-04-03T02:35:13.422+0600][80.104s][info][gc,stats    ]    Subphase: Concurrent Mark                             125.918 / 211.395     126.530 / 250.492     126.530 / 250.492     126.530 / 250.492     ms
[2026-04-03T02:35:13.422+0600][80.104s][info][gc,stats    ]    Subphase: Concurrent Mark Try Flush                     0.504 / 13.573        0.611 / 31.130        0.611 / 31.130        0.611 / 31.130      ms
[2026-04-03T02:35:13.422+0600][80.104s][info][gc,stats    ]    Subphase: Concurrent Mark Try Terminate                 0.947 / 13.580        0.881 / 19.747        0.881 / 19.747        0.881 / 19.747      ms
[2026-04-03T02:35:13.422+0600][80.104s][info][gc,stats    ]    Subphase: Concurrent References Enqueue                 0.009 / 0.031         0.010 / 0.031         0.010 / 0.031         0.010 / 0.031       ms
[2026-04-03T02:35:13.422+0600][80.104s][info][gc,stats    ]    Subphase: Concurrent References Process                 0.812 / 1.832         0.877 / 2.906         0.877 / 2.906         0.877 / 2.906       ms
[2026-04-03T02:35:13.423+0600][80.104s][info][gc,stats    ]    Subphase: Concurrent Roots ClassLoaderDataGraph         0.418 / 0.982         0.440 / 1.050         0.440 / 1.050         0.440 / 1.050       ms
[2026-04-03T02:35:13.423+0600][80.104s][info][gc,stats    ]    Subphase: Concurrent Roots CodeCache                    0.000 / 0.000         0.000 / 0.000         0.000 / 0.000         0.000 / 0.000       ms
[2026-04-03T02:35:13.423+0600][80.104s][info][gc,stats    ]    Subphase: Concurrent Roots JavaThreads                  1.383 / 4.746         1.533 / 10.883        1.533 / 10.883        1.533 / 10.883      ms
[2026-04-03T02:35:13.423+0600][80.104s][info][gc,stats    ]    Subphase: Concurrent Roots OopStorageSet                0.095 / 0.581         0.098 / 0.581         0.098 / 0.581         0.098 / 0.581       ms
[2026-04-03T02:35:13.423+0600][80.104s][info][gc,stats    ]    Subphase: Concurrent Weak Roots OopStorageSet           1.644 / 3.860         1.718 / 6.701         1.718 / 6.701         1.718 / 6.701       ms
[2026-04-03T02:35:13.423+0600][80.104s][info][gc,stats    ]    Subphase: Pause Mark Try Complete                       0.000 / 0.000         0.006 / 0.014         0.006 / 0.014         0.006 / 0.014       ms
[2026-04-03T02:35:13.423+0600][80.104s][info][gc,stats    ]      System: Java Threads                                    284 / 287             269 / 290             269 / 290             269 / 290         threads
[2026-04-03T02:35:13.423+0600][80.104s][info][gc,stats    ] =========================================================================================================================================================
[2026-04-03T02:35:13.721+0600][80.402s][info][gc,start    ] GC(141) Garbage Collection (Allocation Rate)
[2026-04-03T02:35:13.721+0600][80.402s][info][gc,task     ] GC(141) Using 2 workers
[2026-04-03T02:35:13.721+0600][80.403s][info][gc,phases   ] GC(141) Pause Mark Start 0.014ms
[2026-04-03T02:35:13.843+0600][80.524s][info][gc,phases   ] GC(141) Concurrent Mark 121.264ms
[2026-04-03T02:35:13.843+0600][80.524s][info][gc,phases   ] GC(141) Pause Mark End 0.022ms
[2026-04-03T02:35:13.843+0600][80.524s][info][gc,phases   ] GC(141) Concurrent Mark Free 0.002ms
[2026-04-03T02:35:13.865+0600][80.546s][info][gc,phases   ] GC(141) Concurrent Process Non-Strong References 22.036ms
[2026-04-03T02:35:13.865+0600][80.547s][info][gc,phases   ] GC(141) Concurrent Reset Relocation Set 0.016ms
[2026-04-03T02:35:13.868+0600][80.550s][info][gc,phases   ] GC(141) Concurrent Select Relocation Set 3.001ms
[2026-04-03T02:35:13.868+0600][80.550s][info][gc,phases   ] GC(141) Pause Relocate Start 0.013ms
[2026-04-03T02:35:13.877+0600][80.559s][info][gc,phases   ] GC(141) Concurrent Relocate 8.929ms
[2026-04-03T02:35:13.878+0600][80.559s][info][gc,load     ] GC(141) Load: 6.27/5.86/5.85
[2026-04-03T02:35:13.878+0600][80.559s][info][gc,mmu      ] GC(141) MMU: 2ms/89.3%, 5ms/95.7%, 10ms/97.9%, 20ms/98.9%, 50ms/99.6%, 100ms/99.8%
[2026-04-03T02:35:13.878+0600][80.559s][info][gc,marking  ] GC(141) Mark: 2 stripe(s), 2 proactive flush(es), 1 terminate flush(es), 0 completion(s), 0 continuation(s) 
[2026-04-03T02:35:13.878+0600][80.559s][info][gc,marking  ] GC(141) Mark Stack Usage: 32M
[2026-04-03T02:35:13.878+0600][80.559s][info][gc,nmethod  ] GC(141) NMethods: 15355 registered, 2609 unregistered
[2026-04-03T02:35:13.878+0600][80.559s][info][gc,metaspace] GC(141) Metaspace: 128M used, 129M committed, 1152M reserved
[2026-04-03T02:35:13.878+0600][80.559s][info][gc,ref      ] GC(141) Soft: 3432 encountered, 0 discovered, 0 enqueued
[2026-04-03T02:35:13.878+0600][80.559s][info][gc,ref      ] GC(141) Weak: 16082 encountered, 6939 discovered, 1435 enqueued
[2026-04-03T02:35:13.878+0600][80.559s][info][gc,ref      ] GC(141) Final: 84 encountered, 0 discovered, 0 enqueued
[2026-04-03T02:35:13.878+0600][80.559s][info][gc,ref      ] GC(141) Phantom: 620 encountered, 573 discovered, 0 enqueued
[2026-04-03T02:35:13.878+0600][80.559s][info][gc,reloc    ] GC(141) Small Pages: 309 / 618M, Empty: 242M, Relocated: 10M, In-Place: 0
[2026-04-03T02:35:13.878+0600][80.559s][info][gc,reloc    ] GC(141) Medium Pages: 5 / 160M, Empty: 128M, Relocated: 0M, In-Place: 0
[2026-04-03T02:35:13.878+0600][80.559s][info][gc,reloc    ] GC(141) Large Pages: 13 / 78M, Empty: 78M, Relocated: 0M, In-Place: 0
[2026-04-03T02:35:13.878+0600][80.559s][info][gc,reloc    ] GC(141) Forwarding Usage: 3M
[2026-04-03T02:35:13.878+0600][80.559s][info][gc,heap     ] GC(141) Min Capacity: 8M(1%)
[2026-04-03T02:35:13.878+0600][80.559s][info][gc,heap     ] GC(141) Max Capacity: 1500M(100%)
[2026-04-03T02:35:13.878+0600][80.559s][info][gc,heap     ] GC(141) Soft Max Capacity: 1500M(100%)
[2026-04-03T02:35:13.878+0600][80.559s][info][gc,heap     ] GC(141)                Mark Start          Mark End        Relocate Start      Relocate End           High               Low         
[2026-04-03T02:35:13.878+0600][80.559s][info][gc,heap     ] GC(141)  Capacity:     1500M (100%)       1500M (100%)       1500M (100%)       1500M (100%)       1500M (100%)       1500M (100%)   
[2026-04-03T02:35:13.878+0600][80.559s][info][gc,heap     ] GC(141)      Free:      644M (43%)         504M (34%)         940M (63%)        1186M (79%)        1190M (79%)         496M (33%)    
[2026-04-03T02:35:13.878+0600][80.559s][info][gc,heap     ] GC(141)      Used:      856M (57%)         996M (66%)         560M (37%)         314M (21%)        1004M (67%)         310M (21%)    
[2026-04-03T02:35:13.878+0600][80.559s][info][gc,heap     ] GC(141)      Live:         -               109M (7%)          109M (7%)          109M (7%)             -                  -          
[2026-04-03T02:35:13.878+0600][80.559s][info][gc,heap     ] GC(141) Allocated:         -               140M (9%)          152M (10%)         167M (11%)            -                  -          
[2026-04-03T02:35:13.878+0600][80.559s][info][gc,heap     ] GC(141)   Garbage:         -               746M (50%)         298M (20%)          36M (2%)             -                  -          
[2026-04-03T02:35:13.878+0600][80.559s][info][gc,heap     ] GC(141) Reclaimed:         -                  -               448M (30%)         709M (47%)            -                  -          
[2026-04-03T02:35:13.878+0600][80.559s][info][gc          ] GC(141) Garbage Collection (Allocation Rate) 856M(57%)->314M(21%)
[2026-04-03T02:35:14.121+0600][80.803s][info][gc,start    ] GC(142) Garbage Collection (Allocation Rate)
[2026-04-03T02:35:14.121+0600][80.803s][info][gc,task     ] GC(142) Using 2 workers
[2026-04-03T02:35:14.122+0600][80.803s][info][gc,phases   ] GC(142) Pause Mark Start 0.016ms
[2026-04-03T02:35:14.268+0600][80.949s][info][gc,phases   ] GC(142) Concurrent Mark 145.782ms
[2026-04-03T02:35:14.268+0600][80.950s][info][gc,phases   ] GC(142) Pause Mark End 0.041ms
[2026-04-03T02:35:14.268+0600][80.950s][info][gc,phases   ] GC(142) Concurrent Mark Free 0.004ms
[2026-04-03T02:35:14.301+0600][80.982s][info][gc,phases   ] GC(142) Concurrent Process Non-Strong References 32.386ms
[2026-04-03T02:35:14.301+0600][80.982s][info][gc,phases   ] GC(142) Concurrent Reset Relocation Set 0.016ms
[2026-04-03T02:35:14.306+0600][80.988s][info][gc,phases   ] GC(142) Concurrent Select Relocation Set 5.106ms
[2026-04-03T02:35:14.306+0600][80.988s][info][gc,phases   ] GC(142) Pause Relocate Start 0.018ms
[2026-04-03T02:35:14.320+0600][81.002s][info][gc,phases   ] GC(142) Concurrent Relocate 13.605ms
[2026-04-03T02:35:14.320+0600][81.002s][info][gc,load     ] GC(142) Load: 6.27/5.86/5.85
[2026-04-03T02:35:14.320+0600][81.002s][info][gc,mmu      ] GC(142) MMU: 2ms/89.3%, 5ms/95.7%, 10ms/97.9%, 20ms/98.9%, 50ms/99.6%, 100ms/99.8%
[2026-04-03T02:35:14.320+0600][81.002s][info][gc,marking  ] GC(142) Mark: 2 stripe(s), 2 proactive flush(es), 1 terminate flush(es), 0 completion(s), 0 continuation(s) 
[2026-04-03T02:35:14.320+0600][81.002s][info][gc,marking  ] GC(142) Mark Stack Usage: 32M
[2026-04-03T02:35:14.320+0600][81.002s][info][gc,nmethod  ] GC(142) NMethods: 15361 registered, 2613 unregistered
[2026-04-03T02:35:14.320+0600][81.002s][info][gc,metaspace] GC(142) Metaspace: 128M used, 129M committed, 1152M reserved
[2026-04-03T02:35:14.320+0600][81.002s][info][gc,ref      ] GC(142) Soft: 3431 encountered, 0 discovered, 0 enqueued
[2026-04-03T02:35:14.320+0600][81.002s][info][gc,ref      ] GC(142) Weak: 15243 encountered, 4022 discovered, 307 enqueued
[2026-04-03T02:35:14.320+0600][81.002s][info][gc,ref      ] GC(142) Final: 84 encountered, 0 discovered, 0 enqueued
[2026-04-03T02:35:14.320+0600][81.002s][info][gc,ref      ] GC(142) Phantom: 620 encountered, 559 discovered, 0 enqueued
[2026-04-03T02:35:14.320+0600][81.002s][info][gc,reloc    ] GC(142) Small Pages: 293 / 586M, Empty: 196M, Relocated: 10M, In-Place: 0
[2026-04-03T02:35:14.320+0600][81.002s][info][gc,reloc    ] GC(142) Medium Pages: 3 / 96M, Empty: 64M, Relocated: 0M, In-Place: 0
[2026-04-03T02:35:14.320+0600][81.002s][info][gc,reloc    ] GC(142) Large Pages: 8 / 48M, Empty: 48M, Relocated: 0M, In-Place: 0
[2026-04-03T02:35:14.321+0600][81.002s][info][gc,reloc    ] GC(142) Forwarding Usage: 4M
[2026-04-03T02:35:14.321+0600][81.002s][info][gc,heap     ] GC(142) Min Capacity: 8M(1%)
[2026-04-03T02:35:14.321+0600][81.002s][info][gc,heap     ] GC(142) Max Capacity: 1500M(100%)
[2026-04-03T02:35:14.321+0600][81.002s][info][gc,heap     ] GC(142) Soft Max Capacity: 1500M(100%)
[2026-04-03T02:35:14.321+0600][81.002s][info][gc,heap     ] GC(142)                Mark Start          Mark End        Relocate Start      Relocate End           High               Low         
[2026-04-03T02:35:14.321+0600][81.002s][info][gc,heap     ] GC(142)  Capacity:     1500M (100%)       1500M (100%)       1500M (100%)       1500M (100%)       1500M (100%)       1500M (100%)   
[2026-04-03T02:35:14.321+0600][81.002s][info][gc,heap     ] GC(142)      Free:      770M (51%)         504M (34%)         554M (37%)         772M (51%)         772M (51%)         278M (19%)    
[2026-04-03T02:35:14.321+0600][81.002s][info][gc,heap     ] GC(142)      Used:      730M (49%)         996M (66%)         946M (63%)         728M (49%)        1222M (81%)         728M (49%)    
[2026-04-03T02:35:14.321+0600][81.002s][info][gc,heap     ] GC(142)      Live:         -               111M (7%)          111M (7%)          111M (7%)             -                  -          
[2026-04-03T02:35:14.321+0600][81.002s][info][gc,heap     ] GC(142) Allocated:         -               266M (18%)         524M (35%)         577M (39%)            -                  -          
[2026-04-03T02:35:14.321+0600][81.002s][info][gc,heap     ] GC(142)   Garbage:         -               618M (41%)         310M (21%)          38M (3%)             -                  -          
[2026-04-03T02:35:14.321+0600][81.002s][info][gc,heap     ] GC(142) Reclaimed:         -                  -               308M (21%)         579M (39%)            -                  -          
[2026-04-03T02:35:14.321+0600][81.002s][info][gc          ] GC(142) Garbage Collection (Allocation Rate) 730M(49%)->728M(49%)
[2026-04-03T02:35:14.321+0600][81.003s][info][gc,start    ] GC(143) Garbage Collection (Allocation Rate)
[2026-04-03T02:35:14.322+0600][81.003s][info][gc,task     ] GC(143) Using 2 workers
[2026-04-03T02:35:14.322+0600][81.003s][info][gc,phases   ] GC(143) Pause Mark Start 0.016ms
[2026-04-03T02:35:14.468+0600][81.149s][info][gc,phases   ] GC(143) Concurrent Mark 145.503ms
[2026-04-03T02:35:14.470+0600][81.151s][info][gc,phases   ] GC(143) Pause Mark End 0.046ms
[2026-04-03T02:35:14.470+0600][81.152s][info][gc,phases   ] GC(143) Concurrent Mark Free 0.002ms
[2026-04-03T02:35:14.501+0600][81.183s][info][gc,phases   ] GC(143) Concurrent Process Non-Strong References 31.304ms
[2026-04-03T02:35:14.502+0600][81.183s][info][gc,phases   ] GC(143) Concurrent Reset Relocation Set 0.017ms
[2026-04-03T02:35:14.505+0600][81.187s][info][gc,phases   ] GC(143) Concurrent Select Relocation Set 3.444ms
[2026-04-03T02:35:14.505+0600][81.187s][info][gc,phases   ] GC(143) Pause Relocate Start 0.014ms
[2026-04-03T02:35:14.510+0600][81.191s][info][gc,phases   ] GC(143) Concurrent Relocate 4.417ms
[2026-04-03T02:35:14.510+0600][81.191s][info][gc,load     ] GC(143) Load: 6.27/5.86/5.85
[2026-04-03T02:35:14.510+0600][81.191s][info][gc,mmu      ] GC(143) MMU: 2ms/89.3%, 5ms/95.7%, 10ms/97.9%, 20ms/98.9%, 50ms/99.6%, 100ms/99.8%
[2026-04-03T02:35:14.510+0600][81.191s][info][gc,marking  ] GC(143) Mark: 2 stripe(s), 2 proactive flush(es), 1 terminate flush(es), 0 completion(s), 0 continuation(s) 
[2026-04-03T02:35:14.510+0600][81.191s][info][gc,marking  ] GC(143) Mark Stack Usage: 32M
[2026-04-03T02:35:14.510+0600][81.191s][info][gc,nmethod  ] GC(143) NMethods: 15363 registered, 2617 unregistered
[2026-04-03T02:35:14.510+0600][81.192s][info][gc,metaspace] GC(143) Metaspace: 128M used, 129M committed, 1152M reserved
[2026-04-03T02:35:14.510+0600][81.192s][info][gc,ref      ] GC(143) Soft: 3424 encountered, 0 discovered, 0 enqueued
[2026-04-03T02:35:14.510+0600][81.192s][info][gc,ref      ] GC(143) Weak: 15235 encountered, 3768 discovered, 559 enqueued
[2026-04-03T02:35:14.510+0600][81.192s][info][gc,ref      ] GC(143) Final: 84 encountered, 0 discovered, 0 enqueued
[2026-04-03T02:35:14.510+0600][81.192s][info][gc,ref      ] GC(143) Phantom: 620 encountered, 421 discovered, 0 enqueued
[2026-04-03T02:35:14.510+0600][81.192s][info][gc,reloc    ] GC(143) Small Pages: 128 / 256M, Empty: 46M, Relocated: 3M, In-Place: 0
[2026-04-03T02:35:14.510+0600][81.192s][info][gc,reloc    ] GC(143) Medium Pages: 2 / 64M, Empty: 32M, Relocated: 0M, In-Place: 0
[2026-04-03T02:35:14.510+0600][81.192s][info][gc,reloc    ] GC(143) Large Pages: 68 / 408M, Empty: 408M, Relocated: 0M, In-Place: 0
[2026-04-03T02:35:14.510+0600][81.192s][info][gc,reloc    ] GC(143) Forwarding Usage: 0M
[2026-04-03T02:35:14.510+0600][81.192s][info][gc,heap     ] GC(143) Min Capacity: 8M(1%)
[2026-04-03T02:35:14.510+0600][81.192s][info][gc,heap     ] GC(143) Max Capacity: 1500M(100%)
[2026-04-03T02:35:14.510+0600][81.192s][info][gc,heap     ] GC(143) Soft Max Capacity: 1500M(100%)
[2026-04-03T02:35:14.510+0600][81.192s][info][gc,heap     ] GC(143)                Mark Start          Mark End        Relocate Start      Relocate End           High               Low         
[2026-04-03T02:35:14.510+0600][81.192s][info][gc,heap     ] GC(143)  Capacity:     1500M (100%)       1500M (100%)       1500M (100%)       1500M (100%)       1500M (100%)       1500M (100%)   
[2026-04-03T02:35:14.510+0600][81.192s][info][gc,heap     ] GC(143)      Free:      772M (51%)         324M (22%)         740M (49%)         832M (55%)         832M (55%)         262M (17%)    
[2026-04-03T02:35:14.510+0600][81.192s][info][gc,heap     ] GC(143)      Used:      728M (49%)        1176M (78%)         760M (51%)         668M (45%)        1238M (83%)         668M (45%)    
[2026-04-03T02:35:14.510+0600][81.192s][info][gc,heap     ] GC(143)      Live:         -               107M (7%)          107M (7%)          107M (7%)             -                  -          
[2026-04-03T02:35:14.510+0600][81.192s][info][gc,heap     ] GC(143) Allocated:         -               448M (30%)         518M (35%)         523M (35%)            -                  -          
[2026-04-03T02:35:14.510+0600][81.192s][info][gc,heap     ] GC(143)   Garbage:         -               620M (41%)         134M (9%)           36M (2%)             -                  -          
[2026-04-03T02:35:14.510+0600][81.192s][info][gc,heap     ] GC(143) Reclaimed:         -                  -               486M (32%)         583M (39%)            -                  -          
[2026-04-03T02:35:14.510+0600][81.192s][info][gc          ] GC(143) Garbage Collection (Allocation Rate) 728M(49%)->668M(45%)
[2026-04-03T02:35:14.522+0600][81.203s][info][gc,start    ] GC(144) Garbage Collection (Allocation Rate)
[2026-04-03T02:35:14.522+0600][81.203s][info][gc,task     ] GC(144) Using 2 workers
[2026-04-03T02:35:14.523+0600][81.204s][info][gc,phases   ] GC(144) Pause Mark Start 0.018ms
[2026-04-03T02:35:14.674+0600][81.356s][info][gc,phases   ] GC(144) Concurrent Mark 150.998ms
[2026-04-03T02:35:14.674+0600][81.356s][info][gc,phases   ] GC(144) Pause Mark End 0.036ms
[2026-04-03T02:35:14.675+0600][81.356s][info][gc,phases   ] GC(144) Concurrent Mark Free 0.002ms
[2026-04-03T02:35:14.704+0600][81.386s][info][gc,phases   ] GC(144) Concurrent Process Non-Strong References 29.452ms
[2026-04-03T02:35:14.704+0600][81.386s][info][gc,phases   ] GC(144) Concurrent Reset Relocation Set 0.008ms
[2026-04-03T02:35:14.707+0600][81.388s][info][gc,phases   ] GC(144) Concurrent Select Relocation Set 2.817ms
[2026-04-03T02:35:14.707+0600][81.389s][info][gc,phases   ] GC(144) Pause Relocate Start 0.014ms
[2026-04-03T02:35:14.714+0600][81.396s][info][gc,phases   ] GC(144) Concurrent Relocate 7.103ms
[2026-04-03T02:35:14.714+0600][81.396s][info][gc,load     ] GC(144) Load: 6.27/5.86/5.85
[2026-04-03T02:35:14.714+0600][81.396s][info][gc,mmu      ] GC(144) MMU: 2ms/89.3%, 5ms/95.7%, 10ms/97.9%, 20ms/98.9%, 50ms/99.6%, 100ms/99.8%
[2026-04-03T02:35:14.714+0600][81.396s][info][gc,marking  ] GC(144) Mark: 2 stripe(s), 2 proactive flush(es), 1 terminate flush(es), 0 completion(s), 0 continuation(s) 
[2026-04-03T02:35:14.714+0600][81.396s][info][gc,marking  ] GC(144) Mark Stack Usage: 32M
[2026-04-03T02:35:14.714+0600][81.396s][info][gc,nmethod  ] GC(144) NMethods: 15371 registered, 2621 unregistered
[2026-04-03T02:35:14.714+0600][81.396s][info][gc,metaspace] GC(144) Metaspace: 128M used, 129M committed, 1152M reserved
[2026-04-03T02:35:14.714+0600][81.396s][info][gc,ref      ] GC(144) Soft: 3432 encountered, 0 discovered, 0 enqueued
[2026-04-03T02:35:14.714+0600][81.396s][info][gc,ref      ] GC(144) Weak: 14909 encountered, 4722 discovered, 218 enqueued
[2026-04-03T02:35:14.714+0600][81.396s][info][gc,ref      ] GC(144) Final: 84 encountered, 0 discovered, 0 enqueued
[2026-04-03T02:35:14.714+0600][81.396s][info][gc,ref      ] GC(144) Phantom: 620 encountered, 423 discovered, 0 enqueued
[2026-04-03T02:35:14.715+0600][81.396s][info][gc,reloc    ] GC(144) Small Pages: 118 / 236M, Empty: 12M, Relocated: 8M, In-Place: 0
[2026-04-03T02:35:14.715+0600][81.396s][info][gc,reloc    ] GC(144) Medium Pages: 2 / 64M, Empty: 32M, Relocated: 0M, In-Place: 0
[2026-04-03T02:35:14.715+0600][81.396s][info][gc,reloc    ] GC(144) Large Pages: 67 / 402M, Empty: 402M, Relocated: 0M, In-Place: 0
[2026-04-03T02:35:14.715+0600][81.396s][info][gc,reloc    ] GC(144) Forwarding Usage: 2M
[2026-04-03T02:35:14.715+0600][81.396s][info][gc,heap     ] GC(144) Min Capacity: 8M(1%)
[2026-04-03T02:35:14.715+0600][81.396s][info][gc,heap     ] GC(144) Max Capacity: 1500M(100%)
[2026-04-03T02:35:14.715+0600][81.396s][info][gc,heap     ] GC(144) Soft Max Capacity: 1500M(100%)
[2026-04-03T02:35:14.715+0600][81.396s][info][gc,heap     ] GC(144)                Mark Start          Mark End        Relocate Start      Relocate End           High               Low         
[2026-04-03T02:35:14.715+0600][81.396s][info][gc,heap     ] GC(144)  Capacity:     1500M (100%)       1500M (100%)       1500M (100%)       1500M (100%)       1500M (100%)       1500M (100%)   
[2026-04-03T02:35:14.715+0600][81.396s][info][gc,heap     ] GC(144)      Free:      798M (53%)         614M (41%)        1014M (68%)        1126M (75%)        1126M (75%)         574M (38%)    
[2026-04-03T02:35:14.715+0600][81.396s][info][gc,heap     ] GC(144)      Used:      702M (47%)         886M (59%)         486M (32%)         374M (25%)         926M (62%)         374M (25%)    
[2026-04-03T02:35:14.715+0600][81.396s][info][gc,heap     ] GC(144)      Live:         -               107M (7%)          107M (7%)          107M (7%)             -                  -          
[2026-04-03T02:35:14.715+0600][81.396s][info][gc,heap     ] GC(144) Allocated:         -               184M (12%)         230M (15%)         229M (15%)            -                  -          
[2026-04-03T02:35:14.715+0600][81.396s][info][gc,heap     ] GC(144)   Garbage:         -               594M (40%)         148M (10%)          36M (2%)             -                  -          
[2026-04-03T02:35:14.715+0600][81.396s][info][gc,heap     ] GC(144) Reclaimed:         -                  -               446M (30%)         557M (37%)            -                  -          
[2026-04-03T02:35:14.715+0600][81.396s][info][gc          ] GC(144) Garbage Collection (Allocation Rate) 702M(47%)->374M(25%)
[2026-04-03T02:35:14.721+0600][81.402s][info][gc,start    ] GC(145) Garbage Collection (Allocation Rate)
[2026-04-03T02:35:14.721+0600][81.402s][info][gc,task     ] GC(145) Using 2 workers
[2026-04-03T02:35:14.721+0600][81.402s][info][gc,phases   ] GC(145) Pause Mark Start 0.008ms
[2026-04-03T02:35:14.821+0600][81.503s][info][gc,phases   ] GC(145) Concurrent Mark 100.284ms
[2026-04-03T02:35:14.821+0600][81.503s][info][gc,phases   ] GC(145) Pause Mark End 0.021ms
[2026-04-03T02:35:14.822+0600][81.503s][info][gc,phases   ] GC(145) Concurrent Mark Free 0.001ms
[2026-04-03T02:35:14.840+0600][81.522s][info][gc,phases   ] GC(145) Concurrent Process Non-Strong References 18.664ms
[2026-04-03T02:35:14.840+0600][81.522s][info][gc,phases   ] GC(145) Concurrent Reset Relocation Set 0.009ms
[2026-04-03T02:35:14.843+0600][81.524s][info][gc,phases   ] GC(145) Concurrent Select Relocation Set 2.302ms
[2026-04-03T02:35:14.843+0600][81.524s][info][gc,phases   ] GC(145) Pause Relocate Start 0.009ms
[2026-04-03T02:35:14.845+0600][81.526s][info][gc,phases   ] GC(145) Concurrent Relocate 2.026ms
[2026-04-03T02:35:14.845+0600][81.526s][info][gc,load     ] GC(145) Load: 6.27/5.86/5.85
[2026-04-03T02:35:14.845+0600][81.526s][info][gc,mmu      ] GC(145) MMU: 2ms/89.3%, 5ms/95.7%, 10ms/97.9%, 20ms/98.9%, 50ms/99.6%, 100ms/99.8%
[2026-04-03T02:35:14.845+0600][81.526s][info][gc,marking  ] GC(145) Mark: 2 stripe(s), 2 proactive flush(es), 1 terminate flush(es), 0 completion(s), 0 continuation(s) 
[2026-04-03T02:35:14.845+0600][81.526s][info][gc,marking  ] GC(145) Mark Stack Usage: 32M
[2026-04-03T02:35:14.845+0600][81.526s][info][gc,nmethod  ] GC(145) NMethods: 15366 registered, 2626 unregistered
[2026-04-03T02:35:14.845+0600][81.526s][info][gc,metaspace] GC(145) Metaspace: 128M used, 129M committed, 1152M reserved
[2026-04-03T02:35:14.845+0600][81.526s][info][gc,ref      ] GC(145) Soft: 3424 encountered, 0 discovered, 0 enqueued
[2026-04-03T02:35:14.845+0600][81.527s][info][gc,ref      ] GC(145) Weak: 14948 encountered, 5450 discovered, 399 enqueued
[2026-04-03T02:35:14.845+0600][81.527s][info][gc,ref      ] GC(145) Final: 84 encountered, 0 discovered, 0 enqueued
[2026-04-03T02:35:14.845+0600][81.527s][info][gc,ref      ] GC(145) Phantom: 620 encountered, 481 discovered, 0 enqueued
[2026-04-03T02:35:14.845+0600][81.527s][info][gc,reloc    ] GC(145) Small Pages: 126 / 252M, Empty: 14M, Relocated: 3M, In-Place: 0
[2026-04-03T02:35:14.845+0600][81.527s][info][gc,reloc    ] GC(145) Medium Pages: 3 / 96M, Empty: 64M, Relocated: 0M, In-Place: 0
[2026-04-03T02:35:14.845+0600][81.527s][info][gc,reloc    ] GC(145) Large Pages: 5 / 30M, Empty: 30M, Relocated: 0M, In-Place: 0
[2026-04-03T02:35:14.845+0600][81.527s][info][gc,reloc    ] GC(145) Forwarding Usage: 0M
[2026-04-03T02:35:14.845+0600][81.527s][info][gc,heap     ] GC(145) Min Capacity: 8M(1%)
[2026-04-03T02:35:14.845+0600][81.527s][info][gc,heap     ] GC(145) Max Capacity: 1500M(100%)
[2026-04-03T02:35:14.845+0600][81.527s][info][gc,heap     ] GC(145) Soft Max Capacity: 1500M(100%)
[2026-04-03T02:35:14.845+0600][81.527s][info][gc,heap     ] GC(145)                Mark Start          Mark End        Relocate Start      Relocate End           High               Low         
[2026-04-03T02:35:14.845+0600][81.527s][info][gc,heap     ] GC(145)  Capacity:     1500M (100%)       1500M (100%)       1500M (100%)       1500M (100%)       1500M (100%)       1500M (100%)   
[2026-04-03T02:35:14.845+0600][81.527s][info][gc,heap     ] GC(145)      Free:     1122M (75%)        1066M (71%)        1150M (77%)        1276M (85%)        1276M (85%)        1042M (69%)    
[2026-04-03T02:35:14.845+0600][81.527s][info][gc,heap     ] GC(145)      Used:      378M (25%)         434M (29%)         350M (23%)         224M (15%)         458M (31%)         224M (15%)    
[2026-04-03T02:35:14.845+0600][81.527s][info][gc,heap     ] GC(145)      Live:         -               105M (7%)          105M (7%)          105M (7%)             -                  -          
[2026-04-03T02:35:14.845+0600][81.527s][info][gc,heap     ] GC(145) Allocated:         -                56M (4%)           80M (5%)           81M (5%)             -                  -          
[2026-04-03T02:35:14.845+0600][81.527s][info][gc,heap     ] GC(145)   Garbage:         -               272M (18%)         164M (11%)          36M (2%)             -                  -          
[2026-04-03T02:35:14.845+0600][81.527s][info][gc,heap     ] GC(145) Reclaimed:         -                  -               108M (7%)          235M (16%)            -                  -          
[2026-04-03T02:35:14.845+0600][81.527s][info][gc          ] GC(145) Garbage Collection (Allocation Rate) 378M(25%)->224M(15%)
[2026-04-03T02:35:15.121+0600][81.803s][info][gc,start    ] GC(146) Garbage Collection (Allocation Rate)
[2026-04-03T02:35:15.121+0600][81.803s][info][gc,task     ] GC(146) Using 2 workers
[2026-04-03T02:35:15.122+0600][81.803s][info][gc,phases   ] GC(146) Pause Mark Start 0.025ms
[2026-04-03T02:35:15.278+0600][81.960s][info][gc,phases   ] GC(146) Concurrent Mark 156.007ms
[2026-04-03T02:35:15.278+0600][81.960s][info][gc,phases   ] GC(146) Pause Mark End 0.061ms
[2026-04-03T02:35:15.279+0600][81.960s][info][gc,phases   ] GC(146) Concurrent Mark Free 0.004ms
[2026-04-03T02:35:15.310+0600][81.991s][info][gc,phases   ] GC(146) Concurrent Process Non-Strong References 30.940ms
[2026-04-03T02:35:15.310+0600][81.991s][info][gc,phases   ] GC(146) Concurrent Reset Relocation Set 0.010ms
[2026-04-03T02:35:15.314+0600][81.996s][info][gc,phases   ] GC(146) Concurrent Select Relocation Set 4.451ms
[2026-04-03T02:35:15.315+0600][81.996s][info][gc,phases   ] GC(146) Pause Relocate Start 0.016ms
[2026-04-03T02:35:15.333+0600][82.014s][info][gc,phases   ] GC(146) Concurrent Relocate 17.805ms
[2026-04-03T02:35:15.333+0600][82.014s][info][gc,load     ] GC(146) Load: 5.85/5.78/5.83
[2026-04-03T02:35:15.333+0600][82.015s][info][gc,mmu      ] GC(146) MMU: 2ms/89.3%, 5ms/95.7%, 10ms/97.9%, 20ms/98.9%, 50ms/99.6%, 100ms/99.8%
[2026-04-03T02:35:15.333+0600][82.015s][info][gc,marking  ] GC(146) Mark: 2 stripe(s), 2 proactive flush(es), 1 terminate flush(es), 0 completion(s), 0 continuation(s) 
[2026-04-03T02:35:15.333+0600][82.015s][info][gc,marking  ] GC(146) Mark Stack Usage: 32M
[2026-04-03T02:35:15.333+0600][82.015s][info][gc,nmethod  ] GC(146) NMethods: 15370 registered, 2632 unregistered
[2026-04-03T02:35:15.333+0600][82.015s][info][gc,metaspace] GC(146) Metaspace: 128M used, 129M committed, 1152M reserved
[2026-04-03T02:35:15.333+0600][82.015s][info][gc,ref      ] GC(146) Soft: 3432 encountered, 0 discovered, 0 enqueued
[2026-04-03T02:35:15.333+0600][82.015s][info][gc,ref      ] GC(146) Weak: 14878 encountered, 6411 discovered, 28 enqueued
[2026-04-03T02:35:15.333+0600][82.015s][info][gc,ref      ] GC(146) Final: 84 encountered, 0 discovered, 0 enqueued
[2026-04-03T02:35:15.333+0600][82.015s][info][gc,ref      ] GC(146) Phantom: 620 encountered, 599 discovered, 0 enqueued
[2026-04-03T02:35:15.333+0600][82.015s][info][gc,reloc    ] GC(146) Small Pages: 209 / 418M, Empty: 42M, Relocated: 5M, In-Place: 0
[2026-04-03T02:35:15.333+0600][82.015s][info][gc,reloc    ] GC(146) Medium Pages: 2 / 64M, Empty: 0M, Relocated: 9M, In-Place: 0
[2026-04-03T02:35:15.333+0600][82.015s][info][gc,reloc    ] GC(146) Large Pages: 4 / 24M, Empty: 24M, Relocated: 0M, In-Place: 0
[2026-04-03T02:35:15.333+0600][82.015s][info][gc,reloc    ] GC(146) Forwarding Usage: 1M
[2026-04-03T02:35:15.333+0600][82.015s][info][gc,heap     ] GC(146) Min Capacity: 8M(1%)
[2026-04-03T02:35:15.333+0600][82.015s][info][gc,heap     ] GC(146) Max Capacity: 1500M(100%)
[2026-04-03T02:35:15.333+0600][82.015s][info][gc,heap     ] GC(146) Soft Max Capacity: 1500M(100%)
[2026-04-03T02:35:15.333+0600][82.015s][info][gc,heap     ] GC(146)                Mark Start          Mark End        Relocate Start      Relocate End           High               Low         
[2026-04-03T02:35:15.333+0600][82.015s][info][gc,heap     ] GC(146)  Capacity:     1500M (100%)       1500M (100%)       1500M (100%)       1500M (100%)       1500M (100%)       1500M (100%)   
[2026-04-03T02:35:15.333+0600][82.015s][info][gc,heap     ] GC(146)      Free:      994M (66%)         792M (53%)         790M (53%)        1074M (72%)        1074M (72%)         724M (48%)    
[2026-04-03T02:35:15.333+0600][82.015s][info][gc,heap     ] GC(146)      Used:      506M (34%)         708M (47%)         710M (47%)         426M (28%)         776M (52%)         426M (28%)    
[2026-04-03T02:35:15.333+0600][82.015s][info][gc,heap     ] GC(146)      Live:         -               109M (7%)          109M (7%)          109M (7%)             -                  -          
[2026-04-03T02:35:15.333+0600][82.015s][info][gc,heap     ] GC(146) Allocated:         -               202M (13%)         270M (18%)         279M (19%)            -                  -          
[2026-04-03T02:35:15.333+0600][82.015s][info][gc,heap     ] GC(146)   Garbage:         -               396M (26%)         330M (22%)          36M (2%)             -                  -          
[2026-04-03T02:35:15.333+0600][82.015s][info][gc,heap     ] GC(146) Reclaimed:         -                  -                66M (4%)          359M (24%)            -                  -          
[2026-04-03T02:35:15.333+0600][82.015s][info][gc          ] GC(146) Garbage Collection (Allocation Rate) 506M(34%)->426M(28%)
[2026-04-03T02:35:15.422+0600][82.103s][info][gc,start    ] GC(147) Garbage Collection (Allocation Rate)
[2026-04-03T02:35:15.422+0600][82.103s][info][gc,task     ] GC(147) Using 2 workers
[2026-04-03T02:35:15.422+0600][82.104s][info][gc,phases   ] GC(147) Pause Mark Start 0.018ms
[2026-04-03T02:35:15.586+0600][82.267s][info][gc,phases   ] GC(147) Concurrent Mark 163.210ms
[2026-04-03T02:35:15.590+0600][82.272s][info][gc,phases   ] GC(147) Pause Mark End 0.040ms
[2026-04-03T02:35:15.590+0600][82.272s][info][gc,phases   ] GC(147) Concurrent Mark Free 0.003ms
[2026-04-03T02:35:15.621+0600][82.302s][info][gc,phases   ] GC(147) Concurrent Process Non-Strong References 30.519ms
[2026-04-03T02:35:15.621+0600][82.303s][info][gc,phases   ] GC(147) Concurrent Reset Relocation Set 0.016ms
[2026-04-03T02:35:15.625+0600][82.307s][info][gc,phases   ] GC(147) Concurrent Select Relocation Set 4.036ms
[2026-04-03T02:35:15.625+0600][82.307s][info][gc,phases   ] GC(147) Pause Relocate Start 0.018ms
[2026-04-03T02:35:15.630+0600][82.311s][info][gc,phases   ] GC(147) Concurrent Relocate 4.103ms
[2026-04-03T02:35:15.630+0600][82.311s][info][gc,load     ] GC(147) Load: 5.85/5.78/5.83
[2026-04-03T02:35:15.630+0600][82.311s][info][gc,mmu      ] GC(147) MMU: 2ms/89.3%, 5ms/95.7%, 10ms/97.9%, 20ms/98.9%, 50ms/99.6%, 100ms/99.8%
[2026-04-03T02:35:15.630+0600][82.311s][info][gc,marking  ] GC(147) Mark: 2 stripe(s), 2 proactive flush(es), 1 terminate flush(es), 0 completion(s), 0 continuation(s) 
[2026-04-03T02:35:15.630+0600][82.311s][info][gc,marking  ] GC(147) Mark Stack Usage: 32M
[2026-04-03T02:35:15.630+0600][82.311s][info][gc,nmethod  ] GC(147) NMethods: 15375 registered, 2632 unregistered
[2026-04-03T02:35:15.630+0600][82.311s][info][gc,metaspace] GC(147) Metaspace: 128M used, 129M committed, 1152M reserved
[2026-04-03T02:35:15.630+0600][82.311s][info][gc,ref      ] GC(147) Soft: 3430 encountered, 0 discovered, 0 enqueued
[2026-04-03T02:35:15.630+0600][82.311s][info][gc,ref      ] GC(147) Weak: 15428 encountered, 5756 discovered, 12 enqueued
[2026-04-03T02:35:15.630+0600][82.311s][info][gc,ref      ] GC(147) Final: 84 encountered, 0 discovered, 0 enqueued
[2026-04-03T02:35:15.630+0600][82.311s][info][gc,ref      ] GC(147) Phantom: 620 encountered, 494 discovered, 0 enqueued
[2026-04-03T02:35:15.630+0600][82.311s][info][gc,reloc    ] GC(147) Small Pages: 205 / 410M, Empty: 114M, Relocated: 3M, In-Place: 0
[2026-04-03T02:35:15.630+0600][82.311s][info][gc,reloc    ] GC(147) Medium Pages: 4 / 128M, Empty: 96M, Relocated: 0M, In-Place: 0
[2026-04-03T02:35:15.630+0600][82.311s][info][gc,reloc    ] GC(147) Large Pages: 8 / 48M, Empty: 48M, Relocated: 0M, In-Place: 0
[2026-04-03T02:35:15.630+0600][82.311s][info][gc,reloc    ] GC(147) Forwarding Usage: 0M
[2026-04-03T02:35:15.630+0600][82.311s][info][gc,heap     ] GC(147) Min Capacity: 8M(1%)
[2026-04-03T02:35:15.630+0600][82.311s][info][gc,heap     ] GC(147) Max Capacity: 1500M(100%)
[2026-04-03T02:35:15.630+0600][82.311s][info][gc,heap     ] GC(147) Soft Max Capacity: 1500M(100%)
[2026-04-03T02:35:15.630+0600][82.311s][info][gc,heap     ] GC(147)                Mark Start          Mark End        Relocate Start      Relocate End           High               Low         
[2026-04-03T02:35:15.630+0600][82.311s][info][gc,heap     ] GC(147)  Capacity:     1500M (100%)       1500M (100%)       1500M (100%)       1500M (100%)       1500M (100%)       1500M (100%)   
[2026-04-03T02:35:15.630+0600][82.311s][info][gc,heap     ] GC(147)      Free:      914M (61%)         664M (44%)         876M (58%)        1058M (71%)        1058M (71%)         634M (42%)    
[2026-04-03T02:35:15.630+0600][82.312s][info][gc,heap     ] GC(147)      Used:      586M (39%)         836M (56%)         624M (42%)         442M (29%)         866M (58%)         442M (29%)    
[2026-04-03T02:35:15.630+0600][82.312s][info][gc,heap     ] GC(147)      Live:         -               107M (7%)          107M (7%)          107M (7%)             -                  -          
[2026-04-03T02:35:15.630+0600][82.312s][info][gc,heap     ] GC(147) Allocated:         -               250M (17%)         296M (20%)         295M (20%)            -                  -          
[2026-04-03T02:35:15.630+0600][82.312s][info][gc,heap     ] GC(147)   Garbage:         -               478M (32%)         220M (15%)          38M (3%)             -                  -          
[2026-04-03T02:35:15.630+0600][82.312s][info][gc,heap     ] GC(147) Reclaimed:         -                  -               258M (17%)         439M (29%)            -                  -          
[2026-04-03T02:35:15.630+0600][82.312s][info][gc          ] GC(147) Garbage Collection (Allocation Rate) 586M(39%)->442M(29%)
[2026-04-03T02:35:15.721+0600][82.402s][info][gc,start    ] GC(148) Garbage Collection (Allocation Rate)
[2026-04-03T02:35:15.721+0600][82.402s][info][gc,task     ] GC(148) Using 2 workers
[2026-04-03T02:35:15.722+0600][82.403s][info][gc,phases   ] GC(148) Pause Mark Start 0.013ms
[2026-04-03T02:35:15.866+0600][82.548s][info][gc,phases   ] GC(148) Concurrent Mark 144.795ms
[2026-04-03T02:35:15.867+0600][82.548s][info][gc,phases   ] GC(148) Pause Mark End 0.030ms
[2026-04-03T02:35:15.867+0600][82.548s][info][gc,phases   ] GC(148) Concurrent Mark Free 0.002ms
[2026-04-03T02:35:15.887+0600][82.569s][info][gc,phases   ] GC(148) Concurrent Process Non-Strong References 20.366ms
[2026-04-03T02:35:15.887+0600][82.569s][info][gc,phases   ] GC(148) Concurrent Reset Relocation Set 0.007ms
[2026-04-03T02:35:15.890+0600][82.571s][info][gc,phases   ] GC(148) Concurrent Select Relocation Set 2.716ms
[2026-04-03T02:35:15.890+0600][82.572s][info][gc,phases   ] GC(148) Pause Relocate Start 0.011ms
[2026-04-03T02:35:15.895+0600][82.577s][info][gc,phases   ] GC(148) Concurrent Relocate 4.847ms
[2026-04-03T02:35:15.895+0600][82.577s][info][gc,load     ] GC(148) Load: 5.85/5.78/5.83
[2026-04-03T02:35:15.895+0600][82.577s][info][gc,mmu      ] GC(148) MMU: 2ms/89.3%, 5ms/95.7%, 10ms/97.9%, 20ms/98.9%, 50ms/99.6%, 100ms/99.8%
[2026-04-03T02:35:15.895+0600][82.577s][info][gc,marking  ] GC(148) Mark: 2 stripe(s), 9 proactive flush(es), 1 terminate flush(es), 0 completion(s), 0 continuation(s) 
[2026-04-03T02:35:15.895+0600][82.577s][info][gc,marking  ] GC(148) Mark Stack Usage: 32M
[2026-04-03T02:35:15.895+0600][82.577s][info][gc,nmethod  ] GC(148) NMethods: 15390 registered, 2635 unregistered
[2026-04-03T02:35:15.895+0600][82.577s][info][gc,metaspace] GC(148) Metaspace: 128M used, 129M committed, 1152M reserved
[2026-04-03T02:35:15.895+0600][82.577s][info][gc,ref      ] GC(148) Soft: 3432 encountered, 0 discovered, 0 enqueued
[2026-04-03T02:35:15.895+0600][82.577s][info][gc,ref      ] GC(148) Weak: 15992 encountered, 4261 discovered, 20 enqueued
[2026-04-03T02:35:15.895+0600][82.577s][info][gc,ref      ] GC(148) Final: 84 encountered, 0 discovered, 0 enqueued
[2026-04-03T02:35:15.895+0600][82.577s][info][gc,ref      ] GC(148) Phantom: 620 encountered, 373 discovered, 0 enqueued
[2026-04-03T02:35:15.895+0600][82.577s][info][gc,reloc    ] GC(148) Small Pages: 211 / 422M, Empty: 120M, Relocated: 6M, In-Place: 0
[2026-04-03T02:35:15.895+0600][82.577s][info][gc,reloc    ] GC(148) Medium Pages: 3 / 96M, Empty: 64M, Relocated: 0M, In-Place: 0
[2026-04-03T02:35:15.895+0600][82.577s][info][gc,reloc    ] GC(148) Large Pages: 8 / 48M, Empty: 48M, Relocated: 0M, In-Place: 0
[2026-04-03T02:35:15.895+0600][82.577s][info][gc,reloc    ] GC(148) Forwarding Usage: 1M
[2026-04-03T02:35:15.895+0600][82.577s][info][gc,heap     ] GC(148) Min Capacity: 8M(1%)
[2026-04-03T02:35:15.895+0600][82.577s][info][gc,heap     ] GC(148) Max Capacity: 1500M(100%)
[2026-04-03T02:35:15.895+0600][82.577s][info][gc,heap     ] GC(148) Soft Max Capacity: 1500M(100%)
[2026-04-03T02:35:15.895+0600][82.577s][info][gc,heap     ] GC(148)                Mark Start          Mark End        Relocate Start      Relocate End           High               Low         
[2026-04-03T02:35:15.895+0600][82.577s][info][gc,heap     ] GC(148)  Capacity:     1500M (100%)       1500M (100%)       1500M (100%)       1500M (100%)       1500M (100%)       1500M (100%)   
[2026-04-03T02:35:15.895+0600][82.577s][info][gc,heap     ] GC(148)      Free:      934M (62%)         772M (51%)         990M (66%)        1166M (78%)        1166M (78%)         762M (51%)    
[2026-04-03T02:35:15.895+0600][82.577s][info][gc,heap     ] GC(148)      Used:      566M (38%)         728M (49%)         510M (34%)         334M (22%)         738M (49%)         334M (22%)    
[2026-04-03T02:35:15.895+0600][82.577s][info][gc,heap     ] GC(148)      Live:         -               109M (7%)          109M (7%)          109M (7%)             -                  -          
[2026-04-03T02:35:15.895+0600][82.577s][info][gc,heap     ] GC(148) Allocated:         -               162M (11%)         176M (12%)         185M (12%)            -                  -          
[2026-04-03T02:35:15.895+0600][82.577s][info][gc,heap     ] GC(148)   Garbage:         -               456M (30%)         224M (15%)          38M (3%)             -                  -          
[2026-04-03T02:35:15.895+0600][82.577s][info][gc,heap     ] GC(148) Reclaimed:         -                  -               232M (15%)         417M (28%)            -                  -          
[2026-04-03T02:35:15.895+0600][82.577s][info][gc          ] GC(148) Garbage Collection (Allocation Rate) 566M(38%)->334M(22%)
[2026-04-03T02:35:16.421+0600][83.103s][info][gc,start    ] GC(149) Garbage Collection (Allocation Rate)
[2026-04-03T02:35:16.421+0600][83.103s][info][gc,task     ] GC(149) Using 2 workers
[2026-04-03T02:35:16.421+0600][83.103s][info][gc,phases   ] GC(149) Pause Mark Start 0.014ms
[2026-04-03T02:35:16.586+0600][83.267s][info][gc,phases   ] GC(149) Concurrent Mark 164.283ms
[2026-04-03T02:35:16.586+0600][83.268s][info][gc,phases   ] GC(149) Pause Mark End 0.054ms
[2026-04-03T02:35:16.586+0600][83.268s][info][gc,phases   ] GC(149) Concurrent Mark Free 0.004ms
[2026-04-03T02:35:16.618+0600][83.299s][info][gc,phases   ] GC(149) Concurrent Process Non-Strong References 31.276ms
[2026-04-03T02:35:16.618+0600][83.299s][info][gc,phases   ] GC(149) Concurrent Reset Relocation Set 0.011ms
[2026-04-03T02:35:16.623+0600][83.304s][info][gc,phases   ] GC(149) Concurrent Select Relocation Set 4.673ms
[2026-04-03T02:35:16.623+0600][83.305s][info][gc,phases   ] GC(149) Pause Relocate Start 0.018ms
[2026-04-03T02:35:16.633+0600][83.314s][info][gc,phases   ] GC(149) Concurrent Relocate 8.772ms
[2026-04-03T02:35:16.633+0600][83.314s][info][gc,load     ] GC(149) Load: 5.85/5.78/5.83
[2026-04-03T02:35:16.633+0600][83.314s][info][gc,mmu      ] GC(149) MMU: 2ms/89.3%, 5ms/95.7%, 10ms/97.9%, 20ms/98.9%, 50ms/99.6%, 100ms/99.8%
[2026-04-03T02:35:16.633+0600][83.314s][info][gc,marking  ] GC(149) Mark: 2 stripe(s), 2 proactive flush(es), 1 terminate flush(es), 0 completion(s), 0 continuation(s) 
[2026-04-03T02:35:16.633+0600][83.314s][info][gc,marking  ] GC(149) Mark Stack Usage: 32M
[2026-04-03T02:35:16.633+0600][83.314s][info][gc,nmethod  ] GC(149) NMethods: 15393 registered, 2645 unregistered
[2026-04-03T02:35:16.633+0600][83.314s][info][gc,metaspace] GC(149) Metaspace: 128M used, 129M committed, 1152M reserved
[2026-04-03T02:35:16.633+0600][83.314s][info][gc,ref      ] GC(149) Soft: 3426 encountered, 0 discovered, 0 enqueued
[2026-04-03T02:35:16.633+0600][83.314s][info][gc,ref      ] GC(149) Weak: 16900 encountered, 7031 discovered, 1612 enqueued
[2026-04-03T02:35:16.633+0600][83.314s][info][gc,ref      ] GC(149) Final: 84 encountered, 0 discovered, 0 enqueued
[2026-04-03T02:35:16.633+0600][83.314s][info][gc,ref      ] GC(149) Phantom: 620 encountered, 535 discovered, 0 enqueued
[2026-04-03T02:35:16.633+0600][83.314s][info][gc,reloc    ] GC(149) Small Pages: 366 / 732M, Empty: 180M, Relocated: 6M, In-Place: 0
[2026-04-03T02:35:16.633+0600][83.314s][info][gc,reloc    ] GC(149) Medium Pages: 5 / 160M, Empty: 128M, Relocated: 0M, In-Place: 0
[2026-04-03T02:35:16.633+0600][83.314s][info][gc,reloc    ] GC(149) Large Pages: 14 / 84M, Empty: 84M, Relocated: 0M, In-Place: 0
[2026-04-03T02:35:16.633+0600][83.314s][info][gc,reloc    ] GC(149) Forwarding Usage: 1M
[2026-04-03T02:35:16.633+0600][83.314s][info][gc,heap     ] GC(149) Min Capacity: 8M(1%)
[2026-04-03T02:35:16.633+0600][83.314s][info][gc,heap     ] GC(149) Max Capacity: 1500M(100%)
[2026-04-03T02:35:16.633+0600][83.314s][info][gc,heap     ] GC(149) Soft Max Capacity: 1500M(100%)
[2026-04-03T02:35:16.633+0600][83.314s][info][gc,heap     ] GC(149)                Mark Start          Mark End        Relocate Start      Relocate End           High               Low         
[2026-04-03T02:35:16.633+0600][83.315s][info][gc,heap     ] GC(149)  Capacity:     1500M (100%)       1500M (100%)       1500M (100%)       1500M (100%)       1500M (100%)       1500M (100%)   
[2026-04-03T02:35:16.633+0600][83.315s][info][gc,heap     ] GC(149)      Free:      524M (35%)         320M (21%)         656M (44%)        1080M (72%)        1084M (72%)         218M (15%)    
[2026-04-03T02:35:16.633+0600][83.315s][info][gc,heap     ] GC(149)      Used:      976M (65%)        1180M (79%)         844M (56%)         420M (28%)        1282M (85%)         416M (28%)    
[2026-04-03T02:35:16.633+0600][83.315s][info][gc,heap     ] GC(149)      Live:         -               107M (7%)          107M (7%)          107M (7%)             -                  -          
[2026-04-03T02:35:16.633+0600][83.315s][info][gc,heap     ] GC(149) Allocated:         -               204M (14%)         260M (17%)         275M (18%)            -                  -          
[2026-04-03T02:35:16.633+0600][83.315s][info][gc,heap     ] GC(149)   Garbage:         -               868M (58%)         476M (32%)          36M (2%)             -                  -          
[2026-04-03T02:35:16.633+0600][83.315s][info][gc,heap     ] GC(149) Reclaimed:         -                  -               392M (26%)         831M (55%)            -                  -          
[2026-04-03T02:35:16.633+0600][83.315s][info][gc          ] GC(149) Garbage Collection (Allocation Rate) 976M(65%)->420M(28%)
[2026-04-03T02:35:17.121+0600][83.802s][info][gc,start    ] GC(150) Garbage Collection (Allocation Rate)
[2026-04-03T02:35:17.121+0600][83.802s][info][gc,task     ] GC(150) Using 2 workers
[2026-04-03T02:35:17.121+0600][83.803s][info][gc,phases   ] GC(150) Pause Mark Start 0.013ms
[2026-04-03T02:35:17.295+0600][83.976s][info][gc,phases   ] GC(150) Concurrent Mark 173.501ms
[2026-04-03T02:35:17.295+0600][83.977s][info][gc,phases   ] GC(150) Pause Mark End 0.034ms
[2026-04-03T02:35:17.295+0600][83.977s][info][gc,phases   ] GC(150) Concurrent Mark Free 0.004ms
[2026-04-03T02:35:17.318+0600][84.000s][info][gc,phases   ] GC(150) Concurrent Process Non-Strong References 23.094ms
[2026-04-03T02:35:17.319+0600][84.000s][info][gc,phases   ] GC(150) Concurrent Reset Relocation Set 0.019ms
[2026-04-03T02:35:17.321+0600][84.003s][info][gc,phases   ] GC(150) Concurrent Select Relocation Set 2.717ms
[2026-04-03T02:35:17.322+0600][84.003s][info][gc,phases   ] GC(150) Pause Relocate Start 0.011ms
[2026-04-03T02:35:17.327+0600][84.009s][info][gc,phases   ] GC(150) Concurrent Relocate 5.496ms
[2026-04-03T02:35:17.327+0600][84.009s][info][gc,load     ] GC(150) Load: 5.85/5.78/5.83
[2026-04-03T02:35:17.327+0600][84.009s][info][gc,mmu      ] GC(150) MMU: 2ms/89.3%, 5ms/95.7%, 10ms/97.9%, 20ms/98.9%, 50ms/99.6%, 100ms/99.8%
[2026-04-03T02:35:17.327+0600][84.009s][info][gc,marking  ] GC(150) Mark: 2 stripe(s), 2 proactive flush(es), 1 terminate flush(es), 0 completion(s), 0 continuation(s) 
[2026-04-03T02:35:17.327+0600][84.009s][info][gc,marking  ] GC(150) Mark Stack Usage: 32M
[2026-04-03T02:35:17.327+0600][84.009s][info][gc,nmethod  ] GC(150) NMethods: 15399 registered, 2650 unregistered
[2026-04-03T02:35:17.327+0600][84.009s][info][gc,metaspace] GC(150) Metaspace: 128M used, 129M committed, 1152M reserved
[2026-04-03T02:35:17.327+0600][84.009s][info][gc,ref      ] GC(150) Soft: 3432 encountered, 0 discovered, 0 enqueued
[2026-04-03T02:35:17.327+0600][84.009s][info][gc,ref      ] GC(150) Weak: 16603 encountered, 6110 discovered, 1729 enqueued
[2026-04-03T02:35:17.327+0600][84.009s][info][gc,ref      ] GC(150) Final: 84 encountered, 0 discovered, 0 enqueued
[2026-04-03T02:35:17.327+0600][84.009s][info][gc,ref      ] GC(150) Phantom: 620 encountered, 369 discovered, 0 enqueued
[2026-04-03T02:35:17.327+0600][84.009s][info][gc,reloc    ] GC(150) Small Pages: 382 / 764M, Empty: 228M, Relocated: 8M, In-Place: 0
[2026-04-03T02:35:17.327+0600][84.009s][info][gc,reloc    ] GC(150) Medium Pages: 5 / 160M, Empty: 128M, Relocated: 0M, In-Place: 0
[2026-04-03T02:35:17.327+0600][84.009s][info][gc,reloc    ] GC(150) Large Pages: 18 / 108M, Empty: 108M, Relocated: 0M, In-Place: 0
[2026-04-03T02:35:17.327+0600][84.009s][info][gc,reloc    ] GC(150) Forwarding Usage: 2M
[2026-04-03T02:35:17.327+0600][84.009s][info][gc,heap     ] GC(150) Min Capacity: 8M(1%)
[2026-04-03T02:35:17.327+0600][84.009s][info][gc,heap     ] GC(150) Max Capacity: 1500M(100%)
[2026-04-03T02:35:17.327+0600][84.009s][info][gc,heap     ] GC(150) Soft Max Capacity: 1500M(100%)
[2026-04-03T02:35:17.327+0600][84.009s][info][gc,heap     ] GC(150)                Mark Start          Mark End        Relocate Start      Relocate End           High               Low         
[2026-04-03T02:35:17.327+0600][84.009s][info][gc,heap     ] GC(150)  Capacity:     1500M (100%)       1500M (100%)       1500M (100%)       1500M (100%)       1500M (100%)       1500M (100%)   
[2026-04-03T02:35:17.327+0600][84.009s][info][gc,heap     ] GC(150)      Free:      468M (31%)         172M (11%)         618M (41%)        1036M (69%)        1036M (69%)         160M (11%)    
[2026-04-03T02:35:17.327+0600][84.009s][info][gc,heap     ] GC(150)      Used:     1032M (69%)        1328M (89%)         882M (59%)         464M (31%)        1340M (89%)         464M (31%)    
[2026-04-03T02:35:17.327+0600][84.009s][info][gc,heap     ] GC(150)      Live:         -               109M (7%)          109M (7%)          109M (7%)             -                  -          
[2026-04-03T02:35:17.327+0600][84.009s][info][gc,heap     ] GC(150) Allocated:         -               296M (20%)         314M (21%)         315M (21%)            -                  -          
[2026-04-03T02:35:17.327+0600][84.009s][info][gc,heap     ] GC(150)   Garbage:         -               922M (61%)         458M (31%)          38M (3%)             -                  -          
[2026-04-03T02:35:17.327+0600][84.009s][info][gc,heap     ] GC(150) Reclaimed:         -                  -               464M (31%)         883M (59%)            -                  -          
[2026-04-03T02:35:17.327+0600][84.009s][info][gc          ] GC(150) Garbage Collection (Allocation Rate) 1032M(69%)->464M(31%)
[2026-04-03T02:35:17.421+0600][84.103s][info][gc,start    ] GC(151) Garbage Collection (Allocation Rate)
[2026-04-03T02:35:17.421+0600][84.103s][info][gc,task     ] GC(151) Using 2 workers
[2026-04-03T02:35:17.422+0600][84.103s][info][gc,phases   ] GC(151) Pause Mark Start 0.014ms
[2026-04-03T02:35:17.543+0600][84.225s][info][gc,phases   ] GC(151) Concurrent Mark 121.592ms
[2026-04-03T02:35:17.543+0600][84.225s][info][gc,phases   ] GC(151) Pause Mark End 0.031ms
[2026-04-03T02:35:17.544+0600][84.225s][info][gc,phases   ] GC(151) Concurrent Mark Free 0.002ms
[2026-04-03T02:35:17.573+0600][84.255s][info][gc,phases   ] GC(151) Concurrent Process Non-Strong References 29.410ms
[2026-04-03T02:35:17.573+0600][84.255s][info][gc,phases   ] GC(151) Concurrent Reset Relocation Set 0.023ms
[2026-04-03T02:35:17.578+0600][84.260s][info][gc,phases   ] GC(151) Concurrent Select Relocation Set 4.804ms
[2026-04-03T02:35:17.578+0600][84.260s][info][gc,phases   ] GC(151) Pause Relocate Start 0.018ms
[2026-04-03T02:35:17.587+0600][84.269s][info][gc,phases   ] GC(151) Concurrent Relocate 8.833ms
[2026-04-03T02:35:17.587+0600][84.269s][info][gc,load     ] GC(151) Load: 5.85/5.78/5.83
[2026-04-03T02:35:17.587+0600][84.269s][info][gc,mmu      ] GC(151) MMU: 2ms/89.3%, 5ms/95.7%, 10ms/97.9%, 20ms/98.9%, 50ms/99.6%, 100ms/99.8%
[2026-04-03T02:35:17.588+0600][84.269s][info][gc,marking  ] GC(151) Mark: 2 stripe(s), 2 proactive flush(es), 1 terminate flush(es), 0 completion(s), 0 continuation(s) 
[2026-04-03T02:35:17.588+0600][84.269s][info][gc,marking  ] GC(151) Mark Stack Usage: 32M
[2026-04-03T02:35:17.588+0600][84.269s][info][gc,nmethod  ] GC(151) NMethods: 15404 registered, 2652 unregistered
[2026-04-03T02:35:17.588+0600][84.269s][info][gc,metaspace] GC(151) Metaspace: 128M used, 129M committed, 1152M reserved
[2026-04-03T02:35:17.588+0600][84.269s][info][gc,ref      ] GC(151) Soft: 3428 encountered, 0 discovered, 0 enqueued
[2026-04-03T02:35:17.588+0600][84.269s][info][gc,ref      ] GC(151) Weak: 15262 encountered, 5145 discovered, 567 enqueued
[2026-04-03T02:35:17.588+0600][84.269s][info][gc,ref      ] GC(151) Final: 84 encountered, 0 discovered, 0 enqueued
[2026-04-03T02:35:17.588+0600][84.269s][info][gc,ref      ] GC(151) Phantom: 624 encountered, 477 discovered, 0 enqueued
[2026-04-03T02:35:17.588+0600][84.269s][info][gc,reloc    ] GC(151) Small Pages: 231 / 462M, Empty: 224M, Relocated: 8M, In-Place: 0
[2026-04-03T02:35:17.588+0600][84.269s][info][gc,reloc    ] GC(151) Medium Pages: 2 / 64M, Empty: 32M, Relocated: 0M, In-Place: 0
[2026-04-03T02:35:17.588+0600][84.269s][info][gc,reloc    ] GC(151) Large Pages: 49 / 294M, Empty: 270M, Relocated: 0M, In-Place: 0
[2026-04-03T02:35:17.588+0600][84.269s][info][gc,reloc    ] GC(151) Forwarding Usage: 1M
[2026-04-03T02:35:17.588+0600][84.269s][info][gc,heap     ] GC(151) Min Capacity: 8M(1%)
[2026-04-03T02:35:17.588+0600][84.269s][info][gc,heap     ] GC(151) Max Capacity: 1500M(100%)
[2026-04-03T02:35:17.588+0600][84.269s][info][gc,heap     ] GC(151) Soft Max Capacity: 1500M(100%)
[2026-04-03T02:35:17.588+0600][84.269s][info][gc,heap     ] GC(151)                Mark Start          Mark End        Relocate Start      Relocate End           High               Low         
[2026-04-03T02:35:17.588+0600][84.269s][info][gc,heap     ] GC(151)  Capacity:     1500M (100%)       1500M (100%)       1500M (100%)       1500M (100%)       1500M (100%)       1500M (100%)   
[2026-04-03T02:35:17.588+0600][84.269s][info][gc,heap     ] GC(151)      Free:      680M (45%)         362M (24%)         664M (44%)         692M (46%)         742M (49%)         224M (15%)    
[2026-04-03T02:35:17.588+0600][84.269s][info][gc,heap     ] GC(151)      Used:      820M (55%)        1138M (76%)         836M (56%)         808M (54%)        1276M (85%)         758M (51%)    
[2026-04-03T02:35:17.588+0600][84.269s][info][gc,heap     ] GC(151)      Live:         -               134M (9%)          134M (9%)          134M (9%)             -                  -          
[2026-04-03T02:35:17.588+0600][84.269s][info][gc,heap     ] GC(151) Allocated:         -               318M (21%)         542M (36%)         633M (42%)            -                  -          
[2026-04-03T02:35:17.588+0600][84.269s][info][gc,heap     ] GC(151)   Garbage:         -               685M (46%)         159M (11%)          39M (3%)             -                  -          
[2026-04-03T02:35:17.588+0600][84.269s][info][gc,heap     ] GC(151) Reclaimed:         -                  -               526M (35%)         645M (43%)            -                  -          
[2026-04-03T02:35:17.588+0600][84.269s][info][gc          ] GC(151) Garbage Collection (Allocation Rate) 820M(55%)->808M(54%)
[2026-04-03T02:35:17.621+0600][84.303s][info][gc,start    ] GC(152) Garbage Collection (Allocation Rate)
[2026-04-03T02:35:17.621+0600][84.303s][info][gc,task     ] GC(152) Using 3 workers
[2026-04-03T02:35:17.622+0600][84.303s][info][gc,phases   ] GC(152) Pause Mark Start 0.016ms
[2026-04-03T02:35:17.720+0600][84.401s][info][gc,phases   ] GC(152) Concurrent Mark 98.183ms
[2026-04-03T02:35:17.720+0600][84.402s][info][gc,phases   ] GC(152) Pause Mark End 0.037ms
[2026-04-03T02:35:17.720+0600][84.402s][info][gc,phases   ] GC(152) Concurrent Mark Free 0.003ms
[2026-04-03T02:35:17.739+0600][84.420s][info][gc,phases   ] GC(152) Concurrent Process Non-Strong References 18.523ms
[2026-04-03T02:35:17.739+0600][84.420s][info][gc,phases   ] GC(152) Concurrent Reset Relocation Set 0.006ms
[2026-04-03T02:35:17.742+0600][84.424s][info][gc,phases   ] GC(152) Concurrent Select Relocation Set 3.326ms
[2026-04-03T02:35:17.743+0600][84.424s][info][gc,phases   ] GC(152) Pause Relocate Start 0.014ms
[2026-04-03T02:35:17.750+0600][84.432s][info][gc,phases   ] GC(152) Concurrent Relocate 7.256ms
[2026-04-03T02:35:17.750+0600][84.432s][info][gc,load     ] GC(152) Load: 5.85/5.78/5.83
[2026-04-03T02:35:17.750+0600][84.432s][info][gc,mmu      ] GC(152) MMU: 2ms/89.3%, 5ms/95.7%, 10ms/97.9%, 20ms/98.9%, 50ms/99.6%, 100ms/99.8%
[2026-04-03T02:35:17.750+0600][84.432s][info][gc,marking  ] GC(152) Mark: 2 stripe(s), 2 proactive flush(es), 1 terminate flush(es), 0 completion(s), 0 continuation(s) 
[2026-04-03T02:35:17.750+0600][84.432s][info][gc,marking  ] GC(152) Mark Stack Usage: 32M
[2026-04-03T02:35:17.750+0600][84.432s][info][gc,nmethod  ] GC(152) NMethods: 15408 registered, 2656 unregistered
[2026-04-03T02:35:17.750+0600][84.432s][info][gc,metaspace] GC(152) Metaspace: 128M used, 129M committed, 1152M reserved
[2026-04-03T02:35:17.750+0600][84.432s][info][gc,ref      ] GC(152) Soft: 3432 encountered, 0 discovered, 0 enqueued
[2026-04-03T02:35:17.750+0600][84.432s][info][gc,ref      ] GC(152) Weak: 14913 encountered, 3536 discovered, 222 enqueued
[2026-04-03T02:35:17.750+0600][84.432s][info][gc,ref      ] GC(152) Final: 84 encountered, 0 discovered, 0 enqueued
[2026-04-03T02:35:17.750+0600][84.432s][info][gc,ref      ] GC(152) Phantom: 620 encountered, 590 discovered, 0 enqueued
[2026-04-03T02:35:17.750+0600][84.432s][info][gc,reloc    ] GC(152) Small Pages: 138 / 276M, Empty: 10M, Relocated: 8M, In-Place: 0
[2026-04-03T02:35:17.750+0600][84.432s][info][gc,reloc    ] GC(152) Medium Pages: 2 / 64M, Empty: 32M, Relocated: 0M, In-Place: 0
[2026-04-03T02:35:17.750+0600][84.432s][info][gc,reloc    ] GC(152) Large Pages: 91 / 546M, Empty: 546M, Relocated: 0M, In-Place: 0
[2026-04-03T02:35:17.750+0600][84.432s][info][gc,reloc    ] GC(152) Forwarding Usage: 1M
[2026-04-03T02:35:17.750+0600][84.432s][info][gc,heap     ] GC(152) Min Capacity: 8M(1%)
[2026-04-03T02:35:17.750+0600][84.432s][info][gc,heap     ] GC(152) Max Capacity: 1500M(100%)
[2026-04-03T02:35:17.750+0600][84.432s][info][gc,heap     ] GC(152) Soft Max Capacity: 1500M(100%)
[2026-04-03T02:35:17.750+0600][84.432s][info][gc,heap     ] GC(152)                Mark Start          Mark End        Relocate Start      Relocate End           High               Low         
[2026-04-03T02:35:17.750+0600][84.432s][info][gc,heap     ] GC(152)  Capacity:     1500M (100%)       1500M (100%)       1500M (100%)       1500M (100%)       1500M (100%)       1500M (100%)   
[2026-04-03T02:35:17.750+0600][84.432s][info][gc,heap     ] GC(152)      Free:      614M (41%)         486M (32%)        1066M (71%)        1210M (81%)        1214M (81%)         478M (32%)    
[2026-04-03T02:35:17.750+0600][84.432s][info][gc,heap     ] GC(152)      Used:      886M (59%)        1014M (68%)         434M (29%)         290M (19%)        1022M (68%)         286M (19%)    
[2026-04-03T02:35:17.750+0600][84.432s][info][gc,heap     ] GC(152)      Live:         -               106M (7%)          106M (7%)          106M (7%)             -                  -          
[2026-04-03T02:35:17.750+0600][84.432s][info][gc,heap     ] GC(152) Allocated:         -               128M (9%)          136M (9%)          143M (10%)            -                  -          
[2026-04-03T02:35:17.750+0600][84.432s][info][gc,heap     ] GC(152)   Garbage:         -               779M (52%)         191M (13%)          39M (3%)             -                  -          
[2026-04-03T02:35:17.750+0600][84.432s][info][gc,heap     ] GC(152) Reclaimed:         -                  -               588M (39%)         739M (49%)            -                  -          
[2026-04-03T02:35:17.750+0600][84.432s][info][gc          ] GC(152) Garbage Collection (Allocation Rate) 886M(59%)->290M(19%)
[2026-04-03T02:35:18.021+0600][84.702s][info][gc,start    ] GC(153) Garbage Collection (Allocation Rate)
[2026-04-03T02:35:18.021+0600][84.702s][info][gc,task     ] GC(153) Using 2 workers
[2026-04-03T02:35:18.021+0600][84.702s][info][gc,phases   ] GC(153) Pause Mark Start 0.008ms
[2026-04-03T02:35:18.139+0600][84.821s][info][gc,phases   ] GC(153) Concurrent Mark 118.288ms
[2026-04-03T02:35:18.140+0600][84.821s][info][gc,phases   ] GC(153) Pause Mark End 0.044ms
[2026-04-03T02:35:18.140+0600][84.821s][info][gc,phases   ] GC(153) Concurrent Mark Free 0.002ms
[2026-04-03T02:35:18.173+0600][84.854s][info][gc,phases   ] GC(153) Concurrent Process Non-Strong References 33.015ms
[2026-04-03T02:35:18.173+0600][84.854s][info][gc,phases   ] GC(153) Concurrent Reset Relocation Set 0.013ms
[2026-04-03T02:35:18.177+0600][84.859s][info][gc,phases   ] GC(153) Concurrent Select Relocation Set 4.381ms
[2026-04-03T02:35:18.178+0600][84.859s][info][gc,phases   ] GC(153) Pause Relocate Start 0.018ms
[2026-04-03T02:35:18.183+0600][84.864s][info][gc,phases   ] GC(153) Concurrent Relocate 4.930ms
[2026-04-03T02:35:18.183+0600][84.864s][info][gc,load     ] GC(153) Load: 5.85/5.78/5.83
[2026-04-03T02:35:18.183+0600][84.864s][info][gc,mmu      ] GC(153) MMU: 2ms/89.3%, 5ms/95.7%, 10ms/97.9%, 20ms/98.9%, 50ms/99.6%, 100ms/99.8%
[2026-04-03T02:35:18.183+0600][84.864s][info][gc,marking  ] GC(153) Mark: 2 stripe(s), 2 proactive flush(es), 1 terminate flush(es), 0 completion(s), 0 continuation(s) 
[2026-04-03T02:35:18.183+0600][84.864s][info][gc,marking  ] GC(153) Mark Stack Usage: 32M
[2026-04-03T02:35:18.183+0600][84.864s][info][gc,nmethod  ] GC(153) NMethods: 15419 registered, 2657 unregistered
[2026-04-03T02:35:18.183+0600][84.864s][info][gc,metaspace] GC(153) Metaspace: 128M used, 129M committed, 1152M reserved
[2026-04-03T02:35:18.183+0600][84.864s][info][gc,ref      ] GC(153) Soft: 3424 encountered, 0 discovered, 0 enqueued
[2026-04-03T02:35:18.183+0600][84.864s][info][gc,ref      ] GC(153) Weak: 14945 encountered, 5501 discovered, 376 enqueued
[2026-04-03T02:35:18.183+0600][84.864s][info][gc,ref      ] GC(153) Final: 84 encountered, 0 discovered, 0 enqueued
[2026-04-03T02:35:18.183+0600][84.864s][info][gc,ref      ] GC(153) Phantom: 620 encountered, 387 discovered, 0 enqueued
[2026-04-03T02:35:18.183+0600][84.864s][info][gc,reloc    ] GC(153) Small Pages: 183 / 366M, Empty: 26M, Relocated: 3M, In-Place: 0
[2026-04-03T02:35:18.183+0600][84.864s][info][gc,reloc    ] GC(153) Medium Pages: 3 / 96M, Empty: 64M, Relocated: 0M, In-Place: 0
[2026-04-03T02:35:18.183+0600][84.864s][info][gc,reloc    ] GC(153) Large Pages: 5 / 30M, Empty: 30M, Relocated: 0M, In-Place: 0
[2026-04-03T02:35:18.183+0600][84.864s][info][gc,reloc    ] GC(153) Forwarding Usage: 0M
[2026-04-03T02:35:18.183+0600][84.864s][info][gc,heap     ] GC(153) Min Capacity: 8M(1%)
[2026-04-03T02:35:18.183+0600][84.864s][info][gc,heap     ] GC(153) Max Capacity: 1500M(100%)
[2026-04-03T02:35:18.183+0600][84.865s][info][gc,heap     ] GC(153) Soft Max Capacity: 1500M(100%)
[2026-04-03T02:35:18.183+0600][84.865s][info][gc,heap     ] GC(153)                Mark Start          Mark End        Relocate Start      Relocate End           High               Low         
[2026-04-03T02:35:18.183+0600][84.865s][info][gc,heap     ] GC(153)  Capacity:     1500M (100%)       1500M (100%)       1500M (100%)       1500M (100%)       1500M (100%)       1500M (100%)   
[2026-04-03T02:35:18.183+0600][84.865s][info][gc,heap     ] GC(153)      Free:     1008M (67%)         866M (58%)         944M (63%)        1172M (78%)        1172M (78%)         824M (55%)    
[2026-04-03T02:35:18.183+0600][84.865s][info][gc,heap     ] GC(153)      Used:      492M (33%)         634M (42%)         556M (37%)         328M (22%)         676M (45%)         328M (22%)    
[2026-04-03T02:35:18.183+0600][84.865s][info][gc,heap     ] GC(153)      Live:         -               105M (7%)          105M (7%)          105M (7%)             -                  -          
[2026-04-03T02:35:18.183+0600][84.865s][info][gc,heap     ] GC(153) Allocated:         -               142M (9%)          184M (12%)         183M (12%)            -                  -          
[2026-04-03T02:35:18.183+0600][84.865s][info][gc,heap     ] GC(153)   Garbage:         -               386M (26%)         266M (18%)          38M (3%)             -                  -          
[2026-04-03T02:35:18.183+0600][84.865s][info][gc,heap     ] GC(153) Reclaimed:         -                  -               120M (8%)          347M (23%)            -                  -          
[2026-04-03T02:35:18.183+0600][84.865s][info][gc          ] GC(153) Garbage Collection (Allocation Rate) 492M(33%)->328M(22%)
[2026-04-03T02:35:18.521+0600][85.203s][info][gc,start    ] GC(154) Garbage Collection (Allocation Rate)
[2026-04-03T02:35:18.521+0600][85.203s][info][gc,task     ] GC(154) Using 2 workers
[2026-04-03T02:35:18.522+0600][85.203s][info][gc,phases   ] GC(154) Pause Mark Start 0.018ms
[2026-04-03T02:35:18.692+0600][85.374s][info][gc,phases   ] GC(154) Concurrent Mark 170.623ms
[2026-04-03T02:35:18.693+0600][85.374s][info][gc,phases   ] GC(154) Pause Mark End 0.063ms
[2026-04-03T02:35:18.693+0600][85.374s][info][gc,phases   ] GC(154) Concurrent Mark Free 0.003ms
[2026-04-03T02:35:18.725+0600][85.407s][info][gc,phases   ] GC(154) Concurrent Process Non-Strong References 32.300ms
[2026-04-03T02:35:18.725+0600][85.407s][info][gc,phases   ] GC(154) Concurrent Reset Relocation Set 0.015ms
[2026-04-03T02:35:18.729+0600][85.410s][info][gc,phases   ] GC(154) Concurrent Select Relocation Set 3.485ms
[2026-04-03T02:35:18.729+0600][85.411s][info][gc,phases   ] GC(154) Pause Relocate Start 0.016ms
[2026-04-03T02:35:18.734+0600][85.415s][info][gc,phases   ] GC(154) Concurrent Relocate 4.647ms
[2026-04-03T02:35:18.734+0600][85.415s][info][gc,load     ] GC(154) Load: 5.85/5.78/5.83
[2026-04-03T02:35:18.734+0600][85.415s][info][gc,mmu      ] GC(154) MMU: 2ms/89.3%, 5ms/95.7%, 10ms/97.9%, 20ms/98.9%, 50ms/99.6%, 100ms/99.8%
[2026-04-03T02:35:18.734+0600][85.416s][info][gc,marking  ] GC(154) Mark: 2 stripe(s), 2 proactive flush(es), 1 terminate flush(es), 0 completion(s), 0 continuation(s) 
[2026-04-03T02:35:18.734+0600][85.416s][info][gc,marking  ] GC(154) Mark Stack Usage: 32M
[2026-04-03T02:35:18.734+0600][85.416s][info][gc,nmethod  ] GC(154) NMethods: 15422 registered, 2662 unregistered
[2026-04-03T02:35:18.734+0600][85.416s][info][gc,metaspace] GC(154) Metaspace: 128M used, 129M committed, 1152M reserved
[2026-04-03T02:35:18.734+0600][85.416s][info][gc,ref      ] GC(154) Soft: 3424 encountered, 0 discovered, 0 enqueued
[2026-04-03T02:35:18.734+0600][85.416s][info][gc,ref      ] GC(154) Weak: 15534 encountered, 6035 discovered, 39 enqueued
[2026-04-03T02:35:18.734+0600][85.416s][info][gc,ref      ] GC(154) Final: 84 encountered, 48 discovered, 0 enqueued
[2026-04-03T02:35:18.734+0600][85.416s][info][gc,ref      ] GC(154) Phantom: 620 encountered, 599 discovered, 0 enqueued
[2026-04-03T02:35:18.734+0600][85.416s][info][gc,reloc    ] GC(154) Small Pages: 281 / 562M, Empty: 194M, Relocated: 5M, In-Place: 0
[2026-04-03T02:35:18.734+0600][85.416s][info][gc,reloc    ] GC(154) Medium Pages: 5 / 160M, Empty: 128M, Relocated: 0M, In-Place: 0
[2026-04-03T02:35:18.734+0600][85.416s][info][gc,reloc    ] GC(154) Large Pages: 12 / 72M, Empty: 72M, Relocated: 0M, In-Place: 0
[2026-04-03T02:35:18.734+0600][85.416s][info][gc,reloc    ] GC(154) Forwarding Usage: 1M
[2026-04-03T02:35:18.734+0600][85.416s][info][gc,heap     ] GC(154) Min Capacity: 8M(1%)
[2026-04-03T02:35:18.734+0600][85.416s][info][gc,heap     ] GC(154) Max Capacity: 1500M(100%)
[2026-04-03T02:35:18.734+0600][85.416s][info][gc,heap     ] GC(154) Soft Max Capacity: 1500M(100%)
[2026-04-03T02:35:18.734+0600][85.416s][info][gc,heap     ] GC(154)                Mark Start          Mark End        Relocate Start      Relocate End           High               Low         
[2026-04-03T02:35:18.734+0600][85.416s][info][gc,heap     ] GC(154)  Capacity:     1500M (100%)       1500M (100%)       1500M (100%)       1500M (100%)       1500M (100%)       1500M (100%)   
[2026-04-03T02:35:18.734+0600][85.416s][info][gc,heap     ] GC(154)      Free:      706M (47%)         460M (31%)         814M (54%)        1064M (71%)        1064M (71%)         428M (29%)    
[2026-04-03T02:35:18.734+0600][85.416s][info][gc,heap     ] GC(154)      Used:      794M (53%)        1040M (69%)         686M (46%)         436M (29%)        1072M (71%)         436M (29%)    
[2026-04-03T02:35:18.734+0600][85.416s][info][gc,heap     ] GC(154)      Live:         -               106M (7%)          106M (7%)          106M (7%)             -                  -          
[2026-04-03T02:35:18.734+0600][85.416s][info][gc,heap     ] GC(154) Allocated:         -               246M (16%)         286M (19%)         291M (19%)            -                  -          
[2026-04-03T02:35:18.734+0600][85.416s][info][gc,heap     ] GC(154)   Garbage:         -               687M (46%)         293M (20%)          37M (3%)             -                  -          
[2026-04-03T02:35:18.734+0600][85.416s][info][gc,heap     ] GC(154) Reclaimed:         -                  -               394M (26%)         649M (43%)            -                  -          
[2026-04-03T02:35:18.734+0600][85.416s][info][gc          ] GC(154) Garbage Collection (Allocation Rate) 794M(53%)->436M(29%)
[2026-04-03T02:35:18.822+0600][85.503s][info][gc,start    ] GC(155) Garbage Collection (Allocation Rate)
[2026-04-03T02:35:18.822+0600][85.503s][info][gc,task     ] GC(155) Using 2 workers
[2026-04-03T02:35:18.822+0600][85.503s][info][gc,phases   ] GC(155) Pause Mark Start 0.021ms
[2026-04-03T02:35:18.979+0600][85.661s][info][gc,phases   ] GC(155) Concurrent Mark 157.130ms
[2026-04-03T02:35:18.979+0600][85.661s][info][gc,phases   ] GC(155) Pause Mark End 0.029ms
[2026-04-03T02:35:18.979+0600][85.661s][info][gc,phases   ] GC(155) Concurrent Mark Free 0.001ms
[2026-04-03T02:35:19.000+0600][85.682s][info][gc,phases   ] GC(155) Concurrent Process Non-Strong References 20.605ms
[2026-04-03T02:35:19.000+0600][85.682s][info][gc,phases   ] GC(155) Concurrent Reset Relocation Set 0.011ms
[2026-04-03T02:35:19.004+0600][85.685s][info][gc,phases   ] GC(155) Concurrent Select Relocation Set 3.361ms
[2026-04-03T02:35:19.004+0600][85.685s][info][gc,phases   ] GC(155) Pause Relocate Start 0.012ms
[2026-04-03T02:35:19.008+0600][85.689s][info][gc,phases   ] GC(155) Concurrent Relocate 4.005ms
[2026-04-03T02:35:19.008+0600][85.689s][info][gc,load     ] GC(155) Load: 5.85/5.78/5.83
[2026-04-03T02:35:19.008+0600][85.690s][info][gc,mmu      ] GC(155) MMU: 2ms/89.3%, 5ms/95.7%, 10ms/97.9%, 20ms/98.9%, 50ms/99.6%, 100ms/99.8%
[2026-04-03T02:35:19.008+0600][85.690s][info][gc,marking  ] GC(155) Mark: 2 stripe(s), 2 proactive flush(es), 1 terminate flush(es), 0 completion(s), 0 continuation(s) 
[2026-04-03T02:35:19.008+0600][85.690s][info][gc,marking  ] GC(155) Mark Stack Usage: 32M
[2026-04-03T02:35:19.008+0600][85.690s][info][gc,nmethod  ] GC(155) NMethods: 15425 registered, 2671 unregistered
[2026-04-03T02:35:19.008+0600][85.690s][info][gc,metaspace] GC(155) Metaspace: 128M used, 129M committed, 1152M reserved
[2026-04-03T02:35:19.008+0600][85.690s][info][gc,ref      ] GC(155) Soft: 3432 encountered, 0 discovered, 0 enqueued
[2026-04-03T02:35:19.008+0600][85.690s][info][gc,ref      ] GC(155) Weak: 15989 encountered, 7675 discovered, 22 enqueued
[2026-04-03T02:35:19.008+0600][85.690s][info][gc,ref      ] GC(155) Final: 84 encountered, 48 discovered, 0 enqueued
[2026-04-03T02:35:19.008+0600][85.690s][info][gc,ref      ] GC(155) Phantom: 620 encountered, 526 discovered, 0 enqueued
[2026-04-03T02:35:19.008+0600][85.690s][info][gc,reloc    ] GC(155) Small Pages: 200 / 400M, Empty: 118M, Relocated: 4M, In-Place: 0
[2026-04-03T02:35:19.008+0600][85.690s][info][gc,reloc    ] GC(155) Medium Pages: 3 / 96M, Empty: 64M, Relocated: 0M, In-Place: 0
[2026-04-03T02:35:19.008+0600][85.690s][info][gc,reloc    ] GC(155) Large Pages: 8 / 48M, Empty: 48M, Relocated: 0M, In-Place: 0
[2026-04-03T02:35:19.008+0600][85.690s][info][gc,reloc    ] GC(155) Forwarding Usage: 1M
[2026-04-03T02:35:19.008+0600][85.690s][info][gc,heap     ] GC(155) Min Capacity: 8M(1%)
[2026-04-03T02:35:19.008+0600][85.690s][info][gc,heap     ] GC(155) Max Capacity: 1500M(100%)
[2026-04-03T02:35:19.008+0600][85.690s][info][gc,heap     ] GC(155) Soft Max Capacity: 1500M(100%)
[2026-04-03T02:35:19.008+0600][85.690s][info][gc,heap     ] GC(155)                Mark Start          Mark End        Relocate Start      Relocate End           High               Low         
[2026-04-03T02:35:19.008+0600][85.690s][info][gc,heap     ] GC(155)  Capacity:     1500M (100%)       1500M (100%)       1500M (100%)       1500M (100%)       1500M (100%)       1500M (100%)   
[2026-04-03T02:35:19.008+0600][85.690s][info][gc,heap     ] GC(155)      Free:      956M (64%)         766M (51%)         978M (65%)        1136M (76%)        1140M (76%)         756M (50%)    
[2026-04-03T02:35:19.008+0600][85.690s][info][gc,heap     ] GC(155)      Used:      544M (36%)         734M (49%)         522M (35%)         364M (24%)         744M (50%)         360M (24%)    
[2026-04-03T02:35:19.008+0600][85.690s][info][gc,heap     ] GC(155)      Live:         -               109M (7%)          109M (7%)          109M (7%)             -                  -          
[2026-04-03T02:35:19.008+0600][85.690s][info][gc,heap     ] GC(155) Allocated:         -               190M (13%)         208M (14%)         213M (14%)            -                  -          
[2026-04-03T02:35:19.008+0600][85.690s][info][gc,heap     ] GC(155)   Garbage:         -               434M (29%)         204M (14%)          40M (3%)             -                  -          
[2026-04-03T02:35:19.008+0600][85.690s][info][gc,heap     ] GC(155) Reclaimed:         -                  -               230M (15%)         393M (26%)            -                  -          
[2026-04-03T02:35:19.008+0600][85.690s][info][gc          ] GC(155) Garbage Collection (Allocation Rate) 544M(36%)->364M(24%)
[2026-04-03T02:35:19.221+0600][85.903s][info][gc,start    ] GC(156) Garbage Collection (Allocation Rate)
[2026-04-03T02:35:19.221+0600][85.903s][info][gc,task     ] GC(156) Using 2 workers
[2026-04-03T02:35:19.221+0600][85.903s][info][gc,phases   ] GC(156) Pause Mark Start 0.019ms
[2026-04-03T02:35:19.358+0600][86.040s][info][gc,phases   ] GC(156) Concurrent Mark 136.795ms
[2026-04-03T02:35:19.359+0600][86.040s][info][gc,phases   ] GC(156) Pause Mark End 0.038ms
[2026-04-03T02:35:19.359+0600][86.040s][info][gc,phases   ] GC(156) Concurrent Mark Free 0.001ms
[2026-04-03T02:35:19.381+0600][86.062s][info][gc,phases   ] GC(156) Concurrent Process Non-Strong References 21.995ms
[2026-04-03T02:35:19.381+0600][86.062s][info][gc,phases   ] GC(156) Concurrent Reset Relocation Set 0.013ms
[2026-04-03T02:35:19.384+0600][86.066s][info][gc,phases   ] GC(156) Concurrent Select Relocation Set 3.604ms
[2026-04-03T02:35:19.385+0600][86.066s][info][gc,phases   ] GC(156) Pause Relocate Start 0.015ms
[2026-04-03T02:35:19.394+0600][86.075s][info][gc,phases   ] GC(156) Concurrent Relocate 8.911ms
[2026-04-03T02:35:19.394+0600][86.075s][info][gc,load     ] GC(156) Load: 5.85/5.78/5.83
[2026-04-03T02:35:19.394+0600][86.076s][info][gc,mmu      ] GC(156) MMU: 2ms/89.3%, 5ms/95.7%, 10ms/97.9%, 20ms/98.9%, 50ms/99.6%, 100ms/99.8%
[2026-04-03T02:35:19.394+0600][86.076s][info][gc,marking  ] GC(156) Mark: 2 stripe(s), 2 proactive flush(es), 1 terminate flush(es), 0 completion(s), 0 continuation(s) 
[2026-04-03T02:35:19.394+0600][86.076s][info][gc,marking  ] GC(156) Mark Stack Usage: 32M
[2026-04-03T02:35:19.394+0600][86.076s][info][gc,nmethod  ] GC(156) NMethods: 15427 registered, 2681 unregistered
[2026-04-03T02:35:19.394+0600][86.076s][info][gc,metaspace] GC(156) Metaspace: 128M used, 129M committed, 1152M reserved
[2026-04-03T02:35:19.394+0600][86.076s][info][gc,ref      ] GC(156) Soft: 3427 encountered, 0 discovered, 0 enqueued
[2026-04-03T02:35:19.394+0600][86.076s][info][gc,ref      ] GC(156) Weak: 16575 encountered, 6645 discovered, 1710 enqueued
[2026-04-03T02:35:19.394+0600][86.076s][info][gc,ref      ] GC(156) Final: 84 encountered, 48 discovered, 0 enqueued
[2026-04-03T02:35:19.394+0600][86.076s][info][gc,ref      ] GC(156) Phantom: 620 encountered, 373 discovered, 0 enqueued
[2026-04-03T02:35:19.394+0600][86.076s][info][gc,reloc    ] GC(156) Small Pages: 276 / 552M, Empty: 148M, Relocated: 10M, In-Place: 0
[2026-04-03T02:35:19.394+0600][86.076s][info][gc,reloc    ] GC(156) Medium Pages: 3 / 96M, Empty: 64M, Relocated: 0M, In-Place: 0
[2026-04-03T02:35:19.394+0600][86.076s][info][gc,reloc    ] GC(156) Large Pages: 8 / 48M, Empty: 48M, Relocated: 0M, In-Place: 0
[2026-04-03T02:35:19.394+0600][86.076s][info][gc,reloc    ] GC(156) Forwarding Usage: 2M
[2026-04-03T02:35:19.394+0600][86.076s][info][gc,heap     ] GC(156) Min Capacity: 8M(1%)
[2026-04-03T02:35:19.394+0600][86.076s][info][gc,heap     ] GC(156) Max Capacity: 1500M(100%)
[2026-04-03T02:35:19.394+0600][86.076s][info][gc,heap     ] GC(156) Soft Max Capacity: 1500M(100%)
[2026-04-03T02:35:19.394+0600][86.076s][info][gc,heap     ] GC(156)                Mark Start          Mark End        Relocate Start      Relocate End           High               Low         
[2026-04-03T02:35:19.394+0600][86.076s][info][gc,heap     ] GC(156)  Capacity:     1500M (100%)       1500M (100%)       1500M (100%)       1500M (100%)       1500M (100%)       1500M (100%)   
[2026-04-03T02:35:19.394+0600][86.076s][info][gc,heap     ] GC(156)      Free:      804M (54%)         586M (39%)         828M (55%)        1094M (73%)        1096M (73%)         570M (38%)    
[2026-04-03T02:35:19.394+0600][86.076s][info][gc,heap     ] GC(156)      Used:      696M (46%)         914M (61%)         672M (45%)         406M (27%)         930M (62%)         404M (27%)    
[2026-04-03T02:35:19.394+0600][86.076s][info][gc,heap     ] GC(156)      Live:         -               111M (7%)          111M (7%)          111M (7%)             -                  -          
[2026-04-03T02:35:19.394+0600][86.076s][info][gc,heap     ] GC(156) Allocated:         -               218M (15%)         236M (16%)         255M (17%)            -                  -          
[2026-04-03T02:35:19.394+0600][86.076s][info][gc,heap     ] GC(156)   Garbage:         -               584M (39%)         324M (22%)          39M (3%)             -                  -          
[2026-04-03T02:35:19.394+0600][86.076s][info][gc,heap     ] GC(156) Reclaimed:         -                  -               260M (17%)         545M (36%)            -                  -          
[2026-04-03T02:35:19.394+0600][86.076s][info][gc          ] GC(156) Garbage Collection (Allocation Rate) 696M(46%)->406M(27%)
[2026-04-03T02:35:19.521+0600][86.203s][info][gc,start    ] GC(157) Garbage Collection (Allocation Rate)
[2026-04-03T02:35:19.522+0600][86.203s][info][gc,task     ] GC(157) Using 3 workers
[2026-04-03T02:35:19.522+0600][86.203s][info][gc,phases   ] GC(157) Pause Mark Start 0.014ms
[2026-04-03T02:35:19.630+0600][86.312s][info][gc,phases   ] GC(157) Concurrent Mark 108.485ms
[2026-04-03T02:35:19.631+0600][86.312s][info][gc,phases   ] GC(157) Pause Mark End 0.060ms
[2026-04-03T02:35:19.631+0600][86.312s][info][gc,phases   ] GC(157) Concurrent Mark Free 0.003ms
[2026-04-03T02:35:19.646+0600][86.327s][info][gc,phases   ] GC(157) Concurrent Process Non-Strong References 14.667ms
[2026-04-03T02:35:19.646+0600][86.327s][info][gc,phases   ] GC(157) Concurrent Reset Relocation Set 0.011ms
[2026-04-03T02:35:19.648+0600][86.330s][info][gc,phases   ] GC(157) Concurrent Select Relocation Set 2.696ms
[2026-04-03T02:35:19.649+0600][86.330s][info][gc,phases   ] GC(157) Pause Relocate Start 0.034ms
[2026-04-03T02:35:19.653+0600][86.334s][info][gc,phases   ] GC(157) Concurrent Relocate 3.964ms
[2026-04-03T02:35:19.653+0600][86.334s][info][gc,load     ] GC(157) Load: 5.85/5.78/5.83
[2026-04-03T02:35:19.653+0600][86.334s][info][gc,mmu      ] GC(157) MMU: 2ms/89.3%, 5ms/95.7%, 10ms/97.9%, 20ms/98.9%, 50ms/99.6%, 100ms/99.8%
[2026-04-03T02:35:19.653+0600][86.334s][info][gc,marking  ] GC(157) Mark: 2 stripe(s), 4 proactive flush(es), 1 terminate flush(es), 0 completion(s), 0 continuation(s) 
[2026-04-03T02:35:19.653+0600][86.334s][info][gc,marking  ] GC(157) Mark Stack Usage: 32M
[2026-04-03T02:35:19.653+0600][86.334s][info][gc,nmethod  ] GC(157) NMethods: 15430 registered, 2686 unregistered
[2026-04-03T02:35:19.653+0600][86.334s][info][gc,metaspace] GC(157) Metaspace: 128M used, 129M committed, 1152M reserved
[2026-04-03T02:35:19.653+0600][86.334s][info][gc,ref      ] GC(157) Soft: 3428 encountered, 0 discovered, 0 enqueued
[2026-04-03T02:35:19.653+0600][86.335s][info][gc,ref      ] GC(157) Weak: 15409 encountered, 4141 discovered, 775 enqueued
[2026-04-03T02:35:19.653+0600][86.335s][info][gc,ref      ] GC(157) Final: 84 encountered, 4 discovered, 0 enqueued
[2026-04-03T02:35:19.653+0600][86.335s][info][gc,ref      ] GC(157) Phantom: 639 encountered, 606 discovered, 0 enqueued
[2026-04-03T02:35:19.653+0600][86.335s][info][gc,reloc    ] GC(157) Small Pages: 201 / 402M, Empty: 142M, Relocated: 10M, In-Place: 0
[2026-04-03T02:35:19.653+0600][86.335s][info][gc,reloc    ] GC(157) Medium Pages: 2 / 64M, Empty: 32M, Relocated: 0M, In-Place: 0
[2026-04-03T02:35:19.653+0600][86.335s][info][gc,reloc    ] GC(157) Large Pages: 112 / 672M, Empty: 648M, Relocated: 0M, In-Place: 0
[2026-04-03T02:35:19.653+0600][86.335s][info][gc,reloc    ] GC(157) Forwarding Usage: 1M
[2026-04-03T02:35:19.653+0600][86.335s][info][gc,heap     ] GC(157) Min Capacity: 8M(1%)
[2026-04-03T02:35:19.653+0600][86.335s][info][gc,heap     ] GC(157) Max Capacity: 1500M(100%)
[2026-04-03T02:35:19.653+0600][86.335s][info][gc,heap     ] GC(157) Soft Max Capacity: 1500M(100%)
[2026-04-03T02:35:19.653+0600][86.335s][info][gc,heap     ] GC(157)                Mark Start          Mark End        Relocate Start      Relocate End           High               Low         
[2026-04-03T02:35:19.653+0600][86.335s][info][gc,heap     ] GC(157)  Capacity:     1500M (100%)       1500M (100%)       1500M (100%)       1500M (100%)       1500M (100%)       1500M (100%)   
[2026-04-03T02:35:19.653+0600][86.335s][info][gc,heap     ] GC(157)      Free:      362M (24%)         114M (8%)          926M (62%)        1054M (70%)        1054M (70%)         108M (7%)     
[2026-04-03T02:35:19.653+0600][86.335s][info][gc,heap     ] GC(157)      Used:     1138M (76%)        1386M (92%)         574M (38%)         446M (30%)        1392M (93%)         446M (30%)    
[2026-04-03T02:35:19.653+0600][86.335s][info][gc,heap     ] GC(157)      Live:         -               135M (9%)          135M (9%)          135M (9%)             -                  -          
[2026-04-03T02:35:19.653+0600][86.335s][info][gc,heap     ] GC(157) Allocated:         -               248M (17%)         258M (17%)         271M (18%)            -                  -          
[2026-04-03T02:35:19.653+0600][86.335s][info][gc,heap     ] GC(157)   Garbage:         -              1002M (67%)         180M (12%)          38M (3%)             -                  -          
[2026-04-03T02:35:19.653+0600][86.335s][info][gc,heap     ] GC(157) Reclaimed:         -                  -               822M (55%)         963M (64%)            -                  -          
[2026-04-03T02:35:19.653+0600][86.335s][info][gc          ] GC(157) Garbage Collection (Allocation Rate) 1138M(76%)->446M(30%)
[2026-04-03T02:35:19.821+0600][86.502s][info][gc,start    ] GC(158) Garbage Collection (Allocation Rate)
[2026-04-03T02:35:19.821+0600][86.502s][info][gc,task     ] GC(158) Using 3 workers
[2026-04-03T02:35:19.821+0600][86.503s][info][gc,phases   ] GC(158) Pause Mark Start 0.009ms
[2026-04-03T02:35:19.887+0600][86.568s][info][gc,phases   ] GC(158) Concurrent Mark 65.630ms
[2026-04-03T02:35:19.887+0600][86.569s][info][gc,phases   ] GC(158) Pause Mark End 0.041ms
[2026-04-03T02:35:19.888+0600][86.569s][info][gc,phases   ] GC(158) Concurrent Mark Free 0.003ms
[2026-04-03T02:35:19.902+0600][86.583s][info][gc,phases   ] GC(158) Concurrent Process Non-Strong References 14.220ms
[2026-04-03T02:35:19.902+0600][86.583s][info][gc,phases   ] GC(158) Concurrent Reset Relocation Set 0.006ms
[2026-04-03T02:35:19.904+0600][86.586s][info][gc,phases   ] GC(158) Concurrent Select Relocation Set 2.589ms
[2026-04-03T02:35:19.905+0600][86.586s][info][gc,phases   ] GC(158) Pause Relocate Start 0.018ms
[2026-04-03T02:35:19.910+0600][86.591s][info][gc,phases   ] GC(158) Concurrent Relocate 4.575ms
[2026-04-03T02:35:19.910+0600][86.591s][info][gc,load     ] GC(158) Load: 5.70/5.75/5.81
[2026-04-03T02:35:19.910+0600][86.591s][info][gc,mmu      ] GC(158) MMU: 2ms/89.3%, 5ms/95.7%, 10ms/97.9%, 20ms/98.9%, 50ms/99.6%, 100ms/99.8%
[2026-04-03T02:35:19.910+0600][86.591s][info][gc,marking  ] GC(158) Mark: 2 stripe(s), 2 proactive flush(es), 1 terminate flush(es), 0 completion(s), 0 continuation(s) 
[2026-04-03T02:35:19.910+0600][86.591s][info][gc,marking  ] GC(158) Mark Stack Usage: 32M
[2026-04-03T02:35:19.910+0600][86.591s][info][gc,nmethod  ] GC(158) NMethods: 15438 registered, 2695 unregistered
[2026-04-03T02:35:19.910+0600][86.591s][info][gc,metaspace] GC(158) Metaspace: 128M used, 129M committed, 1152M reserved
[2026-04-03T02:35:19.910+0600][86.591s][info][gc,ref      ] GC(158) Soft: 3424 encountered, 0 discovered, 0 enqueued
[2026-04-03T02:35:19.910+0600][86.591s][info][gc,ref      ] GC(158) Weak: 14950 encountered, 3267 discovered, 421 enqueued
[2026-04-03T02:35:19.910+0600][86.591s][info][gc,ref      ] GC(158) Final: 84 encountered, 0 discovered, 0 enqueued
[2026-04-03T02:35:19.910+0600][86.591s][info][gc,ref      ] GC(158) Phantom: 620 encountered, 595 discovered, 0 enqueued
[2026-04-03T02:35:19.910+0600][86.591s][info][gc,reloc    ] GC(158) Small Pages: 163 / 326M, Empty: 24M, Relocated: 8M, In-Place: 0
[2026-04-03T02:35:19.910+0600][86.591s][info][gc,reloc    ] GC(158) Medium Pages: 3 / 96M, Empty: 64M, Relocated: 0M, In-Place: 0
[2026-04-03T02:35:19.910+0600][86.591s][info][gc,reloc    ] GC(158) Large Pages: 33 / 198M, Empty: 198M, Relocated: 0M, In-Place: 0
[2026-04-03T02:35:19.910+0600][86.591s][info][gc,reloc    ] GC(158) Forwarding Usage: 2M
[2026-04-03T02:35:19.910+0600][86.591s][info][gc,heap     ] GC(158) Min Capacity: 8M(1%)
[2026-04-03T02:35:19.910+0600][86.591s][info][gc,heap     ] GC(158) Max Capacity: 1500M(100%)
[2026-04-03T02:35:19.910+0600][86.591s][info][gc,heap     ] GC(158) Soft Max Capacity: 1500M(100%)
[2026-04-03T02:35:19.910+0600][86.591s][info][gc,heap     ] GC(158)                Mark Start          Mark End        Relocate Start      Relocate End           High               Low         
[2026-04-03T02:35:19.910+0600][86.591s][info][gc,heap     ] GC(158)  Capacity:     1500M (100%)       1500M (100%)       1500M (100%)       1500M (100%)       1500M (100%)       1500M (100%)   
[2026-04-03T02:35:19.910+0600][86.591s][info][gc,heap     ] GC(158)      Free:      880M (59%)         840M (56%)        1100M (73%)        1288M (86%)        1288M (86%)         816M (54%)    
[2026-04-03T02:35:19.910+0600][86.591s][info][gc,heap     ] GC(158)      Used:      620M (41%)         660M (44%)         400M (27%)         212M (14%)         684M (46%)         212M (14%)    
[2026-04-03T02:35:19.910+0600][86.591s][info][gc,heap     ] GC(158)      Live:         -               105M (7%)          105M (7%)          105M (7%)             -                  -          
[2026-04-03T02:35:19.910+0600][86.591s][info][gc,heap     ] GC(158) Allocated:         -                40M (3%)           66M (4%)           67M (5%)             -                  -          
[2026-04-03T02:35:19.910+0600][86.592s][info][gc,heap     ] GC(158)   Garbage:         -               514M (34%)         228M (15%)          38M (3%)             -                  -          
[2026-04-03T02:35:19.910+0600][86.592s][info][gc,heap     ] GC(158) Reclaimed:         -                  -               286M (19%)         475M (32%)            -                  -          
[2026-04-03T02:35:19.910+0600][86.592s][info][gc          ] GC(158) Garbage Collection (Allocation Rate) 620M(41%)->212M(14%)
[2026-04-03T02:35:20.121+0600][86.803s][info][gc,start    ] GC(159) Garbage Collection (Allocation Rate)
[2026-04-03T02:35:20.121+0600][86.803s][info][gc,task     ] GC(159) Using 2 workers
[2026-04-03T02:35:20.122+0600][86.803s][info][gc,phases   ] GC(159) Pause Mark Start 0.016ms
[2026-04-03T02:35:20.287+0600][86.969s][info][gc,phases   ] GC(159) Concurrent Mark 165.732ms
[2026-04-03T02:35:20.288+0600][86.969s][info][gc,phases   ] GC(159) Pause Mark End 0.047ms
[2026-04-03T02:35:20.288+0600][86.970s][info][gc,phases   ] GC(159) Concurrent Mark Free 0.003ms
[2026-04-03T02:35:20.319+0600][87.001s][info][gc,phases   ] GC(159) Concurrent Process Non-Strong References 31.075ms
[2026-04-03T02:35:20.319+0600][87.001s][info][gc,phases   ] GC(159) Concurrent Reset Relocation Set 0.013ms
[2026-04-03T02:35:20.324+0600][87.005s][info][gc,phases   ] GC(159) Concurrent Select Relocation Set 4.639ms
[2026-04-03T02:35:20.324+0600][87.006s][info][gc,phases   ] GC(159) Pause Relocate Start 0.016ms
[2026-04-03T02:35:20.329+0600][87.010s][info][gc,phases   ] GC(159) Concurrent Relocate 4.358ms
[2026-04-03T02:35:20.329+0600][87.010s][info][gc,load     ] GC(159) Load: 5.70/5.75/5.81
[2026-04-03T02:35:20.329+0600][87.010s][info][gc,mmu      ] GC(159) MMU: 2ms/89.3%, 5ms/95.7%, 10ms/97.9%, 20ms/98.9%, 50ms/99.6%, 100ms/99.8%
[2026-04-03T02:35:20.329+0600][87.010s][info][gc,marking  ] GC(159) Mark: 2 stripe(s), 2 proactive flush(es), 1 terminate flush(es), 0 completion(s), 0 continuation(s) 
[2026-04-03T02:35:20.329+0600][87.011s][info][gc,marking  ] GC(159) Mark Stack Usage: 32M
[2026-04-03T02:35:20.329+0600][87.011s][info][gc,nmethod  ] GC(159) NMethods: 15444 registered, 2699 unregistered
[2026-04-03T02:35:20.329+0600][87.011s][info][gc,metaspace] GC(159) Metaspace: 128M used, 129M committed, 1152M reserved
[2026-04-03T02:35:20.329+0600][87.011s][info][gc,ref      ] GC(159) Soft: 3424 encountered, 0 discovered, 0 enqueued
[2026-04-03T02:35:20.329+0600][87.011s][info][gc,ref      ] GC(159) Weak: 14810 encountered, 6104 discovered, 27 enqueued
[2026-04-03T02:35:20.329+0600][87.011s][info][gc,ref      ] GC(159) Final: 84 encountered, 48 discovered, 0 enqueued
[2026-04-03T02:35:20.329+0600][87.011s][info][gc,ref      ] GC(159) Phantom: 620 encountered, 417 discovered, 0 enqueued
[2026-04-03T02:35:20.329+0600][87.011s][info][gc,reloc    ] GC(159) Small Pages: 171 / 342M, Empty: 32M, Relocated: 2M, In-Place: 0
[2026-04-03T02:35:20.329+0600][87.011s][info][gc,reloc    ] GC(159) Medium Pages: 2 / 64M, Empty: 32M, Relocated: 0M, In-Place: 0
[2026-04-03T02:35:20.329+0600][87.011s][info][gc,reloc    ] GC(159) Large Pages: 3 / 18M, Empty: 18M, Relocated: 0M, In-Place: 0
[2026-04-03T02:35:20.329+0600][87.011s][info][gc,reloc    ] GC(159) Forwarding Usage: 0M
[2026-04-03T02:35:20.329+0600][87.011s][info][gc,heap     ] GC(159) Min Capacity: 8M(1%)
[2026-04-03T02:35:20.329+0600][87.011s][info][gc,heap     ] GC(159) Max Capacity: 1500M(100%)
[2026-04-03T02:35:20.329+0600][87.011s][info][gc,heap     ] GC(159) Soft Max Capacity: 1500M(100%)
[2026-04-03T02:35:20.329+0600][87.011s][info][gc,heap     ] GC(159)                Mark Start          Mark End        Relocate Start      Relocate End           High               Low         
[2026-04-03T02:35:20.329+0600][87.011s][info][gc,heap     ] GC(159)  Capacity:     1500M (100%)       1500M (100%)       1500M (100%)       1500M (100%)       1500M (100%)       1500M (100%)   
[2026-04-03T02:35:20.329+0600][87.011s][info][gc,heap     ] GC(159)      Free:     1076M (72%)         826M (55%)         868M (58%)        1062M (71%)        1076M (72%)         786M (52%)    
[2026-04-03T02:35:20.329+0600][87.011s][info][gc,heap     ] GC(159)      Used:      424M (28%)         674M (45%)         632M (42%)         438M (29%)         714M (48%)         424M (28%)    
[2026-04-03T02:35:20.329+0600][87.011s][info][gc,heap     ] GC(159)      Live:         -               106M (7%)          106M (7%)          106M (7%)             -                  -          
[2026-04-03T02:35:20.329+0600][87.011s][info][gc,heap     ] GC(159) Allocated:         -               250M (17%)         290M (19%)         293M (20%)            -                  -          
[2026-04-03T02:35:20.329+0600][87.011s][info][gc,heap     ] GC(159)   Garbage:         -               317M (21%)         235M (16%)          37M (3%)             -                  -          
[2026-04-03T02:35:20.329+0600][87.011s][info][gc,heap     ] GC(159) Reclaimed:         -                  -                82M (5%)          279M (19%)            -                  -          
[2026-04-03T02:35:20.329+0600][87.011s][info][gc          ] GC(159) Garbage Collection (Allocation Rate) 424M(28%)->438M(29%)
[2026-04-03T02:35:20.422+0600][87.103s][info][gc,start    ] GC(160) Garbage Collection (Allocation Rate)
[2026-04-03T02:35:20.422+0600][87.103s][info][gc,task     ] GC(160) Using 2 workers
[2026-04-03T02:35:20.422+0600][87.104s][info][gc,phases   ] GC(160) Pause Mark Start 0.014ms
[2026-04-03T02:35:20.582+0600][87.264s][info][gc,phases   ] GC(160) Concurrent Mark 159.864ms
[2026-04-03T02:35:20.582+0600][87.264s][info][gc,phases   ] GC(160) Pause Mark End 0.027ms
[2026-04-03T02:35:20.583+0600][87.264s][info][gc,phases   ] GC(160) Concurrent Mark Free 0.002ms
[2026-04-03T02:35:20.615+0600][87.297s][info][gc,phases   ] GC(160) Concurrent Process Non-Strong References 32.351ms
[2026-04-03T02:35:20.615+0600][87.297s][info][gc,phases   ] GC(160) Concurrent Reset Relocation Set 0.012ms
[2026-04-03T02:35:20.619+0600][87.301s][info][gc,phases   ] GC(160) Concurrent Select Relocation Set 3.966ms
[2026-04-03T02:35:20.619+0600][87.301s][info][gc,phases   ] GC(160) Pause Relocate Start 0.014ms
[2026-04-03T02:35:20.625+0600][87.307s][info][gc,phases   ] GC(160) Concurrent Relocate 5.816ms
[2026-04-03T02:35:20.625+0600][87.307s][info][gc,load     ] GC(160) Load: 5.70/5.75/5.81
[2026-04-03T02:35:20.625+0600][87.307s][info][gc,mmu      ] GC(160) MMU: 2ms/89.3%, 5ms/95.7%, 10ms/97.9%, 20ms/98.9%, 50ms/99.6%, 100ms/99.8%
[2026-04-03T02:35:20.625+0600][87.307s][info][gc,marking  ] GC(160) Mark: 2 stripe(s), 2 proactive flush(es), 1 terminate flush(es), 0 completion(s), 0 continuation(s) 
[2026-04-03T02:35:20.625+0600][87.307s][info][gc,marking  ] GC(160) Mark Stack Usage: 32M
[2026-04-03T02:35:20.626+0600][87.307s][info][gc,nmethod  ] GC(160) NMethods: 15444 registered, 2703 unregistered
[2026-04-03T02:35:20.626+0600][87.307s][info][gc,metaspace] GC(160) Metaspace: 128M used, 129M committed, 1152M reserved
[2026-04-03T02:35:20.626+0600][87.307s][info][gc,ref      ] GC(160) Soft: 3432 encountered, 0 discovered, 0 enqueued
[2026-04-03T02:35:20.626+0600][87.307s][info][gc,ref      ] GC(160) Weak: 15362 encountered, 6464 discovered, 11 enqueued
[2026-04-03T02:35:20.626+0600][87.307s][info][gc,ref      ] GC(160) Final: 84 encountered, 48 discovered, 0 enqueued
[2026-04-03T02:35:20.626+0600][87.307s][info][gc,ref      ] GC(160) Phantom: 620 encountered, 369 discovered, 0 enqueued
[2026-04-03T02:35:20.626+0600][87.307s][info][gc,reloc    ] GC(160) Small Pages: 209 / 418M, Empty: 128M, Relocated: 6M, In-Place: 0
[2026-04-03T02:35:20.626+0600][87.307s][info][gc,reloc    ] GC(160) Medium Pages: 4 / 128M, Empty: 96M, Relocated: 0M, In-Place: 0
[2026-04-03T02:35:20.626+0600][87.307s][info][gc,reloc    ] GC(160) Large Pages: 8 / 48M, Empty: 48M, Relocated: 0M, In-Place: 0
[2026-04-03T02:35:20.626+0600][87.307s][info][gc,reloc    ] GC(160) Forwarding Usage: 1M
[2026-04-03T02:35:20.626+0600][87.307s][info][gc,heap     ] GC(160) Min Capacity: 8M(1%)
[2026-04-03T02:35:20.626+0600][87.307s][info][gc,heap     ] GC(160) Max Capacity: 1500M(100%)
[2026-04-03T02:35:20.626+0600][87.307s][info][gc,heap     ] GC(160) Soft Max Capacity: 1500M(100%)
[2026-04-03T02:35:20.626+0600][87.307s][info][gc,heap     ] GC(160)                Mark Start          Mark End        Relocate Start      Relocate End           High               Low         
[2026-04-03T02:35:20.626+0600][87.307s][info][gc,heap     ] GC(160)  Capacity:     1500M (100%)       1500M (100%)       1500M (100%)       1500M (100%)       1500M (100%)       1500M (100%)   
[2026-04-03T02:35:20.626+0600][87.307s][info][gc,heap     ] GC(160)      Free:      906M (60%)         686M (46%)         922M (61%)        1082M (72%)        1092M (73%)         634M (42%)    
[2026-04-03T02:35:20.626+0600][87.307s][info][gc,heap     ] GC(160)      Used:      594M (40%)         814M (54%)         578M (39%)         418M (28%)         866M (58%)         408M (27%)    
[2026-04-03T02:35:20.626+0600][87.307s][info][gc,heap     ] GC(160)      Live:         -               108M (7%)          108M (7%)          108M (7%)             -                  -          
[2026-04-03T02:35:20.626+0600][87.307s][info][gc,heap     ] GC(160) Allocated:         -               220M (15%)         256M (17%)         271M (18%)            -                  -          
[2026-04-03T02:35:20.626+0600][87.307s][info][gc,heap     ] GC(160)   Garbage:         -               485M (32%)         213M (14%)          37M (2%)             -                  -          
[2026-04-03T02:35:20.626+0600][87.307s][info][gc,heap     ] GC(160) Reclaimed:         -                  -               272M (18%)         447M (30%)            -                  -          
[2026-04-03T02:35:20.626+0600][87.307s][info][gc          ] GC(160) Garbage Collection (Allocation Rate) 594M(40%)->418M(28%)
[2026-04-03T02:35:20.721+0600][87.402s][info][gc,start    ] GC(161) Garbage Collection (Allocation Rate)
[2026-04-03T02:35:20.721+0600][87.402s][info][gc,task     ] GC(161) Using 2 workers
[2026-04-03T02:35:20.721+0600][87.403s][info][gc,phases   ] GC(161) Pause Mark Start 0.019ms
[2026-04-03T02:35:20.868+0600][87.550s][info][gc,phases   ] GC(161) Concurrent Mark 147.161ms
[2026-04-03T02:35:20.869+0600][87.550s][info][gc,phases   ] GC(161) Pause Mark End 0.029ms
[2026-04-03T02:35:20.869+0600][87.550s][info][gc,phases   ] GC(161) Concurrent Mark Free 0.003ms
[2026-04-03T02:35:20.895+0600][87.577s][info][gc,phases   ] GC(161) Concurrent Process Non-Strong References 26.099ms
[2026-04-03T02:35:20.895+0600][87.577s][info][gc,phases   ] GC(161) Concurrent Reset Relocation Set 0.007ms
[2026-04-03T02:35:20.898+0600][87.579s][info][gc,phases   ] GC(161) Concurrent Select Relocation Set 2.466ms
[2026-04-03T02:35:20.898+0600][87.579s][info][gc,phases   ] GC(161) Pause Relocate Start 0.012ms
[2026-04-03T02:35:20.901+0600][87.582s][info][gc,phases   ] GC(161) Concurrent Relocate 2.962ms
[2026-04-03T02:35:20.901+0600][87.582s][info][gc,load     ] GC(161) Load: 5.70/5.75/5.81
[2026-04-03T02:35:20.901+0600][87.582s][info][gc,mmu      ] GC(161) MMU: 2ms/89.3%, 5ms/95.7%, 10ms/97.9%, 20ms/98.9%, 50ms/99.6%, 100ms/99.8%
[2026-04-03T02:35:20.901+0600][87.583s][info][gc,marking  ] GC(161) Mark: 2 stripe(s), 2 proactive flush(es), 1 terminate flush(es), 0 completion(s), 0 continuation(s) 
[2026-04-03T02:35:20.901+0600][87.583s][info][gc,marking  ] GC(161) Mark Stack Usage: 32M
[2026-04-03T02:35:20.901+0600][87.583s][info][gc,nmethod  ] GC(161) NMethods: 15443 registered, 2708 unregistered
[2026-04-03T02:35:20.901+0600][87.583s][info][gc,metaspace] GC(161) Metaspace: 128M used, 129M committed, 1152M reserved
[2026-04-03T02:35:20.901+0600][87.583s][info][gc,ref      ] GC(161) Soft: 3424 encountered, 0 discovered, 0 enqueued
[2026-04-03T02:35:20.901+0600][87.583s][info][gc,ref      ] GC(161) Weak: 15919 encountered, 7995 discovered, 16 enqueued
[2026-04-03T02:35:20.901+0600][87.583s][info][gc,ref      ] GC(161) Final: 84 encountered, 48 discovered, 0 enqueued
[2026-04-03T02:35:20.901+0600][87.583s][info][gc,ref      ] GC(161) Phantom: 620 encountered, 387 discovered, 0 enqueued
[2026-04-03T02:35:20.901+0600][87.583s][info][gc,reloc    ] GC(161) Small Pages: 205 / 410M, Empty: 134M, Relocated: 3M, In-Place: 0
[2026-04-03T02:35:20.901+0600][87.583s][info][gc,reloc    ] GC(161) Medium Pages: 4 / 128M, Empty: 96M, Relocated: 0M, In-Place: 0
[2026-04-03T02:35:20.901+0600][87.583s][info][gc,reloc    ] GC(161) Large Pages: 7 / 42M, Empty: 42M, Relocated: 0M, In-Place: 0
[2026-04-03T02:35:20.901+0600][87.583s][info][gc,reloc    ] GC(161) Forwarding Usage: 1M
[2026-04-03T02:35:20.901+0600][87.583s][info][gc,heap     ] GC(161) Min Capacity: 8M(1%)
[2026-04-03T02:35:20.901+0600][87.583s][info][gc,heap     ] GC(161) Max Capacity: 1500M(100%)
[2026-04-03T02:35:20.901+0600][87.583s][info][gc,heap     ] GC(161) Soft Max Capacity: 1500M(100%)
[2026-04-03T02:35:20.901+0600][87.583s][info][gc,heap     ] GC(161)                Mark Start          Mark End        Relocate Start      Relocate End           High               Low         
[2026-04-03T02:35:20.901+0600][87.583s][info][gc,heap     ] GC(161)  Capacity:     1500M (100%)       1500M (100%)       1500M (100%)       1500M (100%)       1500M (100%)       1500M (100%)   
[2026-04-03T02:35:20.901+0600][87.583s][info][gc,heap     ] GC(161)      Free:      920M (61%)         716M (48%)         958M (64%)        1120M (75%)        1120M (75%)         694M (46%)    
[2026-04-03T02:35:20.901+0600][87.583s][info][gc,heap     ] GC(161)      Used:      580M (39%)         784M (52%)         542M (36%)         380M (25%)         806M (54%)         380M (25%)    
[2026-04-03T02:35:20.901+0600][87.583s][info][gc,heap     ] GC(161)      Live:         -               106M (7%)          106M (7%)          106M (7%)             -                  -          
[2026-04-03T02:35:20.901+0600][87.583s][info][gc,heap     ] GC(161) Allocated:         -               204M (14%)         234M (16%)         235M (16%)            -                  -          
[2026-04-03T02:35:20.901+0600][87.583s][info][gc,heap     ] GC(161)   Garbage:         -               473M (32%)         201M (13%)          37M (2%)             -                  -          
[2026-04-03T02:35:20.901+0600][87.583s][info][gc,heap     ] GC(161) Reclaimed:         -                  -               272M (18%)         435M (29%)            -                  -          
[2026-04-03T02:35:20.901+0600][87.583s][info][gc          ] GC(161) Garbage Collection (Allocation Rate) 580M(39%)->380M(25%)
[2026-04-03T02:35:21.221+0600][87.903s][info][gc,start    ] GC(162) Garbage Collection (Allocation Rate)
[2026-04-03T02:35:21.221+0600][87.903s][info][gc,task     ] GC(162) Using 2 workers
[2026-04-03T02:35:21.222+0600][87.903s][info][gc,phases   ] GC(162) Pause Mark Start 0.017ms
[2026-04-03T02:35:21.337+0600][88.018s][info][gc,phases   ] GC(162) Concurrent Mark 114.741ms
[2026-04-03T02:35:21.337+0600][88.018s][info][gc,phases   ] GC(162) Pause Mark End 0.023ms
[2026-04-03T02:35:21.337+0600][88.018s][info][gc,phases   ] GC(162) Concurrent Mark Free 0.002ms
[2026-04-03T02:35:21.364+0600][88.045s][info][gc,phases   ] GC(162) Concurrent Process Non-Strong References 26.520ms
[2026-04-03T02:35:21.364+0600][88.045s][info][gc,phases   ] GC(162) Concurrent Reset Relocation Set 0.006ms
[2026-04-03T02:35:21.367+0600][88.048s][info][gc,phases   ] GC(162) Concurrent Select Relocation Set 3.094ms
[2026-04-03T02:35:21.367+0600][88.048s][info][gc,phases   ] GC(162) Pause Relocate Start 0.012ms
[2026-04-03T02:35:21.380+0600][88.061s][info][gc,phases   ] GC(162) Concurrent Relocate 12.583ms
[2026-04-03T02:35:21.380+0600][88.061s][info][gc,load     ] GC(162) Load: 5.70/5.75/5.81
[2026-04-03T02:35:21.380+0600][88.061s][info][gc,mmu      ] GC(162) MMU: 2ms/89.3%, 5ms/95.7%, 10ms/97.9%, 20ms/98.9%, 50ms/99.6%, 100ms/99.8%
[2026-04-03T02:35:21.380+0600][88.061s][info][gc,marking  ] GC(162) Mark: 2 stripe(s), 2 proactive flush(es), 1 terminate flush(es), 0 completion(s), 0 continuation(s) 
[2026-04-03T02:35:21.380+0600][88.061s][info][gc,marking  ] GC(162) Mark Stack Usage: 32M
[2026-04-03T02:35:21.380+0600][88.061s][info][gc,nmethod  ] GC(162) NMethods: 15452 registered, 2713 unregistered
[2026-04-03T02:35:21.380+0600][88.061s][info][gc,metaspace] GC(162) Metaspace: 128M used, 129M committed, 1152M reserved
[2026-04-03T02:35:21.380+0600][88.061s][info][gc,ref      ] GC(162) Soft: 3428 encountered, 0 discovered, 0 enqueued
[2026-04-03T02:35:21.380+0600][88.061s][info][gc,ref      ] GC(162) Weak: 16643 encountered, 6135 discovered, 1713 enqueued
[2026-04-03T02:35:21.380+0600][88.061s][info][gc,ref      ] GC(162) Final: 84 encountered, 0 discovered, 0 enqueued
[2026-04-03T02:35:21.380+0600][88.061s][info][gc,ref      ] GC(162) Phantom: 620 encountered, 541 discovered, 0 enqueued
[2026-04-03T02:35:21.380+0600][88.061s][info][gc,reloc    ] GC(162) Small Pages: 352 / 704M, Empty: 284M, Relocated: 10M, In-Place: 0
[2026-04-03T02:35:21.380+0600][88.061s][info][gc,reloc    ] GC(162) Medium Pages: 3 / 96M, Empty: 64M, Relocated: 0M, In-Place: 0
[2026-04-03T02:35:21.380+0600][88.061s][info][gc,reloc    ] GC(162) Large Pages: 11 / 66M, Empty: 66M, Relocated: 0M, In-Place: 0
[2026-04-03T02:35:21.380+0600][88.061s][info][gc,reloc    ] GC(162) Forwarding Usage: 3M
[2026-04-03T02:35:21.380+0600][88.061s][info][gc,heap     ] GC(162) Min Capacity: 8M(1%)
[2026-04-03T02:35:21.380+0600][88.061s][info][gc,heap     ] GC(162) Max Capacity: 1500M(100%)
[2026-04-03T02:35:21.380+0600][88.061s][info][gc,heap     ] GC(162) Soft Max Capacity: 1500M(100%)
[2026-04-03T02:35:21.380+0600][88.061s][info][gc,heap     ] GC(162)                Mark Start          Mark End        Relocate Start      Relocate End           High               Low         
[2026-04-03T02:35:21.380+0600][88.061s][info][gc,heap     ] GC(162)  Capacity:     1500M (100%)       1500M (100%)       1500M (100%)       1500M (100%)       1500M (100%)       1500M (100%)   
[2026-04-03T02:35:21.380+0600][88.061s][info][gc,heap     ] GC(162)      Free:      634M (42%)         536M (36%)         922M (61%)        1218M (81%)        1218M (81%)         520M (35%)    
[2026-04-03T02:35:21.380+0600][88.061s][info][gc,heap     ] GC(162)      Used:      866M (58%)         964M (64%)         578M (39%)         282M (19%)         980M (65%)         282M (19%)    
[2026-04-03T02:35:21.380+0600][88.061s][info][gc,heap     ] GC(162)      Live:         -               110M (7%)          110M (7%)          110M (7%)             -                  -          
[2026-04-03T02:35:21.380+0600][88.062s][info][gc,heap     ] GC(162) Allocated:         -                98M (7%)          126M (8%)          135M (9%)             -                  -          
[2026-04-03T02:35:21.380+0600][88.062s][info][gc,heap     ] GC(162)   Garbage:         -               755M (50%)         341M (23%)          35M (2%)             -                  -          
[2026-04-03T02:35:21.380+0600][88.062s][info][gc,heap     ] GC(162) Reclaimed:         -                  -               414M (28%)         719M (48%)            -                  -          
[2026-04-03T02:35:21.380+0600][88.062s][info][gc          ] GC(162) Garbage Collection (Allocation Rate) 866M(58%)->282M(19%)
[2026-04-03T02:35:21.421+0600][88.103s][info][gc,start    ] GC(163) Garbage Collection (Allocation Rate)
[2026-04-03T02:35:21.422+0600][88.103s][info][gc,task     ] GC(163) Using 2 workers
[2026-04-03T02:35:21.422+0600][88.103s][info][gc,phases   ] GC(163) Pause Mark Start 0.021ms
[2026-04-03T02:35:21.559+0600][88.241s][info][gc,phases   ] GC(163) Concurrent Mark 137.240ms
[2026-04-03T02:35:21.559+0600][88.241s][info][gc,phases   ] GC(163) Pause Mark End 0.038ms
[2026-04-03T02:35:21.560+0600][88.241s][info][gc,phases   ] GC(163) Concurrent Mark Free 0.002ms
[2026-04-03T02:35:21.592+0600][88.274s][info][gc,phases   ] GC(163) Concurrent Process Non-Strong References 32.830ms
[2026-04-03T02:35:21.592+0600][88.274s][info][gc,phases   ] GC(163) Concurrent Reset Relocation Set 0.022ms
[2026-04-03T02:35:21.597+0600][88.278s][info][gc,phases   ] GC(163) Concurrent Select Relocation Set 4.333ms
[2026-04-03T02:35:21.597+0600][88.279s][info][gc,phases   ] GC(163) Pause Relocate Start 0.022ms
[2026-04-03T02:35:21.605+0600][88.287s][info][gc,phases   ] GC(163) Concurrent Relocate 7.499ms
[2026-04-03T02:35:21.605+0600][88.287s][info][gc,load     ] GC(163) Load: 5.70/5.75/5.81
[2026-04-03T02:35:21.605+0600][88.287s][info][gc,mmu      ] GC(163) MMU: 2ms/89.3%, 5ms/95.7%, 10ms/97.9%, 20ms/98.9%, 50ms/99.6%, 100ms/99.8%
[2026-04-03T02:35:21.605+0600][88.287s][info][gc,marking  ] GC(163) Mark: 2 stripe(s), 2 proactive flush(es), 1 terminate flush(es), 0 completion(s), 0 continuation(s) 
[2026-04-03T02:35:21.605+0600][88.287s][info][gc,marking  ] GC(163) Mark Stack Usage: 32M
[2026-04-03T02:35:21.605+0600][88.287s][info][gc,nmethod  ] GC(163) NMethods: 15455 registered, 2716 unregistered
[2026-04-03T02:35:21.605+0600][88.287s][info][gc,metaspace] GC(163) Metaspace: 128M used, 129M committed, 1152M reserved
[2026-04-03T02:35:21.605+0600][88.287s][info][gc,ref      ] GC(163) Soft: 3432 encountered, 0 discovered, 0 enqueued
[2026-04-03T02:35:21.605+0600][88.287s][info][gc,ref      ] GC(163) Weak: 15310 encountered, 7996 discovered, 562 enqueued
[2026-04-03T02:35:21.605+0600][88.287s][info][gc,ref      ] GC(163) Final: 84 encountered, 48 discovered, 0 enqueued
[2026-04-03T02:35:21.605+0600][88.287s][info][gc,ref      ] GC(163) Phantom: 620 encountered, 387 discovered, 0 enqueued
[2026-04-03T02:35:21.606+0600][88.287s][info][gc,reloc    ] GC(163) Small Pages: 117 / 234M, Empty: 36M, Relocated: 4M, In-Place: 0
[2026-04-03T02:35:21.606+0600][88.287s][info][gc,reloc    ] GC(163) Medium Pages: 2 / 64M, Empty: 32M, Relocated: 0M, In-Place: 0
[2026-04-03T02:35:21.606+0600][88.287s][info][gc,reloc    ] GC(163) Large Pages: 69 / 414M, Empty: 414M, Relocated: 0M, In-Place: 0
[2026-04-03T02:35:21.606+0600][88.287s][info][gc,reloc    ] GC(163) Forwarding Usage: 1M
[2026-04-03T02:35:21.606+0600][88.287s][info][gc,heap     ] GC(163) Min Capacity: 8M(1%)
[2026-04-03T02:35:21.606+0600][88.287s][info][gc,heap     ] GC(163) Max Capacity: 1500M(100%)
[2026-04-03T02:35:21.606+0600][88.287s][info][gc,heap     ] GC(163) Soft Max Capacity: 1500M(100%)
[2026-04-03T02:35:21.606+0600][88.287s][info][gc,heap     ] GC(163)                Mark Start          Mark End        Relocate Start      Relocate End           High               Low         
[2026-04-03T02:35:21.606+0600][88.287s][info][gc,heap     ] GC(163)  Capacity:     1500M (100%)       1500M (100%)       1500M (100%)       1500M (100%)       1500M (100%)       1500M (100%)   
[2026-04-03T02:35:21.606+0600][88.287s][info][gc,heap     ] GC(163)      Free:      788M (53%)         298M (20%)         724M (48%)         800M (53%)         800M (53%)         256M (17%)    
[2026-04-03T02:35:21.606+0600][88.287s][info][gc,heap     ] GC(163)      Used:      712M (47%)        1202M (80%)         776M (52%)         700M (47%)        1244M (83%)         700M (47%)    
[2026-04-03T02:35:21.606+0600][88.287s][info][gc,heap     ] GC(163)      Live:         -               108M (7%)          108M (7%)          108M (7%)             -                  -          
[2026-04-03T02:35:21.606+0600][88.287s][info][gc,heap     ] GC(163) Allocated:         -               490M (33%)         546M (36%)         553M (37%)            -                  -          
[2026-04-03T02:35:21.606+0600][88.287s][info][gc,heap     ] GC(163)   Garbage:         -               603M (40%)         121M (8%)           37M (3%)             -                  -          
[2026-04-03T02:35:21.606+0600][88.287s][info][gc,heap     ] GC(163) Reclaimed:         -                  -               482M (32%)         565M (38%)            -                  -          
[2026-04-03T02:35:21.606+0600][88.287s][info][gc          ] GC(163) Garbage Collection (Allocation Rate) 712M(47%)->700M(47%)
[2026-04-03T02:35:21.621+0600][88.302s][info][gc,start    ] GC(164) Garbage Collection (Allocation Rate)
[2026-04-03T02:35:21.621+0600][88.302s][info][gc,task     ] GC(164) Using 2 workers
[2026-04-03T02:35:21.621+0600][88.302s][info][gc,phases   ] GC(164) Pause Mark Start 0.018ms
[2026-04-03T02:35:21.755+0600][88.437s][info][gc,phases   ] GC(164) Concurrent Mark 134.195ms
[2026-04-03T02:35:21.755+0600][88.437s][info][gc,phases   ] GC(164) Pause Mark End 0.048ms
[2026-04-03T02:35:21.756+0600][88.437s][info][gc,phases   ] GC(164) Concurrent Mark Free 0.003ms
[2026-04-03T02:35:21.783+0600][88.464s][info][gc,phases   ] GC(164) Concurrent Process Non-Strong References 27.256ms
[2026-04-03T02:35:21.783+0600][88.464s][info][gc,phases   ] GC(164) Concurrent Reset Relocation Set 0.008ms
[2026-04-03T02:35:21.786+0600][88.467s][info][gc,phases   ] GC(164) Concurrent Select Relocation Set 3.001ms
[2026-04-03T02:35:21.786+0600][88.468s][info][gc,phases   ] GC(164) Pause Relocate Start 0.015ms
[2026-04-03T02:35:21.791+0600][88.472s][info][gc,phases   ] GC(164) Concurrent Relocate 4.372ms
[2026-04-03T02:35:21.791+0600][88.472s][info][gc,load     ] GC(164) Load: 5.70/5.75/5.81
[2026-04-03T02:35:21.791+0600][88.472s][info][gc,mmu      ] GC(164) MMU: 2ms/89.3%, 5ms/95.7%, 10ms/97.9%, 20ms/98.9%, 50ms/99.6%, 100ms/99.8%
[2026-04-03T02:35:21.791+0600][88.472s][info][gc,marking  ] GC(164) Mark: 2 stripe(s), 2 proactive flush(es), 1 terminate flush(es), 0 completion(s), 0 continuation(s) 
[2026-04-03T02:35:21.791+0600][88.472s][info][gc,marking  ] GC(164) Mark Stack Usage: 32M
[2026-04-03T02:35:21.791+0600][88.472s][info][gc,nmethod  ] GC(164) NMethods: 15459 registered, 2718 unregistered
[2026-04-03T02:35:21.791+0600][88.472s][info][gc,metaspace] GC(164) Metaspace: 128M used, 129M committed, 1152M reserved
[2026-04-03T02:35:21.791+0600][88.472s][info][gc,ref      ] GC(164) Soft: 3424 encountered, 0 discovered, 0 enqueued
[2026-04-03T02:35:21.791+0600][88.472s][info][gc,ref      ] GC(164) Weak: 14904 encountered, 7020 discovered, 362 enqueued
[2026-04-03T02:35:21.791+0600][88.472s][info][gc,ref      ] GC(164) Final: 84 encountered, 48 discovered, 0 enqueued
[2026-04-03T02:35:21.791+0600][88.472s][info][gc,ref      ] GC(164) Phantom: 620 encountered, 382 discovered, 0 enqueued
[2026-04-03T02:35:21.791+0600][88.472s][info][gc,reloc    ] GC(164) Small Pages: 141 / 282M, Empty: 20M, Relocated: 5M, In-Place: 0
[2026-04-03T02:35:21.791+0600][88.472s][info][gc,reloc    ] GC(164) Medium Pages: 2 / 64M, Empty: 32M, Relocated: 0M, In-Place: 0
[2026-04-03T02:35:21.791+0600][88.472s][info][gc,reloc    ] GC(164) Large Pages: 66 / 396M, Empty: 396M, Relocated: 0M, In-Place: 0
[2026-04-03T02:35:21.791+0600][88.472s][info][gc,reloc    ] GC(164) Forwarding Usage: 1M
[2026-04-03T02:35:21.791+0600][88.472s][info][gc,heap     ] GC(164) Min Capacity: 8M(1%)
[2026-04-03T02:35:21.791+0600][88.472s][info][gc,heap     ] GC(164) Max Capacity: 1500M(100%)
[2026-04-03T02:35:21.791+0600][88.473s][info][gc,heap     ] GC(164) Soft Max Capacity: 1500M(100%)
[2026-04-03T02:35:21.791+0600][88.473s][info][gc,heap     ] GC(164)                Mark Start          Mark End        Relocate Start      Relocate End           High               Low         
[2026-04-03T02:35:21.791+0600][88.473s][info][gc,heap     ] GC(164)  Capacity:     1500M (100%)       1500M (100%)       1500M (100%)       1500M (100%)       1500M (100%)       1500M (100%)   
[2026-04-03T02:35:21.791+0600][88.473s][info][gc,heap     ] GC(164)      Free:      758M (51%)         622M (41%)        1058M (71%)        1208M (81%)        1208M (81%)         614M (41%)    
[2026-04-03T02:35:21.791+0600][88.473s][info][gc,heap     ] GC(164)      Used:      742M (49%)         878M (59%)         442M (29%)         292M (19%)         886M (59%)         292M (19%)    
[2026-04-03T02:35:21.791+0600][88.473s][info][gc,heap     ] GC(164)      Live:         -               104M (7%)          104M (7%)          104M (7%)             -                  -          
[2026-04-03T02:35:21.791+0600][88.473s][info][gc,heap     ] GC(164) Allocated:         -               136M (9%)          148M (10%)         147M (10%)            -                  -          
[2026-04-03T02:35:21.791+0600][88.473s][info][gc,heap     ] GC(164)   Garbage:         -               637M (42%)         189M (13%)          39M (3%)             -                  -          
[2026-04-03T02:35:21.791+0600][88.473s][info][gc,heap     ] GC(164) Reclaimed:         -                  -               448M (30%)         597M (40%)            -                  -          
[2026-04-03T02:35:21.791+0600][88.473s][info][gc          ] GC(164) Garbage Collection (Allocation Rate) 742M(49%)->292M(19%)
[2026-04-03T02:35:22.321+0600][89.003s][info][gc,start    ] GC(165) Garbage Collection (Allocation Rate)
[2026-04-03T02:35:22.322+0600][89.003s][info][gc,task     ] GC(165) Using 2 workers
[2026-04-03T02:35:22.322+0600][89.003s][info][gc,phases   ] GC(165) Pause Mark Start 0.021ms
[2026-04-03T02:35:22.471+0600][89.152s][info][gc,phases   ] GC(165) Concurrent Mark 148.570ms
[2026-04-03T02:35:22.471+0600][89.152s][info][gc,phases   ] GC(165) Pause Mark End 0.030ms
[2026-04-03T02:35:22.471+0600][89.153s][info][gc,phases   ] GC(165) Concurrent Mark Free 0.002ms
[2026-04-03T02:35:22.497+0600][89.179s][info][gc,phases   ] GC(165) Concurrent Process Non-Strong References 26.175ms
[2026-04-03T02:35:22.497+0600][89.179s][info][gc,phases   ] GC(165) Concurrent Reset Relocation Set 0.012ms
[2026-04-03T02:35:22.502+0600][89.183s][info][gc,phases   ] GC(165) Concurrent Select Relocation Set 4.341ms
[2026-04-03T02:35:22.502+0600][89.184s][info][gc,phases   ] GC(165) Pause Relocate Start 0.018ms
[2026-04-03T02:35:22.508+0600][89.189s][info][gc,phases   ] GC(165) Concurrent Relocate 5.613ms
[2026-04-03T02:35:22.508+0600][89.189s][info][gc,load     ] GC(165) Load: 5.70/5.75/5.81
[2026-04-03T02:35:22.508+0600][89.189s][info][gc,mmu      ] GC(165) MMU: 2ms/89.3%, 5ms/95.7%, 10ms/97.9%, 20ms/98.9%, 50ms/99.6%, 100ms/99.8%
[2026-04-03T02:35:22.508+0600][89.189s][info][gc,marking  ] GC(165) Mark: 2 stripe(s), 2 proactive flush(es), 1 terminate flush(es), 0 completion(s), 0 continuation(s) 
[2026-04-03T02:35:22.508+0600][89.189s][info][gc,marking  ] GC(165) Mark Stack Usage: 32M
[2026-04-03T02:35:22.508+0600][89.190s][info][gc,nmethod  ] GC(165) NMethods: 15456 registered, 2729 unregistered
[2026-04-03T02:35:22.508+0600][89.190s][info][gc,metaspace] GC(165) Metaspace: 128M used, 129M committed, 1152M reserved
[2026-04-03T02:35:22.508+0600][89.190s][info][gc,ref      ] GC(165) Soft: 3428 encountered, 0 discovered, 0 enqueued
[2026-04-03T02:35:22.508+0600][89.190s][info][gc,ref      ] GC(165) Weak: 15336 encountered, 6731 discovered, 253 enqueued
[2026-04-03T02:35:22.508+0600][89.190s][info][gc,ref      ] GC(165) Final: 84 encountered, 52 discovered, 0 enqueued
[2026-04-03T02:35:22.508+0600][89.190s][info][gc,ref      ] GC(165) Phantom: 620 encountered, 597 discovered, 0 enqueued
[2026-04-03T02:35:22.508+0600][89.190s][info][gc,reloc    ] GC(165) Small Pages: 294 / 588M, Empty: 130M, Relocated: 4M, In-Place: 0
[2026-04-03T02:35:22.508+0600][89.190s][info][gc,reloc    ] GC(165) Medium Pages: 4 / 128M, Empty: 64M, Relocated: 9M, In-Place: 0
[2026-04-03T02:35:22.508+0600][89.190s][info][gc,reloc    ] GC(165) Large Pages: 12 / 72M, Empty: 72M, Relocated: 0M, In-Place: 0
[2026-04-03T02:35:22.508+0600][89.190s][info][gc,reloc    ] GC(165) Forwarding Usage: 1M
[2026-04-03T02:35:22.508+0600][89.190s][info][gc,heap     ] GC(165) Min Capacity: 8M(1%)
[2026-04-03T02:35:22.508+0600][89.190s][info][gc,heap     ] GC(165) Max Capacity: 1500M(100%)
[2026-04-03T02:35:22.508+0600][89.190s][info][gc,heap     ] GC(165) Soft Max Capacity: 1500M(100%)
[2026-04-03T02:35:22.508+0600][89.190s][info][gc,heap     ] GC(165)                Mark Start          Mark End        Relocate Start      Relocate End           High               Low         
[2026-04-03T02:35:22.508+0600][89.190s][info][gc,heap     ] GC(165)  Capacity:     1500M (100%)       1500M (100%)       1500M (100%)       1500M (100%)       1500M (100%)       1500M (100%)   
[2026-04-03T02:35:22.508+0600][89.190s][info][gc,heap     ] GC(165)      Free:      712M (47%)         534M (36%)         764M (51%)        1138M (76%)        1138M (76%)         512M (34%)    
[2026-04-03T02:35:22.508+0600][89.190s][info][gc,heap     ] GC(165)      Used:      788M (53%)         966M (64%)         736M (49%)         362M (24%)         988M (66%)         362M (24%)    
[2026-04-03T02:35:22.508+0600][89.190s][info][gc,heap     ] GC(165)      Live:         -               108M (7%)          108M (7%)          108M (7%)             -                  -          
[2026-04-03T02:35:22.508+0600][89.190s][info][gc,heap     ] GC(165) Allocated:         -               178M (12%)         214M (14%)         215M (14%)            -                  -          
[2026-04-03T02:35:22.508+0600][89.190s][info][gc,heap     ] GC(165)   Garbage:         -               679M (45%)         413M (28%)          37M (2%)             -                  -          
[2026-04-03T02:35:22.508+0600][89.190s][info][gc,heap     ] GC(165) Reclaimed:         -                  -               266M (18%)         641M (43%)            -                  -          
[2026-04-03T02:35:22.508+0600][89.190s][info][gc          ] GC(165) Garbage Collection (Allocation Rate) 788M(53%)->362M(24%)
[2026-04-03T02:35:22.621+0600][89.302s][info][gc,start    ] GC(166) Garbage Collection (Allocation Rate)
[2026-04-03T02:35:22.621+0600][89.302s][info][gc,task     ] GC(166) Using 2 workers
[2026-04-03T02:35:22.621+0600][89.303s][info][gc,phases   ] GC(166) Pause Mark Start 0.017ms
[2026-04-03T02:35:22.801+0600][89.482s][info][gc,phases   ] GC(166) Concurrent Mark 179.567ms
[2026-04-03T02:35:22.801+0600][89.483s][info][gc,phases   ] GC(166) Pause Mark End 0.038ms
[2026-04-03T02:35:22.801+0600][89.483s][info][gc,phases   ] GC(166) Concurrent Mark Free 0.004ms
[2026-04-03T02:35:22.836+0600][89.518s][info][gc,phases   ] GC(166) Concurrent Process Non-Strong References 35.086ms
[2026-04-03T02:35:22.837+0600][89.518s][info][gc,phases   ] GC(166) Concurrent Reset Relocation Set 0.018ms
[2026-04-03T02:35:22.841+0600][89.522s][info][gc,phases   ] GC(166) Concurrent Select Relocation Set 4.017ms
[2026-04-03T02:35:22.841+0600][89.522s][info][gc,phases   ] GC(166) Pause Relocate Start 0.017ms
[2026-04-03T02:35:22.847+0600][89.528s][info][gc,phases   ] GC(166) Concurrent Relocate 5.698ms
[2026-04-03T02:35:22.847+0600][89.528s][info][gc,load     ] GC(166) Load: 5.70/5.75/5.81
[2026-04-03T02:35:22.847+0600][89.528s][info][gc,mmu      ] GC(166) MMU: 2ms/89.3%, 5ms/95.7%, 10ms/97.9%, 20ms/98.9%, 50ms/99.6%, 100ms/99.8%
[2026-04-03T02:35:22.847+0600][89.528s][info][gc,marking  ] GC(166) Mark: 2 stripe(s), 2 proactive flush(es), 1 terminate flush(es), 0 completion(s), 0 continuation(s) 
[2026-04-03T02:35:22.847+0600][89.528s][info][gc,marking  ] GC(166) Mark Stack Usage: 32M
[2026-04-03T02:35:22.847+0600][89.528s][info][gc,nmethod  ] GC(166) NMethods: 15456 registered, 2731 unregistered
[2026-04-03T02:35:22.847+0600][89.528s][info][gc,metaspace] GC(166) Metaspace: 128M used, 129M committed, 1152M reserved
[2026-04-03T02:35:22.847+0600][89.528s][info][gc,ref      ] GC(166) Soft: 3424 encountered, 0 discovered, 0 enqueued
[2026-04-03T02:35:22.847+0600][89.528s][info][gc,ref      ] GC(166) Weak: 15658 encountered, 8855 discovered, 27 enqueued
[2026-04-03T02:35:22.847+0600][89.528s][info][gc,ref      ] GC(166) Final: 84 encountered, 0 discovered, 0 enqueued
[2026-04-03T02:35:22.847+0600][89.528s][info][gc,ref      ] GC(166) Phantom: 620 encountered, 377 discovered, 0 enqueued
[2026-04-03T02:35:22.847+0600][89.528s][info][gc,reloc    ] GC(166) Small Pages: 199 / 398M, Empty: 126M, Relocated: 4M, In-Place: 0
[2026-04-03T02:35:22.847+0600][89.528s][info][gc,reloc    ] GC(166) Medium Pages: 3 / 96M, Empty: 64M, Relocated: 0M, In-Place: 0
[2026-04-03T02:35:22.847+0600][89.528s][info][gc,reloc    ] GC(166) Large Pages: 7 / 42M, Empty: 42M, Relocated: 0M, In-Place: 0
[2026-04-03T02:35:22.847+0600][89.528s][info][gc,reloc    ] GC(166) Forwarding Usage: 1M
[2026-04-03T02:35:22.847+0600][89.528s][info][gc,heap     ] GC(166) Min Capacity: 8M(1%)
[2026-04-03T02:35:22.847+0600][89.528s][info][gc,heap     ] GC(166) Max Capacity: 1500M(100%)
[2026-04-03T02:35:22.847+0600][89.528s][info][gc,heap     ] GC(166) Soft Max Capacity: 1500M(100%)
[2026-04-03T02:35:22.847+0600][89.528s][info][gc,heap     ] GC(166)                Mark Start          Mark End        Relocate Start      Relocate End           High               Low         
[2026-04-03T02:35:22.847+0600][89.528s][info][gc,heap     ] GC(166)  Capacity:     1500M (100%)       1500M (100%)       1500M (100%)       1500M (100%)       1500M (100%)       1500M (100%)   
[2026-04-03T02:35:22.847+0600][89.528s][info][gc,heap     ] GC(166)      Free:      964M (64%)         704M (47%)         902M (60%)        1060M (71%)        1060M (71%)         676M (45%)    
[2026-04-03T02:35:22.847+0600][89.528s][info][gc,heap     ] GC(166)      Used:      536M (36%)         796M (53%)         598M (40%)         440M (29%)         824M (55%)         440M (29%)    
[2026-04-03T02:35:22.847+0600][89.528s][info][gc,heap     ] GC(166)      Live:         -               106M (7%)          106M (7%)          106M (7%)             -                  -          
[2026-04-03T02:35:22.847+0600][89.529s][info][gc,heap     ] GC(166) Allocated:         -               260M (17%)         294M (20%)         293M (20%)            -                  -          
[2026-04-03T02:35:22.847+0600][89.529s][info][gc,heap     ] GC(166)   Garbage:         -               429M (29%)         197M (13%)          39M (3%)             -                  -          
[2026-04-03T02:35:22.847+0600][89.529s][info][gc,heap     ] GC(166) Reclaimed:         -                  -               232M (15%)         389M (26%)            -                  -          
[2026-04-03T02:35:22.847+0600][89.529s][info][gc          ] GC(166) Garbage Collection (Allocation Rate) 536M(36%)->440M(29%)
[2026-04-03T02:35:22.921+0600][89.602s][info][gc,start    ] GC(167) Garbage Collection (Allocation Rate)
[2026-04-03T02:35:22.921+0600][89.603s][info][gc,task     ] GC(167) Using 2 workers
[2026-04-03T02:35:22.921+0600][89.603s][info][gc,phases   ] GC(167) Pause Mark Start 0.017ms
[2026-04-03T02:35:23.051+0600][89.733s][info][gc,phases   ] GC(167) Concurrent Mark 129.940ms
[2026-04-03T02:35:23.052+0600][89.733s][info][gc,phases   ] GC(167) Pause Mark End 0.042ms
[2026-04-03T02:35:23.052+0600][89.733s][info][gc,phases   ] GC(167) Concurrent Mark Free 0.002ms
[2026-04-03T02:35:23.071+0600][89.753s][info][gc,phases   ] GC(167) Concurrent Process Non-Strong References 19.497ms
[2026-04-03T02:35:23.071+0600][89.753s][info][gc,phases   ] GC(167) Concurrent Reset Relocation Set 0.007ms
[2026-04-03T02:35:23.075+0600][89.756s][info][gc,phases   ] GC(167) Concurrent Select Relocation Set 3.019ms
[2026-04-03T02:35:23.075+0600][89.756s][info][gc,phases   ] GC(167) Pause Relocate Start 0.014ms
[2026-04-03T02:35:23.085+0600][89.767s][info][gc,phases   ] GC(167) Concurrent Relocate 10.472ms
[2026-04-03T02:35:23.085+0600][89.767s][info][gc,load     ] GC(167) Load: 5.70/5.75/5.81
[2026-04-03T02:35:23.085+0600][89.767s][info][gc,mmu      ] GC(167) MMU: 2ms/89.3%, 5ms/95.7%, 10ms/97.9%, 20ms/98.9%, 50ms/99.6%, 100ms/99.8%
[2026-04-03T02:35:23.085+0600][89.767s][info][gc,marking  ] GC(167) Mark: 2 stripe(s), 2 proactive flush(es), 1 terminate flush(es), 0 completion(s), 0 continuation(s) 
[2026-04-03T02:35:23.085+0600][89.767s][info][gc,marking  ] GC(167) Mark Stack Usage: 32M
[2026-04-03T02:35:23.085+0600][89.767s][info][gc,nmethod  ] GC(167) NMethods: 15461 registered, 2732 unregistered
[2026-04-03T02:35:23.085+0600][89.767s][info][gc,metaspace] GC(167) Metaspace: 128M used, 129M committed, 1152M reserved
[2026-04-03T02:35:23.086+0600][89.767s][info][gc,ref      ] GC(167) Soft: 3432 encountered, 0 discovered, 0 enqueued
[2026-04-03T02:35:23.086+0600][89.767s][info][gc,ref      ] GC(167) Weak: 16067 encountered, 7786 discovered, 1420 enqueued
[2026-04-03T02:35:23.086+0600][89.767s][info][gc,ref      ] GC(167) Final: 84 encountered, 0 discovered, 0 enqueued
[2026-04-03T02:35:23.086+0600][89.767s][info][gc,ref      ] GC(167) Phantom: 620 encountered, 531 discovered, 0 enqueued
[2026-04-03T02:35:23.086+0600][89.767s][info][gc,reloc    ] GC(167) Small Pages: 193 / 386M, Empty: 102M, Relocated: 8M, In-Place: 0
[2026-04-03T02:35:23.086+0600][89.767s][info][gc,reloc    ] GC(167) Medium Pages: 3 / 96M, Empty: 64M, Relocated: 0M, In-Place: 0
[2026-04-03T02:35:23.086+0600][89.767s][info][gc,reloc    ] GC(167) Large Pages: 7 / 42M, Empty: 42M, Relocated: 0M, In-Place: 0
[2026-04-03T02:35:23.086+0600][89.767s][info][gc,reloc    ] GC(167) Forwarding Usage: 2M
[2026-04-03T02:35:23.086+0600][89.767s][info][gc,heap     ] GC(167) Min Capacity: 8M(1%)
[2026-04-03T02:35:23.086+0600][89.767s][info][gc,heap     ] GC(167) Max Capacity: 1500M(100%)
[2026-04-03T02:35:23.086+0600][89.767s][info][gc,heap     ] GC(167) Soft Max Capacity: 1500M(100%)
[2026-04-03T02:35:23.086+0600][89.767s][info][gc,heap     ] GC(167)                Mark Start          Mark End        Relocate Start      Relocate End           High               Low         
[2026-04-03T02:35:23.086+0600][89.767s][info][gc,heap     ] GC(167)  Capacity:     1500M (100%)       1500M (100%)       1500M (100%)       1500M (100%)       1500M (100%)       1500M (100%)   
[2026-04-03T02:35:23.086+0600][89.767s][info][gc,heap     ] GC(167)      Free:      976M (65%)         824M (55%)        1004M (67%)        1160M (77%)        1162M (77%)         798M (53%)    
[2026-04-03T02:35:23.086+0600][89.767s][info][gc,heap     ] GC(167)      Used:      524M (35%)         676M (45%)         496M (33%)         340M (23%)         702M (47%)         338M (23%)    
[2026-04-03T02:35:23.086+0600][89.767s][info][gc,heap     ] GC(167)      Live:         -               109M (7%)          109M (7%)          109M (7%)             -                  -          
[2026-04-03T02:35:23.086+0600][89.767s][info][gc,heap     ] GC(167) Allocated:         -               152M (10%)         180M (12%)         193M (13%)            -                  -          
[2026-04-03T02:35:23.086+0600][89.767s][info][gc,heap     ] GC(167)   Garbage:         -               414M (28%)         206M (14%)          36M (2%)             -                  -          
[2026-04-03T02:35:23.086+0600][89.767s][info][gc,heap     ] GC(167) Reclaimed:         -                  -               208M (14%)         377M (25%)            -                  -          
[2026-04-03T02:35:23.086+0600][89.767s][info][gc          ] GC(167) Garbage Collection (Allocation Rate) 524M(35%)->340M(23%)
[2026-04-03T02:35:23.422+0600][90.103s][info][gc,start    ] GC(168) Garbage Collection (Allocation Rate)
[2026-04-03T02:35:23.422+0600][90.103s][info][gc,task     ] GC(168) Using 2 workers
[2026-04-03T02:35:23.422+0600][90.103s][info][gc,phases   ] GC(168) Pause Mark Start 0.023ms
[2026-04-03T02:35:23.422+0600][90.104s][info][gc,stats    ] === Garbage Collection Statistics =======================================================================================================================
[2026-04-03T02:35:23.422+0600][90.104s][info][gc,stats    ]                                                              Last 10s              Last 10m              Last 10h                Total
[2026-04-03T02:35:23.422+0600][90.104s][info][gc,stats    ]                                                              Avg / Max             Avg / Max             Avg / Max             Avg / Max
[2026-04-03T02:35:23.422+0600][90.104s][info][gc,stats    ]   Collector: Garbage Collection Cycle                    177.943 / 225.958     179.049 / 325.465     179.049 / 325.465     179.049 / 325.465     ms
[2026-04-03T02:35:23.422+0600][90.104s][info][gc,stats    ]  Contention: Mark Segment Reset Contention                    65 / 177              22 / 177              22 / 177              22 / 177         ops/s
[2026-04-03T02:35:23.422+0600][90.104s][info][gc,stats    ]  Contention: Mark SeqNum Reset Contention                      2 / 8                 0 / 8                 0 / 8                 0 / 8           ops/s
[2026-04-03T02:35:23.422+0600][90.104s][info][gc,stats    ]    Critical: Allocation Stall                                  0 / 0                 0 / 8                 0 / 8                 0 / 8           ops/s
[2026-04-03T02:35:23.422+0600][90.104s][info][gc,stats    ]    Critical: Allocation Stall                              0.000 / 0.000        13.320 / 29.651       13.320 / 29.651       13.320 / 29.651      ms
[2026-04-03T02:35:23.422+0600][90.104s][info][gc,stats    ]    Critical: GC Locker Stall                                   1 / 4                 0 / 4                 0 / 4                 0 / 4           ops/s
[2026-04-03T02:35:23.422+0600][90.104s][info][gc,stats    ]    Critical: GC Locker Stall                               0.046 / 0.141         0.042 / 0.205         0.042 / 0.205         0.042 / 0.205       ms
[2026-04-03T02:35:23.422+0600][90.104s][info][gc,stats    ]    Critical: Relocation Stall                                  0 / 0                 0 / 0                 0 / 0                 0 / 0           ops/s
[2026-04-03T02:35:23.422+0600][90.104s][info][gc,stats    ]    Critical: Relocation Stall                              0.000 / 0.000         0.000 / 0.000         0.000 / 0.000         0.000 / 0.000       ms
[2026-04-03T02:35:23.422+0600][90.104s][info][gc,stats    ]      Memory: Allocation Rate                                1570 / 1960           1072 / 2272           1072 / 2272           1072 / 2272        MB/s
[2026-04-03T02:35:23.422+0600][90.104s][info][gc,stats    ]      Memory: Defragment                                       40 / 147              35 / 172              35 / 172              35 / 172         ops/s
[2026-04-03T02:35:23.422+0600][90.104s][info][gc,stats    ]      Memory: Out Of Memory                                     0 / 0                 0 / 0                 0 / 0                 0 / 0           ops/s
[2026-04-03T02:35:23.422+0600][90.104s][info][gc,stats    ]      Memory: Page Cache Flush                                253 / 440             168 / 642             168 / 642             168 / 642         MB/s
[2026-04-03T02:35:23.422+0600][90.104s][info][gc,stats    ]      Memory: Page Cache Hit L1                               486 / 576             333 / 614             333 / 614             333 / 614         ops/s
[2026-04-03T02:35:23.422+0600][90.104s][info][gc,stats    ]      Memory: Page Cache Hit L2                                 0 / 0                 0 / 0                 0 / 0                 0 / 0           ops/s
[2026-04-03T02:35:23.422+0600][90.104s][info][gc,stats    ]      Memory: Page Cache Hit L3                                39 / 115              31 / 117              31 / 117              31 / 117         ops/s
[2026-04-03T02:35:23.422+0600][90.104s][info][gc,stats    ]      Memory: Page Cache Miss                                  18 / 45               12 / 66               12 / 66               12 / 66          ops/s
[2026-04-03T02:35:23.422+0600][90.104s][info][gc,stats    ]      Memory: Uncommit                                          0 / 0                 0 / 0                 0 / 0                 0 / 0           MB/s
[2026-04-03T02:35:23.422+0600][90.104s][info][gc,stats    ]      Memory: Undo Object Allocation Failed                     0 / 0                 0 / 1                 0 / 1                 0 / 1           ops/s
[2026-04-03T02:35:23.422+0600][90.104s][info][gc,stats    ]      Memory: Undo Object Allocation Succeeded                264 / 2554             39 / 2554             39 / 2554             39 / 2554        ops/s
[2026-04-03T02:35:23.422+0600][90.104s][info][gc,stats    ]      Memory: Undo Page Allocation                              1 / 7                 1 / 7                 1 / 7                 1 / 7           ops/s
[2026-04-03T02:35:23.422+0600][90.104s][info][gc,stats    ]       Phase: Concurrent Mark                             139.236 / 179.567     136.304 / 253.223     136.304 / 253.223     136.304 / 253.223     ms
[2026-04-03T02:35:23.422+0600][90.104s][info][gc,stats    ]       Phase: Concurrent Mark Continue                      0.000 / 0.000         0.000 / 0.000         0.000 / 0.000         0.000 / 0.000       ms
[2026-04-03T02:35:23.423+0600][90.104s][info][gc,stats    ]       Phase: Concurrent Mark Free                          0.002 / 0.004         0.003 / 0.006         0.003 / 0.006         0.003 / 0.006       ms
[2026-04-03T02:35:23.423+0600][90.104s][info][gc,stats    ]       Phase: Concurrent Process Non-Strong References     26.358 / 35.086       28.352 / 80.610       28.352 / 80.610       28.352 / 80.610      ms
[2026-04-03T02:35:23.423+0600][90.104s][info][gc,stats    ]       Phase: Concurrent Relocate                           6.800 / 17.805        7.645 / 48.786        7.645 / 48.786        7.645 / 48.786      ms
[2026-04-03T02:35:23.423+0600][90.104s][info][gc,stats    ]       Phase: Concurrent Reset Relocation Set               0.012 / 0.023         0.014 / 0.121         0.014 / 0.121         0.014 / 0.121       ms
[2026-04-03T02:35:23.423+0600][90.104s][info][gc,stats    ]       Phase: Concurrent Select Relocation Set              3.570 / 5.106         4.029 / 13.433        4.029 / 13.433        4.029 / 13.433      ms
[2026-04-03T02:35:23.423+0600][90.104s][info][gc,stats    ]       Phase: Pause Mark End                                0.039 / 0.063         0.042 / 0.214         0.042 / 0.214         0.042 / 0.214       ms
[2026-04-03T02:35:23.423+0600][90.104s][info][gc,stats    ]       Phase: Pause Mark Start                              0.016 / 0.025         0.016 / 0.103         0.016 / 0.103         0.016 / 0.103       ms
[2026-04-03T02:35:23.423+0600][90.104s][info][gc,stats    ]       Phase: Pause Relocate Start                          0.016 / 0.034         0.018 / 0.143         0.018 / 0.143         0.018 / 0.143       ms
[2026-04-03T02:35:23.423+0600][90.104s][info][gc,stats    ]    Subphase: Concurrent Classes Purge                      0.068 / 0.121         0.148 / 2.367         0.148 / 2.367         0.148 / 2.367       ms
[2026-04-03T02:35:23.423+0600][90.104s][info][gc,stats    ]    Subphase: Concurrent Classes Unlink                    22.704 / 30.581       24.490 / 69.993       24.490 / 69.993       24.490 / 69.993      ms
[2026-04-03T02:35:23.423+0600][90.104s][info][gc,stats    ]    Subphase: Concurrent Mark                             133.824 / 177.051     127.607 / 250.492     127.607 / 250.492     127.607 / 250.492     ms
[2026-04-03T02:35:23.423+0600][90.104s][info][gc,stats    ]    Subphase: Concurrent Mark Try Flush                     0.358 / 1.270         0.574 / 31.130        0.574 / 31.130        0.574 / 31.130      ms
[2026-04-03T02:35:23.423+0600][90.104s][info][gc,stats    ]    Subphase: Concurrent Mark Try Terminate                 0.669 / 1.973         0.858 / 19.747        0.858 / 19.747        0.858 / 19.747      ms
[2026-04-03T02:35:23.423+0600][90.104s][info][gc,stats    ]    Subphase: Concurrent References Enqueue                 0.008 / 0.015         0.010 / 0.031         0.010 / 0.031         0.010 / 0.031       ms
[2026-04-03T02:35:23.423+0600][90.104s][info][gc,stats    ]    Subphase: Concurrent References Process                 0.931 / 1.649         0.885 / 2.906         0.885 / 2.906         0.885 / 2.906       ms
[2026-04-03T02:35:23.423+0600][90.104s][info][gc,stats    ]    Subphase: Concurrent Roots ClassLoaderDataGraph         0.547 / 2.622         0.456 / 2.622         0.456 / 2.622         0.456 / 2.622       ms
[2026-04-03T02:35:23.423+0600][90.104s][info][gc,stats    ]    Subphase: Concurrent Roots CodeCache                    0.000 / 0.000         0.000 / 0.000         0.000 / 0.000         0.000 / 0.000       ms
[2026-04-03T02:35:23.423+0600][90.104s][info][gc,stats    ]    Subphase: Concurrent Roots JavaThreads                  1.503 / 4.718         1.529 / 10.883        1.529 / 10.883        1.529 / 10.883      ms
[2026-04-03T02:35:23.423+0600][90.104s][info][gc,stats    ]    Subphase: Concurrent Roots OopStorageSet                0.108 / 0.208         0.099 / 0.581         0.099 / 0.581         0.099 / 0.581       ms
[2026-04-03T02:35:23.423+0600][90.104s][info][gc,stats    ]    Subphase: Concurrent Weak Roots OopStorageSet           1.735 / 2.846         1.720 / 6.701         1.720 / 6.701         1.720 / 6.701       ms
[2026-04-03T02:35:23.423+0600][90.104s][info][gc,stats    ]    Subphase: Pause Mark Try Complete                       0.000 / 0.000         0.006 / 0.014         0.006 / 0.014         0.006 / 0.014       ms
[2026-04-03T02:35:23.423+0600][90.104s][info][gc,stats    ]      System: Java Threads                                    282 / 285             271 / 290             271 / 290             271 / 290         threads
[2026-04-03T02:35:23.423+0600][90.104s][info][gc,stats    ] =========================================================================================================================================================
[2026-04-03T02:35:23.570+0600][90.252s][info][gc,phases   ] GC(168) Concurrent Mark 148.089ms
[2026-04-03T02:35:23.571+0600][90.252s][info][gc,phases   ] GC(168) Pause Mark End 0.074ms
[2026-04-03T02:35:23.571+0600][90.252s][info][gc,phases   ] GC(168) Concurrent Mark Free 0.003ms
[2026-04-03T02:35:23.592+0600][90.273s][info][gc,phases   ] GC(168) Concurrent Process Non-Strong References 21.023ms
[2026-04-03T02:35:23.592+0600][90.273s][info][gc,phases   ] GC(168) Concurrent Reset Relocation Set 0.007ms
[2026-04-03T02:35:23.592+0600][90.273s][info][gc          ] Allocation Stall (Executor task launch worker for task 2.0 in stage 4447.0 (TID 8161)) 22.480ms
[2026-04-03T02:35:23.592+0600][90.274s][info][gc          ] Allocation Stall (Executor task launch worker for task 1.0 in stage 4447.0 (TID 8160)) 24.508ms
[2026-04-03T02:35:23.592+0600][90.273s][info][gc          ] Allocation Stall (Executor task launch worker for task 3.0 in stage 4447.0 (TID 8162)) 23.283ms
[2026-04-03T02:35:23.592+0600][90.273s][info][gc          ] Allocation Stall (Executor task launch worker for task 0.0 in stage 4447.0 (TID 8159)) 23.724ms
[2026-04-03T02:35:23.595+0600][90.276s][info][gc,phases   ] GC(168) Concurrent Select Relocation Set 2.724ms
[2026-04-03T02:35:23.596+0600][90.277s][info][gc,phases   ] GC(168) Pause Relocate Start 0.013ms
[2026-04-03T02:35:23.609+0600][90.290s][info][gc,phases   ] GC(168) Concurrent Relocate 12.603ms
[2026-04-03T02:35:23.609+0600][90.291s][info][gc,load     ] GC(168) Load: 5.70/5.75/5.81
[2026-04-03T02:35:23.609+0600][90.291s][info][gc,mmu      ] GC(168) MMU: 2ms/89.3%, 5ms/95.7%, 10ms/97.9%, 20ms/98.9%, 50ms/99.6%, 100ms/99.8%
[2026-04-03T02:35:23.609+0600][90.291s][info][gc,marking  ] GC(168) Mark: 2 stripe(s), 2 proactive flush(es), 1 terminate flush(es), 0 completion(s), 0 continuation(s) 
[2026-04-03T02:35:23.609+0600][90.291s][info][gc,marking  ] GC(168) Mark Stack Usage: 32M
[2026-04-03T02:35:23.609+0600][90.291s][info][gc,nmethod  ] GC(168) NMethods: 15468 registered, 2741 unregistered
[2026-04-03T02:35:23.609+0600][90.291s][info][gc,metaspace] GC(168) Metaspace: 128M used, 129M committed, 1152M reserved
[2026-04-03T02:35:23.609+0600][90.291s][info][gc,ref      ] GC(168) Soft: 3428 encountered, 0 discovered, 0 enqueued
[2026-04-03T02:35:23.609+0600][90.291s][info][gc,ref      ] GC(168) Weak: 15549 encountered, 8541 discovered, 851 enqueued
[2026-04-03T02:35:23.609+0600][90.291s][info][gc,ref      ] GC(168) Final: 84 encountered, 76 discovered, 0 enqueued
[2026-04-03T02:35:23.609+0600][90.291s][info][gc,ref      ] GC(168) Phantom: 624 encountered, 374 discovered, 0 enqueued
[2026-04-03T02:35:23.609+0600][90.291s][info][gc,reloc    ] GC(168) Small Pages: 332 / 664M, Empty: 320M, Relocated: 10M, In-Place: 0
[2026-04-03T02:35:23.609+0600][90.291s][info][gc,reloc    ] GC(168) Medium Pages: 3 / 96M, Empty: 64M, Relocated: 0M, In-Place: 0
[2026-04-03T02:35:23.609+0600][90.291s][info][gc,reloc    ] GC(168) Large Pages: 23 / 138M, Empty: 120M, Relocated: 0M, In-Place: 0
[2026-04-03T02:35:23.609+0600][90.291s][info][gc,reloc    ] GC(168) Forwarding Usage: 3M
[2026-04-03T02:35:23.609+0600][90.291s][info][gc,heap     ] GC(168) Min Capacity: 8M(1%)
[2026-04-03T02:35:23.610+0600][90.291s][info][gc,heap     ] GC(168) Max Capacity: 1500M(100%)
[2026-04-03T02:35:23.610+0600][90.291s][info][gc,heap     ] GC(168) Soft Max Capacity: 1500M(100%)
[2026-04-03T02:35:23.610+0600][90.291s][info][gc,heap     ] GC(168)                Mark Start          Mark End        Relocate Start      Relocate End           High               Low         
[2026-04-03T02:35:23.610+0600][90.291s][info][gc,heap     ] GC(168)  Capacity:     1500M (100%)       1500M (100%)       1500M (100%)       1500M (100%)       1500M (100%)       1500M (100%)   
[2026-04-03T02:35:23.610+0600][90.291s][info][gc,heap     ] GC(168)      Free:      602M (40%)           0M (0%)          478M (32%)         564M (38%)         676M (45%)           0M (0%)     
[2026-04-03T02:35:23.610+0600][90.291s][info][gc,heap     ] GC(168)      Used:      898M (60%)        1500M (100%)       1022M (68%)         936M (62%)        1500M (100%)        824M (55%)    
[2026-04-03T02:35:23.610+0600][90.291s][info][gc,heap     ] GC(168)      Live:         -               127M (9%)          127M (9%)          127M (9%)             -                  -          
[2026-04-03T02:35:23.610+0600][90.291s][info][gc,heap     ] GC(168) Allocated:         -               602M (40%)         628M (42%)         771M (51%)            -                  -          
[2026-04-03T02:35:23.610+0600][90.291s][info][gc,heap     ] GC(168)   Garbage:         -               770M (51%)         266M (18%)          36M (2%)             -                  -          
[2026-04-03T02:35:23.610+0600][90.291s][info][gc,heap     ] GC(168) Reclaimed:         -                  -               504M (34%)         733M (49%)            -                  -          
[2026-04-03T02:35:23.610+0600][90.291s][info][gc          ] GC(168) Garbage Collection (Allocation Rate) 898M(60%)->936M(62%)
[2026-04-03T02:35:23.621+0600][90.302s][info][gc,start    ] GC(169) Garbage Collection (Allocation Stall)
[2026-04-03T02:35:23.621+0600][90.302s][info][gc,ref      ] GC(169) Clearing All SoftReferences
[2026-04-03T02:35:23.621+0600][90.302s][info][gc,task     ] GC(169) Using 3 workers
[2026-04-03T02:35:23.621+0600][90.303s][info][gc,ref      ] GC(169) Clearing All SoftReferences
[2026-04-03T02:35:23.621+0600][90.303s][info][gc,phases   ] GC(169) Pause Mark Start 0.081ms
[2026-04-03T02:35:23.739+0600][90.420s][info][gc,phases   ] GC(169) Concurrent Mark 117.647ms
[2026-04-03T02:35:23.739+0600][90.421s][info][gc,phases   ] GC(169) Pause Mark End 0.043ms
[2026-04-03T02:35:23.739+0600][90.421s][info][gc,phases   ] GC(169) Concurrent Mark Free 0.002ms
[2026-04-03T02:35:23.791+0600][90.472s][info][gc,phases   ] GC(169) Concurrent Process Non-Strong References 51.658ms
[2026-04-03T02:35:23.791+0600][90.473s][info][gc,phases   ] GC(169) Concurrent Reset Relocation Set 0.015ms
[2026-04-03T02:35:23.795+0600][90.476s][info][gc,phases   ] GC(169) Concurrent Select Relocation Set 3.420ms
[2026-04-03T02:35:23.795+0600][90.476s][info][gc,phases   ] GC(169) Pause Relocate Start 0.016ms
[2026-04-03T02:35:23.799+0600][90.480s][info][gc,phases   ] GC(169) Concurrent Relocate 3.583ms
[2026-04-03T02:35:23.799+0600][90.480s][info][gc,load     ] GC(169) Load: 5.70/5.75/5.81
[2026-04-03T02:35:23.799+0600][90.480s][info][gc,mmu      ] GC(169) MMU: 2ms/89.3%, 5ms/95.7%, 10ms/97.9%, 20ms/98.9%, 50ms/99.6%, 100ms/99.8%
[2026-04-03T02:35:23.799+0600][90.480s][info][gc,marking  ] GC(169) Mark: 2 stripe(s), 6 proactive flush(es), 1 terminate flush(es), 0 completion(s), 0 continuation(s) 
[2026-04-03T02:35:23.799+0600][90.480s][info][gc,marking  ] GC(169) Mark Stack Usage: 32M
[2026-04-03T02:35:23.799+0600][90.480s][info][gc,nmethod  ] GC(169) NMethods: 15464 registered, 2753 unregistered
[2026-04-03T02:35:23.799+0600][90.480s][info][gc,metaspace] GC(169) Metaspace: 128M used, 129M committed, 1152M reserved
[2026-04-03T02:35:23.799+0600][90.480s][info][gc,ref      ] GC(169) Soft: 3383 encountered, 833 discovered, 140 enqueued
[2026-04-03T02:35:23.799+0600][90.480s][info][gc,ref      ] GC(169) Weak: 14802 encountered, 3554 discovered, 254 enqueued
[2026-04-03T02:35:23.799+0600][90.480s][info][gc,ref      ] GC(169) Final: 84 encountered, 0 discovered, 0 enqueued
[2026-04-03T02:35:23.799+0600][90.480s][info][gc,ref      ] GC(169) Phantom: 620 encountered, 594 discovered, 0 enqueued
[2026-04-03T02:35:23.799+0600][90.480s][info][gc,reloc    ] GC(169) Small Pages: 130 / 260M, Empty: 20M, Relocated: 6M, In-Place: 0
[2026-04-03T02:35:23.799+0600][90.480s][info][gc,reloc    ] GC(169) Medium Pages: 2 / 64M, Empty: 32M, Relocated: 0M, In-Place: 0
[2026-04-03T02:35:23.799+0600][90.480s][info][gc,reloc    ] GC(169) Large Pages: 119 / 714M, Empty: 702M, Relocated: 0M, In-Place: 0
[2026-04-03T02:35:23.799+0600][90.480s][info][gc,reloc    ] GC(169) Forwarding Usage: 1M
[2026-04-03T02:35:23.799+0600][90.480s][info][gc,heap     ] GC(169) Min Capacity: 8M(1%)
[2026-04-03T02:35:23.799+0600][90.480s][info][gc,heap     ] GC(169) Max Capacity: 1500M(100%)
[2026-04-03T02:35:23.799+0600][90.480s][info][gc,heap     ] GC(169) Soft Max Capacity: 1500M(100%)
[2026-04-03T02:35:23.799+0600][90.480s][info][gc,heap     ] GC(169)                Mark Start          Mark End        Relocate Start      Relocate End           High               Low         
[2026-04-03T02:35:23.799+0600][90.480s][info][gc,heap     ] GC(169)  Capacity:     1500M (100%)       1500M (100%)       1500M (100%)       1500M (100%)       1500M (100%)       1500M (100%)   
[2026-04-03T02:35:23.799+0600][90.480s][info][gc,heap     ] GC(169)      Free:      462M (31%)         306M (20%)        1034M (69%)        1158M (77%)        1158M (77%)         280M (19%)    
[2026-04-03T02:35:23.799+0600][90.480s][info][gc,heap     ] GC(169)      Used:     1038M (69%)        1194M (80%)         466M (31%)         342M (23%)        1220M (81%)         342M (23%)    
[2026-04-03T02:35:23.799+0600][90.480s][info][gc,heap     ] GC(169)      Live:         -               118M (8%)          118M (8%)          118M (8%)             -                  -          
[2026-04-03T02:35:23.799+0600][90.480s][info][gc,heap     ] GC(169) Allocated:         -               156M (10%)         182M (12%)         183M (12%)            -                  -          
[2026-04-03T02:35:23.799+0600][90.480s][info][gc,heap     ] GC(169)   Garbage:         -               919M (61%)         165M (11%)          39M (3%)             -                  -          
[2026-04-03T02:35:23.799+0600][90.480s][info][gc,heap     ] GC(169) Reclaimed:         -                  -               754M (50%)         879M (59%)            -                  -          
[2026-04-03T02:35:23.799+0600][90.480s][info][gc          ] GC(169) Garbage Collection (Allocation Stall) 1038M(69%)->342M(23%)
[2026-04-03T02:35:23.821+0600][90.502s][info][gc,start    ] GC(170) Garbage Collection (Allocation Rate)
[2026-04-03T02:35:23.821+0600][90.503s][info][gc,task     ] GC(170) Using 3 workers
[2026-04-03T02:35:23.821+0600][90.503s][info][gc,phases   ] GC(170) Pause Mark Start 0.010ms
[2026-04-03T02:35:23.930+0600][90.612s][info][gc,phases   ] GC(170) Concurrent Mark 108.751ms
[2026-04-03T02:35:23.930+0600][90.612s][info][gc,phases   ] GC(170) Pause Mark End 0.034ms
[2026-04-03T02:35:23.931+0600][90.612s][info][gc,phases   ] GC(170) Concurrent Mark Free 0.002ms
[2026-04-03T02:35:23.962+0600][90.644s][info][gc,phases   ] GC(170) Concurrent Process Non-Strong References 31.466ms
[2026-04-03T02:35:23.962+0600][90.644s][info][gc,phases   ] GC(170) Concurrent Reset Relocation Set 0.006ms
[2026-04-03T02:35:23.965+0600][90.646s][info][gc,phases   ] GC(170) Concurrent Select Relocation Set 2.688ms
[2026-04-03T02:35:23.965+0600][90.647s][info][gc,phases   ] GC(170) Pause Relocate Start 0.013ms
[2026-04-03T02:35:23.968+0600][90.650s][info][gc,phases   ] GC(170) Concurrent Relocate 3.103ms
[2026-04-03T02:35:23.969+0600][90.650s][info][gc,load     ] GC(170) Load: 5.70/5.75/5.81
[2026-04-03T02:35:23.969+0600][90.650s][info][gc,mmu      ] GC(170) MMU: 2ms/89.3%, 5ms/95.7%, 10ms/97.9%, 20ms/98.9%, 50ms/99.6%, 100ms/99.8%
[2026-04-03T02:35:23.969+0600][90.650s][info][gc,marking  ] GC(170) Mark: 2 stripe(s), 2 proactive flush(es), 1 terminate flush(es), 0 completion(s), 0 continuation(s) 
[2026-04-03T02:35:23.969+0600][90.650s][info][gc,marking  ] GC(170) Mark Stack Usage: 32M
[2026-04-03T02:35:23.969+0600][90.650s][info][gc,nmethod  ] GC(170) NMethods: 15483 registered, 2757 unregistered
[2026-04-03T02:35:23.969+0600][90.650s][info][gc,metaspace] GC(170) Metaspace: 128M used, 129M committed, 1152M reserved
[2026-04-03T02:35:23.969+0600][90.650s][info][gc,ref      ] GC(170) Soft: 3268 encountered, 0 discovered, 0 enqueued
[2026-04-03T02:35:23.969+0600][90.650s][info][gc,ref      ] GC(170) Weak: 14626 encountered, 3265 discovered, 320 enqueued
[2026-04-03T02:35:23.969+0600][90.650s][info][gc,ref      ] GC(170) Final: 84 encountered, 0 discovered, 0 enqueued
[2026-04-03T02:35:23.969+0600][90.650s][info][gc,ref      ] GC(170) Phantom: 620 encountered, 567 discovered, 0 enqueued
[2026-04-03T02:35:23.969+0600][90.650s][info][gc,reloc    ] GC(170) Small Pages: 115 / 230M, Empty: 14M, Relocated: 5M, In-Place: 0
[2026-04-03T02:35:23.969+0600][90.650s][info][gc,reloc    ] GC(170) Medium Pages: 2 / 64M, Empty: 32M, Relocated: 0M, In-Place: 0
[2026-04-03T02:35:23.969+0600][90.650s][info][gc,reloc    ] GC(170) Large Pages: 10 / 60M, Empty: 60M, Relocated: 0M, In-Place: 0
[2026-04-03T02:35:23.969+0600][90.650s][info][gc,reloc    ] GC(170) Forwarding Usage: 1M
[2026-04-03T02:35:23.969+0600][90.650s][info][gc,heap     ] GC(170) Min Capacity: 8M(1%)
[2026-04-03T02:35:23.969+0600][90.650s][info][gc,heap     ] GC(170) Max Capacity: 1500M(100%)
[2026-04-03T02:35:23.969+0600][90.650s][info][gc,heap     ] GC(170) Soft Max Capacity: 1500M(100%)
[2026-04-03T02:35:23.969+0600][90.650s][info][gc,heap     ] GC(170)                Mark Start          Mark End        Relocate Start      Relocate End           High               Low         
[2026-04-03T02:35:23.969+0600][90.650s][info][gc,heap     ] GC(170)  Capacity:     1500M (100%)       1500M (100%)       1500M (100%)       1500M (100%)       1500M (100%)       1500M (100%)   
[2026-04-03T02:35:23.969+0600][90.650s][info][gc,heap     ] GC(170)      Free:     1146M (76%)        1054M (70%)        1144M (76%)        1248M (83%)        1248M (83%)        1038M (69%)    
[2026-04-03T02:35:23.969+0600][90.650s][info][gc,heap     ] GC(170)      Used:      354M (24%)         446M (30%)         356M (24%)         252M (17%)         462M (31%)         252M (17%)    
[2026-04-03T02:35:23.969+0600][90.650s][info][gc,heap     ] GC(170)      Live:         -               105M (7%)          105M (7%)          105M (7%)             -                  -          
[2026-04-03T02:35:23.969+0600][90.650s][info][gc,heap     ] GC(170) Allocated:         -                92M (6%)          108M (7%)          107M (7%)             -                  -          
[2026-04-03T02:35:23.969+0600][90.650s][info][gc,heap     ] GC(170)   Garbage:         -               248M (17%)         142M (10%)          39M (3%)             -                  -          
[2026-04-03T02:35:23.969+0600][90.650s][info][gc,heap     ] GC(170) Reclaimed:         -                  -               106M (7%)          209M (14%)            -                  -          
[2026-04-03T02:35:23.969+0600][90.650s][info][gc          ] GC(170) Garbage Collection (Allocation Rate) 354M(24%)->252M(17%)
[2026-04-03T02:35:24.222+0600][90.903s][info][gc,start    ] GC(171) Garbage Collection (Allocation Rate)
[2026-04-03T02:35:24.222+0600][90.903s][info][gc,task     ] GC(171) Using 2 workers
[2026-04-03T02:35:24.222+0600][90.904s][info][gc,phases   ] GC(171) Pause Mark Start 0.036ms
[2026-04-03T02:35:24.397+0600][91.078s][info][gc,phases   ] GC(171) Concurrent Mark 174.367ms
[2026-04-03T02:35:24.397+0600][91.079s][info][gc,phases   ] GC(171) Pause Mark End 0.035ms
[2026-04-03T02:35:24.397+0600][91.079s][info][gc,phases   ] GC(171) Concurrent Mark Free 0.003ms
[2026-04-03T02:35:24.461+0600][91.142s][info][gc,phases   ] GC(171) Concurrent Process Non-Strong References 63.388ms
[2026-04-03T02:35:24.461+0600][91.142s][info][gc,phases   ] GC(171) Concurrent Reset Relocation Set 0.007ms
[2026-04-03T02:35:24.464+0600][91.146s][info][gc,phases   ] GC(171) Concurrent Select Relocation Set 3.241ms
[2026-04-03T02:35:24.464+0600][91.146s][info][gc,phases   ] GC(171) Pause Relocate Start 0.015ms
[2026-04-03T02:35:24.474+0600][91.156s][info][gc,phases   ] GC(171) Concurrent Relocate 9.575ms
[2026-04-03T02:35:24.474+0600][91.156s][info][gc,load     ] GC(171) Load: 5.70/5.75/5.81
[2026-04-03T02:35:24.474+0600][91.156s][info][gc,mmu      ] GC(171) MMU: 2ms/89.3%, 5ms/95.7%, 10ms/97.9%, 20ms/98.9%, 50ms/99.6%, 100ms/99.8%
[2026-04-03T02:35:24.474+0600][91.156s][info][gc,marking  ] GC(171) Mark: 2 stripe(s), 2 proactive flush(es), 1 terminate flush(es), 0 completion(s), 0 continuation(s) 
[2026-04-03T02:35:24.474+0600][91.156s][info][gc,marking  ] GC(171) Mark Stack Usage: 32M
[2026-04-03T02:35:24.474+0600][91.156s][info][gc,nmethod  ] GC(171) NMethods: 15484 registered, 2761 unregistered
[2026-04-03T02:35:24.474+0600][91.156s][info][gc,metaspace] GC(171) Metaspace: 128M used, 129M committed, 1152M reserved
[2026-04-03T02:35:24.474+0600][91.156s][info][gc,ref      ] GC(171) Soft: 3312 encountered, 0 discovered, 0 enqueued
[2026-04-03T02:35:24.474+0600][91.156s][info][gc,ref      ] GC(171) Weak: 14666 encountered, 8187 discovered, 121 enqueued
[2026-04-03T02:35:24.474+0600][91.156s][info][gc,ref      ] GC(171) Final: 84 encountered, 48 discovered, 0 enqueued
[2026-04-03T02:35:24.474+0600][91.156s][info][gc,ref      ] GC(171) Phantom: 620 encountered, 512 discovered, 0 enqueued
[2026-04-03T02:35:24.474+0600][91.156s][info][gc,reloc    ] GC(171) Small Pages: 189 / 378M, Empty: 20M, Relocated: 8M, In-Place: 0
[2026-04-03T02:35:24.474+0600][91.156s][info][gc,reloc    ] GC(171) Medium Pages: 2 / 64M, Empty: 32M, Relocated: 0M, In-Place: 0
[2026-04-03T02:35:24.474+0600][91.156s][info][gc,reloc    ] GC(171) Large Pages: 3 / 18M, Empty: 18M, Relocated: 0M, In-Place: 0
[2026-04-03T02:35:24.474+0600][91.156s][info][gc,reloc    ] GC(171) Forwarding Usage: 2M
[2026-04-03T02:35:24.474+0600][91.156s][info][gc,heap     ] GC(171) Min Capacity: 8M(1%)
[2026-04-03T02:35:24.474+0600][91.156s][info][gc,heap     ] GC(171) Max Capacity: 1500M(100%)
[2026-04-03T02:35:24.474+0600][91.156s][info][gc,heap     ] GC(171) Soft Max Capacity: 1500M(100%)
[2026-04-03T02:35:24.474+0600][91.156s][info][gc,heap     ] GC(171)                Mark Start          Mark End        Relocate Start      Relocate End           High               Low         
[2026-04-03T02:35:24.474+0600][91.156s][info][gc,heap     ] GC(171)  Capacity:     1500M (100%)       1500M (100%)       1500M (100%)       1500M (100%)       1500M (100%)       1500M (100%)   
[2026-04-03T02:35:24.475+0600][91.156s][info][gc,heap     ] GC(171)      Free:     1040M (69%)         776M (52%)         772M (51%)        1006M (67%)        1040M (69%)         704M (47%)    
[2026-04-03T02:35:24.475+0600][91.156s][info][gc,heap     ] GC(171)      Used:      460M (31%)         724M (48%)         728M (49%)         494M (33%)         796M (53%)         460M (31%)    
[2026-04-03T02:35:24.475+0600][91.156s][info][gc,heap     ] GC(171)      Live:         -               108M (7%)          108M (7%)          108M (7%)             -                  -          
[2026-04-03T02:35:24.475+0600][91.156s][info][gc,heap     ] GC(171) Allocated:         -               264M (18%)         338M (23%)         347M (23%)            -                  -          
[2026-04-03T02:35:24.475+0600][91.156s][info][gc,heap     ] GC(171)   Garbage:         -               351M (23%)         281M (19%)          38M (3%)             -                  -          
[2026-04-03T02:35:24.475+0600][91.156s][info][gc,heap     ] GC(171) Reclaimed:         -                  -                70M (5%)          313M (21%)            -                  -          
[2026-04-03T02:35:24.475+0600][91.156s][info][gc          ] GC(171) Garbage Collection (Allocation Rate) 460M(31%)->494M(33%)
[2026-04-03T02:35:24.521+0600][91.202s][info][gc,start    ] GC(172) Garbage Collection (Allocation Rate)
[2026-04-03T02:35:24.521+0600][91.202s][info][gc,task     ] GC(172) Using 2 workers
[2026-04-03T02:35:24.521+0600][91.203s][info][gc,phases   ] GC(172) Pause Mark Start 0.015ms
[2026-04-03T02:35:24.690+0600][91.372s][info][gc,phases   ] GC(172) Concurrent Mark 168.955ms
[2026-04-03T02:35:24.691+0600][91.372s][info][gc,phases   ] GC(172) Pause Mark End 0.036ms
[2026-04-03T02:35:24.691+0600][91.372s][info][gc,phases   ] GC(172) Concurrent Mark Free 0.002ms
[2026-04-03T02:35:24.725+0600][91.406s][info][gc,phases   ] GC(172) Concurrent Process Non-Strong References 33.944ms
[2026-04-03T02:35:24.725+0600][91.406s][info][gc,phases   ] GC(172) Concurrent Reset Relocation Set 0.020ms
[2026-04-03T02:35:24.730+0600][91.411s][info][gc,phases   ] GC(172) Concurrent Select Relocation Set 5.037ms
[2026-04-03T02:35:24.730+0600][91.412s][info][gc,phases   ] GC(172) Pause Relocate Start 0.019ms
[2026-04-03T02:35:24.734+0600][91.416s][info][gc,phases   ] GC(172) Concurrent Relocate 3.694ms
[2026-04-03T02:35:24.734+0600][91.416s][info][gc,load     ] GC(172) Load: 5.70/5.75/5.81
[2026-04-03T02:35:24.734+0600][91.416s][info][gc,mmu      ] GC(172) MMU: 2ms/89.3%, 5ms/95.7%, 10ms/97.9%, 20ms/98.9%, 50ms/99.6%, 100ms/99.8%
[2026-04-03T02:35:24.734+0600][91.416s][info][gc,marking  ] GC(172) Mark: 2 stripe(s), 2 proactive flush(es), 1 terminate flush(es), 0 completion(s), 0 continuation(s) 
[2026-04-03T02:35:24.734+0600][91.416s][info][gc,marking  ] GC(172) Mark Stack Usage: 32M
[2026-04-03T02:35:24.734+0600][91.416s][info][gc,nmethod  ] GC(172) NMethods: 15483 registered, 2763 unregistered
[2026-04-03T02:35:24.734+0600][91.416s][info][gc,metaspace] GC(172) Metaspace: 128M used, 129M committed, 1152M reserved
[2026-04-03T02:35:24.734+0600][91.416s][info][gc,ref      ] GC(172) Soft: 3305 encountered, 0 discovered, 0 enqueued
[2026-04-03T02:35:24.734+0600][91.416s][info][gc,ref      ] GC(172) Weak: 15139 encountered, 7004 discovered, 12 enqueued
[2026-04-03T02:35:24.734+0600][91.416s][info][gc,ref      ] GC(172) Final: 84 encountered, 48 discovered, 0 enqueued
[2026-04-03T02:35:24.734+0600][91.416s][info][gc,ref      ] GC(172) Phantom: 620 encountered, 523 discovered, 0 enqueued
[2026-04-03T02:35:24.734+0600][91.416s][info][gc,reloc    ] GC(172) Small Pages: 205 / 410M, Empty: 130M, Relocated: 3M, In-Place: 0
[2026-04-03T02:35:24.734+0600][91.416s][info][gc,reloc    ] GC(172) Medium Pages: 4 / 128M, Empty: 96M, Relocated: 0M, In-Place: 0
[2026-04-03T02:35:24.734+0600][91.416s][info][gc,reloc    ] GC(172) Large Pages: 8 / 48M, Empty: 48M, Relocated: 0M, In-Place: 0
[2026-04-03T02:35:24.734+0600][91.416s][info][gc,reloc    ] GC(172) Forwarding Usage: 0M
[2026-04-03T02:35:24.734+0600][91.416s][info][gc,heap     ] GC(172) Min Capacity: 8M(1%)
[2026-04-03T02:35:24.734+0600][91.416s][info][gc,heap     ] GC(172) Max Capacity: 1500M(100%)
[2026-04-03T02:35:24.734+0600][91.416s][info][gc,heap     ] GC(172) Soft Max Capacity: 1500M(100%)
[2026-04-03T02:35:24.734+0600][91.416s][info][gc,heap     ] GC(172)                Mark Start          Mark End        Relocate Start      Relocate End           High               Low         
[2026-04-03T02:35:24.735+0600][91.416s][info][gc,heap     ] GC(172)  Capacity:     1500M (100%)       1500M (100%)       1500M (100%)       1500M (100%)       1500M (100%)       1500M (100%)   
[2026-04-03T02:35:24.735+0600][91.416s][info][gc,heap     ] GC(172)      Free:      914M (61%)         670M (45%)         896M (60%)        1066M (71%)        1066M (71%)         634M (42%)    
[2026-04-03T02:35:24.735+0600][91.416s][info][gc,heap     ] GC(172)      Used:      586M (39%)         830M (55%)         604M (40%)         434M (29%)         866M (58%)         434M (29%)    
[2026-04-03T02:35:24.735+0600][91.416s][info][gc,heap     ] GC(172)      Live:         -               106M (7%)          106M (7%)          106M (7%)             -                  -          
[2026-04-03T02:35:24.735+0600][91.416s][info][gc,heap     ] GC(172) Allocated:         -               244M (16%)         292M (19%)         291M (19%)            -                  -          
[2026-04-03T02:35:24.735+0600][91.416s][info][gc,heap     ] GC(172)   Garbage:         -               479M (32%)         205M (14%)          35M (2%)             -                  -          
[2026-04-03T02:35:24.735+0600][91.416s][info][gc,heap     ] GC(172) Reclaimed:         -                  -               274M (18%)         443M (30%)            -                  -          
[2026-04-03T02:35:24.735+0600][91.416s][info][gc          ] GC(172) Garbage Collection (Allocation Rate) 586M(39%)->434M(29%)
[2026-04-03T02:35:24.821+0600][91.503s][info][gc,start    ] GC(173) Garbage Collection (Allocation Rate)
[2026-04-03T02:35:24.821+0600][91.503s][info][gc,task     ] GC(173) Using 2 workers
[2026-04-03T02:35:24.821+0600][91.503s][info][gc,phases   ] GC(173) Pause Mark Start 0.018ms
[2026-04-03T02:35:24.991+0600][91.673s][info][gc,phases   ] GC(173) Concurrent Mark 169.701ms
[2026-04-03T02:35:24.992+0600][91.673s][info][gc,phases   ] GC(173) Pause Mark End 0.032ms
[2026-04-03T02:35:24.992+0600][91.673s][info][gc,phases   ] GC(173) Concurrent Mark Free 0.002ms
[2026-04-03T02:35:25.022+0600][91.703s][info][gc,phases   ] GC(173) Concurrent Process Non-Strong References 29.810ms
[2026-04-03T02:35:25.022+0600][91.703s][info][gc,phases   ] GC(173) Concurrent Reset Relocation Set 0.009ms
[2026-04-03T02:35:25.025+0600][91.707s][info][gc,phases   ] GC(173) Concurrent Select Relocation Set 3.754ms
[2026-04-03T02:35:25.026+0600][91.707s][info][gc,phases   ] GC(173) Pause Relocate Start 0.012ms
[2026-04-03T02:35:25.030+0600][91.712s][info][gc,phases   ] GC(173) Concurrent Relocate 4.354ms
[2026-04-03T02:35:25.030+0600][91.712s][info][gc,load     ] GC(173) Load: 6.12/5.84/5.84
[2026-04-03T02:35:25.030+0600][91.712s][info][gc,mmu      ] GC(173) MMU: 2ms/89.3%, 5ms/95.7%, 10ms/97.9%, 20ms/98.9%, 50ms/99.6%, 100ms/99.8%
[2026-04-03T02:35:25.030+0600][91.712s][info][gc,marking  ] GC(173) Mark: 2 stripe(s), 2 proactive flush(es), 1 terminate flush(es), 0 completion(s), 0 continuation(s) 
[2026-04-03T02:35:25.030+0600][91.712s][info][gc,marking  ] GC(173) Mark Stack Usage: 32M
[2026-04-03T02:35:25.030+0600][91.712s][info][gc,nmethod  ] GC(173) NMethods: 15488 registered, 2764 unregistered
[2026-04-03T02:35:25.030+0600][91.712s][info][gc,metaspace] GC(173) Metaspace: 128M used, 129M committed, 1152M reserved
[2026-04-03T02:35:25.030+0600][91.712s][info][gc,ref      ] GC(173) Soft: 3312 encountered, 0 discovered, 0 enqueued
[2026-04-03T02:35:25.030+0600][91.712s][info][gc,ref      ] GC(173) Weak: 15700 encountered, 6823 discovered, 17 enqueued
[2026-04-03T02:35:25.030+0600][91.712s][info][gc,ref      ] GC(173) Final: 84 encountered, 48 discovered, 0 enqueued
[2026-04-03T02:35:25.030+0600][91.712s][info][gc,ref      ] GC(173) Phantom: 620 encountered, 415 discovered, 0 enqueued
[2026-04-03T02:35:25.030+0600][91.712s][info][gc,reloc    ] GC(173) Small Pages: 193 / 386M, Empty: 116M, Relocated: 4M, In-Place: 0
[2026-04-03T02:35:25.030+0600][91.712s][info][gc,reloc    ] GC(173) Medium Pages: 3 / 96M, Empty: 64M, Relocated: 0M, In-Place: 0
[2026-04-03T02:35:25.030+0600][91.712s][info][gc,reloc    ] GC(173) Large Pages: 8 / 48M, Empty: 48M, Relocated: 0M, In-Place: 0
[2026-04-03T02:35:25.030+0600][91.712s][info][gc,reloc    ] GC(173) Forwarding Usage: 1M
[2026-04-03T02:35:25.030+0600][91.712s][info][gc,heap     ] GC(173) Min Capacity: 8M(1%)
[2026-04-03T02:35:25.031+0600][91.712s][info][gc,heap     ] GC(173) Max Capacity: 1500M(100%)
[2026-04-03T02:35:25.031+0600][91.712s][info][gc,heap     ] GC(173) Soft Max Capacity: 1500M(100%)
[2026-04-03T02:35:25.031+0600][91.712s][info][gc,heap     ] GC(173)                Mark Start          Mark End        Relocate Start      Relocate End           High               Low         
[2026-04-03T02:35:25.031+0600][91.712s][info][gc,heap     ] GC(173)  Capacity:     1500M (100%)       1500M (100%)       1500M (100%)       1500M (100%)       1500M (100%)       1500M (100%)   
[2026-04-03T02:35:25.031+0600][91.712s][info][gc,heap     ] GC(173)      Free:      970M (65%)         750M (50%)         902M (60%)        1050M (70%)        1054M (70%)         682M (45%)    
[2026-04-03T02:35:25.031+0600][91.712s][info][gc,heap     ] GC(173)      Used:      530M (35%)         750M (50%)         598M (40%)         450M (30%)         818M (55%)         446M (30%)    
[2026-04-03T02:35:25.031+0600][91.712s][info][gc,heap     ] GC(173)      Live:         -               109M (7%)          109M (7%)          109M (7%)             -                  -          
[2026-04-03T02:35:25.031+0600][91.712s][info][gc,heap     ] GC(173) Allocated:         -               220M (15%)         296M (20%)         301M (20%)            -                  -          
[2026-04-03T02:35:25.031+0600][91.712s][info][gc,heap     ] GC(173)   Garbage:         -               420M (28%)         192M (13%)          38M (3%)             -                  -          
[2026-04-03T02:35:25.031+0600][91.712s][info][gc,heap     ] GC(173) Reclaimed:         -                  -               228M (15%)         381M (25%)            -                  -          
[2026-04-03T02:35:25.031+0600][91.712s][info][gc          ] GC(173) Garbage Collection (Allocation Rate) 530M(35%)->450M(30%)
[2026-04-03T02:35:25.222+0600][91.903s][info][gc,start    ] GC(174) Garbage Collection (Allocation Rate)
[2026-04-03T02:35:25.222+0600][91.903s][info][gc,task     ] GC(174) Using 2 workers
[2026-04-03T02:35:25.222+0600][91.904s][info][gc,phases   ] GC(174) Pause Mark Start 0.011ms
[2026-04-03T02:35:25.404+0600][92.086s][info][gc,phases   ] GC(174) Concurrent Mark 181.960ms
[2026-04-03T02:35:25.404+0600][92.086s][info][gc,phases   ] GC(174) Pause Mark End 0.029ms
[2026-04-03T02:35:25.405+0600][92.086s][info][gc,phases   ] GC(174) Concurrent Mark Free 0.001ms
[2026-04-03T02:35:25.447+0600][92.129s][info][gc,phases   ] GC(174) Concurrent Process Non-Strong References 42.611ms
[2026-04-03T02:35:25.447+0600][92.129s][info][gc,phases   ] GC(174) Concurrent Reset Relocation Set 0.006ms
[2026-04-03T02:35:25.450+0600][92.131s][info][gc,phases   ] GC(174) Concurrent Select Relocation Set 2.767ms
[2026-04-03T02:35:25.450+0600][92.132s][info][gc,phases   ] GC(174) Pause Relocate Start 0.011ms
[2026-04-03T02:35:25.454+0600][92.136s][info][gc,phases   ] GC(174) Concurrent Relocate 4.156ms
[2026-04-03T02:35:25.455+0600][92.136s][info][gc,load     ] GC(174) Load: 6.12/5.84/5.84
[2026-04-03T02:35:25.455+0600][92.136s][info][gc,mmu      ] GC(174) MMU: 2ms/89.3%, 5ms/95.7%, 10ms/97.9%, 20ms/98.9%, 50ms/99.6%, 100ms/99.8%
[2026-04-03T02:35:25.455+0600][92.136s][info][gc,marking  ] GC(174) Mark: 2 stripe(s), 3 proactive flush(es), 1 terminate flush(es), 0 completion(s), 0 continuation(s) 
[2026-04-03T02:35:25.455+0600][92.136s][info][gc,marking  ] GC(174) Mark Stack Usage: 32M
[2026-04-03T02:35:25.455+0600][92.136s][info][gc,nmethod  ] GC(174) NMethods: 15491 registered, 2769 unregistered
[2026-04-03T02:35:25.455+0600][92.136s][info][gc,metaspace] GC(174) Metaspace: 128M used, 129M committed, 1152M reserved
[2026-04-03T02:35:25.455+0600][92.136s][info][gc,ref      ] GC(174) Soft: 3384 encountered, 0 discovered, 0 enqueued
[2026-04-03T02:35:25.455+0600][92.136s][info][gc,ref      ] GC(174) Weak: 16542 encountered, 8811 discovered, 1733 enqueued
[2026-04-03T02:35:25.455+0600][92.136s][info][gc,ref      ] GC(174) Final: 84 encountered, 62 discovered, 0 enqueued
[2026-04-03T02:35:25.455+0600][92.136s][info][gc,ref      ] GC(174) Phantom: 620 encountered, 381 discovered, 0 enqueued
[2026-04-03T02:35:25.455+0600][92.136s][info][gc,reloc    ] GC(174) Small Pages: 248 / 496M, Empty: 92M, Relocated: 5M, In-Place: 0
[2026-04-03T02:35:25.455+0600][92.136s][info][gc,reloc    ] GC(174) Medium Pages: 3 / 96M, Empty: 64M, Relocated: 0M, In-Place: 0
[2026-04-03T02:35:25.455+0600][92.136s][info][gc,reloc    ] GC(174) Large Pages: 10 / 60M, Empty: 60M, Relocated: 0M, In-Place: 0
[2026-04-03T02:35:25.455+0600][92.136s][info][gc,reloc    ] GC(174) Forwarding Usage: 1M
[2026-04-03T02:35:25.455+0600][92.136s][info][gc,heap     ] GC(174) Min Capacity: 8M(1%)
[2026-04-03T02:35:25.455+0600][92.136s][info][gc,heap     ] GC(174) Max Capacity: 1500M(100%)
[2026-04-03T02:35:25.455+0600][92.136s][info][gc,heap     ] GC(174) Soft Max Capacity: 1500M(100%)
[2026-04-03T02:35:25.455+0600][92.136s][info][gc,heap     ] GC(174)                Mark Start          Mark End        Relocate Start      Relocate End           High               Low         
[2026-04-03T02:35:25.455+0600][92.136s][info][gc,heap     ] GC(174)  Capacity:     1500M (100%)       1500M (100%)       1500M (100%)       1500M (100%)       1500M (100%)       1500M (100%)   
[2026-04-03T02:35:25.455+0600][92.136s][info][gc,heap     ] GC(174)      Free:      848M (57%)         536M (36%)         732M (49%)        1010M (67%)        1012M (67%)         516M (34%)    
[2026-04-03T02:35:25.455+0600][92.136s][info][gc,heap     ] GC(174)      Used:      652M (43%)         964M (64%)         768M (51%)         490M (33%)         984M (66%)         488M (33%)    
[2026-04-03T02:35:25.455+0600][92.136s][info][gc,heap     ] GC(174)      Live:         -               109M (7%)          109M (7%)          109M (7%)             -                  -          
[2026-04-03T02:35:25.455+0600][92.136s][info][gc,heap     ] GC(174) Allocated:         -               312M (21%)         332M (22%)         341M (23%)            -                  -          
[2026-04-03T02:35:25.455+0600][92.136s][info][gc,heap     ] GC(174)   Garbage:         -               542M (36%)         326M (22%)          38M (3%)             -                  -          
[2026-04-03T02:35:25.455+0600][92.136s][info][gc,heap     ] GC(174) Reclaimed:         -                  -               216M (14%)         503M (34%)            -                  -          
[2026-04-03T02:35:25.455+0600][92.136s][info][gc          ] GC(174) Garbage Collection (Allocation Rate) 652M(43%)->490M(33%)
[2026-04-03T02:35:25.621+0600][92.302s][info][gc,start    ] GC(175) Garbage Collection (Allocation Rate)
[2026-04-03T02:35:25.621+0600][92.302s][info][gc,task     ] GC(175) Using 2 workers
[2026-04-03T02:35:25.621+0600][92.303s][info][gc,phases   ] GC(175) Pause Mark Start 0.015ms
[2026-04-03T02:35:25.763+0600][92.444s][info][gc,phases   ] GC(175) Concurrent Mark 141.196ms
[2026-04-03T02:35:25.763+0600][92.444s][info][gc,phases   ] GC(175) Pause Mark End 0.027ms
[2026-04-03T02:35:25.763+0600][92.445s][info][gc,phases   ] GC(175) Concurrent Mark Free 0.003ms
[2026-04-03T02:35:25.789+0600][92.470s][info][gc,phases   ] GC(175) Concurrent Process Non-Strong References 25.781ms
[2026-04-03T02:35:25.789+0600][92.470s][info][gc,phases   ] GC(175) Concurrent Reset Relocation Set 0.014ms
[2026-04-03T02:35:25.793+0600][92.474s][info][gc,phases   ] GC(175) Concurrent Select Relocation Set 3.866ms
[2026-04-03T02:35:25.793+0600][92.475s][info][gc,phases   ] GC(175) Pause Relocate Start 0.013ms
[2026-04-03T02:35:25.811+0600][92.492s][info][gc,phases   ] GC(175) Concurrent Relocate 17.562ms
[2026-04-03T02:35:25.811+0600][92.492s][info][gc,load     ] GC(175) Load: 6.12/5.84/5.84
[2026-04-03T02:35:25.811+0600][92.492s][info][gc,mmu      ] GC(175) MMU: 2ms/89.3%, 5ms/95.7%, 10ms/97.9%, 20ms/98.9%, 50ms/99.6%, 100ms/99.8%
[2026-04-03T02:35:25.811+0600][92.492s][info][gc,marking  ] GC(175) Mark: 2 stripe(s), 2 proactive flush(es), 1 terminate flush(es), 0 completion(s), 0 continuation(s) 
[2026-04-03T02:35:25.811+0600][92.492s][info][gc,marking  ] GC(175) Mark Stack Usage: 32M
[2026-04-03T02:35:25.811+0600][92.492s][info][gc,nmethod  ] GC(175) NMethods: 15493 registered, 2774 unregistered
[2026-04-03T02:35:25.811+0600][92.492s][info][gc,metaspace] GC(175) Metaspace: 128M used, 129M committed, 1152M reserved
[2026-04-03T02:35:25.811+0600][92.492s][info][gc,ref      ] GC(175) Soft: 3391 encountered, 0 discovered, 0 enqueued
[2026-04-03T02:35:25.811+0600][92.492s][info][gc,ref      ] GC(175) Weak: 15270 encountered, 8778 discovered, 491 enqueued
[2026-04-03T02:35:25.811+0600][92.492s][info][gc,ref      ] GC(175) Final: 84 encountered, 50 discovered, 0 enqueued
[2026-04-03T02:35:25.811+0600][92.492s][info][gc,ref      ] GC(175) Phantom: 620 encountered, 521 discovered, 0 enqueued
[2026-04-03T02:35:25.811+0600][92.493s][info][gc,reloc    ] GC(175) Small Pages: 323 / 646M, Empty: 358M, Relocated: 8M, In-Place: 0
[2026-04-03T02:35:25.811+0600][92.493s][info][gc,reloc    ] GC(175) Medium Pages: 3 / 96M, Empty: 32M, Relocated: 9M, In-Place: 0
[2026-04-03T02:35:25.811+0600][92.493s][info][gc,reloc    ] GC(175) Large Pages: 6 / 36M, Empty: 36M, Relocated: 0M, In-Place: 0
[2026-04-03T02:35:25.811+0600][92.493s][info][gc,reloc    ] GC(175) Forwarding Usage: 3M
[2026-04-03T02:35:25.811+0600][92.493s][info][gc,heap     ] GC(175) Min Capacity: 8M(1%)
[2026-04-03T02:35:25.811+0600][92.493s][info][gc,heap     ] GC(175) Max Capacity: 1500M(100%)
[2026-04-03T02:35:25.811+0600][92.493s][info][gc,heap     ] GC(175) Soft Max Capacity: 1500M(100%)
[2026-04-03T02:35:25.811+0600][92.493s][info][gc,heap     ] GC(175)                Mark Start          Mark End        Relocate Start      Relocate End           High               Low         
[2026-04-03T02:35:25.811+0600][92.493s][info][gc,heap     ] GC(175)  Capacity:     1500M (100%)       1500M (100%)       1500M (100%)       1500M (100%)       1500M (100%)       1500M (100%)   
[2026-04-03T02:35:25.811+0600][92.493s][info][gc,heap     ] GC(175)      Free:      722M (48%)         498M (33%)         904M (60%)        1062M (71%)        1086M (72%)         488M (33%)    
[2026-04-03T02:35:25.811+0600][92.493s][info][gc,heap     ] GC(175)      Used:      778M (52%)        1002M (67%)         596M (40%)         438M (29%)        1012M (67%)         414M (28%)    
[2026-04-03T02:35:25.811+0600][92.493s][info][gc,heap     ] GC(175)      Live:         -               109M (7%)          109M (7%)          109M (7%)             -                  -          
[2026-04-03T02:35:25.811+0600][92.493s][info][gc,heap     ] GC(175) Allocated:         -               224M (15%)         244M (16%)         291M (19%)            -                  -          
[2026-04-03T02:35:25.811+0600][92.493s][info][gc,heap     ] GC(175)   Garbage:         -               668M (45%)         242M (16%)          36M (2%)             -                  -          
[2026-04-03T02:35:25.811+0600][92.493s][info][gc,heap     ] GC(175) Reclaimed:         -                  -               426M (28%)         631M (42%)            -                  -          
[2026-04-03T02:35:25.811+0600][92.493s][info][gc          ] GC(175) Garbage Collection (Allocation Rate) 778M(52%)->438M(29%)
[2026-04-03T02:35:26.421+0600][93.102s][info][gc,start    ] GC(176) Garbage Collection (Allocation Rate)
[2026-04-03T02:35:26.421+0600][93.102s][info][gc,task     ] GC(176) Using 2 workers
[2026-04-03T02:35:26.421+0600][93.103s][info][gc,phases   ] GC(176) Pause Mark Start 0.015ms
[2026-04-03T02:35:26.472+0600][93.153s][info][gc,phases   ] GC(176) Concurrent Mark 50.292ms
[2026-04-03T02:35:26.472+0600][93.153s][info][gc,phases   ] GC(176) Pause Mark End 0.020ms
[2026-04-03T02:35:26.472+0600][93.153s][info][gc,phases   ] GC(176) Concurrent Mark Free 0.001ms
[2026-04-03T02:35:26.509+0600][93.190s][info][gc,phases   ] GC(176) Concurrent Process Non-Strong References 36.638ms
[2026-04-03T02:35:26.509+0600][93.190s][info][gc,phases   ] GC(176) Concurrent Reset Relocation Set 0.006ms
[2026-04-03T02:35:26.511+0600][93.193s][info][gc,phases   ] GC(176) Concurrent Select Relocation Set 2.705ms
[2026-04-03T02:35:26.512+0600][93.193s][info][gc,phases   ] GC(176) Pause Relocate Start 0.012ms
[2026-04-03T02:35:26.521+0600][93.202s][info][gc,phases   ] GC(176) Concurrent Relocate 9.082ms
[2026-04-03T02:35:26.521+0600][93.202s][info][gc,load     ] GC(176) Load: 6.12/5.84/5.84
[2026-04-03T02:35:26.521+0600][93.202s][info][gc,mmu      ] GC(176) MMU: 2ms/89.3%, 5ms/95.7%, 10ms/97.9%, 20ms/98.9%, 50ms/99.6%, 100ms/99.8%
[2026-04-03T02:35:26.521+0600][93.202s][info][gc,marking  ] GC(176) Mark: 2 stripe(s), 2 proactive flush(es), 1 terminate flush(es), 0 completion(s), 0 continuation(s) 
[2026-04-03T02:35:26.521+0600][93.202s][info][gc,marking  ] GC(176) Mark Stack Usage: 32M
[2026-04-03T02:35:26.521+0600][93.202s][info][gc,nmethod  ] GC(176) NMethods: 15525 registered, 2825 unregistered
[2026-04-03T02:35:26.521+0600][93.202s][info][gc,metaspace] GC(176) Metaspace: 129M used, 130M committed, 1152M reserved
[2026-04-03T02:35:26.521+0600][93.202s][info][gc,ref      ] GC(176) Soft: 3435 encountered, 0 discovered, 0 enqueued
[2026-04-03T02:35:26.521+0600][93.202s][info][gc,ref      ] GC(176) Weak: 14940 encountered, 6924 discovered, 1123 enqueued
[2026-04-03T02:35:26.521+0600][93.202s][info][gc,ref      ] GC(176) Final: 84 encountered, 4 discovered, 0 enqueued
[2026-04-03T02:35:26.521+0600][93.202s][info][gc,ref      ] GC(176) Phantom: 601 encountered, 360 discovered, 0 enqueued
[2026-04-03T02:35:26.521+0600][93.202s][info][gc,reloc    ] GC(176) Small Pages: 270 / 540M, Empty: 286M, Relocated: 12M, In-Place: 0
[2026-04-03T02:35:26.521+0600][93.202s][info][gc,reloc    ] GC(176) Medium Pages: 3 / 96M, Empty: 64M, Relocated: 0M, In-Place: 0
[2026-04-03T02:35:26.521+0600][93.202s][info][gc,reloc    ] GC(176) Large Pages: 7 / 42M, Empty: 42M, Relocated: 0M, In-Place: 0
[2026-04-03T02:35:26.521+0600][93.202s][info][gc,reloc    ] GC(176) Forwarding Usage: 4M
[2026-04-03T02:35:26.521+0600][93.202s][info][gc,heap     ] GC(176) Min Capacity: 8M(1%)
[2026-04-03T02:35:26.521+0600][93.202s][info][gc,heap     ] GC(176) Max Capacity: 1500M(100%)
[2026-04-03T02:35:26.521+0600][93.202s][info][gc,heap     ] GC(176) Soft Max Capacity: 1500M(100%)
[2026-04-03T02:35:26.521+0600][93.202s][info][gc,heap     ] GC(176)                Mark Start          Mark End        Relocate Start      Relocate End           High               Low         
[2026-04-03T02:35:26.521+0600][93.202s][info][gc,heap     ] GC(176)  Capacity:     1500M (100%)       1500M (100%)       1500M (100%)       1500M (100%)       1500M (100%)       1500M (100%)   
[2026-04-03T02:35:26.521+0600][93.202s][info][gc,heap     ] GC(176)      Free:      822M (55%)         820M (55%)        1176M (78%)        1356M (90%)        1360M (91%)         786M (52%)    
[2026-04-03T02:35:26.521+0600][93.202s][info][gc,heap     ] GC(176)      Used:      678M (45%)         680M (45%)         324M (22%)         144M (10%)         714M (48%)         140M (9%)     
[2026-04-03T02:35:26.521+0600][93.203s][info][gc,heap     ] GC(176)      Live:         -                53M (4%)           53M (4%)           53M (4%)             -                  -          
[2026-04-03T02:35:26.521+0600][93.203s][info][gc,heap     ] GC(176) Allocated:         -                 2M (0%)           38M (3%)           55M (4%)             -                  -          
[2026-04-03T02:35:26.521+0600][93.203s][info][gc,heap     ] GC(176)   Garbage:         -               624M (42%)         232M (15%)          34M (2%)             -                  -          
[2026-04-03T02:35:26.521+0600][93.203s][info][gc,heap     ] GC(176) Reclaimed:         -                  -               392M (26%)         589M (39%)            -                  -          
[2026-04-03T02:35:26.521+0600][93.203s][info][gc          ] GC(176) Garbage Collection (Allocation Rate) 678M(45%)->144M(10%)
[2026-04-03T02:35:26.696+0600][93.378s][info][gc,heap,exit] Heap
[2026-04-03T02:35:26.696+0600][93.378s][info][gc,heap,exit]  ZHeap           used 144M, capacity 1500M, max capacity 1500M
[2026-04-03T02:35:26.696+0600][93.378s][info][gc,heap,exit]  Metaspace       used 132120K, committed 133376K, reserved 1179648K
[2026-04-03T02:35:26.696+0600][93.378s][info][gc,heap,exit]   class space    used 16654K, committed 17280K, reserved 1048576K
