[2026-04-03T02:44:47.496+0600][0.005s][info][gc,init] Initializing The Z Garbage Collector
[2026-04-03T02:44:47.496+0600][0.005s][info][gc,init] Version: 21.0.10+7-Ubuntu-124.04 (release)
[2026-04-03T02:44:47.496+0600][0.005s][info][gc,init] NUMA Support: Disabled
[2026-04-03T02:44:47.496+0600][0.005s][info][gc,init] CPUs: 12 total, 12 available
[2026-04-03T02:44:47.496+0600][0.005s][info][gc,init] Memory: 15683M
[2026-04-03T02:44:47.496+0600][0.005s][info][gc,init] Large Page Support: Disabled
[2026-04-03T02:44:47.496+0600][0.005s][info][gc,init] Address Space Type: Contiguous/Unrestricted/Complete
[2026-04-03T02:44:47.496+0600][0.005s][info][gc,init] Address Space Size: 32000M
[2026-04-03T02:44:47.497+0600][0.005s][info][gc,init] Heap Backing File: /memfd:java_heap
[2026-04-03T02:44:47.497+0600][0.005s][info][gc,init] Heap Backing Filesystem: tmpfs (0x1021994)
[2026-04-03T02:44:47.497+0600][0.006s][info][gc,init] Min Capacity: 8M
[2026-04-03T02:44:47.497+0600][0.006s][info][gc,init] Initial Capacity: 246M
[2026-04-03T02:44:47.497+0600][0.006s][info][gc,init] Max Capacity: 2000M
[2026-04-03T02:44:47.497+0600][0.006s][info][gc,init] Soft Max Capacity: 2000M
[2026-04-03T02:44:47.497+0600][0.006s][info][gc,init] Medium Page Size: 32M
[2026-04-03T02:44:47.497+0600][0.006s][info][gc,init] Pre-touch: Disabled
[2026-04-03T02:44:47.497+0600][0.006s][info][gc,init] Available space on backing filesystem: N/A
[2026-04-03T02:44:47.498+0600][0.007s][info][gc,init] Uncommit: Enabled
[2026-04-03T02:44:47.498+0600][0.007s][info][gc,init] Uncommit Delay: 300s
[2026-04-03T02:44:47.498+0600][0.007s][info][gc,init] GC Workers for Old Generation: 3 (dynamic)
[2026-04-03T02:44:47.499+0600][0.007s][info][gc,init] GC Workers for Young Generation: 3 (dynamic)
[2026-04-03T02:44:47.575+0600][0.084s][info][gc,init] GC Workers Max: 3 (dynamic)
[2026-04-03T02:44:47.575+0600][0.084s][info][gc,init] Runtime Workers: 8
[2026-04-03T02:44:47.576+0600][0.085s][info][gc     ] Using The Z Garbage Collector
[2026-04-03T02:44:47.586+0600][0.095s][info][gc,metaspace] CDS archive(s) mapped at: [0x0000721393000000-0x0000721393c9c000-0x0000721393c9c000), size 13221888, SharedBaseAddress: 0x0000721393000000, ArchiveRelocationMode: 1.
[2026-04-03T02:44:47.586+0600][0.095s][info][gc,metaspace] Compressed class space mapped at: 0x0000721394000000-0x00007213d4000000, reserved size: 1073741824
[2026-04-03T02:44:47.586+0600][0.095s][info][gc,metaspace] Narrow klass base: 0x0000721393000000, Narrow klass shift: 0, Narrow klass range: 0x100000000
[2026-04-03T02:44:48.391+0600][0.900s][info][gc          ] GC(0) Major Collection (Warmup)
[2026-04-03T02:44:48.391+0600][0.900s][info][gc,task     ] GC(0) Using 3 Workers for Young Generation
[2026-04-03T02:44:48.391+0600][0.900s][info][gc,task     ] GC(0) Using 2 Workers for Old Generation
[2026-04-03T02:44:48.391+0600][0.900s][info][gc,phases   ] GC(0) Y: Young Generation
[2026-04-03T02:44:48.392+0600][0.900s][info][gc,phases   ] GC(0) Y: Pause Mark Start (Major) 0.017ms
[2026-04-03T02:44:48.398+0600][0.906s][info][gc,phases   ] GC(0) Y: Concurrent Mark 6.051ms
[2026-04-03T02:44:48.398+0600][0.907s][info][gc,phases   ] GC(0) Y: Pause Mark End 0.016ms
[2026-04-03T02:44:48.398+0600][0.907s][info][gc,phases   ] GC(0) Y: Concurrent Mark Free 0.002ms
[2026-04-03T02:44:48.398+0600][0.907s][info][gc,phases   ] GC(0) Y: Concurrent Reset Relocation Set 0.001ms
[2026-04-03T02:44:48.405+0600][0.913s][info][gc,reloc    ] GC(0) Y: Using tenuring threshold: 1 (Computed)
[2026-04-03T02:44:48.405+0600][0.914s][info][gc,phases   ] GC(0) Y: Concurrent Select Relocation Set 7.419ms
[2026-04-03T02:44:48.406+0600][0.914s][info][gc,phases   ] GC(0) Y: Pause Relocate Start 0.014ms
[2026-04-03T02:44:48.409+0600][0.918s][info][gc,phases   ] GC(0) Y: Concurrent Relocate 3.453ms
[2026-04-03T02:44:48.409+0600][0.918s][info][gc,alloc    ] GC(0) Y:                         Mark Start        Mark End      Relocate Start    Relocate End   
[2026-04-03T02:44:48.409+0600][0.918s][info][gc,alloc    ] GC(0) Y: Allocation Stalls:          0                0                0                0         
[2026-04-03T02:44:48.409+0600][0.918s][info][gc,load     ] GC(0) Y: Load: 5.87 (49%) / 5.52 (46%) / 5.61 (47%)
[2026-04-03T02:44:48.409+0600][0.918s][info][gc,mmu      ] GC(0) Y: MMU: 2ms/99.1%, 5ms/99.7%, 10ms/99.7%, 20ms/99.8%, 50ms/99.9%, 100ms/100.0%
[2026-04-03T02:44:48.409+0600][0.918s][info][gc,marking  ] GC(0) Y: Mark: 2 stripe(s), 2 proactive flush(es), 1 terminate flush(es), 0 completion(s), 0 continuation(s) 
[2026-04-03T02:44:48.409+0600][0.918s][info][gc,marking  ] GC(0) Y: Mark Stack Usage: 32M
[2026-04-03T02:44:48.409+0600][0.918s][info][gc,nmethod  ] GC(0) Y: NMethods: 1070 registered, 0 unregistered
[2026-04-03T02:44:48.409+0600][0.918s][info][gc,metaspace] GC(0) Y: Metaspace: 7M used, 7M committed, 1088M reserved
[2026-04-03T02:44:48.409+0600][0.918s][info][gc,reloc    ] GC(0) Y:                        Candidates     Selected     In-Place         Size        Empty    Relocated 
[2026-04-03T02:44:48.409+0600][0.918s][info][gc,reloc    ] GC(0) Y: Small Pages:                  101           98            0         202M           0M           1M 
[2026-04-03T02:44:48.409+0600][0.918s][info][gc,reloc    ] GC(0) Y: Medium Pages:                   0            0            0           0M           0M           0M 
[2026-04-03T02:44:48.409+0600][0.918s][info][gc,reloc    ] GC(0) Y: Large Pages:                    0            0            0           0M           0M           0M 
[2026-04-03T02:44:48.409+0600][0.918s][info][gc,reloc    ] GC(0) Y: Forwarding Usage: 0M
[2026-04-03T02:44:48.409+0600][0.918s][info][gc,reloc    ] GC(0) Y: Age Table:
[2026-04-03T02:44:48.409+0600][0.918s][info][gc,reloc    ] GC(0) Y:                    Live             Garbage             Small              Medium             Large        
[2026-04-03T02:44:48.409+0600][0.918s][info][gc,reloc    ] GC(0) Y: Eden               4M (0%)          197M (10%)        101 / 98             0 / 0              0 / 0        
[2026-04-03T02:44:48.409+0600][0.918s][info][gc,heap     ] GC(0) Y: Min Capacity: 8M(0%)
[2026-04-03T02:44:48.409+0600][0.918s][info][gc,heap     ] GC(0) Y: Max Capacity: 2000M(100%)
[2026-04-03T02:44:48.409+0600][0.918s][info][gc,heap     ] GC(0) Y: Soft Max Capacity: 2000M(100%)
[2026-04-03T02:44:48.409+0600][0.918s][info][gc,heap     ] GC(0) Y: Heap Statistics:
[2026-04-03T02:44:48.409+0600][0.918s][info][gc,heap     ] GC(0) Y:                Mark Start          Mark End        Relocate Start      Relocate End           High               Low         
[2026-04-03T02:44:48.409+0600][0.918s][info][gc,heap     ] GC(0) Y:  Capacity:      246M (12%)         246M (12%)         246M (12%)         246M (12%)         246M (12%)         246M (12%)    
[2026-04-03T02:44:48.409+0600][0.918s][info][gc,heap     ] GC(0) Y:      Free:     1798M (90%)        1794M (90%)        1794M (90%)        1982M (99%)        1982M (99%)        1784M (89%)    
[2026-04-03T02:44:48.409+0600][0.918s][info][gc,heap     ] GC(0) Y:      Used:      202M (10%)         206M (10%)         206M (10%)          18M (1%)          216M (11%)          18M (1%)     
[2026-04-03T02:44:48.409+0600][0.918s][info][gc,heap     ] GC(0) Y: Young Generation Statistics:
[2026-04-03T02:44:48.409+0600][0.918s][info][gc,heap     ] GC(0) Y:                Mark Start          Mark End        Relocate Start      Relocate End    
[2026-04-03T02:44:48.409+0600][0.918s][info][gc,heap     ] GC(0) Y:      Used:      202M (10%)         206M (10%)         206M (10%)          18M (1%)     
[2026-04-03T02:44:48.409+0600][0.918s][info][gc,heap     ] GC(0) Y:      Live:         -                 4M (0%)            4M (0%)            4M (0%)     
[2026-04-03T02:44:48.409+0600][0.918s][info][gc,heap     ] GC(0) Y:   Garbage:         -               197M (10%)         197M (10%)           1M (0%)     
[2026-04-03T02:44:48.409+0600][0.918s][info][gc,heap     ] GC(0) Y: Allocated:         -                 4M (0%)            4M (0%)           12M (1%)     
[2026-04-03T02:44:48.409+0600][0.918s][info][gc,heap     ] GC(0) Y: Reclaimed:         -                  -                 0M (0%)          196M (10%)    
[2026-04-03T02:44:48.409+0600][0.918s][info][gc,heap     ] GC(0) Y:  Promoted:         -                  -                 0M (0%)            0M (0%)     
[2026-04-03T02:44:48.409+0600][0.918s][info][gc,heap     ] GC(0) Y: Compacted:         -                  -                  -                 1M (0%)     
[2026-04-03T02:44:48.409+0600][0.918s][info][gc,phases   ] GC(0) Y: Young Generation 202M(10%)->18M(1%) 0.018s
[2026-04-03T02:44:48.409+0600][0.918s][info][gc,phases   ] GC(0) O: Old Generation
[2026-04-03T02:44:48.411+0600][0.919s][info][gc,phases   ] GC(0) O: Concurrent Mark 1.053ms
[2026-04-03T02:44:48.411+0600][0.919s][info][gc,phases   ] GC(0) O: Pause Mark End 0.018ms
[2026-04-03T02:44:48.411+0600][0.920s][info][gc,phases   ] GC(0) O: Concurrent Mark Free 0.036ms
[2026-04-03T02:44:48.413+0600][0.922s][info][gc,phases   ] GC(0) O: Concurrent Process Non-Strong 2.207ms
[2026-04-03T02:44:48.413+0600][0.922s][info][gc,phases   ] GC(0) O: Concurrent Reset Relocation Set 0.001ms
[2026-04-03T02:44:48.415+0600][0.924s][info][gc,phases   ] GC(0) O: Concurrent Select Relocation Set 1.629ms
[2026-04-03T02:44:48.415+0600][0.924s][info][gc,task     ] GC(0) O: Using 3 Workers for Old Generation
[2026-04-03T02:44:48.428+0600][0.937s][info][gc,task     ] GC(0) O: Using 2 Workers for Old Generation
[2026-04-03T02:44:48.428+0600][0.937s][info][gc,phases   ] GC(0) O: Concurrent Remap Roots 13.194ms
[2026-04-03T02:44:48.428+0600][0.937s][info][gc,phases   ] GC(0) O: Pause Relocate Start 0.052ms
[2026-04-03T02:44:48.429+0600][0.937s][info][gc,phases   ] GC(0) O: Concurrent Relocate 0.111ms
[2026-04-03T02:44:48.429+0600][0.937s][info][gc,alloc    ] GC(0) O:                         Mark Start        Mark End      Relocate Start    Relocate End   
[2026-04-03T02:44:48.429+0600][0.937s][info][gc,alloc    ] GC(0) O: Allocation Stalls:          0                0                0                0         
[2026-04-03T02:44:48.429+0600][0.937s][info][gc,load     ] GC(0) O: Load: 5.87 (49%) / 5.52 (46%) / 5.61 (47%)
[2026-04-03T02:44:48.429+0600][0.937s][info][gc,mmu      ] GC(0) O: MMU: 2ms/97.4%, 5ms/99.0%, 10ms/99.5%, 20ms/99.6%, 50ms/99.8%, 100ms/99.9%
[2026-04-03T02:44:48.429+0600][0.937s][info][gc,marking  ] GC(0) O: Mark: 2 stripe(s), 1 proactive flush(es), 1 terminate flush(es), 0 completion(s), 0 continuation(s) 
[2026-04-03T02:44:48.429+0600][0.937s][info][gc,marking  ] GC(0) O: Mark Stack Usage: 0M
[2026-04-03T02:44:48.429+0600][0.937s][info][gc,nmethod  ] GC(0) O: NMethods: 988 registered, 89 unregistered
[2026-04-03T02:44:48.429+0600][0.937s][info][gc,metaspace] GC(0) O: Metaspace: 7M used, 7M committed, 1088M reserved
[2026-04-03T02:44:48.429+0600][0.937s][info][gc,ref      ] GC(0) O:                       Encountered   Discovered     Enqueued 
[2026-04-03T02:44:48.429+0600][0.937s][info][gc,ref      ] GC(0) O: Soft References:              188            0            0 
[2026-04-03T02:44:48.429+0600][0.937s][info][gc,ref      ] GC(0) O: Weak References:              673            0            0 
[2026-04-03T02:44:48.429+0600][0.937s][info][gc,ref      ] GC(0) O: Final References:               0            0            0 
[2026-04-03T02:44:48.429+0600][0.937s][info][gc,ref      ] GC(0) O: Phantom References:            25            0            0 
[2026-04-03T02:44:48.429+0600][0.937s][info][gc,heap     ] GC(0) O: Min Capacity: 8M(0%)
[2026-04-03T02:44:48.429+0600][0.937s][info][gc,heap     ] GC(0) O: Max Capacity: 2000M(100%)
[2026-04-03T02:44:48.429+0600][0.937s][info][gc,heap     ] GC(0) O: Soft Max Capacity: 2000M(100%)
[2026-04-03T02:44:48.429+0600][0.937s][info][gc,heap     ] GC(0) O: Heap Statistics:
[2026-04-03T02:44:48.429+0600][0.937s][info][gc,heap     ] GC(0) O:                Mark Start          Mark End        Relocate Start      Relocate End           High               Low         
[2026-04-03T02:44:48.429+0600][0.937s][info][gc,heap     ] GC(0) O:  Capacity:      246M (12%)         246M (12%)         246M (12%)         246M (12%)         246M (12%)         246M (12%)    
[2026-04-03T02:44:48.429+0600][0.938s][info][gc,heap     ] GC(0) O:      Free:     1798M (90%)        1982M (99%)        1976M (99%)        1976M (99%)        1982M (99%)        1784M (89%)    
[2026-04-03T02:44:48.429+0600][0.938s][info][gc,heap     ] GC(0) O:      Used:      202M (10%)          18M (1%)           24M (1%)           24M (1%)          216M (11%)          18M (1%)     
[2026-04-03T02:44:48.429+0600][0.938s][info][gc,heap     ] GC(0) O: Old Generation Statistics:
[2026-04-03T02:44:48.429+0600][0.938s][info][gc,heap     ] GC(0) O:                Mark Start          Mark End        Relocate Start      Relocate End    
[2026-04-03T02:44:48.429+0600][0.938s][info][gc,heap     ] GC(0) O:      Used:        0M (0%)            0M (0%)            0M (0%)            0M (0%)     
[2026-04-03T02:44:48.429+0600][0.938s][info][gc,heap     ] GC(0) O:      Live:         -                 0M (0%)            0M (0%)            0M (0%)     
[2026-04-03T02:44:48.429+0600][0.938s][info][gc,heap     ] GC(0) O:   Garbage:         -                 0M (0%)            0M (0%)            0M (0%)     
[2026-04-03T02:44:48.429+0600][0.938s][info][gc,heap     ] GC(0) O: Allocated:         -                 0M (0%)            0M (0%)            0M (0%)     
[2026-04-03T02:44:48.429+0600][0.938s][info][gc,heap     ] GC(0) O: Reclaimed:         -                  -                 0M (0%)            0M (0%)     
[2026-04-03T02:44:48.429+0600][0.938s][info][gc,heap     ] GC(0) O: Compacted:         -                  -                  -                 0M (0%)     
[2026-04-03T02:44:48.429+0600][0.938s][info][gc,phases   ] GC(0) O: Old Generation 18M(1%)->24M(1%) 0.019s
[2026-04-03T02:44:48.429+0600][0.938s][info][gc          ] GC(0) Major Collection (Warmup) 202M(10%)->24M(1%) 0.038s
[2026-04-03T02:44:51.583+0600][4.092s][info][gc          ] GC(1) Major Collection (Metadata GC Threshold)
[2026-04-03T02:44:51.583+0600][4.092s][info][gc,task     ] GC(1) Using 1 Workers for Young Generation
[2026-04-03T02:44:51.583+0600][4.092s][info][gc,task     ] GC(1) Using 1 Workers for Old Generation
[2026-04-03T02:44:51.583+0600][4.092s][info][gc,phases   ] GC(1) Y: Young Generation
[2026-04-03T02:44:51.584+0600][4.092s][info][gc,phases   ] GC(1) Y: Pause Mark Start (Major) 0.021ms
[2026-04-03T02:44:51.614+0600][4.122s][info][gc,phases   ] GC(1) Y: Concurrent Mark 29.919ms
[2026-04-03T02:44:51.614+0600][4.123s][info][gc,phases   ] GC(1) Y: Pause Mark End 0.020ms
[2026-04-03T02:44:51.614+0600][4.123s][info][gc,phases   ] GC(1) Y: Concurrent Mark Free 0.002ms
[2026-04-03T02:44:51.614+0600][4.123s][info][gc,phases   ] GC(1) Y: Concurrent Reset Relocation Set 0.007ms
[2026-04-03T02:44:51.616+0600][4.125s][info][gc,reloc    ] GC(1) Y: Using tenuring threshold: 2 (Computed)
[2026-04-03T02:44:51.619+0600][4.128s][info][gc,phases   ] GC(1) Y: Concurrent Select Relocation Set 5.232ms
[2026-04-03T02:44:51.619+0600][4.128s][info][gc,phases   ] GC(1) Y: Pause Relocate Start 0.015ms
[2026-04-03T02:44:51.634+0600][4.143s][info][gc,phases   ] GC(1) Y: Concurrent Relocate 14.930ms
[2026-04-03T02:44:51.634+0600][4.143s][info][gc,alloc    ] GC(1) Y:                         Mark Start        Mark End      Relocate Start    Relocate End   
[2026-04-03T02:44:51.634+0600][4.143s][info][gc,alloc    ] GC(1) Y: Allocation Stalls:          0                0                0                0         
[2026-04-03T02:44:51.634+0600][4.143s][info][gc,load     ] GC(1) Y: Load: 5.48 (46%) / 5.44 (45%) / 5.58 (47%)
[2026-04-03T02:44:51.634+0600][4.143s][info][gc,mmu      ] GC(1) Y: MMU: 2ms/97.4%, 5ms/99.0%, 10ms/99.5%, 20ms/99.6%, 50ms/99.8%, 100ms/99.9%
[2026-04-03T02:44:51.634+0600][4.143s][info][gc,marking  ] GC(1) Y: Mark: 1 stripe(s), 2 proactive flush(es), 1 terminate flush(es), 0 completion(s), 0 continuation(s) 
[2026-04-03T02:44:51.635+0600][4.143s][info][gc,marking  ] GC(1) Y: Mark Stack Usage: 32M
[2026-04-03T02:44:51.635+0600][4.143s][info][gc,nmethod  ] GC(1) Y: NMethods: 1930 registered, 0 unregistered
[2026-04-03T02:44:51.635+0600][4.143s][info][gc,metaspace] GC(1) Y: Metaspace: 21M used, 21M committed, 1088M reserved
[2026-04-03T02:44:51.635+0600][4.143s][info][gc,reloc    ] GC(1) Y:                        Candidates     Selected     In-Place         Size        Empty    Relocated 
[2026-04-03T02:44:51.635+0600][4.143s][info][gc,reloc    ] GC(1) Y: Small Pages:                  155          146            0         310M           0M           8M 
[2026-04-03T02:44:51.635+0600][4.143s][info][gc,reloc    ] GC(1) Y: Medium Pages:                   1            0            0          32M           0M           0M 
[2026-04-03T02:44:51.635+0600][4.143s][info][gc,reloc    ] GC(1) Y: Large Pages:                    0            0            0           0M           0M           0M 
[2026-04-03T02:44:51.635+0600][4.143s][info][gc,reloc    ] GC(1) Y: Forwarding Usage: 2M
[2026-04-03T02:44:51.635+0600][4.143s][info][gc,reloc    ] GC(1) Y: Age Table:
[2026-04-03T02:44:51.635+0600][4.143s][info][gc,reloc    ] GC(1) Y:                    Live             Garbage             Small              Medium             Large        
[2026-04-03T02:44:51.635+0600][4.143s][info][gc,reloc    ] GC(1) Y: Eden              15M (1%)          312M (16%)        148 / 142            1 / 0              0 / 0        
[2026-04-03T02:44:51.635+0600][4.143s][info][gc,reloc    ] GC(1) Y: Survivor 1         3M (0%)           10M (1%)           7 / 4              0 / 0              0 / 0        
[2026-04-03T02:44:51.635+0600][4.143s][info][gc,heap     ] GC(1) Y: Min Capacity: 8M(0%)
[2026-04-03T02:44:51.635+0600][4.143s][info][gc,heap     ] GC(1) Y: Max Capacity: 2000M(100%)
[2026-04-03T02:44:51.635+0600][4.143s][info][gc,heap     ] GC(1) Y: Soft Max Capacity: 2000M(100%)
[2026-04-03T02:44:51.635+0600][4.143s][info][gc,heap     ] GC(1) Y: Heap Statistics:
[2026-04-03T02:44:51.635+0600][4.143s][info][gc,heap     ] GC(1) Y:                Mark Start          Mark End        Relocate Start      Relocate End           High               Low         
[2026-04-03T02:44:51.635+0600][4.143s][info][gc,heap     ] GC(1) Y:  Capacity:      342M (17%)         346M (17%)         346M (17%)         352M (18%)         352M (18%)         342M (17%)    
[2026-04-03T02:44:51.635+0600][4.143s][info][gc,heap     ] GC(1) Y:      Free:     1658M (83%)        1654M (83%)        1654M (83%)        1942M (97%)        1942M (97%)        1648M (82%)    
[2026-04-03T02:44:51.635+0600][4.143s][info][gc,heap     ] GC(1) Y:      Used:      342M (17%)         346M (17%)         346M (17%)          58M (3%)          352M (18%)          58M (3%)     
[2026-04-03T02:44:51.635+0600][4.143s][info][gc,heap     ] GC(1) Y: Young Generation Statistics:
[2026-04-03T02:44:51.635+0600][4.143s][info][gc,heap     ] GC(1) Y:                Mark Start          Mark End        Relocate Start      Relocate End    
[2026-04-03T02:44:51.635+0600][4.143s][info][gc,heap     ] GC(1) Y:      Used:      342M (17%)         346M (17%)         346M (17%)          58M (3%)     
[2026-04-03T02:44:51.635+0600][4.143s][info][gc,heap     ] GC(1) Y:      Live:         -                19M (1%)           19M (1%)           19M (1%)     
[2026-04-03T02:44:51.635+0600][4.143s][info][gc,heap     ] GC(1) Y:   Garbage:         -               322M (16%)         322M (16%)          28M (1%)     
[2026-04-03T02:44:51.635+0600][4.143s][info][gc,heap     ] GC(1) Y: Allocated:         -                 4M (0%)            4M (0%)           10M (1%)     
[2026-04-03T02:44:51.635+0600][4.143s][info][gc,heap     ] GC(1) Y: Reclaimed:         -                  -                 0M (0%)          294M (15%)    
[2026-04-03T02:44:51.635+0600][4.143s][info][gc,heap     ] GC(1) Y:  Promoted:         -                  -                 0M (0%)            0M (0%)     
[2026-04-03T02:44:51.635+0600][4.144s][info][gc,heap     ] GC(1) Y: Compacted:         -                  -                  -                11M (1%)     
[2026-04-03T02:44:51.635+0600][4.144s][info][gc,phases   ] GC(1) Y: Young Generation 342M(17%)->58M(3%) 0.051s
[2026-04-03T02:44:51.635+0600][4.144s][info][gc,phases   ] GC(1) O: Old Generation
[2026-04-03T02:44:51.636+0600][4.145s][info][gc,phases   ] GC(1) O: Concurrent Mark 1.615ms
[2026-04-03T02:44:51.637+0600][4.145s][info][gc,phases   ] GC(1) O: Pause Mark End 0.020ms
[2026-04-03T02:44:51.637+0600][4.146s][info][gc,phases   ] GC(1) O: Concurrent Mark Free 0.001ms
[2026-04-03T02:44:51.643+0600][4.152s][info][gc,phases   ] GC(1) O: Concurrent Process Non-Strong 6.436ms
[2026-04-03T02:44:51.643+0600][4.152s][info][gc,phases   ] GC(1) O: Concurrent Reset Relocation Set 0.001ms
[2026-04-03T02:44:51.645+0600][4.154s][info][gc,phases   ] GC(1) O: Concurrent Select Relocation Set 1.679ms
[2026-04-03T02:44:51.645+0600][4.154s][info][gc,task     ] GC(1) O: Using 2 Workers for Old Generation
[2026-04-03T02:44:51.665+0600][4.174s][info][gc,task     ] GC(1) O: Using 1 Workers for Old Generation
[2026-04-03T02:44:51.665+0600][4.174s][info][gc,phases   ] GC(1) O: Concurrent Remap Roots 19.874ms
[2026-04-03T02:44:51.665+0600][4.174s][info][gc,phases   ] GC(1) O: Pause Relocate Start 0.017ms
[2026-04-03T02:44:51.665+0600][4.174s][info][gc,phases   ] GC(1) O: Concurrent Relocate 0.131ms
[2026-04-03T02:44:51.665+0600][4.174s][info][gc,alloc    ] GC(1) O:                         Mark Start        Mark End      Relocate Start    Relocate End   
[2026-04-03T02:44:51.665+0600][4.174s][info][gc,alloc    ] GC(1) O: Allocation Stalls:          0                0                0                0         
[2026-04-03T02:44:51.665+0600][4.174s][info][gc,load     ] GC(1) O: Load: 5.48 (46%) / 5.44 (45%) / 5.58 (47%)
[2026-04-03T02:44:51.666+0600][4.174s][info][gc,mmu      ] GC(1) O: MMU: 2ms/97.4%, 5ms/99.0%, 10ms/99.5%, 20ms/99.6%, 50ms/99.8%, 100ms/99.9%
[2026-04-03T02:44:51.666+0600][4.174s][info][gc,marking  ] GC(1) O: Mark: 1 stripe(s), 1 proactive flush(es), 1 terminate flush(es), 0 completion(s), 0 continuation(s) 
[2026-04-03T02:44:51.666+0600][4.174s][info][gc,marking  ] GC(1) O: Mark Stack Usage: 0M
[2026-04-03T02:44:51.666+0600][4.174s][info][gc,nmethod  ] GC(1) O: NMethods: 1805 registered, 179 unregistered
[2026-04-03T02:44:51.666+0600][4.174s][info][gc,metaspace] GC(1) O: Metaspace: 21M used, 21M committed, 1088M reserved
[2026-04-03T02:44:51.666+0600][4.174s][info][gc,ref      ] GC(1) O:                       Encountered   Discovered     Enqueued 
[2026-04-03T02:44:51.666+0600][4.174s][info][gc,ref      ] GC(1) O: Soft References:             3500            0            0 
[2026-04-03T02:44:51.666+0600][4.174s][info][gc,ref      ] GC(1) O: Weak References:             1468            0            0 
[2026-04-03T02:44:51.666+0600][4.174s][info][gc,ref      ] GC(1) O: Final References:               0            0            0 
[2026-04-03T02:44:51.666+0600][4.174s][info][gc,ref      ] GC(1) O: Phantom References:           563            0            0 
[2026-04-03T02:44:51.666+0600][4.174s][info][gc,heap     ] GC(1) O: Min Capacity: 8M(0%)
[2026-04-03T02:44:51.666+0600][4.174s][info][gc,heap     ] GC(1) O: Max Capacity: 2000M(100%)
[2026-04-03T02:44:51.666+0600][4.174s][info][gc,heap     ] GC(1) O: Soft Max Capacity: 2000M(100%)
[2026-04-03T02:44:51.666+0600][4.174s][info][gc,heap     ] GC(1) O: Heap Statistics:
[2026-04-03T02:44:51.666+0600][4.174s][info][gc,heap     ] GC(1) O:                Mark Start          Mark End        Relocate Start      Relocate End           High               Low         
[2026-04-03T02:44:51.666+0600][4.174s][info][gc,heap     ] GC(1) O:  Capacity:      342M (17%)         352M (18%)         352M (18%)         352M (18%)         352M (18%)         342M (17%)    
[2026-04-03T02:44:51.666+0600][4.174s][info][gc,heap     ] GC(1) O:      Free:     1658M (83%)        1942M (97%)        1940M (97%)        1940M (97%)        1942M (97%)        1648M (82%)    
[2026-04-03T02:44:51.666+0600][4.174s][info][gc,heap     ] GC(1) O:      Used:      342M (17%)          58M (3%)           60M (3%)           60M (3%)          352M (18%)          58M (3%)     
[2026-04-03T02:44:51.666+0600][4.174s][info][gc,heap     ] GC(1) O: Old Generation Statistics:
[2026-04-03T02:44:51.666+0600][4.174s][info][gc,heap     ] GC(1) O:                Mark Start          Mark End        Relocate Start      Relocate End    
[2026-04-03T02:44:51.666+0600][4.174s][info][gc,heap     ] GC(1) O:      Used:        0M (0%)            0M (0%)            0M (0%)            0M (0%)     
[2026-04-03T02:44:51.666+0600][4.174s][info][gc,heap     ] GC(1) O:      Live:         -                 0M (0%)            0M (0%)            0M (0%)     
[2026-04-03T02:44:51.666+0600][4.174s][info][gc,heap     ] GC(1) O:   Garbage:         -                 0M (0%)            0M (0%)            0M (0%)     
[2026-04-03T02:44:51.666+0600][4.174s][info][gc,heap     ] GC(1) O: Allocated:         -                 0M (0%)            0M (0%)            0M (0%)     
[2026-04-03T02:44:51.666+0600][4.174s][info][gc,heap     ] GC(1) O: Reclaimed:         -                  -                 0M (0%)            0M (0%)     
[2026-04-03T02:44:51.666+0600][4.174s][info][gc,heap     ] GC(1) O: Compacted:         -                  -                  -                 0M (0%)     
[2026-04-03T02:44:51.666+0600][4.174s][info][gc,phases   ] GC(1) O: Old Generation 58M(3%)->60M(3%) 0.031s
[2026-04-03T02:44:51.666+0600][4.175s][info][gc          ] GC(1) Major Collection (Metadata GC Threshold) 342M(17%)->60M(3%) 0.083s
[2026-04-03T02:44:54.417+0600][6.926s][info][gc          ] GC(2) Major Collection (Metadata GC Threshold)
[2026-04-03T02:44:54.417+0600][6.926s][info][gc,task     ] GC(2) Using 1 Workers for Young Generation
[2026-04-03T02:44:54.417+0600][6.926s][info][gc,task     ] GC(2) Using 1 Workers for Old Generation
[2026-04-03T02:44:54.417+0600][6.926s][info][gc,phases   ] GC(2) Y: Young Generation
[2026-04-03T02:44:54.417+0600][6.926s][info][gc,phases   ] GC(2) Y: Pause Mark Start (Major) 0.019ms
[2026-04-03T02:44:54.465+0600][6.974s][info][gc,phases   ] GC(2) Y: Concurrent Mark 47.993ms
[2026-04-03T02:44:54.465+0600][6.974s][info][gc,phases   ] GC(2) Y: Pause Mark End 0.019ms
[2026-04-03T02:44:54.466+0600][6.974s][info][gc,phases   ] GC(2) Y: Concurrent Mark Free 0.002ms
[2026-04-03T02:44:54.466+0600][6.974s][info][gc,phases   ] GC(2) Y: Concurrent Reset Relocation Set 0.012ms
[2026-04-03T02:44:54.467+0600][6.976s][info][gc,reloc    ] GC(2) Y: Using tenuring threshold: 3 (Computed)
[2026-04-03T02:44:54.469+0600][6.977s][info][gc,phases   ] GC(2) Y: Concurrent Select Relocation Set 2.786ms
[2026-04-03T02:44:54.469+0600][6.978s][info][gc,phases   ] GC(2) Y: Pause Relocate Start 0.017ms
[2026-04-03T02:44:54.480+0600][6.989s][info][gc,phases   ] GC(2) Y: Concurrent Relocate 11.455ms
[2026-04-03T02:44:54.481+0600][6.989s][info][gc,alloc    ] GC(2) Y:                         Mark Start        Mark End      Relocate Start    Relocate End   
[2026-04-03T02:44:54.481+0600][6.989s][info][gc,alloc    ] GC(2) Y: Allocation Stalls:          0                0                0                0         
[2026-04-03T02:44:54.481+0600][6.989s][info][gc,load     ] GC(2) Y: Load: 5.48 (46%) / 5.44 (45%) / 5.58 (47%)
[2026-04-03T02:44:54.481+0600][6.989s][info][gc,mmu      ] GC(2) Y: MMU: 2ms/97.4%, 5ms/99.0%, 10ms/99.5%, 20ms/99.6%, 50ms/99.8%, 100ms/99.9%
[2026-04-03T02:44:54.481+0600][6.989s][info][gc,marking  ] GC(2) Y: Mark: 1 stripe(s), 2 proactive flush(es), 1 terminate flush(es), 0 completion(s), 0 continuation(s) 
[2026-04-03T02:44:54.481+0600][6.989s][info][gc,marking  ] GC(2) Y: Mark Stack Usage: 32M
[2026-04-03T02:44:54.481+0600][6.989s][info][gc,nmethod  ] GC(2) Y: NMethods: 2726 registered, 0 unregistered
[2026-04-03T02:44:54.481+0600][6.989s][info][gc,metaspace] GC(2) Y: Metaspace: 36M used, 36M committed, 1088M reserved
[2026-04-03T02:44:54.481+0600][6.989s][info][gc,reloc    ] GC(2) Y:                        Candidates     Selected     In-Place         Size        Empty    Relocated 
[2026-04-03T02:44:54.481+0600][6.989s][info][gc,reloc    ] GC(2) Y: Small Pages:                   89           77            0         178M           2M           6M 
[2026-04-03T02:44:54.481+0600][6.989s][info][gc,reloc    ] GC(2) Y: Medium Pages:                   2            0            0          64M          32M           0M 
[2026-04-03T02:44:54.481+0600][6.989s][info][gc,reloc    ] GC(2) Y: Large Pages:                    0            0            0           0M           0M           0M 
[2026-04-03T02:44:54.481+0600][6.989s][info][gc,reloc    ] GC(2) Y: Forwarding Usage: 2M
[2026-04-03T02:44:54.481+0600][6.989s][info][gc,reloc    ] GC(2) Y: Age Table:
[2026-04-03T02:44:54.481+0600][6.989s][info][gc,reloc    ] GC(2) Y:                    Live             Garbage             Small              Medium             Large        
[2026-04-03T02:44:54.481+0600][6.989s][info][gc,reloc    ] GC(2) Y: Eden               5M (0%)          182M (9%)          78 / 73             1 / 0              0 / 0        
[2026-04-03T02:44:54.481+0600][6.989s][info][gc,reloc    ] GC(2) Y: Survivor 1        15M (1%)           28M (1%)           6 / 0              1 / 0              0 / 0        
[2026-04-03T02:44:54.481+0600][6.989s][info][gc,reloc    ] GC(2) Y: Survivor 2         3M (0%)            6M (0%)           5 / 4              0 / 0              0 / 0        
[2026-04-03T02:44:54.481+0600][6.989s][info][gc,heap     ] GC(2) Y: Min Capacity: 8M(0%)
[2026-04-03T02:44:54.481+0600][6.989s][info][gc,heap     ] GC(2) Y: Max Capacity: 2000M(100%)
[2026-04-03T02:44:54.481+0600][6.989s][info][gc,heap     ] GC(2) Y: Soft Max Capacity: 2000M(100%)
[2026-04-03T02:44:54.481+0600][6.989s][info][gc,heap     ] GC(2) Y: Heap Statistics:
[2026-04-03T02:44:54.481+0600][6.989s][info][gc,heap     ] GC(2) Y:                Mark Start          Mark End        Relocate Start      Relocate End           High               Low         
[2026-04-03T02:44:54.481+0600][6.989s][info][gc,heap     ] GC(2) Y:  Capacity:      384M (19%)         384M (19%)         384M (19%)         384M (19%)         384M (19%)         384M (19%)    
[2026-04-03T02:44:54.481+0600][6.989s][info][gc,heap     ] GC(2) Y:      Free:     1758M (88%)        1748M (87%)        1782M (89%)        1924M (96%)        1924M (96%)        1748M (87%)    
[2026-04-03T02:44:54.481+0600][6.989s][info][gc,heap     ] GC(2) Y:      Used:      242M (12%)         252M (13%)         218M (11%)          76M (4%)          252M (13%)          76M (4%)     
[2026-04-03T02:44:54.481+0600][6.989s][info][gc,heap     ] GC(2) Y: Young Generation Statistics:
[2026-04-03T02:44:54.481+0600][6.989s][info][gc,heap     ] GC(2) Y:                Mark Start          Mark End        Relocate Start      Relocate End    
[2026-04-03T02:44:54.481+0600][6.989s][info][gc,heap     ] GC(2) Y:      Used:      242M (12%)         252M (13%)         218M (11%)          76M (4%)     
[2026-04-03T02:44:54.481+0600][6.989s][info][gc,heap     ] GC(2) Y:      Live:         -                24M (1%)           24M (1%)           24M (1%)     
[2026-04-03T02:44:54.481+0600][6.989s][info][gc,heap     ] GC(2) Y:   Garbage:         -               217M (11%)         183M (9%)           27M (1%)     
[2026-04-03T02:44:54.481+0600][6.989s][info][gc,heap     ] GC(2) Y: Allocated:         -                10M (0%)           10M (0%)           23M (1%)     
[2026-04-03T02:44:54.481+0600][6.989s][info][gc,heap     ] GC(2) Y: Reclaimed:         -                  -                34M (2%)          189M (9%)     
[2026-04-03T02:44:54.481+0600][6.989s][info][gc,heap     ] GC(2) Y:  Promoted:         -                  -                 0M (0%)            0M (0%)     
[2026-04-03T02:44:54.481+0600][6.989s][info][gc,heap     ] GC(2) Y: Compacted:         -                  -                  -                10M (1%)     
[2026-04-03T02:44:54.481+0600][6.989s][info][gc,phases   ] GC(2) Y: Young Generation 242M(12%)->76M(4%) 0.064s
[2026-04-03T02:44:54.481+0600][6.990s][info][gc,phases   ] GC(2) O: Old Generation
[2026-04-03T02:44:54.482+0600][6.991s][info][gc,phases   ] GC(2) O: Concurrent Mark 1.299ms
[2026-04-03T02:44:54.482+0600][6.991s][info][gc,phases   ] GC(2) O: Pause Mark End 0.016ms
[2026-04-03T02:44:54.482+0600][6.991s][info][gc,phases   ] GC(2) O: Concurrent Mark Free 0.002ms
[2026-04-03T02:44:54.490+0600][6.999s][info][gc,phases   ] GC(2) O: Concurrent Process Non-Strong 7.970ms
[2026-04-03T02:44:54.490+0600][6.999s][info][gc,phases   ] GC(2) O: Concurrent Reset Relocation Set 0.001ms
[2026-04-03T02:44:54.492+0600][7.001s][info][gc,phases   ] GC(2) O: Concurrent Select Relocation Set 1.593ms
[2026-04-03T02:44:54.492+0600][7.001s][info][gc,task     ] GC(2) O: Using 2 Workers for Old Generation
[2026-04-03T02:44:54.513+0600][7.022s][info][gc,task     ] GC(2) O: Using 1 Workers for Old Generation
[2026-04-03T02:44:54.513+0600][7.022s][info][gc,phases   ] GC(2) O: Concurrent Remap Roots 20.833ms
[2026-04-03T02:44:54.513+0600][7.022s][info][gc,phases   ] GC(2) O: Pause Relocate Start 0.018ms
[2026-04-03T02:44:54.514+0600][7.023s][info][gc,phases   ] GC(2) O: Concurrent Relocate 0.388ms
[2026-04-03T02:44:54.514+0600][7.023s][info][gc,alloc    ] GC(2) O:                         Mark Start        Mark End      Relocate Start    Relocate End   
[2026-04-03T02:44:54.514+0600][7.023s][info][gc,alloc    ] GC(2) O: Allocation Stalls:          0                0                0                0         
[2026-04-03T02:44:54.514+0600][7.023s][info][gc,load     ] GC(2) O: Load: 5.48 (46%) / 5.44 (45%) / 5.58 (47%)
[2026-04-03T02:44:54.514+0600][7.023s][info][gc,mmu      ] GC(2) O: MMU: 2ms/97.4%, 5ms/99.0%, 10ms/99.5%, 20ms/99.6%, 50ms/99.8%, 100ms/99.9%
[2026-04-03T02:44:54.514+0600][7.023s][info][gc,marking  ] GC(2) O: Mark: 1 stripe(s), 1 proactive flush(es), 1 terminate flush(es), 0 completion(s), 0 continuation(s) 
[2026-04-03T02:44:54.514+0600][7.023s][info][gc,marking  ] GC(2) O: Mark Stack Usage: 0M
[2026-04-03T02:44:54.514+0600][7.023s][info][gc,nmethod  ] GC(2) O: NMethods: 2538 registered, 191 unregistered
[2026-04-03T02:44:54.514+0600][7.023s][info][gc,metaspace] GC(2) O: Metaspace: 36M used, 36M committed, 1088M reserved
[2026-04-03T02:44:54.514+0600][7.023s][info][gc,ref      ] GC(2) O:                       Encountered   Discovered     Enqueued 
[2026-04-03T02:44:54.514+0600][7.023s][info][gc,ref      ] GC(2) O: Soft References:             3877            0            0 
[2026-04-03T02:44:54.514+0600][7.023s][info][gc,ref      ] GC(2) O: Weak References:             3013            0            0 
[2026-04-03T02:44:54.514+0600][7.023s][info][gc,ref      ] GC(2) O: Final References:              80            0            0 
[2026-04-03T02:44:54.514+0600][7.023s][info][gc,ref      ] GC(2) O: Phantom References:           569            0            0 
[2026-04-03T02:44:54.514+0600][7.023s][info][gc,heap     ] GC(2) O: Min Capacity: 8M(0%)
[2026-04-03T02:44:54.514+0600][7.023s][info][gc,heap     ] GC(2) O: Max Capacity: 2000M(100%)
[2026-04-03T02:44:54.514+0600][7.023s][info][gc,heap     ] GC(2) O: Soft Max Capacity: 2000M(100%)
[2026-04-03T02:44:54.514+0600][7.023s][info][gc,heap     ] GC(2) O: Heap Statistics:
[2026-04-03T02:44:54.514+0600][7.023s][info][gc,heap     ] GC(2) O:                Mark Start          Mark End        Relocate Start      Relocate End           High               Low         
[2026-04-03T02:44:54.514+0600][7.023s][info][gc,heap     ] GC(2) O:  Capacity:      384M (19%)         384M (19%)         384M (19%)         384M (19%)         384M (19%)         384M (19%)    
[2026-04-03T02:44:54.514+0600][7.023s][info][gc,heap     ] GC(2) O:      Free:     1758M (88%)        1924M (96%)        1924M (96%)        1924M (96%)        1924M (96%)        1748M (87%)    
[2026-04-03T02:44:54.514+0600][7.023s][info][gc,heap     ] GC(2) O:      Used:      242M (12%)          76M (4%)           76M (4%)           76M (4%)          252M (13%)          76M (4%)     
[2026-04-03T02:44:54.514+0600][7.023s][info][gc,heap     ] GC(2) O: Old Generation Statistics:
[2026-04-03T02:44:54.514+0600][7.023s][info][gc,heap     ] GC(2) O:                Mark Start          Mark End        Relocate Start      Relocate End    
[2026-04-03T02:44:54.514+0600][7.023s][info][gc,heap     ] GC(2) O:      Used:        0M (0%)            0M (0%)            0M (0%)            0M (0%)     
[2026-04-03T02:44:54.514+0600][7.023s][info][gc,heap     ] GC(2) O:      Live:         -                 0M (0%)            0M (0%)            0M (0%)     
[2026-04-03T02:44:54.514+0600][7.023s][info][gc,heap     ] GC(2) O:   Garbage:         -                 0M (0%)            0M (0%)            0M (0%)     
[2026-04-03T02:44:54.514+0600][7.023s][info][gc,heap     ] GC(2) O: Allocated:         -                 0M (0%)            0M (0%)            0M (0%)     
[2026-04-03T02:44:54.514+0600][7.023s][info][gc,heap     ] GC(2) O: Reclaimed:         -                  -                 0M (0%)            0M (0%)     
[2026-04-03T02:44:54.514+0600][7.023s][info][gc,heap     ] GC(2) O: Compacted:         -                  -                  -                 0M (0%)     
[2026-04-03T02:44:54.514+0600][7.023s][info][gc,phases   ] GC(2) O: Old Generation 76M(4%)->76M(4%) 0.033s
[2026-04-03T02:44:54.514+0600][7.023s][info][gc          ] GC(2) Major Collection (Metadata GC Threshold) 242M(12%)->76M(4%) 0.097s
[2026-04-03T02:44:58.796+0600][11.305s][info][gc          ] GC(3) Major Collection (Metadata GC Threshold)
[2026-04-03T02:44:58.796+0600][11.305s][info][gc,task     ] GC(3) Using 1 Workers for Young Generation
[2026-04-03T02:44:58.796+0600][11.305s][info][gc,task     ] GC(3) Using 1 Workers for Old Generation
[2026-04-03T02:44:58.796+0600][11.305s][info][gc,phases   ] GC(3) Y: Young Generation
[2026-04-03T02:44:58.796+0600][11.305s][info][gc,phases   ] GC(3) Y: Pause Mark Start (Major) 0.017ms
[2026-04-03T02:44:58.889+0600][11.397s][info][gc,phases   ] GC(3) Y: Concurrent Mark 92.173ms
[2026-04-03T02:44:58.889+0600][11.398s][info][gc,phases   ] GC(3) Y: Pause Mark End 0.021ms
[2026-04-03T02:44:58.889+0600][11.398s][info][gc,phases   ] GC(3) Y: Concurrent Mark Free 0.002ms
[2026-04-03T02:44:58.889+0600][11.398s][info][gc,phases   ] GC(3) Y: Concurrent Reset Relocation Set 0.009ms
[2026-04-03T02:44:58.894+0600][11.403s][info][gc,reloc    ] GC(3) Y: Using tenuring threshold: 4 (Computed)
[2026-04-03T02:44:58.896+0600][11.404s][info][gc,phases   ] GC(3) Y: Concurrent Select Relocation Set 6.289ms
[2026-04-03T02:44:58.896+0600][11.405s][info][gc,phases   ] GC(3) Y: Pause Relocate Start 0.016ms
[2026-04-03T02:44:58.936+0600][11.445s][info][gc,phases   ] GC(3) Y: Concurrent Relocate 39.888ms
[2026-04-03T02:44:58.936+0600][11.445s][info][gc,alloc    ] GC(3) Y:                         Mark Start        Mark End      Relocate Start    Relocate End   
[2026-04-03T02:44:58.936+0600][11.445s][info][gc,alloc    ] GC(3) Y: Allocation Stalls:          0                0                0                0         
[2026-04-03T02:44:58.936+0600][11.445s][info][gc,load     ] GC(3) Y: Load: 5.12 (43%) / 5.37 (45%) / 5.56 (46%)
[2026-04-03T02:44:58.936+0600][11.445s][info][gc,mmu      ] GC(3) Y: MMU: 2ms/97.4%, 5ms/99.0%, 10ms/99.5%, 20ms/99.6%, 50ms/99.8%, 100ms/99.9%
[2026-04-03T02:44:58.936+0600][11.445s][info][gc,marking  ] GC(3) Y: Mark: 1 stripe(s), 2 proactive flush(es), 1 terminate flush(es), 0 completion(s), 0 continuation(s) 
[2026-04-03T02:44:58.936+0600][11.445s][info][gc,marking  ] GC(3) Y: Mark Stack Usage: 32M
[2026-04-03T02:44:58.936+0600][11.445s][info][gc,nmethod  ] GC(3) Y: NMethods: 4130 registered, 191 unregistered
[2026-04-03T02:44:58.936+0600][11.445s][info][gc,metaspace] GC(3) Y: Metaspace: 61M used, 62M committed, 1088M reserved
[2026-04-03T02:44:58.936+0600][11.445s][info][gc,reloc    ] GC(3) Y:                        Candidates     Selected     In-Place         Size        Empty    Relocated 
[2026-04-03T02:44:58.936+0600][11.445s][info][gc,reloc    ] GC(3) Y: Small Pages:                  122          105            0         244M           0M          10M 
[2026-04-03T02:44:58.936+0600][11.445s][info][gc,reloc    ] GC(3) Y: Medium Pages:                   2            1            0          64M           0M           5M 
[2026-04-03T02:44:58.936+0600][11.445s][info][gc,reloc    ] GC(3) Y: Large Pages:                    0            0            0           0M           0M           0M 
[2026-04-03T02:44:58.936+0600][11.445s][info][gc,reloc    ] GC(3) Y: Forwarding Usage: 3M
[2026-04-03T02:44:58.936+0600][11.445s][info][gc,reloc    ] GC(3) Y: Age Table:
[2026-04-03T02:44:58.936+0600][11.445s][info][gc,reloc    ] GC(3) Y:                    Live             Garbage             Small              Medium             Large        
[2026-04-03T02:44:58.936+0600][11.445s][info][gc,reloc    ] GC(3) Y: Eden              12M (1%)          229M (11%)        105 / 99             1 / 0              0 / 0        
[2026-04-03T02:44:58.936+0600][11.445s][info][gc,reloc    ] GC(3) Y: Survivor 1         4M (0%)            3M (0%)           4 / 1              0 / 0              0 / 0        
[2026-04-03T02:44:58.936+0600][11.445s][info][gc,reloc    ] GC(3) Y: Survivor 2        15M (1%)           30M (2%)           7 / 2              1 / 1              0 / 0        
[2026-04-03T02:44:58.936+0600][11.445s][info][gc,reloc    ] GC(3) Y: Survivor 3         3M (0%)            8M (0%)           6 / 3              0 / 0              0 / 0        
[2026-04-03T02:44:58.936+0600][11.445s][info][gc,heap     ] GC(3) Y: Min Capacity: 8M(0%)
[2026-04-03T02:44:58.936+0600][11.445s][info][gc,heap     ] GC(3) Y: Max Capacity: 2000M(100%)
[2026-04-03T02:44:58.936+0600][11.445s][info][gc,heap     ] GC(3) Y: Soft Max Capacity: 2000M(100%)
[2026-04-03T02:44:58.936+0600][11.445s][info][gc,heap     ] GC(3) Y: Heap Statistics:
[2026-04-03T02:44:58.936+0600][11.445s][info][gc,heap     ] GC(3) Y:                Mark Start          Mark End        Relocate Start      Relocate End           High               Low         
[2026-04-03T02:44:58.936+0600][11.445s][info][gc,heap     ] GC(3) Y:  Capacity:      384M (19%)         384M (19%)         384M (19%)         448M (22%)         448M (22%)         384M (19%)    
[2026-04-03T02:44:58.936+0600][11.445s][info][gc,heap     ] GC(3) Y:      Free:     1692M (85%)        1672M (84%)        1670M (84%)        1808M (90%)        1808M (90%)        1580M (79%)    
[2026-04-03T02:44:58.936+0600][11.445s][info][gc,heap     ] GC(3) Y:      Used:      308M (15%)         328M (16%)         330M (16%)         192M (10%)         420M (21%)         192M (10%)    
[2026-04-03T02:44:58.936+0600][11.445s][info][gc,heap     ] GC(3) Y: Young Generation Statistics:
[2026-04-03T02:44:58.936+0600][11.445s][info][gc,heap     ] GC(3) Y:                Mark Start          Mark End        Relocate Start      Relocate End    
[2026-04-03T02:44:58.936+0600][11.445s][info][gc,heap     ] GC(3) Y:      Used:      308M (15%)         328M (16%)         330M (16%)         192M (10%)    
[2026-04-03T02:44:58.936+0600][11.445s][info][gc,heap     ] GC(3) Y:      Live:         -                36M (2%)           36M (2%)           36M (2%)     
[2026-04-03T02:44:58.936+0600][11.445s][info][gc,heap     ] GC(3) Y:   Garbage:         -               271M (14%)         271M (14%)           1M (0%)     
[2026-04-03T02:44:58.936+0600][11.445s][info][gc,heap     ] GC(3) Y: Allocated:         -                20M (1%)           22M (1%)          153M (8%)     
[2026-04-03T02:44:58.936+0600][11.445s][info][gc,heap     ] GC(3) Y: Reclaimed:         -                  -                 0M (0%)          269M (13%)    
[2026-04-03T02:44:58.936+0600][11.445s][info][gc,heap     ] GC(3) Y:  Promoted:         -                  -                 0M (0%)            0M (0%)     
[2026-04-03T02:44:58.936+0600][11.445s][info][gc,heap     ] GC(3) Y: Compacted:         -                  -                  -                18M (1%)     
[2026-04-03T02:44:58.936+0600][11.445s][info][gc,phases   ] GC(3) Y: Young Generation 308M(15%)->192M(10%) 0.140s
[2026-04-03T02:44:58.936+0600][11.445s][info][gc,phases   ] GC(3) O: Old Generation
[2026-04-03T02:44:58.938+0600][11.447s][info][gc,phases   ] GC(3) O: Concurrent Mark 1.649ms
[2026-04-03T02:44:58.938+0600][11.447s][info][gc,phases   ] GC(3) O: Pause Mark End 0.020ms
[2026-04-03T02:44:58.939+0600][11.447s][info][gc,phases   ] GC(3) O: Concurrent Mark Free 0.001ms
[2026-04-03T02:44:58.951+0600][11.460s][info][gc,phases   ] GC(3) O: Concurrent Process Non-Strong 12.900ms
[2026-04-03T02:44:58.952+0600][11.460s][info][gc,phases   ] GC(3) O: Concurrent Reset Relocation Set 0.001ms
[2026-04-03T02:44:58.955+0600][11.463s][info][gc,phases   ] GC(3) O: Concurrent Select Relocation Set 3.049ms
[2026-04-03T02:44:58.955+0600][11.463s][info][gc,task     ] GC(3) O: Using 2 Workers for Old Generation
[2026-04-03T02:44:58.979+0600][11.487s][info][gc,task     ] GC(3) O: Using 1 Workers for Old Generation
[2026-04-03T02:44:58.979+0600][11.488s][info][gc,phases   ] GC(3) O: Concurrent Remap Roots 24.263ms
[2026-04-03T02:44:58.979+0600][11.488s][info][gc,phases   ] GC(3) O: Pause Relocate Start 0.018ms
[2026-04-03T02:44:58.980+0600][11.488s][info][gc,phases   ] GC(3) O: Concurrent Relocate 0.133ms
[2026-04-03T02:44:58.980+0600][11.488s][info][gc,alloc    ] GC(3) O:                         Mark Start        Mark End      Relocate Start    Relocate End   
[2026-04-03T02:44:58.980+0600][11.488s][info][gc,alloc    ] GC(3) O: Allocation Stalls:          0                0                0                0         
[2026-04-03T02:44:58.980+0600][11.488s][info][gc,load     ] GC(3) O: Load: 5.12 (43%) / 5.37 (45%) / 5.56 (46%)
[2026-04-03T02:44:58.980+0600][11.488s][info][gc,mmu      ] GC(3) O: MMU: 2ms/97.4%, 5ms/99.0%, 10ms/99.5%, 20ms/99.6%, 50ms/99.8%, 100ms/99.9%
[2026-04-03T02:44:58.980+0600][11.488s][info][gc,marking  ] GC(3) O: Mark: 1 stripe(s), 1 proactive flush(es), 1 terminate flush(es), 0 completion(s), 0 continuation(s) 
[2026-04-03T02:44:58.980+0600][11.488s][info][gc,marking  ] GC(3) O: Mark Stack Usage: 0M
[2026-04-03T02:44:58.980+0600][11.488s][info][gc,nmethod  ] GC(3) O: NMethods: 3946 registered, 414 unregistered
[2026-04-03T02:44:58.980+0600][11.488s][info][gc,metaspace] GC(3) O: Metaspace: 62M used, 62M committed, 1088M reserved
[2026-04-03T02:44:58.980+0600][11.488s][info][gc,ref      ] GC(3) O:                       Encountered   Discovered     Enqueued 
[2026-04-03T02:44:58.980+0600][11.488s][info][gc,ref      ] GC(3) O: Soft References:             4029            0            0 
[2026-04-03T02:44:58.980+0600][11.488s][info][gc,ref      ] GC(3) O: Weak References:            10067            0            0 
[2026-04-03T02:44:58.980+0600][11.488s][info][gc,ref      ] GC(3) O: Final References:              82            0            0 
[2026-04-03T02:44:58.980+0600][11.488s][info][gc,ref      ] GC(3) O: Phantom References:           588            0            0 
[2026-04-03T02:44:58.980+0600][11.488s][info][gc,heap     ] GC(3) O: Min Capacity: 8M(0%)
[2026-04-03T02:44:58.980+0600][11.488s][info][gc,heap     ] GC(3) O: Max Capacity: 2000M(100%)
[2026-04-03T02:44:58.980+0600][11.488s][info][gc,heap     ] GC(3) O: Soft Max Capacity: 2000M(100%)
[2026-04-03T02:44:58.980+0600][11.488s][info][gc,heap     ] GC(3) O: Heap Statistics:
[2026-04-03T02:44:58.980+0600][11.488s][info][gc,heap     ] GC(3) O:                Mark Start          Mark End        Relocate Start      Relocate End           High               Low         
[2026-04-03T02:44:58.980+0600][11.488s][info][gc,heap     ] GC(3) O:  Capacity:      384M (19%)         448M (22%)         448M (22%)         448M (22%)         448M (22%)         384M (19%)    
[2026-04-03T02:44:58.980+0600][11.488s][info][gc,heap     ] GC(3) O:      Free:     1692M (85%)        1806M (90%)        1784M (89%)        1784M (89%)        1808M (90%)        1580M (79%)    
[2026-04-03T02:44:58.980+0600][11.488s][info][gc,heap     ] GC(3) O:      Used:      308M (15%)         194M (10%)         216M (11%)         216M (11%)         420M (21%)         192M (10%)    
[2026-04-03T02:44:58.980+0600][11.488s][info][gc,heap     ] GC(3) O: Old Generation Statistics:
[2026-04-03T02:44:58.980+0600][11.488s][info][gc,heap     ] GC(3) O:                Mark Start          Mark End        Relocate Start      Relocate End    
[2026-04-03T02:44:58.980+0600][11.488s][info][gc,heap     ] GC(3) O:      Used:        0M (0%)            0M (0%)            0M (0%)            0M (0%)     
[2026-04-03T02:44:58.980+0600][11.488s][info][gc,heap     ] GC(3) O:      Live:         -                 0M (0%)            0M (0%)            0M (0%)     
[2026-04-03T02:44:58.980+0600][11.489s][info][gc,heap     ] GC(3) O:   Garbage:         -                 0M (0%)            0M (0%)            0M (0%)     
[2026-04-03T02:44:58.980+0600][11.489s][info][gc,heap     ] GC(3) O: Allocated:         -                 0M (0%)            0M (0%)            0M (0%)     
[2026-04-03T02:44:58.980+0600][11.489s][info][gc,heap     ] GC(3) O: Reclaimed:         -                  -                 0M (0%)            0M (0%)     
[2026-04-03T02:44:58.980+0600][11.489s][info][gc,heap     ] GC(3) O: Compacted:         -                  -                  -                 0M (0%)     
[2026-04-03T02:44:58.980+0600][11.489s][info][gc,phases   ] GC(3) O: Old Generation 192M(10%)->216M(11%) 0.043s
[2026-04-03T02:44:58.980+0600][11.489s][info][gc          ] GC(3) Major Collection (Metadata GC Threshold) 308M(15%)->216M(11%) 0.184s
[2026-04-03T02:45:00.155+0600][12.664s][info][gc          ] GC(4) Major Collection (Warmup)
[2026-04-03T02:45:00.155+0600][12.664s][info][gc,task     ] GC(4) Using 3 Workers for Young Generation
[2026-04-03T02:45:00.155+0600][12.664s][info][gc,task     ] GC(4) Using 1 Workers for Old Generation
[2026-04-03T02:45:00.155+0600][12.664s][info][gc,phases   ] GC(4) Y: Young Generation
[2026-04-03T02:45:00.155+0600][12.664s][info][gc,phases   ] GC(4) Y: Pause Mark Start (Major) 0.020ms
[2026-04-03T02:45:00.215+0600][12.723s][info][gc,phases   ] GC(4) Y: Concurrent Mark 59.300ms
[2026-04-03T02:45:00.215+0600][12.724s][info][gc,phases   ] GC(4) Y: Pause Mark End 0.019ms
[2026-04-03T02:45:00.238+0600][12.747s][info][gc,phases   ] GC(4) Y: Concurrent Mark Free 0.004ms
[2026-04-03T02:45:00.238+0600][12.747s][info][gc,phases   ] GC(4) Y: Concurrent Reset Relocation Set 0.025ms
[2026-04-03T02:45:00.242+0600][12.751s][info][gc,reloc    ] GC(4) Y: Using tenuring threshold: 3 (Computed)
[2026-04-03T02:45:00.248+0600][12.757s][info][gc,phases   ] GC(4) Y: Concurrent Select Relocation Set 9.857ms
[2026-04-03T02:45:00.248+0600][12.757s][info][gc,phases   ] GC(4) Y: Pause Relocate Start 0.018ms
[2026-04-03T02:45:00.275+0600][12.784s][info][gc,phases   ] GC(4) Y: Concurrent Relocate 26.248ms
[2026-04-03T02:45:00.275+0600][12.784s][info][gc,alloc    ] GC(4) Y:                         Mark Start        Mark End      Relocate Start    Relocate End   
[2026-04-03T02:45:00.275+0600][12.784s][info][gc,alloc    ] GC(4) Y: Allocation Stalls:          0                0                0                0         
[2026-04-03T02:45:00.275+0600][12.784s][info][gc,load     ] GC(4) Y: Load: 4.87 (41%) / 5.31 (44%) / 5.54 (46%)
[2026-04-03T02:45:00.275+0600][12.784s][info][gc,mmu      ] GC(4) Y: MMU: 2ms/97.4%, 5ms/99.0%, 10ms/99.5%, 20ms/99.6%, 50ms/99.8%, 100ms/99.9%
[2026-04-03T02:45:00.275+0600][12.784s][info][gc,marking  ] GC(4) Y: Mark: 2 stripe(s), 2 proactive flush(es), 1 terminate flush(es), 0 completion(s), 0 continuation(s) 
[2026-04-03T02:45:00.275+0600][12.784s][info][gc,marking  ] GC(4) Y: Mark Stack Usage: 32M
[2026-04-03T02:45:00.275+0600][12.784s][info][gc,nmethod  ] GC(4) Y: NMethods: 4504 registered, 414 unregistered
[2026-04-03T02:45:00.275+0600][12.784s][info][gc,metaspace] GC(4) Y: Metaspace: 80M used, 80M committed, 1152M reserved
[2026-04-03T02:45:00.275+0600][12.784s][info][gc,reloc    ] GC(4) Y:                        Candidates     Selected     In-Place         Size        Empty    Relocated 
[2026-04-03T02:45:00.275+0600][12.784s][info][gc,reloc    ] GC(4) Y: Small Pages:                  136          115            0         272M           2M           9M 
[2026-04-03T02:45:00.275+0600][12.784s][info][gc,reloc    ] GC(4) Y: Medium Pages:                   4            2            0         128M          32M           6M 
[2026-04-03T02:45:00.275+0600][12.784s][info][gc,reloc    ] GC(4) Y: Large Pages:                    0            0            0           0M           0M           0M 
[2026-04-03T02:45:00.275+0600][12.784s][info][gc,reloc    ] GC(4) Y: Forwarding Usage: 3M
[2026-04-03T02:45:00.275+0600][12.784s][info][gc,reloc    ] GC(4) Y: Age Table:
[2026-04-03T02:45:00.275+0600][12.784s][info][gc,reloc    ] GC(4) Y:                    Live             Garbage             Small              Medium             Large        
[2026-04-03T02:45:00.275+0600][12.784s][info][gc,reloc    ] GC(4) Y: Eden               7M (0%)          238M (12%)        107 / 103            1 / 0              0 / 0        
[2026-04-03T02:45:00.275+0600][12.784s][info][gc,reloc    ] GC(4) Y: Survivor 1        11M (1%)           70M (4%)           9 / 3              2 / 1              0 / 0        
[2026-04-03T02:45:00.275+0600][12.784s][info][gc,reloc    ] GC(4) Y: Survivor 2         4M (0%)            5M (0%)           5 / 2              0 / 0              0 / 0        
[2026-04-03T02:45:00.275+0600][12.784s][info][gc,reloc    ] GC(4) Y: Survivor 3        15M (1%)           34M (2%)           9 / 3              1 / 1              0 / 0        
[2026-04-03T02:45:00.275+0600][12.784s][info][gc,reloc    ] GC(4) Y: Survivor 4         3M (0%)            8M (0%)           6 / 4              0 / 0              0 / 0        
[2026-04-03T02:45:00.275+0600][12.784s][info][gc,heap     ] GC(4) Y: Min Capacity: 8M(0%)
[2026-04-03T02:45:00.275+0600][12.784s][info][gc,heap     ] GC(4) Y: Max Capacity: 2000M(100%)
[2026-04-03T02:45:00.275+0600][12.784s][info][gc,heap     ] GC(4) Y: Soft Max Capacity: 2000M(100%)
[2026-04-03T02:45:00.275+0600][12.784s][info][gc,heap     ] GC(4) Y: Heap Statistics:
[2026-04-03T02:45:00.275+0600][12.784s][info][gc,heap     ] GC(4) Y:                Mark Start          Mark End        Relocate Start      Relocate End           High               Low         
[2026-04-03T02:45:00.275+0600][12.784s][info][gc,heap     ] GC(4) Y:  Capacity:      448M (22%)         480M (24%)         480M (24%)         512M (26%)         512M (26%)         448M (22%)    
[2026-04-03T02:45:00.275+0600][12.784s][info][gc,heap     ] GC(4) Y:      Free:     1600M (80%)        1556M (78%)        1588M (79%)        1834M (92%)        1834M (92%)        1520M (76%)    
[2026-04-03T02:45:00.275+0600][12.784s][info][gc,heap     ] GC(4) Y:      Used:      400M (20%)         444M (22%)         412M (21%)         166M (8%)          480M (24%)         166M (8%)     
[2026-04-03T02:45:00.275+0600][12.784s][info][gc,heap     ] GC(4) Y: Young Generation Statistics:
[2026-04-03T02:45:00.275+0600][12.784s][info][gc,heap     ] GC(4) Y:                Mark Start          Mark End        Relocate Start      Relocate End    
[2026-04-03T02:45:00.275+0600][12.784s][info][gc,heap     ] GC(4) Y:      Used:      400M (20%)         444M (22%)         400M (20%)         116M (6%)     
[2026-04-03T02:45:00.275+0600][12.784s][info][gc,heap     ] GC(4) Y:      Live:         -                43M (2%)           31M (2%)           24M (1%)     
[2026-04-03T02:45:00.275+0600][12.784s][info][gc,heap     ] GC(4) Y:   Garbage:         -               356M (18%)         322M (16%)           0M (0%)     
[2026-04-03T02:45:00.275+0600][12.784s][info][gc,heap     ] GC(4) Y: Allocated:         -                44M (2%)           46M (2%)           91M (5%)     
[2026-04-03T02:45:00.275+0600][12.784s][info][gc,heap     ] GC(4) Y: Reclaimed:         -                  -                34M (2%)          355M (18%)    
[2026-04-03T02:45:00.275+0600][12.784s][info][gc,heap     ] GC(4) Y:  Promoted:         -                  -                11M (1%)           19M (1%)     
[2026-04-03T02:45:00.275+0600][12.784s][info][gc,heap     ] GC(4) Y: Compacted:         -                  -                  -                10M (1%)     
[2026-04-03T02:45:00.275+0600][12.784s][info][gc,phases   ] GC(4) Y: Young Generation 400M(20%)->166M(8%) 0.120s
[2026-04-03T02:45:00.275+0600][12.784s][info][gc,phases   ] GC(4) O: Old Generation
[2026-04-03T02:45:00.277+0600][12.786s][info][gc,phases   ] GC(4) O: Concurrent Mark 1.988ms
[2026-04-03T02:45:00.277+0600][12.786s][info][gc,phases   ] GC(4) O: Pause Mark End 0.026ms
[2026-04-03T02:45:00.278+0600][12.786s][info][gc,phases   ] GC(4) O: Concurrent Mark Free 0.001ms
[2026-04-03T02:45:00.294+0600][12.803s][info][gc,phases   ] GC(4) O: Concurrent Process Non-Strong 16.326ms
[2026-04-03T02:45:00.294+0600][12.803s][info][gc,phases   ] GC(4) O: Concurrent Reset Relocation Set 0.001ms
[2026-04-03T02:45:00.298+0600][12.807s][info][gc,phases   ] GC(4) O: Concurrent Select Relocation Set 4.451ms
[2026-04-03T02:45:00.299+0600][12.807s][info][gc,task     ] GC(4) O: Using 3 Workers for Old Generation
[2026-04-03T02:45:00.319+0600][12.828s][info][gc,task     ] GC(4) O: Using 1 Workers for Old Generation
[2026-04-03T02:45:00.319+0600][12.828s][info][gc,phases   ] GC(4) O: Concurrent Remap Roots 20.463ms
[2026-04-03T02:45:00.319+0600][12.828s][info][gc,phases   ] GC(4) O: Pause Relocate Start 0.021ms
[2026-04-03T02:45:00.320+0600][12.828s][info][gc,phases   ] GC(4) O: Concurrent Relocate 0.262ms
[2026-04-03T02:45:00.320+0600][12.828s][info][gc,alloc    ] GC(4) O:                         Mark Start        Mark End      Relocate Start    Relocate End   
[2026-04-03T02:45:00.320+0600][12.828s][info][gc,alloc    ] GC(4) O: Allocation Stalls:          0                0                0                0         
[2026-04-03T02:45:00.320+0600][12.828s][info][gc,load     ] GC(4) O: Load: 4.87 (41%) / 5.31 (44%) / 5.54 (46%)
[2026-04-03T02:45:00.320+0600][12.828s][info][gc,mmu      ] GC(4) O: MMU: 2ms/97.4%, 5ms/99.0%, 10ms/99.5%, 20ms/99.6%, 50ms/99.8%, 100ms/99.9%
[2026-04-03T02:45:00.320+0600][12.828s][info][gc,marking  ] GC(4) O: Mark: 1 stripe(s), 1 proactive flush(es), 1 terminate flush(es), 0 completion(s), 0 continuation(s) 
[2026-04-03T02:45:00.320+0600][12.828s][info][gc,marking  ] GC(4) O: Mark Stack Usage: 0M
[2026-04-03T02:45:00.320+0600][12.828s][info][gc,nmethod  ] GC(4) O: NMethods: 4372 registered, 552 unregistered
[2026-04-03T02:45:00.320+0600][12.828s][info][gc,metaspace] GC(4) O: Metaspace: 80M used, 80M committed, 1152M reserved
[2026-04-03T02:45:00.320+0600][12.828s][info][gc,ref      ] GC(4) O:                       Encountered   Discovered     Enqueued 
[2026-04-03T02:45:00.320+0600][12.828s][info][gc,ref      ] GC(4) O: Soft References:             4468            0            0 
[2026-04-03T02:45:00.320+0600][12.828s][info][gc,ref      ] GC(4) O: Weak References:            13248            0            0 
[2026-04-03T02:45:00.320+0600][12.829s][info][gc,ref      ] GC(4) O: Final References:              84            0            0 
[2026-04-03T02:45:00.320+0600][12.829s][info][gc,ref      ] GC(4) O: Phantom References:           588            0            0 
[2026-04-03T02:45:00.320+0600][12.829s][info][gc,heap     ] GC(4) O: Min Capacity: 8M(0%)
[2026-04-03T02:45:00.320+0600][12.829s][info][gc,heap     ] GC(4) O: Max Capacity: 2000M(100%)
[2026-04-03T02:45:00.320+0600][12.829s][info][gc,heap     ] GC(4) O: Soft Max Capacity: 2000M(100%)
[2026-04-03T02:45:00.320+0600][12.829s][info][gc,heap     ] GC(4) O: Heap Statistics:
[2026-04-03T02:45:00.320+0600][12.829s][info][gc,heap     ] GC(4) O:                Mark Start          Mark End        Relocate Start      Relocate End           High               Low         
[2026-04-03T02:45:00.320+0600][12.829s][info][gc,heap     ] GC(4) O:  Capacity:      448M (22%)         512M (26%)         512M (26%)         512M (26%)         512M (26%)         448M (22%)    
[2026-04-03T02:45:00.320+0600][12.829s][info][gc,heap     ] GC(4) O:      Free:     1600M (80%)        1834M (92%)        1824M (91%)        1824M (91%)        1834M (92%)        1520M (76%)    
[2026-04-03T02:45:00.320+0600][12.829s][info][gc,heap     ] GC(4) O:      Used:      400M (20%)         166M (8%)          176M (9%)          176M (9%)          480M (24%)         166M (8%)     
[2026-04-03T02:45:00.320+0600][12.829s][info][gc,heap     ] GC(4) O: Old Generation Statistics:
[2026-04-03T02:45:00.320+0600][12.829s][info][gc,heap     ] GC(4) O:                Mark Start          Mark End        Relocate Start      Relocate End    
[2026-04-03T02:45:00.320+0600][12.829s][info][gc,heap     ] GC(4) O:      Used:        0M (0%)           50M (2%)           50M (2%)           50M (2%)     
[2026-04-03T02:45:00.320+0600][12.829s][info][gc,heap     ] GC(4) O:      Live:         -                 0M (0%)            0M (0%)            0M (0%)     
[2026-04-03T02:45:00.320+0600][12.829s][info][gc,heap     ] GC(4) O:   Garbage:         -                 0M (0%)            0M (0%)            0M (0%)     
[2026-04-03T02:45:00.320+0600][12.829s][info][gc,heap     ] GC(4) O: Allocated:         -                50M (2%)           50M (2%)           50M (2%)     
[2026-04-03T02:45:00.320+0600][12.829s][info][gc,heap     ] GC(4) O: Reclaimed:         -                  -                 0M (0%)            0M (0%)     
[2026-04-03T02:45:00.320+0600][12.829s][info][gc,heap     ] GC(4) O: Compacted:         -                  -                  -                 0M (0%)     
[2026-04-03T02:45:00.320+0600][12.829s][info][gc,phases   ] GC(4) O: Old Generation 166M(8%)->176M(9%) 0.044s
[2026-04-03T02:45:00.320+0600][12.829s][info][gc          ] GC(4) Major Collection (Warmup) 400M(20%)->176M(9%) 0.165s
[2026-04-03T02:45:04.270+0600][16.779s][info][gc          ] GC(5) Major Collection (Warmup)
[2026-04-03T02:45:04.270+0600][16.779s][info][gc,task     ] GC(5) Using 3 Workers for Young Generation
[2026-04-03T02:45:04.270+0600][16.779s][info][gc,task     ] GC(5) Using 1 Workers for Old Generation
[2026-04-03T02:45:04.270+0600][16.779s][info][gc,phases   ] GC(5) Y: Young Generation
[2026-04-03T02:45:04.286+0600][16.795s][info][gc,phases   ] GC(5) Y: Pause Mark Start (Major) 0.029ms
[2026-04-03T02:45:04.381+0600][16.889s][info][gc,phases   ] GC(5) Y: Concurrent Mark 94.089ms
[2026-04-03T02:45:04.381+0600][16.890s][info][gc,phases   ] GC(5) Y: Pause Mark End 0.033ms
[2026-04-03T02:45:04.381+0600][16.890s][info][gc,phases   ] GC(5) Y: Concurrent Mark Free 0.003ms
[2026-04-03T02:45:04.381+0600][16.890s][info][gc,phases   ] GC(5) Y: Concurrent Reset Relocation Set 0.033ms
[2026-04-03T02:45:04.387+0600][16.895s][info][gc,reloc    ] GC(5) Y: Using tenuring threshold: 4 (Computed)
[2026-04-03T02:45:04.389+0600][16.898s][info][gc,phases   ] GC(5) Y: Concurrent Select Relocation Set 8.394ms
[2026-04-03T02:45:04.390+0600][16.898s][info][gc,phases   ] GC(5) Y: Pause Relocate Start 0.040ms
[2026-04-03T02:45:04.438+0600][16.946s][info][gc,phases   ] GC(5) Y: Concurrent Relocate 47.615ms
[2026-04-03T02:45:04.438+0600][16.946s][info][gc,alloc    ] GC(5) Y:                         Mark Start        Mark End      Relocate Start    Relocate End   
[2026-04-03T02:45:04.438+0600][16.946s][info][gc,alloc    ] GC(5) Y: Allocation Stalls:          0                0                0                0         
[2026-04-03T02:45:04.438+0600][16.946s][info][gc,load     ] GC(5) Y: Load: 4.87 (41%) / 5.31 (44%) / 5.54 (46%)
[2026-04-03T02:45:04.438+0600][16.946s][info][gc,mmu      ] GC(5) Y: MMU: 2ms/97.4%, 5ms/99.0%, 10ms/99.3%, 20ms/99.6%, 50ms/99.8%, 100ms/99.9%
[2026-04-03T02:45:04.438+0600][16.946s][info][gc,marking  ] GC(5) Y: Mark: 2 stripe(s), 2 proactive flush(es), 1 terminate flush(es), 0 completion(s), 0 continuation(s) 
[2026-04-03T02:45:04.438+0600][16.946s][info][gc,marking  ] GC(5) Y: Mark Stack Usage: 32M
[2026-04-03T02:45:04.438+0600][16.947s][info][gc,nmethod  ] GC(5) Y: NMethods: 7337 registered, 0 unregistered
[2026-04-03T02:45:04.438+0600][16.947s][info][gc,metaspace] GC(5) Y: Metaspace: 113M used, 115M committed, 1152M reserved
[2026-04-03T02:45:04.438+0600][16.947s][info][gc,reloc    ] GC(5) Y:                        Candidates     Selected     In-Place         Size        Empty    Relocated 
[2026-04-03T02:45:04.438+0600][16.947s][info][gc,reloc    ] GC(5) Y: Small Pages:                  185          164            0         370M           0M          14M 
[2026-04-03T02:45:04.438+0600][16.947s][info][gc,reloc    ] GC(5) Y: Medium Pages:                   3            2            0          96M           0M           3M 
[2026-04-03T02:45:04.438+0600][16.947s][info][gc,reloc    ] GC(5) Y: Large Pages:                   10            0            0          60M          12M           0M 
[2026-04-03T02:45:04.438+0600][16.947s][info][gc,reloc    ] GC(5) Y: Forwarding Usage: 7M
[2026-04-03T02:45:04.438+0600][16.947s][info][gc,reloc    ] GC(5) Y: Age Table:
[2026-04-03T02:45:04.438+0600][16.947s][info][gc,reloc    ] GC(5) Y:                    Live             Garbage             Small              Medium             Large        
[2026-04-03T02:45:04.438+0600][16.947s][info][gc,reloc    ] GC(5) Y: Eden              66M (3%)          393M (20%)        168 / 160            2 / 1             10 / 0        
[2026-04-03T02:45:04.438+0600][16.947s][info][gc,reloc    ] GC(5) Y: Survivor 1         7M (0%)            2M (0%)           5 / 1              0 / 0              0 / 0        
[2026-04-03T02:45:04.438+0600][16.947s][info][gc,reloc    ] GC(5) Y: Survivor 2        10M (1%)           35M (2%)           7 / 1              1 / 1              0 / 0        
[2026-04-03T02:45:04.438+0600][16.947s][info][gc,reloc    ] GC(5) Y: Survivor 3         4M (0%)            5M (0%)           5 / 2              0 / 0              0 / 0        
[2026-04-03T02:45:04.438+0600][16.947s][info][gc,heap     ] GC(5) Y: Min Capacity: 8M(0%)
[2026-04-03T02:45:04.438+0600][16.947s][info][gc,heap     ] GC(5) Y: Max Capacity: 2000M(100%)
[2026-04-03T02:45:04.438+0600][16.947s][info][gc,heap     ] GC(5) Y: Soft Max Capacity: 2000M(100%)
[2026-04-03T02:45:04.438+0600][16.947s][info][gc,heap     ] GC(5) Y: Heap Statistics:
[2026-04-03T02:45:04.438+0600][16.947s][info][gc,heap     ] GC(5) Y:                Mark Start          Mark End        Relocate Start      Relocate End           High               Low         
[2026-04-03T02:45:04.438+0600][16.947s][info][gc,heap     ] GC(5) Y:  Capacity:      608M (30%)         608M (30%)         608M (30%)         672M (34%)         672M (34%)         608M (30%)    
[2026-04-03T02:45:04.438+0600][16.947s][info][gc,heap     ] GC(5) Y:      Free:     1424M (71%)        1412M (71%)        1424M (71%)        1770M (88%)        1772M (89%)        1352M (68%)    
[2026-04-03T02:45:04.438+0600][16.947s][info][gc,heap     ] GC(5) Y:      Used:      576M (29%)         588M (29%)         576M (29%)         230M (12%)         648M (32%)         228M (11%)    
[2026-04-03T02:45:04.438+0600][16.947s][info][gc,heap     ] GC(5) Y: Young Generation Statistics:
[2026-04-03T02:45:04.438+0600][16.947s][info][gc,heap     ] GC(5) Y:                Mark Start          Mark End        Relocate Start      Relocate End    
[2026-04-03T02:45:04.438+0600][16.947s][info][gc,heap     ] GC(5) Y:      Used:      526M (26%)         538M (27%)         526M (26%)         180M (9%)     
[2026-04-03T02:45:04.438+0600][16.947s][info][gc,heap     ] GC(5) Y:      Live:         -                89M (4%)           89M (4%)           89M (4%)     
[2026-04-03T02:45:04.438+0600][16.947s][info][gc,heap     ] GC(5) Y:   Garbage:         -               436M (22%)         424M (21%)           1M (0%)     
[2026-04-03T02:45:04.438+0600][16.947s][info][gc,heap     ] GC(5) Y: Allocated:         -                12M (1%)           12M (1%)           88M (4%)     
[2026-04-03T02:45:04.438+0600][16.947s][info][gc,heap     ] GC(5) Y: Reclaimed:         -                  -                12M (1%)          434M (22%)    
[2026-04-03T02:45:04.438+0600][16.947s][info][gc,heap     ] GC(5) Y:  Promoted:         -                  -                 0M (0%)            0M (0%)     
[2026-04-03T02:45:04.438+0600][16.947s][info][gc,heap     ] GC(5) Y: Compacted:         -                  -                  -                21M (1%)     
[2026-04-03T02:45:04.438+0600][16.947s][info][gc,phases   ] GC(5) Y: Young Generation 608M(30%)->230M(12%) 0.168s
[2026-04-03T02:45:04.438+0600][16.947s][info][gc,phases   ] GC(5) O: Old Generation
[2026-04-03T02:45:04.477+0600][16.985s][info][gc,phases   ] GC(5) O: Concurrent Mark 38.429ms
[2026-04-03T02:45:04.477+0600][16.986s][info][gc,phases   ] GC(5) O: Pause Mark End 0.030ms
[2026-04-03T02:45:04.477+0600][16.986s][info][gc,phases   ] GC(5) O: Concurrent Mark Free 0.004ms
[2026-04-03T02:45:04.513+0600][17.022s][info][gc,phases   ] GC(5) O: Concurrent Process Non-Strong 36.299ms
[2026-04-03T02:45:04.514+0600][17.022s][info][gc,phases   ] GC(5) O: Concurrent Reset Relocation Set 0.001ms
[2026-04-03T02:45:04.520+0600][17.029s][info][gc,phases   ] GC(5) O: Concurrent Select Relocation Set 6.174ms
[2026-04-03T02:45:04.520+0600][17.029s][info][gc,task     ] GC(5) O: Using 3 Workers for Old Generation
[2026-04-03T02:45:04.542+0600][17.051s][info][gc,task     ] GC(5) O: Using 1 Workers for Old Generation
[2026-04-03T02:45:04.542+0600][17.051s][info][gc,phases   ] GC(5) O: Concurrent Remap Roots 22.308ms
[2026-04-03T02:45:04.543+0600][17.051s][info][gc,phases   ] GC(5) O: Pause Relocate Start 0.025ms
[2026-04-03T02:45:04.543+0600][17.052s][info][gc,phases   ] GC(5) O: Concurrent Relocate 0.697ms
[2026-04-03T02:45:04.544+0600][17.052s][info][gc,alloc    ] GC(5) O:                         Mark Start        Mark End      Relocate Start    Relocate End   
[2026-04-03T02:45:04.544+0600][17.052s][info][gc,alloc    ] GC(5) O: Allocation Stalls:          0                0                0                0         
[2026-04-03T02:45:04.544+0600][17.052s][info][gc,load     ] GC(5) O: Load: 4.87 (41%) / 5.31 (44%) / 5.54 (46%)
[2026-04-03T02:45:04.544+0600][17.052s][info][gc,mmu      ] GC(5) O: MMU: 2ms/97.4%, 5ms/99.0%, 10ms/99.3%, 20ms/99.6%, 50ms/99.8%, 100ms/99.9%
[2026-04-03T02:45:04.544+0600][17.052s][info][gc,marking  ] GC(5) O: Mark: 1 stripe(s), 2 proactive flush(es), 1 terminate flush(es), 0 completion(s), 0 continuation(s) 
[2026-04-03T02:45:04.544+0600][17.052s][info][gc,marking  ] GC(5) O: Mark Stack Usage: 32M
[2026-04-03T02:45:04.544+0600][17.052s][info][gc,nmethod  ] GC(5) O: NMethods: 6806 registered, 655 unregistered
[2026-04-03T02:45:04.544+0600][17.052s][info][gc,metaspace] GC(5) O: Metaspace: 113M used, 115M committed, 1152M reserved
[2026-04-03T02:45:04.544+0600][17.052s][info][gc,ref      ] GC(5) O:                       Encountered   Discovered     Enqueued 
[2026-04-03T02:45:04.544+0600][17.052s][info][gc,ref      ] GC(5) O: Soft References:             5533            0            0 
[2026-04-03T02:45:04.544+0600][17.052s][info][gc,ref      ] GC(5) O: Weak References:            19895         1073          434 
[2026-04-03T02:45:04.544+0600][17.053s][info][gc,ref      ] GC(5) O: Final References:              84            0            0 
[2026-04-03T02:45:04.544+0600][17.053s][info][gc,ref      ] GC(5) O: Phantom References:           607          190            0 
[2026-04-03T02:45:04.544+0600][17.053s][info][gc,reloc    ] GC(5) O:                        Candidates     Selected     In-Place         Size        Empty    Relocated 
[2026-04-03T02:45:04.544+0600][17.053s][info][gc,reloc    ] GC(5) O: Small Pages:                    9            1            0          18M           0M           0M 
[2026-04-03T02:45:04.544+0600][17.053s][info][gc,reloc    ] GC(5) O: Medium Pages:                   1            0            0          32M           0M           0M 
[2026-04-03T02:45:04.544+0600][17.053s][info][gc,reloc    ] GC(5) O: Large Pages:                    0            0            0           0M           0M           0M 
[2026-04-03T02:45:04.544+0600][17.053s][info][gc,reloc    ] GC(5) O: Forwarding Usage: 0M
[2026-04-03T02:45:04.544+0600][17.053s][info][gc,heap     ] GC(5) O: Min Capacity: 8M(0%)
[2026-04-03T02:45:04.544+0600][17.053s][info][gc,heap     ] GC(5) O: Max Capacity: 2000M(100%)
[2026-04-03T02:45:04.544+0600][17.053s][info][gc,heap     ] GC(5) O: Soft Max Capacity: 2000M(100%)
[2026-04-03T02:45:04.544+0600][17.053s][info][gc,heap     ] GC(5) O: Heap Statistics:
[2026-04-03T02:45:04.544+0600][17.053s][info][gc,heap     ] GC(5) O:                Mark Start          Mark End        Relocate Start      Relocate End           High               Low         
[2026-04-03T02:45:04.544+0600][17.053s][info][gc,heap     ] GC(5) O:  Capacity:      608M (30%)         672M (34%)         672M (34%)         672M (34%)         672M (34%)         608M (30%)    
[2026-04-03T02:45:04.544+0600][17.053s][info][gc,heap     ] GC(5) O:      Free:     1424M (71%)        1762M (88%)        1760M (88%)        1758M (88%)        1772M (89%)        1352M (68%)    
[2026-04-03T02:45:04.544+0600][17.053s][info][gc,heap     ] GC(5) O:      Used:      576M (29%)         238M (12%)         240M (12%)         242M (12%)         648M (32%)         228M (11%)    
[2026-04-03T02:45:04.544+0600][17.053s][info][gc,heap     ] GC(5) O: Old Generation Statistics:
[2026-04-03T02:45:04.544+0600][17.053s][info][gc,heap     ] GC(5) O:                Mark Start          Mark End        Relocate Start      Relocate End    
[2026-04-03T02:45:04.544+0600][17.053s][info][gc,heap     ] GC(5) O:      Used:       50M (2%)           50M (2%)           50M (2%)           52M (3%)     
[2026-04-03T02:45:04.544+0600][17.053s][info][gc,heap     ] GC(5) O:      Live:         -                19M (1%)           19M (1%)           19M (1%)     
[2026-04-03T02:45:04.544+0600][17.053s][info][gc,heap     ] GC(5) O:   Garbage:         -                30M (2%)           30M (2%)           27M (1%)     
[2026-04-03T02:45:04.544+0600][17.053s][info][gc,heap     ] GC(5) O: Allocated:         -                 0M (0%)            0M (0%)            5M (0%)     
[2026-04-03T02:45:04.544+0600][17.053s][info][gc,heap     ] GC(5) O: Reclaimed:         -                  -                 0M (0%)            3M (0%)     
[2026-04-03T02:45:04.544+0600][17.053s][info][gc,heap     ] GC(5) O: Compacted:         -                  -                  -                 0M (0%)     
[2026-04-03T02:45:04.544+0600][17.053s][info][gc,phases   ] GC(5) O: Old Generation 230M(12%)->242M(12%) 0.105s
[2026-04-03T02:45:04.544+0600][17.053s][info][gc          ] GC(5) Major Collection (Warmup) 608M(30%)->242M(12%) 0.274s
[2026-04-03T02:45:07.893+0600][20.402s][info][gc          ] GC(6) Major Collection (System.gc())
[2026-04-03T02:45:07.893+0600][20.402s][info][gc,task     ] GC(6) Using 3 Workers for Young Generation
[2026-04-03T02:45:07.893+0600][20.402s][info][gc,task     ] GC(6) Using 3 Workers for Old Generation
[2026-04-03T02:45:07.893+0600][20.402s][info][gc,phases   ] GC(6) Y: Young Generation (Promote All)
[2026-04-03T02:45:07.893+0600][20.402s][info][gc,phases   ] GC(6) Y: Pause Mark Start 0.018ms
[2026-04-03T02:45:07.976+0600][20.485s][info][gc,phases   ] GC(6) Y: Concurrent Mark 82.658ms
[2026-04-03T02:45:07.976+0600][20.485s][info][gc,phases   ] GC(6) Y: Pause Mark End 0.019ms
[2026-04-03T02:45:07.976+0600][20.485s][info][gc,phases   ] GC(6) Y: Concurrent Mark Free 0.001ms
[2026-04-03T02:45:07.976+0600][20.485s][info][gc,phases   ] GC(6) Y: Concurrent Reset Relocation Set 0.031ms
[2026-04-03T02:45:07.980+0600][20.489s][info][gc,reloc    ] GC(6) Y: Using tenuring threshold: 0 (Promote All)
[2026-04-03T02:45:08.006+0600][20.515s][info][gc,phases   ] GC(6) Y: Concurrent Select Relocation Set 29.577ms
[2026-04-03T02:45:08.006+0600][20.515s][info][gc,phases   ] GC(6) Y: Pause Relocate Start 0.017ms
[2026-04-03T02:45:08.070+0600][20.579s][info][gc,phases   ] GC(6) Y: Concurrent Relocate 63.772ms
[2026-04-03T02:45:08.070+0600][20.579s][info][gc,alloc    ] GC(6) Y:                         Mark Start        Mark End      Relocate Start    Relocate End   
[2026-04-03T02:45:08.070+0600][20.579s][info][gc,alloc    ] GC(6) Y: Allocation Stalls:          0                0                0                0         
[2026-04-03T02:45:08.070+0600][20.579s][info][gc,load     ] GC(6) Y: Load: 4.80 (40%) / 5.29 (44%) / 5.53 (46%)
[2026-04-03T02:45:08.070+0600][20.579s][info][gc,mmu      ] GC(6) Y: MMU: 2ms/97.4%, 5ms/99.0%, 10ms/99.3%, 20ms/99.6%, 50ms/99.8%, 100ms/99.9%
[2026-04-03T02:45:08.070+0600][20.579s][info][gc,marking  ] GC(6) Y: Mark: 2 stripe(s), 1 proactive flush(es), 1 terminate flush(es), 0 completion(s), 0 continuation(s) 
[2026-04-03T02:45:08.070+0600][20.579s][info][gc,marking  ] GC(6) Y: Mark Stack Usage: 32M
[2026-04-03T02:45:08.070+0600][20.579s][info][gc,nmethod  ] GC(6) Y: NMethods: 9530 registered, 655 unregistered
[2026-04-03T02:45:08.070+0600][20.579s][info][gc,metaspace] GC(6) Y: Metaspace: 119M used, 120M committed, 1152M reserved
[2026-04-03T02:45:08.070+0600][20.579s][info][gc,reloc    ] GC(6) Y:                        Candidates     Selected     In-Place         Size        Empty    Relocated 
[2026-04-03T02:45:08.070+0600][20.579s][info][gc,reloc    ] GC(6) Y: Small Pages:                  387          231            0         774M         230M          16M 
[2026-04-03T02:45:08.070+0600][20.579s][info][gc,reloc    ] GC(6) Y: Medium Pages:                   6            2            0         192M          96M           2M 
[2026-04-03T02:45:08.070+0600][20.579s][info][gc,reloc    ] GC(6) Y: Large Pages:                   20            0            0         120M          72M           0M 
[2026-04-03T02:45:08.070+0600][20.579s][info][gc,reloc    ] GC(6) Y: Forwarding Usage: 13M
[2026-04-03T02:45:08.070+0600][20.579s][info][gc,reloc    ] GC(6) Y: Age Table:
[2026-04-03T02:45:08.070+0600][20.579s][info][gc,reloc    ] GC(6) Y:                    Live             Garbage             Small              Medium             Large        
[2026-04-03T02:45:08.070+0600][20.579s][info][gc,reloc    ] GC(6) Y: Eden              37M (2%)          884M (44%)        361 / 226            4 / 1             12 / 0        
[2026-04-03T02:45:08.070+0600][20.579s][info][gc,reloc    ] GC(6) Y: Survivor 1        62M (3%)           41M (2%)          12 / 3              1 / 0              8 / 0        
[2026-04-03T02:45:08.070+0600][20.579s][info][gc,reloc    ] GC(6) Y: Survivor 2         7M (0%)            0M (0%)           4 / 0              0 / 0              0 / 0        
[2026-04-03T02:45:08.070+0600][20.579s][info][gc,reloc    ] GC(6) Y: Survivor 3        10M (1%)           33M (2%)           6 / 1              1 / 1              0 / 0        
[2026-04-03T02:45:08.070+0600][20.579s][info][gc,reloc    ] GC(6) Y: Survivor 4         4M (0%)            3M (0%)           4 / 1              0 / 0              0 / 0        
[2026-04-03T02:45:08.070+0600][20.579s][info][gc,heap     ] GC(6) Y: Min Capacity: 8M(0%)
[2026-04-03T02:45:08.070+0600][20.579s][info][gc,heap     ] GC(6) Y: Max Capacity: 2000M(100%)
[2026-04-03T02:45:08.070+0600][20.579s][info][gc,heap     ] GC(6) Y: Soft Max Capacity: 2000M(100%)
[2026-04-03T02:45:08.070+0600][20.579s][info][gc,heap     ] GC(6) Y: Heap Statistics:
[2026-04-03T02:45:08.070+0600][20.579s][info][gc,heap     ] GC(6) Y:                Mark Start          Mark End        Relocate Start      Relocate End           High               Low         
[2026-04-03T02:45:08.070+0600][20.579s][info][gc,heap     ] GC(6) Y:  Capacity:     1138M (57%)        1140M (57%)        1140M (57%)        1140M (57%)        1140M (57%)        1138M (57%)    
[2026-04-03T02:45:08.070+0600][20.579s][info][gc,heap     ] GC(6) Y:      Free:      862M (43%)         860M (43%)        1258M (63%)        1784M (89%)        1784M (89%)         860M (43%)    
[2026-04-03T02:45:08.070+0600][20.579s][info][gc,heap     ] GC(6) Y:      Used:     1138M (57%)        1140M (57%)         742M (37%)         216M (11%)        1140M (57%)         216M (11%)    
[2026-04-03T02:45:08.070+0600][20.579s][info][gc,heap     ] GC(6) Y: Young Generation Statistics:
[2026-04-03T02:45:08.070+0600][20.579s][info][gc,heap     ] GC(6) Y:                Mark Start          Mark End        Relocate Start      Relocate End    
[2026-04-03T02:45:08.070+0600][20.579s][info][gc,heap     ] GC(6) Y:      Used:     1086M (54%)        1088M (54%)         590M (30%)           4M (0%)     
[2026-04-03T02:45:08.070+0600][20.579s][info][gc,heap     ] GC(6) Y:      Live:         -               122M (6%)           29M (1%)            0M (0%)     
[2026-04-03T02:45:08.070+0600][20.579s][info][gc,heap     ] GC(6) Y:   Garbage:         -               963M (48%)         558M (28%)           0M (0%)     
[2026-04-03T02:45:08.070+0600][20.579s][info][gc,heap     ] GC(6) Y: Allocated:         -                 2M (0%)            2M (0%)            4M (0%)     
[2026-04-03T02:45:08.070+0600][20.579s][info][gc,heap     ] GC(6) Y: Reclaimed:         -                  -               404M (20%)         963M (48%)    
[2026-04-03T02:45:08.070+0600][20.579s][info][gc,heap     ] GC(6) Y:  Promoted:         -                  -                93M (5%)          122M (6%)     
[2026-04-03T02:45:08.070+0600][20.579s][info][gc,heap     ] GC(6) Y: Compacted:         -                  -                  -                 0M (0%)     
[2026-04-03T02:45:08.070+0600][20.579s][info][gc,phases   ] GC(6) Y: Young Generation (Promote All) 1138M(57%)->216M(11%) 0.177s
[2026-04-03T02:45:08.070+0600][20.579s][info][gc,phases   ] GC(6) Y: Young Generation (Collect Roots)
[2026-04-03T02:45:08.070+0600][20.579s][info][gc,phases   ] GC(6) Y: Pause Mark Start (Major) 0.023ms
[2026-04-03T02:45:08.089+0600][20.598s][info][gc,phases   ] GC(6) Y: Concurrent Mark 18.670ms
[2026-04-03T02:45:08.089+0600][20.598s][info][gc,phases   ] GC(6) Y: Pause Mark End 0.022ms
[2026-04-03T02:45:08.089+0600][20.598s][info][gc,phases   ] GC(6) Y: Concurrent Mark Free 0.001ms
[2026-04-03T02:45:08.090+0600][20.598s][info][gc,phases   ] GC(6) Y: Concurrent Reset Relocation Set 0.078ms
[2026-04-03T02:45:08.094+0600][20.602s][info][gc,reloc    ] GC(6) Y: Using tenuring threshold: 1 (Computed)
[2026-04-03T02:45:08.094+0600][20.603s][info][gc,phases   ] GC(6) Y: Concurrent Select Relocation Set 4.586ms
[2026-04-03T02:45:08.094+0600][20.603s][info][gc,phases   ] GC(6) Y: Pause Relocate Start 0.011ms
[2026-04-03T02:45:08.095+0600][20.603s][info][gc,phases   ] GC(6) Y: Concurrent Relocate 0.201ms
[2026-04-03T02:45:08.095+0600][20.603s][info][gc,alloc    ] GC(6) Y:                         Mark Start        Mark End      Relocate Start    Relocate End   
[2026-04-03T02:45:08.095+0600][20.603s][info][gc,alloc    ] GC(6) Y: Allocation Stalls:          0                0                0                0         
[2026-04-03T02:45:08.095+0600][20.603s][info][gc,load     ] GC(6) Y: Load: 4.80 (40%) / 5.29 (44%) / 5.53 (46%)
[2026-04-03T02:45:08.095+0600][20.603s][info][gc,mmu      ] GC(6) Y: MMU: 2ms/97.4%, 5ms/99.0%, 10ms/99.3%, 20ms/99.6%, 50ms/99.8%, 100ms/99.9%
[2026-04-03T02:45:08.095+0600][20.603s][info][gc,marking  ] GC(6) Y: Mark: 2 stripe(s), 1 proactive flush(es), 1 terminate flush(es), 0 completion(s), 0 continuation(s) 
[2026-04-03T02:45:08.095+0600][20.603s][info][gc,marking  ] GC(6) Y: Mark Stack Usage: 32M
[2026-04-03T02:45:08.095+0600][20.603s][info][gc,nmethod  ] GC(6) Y: NMethods: 9530 registered, 655 unregistered
[2026-04-03T02:45:08.095+0600][20.603s][info][gc,metaspace] GC(6) Y: Metaspace: 119M used, 120M committed, 1152M reserved
[2026-04-03T02:45:08.095+0600][20.603s][info][gc,reloc    ] GC(6) Y:                        Candidates     Selected     In-Place         Size        Empty    Relocated 
[2026-04-03T02:45:08.095+0600][20.603s][info][gc,reloc    ] GC(6) Y: Small Pages:                    2            1            0           4M           0M           0M 
[2026-04-03T02:45:08.095+0600][20.603s][info][gc,reloc    ] GC(6) Y: Medium Pages:                   0            0            0           0M           0M           0M 
[2026-04-03T02:45:08.095+0600][20.603s][info][gc,reloc    ] GC(6) Y: Large Pages:                    0            0            0           0M           0M           0M 
[2026-04-03T02:45:08.095+0600][20.603s][info][gc,reloc    ] GC(6) Y: Forwarding Usage: 0M
[2026-04-03T02:45:08.095+0600][20.604s][info][gc,reloc    ] GC(6) Y: Age Table:
[2026-04-03T02:45:08.095+0600][20.604s][info][gc,reloc    ] GC(6) Y:                    Live             Garbage             Small              Medium             Large        
[2026-04-03T02:45:08.095+0600][20.604s][info][gc,reloc    ] GC(6) Y: Eden               0M (0%)            3M (0%)           2 / 1              0 / 0              0 / 0        
[2026-04-03T02:45:08.095+0600][20.604s][info][gc,heap     ] GC(6) Y: Min Capacity: 8M(0%)
[2026-04-03T02:45:08.095+0600][20.604s][info][gc,heap     ] GC(6) Y: Max Capacity: 2000M(100%)
[2026-04-03T02:45:08.095+0600][20.604s][info][gc,heap     ] GC(6) Y: Soft Max Capacity: 2000M(100%)
[2026-04-03T02:45:08.095+0600][20.604s][info][gc,heap     ] GC(6) Y: Heap Statistics:
[2026-04-03T02:45:08.095+0600][20.604s][info][gc,heap     ] GC(6) Y:                Mark Start          Mark End        Relocate Start      Relocate End           High               Low         
[2026-04-03T02:45:08.095+0600][20.604s][info][gc,heap     ] GC(6) Y:  Capacity:     1140M (57%)        1140M (57%)        1140M (57%)        1140M (57%)        1140M (57%)        1140M (57%)    
[2026-04-03T02:45:08.095+0600][20.604s][info][gc,heap     ] GC(6) Y:      Free:     1784M (89%)        1784M (89%)        1784M (89%)        1784M (89%)        1784M (89%)        1782M (89%)    
[2026-04-03T02:45:08.095+0600][20.604s][info][gc,heap     ] GC(6) Y:      Used:      216M (11%)         216M (11%)         216M (11%)         216M (11%)         218M (11%)         216M (11%)    
[2026-04-03T02:45:08.095+0600][20.604s][info][gc,heap     ] GC(6) Y: Young Generation Statistics:
[2026-04-03T02:45:08.095+0600][20.604s][info][gc,heap     ] GC(6) Y:                Mark Start          Mark End        Relocate Start      Relocate End    
[2026-04-03T02:45:08.095+0600][20.604s][info][gc,heap     ] GC(6) Y:      Used:        4M (0%)            4M (0%)            4M (0%)            4M (0%)     
[2026-04-03T02:45:08.095+0600][20.604s][info][gc,heap     ] GC(6) Y:      Live:         -                 0M (0%)            0M (0%)            0M (0%)     
[2026-04-03T02:45:08.095+0600][20.604s][info][gc,heap     ] GC(6) Y:   Garbage:         -                 3M (0%)            3M (0%)            0M (0%)     
[2026-04-03T02:45:08.095+0600][20.604s][info][gc,heap     ] GC(6) Y: Allocated:         -                 0M (0%)            0M (0%)            3M (0%)     
[2026-04-03T02:45:08.095+0600][20.604s][info][gc,heap     ] GC(6) Y: Reclaimed:         -                  -                 0M (0%)            3M (0%)     
[2026-04-03T02:45:08.095+0600][20.604s][info][gc,heap     ] GC(6) Y:  Promoted:         -                  -                 0M (0%)            0M (0%)     
[2026-04-03T02:45:08.095+0600][20.604s][info][gc,heap     ] GC(6) Y: Compacted:         -                  -                  -                 0M (0%)     
[2026-04-03T02:45:08.095+0600][20.604s][info][gc,phases   ] GC(6) Y: Young Generation (Collect Roots) 216M(11%)->216M(11%) 0.024s
[2026-04-03T02:45:08.095+0600][20.604s][info][gc,phases   ] GC(6) O: Old Generation
[2026-04-03T02:45:08.176+0600][20.685s][info][gc,phases   ] GC(6) O: Concurrent Mark 81.208ms
[2026-04-03T02:45:08.176+0600][20.685s][info][gc,phases   ] GC(6) O: Pause Mark End 0.028ms
[2026-04-03T02:45:08.176+0600][20.685s][info][gc,phases   ] GC(6) O: Concurrent Mark Free 0.001ms
[2026-04-03T02:45:08.202+0600][20.711s][info][gc,phases   ] GC(6) O: Concurrent Process Non-Strong 25.923ms
[2026-04-03T02:45:08.203+0600][20.711s][info][gc,phases   ] GC(6) O: Concurrent Reset Relocation Set 0.002ms
[2026-04-03T02:45:08.206+0600][20.715s][info][gc,phases   ] GC(6) O: Concurrent Select Relocation Set 3.862ms
[2026-04-03T02:45:08.206+0600][20.715s][info][gc,task     ] GC(6) O: Using 3 Workers for Old Generation
[2026-04-03T02:45:08.230+0600][20.738s][info][gc,task     ] GC(6) O: Using 3 Workers for Old Generation
[2026-04-03T02:45:08.230+0600][20.738s][info][gc,phases   ] GC(6) O: Concurrent Remap Roots 23.259ms
[2026-04-03T02:45:08.230+0600][20.739s][info][gc,phases   ] GC(6) O: Pause Relocate Start 0.027ms
[2026-04-03T02:45:08.242+0600][20.750s][info][gc,phases   ] GC(6) O: Concurrent Relocate 11.234ms
[2026-04-03T02:45:08.242+0600][20.750s][info][gc,alloc    ] GC(6) O:                         Mark Start        Mark End      Relocate Start    Relocate End   
[2026-04-03T02:45:08.242+0600][20.750s][info][gc,alloc    ] GC(6) O: Allocation Stalls:          0                0                0                0         
[2026-04-03T02:45:08.242+0600][20.750s][info][gc,load     ] GC(6) O: Load: 4.80 (40%) / 5.29 (44%) / 5.53 (46%)
[2026-04-03T02:45:08.242+0600][20.751s][info][gc,mmu      ] GC(6) O: MMU: 2ms/97.4%, 5ms/99.0%, 10ms/99.3%, 20ms/99.6%, 50ms/99.8%, 100ms/99.9%
[2026-04-03T02:45:08.242+0600][20.751s][info][gc,marking  ] GC(6) O: Mark: 2 stripe(s), 10 proactive flush(es), 1 terminate flush(es), 0 completion(s), 0 continuation(s) 
[2026-04-03T02:45:08.242+0600][20.751s][info][gc,marking  ] GC(6) O: Mark Stack Usage: 32M
[2026-04-03T02:45:08.242+0600][20.751s][info][gc,nmethod  ] GC(6) O: NMethods: 8862 registered, 1337 unregistered
[2026-04-03T02:45:08.242+0600][20.751s][info][gc,metaspace] GC(6) O: Metaspace: 118M used, 120M committed, 1152M reserved
[2026-04-03T02:45:08.242+0600][20.751s][info][gc,ref      ] GC(6) O:                       Encountered   Discovered     Enqueued 
[2026-04-03T02:45:08.242+0600][20.751s][info][gc,ref      ] GC(6) O: Soft References:             5906            0            0 
[2026-04-03T02:45:08.242+0600][20.751s][info][gc,ref      ] GC(6) O: Weak References:            21592        15039         7748 
[2026-04-03T02:45:08.242+0600][20.751s][info][gc,ref      ] GC(6) O: Final References:              84            0            0 
[2026-04-03T02:45:08.242+0600][20.751s][info][gc,ref      ] GC(6) O: Phantom References:           612          241            4 
[2026-04-03T02:45:08.242+0600][20.751s][info][gc,reloc    ] GC(6) O:                        Candidates     Selected     In-Place         Size        Empty    Relocated 
[2026-04-03T02:45:08.242+0600][20.751s][info][gc,reloc    ] GC(6) O: Small Pages:                   50            6            0         100M           0M           3M 
[2026-04-03T02:45:08.242+0600][20.751s][info][gc,reloc    ] GC(6) O: Medium Pages:                   2            1            0          64M           0M           5M 
[2026-04-03T02:45:08.242+0600][20.751s][info][gc,reloc    ] GC(6) O: Large Pages:                    8            0            0          48M          48M           0M 
[2026-04-03T02:45:08.242+0600][20.751s][info][gc,reloc    ] GC(6) O: Forwarding Usage: 3M
[2026-04-03T02:45:08.242+0600][20.751s][info][gc,heap     ] GC(6) O: Min Capacity: 8M(0%)
[2026-04-03T02:45:08.242+0600][20.751s][info][gc,heap     ] GC(6) O: Max Capacity: 2000M(100%)
[2026-04-03T02:45:08.242+0600][20.751s][info][gc,heap     ] GC(6) O: Soft Max Capacity: 2000M(100%)
[2026-04-03T02:45:08.242+0600][20.751s][info][gc,heap     ] GC(6) O: Heap Statistics:
[2026-04-03T02:45:08.242+0600][20.751s][info][gc,heap     ] GC(6) O:                Mark Start          Mark End        Relocate Start      Relocate End           High               Low         
[2026-04-03T02:45:08.242+0600][20.751s][info][gc,heap     ] GC(6) O:  Capacity:     1140M (57%)        1140M (57%)        1140M (57%)        1140M (57%)        1140M (57%)        1140M (57%)    
[2026-04-03T02:45:08.242+0600][20.751s][info][gc,heap     ] GC(6) O:      Free:     1784M (89%)        1782M (89%)        1824M (91%)        1862M (93%)        1862M (93%)        1782M (89%)    
[2026-04-03T02:45:08.242+0600][20.751s][info][gc,heap     ] GC(6) O:      Used:      216M (11%)         218M (11%)         176M (9%)          138M (7%)          218M (11%)         138M (7%)     
[2026-04-03T02:45:08.242+0600][20.751s][info][gc,heap     ] GC(6) O: Old Generation Statistics:
[2026-04-03T02:45:08.242+0600][20.751s][info][gc,heap     ] GC(6) O:                Mark Start          Mark End        Relocate Start      Relocate End    
[2026-04-03T02:45:08.242+0600][20.751s][info][gc,heap     ] GC(6) O:      Used:      212M (11%)         212M (11%)         164M (8%)          122M (6%)     
[2026-04-03T02:45:08.242+0600][20.751s][info][gc,heap     ] GC(6) O:      Live:         -                89M (4%)           89M (4%)           89M (4%)     
[2026-04-03T02:45:08.242+0600][20.751s][info][gc,heap     ] GC(6) O:   Garbage:         -               122M (6%)           74M (4%)            5M (0%)     
[2026-04-03T02:45:08.242+0600][20.751s][info][gc,heap     ] GC(6) O: Allocated:         -                 0M (0%)            0M (0%)           27M (1%)     
[2026-04-03T02:45:08.242+0600][20.751s][info][gc,heap     ] GC(6) O: Reclaimed:         -                  -                48M (2%)          117M (6%)     
[2026-04-03T02:45:08.242+0600][20.751s][info][gc,heap     ] GC(6) O: Compacted:         -                  -                  -                18M (1%)     
[2026-04-03T02:45:08.242+0600][20.751s][info][gc,phases   ] GC(6) O: Old Generation 216M(11%)->138M(7%) 0.147s
[2026-04-03T02:45:08.242+0600][20.751s][info][gc          ] GC(6) Major Collection (System.gc()) 1138M(57%)->138M(7%) 0.349s
[2026-04-03T02:45:09.472+0600][21.981s][info][gc          ] GC(7) Minor Collection (Allocation Rate)
[2026-04-03T02:45:09.472+0600][21.981s][info][gc,task     ] GC(7) Using 1 Workers for Young Generation
[2026-04-03T02:45:09.472+0600][21.981s][info][gc,phases   ] GC(7) y: Young Generation
[2026-04-03T02:45:09.482+0600][21.991s][info][gc,phases   ] GC(7) y: Pause Mark Start 0.039ms
[2026-04-03T02:45:09.592+0600][22.101s][info][gc,phases   ] GC(7) y: Concurrent Mark 109.836ms
[2026-04-03T02:45:09.593+0600][22.101s][info][gc,phases   ] GC(7) y: Pause Mark End 0.024ms
[2026-04-03T02:45:09.593+0600][22.102s][info][gc,phases   ] GC(7) y: Concurrent Mark Free 0.002ms
[2026-04-03T02:45:09.593+0600][22.102s][info][gc,phases   ] GC(7) y: Concurrent Reset Relocation Set 0.002ms
[2026-04-03T02:45:09.598+0600][22.107s][info][gc,reloc    ] GC(7) y: Using tenuring threshold: 1 (Computed)
[2026-04-03T02:45:09.598+0600][22.107s][info][gc,phases   ] GC(7) y: Concurrent Select Relocation Set 5.521ms
[2026-04-03T02:45:09.599+0600][22.107s][info][gc,phases   ] GC(7) y: Pause Relocate Start 0.016ms
[2026-04-03T02:45:09.606+0600][22.114s][info][gc,phases   ] GC(7) y: Concurrent Relocate 6.891ms
[2026-04-03T02:45:09.606+0600][22.114s][info][gc,alloc    ] GC(7) y:                         Mark Start        Mark End      Relocate Start    Relocate End   
[2026-04-03T02:45:09.606+0600][22.115s][info][gc,alloc    ] GC(7) y: Allocation Stalls:          0                0                0                0         
[2026-04-03T02:45:09.606+0600][22.115s][info][gc,load     ] GC(7) y: Load: 4.80 (40%) / 5.29 (44%) / 5.53 (46%)
[2026-04-03T02:45:09.606+0600][22.115s][info][gc,mmu      ] GC(7) y: MMU: 2ms/97.4%, 5ms/99.0%, 10ms/99.3%, 20ms/99.6%, 50ms/99.8%, 100ms/99.9%
[2026-04-03T02:45:09.606+0600][22.115s][info][gc,marking  ] GC(7) y: Mark: 1 stripe(s), 3 proactive flush(es), 1 terminate flush(es), 0 completion(s), 0 continuation(s) 
[2026-04-03T02:45:09.606+0600][22.115s][info][gc,marking  ] GC(7) y: Mark Stack Usage: 32M
[2026-04-03T02:45:09.606+0600][22.115s][info][gc,nmethod  ] GC(7) y: NMethods: 9806 registered, 1337 unregistered
[2026-04-03T02:45:09.606+0600][22.115s][info][gc,metaspace] GC(7) y: Metaspace: 120M used, 121M committed, 1152M reserved
[2026-04-03T02:45:09.606+0600][22.115s][info][gc,reloc    ] GC(7) y:                        Candidates     Selected     In-Place         Size        Empty    Relocated 
[2026-04-03T02:45:09.606+0600][22.115s][info][gc,reloc    ] GC(7) y: Small Pages:                   91           78            0         182M          18M           5M 
[2026-04-03T02:45:09.606+0600][22.115s][info][gc,reloc    ] GC(7) y: Medium Pages:                   1            0            0          32M          32M           0M 
[2026-04-03T02:45:09.606+0600][22.115s][info][gc,reloc    ] GC(7) y: Large Pages:                  114            0            0         684M         660M           0M 
[2026-04-03T02:45:09.606+0600][22.115s][info][gc,reloc    ] GC(7) y: Forwarding Usage: 0M
[2026-04-03T02:45:09.606+0600][22.115s][info][gc,reloc    ] GC(7) y: Age Table:
[2026-04-03T02:45:09.606+0600][22.115s][info][gc,reloc    ] GC(7) y:                    Live             Garbage             Small              Medium             Large        
[2026-04-03T02:45:09.606+0600][22.115s][info][gc,reloc    ] GC(7) y: Eden              30M (2%)          863M (43%)         89 / 78             1 / 0            114 / 0        
[2026-04-03T02:45:09.606+0600][22.115s][info][gc,reloc    ] GC(7) y: Survivor 1          -                 4M (0%)           2 / 0              0 / 0              0 / 0        
[2026-04-03T02:45:09.606+0600][22.115s][info][gc,heap     ] GC(7) y: Min Capacity: 8M(0%)
[2026-04-03T02:45:09.606+0600][22.115s][info][gc,heap     ] GC(7) y: Max Capacity: 2000M(100%)
[2026-04-03T02:45:09.606+0600][22.115s][info][gc,heap     ] GC(7) y: Soft Max Capacity: 2000M(100%)
[2026-04-03T02:45:09.606+0600][22.115s][info][gc,heap     ] GC(7) y: Heap Statistics:
[2026-04-03T02:45:09.606+0600][22.115s][info][gc,heap     ] GC(7) y:                Mark Start          Mark End        Relocate Start      Relocate End           High               Low         
[2026-04-03T02:45:09.606+0600][22.115s][info][gc,heap     ] GC(7) y:  Capacity:     1554M (78%)        1726M (86%)        1726M (86%)        1726M (86%)        1726M (86%)        1554M (78%)    
[2026-04-03T02:45:09.606+0600][22.115s][info][gc,heap     ] GC(7) y:      Free:      980M (49%)         820M (41%)        1518M (76%)        1664M (83%)        1664M (83%)         790M (40%)    
[2026-04-03T02:45:09.606+0600][22.115s][info][gc,heap     ] GC(7) y:      Used:     1020M (51%)        1180M (59%)         482M (24%)         336M (17%)        1210M (60%)         336M (17%)    
[2026-04-03T02:45:09.606+0600][22.115s][info][gc,heap     ] GC(7) y: Young Generation Statistics:
[2026-04-03T02:45:09.606+0600][22.115s][info][gc,heap     ] GC(7) y:                Mark Start          Mark End        Relocate Start      Relocate End    
[2026-04-03T02:45:09.606+0600][22.115s][info][gc,heap     ] GC(7) y:      Used:      898M (45%)        1058M (53%)         360M (18%)         214M (11%)    
[2026-04-03T02:45:09.606+0600][22.115s][info][gc,heap     ] GC(7) y:      Live:         -                30M (2%)           30M (2%)           30M (2%)     
[2026-04-03T02:45:09.606+0600][22.115s][info][gc,heap     ] GC(7) y:   Garbage:         -               867M (43%)         157M (8%)            0M (0%)     
[2026-04-03T02:45:09.606+0600][22.115s][info][gc,heap     ] GC(7) y: Allocated:         -               160M (8%)          172M (9%)          183M (9%)     
[2026-04-03T02:45:09.606+0600][22.115s][info][gc,heap     ] GC(7) y: Reclaimed:         -                  -               710M (36%)         867M (43%)    
[2026-04-03T02:45:09.606+0600][22.115s][info][gc,heap     ] GC(7) y:  Promoted:         -                  -                 0M (0%)            0M (0%)     
[2026-04-03T02:45:09.606+0600][22.115s][info][gc,heap     ] GC(7) y: Compacted:         -                  -                  -                 6M (0%)     
[2026-04-03T02:45:09.606+0600][22.115s][info][gc,phases   ] GC(7) y: Young Generation 1020M(51%)->336M(17%) 0.133s
[2026-04-03T02:45:09.606+0600][22.115s][info][gc          ] GC(7) Minor Collection (Allocation Rate) 1014M(51%)->336M(17%) 0.134s
[2026-04-03T02:45:11.376+0600][23.884s][info][gc          ] GC(8) Minor Collection (Allocation Rate)
[2026-04-03T02:45:11.376+0600][23.885s][info][gc,task     ] GC(8) Using 1 Workers for Young Generation
[2026-04-03T02:45:11.376+0600][23.885s][info][gc,phases   ] GC(8) y: Young Generation
[2026-04-03T02:45:11.376+0600][23.885s][info][gc,phases   ] GC(8) y: Pause Mark Start 0.032ms
[2026-04-03T02:45:11.444+0600][23.953s][info][gc,phases   ] GC(8) y: Concurrent Mark 67.280ms
[2026-04-03T02:45:11.445+0600][23.953s][info][gc,phases   ] GC(8) y: Pause Mark End 0.023ms
[2026-04-03T02:45:11.445+0600][23.953s][info][gc,phases   ] GC(8) y: Concurrent Mark Free 0.001ms
[2026-04-03T02:45:11.445+0600][23.953s][info][gc,phases   ] GC(8) y: Concurrent Reset Relocation Set 0.011ms
[2026-04-03T02:45:11.447+0600][23.956s][info][gc,reloc    ] GC(8) y: Using tenuring threshold: 2 (Computed)
[2026-04-03T02:45:11.449+0600][23.958s][info][gc,phases   ] GC(8) y: Concurrent Select Relocation Set 4.067ms
[2026-04-03T02:45:11.449+0600][23.958s][info][gc,phases   ] GC(8) y: Pause Relocate Start 0.017ms
[2026-04-03T02:45:11.463+0600][23.971s][info][gc,phases   ] GC(8) y: Concurrent Relocate 13.172ms
[2026-04-03T02:45:11.463+0600][23.971s][info][gc,alloc    ] GC(8) y:                         Mark Start        Mark End      Relocate Start    Relocate End   
[2026-04-03T02:45:11.463+0600][23.971s][info][gc,alloc    ] GC(8) y: Allocation Stalls:          0                0                0                0         
[2026-04-03T02:45:11.463+0600][23.971s][info][gc,load     ] GC(8) y: Load: 5.37 (45%) / 5.40 (45%) / 5.56 (46%)
[2026-04-03T02:45:11.463+0600][23.971s][info][gc,mmu      ] GC(8) y: MMU: 2ms/97.4%, 5ms/99.0%, 10ms/99.3%, 20ms/99.6%, 50ms/99.8%, 100ms/99.9%
[2026-04-03T02:45:11.463+0600][23.972s][info][gc,marking  ] GC(8) y: Mark: 1 stripe(s), 2 proactive flush(es), 1 terminate flush(es), 0 completion(s), 0 continuation(s) 
[2026-04-03T02:45:11.463+0600][23.972s][info][gc,marking  ] GC(8) y: Mark Stack Usage: 32M
[2026-04-03T02:45:11.463+0600][23.972s][info][gc,nmethod  ] GC(8) y: NMethods: 10940 registered, 0 unregistered
[2026-04-03T02:45:11.463+0600][23.972s][info][gc,metaspace] GC(8) y: Metaspace: 124M used, 126M committed, 1152M reserved
[2026-04-03T02:45:11.463+0600][23.972s][info][gc,reloc    ] GC(8) y:                        Candidates     Selected     In-Place         Size        Empty    Relocated 
[2026-04-03T02:45:11.463+0600][23.972s][info][gc,reloc    ] GC(8) y: Small Pages:                  186          161            0         372M          36M           8M 
[2026-04-03T02:45:11.463+0600][23.972s][info][gc,reloc    ] GC(8) y: Medium Pages:                   2            0            0          64M          64M           0M 
[2026-04-03T02:45:11.463+0600][23.972s][info][gc,reloc    ] GC(8) y: Large Pages:                   31            0            0         186M         186M           0M 
[2026-04-03T02:45:11.463+0600][23.972s][info][gc,reloc    ] GC(8) y: Forwarding Usage: 1M
[2026-04-03T02:45:11.463+0600][23.972s][info][gc,reloc    ] GC(8) y: Age Table:
[2026-04-03T02:45:11.463+0600][23.972s][info][gc,reloc    ] GC(8) y:                    Live             Garbage             Small              Medium             Large        
[2026-04-03T02:45:11.463+0600][23.972s][info][gc,reloc    ] GC(8) y: Eden               8M (0%)          573M (29%)        178 / 156            2 / 0             27 / 0        
[2026-04-03T02:45:11.463+0600][23.972s][info][gc,reloc    ] GC(8) y: Survivor 1         2M (0%)           37M (2%)           8 / 5              0 / 0              4 / 0        
[2026-04-03T02:45:11.463+0600][23.972s][info][gc,heap     ] GC(8) y: Min Capacity: 8M(0%)
[2026-04-03T02:45:11.463+0600][23.972s][info][gc,heap     ] GC(8) y: Max Capacity: 2000M(100%)
[2026-04-03T02:45:11.463+0600][23.972s][info][gc,heap     ] GC(8) y: Soft Max Capacity: 2000M(100%)
[2026-04-03T02:45:11.463+0600][23.972s][info][gc,heap     ] GC(8) y: Heap Statistics:
[2026-04-03T02:45:11.463+0600][23.972s][info][gc,heap     ] GC(8) y:                Mark Start          Mark End        Relocate Start      Relocate End           High               Low         
[2026-04-03T02:45:11.463+0600][23.972s][info][gc,heap     ] GC(8) y:  Capacity:     1726M (86%)        1726M (86%)        1726M (86%)        1726M (86%)        1726M (86%)        1726M (86%)    
[2026-04-03T02:45:11.463+0600][23.972s][info][gc,heap     ] GC(8) y:      Free:     1256M (63%)        1190M (60%)        1476M (74%)        1786M (89%)        1786M (89%)        1190M (60%)    
[2026-04-03T02:45:11.463+0600][23.972s][info][gc,heap     ] GC(8) y:      Used:      744M (37%)         810M (40%)         524M (26%)         214M (11%)         810M (40%)         214M (11%)    
[2026-04-03T02:45:11.463+0600][23.972s][info][gc,heap     ] GC(8) y: Young Generation Statistics:
[2026-04-03T02:45:11.463+0600][23.972s][info][gc,heap     ] GC(8) y:                Mark Start          Mark End        Relocate Start      Relocate End    
[2026-04-03T02:45:11.463+0600][23.972s][info][gc,heap     ] GC(8) y:      Used:      622M (31%)         688M (34%)         402M (20%)          92M (5%)     
[2026-04-03T02:45:11.463+0600][23.972s][info][gc,heap     ] GC(8) y:      Live:         -                11M (1%)           11M (1%)           11M (1%)     
[2026-04-03T02:45:11.463+0600][23.972s][info][gc,heap     ] GC(8) y:   Garbage:         -               610M (31%)         324M (16%)           0M (0%)     
[2026-04-03T02:45:11.463+0600][23.972s][info][gc,heap     ] GC(8) y: Allocated:         -                66M (3%)           66M (3%)           79M (4%)     
[2026-04-03T02:45:11.463+0600][23.972s][info][gc,heap     ] GC(8) y: Reclaimed:         -                  -               286M (14%)         609M (30%)    
[2026-04-03T02:45:11.463+0600][23.972s][info][gc,heap     ] GC(8) y:  Promoted:         -                  -                 0M (0%)            0M (0%)     
[2026-04-03T02:45:11.463+0600][23.972s][info][gc,heap     ] GC(8) y: Compacted:         -                  -                  -                10M (1%)     
[2026-04-03T02:45:11.463+0600][23.972s][info][gc,phases   ] GC(8) y: Young Generation 744M(37%)->214M(11%) 0.087s
[2026-04-03T02:45:11.463+0600][23.972s][info][gc          ] GC(8) Minor Collection (Allocation Rate) 744M(37%)->214M(11%) 0.088s
[2026-04-03T02:45:13.973+0600][26.482s][info][gc          ] GC(9) Minor Collection (Allocation Rate)
[2026-04-03T02:45:13.973+0600][26.482s][info][gc,task     ] GC(9) Using 1 Workers for Young Generation
[2026-04-03T02:45:13.973+0600][26.482s][info][gc,phases   ] GC(9) y: Young Generation
[2026-04-03T02:45:13.973+0600][26.482s][info][gc,phases   ] GC(9) y: Pause Mark Start 0.015ms
[2026-04-03T02:45:14.013+0600][26.522s][info][gc,phases   ] GC(9) y: Concurrent Mark 39.636ms
[2026-04-03T02:45:14.013+0600][26.522s][info][gc,phases   ] GC(9) y: Pause Mark End 0.017ms
[2026-04-03T02:45:14.014+0600][26.522s][info][gc,phases   ] GC(9) y: Concurrent Mark Free 0.001ms
[2026-04-03T02:45:14.014+0600][26.522s][info][gc,phases   ] GC(9) y: Concurrent Reset Relocation Set 0.011ms
[2026-04-03T02:45:14.015+0600][26.524s][info][gc,reloc    ] GC(9) y: Using tenuring threshold: 3 (Computed)
[2026-04-03T02:45:14.016+0600][26.525s][info][gc,phases   ] GC(9) y: Concurrent Select Relocation Set 2.314ms
[2026-04-03T02:45:14.016+0600][26.525s][info][gc,phases   ] GC(9) y: Pause Relocate Start 0.011ms
[2026-04-03T02:45:14.022+0600][26.531s][info][gc,phases   ] GC(9) y: Concurrent Relocate 5.490ms
[2026-04-03T02:45:14.022+0600][26.531s][info][gc,alloc    ] GC(9) y:                         Mark Start        Mark End      Relocate Start    Relocate End   
[2026-04-03T02:45:14.022+0600][26.531s][info][gc,alloc    ] GC(9) y: Allocation Stalls:          0                0                0                0         
[2026-04-03T02:45:14.022+0600][26.531s][info][gc,load     ] GC(9) y: Load: 5.37 (45%) / 5.40 (45%) / 5.56 (46%)
[2026-04-03T02:45:14.022+0600][26.531s][info][gc,mmu      ] GC(9) y: MMU: 2ms/97.4%, 5ms/99.0%, 10ms/99.3%, 20ms/99.6%, 50ms/99.8%, 100ms/99.9%
[2026-04-03T02:45:14.022+0600][26.531s][info][gc,marking  ] GC(9) y: Mark: 1 stripe(s), 2 proactive flush(es), 1 terminate flush(es), 0 completion(s), 0 continuation(s) 
[2026-04-03T02:45:14.022+0600][26.531s][info][gc,marking  ] GC(9) y: Mark Stack Usage: 32M
[2026-04-03T02:45:14.022+0600][26.531s][info][gc,nmethod  ] GC(9) y: NMethods: 12678 registered, 0 unregistered
[2026-04-03T02:45:14.022+0600][26.531s][info][gc,metaspace] GC(9) y: Metaspace: 126M used, 127M committed, 1152M reserved
[2026-04-03T02:45:14.022+0600][26.531s][info][gc,reloc    ] GC(9) y:                        Candidates     Selected     In-Place         Size        Empty    Relocated 
[2026-04-03T02:45:14.022+0600][26.531s][info][gc,reloc    ] GC(9) y: Small Pages:                  479          293            0         958M         360M           4M 
[2026-04-03T02:45:14.022+0600][26.531s][info][gc,reloc    ] GC(9) y: Medium Pages:                   6            0            0         192M         192M           0M 
[2026-04-03T02:45:14.022+0600][26.531s][info][gc,reloc    ] GC(9) y: Large Pages:                   23            0            0         138M         138M           0M 
[2026-04-03T02:45:14.022+0600][26.531s][info][gc,reloc    ] GC(9) y: Forwarding Usage: 1M
[2026-04-03T02:45:14.022+0600][26.531s][info][gc,reloc    ] GC(9) y: Age Table:
[2026-04-03T02:45:14.022+0600][26.531s][info][gc,reloc    ] GC(9) y:                    Live             Garbage             Small              Medium             Large        
[2026-04-03T02:45:14.022+0600][26.531s][info][gc,reloc    ] GC(9) y: Eden               3M (0%)         1260M (63%)        467 / 285            6 / 0             23 / 0        
[2026-04-03T02:45:14.022+0600][26.531s][info][gc,reloc    ] GC(9) y: Survivor 1         2M (0%)           11M (1%)           7 / 5              0 / 0              0 / 0        
[2026-04-03T02:45:14.022+0600][26.531s][info][gc,reloc    ] GC(9) y: Survivor 2         2M (0%)            7M (0%)           5 / 3              0 / 0              0 / 0        
[2026-04-03T02:45:14.022+0600][26.531s][info][gc,heap     ] GC(9) y: Min Capacity: 8M(0%)
[2026-04-03T02:45:14.022+0600][26.531s][info][gc,heap     ] GC(9) y: Max Capacity: 2000M(100%)
[2026-04-03T02:45:14.022+0600][26.531s][info][gc,heap     ] GC(9) y: Soft Max Capacity: 2000M(100%)
[2026-04-03T02:45:14.022+0600][26.531s][info][gc,heap     ] GC(9) y: Heap Statistics:
[2026-04-03T02:45:14.022+0600][26.531s][info][gc,heap     ] GC(9) y:                Mark Start          Mark End        Relocate Start      Relocate End           High               Low         
[2026-04-03T02:45:14.022+0600][26.531s][info][gc,heap     ] GC(9) y:  Capacity:     1822M (91%)        1854M (93%)        1854M (93%)        1854M (93%)        1854M (93%)        1822M (91%)    
[2026-04-03T02:45:14.022+0600][26.531s][info][gc,heap     ] GC(9) y:      Free:      590M (30%)         546M (27%)        1236M (62%)        1816M (91%)        1816M (91%)         546M (27%)    
[2026-04-03T02:45:14.022+0600][26.531s][info][gc,heap     ] GC(9) y:      Used:     1410M (70%)        1454M (73%)         764M (38%)         184M (9%)         1454M (73%)         184M (9%)     
[2026-04-03T02:45:14.022+0600][26.531s][info][gc,heap     ] GC(9) y: Young Generation Statistics:
[2026-04-03T02:45:14.022+0600][26.531s][info][gc,heap     ] GC(9) y:                Mark Start          Mark End        Relocate Start      Relocate End    
[2026-04-03T02:45:14.022+0600][26.531s][info][gc,heap     ] GC(9) y:      Used:     1288M (64%)        1332M (67%)         642M (32%)          62M (3%)     
[2026-04-03T02:45:14.022+0600][26.531s][info][gc,heap     ] GC(9) y:      Live:         -                 9M (0%)            9M (0%)            9M (0%)     
[2026-04-03T02:45:14.022+0600][26.531s][info][gc,heap     ] GC(9) y:   Garbage:         -              1278M (64%)         588M (29%)           1M (0%)     
[2026-04-03T02:45:14.022+0600][26.531s][info][gc,heap     ] GC(9) y: Allocated:         -                44M (2%)           44M (2%)           51M (3%)     
[2026-04-03T02:45:14.022+0600][26.531s][info][gc,heap     ] GC(9) y: Reclaimed:         -                  -               690M (34%)        1277M (64%)    
[2026-04-03T02:45:14.022+0600][26.531s][info][gc,heap     ] GC(9) y:  Promoted:         -                  -                 0M (0%)            0M (0%)     
[2026-04-03T02:45:14.022+0600][26.531s][info][gc,heap     ] GC(9) y: Compacted:         -                  -                  -                 4M (0%)     
[2026-04-03T02:45:14.022+0600][26.531s][info][gc,phases   ] GC(9) y: Young Generation 1410M(70%)->184M(9%) 0.049s
[2026-04-03T02:45:14.022+0600][26.531s][info][gc          ] GC(9) Minor Collection (Allocation Rate) 1410M(70%)->184M(9%) 0.049s
[2026-04-03T02:45:16.012+0600][28.521s][info][gc          ] GC(10) Minor Collection (Allocation Rate)
[2026-04-03T02:45:16.013+0600][28.521s][info][gc,task     ] GC(10) Using 1 Workers for Young Generation
[2026-04-03T02:45:16.013+0600][28.521s][info][gc,phases   ] GC(10) y: Young Generation
[2026-04-03T02:45:16.014+0600][28.523s][info][gc,phases   ] GC(10) y: Pause Mark Start 0.031ms
[2026-04-03T02:45:16.119+0600][28.628s][info][gc,phases   ] GC(10) y: Concurrent Mark 104.715ms
[2026-04-03T02:45:16.119+0600][28.628s][info][gc,phases   ] GC(10) y: Pause Mark End 0.025ms
[2026-04-03T02:45:16.119+0600][28.628s][info][gc,phases   ] GC(10) y: Concurrent Mark Free 0.001ms
[2026-04-03T02:45:16.119+0600][28.628s][info][gc,phases   ] GC(10) y: Concurrent Reset Relocation Set 0.033ms
[2026-04-03T02:45:16.123+0600][28.631s][info][gc,reloc    ] GC(10) y: Using tenuring threshold: 4 (Computed)
[2026-04-03T02:45:16.124+0600][28.633s][info][gc,phases   ] GC(10) y: Concurrent Select Relocation Set 4.896ms
[2026-04-03T02:45:16.125+0600][28.633s][info][gc,phases   ] GC(10) y: Pause Relocate Start 0.016ms
[2026-04-03T02:45:16.146+0600][28.655s][info][gc,phases   ] GC(10) y: Concurrent Relocate 21.566ms
[2026-04-03T02:45:16.147+0600][28.655s][info][gc,alloc    ] GC(10) y:                         Mark Start        Mark End      Relocate Start    Relocate End   
[2026-04-03T02:45:16.147+0600][28.656s][info][gc,alloc    ] GC(10) y: Allocation Stalls:          0                0                0                0         
[2026-04-03T02:45:16.147+0600][28.656s][info][gc,load     ] GC(10) y: Load: 5.83 (49%) / 5.50 (46%) / 5.59 (47%)
[2026-04-03T02:45:16.147+0600][28.656s][info][gc,mmu      ] GC(10) y: MMU: 2ms/97.4%, 5ms/99.0%, 10ms/99.3%, 20ms/99.6%, 50ms/99.8%, 100ms/99.9%
[2026-04-03T02:45:16.148+0600][28.656s][info][gc,marking  ] GC(10) y: Mark: 1 stripe(s), 2 proactive flush(es), 1 terminate flush(es), 0 completion(s), 0 continuation(s) 
[2026-04-03T02:45:16.148+0600][28.656s][info][gc,marking  ] GC(10) y: Mark Stack Usage: 32M
[2026-04-03T02:45:16.148+0600][28.656s][info][gc,nmethod  ] GC(10) y: NMethods: 13637 registered, 0 unregistered
[2026-04-03T02:45:16.148+0600][28.656s][info][gc,metaspace] GC(10) y: Metaspace: 127M used, 128M committed, 1152M reserved
[2026-04-03T02:45:16.148+0600][28.656s][info][gc,reloc    ] GC(10) y:                        Candidates     Selected     In-Place         Size        Empty    Relocated 
[2026-04-03T02:45:16.148+0600][28.656s][info][gc,reloc    ] GC(10) y: Small Pages:                  501          282            0        1002M         418M           8M 
[2026-04-03T02:45:16.148+0600][28.656s][info][gc,reloc    ] GC(10) y: Medium Pages:                   6            0            0         192M         192M           0M 
[2026-04-03T02:45:16.148+0600][28.656s][info][gc,reloc    ] GC(10) y: Large Pages:                   28            0            0         168M         168M           0M 
[2026-04-03T02:45:16.148+0600][28.656s][info][gc,reloc    ] GC(10) y: Forwarding Usage: 2M
[2026-04-03T02:45:16.148+0600][28.656s][info][gc,reloc    ] GC(10) y: Age Table:
[2026-04-03T02:45:16.148+0600][28.656s][info][gc,reloc    ] GC(10) y:                    Live             Garbage             Small              Medium             Large        
[2026-04-03T02:45:16.148+0600][28.657s][info][gc,reloc    ] GC(10) y: Eden               7M (0%)         1338M (67%)        493 / 279            6 / 0             28 / 0        
[2026-04-03T02:45:16.148+0600][28.657s][info][gc,reloc    ] GC(10) y: Survivor 1         3M (0%)            0M (0%)           2 / 0              0 / 0              0 / 0        
[2026-04-03T02:45:16.148+0600][28.657s][info][gc,reloc    ] GC(10) y: Survivor 2         2M (0%)            3M (0%)           3 / 1              0 / 0              0 / 0        
[2026-04-03T02:45:16.148+0600][28.657s][info][gc,reloc    ] GC(10) y: Survivor 3         2M (0%)            3M (0%)           3 / 2              0 / 0              0 / 0        
[2026-04-03T02:45:16.148+0600][28.657s][info][gc,heap     ] GC(10) y: Min Capacity: 8M(0%)
[2026-04-03T02:45:16.148+0600][28.657s][info][gc,heap     ] GC(10) y: Max Capacity: 2000M(100%)
[2026-04-03T02:45:16.148+0600][28.657s][info][gc,heap     ] GC(10) y: Soft Max Capacity: 2000M(100%)
[2026-04-03T02:45:16.148+0600][28.657s][info][gc,heap     ] GC(10) y: Heap Statistics:
[2026-04-03T02:45:16.148+0600][28.657s][info][gc,heap     ] GC(10) y:                Mark Start          Mark End        Relocate Start      Relocate End           High               Low         
[2026-04-03T02:45:16.148+0600][28.657s][info][gc,heap     ] GC(10) y:  Capacity:     1854M (93%)        1854M (93%)        1854M (93%)        1854M (93%)        1854M (93%)        1854M (93%)    
[2026-04-03T02:45:16.148+0600][28.657s][info][gc,heap     ] GC(10) y:      Free:      516M (26%)         400M (20%)        1178M (59%)        1720M (86%)        1720M (86%)         400M (20%)    
[2026-04-03T02:45:16.148+0600][28.657s][info][gc,heap     ] GC(10) y:      Used:     1484M (74%)        1600M (80%)         822M (41%)         280M (14%)        1600M (80%)         280M (14%)    
[2026-04-03T02:45:16.148+0600][28.657s][info][gc,heap     ] GC(10) y: Young Generation Statistics:
[2026-04-03T02:45:16.148+0600][28.657s][info][gc,heap     ] GC(10) y:                Mark Start          Mark End        Relocate Start      Relocate End    
[2026-04-03T02:45:16.148+0600][28.657s][info][gc,heap     ] GC(10) y:      Used:     1362M (68%)        1478M (74%)         700M (35%)         158M (8%)     
[2026-04-03T02:45:16.148+0600][28.657s][info][gc,heap     ] GC(10) y:      Live:         -                17M (1%)           17M (1%)           17M (1%)     
[2026-04-03T02:45:16.148+0600][28.657s][info][gc,heap     ] GC(10) y:   Garbage:         -              1344M (67%)         566M (28%)           0M (0%)     
[2026-04-03T02:45:16.148+0600][28.657s][info][gc,heap     ] GC(10) y: Allocated:         -               116M (6%)          116M (6%)          139M (7%)     
[2026-04-03T02:45:16.148+0600][28.657s][info][gc,heap     ] GC(10) y: Reclaimed:         -                  -               778M (39%)        1343M (67%)    
[2026-04-03T02:45:16.148+0600][28.657s][info][gc,heap     ] GC(10) y:  Promoted:         -                  -                 0M (0%)            0M (0%)     
[2026-04-03T02:45:16.148+0600][28.657s][info][gc,heap     ] GC(10) y: Compacted:         -                  -                  -                10M (1%)     
[2026-04-03T02:45:16.148+0600][28.657s][info][gc,phases   ] GC(10) y: Young Generation 1482M(74%)->280M(14%) 0.134s
[2026-04-03T02:45:16.148+0600][28.657s][info][gc          ] GC(10) Minor Collection (Allocation Rate) 1480M(74%)->280M(14%) 0.136s
[2026-04-03T02:45:16.576+0600][29.085s][info][gc          ] GC(11) Minor Collection (Allocation Rate)
[2026-04-03T02:45:16.577+0600][29.085s][info][gc,task     ] GC(11) Using 1 Workers for Young Generation
[2026-04-03T02:45:16.577+0600][29.085s][info][gc,phases   ] GC(11) y: Young Generation
[2026-04-03T02:45:16.582+0600][29.091s][info][gc,phases   ] GC(11) y: Pause Mark Start 0.032ms
[2026-04-03T02:45:16.675+0600][29.183s][info][gc,phases   ] GC(11) y: Concurrent Mark 91.965ms
[2026-04-03T02:45:16.675+0600][29.184s][info][gc,phases   ] GC(11) y: Pause Mark End 0.035ms
[2026-04-03T02:45:16.675+0600][29.184s][info][gc,phases   ] GC(11) y: Concurrent Mark Free 0.003ms
[2026-04-03T02:45:16.675+0600][29.184s][info][gc,phases   ] GC(11) y: Concurrent Reset Relocation Set 0.033ms
[2026-04-03T02:45:16.679+0600][29.188s][info][gc,reloc    ] GC(11) y: Using tenuring threshold: 5 (Computed)
[2026-04-03T02:45:16.680+0600][29.189s][info][gc,phases   ] GC(11) y: Concurrent Select Relocation Set 4.599ms
[2026-04-03T02:45:16.680+0600][29.189s][info][gc,phases   ] GC(11) y: Pause Relocate Start 0.030ms
[2026-04-03T02:45:16.689+0600][29.197s][info][gc,phases   ] GC(11) y: Concurrent Relocate 8.383ms
[2026-04-03T02:45:16.689+0600][29.197s][info][gc,alloc    ] GC(11) y:                         Mark Start        Mark End      Relocate Start    Relocate End   
[2026-04-03T02:45:16.689+0600][29.197s][info][gc,alloc    ] GC(11) y: Allocation Stalls:          0                0                0                0         
[2026-04-03T02:45:16.689+0600][29.197s][info][gc,load     ] GC(11) y: Load: 5.83 (49%) / 5.50 (46%) / 5.59 (47%)
[2026-04-03T02:45:16.689+0600][29.197s][info][gc,mmu      ] GC(11) y: MMU: 2ms/97.4%, 5ms/99.0%, 10ms/99.3%, 20ms/99.6%, 50ms/99.8%, 100ms/99.9%
[2026-04-03T02:45:16.689+0600][29.198s][info][gc,marking  ] GC(11) y: Mark: 1 stripe(s), 2 proactive flush(es), 1 terminate flush(es), 0 completion(s), 0 continuation(s) 
[2026-04-03T02:45:16.689+0600][29.198s][info][gc,marking  ] GC(11) y: Mark Stack Usage: 32M
[2026-04-03T02:45:16.689+0600][29.198s][info][gc,nmethod  ] GC(11) y: NMethods: 13884 registered, 0 unregistered
[2026-04-03T02:45:16.689+0600][29.198s][info][gc,metaspace] GC(11) y: Metaspace: 127M used, 128M committed, 1152M reserved
[2026-04-03T02:45:16.689+0600][29.198s][info][gc,reloc    ] GC(11) y:                        Candidates     Selected     In-Place         Size        Empty    Relocated 
[2026-04-03T02:45:16.689+0600][29.198s][info][gc,reloc    ] GC(11) y: Small Pages:                  213           83            0         426M         236M           5M 
[2026-04-03T02:45:16.689+0600][29.198s][info][gc,reloc    ] GC(11) y: Medium Pages:                   2            0            0          64M          64M           0M 
[2026-04-03T02:45:16.689+0600][29.198s][info][gc,reloc    ] GC(11) y: Large Pages:                   99            0            0         594M         570M           0M 
[2026-04-03T02:45:16.689+0600][29.198s][info][gc,reloc    ] GC(11) y: Forwarding Usage: 1M
[2026-04-03T02:45:16.689+0600][29.198s][info][gc,reloc    ] GC(11) y: Age Table:
[2026-04-03T02:45:16.689+0600][29.198s][info][gc,reloc    ] GC(11) y:                    Live             Garbage             Small              Medium             Large        
[2026-04-03T02:45:16.689+0600][29.198s][info][gc,reloc    ] GC(11) y: Eden              29M (1%)         1014M (51%)        193 / 72             2 / 0             99 / 0        
[2026-04-03T02:45:16.689+0600][29.198s][info][gc,reloc    ] GC(11) y: Survivor 1         5M (0%)           18M (1%)          12 / 8              0 / 0              0 / 0        
[2026-04-03T02:45:16.689+0600][29.198s][info][gc,reloc    ] GC(11) y: Survivor 2         3M (0%)            0M (0%)           2 / 0              0 / 0              0 / 0        
[2026-04-03T02:45:16.689+0600][29.198s][info][gc,reloc    ] GC(11) y: Survivor 3         2M (0%)            3M (0%)           3 / 2              0 / 0              0 / 0        
[2026-04-03T02:45:16.689+0600][29.198s][info][gc,reloc    ] GC(11) y: Survivor 4         2M (0%)            3M (0%)           3 / 1              0 / 0              0 / 0        
[2026-04-03T02:45:16.689+0600][29.198s][info][gc,heap     ] GC(11) y: Min Capacity: 8M(0%)
[2026-04-03T02:45:16.689+0600][29.198s][info][gc,heap     ] GC(11) y: Max Capacity: 2000M(100%)
[2026-04-03T02:45:16.689+0600][29.198s][info][gc,heap     ] GC(11) y: Soft Max Capacity: 2000M(100%)
[2026-04-03T02:45:16.689+0600][29.198s][info][gc,heap     ] GC(11) y: Heap Statistics:
[2026-04-03T02:45:16.689+0600][29.198s][info][gc,heap     ] GC(11) y:                Mark Start          Mark End        Relocate Start      Relocate End           High               Low         
[2026-04-03T02:45:16.689+0600][29.198s][info][gc,heap     ] GC(11) y:  Capacity:     1908M (95%)        2000M (100%)       2000M (100%)       2000M (100%)       2000M (100%)       1908M (95%)    
[2026-04-03T02:45:16.689+0600][29.198s][info][gc,heap     ] GC(11) y:      Free:      794M (40%)         580M (29%)        1394M (70%)        1536M (77%)        1538M (77%)         580M (29%)    
[2026-04-03T02:45:16.689+0600][29.198s][info][gc,heap     ] GC(11) y:      Used:     1206M (60%)        1420M (71%)         606M (30%)         464M (23%)        1420M (71%)         462M (23%)    
[2026-04-03T02:45:16.689+0600][29.198s][info][gc,heap     ] GC(11) y: Young Generation Statistics:
[2026-04-03T02:45:16.689+0600][29.198s][info][gc,heap     ] GC(11) y:                Mark Start          Mark End        Relocate Start      Relocate End    
[2026-04-03T02:45:16.689+0600][29.198s][info][gc,heap     ] GC(11) y:      Used:     1084M (54%)        1298M (65%)         484M (24%)         342M (17%)    
[2026-04-03T02:45:16.689+0600][29.198s][info][gc,heap     ] GC(11) y:      Live:         -                43M (2%)           43M (2%)           43M (2%)     
[2026-04-03T02:45:16.689+0600][29.198s][info][gc,heap     ] GC(11) y:   Garbage:         -              1040M (52%)         170M (9%)            2M (0%)     
[2026-04-03T02:45:16.689+0600][29.198s][info][gc,heap     ] GC(11) y: Allocated:         -               214M (11%)         270M (14%)         295M (15%)    
[2026-04-03T02:45:16.689+0600][29.198s][info][gc,heap     ] GC(11) y: Reclaimed:         -                  -               870M (44%)        1037M (52%)    
[2026-04-03T02:45:16.689+0600][29.198s][info][gc,heap     ] GC(11) y:  Promoted:         -                  -                 0M (0%)            0M (0%)     
[2026-04-03T02:45:16.689+0600][29.198s][info][gc,heap     ] GC(11) y: Compacted:         -                  -                  -                 8M (0%)     
[2026-04-03T02:45:16.689+0600][29.198s][info][gc,phases   ] GC(11) y: Young Generation 1206M(60%)->464M(23%) 0.112s
[2026-04-03T02:45:16.689+0600][29.198s][info][gc          ] GC(11) Minor Collection (Allocation Rate) 1206M(60%)->464M(23%) 0.113s
[2026-04-03T02:45:17.586+0600][30.095s][info][gc          ] GC(12) Minor Collection (Allocation Rate)
[2026-04-03T02:45:17.586+0600][30.095s][info][gc,task     ] GC(12) Using 1 Workers for Young Generation
[2026-04-03T02:45:17.586+0600][30.095s][info][gc,phases   ] GC(12) y: Young Generation
[2026-04-03T02:45:17.587+0600][30.096s][info][gc,phases   ] GC(12) y: Pause Mark Start 0.023ms
[2026-04-03T02:45:17.690+0600][30.198s][info][gc,phases   ] GC(12) y: Concurrent Mark 102.320ms
[2026-04-03T02:45:17.690+0600][30.199s][info][gc,phases   ] GC(12) y: Pause Mark End 0.057ms
[2026-04-03T02:45:17.690+0600][30.199s][info][gc,phases   ] GC(12) y: Concurrent Mark Free 0.002ms
[2026-04-03T02:45:17.690+0600][30.199s][info][gc,phases   ] GC(12) y: Concurrent Reset Relocation Set 0.014ms
[2026-04-03T02:45:17.696+0600][30.205s][info][gc,reloc    ] GC(12) y: Using tenuring threshold: 6 (Computed)
[2026-04-03T02:45:17.697+0600][30.206s][info][gc,phases   ] GC(12) y: Concurrent Select Relocation Set 6.929ms
[2026-04-03T02:45:17.697+0600][30.206s][info][gc,phases   ] GC(12) y: Pause Relocate Start 0.016ms
[2026-04-03T02:45:17.716+0600][30.225s][info][gc,phases   ] GC(12) y: Concurrent Relocate 19.026ms
[2026-04-03T02:45:17.717+0600][30.225s][info][gc,alloc    ] GC(12) y:                         Mark Start        Mark End      Relocate Start    Relocate End   
[2026-04-03T02:45:17.717+0600][30.225s][info][gc,alloc    ] GC(12) y: Allocation Stalls:          0                0                0                0         
[2026-04-03T02:45:17.717+0600][30.225s][info][gc,load     ] GC(12) y: Load: 5.83 (49%) / 5.50 (46%) / 5.59 (47%)
[2026-04-03T02:45:17.717+0600][30.225s][info][gc,mmu      ] GC(12) y: MMU: 2ms/97.2%, 5ms/98.9%, 10ms/99.3%, 20ms/99.6%, 50ms/99.8%, 100ms/99.9%
[2026-04-03T02:45:17.717+0600][30.225s][info][gc,marking  ] GC(12) y: Mark: 1 stripe(s), 2 proactive flush(es), 1 terminate flush(es), 0 completion(s), 0 continuation(s) 
[2026-04-03T02:45:17.717+0600][30.225s][info][gc,marking  ] GC(12) y: Mark Stack Usage: 32M
[2026-04-03T02:45:17.717+0600][30.225s][info][gc,nmethod  ] GC(12) y: NMethods: 14208 registered, 0 unregistered
[2026-04-03T02:45:17.717+0600][30.225s][info][gc,metaspace] GC(12) y: Metaspace: 127M used, 129M committed, 1152M reserved
[2026-04-03T02:45:17.717+0600][30.225s][info][gc,reloc    ] GC(12) y:                        Candidates     Selected     In-Place         Size        Empty    Relocated 
[2026-04-03T02:45:17.717+0600][30.225s][info][gc,reloc    ] GC(12) y: Small Pages:                  251          184            0         502M         110M           7M 
[2026-04-03T02:45:17.717+0600][30.225s][info][gc,reloc    ] GC(12) y: Medium Pages:                   3            0            0          96M          96M           0M 
[2026-04-03T02:45:17.717+0600][30.225s][info][gc,reloc    ] GC(12) y: Large Pages:                   51            0            0         306M         306M           0M 
[2026-04-03T02:45:17.717+0600][30.225s][info][gc,reloc    ] GC(12) y: Forwarding Usage: 2M
[2026-04-03T02:45:17.717+0600][30.225s][info][gc,reloc    ] GC(12) y: Age Table:
[2026-04-03T02:45:17.717+0600][30.225s][info][gc,reloc    ] GC(12) y:                    Live             Garbage             Small              Medium             Large        
[2026-04-03T02:45:17.717+0600][30.225s][info][gc,reloc    ] GC(12) y: Eden               4M (0%)          831M (42%)        229 / 175            3 / 0             47 / 0        
[2026-04-03T02:45:17.717+0600][30.225s][info][gc,reloc    ] GC(12) y: Survivor 1         1M (0%)           36M (2%)           7 / 1              0 / 0              4 / 0        
[2026-04-03T02:45:17.717+0600][30.226s][info][gc,reloc    ] GC(12) y: Survivor 2         5M (0%)            6M (0%)           6 / 4              0 / 0              0 / 0        
[2026-04-03T02:45:17.717+0600][30.226s][info][gc,reloc    ] GC(12) y: Survivor 3         3M (0%)            0M (0%)           2 / 0              0 / 0              0 / 0        
[2026-04-03T02:45:17.717+0600][30.226s][info][gc,reloc    ] GC(12) y: Survivor 4         2M (0%)            5M (0%)           4 / 3              0 / 0              0 / 0        
[2026-04-03T02:45:17.717+0600][30.226s][info][gc,reloc    ] GC(12) y: Survivor 5         2M (0%)            3M (0%)           3 / 1              0 / 0              0 / 0        
[2026-04-03T02:45:17.717+0600][30.226s][info][gc,heap     ] GC(12) y: Min Capacity: 8M(0%)
[2026-04-03T02:45:17.717+0600][30.226s][info][gc,heap     ] GC(12) y: Max Capacity: 2000M(100%)
[2026-04-03T02:45:17.717+0600][30.226s][info][gc,heap     ] GC(12) y: Soft Max Capacity: 2000M(100%)
[2026-04-03T02:45:17.717+0600][30.226s][info][gc,heap     ] GC(12) y: Heap Statistics:
[2026-04-03T02:45:17.717+0600][30.226s][info][gc,heap     ] GC(12) y:                Mark Start          Mark End        Relocate Start      Relocate End           High               Low         
[2026-04-03T02:45:17.717+0600][30.226s][info][gc,heap     ] GC(12) y:  Capacity:     2000M (100%)       2000M (100%)       2000M (100%)       2000M (100%)       2000M (100%)       2000M (100%)   
[2026-04-03T02:45:17.717+0600][30.226s][info][gc,heap     ] GC(12) y:      Free:      974M (49%)         876M (44%)        1388M (69%)        1696M (85%)        1706M (85%)         876M (44%)    
[2026-04-03T02:45:17.717+0600][30.226s][info][gc,heap     ] GC(12) y:      Used:     1026M (51%)        1124M (56%)         612M (31%)         304M (15%)        1124M (56%)         294M (15%)    
[2026-04-03T02:45:17.717+0600][30.226s][info][gc,heap     ] GC(12) y: Young Generation Statistics:
[2026-04-03T02:45:17.717+0600][30.226s][info][gc,heap     ] GC(12) y:                Mark Start          Mark End        Relocate Start      Relocate End    
[2026-04-03T02:45:17.717+0600][30.226s][info][gc,heap     ] GC(12) y:      Used:      904M (45%)        1002M (50%)         490M (24%)         182M (9%)     
[2026-04-03T02:45:17.717+0600][30.226s][info][gc,heap     ] GC(12) y:      Live:         -                21M (1%)           21M (1%)           21M (1%)     
[2026-04-03T02:45:17.717+0600][30.226s][info][gc,heap     ] GC(12) y:   Garbage:         -               882M (44%)         370M (19%)           1M (0%)     
[2026-04-03T02:45:17.717+0600][30.226s][info][gc,heap     ] GC(12) y: Allocated:         -                98M (5%)           98M (5%)          159M (8%)     
[2026-04-03T02:45:17.717+0600][30.226s][info][gc,heap     ] GC(12) y: Reclaimed:         -                  -               512M (26%)         881M (44%)    
[2026-04-03T02:45:17.717+0600][30.226s][info][gc,heap     ] GC(12) y:  Promoted:         -                  -                 0M (0%)            0M (0%)     
[2026-04-03T02:45:17.717+0600][30.226s][info][gc,heap     ] GC(12) y: Compacted:         -                  -                  -                10M (1%)     
[2026-04-03T02:45:17.717+0600][30.226s][info][gc,phases   ] GC(12) y: Young Generation 1026M(51%)->304M(15%) 0.130s
[2026-04-03T02:45:17.717+0600][30.226s][info][gc          ] GC(12) Minor Collection (Allocation Rate) 1026M(51%)->304M(15%) 0.131s
[2026-04-03T02:45:19.178+0600][31.687s][info][gc          ] GC(13) Minor Collection (Allocation Rate)
[2026-04-03T02:45:19.178+0600][31.687s][info][gc,task     ] GC(13) Using 1 Workers for Young Generation
[2026-04-03T02:45:19.178+0600][31.687s][info][gc,phases   ] GC(13) y: Young Generation
[2026-04-03T02:45:19.178+0600][31.687s][info][gc,phases   ] GC(13) y: Pause Mark Start 0.027ms
[2026-04-03T02:45:19.285+0600][31.794s][info][gc,phases   ] GC(13) y: Concurrent Mark 106.510ms
[2026-04-03T02:45:19.285+0600][31.794s][info][gc,phases   ] GC(13) y: Pause Mark End 0.028ms
[2026-04-03T02:45:19.285+0600][31.794s][info][gc,phases   ] GC(13) y: Concurrent Mark Free 0.002ms
[2026-04-03T02:45:19.286+0600][31.794s][info][gc,phases   ] GC(13) y: Concurrent Reset Relocation Set 0.023ms
[2026-04-03T02:45:19.289+0600][31.798s][info][gc,reloc    ] GC(13) y: Using tenuring threshold: 6 (Computed)
[2026-04-03T02:45:19.293+0600][31.802s][info][gc,phases   ] GC(13) y: Concurrent Select Relocation Set 7.340ms
[2026-04-03T02:45:19.294+0600][31.803s][info][gc,phases   ] GC(13) y: Pause Relocate Start 0.027ms
[2026-04-03T02:45:19.315+0600][31.823s][info][gc,phases   ] GC(13) y: Concurrent Relocate 20.521ms
[2026-04-03T02:45:19.315+0600][31.823s][info][gc,alloc    ] GC(13) y:                         Mark Start        Mark End      Relocate Start    Relocate End   
[2026-04-03T02:45:19.315+0600][31.823s][info][gc,alloc    ] GC(13) y: Allocation Stalls:          0                0                0                0         
[2026-04-03T02:45:19.315+0600][31.823s][info][gc,load     ] GC(13) y: Load: 5.83 (49%) / 5.50 (46%) / 5.59 (47%)
[2026-04-03T02:45:19.315+0600][31.823s][info][gc,mmu      ] GC(13) y: MMU: 2ms/97.2%, 5ms/98.9%, 10ms/99.3%, 20ms/99.6%, 50ms/99.8%, 100ms/99.9%
[2026-04-03T02:45:19.315+0600][31.823s][info][gc,marking  ] GC(13) y: Mark: 1 stripe(s), 2 proactive flush(es), 1 terminate flush(es), 0 completion(s), 0 continuation(s) 
[2026-04-03T02:45:19.315+0600][31.823s][info][gc,marking  ] GC(13) y: Mark Stack Usage: 32M
[2026-04-03T02:45:19.315+0600][31.823s][info][gc,nmethod  ] GC(13) y: NMethods: 14543 registered, 0 unregistered
[2026-04-03T02:45:19.315+0600][31.823s][info][gc,metaspace] GC(13) y: Metaspace: 127M used, 129M committed, 1152M reserved
[2026-04-03T02:45:19.315+0600][31.824s][info][gc,reloc    ] GC(13) y:                        Candidates     Selected     In-Place         Size        Empty    Relocated 
[2026-04-03T02:45:19.315+0600][31.824s][info][gc,reloc    ] GC(13) y: Small Pages:                  466          266            0         932M         372M           8M 
[2026-04-03T02:45:19.315+0600][31.824s][info][gc,reloc    ] GC(13) y: Medium Pages:                   5            0            0         160M         160M           0M 
[2026-04-03T02:45:19.315+0600][31.824s][info][gc,reloc    ] GC(13) y: Large Pages:                   21            0            0         126M         126M           0M 
[2026-04-03T02:45:19.315+0600][31.824s][info][gc,reloc    ] GC(13) y: Forwarding Usage: 2M
[2026-04-03T02:45:19.315+0600][31.824s][info][gc,reloc    ] GC(13) y: Age Table:
[2026-04-03T02:45:19.315+0600][31.824s][info][gc,reloc    ] GC(13) y:                    Live             Garbage             Small              Medium             Large        
[2026-04-03T02:45:19.315+0600][31.824s][info][gc,reloc    ] GC(13) y: Eden               5M (0%)         1134M (57%)        427 / 237            5 / 0             21 / 0        
[2026-04-03T02:45:19.315+0600][31.824s][info][gc,reloc    ] GC(13) y: Survivor 1         2M (0%)            5M (0%)           4 / 2              0 / 0              0 / 0        
[2026-04-03T02:45:19.315+0600][31.824s][info][gc,reloc    ] GC(13) y: Survivor 2         1M (0%)           20M (1%)          11 / 11             0 / 0              0 / 0        
[2026-04-03T02:45:19.315+0600][31.824s][info][gc,reloc    ] GC(13) y: Survivor 3         5M (0%)            8M (0%)           7 / 4              0 / 0              0 / 0        
[2026-04-03T02:45:19.315+0600][31.824s][info][gc,reloc    ] GC(13) y: Survivor 4         3M (0%)            0M (0%)           2 / 0              0 / 0              0 / 0        
[2026-04-03T02:45:19.315+0600][31.824s][info][gc,reloc    ] GC(13) y: Survivor 5         2M (0%)           11M (1%)           7 / 6              0 / 0              0 / 0        
[2026-04-03T02:45:19.315+0600][31.824s][info][gc,reloc    ] GC(13) y: Survivor 6         2M (0%)           13M (1%)           8 / 6              0 / 0              0 / 0        
[2026-04-03T02:45:19.315+0600][31.824s][info][gc,heap     ] GC(13) y: Min Capacity: 8M(0%)
[2026-04-03T02:45:19.315+0600][31.824s][info][gc,heap     ] GC(13) y: Max Capacity: 2000M(100%)
[2026-04-03T02:45:19.315+0600][31.824s][info][gc,heap     ] GC(13) y: Soft Max Capacity: 2000M(100%)
[2026-04-03T02:45:19.315+0600][31.824s][info][gc,heap     ] GC(13) y: Heap Statistics:
[2026-04-03T02:45:19.315+0600][31.824s][info][gc,heap     ] GC(13) y:                Mark Start          Mark End        Relocate Start      Relocate End           High               Low         
[2026-04-03T02:45:19.315+0600][31.824s][info][gc,heap     ] GC(13) y:  Capacity:     2000M (100%)       2000M (100%)       2000M (100%)       2000M (100%)       2000M (100%)       2000M (100%)   
[2026-04-03T02:45:19.315+0600][31.824s][info][gc,heap     ] GC(13) y:      Free:      660M (33%)         562M (28%)        1216M (61%)        1680M (84%)        1682M (84%)         562M (28%)    
[2026-04-03T02:45:19.315+0600][31.824s][info][gc,heap     ] GC(13) y:      Used:     1340M (67%)        1438M (72%)         784M (39%)         320M (16%)        1438M (72%)         318M (16%)    
[2026-04-03T02:45:19.315+0600][31.824s][info][gc,heap     ] GC(13) y: Young Generation Statistics:
[2026-04-03T02:45:19.315+0600][31.824s][info][gc,heap     ] GC(13) y:                Mark Start          Mark End        Relocate Start      Relocate End    
[2026-04-03T02:45:19.315+0600][31.824s][info][gc,heap     ] GC(13) y:      Used:     1218M (61%)        1316M (66%)         660M (33%)         184M (9%)     
[2026-04-03T02:45:19.315+0600][31.824s][info][gc,heap     ] GC(13) y:      Live:         -                24M (1%)           22M (1%)           21M (1%)     
[2026-04-03T02:45:19.315+0600][31.824s][info][gc,heap     ] GC(13) y:   Garbage:         -              1193M (60%)         535M (27%)           1M (0%)     
[2026-04-03T02:45:19.315+0600][31.824s][info][gc,heap     ] GC(13) y: Allocated:         -                98M (5%)          102M (5%)          161M (8%)     
[2026-04-03T02:45:19.315+0600][31.824s][info][gc,heap     ] GC(13) y: Reclaimed:         -                  -               658M (33%)        1192M (60%)    
[2026-04-03T02:45:19.315+0600][31.824s][info][gc,heap     ] GC(13) y:  Promoted:         -                  -                 1M (0%)            2M (0%)     
[2026-04-03T02:45:19.315+0600][31.824s][info][gc,heap     ] GC(13) y: Compacted:         -                  -                  -                10M (1%)     
[2026-04-03T02:45:19.315+0600][31.824s][info][gc,phases   ] GC(13) y: Young Generation 1340M(67%)->320M(16%) 0.137s
[2026-04-03T02:45:19.315+0600][31.824s][info][gc          ] GC(13) Minor Collection (Allocation Rate) 1338M(67%)->320M(16%) 0.137s
[2026-04-03T02:45:20.990+0600][33.498s][info][gc          ] GC(14) Minor Collection (Allocation Rate)
[2026-04-03T02:45:20.990+0600][33.499s][info][gc,task     ] GC(14) Using 1 Workers for Young Generation
[2026-04-03T02:45:20.990+0600][33.499s][info][gc,phases   ] GC(14) y: Young Generation
[2026-04-03T02:45:20.991+0600][33.499s][info][gc,phases   ] GC(14) y: Pause Mark Start 0.025ms
[2026-04-03T02:45:21.105+0600][33.614s][info][gc,phases   ] GC(14) y: Concurrent Mark 114.406ms
[2026-04-03T02:45:21.105+0600][33.614s][info][gc,phases   ] GC(14) y: Pause Mark End 0.023ms
[2026-04-03T02:45:21.106+0600][33.614s][info][gc,phases   ] GC(14) y: Concurrent Mark Free 0.003ms
[2026-04-03T02:45:21.106+0600][33.614s][info][gc,phases   ] GC(14) y: Concurrent Reset Relocation Set 0.027ms
[2026-04-03T02:45:21.111+0600][33.619s][info][gc,reloc    ] GC(14) y: Using tenuring threshold: 6 (Computed)
[2026-04-03T02:45:21.114+0600][33.623s][info][gc,phases   ] GC(14) y: Concurrent Select Relocation Set 8.746ms
[2026-04-03T02:45:21.115+0600][33.623s][info][gc,phases   ] GC(14) y: Pause Relocate Start 0.025ms
[2026-04-03T02:45:21.132+0600][33.641s][info][gc,phases   ] GC(14) y: Concurrent Relocate 17.052ms
[2026-04-03T02:45:21.132+0600][33.641s][info][gc,alloc    ] GC(14) y:                         Mark Start        Mark End      Relocate Start    Relocate End   
[2026-04-03T02:45:21.132+0600][33.641s][info][gc,alloc    ] GC(14) y: Allocation Stalls:          0                0                0                0         
[2026-04-03T02:45:21.132+0600][33.641s][info][gc,load     ] GC(14) y: Load: 6.00 (50%) / 5.54 (46%) / 5.61 (47%)
[2026-04-03T02:45:21.132+0600][33.641s][info][gc,mmu      ] GC(14) y: MMU: 2ms/97.2%, 5ms/98.9%, 10ms/99.3%, 20ms/99.6%, 50ms/99.8%, 100ms/99.9%
[2026-04-03T02:45:21.132+0600][33.641s][info][gc,marking  ] GC(14) y: Mark: 1 stripe(s), 2 proactive flush(es), 1 terminate flush(es), 0 completion(s), 0 continuation(s) 
[2026-04-03T02:45:21.132+0600][33.641s][info][gc,marking  ] GC(14) y: Mark Stack Usage: 32M
[2026-04-03T02:45:21.132+0600][33.641s][info][gc,nmethod  ] GC(14) y: NMethods: 14873 registered, 0 unregistered
[2026-04-03T02:45:21.132+0600][33.641s][info][gc,metaspace] GC(14) y: Metaspace: 127M used, 129M committed, 1152M reserved
[2026-04-03T02:45:21.132+0600][33.641s][info][gc,reloc    ] GC(14) y:                        Candidates     Selected     In-Place         Size        Empty    Relocated 
[2026-04-03T02:45:21.132+0600][33.641s][info][gc,reloc    ] GC(14) y: Small Pages:                  587          278            0        1174M         588M           8M 
[2026-04-03T02:45:21.132+0600][33.641s][info][gc,reloc    ] GC(14) y: Medium Pages:                   6            0            0         192M         192M           0M 
[2026-04-03T02:45:21.132+0600][33.641s][info][gc,reloc    ] GC(14) y: Large Pages:                   27            0            0         162M         162M           0M 
[2026-04-03T02:45:21.132+0600][33.641s][info][gc,reloc    ] GC(14) y: Forwarding Usage: 2M
[2026-04-03T02:45:21.132+0600][33.641s][info][gc,reloc    ] GC(14) y: Age Table:
[2026-04-03T02:45:21.132+0600][33.641s][info][gc,reloc    ] GC(14) y:                    Live             Garbage             Small              Medium             Large        
[2026-04-03T02:45:21.132+0600][33.641s][info][gc,reloc    ] GC(14) y: Eden               6M (0%)         1447M (72%)        550 / 251            6 / 0             27 / 0        
[2026-04-03T02:45:21.132+0600][33.641s][info][gc,reloc    ] GC(14) y: Survivor 1         3M (0%)           10M (1%)           7 / 5              0 / 0              0 / 0        
[2026-04-03T02:45:21.132+0600][33.641s][info][gc,reloc    ] GC(14) y: Survivor 2         2M (0%)           19M (1%)          11 / 10             0 / 0              0 / 0        
[2026-04-03T02:45:21.132+0600][33.641s][info][gc,reloc    ] GC(14) y: Survivor 3         1M (0%)            6M (0%)           4 / 3              0 / 0              0 / 0        
[2026-04-03T02:45:21.132+0600][33.641s][info][gc,reloc    ] GC(14) y: Survivor 4         5M (0%)            6M (0%)           6 / 3              0 / 0              0 / 0        
[2026-04-03T02:45:21.132+0600][33.641s][info][gc,reloc    ] GC(14) y: Survivor 5         3M (0%)            0M (0%)           2 / 0              0 / 0              0 / 0        
[2026-04-03T02:45:21.132+0600][33.641s][info][gc,reloc    ] GC(14) y: Survivor 6         2M (0%)           11M (1%)           7 / 6              0 / 0              0 / 0        
[2026-04-03T02:45:21.132+0600][33.641s][info][gc,heap     ] GC(14) y: Min Capacity: 8M(0%)
[2026-04-03T02:45:21.132+0600][33.641s][info][gc,heap     ] GC(14) y: Max Capacity: 2000M(100%)
[2026-04-03T02:45:21.132+0600][33.641s][info][gc,heap     ] GC(14) y: Soft Max Capacity: 2000M(100%)
[2026-04-03T02:45:21.132+0600][33.641s][info][gc,heap     ] GC(14) y: Heap Statistics:
[2026-04-03T02:45:21.132+0600][33.641s][info][gc,heap     ] GC(14) y:                Mark Start          Mark End        Relocate Start      Relocate End           High               Low         
[2026-04-03T02:45:21.132+0600][33.641s][info][gc,heap     ] GC(14) y:  Capacity:     2000M (100%)       2000M (100%)       2000M (100%)       2000M (100%)       2000M (100%)       2000M (100%)   
[2026-04-03T02:45:21.132+0600][33.641s][info][gc,heap     ] GC(14) y:      Free:      336M (17%)         188M (9%)         1124M (56%)        1660M (83%)        1660M (83%)         188M (9%)     
[2026-04-03T02:45:21.132+0600][33.641s][info][gc,heap     ] GC(14) y:      Used:     1664M (83%)        1812M (91%)         876M (44%)         340M (17%)        1812M (91%)         340M (17%)    
[2026-04-03T02:45:21.132+0600][33.641s][info][gc,heap     ] GC(14) y: Young Generation Statistics:
[2026-04-03T02:45:21.132+0600][33.641s][info][gc,heap     ] GC(14) y:                Mark Start          Mark End        Relocate Start      Relocate End    
[2026-04-03T02:45:21.132+0600][33.641s][info][gc,heap     ] GC(14) y:      Used:     1528M (76%)        1676M (84%)         738M (37%)         198M (10%)    
[2026-04-03T02:45:21.132+0600][33.641s][info][gc,heap     ] GC(14) y:      Live:         -                25M (1%)           24M (1%)           22M (1%)     
[2026-04-03T02:45:21.132+0600][33.641s][info][gc,heap     ] GC(14) y:   Garbage:         -              1502M (75%)         559M (28%)           1M (0%)     
[2026-04-03T02:45:21.132+0600][33.641s][info][gc,heap     ] GC(14) y: Allocated:         -               148M (7%)          154M (8%)          173M (9%)     
[2026-04-03T02:45:21.132+0600][33.641s][info][gc,heap     ] GC(14) y: Reclaimed:         -                  -               942M (47%)        1500M (75%)    
[2026-04-03T02:45:21.132+0600][33.641s][info][gc,heap     ] GC(14) y:  Promoted:         -                  -                 1M (0%)            2M (0%)     
[2026-04-03T02:45:21.132+0600][33.641s][info][gc,heap     ] GC(14) y: Compacted:         -                  -                  -                 8M (0%)     
[2026-04-03T02:45:21.132+0600][33.641s][info][gc,phases   ] GC(14) y: Young Generation 1664M(83%)->340M(17%) 0.142s
[2026-04-03T02:45:21.133+0600][33.641s][info][gc          ] GC(14) Minor Collection (Allocation Rate) 1664M(83%)->340M(17%) 0.143s
[2026-04-03T02:45:21.666+0600][34.175s][info][gc          ] GC(15) Minor Collection (Allocation Rate)
[2026-04-03T02:45:21.666+0600][34.175s][info][gc,task     ] GC(15) Using 2 Workers for Young Generation
[2026-04-03T02:45:21.666+0600][34.175s][info][gc,phases   ] GC(15) y: Young Generation
[2026-04-03T02:45:21.667+0600][34.175s][info][gc,phases   ] GC(15) y: Pause Mark Start 0.024ms
[2026-04-03T02:45:21.706+0600][34.215s][info][gc,phases   ] GC(15) y: Concurrent Mark 39.428ms
[2026-04-03T02:45:21.706+0600][34.215s][info][gc,phases   ] GC(15) y: Pause Mark End 0.022ms
[2026-04-03T02:45:21.707+0600][34.215s][info][gc,phases   ] GC(15) y: Concurrent Mark Free 0.001ms
[2026-04-03T02:45:21.707+0600][34.215s][info][gc,phases   ] GC(15) y: Concurrent Reset Relocation Set 0.035ms
[2026-04-03T02:45:21.711+0600][34.220s][info][gc,reloc    ] GC(15) y: Using tenuring threshold: 6 (Computed)
[2026-04-03T02:45:21.713+0600][34.222s][info][gc,phases   ] GC(15) y: Concurrent Select Relocation Set 6.832ms
[2026-04-03T02:45:21.714+0600][34.222s][info][gc,phases   ] GC(15) y: Pause Relocate Start 0.016ms
[2026-04-03T02:45:21.719+0600][34.228s][info][gc,phases   ] GC(15) y: Concurrent Relocate 5.277ms
[2026-04-03T02:45:21.719+0600][34.228s][info][gc,alloc    ] GC(15) y:                         Mark Start        Mark End      Relocate Start    Relocate End   
[2026-04-03T02:45:21.719+0600][34.228s][info][gc,alloc    ] GC(15) y: Allocation Stalls:          0                0                0                0         
[2026-04-03T02:45:21.719+0600][34.228s][info][gc,load     ] GC(15) y: Load: 6.00 (50%) / 5.54 (46%) / 5.61 (47%)
[2026-04-03T02:45:21.719+0600][34.228s][info][gc,mmu      ] GC(15) y: MMU: 2ms/97.2%, 5ms/98.9%, 10ms/99.3%, 20ms/99.6%, 50ms/99.8%, 100ms/99.9%
[2026-04-03T02:45:21.719+0600][34.228s][info][gc,marking  ] GC(15) y: Mark: 2 stripe(s), 2 proactive flush(es), 1 terminate flush(es), 0 completion(s), 0 continuation(s) 
[2026-04-03T02:45:21.719+0600][34.228s][info][gc,marking  ] GC(15) y: Mark Stack Usage: 32M
[2026-04-03T02:45:21.719+0600][34.228s][info][gc,nmethod  ] GC(15) y: NMethods: 14967 registered, 0 unregistered
[2026-04-03T02:45:21.719+0600][34.228s][info][gc,metaspace] GC(15) y: Metaspace: 127M used, 129M committed, 1152M reserved
[2026-04-03T02:45:21.719+0600][34.228s][info][gc,reloc    ] GC(15) y:                        Candidates     Selected     In-Place         Size        Empty    Relocated 
[2026-04-03T02:45:21.719+0600][34.228s][info][gc,reloc    ] GC(15) y: Small Pages:                  208          130            0         416M         128M           5M 
[2026-04-03T02:45:21.719+0600][34.228s][info][gc,reloc    ] GC(15) y: Medium Pages:                   3            0            0          96M          96M           0M 
[2026-04-03T02:45:21.719+0600][34.228s][info][gc,reloc    ] GC(15) y: Large Pages:                  140            0            0         840M         840M           0M 
[2026-04-03T02:45:21.719+0600][34.228s][info][gc,reloc    ] GC(15) y: Forwarding Usage: 1M
[2026-04-03T02:45:21.719+0600][34.228s][info][gc,reloc    ] GC(15) y: Age Table:
[2026-04-03T02:45:21.719+0600][34.228s][info][gc,reloc    ] GC(15) y:                    Live             Garbage             Small              Medium             Large        
[2026-04-03T02:45:21.719+0600][34.228s][info][gc,reloc    ] GC(15) y: Eden               3M (0%)         1304M (65%)        186 / 119            3 / 0            140 / 0        
[2026-04-03T02:45:21.719+0600][34.228s][info][gc,reloc    ] GC(15) y: Survivor 1         4M (0%)           11M (1%)           8 / 6              0 / 0              0 / 0        
[2026-04-03T02:45:21.719+0600][34.228s][info][gc,reloc    ] GC(15) y: Survivor 2         3M (0%)            2M (0%)           3 / 1              0 / 0              0 / 0        
[2026-04-03T02:45:21.719+0600][34.228s][info][gc,reloc    ] GC(15) y: Survivor 3         2M (0%)            1M (0%)           2 / 1              0 / 0              0 / 0        
[2026-04-03T02:45:21.719+0600][34.228s][info][gc,reloc    ] GC(15) y: Survivor 4         1M (0%)            2M (0%)           2 / 1              0 / 0              0 / 0        
[2026-04-03T02:45:21.719+0600][34.228s][info][gc,reloc    ] GC(15) y: Survivor 5         5M (0%)            4M (0%)           5 / 2              0 / 0              0 / 0        
[2026-04-03T02:45:21.719+0600][34.228s][info][gc,reloc    ] GC(15) y: Survivor 6         3M (0%)            0M (0%)           2 / 0              0 / 0              0 / 0        
[2026-04-03T02:45:21.719+0600][34.228s][info][gc,heap     ] GC(15) y: Min Capacity: 8M(0%)
[2026-04-03T02:45:21.719+0600][34.228s][info][gc,heap     ] GC(15) y: Max Capacity: 2000M(100%)
[2026-04-03T02:45:21.719+0600][34.228s][info][gc,heap     ] GC(15) y: Soft Max Capacity: 2000M(100%)
[2026-04-03T02:45:21.719+0600][34.228s][info][gc,heap     ] GC(15) y: Heap Statistics:
[2026-04-03T02:45:21.719+0600][34.228s][info][gc,heap     ] GC(15) y:                Mark Start          Mark End        Relocate Start      Relocate End           High               Low         
[2026-04-03T02:45:21.719+0600][34.228s][info][gc,heap     ] GC(15) y:  Capacity:     2000M (100%)       2000M (100%)       2000M (100%)       2000M (100%)       2000M (100%)       2000M (100%)   
[2026-04-03T02:45:21.719+0600][34.228s][info][gc,heap     ] GC(15) y:      Free:      506M (25%)         486M (24%)        1546M (77%)        1796M (90%)        1796M (90%)         486M (24%)    
[2026-04-03T02:45:21.719+0600][34.228s][info][gc,heap     ] GC(15) y:      Used:     1494M (75%)        1514M (76%)         454M (23%)         204M (10%)        1514M (76%)         204M (10%)    
[2026-04-03T02:45:21.719+0600][34.228s][info][gc,heap     ] GC(15) y: Young Generation Statistics:
[2026-04-03T02:45:21.719+0600][34.228s][info][gc,heap     ] GC(15) y:                Mark Start          Mark End        Relocate Start      Relocate End    
[2026-04-03T02:45:21.719+0600][34.228s][info][gc,heap     ] GC(15) y:      Used:     1352M (68%)        1372M (69%)         308M (15%)          58M (3%)     
[2026-04-03T02:45:21.719+0600][34.228s][info][gc,heap     ] GC(15) y:      Live:         -                24M (1%)           20M (1%)           20M (1%)     
[2026-04-03T02:45:21.719+0600][34.228s][info][gc,heap     ] GC(15) y:   Garbage:         -              1327M (66%)         263M (13%)           2M (0%)     
[2026-04-03T02:45:21.719+0600][34.228s][info][gc,heap     ] GC(15) y: Allocated:         -                20M (1%)           24M (1%)           35M (2%)     
[2026-04-03T02:45:21.719+0600][34.228s][info][gc,heap     ] GC(15) y: Reclaimed:         -                  -              1064M (53%)        1325M (66%)    
[2026-04-03T02:45:21.720+0600][34.228s][info][gc,heap     ] GC(15) y:  Promoted:         -                  -                 3M (0%)            3M (0%)     
[2026-04-03T02:45:21.720+0600][34.228s][info][gc,heap     ] GC(15) y: Compacted:         -                  -                  -                 6M (0%)     
[2026-04-03T02:45:21.720+0600][34.228s][info][gc,phases   ] GC(15) y: Young Generation 1494M(75%)->204M(10%) 0.053s
[2026-04-03T02:45:21.720+0600][34.228s][info][gc          ] GC(15) Minor Collection (Allocation Rate) 1494M(75%)->206M(10%) 0.053s
[2026-04-03T02:45:23.170+0600][35.679s][info][gc          ] GC(16) Minor Collection (Allocation Rate)
[2026-04-03T02:45:23.170+0600][35.679s][info][gc,task     ] GC(16) Using 1 Workers for Young Generation
[2026-04-03T02:45:23.170+0600][35.679s][info][gc,phases   ] GC(16) y: Young Generation
[2026-04-03T02:45:23.171+0600][35.679s][info][gc,phases   ] GC(16) y: Pause Mark Start 0.033ms
[2026-04-03T02:45:23.262+0600][35.770s][info][gc,phases   ] GC(16) y: Concurrent Mark 90.802ms
[2026-04-03T02:45:23.262+0600][35.771s][info][gc,phases   ] GC(16) y: Pause Mark End 0.026ms
[2026-04-03T02:45:23.262+0600][35.771s][info][gc,phases   ] GC(16) y: Concurrent Mark Free 0.003ms
[2026-04-03T02:45:23.262+0600][35.771s][info][gc,phases   ] GC(16) y: Concurrent Reset Relocation Set 0.037ms
[2026-04-03T02:45:23.268+0600][35.777s][info][gc,reloc    ] GC(16) y: Using tenuring threshold: 5 (Computed)
[2026-04-03T02:45:23.274+0600][35.783s][info][gc,phases   ] GC(16) y: Concurrent Select Relocation Set 11.810ms
[2026-04-03T02:45:23.274+0600][35.783s][info][gc,phases   ] GC(16) y: Pause Relocate Start 0.065ms
[2026-04-03T02:45:23.294+0600][35.803s][info][gc,phases   ] GC(16) y: Concurrent Relocate 19.770ms
[2026-04-03T02:45:23.294+0600][35.803s][info][gc,alloc    ] GC(16) y:                         Mark Start        Mark End      Relocate Start    Relocate End   
[2026-04-03T02:45:23.295+0600][35.803s][info][gc,alloc    ] GC(16) y: Allocation Stalls:          0                0                0                0         
[2026-04-03T02:45:23.295+0600][35.803s][info][gc,load     ] GC(16) y: Load: 6.00 (50%) / 5.54 (46%) / 5.61 (47%)
[2026-04-03T02:45:23.295+0600][35.803s][info][gc,mmu      ] GC(16) y: MMU: 2ms/96.8%, 5ms/98.7%, 10ms/99.3%, 20ms/99.5%, 50ms/99.8%, 100ms/99.9%
[2026-04-03T02:45:23.295+0600][35.803s][info][gc,marking  ] GC(16) y: Mark: 1 stripe(s), 2 proactive flush(es), 1 terminate flush(es), 0 completion(s), 0 continuation(s) 
[2026-04-03T02:45:23.295+0600][35.803s][info][gc,marking  ] GC(16) y: Mark Stack Usage: 32M
[2026-04-03T02:45:23.295+0600][35.803s][info][gc,nmethod  ] GC(16) y: NMethods: 15106 registered, 0 unregistered
[2026-04-03T02:45:23.295+0600][35.803s][info][gc,metaspace] GC(16) y: Metaspace: 127M used, 129M committed, 1152M reserved
[2026-04-03T02:45:23.295+0600][35.803s][info][gc,reloc    ] GC(16) y:                        Candidates     Selected     In-Place         Size        Empty    Relocated 
[2026-04-03T02:45:23.295+0600][35.803s][info][gc,reloc    ] GC(16) y: Small Pages:                  420          237            0         840M         336M           6M 
[2026-04-03T02:45:23.295+0600][35.803s][info][gc,reloc    ] GC(16) y: Medium Pages:                   5            0            0         160M         160M           0M 
[2026-04-03T02:45:23.295+0600][35.803s][info][gc,reloc    ] GC(16) y: Large Pages:                   19            0            0         114M         114M           0M 
[2026-04-03T02:45:23.295+0600][35.803s][info][gc,reloc    ] GC(16) y: Forwarding Usage: 1M
[2026-04-03T02:45:23.295+0600][35.803s][info][gc,reloc    ] GC(16) y: Age Table:
[2026-04-03T02:45:23.295+0600][35.803s][info][gc,reloc    ] GC(16) y:                    Live             Garbage             Small              Medium             Large        
[2026-04-03T02:45:23.295+0600][35.803s][info][gc,reloc    ] GC(16) y: Eden               4M (0%)         1075M (54%)        403 / 231            5 / 0             19 / 0        
[2026-04-03T02:45:23.295+0600][35.803s][info][gc,reloc    ] GC(16) y: Survivor 1         3M (0%)            2M (0%)           3 / 1              0 / 0              0 / 0        
[2026-04-03T02:45:23.295+0600][35.803s][info][gc,reloc    ] GC(16) y: Survivor 2         4M (0%)            1M (0%)           3 / 1              0 / 0              0 / 0        
[2026-04-03T02:45:23.295+0600][35.803s][info][gc,reloc    ] GC(16) y: Survivor 3         3M (0%)            2M (0%)           3 / 1              0 / 0              0 / 0        
[2026-04-03T02:45:23.295+0600][35.803s][info][gc,reloc    ] GC(16) y: Survivor 4         2M (0%)            1M (0%)           2 / 1              0 / 0              0 / 0        
[2026-04-03T02:45:23.295+0600][35.803s][info][gc,reloc    ] GC(16) y: Survivor 5         1M (0%)            2M (0%)           2 / 1              0 / 0              0 / 0        
[2026-04-03T02:45:23.295+0600][35.803s][info][gc,reloc    ] GC(16) y: Survivor 6         5M (0%)            2M (0%)           4 / 1              0 / 0              0 / 0        
[2026-04-03T02:45:23.295+0600][35.804s][info][gc,heap     ] GC(16) y: Min Capacity: 8M(0%)
[2026-04-03T02:45:23.295+0600][35.804s][info][gc,heap     ] GC(16) y: Max Capacity: 2000M(100%)
[2026-04-03T02:45:23.295+0600][35.804s][info][gc,heap     ] GC(16) y: Soft Max Capacity: 2000M(100%)
[2026-04-03T02:45:23.295+0600][35.804s][info][gc,heap     ] GC(16) y: Heap Statistics:
[2026-04-03T02:45:23.295+0600][35.804s][info][gc,heap     ] GC(16) y:                Mark Start          Mark End        Relocate Start      Relocate End           High               Low         
[2026-04-03T02:45:23.295+0600][35.804s][info][gc,heap     ] GC(16) y:  Capacity:     2000M (100%)       2000M (100%)       2000M (100%)       2000M (100%)       2000M (100%)       2000M (100%)   
[2026-04-03T02:45:23.295+0600][35.804s][info][gc,heap     ] GC(16) y:      Free:      740M (37%)         634M (32%)        1244M (62%)        1698M (85%)        1704M (85%)         634M (32%)    
[2026-04-03T02:45:23.295+0600][35.804s][info][gc,heap     ] GC(16) y:      Used:     1260M (63%)        1366M (68%)         756M (38%)         302M (15%)        1366M (68%)         296M (15%)    
[2026-04-03T02:45:23.295+0600][35.804s][info][gc,heap     ] GC(16) y: Young Generation Statistics:
[2026-04-03T02:45:23.295+0600][35.804s][info][gc,heap     ] GC(16) y:                Mark Start          Mark End        Relocate Start      Relocate End    
[2026-04-03T02:45:23.295+0600][35.804s][info][gc,heap     ] GC(16) y:      Used:     1114M (56%)        1220M (61%)         602M (30%)         146M (7%)     
[2026-04-03T02:45:23.295+0600][35.804s][info][gc,heap     ] GC(16) y:      Live:         -                25M (1%)           18M (1%)           18M (1%)     
[2026-04-03T02:45:23.295+0600][35.804s][info][gc,heap     ] GC(16) y:   Garbage:         -              1088M (54%)         477M (24%)           2M (0%)     
[2026-04-03T02:45:23.295+0600][35.804s][info][gc,heap     ] GC(16) y: Allocated:         -               106M (5%)          106M (5%)          125M (6%)     
[2026-04-03T02:45:23.295+0600][35.804s][info][gc,heap     ] GC(16) y: Reclaimed:         -                  -               611M (31%)        1086M (54%)    
[2026-04-03T02:45:23.295+0600][35.804s][info][gc,heap     ] GC(16) y:  Promoted:         -                  -                 6M (0%)            6M (0%)     
[2026-04-03T02:45:23.295+0600][35.804s][info][gc,heap     ] GC(16) y: Compacted:         -                  -                  -                 6M (0%)     
[2026-04-03T02:45:23.295+0600][35.804s][info][gc,phases   ] GC(16) y: Young Generation 1260M(63%)->302M(15%) 0.124s
[2026-04-03T02:45:23.295+0600][35.804s][info][gc          ] GC(16) Minor Collection (Allocation Rate) 1260M(63%)->302M(15%) 0.125s
[2026-04-03T02:45:24.917+0600][37.426s][info][gc          ] GC(17) Minor Collection (Allocation Rate)
[2026-04-03T02:45:24.918+0600][37.426s][info][gc,task     ] GC(17) Using 1 Workers for Young Generation
[2026-04-03T02:45:24.918+0600][37.426s][info][gc,phases   ] GC(17) y: Young Generation
[2026-04-03T02:45:24.918+0600][37.426s][info][gc,phases   ] GC(17) y: Pause Mark Start 0.022ms
[2026-04-03T02:45:25.001+0600][37.510s][info][gc,phases   ] GC(17) y: Concurrent Mark 83.030ms
[2026-04-03T02:45:25.001+0600][37.510s][info][gc,phases   ] GC(17) y: Pause Mark End 0.024ms
[2026-04-03T02:45:25.001+0600][37.510s][info][gc,phases   ] GC(17) y: Concurrent Mark Free 0.002ms
[2026-04-03T02:45:25.001+0600][37.510s][info][gc,phases   ] GC(17) y: Concurrent Reset Relocation Set 0.040ms
[2026-04-03T02:45:25.005+0600][37.514s][info][gc,reloc    ] GC(17) y: Using tenuring threshold: 6 (Computed)
[2026-04-03T02:45:25.006+0600][37.514s][info][gc,phases   ] GC(17) y: Concurrent Select Relocation Set 4.374ms
[2026-04-03T02:45:25.006+0600][37.515s][info][gc,phases   ] GC(17) y: Pause Relocate Start 0.024ms
[2026-04-03T02:45:25.028+0600][37.537s][info][gc,phases   ] GC(17) y: Concurrent Relocate 21.651ms
[2026-04-03T02:45:25.028+0600][37.537s][info][gc,alloc    ] GC(17) y:                         Mark Start        Mark End      Relocate Start    Relocate End   
[2026-04-03T02:45:25.028+0600][37.537s][info][gc,alloc    ] GC(17) y: Allocation Stalls:          0                0                0                0         
[2026-04-03T02:45:25.028+0600][37.537s][info][gc,load     ] GC(17) y: Load: 6.40 (53%) / 5.63 (47%) / 5.64 (47%)
[2026-04-03T02:45:25.028+0600][37.537s][info][gc,mmu      ] GC(17) y: MMU: 2ms/96.8%, 5ms/98.7%, 10ms/99.3%, 20ms/99.5%, 50ms/99.8%, 100ms/99.9%
[2026-04-03T02:45:25.028+0600][37.537s][info][gc,marking  ] GC(17) y: Mark: 1 stripe(s), 2 proactive flush(es), 1 terminate flush(es), 0 completion(s), 0 continuation(s) 
[2026-04-03T02:45:25.028+0600][37.537s][info][gc,marking  ] GC(17) y: Mark Stack Usage: 32M
[2026-04-03T02:45:25.028+0600][37.537s][info][gc,nmethod  ] GC(17) y: NMethods: 15309 registered, 0 unregistered
[2026-04-03T02:45:25.028+0600][37.537s][info][gc,metaspace] GC(17) y: Metaspace: 128M used, 129M committed, 1152M reserved
[2026-04-03T02:45:25.028+0600][37.537s][info][gc,reloc    ] GC(17) y:                        Candidates     Selected     In-Place         Size        Empty    Relocated 
[2026-04-03T02:45:25.028+0600][37.537s][info][gc,reloc    ] GC(17) y: Small Pages:                  502          280            0        1004M         418M           8M 
[2026-04-03T02:45:25.028+0600][37.537s][info][gc,reloc    ] GC(17) y: Medium Pages:                   6            0            0         192M         192M           0M 
[2026-04-03T02:45:25.028+0600][37.537s][info][gc,reloc    ] GC(17) y: Large Pages:                   24            0            0         144M         144M           0M 
[2026-04-03T02:45:25.028+0600][37.537s][info][gc,reloc    ] GC(17) y: Forwarding Usage: 2M
[2026-04-03T02:45:25.028+0600][37.537s][info][gc,reloc    ] GC(17) y: Age Table:
[2026-04-03T02:45:25.028+0600][37.537s][info][gc,reloc    ] GC(17) y:                    Live             Garbage             Small              Medium             Large        
[2026-04-03T02:45:25.028+0600][37.537s][info][gc,reloc    ] GC(17) y: Eden               6M (0%)         1299M (65%)        485 / 271            6 / 0             24 / 0        
[2026-04-03T02:45:25.028+0600][37.537s][info][gc,reloc    ] GC(17) y: Survivor 1         2M (0%)            3M (0%)           3 / 2              0 / 0              0 / 0        
[2026-04-03T02:45:25.028+0600][37.537s][info][gc,reloc    ] GC(17) y: Survivor 2         2M (0%)            3M (0%)           3 / 2              0 / 0              0 / 0        
[2026-04-03T02:45:25.028+0600][37.537s][info][gc,reloc    ] GC(17) y: Survivor 3         4M (0%)            3M (0%)           4 / 1              0 / 0              0 / 0        
[2026-04-03T02:45:25.028+0600][37.537s][info][gc,reloc    ] GC(17) y: Survivor 4         3M (0%)            2M (0%)           3 / 1              0 / 0              0 / 0        
[2026-04-03T02:45:25.028+0600][37.537s][info][gc,reloc    ] GC(17) y: Survivor 5         2M (0%)            5M (0%)           4 / 3              0 / 0              0 / 0        
[2026-04-03T02:45:25.028+0600][37.537s][info][gc,heap     ] GC(17) y: Min Capacity: 8M(0%)
[2026-04-03T02:45:25.028+0600][37.537s][info][gc,heap     ] GC(17) y: Max Capacity: 2000M(100%)
[2026-04-03T02:45:25.028+0600][37.537s][info][gc,heap     ] GC(17) y: Soft Max Capacity: 2000M(100%)
[2026-04-03T02:45:25.028+0600][37.537s][info][gc,heap     ] GC(17) y: Heap Statistics:
[2026-04-03T02:45:25.028+0600][37.537s][info][gc,heap     ] GC(17) y:                Mark Start          Mark End        Relocate Start      Relocate End           High               Low         
[2026-04-03T02:45:25.028+0600][37.537s][info][gc,heap     ] GC(17) y:  Capacity:     2000M (100%)       2000M (100%)       2000M (100%)       2000M (100%)       2000M (100%)       2000M (100%)   
[2026-04-03T02:45:25.028+0600][37.537s][info][gc,heap     ] GC(17) y:      Free:      504M (25%)         424M (21%)        1168M (58%)        1692M (85%)        1692M (85%)         424M (21%)    
[2026-04-03T02:45:25.028+0600][37.537s][info][gc,heap     ] GC(17) y:      Used:     1496M (75%)        1576M (79%)         832M (42%)         308M (15%)        1576M (79%)         308M (15%)    
[2026-04-03T02:45:25.028+0600][37.537s][info][gc,heap     ] GC(17) y: Young Generation Statistics:
[2026-04-03T02:45:25.028+0600][37.537s][info][gc,heap     ] GC(17) y:                Mark Start          Mark End        Relocate Start      Relocate End    
[2026-04-03T02:45:25.028+0600][37.537s][info][gc,heap     ] GC(17) y:      Used:     1340M (67%)        1420M (71%)         676M (34%)         152M (8%)     
[2026-04-03T02:45:25.028+0600][37.537s][info][gc,heap     ] GC(17) y:      Live:         -                21M (1%)           21M (1%)           21M (1%)     
[2026-04-03T02:45:25.028+0600][37.537s][info][gc,heap     ] GC(17) y:   Garbage:         -              1318M (66%)         564M (28%)           1M (0%)     
[2026-04-03T02:45:25.028+0600][37.537s][info][gc,heap     ] GC(17) y: Allocated:         -                80M (4%)           90M (4%)          128M (6%)     
[2026-04-03T02:45:25.029+0600][37.537s][info][gc,heap     ] GC(17) y: Reclaimed:         -                  -               754M (38%)        1316M (66%)    
[2026-04-03T02:45:25.029+0600][37.537s][info][gc,heap     ] GC(17) y:  Promoted:         -                  -                 0M (0%)            0M (0%)     
[2026-04-03T02:45:25.029+0600][37.537s][info][gc,heap     ] GC(17) y: Compacted:         -                  -                  -                11M (1%)     
[2026-04-03T02:45:25.029+0600][37.537s][info][gc,phases   ] GC(17) y: Young Generation 1496M(75%)->308M(15%) 0.110s
[2026-04-03T02:45:25.029+0600][37.537s][info][gc          ] GC(17) Minor Collection (Allocation Rate) 1496M(75%)->308M(15%) 0.111s
[2026-04-03T02:45:25.737+0600][38.246s][info][gc          ] GC(18) Minor Collection (Allocation Rate)
[2026-04-03T02:45:25.737+0600][38.246s][info][gc,task     ] GC(18) Using 1 Workers for Young Generation
[2026-04-03T02:45:25.737+0600][38.246s][info][gc,phases   ] GC(18) y: Young Generation
[2026-04-03T02:45:25.737+0600][38.246s][info][gc,phases   ] GC(18) y: Pause Mark Start 0.021ms
[2026-04-03T02:45:25.774+0600][38.283s][info][gc,task     ] Adjusting Workers for Young Generation: 1 -> 3
[2026-04-03T02:45:25.804+0600][38.313s][info][gc,phases   ] GC(18) y: Concurrent Mark 66.383ms
[2026-04-03T02:45:25.804+0600][38.313s][info][gc,phases   ] GC(18) y: Pause Mark End 0.029ms
[2026-04-03T02:45:25.804+0600][38.313s][info][gc,phases   ] GC(18) y: Concurrent Mark Free 0.003ms
[2026-04-03T02:45:25.804+0600][38.313s][info][gc,phases   ] GC(18) y: Concurrent Reset Relocation Set 0.032ms
[2026-04-03T02:45:25.809+0600][38.318s][info][gc,reloc    ] GC(18) y: Using tenuring threshold: 3 (Computed)
[2026-04-03T02:45:25.812+0600][38.321s][info][gc,phases   ] GC(18) y: Concurrent Select Relocation Set 7.890ms
[2026-04-03T02:45:25.813+0600][38.321s][info][gc,phases   ] GC(18) y: Pause Relocate Start 0.026ms
[2026-04-03T02:45:25.823+0600][38.332s][info][gc,phases   ] GC(18) y: Concurrent Relocate 10.286ms
[2026-04-03T02:45:25.823+0600][38.332s][info][gc,alloc    ] GC(18) y:                         Mark Start        Mark End      Relocate Start    Relocate End   
[2026-04-03T02:45:25.823+0600][38.332s][info][gc,alloc    ] GC(18) y: Allocation Stalls:          0                0                0                0         
[2026-04-03T02:45:25.823+0600][38.332s][info][gc,load     ] GC(18) y: Load: 6.40 (53%) / 5.63 (47%) / 5.64 (47%)
[2026-04-03T02:45:25.823+0600][38.332s][info][gc,mmu      ] GC(18) y: MMU: 2ms/96.8%, 5ms/98.7%, 10ms/99.3%, 20ms/99.5%, 50ms/99.8%, 100ms/99.9%
[2026-04-03T02:45:25.823+0600][38.332s][info][gc,marking  ] GC(18) y: Mark: 1 stripe(s), 2 proactive flush(es), 1 terminate flush(es), 0 completion(s), 0 continuation(s) 
[2026-04-03T02:45:25.823+0600][38.332s][info][gc,marking  ] GC(18) y: Mark Stack Usage: 32M
[2026-04-03T02:45:25.823+0600][38.332s][info][gc,nmethod  ] GC(18) y: NMethods: 15388 registered, 0 unregistered
[2026-04-03T02:45:25.823+0600][38.332s][info][gc,metaspace] GC(18) y: Metaspace: 128M used, 129M committed, 1152M reserved
[2026-04-03T02:45:25.823+0600][38.332s][info][gc,reloc    ] GC(18) y:                        Candidates     Selected     In-Place         Size        Empty    Relocated 
[2026-04-03T02:45:25.823+0600][38.332s][info][gc,reloc    ] GC(18) y: Small Pages:                  375          166            0         750M         388M           7M 
[2026-04-03T02:45:25.823+0600][38.332s][info][gc,reloc    ] GC(18) y: Medium Pages:                   3            0            0          96M          96M           0M 
[2026-04-03T02:45:25.824+0600][38.332s][info][gc,reloc    ] GC(18) y: Large Pages:                   85            0            0         510M         492M           0M 
[2026-04-03T02:45:25.824+0600][38.332s][info][gc,reloc    ] GC(18) y: Forwarding Usage: 1M
[2026-04-03T02:45:25.824+0600][38.332s][info][gc,reloc    ] GC(18) y: Age Table:
[2026-04-03T02:45:25.824+0600][38.332s][info][gc,reloc    ] GC(18) y:                    Live             Garbage             Small              Medium             Large        
[2026-04-03T02:45:25.824+0600][38.332s][info][gc,reloc    ] GC(18) y: Eden              23M (1%)         1286M (64%)        352 / 154            3 / 0             85 / 0        
[2026-04-03T02:45:25.824+0600][38.332s][info][gc,reloc    ] GC(18) y: Survivor 1         3M (0%)            4M (0%)           4 / 2              0 / 0              0 / 0        
[2026-04-03T02:45:25.824+0600][38.332s][info][gc,reloc    ] GC(18) y: Survivor 2         2M (0%)            1M (0%)           2 / 1              0 / 0              0 / 0        
[2026-04-03T02:45:25.824+0600][38.332s][info][gc,reloc    ] GC(18) y: Survivor 3         2M (0%)           11M (1%)           7 / 5              0 / 0              0 / 0        
[2026-04-03T02:45:25.824+0600][38.332s][info][gc,reloc    ] GC(18) y: Survivor 4         4M (0%)            5M (0%)           5 / 2              0 / 0              0 / 0        
[2026-04-03T02:45:25.824+0600][38.332s][info][gc,reloc    ] GC(18) y: Survivor 5         3M (0%)            2M (0%)           3 / 1              0 / 0              0 / 0        
[2026-04-03T02:45:25.824+0600][38.332s][info][gc,reloc    ] GC(18) y: Survivor 6         2M (0%)            1M (0%)           2 / 1              0 / 0              0 / 0        
[2026-04-03T02:45:25.824+0600][38.332s][info][gc,heap     ] GC(18) y: Min Capacity: 8M(0%)
[2026-04-03T02:45:25.824+0600][38.332s][info][gc,heap     ] GC(18) y: Max Capacity: 2000M(100%)
[2026-04-03T02:45:25.824+0600][38.332s][info][gc,heap     ] GC(18) y: Soft Max Capacity: 2000M(100%)
[2026-04-03T02:45:25.824+0600][38.332s][info][gc,heap     ] GC(18) y: Heap Statistics:
[2026-04-03T02:45:25.824+0600][38.332s][info][gc,heap     ] GC(18) y:                Mark Start          Mark End        Relocate Start      Relocate End           High               Low         
[2026-04-03T02:45:25.824+0600][38.332s][info][gc,heap     ] GC(18) y:  Capacity:     2000M (100%)       2000M (100%)       2000M (100%)       2000M (100%)       2000M (100%)       2000M (100%)   
[2026-04-03T02:45:25.824+0600][38.332s][info][gc,heap     ] GC(18) y:      Free:      488M (24%)          72M (4%)         1034M (52%)        1346M (67%)        1348M (67%)          72M (4%)     
[2026-04-03T02:45:25.824+0600][38.333s][info][gc,heap     ] GC(18) y:      Used:     1512M (76%)        1928M (96%)         966M (48%)         654M (33%)        1928M (96%)         652M (33%)    
[2026-04-03T02:45:25.824+0600][38.333s][info][gc,heap     ] GC(18) y: Young Generation Statistics:
[2026-04-03T02:45:25.824+0600][38.333s][info][gc,heap     ] GC(18) y:                Mark Start          Mark End        Relocate Start      Relocate End    
[2026-04-03T02:45:25.824+0600][38.333s][info][gc,heap     ] GC(18) y:      Used:     1356M (68%)        1772M (89%)         794M (40%)         476M (24%)    
[2026-04-03T02:45:25.824+0600][38.333s][info][gc,heap     ] GC(18) y:      Live:         -                42M (2%)           30M (2%)           29M (1%)     
[2026-04-03T02:45:25.824+0600][38.333s][info][gc,heap     ] GC(18) y:   Garbage:         -              1313M (66%)         333M (17%)           0M (0%)     
[2026-04-03T02:45:25.824+0600][38.333s][info][gc,heap     ] GC(18) y: Allocated:         -               416M (21%)         430M (22%)         445M (22%)    
[2026-04-03T02:45:25.824+0600][38.333s][info][gc,heap     ] GC(18) y: Reclaimed:         -                  -               979M (49%)        1312M (66%)    
[2026-04-03T02:45:25.824+0600][38.333s][info][gc,heap     ] GC(18) y:  Promoted:         -                  -                12M (1%)           13M (1%)     
[2026-04-03T02:45:25.824+0600][38.333s][info][gc,heap     ] GC(18) y: Compacted:         -                  -                  -                 8M (0%)     
[2026-04-03T02:45:25.824+0600][38.333s][info][gc,phases   ] GC(18) y: Young Generation 1512M(76%)->654M(33%) 0.086s
[2026-04-03T02:45:25.824+0600][38.333s][info][gc          ] GC(18) Minor Collection (Allocation Rate) 1512M(76%)->654M(33%) 0.087s
[2026-04-03T02:45:26.564+0600][39.072s][info][gc          ] GC(19) Minor Collection (Allocation Rate)
[2026-04-03T02:45:26.564+0600][39.072s][info][gc,task     ] GC(19) Using 2 Workers for Young Generation
[2026-04-03T02:45:26.564+0600][39.072s][info][gc,phases   ] GC(19) y: Young Generation
[2026-04-03T02:45:26.564+0600][39.073s][info][gc,phases   ] GC(19) y: Pause Mark Start 0.031ms
[2026-04-03T02:45:26.612+0600][39.121s][info][gc,phases   ] GC(19) y: Concurrent Mark 47.580ms
[2026-04-03T02:45:26.612+0600][39.121s][info][gc,phases   ] GC(19) y: Pause Mark End 0.024ms
[2026-04-03T02:45:26.612+0600][39.121s][info][gc,phases   ] GC(19) y: Concurrent Mark Free 0.002ms
[2026-04-03T02:45:26.612+0600][39.121s][info][gc,phases   ] GC(19) y: Concurrent Reset Relocation Set 0.030ms
[2026-04-03T02:45:26.614+0600][39.123s][info][gc,reloc    ] GC(19) y: Using tenuring threshold: 4 (Computed)
[2026-04-03T02:45:26.615+0600][39.123s][info][gc,phases   ] GC(19) y: Concurrent Select Relocation Set 2.616ms
[2026-04-03T02:45:26.615+0600][39.124s][info][gc,phases   ] GC(19) y: Pause Relocate Start 0.015ms
[2026-04-03T02:45:26.621+0600][39.130s][info][gc,phases   ] GC(19) y: Concurrent Relocate 6.397ms
[2026-04-03T02:45:26.621+0600][39.130s][info][gc,alloc    ] GC(19) y:                         Mark Start        Mark End      Relocate Start    Relocate End   
[2026-04-03T02:45:26.621+0600][39.130s][info][gc,alloc    ] GC(19) y: Allocation Stalls:          0                0                0                0         
[2026-04-03T02:45:26.621+0600][39.130s][info][gc,load     ] GC(19) y: Load: 6.40 (53%) / 5.63 (47%) / 5.64 (47%)
[2026-04-03T02:45:26.621+0600][39.130s][info][gc,mmu      ] GC(19) y: MMU: 2ms/96.8%, 5ms/98.7%, 10ms/99.3%, 20ms/99.5%, 50ms/99.8%, 100ms/99.9%
[2026-04-03T02:45:26.621+0600][39.130s][info][gc,marking  ] GC(19) y: Mark: 2 stripe(s), 3 proactive flush(es), 1 terminate flush(es), 0 completion(s), 0 continuation(s) 
[2026-04-03T02:45:26.621+0600][39.130s][info][gc,marking  ] GC(19) y: Mark Stack Usage: 32M
[2026-04-03T02:45:26.621+0600][39.130s][info][gc,nmethod  ] GC(19) y: NMethods: 15470 registered, 0 unregistered
[2026-04-03T02:45:26.621+0600][39.130s][info][gc,metaspace] GC(19) y: Metaspace: 128M used, 129M committed, 1152M reserved
[2026-04-03T02:45:26.622+0600][39.130s][info][gc,reloc    ] GC(19) y:                        Candidates     Selected     In-Place         Size        Empty    Relocated 
[2026-04-03T02:45:26.622+0600][39.130s][info][gc,reloc    ] GC(19) y: Small Pages:                  232          189            0         464M          66M           7M 
[2026-04-03T02:45:26.622+0600][39.130s][info][gc,reloc    ] GC(19) y: Medium Pages:                   2            0            0          64M          64M           0M 
[2026-04-03T02:45:26.622+0600][39.130s][info][gc,reloc    ] GC(19) y: Large Pages:                   72            0            0         432M         432M           0M 
[2026-04-03T02:45:26.622+0600][39.130s][info][gc,reloc    ] GC(19) y: Forwarding Usage: 1M
[2026-04-03T02:45:26.622+0600][39.130s][info][gc,reloc    ] GC(19) y: Age Table:
[2026-04-03T02:45:26.622+0600][39.130s][info][gc,reloc    ] GC(19) y:                    Live             Garbage             Small              Medium             Large        
[2026-04-03T02:45:26.622+0600][39.130s][info][gc,reloc    ] GC(19) y: Eden               5M (0%)          910M (46%)        219 / 182            2 / 0             69 / 0        
[2026-04-03T02:45:26.622+0600][39.130s][info][gc,reloc    ] GC(19) y: Survivor 1         4M (0%)           25M (1%)           6 / 4              0 / 0              3 / 0        
[2026-04-03T02:45:26.622+0600][39.130s][info][gc,reloc    ] GC(19) y: Survivor 2         3M (0%)            6M (0%)           5 / 2              0 / 0              0 / 0        
[2026-04-03T02:45:26.622+0600][39.130s][info][gc,reloc    ] GC(19) y: Survivor 3         2M (0%)            1M (0%)           2 / 1              0 / 0              0 / 0        
[2026-04-03T02:45:26.622+0600][39.130s][info][gc,heap     ] GC(19) y: Min Capacity: 8M(0%)
[2026-04-03T02:45:26.622+0600][39.130s][info][gc,heap     ] GC(19) y: Max Capacity: 2000M(100%)
[2026-04-03T02:45:26.622+0600][39.130s][info][gc,heap     ] GC(19) y: Soft Max Capacity: 2000M(100%)
[2026-04-03T02:45:26.622+0600][39.130s][info][gc,heap     ] GC(19) y: Heap Statistics:
[2026-04-03T02:45:26.622+0600][39.130s][info][gc,heap     ] GC(19) y:                Mark Start          Mark End        Relocate Start      Relocate End           High               Low         
[2026-04-03T02:45:26.622+0600][39.130s][info][gc,heap     ] GC(19) y:  Capacity:     2000M (100%)       2000M (100%)       2000M (100%)       2000M (100%)       2000M (100%)       2000M (100%)   
[2026-04-03T02:45:26.622+0600][39.130s][info][gc,heap     ] GC(19) y:      Free:      862M (43%)         802M (40%)        1362M (68%)        1716M (86%)        1720M (86%)         802M (40%)    
[2026-04-03T02:45:26.622+0600][39.130s][info][gc,heap     ] GC(19) y:      Used:     1138M (57%)        1198M (60%)         638M (32%)         284M (14%)        1198M (60%)         280M (14%)    
[2026-04-03T02:45:26.622+0600][39.130s][info][gc,heap     ] GC(19) y: Young Generation Statistics:
[2026-04-03T02:45:26.622+0600][39.130s][info][gc,heap     ] GC(19) y:                Mark Start          Mark End        Relocate Start      Relocate End    
[2026-04-03T02:45:26.622+0600][39.130s][info][gc,heap     ] GC(19) y:      Used:      960M (48%)        1020M (51%)         460M (23%)         106M (5%)     
[2026-04-03T02:45:26.622+0600][39.130s][info][gc,heap     ] GC(19) y:      Live:         -                16M (1%)           16M (1%)           16M (1%)     
[2026-04-03T02:45:26.622+0600][39.130s][info][gc,heap     ] GC(19) y:   Garbage:         -               943M (47%)         381M (19%)           1M (0%)     
[2026-04-03T02:45:26.622+0600][39.130s][info][gc,heap     ] GC(19) y: Allocated:         -                60M (3%)           62M (3%)           87M (4%)     
[2026-04-03T02:45:26.622+0600][39.130s][info][gc,heap     ] GC(19) y: Reclaimed:         -                  -               562M (28%)         941M (47%)    
[2026-04-03T02:45:26.622+0600][39.130s][info][gc,heap     ] GC(19) y:  Promoted:         -                  -                 0M (0%)            0M (0%)     
[2026-04-03T02:45:26.622+0600][39.130s][info][gc,heap     ] GC(19) y: Compacted:         -                  -                  -                 8M (0%)     
[2026-04-03T02:45:26.622+0600][39.130s][info][gc,phases   ] GC(19) y: Young Generation 1138M(57%)->284M(14%) 0.058s
[2026-04-03T02:45:26.622+0600][39.130s][info][gc          ] GC(19) Minor Collection (Allocation Rate) 1136M(57%)->284M(14%) 0.058s
[2026-04-03T02:45:27.594+0600][40.103s][info][gc          ] GC(20) Minor Collection (Allocation Rate)
[2026-04-03T02:45:27.594+0600][40.103s][info][gc,task     ] GC(20) Using 1 Workers for Young Generation
[2026-04-03T02:45:27.594+0600][40.103s][info][gc,phases   ] GC(20) y: Young Generation
[2026-04-03T02:45:27.595+0600][40.103s][info][gc,phases   ] GC(20) y: Pause Mark Start 0.020ms
[2026-04-03T02:45:27.663+0600][40.172s][info][gc,phases   ] GC(20) y: Concurrent Mark 68.536ms
[2026-04-03T02:45:27.664+0600][40.172s][info][gc,phases   ] GC(20) y: Pause Mark End 0.022ms
[2026-04-03T02:45:27.664+0600][40.172s][info][gc,phases   ] GC(20) y: Concurrent Mark Free 0.002ms
[2026-04-03T02:45:27.664+0600][40.172s][info][gc,phases   ] GC(20) y: Concurrent Reset Relocation Set 0.013ms
[2026-04-03T02:45:27.665+0600][40.174s][info][gc,reloc    ] GC(20) y: Using tenuring threshold: 5 (Computed)
[2026-04-03T02:45:27.666+0600][40.175s][info][gc,phases   ] GC(20) y: Concurrent Select Relocation Set 2.338ms
[2026-04-03T02:45:27.666+0600][40.175s][info][gc,phases   ] GC(20) y: Pause Relocate Start 0.014ms
[2026-04-03T02:45:27.676+0600][40.185s][info][gc,phases   ] GC(20) y: Concurrent Relocate 9.792ms
[2026-04-03T02:45:27.676+0600][40.185s][info][gc,alloc    ] GC(20) y:                         Mark Start        Mark End      Relocate Start    Relocate End   
[2026-04-03T02:45:27.676+0600][40.185s][info][gc,alloc    ] GC(20) y: Allocation Stalls:          0                0                0                0         
[2026-04-03T02:45:27.676+0600][40.185s][info][gc,load     ] GC(20) y: Load: 6.40 (53%) / 5.63 (47%) / 5.64 (47%)
[2026-04-03T02:45:27.676+0600][40.185s][info][gc,mmu      ] GC(20) y: MMU: 2ms/96.8%, 5ms/98.7%, 10ms/99.3%, 20ms/99.5%, 50ms/99.8%, 100ms/99.9%
[2026-04-03T02:45:27.676+0600][40.185s][info][gc,marking  ] GC(20) y: Mark: 1 stripe(s), 2 proactive flush(es), 1 terminate flush(es), 0 completion(s), 0 continuation(s) 
[2026-04-03T02:45:27.676+0600][40.185s][info][gc,marking  ] GC(20) y: Mark Stack Usage: 32M
[2026-04-03T02:45:27.676+0600][40.185s][info][gc,nmethod  ] GC(20) y: NMethods: 15528 registered, 0 unregistered
[2026-04-03T02:45:27.676+0600][40.185s][info][gc,metaspace] GC(20) y: Metaspace: 128M used, 129M committed, 1152M reserved
[2026-04-03T02:45:27.676+0600][40.185s][info][gc,reloc    ] GC(20) y:                        Candidates     Selected     In-Place         Size        Empty    Relocated 
[2026-04-03T02:45:27.676+0600][40.185s][info][gc,reloc    ] GC(20) y: Small Pages:                  296          167            0         592M         238M           6M 
[2026-04-03T02:45:27.676+0600][40.185s][info][gc,reloc    ] GC(20) y: Medium Pages:                   5            0            0         160M         160M           0M 
[2026-04-03T02:45:27.676+0600][40.185s][info][gc,reloc    ] GC(20) y: Large Pages:                   16            0            0          96M          96M           0M 
[2026-04-03T02:45:27.676+0600][40.185s][info][gc,reloc    ] GC(20) y: Forwarding Usage: 1M
[2026-04-03T02:45:27.676+0600][40.185s][info][gc,reloc    ] GC(20) y: Age Table:
[2026-04-03T02:45:27.676+0600][40.185s][info][gc,reloc    ] GC(20) y:                    Live             Garbage             Small              Medium             Large        
[2026-04-03T02:45:27.676+0600][40.185s][info][gc,reloc    ] GC(20) y: Eden               3M (0%)          806M (40%)        277 / 157            5 / 0             16 / 0        
[2026-04-03T02:45:27.676+0600][40.185s][info][gc,reloc    ] GC(20) y: Survivor 1         2M (0%)            9M (0%)           6 / 3              0 / 0              0 / 0        
[2026-04-03T02:45:27.676+0600][40.185s][info][gc,reloc    ] GC(20) y: Survivor 2         4M (0%)            7M (0%)           6 / 3              0 / 0              0 / 0        
[2026-04-03T02:45:27.676+0600][40.185s][info][gc,reloc    ] GC(20) y: Survivor 3         3M (0%)            6M (0%)           5 / 3              0 / 0              0 / 0        
[2026-04-03T02:45:27.676+0600][40.185s][info][gc,reloc    ] GC(20) y: Survivor 4         2M (0%)            1M (0%)           2 / 1              0 / 0              0 / 0        
[2026-04-03T02:45:27.676+0600][40.185s][info][gc,heap     ] GC(20) y: Min Capacity: 8M(0%)
[2026-04-03T02:45:27.676+0600][40.185s][info][gc,heap     ] GC(20) y: Max Capacity: 2000M(100%)
[2026-04-03T02:45:27.676+0600][40.185s][info][gc,heap     ] GC(20) y: Soft Max Capacity: 2000M(100%)
[2026-04-03T02:45:27.676+0600][40.185s][info][gc,heap     ] GC(20) y: Heap Statistics:
[2026-04-03T02:45:27.676+0600][40.185s][info][gc,heap     ] GC(20) y:                Mark Start          Mark End        Relocate Start      Relocate End           High               Low         
[2026-04-03T02:45:27.677+0600][40.185s][info][gc,heap     ] GC(20) y:  Capacity:     2000M (100%)       2000M (100%)       2000M (100%)       2000M (100%)       2000M (100%)       2000M (100%)   
[2026-04-03T02:45:27.677+0600][40.185s][info][gc,heap     ] GC(20) y:      Free:      974M (49%)         882M (44%)        1376M (69%)        1678M (84%)        1680M (84%)         882M (44%)    
[2026-04-03T02:45:27.677+0600][40.185s][info][gc,heap     ] GC(20) y:      Used:     1026M (51%)        1118M (56%)         624M (31%)         322M (16%)        1118M (56%)         320M (16%)    
[2026-04-03T02:45:27.677+0600][40.185s][info][gc,heap     ] GC(20) y: Young Generation Statistics:
[2026-04-03T02:45:27.677+0600][40.185s][info][gc,heap     ] GC(20) y:                Mark Start          Mark End        Relocate Start      Relocate End    
[2026-04-03T02:45:27.677+0600][40.185s][info][gc,heap     ] GC(20) y:      Used:      848M (42%)         940M (47%)         446M (22%)         144M (7%)     
[2026-04-03T02:45:27.677+0600][40.185s][info][gc,heap     ] GC(20) y:      Live:         -                16M (1%)           16M (1%)           16M (1%)     
[2026-04-03T02:45:27.677+0600][40.185s][info][gc,heap     ] GC(20) y:   Garbage:         -               831M (42%)         337M (17%)           1M (0%)     
[2026-04-03T02:45:27.677+0600][40.185s][info][gc,heap     ] GC(20) y: Allocated:         -                92M (5%)           92M (5%)          125M (6%)     
[2026-04-03T02:45:27.677+0600][40.185s][info][gc,heap     ] GC(20) y: Reclaimed:         -                  -               494M (25%)         829M (41%)    
[2026-04-03T02:45:27.677+0600][40.185s][info][gc,heap     ] GC(20) y:  Promoted:         -                  -                 0M (0%)            0M (0%)     
[2026-04-03T02:45:27.677+0600][40.185s][info][gc,heap     ] GC(20) y: Compacted:         -                  -                  -                 8M (0%)     
[2026-04-03T02:45:27.677+0600][40.185s][info][gc,phases   ] GC(20) y: Young Generation 1026M(51%)->322M(16%) 0.082s
[2026-04-03T02:45:27.677+0600][40.185s][info][gc          ] GC(20) Minor Collection (Allocation Rate) 1026M(51%)->324M(16%) 0.082s
[2026-04-03T02:45:29.123+0600][41.632s][info][gc          ] GC(21) Minor Collection (Allocation Rate)
[2026-04-03T02:45:29.123+0600][41.632s][info][gc,task     ] GC(21) Using 1 Workers for Young Generation
[2026-04-03T02:45:29.123+0600][41.632s][info][gc,phases   ] GC(21) y: Young Generation
[2026-04-03T02:45:29.123+0600][41.632s][info][gc,phases   ] GC(21) y: Pause Mark Start 0.021ms
[2026-04-03T02:45:29.204+0600][41.712s][info][gc,phases   ] GC(21) y: Concurrent Mark 79.859ms
[2026-04-03T02:45:29.204+0600][41.713s][info][gc,phases   ] GC(21) y: Pause Mark End 0.028ms
[2026-04-03T02:45:29.204+0600][41.713s][info][gc,phases   ] GC(21) y: Concurrent Mark Free 0.002ms
[2026-04-03T02:45:29.204+0600][41.713s][info][gc,phases   ] GC(21) y: Concurrent Reset Relocation Set 0.012ms
[2026-04-03T02:45:29.206+0600][41.715s][info][gc,reloc    ] GC(21) y: Using tenuring threshold: 6 (Computed)
[2026-04-03T02:45:29.207+0600][41.715s][info][gc,phases   ] GC(21) y: Concurrent Select Relocation Set 2.403ms
[2026-04-03T02:45:29.207+0600][41.715s][info][gc,phases   ] GC(21) y: Pause Relocate Start 0.016ms
[2026-04-03T02:45:29.220+0600][41.728s][info][gc,phases   ] GC(21) y: Concurrent Relocate 12.708ms
[2026-04-03T02:45:29.220+0600][41.728s][info][gc,alloc    ] GC(21) y:                         Mark Start        Mark End      Relocate Start    Relocate End   
[2026-04-03T02:45:29.220+0600][41.728s][info][gc,alloc    ] GC(21) y: Allocation Stalls:          0                0                0                0         
[2026-04-03T02:45:29.220+0600][41.728s][info][gc,load     ] GC(21) y: Load: 6.40 (53%) / 5.63 (47%) / 5.64 (47%)
[2026-04-03T02:45:29.220+0600][41.728s][info][gc,mmu      ] GC(21) y: MMU: 2ms/96.8%, 5ms/98.7%, 10ms/99.3%, 20ms/99.5%, 50ms/99.8%, 100ms/99.9%
[2026-04-03T02:45:29.220+0600][41.729s][info][gc,marking  ] GC(21) y: Mark: 1 stripe(s), 2 proactive flush(es), 1 terminate flush(es), 0 completion(s), 0 continuation(s) 
[2026-04-03T02:45:29.220+0600][41.729s][info][gc,marking  ] GC(21) y: Mark Stack Usage: 32M
[2026-04-03T02:45:29.220+0600][41.729s][info][gc,nmethod  ] GC(21) y: NMethods: 15680 registered, 0 unregistered
[2026-04-03T02:45:29.220+0600][41.729s][info][gc,metaspace] GC(21) y: Metaspace: 128M used, 129M committed, 1152M reserved
[2026-04-03T02:45:29.220+0600][41.729s][info][gc,reloc    ] GC(21) y:                        Candidates     Selected     In-Place         Size        Empty    Relocated 
[2026-04-03T02:45:29.220+0600][41.729s][info][gc,reloc    ] GC(21) y: Small Pages:                  461          300            0         922M         300M           6M 
[2026-04-03T02:45:29.220+0600][41.729s][info][gc,reloc    ] GC(21) y: Medium Pages:                   6            0            0         192M         192M           0M 
[2026-04-03T02:45:29.220+0600][41.729s][info][gc,reloc    ] GC(21) y: Large Pages:                   22            0            0         132M         132M           0M 
[2026-04-03T02:45:29.220+0600][41.729s][info][gc,reloc    ] GC(21) y: Forwarding Usage: 1M
[2026-04-03T02:45:29.220+0600][41.729s][info][gc,reloc    ] GC(21) y: Age Table:
[2026-04-03T02:45:29.220+0600][41.729s][info][gc,reloc    ] GC(21) y:                    Live             Garbage             Small              Medium             Large        
[2026-04-03T02:45:29.220+0600][41.729s][info][gc,reloc    ] GC(21) y: Eden               4M (0%)         1199M (60%)        440 / 288            6 / 0             22 / 0        
[2026-04-03T02:45:29.220+0600][41.729s][info][gc,reloc    ] GC(21) y: Survivor 1         1M (0%)            8M (0%)           5 / 4              0 / 0              0 / 0        
[2026-04-03T02:45:29.220+0600][41.729s][info][gc,reloc    ] GC(21) y: Survivor 2         2M (0%)            7M (0%)           5 / 3              0 / 0              0 / 0        
[2026-04-03T02:45:29.220+0600][41.729s][info][gc,reloc    ] GC(21) y: Survivor 3         4M (0%)            5M (0%)           5 / 2              0 / 0              0 / 0        
[2026-04-03T02:45:29.220+0600][41.729s][info][gc,reloc    ] GC(21) y: Survivor 4         3M (0%)            4M (0%)           4 / 2              0 / 0              0 / 0        
[2026-04-03T02:45:29.220+0600][41.729s][info][gc,reloc    ] GC(21) y: Survivor 5         2M (0%)            1M (0%)           2 / 1              0 / 0              0 / 0        
[2026-04-03T02:45:29.220+0600][41.729s][info][gc,heap     ] GC(21) y: Min Capacity: 8M(0%)
[2026-04-03T02:45:29.220+0600][41.729s][info][gc,heap     ] GC(21) y: Max Capacity: 2000M(100%)
[2026-04-03T02:45:29.220+0600][41.729s][info][gc,heap     ] GC(21) y: Soft Max Capacity: 2000M(100%)
[2026-04-03T02:45:29.220+0600][41.729s][info][gc,heap     ] GC(21) y: Heap Statistics:
[2026-04-03T02:45:29.220+0600][41.729s][info][gc,heap     ] GC(21) y:                Mark Start          Mark End        Relocate Start      Relocate End           High               Low         
[2026-04-03T02:45:29.220+0600][41.729s][info][gc,heap     ] GC(21) y:  Capacity:     2000M (100%)       2000M (100%)       2000M (100%)       2000M (100%)       2000M (100%)       2000M (100%)   
[2026-04-03T02:45:29.220+0600][41.729s][info][gc,heap     ] GC(21) y:      Free:      576M (29%)         478M (24%)        1102M (55%)        1668M (83%)        1674M (84%)         478M (24%)    
[2026-04-03T02:45:29.220+0600][41.729s][info][gc,heap     ] GC(21) y:      Used:     1424M (71%)        1522M (76%)         898M (45%)         332M (17%)        1522M (76%)         326M (16%)    
[2026-04-03T02:45:29.220+0600][41.729s][info][gc,heap     ] GC(21) y: Young Generation Statistics:
[2026-04-03T02:45:29.220+0600][41.729s][info][gc,heap     ] GC(21) y:                Mark Start          Mark End        Relocate Start      Relocate End    
[2026-04-03T02:45:29.220+0600][41.729s][info][gc,heap     ] GC(21) y:      Used:     1246M (62%)        1344M (67%)         720M (36%)         154M (8%)     
[2026-04-03T02:45:29.220+0600][41.729s][info][gc,heap     ] GC(21) y:      Live:         -                18M (1%)           18M (1%)           18M (1%)     
[2026-04-03T02:45:29.220+0600][41.729s][info][gc,heap     ] GC(21) y:   Garbage:         -              1227M (61%)         603M (30%)           1M (0%)     
[2026-04-03T02:45:29.220+0600][41.729s][info][gc,heap     ] GC(21) y: Allocated:         -                98M (5%)           98M (5%)          133M (7%)     
[2026-04-03T02:45:29.220+0600][41.729s][info][gc,heap     ] GC(21) y: Reclaimed:         -                  -               624M (31%)        1225M (61%)    
[2026-04-03T02:45:29.220+0600][41.729s][info][gc,heap     ] GC(21) y:  Promoted:         -                  -                 0M (0%)            0M (0%)     
[2026-04-03T02:45:29.220+0600][41.729s][info][gc,heap     ] GC(21) y: Compacted:         -                  -                  -                 8M (0%)     
[2026-04-03T02:45:29.220+0600][41.729s][info][gc,phases   ] GC(21) y: Young Generation 1424M(71%)->332M(17%) 0.097s
[2026-04-03T02:45:29.220+0600][41.729s][info][gc          ] GC(21) Minor Collection (Allocation Rate) 1424M(71%)->332M(17%) 0.097s
[2026-04-03T02:45:29.933+0600][42.442s][info][gc          ] GC(22) Minor Collection (Allocation Rate)
[2026-04-03T02:45:29.933+0600][42.442s][info][gc,task     ] GC(22) Using 1 Workers for Young Generation
[2026-04-03T02:45:29.933+0600][42.442s][info][gc,phases   ] GC(22) y: Young Generation
[2026-04-03T02:45:29.933+0600][42.442s][info][gc,phases   ] GC(22) y: Pause Mark Start 0.020ms
[2026-04-03T02:45:29.999+0600][42.507s][info][gc,task     ] Adjusting Workers for Young Generation: 1 -> 3
[2026-04-03T02:45:30.002+0600][42.510s][info][gc,phases   ] GC(22) y: Concurrent Mark 67.950ms
[2026-04-03T02:45:30.002+0600][42.511s][info][gc,phases   ] GC(22) y: Pause Mark End 0.026ms
[2026-04-03T02:45:30.002+0600][42.511s][info][gc,phases   ] GC(22) y: Concurrent Mark Free 0.001ms
[2026-04-03T02:45:30.002+0600][42.511s][info][gc,phases   ] GC(22) y: Concurrent Reset Relocation Set 0.031ms
[2026-04-03T02:45:30.007+0600][42.516s][info][gc,reloc    ] GC(22) y: Using tenuring threshold: 3 (Computed)
[2026-04-03T02:45:30.011+0600][42.520s][info][gc,phases   ] GC(22) y: Concurrent Select Relocation Set 9.136ms
[2026-04-03T02:45:30.012+0600][42.521s][info][gc,phases   ] GC(22) y: Pause Relocate Start 0.080ms
[2026-04-03T02:45:30.025+0600][42.534s][info][gc,phases   ] GC(22) y: Concurrent Relocate 12.773ms
[2026-04-03T02:45:30.025+0600][42.534s][info][gc,alloc    ] GC(22) y:                         Mark Start        Mark End      Relocate Start    Relocate End   
[2026-04-03T02:45:30.025+0600][42.534s][info][gc,alloc    ] GC(22) y: Allocation Stalls:          0                0                0                0         
[2026-04-03T02:45:30.025+0600][42.534s][info][gc,load     ] GC(22) y: Load: 6.29 (52%) / 5.62 (47%) / 5.63 (47%)
[2026-04-03T02:45:30.025+0600][42.534s][info][gc,mmu      ] GC(22) y: MMU: 2ms/96.0%, 5ms/98.4%, 10ms/98.9%, 20ms/99.5%, 50ms/99.8%, 100ms/99.9%
[2026-04-03T02:45:30.025+0600][42.534s][info][gc,marking  ] GC(22) y: Mark: 1 stripe(s), 2 proactive flush(es), 1 terminate flush(es), 0 completion(s), 0 continuation(s) 
[2026-04-03T02:45:30.025+0600][42.534s][info][gc,marking  ] GC(22) y: Mark Stack Usage: 32M
[2026-04-03T02:45:30.025+0600][42.534s][info][gc,nmethod  ] GC(22) y: NMethods: 15783 registered, 0 unregistered
[2026-04-03T02:45:30.025+0600][42.534s][info][gc,metaspace] GC(22) y: Metaspace: 128M used, 129M committed, 1152M reserved
[2026-04-03T02:45:30.025+0600][42.534s][info][gc,reloc    ] GC(22) y:                        Candidates     Selected     In-Place         Size        Empty    Relocated 
[2026-04-03T02:45:30.025+0600][42.534s][info][gc,reloc    ] GC(22) y: Small Pages:                  389          175            0         778M         400M           8M 
[2026-04-03T02:45:30.025+0600][42.534s][info][gc,reloc    ] GC(22) y: Medium Pages:                   3            0            0          96M          96M           0M 
[2026-04-03T02:45:30.025+0600][42.534s][info][gc,reloc    ] GC(22) y: Large Pages:                   80            0            0         480M         480M           0M 
[2026-04-03T02:45:30.025+0600][42.534s][info][gc,reloc    ] GC(22) y: Forwarding Usage: 2M
[2026-04-03T02:45:30.025+0600][42.534s][info][gc,reloc    ] GC(22) y: Age Table:
[2026-04-03T02:45:30.025+0600][42.534s][info][gc,reloc    ] GC(22) y:                    Live             Garbage             Small              Medium             Large        
[2026-04-03T02:45:30.025+0600][42.534s][info][gc,reloc    ] GC(22) y: Eden               7M (0%)         1298M (65%)        365 / 167            3 / 0             80 / 0        
[2026-04-03T02:45:30.025+0600][42.534s][info][gc,reloc    ] GC(22) y: Survivor 1         3M (0%)           16M (1%)          10 / 3              0 / 0              0 / 0        
[2026-04-03T02:45:30.025+0600][42.534s][info][gc,reloc    ] GC(22) y: Survivor 2         1M (0%)            0M (0%)           1 / 0              0 / 0              0 / 0        
[2026-04-03T02:45:30.025+0600][42.534s][info][gc,reloc    ] GC(22) y: Survivor 3         2M (0%)            5M (0%)           4 / 3              0 / 0              0 / 0        
[2026-04-03T02:45:30.025+0600][42.534s][info][gc,reloc    ] GC(22) y: Survivor 4         4M (0%)            3M (0%)           4 / 1              0 / 0              0 / 0        
[2026-04-03T02:45:30.025+0600][42.534s][info][gc,reloc    ] GC(22) y: Survivor 5         3M (0%)            2M (0%)           3 / 1              0 / 0              0 / 0        
[2026-04-03T02:45:30.025+0600][42.534s][info][gc,reloc    ] GC(22) y: Survivor 6         2M (0%)            1M (0%)           2 / 0              0 / 0              0 / 0        
[2026-04-03T02:45:30.025+0600][42.534s][info][gc,heap     ] GC(22) y: Min Capacity: 8M(0%)
[2026-04-03T02:45:30.025+0600][42.534s][info][gc,heap     ] GC(22) y: Max Capacity: 2000M(100%)
[2026-04-03T02:45:30.025+0600][42.534s][info][gc,heap     ] GC(22) y: Soft Max Capacity: 2000M(100%)
[2026-04-03T02:45:30.025+0600][42.534s][info][gc,heap     ] GC(22) y: Heap Statistics:
[2026-04-03T02:45:30.025+0600][42.534s][info][gc,heap     ] GC(22) y:                Mark Start          Mark End        Relocate Start      Relocate End           High               Low         
[2026-04-03T02:45:30.025+0600][42.534s][info][gc,heap     ] GC(22) y:  Capacity:     2000M (100%)       2000M (100%)       2000M (100%)       2000M (100%)       2000M (100%)       2000M (100%)   
[2026-04-03T02:45:30.025+0600][42.534s][info][gc,heap     ] GC(22) y:      Free:      468M (23%)          76M (4%)          962M (48%)        1300M (65%)        1302M (65%)          76M (4%)     
[2026-04-03T02:45:30.025+0600][42.534s][info][gc,heap     ] GC(22) y:      Used:     1532M (77%)        1924M (96%)        1038M (52%)         700M (35%)        1924M (96%)         698M (35%)    
[2026-04-03T02:45:30.025+0600][42.534s][info][gc,heap     ] GC(22) y: Young Generation Statistics:
[2026-04-03T02:45:30.025+0600][42.534s][info][gc,heap     ] GC(22) y:                Mark Start          Mark End        Relocate Start      Relocate End    
[2026-04-03T02:45:30.025+0600][42.534s][info][gc,heap     ] GC(22) y:      Used:     1354M (68%)        1746M (87%)         850M (42%)         504M (25%)    
[2026-04-03T02:45:30.025+0600][42.534s][info][gc,heap     ] GC(22) y:      Live:         -                25M (1%)           15M (1%)           12M (1%)     
[2026-04-03T02:45:30.025+0600][42.534s][info][gc,heap     ] GC(22) y:   Garbage:         -              1328M (66%)         352M (18%)           0M (0%)     
[2026-04-03T02:45:30.025+0600][42.534s][info][gc,heap     ] GC(22) y: Allocated:         -               392M (20%)         482M (24%)         491M (25%)    
[2026-04-03T02:45:30.025+0600][42.534s][info][gc,heap     ] GC(22) y: Reclaimed:         -                  -               976M (49%)        1328M (66%)    
[2026-04-03T02:45:30.025+0600][42.534s][info][gc,heap     ] GC(22) y:  Promoted:         -                  -                 9M (0%)           12M (1%)     
[2026-04-03T02:45:30.025+0600][42.534s][info][gc,heap     ] GC(22) y: Compacted:         -                  -                  -                 8M (0%)     
[2026-04-03T02:45:30.025+0600][42.534s][info][gc,phases   ] GC(22) y: Young Generation 1532M(77%)->700M(35%) 0.092s
[2026-04-03T02:45:30.025+0600][42.534s][info][gc          ] GC(22) Minor Collection (Allocation Rate) 1532M(77%)->700M(35%) 0.092s
[2026-04-03T02:45:30.778+0600][43.287s][info][gc          ] GC(23) Minor Collection (Allocation Rate)
[2026-04-03T02:45:30.778+0600][43.287s][info][gc,task     ] GC(23) Using 2 Workers for Young Generation
[2026-04-03T02:45:30.779+0600][43.287s][info][gc,phases   ] GC(23) y: Young Generation
[2026-04-03T02:45:30.779+0600][43.288s][info][gc,phases   ] GC(23) y: Pause Mark Start 0.031ms
[2026-04-03T02:45:30.829+0600][43.338s][info][gc,phases   ] GC(23) y: Concurrent Mark 50.352ms
[2026-04-03T02:45:30.830+0600][43.338s][info][gc,phases   ] GC(23) y: Pause Mark End 0.028ms
[2026-04-03T02:45:30.830+0600][43.338s][info][gc,phases   ] GC(23) y: Concurrent Mark Free 0.002ms
[2026-04-03T02:45:30.830+0600][43.339s][info][gc,phases   ] GC(23) y: Concurrent Reset Relocation Set 0.037ms
[2026-04-03T02:45:30.832+0600][43.341s][info][gc,reloc    ] GC(23) y: Using tenuring threshold: 4 (Computed)
[2026-04-03T02:45:30.833+0600][43.342s][info][gc,phases   ] GC(23) y: Concurrent Select Relocation Set 3.005ms
[2026-04-03T02:45:30.833+0600][43.342s][info][gc,phases   ] GC(23) y: Pause Relocate Start 0.043ms
[2026-04-03T02:45:30.842+0600][43.351s][info][gc,phases   ] GC(23) y: Concurrent Relocate 8.714ms
[2026-04-03T02:45:30.842+0600][43.351s][info][gc,alloc    ] GC(23) y:                         Mark Start        Mark End      Relocate Start    Relocate End   
[2026-04-03T02:45:30.842+0600][43.351s][info][gc,alloc    ] GC(23) y: Allocation Stalls:          0                0                0                0         
[2026-04-03T02:45:30.842+0600][43.351s][info][gc,load     ] GC(23) y: Load: 6.29 (52%) / 5.62 (47%) / 5.63 (47%)
[2026-04-03T02:45:30.842+0600][43.351s][info][gc,mmu      ] GC(23) y: MMU: 2ms/96.0%, 5ms/98.4%, 10ms/98.9%, 20ms/99.5%, 50ms/99.8%, 100ms/99.9%
[2026-04-03T02:45:30.842+0600][43.351s][info][gc,marking  ] GC(23) y: Mark: 2 stripe(s), 3 proactive flush(es), 1 terminate flush(es), 0 completion(s), 0 continuation(s) 
[2026-04-03T02:45:30.842+0600][43.351s][info][gc,marking  ] GC(23) y: Mark Stack Usage: 32M
[2026-04-03T02:45:30.842+0600][43.351s][info][gc,nmethod  ] GC(23) y: NMethods: 15840 registered, 0 unregistered
[2026-04-03T02:45:30.842+0600][43.351s][info][gc,metaspace] GC(23) y: Metaspace: 128M used, 129M committed, 1152M reserved
[2026-04-03T02:45:30.842+0600][43.351s][info][gc,reloc    ] GC(23) y:                        Candidates     Selected     In-Place         Size        Empty    Relocated 
[2026-04-03T02:45:30.842+0600][43.351s][info][gc,reloc    ] GC(23) y: Small Pages:                  253          199            0         506M          90M           5M 
[2026-04-03T02:45:30.842+0600][43.351s][info][gc,reloc    ] GC(23) y: Medium Pages:                   3            0            0          96M          96M           0M 
[2026-04-03T02:45:30.842+0600][43.351s][info][gc,reloc    ] GC(23) y: Large Pages:                   76            0            0         456M         456M           0M 
[2026-04-03T02:45:30.842+0600][43.351s][info][gc,reloc    ] GC(23) y: Forwarding Usage: 1M
[2026-04-03T02:45:30.842+0600][43.351s][info][gc,reloc    ] GC(23) y: Age Table:
[2026-04-03T02:45:30.842+0600][43.351s][info][gc,reloc    ] GC(23) y:                    Live             Garbage             Small              Medium             Large        
[2026-04-03T02:45:30.842+0600][43.351s][info][gc,reloc    ] GC(23) y: Eden               5M (0%)         1032M (52%)        243 / 194            3 / 0             76 / 0        
[2026-04-03T02:45:30.842+0600][43.351s][info][gc,reloc    ] GC(23) y: Survivor 1         4M (0%)            7M (0%)           6 / 4              0 / 0              0 / 0        
[2026-04-03T02:45:30.842+0600][43.351s][info][gc,reloc    ] GC(23) y: Survivor 2         3M (0%)            2M (0%)           3 / 1              0 / 0              0 / 0        
[2026-04-03T02:45:30.842+0600][43.351s][info][gc,reloc    ] GC(23) y: Survivor 3         1M (0%)            0M (0%)           1 / 0              0 / 0              0 / 0        
[2026-04-03T02:45:30.842+0600][43.351s][info][gc,heap     ] GC(23) y: Min Capacity: 8M(0%)
[2026-04-03T02:45:30.842+0600][43.351s][info][gc,heap     ] GC(23) y: Max Capacity: 2000M(100%)
[2026-04-03T02:45:30.842+0600][43.351s][info][gc,heap     ] GC(23) y: Soft Max Capacity: 2000M(100%)
[2026-04-03T02:45:30.842+0600][43.351s][info][gc,heap     ] GC(23) y: Heap Statistics:
[2026-04-03T02:45:30.843+0600][43.351s][info][gc,heap     ] GC(23) y:                Mark Start          Mark End        Relocate Start      Relocate End           High               Low         
[2026-04-03T02:45:30.843+0600][43.351s][info][gc,heap     ] GC(23) y:  Capacity:     2000M (100%)       2000M (100%)       2000M (100%)       2000M (100%)       2000M (100%)       2000M (100%)   
[2026-04-03T02:45:30.843+0600][43.351s][info][gc,heap     ] GC(23) y:      Free:      746M (37%)         672M (34%)        1308M (65%)        1674M (84%)        1680M (84%)         672M (34%)    
[2026-04-03T02:45:30.843+0600][43.351s][info][gc,heap     ] GC(23) y:      Used:     1254M (63%)        1328M (66%)         692M (35%)         326M (16%)        1328M (66%)         320M (16%)    
[2026-04-03T02:45:30.843+0600][43.351s][info][gc,heap     ] GC(23) y: Young Generation Statistics:
[2026-04-03T02:45:30.843+0600][43.351s][info][gc,heap     ] GC(23) y:                Mark Start          Mark End        Relocate Start      Relocate End    
[2026-04-03T02:45:30.843+0600][43.351s][info][gc,heap     ] GC(23) y:      Used:     1058M (53%)        1132M (57%)         496M (25%)         130M (6%)     
[2026-04-03T02:45:30.843+0600][43.351s][info][gc,heap     ] GC(23) y:      Live:         -                14M (1%)           14M (1%)           14M (1%)     
[2026-04-03T02:45:30.843+0600][43.351s][info][gc,heap     ] GC(23) y:   Garbage:         -              1043M (52%)         401M (20%)           1M (0%)     
[2026-04-03T02:45:30.843+0600][43.351s][info][gc,heap     ] GC(23) y: Allocated:         -                74M (4%)           80M (4%)          113M (6%)     
[2026-04-03T02:45:30.843+0600][43.351s][info][gc,heap     ] GC(23) y: Reclaimed:         -                  -               642M (32%)        1041M (52%)    
[2026-04-03T02:45:30.843+0600][43.351s][info][gc,heap     ] GC(23) y:  Promoted:         -                  -                 0M (0%)            0M (0%)     
[2026-04-03T02:45:30.843+0600][43.351s][info][gc,heap     ] GC(23) y: Compacted:         -                  -                  -                 8M (0%)     
[2026-04-03T02:45:30.843+0600][43.351s][info][gc,phases   ] GC(23) y: Young Generation 1254M(63%)->326M(16%) 0.064s
[2026-04-03T02:45:30.843+0600][43.351s][info][gc          ] GC(23) Minor Collection (Allocation Rate) 1254M(63%)->326M(16%) 0.064s
[2026-04-03T02:45:31.905+0600][44.413s][info][gc          ] GC(24) Minor Collection (Allocation Rate)
[2026-04-03T02:45:31.905+0600][44.413s][info][gc,task     ] GC(24) Using 1 Workers for Young Generation
[2026-04-03T02:45:31.905+0600][44.413s][info][gc,phases   ] GC(24) y: Young Generation
[2026-04-03T02:45:31.905+0600][44.414s][info][gc,phases   ] GC(24) y: Pause Mark Start 0.034ms
[2026-04-03T02:45:31.959+0600][44.468s][info][gc,phases   ] GC(24) y: Concurrent Mark 53.876ms
[2026-04-03T02:45:31.959+0600][44.468s][info][gc,phases   ] GC(24) y: Pause Mark End 0.032ms
[2026-04-03T02:45:31.962+0600][44.471s][info][gc,phases   ] GC(24) y: Concurrent Mark Free 0.002ms
[2026-04-03T02:45:31.962+0600][44.471s][info][gc,phases   ] GC(24) y: Concurrent Reset Relocation Set 0.015ms
[2026-04-03T02:45:31.964+0600][44.473s][info][gc,reloc    ] GC(24) y: Using tenuring threshold: 5 (Computed)
[2026-04-03T02:45:31.965+0600][44.474s][info][gc,phases   ] GC(24) y: Concurrent Select Relocation Set 2.874ms
[2026-04-03T02:45:31.965+0600][44.474s][info][gc,phases   ] GC(24) y: Pause Relocate Start 0.015ms
[2026-04-03T02:45:31.974+0600][44.483s][info][gc,phases   ] GC(24) y: Concurrent Relocate 8.274ms
[2026-04-03T02:45:31.974+0600][44.483s][info][gc,alloc    ] GC(24) y:                         Mark Start        Mark End      Relocate Start    Relocate End   
[2026-04-03T02:45:31.974+0600][44.483s][info][gc,alloc    ] GC(24) y: Allocation Stalls:          0                0                0                0         
[2026-04-03T02:45:31.974+0600][44.483s][info][gc,load     ] GC(24) y: Load: 6.29 (52%) / 5.62 (47%) / 5.63 (47%)
[2026-04-03T02:45:31.974+0600][44.483s][info][gc,mmu      ] GC(24) y: MMU: 2ms/96.0%, 5ms/98.4%, 10ms/98.9%, 20ms/99.5%, 50ms/99.8%, 100ms/99.9%
[2026-04-03T02:45:31.974+0600][44.483s][info][gc,marking  ] GC(24) y: Mark: 1 stripe(s), 2 proactive flush(es), 1 terminate flush(es), 0 completion(s), 0 continuation(s) 
[2026-04-03T02:45:31.974+0600][44.483s][info][gc,marking  ] GC(24) y: Mark Stack Usage: 32M
[2026-04-03T02:45:31.974+0600][44.483s][info][gc,nmethod  ] GC(24) y: NMethods: 15881 registered, 0 unregistered
[2026-04-03T02:45:31.974+0600][44.483s][info][gc,metaspace] GC(24) y: Metaspace: 128M used, 129M committed, 1152M reserved
[2026-04-03T02:45:31.974+0600][44.483s][info][gc,reloc    ] GC(24) y:                        Candidates     Selected     In-Place         Size        Empty    Relocated 
[2026-04-03T02:45:31.974+0600][44.483s][info][gc,reloc    ] GC(24) y: Small Pages:                  345          207            0         690M         256M           5M 
[2026-04-03T02:45:31.974+0600][44.483s][info][gc,reloc    ] GC(24) y: Medium Pages:                   5            0            0         160M         160M           0M 
[2026-04-03T02:45:31.974+0600][44.483s][info][gc,reloc    ] GC(24) y: Large Pages:                   16            0            0          96M          96M           0M 
[2026-04-03T02:45:31.974+0600][44.483s][info][gc,reloc    ] GC(24) y: Forwarding Usage: 1M
[2026-04-03T02:45:31.974+0600][44.483s][info][gc,reloc    ] GC(24) y: Age Table:
[2026-04-03T02:45:31.974+0600][44.483s][info][gc,reloc    ] GC(24) y:                    Live             Garbage             Small              Medium             Large        
[2026-04-03T02:45:31.974+0600][44.483s][info][gc,reloc    ] GC(24) y: Eden               4M (0%)          901M (45%)        325 / 194            5 / 0             16 / 0        
[2026-04-03T02:45:31.974+0600][44.483s][info][gc,reloc    ] GC(24) y: Survivor 1         2M (0%)            7M (0%)           5 / 3              0 / 0              0 / 0        
[2026-04-03T02:45:31.974+0600][44.483s][info][gc,reloc    ] GC(24) y: Survivor 2         4M (0%)           17M (1%)          11 / 9              0 / 0              0 / 0        
[2026-04-03T02:45:31.974+0600][44.483s][info][gc,reloc    ] GC(24) y: Survivor 3         3M (0%)            2M (0%)           3 / 1              0 / 0              0 / 0        
[2026-04-03T02:45:31.974+0600][44.483s][info][gc,reloc    ] GC(24) y: Survivor 4         1M (0%)            0M (0%)           1 / 0              0 / 0              0 / 0        
[2026-04-03T02:45:31.974+0600][44.483s][info][gc,heap     ] GC(24) y: Min Capacity: 8M(0%)
[2026-04-03T02:45:31.974+0600][44.483s][info][gc,heap     ] GC(24) y: Max Capacity: 2000M(100%)
[2026-04-03T02:45:31.974+0600][44.483s][info][gc,heap     ] GC(24) y: Soft Max Capacity: 2000M(100%)
[2026-04-03T02:45:31.974+0600][44.483s][info][gc,heap     ] GC(24) y: Heap Statistics:
[2026-04-03T02:45:31.974+0600][44.483s][info][gc,heap     ] GC(24) y:                Mark Start          Mark End        Relocate Start      Relocate End           High               Low         
[2026-04-03T02:45:31.974+0600][44.483s][info][gc,heap     ] GC(24) y:  Capacity:     2000M (100%)       2000M (100%)       2000M (100%)       2000M (100%)       2000M (100%)       2000M (100%)   
[2026-04-03T02:45:31.974+0600][44.483s][info][gc,heap     ] GC(24) y:      Free:      858M (43%)         790M (40%)        1300M (65%)        1696M (85%)        1702M (85%)         708M (35%)    
[2026-04-03T02:45:31.974+0600][44.483s][info][gc,heap     ] GC(24) y:      Used:     1142M (57%)        1210M (60%)         700M (35%)         304M (15%)        1292M (65%)         298M (15%)    
[2026-04-03T02:45:31.974+0600][44.483s][info][gc,heap     ] GC(24) y: Young Generation Statistics:
[2026-04-03T02:45:31.974+0600][44.483s][info][gc,heap     ] GC(24) y:                Mark Start          Mark End        Relocate Start      Relocate End    
[2026-04-03T02:45:31.974+0600][44.483s][info][gc,heap     ] GC(24) y:      Used:      946M (47%)        1014M (51%)         504M (25%)         108M (5%)     
[2026-04-03T02:45:31.974+0600][44.483s][info][gc,heap     ] GC(24) y:      Live:         -                15M (1%)           15M (1%)           15M (1%)     
[2026-04-03T02:45:31.974+0600][44.483s][info][gc,heap     ] GC(24) y:   Garbage:         -               930M (47%)         418M (21%)           3M (0%)     
[2026-04-03T02:45:31.974+0600][44.483s][info][gc,heap     ] GC(24) y: Allocated:         -                68M (3%)           70M (4%)           89M (4%)     
[2026-04-03T02:45:31.974+0600][44.483s][info][gc,heap     ] GC(24) y: Reclaimed:         -                  -               512M (26%)         927M (46%)    
[2026-04-03T02:45:31.974+0600][44.483s][info][gc,heap     ] GC(24) y:  Promoted:         -                  -                 0M (0%)            0M (0%)     
[2026-04-03T02:45:31.974+0600][44.483s][info][gc,heap     ] GC(24) y: Compacted:         -                  -                  -                 6M (0%)     
[2026-04-03T02:45:31.974+0600][44.483s][info][gc,phases   ] GC(24) y: Young Generation 1142M(57%)->304M(15%) 0.069s
[2026-04-03T02:45:31.974+0600][44.483s][info][gc          ] GC(24) Minor Collection (Allocation Rate) 1142M(57%)->306M(15%) 0.070s
[2026-04-03T02:45:32.477+0600][44.986s][info][gc          ] GC(25) Minor Collection (Allocation Rate)
[2026-04-03T02:45:32.478+0600][44.986s][info][gc,task     ] GC(25) Using 1 Workers for Young Generation
[2026-04-03T02:45:32.478+0600][44.986s][info][gc,phases   ] GC(25) y: Young Generation
[2026-04-03T02:45:32.478+0600][44.987s][info][gc,phases   ] GC(25) y: Pause Mark Start 0.023ms
[2026-04-03T02:45:32.540+0600][45.049s][info][gc,phases   ] GC(25) y: Concurrent Mark 62.374ms
[2026-04-03T02:45:32.541+0600][45.049s][info][gc,phases   ] GC(25) y: Pause Mark End 0.027ms
[2026-04-03T02:45:32.541+0600][45.050s][info][gc,phases   ] GC(25) y: Concurrent Mark Free 0.003ms
[2026-04-03T02:45:32.541+0600][45.050s][info][gc,phases   ] GC(25) y: Concurrent Reset Relocation Set 0.021ms
[2026-04-03T02:45:32.544+0600][45.053s][info][gc,reloc    ] GC(25) y: Using tenuring threshold: 3 (Computed)
[2026-04-03T02:45:32.550+0600][45.059s][info][gc,phases   ] GC(25) y: Concurrent Select Relocation Set 9.437ms
[2026-04-03T02:45:32.551+0600][45.060s][info][gc,phases   ] GC(25) y: Pause Relocate Start 0.026ms
[2026-04-03T02:45:32.564+0600][45.073s][info][gc,phases   ] GC(25) y: Concurrent Relocate 12.968ms
[2026-04-03T02:45:32.564+0600][45.073s][info][gc,alloc    ] GC(25) y:                         Mark Start        Mark End      Relocate Start    Relocate End   
[2026-04-03T02:45:32.564+0600][45.073s][info][gc,alloc    ] GC(25) y: Allocation Stalls:          0                0                0                0         
[2026-04-03T02:45:32.564+0600][45.073s][info][gc,load     ] GC(25) y: Load: 6.29 (52%) / 5.62 (47%) / 5.63 (47%)
[2026-04-03T02:45:32.564+0600][45.073s][info][gc,mmu      ] GC(25) y: MMU: 2ms/96.0%, 5ms/98.4%, 10ms/98.9%, 20ms/99.5%, 50ms/99.8%, 100ms/99.9%
[2026-04-03T02:45:32.564+0600][45.073s][info][gc,marking  ] GC(25) y: Mark: 1 stripe(s), 2 proactive flush(es), 1 terminate flush(es), 0 completion(s), 0 continuation(s) 
[2026-04-03T02:45:32.564+0600][45.073s][info][gc,marking  ] GC(25) y: Mark Stack Usage: 32M
[2026-04-03T02:45:32.564+0600][45.073s][info][gc,nmethod  ] GC(25) y: NMethods: 15977 registered, 0 unregistered
[2026-04-03T02:45:32.564+0600][45.073s][info][gc,metaspace] GC(25) y: Metaspace: 128M used, 129M committed, 1152M reserved
[2026-04-03T02:45:32.564+0600][45.073s][info][gc,reloc    ] GC(25) y:                        Candidates     Selected     In-Place         Size        Empty    Relocated 
[2026-04-03T02:45:32.564+0600][45.073s][info][gc,reloc    ] GC(25) y: Small Pages:                  300          112            0         600M         352M           5M 
[2026-04-03T02:45:32.564+0600][45.073s][info][gc,reloc    ] GC(25) y: Medium Pages:                   2            0            0          64M          64M           0M 
[2026-04-03T02:45:32.564+0600][45.073s][info][gc,reloc    ] GC(25) y: Large Pages:                   92            0            0         552M         528M           0M 
[2026-04-03T02:45:32.564+0600][45.073s][info][gc,reloc    ] GC(25) y: Forwarding Usage: 1M
[2026-04-03T02:45:32.564+0600][45.073s][info][gc,reloc    ] GC(25) y: Age Table:
[2026-04-03T02:45:32.564+0600][45.073s][info][gc,reloc    ] GC(25) y:                    Live             Garbage             Small              Medium             Large        
[2026-04-03T02:45:32.564+0600][45.073s][info][gc,reloc    ] GC(25) y: Eden              28M (1%)         1151M (58%)        282 / 103            2 / 0             92 / 0        
[2026-04-03T02:45:32.564+0600][45.073s][info][gc,reloc    ] GC(25) y: Survivor 1         2M (0%)            5M (0%)           4 / 3              0 / 0              0 / 0        
[2026-04-03T02:45:32.564+0600][45.073s][info][gc,reloc    ] GC(25) y: Survivor 2         2M (0%)            3M (0%)           3 / 1              0 / 0              0 / 0        
[2026-04-03T02:45:32.564+0600][45.073s][info][gc,reloc    ] GC(25) y: Survivor 3         4M (0%)            9M (0%)           7 / 4              0 / 0              0 / 0        
[2026-04-03T02:45:32.564+0600][45.073s][info][gc,reloc    ] GC(25) y: Survivor 4         3M (0%)            2M (0%)           3 / 1              0 / 0              0 / 0        
[2026-04-03T02:45:32.564+0600][45.073s][info][gc,reloc    ] GC(25) y: Survivor 5         1M (0%)            0M (0%)           1 / 0              0 / 0              0 / 0        
[2026-04-03T02:45:32.564+0600][45.073s][info][gc,heap     ] GC(25) y: Min Capacity: 8M(0%)
[2026-04-03T02:45:32.564+0600][45.073s][info][gc,heap     ] GC(25) y: Max Capacity: 2000M(100%)
[2026-04-03T02:45:32.564+0600][45.073s][info][gc,heap     ] GC(25) y: Soft Max Capacity: 2000M(100%)
[2026-04-03T02:45:32.564+0600][45.073s][info][gc,heap     ] GC(25) y: Heap Statistics:
[2026-04-03T02:45:32.564+0600][45.073s][info][gc,heap     ] GC(25) y:                Mark Start          Mark End        Relocate Start      Relocate End           High               Low         
[2026-04-03T02:45:32.564+0600][45.073s][info][gc,heap     ] GC(25) y:  Capacity:     2000M (100%)       2000M (100%)       2000M (100%)       2000M (100%)       2000M (100%)       2000M (100%)   
[2026-04-03T02:45:32.564+0600][45.073s][info][gc,heap     ] GC(25) y:      Free:      588M (29%)         188M (9%)         1116M (56%)        1322M (66%)        1324M (66%)         188M (9%)     
[2026-04-03T02:45:32.564+0600][45.073s][info][gc,heap     ] GC(25) y:      Used:     1412M (71%)        1812M (91%)         884M (44%)         678M (34%)        1812M (91%)         676M (34%)    
[2026-04-03T02:45:32.564+0600][45.073s][info][gc,heap     ] GC(25) y: Young Generation Statistics:
[2026-04-03T02:45:32.564+0600][45.073s][info][gc,heap     ] GC(25) y:                Mark Start          Mark End        Relocate Start      Relocate End    
[2026-04-03T02:45:32.564+0600][45.073s][info][gc,heap     ] GC(25) y:      Used:     1216M (61%)        1616M (81%)         678M (34%)         470M (24%)    
[2026-04-03T02:45:32.564+0600][45.073s][info][gc,heap     ] GC(25) y:      Live:         -                43M (2%)           35M (2%)           34M (2%)     
[2026-04-03T02:45:32.564+0600][45.073s][info][gc,heap     ] GC(25) y:   Garbage:         -              1172M (59%)         226M (11%)           1M (0%)     
[2026-04-03T02:45:32.564+0600][45.073s][info][gc,heap     ] GC(25) y: Allocated:         -               400M (20%)         416M (21%)         433M (22%)    
[2026-04-03T02:45:32.564+0600][45.073s][info][gc,heap     ] GC(25) y: Reclaimed:         -                  -               945M (47%)        1170M (59%)    
[2026-04-03T02:45:32.564+0600][45.073s][info][gc,heap     ] GC(25) y:  Promoted:         -                  -                 8M (0%)            9M (0%)     
[2026-04-03T02:45:32.564+0600][45.073s][info][gc,heap     ] GC(25) y: Compacted:         -                  -                  -                 6M (0%)     
[2026-04-03T02:45:32.564+0600][45.073s][info][gc,phases   ] GC(25) y: Young Generation 1412M(71%)->678M(34%) 0.086s
[2026-04-03T02:45:32.564+0600][45.073s][info][gc          ] GC(25) Minor Collection (Allocation Rate) 1412M(71%)->678M(34%) 0.087s
[2026-04-03T02:45:32.837+0600][45.346s][info][gc          ] GC(26) Minor Collection (Allocation Rate)
[2026-04-03T02:45:32.837+0600][45.346s][info][gc,task     ] GC(26) Using 1 Workers for Young Generation
[2026-04-03T02:45:32.837+0600][45.346s][info][gc,phases   ] GC(26) y: Young Generation
[2026-04-03T02:45:32.838+0600][45.346s][info][gc,phases   ] GC(26) y: Pause Mark Start 0.013ms
[2026-04-03T02:45:32.871+0600][45.379s][info][gc,phases   ] GC(26) y: Concurrent Mark 32.903ms
[2026-04-03T02:45:32.871+0600][45.379s][info][gc,phases   ] GC(26) y: Pause Mark End 0.017ms
[2026-04-03T02:45:32.871+0600][45.380s][info][gc,phases   ] GC(26) y: Concurrent Mark Free 0.001ms
[2026-04-03T02:45:32.871+0600][45.380s][info][gc,phases   ] GC(26) y: Concurrent Reset Relocation Set 0.016ms
[2026-04-03T02:45:32.872+0600][45.381s][info][gc,reloc    ] GC(26) y: Using tenuring threshold: 4 (Computed)
[2026-04-03T02:45:32.873+0600][45.382s][info][gc,phases   ] GC(26) y: Concurrent Select Relocation Set 2.145ms
[2026-04-03T02:45:32.873+0600][45.382s][info][gc,phases   ] GC(26) y: Pause Relocate Start 0.012ms
[2026-04-03T02:45:32.876+0600][45.384s][info][gc,phases   ] GC(26) y: Concurrent Relocate 2.435ms
[2026-04-03T02:45:32.876+0600][45.384s][info][gc,alloc    ] GC(26) y:                         Mark Start        Mark End      Relocate Start    Relocate End   
[2026-04-03T02:45:32.876+0600][45.384s][info][gc,alloc    ] GC(26) y: Allocation Stalls:          0                0                0                0         
[2026-04-03T02:45:32.876+0600][45.385s][info][gc,load     ] GC(26) y: Load: 6.29 (52%) / 5.62 (47%) / 5.63 (47%)
[2026-04-03T02:45:32.876+0600][45.385s][info][gc,mmu      ] GC(26) y: MMU: 2ms/96.0%, 5ms/98.4%, 10ms/98.9%, 20ms/99.5%, 50ms/99.8%, 100ms/99.9%
[2026-04-03T02:45:32.876+0600][45.385s][info][gc,marking  ] GC(26) y: Mark: 1 stripe(s), 2 proactive flush(es), 1 terminate flush(es), 0 completion(s), 0 continuation(s) 
[2026-04-03T02:45:32.876+0600][45.385s][info][gc,marking  ] GC(26) y: Mark Stack Usage: 32M
[2026-04-03T02:45:32.876+0600][45.385s][info][gc,nmethod  ] GC(26) y: NMethods: 16024 registered, 0 unregistered
[2026-04-03T02:45:32.876+0600][45.385s][info][gc,metaspace] GC(26) y: Metaspace: 128M used, 129M committed, 1152M reserved
[2026-04-03T02:45:32.876+0600][45.385s][info][gc,reloc    ] GC(26) y:                        Candidates     Selected     In-Place         Size        Empty    Relocated 
[2026-04-03T02:45:32.876+0600][45.385s][info][gc,reloc    ] GC(26) y: Small Pages:                  117           91            0         234M          38M           2M 
[2026-04-03T02:45:32.876+0600][45.385s][info][gc,reloc    ] GC(26) y: Medium Pages:                   2            0            0          64M          64M           0M 
[2026-04-03T02:45:32.876+0600][45.385s][info][gc,reloc    ] GC(26) y: Large Pages:                   60            0            0         360M         360M           0M 
[2026-04-03T02:45:32.876+0600][45.385s][info][gc,reloc    ] GC(26) y: Forwarding Usage: 0M
[2026-04-03T02:45:32.876+0600][45.385s][info][gc,reloc    ] GC(26) y: Age Table:
[2026-04-03T02:45:32.876+0600][45.385s][info][gc,reloc    ] GC(26) y:                    Live             Garbage             Small              Medium             Large        
[2026-04-03T02:45:32.876+0600][45.385s][info][gc,reloc    ] GC(26) y: Eden               1M (0%)          606M (30%)        104 / 85             2 / 0             56 / 0        
[2026-04-03T02:45:32.876+0600][45.385s][info][gc,reloc    ] GC(26) y: Survivor 1         2M (0%)           35M (2%)           7 / 3              0 / 0              4 / 0        
[2026-04-03T02:45:32.876+0600][45.385s][info][gc,reloc    ] GC(26) y: Survivor 2         2M (0%)            3M (0%)           3 / 2              0 / 0              0 / 0        
[2026-04-03T02:45:32.876+0600][45.385s][info][gc,reloc    ] GC(26) y: Survivor 3         2M (0%)            3M (0%)           3 / 1              0 / 0              0 / 0        
[2026-04-03T02:45:32.876+0600][45.385s][info][gc,heap     ] GC(26) y: Min Capacity: 8M(0%)
[2026-04-03T02:45:32.876+0600][45.385s][info][gc,heap     ] GC(26) y: Max Capacity: 2000M(100%)
[2026-04-03T02:45:32.876+0600][45.385s][info][gc,heap     ] GC(26) y: Soft Max Capacity: 2000M(100%)
[2026-04-03T02:45:32.876+0600][45.385s][info][gc,heap     ] GC(26) y: Heap Statistics:
[2026-04-03T02:45:32.876+0600][45.385s][info][gc,heap     ] GC(26) y:                Mark Start          Mark End        Relocate Start      Relocate End           High               Low         
[2026-04-03T02:45:32.876+0600][45.385s][info][gc,heap     ] GC(26) y:  Capacity:     2000M (100%)       2000M (100%)       2000M (100%)       2000M (100%)       2000M (100%)       2000M (100%)   
[2026-04-03T02:45:32.876+0600][45.385s][info][gc,heap     ] GC(26) y:      Free:     1134M (57%)        1116M (56%)        1576M (79%)        1754M (88%)        1754M (88%)        1116M (56%)    
[2026-04-03T02:45:32.876+0600][45.385s][info][gc,heap     ] GC(26) y:      Used:      866M (43%)         884M (44%)         424M (21%)         246M (12%)         884M (44%)         246M (12%)    
[2026-04-03T02:45:32.876+0600][45.385s][info][gc,heap     ] GC(26) y: Young Generation Statistics:
[2026-04-03T02:45:32.876+0600][45.385s][info][gc,heap     ] GC(26) y:                Mark Start          Mark End        Relocate Start      Relocate End    
[2026-04-03T02:45:32.876+0600][45.385s][info][gc,heap     ] GC(26) y:      Used:      658M (33%)         676M (34%)         216M (11%)          38M (2%)     
[2026-04-03T02:45:32.876+0600][45.385s][info][gc,heap     ] GC(26) y:      Live:         -                10M (1%)           10M (1%)           10M (1%)     
[2026-04-03T02:45:32.876+0600][45.385s][info][gc,heap     ] GC(26) y:   Garbage:         -               647M (32%)         185M (9%)            2M (0%)     
[2026-04-03T02:45:32.876+0600][45.385s][info][gc,heap     ] GC(26) y: Allocated:         -                18M (1%)           20M (1%)           24M (1%)     
[2026-04-03T02:45:32.876+0600][45.385s][info][gc,heap     ] GC(26) y: Reclaimed:         -                  -               462M (23%)         644M (32%)    
[2026-04-03T02:45:32.876+0600][45.385s][info][gc,heap     ] GC(26) y:  Promoted:         -                  -                 0M (0%)            0M (0%)     
[2026-04-03T02:45:32.876+0600][45.385s][info][gc,heap     ] GC(26) y: Compacted:         -                  -                  -                 3M (0%)     
[2026-04-03T02:45:32.876+0600][45.385s][info][gc,phases   ] GC(26) y: Young Generation 866M(43%)->246M(12%) 0.038s
[2026-04-03T02:45:32.876+0600][45.385s][info][gc          ] GC(26) Minor Collection (Allocation Rate) 866M(43%)->246M(12%) 0.039s
[2026-04-03T02:45:34.146+0600][46.655s][info][gc          ] GC(27) Minor Collection (Allocation Rate)
[2026-04-03T02:45:34.146+0600][46.655s][info][gc,task     ] GC(27) Using 1 Workers for Young Generation
[2026-04-03T02:45:34.146+0600][46.655s][info][gc,phases   ] GC(27) y: Young Generation
[2026-04-03T02:45:34.146+0600][46.655s][info][gc,phases   ] GC(27) y: Pause Mark Start 0.021ms
[2026-04-03T02:45:34.212+0600][46.721s][info][gc,phases   ] GC(27) y: Concurrent Mark 66.022ms
[2026-04-03T02:45:34.213+0600][46.721s][info][gc,phases   ] GC(27) y: Pause Mark End 0.021ms
[2026-04-03T02:45:34.213+0600][46.721s][info][gc,phases   ] GC(27) y: Concurrent Mark Free 0.002ms
[2026-04-03T02:45:34.213+0600][46.722s][info][gc,phases   ] GC(27) y: Concurrent Reset Relocation Set 0.012ms
[2026-04-03T02:45:34.216+0600][46.725s][info][gc,reloc    ] GC(27) y: Using tenuring threshold: 5 (Computed)
[2026-04-03T02:45:34.217+0600][46.726s][info][gc,phases   ] GC(27) y: Concurrent Select Relocation Set 4.050ms
[2026-04-03T02:45:34.217+0600][46.726s][info][gc,phases   ] GC(27) y: Pause Relocate Start 0.018ms
[2026-04-03T02:45:34.231+0600][46.740s][info][gc,phases   ] GC(27) y: Concurrent Relocate 14.003ms
[2026-04-03T02:45:34.231+0600][46.740s][info][gc,alloc    ] GC(27) y:                         Mark Start        Mark End      Relocate Start    Relocate End   
[2026-04-03T02:45:34.231+0600][46.740s][info][gc,alloc    ] GC(27) y: Allocation Stalls:          0                0                0                0         
[2026-04-03T02:45:34.231+0600][46.740s][info][gc,load     ] GC(27) y: Load: 6.29 (52%) / 5.62 (47%) / 5.63 (47%)
[2026-04-03T02:45:34.231+0600][46.740s][info][gc,mmu      ] GC(27) y: MMU: 2ms/96.0%, 5ms/98.4%, 10ms/98.9%, 20ms/99.5%, 50ms/99.8%, 100ms/99.9%
[2026-04-03T02:45:34.231+0600][46.740s][info][gc,marking  ] GC(27) y: Mark: 1 stripe(s), 2 proactive flush(es), 1 terminate flush(es), 0 completion(s), 0 continuation(s) 
[2026-04-03T02:45:34.231+0600][46.740s][info][gc,marking  ] GC(27) y: Mark Stack Usage: 32M
[2026-04-03T02:45:34.231+0600][46.740s][info][gc,nmethod  ] GC(27) y: NMethods: 16081 registered, 0 unregistered
[2026-04-03T02:45:34.232+0600][46.740s][info][gc,metaspace] GC(27) y: Metaspace: 128M used, 129M committed, 1152M reserved
[2026-04-03T02:45:34.232+0600][46.740s][info][gc,reloc    ] GC(27) y:                        Candidates     Selected     In-Place         Size        Empty    Relocated 
[2026-04-03T02:45:34.232+0600][46.740s][info][gc,reloc    ] GC(27) y: Small Pages:                  386          221            0         772M         312M           5M 
[2026-04-03T02:45:34.232+0600][46.740s][info][gc,reloc    ] GC(27) y: Medium Pages:                   5            0            0         160M         160M           0M 
[2026-04-03T02:45:34.232+0600][46.740s][info][gc,reloc    ] GC(27) y: Large Pages:                   19            0            0         114M         114M           0M 
[2026-04-03T02:45:34.232+0600][46.740s][info][gc,reloc    ] GC(27) y: Forwarding Usage: 1M
[2026-04-03T02:45:34.232+0600][46.740s][info][gc,reloc    ] GC(27) y: Age Table:
[2026-04-03T02:45:34.232+0600][46.740s][info][gc,reloc    ] GC(27) y:                    Live             Garbage             Small              Medium             Large        
[2026-04-03T02:45:34.232+0600][46.740s][info][gc,reloc    ] GC(27) y: Eden               4M (0%)         1023M (51%)        377 / 218            5 / 0             19 / 0        
[2026-04-03T02:45:34.232+0600][46.740s][info][gc,reloc    ] GC(27) y: Survivor 1         1M (0%)            0M (0%)           1 / 0              0 / 0              0 / 0        
[2026-04-03T02:45:34.232+0600][46.740s][info][gc,reloc    ] GC(27) y: Survivor 2         2M (0%)            3M (0%)           3 / 1              0 / 0              0 / 0        
[2026-04-03T02:45:34.232+0600][46.740s][info][gc,reloc    ] GC(27) y: Survivor 3         2M (0%)            1M (0%)           2 / 0              0 / 0              0 / 0        
[2026-04-03T02:45:34.232+0600][46.740s][info][gc,reloc    ] GC(27) y: Survivor 4         2M (0%)            3M (0%)           3 / 2              0 / 0              0 / 0        
[2026-04-03T02:45:34.232+0600][46.740s][info][gc,heap     ] GC(27) y: Min Capacity: 8M(0%)
[2026-04-03T02:45:34.232+0600][46.740s][info][gc,heap     ] GC(27) y: Max Capacity: 2000M(100%)
[2026-04-03T02:45:34.232+0600][46.740s][info][gc,heap     ] GC(27) y: Soft Max Capacity: 2000M(100%)
[2026-04-03T02:45:34.232+0600][46.740s][info][gc,heap     ] GC(27) y: Heap Statistics:
[2026-04-03T02:45:34.232+0600][46.740s][info][gc,heap     ] GC(27) y:                Mark Start          Mark End        Relocate Start      Relocate End           High               Low         
[2026-04-03T02:45:34.232+0600][46.740s][info][gc,heap     ] GC(27) y:  Capacity:     2000M (100%)       2000M (100%)       2000M (100%)       2000M (100%)       2000M (100%)       2000M (100%)   
[2026-04-03T02:45:34.232+0600][46.740s][info][gc,heap     ] GC(27) y:      Free:      746M (37%)         670M (34%)        1254M (63%)        1670M (84%)        1676M (84%)         670M (34%)    
[2026-04-03T02:45:34.232+0600][46.741s][info][gc,heap     ] GC(27) y:      Used:     1254M (63%)        1330M (66%)         746M (37%)         330M (16%)        1330M (66%)         324M (16%)    
[2026-04-03T02:45:34.232+0600][46.741s][info][gc,heap     ] GC(27) y: Young Generation Statistics:
[2026-04-03T02:45:34.232+0600][46.741s][info][gc,heap     ] GC(27) y:                Mark Start          Mark End        Relocate Start      Relocate End    
[2026-04-03T02:45:34.232+0600][46.741s][info][gc,heap     ] GC(27) y:      Used:     1046M (52%)        1122M (56%)         538M (27%)         122M (6%)     
[2026-04-03T02:45:34.232+0600][46.741s][info][gc,heap     ] GC(27) y:      Live:         -                14M (1%)           14M (1%)           14M (1%)     
[2026-04-03T02:45:34.232+0600][46.741s][info][gc,heap     ] GC(27) y:   Garbage:         -              1031M (52%)         445M (22%)           1M (0%)     
[2026-04-03T02:45:34.232+0600][46.741s][info][gc,heap     ] GC(27) y: Allocated:         -                76M (4%)           78M (4%)          105M (5%)     
[2026-04-03T02:45:34.232+0600][46.741s][info][gc,heap     ] GC(27) y: Reclaimed:         -                  -               586M (29%)        1029M (51%)    
[2026-04-03T02:45:34.232+0600][46.741s][info][gc,heap     ] GC(27) y:  Promoted:         -                  -                 0M (0%)            0M (0%)     
[2026-04-03T02:45:34.232+0600][46.741s][info][gc,heap     ] GC(27) y: Compacted:         -                  -                  -                 8M (0%)     
[2026-04-03T02:45:34.232+0600][46.741s][info][gc,phases   ] GC(27) y: Young Generation 1254M(63%)->330M(16%) 0.085s
[2026-04-03T02:45:34.232+0600][46.741s][info][gc          ] GC(27) Minor Collection (Allocation Rate) 1254M(63%)->330M(16%) 0.086s
[2026-04-03T02:45:34.841+0600][47.350s][info][gc          ] GC(28) Minor Collection (Allocation Rate)
[2026-04-03T02:45:34.841+0600][47.350s][info][gc,task     ] GC(28) Using 1 Workers for Young Generation
[2026-04-03T02:45:34.841+0600][47.350s][info][gc,phases   ] GC(28) y: Young Generation
[2026-04-03T02:45:34.841+0600][47.350s][info][gc,phases   ] GC(28) y: Pause Mark Start 0.021ms
[2026-04-03T02:45:34.902+0600][47.410s][info][gc,task     ] Adjusting Workers for Young Generation: 1 -> 3
[2026-04-03T02:45:34.904+0600][47.413s][info][gc,phases   ] GC(28) y: Concurrent Mark 62.502ms
[2026-04-03T02:45:34.904+0600][47.413s][info][gc,phases   ] GC(28) y: Pause Mark End 0.028ms
[2026-04-03T02:45:34.904+0600][47.413s][info][gc,phases   ] GC(28) y: Concurrent Mark Free 0.003ms
[2026-04-03T02:45:34.904+0600][47.413s][info][gc,phases   ] GC(28) y: Concurrent Reset Relocation Set 0.027ms
[2026-04-03T02:45:34.907+0600][47.416s][info][gc,reloc    ] GC(28) y: Using tenuring threshold: 3 (Computed)
[2026-04-03T02:45:34.909+0600][47.418s][info][gc,phases   ] GC(28) y: Concurrent Select Relocation Set 4.895ms
[2026-04-03T02:45:34.910+0600][47.418s][info][gc,phases   ] GC(28) y: Pause Relocate Start 0.024ms
[2026-04-03T02:45:34.919+0600][47.428s][info][gc,phases   ] GC(28) y: Concurrent Relocate 9.660ms
[2026-04-03T02:45:34.919+0600][47.428s][info][gc,alloc    ] GC(28) y:                         Mark Start        Mark End      Relocate Start    Relocate End   
[2026-04-03T02:45:34.920+0600][47.428s][info][gc,alloc    ] GC(28) y: Allocation Stalls:          0                0                0                0         
[2026-04-03T02:45:34.920+0600][47.428s][info][gc,load     ] GC(28) y: Load: 6.29 (52%) / 5.62 (47%) / 5.63 (47%)
[2026-04-03T02:45:34.920+0600][47.428s][info][gc,mmu      ] GC(28) y: MMU: 2ms/96.0%, 5ms/98.4%, 10ms/98.9%, 20ms/99.5%, 50ms/99.8%, 100ms/99.9%
[2026-04-03T02:45:34.920+0600][47.428s][info][gc,marking  ] GC(28) y: Mark: 1 stripe(s), 3 proactive flush(es), 1 terminate flush(es), 0 completion(s), 0 continuation(s) 
[2026-04-03T02:45:34.920+0600][47.428s][info][gc,marking  ] GC(28) y: Mark Stack Usage: 32M
[2026-04-03T02:45:34.920+0600][47.428s][info][gc,nmethod  ] GC(28) y: NMethods: 16146 registered, 0 unregistered
[2026-04-03T02:45:34.920+0600][47.428s][info][gc,metaspace] GC(28) y: Metaspace: 128M used, 129M committed, 1152M reserved
[2026-04-03T02:45:34.920+0600][47.428s][info][gc,reloc    ] GC(28) y:                        Candidates     Selected     In-Place         Size        Empty    Relocated 
[2026-04-03T02:45:34.920+0600][47.428s][info][gc,reloc    ] GC(28) y: Small Pages:                  348          163            0         696M         346M           8M 
[2026-04-03T02:45:34.920+0600][47.428s][info][gc,reloc    ] GC(28) y: Medium Pages:                   3            0            0          96M          96M           0M 
[2026-04-03T02:45:34.920+0600][47.428s][info][gc,reloc    ] GC(28) y: Large Pages:                   79            0            0         474M         474M           0M 
[2026-04-03T02:45:34.920+0600][47.428s][info][gc,reloc    ] GC(28) y: Forwarding Usage: 1M
[2026-04-03T02:45:34.920+0600][47.428s][info][gc,reloc    ] GC(28) y: Age Table:
[2026-04-03T02:45:34.920+0600][47.428s][info][gc,reloc    ] GC(28) y:                    Live             Garbage             Small              Medium             Large        
[2026-04-03T02:45:34.920+0600][47.428s][info][gc,reloc    ] GC(28) y: Eden               7M (0%)         1230M (62%)        334 / 156            3 / 0             79 / 0        
[2026-04-03T02:45:34.920+0600][47.428s][info][gc,reloc    ] GC(28) y: Survivor 1         2M (0%)            5M (0%)           4 / 3              0 / 0              0 / 0        
[2026-04-03T02:45:34.920+0600][47.428s][info][gc,reloc    ] GC(28) y: Survivor 2         1M (0%)            0M (0%)           1 / 0              0 / 0              0 / 0        
[2026-04-03T02:45:34.920+0600][47.428s][info][gc,reloc    ] GC(28) y: Survivor 3         2M (0%)            7M (0%)           5 / 4              0 / 0              0 / 0        
[2026-04-03T02:45:34.920+0600][47.428s][info][gc,reloc    ] GC(28) y: Survivor 4         2M (0%)            1M (0%)           2 / 0              0 / 0              0 / 0        
[2026-04-03T02:45:34.920+0600][47.428s][info][gc,reloc    ] GC(28) y: Survivor 5         2M (0%)            1M (0%)           2 / 0              0 / 0              0 / 0        
[2026-04-03T02:45:34.920+0600][47.428s][info][gc,heap     ] GC(28) y: Min Capacity: 8M(0%)
[2026-04-03T02:45:34.920+0600][47.428s][info][gc,heap     ] GC(28) y: Max Capacity: 2000M(100%)
[2026-04-03T02:45:34.920+0600][47.428s][info][gc,heap     ] GC(28) y: Soft Max Capacity: 2000M(100%)
[2026-04-03T02:45:34.920+0600][47.428s][info][gc,heap     ] GC(28) y: Heap Statistics:
[2026-04-03T02:45:34.920+0600][47.428s][info][gc,heap     ] GC(28) y:                Mark Start          Mark End        Relocate Start      Relocate End           High               Low         
[2026-04-03T02:45:34.920+0600][47.428s][info][gc,heap     ] GC(28) y:  Capacity:     2000M (100%)       2000M (100%)       2000M (100%)       2000M (100%)       2000M (100%)       2000M (100%)   
[2026-04-03T02:45:34.920+0600][47.428s][info][gc,heap     ] GC(28) y:      Free:      526M (26%)          82M (4%)          968M (48%)        1274M (64%)        1276M (64%)          82M (4%)     
[2026-04-03T02:45:34.920+0600][47.428s][info][gc,heap     ] GC(28) y:      Used:     1474M (74%)        1918M (96%)        1032M (52%)         726M (36%)        1918M (96%)         724M (36%)    
[2026-04-03T02:45:34.920+0600][47.428s][info][gc,heap     ] GC(28) y: Young Generation Statistics:
[2026-04-03T02:45:34.920+0600][47.428s][info][gc,heap     ] GC(28) y:                Mark Start          Mark End        Relocate Start      Relocate End    
[2026-04-03T02:45:34.920+0600][47.429s][info][gc,heap     ] GC(28) y:      Used:     1266M (63%)        1710M (86%)         816M (41%)         506M (25%)    
[2026-04-03T02:45:34.920+0600][47.429s][info][gc,heap     ] GC(28) y:      Live:         -                19M (1%)           13M (1%)           11M (1%)     
[2026-04-03T02:45:34.920+0600][47.429s][info][gc,heap     ] GC(28) y:   Garbage:         -              1246M (62%)         328M (16%)           0M (0%)     
[2026-04-03T02:45:34.920+0600][47.429s][info][gc,heap     ] GC(28) y: Allocated:         -               444M (22%)         474M (24%)         494M (25%)    
[2026-04-03T02:45:34.920+0600][47.429s][info][gc,heap     ] GC(28) y: Reclaimed:         -                  -               918M (46%)        1246M (62%)    
[2026-04-03T02:45:34.920+0600][47.429s][info][gc,heap     ] GC(28) y:  Promoted:         -                  -                 5M (0%)            8M (0%)     
[2026-04-03T02:45:34.920+0600][47.429s][info][gc,heap     ] GC(28) y: Compacted:         -                  -                  -                 9M (0%)     
[2026-04-03T02:45:34.920+0600][47.429s][info][gc,phases   ] GC(28) y: Young Generation 1474M(74%)->726M(36%) 0.078s
[2026-04-03T02:45:34.920+0600][47.429s][info][gc          ] GC(28) Minor Collection (Allocation Rate) 1474M(74%)->726M(36%) 0.079s
[2026-04-03T02:45:35.630+0600][48.139s][info][gc          ] GC(29) Minor Collection (Allocation Rate)
[2026-04-03T02:45:35.630+0600][48.139s][info][gc,task     ] GC(29) Using 2 Workers for Young Generation
[2026-04-03T02:45:35.630+0600][48.139s][info][gc,phases   ] GC(29) y: Young Generation
[2026-04-03T02:45:35.631+0600][48.139s][info][gc,phases   ] GC(29) y: Pause Mark Start 0.033ms
[2026-04-03T02:45:35.672+0600][48.181s][info][gc,phases   ] GC(29) y: Concurrent Mark 41.457ms
[2026-04-03T02:45:35.673+0600][48.181s][info][gc,phases   ] GC(29) y: Pause Mark End 0.029ms
[2026-04-03T02:45:35.673+0600][48.182s][info][gc,phases   ] GC(29) y: Concurrent Mark Free 0.003ms
[2026-04-03T02:45:35.673+0600][48.182s][info][gc,phases   ] GC(29) y: Concurrent Reset Relocation Set 0.029ms
[2026-04-03T02:45:35.677+0600][48.185s][info][gc,reloc    ] GC(29) y: Using tenuring threshold: 4 (Computed)
[2026-04-03T02:45:35.677+0600][48.186s][info][gc,phases   ] GC(29) y: Concurrent Select Relocation Set 4.215ms
[2026-04-03T02:45:35.677+0600][48.186s][info][gc,phases   ] GC(29) y: Pause Relocate Start 0.024ms
[2026-04-03T02:45:35.683+0600][48.191s][info][gc,phases   ] GC(29) y: Concurrent Relocate 5.160ms
[2026-04-03T02:45:35.683+0600][48.192s][info][gc,alloc    ] GC(29) y:                         Mark Start        Mark End      Relocate Start    Relocate End   
[2026-04-03T02:45:35.683+0600][48.192s][info][gc,alloc    ] GC(29) y: Allocation Stalls:          0                0                0                0         
[2026-04-03T02:45:35.683+0600][48.192s][info][gc,load     ] GC(29) y: Load: 5.86 (49%) / 5.54 (46%) / 5.61 (47%)
[2026-04-03T02:45:35.683+0600][48.192s][info][gc,mmu      ] GC(29) y: MMU: 2ms/96.0%, 5ms/98.4%, 10ms/98.9%, 20ms/99.5%, 50ms/99.8%, 100ms/99.9%
[2026-04-03T02:45:35.683+0600][48.192s][info][gc,marking  ] GC(29) y: Mark: 2 stripe(s), 2 proactive flush(es), 1 terminate flush(es), 0 completion(s), 0 continuation(s) 
[2026-04-03T02:45:35.683+0600][48.192s][info][gc,marking  ] GC(29) y: Mark Stack Usage: 32M
[2026-04-03T02:45:35.683+0600][48.192s][info][gc,nmethod  ] GC(29) y: NMethods: 16201 registered, 0 unregistered
[2026-04-03T02:45:35.683+0600][48.192s][info][gc,metaspace] GC(29) y: Metaspace: 128M used, 130M committed, 1152M reserved
[2026-04-03T02:45:35.683+0600][48.192s][info][gc,reloc    ] GC(29) y:                        Candidates     Selected     In-Place         Size        Empty    Relocated 
[2026-04-03T02:45:35.683+0600][48.192s][info][gc,reloc    ] GC(29) y: Small Pages:                  256          207            0         512M          82M           6M 
[2026-04-03T02:45:35.683+0600][48.192s][info][gc,reloc    ] GC(29) y: Medium Pages:                   3            0            0          96M          64M           0M 
[2026-04-03T02:45:35.683+0600][48.192s][info][gc,reloc    ] GC(29) y: Large Pages:                   76            0            0         456M         456M           0M 
[2026-04-03T02:45:35.683+0600][48.192s][info][gc,reloc    ] GC(29) y: Forwarding Usage: 1M
[2026-04-03T02:45:35.683+0600][48.192s][info][gc,reloc    ] GC(29) y: Age Table:
[2026-04-03T02:45:35.683+0600][48.192s][info][gc,reloc    ] GC(29) y:                    Live             Garbage             Small              Medium             Large        
[2026-04-03T02:45:35.683+0600][48.192s][info][gc,reloc    ] GC(29) y: Eden               5M (0%)         1038M (52%)        246 / 201            3 / 0             76 / 0        
[2026-04-03T02:45:35.683+0600][48.192s][info][gc,reloc    ] GC(29) y: Survivor 1         3M (0%)           10M (1%)           7 / 5              0 / 0              0 / 0        
[2026-04-03T02:45:35.683+0600][48.192s][info][gc,reloc    ] GC(29) y: Survivor 2         2M (0%)            1M (0%)           2 / 1              0 / 0              0 / 0        
[2026-04-03T02:45:35.683+0600][48.192s][info][gc,reloc    ] GC(29) y: Survivor 3         1M (0%)            0M (0%)           1 / 0              0 / 0              0 / 0        
[2026-04-03T02:45:35.683+0600][48.192s][info][gc,heap     ] GC(29) y: Min Capacity: 8M(0%)
[2026-04-03T02:45:35.683+0600][48.192s][info][gc,heap     ] GC(29) y: Max Capacity: 2000M(100%)
[2026-04-03T02:45:35.683+0600][48.192s][info][gc,heap     ] GC(29) y: Soft Max Capacity: 2000M(100%)
[2026-04-03T02:45:35.683+0600][48.192s][info][gc,heap     ] GC(29) y: Heap Statistics:
[2026-04-03T02:45:35.683+0600][48.192s][info][gc,heap     ] GC(29) y:                Mark Start          Mark End        Relocate Start      Relocate End           High               Low         
[2026-04-03T02:45:35.683+0600][48.192s][info][gc,heap     ] GC(29) y:  Capacity:     2000M (100%)       2000M (100%)       2000M (100%)       2000M (100%)       2000M (100%)       2000M (100%)   
[2026-04-03T02:45:35.683+0600][48.192s][info][gc,heap     ] GC(29) y:      Free:      716M (36%)         664M (33%)        1262M (63%)        1664M (83%)        1664M (83%)         662M (33%)    
[2026-04-03T02:45:35.683+0600][48.192s][info][gc,heap     ] GC(29) y:      Used:     1284M (64%)        1336M (67%)         738M (37%)         336M (17%)        1338M (67%)         336M (17%)    
[2026-04-03T02:45:35.683+0600][48.192s][info][gc,heap     ] GC(29) y: Young Generation Statistics:
[2026-04-03T02:45:35.683+0600][48.192s][info][gc,heap     ] GC(29) y:                Mark Start          Mark End        Relocate Start      Relocate End    
[2026-04-03T02:45:35.683+0600][48.192s][info][gc,heap     ] GC(29) y:      Used:     1064M (53%)        1116M (56%)         518M (26%)         116M (6%)     
[2026-04-03T02:45:35.683+0600][48.192s][info][gc,heap     ] GC(29) y:      Live:         -                13M (1%)           13M (1%)           13M (1%)     
[2026-04-03T02:45:35.683+0600][48.192s][info][gc,heap     ] GC(29) y:   Garbage:         -              1050M (53%)         448M (22%)          33M (2%)     
[2026-04-03T02:45:35.683+0600][48.192s][info][gc,heap     ] GC(29) y: Allocated:         -                52M (3%)           56M (3%)           69M (3%)     
[2026-04-03T02:45:35.683+0600][48.192s][info][gc,heap     ] GC(29) y: Reclaimed:         -                  -               602M (30%)        1017M (51%)    
[2026-04-03T02:45:35.683+0600][48.192s][info][gc,heap     ] GC(29) y:  Promoted:         -                  -                 0M (0%)            0M (0%)     
[2026-04-03T02:45:35.683+0600][48.192s][info][gc,heap     ] GC(29) y: Compacted:         -                  -                  -                 6M (0%)     
[2026-04-03T02:45:35.683+0600][48.192s][info][gc,phases   ] GC(29) y: Young Generation 1284M(64%)->336M(17%) 0.053s
[2026-04-03T02:45:35.683+0600][48.192s][info][gc          ] GC(29) Minor Collection (Allocation Rate) 1284M(64%)->338M(17%) 0.053s
[2026-04-03T02:45:36.764+0600][49.273s][info][gc          ] GC(30) Minor Collection (Allocation Rate)
[2026-04-03T02:45:36.764+0600][49.273s][info][gc,task     ] GC(30) Using 1 Workers for Young Generation
[2026-04-03T02:45:36.764+0600][49.273s][info][gc,phases   ] GC(30) y: Young Generation
[2026-04-03T02:45:36.765+0600][49.273s][info][gc,phases   ] GC(30) y: Pause Mark Start 0.024ms
[2026-04-03T02:45:36.808+0600][49.317s][info][gc,phases   ] GC(30) y: Concurrent Mark 43.638ms
[2026-04-03T02:45:36.808+0600][49.317s][info][gc,phases   ] GC(30) y: Pause Mark End 0.019ms
[2026-04-03T02:45:36.809+0600][49.317s][info][gc,phases   ] GC(30) y: Concurrent Mark Free 0.001ms
[2026-04-03T02:45:36.809+0600][49.317s][info][gc,phases   ] GC(30) y: Concurrent Reset Relocation Set 0.014ms
[2026-04-03T02:45:36.813+0600][49.322s][info][gc,reloc    ] GC(30) y: Using tenuring threshold: 5 (Computed)
[2026-04-03T02:45:36.814+0600][49.323s][info][gc,phases   ] GC(30) y: Concurrent Select Relocation Set 5.532ms
[2026-04-03T02:45:36.814+0600][49.323s][info][gc,phases   ] GC(30) y: Pause Relocate Start 0.016ms
[2026-04-03T02:45:36.821+0600][49.330s][info][gc,phases   ] GC(30) y: Concurrent Relocate 6.776ms
[2026-04-03T02:45:36.821+0600][49.330s][info][gc,alloc    ] GC(30) y:                         Mark Start        Mark End      Relocate Start    Relocate End   
[2026-04-03T02:45:36.821+0600][49.330s][info][gc,alloc    ] GC(30) y: Allocation Stalls:          0                0                0                0         
[2026-04-03T02:45:36.821+0600][49.330s][info][gc,load     ] GC(30) y: Load: 5.86 (49%) / 5.54 (46%) / 5.61 (47%)
[2026-04-03T02:45:36.821+0600][49.330s][info][gc,mmu      ] GC(30) y: MMU: 2ms/96.0%, 5ms/98.4%, 10ms/98.9%, 20ms/99.5%, 50ms/99.8%, 100ms/99.9%
[2026-04-03T02:45:36.821+0600][49.330s][info][gc,marking  ] GC(30) y: Mark: 1 stripe(s), 3 proactive flush(es), 1 terminate flush(es), 0 completion(s), 0 continuation(s) 
[2026-04-03T02:45:36.821+0600][49.330s][info][gc,marking  ] GC(30) y: Mark Stack Usage: 32M
[2026-04-03T02:45:36.821+0600][49.330s][info][gc,nmethod  ] GC(30) y: NMethods: 16250 registered, 0 unregistered
[2026-04-03T02:45:36.821+0600][49.330s][info][gc,metaspace] GC(30) y: Metaspace: 128M used, 130M committed, 1152M reserved
[2026-04-03T02:45:36.821+0600][49.330s][info][gc,reloc    ] GC(30) y:                        Candidates     Selected     In-Place         Size        Empty    Relocated 
[2026-04-03T02:45:36.821+0600][49.330s][info][gc,reloc    ] GC(30) y: Small Pages:                  344          201            0         688M         268M           5M 
[2026-04-03T02:45:36.821+0600][49.330s][info][gc,reloc    ] GC(30) y: Medium Pages:                   6            1            0         192M         128M           0M 
[2026-04-03T02:45:36.821+0600][49.330s][info][gc,reloc    ] GC(30) y: Large Pages:                   16            0            0          96M          96M           0M 
[2026-04-03T02:45:36.821+0600][49.330s][info][gc,reloc    ] GC(30) y: Forwarding Usage: 1M
[2026-04-03T02:45:36.821+0600][49.330s][info][gc,reloc    ] GC(30) y: Age Table:
[2026-04-03T02:45:36.821+0600][49.330s][info][gc,reloc    ] GC(30) y:                    Live             Garbage             Small              Medium             Large        
[2026-04-03T02:45:36.821+0600][49.330s][info][gc,reloc    ] GC(30) y: Eden               3M (0%)          912M (46%)        330 / 197            5 / 0             16 / 0        
[2026-04-03T02:45:36.821+0600][49.330s][info][gc,reloc    ] GC(30) y: Survivor 1         3M (0%)           42M (2%)           7 / 3              1 / 1              0 / 0        
[2026-04-03T02:45:36.821+0600][49.330s][info][gc,reloc    ] GC(30) y: Survivor 2         3M (0%)            4M (0%)           4 / 0              0 / 0              0 / 0        
[2026-04-03T02:45:36.821+0600][49.330s][info][gc,reloc    ] GC(30) y: Survivor 3         2M (0%)            1M (0%)           2 / 1              0 / 0              0 / 0        
[2026-04-03T02:45:36.821+0600][49.330s][info][gc,reloc    ] GC(30) y: Survivor 4         1M (0%)            0M (0%)           1 / 0              0 / 0              0 / 0        
[2026-04-03T02:45:36.821+0600][49.330s][info][gc,heap     ] GC(30) y: Min Capacity: 8M(0%)
[2026-04-03T02:45:36.821+0600][49.330s][info][gc,heap     ] GC(30) y: Max Capacity: 2000M(100%)
[2026-04-03T02:45:36.821+0600][49.330s][info][gc,heap     ] GC(30) y: Soft Max Capacity: 2000M(100%)
[2026-04-03T02:45:36.821+0600][49.330s][info][gc,heap     ] GC(30) y: Heap Statistics:
[2026-04-03T02:45:36.822+0600][49.330s][info][gc,heap     ] GC(30) y:                Mark Start          Mark End        Relocate Start      Relocate End           High               Low         
[2026-04-03T02:45:36.822+0600][49.330s][info][gc,heap     ] GC(30) y:  Capacity:     2000M (100%)       2000M (100%)       2000M (100%)       2000M (100%)       2000M (100%)       2000M (100%)   
[2026-04-03T02:45:36.822+0600][49.330s][info][gc,heap     ] GC(30) y:      Free:      804M (40%)         738M (37%)        1224M (61%)        1620M (81%)        1620M (81%)         738M (37%)    
[2026-04-03T02:45:36.822+0600][49.330s][info][gc,heap     ] GC(30) y:      Used:     1196M (60%)        1262M (63%)         776M (39%)         380M (19%)        1262M (63%)         380M (19%)    
[2026-04-03T02:45:36.822+0600][49.330s][info][gc,heap     ] GC(30) y: Young Generation Statistics:
[2026-04-03T02:45:36.822+0600][49.330s][info][gc,heap     ] GC(30) y:                Mark Start          Mark End        Relocate Start      Relocate End    
[2026-04-03T02:45:36.822+0600][49.330s][info][gc,heap     ] GC(30) y:      Used:      976M (49%)        1042M (52%)         556M (28%)         160M (8%)     
[2026-04-03T02:45:36.822+0600][49.330s][info][gc,heap     ] GC(30) y:      Live:         -                14M (1%)           14M (1%)           14M (1%)     
[2026-04-03T02:45:36.822+0600][49.330s][info][gc,heap     ] GC(30) y:   Garbage:         -               961M (48%)         469M (23%)           2M (0%)     
[2026-04-03T02:45:36.822+0600][49.330s][info][gc,heap     ] GC(30) y: Allocated:         -                66M (3%)           72M (4%)          142M (7%)     
[2026-04-03T02:45:36.822+0600][49.330s][info][gc,heap     ] GC(30) y: Reclaimed:         -                  -               492M (25%)         958M (48%)    
[2026-04-03T02:45:36.822+0600][49.330s][info][gc,heap     ] GC(30) y:  Promoted:         -                  -                 0M (0%)            0M (0%)     
[2026-04-03T02:45:36.822+0600][49.330s][info][gc,heap     ] GC(30) y: Compacted:         -                  -                  -                 7M (0%)     
[2026-04-03T02:45:36.822+0600][49.330s][info][gc,phases   ] GC(30) y: Young Generation 1196M(60%)->380M(19%) 0.057s
[2026-04-03T02:45:36.822+0600][49.330s][info][gc          ] GC(30) Minor Collection (Allocation Rate) 1196M(60%)->380M(19%) 0.058s
[2026-04-03T02:45:37.311+0600][49.820s][info][gc          ] GC(31) Minor Collection (Allocation Rate)
[2026-04-03T02:45:37.311+0600][49.820s][info][gc,task     ] GC(31) Using 3 Workers for Young Generation
[2026-04-03T02:45:37.311+0600][49.820s][info][gc,phases   ] GC(31) y: Young Generation
[2026-04-03T02:45:37.311+0600][49.820s][info][gc,phases   ] GC(31) y: Pause Mark Start 0.049ms
[2026-04-03T02:45:37.342+0600][49.851s][info][gc,phases   ] GC(31) y: Concurrent Mark 30.859ms
[2026-04-03T02:45:37.342+0600][49.851s][info][gc,phases   ] GC(31) y: Pause Mark End 0.024ms
[2026-04-03T02:45:37.343+0600][49.851s][info][gc,phases   ] GC(31) y: Concurrent Mark Free 0.001ms
[2026-04-03T02:45:37.343+0600][49.851s][info][gc,phases   ] GC(31) y: Concurrent Reset Relocation Set 0.028ms
[2026-04-03T02:45:37.348+0600][49.856s][info][gc,reloc    ] GC(31) y: Using tenuring threshold: 6 (Computed)
[2026-04-03T02:45:37.348+0600][49.857s][info][gc,phases   ] GC(31) y: Concurrent Select Relocation Set 5.518ms
[2026-04-03T02:45:37.348+0600][49.857s][info][gc,phases   ] GC(31) y: Pause Relocate Start 0.016ms
[2026-04-03T02:45:37.352+0600][49.861s][info][gc,phases   ] GC(31) y: Concurrent Relocate 3.880ms
[2026-04-03T02:45:37.352+0600][49.861s][info][gc,alloc    ] GC(31) y:                         Mark Start        Mark End      Relocate Start    Relocate End   
[2026-04-03T02:45:37.352+0600][49.861s][info][gc,alloc    ] GC(31) y: Allocation Stalls:          0                0                0                0         
[2026-04-03T02:45:37.352+0600][49.861s][info][gc,load     ] GC(31) y: Load: 5.86 (49%) / 5.54 (46%) / 5.61 (47%)
[2026-04-03T02:45:37.352+0600][49.861s][info][gc,mmu      ] GC(31) y: MMU: 2ms/96.0%, 5ms/98.4%, 10ms/98.9%, 20ms/99.5%, 50ms/99.8%, 100ms/99.9%
[2026-04-03T02:45:37.352+0600][49.861s][info][gc,marking  ] GC(31) y: Mark: 2 stripe(s), 3 proactive flush(es), 1 terminate flush(es), 0 completion(s), 0 continuation(s) 
[2026-04-03T02:45:37.353+0600][49.861s][info][gc,marking  ] GC(31) y: Mark Stack Usage: 32M
[2026-04-03T02:45:37.353+0600][49.861s][info][gc,nmethod  ] GC(31) y: NMethods: 16277 registered, 0 unregistered
[2026-04-03T02:45:37.353+0600][49.861s][info][gc,metaspace] GC(31) y: Metaspace: 128M used, 130M committed, 1152M reserved
[2026-04-03T02:45:37.353+0600][49.861s][info][gc,reloc    ] GC(31) y:                        Candidates     Selected     In-Place         Size        Empty    Relocated 
[2026-04-03T02:45:37.353+0600][49.861s][info][gc,reloc    ] GC(31) y: Small Pages:                  293          100            0         586M         362M           6M 
[2026-04-03T02:45:37.353+0600][49.861s][info][gc,reloc    ] GC(31) y: Medium Pages:                   4            1            0         128M          64M           0M 
[2026-04-03T02:45:37.353+0600][49.861s][info][gc,reloc    ] GC(31) y: Large Pages:                  132            0            0         792M         774M           0M 
[2026-04-03T02:45:37.353+0600][49.861s][info][gc,reloc    ] GC(31) y: Forwarding Usage: 1M
[2026-04-03T02:45:37.353+0600][49.861s][info][gc,reloc    ] GC(31) y: Age Table:
[2026-04-03T02:45:37.353+0600][49.861s][info][gc,reloc    ] GC(31) y:                    Live             Garbage             Small              Medium             Large        
[2026-04-03T02:45:37.353+0600][49.861s][info][gc,reloc    ] GC(31) y: Eden              23M (1%)         1396M (70%)        282 / 97             2 / 0            132 / 0        
[2026-04-03T02:45:37.353+0600][49.861s][info][gc,reloc    ] GC(31) y: Survivor 1         3M (0%)           32M (2%)           2 / 1              1 / 1              0 / 0        
[2026-04-03T02:45:37.353+0600][49.861s][info][gc,reloc    ] GC(31) y: Survivor 2         3M (0%)           34M (2%)           3 / 1              1 / 0              0 / 0        
[2026-04-03T02:45:37.353+0600][49.861s][info][gc,reloc    ] GC(31) y: Survivor 3         3M (0%)            2M (0%)           3 / 0              0 / 0              0 / 0        
[2026-04-03T02:45:37.353+0600][49.861s][info][gc,reloc    ] GC(31) y: Survivor 4         2M (0%)            1M (0%)           2 / 1              0 / 0              0 / 0        
[2026-04-03T02:45:37.353+0600][49.861s][info][gc,reloc    ] GC(31) y: Survivor 5         1M (0%)            0M (0%)           1 / 0              0 / 0              0 / 0        
[2026-04-03T02:45:37.353+0600][49.861s][info][gc,heap     ] GC(31) y: Min Capacity: 8M(0%)
[2026-04-03T02:45:37.353+0600][49.861s][info][gc,heap     ] GC(31) y: Max Capacity: 2000M(100%)
[2026-04-03T02:45:37.353+0600][49.861s][info][gc,heap     ] GC(31) y: Soft Max Capacity: 2000M(100%)
[2026-04-03T02:45:37.353+0600][49.861s][info][gc,heap     ] GC(31) y: Heap Statistics:
[2026-04-03T02:45:37.353+0600][49.861s][info][gc,heap     ] GC(31) y:                Mark Start          Mark End        Relocate Start      Relocate End           High               Low         
[2026-04-03T02:45:37.353+0600][49.861s][info][gc,heap     ] GC(31) y:  Capacity:     2000M (100%)       2000M (100%)       2000M (100%)       2000M (100%)       2000M (100%)       2000M (100%)   
[2026-04-03T02:45:37.353+0600][49.861s][info][gc,heap     ] GC(31) y:      Free:      274M (14%)         168M (8%)         1362M (68%)        1548M (77%)        1548M (77%)         168M (8%)     
[2026-04-03T02:45:37.353+0600][49.861s][info][gc,heap     ] GC(31) y:      Used:     1726M (86%)        1832M (92%)         638M (32%)         452M (23%)        1832M (92%)         452M (23%)    
[2026-04-03T02:45:37.353+0600][49.861s][info][gc,heap     ] GC(31) y: Young Generation Statistics:
[2026-04-03T02:45:37.353+0600][49.861s][info][gc,heap     ] GC(31) y:                Mark Start          Mark End        Relocate Start      Relocate End    
[2026-04-03T02:45:37.353+0600][49.861s][info][gc,heap     ] GC(31) y:      Used:     1506M (75%)        1612M (81%)         418M (21%)         232M (12%)    
[2026-04-03T02:45:37.353+0600][49.862s][info][gc,heap     ] GC(31) y:      Live:         -                38M (2%)           38M (2%)           38M (2%)     
[2026-04-03T02:45:37.353+0600][49.862s][info][gc,heap     ] GC(31) y:   Garbage:         -              1467M (73%)         267M (13%)           3M (0%)     
[2026-04-03T02:45:37.353+0600][49.862s][info][gc,heap     ] GC(31) y: Allocated:         -               106M (5%)          112M (6%)          190M (10%)    
[2026-04-03T02:45:37.353+0600][49.862s][info][gc,heap     ] GC(31) y: Reclaimed:         -                  -              1200M (60%)        1464M (73%)    
[2026-04-03T02:45:37.353+0600][49.862s][info][gc,heap     ] GC(31) y:  Promoted:         -                  -                 0M (0%)            0M (0%)     
[2026-04-03T02:45:37.353+0600][49.862s][info][gc,heap     ] GC(31) y: Compacted:         -                  -                  -                 9M (0%)     
[2026-04-03T02:45:37.353+0600][49.862s][info][gc,phases   ] GC(31) y: Young Generation 1726M(86%)->452M(23%) 0.041s
[2026-04-03T02:45:37.353+0600][49.862s][info][gc          ] GC(31) Minor Collection (Allocation Rate) 1726M(86%)->452M(23%) 0.042s
[2026-04-03T02:45:37.616+0600][50.125s][info][gc          ] GC(32) Minor Collection (Allocation Rate)
[2026-04-03T02:45:37.616+0600][50.125s][info][gc,task     ] GC(32) Using 1 Workers for Young Generation
[2026-04-03T02:45:37.616+0600][50.125s][info][gc,phases   ] GC(32) y: Young Generation
[2026-04-03T02:45:37.617+0600][50.125s][info][gc,phases   ] GC(32) y: Pause Mark Start 0.036ms
[2026-04-03T02:45:37.662+0600][50.171s][info][gc,phases   ] GC(32) y: Concurrent Mark 45.436ms
[2026-04-03T02:45:37.663+0600][50.171s][info][gc,phases   ] GC(32) y: Pause Mark End 0.017ms
[2026-04-03T02:45:37.663+0600][50.171s][info][gc,phases   ] GC(32) y: Concurrent Mark Free 0.001ms
[2026-04-03T02:45:37.663+0600][50.171s][info][gc,phases   ] GC(32) y: Concurrent Reset Relocation Set 0.008ms
[2026-04-03T02:45:37.667+0600][50.176s][info][gc,reloc    ] GC(32) y: Using tenuring threshold: 6 (Computed)
[2026-04-03T02:45:37.668+0600][50.177s][info][gc,phases   ] GC(32) y: Concurrent Select Relocation Set 5.348ms
[2026-04-03T02:45:37.668+0600][50.177s][info][gc,phases   ] GC(32) y: Pause Relocate Start 0.013ms
[2026-04-03T02:45:37.677+0600][50.186s][info][gc,phases   ] GC(32) y: Concurrent Relocate 8.573ms
[2026-04-03T02:45:37.677+0600][50.186s][info][gc,alloc    ] GC(32) y:                         Mark Start        Mark End      Relocate Start    Relocate End   
[2026-04-03T02:45:37.677+0600][50.186s][info][gc,alloc    ] GC(32) y: Allocation Stalls:          0                0                0                0         
[2026-04-03T02:45:37.677+0600][50.186s][info][gc,load     ] GC(32) y: Load: 5.86 (49%) / 5.54 (46%) / 5.61 (47%)
[2026-04-03T02:45:37.677+0600][50.186s][info][gc,mmu      ] GC(32) y: MMU: 2ms/96.0%, 5ms/98.4%, 10ms/98.9%, 20ms/99.5%, 50ms/99.8%, 100ms/99.9%
[2026-04-03T02:45:37.677+0600][50.186s][info][gc,marking  ] GC(32) y: Mark: 1 stripe(s), 2 proactive flush(es), 1 terminate flush(es), 0 completion(s), 0 continuation(s) 
[2026-04-03T02:45:37.677+0600][50.186s][info][gc,marking  ] GC(32) y: Mark Stack Usage: 32M
[2026-04-03T02:45:37.677+0600][50.186s][info][gc,nmethod  ] GC(32) y: NMethods: 16320 registered, 0 unregistered
[2026-04-03T02:45:37.677+0600][50.186s][info][gc,metaspace] GC(32) y: Metaspace: 128M used, 130M committed, 1152M reserved
[2026-04-03T02:45:37.677+0600][50.186s][info][gc,reloc    ] GC(32) y:                        Candidates     Selected     In-Place         Size        Empty    Relocated 
[2026-04-03T02:45:37.677+0600][50.186s][info][gc,reloc    ] GC(32) y: Small Pages:                  102           79            0         204M          24M           5M 
[2026-04-03T02:45:37.677+0600][50.186s][info][gc,reloc    ] GC(32) y: Medium Pages:                   4            1            0         128M          64M           0M 
[2026-04-03T02:45:37.677+0600][50.186s][info][gc,reloc    ] GC(32) y: Large Pages:                   19            0            0         114M         114M           0M 
[2026-04-03T02:45:37.677+0600][50.186s][info][gc,reloc    ] GC(32) y: Forwarding Usage: 1M
[2026-04-03T02:45:37.677+0600][50.186s][info][gc,reloc    ] GC(32) y: Age Table:
[2026-04-03T02:45:37.677+0600][50.186s][info][gc,reloc    ] GC(32) y:                    Live             Garbage             Small              Medium             Large        
[2026-04-03T02:45:37.677+0600][50.186s][info][gc,reloc    ] GC(32) y: Eden               1M (0%)          330M (17%)         86 / 73             2 / 0             16 / 0        
[2026-04-03T02:45:37.677+0600][50.186s][info][gc,reloc    ] GC(32) y: Survivor 1         2M (0%)           25M (1%)           5 / 2              0 / 0              3 / 0        
[2026-04-03T02:45:37.677+0600][50.186s][info][gc,reloc    ] GC(32) y: Survivor 2         3M (0%)           32M (2%)           2 / 0              1 / 0              0 / 0        
[2026-04-03T02:45:37.677+0600][50.186s][info][gc,reloc    ] GC(32) y: Survivor 3         3M (0%)           34M (2%)           3 / 1              1 / 1              0 / 0        
[2026-04-03T02:45:37.677+0600][50.186s][info][gc,reloc    ] GC(32) y: Survivor 4         3M (0%)            2M (0%)           3 / 2              0 / 0              0 / 0        
[2026-04-03T02:45:37.677+0600][50.186s][info][gc,reloc    ] GC(32) y: Survivor 5         2M (0%)            1M (0%)           2 / 1              0 / 0              0 / 0        
[2026-04-03T02:45:37.677+0600][50.186s][info][gc,reloc    ] GC(32) y: Survivor 6         1M (0%)            0M (0%)           1 / 0              0 / 0              0 / 0        
[2026-04-03T02:45:37.677+0600][50.186s][info][gc,heap     ] GC(32) y: Min Capacity: 8M(0%)
[2026-04-03T02:45:37.677+0600][50.186s][info][gc,heap     ] GC(32) y: Max Capacity: 2000M(100%)
[2026-04-03T02:45:37.677+0600][50.186s][info][gc,heap     ] GC(32) y: Soft Max Capacity: 2000M(100%)
[2026-04-03T02:45:37.677+0600][50.186s][info][gc,heap     ] GC(32) y: Heap Statistics:
[2026-04-03T02:45:37.677+0600][50.186s][info][gc,heap     ] GC(32) y:                Mark Start          Mark End        Relocate Start      Relocate End           High               Low         
[2026-04-03T02:45:37.677+0600][50.186s][info][gc,heap     ] GC(32) y:  Capacity:     2000M (100%)       2000M (100%)       2000M (100%)       2000M (100%)       2000M (100%)       2000M (100%)   
[2026-04-03T02:45:37.677+0600][50.186s][info][gc,heap     ] GC(32) y:      Free:     1334M (67%)        1308M (65%)        1508M (75%)        1654M (83%)        1656M (83%)        1306M (65%)    
[2026-04-03T02:45:37.677+0600][50.186s][info][gc,heap     ] GC(32) y:      Used:      666M (33%)         692M (35%)         492M (25%)         346M (17%)         694M (35%)         344M (17%)    
[2026-04-03T02:45:37.677+0600][50.186s][info][gc,heap     ] GC(32) y: Young Generation Statistics:
[2026-04-03T02:45:37.677+0600][50.186s][info][gc,heap     ] GC(32) y:                Mark Start          Mark End        Relocate Start      Relocate End    
[2026-04-03T02:45:37.677+0600][50.186s][info][gc,heap     ] GC(32) y:      Used:      446M (22%)         472M (24%)         270M (14%)         124M (6%)     
[2026-04-03T02:45:37.677+0600][50.186s][info][gc,heap     ] GC(32) y:      Live:         -                18M (1%)           17M (1%)           17M (1%)     
[2026-04-03T02:45:37.677+0600][50.186s][info][gc,heap     ] GC(32) y:   Garbage:         -               427M (21%)         224M (11%)           2M (0%)     
[2026-04-03T02:45:37.677+0600][50.186s][info][gc,heap     ] GC(32) y: Allocated:         -                26M (1%)           28M (1%)          104M (5%)     
[2026-04-03T02:45:37.677+0600][50.186s][info][gc,heap     ] GC(32) y: Reclaimed:         -                  -               202M (10%)         425M (21%)    
[2026-04-03T02:45:37.677+0600][50.186s][info][gc,heap     ] GC(32) y:  Promoted:         -                  -                 1M (0%)            1M (0%)     
[2026-04-03T02:45:37.677+0600][50.186s][info][gc,heap     ] GC(32) y: Compacted:         -                  -                  -                 9M (0%)     
[2026-04-03T02:45:37.677+0600][50.186s][info][gc,phases   ] GC(32) y: Young Generation 666M(33%)->346M(17%) 0.061s
[2026-04-03T02:45:37.677+0600][50.186s][info][gc          ] GC(32) Minor Collection (Allocation Rate) 666M(33%)->346M(17%) 0.061s
[2026-04-03T02:45:38.649+0600][51.158s][info][gc          ] GC(33) Minor Collection (Allocation Rate)
[2026-04-03T02:45:38.649+0600][51.158s][info][gc,task     ] GC(33) Using 1 Workers for Young Generation
[2026-04-03T02:45:38.649+0600][51.158s][info][gc,phases   ] GC(33) y: Young Generation
[2026-04-03T02:45:38.649+0600][51.158s][info][gc,phases   ] GC(33) y: Pause Mark Start 0.023ms
[2026-04-03T02:45:38.737+0600][51.245s][info][gc,phases   ] GC(33) y: Concurrent Mark 87.072ms
[2026-04-03T02:45:38.737+0600][51.246s][info][gc,phases   ] GC(33) y: Pause Mark End 0.032ms
[2026-04-03T02:45:38.737+0600][51.246s][info][gc,phases   ] GC(33) y: Concurrent Mark Free 0.003ms
[2026-04-03T02:45:38.737+0600][51.246s][info][gc,phases   ] GC(33) y: Concurrent Reset Relocation Set 0.025ms
[2026-04-03T02:45:38.739+0600][51.248s][info][gc,reloc    ] GC(33) y: Using tenuring threshold: 4 (Computed)
[2026-04-03T02:45:38.745+0600][51.254s][info][gc,phases   ] GC(33) y: Concurrent Select Relocation Set 8.113ms
[2026-04-03T02:45:38.745+0600][51.254s][info][gc,phases   ] GC(33) y: Pause Relocate Start 0.023ms
[2026-04-03T02:45:38.762+0600][51.270s][info][gc,phases   ] GC(33) y: Concurrent Relocate 16.155ms
[2026-04-03T02:45:38.762+0600][51.271s][info][gc,alloc    ] GC(33) y:                         Mark Start        Mark End      Relocate Start    Relocate End   
[2026-04-03T02:45:38.762+0600][51.271s][info][gc,alloc    ] GC(33) y: Allocation Stalls:          0                0                0                0         
[2026-04-03T02:45:38.762+0600][51.271s][info][gc,load     ] GC(33) y: Load: 5.86 (49%) / 5.54 (46%) / 5.61 (47%)
[2026-04-03T02:45:38.762+0600][51.271s][info][gc,mmu      ] GC(33) y: MMU: 2ms/96.0%, 5ms/98.4%, 10ms/98.9%, 20ms/99.5%, 50ms/99.8%, 100ms/99.9%
[2026-04-03T02:45:38.762+0600][51.271s][info][gc,marking  ] GC(33) y: Mark: 1 stripe(s), 2 proactive flush(es), 1 terminate flush(es), 0 completion(s), 0 continuation(s) 
[2026-04-03T02:45:38.762+0600][51.271s][info][gc,marking  ] GC(33) y: Mark Stack Usage: 32M
[2026-04-03T02:45:38.762+0600][51.271s][info][gc,nmethod  ] GC(33) y: NMethods: 16363 registered, 0 unregistered
[2026-04-03T02:45:38.762+0600][51.271s][info][gc,metaspace] GC(33) y: Metaspace: 128M used, 130M committed, 1152M reserved
[2026-04-03T02:45:38.762+0600][51.271s][info][gc,reloc    ] GC(33) y:                        Candidates     Selected     In-Place         Size        Empty    Relocated 
[2026-04-03T02:45:38.762+0600][51.271s][info][gc,reloc    ] GC(33) y: Small Pages:                  323          186            0         646M         250M           5M 
[2026-04-03T02:45:38.762+0600][51.271s][info][gc,reloc    ] GC(33) y: Medium Pages:                   6            1            0         192M         128M           0M 
[2026-04-03T02:45:38.762+0600][51.271s][info][gc,reloc    ] GC(33) y: Large Pages:                   14            0            0          84M          84M           0M 
[2026-04-03T02:45:38.762+0600][51.271s][info][gc,reloc    ] GC(33) y: Forwarding Usage: 1M
[2026-04-03T02:45:38.762+0600][51.271s][info][gc,reloc    ] GC(33) y: Age Table:
[2026-04-03T02:45:38.762+0600][51.271s][info][gc,reloc    ] GC(33) y:                    Live             Garbage             Small              Medium             Large        
[2026-04-03T02:45:38.762+0600][51.271s][info][gc,reloc    ] GC(33) y: Eden               3M (0%)          826M (41%)        309 / 181            4 / 0             14 / 0        
[2026-04-03T02:45:38.762+0600][51.271s][info][gc,reloc    ] GC(33) y: Survivor 1         1M (0%)            0M (0%)           1 / 0              0 / 0              0 / 0        
[2026-04-03T02:45:38.762+0600][51.271s][info][gc,reloc    ] GC(33) y: Survivor 2         2M (0%)            3M (0%)           3 / 1              0 / 0              0 / 0        
[2026-04-03T02:45:38.762+0600][51.271s][info][gc,reloc    ] GC(33) y: Survivor 3         3M (0%)           32M (2%)           2 / 1              1 / 1              0 / 0        
[2026-04-03T02:45:38.762+0600][51.271s][info][gc,reloc    ] GC(33) y: Survivor 4         3M (0%)           34M (2%)           3 / 1              1 / 0              0 / 0        
[2026-04-03T02:45:38.762+0600][51.271s][info][gc,reloc    ] GC(33) y: Survivor 5         3M (0%)            2M (0%)           3 / 1              0 / 0              0 / 0        
[2026-04-03T02:45:38.762+0600][51.271s][info][gc,reloc    ] GC(33) y: Survivor 6         2M (0%)            1M (0%)           2 / 1              0 / 0              0 / 0        
[2026-04-03T02:45:38.762+0600][51.271s][info][gc,heap     ] GC(33) y: Min Capacity: 8M(0%)
[2026-04-03T02:45:38.762+0600][51.271s][info][gc,heap     ] GC(33) y: Max Capacity: 2000M(100%)
[2026-04-03T02:45:38.762+0600][51.271s][info][gc,heap     ] GC(33) y: Soft Max Capacity: 2000M(100%)
[2026-04-03T02:45:38.762+0600][51.271s][info][gc,heap     ] GC(33) y: Heap Statistics:
[2026-04-03T02:45:38.762+0600][51.271s][info][gc,heap     ] GC(33) y:                Mark Start          Mark End        Relocate Start      Relocate End           High               Low         
[2026-04-03T02:45:38.762+0600][51.271s][info][gc,heap     ] GC(33) y:  Capacity:     2000M (100%)       2000M (100%)       2000M (100%)       2000M (100%)       2000M (100%)       2000M (100%)   
[2026-04-03T02:45:38.762+0600][51.271s][info][gc,heap     ] GC(33) y:      Free:      856M (43%)         774M (39%)        1232M (62%)        1586M (79%)        1592M (80%)         774M (39%)    
[2026-04-03T02:45:38.762+0600][51.271s][info][gc,heap     ] GC(33) y:      Used:     1144M (57%)        1226M (61%)         768M (38%)         414M (21%)        1226M (61%)         408M (20%)    
[2026-04-03T02:45:38.762+0600][51.271s][info][gc,heap     ] GC(33) y: Young Generation Statistics:
[2026-04-03T02:45:38.762+0600][51.271s][info][gc,heap     ] GC(33) y:                Mark Start          Mark End        Relocate Start      Relocate End    
[2026-04-03T02:45:38.762+0600][51.271s][info][gc,heap     ] GC(33) y:      Used:      922M (46%)        1004M (50%)         536M (27%)         148M (7%)     
[2026-04-03T02:45:38.762+0600][51.271s][info][gc,heap     ] GC(33) y:      Live:         -                20M (1%)           12M (1%)           11M (1%)     
[2026-04-03T02:45:38.762+0600][51.271s][info][gc,heap     ] GC(33) y:   Garbage:         -               901M (45%)         437M (22%)           0M (0%)     
[2026-04-03T02:45:38.762+0600][51.271s][info][gc,heap     ] GC(33) y: Allocated:         -                82M (4%)           86M (4%)          136M (7%)     
[2026-04-03T02:45:38.762+0600][51.271s][info][gc,heap     ] GC(33) y: Reclaimed:         -                  -               463M (23%)         900M (45%)    
[2026-04-03T02:45:38.762+0600][51.271s][info][gc,heap     ] GC(33) y:  Promoted:         -                  -                 8M (0%)            9M (0%)     
[2026-04-03T02:45:38.762+0600][51.271s][info][gc,heap     ] GC(33) y: Compacted:         -                  -                  -                 5M (0%)     
[2026-04-03T02:45:38.762+0600][51.271s][info][gc,phases   ] GC(33) y: Young Generation 1144M(57%)->414M(21%) 0.113s
[2026-04-03T02:45:38.762+0600][51.271s][info][gc          ] GC(33) Minor Collection (Allocation Rate) 1144M(57%)->416M(21%) 0.114s
[2026-04-03T02:45:39.312+0600][51.821s][info][gc          ] GC(34) Major Collection (Allocation Rate)
[2026-04-03T02:45:39.312+0600][51.821s][info][gc,task     ] GC(34) Using 1 Workers for Young Generation
[2026-04-03T02:45:39.312+0600][51.821s][info][gc,task     ] GC(34) Using 1 Workers for Old Generation
[2026-04-03T02:45:39.313+0600][51.821s][info][gc,phases   ] GC(34) Y: Young Generation
[2026-04-03T02:45:39.313+0600][51.822s][info][gc,phases   ] GC(34) Y: Pause Mark Start (Major) 0.035ms
[2026-04-03T02:45:39.382+0600][51.891s][info][gc,phases   ] GC(34) Y: Concurrent Mark 68.977ms
[2026-04-03T02:45:39.382+0600][51.891s][info][gc,phases   ] GC(34) Y: Pause Mark End 0.034ms
[2026-04-03T02:45:39.383+0600][51.891s][info][gc,phases   ] GC(34) Y: Concurrent Mark Free 0.004ms
[2026-04-03T02:45:39.383+0600][51.891s][info][gc,phases   ] GC(34) Y: Concurrent Reset Relocation Set 0.037ms
[2026-04-03T02:45:39.386+0600][51.895s][info][gc,reloc    ] GC(34) Y: Using tenuring threshold: 5 (Computed)
[2026-04-03T02:45:39.387+0600][51.896s][info][gc,phases   ] GC(34) Y: Concurrent Select Relocation Set 4.134ms
[2026-04-03T02:45:39.387+0600][51.896s][info][gc,phases   ] GC(34) Y: Pause Relocate Start 0.022ms
[2026-04-03T02:45:39.401+0600][51.910s][info][gc,phases   ] GC(34) Y: Concurrent Relocate 13.639ms
[2026-04-03T02:45:39.401+0600][51.910s][info][gc,alloc    ] GC(34) Y:                         Mark Start        Mark End      Relocate Start    Relocate End   
[2026-04-03T02:45:39.401+0600][51.910s][info][gc,alloc    ] GC(34) Y: Allocation Stalls:          0                0                0                0         
[2026-04-03T02:45:39.401+0600][51.910s][info][gc,load     ] GC(34) Y: Load: 5.86 (49%) / 5.54 (46%) / 5.61 (47%)
[2026-04-03T02:45:39.401+0600][51.910s][info][gc,mmu      ] GC(34) Y: MMU: 2ms/96.0%, 5ms/98.4%, 10ms/98.9%, 20ms/99.5%, 50ms/99.8%, 100ms/99.9%
[2026-04-03T02:45:39.401+0600][51.910s][info][gc,marking  ] GC(34) Y: Mark: 1 stripe(s), 2 proactive flush(es), 1 terminate flush(es), 0 completion(s), 0 continuation(s) 
[2026-04-03T02:45:39.401+0600][51.910s][info][gc,marking  ] GC(34) Y: Mark Stack Usage: 32M
[2026-04-03T02:45:39.401+0600][51.910s][info][gc,nmethod  ] GC(34) Y: NMethods: 16414 registered, 0 unregistered
[2026-04-03T02:45:39.401+0600][51.910s][info][gc,metaspace] GC(34) Y: Metaspace: 128M used, 130M committed, 1152M reserved
[2026-04-03T02:45:39.401+0600][51.910s][info][gc,reloc    ] GC(34) Y:                        Candidates     Selected     In-Place         Size        Empty    Relocated 
[2026-04-03T02:45:39.401+0600][51.910s][info][gc,reloc    ] GC(34) Y: Small Pages:                  223          158            0         446M         112M           5M 
[2026-04-03T02:45:39.401+0600][51.910s][info][gc,reloc    ] GC(34) Y: Medium Pages:                   4            0            0         128M          96M           0M 
[2026-04-03T02:45:39.401+0600][51.910s][info][gc,reloc    ] GC(34) Y: Large Pages:                   13            0            0          78M          78M           0M 
[2026-04-03T02:45:39.401+0600][51.910s][info][gc,reloc    ] GC(34) Y: Forwarding Usage: 1M
[2026-04-03T02:45:39.401+0600][51.910s][info][gc,reloc    ] GC(34) Y: Age Table:
[2026-04-03T02:45:39.401+0600][51.910s][info][gc,reloc    ] GC(34) Y:                    Live             Garbage             Small              Medium             Large        
[2026-04-03T02:45:39.401+0600][51.910s][info][gc,reloc    ] GC(34) Y: Eden               5M (0%)          596M (30%)        214 / 155            3 / 0             13 / 0        
[2026-04-03T02:45:39.401+0600][51.910s][info][gc,reloc    ] GC(34) Y: Survivor 1         1M (0%)            4M (0%)           3 / 1              0 / 0              0 / 0        
[2026-04-03T02:45:39.401+0600][51.910s][info][gc,reloc    ] GC(34) Y: Survivor 2         1M (0%)            0M (0%)           1 / 0              0 / 0              0 / 0        
[2026-04-03T02:45:39.401+0600][51.910s][info][gc,reloc    ] GC(34) Y: Survivor 3         2M (0%)            3M (0%)           3 / 2              0 / 0              0 / 0        
[2026-04-03T02:45:39.401+0600][51.910s][info][gc,reloc    ] GC(34) Y: Survivor 4         3M (0%)           32M (2%)           2 / 0              1 / 0              0 / 0        
[2026-04-03T02:45:39.401+0600][51.910s][info][gc,heap     ] GC(34) Y: Min Capacity: 8M(0%)
[2026-04-03T02:45:39.401+0600][51.910s][info][gc,heap     ] GC(34) Y: Max Capacity: 2000M(100%)
[2026-04-03T02:45:39.401+0600][51.910s][info][gc,heap     ] GC(34) Y: Soft Max Capacity: 2000M(100%)
[2026-04-03T02:45:39.401+0600][51.910s][info][gc,heap     ] GC(34) Y: Heap Statistics:
[2026-04-03T02:45:39.401+0600][51.910s][info][gc,heap     ] GC(34) Y:                Mark Start          Mark End        Relocate Start      Relocate End           High               Low         
[2026-04-03T02:45:39.401+0600][51.910s][info][gc,heap     ] GC(34) Y:  Capacity:     2000M (100%)       2000M (100%)       2000M (100%)       2000M (100%)       2000M (100%)       2000M (100%)   
[2026-04-03T02:45:39.401+0600][51.910s][info][gc,heap     ] GC(34) Y:      Free:     1082M (54%)         950M (48%)        1220M (61%)        1512M (76%)        1512M (76%)         948M (47%)    
[2026-04-03T02:45:39.401+0600][51.910s][info][gc,heap     ] GC(34) Y:      Used:      918M (46%)        1050M (52%)         780M (39%)         488M (24%)        1052M (53%)         488M (24%)    
[2026-04-03T02:45:39.401+0600][51.910s][info][gc,heap     ] GC(34) Y: Young Generation Statistics:
[2026-04-03T02:45:39.401+0600][51.910s][info][gc,heap     ] GC(34) Y:                Mark Start          Mark End        Relocate Start      Relocate End    
[2026-04-03T02:45:39.401+0600][51.910s][info][gc,heap     ] GC(34) Y:      Used:      652M (33%)         784M (39%)         514M (26%)         222M (11%)    
[2026-04-03T02:45:39.401+0600][51.910s][info][gc,heap     ] GC(34) Y:      Live:         -                14M (1%)           14M (1%)           14M (1%)     
[2026-04-03T02:45:39.401+0600][51.910s][info][gc,heap     ] GC(34) Y:   Garbage:         -               637M (32%)         351M (18%)          34M (2%)     
[2026-04-03T02:45:39.401+0600][51.910s][info][gc,heap     ] GC(34) Y: Allocated:         -               132M (7%)          148M (7%)          173M (9%)     
[2026-04-03T02:45:39.401+0600][51.910s][info][gc,heap     ] GC(34) Y: Reclaimed:         -                  -               286M (14%)         603M (30%)    
[2026-04-03T02:45:39.401+0600][51.910s][info][gc,heap     ] GC(34) Y:  Promoted:         -                  -                 0M (0%)            0M (0%)     
[2026-04-03T02:45:39.401+0600][51.910s][info][gc,heap     ] GC(34) Y: Compacted:         -                  -                  -                 6M (0%)     
[2026-04-03T02:45:39.401+0600][51.910s][info][gc,phases   ] GC(34) Y: Young Generation 918M(46%)->488M(24%) 0.088s
[2026-04-03T02:45:39.401+0600][51.910s][info][gc,phases   ] GC(34) O: Old Generation
[2026-04-03T02:45:39.813+0600][52.322s][info][gc,phases   ] GC(34) O: Concurrent Mark 411.325ms
[2026-04-03T02:45:39.813+0600][52.322s][info][gc,phases   ] GC(34) O: Pause Mark End 0.036ms
[2026-04-03T02:45:39.813+0600][52.322s][info][gc,phases   ] GC(34) O: Concurrent Mark Free 0.003ms
[2026-04-03T02:45:39.912+0600][52.420s][info][gc,phases   ] GC(34) O: Concurrent Process Non-Strong 98.156ms
[2026-04-03T02:45:39.912+0600][52.420s][info][gc,phases   ] GC(34) O: Concurrent Reset Relocation Set 0.006ms
[2026-04-03T02:45:39.928+0600][52.437s][info][gc,phases   ] GC(34) O: Concurrent Select Relocation Set 16.367ms
[2026-04-03T02:45:39.928+0600][52.437s][info][gc,task     ] GC(34) O: Using 2 Workers for Old Generation
[2026-04-03T02:45:39.969+0600][52.478s][info][gc,task     ] GC(34) O: Using 1 Workers for Old Generation
[2026-04-03T02:45:39.969+0600][52.478s][info][gc,phases   ] GC(34) O: Concurrent Remap Roots 41.003ms
[2026-04-03T02:45:39.969+0600][52.478s][info][gc,phases   ] GC(34) O: Pause Relocate Start 0.029ms
[2026-04-03T02:45:40.103+0600][52.611s][info][gc,phases   ] GC(34) O: Concurrent Relocate 132.932ms
[2026-04-03T02:45:40.103+0600][52.611s][info][gc,alloc    ] GC(34) O:                         Mark Start        Mark End      Relocate Start    Relocate End   
[2026-04-03T02:45:40.103+0600][52.611s][info][gc,alloc    ] GC(34) O: Allocation Stalls:          0                0                0                0         
[2026-04-03T02:45:40.103+0600][52.612s][info][gc,load     ] GC(34) O: Load: 6.60 (55%) / 5.70 (47%) / 5.66 (47%)
[2026-04-03T02:45:40.103+0600][52.612s][info][gc,mmu      ] GC(34) O: MMU: 2ms/96.0%, 5ms/98.4%, 10ms/98.9%, 20ms/99.5%, 50ms/99.8%, 100ms/99.9%
[2026-04-03T02:45:40.103+0600][52.612s][info][gc,marking  ] GC(34) O: Mark: 1 stripe(s), 2 proactive flush(es), 1 terminate flush(es), 0 completion(s), 0 continuation(s) 
[2026-04-03T02:45:40.103+0600][52.612s][info][gc,marking  ] GC(34) O: Mark Stack Usage: 32M
[2026-04-03T02:45:40.103+0600][52.612s][info][gc,nmethod  ] GC(34) O: NMethods: 14015 registered, 2560 unregistered
[2026-04-03T02:45:40.103+0600][52.612s][info][gc,metaspace] GC(34) O: Metaspace: 128M used, 130M committed, 1152M reserved
[2026-04-03T02:45:40.103+0600][52.612s][info][gc,ref      ] GC(34) O:                       Encountered   Discovered     Enqueued 
[2026-04-03T02:45:40.103+0600][52.612s][info][gc,ref      ] GC(34) O: Soft References:             6318            0            0 
[2026-04-03T02:45:40.103+0600][52.612s][info][gc,ref      ] GC(34) O: Weak References:            45263        36336        25775 
[2026-04-03T02:45:40.103+0600][52.612s][info][gc,ref      ] GC(34) O: Final References:              84            0            0 
[2026-04-03T02:45:40.103+0600][52.612s][info][gc,ref      ] GC(34) O: Phantom References:           620          587            0 
[2026-04-03T02:45:40.103+0600][52.612s][info][gc,reloc    ] GC(34) O:                        Candidates     Selected     In-Place         Size        Empty    Relocated 
[2026-04-03T02:45:40.103+0600][52.612s][info][gc,reloc    ] GC(34) O: Small Pages:                  101           24            0         202M           2M          16M 
[2026-04-03T02:45:40.103+0600][52.612s][info][gc,reloc    ] GC(34) O: Medium Pages:                   2            1            0          64M           0M           8M 
[2026-04-03T02:45:40.103+0600][52.612s][info][gc,reloc    ] GC(34) O: Large Pages:                    0            0            0           0M           0M           0M 
[2026-04-03T02:45:40.103+0600][52.612s][info][gc,reloc    ] GC(34) O: Forwarding Usage: 15M
[2026-04-03T02:45:40.103+0600][52.612s][info][gc,heap     ] GC(34) O: Min Capacity: 8M(0%)
[2026-04-03T02:45:40.103+0600][52.612s][info][gc,heap     ] GC(34) O: Max Capacity: 2000M(100%)
[2026-04-03T02:45:40.103+0600][52.612s][info][gc,heap     ] GC(34) O: Soft Max Capacity: 2000M(100%)
[2026-04-03T02:45:40.103+0600][52.612s][info][gc,heap     ] GC(34) O: Heap Statistics:
[2026-04-03T02:45:40.103+0600][52.612s][info][gc,heap     ] GC(34) O:                Mark Start          Mark End        Relocate Start      Relocate End           High               Low         
[2026-04-03T02:45:40.103+0600][52.612s][info][gc,heap     ] GC(34) O:  Capacity:     2000M (100%)       2000M (100%)       2000M (100%)       2000M (100%)       2000M (100%)       2000M (100%)   
[2026-04-03T02:45:40.103+0600][52.612s][info][gc,heap     ] GC(34) O:      Free:     1082M (54%)         852M (43%)         768M (38%)         694M (35%)        1512M (76%)         692M (35%)    
[2026-04-03T02:45:40.103+0600][52.612s][info][gc,heap     ] GC(34) O:      Used:      918M (46%)        1148M (57%)        1232M (62%)        1306M (65%)        1308M (65%)         488M (24%)    
[2026-04-03T02:45:40.103+0600][52.612s][info][gc,heap     ] GC(34) O: Old Generation Statistics:
[2026-04-03T02:45:40.103+0600][52.612s][info][gc,heap     ] GC(34) O:                Mark Start          Mark End        Relocate Start      Relocate End    
[2026-04-03T02:45:40.103+0600][52.612s][info][gc,heap     ] GC(34) O:      Used:      266M (13%)         266M (13%)         264M (13%)         230M (12%)    
[2026-04-03T02:45:40.103+0600][52.612s][info][gc,heap     ] GC(34) O:      Live:         -               147M (7%)          147M (7%)          147M (7%)     
[2026-04-03T02:45:40.103+0600][52.612s][info][gc,heap     ] GC(34) O:   Garbage:         -               118M (6%)          116M (6%)            3M (0%)     
[2026-04-03T02:45:40.103+0600][52.612s][info][gc,heap     ] GC(34) O: Allocated:         -                 0M (0%)            0M (0%)           79M (4%)     
[2026-04-03T02:45:40.103+0600][52.612s][info][gc,heap     ] GC(34) O: Reclaimed:         -                  -                 2M (0%)          115M (6%)     
[2026-04-03T02:45:40.103+0600][52.612s][info][gc,heap     ] GC(34) O: Compacted:         -                  -                  -                76M (4%)     
[2026-04-03T02:45:40.103+0600][52.612s][info][gc,phases   ] GC(34) O: Old Generation 490M(24%)->1306M(65%) 0.701s
[2026-04-03T02:45:40.103+0600][52.612s][info][gc          ] GC(34) Major Collection (Allocation Rate) 918M(46%)->1310M(66%) 0.791s
[2026-04-03T02:45:40.310+0600][52.819s][info][gc          ] GC(35) Major Collection (System.gc())
[2026-04-03T02:45:40.310+0600][52.819s][info][gc,task     ] GC(35) Using 3 Workers for Young Generation
[2026-04-03T02:45:40.310+0600][52.819s][info][gc,task     ] GC(35) Using 3 Workers for Old Generation
[2026-04-03T02:45:40.310+0600][52.819s][info][gc,phases   ] GC(35) Y: Young Generation (Promote All)
[2026-04-03T02:45:40.310+0600][52.819s][info][gc,phases   ] GC(35) Y: Pause Mark Start 0.024ms
[2026-04-03T02:45:40.349+0600][52.858s][info][gc,phases   ] GC(35) Y: Concurrent Mark 38.794ms
[2026-04-03T02:45:40.349+0600][52.858s][info][gc,phases   ] GC(35) Y: Pause Mark End 0.039ms
[2026-04-03T02:45:40.350+0600][52.858s][info][gc,phases   ] GC(35) Y: Concurrent Mark Free 0.003ms
[2026-04-03T02:45:40.350+0600][52.858s][info][gc,phases   ] GC(35) Y: Concurrent Reset Relocation Set 0.025ms
[2026-04-03T02:45:40.353+0600][52.861s][info][gc,reloc    ] GC(35) Y: Using tenuring threshold: 0 (Promote All)
[2026-04-03T02:45:40.359+0600][52.868s][info][gc,phases   ] GC(35) Y: Concurrent Select Relocation Set 9.220ms
[2026-04-03T02:45:40.359+0600][52.868s][info][gc,phases   ] GC(35) Y: Pause Relocate Start 0.026ms
[2026-04-03T02:45:40.375+0600][52.883s][info][gc,phases   ] GC(35) Y: Concurrent Relocate 15.370ms
[2026-04-03T02:45:40.375+0600][52.884s][info][gc,alloc    ] GC(35) Y:                         Mark Start        Mark End      Relocate Start    Relocate End   
[2026-04-03T02:45:40.375+0600][52.884s][info][gc,alloc    ] GC(35) Y: Allocation Stalls:          0                0                0                0         
[2026-04-03T02:45:40.375+0600][52.884s][info][gc,load     ] GC(35) Y: Load: 6.60 (55%) / 5.70 (47%) / 5.66 (47%)
[2026-04-03T02:45:40.375+0600][52.884s][info][gc,mmu      ] GC(35) Y: MMU: 2ms/96.0%, 5ms/98.4%, 10ms/98.9%, 20ms/99.5%, 50ms/99.8%, 100ms/99.9%
[2026-04-03T02:45:40.375+0600][52.884s][info][gc,marking  ] GC(35) Y: Mark: 2 stripe(s), 3 proactive flush(es), 1 terminate flush(es), 0 completion(s), 0 continuation(s) 
[2026-04-03T02:45:40.375+0600][52.884s][info][gc,marking  ] GC(35) Y: Mark Stack Usage: 32M
[2026-04-03T02:45:40.375+0600][52.884s][info][gc,nmethod  ] GC(35) Y: NMethods: 14123 registered, 2560 unregistered
[2026-04-03T02:45:40.375+0600][52.884s][info][gc,metaspace] GC(35) Y: Metaspace: 128M used, 130M committed, 1152M reserved
[2026-04-03T02:45:40.375+0600][52.884s][info][gc,reloc    ] GC(35) Y:                        Candidates     Selected     In-Place         Size        Empty    Relocated 
[2026-04-03T02:45:40.375+0600][52.884s][info][gc,reloc    ] GC(35) Y: Small Pages:                  503          156            0        1006M         678M           5M 
[2026-04-03T02:45:40.375+0600][52.884s][info][gc,reloc    ] GC(35) Y: Medium Pages:                   5            0            0         160M         128M           0M 
[2026-04-03T02:45:40.375+0600][52.884s][info][gc,reloc    ] GC(35) Y: Large Pages:                   14            0            0          84M          84M           0M 
[2026-04-03T02:45:40.375+0600][52.884s][info][gc,reloc    ] GC(35) Y: Forwarding Usage: 2M
[2026-04-03T02:45:40.375+0600][52.884s][info][gc,reloc    ] GC(35) Y: Age Table:
[2026-04-03T02:45:40.375+0600][52.884s][info][gc,reloc    ] GC(35) Y:                    Live             Garbage             Small              Medium             Large        
[2026-04-03T02:45:40.375+0600][52.884s][info][gc,reloc    ] GC(35) Y: Eden               2M (0%)         1195M (60%)        493 / 152            4 / 0             14 / 0        
[2026-04-03T02:45:40.375+0600][52.884s][info][gc,reloc    ] GC(35) Y: Survivor 1         2M (0%)            3M (0%)           3 / 2              0 / 0              0 / 0        
[2026-04-03T02:45:40.375+0600][52.884s][info][gc,reloc    ] GC(35) Y: Survivor 2         1M (0%)            2M (0%)           2 / 1              0 / 0              0 / 0        
[2026-04-03T02:45:40.375+0600][52.884s][info][gc,reloc    ] GC(35) Y: Survivor 3         1M (0%)            0M (0%)           1 / 0              0 / 0              0 / 0        
[2026-04-03T02:45:40.375+0600][52.884s][info][gc,reloc    ] GC(35) Y: Survivor 4         2M (0%)            1M (0%)           2 / 0              0 / 0              0 / 0        
[2026-04-03T02:45:40.375+0600][52.884s][info][gc,reloc    ] GC(35) Y: Survivor 5         3M (0%)           32M (2%)           2 / 1              1 / 0              0 / 0        
[2026-04-03T02:45:40.375+0600][52.884s][info][gc,heap     ] GC(35) Y: Min Capacity: 8M(0%)
[2026-04-03T02:45:40.375+0600][52.884s][info][gc,heap     ] GC(35) Y: Max Capacity: 2000M(100%)
[2026-04-03T02:45:40.375+0600][52.884s][info][gc,heap     ] GC(35) Y: Soft Max Capacity: 2000M(100%)
[2026-04-03T02:45:40.375+0600][52.884s][info][gc,heap     ] GC(35) Y: Heap Statistics:
[2026-04-03T02:45:40.375+0600][52.884s][info][gc,heap     ] GC(35) Y:                Mark Start          Mark End        Relocate Start      Relocate End           High               Low         
[2026-04-03T02:45:40.375+0600][52.884s][info][gc,heap     ] GC(35) Y:  Capacity:     2000M (100%)       2000M (100%)       2000M (100%)       2000M (100%)       2000M (100%)       2000M (100%)   
[2026-04-03T02:45:40.375+0600][52.884s][info][gc,heap     ] GC(35) Y:      Free:      520M (26%)         472M (24%)        1356M (68%)        1666M (83%)        1666M (83%)         472M (24%)    
[2026-04-03T02:45:40.375+0600][52.884s][info][gc,heap     ] GC(35) Y:      Used:     1480M (74%)        1528M (76%)         644M (32%)         334M (17%)        1528M (76%)         334M (17%)    
[2026-04-03T02:45:40.375+0600][52.884s][info][gc,heap     ] GC(35) Y: Young Generation Statistics:
[2026-04-03T02:45:40.375+0600][52.884s][info][gc,heap     ] GC(35) Y:                Mark Start          Mark End        Relocate Start      Relocate End    
[2026-04-03T02:45:40.375+0600][52.884s][info][gc,heap     ] GC(35) Y:      Used:     1250M (62%)        1298M (65%)         376M (19%)          54M (3%)     
[2026-04-03T02:45:40.375+0600][52.884s][info][gc,heap     ] GC(35) Y:      Live:         -                14M (1%)            8M (0%)            0M (0%)     
[2026-04-03T02:45:40.375+0600][52.884s][info][gc,heap     ] GC(35) Y:   Garbage:         -              1235M (62%)         313M (16%)           0M (0%)     
[2026-04-03T02:45:40.375+0600][52.884s][info][gc,heap     ] GC(35) Y: Allocated:         -                48M (2%)           54M (3%)           54M (3%)     
[2026-04-03T02:45:40.375+0600][52.884s][info][gc,heap     ] GC(35) Y: Reclaimed:         -                  -               922M (46%)        1235M (62%)    
[2026-04-03T02:45:40.375+0600][52.884s][info][gc,heap     ] GC(35) Y:  Promoted:         -                  -                 5M (0%)           14M (1%)     
[2026-04-03T02:45:40.375+0600][52.884s][info][gc,heap     ] GC(35) Y: Compacted:         -                  -                  -                 0M (0%)     
[2026-04-03T02:45:40.375+0600][52.884s][info][gc,phases   ] GC(35) Y: Young Generation (Promote All) 1480M(74%)->334M(17%) 0.065s
[2026-04-03T02:45:40.375+0600][52.884s][info][gc,phases   ] GC(35) Y: Young Generation (Collect Roots)
[2026-04-03T02:45:40.375+0600][52.884s][info][gc,phases   ] GC(35) Y: Pause Mark Start (Major) 0.034ms
[2026-04-03T02:45:40.402+0600][52.911s][info][gc,phases   ] GC(35) Y: Concurrent Mark 26.455ms
[2026-04-03T02:45:40.402+0600][52.911s][info][gc,phases   ] GC(35) Y: Pause Mark End 0.034ms
[2026-04-03T02:45:40.402+0600][52.911s][info][gc,phases   ] GC(35) Y: Concurrent Mark Free 0.003ms
[2026-04-03T02:45:40.403+0600][52.911s][info][gc,phases   ] GC(35) Y: Concurrent Reset Relocation Set 0.031ms
[2026-04-03T02:45:40.405+0600][52.914s][info][gc,reloc    ] GC(35) Y: Using tenuring threshold: 1 (Computed)
[2026-04-03T02:45:40.405+0600][52.914s][info][gc,phases   ] GC(35) Y: Concurrent Select Relocation Set 2.658ms
[2026-04-03T02:45:40.405+0600][52.914s][info][gc,phases   ] GC(35) Y: Pause Relocate Start 0.023ms
[2026-04-03T02:45:40.406+0600][52.914s][info][gc,phases   ] GC(35) Y: Concurrent Relocate 0.362ms
[2026-04-03T02:45:40.406+0600][52.915s][info][gc,alloc    ] GC(35) Y:                         Mark Start        Mark End      Relocate Start    Relocate End   
[2026-04-03T02:45:40.406+0600][52.915s][info][gc,alloc    ] GC(35) Y: Allocation Stalls:          0                0                0                0         
[2026-04-03T02:45:40.406+0600][52.915s][info][gc,load     ] GC(35) Y: Load: 6.60 (55%) / 5.70 (47%) / 5.66 (47%)
[2026-04-03T02:45:40.406+0600][52.915s][info][gc,mmu      ] GC(35) Y: MMU: 2ms/96.0%, 5ms/98.4%, 10ms/98.9%, 20ms/99.5%, 50ms/99.8%, 100ms/99.8%
[2026-04-03T02:45:40.406+0600][52.915s][info][gc,marking  ] GC(35) Y: Mark: 2 stripe(s), 2 proactive flush(es), 1 terminate flush(es), 0 completion(s), 0 continuation(s) 
[2026-04-03T02:45:40.406+0600][52.915s][info][gc,marking  ] GC(35) Y: Mark Stack Usage: 32M
[2026-04-03T02:45:40.406+0600][52.915s][info][gc,nmethod  ] GC(35) Y: NMethods: 14124 registered, 2560 unregistered
[2026-04-03T02:45:40.406+0600][52.915s][info][gc,metaspace] GC(35) Y: Metaspace: 128M used, 130M committed, 1152M reserved
[2026-04-03T02:45:40.406+0600][52.915s][info][gc,reloc    ] GC(35) Y:                        Candidates     Selected     In-Place         Size        Empty    Relocated 
[2026-04-03T02:45:40.406+0600][52.915s][info][gc,reloc    ] GC(35) Y: Small Pages:                   27           26            0          54M           0M           0M 
[2026-04-03T02:45:40.406+0600][52.915s][info][gc,reloc    ] GC(35) Y: Medium Pages:                   0            0            0           0M           0M           0M 
[2026-04-03T02:45:40.406+0600][52.915s][info][gc,reloc    ] GC(35) Y: Large Pages:                    0            0            0           0M           0M           0M 
[2026-04-03T02:45:40.406+0600][52.915s][info][gc,reloc    ] GC(35) Y: Forwarding Usage: 0M
[2026-04-03T02:45:40.406+0600][52.915s][info][gc,reloc    ] GC(35) Y: Age Table:
[2026-04-03T02:45:40.406+0600][52.915s][info][gc,reloc    ] GC(35) Y:                    Live             Garbage             Small              Medium             Large        
[2026-04-03T02:45:40.406+0600][52.915s][info][gc,reloc    ] GC(35) Y: Eden               0M (0%)           53M (3%)          27 / 26             0 / 0              0 / 0        
[2026-04-03T02:45:40.406+0600][52.915s][info][gc,heap     ] GC(35) Y: Min Capacity: 8M(0%)
[2026-04-03T02:45:40.406+0600][52.915s][info][gc,heap     ] GC(35) Y: Max Capacity: 2000M(100%)
[2026-04-03T02:45:40.406+0600][52.915s][info][gc,heap     ] GC(35) Y: Soft Max Capacity: 2000M(100%)
[2026-04-03T02:45:40.406+0600][52.915s][info][gc,heap     ] GC(35) Y: Heap Statistics:
[2026-04-03T02:45:40.406+0600][52.915s][info][gc,heap     ] GC(35) Y:                Mark Start          Mark End        Relocate Start      Relocate End           High               Low         
[2026-04-03T02:45:40.406+0600][52.915s][info][gc,heap     ] GC(35) Y:  Capacity:     2000M (100%)       2000M (100%)       2000M (100%)       2000M (100%)       2000M (100%)       2000M (100%)   
[2026-04-03T02:45:40.406+0600][52.915s][info][gc,heap     ] GC(35) Y:      Free:     1666M (83%)        1626M (81%)        1624M (81%)        1672M (84%)        1672M (84%)        1618M (81%)    
[2026-04-03T02:45:40.406+0600][52.915s][info][gc,heap     ] GC(35) Y:      Used:      334M (17%)         374M (19%)         376M (19%)         328M (16%)         382M (19%)         328M (16%)    
[2026-04-03T02:45:40.406+0600][52.915s][info][gc,heap     ] GC(35) Y: Young Generation Statistics:
[2026-04-03T02:45:40.406+0600][52.915s][info][gc,heap     ] GC(35) Y:                Mark Start          Mark End        Relocate Start      Relocate End    
[2026-04-03T02:45:40.406+0600][52.915s][info][gc,heap     ] GC(35) Y:      Used:       54M (3%)           94M (5%)           96M (5%)           48M (2%)     
[2026-04-03T02:45:40.406+0600][52.915s][info][gc,heap     ] GC(35) Y:      Live:         -                 0M (0%)            0M (0%)            0M (0%)     
[2026-04-03T02:45:40.406+0600][52.915s][info][gc,heap     ] GC(35) Y:   Garbage:         -                53M (3%)           53M (3%)            0M (0%)     
[2026-04-03T02:45:40.406+0600][52.915s][info][gc,heap     ] GC(35) Y: Allocated:         -                40M (2%)           42M (2%)           47M (2%)     
[2026-04-03T02:45:40.406+0600][52.915s][info][gc,heap     ] GC(35) Y: Reclaimed:         -                  -                 0M (0%)           53M (3%)     
[2026-04-03T02:45:40.406+0600][52.915s][info][gc,heap     ] GC(35) Y:  Promoted:         -                  -                 0M (0%)            0M (0%)     
[2026-04-03T02:45:40.406+0600][52.915s][info][gc,heap     ] GC(35) Y: Compacted:         -                  -                  -                 0M (0%)     
[2026-04-03T02:45:40.406+0600][52.915s][info][gc,phases   ] GC(35) Y: Young Generation (Collect Roots) 334M(17%)->328M(16%) 0.031s
[2026-04-03T02:45:40.406+0600][52.915s][info][gc,phases   ] GC(35) O: Old Generation
[2026-04-03T02:45:40.607+0600][53.116s][info][gc,phases   ] GC(35) O: Concurrent Mark 200.717ms
[2026-04-03T02:45:40.607+0600][53.116s][info][gc,phases   ] GC(35) O: Pause Mark End 0.027ms
[2026-04-03T02:45:40.607+0600][53.116s][info][gc,phases   ] GC(35) O: Concurrent Mark Free 0.001ms
[2026-04-03T02:45:40.654+0600][53.162s][info][gc,phases   ] GC(35) O: Concurrent Process Non-Strong 46.067ms
[2026-04-03T02:45:40.654+0600][53.162s][info][gc,phases   ] GC(35) O: Concurrent Reset Relocation Set 0.033ms
[2026-04-03T02:45:40.656+0600][53.165s][info][gc,phases   ] GC(35) O: Concurrent Select Relocation Set 2.626ms
[2026-04-03T02:45:40.656+0600][53.165s][info][gc,task     ] GC(35) O: Using 3 Workers for Old Generation
[2026-04-03T02:45:40.689+0600][53.198s][info][gc,task     ] GC(35) O: Using 3 Workers for Old Generation
[2026-04-03T02:45:40.689+0600][53.198s][info][gc,phases   ] GC(35) O: Concurrent Remap Roots 32.951ms
[2026-04-03T02:45:40.690+0600][53.198s][info][gc,phases   ] GC(35) O: Pause Relocate Start 0.027ms
[2026-04-03T02:45:40.706+0600][53.215s][info][gc,phases   ] GC(35) O: Concurrent Relocate 16.553ms
[2026-04-03T02:45:40.706+0600][53.215s][info][gc,alloc    ] GC(35) O:                         Mark Start        Mark End      Relocate Start    Relocate End   
[2026-04-03T02:45:40.706+0600][53.215s][info][gc,alloc    ] GC(35) O: Allocation Stalls:          0                0                0                0         
[2026-04-03T02:45:40.706+0600][53.215s][info][gc,load     ] GC(35) O: Load: 6.60 (55%) / 5.70 (47%) / 5.66 (47%)
[2026-04-03T02:45:40.706+0600][53.215s][info][gc,mmu      ] GC(35) O: MMU: 2ms/96.0%, 5ms/98.4%, 10ms/98.9%, 20ms/99.5%, 50ms/99.8%, 100ms/99.8%
[2026-04-03T02:45:40.706+0600][53.215s][info][gc,marking  ] GC(35) O: Mark: 2 stripe(s), 10 proactive flush(es), 1 terminate flush(es), 0 completion(s), 0 continuation(s) 
[2026-04-03T02:45:40.706+0600][53.215s][info][gc,marking  ] GC(35) O: Mark Stack Usage: 32M
[2026-04-03T02:45:40.706+0600][53.215s][info][gc,nmethod  ] GC(35) O: NMethods: 14073 registered, 2674 unregistered
[2026-04-03T02:45:40.706+0600][53.215s][info][gc,metaspace] GC(35) O: Metaspace: 128M used, 130M committed, 1152M reserved
[2026-04-03T02:45:40.706+0600][53.215s][info][gc,ref      ] GC(35) O:                       Encountered   Discovered     Enqueued 
[2026-04-03T02:45:40.706+0600][53.215s][info][gc,ref      ] GC(35) O: Soft References:             6381            0            0 
[2026-04-03T02:45:40.706+0600][53.215s][info][gc,ref      ] GC(35) O: Weak References:            20773        10489         5638 
[2026-04-03T02:45:40.706+0600][53.215s][info][gc,ref      ] GC(35) O: Final References:              84            0            0 
[2026-04-03T02:45:40.707+0600][53.215s][info][gc,ref      ] GC(35) O: Phantom References:           620          595            0 
[2026-04-03T02:45:40.707+0600][53.215s][info][gc,reloc    ] GC(35) O:                        Candidates     Selected     In-Place         Size        Empty    Relocated 
[2026-04-03T02:45:40.707+0600][53.215s][info][gc,reloc    ] GC(35) O: Small Pages:                   92           19            0         184M           0M           8M 
[2026-04-03T02:45:40.707+0600][53.215s][info][gc,reloc    ] GC(35) O: Medium Pages:                   3            2            0          96M           0M           8M 
[2026-04-03T02:45:40.707+0600][53.215s][info][gc,reloc    ] GC(35) O: Large Pages:                    0            0            0           0M           0M           0M 
[2026-04-03T02:45:40.707+0600][53.215s][info][gc,reloc    ] GC(35) O: Forwarding Usage: 4M
[2026-04-03T02:45:40.707+0600][53.215s][info][gc,heap     ] GC(35) O: Min Capacity: 8M(0%)
[2026-04-03T02:45:40.707+0600][53.215s][info][gc,heap     ] GC(35) O: Max Capacity: 2000M(100%)
[2026-04-03T02:45:40.707+0600][53.215s][info][gc,heap     ] GC(35) O: Soft Max Capacity: 2000M(100%)
[2026-04-03T02:45:40.707+0600][53.215s][info][gc,heap     ] GC(35) O: Heap Statistics:
[2026-04-03T02:45:40.707+0600][53.215s][info][gc,heap     ] GC(35) O:                Mark Start          Mark End        Relocate Start      Relocate End           High               Low         
[2026-04-03T02:45:40.707+0600][53.215s][info][gc,heap     ] GC(35) O:  Capacity:     2000M (100%)       2000M (100%)       2000M (100%)       2000M (100%)       2000M (100%)       2000M (100%)   
[2026-04-03T02:45:40.707+0600][53.215s][info][gc,heap     ] GC(35) O:      Free:     1666M (83%)        1616M (81%)        1616M (81%)        1702M (85%)        1702M (85%)        1574M (79%)    
[2026-04-03T02:45:40.707+0600][53.215s][info][gc,heap     ] GC(35) O:      Used:      334M (17%)         384M (19%)         384M (19%)         298M (15%)         426M (21%)         298M (15%)    
[2026-04-03T02:45:40.707+0600][53.215s][info][gc,heap     ] GC(35) O: Old Generation Statistics:
[2026-04-03T02:45:40.707+0600][53.215s][info][gc,heap     ] GC(35) O:                Mark Start          Mark End        Relocate Start      Relocate End    
[2026-04-03T02:45:40.707+0600][53.215s][info][gc,heap     ] GC(35) O:      Used:      280M (14%)         280M (14%)         280M (14%)         192M (10%)    
[2026-04-03T02:45:40.707+0600][53.215s][info][gc,heap     ] GC(35) O:      Live:         -               142M (7%)          142M (7%)          142M (7%)     
[2026-04-03T02:45:40.707+0600][53.216s][info][gc,heap     ] GC(35) O:   Garbage:         -               137M (7%)          137M (7%)            8M (0%)     
[2026-04-03T02:45:40.707+0600][53.216s][info][gc,heap     ] GC(35) O: Allocated:         -                 0M (0%)            0M (0%)           40M (2%)     
[2026-04-03T02:45:40.707+0600][53.216s][info][gc,heap     ] GC(35) O: Reclaimed:         -                  -                 0M (0%)          128M (6%)     
[2026-04-03T02:45:40.707+0600][53.216s][info][gc,heap     ] GC(35) O: Compacted:         -                  -                  -                35M (2%)     
[2026-04-03T02:45:40.707+0600][53.216s][info][gc,phases   ] GC(35) O: Old Generation 328M(16%)->298M(15%) 0.300s
[2026-04-03T02:45:40.707+0600][53.216s][info][gc          ] GC(35) Major Collection (System.gc()) 1480M(74%)->298M(15%) 0.397s
[2026-04-03T02:45:41.243+0600][53.752s][info][gc          ] GC(36) Minor Collection (Allocation Rate)
[2026-04-03T02:45:41.243+0600][53.752s][info][gc,task     ] GC(36) Using 1 Workers for Young Generation
[2026-04-03T02:45:41.243+0600][53.752s][info][gc,phases   ] GC(36) y: Young Generation
[2026-04-03T02:45:41.244+0600][53.752s][info][gc,phases   ] GC(36) y: Pause Mark Start 0.015ms
[2026-04-03T02:45:41.272+0600][53.781s][info][gc,phases   ] GC(36) y: Concurrent Mark 28.680ms
[2026-04-03T02:45:41.273+0600][53.781s][info][gc,phases   ] GC(36) y: Pause Mark End 0.100ms
[2026-04-03T02:45:41.273+0600][53.782s][info][gc,phases   ] GC(36) y: Concurrent Mark Free 0.002ms
[2026-04-03T02:45:41.273+0600][53.782s][info][gc,phases   ] GC(36) y: Concurrent Reset Relocation Set 0.003ms
[2026-04-03T02:45:41.274+0600][53.783s][info][gc,reloc    ] GC(36) y: Using tenuring threshold: 2 (Computed)
[2026-04-03T02:45:41.275+0600][53.784s][info][gc,phases   ] GC(36) y: Concurrent Select Relocation Set 2.234ms
[2026-04-03T02:45:41.275+0600][53.784s][info][gc,phases   ] GC(36) y: Pause Relocate Start 0.013ms
[2026-04-03T02:45:41.279+0600][53.787s][info][gc,phases   ] GC(36) y: Concurrent Relocate 3.097ms
[2026-04-03T02:45:41.279+0600][53.787s][info][gc,alloc    ] GC(36) y:                         Mark Start        Mark End      Relocate Start    Relocate End   
[2026-04-03T02:45:41.279+0600][53.787s][info][gc,alloc    ] GC(36) y: Allocation Stalls:          0                0                0                0         
[2026-04-03T02:45:41.279+0600][53.787s][info][gc,load     ] GC(36) y: Load: 6.60 (55%) / 5.70 (47%) / 5.66 (47%)
[2026-04-03T02:45:41.279+0600][53.787s][info][gc,mmu      ] GC(36) y: MMU: 2ms/95.0%, 5ms/97.8%, 10ms/98.9%, 20ms/99.4%, 50ms/99.7%, 100ms/99.8%
[2026-04-03T02:45:41.279+0600][53.787s][info][gc,marking  ] GC(36) y: Mark: 1 stripe(s), 2 proactive flush(es), 1 terminate flush(es), 0 completion(s), 0 continuation(s) 
[2026-04-03T02:45:41.279+0600][53.787s][info][gc,marking  ] GC(36) y: Mark Stack Usage: 32M
[2026-04-03T02:45:41.279+0600][53.787s][info][gc,nmethod  ] GC(36) y: NMethods: 14179 registered, 2674 unregistered
[2026-04-03T02:45:41.279+0600][53.787s][info][gc,metaspace] GC(36) y: Metaspace: 128M used, 130M committed, 1152M reserved
[2026-04-03T02:45:41.279+0600][53.787s][info][gc,reloc    ] GC(36) y:                        Candidates     Selected     In-Place         Size        Empty    Relocated 
[2026-04-03T02:45:41.279+0600][53.787s][info][gc,reloc    ] GC(36) y: Small Pages:                  194          155            0         388M          72M           3M 
[2026-04-03T02:45:41.279+0600][53.787s][info][gc,reloc    ] GC(36) y: Medium Pages:                   2            0            0          64M          64M           0M 
[2026-04-03T02:45:41.279+0600][53.787s][info][gc,reloc    ] GC(36) y: Large Pages:                  140            0            0         840M         840M           0M 
[2026-04-03T02:45:41.279+0600][53.787s][info][gc,reloc    ] GC(36) y: Forwarding Usage: 0M
[2026-04-03T02:45:41.279+0600][53.787s][info][gc,reloc    ] GC(36) y: Age Table:
[2026-04-03T02:45:41.279+0600][53.787s][info][gc,reloc    ] GC(36) y:                    Live             Garbage             Small              Medium             Large        
[2026-04-03T02:45:41.279+0600][53.788s][info][gc,reloc    ] GC(36) y: Eden               3M (0%)         1282M (64%)        191 / 152            2 / 0            140 / 0        
[2026-04-03T02:45:41.279+0600][53.788s][info][gc,reloc    ] GC(36) y: Survivor 1         0M (0%)            5M (0%)           3 / 3              0 / 0              0 / 0        
[2026-04-03T02:45:41.279+0600][53.788s][info][gc,heap     ] GC(36) y: Min Capacity: 8M(0%)
[2026-04-03T02:45:41.279+0600][53.788s][info][gc,heap     ] GC(36) y: Max Capacity: 2000M(100%)
[2026-04-03T02:45:41.279+0600][53.788s][info][gc,heap     ] GC(36) y: Soft Max Capacity: 2000M(100%)
[2026-04-03T02:45:41.279+0600][53.788s][info][gc,heap     ] GC(36) y: Heap Statistics:
[2026-04-03T02:45:41.279+0600][53.788s][info][gc,heap     ] GC(36) y:                Mark Start          Mark End        Relocate Start      Relocate End           High               Low         
[2026-04-03T02:45:41.279+0600][53.788s][info][gc,heap     ] GC(36) y:  Capacity:     2000M (100%)       2000M (100%)       2000M (100%)       2000M (100%)       2000M (100%)       2000M (100%)   
[2026-04-03T02:45:41.279+0600][53.788s][info][gc,heap     ] GC(36) y:      Free:      516M (26%)         500M (25%)        1474M (74%)        1780M (89%)        1782M (89%)         500M (25%)    
[2026-04-03T02:45:41.279+0600][53.788s][info][gc,heap     ] GC(36) y:      Used:     1484M (74%)        1500M (75%)         526M (26%)         220M (11%)        1500M (75%)         218M (11%)    
[2026-04-03T02:45:41.279+0600][53.788s][info][gc,heap     ] GC(36) y: Young Generation Statistics:
[2026-04-03T02:45:41.279+0600][53.788s][info][gc,heap     ] GC(36) y:                Mark Start          Mark End        Relocate Start      Relocate End    
[2026-04-03T02:45:41.279+0600][53.788s][info][gc,heap     ] GC(36) y:      Used:     1292M (65%)        1308M (65%)         334M (17%)          28M (1%)     
[2026-04-03T02:45:41.279+0600][53.788s][info][gc,heap     ] GC(36) y:      Live:         -                 3M (0%)            3M (0%)            3M (0%)     
[2026-04-03T02:45:41.279+0600][53.788s][info][gc,heap     ] GC(36) y:   Garbage:         -              1288M (64%)         312M (16%)           1M (0%)     
[2026-04-03T02:45:41.279+0600][53.788s][info][gc,heap     ] GC(36) y: Allocated:         -                16M (1%)           18M (1%)           22M (1%)     
[2026-04-03T02:45:41.279+0600][53.788s][info][gc,heap     ] GC(36) y: Reclaimed:         -                  -               976M (49%)        1286M (64%)    
[2026-04-03T02:45:41.279+0600][53.788s][info][gc,heap     ] GC(36) y:  Promoted:         -                  -                 0M (0%)            0M (0%)     
[2026-04-03T02:45:41.279+0600][53.788s][info][gc,heap     ] GC(36) y: Compacted:         -                  -                  -                 3M (0%)     
[2026-04-03T02:45:41.279+0600][53.788s][info][gc,phases   ] GC(36) y: Young Generation 1484M(74%)->220M(11%) 0.035s
[2026-04-03T02:45:41.279+0600][53.788s][info][gc          ] GC(36) Minor Collection (Allocation Rate) 1484M(74%)->220M(11%) 0.036s
[2026-04-03T02:45:42.971+0600][55.480s][info][gc          ] GC(37) Minor Collection (Allocation Rate)
[2026-04-03T02:45:42.971+0600][55.480s][info][gc,task     ] GC(37) Using 1 Workers for Young Generation
[2026-04-03T02:45:42.971+0600][55.480s][info][gc,phases   ] GC(37) y: Young Generation
[2026-04-03T02:45:42.971+0600][55.480s][info][gc,phases   ] GC(37) y: Pause Mark Start 0.013ms
[2026-04-03T02:45:42.998+0600][55.506s][info][gc,phases   ] GC(37) y: Concurrent Mark 26.485ms
[2026-04-03T02:45:42.998+0600][55.507s][info][gc,phases   ] GC(37) y: Pause Mark End 0.024ms
[2026-04-03T02:45:42.998+0600][55.507s][info][gc,phases   ] GC(37) y: Concurrent Mark Free 0.001ms
[2026-04-03T02:45:42.998+0600][55.507s][info][gc,phases   ] GC(37) y: Concurrent Reset Relocation Set 0.009ms
[2026-04-03T02:45:42.999+0600][55.508s][info][gc,reloc    ] GC(37) y: Using tenuring threshold: 3 (Computed)
[2026-04-03T02:45:43.000+0600][55.509s][info][gc,phases   ] GC(37) y: Concurrent Select Relocation Set 2.011ms
[2026-04-03T02:45:43.000+0600][55.509s][info][gc,phases   ] GC(37) y: Pause Relocate Start 0.012ms
[2026-04-03T02:45:43.004+0600][55.513s][info][gc,phases   ] GC(37) y: Concurrent Relocate 4.162ms
[2026-04-03T02:45:43.004+0600][55.513s][info][gc,alloc    ] GC(37) y:                         Mark Start        Mark End      Relocate Start    Relocate End   
[2026-04-03T02:45:43.004+0600][55.513s][info][gc,alloc    ] GC(37) y: Allocation Stalls:          0                0                0                0         
[2026-04-03T02:45:43.004+0600][55.513s][info][gc,load     ] GC(37) y: Load: 6.60 (55%) / 5.70 (47%) / 5.66 (47%)
[2026-04-03T02:45:43.004+0600][55.513s][info][gc,mmu      ] GC(37) y: MMU: 2ms/95.0%, 5ms/97.8%, 10ms/98.9%, 20ms/99.4%, 50ms/99.7%, 100ms/99.8%
[2026-04-03T02:45:43.004+0600][55.513s][info][gc,marking  ] GC(37) y: Mark: 1 stripe(s), 2 proactive flush(es), 1 terminate flush(es), 0 completion(s), 0 continuation(s) 
[2026-04-03T02:45:43.004+0600][55.513s][info][gc,marking  ] GC(37) y: Mark Stack Usage: 32M
[2026-04-03T02:45:43.004+0600][55.513s][info][gc,nmethod  ] GC(37) y: NMethods: 14284 registered, 2674 unregistered
[2026-04-03T02:45:43.004+0600][55.513s][info][gc,metaspace] GC(37) y: Metaspace: 128M used, 130M committed, 1152M reserved
[2026-04-03T02:45:43.004+0600][55.513s][info][gc,reloc    ] GC(37) y:                        Candidates     Selected     In-Place         Size        Empty    Relocated 
[2026-04-03T02:45:43.004+0600][55.513s][info][gc,reloc    ] GC(37) y: Small Pages:                  488          257            0         976M         454M           4M 
[2026-04-03T02:45:43.004+0600][55.513s][info][gc,reloc    ] GC(37) y: Medium Pages:                   6            0            0         192M         192M           0M 
[2026-04-03T02:45:43.004+0600][55.513s][info][gc,reloc    ] GC(37) y: Large Pages:                   24            0            0         144M         144M           0M 
[2026-04-03T02:45:43.004+0600][55.513s][info][gc,reloc    ] GC(37) y: Forwarding Usage: 0M
[2026-04-03T02:45:43.004+0600][55.513s][info][gc,reloc    ] GC(37) y: Age Table:
[2026-04-03T02:45:43.004+0600][55.513s][info][gc,reloc    ] GC(37) y:                    Live             Garbage             Small              Medium             Large        
[2026-04-03T02:45:43.004+0600][55.513s][info][gc,reloc    ] GC(37) y: Eden               3M (0%)         1300M (65%)        484 / 255            6 / 0             24 / 0        
[2026-04-03T02:45:43.004+0600][55.513s][info][gc,reloc    ] GC(37) y: Survivor 1         2M (0%)            3M (0%)           3 / 1              0 / 0              0 / 0        
[2026-04-03T02:45:43.005+0600][55.513s][info][gc,reloc    ] GC(37) y: Survivor 2         0M (0%)            1M (0%)           1 / 1              0 / 0              0 / 0        
[2026-04-03T02:45:43.005+0600][55.513s][info][gc,heap     ] GC(37) y: Min Capacity: 8M(0%)
[2026-04-03T02:45:43.005+0600][55.513s][info][gc,heap     ] GC(37) y: Max Capacity: 2000M(100%)
[2026-04-03T02:45:43.005+0600][55.513s][info][gc,heap     ] GC(37) y: Soft Max Capacity: 2000M(100%)
[2026-04-03T02:45:43.005+0600][55.513s][info][gc,heap     ] GC(37) y: Heap Statistics:
[2026-04-03T02:45:43.005+0600][55.513s][info][gc,heap     ] GC(37) y:                Mark Start          Mark End        Relocate Start      Relocate End           High               Low         
[2026-04-03T02:45:43.005+0600][55.513s][info][gc,heap     ] GC(37) y:  Capacity:     2000M (100%)       2000M (100%)       2000M (100%)       2000M (100%)       2000M (100%)       2000M (100%)   
[2026-04-03T02:45:43.005+0600][55.513s][info][gc,heap     ] GC(37) y:      Free:      496M (25%)         484M (24%)        1272M (64%)        1780M (89%)        1782M (89%)         484M (24%)    
[2026-04-03T02:45:43.005+0600][55.513s][info][gc,heap     ] GC(37) y:      Used:     1504M (75%)        1516M (76%)         728M (36%)         220M (11%)        1516M (76%)         218M (11%)    
[2026-04-03T02:45:43.005+0600][55.513s][info][gc,heap     ] GC(37) y: Young Generation Statistics:
[2026-04-03T02:45:43.005+0600][55.513s][info][gc,heap     ] GC(37) y:                Mark Start          Mark End        Relocate Start      Relocate End    
[2026-04-03T02:45:43.005+0600][55.513s][info][gc,heap     ] GC(37) y:      Used:     1312M (66%)        1324M (66%)         536M (27%)          28M (1%)     
[2026-04-03T02:45:43.005+0600][55.513s][info][gc,heap     ] GC(37) y:      Live:         -                 6M (0%)            6M (0%)            6M (0%)     
[2026-04-03T02:45:43.005+0600][55.513s][info][gc,heap     ] GC(37) y:   Garbage:         -              1305M (65%)         515M (26%)           0M (0%)     
[2026-04-03T02:45:43.005+0600][55.513s][info][gc,heap     ] GC(37) y: Allocated:         -                12M (1%)           14M (1%)           21M (1%)     
[2026-04-03T02:45:43.005+0600][55.513s][info][gc,heap     ] GC(37) y: Reclaimed:         -                  -               790M (40%)        1305M (65%)    
[2026-04-03T02:45:43.005+0600][55.513s][info][gc,heap     ] GC(37) y:  Promoted:         -                  -                 0M (0%)            0M (0%)     
[2026-04-03T02:45:43.005+0600][55.513s][info][gc,heap     ] GC(37) y: Compacted:         -                  -                  -                 4M (0%)     
[2026-04-03T02:45:43.005+0600][55.513s][info][gc,phases   ] GC(37) y: Young Generation 1504M(75%)->220M(11%) 0.033s
[2026-04-03T02:45:43.005+0600][55.513s][info][gc          ] GC(37) Minor Collection (Allocation Rate) 1504M(75%)->220M(11%) 0.034s
[2026-04-03T02:45:44.776+0600][57.284s][info][gc          ] GC(38) Minor Collection (High Usage)
[2026-04-03T02:45:44.776+0600][57.285s][info][gc,task     ] GC(38) Using 3 Workers for Young Generation
[2026-04-03T02:45:44.776+0600][57.285s][info][gc,phases   ] GC(38) y: Young Generation
[2026-04-03T02:45:44.776+0600][57.285s][info][gc,phases   ] GC(38) y: Pause Mark Start 0.028ms
[2026-04-03T02:45:44.813+0600][57.322s][info][gc,phases   ] GC(38) y: Concurrent Mark 36.793ms
[2026-04-03T02:45:44.814+0600][57.322s][info][gc,phases   ] GC(38) y: Pause Mark End 0.033ms
[2026-04-03T02:45:44.814+0600][57.322s][info][gc,phases   ] GC(38) y: Concurrent Mark Free 0.002ms
[2026-04-03T02:45:44.814+0600][57.322s][info][gc,phases   ] GC(38) y: Concurrent Reset Relocation Set 0.043ms
[2026-04-03T02:45:44.818+0600][57.327s][info][gc,reloc    ] GC(38) y: Using tenuring threshold: 4 (Computed)
[2026-04-03T02:45:44.819+0600][57.327s][info][gc,phases   ] GC(38) y: Concurrent Select Relocation Set 4.843ms
[2026-04-03T02:45:44.819+0600][57.328s][info][gc,phases   ] GC(38) y: Pause Relocate Start 0.021ms
[2026-04-03T02:45:44.827+0600][57.336s][info][gc,phases   ] GC(38) y: Concurrent Relocate 7.779ms
[2026-04-03T02:45:44.827+0600][57.336s][info][gc,alloc    ] GC(38) y:                         Mark Start        Mark End      Relocate Start    Relocate End   
[2026-04-03T02:45:44.827+0600][57.336s][info][gc,alloc    ] GC(38) y: Allocation Stalls:          0                0                0                0         
[2026-04-03T02:45:44.827+0600][57.336s][info][gc,load     ] GC(38) y: Load: 6.60 (55%) / 5.70 (47%) / 5.66 (47%)
[2026-04-03T02:45:44.827+0600][57.336s][info][gc,mmu      ] GC(38) y: MMU: 2ms/95.0%, 5ms/97.8%, 10ms/98.9%, 20ms/99.4%, 50ms/99.7%, 100ms/99.8%
[2026-04-03T02:45:44.827+0600][57.336s][info][gc,marking  ] GC(38) y: Mark: 2 stripe(s), 4 proactive flush(es), 1 terminate flush(es), 0 completion(s), 0 continuation(s) 
[2026-04-03T02:45:44.827+0600][57.336s][info][gc,marking  ] GC(38) y: Mark Stack Usage: 32M
[2026-04-03T02:45:44.827+0600][57.336s][info][gc,nmethod  ] GC(38) y: NMethods: 14362 registered, 2674 unregistered
[2026-04-03T02:45:44.827+0600][57.336s][info][gc,metaspace] GC(38) y: Metaspace: 128M used, 130M committed, 1152M reserved
[2026-04-03T02:45:44.827+0600][57.336s][info][gc,reloc    ] GC(38) y:                        Candidates     Selected     In-Place         Size        Empty    Relocated 
[2026-04-03T02:45:44.827+0600][57.336s][info][gc,reloc    ] GC(38) y: Small Pages:                  640          326            0        1280M         612M           8M 
[2026-04-03T02:45:44.827+0600][57.336s][info][gc,reloc    ] GC(38) y: Medium Pages:                   7            0            0         224M         224M           0M 
[2026-04-03T02:45:44.827+0600][57.336s][info][gc,reloc    ] GC(38) y: Large Pages:                   29            0            0         174M         174M           0M 
[2026-04-03T02:45:44.827+0600][57.336s][info][gc,reloc    ] GC(38) y: Forwarding Usage: 2M
[2026-04-03T02:45:44.827+0600][57.336s][info][gc,reloc    ] GC(38) y: Age Table:
[2026-04-03T02:45:44.827+0600][57.336s][info][gc,reloc    ] GC(38) y:                    Live             Garbage             Small              Medium             Large        
[2026-04-03T02:45:44.827+0600][57.336s][info][gc,reloc    ] GC(38) y: Eden               7M (0%)         1658M (83%)        634 / 323            7 / 0             29 / 0        
[2026-04-03T02:45:44.827+0600][57.336s][info][gc,reloc    ] GC(38) y: Survivor 1         3M (0%)            0M (0%)           2 / 0              0 / 0              0 / 0        
[2026-04-03T02:45:44.827+0600][57.336s][info][gc,reloc    ] GC(38) y: Survivor 2         2M (0%)            3M (0%)           3 / 2              0 / 0              0 / 0        
[2026-04-03T02:45:44.827+0600][57.336s][info][gc,reloc    ] GC(38) y: Survivor 3         0M (0%)            1M (0%)           1 / 1              0 / 0              0 / 0        
[2026-04-03T02:45:44.827+0600][57.336s][info][gc,heap     ] GC(38) y: Min Capacity: 8M(0%)
[2026-04-03T02:45:44.827+0600][57.336s][info][gc,heap     ] GC(38) y: Max Capacity: 2000M(100%)
[2026-04-03T02:45:44.827+0600][57.336s][info][gc,heap     ] GC(38) y: Soft Max Capacity: 2000M(100%)
[2026-04-03T02:45:44.827+0600][57.336s][info][gc,heap     ] GC(38) y: Heap Statistics:
[2026-04-03T02:45:44.827+0600][57.336s][info][gc,heap     ] GC(38) y:                Mark Start          Mark End        Relocate Start      Relocate End           High               Low         
[2026-04-03T02:45:44.827+0600][57.336s][info][gc,heap     ] GC(38) y:  Capacity:     2000M (100%)       2000M (100%)       2000M (100%)       2000M (100%)       2000M (100%)       2000M (100%)   
[2026-04-03T02:45:44.827+0600][57.336s][info][gc,heap     ] GC(38) y:      Free:      130M (6%)           64M (3%)         1038M (52%)        1650M (82%)        1652M (83%)          62M (3%)     
[2026-04-03T02:45:44.827+0600][57.336s][info][gc,heap     ] GC(38) y:      Used:     1870M (94%)        1936M (97%)         962M (48%)         350M (18%)        1938M (97%)         348M (17%)    
[2026-04-03T02:45:44.827+0600][57.336s][info][gc,heap     ] GC(38) y: Young Generation Statistics:
[2026-04-03T02:45:44.827+0600][57.336s][info][gc,heap     ] GC(38) y:                Mark Start          Mark End        Relocate Start      Relocate End    
[2026-04-03T02:45:44.827+0600][57.336s][info][gc,heap     ] GC(38) y:      Used:     1678M (84%)        1744M (87%)         770M (38%)         158M (8%)     
[2026-04-03T02:45:44.827+0600][57.336s][info][gc,heap     ] GC(38) y:      Live:         -                13M (1%)           13M (1%)           13M (1%)     
[2026-04-03T02:45:44.828+0600][57.336s][info][gc,heap     ] GC(38) y:   Garbage:         -              1664M (83%)         654M (33%)           0M (0%)     
[2026-04-03T02:45:44.828+0600][57.336s][info][gc,heap     ] GC(38) y: Allocated:         -                66M (3%)          102M (5%)          143M (7%)     
[2026-04-03T02:45:44.828+0600][57.336s][info][gc,heap     ] GC(38) y: Reclaimed:         -                  -              1010M (50%)        1663M (83%)    
[2026-04-03T02:45:44.828+0600][57.336s][info][gc,heap     ] GC(38) y:  Promoted:         -                  -                 0M (0%)            0M (0%)     
[2026-04-03T02:45:44.828+0600][57.336s][info][gc,heap     ] GC(38) y: Compacted:         -                  -                  -                 8M (0%)     
[2026-04-03T02:45:44.828+0600][57.336s][info][gc,phases   ] GC(38) y: Young Generation 1870M(94%)->350M(18%) 0.051s
[2026-04-03T02:45:44.828+0600][57.336s][info][gc          ] GC(38) Minor Collection (High Usage) 1868M(93%)->352M(18%) 0.052s
[2026-04-03T02:45:45.071+0600][57.580s][info][gc          ] GC(39) Minor Collection (Allocation Rate)
[2026-04-03T02:45:45.071+0600][57.580s][info][gc,task     ] GC(39) Using 2 Workers for Young Generation
[2026-04-03T02:45:45.071+0600][57.580s][info][gc,phases   ] GC(39) y: Young Generation
[2026-04-03T02:45:45.072+0600][57.580s][info][gc,phases   ] GC(39) y: Pause Mark Start 0.031ms
[2026-04-03T02:45:45.105+0600][57.614s][info][gc,phases   ] GC(39) y: Concurrent Mark 33.538ms
[2026-04-03T02:45:45.106+0600][57.614s][info][gc,phases   ] GC(39) y: Pause Mark End 0.027ms
[2026-04-03T02:45:45.106+0600][57.614s][info][gc,phases   ] GC(39) y: Concurrent Mark Free 0.003ms
[2026-04-03T02:45:45.106+0600][57.615s][info][gc,phases   ] GC(39) y: Concurrent Reset Relocation Set 0.037ms
[2026-04-03T02:45:45.108+0600][57.617s][info][gc,reloc    ] GC(39) y: Using tenuring threshold: 5 (Computed)
[2026-04-03T02:45:45.108+0600][57.617s][info][gc,phases   ] GC(39) y: Concurrent Select Relocation Set 2.572ms
[2026-04-03T02:45:45.109+0600][57.617s][info][gc,phases   ] GC(39) y: Pause Relocate Start 0.025ms
[2026-04-03T02:45:45.115+0600][57.623s][info][gc,phases   ] GC(39) y: Concurrent Relocate 5.806ms
[2026-04-03T02:45:45.115+0600][57.623s][info][gc,alloc    ] GC(39) y:                         Mark Start        Mark End      Relocate Start    Relocate End   
[2026-04-03T02:45:45.115+0600][57.623s][info][gc,alloc    ] GC(39) y: Allocation Stalls:          0                0                0                0         
[2026-04-03T02:45:45.115+0600][57.623s][info][gc,load     ] GC(39) y: Load: 6.23 (52%) / 5.64 (47%) / 5.64 (47%)
[2026-04-03T02:45:45.115+0600][57.624s][info][gc,mmu      ] GC(39) y: MMU: 2ms/95.0%, 5ms/97.8%, 10ms/98.9%, 20ms/99.4%, 50ms/99.7%, 100ms/99.8%
[2026-04-03T02:45:45.115+0600][57.624s][info][gc,marking  ] GC(39) y: Mark: 2 stripe(s), 2 proactive flush(es), 1 terminate flush(es), 0 completion(s), 0 continuation(s) 
[2026-04-03T02:45:45.115+0600][57.624s][info][gc,marking  ] GC(39) y: Mark Stack Usage: 32M
[2026-04-03T02:45:45.115+0600][57.624s][info][gc,nmethod  ] GC(39) y: NMethods: 14370 registered, 2674 unregistered
[2026-04-03T02:45:45.115+0600][57.624s][info][gc,metaspace] GC(39) y: Metaspace: 128M used, 130M committed, 1152M reserved
[2026-04-03T02:45:45.115+0600][57.624s][info][gc,reloc    ] GC(39) y:                        Candidates     Selected     In-Place         Size        Empty    Relocated 
[2026-04-03T02:45:45.115+0600][57.624s][info][gc,reloc    ] GC(39) y: Small Pages:                  133           64            0         266M         120M           5M 
[2026-04-03T02:45:45.115+0600][57.624s][info][gc,reloc    ] GC(39) y: Medium Pages:                   1            0            0          32M           0M           0M 
[2026-04-03T02:45:45.115+0600][57.624s][info][gc,reloc    ] GC(39) y: Large Pages:                  127            0            0         762M         750M           0M 
[2026-04-03T02:45:45.115+0600][57.624s][info][gc,reloc    ] GC(39) y: Forwarding Usage: 1M
[2026-04-03T02:45:45.115+0600][57.624s][info][gc,reloc    ] GC(39) y: Age Table:
[2026-04-03T02:45:45.115+0600][57.624s][info][gc,reloc    ] GC(39) y:                    Live             Garbage             Small              Medium             Large        
[2026-04-03T02:45:45.115+0600][57.624s][info][gc,reloc    ] GC(39) y: Eden              18M (1%)          999M (50%)        112 / 56             1 / 0            127 / 0        
[2026-04-03T02:45:45.115+0600][57.624s][info][gc,reloc    ] GC(39) y: Survivor 1         4M (0%)           23M (1%)          14 / 5              0 / 0              0 / 0        
[2026-04-03T02:45:45.115+0600][57.624s][info][gc,reloc    ] GC(39) y: Survivor 2         3M (0%)            0M (0%)           2 / 0              0 / 0              0 / 0        
[2026-04-03T02:45:45.115+0600][57.624s][info][gc,reloc    ] GC(39) y: Survivor 3         2M (0%)            5M (0%)           4 / 2              0 / 0              0 / 0        
[2026-04-03T02:45:45.115+0600][57.624s][info][gc,reloc    ] GC(39) y: Survivor 4         0M (0%)            1M (0%)           1 / 1              0 / 0              0 / 0        
[2026-04-03T02:45:45.115+0600][57.624s][info][gc,heap     ] GC(39) y: Min Capacity: 8M(0%)
[2026-04-03T02:45:45.115+0600][57.624s][info][gc,heap     ] GC(39) y: Max Capacity: 2000M(100%)
[2026-04-03T02:45:45.115+0600][57.624s][info][gc,heap     ] GC(39) y: Soft Max Capacity: 2000M(100%)
[2026-04-03T02:45:45.115+0600][57.624s][info][gc,heap     ] GC(39) y: Heap Statistics:
[2026-04-03T02:45:45.115+0600][57.624s][info][gc,heap     ] GC(39) y:                Mark Start          Mark End        Relocate Start      Relocate End           High               Low         
[2026-04-03T02:45:45.115+0600][57.624s][info][gc,heap     ] GC(39) y:  Capacity:     2000M (100%)       2000M (100%)       2000M (100%)       2000M (100%)       2000M (100%)       2000M (100%)   
[2026-04-03T02:45:45.115+0600][57.624s][info][gc,heap     ] GC(39) y:      Free:      748M (37%)         644M (32%)        1514M (76%)        1636M (82%)        1636M (82%)         644M (32%)    
[2026-04-03T02:45:45.115+0600][57.624s][info][gc,heap     ] GC(39) y:      Used:     1252M (63%)        1356M (68%)         486M (24%)         364M (18%)        1356M (68%)         364M (18%)    
[2026-04-03T02:45:45.115+0600][57.624s][info][gc,heap     ] GC(39) y: Young Generation Statistics:
[2026-04-03T02:45:45.115+0600][57.624s][info][gc,heap     ] GC(39) y:                Mark Start          Mark End        Relocate Start      Relocate End    
[2026-04-03T02:45:45.115+0600][57.624s][info][gc,heap     ] GC(39) y:      Used:     1060M (53%)        1164M (58%)         294M (15%)         172M (9%)     
[2026-04-03T02:45:45.115+0600][57.624s][info][gc,heap     ] GC(39) y:      Live:         -                29M (1%)           29M (1%)           29M (1%)     
[2026-04-03T02:45:45.115+0600][57.624s][info][gc,heap     ] GC(39) y:   Garbage:         -              1030M (52%)         160M (8%)           31M (2%)     
[2026-04-03T02:45:45.115+0600][57.624s][info][gc,heap     ] GC(39) y: Allocated:         -               104M (5%)          104M (5%)          111M (6%)     
[2026-04-03T02:45:45.115+0600][57.624s][info][gc,heap     ] GC(39) y: Reclaimed:         -                  -               870M (44%)         999M (50%)    
[2026-04-03T02:45:45.115+0600][57.624s][info][gc,heap     ] GC(39) y:  Promoted:         -                  -                 0M (0%)            0M (0%)     
[2026-04-03T02:45:45.115+0600][57.624s][info][gc,heap     ] GC(39) y: Compacted:         -                  -                  -                 8M (0%)     
[2026-04-03T02:45:45.115+0600][57.624s][info][gc,phases   ] GC(39) y: Young Generation 1252M(63%)->364M(18%) 0.043s
[2026-04-03T02:45:45.115+0600][57.624s][info][gc          ] GC(39) Minor Collection (Allocation Rate) 1252M(63%)->364M(18%) 0.044s
[2026-04-03T02:45:45.482+0600][57.991s][info][gc          ] GC(40) Minor Collection (Allocation Rate)
[2026-04-03T02:45:45.482+0600][57.991s][info][gc,task     ] GC(40) Using 1 Workers for Young Generation
[2026-04-03T02:45:45.482+0600][57.991s][info][gc,phases   ] GC(40) y: Young Generation
[2026-04-03T02:45:45.482+0600][57.991s][info][gc,phases   ] GC(40) y: Pause Mark Start 0.021ms
[2026-04-03T02:45:45.526+0600][58.034s][info][gc,phases   ] GC(40) y: Concurrent Mark 43.033ms
[2026-04-03T02:45:45.526+0600][58.035s][info][gc,phases   ] GC(40) y: Pause Mark End 0.024ms
[2026-04-03T02:45:45.526+0600][58.035s][info][gc,phases   ] GC(40) y: Concurrent Mark Free 0.002ms
[2026-04-03T02:45:45.526+0600][58.035s][info][gc,phases   ] GC(40) y: Concurrent Reset Relocation Set 0.011ms
[2026-04-03T02:45:45.528+0600][58.036s][info][gc,reloc    ] GC(40) y: Using tenuring threshold: 6 (Computed)
[2026-04-03T02:45:45.528+0600][58.037s][info][gc,phases   ] GC(40) y: Concurrent Select Relocation Set 2.276ms
[2026-04-03T02:45:45.529+0600][58.037s][info][gc,phases   ] GC(40) y: Pause Relocate Start 0.020ms
[2026-04-03T02:45:45.533+0600][58.042s][info][gc,phases   ] GC(40) y: Concurrent Relocate 4.822ms
[2026-04-03T02:45:45.534+0600][58.042s][info][gc,alloc    ] GC(40) y:                         Mark Start        Mark End      Relocate Start    Relocate End   
[2026-04-03T02:45:45.534+0600][58.042s][info][gc,alloc    ] GC(40) y: Allocation Stalls:          0                0                0                0         
[2026-04-03T02:45:45.534+0600][58.042s][info][gc,load     ] GC(40) y: Load: 6.23 (52%) / 5.64 (47%) / 5.64 (47%)
[2026-04-03T02:45:45.534+0600][58.042s][info][gc,mmu      ] GC(40) y: MMU: 2ms/95.0%, 5ms/97.8%, 10ms/98.9%, 20ms/99.4%, 50ms/99.7%, 100ms/99.8%
[2026-04-03T02:45:45.534+0600][58.042s][info][gc,marking  ] GC(40) y: Mark: 1 stripe(s), 2 proactive flush(es), 1 terminate flush(es), 0 completion(s), 0 continuation(s) 
[2026-04-03T02:45:45.534+0600][58.042s][info][gc,marking  ] GC(40) y: Mark Stack Usage: 32M
[2026-04-03T02:45:45.534+0600][58.042s][info][gc,nmethod  ] GC(40) y: NMethods: 14412 registered, 2674 unregistered
[2026-04-03T02:45:45.534+0600][58.042s][info][gc,metaspace] GC(40) y: Metaspace: 128M used, 130M committed, 1152M reserved
[2026-04-03T02:45:45.534+0600][58.042s][info][gc,reloc    ] GC(40) y:                        Candidates     Selected     In-Place         Size        Empty    Relocated 
[2026-04-03T02:45:45.534+0600][58.042s][info][gc,reloc    ] GC(40) y: Small Pages:                  121          100            0         242M          24M           3M 
[2026-04-03T02:45:45.534+0600][58.042s][info][gc,reloc    ] GC(40) y: Medium Pages:                   3            0            0          96M          96M           0M 
[2026-04-03T02:45:45.534+0600][58.042s][info][gc,reloc    ] GC(40) y: Large Pages:                   15            0            0          90M          90M           0M 
[2026-04-03T02:45:45.534+0600][58.042s][info][gc,reloc    ] GC(40) y: Forwarding Usage: 1M
[2026-04-03T02:45:45.534+0600][58.042s][info][gc,reloc    ] GC(40) y: Age Table:
[2026-04-03T02:45:45.534+0600][58.042s][info][gc,reloc    ] GC(40) y:                    Live             Garbage             Small              Medium             Large        
[2026-04-03T02:45:45.534+0600][58.042s][info][gc,reloc    ] GC(40) y: Eden               2M (0%)          357M (18%)        109 / 96             2 / 0             13 / 0        
[2026-04-03T02:45:45.534+0600][58.042s][info][gc,reloc    ] GC(40) y: Survivor 1         1M (0%)           48M (2%)           3 / 1              1 / 0              2 / 0        
[2026-04-03T02:45:45.534+0600][58.042s][info][gc,reloc    ] GC(40) y: Survivor 2         4M (0%)            3M (0%)           4 / 2              0 / 0              0 / 0        
[2026-04-03T02:45:45.534+0600][58.042s][info][gc,reloc    ] GC(40) y: Survivor 3         3M (0%)            0M (0%)           2 / 0              0 / 0              0 / 0        
[2026-04-03T02:45:45.534+0600][58.042s][info][gc,reloc    ] GC(40) y: Survivor 4         2M (0%)            1M (0%)           2 / 0              0 / 0              0 / 0        
[2026-04-03T02:45:45.534+0600][58.042s][info][gc,reloc    ] GC(40) y: Survivor 5         0M (0%)            1M (0%)           1 / 1              0 / 0              0 / 0        
[2026-04-03T02:45:45.534+0600][58.043s][info][gc,heap     ] GC(40) y: Min Capacity: 8M(0%)
[2026-04-03T02:45:45.534+0600][58.043s][info][gc,heap     ] GC(40) y: Max Capacity: 2000M(100%)
[2026-04-03T02:45:45.534+0600][58.043s][info][gc,heap     ] GC(40) y: Soft Max Capacity: 2000M(100%)
[2026-04-03T02:45:45.534+0600][58.043s][info][gc,heap     ] GC(40) y: Heap Statistics:
[2026-04-03T02:45:45.534+0600][58.043s][info][gc,heap     ] GC(40) y:                Mark Start          Mark End        Relocate Start      Relocate End           High               Low         
[2026-04-03T02:45:45.534+0600][58.043s][info][gc,heap     ] GC(40) y:  Capacity:     2000M (100%)       2000M (100%)       2000M (100%)       2000M (100%)       2000M (100%)       2000M (100%)   
[2026-04-03T02:45:45.534+0600][58.043s][info][gc,heap     ] GC(40) y:      Free:     1380M (69%)        1360M (68%)        1568M (78%)        1760M (88%)        1760M (88%)        1358M (68%)    
[2026-04-03T02:45:45.534+0600][58.043s][info][gc,heap     ] GC(40) y:      Used:      620M (31%)         640M (32%)         432M (22%)         240M (12%)         642M (32%)         240M (12%)    
[2026-04-03T02:45:45.534+0600][58.043s][info][gc,heap     ] GC(40) y: Young Generation Statistics:
[2026-04-03T02:45:45.534+0600][58.043s][info][gc,heap     ] GC(40) y:                Mark Start          Mark End        Relocate Start      Relocate End    
[2026-04-03T02:45:45.534+0600][58.043s][info][gc,heap     ] GC(40) y:      Used:      428M (21%)         448M (22%)         240M (12%)          48M (2%)     
[2026-04-03T02:45:45.534+0600][58.043s][info][gc,heap     ] GC(40) y:      Live:         -                14M (1%)           14M (1%)           14M (1%)     
[2026-04-03T02:45:45.534+0600][58.043s][info][gc,heap     ] GC(40) y:   Garbage:         -               413M (21%)         203M (10%)           2M (0%)     
[2026-04-03T02:45:45.534+0600][58.043s][info][gc,heap     ] GC(40) y: Allocated:         -                20M (1%)           22M (1%)           31M (2%)     
[2026-04-03T02:45:45.534+0600][58.043s][info][gc,heap     ] GC(40) y: Reclaimed:         -                  -               210M (10%)         411M (21%)    
[2026-04-03T02:45:45.534+0600][58.043s][info][gc,heap     ] GC(40) y:  Promoted:         -                  -                 0M (0%)            0M (0%)     
[2026-04-03T02:45:45.534+0600][58.043s][info][gc,heap     ] GC(40) y: Compacted:         -                  -                  -                 4M (0%)     
[2026-04-03T02:45:45.534+0600][58.043s][info][gc,phases   ] GC(40) y: Young Generation 620M(31%)->240M(12%) 0.051s
[2026-04-03T02:45:45.534+0600][58.043s][info][gc          ] GC(40) Minor Collection (Allocation Rate) 620M(31%)->240M(12%) 0.052s
[2026-04-03T02:45:46.842+0600][59.350s][info][gc          ] GC(41) Minor Collection (Allocation Rate)
[2026-04-03T02:45:46.842+0600][59.350s][info][gc,task     ] GC(41) Using 1 Workers for Young Generation
[2026-04-03T02:45:46.842+0600][59.350s][info][gc,phases   ] GC(41) y: Young Generation
[2026-04-03T02:45:46.842+0600][59.351s][info][gc,phases   ] GC(41) y: Pause Mark Start 0.024ms
[2026-04-03T02:45:46.916+0600][59.424s][info][gc,phases   ] GC(41) y: Concurrent Mark 73.631ms
[2026-04-03T02:45:46.916+0600][59.425s][info][gc,phases   ] GC(41) y: Pause Mark End 0.026ms
[2026-04-03T02:45:46.916+0600][59.425s][info][gc,phases   ] GC(41) y: Concurrent Mark Free 0.002ms
[2026-04-03T02:45:46.917+0600][59.425s][info][gc,phases   ] GC(41) y: Concurrent Reset Relocation Set 0.015ms
[2026-04-03T02:45:46.923+0600][59.432s][info][gc,reloc    ] GC(41) y: Using tenuring threshold: 4 (Computed)
[2026-04-03T02:45:46.927+0600][59.436s][info][gc,phases   ] GC(41) y: Concurrent Select Relocation Set 10.656ms
[2026-04-03T02:45:46.928+0600][59.436s][info][gc,phases   ] GC(41) y: Pause Relocate Start 0.026ms
[2026-04-03T02:45:46.946+0600][59.455s][info][gc,phases   ] GC(41) y: Concurrent Relocate 18.612ms
[2026-04-03T02:45:46.946+0600][59.455s][info][gc,alloc    ] GC(41) y:                         Mark Start        Mark End      Relocate Start    Relocate End   
[2026-04-03T02:45:46.946+0600][59.455s][info][gc,alloc    ] GC(41) y: Allocation Stalls:          0                0                0                0         
[2026-04-03T02:45:46.947+0600][59.455s][info][gc,load     ] GC(41) y: Load: 6.23 (52%) / 5.64 (47%) / 5.64 (47%)
[2026-04-03T02:45:46.947+0600][59.455s][info][gc,mmu      ] GC(41) y: MMU: 2ms/95.0%, 5ms/97.8%, 10ms/98.9%, 20ms/99.4%, 50ms/99.7%, 100ms/99.8%
[2026-04-03T02:45:46.947+0600][59.455s][info][gc,marking  ] GC(41) y: Mark: 1 stripe(s), 2 proactive flush(es), 1 terminate flush(es), 0 completion(s), 0 continuation(s) 
[2026-04-03T02:45:46.947+0600][59.455s][info][gc,marking  ] GC(41) y: Mark Stack Usage: 32M
[2026-04-03T02:45:46.947+0600][59.455s][info][gc,nmethod  ] GC(41) y: NMethods: 14476 registered, 2674 unregistered
[2026-04-03T02:45:46.947+0600][59.455s][info][gc,metaspace] GC(41) y: Metaspace: 128M used, 130M committed, 1152M reserved
[2026-04-03T02:45:46.947+0600][59.455s][info][gc,reloc    ] GC(41) y:                        Candidates     Selected     In-Place         Size        Empty    Relocated 
[2026-04-03T02:45:46.947+0600][59.455s][info][gc,reloc    ] GC(41) y: Small Pages:                  400          231            0         800M         314M           4M 
[2026-04-03T02:45:46.947+0600][59.455s][info][gc,reloc    ] GC(41) y: Medium Pages:                   5            0            0         160M         160M           0M 
[2026-04-03T02:45:46.947+0600][59.455s][info][gc,reloc    ] GC(41) y: Large Pages:                   20            0            0         120M         120M           0M 
[2026-04-03T02:45:46.947+0600][59.455s][info][gc,reloc    ] GC(41) y: Forwarding Usage: 1M
[2026-04-03T02:45:46.947+0600][59.455s][info][gc,reloc    ] GC(41) y: Age Table:
[2026-04-03T02:45:46.947+0600][59.455s][info][gc,reloc    ] GC(41) y:                    Live             Garbage             Small              Medium             Large        
[2026-04-03T02:45:46.947+0600][59.455s][info][gc,reloc    ] GC(41) y: Eden               5M (0%)         1048M (52%)        387 / 228            5 / 0             20 / 0        
[2026-04-03T02:45:46.947+0600][59.455s][info][gc,reloc    ] GC(41) y: Survivor 1         1M (0%)            2M (0%)           2 / 0              0 / 0              0 / 0        
[2026-04-03T02:45:46.947+0600][59.455s][info][gc,reloc    ] GC(41) y: Survivor 2         1M (0%)            2M (0%)           2 / 1              0 / 0              0 / 0        
[2026-04-03T02:45:46.947+0600][59.455s][info][gc,reloc    ] GC(41) y: Survivor 3         4M (0%)            3M (0%)           4 / 1              0 / 0              0 / 0        
[2026-04-03T02:45:46.947+0600][59.455s][info][gc,reloc    ] GC(41) y: Survivor 4         3M (0%)            0M (0%)           2 / 0              0 / 0              0 / 0        
[2026-04-03T02:45:46.947+0600][59.455s][info][gc,reloc    ] GC(41) y: Survivor 5         2M (0%)            1M (0%)           2 / 0              0 / 0              0 / 0        
[2026-04-03T02:45:46.947+0600][59.455s][info][gc,reloc    ] GC(41) y: Survivor 6         0M (0%)            1M (0%)           1 / 1              0 / 0              0 / 0        
[2026-04-03T02:45:46.947+0600][59.455s][info][gc,heap     ] GC(41) y: Min Capacity: 8M(0%)
[2026-04-03T02:45:46.947+0600][59.455s][info][gc,heap     ] GC(41) y: Max Capacity: 2000M(100%)
[2026-04-03T02:45:46.947+0600][59.455s][info][gc,heap     ] GC(41) y: Soft Max Capacity: 2000M(100%)
[2026-04-03T02:45:46.947+0600][59.456s][info][gc,heap     ] GC(41) y: Heap Statistics:
[2026-04-03T02:45:46.947+0600][59.456s][info][gc,heap     ] GC(41) y:                Mark Start          Mark End        Relocate Start      Relocate End           High               Low         
[2026-04-03T02:45:46.947+0600][59.456s][info][gc,heap     ] GC(41) y:  Capacity:     2000M (100%)       2000M (100%)       2000M (100%)       2000M (100%)       2000M (100%)       2000M (100%)   
[2026-04-03T02:45:46.947+0600][59.456s][info][gc,heap     ] GC(41) y:      Free:      728M (36%)         630M (32%)        1220M (61%)        1676M (84%)        1676M (84%)         630M (32%)    
[2026-04-03T02:45:46.947+0600][59.456s][info][gc,heap     ] GC(41) y:      Used:     1272M (64%)        1370M (68%)         780M (39%)         324M (16%)        1370M (68%)         324M (16%)    
[2026-04-03T02:45:46.947+0600][59.456s][info][gc,heap     ] GC(41) y: Young Generation Statistics:
[2026-04-03T02:45:46.947+0600][59.456s][info][gc,heap     ] GC(41) y:                Mark Start          Mark End        Relocate Start      Relocate End    
[2026-04-03T02:45:46.947+0600][59.456s][info][gc,heap     ] GC(41) y:      Used:     1080M (54%)        1178M (59%)         580M (29%)         122M (6%)     
[2026-04-03T02:45:46.947+0600][59.456s][info][gc,heap     ] GC(41) y:      Live:         -                19M (1%)           13M (1%)           13M (1%)     
[2026-04-03T02:45:46.947+0600][59.456s][info][gc,heap     ] GC(41) y:   Garbage:         -              1060M (53%)         464M (23%)           1M (0%)     
[2026-04-03T02:45:46.947+0600][59.456s][info][gc,heap     ] GC(41) y: Allocated:         -                98M (5%)          102M (5%)          106M (5%)     
[2026-04-03T02:45:46.947+0600][59.456s][info][gc,heap     ] GC(41) y: Reclaimed:         -                  -               595M (30%)        1058M (53%)    
[2026-04-03T02:45:46.947+0600][59.456s][info][gc,heap     ] GC(41) y:  Promoted:         -                  -                 6M (0%)            6M (0%)     
[2026-04-03T02:45:46.947+0600][59.456s][info][gc,heap     ] GC(41) y: Compacted:         -                  -                  -                 5M (0%)     
[2026-04-03T02:45:46.947+0600][59.456s][info][gc,phases   ] GC(41) y: Young Generation 1272M(64%)->324M(16%) 0.105s
[2026-04-03T02:45:46.947+0600][59.456s][info][gc          ] GC(41) Minor Collection (Allocation Rate) 1272M(64%)->324M(16%) 0.105s
[2026-04-03T02:45:48.275+0600][60.784s][info][gc          ] GC(42) Minor Collection (Allocation Rate)
[2026-04-03T02:45:48.275+0600][60.784s][info][gc,task     ] GC(42) Using 1 Workers for Young Generation
[2026-04-03T02:45:48.275+0600][60.784s][info][gc,phases   ] GC(42) y: Young Generation
[2026-04-03T02:45:48.276+0600][60.784s][info][gc,phases   ] GC(42) y: Pause Mark Start 0.034ms
[2026-04-03T02:45:48.343+0600][60.852s][info][gc,phases   ] GC(42) y: Concurrent Mark 67.453ms
[2026-04-03T02:45:48.343+0600][60.852s][info][gc,phases   ] GC(42) y: Pause Mark End 0.026ms
[2026-04-03T02:45:48.344+0600][60.852s][info][gc,phases   ] GC(42) y: Concurrent Mark Free 0.003ms
[2026-04-03T02:45:48.344+0600][60.852s][info][gc,phases   ] GC(42) y: Concurrent Reset Relocation Set 0.031ms
[2026-04-03T02:45:48.346+0600][60.854s][info][gc,reloc    ] GC(42) y: Using tenuring threshold: 5 (Computed)
[2026-04-03T02:45:48.347+0600][60.855s][info][gc,phases   ] GC(42) y: Concurrent Select Relocation Set 2.902ms
[2026-04-03T02:45:48.347+0600][60.855s][info][gc,phases   ] GC(42) y: Pause Relocate Start 0.021ms
[2026-04-03T02:45:48.357+0600][60.866s][info][gc,phases   ] GC(42) y: Concurrent Relocate 10.301ms
[2026-04-03T02:45:48.357+0600][60.866s][info][gc,alloc    ] GC(42) y:                         Mark Start        Mark End      Relocate Start    Relocate End   
[2026-04-03T02:45:48.357+0600][60.866s][info][gc,alloc    ] GC(42) y: Allocation Stalls:          0                0                0                0         
[2026-04-03T02:45:48.357+0600][60.866s][info][gc,load     ] GC(42) y: Load: 6.23 (52%) / 5.64 (47%) / 5.64 (47%)
[2026-04-03T02:45:48.357+0600][60.866s][info][gc,mmu      ] GC(42) y: MMU: 2ms/95.0%, 5ms/97.8%, 10ms/98.9%, 20ms/99.4%, 50ms/99.7%, 100ms/99.8%
[2026-04-03T02:45:48.357+0600][60.866s][info][gc,marking  ] GC(42) y: Mark: 1 stripe(s), 2 proactive flush(es), 1 terminate flush(es), 0 completion(s), 0 continuation(s) 
[2026-04-03T02:45:48.357+0600][60.866s][info][gc,marking  ] GC(42) y: Mark Stack Usage: 32M
[2026-04-03T02:45:48.357+0600][60.866s][info][gc,nmethod  ] GC(42) y: NMethods: 14524 registered, 2674 unregistered
[2026-04-03T02:45:48.357+0600][60.866s][info][gc,metaspace] GC(42) y: Metaspace: 128M used, 130M committed, 1152M reserved
[2026-04-03T02:45:48.357+0600][60.866s][info][gc,reloc    ] GC(42) y:                        Candidates     Selected     In-Place         Size        Empty    Relocated 
[2026-04-03T02:45:48.358+0600][60.866s][info][gc,reloc    ] GC(42) y: Small Pages:                  429          280            0         858M         280M           4M 
[2026-04-03T02:45:48.358+0600][60.866s][info][gc,reloc    ] GC(42) y: Medium Pages:                   5            0            0         160M         160M           0M 
[2026-04-03T02:45:48.358+0600][60.866s][info][gc,reloc    ] GC(42) y: Large Pages:                   20            0            0         120M         120M           0M 
[2026-04-03T02:45:48.358+0600][60.866s][info][gc,reloc    ] GC(42) y: Forwarding Usage: 1M
[2026-04-03T02:45:48.358+0600][60.866s][info][gc,reloc    ] GC(42) y: Age Table:
[2026-04-03T02:45:48.358+0600][60.866s][info][gc,reloc    ] GC(42) y:                    Live             Garbage             Small              Medium             Large        
[2026-04-03T02:45:48.358+0600][60.866s][info][gc,reloc    ] GC(42) y: Eden               4M (0%)         1113M (56%)        419 / 276            5 / 0             20 / 0        
[2026-04-03T02:45:48.358+0600][60.866s][info][gc,reloc    ] GC(42) y: Survivor 1         2M (0%)            3M (0%)           3 / 2              0 / 0              0 / 0        
[2026-04-03T02:45:48.358+0600][60.866s][info][gc,reloc    ] GC(42) y: Survivor 2         1M (0%)            0M (0%)           1 / 0              0 / 0              0 / 0        
[2026-04-03T02:45:48.358+0600][60.866s][info][gc,reloc    ] GC(42) y: Survivor 3         1M (0%)            2M (0%)           2 / 1              0 / 0              0 / 0        
[2026-04-03T02:45:48.358+0600][60.866s][info][gc,reloc    ] GC(42) y: Survivor 4         4M (0%)            3M (0%)           4 / 1              0 / 0              0 / 0        
[2026-04-03T02:45:48.358+0600][60.866s][info][gc,heap     ] GC(42) y: Min Capacity: 8M(0%)
[2026-04-03T02:45:48.358+0600][60.866s][info][gc,heap     ] GC(42) y: Max Capacity: 2000M(100%)
[2026-04-03T02:45:48.358+0600][60.866s][info][gc,heap     ] GC(42) y: Soft Max Capacity: 2000M(100%)
[2026-04-03T02:45:48.358+0600][60.866s][info][gc,heap     ] GC(42) y: Heap Statistics:
[2026-04-03T02:45:48.358+0600][60.866s][info][gc,heap     ] GC(42) y:                Mark Start          Mark End        Relocate Start      Relocate End           High               Low         
[2026-04-03T02:45:48.358+0600][60.866s][info][gc,heap     ] GC(42) y:  Capacity:     2000M (100%)       2000M (100%)       2000M (100%)       2000M (100%)       2000M (100%)       2000M (100%)   
[2026-04-03T02:45:48.358+0600][60.866s][info][gc,heap     ] GC(42) y:      Free:      660M (33%)         582M (29%)        1142M (57%)        1686M (84%)        1686M (84%)         582M (29%)    
[2026-04-03T02:45:48.358+0600][60.866s][info][gc,heap     ] GC(42) y:      Used:     1340M (67%)        1418M (71%)         858M (43%)         314M (16%)        1418M (71%)         314M (16%)    
[2026-04-03T02:45:48.358+0600][60.866s][info][gc,heap     ] GC(42) y: Young Generation Statistics:
[2026-04-03T02:45:48.358+0600][60.866s][info][gc,heap     ] GC(42) y:                Mark Start          Mark End        Relocate Start      Relocate End    
[2026-04-03T02:45:48.358+0600][60.866s][info][gc,heap     ] GC(42) y:      Used:     1138M (57%)        1216M (61%)         656M (33%)         112M (6%)     
[2026-04-03T02:45:48.358+0600][60.866s][info][gc,heap     ] GC(42) y:      Live:         -                14M (1%)           14M (1%)           14M (1%)     
[2026-04-03T02:45:48.358+0600][60.866s][info][gc,heap     ] GC(42) y:   Garbage:         -              1123M (56%)         563M (28%)           2M (0%)     
[2026-04-03T02:45:48.358+0600][60.867s][info][gc,heap     ] GC(42) y: Allocated:         -                78M (4%)           78M (4%)           94M (5%)     
[2026-04-03T02:45:48.358+0600][60.867s][info][gc,heap     ] GC(42) y: Reclaimed:         -                  -               560M (28%)        1120M (56%)    
[2026-04-03T02:45:48.358+0600][60.867s][info][gc,heap     ] GC(42) y:  Promoted:         -                  -                 0M (0%)            0M (0%)     
[2026-04-03T02:45:48.358+0600][60.867s][info][gc,heap     ] GC(42) y: Compacted:         -                  -                  -                 5M (0%)     
[2026-04-03T02:45:48.358+0600][60.867s][info][gc,phases   ] GC(42) y: Young Generation 1340M(67%)->314M(16%) 0.082s
[2026-04-03T02:45:48.358+0600][60.867s][info][gc          ] GC(42) Minor Collection (Allocation Rate) 1340M(67%)->314M(16%) 0.083s
[2026-04-03T02:45:49.079+0600][61.587s][info][gc          ] GC(43) Minor Collection (Allocation Rate)
[2026-04-03T02:45:49.079+0600][61.587s][info][gc,task     ] GC(43) Using 1 Workers for Young Generation
[2026-04-03T02:45:49.079+0600][61.587s][info][gc,phases   ] GC(43) y: Young Generation
[2026-04-03T02:45:49.079+0600][61.588s][info][gc,phases   ] GC(43) y: Pause Mark Start 0.020ms
[2026-04-03T02:45:49.128+0600][61.637s][info][gc,phases   ] GC(43) y: Concurrent Mark 49.148ms
[2026-04-03T02:45:49.128+0600][61.637s][info][gc,phases   ] GC(43) y: Pause Mark End 0.017ms
[2026-04-03T02:45:49.128+0600][61.637s][info][gc,phases   ] GC(43) y: Concurrent Mark Free 0.002ms
[2026-04-03T02:45:49.128+0600][61.637s][info][gc,phases   ] GC(43) y: Concurrent Reset Relocation Set 0.018ms
[2026-04-03T02:45:49.134+0600][61.643s][info][gc,reloc    ] GC(43) y: Using tenuring threshold: 6 (Computed)
[2026-04-03T02:45:49.135+0600][61.644s][info][gc,phases   ] GC(43) y: Concurrent Select Relocation Set 6.475ms
[2026-04-03T02:45:49.135+0600][61.644s][info][gc,phases   ] GC(43) y: Pause Relocate Start 0.022ms
[2026-04-03T02:45:49.147+0600][61.656s][info][gc,phases   ] GC(43) y: Concurrent Relocate 11.615ms
[2026-04-03T02:45:49.147+0600][61.656s][info][gc,alloc    ] GC(43) y:                         Mark Start        Mark End      Relocate Start    Relocate End   
[2026-04-03T02:45:49.147+0600][61.656s][info][gc,alloc    ] GC(43) y: Allocation Stalls:          0                0                0                0         
[2026-04-03T02:45:49.147+0600][61.656s][info][gc,load     ] GC(43) y: Load: 6.23 (52%) / 5.64 (47%) / 5.64 (47%)
[2026-04-03T02:45:49.147+0600][61.656s][info][gc,mmu      ] GC(43) y: MMU: 2ms/95.0%, 5ms/97.8%, 10ms/98.9%, 20ms/99.4%, 50ms/99.7%, 100ms/99.8%
[2026-04-03T02:45:49.147+0600][61.656s][info][gc,marking  ] GC(43) y: Mark: 1 stripe(s), 3 proactive flush(es), 1 terminate flush(es), 0 completion(s), 0 continuation(s) 
[2026-04-03T02:45:49.147+0600][61.656s][info][gc,marking  ] GC(43) y: Mark Stack Usage: 32M
[2026-04-03T02:45:49.147+0600][61.656s][info][gc,nmethod  ] GC(43) y: NMethods: 14545 registered, 2674 unregistered
[2026-04-03T02:45:49.147+0600][61.656s][info][gc,metaspace] GC(43) y: Metaspace: 128M used, 130M committed, 1152M reserved
[2026-04-03T02:45:49.147+0600][61.656s][info][gc,reloc    ] GC(43) y:                        Candidates     Selected     In-Place         Size        Empty    Relocated 
[2026-04-03T02:45:49.147+0600][61.656s][info][gc,reloc    ] GC(43) y: Small Pages:                  386          165            0         772M         422M           5M 
[2026-04-03T02:45:49.147+0600][61.656s][info][gc,reloc    ] GC(43) y: Medium Pages:                   3            0            0          96M          96M           0M 
[2026-04-03T02:45:49.147+0600][61.656s][info][gc,reloc    ] GC(43) y: Large Pages:                   82            0            0         492M         486M           0M 
[2026-04-03T02:45:49.147+0600][61.656s][info][gc,reloc    ] GC(43) y: Forwarding Usage: 1M
[2026-04-03T02:45:49.147+0600][61.656s][info][gc,reloc    ] GC(43) y: Age Table:
[2026-04-03T02:45:49.147+0600][61.656s][info][gc,reloc    ] GC(43) y:                    Live             Garbage             Small              Medium             Large        
[2026-04-03T02:45:49.147+0600][61.656s][info][gc,reloc    ] GC(43) y: Eden              10M (1%)         1323M (66%)        373 / 159            3 / 0             82 / 0        
[2026-04-03T02:45:49.147+0600][61.656s][info][gc,reloc    ] GC(43) y: Survivor 1         2M (0%)            5M (0%)           4 / 3              0 / 0              0 / 0        
[2026-04-03T02:45:49.147+0600][61.656s][info][gc,reloc    ] GC(43) y: Survivor 2         2M (0%)            1M (0%)           2 / 1              0 / 0              0 / 0        
[2026-04-03T02:45:49.147+0600][61.656s][info][gc,reloc    ] GC(43) y: Survivor 3         1M (0%)            0M (0%)           1 / 0              0 / 0              0 / 0        
[2026-04-03T02:45:49.147+0600][61.656s][info][gc,reloc    ] GC(43) y: Survivor 4         1M (0%)            2M (0%)           2 / 1              0 / 0              0 / 0        
[2026-04-03T02:45:49.147+0600][61.656s][info][gc,reloc    ] GC(43) y: Survivor 5         4M (0%)            3M (0%)           4 / 1              0 / 0              0 / 0        
[2026-04-03T02:45:49.147+0600][61.656s][info][gc,heap     ] GC(43) y: Min Capacity: 8M(0%)
[2026-04-03T02:45:49.147+0600][61.656s][info][gc,heap     ] GC(43) y: Max Capacity: 2000M(100%)
[2026-04-03T02:45:49.147+0600][61.656s][info][gc,heap     ] GC(43) y: Soft Max Capacity: 2000M(100%)
[2026-04-03T02:45:49.147+0600][61.656s][info][gc,heap     ] GC(43) y: Heap Statistics:
[2026-04-03T02:45:49.148+0600][61.656s][info][gc,heap     ] GC(43) y:                Mark Start          Mark End        Relocate Start      Relocate End           High               Low         
[2026-04-03T02:45:49.148+0600][61.656s][info][gc,heap     ] GC(43) y:  Capacity:     2000M (100%)       2000M (100%)       2000M (100%)       2000M (100%)       2000M (100%)       2000M (100%)   
[2026-04-03T02:45:49.148+0600][61.656s][info][gc,heap     ] GC(43) y:      Free:      438M (22%)         344M (17%)        1220M (61%)        1306M (65%)        1444M (72%)         344M (17%)    
[2026-04-03T02:45:49.148+0600][61.656s][info][gc,heap     ] GC(43) y:      Used:     1562M (78%)        1656M (83%)         780M (39%)         694M (35%)        1656M (83%)         556M (28%)    
[2026-04-03T02:45:49.148+0600][61.656s][info][gc,heap     ] GC(43) y: Young Generation Statistics:
[2026-04-03T02:45:49.148+0600][61.656s][info][gc,heap     ] GC(43) y:                Mark Start          Mark End        Relocate Start      Relocate End    
[2026-04-03T02:45:49.148+0600][61.656s][info][gc,heap     ] GC(43) y:      Used:     1360M (68%)        1454M (73%)         578M (29%)         492M (25%)    
[2026-04-03T02:45:49.148+0600][61.656s][info][gc,heap     ] GC(43) y:      Live:         -                22M (1%)           22M (1%)           22M (1%)     
[2026-04-03T02:45:49.148+0600][61.656s][info][gc,heap     ] GC(43) y:   Garbage:         -              1337M (67%)         333M (17%)           1M (0%)     
[2026-04-03T02:45:49.148+0600][61.656s][info][gc,heap     ] GC(43) y: Allocated:         -                94M (5%)          222M (11%)         467M (23%)    
[2026-04-03T02:45:49.148+0600][61.656s][info][gc,heap     ] GC(43) y: Reclaimed:         -                  -              1004M (50%)        1335M (67%)    
[2026-04-03T02:45:49.148+0600][61.656s][info][gc,heap     ] GC(43) y:  Promoted:         -                  -                 0M (0%)            0M (0%)     
[2026-04-03T02:45:49.148+0600][61.656s][info][gc,heap     ] GC(43) y: Compacted:         -                  -                  -                 8M (0%)     
[2026-04-03T02:45:49.148+0600][61.656s][info][gc,phases   ] GC(43) y: Young Generation 1562M(78%)->694M(35%) 0.068s
[2026-04-03T02:45:49.148+0600][61.656s][info][gc          ] GC(43) Minor Collection (Allocation Rate) 1562M(78%)->696M(35%) 0.069s
[2026-04-03T02:45:49.500+0600][62.009s][info][gc          ] GC(44) Minor Collection (Allocation Rate)
[2026-04-03T02:45:49.500+0600][62.009s][info][gc,task     ] GC(44) Using 1 Workers for Young Generation
[2026-04-03T02:45:49.500+0600][62.009s][info][gc,phases   ] GC(44) y: Young Generation
[2026-04-03T02:45:49.500+0600][62.009s][info][gc,phases   ] GC(44) y: Pause Mark Start 0.021ms
[2026-04-03T02:45:49.545+0600][62.053s][info][gc,phases   ] GC(44) y: Concurrent Mark 44.073ms
[2026-04-03T02:45:49.545+0600][62.054s][info][gc,phases   ] GC(44) y: Pause Mark End 0.020ms
[2026-04-03T02:45:49.545+0600][62.054s][info][gc,phases   ] GC(44) y: Concurrent Mark Free 0.001ms
[2026-04-03T02:45:49.545+0600][62.054s][info][gc,phases   ] GC(44) y: Concurrent Reset Relocation Set 0.012ms
[2026-04-03T02:45:49.548+0600][62.057s][info][gc,reloc    ] GC(44) y: Using tenuring threshold: 5 (Computed)
[2026-04-03T02:45:49.551+0600][62.060s][info][gc,phases   ] GC(44) y: Concurrent Select Relocation Set 5.923ms
[2026-04-03T02:45:49.551+0600][62.060s][info][gc,phases   ] GC(44) y: Pause Relocate Start 0.013ms
[2026-04-03T02:45:49.560+0600][62.069s][info][gc,phases   ] GC(44) y: Concurrent Relocate 8.236ms
[2026-04-03T02:45:49.560+0600][62.069s][info][gc,alloc    ] GC(44) y:                         Mark Start        Mark End      Relocate Start    Relocate End   
[2026-04-03T02:45:49.560+0600][62.069s][info][gc,alloc    ] GC(44) y: Allocation Stalls:          0                0                0                0         
[2026-04-03T02:45:49.560+0600][62.069s][info][gc,load     ] GC(44) y: Load: 6.23 (52%) / 5.64 (47%) / 5.64 (47%)
[2026-04-03T02:45:49.560+0600][62.069s][info][gc,mmu      ] GC(44) y: MMU: 2ms/95.0%, 5ms/97.8%, 10ms/98.9%, 20ms/99.4%, 50ms/99.7%, 100ms/99.8%
[2026-04-03T02:45:49.560+0600][62.069s][info][gc,marking  ] GC(44) y: Mark: 1 stripe(s), 2 proactive flush(es), 1 terminate flush(es), 0 completion(s), 0 continuation(s) 
[2026-04-03T02:45:49.560+0600][62.069s][info][gc,marking  ] GC(44) y: Mark Stack Usage: 32M
[2026-04-03T02:45:49.560+0600][62.069s][info][gc,nmethod  ] GC(44) y: NMethods: 14560 registered, 2674 unregistered
[2026-04-03T02:45:49.560+0600][62.069s][info][gc,metaspace] GC(44) y: Metaspace: 128M used, 130M committed, 1152M reserved
[2026-04-03T02:45:49.560+0600][62.069s][info][gc,reloc    ] GC(44) y:                        Candidates     Selected     In-Place         Size        Empty    Relocated 
[2026-04-03T02:45:49.560+0600][62.069s][info][gc,reloc    ] GC(44) y: Small Pages:                  156          125            0         312M          38M           3M 
[2026-04-03T02:45:49.560+0600][62.069s][info][gc,reloc    ] GC(44) y: Medium Pages:                   2            0            0          64M          64M           0M 
[2026-04-03T02:45:49.560+0600][62.069s][info][gc,reloc    ] GC(44) y: Large Pages:                   72            0            0         432M         432M           0M 
[2026-04-03T02:45:49.560+0600][62.069s][info][gc,reloc    ] GC(44) y: Forwarding Usage: 0M
[2026-04-03T02:45:49.560+0600][62.069s][info][gc,reloc    ] GC(44) y: Age Table:
[2026-04-03T02:45:49.560+0600][62.069s][info][gc,reloc    ] GC(44) y:                    Live             Garbage             Small              Medium             Large        
[2026-04-03T02:45:49.560+0600][62.069s][info][gc,reloc    ] GC(44) y: Eden               2M (0%)          765M (38%)        139 / 118            2 / 0             71 / 0        
[2026-04-03T02:45:49.560+0600][62.069s][info][gc,reloc    ] GC(44) y: Survivor 1         3M (0%)           16M (1%)           7 / 5              0 / 0              1 / 0        
[2026-04-03T02:45:49.560+0600][62.069s][info][gc,reloc    ] GC(44) y: Survivor 2         2M (0%)            1M (0%)           2 / 0              0 / 0              0 / 0        
[2026-04-03T02:45:49.560+0600][62.069s][info][gc,reloc    ] GC(44) y: Survivor 3         2M (0%)            1M (0%)           2 / 0              0 / 0              0 / 0        
[2026-04-03T02:45:49.560+0600][62.069s][info][gc,reloc    ] GC(44) y: Survivor 4         1M (0%)            0M (0%)           1 / 0              0 / 0              0 / 0        
[2026-04-03T02:45:49.560+0600][62.069s][info][gc,reloc    ] GC(44) y: Survivor 5         1M (0%)            2M (0%)           2 / 1              0 / 0              0 / 0        
[2026-04-03T02:45:49.560+0600][62.069s][info][gc,reloc    ] GC(44) y: Survivor 6         4M (0%)            1M (0%)           3 / 1              0 / 0              0 / 0        
[2026-04-03T02:45:49.560+0600][62.069s][info][gc,heap     ] GC(44) y: Min Capacity: 8M(0%)
[2026-04-03T02:45:49.560+0600][62.069s][info][gc,heap     ] GC(44) y: Max Capacity: 2000M(100%)
[2026-04-03T02:45:49.560+0600][62.069s][info][gc,heap     ] GC(44) y: Soft Max Capacity: 2000M(100%)
[2026-04-03T02:45:49.560+0600][62.069s][info][gc,heap     ] GC(44) y: Heap Statistics:
[2026-04-03T02:45:49.560+0600][62.069s][info][gc,heap     ] GC(44) y:                Mark Start          Mark End        Relocate Start      Relocate End           High               Low         
[2026-04-03T02:45:49.560+0600][62.069s][info][gc,heap     ] GC(44) y:  Capacity:     2000M (100%)       2000M (100%)       2000M (100%)       2000M (100%)       2000M (100%)       2000M (100%)   
[2026-04-03T02:45:49.560+0600][62.069s][info][gc,heap     ] GC(44) y:      Free:      990M (50%)         966M (48%)        1496M (75%)        1738M (87%)        1740M (87%)         966M (48%)    
[2026-04-03T02:45:49.560+0600][62.069s][info][gc,heap     ] GC(44) y:      Used:     1010M (50%)        1034M (52%)         504M (25%)         262M (13%)        1034M (52%)         260M (13%)    
[2026-04-03T02:45:49.560+0600][62.069s][info][gc,heap     ] GC(44) y: Young Generation Statistics:
[2026-04-03T02:45:49.560+0600][62.069s][info][gc,heap     ] GC(44) y:                Mark Start          Mark End        Relocate Start      Relocate End    
[2026-04-03T02:45:49.560+0600][62.069s][info][gc,heap     ] GC(44) y:      Used:      808M (40%)         832M (42%)         296M (15%)          52M (3%)     
[2026-04-03T02:45:49.560+0600][62.069s][info][gc,heap     ] GC(44) y:      Live:         -                19M (1%)           14M (1%)           12M (1%)     
[2026-04-03T02:45:49.560+0600][62.069s][info][gc,heap     ] GC(44) y:   Garbage:         -               788M (39%)         253M (13%)           2M (0%)     
[2026-04-03T02:45:49.560+0600][62.069s][info][gc,heap     ] GC(44) y: Allocated:         -                24M (1%)           28M (1%)           36M (2%)     
[2026-04-03T02:45:49.560+0600][62.069s][info][gc,heap     ] GC(44) y: Reclaimed:         -                  -               534M (27%)         786M (39%)    
[2026-04-03T02:45:49.560+0600][62.069s][info][gc,heap     ] GC(44) y:  Promoted:         -                  -                 5M (0%)            6M (0%)     
[2026-04-03T02:45:49.560+0600][62.069s][info][gc,heap     ] GC(44) y: Compacted:         -                  -                  -                 3M (0%)     
[2026-04-03T02:45:49.560+0600][62.069s][info][gc,phases   ] GC(44) y: Young Generation 1010M(50%)->262M(13%) 0.060s
[2026-04-03T02:45:49.560+0600][62.069s][info][gc          ] GC(44) Minor Collection (Allocation Rate) 1010M(50%)->262M(13%) 0.060s
[2026-04-03T02:45:50.944+0600][63.453s][info][gc          ] GC(45) Minor Collection (Allocation Rate)
[2026-04-03T02:45:50.944+0600][63.453s][info][gc,task     ] GC(45) Using 1 Workers for Young Generation
[2026-04-03T02:45:50.944+0600][63.453s][info][gc,phases   ] GC(45) y: Young Generation
[2026-04-03T02:45:50.945+0600][63.453s][info][gc,phases   ] GC(45) y: Pause Mark Start 0.029ms
[2026-04-03T02:45:50.994+0600][63.503s][info][gc,phases   ] GC(45) y: Concurrent Mark 48.922ms
[2026-04-03T02:45:50.995+0600][63.503s][info][gc,phases   ] GC(45) y: Pause Mark End 0.020ms
[2026-04-03T02:45:50.995+0600][63.503s][info][gc,phases   ] GC(45) y: Concurrent Mark Free 0.003ms
[2026-04-03T02:45:50.995+0600][63.503s][info][gc,phases   ] GC(45) y: Concurrent Reset Relocation Set 0.018ms
[2026-04-03T02:45:50.996+0600][63.505s][info][gc,reloc    ] GC(45) y: Using tenuring threshold: 6 (Computed)
[2026-04-03T02:45:50.997+0600][63.506s][info][gc,phases   ] GC(45) y: Concurrent Select Relocation Set 2.595ms
[2026-04-03T02:45:50.998+0600][63.506s][info][gc,phases   ] GC(45) y: Pause Relocate Start 0.019ms
[2026-04-03T02:45:51.002+0600][63.511s][info][gc,phases   ] GC(45) y: Concurrent Relocate 4.632ms
[2026-04-03T02:45:51.002+0600][63.511s][info][gc,alloc    ] GC(45) y:                         Mark Start        Mark End      Relocate Start    Relocate End   
[2026-04-03T02:45:51.002+0600][63.511s][info][gc,alloc    ] GC(45) y: Allocation Stalls:          0                0                0                0         
[2026-04-03T02:45:51.002+0600][63.511s][info][gc,load     ] GC(45) y: Load: 6.37 (53%) / 5.68 (47%) / 5.65 (47%)
[2026-04-03T02:45:51.002+0600][63.511s][info][gc,mmu      ] GC(45) y: MMU: 2ms/95.0%, 5ms/97.8%, 10ms/98.9%, 20ms/99.4%, 50ms/99.7%, 100ms/99.8%
[2026-04-03T02:45:51.002+0600][63.511s][info][gc,marking  ] GC(45) y: Mark: 1 stripe(s), 2 proactive flush(es), 1 terminate flush(es), 0 completion(s), 0 continuation(s) 
[2026-04-03T02:45:51.002+0600][63.511s][info][gc,marking  ] GC(45) y: Mark Stack Usage: 32M
[2026-04-03T02:45:51.002+0600][63.511s][info][gc,nmethod  ] GC(45) y: NMethods: 14594 registered, 2674 unregistered
[2026-04-03T02:45:51.002+0600][63.511s][info][gc,metaspace] GC(45) y: Metaspace: 128M used, 130M committed, 1152M reserved
[2026-04-03T02:45:51.002+0600][63.511s][info][gc,reloc    ] GC(45) y:                        Candidates     Selected     In-Place         Size        Empty    Relocated 
[2026-04-03T02:45:51.002+0600][63.511s][info][gc,reloc    ] GC(45) y: Small Pages:                  440          259            0         880M         342M           4M 
[2026-04-03T02:45:51.002+0600][63.511s][info][gc,reloc    ] GC(45) y: Medium Pages:                   6            0            0         192M         192M           0M 
[2026-04-03T02:45:51.002+0600][63.511s][info][gc,reloc    ] GC(45) y: Large Pages:                   23            0            0         138M         138M           0M 
[2026-04-03T02:45:51.002+0600][63.511s][info][gc,reloc    ] GC(45) y: Forwarding Usage: 0M
[2026-04-03T02:45:51.002+0600][63.511s][info][gc,reloc    ] GC(45) y: Age Table:
[2026-04-03T02:45:51.002+0600][63.511s][info][gc,reloc    ] GC(45) y:                    Live             Garbage             Small              Medium             Large        
[2026-04-03T02:45:51.003+0600][63.511s][info][gc,reloc    ] GC(45) y: Eden               3M (0%)         1186M (59%)        430 / 257            6 / 0             23 / 0        
[2026-04-03T02:45:51.003+0600][63.511s][info][gc,reloc    ] GC(45) y: Survivor 1         2M (0%)            1M (0%)           2 / 0              0 / 0              0 / 0        
[2026-04-03T02:45:51.003+0600][63.511s][info][gc,reloc    ] GC(45) y: Survivor 2         3M (0%)            2M (0%)           3 / 1              0 / 0              0 / 0        
[2026-04-03T02:45:51.003+0600][63.511s][info][gc,reloc    ] GC(45) y: Survivor 3         2M (0%)            1M (0%)           2 / 0              0 / 0              0 / 0        
[2026-04-03T02:45:51.003+0600][63.511s][info][gc,reloc    ] GC(45) y: Survivor 4         2M (0%)            1M (0%)           2 / 1              0 / 0              0 / 0        
[2026-04-03T02:45:51.003+0600][63.511s][info][gc,reloc    ] GC(45) y: Survivor 5         1M (0%)            0M (0%)           1 / 0              0 / 0              0 / 0        
[2026-04-03T02:45:51.003+0600][63.511s][info][gc,heap     ] GC(45) y: Min Capacity: 8M(0%)
[2026-04-03T02:45:51.003+0600][63.511s][info][gc,heap     ] GC(45) y: Max Capacity: 2000M(100%)
[2026-04-03T02:45:51.003+0600][63.511s][info][gc,heap     ] GC(45) y: Soft Max Capacity: 2000M(100%)
[2026-04-03T02:45:51.003+0600][63.511s][info][gc,heap     ] GC(45) y: Heap Statistics:
[2026-04-03T02:45:51.003+0600][63.511s][info][gc,heap     ] GC(45) y:                Mark Start          Mark End        Relocate Start      Relocate End           High               Low         
[2026-04-03T02:45:51.003+0600][63.511s][info][gc,heap     ] GC(45) y:  Capacity:     2000M (100%)       2000M (100%)       2000M (100%)       2000M (100%)       2000M (100%)       2000M (100%)   
[2026-04-03T02:45:51.003+0600][63.511s][info][gc,heap     ] GC(45) y:      Free:      580M (29%)         524M (26%)        1196M (60%)        1706M (85%)        1706M (85%)         524M (26%)    
[2026-04-03T02:45:51.003+0600][63.511s][info][gc,heap     ] GC(45) y:      Used:     1420M (71%)        1476M (74%)         804M (40%)         294M (15%)        1476M (74%)         294M (15%)    
[2026-04-03T02:45:51.003+0600][63.511s][info][gc,heap     ] GC(45) y: Young Generation Statistics:
[2026-04-03T02:45:51.003+0600][63.511s][info][gc,heap     ] GC(45) y:                Mark Start          Mark End        Relocate Start      Relocate End    
[2026-04-03T02:45:51.003+0600][63.511s][info][gc,heap     ] GC(45) y:      Used:     1210M (60%)        1266M (63%)         594M (30%)          84M (4%)     
[2026-04-03T02:45:51.003+0600][63.511s][info][gc,heap     ] GC(45) y:      Live:         -                16M (1%)           16M (1%)           16M (1%)     
[2026-04-03T02:45:51.003+0600][63.511s][info][gc,heap     ] GC(45) y:   Garbage:         -              1193M (60%)         521M (26%)           2M (0%)     
[2026-04-03T02:45:51.003+0600][63.511s][info][gc,heap     ] GC(45) y: Allocated:         -                56M (3%)           56M (3%)           65M (3%)     
[2026-04-03T02:45:51.003+0600][63.511s][info][gc,heap     ] GC(45) y: Reclaimed:         -                  -               672M (34%)        1191M (60%)    
[2026-04-03T02:45:51.003+0600][63.511s][info][gc,heap     ] GC(45) y:  Promoted:         -                  -                 0M (0%)            0M (0%)     
[2026-04-03T02:45:51.003+0600][63.511s][info][gc,heap     ] GC(45) y: Compacted:         -                  -                  -                 4M (0%)     
[2026-04-03T02:45:51.003+0600][63.511s][info][gc,phases   ] GC(45) y: Young Generation 1420M(71%)->294M(15%) 0.058s
[2026-04-03T02:45:51.003+0600][63.511s][info][gc          ] GC(45) Minor Collection (Allocation Rate) 1420M(71%)->294M(15%) 0.059s
[2026-04-03T02:45:52.771+0600][65.280s][info][gc          ] GC(46) Minor Collection (Allocation Rate)
[2026-04-03T02:45:52.771+0600][65.280s][info][gc,task     ] GC(46) Using 1 Workers for Young Generation
[2026-04-03T02:45:52.771+0600][65.280s][info][gc,phases   ] GC(46) y: Young Generation
[2026-04-03T02:45:52.772+0600][65.280s][info][gc,phases   ] GC(46) y: Pause Mark Start 0.031ms
[2026-04-03T02:45:52.838+0600][65.346s][info][gc,task     ] Adjusting Workers for Young Generation: 1 -> 3
[2026-04-03T02:45:52.849+0600][65.358s][info][gc,phases   ] GC(46) y: Concurrent Mark 77.307ms
[2026-04-03T02:45:52.849+0600][65.358s][info][gc,phases   ] GC(46) y: Pause Mark End 0.025ms
[2026-04-03T02:45:52.849+0600][65.358s][info][gc,phases   ] GC(46) y: Concurrent Mark Free 0.002ms
[2026-04-03T02:45:52.849+0600][65.358s][info][gc,phases   ] GC(46) y: Concurrent Reset Relocation Set 0.021ms
[2026-04-03T02:45:52.855+0600][65.364s][info][gc,reloc    ] GC(46) y: Using tenuring threshold: 7 (Computed)
[2026-04-03T02:45:52.856+0600][65.365s][info][gc,phases   ] GC(46) y: Concurrent Select Relocation Set 6.496ms
[2026-04-03T02:45:52.856+0600][65.365s][info][gc,phases   ] GC(46) y: Pause Relocate Start 0.019ms
[2026-04-03T02:45:52.863+0600][65.372s][info][gc,phases   ] GC(46) y: Concurrent Relocate 6.916ms
[2026-04-03T02:45:52.863+0600][65.372s][info][gc,alloc    ] GC(46) y:                         Mark Start        Mark End      Relocate Start    Relocate End   
[2026-04-03T02:45:52.863+0600][65.372s][info][gc,alloc    ] GC(46) y: Allocation Stalls:          0                0                0                0         
[2026-04-03T02:45:52.863+0600][65.372s][info][gc,load     ] GC(46) y: Load: 6.37 (53%) / 5.68 (47%) / 5.65 (47%)
[2026-04-03T02:45:52.863+0600][65.372s][info][gc,mmu      ] GC(46) y: MMU: 2ms/95.0%, 5ms/97.8%, 10ms/98.9%, 20ms/99.4%, 50ms/99.7%, 100ms/99.8%
[2026-04-03T02:45:52.863+0600][65.372s][info][gc,marking  ] GC(46) y: Mark: 1 stripe(s), 2 proactive flush(es), 1 terminate flush(es), 0 completion(s), 0 continuation(s) 
[2026-04-03T02:45:52.863+0600][65.372s][info][gc,marking  ] GC(46) y: Mark Stack Usage: 32M
[2026-04-03T02:45:52.863+0600][65.372s][info][gc,nmethod  ] GC(46) y: NMethods: 14653 registered, 2674 unregistered
[2026-04-03T02:45:52.863+0600][65.372s][info][gc,metaspace] GC(46) y: Metaspace: 128M used, 130M committed, 1152M reserved
[2026-04-03T02:45:52.863+0600][65.372s][info][gc,reloc    ] GC(46) y:                        Candidates     Selected     In-Place         Size        Empty    Relocated 
[2026-04-03T02:45:52.863+0600][65.372s][info][gc,reloc    ] GC(46) y: Small Pages:                  605          376            0        1210M         432M           8M 
[2026-04-03T02:45:52.863+0600][65.372s][info][gc,reloc    ] GC(46) y: Medium Pages:                   6            0            0         192M         192M           0M 
[2026-04-03T02:45:52.863+0600][65.372s][info][gc,reloc    ] GC(46) y: Large Pages:                   29            0            0         174M         174M           0M 
[2026-04-03T02:45:52.863+0600][65.372s][info][gc,reloc    ] GC(46) y: Forwarding Usage: 2M
[2026-04-03T02:45:52.863+0600][65.372s][info][gc,reloc    ] GC(46) y: Age Table:
[2026-04-03T02:45:52.863+0600][65.372s][info][gc,reloc    ] GC(46) y:                    Live             Garbage             Small              Medium             Large        
[2026-04-03T02:45:52.863+0600][65.372s][info][gc,reloc    ] GC(46) y: Eden               6M (0%)         1543M (77%)        592 / 371            6 / 0             29 / 0        
[2026-04-03T02:45:52.863+0600][65.372s][info][gc,reloc    ] GC(46) y: Survivor 1         3M (0%)            2M (0%)           3 / 1              0 / 0              0 / 0        
[2026-04-03T02:45:52.863+0600][65.372s][info][gc,reloc    ] GC(46) y: Survivor 2         1M (0%)            2M (0%)           2 / 1              0 / 0              0 / 0        
[2026-04-03T02:45:52.864+0600][65.372s][info][gc,reloc    ] GC(46) y: Survivor 3         3M (0%)            2M (0%)           3 / 1              0 / 0              0 / 0        
[2026-04-03T02:45:52.864+0600][65.372s][info][gc,reloc    ] GC(46) y: Survivor 4         2M (0%)            1M (0%)           2 / 1              0 / 0              0 / 0        
[2026-04-03T02:45:52.864+0600][65.372s][info][gc,reloc    ] GC(46) y: Survivor 5         2M (0%)            1M (0%)           2 / 1              0 / 0              0 / 0        
[2026-04-03T02:45:52.864+0600][65.372s][info][gc,reloc    ] GC(46) y: Survivor 6         1M (0%)            0M (0%)           1 / 0              0 / 0              0 / 0        
[2026-04-03T02:45:52.864+0600][65.372s][info][gc,heap     ] GC(46) y: Min Capacity: 8M(0%)
[2026-04-03T02:45:52.864+0600][65.372s][info][gc,heap     ] GC(46) y: Max Capacity: 2000M(100%)
[2026-04-03T02:45:52.864+0600][65.372s][info][gc,heap     ] GC(46) y: Soft Max Capacity: 2000M(100%)
[2026-04-03T02:45:52.864+0600][65.372s][info][gc,heap     ] GC(46) y: Heap Statistics:
[2026-04-03T02:45:52.864+0600][65.372s][info][gc,heap     ] GC(46) y:                Mark Start          Mark End        Relocate Start      Relocate End           High               Low         
[2026-04-03T02:45:52.864+0600][65.372s][info][gc,heap     ] GC(46) y:  Capacity:     2000M (100%)       2000M (100%)       2000M (100%)       2000M (100%)       2000M (100%)       2000M (100%)   
[2026-04-03T02:45:52.864+0600][65.372s][info][gc,heap     ] GC(46) y:      Free:      214M (11%)          58M (3%)          850M (42%)        1562M (78%)        1562M (78%)          58M (3%)     
[2026-04-03T02:45:52.864+0600][65.372s][info][gc,heap     ] GC(46) y:      Used:     1786M (89%)        1942M (97%)        1150M (57%)         438M (22%)        1942M (97%)         438M (22%)    
[2026-04-03T02:45:52.864+0600][65.372s][info][gc,heap     ] GC(46) y: Young Generation Statistics:
[2026-04-03T02:45:52.864+0600][65.372s][info][gc,heap     ] GC(46) y:                Mark Start          Mark End        Relocate Start      Relocate End    
[2026-04-03T02:45:52.864+0600][65.372s][info][gc,heap     ] GC(46) y:      Used:     1576M (79%)        1732M (87%)         940M (47%)         228M (11%)    
[2026-04-03T02:45:52.864+0600][65.372s][info][gc,heap     ] GC(46) y:      Live:         -                22M (1%)           22M (1%)           22M (1%)     
[2026-04-03T02:45:52.864+0600][65.372s][info][gc,heap     ] GC(46) y:   Garbage:         -              1553M (78%)         755M (38%)           1M (0%)     
[2026-04-03T02:45:52.864+0600][65.372s][info][gc,heap     ] GC(46) y: Allocated:         -               156M (8%)          162M (8%)          203M (10%)    
[2026-04-03T02:45:52.864+0600][65.372s][info][gc,heap     ] GC(46) y: Reclaimed:         -                  -               798M (40%)        1551M (78%)    
[2026-04-03T02:45:52.864+0600][65.372s][info][gc,heap     ] GC(46) y:  Promoted:         -                  -                 0M (0%)            0M (0%)     
[2026-04-03T02:45:52.864+0600][65.372s][info][gc,heap     ] GC(46) y: Compacted:         -                  -                  -                12M (1%)     
[2026-04-03T02:45:52.864+0600][65.372s][info][gc,phases   ] GC(46) y: Young Generation 1784M(89%)->438M(22%) 0.092s
[2026-04-03T02:45:52.864+0600][65.372s][info][gc          ] GC(46) Minor Collection (Allocation Rate) 1784M(89%)->438M(22%) 0.093s
[2026-04-03T02:45:53.145+0600][65.654s][info][gc          ] GC(47) Minor Collection (Allocation Rate)
[2026-04-03T02:45:53.145+0600][65.654s][info][gc,task     ] GC(47) Using 3 Workers for Young Generation
[2026-04-03T02:45:53.145+0600][65.654s][info][gc,phases   ] GC(47) y: Young Generation
[2026-04-03T02:45:53.145+0600][65.654s][info][gc,phases   ] GC(47) y: Pause Mark Start 0.022ms
[2026-04-03T02:45:53.179+0600][65.688s][info][gc,phases   ] GC(47) y: Concurrent Mark 33.804ms
[2026-04-03T02:45:53.180+0600][65.688s][info][gc,phases   ] GC(47) y: Pause Mark End 0.028ms
[2026-04-03T02:45:53.180+0600][65.688s][info][gc,phases   ] GC(47) y: Concurrent Mark Free 0.001ms
[2026-04-03T02:45:53.180+0600][65.689s][info][gc,phases   ] GC(47) y: Concurrent Reset Relocation Set 0.198ms
[2026-04-03T02:45:53.182+0600][65.691s][info][gc,reloc    ] GC(47) y: Using tenuring threshold: 7 (Computed)
[2026-04-03T02:45:53.183+0600][65.691s][info][gc,phases   ] GC(47) y: Concurrent Select Relocation Set 2.641ms
[2026-04-03T02:45:53.183+0600][65.692s][info][gc,phases   ] GC(47) y: Pause Relocate Start 0.016ms
[2026-04-03T02:45:53.187+0600][65.696s][info][gc,phases   ] GC(47) y: Concurrent Relocate 4.012ms
[2026-04-03T02:45:53.187+0600][65.696s][info][gc,alloc    ] GC(47) y:                         Mark Start        Mark End      Relocate Start    Relocate End   
[2026-04-03T02:45:53.187+0600][65.696s][info][gc,alloc    ] GC(47) y: Allocation Stalls:          0                0                0                0         
[2026-04-03T02:45:53.187+0600][65.696s][info][gc,load     ] GC(47) y: Load: 6.37 (53%) / 5.68 (47%) / 5.65 (47%)
[2026-04-03T02:45:53.187+0600][65.696s][info][gc,mmu      ] GC(47) y: MMU: 2ms/95.0%, 5ms/97.8%, 10ms/98.9%, 20ms/99.4%, 50ms/99.7%, 100ms/99.8%
[2026-04-03T02:45:53.187+0600][65.696s][info][gc,marking  ] GC(47) y: Mark: 2 stripe(s), 2 proactive flush(es), 1 terminate flush(es), 0 completion(s), 0 continuation(s) 
[2026-04-03T02:45:53.187+0600][65.696s][info][gc,marking  ] GC(47) y: Mark Stack Usage: 32M
[2026-04-03T02:45:53.187+0600][65.696s][info][gc,nmethod  ] GC(47) y: NMethods: 14664 registered, 2674 unregistered
[2026-04-03T02:45:53.187+0600][65.696s][info][gc,metaspace] GC(47) y: Metaspace: 128M used, 130M committed, 1152M reserved
[2026-04-03T02:45:53.187+0600][65.696s][info][gc,reloc    ] GC(47) y:                        Candidates     Selected     In-Place         Size        Empty    Relocated 
[2026-04-03T02:45:53.187+0600][65.696s][info][gc,reloc    ] GC(47) y: Small Pages:                  225           86            0         450M         246M           6M 
[2026-04-03T02:45:53.187+0600][65.696s][info][gc,reloc    ] GC(47) y: Medium Pages:                   2            0            0          64M          64M           0M 
[2026-04-03T02:45:53.187+0600][65.696s][info][gc,reloc    ] GC(47) y: Large Pages:                  129            0            0         774M         756M           0M 
[2026-04-03T02:45:53.187+0600][65.696s][info][gc,reloc    ] GC(47) y: Forwarding Usage: 0M
[2026-04-03T02:45:53.187+0600][65.696s][info][gc,reloc    ] GC(47) y: Age Table:
[2026-04-03T02:45:53.187+0600][65.696s][info][gc,reloc    ] GC(47) y:                    Live             Garbage             Small              Medium             Large        
[2026-04-03T02:45:53.187+0600][65.696s][info][gc,reloc    ] GC(47) y: Eden              23M (1%)         1204M (60%)        195 / 71             2 / 0            129 / 0        
[2026-04-03T02:45:53.187+0600][65.696s][info][gc,reloc    ] GC(47) y: Survivor 1         4M (0%)           13M (1%)           9 / 3              0 / 0              0 / 0        
[2026-04-03T02:45:53.187+0600][65.696s][info][gc,reloc    ] GC(47) y: Survivor 2         3M (0%)            4M (0%)           4 / 3              0 / 0              0 / 0        
[2026-04-03T02:45:53.187+0600][65.696s][info][gc,reloc    ] GC(47) y: Survivor 3         1M (0%)            4M (0%)           3 / 2              0 / 0              0 / 0        
[2026-04-03T02:45:53.187+0600][65.696s][info][gc,reloc    ] GC(47) y: Survivor 4         3M (0%)            2M (0%)           3 / 1              0 / 0              0 / 0        
[2026-04-03T02:45:53.187+0600][65.696s][info][gc,reloc    ] GC(47) y: Survivor 5         2M (0%)            7M (0%)           5 / 3              0 / 0              0 / 0        
[2026-04-03T02:45:53.187+0600][65.696s][info][gc,reloc    ] GC(47) y: Survivor 6         2M (0%)            1M (0%)           2 / 0              0 / 0              0 / 0        
[2026-04-03T02:45:53.187+0600][65.696s][info][gc,reloc    ] GC(47) y: Survivor 7         1M (0%)            6M (0%)           4 / 3              0 / 0              0 / 0        
[2026-04-03T02:45:53.187+0600][65.696s][info][gc,heap     ] GC(47) y: Min Capacity: 8M(0%)
[2026-04-03T02:45:53.187+0600][65.696s][info][gc,heap     ] GC(47) y: Max Capacity: 2000M(100%)
[2026-04-03T02:45:53.187+0600][65.696s][info][gc,heap     ] GC(47) y: Soft Max Capacity: 2000M(100%)
[2026-04-03T02:45:53.187+0600][65.696s][info][gc,heap     ] GC(47) y: Heap Statistics:
[2026-04-03T02:45:53.187+0600][65.696s][info][gc,heap     ] GC(47) y:                Mark Start          Mark End        Relocate Start      Relocate End           High               Low         
[2026-04-03T02:45:53.187+0600][65.696s][info][gc,heap     ] GC(47) y:  Capacity:     2000M (100%)       2000M (100%)       2000M (100%)       2000M (100%)       2000M (100%)       2000M (100%)   
[2026-04-03T02:45:53.187+0600][65.696s][info][gc,heap     ] GC(47) y:      Free:      502M (25%)         406M (20%)        1472M (74%)        1622M (81%)        1624M (81%)         406M (20%)    
[2026-04-03T02:45:53.187+0600][65.696s][info][gc,heap     ] GC(47) y:      Used:     1498M (75%)        1594M (80%)         528M (26%)         378M (19%)        1594M (80%)         376M (19%)    
[2026-04-03T02:45:53.187+0600][65.696s][info][gc,heap     ] GC(47) y: Young Generation Statistics:
[2026-04-03T02:45:53.187+0600][65.696s][info][gc,heap     ] GC(47) y:                Mark Start          Mark End        Relocate Start      Relocate End    
[2026-04-03T02:45:53.187+0600][65.696s][info][gc,heap     ] GC(47) y:      Used:     1288M (64%)        1384M (69%)         316M (16%)         162M (8%)     
[2026-04-03T02:45:53.187+0600][65.696s][info][gc,heap     ] GC(47) y:      Live:         -                43M (2%)           42M (2%)           42M (2%)     
[2026-04-03T02:45:53.188+0600][65.696s][info][gc,heap     ] GC(47) y:   Garbage:         -              1244M (62%)         177M (9%)            4M (0%)     
[2026-04-03T02:45:53.188+0600][65.696s][info][gc,heap     ] GC(47) y: Allocated:         -                96M (5%)           96M (5%)          115M (6%)     
[2026-04-03T02:45:53.188+0600][65.696s][info][gc,heap     ] GC(47) y: Reclaimed:         -                  -              1066M (53%)        1240M (62%)    
[2026-04-03T02:45:53.188+0600][65.696s][info][gc,heap     ] GC(47) y:  Promoted:         -                  -                 1M (0%)            1M (0%)     
[2026-04-03T02:45:53.188+0600][65.696s][info][gc,heap     ] GC(47) y: Compacted:         -                  -                  -                 8M (0%)     
[2026-04-03T02:45:53.188+0600][65.696s][info][gc,phases   ] GC(47) y: Young Generation 1498M(75%)->378M(19%) 0.042s
[2026-04-03T02:45:53.188+0600][65.696s][info][gc          ] GC(47) Minor Collection (Allocation Rate) 1498M(75%)->378M(19%) 0.043s
[2026-04-03T02:45:54.459+0600][66.968s][info][gc          ] GC(48) Minor Collection (Allocation Rate)
[2026-04-03T02:45:54.459+0600][66.968s][info][gc,task     ] GC(48) Using 2 Workers for Young Generation
[2026-04-03T02:45:54.459+0600][66.968s][info][gc,phases   ] GC(48) y: Young Generation
[2026-04-03T02:45:54.460+0600][66.968s][info][gc,phases   ] GC(48) y: Pause Mark Start 0.034ms
[2026-04-03T02:45:54.513+0600][67.021s][info][gc,phases   ] GC(48) y: Concurrent Mark 53.091ms
[2026-04-03T02:45:54.513+0600][67.022s][info][gc,phases   ] GC(48) y: Pause Mark End 0.023ms
[2026-04-03T02:45:54.513+0600][67.022s][info][gc,phases   ] GC(48) y: Concurrent Mark Free 0.001ms
[2026-04-03T02:45:54.513+0600][67.022s][info][gc,phases   ] GC(48) y: Concurrent Reset Relocation Set 0.012ms
[2026-04-03T02:45:54.515+0600][67.024s][info][gc,reloc    ] GC(48) y: Using tenuring threshold: 6 (Computed)
[2026-04-03T02:45:54.518+0600][67.026s][info][gc,phases   ] GC(48) y: Concurrent Select Relocation Set 4.766ms
[2026-04-03T02:45:54.518+0600][67.027s][info][gc,phases   ] GC(48) y: Pause Relocate Start 0.020ms
[2026-04-03T02:45:54.528+0600][67.036s][info][gc,phases   ] GC(48) y: Concurrent Relocate 9.675ms
[2026-04-03T02:45:54.528+0600][67.036s][info][gc,alloc    ] GC(48) y:                         Mark Start        Mark End      Relocate Start    Relocate End   
[2026-04-03T02:45:54.528+0600][67.036s][info][gc,alloc    ] GC(48) y: Allocation Stalls:          0                0                0                0         
[2026-04-03T02:45:54.528+0600][67.037s][info][gc,load     ] GC(48) y: Load: 6.37 (53%) / 5.68 (47%) / 5.65 (47%)
[2026-04-03T02:45:54.528+0600][67.037s][info][gc,mmu      ] GC(48) y: MMU: 2ms/95.0%, 5ms/97.8%, 10ms/98.9%, 20ms/99.4%, 50ms/99.7%, 100ms/99.8%
[2026-04-03T02:45:54.528+0600][67.037s][info][gc,marking  ] GC(48) y: Mark: 2 stripe(s), 2 proactive flush(es), 1 terminate flush(es), 0 completion(s), 0 continuation(s) 
[2026-04-03T02:45:54.528+0600][67.037s][info][gc,marking  ] GC(48) y: Mark Stack Usage: 32M
[2026-04-03T02:45:54.528+0600][67.037s][info][gc,nmethod  ] GC(48) y: NMethods: 14691 registered, 2674 unregistered
[2026-04-03T02:45:54.528+0600][67.037s][info][gc,metaspace] GC(48) y: Metaspace: 128M used, 130M committed, 1152M reserved
[2026-04-03T02:45:54.528+0600][67.037s][info][gc,reloc    ] GC(48) y:                        Candidates     Selected     In-Place         Size        Empty    Relocated 
[2026-04-03T02:45:54.528+0600][67.037s][info][gc,reloc    ] GC(48) y: Small Pages:                  419          262            0         838M         282M           9M 
[2026-04-03T02:45:54.528+0600][67.037s][info][gc,reloc    ] GC(48) y: Medium Pages:                   5            0            0         160M         160M           0M 
[2026-04-03T02:45:54.528+0600][67.037s][info][gc,reloc    ] GC(48) y: Large Pages:                   30            0            0         180M         180M           0M 
[2026-04-03T02:45:54.528+0600][67.037s][info][gc,reloc    ] GC(48) y: Forwarding Usage: 2M
[2026-04-03T02:45:54.528+0600][67.037s][info][gc,reloc    ] GC(48) y: Age Table:
[2026-04-03T02:45:54.528+0600][67.037s][info][gc,reloc    ] GC(48) y:                    Live             Garbage             Small              Medium             Large        
[2026-04-03T02:45:54.528+0600][67.037s][info][gc,reloc    ] GC(48) y: Eden               5M (0%)         1108M (55%)        396 / 252            5 / 0             27 / 0        
[2026-04-03T02:45:54.528+0600][67.037s][info][gc,reloc    ] GC(48) y: Survivor 1         1M (0%)           26M (1%)           5 / 3              0 / 0              3 / 0        
[2026-04-03T02:45:54.528+0600][67.037s][info][gc,reloc    ] GC(48) y: Survivor 2         4M (0%)            5M (0%)           5 / 1              0 / 0              0 / 0        
[2026-04-03T02:45:54.528+0600][67.037s][info][gc,reloc    ] GC(48) y: Survivor 3         3M (0%)            0M (0%)           2 / 0              0 / 0              0 / 0        
[2026-04-03T02:45:54.528+0600][67.037s][info][gc,reloc    ] GC(48) y: Survivor 4         1M (0%)            2M (0%)           2 / 1              0 / 0              0 / 0        
[2026-04-03T02:45:54.528+0600][67.037s][info][gc,reloc    ] GC(48) y: Survivor 5         3M (0%)            2M (0%)           3 / 1              0 / 0              0 / 0        
[2026-04-03T02:45:54.528+0600][67.037s][info][gc,reloc    ] GC(48) y: Survivor 6         2M (0%)            5M (0%)           4 / 3              0 / 0              0 / 0        
[2026-04-03T02:45:54.528+0600][67.037s][info][gc,reloc    ] GC(48) y: Survivor 7         2M (0%)            1M (0%)           2 / 1              0 / 0              0 / 0        
[2026-04-03T02:45:54.528+0600][67.037s][info][gc,heap     ] GC(48) y: Min Capacity: 8M(0%)
[2026-04-03T02:45:54.528+0600][67.037s][info][gc,heap     ] GC(48) y: Max Capacity: 2000M(100%)
[2026-04-03T02:45:54.528+0600][67.037s][info][gc,heap     ] GC(48) y: Soft Max Capacity: 2000M(100%)
[2026-04-03T02:45:54.528+0600][67.037s][info][gc,heap     ] GC(48) y: Heap Statistics:
[2026-04-03T02:45:54.528+0600][67.037s][info][gc,heap     ] GC(48) y:                Mark Start          Mark End        Relocate Start      Relocate End           High               Low         
[2026-04-03T02:45:54.528+0600][67.037s][info][gc,heap     ] GC(48) y:  Capacity:     2000M (100%)       2000M (100%)       2000M (100%)       2000M (100%)       2000M (100%)       2000M (100%)   
[2026-04-03T02:45:54.528+0600][67.037s][info][gc,heap     ] GC(48) y:      Free:      606M (30%)         548M (27%)        1166M (58%)        1668M (83%)        1668M (83%)         460M (23%)    
[2026-04-03T02:45:54.528+0600][67.037s][info][gc,heap     ] GC(48) y:      Used:     1394M (70%)        1452M (73%)         834M (42%)         332M (17%)        1540M (77%)         332M (17%)    
[2026-04-03T02:45:54.528+0600][67.037s][info][gc,heap     ] GC(48) y: Young Generation Statistics:
[2026-04-03T02:45:54.528+0600][67.037s][info][gc,heap     ] GC(48) y:                Mark Start          Mark End        Relocate Start      Relocate End    
[2026-04-03T02:45:54.528+0600][67.037s][info][gc,heap     ] GC(48) y:      Used:     1178M (59%)        1236M (62%)         614M (31%)         108M (5%)     
[2026-04-03T02:45:54.528+0600][67.037s][info][gc,heap     ] GC(48) y:      Live:         -                26M (1%)           23M (1%)           21M (1%)     
[2026-04-03T02:45:54.528+0600][67.037s][info][gc,heap     ] GC(48) y:   Garbage:         -              1151M (58%)         528M (26%)           2M (0%)     
[2026-04-03T02:45:54.528+0600][67.037s][info][gc,heap     ] GC(48) y: Allocated:         -                58M (3%)           62M (3%)           83M (4%)     
[2026-04-03T02:45:54.528+0600][67.037s][info][gc,heap     ] GC(48) y: Reclaimed:         -                  -               622M (31%)        1148M (57%)    
[2026-04-03T02:45:54.528+0600][67.037s][info][gc,heap     ] GC(48) y:  Promoted:         -                  -                 3M (0%)            5M (0%)     
[2026-04-03T02:45:54.528+0600][67.037s][info][gc,heap     ] GC(48) y: Compacted:         -                  -                  -                10M (1%)     
[2026-04-03T02:45:54.528+0600][67.037s][info][gc,phases   ] GC(48) y: Young Generation 1394M(70%)->332M(17%) 0.068s
[2026-04-03T02:45:54.528+0600][67.037s][info][gc          ] GC(48) Minor Collection (Allocation Rate) 1394M(70%)->332M(17%) 0.069s
[2026-04-03T02:45:55.246+0600][67.755s][info][gc          ] GC(49) Minor Collection (Allocation Rate)
[2026-04-03T02:45:55.247+0600][67.755s][info][gc,task     ] GC(49) Using 1 Workers for Young Generation
[2026-04-03T02:45:55.247+0600][67.755s][info][gc,phases   ] GC(49) y: Young Generation
[2026-04-03T02:45:55.247+0600][67.755s][info][gc,phases   ] GC(49) y: Pause Mark Start 0.021ms
[2026-04-03T02:45:55.328+0600][67.837s][info][gc,phases   ] GC(49) y: Concurrent Mark 80.992ms
[2026-04-03T02:45:55.328+0600][67.837s][info][gc,phases   ] GC(49) y: Pause Mark End 0.027ms
[2026-04-03T02:45:55.328+0600][67.837s][info][gc,phases   ] GC(49) y: Concurrent Mark Free 0.002ms
[2026-04-03T02:45:55.328+0600][67.837s][info][gc,phases   ] GC(49) y: Concurrent Reset Relocation Set 0.035ms
[2026-04-03T02:45:55.331+0600][67.840s][info][gc,reloc    ] GC(49) y: Using tenuring threshold: 5 (Computed)
[2026-04-03T02:45:55.334+0600][67.843s][info][gc,phases   ] GC(49) y: Concurrent Select Relocation Set 5.322ms
[2026-04-03T02:45:55.334+0600][67.843s][info][gc,phases   ] GC(49) y: Pause Relocate Start 0.015ms
[2026-04-03T02:45:55.349+0600][67.858s][info][gc,phases   ] GC(49) y: Concurrent Relocate 15.076ms
[2026-04-03T02:45:55.349+0600][67.858s][info][gc,alloc    ] GC(49) y:                         Mark Start        Mark End      Relocate Start    Relocate End   
[2026-04-03T02:45:55.349+0600][67.858s][info][gc,alloc    ] GC(49) y: Allocation Stalls:          0                0                0                0         
[2026-04-03T02:45:55.349+0600][67.858s][info][gc,load     ] GC(49) y: Load: 6.18 (52%) / 5.65 (47%) / 5.64 (47%)
[2026-04-03T02:45:55.349+0600][67.858s][info][gc,mmu      ] GC(49) y: MMU: 2ms/95.0%, 5ms/97.8%, 10ms/98.9%, 20ms/99.4%, 50ms/99.7%, 100ms/99.8%
[2026-04-03T02:45:55.349+0600][67.858s][info][gc,marking  ] GC(49) y: Mark: 1 stripe(s), 3 proactive flush(es), 1 terminate flush(es), 0 completion(s), 0 continuation(s) 
[2026-04-03T02:45:55.349+0600][67.858s][info][gc,marking  ] GC(49) y: Mark Stack Usage: 32M
[2026-04-03T02:45:55.349+0600][67.858s][info][gc,nmethod  ] GC(49) y: NMethods: 14746 registered, 2674 unregistered
[2026-04-03T02:45:55.349+0600][67.858s][info][gc,metaspace] GC(49) y: Metaspace: 128M used, 130M committed, 1152M reserved
[2026-04-03T02:45:55.349+0600][67.858s][info][gc,reloc    ] GC(49) y:                        Candidates     Selected     In-Place         Size        Empty    Relocated 
[2026-04-03T02:45:55.349+0600][67.858s][info][gc,reloc    ] GC(49) y: Small Pages:                  261          198            0         522M          98M           7M 
[2026-04-03T02:45:55.349+0600][67.858s][info][gc,reloc    ] GC(49) y: Medium Pages:                   3            0            0          96M          96M           0M 
[2026-04-03T02:45:55.349+0600][67.858s][info][gc,reloc    ] GC(49) y: Large Pages:                   10            0            0          60M          60M           0M 
[2026-04-03T02:45:55.349+0600][67.858s][info][gc,reloc    ] GC(49) y: Forwarding Usage: 1M
[2026-04-03T02:45:55.349+0600][67.858s][info][gc,reloc    ] GC(49) y: Age Table:
[2026-04-03T02:45:55.349+0600][67.858s][info][gc,reloc    ] GC(49) y:                    Live             Garbage             Small              Medium             Large        
[2026-04-03T02:45:55.349+0600][67.858s][info][gc,reloc    ] GC(49) y: Eden               4M (0%)          633M (32%)        241 / 190            3 / 0             10 / 0        
[2026-04-03T02:45:55.349+0600][67.858s][info][gc,reloc    ] GC(49) y: Survivor 1         3M (0%)            6M (0%)           5 / 4              0 / 0              0 / 0        
[2026-04-03T02:45:55.349+0600][67.858s][info][gc,reloc    ] GC(49) y: Survivor 2         1M (0%)            4M (0%)           3 / 2              0 / 0              0 / 0        
[2026-04-03T02:45:55.349+0600][67.858s][info][gc,reloc    ] GC(49) y: Survivor 3         4M (0%)            5M (0%)           5 / 1              0 / 0              0 / 0        
[2026-04-03T02:45:55.349+0600][67.858s][info][gc,reloc    ] GC(49) y: Survivor 4         3M (0%)            0M (0%)           2 / 0              0 / 0              0 / 0        
[2026-04-03T02:45:55.349+0600][67.858s][info][gc,reloc    ] GC(49) y: Survivor 5         1M (0%)            2M (0%)           2 / 1              0 / 0              0 / 0        
[2026-04-03T02:45:55.349+0600][67.858s][info][gc,reloc    ] GC(49) y: Survivor 6         3M (0%)            2M (0%)           3 / 0              0 / 0              0 / 0        
[2026-04-03T02:45:55.349+0600][67.858s][info][gc,heap     ] GC(49) y: Min Capacity: 8M(0%)
[2026-04-03T02:45:55.349+0600][67.858s][info][gc,heap     ] GC(49) y: Max Capacity: 2000M(100%)
[2026-04-03T02:45:55.349+0600][67.858s][info][gc,heap     ] GC(49) y: Soft Max Capacity: 2000M(100%)
[2026-04-03T02:45:55.349+0600][67.858s][info][gc,heap     ] GC(49) y: Heap Statistics:
[2026-04-03T02:45:55.349+0600][67.858s][info][gc,heap     ] GC(49) y:                Mark Start          Mark End        Relocate Start      Relocate End           High               Low         
[2026-04-03T02:45:55.350+0600][67.858s][info][gc,heap     ] GC(49) y:  Capacity:     2000M (100%)       2000M (100%)       2000M (100%)       2000M (100%)       2000M (100%)       2000M (100%)   
[2026-04-03T02:45:55.350+0600][67.858s][info][gc,heap     ] GC(49) y:      Free:     1098M (55%)         998M (50%)        1238M (62%)        1596M (80%)        1596M (80%)         992M (50%)    
[2026-04-03T02:45:55.350+0600][67.858s][info][gc,heap     ] GC(49) y:      Used:      902M (45%)        1002M (50%)         762M (38%)         404M (20%)        1008M (50%)         404M (20%)    
[2026-04-03T02:45:55.350+0600][67.858s][info][gc,heap     ] GC(49) y: Young Generation Statistics:
[2026-04-03T02:45:55.350+0600][67.858s][info][gc,heap     ] GC(49) y:                Mark Start          Mark End        Relocate Start      Relocate End    
[2026-04-03T02:45:55.350+0600][67.858s][info][gc,heap     ] GC(49) y:      Used:      678M (34%)         778M (39%)         532M (27%)         172M (9%)     
[2026-04-03T02:45:55.350+0600][67.858s][info][gc,heap     ] GC(49) y:      Live:         -                22M (1%)           17M (1%)           17M (1%)     
[2026-04-03T02:45:55.350+0600][67.858s][info][gc,heap     ] GC(49) y:   Garbage:         -               655M (33%)         400M (20%)           2M (0%)     
[2026-04-03T02:45:55.350+0600][67.858s][info][gc,heap     ] GC(49) y: Allocated:         -               100M (5%)          114M (6%)          151M (8%)     
[2026-04-03T02:45:55.350+0600][67.858s][info][gc,heap     ] GC(49) y: Reclaimed:         -                  -               254M (13%)         652M (33%)    
[2026-04-03T02:45:55.350+0600][67.858s][info][gc,heap     ] GC(49) y:  Promoted:         -                  -                 5M (0%)            5M (0%)     
[2026-04-03T02:45:55.350+0600][67.858s][info][gc,heap     ] GC(49) y: Compacted:         -                  -                  -                 8M (0%)     
[2026-04-03T02:45:55.350+0600][67.858s][info][gc,phases   ] GC(49) y: Young Generation 902M(45%)->404M(20%) 0.103s
[2026-04-03T02:45:55.350+0600][67.858s][info][gc          ] GC(49) Minor Collection (Allocation Rate) 902M(45%)->404M(20%) 0.103s
[2026-04-03T02:45:56.708+0600][69.217s][info][gc          ] GC(50) Minor Collection (Allocation Rate)
[2026-04-03T02:45:56.708+0600][69.217s][info][gc,task     ] GC(50) Using 1 Workers for Young Generation
[2026-04-03T02:45:56.708+0600][69.217s][info][gc,phases   ] GC(50) y: Young Generation
[2026-04-03T02:45:56.708+0600][69.217s][info][gc,phases   ] GC(50) y: Pause Mark Start 0.036ms
[2026-04-03T02:45:56.793+0600][69.302s][info][gc,phases   ] GC(50) y: Concurrent Mark 84.781ms
[2026-04-03T02:45:56.794+0600][69.302s][info][gc,phases   ] GC(50) y: Pause Mark End 0.022ms
[2026-04-03T02:45:56.794+0600][69.302s][info][gc,phases   ] GC(50) y: Concurrent Mark Free 0.002ms
[2026-04-03T02:45:56.794+0600][69.302s][info][gc,phases   ] GC(50) y: Concurrent Reset Relocation Set 0.025ms
[2026-04-03T02:45:56.796+0600][69.304s][info][gc,reloc    ] GC(50) y: Using tenuring threshold: 3 (Computed)
[2026-04-03T02:45:56.801+0600][69.310s][info][gc,phases   ] GC(50) y: Concurrent Select Relocation Set 7.625ms
[2026-04-03T02:45:56.802+0600][69.310s][info][gc,phases   ] GC(50) y: Pause Relocate Start 0.023ms
[2026-04-03T02:45:56.834+0600][69.342s][info][gc,phases   ] GC(50) y: Concurrent Relocate 31.827ms
[2026-04-03T02:45:56.834+0600][69.343s][info][gc,alloc    ] GC(50) y:                         Mark Start        Mark End      Relocate Start    Relocate End   
[2026-04-03T02:45:56.834+0600][69.343s][info][gc,alloc    ] GC(50) y: Allocation Stalls:          0                0                0                0         
[2026-04-03T02:45:56.834+0600][69.343s][info][gc,load     ] GC(50) y: Load: 6.18 (52%) / 5.65 (47%) / 5.64 (47%)
[2026-04-03T02:45:56.834+0600][69.343s][info][gc,mmu      ] GC(50) y: MMU: 2ms/95.0%, 5ms/97.8%, 10ms/98.9%, 20ms/99.4%, 50ms/99.7%, 100ms/99.8%
[2026-04-03T02:45:56.834+0600][69.343s][info][gc,marking  ] GC(50) y: Mark: 1 stripe(s), 2 proactive flush(es), 1 terminate flush(es), 0 completion(s), 0 continuation(s) 
[2026-04-03T02:45:56.834+0600][69.343s][info][gc,marking  ] GC(50) y: Mark Stack Usage: 32M
[2026-04-03T02:45:56.834+0600][69.343s][info][gc,nmethod  ] GC(50) y: NMethods: 14767 registered, 2674 unregistered
[2026-04-03T02:45:56.834+0600][69.343s][info][gc,metaspace] GC(50) y: Metaspace: 128M used, 130M committed, 1152M reserved
[2026-04-03T02:45:56.834+0600][69.343s][info][gc,reloc    ] GC(50) y:                        Candidates     Selected     In-Place         Size        Empty    Relocated 
[2026-04-03T02:45:56.834+0600][69.343s][info][gc,reloc    ] GC(50) y: Small Pages:                  499          278            0         998M         418M           8M 
[2026-04-03T02:45:56.834+0600][69.343s][info][gc,reloc    ] GC(50) y: Medium Pages:                   6            0            0         192M         192M           0M 
[2026-04-03T02:45:56.834+0600][69.343s][info][gc,reloc    ] GC(50) y: Large Pages:                   27            0            0         162M         162M           0M 
[2026-04-03T02:45:56.834+0600][69.343s][info][gc,reloc    ] GC(50) y: Forwarding Usage: 2M
[2026-04-03T02:45:56.834+0600][69.343s][info][gc,reloc    ] GC(50) y: Age Table:
[2026-04-03T02:45:56.834+0600][69.343s][info][gc,reloc    ] GC(50) y:                    Live             Garbage             Small              Medium             Large        
[2026-04-03T02:45:56.834+0600][69.343s][info][gc,reloc    ] GC(50) y: Eden               5M (0%)         1298M (65%)        475 / 263            6 / 0             27 / 0        
[2026-04-03T02:45:56.834+0600][69.343s][info][gc,reloc    ] GC(50) y: Survivor 1         2M (0%)            9M (0%)           6 / 4              0 / 0              0 / 0        
[2026-04-03T02:45:56.834+0600][69.343s][info][gc,reloc    ] GC(50) y: Survivor 2         3M (0%)           16M (1%)          10 / 9              0 / 0              0 / 0        
[2026-04-03T02:45:56.834+0600][69.343s][info][gc,reloc    ] GC(50) y: Survivor 3         1M (0%)            2M (0%)           2 / 1              0 / 0              0 / 0        
[2026-04-03T02:45:56.834+0600][69.343s][info][gc,reloc    ] GC(50) y: Survivor 4         4M (0%)            3M (0%)           4 / 1              0 / 0              0 / 0        
[2026-04-03T02:45:56.834+0600][69.343s][info][gc,reloc    ] GC(50) y: Survivor 5         3M (0%)            0M (0%)           2 / 0              0 / 0              0 / 0        
[2026-04-03T02:45:56.834+0600][69.343s][info][gc,heap     ] GC(50) y: Min Capacity: 8M(0%)
[2026-04-03T02:45:56.834+0600][69.343s][info][gc,heap     ] GC(50) y: Max Capacity: 2000M(100%)
[2026-04-03T02:45:56.834+0600][69.343s][info][gc,heap     ] GC(50) y: Soft Max Capacity: 2000M(100%)
[2026-04-03T02:45:56.834+0600][69.343s][info][gc,heap     ] GC(50) y: Heap Statistics:
[2026-04-03T02:45:56.834+0600][69.343s][info][gc,heap     ] GC(50) y:                Mark Start          Mark End        Relocate Start      Relocate End           High               Low         
[2026-04-03T02:45:56.834+0600][69.343s][info][gc,heap     ] GC(50) y:  Capacity:     2000M (100%)       2000M (100%)       2000M (100%)       2000M (100%)       2000M (100%)       2000M (100%)   
[2026-04-03T02:45:56.834+0600][69.343s][info][gc,heap     ] GC(50) y:      Free:      416M (21%)         252M (13%)        1012M (51%)        1496M (75%)        1536M (77%)         252M (13%)    
[2026-04-03T02:45:56.834+0600][69.343s][info][gc,heap     ] GC(50) y:      Used:     1584M (79%)        1748M (87%)         988M (49%)         504M (25%)        1748M (87%)         464M (23%)    
[2026-04-03T02:45:56.834+0600][69.343s][info][gc,heap     ] GC(50) y: Young Generation Statistics:
[2026-04-03T02:45:56.834+0600][69.343s][info][gc,heap     ] GC(50) y:                Mark Start          Mark End        Relocate Start      Relocate End    
[2026-04-03T02:45:56.834+0600][69.343s][info][gc,heap     ] GC(50) y:      Used:     1352M (68%)        1516M (76%)         748M (37%)         260M (13%)    
[2026-04-03T02:45:56.834+0600][69.343s][info][gc,heap     ] GC(50) y:      Live:         -                20M (1%)           14M (1%)           10M (1%)     
[2026-04-03T02:45:56.834+0600][69.343s][info][gc,heap     ] GC(50) y:   Garbage:         -              1331M (67%)         557M (28%)           0M (0%)     
[2026-04-03T02:45:56.834+0600][69.343s][info][gc,heap     ] GC(50) y: Allocated:         -               164M (8%)          176M (9%)          249M (12%)    
[2026-04-03T02:45:56.834+0600][69.343s][info][gc,heap     ] GC(50) y: Reclaimed:         -                  -               773M (39%)        1331M (67%)    
[2026-04-03T02:45:56.834+0600][69.343s][info][gc,heap     ] GC(50) y:  Promoted:         -                  -                 6M (0%)            9M (0%)     
[2026-04-03T02:45:56.834+0600][69.343s][info][gc,heap     ] GC(50) y: Compacted:         -                  -                  -                 8M (0%)     
[2026-04-03T02:45:56.834+0600][69.343s][info][gc,phases   ] GC(50) y: Young Generation 1584M(79%)->504M(25%) 0.126s
[2026-04-03T02:45:56.834+0600][69.343s][info][gc          ] GC(50) Minor Collection (Allocation Rate) 1584M(79%)->508M(25%) 0.126s
[2026-04-03T02:45:57.048+0600][69.557s][info][gc          ] GC(51) Minor Collection (Allocation Rate)
[2026-04-03T02:45:57.048+0600][69.557s][info][gc,task     ] GC(51) Using 1 Workers for Young Generation
[2026-04-03T02:45:57.048+0600][69.557s][info][gc,phases   ] GC(51) y: Young Generation
[2026-04-03T02:45:57.050+0600][69.558s][info][gc,phases   ] GC(51) y: Pause Mark Start 0.023ms
[2026-04-03T02:45:57.109+0600][69.618s][info][gc,phases   ] GC(51) y: Concurrent Mark 59.600ms
[2026-04-03T02:45:57.110+0600][69.618s][info][gc,phases   ] GC(51) y: Pause Mark End 0.029ms
[2026-04-03T02:45:57.110+0600][69.619s][info][gc,phases   ] GC(51) y: Concurrent Mark Free 0.003ms
[2026-04-03T02:45:57.110+0600][69.619s][info][gc,phases   ] GC(51) y: Concurrent Reset Relocation Set 0.042ms
[2026-04-03T02:45:57.113+0600][69.622s][info][gc,reloc    ] GC(51) y: Using tenuring threshold: 4 (Computed)
[2026-04-03T02:45:57.114+0600][69.622s][info][gc,phases   ] GC(51) y: Concurrent Select Relocation Set 3.178ms
[2026-04-03T02:45:57.114+0600][69.623s][info][gc,phases   ] GC(51) y: Pause Relocate Start 0.034ms
[2026-04-03T02:45:57.125+0600][69.634s][info][gc,phases   ] GC(51) y: Concurrent Relocate 10.954ms
[2026-04-03T02:45:57.125+0600][69.634s][info][gc,alloc    ] GC(51) y:                         Mark Start        Mark End      Relocate Start    Relocate End   
[2026-04-03T02:45:57.125+0600][69.634s][info][gc,alloc    ] GC(51) y: Allocation Stalls:          0                0                0                0         
[2026-04-03T02:45:57.125+0600][69.634s][info][gc,load     ] GC(51) y: Load: 6.18 (52%) / 5.65 (47%) / 5.64 (47%)
[2026-04-03T02:45:57.125+0600][69.634s][info][gc,mmu      ] GC(51) y: MMU: 2ms/95.0%, 5ms/97.8%, 10ms/98.9%, 20ms/99.4%, 50ms/99.7%, 100ms/99.8%
[2026-04-03T02:45:57.125+0600][69.634s][info][gc,marking  ] GC(51) y: Mark: 1 stripe(s), 2 proactive flush(es), 1 terminate flush(es), 0 completion(s), 0 continuation(s) 
[2026-04-03T02:45:57.125+0600][69.634s][info][gc,marking  ] GC(51) y: Mark Stack Usage: 32M
[2026-04-03T02:45:57.125+0600][69.634s][info][gc,nmethod  ] GC(51) y: NMethods: 14780 registered, 2674 unregistered
[2026-04-03T02:45:57.125+0600][69.634s][info][gc,metaspace] GC(51) y: Metaspace: 128M used, 130M committed, 1152M reserved
[2026-04-03T02:45:57.125+0600][69.634s][info][gc,reloc    ] GC(51) y:                        Candidates     Selected     In-Place         Size        Empty    Relocated 
[2026-04-03T02:45:57.125+0600][69.634s][info][gc,reloc    ] GC(51) y: Small Pages:                  201           68            0         402M         250M           6M 
[2026-04-03T02:45:57.125+0600][69.634s][info][gc,reloc    ] GC(51) y: Medium Pages:                   2            0            0          64M          64M           0M 
[2026-04-03T02:45:57.125+0600][69.634s][info][gc,reloc    ] GC(51) y: Large Pages:                  106            0            0         636M         612M           0M 
[2026-04-03T02:45:57.125+0600][69.634s][info][gc,reloc    ] GC(51) y: Forwarding Usage: 1M
[2026-04-03T02:45:57.125+0600][69.634s][info][gc,reloc    ] GC(51) y: Age Table:
[2026-04-03T02:45:57.125+0600][69.634s][info][gc,reloc    ] GC(51) y:                    Live             Garbage             Small              Medium             Large        
[2026-04-03T02:45:57.125+0600][69.634s][info][gc,reloc    ] GC(51) y: Eden              29M (1%)         1058M (53%)        194 / 65             2 / 0            106 / 0        
[2026-04-03T02:45:57.125+0600][69.634s][info][gc,reloc    ] GC(51) y: Survivor 1         4M (0%)            1M (0%)           3 / 1              0 / 0              0 / 0        
[2026-04-03T02:45:57.125+0600][69.634s][info][gc,reloc    ] GC(51) y: Survivor 2         2M (0%)            1M (0%)           2 / 1              0 / 0              0 / 0        
[2026-04-03T02:45:57.125+0600][69.634s][info][gc,reloc    ] GC(51) y: Survivor 3         3M (0%)            0M (0%)           2 / 1              0 / 0              0 / 0        
[2026-04-03T02:45:57.125+0600][69.634s][info][gc,heap     ] GC(51) y: Min Capacity: 8M(0%)
[2026-04-03T02:45:57.125+0600][69.634s][info][gc,heap     ] GC(51) y: Max Capacity: 2000M(100%)
[2026-04-03T02:45:57.125+0600][69.634s][info][gc,heap     ] GC(51) y: Soft Max Capacity: 2000M(100%)
[2026-04-03T02:45:57.125+0600][69.634s][info][gc,heap     ] GC(51) y: Heap Statistics:
[2026-04-03T02:45:57.125+0600][69.634s][info][gc,heap     ] GC(51) y:                Mark Start          Mark End        Relocate Start      Relocate End           High               Low         
[2026-04-03T02:45:57.125+0600][69.634s][info][gc,heap     ] GC(51) y:  Capacity:     2000M (100%)       2000M (100%)       2000M (100%)       2000M (100%)       2000M (100%)       2000M (100%)   
[2026-04-03T02:45:57.125+0600][69.634s][info][gc,heap     ] GC(51) y:      Free:      654M (33%)         378M (19%)        1298M (65%)        1422M (71%)        1424M (71%)         376M (19%)    
[2026-04-03T02:45:57.125+0600][69.634s][info][gc,heap     ] GC(51) y:      Used:     1346M (67%)        1622M (81%)         702M (35%)         578M (29%)        1624M (81%)         576M (29%)    
[2026-04-03T02:45:57.125+0600][69.634s][info][gc,heap     ] GC(51) y: Young Generation Statistics:
[2026-04-03T02:45:57.125+0600][69.634s][info][gc,heap     ] GC(51) y:                Mark Start          Mark End        Relocate Start      Relocate End    
[2026-04-03T02:45:57.125+0600][69.634s][info][gc,heap     ] GC(51) y:      Used:     1102M (55%)        1378M (69%)         458M (23%)         334M (17%)    
[2026-04-03T02:45:57.125+0600][69.634s][info][gc,heap     ] GC(51) y:      Live:         -                38M (2%)           38M (2%)           38M (2%)     
[2026-04-03T02:45:57.125+0600][69.634s][info][gc,heap     ] GC(51) y:   Garbage:         -              1063M (53%)         137M (7%)            0M (0%)     
[2026-04-03T02:45:57.125+0600][69.634s][info][gc,heap     ] GC(51) y: Allocated:         -               276M (14%)         282M (14%)         295M (15%)    
[2026-04-03T02:45:57.125+0600][69.634s][info][gc,heap     ] GC(51) y: Reclaimed:         -                  -               926M (46%)        1063M (53%)    
[2026-04-03T02:45:57.125+0600][69.634s][info][gc,heap     ] GC(51) y:  Promoted:         -                  -                 0M (0%)            0M (0%)     
[2026-04-03T02:45:57.125+0600][69.634s][info][gc,heap     ] GC(51) y: Compacted:         -                  -                  -                10M (1%)     
[2026-04-03T02:45:57.125+0600][69.634s][info][gc,phases   ] GC(51) y: Young Generation 1340M(67%)->578M(29%) 0.077s
[2026-04-03T02:45:57.125+0600][69.634s][info][gc          ] GC(51) Minor Collection (Allocation Rate) 1340M(67%)->578M(29%) 0.077s
[2026-04-03T02:45:57.344+0600][69.853s][info][gc          ] GC(52) Minor Collection (Allocation Rate)
[2026-04-03T02:45:57.344+0600][69.853s][info][gc,task     ] GC(52) Using 1 Workers for Young Generation
[2026-04-03T02:45:57.344+0600][69.853s][info][gc,phases   ] GC(52) y: Young Generation
[2026-04-03T02:45:57.344+0600][69.853s][info][gc,phases   ] GC(52) y: Pause Mark Start 0.012ms
[2026-04-03T02:45:57.380+0600][69.888s][info][gc,phases   ] GC(52) y: Concurrent Mark 35.469ms
[2026-04-03T02:45:57.380+0600][69.888s][info][gc,phases   ] GC(52) y: Pause Mark End 0.016ms
[2026-04-03T02:45:57.380+0600][69.889s][info][gc,phases   ] GC(52) y: Concurrent Mark Free 0.001ms
[2026-04-03T02:45:57.380+0600][69.889s][info][gc,phases   ] GC(52) y: Concurrent Reset Relocation Set 0.005ms
[2026-04-03T02:45:57.381+0600][69.890s][info][gc,reloc    ] GC(52) y: Using tenuring threshold: 5 (Computed)
[2026-04-03T02:45:57.382+0600][69.890s][info][gc,phases   ] GC(52) y: Concurrent Select Relocation Set 1.757ms
[2026-04-03T02:45:57.382+0600][69.891s][info][gc,phases   ] GC(52) y: Pause Relocate Start 0.012ms
[2026-04-03T02:45:57.384+0600][69.893s][info][gc,phases   ] GC(52) y: Concurrent Relocate 2.513ms
[2026-04-03T02:45:57.384+0600][69.893s][info][gc,alloc    ] GC(52) y:                         Mark Start        Mark End      Relocate Start    Relocate End   
[2026-04-03T02:45:57.384+0600][69.893s][info][gc,alloc    ] GC(52) y: Allocation Stalls:          0                0                0                0         
[2026-04-03T02:45:57.384+0600][69.893s][info][gc,load     ] GC(52) y: Load: 6.18 (52%) / 5.65 (47%) / 5.64 (47%)
[2026-04-03T02:45:57.384+0600][69.893s][info][gc,mmu      ] GC(52) y: MMU: 2ms/95.0%, 5ms/97.8%, 10ms/98.9%, 20ms/99.4%, 50ms/99.7%, 100ms/99.8%
[2026-04-03T02:45:57.384+0600][69.893s][info][gc,marking  ] GC(52) y: Mark: 1 stripe(s), 2 proactive flush(es), 1 terminate flush(es), 0 completion(s), 0 continuation(s) 
[2026-04-03T02:45:57.384+0600][69.893s][info][gc,marking  ] GC(52) y: Mark Stack Usage: 32M
[2026-04-03T02:45:57.384+0600][69.893s][info][gc,nmethod  ] GC(52) y: NMethods: 14805 registered, 2674 unregistered
[2026-04-03T02:45:57.384+0600][69.893s][info][gc,metaspace] GC(52) y: Metaspace: 128M used, 130M committed, 1152M reserved
[2026-04-03T02:45:57.384+0600][69.893s][info][gc,reloc    ] GC(52) y:                        Candidates     Selected     In-Place         Size        Empty    Relocated 
[2026-04-03T02:45:57.384+0600][69.893s][info][gc,reloc    ] GC(52) y: Small Pages:                   97           79            0         194M          22M           3M 
[2026-04-03T02:45:57.385+0600][69.893s][info][gc,reloc    ] GC(52) y: Medium Pages:                   2            0            0          64M          64M           0M 
[2026-04-03T02:45:57.385+0600][69.893s][info][gc,reloc    ] GC(52) y: Large Pages:                   39            0            0         234M         234M           0M 
[2026-04-03T02:45:57.385+0600][69.893s][info][gc,reloc    ] GC(52) y: Forwarding Usage: 0M
[2026-04-03T02:45:57.385+0600][69.893s][info][gc,reloc    ] GC(52) y: Age Table:
[2026-04-03T02:45:57.385+0600][69.893s][info][gc,reloc    ] GC(52) y:                    Live             Garbage             Small              Medium             Large        
[2026-04-03T02:45:57.385+0600][69.893s][info][gc,reloc    ] GC(52) y: Eden               1M (0%)          440M (22%)         84 / 73             2 / 0             35 / 0        
[2026-04-03T02:45:57.385+0600][69.893s][info][gc,reloc    ] GC(52) y: Survivor 1         1M (0%)           32M (2%)           5 / 2              0 / 0              4 / 0        
[2026-04-03T02:45:57.385+0600][69.893s][info][gc,reloc    ] GC(52) y: Survivor 2         4M (0%)            3M (0%)           4 / 2              0 / 0              0 / 0        
[2026-04-03T02:45:57.385+0600][69.893s][info][gc,reloc    ] GC(52) y: Survivor 3         2M (0%)            1M (0%)           2 / 1              0 / 0              0 / 0        
[2026-04-03T02:45:57.385+0600][69.893s][info][gc,reloc    ] GC(52) y: Survivor 4         3M (0%)            0M (0%)           2 / 1              0 / 0              0 / 0        
[2026-04-03T02:45:57.385+0600][69.893s][info][gc,heap     ] GC(52) y: Min Capacity: 8M(0%)
[2026-04-03T02:45:57.385+0600][69.893s][info][gc,heap     ] GC(52) y: Max Capacity: 2000M(100%)
[2026-04-03T02:45:57.385+0600][69.893s][info][gc,heap     ] GC(52) y: Soft Max Capacity: 2000M(100%)
[2026-04-03T02:45:57.385+0600][69.893s][info][gc,heap     ] GC(52) y: Heap Statistics:
[2026-04-03T02:45:57.385+0600][69.893s][info][gc,heap     ] GC(52) y:                Mark Start          Mark End        Relocate Start      Relocate End           High               Low         
[2026-04-03T02:45:57.385+0600][69.893s][info][gc,heap     ] GC(52) y:  Capacity:     2000M (100%)       2000M (100%)       2000M (100%)       2000M (100%)       2000M (100%)       2000M (100%)   
[2026-04-03T02:45:57.385+0600][69.893s][info][gc,heap     ] GC(52) y:      Free:     1264M (63%)        1244M (62%)        1562M (78%)        1710M (86%)        1710M (86%)        1242M (62%)    
[2026-04-03T02:45:57.385+0600][69.893s][info][gc,heap     ] GC(52) y:      Used:      736M (37%)         756M (38%)         438M (22%)         290M (14%)         758M (38%)         290M (14%)    
[2026-04-03T02:45:57.385+0600][69.893s][info][gc,heap     ] GC(52) y: Young Generation Statistics:
[2026-04-03T02:45:57.385+0600][69.893s][info][gc,heap     ] GC(52) y:                Mark Start          Mark End        Relocate Start      Relocate End    
[2026-04-03T02:45:57.385+0600][69.893s][info][gc,heap     ] GC(52) y:      Used:      492M (25%)         512M (26%)         194M (10%)          46M (2%)     
[2026-04-03T02:45:57.385+0600][69.893s][info][gc,heap     ] GC(52) y:      Live:         -                12M (1%)           12M (1%)           12M (1%)     
[2026-04-03T02:45:57.385+0600][69.893s][info][gc,heap     ] GC(52) y:   Garbage:         -               479M (24%)         159M (8%)            0M (0%)     
[2026-04-03T02:45:57.385+0600][69.893s][info][gc,heap     ] GC(52) y: Allocated:         -                20M (1%)           22M (1%)           32M (2%)     
[2026-04-03T02:45:57.385+0600][69.893s][info][gc,heap     ] GC(52) y: Reclaimed:         -                  -               320M (16%)         478M (24%)    
[2026-04-03T02:45:57.385+0600][69.893s][info][gc,heap     ] GC(52) y:  Promoted:         -                  -                 0M (0%)            0M (0%)     
[2026-04-03T02:45:57.385+0600][69.893s][info][gc,heap     ] GC(52) y: Compacted:         -                  -                  -                 3M (0%)     
[2026-04-03T02:45:57.385+0600][69.893s][info][gc,phases   ] GC(52) y: Young Generation 736M(37%)->290M(14%) 0.040s
[2026-04-03T02:45:57.385+0600][69.893s][info][gc          ] GC(52) Minor Collection (Allocation Rate) 736M(37%)->290M(14%) 0.041s
[2026-04-03T02:45:58.504+0600][71.013s][info][gc          ] GC(53) Minor Collection (Allocation Rate)
[2026-04-03T02:45:58.504+0600][71.013s][info][gc,task     ] GC(53) Using 1 Workers for Young Generation
[2026-04-03T02:45:58.504+0600][71.013s][info][gc,phases   ] GC(53) y: Young Generation
[2026-04-03T02:45:58.504+0600][71.013s][info][gc,phases   ] GC(53) y: Pause Mark Start 0.020ms
[2026-04-03T02:45:58.569+0600][71.077s][info][gc,phases   ] GC(53) y: Concurrent Mark 64.312ms
[2026-04-03T02:45:58.569+0600][71.078s][info][gc,phases   ] GC(53) y: Pause Mark End 0.027ms
[2026-04-03T02:45:58.569+0600][71.078s][info][gc,phases   ] GC(53) y: Concurrent Mark Free 0.001ms
[2026-04-03T02:45:58.569+0600][71.078s][info][gc,phases   ] GC(53) y: Concurrent Reset Relocation Set 0.013ms
[2026-04-03T02:45:58.571+0600][71.080s][info][gc,reloc    ] GC(53) y: Using tenuring threshold: 4 (Computed)
[2026-04-03T02:45:58.574+0600][71.083s][info][gc,phases   ] GC(53) y: Concurrent Select Relocation Set 5.141ms
[2026-04-03T02:45:58.574+0600][71.083s][info][gc,phases   ] GC(53) y: Pause Relocate Start 0.018ms
[2026-04-03T02:45:58.584+0600][71.092s][info][gc,phases   ] GC(53) y: Concurrent Relocate 9.183ms
[2026-04-03T02:45:58.584+0600][71.092s][info][gc,alloc    ] GC(53) y:                         Mark Start        Mark End      Relocate Start    Relocate End   
[2026-04-03T02:45:58.584+0600][71.092s][info][gc,alloc    ] GC(53) y: Allocation Stalls:          0                0                0                0         
[2026-04-03T02:45:58.584+0600][71.092s][info][gc,load     ] GC(53) y: Load: 6.18 (52%) / 5.65 (47%) / 5.64 (47%)
[2026-04-03T02:45:58.584+0600][71.092s][info][gc,mmu      ] GC(53) y: MMU: 2ms/95.0%, 5ms/97.8%, 10ms/98.9%, 20ms/99.4%, 50ms/99.7%, 100ms/99.8%
[2026-04-03T02:45:58.584+0600][71.092s][info][gc,marking  ] GC(53) y: Mark: 1 stripe(s), 2 proactive flush(es), 1 terminate flush(es), 0 completion(s), 0 continuation(s) 
[2026-04-03T02:45:58.584+0600][71.092s][info][gc,marking  ] GC(53) y: Mark Stack Usage: 32M
[2026-04-03T02:45:58.584+0600][71.092s][info][gc,nmethod  ] GC(53) y: NMethods: 14821 registered, 2674 unregistered
[2026-04-03T02:45:58.584+0600][71.092s][info][gc,metaspace] GC(53) y: Metaspace: 128M used, 130M committed, 1152M reserved
[2026-04-03T02:45:58.584+0600][71.092s][info][gc,reloc    ] GC(53) y:                        Candidates     Selected     In-Place         Size        Empty    Relocated 
[2026-04-03T02:45:58.584+0600][71.092s][info][gc,reloc    ] GC(53) y: Small Pages:                  360          193            0         720M         316M           4M 
[2026-04-03T02:45:58.584+0600][71.092s][info][gc,reloc    ] GC(53) y: Medium Pages:                   5            0            0         160M         128M           0M 
[2026-04-03T02:45:58.584+0600][71.092s][info][gc,reloc    ] GC(53) y: Large Pages:                   16            0            0          96M          96M           0M 
[2026-04-03T02:45:58.584+0600][71.092s][info][gc,reloc    ] GC(53) y: Forwarding Usage: 1M
[2026-04-03T02:45:58.584+0600][71.092s][info][gc,reloc    ] GC(53) y: Age Table:
[2026-04-03T02:45:58.584+0600][71.092s][info][gc,reloc    ] GC(53) y:                    Live             Garbage             Small              Medium             Large        
[2026-04-03T02:45:58.584+0600][71.093s][info][gc,reloc    ] GC(53) y: Eden               4M (0%)          951M (48%)        350 / 190            5 / 0             16 / 0        
[2026-04-03T02:45:58.584+0600][71.093s][info][gc,reloc    ] GC(53) y: Survivor 1         1M (0%)            0M (0%)           1 / 0              0 / 0              0 / 0        
[2026-04-03T02:45:58.584+0600][71.093s][info][gc,reloc    ] GC(53) y: Survivor 2         1M (0%)            2M (0%)           2 / 0              0 / 0              0 / 0        
[2026-04-03T02:45:58.584+0600][71.093s][info][gc,reloc    ] GC(53) y: Survivor 3         4M (0%)            1M (0%)           3 / 1              0 / 0              0 / 0        
[2026-04-03T02:45:58.584+0600][71.093s][info][gc,reloc    ] GC(53) y: Survivor 4         2M (0%)            1M (0%)           2 / 1              0 / 0              0 / 0        
[2026-04-03T02:45:58.584+0600][71.093s][info][gc,reloc    ] GC(53) y: Survivor 5         3M (0%)            0M (0%)           2 / 1              0 / 0              0 / 0        
[2026-04-03T02:45:58.584+0600][71.093s][info][gc,heap     ] GC(53) y: Min Capacity: 8M(0%)
[2026-04-03T02:45:58.584+0600][71.093s][info][gc,heap     ] GC(53) y: Max Capacity: 2000M(100%)
[2026-04-03T02:45:58.584+0600][71.093s][info][gc,heap     ] GC(53) y: Soft Max Capacity: 2000M(100%)
[2026-04-03T02:45:58.584+0600][71.093s][info][gc,heap     ] GC(53) y: Heap Statistics:
[2026-04-03T02:45:58.584+0600][71.093s][info][gc,heap     ] GC(53) y:                Mark Start          Mark End        Relocate Start      Relocate End           High               Low         
[2026-04-03T02:45:58.584+0600][71.093s][info][gc,heap     ] GC(53) y:  Capacity:     2000M (100%)       2000M (100%)       2000M (100%)       2000M (100%)       2000M (100%)       2000M (100%)   
[2026-04-03T02:45:58.584+0600][71.093s][info][gc,heap     ] GC(53) y:      Free:      780M (39%)         702M (35%)        1242M (62%)        1620M (81%)        1624M (81%)         702M (35%)    
[2026-04-03T02:45:58.584+0600][71.093s][info][gc,heap     ] GC(53) y:      Used:     1220M (61%)        1298M (65%)         758M (38%)         380M (19%)        1298M (65%)         376M (19%)    
[2026-04-03T02:45:58.584+0600][71.093s][info][gc,heap     ] GC(53) y: Young Generation Statistics:
[2026-04-03T02:45:58.584+0600][71.093s][info][gc,heap     ] GC(53) y:                Mark Start          Mark End        Relocate Start      Relocate End    
[2026-04-03T02:45:58.584+0600][71.093s][info][gc,heap     ] GC(53) y:      Used:      976M (49%)        1054M (53%)         510M (26%)         130M (6%)     
[2026-04-03T02:45:58.584+0600][71.093s][info][gc,heap     ] GC(53) y:      Live:         -                16M (1%)           13M (1%)           11M (1%)     
[2026-04-03T02:45:58.584+0600][71.093s][info][gc,heap     ] GC(53) y:   Garbage:         -               959M (48%)         418M (21%)          31M (2%)     
[2026-04-03T02:45:58.584+0600][71.093s][info][gc,heap     ] GC(53) y: Allocated:         -                78M (4%)           78M (4%)           86M (4%)     
[2026-04-03T02:45:58.584+0600][71.093s][info][gc,heap     ] GC(53) y: Reclaimed:         -                  -               540M (27%)         927M (46%)    
[2026-04-03T02:45:58.584+0600][71.093s][info][gc,heap     ] GC(53) y:  Promoted:         -                  -                 3M (0%)            5M (0%)     
[2026-04-03T02:45:58.584+0600][71.093s][info][gc,heap     ] GC(53) y: Compacted:         -                  -                  -                 3M (0%)     
[2026-04-03T02:45:58.584+0600][71.093s][info][gc,phases   ] GC(53) y: Young Generation 1220M(61%)->380M(19%) 0.080s
[2026-04-03T02:45:58.584+0600][71.093s][info][gc          ] GC(53) Minor Collection (Allocation Rate) 1220M(61%)->380M(19%) 0.080s
[2026-04-03T02:45:59.297+0600][71.806s][info][gc          ] GC(54) Minor Collection (Allocation Rate)
[2026-04-03T02:45:59.297+0600][71.806s][info][gc,task     ] GC(54) Using 1 Workers for Young Generation
[2026-04-03T02:45:59.297+0600][71.806s][info][gc,phases   ] GC(54) y: Young Generation
[2026-04-03T02:45:59.298+0600][71.806s][info][gc,phases   ] GC(54) y: Pause Mark Start 0.021ms
[2026-04-03T02:45:59.355+0600][71.863s][info][gc,phases   ] GC(54) y: Concurrent Mark 56.741ms
[2026-04-03T02:45:59.355+0600][71.864s][info][gc,phases   ] GC(54) y: Pause Mark End 0.021ms
[2026-04-03T02:45:59.355+0600][71.864s][info][gc,phases   ] GC(54) y: Concurrent Mark Free 0.001ms
[2026-04-03T02:45:59.355+0600][71.864s][info][gc,phases   ] GC(54) y: Concurrent Reset Relocation Set 0.022ms
[2026-04-03T02:45:59.360+0600][71.868s][info][gc,reloc    ] GC(54) y: Using tenuring threshold: 2 (Computed)
[2026-04-03T02:45:59.363+0600][71.872s][info][gc,phases   ] GC(54) y: Concurrent Select Relocation Set 8.182ms
[2026-04-03T02:45:59.363+0600][71.872s][info][gc,phases   ] GC(54) y: Pause Relocate Start 0.016ms
[2026-04-03T02:45:59.375+0600][71.884s][info][gc,phases   ] GC(54) y: Concurrent Relocate 11.185ms
[2026-04-03T02:45:59.375+0600][71.884s][info][gc,alloc    ] GC(54) y:                         Mark Start        Mark End      Relocate Start    Relocate End   
[2026-04-03T02:45:59.375+0600][71.884s][info][gc,alloc    ] GC(54) y: Allocation Stalls:          0                0                0                0         
[2026-04-03T02:45:59.375+0600][71.884s][info][gc,load     ] GC(54) y: Load: 6.18 (52%) / 5.65 (47%) / 5.64 (47%)
[2026-04-03T02:45:59.375+0600][71.884s][info][gc,mmu      ] GC(54) y: MMU: 2ms/95.0%, 5ms/97.8%, 10ms/98.9%, 20ms/99.4%, 50ms/99.7%, 100ms/99.8%
[2026-04-03T02:45:59.375+0600][71.884s][info][gc,marking  ] GC(54) y: Mark: 1 stripe(s), 2 proactive flush(es), 1 terminate flush(es), 0 completion(s), 0 continuation(s) 
[2026-04-03T02:45:59.375+0600][71.884s][info][gc,marking  ] GC(54) y: Mark Stack Usage: 32M
[2026-04-03T02:45:59.375+0600][71.884s][info][gc,nmethod  ] GC(54) y: NMethods: 14848 registered, 2674 unregistered
[2026-04-03T02:45:59.375+0600][71.884s][info][gc,metaspace] GC(54) y: Metaspace: 128M used, 130M committed, 1152M reserved
[2026-04-03T02:45:59.375+0600][71.884s][info][gc,reloc    ] GC(54) y:                        Candidates     Selected     In-Place         Size        Empty    Relocated 
[2026-04-03T02:45:59.375+0600][71.884s][info][gc,reloc    ] GC(54) y: Small Pages:                  374          173            0         748M         382M           6M 
[2026-04-03T02:45:59.375+0600][71.884s][info][gc,reloc    ] GC(54) y: Medium Pages:                   4            0            0         128M         128M           0M 
[2026-04-03T02:45:59.375+0600][71.884s][info][gc,reloc    ] GC(54) y: Large Pages:                   45            0            0         270M         246M           0M 
[2026-04-03T02:45:59.375+0600][71.884s][info][gc,reloc    ] GC(54) y: Forwarding Usage: 1M
[2026-04-03T02:45:59.375+0600][71.884s][info][gc,reloc    ] GC(54) y: Age Table:
[2026-04-03T02:45:59.375+0600][71.884s][info][gc,reloc    ] GC(54) y:                    Live             Garbage             Small              Medium             Large        
[2026-04-03T02:45:59.375+0600][71.884s][info][gc,reloc    ] GC(54) y: Eden              30M (2%)         1067M (53%)        366 / 170            3 / 0             45 / 0        
[2026-04-03T02:45:59.375+0600][71.884s][info][gc,reloc    ] GC(54) y: Survivor 1         1M (0%)           34M (2%)           2 / 1              1 / 0              0 / 0        
[2026-04-03T02:45:59.375+0600][71.884s][info][gc,reloc    ] GC(54) y: Survivor 2         1M (0%)            0M (0%)           1 / 0              0 / 0              0 / 0        
[2026-04-03T02:45:59.375+0600][71.884s][info][gc,reloc    ] GC(54) y: Survivor 3         1M (0%)            2M (0%)           2 / 1              0 / 0              0 / 0        
[2026-04-03T02:45:59.375+0600][71.884s][info][gc,reloc    ] GC(54) y: Survivor 4         4M (0%)            1M (0%)           3 / 1              0 / 0              0 / 0        
[2026-04-03T02:45:59.375+0600][71.884s][info][gc,heap     ] GC(54) y: Min Capacity: 8M(0%)
[2026-04-03T02:45:59.375+0600][71.884s][info][gc,heap     ] GC(54) y: Max Capacity: 2000M(100%)
[2026-04-03T02:45:59.375+0600][71.884s][info][gc,heap     ] GC(54) y: Soft Max Capacity: 2000M(100%)
[2026-04-03T02:45:59.375+0600][71.884s][info][gc,heap     ] GC(54) y: Heap Statistics:
[2026-04-03T02:45:59.375+0600][71.884s][info][gc,heap     ] GC(54) y:                Mark Start          Mark End        Relocate Start      Relocate End           High               Low         
[2026-04-03T02:45:59.375+0600][71.884s][info][gc,heap     ] GC(54) y:  Capacity:     2000M (100%)       2000M (100%)       2000M (100%)       2000M (100%)       2000M (100%)       2000M (100%)   
[2026-04-03T02:45:59.375+0600][71.884s][info][gc,heap     ] GC(54) y:      Free:      604M (30%)         284M (14%)        1038M (52%)        1368M (68%)        1370M (68%)         284M (14%)    
[2026-04-03T02:45:59.375+0600][71.884s][info][gc,heap     ] GC(54) y:      Used:     1396M (70%)        1716M (86%)         962M (48%)         632M (32%)        1716M (86%)         630M (32%)    
[2026-04-03T02:45:59.375+0600][71.884s][info][gc,heap     ] GC(54) y: Young Generation Statistics:
[2026-04-03T02:45:59.375+0600][71.884s][info][gc,heap     ] GC(54) y:                Mark Start          Mark End        Relocate Start      Relocate End    
[2026-04-03T02:45:59.375+0600][71.884s][info][gc,heap     ] GC(54) y:      Used:     1146M (57%)        1466M (73%)         704M (35%)         372M (19%)    
[2026-04-03T02:45:59.375+0600][71.884s][info][gc,heap     ] GC(54) y:      Live:         -                40M (2%)           33M (2%)           32M (2%)     
[2026-04-03T02:45:59.375+0600][71.884s][info][gc,heap     ] GC(54) y:   Garbage:         -              1105M (55%)         348M (17%)           0M (0%)     
[2026-04-03T02:45:59.375+0600][71.884s][info][gc,heap     ] GC(54) y: Allocated:         -               320M (16%)         322M (16%)         338M (17%)    
[2026-04-03T02:45:59.375+0600][71.884s][info][gc,heap     ] GC(54) y: Reclaimed:         -                  -               756M (38%)        1105M (55%)    
[2026-04-03T02:45:59.375+0600][71.884s][info][gc,heap     ] GC(54) y:  Promoted:         -                  -                 7M (0%)            7M (0%)     
[2026-04-03T02:45:59.375+0600][71.884s][info][gc,heap     ] GC(54) y: Compacted:         -                  -                  -                 7M (0%)     
[2026-04-03T02:45:59.375+0600][71.884s][info][gc,phases   ] GC(54) y: Young Generation 1396M(70%)->632M(32%) 0.077s
[2026-04-03T02:45:59.375+0600][71.884s][info][gc          ] GC(54) Minor Collection (Allocation Rate) 1390M(70%)->632M(32%) 0.078s
[2026-04-03T02:45:59.472+0600][71.981s][info][gc          ] GC(55) Minor Collection (Allocation Rate)
[2026-04-03T02:45:59.472+0600][71.981s][info][gc,task     ] GC(55) Using 1 Workers for Young Generation
[2026-04-03T02:45:59.473+0600][71.981s][info][gc,phases   ] GC(55) y: Young Generation
[2026-04-03T02:45:59.473+0600][71.981s][info][gc,phases   ] GC(55) y: Pause Mark Start 0.026ms
[2026-04-03T02:45:59.537+0600][72.045s][info][gc,phases   ] GC(55) y: Concurrent Mark 63.569ms
[2026-04-03T02:45:59.537+0600][72.045s][info][gc,phases   ] GC(55) y: Pause Mark End 0.022ms
[2026-04-03T02:45:59.537+0600][72.045s][info][gc,phases   ] GC(55) y: Concurrent Mark Free 0.001ms
[2026-04-03T02:45:59.537+0600][72.046s][info][gc,phases   ] GC(55) y: Concurrent Reset Relocation Set 0.027ms
[2026-04-03T02:45:59.539+0600][72.048s][info][gc,reloc    ] GC(55) y: Using tenuring threshold: 3 (Computed)
[2026-04-03T02:45:59.540+0600][72.049s][info][gc,phases   ] GC(55) y: Concurrent Select Relocation Set 2.968ms
[2026-04-03T02:45:59.540+0600][72.049s][info][gc,phases   ] GC(55) y: Pause Relocate Start 0.014ms
[2026-04-03T02:45:59.544+0600][72.053s][info][gc,phases   ] GC(55) y: Concurrent Relocate 3.705ms
[2026-04-03T02:45:59.544+0600][72.053s][info][gc,alloc    ] GC(55) y:                         Mark Start        Mark End      Relocate Start    Relocate End   
[2026-04-03T02:45:59.544+0600][72.053s][info][gc,alloc    ] GC(55) y: Allocation Stalls:          0                0                0                0         
[2026-04-03T02:45:59.544+0600][72.053s][info][gc,load     ] GC(55) y: Load: 6.18 (52%) / 5.65 (47%) / 5.64 (47%)
[2026-04-03T02:45:59.544+0600][72.053s][info][gc,mmu      ] GC(55) y: MMU: 2ms/95.0%, 5ms/97.8%, 10ms/98.9%, 20ms/99.4%, 50ms/99.7%, 100ms/99.8%
[2026-04-03T02:45:59.544+0600][72.053s][info][gc,marking  ] GC(55) y: Mark: 1 stripe(s), 2 proactive flush(es), 1 terminate flush(es), 0 completion(s), 0 continuation(s) 
[2026-04-03T02:45:59.544+0600][72.053s][info][gc,marking  ] GC(55) y: Mark Stack Usage: 32M
[2026-04-03T02:45:59.544+0600][72.053s][info][gc,nmethod  ] GC(55) y: NMethods: 14854 registered, 2674 unregistered
[2026-04-03T02:45:59.544+0600][72.053s][info][gc,metaspace] GC(55) y: Metaspace: 128M used, 130M committed, 1152M reserved
[2026-04-03T02:45:59.544+0600][72.053s][info][gc,reloc    ] GC(55) y:                        Candidates     Selected     In-Place         Size        Empty    Relocated 
[2026-04-03T02:45:59.544+0600][72.053s][info][gc,reloc    ] GC(55) y: Small Pages:                   96           71            0         192M          38M           4M 
[2026-04-03T02:45:59.544+0600][72.053s][info][gc,reloc    ] GC(55) y: Medium Pages:                   2            0            0          64M          64M           0M 
[2026-04-03T02:45:59.544+0600][72.053s][info][gc,reloc    ] GC(55) y: Large Pages:                  109            0            0         654M         654M           0M 
[2026-04-03T02:45:59.544+0600][72.053s][info][gc,reloc    ] GC(55) y: Forwarding Usage: 0M
[2026-04-03T02:45:59.544+0600][72.053s][info][gc,reloc    ] GC(55) y: Age Table:
[2026-04-03T02:45:59.544+0600][72.053s][info][gc,reloc    ] GC(55) y:                    Live             Garbage             Small              Medium             Large        
[2026-04-03T02:45:59.544+0600][72.053s][info][gc,reloc    ] GC(55) y: Eden               3M (0%)          866M (43%)         88 / 66             2 / 0            105 / 0        
[2026-04-03T02:45:59.544+0600][72.053s][info][gc,reloc    ] GC(55) y: Survivor 1         3M (0%)           32M (2%)           6 / 4              0 / 0              4 / 0        
[2026-04-03T02:45:59.544+0600][72.053s][info][gc,reloc    ] GC(55) y: Survivor 2         1M (0%)            2M (0%)           2 / 1              0 / 0              0 / 0        
[2026-04-03T02:45:59.544+0600][72.053s][info][gc,heap     ] GC(55) y: Min Capacity: 8M(0%)
[2026-04-03T02:45:59.544+0600][72.053s][info][gc,heap     ] GC(55) y: Max Capacity: 2000M(100%)
[2026-04-03T02:45:59.544+0600][72.053s][info][gc,heap     ] GC(55) y: Soft Max Capacity: 2000M(100%)
[2026-04-03T02:45:59.544+0600][72.053s][info][gc,heap     ] GC(55) y: Heap Statistics:
[2026-04-03T02:45:59.544+0600][72.053s][info][gc,heap     ] GC(55) y:                Mark Start          Mark End        Relocate Start      Relocate End           High               Low         
[2026-04-03T02:45:59.544+0600][72.053s][info][gc,heap     ] GC(55) y:  Capacity:     2000M (100%)       2000M (100%)       2000M (100%)       2000M (100%)       2000M (100%)       2000M (100%)   
[2026-04-03T02:45:59.544+0600][72.053s][info][gc,heap     ] GC(55) y:      Free:      830M (42%)         770M (38%)        1520M (76%)        1660M (83%)        1660M (83%)         770M (38%)    
[2026-04-03T02:45:59.544+0600][72.053s][info][gc,heap     ] GC(55) y:      Used:     1170M (58%)        1230M (62%)         480M (24%)         340M (17%)        1230M (62%)         340M (17%)    
[2026-04-03T02:45:59.544+0600][72.053s][info][gc,heap     ] GC(55) y: Young Generation Statistics:
[2026-04-03T02:45:59.544+0600][72.053s][info][gc,heap     ] GC(55) y:                Mark Start          Mark End        Relocate Start      Relocate End    
[2026-04-03T02:45:59.544+0600][72.053s][info][gc,heap     ] GC(55) y:      Used:      910M (46%)         970M (48%)         220M (11%)          80M (4%)     
[2026-04-03T02:45:59.544+0600][72.053s][info][gc,heap     ] GC(55) y:      Live:         -                 9M (0%)            9M (0%)            9M (0%)     
[2026-04-03T02:45:59.544+0600][72.053s][info][gc,heap     ] GC(55) y:   Garbage:         -               900M (45%)         144M (7%)            1M (0%)     
[2026-04-03T02:45:59.544+0600][72.053s][info][gc,heap     ] GC(55) y: Allocated:         -                60M (3%)           66M (3%)           69M (3%)     
[2026-04-03T02:45:59.544+0600][72.053s][info][gc,heap     ] GC(55) y: Reclaimed:         -                  -               756M (38%)         899M (45%)    
[2026-04-03T02:45:59.544+0600][72.053s][info][gc,heap     ] GC(55) y:  Promoted:         -                  -                 0M (0%)            0M (0%)     
[2026-04-03T02:45:59.544+0600][72.053s][info][gc,heap     ] GC(55) y: Compacted:         -                  -                  -                 4M (0%)     
[2026-04-03T02:45:59.544+0600][72.053s][info][gc,phases   ] GC(55) y: Young Generation 1170M(58%)->340M(17%) 0.071s
[2026-04-03T02:45:59.544+0600][72.053s][info][gc          ] GC(55) Minor Collection (Allocation Rate) 1170M(58%)->340M(17%) 0.072s
[2026-04-03T02:46:00.880+0600][73.389s][info][gc          ] GC(56) Minor Collection (Allocation Rate)
[2026-04-03T02:46:00.880+0600][73.389s][info][gc,task     ] GC(56) Using 1 Workers for Young Generation
[2026-04-03T02:46:00.881+0600][73.389s][info][gc,phases   ] GC(56) y: Young Generation
[2026-04-03T02:46:00.881+0600][73.389s][info][gc,phases   ] GC(56) y: Pause Mark Start 0.027ms
[2026-04-03T02:46:00.932+0600][73.441s][info][gc,phases   ] GC(56) y: Concurrent Mark 51.322ms
[2026-04-03T02:46:00.932+0600][73.441s][info][gc,phases   ] GC(56) y: Pause Mark End 0.031ms
[2026-04-03T02:46:00.933+0600][73.441s][info][gc,phases   ] GC(56) y: Concurrent Mark Free 0.002ms
[2026-04-03T02:46:00.933+0600][73.441s][info][gc,phases   ] GC(56) y: Concurrent Reset Relocation Set 0.009ms
[2026-04-03T02:46:00.935+0600][73.444s][info][gc,reloc    ] GC(56) y: Using tenuring threshold: 4 (Computed)
[2026-04-03T02:46:00.936+0600][73.445s][info][gc,phases   ] GC(56) y: Concurrent Select Relocation Set 3.478ms
[2026-04-03T02:46:00.936+0600][73.445s][info][gc,phases   ] GC(56) y: Pause Relocate Start 0.022ms
[2026-04-03T02:46:00.953+0600][73.461s][info][gc,phases   ] GC(56) y: Concurrent Relocate 16.191ms
[2026-04-03T02:46:00.953+0600][73.462s][info][gc,alloc    ] GC(56) y:                         Mark Start        Mark End      Relocate Start    Relocate End   
[2026-04-03T02:46:00.953+0600][73.462s][info][gc,alloc    ] GC(56) y: Allocation Stalls:          0                0                0                0         
[2026-04-03T02:46:00.953+0600][73.462s][info][gc,load     ] GC(56) y: Load: 6.17 (51%) / 5.65 (47%) / 5.64 (47%)
[2026-04-03T02:46:00.953+0600][73.462s][info][gc,mmu      ] GC(56) y: MMU: 2ms/95.0%, 5ms/97.8%, 10ms/98.9%, 20ms/99.4%, 50ms/99.7%, 100ms/99.8%
[2026-04-03T02:46:00.953+0600][73.462s][info][gc,marking  ] GC(56) y: Mark: 1 stripe(s), 2 proactive flush(es), 1 terminate flush(es), 0 completion(s), 0 continuation(s) 
[2026-04-03T02:46:00.953+0600][73.462s][info][gc,marking  ] GC(56) y: Mark Stack Usage: 32M
[2026-04-03T02:46:00.953+0600][73.462s][info][gc,nmethod  ] GC(56) y: NMethods: 14889 registered, 2674 unregistered
[2026-04-03T02:46:00.953+0600][73.462s][info][gc,metaspace] GC(56) y: Metaspace: 128M used, 130M committed, 1152M reserved
[2026-04-03T02:46:00.953+0600][73.462s][info][gc,reloc    ] GC(56) y:                        Candidates     Selected     In-Place         Size        Empty    Relocated 
[2026-04-03T02:46:00.953+0600][73.462s][info][gc,reloc    ] GC(56) y: Small Pages:                  423          268            0         846M         296M           6M 
[2026-04-03T02:46:00.953+0600][73.462s][info][gc,reloc    ] GC(56) y: Medium Pages:                   6            0            0         192M         192M           0M 
[2026-04-03T02:46:00.953+0600][73.462s][info][gc,reloc    ] GC(56) y: Large Pages:                   21            0            0         126M         126M           0M 
[2026-04-03T02:46:00.953+0600][73.462s][info][gc,reloc    ] GC(56) y: Forwarding Usage: 1M
[2026-04-03T02:46:00.953+0600][73.462s][info][gc,reloc    ] GC(56) y: Age Table:
[2026-04-03T02:46:00.953+0600][73.462s][info][gc,reloc    ] GC(56) y:                    Live             Garbage             Small              Medium             Large        
[2026-04-03T02:46:00.953+0600][73.462s][info][gc,reloc    ] GC(56) y: Eden               4M (0%)         1145M (57%)        416 / 266            6 / 0             21 / 0        
[2026-04-03T02:46:00.953+0600][73.462s][info][gc,reloc    ] GC(56) y: Survivor 1         1M (0%)            2M (0%)           2 / 1              0 / 0              0 / 0        
[2026-04-03T02:46:00.953+0600][73.462s][info][gc,reloc    ] GC(56) y: Survivor 2         3M (0%)            2M (0%)           3 / 1              0 / 0              0 / 0        
[2026-04-03T02:46:00.953+0600][73.462s][info][gc,reloc    ] GC(56) y: Survivor 3         1M (0%)            2M (0%)           2 / 0              0 / 0              0 / 0        
[2026-04-03T02:46:00.953+0600][73.462s][info][gc,heap     ] GC(56) y: Min Capacity: 8M(0%)
[2026-04-03T02:46:00.953+0600][73.462s][info][gc,heap     ] GC(56) y: Max Capacity: 2000M(100%)
[2026-04-03T02:46:00.953+0600][73.462s][info][gc,heap     ] GC(56) y: Soft Max Capacity: 2000M(100%)
[2026-04-03T02:46:00.953+0600][73.462s][info][gc,heap     ] GC(56) y: Heap Statistics:
[2026-04-03T02:46:00.953+0600][73.462s][info][gc,heap     ] GC(56) y:                Mark Start          Mark End        Relocate Start      Relocate End           High               Low         
[2026-04-03T02:46:00.953+0600][73.462s][info][gc,heap     ] GC(56) y:  Capacity:     2000M (100%)       2000M (100%)       2000M (100%)       2000M (100%)       2000M (100%)       2000M (100%)   
[2026-04-03T02:46:00.953+0600][73.462s][info][gc,heap     ] GC(56) y:      Free:      576M (29%)         500M (25%)        1112M (56%)        1618M (81%)        1618M (81%)         500M (25%)    
[2026-04-03T02:46:00.953+0600][73.462s][info][gc,heap     ] GC(56) y:      Used:     1424M (71%)        1500M (75%)         888M (44%)         382M (19%)        1500M (75%)         382M (19%)    
[2026-04-03T02:46:00.953+0600][73.462s][info][gc,heap     ] GC(56) y: Young Generation Statistics:
[2026-04-03T02:46:00.953+0600][73.462s][info][gc,heap     ] GC(56) y:                Mark Start          Mark End        Relocate Start      Relocate End    
[2026-04-03T02:46:00.953+0600][73.462s][info][gc,heap     ] GC(56) y:      Used:     1164M (58%)        1240M (62%)         628M (31%)         122M (6%)     
[2026-04-03T02:46:00.953+0600][73.462s][info][gc,heap     ] GC(56) y:      Live:         -                12M (1%)           12M (1%)           12M (1%)     
[2026-04-03T02:46:00.953+0600][73.462s][info][gc,heap     ] GC(56) y:   Garbage:         -              1151M (58%)         537M (27%)           0M (0%)     
[2026-04-03T02:46:00.953+0600][73.462s][info][gc,heap     ] GC(56) y: Allocated:         -                76M (4%)           78M (4%)          109M (5%)     
[2026-04-03T02:46:00.953+0600][73.462s][info][gc,heap     ] GC(56) y: Reclaimed:         -                  -               614M (31%)        1151M (58%)    
[2026-04-03T02:46:00.953+0600][73.462s][info][gc,heap     ] GC(56) y:  Promoted:         -                  -                 0M (0%)            0M (0%)     
[2026-04-03T02:46:00.953+0600][73.462s][info][gc,heap     ] GC(56) y: Compacted:         -                  -                  -                10M (1%)     
[2026-04-03T02:46:00.953+0600][73.462s][info][gc,phases   ] GC(56) y: Young Generation 1424M(71%)->382M(19%) 0.072s
[2026-04-03T02:46:00.953+0600][73.462s][info][gc          ] GC(56) Minor Collection (Allocation Rate) 1424M(71%)->382M(19%) 0.073s
[2026-04-03T02:46:01.660+0600][74.169s][info][gc          ] GC(57) Minor Collection (Allocation Rate)
[2026-04-03T02:46:01.660+0600][74.169s][info][gc,task     ] GC(57) Using 1 Workers for Young Generation
[2026-04-03T02:46:01.660+0600][74.169s][info][gc,phases   ] GC(57) y: Young Generation
[2026-04-03T02:46:01.661+0600][74.169s][info][gc,phases   ] GC(57) y: Pause Mark Start 0.022ms
[2026-04-03T02:46:01.677+0600][74.186s][info][gc,task     ] Adjusting Workers for Young Generation: 1 -> 3
[2026-04-03T02:46:01.701+0600][74.210s][info][gc,phases   ] GC(57) y: Concurrent Mark 40.224ms
[2026-04-03T02:46:01.701+0600][74.210s][info][gc,phases   ] GC(57) y: Pause Mark End 0.023ms
[2026-04-03T02:46:01.702+0600][74.210s][info][gc,phases   ] GC(57) y: Concurrent Mark Free 0.002ms
[2026-04-03T02:46:01.702+0600][74.210s][info][gc,phases   ] GC(57) y: Concurrent Reset Relocation Set 0.028ms
[2026-04-03T02:46:01.702+0600][74.210s][info][gc          ] Allocation Stall (spark-listener-group-shared) 18.262ms
[2026-04-03T02:46:01.702+0600][74.210s][info][gc          ] Allocation Stall (Executor task launch worker for task 1.0 in stage 2744.0 (TID 5100)) 16.706ms
[2026-04-03T02:46:01.703+0600][74.212s][info][gc,reloc    ] GC(57) y: Using tenuring threshold: 3 (Computed)
[2026-04-03T02:46:01.705+0600][74.214s][info][gc,phases   ] GC(57) y: Concurrent Select Relocation Set 3.542ms
[2026-04-03T02:46:01.705+0600][74.214s][info][gc,phases   ] GC(57) y: Pause Relocate Start 0.017ms
[2026-04-03T02:46:01.711+0600][74.220s][info][gc,phases   ] GC(57) y: Concurrent Relocate 5.514ms
[2026-04-03T02:46:01.711+0600][74.220s][info][gc,alloc    ] GC(57) y:                         Mark Start        Mark End      Relocate Start    Relocate End   
[2026-04-03T02:46:01.711+0600][74.220s][info][gc,alloc    ] GC(57) y: Allocation Stalls:          0                2                0                0         
[2026-04-03T02:46:01.711+0600][74.220s][info][gc,load     ] GC(57) y: Load: 6.17 (51%) / 5.65 (47%) / 5.64 (47%)
[2026-04-03T02:46:01.711+0600][74.220s][info][gc,mmu      ] GC(57) y: MMU: 2ms/95.0%, 5ms/97.8%, 10ms/98.9%, 20ms/99.4%, 50ms/99.7%, 100ms/99.8%
[2026-04-03T02:46:01.711+0600][74.220s][info][gc,marking  ] GC(57) y: Mark: 1 stripe(s), 3 proactive flush(es), 1 terminate flush(es), 0 completion(s), 0 continuation(s) 
[2026-04-03T02:46:01.711+0600][74.220s][info][gc,marking  ] GC(57) y: Mark Stack Usage: 32M
[2026-04-03T02:46:01.711+0600][74.220s][info][gc,nmethod  ] GC(57) y: NMethods: 14901 registered, 2674 unregistered
[2026-04-03T02:46:01.711+0600][74.220s][info][gc,metaspace] GC(57) y: Metaspace: 128M used, 130M committed, 1152M reserved
[2026-04-03T02:46:01.711+0600][74.220s][info][gc,reloc    ] GC(57) y:                        Candidates     Selected     In-Place         Size        Empty    Relocated 
[2026-04-03T02:46:01.711+0600][74.220s][info][gc,reloc    ] GC(57) y: Small Pages:                  378          192            0         756M         352M           7M 
[2026-04-03T02:46:01.711+0600][74.220s][info][gc,reloc    ] GC(57) y: Medium Pages:                   3            0            0          96M          96M           0M 
[2026-04-03T02:46:01.711+0600][74.220s][info][gc,reloc    ] GC(57) y: Large Pages:                   97            0            0         582M         558M           0M 
[2026-04-03T02:46:01.711+0600][74.220s][info][gc,reloc    ] GC(57) y: Forwarding Usage: 1M
[2026-04-03T02:46:01.711+0600][74.220s][info][gc,reloc    ] GC(57) y: Age Table:
[2026-04-03T02:46:01.711+0600][74.220s][info][gc,reloc    ] GC(57) y:                    Live             Garbage             Small              Medium             Large        
[2026-04-03T02:46:01.711+0600][74.220s][info][gc,reloc    ] GC(57) y: Eden              30M (2%)         1365M (68%)        359 / 179            3 / 0             97 / 0        
[2026-04-03T02:46:01.711+0600][74.220s][info][gc,reloc    ] GC(57) y: Survivor 1         2M (0%)            9M (0%)           6 / 4              0 / 0              0 / 0        
[2026-04-03T02:46:01.711+0600][74.220s][info][gc,reloc    ] GC(57) y: Survivor 2         1M (0%)           14M (1%)           8 / 7              0 / 0              0 / 0        
[2026-04-03T02:46:01.711+0600][74.220s][info][gc,reloc    ] GC(57) y: Survivor 3         3M (0%)            2M (0%)           3 / 1              0 / 0              0 / 0        
[2026-04-03T02:46:01.711+0600][74.220s][info][gc,reloc    ] GC(57) y: Survivor 4         1M (0%)            2M (0%)           2 / 1              0 / 0              0 / 0        
[2026-04-03T02:46:01.711+0600][74.220s][info][gc,heap     ] GC(57) y: Min Capacity: 8M(0%)
[2026-04-03T02:46:01.711+0600][74.220s][info][gc,heap     ] GC(57) y: Max Capacity: 2000M(100%)
[2026-04-03T02:46:01.711+0600][74.220s][info][gc,heap     ] GC(57) y: Soft Max Capacity: 2000M(100%)
[2026-04-03T02:46:01.711+0600][74.220s][info][gc,heap     ] GC(57) y: Heap Statistics:
[2026-04-03T02:46:01.711+0600][74.220s][info][gc,heap     ] GC(57) y:                Mark Start          Mark End        Relocate Start      Relocate End           High               Low         
[2026-04-03T02:46:01.711+0600][74.220s][info][gc,heap     ] GC(57) y:  Capacity:     2000M (100%)       2000M (100%)       2000M (100%)       2000M (100%)       2000M (100%)       2000M (100%)   
[2026-04-03T02:46:01.711+0600][74.220s][info][gc,heap     ] GC(57) y:      Free:      306M (15%)           0M (0%)          998M (50%)        1342M (67%)        1356M (68%)           0M (0%)     
[2026-04-03T02:46:01.712+0600][74.220s][info][gc,heap     ] GC(57) y:      Used:     1694M (85%)        2000M (100%)       1002M (50%)         658M (33%)        2000M (100%)        644M (32%)    
[2026-04-03T02:46:01.712+0600][74.220s][info][gc,heap     ] GC(57) y: Young Generation Statistics:
[2026-04-03T02:46:01.712+0600][74.220s][info][gc,heap     ] GC(57) y:                Mark Start          Mark End        Relocate Start      Relocate End    
[2026-04-03T02:46:01.712+0600][74.220s][info][gc,heap     ] GC(57) y:      Used:     1434M (72%)        1740M (87%)         736M (37%)         388M (19%)    
[2026-04-03T02:46:01.712+0600][74.220s][info][gc,heap     ] GC(57) y:      Live:         -                40M (2%)           34M (2%)           34M (2%)     
[2026-04-03T02:46:01.712+0600][74.220s][info][gc,heap     ] GC(57) y:   Garbage:         -              1393M (70%)         387M (19%)           1M (0%)     
[2026-04-03T02:46:01.712+0600][74.220s][info][gc,heap     ] GC(57) y: Allocated:         -               306M (15%)         314M (16%)         351M (18%)    
[2026-04-03T02:46:01.712+0600][74.220s][info][gc,heap     ] GC(57) y: Reclaimed:         -                  -              1006M (50%)        1392M (70%)    
[2026-04-03T02:46:01.712+0600][74.220s][info][gc,heap     ] GC(57) y:  Promoted:         -                  -                 5M (0%)            5M (0%)     
[2026-04-03T02:46:01.712+0600][74.220s][info][gc,heap     ] GC(57) y: Compacted:         -                  -                  -                 8M (0%)     
[2026-04-03T02:46:01.712+0600][74.220s][info][gc,phases   ] GC(57) y: Young Generation 1694M(85%)->658M(33%) 0.051s
[2026-04-03T02:46:01.712+0600][74.220s][info][gc          ] GC(57) Minor Collection (Allocation Rate) 1688M(84%)->658M(33%) 0.051s
[2026-04-03T02:46:02.225+0600][74.734s][info][gc          ] GC(58) Minor Collection (Allocation Rate)
[2026-04-03T02:46:02.226+0600][74.734s][info][gc,task     ] GC(58) Using 1 Workers for Young Generation
[2026-04-03T02:46:02.226+0600][74.734s][info][gc,phases   ] GC(58) y: Young Generation
[2026-04-03T02:46:02.226+0600][74.735s][info][gc,phases   ] GC(58) y: Pause Mark Start 0.021ms
[2026-04-03T02:46:02.285+0600][74.794s][info][gc,phases   ] GC(58) y: Concurrent Mark 59.306ms
[2026-04-03T02:46:02.286+0600][74.794s][info][gc,phases   ] GC(58) y: Pause Mark End 0.024ms
[2026-04-03T02:46:02.286+0600][74.794s][info][gc,phases   ] GC(58) y: Concurrent Mark Free 0.002ms
[2026-04-03T02:46:02.286+0600][74.795s][info][gc,phases   ] GC(58) y: Concurrent Reset Relocation Set 0.035ms
[2026-04-03T02:46:02.288+0600][74.797s][info][gc,reloc    ] GC(58) y: Using tenuring threshold: 4 (Computed)
[2026-04-03T02:46:02.289+0600][74.797s][info][gc,phases   ] GC(58) y: Concurrent Select Relocation Set 2.600ms
[2026-04-03T02:46:02.289+0600][74.797s][info][gc,phases   ] GC(58) y: Pause Relocate Start 0.022ms
[2026-04-03T02:46:02.300+0600][74.809s][info][gc,phases   ] GC(58) y: Concurrent Relocate 11.413ms
[2026-04-03T02:46:02.300+0600][74.809s][info][gc,alloc    ] GC(58) y:                         Mark Start        Mark End      Relocate Start    Relocate End   
[2026-04-03T02:46:02.300+0600][74.809s][info][gc,alloc    ] GC(58) y: Allocation Stalls:          0                0                0                0         
[2026-04-03T02:46:02.301+0600][74.809s][info][gc,load     ] GC(58) y: Load: 6.17 (51%) / 5.65 (47%) / 5.64 (47%)
[2026-04-03T02:46:02.301+0600][74.809s][info][gc,mmu      ] GC(58) y: MMU: 2ms/95.0%, 5ms/97.8%, 10ms/98.9%, 20ms/99.4%, 50ms/99.7%, 100ms/99.8%
[2026-04-03T02:46:02.301+0600][74.809s][info][gc,marking  ] GC(58) y: Mark: 1 stripe(s), 2 proactive flush(es), 1 terminate flush(es), 0 completion(s), 0 continuation(s) 
[2026-04-03T02:46:02.301+0600][74.809s][info][gc,marking  ] GC(58) y: Mark Stack Usage: 32M
[2026-04-03T02:46:02.301+0600][74.809s][info][gc,nmethod  ] GC(58) y: NMethods: 14926 registered, 2674 unregistered
[2026-04-03T02:46:02.301+0600][74.809s][info][gc,metaspace] GC(58) y: Metaspace: 128M used, 130M committed, 1152M reserved
[2026-04-03T02:46:02.301+0600][74.809s][info][gc,reloc    ] GC(58) y:                        Candidates     Selected     In-Place         Size        Empty    Relocated 
[2026-04-03T02:46:02.301+0600][74.809s][info][gc,reloc    ] GC(58) y: Small Pages:                  195          163            0         390M          46M           8M 
[2026-04-03T02:46:02.301+0600][74.809s][info][gc,reloc    ] GC(58) y: Medium Pages:                   2            0            0          64M          64M           0M 
[2026-04-03T02:46:02.301+0600][74.809s][info][gc,reloc    ] GC(58) y: Large Pages:                   60            0            0         360M         360M           0M 
[2026-04-03T02:46:02.301+0600][74.809s][info][gc,reloc    ] GC(58) y: Forwarding Usage: 1M
[2026-04-03T02:46:02.301+0600][74.809s][info][gc,reloc    ] GC(58) y: Age Table:
[2026-04-03T02:46:02.301+0600][74.809s][info][gc,reloc    ] GC(58) y:                    Live             Garbage             Small              Medium             Large        
[2026-04-03T02:46:02.301+0600][74.809s][info][gc,reloc    ] GC(58) y: Eden               6M (0%)          759M (38%)        183 / 156            2 / 0             56 / 0        
[2026-04-03T02:46:02.301+0600][74.809s][info][gc,reloc    ] GC(58) y: Survivor 1         4M (0%)           29M (1%)           5 / 2              0 / 0              4 / 0        
[2026-04-03T02:46:02.301+0600][74.809s][info][gc,reloc    ] GC(58) y: Survivor 2         2M (0%)            5M (0%)           4 / 2              0 / 0              0 / 0        
[2026-04-03T02:46:02.301+0600][74.809s][info][gc,reloc    ] GC(58) y: Survivor 3         1M (0%)            4M (0%)           3 / 3              0 / 0              0 / 0        
[2026-04-03T02:46:02.301+0600][74.809s][info][gc,heap     ] GC(58) y: Min Capacity: 8M(0%)
[2026-04-03T02:46:02.301+0600][74.810s][info][gc,heap     ] GC(58) y: Max Capacity: 2000M(100%)
[2026-04-03T02:46:02.301+0600][74.810s][info][gc,heap     ] GC(58) y: Soft Max Capacity: 2000M(100%)
[2026-04-03T02:46:02.301+0600][74.810s][info][gc,heap     ] GC(58) y: Heap Statistics:
[2026-04-03T02:46:02.301+0600][74.810s][info][gc,heap     ] GC(58) y:                Mark Start          Mark End        Relocate Start      Relocate End           High               Low         
[2026-04-03T02:46:02.301+0600][74.810s][info][gc,heap     ] GC(58) y:  Capacity:     2000M (100%)       2000M (100%)       2000M (100%)       2000M (100%)       2000M (100%)       2000M (100%)   
[2026-04-03T02:46:02.301+0600][74.810s][info][gc,heap     ] GC(58) y:      Free:      916M (46%)         836M (42%)        1306M (65%)        1616M (81%)        1616M (81%)         836M (42%)    
[2026-04-03T02:46:02.301+0600][74.810s][info][gc,heap     ] GC(58) y:      Used:     1084M (54%)        1164M (58%)         694M (35%)         384M (19%)        1164M (58%)         384M (19%)    
[2026-04-03T02:46:02.301+0600][74.810s][info][gc,heap     ] GC(58) y: Young Generation Statistics:
[2026-04-03T02:46:02.301+0600][74.810s][info][gc,heap     ] GC(58) y:                Mark Start          Mark End        Relocate Start      Relocate End    
[2026-04-03T02:46:02.301+0600][74.810s][info][gc,heap     ] GC(58) y:      Used:      814M (41%)         894M (45%)         424M (21%)         114M (6%)     
[2026-04-03T02:46:02.301+0600][74.810s][info][gc,heap     ] GC(58) y:      Live:         -                14M (1%)           14M (1%)           14M (1%)     
[2026-04-03T02:46:02.301+0600][74.810s][info][gc,heap     ] GC(58) y:   Garbage:         -               799M (40%)         329M (16%)           1M (0%)     
[2026-04-03T02:46:02.301+0600][74.810s][info][gc,heap     ] GC(58) y: Allocated:         -                80M (4%)           80M (4%)           97M (5%)     
[2026-04-03T02:46:02.301+0600][74.810s][info][gc,heap     ] GC(58) y: Reclaimed:         -                  -               470M (24%)         797M (40%)    
[2026-04-03T02:46:02.301+0600][74.810s][info][gc,heap     ] GC(58) y:  Promoted:         -                  -                 0M (0%)            0M (0%)     
[2026-04-03T02:46:02.301+0600][74.810s][info][gc,heap     ] GC(58) y: Compacted:         -                  -                  -                10M (1%)     
[2026-04-03T02:46:02.301+0600][74.810s][info][gc,phases   ] GC(58) y: Young Generation 1084M(54%)->384M(19%) 0.075s
[2026-04-03T02:46:02.301+0600][74.810s][info][gc          ] GC(58) Minor Collection (Allocation Rate) 1082M(54%)->384M(19%) 0.076s
[2026-04-03T02:46:03.576+0600][76.085s][info][gc          ] GC(59) Minor Collection (Allocation Rate)
[2026-04-03T02:46:03.576+0600][76.085s][info][gc,task     ] GC(59) Using 1 Workers for Young Generation
[2026-04-03T02:46:03.576+0600][76.085s][info][gc,phases   ] GC(59) y: Young Generation
[2026-04-03T02:46:03.576+0600][76.085s][info][gc,phases   ] GC(59) y: Pause Mark Start 0.018ms
[2026-04-03T02:46:03.618+0600][76.127s][info][gc,phases   ] GC(59) y: Concurrent Mark 41.903ms
[2026-04-03T02:46:03.618+0600][76.127s][info][gc,phases   ] GC(59) y: Pause Mark End 0.031ms
[2026-04-03T02:46:03.618+0600][76.127s][info][gc,phases   ] GC(59) y: Concurrent Mark Free 0.001ms
[2026-04-03T02:46:03.618+0600][76.127s][info][gc,phases   ] GC(59) y: Concurrent Reset Relocation Set 0.016ms
[2026-04-03T02:46:03.621+0600][76.130s][info][gc,reloc    ] GC(59) y: Using tenuring threshold: 5 (Computed)
[2026-04-03T02:46:03.622+0600][76.130s][info][gc,phases   ] GC(59) y: Concurrent Select Relocation Set 3.285ms
[2026-04-03T02:46:03.622+0600][76.131s][info][gc,phases   ] GC(59) y: Pause Relocate Start 0.014ms
[2026-04-03T02:46:03.629+0600][76.138s][info][gc,phases   ] GC(59) y: Concurrent Relocate 7.356ms
[2026-04-03T02:46:03.629+0600][76.138s][info][gc,alloc    ] GC(59) y:                         Mark Start        Mark End      Relocate Start    Relocate End   
[2026-04-03T02:46:03.630+0600][76.138s][info][gc,alloc    ] GC(59) y: Allocation Stalls:          0                0                0                0         
[2026-04-03T02:46:03.630+0600][76.138s][info][gc,load     ] GC(59) y: Load: 6.17 (51%) / 5.65 (47%) / 5.64 (47%)
[2026-04-03T02:46:03.630+0600][76.138s][info][gc,mmu      ] GC(59) y: MMU: 2ms/95.0%, 5ms/97.8%, 10ms/98.9%, 20ms/99.4%, 50ms/99.7%, 100ms/99.8%
[2026-04-03T02:46:03.630+0600][76.138s][info][gc,marking  ] GC(59) y: Mark: 1 stripe(s), 2 proactive flush(es), 1 terminate flush(es), 0 completion(s), 0 continuation(s) 
[2026-04-03T02:46:03.630+0600][76.138s][info][gc,marking  ] GC(59) y: Mark Stack Usage: 32M
[2026-04-03T02:46:03.630+0600][76.138s][info][gc,nmethod  ] GC(59) y: NMethods: 14955 registered, 2674 unregistered
[2026-04-03T02:46:03.630+0600][76.138s][info][gc,metaspace] GC(59) y: Metaspace: 128M used, 130M committed, 1152M reserved
[2026-04-03T02:46:03.630+0600][76.138s][info][gc,reloc    ] GC(59) y:                        Candidates     Selected     In-Place         Size        Empty    Relocated 
[2026-04-03T02:46:03.630+0600][76.138s][info][gc,reloc    ] GC(59) y: Small Pages:                  407          223            0         814M         348M           4M 
[2026-04-03T02:46:03.630+0600][76.138s][info][gc,reloc    ] GC(59) y: Medium Pages:                   6            0            0         192M         192M           0M 
[2026-04-03T02:46:03.630+0600][76.138s][info][gc,reloc    ] GC(59) y: Large Pages:                   22            0            0         132M         132M           0M 
[2026-04-03T02:46:03.630+0600][76.138s][info][gc,reloc    ] GC(59) y: Forwarding Usage: 1M
[2026-04-03T02:46:03.630+0600][76.138s][info][gc,reloc    ] GC(59) y: Age Table:
[2026-04-03T02:46:03.630+0600][76.138s][info][gc,reloc    ] GC(59) y:                    Live             Garbage             Small              Medium             Large        
[2026-04-03T02:46:03.630+0600][76.138s][info][gc,reloc    ] GC(59) y: Eden               4M (0%)         1099M (55%)        390 / 215            6 / 0             22 / 0        
[2026-04-03T02:46:03.630+0600][76.138s][info][gc,reloc    ] GC(59) y: Survivor 1         2M (0%)           19M (1%)          11 / 8              0 / 0              0 / 0        
[2026-04-03T02:46:03.630+0600][76.138s][info][gc,reloc    ] GC(59) y: Survivor 2         4M (0%)            1M (0%)           3 / 0              0 / 0              0 / 0        
[2026-04-03T02:46:03.630+0600][76.138s][info][gc,reloc    ] GC(59) y: Survivor 3         2M (0%)            1M (0%)           2 / 0              0 / 0              0 / 0        
[2026-04-03T02:46:03.630+0600][76.138s][info][gc,reloc    ] GC(59) y: Survivor 4         1M (0%)            0M (0%)           1 / 0              0 / 0              0 / 0        
[2026-04-03T02:46:03.630+0600][76.138s][info][gc,heap     ] GC(59) y: Min Capacity: 8M(0%)
[2026-04-03T02:46:03.630+0600][76.138s][info][gc,heap     ] GC(59) y: Max Capacity: 2000M(100%)
[2026-04-03T02:46:03.630+0600][76.138s][info][gc,heap     ] GC(59) y: Soft Max Capacity: 2000M(100%)
[2026-04-03T02:46:03.630+0600][76.138s][info][gc,heap     ] GC(59) y: Heap Statistics:
[2026-04-03T02:46:03.630+0600][76.138s][info][gc,heap     ] GC(59) y:                Mark Start          Mark End        Relocate Start      Relocate End           High               Low         
[2026-04-03T02:46:03.630+0600][76.139s][info][gc,heap     ] GC(59) y:  Capacity:     2000M (100%)       2000M (100%)       2000M (100%)       2000M (100%)       2000M (100%)       2000M (100%)   
[2026-04-03T02:46:03.630+0600][76.139s][info][gc,heap     ] GC(59) y:      Free:      592M (30%)         516M (26%)        1188M (59%)        1624M (81%)        1624M (81%)         516M (26%)    
[2026-04-03T02:46:03.630+0600][76.139s][info][gc,heap     ] GC(59) y:      Used:     1408M (70%)        1484M (74%)         812M (41%)         376M (19%)        1484M (74%)         376M (19%)    
[2026-04-03T02:46:03.630+0600][76.139s][info][gc,heap     ] GC(59) y: Young Generation Statistics:
[2026-04-03T02:46:03.630+0600][76.139s][info][gc,heap     ] GC(59) y:                Mark Start          Mark End        Relocate Start      Relocate End    
[2026-04-03T02:46:03.630+0600][76.139s][info][gc,heap     ] GC(59) y:      Used:     1138M (57%)        1214M (61%)         542M (27%)         106M (5%)     
[2026-04-03T02:46:03.630+0600][76.139s][info][gc,heap     ] GC(59) y:      Live:         -                14M (1%)           14M (1%)           14M (1%)     
[2026-04-03T02:46:03.630+0600][76.139s][info][gc,heap     ] GC(59) y:   Garbage:         -              1123M (56%)         451M (23%)           3M (0%)     
[2026-04-03T02:46:03.630+0600][76.139s][info][gc,heap     ] GC(59) y: Allocated:         -                76M (4%)           76M (4%)           87M (4%)     
[2026-04-03T02:46:03.630+0600][76.139s][info][gc,heap     ] GC(59) y: Reclaimed:         -                  -               672M (34%)        1119M (56%)    
[2026-04-03T02:46:03.630+0600][76.139s][info][gc,heap     ] GC(59) y:  Promoted:         -                  -                 0M (0%)            0M (0%)     
[2026-04-03T02:46:03.630+0600][76.139s][info][gc,heap     ] GC(59) y: Compacted:         -                  -                  -                 4M (0%)     
[2026-04-03T02:46:03.630+0600][76.139s][info][gc,phases   ] GC(59) y: Young Generation 1408M(70%)->376M(19%) 0.053s
[2026-04-03T02:46:03.630+0600][76.139s][info][gc          ] GC(59) Minor Collection (Allocation Rate) 1408M(70%)->376M(19%) 0.054s
[2026-04-03T02:46:04.020+0600][76.528s][info][gc          ] GC(60) Minor Collection (Allocation Rate)
[2026-04-03T02:46:04.020+0600][76.528s][info][gc,task     ] GC(60) Using 1 Workers for Young Generation
[2026-04-03T02:46:04.020+0600][76.529s][info][gc,phases   ] GC(60) y: Young Generation
[2026-04-03T02:46:04.020+0600][76.529s][info][gc,phases   ] GC(60) y: Pause Mark Start 0.021ms
[2026-04-03T02:46:04.074+0600][76.583s][info][gc,phases   ] GC(60) y: Concurrent Mark 53.693ms
[2026-04-03T02:46:04.074+0600][76.583s][info][gc,phases   ] GC(60) y: Pause Mark End 0.027ms
[2026-04-03T02:46:04.074+0600][76.583s][info][gc,phases   ] GC(60) y: Concurrent Mark Free 0.003ms
[2026-04-03T02:46:04.074+0600][76.583s][info][gc,phases   ] GC(60) y: Concurrent Reset Relocation Set 0.025ms
[2026-04-03T02:46:04.078+0600][76.587s][info][gc,reloc    ] GC(60) y: Using tenuring threshold: 4 (Computed)
[2026-04-03T02:46:04.081+0600][76.590s][info][gc,phases   ] GC(60) y: Concurrent Select Relocation Set 6.387ms
[2026-04-03T02:46:04.081+0600][76.590s][info][gc,phases   ] GC(60) y: Pause Relocate Start 0.023ms
[2026-04-03T02:46:04.092+0600][76.601s][info][gc,phases   ] GC(60) y: Concurrent Relocate 11.114ms
[2026-04-03T02:46:04.092+0600][76.601s][info][gc,alloc    ] GC(60) y:                         Mark Start        Mark End      Relocate Start    Relocate End   
[2026-04-03T02:46:04.092+0600][76.601s][info][gc,alloc    ] GC(60) y: Allocation Stalls:          0                0                0                0         
[2026-04-03T02:46:04.092+0600][76.601s][info][gc,load     ] GC(60) y: Load: 6.17 (51%) / 5.65 (47%) / 5.64 (47%)
[2026-04-03T02:46:04.092+0600][76.601s][info][gc,mmu      ] GC(60) y: MMU: 2ms/95.0%, 5ms/97.8%, 10ms/98.9%, 20ms/99.4%, 50ms/99.7%, 100ms/99.8%
[2026-04-03T02:46:04.092+0600][76.601s][info][gc,marking  ] GC(60) y: Mark: 1 stripe(s), 2 proactive flush(es), 1 terminate flush(es), 0 completion(s), 0 continuation(s) 
[2026-04-03T02:46:04.092+0600][76.601s][info][gc,marking  ] GC(60) y: Mark Stack Usage: 32M
[2026-04-03T02:46:04.092+0600][76.601s][info][gc,nmethod  ] GC(60) y: NMethods: 14968 registered, 2674 unregistered
[2026-04-03T02:46:04.092+0600][76.601s][info][gc,metaspace] GC(60) y: Metaspace: 128M used, 130M committed, 1152M reserved
[2026-04-03T02:46:04.092+0600][76.601s][info][gc,reloc    ] GC(60) y:                        Candidates     Selected     In-Place         Size        Empty    Relocated 
[2026-04-03T02:46:04.092+0600][76.601s][info][gc,reloc    ] GC(60) y: Small Pages:                  281           92            0         562M         354M           7M 
[2026-04-03T02:46:04.092+0600][76.601s][info][gc,reloc    ] GC(60) y: Medium Pages:                   2            0            0          64M          64M           0M 
[2026-04-03T02:46:04.092+0600][76.601s][info][gc,reloc    ] GC(60) y: Large Pages:                  113            0            0         678M         660M           0M 
[2026-04-03T02:46:04.092+0600][76.601s][info][gc,reloc    ] GC(60) y: Forwarding Usage: 1M
[2026-04-03T02:46:04.092+0600][76.601s][info][gc,reloc    ] GC(60) y: Age Table:
[2026-04-03T02:46:04.092+0600][76.601s][info][gc,reloc    ] GC(60) y:                    Live             Garbage             Small              Medium             Large        
[2026-04-03T02:46:04.092+0600][76.601s][info][gc,reloc    ] GC(60) y: Eden              23M (1%)         1258M (63%)        270 / 89             2 / 0            113 / 0        
[2026-04-03T02:46:04.092+0600][76.601s][info][gc,reloc    ] GC(60) y: Survivor 1         3M (0%)            2M (0%)           3 / 1              0 / 0              0 / 0        
[2026-04-03T02:46:04.092+0600][76.601s][info][gc,reloc    ] GC(60) y: Survivor 2         2M (0%)            1M (0%)           2 / 1              0 / 0              0 / 0        
[2026-04-03T02:46:04.092+0600][76.601s][info][gc,reloc    ] GC(60) y: Survivor 3         3M (0%)            2M (0%)           3 / 0              0 / 0              0 / 0        
[2026-04-03T02:46:04.092+0600][76.601s][info][gc,reloc    ] GC(60) y: Survivor 4         2M (0%)            1M (0%)           2 / 1              0 / 0              0 / 0        
[2026-04-03T02:46:04.092+0600][76.601s][info][gc,reloc    ] GC(60) y: Survivor 5         1M (0%)            0M (0%)           1 / 0              0 / 0              0 / 0        
[2026-04-03T02:46:04.092+0600][76.601s][info][gc,heap     ] GC(60) y: Min Capacity: 8M(0%)
[2026-04-03T02:46:04.092+0600][76.601s][info][gc,heap     ] GC(60) y: Max Capacity: 2000M(100%)
[2026-04-03T02:46:04.092+0600][76.601s][info][gc,heap     ] GC(60) y: Soft Max Capacity: 2000M(100%)
[2026-04-03T02:46:04.093+0600][76.601s][info][gc,heap     ] GC(60) y: Heap Statistics:
[2026-04-03T02:46:04.093+0600][76.601s][info][gc,heap     ] GC(60) y:                Mark Start          Mark End        Relocate Start      Relocate End           High               Low         
[2026-04-03T02:46:04.093+0600][76.601s][info][gc,heap     ] GC(60) y:  Capacity:     2000M (100%)       2000M (100%)       2000M (100%)       2000M (100%)       2000M (100%)       2000M (100%)   
[2026-04-03T02:46:04.093+0600][76.601s][info][gc,heap     ] GC(60) y:      Free:      426M (21%)         160M (8%)         1236M (62%)        1412M (71%)        1414M (71%)         160M (8%)     
[2026-04-03T02:46:04.093+0600][76.601s][info][gc,heap     ] GC(60) y:      Used:     1574M (79%)        1840M (92%)         764M (38%)         588M (29%)        1840M (92%)         586M (29%)    
[2026-04-03T02:46:04.093+0600][76.601s][info][gc,heap     ] GC(60) y: Young Generation Statistics:
[2026-04-03T02:46:04.093+0600][76.601s][info][gc,heap     ] GC(60) y:                Mark Start          Mark End        Relocate Start      Relocate End    
[2026-04-03T02:46:04.093+0600][76.601s][info][gc,heap     ] GC(60) y:      Used:     1304M (65%)        1570M (78%)         490M (24%)         312M (16%)    
[2026-04-03T02:46:04.093+0600][76.601s][info][gc,heap     ] GC(60) y:      Live:         -                38M (2%)           35M (2%)           33M (2%)     
[2026-04-03T02:46:04.093+0600][76.601s][info][gc,heap     ] GC(60) y:   Garbage:         -              1265M (63%)         186M (9%)            1M (0%)     
[2026-04-03T02:46:04.093+0600][76.601s][info][gc,heap     ] GC(60) y: Allocated:         -               266M (13%)         268M (13%)         277M (14%)    
[2026-04-03T02:46:04.093+0600][76.601s][info][gc,heap     ] GC(60) y: Reclaimed:         -                  -              1079M (54%)        1264M (63%)    
[2026-04-03T02:46:04.093+0600][76.601s][info][gc,heap     ] GC(60) y:  Promoted:         -                  -                 2M (0%)            4M (0%)     
[2026-04-03T02:46:04.093+0600][76.601s][info][gc,heap     ] GC(60) y: Compacted:         -                  -                  -                 8M (0%)     
[2026-04-03T02:46:04.093+0600][76.601s][info][gc,phases   ] GC(60) y: Young Generation 1574M(79%)->588M(29%) 0.073s
[2026-04-03T02:46:04.093+0600][76.601s][info][gc          ] GC(60) Minor Collection (Allocation Rate) 1574M(79%)->588M(29%) 0.073s
[2026-04-03T02:46:04.890+0600][77.399s][info][gc          ] GC(61) Minor Collection (Allocation Rate)
[2026-04-03T02:46:04.890+0600][77.399s][info][gc,task     ] GC(61) Using 1 Workers for Young Generation
[2026-04-03T02:46:04.890+0600][77.399s][info][gc,phases   ] GC(61) y: Young Generation
[2026-04-03T02:46:04.890+0600][77.399s][info][gc,phases   ] GC(61) y: Pause Mark Start 0.025ms
[2026-04-03T02:46:04.952+0600][77.461s][info][gc,phases   ] GC(61) y: Concurrent Mark 61.713ms
[2026-04-03T02:46:04.952+0600][77.461s][info][gc,phases   ] GC(61) y: Pause Mark End 0.037ms
[2026-04-03T02:46:04.953+0600][77.461s][info][gc,phases   ] GC(61) y: Concurrent Mark Free 0.003ms
[2026-04-03T02:46:04.953+0600][77.461s][info][gc,phases   ] GC(61) y: Concurrent Reset Relocation Set 0.032ms
[2026-04-03T02:46:04.955+0600][77.464s][info][gc,reloc    ] GC(61) y: Using tenuring threshold: 5 (Computed)
[2026-04-03T02:46:04.955+0600][77.464s][info][gc,phases   ] GC(61) y: Concurrent Select Relocation Set 2.845ms
[2026-04-03T02:46:04.956+0600][77.464s][info][gc,phases   ] GC(61) y: Pause Relocate Start 0.044ms
[2026-04-03T02:46:04.967+0600][77.475s][info][gc,phases   ] GC(61) y: Concurrent Relocate 10.608ms
[2026-04-03T02:46:04.967+0600][77.475s][info][gc,alloc    ] GC(61) y:                         Mark Start        Mark End      Relocate Start    Relocate End   
[2026-04-03T02:46:04.967+0600][77.475s][info][gc,alloc    ] GC(61) y: Allocation Stalls:          0                0                0                0         
[2026-04-03T02:46:04.967+0600][77.475s][info][gc,load     ] GC(61) y: Load: 6.17 (51%) / 5.65 (47%) / 5.64 (47%)
[2026-04-03T02:46:04.967+0600][77.475s][info][gc,mmu      ] GC(61) y: MMU: 2ms/95.0%, 5ms/97.8%, 10ms/98.9%, 20ms/99.4%, 50ms/99.7%, 100ms/99.8%
[2026-04-03T02:46:04.967+0600][77.475s][info][gc,marking  ] GC(61) y: Mark: 1 stripe(s), 2 proactive flush(es), 1 terminate flush(es), 0 completion(s), 0 continuation(s) 
[2026-04-03T02:46:04.967+0600][77.475s][info][gc,marking  ] GC(61) y: Mark Stack Usage: 32M
[2026-04-03T02:46:04.967+0600][77.475s][info][gc,nmethod  ] GC(61) y: NMethods: 15005 registered, 2674 unregistered
[2026-04-03T02:46:04.967+0600][77.475s][info][gc,metaspace] GC(61) y: Metaspace: 128M used, 130M committed, 1152M reserved
[2026-04-03T02:46:04.967+0600][77.475s][info][gc,reloc    ] GC(61) y:                        Candidates     Selected     In-Place         Size        Empty    Relocated 
[2026-04-03T02:46:04.967+0600][77.476s][info][gc,reloc    ] GC(61) y: Small Pages:                  272          197            0         544M         130M           6M 
[2026-04-03T02:46:04.967+0600][77.476s][info][gc,reloc    ] GC(61) y: Medium Pages:                   3            0            0          96M          96M           0M 
[2026-04-03T02:46:04.967+0600][77.476s][info][gc,reloc    ] GC(61) y: Large Pages:                   42            0            0         252M         252M           0M 
[2026-04-03T02:46:04.967+0600][77.476s][info][gc,reloc    ] GC(61) y: Forwarding Usage: 1M
[2026-04-03T02:46:04.967+0600][77.476s][info][gc,reloc    ] GC(61) y: Age Table:
[2026-04-03T02:46:04.967+0600][77.476s][info][gc,reloc    ] GC(61) y:                    Live             Garbage             Small              Medium             Large        
[2026-04-03T02:46:04.967+0600][77.476s][info][gc,reloc    ] GC(61) y: Eden               5M (0%)          844M (42%)        260 / 191            3 / 0             39 / 0        
[2026-04-03T02:46:04.967+0600][77.476s][info][gc,reloc    ] GC(61) y: Survivor 1         2M (0%)           23M (1%)           4 / 3              0 / 0              3 / 0        
[2026-04-03T02:46:04.967+0600][77.476s][info][gc,reloc    ] GC(61) y: Survivor 2         3M (0%)            2M (0%)           3 / 1              0 / 0              0 / 0        
[2026-04-03T02:46:04.967+0600][77.476s][info][gc,reloc    ] GC(61) y: Survivor 3         2M (0%)            1M (0%)           2 / 1              0 / 0              0 / 0        
[2026-04-03T02:46:04.967+0600][77.476s][info][gc,reloc    ] GC(61) y: Survivor 4         3M (0%)            2M (0%)           3 / 1              0 / 0              0 / 0        
[2026-04-03T02:46:04.967+0600][77.476s][info][gc,heap     ] GC(61) y: Min Capacity: 8M(0%)
[2026-04-03T02:46:04.967+0600][77.476s][info][gc,heap     ] GC(61) y: Max Capacity: 2000M(100%)
[2026-04-03T02:46:04.967+0600][77.476s][info][gc,heap     ] GC(61) y: Soft Max Capacity: 2000M(100%)
[2026-04-03T02:46:04.967+0600][77.476s][info][gc,heap     ] GC(61) y: Heap Statistics:
[2026-04-03T02:46:04.967+0600][77.476s][info][gc,heap     ] GC(61) y:                Mark Start          Mark End        Relocate Start      Relocate End           High               Low         
[2026-04-03T02:46:04.967+0600][77.476s][info][gc,heap     ] GC(61) y:  Capacity:     2000M (100%)       2000M (100%)       2000M (100%)       2000M (100%)       2000M (100%)       2000M (100%)   
[2026-04-03T02:46:04.967+0600][77.476s][info][gc,heap     ] GC(61) y:      Free:      832M (42%)         742M (37%)        1218M (61%)        1600M (80%)        1600M (80%)         742M (37%)    
[2026-04-03T02:46:04.967+0600][77.476s][info][gc,heap     ] GC(61) y:      Used:     1168M (58%)        1258M (63%)         782M (39%)         400M (20%)        1258M (63%)         400M (20%)    
[2026-04-03T02:46:04.967+0600][77.476s][info][gc,heap     ] GC(61) y: Young Generation Statistics:
[2026-04-03T02:46:04.967+0600][77.476s][info][gc,heap     ] GC(61) y:                Mark Start          Mark End        Relocate Start      Relocate End    
[2026-04-03T02:46:04.967+0600][77.476s][info][gc,heap     ] GC(61) y:      Used:      892M (45%)         982M (49%)         506M (25%)         124M (6%)     
[2026-04-03T02:46:04.967+0600][77.476s][info][gc,heap     ] GC(61) y:      Live:         -                17M (1%)           17M (1%)           17M (1%)     
[2026-04-03T02:46:04.967+0600][77.476s][info][gc,heap     ] GC(61) y:   Garbage:         -               874M (44%)         396M (20%)           1M (0%)     
[2026-04-03T02:46:04.967+0600][77.476s][info][gc,heap     ] GC(61) y: Allocated:         -                90M (4%)           92M (5%)          105M (5%)     
[2026-04-03T02:46:04.967+0600][77.476s][info][gc,heap     ] GC(61) y: Reclaimed:         -                  -               478M (24%)         873M (44%)    
[2026-04-03T02:46:04.967+0600][77.476s][info][gc,heap     ] GC(61) y:  Promoted:         -                  -                 0M (0%)            0M (0%)     
[2026-04-03T02:46:04.967+0600][77.476s][info][gc,heap     ] GC(61) y: Compacted:         -                  -                  -                 6M (0%)     
[2026-04-03T02:46:04.967+0600][77.476s][info][gc,phases   ] GC(61) y: Young Generation 1168M(58%)->400M(20%) 0.077s
[2026-04-03T02:46:04.967+0600][77.476s][info][gc          ] GC(61) Minor Collection (Allocation Rate) 1168M(58%)->400M(20%) 0.077s
[2026-04-03T02:46:06.000+0600][78.509s][info][gc          ] GC(62) Minor Collection (Allocation Rate)
[2026-04-03T02:46:06.000+0600][78.509s][info][gc,task     ] GC(62) Using 1 Workers for Young Generation
[2026-04-03T02:46:06.000+0600][78.509s][info][gc,phases   ] GC(62) y: Young Generation
[2026-04-03T02:46:06.000+0600][78.509s][info][gc,phases   ] GC(62) y: Pause Mark Start 0.022ms
[2026-04-03T02:46:06.084+0600][78.593s][info][gc,phases   ] GC(62) y: Concurrent Mark 83.726ms
[2026-04-03T02:46:06.084+0600][78.593s][info][gc,phases   ] GC(62) y: Pause Mark End 0.026ms
[2026-04-03T02:46:06.084+0600][78.593s][info][gc,phases   ] GC(62) y: Concurrent Mark Free 0.002ms
[2026-04-03T02:46:06.084+0600][78.593s][info][gc,phases   ] GC(62) y: Concurrent Reset Relocation Set 0.026ms
[2026-04-03T02:46:06.088+0600][78.597s][info][gc,reloc    ] GC(62) y: Using tenuring threshold: 4 (Computed)
[2026-04-03T02:46:06.092+0600][78.601s][info][gc,phases   ] GC(62) y: Concurrent Select Relocation Set 7.980ms
[2026-04-03T02:46:06.093+0600][78.601s][info][gc,phases   ] GC(62) y: Pause Relocate Start 0.019ms
[2026-04-03T02:46:06.117+0600][78.625s][info][gc,phases   ] GC(62) y: Concurrent Relocate 23.796ms
[2026-04-03T02:46:06.117+0600][78.625s][info][gc,alloc    ] GC(62) y:                         Mark Start        Mark End      Relocate Start    Relocate End   
[2026-04-03T02:46:06.117+0600][78.626s][info][gc,alloc    ] GC(62) y: Allocation Stalls:          0                0                0                0         
[2026-04-03T02:46:06.117+0600][78.626s][info][gc,load     ] GC(62) y: Load: 6.31 (53%) / 5.69 (47%) / 5.66 (47%)
[2026-04-03T02:46:06.117+0600][78.626s][info][gc,mmu      ] GC(62) y: MMU: 2ms/95.0%, 5ms/97.8%, 10ms/98.9%, 20ms/99.4%, 50ms/99.7%, 100ms/99.8%
[2026-04-03T02:46:06.117+0600][78.626s][info][gc,marking  ] GC(62) y: Mark: 1 stripe(s), 2 proactive flush(es), 1 terminate flush(es), 0 completion(s), 0 continuation(s) 
[2026-04-03T02:46:06.117+0600][78.626s][info][gc,marking  ] GC(62) y: Mark Stack Usage: 32M
[2026-04-03T02:46:06.117+0600][78.626s][info][gc,nmethod  ] GC(62) y: NMethods: 15030 registered, 2674 unregistered
[2026-04-03T02:46:06.117+0600][78.626s][info][gc,metaspace] GC(62) y: Metaspace: 128M used, 130M committed, 1152M reserved
[2026-04-03T02:46:06.117+0600][78.626s][info][gc,reloc    ] GC(62) y:                        Candidates     Selected     In-Place         Size        Empty    Relocated 
[2026-04-03T02:46:06.117+0600][78.626s][info][gc,reloc    ] GC(62) y: Small Pages:                  407          238            0         814M         314M           7M 
[2026-04-03T02:46:06.117+0600][78.626s][info][gc,reloc    ] GC(62) y: Medium Pages:                   5            0            0         160M         160M           0M 
[2026-04-03T02:46:06.117+0600][78.626s][info][gc,reloc    ] GC(62) y: Large Pages:                   21            0            0         126M         126M           0M 
[2026-04-03T02:46:06.117+0600][78.626s][info][gc,reloc    ] GC(62) y: Forwarding Usage: 2M
[2026-04-03T02:46:06.117+0600][78.626s][info][gc,reloc    ] GC(62) y: Age Table:
[2026-04-03T02:46:06.117+0600][78.626s][info][gc,reloc    ] GC(62) y:                    Live             Garbage             Small              Medium             Large        
[2026-04-03T02:46:06.117+0600][78.626s][info][gc,reloc    ] GC(62) y: Eden               5M (0%)         1064M (53%)        392 / 231            5 / 0             21 / 0        
[2026-04-03T02:46:06.117+0600][78.626s][info][gc,reloc    ] GC(62) y: Survivor 1         2M (0%)            5M (0%)           4 / 2              0 / 0              0 / 0        
[2026-04-03T02:46:06.117+0600][78.626s][info][gc,reloc    ] GC(62) y: Survivor 2         2M (0%)            3M (0%)           3 / 2              0 / 0              0 / 0        
[2026-04-03T02:46:06.117+0600][78.626s][info][gc,reloc    ] GC(62) y: Survivor 3         3M (0%)            2M (0%)           3 / 1              0 / 0              0 / 0        
[2026-04-03T02:46:06.117+0600][78.626s][info][gc,reloc    ] GC(62) y: Survivor 4         2M (0%)            1M (0%)           2 / 1              0 / 0              0 / 0        
[2026-04-03T02:46:06.117+0600][78.626s][info][gc,reloc    ] GC(62) y: Survivor 5         3M (0%)            2M (0%)           3 / 1              0 / 0              0 / 0        
[2026-04-03T02:46:06.117+0600][78.626s][info][gc,heap     ] GC(62) y: Min Capacity: 8M(0%)
[2026-04-03T02:46:06.117+0600][78.626s][info][gc,heap     ] GC(62) y: Max Capacity: 2000M(100%)
[2026-04-03T02:46:06.117+0600][78.626s][info][gc,heap     ] GC(62) y: Soft Max Capacity: 2000M(100%)
[2026-04-03T02:46:06.117+0600][78.626s][info][gc,heap     ] GC(62) y: Heap Statistics:
[2026-04-03T02:46:06.117+0600][78.626s][info][gc,heap     ] GC(62) y:                Mark Start          Mark End        Relocate Start      Relocate End           High               Low         
[2026-04-03T02:46:06.117+0600][78.626s][info][gc,heap     ] GC(62) y:  Capacity:     2000M (100%)       2000M (100%)       2000M (100%)       2000M (100%)       2000M (100%)       2000M (100%)   
[2026-04-03T02:46:06.117+0600][78.626s][info][gc,heap     ] GC(62) y:      Free:      624M (31%)         460M (23%)        1046M (52%)        1464M (73%)        1478M (74%)         460M (23%)    
[2026-04-03T02:46:06.117+0600][78.626s][info][gc,heap     ] GC(62) y:      Used:     1376M (69%)        1540M (77%)         954M (48%)         536M (27%)        1540M (77%)         522M (26%)    
[2026-04-03T02:46:06.117+0600][78.626s][info][gc,heap     ] GC(62) y: Young Generation Statistics:
[2026-04-03T02:46:06.117+0600][78.626s][info][gc,heap     ] GC(62) y:                Mark Start          Mark End        Relocate Start      Relocate End    
[2026-04-03T02:46:06.117+0600][78.626s][info][gc,heap     ] GC(62) y:      Used:     1100M (55%)        1264M (63%)         672M (34%)         252M (13%)    
[2026-04-03T02:46:06.117+0600][78.626s][info][gc,heap     ] GC(62) y:      Live:         -                20M (1%)           15M (1%)           14M (1%)     
[2026-04-03T02:46:06.117+0600][78.626s][info][gc,heap     ] GC(62) y:   Garbage:         -              1079M (54%)         478M (24%)           1M (0%)     
[2026-04-03T02:46:06.117+0600][78.626s][info][gc,heap     ] GC(62) y: Allocated:         -               164M (8%)          178M (9%)          236M (12%)    
[2026-04-03T02:46:06.117+0600][78.626s][info][gc,heap     ] GC(62) y: Reclaimed:         -                  -               600M (30%)        1078M (54%)    
[2026-04-03T02:46:06.117+0600][78.626s][info][gc,heap     ] GC(62) y:  Promoted:         -                  -                 5M (0%)            6M (0%)     
[2026-04-03T02:46:06.117+0600][78.626s][info][gc,heap     ] GC(62) y: Compacted:         -                  -                  -                 7M (0%)     
[2026-04-03T02:46:06.117+0600][78.626s][info][gc,phases   ] GC(62) y: Young Generation 1374M(69%)->536M(27%) 0.117s
[2026-04-03T02:46:06.117+0600][78.626s][info][gc          ] GC(62) Minor Collection (Allocation Rate) 1374M(69%)->540M(27%) 0.118s
[2026-04-03T02:46:06.626+0600][79.135s][info][gc          ] GC(63) Major Collection (System.gc())
[2026-04-03T02:46:06.627+0600][79.135s][info][gc,task     ] GC(63) Using 3 Workers for Young Generation
[2026-04-03T02:46:06.627+0600][79.135s][info][gc,task     ] GC(63) Using 3 Workers for Old Generation
[2026-04-03T02:46:06.627+0600][79.135s][info][gc,phases   ] GC(63) Y: Young Generation (Promote All)
[2026-04-03T02:46:06.627+0600][79.136s][info][gc,phases   ] GC(63) Y: Pause Mark Start 0.020ms
[2026-04-03T02:46:06.648+0600][79.157s][info][gc,phases   ] GC(63) Y: Concurrent Mark 21.096ms
[2026-04-03T02:46:06.648+0600][79.157s][info][gc,phases   ] GC(63) Y: Pause Mark End 0.023ms
[2026-04-03T02:46:06.648+0600][79.157s][info][gc,phases   ] GC(63) Y: Concurrent Mark Free 0.001ms
[2026-04-03T02:46:06.649+0600][79.157s][info][gc,phases   ] GC(63) Y: Concurrent Reset Relocation Set 0.045ms
[2026-04-03T02:46:06.650+0600][79.159s][info][gc,reloc    ] GC(63) Y: Using tenuring threshold: 0 (Promote All)
[2026-04-03T02:46:06.653+0600][79.162s][info][gc,phases   ] GC(63) Y: Concurrent Select Relocation Set 4.256ms
[2026-04-03T02:46:06.653+0600][79.162s][info][gc,phases   ] GC(63) Y: Pause Relocate Start 0.016ms
[2026-04-03T02:46:06.660+0600][79.169s][info][gc,phases   ] GC(63) Y: Concurrent Relocate 7.320ms
[2026-04-03T02:46:06.661+0600][79.169s][info][gc,alloc    ] GC(63) Y:                         Mark Start        Mark End      Relocate Start    Relocate End   
[2026-04-03T02:46:06.661+0600][79.169s][info][gc,alloc    ] GC(63) Y: Allocation Stalls:          0                0                0                0         
[2026-04-03T02:46:06.661+0600][79.169s][info][gc,load     ] GC(63) Y: Load: 6.31 (53%) / 5.69 (47%) / 5.66 (47%)
[2026-04-03T02:46:06.661+0600][79.169s][info][gc,mmu      ] GC(63) Y: MMU: 2ms/95.0%, 5ms/97.8%, 10ms/98.9%, 20ms/99.4%, 50ms/99.7%, 100ms/99.8%
[2026-04-03T02:46:06.661+0600][79.169s][info][gc,marking  ] GC(63) Y: Mark: 2 stripe(s), 1 proactive flush(es), 1 terminate flush(es), 0 completion(s), 0 continuation(s) 
[2026-04-03T02:46:06.661+0600][79.169s][info][gc,marking  ] GC(63) Y: Mark Stack Usage: 32M
[2026-04-03T02:46:06.661+0600][79.169s][info][gc,nmethod  ] GC(63) Y: NMethods: 15054 registered, 2674 unregistered
[2026-04-03T02:46:06.661+0600][79.169s][info][gc,metaspace] GC(63) Y: Metaspace: 128M used, 130M committed, 1152M reserved
[2026-04-03T02:46:06.661+0600][79.169s][info][gc,reloc    ] GC(63) Y:                        Candidates     Selected     In-Place         Size        Empty    Relocated 
[2026-04-03T02:46:06.661+0600][79.169s][info][gc,reloc    ] GC(63) Y: Small Pages:                  419          106            0         838M         610M           4M 
[2026-04-03T02:46:06.661+0600][79.169s][info][gc,reloc    ] GC(63) Y: Medium Pages:                   3            0            0          96M          96M           0M 
[2026-04-03T02:46:06.661+0600][79.169s][info][gc,reloc    ] GC(63) Y: Large Pages:                   13            0            0          78M          78M           0M 
[2026-04-03T02:46:06.661+0600][79.169s][info][gc,reloc    ] GC(63) Y: Forwarding Usage: 1M
[2026-04-03T02:46:06.661+0600][79.169s][info][gc,reloc    ] GC(63) Y: Age Table:
[2026-04-03T02:46:06.661+0600][79.169s][info][gc,reloc    ] GC(63) Y:                    Live             Garbage             Small              Medium             Large        
[2026-04-03T02:46:06.661+0600][79.169s][info][gc,reloc    ] GC(63) Y: Eden               1M (0%)          990M (50%)        409 / 102            3 / 0             13 / 0        
[2026-04-03T02:46:06.661+0600][79.169s][info][gc,reloc    ] GC(63) Y: Survivor 1         3M (0%)            2M (0%)           3 / 1              0 / 0              0 / 0        
[2026-04-03T02:46:06.661+0600][79.169s][info][gc,reloc    ] GC(63) Y: Survivor 2         2M (0%)            1M (0%)           2 / 1              0 / 0              0 / 0        
[2026-04-03T02:46:06.661+0600][79.169s][info][gc,reloc    ] GC(63) Y: Survivor 3         2M (0%)            1M (0%)           2 / 1              0 / 0              0 / 0        
[2026-04-03T02:46:06.661+0600][79.169s][info][gc,reloc    ] GC(63) Y: Survivor 4         3M (0%)            2M (0%)           3 / 1              0 / 0              0 / 0        
[2026-04-03T02:46:06.661+0600][79.169s][info][gc,heap     ] GC(63) Y: Min Capacity: 8M(0%)
[2026-04-03T02:46:06.661+0600][79.169s][info][gc,heap     ] GC(63) Y: Max Capacity: 2000M(100%)
[2026-04-03T02:46:06.661+0600][79.169s][info][gc,heap     ] GC(63) Y: Soft Max Capacity: 2000M(100%)
[2026-04-03T02:46:06.661+0600][79.169s][info][gc,heap     ] GC(63) Y: Heap Statistics:
[2026-04-03T02:46:06.661+0600][79.169s][info][gc,heap     ] GC(63) Y:                Mark Start          Mark End        Relocate Start      Relocate End           High               Low         
[2026-04-03T02:46:06.661+0600][79.169s][info][gc,heap     ] GC(63) Y:  Capacity:     2000M (100%)       2000M (100%)       2000M (100%)       2000M (100%)       2000M (100%)       2000M (100%)   
[2026-04-03T02:46:06.661+0600][79.169s][info][gc,heap     ] GC(63) Y:      Free:      704M (35%)         704M (35%)        1488M (74%)        1698M (85%)        1698M (85%)         704M (35%)    
[2026-04-03T02:46:06.661+0600][79.169s][info][gc,heap     ] GC(63) Y:      Used:     1296M (65%)        1296M (65%)         512M (26%)         302M (15%)        1296M (65%)         302M (15%)    
[2026-04-03T02:46:06.661+0600][79.169s][info][gc,heap     ] GC(63) Y: Young Generation Statistics:
[2026-04-03T02:46:06.661+0600][79.169s][info][gc,heap     ] GC(63) Y:                Mark Start          Mark End        Relocate Start      Relocate End    
[2026-04-03T02:46:06.661+0600][79.169s][info][gc,heap     ] GC(63) Y:      Used:     1012M (51%)        1012M (51%)         220M (11%)           0M (0%)     
[2026-04-03T02:46:06.661+0600][79.169s][info][gc,heap     ] GC(63) Y:      Live:         -                13M (1%)            6M (0%)            0M (0%)     
[2026-04-03T02:46:06.661+0600][79.169s][info][gc,heap     ] GC(63) Y:   Garbage:         -               998M (50%)         213M (11%)           0M (0%)     
[2026-04-03T02:46:06.661+0600][79.169s][info][gc,heap     ] GC(63) Y: Allocated:         -                 0M (0%)            0M (0%)            0M (0%)     
[2026-04-03T02:46:06.661+0600][79.169s][info][gc,heap     ] GC(63) Y: Reclaimed:         -                  -               785M (39%)         998M (50%)    
[2026-04-03T02:46:06.661+0600][79.169s][info][gc,heap     ] GC(63) Y:  Promoted:         -                  -                 6M (0%)           13M (1%)     
[2026-04-03T02:46:06.661+0600][79.169s][info][gc,heap     ] GC(63) Y: Compacted:         -                  -                  -                 0M (0%)     
[2026-04-03T02:46:06.661+0600][79.170s][info][gc,phases   ] GC(63) Y: Young Generation (Promote All) 1296M(65%)->302M(15%) 0.034s
[2026-04-03T02:46:06.661+0600][79.170s][info][gc,phases   ] GC(63) Y: Young Generation (Collect Roots)
[2026-04-03T02:46:06.661+0600][79.170s][info][gc,phases   ] GC(63) Y: Pause Mark Start (Major) 0.018ms
[2026-04-03T02:46:06.677+0600][79.186s][info][gc,phases   ] GC(63) Y: Concurrent Mark 15.912ms
[2026-04-03T02:46:06.677+0600][79.186s][info][gc,phases   ] GC(63) Y: Pause Mark End 0.022ms
[2026-04-03T02:46:06.678+0600][79.186s][info][gc,phases   ] GC(63) Y: Concurrent Mark Free 0.324ms
[2026-04-03T02:46:06.678+0600][79.186s][info][gc,phases   ] GC(63) Y: Concurrent Reset Relocation Set 0.023ms
[2026-04-03T02:46:06.679+0600][79.188s][info][gc,reloc    ] GC(63) Y: Using tenuring threshold: 0 (Computed)
[2026-04-03T02:46:06.679+0600][79.188s][info][gc,phases   ] GC(63) Y: Concurrent Select Relocation Set 1.588ms
[2026-04-03T02:46:06.680+0600][79.188s][info][gc,phases   ] GC(63) Y: Pause Relocate Start 0.014ms
[2026-04-03T02:46:06.680+0600][79.189s][info][gc,phases   ] GC(63) Y: Concurrent Relocate 0.169ms
[2026-04-03T02:46:06.680+0600][79.189s][info][gc,alloc    ] GC(63) Y:                         Mark Start        Mark End      Relocate Start    Relocate End   
[2026-04-03T02:46:06.680+0600][79.189s][info][gc,alloc    ] GC(63) Y: Allocation Stalls:          0                0                0                0         
[2026-04-03T02:46:06.680+0600][79.189s][info][gc,load     ] GC(63) Y: Load: 6.31 (53%) / 5.69 (47%) / 5.66 (47%)
[2026-04-03T02:46:06.680+0600][79.189s][info][gc,mmu      ] GC(63) Y: MMU: 2ms/95.0%, 5ms/97.8%, 10ms/98.9%, 20ms/99.4%, 50ms/99.7%, 100ms/99.8%
[2026-04-03T02:46:06.680+0600][79.189s][info][gc,marking  ] GC(63) Y: Mark: 2 stripe(s), 1 proactive flush(es), 1 terminate flush(es), 0 completion(s), 0 continuation(s) 
[2026-04-03T02:46:06.680+0600][79.189s][info][gc,marking  ] GC(63) Y: Mark Stack Usage: 0M
[2026-04-03T02:46:06.680+0600][79.189s][info][gc,nmethod  ] GC(63) Y: NMethods: 15054 registered, 2674 unregistered
[2026-04-03T02:46:06.680+0600][79.189s][info][gc,metaspace] GC(63) Y: Metaspace: 128M used, 130M committed, 1152M reserved
[2026-04-03T02:46:06.680+0600][79.189s][info][gc,heap     ] GC(63) Y: Min Capacity: 8M(0%)
[2026-04-03T02:46:06.680+0600][79.189s][info][gc,heap     ] GC(63) Y: Max Capacity: 2000M(100%)
[2026-04-03T02:46:06.680+0600][79.189s][info][gc,heap     ] GC(63) Y: Soft Max Capacity: 2000M(100%)
[2026-04-03T02:46:06.680+0600][79.189s][info][gc,heap     ] GC(63) Y: Heap Statistics:
[2026-04-03T02:46:06.680+0600][79.189s][info][gc,heap     ] GC(63) Y:                Mark Start          Mark End        Relocate Start      Relocate End           High               Low         
[2026-04-03T02:46:06.680+0600][79.189s][info][gc,heap     ] GC(63) Y:  Capacity:     2000M (100%)       2000M (100%)       2000M (100%)       2000M (100%)       2000M (100%)       2000M (100%)   
[2026-04-03T02:46:06.680+0600][79.189s][info][gc,heap     ] GC(63) Y:      Free:     1698M (85%)        1698M (85%)        1698M (85%)        1698M (85%)        1698M (85%)        1698M (85%)    
[2026-04-03T02:46:06.680+0600][79.189s][info][gc,heap     ] GC(63) Y:      Used:      302M (15%)         302M (15%)         302M (15%)         302M (15%)         302M (15%)         302M (15%)    
[2026-04-03T02:46:06.680+0600][79.189s][info][gc,heap     ] GC(63) Y: Young Generation Statistics:
[2026-04-03T02:46:06.680+0600][79.189s][info][gc,heap     ] GC(63) Y:                Mark Start          Mark End        Relocate Start      Relocate End    
[2026-04-03T02:46:06.680+0600][79.189s][info][gc,heap     ] GC(63) Y:      Used:        0M (0%)            0M (0%)            0M (0%)            0M (0%)     
[2026-04-03T02:46:06.680+0600][79.189s][info][gc,heap     ] GC(63) Y:      Live:         -                 0M (0%)            0M (0%)            0M (0%)     
[2026-04-03T02:46:06.680+0600][79.189s][info][gc,heap     ] GC(63) Y:   Garbage:         -                 0M (0%)            0M (0%)            0M (0%)     
[2026-04-03T02:46:06.680+0600][79.189s][info][gc,heap     ] GC(63) Y: Allocated:         -                 0M (0%)            0M (0%)            0M (0%)     
[2026-04-03T02:46:06.680+0600][79.189s][info][gc,heap     ] GC(63) Y: Reclaimed:         -                  -                 0M (0%)            0M (0%)     
[2026-04-03T02:46:06.680+0600][79.189s][info][gc,heap     ] GC(63) Y:  Promoted:         -                  -                 0M (0%)            0M (0%)     
[2026-04-03T02:46:06.680+0600][79.189s][info][gc,heap     ] GC(63) Y: Compacted:         -                  -                  -                 0M (0%)     
[2026-04-03T02:46:06.680+0600][79.189s][info][gc,phases   ] GC(63) Y: Young Generation (Collect Roots) 302M(15%)->302M(15%) 0.019s
[2026-04-03T02:46:06.680+0600][79.189s][info][gc,phases   ] GC(63) O: Old Generation
[2026-04-03T02:46:06.792+0600][79.301s][info][gc,phases   ] GC(63) O: Concurrent Mark 111.923ms
[2026-04-03T02:46:06.792+0600][79.301s][info][gc,phases   ] GC(63) O: Pause Mark End 0.020ms
[2026-04-03T02:46:06.792+0600][79.301s][info][gc,phases   ] GC(63) O: Concurrent Mark Free 0.001ms
[2026-04-03T02:46:06.811+0600][79.320s][info][gc,phases   ] GC(63) O: Concurrent Process Non-Strong 18.531ms
[2026-04-03T02:46:06.811+0600][79.320s][info][gc,phases   ] GC(63) O: Concurrent Reset Relocation Set 0.005ms
[2026-04-03T02:46:06.813+0600][79.322s][info][gc,phases   ] GC(63) O: Concurrent Select Relocation Set 2.336ms
[2026-04-03T02:46:06.813+0600][79.322s][info][gc,task     ] GC(63) O: Using 3 Workers for Old Generation
[2026-04-03T02:46:06.837+0600][79.345s][info][gc,task     ] GC(63) O: Using 3 Workers for Old Generation
[2026-04-03T02:46:06.837+0600][79.346s][info][gc,phases   ] GC(63) O: Concurrent Remap Roots 23.623ms
[2026-04-03T02:46:06.837+0600][79.346s][info][gc,phases   ] GC(63) O: Pause Relocate Start 0.023ms
[2026-04-03T02:46:06.867+0600][79.376s][info][gc,phases   ] GC(63) O: Concurrent Relocate 29.803ms
[2026-04-03T02:46:06.867+0600][79.376s][info][gc,alloc    ] GC(63) O:                         Mark Start        Mark End      Relocate Start    Relocate End   
[2026-04-03T02:46:06.867+0600][79.376s][info][gc,alloc    ] GC(63) O: Allocation Stalls:          0                0                0                0         
[2026-04-03T02:46:06.867+0600][79.376s][info][gc,load     ] GC(63) O: Load: 6.31 (53%) / 5.69 (47%) / 5.66 (47%)
[2026-04-03T02:46:06.867+0600][79.376s][info][gc,mmu      ] GC(63) O: MMU: 2ms/95.0%, 5ms/97.8%, 10ms/98.9%, 20ms/99.4%, 50ms/99.7%, 100ms/99.8%
[2026-04-03T02:46:06.867+0600][79.376s][info][gc,marking  ] GC(63) O: Mark: 2 stripe(s), 2 proactive flush(es), 1 terminate flush(es), 0 completion(s), 0 continuation(s) 
[2026-04-03T02:46:06.867+0600][79.376s][info][gc,marking  ] GC(63) O: Mark Stack Usage: 32M
[2026-04-03T02:46:06.867+0600][79.376s][info][gc,nmethod  ] GC(63) O: NMethods: 13452 registered, 4297 unregistered
[2026-04-03T02:46:06.867+0600][79.376s][info][gc,metaspace] GC(63) O: Metaspace: 128M used, 130M committed, 1152M reserved
[2026-04-03T02:46:06.867+0600][79.376s][info][gc,ref      ] GC(63) O:                       Encountered   Discovered     Enqueued 
[2026-04-03T02:46:06.867+0600][79.376s][info][gc,ref      ] GC(63) O: Soft References:             6381            0            0 
[2026-04-03T02:46:06.867+0600][79.376s][info][gc,ref      ] GC(63) O: Weak References:            45386        38479        30080 
[2026-04-03T02:46:06.867+0600][79.376s][info][gc,ref      ] GC(63) O: Final References:              84           16            0 
[2026-04-03T02:46:06.867+0600][79.376s][info][gc,ref      ] GC(63) O: Phantom References:           620          569            0 
[2026-04-03T02:46:06.867+0600][79.376s][info][gc,reloc    ] GC(63) O:                        Candidates     Selected     In-Place         Size        Empty    Relocated 
[2026-04-03T02:46:06.867+0600][79.376s][info][gc,reloc    ] GC(63) O: Small Pages:                  135           49            0         270M           0M          22M 
[2026-04-03T02:46:06.867+0600][79.376s][info][gc,reloc    ] GC(63) O: Medium Pages:                   1            0            0          32M           0M           0M 
[2026-04-03T02:46:06.867+0600][79.376s][info][gc,reloc    ] GC(63) O: Large Pages:                    0            0            0           0M           0M           0M 
[2026-04-03T02:46:06.867+0600][79.376s][info][gc,reloc    ] GC(63) O: Forwarding Usage: 14M
[2026-04-03T02:46:06.867+0600][79.376s][info][gc,heap     ] GC(63) O: Min Capacity: 8M(0%)
[2026-04-03T02:46:06.867+0600][79.376s][info][gc,heap     ] GC(63) O: Max Capacity: 2000M(100%)
[2026-04-03T02:46:06.867+0600][79.376s][info][gc,heap     ] GC(63) O: Soft Max Capacity: 2000M(100%)
[2026-04-03T02:46:06.867+0600][79.376s][info][gc,heap     ] GC(63) O: Heap Statistics:
[2026-04-03T02:46:06.867+0600][79.376s][info][gc,heap     ] GC(63) O:                Mark Start          Mark End        Relocate Start      Relocate End           High               Low         
[2026-04-03T02:46:06.867+0600][79.376s][info][gc,heap     ] GC(63) O:  Capacity:     2000M (100%)       2000M (100%)       2000M (100%)       2000M (100%)       2000M (100%)       2000M (100%)   
[2026-04-03T02:46:06.867+0600][79.376s][info][gc,heap     ] GC(63) O:      Free:     1698M (85%)        1696M (85%)        1666M (83%)        1732M (87%)        1732M (87%)        1656M (83%)    
[2026-04-03T02:46:06.867+0600][79.376s][info][gc,heap     ] GC(63) O:      Used:      302M (15%)         304M (15%)         334M (17%)         268M (13%)         344M (17%)         268M (13%)    
[2026-04-03T02:46:06.867+0600][79.376s][info][gc,heap     ] GC(63) O: Old Generation Statistics:
[2026-04-03T02:46:06.867+0600][79.376s][info][gc,heap     ] GC(63) O:                Mark Start          Mark End        Relocate Start      Relocate End    
[2026-04-03T02:46:06.867+0600][79.376s][info][gc,heap     ] GC(63) O:      Used:      302M (15%)         302M (15%)         302M (15%)         214M (11%)    
[2026-04-03T02:46:06.867+0600][79.376s][info][gc,heap     ] GC(63) O:      Live:         -               166M (8%)          166M (8%)          166M (8%)     
[2026-04-03T02:46:06.867+0600][79.376s][info][gc,heap     ] GC(63) O:   Garbage:         -               135M (7%)          135M (7%)           27M (1%)     
[2026-04-03T02:46:06.867+0600][79.376s][info][gc,heap     ] GC(63) O: Allocated:         -                 0M (0%)            0M (0%)           20M (1%)     
[2026-04-03T02:46:06.867+0600][79.376s][info][gc,heap     ] GC(63) O: Reclaimed:         -                  -                 0M (0%)          108M (5%)     
[2026-04-03T02:46:06.867+0600][79.376s][info][gc,heap     ] GC(63) O: Compacted:         -                  -                  -                69M (3%)     
[2026-04-03T02:46:06.867+0600][79.376s][info][gc,phases   ] GC(63) O: Old Generation 302M(15%)->268M(13%) 0.187s
[2026-04-03T02:46:06.867+0600][79.376s][info][gc          ] GC(63) Major Collection (System.gc()) 1296M(65%)->268M(13%) 0.241s
[2026-04-03T02:46:07.081+0600][79.590s][info][gc          ] GC(64) Minor Collection (Allocation Rate)
[2026-04-03T02:46:07.081+0600][79.590s][info][gc,task     ] GC(64) Using 1 Workers for Young Generation
[2026-04-03T02:46:07.081+0600][79.590s][info][gc,phases   ] GC(64) y: Young Generation
[2026-04-03T02:46:07.082+0600][79.590s][info][gc,phases   ] GC(64) y: Pause Mark Start 0.068ms
[2026-04-03T02:46:07.129+0600][79.638s][info][gc,phases   ] GC(64) y: Concurrent Mark 47.313ms
[2026-04-03T02:46:07.130+0600][79.638s][info][gc,phases   ] GC(64) y: Pause Mark End 0.036ms
[2026-04-03T02:46:07.130+0600][79.639s][info][gc,phases   ] GC(64) y: Concurrent Mark Free 0.002ms
[2026-04-03T02:46:07.130+0600][79.639s][info][gc,phases   ] GC(64) y: Concurrent Reset Relocation Set 0.001ms
[2026-04-03T02:46:07.133+0600][79.641s][info][gc,reloc    ] GC(64) y: Using tenuring threshold: 1 (Computed)
[2026-04-03T02:46:07.133+0600][79.642s][info][gc,phases   ] GC(64) y: Concurrent Select Relocation Set 3.033ms
[2026-04-03T02:46:07.133+0600][79.642s][info][gc,phases   ] GC(64) y: Pause Relocate Start 0.023ms
[2026-04-03T02:46:07.138+0600][79.647s][info][gc,phases   ] GC(64) y: Concurrent Relocate 4.990ms
[2026-04-03T02:46:07.138+0600][79.647s][info][gc,alloc    ] GC(64) y:                         Mark Start        Mark End      Relocate Start    Relocate End   
[2026-04-03T02:46:07.138+0600][79.647s][info][gc,alloc    ] GC(64) y: Allocation Stalls:          0                0                0                0         
[2026-04-03T02:46:07.138+0600][79.647s][info][gc,load     ] GC(64) y: Load: 6.31 (53%) / 5.69 (47%) / 5.66 (47%)
[2026-04-03T02:46:07.138+0600][79.647s][info][gc,mmu      ] GC(64) y: MMU: 2ms/95.0%, 5ms/97.8%, 10ms/98.9%, 20ms/99.4%, 50ms/99.7%, 100ms/99.8%
[2026-04-03T02:46:07.138+0600][79.647s][info][gc,marking  ] GC(64) y: Mark: 1 stripe(s), 2 proactive flush(es), 1 terminate flush(es), 0 completion(s), 0 continuation(s) 
[2026-04-03T02:46:07.138+0600][79.647s][info][gc,marking  ] GC(64) y: Mark Stack Usage: 32M
[2026-04-03T02:46:07.138+0600][79.647s][info][gc,nmethod  ] GC(64) y: NMethods: 13496 registered, 4297 unregistered
[2026-04-03T02:46:07.138+0600][79.647s][info][gc,metaspace] GC(64) y: Metaspace: 128M used, 130M committed, 1152M reserved
[2026-04-03T02:46:07.139+0600][79.647s][info][gc,reloc    ] GC(64) y:                        Candidates     Selected     In-Place         Size        Empty    Relocated 
[2026-04-03T02:46:07.139+0600][79.647s][info][gc,reloc    ] GC(64) y: Small Pages:                  104           86            0         208M          28M           4M 
[2026-04-03T02:46:07.139+0600][79.647s][info][gc,reloc    ] GC(64) y: Medium Pages:                   1            0            0          32M          32M           0M 
[2026-04-03T02:46:07.139+0600][79.647s][info][gc,reloc    ] GC(64) y: Large Pages:                  112            0            0         672M         660M           0M 
[2026-04-03T02:46:07.139+0600][79.647s][info][gc,reloc    ] GC(64) y: Forwarding Usage: 0M
[2026-04-03T02:46:07.139+0600][79.647s][info][gc,reloc    ] GC(64) y: Age Table:
[2026-04-03T02:46:07.139+0600][79.647s][info][gc,reloc    ] GC(64) y:                    Live             Garbage             Small              Medium             Large        
[2026-04-03T02:46:07.139+0600][79.647s][info][gc,reloc    ] GC(64) y: Eden              17M (1%)          894M (45%)        104 / 86             1 / 0            112 / 0        
[2026-04-03T02:46:07.139+0600][79.647s][info][gc,heap     ] GC(64) y: Min Capacity: 8M(0%)
[2026-04-03T02:46:07.139+0600][79.647s][info][gc,heap     ] GC(64) y: Max Capacity: 2000M(100%)
[2026-04-03T02:46:07.139+0600][79.647s][info][gc,heap     ] GC(64) y: Soft Max Capacity: 2000M(100%)
[2026-04-03T02:46:07.139+0600][79.647s][info][gc,heap     ] GC(64) y: Heap Statistics:
[2026-04-03T02:46:07.139+0600][79.647s][info][gc,heap     ] GC(64) y:                Mark Start          Mark End        Relocate Start      Relocate End           High               Low         
[2026-04-03T02:46:07.139+0600][79.647s][info][gc,heap     ] GC(64) y:  Capacity:     2000M (100%)       2000M (100%)       2000M (100%)       2000M (100%)       2000M (100%)       2000M (100%)   
[2026-04-03T02:46:07.139+0600][79.647s][info][gc,heap     ] GC(64) y:      Free:      874M (44%)         630M (32%)        1340M (67%)        1496M (75%)        1496M (75%)         630M (32%)    
[2026-04-03T02:46:07.139+0600][79.647s][info][gc,heap     ] GC(64) y:      Used:     1126M (56%)        1370M (68%)         660M (33%)         504M (25%)        1370M (68%)         504M (25%)    
[2026-04-03T02:46:07.139+0600][79.647s][info][gc,heap     ] GC(64) y: Young Generation Statistics:
[2026-04-03T02:46:07.139+0600][79.648s][info][gc,heap     ] GC(64) y:                Mark Start          Mark End        Relocate Start      Relocate End    
[2026-04-03T02:46:07.139+0600][79.648s][info][gc,heap     ] GC(64) y:      Used:      912M (46%)        1156M (58%)         446M (22%)         290M (14%)    
[2026-04-03T02:46:07.139+0600][79.648s][info][gc,heap     ] GC(64) y:      Live:         -                17M (1%)           17M (1%)           17M (1%)     
[2026-04-03T02:46:07.139+0600][79.648s][info][gc,heap     ] GC(64) y:   Garbage:         -               894M (45%)         174M (9%)            1M (0%)     
[2026-04-03T02:46:07.139+0600][79.648s][info][gc,heap     ] GC(64) y: Allocated:         -               244M (12%)         254M (13%)         271M (14%)    
[2026-04-03T02:46:07.139+0600][79.648s][info][gc,heap     ] GC(64) y: Reclaimed:         -                  -               720M (36%)         893M (45%)    
[2026-04-03T02:46:07.139+0600][79.648s][info][gc,heap     ] GC(64) y:  Promoted:         -                  -                 0M (0%)            0M (0%)     
[2026-04-03T02:46:07.139+0600][79.648s][info][gc,heap     ] GC(64) y: Compacted:         -                  -                  -                 4M (0%)     
[2026-04-03T02:46:07.139+0600][79.648s][info][gc,phases   ] GC(64) y: Young Generation 1120M(56%)->504M(25%) 0.057s
[2026-04-03T02:46:07.139+0600][79.648s][info][gc          ] GC(64) Minor Collection (Allocation Rate) 1120M(56%)->506M(25%) 0.058s
[2026-04-03T02:46:08.032+0600][80.540s][info][gc          ] GC(65) Minor Collection (Allocation Rate)
[2026-04-03T02:46:08.032+0600][80.541s][info][gc,task     ] GC(65) Using 1 Workers for Young Generation
[2026-04-03T02:46:08.032+0600][80.541s][info][gc,phases   ] GC(65) y: Young Generation
[2026-04-03T02:46:08.032+0600][80.541s][info][gc,phases   ] GC(65) y: Pause Mark Start 0.025ms
[2026-04-03T02:46:08.079+0600][80.588s][info][gc,phases   ] GC(65) y: Concurrent Mark 47.190ms
[2026-04-03T02:46:08.080+0600][80.588s][info][gc,phases   ] GC(65) y: Pause Mark End 0.023ms
[2026-04-03T02:46:08.080+0600][80.589s][info][gc,phases   ] GC(65) y: Concurrent Mark Free 0.002ms
[2026-04-03T02:46:08.080+0600][80.589s][info][gc,phases   ] GC(65) y: Concurrent Reset Relocation Set 0.010ms
[2026-04-03T02:46:08.083+0600][80.592s][info][gc,reloc    ] GC(65) y: Using tenuring threshold: 2 (Computed)
[2026-04-03T02:46:08.084+0600][80.592s][info][gc,phases   ] GC(65) y: Concurrent Select Relocation Set 3.893ms
[2026-04-03T02:46:08.084+0600][80.593s][info][gc,phases   ] GC(65) y: Pause Relocate Start 0.019ms
[2026-04-03T02:46:08.095+0600][80.604s][info][gc,phases   ] GC(65) y: Concurrent Relocate 11.144ms
[2026-04-03T02:46:08.095+0600][80.604s][info][gc,alloc    ] GC(65) y:                         Mark Start        Mark End      Relocate Start    Relocate End   
[2026-04-03T02:46:08.095+0600][80.604s][info][gc,alloc    ] GC(65) y: Allocation Stalls:          0                0                0                0         
[2026-04-03T02:46:08.095+0600][80.604s][info][gc,load     ] GC(65) y: Load: 6.31 (53%) / 5.69 (47%) / 5.66 (47%)
[2026-04-03T02:46:08.095+0600][80.604s][info][gc,mmu      ] GC(65) y: MMU: 2ms/95.0%, 5ms/97.8%, 10ms/98.9%, 20ms/99.4%, 50ms/99.7%, 100ms/99.8%
[2026-04-03T02:46:08.095+0600][80.604s][info][gc,marking  ] GC(65) y: Mark: 1 stripe(s), 2 proactive flush(es), 1 terminate flush(es), 0 completion(s), 0 continuation(s) 
[2026-04-03T02:46:08.095+0600][80.604s][info][gc,marking  ] GC(65) y: Mark Stack Usage: 32M
[2026-04-03T02:46:08.095+0600][80.604s][info][gc,nmethod  ] GC(65) y: NMethods: 13530 registered, 4297 unregistered
[2026-04-03T02:46:08.095+0600][80.604s][info][gc,metaspace] GC(65) y: Metaspace: 128M used, 130M committed, 1152M reserved
[2026-04-03T02:46:08.095+0600][80.604s][info][gc,reloc    ] GC(65) y:                        Candidates     Selected     In-Place         Size        Empty    Relocated 
[2026-04-03T02:46:08.095+0600][80.604s][info][gc,reloc    ] GC(65) y: Small Pages:                  313          243            0         626M         130M           5M 
[2026-04-03T02:46:08.095+0600][80.604s][info][gc,reloc    ] GC(65) y: Medium Pages:                   3            0            0          96M          96M           0M 
[2026-04-03T02:46:08.095+0600][80.604s][info][gc,reloc    ] GC(65) y: Large Pages:                   38            0            0         228M         228M           0M 
[2026-04-03T02:46:08.095+0600][80.604s][info][gc,reloc    ] GC(65) y: Forwarding Usage: 1M
[2026-04-03T02:46:08.096+0600][80.604s][info][gc,reloc    ] GC(65) y: Age Table:
[2026-04-03T02:46:08.096+0600][80.604s][info][gc,reloc    ] GC(65) y:                    Live             Garbage             Small              Medium             Large        
[2026-04-03T02:46:08.096+0600][80.604s][info][gc,reloc    ] GC(65) y: Eden               5M (0%)          922M (46%)        308 / 241            3 / 0             36 / 0        
[2026-04-03T02:46:08.096+0600][80.604s][info][gc,reloc    ] GC(65) y: Survivor 1         1M (0%)           20M (1%)           5 / 2              0 / 0              2 / 0        
[2026-04-03T02:46:08.096+0600][80.604s][info][gc,heap     ] GC(65) y: Min Capacity: 8M(0%)
[2026-04-03T02:46:08.096+0600][80.604s][info][gc,heap     ] GC(65) y: Max Capacity: 2000M(100%)
[2026-04-03T02:46:08.096+0600][80.604s][info][gc,heap     ] GC(65) y: Soft Max Capacity: 2000M(100%)
[2026-04-03T02:46:08.096+0600][80.604s][info][gc,heap     ] GC(65) y: Heap Statistics:
[2026-04-03T02:46:08.096+0600][80.604s][info][gc,heap     ] GC(65) y:                Mark Start          Mark End        Relocate Start      Relocate End           High               Low         
[2026-04-03T02:46:08.096+0600][80.604s][info][gc,heap     ] GC(65) y:  Capacity:     2000M (100%)       2000M (100%)       2000M (100%)       2000M (100%)       2000M (100%)       2000M (100%)   
[2026-04-03T02:46:08.096+0600][80.604s][info][gc,heap     ] GC(65) y:      Free:      836M (42%)         766M (38%)        1216M (61%)        1682M (84%)        1682M (84%)         766M (38%)    
[2026-04-03T02:46:08.096+0600][80.604s][info][gc,heap     ] GC(65) y:      Used:     1164M (58%)        1234M (62%)         784M (39%)         318M (16%)        1234M (62%)         318M (16%)    
[2026-04-03T02:46:08.096+0600][80.604s][info][gc,heap     ] GC(65) y: Young Generation Statistics:
[2026-04-03T02:46:08.096+0600][80.604s][info][gc,heap     ] GC(65) y:                Mark Start          Mark End        Relocate Start      Relocate End    
[2026-04-03T02:46:08.096+0600][80.604s][info][gc,heap     ] GC(65) y:      Used:      950M (48%)        1020M (51%)         570M (28%)         104M (5%)     
[2026-04-03T02:46:08.096+0600][80.604s][info][gc,heap     ] GC(65) y:      Live:         -                 7M (0%)            7M (0%)            7M (0%)     
[2026-04-03T02:46:08.096+0600][80.604s][info][gc,heap     ] GC(65) y:   Garbage:         -               942M (47%)         488M (24%)           0M (0%)     
[2026-04-03T02:46:08.096+0600][80.604s][info][gc,heap     ] GC(65) y: Allocated:         -                70M (4%)           74M (4%)           96M (5%)     
[2026-04-03T02:46:08.096+0600][80.604s][info][gc,heap     ] GC(65) y: Reclaimed:         -                  -               454M (23%)         942M (47%)    
[2026-04-03T02:46:08.096+0600][80.604s][info][gc,heap     ] GC(65) y:  Promoted:         -                  -                 0M (0%)            0M (0%)     
[2026-04-03T02:46:08.096+0600][80.604s][info][gc,heap     ] GC(65) y: Compacted:         -                  -                  -                 5M (0%)     
[2026-04-03T02:46:08.096+0600][80.605s][info][gc,phases   ] GC(65) y: Young Generation 1164M(58%)->318M(16%) 0.063s
[2026-04-03T02:46:08.096+0600][80.605s][info][gc          ] GC(65) Minor Collection (Allocation Rate) 1164M(58%)->318M(16%) 0.064s
[2026-04-03T02:46:09.558+0600][82.067s][info][gc          ] GC(66) Minor Collection (Allocation Rate)
[2026-04-03T02:46:09.558+0600][82.067s][info][gc,task     ] GC(66) Using 1 Workers for Young Generation
[2026-04-03T02:46:09.558+0600][82.067s][info][gc,phases   ] GC(66) y: Young Generation
[2026-04-03T02:46:09.558+0600][82.067s][info][gc,phases   ] GC(66) y: Pause Mark Start 0.023ms
[2026-04-03T02:46:09.608+0600][82.117s][info][gc,phases   ] GC(66) y: Concurrent Mark 49.841ms
[2026-04-03T02:46:09.608+0600][82.117s][info][gc,phases   ] GC(66) y: Pause Mark End 0.026ms
[2026-04-03T02:46:09.608+0600][82.117s][info][gc,phases   ] GC(66) y: Concurrent Mark Free 0.001ms
[2026-04-03T02:46:09.609+0600][82.117s][info][gc,phases   ] GC(66) y: Concurrent Reset Relocation Set 0.030ms
[2026-04-03T02:46:09.612+0600][82.121s][info][gc,reloc    ] GC(66) y: Using tenuring threshold: 3 (Computed)
[2026-04-03T02:46:09.613+0600][82.121s][info][gc,phases   ] GC(66) y: Concurrent Select Relocation Set 4.097ms
[2026-04-03T02:46:09.613+0600][82.122s][info][gc,phases   ] GC(66) y: Pause Relocate Start 0.018ms
[2026-04-03T02:46:09.622+0600][82.131s][info][gc,phases   ] GC(66) y: Concurrent Relocate 9.408ms
[2026-04-03T02:46:09.623+0600][82.131s][info][gc,alloc    ] GC(66) y:                         Mark Start        Mark End      Relocate Start    Relocate End   
[2026-04-03T02:46:09.623+0600][82.131s][info][gc,alloc    ] GC(66) y: Allocation Stalls:          0                0                0                0         
[2026-04-03T02:46:09.623+0600][82.131s][info][gc,load     ] GC(66) y: Load: 6.31 (53%) / 5.69 (47%) / 5.66 (47%)
[2026-04-03T02:46:09.623+0600][82.131s][info][gc,mmu      ] GC(66) y: MMU: 2ms/95.0%, 5ms/97.8%, 10ms/98.9%, 20ms/99.4%, 50ms/99.7%, 100ms/99.8%
[2026-04-03T02:46:09.623+0600][82.131s][info][gc,marking  ] GC(66) y: Mark: 1 stripe(s), 2 proactive flush(es), 1 terminate flush(es), 0 completion(s), 0 continuation(s) 
[2026-04-03T02:46:09.623+0600][82.131s][info][gc,marking  ] GC(66) y: Mark Stack Usage: 32M
[2026-04-03T02:46:09.623+0600][82.131s][info][gc,nmethod  ] GC(66) y: NMethods: 13553 registered, 4297 unregistered
[2026-04-03T02:46:09.623+0600][82.131s][info][gc,metaspace] GC(66) y: Metaspace: 128M used, 130M committed, 1152M reserved
[2026-04-03T02:46:09.623+0600][82.131s][info][gc,reloc    ] GC(66) y:                        Candidates     Selected     In-Place         Size        Empty    Relocated 
[2026-04-03T02:46:09.623+0600][82.131s][info][gc,reloc    ] GC(66) y: Small Pages:                  461          269            0         922M         374M           5M 
[2026-04-03T02:46:09.623+0600][82.132s][info][gc,reloc    ] GC(66) y: Medium Pages:                   6            0            0         192M         192M           0M 
[2026-04-03T02:46:09.623+0600][82.132s][info][gc,reloc    ] GC(66) y: Large Pages:                   22            0            0         132M         132M           0M 
[2026-04-03T02:46:09.623+0600][82.132s][info][gc,reloc    ] GC(66) y: Forwarding Usage: 1M
[2026-04-03T02:46:09.623+0600][82.132s][info][gc,reloc    ] GC(66) y: Age Table:
[2026-04-03T02:46:09.623+0600][82.132s][info][gc,reloc    ] GC(66) y:                    Live             Garbage             Small              Medium             Large        
[2026-04-03T02:46:09.623+0600][82.132s][info][gc,reloc    ] GC(66) y: Eden               4M (0%)         1215M (61%)        448 / 258            6 / 0             22 / 0        
[2026-04-03T02:46:09.623+0600][82.132s][info][gc,reloc    ] GC(66) y: Survivor 1         2M (0%)           19M (1%)          11 / 10             0 / 0              0 / 0        
[2026-04-03T02:46:09.623+0600][82.132s][info][gc,reloc    ] GC(66) y: Survivor 2         1M (0%)            2M (0%)           2 / 1              0 / 0              0 / 0        
[2026-04-03T02:46:09.623+0600][82.132s][info][gc,heap     ] GC(66) y: Min Capacity: 8M(0%)
[2026-04-03T02:46:09.623+0600][82.132s][info][gc,heap     ] GC(66) y: Max Capacity: 2000M(100%)
[2026-04-03T02:46:09.623+0600][82.132s][info][gc,heap     ] GC(66) y: Soft Max Capacity: 2000M(100%)
[2026-04-03T02:46:09.623+0600][82.132s][info][gc,heap     ] GC(66) y: Heap Statistics:
[2026-04-03T02:46:09.623+0600][82.132s][info][gc,heap     ] GC(66) y:                Mark Start          Mark End        Relocate Start      Relocate End           High               Low         
[2026-04-03T02:46:09.623+0600][82.132s][info][gc,heap     ] GC(66) y:  Capacity:     2000M (100%)       2000M (100%)       2000M (100%)       2000M (100%)       2000M (100%)       2000M (100%)   
[2026-04-03T02:46:09.623+0600][82.132s][info][gc,heap     ] GC(66) y:      Free:      540M (27%)         466M (23%)        1164M (58%)        1680M (84%)        1680M (84%)         466M (23%)    
[2026-04-03T02:46:09.623+0600][82.132s][info][gc,heap     ] GC(66) y:      Used:     1460M (73%)        1534M (77%)         836M (42%)         320M (16%)        1534M (77%)         320M (16%)    
[2026-04-03T02:46:09.623+0600][82.132s][info][gc,heap     ] GC(66) y: Young Generation Statistics:
[2026-04-03T02:46:09.623+0600][82.132s][info][gc,heap     ] GC(66) y:                Mark Start          Mark End        Relocate Start      Relocate End    
[2026-04-03T02:46:09.623+0600][82.132s][info][gc,heap     ] GC(66) y:      Used:     1246M (62%)        1320M (66%)         622M (31%)         106M (5%)     
[2026-04-03T02:46:09.623+0600][82.132s][info][gc,heap     ] GC(66) y:      Live:         -                 8M (0%)            8M (0%)            8M (0%)     
[2026-04-03T02:46:09.623+0600][82.132s][info][gc,heap     ] GC(66) y:   Garbage:         -              1237M (62%)         539M (27%)           0M (0%)     
[2026-04-03T02:46:09.623+0600][82.132s][info][gc,heap     ] GC(66) y: Allocated:         -                74M (4%)           74M (4%)           97M (5%)     
[2026-04-03T02:46:09.623+0600][82.132s][info][gc,heap     ] GC(66) y: Reclaimed:         -                  -               698M (35%)        1237M (62%)    
[2026-04-03T02:46:09.623+0600][82.132s][info][gc,heap     ] GC(66) y:  Promoted:         -                  -                 0M (0%)            0M (0%)     
[2026-04-03T02:46:09.623+0600][82.132s][info][gc,heap     ] GC(66) y: Compacted:         -                  -                  -                 6M (0%)     
[2026-04-03T02:46:09.623+0600][82.132s][info][gc,phases   ] GC(66) y: Young Generation 1460M(73%)->320M(16%) 0.065s
[2026-04-03T02:46:09.623+0600][82.132s][info][gc          ] GC(66) Minor Collection (Allocation Rate) 1460M(73%)->320M(16%) 0.065s
[2026-04-03T02:46:10.984+0600][83.493s][info][gc          ] GC(67) Minor Collection (Allocation Rate)
[2026-04-03T02:46:10.984+0600][83.493s][info][gc,task     ] GC(67) Using 1 Workers for Young Generation
[2026-04-03T02:46:10.984+0600][83.493s][info][gc,phases   ] GC(67) y: Young Generation
[2026-04-03T02:46:10.984+0600][83.493s][info][gc,phases   ] GC(67) y: Pause Mark Start 0.024ms
[2026-04-03T02:46:10.996+0600][83.505s][info][gc,task     ] Adjusting Workers for Young Generation: 1 -> 3
[2026-04-03T02:46:11.018+0600][83.526s][info][gc,phases   ] GC(67) y: Concurrent Mark 33.130ms
[2026-04-03T02:46:11.018+0600][83.526s][info][gc,phases   ] GC(67) y: Pause Mark End 0.019ms
[2026-04-03T02:46:11.018+0600][83.527s][info][gc,phases   ] GC(67) y: Concurrent Mark Free 0.001ms
[2026-04-03T02:46:11.018+0600][83.527s][info][gc,phases   ] GC(67) y: Concurrent Reset Relocation Set 0.019ms
[2026-04-03T02:46:11.018+0600][83.527s][info][gc          ] Allocation Stall (Executor task launch worker for task 1.0 in stage 3332.0 (TID 6096)) 11.134ms
[2026-04-03T02:46:11.018+0600][83.527s][info][gc          ] Allocation Stall (Executor task launch worker for task 0.0 in stage 3332.0 (TID 6095)) 16.829ms
[2026-04-03T02:46:11.018+0600][83.527s][info][gc          ] Allocation Stall (Executor task launch worker for task 2.0 in stage 3332.0 (TID 6097)) 15.233ms
[2026-04-03T02:46:11.018+0600][83.527s][info][gc          ] Allocation Stall (Executor task launch worker for task 3.0 in stage 3332.0 (TID 6098)) 14.037ms
[2026-04-03T02:46:11.020+0600][83.529s][info][gc,reloc    ] GC(67) y: Using tenuring threshold: 4 (Computed)
[2026-04-03T02:46:11.020+0600][83.529s][info][gc,phases   ] GC(67) y: Concurrent Select Relocation Set 2.528ms
[2026-04-03T02:46:11.021+0600][83.530s][info][gc,phases   ] GC(67) y: Pause Relocate Start 0.015ms
[2026-04-03T02:46:11.026+0600][83.535s][info][gc,phases   ] GC(67) y: Concurrent Relocate 5.111ms
[2026-04-03T02:46:11.026+0600][83.535s][info][gc,alloc    ] GC(67) y:                         Mark Start        Mark End      Relocate Start    Relocate End   
[2026-04-03T02:46:11.026+0600][83.535s][info][gc,alloc    ] GC(67) y: Allocation Stalls:          0                4                0                0         
[2026-04-03T02:46:11.026+0600][83.535s][info][gc,load     ] GC(67) y: Load: 6.37 (53%) / 5.72 (48%) / 5.66 (47%)
[2026-04-03T02:46:11.026+0600][83.535s][info][gc,mmu      ] GC(67) y: MMU: 2ms/95.0%, 5ms/97.8%, 10ms/98.9%, 20ms/99.4%, 50ms/99.7%, 100ms/99.8%
[2026-04-03T02:46:11.026+0600][83.535s][info][gc,marking  ] GC(67) y: Mark: 1 stripe(s), 2 proactive flush(es), 1 terminate flush(es), 0 completion(s), 0 continuation(s) 
[2026-04-03T02:46:11.026+0600][83.535s][info][gc,marking  ] GC(67) y: Mark Stack Usage: 32M
[2026-04-03T02:46:11.026+0600][83.535s][info][gc,nmethod  ] GC(67) y: NMethods: 13573 registered, 4297 unregistered
[2026-04-03T02:46:11.026+0600][83.535s][info][gc,metaspace] GC(67) y: Metaspace: 128M used, 130M committed, 1152M reserved
[2026-04-03T02:46:11.027+0600][83.535s][info][gc,reloc    ] GC(67) y:                        Candidates     Selected     In-Place         Size        Empty    Relocated 
[2026-04-03T02:46:11.027+0600][83.535s][info][gc,reloc    ] GC(67) y: Small Pages:                  548          238            0        1096M         604M           7M 
[2026-04-03T02:46:11.027+0600][83.535s][info][gc,reloc    ] GC(67) y: Medium Pages:                   6            0            0         192M         192M           0M 
[2026-04-03T02:46:11.027+0600][83.535s][info][gc,reloc    ] GC(67) y: Large Pages:                   41            0            0         246M         222M           0M 
[2026-04-03T02:46:11.027+0600][83.535s][info][gc,reloc    ] GC(67) y: Forwarding Usage: 1M
[2026-04-03T02:46:11.027+0600][83.535s][info][gc,reloc    ] GC(67) y: Age Table:
[2026-04-03T02:46:11.027+0600][83.535s][info][gc,reloc    ] GC(67) y:                    Live             Garbage             Small              Medium             Large        
[2026-04-03T02:46:11.027+0600][83.535s][info][gc,reloc    ] GC(67) y: Eden              30M (2%)         1473M (74%)        533 / 229            6 / 0             41 / 0        
[2026-04-03T02:46:11.027+0600][83.535s][info][gc,reloc    ] GC(67) y: Survivor 1         3M (0%)            2M (0%)           3 / 2              0 / 0              0 / 0        
[2026-04-03T02:46:11.027+0600][83.535s][info][gc,reloc    ] GC(67) y: Survivor 2         2M (0%)           17M (1%)          10 / 6              0 / 0              0 / 0        
[2026-04-03T02:46:11.027+0600][83.535s][info][gc,reloc    ] GC(67) y: Survivor 3         1M (0%)            2M (0%)           2 / 1              0 / 0              0 / 0        
[2026-04-03T02:46:11.027+0600][83.535s][info][gc,heap     ] GC(67) y: Min Capacity: 8M(0%)
[2026-04-03T02:46:11.027+0600][83.535s][info][gc,heap     ] GC(67) y: Max Capacity: 2000M(100%)
[2026-04-03T02:46:11.027+0600][83.535s][info][gc,heap     ] GC(67) y: Soft Max Capacity: 2000M(100%)
[2026-04-03T02:46:11.027+0600][83.535s][info][gc,heap     ] GC(67) y: Heap Statistics:
[2026-04-03T02:46:11.027+0600][83.535s][info][gc,heap     ] GC(67) y:                Mark Start          Mark End        Relocate Start      Relocate End           High               Low         
[2026-04-03T02:46:11.027+0600][83.535s][info][gc,heap     ] GC(67) y:  Capacity:     2000M (100%)       2000M (100%)       2000M (100%)       2000M (100%)       2000M (100%)       2000M (100%)   
[2026-04-03T02:46:11.027+0600][83.535s][info][gc,heap     ] GC(67) y:      Free:      252M (13%)           0M (0%)          974M (49%)        1396M (70%)        1414M (71%)           0M (0%)     
[2026-04-03T02:46:11.027+0600][83.535s][info][gc,heap     ] GC(67) y:      Used:     1748M (87%)        2000M (100%)       1026M (51%)         604M (30%)        2000M (100%)        586M (29%)    
[2026-04-03T02:46:11.027+0600][83.535s][info][gc,heap     ] GC(67) y: Young Generation Statistics:
[2026-04-03T02:46:11.027+0600][83.535s][info][gc,heap     ] GC(67) y:                Mark Start          Mark End        Relocate Start      Relocate End    
[2026-04-03T02:46:11.027+0600][83.535s][info][gc,heap     ] GC(67) y:      Used:     1534M (77%)        1786M (89%)         812M (41%)         390M (20%)    
[2026-04-03T02:46:11.027+0600][83.535s][info][gc,heap     ] GC(67) y:      Live:         -                37M (2%)           37M (2%)           37M (2%)     
[2026-04-03T02:46:11.027+0600][83.535s][info][gc,heap     ] GC(67) y:   Garbage:         -              1496M (75%)         478M (24%)           0M (0%)     
[2026-04-03T02:46:11.027+0600][83.535s][info][gc,heap     ] GC(67) y: Allocated:         -               252M (13%)         296M (15%)         351M (18%)    
[2026-04-03T02:46:11.027+0600][83.535s][info][gc,heap     ] GC(67) y: Reclaimed:         -                  -              1018M (51%)        1495M (75%)    
[2026-04-03T02:46:11.027+0600][83.535s][info][gc,heap     ] GC(67) y:  Promoted:         -                  -                 0M (0%)            0M (0%)     
[2026-04-03T02:46:11.027+0600][83.535s][info][gc,heap     ] GC(67) y: Compacted:         -                  -                  -                 8M (0%)     
[2026-04-03T02:46:11.027+0600][83.535s][info][gc,phases   ] GC(67) y: Young Generation 1748M(87%)->604M(30%) 0.042s
[2026-04-03T02:46:11.027+0600][83.536s][info][gc          ] GC(67) Minor Collection (Allocation Rate) 1748M(87%)->610M(30%) 0.043s
[2026-04-03T02:46:11.353+0600][83.862s][info][gc          ] GC(68) Minor Collection (Allocation Rate)
[2026-04-03T02:46:11.353+0600][83.862s][info][gc,task     ] GC(68) Using 1 Workers for Young Generation
[2026-04-03T02:46:11.353+0600][83.862s][info][gc,phases   ] GC(68) y: Young Generation
[2026-04-03T02:46:11.354+0600][83.862s][info][gc,phases   ] GC(68) y: Pause Mark Start 0.014ms
[2026-04-03T02:46:11.387+0600][83.896s][info][gc,phases   ] GC(68) y: Concurrent Mark 33.314ms
[2026-04-03T02:46:11.387+0600][83.896s][info][gc,phases   ] GC(68) y: Pause Mark End 0.019ms
[2026-04-03T02:46:11.388+0600][83.896s][info][gc,phases   ] GC(68) y: Concurrent Mark Free 0.001ms
[2026-04-03T02:46:11.388+0600][83.896s][info][gc,phases   ] GC(68) y: Concurrent Reset Relocation Set 0.011ms
[2026-04-03T02:46:11.389+0600][83.898s][info][gc,reloc    ] GC(68) y: Using tenuring threshold: 5 (Computed)
[2026-04-03T02:46:11.390+0600][83.898s][info][gc,phases   ] GC(68) y: Concurrent Select Relocation Set 2.058ms
[2026-04-03T02:46:11.390+0600][83.899s][info][gc,phases   ] GC(68) y: Pause Relocate Start 0.013ms
[2026-04-03T02:46:11.393+0600][83.902s][info][gc,phases   ] GC(68) y: Concurrent Relocate 3.052ms
[2026-04-03T02:46:11.393+0600][83.902s][info][gc,alloc    ] GC(68) y:                         Mark Start        Mark End      Relocate Start    Relocate End   
[2026-04-03T02:46:11.393+0600][83.902s][info][gc,alloc    ] GC(68) y: Allocation Stalls:          0                0                0                0         
[2026-04-03T02:46:11.393+0600][83.902s][info][gc,load     ] GC(68) y: Load: 6.37 (53%) / 5.72 (48%) / 5.66 (47%)
[2026-04-03T02:46:11.393+0600][83.902s][info][gc,mmu      ] GC(68) y: MMU: 2ms/95.0%, 5ms/97.8%, 10ms/98.9%, 20ms/99.4%, 50ms/99.7%, 100ms/99.8%
[2026-04-03T02:46:11.393+0600][83.902s][info][gc,marking  ] GC(68) y: Mark: 1 stripe(s), 2 proactive flush(es), 1 terminate flush(es), 0 completion(s), 0 continuation(s) 
[2026-04-03T02:46:11.393+0600][83.902s][info][gc,marking  ] GC(68) y: Mark Stack Usage: 32M
[2026-04-03T02:46:11.393+0600][83.902s][info][gc,nmethod  ] GC(68) y: NMethods: 13597 registered, 4297 unregistered
[2026-04-03T02:46:11.393+0600][83.902s][info][gc,metaspace] GC(68) y: Metaspace: 129M used, 130M committed, 1152M reserved
[2026-04-03T02:46:11.393+0600][83.902s][info][gc,reloc    ] GC(68) y:                        Candidates     Selected     In-Place         Size        Empty    Relocated 
[2026-04-03T02:46:11.393+0600][83.902s][info][gc,reloc    ] GC(68) y: Small Pages:                  131           94            0         262M          56M           4M 
[2026-04-03T02:46:11.393+0600][83.902s][info][gc,reloc    ] GC(68) y: Medium Pages:                   2            0            0          64M          64M           0M 
[2026-04-03T02:46:11.393+0600][83.902s][info][gc,reloc    ] GC(68) y: Large Pages:                  126            0            0         756M         756M           0M 
[2026-04-03T02:46:11.393+0600][83.902s][info][gc,reloc    ] GC(68) y: Forwarding Usage: 0M
[2026-04-03T02:46:11.393+0600][83.902s][info][gc,reloc    ] GC(68) y: Age Table:
[2026-04-03T02:46:11.393+0600][83.902s][info][gc,reloc    ] GC(68) y:                    Live             Garbage             Small              Medium             Large        
[2026-04-03T02:46:11.393+0600][83.902s][info][gc,reloc    ] GC(68) y: Eden               2M (0%)         1021M (51%)        114 / 88             2 / 0            122 / 0        
[2026-04-03T02:46:11.393+0600][83.902s][info][gc,reloc    ] GC(68) y: Survivor 1         4M (0%)           39M (2%)          10 / 3              0 / 0              4 / 0        
[2026-04-03T02:46:11.393+0600][83.902s][info][gc,reloc    ] GC(68) y: Survivor 2         3M (0%)            2M (0%)           3 / 2              0 / 0              0 / 0        
[2026-04-03T02:46:11.393+0600][83.902s][info][gc,reloc    ] GC(68) y: Survivor 3         2M (0%)            1M (0%)           2 / 0              0 / 0              0 / 0        
[2026-04-03T02:46:11.393+0600][83.902s][info][gc,reloc    ] GC(68) y: Survivor 4         1M (0%)            2M (0%)           2 / 1              0 / 0              0 / 0        
[2026-04-03T02:46:11.393+0600][83.902s][info][gc,heap     ] GC(68) y: Min Capacity: 8M(0%)
[2026-04-03T02:46:11.393+0600][83.902s][info][gc,heap     ] GC(68) y: Max Capacity: 2000M(100%)
[2026-04-03T02:46:11.393+0600][83.902s][info][gc,heap     ] GC(68) y: Soft Max Capacity: 2000M(100%)
[2026-04-03T02:46:11.393+0600][83.902s][info][gc,heap     ] GC(68) y: Heap Statistics:
[2026-04-03T02:46:11.393+0600][83.902s][info][gc,heap     ] GC(68) y:                Mark Start          Mark End        Relocate Start      Relocate End           High               Low         
[2026-04-03T02:46:11.393+0600][83.902s][info][gc,heap     ] GC(68) y:  Capacity:     2000M (100%)       2000M (100%)       2000M (100%)       2000M (100%)       2000M (100%)       2000M (100%)   
[2026-04-03T02:46:11.393+0600][83.902s][info][gc,heap     ] GC(68) y:      Free:      704M (35%)         684M (34%)        1560M (78%)        1740M (87%)        1740M (87%)         684M (34%)    
[2026-04-03T02:46:11.393+0600][83.902s][info][gc,heap     ] GC(68) y:      Used:     1296M (65%)        1316M (66%)         440M (22%)         260M (13%)        1316M (66%)         260M (13%)    
[2026-04-03T02:46:11.393+0600][83.902s][info][gc,heap     ] GC(68) y: Young Generation Statistics:
[2026-04-03T02:46:11.393+0600][83.902s][info][gc,heap     ] GC(68) y:                Mark Start          Mark End        Relocate Start      Relocate End    
[2026-04-03T02:46:11.393+0600][83.902s][info][gc,heap     ] GC(68) y:      Used:     1082M (54%)        1102M (55%)         226M (11%)          46M (2%)     
[2026-04-03T02:46:11.393+0600][83.902s][info][gc,heap     ] GC(68) y:      Live:         -                14M (1%)           14M (1%)           14M (1%)     
[2026-04-03T02:46:11.393+0600][83.902s][info][gc,heap     ] GC(68) y:   Garbage:         -              1067M (53%)         191M (10%)           2M (0%)     
[2026-04-03T02:46:11.393+0600][83.902s][info][gc,heap     ] GC(68) y: Allocated:         -                20M (1%)           20M (1%)           29M (1%)     
[2026-04-03T02:46:11.393+0600][83.902s][info][gc,heap     ] GC(68) y: Reclaimed:         -                  -               876M (44%)        1065M (53%)    
[2026-04-03T02:46:11.393+0600][83.902s][info][gc,heap     ] GC(68) y:  Promoted:         -                  -                 0M (0%)            0M (0%)     
[2026-04-03T02:46:11.393+0600][83.902s][info][gc,heap     ] GC(68) y: Compacted:         -                  -                  -                 4M (0%)     
[2026-04-03T02:46:11.393+0600][83.902s][info][gc,phases   ] GC(68) y: Young Generation 1296M(65%)->260M(13%) 0.040s
[2026-04-03T02:46:11.393+0600][83.902s][info][gc          ] GC(68) Minor Collection (Allocation Rate) 1296M(65%)->260M(13%) 0.040s
[2026-04-03T02:46:12.812+0600][85.321s][info][gc          ] GC(69) Minor Collection (Allocation Rate)
[2026-04-03T02:46:12.812+0600][85.321s][info][gc,task     ] GC(69) Using 1 Workers for Young Generation
[2026-04-03T02:46:12.812+0600][85.321s][info][gc,phases   ] GC(69) y: Young Generation
[2026-04-03T02:46:12.813+0600][85.321s][info][gc,phases   ] GC(69) y: Pause Mark Start 0.030ms
[2026-04-03T02:46:12.867+0600][85.376s][info][gc,phases   ] GC(69) y: Concurrent Mark 54.548ms
[2026-04-03T02:46:12.868+0600][85.377s][info][gc,phases   ] GC(69) y: Pause Mark End 0.029ms
[2026-04-03T02:46:12.869+0600][85.378s][info][gc,phases   ] GC(69) y: Concurrent Mark Free 0.002ms
[2026-04-03T02:46:12.869+0600][85.378s][info][gc,phases   ] GC(69) y: Concurrent Reset Relocation Set 0.020ms
[2026-04-03T02:46:12.873+0600][85.382s][info][gc,reloc    ] GC(69) y: Using tenuring threshold: 6 (Computed)
[2026-04-03T02:46:12.874+0600][85.383s][info][gc,phases   ] GC(69) y: Concurrent Select Relocation Set 5.142ms
[2026-04-03T02:46:12.875+0600][85.383s][info][gc,phases   ] GC(69) y: Pause Relocate Start 0.053ms
[2026-04-03T02:46:12.884+0600][85.392s][info][gc,phases   ] GC(69) y: Concurrent Relocate 8.638ms
[2026-04-03T02:46:12.884+0600][85.392s][info][gc,alloc    ] GC(69) y:                         Mark Start        Mark End      Relocate Start    Relocate End   
[2026-04-03T02:46:12.884+0600][85.392s][info][gc,alloc    ] GC(69) y: Allocation Stalls:          0                0                0                0         
[2026-04-03T02:46:12.884+0600][85.392s][info][gc,load     ] GC(69) y: Load: 6.37 (53%) / 5.72 (48%) / 5.66 (47%)
[2026-04-03T02:46:12.884+0600][85.392s][info][gc,mmu      ] GC(69) y: MMU: 2ms/95.0%, 5ms/97.8%, 10ms/98.9%, 20ms/99.4%, 50ms/99.7%, 100ms/99.8%
[2026-04-03T02:46:12.884+0600][85.392s][info][gc,marking  ] GC(69) y: Mark: 1 stripe(s), 2 proactive flush(es), 1 terminate flush(es), 0 completion(s), 0 continuation(s) 
[2026-04-03T02:46:12.884+0600][85.392s][info][gc,marking  ] GC(69) y: Mark Stack Usage: 32M
[2026-04-03T02:46:12.884+0600][85.392s][info][gc,nmethod  ] GC(69) y: NMethods: 13640 registered, 4297 unregistered
[2026-04-03T02:46:12.884+0600][85.393s][info][gc,metaspace] GC(69) y: Metaspace: 129M used, 130M committed, 1152M reserved
[2026-04-03T02:46:12.884+0600][85.393s][info][gc,reloc    ] GC(69) y:                        Candidates     Selected     In-Place         Size        Empty    Relocated 
[2026-04-03T02:46:12.884+0600][85.393s][info][gc,reloc    ] GC(69) y: Small Pages:                  456          271            0         912M         348M           4M 
[2026-04-03T02:46:12.884+0600][85.393s][info][gc,reloc    ] GC(69) y: Medium Pages:                   6            0            0         192M         192M           0M 
[2026-04-03T02:46:12.884+0600][85.393s][info][gc,reloc    ] GC(69) y: Large Pages:                   21            0            0         126M         126M           0M 
[2026-04-03T02:46:12.884+0600][85.393s][info][gc,reloc    ] GC(69) y: Forwarding Usage: 0M
[2026-04-03T02:46:12.884+0600][85.393s][info][gc,reloc    ] GC(69) y: Age Table:
[2026-04-03T02:46:12.884+0600][85.393s][info][gc,reloc    ] GC(69) y:                    Live             Garbage             Small              Medium             Large        
[2026-04-03T02:46:12.884+0600][85.393s][info][gc,reloc    ] GC(69) y: Eden               3M (0%)         1202M (60%)        444 / 267            6 / 0             21 / 0        
[2026-04-03T02:46:12.884+0600][85.393s][info][gc,reloc    ] GC(69) y: Survivor 1         2M (0%)            1M (0%)           2 / 1              0 / 0              0 / 0        
[2026-04-03T02:46:12.884+0600][85.393s][info][gc,reloc    ] GC(69) y: Survivor 2         4M (0%)            3M (0%)           4 / 1              0 / 0              0 / 0        
[2026-04-03T02:46:12.884+0600][85.393s][info][gc,reloc    ] GC(69) y: Survivor 3         3M (0%)            0M (0%)           2 / 0              0 / 0              0 / 0        
[2026-04-03T02:46:12.884+0600][85.393s][info][gc,reloc    ] GC(69) y: Survivor 4         2M (0%)            1M (0%)           2 / 1              0 / 0              0 / 0        
[2026-04-03T02:46:12.884+0600][85.393s][info][gc,reloc    ] GC(69) y: Survivor 5         1M (0%)            2M (0%)           2 / 1              0 / 0              0 / 0        
[2026-04-03T02:46:12.884+0600][85.393s][info][gc,heap     ] GC(69) y: Min Capacity: 8M(0%)
[2026-04-03T02:46:12.884+0600][85.393s][info][gc,heap     ] GC(69) y: Max Capacity: 2000M(100%)
[2026-04-03T02:46:12.884+0600][85.393s][info][gc,heap     ] GC(69) y: Soft Max Capacity: 2000M(100%)
[2026-04-03T02:46:12.884+0600][85.393s][info][gc,heap     ] GC(69) y: Heap Statistics:
[2026-04-03T02:46:12.884+0600][85.393s][info][gc,heap     ] GC(69) y:                Mark Start          Mark End        Relocate Start      Relocate End           High               Low         
[2026-04-03T02:46:12.884+0600][85.393s][info][gc,heap     ] GC(69) y:  Capacity:     2000M (100%)       2000M (100%)       2000M (100%)       2000M (100%)       2000M (100%)       2000M (100%)   
[2026-04-03T02:46:12.884+0600][85.393s][info][gc,heap     ] GC(69) y:      Free:      556M (28%)         498M (25%)        1132M (57%)        1662M (83%)        1662M (83%)         466M (23%)    
[2026-04-03T02:46:12.884+0600][85.393s][info][gc,heap     ] GC(69) y:      Used:     1444M (72%)        1502M (75%)         868M (43%)         338M (17%)        1534M (77%)         338M (17%)    
[2026-04-03T02:46:12.884+0600][85.393s][info][gc,heap     ] GC(69) y: Young Generation Statistics:
[2026-04-03T02:46:12.884+0600][85.393s][info][gc,heap     ] GC(69) y:                Mark Start          Mark End        Relocate Start      Relocate End    
[2026-04-03T02:46:12.884+0600][85.393s][info][gc,heap     ] GC(69) y:      Used:     1230M (62%)        1288M (64%)         654M (33%)         124M (6%)     
[2026-04-03T02:46:12.884+0600][85.393s][info][gc,heap     ] GC(69) y:      Live:         -                17M (1%)           17M (1%)           17M (1%)     
[2026-04-03T02:46:12.884+0600][85.393s][info][gc,heap     ] GC(69) y:   Garbage:         -              1212M (61%)         546M (27%)           3M (0%)     
[2026-04-03T02:46:12.884+0600][85.393s][info][gc,heap     ] GC(69) y: Allocated:         -                58M (3%)           90M (4%)          103M (5%)     
[2026-04-03T02:46:12.884+0600][85.393s][info][gc,heap     ] GC(69) y: Reclaimed:         -                  -               666M (33%)        1209M (60%)    
[2026-04-03T02:46:12.884+0600][85.393s][info][gc,heap     ] GC(69) y:  Promoted:         -                  -                 0M (0%)            0M (0%)     
[2026-04-03T02:46:12.884+0600][85.393s][info][gc,heap     ] GC(69) y: Compacted:         -                  -                  -                 4M (0%)     
[2026-04-03T02:46:12.884+0600][85.393s][info][gc,phases   ] GC(69) y: Young Generation 1444M(72%)->338M(17%) 0.071s
[2026-04-03T02:46:12.884+0600][85.393s][info][gc          ] GC(69) Minor Collection (Allocation Rate) 1444M(72%)->338M(17%) 0.072s
[2026-04-03T02:46:14.522+0600][87.031s][info][gc          ] GC(70) Minor Collection (Allocation Rate)
[2026-04-03T02:46:14.522+0600][87.031s][info][gc,task     ] GC(70) Using 1 Workers for Young Generation
[2026-04-03T02:46:14.522+0600][87.031s][info][gc,phases   ] GC(70) y: Young Generation
[2026-04-03T02:46:14.522+0600][87.031s][info][gc,phases   ] GC(70) y: Pause Mark Start 0.020ms
[2026-04-03T02:46:14.565+0600][87.073s][info][gc,phases   ] GC(70) y: Concurrent Mark 42.441ms
[2026-04-03T02:46:14.565+0600][87.074s][info][gc,phases   ] GC(70) y: Pause Mark End 0.017ms
[2026-04-03T02:46:14.565+0600][87.074s][info][gc,phases   ] GC(70) y: Concurrent Mark Free 0.001ms
[2026-04-03T02:46:14.565+0600][87.074s][info][gc,phases   ] GC(70) y: Concurrent Reset Relocation Set 0.020ms
[2026-04-03T02:46:14.569+0600][87.078s][info][gc,reloc    ] GC(70) y: Using tenuring threshold: 7 (Computed)
[2026-04-03T02:46:14.570+0600][87.079s][info][gc,phases   ] GC(70) y: Concurrent Select Relocation Set 5.019ms
[2026-04-03T02:46:14.570+0600][87.079s][info][gc,phases   ] GC(70) y: Pause Relocate Start 0.018ms
[2026-04-03T02:46:14.581+0600][87.090s][info][gc,phases   ] GC(70) y: Concurrent Relocate 11.016ms
[2026-04-03T02:46:14.582+0600][87.090s][info][gc,alloc    ] GC(70) y:                         Mark Start        Mark End      Relocate Start    Relocate End   
[2026-04-03T02:46:14.582+0600][87.090s][info][gc,alloc    ] GC(70) y: Allocation Stalls:          0                0                0                0         
[2026-04-03T02:46:14.582+0600][87.090s][info][gc,load     ] GC(70) y: Load: 6.37 (53%) / 5.72 (48%) / 5.66 (47%)
[2026-04-03T02:46:14.582+0600][87.090s][info][gc,mmu      ] GC(70) y: MMU: 2ms/95.0%, 5ms/97.8%, 10ms/98.9%, 20ms/99.4%, 50ms/99.7%, 100ms/99.8%
[2026-04-03T02:46:14.582+0600][87.090s][info][gc,marking  ] GC(70) y: Mark: 1 stripe(s), 2 proactive flush(es), 1 terminate flush(es), 0 completion(s), 0 continuation(s) 
[2026-04-03T02:46:14.582+0600][87.090s][info][gc,marking  ] GC(70) y: Mark Stack Usage: 32M
[2026-04-03T02:46:14.582+0600][87.090s][info][gc,nmethod  ] GC(70) y: NMethods: 13698 registered, 4297 unregistered
[2026-04-03T02:46:14.582+0600][87.090s][info][gc,metaspace] GC(70) y: Metaspace: 129M used, 130M committed, 1152M reserved
[2026-04-03T02:46:14.582+0600][87.090s][info][gc,reloc    ] GC(70) y:                        Candidates     Selected     In-Place         Size        Empty    Relocated 
[2026-04-03T02:46:14.582+0600][87.090s][info][gc,reloc    ] GC(70) y: Small Pages:                  539          313            0        1078M         426M           6M 
[2026-04-03T02:46:14.582+0600][87.090s][info][gc,reloc    ] GC(70) y: Medium Pages:                   6            0            0         192M         192M           0M 
[2026-04-03T02:46:14.582+0600][87.090s][info][gc,reloc    ] GC(70) y: Large Pages:                   27            0            0         162M         162M           0M 
[2026-04-03T02:46:14.582+0600][87.090s][info][gc,reloc    ] GC(70) y: Forwarding Usage: 1M
[2026-04-03T02:46:14.582+0600][87.090s][info][gc,reloc    ] GC(70) y: Age Table:
[2026-04-03T02:46:14.582+0600][87.090s][info][gc,reloc    ] GC(70) y:                    Live             Garbage             Small              Medium             Large        
[2026-04-03T02:46:14.582+0600][87.090s][info][gc,reloc    ] GC(70) y: Eden               4M (0%)         1393M (70%)        522 / 308            6 / 0             27 / 0        
[2026-04-03T02:46:14.582+0600][87.090s][info][gc,reloc    ] GC(70) y: Survivor 1         3M (0%)            4M (0%)           4 / 0              0 / 0              0 / 0        
[2026-04-03T02:46:14.582+0600][87.090s][info][gc,reloc    ] GC(70) y: Survivor 2         1M (0%)            2M (0%)           2 / 0              0 / 0              0 / 0        
[2026-04-03T02:46:14.582+0600][87.090s][info][gc,reloc    ] GC(70) y: Survivor 3         4M (0%)            5M (0%)           5 / 2              0 / 0              0 / 0        
[2026-04-03T02:46:14.582+0600][87.091s][info][gc,reloc    ] GC(70) y: Survivor 4         3M (0%)            0M (0%)           2 / 1              0 / 0              0 / 0        
[2026-04-03T02:46:14.582+0600][87.091s][info][gc,reloc    ] GC(70) y: Survivor 5         2M (0%)            1M (0%)           2 / 1              0 / 0              0 / 0        
[2026-04-03T02:46:14.582+0600][87.091s][info][gc,reloc    ] GC(70) y: Survivor 6         1M (0%)            2M (0%)           2 / 1              0 / 0              0 / 0        
[2026-04-03T02:46:14.582+0600][87.091s][info][gc,heap     ] GC(70) y: Min Capacity: 8M(0%)
[2026-04-03T02:46:14.582+0600][87.091s][info][gc,heap     ] GC(70) y: Max Capacity: 2000M(100%)
[2026-04-03T02:46:14.582+0600][87.091s][info][gc,heap     ] GC(70) y: Soft Max Capacity: 2000M(100%)
[2026-04-03T02:46:14.582+0600][87.091s][info][gc,heap     ] GC(70) y: Heap Statistics:
[2026-04-03T02:46:14.582+0600][87.091s][info][gc,heap     ] GC(70) y:                Mark Start          Mark End        Relocate Start      Relocate End           High               Low         
[2026-04-03T02:46:14.582+0600][87.091s][info][gc,heap     ] GC(70) y:  Capacity:     2000M (100%)       2000M (100%)       2000M (100%)       2000M (100%)       2000M (100%)       2000M (100%)   
[2026-04-03T02:46:14.582+0600][87.091s][info][gc,heap     ] GC(70) y:      Free:      354M (18%)         286M (14%)        1054M (53%)        1660M (83%)        1664M (83%)         280M (14%)    
[2026-04-03T02:46:14.582+0600][87.091s][info][gc,heap     ] GC(70) y:      Used:     1646M (82%)        1714M (86%)         946M (47%)         340M (17%)        1720M (86%)         336M (17%)    
[2026-04-03T02:46:14.582+0600][87.091s][info][gc,heap     ] GC(70) y: Young Generation Statistics:
[2026-04-03T02:46:14.582+0600][87.091s][info][gc,heap     ] GC(70) y:                Mark Start          Mark End        Relocate Start      Relocate End    
[2026-04-03T02:46:14.582+0600][87.091s][info][gc,heap     ] GC(70) y:      Used:     1432M (72%)        1500M (75%)         732M (37%)         126M (6%)     
[2026-04-03T02:46:14.582+0600][87.091s][info][gc,heap     ] GC(70) y:      Live:         -                20M (1%)           20M (1%)           20M (1%)     
[2026-04-03T02:46:14.582+0600][87.091s][info][gc,heap     ] GC(70) y:   Garbage:         -              1411M (71%)         631M (32%)           3M (0%)     
[2026-04-03T02:46:14.582+0600][87.091s][info][gc,heap     ] GC(70) y: Allocated:         -                68M (3%)           80M (4%)          101M (5%)     
[2026-04-03T02:46:14.582+0600][87.091s][info][gc,heap     ] GC(70) y: Reclaimed:         -                  -               780M (39%)        1407M (70%)    
[2026-04-03T02:46:14.582+0600][87.091s][info][gc,heap     ] GC(70) y:  Promoted:         -                  -                 0M (0%)            0M (0%)     
[2026-04-03T02:46:14.582+0600][87.091s][info][gc,heap     ] GC(70) y: Compacted:         -                  -                  -                 8M (0%)     
[2026-04-03T02:46:14.582+0600][87.091s][info][gc,phases   ] GC(70) y: Young Generation 1646M(82%)->340M(17%) 0.060s
[2026-04-03T02:46:14.582+0600][87.091s][info][gc          ] GC(70) Minor Collection (Allocation Rate) 1646M(82%)->342M(17%) 0.060s
[2026-04-03T02:46:14.978+0600][87.487s][info][gc          ] GC(71) Minor Collection (Allocation Rate)
[2026-04-03T02:46:14.978+0600][87.487s][info][gc,task     ] GC(71) Using 1 Workers for Young Generation
[2026-04-03T02:46:14.978+0600][87.487s][info][gc,phases   ] GC(71) y: Young Generation
[2026-04-03T02:46:14.979+0600][87.487s][info][gc,phases   ] GC(71) y: Pause Mark Start 0.025ms
[2026-04-03T02:46:15.051+0600][87.559s][info][gc,phases   ] GC(71) y: Concurrent Mark 72.006ms
[2026-04-03T02:46:15.051+0600][87.559s][info][gc,phases   ] GC(71) y: Pause Mark End 0.018ms
[2026-04-03T02:46:15.051+0600][87.560s][info][gc,phases   ] GC(71) y: Concurrent Mark Free 0.001ms
[2026-04-03T02:46:15.051+0600][87.560s][info][gc,phases   ] GC(71) y: Concurrent Reset Relocation Set 0.020ms
[2026-04-03T02:46:15.053+0600][87.561s][info][gc,reloc    ] GC(71) y: Using tenuring threshold: 5 (Computed)
[2026-04-03T02:46:15.055+0600][87.564s][info][gc,phases   ] GC(71) y: Concurrent Select Relocation Set 4.167ms
[2026-04-03T02:46:15.055+0600][87.564s][info][gc,phases   ] GC(71) y: Pause Relocate Start 0.016ms
[2026-04-03T02:46:15.065+0600][87.574s][info][gc,phases   ] GC(71) y: Concurrent Relocate 9.400ms
[2026-04-03T02:46:15.065+0600][87.574s][info][gc,alloc    ] GC(71) y:                         Mark Start        Mark End      Relocate Start    Relocate End   
[2026-04-03T02:46:15.065+0600][87.574s][info][gc,alloc    ] GC(71) y: Allocation Stalls:          0                0                0                0         
[2026-04-03T02:46:15.065+0600][87.574s][info][gc,load     ] GC(71) y: Load: 6.10 (51%) / 5.67 (47%) / 5.65 (47%)
[2026-04-03T02:46:15.065+0600][87.574s][info][gc,mmu      ] GC(71) y: MMU: 2ms/95.0%, 5ms/97.8%, 10ms/98.9%, 20ms/99.4%, 50ms/99.7%, 100ms/99.8%
[2026-04-03T02:46:15.065+0600][87.574s][info][gc,marking  ] GC(71) y: Mark: 1 stripe(s), 2 proactive flush(es), 1 terminate flush(es), 0 completion(s), 0 continuation(s) 
[2026-04-03T02:46:15.065+0600][87.574s][info][gc,marking  ] GC(71) y: Mark Stack Usage: 32M
[2026-04-03T02:46:15.065+0600][87.574s][info][gc,nmethod  ] GC(71) y: NMethods: 13713 registered, 4297 unregistered
[2026-04-03T02:46:15.065+0600][87.574s][info][gc,metaspace] GC(71) y: Metaspace: 129M used, 130M committed, 1152M reserved
[2026-04-03T02:46:15.065+0600][87.574s][info][gc,reloc    ] GC(71) y:                        Candidates     Selected     In-Place         Size        Empty    Relocated 
[2026-04-03T02:46:15.065+0600][87.574s][info][gc,reloc    ] GC(71) y: Small Pages:                  290           96            0         580M         356M           7M 
[2026-04-03T02:46:15.065+0600][87.574s][info][gc,reloc    ] GC(71) y: Medium Pages:                   2            0            0          64M          64M           0M 
[2026-04-03T02:46:15.065+0600][87.574s][info][gc,reloc    ] GC(71) y: Large Pages:                  118            0            0         708M         696M           0M 
[2026-04-03T02:46:15.065+0600][87.574s][info][gc,reloc    ] GC(71) y: Forwarding Usage: 0M
[2026-04-03T02:46:15.065+0600][87.574s][info][gc,reloc    ] GC(71) y: Age Table:
[2026-04-03T02:46:15.065+0600][87.574s][info][gc,reloc    ] GC(71) y:                    Live             Garbage             Small              Medium             Large        
[2026-04-03T02:46:15.065+0600][87.574s][info][gc,reloc    ] GC(71) y: Eden              18M (1%)         1297M (65%)        272 / 91             2 / 0            118 / 0        
[2026-04-03T02:46:15.065+0600][87.574s][info][gc,reloc    ] GC(71) y: Survivor 1         4M (0%)            1M (0%)           3 / 1              0 / 0              0 / 0        
[2026-04-03T02:46:15.065+0600][87.574s][info][gc,reloc    ] GC(71) y: Survivor 2         3M (0%)            2M (0%)           3 / 2              0 / 0              0 / 0        
[2026-04-03T02:46:15.065+0600][87.574s][info][gc,reloc    ] GC(71) y: Survivor 3         1M (0%)            2M (0%)           2 / 0              0 / 0              0 / 0        
[2026-04-03T02:46:15.065+0600][87.574s][info][gc,reloc    ] GC(71) y: Survivor 4         4M (0%)            3M (0%)           4 / 1              0 / 0              0 / 0        
[2026-04-03T02:46:15.065+0600][87.574s][info][gc,reloc    ] GC(71) y: Survivor 5         3M (0%)            0M (0%)           2 / 0              0 / 0              0 / 0        
[2026-04-03T02:46:15.065+0600][87.574s][info][gc,reloc    ] GC(71) y: Survivor 6         2M (0%)            1M (0%)           2 / 0              0 / 0              0 / 0        
[2026-04-03T02:46:15.065+0600][87.574s][info][gc,reloc    ] GC(71) y: Survivor 7         1M (0%)            2M (0%)           2 / 1              0 / 0              0 / 0        
[2026-04-03T02:46:15.065+0600][87.574s][info][gc,heap     ] GC(71) y: Min Capacity: 8M(0%)
[2026-04-03T02:46:15.065+0600][87.574s][info][gc,heap     ] GC(71) y: Max Capacity: 2000M(100%)
[2026-04-03T02:46:15.065+0600][87.574s][info][gc,heap     ] GC(71) y: Soft Max Capacity: 2000M(100%)
[2026-04-03T02:46:15.065+0600][87.574s][info][gc,heap     ] GC(71) y: Heap Statistics:
[2026-04-03T02:46:15.065+0600][87.574s][info][gc,heap     ] GC(71) y:                Mark Start          Mark End        Relocate Start      Relocate End           High               Low         
[2026-04-03T02:46:15.065+0600][87.574s][info][gc,heap     ] GC(71) y:  Capacity:     2000M (100%)       2000M (100%)       2000M (100%)       2000M (100%)       2000M (100%)       2000M (100%)   
[2026-04-03T02:46:15.065+0600][87.574s][info][gc,heap     ] GC(71) y:      Free:      434M (22%)         200M (10%)        1314M (66%)        1492M (75%)        1494M (75%)         200M (10%)    
[2026-04-03T02:46:15.065+0600][87.574s][info][gc,heap     ] GC(71) y:      Used:     1566M (78%)        1800M (90%)         686M (34%)         508M (25%)        1800M (90%)         506M (25%)    
[2026-04-03T02:46:15.065+0600][87.574s][info][gc,heap     ] GC(71) y: Young Generation Statistics:
[2026-04-03T02:46:15.065+0600][87.574s][info][gc,heap     ] GC(71) y:                Mark Start          Mark End        Relocate Start      Relocate End    
[2026-04-03T02:46:15.065+0600][87.574s][info][gc,heap     ] GC(71) y:      Used:     1352M (68%)        1586M (79%)         466M (23%)         284M (14%)    
[2026-04-03T02:46:15.065+0600][87.574s][info][gc,heap     ] GC(71) y:      Live:         -                38M (2%)           33M (2%)           31M (2%)     
[2026-04-03T02:46:15.065+0600][87.574s][info][gc,heap     ] GC(71) y:   Garbage:         -              1313M (66%)         196M (10%)           2M (0%)     
[2026-04-03T02:46:15.065+0600][87.574s][info][gc,heap     ] GC(71) y: Allocated:         -               234M (12%)         236M (12%)         249M (12%)    
[2026-04-03T02:46:15.065+0600][87.574s][info][gc,heap     ] GC(71) y: Reclaimed:         -                  -              1116M (56%)        1310M (66%)    
[2026-04-03T02:46:15.065+0600][87.574s][info][gc,heap     ] GC(71) y:  Promoted:         -                  -                 5M (0%)            7M (0%)     
[2026-04-03T02:46:15.065+0600][87.574s][info][gc,heap     ] GC(71) y: Compacted:         -                  -                  -                 8M (0%)     
[2026-04-03T02:46:15.065+0600][87.574s][info][gc,phases   ] GC(71) y: Young Generation 1566M(78%)->508M(25%) 0.087s
[2026-04-03T02:46:15.065+0600][87.574s][info][gc          ] GC(71) Minor Collection (Allocation Rate) 1566M(78%)->508M(25%) 0.087s
[2026-04-03T02:46:15.610+0600][88.118s][info][gc          ] GC(72) Minor Collection (Allocation Rate)
[2026-04-03T02:46:15.610+0600][88.118s][info][gc,task     ] GC(72) Using 1 Workers for Young Generation
[2026-04-03T02:46:15.610+0600][88.119s][info][gc,phases   ] GC(72) y: Young Generation
[2026-04-03T02:46:15.610+0600][88.119s][info][gc,phases   ] GC(72) y: Pause Mark Start 0.023ms
[2026-04-03T02:46:15.673+0600][88.181s][info][gc,phases   ] GC(72) y: Concurrent Mark 62.503ms
[2026-04-03T02:46:15.673+0600][88.181s][info][gc,phases   ] GC(72) y: Pause Mark End 0.025ms
[2026-04-03T02:46:15.673+0600][88.182s][info][gc,phases   ] GC(72) y: Concurrent Mark Free 0.002ms
[2026-04-03T02:46:15.673+0600][88.182s][info][gc,phases   ] GC(72) y: Concurrent Reset Relocation Set 0.033ms
[2026-04-03T02:46:15.675+0600][88.184s][info][gc,reloc    ] GC(72) y: Using tenuring threshold: 5 (Computed)
[2026-04-03T02:46:15.677+0600][88.186s][info][gc,phases   ] GC(72) y: Concurrent Select Relocation Set 4.038ms
[2026-04-03T02:46:15.677+0600][88.186s][info][gc,phases   ] GC(72) y: Pause Relocate Start 0.018ms
[2026-04-03T02:46:15.687+0600][88.196s][info][gc,phases   ] GC(72) y: Concurrent Relocate 10.080ms
[2026-04-03T02:46:15.688+0600][88.196s][info][gc,alloc    ] GC(72) y:                         Mark Start        Mark End      Relocate Start    Relocate End   
[2026-04-03T02:46:15.688+0600][88.196s][info][gc,alloc    ] GC(72) y: Allocation Stalls:          0                0                0                0         
[2026-04-03T02:46:15.688+0600][88.196s][info][gc,load     ] GC(72) y: Load: 6.10 (51%) / 5.67 (47%) / 5.65 (47%)
[2026-04-03T02:46:15.688+0600][88.196s][info][gc,mmu      ] GC(72) y: MMU: 2ms/95.0%, 5ms/97.8%, 10ms/98.9%, 20ms/99.4%, 50ms/99.7%, 100ms/99.8%
[2026-04-03T02:46:15.688+0600][88.196s][info][gc,marking  ] GC(72) y: Mark: 1 stripe(s), 2 proactive flush(es), 1 terminate flush(es), 0 completion(s), 0 continuation(s) 
[2026-04-03T02:46:15.688+0600][88.196s][info][gc,marking  ] GC(72) y: Mark Stack Usage: 32M
[2026-04-03T02:46:15.688+0600][88.196s][info][gc,nmethod  ] GC(72) y: NMethods: 13737 registered, 4297 unregistered
[2026-04-03T02:46:15.688+0600][88.196s][info][gc,metaspace] GC(72) y: Metaspace: 129M used, 130M committed, 1152M reserved
[2026-04-03T02:46:15.688+0600][88.196s][info][gc,reloc    ] GC(72) y:                        Candidates     Selected     In-Place         Size        Empty    Relocated 
[2026-04-03T02:46:15.688+0600][88.196s][info][gc,reloc    ] GC(72) y: Small Pages:                  216          176            0         432M          58M           5M 
[2026-04-03T02:46:15.688+0600][88.196s][info][gc,reloc    ] GC(72) y: Medium Pages:                   2            0            0          64M          64M           0M 
[2026-04-03T02:46:15.688+0600][88.196s][info][gc,reloc    ] GC(72) y: Large Pages:                   33            0            0         198M         192M           0M 
[2026-04-03T02:46:15.688+0600][88.196s][info][gc,reloc    ] GC(72) y: Forwarding Usage: 1M
[2026-04-03T02:46:15.688+0600][88.196s][info][gc,reloc    ] GC(72) y: Age Table:
[2026-04-03T02:46:15.688+0600][88.196s][info][gc,reloc    ] GC(72) y:                    Live             Garbage             Small              Medium             Large        
[2026-04-03T02:46:15.688+0600][88.196s][info][gc,reloc    ] GC(72) y: Eden               8M (0%)          641M (32%)        200 / 171            2 / 0             31 / 0        
[2026-04-03T02:46:15.688+0600][88.196s][info][gc,reloc    ] GC(72) y: Survivor 1         2M (0%)           19M (1%)           5 / 3              0 / 0              2 / 0        
[2026-04-03T02:46:15.688+0600][88.196s][info][gc,reloc    ] GC(72) y: Survivor 2         4M (0%)            1M (0%)           3 / 0              0 / 0              0 / 0        
[2026-04-03T02:46:15.688+0600][88.196s][info][gc,reloc    ] GC(72) y: Survivor 3         3M (0%)            0M (0%)           2 / 0              0 / 0              0 / 0        
[2026-04-03T02:46:15.688+0600][88.197s][info][gc,reloc    ] GC(72) y: Survivor 4         1M (0%)            2M (0%)           2 / 1              0 / 0              0 / 0        
[2026-04-03T02:46:15.688+0600][88.197s][info][gc,reloc    ] GC(72) y: Survivor 5         4M (0%)            3M (0%)           4 / 1              0 / 0              0 / 0        
[2026-04-03T02:46:15.688+0600][88.197s][info][gc,heap     ] GC(72) y: Min Capacity: 8M(0%)
[2026-04-03T02:46:15.688+0600][88.197s][info][gc,heap     ] GC(72) y: Max Capacity: 2000M(100%)
[2026-04-03T02:46:15.688+0600][88.197s][info][gc,heap     ] GC(72) y: Soft Max Capacity: 2000M(100%)
[2026-04-03T02:46:15.688+0600][88.197s][info][gc,heap     ] GC(72) y: Heap Statistics:
[2026-04-03T02:46:15.688+0600][88.197s][info][gc,heap     ] GC(72) y:                Mark Start          Mark End        Relocate Start      Relocate End           High               Low         
[2026-04-03T02:46:15.688+0600][88.197s][info][gc,heap     ] GC(72) y:  Capacity:     2000M (100%)       2000M (100%)       2000M (100%)       2000M (100%)       2000M (100%)       2000M (100%)   
[2026-04-03T02:46:15.688+0600][88.197s][info][gc,heap     ] GC(72) y:      Free:     1082M (54%)         996M (50%)        1310M (66%)        1638M (82%)        1644M (82%)         996M (50%)    
[2026-04-03T02:46:15.688+0600][88.197s][info][gc,heap     ] GC(72) y:      Used:      918M (46%)        1004M (50%)         690M (34%)         362M (18%)        1004M (50%)         356M (18%)    
[2026-04-03T02:46:15.688+0600][88.197s][info][gc,heap     ] GC(72) y: Young Generation Statistics:
[2026-04-03T02:46:15.688+0600][88.197s][info][gc,heap     ] GC(72) y:                Mark Start          Mark End        Relocate Start      Relocate End    
[2026-04-03T02:46:15.688+0600][88.197s][info][gc,heap     ] GC(72) y:      Used:      694M (35%)         780M (39%)         462M (23%)         132M (7%)     
[2026-04-03T02:46:15.688+0600][88.197s][info][gc,heap     ] GC(72) y:      Live:         -                24M (1%)           21M (1%)           20M (1%)     
[2026-04-03T02:46:15.688+0600][88.197s][info][gc,heap     ] GC(72) y:   Garbage:         -               669M (33%)         354M (18%)           1M (0%)     
[2026-04-03T02:46:15.688+0600][88.197s][info][gc,heap     ] GC(72) y: Allocated:         -                86M (4%)           86M (4%)          110M (6%)     
[2026-04-03T02:46:15.688+0600][88.197s][info][gc,heap     ] GC(72) y: Reclaimed:         -                  -               315M (16%)         668M (33%)    
[2026-04-03T02:46:15.688+0600][88.197s][info][gc,heap     ] GC(72) y:  Promoted:         -                  -                 2M (0%)            4M (0%)     
[2026-04-03T02:46:15.688+0600][88.197s][info][gc,heap     ] GC(72) y: Compacted:         -                  -                  -                 7M (0%)     
[2026-04-03T02:46:15.688+0600][88.197s][info][gc,phases   ] GC(72) y: Young Generation 918M(46%)->362M(18%) 0.078s
[2026-04-03T02:46:15.688+0600][88.197s][info][gc          ] GC(72) Minor Collection (Allocation Rate) 918M(46%)->362M(18%) 0.078s
[2026-04-03T02:46:16.991+0600][89.500s][info][gc          ] GC(73) Minor Collection (Allocation Rate)
[2026-04-03T02:46:16.991+0600][89.500s][info][gc,task     ] GC(73) Using 1 Workers for Young Generation
[2026-04-03T02:46:16.991+0600][89.500s][info][gc,phases   ] GC(73) y: Young Generation
[2026-04-03T02:46:16.991+0600][89.500s][info][gc,phases   ] GC(73) y: Pause Mark Start 0.015ms
[2026-04-03T02:46:17.029+0600][89.538s][info][gc,phases   ] GC(73) y: Concurrent Mark 37.770ms
[2026-04-03T02:46:17.029+0600][89.538s][info][gc,phases   ] GC(73) y: Pause Mark End 0.022ms
[2026-04-03T02:46:17.029+0600][89.538s][info][gc,phases   ] GC(73) y: Concurrent Mark Free 0.001ms
[2026-04-03T02:46:17.029+0600][89.538s][info][gc,phases   ] GC(73) y: Concurrent Reset Relocation Set 0.016ms
[2026-04-03T02:46:17.032+0600][89.540s][info][gc,reloc    ] GC(73) y: Using tenuring threshold: 6 (Computed)
[2026-04-03T02:46:17.033+0600][89.541s][info][gc,phases   ] GC(73) y: Concurrent Select Relocation Set 3.082ms
[2026-04-03T02:46:17.033+0600][89.541s][info][gc,phases   ] GC(73) y: Pause Relocate Start 0.016ms
[2026-04-03T02:46:17.036+0600][89.545s][info][gc,phases   ] GC(73) y: Concurrent Relocate 3.363ms
[2026-04-03T02:46:17.036+0600][89.545s][info][gc,alloc    ] GC(73) y:                         Mark Start        Mark End      Relocate Start    Relocate End   
[2026-04-03T02:46:17.036+0600][89.545s][info][gc,alloc    ] GC(73) y: Allocation Stalls:          0                0                0                0         
[2026-04-03T02:46:17.036+0600][89.545s][info][gc,load     ] GC(73) y: Load: 6.10 (51%) / 5.67 (47%) / 5.65 (47%)
[2026-04-03T02:46:17.036+0600][89.545s][info][gc,mmu      ] GC(73) y: MMU: 2ms/95.0%, 5ms/97.8%, 10ms/98.9%, 20ms/99.4%, 50ms/99.7%, 100ms/99.8%
[2026-04-03T02:46:17.036+0600][89.545s][info][gc,marking  ] GC(73) y: Mark: 1 stripe(s), 2 proactive flush(es), 1 terminate flush(es), 0 completion(s), 0 continuation(s) 
[2026-04-03T02:46:17.036+0600][89.545s][info][gc,marking  ] GC(73) y: Mark Stack Usage: 32M
[2026-04-03T02:46:17.036+0600][89.545s][info][gc,nmethod  ] GC(73) y: NMethods: 13759 registered, 4297 unregistered
[2026-04-03T02:46:17.036+0600][89.545s][info][gc,metaspace] GC(73) y: Metaspace: 129M used, 130M committed, 1152M reserved
[2026-04-03T02:46:17.036+0600][89.545s][info][gc,reloc    ] GC(73) y:                        Candidates     Selected     In-Place         Size        Empty    Relocated 
[2026-04-03T02:46:17.036+0600][89.545s][info][gc,reloc    ] GC(73) y: Small Pages:                  420          233            0         840M         354M           4M 
[2026-04-03T02:46:17.036+0600][89.545s][info][gc,reloc    ] GC(73) y: Medium Pages:                   5            0            0         160M         160M           0M 
[2026-04-03T02:46:17.036+0600][89.545s][info][gc,reloc    ] GC(73) y: Large Pages:                   21            0            0         126M         126M           0M 
[2026-04-03T02:46:17.036+0600][89.545s][info][gc,reloc    ] GC(73) y: Forwarding Usage: 0M
[2026-04-03T02:46:17.036+0600][89.545s][info][gc,reloc    ] GC(73) y: Age Table:
[2026-04-03T02:46:17.036+0600][89.545s][info][gc,reloc    ] GC(73) y:                    Live             Garbage             Small              Medium             Large        
[2026-04-03T02:46:17.036+0600][89.545s][info][gc,reloc    ] GC(73) y: Eden               3M (0%)         1088M (54%)        406 / 227            5 / 0             20 / 0        
[2026-04-03T02:46:17.036+0600][89.545s][info][gc,reloc    ] GC(73) y: Survivor 1         1M (0%)           10M (1%)           3 / 2              0 / 0              1 / 0        
[2026-04-03T02:46:17.036+0600][89.545s][info][gc,reloc    ] GC(73) y: Survivor 2         2M (0%)            5M (0%)           4 / 3              0 / 0              0 / 0        
[2026-04-03T02:46:17.036+0600][89.545s][info][gc,reloc    ] GC(73) y: Survivor 3         4M (0%)            1M (0%)           3 / 1              0 / 0              0 / 0        
[2026-04-03T02:46:17.036+0600][89.545s][info][gc,reloc    ] GC(73) y: Survivor 4         3M (0%)            0M (0%)           2 / 0              0 / 0              0 / 0        
[2026-04-03T02:46:17.036+0600][89.545s][info][gc,reloc    ] GC(73) y: Survivor 5         1M (0%)            2M (0%)           2 / 0              0 / 0              0 / 0        
[2026-04-03T02:46:17.036+0600][89.545s][info][gc,heap     ] GC(73) y: Min Capacity: 8M(0%)
[2026-04-03T02:46:17.036+0600][89.545s][info][gc,heap     ] GC(73) y: Max Capacity: 2000M(100%)
[2026-04-03T02:46:17.036+0600][89.545s][info][gc,heap     ] GC(73) y: Soft Max Capacity: 2000M(100%)
[2026-04-03T02:46:17.036+0600][89.545s][info][gc,heap     ] GC(73) y: Heap Statistics:
[2026-04-03T02:46:17.036+0600][89.545s][info][gc,heap     ] GC(73) y:                Mark Start          Mark End        Relocate Start      Relocate End           High               Low         
[2026-04-03T02:46:17.036+0600][89.545s][info][gc,heap     ] GC(73) y:  Capacity:     2000M (100%)       2000M (100%)       2000M (100%)       2000M (100%)       2000M (100%)       2000M (100%)   
[2026-04-03T02:46:17.036+0600][89.545s][info][gc,heap     ] GC(73) y:      Free:      644M (32%)         624M (31%)        1262M (63%)        1720M (86%)        1720M (86%)         624M (31%)    
[2026-04-03T02:46:17.037+0600][89.545s][info][gc,heap     ] GC(73) y:      Used:     1356M (68%)        1376M (69%)         738M (37%)         280M (14%)        1376M (69%)         280M (14%)    
[2026-04-03T02:46:17.037+0600][89.545s][info][gc,heap     ] GC(73) y: Young Generation Statistics:
[2026-04-03T02:46:17.037+0600][89.545s][info][gc,heap     ] GC(73) y:                Mark Start          Mark End        Relocate Start      Relocate End    
[2026-04-03T02:46:17.037+0600][89.545s][info][gc,heap     ] GC(73) y:      Used:     1126M (56%)        1146M (57%)         508M (25%)          50M (2%)     
[2026-04-03T02:46:17.037+0600][89.545s][info][gc,heap     ] GC(73) y:      Live:         -                16M (1%)           16M (1%)           16M (1%)     
[2026-04-03T02:46:17.037+0600][89.545s][info][gc,heap     ] GC(73) y:   Garbage:         -              1109M (55%)         469M (23%)           2M (0%)     
[2026-04-03T02:46:17.037+0600][89.545s][info][gc,heap     ] GC(73) y: Allocated:         -                20M (1%)           22M (1%)           31M (2%)     
[2026-04-03T02:46:17.037+0600][89.545s][info][gc,heap     ] GC(73) y: Reclaimed:         -                  -               640M (32%)        1107M (55%)    
[2026-04-03T02:46:17.037+0600][89.545s][info][gc,heap     ] GC(73) y:  Promoted:         -                  -                 0M (0%)            0M (0%)     
[2026-04-03T02:46:17.037+0600][89.545s][info][gc,heap     ] GC(73) y: Compacted:         -                  -                  -                 4M (0%)     
[2026-04-03T02:46:17.037+0600][89.545s][info][gc,phases   ] GC(73) y: Young Generation 1356M(68%)->280M(14%) 0.045s
[2026-04-03T02:46:17.037+0600][89.545s][info][gc          ] GC(73) Minor Collection (Allocation Rate) 1356M(68%)->280M(14%) 0.046s
[2026-04-03T02:46:18.642+0600][91.150s][info][gc          ] GC(74) Minor Collection (Allocation Rate)
[2026-04-03T02:46:18.642+0600][91.150s][info][gc,task     ] GC(74) Using 1 Workers for Young Generation
[2026-04-03T02:46:18.642+0600][91.150s][info][gc,phases   ] GC(74) y: Young Generation
[2026-04-03T02:46:18.642+0600][91.151s][info][gc,phases   ] GC(74) y: Pause Mark Start 0.022ms
[2026-04-03T02:46:18.734+0600][91.243s][info][gc,phases   ] GC(74) y: Concurrent Mark 92.165ms
[2026-04-03T02:46:18.734+0600][91.243s][info][gc,phases   ] GC(74) y: Pause Mark End 0.029ms
[2026-04-03T02:46:18.735+0600][91.243s][info][gc,phases   ] GC(74) y: Concurrent Mark Free 0.002ms
[2026-04-03T02:46:18.735+0600][91.243s][info][gc,phases   ] GC(74) y: Concurrent Reset Relocation Set 0.024ms
[2026-04-03T02:46:18.741+0600][91.249s][info][gc,reloc    ] GC(74) y: Using tenuring threshold: 5 (Computed)
[2026-04-03T02:46:18.745+0600][91.253s][info][gc,phases   ] GC(74) y: Concurrent Select Relocation Set 9.977ms
[2026-04-03T02:46:18.745+0600][91.254s][info][gc,phases   ] GC(74) y: Pause Relocate Start 0.022ms
[2026-04-03T02:46:18.769+0600][91.277s][info][gc,phases   ] GC(74) y: Concurrent Relocate 23.434ms
[2026-04-03T02:46:18.769+0600][91.277s][info][gc,alloc    ] GC(74) y:                         Mark Start        Mark End      Relocate Start    Relocate End   
[2026-04-03T02:46:18.769+0600][91.277s][info][gc,alloc    ] GC(74) y: Allocation Stalls:          0                0                0                0         
[2026-04-03T02:46:18.769+0600][91.277s][info][gc,load     ] GC(74) y: Load: 6.10 (51%) / 5.67 (47%) / 5.65 (47%)
[2026-04-03T02:46:18.769+0600][91.277s][info][gc,mmu      ] GC(74) y: MMU: 2ms/95.0%, 5ms/97.8%, 10ms/98.9%, 20ms/99.4%, 50ms/99.7%, 100ms/99.8%
[2026-04-03T02:46:18.769+0600][91.277s][info][gc,marking  ] GC(74) y: Mark: 1 stripe(s), 2 proactive flush(es), 1 terminate flush(es), 0 completion(s), 0 continuation(s) 
[2026-04-03T02:46:18.769+0600][91.277s][info][gc,marking  ] GC(74) y: Mark Stack Usage: 32M
[2026-04-03T02:46:18.769+0600][91.278s][info][gc,nmethod  ] GC(74) y: NMethods: 13786 registered, 4297 unregistered
[2026-04-03T02:46:18.769+0600][91.278s][info][gc,metaspace] GC(74) y: Metaspace: 129M used, 130M committed, 1152M reserved
[2026-04-03T02:46:18.769+0600][91.278s][info][gc,reloc    ] GC(74) y:                        Candidates     Selected     In-Place         Size        Empty    Relocated 
[2026-04-03T02:46:18.769+0600][91.278s][info][gc,reloc    ] GC(74) y: Small Pages:                  567          341            0        1134M         424M           9M 
[2026-04-03T02:46:18.769+0600][91.278s][info][gc,reloc    ] GC(74) y: Medium Pages:                   6            0            0         192M         192M           0M 
[2026-04-03T02:46:18.769+0600][91.278s][info][gc,reloc    ] GC(74) y: Large Pages:                   28            0            0         168M         168M           0M 
[2026-04-03T02:46:18.769+0600][91.278s][info][gc,reloc    ] GC(74) y: Forwarding Usage: 2M
[2026-04-03T02:46:18.769+0600][91.278s][info][gc,reloc    ] GC(74) y: Age Table:
[2026-04-03T02:46:18.769+0600][91.278s][info][gc,reloc    ] GC(74) y:                    Live             Garbage             Small              Medium             Large        
[2026-04-03T02:46:18.769+0600][91.278s][info][gc,reloc    ] GC(74) y: Eden               7M (0%)         1460M (73%)        554 / 337            6 / 0             28 / 0        
[2026-04-03T02:46:18.769+0600][91.278s][info][gc,reloc    ] GC(74) y: Survivor 1         2M (0%)            1M (0%)           2 / 1              0 / 0              0 / 0        
[2026-04-03T02:46:18.769+0600][91.278s][info][gc,reloc    ] GC(74) y: Survivor 2         1M (0%)            2M (0%)           2 / 0              0 / 0              0 / 0        
[2026-04-03T02:46:18.769+0600][91.278s][info][gc,reloc    ] GC(74) y: Survivor 3         2M (0%)            1M (0%)           2 / 1              0 / 0              0 / 0        
[2026-04-03T02:46:18.769+0600][91.278s][info][gc,reloc    ] GC(74) y: Survivor 4         4M (0%)            1M (0%)           3 / 1              0 / 0              0 / 0        
[2026-04-03T02:46:18.769+0600][91.278s][info][gc,reloc    ] GC(74) y: Survivor 5         3M (0%)            0M (0%)           2 / 0              0 / 0              0 / 0        
[2026-04-03T02:46:18.769+0600][91.278s][info][gc,reloc    ] GC(74) y: Survivor 6         1M (0%)            2M (0%)           2 / 1              0 / 0              0 / 0        
[2026-04-03T02:46:18.769+0600][91.278s][info][gc,heap     ] GC(74) y: Min Capacity: 8M(0%)
[2026-04-03T02:46:18.769+0600][91.278s][info][gc,heap     ] GC(74) y: Max Capacity: 2000M(100%)
[2026-04-03T02:46:18.769+0600][91.278s][info][gc,heap     ] GC(74) y: Soft Max Capacity: 2000M(100%)
[2026-04-03T02:46:18.769+0600][91.278s][info][gc,heap     ] GC(74) y: Heap Statistics:
[2026-04-03T02:46:18.769+0600][91.278s][info][gc,heap     ] GC(74) y:                Mark Start          Mark End        Relocate Start      Relocate End           High               Low         
[2026-04-03T02:46:18.769+0600][91.278s][info][gc,heap     ] GC(74) y:  Capacity:     2000M (100%)       2000M (100%)       2000M (100%)       2000M (100%)       2000M (100%)       2000M (100%)   
[2026-04-03T02:46:18.769+0600][91.278s][info][gc,heap     ] GC(74) y:      Free:      276M (14%)         106M (5%)          868M (43%)        1492M (75%)        1500M (75%)         106M (5%)     
[2026-04-03T02:46:18.769+0600][91.278s][info][gc,heap     ] GC(74) y:      Used:     1724M (86%)        1894M (95%)        1132M (57%)         508M (25%)        1894M (95%)         500M (25%)    
[2026-04-03T02:46:18.769+0600][91.278s][info][gc,heap     ] GC(74) y: Young Generation Statistics:
[2026-04-03T02:46:18.769+0600][91.278s][info][gc,heap     ] GC(74) y:                Mark Start          Mark End        Relocate Start      Relocate End    
[2026-04-03T02:46:18.769+0600][91.278s][info][gc,heap     ] GC(74) y:      Used:     1494M (75%)        1664M (83%)         896M (45%)         270M (14%)    
[2026-04-03T02:46:18.769+0600][91.278s][info][gc,heap     ] GC(74) y:      Live:         -                23M (1%)           19M (1%)           18M (1%)     
[2026-04-03T02:46:18.769+0600][91.278s][info][gc,heap     ] GC(74) y:   Garbage:         -              1470M (74%)         684M (34%)           0M (0%)     
[2026-04-03T02:46:18.769+0600][91.278s][info][gc,heap     ] GC(74) y: Allocated:         -               170M (8%)          192M (10%)         250M (13%)    
[2026-04-03T02:46:18.769+0600][91.278s][info][gc,heap     ] GC(74) y: Reclaimed:         -                  -               785M (39%)        1469M (73%)    
[2026-04-03T02:46:18.769+0600][91.278s][info][gc,heap     ] GC(74) y:  Promoted:         -                  -                 4M (0%)            4M (0%)     
[2026-04-03T02:46:18.769+0600][91.278s][info][gc,heap     ] GC(74) y: Compacted:         -                  -                  -                 9M (0%)     
[2026-04-03T02:46:18.769+0600][91.278s][info][gc,phases   ] GC(74) y: Young Generation 1724M(86%)->508M(25%) 0.127s
[2026-04-03T02:46:18.769+0600][91.278s][info][gc          ] GC(74) Minor Collection (Allocation Rate) 1724M(86%)->508M(25%) 0.128s
[2026-04-03T02:46:18.951+0600][91.460s][info][gc          ] GC(75) Minor Collection (Allocation Rate)
[2026-04-03T02:46:18.951+0600][91.460s][info][gc,task     ] GC(75) Using 1 Workers for Young Generation
[2026-04-03T02:46:18.951+0600][91.460s][info][gc,phases   ] GC(75) y: Young Generation
[2026-04-03T02:46:18.952+0600][91.460s][info][gc,phases   ] GC(75) y: Pause Mark Start 0.024ms
[2026-04-03T02:46:19.018+0600][91.527s][info][gc,phases   ] GC(75) y: Concurrent Mark 66.695ms
[2026-04-03T02:46:19.019+0600][91.527s][info][gc,phases   ] GC(75) y: Pause Mark End 0.019ms
[2026-04-03T02:46:19.019+0600][91.527s][info][gc,phases   ] GC(75) y: Concurrent Mark Free 0.001ms
[2026-04-03T02:46:19.019+0600][91.527s][info][gc,phases   ] GC(75) y: Concurrent Reset Relocation Set 0.025ms
[2026-04-03T02:46:19.020+0600][91.529s][info][gc,reloc    ] GC(75) y: Using tenuring threshold: 3 (Computed)
[2026-04-03T02:46:19.024+0600][91.533s][info][gc,phases   ] GC(75) y: Concurrent Select Relocation Set 5.470ms
[2026-04-03T02:46:19.024+0600][91.533s][info][gc,phases   ] GC(75) y: Pause Relocate Start 0.017ms
[2026-04-03T02:46:19.039+0600][91.548s][info][gc,phases   ] GC(75) y: Concurrent Relocate 14.877ms
[2026-04-03T02:46:19.039+0600][91.548s][info][gc,alloc    ] GC(75) y:                         Mark Start        Mark End      Relocate Start    Relocate End   
[2026-04-03T02:46:19.039+0600][91.548s][info][gc,alloc    ] GC(75) y: Allocation Stalls:          0                0                0                0         
[2026-04-03T02:46:19.039+0600][91.548s][info][gc,load     ] GC(75) y: Load: 6.10 (51%) / 5.67 (47%) / 5.65 (47%)
[2026-04-03T02:46:19.039+0600][91.548s][info][gc,mmu      ] GC(75) y: MMU: 2ms/95.0%, 5ms/97.8%, 10ms/98.9%, 20ms/99.4%, 50ms/99.7%, 100ms/99.8%
[2026-04-03T02:46:19.039+0600][91.548s][info][gc,marking  ] GC(75) y: Mark: 1 stripe(s), 3 proactive flush(es), 1 terminate flush(es), 0 completion(s), 0 continuation(s) 
[2026-04-03T02:46:19.039+0600][91.548s][info][gc,marking  ] GC(75) y: Mark Stack Usage: 32M
[2026-04-03T02:46:19.039+0600][91.548s][info][gc,nmethod  ] GC(75) y: NMethods: 13797 registered, 4297 unregistered
[2026-04-03T02:46:19.039+0600][91.548s][info][gc,metaspace] GC(75) y: Metaspace: 129M used, 130M committed, 1152M reserved
[2026-04-03T02:46:19.039+0600][91.548s][info][gc,reloc    ] GC(75) y:                        Candidates     Selected     In-Place         Size        Empty    Relocated 
[2026-04-03T02:46:19.039+0600][91.548s][info][gc,reloc    ] GC(75) y: Small Pages:                  176           73            0         352M         184M           6M 
[2026-04-03T02:46:19.040+0600][91.548s][info][gc,reloc    ] GC(75) y: Medium Pages:                   2            0            0          64M          64M           0M 
[2026-04-03T02:46:19.040+0600][91.548s][info][gc,reloc    ] GC(75) y: Large Pages:                   83            0            0         498M         480M           0M 
[2026-04-03T02:46:19.040+0600][91.548s][info][gc,reloc    ] GC(75) y: Forwarding Usage: 1M
[2026-04-03T02:46:19.040+0600][91.548s][info][gc,reloc    ] GC(75) y: Age Table:
[2026-04-03T02:46:19.040+0600][91.548s][info][gc,reloc    ] GC(75) y:                    Live             Garbage             Small              Medium             Large        
[2026-04-03T02:46:19.040+0600][91.548s][info][gc,reloc    ] GC(75) y: Eden              21M (1%)          858M (43%)        159 / 65             2 / 0             83 / 0        
[2026-04-03T02:46:19.040+0600][91.548s][info][gc,reloc    ] GC(75) y: Survivor 1         4M (0%)            7M (0%)           6 / 2              0 / 0              0 / 0        
[2026-04-03T02:46:19.040+0600][91.548s][info][gc,reloc    ] GC(75) y: Survivor 2         2M (0%)            1M (0%)           2 / 1              0 / 0              0 / 0        
[2026-04-03T02:46:19.040+0600][91.548s][info][gc,reloc    ] GC(75) y: Survivor 3         1M (0%)            2M (0%)           2 / 1              0 / 0              0 / 0        
[2026-04-03T02:46:19.040+0600][91.548s][info][gc,reloc    ] GC(75) y: Survivor 4         2M (0%)            5M (0%)           4 / 3              0 / 0              0 / 0        
[2026-04-03T02:46:19.040+0600][91.548s][info][gc,reloc    ] GC(75) y: Survivor 5         4M (0%)            1M (0%)           3 / 1              0 / 0              0 / 0        
[2026-04-03T02:46:19.040+0600][91.548s][info][gc,heap     ] GC(75) y: Min Capacity: 8M(0%)
[2026-04-03T02:46:19.040+0600][91.548s][info][gc,heap     ] GC(75) y: Max Capacity: 2000M(100%)
[2026-04-03T02:46:19.040+0600][91.548s][info][gc,heap     ] GC(75) y: Soft Max Capacity: 2000M(100%)
[2026-04-03T02:46:19.040+0600][91.548s][info][gc,heap     ] GC(75) y: Heap Statistics:
[2026-04-03T02:46:19.040+0600][91.548s][info][gc,heap     ] GC(75) y:                Mark Start          Mark End        Relocate Start      Relocate End           High               Low         
[2026-04-03T02:46:19.040+0600][91.548s][info][gc,heap     ] GC(75) y:  Capacity:     2000M (100%)       2000M (100%)       2000M (100%)       2000M (100%)       2000M (100%)       2000M (100%)   
[2026-04-03T02:46:19.040+0600][91.548s][info][gc,heap     ] GC(75) y:      Free:      848M (42%)         474M (24%)        1192M (60%)        1298M (65%)        1316M (66%)         474M (24%)    
[2026-04-03T02:46:19.040+0600][91.548s][info][gc,heap     ] GC(75) y:      Used:     1152M (58%)        1526M (76%)         808M (40%)         702M (35%)        1526M (76%)         684M (34%)    
[2026-04-03T02:46:19.040+0600][91.548s][info][gc,heap     ] GC(75) y: Young Generation Statistics:
[2026-04-03T02:46:19.040+0600][91.548s][info][gc,heap     ] GC(75) y:                Mark Start          Mark End        Relocate Start      Relocate End    
[2026-04-03T02:46:19.040+0600][91.548s][info][gc,heap     ] GC(75) y:      Used:      914M (46%)        1288M (64%)         562M (28%)         454M (23%)    
[2026-04-03T02:46:19.040+0600][91.549s][info][gc,heap     ] GC(75) y:      Live:         -                37M (2%)           29M (1%)           28M (1%)     
[2026-04-03T02:46:19.040+0600][91.549s][info][gc,heap     ] GC(75) y:   Garbage:         -               876M (44%)         148M (7%)            0M (0%)     
[2026-04-03T02:46:19.040+0600][91.549s][info][gc,heap     ] GC(75) y: Allocated:         -               374M (19%)         384M (19%)         424M (21%)    
[2026-04-03T02:46:19.040+0600][91.549s][info][gc,heap     ] GC(75) y: Reclaimed:         -                  -               728M (36%)         876M (44%)    
[2026-04-03T02:46:19.040+0600][91.549s][info][gc,heap     ] GC(75) y:  Promoted:         -                  -                 7M (0%)            8M (0%)     
[2026-04-03T02:46:19.040+0600][91.549s][info][gc,heap     ] GC(75) y: Compacted:         -                  -                  -                 7M (0%)     
[2026-04-03T02:46:19.040+0600][91.549s][info][gc,phases   ] GC(75) y: Young Generation 1152M(58%)->702M(35%) 0.088s
[2026-04-03T02:46:19.040+0600][91.549s][info][gc          ] GC(75) Minor Collection (Allocation Rate) 1152M(58%)->704M(35%) 0.089s
[2026-04-03T02:46:19.109+0600][91.618s][info][gc          ] GC(76) Minor Collection (Allocation Rate)
[2026-04-03T02:46:19.109+0600][91.618s][info][gc,task     ] GC(76) Using 1 Workers for Young Generation
[2026-04-03T02:46:19.109+0600][91.618s][info][gc,phases   ] GC(76) y: Young Generation
[2026-04-03T02:46:19.109+0600][91.618s][info][gc,phases   ] GC(76) y: Pause Mark Start 0.028ms
[2026-04-03T02:46:19.165+0600][91.673s][info][gc,phases   ] GC(76) y: Concurrent Mark 54.977ms
[2026-04-03T02:46:19.165+0600][91.673s][info][gc,phases   ] GC(76) y: Pause Mark End 0.019ms
[2026-04-03T02:46:19.165+0600][91.673s][info][gc,phases   ] GC(76) y: Concurrent Mark Free 0.001ms
[2026-04-03T02:46:19.165+0600][91.673s][info][gc,phases   ] GC(76) y: Concurrent Reset Relocation Set 0.027ms
[2026-04-03T02:46:19.166+0600][91.675s][info][gc,reloc    ] GC(76) y: Using tenuring threshold: 4 (Computed)
[2026-04-03T02:46:19.167+0600][91.676s][info][gc,phases   ] GC(76) y: Concurrent Select Relocation Set 2.345ms
[2026-04-03T02:46:19.167+0600][91.676s][info][gc,phases   ] GC(76) y: Pause Relocate Start 0.019ms
[2026-04-03T02:46:19.171+0600][91.680s][info][gc,phases   ] GC(76) y: Concurrent Relocate 4.028ms
[2026-04-03T02:46:19.172+0600][91.680s][info][gc,alloc    ] GC(76) y:                         Mark Start        Mark End      Relocate Start    Relocate End   
[2026-04-03T02:46:19.172+0600][91.680s][info][gc,alloc    ] GC(76) y: Allocation Stalls:          0                0                0                0         
[2026-04-03T02:46:19.172+0600][91.680s][info][gc,load     ] GC(76) y: Load: 6.10 (51%) / 5.67 (47%) / 5.65 (47%)
[2026-04-03T02:46:19.172+0600][91.680s][info][gc,mmu      ] GC(76) y: MMU: 2ms/95.0%, 5ms/97.8%, 10ms/98.9%, 20ms/99.4%, 50ms/99.7%, 100ms/99.8%
[2026-04-03T02:46:19.172+0600][91.680s][info][gc,marking  ] GC(76) y: Mark: 1 stripe(s), 2 proactive flush(es), 1 terminate flush(es), 0 completion(s), 0 continuation(s) 
[2026-04-03T02:46:19.172+0600][91.680s][info][gc,marking  ] GC(76) y: Mark Stack Usage: 32M
[2026-04-03T02:46:19.172+0600][91.680s][info][gc,nmethod  ] GC(76) y: NMethods: 13802 registered, 4297 unregistered
[2026-04-03T02:46:19.172+0600][91.680s][info][gc,metaspace] GC(76) y: Metaspace: 129M used, 130M committed, 1152M reserved
[2026-04-03T02:46:19.172+0600][91.680s][info][gc,reloc    ] GC(76) y:                        Candidates     Selected     In-Place         Size        Empty    Relocated 
[2026-04-03T02:46:19.172+0600][91.680s][info][gc,reloc    ] GC(76) y: Small Pages:                   75           50            0         150M          36M           3M 
[2026-04-03T02:46:19.172+0600][91.680s][info][gc,reloc    ] GC(76) y: Medium Pages:                   1            0            0          32M          32M           0M 
[2026-04-03T02:46:19.172+0600][91.680s][info][gc,reloc    ] GC(76) y: Large Pages:                   58            0            0         348M         348M           0M 
[2026-04-03T02:46:19.172+0600][91.680s][info][gc,reloc    ] GC(76) y: Forwarding Usage: 0M
[2026-04-03T02:46:19.172+0600][91.680s][info][gc,reloc    ] GC(76) y: Age Table:
[2026-04-03T02:46:19.172+0600][91.680s][info][gc,reloc    ] GC(76) y:                    Live             Garbage             Small              Medium             Large        
[2026-04-03T02:46:19.172+0600][91.680s][info][gc,reloc    ] GC(76) y: Eden               2M (0%)          477M (24%)         59 / 46             1 / 0             55 / 0        
[2026-04-03T02:46:19.172+0600][91.680s][info][gc,reloc    ] GC(76) y: Survivor 1         1M (0%)           32M (2%)           8 / 2              0 / 0              3 / 0        
[2026-04-03T02:46:19.172+0600][91.680s][info][gc,reloc    ] GC(76) y: Survivor 2         4M (0%)            5M (0%)           5 / 1              0 / 0              0 / 0        
[2026-04-03T02:46:19.172+0600][91.680s][info][gc,reloc    ] GC(76) y: Survivor 3         2M (0%)            3M (0%)           3 / 1              0 / 0              0 / 0        
[2026-04-03T02:46:19.172+0600][91.680s][info][gc,heap     ] GC(76) y: Min Capacity: 8M(0%)
[2026-04-03T02:46:19.172+0600][91.680s][info][gc,heap     ] GC(76) y: Max Capacity: 2000M(100%)
[2026-04-03T02:46:19.172+0600][91.680s][info][gc,heap     ] GC(76) y: Soft Max Capacity: 2000M(100%)
[2026-04-03T02:46:19.172+0600][91.680s][info][gc,heap     ] GC(76) y: Heap Statistics:
[2026-04-03T02:46:19.172+0600][91.680s][info][gc,heap     ] GC(76) y:                Mark Start          Mark End        Relocate Start      Relocate End           High               Low         
[2026-04-03T02:46:19.172+0600][91.680s][info][gc,heap     ] GC(76) y:  Capacity:     2000M (100%)       2000M (100%)       2000M (100%)       2000M (100%)       2000M (100%)       2000M (100%)   
[2026-04-03T02:46:19.172+0600][91.680s][info][gc,heap     ] GC(76) y:      Free:     1222M (61%)        1166M (58%)        1576M (79%)        1672M (84%)        1672M (84%)        1138M (57%)    
[2026-04-03T02:46:19.172+0600][91.680s][info][gc,heap     ] GC(76) y:      Used:      778M (39%)         834M (42%)         424M (21%)         328M (16%)         862M (43%)         328M (16%)    
[2026-04-03T02:46:19.172+0600][91.680s][info][gc,heap     ] GC(76) y: Young Generation Statistics:
[2026-04-03T02:46:19.172+0600][91.680s][info][gc,heap     ] GC(76) y:                Mark Start          Mark End        Relocate Start      Relocate End    
[2026-04-03T02:46:19.172+0600][91.680s][info][gc,heap     ] GC(76) y:      Used:      530M (26%)         586M (29%)         176M (9%)           80M (4%)     
[2026-04-03T02:46:19.172+0600][91.680s][info][gc,heap     ] GC(76) y:      Live:         -                11M (1%)           11M (1%)           11M (1%)     
[2026-04-03T02:46:19.172+0600][91.680s][info][gc,heap     ] GC(76) y:   Garbage:         -               518M (26%)         102M (5%)            0M (0%)     
[2026-04-03T02:46:19.172+0600][91.680s][info][gc,heap     ] GC(76) y: Allocated:         -                56M (3%)           62M (3%)           67M (3%)     
[2026-04-03T02:46:19.172+0600][91.680s][info][gc,heap     ] GC(76) y: Reclaimed:         -                  -               416M (21%)         517M (26%)    
[2026-04-03T02:46:19.172+0600][91.680s][info][gc,heap     ] GC(76) y:  Promoted:         -                  -                 0M (0%)            0M (0%)     
[2026-04-03T02:46:19.172+0600][91.680s][info][gc,heap     ] GC(76) y: Compacted:         -                  -                  -                 4M (0%)     
[2026-04-03T02:46:19.172+0600][91.680s][info][gc,phases   ] GC(76) y: Young Generation 778M(39%)->328M(16%) 0.062s
[2026-04-03T02:46:19.172+0600][91.680s][info][gc          ] GC(76) Minor Collection (Allocation Rate) 778M(39%)->328M(16%) 0.063s
[2026-04-03T02:46:20.042+0600][92.551s][info][gc          ] GC(77) Minor Collection (Allocation Rate)
[2026-04-03T02:46:20.042+0600][92.551s][info][gc,task     ] GC(77) Using 1 Workers for Young Generation
[2026-04-03T02:46:20.042+0600][92.551s][info][gc,phases   ] GC(77) y: Young Generation
[2026-04-03T02:46:20.042+0600][92.551s][info][gc,phases   ] GC(77) y: Pause Mark Start 0.022ms
[2026-04-03T02:46:20.102+0600][92.611s][info][gc,phases   ] GC(77) y: Concurrent Mark 59.563ms
[2026-04-03T02:46:20.102+0600][92.611s][info][gc,phases   ] GC(77) y: Pause Mark End 0.033ms
[2026-04-03T02:46:20.102+0600][92.611s][info][gc,phases   ] GC(77) y: Concurrent Mark Free 0.004ms
[2026-04-03T02:46:20.102+0600][92.611s][info][gc,phases   ] GC(77) y: Concurrent Reset Relocation Set 0.008ms
[2026-04-03T02:46:20.106+0600][92.615s][info][gc,reloc    ] GC(77) y: Using tenuring threshold: 5 (Computed)
[2026-04-03T02:46:20.107+0600][92.615s][info][gc,phases   ] GC(77) y: Concurrent Select Relocation Set 4.205ms
[2026-04-03T02:46:20.107+0600][92.616s][info][gc,phases   ] GC(77) y: Pause Relocate Start 0.018ms
[2026-04-03T02:46:20.113+0600][92.621s][info][gc,phases   ] GC(77) y: Concurrent Relocate 5.596ms
[2026-04-03T02:46:20.113+0600][92.621s][info][gc,alloc    ] GC(77) y:                         Mark Start        Mark End      Relocate Start    Relocate End   
[2026-04-03T02:46:20.113+0600][92.621s][info][gc,alloc    ] GC(77) y: Allocation Stalls:          0                0                0                0         
[2026-04-03T02:46:20.113+0600][92.621s][info][gc,load     ] GC(77) y: Load: 6.17 (51%) / 5.69 (47%) / 5.66 (47%)
[2026-04-03T02:46:20.113+0600][92.621s][info][gc,mmu      ] GC(77) y: MMU: 2ms/95.0%, 5ms/97.8%, 10ms/98.9%, 20ms/99.4%, 50ms/99.7%, 100ms/99.8%
[2026-04-03T02:46:20.113+0600][92.621s][info][gc,marking  ] GC(77) y: Mark: 1 stripe(s), 2 proactive flush(es), 1 terminate flush(es), 0 completion(s), 0 continuation(s) 
[2026-04-03T02:46:20.113+0600][92.621s][info][gc,marking  ] GC(77) y: Mark Stack Usage: 32M
[2026-04-03T02:46:20.113+0600][92.621s][info][gc,nmethod  ] GC(77) y: NMethods: 13824 registered, 4297 unregistered
[2026-04-03T02:46:20.113+0600][92.622s][info][gc,metaspace] GC(77) y: Metaspace: 129M used, 130M committed, 1152M reserved
[2026-04-03T02:46:20.113+0600][92.622s][info][gc,reloc    ] GC(77) y:                        Candidates     Selected     In-Place         Size        Empty    Relocated 
[2026-04-03T02:46:20.113+0600][92.622s][info][gc,reloc    ] GC(77) y: Small Pages:                  283          192            0         566M         168M           4M 
[2026-04-03T02:46:20.113+0600][92.622s][info][gc,reloc    ] GC(77) y: Medium Pages:                   4            0            0         128M         128M           0M 
[2026-04-03T02:46:20.113+0600][92.622s][info][gc,reloc    ] GC(77) y: Large Pages:                   14            0            0          84M          84M           0M 
[2026-04-03T02:46:20.113+0600][92.622s][info][gc,reloc    ] GC(77) y: Forwarding Usage: 1M
[2026-04-03T02:46:20.113+0600][92.622s][info][gc,reloc    ] GC(77) y: Age Table:
[2026-04-03T02:46:20.113+0600][92.622s][info][gc,reloc    ] GC(77) y:                    Live             Garbage             Small              Medium             Large        
[2026-04-03T02:46:20.113+0600][92.622s][info][gc,reloc    ] GC(77) y: Eden               2M (0%)          757M (38%)        274 / 188            4 / 0             14 / 0        
[2026-04-03T02:46:20.113+0600][92.622s][info][gc,reloc    ] GC(77) y: Survivor 1         0M (0%)            3M (0%)           2 / 2              0 / 0              0 / 0        
[2026-04-03T02:46:20.113+0600][92.622s][info][gc,reloc    ] GC(77) y: Survivor 2         1M (0%)            2M (0%)           2 / 1              0 / 0              0 / 0        
[2026-04-03T02:46:20.113+0600][92.622s][info][gc,reloc    ] GC(77) y: Survivor 3         4M (0%)            1M (0%)           3 / 0              0 / 0              0 / 0        
[2026-04-03T02:46:20.113+0600][92.622s][info][gc,reloc    ] GC(77) y: Survivor 4         2M (0%)            1M (0%)           2 / 1              0 / 0              0 / 0        
[2026-04-03T02:46:20.113+0600][92.622s][info][gc,heap     ] GC(77) y: Min Capacity: 8M(0%)
[2026-04-03T02:46:20.113+0600][92.622s][info][gc,heap     ] GC(77) y: Max Capacity: 2000M(100%)
[2026-04-03T02:46:20.113+0600][92.622s][info][gc,heap     ] GC(77) y: Soft Max Capacity: 2000M(100%)
[2026-04-03T02:46:20.113+0600][92.622s][info][gc,heap     ] GC(77) y: Heap Statistics:
[2026-04-03T02:46:20.113+0600][92.622s][info][gc,heap     ] GC(77) y:                Mark Start          Mark End        Relocate Start      Relocate End           High               Low         
[2026-04-03T02:46:20.113+0600][92.622s][info][gc,heap     ] GC(77) y:  Capacity:     2000M (100%)       2000M (100%)       2000M (100%)       2000M (100%)       2000M (100%)       2000M (100%)   
[2026-04-03T02:46:20.113+0600][92.622s][info][gc,heap     ] GC(77) y:      Free:      974M (49%)         906M (45%)        1284M (64%)        1650M (82%)        1650M (82%)         842M (42%)    
[2026-04-03T02:46:20.113+0600][92.622s][info][gc,heap     ] GC(77) y:      Used:     1026M (51%)        1094M (55%)         716M (36%)         350M (18%)        1158M (58%)         350M (18%)    
[2026-04-03T02:46:20.113+0600][92.622s][info][gc,heap     ] GC(77) y: Young Generation Statistics:
[2026-04-03T02:46:20.113+0600][92.622s][info][gc,heap     ] GC(77) y:                Mark Start          Mark End        Relocate Start      Relocate End    
[2026-04-03T02:46:20.113+0600][92.622s][info][gc,heap     ] GC(77) y:      Used:      778M (39%)         846M (42%)         468M (23%)         102M (5%)     
[2026-04-03T02:46:20.113+0600][92.622s][info][gc,heap     ] GC(77) y:      Live:         -                12M (1%)           12M (1%)           12M (1%)     
[2026-04-03T02:46:20.113+0600][92.622s][info][gc,heap     ] GC(77) y:   Garbage:         -               765M (38%)         385M (19%)           1M (0%)     
[2026-04-03T02:46:20.113+0600][92.622s][info][gc,heap     ] GC(77) y: Allocated:         -                68M (3%)           70M (4%)           88M (4%)     
[2026-04-03T02:46:20.113+0600][92.622s][info][gc,heap     ] GC(77) y: Reclaimed:         -                  -               380M (19%)         764M (38%)    
[2026-04-03T02:46:20.113+0600][92.622s][info][gc,heap     ] GC(77) y:  Promoted:         -                  -                 0M (0%)            0M (0%)     
[2026-04-03T02:46:20.113+0600][92.622s][info][gc,heap     ] GC(77) y: Compacted:         -                  -                  -                 5M (0%)     
[2026-04-03T02:46:20.113+0600][92.622s][info][gc,phases   ] GC(77) y: Young Generation 1026M(51%)->350M(18%) 0.071s
[2026-04-03T02:46:20.113+0600][92.622s][info][gc          ] GC(77) Minor Collection (Allocation Rate) 1026M(51%)->352M(18%) 0.071s
[2026-04-03T02:46:21.352+0600][93.861s][info][gc          ] GC(78) Minor Collection (Allocation Rate)
[2026-04-03T02:46:21.352+0600][93.861s][info][gc,task     ] GC(78) Using 1 Workers for Young Generation
[2026-04-03T02:46:21.352+0600][93.861s][info][gc,phases   ] GC(78) y: Young Generation
[2026-04-03T02:46:21.352+0600][93.861s][info][gc,phases   ] GC(78) y: Pause Mark Start 0.019ms
[2026-04-03T02:46:21.422+0600][93.931s][info][gc,phases   ] GC(78) y: Concurrent Mark 70.057ms
[2026-04-03T02:46:21.423+0600][93.931s][info][gc,phases   ] GC(78) y: Pause Mark End 0.022ms
[2026-04-03T02:46:21.423+0600][93.931s][info][gc,phases   ] GC(78) y: Concurrent Mark Free 0.002ms
[2026-04-03T02:46:21.423+0600][93.931s][info][gc,phases   ] GC(78) y: Concurrent Reset Relocation Set 0.016ms
[2026-04-03T02:46:21.424+0600][93.933s][info][gc,reloc    ] GC(78) y: Using tenuring threshold: 6 (Computed)
[2026-04-03T02:46:21.425+0600][93.934s][info][gc,phases   ] GC(78) y: Concurrent Select Relocation Set 2.592ms
[2026-04-03T02:46:21.425+0600][93.934s][info][gc,phases   ] GC(78) y: Pause Relocate Start 0.014ms
[2026-04-03T02:46:21.435+0600][93.944s][info][gc,phases   ] GC(78) y: Concurrent Relocate 9.882ms
[2026-04-03T02:46:21.435+0600][93.944s][info][gc,alloc    ] GC(78) y:                         Mark Start        Mark End      Relocate Start    Relocate End   
[2026-04-03T02:46:21.435+0600][93.944s][info][gc,alloc    ] GC(78) y: Allocation Stalls:          0                0                0                0         
[2026-04-03T02:46:21.435+0600][93.944s][info][gc,load     ] GC(78) y: Load: 6.17 (51%) / 5.69 (47%) / 5.66 (47%)
[2026-04-03T02:46:21.435+0600][93.944s][info][gc,mmu      ] GC(78) y: MMU: 2ms/95.0%, 5ms/97.8%, 10ms/98.9%, 20ms/99.4%, 50ms/99.7%, 100ms/99.8%
[2026-04-03T02:46:21.435+0600][93.944s][info][gc,marking  ] GC(78) y: Mark: 1 stripe(s), 2 proactive flush(es), 1 terminate flush(es), 0 completion(s), 0 continuation(s) 
[2026-04-03T02:46:21.435+0600][93.944s][info][gc,marking  ] GC(78) y: Mark Stack Usage: 32M
[2026-04-03T02:46:21.436+0600][93.944s][info][gc,nmethod  ] GC(78) y: NMethods: 13861 registered, 4297 unregistered
[2026-04-03T02:46:21.436+0600][93.944s][info][gc,metaspace] GC(78) y: Metaspace: 129M used, 130M committed, 1152M reserved
[2026-04-03T02:46:21.436+0600][93.944s][info][gc,reloc    ] GC(78) y:                        Candidates     Selected     In-Place         Size        Empty    Relocated 
[2026-04-03T02:46:21.436+0600][93.944s][info][gc,reloc    ] GC(78) y: Small Pages:                  427          247            0         854M         340M           5M 
[2026-04-03T02:46:21.436+0600][93.944s][info][gc,reloc    ] GC(78) y: Medium Pages:                   5            0            0         160M         160M           0M 
[2026-04-03T02:46:21.436+0600][93.944s][info][gc,reloc    ] GC(78) y: Large Pages:                   20            0            0         120M         120M           0M 
[2026-04-03T02:46:21.436+0600][93.944s][info][gc,reloc    ] GC(78) y: Forwarding Usage: 1M
[2026-04-03T02:46:21.436+0600][93.944s][info][gc,reloc    ] GC(78) y: Age Table:
[2026-04-03T02:46:21.436+0600][93.944s][info][gc,reloc    ] GC(78) y:                    Live             Garbage             Small              Medium             Large        
[2026-04-03T02:46:21.436+0600][93.944s][info][gc,reloc    ] GC(78) y: Eden               4M (0%)         1099M (55%)        412 / 240            5 / 0             20 / 0        
[2026-04-03T02:46:21.436+0600][93.944s][info][gc,reloc    ] GC(78) y: Survivor 1         1M (0%)           10M (1%)           6 / 4              0 / 0              0 / 0        
[2026-04-03T02:46:21.436+0600][93.944s][info][gc,reloc    ] GC(78) y: Survivor 2         0M (0%)            1M (0%)           1 / 0              0 / 0              0 / 0        
[2026-04-03T02:46:21.436+0600][93.944s][info][gc,reloc    ] GC(78) y: Survivor 3         1M (0%)            2M (0%)           2 / 1              0 / 0              0 / 0        
[2026-04-03T02:46:21.436+0600][93.944s][info][gc,reloc    ] GC(78) y: Survivor 4         4M (0%)            1M (0%)           3 / 1              0 / 0              0 / 0        
[2026-04-03T02:46:21.436+0600][93.944s][info][gc,reloc    ] GC(78) y: Survivor 5         2M (0%)            3M (0%)           3 / 1              0 / 0              0 / 0        
[2026-04-03T02:46:21.436+0600][93.944s][info][gc,heap     ] GC(78) y: Min Capacity: 8M(0%)
[2026-04-03T02:46:21.436+0600][93.944s][info][gc,heap     ] GC(78) y: Max Capacity: 2000M(100%)
[2026-04-03T02:46:21.436+0600][93.944s][info][gc,heap     ] GC(78) y: Soft Max Capacity: 2000M(100%)
[2026-04-03T02:46:21.436+0600][93.944s][info][gc,heap     ] GC(78) y: Heap Statistics:
[2026-04-03T02:46:21.436+0600][93.944s][info][gc,heap     ] GC(78) y:                Mark Start          Mark End        Relocate Start      Relocate End           High               Low         
[2026-04-03T02:46:21.436+0600][93.944s][info][gc,heap     ] GC(78) y:  Capacity:     2000M (100%)       2000M (100%)       2000M (100%)       2000M (100%)       2000M (100%)       2000M (100%)   
[2026-04-03T02:46:21.436+0600][93.944s][info][gc,heap     ] GC(78) y:      Free:      618M (31%)         546M (27%)        1160M (58%)        1628M (81%)        1634M (82%)         546M (27%)    
[2026-04-03T02:46:21.436+0600][93.945s][info][gc,heap     ] GC(78) y:      Used:     1382M (69%)        1454M (73%)         840M (42%)         372M (19%)        1454M (73%)         366M (18%)    
[2026-04-03T02:46:21.436+0600][93.945s][info][gc,heap     ] GC(78) y: Young Generation Statistics:
[2026-04-03T02:46:21.436+0600][93.945s][info][gc,heap     ] GC(78) y:                Mark Start          Mark End        Relocate Start      Relocate End    
[2026-04-03T02:46:21.436+0600][93.945s][info][gc,heap     ] GC(78) y:      Used:     1134M (57%)        1206M (60%)         592M (30%)         124M (6%)     
[2026-04-03T02:46:21.436+0600][93.945s][info][gc,heap     ] GC(78) y:      Live:         -                16M (1%)           16M (1%)           16M (1%)     
[2026-04-03T02:46:21.436+0600][93.945s][info][gc,heap     ] GC(78) y:   Garbage:         -              1117M (56%)         497M (25%)           2M (0%)     
[2026-04-03T02:46:21.436+0600][93.945s][info][gc,heap     ] GC(78) y: Allocated:         -                72M (4%)           78M (4%)          105M (5%)     
[2026-04-03T02:46:21.436+0600][93.945s][info][gc,heap     ] GC(78) y: Reclaimed:         -                  -               620M (31%)        1115M (56%)    
[2026-04-03T02:46:21.436+0600][93.945s][info][gc,heap     ] GC(78) y:  Promoted:         -                  -                 0M (0%)            0M (0%)     
[2026-04-03T02:46:21.436+0600][93.945s][info][gc,heap     ] GC(78) y: Compacted:         -                  -                  -                 6M (0%)     
[2026-04-03T02:46:21.436+0600][93.945s][info][gc,phases   ] GC(78) y: Young Generation 1382M(69%)->372M(19%) 0.083s
[2026-04-03T02:46:21.436+0600][93.945s][info][gc          ] GC(78) Minor Collection (Allocation Rate) 1382M(69%)->372M(19%) 0.084s
[2026-04-03T02:46:22.762+0600][95.271s][info][gc          ] GC(79) Minor Collection (Allocation Rate)
[2026-04-03T02:46:22.762+0600][95.271s][info][gc,task     ] GC(79) Using 1 Workers for Young Generation
[2026-04-03T02:46:22.762+0600][95.271s][info][gc,phases   ] GC(79) y: Young Generation
[2026-04-03T02:46:22.762+0600][95.271s][info][gc,phases   ] GC(79) y: Pause Mark Start 0.020ms
[2026-04-03T02:46:22.772+0600][95.281s][info][gc,task     ] Adjusting Workers for Young Generation: 1 -> 3
[2026-04-03T02:46:22.800+0600][95.309s][info][gc,phases   ] GC(79) y: Concurrent Mark 37.534ms
[2026-04-03T02:46:22.800+0600][95.309s][info][gc,phases   ] GC(79) y: Pause Mark End 0.019ms
[2026-04-03T02:46:22.800+0600][95.309s][info][gc,phases   ] GC(79) y: Concurrent Mark Free 0.001ms
[2026-04-03T02:46:22.800+0600][95.309s][info][gc,phases   ] GC(79) y: Concurrent Reset Relocation Set 0.034ms
[2026-04-03T02:46:22.800+0600][95.309s][info][gc          ] Allocation Stall (Executor task launch worker for task 3.0 in stage 3965.0 (TID 7388)) 22.268ms
[2026-04-03T02:46:22.801+0600][95.309s][info][gc          ] Allocation Stall (Executor task launch worker for task 0.0 in stage 3965.0 (TID 7385)) 17.179ms
[2026-04-03T02:46:22.801+0600][95.309s][info][gc          ] Allocation Stall (Executor task launch worker for task 1.0 in stage 3965.0 (TID 7386)) 22.123ms
[2026-04-03T02:46:22.801+0600][95.309s][info][gc          ] Allocation Stall (Executor task launch worker for task 2.0 in stage 3965.0 (TID 7387)) 21.586ms
[2026-04-03T02:46:22.806+0600][95.314s][info][gc,reloc    ] GC(79) y: Using tenuring threshold: 3 (Computed)
[2026-04-03T02:46:22.808+0600][95.317s][info][gc,phases   ] GC(79) y: Concurrent Select Relocation Set 7.627ms
[2026-04-03T02:46:22.808+0600][95.317s][info][gc,phases   ] GC(79) y: Pause Relocate Start 0.025ms
[2026-04-03T02:46:22.817+0600][95.325s][info][gc,phases   ] GC(79) y: Concurrent Relocate 8.264ms
[2026-04-03T02:46:22.817+0600][95.325s][info][gc,alloc    ] GC(79) y:                         Mark Start        Mark End      Relocate Start    Relocate End   
[2026-04-03T02:46:22.817+0600][95.326s][info][gc,alloc    ] GC(79) y: Allocation Stalls:          0                4                0                0         
[2026-04-03T02:46:22.817+0600][95.326s][info][gc,load     ] GC(79) y: Load: 6.17 (51%) / 5.69 (47%) / 5.66 (47%)
[2026-04-03T02:46:22.817+0600][95.326s][info][gc,mmu      ] GC(79) y: MMU: 2ms/95.0%, 5ms/97.8%, 10ms/98.9%, 20ms/99.4%, 50ms/99.7%, 100ms/99.8%
[2026-04-03T02:46:22.817+0600][95.326s][info][gc,marking  ] GC(79) y: Mark: 1 stripe(s), 2 proactive flush(es), 1 terminate flush(es), 0 completion(s), 0 continuation(s) 
[2026-04-03T02:46:22.817+0600][95.326s][info][gc,marking  ] GC(79) y: Mark Stack Usage: 32M
[2026-04-03T02:46:22.817+0600][95.326s][info][gc,nmethod  ] GC(79) y: NMethods: 13886 registered, 4297 unregistered
[2026-04-03T02:46:22.817+0600][95.326s][info][gc,metaspace] GC(79) y: Metaspace: 129M used, 130M committed, 1152M reserved
[2026-04-03T02:46:22.817+0600][95.326s][info][gc,reloc    ] GC(79) y:                        Candidates     Selected     In-Place         Size        Empty    Relocated 
[2026-04-03T02:46:22.817+0600][95.326s][info][gc,reloc    ] GC(79) y: Small Pages:                  550          234            0        1100M         608M           7M 
[2026-04-03T02:46:22.817+0600][95.326s][info][gc,reloc    ] GC(79) y: Medium Pages:                   6            0            0         192M         192M           0M 
[2026-04-03T02:46:22.817+0600][95.326s][info][gc,reloc    ] GC(79) y: Large Pages:                   33            0            0         198M         180M           0M 
[2026-04-03T02:46:22.817+0600][95.326s][info][gc,reloc    ] GC(79) y: Forwarding Usage: 1M
[2026-04-03T02:46:22.817+0600][95.326s][info][gc,reloc    ] GC(79) y: Age Table:
[2026-04-03T02:46:22.817+0600][95.326s][info][gc,reloc    ] GC(79) y:                    Live             Garbage             Small              Medium             Large        
[2026-04-03T02:46:22.817+0600][95.326s][info][gc,reloc    ] GC(79) y: Eden              23M (1%)         1426M (71%)        530 / 228            6 / 0             33 / 0        
[2026-04-03T02:46:22.817+0600][95.326s][info][gc,reloc    ] GC(79) y: Survivor 1         2M (0%)           17M (1%)          10 / 3              0 / 0              0 / 0        
[2026-04-03T02:46:22.817+0600][95.326s][info][gc,reloc    ] GC(79) y: Survivor 2         1M (0%)            2M (0%)           2 / 1              0 / 0              0 / 0        
[2026-04-03T02:46:22.817+0600][95.326s][info][gc,reloc    ] GC(79) y: Survivor 3         0M (0%)            1M (0%)           1 / 0              0 / 0              0 / 0        
[2026-04-03T02:46:22.817+0600][95.326s][info][gc,reloc    ] GC(79) y: Survivor 4         1M (0%)            2M (0%)           2 / 1              0 / 0              0 / 0        
[2026-04-03T02:46:22.817+0600][95.326s][info][gc,reloc    ] GC(79) y: Survivor 5         4M (0%)            1M (0%)           3 / 1              0 / 0              0 / 0        
[2026-04-03T02:46:22.817+0600][95.326s][info][gc,reloc    ] GC(79) y: Survivor 6         2M (0%)            1M (0%)           2 / 0              0 / 0              0 / 0        
[2026-04-03T02:46:22.817+0600][95.326s][info][gc,heap     ] GC(79) y: Min Capacity: 8M(0%)
[2026-04-03T02:46:22.817+0600][95.326s][info][gc,heap     ] GC(79) y: Max Capacity: 2000M(100%)
[2026-04-03T02:46:22.817+0600][95.326s][info][gc,heap     ] GC(79) y: Soft Max Capacity: 2000M(100%)
[2026-04-03T02:46:22.817+0600][95.326s][info][gc,heap     ] GC(79) y: Heap Statistics:
[2026-04-03T02:46:22.817+0600][95.326s][info][gc,heap     ] GC(79) y:                Mark Start          Mark End        Relocate Start      Relocate End           High               Low         
[2026-04-03T02:46:22.817+0600][95.326s][info][gc,heap     ] GC(79) y:  Capacity:     2000M (100%)       2000M (100%)       2000M (100%)       2000M (100%)       2000M (100%)       2000M (100%)   
[2026-04-03T02:46:22.817+0600][95.326s][info][gc,heap     ] GC(79) y:      Free:      262M (13%)           0M (0%)          844M (42%)        1282M (64%)        1282M (64%)           0M (0%)     
[2026-04-03T02:46:22.817+0600][95.326s][info][gc,heap     ] GC(79) y:      Used:     1738M (87%)        2000M (100%)       1156M (58%)         718M (36%)        2000M (100%)        718M (36%)    
[2026-04-03T02:46:22.817+0600][95.326s][info][gc,heap     ] GC(79) y: Young Generation Statistics:
[2026-04-03T02:46:22.817+0600][95.326s][info][gc,heap     ] GC(79) y:                Mark Start          Mark End        Relocate Start      Relocate End    
[2026-04-03T02:46:22.817+0600][95.326s][info][gc,heap     ] GC(79) y:      Used:     1490M (74%)        1752M (88%)         900M (45%)         456M (23%)    
[2026-04-03T02:46:22.817+0600][95.326s][info][gc,heap     ] GC(79) y:      Live:         -                38M (2%)           31M (2%)           28M (1%)     
[2026-04-03T02:46:22.817+0600][95.326s][info][gc,heap     ] GC(79) y:   Garbage:         -              1451M (73%)         470M (24%)           0M (0%)     
[2026-04-03T02:46:22.817+0600][95.326s][info][gc,heap     ] GC(79) y: Allocated:         -               262M (13%)         398M (20%)         426M (21%)    
[2026-04-03T02:46:22.817+0600][95.326s][info][gc,heap     ] GC(79) y: Reclaimed:         -                  -               981M (49%)        1450M (73%)    
[2026-04-03T02:46:22.817+0600][95.326s][info][gc,heap     ] GC(79) y:  Promoted:         -                  -                 6M (0%)            9M (0%)     
[2026-04-03T02:46:22.817+0600][95.326s][info][gc,heap     ] GC(79) y: Compacted:         -                  -                  -                 7M (0%)     
[2026-04-03T02:46:22.817+0600][95.326s][info][gc,phases   ] GC(79) y: Young Generation 1738M(87%)->718M(36%) 0.055s
[2026-04-03T02:46:22.817+0600][95.326s][info][gc          ] GC(79) Minor Collection (Allocation Rate) 1738M(87%)->718M(36%) 0.055s
[2026-04-03T02:46:23.257+0600][95.765s][info][gc          ] GC(80) Minor Collection (Allocation Rate)
[2026-04-03T02:46:23.257+0600][95.765s][info][gc,task     ] GC(80) Using 2 Workers for Young Generation
[2026-04-03T02:46:23.257+0600][95.766s][info][gc,phases   ] GC(80) y: Young Generation
[2026-04-03T02:46:23.257+0600][95.766s][info][gc,phases   ] GC(80) y: Pause Mark Start 0.018ms
[2026-04-03T02:46:23.282+0600][95.790s][info][gc,phases   ] GC(80) y: Concurrent Mark 24.468ms
[2026-04-03T02:46:23.282+0600][95.791s][info][gc,phases   ] GC(80) y: Pause Mark End 0.021ms
[2026-04-03T02:46:23.282+0600][95.791s][info][gc,phases   ] GC(80) y: Concurrent Mark Free 0.001ms
[2026-04-03T02:46:23.282+0600][95.791s][info][gc,phases   ] GC(80) y: Concurrent Reset Relocation Set 0.045ms
[2026-04-03T02:46:23.286+0600][95.795s][info][gc,reloc    ] GC(80) y: Using tenuring threshold: 4 (Computed)
[2026-04-03T02:46:23.287+0600][95.796s][info][gc,phases   ] GC(80) y: Concurrent Select Relocation Set 4.773ms
[2026-04-03T02:46:23.287+0600][95.796s][info][gc,phases   ] GC(80) y: Pause Relocate Start 0.012ms
[2026-04-03T02:46:23.289+0600][95.798s][info][gc,phases   ] GC(80) y: Concurrent Relocate 1.825ms
[2026-04-03T02:46:23.289+0600][95.798s][info][gc,alloc    ] GC(80) y:                         Mark Start        Mark End      Relocate Start    Relocate End   
[2026-04-03T02:46:23.289+0600][95.798s][info][gc,alloc    ] GC(80) y: Allocation Stalls:          0                0                0                0         
[2026-04-03T02:46:23.289+0600][95.798s][info][gc,load     ] GC(80) y: Load: 6.17 (51%) / 5.69 (47%) / 5.66 (47%)
[2026-04-03T02:46:23.289+0600][95.798s][info][gc,mmu      ] GC(80) y: MMU: 2ms/95.0%, 5ms/97.8%, 10ms/98.9%, 20ms/99.4%, 50ms/99.7%, 100ms/99.8%
[2026-04-03T02:46:23.289+0600][95.798s][info][gc,marking  ] GC(80) y: Mark: 2 stripe(s), 2 proactive flush(es), 1 terminate flush(es), 0 completion(s), 0 continuation(s) 
[2026-04-03T02:46:23.289+0600][95.798s][info][gc,marking  ] GC(80) y: Mark Stack Usage: 32M
[2026-04-03T02:46:23.289+0600][95.798s][info][gc,nmethod  ] GC(80) y: NMethods: 13912 registered, 4297 unregistered
[2026-04-03T02:46:23.289+0600][95.798s][info][gc,metaspace] GC(80) y: Metaspace: 129M used, 130M committed, 1152M reserved
[2026-04-03T02:46:23.289+0600][95.798s][info][gc,reloc    ] GC(80) y:                        Candidates     Selected     In-Place         Size        Empty    Relocated 
[2026-04-03T02:46:23.289+0600][95.798s][info][gc,reloc    ] GC(80) y: Small Pages:                  165          128            0         330M          58M           3M 
[2026-04-03T02:46:23.289+0600][95.798s][info][gc,reloc    ] GC(80) y: Medium Pages:                   2            0            0          64M          64M           0M 
[2026-04-03T02:46:23.289+0600][95.798s][info][gc,reloc    ] GC(80) y: Large Pages:                  132            0            0         792M         792M           0M 
[2026-04-03T02:46:23.289+0600][95.798s][info][gc,reloc    ] GC(80) y: Forwarding Usage: 0M
[2026-04-03T02:46:23.289+0600][95.798s][info][gc,reloc    ] GC(80) y: Age Table:
[2026-04-03T02:46:23.289+0600][95.798s][info][gc,reloc    ] GC(80) y:                    Live             Garbage             Small              Medium             Large        
[2026-04-03T02:46:23.289+0600][95.798s][info][gc,reloc    ] GC(80) y: Eden               2M (0%)         1141M (57%)        153 / 122            2 / 0            129 / 0        
[2026-04-03T02:46:23.289+0600][95.798s][info][gc,reloc    ] GC(80) y: Survivor 1         4M (0%)           27M (1%)           7 / 4              0 / 0              3 / 0        
[2026-04-03T02:46:23.289+0600][95.798s][info][gc,reloc    ] GC(80) y: Survivor 2         2M (0%)            3M (0%)           3 / 1              0 / 0              0 / 0        
[2026-04-03T02:46:23.289+0600][95.798s][info][gc,reloc    ] GC(80) y: Survivor 3         1M (0%)            2M (0%)           2 / 1              0 / 0              0 / 0        
[2026-04-03T02:46:23.289+0600][95.798s][info][gc,heap     ] GC(80) y: Min Capacity: 8M(0%)
[2026-04-03T02:46:23.289+0600][95.798s][info][gc,heap     ] GC(80) y: Max Capacity: 2000M(100%)
[2026-04-03T02:46:23.289+0600][95.798s][info][gc,heap     ] GC(80) y: Soft Max Capacity: 2000M(100%)
[2026-04-03T02:46:23.289+0600][95.798s][info][gc,heap     ] GC(80) y: Heap Statistics:
[2026-04-03T02:46:23.289+0600][95.798s][info][gc,heap     ] GC(80) y:                Mark Start          Mark End        Relocate Start      Relocate End           High               Low         
[2026-04-03T02:46:23.289+0600][95.798s][info][gc,heap     ] GC(80) y:  Capacity:     2000M (100%)       2000M (100%)       2000M (100%)       2000M (100%)       2000M (100%)       2000M (100%)   
[2026-04-03T02:46:23.289+0600][95.798s][info][gc,heap     ] GC(80) y:      Free:      552M (28%)         540M (27%)        1450M (72%)        1698M (85%)        1698M (85%)         540M (27%)    
[2026-04-03T02:46:23.289+0600][95.798s][info][gc,heap     ] GC(80) y:      Used:     1448M (72%)        1460M (73%)         550M (28%)         302M (15%)        1460M (73%)         302M (15%)    
[2026-04-03T02:46:23.289+0600][95.798s][info][gc,heap     ] GC(80) y: Young Generation Statistics:
[2026-04-03T02:46:23.289+0600][95.798s][info][gc,heap     ] GC(80) y:                Mark Start          Mark End        Relocate Start      Relocate End    
[2026-04-03T02:46:23.289+0600][95.798s][info][gc,heap     ] GC(80) y:      Used:     1186M (59%)        1198M (60%)         288M (14%)          40M (2%)     
[2026-04-03T02:46:23.289+0600][95.798s][info][gc,heap     ] GC(80) y:      Live:         -                11M (1%)           11M (1%)           11M (1%)     
[2026-04-03T02:46:23.289+0600][95.798s][info][gc,heap     ] GC(80) y:   Garbage:         -              1174M (59%)         260M (13%)           3M (0%)     
[2026-04-03T02:46:23.289+0600][95.798s][info][gc,heap     ] GC(80) y: Allocated:         -                12M (1%)           16M (1%)           24M (1%)     
[2026-04-03T02:46:23.289+0600][95.798s][info][gc,heap     ] GC(80) y: Reclaimed:         -                  -               914M (46%)        1170M (59%)    
[2026-04-03T02:46:23.289+0600][95.798s][info][gc,heap     ] GC(80) y:  Promoted:         -                  -                 0M (0%)            0M (0%)     
[2026-04-03T02:46:23.289+0600][95.798s][info][gc,heap     ] GC(80) y: Compacted:         -                  -                  -                 3M (0%)     
[2026-04-03T02:46:23.289+0600][95.798s][info][gc,phases   ] GC(80) y: Young Generation 1448M(72%)->302M(15%) 0.032s
[2026-04-03T02:46:23.289+0600][95.798s][info][gc          ] GC(80) Minor Collection (Allocation Rate) 1448M(72%)->302M(15%) 0.033s
[2026-04-03T02:46:24.512+0600][97.020s][info][gc          ] GC(81) Minor Collection (Allocation Rate)
[2026-04-03T02:46:24.512+0600][97.020s][info][gc,task     ] GC(81) Using 1 Workers for Young Generation
[2026-04-03T02:46:24.512+0600][97.020s][info][gc,phases   ] GC(81) y: Young Generation
[2026-04-03T02:46:24.512+0600][97.021s][info][gc,phases   ] GC(81) y: Pause Mark Start 0.019ms
[2026-04-03T02:46:24.573+0600][97.081s][info][gc,phases   ] GC(81) y: Concurrent Mark 60.640ms
[2026-04-03T02:46:24.573+0600][97.082s][info][gc,phases   ] GC(81) y: Pause Mark End 0.028ms
[2026-04-03T02:46:24.573+0600][97.082s][info][gc,phases   ] GC(81) y: Concurrent Mark Free 0.003ms
[2026-04-03T02:46:24.573+0600][97.082s][info][gc,phases   ] GC(81) y: Concurrent Reset Relocation Set 0.013ms
[2026-04-03T02:46:24.575+0600][97.084s][info][gc,reloc    ] GC(81) y: Using tenuring threshold: 5 (Computed)
[2026-04-03T02:46:24.576+0600][97.085s][info][gc,phases   ] GC(81) y: Concurrent Select Relocation Set 2.730ms
[2026-04-03T02:46:24.576+0600][97.085s][info][gc,phases   ] GC(81) y: Pause Relocate Start 0.019ms
[2026-04-03T02:46:24.583+0600][97.092s][info][gc,phases   ] GC(81) y: Concurrent Relocate 6.724ms
[2026-04-03T02:46:24.583+0600][97.092s][info][gc,alloc    ] GC(81) y:                         Mark Start        Mark End      Relocate Start    Relocate End   
[2026-04-03T02:46:24.583+0600][97.092s][info][gc,alloc    ] GC(81) y: Allocation Stalls:          0                0                0                0         
[2026-04-03T02:46:24.583+0600][97.092s][info][gc,load     ] GC(81) y: Load: 6.17 (51%) / 5.69 (47%) / 5.66 (47%)
[2026-04-03T02:46:24.583+0600][97.092s][info][gc,mmu      ] GC(81) y: MMU: 2ms/95.0%, 5ms/97.8%, 10ms/98.9%, 20ms/99.4%, 50ms/99.7%, 100ms/99.8%
[2026-04-03T02:46:24.583+0600][97.092s][info][gc,marking  ] GC(81) y: Mark: 1 stripe(s), 2 proactive flush(es), 1 terminate flush(es), 0 completion(s), 0 continuation(s) 
[2026-04-03T02:46:24.583+0600][97.092s][info][gc,marking  ] GC(81) y: Mark Stack Usage: 32M
[2026-04-03T02:46:24.583+0600][97.092s][info][gc,nmethod  ] GC(81) y: NMethods: 13924 registered, 4297 unregistered
[2026-04-03T02:46:24.583+0600][97.092s][info][gc,metaspace] GC(81) y: Metaspace: 129M used, 130M committed, 1152M reserved
[2026-04-03T02:46:24.583+0600][97.092s][info][gc,reloc    ] GC(81) y:                        Candidates     Selected     In-Place         Size        Empty    Relocated 
[2026-04-03T02:46:24.583+0600][97.092s][info][gc,reloc    ] GC(81) y: Small Pages:                  383          202            0         766M         344M           4M 
[2026-04-03T02:46:24.583+0600][97.092s][info][gc,reloc    ] GC(81) y: Medium Pages:                   5            0            0         160M         160M           0M 
[2026-04-03T02:46:24.583+0600][97.092s][info][gc,reloc    ] GC(81) y: Large Pages:                   20            0            0         120M         114M           0M 
[2026-04-03T02:46:24.583+0600][97.092s][info][gc,reloc    ] GC(81) y: Forwarding Usage: 1M
[2026-04-03T02:46:24.583+0600][97.092s][info][gc,reloc    ] GC(81) y: Age Table:
[2026-04-03T02:46:24.583+0600][97.092s][info][gc,reloc    ] GC(81) y:                    Live             Garbage             Small              Medium             Large        
[2026-04-03T02:46:24.583+0600][97.092s][info][gc,reloc    ] GC(81) y: Eden               8M (0%)         1013M (51%)        371 / 197            5 / 0             20 / 0        
[2026-04-03T02:46:24.583+0600][97.092s][info][gc,reloc    ] GC(81) y: Survivor 1         2M (0%)            1M (0%)           2 / 1              0 / 0              0 / 0        
[2026-04-03T02:46:24.583+0600][97.092s][info][gc,reloc    ] GC(81) y: Survivor 2         4M (0%)            5M (0%)           5 / 2              0 / 0              0 / 0        
[2026-04-03T02:46:24.583+0600][97.092s][info][gc,reloc    ] GC(81) y: Survivor 3         2M (0%)            3M (0%)           3 / 1              0 / 0              0 / 0        
[2026-04-03T02:46:24.583+0600][97.092s][info][gc,reloc    ] GC(81) y: Survivor 4         1M (0%)            2M (0%)           2 / 1              0 / 0              0 / 0        
[2026-04-03T02:46:24.583+0600][97.092s][info][gc,heap     ] GC(81) y: Min Capacity: 8M(0%)
[2026-04-03T02:46:24.583+0600][97.092s][info][gc,heap     ] GC(81) y: Max Capacity: 2000M(100%)
[2026-04-03T02:46:24.583+0600][97.092s][info][gc,heap     ] GC(81) y: Soft Max Capacity: 2000M(100%)
[2026-04-03T02:46:24.583+0600][97.092s][info][gc,heap     ] GC(81) y: Heap Statistics:
[2026-04-03T02:46:24.583+0600][97.092s][info][gc,heap     ] GC(81) y:                Mark Start          Mark End        Relocate Start      Relocate End           High               Low         
[2026-04-03T02:46:24.583+0600][97.092s][info][gc,heap     ] GC(81) y:  Capacity:     2000M (100%)       2000M (100%)       2000M (100%)       2000M (100%)       2000M (100%)       2000M (100%)   
[2026-04-03T02:46:24.583+0600][97.092s][info][gc,heap     ] GC(81) y:      Free:      692M (35%)         608M (30%)        1224M (61%)        1614M (81%)        1620M (81%)         608M (30%)    
[2026-04-03T02:46:24.583+0600][97.092s][info][gc,heap     ] GC(81) y:      Used:     1308M (65%)        1392M (70%)         776M (39%)         386M (19%)        1392M (70%)         380M (19%)    
[2026-04-03T02:46:24.583+0600][97.092s][info][gc,heap     ] GC(81) y: Young Generation Statistics:
[2026-04-03T02:46:24.583+0600][97.092s][info][gc,heap     ] GC(81) y:                Mark Start          Mark End        Relocate Start      Relocate End    
[2026-04-03T02:46:24.584+0600][97.092s][info][gc,heap     ] GC(81) y:      Used:     1046M (52%)        1130M (56%)         514M (26%)         124M (6%)     
[2026-04-03T02:46:24.584+0600][97.092s][info][gc,heap     ] GC(81) y:      Live:         -                19M (1%)           19M (1%)           19M (1%)     
[2026-04-03T02:46:24.584+0600][97.092s][info][gc,heap     ] GC(81) y:   Garbage:         -              1026M (51%)         408M (20%)           2M (0%)     
[2026-04-03T02:46:24.584+0600][97.092s][info][gc,heap     ] GC(81) y: Allocated:         -                84M (4%)           86M (4%)          101M (5%)     
[2026-04-03T02:46:24.584+0600][97.092s][info][gc,heap     ] GC(81) y: Reclaimed:         -                  -               618M (31%)        1023M (51%)    
[2026-04-03T02:46:24.584+0600][97.092s][info][gc,heap     ] GC(81) y:  Promoted:         -                  -                 0M (0%)            0M (0%)     
[2026-04-03T02:46:24.584+0600][97.092s][info][gc,heap     ] GC(81) y: Compacted:         -                  -                  -                 6M (0%)     
[2026-04-03T02:46:24.584+0600][97.092s][info][gc,phases   ] GC(81) y: Young Generation 1308M(65%)->386M(19%) 0.071s
[2026-04-03T02:46:24.584+0600][97.092s][info][gc          ] GC(81) Minor Collection (Allocation Rate) 1308M(65%)->386M(19%) 0.072s
[2026-04-03T02:46:25.149+0600][97.658s][info][gc          ] GC(82) Minor Collection (Allocation Rate)
[2026-04-03T02:46:25.149+0600][97.658s][info][gc,task     ] GC(82) Using 1 Workers for Young Generation
[2026-04-03T02:46:25.149+0600][97.658s][info][gc,phases   ] GC(82) y: Young Generation
[2026-04-03T02:46:25.150+0600][97.658s][info][gc,phases   ] GC(82) y: Pause Mark Start 0.035ms
[2026-04-03T02:46:25.170+0600][97.679s][info][gc,task     ] Adjusting Workers for Young Generation: 1 -> 3
[2026-04-03T02:46:25.192+0600][97.700s][info][gc,phases   ] GC(82) y: Concurrent Mark 41.925ms
[2026-04-03T02:46:25.192+0600][97.701s][info][gc,phases   ] GC(82) y: Pause Mark End 0.028ms
[2026-04-03T02:46:25.192+0600][97.701s][info][gc,phases   ] GC(82) y: Concurrent Mark Free 0.001ms
[2026-04-03T02:46:25.192+0600][97.701s][info][gc,phases   ] GC(82) y: Concurrent Reset Relocation Set 0.027ms
[2026-04-03T02:46:25.198+0600][97.707s][info][gc,reloc    ] GC(82) y: Using tenuring threshold: 3 (Computed)
[2026-04-03T02:46:25.200+0600][97.709s][info][gc,phases   ] GC(82) y: Concurrent Select Relocation Set 7.574ms
[2026-04-03T02:46:25.200+0600][97.709s][info][gc,phases   ] GC(82) y: Pause Relocate Start 0.018ms
[2026-04-03T02:46:25.210+0600][97.719s][info][gc,phases   ] GC(82) y: Concurrent Relocate 10.026ms
[2026-04-03T02:46:25.211+0600][97.719s][info][gc,alloc    ] GC(82) y:                         Mark Start        Mark End      Relocate Start    Relocate End   
[2026-04-03T02:46:25.211+0600][97.719s][info][gc,alloc    ] GC(82) y: Allocation Stalls:          0                0                0                0         
[2026-04-03T02:46:25.211+0600][97.719s][info][gc,load     ] GC(82) y: Load: 5.76 (48%) / 5.61 (47%) / 5.63 (47%)
[2026-04-03T02:46:25.211+0600][97.719s][info][gc,mmu      ] GC(82) y: MMU: 2ms/95.0%, 5ms/97.8%, 10ms/98.9%, 20ms/99.4%, 50ms/99.7%, 100ms/99.8%
[2026-04-03T02:46:25.211+0600][97.719s][info][gc,marking  ] GC(82) y: Mark: 1 stripe(s), 2 proactive flush(es), 1 terminate flush(es), 0 completion(s), 0 continuation(s) 
[2026-04-03T02:46:25.211+0600][97.719s][info][gc,marking  ] GC(82) y: Mark Stack Usage: 32M
[2026-04-03T02:46:25.211+0600][97.719s][info][gc,nmethod  ] GC(82) y: NMethods: 13946 registered, 4297 unregistered
[2026-04-03T02:46:25.211+0600][97.719s][info][gc,metaspace] GC(82) y: Metaspace: 129M used, 130M committed, 1152M reserved
[2026-04-03T02:46:25.211+0600][97.719s][info][gc,reloc    ] GC(82) y:                        Candidates     Selected     In-Place         Size        Empty    Relocated 
[2026-04-03T02:46:25.211+0600][97.719s][info][gc,reloc    ] GC(82) y: Small Pages:                  358          160            0         716M         374M           8M 
[2026-04-03T02:46:25.211+0600][97.719s][info][gc,reloc    ] GC(82) y: Medium Pages:                   3            0            0          96M          96M           0M 
[2026-04-03T02:46:25.211+0600][97.719s][info][gc,reloc    ] GC(82) y: Large Pages:                   90            0            0         540M         516M           0M 
[2026-04-03T02:46:25.211+0600][97.719s][info][gc,reloc    ] GC(82) y: Forwarding Usage: 1M
[2026-04-03T02:46:25.211+0600][97.719s][info][gc,reloc    ] GC(82) y: Age Table:
[2026-04-03T02:46:25.211+0600][97.719s][info][gc,reloc    ] GC(82) y:                    Live             Garbage             Small              Medium             Large        
[2026-04-03T02:46:25.211+0600][97.719s][info][gc,reloc    ] GC(82) y: Eden              29M (1%)         1286M (64%)        343 / 152            3 / 0             89 / 0        
[2026-04-03T02:46:25.211+0600][97.720s][info][gc,reloc    ] GC(82) y: Survivor 1         2M (0%)            7M (0%)           2 / 1              0 / 0              1 / 0        
[2026-04-03T02:46:25.211+0600][97.720s][info][gc,reloc    ] GC(82) y: Survivor 2         2M (0%)            5M (0%)           4 / 3              0 / 0              0 / 0        
[2026-04-03T02:46:25.211+0600][97.720s][info][gc,reloc    ] GC(82) y: Survivor 3         4M (0%)            3M (0%)           4 / 1              0 / 0              0 / 0        
[2026-04-03T02:46:25.211+0600][97.720s][info][gc,reloc    ] GC(82) y: Survivor 4         2M (0%)            3M (0%)           3 / 1              0 / 0              0 / 0        
[2026-04-03T02:46:25.211+0600][97.720s][info][gc,reloc    ] GC(82) y: Survivor 5         1M (0%)            2M (0%)           2 / 2              0 / 0              0 / 0        
[2026-04-03T02:46:25.211+0600][97.720s][info][gc,heap     ] GC(82) y: Min Capacity: 8M(0%)
[2026-04-03T02:46:25.211+0600][97.720s][info][gc,heap     ] GC(82) y: Max Capacity: 2000M(100%)
[2026-04-03T02:46:25.211+0600][97.720s][info][gc,heap     ] GC(82) y: Soft Max Capacity: 2000M(100%)
[2026-04-03T02:46:25.211+0600][97.720s][info][gc,heap     ] GC(82) y: Heap Statistics:
[2026-04-03T02:46:25.211+0600][97.720s][info][gc,heap     ] GC(82) y:                Mark Start          Mark End        Relocate Start      Relocate End           High               Low         
[2026-04-03T02:46:25.211+0600][97.720s][info][gc,heap     ] GC(82) y:  Capacity:     2000M (100%)       2000M (100%)       2000M (100%)       2000M (100%)       2000M (100%)       2000M (100%)   
[2026-04-03T02:46:25.211+0600][97.720s][info][gc,heap     ] GC(82) y:      Free:      386M (19%)           0M (0%)          972M (49%)        1282M (64%)        1282M (64%)           0M (0%)     
[2026-04-03T02:46:25.211+0600][97.720s][info][gc,heap     ] GC(82) y:      Used:     1614M (81%)        2000M (100%)       1028M (51%)         718M (36%)        2000M (100%)        718M (36%)    
[2026-04-03T02:46:25.211+0600][97.720s][info][gc,heap     ] GC(82) y: Young Generation Statistics:
[2026-04-03T02:46:25.211+0600][97.720s][info][gc,heap     ] GC(82) y:                Mark Start          Mark End        Relocate Start      Relocate End    
[2026-04-03T02:46:25.211+0600][97.720s][info][gc,heap     ] GC(82) y:      Used:     1352M (68%)        1738M (87%)         760M (38%)         444M (22%)    
[2026-04-03T02:46:25.211+0600][97.720s][info][gc,heap     ] GC(82) y:      Live:         -                43M (2%)           37M (2%)           34M (2%)     
[2026-04-03T02:46:25.211+0600][97.720s][info][gc,heap     ] GC(82) y:   Garbage:         -              1308M (65%)         322M (16%)           0M (0%)     
[2026-04-03T02:46:25.211+0600][97.720s][info][gc,heap     ] GC(82) y: Allocated:         -               386M (19%)         400M (20%)         409M (20%)    
[2026-04-03T02:46:25.211+0600][97.720s][info][gc,heap     ] GC(82) y: Reclaimed:         -                  -               986M (49%)        1308M (65%)    
[2026-04-03T02:46:25.211+0600][97.720s][info][gc,heap     ] GC(82) y:  Promoted:         -                  -                 5M (0%)            8M (0%)     
[2026-04-03T02:46:25.211+0600][97.720s][info][gc,heap     ] GC(82) y: Compacted:         -                  -                  -                 8M (0%)     
[2026-04-03T02:46:25.211+0600][97.720s][info][gc,phases   ] GC(82) y: Young Generation 1614M(81%)->718M(36%) 0.061s
[2026-04-03T02:46:25.211+0600][97.720s][info][gc          ] GC(82) Minor Collection (Allocation Rate) 1614M(81%)->728M(36%) 0.062s
[2026-04-03T02:46:25.795+0600][98.304s][info][gc          ] GC(83) Minor Collection (Allocation Rate)
[2026-04-03T02:46:25.795+0600][98.304s][info][gc,task     ] GC(83) Using 2 Workers for Young Generation
[2026-04-03T02:46:25.795+0600][98.304s][info][gc,phases   ] GC(83) y: Young Generation
[2026-04-03T02:46:25.795+0600][98.304s][info][gc,phases   ] GC(83) y: Pause Mark Start 0.020ms
[2026-04-03T02:46:25.839+0600][98.348s][info][gc,phases   ] GC(83) y: Concurrent Mark 43.392ms
[2026-04-03T02:46:25.839+0600][98.348s][info][gc,phases   ] GC(83) y: Pause Mark End 0.033ms
[2026-04-03T02:46:25.839+0600][98.348s][info][gc,phases   ] GC(83) y: Concurrent Mark Free 0.003ms
[2026-04-03T02:46:25.839+0600][98.348s][info][gc,phases   ] GC(83) y: Concurrent Reset Relocation Set 0.031ms
[2026-04-03T02:46:25.841+0600][98.350s][info][gc,reloc    ] GC(83) y: Using tenuring threshold: 4 (Computed)
[2026-04-03T02:46:25.842+0600][98.351s][info][gc,phases   ] GC(83) y: Concurrent Select Relocation Set 3.037ms
[2026-04-03T02:46:25.843+0600][98.352s][info][gc,phases   ] GC(83) y: Pause Relocate Start 0.029ms
[2026-04-03T02:46:25.850+0600][98.359s][info][gc,phases   ] GC(83) y: Concurrent Relocate 6.823ms
[2026-04-03T02:46:25.850+0600][98.359s][info][gc,alloc    ] GC(83) y:                         Mark Start        Mark End      Relocate Start    Relocate End   
[2026-04-03T02:46:25.850+0600][98.359s][info][gc,alloc    ] GC(83) y: Allocation Stalls:          0                0                0                0         
[2026-04-03T02:46:25.850+0600][98.359s][info][gc,load     ] GC(83) y: Load: 5.76 (48%) / 5.61 (47%) / 5.63 (47%)
[2026-04-03T02:46:25.850+0600][98.359s][info][gc,mmu      ] GC(83) y: MMU: 2ms/95.0%, 5ms/97.8%, 10ms/98.9%, 20ms/99.4%, 50ms/99.7%, 100ms/99.8%
[2026-04-03T02:46:25.850+0600][98.359s][info][gc,marking  ] GC(83) y: Mark: 2 stripe(s), 2 proactive flush(es), 1 terminate flush(es), 0 completion(s), 0 continuation(s) 
[2026-04-03T02:46:25.850+0600][98.359s][info][gc,marking  ] GC(83) y: Mark Stack Usage: 32M
[2026-04-03T02:46:25.850+0600][98.359s][info][gc,nmethod  ] GC(83) y: NMethods: 13965 registered, 4297 unregistered
[2026-04-03T02:46:25.850+0600][98.359s][info][gc,metaspace] GC(83) y: Metaspace: 129M used, 130M committed, 1152M reserved
[2026-04-03T02:46:25.850+0600][98.359s][info][gc,reloc    ] GC(83) y:                        Candidates     Selected     In-Place         Size        Empty    Relocated 
[2026-04-03T02:46:25.850+0600][98.359s][info][gc,reloc    ] GC(83) y: Small Pages:                  220          181            0         440M          60M           6M 
[2026-04-03T02:46:25.850+0600][98.359s][info][gc,reloc    ] GC(83) y: Medium Pages:                   2            0            0          64M          64M           0M 
[2026-04-03T02:46:25.850+0600][98.359s][info][gc,reloc    ] GC(83) y: Large Pages:                   68            0            0         408M         408M           0M 
[2026-04-03T02:46:25.850+0600][98.359s][info][gc,reloc    ] GC(83) y: Forwarding Usage: 1M
[2026-04-03T02:46:25.850+0600][98.359s][info][gc,reloc    ] GC(83) y: Age Table:
[2026-04-03T02:46:25.850+0600][98.359s][info][gc,reloc    ] GC(83) y:                    Live             Garbage             Small              Medium             Large        
[2026-04-03T02:46:25.850+0600][98.359s][info][gc,reloc    ] GC(83) y: Eden               5M (0%)          864M (43%)        211 / 177            2 / 0             64 / 0        
[2026-04-03T02:46:25.850+0600][98.359s][info][gc,reloc    ] GC(83) y: Survivor 1         3M (0%)           28M (1%)           4 / 2              0 / 0              4 / 0        
[2026-04-03T02:46:25.850+0600][98.359s][info][gc,reloc    ] GC(83) y: Survivor 2         2M (0%)            1M (0%)           2 / 1              0 / 0              0 / 0        
[2026-04-03T02:46:25.850+0600][98.359s][info][gc,reloc    ] GC(83) y: Survivor 3         2M (0%)            3M (0%)           3 / 1              0 / 0              0 / 0        
[2026-04-03T02:46:25.850+0600][98.359s][info][gc,heap     ] GC(83) y: Min Capacity: 8M(0%)
[2026-04-03T02:46:25.850+0600][98.359s][info][gc,heap     ] GC(83) y: Max Capacity: 2000M(100%)
[2026-04-03T02:46:25.850+0600][98.359s][info][gc,heap     ] GC(83) y: Soft Max Capacity: 2000M(100%)
[2026-04-03T02:46:25.850+0600][98.359s][info][gc,heap     ] GC(83) y: Heap Statistics:
[2026-04-03T02:46:25.850+0600][98.359s][info][gc,heap     ] GC(83) y:                Mark Start          Mark End        Relocate Start      Relocate End           High               Low         
[2026-04-03T02:46:25.850+0600][98.359s][info][gc,heap     ] GC(83) y:  Capacity:     2000M (100%)       2000M (100%)       2000M (100%)       2000M (100%)       2000M (100%)       2000M (100%)   
[2026-04-03T02:46:25.850+0600][98.359s][info][gc,heap     ] GC(83) y:      Free:      814M (41%)         744M (37%)        1276M (64%)        1614M (81%)        1614M (81%)         744M (37%)    
[2026-04-03T02:46:25.850+0600][98.359s][info][gc,heap     ] GC(83) y:      Used:     1186M (59%)        1256M (63%)         724M (36%)         386M (19%)        1256M (63%)         386M (19%)    
[2026-04-03T02:46:25.850+0600][98.359s][info][gc,heap     ] GC(83) y: Young Generation Statistics:
[2026-04-03T02:46:25.850+0600][98.359s][info][gc,heap     ] GC(83) y:                Mark Start          Mark End        Relocate Start      Relocate End    
[2026-04-03T02:46:25.850+0600][98.359s][info][gc,heap     ] GC(83) y:      Used:      912M (46%)         982M (49%)         450M (22%)         112M (6%)     
[2026-04-03T02:46:25.850+0600][98.359s][info][gc,heap     ] GC(83) y:      Live:         -                13M (1%)           13M (1%)           13M (1%)     
[2026-04-03T02:46:25.850+0600][98.359s][info][gc,heap     ] GC(83) y:   Garbage:         -               898M (45%)         366M (18%)           3M (0%)     
[2026-04-03T02:46:25.850+0600][98.359s][info][gc,heap     ] GC(83) y: Allocated:         -                70M (4%)           70M (4%)           95M (5%)     
[2026-04-03T02:46:25.850+0600][98.359s][info][gc,heap     ] GC(83) y: Reclaimed:         -                  -               532M (27%)         895M (45%)    
[2026-04-03T02:46:25.850+0600][98.359s][info][gc,heap     ] GC(83) y:  Promoted:         -                  -                 0M (0%)            0M (0%)     
[2026-04-03T02:46:25.850+0600][98.359s][info][gc,heap     ] GC(83) y: Compacted:         -                  -                  -                 6M (0%)     
[2026-04-03T02:46:25.850+0600][98.359s][info][gc,phases   ] GC(83) y: Young Generation 1186M(59%)->386M(19%) 0.055s
[2026-04-03T02:46:25.850+0600][98.359s][info][gc          ] GC(83) Minor Collection (Allocation Rate) 1186M(59%)->386M(19%) 0.055s
[2026-04-03T02:46:26.746+0600][99.255s][info][gc          ] GC(84) Minor Collection (Allocation Rate)
[2026-04-03T02:46:26.746+0600][99.255s][info][gc,task     ] GC(84) Using 1 Workers for Young Generation
[2026-04-03T02:46:26.746+0600][99.255s][info][gc,phases   ] GC(84) y: Young Generation
[2026-04-03T02:46:26.746+0600][99.255s][info][gc,phases   ] GC(84) y: Pause Mark Start 0.021ms
[2026-04-03T02:46:26.815+0600][99.323s][info][gc,phases   ] GC(84) y: Concurrent Mark 68.138ms
[2026-04-03T02:46:26.815+0600][99.324s][info][gc,phases   ] GC(84) y: Pause Mark End 0.021ms
[2026-04-03T02:46:26.815+0600][99.324s][info][gc,phases   ] GC(84) y: Concurrent Mark Free 0.002ms
[2026-04-03T02:46:26.815+0600][99.324s][info][gc,phases   ] GC(84) y: Concurrent Reset Relocation Set 0.015ms
[2026-04-03T02:46:26.817+0600][99.325s][info][gc,reloc    ] GC(84) y: Using tenuring threshold: 5 (Computed)
[2026-04-03T02:46:26.817+0600][99.326s][info][gc,phases   ] GC(84) y: Concurrent Select Relocation Set 2.424ms
[2026-04-03T02:46:26.818+0600][99.326s][info][gc,phases   ] GC(84) y: Pause Relocate Start 0.017ms
[2026-04-03T02:46:26.826+0600][99.335s][info][gc,phases   ] GC(84) y: Concurrent Relocate 8.696ms
[2026-04-03T02:46:26.826+0600][99.335s][info][gc,alloc    ] GC(84) y:                         Mark Start        Mark End      Relocate Start    Relocate End   
[2026-04-03T02:46:26.826+0600][99.335s][info][gc,alloc    ] GC(84) y: Allocation Stalls:          0                0                0                0         
[2026-04-03T02:46:26.827+0600][99.335s][info][gc,load     ] GC(84) y: Load: 5.76 (48%) / 5.61 (47%) / 5.63 (47%)
[2026-04-03T02:46:26.827+0600][99.335s][info][gc,mmu      ] GC(84) y: MMU: 2ms/95.0%, 5ms/97.8%, 10ms/98.9%, 20ms/99.4%, 50ms/99.7%, 100ms/99.8%
[2026-04-03T02:46:26.827+0600][99.335s][info][gc,marking  ] GC(84) y: Mark: 1 stripe(s), 2 proactive flush(es), 1 terminate flush(es), 0 completion(s), 0 continuation(s) 
[2026-04-03T02:46:26.827+0600][99.335s][info][gc,marking  ] GC(84) y: Mark Stack Usage: 32M
[2026-04-03T02:46:26.827+0600][99.335s][info][gc,nmethod  ] GC(84) y: NMethods: 13975 registered, 4297 unregistered
[2026-04-03T02:46:26.827+0600][99.335s][info][gc,metaspace] GC(84) y: Metaspace: 129M used, 130M committed, 1152M reserved
[2026-04-03T02:46:26.827+0600][99.335s][info][gc,reloc    ] GC(84) y:                        Candidates     Selected     In-Place         Size        Empty    Relocated 
[2026-04-03T02:46:26.827+0600][99.335s][info][gc,reloc    ] GC(84) y: Small Pages:                  301          160            0         602M         264M           6M 
[2026-04-03T02:46:26.827+0600][99.335s][info][gc,reloc    ] GC(84) y: Medium Pages:                   5            0            0         160M         160M           0M 
[2026-04-03T02:46:26.827+0600][99.335s][info][gc,reloc    ] GC(84) y: Large Pages:                   16            0            0          96M          96M           0M 
[2026-04-03T02:46:26.827+0600][99.335s][info][gc,reloc    ] GC(84) y: Forwarding Usage: 1M
[2026-04-03T02:46:26.827+0600][99.335s][info][gc,reloc    ] GC(84) y: Age Table:
[2026-04-03T02:46:26.827+0600][99.335s][info][gc,reloc    ] GC(84) y:                    Live             Garbage             Small              Medium             Large        
[2026-04-03T02:46:26.827+0600][99.335s][info][gc,reloc    ] GC(84) y: Eden               3M (0%)          814M (41%)        281 / 151            5 / 0             16 / 0        
[2026-04-03T02:46:26.827+0600][99.335s][info][gc,reloc    ] GC(84) y: Survivor 1         2M (0%)           15M (1%)           9 / 4              0 / 0              0 / 0        
[2026-04-03T02:46:26.827+0600][99.335s][info][gc,reloc    ] GC(84) y: Survivor 2         3M (0%)            8M (0%)           6 / 3              0 / 0              0 / 0        
[2026-04-03T02:46:26.827+0600][99.335s][info][gc,reloc    ] GC(84) y: Survivor 3         2M (0%)            1M (0%)           2 / 1              0 / 0              0 / 0        
[2026-04-03T02:46:26.827+0600][99.335s][info][gc,reloc    ] GC(84) y: Survivor 4         2M (0%)            3M (0%)           3 / 1              0 / 0              0 / 0        
[2026-04-03T02:46:26.827+0600][99.335s][info][gc,heap     ] GC(84) y: Min Capacity: 8M(0%)
[2026-04-03T02:46:26.827+0600][99.335s][info][gc,heap     ] GC(84) y: Max Capacity: 2000M(100%)
[2026-04-03T02:46:26.827+0600][99.335s][info][gc,heap     ] GC(84) y: Soft Max Capacity: 2000M(100%)
[2026-04-03T02:46:26.827+0600][99.335s][info][gc,heap     ] GC(84) y: Heap Statistics:
[2026-04-03T02:46:26.827+0600][99.335s][info][gc,heap     ] GC(84) y:                Mark Start          Mark End        Relocate Start      Relocate End           High               Low         
[2026-04-03T02:46:26.827+0600][99.335s][info][gc,heap     ] GC(84) y:  Capacity:     2000M (100%)       2000M (100%)       2000M (100%)       2000M (100%)       2000M (100%)       2000M (100%)   
[2026-04-03T02:46:26.827+0600][99.335s][info][gc,heap     ] GC(84) y:      Free:      868M (43%)         786M (39%)        1306M (65%)        1598M (80%)        1602M (80%)         786M (39%)    
[2026-04-03T02:46:26.827+0600][99.335s][info][gc,heap     ] GC(84) y:      Used:     1132M (57%)        1214M (61%)         694M (35%)         402M (20%)        1214M (61%)         398M (20%)    
[2026-04-03T02:46:26.827+0600][99.335s][info][gc,heap     ] GC(84) y: Young Generation Statistics:
[2026-04-03T02:46:26.827+0600][99.335s][info][gc,heap     ] GC(84) y:                Mark Start          Mark End        Relocate Start      Relocate End    
[2026-04-03T02:46:26.827+0600][99.335s][info][gc,heap     ] GC(84) y:      Used:      858M (43%)         940M (47%)         420M (21%)         128M (6%)     
[2026-04-03T02:46:26.827+0600][99.335s][info][gc,heap     ] GC(84) y:      Live:         -                14M (1%)           14M (1%)           14M (1%)     
[2026-04-03T02:46:26.827+0600][99.336s][info][gc,heap     ] GC(84) y:   Garbage:         -               843M (42%)         323M (16%)           1M (0%)     
[2026-04-03T02:46:26.827+0600][99.336s][info][gc,heap     ] GC(84) y: Allocated:         -                82M (4%)           82M (4%)          111M (6%)     
[2026-04-03T02:46:26.827+0600][99.336s][info][gc,heap     ] GC(84) y: Reclaimed:         -                  -               520M (26%)         841M (42%)    
[2026-04-03T02:46:26.827+0600][99.336s][info][gc,heap     ] GC(84) y:  Promoted:         -                  -                 0M (0%)            0M (0%)     
[2026-04-03T02:46:26.827+0600][99.336s][info][gc,heap     ] GC(84) y: Compacted:         -                  -                  -                10M (1%)     
[2026-04-03T02:46:26.827+0600][99.336s][info][gc,phases   ] GC(84) y: Young Generation 1132M(57%)->402M(20%) 0.080s
[2026-04-03T02:46:26.827+0600][99.336s][info][gc          ] GC(84) Minor Collection (Allocation Rate) 1132M(57%)->402M(20%) 0.081s
[2026-04-03T02:46:27.352+0600][99.860s][info][gc          ] GC(85) Minor Collection (Allocation Rate)
[2026-04-03T02:46:27.352+0600][99.861s][info][gc,task     ] GC(85) Using 1 Workers for Young Generation
[2026-04-03T02:46:27.352+0600][99.861s][info][gc,phases   ] GC(85) y: Young Generation
[2026-04-03T02:46:27.352+0600][99.861s][info][gc,phases   ] GC(85) y: Pause Mark Start 0.024ms
[2026-04-03T02:46:27.407+0600][99.915s][info][gc,task     ] Adjusting Workers for Young Generation: 1 -> 3
[2026-04-03T02:46:27.413+0600][99.921s][info][gc,phases   ] GC(85) y: Concurrent Mark 59.979ms
[2026-04-03T02:46:27.413+0600][99.922s][info][gc,phases   ] GC(85) y: Pause Mark End 0.029ms
[2026-04-03T02:46:27.413+0600][99.922s][info][gc,phases   ] GC(85) y: Concurrent Mark Free 0.001ms
[2026-04-03T02:46:27.413+0600][99.922s][info][gc,phases   ] GC(85) y: Concurrent Reset Relocation Set 0.018ms
[2026-04-03T02:46:27.417+0600][99.926s][info][gc,reloc    ] GC(85) y: Using tenuring threshold: 2 (Computed)
[2026-04-03T02:46:27.420+0600][99.929s][info][gc,phases   ] GC(85) y: Concurrent Select Relocation Set 6.738ms
[2026-04-03T02:46:27.420+0600][99.929s][info][gc,phases   ] GC(85) y: Pause Relocate Start 0.031ms
[2026-04-03T02:46:27.431+0600][99.939s][info][gc,phases   ] GC(85) y: Concurrent Relocate 10.194ms
[2026-04-03T02:46:27.431+0600][99.939s][info][gc,alloc    ] GC(85) y:                         Mark Start        Mark End      Relocate Start    Relocate End   
[2026-04-03T02:46:27.431+0600][99.939s][info][gc,alloc    ] GC(85) y: Allocation Stalls:          0                0                0                0         
[2026-04-03T02:46:27.431+0600][99.940s][info][gc,load     ] GC(85) y: Load: 5.76 (48%) / 5.61 (47%) / 5.63 (47%)
[2026-04-03T02:46:27.431+0600][99.940s][info][gc,mmu      ] GC(85) y: MMU: 2ms/95.0%, 5ms/97.8%, 10ms/98.9%, 20ms/99.4%, 50ms/99.7%, 100ms/99.8%
[2026-04-03T02:46:27.431+0600][99.940s][info][gc,marking  ] GC(85) y: Mark: 1 stripe(s), 2 proactive flush(es), 1 terminate flush(es), 0 completion(s), 0 continuation(s) 
[2026-04-03T02:46:27.431+0600][99.940s][info][gc,marking  ] GC(85) y: Mark Stack Usage: 32M
[2026-04-03T02:46:27.431+0600][99.940s][info][gc,nmethod  ] GC(85) y: NMethods: 13989 registered, 4297 unregistered
[2026-04-03T02:46:27.431+0600][99.940s][info][gc,metaspace] GC(85) y: Metaspace: 129M used, 130M committed, 1152M reserved
[2026-04-03T02:46:27.431+0600][99.940s][info][gc,reloc    ] GC(85) y:                        Candidates     Selected     In-Place         Size        Empty    Relocated 
[2026-04-03T02:46:27.431+0600][99.940s][info][gc,reloc    ] GC(85) y: Small Pages:                  344          162            0         688M         342M           8M 
[2026-04-03T02:46:27.431+0600][99.940s][info][gc,reloc    ] GC(85) y: Medium Pages:                   2            0            0          64M          64M           0M 
[2026-04-03T02:46:27.431+0600][99.940s][info][gc,reloc    ] GC(85) y: Large Pages:                   78            0            0         468M         468M           0M 
[2026-04-03T02:46:27.431+0600][99.940s][info][gc,reloc    ] GC(85) y: Forwarding Usage: 1M
[2026-04-03T02:46:27.431+0600][99.940s][info][gc,reloc    ] GC(85) y: Age Table:
[2026-04-03T02:46:27.431+0600][99.940s][info][gc,reloc    ] GC(85) y:                    Live             Garbage             Small              Medium             Large        
[2026-04-03T02:46:27.431+0600][99.940s][info][gc,reloc    ] GC(85) y: Eden               6M (0%)         1175M (59%)        325 / 151            2 / 0             78 / 0        
[2026-04-03T02:46:27.431+0600][99.940s][info][gc,reloc    ] GC(85) y: Survivor 1         1M (0%)            4M (0%)           3 / 1              0 / 0              0 / 0        
[2026-04-03T02:46:27.431+0600][99.940s][info][gc,reloc    ] GC(85) y: Survivor 2         2M (0%)            7M (0%)           5 / 4              0 / 0              0 / 0        
[2026-04-03T02:46:27.431+0600][99.940s][info][gc,reloc    ] GC(85) y: Survivor 3         3M (0%)            8M (0%)           6 / 4              0 / 0              0 / 0        
[2026-04-03T02:46:27.431+0600][99.940s][info][gc,reloc    ] GC(85) y: Survivor 4         2M (0%)            1M (0%)           2 / 0              0 / 0              0 / 0        
[2026-04-03T02:46:27.431+0600][99.940s][info][gc,reloc    ] GC(85) y: Survivor 5         2M (0%)            3M (0%)           3 / 2              0 / 0              0 / 0        
[2026-04-03T02:46:27.431+0600][99.940s][info][gc,heap     ] GC(85) y: Min Capacity: 8M(0%)
[2026-04-03T02:46:27.431+0600][99.940s][info][gc,heap     ] GC(85) y: Max Capacity: 2000M(100%)
[2026-04-03T02:46:27.431+0600][99.940s][info][gc,heap     ] GC(85) y: Soft Max Capacity: 2000M(100%)
[2026-04-03T02:46:27.431+0600][99.940s][info][gc,heap     ] GC(85) y: Heap Statistics:
[2026-04-03T02:46:27.431+0600][99.940s][info][gc,heap     ] GC(85) y:                Mark Start          Mark End        Relocate Start      Relocate End           High               Low         
[2026-04-03T02:46:27.431+0600][99.940s][info][gc,heap     ] GC(85) y:  Capacity:     2000M (100%)       2000M (100%)       2000M (100%)       2000M (100%)       2000M (100%)       2000M (100%)   
[2026-04-03T02:46:27.431+0600][99.940s][info][gc,heap     ] GC(85) y:      Free:      506M (25%)          28M (1%)          898M (45%)        1208M (60%)        1208M (60%)          28M (1%)     
[2026-04-03T02:46:27.431+0600][99.940s][info][gc,heap     ] GC(85) y:      Used:     1494M (75%)        1972M (99%)        1102M (55%)         792M (40%)        1972M (99%)         792M (40%)    
[2026-04-03T02:46:27.431+0600][99.940s][info][gc,heap     ] GC(85) y: Young Generation Statistics:
[2026-04-03T02:46:27.431+0600][99.940s][info][gc,heap     ] GC(85) y:                Mark Start          Mark End        Relocate Start      Relocate End    
[2026-04-03T02:46:27.431+0600][99.940s][info][gc,heap     ] GC(85) y:      Used:     1220M (61%)        1698M (85%)         818M (41%)         502M (25%)    
[2026-04-03T02:46:27.431+0600][99.940s][info][gc,heap     ] GC(85) y:      Live:         -                18M (1%)           10M (1%)            7M (0%)     
[2026-04-03T02:46:27.431+0600][99.940s][info][gc,heap     ] GC(85) y:   Garbage:         -              1201M (60%)         325M (16%)           0M (0%)     
[2026-04-03T02:46:27.431+0600][99.940s][info][gc,heap     ] GC(85) y: Allocated:         -               478M (24%)         482M (24%)         494M (25%)    
[2026-04-03T02:46:27.431+0600][99.940s][info][gc,heap     ] GC(85) y: Reclaimed:         -                  -               875M (44%)        1201M (60%)    
[2026-04-03T02:46:27.431+0600][99.940s][info][gc,heap     ] GC(85) y:  Promoted:         -                  -                 8M (0%)           10M (1%)     
[2026-04-03T02:46:27.431+0600][99.940s][info][gc,heap     ] GC(85) y: Compacted:         -                  -                  -                 7M (0%)     
[2026-04-03T02:46:27.431+0600][99.940s][info][gc,phases   ] GC(85) y: Young Generation 1494M(75%)->792M(40%) 0.079s
[2026-04-03T02:46:27.431+0600][99.940s][info][gc          ] GC(85) Minor Collection (Allocation Rate) 1492M(75%)->792M(40%) 0.080s
[2026-04-03T02:46:27.980+0600][100.488s][info][gc          ] GC(86) Minor Collection (Allocation Rate)
[2026-04-03T02:46:27.980+0600][100.488s][info][gc,task     ] GC(86) Using 2 Workers for Young Generation
[2026-04-03T02:46:27.980+0600][100.488s][info][gc,phases   ] GC(86) y: Young Generation
[2026-04-03T02:46:27.980+0600][100.489s][info][gc,phases   ] GC(86) y: Pause Mark Start 0.026ms
[2026-04-03T02:46:28.012+0600][100.521s][info][gc,phases   ] GC(86) y: Concurrent Mark 31.931ms
[2026-04-03T02:46:28.012+0600][100.521s][info][gc,phases   ] GC(86) y: Pause Mark End 0.024ms
[2026-04-03T02:46:28.012+0600][100.521s][info][gc,phases   ] GC(86) y: Concurrent Mark Free 0.002ms
[2026-04-03T02:46:28.012+0600][100.521s][info][gc,phases   ] GC(86) y: Concurrent Reset Relocation Set 0.032ms
[2026-04-03T02:46:28.016+0600][100.525s][info][gc,reloc    ] GC(86) y: Using tenuring threshold: 3 (Computed)
[2026-04-03T02:46:28.016+0600][100.525s][info][gc,phases   ] GC(86) y: Concurrent Select Relocation Set 4.002ms
[2026-04-03T02:46:28.017+0600][100.525s][info][gc,phases   ] GC(86) y: Pause Relocate Start 0.021ms
[2026-04-03T02:46:28.025+0600][100.534s][info][gc,phases   ] GC(86) y: Concurrent Relocate 8.139ms
[2026-04-03T02:46:28.025+0600][100.534s][info][gc,alloc    ] GC(86) y:                         Mark Start        Mark End      Relocate Start    Relocate End   
[2026-04-03T02:46:28.025+0600][100.534s][info][gc,alloc    ] GC(86) y: Allocation Stalls:          0                0                0                0         
[2026-04-03T02:46:28.025+0600][100.534s][info][gc,load     ] GC(86) y: Load: 5.76 (48%) / 5.61 (47%) / 5.63 (47%)
[2026-04-03T02:46:28.025+0600][100.534s][info][gc,mmu      ] GC(86) y: MMU: 2ms/95.0%, 5ms/97.8%, 10ms/98.9%, 20ms/99.4%, 50ms/99.7%, 100ms/99.8%
[2026-04-03T02:46:28.025+0600][100.534s][info][gc,marking  ] GC(86) y: Mark: 2 stripe(s), 3 proactive flush(es), 1 terminate flush(es), 0 completion(s), 0 continuation(s) 
[2026-04-03T02:46:28.025+0600][100.534s][info][gc,marking  ] GC(86) y: Mark Stack Usage: 32M
[2026-04-03T02:46:28.025+0600][100.534s][info][gc,nmethod  ] GC(86) y: NMethods: 14000 registered, 4297 unregistered
[2026-04-03T02:46:28.025+0600][100.534s][info][gc,metaspace] GC(86) y: Metaspace: 129M used, 130M committed, 1152M reserved
[2026-04-03T02:46:28.025+0600][100.534s][info][gc,reloc    ] GC(86) y:                        Candidates     Selected     In-Place         Size        Empty    Relocated 
[2026-04-03T02:46:28.025+0600][100.534s][info][gc,reloc    ] GC(86) y: Small Pages:                  220          172            0         440M          84M           6M 
[2026-04-03T02:46:28.025+0600][100.534s][info][gc,reloc    ] GC(86) y: Medium Pages:                   2            0            0          64M          64M           0M 
[2026-04-03T02:46:28.025+0600][100.534s][info][gc,reloc    ] GC(86) y: Large Pages:                   74            0            0         444M         444M           0M 
[2026-04-03T02:46:28.025+0600][100.534s][info][gc,reloc    ] GC(86) y: Forwarding Usage: 1M
[2026-04-03T02:46:28.025+0600][100.534s][info][gc,reloc    ] GC(86) y: Age Table:
[2026-04-03T02:46:28.025+0600][100.534s][info][gc,reloc    ] GC(86) y:                    Live             Garbage             Small              Medium             Large        
[2026-04-03T02:46:28.025+0600][100.534s][info][gc,reloc    ] GC(86) y: Eden               4M (0%)          929M (46%)        213 / 168            2 / 0             74 / 0        
[2026-04-03T02:46:28.025+0600][100.534s][info][gc,reloc    ] GC(86) y: Survivor 1         3M (0%)            6M (0%)           5 / 4              0 / 0              0 / 0        
[2026-04-03T02:46:28.025+0600][100.534s][info][gc,reloc    ] GC(86) y: Survivor 2         1M (0%)            2M (0%)           2 / 0              0 / 0              0 / 0        
[2026-04-03T02:46:28.025+0600][100.534s][info][gc,heap     ] GC(86) y: Min Capacity: 8M(0%)
[2026-04-03T02:46:28.025+0600][100.534s][info][gc,heap     ] GC(86) y: Max Capacity: 2000M(100%)
[2026-04-03T02:46:28.025+0600][100.534s][info][gc,heap     ] GC(86) y: Soft Max Capacity: 2000M(100%)
[2026-04-03T02:46:28.025+0600][100.534s][info][gc,heap     ] GC(86) y: Heap Statistics:
[2026-04-03T02:46:28.025+0600][100.534s][info][gc,heap     ] GC(86) y:                Mark Start          Mark End        Relocate Start      Relocate End           High               Low         
[2026-04-03T02:46:28.025+0600][100.534s][info][gc,heap     ] GC(86) y:  Capacity:     2000M (100%)       2000M (100%)       2000M (100%)       2000M (100%)       2000M (100%)       2000M (100%)   
[2026-04-03T02:46:28.025+0600][100.534s][info][gc,heap     ] GC(86) y:      Free:      762M (38%)         692M (35%)        1278M (64%)        1588M (79%)        1602M (80%)         692M (35%)    
[2026-04-03T02:46:28.025+0600][100.534s][info][gc,heap     ] GC(86) y:      Used:     1238M (62%)        1308M (65%)         722M (36%)         412M (21%)        1308M (65%)         398M (20%)    
[2026-04-03T02:46:28.025+0600][100.534s][info][gc,heap     ] GC(86) y: Young Generation Statistics:
[2026-04-03T02:46:28.025+0600][100.534s][info][gc,heap     ] GC(86) y:                Mark Start          Mark End        Relocate Start      Relocate End    
[2026-04-03T02:46:28.025+0600][100.534s][info][gc,heap     ] GC(86) y:      Used:      948M (47%)        1018M (51%)         432M (22%)         122M (6%)     
[2026-04-03T02:46:28.025+0600][100.534s][info][gc,heap     ] GC(86) y:      Live:         -                 9M (0%)            9M (0%)            9M (0%)     
[2026-04-03T02:46:28.025+0600][100.534s][info][gc,heap     ] GC(86) y:   Garbage:         -               938M (47%)         346M (17%)           0M (0%)     
[2026-04-03T02:46:28.025+0600][100.534s][info][gc,heap     ] GC(86) y: Allocated:         -                70M (4%)           76M (4%)          112M (6%)     
[2026-04-03T02:46:28.025+0600][100.534s][info][gc,heap     ] GC(86) y: Reclaimed:         -                  -               592M (30%)         938M (47%)    
[2026-04-03T02:46:28.025+0600][100.534s][info][gc,heap     ] GC(86) y:  Promoted:         -                  -                 0M (0%)            0M (0%)     
[2026-04-03T02:46:28.025+0600][100.534s][info][gc,heap     ] GC(86) y: Compacted:         -                  -                  -                 9M (0%)     
[2026-04-03T02:46:28.025+0600][100.534s][info][gc,phases   ] GC(86) y: Young Generation 1238M(62%)->412M(21%) 0.045s
[2026-04-03T02:46:28.025+0600][100.534s][info][gc          ] GC(86) Minor Collection (Allocation Rate) 1238M(62%)->412M(21%) 0.046s
[2026-04-03T02:46:28.996+0600][101.504s][info][gc          ] GC(87) Minor Collection (Allocation Rate)
[2026-04-03T02:46:28.996+0600][101.505s][info][gc,task     ] GC(87) Using 1 Workers for Young Generation
[2026-04-03T02:46:28.996+0600][101.505s][info][gc,phases   ] GC(87) y: Young Generation
[2026-04-03T02:46:28.996+0600][101.505s][info][gc,phases   ] GC(87) y: Pause Mark Start 0.022ms
[2026-04-03T02:46:29.060+0600][101.569s][info][gc,phases   ] GC(87) y: Concurrent Mark 63.907ms
[2026-04-03T02:46:29.061+0600][101.569s][info][gc,phases   ] GC(87) y: Pause Mark End 0.018ms
[2026-04-03T02:46:29.061+0600][101.569s][info][gc,phases   ] GC(87) y: Concurrent Mark Free 0.015ms
[2026-04-03T02:46:29.061+0600][101.569s][info][gc,phases   ] GC(87) y: Concurrent Reset Relocation Set 0.012ms
[2026-04-03T02:46:29.062+0600][101.571s][info][gc,reloc    ] GC(87) y: Using tenuring threshold: 4 (Computed)
[2026-04-03T02:46:29.063+0600][101.572s][info][gc,phases   ] GC(87) y: Concurrent Select Relocation Set 2.363ms
[2026-04-03T02:46:29.063+0600][101.572s][info][gc,phases   ] GC(87) y: Pause Relocate Start 0.013ms
[2026-04-03T02:46:29.069+0600][101.578s][info][gc,phases   ] GC(87) y: Concurrent Relocate 5.891ms
[2026-04-03T02:46:29.069+0600][101.578s][info][gc,alloc    ] GC(87) y:                         Mark Start        Mark End      Relocate Start    Relocate End   
[2026-04-03T02:46:29.069+0600][101.578s][info][gc,alloc    ] GC(87) y: Allocation Stalls:          0                0                0                0         
[2026-04-03T02:46:29.069+0600][101.578s][info][gc,load     ] GC(87) y: Load: 5.76 (48%) / 5.61 (47%) / 5.63 (47%)
[2026-04-03T02:46:29.069+0600][101.578s][info][gc,mmu      ] GC(87) y: MMU: 2ms/95.0%, 5ms/97.8%, 10ms/98.9%, 20ms/99.4%, 50ms/99.7%, 100ms/99.8%
[2026-04-03T02:46:29.069+0600][101.578s][info][gc,marking  ] GC(87) y: Mark: 1 stripe(s), 2 proactive flush(es), 1 terminate flush(es), 0 completion(s), 0 continuation(s) 
[2026-04-03T02:46:29.069+0600][101.578s][info][gc,marking  ] GC(87) y: Mark Stack Usage: 32M
[2026-04-03T02:46:29.069+0600][101.578s][info][gc,nmethod  ] GC(87) y: NMethods: 14009 registered, 4297 unregistered
[2026-04-03T02:46:29.069+0600][101.578s][info][gc,metaspace] GC(87) y: Metaspace: 129M used, 130M committed, 1152M reserved
[2026-04-03T02:46:29.069+0600][101.578s][info][gc,reloc    ] GC(87) y:                        Candidates     Selected     In-Place         Size        Empty    Relocated 
[2026-04-03T02:46:29.069+0600][101.578s][info][gc,reloc    ] GC(87) y: Small Pages:                  320          149            0         640M         326M           6M 
[2026-04-03T02:46:29.069+0600][101.578s][info][gc,reloc    ] GC(87) y: Medium Pages:                   5            0            0         160M         160M           0M 
[2026-04-03T02:46:29.069+0600][101.578s][info][gc,reloc    ] GC(87) y: Large Pages:                   17            0            0         102M         102M           0M 
[2026-04-03T02:46:29.069+0600][101.578s][info][gc,reloc    ] GC(87) y: Forwarding Usage: 1M
[2026-04-03T02:46:29.069+0600][101.578s][info][gc,reloc    ] GC(87) y: Age Table:
[2026-04-03T02:46:29.069+0600][101.578s][info][gc,reloc    ] GC(87) y:                    Live             Garbage             Small              Medium             Large        
[2026-04-03T02:46:29.069+0600][101.578s][info][gc,reloc    ] GC(87) y: Eden               5M (0%)          868M (43%)        306 / 140            5 / 0             17 / 0        
[2026-04-03T02:46:29.069+0600][101.578s][info][gc,reloc    ] GC(87) y: Survivor 1         2M (0%)            5M (0%)           4 / 2              0 / 0              0 / 0        
[2026-04-03T02:46:29.069+0600][101.578s][info][gc,reloc    ] GC(87) y: Survivor 2         3M (0%)           14M (1%)           9 / 7              0 / 0              0 / 0        
[2026-04-03T02:46:29.070+0600][101.578s][info][gc,reloc    ] GC(87) y: Survivor 3         1M (0%)            0M (0%)           1 / 0              0 / 0              0 / 0        
[2026-04-03T02:46:29.070+0600][101.578s][info][gc,heap     ] GC(87) y: Min Capacity: 8M(0%)
[2026-04-03T02:46:29.070+0600][101.578s][info][gc,heap     ] GC(87) y: Max Capacity: 2000M(100%)
[2026-04-03T02:46:29.070+0600][101.578s][info][gc,heap     ] GC(87) y: Soft Max Capacity: 2000M(100%)
[2026-04-03T02:46:29.070+0600][101.578s][info][gc,heap     ] GC(87) y: Heap Statistics:
[2026-04-03T02:46:29.070+0600][101.578s][info][gc,heap     ] GC(87) y:                Mark Start          Mark End        Relocate Start      Relocate End           High               Low         
[2026-04-03T02:46:29.070+0600][101.578s][info][gc,heap     ] GC(87) y:  Capacity:     2000M (100%)       2000M (100%)       2000M (100%)       2000M (100%)       2000M (100%)       2000M (100%)   
[2026-04-03T02:46:29.070+0600][101.578s][info][gc,heap     ] GC(87) y:      Free:      808M (40%)         736M (37%)        1324M (66%)        1608M (80%)        1608M (80%)         736M (37%)    
[2026-04-03T02:46:29.070+0600][101.578s][info][gc,heap     ] GC(87) y:      Used:     1192M (60%)        1264M (63%)         676M (34%)         392M (20%)        1264M (63%)         392M (20%)    
[2026-04-03T02:46:29.070+0600][101.578s][info][gc,heap     ] GC(87) y: Young Generation Statistics:
[2026-04-03T02:46:29.070+0600][101.578s][info][gc,heap     ] GC(87) y:                Mark Start          Mark End        Relocate Start      Relocate End    
[2026-04-03T02:46:29.070+0600][101.578s][info][gc,heap     ] GC(87) y:      Used:      902M (45%)         974M (49%)         386M (19%)         102M (5%)     
[2026-04-03T02:46:29.070+0600][101.578s][info][gc,heap     ] GC(87) y:      Live:         -                12M (1%)           12M (1%)           12M (1%)     
[2026-04-03T02:46:29.070+0600][101.578s][info][gc,heap     ] GC(87) y:   Garbage:         -               889M (44%)         301M (15%)           2M (0%)     
[2026-04-03T02:46:29.070+0600][101.578s][info][gc,heap     ] GC(87) y: Allocated:         -                72M (4%)           72M (4%)           87M (4%)     
[2026-04-03T02:46:29.070+0600][101.578s][info][gc,heap     ] GC(87) y: Reclaimed:         -                  -               588M (29%)         887M (44%)    
[2026-04-03T02:46:29.070+0600][101.578s][info][gc,heap     ] GC(87) y:  Promoted:         -                  -                 0M (0%)            0M (0%)     
[2026-04-03T02:46:29.070+0600][101.578s][info][gc,heap     ] GC(87) y: Compacted:         -                  -                  -                 6M (0%)     
[2026-04-03T02:46:29.070+0600][101.578s][info][gc,phases   ] GC(87) y: Young Generation 1192M(60%)->392M(20%) 0.074s
[2026-04-03T02:46:29.070+0600][101.578s][info][gc          ] GC(87) Minor Collection (Allocation Rate) 1192M(60%)->392M(20%) 0.074s
[2026-04-03T02:46:29.595+0600][102.103s][info][gc          ] GC(88) Minor Collection (Allocation Rate)
[2026-04-03T02:46:29.595+0600][102.104s][info][gc,task     ] GC(88) Using 1 Workers for Young Generation
[2026-04-03T02:46:29.595+0600][102.104s][info][gc,phases   ] GC(88) y: Young Generation
[2026-04-03T02:46:29.595+0600][102.104s][info][gc,phases   ] GC(88) y: Pause Mark Start 0.029ms
[2026-04-03T02:46:29.631+0600][102.140s][info][gc,task     ] Adjusting Workers for Young Generation: 1 -> 3
[2026-04-03T02:46:29.635+0600][102.144s][info][gc,phases   ] GC(88) y: Concurrent Mark 39.879ms
[2026-04-03T02:46:29.636+0600][102.144s][info][gc,phases   ] GC(88) y: Pause Mark End 0.028ms
[2026-04-03T02:46:29.636+0600][102.144s][info][gc,phases   ] GC(88) y: Concurrent Mark Free 0.002ms
[2026-04-03T02:46:29.636+0600][102.144s][info][gc,phases   ] GC(88) y: Concurrent Reset Relocation Set 0.012ms
[2026-04-03T02:46:29.638+0600][102.146s][info][gc,reloc    ] GC(88) y: Using tenuring threshold: 3 (Computed)
[2026-04-03T02:46:29.640+0600][102.149s][info][gc,phases   ] GC(88) y: Concurrent Select Relocation Set 4.272ms
[2026-04-03T02:46:29.640+0600][102.149s][info][gc,phases   ] GC(88) y: Pause Relocate Start 0.020ms
[2026-04-03T02:46:29.647+0600][102.156s][info][gc,phases   ] GC(88) y: Concurrent Relocate 7.003ms
[2026-04-03T02:46:29.648+0600][102.156s][info][gc,alloc    ] GC(88) y:                         Mark Start        Mark End      Relocate Start    Relocate End   
[2026-04-03T02:46:29.648+0600][102.156s][info][gc,alloc    ] GC(88) y: Allocation Stalls:          0                0                0                0         
[2026-04-03T02:46:29.648+0600][102.156s][info][gc,load     ] GC(88) y: Load: 5.76 (48%) / 5.61 (47%) / 5.63 (47%)
[2026-04-03T02:46:29.648+0600][102.156s][info][gc,mmu      ] GC(88) y: MMU: 2ms/95.0%, 5ms/97.8%, 10ms/98.9%, 20ms/99.4%, 50ms/99.7%, 100ms/99.8%
[2026-04-03T02:46:29.648+0600][102.156s][info][gc,marking  ] GC(88) y: Mark: 1 stripe(s), 2 proactive flush(es), 1 terminate flush(es), 0 completion(s), 0 continuation(s) 
[2026-04-03T02:46:29.648+0600][102.156s][info][gc,marking  ] GC(88) y: Mark Stack Usage: 32M
[2026-04-03T02:46:29.648+0600][102.156s][info][gc,nmethod  ] GC(88) y: NMethods: 14021 registered, 4297 unregistered
[2026-04-03T02:46:29.648+0600][102.156s][info][gc,metaspace] GC(88) y: Metaspace: 129M used, 130M committed, 1152M reserved
[2026-04-03T02:46:29.648+0600][102.156s][info][gc,reloc    ] GC(88) y:                        Candidates     Selected     In-Place         Size        Empty    Relocated 
[2026-04-03T02:46:29.648+0600][102.156s][info][gc,reloc    ] GC(88) y: Small Pages:                  339          160            0         678M         342M           5M 
[2026-04-03T02:46:29.648+0600][102.156s][info][gc,reloc    ] GC(88) y: Medium Pages:                   3            0            0          96M          96M           0M 
[2026-04-03T02:46:29.648+0600][102.156s][info][gc,reloc    ] GC(88) y: Large Pages:                   78            0            0         468M         468M           0M 
[2026-04-03T02:46:29.648+0600][102.156s][info][gc,reloc    ] GC(88) y: Forwarding Usage: 1M
[2026-04-03T02:46:29.648+0600][102.156s][info][gc,reloc    ] GC(88) y: Age Table:
[2026-04-03T02:46:29.648+0600][102.156s][info][gc,reloc    ] GC(88) y:                    Live             Garbage             Small              Medium             Large        
[2026-04-03T02:46:29.648+0600][102.156s][info][gc,reloc    ] GC(88) y: Eden               4M (0%)         1213M (61%)        327 / 153            3 / 0             78 / 0        
[2026-04-03T02:46:29.648+0600][102.156s][info][gc,reloc    ] GC(88) y: Survivor 1         1M (0%)            4M (0%)           3 / 2              0 / 0              0 / 0        
[2026-04-03T02:46:29.648+0600][102.156s][info][gc,reloc    ] GC(88) y: Survivor 2         2M (0%)            7M (0%)           5 / 3              0 / 0              0 / 0        
[2026-04-03T02:46:29.648+0600][102.156s][info][gc,reloc    ] GC(88) y: Survivor 3         3M (0%)            2M (0%)           3 / 2              0 / 0              0 / 0        
[2026-04-03T02:46:29.648+0600][102.156s][info][gc,reloc    ] GC(88) y: Survivor 4         1M (0%)            0M (0%)           1 / 0              0 / 0              0 / 0        
[2026-04-03T02:46:29.648+0600][102.156s][info][gc,heap     ] GC(88) y: Min Capacity: 8M(0%)
[2026-04-03T02:46:29.648+0600][102.156s][info][gc,heap     ] GC(88) y: Max Capacity: 2000M(100%)
[2026-04-03T02:46:29.648+0600][102.156s][info][gc,heap     ] GC(88) y: Soft Max Capacity: 2000M(100%)
[2026-04-03T02:46:29.648+0600][102.156s][info][gc,heap     ] GC(88) y: Heap Statistics:
[2026-04-03T02:46:29.648+0600][102.156s][info][gc,heap     ] GC(88) y:                Mark Start          Mark End        Relocate Start      Relocate End           High               Low         
[2026-04-03T02:46:29.648+0600][102.156s][info][gc,heap     ] GC(88) y:  Capacity:     2000M (100%)       2000M (100%)       2000M (100%)       2000M (100%)       2000M (100%)       2000M (100%)   
[2026-04-03T02:46:29.648+0600][102.156s][info][gc,heap     ] GC(88) y:      Free:      468M (23%)          64M (3%)          920M (46%)        1214M (61%)        1216M (61%)          64M (3%)     
[2026-04-03T02:46:29.648+0600][102.156s][info][gc,heap     ] GC(88) y:      Used:     1532M (77%)        1936M (97%)        1080M (54%)         786M (39%)        1936M (97%)         784M (39%)    
[2026-04-03T02:46:29.648+0600][102.156s][info][gc,heap     ] GC(88) y: Young Generation Statistics:
[2026-04-03T02:46:29.648+0600][102.156s][info][gc,heap     ] GC(88) y:                Mark Start          Mark End        Relocate Start      Relocate End    
[2026-04-03T02:46:29.648+0600][102.156s][info][gc,heap     ] GC(88) y:      Used:     1242M (62%)        1646M (82%)         786M (39%)         488M (24%)    
[2026-04-03T02:46:29.648+0600][102.156s][info][gc,heap     ] GC(88) y:      Live:         -                13M (1%)            9M (0%)            8M (0%)     
[2026-04-03T02:46:29.648+0600][102.157s][info][gc,heap     ] GC(88) y:   Garbage:         -              1228M (61%)         322M (16%)           0M (0%)     
[2026-04-03T02:46:29.648+0600][102.157s][info][gc,heap     ] GC(88) y: Allocated:         -               404M (20%)         454M (23%)         479M (24%)    
[2026-04-03T02:46:29.648+0600][102.157s][info][gc,heap     ] GC(88) y: Reclaimed:         -                  -               906M (45%)        1228M (61%)    
[2026-04-03T02:46:29.648+0600][102.157s][info][gc,heap     ] GC(88) y:  Promoted:         -                  -                 3M (0%)            5M (0%)     
[2026-04-03T02:46:29.648+0600][102.157s][info][gc,heap     ] GC(88) y: Compacted:         -                  -                  -                 6M (0%)     
[2026-04-03T02:46:29.648+0600][102.157s][info][gc,phases   ] GC(88) y: Young Generation 1532M(77%)->786M(39%) 0.053s
[2026-04-03T02:46:29.648+0600][102.157s][info][gc          ] GC(88) Minor Collection (Allocation Rate) 1532M(77%)->786M(39%) 0.053s
[2026-04-03T02:46:30.048+0600][102.556s][info][gc          ] GC(89) Minor Collection (Allocation Rate)
[2026-04-03T02:46:30.048+0600][102.556s][info][gc,task     ] GC(89) Using 1 Workers for Young Generation
[2026-04-03T02:46:30.048+0600][102.556s][info][gc,phases   ] GC(89) y: Young Generation
[2026-04-03T02:46:30.048+0600][102.556s][info][gc,phases   ] GC(89) y: Pause Mark Start 0.027ms
[2026-04-03T02:46:30.082+0600][102.591s][info][gc,phases   ] GC(89) y: Concurrent Mark 34.527ms
[2026-04-03T02:46:30.083+0600][102.591s][info][gc,phases   ] GC(89) y: Pause Mark End 0.019ms
[2026-04-03T02:46:30.083+0600][102.591s][info][gc,phases   ] GC(89) y: Concurrent Mark Free 0.001ms
[2026-04-03T02:46:30.083+0600][102.591s][info][gc,phases   ] GC(89) y: Concurrent Reset Relocation Set 0.014ms
[2026-04-03T02:46:30.084+0600][102.593s][info][gc,reloc    ] GC(89) y: Using tenuring threshold: 4 (Computed)
[2026-04-03T02:46:30.085+0600][102.593s][info][gc,phases   ] GC(89) y: Concurrent Select Relocation Set 1.984ms
[2026-04-03T02:46:30.085+0600][102.594s][info][gc,phases   ] GC(89) y: Pause Relocate Start 0.026ms
[2026-04-03T02:46:30.092+0600][102.600s][info][gc,phases   ] GC(89) y: Concurrent Relocate 6.542ms
[2026-04-03T02:46:30.092+0600][102.600s][info][gc,alloc    ] GC(89) y:                         Mark Start        Mark End      Relocate Start    Relocate End   
[2026-04-03T02:46:30.092+0600][102.600s][info][gc,alloc    ] GC(89) y: Allocation Stalls:          0                0                0                0         
[2026-04-03T02:46:30.092+0600][102.600s][info][gc,load     ] GC(89) y: Load: 5.38 (45%) / 5.54 (46%) / 5.61 (47%)
[2026-04-03T02:46:30.092+0600][102.600s][info][gc,mmu      ] GC(89) y: MMU: 2ms/95.0%, 5ms/97.8%, 10ms/98.9%, 20ms/99.4%, 50ms/99.7%, 100ms/99.8%
[2026-04-03T02:46:30.092+0600][102.600s][info][gc,marking  ] GC(89) y: Mark: 1 stripe(s), 2 proactive flush(es), 1 terminate flush(es), 0 completion(s), 0 continuation(s) 
[2026-04-03T02:46:30.092+0600][102.600s][info][gc,marking  ] GC(89) y: Mark Stack Usage: 32M
[2026-04-03T02:46:30.092+0600][102.600s][info][gc,nmethod  ] GC(89) y: NMethods: 14033 registered, 4297 unregistered
[2026-04-03T02:46:30.092+0600][102.600s][info][gc,metaspace] GC(89) y: Metaspace: 129M used, 130M committed, 1152M reserved
[2026-04-03T02:46:30.092+0600][102.600s][info][gc,reloc    ] GC(89) y:                        Candidates     Selected     In-Place         Size        Empty    Relocated 
[2026-04-03T02:46:30.092+0600][102.600s][info][gc,reloc    ] GC(89) y: Small Pages:                  163          134            0         326M          46M           5M 
[2026-04-03T02:46:30.092+0600][102.600s][info][gc,reloc    ] GC(89) y: Medium Pages:                   2            0            0          64M          64M           0M 
[2026-04-03T02:46:30.092+0600][102.600s][info][gc,reloc    ] GC(89) y: Large Pages:                   71            0            0         426M         426M           0M 
[2026-04-03T02:46:30.092+0600][102.600s][info][gc,reloc    ] GC(89) y: Forwarding Usage: 1M
[2026-04-03T02:46:30.092+0600][102.600s][info][gc,reloc    ] GC(89) y: Age Table:
[2026-04-03T02:46:30.092+0600][102.600s][info][gc,reloc    ] GC(89) y:                    Live             Garbage             Small              Medium             Large        
[2026-04-03T02:46:30.092+0600][102.600s][info][gc,reloc    ] GC(89) y: Eden               2M (0%)          793M (40%)        153 / 128            2 / 0             71 / 0        
[2026-04-03T02:46:30.092+0600][102.600s][info][gc,reloc    ] GC(89) y: Survivor 1         3M (0%)            6M (0%)           5 / 2              0 / 0              0 / 0        
[2026-04-03T02:46:30.092+0600][102.600s][info][gc,reloc    ] GC(89) y: Survivor 2         1M (0%)            2M (0%)           2 / 2              0 / 0              0 / 0        
[2026-04-03T02:46:30.092+0600][102.600s][info][gc,reloc    ] GC(89) y: Survivor 3         2M (0%)            3M (0%)           3 / 2              0 / 0              0 / 0        
[2026-04-03T02:46:30.092+0600][102.600s][info][gc,heap     ] GC(89) y: Min Capacity: 8M(0%)
[2026-04-03T02:46:30.092+0600][102.600s][info][gc,heap     ] GC(89) y: Max Capacity: 2000M(100%)
[2026-04-03T02:46:30.092+0600][102.600s][info][gc,heap     ] GC(89) y: Soft Max Capacity: 2000M(100%)
[2026-04-03T02:46:30.092+0600][102.600s][info][gc,heap     ] GC(89) y: Heap Statistics:
[2026-04-03T02:46:30.092+0600][102.600s][info][gc,heap     ] GC(89) y:                Mark Start          Mark End        Relocate Start      Relocate End           High               Low         
[2026-04-03T02:46:30.092+0600][102.600s][info][gc,heap     ] GC(89) y:  Capacity:     2000M (100%)       2000M (100%)       2000M (100%)       2000M (100%)       2000M (100%)       2000M (100%)   
[2026-04-03T02:46:30.092+0600][102.600s][info][gc,heap     ] GC(89) y:      Free:      886M (44%)         866M (43%)        1400M (70%)        1660M (83%)        1660M (83%)         866M (43%)    
[2026-04-03T02:46:30.092+0600][102.600s][info][gc,heap     ] GC(89) y:      Used:     1114M (56%)        1134M (57%)         600M (30%)         340M (17%)        1134M (57%)         340M (17%)    
[2026-04-03T02:46:30.092+0600][102.600s][info][gc,heap     ] GC(89) y: Young Generation Statistics:
[2026-04-03T02:46:30.092+0600][102.600s][info][gc,heap     ] GC(89) y:                Mark Start          Mark End        Relocate Start      Relocate End    
[2026-04-03T02:46:30.092+0600][102.600s][info][gc,heap     ] GC(89) y:      Used:      816M (41%)         836M (42%)         302M (15%)          42M (2%)     
[2026-04-03T02:46:30.092+0600][102.601s][info][gc,heap     ] GC(89) y:      Live:         -                10M (1%)           10M (1%)           10M (1%)     
[2026-04-03T02:46:30.092+0600][102.601s][info][gc,heap     ] GC(89) y:   Garbage:         -               805M (40%)         269M (13%)           0M (0%)     
[2026-04-03T02:46:30.092+0600][102.601s][info][gc,heap     ] GC(89) y: Allocated:         -                20M (1%)           22M (1%)           31M (2%)     
[2026-04-03T02:46:30.092+0600][102.601s][info][gc,heap     ] GC(89) y: Reclaimed:         -                  -               536M (27%)         805M (40%)    
[2026-04-03T02:46:30.092+0600][102.601s][info][gc,heap     ] GC(89) y:  Promoted:         -                  -                 0M (0%)            0M (0%)     
[2026-04-03T02:46:30.092+0600][102.601s][info][gc,heap     ] GC(89) y: Compacted:         -                  -                  -                 8M (0%)     
[2026-04-03T02:46:30.092+0600][102.601s][info][gc,phases   ] GC(89) y: Young Generation 1114M(56%)->340M(17%) 0.044s
[2026-04-03T02:46:30.092+0600][102.601s][info][gc          ] GC(89) Minor Collection (Allocation Rate) 1114M(56%)->372M(19%) 0.044s
[2026-04-03T02:46:31.223+0600][103.732s][info][gc          ] GC(90) Minor Collection (Allocation Rate)
[2026-04-03T02:46:31.223+0600][103.732s][info][gc,task     ] GC(90) Using 1 Workers for Young Generation
[2026-04-03T02:46:31.223+0600][103.732s][info][gc,phases   ] GC(90) y: Young Generation
[2026-04-03T02:46:31.224+0600][103.732s][info][gc,phases   ] GC(90) y: Pause Mark Start 0.037ms
[2026-04-03T02:46:31.283+0600][103.792s][info][gc,phases   ] GC(90) y: Concurrent Mark 59.330ms
[2026-04-03T02:46:31.283+0600][103.792s][info][gc,phases   ] GC(90) y: Pause Mark End 0.031ms
[2026-04-03T02:46:31.284+0600][103.792s][info][gc,phases   ] GC(90) y: Concurrent Mark Free 0.003ms
[2026-04-03T02:46:31.284+0600][103.793s][info][gc,phases   ] GC(90) y: Concurrent Reset Relocation Set 0.021ms
[2026-04-03T02:46:31.290+0600][103.799s][info][gc,reloc    ] GC(90) y: Using tenuring threshold: 5 (Computed)
[2026-04-03T02:46:31.291+0600][103.799s][info][gc,phases   ] GC(90) y: Concurrent Select Relocation Set 6.706ms
[2026-04-03T02:46:31.291+0600][103.800s][info][gc,phases   ] GC(90) y: Pause Relocate Start 0.028ms
[2026-04-03T02:46:31.297+0600][103.806s][info][gc,phases   ] GC(90) y: Concurrent Relocate 5.745ms
[2026-04-03T02:46:31.297+0600][103.806s][info][gc,alloc    ] GC(90) y:                         Mark Start        Mark End      Relocate Start    Relocate End   
[2026-04-03T02:46:31.297+0600][103.806s][info][gc,alloc    ] GC(90) y: Allocation Stalls:          0                0                0                0         
[2026-04-03T02:46:31.297+0600][103.806s][info][gc,load     ] GC(90) y: Load: 5.38 (45%) / 5.54 (46%) / 5.61 (47%)
[2026-04-03T02:46:31.297+0600][103.806s][info][gc,mmu      ] GC(90) y: MMU: 2ms/95.0%, 5ms/97.8%, 10ms/98.9%, 20ms/99.4%, 50ms/99.7%, 100ms/99.8%
[2026-04-03T02:46:31.297+0600][103.806s][info][gc,marking  ] GC(90) y: Mark: 1 stripe(s), 2 proactive flush(es), 1 terminate flush(es), 0 completion(s), 0 continuation(s) 
[2026-04-03T02:46:31.297+0600][103.806s][info][gc,marking  ] GC(90) y: Mark Stack Usage: 32M
[2026-04-03T02:46:31.297+0600][103.806s][info][gc,nmethod  ] GC(90) y: NMethods: 14044 registered, 4297 unregistered
[2026-04-03T02:46:31.297+0600][103.806s][info][gc,metaspace] GC(90) y: Metaspace: 129M used, 130M committed, 1152M reserved
[2026-04-03T02:46:31.297+0600][103.806s][info][gc,reloc    ] GC(90) y:                        Candidates     Selected     In-Place         Size        Empty    Relocated 
[2026-04-03T02:46:31.297+0600][103.806s][info][gc,reloc    ] GC(90) y: Small Pages:                  371          199            0         742M         328M           2M 
[2026-04-03T02:46:31.297+0600][103.806s][info][gc,reloc    ] GC(90) y: Medium Pages:                   6            0            0         192M         160M           0M 
[2026-04-03T02:46:31.297+0600][103.806s][info][gc,reloc    ] GC(90) y: Large Pages:                   20            0            0         120M         120M           0M 
[2026-04-03T02:46:31.297+0600][103.806s][info][gc,reloc    ] GC(90) y: Forwarding Usage: 0M
[2026-04-03T02:46:31.297+0600][103.806s][info][gc,reloc    ] GC(90) y: Age Table:
[2026-04-03T02:46:31.297+0600][103.806s][info][gc,reloc    ] GC(90) y:                    Live             Garbage             Small              Medium             Large        
[2026-04-03T02:46:31.297+0600][103.806s][info][gc,reloc    ] GC(90) y: Eden               3M (0%)         1032M (52%)        362 / 196            6 / 0             20 / 0        
[2026-04-03T02:46:31.297+0600][103.806s][info][gc,reloc    ] GC(90) y: Survivor 1         1M (0%)            2M (0%)           2 / 1              0 / 0              0 / 0        
[2026-04-03T02:46:31.297+0600][103.806s][info][gc,reloc    ] GC(90) y: Survivor 2         3M (0%)            4M (0%)           4 / 2              0 / 0              0 / 0        
[2026-04-03T02:46:31.297+0600][103.806s][info][gc,reloc    ] GC(90) y: Survivor 3         1M (0%)            0M (0%)           1 / 0              0 / 0              0 / 0        
[2026-04-03T02:46:31.297+0600][103.806s][info][gc,reloc    ] GC(90) y: Survivor 4         2M (0%)            1M (0%)           2 / 0              0 / 0              0 / 0        
[2026-04-03T02:46:31.297+0600][103.806s][info][gc,heap     ] GC(90) y: Min Capacity: 8M(0%)
[2026-04-03T02:46:31.297+0600][103.806s][info][gc,heap     ] GC(90) y: Max Capacity: 2000M(100%)
[2026-04-03T02:46:31.297+0600][103.806s][info][gc,heap     ] GC(90) y: Soft Max Capacity: 2000M(100%)
[2026-04-03T02:46:31.297+0600][103.806s][info][gc,heap     ] GC(90) y: Heap Statistics:
[2026-04-03T02:46:31.297+0600][103.806s][info][gc,heap     ] GC(90) y:                Mark Start          Mark End        Relocate Start      Relocate End           High               Low         
[2026-04-03T02:46:31.297+0600][103.806s][info][gc,heap     ] GC(90) y:  Capacity:     2000M (100%)       2000M (100%)       2000M (100%)       2000M (100%)       2000M (100%)       2000M (100%)   
[2026-04-03T02:46:31.298+0600][103.806s][info][gc,heap     ] GC(90) y:      Free:      648M (32%)         566M (28%)        1172M (59%)        1564M (78%)        1564M (78%)         566M (28%)    
[2026-04-03T02:46:31.298+0600][103.806s][info][gc,heap     ] GC(90) y:      Used:     1352M (68%)        1434M (72%)         828M (41%)         436M (22%)        1434M (72%)         436M (22%)    
[2026-04-03T02:46:31.298+0600][103.806s][info][gc,heap     ] GC(90) y: Young Generation Statistics:
[2026-04-03T02:46:31.298+0600][103.806s][info][gc,heap     ] GC(90) y:                Mark Start          Mark End        Relocate Start      Relocate End    
[2026-04-03T02:46:31.298+0600][103.806s][info][gc,heap     ] GC(90) y:      Used:     1054M (53%)        1136M (57%)         530M (26%)         138M (7%)     
[2026-04-03T02:46:31.298+0600][103.806s][info][gc,heap     ] GC(90) y:      Live:         -                13M (1%)           13M (1%)           13M (1%)     
[2026-04-03T02:46:31.298+0600][103.806s][info][gc,heap     ] GC(90) y:   Garbage:         -              1040M (52%)         432M (22%)          33M (2%)     
[2026-04-03T02:46:31.298+0600][103.806s][info][gc,heap     ] GC(90) y: Allocated:         -                82M (4%)           84M (4%)           90M (5%)     
[2026-04-03T02:46:31.298+0600][103.806s][info][gc,heap     ] GC(90) y: Reclaimed:         -                  -               608M (30%)        1006M (50%)    
[2026-04-03T02:46:31.298+0600][103.806s][info][gc,heap     ] GC(90) y:  Promoted:         -                  -                 0M (0%)            0M (0%)     
[2026-04-03T02:46:31.298+0600][103.806s][info][gc,heap     ] GC(90) y: Compacted:         -                  -                  -                 3M (0%)     
[2026-04-03T02:46:31.298+0600][103.806s][info][gc,phases   ] GC(90) y: Young Generation 1352M(68%)->436M(22%) 0.074s
[2026-04-03T02:46:31.298+0600][103.806s][info][gc          ] GC(90) Minor Collection (Allocation Rate) 1352M(68%)->436M(22%) 0.074s
[2026-04-03T02:46:32.077+0600][104.586s][info][gc          ] GC(91) Minor Collection (Allocation Rate)
[2026-04-03T02:46:32.078+0600][104.586s][info][gc,task     ] GC(91) Using 1 Workers for Young Generation
[2026-04-03T02:46:32.078+0600][104.586s][info][gc,phases   ] GC(91) y: Young Generation
[2026-04-03T02:46:32.078+0600][104.587s][info][gc,phases   ] GC(91) y: Pause Mark Start 0.027ms
[2026-04-03T02:46:32.129+0600][104.638s][info][gc,phases   ] GC(91) y: Concurrent Mark 51.324ms
[2026-04-03T02:46:32.130+0600][104.638s][info][gc,phases   ] GC(91) y: Pause Mark End 0.029ms
[2026-04-03T02:46:32.133+0600][104.642s][info][gc,phases   ] GC(91) y: Concurrent Mark Free 0.003ms
[2026-04-03T02:46:32.133+0600][104.642s][info][gc,phases   ] GC(91) y: Concurrent Reset Relocation Set 0.026ms
[2026-04-03T02:46:32.136+0600][104.644s][info][gc,reloc    ] GC(91) y: Using tenuring threshold: 6 (Computed)
[2026-04-03T02:46:32.136+0600][104.645s][info][gc,phases   ] GC(91) y: Concurrent Select Relocation Set 3.296ms
[2026-04-03T02:46:32.137+0600][104.645s][info][gc,phases   ] GC(91) y: Pause Relocate Start 0.046ms
[2026-04-03T02:46:32.149+0600][104.658s][info][gc,phases   ] GC(91) y: Concurrent Relocate 12.499ms
[2026-04-03T02:46:32.149+0600][104.658s][info][gc,alloc    ] GC(91) y:                         Mark Start        Mark End      Relocate Start    Relocate End   
[2026-04-03T02:46:32.149+0600][104.658s][info][gc,alloc    ] GC(91) y: Allocation Stalls:          0                0                0                0         
[2026-04-03T02:46:32.149+0600][104.658s][info][gc,load     ] GC(91) y: Load: 5.38 (45%) / 5.54 (46%) / 5.61 (47%)
[2026-04-03T02:46:32.149+0600][104.658s][info][gc,mmu      ] GC(91) y: MMU: 2ms/95.0%, 5ms/97.8%, 10ms/98.9%, 20ms/99.4%, 50ms/99.7%, 100ms/99.8%
[2026-04-03T02:46:32.149+0600][104.658s][info][gc,marking  ] GC(91) y: Mark: 1 stripe(s), 2 proactive flush(es), 1 terminate flush(es), 0 completion(s), 0 continuation(s) 
[2026-04-03T02:46:32.149+0600][104.658s][info][gc,marking  ] GC(91) y: Mark Stack Usage: 32M
[2026-04-03T02:46:32.149+0600][104.658s][info][gc,nmethod  ] GC(91) y: NMethods: 14051 registered, 4297 unregistered
[2026-04-03T02:46:32.149+0600][104.658s][info][gc,metaspace] GC(91) y: Metaspace: 129M used, 130M committed, 1152M reserved
[2026-04-03T02:46:32.149+0600][104.658s][info][gc,reloc    ] GC(91) y:                        Candidates     Selected     In-Place         Size        Empty    Relocated 
[2026-04-03T02:46:32.149+0600][104.658s][info][gc,reloc    ] GC(91) y: Small Pages:                  507          184            0        1014M         626M           4M 
[2026-04-03T02:46:32.149+0600][104.658s][info][gc,reloc    ] GC(91) y: Medium Pages:                   5            0            0         160M         160M           0M 
[2026-04-03T02:46:32.149+0600][104.658s][info][gc,reloc    ] GC(91) y: Large Pages:                   20            0            0         120M         120M           0M 
[2026-04-03T02:46:32.149+0600][104.658s][info][gc,reloc    ] GC(91) y: Forwarding Usage: 1M
[2026-04-03T02:46:32.149+0600][104.658s][info][gc,reloc    ] GC(91) y: Age Table:
[2026-04-03T02:46:32.149+0600][104.658s][info][gc,reloc    ] GC(91) y:                    Live             Garbage             Small              Medium             Large        
[2026-04-03T02:46:32.149+0600][104.658s][info][gc,reloc    ] GC(91) y: Eden               4M (0%)         1237M (62%)        497 / 181            4 / 0             20 / 0        
[2026-04-03T02:46:32.150+0600][104.658s][info][gc,reloc    ] GC(91) y: Survivor 1         2M (0%)           33M (2%)           2 / 0              1 / 0              0 / 0        
[2026-04-03T02:46:32.150+0600][104.658s][info][gc,reloc    ] GC(91) y: Survivor 2         1M (0%)            2M (0%)           2 / 1              0 / 0              0 / 0        
[2026-04-03T02:46:32.150+0600][104.658s][info][gc,reloc    ] GC(91) y: Survivor 3         3M (0%)            2M (0%)           3 / 1              0 / 0              0 / 0        
[2026-04-03T02:46:32.150+0600][104.658s][info][gc,reloc    ] GC(91) y: Survivor 4         1M (0%)            0M (0%)           1 / 0              0 / 0              0 / 0        
[2026-04-03T02:46:32.150+0600][104.658s][info][gc,reloc    ] GC(91) y: Survivor 5         2M (0%)            1M (0%)           2 / 1              0 / 0              0 / 0        
[2026-04-03T02:46:32.150+0600][104.658s][info][gc,heap     ] GC(91) y: Min Capacity: 8M(0%)
[2026-04-03T02:46:32.150+0600][104.658s][info][gc,heap     ] GC(91) y: Max Capacity: 2000M(100%)
[2026-04-03T02:46:32.150+0600][104.658s][info][gc,heap     ] GC(91) y: Soft Max Capacity: 2000M(100%)
[2026-04-03T02:46:32.150+0600][104.658s][info][gc,heap     ] GC(91) y: Heap Statistics:
[2026-04-03T02:46:32.150+0600][104.658s][info][gc,heap     ] GC(91) y:                Mark Start          Mark End        Relocate Start      Relocate End           High               Low         
[2026-04-03T02:46:32.150+0600][104.658s][info][gc,heap     ] GC(91) y:  Capacity:     2000M (100%)       2000M (100%)       2000M (100%)       2000M (100%)       2000M (100%)       2000M (100%)   
[2026-04-03T02:46:32.150+0600][104.658s][info][gc,heap     ] GC(91) y:      Free:      408M (20%)         318M (16%)        1222M (61%)        1552M (78%)        1564M (78%)         318M (16%)    
[2026-04-03T02:46:32.150+0600][104.658s][info][gc,heap     ] GC(91) y:      Used:     1592M (80%)        1682M (84%)         778M (39%)         448M (22%)        1682M (84%)         436M (22%)    
[2026-04-03T02:46:32.150+0600][104.658s][info][gc,heap     ] GC(91) y: Young Generation Statistics:
[2026-04-03T02:46:32.150+0600][104.658s][info][gc,heap     ] GC(91) y:                Mark Start          Mark End        Relocate Start      Relocate End    
[2026-04-03T02:46:32.150+0600][104.658s][info][gc,heap     ] GC(91) y:      Used:     1294M (65%)        1384M (69%)         480M (24%)         150M (8%)     
[2026-04-03T02:46:32.150+0600][104.658s][info][gc,heap     ] GC(91) y:      Live:         -                16M (1%)           16M (1%)           16M (1%)     
[2026-04-03T02:46:32.150+0600][104.658s][info][gc,heap     ] GC(91) y:   Garbage:         -              1277M (64%)         371M (19%)           1M (0%)     
[2026-04-03T02:46:32.150+0600][104.658s][info][gc,heap     ] GC(91) y: Allocated:         -                90M (4%)           92M (5%)          132M (7%)     
[2026-04-03T02:46:32.150+0600][104.659s][info][gc,heap     ] GC(91) y: Reclaimed:         -                  -               906M (45%)        1276M (64%)    
[2026-04-03T02:46:32.150+0600][104.659s][info][gc,heap     ] GC(91) y:  Promoted:         -                  -                 0M (0%)            0M (0%)     
[2026-04-03T02:46:32.150+0600][104.659s][info][gc,heap     ] GC(91) y: Compacted:         -                  -                  -                 5M (0%)     
[2026-04-03T02:46:32.150+0600][104.659s][info][gc,phases   ] GC(91) y: Young Generation 1592M(80%)->448M(22%) 0.072s
[2026-04-03T02:46:32.150+0600][104.659s][info][gc          ] GC(91) Minor Collection (Allocation Rate) 1592M(80%)->448M(22%) 0.072s
[2026-04-03T02:46:32.956+0600][105.465s][info][gc,exit     ] Stopping ZGC
[2026-04-03T02:46:32.957+0600][105.465s][info][gc,stats    ] === Garbage Collection Statistics =======================================================================================================================
[2026-04-03T02:46:32.957+0600][105.465s][info][gc,stats    ]                                                              Last 10s              Last 10m              Last 10h                Total
[2026-04-03T02:46:32.957+0600][105.465s][info][gc,stats    ]                                                              Avg / Max             Avg / Max             Avg / Max             Avg / Max
[2026-04-03T02:46:32.957+0600][105.465s][info][gc,stats    ]        Contention: Mark Segment Reset Contention                     0 / 1                 2 / 70                2 / 70                2 / 70          ops/s
[2026-04-03T02:46:32.957+0600][105.465s][info][gc,stats    ]        Contention: Mark SeqNum Reset Contention                      0 / 0                 0 / 1                 0 / 1                 0 / 1           ops/s
[2026-04-03T02:46:32.957+0600][105.465s][info][gc,stats    ]          Critical: Allocation Stall                                  0 / 4                 0 / 4                 0 / 4                 0 / 4           ops/s
[2026-04-03T02:46:32.957+0600][105.465s][info][gc,stats    ]          Critical: Allocation Stall                             20.789 / 22.268       17.535 / 22.268       17.535 / 22.268       17.535 / 22.268      ms
[2026-04-03T02:46:32.957+0600][105.465s][info][gc,stats    ]          Critical: JNI Critical Stall                                2 / 7                 2 / 15                2 / 15                2 / 15          ops/s
[2026-04-03T02:46:32.957+0600][105.466s][info][gc,stats    ]          Critical: JNI Critical Stall                            0.595 / 0.922         0.625 / 12.121        0.625 / 12.121        0.625 / 12.121      ms
[2026-04-03T02:46:32.957+0600][105.466s][info][gc,stats    ]          Critical: Relocation Stall                                  0 / 0                 0 / 0                 0 / 0                 0 / 0           ops/s
[2026-04-03T02:46:32.957+0600][105.466s][info][gc,stats    ]          Critical: Relocation Stall                              0.000 / 0.000         0.000 / 0.000         0.000 / 0.000         0.000 / 0.000       ms
[2026-04-03T02:46:32.957+0600][105.466s][info][gc,stats    ]  Major Collection: Major Collection                              0.000 / 0.000       261.932 / 791.060     261.932 / 791.060     261.932 / 791.060     ms
[2026-04-03T02:46:32.957+0600][105.466s][info][gc,stats    ]            Memory: Allocation Rate                                1321 / 2000            905 / 2008            905 / 2008            905 / 2008        MB/s
[2026-04-03T02:46:32.957+0600][105.466s][info][gc,stats    ]            Memory: Defragment                                       28 / 140              21 / 162              21 / 162              21 / 162         ops/s
[2026-04-03T02:46:32.957+0600][105.466s][info][gc,stats    ]            Memory: Out Of Memory                                     0 / 0                 0 / 0                 0 / 0                 0 / 0           ops/s
[2026-04-03T02:46:32.957+0600][105.466s][info][gc,stats    ]            Memory: Page Cache Flush                                137 / 444             105 / 818             105 / 818             105 / 818         MB/s
[2026-04-03T02:46:32.957+0600][105.466s][info][gc,stats    ]            Memory: Page Cache Hit L1                               428 / 625             293 / 625             293 / 625             293 / 625         ops/s
[2026-04-03T02:46:32.957+0600][105.466s][info][gc,stats    ]            Memory: Page Cache Hit L2                                 0 / 0                 0 / 0                 0 / 0                 0 / 0           ops/s
[2026-04-03T02:46:32.957+0600][105.466s][info][gc,stats    ]            Memory: Page Cache Hit L3                                24 / 100              20 / 140              20 / 140              20 / 140         ops/s
[2026-04-03T02:46:32.957+0600][105.466s][info][gc,stats    ]            Memory: Page Cache Miss                                   6 / 28                9 / 105               9 / 105               9 / 105         ops/s
[2026-04-03T02:46:32.957+0600][105.466s][info][gc,stats    ]            Memory: Uncommit                                          0 / 0                 0 / 0                 0 / 0                 0 / 0           MB/s
[2026-04-03T02:46:32.957+0600][105.466s][info][gc,stats    ]            Memory: Undo Object Allocation Failed                     0 / 0                 0 / 0                 0 / 0                 0 / 0           ops/s
[2026-04-03T02:46:32.957+0600][105.466s][info][gc,stats    ]            Memory: Undo Object Allocation Succeeded                  0 / 0                 1 / 105               1 / 105               1 / 105         ops/s
[2026-04-03T02:46:32.957+0600][105.466s][info][gc,stats    ]            Memory: Undo Page Allocation                              0 / 3                 0 / 5                 0 / 5                 0 / 5           ops/s
[2026-04-03T02:46:32.957+0600][105.466s][info][gc,stats    ]  Minor Collection: Minor Collection                             61.655 / 80.874       74.818 / 142.857      74.818 / 142.857      74.818 / 142.857     ms
[2026-04-03T02:46:32.957+0600][105.466s][info][gc,stats    ]    Old Generation: Old Generation                                0.000 / 0.000       161.065 / 701.190     161.065 / 701.190     161.065 / 701.190     ms
[2026-04-03T02:46:32.957+0600][105.466s][info][gc,stats    ]         Old Pause: Pause Mark End                                0.000 / 0.000         0.024 / 0.036         0.024 / 0.036         0.024 / 0.036       ms
[2026-04-03T02:46:32.957+0600][105.466s][info][gc,stats    ]         Old Pause: Pause Relocate Start                          0.000 / 0.000         0.026 / 0.052         0.026 / 0.052         0.026 / 0.052       ms
[2026-04-03T02:46:32.957+0600][105.466s][info][gc,stats    ]         Old Phase: Concurrent Mark                               0.000 / 0.000        85.121 / 411.325      85.121 / 411.325      85.121 / 411.325     ms
[2026-04-03T02:46:32.957+0600][105.466s][info][gc,stats    ]         Old Phase: Concurrent Mark Continue                      0.000 / 0.000         0.000 / 0.000         0.000 / 0.000         0.000 / 0.000       ms
[2026-04-03T02:46:32.957+0600][105.466s][info][gc,stats    ]         Old Phase: Concurrent Mark Free                          0.000 / 0.000         0.005 / 0.036         0.005 / 0.036         0.005 / 0.036       ms
[2026-04-03T02:46:32.957+0600][105.466s][info][gc,stats    ]         Old Phase: Concurrent Process Non-Strong                 0.000 / 0.000        27.082 / 98.156       27.082 / 98.156       27.082 / 98.156      ms
[2026-04-03T02:46:32.957+0600][105.466s][info][gc,stats    ]         Old Phase: Concurrent Relocate                           0.000 / 0.000        19.224 / 132.932      19.224 / 132.932      19.224 / 132.932     ms
[2026-04-03T02:46:32.957+0600][105.466s][info][gc,stats    ]         Old Phase: Concurrent Remap Roots                        0.000 / 0.000        24.177 / 41.003       24.177 / 41.003       24.177 / 41.003      ms
[2026-04-03T02:46:32.957+0600][105.466s][info][gc,stats    ]         Old Phase: Concurrent Reset Relocation Set               0.000 / 0.000         0.005 / 0.033         0.005 / 0.033         0.005 / 0.033       ms
[2026-04-03T02:46:32.957+0600][105.466s][info][gc,stats    ]         Old Phase: Concurrent Select Relocation Set              0.000 / 0.000         4.377 / 16.367        4.377 / 16.367        4.377 / 16.367      ms
[2026-04-03T02:46:32.957+0600][105.466s][info][gc,stats    ]      Old Subphase: Concurrent Classes Purge                      0.000 / 0.000         1.124 / 4.088         1.124 / 4.088         1.124 / 4.088       ms
[2026-04-03T02:46:32.957+0600][105.466s][info][gc,stats    ]      Old Subphase: Concurrent Classes Unlink                     0.000 / 0.000        21.658 / 80.363       21.658 / 80.363       21.658 / 80.363      ms
[2026-04-03T02:46:32.957+0600][105.466s][info][gc,stats    ]      Old Subphase: Concurrent Mark Follow                        0.000 / 0.000        83.572 / 404.782      83.572 / 404.782      83.572 / 404.782     ms
[2026-04-03T02:46:32.957+0600][105.466s][info][gc,stats    ]      Old Subphase: Concurrent Mark Root Colored                  0.000 / 0.000         0.275 / 0.691         0.275 / 0.691         0.275 / 0.691       ms
[2026-04-03T02:46:32.957+0600][105.466s][info][gc,stats    ]      Old Subphase: Concurrent Mark Root Uncolored                0.000 / 0.000         0.933 / 5.709         0.933 / 5.709         0.933 / 5.709       ms
[2026-04-03T02:46:32.957+0600][105.466s][info][gc,stats    ]      Old Subphase: Concurrent Mark Roots                         0.000 / 0.000         1.541 / 6.533         1.541 / 6.533         1.541 / 6.533       ms
[2026-04-03T02:46:32.957+0600][105.466s][info][gc,stats    ]      Old Subphase: Concurrent References Enqueue                 0.000 / 0.000         0.004 / 0.011         0.004 / 0.011         0.004 / 0.011       ms
[2026-04-03T02:46:32.957+0600][105.466s][info][gc,stats    ]      Old Subphase: Concurrent References Process                 0.000 / 0.000         1.315 / 7.380         1.315 / 7.380         1.315 / 7.380       ms
[2026-04-03T02:46:32.957+0600][105.466s][info][gc,stats    ]      Old Subphase: Concurrent Remap Remembered                   0.000 / 0.000        17.753 / 29.906       17.753 / 29.906       17.753 / 29.906      ms
[2026-04-03T02:46:32.957+0600][105.466s][info][gc,stats    ]      Old Subphase: Concurrent Remap Roots Colored                0.000 / 0.000         2.143 / 5.487         2.143 / 5.487         2.143 / 5.487       ms
[2026-04-03T02:46:32.957+0600][105.466s][info][gc,stats    ]      Old Subphase: Concurrent Remap Roots Uncolored              0.000 / 0.000         3.591 / 8.912         3.591 / 8.912         3.591 / 8.912       ms
[2026-04-03T02:46:32.957+0600][105.466s][info][gc,stats    ]      Old Subphase: Concurrent Roots ClassLoaderDataGraph         0.000 / 0.000         1.194 / 5.018         1.194 / 5.018         1.194 / 5.018       ms
[2026-04-03T02:46:32.957+0600][105.466s][info][gc,stats    ]      Old Subphase: Concurrent Roots CodeCache                    0.000 / 0.000         3.549 / 8.773         3.549 / 8.773         3.549 / 8.773       ms
[2026-04-03T02:46:32.957+0600][105.466s][info][gc,stats    ]      Old Subphase: Concurrent Roots JavaThreads                  0.000 / 0.000         0.308 / 5.706         0.308 / 5.706         0.308 / 5.706       ms
[2026-04-03T02:46:32.957+0600][105.466s][info][gc,stats    ]      Old Subphase: Concurrent Roots OopStorageSet                0.000 / 0.000         0.031 / 0.232         0.031 / 0.232         0.031 / 0.232       ms
[2026-04-03T02:46:32.957+0600][105.466s][info][gc,stats    ]      Old Subphase: Concurrent Weak Roots OopStorageSet           0.000 / 0.000         0.926 / 5.818         0.926 / 5.818         0.926 / 5.818       ms
[2026-04-03T02:46:32.957+0600][105.466s][info][gc,stats    ]            System: Java Threads                                    282 / 283             251 / 290             251 / 290             251 / 290         threads
[2026-04-03T02:46:32.957+0600][105.466s][info][gc,stats    ]  Young Generation: Young Generation                              0.000 / 0.000        92.688 / 167.710      92.688 / 167.710      92.688 / 167.710     ms
[2026-04-03T02:46:32.957+0600][105.466s][info][gc,stats    ]  Young Generation: Young Generation                             61.099 / 80.366       74.224 / 142.215      74.224 / 142.215      74.224 / 142.215     ms
[2026-04-03T02:46:32.957+0600][105.466s][info][gc,stats    ]  Young Generation: Young Generation (Collect Roots)              0.000 / 0.000        24.706 / 30.688       24.706 / 30.688       24.706 / 30.688      ms
[2026-04-03T02:46:32.957+0600][105.466s][info][gc,stats    ]  Young Generation: Young Generation (Promote All)                0.000 / 0.000        91.844 / 176.917      91.844 / 176.917      91.844 / 176.917     ms
[2026-04-03T02:46:32.957+0600][105.466s][info][gc,stats    ]       Young Pause: Pause Mark End                                0.025 / 0.033         0.026 / 0.100         0.026 / 0.100         0.026 / 0.100       ms
[2026-04-03T02:46:32.957+0600][105.466s][info][gc,stats    ]       Young Pause: Pause Mark Start                              0.025 / 0.037         0.025 / 0.068         0.025 / 0.068         0.025 / 0.068       ms
[2026-04-03T02:46:32.957+0600][105.466s][info][gc,stats    ]       Young Pause: Pause Mark Start (Major)                      0.000 / 0.000         0.024 / 0.035         0.024 / 0.035         0.024 / 0.035       ms
[2026-04-03T02:46:32.957+0600][105.466s][info][gc,stats    ]       Young Pause: Pause Relocate Start                          0.023 / 0.046         0.021 / 0.080         0.021 / 0.080         0.021 / 0.080       ms
[2026-04-03T02:46:32.957+0600][105.466s][info][gc,stats    ]       Young Phase: Concurrent Mark                              47.460 / 68.138       56.343 / 114.406      56.343 / 114.406      56.343 / 114.406     ms
[2026-04-03T02:46:32.957+0600][105.466s][info][gc,stats    ]       Young Phase: Concurrent Mark Continue                      0.000 / 0.000         0.000 / 0.000         0.000 / 0.000         0.000 / 0.000       ms
[2026-04-03T02:46:32.957+0600][105.466s][info][gc,stats    ]       Young Phase: Concurrent Mark Free                          0.003 / 0.015         0.005 / 0.324         0.005 / 0.324         0.005 / 0.324       ms
[2026-04-03T02:46:32.957+0600][105.466s][info][gc,stats    ]       Young Phase: Concurrent Relocate                           7.567 / 12.499       11.098 / 63.772       11.098 / 63.772       11.098 / 63.772      ms
[2026-04-03T02:46:32.957+0600][105.466s][info][gc,stats    ]       Young Phase: Concurrent Reset Relocation Set               0.023 / 0.045         0.024 / 0.198         0.024 / 0.198         0.024 / 0.198       ms
[2026-04-03T02:46:32.957+0600][105.466s][info][gc,stats    ]       Young Phase: Concurrent Select Relocation Set              4.425 / 7.627         5.082 / 29.577        5.082 / 29.577        5.082 / 29.577      ms
[2026-04-03T02:46:32.957+0600][105.466s][info][gc,stats    ]    Young Subphase: Concurrent Mark Follow                       23.897 / 38.389       32.355 / 83.146       32.355 / 83.146       32.355 / 83.146      ms
[2026-04-03T02:46:32.957+0600][105.466s][info][gc,stats    ]    Young Subphase: Concurrent Mark Root Colored                  5.133 / 7.666         6.003 / 13.894        6.003 / 13.894        6.003 / 13.894      ms
[2026-04-03T02:46:32.957+0600][105.466s][info][gc,stats    ]    Young Subphase: Concurrent Mark Root Uncolored               16.982 / 32.167       15.520 / 33.153       15.520 / 33.153       15.520 / 33.153      ms
[2026-04-03T02:46:32.957+0600][105.466s][info][gc,stats    ]    Young Subphase: Concurrent Mark Roots                        23.554 / 37.678       23.980 / 40.338       23.980 / 40.338       23.980 / 40.338      ms
[2026-04-03T02:46:32.957+0600][105.466s][info][gc,stats    ]    Young Subphase: Concurrent Relocate Remset FP                 0.768 / 3.025         1.462 / 24.786        1.462 / 24.786        1.462 / 24.786      ms
[2026-04-03T02:46:32.957+0600][105.466s][info][gc,stats    ]    Young Subphase: Concurrent Roots ClassLoaderDataGraph         2.498 / 5.121         3.371 / 11.652        3.371 / 11.652        3.371 / 11.652      ms
[2026-04-03T02:46:32.957+0600][105.466s][info][gc,stats    ]    Young Subphase: Concurrent Roots CodeCache                   15.329 / 29.322       13.881 / 30.387       13.881 / 30.387       13.881 / 30.387      ms
[2026-04-03T02:46:32.957+0600][105.466s][info][gc,stats    ]    Young Subphase: Concurrent Roots JavaThreads                  0.719 / 2.838         0.813 / 6.748         0.813 / 6.748         0.813 / 6.748       ms
[2026-04-03T02:46:32.957+0600][105.466s][info][gc,stats    ]    Young Subphase: Concurrent Roots OopStorageSet                0.051 / 0.073         0.067 / 0.236         0.067 / 0.236         0.067 / 0.236       ms
[2026-04-03T02:46:32.957+0600][105.466s][info][gc,stats    ]    Young Subphase: Concurrent Weak Roots OopStorageSet           2.577 / 4.458         2.562 / 6.026         2.562 / 6.026         2.562 / 6.026       ms
[2026-04-03T02:46:32.957+0600][105.466s][info][gc,stats    ] =========================================================================================================================================================
[2026-04-03T02:46:32.957+0600][105.466s][info][gc,heap,exit] Heap
[2026-04-03T02:46:32.957+0600][105.466s][info][gc,heap,exit]  ZHeap           used 564M, capacity 2000M, max capacity 2000M
[2026-04-03T02:46:32.957+0600][105.466s][info][gc,heap,exit]  Metaspace       used 132766K, committed 134336K, reserved 1179648K
[2026-04-03T02:46:32.957+0600][105.466s][info][gc,heap,exit]   class space    used 16823K, committed 17600K, reserved 1048576K
