[2026-04-03T02:40:15.146+0600][0.004s][info][gc,init] Initializing The Z Garbage Collector
[2026-04-03T02:40:15.146+0600][0.004s][info][gc,init] Version: 21.0.10+7-Ubuntu-124.04 (release)
[2026-04-03T02:40:15.146+0600][0.004s][info][gc,init] Using legacy single-generation mode
[2026-04-03T02:40:15.146+0600][0.004s][info][gc,init] NUMA Support: Disabled
[2026-04-03T02:40:15.146+0600][0.004s][info][gc,init] CPUs: 12 total, 12 available
[2026-04-03T02:40:15.146+0600][0.004s][info][gc,init] Memory: 15683M
[2026-04-03T02:40:15.146+0600][0.004s][info][gc,init] Large Page Support: Disabled
[2026-04-03T02:40:15.146+0600][0.004s][info][gc,init] GC Workers: 3 (dynamic)
[2026-04-03T02:40:15.147+0600][0.005s][info][gc,init] Address Space Type: Contiguous/Unrestricted/Complete
[2026-04-03T02:40:15.147+0600][0.005s][info][gc,init] Address Space Size: 28000M x 3 = 84000M
[2026-04-03T02:40:15.147+0600][0.005s][info][gc,init] Heap Backing File: /memfd:java_heap
[2026-04-03T02:40:15.147+0600][0.005s][info][gc,init] Heap Backing Filesystem: tmpfs (0x1021994)
[2026-04-03T02:40:15.147+0600][0.005s][info][gc,init] Min Capacity: 8M
[2026-04-03T02:40:15.147+0600][0.005s][info][gc,init] Initial Capacity: 246M
[2026-04-03T02:40:15.147+0600][0.005s][info][gc,init] Max Capacity: 1750M
[2026-04-03T02:40:15.147+0600][0.005s][info][gc,init] Medium Page Size: 32M
[2026-04-03T02:40:15.147+0600][0.005s][info][gc,init] Pre-touch: Disabled
[2026-04-03T02:40:15.147+0600][0.005s][info][gc,init] Available space on backing filesystem: N/A
[2026-04-03T02:40:15.148+0600][0.006s][info][gc,init] Uncommit: Enabled
[2026-04-03T02:40:15.148+0600][0.006s][info][gc,init] Uncommit Delay: 300s
[2026-04-03T02:40:15.227+0600][0.085s][info][gc,init] Runtime Workers: 8
[2026-04-03T02:40:15.228+0600][0.086s][info][gc     ] Using The Z Garbage Collector
[2026-04-03T02:40:15.240+0600][0.098s][info][gc,metaspace] CDS archive(s) mapped at: [0x0000713b5b000000-0x0000713b5bc9c000-0x0000713b5bc9c000), size 13221888, SharedBaseAddress: 0x0000713b5b000000, ArchiveRelocationMode: 1.
[2026-04-03T02:40:15.240+0600][0.098s][info][gc,metaspace] Compressed class space mapped at: 0x0000713b5c000000-0x0000713b9c000000, reserved size: 1073741824
[2026-04-03T02:40:15.240+0600][0.098s][info][gc,metaspace] Narrow klass base: 0x0000713b5b000000, Narrow klass shift: 0, Narrow klass range: 0x100000000
[2026-04-03T02:40:16.051+0600][0.908s][info][gc,start    ] GC(0) Garbage Collection (Warmup)
[2026-04-03T02:40:16.051+0600][0.908s][info][gc,task     ] GC(0) Using 3 workers
[2026-04-03T02:40:16.051+0600][0.909s][info][gc,phases   ] GC(0) Pause Mark Start 0.009ms
[2026-04-03T02:40:16.058+0600][0.916s][info][gc,phases   ] GC(0) Concurrent Mark 7.175ms
[2026-04-03T02:40:16.058+0600][0.916s][info][gc,phases   ] GC(0) Pause Mark End 0.014ms
[2026-04-03T02:40:16.059+0600][0.916s][info][gc,phases   ] GC(0) Concurrent Mark Free 0.003ms
[2026-04-03T02:40:16.060+0600][0.918s][info][gc,phases   ] GC(0) Concurrent Process Non-Strong References 1.626ms
[2026-04-03T02:40:16.060+0600][0.918s][info][gc,phases   ] GC(0) Concurrent Reset Relocation Set 0.001ms
[2026-04-03T02:40:16.068+0600][0.926s][info][gc,phases   ] GC(0) Concurrent Select Relocation Set 7.554ms
[2026-04-03T02:40:16.068+0600][0.926s][info][gc,phases   ] GC(0) Pause Relocate Start 0.009ms
[2026-04-03T02:40:16.071+0600][0.929s][info][gc,phases   ] GC(0) Concurrent Relocate 2.642ms
[2026-04-03T02:40:16.071+0600][0.929s][info][gc,load     ] GC(0) Load: 5.45/5.44/5.64
[2026-04-03T02:40:16.071+0600][0.929s][info][gc,mmu      ] GC(0) MMU: 2ms/99.3%, 5ms/99.7%, 10ms/99.8%, 20ms/99.8%, 50ms/99.9%, 100ms/100.0%
[2026-04-03T02:40:16.071+0600][0.929s][info][gc,marking  ] GC(0) Mark: 2 stripe(s), 2 proactive flush(es), 1 terminate flush(es), 0 completion(s), 0 continuation(s) 
[2026-04-03T02:40:16.071+0600][0.929s][info][gc,marking  ] GC(0) Mark Stack Usage: 32M
[2026-04-03T02:40:16.071+0600][0.929s][info][gc,nmethod  ] GC(0) NMethods: 987 registered, 93 unregistered
[2026-04-03T02:40:16.071+0600][0.929s][info][gc,metaspace] GC(0) Metaspace: 7M used, 7M committed, 1088M reserved
[2026-04-03T02:40:16.071+0600][0.929s][info][gc,ref      ] GC(0) Soft: 190 encountered, 0 discovered, 0 enqueued
[2026-04-03T02:40:16.071+0600][0.929s][info][gc,ref      ] GC(0) Weak: 700 encountered, 465 discovered, 191 enqueued
[2026-04-03T02:40:16.071+0600][0.929s][info][gc,ref      ] GC(0) Final: 0 encountered, 0 discovered, 0 enqueued
[2026-04-03T02:40:16.071+0600][0.929s][info][gc,ref      ] GC(0) Phantom: 25 encountered, 11 discovered, 0 enqueued
[2026-04-03T02:40:16.071+0600][0.929s][info][gc,reloc    ] GC(0) Small Pages: 101 / 202M, Empty: 0M, Relocated: 1M, In-Place: 0
[2026-04-03T02:40:16.071+0600][0.929s][info][gc,reloc    ] GC(0) Medium Pages: 0 / 0M, Empty: 0M, Relocated: 0M, In-Place: 0
[2026-04-03T02:40:16.071+0600][0.929s][info][gc,reloc    ] GC(0) Large Pages: 0 / 0M, Empty: 0M, Relocated: 0M, In-Place: 0
[2026-04-03T02:40:16.071+0600][0.929s][info][gc,reloc    ] GC(0) Forwarding Usage: 0M
[2026-04-03T02:40:16.071+0600][0.929s][info][gc,heap     ] GC(0) Min Capacity: 8M(0%)
[2026-04-03T02:40:16.071+0600][0.929s][info][gc,heap     ] GC(0) Max Capacity: 1750M(100%)
[2026-04-03T02:40:16.071+0600][0.929s][info][gc,heap     ] GC(0) Soft Max Capacity: 1750M(100%)
[2026-04-03T02:40:16.071+0600][0.929s][info][gc,heap     ] GC(0)                Mark Start          Mark End        Relocate Start      Relocate End           High               Low         
[2026-04-03T02:40:16.071+0600][0.929s][info][gc,heap     ] GC(0)  Capacity:      246M (14%)         246M (14%)         246M (14%)         246M (14%)         246M (14%)         246M (14%)    
[2026-04-03T02:40:16.071+0600][0.929s][info][gc,heap     ] GC(0)      Free:     1548M (88%)        1544M (88%)        1544M (88%)        1736M (99%)        1736M (99%)        1542M (88%)    
[2026-04-03T02:40:16.071+0600][0.929s][info][gc,heap     ] GC(0)      Used:      202M (12%)         206M (12%)         206M (12%)          14M (1%)          208M (12%)          14M (1%)     
[2026-04-03T02:40:16.071+0600][0.929s][info][gc,heap     ] GC(0)      Live:         -                 3M (0%)            3M (0%)            3M (0%)             -                  -          
[2026-04-03T02:40:16.071+0600][0.929s][info][gc,heap     ] GC(0) Allocated:         -                 4M (0%)            4M (0%)            3M (0%)             -                  -          
[2026-04-03T02:40:16.071+0600][0.929s][info][gc,heap     ] GC(0)   Garbage:         -               198M (11%)         198M (11%)           6M (0%)             -                  -          
[2026-04-03T02:40:16.071+0600][0.929s][info][gc,heap     ] GC(0) Reclaimed:         -                  -                 0M (0%)          191M (11%)            -                  -          
[2026-04-03T02:40:16.071+0600][0.929s][info][gc          ] GC(0) Garbage Collection (Warmup) 202M(12%)->14M(1%)
[2026-04-03T02:40:19.209+0600][4.067s][info][gc,start    ] GC(1) Garbage Collection (Metadata GC Threshold)
[2026-04-03T02:40:19.209+0600][4.067s][info][gc,task     ] GC(1) Using 3 workers
[2026-04-03T02:40:19.210+0600][4.067s][info][gc,phases   ] GC(1) Pause Mark Start 0.010ms
[2026-04-03T02:40:19.223+0600][4.081s][info][gc,phases   ] GC(1) Concurrent Mark 13.308ms
[2026-04-03T02:40:19.223+0600][4.081s][info][gc,phases   ] GC(1) Pause Mark End 0.015ms
[2026-04-03T02:40:19.224+0600][4.081s][info][gc,phases   ] GC(1) Concurrent Mark Free 0.002ms
[2026-04-03T02:40:19.226+0600][4.084s][info][gc,phases   ] GC(1) Concurrent Process Non-Strong References 2.450ms
[2026-04-03T02:40:19.226+0600][4.084s][info][gc,phases   ] GC(1) Concurrent Reset Relocation Set 0.007ms
[2026-04-03T02:40:19.230+0600][4.088s][info][gc,phases   ] GC(1) Concurrent Select Relocation Set 3.696ms
[2026-04-03T02:40:19.230+0600][4.088s][info][gc,phases   ] GC(1) Pause Relocate Start 0.011ms
[2026-04-03T02:40:19.237+0600][4.095s][info][gc,phases   ] GC(1) Concurrent Relocate 6.780ms
[2026-04-03T02:40:19.237+0600][4.095s][info][gc,load     ] GC(1) Load: 5.45/5.44/5.64
[2026-04-03T02:40:19.237+0600][4.095s][info][gc,mmu      ] GC(1) MMU: 2ms/99.2%, 5ms/99.7%, 10ms/99.7%, 20ms/99.8%, 50ms/99.9%, 100ms/100.0%
[2026-04-03T02:40:19.237+0600][4.095s][info][gc,marking  ] GC(1) Mark: 2 stripe(s), 2 proactive flush(es), 1 terminate flush(es), 0 completion(s), 0 continuation(s) 
[2026-04-03T02:40:19.237+0600][4.095s][info][gc,marking  ] GC(1) Mark Stack Usage: 32M
[2026-04-03T02:40:19.237+0600][4.095s][info][gc,nmethod  ] GC(1) NMethods: 1737 registered, 166 unregistered
[2026-04-03T02:40:19.237+0600][4.095s][info][gc,metaspace] GC(1) Metaspace: 20M used, 21M committed, 1088M reserved
[2026-04-03T02:40:19.237+0600][4.095s][info][gc,ref      ] GC(1) Soft: 3500 encountered, 0 discovered, 0 enqueued
[2026-04-03T02:40:19.237+0600][4.095s][info][gc,ref      ] GC(1) Weak: 1292 encountered, 949 discovered, 286 enqueued
[2026-04-03T02:40:19.237+0600][4.095s][info][gc,ref      ] GC(1) Final: 0 encountered, 0 discovered, 0 enqueued
[2026-04-03T02:40:19.237+0600][4.095s][info][gc,ref      ] GC(1) Phantom: 563 encountered, 430 discovered, 0 enqueued
[2026-04-03T02:40:19.237+0600][4.095s][info][gc,reloc    ] GC(1) Small Pages: 153 / 306M, Empty: 0M, Relocated: 11M, In-Place: 0
[2026-04-03T02:40:19.237+0600][4.095s][info][gc,reloc    ] GC(1) Medium Pages: 1 / 32M, Empty: 0M, Relocated: 0M, In-Place: 0
[2026-04-03T02:40:19.237+0600][4.095s][info][gc,reloc    ] GC(1) Large Pages: 0 / 0M, Empty: 0M, Relocated: 0M, In-Place: 0
[2026-04-03T02:40:19.237+0600][4.095s][info][gc,reloc    ] GC(1) Forwarding Usage: 2M
[2026-04-03T02:40:19.237+0600][4.095s][info][gc,heap     ] GC(1) Min Capacity: 8M(0%)
[2026-04-03T02:40:19.237+0600][4.095s][info][gc,heap     ] GC(1) Max Capacity: 1750M(100%)
[2026-04-03T02:40:19.238+0600][4.095s][info][gc,heap     ] GC(1) Soft Max Capacity: 1750M(100%)
[2026-04-03T02:40:19.238+0600][4.095s][info][gc,heap     ] GC(1)                Mark Start          Mark End        Relocate Start      Relocate End           High               Low         
[2026-04-03T02:40:19.238+0600][4.095s][info][gc,heap     ] GC(1)  Capacity:      338M (19%)         340M (19%)         342M (20%)         348M (20%)         348M (20%)         338M (19%)    
[2026-04-03T02:40:19.238+0600][4.095s][info][gc,heap     ] GC(1)      Free:     1412M (81%)        1410M (81%)        1408M (80%)        1694M (97%)        1694M (97%)        1402M (80%)    
[2026-04-03T02:40:19.238+0600][4.095s][info][gc,heap     ] GC(1)      Used:      338M (19%)         340M (19%)         342M (20%)          56M (3%)          348M (20%)          56M (3%)     
[2026-04-03T02:40:19.238+0600][4.095s][info][gc,heap     ] GC(1)      Live:         -                19M (1%)           19M (1%)           19M (1%)             -                  -          
[2026-04-03T02:40:19.238+0600][4.095s][info][gc,heap     ] GC(1) Allocated:         -                 2M (0%)            4M (0%)            4M (0%)             -                  -          
[2026-04-03T02:40:19.238+0600][4.095s][info][gc,heap     ] GC(1)   Garbage:         -               318M (18%)         318M (18%)          31M (2%)             -                  -          
[2026-04-03T02:40:19.238+0600][4.095s][info][gc,heap     ] GC(1) Reclaimed:         -                  -                 0M (0%)          286M (16%)            -                  -          
[2026-04-03T02:40:19.238+0600][4.095s][info][gc          ] GC(1) Garbage Collection (Metadata GC Threshold) 338M(19%)->56M(3%)
[2026-04-03T02:40:21.988+0600][6.846s][info][gc,start    ] GC(2) Garbage Collection (Metadata GC Threshold)
[2026-04-03T02:40:21.988+0600][6.846s][info][gc,task     ] GC(2) Using 3 workers
[2026-04-03T02:40:21.989+0600][6.847s][info][gc,phases   ] GC(2) Pause Mark Start 0.009ms
[2026-04-03T02:40:22.007+0600][6.865s][info][gc,phases   ] GC(2) Concurrent Mark 18.386ms
[2026-04-03T02:40:22.008+0600][6.866s][info][gc,phases   ] GC(2) Pause Mark End 0.019ms
[2026-04-03T02:40:22.008+0600][6.866s][info][gc,phases   ] GC(2) Concurrent Mark Free 0.003ms
[2026-04-03T02:40:22.011+0600][6.869s][info][gc,phases   ] GC(2) Concurrent Process Non-Strong References 3.454ms
[2026-04-03T02:40:22.011+0600][6.869s][info][gc,phases   ] GC(2) Concurrent Reset Relocation Set 0.012ms
[2026-04-03T02:40:22.014+0600][6.872s][info][gc,phases   ] GC(2) Concurrent Select Relocation Set 3.003ms
[2026-04-03T02:40:22.015+0600][6.873s][info][gc,phases   ] GC(2) Pause Relocate Start 0.011ms
[2026-04-03T02:40:22.020+0600][6.878s][info][gc,phases   ] GC(2) Concurrent Relocate 4.989ms
[2026-04-03T02:40:22.020+0600][6.878s][info][gc,load     ] GC(2) Load: 5.33/5.42/5.63
[2026-04-03T02:40:22.020+0600][6.878s][info][gc,mmu      ] GC(2) MMU: 2ms/99.0%, 5ms/99.6%, 10ms/99.7%, 20ms/99.8%, 50ms/99.9%, 100ms/100.0%
[2026-04-03T02:40:22.020+0600][6.878s][info][gc,marking  ] GC(2) Mark: 2 stripe(s), 2 proactive flush(es), 1 terminate flush(es), 0 completion(s), 0 continuation(s) 
[2026-04-03T02:40:22.020+0600][6.878s][info][gc,marking  ] GC(2) Mark Stack Usage: 32M
[2026-04-03T02:40:22.020+0600][6.878s][info][gc,nmethod  ] GC(2) NMethods: 2529 registered, 184 unregistered
[2026-04-03T02:40:22.020+0600][6.878s][info][gc,metaspace] GC(2) Metaspace: 35M used, 35M committed, 1088M reserved
[2026-04-03T02:40:22.020+0600][6.878s][info][gc,ref      ] GC(2) Soft: 3856 encountered, 0 discovered, 0 enqueued
[2026-04-03T02:40:22.020+0600][6.878s][info][gc,ref      ] GC(2) Weak: 2535 encountered, 1074 discovered, 478 enqueued
[2026-04-03T02:40:22.020+0600][6.878s][info][gc,ref      ] GC(2) Final: 80 encountered, 1 discovered, 0 enqueued
[2026-04-03T02:40:22.020+0600][6.878s][info][gc,ref      ] GC(2) Phantom: 569 encountered, 364 discovered, 1 enqueued
[2026-04-03T02:40:22.020+0600][6.878s][info][gc,reloc    ] GC(2) Small Pages: 80 / 160M, Empty: 0M, Relocated: 10M, In-Place: 0
[2026-04-03T02:40:22.020+0600][6.878s][info][gc,reloc    ] GC(2) Medium Pages: 2 / 64M, Empty: 32M, Relocated: 0M, In-Place: 0
[2026-04-03T02:40:22.020+0600][6.878s][info][gc,reloc    ] GC(2) Large Pages: 0 / 0M, Empty: 0M, Relocated: 0M, In-Place: 0
[2026-04-03T02:40:22.020+0600][6.878s][info][gc,reloc    ] GC(2) Forwarding Usage: 2M
[2026-04-03T02:40:22.020+0600][6.878s][info][gc,heap     ] GC(2) Min Capacity: 8M(0%)
[2026-04-03T02:40:22.020+0600][6.878s][info][gc,heap     ] GC(2) Max Capacity: 1750M(100%)
[2026-04-03T02:40:22.020+0600][6.878s][info][gc,heap     ] GC(2) Soft Max Capacity: 1750M(100%)
[2026-04-03T02:40:22.020+0600][6.878s][info][gc,heap     ] GC(2)                Mark Start          Mark End        Relocate Start      Relocate End           High               Low         
[2026-04-03T02:40:22.020+0600][6.878s][info][gc,heap     ] GC(2)  Capacity:      380M (22%)         380M (22%)         380M (22%)         380M (22%)         380M (22%)         380M (22%)    
[2026-04-03T02:40:22.020+0600][6.878s][info][gc,heap     ] GC(2)      Free:     1526M (87%)        1524M (87%)        1554M (89%)        1688M (96%)        1688M (96%)        1522M (87%)    
[2026-04-03T02:40:22.020+0600][6.878s][info][gc,heap     ] GC(2)      Used:      224M (13%)         226M (13%)         196M (11%)          62M (4%)          228M (13%)          62M (4%)     
[2026-04-03T02:40:22.020+0600][6.878s][info][gc,heap     ] GC(2)      Live:         -                24M (1%)           24M (1%)           24M (1%)             -                  -          
[2026-04-03T02:40:22.020+0600][6.878s][info][gc,heap     ] GC(2) Allocated:         -                 2M (0%)            4M (0%)            5M (0%)             -                  -          
[2026-04-03T02:40:22.020+0600][6.878s][info][gc,heap     ] GC(2)   Garbage:         -               199M (11%)         167M (10%)          31M (2%)             -                  -          
[2026-04-03T02:40:22.020+0600][6.878s][info][gc,heap     ] GC(2) Reclaimed:         -                  -                32M (2%)          167M (10%)            -                  -          
[2026-04-03T02:40:22.020+0600][6.878s][info][gc          ] GC(2) Garbage Collection (Metadata GC Threshold) 224M(13%)->62M(4%)
[2026-04-03T02:40:25.251+0600][10.109s][info][gc,stats    ] === Garbage Collection Statistics =======================================================================================================================
[2026-04-03T02:40:25.251+0600][10.109s][info][gc,stats    ]                                                              Last 10s              Last 10m              Last 10h                Total
[2026-04-03T02:40:25.251+0600][10.109s][info][gc,stats    ]                                                              Avg / Max             Avg / Max             Avg / Max             Avg / Max
[2026-04-03T02:40:25.251+0600][10.109s][info][gc,stats    ]   Collector: Garbage Collection Cycle                     26.898 / 31.889       26.898 / 31.889       26.898 / 31.889       26.898 / 31.889      ms
[2026-04-03T02:40:25.251+0600][10.109s][info][gc,stats    ]  Contention: Mark Segment Reset Contention                     0 / 1                 0 / 1                 0 / 1                 0 / 1           ops/s
[2026-04-03T02:40:25.251+0600][10.109s][info][gc,stats    ]  Contention: Mark SeqNum Reset Contention                      0 / 0                 0 / 0                 0 / 0                 0 / 0           ops/s
[2026-04-03T02:40:25.251+0600][10.109s][info][gc,stats    ]    Critical: Allocation Stall                                  0 / 0                 0 / 0                 0 / 0                 0 / 0           ops/s
[2026-04-03T02:40:25.251+0600][10.109s][info][gc,stats    ]    Critical: Allocation Stall                              0.000 / 0.000         0.000 / 0.000         0.000 / 0.000         0.000 / 0.000       ms
[2026-04-03T02:40:25.251+0600][10.109s][info][gc,stats    ]    Critical: GC Locker Stall                                   0 / 0                 0 / 0                 0 / 0                 0 / 0           ops/s
[2026-04-03T02:40:25.251+0600][10.109s][info][gc,stats    ]    Critical: GC Locker Stall                               0.000 / 0.000         0.000 / 0.000         0.000 / 0.000         0.000 / 0.000       ms
[2026-04-03T02:40:25.251+0600][10.109s][info][gc,stats    ]    Critical: Relocation Stall                                  0 / 0                 0 / 0                 0 / 0                 0 / 0           ops/s
[2026-04-03T02:40:25.251+0600][10.109s][info][gc,stats    ]    Critical: Relocation Stall                              0.000 / 0.000         0.000 / 0.000         0.000 / 0.000         0.000 / 0.000       ms
[2026-04-03T02:40:25.251+0600][10.109s][info][gc,stats    ]      Memory: Allocation Rate                                  87 / 236              87 / 236              87 / 236              87 / 236         MB/s
[2026-04-03T02:40:25.251+0600][10.109s][info][gc,stats    ]      Memory: Defragment                                        0 / 0                 0 / 0                 0 / 0                 0 / 0           ops/s
[2026-04-03T02:40:25.251+0600][10.109s][info][gc,stats    ]      Memory: Out Of Memory                                     0 / 0                 0 / 0                 0 / 0                 0 / 0           ops/s
[2026-04-03T02:40:25.251+0600][10.109s][info][gc,stats    ]      Memory: Page Cache Flush                                  0 / 0                 0 / 0                 0 / 0                 0 / 0           MB/s
[2026-04-03T02:40:25.251+0600][10.109s][info][gc,stats    ]      Memory: Page Cache Hit L1                                25 / 70               25 / 70               25 / 70               25 / 70          ops/s
[2026-04-03T02:40:25.251+0600][10.109s][info][gc,stats    ]      Memory: Page Cache Hit L2                                 0 / 0                 0 / 0                 0 / 0                 0 / 0           ops/s
[2026-04-03T02:40:25.251+0600][10.109s][info][gc,stats    ]      Memory: Page Cache Hit L3                                10 / 104              10 / 104              10 / 104              10 / 104         ops/s
[2026-04-03T02:40:25.251+0600][10.109s][info][gc,stats    ]      Memory: Page Cache Miss                                   5 / 43                5 / 43                5 / 43                5 / 43          ops/s
[2026-04-03T02:40:25.251+0600][10.109s][info][gc,stats    ]      Memory: Uncommit                                          0 / 0                 0 / 0                 0 / 0                 0 / 0           MB/s
[2026-04-03T02:40:25.251+0600][10.109s][info][gc,stats    ]      Memory: Undo Object Allocation Failed                     0 / 0                 0 / 0                 0 / 0                 0 / 0           ops/s
[2026-04-03T02:40:25.251+0600][10.109s][info][gc,stats    ]      Memory: Undo Object Allocation Succeeded                  0 / 1                 0 / 1                 0 / 1                 0 / 1           ops/s
[2026-04-03T02:40:25.251+0600][10.109s][info][gc,stats    ]      Memory: Undo Page Allocation                              0 / 0                 0 / 0                 0 / 0                 0 / 0           ops/s
[2026-04-03T02:40:25.251+0600][10.109s][info][gc,stats    ]       Phase: Concurrent Mark                              12.956 / 18.386       12.956 / 18.386       12.956 / 18.386       12.956 / 18.386      ms
[2026-04-03T02:40:25.251+0600][10.109s][info][gc,stats    ]       Phase: Concurrent Mark Continue                      0.000 / 0.000         0.000 / 0.000         0.000 / 0.000         0.000 / 0.000       ms
[2026-04-03T02:40:25.251+0600][10.109s][info][gc,stats    ]       Phase: Concurrent Mark Free                          0.003 / 0.003         0.003 / 0.003         0.003 / 0.003         0.003 / 0.003       ms
[2026-04-03T02:40:25.251+0600][10.109s][info][gc,stats    ]       Phase: Concurrent Process Non-Strong References      2.510 / 3.454         2.510 / 3.454         2.510 / 3.454         2.510 / 3.454       ms
[2026-04-03T02:40:25.251+0600][10.109s][info][gc,stats    ]       Phase: Concurrent Relocate                           4.804 / 6.780         4.804 / 6.780         4.804 / 6.780         4.804 / 6.780       ms
[2026-04-03T02:40:25.251+0600][10.109s][info][gc,stats    ]       Phase: Concurrent Reset Relocation Set               0.007 / 0.012         0.007 / 0.012         0.007 / 0.012         0.007 / 0.012       ms
[2026-04-03T02:40:25.251+0600][10.109s][info][gc,stats    ]       Phase: Concurrent Select Relocation Set              4.751 / 7.554         4.751 / 7.554         4.751 / 7.554         4.751 / 7.554       ms
[2026-04-03T02:40:25.251+0600][10.109s][info][gc,stats    ]       Phase: Pause Mark End                                0.016 / 0.019         0.016 / 0.019         0.016 / 0.019         0.016 / 0.019       ms
[2026-04-03T02:40:25.251+0600][10.109s][info][gc,stats    ]       Phase: Pause Mark Start                              0.010 / 0.010         0.010 / 0.010         0.010 / 0.010         0.010 / 0.010       ms
[2026-04-03T02:40:25.251+0600][10.109s][info][gc,stats    ]       Phase: Pause Relocate Start                          0.010 / 0.011         0.010 / 0.011         0.010 / 0.011         0.010 / 0.011       ms
[2026-04-03T02:40:25.251+0600][10.109s][info][gc,stats    ]    Subphase: Concurrent Classes Purge                      0.260 / 0.294         0.260 / 0.294         0.260 / 0.294         0.260 / 0.294       ms
[2026-04-03T02:40:25.251+0600][10.109s][info][gc,stats    ]    Subphase: Concurrent Classes Unlink                     1.439 / 2.102         1.439 / 2.102         1.439 / 2.102         1.439 / 2.102       ms
[2026-04-03T02:40:25.251+0600][10.109s][info][gc,stats    ]    Subphase: Concurrent Mark                              11.246 / 17.340       11.246 / 17.340       11.246 / 17.340       11.246 / 17.340      ms
[2026-04-03T02:40:25.251+0600][10.109s][info][gc,stats    ]    Subphase: Concurrent Mark Try Flush                     0.137 / 0.203         0.137 / 0.203         0.137 / 0.203         0.137 / 0.203       ms
[2026-04-03T02:40:25.251+0600][10.109s][info][gc,stats    ]    Subphase: Concurrent Mark Try Terminate                 0.725 / 1.145         0.725 / 1.145         0.725 / 1.145         0.725 / 1.145       ms
[2026-04-03T02:40:25.251+0600][10.109s][info][gc,stats    ]    Subphase: Concurrent References Enqueue                 0.003 / 0.003         0.003 / 0.003         0.003 / 0.003         0.003 / 0.003       ms
[2026-04-03T02:40:25.251+0600][10.109s][info][gc,stats    ]    Subphase: Concurrent References Process                 0.197 / 0.250         0.197 / 0.250         0.197 / 0.250         0.197 / 0.250       ms
[2026-04-03T02:40:25.251+0600][10.109s][info][gc,stats    ]    Subphase: Concurrent Roots ClassLoaderDataGraph         0.156 / 0.349         0.156 / 0.349         0.156 / 0.349         0.156 / 0.349       ms
[2026-04-03T02:40:25.251+0600][10.109s][info][gc,stats    ]    Subphase: Concurrent Roots CodeCache                    0.000 / 0.000         0.000 / 0.000         0.000 / 0.000         0.000 / 0.000       ms
[2026-04-03T02:40:25.251+0600][10.109s][info][gc,stats    ]    Subphase: Concurrent Roots JavaThreads                  0.614 / 2.103         0.614 / 2.103         0.614 / 2.103         0.614 / 2.103       ms
[2026-04-03T02:40:25.251+0600][10.109s][info][gc,stats    ]    Subphase: Concurrent Roots OopStorageSet                0.066 / 0.121         0.066 / 0.121         0.066 / 0.121         0.066 / 0.121       ms
[2026-04-03T02:40:25.251+0600][10.109s][info][gc,stats    ]    Subphase: Concurrent Weak Roots OopStorageSet           0.305 / 0.597         0.305 / 0.597         0.305 / 0.597         0.305 / 0.597       ms
[2026-04-03T02:40:25.251+0600][10.109s][info][gc,stats    ]    Subphase: Pause Mark Try Complete                       0.000 / 0.000         0.000 / 0.000         0.000 / 0.000         0.000 / 0.000       ms
[2026-04-03T02:40:25.251+0600][10.109s][info][gc,stats    ]      System: Java Threads                                     17 / 29               17 / 29               17 / 29               17 / 29          threads
[2026-04-03T02:40:25.251+0600][10.109s][info][gc,stats    ] =========================================================================================================================================================
[2026-04-03T02:40:25.914+0600][10.772s][info][gc,start    ] GC(3) Garbage Collection (Metadata GC Threshold)
[2026-04-03T02:40:25.914+0600][10.772s][info][gc,task     ] GC(3) Using 3 workers
[2026-04-03T02:40:25.915+0600][10.773s][info][gc,phases   ] GC(3) Pause Mark Start 0.014ms
[2026-04-03T02:40:25.966+0600][10.824s][info][gc,phases   ] GC(3) Concurrent Mark 50.768ms
[2026-04-03T02:40:25.966+0600][10.824s][info][gc,phases   ] GC(3) Pause Mark End 0.036ms
[2026-04-03T02:40:25.966+0600][10.824s][info][gc,phases   ] GC(3) Concurrent Mark Free 0.004ms
[2026-04-03T02:40:25.976+0600][10.833s][info][gc,phases   ] GC(3) Concurrent Process Non-Strong References 9.115ms
[2026-04-03T02:40:25.976+0600][10.834s][info][gc,phases   ] GC(3) Concurrent Reset Relocation Set 0.012ms
[2026-04-03T02:40:25.979+0600][10.837s][info][gc,phases   ] GC(3) Concurrent Select Relocation Set 3.737ms
[2026-04-03T02:40:25.980+0600][10.838s][info][gc,phases   ] GC(3) Pause Relocate Start 0.018ms
[2026-04-03T02:40:26.014+0600][10.872s][info][gc,phases   ] GC(3) Concurrent Relocate 33.965ms
[2026-04-03T02:40:26.014+0600][10.872s][info][gc,load     ] GC(3) Load: 5.14/5.38/5.62
[2026-04-03T02:40:26.014+0600][10.872s][info][gc,mmu      ] GC(3) MMU: 2ms/98.2%, 5ms/99.3%, 10ms/99.6%, 20ms/99.7%, 50ms/99.9%, 100ms/99.9%
[2026-04-03T02:40:26.014+0600][10.872s][info][gc,marking  ] GC(3) Mark: 2 stripe(s), 3 proactive flush(es), 1 terminate flush(es), 0 completion(s), 0 continuation(s) 
[2026-04-03T02:40:26.014+0600][10.872s][info][gc,marking  ] GC(3) Mark Stack Usage: 32M
[2026-04-03T02:40:26.014+0600][10.872s][info][gc,nmethod  ] GC(3) NMethods: 3391 registered, 320 unregistered
[2026-04-03T02:40:26.014+0600][10.872s][info][gc,metaspace] GC(3) Metaspace: 59M used, 59M committed, 1088M reserved
[2026-04-03T02:40:26.014+0600][10.872s][info][gc,ref      ] GC(3) Soft: 4001 encountered, 0 discovered, 0 enqueued
[2026-04-03T02:40:26.014+0600][10.872s][info][gc,ref      ] GC(3) Weak: 4203 encountered, 2151 discovered, 636 enqueued
[2026-04-03T02:40:26.014+0600][10.872s][info][gc,ref      ] GC(3) Final: 82 encountered, 24 discovered, 0 enqueued
[2026-04-03T02:40:26.014+0600][10.872s][info][gc,ref      ] GC(3) Phantom: 587 encountered, 355 discovered, 0 enqueued
[2026-04-03T02:40:26.014+0600][10.872s][info][gc,reloc    ] GC(3) Small Pages: 116 / 232M, Empty: 0M, Relocated: 10M, In-Place: 0
[2026-04-03T02:40:26.014+0600][10.872s][info][gc,reloc    ] GC(3) Medium Pages: 2 / 64M, Empty: 0M, Relocated: 6M, In-Place: 0
[2026-04-03T02:40:26.014+0600][10.872s][info][gc,reloc    ] GC(3) Large Pages: 0 / 0M, Empty: 0M, Relocated: 0M, In-Place: 0
[2026-04-03T02:40:26.014+0600][10.872s][info][gc,reloc    ] GC(3) Forwarding Usage: 2M
[2026-04-03T02:40:26.014+0600][10.872s][info][gc,heap     ] GC(3) Min Capacity: 8M(0%)
[2026-04-03T02:40:26.014+0600][10.872s][info][gc,heap     ] GC(3) Max Capacity: 1750M(100%)
[2026-04-03T02:40:26.014+0600][10.872s][info][gc,heap     ] GC(3) Soft Max Capacity: 1750M(100%)
[2026-04-03T02:40:26.014+0600][10.872s][info][gc,heap     ] GC(3)                Mark Start          Mark End        Relocate Start      Relocate End           High               Low         
[2026-04-03T02:40:26.014+0600][10.872s][info][gc,heap     ] GC(3)  Capacity:      380M (22%)         380M (22%)         380M (22%)         444M (25%)         444M (25%)         380M (22%)    
[2026-04-03T02:40:26.014+0600][10.872s][info][gc,heap     ] GC(3)      Free:     1454M (83%)        1452M (83%)        1448M (83%)        1646M (94%)        1646M (94%)        1412M (81%)    
[2026-04-03T02:40:26.014+0600][10.872s][info][gc,heap     ] GC(3)      Used:      296M (17%)         298M (17%)         302M (17%)         104M (6%)          338M (19%)         104M (6%)     
[2026-04-03T02:40:26.014+0600][10.872s][info][gc,heap     ] GC(3)      Live:         -                33M (2%)           33M (2%)           33M (2%)             -                  -          
[2026-04-03T02:40:26.014+0600][10.872s][info][gc,heap     ] GC(3) Allocated:         -                 2M (0%)            6M (0%)           41M (2%)             -                  -          
[2026-04-03T02:40:26.014+0600][10.872s][info][gc,heap     ] GC(3)   Garbage:         -               262M (15%)         262M (15%)          28M (2%)             -                  -          
[2026-04-03T02:40:26.014+0600][10.872s][info][gc,heap     ] GC(3) Reclaimed:         -                  -                 0M (0%)          233M (13%)            -                  -          
[2026-04-03T02:40:26.014+0600][10.872s][info][gc          ] GC(3) Garbage Collection (Metadata GC Threshold) 296M(17%)->104M(6%)
[2026-04-03T02:40:27.751+0600][12.609s][info][gc,start    ] GC(4) Garbage Collection (Warmup)
[2026-04-03T02:40:27.751+0600][12.609s][info][gc,task     ] GC(4) Using 3 workers
[2026-04-03T02:40:27.751+0600][12.609s][info][gc,phases   ] GC(4) Pause Mark Start 0.008ms
[2026-04-03T02:40:27.796+0600][12.653s][info][gc,phases   ] GC(4) Concurrent Mark 44.592ms
[2026-04-03T02:40:27.796+0600][12.654s][info][gc,phases   ] GC(4) Pause Mark End 0.023ms
[2026-04-03T02:40:27.796+0600][12.654s][info][gc,phases   ] GC(4) Concurrent Mark Free 0.001ms
[2026-04-03T02:40:27.804+0600][12.662s][info][gc,phases   ] GC(4) Concurrent Process Non-Strong References 8.514ms
[2026-04-03T02:40:27.805+0600][12.662s][info][gc,phases   ] GC(4) Concurrent Reset Relocation Set 0.043ms
[2026-04-03T02:40:27.808+0600][12.666s][info][gc,phases   ] GC(4) Concurrent Select Relocation Set 3.886ms
[2026-04-03T02:40:27.810+0600][12.668s][info][gc,phases   ] GC(4) Pause Relocate Start 0.025ms
[2026-04-03T02:40:27.817+0600][12.675s][info][gc,phases   ] GC(4) Concurrent Relocate 7.053ms
[2026-04-03T02:40:27.817+0600][12.675s][info][gc,load     ] GC(4) Load: 5.14/5.38/5.62
[2026-04-03T02:40:27.817+0600][12.675s][info][gc,mmu      ] GC(4) MMU: 2ms/98.2%, 5ms/99.3%, 10ms/99.6%, 20ms/99.7%, 50ms/99.9%, 100ms/99.9%
[2026-04-03T02:40:27.817+0600][12.675s][info][gc,marking  ] GC(4) Mark: 2 stripe(s), 2 proactive flush(es), 1 terminate flush(es), 0 completion(s), 0 continuation(s) 
[2026-04-03T02:40:27.817+0600][12.675s][info][gc,marking  ] GC(4) Mark Stack Usage: 32M
[2026-04-03T02:40:27.817+0600][12.675s][info][gc,nmethod  ] GC(4) NMethods: 4493 registered, 561 unregistered
[2026-04-03T02:40:27.817+0600][12.675s][info][gc,metaspace] GC(4) Metaspace: 81M used, 81M committed, 1152M reserved
[2026-04-03T02:40:27.817+0600][12.675s][info][gc,ref      ] GC(4) Soft: 4487 encountered, 0 discovered, 0 enqueued
[2026-04-03T02:40:27.817+0600][12.675s][info][gc,ref      ] GC(4) Weak: 11769 encountered, 5350 discovered, 2824 enqueued
[2026-04-03T02:40:27.817+0600][12.675s][info][gc,ref      ] GC(4) Final: 84 encountered, 0 discovered, 0 enqueued
[2026-04-03T02:40:27.817+0600][12.675s][info][gc,ref      ] GC(4) Phantom: 587 encountered, 481 discovered, 0 enqueued
[2026-04-03T02:40:27.817+0600][12.675s][info][gc,reloc    ] GC(4) Small Pages: 149 / 298M, Empty: 0M, Relocated: 10M, In-Place: 0
[2026-04-03T02:40:27.817+0600][12.675s][info][gc,reloc    ] GC(4) Medium Pages: 2 / 64M, Empty: 32M, Relocated: 0M, In-Place: 0
[2026-04-03T02:40:27.817+0600][12.675s][info][gc,reloc    ] GC(4) Large Pages: 0 / 0M, Empty: 0M, Relocated: 0M, In-Place: 0
[2026-04-03T02:40:27.817+0600][12.675s][info][gc,reloc    ] GC(4) Forwarding Usage: 3M
[2026-04-03T02:40:27.817+0600][12.675s][info][gc,heap     ] GC(4) Min Capacity: 8M(0%)
[2026-04-03T02:40:27.817+0600][12.675s][info][gc,heap     ] GC(4) Max Capacity: 1750M(100%)
[2026-04-03T02:40:27.817+0600][12.675s][info][gc,heap     ] GC(4) Soft Max Capacity: 1750M(100%)
[2026-04-03T02:40:27.817+0600][12.675s][info][gc,heap     ] GC(4)                Mark Start          Mark End        Relocate Start      Relocate End           High               Low         
[2026-04-03T02:40:27.817+0600][12.675s][info][gc,heap     ] GC(4)  Capacity:      444M (25%)         444M (25%)         444M (25%)         444M (25%)         444M (25%)         444M (25%)    
[2026-04-03T02:40:27.817+0600][12.675s][info][gc,heap     ] GC(4)      Free:     1388M (79%)        1382M (79%)        1414M (81%)        1666M (95%)        1666M (95%)        1382M (79%)    
[2026-04-03T02:40:27.817+0600][12.675s][info][gc,heap     ] GC(4)      Used:      362M (21%)         368M (21%)         336M (19%)          84M (5%)          368M (21%)          84M (5%)     
[2026-04-03T02:40:27.817+0600][12.675s][info][gc,heap     ] GC(4)      Live:         -                42M (2%)           42M (2%)           42M (2%)             -                  -          
[2026-04-03T02:40:27.817+0600][12.675s][info][gc,heap     ] GC(4) Allocated:         -                 6M (0%)            6M (0%)           11M (1%)             -                  -          
[2026-04-03T02:40:27.817+0600][12.675s][info][gc,heap     ] GC(4)   Garbage:         -               319M (18%)         287M (16%)          29M (2%)             -                  -          
[2026-04-03T02:40:27.817+0600][12.675s][info][gc,heap     ] GC(4) Reclaimed:         -                  -                32M (2%)          289M (17%)            -                  -          
[2026-04-03T02:40:27.817+0600][12.675s][info][gc          ] GC(4) Garbage Collection (Warmup) 362M(21%)->84M(5%)
[2026-04-03T02:40:32.050+0600][16.908s][info][gc,start    ] GC(5) Garbage Collection (Warmup)
[2026-04-03T02:40:32.051+0600][16.908s][info][gc,task     ] GC(5) Using 3 workers
[2026-04-03T02:40:32.051+0600][16.909s][info][gc,phases   ] GC(5) Pause Mark Start 0.019ms
[2026-04-03T02:40:32.128+0600][16.986s][info][gc,phases   ] GC(5) Concurrent Mark 76.952ms
[2026-04-03T02:40:32.133+0600][16.991s][info][gc,phases   ] GC(5) Pause Mark End 0.034ms
[2026-04-03T02:40:32.133+0600][16.991s][info][gc,phases   ] GC(5) Concurrent Mark Free 0.004ms
[2026-04-03T02:40:32.172+0600][17.030s][info][gc,phases   ] GC(5) Concurrent Process Non-Strong References 38.697ms
[2026-04-03T02:40:32.172+0600][17.030s][info][gc,phases   ] GC(5) Concurrent Reset Relocation Set 0.021ms
[2026-04-03T02:40:32.178+0600][17.036s][info][gc,phases   ] GC(5) Concurrent Select Relocation Set 5.741ms
[2026-04-03T02:40:32.178+0600][17.036s][info][gc,phases   ] GC(5) Pause Relocate Start 0.023ms
[2026-04-03T02:40:32.201+0600][17.059s][info][gc,phases   ] GC(5) Concurrent Relocate 22.682ms
[2026-04-03T02:40:32.201+0600][17.059s][info][gc,load     ] GC(5) Load: 4.81/5.30/5.59
[2026-04-03T02:40:32.201+0600][17.059s][info][gc,mmu      ] GC(5) MMU: 2ms/98.2%, 5ms/99.3%, 10ms/99.6%, 20ms/99.7%, 50ms/99.9%, 100ms/99.9%
[2026-04-03T02:40:32.201+0600][17.059s][info][gc,marking  ] GC(5) Mark: 2 stripe(s), 2 proactive flush(es), 1 terminate flush(es), 0 completion(s), 0 continuation(s) 
[2026-04-03T02:40:32.201+0600][17.059s][info][gc,marking  ] GC(5) Mark Stack Usage: 32M
[2026-04-03T02:40:32.201+0600][17.059s][info][gc,nmethod  ] GC(5) NMethods: 7164 registered, 716 unregistered
[2026-04-03T02:40:32.201+0600][17.059s][info][gc,metaspace] GC(5) Metaspace: 113M used, 115M committed, 1152M reserved
[2026-04-03T02:40:32.201+0600][17.059s][info][gc,ref      ] GC(5) Soft: 5562 encountered, 0 discovered, 0 enqueued
[2026-04-03T02:40:32.201+0600][17.059s][info][gc,ref      ] GC(5) Weak: 15791 encountered, 6481 discovered, 3260 enqueued
[2026-04-03T02:40:32.201+0600][17.059s][info][gc,ref      ] GC(5) Final: 84 encountered, 0 discovered, 0 enqueued
[2026-04-03T02:40:32.201+0600][17.059s][info][gc,ref      ] GC(5) Phantom: 610 encountered, 502 discovered, 1 enqueued
[2026-04-03T02:40:32.201+0600][17.059s][info][gc,reloc    ] GC(5) Small Pages: 187 / 374M, Empty: 0M, Relocated: 17M, In-Place: 0
[2026-04-03T02:40:32.202+0600][17.059s][info][gc,reloc    ] GC(5) Medium Pages: 3 / 96M, Empty: 32M, Relocated: 6M, In-Place: 0
[2026-04-03T02:40:32.202+0600][17.059s][info][gc,reloc    ] GC(5) Large Pages: 11 / 66M, Empty: 66M, Relocated: 0M, In-Place: 0
[2026-04-03T02:40:32.202+0600][17.059s][info][gc,reloc    ] GC(5) Forwarding Usage: 6M
[2026-04-03T02:40:32.202+0600][17.059s][info][gc,heap     ] GC(5) Min Capacity: 8M(0%)
[2026-04-03T02:40:32.202+0600][17.059s][info][gc,heap     ] GC(5) Max Capacity: 1750M(100%)
[2026-04-03T02:40:32.202+0600][17.059s][info][gc,heap     ] GC(5) Soft Max Capacity: 1750M(100%)
[2026-04-03T02:40:32.202+0600][17.059s][info][gc,heap     ] GC(5)                Mark Start          Mark End        Relocate Start      Relocate End           High               Low         
[2026-04-03T02:40:32.202+0600][17.060s][info][gc,heap     ] GC(5)  Capacity:      536M (31%)         582M (33%)         586M (33%)         586M (33%)         586M (33%)         536M (31%)    
[2026-04-03T02:40:32.202+0600][17.060s][info][gc,heap     ] GC(5)      Free:     1214M (69%)        1168M (67%)        1262M (72%)        1610M (92%)        1610M (92%)        1164M (67%)    
[2026-04-03T02:40:32.202+0600][17.060s][info][gc,heap     ] GC(5)      Used:      536M (31%)         582M (33%)         488M (28%)         140M (8%)          586M (33%)         140M (8%)     
[2026-04-03T02:40:32.202+0600][17.060s][info][gc,heap     ] GC(5)      Live:         -                54M (3%)           54M (3%)           54M (3%)             -                  -          
[2026-04-03T02:40:32.202+0600][17.060s][info][gc,heap     ] GC(5) Allocated:         -                46M (3%)           50M (3%)           55M (3%)             -                  -          
[2026-04-03T02:40:32.202+0600][17.060s][info][gc,heap     ] GC(5)   Garbage:         -               481M (28%)         383M (22%)          30M (2%)             -                  -          
[2026-04-03T02:40:32.202+0600][17.060s][info][gc,heap     ] GC(5) Reclaimed:         -                  -                98M (6%)          451M (26%)            -                  -          
[2026-04-03T02:40:32.202+0600][17.060s][info][gc          ] GC(5) Garbage Collection (Warmup) 536M(31%)->140M(8%)
[2026-04-03T02:40:35.221+0600][20.079s][info][gc,start    ] GC(6) Garbage Collection (System.gc())
[2026-04-03T02:40:35.221+0600][20.079s][info][gc,task     ] GC(6) Using 3 workers
[2026-04-03T02:40:35.221+0600][20.079s][info][gc,phases   ] GC(6) Pause Mark Start 0.009ms
[2026-04-03T02:40:35.251+0600][20.109s][info][gc,stats    ] === Garbage Collection Statistics =======================================================================================================================
[2026-04-03T02:40:35.251+0600][20.109s][info][gc,stats    ]                                                              Last 10s              Last 10m              Last 10h                Total
[2026-04-03T02:40:35.251+0600][20.109s][info][gc,stats    ]                                                              Avg / Max             Avg / Max             Avg / Max             Avg / Max
[2026-04-03T02:40:35.251+0600][20.109s][info][gc,stats    ]   Collector: Garbage Collection Cycle                    105.680 / 150.837      66.289 / 150.837      66.289 / 150.837      66.289 / 150.837     ms
[2026-04-03T02:40:35.251+0600][20.109s][info][gc,stats    ]  Contention: Mark Segment Reset Contention                     0 / 2                 0 / 2                 0 / 2                 0 / 2           ops/s
[2026-04-03T02:40:35.251+0600][20.109s][info][gc,stats    ]  Contention: Mark SeqNum Reset Contention                      0 / 0                 0 / 0                 0 / 0                 0 / 0           ops/s
[2026-04-03T02:40:35.251+0600][20.109s][info][gc,stats    ]    Critical: Allocation Stall                                  0 / 0                 0 / 0                 0 / 0                 0 / 0           ops/s
[2026-04-03T02:40:35.251+0600][20.109s][info][gc,stats    ]    Critical: Allocation Stall                              0.000 / 0.000         0.000 / 0.000         0.000 / 0.000         0.000 / 0.000       ms
[2026-04-03T02:40:35.251+0600][20.109s][info][gc,stats    ]    Critical: GC Locker Stall                                   0 / 0                 0 / 0                 0 / 0                 0 / 0           ops/s
[2026-04-03T02:40:35.251+0600][20.109s][info][gc,stats    ]    Critical: GC Locker Stall                               0.000 / 0.000         0.000 / 0.000         0.000 / 0.000         0.000 / 0.000       ms
[2026-04-03T02:40:35.251+0600][20.109s][info][gc,stats    ]    Critical: Relocation Stall                                  0 / 0                 0 / 0                 0 / 0                 0 / 0           ops/s
[2026-04-03T02:40:35.251+0600][20.109s][info][gc,stats    ]    Critical: Relocation Stall                              0.000 / 0.000         0.000 / 0.000         0.000 / 0.000         0.000 / 0.000       ms
[2026-04-03T02:40:35.251+0600][20.109s][info][gc,stats    ]      Memory: Allocation Rate                                 180 / 400             134 / 400             134 / 400             134 / 400         MB/s
[2026-04-03T02:40:35.251+0600][20.109s][info][gc,stats    ]      Memory: Defragment                                        1 / 11                0 / 11                0 / 11                0 / 11          ops/s
[2026-04-03T02:40:35.251+0600][20.109s][info][gc,stats    ]      Memory: Out Of Memory                                     0 / 0                 0 / 0                 0 / 0                 0 / 0           ops/s
[2026-04-03T02:40:35.251+0600][20.109s][info][gc,stats    ]      Memory: Page Cache Flush                                  2 / 22                1 / 22                1 / 22                1 / 22          MB/s
[2026-04-03T02:40:35.251+0600][20.109s][info][gc,stats    ]      Memory: Page Cache Hit L1                                50 / 144              37 / 144              37 / 144              37 / 144         ops/s
[2026-04-03T02:40:35.251+0600][20.109s][info][gc,stats    ]      Memory: Page Cache Hit L2                                 0 / 0                 0 / 0                 0 / 0                 0 / 0           ops/s
[2026-04-03T02:40:35.251+0600][20.109s][info][gc,stats    ]      Memory: Page Cache Hit L3                                 2 / 10                6 / 104               6 / 104               6 / 104         ops/s
[2026-04-03T02:40:35.251+0600][20.109s][info][gc,stats    ]      Memory: Page Cache Miss                                  24 / 173              15 / 173              15 / 173              15 / 173         ops/s
[2026-04-03T02:40:35.251+0600][20.109s][info][gc,stats    ]      Memory: Uncommit                                          0 / 0                 0 / 0                 0 / 0                 0 / 0           MB/s
[2026-04-03T02:40:35.251+0600][20.109s][info][gc,stats    ]      Memory: Undo Object Allocation Failed                     0 / 0                 0 / 0                 0 / 0                 0 / 0           ops/s
[2026-04-03T02:40:35.251+0600][20.109s][info][gc,stats    ]      Memory: Undo Object Allocation Succeeded                  0 / 1                 0 / 1                 0 / 1                 0 / 1           ops/s
[2026-04-03T02:40:35.251+0600][20.109s][info][gc,stats    ]      Memory: Undo Page Allocation                              0 / 0                 0 / 0                 0 / 0                 0 / 0           ops/s
[2026-04-03T02:40:35.251+0600][20.109s][info][gc,stats    ]       Phase: Concurrent Mark                              57.437 / 76.952       35.197 / 76.952       35.197 / 76.952       35.197 / 76.952      ms
[2026-04-03T02:40:35.251+0600][20.109s][info][gc,stats    ]       Phase: Concurrent Mark Continue                      0.000 / 0.000         0.000 / 0.000         0.000 / 0.000         0.000 / 0.000       ms
[2026-04-03T02:40:35.251+0600][20.109s][info][gc,stats    ]       Phase: Concurrent Mark Free                          0.003 / 0.004         0.003 / 0.004         0.003 / 0.004         0.003 / 0.004       ms
[2026-04-03T02:40:35.251+0600][20.109s][info][gc,stats    ]       Phase: Concurrent Process Non-Strong References     18.775 / 38.697       10.643 / 38.697       10.643 / 38.697       10.643 / 38.697      ms
[2026-04-03T02:40:35.251+0600][20.109s][info][gc,stats    ]       Phase: Concurrent Relocate                          21.233 / 33.965       13.019 / 33.965       13.019 / 33.965       13.019 / 33.965      ms
[2026-04-03T02:40:35.251+0600][20.109s][info][gc,stats    ]       Phase: Concurrent Reset Relocation Set               0.026 / 0.043         0.016 / 0.043         0.016 / 0.043         0.016 / 0.043       ms
[2026-04-03T02:40:35.251+0600][20.109s][info][gc,stats    ]       Phase: Concurrent Select Relocation Set              4.455 / 5.741         4.603 / 7.554         4.603 / 7.554         4.603 / 7.554       ms
[2026-04-03T02:40:35.251+0600][20.109s][info][gc,stats    ]       Phase: Pause Mark End                                0.031 / 0.036         0.024 / 0.036         0.024 / 0.036         0.024 / 0.036       ms
[2026-04-03T02:40:35.251+0600][20.109s][info][gc,stats    ]       Phase: Pause Mark Start                              0.012 / 0.019         0.011 / 0.019         0.011 / 0.019         0.011 / 0.019       ms
[2026-04-03T02:40:35.251+0600][20.109s][info][gc,stats    ]       Phase: Pause Relocate Start                          0.022 / 0.025         0.016 / 0.025         0.016 / 0.025         0.016 / 0.025       ms
[2026-04-03T02:40:35.251+0600][20.109s][info][gc,stats    ]    Subphase: Concurrent Classes Purge                      1.418 / 3.505         0.839 / 3.505         0.839 / 3.505         0.839 / 3.505       ms
[2026-04-03T02:40:35.251+0600][20.109s][info][gc,stats    ]    Subphase: Concurrent Classes Unlink                    14.152 / 31.590        7.796 / 31.590        7.796 / 31.590        7.796 / 31.590      ms
[2026-04-03T02:40:35.251+0600][20.109s][info][gc,stats    ]    Subphase: Concurrent Mark                              54.834 / 74.707       33.040 / 74.707       33.040 / 74.707       33.040 / 74.707      ms
[2026-04-03T02:40:35.251+0600][20.109s][info][gc,stats    ]    Subphase: Concurrent Mark Try Flush                     0.779 / 4.889         0.475 / 4.889         0.475 / 4.889         0.475 / 4.889       ms
[2026-04-03T02:40:35.251+0600][20.109s][info][gc,stats    ]    Subphase: Concurrent Mark Try Terminate                 0.854 / 1.210         0.802 / 1.210         0.802 / 1.210         0.802 / 1.210       ms
[2026-04-03T02:40:35.251+0600][20.109s][info][gc,stats    ]    Subphase: Concurrent References Enqueue                 0.012 / 0.018         0.008 / 0.018         0.008 / 0.018         0.008 / 0.018       ms
[2026-04-03T02:40:35.251+0600][20.109s][info][gc,stats    ]    Subphase: Concurrent References Process                 0.937 / 1.153         0.567 / 1.153         0.567 / 1.153         0.567 / 1.153       ms
[2026-04-03T02:40:35.251+0600][20.109s][info][gc,stats    ]    Subphase: Concurrent Roots ClassLoaderDataGraph         0.332 / 0.932         0.267 / 0.932         0.267 / 0.932         0.267 / 0.932       ms
[2026-04-03T02:40:35.251+0600][20.109s][info][gc,stats    ]    Subphase: Concurrent Roots CodeCache                    0.000 / 0.000         0.000 / 0.000         0.000 / 0.000         0.000 / 0.000       ms
[2026-04-03T02:40:35.251+0600][20.109s][info][gc,stats    ]    Subphase: Concurrent Roots JavaThreads                  1.028 / 2.959         0.863 / 2.959         0.863 / 2.959         0.863 / 2.959       ms
[2026-04-03T02:40:35.251+0600][20.109s][info][gc,stats    ]    Subphase: Concurrent Roots OopStorageSet                0.071 / 0.114         0.069 / 0.121         0.069 / 0.121         0.069 / 0.121       ms
[2026-04-03T02:40:35.251+0600][20.109s][info][gc,stats    ]    Subphase: Concurrent Weak Roots OopStorageSet           1.628 / 1.857         0.967 / 1.857         0.967 / 1.857         0.967 / 1.857       ms
[2026-04-03T02:40:35.251+0600][20.109s][info][gc,stats    ]    Subphase: Pause Mark Try Complete                       0.000 / 0.000         0.000 / 0.000         0.000 / 0.000         0.000 / 0.000       ms
[2026-04-03T02:40:35.251+0600][20.109s][info][gc,stats    ]      System: Java Threads                                     65 / 88               42 / 88               42 / 88               42 / 88          threads
[2026-04-03T02:40:35.251+0600][20.109s][info][gc,stats    ] =========================================================================================================================================================
[2026-04-03T02:40:35.314+0600][20.172s][info][gc,phases   ] GC(6) Concurrent Mark 92.820ms
[2026-04-03T02:40:35.314+0600][20.172s][info][gc,phases   ] GC(6) Pause Mark End 0.025ms
[2026-04-03T02:40:35.314+0600][20.172s][info][gc,phases   ] GC(6) Concurrent Mark Free 0.001ms
[2026-04-03T02:40:35.340+0600][20.198s][info][gc,phases   ] GC(6) Concurrent Process Non-Strong References 25.618ms
[2026-04-03T02:40:35.340+0600][20.198s][info][gc,phases   ] GC(6) Concurrent Reset Relocation Set 0.013ms
[2026-04-03T02:40:35.347+0600][20.205s][info][gc,phases   ] GC(6) Concurrent Select Relocation Set 6.846ms
[2026-04-03T02:40:35.347+0600][20.205s][info][gc,phases   ] GC(6) Pause Relocate Start 0.017ms
[2026-04-03T02:40:35.380+0600][20.238s][info][gc,phases   ] GC(6) Concurrent Relocate 32.839ms
[2026-04-03T02:40:35.381+0600][20.238s][info][gc,load     ] GC(6) Load: 4.59/5.25/5.57
[2026-04-03T02:40:35.381+0600][20.238s][info][gc,mmu      ] GC(6) MMU: 2ms/98.2%, 5ms/99.3%, 10ms/99.6%, 20ms/99.7%, 50ms/99.9%, 100ms/99.9%
[2026-04-03T02:40:35.381+0600][20.238s][info][gc,marking  ] GC(6) Mark: 2 stripe(s), 3 proactive flush(es), 1 terminate flush(es), 0 completion(s), 0 continuation(s) 
[2026-04-03T02:40:35.381+0600][20.238s][info][gc,marking  ] GC(6) Mark Stack Usage: 32M
[2026-04-03T02:40:35.381+0600][20.239s][info][gc,nmethod  ] GC(6) NMethods: 8890 registered, 1411 unregistered
[2026-04-03T02:40:35.381+0600][20.239s][info][gc,metaspace] GC(6) Metaspace: 118M used, 119M committed, 1152M reserved
[2026-04-03T02:40:35.381+0600][20.239s][info][gc,ref      ] GC(6) Soft: 5903 encountered, 0 discovered, 0 enqueued
[2026-04-03T02:40:35.381+0600][20.239s][info][gc,ref      ] GC(6) Weak: 14709 encountered, 6044 discovered, 1439 enqueued
[2026-04-03T02:40:35.381+0600][20.239s][info][gc,ref      ] GC(6) Final: 84 encountered, 1 discovered, 0 enqueued
[2026-04-03T02:40:35.381+0600][20.239s][info][gc,ref      ] GC(6) Phantom: 610 encountered, 588 discovered, 2 enqueued
[2026-04-03T02:40:35.381+0600][20.239s][info][gc,reloc    ] GC(6) Small Pages: 411 / 822M, Empty: 262M, Relocated: 22M, In-Place: 0
[2026-04-03T02:40:35.381+0600][20.239s][info][gc,reloc    ] GC(6) Medium Pages: 4 / 128M, Empty: 64M, Relocated: 8M, In-Place: 0
[2026-04-03T02:40:35.381+0600][20.239s][info][gc,reloc    ] GC(6) Large Pages: 19 / 114M, Empty: 66M, Relocated: 0M, In-Place: 0
[2026-04-03T02:40:35.381+0600][20.239s][info][gc,reloc    ] GC(6) Forwarding Usage: 11M
[2026-04-03T02:40:35.381+0600][20.239s][info][gc,heap     ] GC(6) Min Capacity: 8M(0%)
[2026-04-03T02:40:35.381+0600][20.239s][info][gc,heap     ] GC(6) Max Capacity: 1750M(100%)
[2026-04-03T02:40:35.381+0600][20.239s][info][gc,heap     ] GC(6) Soft Max Capacity: 1750M(100%)
[2026-04-03T02:40:35.381+0600][20.239s][info][gc,heap     ] GC(6)                Mark Start          Mark End        Relocate Start      Relocate End           High               Low         
[2026-04-03T02:40:35.381+0600][20.239s][info][gc,heap     ] GC(6)  Capacity:     1064M (61%)        1066M (61%)        1066M (61%)        1066M (61%)        1066M (61%)        1064M (61%)    
[2026-04-03T02:40:35.381+0600][20.239s][info][gc,heap     ] GC(6)      Free:      686M (39%)         684M (39%)        1064M (61%)        1558M (89%)        1558M (89%)         684M (39%)    
[2026-04-03T02:40:35.381+0600][20.239s][info][gc,heap     ] GC(6)      Used:     1064M (61%)        1066M (61%)         686M (39%)         192M (11%)        1066M (61%)         192M (11%)    
[2026-04-03T02:40:35.381+0600][20.239s][info][gc,heap     ] GC(6)      Live:         -               137M (8%)          137M (8%)          137M (8%)             -                  -          
[2026-04-03T02:40:35.381+0600][20.239s][info][gc,heap     ] GC(6) Allocated:         -                 2M (0%)           14M (1%)           21M (1%)             -                  -          
[2026-04-03T02:40:35.381+0600][20.239s][info][gc,heap     ] GC(6)   Garbage:         -               926M (53%)         534M (31%)          33M (2%)             -                  -          
[2026-04-03T02:40:35.381+0600][20.239s][info][gc,heap     ] GC(6) Reclaimed:         -                  -               392M (22%)         893M (51%)            -                  -          
[2026-04-03T02:40:35.381+0600][20.239s][info][gc          ] GC(6) Garbage Collection (System.gc()) 1064M(61%)->192M(11%)
[2026-04-03T02:40:36.750+0600][21.608s][info][gc,start    ] GC(7) Garbage Collection (Allocation Rate)
[2026-04-03T02:40:36.750+0600][21.608s][info][gc,task     ] GC(7) Using 3 workers
[2026-04-03T02:40:36.751+0600][21.609s][info][gc,phases   ] GC(7) Pause Mark Start 0.015ms
[2026-04-03T02:40:36.894+0600][21.752s][info][gc,phases   ] GC(7) Concurrent Mark 142.838ms
[2026-04-03T02:40:36.894+0600][21.752s][info][gc,phases   ] GC(7) Pause Mark End 0.122ms
[2026-04-03T02:40:36.896+0600][21.753s][info][gc,phases   ] GC(7) Concurrent Mark Free 0.002ms
[2026-04-03T02:40:36.940+0600][21.798s][info][gc,phases   ] GC(7) Concurrent Process Non-Strong References 44.339ms
[2026-04-03T02:40:36.940+0600][21.798s][info][gc,phases   ] GC(7) Concurrent Reset Relocation Set 0.022ms
[2026-04-03T02:40:36.944+0600][21.802s][info][gc,phases   ] GC(7) Concurrent Select Relocation Set 4.240ms
[2026-04-03T02:40:36.944+0600][21.802s][info][gc,phases   ] GC(7) Pause Relocate Start 0.019ms
[2026-04-03T02:40:36.952+0600][21.810s][info][gc,phases   ] GC(7) Concurrent Relocate 7.621ms
[2026-04-03T02:40:36.952+0600][21.810s][info][gc,load     ] GC(7) Load: 4.59/5.25/5.57
[2026-04-03T02:40:36.952+0600][21.810s][info][gc,mmu      ] GC(7) MMU: 2ms/93.9%, 5ms/97.6%, 10ms/98.8%, 20ms/99.4%, 50ms/99.8%, 100ms/99.9%
[2026-04-03T02:40:36.952+0600][21.810s][info][gc,marking  ] GC(7) Mark: 2 stripe(s), 3 proactive flush(es), 1 terminate flush(es), 1 completion(s), 0 continuation(s) 
[2026-04-03T02:40:36.952+0600][21.810s][info][gc,marking  ] GC(7) Mark Stack Usage: 32M
[2026-04-03T02:40:36.952+0600][21.810s][info][gc,nmethod  ] GC(7) NMethods: 9709 registered, 1642 unregistered
[2026-04-03T02:40:36.952+0600][21.810s][info][gc,metaspace] GC(7) Metaspace: 120M used, 121M committed, 1152M reserved
[2026-04-03T02:40:36.952+0600][21.810s][info][gc,ref      ] GC(7) Soft: 6040 encountered, 0 discovered, 0 enqueued
[2026-04-03T02:40:36.952+0600][21.810s][info][gc,ref      ] GC(7) Weak: 14450 encountered, 6563 discovered, 550 enqueued
[2026-04-03T02:40:36.952+0600][21.810s][info][gc,ref      ] GC(7) Final: 84 encountered, 8 discovered, 0 enqueued
[2026-04-03T02:40:36.953+0600][21.810s][info][gc,ref      ] GC(7) Phantom: 612 encountered, 510 discovered, 0 enqueued
[2026-04-03T02:40:36.953+0600][21.810s][info][gc,reloc    ] GC(7) Small Pages: 137 / 274M, Empty: 28M, Relocated: 6M, In-Place: 0
[2026-04-03T02:40:36.953+0600][21.810s][info][gc,reloc    ] GC(7) Medium Pages: 2 / 64M, Empty: 32M, Relocated: 0M, In-Place: 0
[2026-04-03T02:40:36.953+0600][21.810s][info][gc,reloc    ] GC(7) Large Pages: 142 / 852M, Empty: 852M, Relocated: 0M, In-Place: 0
[2026-04-03T02:40:36.953+0600][21.810s][info][gc,reloc    ] GC(7) Forwarding Usage: 2M
[2026-04-03T02:40:36.953+0600][21.810s][info][gc,heap     ] GC(7) Min Capacity: 8M(0%)
[2026-04-03T02:40:36.953+0600][21.810s][info][gc,heap     ] GC(7) Max Capacity: 1750M(100%)
[2026-04-03T02:40:36.953+0600][21.810s][info][gc,heap     ] GC(7) Soft Max Capacity: 1750M(100%)
[2026-04-03T02:40:36.953+0600][21.811s][info][gc,heap     ] GC(7)                Mark Start          Mark End        Relocate Start      Relocate End           High               Low         
[2026-04-03T02:40:36.953+0600][21.811s][info][gc,heap     ] GC(7)  Capacity:     1744M (100%)       1750M (100%)       1750M (100%)       1750M (100%)       1750M (100%)       1744M (100%)   
[2026-04-03T02:40:36.953+0600][21.811s][info][gc,heap     ] GC(7)      Free:      560M (32%)         484M (28%)        1394M (80%)        1540M (88%)        1540M (88%)         482M (28%)    
[2026-04-03T02:40:36.953+0600][21.811s][info][gc,heap     ] GC(7)      Used:     1190M (68%)        1266M (72%)         356M (20%)         210M (12%)        1268M (72%)         210M (12%)    
[2026-04-03T02:40:36.953+0600][21.811s][info][gc,heap     ] GC(7)      Live:         -                91M (5%)           91M (5%)           91M (5%)             -                  -          
[2026-04-03T02:40:36.953+0600][21.811s][info][gc,heap     ] GC(7) Allocated:         -                76M (4%)           78M (4%)           85M (5%)             -                  -          
[2026-04-03T02:40:36.953+0600][21.811s][info][gc,heap     ] GC(7)   Garbage:         -              1098M (63%)         186M (11%)          32M (2%)             -                  -          
[2026-04-03T02:40:36.953+0600][21.811s][info][gc,heap     ] GC(7) Reclaimed:         -                  -               912M (52%)        1065M (61%)            -                  -          
[2026-04-03T02:40:36.953+0600][21.811s][info][gc          ] GC(7) Garbage Collection (Allocation Rate) 1190M(68%)->210M(12%)
[2026-04-03T02:40:39.451+0600][24.309s][info][gc,start    ] GC(8) Garbage Collection (Allocation Rate)
[2026-04-03T02:40:39.451+0600][24.309s][info][gc,task     ] GC(8) Using 3 workers
[2026-04-03T02:40:39.451+0600][24.309s][info][gc,phases   ] GC(8) Pause Mark Start 0.013ms
[2026-04-03T02:40:39.580+0600][24.438s][info][gc,phases   ] GC(8) Concurrent Mark 128.150ms
[2026-04-03T02:40:39.580+0600][24.438s][info][gc,phases   ] GC(8) Pause Mark End 0.047ms
[2026-04-03T02:40:39.581+0600][24.438s][info][gc,phases   ] GC(8) Concurrent Mark Free 0.004ms
[2026-04-03T02:40:39.634+0600][24.492s][info][gc,phases   ] GC(8) Concurrent Process Non-Strong References 53.208ms
[2026-04-03T02:40:39.634+0600][24.492s][info][gc,phases   ] GC(8) Concurrent Reset Relocation Set 0.014ms
[2026-04-03T02:40:39.639+0600][24.497s][info][gc,phases   ] GC(8) Concurrent Select Relocation Set 4.965ms
[2026-04-03T02:40:39.640+0600][24.498s][info][gc,phases   ] GC(8) Pause Relocate Start 0.028ms
[2026-04-03T02:40:39.650+0600][24.507s][info][gc,phases   ] GC(8) Concurrent Relocate 9.061ms
[2026-04-03T02:40:39.650+0600][24.508s][info][gc,load     ] GC(8) Load: 4.59/5.25/5.57
[2026-04-03T02:40:39.650+0600][24.508s][info][gc,mmu      ] GC(8) MMU: 2ms/93.9%, 5ms/97.6%, 10ms/98.8%, 20ms/99.4%, 50ms/99.8%, 100ms/99.9%
[2026-04-03T02:40:39.650+0600][24.508s][info][gc,marking  ] GC(8) Mark: 2 stripe(s), 2 proactive flush(es), 1 terminate flush(es), 0 completion(s), 0 continuation(s) 
[2026-04-03T02:40:39.650+0600][24.508s][info][gc,marking  ] GC(8) Mark Stack Usage: 32M
[2026-04-03T02:40:39.650+0600][24.508s][info][gc,nmethod  ] GC(8) NMethods: 11374 registered, 417 unregistered
[2026-04-03T02:40:39.650+0600][24.508s][info][gc,metaspace] GC(8) Metaspace: 124M used, 126M committed, 1152M reserved
[2026-04-03T02:40:39.650+0600][24.508s][info][gc,ref      ] GC(8) Soft: 6189 encountered, 0 discovered, 0 enqueued
[2026-04-03T02:40:39.650+0600][24.508s][info][gc,ref      ] GC(8) Weak: 15889 encountered, 4973 discovered, 698 enqueued
[2026-04-03T02:40:39.650+0600][24.508s][info][gc,ref      ] GC(8) Final: 84 encountered, 0 discovered, 0 enqueued
[2026-04-03T02:40:39.650+0600][24.508s][info][gc,ref      ] GC(8) Phantom: 620 encountered, 350 discovered, 0 enqueued
[2026-04-03T02:40:39.650+0600][24.508s][info][gc,reloc    ] GC(8) Small Pages: 430 / 860M, Empty: 202M, Relocated: 8M, In-Place: 0
[2026-04-03T02:40:39.650+0600][24.508s][info][gc,reloc    ] GC(8) Medium Pages: 6 / 192M, Empty: 160M, Relocated: 0M, In-Place: 0
[2026-04-03T02:40:39.650+0600][24.508s][info][gc,reloc    ] GC(8) Large Pages: 20 / 120M, Empty: 120M, Relocated: 0M, In-Place: 0
[2026-04-03T02:40:39.650+0600][24.508s][info][gc,reloc    ] GC(8) Forwarding Usage: 2M
[2026-04-03T02:40:39.650+0600][24.508s][info][gc,heap     ] GC(8) Min Capacity: 8M(0%)
[2026-04-03T02:40:39.650+0600][24.508s][info][gc,heap     ] GC(8) Max Capacity: 1750M(100%)
[2026-04-03T02:40:39.650+0600][24.508s][info][gc,heap     ] GC(8) Soft Max Capacity: 1750M(100%)
[2026-04-03T02:40:39.650+0600][24.508s][info][gc,heap     ] GC(8)                Mark Start          Mark End        Relocate Start      Relocate End           High               Low         
[2026-04-03T02:40:39.650+0600][24.508s][info][gc,heap     ] GC(8)  Capacity:     1750M (100%)       1750M (100%)       1750M (100%)       1750M (100%)       1750M (100%)       1750M (100%)   
[2026-04-03T02:40:39.650+0600][24.508s][info][gc,heap     ] GC(8)      Free:      578M (33%)         466M (27%)         926M (53%)        1482M (85%)        1484M (85%)         444M (25%)    
[2026-04-03T02:40:39.650+0600][24.508s][info][gc,heap     ] GC(8)      Used:     1172M (67%)        1284M (73%)         824M (47%)         268M (15%)        1306M (75%)         266M (15%)    
[2026-04-03T02:40:39.650+0600][24.508s][info][gc,heap     ] GC(8)      Live:         -                95M (5%)           95M (5%)           95M (5%)             -                  -          
[2026-04-03T02:40:39.650+0600][24.508s][info][gc,heap     ] GC(8) Allocated:         -               112M (6%)          134M (8%)          139M (8%)             -                  -          
[2026-04-03T02:40:39.650+0600][24.508s][info][gc,heap     ] GC(8)   Garbage:         -              1076M (62%)         594M (34%)          32M (2%)             -                  -          
[2026-04-03T02:40:39.650+0600][24.508s][info][gc,heap     ] GC(8) Reclaimed:         -                  -               482M (28%)        1043M (60%)            -                  -          
[2026-04-03T02:40:39.650+0600][24.508s][info][gc          ] GC(8) Garbage Collection (Allocation Rate) 1172M(67%)->268M(15%)
[2026-04-03T02:40:40.751+0600][25.609s][info][gc,start    ] GC(9) Garbage Collection (Allocation Rate)
[2026-04-03T02:40:40.751+0600][25.609s][info][gc,task     ] GC(9) Using 1 workers
[2026-04-03T02:40:40.751+0600][25.609s][info][gc,phases   ] GC(9) Pause Mark Start 0.018ms
[2026-04-03T02:40:41.050+0600][25.908s][info][gc,phases   ] GC(9) Concurrent Mark 298.329ms
[2026-04-03T02:40:41.050+0600][25.908s][info][gc,phases   ] GC(9) Pause Mark End 0.041ms
[2026-04-03T02:40:41.050+0600][25.908s][info][gc,phases   ] GC(9) Concurrent Mark Free 0.002ms
[2026-04-03T02:40:41.099+0600][25.957s][info][gc,phases   ] GC(9) Concurrent Process Non-Strong References 48.875ms
[2026-04-03T02:40:41.099+0600][25.957s][info][gc,phases   ] GC(9) Concurrent Reset Relocation Set 0.029ms
[2026-04-03T02:40:41.105+0600][25.963s][info][gc,phases   ] GC(9) Concurrent Select Relocation Set 5.145ms
[2026-04-03T02:40:41.105+0600][25.963s][info][gc,phases   ] GC(9) Pause Relocate Start 0.016ms
[2026-04-03T02:40:41.129+0600][25.986s][info][gc,phases   ] GC(9) Concurrent Relocate 22.983ms
[2026-04-03T02:40:41.129+0600][25.987s][info][gc,load     ] GC(9) Load: 4.70/5.26/5.58
[2026-04-03T02:40:41.129+0600][25.987s][info][gc,mmu      ] GC(9) MMU: 2ms/93.9%, 5ms/97.6%, 10ms/98.8%, 20ms/99.4%, 50ms/99.8%, 100ms/99.9%
[2026-04-03T02:40:41.129+0600][25.987s][info][gc,marking  ] GC(9) Mark: 1 stripe(s), 2 proactive flush(es), 1 terminate flush(es), 0 completion(s), 0 continuation(s) 
[2026-04-03T02:40:41.129+0600][25.987s][info][gc,marking  ] GC(9) Mark Stack Usage: 32M
[2026-04-03T02:40:41.129+0600][25.987s][info][gc,nmethod  ] GC(9) NMethods: 12187 registered, 637 unregistered
[2026-04-03T02:40:41.129+0600][25.987s][info][gc,metaspace] GC(9) Metaspace: 125M used, 126M committed, 1152M reserved
[2026-04-03T02:40:41.129+0600][25.987s][info][gc,ref      ] GC(9) Soft: 6207 encountered, 0 discovered, 0 enqueued
[2026-04-03T02:40:41.129+0600][25.987s][info][gc,ref      ] GC(9) Weak: 16559 encountered, 5832 discovered, 1683 enqueued
[2026-04-03T02:40:41.129+0600][25.987s][info][gc,ref      ] GC(9) Final: 84 encountered, 0 discovered, 0 enqueued
[2026-04-03T02:40:41.129+0600][25.987s][info][gc,ref      ] GC(9) Phantom: 620 encountered, 615 discovered, 0 enqueued
[2026-04-03T02:40:41.129+0600][25.987s][info][gc,reloc    ] GC(9) Small Pages: 421 / 842M, Empty: 224M, Relocated: 6M, In-Place: 0
[2026-04-03T02:40:41.129+0600][25.987s][info][gc,reloc    ] GC(9) Medium Pages: 5 / 160M, Empty: 128M, Relocated: 0M, In-Place: 0
[2026-04-03T02:40:41.129+0600][25.987s][info][gc,reloc    ] GC(9) Large Pages: 16 / 96M, Empty: 96M, Relocated: 0M, In-Place: 0
[2026-04-03T02:40:41.129+0600][25.987s][info][gc,reloc    ] GC(9) Forwarding Usage: 2M
[2026-04-03T02:40:41.129+0600][25.987s][info][gc,heap     ] GC(9) Min Capacity: 8M(0%)
[2026-04-03T02:40:41.129+0600][25.987s][info][gc,heap     ] GC(9) Max Capacity: 1750M(100%)
[2026-04-03T02:40:41.129+0600][25.987s][info][gc,heap     ] GC(9) Soft Max Capacity: 1750M(100%)
[2026-04-03T02:40:41.129+0600][25.987s][info][gc,heap     ] GC(9)                Mark Start          Mark End        Relocate Start      Relocate End           High               Low         
[2026-04-03T02:40:41.129+0600][25.987s][info][gc,heap     ] GC(9)  Capacity:     1750M (100%)       1750M (100%)       1750M (100%)       1750M (100%)       1750M (100%)       1750M (100%)   
[2026-04-03T02:40:41.129+0600][25.987s][info][gc,heap     ] GC(9)      Free:      652M (37%)         380M (22%)         790M (45%)        1294M (74%)        1304M (75%)         344M (20%)    
[2026-04-03T02:40:41.129+0600][25.987s][info][gc,heap     ] GC(9)      Used:     1098M (63%)        1370M (78%)         960M (55%)         456M (26%)        1406M (80%)         446M (25%)    
[2026-04-03T02:40:41.129+0600][25.987s][info][gc,heap     ] GC(9)      Live:         -                96M (5%)           96M (5%)           96M (5%)             -                  -          
[2026-04-03T02:40:41.129+0600][25.987s][info][gc,heap     ] GC(9) Allocated:         -               272M (16%)         310M (18%)         327M (19%)            -                  -          
[2026-04-03T02:40:41.129+0600][25.987s][info][gc,heap     ] GC(9)   Garbage:         -              1001M (57%)         553M (32%)          32M (2%)             -                  -          
[2026-04-03T02:40:41.129+0600][25.987s][info][gc,heap     ] GC(9) Reclaimed:         -                  -               448M (26%)         969M (55%)            -                  -          
[2026-04-03T02:40:41.129+0600][25.987s][info][gc          ] GC(9) Garbage Collection (Allocation Rate) 1098M(63%)->456M(26%)
[2026-04-03T02:40:41.451+0600][26.309s][info][gc,start    ] GC(10) Garbage Collection (Allocation Rate)
[2026-04-03T02:40:41.451+0600][26.309s][info][gc,task     ] GC(10) Using 1 workers
[2026-04-03T02:40:41.452+0600][26.310s][info][gc,phases   ] GC(10) Pause Mark Start 0.018ms
[2026-04-03T02:40:41.707+0600][26.565s][info][gc,phases   ] GC(10) Concurrent Mark 254.730ms
[2026-04-03T02:40:41.707+0600][26.565s][info][gc,phases   ] GC(10) Pause Mark End 0.023ms
[2026-04-03T02:40:41.707+0600][26.565s][info][gc,phases   ] GC(10) Concurrent Mark Free 0.002ms
[2026-04-03T02:40:41.741+0600][26.599s][info][gc,phases   ] GC(10) Concurrent Process Non-Strong References 33.496ms
[2026-04-03T02:40:41.741+0600][26.599s][info][gc,phases   ] GC(10) Concurrent Reset Relocation Set 0.019ms
[2026-04-03T02:40:41.745+0600][26.603s][info][gc,phases   ] GC(10) Concurrent Select Relocation Set 3.826ms
[2026-04-03T02:40:41.745+0600][26.603s][info][gc,phases   ] GC(10) Pause Relocate Start 0.014ms
[2026-04-03T02:40:41.753+0600][26.611s][info][gc,phases   ] GC(10) Concurrent Relocate 7.723ms
[2026-04-03T02:40:41.753+0600][26.611s][info][gc,load     ] GC(10) Load: 4.70/5.26/5.58
[2026-04-03T02:40:41.753+0600][26.611s][info][gc,mmu      ] GC(10) MMU: 2ms/93.9%, 5ms/97.6%, 10ms/98.8%, 20ms/99.4%, 50ms/99.8%, 100ms/99.9%
[2026-04-03T02:40:41.753+0600][26.611s][info][gc,marking  ] GC(10) Mark: 1 stripe(s), 2 proactive flush(es), 1 terminate flush(es), 0 completion(s), 0 continuation(s) 
[2026-04-03T02:40:41.753+0600][26.611s][info][gc,marking  ] GC(10) Mark Stack Usage: 32M
[2026-04-03T02:40:41.753+0600][26.611s][info][gc,nmethod  ] GC(10) NMethods: 12563 registered, 747 unregistered
[2026-04-03T02:40:41.753+0600][26.611s][info][gc,metaspace] GC(10) Metaspace: 125M used, 127M committed, 1152M reserved
[2026-04-03T02:40:41.753+0600][26.611s][info][gc,ref      ] GC(10) Soft: 6208 encountered, 0 discovered, 0 enqueued
[2026-04-03T02:40:41.753+0600][26.611s][info][gc,ref      ] GC(10) Weak: 15837 encountered, 5102 discovered, 34 enqueued
[2026-04-03T02:40:41.753+0600][26.611s][info][gc,ref      ] GC(10) Final: 84 encountered, 0 discovered, 0 enqueued
[2026-04-03T02:40:41.753+0600][26.611s][info][gc,ref      ] GC(10) Phantom: 620 encountered, 615 discovered, 0 enqueued
[2026-04-03T02:40:41.753+0600][26.611s][info][gc,reloc    ] GC(10) Small Pages: 294 / 588M, Empty: 202M, Relocated: 4M, In-Place: 0
[2026-04-03T02:40:41.753+0600][26.611s][info][gc,reloc    ] GC(10) Medium Pages: 5 / 160M, Empty: 128M, Relocated: 0M, In-Place: 0
[2026-04-03T02:40:41.753+0600][26.611s][info][gc,reloc    ] GC(10) Large Pages: 13 / 78M, Empty: 78M, Relocated: 0M, In-Place: 0
[2026-04-03T02:40:41.753+0600][26.611s][info][gc,reloc    ] GC(10) Forwarding Usage: 1M
[2026-04-03T02:40:41.753+0600][26.611s][info][gc,heap     ] GC(10) Min Capacity: 8M(0%)
[2026-04-03T02:40:41.753+0600][26.611s][info][gc,heap     ] GC(10) Max Capacity: 1750M(100%)
[2026-04-03T02:40:41.753+0600][26.611s][info][gc,heap     ] GC(10) Soft Max Capacity: 1750M(100%)
[2026-04-03T02:40:41.753+0600][26.611s][info][gc,heap     ] GC(10)                Mark Start          Mark End        Relocate Start      Relocate End           High               Low         
[2026-04-03T02:40:41.753+0600][26.611s][info][gc,heap     ] GC(10)  Capacity:     1750M (100%)       1750M (100%)       1750M (100%)       1750M (100%)       1750M (100%)       1750M (100%)   
[2026-04-03T02:40:41.753+0600][26.611s][info][gc,heap     ] GC(10)      Free:      924M (53%)         714M (41%)        1108M (63%)        1392M (80%)        1394M (80%)         704M (40%)    
[2026-04-03T02:40:41.753+0600][26.611s][info][gc,heap     ] GC(10)      Used:      826M (47%)        1036M (59%)         642M (37%)         358M (20%)        1046M (60%)         356M (20%)    
[2026-04-03T02:40:41.753+0600][26.611s][info][gc,heap     ] GC(10)      Live:         -                96M (6%)           96M (6%)           96M (6%)             -                  -          
[2026-04-03T02:40:41.753+0600][26.611s][info][gc,heap     ] GC(10) Allocated:         -               210M (12%)         224M (13%)         229M (13%)            -                  -          
[2026-04-03T02:40:41.753+0600][26.611s][info][gc,heap     ] GC(10)   Garbage:         -               729M (42%)         321M (18%)          31M (2%)             -                  -          
[2026-04-03T02:40:41.753+0600][26.611s][info][gc,heap     ] GC(10) Reclaimed:         -                  -               408M (23%)         697M (40%)            -                  -          
[2026-04-03T02:40:41.753+0600][26.611s][info][gc          ] GC(10) Garbage Collection (Allocation Rate) 826M(47%)->358M(20%)
[2026-04-03T02:40:42.451+0600][27.309s][info][gc,start    ] GC(11) Garbage Collection (Allocation Rate)
[2026-04-03T02:40:42.451+0600][27.309s][info][gc,task     ] GC(11) Using 1 workers
[2026-04-03T02:40:42.452+0600][27.309s][info][gc,phases   ] GC(11) Pause Mark Start 0.017ms
[2026-04-03T02:40:42.741+0600][27.599s][info][gc,phases   ] GC(11) Concurrent Mark 289.501ms
[2026-04-03T02:40:42.742+0600][27.600s][info][gc,phases   ] GC(11) Pause Mark End 0.050ms
[2026-04-03T02:40:42.742+0600][27.600s][info][gc,phases   ] GC(11) Concurrent Mark Free 0.004ms
[2026-04-03T02:40:42.810+0600][27.668s][info][gc,phases   ] GC(11) Concurrent Process Non-Strong References 67.653ms
[2026-04-03T02:40:42.810+0600][27.668s][info][gc,phases   ] GC(11) Concurrent Reset Relocation Set 0.008ms
[2026-04-03T02:40:42.810+0600][27.668s][info][gc          ] Allocation Stall (Executor task launch worker for task 1.0 in stage 249.0 (TID 496)) 37.900ms
[2026-04-03T02:40:42.810+0600][27.668s][info][gc          ] Allocation Stall (Executor task launch worker for task 3.0 in stage 249.0 (TID 498)) 37.404ms
[2026-04-03T02:40:42.810+0600][27.668s][info][gc          ] Allocation Stall (Executor task launch worker for task 0.0 in stage 249.0 (TID 495)) 41.951ms
[2026-04-03T02:40:42.810+0600][27.668s][info][gc          ] Allocation Stall (Executor task launch worker for task 2.0 in stage 249.0 (TID 497)) 37.871ms
[2026-04-03T02:40:42.813+0600][27.671s][info][gc,phases   ] GC(11) Concurrent Select Relocation Set 2.941ms
[2026-04-03T02:40:42.813+0600][27.671s][info][gc,phases   ] GC(11) Pause Relocate Start 0.013ms
[2026-04-03T02:40:42.828+0600][27.686s][info][gc,phases   ] GC(11) Concurrent Relocate 14.757ms
[2026-04-03T02:40:42.828+0600][27.686s][info][gc,load     ] GC(11) Load: 4.70/5.26/5.58
[2026-04-03T02:40:42.828+0600][27.686s][info][gc,mmu      ] GC(11) MMU: 2ms/93.9%, 5ms/97.6%, 10ms/98.8%, 20ms/99.4%, 50ms/99.8%, 100ms/99.9%
[2026-04-03T02:40:42.828+0600][27.686s][info][gc,marking  ] GC(11) Mark: 1 stripe(s), 2 proactive flush(es), 1 terminate flush(es), 0 completion(s), 0 continuation(s) 
[2026-04-03T02:40:42.828+0600][27.686s][info][gc,marking  ] GC(11) Mark Stack Usage: 32M
[2026-04-03T02:40:42.828+0600][27.686s][info][gc,nmethod  ] GC(11) NMethods: 12781 registered, 925 unregistered
[2026-04-03T02:40:42.828+0600][27.686s][info][gc,metaspace] GC(11) Metaspace: 126M used, 127M committed, 1152M reserved
[2026-04-03T02:40:42.828+0600][27.686s][info][gc,ref      ] GC(11) Soft: 6301 encountered, 0 discovered, 0 enqueued
[2026-04-03T02:40:42.828+0600][27.686s][info][gc,ref      ] GC(11) Weak: 17085 encountered, 6164 discovered, 2300 enqueued
[2026-04-03T02:40:42.828+0600][27.686s][info][gc,ref      ] GC(11) Final: 84 encountered, 0 discovered, 0 enqueued
[2026-04-03T02:40:42.828+0600][27.686s][info][gc,ref      ] GC(11) Phantom: 629 encountered, 232 discovered, 0 enqueued
[2026-04-03T02:40:42.828+0600][27.686s][info][gc,reloc    ] GC(11) Small Pages: 368 / 736M, Empty: 320M, Relocated: 8M, In-Place: 0
[2026-04-03T02:40:42.829+0600][27.686s][info][gc,reloc    ] GC(11) Medium Pages: 3 / 96M, Empty: 64M, Relocated: 0M, In-Place: 0
[2026-04-03T02:40:42.829+0600][27.686s][info][gc,reloc    ] GC(11) Large Pages: 29 / 174M, Empty: 168M, Relocated: 0M, In-Place: 0
[2026-04-03T02:40:42.829+0600][27.686s][info][gc,reloc    ] GC(11) Forwarding Usage: 2M
[2026-04-03T02:40:42.829+0600][27.686s][info][gc,heap     ] GC(11) Min Capacity: 8M(0%)
[2026-04-03T02:40:42.829+0600][27.686s][info][gc,heap     ] GC(11) Max Capacity: 1750M(100%)
[2026-04-03T02:40:42.829+0600][27.686s][info][gc,heap     ] GC(11) Soft Max Capacity: 1750M(100%)
[2026-04-03T02:40:42.829+0600][27.686s][info][gc,heap     ] GC(11)                Mark Start          Mark End        Relocate Start      Relocate End           High               Low         
[2026-04-03T02:40:42.829+0600][27.687s][info][gc,heap     ] GC(11)  Capacity:     1750M (100%)       1750M (100%)       1750M (100%)       1750M (100%)       1750M (100%)       1750M (100%)   
[2026-04-03T02:40:42.829+0600][27.687s][info][gc,heap     ] GC(11)      Free:      744M (43%)         114M (7%)          532M (30%)         784M (45%)         792M (45%)           4M (0%)     
[2026-04-03T02:40:42.829+0600][27.687s][info][gc,heap     ] GC(11)      Used:     1006M (57%)        1636M (93%)        1218M (70%)         966M (55%)        1746M (100%)        958M (55%)    
[2026-04-03T02:40:42.829+0600][27.687s][info][gc,heap     ] GC(11)      Live:         -               106M (6%)          106M (6%)          106M (6%)             -                  -          
[2026-04-03T02:40:42.829+0600][27.687s][info][gc,heap     ] GC(11) Allocated:         -               630M (36%)         764M (44%)         829M (47%)            -                  -          
[2026-04-03T02:40:42.829+0600][27.687s][info][gc,heap     ] GC(11)   Garbage:         -               899M (51%)         347M (20%)          30M (2%)             -                  -          
[2026-04-03T02:40:42.829+0600][27.687s][info][gc,heap     ] GC(11) Reclaimed:         -                  -               552M (32%)         869M (50%)            -                  -          
[2026-04-03T02:40:42.829+0600][27.687s][info][gc          ] GC(11) Garbage Collection (Allocation Rate) 1006M(57%)->966M(55%)
[2026-04-03T02:40:42.851+0600][27.709s][info][gc,start    ] GC(12) Garbage Collection (Allocation Stall)
[2026-04-03T02:40:42.851+0600][27.709s][info][gc,ref      ] GC(12) Clearing All SoftReferences
[2026-04-03T02:40:42.851+0600][27.709s][info][gc,task     ] GC(12) Using 3 workers
[2026-04-03T02:40:42.851+0600][27.709s][info][gc,ref      ] GC(12) Clearing All SoftReferences
[2026-04-03T02:40:42.851+0600][27.709s][info][gc,phases   ] GC(12) Pause Mark Start 0.031ms
[2026-04-03T02:40:42.983+0600][27.841s][info][gc,phases   ] GC(12) Concurrent Mark 129.995ms
[2026-04-03T02:40:42.984+0600][27.842s][info][gc,phases   ] GC(12) Pause Mark End 0.057ms
[2026-04-03T02:40:42.984+0600][27.842s][info][gc,phases   ] GC(12) Concurrent Mark Free 0.002ms
[2026-04-03T02:40:43.034+0600][27.891s][info][gc,phases   ] GC(12) Concurrent Process Non-Strong References 49.684ms
[2026-04-03T02:40:43.034+0600][27.892s][info][gc,phases   ] GC(12) Concurrent Reset Relocation Set 0.023ms
[2026-04-03T02:40:43.039+0600][27.897s][info][gc,phases   ] GC(12) Concurrent Select Relocation Set 5.373ms
[2026-04-03T02:40:43.040+0600][27.897s][info][gc,phases   ] GC(12) Pause Relocate Start 0.023ms
[2026-04-03T02:40:43.044+0600][27.902s][info][gc,phases   ] GC(12) Concurrent Relocate 2.682ms
[2026-04-03T02:40:43.044+0600][27.902s][info][gc,load     ] GC(12) Load: 4.70/5.26/5.58
[2026-04-03T02:40:43.044+0600][27.902s][info][gc,mmu      ] GC(12) MMU: 2ms/93.9%, 5ms/97.6%, 10ms/98.8%, 20ms/99.4%, 50ms/99.8%, 100ms/99.9%
[2026-04-03T02:40:43.044+0600][27.902s][info][gc,marking  ] GC(12) Mark: 2 stripe(s), 4 proactive flush(es), 3 terminate flush(es), 0 completion(s), 0 continuation(s) 
[2026-04-03T02:40:43.044+0600][27.902s][info][gc,marking  ] GC(12) Mark Stack Usage: 32M
[2026-04-03T02:40:43.044+0600][27.902s][info][gc,nmethod  ] GC(12) NMethods: 12818 registered, 957 unregistered
[2026-04-03T02:40:43.044+0600][27.902s][info][gc,metaspace] GC(12) Metaspace: 125M used, 127M committed, 1152M reserved
[2026-04-03T02:40:43.044+0600][27.902s][info][gc,ref      ] GC(12) Soft: 6041 encountered, 4869 discovered, 2846 enqueued
[2026-04-03T02:40:43.044+0600][27.902s][info][gc,ref      ] GC(12) Weak: 14962 encountered, 4116 discovered, 460 enqueued
[2026-04-03T02:40:43.044+0600][27.902s][info][gc,ref      ] GC(12) Final: 84 encountered, 0 discovered, 0 enqueued
[2026-04-03T02:40:43.044+0600][27.902s][info][gc,ref      ] GC(12) Phantom: 620 encountered, 482 discovered, 0 enqueued
[2026-04-03T02:40:43.044+0600][27.902s][info][gc,reloc    ] GC(12) Small Pages: 108 / 216M, Empty: 28M, Relocated: 3M, In-Place: 0
[2026-04-03T02:40:43.044+0600][27.902s][info][gc,reloc    ] GC(12) Medium Pages: 2 / 64M, Empty: 32M, Relocated: 0M, In-Place: 0
[2026-04-03T02:40:43.044+0600][27.902s][info][gc,reloc    ] GC(12) Large Pages: 117 / 702M, Empty: 702M, Relocated: 0M, In-Place: 0
[2026-04-03T02:40:43.044+0600][27.902s][info][gc,reloc    ] GC(12) Forwarding Usage: 0M
[2026-04-03T02:40:43.044+0600][27.902s][info][gc,heap     ] GC(12) Min Capacity: 8M(0%)
[2026-04-03T02:40:43.044+0600][27.902s][info][gc,heap     ] GC(12) Max Capacity: 1750M(100%)
[2026-04-03T02:40:43.044+0600][27.902s][info][gc,heap     ] GC(12) Soft Max Capacity: 1750M(100%)
[2026-04-03T02:40:43.044+0600][27.902s][info][gc,heap     ] GC(12)                Mark Start          Mark End        Relocate Start      Relocate End           High               Low         
[2026-04-03T02:40:43.044+0600][27.902s][info][gc,heap     ] GC(12)  Capacity:     1750M (100%)       1750M (100%)       1750M (100%)       1750M (100%)       1750M (100%)       1750M (100%)   
[2026-04-03T02:40:43.044+0600][27.902s][info][gc,heap     ] GC(12)      Free:      768M (44%)         666M (38%)        1400M (80%)        1484M (85%)        1484M (85%)         640M (37%)    
[2026-04-03T02:40:43.044+0600][27.902s][info][gc,heap     ] GC(12)      Used:      982M (56%)        1084M (62%)         350M (20%)         266M (15%)        1110M (63%)         266M (15%)    
[2026-04-03T02:40:43.044+0600][27.902s][info][gc,heap     ] GC(12)      Live:         -                95M (5%)           95M (5%)           95M (5%)             -                  -          
[2026-04-03T02:40:43.044+0600][27.902s][info][gc,heap     ] GC(12) Allocated:         -               102M (6%)          130M (7%)          133M (8%)             -                  -          
[2026-04-03T02:40:43.044+0600][27.902s][info][gc,heap     ] GC(12)   Garbage:         -               886M (51%)         124M (7%)           36M (2%)             -                  -          
[2026-04-03T02:40:43.044+0600][27.902s][info][gc,heap     ] GC(12) Reclaimed:         -                  -               762M (44%)         849M (49%)            -                  -          
[2026-04-03T02:40:43.044+0600][27.902s][info][gc          ] GC(12) Garbage Collection (Allocation Stall) 982M(56%)->266M(15%)
[2026-04-03T02:40:43.851+0600][28.709s][info][gc,start    ] GC(13) Garbage Collection (Allocation Rate)
[2026-04-03T02:40:43.851+0600][28.709s][info][gc,task     ] GC(13) Using 3 workers
[2026-04-03T02:40:43.851+0600][28.709s][info][gc,phases   ] GC(13) Pause Mark Start 0.016ms
[2026-04-03T02:40:43.963+0600][28.821s][info][gc,phases   ] GC(13) Concurrent Mark 111.359ms
[2026-04-03T02:40:43.963+0600][28.821s][info][gc,phases   ] GC(13) Pause Mark End 0.030ms
[2026-04-03T02:40:43.963+0600][28.821s][info][gc,phases   ] GC(13) Concurrent Mark Free 0.002ms
[2026-04-03T02:40:44.015+0600][28.873s][info][gc,phases   ] GC(13) Concurrent Process Non-Strong References 51.728ms
[2026-04-03T02:40:44.015+0600][28.873s][info][gc,phases   ] GC(13) Concurrent Reset Relocation Set 0.008ms
[2026-04-03T02:40:44.019+0600][28.877s][info][gc,phases   ] GC(13) Concurrent Select Relocation Set 3.609ms
[2026-04-03T02:40:44.019+0600][28.877s][info][gc,phases   ] GC(13) Pause Relocate Start 0.018ms
[2026-04-03T02:40:44.025+0600][28.883s][info][gc,phases   ] GC(13) Concurrent Relocate 5.940ms
[2026-04-03T02:40:44.025+0600][28.883s][info][gc,load     ] GC(13) Load: 4.70/5.26/5.58
[2026-04-03T02:40:44.025+0600][28.883s][info][gc,mmu      ] GC(13) MMU: 2ms/93.9%, 5ms/97.6%, 10ms/98.8%, 20ms/99.4%, 50ms/99.8%, 100ms/99.9%
[2026-04-03T02:40:44.025+0600][28.883s][info][gc,marking  ] GC(13) Mark: 2 stripe(s), 2 proactive flush(es), 1 terminate flush(es), 0 completion(s), 0 continuation(s) 
[2026-04-03T02:40:44.025+0600][28.883s][info][gc,marking  ] GC(13) Mark Stack Usage: 32M
[2026-04-03T02:40:44.025+0600][28.883s][info][gc,nmethod  ] GC(13) NMethods: 13042 registered, 1031 unregistered
[2026-04-03T02:40:44.025+0600][28.883s][info][gc,metaspace] GC(13) Metaspace: 126M used, 127M committed, 1152M reserved
[2026-04-03T02:40:44.025+0600][28.883s][info][gc,ref      ] GC(13) Soft: 3274 encountered, 0 discovered, 0 enqueued
[2026-04-03T02:40:44.026+0600][28.883s][info][gc,ref      ] GC(13) Weak: 15235 encountered, 4020 discovered, 423 enqueued
[2026-04-03T02:40:44.026+0600][28.883s][info][gc,ref      ] GC(13) Final: 84 encountered, 0 discovered, 0 enqueued
[2026-04-03T02:40:44.026+0600][28.883s][info][gc,ref      ] GC(13) Phantom: 620 encountered, 544 discovered, 0 enqueued
[2026-04-03T02:40:44.026+0600][28.883s][info][gc,reloc    ] GC(13) Small Pages: 341 / 682M, Empty: 138M, Relocated: 6M, In-Place: 0
[2026-04-03T02:40:44.026+0600][28.883s][info][gc,reloc    ] GC(13) Medium Pages: 5 / 160M, Empty: 128M, Relocated: 0M, In-Place: 0
[2026-04-03T02:40:44.026+0600][28.883s][info][gc,reloc    ] GC(13) Large Pages: 14 / 84M, Empty: 84M, Relocated: 0M, In-Place: 0
[2026-04-03T02:40:44.026+0600][28.883s][info][gc,reloc    ] GC(13) Forwarding Usage: 1M
[2026-04-03T02:40:44.026+0600][28.883s][info][gc,heap     ] GC(13) Min Capacity: 8M(0%)
[2026-04-03T02:40:44.026+0600][28.883s][info][gc,heap     ] GC(13) Max Capacity: 1750M(100%)
[2026-04-03T02:40:44.026+0600][28.883s][info][gc,heap     ] GC(13) Soft Max Capacity: 1750M(100%)
[2026-04-03T02:40:44.026+0600][28.883s][info][gc,heap     ] GC(13)                Mark Start          Mark End        Relocate Start      Relocate End           High               Low         
[2026-04-03T02:40:44.026+0600][28.884s][info][gc,heap     ] GC(13)  Capacity:     1750M (100%)       1750M (100%)       1750M (100%)       1750M (100%)       1750M (100%)       1750M (100%)   
[2026-04-03T02:40:44.026+0600][28.884s][info][gc,heap     ] GC(13)      Free:      824M (47%)         700M (40%)        1018M (58%)        1450M (83%)        1450M (83%)         674M (39%)    
[2026-04-03T02:40:44.026+0600][28.884s][info][gc,heap     ] GC(13)      Used:      926M (53%)        1050M (60%)         732M (42%)         300M (17%)        1076M (61%)         300M (17%)    
[2026-04-03T02:40:44.026+0600][28.884s][info][gc,heap     ] GC(13)      Live:         -                99M (6%)           99M (6%)           99M (6%)             -                  -          
[2026-04-03T02:40:44.026+0600][28.884s][info][gc,heap     ] GC(13) Allocated:         -               124M (7%)          156M (9%)          161M (9%)             -                  -          
[2026-04-03T02:40:44.026+0600][28.884s][info][gc,heap     ] GC(13)   Garbage:         -               826M (47%)         476M (27%)          38M (2%)             -                  -          
[2026-04-03T02:40:44.026+0600][28.884s][info][gc,heap     ] GC(13) Reclaimed:         -                  -               350M (20%)         787M (45%)            -                  -          
[2026-04-03T02:40:44.026+0600][28.884s][info][gc          ] GC(13) Garbage Collection (Allocation Rate) 926M(53%)->300M(17%)
[2026-04-03T02:40:44.951+0600][29.809s][info][gc,start    ] GC(14) Garbage Collection (Allocation Rate)
[2026-04-03T02:40:44.951+0600][29.809s][info][gc,task     ] GC(14) Using 2 workers
[2026-04-03T02:40:44.951+0600][29.809s][info][gc,phases   ] GC(14) Pause Mark Start 0.009ms
[2026-04-03T02:40:45.099+0600][29.957s][info][gc,phases   ] GC(14) Concurrent Mark 147.096ms
[2026-04-03T02:40:45.099+0600][29.957s][info][gc,phases   ] GC(14) Pause Mark End 0.035ms
[2026-04-03T02:40:45.099+0600][29.957s][info][gc,phases   ] GC(14) Concurrent Mark Free 0.004ms
[2026-04-03T02:40:45.127+0600][29.985s][info][gc,phases   ] GC(14) Concurrent Process Non-Strong References 28.128ms
[2026-04-03T02:40:45.127+0600][29.985s][info][gc,phases   ] GC(14) Concurrent Reset Relocation Set 0.025ms
[2026-04-03T02:40:45.131+0600][29.989s][info][gc,phases   ] GC(14) Concurrent Select Relocation Set 4.013ms
[2026-04-03T02:40:45.132+0600][29.990s][info][gc,phases   ] GC(14) Pause Relocate Start 0.017ms
[2026-04-03T02:40:45.141+0600][29.999s][info][gc,phases   ] GC(14) Concurrent Relocate 8.665ms
[2026-04-03T02:40:45.141+0600][29.999s][info][gc,load     ] GC(14) Load: 4.48/5.21/5.56
[2026-04-03T02:40:45.141+0600][29.999s][info][gc,mmu      ] GC(14) MMU: 2ms/93.9%, 5ms/97.6%, 10ms/98.8%, 20ms/99.4%, 50ms/99.8%, 100ms/99.9%
[2026-04-03T02:40:45.141+0600][29.999s][info][gc,marking  ] GC(14) Mark: 2 stripe(s), 2 proactive flush(es), 1 terminate flush(es), 0 completion(s), 0 continuation(s) 
[2026-04-03T02:40:45.141+0600][29.999s][info][gc,marking  ] GC(14) Mark Stack Usage: 32M
[2026-04-03T02:40:45.141+0600][29.999s][info][gc,nmethod  ] GC(14) NMethods: 13273 registered, 1125 unregistered
[2026-04-03T02:40:45.141+0600][29.999s][info][gc,metaspace] GC(14) Metaspace: 126M used, 127M committed, 1152M reserved
[2026-04-03T02:40:45.141+0600][29.999s][info][gc,ref      ] GC(14) Soft: 3284 encountered, 0 discovered, 0 enqueued
[2026-04-03T02:40:45.141+0600][29.999s][info][gc,ref      ] GC(14) Weak: 16062 encountered, 6411 discovered, 1627 enqueued
[2026-04-03T02:40:45.141+0600][29.999s][info][gc,ref      ] GC(14) Final: 84 encountered, 0 discovered, 0 enqueued
[2026-04-03T02:40:45.141+0600][29.999s][info][gc,ref      ] GC(14) Phantom: 620 encountered, 543 discovered, 0 enqueued
[2026-04-03T02:40:45.141+0600][29.999s][info][gc,reloc    ] GC(14) Small Pages: 439 / 878M, Empty: 338M, Relocated: 6M, In-Place: 0
[2026-04-03T02:40:45.141+0600][29.999s][info][gc,reloc    ] GC(14) Medium Pages: 6 / 192M, Empty: 160M, Relocated: 0M, In-Place: 0
[2026-04-03T02:40:45.141+0600][29.999s][info][gc,reloc    ] GC(14) Large Pages: 18 / 108M, Empty: 108M, Relocated: 0M, In-Place: 0
[2026-04-03T02:40:45.141+0600][29.999s][info][gc,reloc    ] GC(14) Forwarding Usage: 1M
[2026-04-03T02:40:45.141+0600][29.999s][info][gc,heap     ] GC(14) Min Capacity: 8M(0%)
[2026-04-03T02:40:45.141+0600][29.999s][info][gc,heap     ] GC(14) Max Capacity: 1750M(100%)
[2026-04-03T02:40:45.141+0600][29.999s][info][gc,heap     ] GC(14) Soft Max Capacity: 1750M(100%)
[2026-04-03T02:40:45.141+0600][29.999s][info][gc,heap     ] GC(14)                Mark Start          Mark End        Relocate Start      Relocate End           High               Low         
[2026-04-03T02:40:45.141+0600][29.999s][info][gc,heap     ] GC(14)  Capacity:     1750M (100%)       1750M (100%)       1750M (100%)       1750M (100%)       1750M (100%)       1750M (100%)   
[2026-04-03T02:40:45.141+0600][29.999s][info][gc,heap     ] GC(14)      Free:      572M (33%)         424M (24%)        1006M (57%)        1424M (81%)        1436M (82%)         408M (23%)    
[2026-04-03T02:40:45.141+0600][29.999s][info][gc,heap     ] GC(14)      Used:     1178M (67%)        1326M (76%)         744M (43%)         326M (19%)        1342M (77%)         314M (18%)    
[2026-04-03T02:40:45.141+0600][29.999s][info][gc,heap     ] GC(14)      Live:         -                98M (6%)           98M (6%)           98M (6%)             -                  -          
[2026-04-03T02:40:45.141+0600][29.999s][info][gc,heap     ] GC(14) Allocated:         -               148M (8%)          172M (10%)         191M (11%)            -                  -          
[2026-04-03T02:40:45.141+0600][29.999s][info][gc,heap     ] GC(14)   Garbage:         -              1079M (62%)         473M (27%)          35M (2%)             -                  -          
[2026-04-03T02:40:45.141+0600][29.999s][info][gc,heap     ] GC(14) Reclaimed:         -                  -               606M (35%)        1043M (60%)            -                  -          
[2026-04-03T02:40:45.141+0600][29.999s][info][gc          ] GC(14) Garbage Collection (Allocation Rate) 1178M(67%)->326M(19%)
[2026-04-03T02:40:45.250+0600][30.108s][info][gc,stats    ] === Garbage Collection Statistics =======================================================================================================================
[2026-04-03T02:40:45.251+0600][30.108s][info][gc,stats    ]                                                              Last 10s              Last 10m              Last 10h                Total
[2026-04-03T02:40:45.251+0600][30.108s][info][gc,stats    ]                                                              Avg / Max             Avg / Max             Avg / Max             Avg / Max
[2026-04-03T02:40:45.251+0600][30.108s][info][gc,stats    ]   Collector: Garbage Collection Cycle                    241.648 / 377.768     171.505 / 377.768     171.505 / 377.768     171.505 / 377.768     ms
[2026-04-03T02:40:45.251+0600][30.108s][info][gc,stats    ]  Contention: Mark Segment Reset Contention                     0 / 3                 0 / 3                 0 / 3                 0 / 3           ops/s
[2026-04-03T02:40:45.251+0600][30.109s][info][gc,stats    ]  Contention: Mark SeqNum Reset Contention                      0 / 2                 0 / 2                 0 / 2                 0 / 2           ops/s
[2026-04-03T02:40:45.251+0600][30.109s][info][gc,stats    ]    Critical: Allocation Stall                                  0 / 4                 0 / 4                 0 / 4                 0 / 4           ops/s
[2026-04-03T02:40:45.251+0600][30.109s][info][gc,stats    ]    Critical: Allocation Stall                             38.782 / 41.951       38.782 / 41.951       38.782 / 41.951       38.782 / 41.951      ms
[2026-04-03T02:40:45.251+0600][30.109s][info][gc,stats    ]    Critical: GC Locker Stall                                   0 / 1                 0 / 1                 0 / 1                 0 / 1           ops/s
[2026-04-03T02:40:45.251+0600][30.109s][info][gc,stats    ]    Critical: GC Locker Stall                               0.002 / 0.002         0.002 / 0.002         0.002 / 0.002         0.002 / 0.002       ms
[2026-04-03T02:40:45.251+0600][30.109s][info][gc,stats    ]    Critical: Relocation Stall                                  0 / 0                 0 / 0                 0 / 0                 0 / 0           ops/s
[2026-04-03T02:40:45.251+0600][30.109s][info][gc,stats    ]    Critical: Relocation Stall                              0.000 / 0.000         0.000 / 0.000         0.000 / 0.000         0.000 / 0.000       ms
[2026-04-03T02:40:45.251+0600][30.109s][info][gc,stats    ]      Memory: Allocation Rate                                 766 / 1302            344 / 1302            344 / 1302            344 / 1302        MB/s
[2026-04-03T02:40:45.251+0600][30.109s][info][gc,stats    ]      Memory: Defragment                                       22 / 90                7 / 90                7 / 90                7 / 90          ops/s
[2026-04-03T02:40:45.251+0600][30.109s][info][gc,stats    ]      Memory: Out Of Memory                                     0 / 0                 0 / 0                 0 / 0                 0 / 0           ops/s
[2026-04-03T02:40:45.251+0600][30.109s][info][gc,stats    ]      Memory: Page Cache Flush                                 97 / 252              33 / 252              33 / 252              33 / 252         MB/s
[2026-04-03T02:40:45.251+0600][30.109s][info][gc,stats    ]      Memory: Page Cache Hit L1                               238 / 392             104 / 392             104 / 392             104 / 392         ops/s
[2026-04-03T02:40:45.251+0600][30.109s][info][gc,stats    ]      Memory: Page Cache Hit L2                                 0 / 0                 0 / 0                 0 / 0                 0 / 0           ops/s
[2026-04-03T02:40:45.251+0600][30.109s][info][gc,stats    ]      Memory: Page Cache Hit L3                                16 / 59               10 / 104              10 / 104              10 / 104         ops/s
[2026-04-03T02:40:45.251+0600][30.109s][info][gc,stats    ]      Memory: Page Cache Miss                                  16 / 67               15 / 173              15 / 173              15 / 173         ops/s
[2026-04-03T02:40:45.251+0600][30.109s][info][gc,stats    ]      Memory: Uncommit                                          0 / 0                 0 / 0                 0 / 0                 0 / 0           MB/s
[2026-04-03T02:40:45.251+0600][30.109s][info][gc,stats    ]      Memory: Undo Object Allocation Failed                     0 / 0                 0 / 0                 0 / 0                 0 / 0           ops/s
[2026-04-03T02:40:45.251+0600][30.109s][info][gc,stats    ]      Memory: Undo Object Allocation Succeeded                  1 / 15                0 / 15                0 / 15                0 / 15          ops/s
[2026-04-03T02:40:45.251+0600][30.109s][info][gc,stats    ]      Memory: Undo Page Allocation                              0 / 2                 0 / 2                 0 / 2                 0 / 2           ops/s
[2026-04-03T02:40:45.251+0600][30.109s][info][gc,stats    ]       Phase: Concurrent Mark                             177.202 / 298.329     120.400 / 298.329     120.400 / 298.329     120.400 / 298.329     ms
[2026-04-03T02:40:45.251+0600][30.109s][info][gc,stats    ]       Phase: Concurrent Mark Continue                      0.000 / 0.000         0.000 / 0.000         0.000 / 0.000         0.000 / 0.000       ms
[2026-04-03T02:40:45.251+0600][30.109s][info][gc,stats    ]       Phase: Concurrent Mark Free                          0.003 / 0.004         0.003 / 0.004         0.003 / 0.004         0.003 / 0.004       ms
[2026-04-03T02:40:45.251+0600][30.109s][info][gc,stats    ]       Phase: Concurrent Process Non-Strong References     44.748 / 67.653       31.106 / 67.653       31.106 / 67.653       31.106 / 67.653      ms
[2026-04-03T02:40:45.251+0600][30.109s][info][gc,stats    ]       Phase: Concurrent Relocate                          12.475 / 32.839       12.692 / 33.965       12.692 / 33.965       12.692 / 33.965      ms
[2026-04-03T02:40:45.251+0600][30.109s][info][gc,stats    ]       Phase: Concurrent Reset Relocation Set               0.018 / 0.029         0.017 / 0.043         0.017 / 0.043         0.017 / 0.043       ms
[2026-04-03T02:40:45.251+0600][30.109s][info][gc,stats    ]       Phase: Concurrent Select Relocation Set              4.551 / 6.846         4.572 / 7.554         4.572 / 7.554         4.572 / 7.554       ms
[2026-04-03T02:40:45.251+0600][30.109s][info][gc,stats    ]       Phase: Pause Mark End                                0.048 / 0.122         0.038 / 0.122         0.038 / 0.122         0.038 / 0.122       ms
[2026-04-03T02:40:45.251+0600][30.109s][info][gc,stats    ]       Phase: Pause Mark Start                              0.017 / 0.031         0.014 / 0.031         0.014 / 0.031         0.014 / 0.031       ms
[2026-04-03T02:40:45.251+0600][30.109s][info][gc,stats    ]       Phase: Pause Relocate Start                          0.018 / 0.028         0.017 / 0.028         0.017 / 0.028         0.017 / 0.028       ms
[2026-04-03T02:40:45.251+0600][30.109s][info][gc,stats    ]    Subphase: Concurrent Classes Purge                      0.724 / 1.726         0.770 / 3.505         0.770 / 3.505         0.770 / 3.505       ms
[2026-04-03T02:40:45.251+0600][30.109s][info][gc,stats    ]    Subphase: Concurrent Classes Unlink                    39.190 / 60.113       26.632 / 60.113       26.632 / 60.113       26.632 / 60.113      ms
[2026-04-03T02:40:45.251+0600][30.109s][info][gc,stats    ]    Subphase: Concurrent Mark                             143.083 / 292.279      90.957 / 292.279      90.957 / 292.279      90.957 / 292.279     ms
[2026-04-03T02:40:45.251+0600][30.109s][info][gc,stats    ]    Subphase: Concurrent Mark Try Flush                     0.432 / 3.638         0.448 / 4.889         0.448 / 4.889         0.448 / 4.889       ms
[2026-04-03T02:40:45.251+0600][30.109s][info][gc,stats    ]    Subphase: Concurrent Mark Try Terminate                 0.779 / 4.580         0.790 / 4.580         0.790 / 4.580         0.790 / 4.580       ms
[2026-04-03T02:40:45.251+0600][30.109s][info][gc,stats    ]    Subphase: Concurrent References Enqueue                 0.010 / 0.017         0.009 / 0.018         0.009 / 0.018         0.009 / 0.018       ms
[2026-04-03T02:40:45.251+0600][30.109s][info][gc,stats    ]    Subphase: Concurrent References Process                 1.336 / 2.076         1.029 / 2.076         1.029 / 2.076         1.029 / 2.076       ms
[2026-04-03T02:40:45.251+0600][30.109s][info][gc,stats    ]    Subphase: Concurrent Roots ClassLoaderDataGraph         0.518 / 1.007         0.378 / 1.007         0.378 / 1.007         0.378 / 1.007       ms
[2026-04-03T02:40:45.251+0600][30.109s][info][gc,stats    ]    Subphase: Concurrent Roots CodeCache                    0.000 / 0.000         0.000 / 0.000         0.000 / 0.000         0.000 / 0.000       ms
[2026-04-03T02:40:45.251+0600][30.109s][info][gc,stats    ]    Subphase: Concurrent Roots JavaThreads                  2.200 / 5.185         1.477 / 5.185         1.477 / 5.185         1.477 / 5.185       ms
[2026-04-03T02:40:45.251+0600][30.109s][info][gc,stats    ]    Subphase: Concurrent Roots OopStorageSet                0.139 / 0.398         0.101 / 0.398         0.101 / 0.398         0.101 / 0.398       ms
[2026-04-03T02:40:45.251+0600][30.109s][info][gc,stats    ]    Subphase: Concurrent Weak Roots OopStorageSet           2.030 / 4.980         1.526 / 4.980         1.526 / 4.980         1.526 / 4.980       ms
[2026-04-03T02:40:45.251+0600][30.109s][info][gc,stats    ]    Subphase: Pause Mark Try Complete                       0.003 / 0.005         0.003 / 0.005         0.003 / 0.005         0.003 / 0.005       ms
[2026-04-03T02:40:45.251+0600][30.109s][info][gc,stats    ]      System: Java Threads                                    243 / 283             158 / 283             158 / 283             158 / 283         threads
[2026-04-03T02:40:45.251+0600][30.109s][info][gc,stats    ] =========================================================================================================================================================
[2026-04-03T02:40:45.851+0600][30.709s][info][gc,start    ] GC(15) Garbage Collection (Allocation Rate)
[2026-04-03T02:40:45.851+0600][30.709s][info][gc,task     ] GC(15) Using 2 workers
[2026-04-03T02:40:45.851+0600][30.709s][info][gc,phases   ] GC(15) Pause Mark Start 0.012ms
[2026-04-03T02:40:45.989+0600][30.847s][info][gc,phases   ] GC(15) Concurrent Mark 137.934ms
[2026-04-03T02:40:45.990+0600][30.848s][info][gc,phases   ] GC(15) Pause Mark End 0.040ms
[2026-04-03T02:40:45.990+0600][30.848s][info][gc,phases   ] GC(15) Concurrent Mark Free 0.003ms
[2026-04-03T02:40:46.015+0600][30.873s][info][gc,phases   ] GC(15) Concurrent Process Non-Strong References 25.179ms
[2026-04-03T02:40:46.015+0600][30.873s][info][gc,phases   ] GC(15) Concurrent Reset Relocation Set 0.025ms
[2026-04-03T02:40:46.020+0600][30.878s][info][gc,phases   ] GC(15) Concurrent Select Relocation Set 4.341ms
[2026-04-03T02:40:46.020+0600][30.878s][info][gc,phases   ] GC(15) Pause Relocate Start 0.017ms
[2026-04-03T02:40:46.028+0600][30.886s][info][gc,phases   ] GC(15) Concurrent Relocate 8.215ms
[2026-04-03T02:40:46.028+0600][30.886s][info][gc,load     ] GC(15) Load: 4.48/5.21/5.56
[2026-04-03T02:40:46.028+0600][30.886s][info][gc,mmu      ] GC(15) MMU: 2ms/93.9%, 5ms/97.6%, 10ms/98.8%, 20ms/99.4%, 50ms/99.8%, 100ms/99.9%
[2026-04-03T02:40:46.029+0600][30.886s][info][gc,marking  ] GC(15) Mark: 2 stripe(s), 9 proactive flush(es), 1 terminate flush(es), 0 completion(s), 0 continuation(s) 
[2026-04-03T02:40:46.029+0600][30.886s][info][gc,marking  ] GC(15) Mark Stack Usage: 32M
[2026-04-03T02:40:46.029+0600][30.886s][info][gc,nmethod  ] GC(15) NMethods: 13515 registered, 1175 unregistered
[2026-04-03T02:40:46.029+0600][30.886s][info][gc,metaspace] GC(15) Metaspace: 126M used, 127M committed, 1152M reserved
[2026-04-03T02:40:46.029+0600][30.886s][info][gc,ref      ] GC(15) Soft: 3293 encountered, 0 discovered, 0 enqueued
[2026-04-03T02:40:46.029+0600][30.886s][info][gc,ref      ] GC(15) Weak: 15742 encountered, 6267 discovered, 1444 enqueued
[2026-04-03T02:40:46.029+0600][30.886s][info][gc,ref      ] GC(15) Final: 84 encountered, 0 discovered, 0 enqueued
[2026-04-03T02:40:46.029+0600][30.886s][info][gc,ref      ] GC(15) Phantom: 620 encountered, 347 discovered, 0 enqueued
[2026-04-03T02:40:46.029+0600][30.886s][info][gc,reloc    ] GC(15) Small Pages: 418 / 836M, Empty: 300M, Relocated: 6M, In-Place: 0
[2026-04-03T02:40:46.029+0600][30.887s][info][gc,reloc    ] GC(15) Medium Pages: 6 / 192M, Empty: 128M, Relocated: 9M, In-Place: 0
[2026-04-03T02:40:46.029+0600][30.887s][info][gc,reloc    ] GC(15) Large Pages: 18 / 108M, Empty: 108M, Relocated: 0M, In-Place: 0
[2026-04-03T02:40:46.029+0600][30.887s][info][gc,reloc    ] GC(15) Forwarding Usage: 1M
[2026-04-03T02:40:46.029+0600][30.887s][info][gc,heap     ] GC(15) Min Capacity: 8M(0%)
[2026-04-03T02:40:46.029+0600][30.887s][info][gc,heap     ] GC(15) Max Capacity: 1750M(100%)
[2026-04-03T02:40:46.029+0600][30.887s][info][gc,heap     ] GC(15) Soft Max Capacity: 1750M(100%)
[2026-04-03T02:40:46.029+0600][30.887s][info][gc,heap     ] GC(15)                Mark Start          Mark End        Relocate Start      Relocate End           High               Low         
[2026-04-03T02:40:46.029+0600][30.887s][info][gc,heap     ] GC(15)  Capacity:     1750M (100%)       1750M (100%)       1750M (100%)       1750M (100%)       1750M (100%)       1750M (100%)   
[2026-04-03T02:40:46.029+0600][30.887s][info][gc,heap     ] GC(15)      Free:      614M (35%)         506M (29%)        1030M (59%)        1488M (85%)        1488M (85%)         494M (28%)    
[2026-04-03T02:40:46.029+0600][30.887s][info][gc,heap     ] GC(15)      Used:     1136M (65%)        1244M (71%)         720M (41%)         262M (15%)        1256M (72%)         262M (15%)    
[2026-04-03T02:40:46.029+0600][30.887s][info][gc,heap     ] GC(15)      Live:         -               102M (6%)          102M (6%)          102M (6%)             -                  -          
[2026-04-03T02:40:46.029+0600][30.887s][info][gc,heap     ] GC(15) Allocated:         -               108M (6%)          120M (7%)          123M (7%)             -                  -          
[2026-04-03T02:40:46.029+0600][30.887s][info][gc,heap     ] GC(15)   Garbage:         -              1033M (59%)         497M (28%)          35M (2%)             -                  -          
[2026-04-03T02:40:46.029+0600][30.887s][info][gc,heap     ] GC(15) Reclaimed:         -                  -               536M (31%)         997M (57%)            -                  -          
[2026-04-03T02:40:46.029+0600][30.887s][info][gc          ] GC(15) Garbage Collection (Allocation Rate) 1136M(65%)->262M(15%)
[2026-04-03T02:40:46.551+0600][31.409s][info][gc,start    ] GC(16) Garbage Collection (Allocation Rate)
[2026-04-03T02:40:46.551+0600][31.409s][info][gc,task     ] GC(16) Using 2 workers
[2026-04-03T02:40:46.551+0600][31.409s][info][gc,phases   ] GC(16) Pause Mark Start 0.015ms
[2026-04-03T02:40:46.681+0600][31.539s][info][gc,phases   ] GC(16) Concurrent Mark 130.064ms
[2026-04-03T02:40:46.682+0600][31.540s][info][gc,phases   ] GC(16) Pause Mark End 0.051ms
[2026-04-03T02:40:46.682+0600][31.540s][info][gc,phases   ] GC(16) Concurrent Mark Free 0.003ms
[2026-04-03T02:40:46.742+0600][31.600s][info][gc,phases   ] GC(16) Concurrent Process Non-Strong References 60.147ms
[2026-04-03T02:40:46.742+0600][31.600s][info][gc,phases   ] GC(16) Concurrent Reset Relocation Set 0.027ms
[2026-04-03T02:40:46.747+0600][31.604s][info][gc,phases   ] GC(16) Concurrent Select Relocation Set 4.171ms
[2026-04-03T02:40:46.747+0600][31.605s][info][gc,phases   ] GC(16) Pause Relocate Start 0.023ms
[2026-04-03T02:40:46.763+0600][31.621s][info][gc,phases   ] GC(16) Concurrent Relocate 15.531ms
[2026-04-03T02:40:46.763+0600][31.621s][info][gc,load     ] GC(16) Load: 4.48/5.21/5.56
[2026-04-03T02:40:46.763+0600][31.621s][info][gc,mmu      ] GC(16) MMU: 2ms/93.9%, 5ms/97.6%, 10ms/98.8%, 20ms/99.4%, 50ms/99.8%, 100ms/99.9%
[2026-04-03T02:40:46.763+0600][31.621s][info][gc,marking  ] GC(16) Mark: 2 stripe(s), 2 proactive flush(es), 1 terminate flush(es), 0 completion(s), 0 continuation(s) 
[2026-04-03T02:40:46.763+0600][31.621s][info][gc,marking  ] GC(16) Mark Stack Usage: 32M
[2026-04-03T02:40:46.763+0600][31.621s][info][gc,nmethod  ] GC(16) NMethods: 13621 registered, 1198 unregistered
[2026-04-03T02:40:46.763+0600][31.621s][info][gc,metaspace] GC(16) Metaspace: 126M used, 127M committed, 1152M reserved
[2026-04-03T02:40:46.763+0600][31.621s][info][gc,ref      ] GC(16) Soft: 3386 encountered, 0 discovered, 0 enqueued
[2026-04-03T02:40:46.763+0600][31.621s][info][gc,ref      ] GC(16) Weak: 15352 encountered, 4122 discovered, 886 enqueued
[2026-04-03T02:40:46.763+0600][31.621s][info][gc,ref      ] GC(16) Final: 84 encountered, 0 discovered, 0 enqueued
[2026-04-03T02:40:46.763+0600][31.621s][info][gc,ref      ] GC(16) Phantom: 620 encountered, 541 discovered, 0 enqueued
[2026-04-03T02:40:46.763+0600][31.621s][info][gc,reloc    ] GC(16) Small Pages: 333 / 666M, Empty: 348M, Relocated: 10M, In-Place: 0
[2026-04-03T02:40:46.763+0600][31.621s][info][gc,reloc    ] GC(16) Medium Pages: 3 / 96M, Empty: 64M, Relocated: 0M, In-Place: 0
[2026-04-03T02:40:46.763+0600][31.621s][info][gc,reloc    ] GC(16) Large Pages: 72 / 432M, Empty: 432M, Relocated: 0M, In-Place: 0
[2026-04-03T02:40:46.763+0600][31.621s][info][gc,reloc    ] GC(16) Forwarding Usage: 2M
[2026-04-03T02:40:46.763+0600][31.621s][info][gc,heap     ] GC(16) Min Capacity: 8M(0%)
[2026-04-03T02:40:46.763+0600][31.621s][info][gc,heap     ] GC(16) Max Capacity: 1750M(100%)
[2026-04-03T02:40:46.763+0600][31.621s][info][gc,heap     ] GC(16) Soft Max Capacity: 1750M(100%)
[2026-04-03T02:40:46.763+0600][31.621s][info][gc,heap     ] GC(16)                Mark Start          Mark End        Relocate Start      Relocate End           High               Low         
[2026-04-03T02:40:46.763+0600][31.621s][info][gc,heap     ] GC(16)  Capacity:     1750M (100%)       1750M (100%)       1750M (100%)       1750M (100%)       1750M (100%)       1750M (100%)   
[2026-04-03T02:40:46.763+0600][31.621s][info][gc,heap     ] GC(16)      Free:      556M (32%)         360M (21%)         926M (53%)        1076M (61%)        1088M (62%)          90M (5%)     
[2026-04-03T02:40:46.763+0600][31.621s][info][gc,heap     ] GC(16)      Used:     1194M (68%)        1390M (79%)         824M (47%)         674M (39%)        1660M (95%)         662M (38%)    
[2026-04-03T02:40:46.763+0600][31.621s][info][gc,heap     ] GC(16)      Live:         -               100M (6%)          100M (6%)          100M (6%)             -                  -          
[2026-04-03T02:40:46.763+0600][31.621s][info][gc,heap     ] GC(16) Allocated:         -               196M (11%)         474M (27%)         535M (31%)            -                  -          
[2026-04-03T02:40:46.763+0600][31.621s][info][gc,heap     ] GC(16)   Garbage:         -              1093M (62%)         249M (14%)          37M (2%)             -                  -          
[2026-04-03T02:40:46.763+0600][31.621s][info][gc,heap     ] GC(16) Reclaimed:         -                  -               844M (48%)        1055M (60%)            -                  -          
[2026-04-03T02:40:46.763+0600][31.621s][info][gc          ] GC(16) Garbage Collection (Allocation Rate) 1194M(68%)->674M(39%)
[2026-04-03T02:40:46.851+0600][31.709s][info][gc,start    ] GC(17) Garbage Collection (Allocation Rate)
[2026-04-03T02:40:46.851+0600][31.709s][info][gc,task     ] GC(17) Using 2 workers
[2026-04-03T02:40:46.852+0600][31.709s][info][gc,phases   ] GC(17) Pause Mark Start 0.012ms
[2026-04-03T02:40:47.005+0600][31.863s][info][gc,phases   ] GC(17) Concurrent Mark 153.503ms
[2026-04-03T02:40:47.006+0600][31.863s][info][gc,phases   ] GC(17) Pause Mark End 0.051ms
[2026-04-03T02:40:47.006+0600][31.864s][info][gc,phases   ] GC(17) Concurrent Mark Free 0.003ms
[2026-04-03T02:40:47.047+0600][31.905s][info][gc,phases   ] GC(17) Concurrent Process Non-Strong References 40.829ms
[2026-04-03T02:40:47.047+0600][31.905s][info][gc,phases   ] GC(17) Concurrent Reset Relocation Set 0.016ms
[2026-04-03T02:40:47.051+0600][31.908s][info][gc,phases   ] GC(17) Concurrent Select Relocation Set 3.675ms
[2026-04-03T02:40:47.051+0600][31.909s][info][gc,phases   ] GC(17) Pause Relocate Start 0.018ms
[2026-04-03T02:40:47.056+0600][31.914s][info][gc,phases   ] GC(17) Concurrent Relocate 5.136ms
[2026-04-03T02:40:47.056+0600][31.914s][info][gc,load     ] GC(17) Load: 4.48/5.21/5.56
[2026-04-03T02:40:47.056+0600][31.914s][info][gc,mmu      ] GC(17) MMU: 2ms/93.9%, 5ms/97.6%, 10ms/98.8%, 20ms/99.4%, 50ms/99.8%, 100ms/99.9%
[2026-04-03T02:40:47.056+0600][31.914s][info][gc,marking  ] GC(17) Mark: 2 stripe(s), 2 proactive flush(es), 1 terminate flush(es), 0 completion(s), 0 continuation(s) 
[2026-04-03T02:40:47.057+0600][31.914s][info][gc,marking  ] GC(17) Mark Stack Usage: 32M
[2026-04-03T02:40:47.057+0600][31.914s][info][gc,nmethod  ] GC(17) NMethods: 13678 registered, 1213 unregistered
[2026-04-03T02:40:47.057+0600][31.914s][info][gc,metaspace] GC(17) Metaspace: 126M used, 127M committed, 1152M reserved
[2026-04-03T02:40:47.057+0600][31.914s][info][gc,ref      ] GC(17) Soft: 3384 encountered, 0 discovered, 0 enqueued
[2026-04-03T02:40:47.057+0600][31.914s][info][gc,ref      ] GC(17) Weak: 14696 encountered, 6763 discovered, 373 enqueued
[2026-04-03T02:40:47.057+0600][31.914s][info][gc,ref      ] GC(17) Final: 84 encountered, 0 discovered, 0 enqueued
[2026-04-03T02:40:47.057+0600][31.914s][info][gc,ref      ] GC(17) Phantom: 620 encountered, 593 discovered, 0 enqueued
[2026-04-03T02:40:47.057+0600][31.914s][info][gc,reloc    ] GC(17) Small Pages: 143 / 286M, Empty: 22M, Relocated: 3M, In-Place: 0
[2026-04-03T02:40:47.057+0600][31.915s][info][gc,reloc    ] GC(17) Medium Pages: 2 / 64M, Empty: 32M, Relocated: 0M, In-Place: 0
[2026-04-03T02:40:47.057+0600][31.915s][info][gc,reloc    ] GC(17) Large Pages: 71 / 426M, Empty: 426M, Relocated: 0M, In-Place: 0
[2026-04-03T02:40:47.057+0600][31.915s][info][gc,reloc    ] GC(17) Forwarding Usage: 0M
[2026-04-03T02:40:47.057+0600][31.915s][info][gc,heap     ] GC(17) Min Capacity: 8M(0%)
[2026-04-03T02:40:47.057+0600][31.915s][info][gc,heap     ] GC(17) Max Capacity: 1750M(100%)
[2026-04-03T02:40:47.057+0600][31.915s][info][gc,heap     ] GC(17) Soft Max Capacity: 1750M(100%)
[2026-04-03T02:40:47.057+0600][31.915s][info][gc,heap     ] GC(17)                Mark Start          Mark End        Relocate Start      Relocate End           High               Low         
[2026-04-03T02:40:47.057+0600][31.915s][info][gc,heap     ] GC(17)  Capacity:     1750M (100%)       1750M (100%)       1750M (100%)       1750M (100%)       1750M (100%)       1750M (100%)   
[2026-04-03T02:40:47.057+0600][31.915s][info][gc,heap     ] GC(17)      Free:      974M (56%)         864M (49%)        1322M (76%)        1478M (84%)        1478M (84%)         846M (48%)    
[2026-04-03T02:40:47.057+0600][31.915s][info][gc,heap     ] GC(17)      Used:      776M (44%)         886M (51%)         428M (24%)         272M (16%)         904M (52%)         272M (16%)    
[2026-04-03T02:40:47.057+0600][31.915s][info][gc,heap     ] GC(17)      Live:         -                97M (6%)           97M (6%)           97M (6%)             -                  -          
[2026-04-03T02:40:47.057+0600][31.915s][info][gc,heap     ] GC(17) Allocated:         -               110M (6%)          132M (8%)          135M (8%)             -                  -          
[2026-04-03T02:40:47.057+0600][31.915s][info][gc,heap     ] GC(17)   Garbage:         -               678M (39%)         198M (11%)          39M (2%)             -                  -          
[2026-04-03T02:40:47.057+0600][31.915s][info][gc,heap     ] GC(17) Reclaimed:         -                  -               480M (27%)         639M (37%)            -                  -          
[2026-04-03T02:40:47.057+0600][31.915s][info][gc          ] GC(17) Garbage Collection (Allocation Rate) 776M(44%)->272M(16%)
[2026-04-03T02:40:47.751+0600][32.609s][info][gc,start    ] GC(18) Garbage Collection (Allocation Rate)
[2026-04-03T02:40:47.751+0600][32.609s][info][gc,task     ] GC(18) Using 2 workers
[2026-04-03T02:40:47.751+0600][32.609s][info][gc,phases   ] GC(18) Pause Mark Start 0.014ms
[2026-04-03T02:40:47.912+0600][32.770s][info][gc,phases   ] GC(18) Concurrent Mark 160.791ms
[2026-04-03T02:40:47.913+0600][32.770s][info][gc,phases   ] GC(18) Pause Mark End 0.043ms
[2026-04-03T02:40:47.913+0600][32.771s][info][gc,phases   ] GC(18) Concurrent Mark Free 0.003ms
[2026-04-03T02:40:47.941+0600][32.798s][info][gc,phases   ] GC(18) Concurrent Process Non-Strong References 27.641ms
[2026-04-03T02:40:47.941+0600][32.798s][info][gc,phases   ] GC(18) Concurrent Reset Relocation Set 0.009ms
[2026-04-03T02:40:47.945+0600][32.803s][info][gc,phases   ] GC(18) Concurrent Select Relocation Set 4.698ms
[2026-04-03T02:40:47.946+0600][32.804s][info][gc,phases   ] GC(18) Pause Relocate Start 0.019ms
[2026-04-03T02:40:47.959+0600][32.817s][info][gc,phases   ] GC(18) Concurrent Relocate 12.455ms
[2026-04-03T02:40:47.960+0600][32.818s][info][gc,load     ] GC(18) Load: 4.48/5.21/5.56
[2026-04-03T02:40:47.960+0600][32.818s][info][gc,mmu      ] GC(18) MMU: 2ms/93.9%, 5ms/97.6%, 10ms/98.8%, 20ms/99.4%, 50ms/99.8%, 100ms/99.9%
[2026-04-03T02:40:47.960+0600][32.818s][info][gc,marking  ] GC(18) Mark: 2 stripe(s), 2 proactive flush(es), 1 terminate flush(es), 0 completion(s), 0 continuation(s) 
[2026-04-03T02:40:47.960+0600][32.818s][info][gc,marking  ] GC(18) Mark Stack Usage: 32M
[2026-04-03T02:40:47.960+0600][32.818s][info][gc,nmethod  ] GC(18) NMethods: 13747 registered, 1288 unregistered
[2026-04-03T02:40:47.960+0600][32.818s][info][gc,metaspace] GC(18) Metaspace: 126M used, 128M committed, 1152M reserved
[2026-04-03T02:40:47.960+0600][32.818s][info][gc,ref      ] GC(18) Soft: 3390 encountered, 0 discovered, 0 enqueued
[2026-04-03T02:40:47.960+0600][32.818s][info][gc,ref      ] GC(18) Weak: 15253 encountered, 6384 discovered, 258 enqueued
[2026-04-03T02:40:47.960+0600][32.818s][info][gc,ref      ] GC(18) Final: 84 encountered, 84 discovered, 0 enqueued
[2026-04-03T02:40:47.960+0600][32.818s][info][gc,ref      ] GC(18) Phantom: 620 encountered, 487 discovered, 0 enqueued
[2026-04-03T02:40:47.960+0600][32.818s][info][gc,reloc    ] GC(18) Small Pages: 326 / 652M, Empty: 154M, Relocated: 8M, In-Place: 0
[2026-04-03T02:40:47.960+0600][32.818s][info][gc,reloc    ] GC(18) Medium Pages: 4 / 128M, Empty: 64M, Relocated: 9M, In-Place: 0
[2026-04-03T02:40:47.960+0600][32.818s][info][gc,reloc    ] GC(18) Large Pages: 14 / 84M, Empty: 84M, Relocated: 0M, In-Place: 0
[2026-04-03T02:40:47.960+0600][32.818s][info][gc,reloc    ] GC(18) Forwarding Usage: 2M
[2026-04-03T02:40:47.960+0600][32.818s][info][gc,heap     ] GC(18) Min Capacity: 8M(0%)
[2026-04-03T02:40:47.960+0600][32.818s][info][gc,heap     ] GC(18) Max Capacity: 1750M(100%)
[2026-04-03T02:40:47.960+0600][32.818s][info][gc,heap     ] GC(18) Soft Max Capacity: 1750M(100%)
[2026-04-03T02:40:47.960+0600][32.818s][info][gc,heap     ] GC(18)                Mark Start          Mark End        Relocate Start      Relocate End           High               Low         
[2026-04-03T02:40:47.960+0600][32.818s][info][gc,heap     ] GC(18)  Capacity:     1750M (100%)       1750M (100%)       1750M (100%)       1750M (100%)       1750M (100%)       1750M (100%)   
[2026-04-03T02:40:47.960+0600][32.818s][info][gc,heap     ] GC(18)      Free:      886M (51%)         714M (41%)         988M (56%)        1400M (80%)        1406M (80%)         694M (40%)    
[2026-04-03T02:40:47.960+0600][32.818s][info][gc,heap     ] GC(18)      Used:      864M (49%)        1036M (59%)         762M (44%)         350M (20%)        1056M (60%)         344M (20%)    
[2026-04-03T02:40:47.960+0600][32.818s][info][gc,heap     ] GC(18)      Live:         -               102M (6%)          102M (6%)          102M (6%)             -                  -          
[2026-04-03T02:40:47.960+0600][32.818s][info][gc,heap     ] GC(18) Allocated:         -               172M (10%)         200M (11%)         211M (12%)            -                  -          
[2026-04-03T02:40:47.960+0600][32.818s][info][gc,heap     ] GC(18)   Garbage:         -               761M (44%)         459M (26%)          35M (2%)             -                  -          
[2026-04-03T02:40:47.960+0600][32.818s][info][gc,heap     ] GC(18) Reclaimed:         -                  -               302M (17%)         725M (41%)            -                  -          
[2026-04-03T02:40:47.960+0600][32.818s][info][gc          ] GC(18) Garbage Collection (Allocation Rate) 864M(49%)->350M(20%)
[2026-04-03T02:40:48.851+0600][33.709s][info][gc,start    ] GC(19) Garbage Collection (Allocation Rate)
[2026-04-03T02:40:48.851+0600][33.709s][info][gc,task     ] GC(19) Using 2 workers
[2026-04-03T02:40:48.852+0600][33.710s][info][gc,phases   ] GC(19) Pause Mark Start 0.017ms
[2026-04-03T02:40:49.037+0600][33.895s][info][gc,phases   ] GC(19) Concurrent Mark 184.954ms
[2026-04-03T02:40:49.038+0600][33.895s][info][gc,phases   ] GC(19) Pause Mark End 0.035ms
[2026-04-03T02:40:49.038+0600][33.896s][info][gc,phases   ] GC(19) Concurrent Mark Free 0.002ms
[2026-04-03T02:40:49.073+0600][33.931s][info][gc,phases   ] GC(19) Concurrent Process Non-Strong References 34.972ms
[2026-04-03T02:40:49.073+0600][33.931s][info][gc,phases   ] GC(19) Concurrent Reset Relocation Set 0.021ms
[2026-04-03T02:40:49.076+0600][33.934s][info][gc,phases   ] GC(19) Concurrent Select Relocation Set 3.141ms
[2026-04-03T02:40:49.077+0600][33.934s][info][gc,phases   ] GC(19) Pause Relocate Start 0.015ms
[2026-04-03T02:40:49.084+0600][33.942s][info][gc,phases   ] GC(19) Concurrent Relocate 7.179ms
[2026-04-03T02:40:49.084+0600][33.942s][info][gc,load     ] GC(19) Load: 4.48/5.21/5.56
[2026-04-03T02:40:49.084+0600][33.942s][info][gc,mmu      ] GC(19) MMU: 2ms/93.9%, 5ms/97.6%, 10ms/98.8%, 20ms/99.4%, 50ms/99.8%, 100ms/99.9%
[2026-04-03T02:40:49.084+0600][33.942s][info][gc,marking  ] GC(19) Mark: 2 stripe(s), 2 proactive flush(es), 1 terminate flush(es), 0 completion(s), 0 continuation(s) 
[2026-04-03T02:40:49.084+0600][33.942s][info][gc,marking  ] GC(19) Mark Stack Usage: 32M
[2026-04-03T02:40:49.084+0600][33.942s][info][gc,nmethod  ] GC(19) NMethods: 13850 registered, 1401 unregistered
[2026-04-03T02:40:49.084+0600][33.942s][info][gc,metaspace] GC(19) Metaspace: 126M used, 128M committed, 1152M reserved
[2026-04-03T02:40:49.084+0600][33.942s][info][gc,ref      ] GC(19) Soft: 3392 encountered, 0 discovered, 0 enqueued
[2026-04-03T02:40:49.084+0600][33.942s][info][gc,ref      ] GC(19) Weak: 16345 encountered, 6770 discovered, 1622 enqueued
[2026-04-03T02:40:49.084+0600][33.942s][info][gc,ref      ] GC(19) Final: 84 encountered, 0 discovered, 0 enqueued
[2026-04-03T02:40:49.084+0600][33.942s][info][gc,ref      ] GC(19) Phantom: 620 encountered, 550 discovered, 0 enqueued
[2026-04-03T02:40:49.084+0600][33.942s][info][gc,reloc    ] GC(19) Small Pages: 472 / 944M, Empty: 344M, Relocated: 6M, In-Place: 0
[2026-04-03T02:40:49.084+0600][33.942s][info][gc,reloc    ] GC(19) Medium Pages: 6 / 192M, Empty: 160M, Relocated: 0M, In-Place: 0
[2026-04-03T02:40:49.084+0600][33.942s][info][gc,reloc    ] GC(19) Large Pages: 20 / 120M, Empty: 120M, Relocated: 0M, In-Place: 0
[2026-04-03T02:40:49.084+0600][33.942s][info][gc,reloc    ] GC(19) Forwarding Usage: 1M
[2026-04-03T02:40:49.084+0600][33.942s][info][gc,heap     ] GC(19) Min Capacity: 8M(0%)
[2026-04-03T02:40:49.084+0600][33.942s][info][gc,heap     ] GC(19) Max Capacity: 1750M(100%)
[2026-04-03T02:40:49.084+0600][33.942s][info][gc,heap     ] GC(19) Soft Max Capacity: 1750M(100%)
[2026-04-03T02:40:49.084+0600][33.942s][info][gc,heap     ] GC(19)                Mark Start          Mark End        Relocate Start      Relocate End           High               Low         
[2026-04-03T02:40:49.084+0600][33.942s][info][gc,heap     ] GC(19)  Capacity:     1750M (100%)       1750M (100%)       1750M (100%)       1750M (100%)       1750M (100%)       1750M (100%)   
[2026-04-03T02:40:49.084+0600][33.942s][info][gc,heap     ] GC(19)      Free:      494M (28%)         322M (18%)         888M (51%)        1376M (79%)        1376M (79%)         270M (15%)    
[2026-04-03T02:40:49.084+0600][33.942s][info][gc,heap     ] GC(19)      Used:     1256M (72%)        1428M (82%)         862M (49%)         374M (21%)        1480M (85%)         374M (21%)    
[2026-04-03T02:40:49.084+0600][33.942s][info][gc,heap     ] GC(19)      Live:         -               102M (6%)          102M (6%)          102M (6%)             -                  -          
[2026-04-03T02:40:49.084+0600][33.942s][info][gc,heap     ] GC(19) Allocated:         -               172M (10%)         230M (13%)         233M (13%)            -                  -          
[2026-04-03T02:40:49.084+0600][33.942s][info][gc,heap     ] GC(19)   Garbage:         -              1153M (66%)         529M (30%)          38M (2%)             -                  -          
[2026-04-03T02:40:49.084+0600][33.942s][info][gc,heap     ] GC(19) Reclaimed:         -                  -               624M (36%)        1115M (64%)            -                  -          
[2026-04-03T02:40:49.084+0600][33.942s][info][gc          ] GC(19) Garbage Collection (Allocation Rate) 1256M(72%)->374M(21%)
[2026-04-03T02:40:49.951+0600][34.809s][info][gc,start    ] GC(20) Garbage Collection (Allocation Rate)
[2026-04-03T02:40:49.951+0600][34.809s][info][gc,task     ] GC(20) Using 2 workers
[2026-04-03T02:40:49.952+0600][34.810s][info][gc,phases   ] GC(20) Pause Mark Start 0.019ms
[2026-04-03T02:40:50.135+0600][34.993s][info][gc,phases   ] GC(20) Concurrent Mark 181.835ms
[2026-04-03T02:40:50.138+0600][34.996s][info][gc,phases   ] GC(20) Pause Mark End 0.152ms
[2026-04-03T02:40:50.139+0600][34.997s][info][gc,phases   ] GC(20) Concurrent Mark Free 0.003ms
[2026-04-03T02:40:50.195+0600][35.053s][info][gc,phases   ] GC(20) Concurrent Process Non-Strong References 56.538ms
[2026-04-03T02:40:50.196+0600][35.054s][info][gc,phases   ] GC(20) Concurrent Reset Relocation Set 0.029ms
[2026-04-03T02:40:50.200+0600][35.058s][info][gc,phases   ] GC(20) Concurrent Select Relocation Set 4.312ms
[2026-04-03T02:40:50.201+0600][35.059s][info][gc,phases   ] GC(20) Pause Relocate Start 0.022ms
[2026-04-03T02:40:50.215+0600][35.073s][info][gc,phases   ] GC(20) Concurrent Relocate 14.397ms
[2026-04-03T02:40:50.216+0600][35.074s][info][gc,load     ] GC(20) Load: 5.00/5.30/5.59
[2026-04-03T02:40:50.216+0600][35.074s][info][gc,mmu      ] GC(20) MMU: 2ms/92.4%, 5ms/97.0%, 10ms/98.5%, 20ms/99.2%, 50ms/99.7%, 100ms/99.8%
[2026-04-03T02:40:50.216+0600][35.074s][info][gc,marking  ] GC(20) Mark: 2 stripe(s), 2 proactive flush(es), 1 terminate flush(es), 0 completion(s), 0 continuation(s) 
[2026-04-03T02:40:50.216+0600][35.074s][info][gc,marking  ] GC(20) Mark Stack Usage: 32M
[2026-04-03T02:40:50.216+0600][35.074s][info][gc,nmethod  ] GC(20) NMethods: 13896 registered, 1468 unregistered
[2026-04-03T02:40:50.216+0600][35.074s][info][gc,metaspace] GC(20) Metaspace: 126M used, 128M committed, 1152M reserved
[2026-04-03T02:40:50.216+0600][35.074s][info][gc,ref      ] GC(20) Soft: 3405 encountered, 0 discovered, 0 enqueued
[2026-04-03T02:40:50.216+0600][35.074s][info][gc,ref      ] GC(20) Weak: 16468 encountered, 6690 discovered, 1763 enqueued
[2026-04-03T02:40:50.216+0600][35.074s][info][gc,ref      ] GC(20) Final: 84 encountered, 0 discovered, 0 enqueued
[2026-04-03T02:40:50.216+0600][35.074s][info][gc,ref      ] GC(20) Phantom: 620 encountered, 512 discovered, 0 enqueued
[2026-04-03T02:40:50.216+0600][35.074s][info][gc,reloc    ] GC(20) Small Pages: 477 / 954M, Empty: 378M, Relocated: 8M, In-Place: 0
[2026-04-03T02:40:50.216+0600][35.074s][info][gc,reloc    ] GC(20) Medium Pages: 6 / 192M, Empty: 160M, Relocated: 0M, In-Place: 0
[2026-04-03T02:40:50.216+0600][35.074s][info][gc,reloc    ] GC(20) Large Pages: 23 / 138M, Empty: 138M, Relocated: 0M, In-Place: 0
[2026-04-03T02:40:50.216+0600][35.074s][info][gc,reloc    ] GC(20) Forwarding Usage: 2M
[2026-04-03T02:40:50.216+0600][35.074s][info][gc,heap     ] GC(20) Min Capacity: 8M(0%)
[2026-04-03T02:40:50.216+0600][35.074s][info][gc,heap     ] GC(20) Max Capacity: 1750M(100%)
[2026-04-03T02:40:50.216+0600][35.074s][info][gc,heap     ] GC(20) Soft Max Capacity: 1750M(100%)
[2026-04-03T02:40:50.216+0600][35.074s][info][gc,heap     ] GC(20)                Mark Start          Mark End        Relocate Start      Relocate End           High               Low         
[2026-04-03T02:40:50.216+0600][35.074s][info][gc,heap     ] GC(20)  Capacity:     1750M (100%)       1750M (100%)       1750M (100%)       1750M (100%)       1750M (100%)       1750M (100%)   
[2026-04-03T02:40:50.216+0600][35.074s][info][gc,heap     ] GC(20)      Free:      466M (27%)         222M (13%)         828M (47%)        1280M (73%)        1280M (73%)         154M (9%)     
[2026-04-03T02:40:50.216+0600][35.074s][info][gc,heap     ] GC(20)      Used:     1284M (73%)        1528M (87%)         922M (53%)         470M (27%)        1596M (91%)         470M (27%)    
[2026-04-03T02:40:50.216+0600][35.074s][info][gc,heap     ] GC(20)      Live:         -               103M (6%)          103M (6%)          103M (6%)             -                  -          
[2026-04-03T02:40:50.216+0600][35.074s][info][gc,heap     ] GC(20) Allocated:         -               244M (14%)         314M (18%)         327M (19%)            -                  -          
[2026-04-03T02:40:50.216+0600][35.074s][info][gc,heap     ] GC(20)   Garbage:         -              1180M (67%)         504M (29%)          38M (2%)             -                  -          
[2026-04-03T02:40:50.216+0600][35.074s][info][gc,heap     ] GC(20) Reclaimed:         -                  -               676M (39%)        1141M (65%)            -                  -          
[2026-04-03T02:40:50.216+0600][35.074s][info][gc          ] GC(20) Garbage Collection (Allocation Rate) 1284M(73%)->470M(27%)
[2026-04-03T02:40:50.451+0600][35.309s][info][gc,start    ] GC(21) Garbage Collection (Allocation Rate)
[2026-04-03T02:40:50.451+0600][35.309s][info][gc,task     ] GC(21) Using 2 workers
[2026-04-03T02:40:50.452+0600][35.309s][info][gc,phases   ] GC(21) Pause Mark Start 0.014ms
[2026-04-03T02:40:50.592+0600][35.450s][info][gc,phases   ] GC(21) Concurrent Mark 140.070ms
[2026-04-03T02:40:50.592+0600][35.450s][info][gc,phases   ] GC(21) Pause Mark End 0.042ms
[2026-04-03T02:40:50.592+0600][35.450s][info][gc,phases   ] GC(21) Concurrent Mark Free 0.003ms
[2026-04-03T02:40:50.620+0600][35.478s][info][gc,phases   ] GC(21) Concurrent Process Non-Strong References 27.868ms
[2026-04-03T02:40:50.620+0600][35.478s][info][gc,phases   ] GC(21) Concurrent Reset Relocation Set 0.025ms
[2026-04-03T02:40:50.625+0600][35.483s][info][gc,phases   ] GC(21) Concurrent Select Relocation Set 4.787ms
[2026-04-03T02:40:50.625+0600][35.483s][info][gc,phases   ] GC(21) Pause Relocate Start 0.019ms
[2026-04-03T02:40:50.645+0600][35.503s][info][gc,phases   ] GC(21) Concurrent Relocate 19.377ms
[2026-04-03T02:40:50.645+0600][35.503s][info][gc,load     ] GC(21) Load: 5.00/5.30/5.59
[2026-04-03T02:40:50.645+0600][35.503s][info][gc,mmu      ] GC(21) MMU: 2ms/92.4%, 5ms/97.0%, 10ms/98.5%, 20ms/99.2%, 50ms/99.7%, 100ms/99.8%
[2026-04-03T02:40:50.645+0600][35.503s][info][gc,marking  ] GC(21) Mark: 2 stripe(s), 2 proactive flush(es), 1 terminate flush(es), 0 completion(s), 0 continuation(s) 
[2026-04-03T02:40:50.645+0600][35.503s][info][gc,marking  ] GC(21) Mark Stack Usage: 32M
[2026-04-03T02:40:50.645+0600][35.503s][info][gc,nmethod  ] GC(21) NMethods: 13941 registered, 1486 unregistered
[2026-04-03T02:40:50.645+0600][35.503s][info][gc,metaspace] GC(21) Metaspace: 126M used, 128M committed, 1152M reserved
[2026-04-03T02:40:50.645+0600][35.503s][info][gc,ref      ] GC(21) Soft: 3397 encountered, 0 discovered, 0 enqueued
[2026-04-03T02:40:50.645+0600][35.503s][info][gc,ref      ] GC(21) Weak: 15171 encountered, 4865 discovered, 791 enqueued
[2026-04-03T02:40:50.645+0600][35.503s][info][gc,ref      ] GC(21) Final: 84 encountered, 0 discovered, 0 enqueued
[2026-04-03T02:40:50.645+0600][35.503s][info][gc,ref      ] GC(21) Phantom: 620 encountered, 550 discovered, 0 enqueued
[2026-04-03T02:40:50.645+0600][35.503s][info][gc,reloc    ] GC(21) Small Pages: 262 / 524M, Empty: 252M, Relocated: 10M, In-Place: 0
[2026-04-03T02:40:50.645+0600][35.503s][info][gc,reloc    ] GC(21) Medium Pages: 3 / 96M, Empty: 64M, Relocated: 0M, In-Place: 0
[2026-04-03T02:40:50.645+0600][35.503s][info][gc,reloc    ] GC(21) Large Pages: 70 / 420M, Empty: 420M, Relocated: 0M, In-Place: 0
[2026-04-03T02:40:50.645+0600][35.503s][info][gc,reloc    ] GC(21) Forwarding Usage: 4M
[2026-04-03T02:40:50.645+0600][35.503s][info][gc,heap     ] GC(21) Min Capacity: 8M(0%)
[2026-04-03T02:40:50.645+0600][35.503s][info][gc,heap     ] GC(21) Max Capacity: 1750M(100%)
[2026-04-03T02:40:50.645+0600][35.503s][info][gc,heap     ] GC(21) Soft Max Capacity: 1750M(100%)
[2026-04-03T02:40:50.645+0600][35.503s][info][gc,heap     ] GC(21)                Mark Start          Mark End        Relocate Start      Relocate End           High               Low         
[2026-04-03T02:40:50.645+0600][35.503s][info][gc,heap     ] GC(21)  Capacity:     1750M (100%)       1750M (100%)       1750M (100%)       1750M (100%)       1750M (100%)       1750M (100%)   
[2026-04-03T02:40:50.645+0600][35.503s][info][gc,heap     ] GC(21)      Free:      710M (41%)         264M (15%)         970M (55%)        1114M (64%)        1130M (65%)         238M (14%)    
[2026-04-03T02:40:50.645+0600][35.503s][info][gc,heap     ] GC(21)      Used:     1040M (59%)        1486M (85%)         780M (45%)         636M (36%)        1512M (86%)         620M (35%)    
[2026-04-03T02:40:50.645+0600][35.503s][info][gc,heap     ] GC(21)      Live:         -               101M (6%)          101M (6%)          101M (6%)             -                  -          
[2026-04-03T02:40:50.645+0600][35.503s][info][gc,heap     ] GC(21) Allocated:         -               446M (25%)         476M (27%)         497M (28%)            -                  -          
[2026-04-03T02:40:50.645+0600][35.503s][info][gc,heap     ] GC(21)   Garbage:         -               938M (54%)         202M (12%)          36M (2%)             -                  -          
[2026-04-03T02:40:50.645+0600][35.503s][info][gc,heap     ] GC(21) Reclaimed:         -                  -               736M (42%)         901M (52%)            -                  -          
[2026-04-03T02:40:50.645+0600][35.503s][info][gc          ] GC(21) Garbage Collection (Allocation Rate) 1040M(59%)->636M(36%)
[2026-04-03T02:40:50.653+0600][35.510s][info][gc,start    ] GC(22) Garbage Collection (Allocation Rate)
[2026-04-03T02:40:50.653+0600][35.511s][info][gc,task     ] GC(22) Using 2 workers
[2026-04-03T02:40:50.656+0600][35.514s][info][gc,phases   ] GC(22) Pause Mark Start 0.023ms
[2026-04-03T02:40:50.848+0600][35.706s][info][gc,phases   ] GC(22) Concurrent Mark 188.093ms
[2026-04-03T02:40:50.848+0600][35.706s][info][gc,phases   ] GC(22) Pause Mark End 0.032ms
[2026-04-03T02:40:50.848+0600][35.706s][info][gc,phases   ] GC(22) Concurrent Mark Free 0.004ms
[2026-04-03T02:40:50.876+0600][35.734s][info][gc,phases   ] GC(22) Concurrent Process Non-Strong References 27.382ms
[2026-04-03T02:40:50.876+0600][35.734s][info][gc,phases   ] GC(22) Concurrent Reset Relocation Set 0.013ms
[2026-04-03T02:40:50.885+0600][35.743s][info][gc,phases   ] GC(22) Concurrent Select Relocation Set 9.099ms
[2026-04-03T02:40:50.886+0600][35.744s][info][gc,phases   ] GC(22) Pause Relocate Start 0.040ms
[2026-04-03T02:40:50.896+0600][35.753s][info][gc,phases   ] GC(22) Concurrent Relocate 9.160ms
[2026-04-03T02:40:50.896+0600][35.754s][info][gc,load     ] GC(22) Load: 5.00/5.30/5.59
[2026-04-03T02:40:50.896+0600][35.754s][info][gc,mmu      ] GC(22) MMU: 2ms/92.4%, 5ms/97.0%, 10ms/98.5%, 20ms/99.2%, 50ms/99.7%, 100ms/99.8%
[2026-04-03T02:40:50.896+0600][35.754s][info][gc,marking  ] GC(22) Mark: 2 stripe(s), 2 proactive flush(es), 1 terminate flush(es), 0 completion(s), 0 continuation(s) 
[2026-04-03T02:40:50.896+0600][35.754s][info][gc,marking  ] GC(22) Mark Stack Usage: 32M
[2026-04-03T02:40:50.896+0600][35.754s][info][gc,nmethod  ] GC(22) NMethods: 13982 registered, 1491 unregistered
[2026-04-03T02:40:50.896+0600][35.754s][info][gc,metaspace] GC(22) Metaspace: 126M used, 128M committed, 1152M reserved
[2026-04-03T02:40:50.896+0600][35.754s][info][gc,ref      ] GC(22) Soft: 3405 encountered, 0 discovered, 0 enqueued
[2026-04-03T02:40:50.896+0600][35.754s][info][gc,ref      ] GC(22) Weak: 14534 encountered, 3475 discovered, 8 enqueued
[2026-04-03T02:40:50.896+0600][35.754s][info][gc,ref      ] GC(22) Final: 84 encountered, 0 discovered, 0 enqueued
[2026-04-03T02:40:50.896+0600][35.754s][info][gc,ref      ] GC(22) Phantom: 620 encountered, 547 discovered, 0 enqueued
[2026-04-03T02:40:50.896+0600][35.754s][info][gc,reloc    ] GC(22) Small Pages: 96 / 192M, Empty: 14M, Relocated: 5M, In-Place: 0
[2026-04-03T02:40:50.896+0600][35.754s][info][gc,reloc    ] GC(22) Medium Pages: 2 / 64M, Empty: 32M, Relocated: 0M, In-Place: 0
[2026-04-03T02:40:50.896+0600][35.754s][info][gc,reloc    ] GC(22) Large Pages: 66 / 396M, Empty: 396M, Relocated: 0M, In-Place: 0
[2026-04-03T02:40:50.896+0600][35.754s][info][gc,reloc    ] GC(22) Forwarding Usage: 0M
[2026-04-03T02:40:50.896+0600][35.754s][info][gc,heap     ] GC(22) Min Capacity: 8M(0%)
[2026-04-03T02:40:50.896+0600][35.754s][info][gc,heap     ] GC(22) Max Capacity: 1750M(100%)
[2026-04-03T02:40:50.896+0600][35.754s][info][gc,heap     ] GC(22) Soft Max Capacity: 1750M(100%)
[2026-04-03T02:40:50.896+0600][35.754s][info][gc,heap     ] GC(22)                Mark Start          Mark End        Relocate Start      Relocate End           High               Low         
[2026-04-03T02:40:50.896+0600][35.754s][info][gc,heap     ] GC(22)  Capacity:     1750M (100%)       1750M (100%)       1750M (100%)       1750M (100%)       1750M (100%)       1750M (100%)   
[2026-04-03T02:40:50.896+0600][35.754s][info][gc,heap     ] GC(22)      Free:     1098M (63%)         924M (53%)        1348M (77%)        1414M (81%)        1416M (81%)         914M (52%)    
[2026-04-03T02:40:50.896+0600][35.754s][info][gc,heap     ] GC(22)      Used:      652M (37%)         826M (47%)         402M (23%)         336M (19%)         836M (48%)         334M (19%)    
[2026-04-03T02:40:50.896+0600][35.754s][info][gc,heap     ] GC(22)      Live:         -               103M (6%)          103M (6%)          103M (6%)             -                  -          
[2026-04-03T02:40:50.896+0600][35.754s][info][gc,heap     ] GC(22) Allocated:         -               174M (10%)         192M (11%)         195M (11%)            -                  -          
[2026-04-03T02:40:50.896+0600][35.754s][info][gc,heap     ] GC(22)   Garbage:         -               548M (31%)         106M (6%)           36M (2%)             -                  -          
[2026-04-03T02:40:50.896+0600][35.754s][info][gc,heap     ] GC(22) Reclaimed:         -                  -               442M (25%)         511M (29%)            -                  -          
[2026-04-03T02:40:50.896+0600][35.754s][info][gc          ] GC(22) Garbage Collection (Allocation Rate) 652M(37%)->336M(19%)
[2026-04-03T02:40:50.951+0600][35.809s][info][gc,start    ] GC(23) Garbage Collection (Allocation Rate)
[2026-04-03T02:40:50.951+0600][35.809s][info][gc,task     ] GC(23) Using 2 workers
[2026-04-03T02:40:50.951+0600][35.809s][info][gc,phases   ] GC(23) Pause Mark Start 0.013ms
[2026-04-03T02:40:51.055+0600][35.913s][info][gc,phases   ] GC(23) Concurrent Mark 104.239ms
[2026-04-03T02:40:51.056+0600][35.913s][info][gc,phases   ] GC(23) Pause Mark End 0.025ms
[2026-04-03T02:40:51.056+0600][35.914s][info][gc,phases   ] GC(23) Concurrent Mark Free 0.002ms
[2026-04-03T02:40:51.078+0600][35.935s][info][gc,phases   ] GC(23) Concurrent Process Non-Strong References 21.946ms
[2026-04-03T02:40:51.078+0600][35.936s][info][gc,phases   ] GC(23) Concurrent Reset Relocation Set 0.005ms
[2026-04-03T02:40:51.081+0600][35.939s][info][gc,phases   ] GC(23) Concurrent Select Relocation Set 3.781ms
[2026-04-03T02:40:51.082+0600][35.940s][info][gc,phases   ] GC(23) Pause Relocate Start 0.015ms
[2026-04-03T02:40:51.086+0600][35.944s][info][gc,phases   ] GC(23) Concurrent Relocate 3.920ms
[2026-04-03T02:40:51.086+0600][35.944s][info][gc,load     ] GC(23) Load: 5.00/5.30/5.59
[2026-04-03T02:40:51.086+0600][35.944s][info][gc,mmu      ] GC(23) MMU: 2ms/92.4%, 5ms/97.0%, 10ms/98.5%, 20ms/99.2%, 50ms/99.7%, 100ms/99.8%
[2026-04-03T02:40:51.086+0600][35.944s][info][gc,marking  ] GC(23) Mark: 2 stripe(s), 2 proactive flush(es), 1 terminate flush(es), 0 completion(s), 0 continuation(s) 
[2026-04-03T02:40:51.086+0600][35.944s][info][gc,marking  ] GC(23) Mark Stack Usage: 32M
[2026-04-03T02:40:51.086+0600][35.944s][info][gc,nmethod  ] GC(23) NMethods: 13994 registered, 1506 unregistered
[2026-04-03T02:40:51.086+0600][35.944s][info][gc,metaspace] GC(23) Metaspace: 126M used, 128M committed, 1152M reserved
[2026-04-03T02:40:51.086+0600][35.944s][info][gc,ref      ] GC(23) Soft: 3397 encountered, 0 discovered, 0 enqueued
[2026-04-03T02:40:51.086+0600][35.944s][info][gc,ref      ] GC(23) Weak: 14770 encountered, 5007 discovered, 392 enqueued
[2026-04-03T02:40:51.086+0600][35.944s][info][gc,ref      ] GC(23) Final: 84 encountered, 0 discovered, 0 enqueued
[2026-04-03T02:40:51.086+0600][35.944s][info][gc,ref      ] GC(23) Phantom: 620 encountered, 431 discovered, 0 enqueued
[2026-04-03T02:40:51.086+0600][35.944s][info][gc,reloc    ] GC(23) Small Pages: 128 / 256M, Empty: 18M, Relocated: 3M, In-Place: 0
[2026-04-03T02:40:51.086+0600][35.944s][info][gc,reloc    ] GC(23) Medium Pages: 3 / 96M, Empty: 64M, Relocated: 0M, In-Place: 0
[2026-04-03T02:40:51.086+0600][35.944s][info][gc,reloc    ] GC(23) Large Pages: 5 / 30M, Empty: 30M, Relocated: 0M, In-Place: 0
[2026-04-03T02:40:51.086+0600][35.944s][info][gc,reloc    ] GC(23) Forwarding Usage: 1M
[2026-04-03T02:40:51.086+0600][35.944s][info][gc,heap     ] GC(23) Min Capacity: 8M(0%)
[2026-04-03T02:40:51.086+0600][35.944s][info][gc,heap     ] GC(23) Max Capacity: 1750M(100%)
[2026-04-03T02:40:51.086+0600][35.944s][info][gc,heap     ] GC(23) Soft Max Capacity: 1750M(100%)
[2026-04-03T02:40:51.086+0600][35.944s][info][gc,heap     ] GC(23)                Mark Start          Mark End        Relocate Start      Relocate End           High               Low         
[2026-04-03T02:40:51.086+0600][35.944s][info][gc,heap     ] GC(23)  Capacity:     1750M (100%)       1750M (100%)       1750M (100%)       1750M (100%)       1750M (100%)       1750M (100%)   
[2026-04-03T02:40:51.087+0600][35.944s][info][gc,heap     ] GC(23)      Free:     1368M (78%)        1318M (75%)        1414M (81%)        1544M (88%)        1544M (88%)        1302M (74%)    
[2026-04-03T02:40:51.087+0600][35.944s][info][gc,heap     ] GC(23)      Used:      382M (22%)         432M (25%)         336M (19%)         206M (12%)         448M (26%)         206M (12%)    
[2026-04-03T02:40:51.087+0600][35.944s][info][gc,heap     ] GC(23)      Live:         -                98M (6%)           98M (6%)           98M (6%)             -                  -          
[2026-04-03T02:40:51.087+0600][35.944s][info][gc,heap     ] GC(23) Allocated:         -                50M (3%)           66M (4%)           69M (4%)             -                  -          
[2026-04-03T02:40:51.087+0600][35.944s][info][gc,heap     ] GC(23)   Garbage:         -               283M (16%)         171M (10%)          37M (2%)             -                  -          
[2026-04-03T02:40:51.087+0600][35.944s][info][gc,heap     ] GC(23) Reclaimed:         -                  -               112M (6%)          245M (14%)            -                  -          
[2026-04-03T02:40:51.087+0600][35.944s][info][gc          ] GC(23) Garbage Collection (Allocation Rate) 382M(22%)->206M(12%)
[2026-04-03T02:40:51.550+0600][36.408s][info][gc,start    ] GC(24) Garbage Collection (Allocation Rate)
[2026-04-03T02:40:51.550+0600][36.408s][info][gc,task     ] GC(24) Using 2 workers
[2026-04-03T02:40:51.551+0600][36.408s][info][gc,phases   ] GC(24) Pause Mark Start 0.012ms
[2026-04-03T02:40:51.705+0600][36.563s][info][gc,phases   ] GC(24) Concurrent Mark 153.957ms
[2026-04-03T02:40:51.705+0600][36.563s][info][gc,phases   ] GC(24) Pause Mark End 0.034ms
[2026-04-03T02:40:51.705+0600][36.563s][info][gc,phases   ] GC(24) Concurrent Mark Free 0.003ms
[2026-04-03T02:40:51.733+0600][36.591s][info][gc,phases   ] GC(24) Concurrent Process Non-Strong References 28.241ms
[2026-04-03T02:40:51.734+0600][36.591s][info][gc,phases   ] GC(24) Concurrent Reset Relocation Set 0.007ms
[2026-04-03T02:40:51.741+0600][36.599s][info][gc,phases   ] GC(24) Concurrent Select Relocation Set 7.170ms
[2026-04-03T02:40:51.741+0600][36.599s][info][gc,phases   ] GC(24) Pause Relocate Start 0.017ms
[2026-04-03T02:40:51.749+0600][36.607s][info][gc,phases   ] GC(24) Concurrent Relocate 8.072ms
[2026-04-03T02:40:51.750+0600][36.607s][info][gc,load     ] GC(24) Load: 5.00/5.30/5.59
[2026-04-03T02:40:51.750+0600][36.607s][info][gc,mmu      ] GC(24) MMU: 2ms/92.4%, 5ms/97.0%, 10ms/98.5%, 20ms/99.2%, 50ms/99.7%, 100ms/99.8%
[2026-04-03T02:40:51.750+0600][36.607s][info][gc,marking  ] GC(24) Mark: 2 stripe(s), 2 proactive flush(es), 1 terminate flush(es), 0 completion(s), 0 continuation(s) 
[2026-04-03T02:40:51.750+0600][36.608s][info][gc,marking  ] GC(24) Mark Stack Usage: 32M
[2026-04-03T02:40:51.750+0600][36.608s][info][gc,nmethod  ] GC(24) NMethods: 14041 registered, 1523 unregistered
[2026-04-03T02:40:51.750+0600][36.608s][info][gc,metaspace] GC(24) Metaspace: 126M used, 128M committed, 1152M reserved
[2026-04-03T02:40:51.750+0600][36.608s][info][gc,ref      ] GC(24) Soft: 3397 encountered, 0 discovered, 0 enqueued
[2026-04-03T02:40:51.750+0600][36.608s][info][gc,ref      ] GC(24) Weak: 14933 encountered, 5131 discovered, 33 enqueued
[2026-04-03T02:40:51.750+0600][36.608s][info][gc,ref      ] GC(24) Final: 84 encountered, 0 discovered, 0 enqueued
[2026-04-03T02:40:51.750+0600][36.608s][info][gc,ref      ] GC(24) Phantom: 620 encountered, 547 discovered, 0 enqueued
[2026-04-03T02:40:51.750+0600][36.608s][info][gc,reloc    ] GC(24) Small Pages: 245 / 490M, Empty: 106M, Relocated: 4M, In-Place: 0
[2026-04-03T02:40:51.750+0600][36.608s][info][gc,reloc    ] GC(24) Medium Pages: 3 / 96M, Empty: 64M, Relocated: 0M, In-Place: 0
[2026-04-03T02:40:51.750+0600][36.608s][info][gc,reloc    ] GC(24) Large Pages: 7 / 42M, Empty: 42M, Relocated: 0M, In-Place: 0
[2026-04-03T02:40:51.750+0600][36.608s][info][gc,reloc    ] GC(24) Forwarding Usage: 1M
[2026-04-03T02:40:51.750+0600][36.608s][info][gc,heap     ] GC(24) Min Capacity: 8M(0%)
[2026-04-03T02:40:51.750+0600][36.608s][info][gc,heap     ] GC(24) Max Capacity: 1750M(100%)
[2026-04-03T02:40:51.750+0600][36.608s][info][gc,heap     ] GC(24) Soft Max Capacity: 1750M(100%)
[2026-04-03T02:40:51.750+0600][36.608s][info][gc,heap     ] GC(24)                Mark Start          Mark End        Relocate Start      Relocate End           High               Low         
[2026-04-03T02:40:51.750+0600][36.608s][info][gc,heap     ] GC(24)  Capacity:     1750M (100%)       1750M (100%)       1750M (100%)       1750M (100%)       1750M (100%)       1750M (100%)   
[2026-04-03T02:40:51.750+0600][36.608s][info][gc,heap     ] GC(24)      Free:     1122M (64%)         930M (53%)        1076M (61%)        1348M (77%)        1354M (77%)         876M (50%)    
[2026-04-03T02:40:51.750+0600][36.608s][info][gc,heap     ] GC(24)      Used:      628M (36%)         820M (47%)         674M (39%)         402M (23%)         874M (50%)         396M (23%)    
[2026-04-03T02:40:51.750+0600][36.608s][info][gc,heap     ] GC(24)      Live:         -                99M (6%)           99M (6%)           99M (6%)             -                  -          
[2026-04-03T02:40:51.750+0600][36.608s][info][gc,heap     ] GC(24) Allocated:         -               192M (11%)         258M (15%)         265M (15%)            -                  -          
[2026-04-03T02:40:51.750+0600][36.608s][info][gc,heap     ] GC(24)   Garbage:         -               528M (30%)         316M (18%)          36M (2%)             -                  -          
[2026-04-03T02:40:51.750+0600][36.608s][info][gc,heap     ] GC(24) Reclaimed:         -                  -               212M (12%)         491M (28%)            -                  -          
[2026-04-03T02:40:51.750+0600][36.608s][info][gc          ] GC(24) Garbage Collection (Allocation Rate) 628M(36%)->402M(23%)
[2026-04-03T02:40:51.951+0600][36.809s][info][gc,start    ] GC(25) Garbage Collection (Allocation Rate)
[2026-04-03T02:40:51.951+0600][36.809s][info][gc,task     ] GC(25) Using 2 workers
[2026-04-03T02:40:51.951+0600][36.809s][info][gc,phases   ] GC(25) Pause Mark Start 0.017ms
[2026-04-03T02:40:52.123+0600][36.981s][info][gc,phases   ] GC(25) Concurrent Mark 171.571ms
[2026-04-03T02:40:52.123+0600][36.981s][info][gc,phases   ] GC(25) Pause Mark End 0.039ms
[2026-04-03T02:40:52.123+0600][36.981s][info][gc,phases   ] GC(25) Concurrent Mark Free 0.001ms
[2026-04-03T02:40:52.161+0600][37.019s][info][gc,phases   ] GC(25) Concurrent Process Non-Strong References 37.971ms
[2026-04-03T02:40:52.161+0600][37.019s][info][gc,phases   ] GC(25) Concurrent Reset Relocation Set 0.015ms
[2026-04-03T02:40:52.166+0600][37.023s][info][gc,phases   ] GC(25) Concurrent Select Relocation Set 4.052ms
[2026-04-03T02:40:52.166+0600][37.024s][info][gc,phases   ] GC(25) Pause Relocate Start 0.015ms
[2026-04-03T02:40:52.170+0600][37.028s][info][gc,phases   ] GC(25) Concurrent Relocate 4.042ms
[2026-04-03T02:40:52.170+0600][37.028s][info][gc,load     ] GC(25) Load: 5.00/5.30/5.59
[2026-04-03T02:40:52.170+0600][37.028s][info][gc,mmu      ] GC(25) MMU: 2ms/92.4%, 5ms/97.0%, 10ms/98.5%, 20ms/99.2%, 50ms/99.7%, 100ms/99.8%
[2026-04-03T02:40:52.170+0600][37.028s][info][gc,marking  ] GC(25) Mark: 2 stripe(s), 5 proactive flush(es), 1 terminate flush(es), 0 completion(s), 0 continuation(s) 
[2026-04-03T02:40:52.170+0600][37.028s][info][gc,marking  ] GC(25) Mark Stack Usage: 32M
[2026-04-03T02:40:52.170+0600][37.028s][info][gc,nmethod  ] GC(25) NMethods: 14053 registered, 1546 unregistered
[2026-04-03T02:40:52.170+0600][37.028s][info][gc,metaspace] GC(25) Metaspace: 127M used, 128M committed, 1152M reserved
[2026-04-03T02:40:52.170+0600][37.028s][info][gc,ref      ] GC(25) Soft: 3401 encountered, 0 discovered, 0 enqueued
[2026-04-03T02:40:52.170+0600][37.028s][info][gc,ref      ] GC(25) Weak: 15552 encountered, 6545 discovered, 17 enqueued
[2026-04-03T02:40:52.170+0600][37.028s][info][gc,ref      ] GC(25) Final: 84 encountered, 4 discovered, 0 enqueued
[2026-04-03T02:40:52.170+0600][37.028s][info][gc,ref      ] GC(25) Phantom: 620 encountered, 349 discovered, 0 enqueued
[2026-04-03T02:40:52.170+0600][37.028s][info][gc,reloc    ] GC(25) Small Pages: 238 / 476M, Empty: 168M, Relocated: 1M, In-Place: 0
[2026-04-03T02:40:52.170+0600][37.028s][info][gc,reloc    ] GC(25) Medium Pages: 4 / 128M, Empty: 64M, Relocated: 9M, In-Place: 0
[2026-04-03T02:40:52.170+0600][37.028s][info][gc,reloc    ] GC(25) Large Pages: 9 / 54M, Empty: 54M, Relocated: 0M, In-Place: 0
[2026-04-03T02:40:52.170+0600][37.028s][info][gc,reloc    ] GC(25) Forwarding Usage: 0M
[2026-04-03T02:40:52.170+0600][37.028s][info][gc,heap     ] GC(25) Min Capacity: 8M(0%)
[2026-04-03T02:40:52.170+0600][37.028s][info][gc,heap     ] GC(25) Max Capacity: 1750M(100%)
[2026-04-03T02:40:52.170+0600][37.028s][info][gc,heap     ] GC(25) Soft Max Capacity: 1750M(100%)
[2026-04-03T02:40:52.170+0600][37.028s][info][gc,heap     ] GC(25)                Mark Start          Mark End        Relocate Start      Relocate End           High               Low         
[2026-04-03T02:40:52.170+0600][37.028s][info][gc,heap     ] GC(25)  Capacity:     1750M (100%)       1750M (100%)       1750M (100%)       1750M (100%)       1750M (100%)       1750M (100%)   
[2026-04-03T02:40:52.170+0600][37.028s][info][gc,heap     ] GC(25)      Free:     1092M (62%)         912M (52%)        1122M (64%)        1350M (77%)        1350M (77%)         808M (46%)    
[2026-04-03T02:40:52.170+0600][37.028s][info][gc,heap     ] GC(25)      Used:      658M (38%)         838M (48%)         628M (36%)         400M (23%)         942M (54%)         400M (23%)    
[2026-04-03T02:40:52.170+0600][37.028s][info][gc,heap     ] GC(25)      Live:         -               102M (6%)          102M (6%)          102M (6%)             -                  -          
[2026-04-03T02:40:52.170+0600][37.028s][info][gc,heap     ] GC(25) Allocated:         -               180M (10%)         256M (15%)         259M (15%)            -                  -          
[2026-04-03T02:40:52.170+0600][37.028s][info][gc,heap     ] GC(25)   Garbage:         -               555M (32%)         269M (15%)          37M (2%)             -                  -          
[2026-04-03T02:40:52.170+0600][37.028s][info][gc,heap     ] GC(25) Reclaimed:         -                  -               286M (16%)         517M (30%)            -                  -          
[2026-04-03T02:40:52.170+0600][37.028s][info][gc          ] GC(25) Garbage Collection (Allocation Rate) 658M(38%)->400M(23%)
[2026-04-03T02:40:53.051+0600][37.909s][info][gc,start    ] GC(26) Garbage Collection (Allocation Rate)
[2026-04-03T02:40:53.051+0600][37.909s][info][gc,task     ] GC(26) Using 2 workers
[2026-04-03T02:40:53.051+0600][37.909s][info][gc,phases   ] GC(26) Pause Mark Start 0.018ms
[2026-04-03T02:40:53.204+0600][38.062s][info][gc,phases   ] GC(26) Concurrent Mark 152.400ms
[2026-04-03T02:40:53.204+0600][38.062s][info][gc,phases   ] GC(26) Pause Mark End 0.034ms
[2026-04-03T02:40:53.204+0600][38.062s][info][gc,phases   ] GC(26) Concurrent Mark Free 0.002ms
[2026-04-03T02:40:53.233+0600][38.091s][info][gc,phases   ] GC(26) Concurrent Process Non-Strong References 28.971ms
[2026-04-03T02:40:53.233+0600][38.091s][info][gc,phases   ] GC(26) Concurrent Reset Relocation Set 0.010ms
[2026-04-03T02:40:53.237+0600][38.095s][info][gc,phases   ] GC(26) Concurrent Select Relocation Set 3.646ms
[2026-04-03T02:40:53.238+0600][38.096s][info][gc,phases   ] GC(26) Pause Relocate Start 0.034ms
[2026-04-03T02:40:53.245+0600][38.103s][info][gc,phases   ] GC(26) Concurrent Relocate 6.925ms
[2026-04-03T02:40:53.245+0600][38.103s][info][gc,load     ] GC(26) Load: 5.00/5.30/5.59
[2026-04-03T02:40:53.245+0600][38.103s][info][gc,mmu      ] GC(26) MMU: 2ms/92.4%, 5ms/97.0%, 10ms/98.5%, 20ms/99.2%, 50ms/99.7%, 100ms/99.8%
[2026-04-03T02:40:53.245+0600][38.103s][info][gc,marking  ] GC(26) Mark: 2 stripe(s), 3 proactive flush(es), 1 terminate flush(es), 0 completion(s), 0 continuation(s) 
[2026-04-03T02:40:53.245+0600][38.103s][info][gc,marking  ] GC(26) Mark Stack Usage: 32M
[2026-04-03T02:40:53.245+0600][38.103s][info][gc,nmethod  ] GC(26) NMethods: 14132 registered, 1625 unregistered
[2026-04-03T02:40:53.245+0600][38.103s][info][gc,metaspace] GC(26) Metaspace: 127M used, 128M committed, 1152M reserved
[2026-04-03T02:40:53.245+0600][38.103s][info][gc,ref      ] GC(26) Soft: 3401 encountered, 0 discovered, 0 enqueued
[2026-04-03T02:40:53.245+0600][38.103s][info][gc,ref      ] GC(26) Weak: 16891 encountered, 8560 discovered, 1620 enqueued
[2026-04-03T02:40:53.245+0600][38.103s][info][gc,ref      ] GC(26) Final: 84 encountered, 0 discovered, 0 enqueued
[2026-04-03T02:40:53.245+0600][38.103s][info][gc,ref      ] GC(26) Phantom: 620 encountered, 590 discovered, 0 enqueued
[2026-04-03T02:40:53.245+0600][38.103s][info][gc,reloc    ] GC(26) Small Pages: 467 / 934M, Empty: 324M, Relocated: 5M, In-Place: 0
[2026-04-03T02:40:53.245+0600][38.103s][info][gc,reloc    ] GC(26) Medium Pages: 6 / 192M, Empty: 160M, Relocated: 0M, In-Place: 0
[2026-04-03T02:40:53.245+0600][38.103s][info][gc,reloc    ] GC(26) Large Pages: 20 / 120M, Empty: 120M, Relocated: 0M, In-Place: 0
[2026-04-03T02:40:53.245+0600][38.103s][info][gc,reloc    ] GC(26) Forwarding Usage: 1M
[2026-04-03T02:40:53.245+0600][38.103s][info][gc,heap     ] GC(26) Min Capacity: 8M(0%)
[2026-04-03T02:40:53.245+0600][38.103s][info][gc,heap     ] GC(26) Max Capacity: 1750M(100%)
[2026-04-03T02:40:53.245+0600][38.103s][info][gc,heap     ] GC(26) Soft Max Capacity: 1750M(100%)
[2026-04-03T02:40:53.245+0600][38.103s][info][gc,heap     ] GC(26)                Mark Start          Mark End        Relocate Start      Relocate End           High               Low         
[2026-04-03T02:40:53.245+0600][38.103s][info][gc,heap     ] GC(26)  Capacity:     1750M (100%)       1750M (100%)       1750M (100%)       1750M (100%)       1750M (100%)       1750M (100%)   
[2026-04-03T02:40:53.245+0600][38.103s][info][gc,heap     ] GC(26)      Free:      504M (29%)         352M (20%)         930M (53%)        1420M (81%)        1424M (81%)         332M (19%)    
[2026-04-03T02:40:53.245+0600][38.103s][info][gc,heap     ] GC(26)      Used:     1246M (71%)        1398M (80%)         820M (47%)         330M (19%)        1418M (81%)         326M (19%)    
[2026-04-03T02:40:53.245+0600][38.103s][info][gc,heap     ] GC(26)      Live:         -               102M (6%)          102M (6%)          102M (6%)             -                  -          
[2026-04-03T02:40:53.245+0600][38.103s][info][gc,heap     ] GC(26) Allocated:         -               152M (9%)          178M (10%)         189M (11%)            -                  -          
[2026-04-03T02:40:53.245+0600][38.103s][info][gc,heap     ] GC(26)   Garbage:         -              1143M (65%)         539M (31%)          37M (2%)             -                  -          
[2026-04-03T02:40:53.245+0600][38.103s][info][gc,heap     ] GC(26) Reclaimed:         -                  -               604M (35%)        1105M (63%)            -                  -          
[2026-04-03T02:40:53.245+0600][38.103s][info][gc          ] GC(26) Garbage Collection (Allocation Rate) 1246M(71%)->330M(19%)
[2026-04-03T02:40:53.851+0600][38.709s][info][gc,start    ] GC(27) Garbage Collection (Allocation Rate)
[2026-04-03T02:40:53.851+0600][38.709s][info][gc,task     ] GC(27) Using 2 workers
[2026-04-03T02:40:53.851+0600][38.709s][info][gc,phases   ] GC(27) Pause Mark Start 0.015ms
[2026-04-03T02:40:53.983+0600][38.841s][info][gc,phases   ] GC(27) Concurrent Mark 131.424ms
[2026-04-03T02:40:53.983+0600][38.841s][info][gc,phases   ] GC(27) Pause Mark End 0.026ms
[2026-04-03T02:40:53.983+0600][38.841s][info][gc,phases   ] GC(27) Concurrent Mark Free 0.001ms
[2026-04-03T02:40:54.006+0600][38.864s][info][gc,phases   ] GC(27) Concurrent Process Non-Strong References 23.229ms
[2026-04-03T02:40:54.007+0600][38.864s][info][gc,phases   ] GC(27) Concurrent Reset Relocation Set 0.015ms
[2026-04-03T02:40:54.010+0600][38.867s][info][gc,phases   ] GC(27) Concurrent Select Relocation Set 2.992ms
[2026-04-03T02:40:54.010+0600][38.868s][info][gc,phases   ] GC(27) Pause Relocate Start 0.012ms
[2026-04-03T02:40:54.021+0600][38.879s][info][gc,phases   ] GC(27) Concurrent Relocate 11.327ms
[2026-04-03T02:40:54.021+0600][38.879s][info][gc,load     ] GC(27) Load: 5.00/5.30/5.59
[2026-04-03T02:40:54.021+0600][38.879s][info][gc,mmu      ] GC(27) MMU: 2ms/92.4%, 5ms/97.0%, 10ms/98.5%, 20ms/99.2%, 50ms/99.7%, 100ms/99.8%
[2026-04-03T02:40:54.021+0600][38.879s][info][gc,marking  ] GC(27) Mark: 2 stripe(s), 2 proactive flush(es), 1 terminate flush(es), 0 completion(s), 0 continuation(s) 
[2026-04-03T02:40:54.021+0600][38.879s][info][gc,marking  ] GC(27) Mark Stack Usage: 32M
[2026-04-03T02:40:54.021+0600][38.879s][info][gc,nmethod  ] GC(27) NMethods: 14192 registered, 1663 unregistered
[2026-04-03T02:40:54.021+0600][38.879s][info][gc,metaspace] GC(27) Metaspace: 127M used, 128M committed, 1152M reserved
[2026-04-03T02:40:54.021+0600][38.879s][info][gc,ref      ] GC(27) Soft: 3404 encountered, 0 discovered, 0 enqueued
[2026-04-03T02:40:54.021+0600][38.879s][info][gc,ref      ] GC(27) Weak: 16500 encountered, 8204 discovered, 1774 enqueued
[2026-04-03T02:40:54.021+0600][38.879s][info][gc,ref      ] GC(27) Final: 84 encountered, 4 discovered, 0 enqueued
[2026-04-03T02:40:54.021+0600][38.879s][info][gc,ref      ] GC(27) Phantom: 620 encountered, 550 discovered, 0 enqueued
[2026-04-03T02:40:54.021+0600][38.879s][info][gc,reloc    ] GC(27) Small Pages: 462 / 924M, Empty: 336M, Relocated: 10M, In-Place: 0
[2026-04-03T02:40:54.021+0600][38.879s][info][gc,reloc    ] GC(27) Medium Pages: 5 / 160M, Empty: 128M, Relocated: 0M, In-Place: 0
[2026-04-03T02:40:54.022+0600][38.879s][info][gc,reloc    ] GC(27) Large Pages: 17 / 102M, Empty: 102M, Relocated: 0M, In-Place: 0
[2026-04-03T02:40:54.022+0600][38.879s][info][gc,reloc    ] GC(27) Forwarding Usage: 3M
[2026-04-03T02:40:54.022+0600][38.879s][info][gc,heap     ] GC(27) Min Capacity: 8M(0%)
[2026-04-03T02:40:54.022+0600][38.879s][info][gc,heap     ] GC(27) Max Capacity: 1750M(100%)
[2026-04-03T02:40:54.022+0600][38.879s][info][gc,heap     ] GC(27) Soft Max Capacity: 1750M(100%)
[2026-04-03T02:40:54.022+0600][38.879s][info][gc,heap     ] GC(27)                Mark Start          Mark End        Relocate Start      Relocate End           High               Low         
[2026-04-03T02:40:54.022+0600][38.879s][info][gc,heap     ] GC(27)  Capacity:     1750M (100%)       1750M (100%)       1750M (100%)       1750M (100%)       1750M (100%)       1750M (100%)   
[2026-04-03T02:40:54.022+0600][38.879s][info][gc,heap     ] GC(27)      Free:      564M (32%)         442M (25%)         990M (57%)        1448M (83%)        1448M (83%)         434M (25%)    
[2026-04-03T02:40:54.022+0600][38.879s][info][gc,heap     ] GC(27)      Used:     1186M (68%)        1308M (75%)         760M (43%)         302M (17%)        1316M (75%)         302M (17%)    
[2026-04-03T02:40:54.022+0600][38.880s][info][gc,heap     ] GC(27)      Live:         -               107M (6%)          107M (6%)          107M (6%)             -                  -          
[2026-04-03T02:40:54.022+0600][38.880s][info][gc,heap     ] GC(27) Allocated:         -               122M (7%)          140M (8%)          155M (9%)             -                  -          
[2026-04-03T02:40:54.022+0600][38.880s][info][gc,heap     ] GC(27)   Garbage:         -              1078M (62%)         512M (29%)          39M (2%)             -                  -          
[2026-04-03T02:40:54.022+0600][38.880s][info][gc,heap     ] GC(27) Reclaimed:         -                  -               566M (32%)        1039M (59%)            -                  -          
[2026-04-03T02:40:54.022+0600][38.880s][info][gc          ] GC(27) Garbage Collection (Allocation Rate) 1186M(68%)->302M(17%)
[2026-04-03T02:40:54.150+0600][39.008s][info][gc,start    ] GC(28) Garbage Collection (Allocation Rate)
[2026-04-03T02:40:54.150+0600][39.008s][info][gc,task     ] GC(28) Using 2 workers
[2026-04-03T02:40:54.151+0600][39.009s][info][gc,phases   ] GC(28) Pause Mark Start 0.017ms
[2026-04-03T02:40:54.281+0600][39.139s][info][gc,phases   ] GC(28) Concurrent Mark 130.583ms
[2026-04-03T02:40:54.282+0600][39.140s][info][gc,phases   ] GC(28) Pause Mark End 0.049ms
[2026-04-03T02:40:54.282+0600][39.140s][info][gc,phases   ] GC(28) Concurrent Mark Free 0.003ms
[2026-04-03T02:40:54.303+0600][39.161s][info][gc,phases   ] GC(28) Concurrent Process Non-Strong References 20.997ms
[2026-04-03T02:40:54.303+0600][39.161s][info][gc,phases   ] GC(28) Concurrent Reset Relocation Set 0.015ms
[2026-04-03T02:40:54.306+0600][39.164s][info][gc,phases   ] GC(28) Concurrent Select Relocation Set 2.977ms
[2026-04-03T02:40:54.306+0600][39.164s][info][gc,phases   ] GC(28) Pause Relocate Start 0.013ms
[2026-04-03T02:40:54.320+0600][39.178s][info][gc,phases   ] GC(28) Concurrent Relocate 13.415ms
[2026-04-03T02:40:54.320+0600][39.178s][info][gc,load     ] GC(28) Load: 5.00/5.30/5.59
[2026-04-03T02:40:54.320+0600][39.178s][info][gc,mmu      ] GC(28) MMU: 2ms/92.4%, 5ms/97.0%, 10ms/98.5%, 20ms/99.2%, 50ms/99.7%, 100ms/99.8%
[2026-04-03T02:40:54.320+0600][39.178s][info][gc,marking  ] GC(28) Mark: 2 stripe(s), 2 proactive flush(es), 1 terminate flush(es), 0 completion(s), 0 continuation(s) 
[2026-04-03T02:40:54.320+0600][39.178s][info][gc,marking  ] GC(28) Mark Stack Usage: 32M
[2026-04-03T02:40:54.320+0600][39.178s][info][gc,nmethod  ] GC(28) NMethods: 14212 registered, 1680 unregistered
[2026-04-03T02:40:54.320+0600][39.178s][info][gc,metaspace] GC(28) Metaspace: 127M used, 128M committed, 1152M reserved
[2026-04-03T02:40:54.320+0600][39.178s][info][gc,ref      ] GC(28) Soft: 3401 encountered, 0 discovered, 0 enqueued
[2026-04-03T02:40:54.320+0600][39.178s][info][gc,ref      ] GC(28) Weak: 15210 encountered, 5623 discovered, 739 enqueued
[2026-04-03T02:40:54.320+0600][39.178s][info][gc,ref      ] GC(28) Final: 84 encountered, 0 discovered, 0 enqueued
[2026-04-03T02:40:54.320+0600][39.178s][info][gc,ref      ] GC(28) Phantom: 625 encountered, 538 discovered, 0 enqueued
[2026-04-03T02:40:54.320+0600][39.178s][info][gc,reloc    ] GC(28) Small Pages: 165 / 330M, Empty: 46M, Relocated: 13M, In-Place: 0
[2026-04-03T02:40:54.320+0600][39.178s][info][gc,reloc    ] GC(28) Medium Pages: 2 / 64M, Empty: 32M, Relocated: 0M, In-Place: 0
[2026-04-03T02:40:54.320+0600][39.178s][info][gc,reloc    ] GC(28) Large Pages: 100 / 600M, Empty: 582M, Relocated: 0M, In-Place: 0
[2026-04-03T02:40:54.320+0600][39.178s][info][gc,reloc    ] GC(28) Forwarding Usage: 3M
[2026-04-03T02:40:54.320+0600][39.178s][info][gc,heap     ] GC(28) Min Capacity: 8M(0%)
[2026-04-03T02:40:54.320+0600][39.178s][info][gc,heap     ] GC(28) Max Capacity: 1750M(100%)
[2026-04-03T02:40:54.320+0600][39.178s][info][gc,heap     ] GC(28) Soft Max Capacity: 1750M(100%)
[2026-04-03T02:40:54.320+0600][39.178s][info][gc,heap     ] GC(28)                Mark Start          Mark End        Relocate Start      Relocate End           High               Low         
[2026-04-03T02:40:54.320+0600][39.178s][info][gc,heap     ] GC(28)  Capacity:     1750M (100%)       1750M (100%)       1750M (100%)       1750M (100%)       1750M (100%)       1750M (100%)   
[2026-04-03T02:40:54.320+0600][39.178s][info][gc,heap     ] GC(28)      Free:      756M (43%)         436M (25%)        1078M (62%)        1242M (71%)        1246M (71%)         430M (25%)    
[2026-04-03T02:40:54.320+0600][39.178s][info][gc,heap     ] GC(28)      Used:      994M (57%)        1314M (75%)         672M (38%)         508M (29%)        1320M (75%)         504M (29%)    
[2026-04-03T02:40:54.320+0600][39.178s][info][gc,heap     ] GC(28)      Live:         -               120M (7%)          120M (7%)          120M (7%)             -                  -          
[2026-04-03T02:40:54.320+0600][39.178s][info][gc,heap     ] GC(28) Allocated:         -               320M (18%)         338M (19%)         351M (20%)            -                  -          
[2026-04-03T02:40:54.320+0600][39.178s][info][gc,heap     ] GC(28)   Garbage:         -               873M (50%)         213M (12%)          36M (2%)             -                  -          
[2026-04-03T02:40:54.320+0600][39.178s][info][gc,heap     ] GC(28) Reclaimed:         -                  -               660M (38%)         837M (48%)            -                  -          
[2026-04-03T02:40:54.320+0600][39.178s][info][gc          ] GC(28) Garbage Collection (Allocation Rate) 994M(57%)->508M(29%)
[2026-04-03T02:40:54.451+0600][39.309s][info][gc,start    ] GC(29) Garbage Collection (Allocation Rate)
[2026-04-03T02:40:54.451+0600][39.309s][info][gc,task     ] GC(29) Using 2 workers
[2026-04-03T02:40:54.451+0600][39.309s][info][gc,phases   ] GC(29) Pause Mark Start 0.009ms
[2026-04-03T02:40:54.549+0600][39.407s][info][gc,phases   ] GC(29) Concurrent Mark 98.281ms
[2026-04-03T02:40:54.549+0600][39.407s][info][gc,phases   ] GC(29) Pause Mark End 0.038ms
[2026-04-03T02:40:54.550+0600][39.407s][info][gc,phases   ] GC(29) Concurrent Mark Free 0.001ms
[2026-04-03T02:40:54.570+0600][39.428s][info][gc,phases   ] GC(29) Concurrent Process Non-Strong References 20.159ms
[2026-04-03T02:40:54.570+0600][39.428s][info][gc,phases   ] GC(29) Concurrent Reset Relocation Set 0.011ms
[2026-04-03T02:40:54.573+0600][39.431s][info][gc,phases   ] GC(29) Concurrent Select Relocation Set 3.151ms
[2026-04-03T02:40:54.573+0600][39.431s][info][gc,phases   ] GC(29) Pause Relocate Start 0.012ms
[2026-04-03T02:40:54.576+0600][39.434s][info][gc,phases   ] GC(29) Concurrent Relocate 2.372ms
[2026-04-03T02:40:54.576+0600][39.434s][info][gc,load     ] GC(29) Load: 5.00/5.30/5.59
[2026-04-03T02:40:54.576+0600][39.434s][info][gc,mmu      ] GC(29) MMU: 2ms/92.4%, 5ms/97.0%, 10ms/98.5%, 20ms/99.2%, 50ms/99.7%, 100ms/99.8%
[2026-04-03T02:40:54.576+0600][39.434s][info][gc,marking  ] GC(29) Mark: 2 stripe(s), 2 proactive flush(es), 1 terminate flush(es), 0 completion(s), 0 continuation(s) 
[2026-04-03T02:40:54.576+0600][39.434s][info][gc,marking  ] GC(29) Mark Stack Usage: 32M
[2026-04-03T02:40:54.576+0600][39.434s][info][gc,nmethod  ] GC(29) NMethods: 14220 registered, 1697 unregistered
[2026-04-03T02:40:54.576+0600][39.434s][info][gc,metaspace] GC(29) Metaspace: 127M used, 128M committed, 1152M reserved
[2026-04-03T02:40:54.576+0600][39.434s][info][gc,ref      ] GC(29) Soft: 3397 encountered, 0 discovered, 0 enqueued
[2026-04-03T02:40:54.576+0600][39.434s][info][gc,ref      ] GC(29) Weak: 14785 encountered, 6698 discovered, 401 enqueued
[2026-04-03T02:40:54.576+0600][39.434s][info][gc,ref      ] GC(29) Final: 84 encountered, 0 discovered, 0 enqueued
[2026-04-03T02:40:54.576+0600][39.434s][info][gc,ref      ] GC(29) Phantom: 620 encountered, 529 discovered, 0 enqueued
[2026-04-03T02:40:54.576+0600][39.434s][info][gc,reloc    ] GC(29) Small Pages: 129 / 258M, Empty: 20M, Relocated: 3M, In-Place: 0
[2026-04-03T02:40:54.576+0600][39.434s][info][gc,reloc    ] GC(29) Medium Pages: 3 / 96M, Empty: 64M, Relocated: 0M, In-Place: 0
[2026-04-03T02:40:54.576+0600][39.434s][info][gc,reloc    ] GC(29) Large Pages: 43 / 258M, Empty: 258M, Relocated: 0M, In-Place: 0
[2026-04-03T02:40:54.576+0600][39.434s][info][gc,reloc    ] GC(29) Forwarding Usage: 0M
[2026-04-03T02:40:54.576+0600][39.434s][info][gc,heap     ] GC(29) Min Capacity: 8M(0%)
[2026-04-03T02:40:54.576+0600][39.434s][info][gc,heap     ] GC(29) Max Capacity: 1750M(100%)
[2026-04-03T02:40:54.576+0600][39.434s][info][gc,heap     ] GC(29) Soft Max Capacity: 1750M(100%)
[2026-04-03T02:40:54.576+0600][39.434s][info][gc,heap     ] GC(29)                Mark Start          Mark End        Relocate Start      Relocate End           High               Low         
[2026-04-03T02:40:54.576+0600][39.434s][info][gc,heap     ] GC(29)  Capacity:     1750M (100%)       1750M (100%)       1750M (100%)       1750M (100%)       1750M (100%)       1750M (100%)   
[2026-04-03T02:40:54.576+0600][39.434s][info][gc,heap     ] GC(29)      Free:     1138M (65%)        1086M (62%)        1404M (80%)        1538M (88%)        1538M (88%)        1064M (61%)    
[2026-04-03T02:40:54.576+0600][39.434s][info][gc,heap     ] GC(29)      Used:      612M (35%)         664M (38%)         346M (20%)         212M (12%)         686M (39%)         212M (12%)    
[2026-04-03T02:40:54.576+0600][39.434s][info][gc,heap     ] GC(29)      Live:         -                99M (6%)           99M (6%)           99M (6%)             -                  -          
[2026-04-03T02:40:54.576+0600][39.434s][info][gc,heap     ] GC(29) Allocated:         -                52M (3%)           76M (4%)           75M (4%)             -                  -          
[2026-04-03T02:40:54.576+0600][39.434s][info][gc,heap     ] GC(29)   Garbage:         -               512M (29%)         170M (10%)          36M (2%)             -                  -          
[2026-04-03T02:40:54.576+0600][39.434s][info][gc,heap     ] GC(29) Reclaimed:         -                  -               342M (20%)         475M (27%)            -                  -          
[2026-04-03T02:40:54.576+0600][39.434s][info][gc          ] GC(29) Garbage Collection (Allocation Rate) 612M(35%)->212M(12%)
[2026-04-03T02:40:55.150+0600][40.008s][info][gc,start    ] GC(30) Garbage Collection (Allocation Rate)
[2026-04-03T02:40:55.150+0600][40.008s][info][gc,task     ] GC(30) Using 2 workers
[2026-04-03T02:40:55.151+0600][40.009s][info][gc,phases   ] GC(30) Pause Mark Start 0.016ms
[2026-04-03T02:40:55.251+0600][40.109s][info][gc,stats    ] === Garbage Collection Statistics =======================================================================================================================
[2026-04-03T02:40:55.251+0600][40.109s][info][gc,stats    ]                                                              Last 10s              Last 10m              Last 10h                Total
[2026-04-03T02:40:55.251+0600][40.109s][info][gc,stats    ]                                                              Avg / Max             Avg / Max             Avg / Max             Avg / Max
[2026-04-03T02:40:55.251+0600][40.109s][info][gc,stats    ]   Collector: Garbage Collection Cycle                    196.752 / 264.781     184.128 / 377.768     184.128 / 377.768     184.128 / 377.768     ms
[2026-04-03T02:40:55.251+0600][40.109s][info][gc,stats    ]  Contention: Mark Segment Reset Contention                     1 / 6                 0 / 6                 0 / 6                 0 / 6           ops/s
[2026-04-03T02:40:55.251+0600][40.109s][info][gc,stats    ]  Contention: Mark SeqNum Reset Contention                      0 / 0                 0 / 2                 0 / 2                 0 / 2           ops/s
[2026-04-03T02:40:55.251+0600][40.109s][info][gc,stats    ]    Critical: Allocation Stall                                  0 / 0                 0 / 4                 0 / 4                 0 / 4           ops/s
[2026-04-03T02:40:55.251+0600][40.109s][info][gc,stats    ]    Critical: Allocation Stall                              0.000 / 0.000        38.782 / 41.951       38.782 / 41.951       38.782 / 41.951      ms
[2026-04-03T02:40:55.251+0600][40.109s][info][gc,stats    ]    Critical: GC Locker Stall                                   0 / 2                 0 / 2                 0 / 2                 0 / 2           ops/s
[2026-04-03T02:40:55.251+0600][40.109s][info][gc,stats    ]    Critical: GC Locker Stall                               0.009 / 0.050         0.008 / 0.050         0.008 / 0.050         0.008 / 0.050       ms
[2026-04-03T02:40:55.251+0600][40.109s][info][gc,stats    ]    Critical: Relocation Stall                                  0 / 0                 0 / 0                 0 / 0                 0 / 0           ops/s
[2026-04-03T02:40:55.251+0600][40.109s][info][gc,stats    ]    Critical: Relocation Stall                              0.000 / 0.000         0.000 / 0.000         0.000 / 0.000         0.000 / 0.000       ms
[2026-04-03T02:40:55.251+0600][40.109s][info][gc,stats    ]      Memory: Allocation Rate                                1272 / 2032            576 / 2032            576 / 2032            576 / 2032        MB/s
[2026-04-03T02:40:55.251+0600][40.109s][info][gc,stats    ]      Memory: Defragment                                       33 / 128              14 / 128              14 / 128              14 / 128         ops/s
[2026-04-03T02:40:55.251+0600][40.109s][info][gc,stats    ]      Memory: Out Of Memory                                     0 / 0                 0 / 0                 0 / 0                 0 / 0           ops/s
[2026-04-03T02:40:55.251+0600][40.109s][info][gc,stats    ]      Memory: Page Cache Flush                                198 / 480              74 / 480              74 / 480              74 / 480         MB/s
[2026-04-03T02:40:55.251+0600][40.109s][info][gc,stats    ]      Memory: Page Cache Hit L1                               400 / 578             178 / 578             178 / 578             178 / 578         ops/s
[2026-04-03T02:40:55.251+0600][40.109s][info][gc,stats    ]      Memory: Page Cache Hit L2                                 0 / 0                 0 / 0                 0 / 0                 0 / 0           ops/s
[2026-04-03T02:40:55.251+0600][40.109s][info][gc,stats    ]      Memory: Page Cache Hit L3                                30 / 84               15 / 104              15 / 104              15 / 104         ops/s
[2026-04-03T02:40:55.251+0600][40.109s][info][gc,stats    ]      Memory: Page Cache Miss                                  13 / 60               14 / 173              14 / 173              14 / 173         ops/s
[2026-04-03T02:40:55.251+0600][40.109s][info][gc,stats    ]      Memory: Uncommit                                          0 / 0                 0 / 0                 0 / 0                 0 / 0           MB/s
[2026-04-03T02:40:55.251+0600][40.109s][info][gc,stats    ]      Memory: Undo Object Allocation Failed                     0 / 0                 0 / 0                 0 / 0                 0 / 0           ops/s
[2026-04-03T02:40:55.251+0600][40.109s][info][gc,stats    ]      Memory: Undo Object Allocation Succeeded                 30 / 241               8 / 241               8 / 241               8 / 241         ops/s
[2026-04-03T02:40:55.251+0600][40.109s][info][gc,stats    ]      Memory: Undo Page Allocation                              1 / 5                 0 / 5                 0 / 5                 0 / 5           ops/s
[2026-04-03T02:40:55.251+0600][40.109s][info][gc,stats    ]       Phase: Concurrent Mark                             147.980 / 188.093     134.190 / 298.329     134.190 / 298.329     134.190 / 298.329     ms
[2026-04-03T02:40:55.251+0600][40.109s][info][gc,stats    ]       Phase: Concurrent Mark Continue                      0.000 / 0.000         0.000 / 0.000         0.000 / 0.000         0.000 / 0.000       ms
[2026-04-03T02:40:55.251+0600][40.109s][info][gc,stats    ]       Phase: Concurrent Mark Free                          0.002 / 0.004         0.003 / 0.004         0.003 / 0.004         0.003 / 0.004       ms
[2026-04-03T02:40:55.251+0600][40.109s][info][gc,stats    ]       Phase: Concurrent Process Non-Strong References     32.138 / 60.147       31.622 / 67.653       31.622 / 67.653       31.622 / 67.653      ms
[2026-04-03T02:40:55.251+0600][40.109s][info][gc,stats    ]       Phase: Concurrent Relocate                           9.435 / 19.377       11.063 / 33.965       11.063 / 33.965       11.063 / 33.965      ms
[2026-04-03T02:40:55.251+0600][40.109s][info][gc,stats    ]       Phase: Concurrent Reset Relocation Set               0.016 / 0.029         0.017 / 0.043         0.017 / 0.043         0.017 / 0.043       ms
[2026-04-03T02:40:55.251+0600][40.109s][info][gc,stats    ]       Phase: Concurrent Select Relocation Set              4.400 / 9.099         4.486 / 9.099         4.486 / 9.099         4.486 / 9.099       ms
[2026-04-03T02:40:55.251+0600][40.109s][info][gc,stats    ]       Phase: Pause Mark End                                0.046 / 0.152         0.042 / 0.152         0.042 / 0.152         0.042 / 0.152       ms
[2026-04-03T02:40:55.251+0600][40.109s][info][gc,stats    ]       Phase: Pause Mark Start                              0.015 / 0.023         0.015 / 0.031         0.015 / 0.031         0.015 / 0.031       ms
[2026-04-03T02:40:55.251+0600][40.109s][info][gc,stats    ]       Phase: Pause Relocate Start                          0.019 / 0.040         0.018 / 0.040         0.018 / 0.040         0.018 / 0.040       ms
[2026-04-03T02:40:55.251+0600][40.109s][info][gc,stats    ]    Subphase: Concurrent Classes Purge                      0.126 / 0.228         0.448 / 3.505         0.448 / 3.505         0.448 / 3.505       ms
[2026-04-03T02:40:55.251+0600][40.109s][info][gc,stats    ]    Subphase: Concurrent Classes Unlink                    27.754 / 55.967       27.193 / 60.113       27.193 / 60.113       27.193 / 60.113      ms
[2026-04-03T02:40:55.251+0600][40.109s][info][gc,stats    ]    Subphase: Concurrent Mark                             144.605 / 181.827     114.625 / 292.279     114.625 / 292.279     114.625 / 292.279     ms
[2026-04-03T02:40:55.251+0600][40.109s][info][gc,stats    ]    Subphase: Concurrent Mark Try Flush                     0.552 / 4.693         0.502 / 4.889         0.502 / 4.889         0.502 / 4.889       ms
[2026-04-03T02:40:55.251+0600][40.109s][info][gc,stats    ]    Subphase: Concurrent Mark Try Terminate                 0.724 / 1.340         0.759 / 4.580         0.759 / 4.580         0.759 / 4.580       ms
[2026-04-03T02:40:55.251+0600][40.109s][info][gc,stats    ]    Subphase: Concurrent References Enqueue                 0.010 / 0.017         0.009 / 0.018         0.009 / 0.018         0.009 / 0.018       ms
[2026-04-03T02:40:55.251+0600][40.109s][info][gc,stats    ]    Subphase: Concurrent References Process                 1.108 / 1.789         1.068 / 2.076         1.068 / 2.076         1.068 / 2.076       ms
[2026-04-03T02:40:55.251+0600][40.109s][info][gc,stats    ]    Subphase: Concurrent Roots ClassLoaderDataGraph         0.486 / 0.942         0.430 / 1.007         0.430 / 1.007         0.430 / 1.007       ms
[2026-04-03T02:40:55.251+0600][40.109s][info][gc,stats    ]    Subphase: Concurrent Roots CodeCache                    0.000 / 0.000         0.000 / 0.000         0.000 / 0.000         0.000 / 0.000       ms
[2026-04-03T02:40:55.251+0600][40.109s][info][gc,stats    ]    Subphase: Concurrent Roots JavaThreads                  2.003 / 5.060         1.721 / 5.185         1.721 / 5.185         1.721 / 5.185       ms
[2026-04-03T02:40:55.251+0600][40.109s][info][gc,stats    ]    Subphase: Concurrent Roots OopStorageSet                0.128 / 0.223         0.114 / 0.398         0.114 / 0.398         0.114 / 0.398       ms
[2026-04-03T02:40:55.251+0600][40.109s][info][gc,stats    ]    Subphase: Concurrent Weak Roots OopStorageSet           1.965 / 2.495         1.720 / 4.980         1.720 / 4.980         1.720 / 4.980       ms
[2026-04-03T02:40:55.251+0600][40.109s][info][gc,stats    ]    Subphase: Pause Mark Try Complete                       0.000 / 0.000         0.003 / 0.005         0.003 / 0.005         0.003 / 0.005       ms
[2026-04-03T02:40:55.251+0600][40.109s][info][gc,stats    ]      System: Java Threads                                    283 / 284             221 / 284             221 / 284             221 / 284         threads
[2026-04-03T02:40:55.251+0600][40.109s][info][gc,stats    ] =========================================================================================================================================================
[2026-04-03T02:40:55.327+0600][40.185s][info][gc,phases   ] GC(30) Concurrent Mark 175.738ms
[2026-04-03T02:40:55.327+0600][40.185s][info][gc,phases   ] GC(30) Pause Mark End 0.043ms
[2026-04-03T02:40:55.327+0600][40.185s][info][gc,phases   ] GC(30) Concurrent Mark Free 0.002ms
[2026-04-03T02:40:55.360+0600][40.218s][info][gc,phases   ] GC(30) Concurrent Process Non-Strong References 32.801ms
[2026-04-03T02:40:55.360+0600][40.218s][info][gc,phases   ] GC(30) Concurrent Reset Relocation Set 0.007ms
[2026-04-03T02:40:55.365+0600][40.222s][info][gc,phases   ] GC(30) Concurrent Select Relocation Set 4.272ms
[2026-04-03T02:40:55.365+0600][40.223s][info][gc,phases   ] GC(30) Pause Relocate Start 0.017ms
[2026-04-03T02:40:55.373+0600][40.231s][info][gc,phases   ] GC(30) Concurrent Relocate 8.042ms
[2026-04-03T02:40:55.374+0600][40.231s][info][gc,load     ] GC(30) Load: 5.40/5.38/5.61
[2026-04-03T02:40:55.374+0600][40.231s][info][gc,mmu      ] GC(30) MMU: 2ms/92.4%, 5ms/97.0%, 10ms/98.5%, 20ms/99.2%, 50ms/99.7%, 100ms/99.8%
[2026-04-03T02:40:55.374+0600][40.231s][info][gc,marking  ] GC(30) Mark: 2 stripe(s), 2 proactive flush(es), 1 terminate flush(es), 0 completion(s), 0 continuation(s) 
[2026-04-03T02:40:55.374+0600][40.232s][info][gc,marking  ] GC(30) Mark Stack Usage: 32M
[2026-04-03T02:40:55.374+0600][40.232s][info][gc,nmethod  ] GC(30) NMethods: 14229 registered, 1719 unregistered
[2026-04-03T02:40:55.374+0600][40.232s][info][gc,metaspace] GC(30) Metaspace: 127M used, 128M committed, 1152M reserved
[2026-04-03T02:40:55.374+0600][40.232s][info][gc,ref      ] GC(30) Soft: 3405 encountered, 0 discovered, 0 enqueued
[2026-04-03T02:40:55.374+0600][40.232s][info][gc,ref      ] GC(30) Weak: 15230 encountered, 7476 discovered, 37 enqueued
[2026-04-03T02:40:55.374+0600][40.232s][info][gc,ref      ] GC(30) Final: 84 encountered, 4 discovered, 0 enqueued
[2026-04-03T02:40:55.374+0600][40.232s][info][gc,ref      ] GC(30) Phantom: 620 encountered, 544 discovered, 0 enqueued
[2026-04-03T02:40:55.374+0600][40.232s][info][gc,reloc    ] GC(30) Small Pages: 323 / 646M, Empty: 176M, Relocated: 4M, In-Place: 0
[2026-04-03T02:40:55.374+0600][40.232s][info][gc,reloc    ] GC(30) Medium Pages: 4 / 128M, Empty: 96M, Relocated: 0M, In-Place: 0
[2026-04-03T02:40:55.374+0600][40.232s][info][gc,reloc    ] GC(30) Large Pages: 11 / 66M, Empty: 66M, Relocated: 0M, In-Place: 0
[2026-04-03T02:40:55.374+0600][40.232s][info][gc,reloc    ] GC(30) Forwarding Usage: 1M
[2026-04-03T02:40:55.374+0600][40.232s][info][gc,heap     ] GC(30) Min Capacity: 8M(0%)
[2026-04-03T02:40:55.374+0600][40.232s][info][gc,heap     ] GC(30) Max Capacity: 1750M(100%)
[2026-04-03T02:40:55.374+0600][40.232s][info][gc,heap     ] GC(30) Soft Max Capacity: 1750M(100%)
[2026-04-03T02:40:55.374+0600][40.232s][info][gc,heap     ] GC(30)                Mark Start          Mark End        Relocate Start      Relocate End           High               Low         
[2026-04-03T02:40:55.374+0600][40.232s][info][gc,heap     ] GC(30)  Capacity:     1750M (100%)       1750M (100%)       1750M (100%)       1750M (100%)       1750M (100%)       1750M (100%)   
[2026-04-03T02:40:55.374+0600][40.232s][info][gc,heap     ] GC(30)      Free:      910M (52%)         730M (42%)        1012M (58%)        1366M (78%)        1366M (78%)         678M (39%)    
[2026-04-03T02:40:55.374+0600][40.232s][info][gc,heap     ] GC(30)      Used:      840M (48%)        1020M (58%)         738M (42%)         384M (22%)        1072M (61%)         384M (22%)    
[2026-04-03T02:40:55.374+0600][40.232s][info][gc,heap     ] GC(30)      Live:         -               103M (6%)          103M (6%)          103M (6%)             -                  -          
[2026-04-03T02:40:55.374+0600][40.232s][info][gc,heap     ] GC(30) Allocated:         -               180M (10%)         236M (13%)         243M (14%)            -                  -          
[2026-04-03T02:40:55.374+0600][40.232s][info][gc,heap     ] GC(30)   Garbage:         -               736M (42%)         398M (23%)          36M (2%)             -                  -          
[2026-04-03T02:40:55.374+0600][40.232s][info][gc,heap     ] GC(30) Reclaimed:         -                  -               338M (19%)         699M (40%)            -                  -          
[2026-04-03T02:40:55.374+0600][40.232s][info][gc          ] GC(30) Garbage Collection (Allocation Rate) 840M(48%)->384M(22%)
[2026-04-03T02:40:55.451+0600][40.309s][info][gc,start    ] GC(31) Garbage Collection (Allocation Rate)
[2026-04-03T02:40:55.451+0600][40.309s][info][gc,task     ] GC(31) Using 2 workers
[2026-04-03T02:40:55.451+0600][40.309s][info][gc,phases   ] GC(31) Pause Mark Start 0.013ms
[2026-04-03T02:40:55.611+0600][40.469s][info][gc,phases   ] GC(31) Concurrent Mark 159.668ms
[2026-04-03T02:40:55.611+0600][40.469s][info][gc,phases   ] GC(31) Pause Mark End 0.027ms
[2026-04-03T02:40:55.611+0600][40.469s][info][gc,phases   ] GC(31) Concurrent Mark Free 0.002ms
[2026-04-03T02:40:55.642+0600][40.499s][info][gc,phases   ] GC(31) Concurrent Process Non-Strong References 30.196ms
[2026-04-03T02:40:55.642+0600][40.500s][info][gc,phases   ] GC(31) Concurrent Reset Relocation Set 0.020ms
[2026-04-03T02:40:55.645+0600][40.503s][info][gc,phases   ] GC(31) Concurrent Select Relocation Set 3.423ms
[2026-04-03T02:40:55.646+0600][40.503s][info][gc,phases   ] GC(31) Pause Relocate Start 0.017ms
[2026-04-03T02:40:55.648+0600][40.506s][info][gc,phases   ] GC(31) Concurrent Relocate 2.812ms
[2026-04-03T02:40:55.649+0600][40.506s][info][gc,load     ] GC(31) Load: 5.40/5.38/5.61
[2026-04-03T02:40:55.649+0600][40.507s][info][gc,mmu      ] GC(31) MMU: 2ms/92.4%, 5ms/97.0%, 10ms/98.5%, 20ms/99.2%, 50ms/99.7%, 100ms/99.8%
[2026-04-03T02:40:55.649+0600][40.507s][info][gc,marking  ] GC(31) Mark: 2 stripe(s), 2 proactive flush(es), 1 terminate flush(es), 0 completion(s), 0 continuation(s) 
[2026-04-03T02:40:55.649+0600][40.507s][info][gc,marking  ] GC(31) Mark Stack Usage: 32M
[2026-04-03T02:40:55.649+0600][40.507s][info][gc,nmethod  ] GC(31) NMethods: 14251 registered, 1724 unregistered
[2026-04-03T02:40:55.649+0600][40.507s][info][gc,metaspace] GC(31) Metaspace: 127M used, 128M committed, 1152M reserved
[2026-04-03T02:40:55.649+0600][40.507s][info][gc,ref      ] GC(31) Soft: 3397 encountered, 0 discovered, 0 enqueued
[2026-04-03T02:40:55.649+0600][40.507s][info][gc,ref      ] GC(31) Weak: 15626 encountered, 6822 discovered, 17 enqueued
[2026-04-03T02:40:55.649+0600][40.507s][info][gc,ref      ] GC(31) Final: 84 encountered, 4 discovered, 0 enqueued
[2026-04-03T02:40:55.649+0600][40.507s][info][gc,ref      ] GC(31) Phantom: 620 encountered, 549 discovered, 0 enqueued
[2026-04-03T02:40:55.649+0600][40.507s][info][gc,reloc    ] GC(31) Small Pages: 166 / 332M, Empty: 96M, Relocated: 2M, In-Place: 0
[2026-04-03T02:40:55.649+0600][40.507s][info][gc,reloc    ] GC(31) Medium Pages: 3 / 96M, Empty: 64M, Relocated: 0M, In-Place: 0
[2026-04-03T02:40:55.649+0600][40.507s][info][gc,reloc    ] GC(31) Large Pages: 5 / 30M, Empty: 30M, Relocated: 0M, In-Place: 0
[2026-04-03T02:40:55.649+0600][40.507s][info][gc,reloc    ] GC(31) Forwarding Usage: 0M
[2026-04-03T02:40:55.649+0600][40.507s][info][gc,heap     ] GC(31) Min Capacity: 8M(0%)
[2026-04-03T02:40:55.649+0600][40.507s][info][gc,heap     ] GC(31) Max Capacity: 1750M(100%)
[2026-04-03T02:40:55.649+0600][40.507s][info][gc,heap     ] GC(31) Soft Max Capacity: 1750M(100%)
[2026-04-03T02:40:55.649+0600][40.507s][info][gc,heap     ] GC(31)                Mark Start          Mark End        Relocate Start      Relocate End           High               Low         
[2026-04-03T02:40:55.649+0600][40.507s][info][gc,heap     ] GC(31)  Capacity:     1750M (100%)       1750M (100%)       1750M (100%)       1750M (100%)       1750M (100%)       1750M (100%)   
[2026-04-03T02:40:55.649+0600][40.507s][info][gc,heap     ] GC(31)      Free:     1292M (74%)        1114M (64%)        1226M (70%)        1354M (77%)        1354M (77%)        1038M (59%)    
[2026-04-03T02:40:55.649+0600][40.507s][info][gc,heap     ] GC(31)      Used:      458M (26%)         636M (36%)         524M (30%)         396M (23%)         712M (41%)         396M (23%)    
[2026-04-03T02:40:55.649+0600][40.507s][info][gc,heap     ] GC(31)      Live:         -               101M (6%)          101M (6%)          101M (6%)             -                  -          
[2026-04-03T02:40:55.649+0600][40.507s][info][gc,heap     ] GC(31) Allocated:         -               178M (10%)         256M (15%)         257M (15%)            -                  -          
[2026-04-03T02:40:55.649+0600][40.507s][info][gc,heap     ] GC(31)   Garbage:         -               356M (20%)         166M (10%)          36M (2%)             -                  -          
[2026-04-03T02:40:55.649+0600][40.507s][info][gc,heap     ] GC(31) Reclaimed:         -                  -               190M (11%)         319M (18%)            -                  -          
[2026-04-03T02:40:55.649+0600][40.507s][info][gc          ] GC(31) Garbage Collection (Allocation Rate) 458M(26%)->396M(23%)
[2026-04-03T02:40:56.250+0600][41.108s][info][gc,start    ] GC(32) Garbage Collection (Allocation Rate)
[2026-04-03T02:40:56.250+0600][41.108s][info][gc,task     ] GC(32) Using 3 workers
[2026-04-03T02:40:56.251+0600][41.108s][info][gc,phases   ] GC(32) Pause Mark Start 0.007ms
[2026-04-03T02:40:56.331+0600][41.189s][info][gc,phases   ] GC(32) Concurrent Mark 80.590ms
[2026-04-03T02:40:56.332+0600][41.189s][info][gc,phases   ] GC(32) Pause Mark End 0.042ms
[2026-04-03T02:40:56.332+0600][41.190s][info][gc,phases   ] GC(32) Concurrent Mark Free 0.001ms
[2026-04-03T02:40:56.346+0600][41.204s][info][gc,phases   ] GC(32) Concurrent Process Non-Strong References 14.235ms
[2026-04-03T02:40:56.346+0600][41.204s][info][gc,phases   ] GC(32) Concurrent Reset Relocation Set 0.006ms
[2026-04-03T02:40:56.347+0600][41.204s][info][gc          ] Allocation Stall (Spark Context Cleaner) 0.697ms
[2026-04-03T02:40:56.347+0600][41.205s][info][gc          ] Allocation Stall (Executor task launch worker for task 0.0 in stage 1041.0 (TID 2039)) 39.886ms
[2026-04-03T02:40:56.347+0600][41.205s][info][gc          ] Allocation Stall (Executor task launch worker for task 3.0 in stage 1041.0 (TID 2042)) 40.523ms
[2026-04-03T02:40:56.347+0600][41.205s][info][gc          ] Allocation Stall (Executor task launch worker for task 1.0 in stage 1041.0 (TID 2040)) 36.272ms
[2026-04-03T02:40:56.347+0600][41.205s][info][gc          ] Allocation Stall (Executor task launch worker for task 2.0 in stage 1041.0 (TID 2041)) 41.013ms
[2026-04-03T02:40:56.349+0600][41.207s][info][gc,phases   ] GC(32) Concurrent Select Relocation Set 3.338ms
[2026-04-03T02:40:56.352+0600][41.209s][info][gc,phases   ] GC(32) Pause Relocate Start 0.016ms
[2026-04-03T02:40:56.356+0600][41.213s][info][gc,phases   ] GC(32) Concurrent Relocate 3.742ms
[2026-04-03T02:40:56.356+0600][41.214s][info][gc,load     ] GC(32) Load: 5.40/5.38/5.61
[2026-04-03T02:40:56.356+0600][41.214s][info][gc,mmu      ] GC(32) MMU: 2ms/92.4%, 5ms/97.0%, 10ms/98.5%, 20ms/99.2%, 50ms/99.7%, 100ms/99.8%
[2026-04-03T02:40:56.356+0600][41.214s][info][gc,marking  ] GC(32) Mark: 2 stripe(s), 2 proactive flush(es), 1 terminate flush(es), 0 completion(s), 0 continuation(s) 
[2026-04-03T02:40:56.356+0600][41.214s][info][gc,marking  ] GC(32) Mark Stack Usage: 32M
[2026-04-03T02:40:56.356+0600][41.214s][info][gc,nmethod  ] GC(32) NMethods: 14321 registered, 1761 unregistered
[2026-04-03T02:40:56.356+0600][41.214s][info][gc,metaspace] GC(32) Metaspace: 127M used, 128M committed, 1152M reserved
[2026-04-03T02:40:56.356+0600][41.214s][info][gc,ref      ] GC(32) Soft: 3399 encountered, 0 discovered, 0 enqueued
[2026-04-03T02:40:56.356+0600][41.214s][info][gc,ref      ] GC(32) Weak: 16927 encountered, 5827 discovered, 2494 enqueued
[2026-04-03T02:40:56.356+0600][41.214s][info][gc,ref      ] GC(32) Final: 84 encountered, 0 discovered, 0 enqueued
[2026-04-03T02:40:56.356+0600][41.214s][info][gc,ref      ] GC(32) Phantom: 620 encountered, 477 discovered, 0 enqueued
[2026-04-03T02:40:56.356+0600][41.214s][info][gc,reloc    ] GC(32) Small Pages: 446 / 892M, Empty: 420M, Relocated: 5M, In-Place: 0
[2026-04-03T02:40:56.356+0600][41.214s][info][gc,reloc    ] GC(32) Medium Pages: 4 / 128M, Empty: 96M, Relocated: 0M, In-Place: 0
[2026-04-03T02:40:56.356+0600][41.214s][info][gc,reloc    ] GC(32) Large Pages: 82 / 492M, Empty: 492M, Relocated: 0M, In-Place: 0
[2026-04-03T02:40:56.356+0600][41.214s][info][gc,reloc    ] GC(32) Forwarding Usage: 1M
[2026-04-03T02:40:56.356+0600][41.214s][info][gc,heap     ] GC(32) Min Capacity: 8M(0%)
[2026-04-03T02:40:56.356+0600][41.214s][info][gc,heap     ] GC(32) Max Capacity: 1750M(100%)
[2026-04-03T02:40:56.356+0600][41.214s][info][gc,heap     ] GC(32) Soft Max Capacity: 1750M(100%)
[2026-04-03T02:40:56.356+0600][41.214s][info][gc,heap     ] GC(32)                Mark Start          Mark End        Relocate Start      Relocate End           High               Low         
[2026-04-03T02:40:56.356+0600][41.214s][info][gc,heap     ] GC(32)  Capacity:     1750M (100%)       1750M (100%)       1750M (100%)       1750M (100%)       1750M (100%)       1750M (100%)   
[2026-04-03T02:40:56.356+0600][41.214s][info][gc,heap     ] GC(32)      Free:      238M (14%)           0M (0%)          978M (56%)        1314M (75%)        1318M (75%)           0M (0%)     
[2026-04-03T02:40:56.356+0600][41.214s][info][gc,heap     ] GC(32)      Used:     1512M (86%)        1750M (100%)        772M (44%)         436M (25%)        1750M (100%)        432M (25%)    
[2026-04-03T02:40:56.356+0600][41.214s][info][gc,heap     ] GC(32)      Live:         -               104M (6%)          104M (6%)          104M (6%)             -                  -          
[2026-04-03T02:40:56.356+0600][41.214s][info][gc,heap     ] GC(32) Allocated:         -               238M (14%)         268M (15%)         291M (17%)            -                  -          
[2026-04-03T02:40:56.356+0600][41.214s][info][gc,heap     ] GC(32)   Garbage:         -              1407M (80%)         399M (23%)          39M (2%)             -                  -          
[2026-04-03T02:40:56.356+0600][41.214s][info][gc,heap     ] GC(32) Reclaimed:         -                  -              1008M (58%)        1367M (78%)            -                  -          
[2026-04-03T02:40:56.356+0600][41.214s][info][gc          ] GC(32) Garbage Collection (Allocation Rate) 1512M(86%)->436M(25%)
[2026-04-03T02:40:56.451+0600][41.308s][info][gc,start    ] GC(33) Garbage Collection (Allocation Stall)
[2026-04-03T02:40:56.451+0600][41.308s][info][gc,ref      ] GC(33) Clearing All SoftReferences
[2026-04-03T02:40:56.451+0600][41.308s][info][gc,task     ] GC(33) Using 3 workers
[2026-04-03T02:40:56.451+0600][41.309s][info][gc,ref      ] GC(33) Clearing All SoftReferences
[2026-04-03T02:40:56.451+0600][41.309s][info][gc,phases   ] GC(33) Pause Mark Start 0.093ms
[2026-04-03T02:40:56.559+0600][41.417s][info][gc,phases   ] GC(33) Concurrent Mark 107.769ms
[2026-04-03T02:40:56.559+0600][41.417s][info][gc,phases   ] GC(33) Pause Mark End 0.034ms
[2026-04-03T02:40:56.559+0600][41.417s][info][gc,phases   ] GC(33) Concurrent Mark Free 0.003ms
[2026-04-03T02:40:56.607+0600][41.465s][info][gc,phases   ] GC(33) Concurrent Process Non-Strong References 47.752ms
[2026-04-03T02:40:56.607+0600][41.465s][info][gc,phases   ] GC(33) Concurrent Reset Relocation Set 0.027ms
[2026-04-03T02:40:56.612+0600][41.470s][info][gc,phases   ] GC(33) Concurrent Select Relocation Set 4.813ms
[2026-04-03T02:40:56.614+0600][41.472s][info][gc,phases   ] GC(33) Pause Relocate Start 0.021ms
[2026-04-03T02:40:56.627+0600][41.485s][info][gc,phases   ] GC(33) Concurrent Relocate 12.020ms
[2026-04-03T02:40:56.627+0600][41.485s][info][gc,load     ] GC(33) Load: 5.40/5.38/5.61
[2026-04-03T02:40:56.627+0600][41.485s][info][gc,mmu      ] GC(33) MMU: 2ms/92.4%, 5ms/97.0%, 10ms/98.5%, 20ms/99.2%, 50ms/99.7%, 100ms/99.8%
[2026-04-03T02:40:56.627+0600][41.485s][info][gc,marking  ] GC(33) Mark: 2 stripe(s), 2 proactive flush(es), 1 terminate flush(es), 0 completion(s), 0 continuation(s) 
[2026-04-03T02:40:56.627+0600][41.485s][info][gc,marking  ] GC(33) Mark Stack Usage: 32M
[2026-04-03T02:40:56.627+0600][41.485s][info][gc,nmethod  ] GC(33) NMethods: 14370 registered, 1769 unregistered
[2026-04-03T02:40:56.627+0600][41.485s][info][gc,metaspace] GC(33) Metaspace: 127M used, 128M committed, 1152M reserved
[2026-04-03T02:40:56.627+0600][41.485s][info][gc,ref      ] GC(33) Soft: 3357 encountered, 2446 discovered, 137 enqueued
[2026-04-03T02:40:56.627+0600][41.485s][info][gc,ref      ] GC(33) Weak: 14549 encountered, 4438 discovered, 188 enqueued
[2026-04-03T02:40:56.627+0600][41.485s][info][gc,ref      ] GC(33) Final: 84 encountered, 0 discovered, 0 enqueued
[2026-04-03T02:40:56.627+0600][41.485s][info][gc,ref      ] GC(33) Phantom: 620 encountered, 343 discovered, 0 enqueued
[2026-04-03T02:40:56.627+0600][41.485s][info][gc,reloc    ] GC(33) Small Pages: 129 / 258M, Empty: 14M, Relocated: 4M, In-Place: 0
[2026-04-03T02:40:56.627+0600][41.485s][info][gc,reloc    ] GC(33) Medium Pages: 2 / 64M, Empty: 32M, Relocated: 0M, In-Place: 0
[2026-04-03T02:40:56.627+0600][41.485s][info][gc,reloc    ] GC(33) Large Pages: 66 / 396M, Empty: 396M, Relocated: 0M, In-Place: 0
[2026-04-03T02:40:56.627+0600][41.485s][info][gc,reloc    ] GC(33) Forwarding Usage: 1M
[2026-04-03T02:40:56.627+0600][41.485s][info][gc,heap     ] GC(33) Min Capacity: 8M(0%)
[2026-04-03T02:40:56.627+0600][41.485s][info][gc,heap     ] GC(33) Max Capacity: 1750M(100%)
[2026-04-03T02:40:56.627+0600][41.485s][info][gc,heap     ] GC(33) Soft Max Capacity: 1750M(100%)
[2026-04-03T02:40:56.627+0600][41.485s][info][gc,heap     ] GC(33)                Mark Start          Mark End        Relocate Start      Relocate End           High               Low         
[2026-04-03T02:40:56.627+0600][41.485s][info][gc,heap     ] GC(33)  Capacity:     1750M (100%)       1750M (100%)       1750M (100%)       1750M (100%)       1750M (100%)       1750M (100%)   
[2026-04-03T02:40:56.627+0600][41.485s][info][gc,heap     ] GC(33)      Free:     1032M (59%)         928M (53%)        1350M (77%)        1484M (85%)        1484M (85%)         912M (52%)    
[2026-04-03T02:40:56.627+0600][41.485s][info][gc,heap     ] GC(33)      Used:      718M (41%)         822M (47%)         400M (23%)         266M (15%)         838M (48%)         266M (15%)    
[2026-04-03T02:40:56.627+0600][41.485s][info][gc,heap     ] GC(33)      Live:         -                99M (6%)           99M (6%)           99M (6%)             -                  -          
[2026-04-03T02:40:56.627+0600][41.485s][info][gc,heap     ] GC(33) Allocated:         -               104M (6%)          124M (7%)          129M (7%)             -                  -          
[2026-04-03T02:40:56.627+0600][41.485s][info][gc,heap     ] GC(33)   Garbage:         -               618M (35%)         176M (10%)          36M (2%)             -                  -          
[2026-04-03T02:40:56.627+0600][41.485s][info][gc,heap     ] GC(33) Reclaimed:         -                  -               442M (25%)         581M (33%)            -                  -          
[2026-04-03T02:40:56.627+0600][41.485s][info][gc          ] GC(33) Garbage Collection (Allocation Stall) 718M(41%)->266M(15%)
[2026-04-03T02:40:56.951+0600][41.809s][info][gc,start    ] GC(34) Garbage Collection (Allocation Rate)
[2026-04-03T02:40:56.951+0600][41.809s][info][gc,task     ] GC(34) Using 2 workers
[2026-04-03T02:40:56.951+0600][41.809s][info][gc,phases   ] GC(34) Pause Mark Start 0.011ms
[2026-04-03T02:40:57.105+0600][41.963s][info][gc,phases   ] GC(34) Concurrent Mark 153.916ms
[2026-04-03T02:40:57.106+0600][41.964s][info][gc,phases   ] GC(34) Pause Mark End 0.092ms
[2026-04-03T02:40:57.106+0600][41.964s][info][gc,phases   ] GC(34) Concurrent Mark Free 0.003ms
[2026-04-03T02:40:57.166+0600][42.024s][info][gc,phases   ] GC(34) Concurrent Process Non-Strong References 60.317ms
[2026-04-03T02:40:57.167+0600][42.024s][info][gc,phases   ] GC(34) Concurrent Reset Relocation Set 0.009ms
[2026-04-03T02:40:57.171+0600][42.029s][info][gc,phases   ] GC(34) Concurrent Select Relocation Set 4.077ms
[2026-04-03T02:40:57.171+0600][42.029s][info][gc,phases   ] GC(34) Pause Relocate Start 0.019ms
[2026-04-03T02:40:57.180+0600][42.038s][info][gc,phases   ] GC(34) Concurrent Relocate 8.613ms
[2026-04-03T02:40:57.180+0600][42.038s][info][gc,load     ] GC(34) Load: 5.40/5.38/5.61
[2026-04-03T02:40:57.180+0600][42.038s][info][gc,mmu      ] GC(34) MMU: 2ms/92.4%, 5ms/97.0%, 10ms/98.5%, 20ms/99.2%, 50ms/99.7%, 100ms/99.8%
[2026-04-03T02:40:57.180+0600][42.038s][info][gc,marking  ] GC(34) Mark: 2 stripe(s), 2 proactive flush(es), 1 terminate flush(es), 0 completion(s), 0 continuation(s) 
[2026-04-03T02:40:57.180+0600][42.038s][info][gc,marking  ] GC(34) Mark Stack Usage: 32M
[2026-04-03T02:40:57.180+0600][42.038s][info][gc,nmethod  ] GC(34) NMethods: 14393 registered, 1791 unregistered
[2026-04-03T02:40:57.180+0600][42.038s][info][gc,metaspace] GC(34) Metaspace: 127M used, 128M committed, 1152M reserved
[2026-04-03T02:40:57.180+0600][42.038s][info][gc,ref      ] GC(34) Soft: 3254 encountered, 0 discovered, 0 enqueued
[2026-04-03T02:40:57.180+0600][42.038s][info][gc,ref      ] GC(34) Weak: 14367 encountered, 5563 discovered, 256 enqueued
[2026-04-03T02:40:57.180+0600][42.038s][info][gc,ref      ] GC(34) Final: 84 encountered, 84 discovered, 0 enqueued
[2026-04-03T02:40:57.180+0600][42.038s][info][gc,ref      ] GC(34) Phantom: 620 encountered, 352 discovered, 0 enqueued
[2026-04-03T02:40:57.180+0600][42.038s][info][gc,reloc    ] GC(34) Small Pages: 177 / 354M, Empty: 24M, Relocated: 5M, In-Place: 0
[2026-04-03T02:40:57.180+0600][42.038s][info][gc,reloc    ] GC(34) Medium Pages: 2 / 64M, Empty: 32M, Relocated: 0M, In-Place: 0
[2026-04-03T02:40:57.180+0600][42.038s][info][gc,reloc    ] GC(34) Large Pages: 5 / 30M, Empty: 30M, Relocated: 0M, In-Place: 0
[2026-04-03T02:40:57.180+0600][42.038s][info][gc,reloc    ] GC(34) Forwarding Usage: 2M
[2026-04-03T02:40:57.180+0600][42.038s][info][gc,heap     ] GC(34) Min Capacity: 8M(0%)
[2026-04-03T02:40:57.180+0600][42.038s][info][gc,heap     ] GC(34) Max Capacity: 1750M(100%)
[2026-04-03T02:40:57.180+0600][42.038s][info][gc,heap     ] GC(34) Soft Max Capacity: 1750M(100%)
[2026-04-03T02:40:57.180+0600][42.038s][info][gc,heap     ] GC(34)                Mark Start          Mark End        Relocate Start      Relocate End           High               Low         
[2026-04-03T02:40:57.180+0600][42.038s][info][gc,heap     ] GC(34)  Capacity:     1750M (100%)       1750M (100%)       1750M (100%)       1750M (100%)       1750M (100%)       1750M (100%)   
[2026-04-03T02:40:57.180+0600][42.038s][info][gc,heap     ] GC(34)      Free:     1302M (74%)        1114M (64%)        1124M (64%)        1342M (77%)        1344M (77%)        1038M (59%)    
[2026-04-03T02:40:57.180+0600][42.038s][info][gc,heap     ] GC(34)      Used:      448M (26%)         636M (36%)         626M (36%)         408M (23%)         712M (41%)         406M (23%)    
[2026-04-03T02:40:57.180+0600][42.038s][info][gc,heap     ] GC(34)      Live:         -               100M (6%)          100M (6%)          100M (6%)             -                  -          
[2026-04-03T02:40:57.180+0600][42.038s][info][gc,heap     ] GC(34) Allocated:         -               188M (11%)         264M (15%)         269M (15%)            -                  -          
[2026-04-03T02:40:57.180+0600][42.038s][info][gc,heap     ] GC(34)   Garbage:         -               347M (20%)         261M (15%)          37M (2%)             -                  -          
[2026-04-03T02:40:57.180+0600][42.038s][info][gc,heap     ] GC(34) Reclaimed:         -                  -                86M (5%)          309M (18%)            -                  -          
[2026-04-03T02:40:57.180+0600][42.038s][info][gc          ] GC(34) Garbage Collection (Allocation Rate) 448M(26%)->408M(23%)
[2026-04-03T02:40:57.350+0600][42.208s][info][gc,start    ] GC(35) Garbage Collection (Allocation Rate)
[2026-04-03T02:40:57.351+0600][42.208s][info][gc,task     ] GC(35) Using 2 workers
[2026-04-03T02:40:57.351+0600][42.209s][info][gc,phases   ] GC(35) Pause Mark Start 0.012ms
[2026-04-03T02:40:57.517+0600][42.374s][info][gc,phases   ] GC(35) Concurrent Mark 165.607ms
[2026-04-03T02:40:57.517+0600][42.375s][info][gc,phases   ] GC(35) Pause Mark End 0.066ms
[2026-04-03T02:40:57.517+0600][42.375s][info][gc,phases   ] GC(35) Concurrent Mark Free 0.002ms
[2026-04-03T02:40:57.544+0600][42.402s][info][gc,phases   ] GC(35) Concurrent Process Non-Strong References 27.371ms
[2026-04-03T02:40:57.544+0600][42.402s][info][gc,phases   ] GC(35) Concurrent Reset Relocation Set 0.008ms
[2026-04-03T02:40:57.547+0600][42.405s][info][gc,phases   ] GC(35) Concurrent Select Relocation Set 2.788ms
[2026-04-03T02:40:57.547+0600][42.405s][info][gc,phases   ] GC(35) Pause Relocate Start 0.012ms
[2026-04-03T02:40:57.549+0600][42.407s][info][gc,phases   ] GC(35) Concurrent Relocate 1.798ms
[2026-04-03T02:40:57.549+0600][42.407s][info][gc,load     ] GC(35) Load: 5.40/5.38/5.61
[2026-04-03T02:40:57.549+0600][42.407s][info][gc,mmu      ] GC(35) MMU: 2ms/92.4%, 5ms/97.0%, 10ms/98.5%, 20ms/99.2%, 50ms/99.7%, 100ms/99.8%
[2026-04-03T02:40:57.549+0600][42.407s][info][gc,marking  ] GC(35) Mark: 2 stripe(s), 2 proactive flush(es), 1 terminate flush(es), 0 completion(s), 0 continuation(s) 
[2026-04-03T02:40:57.550+0600][42.407s][info][gc,marking  ] GC(35) Mark Stack Usage: 32M
[2026-04-03T02:40:57.550+0600][42.407s][info][gc,nmethod  ] GC(35) NMethods: 14407 registered, 1800 unregistered
[2026-04-03T02:40:57.550+0600][42.407s][info][gc,metaspace] GC(35) Metaspace: 127M used, 128M committed, 1152M reserved
[2026-04-03T02:40:57.550+0600][42.407s][info][gc,ref      ] GC(35) Soft: 3265 encountered, 0 discovered, 0 enqueued
[2026-04-03T02:40:57.550+0600][42.407s][info][gc,ref      ] GC(35) Weak: 15133 encountered, 7720 discovered, 33 enqueued
[2026-04-03T02:40:57.550+0600][42.407s][info][gc,ref      ] GC(35) Final: 84 encountered, 4 discovered, 0 enqueued
[2026-04-03T02:40:57.550+0600][42.407s][info][gc,ref      ] GC(35) Phantom: 620 encountered, 522 discovered, 0 enqueued
[2026-04-03T02:40:57.550+0600][42.407s][info][gc,reloc    ] GC(35) Small Pages: 230 / 460M, Empty: 116M, Relocated: 1M, In-Place: 0
[2026-04-03T02:40:57.550+0600][42.407s][info][gc,reloc    ] GC(35) Medium Pages: 4 / 128M, Empty: 96M, Relocated: 0M, In-Place: 0
[2026-04-03T02:40:57.550+0600][42.407s][info][gc,reloc    ] GC(35) Large Pages: 10 / 60M, Empty: 60M, Relocated: 0M, In-Place: 0
[2026-04-03T02:40:57.550+0600][42.408s][info][gc,reloc    ] GC(35) Forwarding Usage: 0M
[2026-04-03T02:40:57.550+0600][42.408s][info][gc,heap     ] GC(35) Min Capacity: 8M(0%)
[2026-04-03T02:40:57.550+0600][42.408s][info][gc,heap     ] GC(35) Max Capacity: 1750M(100%)
[2026-04-03T02:40:57.550+0600][42.408s][info][gc,heap     ] GC(35) Soft Max Capacity: 1750M(100%)
[2026-04-03T02:40:57.550+0600][42.408s][info][gc,heap     ] GC(35)                Mark Start          Mark End        Relocate Start      Relocate End           High               Low         
[2026-04-03T02:40:57.550+0600][42.408s][info][gc,heap     ] GC(35)  Capacity:     1750M (100%)       1750M (100%)       1750M (100%)       1750M (100%)       1750M (100%)       1750M (100%)   
[2026-04-03T02:40:57.550+0600][42.408s][info][gc,heap     ] GC(35)      Free:     1102M (63%)         898M (51%)        1118M (64%)        1352M (77%)        1352M (77%)         848M (48%)    
[2026-04-03T02:40:57.550+0600][42.408s][info][gc,heap     ] GC(35)      Used:      648M (37%)         852M (49%)         632M (36%)         398M (23%)         902M (52%)         398M (23%)    
[2026-04-03T02:40:57.550+0600][42.408s][info][gc,heap     ] GC(35)      Live:         -               101M (6%)          101M (6%)          101M (6%)             -                  -          
[2026-04-03T02:40:57.550+0600][42.408s][info][gc,heap     ] GC(35) Allocated:         -               204M (12%)         256M (15%)         257M (15%)            -                  -          
[2026-04-03T02:40:57.550+0600][42.408s][info][gc,heap     ] GC(35)   Garbage:         -               546M (31%)         274M (16%)          38M (2%)             -                  -          
[2026-04-03T02:40:57.550+0600][42.408s][info][gc,heap     ] GC(35) Reclaimed:         -                  -               272M (16%)         507M (29%)            -                  -          
[2026-04-03T02:40:57.550+0600][42.408s][info][gc          ] GC(35) Garbage Collection (Allocation Rate) 648M(37%)->398M(23%)
[2026-04-03T02:40:57.751+0600][42.609s][info][gc,start    ] GC(36) Garbage Collection (Allocation Rate)
[2026-04-03T02:40:57.751+0600][42.609s][info][gc,task     ] GC(36) Using 2 workers
[2026-04-03T02:40:57.752+0600][42.609s][info][gc,phases   ] GC(36) Pause Mark Start 0.017ms
[2026-04-03T02:40:57.897+0600][42.755s][info][gc,phases   ] GC(36) Concurrent Mark 145.189ms
[2026-04-03T02:40:57.897+0600][42.755s][info][gc,phases   ] GC(36) Pause Mark End 0.026ms
[2026-04-03T02:40:57.897+0600][42.755s][info][gc,phases   ] GC(36) Concurrent Mark Free 0.002ms
[2026-04-03T02:40:57.919+0600][42.776s][info][gc,phases   ] GC(36) Concurrent Process Non-Strong References 21.015ms
[2026-04-03T02:40:57.919+0600][42.777s][info][gc,phases   ] GC(36) Concurrent Reset Relocation Set 0.010ms
[2026-04-03T02:40:57.921+0600][42.779s][info][gc,phases   ] GC(36) Concurrent Select Relocation Set 2.752ms
[2026-04-03T02:40:57.922+0600][42.780s][info][gc,phases   ] GC(36) Pause Relocate Start 0.013ms
[2026-04-03T02:40:57.926+0600][42.784s][info][gc,phases   ] GC(36) Concurrent Relocate 4.421ms
[2026-04-03T02:40:57.926+0600][42.784s][info][gc,load     ] GC(36) Load: 5.40/5.38/5.61
[2026-04-03T02:40:57.926+0600][42.784s][info][gc,mmu      ] GC(36) MMU: 2ms/92.4%, 5ms/97.0%, 10ms/98.5%, 20ms/99.2%, 50ms/99.7%, 100ms/99.8%
[2026-04-03T02:40:57.926+0600][42.784s][info][gc,marking  ] GC(36) Mark: 2 stripe(s), 2 proactive flush(es), 1 terminate flush(es), 0 completion(s), 0 continuation(s) 
[2026-04-03T02:40:57.926+0600][42.784s][info][gc,marking  ] GC(36) Mark Stack Usage: 32M
[2026-04-03T02:40:57.926+0600][42.784s][info][gc,nmethod  ] GC(36) NMethods: 14438 registered, 1819 unregistered
[2026-04-03T02:40:57.926+0600][42.784s][info][gc,metaspace] GC(36) Metaspace: 127M used, 128M committed, 1152M reserved
[2026-04-03T02:40:57.926+0600][42.784s][info][gc,ref      ] GC(36) Soft: 3270 encountered, 0 discovered, 0 enqueued
[2026-04-03T02:40:57.926+0600][42.784s][info][gc,ref      ] GC(36) Weak: 15749 encountered, 8336 discovered, 21 enqueued
[2026-04-03T02:40:57.926+0600][42.784s][info][gc,ref      ] GC(36) Final: 84 encountered, 0 discovered, 0 enqueued
[2026-04-03T02:40:57.926+0600][42.784s][info][gc,ref      ] GC(36) Phantom: 620 encountered, 493 discovered, 0 enqueued
[2026-04-03T02:40:57.926+0600][42.784s][info][gc,reloc    ] GC(36) Small Pages: 245 / 490M, Empty: 170M, Relocated: 4M, In-Place: 0
[2026-04-03T02:40:57.927+0600][42.784s][info][gc,reloc    ] GC(36) Medium Pages: 4 / 128M, Empty: 96M, Relocated: 0M, In-Place: 0
[2026-04-03T02:40:57.927+0600][42.784s][info][gc,reloc    ] GC(36) Large Pages: 10 / 60M, Empty: 60M, Relocated: 0M, In-Place: 0
[2026-04-03T02:40:57.927+0600][42.784s][info][gc,reloc    ] GC(36) Forwarding Usage: 1M
[2026-04-03T02:40:57.927+0600][42.784s][info][gc,heap     ] GC(36) Min Capacity: 8M(0%)
[2026-04-03T02:40:57.927+0600][42.784s][info][gc,heap     ] GC(36) Max Capacity: 1750M(100%)
[2026-04-03T02:40:57.927+0600][42.784s][info][gc,heap     ] GC(36) Soft Max Capacity: 1750M(100%)
[2026-04-03T02:40:57.927+0600][42.784s][info][gc,heap     ] GC(36)                Mark Start          Mark End        Relocate Start      Relocate End           High               Low         
[2026-04-03T02:40:57.927+0600][42.784s][info][gc,heap     ] GC(36)  Capacity:     1750M (100%)       1750M (100%)       1750M (100%)       1750M (100%)       1750M (100%)       1750M (100%)   
[2026-04-03T02:40:57.927+0600][42.785s][info][gc,heap     ] GC(36)      Free:     1072M (61%)         916M (52%)        1230M (70%)        1436M (82%)        1438M (82%)         912M (52%)    
[2026-04-03T02:40:57.927+0600][42.785s][info][gc,heap     ] GC(36)      Used:      678M (39%)         834M (48%)         520M (30%)         314M (18%)         838M (48%)         312M (18%)    
[2026-04-03T02:40:57.927+0600][42.785s][info][gc,heap     ] GC(36)      Live:         -               103M (6%)          103M (6%)          103M (6%)             -                  -          
[2026-04-03T02:40:57.927+0600][42.785s][info][gc,heap     ] GC(36) Allocated:         -               156M (9%)          168M (10%)         171M (10%)            -                  -          
[2026-04-03T02:40:57.927+0600][42.785s][info][gc,heap     ] GC(36)   Garbage:         -               574M (33%)         248M (14%)          38M (2%)             -                  -          
[2026-04-03T02:40:57.927+0600][42.785s][info][gc,heap     ] GC(36) Reclaimed:         -                  -               326M (19%)         535M (31%)            -                  -          
[2026-04-03T02:40:57.927+0600][42.785s][info][gc          ] GC(36) Garbage Collection (Allocation Rate) 678M(39%)->314M(18%)
[2026-04-03T02:40:58.350+0600][43.208s][info][gc,start    ] GC(37) Garbage Collection (Allocation Rate)
[2026-04-03T02:40:58.350+0600][43.208s][info][gc,task     ] GC(37) Using 3 workers
[2026-04-03T02:40:58.351+0600][43.209s][info][gc,phases   ] GC(37) Pause Mark Start 0.026ms
[2026-04-03T02:40:58.443+0600][43.301s][info][gc,phases   ] GC(37) Concurrent Mark 92.063ms
[2026-04-03T02:40:58.443+0600][43.301s][info][gc,phases   ] GC(37) Pause Mark End 0.034ms
[2026-04-03T02:40:58.443+0600][43.301s][info][gc,phases   ] GC(37) Concurrent Mark Free 0.001ms
[2026-04-03T02:40:58.492+0600][43.350s][info][gc,phases   ] GC(37) Concurrent Process Non-Strong References 48.374ms
[2026-04-03T02:40:58.492+0600][43.350s][info][gc,phases   ] GC(37) Concurrent Reset Relocation Set 0.015ms
[2026-04-03T02:40:58.497+0600][43.355s][info][gc,phases   ] GC(37) Concurrent Select Relocation Set 5.115ms
[2026-04-03T02:40:58.497+0600][43.355s][info][gc,phases   ] GC(37) Pause Relocate Start 0.020ms
[2026-04-03T02:40:58.507+0600][43.364s][info][gc,phases   ] GC(37) Concurrent Relocate 8.921ms
[2026-04-03T02:40:58.507+0600][43.365s][info][gc,load     ] GC(37) Load: 5.40/5.38/5.61
[2026-04-03T02:40:58.507+0600][43.365s][info][gc,mmu      ] GC(37) MMU: 2ms/92.4%, 5ms/97.0%, 10ms/98.5%, 20ms/99.2%, 50ms/99.7%, 100ms/99.8%
[2026-04-03T02:40:58.507+0600][43.365s][info][gc,marking  ] GC(37) Mark: 2 stripe(s), 3 proactive flush(es), 1 terminate flush(es), 0 completion(s), 0 continuation(s) 
[2026-04-03T02:40:58.507+0600][43.365s][info][gc,marking  ] GC(37) Mark Stack Usage: 32M
[2026-04-03T02:40:58.507+0600][43.365s][info][gc,nmethod  ] GC(37) NMethods: 14455 registered, 1844 unregistered
[2026-04-03T02:40:58.507+0600][43.365s][info][gc,metaspace] GC(37) Metaspace: 127M used, 128M committed, 1152M reserved
[2026-04-03T02:40:58.507+0600][43.365s][info][gc,ref      ] GC(37) Soft: 3365 encountered, 0 discovered, 0 enqueued
[2026-04-03T02:40:58.507+0600][43.365s][info][gc,ref      ] GC(37) Weak: 16839 encountered, 6187 discovered, 2280 enqueued
[2026-04-03T02:40:58.507+0600][43.365s][info][gc,ref      ] GC(37) Final: 84 encountered, 0 discovered, 0 enqueued
[2026-04-03T02:40:58.507+0600][43.365s][info][gc,ref      ] GC(37) Phantom: 620 encountered, 547 discovered, 0 enqueued
[2026-04-03T02:40:58.507+0600][43.365s][info][gc,reloc    ] GC(37) Small Pages: 361 / 722M, Empty: 328M, Relocated: 6M, In-Place: 0
[2026-04-03T02:40:58.507+0600][43.365s][info][gc,reloc    ] GC(37) Medium Pages: 3 / 96M, Empty: 64M, Relocated: 0M, In-Place: 0
[2026-04-03T02:40:58.507+0600][43.365s][info][gc,reloc    ] GC(37) Large Pages: 77 / 462M, Empty: 462M, Relocated: 0M, In-Place: 0
[2026-04-03T02:40:58.507+0600][43.365s][info][gc,reloc    ] GC(37) Forwarding Usage: 2M
[2026-04-03T02:40:58.507+0600][43.365s][info][gc,heap     ] GC(37) Min Capacity: 8M(0%)
[2026-04-03T02:40:58.507+0600][43.365s][info][gc,heap     ] GC(37) Max Capacity: 1750M(100%)
[2026-04-03T02:40:58.507+0600][43.365s][info][gc,heap     ] GC(37) Soft Max Capacity: 1750M(100%)
[2026-04-03T02:40:58.507+0600][43.365s][info][gc,heap     ] GC(37)                Mark Start          Mark End        Relocate Start      Relocate End           High               Low         
[2026-04-03T02:40:58.507+0600][43.365s][info][gc,heap     ] GC(37)  Capacity:     1750M (100%)       1750M (100%)       1750M (100%)       1750M (100%)       1750M (100%)       1750M (100%)   
[2026-04-03T02:40:58.507+0600][43.365s][info][gc,heap     ] GC(37)      Free:      470M (27%)         372M (21%)         868M (50%)        1094M (63%)        1116M (64%)          72M (4%)     
[2026-04-03T02:40:58.507+0600][43.365s][info][gc,heap     ] GC(37)      Used:     1280M (73%)        1378M (79%)         882M (50%)         656M (37%)        1678M (96%)         634M (36%)    
[2026-04-03T02:40:58.507+0600][43.365s][info][gc,heap     ] GC(37)      Live:         -               103M (6%)          103M (6%)          103M (6%)             -                  -          
[2026-04-03T02:40:58.507+0600][43.365s][info][gc,heap     ] GC(37) Allocated:         -                98M (6%)          456M (26%)         513M (29%)            -                  -          
[2026-04-03T02:40:58.507+0600][43.365s][info][gc,heap     ] GC(37)   Garbage:         -              1176M (67%)         322M (18%)          38M (2%)             -                  -          
[2026-04-03T02:40:58.507+0600][43.365s][info][gc,heap     ] GC(37) Reclaimed:         -                  -               854M (49%)        1137M (65%)            -                  -          
[2026-04-03T02:40:58.507+0600][43.365s][info][gc          ] GC(37) Garbage Collection (Allocation Rate) 1280M(73%)->656M(37%)
[2026-04-03T02:40:58.551+0600][43.408s][info][gc,start    ] GC(38) Garbage Collection (Allocation Rate)
[2026-04-03T02:40:58.551+0600][43.409s][info][gc,task     ] GC(38) Using 3 workers
[2026-04-03T02:40:58.551+0600][43.409s][info][gc,phases   ] GC(38) Pause Mark Start 0.019ms
[2026-04-03T02:40:58.638+0600][43.496s][info][gc,phases   ] GC(38) Concurrent Mark 86.793ms
[2026-04-03T02:40:58.639+0600][43.497s][info][gc,phases   ] GC(38) Pause Mark End 0.083ms
[2026-04-03T02:40:58.639+0600][43.497s][info][gc,phases   ] GC(38) Concurrent Mark Free 0.001ms
[2026-04-03T02:40:58.661+0600][43.519s][info][gc,phases   ] GC(38) Concurrent Process Non-Strong References 22.543ms
[2026-04-03T02:40:58.661+0600][43.519s][info][gc,phases   ] GC(38) Concurrent Reset Relocation Set 0.012ms
[2026-04-03T02:40:58.665+0600][43.523s][info][gc,phases   ] GC(38) Concurrent Select Relocation Set 3.637ms
[2026-04-03T02:40:58.665+0600][43.523s][info][gc,phases   ] GC(38) Pause Relocate Start 0.017ms
[2026-04-03T02:40:58.672+0600][43.530s][info][gc,phases   ] GC(38) Concurrent Relocate 6.630ms
[2026-04-03T02:40:58.672+0600][43.530s][info][gc,load     ] GC(38) Load: 5.40/5.38/5.61
[2026-04-03T02:40:58.672+0600][43.530s][info][gc,mmu      ] GC(38) MMU: 2ms/92.4%, 5ms/97.0%, 10ms/98.5%, 20ms/99.2%, 50ms/99.7%, 100ms/99.8%
[2026-04-03T02:40:58.672+0600][43.530s][info][gc,marking  ] GC(38) Mark: 2 stripe(s), 2 proactive flush(es), 1 terminate flush(es), 1 completion(s), 0 continuation(s) 
[2026-04-03T02:40:58.672+0600][43.530s][info][gc,marking  ] GC(38) Mark Stack Usage: 32M
[2026-04-03T02:40:58.672+0600][43.530s][info][gc,nmethod  ] GC(38) NMethods: 14470 registered, 1857 unregistered
[2026-04-03T02:40:58.672+0600][43.530s][info][gc,metaspace] GC(38) Metaspace: 127M used, 128M committed, 1152M reserved
[2026-04-03T02:40:58.672+0600][43.530s][info][gc,ref      ] GC(38) Soft: 3367 encountered, 0 discovered, 0 enqueued
[2026-04-03T02:40:58.672+0600][43.530s][info][gc,ref      ] GC(38) Weak: 14792 encountered, 2683 discovered, 231 enqueued
[2026-04-03T02:40:58.672+0600][43.530s][info][gc,ref      ] GC(38) Final: 84 encountered, 0 discovered, 0 enqueued
[2026-04-03T02:40:58.672+0600][43.530s][info][gc,ref      ] GC(38) Phantom: 620 encountered, 545 discovered, 0 enqueued
[2026-04-03T02:40:58.672+0600][43.530s][info][gc,reloc    ] GC(38) Small Pages: 140 / 280M, Empty: 22M, Relocated: 8M, In-Place: 0
[2026-04-03T02:40:58.672+0600][43.530s][info][gc,reloc    ] GC(38) Medium Pages: 2 / 64M, Empty: 32M, Relocated: 0M, In-Place: 0
[2026-04-03T02:40:58.672+0600][43.530s][info][gc,reloc    ] GC(38) Large Pages: 67 / 402M, Empty: 402M, Relocated: 0M, In-Place: 0
[2026-04-03T02:40:58.672+0600][43.530s][info][gc,reloc    ] GC(38) Forwarding Usage: 3M
[2026-04-03T02:40:58.672+0600][43.530s][info][gc,heap     ] GC(38) Min Capacity: 8M(0%)
[2026-04-03T02:40:58.672+0600][43.530s][info][gc,heap     ] GC(38) Max Capacity: 1750M(100%)
[2026-04-03T02:40:58.672+0600][43.530s][info][gc,heap     ] GC(38) Soft Max Capacity: 1750M(100%)
[2026-04-03T02:40:58.672+0600][43.530s][info][gc,heap     ] GC(38)                Mark Start          Mark End        Relocate Start      Relocate End           High               Low         
[2026-04-03T02:40:58.672+0600][43.530s][info][gc,heap     ] GC(38)  Capacity:     1750M (100%)       1750M (100%)       1750M (100%)       1750M (100%)       1750M (100%)       1750M (100%)   
[2026-04-03T02:40:58.672+0600][43.530s][info][gc,heap     ] GC(38)      Free:     1004M (57%)         900M (51%)        1346M (77%)        1492M (85%)        1496M (85%)         894M (51%)    
[2026-04-03T02:40:58.672+0600][43.530s][info][gc,heap     ] GC(38)      Used:      746M (43%)         850M (49%)         404M (23%)         258M (15%)         856M (49%)         254M (15%)    
[2026-04-03T02:40:58.672+0600][43.530s][info][gc,heap     ] GC(38)      Live:         -               100M (6%)          100M (6%)          100M (6%)             -                  -          
[2026-04-03T02:40:58.672+0600][43.530s][info][gc,heap     ] GC(38) Allocated:         -               104M (6%)          114M (7%)          119M (7%)             -                  -          
[2026-04-03T02:40:58.672+0600][43.530s][info][gc,heap     ] GC(38)   Garbage:         -               645M (37%)         189M (11%)          37M (2%)             -                  -          
[2026-04-03T02:40:58.672+0600][43.530s][info][gc,heap     ] GC(38) Reclaimed:         -                  -               456M (26%)         607M (35%)            -                  -          
[2026-04-03T02:40:58.672+0600][43.530s][info][gc          ] GC(38) Garbage Collection (Allocation Rate) 746M(43%)->258M(15%)
[2026-04-03T02:40:59.350+0600][44.208s][info][gc,start    ] GC(39) Garbage Collection (Allocation Rate)
[2026-04-03T02:40:59.351+0600][44.208s][info][gc,task     ] GC(39) Using 2 workers
[2026-04-03T02:40:59.351+0600][44.209s][info][gc,phases   ] GC(39) Pause Mark Start 0.022ms
[2026-04-03T02:40:59.527+0600][44.385s][info][gc,phases   ] GC(39) Concurrent Mark 175.970ms
[2026-04-03T02:40:59.527+0600][44.385s][info][gc,phases   ] GC(39) Pause Mark End 0.039ms
[2026-04-03T02:40:59.528+0600][44.385s][info][gc,phases   ] GC(39) Concurrent Mark Free 0.003ms
[2026-04-03T02:40:59.557+0600][44.415s][info][gc,phases   ] GC(39) Concurrent Process Non-Strong References 29.507ms
[2026-04-03T02:40:59.557+0600][44.415s][info][gc,phases   ] GC(39) Concurrent Reset Relocation Set 0.017ms
[2026-04-03T02:40:59.563+0600][44.420s][info][gc,phases   ] GC(39) Concurrent Select Relocation Set 5.279ms
[2026-04-03T02:40:59.563+0600][44.421s][info][gc,phases   ] GC(39) Pause Relocate Start 0.018ms
[2026-04-03T02:40:59.574+0600][44.432s][info][gc,phases   ] GC(39) Concurrent Relocate 11.179ms
[2026-04-03T02:40:59.574+0600][44.432s][info][gc,load     ] GC(39) Load: 5.40/5.38/5.61
[2026-04-03T02:40:59.574+0600][44.432s][info][gc,mmu      ] GC(39) MMU: 2ms/92.4%, 5ms/97.0%, 10ms/98.5%, 20ms/99.2%, 50ms/99.7%, 100ms/99.8%
[2026-04-03T02:40:59.574+0600][44.432s][info][gc,marking  ] GC(39) Mark: 2 stripe(s), 2 proactive flush(es), 1 terminate flush(es), 0 completion(s), 0 continuation(s) 
[2026-04-03T02:40:59.574+0600][44.432s][info][gc,marking  ] GC(39) Mark Stack Usage: 32M
[2026-04-03T02:40:59.574+0600][44.432s][info][gc,nmethod  ] GC(39) NMethods: 14519 registered, 1883 unregistered
[2026-04-03T02:40:59.574+0600][44.432s][info][gc,metaspace] GC(39) Metaspace: 127M used, 128M committed, 1152M reserved
[2026-04-03T02:40:59.574+0600][44.432s][info][gc,ref      ] GC(39) Soft: 3372 encountered, 0 discovered, 0 enqueued
[2026-04-03T02:40:59.574+0600][44.432s][info][gc,ref      ] GC(39) Weak: 15571 encountered, 5653 discovered, 398 enqueued
[2026-04-03T02:40:59.575+0600][44.432s][info][gc,ref      ] GC(39) Final: 84 encountered, 0 discovered, 0 enqueued
[2026-04-03T02:40:59.575+0600][44.432s][info][gc,ref      ] GC(39) Phantom: 620 encountered, 509 discovered, 0 enqueued
[2026-04-03T02:40:59.575+0600][44.432s][info][gc,reloc    ] GC(39) Small Pages: 353 / 706M, Empty: 202M, Relocated: 6M, In-Place: 0
[2026-04-03T02:40:59.575+0600][44.432s][info][gc,reloc    ] GC(39) Medium Pages: 5 / 160M, Empty: 96M, Relocated: 9M, In-Place: 0
[2026-04-03T02:40:59.575+0600][44.432s][info][gc,reloc    ] GC(39) Large Pages: 15 / 90M, Empty: 90M, Relocated: 0M, In-Place: 0
[2026-04-03T02:40:59.575+0600][44.432s][info][gc,reloc    ] GC(39) Forwarding Usage: 2M
[2026-04-03T02:40:59.575+0600][44.432s][info][gc,heap     ] GC(39) Min Capacity: 8M(0%)
[2026-04-03T02:40:59.575+0600][44.433s][info][gc,heap     ] GC(39) Max Capacity: 1750M(100%)
[2026-04-03T02:40:59.575+0600][44.433s][info][gc,heap     ] GC(39) Soft Max Capacity: 1750M(100%)
[2026-04-03T02:40:59.575+0600][44.433s][info][gc,heap     ] GC(39)                Mark Start          Mark End        Relocate Start      Relocate End           High               Low         
[2026-04-03T02:40:59.575+0600][44.433s][info][gc,heap     ] GC(39)  Capacity:     1750M (100%)       1750M (100%)       1750M (100%)       1750M (100%)       1750M (100%)       1750M (100%)   
[2026-04-03T02:40:59.575+0600][44.433s][info][gc,heap     ] GC(39)      Free:      794M (45%)         590M (34%)         912M (52%)        1330M (76%)        1334M (76%)         532M (30%)    
[2026-04-03T02:40:59.575+0600][44.433s][info][gc,heap     ] GC(39)      Used:      956M (55%)        1160M (66%)         838M (48%)         420M (24%)        1218M (70%)         416M (24%)    
[2026-04-03T02:40:59.575+0600][44.433s][info][gc,heap     ] GC(39)      Live:         -               103M (6%)          103M (6%)          103M (6%)             -                  -          
[2026-04-03T02:40:59.575+0600][44.433s][info][gc,heap     ] GC(39) Allocated:         -               204M (12%)         270M (15%)         281M (16%)            -                  -          
[2026-04-03T02:40:59.575+0600][44.433s][info][gc,heap     ] GC(39)   Garbage:         -               852M (49%)         464M (27%)          34M (2%)             -                  -          
[2026-04-03T02:40:59.575+0600][44.433s][info][gc,heap     ] GC(39) Reclaimed:         -                  -               388M (22%)         817M (47%)            -                  -          
[2026-04-03T02:40:59.575+0600][44.433s][info][gc          ] GC(39) Garbage Collection (Allocation Rate) 956M(55%)->420M(24%)
[2026-04-03T02:40:59.651+0600][44.509s][info][gc,start    ] GC(40) Garbage Collection (Allocation Rate)
[2026-04-03T02:40:59.651+0600][44.509s][info][gc,task     ] GC(40) Using 2 workers
[2026-04-03T02:40:59.651+0600][44.509s][info][gc,phases   ] GC(40) Pause Mark Start 0.016ms
[2026-04-03T02:40:59.823+0600][44.681s][info][gc,phases   ] GC(40) Concurrent Mark 171.359ms
[2026-04-03T02:40:59.823+0600][44.681s][info][gc,phases   ] GC(40) Pause Mark End 0.022ms
[2026-04-03T02:40:59.823+0600][44.681s][info][gc,phases   ] GC(40) Concurrent Mark Free 0.001ms
[2026-04-03T02:40:59.853+0600][44.710s][info][gc,phases   ] GC(40) Concurrent Process Non-Strong References 29.467ms
[2026-04-03T02:40:59.853+0600][44.711s][info][gc,phases   ] GC(40) Concurrent Reset Relocation Set 0.020ms
[2026-04-03T02:40:59.857+0600][44.715s][info][gc,phases   ] GC(40) Concurrent Select Relocation Set 4.299ms
[2026-04-03T02:40:59.857+0600][44.715s][info][gc,phases   ] GC(40) Pause Relocate Start 0.016ms
[2026-04-03T02:40:59.864+0600][44.722s][info][gc,phases   ] GC(40) Concurrent Relocate 6.184ms
[2026-04-03T02:40:59.864+0600][44.722s][info][gc,load     ] GC(40) Load: 5.40/5.38/5.61
[2026-04-03T02:40:59.864+0600][44.722s][info][gc,mmu      ] GC(40) MMU: 2ms/92.4%, 5ms/97.0%, 10ms/98.5%, 20ms/99.2%, 50ms/99.7%, 100ms/99.8%
[2026-04-03T02:40:59.864+0600][44.722s][info][gc,marking  ] GC(40) Mark: 2 stripe(s), 2 proactive flush(es), 1 terminate flush(es), 0 completion(s), 0 continuation(s) 
[2026-04-03T02:40:59.864+0600][44.722s][info][gc,marking  ] GC(40) Mark Stack Usage: 32M
[2026-04-03T02:40:59.864+0600][44.722s][info][gc,nmethod  ] GC(40) NMethods: 14528 registered, 1896 unregistered
[2026-04-03T02:40:59.864+0600][44.722s][info][gc,metaspace] GC(40) Metaspace: 127M used, 128M committed, 1152M reserved
[2026-04-03T02:40:59.864+0600][44.722s][info][gc,ref      ] GC(40) Soft: 3379 encountered, 0 discovered, 0 enqueued
[2026-04-03T02:40:59.864+0600][44.722s][info][gc,ref      ] GC(40) Weak: 15679 encountered, 7615 discovered, 22 enqueued
[2026-04-03T02:40:59.864+0600][44.722s][info][gc,ref      ] GC(40) Final: 84 encountered, 4 discovered, 0 enqueued
[2026-04-03T02:40:59.864+0600][44.722s][info][gc,ref      ] GC(40) Phantom: 620 encountered, 475 discovered, 0 enqueued
[2026-04-03T02:40:59.864+0600][44.722s][info][gc,reloc    ] GC(40) Small Pages: 187 / 374M, Empty: 118M, Relocated: 5M, In-Place: 0
[2026-04-03T02:40:59.864+0600][44.722s][info][gc,reloc    ] GC(40) Medium Pages: 3 / 96M, Empty: 64M, Relocated: 0M, In-Place: 0
[2026-04-03T02:40:59.864+0600][44.722s][info][gc,reloc    ] GC(40) Large Pages: 7 / 42M, Empty: 42M, Relocated: 0M, In-Place: 0
[2026-04-03T02:40:59.864+0600][44.722s][info][gc,reloc    ] GC(40) Forwarding Usage: 1M
[2026-04-03T02:40:59.864+0600][44.722s][info][gc,heap     ] GC(40) Min Capacity: 8M(0%)
[2026-04-03T02:40:59.864+0600][44.722s][info][gc,heap     ] GC(40) Max Capacity: 1750M(100%)
[2026-04-03T02:40:59.864+0600][44.722s][info][gc,heap     ] GC(40) Soft Max Capacity: 1750M(100%)
[2026-04-03T02:40:59.864+0600][44.722s][info][gc,heap     ] GC(40)                Mark Start          Mark End        Relocate Start      Relocate End           High               Low         
[2026-04-03T02:40:59.864+0600][44.722s][info][gc,heap     ] GC(40)  Capacity:     1750M (100%)       1750M (100%)       1750M (100%)       1750M (100%)       1750M (100%)       1750M (100%)   
[2026-04-03T02:40:59.864+0600][44.722s][info][gc,heap     ] GC(40)      Free:     1238M (71%)        1006M (57%)        1196M (68%)        1328M (76%)        1334M (76%)         978M (56%)    
[2026-04-03T02:40:59.864+0600][44.722s][info][gc,heap     ] GC(40)      Used:      512M (29%)         744M (43%)         554M (32%)         422M (24%)         772M (44%)         416M (24%)    
[2026-04-03T02:40:59.864+0600][44.722s][info][gc,heap     ] GC(40)      Live:         -               104M (6%)          104M (6%)          104M (6%)             -                  -          
[2026-04-03T02:40:59.864+0600][44.722s][info][gc,heap     ] GC(40) Allocated:         -               232M (13%)         266M (15%)         279M (16%)            -                  -          
[2026-04-03T02:40:59.864+0600][44.722s][info][gc,heap     ] GC(40)   Garbage:         -               407M (23%)         183M (11%)          37M (2%)             -                  -          
[2026-04-03T02:40:59.864+0600][44.722s][info][gc,heap     ] GC(40) Reclaimed:         -                  -               224M (13%)         369M (21%)            -                  -          
[2026-04-03T02:40:59.864+0600][44.722s][info][gc          ] GC(40) Garbage Collection (Allocation Rate) 512M(29%)->422M(24%)
[2026-04-03T02:41:00.350+0600][45.208s][info][gc,start    ] GC(41) Garbage Collection (Allocation Rate)
[2026-04-03T02:41:00.351+0600][45.208s][info][gc,task     ] GC(41) Using 3 workers
[2026-04-03T02:41:00.351+0600][45.209s][info][gc,phases   ] GC(41) Pause Mark Start 0.073ms
[2026-04-03T02:41:00.448+0600][45.306s][info][gc,phases   ] GC(41) Concurrent Mark 97.057ms
[2026-04-03T02:41:00.449+0600][45.306s][info][gc,phases   ] GC(41) Pause Mark End 0.092ms
[2026-04-03T02:41:00.449+0600][45.307s][info][gc,phases   ] GC(41) Concurrent Mark Free 0.002ms
[2026-04-03T02:41:00.465+0600][45.323s][info][gc,phases   ] GC(41) Concurrent Process Non-Strong References 16.706ms
[2026-04-03T02:41:00.466+0600][45.323s][info][gc,phases   ] GC(41) Concurrent Reset Relocation Set 0.009ms
[2026-04-03T02:41:00.469+0600][45.327s][info][gc,phases   ] GC(41) Concurrent Select Relocation Set 3.638ms
[2026-04-03T02:41:00.470+0600][45.327s][info][gc,phases   ] GC(41) Pause Relocate Start 0.016ms
[2026-04-03T02:41:00.481+0600][45.339s][info][gc,phases   ] GC(41) Concurrent Relocate 11.042ms
[2026-04-03T02:41:00.481+0600][45.339s][info][gc,load     ] GC(41) Load: 5.13/5.32/5.59
[2026-04-03T02:41:00.481+0600][45.339s][info][gc,mmu      ] GC(41) MMU: 2ms/92.4%, 5ms/97.0%, 10ms/98.5%, 20ms/99.2%, 50ms/99.7%, 100ms/99.8%
[2026-04-03T02:41:00.481+0600][45.339s][info][gc,marking  ] GC(41) Mark: 2 stripe(s), 2 proactive flush(es), 1 terminate flush(es), 1 completion(s), 0 continuation(s) 
[2026-04-03T02:41:00.481+0600][45.339s][info][gc,marking  ] GC(41) Mark Stack Usage: 32M
[2026-04-03T02:41:00.481+0600][45.339s][info][gc,nmethod  ] GC(41) NMethods: 14555 registered, 1926 unregistered
[2026-04-03T02:41:00.481+0600][45.339s][info][gc,metaspace] GC(41) Metaspace: 127M used, 128M committed, 1152M reserved
[2026-04-03T02:41:00.481+0600][45.339s][info][gc,ref      ] GC(41) Soft: 3377 encountered, 0 discovered, 0 enqueued
[2026-04-03T02:41:00.481+0600][45.339s][info][gc,ref      ] GC(41) Weak: 16847 encountered, 5836 discovered, 2259 enqueued
[2026-04-03T02:41:00.481+0600][45.339s][info][gc,ref      ] GC(41) Final: 84 encountered, 0 discovered, 0 enqueued
[2026-04-03T02:41:00.481+0600][45.339s][info][gc,ref      ] GC(41) Phantom: 620 encountered, 581 discovered, 0 enqueued
[2026-04-03T02:41:00.481+0600][45.339s][info][gc,reloc    ] GC(41) Small Pages: 418 / 836M, Empty: 396M, Relocated: 11M, In-Place: 0
[2026-04-03T02:41:00.481+0600][45.339s][info][gc,reloc    ] GC(41) Medium Pages: 4 / 128M, Empty: 96M, Relocated: 0M, In-Place: 0
[2026-04-03T02:41:00.481+0600][45.339s][info][gc,reloc    ] GC(41) Large Pages: 68 / 408M, Empty: 390M, Relocated: 0M, In-Place: 0
[2026-04-03T02:41:00.481+0600][45.339s][info][gc,reloc    ] GC(41) Forwarding Usage: 2M
[2026-04-03T02:41:00.481+0600][45.339s][info][gc,heap     ] GC(41) Min Capacity: 8M(0%)
[2026-04-03T02:41:00.481+0600][45.339s][info][gc,heap     ] GC(41) Max Capacity: 1750M(100%)
[2026-04-03T02:41:00.481+0600][45.339s][info][gc,heap     ] GC(41) Soft Max Capacity: 1750M(100%)
[2026-04-03T02:41:00.481+0600][45.339s][info][gc,heap     ] GC(41)                Mark Start          Mark End        Relocate Start      Relocate End           High               Low         
[2026-04-03T02:41:00.481+0600][45.339s][info][gc,heap     ] GC(41)  Capacity:     1750M (100%)       1750M (100%)       1750M (100%)       1750M (100%)       1750M (100%)       1750M (100%)   
[2026-04-03T02:41:00.481+0600][45.339s][info][gc,heap     ] GC(41)      Free:      378M (22%)         208M (12%)         988M (56%)        1164M (67%)        1246M (71%)         142M (8%)     
[2026-04-03T02:41:00.481+0600][45.339s][info][gc,heap     ] GC(41)      Used:     1372M (78%)        1542M (88%)         762M (44%)         586M (33%)        1608M (92%)         504M (29%)    
[2026-04-03T02:41:00.481+0600][45.339s][info][gc,heap     ] GC(41)      Live:         -               125M (7%)          125M (7%)          125M (7%)             -                  -          
[2026-04-03T02:41:00.481+0600][45.339s][info][gc,heap     ] GC(41) Allocated:         -               170M (10%)         272M (16%)         423M (24%)            -                  -          
[2026-04-03T02:41:00.481+0600][45.339s][info][gc,heap     ] GC(41)   Garbage:         -              1246M (71%)         364M (21%)          36M (2%)             -                  -          
[2026-04-03T02:41:00.481+0600][45.339s][info][gc,heap     ] GC(41) Reclaimed:         -                  -               882M (50%)        1209M (69%)            -                  -          
[2026-04-03T02:41:00.482+0600][45.339s][info][gc          ] GC(41) Garbage Collection (Allocation Rate) 1372M(78%)->586M(33%)
[2026-04-03T02:41:00.551+0600][45.409s][info][gc,start    ] GC(42) Garbage Collection (Allocation Rate)
[2026-04-03T02:41:00.551+0600][45.409s][info][gc,task     ] GC(42) Using 3 workers
[2026-04-03T02:41:00.551+0600][45.409s][info][gc,phases   ] GC(42) Pause Mark Start 0.010ms
[2026-04-03T02:41:00.667+0600][45.525s][info][gc,phases   ] GC(42) Concurrent Mark 116.087ms
[2026-04-03T02:41:00.668+0600][45.526s][info][gc,phases   ] GC(42) Pause Mark End 0.038ms
[2026-04-03T02:41:00.668+0600][45.526s][info][gc,phases   ] GC(42) Concurrent Mark Free 0.002ms
[2026-04-03T02:41:00.685+0600][45.543s][info][gc,phases   ] GC(42) Concurrent Process Non-Strong References 17.539ms
[2026-04-03T02:41:00.685+0600][45.543s][info][gc,phases   ] GC(42) Concurrent Reset Relocation Set 0.018ms
[2026-04-03T02:41:00.689+0600][45.547s][info][gc,phases   ] GC(42) Concurrent Select Relocation Set 3.665ms
[2026-04-03T02:41:00.690+0600][45.547s][info][gc,phases   ] GC(42) Pause Relocate Start 0.017ms
[2026-04-03T02:41:00.699+0600][45.557s][info][gc,phases   ] GC(42) Concurrent Relocate 9.409ms
[2026-04-03T02:41:00.699+0600][45.557s][info][gc,load     ] GC(42) Load: 5.13/5.32/5.59
[2026-04-03T02:41:00.699+0600][45.557s][info][gc,mmu      ] GC(42) MMU: 2ms/92.4%, 5ms/97.0%, 10ms/98.5%, 20ms/99.2%, 50ms/99.7%, 100ms/99.8%
[2026-04-03T02:41:00.699+0600][45.557s][info][gc,marking  ] GC(42) Mark: 2 stripe(s), 7 proactive flush(es), 1 terminate flush(es), 0 completion(s), 0 continuation(s) 
[2026-04-03T02:41:00.699+0600][45.557s][info][gc,marking  ] GC(42) Mark Stack Usage: 32M
[2026-04-03T02:41:00.699+0600][45.557s][info][gc,nmethod  ] GC(42) NMethods: 14606 registered, 1934 unregistered
[2026-04-03T02:41:00.699+0600][45.557s][info][gc,metaspace] GC(42) Metaspace: 127M used, 128M committed, 1152M reserved
[2026-04-03T02:41:00.699+0600][45.557s][info][gc,ref      ] GC(42) Soft: 3373 encountered, 0 discovered, 0 enqueued
[2026-04-03T02:41:00.699+0600][45.557s][info][gc,ref      ] GC(42) Weak: 14808 encountered, 9023 discovered, 376 enqueued
[2026-04-03T02:41:00.699+0600][45.557s][info][gc,ref      ] GC(42) Final: 84 encountered, 0 discovered, 0 enqueued
[2026-04-03T02:41:00.699+0600][45.557s][info][gc,ref      ] GC(42) Phantom: 620 encountered, 486 discovered, 0 enqueued
[2026-04-03T02:41:00.699+0600][45.557s][info][gc,reloc    ] GC(42) Small Pages: 144 / 288M, Empty: 18M, Relocated: 12M, In-Place: 0
[2026-04-03T02:41:00.699+0600][45.557s][info][gc,reloc    ] GC(42) Medium Pages: 2 / 64M, Empty: 32M, Relocated: 0M, In-Place: 0
[2026-04-03T02:41:00.699+0600][45.557s][info][gc,reloc    ] GC(42) Large Pages: 82 / 492M, Empty: 492M, Relocated: 0M, In-Place: 0
[2026-04-03T02:41:00.699+0600][45.557s][info][gc,reloc    ] GC(42) Forwarding Usage: 4M
[2026-04-03T02:41:00.699+0600][45.557s][info][gc,heap     ] GC(42) Min Capacity: 8M(0%)
[2026-04-03T02:41:00.699+0600][45.557s][info][gc,heap     ] GC(42) Max Capacity: 1750M(100%)
[2026-04-03T02:41:00.699+0600][45.557s][info][gc,heap     ] GC(42) Soft Max Capacity: 1750M(100%)
[2026-04-03T02:41:00.699+0600][45.557s][info][gc,heap     ] GC(42)                Mark Start          Mark End        Relocate Start      Relocate End           High               Low         
[2026-04-03T02:41:00.699+0600][45.557s][info][gc,heap     ] GC(42)  Capacity:     1750M (100%)       1750M (100%)       1750M (100%)       1750M (100%)       1750M (100%)       1750M (100%)   
[2026-04-03T02:41:00.699+0600][45.557s][info][gc,heap     ] GC(42)      Free:      906M (52%)         798M (46%)        1330M (76%)        1484M (85%)        1490M (85%)         792M (45%)    
[2026-04-03T02:41:00.699+0600][45.557s][info][gc,heap     ] GC(42)      Used:      844M (48%)         952M (54%)         420M (24%)         266M (15%)         958M (55%)         260M (15%)    
[2026-04-03T02:41:00.699+0600][45.557s][info][gc,heap     ] GC(42)      Live:         -               100M (6%)          100M (6%)          100M (6%)             -                  -          
[2026-04-03T02:41:00.699+0600][45.557s][info][gc,heap     ] GC(42) Allocated:         -               108M (6%)          118M (7%)          127M (7%)             -                  -          
[2026-04-03T02:41:00.699+0600][45.557s][info][gc,heap     ] GC(42)   Garbage:         -               743M (42%)         201M (11%)          37M (2%)             -                  -          
[2026-04-03T02:41:00.699+0600][45.557s][info][gc,heap     ] GC(42) Reclaimed:         -                  -               542M (31%)         705M (40%)            -                  -          
[2026-04-03T02:41:00.700+0600][45.557s][info][gc          ] GC(42) Garbage Collection (Allocation Rate) 844M(48%)->266M(15%)
[2026-04-03T02:41:01.351+0600][46.209s][info][gc,start    ] GC(43) Garbage Collection (Allocation Rate)
[2026-04-03T02:41:01.351+0600][46.209s][info][gc,task     ] GC(43) Using 2 workers
[2026-04-03T02:41:01.351+0600][46.209s][info][gc,phases   ] GC(43) Pause Mark Start 0.018ms
[2026-04-03T02:41:01.516+0600][46.374s][info][gc,phases   ] GC(43) Concurrent Mark 164.370ms
[2026-04-03T02:41:01.516+0600][46.374s][info][gc,phases   ] GC(43) Pause Mark End 0.051ms
[2026-04-03T02:41:01.516+0600][46.374s][info][gc,phases   ] GC(43) Concurrent Mark Free 0.003ms
[2026-04-03T02:41:01.550+0600][46.408s][info][gc,phases   ] GC(43) Concurrent Process Non-Strong References 33.499ms
[2026-04-03T02:41:01.550+0600][46.408s][info][gc,phases   ] GC(43) Concurrent Reset Relocation Set 0.010ms
[2026-04-03T02:41:01.553+0600][46.411s][info][gc,phases   ] GC(43) Concurrent Select Relocation Set 3.427ms
[2026-04-03T02:41:01.554+0600][46.411s][info][gc,phases   ] GC(43) Pause Relocate Start 0.013ms
[2026-04-03T02:41:01.564+0600][46.422s][info][gc,phases   ] GC(43) Concurrent Relocate 10.115ms
[2026-04-03T02:41:01.564+0600][46.422s][info][gc,load     ] GC(43) Load: 5.13/5.32/5.59
[2026-04-03T02:41:01.564+0600][46.422s][info][gc,mmu      ] GC(43) MMU: 2ms/92.4%, 5ms/97.0%, 10ms/98.5%, 20ms/99.2%, 50ms/99.7%, 100ms/99.8%
[2026-04-03T02:41:01.564+0600][46.422s][info][gc,marking  ] GC(43) Mark: 2 stripe(s), 2 proactive flush(es), 1 terminate flush(es), 0 completion(s), 0 continuation(s) 
[2026-04-03T02:41:01.564+0600][46.422s][info][gc,marking  ] GC(43) Mark Stack Usage: 32M
[2026-04-03T02:41:01.564+0600][46.422s][info][gc,nmethod  ] GC(43) NMethods: 14633 registered, 1959 unregistered
[2026-04-03T02:41:01.564+0600][46.422s][info][gc,metaspace] GC(43) Metaspace: 127M used, 128M committed, 1152M reserved
[2026-04-03T02:41:01.564+0600][46.422s][info][gc,ref      ] GC(43) Soft: 3381 encountered, 0 discovered, 0 enqueued
[2026-04-03T02:41:01.564+0600][46.422s][info][gc,ref      ] GC(43) Weak: 15502 encountered, 7918 discovered, 255 enqueued
[2026-04-03T02:41:01.564+0600][46.422s][info][gc,ref      ] GC(43) Final: 84 encountered, 84 discovered, 0 enqueued
[2026-04-03T02:41:01.564+0600][46.422s][info][gc,ref      ] GC(43) Phantom: 620 encountered, 493 discovered, 0 enqueued
[2026-04-03T02:41:01.564+0600][46.422s][info][gc,reloc    ] GC(43) Small Pages: 354 / 708M, Empty: 178M, Relocated: 8M, In-Place: 0
[2026-04-03T02:41:01.564+0600][46.422s][info][gc,reloc    ] GC(43) Medium Pages: 5 / 160M, Empty: 128M, Relocated: 0M, In-Place: 0
[2026-04-03T02:41:01.564+0600][46.422s][info][gc,reloc    ] GC(43) Large Pages: 16 / 96M, Empty: 96M, Relocated: 0M, In-Place: 0
[2026-04-03T02:41:01.564+0600][46.422s][info][gc,reloc    ] GC(43) Forwarding Usage: 2M
[2026-04-03T02:41:01.564+0600][46.422s][info][gc,heap     ] GC(43) Min Capacity: 8M(0%)
[2026-04-03T02:41:01.564+0600][46.422s][info][gc,heap     ] GC(43) Max Capacity: 1750M(100%)
[2026-04-03T02:41:01.564+0600][46.422s][info][gc,heap     ] GC(43) Soft Max Capacity: 1750M(100%)
[2026-04-03T02:41:01.564+0600][46.422s][info][gc,heap     ] GC(43)                Mark Start          Mark End        Relocate Start      Relocate End           High               Low         
[2026-04-03T02:41:01.564+0600][46.422s][info][gc,heap     ] GC(43)  Capacity:     1750M (100%)       1750M (100%)       1750M (100%)       1750M (100%)       1750M (100%)       1750M (100%)   
[2026-04-03T02:41:01.564+0600][46.422s][info][gc,heap     ] GC(43)      Free:      786M (45%)         542M (31%)         914M (52%)        1324M (76%)        1326M (76%)         522M (30%)    
[2026-04-03T02:41:01.564+0600][46.422s][info][gc,heap     ] GC(43)      Used:      964M (55%)        1208M (69%)         836M (48%)         426M (24%)        1228M (70%)         424M (24%)    
[2026-04-03T02:41:01.564+0600][46.422s][info][gc,heap     ] GC(43)      Live:         -               105M (6%)          105M (6%)          105M (6%)             -                  -          
[2026-04-03T02:41:01.564+0600][46.422s][info][gc,heap     ] GC(43) Allocated:         -               244M (14%)         274M (16%)         283M (16%)            -                  -          
[2026-04-03T02:41:01.564+0600][46.422s][info][gc,heap     ] GC(43)   Garbage:         -               858M (49%)         456M (26%)          36M (2%)             -                  -          
[2026-04-03T02:41:01.564+0600][46.422s][info][gc,heap     ] GC(43) Reclaimed:         -                  -               402M (23%)         821M (47%)            -                  -          
[2026-04-03T02:41:01.564+0600][46.422s][info][gc          ] GC(43) Garbage Collection (Allocation Rate) 964M(55%)->426M(24%)
[2026-04-03T02:41:01.851+0600][46.709s][info][gc,start    ] GC(44) Garbage Collection (Allocation Rate)
[2026-04-03T02:41:01.851+0600][46.709s][info][gc,task     ] GC(44) Using 2 workers
[2026-04-03T02:41:01.852+0600][46.709s][info][gc,phases   ] GC(44) Pause Mark Start 0.010ms
[2026-04-03T02:41:01.980+0600][46.838s][info][gc,phases   ] GC(44) Concurrent Mark 128.519ms
[2026-04-03T02:41:01.981+0600][46.838s][info][gc,phases   ] GC(44) Pause Mark End 0.032ms
[2026-04-03T02:41:01.981+0600][46.839s][info][gc,phases   ] GC(44) Concurrent Mark Free 0.003ms
[2026-04-03T02:41:02.016+0600][46.873s][info][gc,phases   ] GC(44) Concurrent Process Non-Strong References 34.887ms
[2026-04-03T02:41:02.016+0600][46.874s][info][gc,phases   ] GC(44) Concurrent Reset Relocation Set 0.023ms
[2026-04-03T02:41:02.020+0600][46.878s][info][gc,phases   ] GC(44) Concurrent Select Relocation Set 4.257ms
[2026-04-03T02:41:02.020+0600][46.878s][info][gc,phases   ] GC(44) Pause Relocate Start 0.015ms
[2026-04-03T02:41:02.024+0600][46.882s][info][gc,phases   ] GC(44) Concurrent Relocate 4.155ms
[2026-04-03T02:41:02.025+0600][46.883s][info][gc,load     ] GC(44) Load: 5.13/5.32/5.59
[2026-04-03T02:41:02.025+0600][46.883s][info][gc,mmu      ] GC(44) MMU: 2ms/92.4%, 5ms/97.0%, 10ms/98.5%, 20ms/99.2%, 50ms/99.7%, 100ms/99.8%
[2026-04-03T02:41:02.025+0600][46.883s][info][gc,marking  ] GC(44) Mark: 2 stripe(s), 2 proactive flush(es), 1 terminate flush(es), 0 completion(s), 0 continuation(s) 
[2026-04-03T02:41:02.025+0600][46.883s][info][gc,marking  ] GC(44) Mark Stack Usage: 32M
[2026-04-03T02:41:02.025+0600][46.883s][info][gc,nmethod  ] GC(44) NMethods: 14671 registered, 1967 unregistered
[2026-04-03T02:41:02.025+0600][46.883s][info][gc,metaspace] GC(44) Metaspace: 127M used, 128M committed, 1152M reserved
[2026-04-03T02:41:02.025+0600][46.883s][info][gc,ref      ] GC(44) Soft: 3374 encountered, 0 discovered, 0 enqueued
[2026-04-03T02:41:02.025+0600][46.883s][info][gc,ref      ] GC(44) Weak: 16111 encountered, 8006 discovered, 1568 enqueued
[2026-04-03T02:41:02.025+0600][46.883s][info][gc,ref      ] GC(44) Final: 84 encountered, 4 discovered, 0 enqueued
[2026-04-03T02:41:02.025+0600][46.883s][info][gc,ref      ] GC(44) Phantom: 620 encountered, 510 discovered, 0 enqueued
[2026-04-03T02:41:02.025+0600][46.883s][info][gc,reloc    ] GC(44) Small Pages: 297 / 594M, Empty: 134M, Relocated: 4M, In-Place: 0
[2026-04-03T02:41:02.025+0600][46.883s][info][gc,reloc    ] GC(44) Medium Pages: 4 / 128M, Empty: 96M, Relocated: 0M, In-Place: 0
[2026-04-03T02:41:02.025+0600][46.883s][info][gc,reloc    ] GC(44) Large Pages: 12 / 72M, Empty: 72M, Relocated: 0M, In-Place: 0
[2026-04-03T02:41:02.025+0600][46.883s][info][gc,reloc    ] GC(44) Forwarding Usage: 1M
[2026-04-03T02:41:02.025+0600][46.883s][info][gc,heap     ] GC(44) Min Capacity: 8M(0%)
[2026-04-03T02:41:02.025+0600][46.883s][info][gc,heap     ] GC(44) Max Capacity: 1750M(100%)
[2026-04-03T02:41:02.025+0600][46.883s][info][gc,heap     ] GC(44) Soft Max Capacity: 1750M(100%)
[2026-04-03T02:41:02.025+0600][46.883s][info][gc,heap     ] GC(44)                Mark Start          Mark End        Relocate Start      Relocate End           High               Low         
[2026-04-03T02:41:02.025+0600][46.883s][info][gc,heap     ] GC(44)  Capacity:     1750M (100%)       1750M (100%)       1750M (100%)       1750M (100%)       1750M (100%)       1750M (100%)   
[2026-04-03T02:41:02.025+0600][46.883s][info][gc,heap     ] GC(44)      Free:      956M (55%)         804M (46%)        1060M (61%)        1404M (80%)        1406M (80%)         772M (44%)    
[2026-04-03T02:41:02.025+0600][46.883s][info][gc,heap     ] GC(44)      Used:      794M (45%)         946M (54%)         690M (39%)         346M (20%)         978M (56%)         344M (20%)    
[2026-04-03T02:41:02.025+0600][46.883s][info][gc,heap     ] GC(44)      Live:         -               104M (6%)          104M (6%)          104M (6%)             -                  -          
[2026-04-03T02:41:02.025+0600][46.883s][info][gc,heap     ] GC(44) Allocated:         -               152M (9%)          198M (11%)         203M (12%)            -                  -          
[2026-04-03T02:41:02.025+0600][46.883s][info][gc,heap     ] GC(44)   Garbage:         -               689M (39%)         387M (22%)          37M (2%)             -                  -          
[2026-04-03T02:41:02.025+0600][46.883s][info][gc,heap     ] GC(44) Reclaimed:         -                  -               302M (17%)         651M (37%)            -                  -          
[2026-04-03T02:41:02.025+0600][46.883s][info][gc          ] GC(44) Garbage Collection (Allocation Rate) 794M(45%)->346M(20%)
[2026-04-03T02:41:02.451+0600][47.309s][info][gc,start    ] GC(45) Garbage Collection (Allocation Rate)
[2026-04-03T02:41:02.451+0600][47.309s][info][gc,task     ] GC(45) Using 2 workers
[2026-04-03T02:41:02.451+0600][47.309s][info][gc,phases   ] GC(45) Pause Mark Start 0.017ms
[2026-04-03T02:41:02.587+0600][47.445s][info][gc,phases   ] GC(45) Concurrent Mark 135.338ms
[2026-04-03T02:41:02.587+0600][47.445s][info][gc,phases   ] GC(45) Pause Mark End 0.032ms
[2026-04-03T02:41:02.587+0600][47.445s][info][gc,phases   ] GC(45) Concurrent Mark Free 0.002ms
[2026-04-03T02:41:02.616+0600][47.474s][info][gc,phases   ] GC(45) Concurrent Process Non-Strong References 28.836ms
[2026-04-03T02:41:02.616+0600][47.474s][info][gc,phases   ] GC(45) Concurrent Reset Relocation Set 0.013ms
[2026-04-03T02:41:02.621+0600][47.479s][info][gc,phases   ] GC(45) Concurrent Select Relocation Set 4.994ms
[2026-04-03T02:41:02.624+0600][47.482s][info][gc,phases   ] GC(45) Pause Relocate Start 0.018ms
[2026-04-03T02:41:02.633+0600][47.491s][info][gc,phases   ] GC(45) Concurrent Relocate 8.111ms
[2026-04-03T02:41:02.633+0600][47.491s][info][gc,load     ] GC(45) Load: 5.13/5.32/5.59
[2026-04-03T02:41:02.633+0600][47.491s][info][gc,mmu      ] GC(45) MMU: 2ms/92.4%, 5ms/97.0%, 10ms/98.5%, 20ms/99.2%, 50ms/99.7%, 100ms/99.8%
[2026-04-03T02:41:02.633+0600][47.491s][info][gc,marking  ] GC(45) Mark: 2 stripe(s), 2 proactive flush(es), 1 terminate flush(es), 0 completion(s), 0 continuation(s) 
[2026-04-03T02:41:02.633+0600][47.491s][info][gc,marking  ] GC(45) Mark Stack Usage: 32M
[2026-04-03T02:41:02.633+0600][47.491s][info][gc,nmethod  ] GC(45) NMethods: 14754 registered, 1985 unregistered
[2026-04-03T02:41:02.633+0600][47.491s][info][gc,metaspace] GC(45) Metaspace: 127M used, 129M committed, 1152M reserved
[2026-04-03T02:41:02.633+0600][47.491s][info][gc,ref      ] GC(45) Soft: 3381 encountered, 0 discovered, 0 enqueued
[2026-04-03T02:41:02.633+0600][47.491s][info][gc,ref      ] GC(45) Weak: 15435 encountered, 7070 discovered, 646 enqueued
[2026-04-03T02:41:02.633+0600][47.491s][info][gc,ref      ] GC(45) Final: 84 encountered, 4 discovered, 0 enqueued
[2026-04-03T02:41:02.633+0600][47.491s][info][gc,ref      ] GC(45) Phantom: 620 encountered, 500 discovered, 0 enqueued
[2026-04-03T02:41:02.633+0600][47.491s][info][gc,reloc    ] GC(45) Small Pages: 471 / 942M, Empty: 546M, Relocated: 4M, In-Place: 0
[2026-04-03T02:41:02.633+0600][47.491s][info][gc,reloc    ] GC(45) Medium Pages: 3 / 96M, Empty: 64M, Relocated: 0M, In-Place: 0
[2026-04-03T02:41:02.633+0600][47.491s][info][gc,reloc    ] GC(45) Large Pages: 12 / 72M, Empty: 72M, Relocated: 0M, In-Place: 0
[2026-04-03T02:41:02.633+0600][47.491s][info][gc,reloc    ] GC(45) Forwarding Usage: 2M
[2026-04-03T02:41:02.633+0600][47.491s][info][gc,heap     ] GC(45) Min Capacity: 8M(0%)
[2026-04-03T02:41:02.633+0600][47.491s][info][gc,heap     ] GC(45) Max Capacity: 1750M(100%)
[2026-04-03T02:41:02.633+0600][47.491s][info][gc,heap     ] GC(45) Soft Max Capacity: 1750M(100%)
[2026-04-03T02:41:02.633+0600][47.491s][info][gc,heap     ] GC(45)                Mark Start          Mark End        Relocate Start      Relocate End           High               Low         
[2026-04-03T02:41:02.633+0600][47.491s][info][gc,heap     ] GC(45)  Capacity:     1750M (100%)       1750M (100%)       1750M (100%)       1750M (100%)       1750M (100%)       1750M (100%)   
[2026-04-03T02:41:02.633+0600][47.491s][info][gc,heap     ] GC(45)      Free:      640M (37%)         558M (32%)        1218M (70%)        1488M (85%)        1488M (85%)         546M (31%)    
[2026-04-03T02:41:02.634+0600][47.491s][info][gc,heap     ] GC(45)      Used:     1110M (63%)        1192M (68%)         532M (30%)         262M (15%)        1204M (69%)         262M (15%)    
[2026-04-03T02:41:02.634+0600][47.491s][info][gc,heap     ] GC(45)      Live:         -               106M (6%)          106M (6%)          106M (6%)             -                  -          
[2026-04-03T02:41:02.634+0600][47.491s][info][gc,heap     ] GC(45) Allocated:         -                82M (5%)          104M (6%)          115M (7%)             -                  -          
[2026-04-03T02:41:02.634+0600][47.491s][info][gc,heap     ] GC(45)   Garbage:         -              1003M (57%)         321M (18%)          39M (2%)             -                  -          
[2026-04-03T02:41:02.634+0600][47.491s][info][gc,heap     ] GC(45) Reclaimed:         -                  -               682M (39%)         963M (55%)            -                  -          
[2026-04-03T02:41:02.634+0600][47.491s][info][gc          ] GC(45) Garbage Collection (Allocation Rate) 1110M(63%)->262M(15%)
[2026-04-03T02:41:02.846+0600][47.704s][info][gc,start    ] GC(46) Garbage Collection (System.gc())
[2026-04-03T02:41:02.846+0600][47.704s][info][gc,task     ] GC(46) Using 3 workers
[2026-04-03T02:41:02.847+0600][47.704s][info][gc,phases   ] GC(46) Pause Mark Start 0.012ms
[2026-04-03T02:41:02.924+0600][47.782s][info][gc,phases   ] GC(46) Concurrent Mark 77.625ms
[2026-04-03T02:41:02.925+0600][47.782s][info][gc,phases   ] GC(46) Pause Mark End 0.028ms
[2026-04-03T02:41:02.925+0600][47.782s][info][gc,phases   ] GC(46) Concurrent Mark Free 0.001ms
[2026-04-03T02:41:02.961+0600][47.819s][info][gc,phases   ] GC(46) Concurrent Process Non-Strong References 36.281ms
[2026-04-03T02:41:02.961+0600][47.819s][info][gc,phases   ] GC(46) Concurrent Reset Relocation Set 0.009ms
[2026-04-03T02:41:02.964+0600][47.822s][info][gc,phases   ] GC(46) Concurrent Select Relocation Set 3.126ms
[2026-04-03T02:41:02.964+0600][47.822s][info][gc,phases   ] GC(46) Pause Relocate Start 0.012ms
[2026-04-03T02:41:02.972+0600][47.830s][info][gc,phases   ] GC(46) Concurrent Relocate 7.508ms
[2026-04-03T02:41:02.972+0600][47.830s][info][gc,load     ] GC(46) Load: 5.13/5.32/5.59
[2026-04-03T02:41:02.972+0600][47.830s][info][gc,mmu      ] GC(46) MMU: 2ms/92.4%, 5ms/97.0%, 10ms/98.5%, 20ms/99.2%, 50ms/99.7%, 100ms/99.8%
[2026-04-03T02:41:02.972+0600][47.830s][info][gc,marking  ] GC(46) Mark: 2 stripe(s), 2 proactive flush(es), 1 terminate flush(es), 0 completion(s), 0 continuation(s) 
[2026-04-03T02:41:02.972+0600][47.830s][info][gc,marking  ] GC(46) Mark Stack Usage: 32M
[2026-04-03T02:41:02.972+0600][47.830s][info][gc,nmethod  ] GC(46) NMethods: 14756 registered, 2047 unregistered
[2026-04-03T02:41:02.972+0600][47.830s][info][gc,metaspace] GC(46) Metaspace: 127M used, 129M committed, 1152M reserved
[2026-04-03T02:41:02.972+0600][47.830s][info][gc,ref      ] GC(46) Soft: 3473 encountered, 0 discovered, 0 enqueued
[2026-04-03T02:41:02.972+0600][47.830s][info][gc,ref      ] GC(46) Weak: 15414 encountered, 6962 discovered, 887 enqueued
[2026-04-03T02:41:02.972+0600][47.830s][info][gc,ref      ] GC(46) Final: 84 encountered, 0 discovered, 0 enqueued
[2026-04-03T02:41:02.972+0600][47.830s][info][gc,ref      ] GC(46) Phantom: 620 encountered, 549 discovered, 0 enqueued
[2026-04-03T02:41:02.972+0600][47.830s][info][gc,reloc    ] GC(46) Small Pages: 189 / 378M, Empty: 94M, Relocated: 6M, In-Place: 0
[2026-04-03T02:41:02.972+0600][47.830s][info][gc,reloc    ] GC(46) Medium Pages: 3 / 96M, Empty: 64M, Relocated: 0M, In-Place: 0
[2026-04-03T02:41:02.972+0600][47.830s][info][gc,reloc    ] GC(46) Large Pages: 6 / 36M, Empty: 36M, Relocated: 0M, In-Place: 0
[2026-04-03T02:41:02.972+0600][47.830s][info][gc,reloc    ] GC(46) Forwarding Usage: 2M
[2026-04-03T02:41:02.972+0600][47.830s][info][gc,heap     ] GC(46) Min Capacity: 8M(0%)
[2026-04-03T02:41:02.972+0600][47.830s][info][gc,heap     ] GC(46) Max Capacity: 1750M(100%)
[2026-04-03T02:41:02.972+0600][47.830s][info][gc,heap     ] GC(46) Soft Max Capacity: 1750M(100%)
[2026-04-03T02:41:02.972+0600][47.830s][info][gc,heap     ] GC(46)                Mark Start          Mark End        Relocate Start      Relocate End           High               Low         
[2026-04-03T02:41:02.972+0600][47.830s][info][gc,heap     ] GC(46)  Capacity:     1750M (100%)       1750M (100%)       1750M (100%)       1750M (100%)       1750M (100%)       1750M (100%)   
[2026-04-03T02:41:02.972+0600][47.830s][info][gc,heap     ] GC(46)      Free:     1240M (71%)        1238M (71%)        1418M (81%)        1586M (91%)        1588M (91%)        1226M (70%)    
[2026-04-03T02:41:02.972+0600][47.830s][info][gc,heap     ] GC(46)      Used:      510M (29%)         512M (29%)         332M (19%)         164M (9%)          524M (30%)         162M (9%)     
[2026-04-03T02:41:02.972+0600][47.830s][info][gc,heap     ] GC(46)      Live:         -                99M (6%)           99M (6%)           99M (6%)             -                  -          
[2026-04-03T02:41:02.972+0600][47.830s][info][gc,heap     ] GC(46) Allocated:         -                 2M (0%)           16M (1%)           23M (1%)             -                  -          
[2026-04-03T02:41:02.972+0600][47.830s][info][gc,heap     ] GC(46)   Garbage:         -               410M (23%)         216M (12%)          40M (2%)             -                  -          
[2026-04-03T02:41:02.972+0600][47.830s][info][gc,heap     ] GC(46) Reclaimed:         -                  -               194M (11%)         369M (21%)            -                  -          
[2026-04-03T02:41:02.972+0600][47.830s][info][gc          ] GC(46) Garbage Collection (System.gc()) 510M(29%)->164M(9%)
[2026-04-03T02:41:03.251+0600][48.109s][info][gc,start    ] GC(47) Garbage Collection (Allocation Rate)
[2026-04-03T02:41:03.251+0600][48.109s][info][gc,task     ] GC(47) Using 3 workers
[2026-04-03T02:41:03.251+0600][48.109s][info][gc,phases   ] GC(47) Pause Mark Start 0.008ms
[2026-04-03T02:41:03.355+0600][48.212s][info][gc,phases   ] GC(47) Concurrent Mark 103.376ms
[2026-04-03T02:41:03.355+0600][48.213s][info][gc,phases   ] GC(47) Pause Mark End 0.032ms
[2026-04-03T02:41:03.355+0600][48.213s][info][gc,phases   ] GC(47) Concurrent Mark Free 0.001ms
[2026-04-03T02:41:03.371+0600][48.229s][info][gc,phases   ] GC(47) Concurrent Process Non-Strong References 16.251ms
[2026-04-03T02:41:03.371+0600][48.229s][info][gc,phases   ] GC(47) Concurrent Reset Relocation Set 0.011ms
[2026-04-03T02:41:03.374+0600][48.232s][info][gc,phases   ] GC(47) Concurrent Select Relocation Set 3.121ms
[2026-04-03T02:41:03.375+0600][48.233s][info][gc,phases   ] GC(47) Pause Relocate Start 0.038ms
[2026-04-03T02:41:03.377+0600][48.235s][info][gc,phases   ] GC(47) Concurrent Relocate 1.839ms
[2026-04-03T02:41:03.377+0600][48.235s][info][gc,load     ] GC(47) Load: 5.13/5.32/5.59
[2026-04-03T02:41:03.377+0600][48.235s][info][gc,mmu      ] GC(47) MMU: 2ms/92.4%, 5ms/97.0%, 10ms/98.5%, 20ms/99.2%, 50ms/99.7%, 100ms/99.8%
[2026-04-03T02:41:03.377+0600][48.235s][info][gc,marking  ] GC(47) Mark: 2 stripe(s), 2 proactive flush(es), 1 terminate flush(es), 0 completion(s), 0 continuation(s) 
[2026-04-03T02:41:03.377+0600][48.235s][info][gc,marking  ] GC(47) Mark Stack Usage: 32M
[2026-04-03T02:41:03.377+0600][48.235s][info][gc,nmethod  ] GC(47) NMethods: 14769 registered, 2054 unregistered
[2026-04-03T02:41:03.377+0600][48.235s][info][gc,metaspace] GC(47) Metaspace: 127M used, 129M committed, 1152M reserved
[2026-04-03T02:41:03.377+0600][48.235s][info][gc,ref      ] GC(47) Soft: 3473 encountered, 0 discovered, 0 enqueued
[2026-04-03T02:41:03.377+0600][48.235s][info][gc,ref      ] GC(47) Weak: 15079 encountered, 9362 discovered, 520 enqueued
[2026-04-03T02:41:03.377+0600][48.235s][info][gc,ref      ] GC(47) Final: 84 encountered, 0 discovered, 0 enqueued
[2026-04-03T02:41:03.377+0600][48.235s][info][gc,ref      ] GC(47) Phantom: 620 encountered, 544 discovered, 0 enqueued
[2026-04-03T02:41:03.377+0600][48.235s][info][gc,reloc    ] GC(47) Small Pages: 165 / 330M, Empty: 58M, Relocated: 3M, In-Place: 0
[2026-04-03T02:41:03.377+0600][48.235s][info][gc,reloc    ] GC(47) Medium Pages: 3 / 96M, Empty: 64M, Relocated: 0M, In-Place: 0
[2026-04-03T02:41:03.377+0600][48.235s][info][gc,reloc    ] GC(47) Large Pages: 135 / 810M, Empty: 810M, Relocated: 0M, In-Place: 0
[2026-04-03T02:41:03.377+0600][48.235s][info][gc,reloc    ] GC(47) Forwarding Usage: 0M
[2026-04-03T02:41:03.377+0600][48.235s][info][gc,heap     ] GC(47) Min Capacity: 8M(0%)
[2026-04-03T02:41:03.377+0600][48.235s][info][gc,heap     ] GC(47) Max Capacity: 1750M(100%)
[2026-04-03T02:41:03.377+0600][48.235s][info][gc,heap     ] GC(47) Soft Max Capacity: 1750M(100%)
[2026-04-03T02:41:03.377+0600][48.235s][info][gc,heap     ] GC(47)                Mark Start          Mark End        Relocate Start      Relocate End           High               Low         
[2026-04-03T02:41:03.377+0600][48.235s][info][gc,heap     ] GC(47)  Capacity:     1750M (100%)       1750M (100%)       1750M (100%)       1750M (100%)       1750M (100%)       1750M (100%)   
[2026-04-03T02:41:03.377+0600][48.235s][info][gc,heap     ] GC(47)      Free:      514M (29%)         406M (23%)        1328M (76%)        1490M (85%)        1490M (85%)         404M (23%)    
[2026-04-03T02:41:03.377+0600][48.235s][info][gc,heap     ] GC(47)      Used:     1236M (71%)        1344M (77%)         422M (24%)         260M (15%)        1346M (77%)         260M (15%)    
[2026-04-03T02:41:03.377+0600][48.235s][info][gc,heap     ] GC(47)      Live:         -               101M (6%)          101M (6%)          101M (6%)             -                  -          
[2026-04-03T02:41:03.377+0600][48.235s][info][gc,heap     ] GC(47) Allocated:         -               108M (6%)          118M (7%)          119M (7%)             -                  -          
[2026-04-03T02:41:03.377+0600][48.235s][info][gc,heap     ] GC(47)   Garbage:         -              1134M (65%)         202M (12%)          38M (2%)             -                  -          
[2026-04-03T02:41:03.377+0600][48.235s][info][gc,heap     ] GC(47) Reclaimed:         -                  -               932M (53%)        1095M (63%)            -                  -          
[2026-04-03T02:41:03.377+0600][48.235s][info][gc          ] GC(47) Garbage Collection (Allocation Rate) 1236M(71%)->260M(15%)
[2026-04-03T02:41:04.151+0600][49.009s][info][gc,start    ] GC(48) Garbage Collection (Allocation Rate)
[2026-04-03T02:41:04.151+0600][49.009s][info][gc,task     ] GC(48) Using 2 workers
[2026-04-03T02:41:04.151+0600][49.009s][info][gc,phases   ] GC(48) Pause Mark Start 0.016ms
[2026-04-03T02:41:04.304+0600][49.162s][info][gc,phases   ] GC(48) Concurrent Mark 152.845ms
[2026-04-03T02:41:04.305+0600][49.163s][info][gc,phases   ] GC(48) Pause Mark End 0.042ms
[2026-04-03T02:41:04.305+0600][49.163s][info][gc,phases   ] GC(48) Concurrent Mark Free 0.003ms
[2026-04-03T02:41:04.336+0600][49.194s][info][gc,phases   ] GC(48) Concurrent Process Non-Strong References 30.568ms
[2026-04-03T02:41:04.336+0600][49.194s][info][gc,phases   ] GC(48) Concurrent Reset Relocation Set 0.009ms
[2026-04-03T02:41:04.340+0600][49.197s][info][gc,phases   ] GC(48) Concurrent Select Relocation Set 3.597ms
[2026-04-03T02:41:04.340+0600][49.198s][info][gc,phases   ] GC(48) Pause Relocate Start 0.041ms
[2026-04-03T02:41:04.350+0600][49.208s][info][gc,phases   ] GC(48) Concurrent Relocate 10.091ms
[2026-04-03T02:41:04.350+0600][49.208s][info][gc,load     ] GC(48) Load: 5.13/5.32/5.59
[2026-04-03T02:41:04.350+0600][49.208s][info][gc,mmu      ] GC(48) MMU: 2ms/92.4%, 5ms/97.0%, 10ms/98.5%, 20ms/99.2%, 50ms/99.7%, 100ms/99.8%
[2026-04-03T02:41:04.350+0600][49.208s][info][gc,marking  ] GC(48) Mark: 2 stripe(s), 2 proactive flush(es), 1 terminate flush(es), 0 completion(s), 0 continuation(s) 
[2026-04-03T02:41:04.350+0600][49.208s][info][gc,marking  ] GC(48) Mark Stack Usage: 32M
[2026-04-03T02:41:04.350+0600][49.208s][info][gc,nmethod  ] GC(48) NMethods: 14811 registered, 2079 unregistered
[2026-04-03T02:41:04.350+0600][49.208s][info][gc,metaspace] GC(48) Metaspace: 127M used, 129M committed, 1152M reserved
[2026-04-03T02:41:04.350+0600][49.208s][info][gc,ref      ] GC(48) Soft: 3481 encountered, 0 discovered, 0 enqueued
[2026-04-03T02:41:04.350+0600][49.208s][info][gc,ref      ] GC(48) Weak: 15779 encountered, 6997 discovered, 265 enqueued
[2026-04-03T02:41:04.350+0600][49.208s][info][gc,ref      ] GC(48) Final: 84 encountered, 0 discovered, 0 enqueued
[2026-04-03T02:41:04.350+0600][49.208s][info][gc,ref      ] GC(48) Phantom: 620 encountered, 513 discovered, 0 enqueued
[2026-04-03T02:41:04.350+0600][49.208s][info][gc,reloc    ] GC(48) Small Pages: 392 / 784M, Empty: 272M, Relocated: 8M, In-Place: 0
[2026-04-03T02:41:04.350+0600][49.208s][info][gc,reloc    ] GC(48) Medium Pages: 5 / 160M, Empty: 128M, Relocated: 0M, In-Place: 0
[2026-04-03T02:41:04.350+0600][49.208s][info][gc,reloc    ] GC(48) Large Pages: 18 / 108M, Empty: 108M, Relocated: 0M, In-Place: 0
[2026-04-03T02:41:04.350+0600][49.208s][info][gc,reloc    ] GC(48) Forwarding Usage: 2M
[2026-04-03T02:41:04.350+0600][49.208s][info][gc,heap     ] GC(48) Min Capacity: 8M(0%)
[2026-04-03T02:41:04.350+0600][49.208s][info][gc,heap     ] GC(48) Max Capacity: 1750M(100%)
[2026-04-03T02:41:04.350+0600][49.208s][info][gc,heap     ] GC(48) Soft Max Capacity: 1750M(100%)
[2026-04-03T02:41:04.350+0600][49.208s][info][gc,heap     ] GC(48)                Mark Start          Mark End        Relocate Start      Relocate End           High               Low         
[2026-04-03T02:41:04.350+0600][49.208s][info][gc,heap     ] GC(48)  Capacity:     1750M (100%)       1750M (100%)       1750M (100%)       1750M (100%)       1750M (100%)       1750M (100%)   
[2026-04-03T02:41:04.350+0600][49.208s][info][gc,heap     ] GC(48)      Free:      698M (40%)         516M (29%)         968M (55%)        1354M (77%)        1358M (78%)         466M (27%)    
[2026-04-03T02:41:04.350+0600][49.208s][info][gc,heap     ] GC(48)      Used:     1052M (60%)        1234M (71%)         782M (45%)         396M (23%)        1284M (73%)         392M (22%)    
[2026-04-03T02:41:04.350+0600][49.208s][info][gc,heap     ] GC(48)      Live:         -               105M (6%)          105M (6%)          105M (6%)             -                  -          
[2026-04-03T02:41:04.350+0600][49.208s][info][gc,heap     ] GC(48) Allocated:         -               182M (10%)         238M (14%)         251M (14%)            -                  -          
[2026-04-03T02:41:04.350+0600][49.208s][info][gc,heap     ] GC(48)   Garbage:         -               946M (54%)         438M (25%)          38M (2%)             -                  -          
[2026-04-03T02:41:04.351+0600][49.208s][info][gc,heap     ] GC(48) Reclaimed:         -                  -               508M (29%)         907M (52%)            -                  -          
[2026-04-03T02:41:04.351+0600][49.208s][info][gc          ] GC(48) Garbage Collection (Allocation Rate) 1052M(60%)->396M(23%)
[2026-04-03T02:41:04.851+0600][49.709s][info][gc,start    ] GC(49) Garbage Collection (Allocation Rate)
[2026-04-03T02:41:04.851+0600][49.709s][info][gc,task     ] GC(49) Using 2 workers
[2026-04-03T02:41:04.851+0600][49.709s][info][gc,phases   ] GC(49) Pause Mark Start 0.011ms
[2026-04-03T02:41:05.018+0600][49.876s][info][gc,phases   ] GC(49) Concurrent Mark 166.183ms
[2026-04-03T02:41:05.018+0600][49.876s][info][gc,phases   ] GC(49) Pause Mark End 0.040ms
[2026-04-03T02:41:05.018+0600][49.876s][info][gc,phases   ] GC(49) Concurrent Mark Free 0.004ms
[2026-04-03T02:41:05.057+0600][49.915s][info][gc,phases   ] GC(49) Concurrent Process Non-Strong References 38.385ms
[2026-04-03T02:41:05.057+0600][49.915s][info][gc,phases   ] GC(49) Concurrent Reset Relocation Set 0.024ms
[2026-04-03T02:41:05.061+0600][49.919s][info][gc,phases   ] GC(49) Concurrent Select Relocation Set 3.814ms
[2026-04-03T02:41:05.061+0600][49.919s][info][gc,phases   ] GC(49) Pause Relocate Start 0.016ms
[2026-04-03T02:41:05.066+0600][49.924s][info][gc,phases   ] GC(49) Concurrent Relocate 4.392ms
[2026-04-03T02:41:05.066+0600][49.924s][info][gc,load     ] GC(49) Load: 4.96/5.29/5.58
[2026-04-03T02:41:05.066+0600][49.924s][info][gc,mmu      ] GC(49) MMU: 2ms/92.4%, 5ms/97.0%, 10ms/98.5%, 20ms/99.2%, 50ms/99.7%, 100ms/99.8%
[2026-04-03T02:41:05.066+0600][49.924s][info][gc,marking  ] GC(49) Mark: 2 stripe(s), 2 proactive flush(es), 1 terminate flush(es), 0 completion(s), 0 continuation(s) 
[2026-04-03T02:41:05.066+0600][49.924s][info][gc,marking  ] GC(49) Mark Stack Usage: 32M
[2026-04-03T02:41:05.066+0600][49.924s][info][gc,nmethod  ] GC(49) NMethods: 14845 registered, 2093 unregistered
[2026-04-03T02:41:05.066+0600][49.924s][info][gc,metaspace] GC(49) Metaspace: 127M used, 129M committed, 1152M reserved
[2026-04-03T02:41:05.066+0600][49.924s][info][gc,ref      ] GC(49) Soft: 3473 encountered, 0 discovered, 0 enqueued
[2026-04-03T02:41:05.066+0600][49.924s][info][gc,ref      ] GC(49) Weak: 16275 encountered, 6833 discovered, 1612 enqueued
[2026-04-03T02:41:05.066+0600][49.924s][info][gc,ref      ] GC(49) Final: 84 encountered, 4 discovered, 0 enqueued
[2026-04-03T02:41:05.066+0600][49.924s][info][gc,ref      ] GC(49) Phantom: 620 encountered, 515 discovered, 0 enqueued
[2026-04-03T02:41:05.066+0600][49.924s][info][gc,reloc    ] GC(49) Small Pages: 335 / 670M, Empty: 194M, Relocated: 3M, In-Place: 0
[2026-04-03T02:41:05.066+0600][49.924s][info][gc,reloc    ] GC(49) Medium Pages: 4 / 128M, Empty: 96M, Relocated: 0M, In-Place: 0
[2026-04-03T02:41:05.066+0600][49.924s][info][gc,reloc    ] GC(49) Large Pages: 12 / 72M, Empty: 72M, Relocated: 0M, In-Place: 0
[2026-04-03T02:41:05.066+0600][49.924s][info][gc,reloc    ] GC(49) Forwarding Usage: 0M
[2026-04-03T02:41:05.066+0600][49.924s][info][gc,heap     ] GC(49) Min Capacity: 8M(0%)
[2026-04-03T02:41:05.066+0600][49.924s][info][gc,heap     ] GC(49) Max Capacity: 1750M(100%)
[2026-04-03T02:41:05.066+0600][49.924s][info][gc,heap     ] GC(49) Soft Max Capacity: 1750M(100%)
[2026-04-03T02:41:05.066+0600][49.924s][info][gc,heap     ] GC(49)                Mark Start          Mark End        Relocate Start      Relocate End           High               Low         
[2026-04-03T02:41:05.066+0600][49.924s][info][gc,heap     ] GC(49)  Capacity:     1750M (100%)       1750M (100%)       1750M (100%)       1750M (100%)       1750M (100%)       1750M (100%)   
[2026-04-03T02:41:05.066+0600][49.924s][info][gc,heap     ] GC(49)      Free:      880M (50%)         626M (36%)         938M (54%)        1304M (75%)        1304M (75%)         584M (33%)    
[2026-04-03T02:41:05.066+0600][49.924s][info][gc,heap     ] GC(49)      Used:      870M (50%)        1124M (64%)         812M (46%)         446M (25%)        1166M (67%)         446M (25%)    
[2026-04-03T02:41:05.066+0600][49.924s][info][gc,heap     ] GC(49)      Live:         -               103M (6%)          103M (6%)          103M (6%)             -                  -          
[2026-04-03T02:41:05.066+0600][49.924s][info][gc,heap     ] GC(49) Allocated:         -               254M (15%)         304M (17%)         305M (17%)            -                  -          
[2026-04-03T02:41:05.066+0600][49.924s][info][gc,heap     ] GC(49)   Garbage:         -               766M (44%)         404M (23%)          36M (2%)             -                  -          
[2026-04-03T02:41:05.066+0600][49.924s][info][gc,heap     ] GC(49) Reclaimed:         -                  -               362M (21%)         729M (42%)            -                  -          
[2026-04-03T02:41:05.066+0600][49.924s][info][gc          ] GC(49) Garbage Collection (Allocation Rate) 870M(50%)->446M(25%)
[2026-04-03T02:41:05.251+0600][50.109s][info][gc,stats    ] === Garbage Collection Statistics =======================================================================================================================
[2026-04-03T02:41:05.251+0600][50.109s][info][gc,stats    ]                                                              Last 10s              Last 10m              Last 10h                Total
[2026-04-03T02:41:05.251+0600][50.109s][info][gc,stats    ]                                                              Avg / Max             Avg / Max             Avg / Max             Avg / Max
[2026-04-03T02:41:05.251+0600][50.109s][info][gc,stats    ]   Collector: Garbage Collection Cycle                    176.722 / 228.862     181.166 / 377.768     181.166 / 377.768     181.166 / 377.768     ms
[2026-04-03T02:41:05.251+0600][50.109s][info][gc,stats    ]  Contention: Mark Segment Reset Contention                     3 / 11                1 / 11                1 / 11                1 / 11          ops/s
[2026-04-03T02:41:05.251+0600][50.109s][info][gc,stats    ]  Contention: Mark SeqNum Reset Contention                      0 / 1                 0 / 2                 0 / 2                 0 / 2           ops/s
[2026-04-03T02:41:05.251+0600][50.109s][info][gc,stats    ]    Critical: Allocation Stall                                  0 / 5                 0 / 5                 0 / 5                 0 / 5           ops/s
[2026-04-03T02:41:05.251+0600][50.109s][info][gc,stats    ]    Critical: Allocation Stall                             31.678 / 41.013       34.835 / 41.951       34.835 / 41.951       34.835 / 41.951      ms
[2026-04-03T02:41:05.251+0600][50.109s][info][gc,stats    ]    Critical: GC Locker Stall                                   0 / 1                 0 / 2                 0 / 2                 0 / 2           ops/s
[2026-04-03T02:41:05.251+0600][50.109s][info][gc,stats    ]    Critical: GC Locker Stall                               0.108 / 0.205         0.038 / 0.205         0.038 / 0.205         0.038 / 0.205       ms
[2026-04-03T02:41:05.251+0600][50.109s][info][gc,stats    ]    Critical: Relocation Stall                                  0 / 0                 0 / 0                 0 / 0                 0 / 0           ops/s
[2026-04-03T02:41:05.251+0600][50.109s][info][gc,stats    ]    Critical: Relocation Stall                              0.000 / 0.000         0.000 / 0.000         0.000 / 0.000         0.000 / 0.000       ms
[2026-04-03T02:41:05.251+0600][50.109s][info][gc,stats    ]      Memory: Allocation Rate                                1457 / 1828            752 / 2032            752 / 2032            752 / 2032        MB/s
[2026-04-03T02:41:05.251+0600][50.109s][info][gc,stats    ]      Memory: Defragment                                       17 / 47               15 / 128              15 / 128              15 / 128         ops/s
[2026-04-03T02:41:05.251+0600][50.109s][info][gc,stats    ]      Memory: Out Of Memory                                     0 / 0                 0 / 0                 0 / 0                 0 / 0           ops/s
[2026-04-03T02:41:05.251+0600][50.109s][info][gc,stats    ]      Memory: Page Cache Flush                                 88 / 246              77 / 480              77 / 480              77 / 480         MB/s
[2026-04-03T02:41:05.251+0600][50.109s][info][gc,stats    ]      Memory: Page Cache Hit L1                               496 / 578             242 / 578             242 / 578             242 / 578         ops/s
[2026-04-03T02:41:05.251+0600][50.109s][info][gc,stats    ]      Memory: Page Cache Hit L2                                 0 / 0                 0 / 0                 0 / 0                 0 / 0           ops/s
[2026-04-03T02:41:05.251+0600][50.109s][info][gc,stats    ]      Memory: Page Cache Hit L3                                16 / 53               15 / 104              15 / 104              15 / 104         ops/s
[2026-04-03T02:41:05.251+0600][50.109s][info][gc,stats    ]      Memory: Page Cache Miss                                   4 / 21               12 / 173              12 / 173              12 / 173         ops/s
[2026-04-03T02:41:05.251+0600][50.109s][info][gc,stats    ]      Memory: Uncommit                                          0 / 0                 0 / 0                 0 / 0                 0 / 0           MB/s
[2026-04-03T02:41:05.251+0600][50.109s][info][gc,stats    ]      Memory: Undo Object Allocation Failed                     0 / 0                 0 / 0                 0 / 0                 0 / 0           ops/s
[2026-04-03T02:41:05.251+0600][50.109s][info][gc,stats    ]      Memory: Undo Object Allocation Succeeded                 54 / 459              17 / 459              17 / 459              17 / 459         ops/s
[2026-04-03T02:41:05.251+0600][50.109s][info][gc,stats    ]      Memory: Undo Page Allocation                              0 / 2                 0 / 5                 0 / 5                 0 / 5           ops/s
[2026-04-03T02:41:05.251+0600][50.109s][info][gc,stats    ]       Phase: Concurrent Mark                             132.803 / 175.970     133.635 / 298.329     133.635 / 298.329     133.635 / 298.329     ms
[2026-04-03T02:41:05.251+0600][50.109s][info][gc,stats    ]       Phase: Concurrent Mark Continue                      0.000 / 0.000         0.000 / 0.000         0.000 / 0.000         0.000 / 0.000       ms
[2026-04-03T02:41:05.251+0600][50.109s][info][gc,stats    ]       Phase: Concurrent Mark Free                          0.002 / 0.004         0.002 / 0.004         0.002 / 0.004         0.002 / 0.004       ms
[2026-04-03T02:41:05.251+0600][50.109s][info][gc,stats    ]       Phase: Concurrent Process Non-Strong References     30.826 / 60.317       31.304 / 67.653       31.304 / 67.653       31.304 / 67.653      ms
[2026-04-03T02:41:05.251+0600][50.109s][info][gc,stats    ]       Phase: Concurrent Relocate                           7.051 / 12.020        9.459 / 33.965        9.459 / 33.965        9.459 / 33.965      ms
[2026-04-03T02:41:05.251+0600][50.109s][info][gc,stats    ]       Phase: Concurrent Reset Relocation Set               0.014 / 0.027         0.016 / 0.043         0.016 / 0.043         0.016 / 0.043       ms
[2026-04-03T02:41:05.251+0600][50.109s][info][gc,stats    ]       Phase: Concurrent Select Relocation Set              3.872 / 5.279         4.240 / 9.099         4.240 / 9.099         4.240 / 9.099       ms
[2026-04-03T02:41:05.251+0600][50.109s][info][gc,stats    ]       Phase: Pause Mark End                                0.045 / 0.092         0.043 / 0.152         0.043 / 0.152         0.043 / 0.152       ms
[2026-04-03T02:41:05.251+0600][50.109s][info][gc,stats    ]       Phase: Pause Mark Start                              0.022 / 0.093         0.017 / 0.093         0.017 / 0.093         0.017 / 0.093       ms
[2026-04-03T02:41:05.251+0600][50.109s][info][gc,stats    ]       Phase: Pause Relocate Start                          0.019 / 0.041         0.018 / 0.041         0.018 / 0.041         0.018 / 0.041       ms
[2026-04-03T02:41:05.251+0600][50.109s][info][gc,stats    ]    Subphase: Concurrent Classes Purge                      0.116 / 0.502         0.315 / 3.505         0.315 / 3.505         0.315 / 3.505       ms
[2026-04-03T02:41:05.251+0600][50.109s][info][gc,stats    ]    Subphase: Concurrent Classes Unlink                    26.801 / 55.382       27.036 / 60.113       27.036 / 60.113       27.036 / 60.113      ms
[2026-04-03T02:41:05.251+0600][50.109s][info][gc,stats    ]    Subphase: Concurrent Mark                             124.197 / 173.770     118.586 / 292.279     118.586 / 292.279     118.586 / 292.279     ms
[2026-04-03T02:41:05.251+0600][50.109s][info][gc,stats    ]    Subphase: Concurrent Mark Try Flush                     0.409 / 3.795         0.467 / 4.889         0.467 / 4.889         0.467 / 4.889       ms
[2026-04-03T02:41:05.251+0600][50.109s][info][gc,stats    ]    Subphase: Concurrent Mark Try Terminate                 0.761 / 1.404         0.760 / 4.580         0.760 / 4.580         0.760 / 4.580       ms
[2026-04-03T02:41:05.251+0600][50.109s][info][gc,stats    ]    Subphase: Concurrent References Enqueue                 0.009 / 0.024         0.009 / 0.024         0.009 / 0.024         0.009 / 0.024       ms
[2026-04-03T02:41:05.251+0600][50.109s][info][gc,stats    ]    Subphase: Concurrent References Process                 1.162 / 1.700         1.106 / 2.076         1.106 / 2.076         1.106 / 2.076       ms
[2026-04-03T02:41:05.251+0600][50.109s][info][gc,stats    ]    Subphase: Concurrent Roots ClassLoaderDataGraph         0.405 / 0.938         0.420 / 1.007         0.420 / 1.007         0.420 / 1.007       ms
[2026-04-03T02:41:05.251+0600][50.109s][info][gc,stats    ]    Subphase: Concurrent Roots CodeCache                    0.000 / 0.000         0.000 / 0.000         0.000 / 0.000         0.000 / 0.000       ms
[2026-04-03T02:41:05.251+0600][50.109s][info][gc,stats    ]    Subphase: Concurrent Roots JavaThreads                  1.167 / 2.859         1.499 / 5.185         1.499 / 5.185         1.499 / 5.185       ms
[2026-04-03T02:41:05.251+0600][50.109s][info][gc,stats    ]    Subphase: Concurrent Roots OopStorageSet                0.093 / 0.215         0.106 / 0.398         0.106 / 0.398         0.106 / 0.398       ms
[2026-04-03T02:41:05.251+0600][50.109s][info][gc,stats    ]    Subphase: Concurrent Weak Roots OopStorageSet           1.748 / 3.593         1.731 / 4.980         1.731 / 4.980         1.731 / 4.980       ms
[2026-04-03T02:41:05.251+0600][50.109s][info][gc,stats    ]    Subphase: Pause Mark Try Complete                       0.003 / 0.008         0.003 / 0.008         0.003 / 0.008         0.003 / 0.008       ms
[2026-04-03T02:41:05.251+0600][50.109s][info][gc,stats    ]      System: Java Threads                                    283 / 286             246 / 286             246 / 286             246 / 286         threads
[2026-04-03T02:41:05.251+0600][50.109s][info][gc,stats    ] =========================================================================================================================================================
[2026-04-03T02:41:05.651+0600][50.509s][info][gc,start    ] GC(50) Garbage Collection (Allocation Rate)
[2026-04-03T02:41:05.651+0600][50.509s][info][gc,task     ] GC(50) Using 2 workers
[2026-04-03T02:41:05.651+0600][50.509s][info][gc,phases   ] GC(50) Pause Mark Start 0.012ms
[2026-04-03T02:41:05.767+0600][50.625s][info][gc,phases   ] GC(50) Concurrent Mark 115.837ms
[2026-04-03T02:41:05.768+0600][50.626s][info][gc,phases   ] GC(50) Pause Mark End 0.046ms
[2026-04-03T02:41:05.768+0600][50.626s][info][gc,phases   ] GC(50) Concurrent Mark Free 0.003ms
[2026-04-03T02:41:05.793+0600][50.651s][info][gc,phases   ] GC(50) Concurrent Process Non-Strong References 24.746ms
[2026-04-03T02:41:05.793+0600][50.651s][info][gc,phases   ] GC(50) Concurrent Reset Relocation Set 0.011ms
[2026-04-03T02:41:05.795+0600][50.653s][info][gc,phases   ] GC(50) Concurrent Select Relocation Set 2.660ms
[2026-04-03T02:41:05.796+0600][50.654s][info][gc,phases   ] GC(50) Pause Relocate Start 0.011ms
[2026-04-03T02:41:05.800+0600][50.658s][info][gc,phases   ] GC(50) Concurrent Relocate 3.884ms
[2026-04-03T02:41:05.800+0600][50.658s][info][gc,load     ] GC(50) Load: 4.96/5.29/5.58
[2026-04-03T02:41:05.800+0600][50.658s][info][gc,mmu      ] GC(50) MMU: 2ms/92.4%, 5ms/97.0%, 10ms/98.5%, 20ms/99.2%, 50ms/99.7%, 100ms/99.8%
[2026-04-03T02:41:05.800+0600][50.658s][info][gc,marking  ] GC(50) Mark: 2 stripe(s), 2 proactive flush(es), 1 terminate flush(es), 0 completion(s), 0 continuation(s) 
[2026-04-03T02:41:05.800+0600][50.658s][info][gc,marking  ] GC(50) Mark Stack Usage: 32M
[2026-04-03T02:41:05.800+0600][50.658s][info][gc,nmethod  ] GC(50) NMethods: 14849 registered, 2132 unregistered
[2026-04-03T02:41:05.800+0600][50.658s][info][gc,metaspace] GC(50) Metaspace: 127M used, 129M committed, 1152M reserved
[2026-04-03T02:41:05.800+0600][50.658s][info][gc,ref      ] GC(50) Soft: 3477 encountered, 0 discovered, 0 enqueued
[2026-04-03T02:41:05.800+0600][50.658s][info][gc,ref      ] GC(50) Weak: 16107 encountered, 6258 discovered, 1445 enqueued
[2026-04-03T02:41:05.800+0600][50.658s][info][gc,ref      ] GC(50) Final: 84 encountered, 4 discovered, 0 enqueued
[2026-04-03T02:41:05.800+0600][50.658s][info][gc,ref      ] GC(50) Phantom: 620 encountered, 520 discovered, 0 enqueued
[2026-04-03T02:41:05.800+0600][50.658s][info][gc,reloc    ] GC(50) Small Pages: 452 / 904M, Empty: 370M, Relocated: 5M, In-Place: 0
[2026-04-03T02:41:05.800+0600][50.658s][info][gc,reloc    ] GC(50) Medium Pages: 7 / 224M, Empty: 192M, Relocated: 0M, In-Place: 0
[2026-04-03T02:41:05.800+0600][50.658s][info][gc,reloc    ] GC(50) Large Pages: 20 / 120M, Empty: 120M, Relocated: 0M, In-Place: 0
[2026-04-03T02:41:05.800+0600][50.658s][info][gc,reloc    ] GC(50) Forwarding Usage: 1M
[2026-04-03T02:41:05.800+0600][50.658s][info][gc,heap     ] GC(50) Min Capacity: 8M(0%)
[2026-04-03T02:41:05.800+0600][50.658s][info][gc,heap     ] GC(50) Max Capacity: 1750M(100%)
[2026-04-03T02:41:05.800+0600][50.658s][info][gc,heap     ] GC(50) Soft Max Capacity: 1750M(100%)
[2026-04-03T02:41:05.800+0600][50.658s][info][gc,heap     ] GC(50)                Mark Start          Mark End        Relocate Start      Relocate End           High               Low         
[2026-04-03T02:41:05.800+0600][50.658s][info][gc,heap     ] GC(50)  Capacity:     1750M (100%)       1750M (100%)       1750M (100%)       1750M (100%)       1750M (100%)       1750M (100%)   
[2026-04-03T02:41:05.800+0600][50.658s][info][gc,heap     ] GC(50)      Free:      502M (29%)         408M (23%)        1076M (61%)        1494M (85%)        1494M (85%)         354M (20%)    
[2026-04-03T02:41:05.800+0600][50.658s][info][gc,heap     ] GC(50)      Used:     1248M (71%)        1342M (77%)         674M (39%)         256M (15%)        1396M (80%)         256M (15%)    
[2026-04-03T02:41:05.800+0600][50.658s][info][gc,heap     ] GC(50)      Live:         -               106M (6%)          106M (6%)          106M (6%)             -                  -          
[2026-04-03T02:41:05.800+0600][50.658s][info][gc,heap     ] GC(50) Allocated:         -                94M (5%)          108M (6%)          109M (6%)             -                  -          
[2026-04-03T02:41:05.800+0600][50.658s][info][gc,heap     ] GC(50)   Garbage:         -              1141M (65%)         459M (26%)          39M (2%)             -                  -          
[2026-04-03T02:41:05.800+0600][50.658s][info][gc,heap     ] GC(50) Reclaimed:         -                  -               682M (39%)        1101M (63%)            -                  -          
[2026-04-03T02:41:05.800+0600][50.658s][info][gc          ] GC(50) Garbage Collection (Allocation Rate) 1248M(71%)->256M(15%)
[2026-04-03T02:41:06.251+0600][51.109s][info][gc,start    ] GC(51) Garbage Collection (Allocation Rate)
[2026-04-03T02:41:06.251+0600][51.109s][info][gc,task     ] GC(51) Using 3 workers
[2026-04-03T02:41:06.251+0600][51.109s][info][gc,phases   ] GC(51) Pause Mark Start 0.015ms
[2026-04-03T02:41:06.359+0600][51.217s][info][gc,phases   ] GC(51) Concurrent Mark 107.700ms
[2026-04-03T02:41:06.359+0600][51.217s][info][gc,phases   ] GC(51) Pause Mark End 0.027ms
[2026-04-03T02:41:06.359+0600][51.217s][info][gc,phases   ] GC(51) Concurrent Mark Free 0.003ms
[2026-04-03T02:41:06.374+0600][51.232s][info][gc,phases   ] GC(51) Concurrent Process Non-Strong References 14.225ms
[2026-04-03T02:41:06.374+0600][51.232s][info][gc,phases   ] GC(51) Concurrent Reset Relocation Set 0.031ms
[2026-04-03T02:41:06.374+0600][51.232s][info][gc          ] Allocation Stall (Executor task launch worker for task 2.0 in stage 1794.0 (TID 3307)) 25.429ms
[2026-04-03T02:41:06.374+0600][51.232s][info][gc          ] Allocation Stall (Executor task launch worker for task 0.0 in stage 1794.0 (TID 3305)) 26.566ms
[2026-04-03T02:41:06.374+0600][51.232s][info][gc          ] Allocation Stall (Executor task launch worker for task 1.0 in stage 1794.0 (TID 3306)) 25.713ms
[2026-04-03T02:41:06.374+0600][51.232s][info][gc          ] Allocation Stall (Executor task launch worker for task 5.0 in stage 1794.0 (TID 3310)) 26.154ms
[2026-04-03T02:41:06.376+0600][51.234s][info][gc,phases   ] GC(51) Concurrent Select Relocation Set 2.752ms
[2026-04-03T02:41:06.377+0600][51.235s][info][gc,phases   ] GC(51) Pause Relocate Start 0.011ms
[2026-04-03T02:41:06.383+0600][51.241s][info][gc,phases   ] GC(51) Concurrent Relocate 6.597ms
[2026-04-03T02:41:06.384+0600][51.242s][info][gc,load     ] GC(51) Load: 4.96/5.29/5.58
[2026-04-03T02:41:06.384+0600][51.242s][info][gc,mmu      ] GC(51) MMU: 2ms/92.4%, 5ms/97.0%, 10ms/98.5%, 20ms/99.2%, 50ms/99.7%, 100ms/99.8%
[2026-04-03T02:41:06.384+0600][51.242s][info][gc,marking  ] GC(51) Mark: 2 stripe(s), 2 proactive flush(es), 1 terminate flush(es), 0 completion(s), 0 continuation(s) 
[2026-04-03T02:41:06.384+0600][51.242s][info][gc,marking  ] GC(51) Mark Stack Usage: 32M
[2026-04-03T02:41:06.384+0600][51.242s][info][gc,nmethod  ] GC(51) NMethods: 14856 registered, 2145 unregistered
[2026-04-03T02:41:06.384+0600][51.242s][info][gc,metaspace] GC(51) Metaspace: 127M used, 129M committed, 1152M reserved
[2026-04-03T02:41:06.384+0600][51.242s][info][gc,ref      ] GC(51) Soft: 3477 encountered, 0 discovered, 0 enqueued
[2026-04-03T02:41:06.384+0600][51.242s][info][gc,ref      ] GC(51) Weak: 15732 encountered, 4122 discovered, 1080 enqueued
[2026-04-03T02:41:06.384+0600][51.242s][info][gc,ref      ] GC(51) Final: 84 encountered, 0 discovered, 0 enqueued
[2026-04-03T02:41:06.384+0600][51.242s][info][gc,ref      ] GC(51) Phantom: 623 encountered, 510 discovered, 0 enqueued
[2026-04-03T02:41:06.384+0600][51.242s][info][gc,reloc    ] GC(51) Small Pages: 353 / 706M, Empty: 354M, Relocated: 10M, In-Place: 0
[2026-04-03T02:41:06.384+0600][51.242s][info][gc,reloc    ] GC(51) Medium Pages: 3 / 96M, Empty: 64M, Relocated: 0M, In-Place: 0
[2026-04-03T02:41:06.384+0600][51.242s][info][gc,reloc    ] GC(51) Large Pages: 117 / 702M, Empty: 678M, Relocated: 0M, In-Place: 0
[2026-04-03T02:41:06.384+0600][51.242s][info][gc,reloc    ] GC(51) Forwarding Usage: 2M
[2026-04-03T02:41:06.384+0600][51.242s][info][gc,heap     ] GC(51) Min Capacity: 8M(0%)
[2026-04-03T02:41:06.384+0600][51.242s][info][gc,heap     ] GC(51) Max Capacity: 1750M(100%)
[2026-04-03T02:41:06.384+0600][51.242s][info][gc,heap     ] GC(51) Soft Max Capacity: 1750M(100%)
[2026-04-03T02:41:06.384+0600][51.242s][info][gc,heap     ] GC(51)                Mark Start          Mark End        Relocate Start      Relocate End           High               Low         
[2026-04-03T02:41:06.384+0600][51.242s][info][gc,heap     ] GC(51)  Capacity:     1750M (100%)       1750M (100%)       1750M (100%)       1750M (100%)       1750M (100%)       1750M (100%)   
[2026-04-03T02:41:06.384+0600][51.242s][info][gc,heap     ] GC(51)      Free:      246M (14%)           0M (0%)         1084M (62%)        1310M (75%)        1314M (75%)           0M (0%)     
[2026-04-03T02:41:06.384+0600][51.242s][info][gc,heap     ] GC(51)      Used:     1504M (86%)        1750M (100%)        666M (38%)         440M (25%)        1750M (100%)        436M (25%)    
[2026-04-03T02:41:06.384+0600][51.242s][info][gc,heap     ] GC(51)      Live:         -               132M (8%)          132M (8%)          132M (8%)             -                  -          
[2026-04-03T02:41:06.384+0600][51.242s][info][gc,heap     ] GC(51) Allocated:         -               246M (14%)         258M (15%)         267M (15%)            -                  -          
[2026-04-03T02:41:06.384+0600][51.242s][info][gc,heap     ] GC(51)   Garbage:         -              1371M (78%)         275M (16%)          39M (2%)             -                  -          
[2026-04-03T02:41:06.384+0600][51.242s][info][gc,heap     ] GC(51) Reclaimed:         -                  -              1096M (63%)        1331M (76%)            -                  -          
[2026-04-03T02:41:06.384+0600][51.242s][info][gc          ] GC(51) Garbage Collection (Allocation Rate) 1504M(86%)->440M(25%)
[2026-04-03T02:41:06.451+0600][51.309s][info][gc,start    ] GC(52) Garbage Collection (Allocation Stall)
[2026-04-03T02:41:06.451+0600][51.309s][info][gc,ref      ] GC(52) Clearing All SoftReferences
[2026-04-03T02:41:06.451+0600][51.309s][info][gc,task     ] GC(52) Using 3 workers
[2026-04-03T02:41:06.451+0600][51.309s][info][gc,ref      ] GC(52) Clearing All SoftReferences
[2026-04-03T02:41:06.451+0600][51.309s][info][gc,phases   ] GC(52) Pause Mark Start 0.076ms
[2026-04-03T02:41:06.562+0600][51.420s][info][gc,phases   ] GC(52) Concurrent Mark 110.873ms
[2026-04-03T02:41:06.562+0600][51.420s][info][gc,phases   ] GC(52) Pause Mark End 0.030ms
[2026-04-03T02:41:06.562+0600][51.420s][info][gc,phases   ] GC(52) Concurrent Mark Free 0.002ms
[2026-04-03T02:41:06.601+0600][51.459s][info][gc,phases   ] GC(52) Concurrent Process Non-Strong References 38.296ms
[2026-04-03T02:41:06.601+0600][51.459s][info][gc,phases   ] GC(52) Concurrent Reset Relocation Set 0.015ms
[2026-04-03T02:41:06.604+0600][51.462s][info][gc,phases   ] GC(52) Concurrent Select Relocation Set 3.085ms
[2026-04-03T02:41:06.604+0600][51.462s][info][gc,phases   ] GC(52) Pause Relocate Start 0.013ms
[2026-04-03T02:41:06.609+0600][51.467s][info][gc,phases   ] GC(52) Concurrent Relocate 4.368ms
[2026-04-03T02:41:06.609+0600][51.467s][info][gc,load     ] GC(52) Load: 4.96/5.29/5.58
[2026-04-03T02:41:06.609+0600][51.467s][info][gc,mmu      ] GC(52) MMU: 2ms/92.4%, 5ms/97.0%, 10ms/98.5%, 20ms/99.2%, 50ms/99.7%, 100ms/99.8%
[2026-04-03T02:41:06.609+0600][51.467s][info][gc,marking  ] GC(52) Mark: 2 stripe(s), 3 proactive flush(es), 1 terminate flush(es), 0 completion(s), 0 continuation(s) 
[2026-04-03T02:41:06.609+0600][51.467s][info][gc,marking  ] GC(52) Mark Stack Usage: 32M
[2026-04-03T02:41:06.609+0600][51.467s][info][gc,nmethod  ] GC(52) NMethods: 14909 registered, 2156 unregistered
[2026-04-03T02:41:06.609+0600][51.467s][info][gc,metaspace] GC(52) Metaspace: 127M used, 129M committed, 1152M reserved
[2026-04-03T02:41:06.609+0600][51.467s][info][gc,ref      ] GC(52) Soft: 3407 encountered, 2651 discovered, 164 enqueued
[2026-04-03T02:41:06.609+0600][51.467s][info][gc,ref      ] GC(52) Weak: 14827 encountered, 3600 discovered, 205 enqueued
[2026-04-03T02:41:06.609+0600][51.467s][info][gc,ref      ] GC(52) Final: 84 encountered, 0 discovered, 0 enqueued
[2026-04-03T02:41:06.609+0600][51.467s][info][gc,ref      ] GC(52) Phantom: 620 encountered, 514 discovered, 0 enqueued
[2026-04-03T02:41:06.609+0600][51.467s][info][gc,reloc    ] GC(52) Small Pages: 139 / 278M, Empty: 20M, Relocated: 8M, In-Place: 0
[2026-04-03T02:41:06.609+0600][51.467s][info][gc,reloc    ] GC(52) Medium Pages: 2 / 64M, Empty: 32M, Relocated: 0M, In-Place: 0
[2026-04-03T02:41:06.609+0600][51.467s][info][gc,reloc    ] GC(52) Large Pages: 32 / 192M, Empty: 192M, Relocated: 0M, In-Place: 0
[2026-04-03T02:41:06.609+0600][51.467s][info][gc,reloc    ] GC(52) Forwarding Usage: 2M
[2026-04-03T02:41:06.609+0600][51.467s][info][gc,heap     ] GC(52) Min Capacity: 8M(0%)
[2026-04-03T02:41:06.609+0600][51.467s][info][gc,heap     ] GC(52) Max Capacity: 1750M(100%)
[2026-04-03T02:41:06.609+0600][51.467s][info][gc,heap     ] GC(52) Soft Max Capacity: 1750M(100%)
[2026-04-03T02:41:06.609+0600][51.467s][info][gc,heap     ] GC(52)                Mark Start          Mark End        Relocate Start      Relocate End           High               Low         
[2026-04-03T02:41:06.609+0600][51.467s][info][gc,heap     ] GC(52)  Capacity:     1750M (100%)       1750M (100%)       1750M (100%)       1750M (100%)       1750M (100%)       1750M (100%)   
[2026-04-03T02:41:06.609+0600][51.467s][info][gc,heap     ] GC(52)      Free:     1216M (69%)        1128M (64%)        1354M (77%)        1502M (86%)        1502M (86%)        1110M (63%)    
[2026-04-03T02:41:06.609+0600][51.467s][info][gc,heap     ] GC(52)      Used:      534M (31%)         622M (36%)         396M (23%)         248M (14%)         640M (37%)         248M (14%)    
[2026-04-03T02:41:06.609+0600][51.467s][info][gc,heap     ] GC(52)      Live:         -               102M (6%)          102M (6%)          102M (6%)             -                  -          
[2026-04-03T02:41:06.609+0600][51.467s][info][gc,heap     ] GC(52) Allocated:         -                88M (5%)          106M (6%)          105M (6%)             -                  -          
[2026-04-03T02:41:06.609+0600][51.467s][info][gc,heap     ] GC(52)   Garbage:         -               431M (25%)         187M (11%)          39M (2%)             -                  -          
[2026-04-03T02:41:06.609+0600][51.467s][info][gc,heap     ] GC(52) Reclaimed:         -                  -               244M (14%)         391M (22%)            -                  -          
[2026-04-03T02:41:06.609+0600][51.467s][info][gc          ] GC(52) Garbage Collection (Allocation Stall) 534M(31%)->248M(14%)
[2026-04-03T02:41:06.851+0600][51.709s][info][gc,start    ] GC(53) Garbage Collection (Allocation Rate)
[2026-04-03T02:41:06.851+0600][51.709s][info][gc,task     ] GC(53) Using 2 workers
[2026-04-03T02:41:06.851+0600][51.709s][info][gc,phases   ] GC(53) Pause Mark Start 0.007ms
[2026-04-03T02:41:06.987+0600][51.845s][info][gc,phases   ] GC(53) Concurrent Mark 135.690ms
[2026-04-03T02:41:06.987+0600][51.845s][info][gc,phases   ] GC(53) Pause Mark End 0.036ms
[2026-04-03T02:41:06.988+0600][51.845s][info][gc,phases   ] GC(53) Concurrent Mark Free 0.003ms
[2026-04-03T02:41:07.022+0600][51.880s][info][gc,phases   ] GC(53) Concurrent Process Non-Strong References 34.209ms
[2026-04-03T02:41:07.022+0600][51.880s][info][gc,phases   ] GC(53) Concurrent Reset Relocation Set 0.009ms
[2026-04-03T02:41:07.027+0600][51.885s][info][gc,phases   ] GC(53) Concurrent Select Relocation Set 4.690ms
[2026-04-03T02:41:07.027+0600][51.885s][info][gc,phases   ] GC(53) Pause Relocate Start 0.018ms
[2026-04-03T02:41:07.033+0600][51.891s][info][gc,phases   ] GC(53) Concurrent Relocate 5.937ms
[2026-04-03T02:41:07.034+0600][51.891s][info][gc,load     ] GC(53) Load: 4.96/5.29/5.58
[2026-04-03T02:41:07.034+0600][51.891s][info][gc,mmu      ] GC(53) MMU: 2ms/92.4%, 5ms/97.0%, 10ms/98.5%, 20ms/99.2%, 50ms/99.7%, 100ms/99.8%
[2026-04-03T02:41:07.034+0600][51.891s][info][gc,marking  ] GC(53) Mark: 2 stripe(s), 2 proactive flush(es), 1 terminate flush(es), 0 completion(s), 0 continuation(s) 
[2026-04-03T02:41:07.034+0600][51.892s][info][gc,marking  ] GC(53) Mark Stack Usage: 32M
[2026-04-03T02:41:07.034+0600][51.892s][info][gc,nmethod  ] GC(53) NMethods: 14917 registered, 2161 unregistered
[2026-04-03T02:41:07.034+0600][51.892s][info][gc,metaspace] GC(53) Metaspace: 127M used, 129M committed, 1152M reserved
[2026-04-03T02:41:07.034+0600][51.892s][info][gc,ref      ] GC(53) Soft: 3249 encountered, 0 discovered, 0 enqueued
[2026-04-03T02:41:07.034+0600][51.892s][info][gc,ref      ] GC(53) Weak: 14351 encountered, 7363 discovered, 238 enqueued
[2026-04-03T02:41:07.034+0600][51.892s][info][gc,ref      ] GC(53) Final: 84 encountered, 84 discovered, 0 enqueued
[2026-04-03T02:41:07.034+0600][51.892s][info][gc,ref      ] GC(53) Phantom: 620 encountered, 492 discovered, 0 enqueued
[2026-04-03T02:41:07.034+0600][51.892s][info][gc,reloc    ] GC(53) Small Pages: 165 / 330M, Empty: 18M, Relocated: 3M, In-Place: 0
[2026-04-03T02:41:07.034+0600][51.892s][info][gc,reloc    ] GC(53) Medium Pages: 2 / 64M, Empty: 32M, Relocated: 0M, In-Place: 0
[2026-04-03T02:41:07.034+0600][51.892s][info][gc,reloc    ] GC(53) Large Pages: 3 / 18M, Empty: 18M, Relocated: 0M, In-Place: 0
[2026-04-03T02:41:07.034+0600][51.892s][info][gc,reloc    ] GC(53) Forwarding Usage: 1M
[2026-04-03T02:41:07.034+0600][51.892s][info][gc,heap     ] GC(53) Min Capacity: 8M(0%)
[2026-04-03T02:41:07.034+0600][51.892s][info][gc,heap     ] GC(53) Max Capacity: 1750M(100%)
[2026-04-03T02:41:07.034+0600][51.892s][info][gc,heap     ] GC(53) Soft Max Capacity: 1750M(100%)
[2026-04-03T02:41:07.034+0600][51.892s][info][gc,heap     ] GC(53)                Mark Start          Mark End        Relocate Start      Relocate End           High               Low         
[2026-04-03T02:41:07.034+0600][51.892s][info][gc,heap     ] GC(53)  Capacity:     1750M (100%)       1750M (100%)       1750M (100%)       1750M (100%)       1750M (100%)       1750M (100%)   
[2026-04-03T02:41:07.034+0600][51.892s][info][gc,heap     ] GC(53)      Free:     1338M (76%)        1170M (67%)        1158M (66%)        1358M (78%)        1358M (78%)        1092M (62%)    
[2026-04-03T02:41:07.034+0600][51.892s][info][gc,heap     ] GC(53)      Used:      412M (24%)         580M (33%)         592M (34%)         392M (22%)         658M (38%)         392M (22%)    
[2026-04-03T02:41:07.034+0600][51.892s][info][gc,heap     ] GC(53)      Live:         -               101M (6%)          101M (6%)          101M (6%)             -                  -          
[2026-04-03T02:41:07.034+0600][51.892s][info][gc,heap     ] GC(53) Allocated:         -               168M (10%)         248M (14%)         249M (14%)            -                  -          
[2026-04-03T02:41:07.034+0600][51.892s][info][gc,heap     ] GC(53)   Garbage:         -               310M (18%)         242M (14%)          40M (2%)             -                  -          
[2026-04-03T02:41:07.034+0600][51.892s][info][gc,heap     ] GC(53) Reclaimed:         -                  -                68M (4%)          269M (15%)            -                  -          
[2026-04-03T02:41:07.034+0600][51.892s][info][gc          ] GC(53) Garbage Collection (Allocation Rate) 412M(24%)->392M(22%)
[2026-04-03T02:41:07.251+0600][52.109s][info][gc,start    ] GC(54) Garbage Collection (Allocation Rate)
[2026-04-03T02:41:07.251+0600][52.109s][info][gc,task     ] GC(54) Using 2 workers
[2026-04-03T02:41:07.251+0600][52.109s][info][gc,phases   ] GC(54) Pause Mark Start 0.017ms
[2026-04-03T02:41:07.424+0600][52.282s][info][gc,phases   ] GC(54) Concurrent Mark 172.527ms
[2026-04-03T02:41:07.424+0600][52.282s][info][gc,phases   ] GC(54) Pause Mark End 0.066ms
[2026-04-03T02:41:07.425+0600][52.282s][info][gc,phases   ] GC(54) Concurrent Mark Free 0.003ms
[2026-04-03T02:41:07.461+0600][52.319s][info][gc,phases   ] GC(54) Concurrent Process Non-Strong References 36.638ms
[2026-04-03T02:41:07.461+0600][52.319s][info][gc,phases   ] GC(54) Concurrent Reset Relocation Set 0.016ms
[2026-04-03T02:41:07.467+0600][52.325s][info][gc,phases   ] GC(54) Concurrent Select Relocation Set 5.563ms
[2026-04-03T02:41:07.467+0600][52.325s][info][gc,phases   ] GC(54) Pause Relocate Start 0.021ms
[2026-04-03T02:41:07.479+0600][52.336s][info][gc,phases   ] GC(54) Concurrent Relocate 10.928ms
[2026-04-03T02:41:07.479+0600][52.337s][info][gc,load     ] GC(54) Load: 4.96/5.29/5.58
[2026-04-03T02:41:07.479+0600][52.337s][info][gc,mmu      ] GC(54) MMU: 2ms/92.4%, 5ms/97.0%, 10ms/98.5%, 20ms/99.2%, 50ms/99.7%, 100ms/99.8%
[2026-04-03T02:41:07.479+0600][52.337s][info][gc,marking  ] GC(54) Mark: 2 stripe(s), 2 proactive flush(es), 1 terminate flush(es), 0 completion(s), 0 continuation(s) 
[2026-04-03T02:41:07.479+0600][52.337s][info][gc,marking  ] GC(54) Mark Stack Usage: 32M
[2026-04-03T02:41:07.479+0600][52.337s][info][gc,nmethod  ] GC(54) NMethods: 14938 registered, 2175 unregistered
[2026-04-03T02:41:07.479+0600][52.337s][info][gc,metaspace] GC(54) Metaspace: 127M used, 129M committed, 1152M reserved
[2026-04-03T02:41:07.479+0600][52.337s][info][gc,ref      ] GC(54) Soft: 3279 encountered, 0 discovered, 0 enqueued
[2026-04-03T02:41:07.479+0600][52.337s][info][gc,ref      ] GC(54) Weak: 15208 encountered, 6944 discovered, 38 enqueued
[2026-04-03T02:41:07.479+0600][52.337s][info][gc,ref      ] GC(54) Final: 84 encountered, 0 discovered, 0 enqueued
[2026-04-03T02:41:07.479+0600][52.337s][info][gc,ref      ] GC(54) Phantom: 620 encountered, 547 discovered, 0 enqueued
[2026-04-03T02:41:07.479+0600][52.337s][info][gc,reloc    ] GC(54) Small Pages: 237 / 474M, Empty: 134M, Relocated: 8M, In-Place: 0
[2026-04-03T02:41:07.479+0600][52.337s][info][gc,reloc    ] GC(54) Medium Pages: 4 / 128M, Empty: 96M, Relocated: 0M, In-Place: 0
[2026-04-03T02:41:07.479+0600][52.337s][info][gc,reloc    ] GC(54) Large Pages: 11 / 66M, Empty: 66M, Relocated: 0M, In-Place: 0
[2026-04-03T02:41:07.479+0600][52.337s][info][gc,reloc    ] GC(54) Forwarding Usage: 2M
[2026-04-03T02:41:07.479+0600][52.337s][info][gc,heap     ] GC(54) Min Capacity: 8M(0%)
[2026-04-03T02:41:07.479+0600][52.337s][info][gc,heap     ] GC(54) Max Capacity: 1750M(100%)
[2026-04-03T02:41:07.479+0600][52.337s][info][gc,heap     ] GC(54) Soft Max Capacity: 1750M(100%)
[2026-04-03T02:41:07.479+0600][52.337s][info][gc,heap     ] GC(54)                Mark Start          Mark End        Relocate Start      Relocate End           High               Low         
[2026-04-03T02:41:07.479+0600][52.337s][info][gc,heap     ] GC(54)  Capacity:     1750M (100%)       1750M (100%)       1750M (100%)       1750M (100%)       1750M (100%)       1750M (100%)   
[2026-04-03T02:41:07.479+0600][52.337s][info][gc,heap     ] GC(54)      Free:     1082M (62%)         854M (49%)        1118M (64%)        1336M (76%)        1342M (77%)         830M (47%)    
[2026-04-03T02:41:07.479+0600][52.337s][info][gc,heap     ] GC(54)      Used:      668M (38%)         896M (51%)         632M (36%)         414M (24%)         920M (53%)         408M (23%)    
[2026-04-03T02:41:07.479+0600][52.337s][info][gc,heap     ] GC(54)      Live:         -               104M (6%)          104M (6%)          104M (6%)             -                  -          
[2026-04-03T02:41:07.479+0600][52.337s][info][gc,heap     ] GC(54) Allocated:         -               228M (13%)         260M (15%)         271M (16%)            -                  -          
[2026-04-03T02:41:07.479+0600][52.337s][info][gc,heap     ] GC(54)   Garbage:         -               563M (32%)         267M (15%)          37M (2%)             -                  -          
[2026-04-03T02:41:07.479+0600][52.337s][info][gc,heap     ] GC(54) Reclaimed:         -                  -               296M (17%)         525M (30%)            -                  -          
[2026-04-03T02:41:07.479+0600][52.337s][info][gc          ] GC(54) Garbage Collection (Allocation Rate) 668M(38%)->414M(24%)
[2026-04-03T02:41:07.551+0600][52.409s][info][gc,start    ] GC(55) Garbage Collection (Allocation Rate)
[2026-04-03T02:41:07.551+0600][52.409s][info][gc,task     ] GC(55) Using 2 workers
[2026-04-03T02:41:07.551+0600][52.409s][info][gc,phases   ] GC(55) Pause Mark Start 0.022ms
[2026-04-03T02:41:07.717+0600][52.575s][info][gc,phases   ] GC(55) Concurrent Mark 164.980ms
[2026-04-03T02:41:07.717+0600][52.575s][info][gc,phases   ] GC(55) Pause Mark End 0.030ms
[2026-04-03T02:41:07.717+0600][52.575s][info][gc,phases   ] GC(55) Concurrent Mark Free 0.003ms
[2026-04-03T02:41:07.748+0600][52.606s][info][gc,phases   ] GC(55) Concurrent Process Non-Strong References 31.249ms
[2026-04-03T02:41:07.748+0600][52.606s][info][gc,phases   ] GC(55) Concurrent Reset Relocation Set 0.017ms
[2026-04-03T02:41:07.752+0600][52.610s][info][gc,phases   ] GC(55) Concurrent Select Relocation Set 3.922ms
[2026-04-03T02:41:07.753+0600][52.611s][info][gc,phases   ] GC(55) Pause Relocate Start 0.017ms
[2026-04-03T02:41:07.765+0600][52.623s][info][gc,phases   ] GC(55) Concurrent Relocate 12.370ms
[2026-04-03T02:41:07.766+0600][52.623s][info][gc,load     ] GC(55) Load: 4.96/5.29/5.58
[2026-04-03T02:41:07.766+0600][52.623s][info][gc,mmu      ] GC(55) MMU: 2ms/92.4%, 5ms/97.0%, 10ms/98.5%, 20ms/99.2%, 50ms/99.7%, 100ms/99.8%
[2026-04-03T02:41:07.766+0600][52.624s][info][gc,marking  ] GC(55) Mark: 2 stripe(s), 2 proactive flush(es), 1 terminate flush(es), 0 completion(s), 0 continuation(s) 
[2026-04-03T02:41:07.766+0600][52.624s][info][gc,marking  ] GC(55) Mark Stack Usage: 32M
[2026-04-03T02:41:07.766+0600][52.624s][info][gc,nmethod  ] GC(55) NMethods: 14943 registered, 2185 unregistered
[2026-04-03T02:41:07.766+0600][52.624s][info][gc,metaspace] GC(55) Metaspace: 127M used, 129M committed, 1152M reserved
[2026-04-03T02:41:07.766+0600][52.624s][info][gc,ref      ] GC(55) Soft: 3277 encountered, 0 discovered, 0 enqueued
[2026-04-03T02:41:07.766+0600][52.624s][info][gc,ref      ] GC(55) Weak: 15603 encountered, 7161 discovered, 17 enqueued
[2026-04-03T02:41:07.766+0600][52.624s][info][gc,ref      ] GC(55) Final: 84 encountered, 80 discovered, 0 enqueued
[2026-04-03T02:41:07.766+0600][52.624s][info][gc,ref      ] GC(55) Phantom: 622 encountered, 590 discovered, 1 enqueued
[2026-04-03T02:41:07.766+0600][52.624s][info][gc,reloc    ] GC(55) Small Pages: 181 / 362M, Empty: 82M, Relocated: 6M, In-Place: 0
[2026-04-03T02:41:07.766+0600][52.624s][info][gc,reloc    ] GC(55) Medium Pages: 3 / 96M, Empty: 32M, Relocated: 9M, In-Place: 0
[2026-04-03T02:41:07.766+0600][52.624s][info][gc,reloc    ] GC(55) Large Pages: 6 / 36M, Empty: 36M, Relocated: 0M, In-Place: 0
[2026-04-03T02:41:07.766+0600][52.624s][info][gc,reloc    ] GC(55) Forwarding Usage: 1M
[2026-04-03T02:41:07.766+0600][52.624s][info][gc,heap     ] GC(55) Min Capacity: 8M(0%)
[2026-04-03T02:41:07.766+0600][52.624s][info][gc,heap     ] GC(55) Max Capacity: 1750M(100%)
[2026-04-03T02:41:07.766+0600][52.624s][info][gc,heap     ] GC(55) Soft Max Capacity: 1750M(100%)
[2026-04-03T02:41:07.766+0600][52.624s][info][gc,heap     ] GC(55)                Mark Start          Mark End        Relocate Start      Relocate End           High               Low         
[2026-04-03T02:41:07.766+0600][52.624s][info][gc,heap     ] GC(55)  Capacity:     1750M (100%)       1750M (100%)       1750M (100%)       1750M (100%)       1750M (100%)       1750M (100%)   
[2026-04-03T02:41:07.766+0600][52.624s][info][gc,heap     ] GC(55)      Free:     1256M (72%)        1070M (61%)        1188M (68%)        1352M (77%)        1352M (77%)        1038M (59%)    
[2026-04-03T02:41:07.766+0600][52.624s][info][gc,heap     ] GC(55)      Used:      494M (28%)         680M (39%)         562M (32%)         398M (23%)         712M (41%)         398M (23%)    
[2026-04-03T02:41:07.766+0600][52.624s][info][gc,heap     ] GC(55)      Live:         -               106M (6%)          106M (6%)          106M (6%)             -                  -          
[2026-04-03T02:41:07.766+0600][52.624s][info][gc,heap     ] GC(55) Allocated:         -               186M (11%)         218M (12%)         255M (15%)            -                  -          
[2026-04-03T02:41:07.766+0600][52.624s][info][gc,heap     ] GC(55)   Garbage:         -               387M (22%)         237M (14%)          36M (2%)             -                  -          
[2026-04-03T02:41:07.766+0600][52.624s][info][gc,heap     ] GC(55) Reclaimed:         -                  -               150M (9%)          351M (20%)            -                  -          
[2026-04-03T02:41:07.766+0600][52.624s][info][gc          ] GC(55) Garbage Collection (Allocation Rate) 494M(28%)->398M(23%)
[2026-04-03T02:41:08.551+0600][53.409s][info][gc,start    ] GC(56) Garbage Collection (Allocation Rate)
[2026-04-03T02:41:08.551+0600][53.409s][info][gc,task     ] GC(56) Using 2 workers
[2026-04-03T02:41:08.551+0600][53.409s][info][gc,phases   ] GC(56) Pause Mark Start 0.019ms
[2026-04-03T02:41:08.714+0600][53.572s][info][gc,phases   ] GC(56) Concurrent Mark 162.926ms
[2026-04-03T02:41:08.715+0600][53.573s][info][gc,phases   ] GC(56) Pause Mark End 0.035ms
[2026-04-03T02:41:08.715+0600][53.573s][info][gc,phases   ] GC(56) Concurrent Mark Free 0.003ms
[2026-04-03T02:41:08.782+0600][53.640s][info][gc,phases   ] GC(56) Concurrent Process Non-Strong References 67.246ms
[2026-04-03T02:41:08.783+0600][53.640s][info][gc,phases   ] GC(56) Concurrent Reset Relocation Set 0.014ms
[2026-04-03T02:41:08.788+0600][53.646s][info][gc,phases   ] GC(56) Concurrent Select Relocation Set 5.039ms
[2026-04-03T02:41:08.789+0600][53.647s][info][gc,phases   ] GC(56) Pause Relocate Start 0.020ms
[2026-04-03T02:41:08.803+0600][53.661s][info][gc,phases   ] GC(56) Concurrent Relocate 13.913ms
[2026-04-03T02:41:08.803+0600][53.661s][info][gc,load     ] GC(56) Load: 4.96/5.29/5.58
[2026-04-03T02:41:08.803+0600][53.661s][info][gc,mmu      ] GC(56) MMU: 2ms/92.4%, 5ms/97.0%, 10ms/98.5%, 20ms/99.2%, 50ms/99.7%, 100ms/99.8%
[2026-04-03T02:41:08.803+0600][53.661s][info][gc,marking  ] GC(56) Mark: 2 stripe(s), 2 proactive flush(es), 1 terminate flush(es), 0 completion(s), 0 continuation(s) 
[2026-04-03T02:41:08.803+0600][53.661s][info][gc,marking  ] GC(56) Mark Stack Usage: 32M
[2026-04-03T02:41:08.803+0600][53.661s][info][gc,nmethod  ] GC(56) NMethods: 14974 registered, 2217 unregistered
[2026-04-03T02:41:08.803+0600][53.661s][info][gc,metaspace] GC(56) Metaspace: 127M used, 129M committed, 1152M reserved
[2026-04-03T02:41:08.803+0600][53.661s][info][gc,ref      ] GC(56) Soft: 3300 encountered, 0 discovered, 0 enqueued
[2026-04-03T02:41:08.803+0600][53.661s][info][gc,ref      ] GC(56) Weak: 16977 encountered, 8104 discovered, 1623 enqueued
[2026-04-03T02:41:08.804+0600][53.661s][info][gc,ref      ] GC(56) Final: 84 encountered, 0 discovered, 0 enqueued
[2026-04-03T02:41:08.804+0600][53.661s][info][gc,ref      ] GC(56) Phantom: 620 encountered, 550 discovered, 0 enqueued
[2026-04-03T02:41:08.804+0600][53.661s][info][gc,reloc    ] GC(56) Small Pages: 464 / 928M, Empty: 336M, Relocated: 8M, In-Place: 0
[2026-04-03T02:41:08.804+0600][53.661s][info][gc,reloc    ] GC(56) Medium Pages: 6 / 192M, Empty: 160M, Relocated: 0M, In-Place: 0
[2026-04-03T02:41:08.804+0600][53.661s][info][gc,reloc    ] GC(56) Large Pages: 20 / 120M, Empty: 120M, Relocated: 0M, In-Place: 0
[2026-04-03T02:41:08.804+0600][53.661s][info][gc,reloc    ] GC(56) Forwarding Usage: 2M
[2026-04-03T02:41:08.804+0600][53.661s][info][gc,heap     ] GC(56) Min Capacity: 8M(0%)
[2026-04-03T02:41:08.804+0600][53.661s][info][gc,heap     ] GC(56) Max Capacity: 1750M(100%)
[2026-04-03T02:41:08.804+0600][53.661s][info][gc,heap     ] GC(56) Soft Max Capacity: 1750M(100%)
[2026-04-03T02:41:08.804+0600][53.662s][info][gc,heap     ] GC(56)                Mark Start          Mark End        Relocate Start      Relocate End           High               Low         
[2026-04-03T02:41:08.804+0600][53.662s][info][gc,heap     ] GC(56)  Capacity:     1750M (100%)       1750M (100%)       1750M (100%)       1750M (100%)       1750M (100%)       1750M (100%)   
[2026-04-03T02:41:08.804+0600][53.662s][info][gc,heap     ] GC(56)      Free:      510M (29%)         322M (18%)         856M (49%)        1312M (75%)        1318M (75%)         248M (14%)    
[2026-04-03T02:41:08.804+0600][53.662s][info][gc,heap     ] GC(56)      Used:     1240M (71%)        1428M (82%)         894M (51%)         438M (25%)        1502M (86%)         432M (25%)    
[2026-04-03T02:41:08.804+0600][53.662s][info][gc,heap     ] GC(56)      Live:         -               106M (6%)          106M (6%)          106M (6%)             -                  -          
[2026-04-03T02:41:08.804+0600][53.662s][info][gc,heap     ] GC(56) Allocated:         -               188M (11%)         270M (15%)         293M (17%)            -                  -          
[2026-04-03T02:41:08.804+0600][53.662s][info][gc,heap     ] GC(56)   Garbage:         -              1133M (65%)         517M (30%)          37M (2%)             -                  -          
[2026-04-03T02:41:08.804+0600][53.662s][info][gc,heap     ] GC(56) Reclaimed:         -                  -               616M (35%)        1095M (63%)            -                  -          
[2026-04-03T02:41:08.804+0600][53.662s][info][gc          ] GC(56) Garbage Collection (Allocation Rate) 1240M(71%)->438M(25%)
[2026-04-03T02:41:09.251+0600][54.109s][info][gc,start    ] GC(57) Garbage Collection (Allocation Rate)
[2026-04-03T02:41:09.251+0600][54.109s][info][gc,task     ] GC(57) Using 2 workers
[2026-04-03T02:41:09.251+0600][54.109s][info][gc,phases   ] GC(57) Pause Mark Start 0.017ms
[2026-04-03T02:41:09.384+0600][54.241s][info][gc,phases   ] GC(57) Concurrent Mark 132.088ms
[2026-04-03T02:41:09.384+0600][54.242s][info][gc,phases   ] GC(57) Pause Mark End 0.024ms
[2026-04-03T02:41:09.384+0600][54.242s][info][gc,phases   ] GC(57) Concurrent Mark Free 0.002ms
[2026-04-03T02:41:09.435+0600][54.293s][info][gc,phases   ] GC(57) Concurrent Process Non-Strong References 51.273ms
[2026-04-03T02:41:09.435+0600][54.293s][info][gc,phases   ] GC(57) Concurrent Reset Relocation Set 0.030ms
[2026-04-03T02:41:09.440+0600][54.298s][info][gc,phases   ] GC(57) Concurrent Select Relocation Set 4.227ms
[2026-04-03T02:41:09.440+0600][54.298s][info][gc,phases   ] GC(57) Pause Relocate Start 0.022ms
[2026-04-03T02:41:09.458+0600][54.316s][info][gc,phases   ] GC(57) Concurrent Relocate 17.929ms
[2026-04-03T02:41:09.458+0600][54.316s][info][gc,load     ] GC(57) Load: 4.96/5.29/5.58
[2026-04-03T02:41:09.458+0600][54.316s][info][gc,mmu      ] GC(57) MMU: 2ms/92.4%, 5ms/97.0%, 10ms/98.5%, 20ms/99.2%, 50ms/99.7%, 100ms/99.8%
[2026-04-03T02:41:09.459+0600][54.316s][info][gc,marking  ] GC(57) Mark: 2 stripe(s), 2 proactive flush(es), 1 terminate flush(es), 0 completion(s), 0 continuation(s) 
[2026-04-03T02:41:09.459+0600][54.316s][info][gc,marking  ] GC(57) Mark Stack Usage: 32M
[2026-04-03T02:41:09.459+0600][54.316s][info][gc,nmethod  ] GC(57) NMethods: 14982 registered, 2238 unregistered
[2026-04-03T02:41:09.459+0600][54.316s][info][gc,metaspace] GC(57) Metaspace: 127M used, 129M committed, 1152M reserved
[2026-04-03T02:41:09.459+0600][54.316s][info][gc,ref      ] GC(57) Soft: 3376 encountered, 0 discovered, 0 enqueued
[2026-04-03T02:41:09.459+0600][54.316s][info][gc,ref      ] GC(57) Weak: 16644 encountered, 8356 discovered, 1753 enqueued
[2026-04-03T02:41:09.459+0600][54.316s][info][gc,ref      ] GC(57) Final: 84 encountered, 0 discovered, 0 enqueued
[2026-04-03T02:41:09.459+0600][54.316s][info][gc,ref      ] GC(57) Phantom: 623 encountered, 484 discovered, 0 enqueued
[2026-04-03T02:41:09.459+0600][54.316s][info][gc,reloc    ] GC(57) Small Pages: 431 / 862M, Empty: 292M, Relocated: 12M, In-Place: 0
[2026-04-03T02:41:09.459+0600][54.316s][info][gc,reloc    ] GC(57) Medium Pages: 5 / 160M, Empty: 128M, Relocated: 0M, In-Place: 0
[2026-04-03T02:41:09.459+0600][54.316s][info][gc,reloc    ] GC(57) Large Pages: 16 / 96M, Empty: 96M, Relocated: 0M, In-Place: 0
[2026-04-03T02:41:09.459+0600][54.316s][info][gc,reloc    ] GC(57) Forwarding Usage: 3M
[2026-04-03T02:41:09.459+0600][54.316s][info][gc,heap     ] GC(57) Min Capacity: 8M(0%)
[2026-04-03T02:41:09.459+0600][54.316s][info][gc,heap     ] GC(57) Max Capacity: 1750M(100%)
[2026-04-03T02:41:09.459+0600][54.317s][info][gc,heap     ] GC(57) Soft Max Capacity: 1750M(100%)
[2026-04-03T02:41:09.459+0600][54.317s][info][gc,heap     ] GC(57)                Mark Start          Mark End        Relocate Start      Relocate End           High               Low         
[2026-04-03T02:41:09.459+0600][54.317s][info][gc,heap     ] GC(57)  Capacity:     1750M (100%)       1750M (100%)       1750M (100%)       1750M (100%)       1750M (100%)       1750M (100%)   
[2026-04-03T02:41:09.459+0600][54.317s][info][gc,heap     ] GC(57)      Free:      632M (36%)         480M (27%)         782M (45%)        1038M (59%)        1110M (63%)         324M (19%)    
[2026-04-03T02:41:09.459+0600][54.317s][info][gc,heap     ] GC(57)      Used:     1118M (64%)        1270M (73%)         968M (55%)         712M (41%)        1426M (81%)         640M (37%)    
[2026-04-03T02:41:09.459+0600][54.317s][info][gc,heap     ] GC(57)      Live:         -               108M (6%)          108M (6%)          108M (6%)             -                  -          
[2026-04-03T02:41:09.459+0600][54.317s][info][gc,heap     ] GC(57) Allocated:         -               152M (9%)          366M (21%)         565M (32%)            -                  -          
[2026-04-03T02:41:09.459+0600][54.317s][info][gc,heap     ] GC(57)   Garbage:         -              1009M (58%)         493M (28%)          37M (2%)             -                  -          
[2026-04-03T02:41:09.459+0600][54.317s][info][gc,heap     ] GC(57) Reclaimed:         -                  -               516M (29%)         971M (56%)            -                  -          
[2026-04-03T02:41:09.459+0600][54.317s][info][gc          ] GC(57) Garbage Collection (Allocation Rate) 1118M(64%)->712M(41%)
[2026-04-03T02:41:09.551+0600][54.409s][info][gc,start    ] GC(58) Garbage Collection (Allocation Rate)
[2026-04-03T02:41:09.551+0600][54.409s][info][gc,task     ] GC(58) Using 3 workers
[2026-04-03T02:41:09.553+0600][54.411s][info][gc,phases   ] GC(58) Pause Mark Start 0.018ms
[2026-04-03T02:41:09.670+0600][54.527s][info][gc,phases   ] GC(58) Concurrent Mark 115.870ms
[2026-04-03T02:41:09.670+0600][54.528s][info][gc,phases   ] GC(58) Pause Mark End 0.033ms
[2026-04-03T02:41:09.670+0600][54.528s][info][gc,phases   ] GC(58) Concurrent Mark Free 0.003ms
[2026-04-03T02:41:09.687+0600][54.545s][info][gc,phases   ] GC(58) Concurrent Process Non-Strong References 16.863ms
[2026-04-03T02:41:09.687+0600][54.545s][info][gc,phases   ] GC(58) Concurrent Reset Relocation Set 0.022ms
[2026-04-03T02:41:09.690+0600][54.548s][info][gc,phases   ] GC(58) Concurrent Select Relocation Set 3.192ms
[2026-04-03T02:41:09.690+0600][54.548s][info][gc,phases   ] GC(58) Pause Relocate Start 0.014ms
[2026-04-03T02:41:09.697+0600][54.555s][info][gc,phases   ] GC(58) Concurrent Relocate 6.228ms
[2026-04-03T02:41:09.697+0600][54.555s][info][gc,load     ] GC(58) Load: 4.96/5.29/5.58
[2026-04-03T02:41:09.697+0600][54.555s][info][gc,mmu      ] GC(58) MMU: 2ms/92.4%, 5ms/97.0%, 10ms/98.5%, 20ms/99.2%, 50ms/99.7%, 100ms/99.8%
[2026-04-03T02:41:09.697+0600][54.555s][info][gc,marking  ] GC(58) Mark: 2 stripe(s), 2 proactive flush(es), 1 terminate flush(es), 0 completion(s), 0 continuation(s) 
[2026-04-03T02:41:09.697+0600][54.555s][info][gc,marking  ] GC(58) Mark Stack Usage: 32M
[2026-04-03T02:41:09.697+0600][54.555s][info][gc,nmethod  ] GC(58) NMethods: 14982 registered, 2245 unregistered
[2026-04-03T02:41:09.697+0600][54.555s][info][gc,metaspace] GC(58) Metaspace: 127M used, 129M committed, 1152M reserved
[2026-04-03T02:41:09.697+0600][54.555s][info][gc,ref      ] GC(58) Soft: 3396 encountered, 0 discovered, 0 enqueued
[2026-04-03T02:41:09.697+0600][54.555s][info][gc,ref      ] GC(58) Weak: 15382 encountered, 3831 discovered, 785 enqueued
[2026-04-03T02:41:09.697+0600][54.555s][info][gc,ref      ] GC(58) Final: 84 encountered, 0 discovered, 0 enqueued
[2026-04-03T02:41:09.697+0600][54.555s][info][gc,ref      ] GC(58) Phantom: 626 encountered, 550 discovered, 0 enqueued
[2026-04-03T02:41:09.697+0600][54.555s][info][gc,reloc    ] GC(58) Small Pages: 172 / 344M, Empty: 84M, Relocated: 10M, In-Place: 0
[2026-04-03T02:41:09.697+0600][54.555s][info][gc,reloc    ] GC(58) Medium Pages: 2 / 64M, Empty: 32M, Relocated: 0M, In-Place: 0
[2026-04-03T02:41:09.697+0600][54.555s][info][gc,reloc    ] GC(58) Large Pages: 105 / 630M, Empty: 606M, Relocated: 0M, In-Place: 0
[2026-04-03T02:41:09.697+0600][54.555s][info][gc,reloc    ] GC(58) Forwarding Usage: 2M
[2026-04-03T02:41:09.697+0600][54.555s][info][gc,heap     ] GC(58) Min Capacity: 8M(0%)
[2026-04-03T02:41:09.697+0600][54.555s][info][gc,heap     ] GC(58) Max Capacity: 1750M(100%)
[2026-04-03T02:41:09.697+0600][54.555s][info][gc,heap     ] GC(58) Soft Max Capacity: 1750M(100%)
[2026-04-03T02:41:09.697+0600][54.555s][info][gc,heap     ] GC(58)                Mark Start          Mark End        Relocate Start      Relocate End           High               Low         
[2026-04-03T02:41:09.697+0600][54.555s][info][gc,heap     ] GC(58)  Capacity:     1750M (100%)       1750M (100%)       1750M (100%)       1750M (100%)       1750M (100%)       1750M (100%)   
[2026-04-03T02:41:09.697+0600][54.555s][info][gc,heap     ] GC(58)      Free:      712M (41%)         424M (24%)        1136M (65%)        1278M (73%)        1278M (73%)         416M (24%)    
[2026-04-03T02:41:09.697+0600][54.555s][info][gc,heap     ] GC(58)      Used:     1038M (59%)        1326M (76%)         614M (35%)         472M (27%)        1334M (76%)         472M (27%)    
[2026-04-03T02:41:09.697+0600][54.555s][info][gc,heap     ] GC(58)      Live:         -               132M (8%)          132M (8%)          132M (8%)             -                  -          
[2026-04-03T02:41:09.697+0600][54.555s][info][gc,heap     ] GC(58) Allocated:         -               288M (16%)         298M (17%)         299M (17%)            -                  -          
[2026-04-03T02:41:09.697+0600][54.555s][info][gc,heap     ] GC(58)   Garbage:         -               905M (52%)         183M (10%)          39M (2%)             -                  -          
[2026-04-03T02:41:09.697+0600][54.555s][info][gc,heap     ] GC(58) Reclaimed:         -                  -               722M (41%)         865M (49%)            -                  -          
[2026-04-03T02:41:09.697+0600][54.555s][info][gc          ] GC(58) Garbage Collection (Allocation Rate) 1038M(59%)->472M(27%)
[2026-04-03T02:41:09.750+0600][54.608s][info][gc,start    ] GC(59) Garbage Collection (Allocation Rate)
[2026-04-03T02:41:09.750+0600][54.608s][info][gc,task     ] GC(59) Using 3 workers
[2026-04-03T02:41:09.751+0600][54.609s][info][gc,phases   ] GC(59) Pause Mark Start 0.033ms
[2026-04-03T02:41:09.857+0600][54.715s][info][gc,phases   ] GC(59) Concurrent Mark 106.179ms
[2026-04-03T02:41:09.857+0600][54.715s][info][gc,phases   ] GC(59) Pause Mark End 0.048ms
[2026-04-03T02:41:09.858+0600][54.715s][info][gc,phases   ] GC(59) Concurrent Mark Free 0.001ms
[2026-04-03T02:41:09.875+0600][54.733s][info][gc,phases   ] GC(59) Concurrent Process Non-Strong References 17.625ms
[2026-04-03T02:41:09.875+0600][54.733s][info][gc,phases   ] GC(59) Concurrent Reset Relocation Set 0.012ms
[2026-04-03T02:41:09.880+0600][54.738s][info][gc,phases   ] GC(59) Concurrent Select Relocation Set 4.656ms
[2026-04-03T02:41:09.880+0600][54.738s][info][gc,phases   ] GC(59) Pause Relocate Start 0.018ms
[2026-04-03T02:41:09.885+0600][54.743s][info][gc,phases   ] GC(59) Concurrent Relocate 4.544ms
[2026-04-03T02:41:09.885+0600][54.743s][info][gc,load     ] GC(59) Load: 4.96/5.29/5.58
[2026-04-03T02:41:09.885+0600][54.743s][info][gc,mmu      ] GC(59) MMU: 2ms/92.4%, 5ms/97.0%, 10ms/98.5%, 20ms/99.2%, 50ms/99.7%, 100ms/99.8%
[2026-04-03T02:41:09.885+0600][54.743s][info][gc,marking  ] GC(59) Mark: 2 stripe(s), 2 proactive flush(es), 1 terminate flush(es), 0 completion(s), 0 continuation(s) 
[2026-04-03T02:41:09.885+0600][54.743s][info][gc,marking  ] GC(59) Mark Stack Usage: 32M
[2026-04-03T02:41:09.885+0600][54.743s][info][gc,nmethod  ] GC(59) NMethods: 14996 registered, 2245 unregistered
[2026-04-03T02:41:09.885+0600][54.743s][info][gc,metaspace] GC(59) Metaspace: 127M used, 129M committed, 1152M reserved
[2026-04-03T02:41:09.885+0600][54.743s][info][gc,ref      ] GC(59) Soft: 3401 encountered, 0 discovered, 0 enqueued
[2026-04-03T02:41:09.885+0600][54.743s][info][gc,ref      ] GC(59) Weak: 14815 encountered, 4091 discovered, 163 enqueued
[2026-04-03T02:41:09.885+0600][54.743s][info][gc,ref      ] GC(59) Final: 84 encountered, 0 discovered, 0 enqueued
[2026-04-03T02:41:09.885+0600][54.743s][info][gc,ref      ] GC(59) Phantom: 620 encountered, 548 discovered, 0 enqueued
[2026-04-03T02:41:09.885+0600][54.743s][info][gc,reloc    ] GC(59) Small Pages: 137 / 274M, Empty: 20M, Relocated: 6M, In-Place: 0
[2026-04-03T02:41:09.885+0600][54.743s][info][gc,reloc    ] GC(59) Medium Pages: 2 / 64M, Empty: 32M, Relocated: 0M, In-Place: 0
[2026-04-03T02:41:09.885+0600][54.743s][info][gc,reloc    ] GC(59) Large Pages: 36 / 216M, Empty: 216M, Relocated: 0M, In-Place: 0
[2026-04-03T02:41:09.885+0600][54.743s][info][gc,reloc    ] GC(59) Forwarding Usage: 1M
[2026-04-03T02:41:09.885+0600][54.743s][info][gc,heap     ] GC(59) Min Capacity: 8M(0%)
[2026-04-03T02:41:09.885+0600][54.743s][info][gc,heap     ] GC(59) Max Capacity: 1750M(100%)
[2026-04-03T02:41:09.885+0600][54.743s][info][gc,heap     ] GC(59) Soft Max Capacity: 1750M(100%)
[2026-04-03T02:41:09.885+0600][54.743s][info][gc,heap     ] GC(59)                Mark Start          Mark End        Relocate Start      Relocate End           High               Low         
[2026-04-03T02:41:09.885+0600][54.743s][info][gc,heap     ] GC(59)  Capacity:     1750M (100%)       1750M (100%)       1750M (100%)       1750M (100%)       1750M (100%)       1750M (100%)   
[2026-04-03T02:41:09.886+0600][54.743s][info][gc,heap     ] GC(59)      Free:     1196M (68%)        1102M (63%)        1360M (78%)        1502M (86%)        1502M (86%)        1092M (62%)    
[2026-04-03T02:41:09.886+0600][54.743s][info][gc,heap     ] GC(59)      Used:      554M (32%)         648M (37%)         390M (22%)         248M (14%)         658M (38%)         248M (14%)    
[2026-04-03T02:41:09.886+0600][54.743s][info][gc,heap     ] GC(59)      Live:         -               103M (6%)          103M (6%)          103M (6%)             -                  -          
[2026-04-03T02:41:09.886+0600][54.743s][info][gc,heap     ] GC(59) Allocated:         -                94M (5%)          104M (6%)          103M (6%)             -                  -          
[2026-04-03T02:41:09.886+0600][54.743s][info][gc,heap     ] GC(59)   Garbage:         -               450M (26%)         182M (10%)          40M (2%)             -                  -          
[2026-04-03T02:41:09.886+0600][54.743s][info][gc,heap     ] GC(59) Reclaimed:         -                  -               268M (15%)         409M (23%)            -                  -          
[2026-04-03T02:41:09.886+0600][54.743s][info][gc          ] GC(59) Garbage Collection (Allocation Rate) 554M(32%)->248M(14%)
[2026-04-03T02:41:10.651+0600][55.509s][info][gc,start    ] GC(60) Garbage Collection (Allocation Rate)
[2026-04-03T02:41:10.651+0600][55.509s][info][gc,task     ] GC(60) Using 3 workers
[2026-04-03T02:41:10.652+0600][55.510s][info][gc,phases   ] GC(60) Pause Mark Start 0.043ms
[2026-04-03T02:41:10.779+0600][55.637s][info][gc,phases   ] GC(60) Concurrent Mark 127.238ms
[2026-04-03T02:41:10.780+0600][55.638s][info][gc,phases   ] GC(60) Pause Mark End 0.036ms
[2026-04-03T02:41:10.780+0600][55.638s][info][gc,phases   ] GC(60) Concurrent Mark Free 0.003ms
[2026-04-03T02:41:10.802+0600][55.659s][info][gc,phases   ] GC(60) Concurrent Process Non-Strong References 21.681ms
[2026-04-03T02:41:10.802+0600][55.660s][info][gc,phases   ] GC(60) Concurrent Reset Relocation Set 0.012ms
[2026-04-03T02:41:10.807+0600][55.665s][info][gc,phases   ] GC(60) Concurrent Select Relocation Set 5.325ms
[2026-04-03T02:41:10.808+0600][55.665s][info][gc,phases   ] GC(60) Pause Relocate Start 0.020ms
[2026-04-03T02:41:10.816+0600][55.674s][info][gc,phases   ] GC(60) Concurrent Relocate 7.981ms
[2026-04-03T02:41:10.816+0600][55.674s][info][gc,load     ] GC(60) Load: 4.72/5.23/5.56
[2026-04-03T02:41:10.816+0600][55.674s][info][gc,mmu      ] GC(60) MMU: 2ms/92.4%, 5ms/97.0%, 10ms/98.5%, 20ms/99.2%, 50ms/99.7%, 100ms/99.8%
[2026-04-03T02:41:10.816+0600][55.674s][info][gc,marking  ] GC(60) Mark: 2 stripe(s), 2 proactive flush(es), 1 terminate flush(es), 0 completion(s), 0 continuation(s) 
[2026-04-03T02:41:10.816+0600][55.674s][info][gc,marking  ] GC(60) Mark Stack Usage: 32M
[2026-04-03T02:41:10.816+0600][55.674s][info][gc,nmethod  ] GC(60) NMethods: 15011 registered, 2266 unregistered
[2026-04-03T02:41:10.816+0600][55.674s][info][gc,metaspace] GC(60) Metaspace: 127M used, 129M committed, 1152M reserved
[2026-04-03T02:41:10.816+0600][55.674s][info][gc,ref      ] GC(60) Soft: 3403 encountered, 0 discovered, 0 enqueued
[2026-04-03T02:41:10.816+0600][55.674s][info][gc,ref      ] GC(60) Weak: 15721 encountered, 8604 discovered, 264 enqueued
[2026-04-03T02:41:10.816+0600][55.674s][info][gc,ref      ] GC(60) Final: 84 encountered, 0 discovered, 0 enqueued
[2026-04-03T02:41:10.816+0600][55.674s][info][gc,ref      ] GC(60) Phantom: 620 encountered, 545 discovered, 0 enqueued
[2026-04-03T02:41:10.816+0600][55.674s][info][gc,reloc    ] GC(60) Small Pages: 378 / 756M, Empty: 224M, Relocated: 6M, In-Place: 0
[2026-04-03T02:41:10.816+0600][55.674s][info][gc,reloc    ] GC(60) Medium Pages: 5 / 160M, Empty: 128M, Relocated: 0M, In-Place: 0
[2026-04-03T02:41:10.816+0600][55.674s][info][gc,reloc    ] GC(60) Large Pages: 16 / 96M, Empty: 96M, Relocated: 0M, In-Place: 0
[2026-04-03T02:41:10.816+0600][55.674s][info][gc,reloc    ] GC(60) Forwarding Usage: 1M
[2026-04-03T02:41:10.816+0600][55.674s][info][gc,heap     ] GC(60) Min Capacity: 8M(0%)
[2026-04-03T02:41:10.816+0600][55.674s][info][gc,heap     ] GC(60) Max Capacity: 1750M(100%)
[2026-04-03T02:41:10.816+0600][55.674s][info][gc,heap     ] GC(60) Soft Max Capacity: 1750M(100%)
[2026-04-03T02:41:10.816+0600][55.674s][info][gc,heap     ] GC(60)                Mark Start          Mark End        Relocate Start      Relocate End           High               Low         
[2026-04-03T02:41:10.816+0600][55.674s][info][gc,heap     ] GC(60)  Capacity:     1750M (100%)       1750M (100%)       1750M (100%)       1750M (100%)       1750M (100%)       1750M (100%)   
[2026-04-03T02:41:10.816+0600][55.674s][info][gc,heap     ] GC(60)      Free:      738M (42%)         598M (34%)        1012M (58%)        1402M (80%)        1406M (80%)         582M (33%)    
[2026-04-03T02:41:10.816+0600][55.674s][info][gc,heap     ] GC(60)      Used:     1012M (58%)        1152M (66%)         738M (42%)         348M (20%)        1168M (67%)         344M (20%)    
[2026-04-03T02:41:10.816+0600][55.674s][info][gc,heap     ] GC(60)      Live:         -               107M (6%)          107M (6%)          107M (6%)             -                  -          
[2026-04-03T02:41:10.816+0600][55.674s][info][gc,heap     ] GC(60) Allocated:         -               140M (8%)          174M (10%)         197M (11%)            -                  -          
[2026-04-03T02:41:10.816+0600][55.674s][info][gc,heap     ] GC(60)   Garbage:         -               904M (52%)         456M (26%)          42M (2%)             -                  -          
[2026-04-03T02:41:10.816+0600][55.674s][info][gc,heap     ] GC(60) Reclaimed:         -                  -               448M (26%)         861M (49%)            -                  -          
[2026-04-03T02:41:10.816+0600][55.674s][info][gc          ] GC(60) Garbage Collection (Allocation Rate) 1012M(58%)->348M(20%)
[2026-04-03T02:41:11.551+0600][56.409s][info][gc,start    ] GC(61) Garbage Collection (Allocation Rate)
[2026-04-03T02:41:11.551+0600][56.409s][info][gc,task     ] GC(61) Using 2 workers
[2026-04-03T02:41:11.551+0600][56.409s][info][gc,phases   ] GC(61) Pause Mark Start 0.014ms
[2026-04-03T02:41:11.726+0600][56.584s][info][gc,phases   ] GC(61) Concurrent Mark 174.444ms
[2026-04-03T02:41:11.726+0600][56.584s][info][gc,phases   ] GC(61) Pause Mark End 0.039ms
[2026-04-03T02:41:11.727+0600][56.584s][info][gc,phases   ] GC(61) Concurrent Mark Free 0.003ms
[2026-04-03T02:41:11.757+0600][56.615s][info][gc,phases   ] GC(61) Concurrent Process Non-Strong References 30.558ms
[2026-04-03T02:41:11.757+0600][56.615s][info][gc,phases   ] GC(61) Concurrent Reset Relocation Set 0.014ms
[2026-04-03T02:41:11.761+0600][56.619s][info][gc,phases   ] GC(61) Concurrent Select Relocation Set 3.572ms
[2026-04-03T02:41:11.761+0600][56.619s][info][gc,phases   ] GC(61) Pause Relocate Start 0.015ms
[2026-04-03T02:41:11.776+0600][56.634s][info][gc,phases   ] GC(61) Concurrent Relocate 15.102ms
[2026-04-03T02:41:11.777+0600][56.634s][info][gc,load     ] GC(61) Load: 4.72/5.23/5.56
[2026-04-03T02:41:11.777+0600][56.634s][info][gc,mmu      ] GC(61) MMU: 2ms/92.4%, 5ms/97.0%, 10ms/98.5%, 20ms/99.2%, 50ms/99.7%, 100ms/99.8%
[2026-04-03T02:41:11.777+0600][56.634s][info][gc,marking  ] GC(61) Mark: 2 stripe(s), 2 proactive flush(es), 1 terminate flush(es), 0 completion(s), 0 continuation(s) 
[2026-04-03T02:41:11.777+0600][56.634s][info][gc,marking  ] GC(61) Mark Stack Usage: 32M
[2026-04-03T02:41:11.777+0600][56.634s][info][gc,nmethod  ] GC(61) NMethods: 15032 registered, 2296 unregistered
[2026-04-03T02:41:11.777+0600][56.634s][info][gc,metaspace] GC(61) Metaspace: 127M used, 129M committed, 1152M reserved
[2026-04-03T02:41:11.777+0600][56.635s][info][gc,ref      ] GC(61) Soft: 3403 encountered, 0 discovered, 0 enqueued
[2026-04-03T02:41:11.777+0600][56.635s][info][gc,ref      ] GC(61) Weak: 16669 encountered, 6033 discovered, 1623 enqueued
[2026-04-03T02:41:11.777+0600][56.635s][info][gc,ref      ] GC(61) Final: 84 encountered, 0 discovered, 0 enqueued
[2026-04-03T02:41:11.777+0600][56.635s][info][gc,ref      ] GC(61) Phantom: 620 encountered, 547 discovered, 0 enqueued
[2026-04-03T02:41:11.777+0600][56.635s][info][gc,reloc    ] GC(61) Small Pages: 444 / 888M, Empty: 304M, Relocated: 12M, In-Place: 0
[2026-04-03T02:41:11.777+0600][56.635s][info][gc,reloc    ] GC(61) Medium Pages: 6 / 192M, Empty: 160M, Relocated: 0M, In-Place: 0
[2026-04-03T02:41:11.777+0600][56.635s][info][gc,reloc    ] GC(61) Large Pages: 18 / 108M, Empty: 108M, Relocated: 0M, In-Place: 0
[2026-04-03T02:41:11.777+0600][56.635s][info][gc,reloc    ] GC(61) Forwarding Usage: 3M
[2026-04-03T02:41:11.777+0600][56.635s][info][gc,heap     ] GC(61) Min Capacity: 8M(0%)
[2026-04-03T02:41:11.777+0600][56.635s][info][gc,heap     ] GC(61) Max Capacity: 1750M(100%)
[2026-04-03T02:41:11.777+0600][56.635s][info][gc,heap     ] GC(61) Soft Max Capacity: 1750M(100%)
[2026-04-03T02:41:11.777+0600][56.635s][info][gc,heap     ] GC(61)                Mark Start          Mark End        Relocate Start      Relocate End           High               Low         
[2026-04-03T02:41:11.777+0600][56.635s][info][gc,heap     ] GC(61)  Capacity:     1750M (100%)       1750M (100%)       1750M (100%)       1750M (100%)       1750M (100%)       1750M (100%)   
[2026-04-03T02:41:11.777+0600][56.635s][info][gc,heap     ] GC(61)      Free:      562M (32%)         378M (22%)         892M (51%)        1344M (77%)        1348M (77%)         334M (19%)    
[2026-04-03T02:41:11.777+0600][56.635s][info][gc,heap     ] GC(61)      Used:     1188M (68%)        1372M (78%)         858M (49%)         406M (23%)        1416M (81%)         402M (23%)    
[2026-04-03T02:41:11.777+0600][56.635s][info][gc,heap     ] GC(61)      Live:         -               106M (6%)          106M (6%)          106M (6%)             -                  -          
[2026-04-03T02:41:11.777+0600][56.635s][info][gc,heap     ] GC(61) Allocated:         -               184M (11%)         242M (14%)         263M (15%)            -                  -          
[2026-04-03T02:41:11.777+0600][56.635s][info][gc,heap     ] GC(61)   Garbage:         -              1081M (62%)         509M (29%)          35M (2%)             -                  -          
[2026-04-03T02:41:11.777+0600][56.635s][info][gc,heap     ] GC(61) Reclaimed:         -                  -               572M (33%)        1045M (60%)            -                  -          
[2026-04-03T02:41:11.777+0600][56.635s][info][gc          ] GC(61) Garbage Collection (Allocation Rate) 1188M(68%)->406M(23%)
[2026-04-03T02:41:12.351+0600][57.208s][info][gc,start    ] GC(62) Garbage Collection (Allocation Rate)
[2026-04-03T02:41:12.351+0600][57.209s][info][gc,task     ] GC(62) Using 2 workers
[2026-04-03T02:41:12.351+0600][57.209s][info][gc,phases   ] GC(62) Pause Mark Start 0.014ms
[2026-04-03T02:41:12.527+0600][57.385s][info][gc,phases   ] GC(62) Concurrent Mark 175.608ms
[2026-04-03T02:41:12.527+0600][57.385s][info][gc,phases   ] GC(62) Pause Mark End 0.046ms
[2026-04-03T02:41:12.527+0600][57.385s][info][gc,phases   ] GC(62) Concurrent Mark Free 0.003ms
[2026-04-03T02:41:12.565+0600][57.423s][info][gc,phases   ] GC(62) Concurrent Process Non-Strong References 38.254ms
[2026-04-03T02:41:12.566+0600][57.423s][info][gc,phases   ] GC(62) Concurrent Reset Relocation Set 0.032ms
[2026-04-03T02:41:12.570+0600][57.428s][info][gc,phases   ] GC(62) Concurrent Select Relocation Set 4.739ms
[2026-04-03T02:41:12.571+0600][57.429s][info][gc,phases   ] GC(62) Pause Relocate Start 0.045ms
[2026-04-03T02:41:12.586+0600][57.444s][info][gc,phases   ] GC(62) Concurrent Relocate 15.528ms
[2026-04-03T02:41:12.587+0600][57.444s][info][gc,load     ] GC(62) Load: 4.72/5.23/5.56
[2026-04-03T02:41:12.587+0600][57.445s][info][gc,mmu      ] GC(62) MMU: 2ms/92.4%, 5ms/97.0%, 10ms/98.5%, 20ms/99.2%, 50ms/99.7%, 100ms/99.8%
[2026-04-03T02:41:12.587+0600][57.445s][info][gc,marking  ] GC(62) Mark: 2 stripe(s), 2 proactive flush(es), 1 terminate flush(es), 0 completion(s), 0 continuation(s) 
[2026-04-03T02:41:12.587+0600][57.445s][info][gc,marking  ] GC(62) Mark Stack Usage: 32M
[2026-04-03T02:41:12.587+0600][57.445s][info][gc,nmethod  ] GC(62) NMethods: 15043 registered, 2315 unregistered
[2026-04-03T02:41:12.587+0600][57.445s][info][gc,metaspace] GC(62) Metaspace: 127M used, 129M committed, 1152M reserved
[2026-04-03T02:41:12.587+0600][57.445s][info][gc,ref      ] GC(62) Soft: 3402 encountered, 0 discovered, 0 enqueued
[2026-04-03T02:41:12.587+0600][57.445s][info][gc,ref      ] GC(62) Weak: 16505 encountered, 7093 discovered, 1732 enqueued
[2026-04-03T02:41:12.587+0600][57.445s][info][gc,ref      ] GC(62) Final: 84 encountered, 0 discovered, 0 enqueued
[2026-04-03T02:41:12.587+0600][57.445s][info][gc,ref      ] GC(62) Phantom: 620 encountered, 547 discovered, 0 enqueued
[2026-04-03T02:41:12.587+0600][57.445s][info][gc,reloc    ] GC(62) Small Pages: 421 / 842M, Empty: 292M, Relocated: 12M, In-Place: 0
[2026-04-03T02:41:12.587+0600][57.445s][info][gc,reloc    ] GC(62) Medium Pages: 6 / 192M, Empty: 160M, Relocated: 0M, In-Place: 0
[2026-04-03T02:41:12.587+0600][57.445s][info][gc,reloc    ] GC(62) Large Pages: 20 / 120M, Empty: 120M, Relocated: 0M, In-Place: 0
[2026-04-03T02:41:12.587+0600][57.445s][info][gc,reloc    ] GC(62) Forwarding Usage: 3M
[2026-04-03T02:41:12.587+0600][57.445s][info][gc,heap     ] GC(62) Min Capacity: 8M(0%)
[2026-04-03T02:41:12.587+0600][57.445s][info][gc,heap     ] GC(62) Max Capacity: 1750M(100%)
[2026-04-03T02:41:12.587+0600][57.445s][info][gc,heap     ] GC(62) Soft Max Capacity: 1750M(100%)
[2026-04-03T02:41:12.587+0600][57.445s][info][gc,heap     ] GC(62)                Mark Start          Mark End        Relocate Start      Relocate End           High               Low         
[2026-04-03T02:41:12.587+0600][57.445s][info][gc,heap     ] GC(62)  Capacity:     1750M (100%)       1750M (100%)       1750M (100%)       1750M (100%)       1750M (100%)       1750M (100%)   
[2026-04-03T02:41:12.587+0600][57.445s][info][gc,heap     ] GC(62)      Free:      596M (34%)         304M (17%)         796M (45%)        1218M (70%)        1220M (70%)         238M (14%)    
[2026-04-03T02:41:12.587+0600][57.445s][info][gc,heap     ] GC(62)      Used:     1154M (66%)        1446M (83%)         954M (55%)         532M (30%)        1512M (86%)         530M (30%)    
[2026-04-03T02:41:12.587+0600][57.445s][info][gc,heap     ] GC(62)      Live:         -               108M (6%)          108M (6%)          108M (6%)             -                  -          
[2026-04-03T02:41:12.587+0600][57.445s][info][gc,heap     ] GC(62) Allocated:         -               292M (17%)         372M (21%)         385M (22%)            -                  -          
[2026-04-03T02:41:12.587+0600][57.445s][info][gc,heap     ] GC(62)   Garbage:         -              1045M (60%)         473M (27%)          37M (2%)             -                  -          
[2026-04-03T02:41:12.587+0600][57.445s][info][gc,heap     ] GC(62) Reclaimed:         -                  -               572M (33%)        1007M (58%)            -                  -          
[2026-04-03T02:41:12.587+0600][57.445s][info][gc          ] GC(62) Garbage Collection (Allocation Rate) 1154M(66%)->532M(30%)
[2026-04-03T02:41:12.751+0600][57.609s][info][gc,start    ] GC(63) Garbage Collection (Allocation Rate)
[2026-04-03T02:41:12.751+0600][57.609s][info][gc,task     ] GC(63) Using 2 workers
[2026-04-03T02:41:12.751+0600][57.609s][info][gc,phases   ] GC(63) Pause Mark Start 0.014ms
[2026-04-03T02:41:12.880+0600][57.738s][info][gc,phases   ] GC(63) Concurrent Mark 128.425ms
[2026-04-03T02:41:12.881+0600][57.739s][info][gc,phases   ] GC(63) Pause Mark End 0.079ms
[2026-04-03T02:41:12.881+0600][57.739s][info][gc,phases   ] GC(63) Concurrent Mark Free 0.003ms
[2026-04-03T02:41:12.912+0600][57.770s][info][gc,phases   ] GC(63) Concurrent Process Non-Strong References 30.707ms
[2026-04-03T02:41:12.912+0600][57.770s][info][gc,phases   ] GC(63) Concurrent Reset Relocation Set 0.029ms
[2026-04-03T02:41:12.917+0600][57.775s][info][gc,phases   ] GC(63) Concurrent Select Relocation Set 4.914ms
[2026-04-03T02:41:12.918+0600][57.776s][info][gc,phases   ] GC(63) Pause Relocate Start 0.017ms
[2026-04-03T02:41:12.930+0600][57.788s][info][gc,phases   ] GC(63) Concurrent Relocate 12.484ms
[2026-04-03T02:41:12.930+0600][57.788s][info][gc,load     ] GC(63) Load: 4.72/5.23/5.56
[2026-04-03T02:41:12.930+0600][57.788s][info][gc,mmu      ] GC(63) MMU: 2ms/92.4%, 5ms/97.0%, 10ms/98.5%, 20ms/99.2%, 50ms/99.7%, 100ms/99.8%
[2026-04-03T02:41:12.930+0600][57.788s][info][gc,marking  ] GC(63) Mark: 2 stripe(s), 2 proactive flush(es), 1 terminate flush(es), 0 completion(s), 0 continuation(s) 
[2026-04-03T02:41:12.930+0600][57.788s][info][gc,marking  ] GC(63) Mark Stack Usage: 32M
[2026-04-03T02:41:12.931+0600][57.788s][info][gc,nmethod  ] GC(63) NMethods: 15060 registered, 2326 unregistered
[2026-04-03T02:41:12.931+0600][57.788s][info][gc,metaspace] GC(63) Metaspace: 128M used, 129M committed, 1152M reserved
[2026-04-03T02:41:12.931+0600][57.788s][info][gc,ref      ] GC(63) Soft: 3402 encountered, 0 discovered, 0 enqueued
[2026-04-03T02:41:12.931+0600][57.788s][info][gc,ref      ] GC(63) Weak: 15295 encountered, 5667 discovered, 574 enqueued
[2026-04-03T02:41:12.931+0600][57.788s][info][gc,ref      ] GC(63) Final: 84 encountered, 0 discovered, 0 enqueued
[2026-04-03T02:41:12.931+0600][57.788s][info][gc,ref      ] GC(63) Phantom: 620 encountered, 547 discovered, 0 enqueued
[2026-04-03T02:41:12.931+0600][57.788s][info][gc,reloc    ] GC(63) Small Pages: 277 / 554M, Empty: 274M, Relocated: 8M, In-Place: 0
[2026-04-03T02:41:12.931+0600][57.789s][info][gc,reloc    ] GC(63) Medium Pages: 3 / 96M, Empty: 64M, Relocated: 0M, In-Place: 0
[2026-04-03T02:41:12.931+0600][57.789s][info][gc,reloc    ] GC(63) Large Pages: 71 / 426M, Empty: 426M, Relocated: 0M, In-Place: 0
[2026-04-03T02:41:12.931+0600][57.789s][info][gc,reloc    ] GC(63) Forwarding Usage: 2M
[2026-04-03T02:41:12.931+0600][57.789s][info][gc,heap     ] GC(63) Min Capacity: 8M(0%)
[2026-04-03T02:41:12.931+0600][57.789s][info][gc,heap     ] GC(63) Max Capacity: 1750M(100%)
[2026-04-03T02:41:12.931+0600][57.789s][info][gc,heap     ] GC(63) Soft Max Capacity: 1750M(100%)
[2026-04-03T02:41:12.931+0600][57.789s][info][gc,heap     ] GC(63)                Mark Start          Mark End        Relocate Start      Relocate End           High               Low         
[2026-04-03T02:41:12.931+0600][57.789s][info][gc,heap     ] GC(63)  Capacity:     1750M (100%)       1750M (100%)       1750M (100%)       1750M (100%)       1750M (100%)       1750M (100%)   
[2026-04-03T02:41:12.931+0600][57.789s][info][gc,heap     ] GC(63)      Free:      674M (39%)         208M (12%)         920M (53%)        1056M (60%)        1064M (61%)         176M (10%)    
[2026-04-03T02:41:12.931+0600][57.789s][info][gc,heap     ] GC(63)      Used:     1076M (61%)        1542M (88%)         830M (47%)         694M (40%)        1574M (90%)         686M (39%)    
[2026-04-03T02:41:12.931+0600][57.789s][info][gc,heap     ] GC(63)      Live:         -               108M (6%)          108M (6%)          108M (6%)             -                  -          
[2026-04-03T02:41:12.931+0600][57.789s][info][gc,heap     ] GC(63) Allocated:         -               466M (27%)         518M (30%)         545M (31%)            -                  -          
[2026-04-03T02:41:12.931+0600][57.789s][info][gc,heap     ] GC(63)   Garbage:         -               967M (55%)         203M (12%)          39M (2%)             -                  -          
[2026-04-03T02:41:12.931+0600][57.789s][info][gc,heap     ] GC(63) Reclaimed:         -                  -               764M (44%)         927M (53%)            -                  -          
[2026-04-03T02:41:12.931+0600][57.789s][info][gc          ] GC(63) Garbage Collection (Allocation Rate) 1076M(61%)->694M(40%)
[2026-04-03T02:41:12.951+0600][57.809s][info][gc,start    ] GC(64) Garbage Collection (Allocation Rate)
[2026-04-03T02:41:12.951+0600][57.809s][info][gc,task     ] GC(64) Using 3 workers
[2026-04-03T02:41:12.952+0600][57.809s][info][gc,phases   ] GC(64) Pause Mark Start 0.012ms
[2026-04-03T02:41:13.049+0600][57.907s][info][gc,phases   ] GC(64) Concurrent Mark 97.349ms
[2026-04-03T02:41:13.049+0600][57.907s][info][gc,phases   ] GC(64) Pause Mark End 0.063ms
[2026-04-03T02:41:13.049+0600][57.907s][info][gc,phases   ] GC(64) Concurrent Mark Free 0.002ms
[2026-04-03T02:41:13.072+0600][57.930s][info][gc,phases   ] GC(64) Concurrent Process Non-Strong References 22.446ms
[2026-04-03T02:41:13.072+0600][57.930s][info][gc,phases   ] GC(64) Concurrent Reset Relocation Set 0.016ms
[2026-04-03T02:41:13.077+0600][57.935s][info][gc,phases   ] GC(64) Concurrent Select Relocation Set 4.953ms
[2026-04-03T02:41:13.077+0600][57.935s][info][gc,phases   ] GC(64) Pause Relocate Start 0.021ms
[2026-04-03T02:41:13.085+0600][57.943s][info][gc,phases   ] GC(64) Concurrent Relocate 7.442ms
[2026-04-03T02:41:13.085+0600][57.943s][info][gc,load     ] GC(64) Load: 4.72/5.23/5.56
[2026-04-03T02:41:13.085+0600][57.943s][info][gc,mmu      ] GC(64) MMU: 2ms/92.4%, 5ms/97.0%, 10ms/98.5%, 20ms/99.2%, 50ms/99.7%, 100ms/99.8%
[2026-04-03T02:41:13.085+0600][57.943s][info][gc,marking  ] GC(64) Mark: 2 stripe(s), 2 proactive flush(es), 1 terminate flush(es), 0 completion(s), 0 continuation(s) 
[2026-04-03T02:41:13.085+0600][57.943s][info][gc,marking  ] GC(64) Mark Stack Usage: 32M
[2026-04-03T02:41:13.085+0600][57.943s][info][gc,nmethod  ] GC(64) NMethods: 15070 registered, 2329 unregistered
[2026-04-03T02:41:13.085+0600][57.943s][info][gc,metaspace] GC(64) Metaspace: 128M used, 129M committed, 1152M reserved
[2026-04-03T02:41:13.085+0600][57.943s][info][gc,ref      ] GC(64) Soft: 3395 encountered, 0 discovered, 0 enqueued
[2026-04-03T02:41:13.085+0600][57.943s][info][gc,ref      ] GC(64) Weak: 14876 encountered, 4285 discovered, 364 enqueued
[2026-04-03T02:41:13.085+0600][57.943s][info][gc,ref      ] GC(64) Final: 84 encountered, 0 discovered, 0 enqueued
[2026-04-03T02:41:13.085+0600][57.943s][info][gc,ref      ] GC(64) Phantom: 620 encountered, 545 discovered, 0 enqueued
[2026-04-03T02:41:13.085+0600][57.943s][info][gc,reloc    ] GC(64) Small Pages: 132 / 264M, Empty: 22M, Relocated: 6M, In-Place: 0
[2026-04-03T02:41:13.085+0600][57.943s][info][gc,reloc    ] GC(64) Medium Pages: 2 / 64M, Empty: 32M, Relocated: 0M, In-Place: 0
[2026-04-03T02:41:13.085+0600][57.943s][info][gc,reloc    ] GC(64) Large Pages: 66 / 396M, Empty: 396M, Relocated: 0M, In-Place: 0
[2026-04-03T02:41:13.085+0600][57.943s][info][gc,reloc    ] GC(64) Forwarding Usage: 2M
[2026-04-03T02:41:13.085+0600][57.943s][info][gc,heap     ] GC(64) Min Capacity: 8M(0%)
[2026-04-03T02:41:13.085+0600][57.943s][info][gc,heap     ] GC(64) Max Capacity: 1750M(100%)
[2026-04-03T02:41:13.085+0600][57.943s][info][gc,heap     ] GC(64) Soft Max Capacity: 1750M(100%)
[2026-04-03T02:41:13.085+0600][57.943s][info][gc,heap     ] GC(64)                Mark Start          Mark End        Relocate Start      Relocate End           High               Low         
[2026-04-03T02:41:13.085+0600][57.943s][info][gc,heap     ] GC(64)  Capacity:     1750M (100%)       1750M (100%)       1750M (100%)       1750M (100%)       1750M (100%)       1750M (100%)   
[2026-04-03T02:41:13.085+0600][57.943s][info][gc,heap     ] GC(64)      Free:     1026M (59%)         916M (52%)        1346M (77%)        1474M (84%)        1474M (84%)         896M (51%)    
[2026-04-03T02:41:13.085+0600][57.943s][info][gc,heap     ] GC(64)      Used:      724M (41%)         834M (48%)         404M (23%)         276M (16%)         854M (49%)         276M (16%)    
[2026-04-03T02:41:13.085+0600][57.943s][info][gc,heap     ] GC(64)      Live:         -               102M (6%)          102M (6%)          102M (6%)             -                  -          
[2026-04-03T02:41:13.086+0600][57.943s][info][gc,heap     ] GC(64) Allocated:         -               110M (6%)          130M (7%)          133M (8%)             -                  -          
[2026-04-03T02:41:13.086+0600][57.943s][info][gc,heap     ] GC(64)   Garbage:         -               621M (36%)         171M (10%)          39M (2%)             -                  -          
[2026-04-03T02:41:13.086+0600][57.943s][info][gc,heap     ] GC(64) Reclaimed:         -                  -               450M (26%)         581M (33%)            -                  -          
[2026-04-03T02:41:13.086+0600][57.943s][info][gc          ] GC(64) Garbage Collection (Allocation Rate) 724M(41%)->276M(16%)
[2026-04-03T02:41:13.751+0600][58.609s][info][gc,start    ] GC(65) Garbage Collection (Allocation Rate)
[2026-04-03T02:41:13.751+0600][58.609s][info][gc,task     ] GC(65) Using 2 workers
[2026-04-03T02:41:13.752+0600][58.610s][info][gc,phases   ] GC(65) Pause Mark Start 0.018ms
[2026-04-03T02:41:13.932+0600][58.790s][info][gc,phases   ] GC(65) Concurrent Mark 179.761ms
[2026-04-03T02:41:13.932+0600][58.790s][info][gc,phases   ] GC(65) Pause Mark End 0.034ms
[2026-04-03T02:41:13.932+0600][58.790s][info][gc,phases   ] GC(65) Concurrent Mark Free 0.003ms
[2026-04-03T02:41:13.965+0600][58.823s][info][gc,phases   ] GC(65) Concurrent Process Non-Strong References 32.372ms
[2026-04-03T02:41:13.965+0600][58.823s][info][gc,phases   ] GC(65) Concurrent Reset Relocation Set 0.013ms
[2026-04-03T02:41:13.969+0600][58.827s][info][gc,phases   ] GC(65) Concurrent Select Relocation Set 4.359ms
[2026-04-03T02:41:13.970+0600][58.828s][info][gc,phases   ] GC(65) Pause Relocate Start 0.018ms
[2026-04-03T02:41:13.981+0600][58.839s][info][gc,phases   ] GC(65) Concurrent Relocate 10.984ms
[2026-04-03T02:41:13.981+0600][58.839s][info][gc,load     ] GC(65) Load: 4.72/5.23/5.56
[2026-04-03T02:41:13.981+0600][58.839s][info][gc,mmu      ] GC(65) MMU: 2ms/92.4%, 5ms/97.0%, 10ms/98.5%, 20ms/99.2%, 50ms/99.7%, 100ms/99.8%
[2026-04-03T02:41:13.981+0600][58.839s][info][gc,marking  ] GC(65) Mark: 2 stripe(s), 2 proactive flush(es), 1 terminate flush(es), 0 completion(s), 0 continuation(s) 
[2026-04-03T02:41:13.981+0600][58.839s][info][gc,marking  ] GC(65) Mark Stack Usage: 32M
[2026-04-03T02:41:13.981+0600][58.839s][info][gc,nmethod  ] GC(65) NMethods: 15073 registered, 2340 unregistered
[2026-04-03T02:41:13.981+0600][58.839s][info][gc,metaspace] GC(65) Metaspace: 128M used, 129M committed, 1152M reserved
[2026-04-03T02:41:13.981+0600][58.839s][info][gc,ref      ] GC(65) Soft: 3403 encountered, 0 discovered, 0 enqueued
[2026-04-03T02:41:13.981+0600][58.839s][info][gc,ref      ] GC(65) Weak: 15581 encountered, 5834 discovered, 257 enqueued
[2026-04-03T02:41:13.981+0600][58.839s][info][gc,ref      ] GC(65) Final: 84 encountered, 0 discovered, 0 enqueued
[2026-04-03T02:41:13.981+0600][58.839s][info][gc,ref      ] GC(65) Phantom: 620 encountered, 547 discovered, 0 enqueued
[2026-04-03T02:41:13.981+0600][58.839s][info][gc,reloc    ] GC(65) Small Pages: 358 / 716M, Empty: 198M, Relocated: 8M, In-Place: 0
[2026-04-03T02:41:13.981+0600][58.839s][info][gc,reloc    ] GC(65) Medium Pages: 5 / 160M, Empty: 128M, Relocated: 0M, In-Place: 0
[2026-04-03T02:41:13.981+0600][58.839s][info][gc,reloc    ] GC(65) Large Pages: 16 / 96M, Empty: 96M, Relocated: 0M, In-Place: 0
[2026-04-03T02:41:13.981+0600][58.839s][info][gc,reloc    ] GC(65) Forwarding Usage: 2M
[2026-04-03T02:41:13.981+0600][58.839s][info][gc,heap     ] GC(65) Min Capacity: 8M(0%)
[2026-04-03T02:41:13.981+0600][58.839s][info][gc,heap     ] GC(65) Max Capacity: 1750M(100%)
[2026-04-03T02:41:13.981+0600][58.839s][info][gc,heap     ] GC(65) Soft Max Capacity: 1750M(100%)
[2026-04-03T02:41:13.981+0600][58.839s][info][gc,heap     ] GC(65)                Mark Start          Mark End        Relocate Start      Relocate End           High               Low         
[2026-04-03T02:41:13.981+0600][58.839s][info][gc,heap     ] GC(65)  Capacity:     1750M (100%)       1750M (100%)       1750M (100%)       1750M (100%)       1750M (100%)       1750M (100%)   
[2026-04-03T02:41:13.982+0600][58.839s][info][gc,heap     ] GC(65)      Free:      778M (44%)         526M (30%)         896M (51%)        1288M (74%)        1292M (74%)         490M (28%)    
[2026-04-03T02:41:13.982+0600][58.839s][info][gc,heap     ] GC(65)      Used:      972M (56%)        1224M (70%)         854M (49%)         462M (26%)        1260M (72%)         458M (26%)    
[2026-04-03T02:41:13.982+0600][58.839s][info][gc,heap     ] GC(65)      Live:         -               108M (6%)          108M (6%)          108M (6%)             -                  -          
[2026-04-03T02:41:13.982+0600][58.839s][info][gc,heap     ] GC(65) Allocated:         -               252M (14%)         304M (17%)         313M (18%)            -                  -          
[2026-04-03T02:41:13.982+0600][58.839s][info][gc,heap     ] GC(65)   Garbage:         -               863M (49%)         441M (25%)          39M (2%)             -                  -          
[2026-04-03T02:41:13.982+0600][58.840s][info][gc,heap     ] GC(65) Reclaimed:         -                  -               422M (24%)         823M (47%)            -                  -          
[2026-04-03T02:41:13.982+0600][58.840s][info][gc          ] GC(65) Garbage Collection (Allocation Rate) 972M(56%)->462M(26%)
[2026-04-03T02:41:14.151+0600][59.009s][info][gc,start    ] GC(66) Garbage Collection (Allocation Rate)
[2026-04-03T02:41:14.151+0600][59.009s][info][gc,task     ] GC(66) Using 2 workers
[2026-04-03T02:41:14.151+0600][59.009s][info][gc,phases   ] GC(66) Pause Mark Start 0.016ms
[2026-04-03T02:41:14.300+0600][59.158s][info][gc,phases   ] GC(66) Concurrent Mark 148.690ms
[2026-04-03T02:41:14.300+0600][59.158s][info][gc,phases   ] GC(66) Pause Mark End 0.032ms
[2026-04-03T02:41:14.300+0600][59.158s][info][gc,phases   ] GC(66) Concurrent Mark Free 0.002ms
[2026-04-03T02:41:14.330+0600][59.187s][info][gc,phases   ] GC(66) Concurrent Process Non-Strong References 29.129ms
[2026-04-03T02:41:14.330+0600][59.188s][info][gc,phases   ] GC(66) Concurrent Reset Relocation Set 0.022ms
[2026-04-03T02:41:14.334+0600][59.192s][info][gc,phases   ] GC(66) Concurrent Select Relocation Set 4.316ms
[2026-04-03T02:41:14.334+0600][59.192s][info][gc,phases   ] GC(66) Pause Relocate Start 0.016ms
[2026-04-03T02:41:14.341+0600][59.199s][info][gc,phases   ] GC(66) Concurrent Relocate 6.758ms
[2026-04-03T02:41:14.341+0600][59.199s][info][gc,load     ] GC(66) Load: 4.72/5.23/5.56
[2026-04-03T02:41:14.341+0600][59.199s][info][gc,mmu      ] GC(66) MMU: 2ms/92.4%, 5ms/97.0%, 10ms/98.5%, 20ms/99.2%, 50ms/99.7%, 100ms/99.8%
[2026-04-03T02:41:14.341+0600][59.199s][info][gc,marking  ] GC(66) Mark: 2 stripe(s), 2 proactive flush(es), 1 terminate flush(es), 0 completion(s), 0 continuation(s) 
[2026-04-03T02:41:14.341+0600][59.199s][info][gc,marking  ] GC(66) Mark Stack Usage: 32M
[2026-04-03T02:41:14.341+0600][59.199s][info][gc,nmethod  ] GC(66) NMethods: 15108 registered, 2343 unregistered
[2026-04-03T02:41:14.341+0600][59.199s][info][gc,metaspace] GC(66) Metaspace: 128M used, 129M committed, 1152M reserved
[2026-04-03T02:41:14.341+0600][59.199s][info][gc,ref      ] GC(66) Soft: 3403 encountered, 0 discovered, 0 enqueued
[2026-04-03T02:41:14.341+0600][59.199s][info][gc,ref      ] GC(66) Weak: 16033 encountered, 5143 discovered, 27 enqueued
[2026-04-03T02:41:14.341+0600][59.199s][info][gc,ref      ] GC(66) Final: 84 encountered, 0 discovered, 0 enqueued
[2026-04-03T02:41:14.341+0600][59.199s][info][gc,ref      ] GC(66) Phantom: 620 encountered, 343 discovered, 0 enqueued
[2026-04-03T02:41:14.341+0600][59.199s][info][gc,reloc    ] GC(66) Small Pages: 253 / 506M, Empty: 158M, Relocated: 6M, In-Place: 0
[2026-04-03T02:41:14.342+0600][59.199s][info][gc,reloc    ] GC(66) Medium Pages: 4 / 128M, Empty: 96M, Relocated: 0M, In-Place: 0
[2026-04-03T02:41:14.342+0600][59.199s][info][gc,reloc    ] GC(66) Large Pages: 10 / 60M, Empty: 60M, Relocated: 0M, In-Place: 0
[2026-04-03T02:41:14.342+0600][59.199s][info][gc,reloc    ] GC(66) Forwarding Usage: 2M
[2026-04-03T02:41:14.342+0600][59.199s][info][gc,heap     ] GC(66) Min Capacity: 8M(0%)
[2026-04-03T02:41:14.342+0600][59.199s][info][gc,heap     ] GC(66) Max Capacity: 1750M(100%)
[2026-04-03T02:41:14.342+0600][59.199s][info][gc,heap     ] GC(66) Soft Max Capacity: 1750M(100%)
[2026-04-03T02:41:14.342+0600][59.199s][info][gc,heap     ] GC(66)                Mark Start          Mark End        Relocate Start      Relocate End           High               Low         
[2026-04-03T02:41:14.342+0600][59.200s][info][gc,heap     ] GC(66)  Capacity:     1750M (100%)       1750M (100%)       1750M (100%)       1750M (100%)       1750M (100%)       1750M (100%)   
[2026-04-03T02:41:14.342+0600][59.200s][info][gc,heap     ] GC(66)      Free:     1056M (60%)         920M (53%)        1216M (69%)        1442M (82%)        1442M (82%)         910M (52%)    
[2026-04-03T02:41:14.342+0600][59.200s][info][gc,heap     ] GC(66)      Used:      694M (40%)         830M (47%)         534M (31%)         308M (18%)         840M (48%)         308M (18%)    
[2026-04-03T02:41:14.342+0600][59.200s][info][gc,heap     ] GC(66)      Live:         -               106M (6%)          106M (6%)          106M (6%)             -                  -          
[2026-04-03T02:41:14.342+0600][59.200s][info][gc,heap     ] GC(66) Allocated:         -               136M (8%)          154M (9%)          163M (9%)             -                  -          
[2026-04-03T02:41:14.342+0600][59.200s][info][gc,heap     ] GC(66)   Garbage:         -               587M (34%)         273M (16%)          37M (2%)             -                  -          
[2026-04-03T02:41:14.342+0600][59.200s][info][gc,heap     ] GC(66) Reclaimed:         -                  -               314M (18%)         549M (31%)            -                  -          
[2026-04-03T02:41:14.342+0600][59.200s][info][gc          ] GC(66) Garbage Collection (Allocation Rate) 694M(40%)->308M(18%)
[2026-04-03T02:41:15.051+0600][59.909s][info][gc,start    ] GC(67) Garbage Collection (Allocation Rate)
[2026-04-03T02:41:15.051+0600][59.909s][info][gc,task     ] GC(67) Using 2 workers
[2026-04-03T02:41:15.051+0600][59.909s][info][gc,phases   ] GC(67) Pause Mark Start 0.010ms
[2026-04-03T02:41:15.226+0600][60.084s][info][gc,phases   ] GC(67) Concurrent Mark 174.535ms
[2026-04-03T02:41:15.226+0600][60.084s][info][gc,phases   ] GC(67) Pause Mark End 0.060ms
[2026-04-03T02:41:15.226+0600][60.084s][info][gc,phases   ] GC(67) Concurrent Mark Free 0.001ms
[2026-04-03T02:41:15.251+0600][60.109s][info][gc,stats    ] === Garbage Collection Statistics =======================================================================================================================
[2026-04-03T02:41:15.251+0600][60.109s][info][gc,stats    ]                                                              Last 10s              Last 10m              Last 10h                Total
[2026-04-03T02:41:15.251+0600][60.109s][info][gc,stats    ]                                                              Avg / Max             Avg / Max             Avg / Max             Avg / Max
[2026-04-03T02:41:15.251+0600][60.109s][info][gc,stats    ]   Collector: Garbage Collection Cycle                    186.209 / 252.407     182.446 / 377.768     182.446 / 377.768     182.446 / 377.768     ms
[2026-04-03T02:41:15.251+0600][60.109s][info][gc,stats    ]  Contention: Mark Segment Reset Contention                     2 / 5                 1 / 11                1 / 11                1 / 11          ops/s
[2026-04-03T02:41:15.251+0600][60.109s][info][gc,stats    ]  Contention: Mark SeqNum Reset Contention                      0 / 2                 0 / 2                 0 / 2                 0 / 2           ops/s
[2026-04-03T02:41:15.251+0600][60.109s][info][gc,stats    ]    Critical: Allocation Stall                                  0 / 4                 0 / 5                 0 / 5                 0 / 5           ops/s
[2026-04-03T02:41:15.251+0600][60.109s][info][gc,stats    ]    Critical: Allocation Stall                             25.966 / 26.566       32.106 / 41.951       32.106 / 41.951       32.106 / 41.951      ms
[2026-04-03T02:41:15.251+0600][60.109s][info][gc,stats    ]    Critical: GC Locker Stall                                   1 / 3                 0 / 3                 0 / 3                 0 / 3           ops/s
[2026-04-03T02:41:15.251+0600][60.109s][info][gc,stats    ]    Critical: GC Locker Stall                               0.028 / 0.081         0.033 / 0.205         0.033 / 0.205         0.033 / 0.205       ms
[2026-04-03T02:41:15.251+0600][60.109s][info][gc,stats    ]    Critical: Relocation Stall                                  0 / 0                 0 / 0                 0 / 0                 0 / 0           ops/s
[2026-04-03T02:41:15.251+0600][60.109s][info][gc,stats    ]    Critical: Relocation Stall                              0.000 / 0.000         0.000 / 0.000         0.000 / 0.000         0.000 / 0.000       ms
[2026-04-03T02:41:15.251+0600][60.109s][info][gc,stats    ]      Memory: Allocation Rate                                1424 / 2010            864 / 2032            864 / 2032            864 / 2032        MB/s
[2026-04-03T02:41:15.251+0600][60.109s][info][gc,stats    ]      Memory: Defragment                                       46 / 166              20 / 166              20 / 166              20 / 166         ops/s
[2026-04-03T02:41:15.251+0600][60.109s][info][gc,stats    ]      Memory: Out Of Memory                                     0 / 0                 0 / 0                 0 / 0                 0 / 0           ops/s
[2026-04-03T02:41:15.251+0600][60.109s][info][gc,stats    ]      Memory: Page Cache Flush                                231 / 502             103 / 502             103 / 502             103 / 502         MB/s
[2026-04-03T02:41:15.251+0600][60.109s][info][gc,stats    ]      Memory: Page Cache Hit L1                               452 / 584             277 / 584             277 / 584             277 / 584         ops/s
[2026-04-03T02:41:15.251+0600][60.109s][info][gc,stats    ]      Memory: Page Cache Hit L2                                 0 / 0                 0 / 0                 0 / 0                 0 / 0           ops/s
[2026-04-03T02:41:15.251+0600][60.109s][info][gc,stats    ]      Memory: Page Cache Hit L3                                38 / 110              19 / 110              19 / 110              19 / 110         ops/s
[2026-04-03T02:41:15.251+0600][60.109s][info][gc,stats    ]      Memory: Page Cache Miss                                  14 / 61               13 / 173              13 / 173              13 / 173         ops/s
[2026-04-03T02:41:15.251+0600][60.109s][info][gc,stats    ]      Memory: Uncommit                                          0 / 0                 0 / 0                 0 / 0                 0 / 0           MB/s
[2026-04-03T02:41:15.251+0600][60.109s][info][gc,stats    ]      Memory: Undo Object Allocation Failed                     0 / 0                 0 / 0                 0 / 0                 0 / 0           ops/s
[2026-04-03T02:41:15.251+0600][60.109s][info][gc,stats    ]      Memory: Undo Object Allocation Succeeded                 14 / 106              17 / 459              17 / 459              17 / 459         ops/s
[2026-04-03T02:41:15.251+0600][60.109s][info][gc,stats    ]      Memory: Undo Page Allocation                              2 / 5                 0 / 5                 0 / 5                 0 / 5           ops/s
[2026-04-03T02:41:15.251+0600][60.109s][info][gc,stats    ]       Phase: Concurrent Mark                             140.596 / 179.761     135.478 / 298.329     135.478 / 298.329     135.478 / 298.329     ms
[2026-04-03T02:41:15.251+0600][60.109s][info][gc,stats    ]       Phase: Concurrent Mark Continue                      0.000 / 0.000         0.000 / 0.000         0.000 / 0.000         0.000 / 0.000       ms
[2026-04-03T02:41:15.251+0600][60.109s][info][gc,stats    ]       Phase: Concurrent Mark Free                          0.002 / 0.003         0.002 / 0.004         0.002 / 0.004         0.002 / 0.004       ms
[2026-04-03T02:41:15.251+0600][60.109s][info][gc,stats    ]       Phase: Concurrent Process Non-Strong References     31.619 / 67.246       31.384 / 67.653       31.384 / 67.653       31.384 / 67.653      ms
[2026-04-03T02:41:15.251+0600][60.109s][info][gc,stats    ]       Phase: Concurrent Relocate                           9.587 / 17.929        9.491 / 33.965        9.491 / 33.965        9.491 / 33.965      ms
[2026-04-03T02:41:15.251+0600][60.109s][info][gc,stats    ]       Phase: Concurrent Reset Relocation Set               0.018 / 0.032         0.016 / 0.043         0.016 / 0.043         0.016 / 0.043       ms
[2026-04-03T02:41:15.251+0600][60.109s][info][gc,stats    ]       Phase: Concurrent Select Relocation Set              4.233 / 5.563         4.238 / 9.099         4.238 / 9.099         4.238 / 9.099       ms
[2026-04-03T02:41:15.251+0600][60.109s][info][gc,stats    ]       Phase: Pause Mark End                                0.042 / 0.079         0.043 / 0.152         0.043 / 0.152         0.043 / 0.152       ms
[2026-04-03T02:41:15.251+0600][60.109s][info][gc,stats    ]       Phase: Pause Mark Start                              0.021 / 0.076         0.018 / 0.093         0.018 / 0.093         0.018 / 0.093       ms
[2026-04-03T02:41:15.252+0600][60.109s][info][gc,stats    ]       Phase: Pause Relocate Start                          0.019 / 0.045         0.019 / 0.045         0.019 / 0.045         0.019 / 0.045       ms
[2026-04-03T02:41:15.252+0600][60.109s][info][gc,stats    ]    Subphase: Concurrent Classes Purge                      0.119 / 0.539         0.265 / 3.505         0.265 / 3.505         0.265 / 3.505       ms
[2026-04-03T02:41:15.252+0600][60.109s][info][gc,stats    ]    Subphase: Concurrent Classes Unlink                    27.731 / 63.133       27.212 / 63.133       27.212 / 63.133       27.212 / 63.133      ms
[2026-04-03T02:41:15.252+0600][60.109s][info][gc,stats    ]    Subphase: Concurrent Mark                             133.352 / 176.837     122.511 / 292.279     122.511 / 292.279     122.511 / 292.279     ms
[2026-04-03T02:41:15.252+0600][60.109s][info][gc,stats    ]    Subphase: Concurrent Mark Try Flush                     0.390 / 2.207         0.448 / 4.889         0.448 / 4.889         0.448 / 4.889       ms
[2026-04-03T02:41:15.252+0600][60.109s][info][gc,stats    ]    Subphase: Concurrent Mark Try Terminate                 0.645 / 1.228         0.734 / 4.580         0.734 / 4.580         0.734 / 4.580       ms
[2026-04-03T02:41:15.252+0600][60.109s][info][gc,stats    ]    Subphase: Concurrent References Enqueue                 0.008 / 0.017         0.009 / 0.024         0.009 / 0.024         0.009 / 0.024       ms
[2026-04-03T02:41:15.252+0600][60.110s][info][gc,stats    ]    Subphase: Concurrent References Process                 1.069 / 1.906         1.096 / 2.076         1.096 / 2.076         1.096 / 2.076       ms
[2026-04-03T02:41:15.252+0600][60.110s][info][gc,stats    ]    Subphase: Concurrent Roots ClassLoaderDataGraph         0.501 / 1.022         0.442 / 1.022         0.442 / 1.022         0.442 / 1.022       ms
[2026-04-03T02:41:15.252+0600][60.110s][info][gc,stats    ]    Subphase: Concurrent Roots CodeCache                    0.000 / 0.000         0.000 / 0.000         0.000 / 0.000         0.000 / 0.000       ms
[2026-04-03T02:41:15.252+0600][60.110s][info][gc,stats    ]    Subphase: Concurrent Roots JavaThreads                  1.491 / 2.391         1.497 / 5.185         1.497 / 5.185         1.497 / 5.185       ms
[2026-04-03T02:41:15.252+0600][60.110s][info][gc,stats    ]    Subphase: Concurrent Roots OopStorageSet                0.119 / 0.214         0.109 / 0.398         0.109 / 0.398         0.109 / 0.398       ms
[2026-04-03T02:41:15.252+0600][60.110s][info][gc,stats    ]    Subphase: Concurrent Weak Roots OopStorageSet           1.643 / 2.929         1.708 / 4.980         1.708 / 4.980         1.708 / 4.980       ms
[2026-04-03T02:41:15.252+0600][60.110s][info][gc,stats    ]    Subphase: Pause Mark Try Complete                       0.000 / 0.000         0.003 / 0.008         0.003 / 0.008         0.003 / 0.008       ms
[2026-04-03T02:41:15.252+0600][60.110s][info][gc,stats    ]      System: Java Threads                                    284 / 285             256 / 286             256 / 286             256 / 286         threads
[2026-04-03T02:41:15.252+0600][60.110s][info][gc,stats    ] =========================================================================================================================================================
[2026-04-03T02:41:15.262+0600][60.119s][info][gc,phases   ] GC(67) Concurrent Process Non-Strong References 35.024ms
[2026-04-03T02:41:15.262+0600][60.120s][info][gc,phases   ] GC(67) Concurrent Reset Relocation Set 0.018ms
[2026-04-03T02:41:15.268+0600][60.126s][info][gc,phases   ] GC(67) Concurrent Select Relocation Set 5.320ms
[2026-04-03T02:41:15.268+0600][60.126s][info][gc,phases   ] GC(67) Pause Relocate Start 0.021ms
[2026-04-03T02:41:15.276+0600][60.133s][info][gc,phases   ] GC(67) Concurrent Relocate 7.383ms
[2026-04-03T02:41:15.276+0600][60.134s][info][gc,load     ] GC(67) Load: 4.67/5.21/5.55
[2026-04-03T02:41:15.276+0600][60.134s][info][gc,mmu      ] GC(67) MMU: 2ms/92.4%, 5ms/97.0%, 10ms/98.5%, 20ms/99.2%, 50ms/99.7%, 100ms/99.8%
[2026-04-03T02:41:15.276+0600][60.134s][info][gc,marking  ] GC(67) Mark: 2 stripe(s), 2 proactive flush(es), 1 terminate flush(es), 0 completion(s), 0 continuation(s) 
[2026-04-03T02:41:15.276+0600][60.134s][info][gc,marking  ] GC(67) Mark Stack Usage: 32M
[2026-04-03T02:41:15.276+0600][60.134s][info][gc,nmethod  ] GC(67) NMethods: 15113 registered, 2370 unregistered
[2026-04-03T02:41:15.276+0600][60.134s][info][gc,metaspace] GC(67) Metaspace: 128M used, 129M committed, 1152M reserved
[2026-04-03T02:41:15.276+0600][60.134s][info][gc,ref      ] GC(67) Soft: 3395 encountered, 0 discovered, 0 enqueued
[2026-04-03T02:41:15.276+0600][60.134s][info][gc,ref      ] GC(67) Weak: 17220 encountered, 5502 discovered, 1620 enqueued
[2026-04-03T02:41:15.276+0600][60.134s][info][gc,ref      ] GC(67) Final: 84 encountered, 0 discovered, 0 enqueued
[2026-04-03T02:41:15.276+0600][60.134s][info][gc,ref      ] GC(67) Phantom: 620 encountered, 539 discovered, 0 enqueued
[2026-04-03T02:41:15.276+0600][60.134s][info][gc,reloc    ] GC(67) Small Pages: 421 / 842M, Empty: 286M, Relocated: 5M, In-Place: 0
[2026-04-03T02:41:15.276+0600][60.134s][info][gc,reloc    ] GC(67) Medium Pages: 6 / 192M, Empty: 160M, Relocated: 0M, In-Place: 0
[2026-04-03T02:41:15.276+0600][60.134s][info][gc,reloc    ] GC(67) Large Pages: 17 / 102M, Empty: 102M, Relocated: 0M, In-Place: 0
[2026-04-03T02:41:15.276+0600][60.134s][info][gc,reloc    ] GC(67) Forwarding Usage: 1M
[2026-04-03T02:41:15.276+0600][60.134s][info][gc,heap     ] GC(67) Min Capacity: 8M(0%)
[2026-04-03T02:41:15.276+0600][60.134s][info][gc,heap     ] GC(67) Max Capacity: 1750M(100%)
[2026-04-03T02:41:15.276+0600][60.134s][info][gc,heap     ] GC(67) Soft Max Capacity: 1750M(100%)
[2026-04-03T02:41:15.276+0600][60.134s][info][gc,heap     ] GC(67)                Mark Start          Mark End        Relocate Start      Relocate End           High               Low         
[2026-04-03T02:41:15.276+0600][60.134s][info][gc,heap     ] GC(67)  Capacity:     1750M (100%)       1750M (100%)       1750M (100%)       1750M (100%)       1750M (100%)       1750M (100%)   
[2026-04-03T02:41:15.276+0600][60.134s][info][gc,heap     ] GC(67)      Free:      614M (35%)         366M (21%)         874M (50%)        1308M (75%)        1312M (75%)         330M (19%)    
[2026-04-03T02:41:15.276+0600][60.134s][info][gc,heap     ] GC(67)      Used:     1136M (65%)        1384M (79%)         876M (50%)         442M (25%)        1420M (81%)         438M (25%)    
[2026-04-03T02:41:15.276+0600][60.134s][info][gc,heap     ] GC(67)      Live:         -               105M (6%)          105M (6%)          105M (6%)             -                  -          
[2026-04-03T02:41:15.276+0600][60.134s][info][gc,heap     ] GC(67) Allocated:         -               248M (14%)         288M (16%)         299M (17%)            -                  -          
[2026-04-03T02:41:15.276+0600][60.134s][info][gc,heap     ] GC(67)   Garbage:         -              1030M (59%)         482M (28%)          37M (2%)             -                  -          
[2026-04-03T02:41:15.276+0600][60.134s][info][gc,heap     ] GC(67) Reclaimed:         -                  -               548M (31%)         993M (57%)            -                  -          
[2026-04-03T02:41:15.276+0600][60.134s][info][gc          ] GC(67) Garbage Collection (Allocation Rate) 1136M(65%)->442M(25%)
[2026-04-03T02:41:15.751+0600][60.609s][info][gc,start    ] GC(68) Garbage Collection (Allocation Rate)
[2026-04-03T02:41:15.751+0600][60.609s][info][gc,task     ] GC(68) Using 2 workers
[2026-04-03T02:41:15.751+0600][60.609s][info][gc,phases   ] GC(68) Pause Mark Start 0.007ms
[2026-04-03T02:41:15.888+0600][60.746s][info][gc,phases   ] GC(68) Concurrent Mark 136.519ms
[2026-04-03T02:41:15.888+0600][60.746s][info][gc,phases   ] GC(68) Pause Mark End 0.028ms
[2026-04-03T02:41:15.889+0600][60.746s][info][gc,phases   ] GC(68) Concurrent Mark Free 0.002ms
[2026-04-03T02:41:15.909+0600][60.767s][info][gc,phases   ] GC(68) Concurrent Process Non-Strong References 20.538ms
[2026-04-03T02:41:15.909+0600][60.767s][info][gc,phases   ] GC(68) Concurrent Reset Relocation Set 0.012ms
[2026-04-03T02:41:15.912+0600][60.770s][info][gc,phases   ] GC(68) Concurrent Select Relocation Set 2.420ms
[2026-04-03T02:41:15.912+0600][60.770s][info][gc,phases   ] GC(68) Pause Relocate Start 0.017ms
[2026-04-03T02:41:15.917+0600][60.774s][info][gc,phases   ] GC(68) Concurrent Relocate 4.581ms
[2026-04-03T02:41:15.917+0600][60.774s][info][gc,load     ] GC(68) Load: 4.67/5.21/5.55
[2026-04-03T02:41:15.917+0600][60.775s][info][gc,mmu      ] GC(68) MMU: 2ms/92.4%, 5ms/97.0%, 10ms/98.5%, 20ms/99.2%, 50ms/99.7%, 100ms/99.8%
[2026-04-03T02:41:15.917+0600][60.775s][info][gc,marking  ] GC(68) Mark: 2 stripe(s), 2 proactive flush(es), 1 terminate flush(es), 0 completion(s), 0 continuation(s) 
[2026-04-03T02:41:15.917+0600][60.775s][info][gc,marking  ] GC(68) Mark Stack Usage: 32M
[2026-04-03T02:41:15.917+0600][60.775s][info][gc,nmethod  ] GC(68) NMethods: 15120 registered, 2391 unregistered
[2026-04-03T02:41:15.917+0600][60.775s][info][gc,metaspace] GC(68) Metaspace: 128M used, 129M committed, 1152M reserved
[2026-04-03T02:41:15.917+0600][60.775s][info][gc,ref      ] GC(68) Soft: 3395 encountered, 0 discovered, 0 enqueued
[2026-04-03T02:41:15.917+0600][60.775s][info][gc,ref      ] GC(68) Weak: 16776 encountered, 5644 discovered, 2263 enqueued
[2026-04-03T02:41:15.917+0600][60.775s][info][gc,ref      ] GC(68) Final: 84 encountered, 0 discovered, 0 enqueued
[2026-04-03T02:41:15.917+0600][60.775s][info][gc,ref      ] GC(68) Phantom: 620 encountered, 571 discovered, 0 enqueued
[2026-04-03T02:41:15.917+0600][60.775s][info][gc,reloc    ] GC(68) Small Pages: 446 / 892M, Empty: 412M, Relocated: 4M, In-Place: 0
[2026-04-03T02:41:15.917+0600][60.775s][info][gc,reloc    ] GC(68) Medium Pages: 4 / 128M, Empty: 96M, Relocated: 0M, In-Place: 0
[2026-04-03T02:41:15.917+0600][60.775s][info][gc,reloc    ] GC(68) Large Pages: 17 / 102M, Empty: 102M, Relocated: 0M, In-Place: 0
[2026-04-03T02:41:15.917+0600][60.775s][info][gc,reloc    ] GC(68) Forwarding Usage: 1M
[2026-04-03T02:41:15.917+0600][60.775s][info][gc,heap     ] GC(68) Min Capacity: 8M(0%)
[2026-04-03T02:41:15.917+0600][60.775s][info][gc,heap     ] GC(68) Max Capacity: 1750M(100%)
[2026-04-03T02:41:15.917+0600][60.775s][info][gc,heap     ] GC(68) Soft Max Capacity: 1750M(100%)
[2026-04-03T02:41:15.917+0600][60.775s][info][gc,heap     ] GC(68)                Mark Start          Mark End        Relocate Start      Relocate End           High               Low         
[2026-04-03T02:41:15.917+0600][60.775s][info][gc,heap     ] GC(68)  Capacity:     1750M (100%)       1750M (100%)       1750M (100%)       1750M (100%)       1750M (100%)       1750M (100%)   
[2026-04-03T02:41:15.917+0600][60.775s][info][gc,heap     ] GC(68)      Free:      628M (36%)          94M (5%)          696M (40%)        1046M (60%)        1054M (60%)          88M (5%)     
[2026-04-03T02:41:15.917+0600][60.775s][info][gc,heap     ] GC(68)      Used:     1122M (64%)        1656M (95%)        1054M (60%)         704M (40%)        1662M (95%)         696M (40%)    
[2026-04-03T02:41:15.917+0600][60.775s][info][gc,heap     ] GC(68)      Live:         -               105M (6%)          105M (6%)          105M (6%)             -                  -          
[2026-04-03T02:41:15.917+0600][60.775s][info][gc,heap     ] GC(68) Allocated:         -               534M (31%)         542M (31%)         557M (32%)            -                  -          
[2026-04-03T02:41:15.917+0600][60.775s][info][gc,heap     ] GC(68)   Garbage:         -              1016M (58%)         406M (23%)          40M (2%)             -                  -          
[2026-04-03T02:41:15.917+0600][60.775s][info][gc,heap     ] GC(68) Reclaimed:         -                  -               610M (35%)         975M (56%)            -                  -          
[2026-04-03T02:41:15.917+0600][60.775s][info][gc          ] GC(68) Garbage Collection (Allocation Rate) 1122M(64%)->704M(40%)
[2026-04-03T02:41:15.950+0600][60.808s][info][gc,start    ] GC(69) Garbage Collection (Allocation Rate)
[2026-04-03T02:41:15.951+0600][60.808s][info][gc,task     ] GC(69) Using 3 workers
[2026-04-03T02:41:15.951+0600][60.809s][info][gc,phases   ] GC(69) Pause Mark Start 0.023ms
[2026-04-03T02:41:16.058+0600][60.916s][info][gc,phases   ] GC(69) Concurrent Mark 106.862ms
[2026-04-03T02:41:16.058+0600][60.916s][info][gc,phases   ] GC(69) Pause Mark End 0.054ms
[2026-04-03T02:41:16.058+0600][60.916s][info][gc,phases   ] GC(69) Concurrent Mark Free 0.001ms
[2026-04-03T02:41:16.073+0600][60.931s][info][gc,phases   ] GC(69) Concurrent Process Non-Strong References 15.150ms
[2026-04-03T02:41:16.073+0600][60.931s][info][gc,phases   ] GC(69) Concurrent Reset Relocation Set 0.014ms
[2026-04-03T02:41:16.076+0600][60.934s][info][gc,phases   ] GC(69) Concurrent Select Relocation Set 3.018ms
[2026-04-03T02:41:16.077+0600][60.935s][info][gc,phases   ] GC(69) Pause Relocate Start 0.012ms
[2026-04-03T02:41:16.082+0600][60.940s][info][gc,phases   ] GC(69) Concurrent Relocate 5.208ms
[2026-04-03T02:41:16.082+0600][60.940s][info][gc,load     ] GC(69) Load: 4.67/5.21/5.55
[2026-04-03T02:41:16.082+0600][60.940s][info][gc,mmu      ] GC(69) MMU: 2ms/92.4%, 5ms/97.0%, 10ms/98.5%, 20ms/99.2%, 50ms/99.7%, 100ms/99.8%
[2026-04-03T02:41:16.082+0600][60.940s][info][gc,marking  ] GC(69) Mark: 2 stripe(s), 2 proactive flush(es), 1 terminate flush(es), 0 completion(s), 0 continuation(s) 
[2026-04-03T02:41:16.082+0600][60.940s][info][gc,marking  ] GC(69) Mark Stack Usage: 32M
[2026-04-03T02:41:16.082+0600][60.940s][info][gc,nmethod  ] GC(69) NMethods: 15121 registered, 2396 unregistered
[2026-04-03T02:41:16.082+0600][60.940s][info][gc,metaspace] GC(69) Metaspace: 128M used, 129M committed, 1152M reserved
[2026-04-03T02:41:16.082+0600][60.940s][info][gc,ref      ] GC(69) Soft: 3399 encountered, 0 discovered, 0 enqueued
[2026-04-03T02:41:16.082+0600][60.940s][info][gc,ref      ] GC(69) Weak: 14840 encountered, 4217 discovered, 244 enqueued
[2026-04-03T02:41:16.082+0600][60.940s][info][gc,ref      ] GC(69) Final: 84 encountered, 0 discovered, 0 enqueued
[2026-04-03T02:41:16.082+0600][60.940s][info][gc,ref      ] GC(69) Phantom: 634 encountered, 551 discovered, 0 enqueued
[2026-04-03T02:41:16.082+0600][60.940s][info][gc,reloc    ] GC(69) Small Pages: 144 / 288M, Empty: 30M, Relocated: 8M, In-Place: 0
[2026-04-03T02:41:16.082+0600][60.940s][info][gc,reloc    ] GC(69) Medium Pages: 2 / 64M, Empty: 32M, Relocated: 0M, In-Place: 0
[2026-04-03T02:41:16.082+0600][60.940s][info][gc,reloc    ] GC(69) Large Pages: 115 / 690M, Empty: 666M, Relocated: 0M, In-Place: 0
[2026-04-03T02:41:16.082+0600][60.940s][info][gc,reloc    ] GC(69) Forwarding Usage: 1M
[2026-04-03T02:41:16.082+0600][60.940s][info][gc,heap     ] GC(69) Min Capacity: 8M(0%)
[2026-04-03T02:41:16.082+0600][60.940s][info][gc,heap     ] GC(69) Max Capacity: 1750M(100%)
[2026-04-03T02:41:16.082+0600][60.940s][info][gc,heap     ] GC(69) Soft Max Capacity: 1750M(100%)
[2026-04-03T02:41:16.082+0600][60.940s][info][gc,heap     ] GC(69)                Mark Start          Mark End        Relocate Start      Relocate End           High               Low         
[2026-04-03T02:41:16.082+0600][60.940s][info][gc,heap     ] GC(69)  Capacity:     1750M (100%)       1750M (100%)       1750M (100%)       1750M (100%)       1750M (100%)       1750M (100%)   
[2026-04-03T02:41:16.082+0600][60.940s][info][gc,heap     ] GC(69)      Free:      708M (40%)         494M (28%)        1212M (69%)        1354M (77%)        1356M (77%)         488M (28%)    
[2026-04-03T02:41:16.082+0600][60.940s][info][gc,heap     ] GC(69)      Used:     1042M (60%)        1256M (72%)         538M (31%)         396M (23%)        1262M (72%)         394M (23%)    
[2026-04-03T02:41:16.082+0600][60.940s][info][gc,heap     ] GC(69)      Live:         -               129M (7%)          129M (7%)          129M (7%)             -                  -          
[2026-04-03T02:41:16.082+0600][60.940s][info][gc,heap     ] GC(69) Allocated:         -               214M (12%)         224M (13%)         225M (13%)            -                  -          
[2026-04-03T02:41:16.082+0600][60.940s][info][gc,heap     ] GC(69)   Garbage:         -               912M (52%)         184M (11%)          40M (2%)             -                  -          
[2026-04-03T02:41:16.082+0600][60.940s][info][gc,heap     ] GC(69) Reclaimed:         -                  -               728M (42%)         871M (50%)            -                  -          
[2026-04-03T02:41:16.082+0600][60.940s][info][gc          ] GC(69) Garbage Collection (Allocation Rate) 1042M(60%)->396M(23%)
[2026-04-03T02:41:16.451+0600][61.309s][info][gc,start    ] GC(70) Garbage Collection (Allocation Rate)
[2026-04-03T02:41:16.451+0600][61.309s][info][gc,task     ] GC(70) Using 2 workers
[2026-04-03T02:41:16.451+0600][61.309s][info][gc,phases   ] GC(70) Pause Mark Start 0.008ms
[2026-04-03T02:41:16.581+0600][61.439s][info][gc,phases   ] GC(70) Concurrent Mark 129.237ms
[2026-04-03T02:41:16.581+0600][61.439s][info][gc,phases   ] GC(70) Pause Mark End 0.037ms
[2026-04-03T02:41:16.581+0600][61.439s][info][gc,phases   ] GC(70) Concurrent Mark Free 0.004ms
[2026-04-03T02:41:16.614+0600][61.472s][info][gc,phases   ] GC(70) Concurrent Process Non-Strong References 32.384ms
[2026-04-03T02:41:16.614+0600][61.472s][info][gc,phases   ] GC(70) Concurrent Reset Relocation Set 0.012ms
[2026-04-03T02:41:16.619+0600][61.477s][info][gc,phases   ] GC(70) Concurrent Select Relocation Set 4.794ms
[2026-04-03T02:41:16.619+0600][61.477s][info][gc,phases   ] GC(70) Pause Relocate Start 0.018ms
[2026-04-03T02:41:16.627+0600][61.485s][info][gc,phases   ] GC(70) Concurrent Relocate 7.523ms
[2026-04-03T02:41:16.627+0600][61.485s][info][gc,load     ] GC(70) Load: 4.67/5.21/5.55
[2026-04-03T02:41:16.627+0600][61.485s][info][gc,mmu      ] GC(70) MMU: 2ms/92.4%, 5ms/97.0%, 10ms/98.5%, 20ms/99.2%, 50ms/99.7%, 100ms/99.8%
[2026-04-03T02:41:16.627+0600][61.485s][info][gc,marking  ] GC(70) Mark: 2 stripe(s), 2 proactive flush(es), 1 terminate flush(es), 0 completion(s), 0 continuation(s) 
[2026-04-03T02:41:16.627+0600][61.485s][info][gc,marking  ] GC(70) Mark Stack Usage: 32M
[2026-04-03T02:41:16.627+0600][61.485s][info][gc,nmethod  ] GC(70) NMethods: 15154 registered, 2404 unregistered
[2026-04-03T02:41:16.627+0600][61.485s][info][gc,metaspace] GC(70) Metaspace: 128M used, 129M committed, 1152M reserved
[2026-04-03T02:41:16.627+0600][61.485s][info][gc,ref      ] GC(70) Soft: 3395 encountered, 0 discovered, 0 enqueued
[2026-04-03T02:41:16.627+0600][61.485s][info][gc,ref      ] GC(70) Weak: 14904 encountered, 4802 discovered, 379 enqueued
[2026-04-03T02:41:16.627+0600][61.485s][info][gc,ref      ] GC(70) Final: 84 encountered, 0 discovered, 0 enqueued
[2026-04-03T02:41:16.627+0600][61.485s][info][gc,ref      ] GC(70) Phantom: 620 encountered, 537 discovered, 0 enqueued
[2026-04-03T02:41:16.627+0600][61.485s][info][gc,reloc    ] GC(70) Small Pages: 203 / 406M, Empty: 34M, Relocated: 6M, In-Place: 0
[2026-04-03T02:41:16.627+0600][61.485s][info][gc,reloc    ] GC(70) Medium Pages: 3 / 96M, Empty: 64M, Relocated: 0M, In-Place: 0
[2026-04-03T02:41:16.627+0600][61.485s][info][gc,reloc    ] GC(70) Large Pages: 27 / 162M, Empty: 162M, Relocated: 0M, In-Place: 0
[2026-04-03T02:41:16.627+0600][61.485s][info][gc,reloc    ] GC(70) Forwarding Usage: 2M
[2026-04-03T02:41:16.627+0600][61.485s][info][gc,heap     ] GC(70) Min Capacity: 8M(0%)
[2026-04-03T02:41:16.627+0600][61.485s][info][gc,heap     ] GC(70) Max Capacity: 1750M(100%)
[2026-04-03T02:41:16.627+0600][61.485s][info][gc,heap     ] GC(70) Soft Max Capacity: 1750M(100%)
[2026-04-03T02:41:16.627+0600][61.485s][info][gc,heap     ] GC(70)                Mark Start          Mark End        Relocate Start      Relocate End           High               Low         
[2026-04-03T02:41:16.627+0600][61.485s][info][gc,heap     ] GC(70)  Capacity:     1750M (100%)       1750M (100%)       1750M (100%)       1750M (100%)       1750M (100%)       1750M (100%)   
[2026-04-03T02:41:16.627+0600][61.485s][info][gc,heap     ] GC(70)      Free:     1086M (62%)         924M (53%)        1130M (65%)        1386M (79%)        1386M (79%)         880M (50%)    
[2026-04-03T02:41:16.627+0600][61.485s][info][gc,heap     ] GC(70)      Used:      664M (38%)         826M (47%)         620M (35%)         364M (21%)         870M (50%)         364M (21%)    
[2026-04-03T02:41:16.627+0600][61.485s][info][gc,heap     ] GC(70)      Live:         -               104M (6%)          104M (6%)          104M (6%)             -                  -          
[2026-04-03T02:41:16.627+0600][61.485s][info][gc,heap     ] GC(70) Allocated:         -               162M (9%)          216M (12%)         221M (13%)            -                  -          
[2026-04-03T02:41:16.627+0600][61.485s][info][gc,heap     ] GC(70)   Garbage:         -               559M (32%)         299M (17%)          38M (2%)             -                  -          
[2026-04-03T02:41:16.627+0600][61.485s][info][gc,heap     ] GC(70) Reclaimed:         -                  -               260M (15%)         521M (30%)            -                  -          
[2026-04-03T02:41:16.627+0600][61.485s][info][gc          ] GC(70) Garbage Collection (Allocation Rate) 664M(38%)->364M(21%)
[2026-04-03T02:41:16.951+0600][61.809s][info][gc,start    ] GC(71) Garbage Collection (Allocation Rate)
[2026-04-03T02:41:16.951+0600][61.809s][info][gc,task     ] GC(71) Using 2 workers
[2026-04-03T02:41:16.951+0600][61.809s][info][gc,phases   ] GC(71) Pause Mark Start 0.013ms
[2026-04-03T02:41:17.129+0600][61.987s][info][gc,phases   ] GC(71) Concurrent Mark 177.529ms
[2026-04-03T02:41:17.129+0600][61.987s][info][gc,phases   ] GC(71) Pause Mark End 0.047ms
[2026-04-03T02:41:17.129+0600][61.987s][info][gc,phases   ] GC(71) Concurrent Mark Free 0.003ms
[2026-04-03T02:41:17.164+0600][62.021s][info][gc,phases   ] GC(71) Concurrent Process Non-Strong References 34.230ms
[2026-04-03T02:41:17.164+0600][62.022s][info][gc,phases   ] GC(71) Concurrent Reset Relocation Set 0.011ms
[2026-04-03T02:41:17.167+0600][62.025s][info][gc,phases   ] GC(71) Concurrent Select Relocation Set 3.054ms
[2026-04-03T02:41:17.167+0600][62.025s][info][gc,phases   ] GC(71) Pause Relocate Start 0.014ms
[2026-04-03T02:41:17.170+0600][62.028s][info][gc,phases   ] GC(71) Concurrent Relocate 3.235ms
[2026-04-03T02:41:17.170+0600][62.028s][info][gc,load     ] GC(71) Load: 4.67/5.21/5.55
[2026-04-03T02:41:17.170+0600][62.028s][info][gc,mmu      ] GC(71) MMU: 2ms/92.4%, 5ms/97.0%, 10ms/98.5%, 20ms/99.2%, 50ms/99.7%, 100ms/99.8%
[2026-04-03T02:41:17.170+0600][62.028s][info][gc,marking  ] GC(71) Mark: 2 stripe(s), 2 proactive flush(es), 1 terminate flush(es), 0 completion(s), 0 continuation(s) 
[2026-04-03T02:41:17.170+0600][62.028s][info][gc,marking  ] GC(71) Mark Stack Usage: 32M
[2026-04-03T02:41:17.170+0600][62.028s][info][gc,nmethod  ] GC(71) NMethods: 15155 registered, 2411 unregistered
[2026-04-03T02:41:17.170+0600][62.028s][info][gc,metaspace] GC(71) Metaspace: 128M used, 129M committed, 1152M reserved
[2026-04-03T02:41:17.171+0600][62.028s][info][gc,ref      ] GC(71) Soft: 3395 encountered, 0 discovered, 0 enqueued
[2026-04-03T02:41:17.171+0600][62.028s][info][gc,ref      ] GC(71) Weak: 15570 encountered, 6239 discovered, 41 enqueued
[2026-04-03T02:41:17.171+0600][62.028s][info][gc,ref      ] GC(71) Final: 84 encountered, 0 discovered, 0 enqueued
[2026-04-03T02:41:17.171+0600][62.028s][info][gc,ref      ] GC(71) Phantom: 620 encountered, 482 discovered, 0 enqueued
[2026-04-03T02:41:17.171+0600][62.029s][info][gc,reloc    ] GC(71) Small Pages: 289 / 578M, Empty: 208M, Relocated: 3M, In-Place: 0
[2026-04-03T02:41:17.171+0600][62.029s][info][gc,reloc    ] GC(71) Medium Pages: 5 / 160M, Empty: 128M, Relocated: 0M, In-Place: 0
[2026-04-03T02:41:17.171+0600][62.029s][info][gc,reloc    ] GC(71) Large Pages: 13 / 78M, Empty: 78M, Relocated: 0M, In-Place: 0
[2026-04-03T02:41:17.171+0600][62.029s][info][gc,reloc    ] GC(71) Forwarding Usage: 0M
[2026-04-03T02:41:17.171+0600][62.029s][info][gc,heap     ] GC(71) Min Capacity: 8M(0%)
[2026-04-03T02:41:17.171+0600][62.029s][info][gc,heap     ] GC(71) Max Capacity: 1750M(100%)
[2026-04-03T02:41:17.171+0600][62.029s][info][gc,heap     ] GC(71) Soft Max Capacity: 1750M(100%)
[2026-04-03T02:41:17.171+0600][62.029s][info][gc,heap     ] GC(71)                Mark Start          Mark End        Relocate Start      Relocate End           High               Low         
[2026-04-03T02:41:17.171+0600][62.029s][info][gc,heap     ] GC(71)  Capacity:     1750M (100%)       1750M (100%)       1750M (100%)       1750M (100%)       1750M (100%)       1750M (100%)   
[2026-04-03T02:41:17.171+0600][62.029s][info][gc,heap     ] GC(71)      Free:      934M (53%)         676M (39%)        1038M (59%)        1292M (74%)        1292M (74%)         632M (36%)    
[2026-04-03T02:41:17.171+0600][62.029s][info][gc,heap     ] GC(71)      Used:      816M (47%)        1074M (61%)         712M (41%)         458M (26%)        1118M (64%)         458M (26%)    
[2026-04-03T02:41:17.171+0600][62.029s][info][gc,heap     ] GC(71)      Live:         -               105M (6%)          105M (6%)          105M (6%)             -                  -          
[2026-04-03T02:41:17.171+0600][62.029s][info][gc,heap     ] GC(71) Allocated:         -               258M (15%)         310M (18%)         311M (18%)            -                  -          
[2026-04-03T02:41:17.171+0600][62.029s][info][gc,heap     ] GC(71)   Garbage:         -               710M (41%)         296M (17%)          40M (2%)             -                  -          
[2026-04-03T02:41:17.171+0600][62.029s][info][gc,heap     ] GC(71) Reclaimed:         -                  -               414M (24%)         669M (38%)            -                  -          
[2026-04-03T02:41:17.171+0600][62.029s][info][gc          ] GC(71) Garbage Collection (Allocation Rate) 816M(47%)->458M(26%)
[2026-04-03T02:41:17.351+0600][62.209s][info][gc,start    ] GC(72) Garbage Collection (Allocation Rate)
[2026-04-03T02:41:17.351+0600][62.209s][info][gc,task     ] GC(72) Using 2 workers
[2026-04-03T02:41:17.352+0600][62.209s][info][gc,phases   ] GC(72) Pause Mark Start 0.013ms
[2026-04-03T02:41:17.462+0600][62.320s][info][gc,phases   ] GC(72) Concurrent Mark 110.296ms
[2026-04-03T02:41:17.462+0600][62.320s][info][gc,phases   ] GC(72) Pause Mark End 0.039ms
[2026-04-03T02:41:17.463+0600][62.320s][info][gc,phases   ] GC(72) Concurrent Mark Free 0.003ms
[2026-04-03T02:41:17.499+0600][62.357s][info][gc,phases   ] GC(72) Concurrent Process Non-Strong References 36.056ms
[2026-04-03T02:41:17.499+0600][62.357s][info][gc,phases   ] GC(72) Concurrent Reset Relocation Set 0.019ms
[2026-04-03T02:41:17.503+0600][62.361s][info][gc,phases   ] GC(72) Concurrent Select Relocation Set 4.302ms
[2026-04-03T02:41:17.503+0600][62.361s][info][gc,phases   ] GC(72) Pause Relocate Start 0.016ms
[2026-04-03T02:41:17.513+0600][62.371s][info][gc,phases   ] GC(72) Concurrent Relocate 9.342ms
[2026-04-03T02:41:17.513+0600][62.371s][info][gc,load     ] GC(72) Load: 4.67/5.21/5.55
[2026-04-03T02:41:17.513+0600][62.371s][info][gc,mmu      ] GC(72) MMU: 2ms/92.4%, 5ms/97.0%, 10ms/98.5%, 20ms/99.2%, 50ms/99.7%, 100ms/99.8%
[2026-04-03T02:41:17.513+0600][62.371s][info][gc,marking  ] GC(72) Mark: 2 stripe(s), 2 proactive flush(es), 1 terminate flush(es), 0 completion(s), 0 continuation(s) 
[2026-04-03T02:41:17.513+0600][62.371s][info][gc,marking  ] GC(72) Mark Stack Usage: 32M
[2026-04-03T02:41:17.513+0600][62.371s][info][gc,nmethod  ] GC(72) NMethods: 15158 registered, 2421 unregistered
[2026-04-03T02:41:17.513+0600][62.371s][info][gc,metaspace] GC(72) Metaspace: 128M used, 129M committed, 1152M reserved
[2026-04-03T02:41:17.513+0600][62.371s][info][gc,ref      ] GC(72) Soft: 3395 encountered, 0 discovered, 0 enqueued
[2026-04-03T02:41:17.513+0600][62.371s][info][gc,ref      ] GC(72) Weak: 16182 encountered, 6641 discovered, 1564 enqueued
[2026-04-03T02:41:17.513+0600][62.371s][info][gc,ref      ] GC(72) Final: 84 encountered, 0 discovered, 0 enqueued
[2026-04-03T02:41:17.513+0600][62.371s][info][gc,ref      ] GC(72) Phantom: 620 encountered, 503 discovered, 0 enqueued
[2026-04-03T02:41:17.513+0600][62.371s][info][gc,reloc    ] GC(72) Small Pages: 252 / 504M, Empty: 120M, Relocated: 6M, In-Place: 0
[2026-04-03T02:41:17.513+0600][62.371s][info][gc,reloc    ] GC(72) Medium Pages: 4 / 128M, Empty: 96M, Relocated: 0M, In-Place: 0
[2026-04-03T02:41:17.513+0600][62.371s][info][gc,reloc    ] GC(72) Large Pages: 10 / 60M, Empty: 60M, Relocated: 0M, In-Place: 0
[2026-04-03T02:41:17.513+0600][62.371s][info][gc,reloc    ] GC(72) Forwarding Usage: 2M
[2026-04-03T02:41:17.513+0600][62.371s][info][gc,heap     ] GC(72) Min Capacity: 8M(0%)
[2026-04-03T02:41:17.513+0600][62.371s][info][gc,heap     ] GC(72) Max Capacity: 1750M(100%)
[2026-04-03T02:41:17.513+0600][62.371s][info][gc,heap     ] GC(72) Soft Max Capacity: 1750M(100%)
[2026-04-03T02:41:17.513+0600][62.371s][info][gc,heap     ] GC(72)                Mark Start          Mark End        Relocate Start      Relocate End           High               Low         
[2026-04-03T02:41:17.513+0600][62.371s][info][gc,heap     ] GC(72)  Capacity:     1750M (100%)       1750M (100%)       1750M (100%)       1750M (100%)       1750M (100%)       1750M (100%)   
[2026-04-03T02:41:17.513+0600][62.371s][info][gc,heap     ] GC(72)      Free:     1058M (60%)         932M (53%)        1146M (65%)        1408M (80%)        1408M (80%)         882M (50%)    
[2026-04-03T02:41:17.513+0600][62.371s][info][gc,heap     ] GC(72)      Used:      692M (40%)         818M (47%)         604M (35%)         342M (20%)         868M (50%)         342M (20%)    
[2026-04-03T02:41:17.513+0600][62.371s][info][gc,heap     ] GC(72)      Live:         -               106M (6%)          106M (6%)          106M (6%)             -                  -          
[2026-04-03T02:41:17.513+0600][62.371s][info][gc,heap     ] GC(72) Allocated:         -               126M (7%)          188M (11%)         197M (11%)            -                  -          
[2026-04-03T02:41:17.513+0600][62.371s][info][gc,heap     ] GC(72)   Garbage:         -               585M (33%)         309M (18%)          37M (2%)             -                  -          
[2026-04-03T02:41:17.513+0600][62.371s][info][gc,heap     ] GC(72) Reclaimed:         -                  -               276M (16%)         547M (31%)            -                  -          
[2026-04-03T02:41:17.513+0600][62.371s][info][gc          ] GC(72) Garbage Collection (Allocation Rate) 692M(40%)->342M(20%)
[2026-04-03T02:41:17.851+0600][62.709s][info][gc,start    ] GC(73) Garbage Collection (Allocation Rate)
[2026-04-03T02:41:17.851+0600][62.709s][info][gc,task     ] GC(73) Using 3 workers
[2026-04-03T02:41:17.852+0600][62.709s][info][gc,phases   ] GC(73) Pause Mark Start 0.015ms
[2026-04-03T02:41:17.951+0600][62.808s][info][gc,phases   ] GC(73) Concurrent Mark 98.823ms
[2026-04-03T02:41:17.951+0600][62.809s][info][gc,phases   ] GC(73) Pause Mark End 0.038ms
[2026-04-03T02:41:17.951+0600][62.809s][info][gc,phases   ] GC(73) Concurrent Mark Free 0.004ms
[2026-04-03T02:41:17.972+0600][62.830s][info][gc,phases   ] GC(73) Concurrent Process Non-Strong References 20.643ms
[2026-04-03T02:41:17.972+0600][62.830s][info][gc,phases   ] GC(73) Concurrent Reset Relocation Set 0.016ms
[2026-04-03T02:41:17.975+0600][62.833s][info][gc,phases   ] GC(73) Concurrent Select Relocation Set 3.087ms
[2026-04-03T02:41:17.975+0600][62.833s][info][gc,phases   ] GC(73) Pause Relocate Start 0.014ms
[2026-04-03T02:41:17.978+0600][62.836s][info][gc,phases   ] GC(73) Concurrent Relocate 2.919ms
[2026-04-03T02:41:17.978+0600][62.836s][info][gc,load     ] GC(73) Load: 4.67/5.21/5.55
[2026-04-03T02:41:17.978+0600][62.836s][info][gc,mmu      ] GC(73) MMU: 2ms/92.4%, 5ms/97.0%, 10ms/98.5%, 20ms/99.2%, 50ms/99.7%, 100ms/99.8%
[2026-04-03T02:41:17.978+0600][62.836s][info][gc,marking  ] GC(73) Mark: 2 stripe(s), 3 proactive flush(es), 1 terminate flush(es), 0 completion(s), 0 continuation(s) 
[2026-04-03T02:41:17.978+0600][62.836s][info][gc,marking  ] GC(73) Mark Stack Usage: 32M
[2026-04-03T02:41:17.978+0600][62.836s][info][gc,nmethod  ] GC(73) NMethods: 15161 registered, 2431 unregistered
[2026-04-03T02:41:17.978+0600][62.836s][info][gc,metaspace] GC(73) Metaspace: 128M used, 129M committed, 1152M reserved
[2026-04-03T02:41:17.978+0600][62.836s][info][gc,ref      ] GC(73) Soft: 3395 encountered, 0 discovered, 0 enqueued
[2026-04-03T02:41:17.978+0600][62.836s][info][gc,ref      ] GC(73) Weak: 15448 encountered, 4970 discovered, 929 enqueued
[2026-04-03T02:41:17.978+0600][62.836s][info][gc,ref      ] GC(73) Final: 84 encountered, 0 discovered, 0 enqueued
[2026-04-03T02:41:17.979+0600][62.836s][info][gc,ref      ] GC(73) Phantom: 620 encountered, 395 discovered, 0 enqueued
[2026-04-03T02:41:17.979+0600][62.836s][info][gc,reloc    ] GC(73) Small Pages: 324 / 648M, Empty: 340M, Relocated: 3M, In-Place: 0
[2026-04-03T02:41:17.979+0600][62.836s][info][gc,reloc    ] GC(73) Medium Pages: 3 / 96M, Empty: 64M, Relocated: 0M, In-Place: 0
[2026-04-03T02:41:17.979+0600][62.836s][info][gc,reloc    ] GC(73) Large Pages: 75 / 450M, Empty: 450M, Relocated: 0M, In-Place: 0
[2026-04-03T02:41:17.979+0600][62.836s][info][gc,reloc    ] GC(73) Forwarding Usage: 0M
[2026-04-03T02:41:17.979+0600][62.836s][info][gc,heap     ] GC(73) Min Capacity: 8M(0%)
[2026-04-03T02:41:17.979+0600][62.836s][info][gc,heap     ] GC(73) Max Capacity: 1750M(100%)
[2026-04-03T02:41:17.979+0600][62.836s][info][gc,heap     ] GC(73) Soft Max Capacity: 1750M(100%)
[2026-04-03T02:41:17.979+0600][62.836s][info][gc,heap     ] GC(73)                Mark Start          Mark End        Relocate Start      Relocate End           High               Low         
[2026-04-03T02:41:17.979+0600][62.837s][info][gc,heap     ] GC(73)  Capacity:     1750M (100%)       1750M (100%)       1750M (100%)       1750M (100%)       1750M (100%)       1750M (100%)   
[2026-04-03T02:41:17.979+0600][62.837s][info][gc,heap     ] GC(73)      Free:      556M (32%)         106M (6%)          936M (53%)        1116M (64%)        1120M (64%)          84M (5%)     
[2026-04-03T02:41:17.979+0600][62.837s][info][gc,heap     ] GC(73)      Used:     1194M (68%)        1644M (94%)         814M (47%)         634M (36%)        1666M (95%)         630M (36%)    
[2026-04-03T02:41:17.979+0600][62.837s][info][gc,heap     ] GC(73)      Live:         -               106M (6%)          106M (6%)          106M (6%)             -                  -          
[2026-04-03T02:41:17.979+0600][62.837s][info][gc,heap     ] GC(73) Allocated:         -               450M (26%)         474M (27%)         485M (28%)            -                  -          
[2026-04-03T02:41:17.979+0600][62.837s][info][gc,heap     ] GC(73)   Garbage:         -              1087M (62%)         233M (13%)          41M (2%)             -                  -          
[2026-04-03T02:41:17.979+0600][62.837s][info][gc,heap     ] GC(73) Reclaimed:         -                  -               854M (49%)        1045M (60%)            -                  -          
[2026-04-03T02:41:17.979+0600][62.837s][info][gc          ] GC(73) Garbage Collection (Allocation Rate) 1194M(68%)->634M(36%)
[2026-04-03T02:41:18.151+0600][63.009s][info][gc,start    ] GC(74) Garbage Collection (Allocation Rate)
[2026-04-03T02:41:18.151+0600][63.009s][info][gc,task     ] GC(74) Using 3 workers
[2026-04-03T02:41:18.151+0600][63.009s][info][gc,phases   ] GC(74) Pause Mark Start 0.010ms
[2026-04-03T02:41:18.222+0600][63.079s][info][gc,phases   ] GC(74) Concurrent Mark 69.912ms
[2026-04-03T02:41:18.222+0600][63.080s][info][gc,phases   ] GC(74) Pause Mark End 0.057ms
[2026-04-03T02:41:18.222+0600][63.080s][info][gc,phases   ] GC(74) Concurrent Mark Free 0.002ms
[2026-04-03T02:41:18.237+0600][63.095s][info][gc,phases   ] GC(74) Concurrent Process Non-Strong References 15.031ms
[2026-04-03T02:41:18.237+0600][63.095s][info][gc,phases   ] GC(74) Concurrent Reset Relocation Set 0.007ms
[2026-04-03T02:41:18.240+0600][63.098s][info][gc,phases   ] GC(74) Concurrent Select Relocation Set 2.590ms
[2026-04-03T02:41:18.240+0600][63.098s][info][gc,phases   ] GC(74) Pause Relocate Start 0.016ms
[2026-04-03T02:41:18.244+0600][63.101s][info][gc,phases   ] GC(74) Concurrent Relocate 3.152ms
[2026-04-03T02:41:18.244+0600][63.102s][info][gc,load     ] GC(74) Load: 4.67/5.21/5.55
[2026-04-03T02:41:18.244+0600][63.102s][info][gc,mmu      ] GC(74) MMU: 2ms/92.4%, 5ms/97.0%, 10ms/98.5%, 20ms/99.2%, 50ms/99.7%, 100ms/99.8%
[2026-04-03T02:41:18.244+0600][63.102s][info][gc,marking  ] GC(74) Mark: 2 stripe(s), 2 proactive flush(es), 1 terminate flush(es), 0 completion(s), 0 continuation(s) 
[2026-04-03T02:41:18.244+0600][63.102s][info][gc,marking  ] GC(74) Mark Stack Usage: 32M
[2026-04-03T02:41:18.244+0600][63.102s][info][gc,nmethod  ] GC(74) NMethods: 15183 registered, 2436 unregistered
[2026-04-03T02:41:18.244+0600][63.102s][info][gc,metaspace] GC(74) Metaspace: 128M used, 129M committed, 1152M reserved
[2026-04-03T02:41:18.244+0600][63.102s][info][gc,ref      ] GC(74) Soft: 3395 encountered, 0 discovered, 0 enqueued
[2026-04-03T02:41:18.244+0600][63.102s][info][gc,ref      ] GC(74) Weak: 14921 encountered, 4123 discovered, 411 enqueued
[2026-04-03T02:41:18.244+0600][63.102s][info][gc,ref      ] GC(74) Final: 84 encountered, 0 discovered, 0 enqueued
[2026-04-03T02:41:18.244+0600][63.102s][info][gc,ref      ] GC(74) Phantom: 620 encountered, 350 discovered, 0 enqueued
[2026-04-03T02:41:18.244+0600][63.102s][info][gc,reloc    ] GC(74) Small Pages: 166 / 332M, Empty: 24M, Relocated: 5M, In-Place: 0
[2026-04-03T02:41:18.244+0600][63.102s][info][gc,reloc    ] GC(74) Medium Pages: 3 / 96M, Empty: 64M, Relocated: 0M, In-Place: 0
[2026-04-03T02:41:18.244+0600][63.102s][info][gc,reloc    ] GC(74) Large Pages: 71 / 426M, Empty: 426M, Relocated: 0M, In-Place: 0
[2026-04-03T02:41:18.244+0600][63.102s][info][gc,reloc    ] GC(74) Forwarding Usage: 1M
[2026-04-03T02:41:18.244+0600][63.102s][info][gc,heap     ] GC(74) Min Capacity: 8M(0%)
[2026-04-03T02:41:18.244+0600][63.102s][info][gc,heap     ] GC(74) Max Capacity: 1750M(100%)
[2026-04-03T02:41:18.244+0600][63.102s][info][gc,heap     ] GC(74) Soft Max Capacity: 1750M(100%)
[2026-04-03T02:41:18.244+0600][63.102s][info][gc,heap     ] GC(74)                Mark Start          Mark End        Relocate Start      Relocate End           High               Low         
[2026-04-03T02:41:18.244+0600][63.102s][info][gc,heap     ] GC(74)  Capacity:     1750M (100%)       1750M (100%)       1750M (100%)       1750M (100%)       1750M (100%)       1750M (100%)   
[2026-04-03T02:41:18.244+0600][63.102s][info][gc,heap     ] GC(74)      Free:      896M (51%)         862M (49%)        1354M (77%)        1544M (88%)        1544M (88%)         854M (49%)    
[2026-04-03T02:41:18.244+0600][63.102s][info][gc,heap     ] GC(74)      Used:      854M (49%)         888M (51%)         396M (23%)         206M (12%)         896M (51%)         206M (12%)    
[2026-04-03T02:41:18.244+0600][63.102s][info][gc,heap     ] GC(74)      Live:         -               103M (6%)          103M (6%)          103M (6%)             -                  -          
[2026-04-03T02:41:18.244+0600][63.102s][info][gc,heap     ] GC(74) Allocated:         -                34M (2%)           56M (3%)           61M (4%)             -                  -          
[2026-04-03T02:41:18.244+0600][63.102s][info][gc,heap     ] GC(74)   Garbage:         -               750M (43%)         236M (13%)          40M (2%)             -                  -          
[2026-04-03T02:41:18.244+0600][63.102s][info][gc,heap     ] GC(74) Reclaimed:         -                  -               514M (29%)         709M (41%)            -                  -          
[2026-04-03T02:41:18.244+0600][63.102s][info][gc          ] GC(74) Garbage Collection (Allocation Rate) 854M(49%)->206M(12%)
[2026-04-03T02:41:18.851+0600][63.709s][info][gc,start    ] GC(75) Garbage Collection (Allocation Rate)
[2026-04-03T02:41:18.851+0600][63.709s][info][gc,task     ] GC(75) Using 2 workers
[2026-04-03T02:41:18.851+0600][63.709s][info][gc,phases   ] GC(75) Pause Mark Start 0.019ms
[2026-04-03T02:41:19.023+0600][63.881s][info][gc,phases   ] GC(75) Concurrent Mark 171.142ms
[2026-04-03T02:41:19.023+0600][63.881s][info][gc,phases   ] GC(75) Pause Mark End 0.065ms
[2026-04-03T02:41:19.023+0600][63.881s][info][gc,phases   ] GC(75) Concurrent Mark Free 0.003ms
[2026-04-03T02:41:19.053+0600][63.911s][info][gc,phases   ] GC(75) Concurrent Process Non-Strong References 29.587ms
[2026-04-03T02:41:19.053+0600][63.911s][info][gc,phases   ] GC(75) Concurrent Reset Relocation Set 0.014ms
[2026-04-03T02:41:19.058+0600][63.916s][info][gc,phases   ] GC(75) Concurrent Select Relocation Set 5.089ms
[2026-04-03T02:41:19.059+0600][63.917s][info][gc,phases   ] GC(75) Pause Relocate Start 0.044ms
[2026-04-03T02:41:19.066+0600][63.924s][info][gc,phases   ] GC(75) Concurrent Relocate 6.716ms
[2026-04-03T02:41:19.066+0600][63.924s][info][gc,load     ] GC(75) Load: 4.67/5.21/5.55
[2026-04-03T02:41:19.066+0600][63.924s][info][gc,mmu      ] GC(75) MMU: 2ms/92.4%, 5ms/97.0%, 10ms/98.5%, 20ms/99.2%, 50ms/99.7%, 100ms/99.8%
[2026-04-03T02:41:19.066+0600][63.924s][info][gc,marking  ] GC(75) Mark: 2 stripe(s), 2 proactive flush(es), 1 terminate flush(es), 0 completion(s), 0 continuation(s) 
[2026-04-03T02:41:19.066+0600][63.924s][info][gc,marking  ] GC(75) Mark Stack Usage: 32M
[2026-04-03T02:41:19.066+0600][63.924s][info][gc,nmethod  ] GC(75) NMethods: 15194 registered, 2453 unregistered
[2026-04-03T02:41:19.066+0600][63.924s][info][gc,metaspace] GC(75) Metaspace: 128M used, 129M committed, 1152M reserved
[2026-04-03T02:41:19.066+0600][63.924s][info][gc,ref      ] GC(75) Soft: 3398 encountered, 0 discovered, 0 enqueued
[2026-04-03T02:41:19.066+0600][63.924s][info][gc,ref      ] GC(75) Weak: 15493 encountered, 4917 discovered, 37 enqueued
[2026-04-03T02:41:19.066+0600][63.924s][info][gc,ref      ] GC(75) Final: 84 encountered, 0 discovered, 0 enqueued
[2026-04-03T02:41:19.066+0600][63.924s][info][gc,ref      ] GC(75) Phantom: 620 encountered, 591 discovered, 0 enqueued
[2026-04-03T02:41:19.066+0600][63.924s][info][gc,reloc    ] GC(75) Small Pages: 364 / 728M, Empty: 180M, Relocated: 3M, In-Place: 0
[2026-04-03T02:41:19.066+0600][63.924s][info][gc,reloc    ] GC(75) Medium Pages: 5 / 160M, Empty: 96M, Relocated: 10M, In-Place: 0
[2026-04-03T02:41:19.066+0600][63.924s][info][gc,reloc    ] GC(75) Large Pages: 13 / 78M, Empty: 78M, Relocated: 0M, In-Place: 0
[2026-04-03T02:41:19.066+0600][63.924s][info][gc,reloc    ] GC(75) Forwarding Usage: 0M
[2026-04-03T02:41:19.066+0600][63.924s][info][gc,heap     ] GC(75) Min Capacity: 8M(0%)
[2026-04-03T02:41:19.066+0600][63.924s][info][gc,heap     ] GC(75) Max Capacity: 1750M(100%)
[2026-04-03T02:41:19.066+0600][63.924s][info][gc,heap     ] GC(75) Soft Max Capacity: 1750M(100%)
[2026-04-03T02:41:19.066+0600][63.924s][info][gc,heap     ] GC(75)                Mark Start          Mark End        Relocate Start      Relocate End           High               Low         
[2026-04-03T02:41:19.066+0600][63.924s][info][gc,heap     ] GC(75)  Capacity:     1750M (100%)       1750M (100%)       1750M (100%)       1750M (100%)       1750M (100%)       1750M (100%)   
[2026-04-03T02:41:19.066+0600][63.924s][info][gc,heap     ] GC(75)      Free:      784M (45%)         578M (33%)         870M (50%)        1318M (75%)        1328M (76%)         524M (30%)    
[2026-04-03T02:41:19.066+0600][63.924s][info][gc,heap     ] GC(75)      Used:      966M (55%)        1172M (67%)         880M (50%)         432M (25%)        1226M (70%)         422M (24%)    
[2026-04-03T02:41:19.066+0600][63.924s][info][gc,heap     ] GC(75)      Live:         -               107M (6%)          107M (6%)          107M (6%)             -                  -          
[2026-04-03T02:41:19.066+0600][63.924s][info][gc,heap     ] GC(75) Allocated:         -               206M (12%)         268M (15%)         285M (16%)            -                  -          
[2026-04-03T02:41:19.066+0600][63.924s][info][gc,heap     ] GC(75)   Garbage:         -               858M (49%)         504M (29%)          38M (2%)             -                  -          
[2026-04-03T02:41:19.066+0600][63.924s][info][gc,heap     ] GC(75) Reclaimed:         -                  -               354M (20%)         819M (47%)            -                  -          
[2026-04-03T02:41:19.066+0600][63.924s][info][gc          ] GC(75) Garbage Collection (Allocation Rate) 966M(55%)->432M(25%)
[2026-04-03T02:41:19.151+0600][64.009s][info][gc,start    ] GC(76) Garbage Collection (Allocation Rate)
[2026-04-03T02:41:19.151+0600][64.009s][info][gc,task     ] GC(76) Using 2 workers
[2026-04-03T02:41:19.152+0600][64.009s][info][gc,phases   ] GC(76) Pause Mark Start 0.015ms
[2026-04-03T02:41:19.292+0600][64.150s][info][gc,phases   ] GC(76) Concurrent Mark 140.739ms
[2026-04-03T02:41:19.293+0600][64.151s][info][gc,phases   ] GC(76) Pause Mark End 0.045ms
[2026-04-03T02:41:19.293+0600][64.151s][info][gc,phases   ] GC(76) Concurrent Mark Free 0.003ms
[2026-04-03T02:41:19.317+0600][64.175s][info][gc,phases   ] GC(76) Concurrent Process Non-Strong References 23.891ms
[2026-04-03T02:41:19.317+0600][64.175s][info][gc,phases   ] GC(76) Concurrent Reset Relocation Set 0.014ms
[2026-04-03T02:41:19.320+0600][64.178s][info][gc,phases   ] GC(76) Concurrent Select Relocation Set 2.953ms
[2026-04-03T02:41:19.320+0600][64.178s][info][gc,phases   ] GC(76) Pause Relocate Start 0.027ms
[2026-04-03T02:41:19.327+0600][64.185s][info][gc,phases   ] GC(76) Concurrent Relocate 6.623ms
[2026-04-03T02:41:19.327+0600][64.185s][info][gc,load     ] GC(76) Load: 4.67/5.21/5.55
[2026-04-03T02:41:19.327+0600][64.185s][info][gc,mmu      ] GC(76) MMU: 2ms/92.4%, 5ms/97.0%, 10ms/98.5%, 20ms/99.2%, 50ms/99.7%, 100ms/99.8%
[2026-04-03T02:41:19.327+0600][64.185s][info][gc,marking  ] GC(76) Mark: 2 stripe(s), 2 proactive flush(es), 1 terminate flush(es), 0 completion(s), 0 continuation(s) 
[2026-04-03T02:41:19.327+0600][64.185s][info][gc,marking  ] GC(76) Mark Stack Usage: 32M
[2026-04-03T02:41:19.327+0600][64.185s][info][gc,nmethod  ] GC(76) NMethods: 15194 registered, 2459 unregistered
[2026-04-03T02:41:19.327+0600][64.185s][info][gc,metaspace] GC(76) Metaspace: 128M used, 129M committed, 1152M reserved
[2026-04-03T02:41:19.327+0600][64.185s][info][gc,ref      ] GC(76) Soft: 3399 encountered, 0 discovered, 0 enqueued
[2026-04-03T02:41:19.327+0600][64.185s][info][gc,ref      ] GC(76) Weak: 15952 encountered, 3715 discovered, 21 enqueued
[2026-04-03T02:41:19.327+0600][64.185s][info][gc,ref      ] GC(76) Final: 84 encountered, 0 discovered, 0 enqueued
[2026-04-03T02:41:19.327+0600][64.185s][info][gc,ref      ] GC(76) Phantom: 620 encountered, 547 discovered, 0 enqueued
[2026-04-03T02:41:19.327+0600][64.185s][info][gc,reloc    ] GC(76) Small Pages: 201 / 402M, Empty: 76M, Relocated: 6M, In-Place: 0
[2026-04-03T02:41:19.327+0600][64.185s][info][gc,reloc    ] GC(76) Medium Pages: 3 / 96M, Empty: 64M, Relocated: 0M, In-Place: 0
[2026-04-03T02:41:19.327+0600][64.185s][info][gc,reloc    ] GC(76) Large Pages: 7 / 42M, Empty: 42M, Relocated: 0M, In-Place: 0
[2026-04-03T02:41:19.327+0600][64.185s][info][gc,reloc    ] GC(76) Forwarding Usage: 2M
[2026-04-03T02:41:19.327+0600][64.185s][info][gc,heap     ] GC(76) Min Capacity: 8M(0%)
[2026-04-03T02:41:19.327+0600][64.185s][info][gc,heap     ] GC(76) Max Capacity: 1750M(100%)
[2026-04-03T02:41:19.327+0600][64.185s][info][gc,heap     ] GC(76) Soft Max Capacity: 1750M(100%)
[2026-04-03T02:41:19.327+0600][64.185s][info][gc,heap     ] GC(76)                Mark Start          Mark End        Relocate Start      Relocate End           High               Low         
[2026-04-03T02:41:19.327+0600][64.185s][info][gc,heap     ] GC(76)  Capacity:     1750M (100%)       1750M (100%)       1750M (100%)       1750M (100%)       1750M (100%)       1750M (100%)   
[2026-04-03T02:41:19.328+0600][64.185s][info][gc,heap     ] GC(76)      Free:     1210M (69%)        1044M (60%)        1204M (69%)        1412M (81%)        1412M (81%)        1024M (59%)    
[2026-04-03T02:41:19.328+0600][64.185s][info][gc,heap     ] GC(76)      Used:      540M (31%)         706M (40%)         546M (31%)         338M (19%)         726M (41%)         338M (19%)    
[2026-04-03T02:41:19.328+0600][64.185s][info][gc,heap     ] GC(76)      Live:         -               106M (6%)          106M (6%)          106M (6%)             -                  -          
[2026-04-03T02:41:19.328+0600][64.185s][info][gc,heap     ] GC(76) Allocated:         -               166M (9%)          188M (11%)         193M (11%)            -                  -          
[2026-04-03T02:41:19.328+0600][64.185s][info][gc,heap     ] GC(76)   Garbage:         -               433M (25%)         251M (14%)          38M (2%)             -                  -          
[2026-04-03T02:41:19.328+0600][64.185s][info][gc,heap     ] GC(76) Reclaimed:         -                  -               182M (10%)         395M (23%)            -                  -          
[2026-04-03T02:41:19.328+0600][64.185s][info][gc          ] GC(76) Garbage Collection (Allocation Rate) 540M(31%)->338M(19%)
[2026-04-03T02:41:19.751+0600][64.609s][info][gc,start    ] GC(77) Garbage Collection (Allocation Rate)
[2026-04-03T02:41:19.751+0600][64.609s][info][gc,task     ] GC(77) Using 3 workers
[2026-04-03T02:41:19.751+0600][64.609s][info][gc,phases   ] GC(77) Pause Mark Start 0.017ms
[2026-04-03T02:41:19.857+0600][64.715s][info][gc,phases   ] GC(77) Concurrent Mark 105.338ms
[2026-04-03T02:41:19.857+0600][64.715s][info][gc,phases   ] GC(77) Pause Mark End 0.039ms
[2026-04-03T02:41:19.857+0600][64.715s][info][gc,phases   ] GC(77) Concurrent Mark Free 0.003ms
[2026-04-03T02:41:19.879+0600][64.737s][info][gc,phases   ] GC(77) Concurrent Process Non-Strong References 22.187ms
[2026-04-03T02:41:19.880+0600][64.738s][info][gc,phases   ] GC(77) Concurrent Reset Relocation Set 0.019ms
[2026-04-03T02:41:19.885+0600][64.743s][info][gc,phases   ] GC(77) Concurrent Select Relocation Set 4.973ms
[2026-04-03T02:41:19.885+0600][64.743s][info][gc,phases   ] GC(77) Pause Relocate Start 0.019ms
[2026-04-03T02:41:19.893+0600][64.751s][info][gc,phases   ] GC(77) Concurrent Relocate 7.704ms
[2026-04-03T02:41:19.893+0600][64.751s][info][gc,load     ] GC(77) Load: 4.67/5.21/5.55
[2026-04-03T02:41:19.893+0600][64.751s][info][gc,mmu      ] GC(77) MMU: 2ms/92.4%, 5ms/97.0%, 10ms/98.5%, 20ms/99.2%, 50ms/99.7%, 100ms/99.8%
[2026-04-03T02:41:19.893+0600][64.751s][info][gc,marking  ] GC(77) Mark: 2 stripe(s), 2 proactive flush(es), 1 terminate flush(es), 0 completion(s), 0 continuation(s) 
[2026-04-03T02:41:19.893+0600][64.751s][info][gc,marking  ] GC(77) Mark Stack Usage: 32M
[2026-04-03T02:41:19.893+0600][64.751s][info][gc,nmethod  ] GC(77) NMethods: 15208 registered, 2462 unregistered
[2026-04-03T02:41:19.893+0600][64.751s][info][gc,metaspace] GC(77) Metaspace: 128M used, 129M committed, 1152M reserved
[2026-04-03T02:41:19.893+0600][64.751s][info][gc,ref      ] GC(77) Soft: 3397 encountered, 0 discovered, 0 enqueued
[2026-04-03T02:41:19.893+0600][64.751s][info][gc,ref      ] GC(77) Weak: 16917 encountered, 5849 discovered, 2255 enqueued
[2026-04-03T02:41:19.893+0600][64.751s][info][gc,ref      ] GC(77) Final: 84 encountered, 0 discovered, 0 enqueued
[2026-04-03T02:41:19.893+0600][64.751s][info][gc,ref      ] GC(77) Phantom: 620 encountered, 342 discovered, 0 enqueued
[2026-04-03T02:41:19.893+0600][64.751s][info][gc,reloc    ] GC(77) Small Pages: 358 / 716M, Empty: 326M, Relocated: 8M, In-Place: 0
[2026-04-03T02:41:19.893+0600][64.751s][info][gc,reloc    ] GC(77) Medium Pages: 3 / 96M, Empty: 32M, Relocated: 9M, In-Place: 0
[2026-04-03T02:41:19.893+0600][64.751s][info][gc,reloc    ] GC(77) Large Pages: 76 / 456M, Empty: 456M, Relocated: 0M, In-Place: 0
[2026-04-03T02:41:19.893+0600][64.751s][info][gc,reloc    ] GC(77) Forwarding Usage: 2M
[2026-04-03T02:41:19.893+0600][64.751s][info][gc,heap     ] GC(77) Min Capacity: 8M(0%)
[2026-04-03T02:41:19.893+0600][64.751s][info][gc,heap     ] GC(77) Max Capacity: 1750M(100%)
[2026-04-03T02:41:19.893+0600][64.751s][info][gc,heap     ] GC(77) Soft Max Capacity: 1750M(100%)
[2026-04-03T02:41:19.893+0600][64.751s][info][gc,heap     ] GC(77)                Mark Start          Mark End        Relocate Start      Relocate End           High               Low         
[2026-04-03T02:41:19.893+0600][64.751s][info][gc,heap     ] GC(77)  Capacity:     1750M (100%)       1750M (100%)       1750M (100%)       1750M (100%)       1750M (100%)       1750M (100%)   
[2026-04-03T02:41:19.893+0600][64.751s][info][gc,heap     ] GC(77)      Free:      482M (28%)         152M (9%)          822M (47%)        1082M (62%)        1092M (62%)          62M (4%)     
[2026-04-03T02:41:19.893+0600][64.751s][info][gc,heap     ] GC(77)      Used:     1268M (72%)        1598M (91%)         928M (53%)         668M (38%)        1688M (96%)         658M (38%)    
[2026-04-03T02:41:19.893+0600][64.751s][info][gc,heap     ] GC(77)      Live:         -               108M (6%)          108M (6%)          108M (6%)             -                  -          
[2026-04-03T02:41:19.893+0600][64.751s][info][gc,heap     ] GC(77) Allocated:         -               330M (19%)         474M (27%)         519M (30%)            -                  -          
[2026-04-03T02:41:19.893+0600][64.751s][info][gc,heap     ] GC(77)   Garbage:         -              1159M (66%)         345M (20%)          39M (2%)             -                  -          
[2026-04-03T02:41:19.893+0600][64.751s][info][gc,heap     ] GC(77) Reclaimed:         -                  -               814M (47%)        1119M (64%)            -                  -          
[2026-04-03T02:41:19.893+0600][64.751s][info][gc          ] GC(77) Garbage Collection (Allocation Rate) 1268M(72%)->668M(38%)
[2026-04-03T02:41:20.051+0600][64.909s][info][gc,start    ] GC(78) Garbage Collection (Allocation Rate)
[2026-04-03T02:41:20.051+0600][64.909s][info][gc,task     ] GC(78) Using 3 workers
[2026-04-03T02:41:20.052+0600][64.909s][info][gc,phases   ] GC(78) Pause Mark Start 0.019ms
[2026-04-03T02:41:20.139+0600][64.997s][info][gc,phases   ] GC(78) Concurrent Mark 87.506ms
[2026-04-03T02:41:20.140+0600][64.997s][info][gc,phases   ] GC(78) Pause Mark End 0.053ms
[2026-04-03T02:41:20.140+0600][64.998s][info][gc,phases   ] GC(78) Concurrent Mark Free 0.003ms
[2026-04-03T02:41:20.155+0600][65.013s][info][gc,phases   ] GC(78) Concurrent Process Non-Strong References 15.540ms
[2026-04-03T02:41:20.155+0600][65.013s][info][gc,phases   ] GC(78) Concurrent Reset Relocation Set 0.013ms
[2026-04-03T02:41:20.159+0600][65.017s][info][gc,phases   ] GC(78) Concurrent Select Relocation Set 3.650ms
[2026-04-03T02:41:20.160+0600][65.017s][info][gc,phases   ] GC(78) Pause Relocate Start 0.017ms
[2026-04-03T02:41:20.163+0600][65.021s][info][gc,phases   ] GC(78) Concurrent Relocate 3.845ms
[2026-04-03T02:41:20.164+0600][65.021s][info][gc,load     ] GC(78) Load: 4.45/5.16/5.53
[2026-04-03T02:41:20.164+0600][65.021s][info][gc,mmu      ] GC(78) MMU: 2ms/92.4%, 5ms/97.0%, 10ms/98.5%, 20ms/99.2%, 50ms/99.7%, 100ms/99.8%
[2026-04-03T02:41:20.164+0600][65.021s][info][gc,marking  ] GC(78) Mark: 2 stripe(s), 3 proactive flush(es), 1 terminate flush(es), 0 completion(s), 0 continuation(s) 
[2026-04-03T02:41:20.164+0600][65.021s][info][gc,marking  ] GC(78) Mark Stack Usage: 32M
[2026-04-03T02:41:20.164+0600][65.021s][info][gc,nmethod  ] GC(78) NMethods: 15222 registered, 2470 unregistered
[2026-04-03T02:41:20.164+0600][65.022s][info][gc,metaspace] GC(78) Metaspace: 128M used, 129M committed, 1152M reserved
[2026-04-03T02:41:20.164+0600][65.022s][info][gc,ref      ] GC(78) Soft: 3395 encountered, 0 discovered, 0 enqueued
[2026-04-03T02:41:20.164+0600][65.022s][info][gc,ref      ] GC(78) Weak: 15131 encountered, 4306 discovered, 543 enqueued
[2026-04-03T02:41:20.164+0600][65.022s][info][gc,ref      ] GC(78) Final: 84 encountered, 16 discovered, 0 enqueued
[2026-04-03T02:41:20.164+0600][65.022s][info][gc,ref      ] GC(78) Phantom: 620 encountered, 511 discovered, 0 enqueued
[2026-04-03T02:41:20.164+0600][65.022s][info][gc,reloc    ] GC(78) Small Pages: 181 / 362M, Empty: 28M, Relocated: 6M, In-Place: 0
[2026-04-03T02:41:20.164+0600][65.022s][info][gc,reloc    ] GC(78) Medium Pages: 3 / 96M, Empty: 64M, Relocated: 0M, In-Place: 0
[2026-04-03T02:41:20.164+0600][65.022s][info][gc,reloc    ] GC(78) Large Pages: 72 / 432M, Empty: 432M, Relocated: 0M, In-Place: 0
[2026-04-03T02:41:20.164+0600][65.022s][info][gc,reloc    ] GC(78) Forwarding Usage: 2M
[2026-04-03T02:41:20.164+0600][65.022s][info][gc,heap     ] GC(78) Min Capacity: 8M(0%)
[2026-04-03T02:41:20.164+0600][65.022s][info][gc,heap     ] GC(78) Max Capacity: 1750M(100%)
[2026-04-03T02:41:20.164+0600][65.022s][info][gc,heap     ] GC(78) Soft Max Capacity: 1750M(100%)
[2026-04-03T02:41:20.164+0600][65.022s][info][gc,heap     ] GC(78)                Mark Start          Mark End        Relocate Start      Relocate End           High               Low         
[2026-04-03T02:41:20.164+0600][65.022s][info][gc,heap     ] GC(78)  Capacity:     1750M (100%)       1750M (100%)       1750M (100%)       1750M (100%)       1750M (100%)       1750M (100%)   
[2026-04-03T02:41:20.164+0600][65.022s][info][gc,heap     ] GC(78)      Free:      860M (49%)         808M (46%)        1322M (76%)        1540M (88%)        1540M (88%)         802M (46%)    
[2026-04-03T02:41:20.164+0600][65.022s][info][gc,heap     ] GC(78)      Used:      890M (51%)         942M (54%)         428M (24%)         210M (12%)         948M (54%)         210M (12%)    
[2026-04-03T02:41:20.164+0600][65.022s][info][gc,heap     ] GC(78)      Live:         -               104M (6%)          104M (6%)          104M (6%)             -                  -          
[2026-04-03T02:41:20.164+0600][65.022s][info][gc,heap     ] GC(78) Allocated:         -                52M (3%)           62M (4%)           65M (4%)             -                  -          
[2026-04-03T02:41:20.164+0600][65.022s][info][gc,heap     ] GC(78)   Garbage:         -               785M (45%)         261M (15%)          39M (2%)             -                  -          
[2026-04-03T02:41:20.164+0600][65.022s][info][gc,heap     ] GC(78) Reclaimed:         -                  -               524M (30%)         745M (43%)            -                  -          
[2026-04-03T02:41:20.164+0600][65.022s][info][gc          ] GC(78) Garbage Collection (Allocation Rate) 890M(51%)->210M(12%)
[2026-04-03T02:41:20.751+0600][65.609s][info][gc,start    ] GC(79) Garbage Collection (Allocation Rate)
[2026-04-03T02:41:20.751+0600][65.609s][info][gc,task     ] GC(79) Using 2 workers
[2026-04-03T02:41:20.752+0600][65.610s][info][gc,phases   ] GC(79) Pause Mark Start 0.015ms
[2026-04-03T02:41:20.924+0600][65.782s][info][gc,phases   ] GC(79) Concurrent Mark 172.566ms
[2026-04-03T02:41:20.925+0600][65.783s][info][gc,phases   ] GC(79) Pause Mark End 0.033ms
[2026-04-03T02:41:20.925+0600][65.783s][info][gc,phases   ] GC(79) Concurrent Mark Free 0.001ms
[2026-04-03T02:41:20.958+0600][65.816s][info][gc,phases   ] GC(79) Concurrent Process Non-Strong References 33.101ms
[2026-04-03T02:41:20.958+0600][65.816s][info][gc,phases   ] GC(79) Concurrent Reset Relocation Set 0.018ms
[2026-04-03T02:41:20.963+0600][65.821s][info][gc,phases   ] GC(79) Concurrent Select Relocation Set 4.988ms
[2026-04-03T02:41:20.964+0600][65.821s][info][gc,phases   ] GC(79) Pause Relocate Start 0.019ms
[2026-04-03T02:41:20.971+0600][65.829s][info][gc,phases   ] GC(79) Concurrent Relocate 7.555ms
[2026-04-03T02:41:20.971+0600][65.829s][info][gc,load     ] GC(79) Load: 4.45/5.16/5.53
[2026-04-03T02:41:20.971+0600][65.829s][info][gc,mmu      ] GC(79) MMU: 2ms/92.4%, 5ms/97.0%, 10ms/98.5%, 20ms/99.2%, 50ms/99.7%, 100ms/99.8%
[2026-04-03T02:41:20.971+0600][65.829s][info][gc,marking  ] GC(79) Mark: 2 stripe(s), 2 proactive flush(es), 1 terminate flush(es), 0 completion(s), 0 continuation(s) 
[2026-04-03T02:41:20.971+0600][65.829s][info][gc,marking  ] GC(79) Mark Stack Usage: 32M
[2026-04-03T02:41:20.971+0600][65.829s][info][gc,nmethod  ] GC(79) NMethods: 15227 registered, 2489 unregistered
[2026-04-03T02:41:20.971+0600][65.829s][info][gc,metaspace] GC(79) Metaspace: 128M used, 129M committed, 1152M reserved
[2026-04-03T02:41:20.971+0600][65.829s][info][gc,ref      ] GC(79) Soft: 3403 encountered, 0 discovered, 0 enqueued
[2026-04-03T02:41:20.971+0600][65.829s][info][gc,ref      ] GC(79) Weak: 15509 encountered, 5338 discovered, 118 enqueued
[2026-04-03T02:41:20.971+0600][65.829s][info][gc,ref      ] GC(79) Final: 84 encountered, 0 discovered, 0 enqueued
[2026-04-03T02:41:20.971+0600][65.829s][info][gc,ref      ] GC(79) Phantom: 620 encountered, 550 discovered, 0 enqueued
[2026-04-03T02:41:20.971+0600][65.829s][info][gc,reloc    ] GC(79) Small Pages: 354 / 708M, Empty: 236M, Relocated: 6M, In-Place: 0
[2026-04-03T02:41:20.971+0600][65.829s][info][gc,reloc    ] GC(79) Medium Pages: 4 / 128M, Empty: 96M, Relocated: 0M, In-Place: 0
[2026-04-03T02:41:20.971+0600][65.829s][info][gc,reloc    ] GC(79) Large Pages: 13 / 78M, Empty: 78M, Relocated: 0M, In-Place: 0
[2026-04-03T02:41:20.971+0600][65.829s][info][gc,reloc    ] GC(79) Forwarding Usage: 1M
[2026-04-03T02:41:20.972+0600][65.829s][info][gc,heap     ] GC(79) Min Capacity: 8M(0%)
[2026-04-03T02:41:20.972+0600][65.829s][info][gc,heap     ] GC(79) Max Capacity: 1750M(100%)
[2026-04-03T02:41:20.972+0600][65.829s][info][gc,heap     ] GC(79) Soft Max Capacity: 1750M(100%)
[2026-04-03T02:41:20.972+0600][65.829s][info][gc,heap     ] GC(79)                Mark Start          Mark End        Relocate Start      Relocate End           High               Low         
[2026-04-03T02:41:20.972+0600][65.829s][info][gc,heap     ] GC(79)  Capacity:     1750M (100%)       1750M (100%)       1750M (100%)       1750M (100%)       1750M (100%)       1750M (100%)   
[2026-04-03T02:41:20.972+0600][65.829s][info][gc,heap     ] GC(79)      Free:      836M (48%)         584M (33%)         954M (55%)        1302M (74%)        1302M (74%)         556M (32%)    
[2026-04-03T02:41:20.972+0600][65.829s][info][gc,heap     ] GC(79)      Used:      914M (52%)        1166M (67%)         796M (45%)         448M (26%)        1194M (68%)         448M (26%)    
[2026-04-03T02:41:20.972+0600][65.830s][info][gc,heap     ] GC(79)      Live:         -               109M (6%)          109M (6%)          109M (6%)             -                  -          
[2026-04-03T02:41:20.972+0600][65.830s][info][gc,heap     ] GC(79) Allocated:         -               252M (14%)         292M (17%)         299M (17%)            -                  -          
[2026-04-03T02:41:20.972+0600][65.830s][info][gc,heap     ] GC(79)   Garbage:         -               804M (46%)         394M (23%)          38M (2%)             -                  -          
[2026-04-03T02:41:20.972+0600][65.830s][info][gc,heap     ] GC(79) Reclaimed:         -                  -               410M (23%)         765M (44%)            -                  -          
[2026-04-03T02:41:20.972+0600][65.830s][info][gc          ] GC(79) Garbage Collection (Allocation Rate) 914M(52%)->448M(26%)
[2026-04-03T02:41:21.151+0600][66.008s][info][gc,start    ] GC(80) Garbage Collection (Allocation Rate)
[2026-04-03T02:41:21.151+0600][66.009s][info][gc,task     ] GC(80) Using 2 workers
[2026-04-03T02:41:21.151+0600][66.009s][info][gc,phases   ] GC(80) Pause Mark Start 0.019ms
[2026-04-03T02:41:21.267+0600][66.125s][info][gc,phases   ] GC(80) Concurrent Mark 116.357ms
[2026-04-03T02:41:21.268+0600][66.126s][info][gc,phases   ] GC(80) Pause Mark End 0.031ms
[2026-04-03T02:41:21.268+0600][66.126s][info][gc,phases   ] GC(80) Concurrent Mark Free 0.002ms
[2026-04-03T02:41:21.289+0600][66.147s][info][gc,phases   ] GC(80) Concurrent Process Non-Strong References 21.159ms
[2026-04-03T02:41:21.289+0600][66.147s][info][gc,phases   ] GC(80) Concurrent Reset Relocation Set 0.011ms
[2026-04-03T02:41:21.292+0600][66.150s][info][gc,phases   ] GC(80) Concurrent Select Relocation Set 2.696ms
[2026-04-03T02:41:21.292+0600][66.150s][info][gc,phases   ] GC(80) Pause Relocate Start 0.014ms
[2026-04-03T02:41:21.299+0600][66.157s][info][gc,phases   ] GC(80) Concurrent Relocate 6.460ms
[2026-04-03T02:41:21.299+0600][66.157s][info][gc,load     ] GC(80) Load: 4.45/5.16/5.53
[2026-04-03T02:41:21.299+0600][66.157s][info][gc,mmu      ] GC(80) MMU: 2ms/92.4%, 5ms/97.0%, 10ms/98.5%, 20ms/99.2%, 50ms/99.7%, 100ms/99.8%
[2026-04-03T02:41:21.299+0600][66.157s][info][gc,marking  ] GC(80) Mark: 2 stripe(s), 2 proactive flush(es), 1 terminate flush(es), 0 completion(s), 0 continuation(s) 
[2026-04-03T02:41:21.299+0600][66.157s][info][gc,marking  ] GC(80) Mark Stack Usage: 32M
[2026-04-03T02:41:21.299+0600][66.157s][info][gc,nmethod  ] GC(80) NMethods: 15237 registered, 2490 unregistered
[2026-04-03T02:41:21.299+0600][66.157s][info][gc,metaspace] GC(80) Metaspace: 128M used, 129M committed, 1152M reserved
[2026-04-03T02:41:21.299+0600][66.157s][info][gc,ref      ] GC(80) Soft: 3403 encountered, 0 discovered, 0 enqueued
[2026-04-03T02:41:21.299+0600][66.157s][info][gc,ref      ] GC(80) Weak: 16041 encountered, 5857 discovered, 1429 enqueued
[2026-04-03T02:41:21.299+0600][66.157s][info][gc,ref      ] GC(80) Final: 84 encountered, 0 discovered, 0 enqueued
[2026-04-03T02:41:21.299+0600][66.157s][info][gc,ref      ] GC(80) Phantom: 620 encountered, 549 discovered, 0 enqueued
[2026-04-03T02:41:21.299+0600][66.157s][info][gc,reloc    ] GC(80) Small Pages: 250 / 500M, Empty: 158M, Relocated: 6M, In-Place: 0
[2026-04-03T02:41:21.299+0600][66.157s][info][gc,reloc    ] GC(80) Medium Pages: 4 / 128M, Empty: 96M, Relocated: 0M, In-Place: 0
[2026-04-03T02:41:21.299+0600][66.157s][info][gc,reloc    ] GC(80) Large Pages: 9 / 54M, Empty: 54M, Relocated: 0M, In-Place: 0
[2026-04-03T02:41:21.299+0600][66.157s][info][gc,reloc    ] GC(80) Forwarding Usage: 2M
[2026-04-03T02:41:21.299+0600][66.157s][info][gc,heap     ] GC(80) Min Capacity: 8M(0%)
[2026-04-03T02:41:21.299+0600][66.157s][info][gc,heap     ] GC(80) Max Capacity: 1750M(100%)
[2026-04-03T02:41:21.299+0600][66.157s][info][gc,heap     ] GC(80) Soft Max Capacity: 1750M(100%)
[2026-04-03T02:41:21.299+0600][66.157s][info][gc,heap     ] GC(80)                Mark Start          Mark End        Relocate Start      Relocate End           High               Low         
[2026-04-03T02:41:21.299+0600][66.157s][info][gc,heap     ] GC(80)  Capacity:     1750M (100%)       1750M (100%)       1750M (100%)       1750M (100%)       1750M (100%)       1750M (100%)   
[2026-04-03T02:41:21.299+0600][66.157s][info][gc,heap     ] GC(80)      Free:     1068M (61%)         932M (53%)        1220M (70%)        1434M (82%)        1442M (82%)         924M (53%)    
[2026-04-03T02:41:21.299+0600][66.157s][info][gc,heap     ] GC(80)      Used:      682M (39%)         818M (47%)         530M (30%)         316M (18%)         826M (47%)         308M (18%)    
[2026-04-03T02:41:21.299+0600][66.157s][info][gc,heap     ] GC(80)      Live:         -               108M (6%)          108M (6%)          108M (6%)             -                  -          
[2026-04-03T02:41:21.299+0600][66.157s][info][gc,heap     ] GC(80) Allocated:         -               136M (8%)          156M (9%)          169M (10%)            -                  -          
[2026-04-03T02:41:21.299+0600][66.157s][info][gc,heap     ] GC(80)   Garbage:         -               573M (33%)         265M (15%)          37M (2%)             -                  -          
[2026-04-03T02:41:21.299+0600][66.157s][info][gc,heap     ] GC(80) Reclaimed:         -                  -               308M (18%)         535M (31%)            -                  -          
[2026-04-03T02:41:21.299+0600][66.157s][info][gc          ] GC(80) Garbage Collection (Allocation Rate) 682M(39%)->316M(18%)
[2026-04-03T02:41:21.651+0600][66.509s][info][gc,start    ] GC(81) Garbage Collection (Allocation Rate)
[2026-04-03T02:41:21.651+0600][66.509s][info][gc,task     ] GC(81) Using 3 workers
[2026-04-03T02:41:21.651+0600][66.509s][info][gc,phases   ] GC(81) Pause Mark Start 0.013ms
[2026-04-03T02:41:21.753+0600][66.611s][info][gc,phases   ] GC(81) Concurrent Mark 101.762ms
[2026-04-03T02:41:21.754+0600][66.611s][info][gc,phases   ] GC(81) Pause Mark End 0.034ms
[2026-04-03T02:41:21.754+0600][66.612s][info][gc,phases   ] GC(81) Concurrent Mark Free 0.002ms
[2026-04-03T02:41:21.778+0600][66.635s][info][gc,phases   ] GC(81) Concurrent Process Non-Strong References 23.790ms
[2026-04-03T02:41:21.778+0600][66.636s][info][gc,phases   ] GC(81) Concurrent Reset Relocation Set 0.013ms
[2026-04-03T02:41:21.782+0600][66.640s][info][gc,phases   ] GC(81) Concurrent Select Relocation Set 4.189ms
[2026-04-03T02:41:21.782+0600][66.640s][info][gc,phases   ] GC(81) Pause Relocate Start 0.016ms
[2026-04-03T02:41:21.792+0600][66.649s][info][gc,phases   ] GC(81) Concurrent Relocate 9.369ms
[2026-04-03T02:41:21.792+0600][66.650s][info][gc,load     ] GC(81) Load: 4.45/5.16/5.53
[2026-04-03T02:41:21.792+0600][66.650s][info][gc,mmu      ] GC(81) MMU: 2ms/92.4%, 5ms/97.0%, 10ms/98.5%, 20ms/99.2%, 50ms/99.7%, 100ms/99.8%
[2026-04-03T02:41:21.792+0600][66.650s][info][gc,marking  ] GC(81) Mark: 2 stripe(s), 2 proactive flush(es), 1 terminate flush(es), 0 completion(s), 0 continuation(s) 
[2026-04-03T02:41:21.792+0600][66.650s][info][gc,marking  ] GC(81) Mark Stack Usage: 32M
[2026-04-03T02:41:21.792+0600][66.650s][info][gc,nmethod  ] GC(81) NMethods: 15234 registered, 2505 unregistered
[2026-04-03T02:41:21.792+0600][66.650s][info][gc,metaspace] GC(81) Metaspace: 128M used, 129M committed, 1152M reserved
[2026-04-03T02:41:21.792+0600][66.650s][info][gc,ref      ] GC(81) Soft: 3395 encountered, 0 discovered, 0 enqueued
[2026-04-03T02:41:21.792+0600][66.650s][info][gc,ref      ] GC(81) Weak: 15581 encountered, 3994 discovered, 854 enqueued
[2026-04-03T02:41:21.792+0600][66.650s][info][gc,ref      ] GC(81) Final: 84 encountered, 0 discovered, 0 enqueued
[2026-04-03T02:41:21.792+0600][66.650s][info][gc,ref      ] GC(81) Phantom: 620 encountered, 465 discovered, 0 enqueued
[2026-04-03T02:41:21.792+0600][66.650s][info][gc,reloc    ] GC(81) Small Pages: 338 / 676M, Empty: 320M, Relocated: 8M, In-Place: 0
[2026-04-03T02:41:21.792+0600][66.650s][info][gc,reloc    ] GC(81) Medium Pages: 3 / 96M, Empty: 64M, Relocated: 0M, In-Place: 0
[2026-04-03T02:41:21.792+0600][66.650s][info][gc,reloc    ] GC(81) Large Pages: 77 / 462M, Empty: 462M, Relocated: 0M, In-Place: 0
[2026-04-03T02:41:21.792+0600][66.650s][info][gc,reloc    ] GC(81) Forwarding Usage: 3M
[2026-04-03T02:41:21.792+0600][66.650s][info][gc,heap     ] GC(81) Min Capacity: 8M(0%)
[2026-04-03T02:41:21.792+0600][66.650s][info][gc,heap     ] GC(81) Max Capacity: 1750M(100%)
[2026-04-03T02:41:21.792+0600][66.650s][info][gc,heap     ] GC(81) Soft Max Capacity: 1750M(100%)
[2026-04-03T02:41:21.792+0600][66.650s][info][gc,heap     ] GC(81)                Mark Start          Mark End        Relocate Start      Relocate End           High               Low         
[2026-04-03T02:41:21.792+0600][66.650s][info][gc,heap     ] GC(81)  Capacity:     1750M (100%)       1750M (100%)       1750M (100%)       1750M (100%)       1750M (100%)       1750M (100%)   
[2026-04-03T02:41:21.792+0600][66.650s][info][gc,heap     ] GC(81)      Free:      516M (29%)          96M (5%)          860M (49%)        1080M (62%)        1096M (63%)          18M (1%)     
[2026-04-03T02:41:21.792+0600][66.650s][info][gc,heap     ] GC(81)      Used:     1234M (71%)        1654M (95%)         890M (51%)         670M (38%)        1732M (99%)         654M (37%)    
[2026-04-03T02:41:21.792+0600][66.650s][info][gc,heap     ] GC(81)      Live:         -               107M (6%)          107M (6%)          107M (6%)             -                  -          
[2026-04-03T02:41:21.792+0600][66.650s][info][gc,heap     ] GC(81) Allocated:         -               420M (24%)         502M (29%)         523M (30%)            -                  -          
[2026-04-03T02:41:21.792+0600][66.650s][info][gc,heap     ] GC(81)   Garbage:         -              1126M (64%)         280M (16%)          38M (2%)             -                  -          
[2026-04-03T02:41:21.792+0600][66.650s][info][gc,heap     ] GC(81) Reclaimed:         -                  -               846M (48%)        1087M (62%)            -                  -          
[2026-04-03T02:41:21.792+0600][66.650s][info][gc          ] GC(81) Garbage Collection (Allocation Rate) 1234M(71%)->670M(38%)
[2026-04-03T02:41:21.850+0600][66.708s][info][gc,start    ] GC(82) Garbage Collection (Allocation Rate)
[2026-04-03T02:41:21.850+0600][66.708s][info][gc,task     ] GC(82) Using 3 workers
[2026-04-03T02:41:21.851+0600][66.709s][info][gc,phases   ] GC(82) Pause Mark Start 0.016ms
[2026-04-03T02:41:21.959+0600][66.817s][info][gc,phases   ] GC(82) Concurrent Mark 108.340ms
[2026-04-03T02:41:21.959+0600][66.817s][info][gc,phases   ] GC(82) Pause Mark End 0.028ms
[2026-04-03T02:41:21.959+0600][66.817s][info][gc,phases   ] GC(82) Concurrent Mark Free 0.001ms
[2026-04-03T02:41:21.979+0600][66.837s][info][gc,phases   ] GC(82) Concurrent Process Non-Strong References 19.574ms
[2026-04-03T02:41:21.979+0600][66.837s][info][gc,phases   ] GC(82) Concurrent Reset Relocation Set 0.019ms
[2026-04-03T02:41:21.983+0600][66.841s][info][gc,phases   ] GC(82) Concurrent Select Relocation Set 4.179ms
[2026-04-03T02:41:21.984+0600][66.842s][info][gc,phases   ] GC(82) Pause Relocate Start 0.019ms
[2026-04-03T02:41:21.992+0600][66.850s][info][gc,phases   ] GC(82) Concurrent Relocate 8.561ms
[2026-04-03T02:41:21.993+0600][66.850s][info][gc,load     ] GC(82) Load: 4.45/5.16/5.53
[2026-04-03T02:41:21.993+0600][66.851s][info][gc,mmu      ] GC(82) MMU: 2ms/92.4%, 5ms/97.0%, 10ms/98.5%, 20ms/99.2%, 50ms/99.7%, 100ms/99.8%
[2026-04-03T02:41:21.993+0600][66.851s][info][gc,marking  ] GC(82) Mark: 2 stripe(s), 2 proactive flush(es), 1 terminate flush(es), 0 completion(s), 0 continuation(s) 
[2026-04-03T02:41:21.993+0600][66.851s][info][gc,marking  ] GC(82) Mark Stack Usage: 32M
[2026-04-03T02:41:21.993+0600][66.851s][info][gc,nmethod  ] GC(82) NMethods: 15239 registered, 2508 unregistered
[2026-04-03T02:41:21.993+0600][66.851s][info][gc,metaspace] GC(82) Metaspace: 128M used, 129M committed, 1152M reserved
[2026-04-03T02:41:21.993+0600][66.851s][info][gc,ref      ] GC(82) Soft: 3395 encountered, 0 discovered, 0 enqueued
[2026-04-03T02:41:21.993+0600][66.851s][info][gc,ref      ] GC(82) Weak: 14885 encountered, 4451 discovered, 371 enqueued
[2026-04-03T02:41:21.993+0600][66.851s][info][gc,ref      ] GC(82) Final: 84 encountered, 0 discovered, 0 enqueued
[2026-04-03T02:41:21.993+0600][66.851s][info][gc,ref      ] GC(82) Phantom: 620 encountered, 502 discovered, 0 enqueued
[2026-04-03T02:41:21.993+0600][66.851s][info][gc,reloc    ] GC(82) Small Pages: 146 / 292M, Empty: 26M, Relocated: 6M, In-Place: 0
[2026-04-03T02:41:21.993+0600][66.851s][info][gc,reloc    ] GC(82) Medium Pages: 2 / 64M, Empty: 32M, Relocated: 0M, In-Place: 0
[2026-04-03T02:41:21.993+0600][66.851s][info][gc,reloc    ] GC(82) Large Pages: 66 / 396M, Empty: 396M, Relocated: 0M, In-Place: 0
[2026-04-03T02:41:21.993+0600][66.851s][info][gc,reloc    ] GC(82) Forwarding Usage: 2M
[2026-04-03T02:41:21.993+0600][66.851s][info][gc,heap     ] GC(82) Min Capacity: 8M(0%)
[2026-04-03T02:41:21.993+0600][66.851s][info][gc,heap     ] GC(82) Max Capacity: 1750M(100%)
[2026-04-03T02:41:21.993+0600][66.851s][info][gc,heap     ] GC(82) Soft Max Capacity: 1750M(100%)
[2026-04-03T02:41:21.993+0600][66.851s][info][gc,heap     ] GC(82)                Mark Start          Mark End        Relocate Start      Relocate End           High               Low         
[2026-04-03T02:41:21.993+0600][66.851s][info][gc,heap     ] GC(82)  Capacity:     1750M (100%)       1750M (100%)       1750M (100%)       1750M (100%)       1750M (100%)       1750M (100%)   
[2026-04-03T02:41:21.993+0600][66.851s][info][gc,heap     ] GC(82)      Free:      998M (57%)         894M (51%)        1324M (76%)        1474M (84%)        1476M (84%)         878M (50%)    
[2026-04-03T02:41:21.993+0600][66.851s][info][gc,heap     ] GC(82)      Used:      752M (43%)         856M (49%)         426M (24%)         276M (16%)         872M (50%)         274M (16%)    
[2026-04-03T02:41:21.993+0600][66.851s][info][gc,heap     ] GC(82)      Live:         -               103M (6%)          103M (6%)          103M (6%)             -                  -          
[2026-04-03T02:41:21.993+0600][66.851s][info][gc,heap     ] GC(82) Allocated:         -               104M (6%)          128M (7%)          131M (8%)             -                  -          
[2026-04-03T02:41:21.993+0600][66.851s][info][gc,heap     ] GC(82)   Garbage:         -               648M (37%)         194M (11%)          40M (2%)             -                  -          
[2026-04-03T02:41:21.993+0600][66.851s][info][gc,heap     ] GC(82) Reclaimed:         -                  -               454M (26%)         607M (35%)            -                  -          
[2026-04-03T02:41:21.993+0600][66.851s][info][gc          ] GC(82) Garbage Collection (Allocation Rate) 752M(43%)->276M(16%)
[2026-04-03T02:41:22.551+0600][67.409s][info][gc,start    ] GC(83) Garbage Collection (Allocation Rate)
[2026-04-03T02:41:22.551+0600][67.409s][info][gc,task     ] GC(83) Using 2 workers
[2026-04-03T02:41:22.552+0600][67.409s][info][gc,phases   ] GC(83) Pause Mark Start 0.012ms
[2026-04-03T02:41:22.740+0600][67.598s][info][gc,phases   ] GC(83) Concurrent Mark 188.377ms
[2026-04-03T02:41:22.740+0600][67.598s][info][gc,phases   ] GC(83) Pause Mark End 0.033ms
[2026-04-03T02:41:22.741+0600][67.598s][info][gc,phases   ] GC(83) Concurrent Mark Free 0.003ms
[2026-04-03T02:41:22.775+0600][67.633s][info][gc,phases   ] GC(83) Concurrent Process Non-Strong References 34.806ms
[2026-04-03T02:41:22.785+0600][67.643s][info][gc,phases   ] GC(83) Concurrent Reset Relocation Set 0.012ms
[2026-04-03T02:41:22.789+0600][67.647s][info][gc,phases   ] GC(83) Concurrent Select Relocation Set 3.411ms
[2026-04-03T02:41:22.789+0600][67.647s][info][gc,phases   ] GC(83) Pause Relocate Start 0.014ms
[2026-04-03T02:41:22.799+0600][67.656s][info][gc,phases   ] GC(83) Concurrent Relocate 9.241ms
[2026-04-03T02:41:22.799+0600][67.657s][info][gc,load     ] GC(83) Load: 4.45/5.16/5.53
[2026-04-03T02:41:22.799+0600][67.657s][info][gc,mmu      ] GC(83) MMU: 2ms/92.4%, 5ms/97.0%, 10ms/98.5%, 20ms/99.2%, 50ms/99.7%, 100ms/99.8%
[2026-04-03T02:41:22.799+0600][67.657s][info][gc,marking  ] GC(83) Mark: 2 stripe(s), 2 proactive flush(es), 1 terminate flush(es), 0 completion(s), 0 continuation(s) 
[2026-04-03T02:41:22.799+0600][67.657s][info][gc,marking  ] GC(83) Mark Stack Usage: 32M
[2026-04-03T02:41:22.799+0600][67.657s][info][gc,nmethod  ] GC(83) NMethods: 15242 registered, 2514 unregistered
[2026-04-03T02:41:22.799+0600][67.657s][info][gc,metaspace] GC(83) Metaspace: 128M used, 129M committed, 1152M reserved
[2026-04-03T02:41:22.799+0600][67.657s][info][gc,ref      ] GC(83) Soft: 3403 encountered, 0 discovered, 0 enqueued
[2026-04-03T02:41:22.799+0600][67.657s][info][gc,ref      ] GC(83) Weak: 15441 encountered, 3896 discovered, 254 enqueued
[2026-04-03T02:41:22.799+0600][67.657s][info][gc,ref      ] GC(83) Final: 84 encountered, 0 discovered, 0 enqueued
[2026-04-03T02:41:22.799+0600][67.657s][info][gc,ref      ] GC(83) Phantom: 620 encountered, 515 discovered, 0 enqueued
[2026-04-03T02:41:22.799+0600][67.657s][info][gc,reloc    ] GC(83) Small Pages: 319 / 638M, Empty: 170M, Relocated: 6M, In-Place: 0
[2026-04-03T02:41:22.799+0600][67.657s][info][gc,reloc    ] GC(83) Medium Pages: 4 / 128M, Empty: 96M, Relocated: 0M, In-Place: 0
[2026-04-03T02:41:22.799+0600][67.657s][info][gc,reloc    ] GC(83) Large Pages: 14 / 84M, Empty: 84M, Relocated: 0M, In-Place: 0
[2026-04-03T02:41:22.799+0600][67.657s][info][gc,reloc    ] GC(83) Forwarding Usage: 2M
[2026-04-03T02:41:22.799+0600][67.657s][info][gc,heap     ] GC(83) Min Capacity: 8M(0%)
[2026-04-03T02:41:22.799+0600][67.657s][info][gc,heap     ] GC(83) Max Capacity: 1750M(100%)
[2026-04-03T02:41:22.799+0600][67.657s][info][gc,heap     ] GC(83) Soft Max Capacity: 1750M(100%)
[2026-04-03T02:41:22.799+0600][67.657s][info][gc,heap     ] GC(83)                Mark Start          Mark End        Relocate Start      Relocate End           High               Low         
[2026-04-03T02:41:22.799+0600][67.657s][info][gc,heap     ] GC(83)  Capacity:     1750M (100%)       1750M (100%)       1750M (100%)       1750M (100%)       1750M (100%)       1750M (100%)   
[2026-04-03T02:41:22.799+0600][67.657s][info][gc,heap     ] GC(83)      Free:      900M (51%)         642M (37%)         936M (53%)        1288M (74%)        1288M (74%)         598M (34%)    
[2026-04-03T02:41:22.799+0600][67.657s][info][gc,heap     ] GC(83)      Used:      850M (49%)        1108M (63%)         814M (47%)         462M (26%)        1152M (66%)         462M (26%)    
[2026-04-03T02:41:22.799+0600][67.657s][info][gc,heap     ] GC(83)      Live:         -               107M (6%)          107M (6%)          107M (6%)             -                  -          
[2026-04-03T02:41:22.799+0600][67.657s][info][gc,heap     ] GC(83) Allocated:         -               258M (15%)         314M (18%)         317M (18%)            -                  -          
[2026-04-03T02:41:22.799+0600][67.657s][info][gc,heap     ] GC(83)   Garbage:         -               742M (42%)         392M (22%)          36M (2%)             -                  -          
[2026-04-03T02:41:22.799+0600][67.657s][info][gc,heap     ] GC(83) Reclaimed:         -                  -               350M (20%)         705M (40%)            -                  -          
[2026-04-03T02:41:22.799+0600][67.657s][info][gc          ] GC(83) Garbage Collection (Allocation Rate) 850M(49%)->462M(26%)
[2026-04-03T02:41:22.951+0600][67.809s][info][gc,start    ] GC(84) Garbage Collection (Allocation Rate)
[2026-04-03T02:41:22.951+0600][67.809s][info][gc,task     ] GC(84) Using 2 workers
[2026-04-03T02:41:22.951+0600][67.809s][info][gc,phases   ] GC(84) Pause Mark Start 0.013ms
[2026-04-03T02:41:23.125+0600][67.983s][info][gc,phases   ] GC(84) Concurrent Mark 173.862ms
[2026-04-03T02:41:23.125+0600][67.983s][info][gc,phases   ] GC(84) Pause Mark End 0.042ms
[2026-04-03T02:41:23.126+0600][67.983s][info][gc,phases   ] GC(84) Concurrent Mark Free 0.003ms
[2026-04-03T02:41:23.146+0600][68.004s][info][gc,phases   ] GC(84) Concurrent Process Non-Strong References 20.106ms
[2026-04-03T02:41:23.146+0600][68.004s][info][gc,phases   ] GC(84) Concurrent Reset Relocation Set 0.010ms
[2026-04-03T02:41:23.148+0600][68.006s][info][gc,phases   ] GC(84) Concurrent Select Relocation Set 2.486ms
[2026-04-03T02:41:23.149+0600][68.006s][info][gc,phases   ] GC(84) Pause Relocate Start 0.015ms
[2026-04-03T02:41:23.153+0600][68.011s][info][gc,phases   ] GC(84) Concurrent Relocate 4.306ms
[2026-04-03T02:41:23.153+0600][68.011s][info][gc,load     ] GC(84) Load: 4.45/5.16/5.53
[2026-04-03T02:41:23.153+0600][68.011s][info][gc,mmu      ] GC(84) MMU: 2ms/92.4%, 5ms/97.0%, 10ms/98.5%, 20ms/99.2%, 50ms/99.7%, 100ms/99.8%
[2026-04-03T02:41:23.153+0600][68.011s][info][gc,marking  ] GC(84) Mark: 2 stripe(s), 2 proactive flush(es), 1 terminate flush(es), 0 completion(s), 0 continuation(s) 
[2026-04-03T02:41:23.153+0600][68.011s][info][gc,marking  ] GC(84) Mark Stack Usage: 32M
[2026-04-03T02:41:23.153+0600][68.011s][info][gc,nmethod  ] GC(84) NMethods: 15249 registered, 2519 unregistered
[2026-04-03T02:41:23.153+0600][68.011s][info][gc,metaspace] GC(84) Metaspace: 128M used, 129M committed, 1152M reserved
[2026-04-03T02:41:23.153+0600][68.011s][info][gc,ref      ] GC(84) Soft: 3395 encountered, 0 discovered, 0 enqueued
[2026-04-03T02:41:23.153+0600][68.011s][info][gc,ref      ] GC(84) Weak: 15899 encountered, 4859 discovered, 22 enqueued
[2026-04-03T02:41:23.153+0600][68.011s][info][gc,ref      ] GC(84) Final: 84 encountered, 0 discovered, 0 enqueued
[2026-04-03T02:41:23.153+0600][68.011s][info][gc,ref      ] GC(84) Phantom: 620 encountered, 547 discovered, 0 enqueued
[2026-04-03T02:41:23.153+0600][68.011s][info][gc,reloc    ] GC(84) Small Pages: 242 / 484M, Empty: 166M, Relocated: 4M, In-Place: 0
[2026-04-03T02:41:23.153+0600][68.011s][info][gc,reloc    ] GC(84) Medium Pages: 4 / 128M, Empty: 96M, Relocated: 0M, In-Place: 0
[2026-04-03T02:41:23.153+0600][68.011s][info][gc,reloc    ] GC(84) Large Pages: 9 / 54M, Empty: 54M, Relocated: 0M, In-Place: 0
[2026-04-03T02:41:23.153+0600][68.011s][info][gc,reloc    ] GC(84) Forwarding Usage: 1M
[2026-04-03T02:41:23.153+0600][68.011s][info][gc,heap     ] GC(84) Min Capacity: 8M(0%)
[2026-04-03T02:41:23.153+0600][68.011s][info][gc,heap     ] GC(84) Max Capacity: 1750M(100%)
[2026-04-03T02:41:23.153+0600][68.011s][info][gc,heap     ] GC(84) Soft Max Capacity: 1750M(100%)
[2026-04-03T02:41:23.153+0600][68.011s][info][gc,heap     ] GC(84)                Mark Start          Mark End        Relocate Start      Relocate End           High               Low         
[2026-04-03T02:41:23.153+0600][68.011s][info][gc,heap     ] GC(84)  Capacity:     1750M (100%)       1750M (100%)       1750M (100%)       1750M (100%)       1750M (100%)       1750M (100%)   
[2026-04-03T02:41:23.153+0600][68.011s][info][gc,heap     ] GC(84)      Free:     1084M (62%)         858M (49%)        1156M (66%)        1358M (78%)        1360M (78%)         848M (48%)    
[2026-04-03T02:41:23.153+0600][68.011s][info][gc,heap     ] GC(84)      Used:      666M (38%)         892M (51%)         594M (34%)         392M (22%)         902M (52%)         390M (22%)    
[2026-04-03T02:41:23.153+0600][68.011s][info][gc,heap     ] GC(84)      Live:         -               105M (6%)          105M (6%)          105M (6%)             -                  -          
[2026-04-03T02:41:23.153+0600][68.011s][info][gc,heap     ] GC(84) Allocated:         -               226M (13%)         244M (14%)         247M (14%)            -                  -          
[2026-04-03T02:41:23.153+0600][68.011s][info][gc,heap     ] GC(84)   Garbage:         -               560M (32%)         244M (14%)          38M (2%)             -                  -          
[2026-04-03T02:41:23.153+0600][68.011s][info][gc,heap     ] GC(84) Reclaimed:         -                  -               316M (18%)         521M (30%)            -                  -          
[2026-04-03T02:41:23.153+0600][68.011s][info][gc          ] GC(84) Garbage Collection (Allocation Rate) 666M(38%)->392M(22%)
[2026-04-03T02:41:23.551+0600][68.409s][info][gc,start    ] GC(85) Garbage Collection (Allocation Rate)
[2026-04-03T02:41:23.551+0600][68.409s][info][gc,task     ] GC(85) Using 2 workers
[2026-04-03T02:41:23.552+0600][68.409s][info][gc,phases   ] GC(85) Pause Mark Start 0.014ms
[2026-04-03T02:41:23.733+0600][68.591s][info][gc,phases   ] GC(85) Concurrent Mark 181.580ms
[2026-04-03T02:41:23.734+0600][68.591s][info][gc,phases   ] GC(85) Pause Mark End 0.033ms
[2026-04-03T02:41:23.734+0600][68.591s][info][gc,phases   ] GC(85) Concurrent Mark Free 0.001ms
[2026-04-03T02:41:23.771+0600][68.629s][info][gc,phases   ] GC(85) Concurrent Process Non-Strong References 37.653ms
[2026-04-03T02:41:23.771+0600][68.629s][info][gc,phases   ] GC(85) Concurrent Reset Relocation Set 0.016ms
[2026-04-03T02:41:23.778+0600][68.635s][info][gc,phases   ] GC(85) Concurrent Select Relocation Set 6.139ms
[2026-04-03T02:41:23.778+0600][68.636s][info][gc,phases   ] GC(85) Pause Relocate Start 0.017ms
[2026-04-03T02:41:23.795+0600][68.653s][info][gc,phases   ] GC(85) Concurrent Relocate 17.084ms
[2026-04-03T02:41:23.795+0600][68.653s][info][gc,load     ] GC(85) Load: 4.45/5.16/5.53
[2026-04-03T02:41:23.795+0600][68.653s][info][gc,mmu      ] GC(85) MMU: 2ms/92.4%, 5ms/97.0%, 10ms/98.5%, 20ms/99.2%, 50ms/99.7%, 100ms/99.8%
[2026-04-03T02:41:23.795+0600][68.653s][info][gc,marking  ] GC(85) Mark: 2 stripe(s), 2 proactive flush(es), 1 terminate flush(es), 0 completion(s), 0 continuation(s) 
[2026-04-03T02:41:23.795+0600][68.653s][info][gc,marking  ] GC(85) Mark Stack Usage: 32M
[2026-04-03T02:41:23.795+0600][68.653s][info][gc,nmethod  ] GC(85) NMethods: 15250 registered, 2534 unregistered
[2026-04-03T02:41:23.795+0600][68.653s][info][gc,metaspace] GC(85) Metaspace: 128M used, 129M committed, 1152M reserved
[2026-04-03T02:41:23.795+0600][68.653s][info][gc,ref      ] GC(85) Soft: 3407 encountered, 0 discovered, 0 enqueued
[2026-04-03T02:41:23.795+0600][68.653s][info][gc,ref      ] GC(85) Weak: 16921 encountered, 7497 discovered, 2186 enqueued
[2026-04-03T02:41:23.795+0600][68.653s][info][gc,ref      ] GC(85) Final: 84 encountered, 0 discovered, 0 enqueued
[2026-04-03T02:41:23.795+0600][68.653s][info][gc,ref      ] GC(85) Phantom: 620 encountered, 504 discovered, 0 enqueued
[2026-04-03T02:41:23.795+0600][68.653s][info][gc,reloc    ] GC(85) Small Pages: 397 / 794M, Empty: 344M, Relocated: 6M, In-Place: 0
[2026-04-03T02:41:23.795+0600][68.653s][info][gc,reloc    ] GC(85) Medium Pages: 4 / 128M, Empty: 96M, Relocated: 0M, In-Place: 0
[2026-04-03T02:41:23.795+0600][68.653s][info][gc,reloc    ] GC(85) Large Pages: 15 / 90M, Empty: 90M, Relocated: 0M, In-Place: 0
[2026-04-03T02:41:23.795+0600][68.653s][info][gc,reloc    ] GC(85) Forwarding Usage: 2M
[2026-04-03T02:41:23.795+0600][68.653s][info][gc,heap     ] GC(85) Min Capacity: 8M(0%)
[2026-04-03T02:41:23.795+0600][68.653s][info][gc,heap     ] GC(85) Max Capacity: 1750M(100%)
[2026-04-03T02:41:23.795+0600][68.653s][info][gc,heap     ] GC(85) Soft Max Capacity: 1750M(100%)
[2026-04-03T02:41:23.795+0600][68.653s][info][gc,heap     ] GC(85)                Mark Start          Mark End        Relocate Start      Relocate End           High               Low         
[2026-04-03T02:41:23.795+0600][68.653s][info][gc,heap     ] GC(85)  Capacity:     1750M (100%)       1750M (100%)       1750M (100%)       1750M (100%)       1750M (100%)       1750M (100%)   
[2026-04-03T02:41:23.795+0600][68.653s][info][gc,heap     ] GC(85)      Free:      738M (42%)         462M (26%)         908M (52%)        1204M (69%)        1218M (70%)         398M (23%)    
[2026-04-03T02:41:23.795+0600][68.653s][info][gc,heap     ] GC(85)      Used:     1012M (58%)        1288M (74%)         842M (48%)         546M (31%)        1352M (77%)         532M (30%)    
[2026-04-03T02:41:23.795+0600][68.653s][info][gc,heap     ] GC(85)      Live:         -               108M (6%)          108M (6%)          108M (6%)             -                  -          
[2026-04-03T02:41:23.795+0600][68.653s][info][gc,heap     ] GC(85) Allocated:         -               276M (16%)         360M (21%)         399M (23%)            -                  -          
[2026-04-03T02:41:23.795+0600][68.653s][info][gc,heap     ] GC(85)   Garbage:         -               903M (52%)         373M (21%)          37M (2%)             -                  -          
[2026-04-03T02:41:23.795+0600][68.653s][info][gc,heap     ] GC(85) Reclaimed:         -                  -               530M (30%)         865M (49%)            -                  -          
[2026-04-03T02:41:23.795+0600][68.653s][info][gc          ] GC(85) Garbage Collection (Allocation Rate) 1012M(58%)->546M(31%)
[2026-04-03T02:41:24.013+0600][68.871s][info][gc,start    ] GC(86) Garbage Collection (System.gc())
[2026-04-03T02:41:24.013+0600][68.871s][info][gc,task     ] GC(86) Using 3 workers
[2026-04-03T02:41:24.013+0600][68.871s][info][gc,phases   ] GC(86) Pause Mark Start 0.011ms
[2026-04-03T02:41:24.083+0600][68.941s][info][gc,phases   ] GC(86) Concurrent Mark 69.440ms
[2026-04-03T02:41:24.083+0600][68.941s][info][gc,phases   ] GC(86) Pause Mark End 0.024ms
[2026-04-03T02:41:24.083+0600][68.941s][info][gc,phases   ] GC(86) Concurrent Mark Free 0.002ms
[2026-04-03T02:41:24.097+0600][68.955s][info][gc,phases   ] GC(86) Concurrent Process Non-Strong References 13.710ms
[2026-04-03T02:41:24.097+0600][68.955s][info][gc,phases   ] GC(86) Concurrent Reset Relocation Set 0.008ms
[2026-04-03T02:41:24.100+0600][68.958s][info][gc,phases   ] GC(86) Concurrent Select Relocation Set 2.639ms
[2026-04-03T02:41:24.100+0600][68.958s][info][gc,phases   ] GC(86) Pause Relocate Start 0.012ms
[2026-04-03T02:41:24.104+0600][68.962s][info][gc,phases   ] GC(86) Concurrent Relocate 4.278ms
[2026-04-03T02:41:24.105+0600][68.962s][info][gc,load     ] GC(86) Load: 4.45/5.16/5.53
[2026-04-03T02:41:24.105+0600][68.962s][info][gc,mmu      ] GC(86) MMU: 2ms/92.4%, 5ms/97.0%, 10ms/98.5%, 20ms/99.2%, 50ms/99.7%, 100ms/99.8%
[2026-04-03T02:41:24.105+0600][68.962s][info][gc,marking  ] GC(86) Mark: 2 stripe(s), 2 proactive flush(es), 1 terminate flush(es), 0 completion(s), 0 continuation(s) 
[2026-04-03T02:41:24.105+0600][68.962s][info][gc,marking  ] GC(86) Mark Stack Usage: 32M
[2026-04-03T02:41:24.105+0600][68.962s][info][gc,nmethod  ] GC(86) NMethods: 15254 registered, 2555 unregistered
[2026-04-03T02:41:24.105+0600][68.962s][info][gc,metaspace] GC(86) Metaspace: 128M used, 129M committed, 1152M reserved
[2026-04-03T02:41:24.105+0600][68.962s][info][gc,ref      ] GC(86) Soft: 3431 encountered, 0 discovered, 0 enqueued
[2026-04-03T02:41:24.105+0600][68.962s][info][gc,ref      ] GC(86) Weak: 15371 encountered, 4872 discovered, 840 enqueued
[2026-04-03T02:41:24.105+0600][68.962s][info][gc,ref      ] GC(86) Final: 84 encountered, 0 discovered, 0 enqueued
[2026-04-03T02:41:24.105+0600][68.962s][info][gc,ref      ] GC(86) Phantom: 620 encountered, 482 discovered, 0 enqueued
[2026-04-03T02:41:24.105+0600][68.962s][info][gc,reloc    ] GC(86) Small Pages: 345 / 690M, Empty: 364M, Relocated: 6M, In-Place: 0
[2026-04-03T02:41:24.105+0600][68.962s][info][gc,reloc    ] GC(86) Medium Pages: 4 / 128M, Empty: 96M, Relocated: 0M, In-Place: 0
[2026-04-03T02:41:24.105+0600][68.962s][info][gc,reloc    ] GC(86) Large Pages: 8 / 48M, Empty: 48M, Relocated: 0M, In-Place: 0
[2026-04-03T02:41:24.105+0600][68.963s][info][gc,reloc    ] GC(86) Forwarding Usage: 2M
[2026-04-03T02:41:24.105+0600][68.963s][info][gc,heap     ] GC(86) Min Capacity: 8M(0%)
[2026-04-03T02:41:24.105+0600][68.963s][info][gc,heap     ] GC(86) Max Capacity: 1750M(100%)
[2026-04-03T02:41:24.105+0600][68.963s][info][gc,heap     ] GC(86) Soft Max Capacity: 1750M(100%)
[2026-04-03T02:41:24.105+0600][68.963s][info][gc,heap     ] GC(86)                Mark Start          Mark End        Relocate Start      Relocate End           High               Low         
[2026-04-03T02:41:24.105+0600][68.963s][info][gc,heap     ] GC(86)  Capacity:     1750M (100%)       1750M (100%)       1750M (100%)       1750M (100%)       1750M (100%)       1750M (100%)   
[2026-04-03T02:41:24.105+0600][68.963s][info][gc,heap     ] GC(86)      Free:      884M (51%)         882M (50%)        1374M (79%)        1586M (91%)        1588M (91%)         882M (50%)    
[2026-04-03T02:41:24.105+0600][68.963s][info][gc,heap     ] GC(86)      Used:      866M (49%)         868M (50%)         376M (21%)         164M (9%)          868M (50%)         162M (9%)     
[2026-04-03T02:41:24.105+0600][68.963s][info][gc,heap     ] GC(86)      Live:         -               102M (6%)          102M (6%)          102M (6%)             -                  -          
[2026-04-03T02:41:24.105+0600][68.963s][info][gc,heap     ] GC(86) Allocated:         -                 2M (0%)           18M (1%)           25M (1%)             -                  -          
[2026-04-03T02:41:24.105+0600][68.963s][info][gc,heap     ] GC(86)   Garbage:         -               763M (44%)         255M (15%)          35M (2%)             -                  -          
[2026-04-03T02:41:24.105+0600][68.963s][info][gc,heap     ] GC(86) Reclaimed:         -                  -               508M (29%)         727M (42%)            -                  -          
[2026-04-03T02:41:24.105+0600][68.963s][info][gc          ] GC(86) Garbage Collection (System.gc()) 866M(49%)->164M(9%)
[2026-04-03T02:41:24.351+0600][69.209s][info][gc,start    ] GC(87) Garbage Collection (Allocation Rate)
[2026-04-03T02:41:24.351+0600][69.209s][info][gc,task     ] GC(87) Using 3 workers
[2026-04-03T02:41:24.352+0600][69.209s][info][gc,phases   ] GC(87) Pause Mark Start 0.014ms
[2026-04-03T02:41:24.463+0600][69.321s][info][gc,phases   ] GC(87) Concurrent Mark 111.356ms
[2026-04-03T02:41:24.463+0600][69.321s][info][gc,phases   ] GC(87) Pause Mark End 0.053ms
[2026-04-03T02:41:24.464+0600][69.322s][info][gc,phases   ] GC(87) Concurrent Mark Free 0.003ms
[2026-04-03T02:41:24.485+0600][69.342s][info][gc,phases   ] GC(87) Concurrent Process Non-Strong References 20.795ms
[2026-04-03T02:41:24.485+0600][69.343s][info][gc,phases   ] GC(87) Concurrent Reset Relocation Set 0.015ms
[2026-04-03T02:41:24.489+0600][69.347s][info][gc,phases   ] GC(87) Concurrent Select Relocation Set 3.965ms
[2026-04-03T02:41:24.489+0600][69.347s][info][gc,phases   ] GC(87) Pause Relocate Start 0.020ms
[2026-04-03T02:41:24.491+0600][69.349s][info][gc,phases   ] GC(87) Concurrent Relocate 2.389ms
[2026-04-03T02:41:24.492+0600][69.349s][info][gc,load     ] GC(87) Load: 4.45/5.16/5.53
[2026-04-03T02:41:24.492+0600][69.350s][info][gc,mmu      ] GC(87) MMU: 2ms/92.4%, 5ms/97.0%, 10ms/98.5%, 20ms/99.2%, 50ms/99.7%, 100ms/99.8%
[2026-04-03T02:41:24.492+0600][69.350s][info][gc,marking  ] GC(87) Mark: 2 stripe(s), 2 proactive flush(es), 1 terminate flush(es), 0 completion(s), 0 continuation(s) 
[2026-04-03T02:41:24.492+0600][69.350s][info][gc,marking  ] GC(87) Mark Stack Usage: 32M
[2026-04-03T02:41:24.492+0600][69.350s][info][gc,nmethod  ] GC(87) NMethods: 15261 registered, 2563 unregistered
[2026-04-03T02:41:24.492+0600][69.350s][info][gc,metaspace] GC(87) Metaspace: 128M used, 129M committed, 1152M reserved
[2026-04-03T02:41:24.492+0600][69.350s][info][gc,ref      ] GC(87) Soft: 3434 encountered, 0 discovered, 0 enqueued
[2026-04-03T02:41:24.492+0600][69.350s][info][gc,ref      ] GC(87) Weak: 15014 encountered, 4255 discovered, 375 enqueued
[2026-04-03T02:41:24.492+0600][69.350s][info][gc,ref      ] GC(87) Final: 84 encountered, 0 discovered, 0 enqueued
[2026-04-03T02:41:24.492+0600][69.350s][info][gc,ref      ] GC(87) Phantom: 620 encountered, 461 discovered, 0 enqueued
[2026-04-03T02:41:24.492+0600][69.350s][info][gc,reloc    ] GC(87) Small Pages: 136 / 272M, Empty: 30M, Relocated: 4M, In-Place: 0
[2026-04-03T02:41:24.492+0600][69.350s][info][gc,reloc    ] GC(87) Medium Pages: 2 / 64M, Empty: 32M, Relocated: 0M, In-Place: 0
[2026-04-03T02:41:24.492+0600][69.350s][info][gc,reloc    ] GC(87) Large Pages: 131 / 786M, Empty: 768M, Relocated: 0M, In-Place: 0
[2026-04-03T02:41:24.492+0600][69.350s][info][gc,reloc    ] GC(87) Forwarding Usage: 0M
[2026-04-03T02:41:24.492+0600][69.350s][info][gc,heap     ] GC(87) Min Capacity: 8M(0%)
[2026-04-03T02:41:24.492+0600][69.350s][info][gc,heap     ] GC(87) Max Capacity: 1750M(100%)
[2026-04-03T02:41:24.492+0600][69.350s][info][gc,heap     ] GC(87) Soft Max Capacity: 1750M(100%)
[2026-04-03T02:41:24.492+0600][69.350s][info][gc,heap     ] GC(87)                Mark Start          Mark End        Relocate Start      Relocate End           High               Low         
[2026-04-03T02:41:24.492+0600][69.350s][info][gc,heap     ] GC(87)  Capacity:     1750M (100%)       1750M (100%)       1750M (100%)       1750M (100%)       1750M (100%)       1750M (100%)   
[2026-04-03T02:41:24.492+0600][69.350s][info][gc,heap     ] GC(87)      Free:      628M (36%)         498M (28%)        1302M (74%)        1424M (81%)        1424M (81%)         480M (27%)    
[2026-04-03T02:41:24.492+0600][69.350s][info][gc,heap     ] GC(87)      Used:     1122M (64%)        1252M (72%)         448M (26%)         326M (19%)        1270M (73%)         326M (19%)    
[2026-04-03T02:41:24.492+0600][69.350s][info][gc,heap     ] GC(87)      Live:         -               124M (7%)          124M (7%)          124M (7%)             -                  -          
[2026-04-03T02:41:24.492+0600][69.350s][info][gc,heap     ] GC(87) Allocated:         -               130M (7%)          156M (9%)          161M (9%)             -                  -          
[2026-04-03T02:41:24.492+0600][69.350s][info][gc,heap     ] GC(87)   Garbage:         -               997M (57%)         167M (10%)          39M (2%)             -                  -          
[2026-04-03T02:41:24.492+0600][69.350s][info][gc,heap     ] GC(87) Reclaimed:         -                  -               830M (47%)         957M (55%)            -                  -          
[2026-04-03T02:41:24.492+0600][69.350s][info][gc          ] GC(87) Garbage Collection (Allocation Rate) 1122M(64%)->326M(19%)
[2026-04-03T02:41:24.751+0600][69.609s][info][gc,start    ] GC(88) Garbage Collection (Allocation Rate)
[2026-04-03T02:41:24.751+0600][69.609s][info][gc,task     ] GC(88) Using 2 workers
[2026-04-03T02:41:24.751+0600][69.609s][info][gc,phases   ] GC(88) Pause Mark Start 0.011ms
[2026-04-03T02:41:24.852+0600][69.710s][info][gc,phases   ] GC(88) Concurrent Mark 100.810ms
[2026-04-03T02:41:24.852+0600][69.710s][info][gc,phases   ] GC(88) Pause Mark End 0.040ms
[2026-04-03T02:41:24.852+0600][69.710s][info][gc,phases   ] GC(88) Concurrent Mark Free 0.001ms
[2026-04-03T02:41:24.875+0600][69.733s][info][gc,phases   ] GC(88) Concurrent Process Non-Strong References 22.489ms
[2026-04-03T02:41:24.875+0600][69.733s][info][gc,phases   ] GC(88) Concurrent Reset Relocation Set 0.008ms
[2026-04-03T02:41:24.878+0600][69.736s][info][gc,phases   ] GC(88) Concurrent Select Relocation Set 3.454ms
[2026-04-03T02:41:24.879+0600][69.737s][info][gc,phases   ] GC(88) Pause Relocate Start 0.013ms
[2026-04-03T02:41:24.881+0600][69.739s][info][gc,phases   ] GC(88) Concurrent Relocate 1.608ms
[2026-04-03T02:41:24.881+0600][69.739s][info][gc,load     ] GC(88) Load: 4.45/5.16/5.53
[2026-04-03T02:41:24.881+0600][69.739s][info][gc,mmu      ] GC(88) MMU: 2ms/92.4%, 5ms/97.0%, 10ms/98.5%, 20ms/99.2%, 50ms/99.7%, 100ms/99.8%
[2026-04-03T02:41:24.881+0600][69.739s][info][gc,marking  ] GC(88) Mark: 2 stripe(s), 4 proactive flush(es), 1 terminate flush(es), 0 completion(s), 0 continuation(s) 
[2026-04-03T02:41:24.881+0600][69.739s][info][gc,marking  ] GC(88) Mark Stack Usage: 32M
[2026-04-03T02:41:24.881+0600][69.739s][info][gc,nmethod  ] GC(88) NMethods: 15266 registered, 2566 unregistered
[2026-04-03T02:41:24.881+0600][69.739s][info][gc,metaspace] GC(88) Metaspace: 128M used, 129M committed, 1152M reserved
[2026-04-03T02:41:24.881+0600][69.739s][info][gc,ref      ] GC(88) Soft: 3431 encountered, 0 discovered, 0 enqueued
[2026-04-03T02:41:24.881+0600][69.739s][info][gc,ref      ] GC(88) Weak: 14960 encountered, 4661 discovered, 421 enqueued
[2026-04-03T02:41:24.881+0600][69.739s][info][gc,ref      ] GC(88) Final: 84 encountered, 0 discovered, 0 enqueued
[2026-04-03T02:41:24.881+0600][69.739s][info][gc,ref      ] GC(88) Phantom: 620 encountered, 541 discovered, 0 enqueued
[2026-04-03T02:41:24.881+0600][69.739s][info][gc,reloc    ] GC(88) Small Pages: 172 / 344M, Empty: 28M, Relocated: 3M, In-Place: 0
[2026-04-03T02:41:24.881+0600][69.739s][info][gc,reloc    ] GC(88) Medium Pages: 3 / 96M, Empty: 64M, Relocated: 0M, In-Place: 0
[2026-04-03T02:41:24.881+0600][69.739s][info][gc,reloc    ] GC(88) Large Pages: 12 / 72M, Empty: 72M, Relocated: 0M, In-Place: 0
[2026-04-03T02:41:24.881+0600][69.739s][info][gc,reloc    ] GC(88) Forwarding Usage: 0M
[2026-04-03T02:41:24.881+0600][69.739s][info][gc,heap     ] GC(88) Min Capacity: 8M(0%)
[2026-04-03T02:41:24.881+0600][69.739s][info][gc,heap     ] GC(88) Max Capacity: 1750M(100%)
[2026-04-03T02:41:24.881+0600][69.739s][info][gc,heap     ] GC(88) Soft Max Capacity: 1750M(100%)
[2026-04-03T02:41:24.881+0600][69.739s][info][gc,heap     ] GC(88)                Mark Start          Mark End        Relocate Start      Relocate End           High               Low         
[2026-04-03T02:41:24.881+0600][69.739s][info][gc,heap     ] GC(88)  Capacity:     1750M (100%)       1750M (100%)       1750M (100%)       1750M (100%)       1750M (100%)       1750M (100%)   
[2026-04-03T02:41:24.881+0600][69.739s][info][gc,heap     ] GC(88)      Free:     1238M (71%)        1186M (68%)        1322M (76%)        1526M (87%)        1526M (87%)        1160M (66%)    
[2026-04-03T02:41:24.881+0600][69.739s][info][gc,heap     ] GC(88)      Used:      512M (29%)         564M (32%)         428M (24%)         224M (13%)         590M (34%)         224M (13%)    
[2026-04-03T02:41:24.881+0600][69.739s][info][gc,heap     ] GC(88)      Live:         -               104M (6%)          104M (6%)          104M (6%)             -                  -          
[2026-04-03T02:41:24.881+0600][69.739s][info][gc,heap     ] GC(88) Allocated:         -                52M (3%)           80M (5%)           81M (5%)             -                  -          
[2026-04-03T02:41:24.881+0600][69.739s][info][gc,heap     ] GC(88)   Garbage:         -               407M (23%)         243M (14%)          37M (2%)             -                  -          
[2026-04-03T02:41:24.881+0600][69.739s][info][gc,heap     ] GC(88) Reclaimed:         -                  -               164M (9%)          369M (21%)            -                  -          
[2026-04-03T02:41:24.881+0600][69.739s][info][gc          ] GC(88) Garbage Collection (Allocation Rate) 512M(29%)->224M(13%)
[2026-04-03T02:41:25.251+0600][70.109s][info][gc,stats    ] === Garbage Collection Statistics =======================================================================================================================
[2026-04-03T02:41:25.251+0600][70.109s][info][gc,stats    ]                                                              Last 10s              Last 10m              Last 10h                Total
[2026-04-03T02:41:25.251+0600][70.109s][info][gc,stats    ]                                                              Avg / Max             Avg / Max             Avg / Max             Avg / Max
[2026-04-03T02:41:25.251+0600][70.109s][info][gc,stats    ]   Collector: Garbage Collection Cycle                    165.986 / 247.498     178.377 / 377.768     178.377 / 377.768     178.377 / 377.768     ms
[2026-04-03T02:41:25.251+0600][70.109s][info][gc,stats    ]  Contention: Mark Segment Reset Contention                     2 / 6                 1 / 11                1 / 11                1 / 11          ops/s
[2026-04-03T02:41:25.251+0600][70.109s][info][gc,stats    ]  Contention: Mark SeqNum Reset Contention                      0 / 1                 0 / 2                 0 / 2                 0 / 2           ops/s
[2026-04-03T02:41:25.251+0600][70.109s][info][gc,stats    ]    Critical: Allocation Stall                                  0 / 0                 0 / 5                 0 / 5                 0 / 5           ops/s
[2026-04-03T02:41:25.251+0600][70.109s][info][gc,stats    ]    Critical: Allocation Stall                              0.000 / 0.000        32.106 / 41.951       32.106 / 41.951       32.106 / 41.951      ms
[2026-04-03T02:41:25.251+0600][70.109s][info][gc,stats    ]    Critical: GC Locker Stall                                   1 / 2                 0 / 3                 0 / 3                 0 / 3           ops/s
[2026-04-03T02:41:25.251+0600][70.109s][info][gc,stats    ]    Critical: GC Locker Stall                               0.016 / 0.062         0.026 / 0.205         0.026 / 0.205         0.026 / 0.205       ms
[2026-04-03T02:41:25.251+0600][70.109s][info][gc,stats    ]    Critical: Relocation Stall                                  0 / 0                 0 / 0                 0 / 0                 0 / 0           ops/s
[2026-04-03T02:41:25.251+0600][70.109s][info][gc,stats    ]    Critical: Relocation Stall                              0.000 / 0.000         0.000 / 0.000         0.000 / 0.000         0.000 / 0.000       ms
[2026-04-03T02:41:25.251+0600][70.109s][info][gc,stats    ]      Memory: Allocation Rate                                1646 / 1974            976 / 2032            976 / 2032            976 / 2032        MB/s
[2026-04-03T02:41:25.251+0600][70.109s][info][gc,stats    ]      Memory: Defragment                                       27 / 125              21 / 166              21 / 166              21 / 166         ops/s
[2026-04-03T02:41:25.251+0600][70.109s][info][gc,stats    ]      Memory: Out Of Memory                                     0 / 0                 0 / 0                 0 / 0                 0 / 0           ops/s
[2026-04-03T02:41:25.251+0600][70.109s][info][gc,stats    ]      Memory: Page Cache Flush                                200 / 338             117 / 502             117 / 502             117 / 502         MB/s
[2026-04-03T02:41:25.251+0600][70.109s][info][gc,stats    ]      Memory: Page Cache Hit L1                               514 / 590             311 / 590             311 / 590             311 / 590         ops/s
[2026-04-03T02:41:25.251+0600][70.109s][info][gc,stats    ]      Memory: Page Cache Hit L2                                 0 / 0                 0 / 0                 0 / 0                 0 / 0           ops/s
[2026-04-03T02:41:25.251+0600][70.109s][info][gc,stats    ]      Memory: Page Cache Hit L3                                29 / 104              20 / 110              20 / 110              20 / 110         ops/s
[2026-04-03T02:41:25.251+0600][70.109s][info][gc,stats    ]      Memory: Page Cache Miss                                  13 / 41               13 / 173              13 / 173              13 / 173         ops/s
[2026-04-03T02:41:25.251+0600][70.109s][info][gc,stats    ]      Memory: Uncommit                                          0 / 0                 0 / 0                 0 / 0                 0 / 0           MB/s
[2026-04-03T02:41:25.251+0600][70.109s][info][gc,stats    ]      Memory: Undo Object Allocation Failed                     0 / 0                 0 / 0                 0 / 0                 0 / 0           ops/s
[2026-04-03T02:41:25.251+0600][70.109s][info][gc,stats    ]      Memory: Undo Object Allocation Succeeded                  2 / 5                14 / 459              14 / 459              14 / 459         ops/s
[2026-04-03T02:41:25.251+0600][70.109s][info][gc,stats    ]      Memory: Undo Page Allocation                              2 / 7                 1 / 7                 1 / 7                 1 / 7           ops/s
[2026-04-03T02:41:25.251+0600][70.109s][info][gc,stats    ]       Phase: Concurrent Mark                             126.588 / 188.377     133.380 / 298.329     133.380 / 298.329     133.380 / 298.329     ms
[2026-04-03T02:41:25.251+0600][70.109s][info][gc,stats    ]       Phase: Concurrent Mark Continue                      0.000 / 0.000         0.000 / 0.000         0.000 / 0.000         0.000 / 0.000       ms
[2026-04-03T02:41:25.251+0600][70.109s][info][gc,stats    ]       Phase: Concurrent Mark Free                          0.002 / 0.004         0.002 / 0.004         0.002 / 0.004         0.002 / 0.004       ms
[2026-04-03T02:41:25.251+0600][70.109s][info][gc,stats    ]       Phase: Concurrent Process Non-Strong References     24.884 / 37.653       29.777 / 67.653       29.777 / 67.653       29.777 / 67.653      ms
[2026-04-03T02:41:25.251+0600][70.109s][info][gc,stats    ]       Phase: Concurrent Relocate                           6.322 / 17.084        8.708 / 33.965        8.708 / 33.965        8.708 / 33.965      ms
[2026-04-03T02:41:25.251+0600][70.109s][info][gc,stats    ]       Phase: Concurrent Reset Relocation Set               0.014 / 0.019         0.016 / 0.043         0.016 / 0.043         0.016 / 0.043       ms
[2026-04-03T02:41:25.251+0600][70.109s][info][gc,stats    ]       Phase: Concurrent Select Relocation Set              3.791 / 6.139         4.128 / 9.099         4.128 / 9.099         4.128 / 9.099       ms
[2026-04-03T02:41:25.251+0600][70.109s][info][gc,stats    ]       Phase: Pause Mark End                                0.041 / 0.065         0.042 / 0.152         0.042 / 0.152         0.042 / 0.152       ms
[2026-04-03T02:41:25.251+0600][70.109s][info][gc,stats    ]       Phase: Pause Mark Start                              0.014 / 0.023         0.017 / 0.093         0.017 / 0.093         0.017 / 0.093       ms
[2026-04-03T02:41:25.251+0600][70.109s][info][gc,stats    ]       Phase: Pause Relocate Start                          0.018 / 0.044         0.018 / 0.045         0.018 / 0.045         0.018 / 0.045       ms
[2026-04-03T02:41:25.251+0600][70.109s][info][gc,stats    ]    Subphase: Concurrent Classes Purge                      0.079 / 0.125         0.219 / 3.505         0.219 / 3.505         0.219 / 3.505       ms
[2026-04-03T02:41:25.251+0600][70.109s][info][gc,stats    ]    Subphase: Concurrent Classes Unlink                    21.575 / 32.990       25.819 / 63.133       25.819 / 63.133       25.819 / 63.133      ms
[2026-04-03T02:41:25.251+0600][70.109s][info][gc,stats    ]    Subphase: Concurrent Mark                             118.802 / 185.210     121.606 / 292.279     121.606 / 292.279     121.606 / 292.279     ms
[2026-04-03T02:41:25.251+0600][70.109s][info][gc,stats    ]    Subphase: Concurrent Mark Try Flush                     0.416 / 2.206         0.441 / 4.889         0.441 / 4.889         0.441 / 4.889       ms
[2026-04-03T02:41:25.251+0600][70.109s][info][gc,stats    ]    Subphase: Concurrent Mark Try Terminate                 0.729 / 1.216         0.733 / 4.580         0.733 / 4.580         0.733 / 4.580       ms
[2026-04-03T02:41:25.251+0600][70.109s][info][gc,stats    ]    Subphase: Concurrent References Enqueue                 0.009 / 0.027         0.009 / 0.027         0.009 / 0.027         0.009 / 0.027       ms
[2026-04-03T02:41:25.251+0600][70.109s][info][gc,stats    ]    Subphase: Concurrent References Process                 0.815 / 1.371         1.030 / 2.076         1.030 / 2.076         1.030 / 2.076       ms
[2026-04-03T02:41:25.251+0600][70.109s][info][gc,stats    ]    Subphase: Concurrent Roots ClassLoaderDataGraph         0.421 / 0.965         0.437 / 1.022         0.437 / 1.022         0.437 / 1.022       ms
[2026-04-03T02:41:25.252+0600][70.109s][info][gc,stats    ]    Subphase: Concurrent Roots CodeCache                    0.000 / 0.000         0.000 / 0.000         0.000 / 0.000         0.000 / 0.000       ms
[2026-04-03T02:41:25.252+0600][70.109s][info][gc,stats    ]    Subphase: Concurrent Roots JavaThreads                  1.237 / 2.543         1.433 / 5.185         1.433 / 5.185         1.433 / 5.185       ms
[2026-04-03T02:41:25.252+0600][70.109s][info][gc,stats    ]    Subphase: Concurrent Roots OopStorageSet                0.092 / 0.171         0.105 / 0.398         0.105 / 0.398         0.105 / 0.398       ms
[2026-04-03T02:41:25.252+0600][70.109s][info][gc,stats    ]    Subphase: Concurrent Weak Roots OopStorageSet           1.525 / 2.601         1.663 / 4.980         1.663 / 4.980         1.663 / 4.980       ms
[2026-04-03T02:41:25.252+0600][70.109s][info][gc,stats    ]    Subphase: Pause Mark Try Complete                       0.000 / 0.000         0.003 / 0.008         0.003 / 0.008         0.003 / 0.008       ms
[2026-04-03T02:41:25.252+0600][70.109s][info][gc,stats    ]      System: Java Threads                                    284 / 285             262 / 286             262 / 286             262 / 286         threads
[2026-04-03T02:41:25.252+0600][70.109s][info][gc,stats    ] =========================================================================================================================================================
[2026-04-03T02:41:25.351+0600][70.209s][info][gc,start    ] GC(89) Garbage Collection (Allocation Rate)
[2026-04-03T02:41:25.351+0600][70.209s][info][gc,task     ] GC(89) Using 2 workers
[2026-04-03T02:41:25.352+0600][70.209s][info][gc,phases   ] GC(89) Pause Mark Start 0.019ms
[2026-04-03T02:41:25.512+0600][70.370s][info][gc,phases   ] GC(89) Concurrent Mark 160.216ms
[2026-04-03T02:41:25.512+0600][70.370s][info][gc,phases   ] GC(89) Pause Mark End 0.035ms
[2026-04-03T02:41:25.513+0600][70.370s][info][gc,phases   ] GC(89) Concurrent Mark Free 0.003ms
[2026-04-03T02:41:25.545+0600][70.403s][info][gc,phases   ] GC(89) Concurrent Process Non-Strong References 32.154ms
[2026-04-03T02:41:25.545+0600][70.403s][info][gc,phases   ] GC(89) Concurrent Reset Relocation Set 0.011ms
[2026-04-03T02:41:25.549+0600][70.407s][info][gc,phases   ] GC(89) Concurrent Select Relocation Set 4.157ms
[2026-04-03T02:41:25.549+0600][70.407s][info][gc,phases   ] GC(89) Pause Relocate Start 0.018ms
[2026-04-03T02:41:25.555+0600][70.413s][info][gc,phases   ] GC(89) Concurrent Relocate 5.585ms
[2026-04-03T02:41:25.555+0600][70.413s][info][gc,load     ] GC(89) Load: 4.33/5.12/5.51
[2026-04-03T02:41:25.555+0600][70.413s][info][gc,mmu      ] GC(89) MMU: 2ms/92.4%, 5ms/97.0%, 10ms/98.5%, 20ms/99.2%, 50ms/99.7%, 100ms/99.8%
[2026-04-03T02:41:25.555+0600][70.413s][info][gc,marking  ] GC(89) Mark: 2 stripe(s), 2 proactive flush(es), 1 terminate flush(es), 0 completion(s), 0 continuation(s) 
[2026-04-03T02:41:25.555+0600][70.413s][info][gc,marking  ] GC(89) Mark Stack Usage: 32M
[2026-04-03T02:41:25.555+0600][70.413s][info][gc,nmethod  ] GC(89) NMethods: 15276 registered, 2581 unregistered
[2026-04-03T02:41:25.555+0600][70.413s][info][gc,metaspace] GC(89) Metaspace: 128M used, 129M committed, 1152M reserved
[2026-04-03T02:41:25.555+0600][70.413s][info][gc,ref      ] GC(89) Soft: 3439 encountered, 0 discovered, 0 enqueued
[2026-04-03T02:41:25.555+0600][70.413s][info][gc,ref      ] GC(89) Weak: 15535 encountered, 5700 discovered, 36 enqueued
[2026-04-03T02:41:25.555+0600][70.413s][info][gc,ref      ] GC(89) Final: 84 encountered, 0 discovered, 0 enqueued
[2026-04-03T02:41:25.555+0600][70.413s][info][gc,ref      ] GC(89) Phantom: 620 encountered, 341 discovered, 0 enqueued
[2026-04-03T02:41:25.555+0600][70.413s][info][gc,reloc    ] GC(89) Small Pages: 308 / 616M, Empty: 188M, Relocated: 5M, In-Place: 0
[2026-04-03T02:41:25.555+0600][70.413s][info][gc,reloc    ] GC(89) Medium Pages: 5 / 160M, Empty: 128M, Relocated: 0M, In-Place: 0
[2026-04-03T02:41:25.555+0600][70.413s][info][gc,reloc    ] GC(89) Large Pages: 13 / 78M, Empty: 78M, Relocated: 0M, In-Place: 0
[2026-04-03T02:41:25.555+0600][70.413s][info][gc,reloc    ] GC(89) Forwarding Usage: 1M
[2026-04-03T02:41:25.555+0600][70.413s][info][gc,heap     ] GC(89) Min Capacity: 8M(0%)
[2026-04-03T02:41:25.556+0600][70.413s][info][gc,heap     ] GC(89) Max Capacity: 1750M(100%)
[2026-04-03T02:41:25.556+0600][70.413s][info][gc,heap     ] GC(89) Soft Max Capacity: 1750M(100%)
[2026-04-03T02:41:25.556+0600][70.413s][info][gc,heap     ] GC(89)                Mark Start          Mark End        Relocate Start      Relocate End           High               Low         
[2026-04-03T02:41:25.556+0600][70.413s][info][gc,heap     ] GC(89)  Capacity:     1750M (100%)       1750M (100%)       1750M (100%)       1750M (100%)       1750M (100%)       1750M (100%)   
[2026-04-03T02:41:25.556+0600][70.413s][info][gc,heap     ] GC(89)      Free:      896M (51%)         642M (37%)         998M (57%)        1300M (74%)        1306M (75%)         610M (35%)    
[2026-04-03T02:41:25.556+0600][70.413s][info][gc,heap     ] GC(89)      Used:      854M (49%)        1108M (63%)         752M (43%)         450M (26%)        1140M (65%)         444M (25%)    
[2026-04-03T02:41:25.556+0600][70.413s][info][gc,heap     ] GC(89)      Live:         -               107M (6%)          107M (6%)          107M (6%)             -                  -          
[2026-04-03T02:41:25.556+0600][70.413s][info][gc,heap     ] GC(89) Allocated:         -               254M (15%)         292M (17%)         303M (17%)            -                  -          
[2026-04-03T02:41:25.556+0600][70.413s][info][gc,heap     ] GC(89)   Garbage:         -               746M (43%)         352M (20%)          38M (2%)             -                  -          
[2026-04-03T02:41:25.556+0600][70.413s][info][gc,heap     ] GC(89) Reclaimed:         -                  -               394M (23%)         707M (40%)            -                  -          
[2026-04-03T02:41:25.556+0600][70.413s][info][gc          ] GC(89) Garbage Collection (Allocation Rate) 854M(49%)->450M(26%)
[2026-04-03T02:41:26.051+0600][70.909s][info][gc,start    ] GC(90) Garbage Collection (Allocation Rate)
[2026-04-03T02:41:26.051+0600][70.909s][info][gc,task     ] GC(90) Using 2 workers
[2026-04-03T02:41:26.051+0600][70.909s][info][gc,phases   ] GC(90) Pause Mark Start 0.013ms
[2026-04-03T02:41:26.215+0600][71.073s][info][gc,phases   ] GC(90) Concurrent Mark 163.665ms
[2026-04-03T02:41:26.215+0600][71.073s][info][gc,phases   ] GC(90) Pause Mark End 0.035ms
[2026-04-03T02:41:26.216+0600][71.073s][info][gc,phases   ] GC(90) Concurrent Mark Free 0.002ms
[2026-04-03T02:41:26.245+0600][71.103s][info][gc,phases   ] GC(90) Concurrent Process Non-Strong References 29.011ms
[2026-04-03T02:41:26.245+0600][71.103s][info][gc,phases   ] GC(90) Concurrent Reset Relocation Set 0.017ms
[2026-04-03T02:41:26.249+0600][71.107s][info][gc,phases   ] GC(90) Concurrent Select Relocation Set 4.566ms
[2026-04-03T02:41:26.250+0600][71.108s][info][gc,phases   ] GC(90) Pause Relocate Start 0.015ms
[2026-04-03T02:41:26.255+0600][71.113s][info][gc,phases   ] GC(90) Concurrent Relocate 5.677ms
[2026-04-03T02:41:26.256+0600][71.113s][info][gc,load     ] GC(90) Load: 4.33/5.12/5.51
[2026-04-03T02:41:26.256+0600][71.113s][info][gc,mmu      ] GC(90) MMU: 2ms/92.4%, 5ms/97.0%, 10ms/98.5%, 20ms/99.2%, 50ms/99.7%, 100ms/99.8%
[2026-04-03T02:41:26.256+0600][71.114s][info][gc,marking  ] GC(90) Mark: 2 stripe(s), 2 proactive flush(es), 1 terminate flush(es), 0 completion(s), 0 continuation(s) 
[2026-04-03T02:41:26.256+0600][71.114s][info][gc,marking  ] GC(90) Mark Stack Usage: 32M
[2026-04-03T02:41:26.256+0600][71.114s][info][gc,nmethod  ] GC(90) NMethods: 15282 registered, 2601 unregistered
[2026-04-03T02:41:26.256+0600][71.114s][info][gc,metaspace] GC(90) Metaspace: 128M used, 129M committed, 1152M reserved
[2026-04-03T02:41:26.256+0600][71.114s][info][gc,ref      ] GC(90) Soft: 3431 encountered, 0 discovered, 0 enqueued
[2026-04-03T02:41:26.256+0600][71.114s][info][gc,ref      ] GC(90) Weak: 16422 encountered, 5574 discovered, 1616 enqueued
[2026-04-03T02:41:26.256+0600][71.114s][info][gc,ref      ] GC(90) Final: 84 encountered, 0 discovered, 0 enqueued
[2026-04-03T02:41:26.256+0600][71.114s][info][gc,ref      ] GC(90) Phantom: 620 encountered, 515 discovered, 0 enqueued
[2026-04-03T02:41:26.256+0600][71.114s][info][gc,reloc    ] GC(90) Small Pages: 371 / 742M, Empty: 238M, Relocated: 4M, In-Place: 0
[2026-04-03T02:41:26.256+0600][71.114s][info][gc,reloc    ] GC(90) Medium Pages: 5 / 160M, Empty: 128M, Relocated: 0M, In-Place: 0
[2026-04-03T02:41:26.256+0600][71.114s][info][gc,reloc    ] GC(90) Large Pages: 13 / 78M, Empty: 78M, Relocated: 0M, In-Place: 0
[2026-04-03T02:41:26.256+0600][71.114s][info][gc,reloc    ] GC(90) Forwarding Usage: 1M
[2026-04-03T02:41:26.256+0600][71.114s][info][gc,heap     ] GC(90) Min Capacity: 8M(0%)
[2026-04-03T02:41:26.256+0600][71.114s][info][gc,heap     ] GC(90) Max Capacity: 1750M(100%)
[2026-04-03T02:41:26.256+0600][71.114s][info][gc,heap     ] GC(90) Soft Max Capacity: 1750M(100%)
[2026-04-03T02:41:26.256+0600][71.114s][info][gc,heap     ] GC(90)                Mark Start          Mark End        Relocate Start      Relocate End           High               Low         
[2026-04-03T02:41:26.256+0600][71.114s][info][gc,heap     ] GC(90)  Capacity:     1750M (100%)       1750M (100%)       1750M (100%)       1750M (100%)       1750M (100%)       1750M (100%)   
[2026-04-03T02:41:26.256+0600][71.114s][info][gc,heap     ] GC(90)      Free:      770M (44%)         532M (30%)         942M (54%)        1328M (76%)        1328M (76%)         512M (29%)    
[2026-04-03T02:41:26.256+0600][71.114s][info][gc,heap     ] GC(90)      Used:      980M (56%)        1218M (70%)         808M (46%)         422M (24%)        1238M (71%)         422M (24%)    
[2026-04-03T02:41:26.256+0600][71.114s][info][gc,heap     ] GC(90)      Live:         -               106M (6%)          106M (6%)          106M (6%)             -                  -          
[2026-04-03T02:41:26.256+0600][71.114s][info][gc,heap     ] GC(90) Allocated:         -               238M (14%)         272M (16%)         275M (16%)            -                  -          
[2026-04-03T02:41:26.256+0600][71.114s][info][gc,heap     ] GC(90)   Garbage:         -               873M (50%)         429M (25%)          39M (2%)             -                  -          
[2026-04-03T02:41:26.256+0600][71.114s][info][gc,heap     ] GC(90) Reclaimed:         -                  -               444M (25%)         833M (48%)            -                  -          
[2026-04-03T02:41:26.256+0600][71.114s][info][gc          ] GC(90) Garbage Collection (Allocation Rate) 980M(56%)->422M(24%)
[2026-04-03T02:41:26.851+0600][71.709s][info][gc,start    ] GC(91) Garbage Collection (Allocation Rate)
[2026-04-03T02:41:26.851+0600][71.709s][info][gc,task     ] GC(91) Using 2 workers
[2026-04-03T02:41:26.851+0600][71.709s][info][gc,phases   ] GC(91) Pause Mark Start 0.012ms
[2026-04-03T02:41:27.040+0600][71.898s][info][gc,phases   ] GC(91) Concurrent Mark 189.116ms
[2026-04-03T02:41:27.041+0600][71.899s][info][gc,phases   ] GC(91) Pause Mark End 0.035ms
[2026-04-03T02:41:27.041+0600][71.899s][info][gc,phases   ] GC(91) Concurrent Mark Free 0.002ms
[2026-04-03T02:41:27.073+0600][71.931s][info][gc,phases   ] GC(91) Concurrent Process Non-Strong References 32.311ms
[2026-04-03T02:41:27.073+0600][71.931s][info][gc,phases   ] GC(91) Concurrent Reset Relocation Set 0.028ms
[2026-04-03T02:41:27.077+0600][71.935s][info][gc,phases   ] GC(91) Concurrent Select Relocation Set 3.993ms
[2026-04-03T02:41:27.077+0600][71.935s][info][gc,phases   ] GC(91) Pause Relocate Start 0.018ms
[2026-04-03T02:41:27.088+0600][71.946s][info][gc,phases   ] GC(91) Concurrent Relocate 10.165ms
[2026-04-03T02:41:27.088+0600][71.946s][info][gc,load     ] GC(91) Load: 4.33/5.12/5.51
[2026-04-03T02:41:27.088+0600][71.946s][info][gc,mmu      ] GC(91) MMU: 2ms/92.4%, 5ms/97.0%, 10ms/98.5%, 20ms/99.2%, 50ms/99.7%, 100ms/99.8%
[2026-04-03T02:41:27.088+0600][71.946s][info][gc,marking  ] GC(91) Mark: 2 stripe(s), 2 proactive flush(es), 1 terminate flush(es), 0 completion(s), 0 continuation(s) 
[2026-04-03T02:41:27.088+0600][71.946s][info][gc,marking  ] GC(91) Mark Stack Usage: 32M
[2026-04-03T02:41:27.088+0600][71.946s][info][gc,nmethod  ] GC(91) NMethods: 15286 registered, 2616 unregistered
[2026-04-03T02:41:27.088+0600][71.946s][info][gc,metaspace] GC(91) Metaspace: 128M used, 129M committed, 1152M reserved
[2026-04-03T02:41:27.088+0600][71.946s][info][gc,ref      ] GC(91) Soft: 3439 encountered, 0 discovered, 0 enqueued
[2026-04-03T02:41:27.088+0600][71.946s][info][gc,ref      ] GC(91) Weak: 16554 encountered, 6761 discovered, 1732 enqueued
[2026-04-03T02:41:27.088+0600][71.946s][info][gc,ref      ] GC(91) Final: 84 encountered, 0 discovered, 0 enqueued
[2026-04-03T02:41:27.088+0600][71.946s][info][gc,ref      ] GC(91) Phantom: 620 encountered, 544 discovered, 0 enqueued
[2026-04-03T02:41:27.088+0600][71.946s][info][gc,reloc    ] GC(91) Small Pages: 458 / 916M, Empty: 368M, Relocated: 8M, In-Place: 0
[2026-04-03T02:41:27.088+0600][71.946s][info][gc,reloc    ] GC(91) Medium Pages: 7 / 224M, Empty: 192M, Relocated: 0M, In-Place: 0
[2026-04-03T02:41:27.088+0600][71.946s][info][gc,reloc    ] GC(91) Large Pages: 25 / 150M, Empty: 150M, Relocated: 0M, In-Place: 0
[2026-04-03T02:41:27.088+0600][71.946s][info][gc,reloc    ] GC(91) Forwarding Usage: 2M
[2026-04-03T02:41:27.088+0600][71.946s][info][gc,heap     ] GC(91) Min Capacity: 8M(0%)
[2026-04-03T02:41:27.088+0600][71.946s][info][gc,heap     ] GC(91) Max Capacity: 1750M(100%)
[2026-04-03T02:41:27.088+0600][71.946s][info][gc,heap     ] GC(91) Soft Max Capacity: 1750M(100%)
[2026-04-03T02:41:27.088+0600][71.946s][info][gc,heap     ] GC(91)                Mark Start          Mark End        Relocate Start      Relocate End           High               Low         
[2026-04-03T02:41:27.088+0600][71.946s][info][gc,heap     ] GC(91)  Capacity:     1750M (100%)       1750M (100%)       1750M (100%)       1750M (100%)       1750M (100%)       1750M (100%)   
[2026-04-03T02:41:27.088+0600][71.946s][info][gc,heap     ] GC(91)      Free:      460M (26%)         176M (10%)         828M (47%)        1228M (70%)        1242M (71%)         134M (8%)     
[2026-04-03T02:41:27.088+0600][71.946s][info][gc,heap     ] GC(91)      Used:     1290M (74%)        1574M (90%)         922M (53%)         522M (30%)        1616M (92%)         508M (29%)    
[2026-04-03T02:41:27.088+0600][71.946s][info][gc,heap     ] GC(91)      Live:         -               110M (6%)          110M (6%)          110M (6%)             -                  -          
[2026-04-03T02:41:27.088+0600][71.946s][info][gc,heap     ] GC(91) Allocated:         -               284M (16%)         342M (20%)         373M (21%)            -                  -          
[2026-04-03T02:41:27.088+0600][71.946s][info][gc,heap     ] GC(91)   Garbage:         -              1179M (67%)         469M (27%)          37M (2%)             -                  -          
[2026-04-03T02:41:27.088+0600][71.946s][info][gc,heap     ] GC(91) Reclaimed:         -                  -               710M (41%)        1141M (65%)            -                  -          
[2026-04-03T02:41:27.088+0600][71.946s][info][gc          ] GC(91) Garbage Collection (Allocation Rate) 1290M(74%)->522M(30%)
[2026-04-03T02:41:27.251+0600][72.109s][info][gc,start    ] GC(92) Garbage Collection (Allocation Rate)
[2026-04-03T02:41:27.251+0600][72.109s][info][gc,task     ] GC(92) Using 3 workers
[2026-04-03T02:41:27.252+0600][72.109s][info][gc,phases   ] GC(92) Pause Mark Start 0.020ms
[2026-04-03T02:41:27.358+0600][72.216s][info][gc,phases   ] GC(92) Concurrent Mark 106.628ms
[2026-04-03T02:41:27.358+0600][72.216s][info][gc,phases   ] GC(92) Pause Mark End 0.036ms
[2026-04-03T02:41:27.359+0600][72.217s][info][gc,phases   ] GC(92) Concurrent Mark Free 0.002ms
[2026-04-03T02:41:27.384+0600][72.242s][info][gc,phases   ] GC(92) Concurrent Process Non-Strong References 25.495ms
[2026-04-03T02:41:27.384+0600][72.242s][info][gc,phases   ] GC(92) Concurrent Reset Relocation Set 0.030ms
[2026-04-03T02:41:27.388+0600][72.246s][info][gc,phases   ] GC(92) Concurrent Select Relocation Set 3.576ms
[2026-04-03T02:41:27.388+0600][72.246s][info][gc,phases   ] GC(92) Pause Relocate Start 0.021ms
[2026-04-03T02:41:27.394+0600][72.252s][info][gc,phases   ] GC(92) Concurrent Relocate 5.459ms
[2026-04-03T02:41:27.394+0600][72.252s][info][gc,load     ] GC(92) Load: 4.33/5.12/5.51
[2026-04-03T02:41:27.394+0600][72.252s][info][gc,mmu      ] GC(92) MMU: 2ms/92.4%, 5ms/97.0%, 10ms/98.5%, 20ms/99.2%, 50ms/99.7%, 100ms/99.8%
[2026-04-03T02:41:27.394+0600][72.252s][info][gc,marking  ] GC(92) Mark: 2 stripe(s), 2 proactive flush(es), 1 terminate flush(es), 0 completion(s), 0 continuation(s) 
[2026-04-03T02:41:27.394+0600][72.252s][info][gc,marking  ] GC(92) Mark Stack Usage: 32M
[2026-04-03T02:41:27.394+0600][72.252s][info][gc,nmethod  ] GC(92) NMethods: 15288 registered, 2622 unregistered
[2026-04-03T02:41:27.394+0600][72.252s][info][gc,metaspace] GC(92) Metaspace: 128M used, 129M committed, 1152M reserved
[2026-04-03T02:41:27.394+0600][72.252s][info][gc,ref      ] GC(92) Soft: 3431 encountered, 0 discovered, 0 enqueued
[2026-04-03T02:41:27.394+0600][72.252s][info][gc,ref      ] GC(92) Weak: 15344 encountered, 4572 discovered, 579 enqueued
[2026-04-03T02:41:27.394+0600][72.252s][info][gc,ref      ] GC(92) Final: 84 encountered, 0 discovered, 0 enqueued
[2026-04-03T02:41:27.394+0600][72.252s][info][gc,ref      ] GC(92) Phantom: 620 encountered, 537 discovered, 0 enqueued
[2026-04-03T02:41:27.394+0600][72.252s][info][gc,reloc    ] GC(92) Small Pages: 301 / 602M, Empty: 312M, Relocated: 4M, In-Place: 0
[2026-04-03T02:41:27.394+0600][72.252s][info][gc,reloc    ] GC(92) Medium Pages: 3 / 96M, Empty: 64M, Relocated: 0M, In-Place: 0
[2026-04-03T02:41:27.394+0600][72.252s][info][gc,reloc    ] GC(92) Large Pages: 71 / 426M, Empty: 426M, Relocated: 0M, In-Place: 0
[2026-04-03T02:41:27.394+0600][72.252s][info][gc,reloc    ] GC(92) Forwarding Usage: 1M
[2026-04-03T02:41:27.394+0600][72.252s][info][gc,heap     ] GC(92) Min Capacity: 8M(0%)
[2026-04-03T02:41:27.394+0600][72.252s][info][gc,heap     ] GC(92) Max Capacity: 1750M(100%)
[2026-04-03T02:41:27.394+0600][72.252s][info][gc,heap     ] GC(92) Soft Max Capacity: 1750M(100%)
[2026-04-03T02:41:27.394+0600][72.252s][info][gc,heap     ] GC(92)                Mark Start          Mark End        Relocate Start      Relocate End           High               Low         
[2026-04-03T02:41:27.394+0600][72.252s][info][gc,heap     ] GC(92)  Capacity:     1750M (100%)       1750M (100%)       1750M (100%)       1750M (100%)       1750M (100%)       1750M (100%)   
[2026-04-03T02:41:27.394+0600][72.252s][info][gc,heap     ] GC(92)      Free:      626M (36%)         374M (21%)        1020M (58%)        1138M (65%)        1184M (68%)         244M (14%)    
[2026-04-03T02:41:27.394+0600][72.252s][info][gc,heap     ] GC(92)      Used:     1124M (64%)        1376M (79%)         730M (42%)         612M (35%)        1506M (86%)         566M (32%)    
[2026-04-03T02:41:27.394+0600][72.252s][info][gc,heap     ] GC(92)      Live:         -               107M (6%)          107M (6%)          107M (6%)             -                  -          
[2026-04-03T02:41:27.394+0600][72.252s][info][gc,heap     ] GC(92) Allocated:         -               252M (14%)         408M (23%)         463M (27%)            -                  -          
[2026-04-03T02:41:27.394+0600][72.252s][info][gc,heap     ] GC(92)   Garbage:         -              1016M (58%)         214M (12%)          40M (2%)             -                  -          
[2026-04-03T02:41:27.394+0600][72.252s][info][gc,heap     ] GC(92) Reclaimed:         -                  -               802M (46%)         975M (56%)            -                  -          
[2026-04-03T02:41:27.394+0600][72.252s][info][gc          ] GC(92) Garbage Collection (Allocation Rate) 1124M(64%)->612M(35%)
[2026-04-03T02:41:27.451+0600][72.309s][info][gc,start    ] GC(93) Garbage Collection (Allocation Rate)
[2026-04-03T02:41:27.451+0600][72.309s][info][gc,task     ] GC(93) Using 3 workers
[2026-04-03T02:41:27.451+0600][72.309s][info][gc,phases   ] GC(93) Pause Mark Start 0.008ms
[2026-04-03T02:41:27.551+0600][72.409s][info][gc,phases   ] GC(93) Concurrent Mark 100.403ms
[2026-04-03T02:41:27.552+0600][72.410s][info][gc,phases   ] GC(93) Pause Mark End 0.029ms
[2026-04-03T02:41:27.552+0600][72.410s][info][gc,phases   ] GC(93) Concurrent Mark Free 0.001ms
[2026-04-03T02:41:27.573+0600][72.431s][info][gc,phases   ] GC(93) Concurrent Process Non-Strong References 20.838ms
[2026-04-03T02:41:27.573+0600][72.431s][info][gc,phases   ] GC(93) Concurrent Reset Relocation Set 0.011ms
[2026-04-03T02:41:27.578+0600][72.436s][info][gc,phases   ] GC(93) Concurrent Select Relocation Set 4.749ms
[2026-04-03T02:41:27.578+0600][72.436s][info][gc,phases   ] GC(93) Pause Relocate Start 0.079ms
[2026-04-03T02:41:27.584+0600][72.441s][info][gc,phases   ] GC(93) Concurrent Relocate 4.245ms
[2026-04-03T02:41:27.584+0600][72.442s][info][gc,load     ] GC(93) Load: 4.33/5.12/5.51
[2026-04-03T02:41:27.584+0600][72.442s][info][gc,mmu      ] GC(93) MMU: 2ms/92.4%, 5ms/97.0%, 10ms/98.5%, 20ms/99.2%, 50ms/99.7%, 100ms/99.8%
[2026-04-03T02:41:27.584+0600][72.442s][info][gc,marking  ] GC(93) Mark: 2 stripe(s), 2 proactive flush(es), 1 terminate flush(es), 0 completion(s), 0 continuation(s) 
[2026-04-03T02:41:27.584+0600][72.442s][info][gc,marking  ] GC(93) Mark Stack Usage: 32M
[2026-04-03T02:41:27.584+0600][72.442s][info][gc,nmethod  ] GC(93) NMethods: 15295 registered, 2625 unregistered
[2026-04-03T02:41:27.584+0600][72.442s][info][gc,metaspace] GC(93) Metaspace: 128M used, 129M committed, 1152M reserved
[2026-04-03T02:41:27.584+0600][72.442s][info][gc,ref      ] GC(93) Soft: 3431 encountered, 0 discovered, 0 enqueued
[2026-04-03T02:41:27.584+0600][72.442s][info][gc,ref      ] GC(93) Weak: 14914 encountered, 4519 discovered, 364 enqueued
[2026-04-03T02:41:27.584+0600][72.442s][info][gc,ref      ] GC(93) Final: 84 encountered, 0 discovered, 0 enqueued
[2026-04-03T02:41:27.584+0600][72.442s][info][gc,ref      ] GC(93) Phantom: 620 encountered, 545 discovered, 0 enqueued
[2026-04-03T02:41:27.584+0600][72.442s][info][gc,reloc    ] GC(93) Small Pages: 143 / 286M, Empty: 16M, Relocated: 3M, In-Place: 0
[2026-04-03T02:41:27.584+0600][72.442s][info][gc,reloc    ] GC(93) Medium Pages: 2 / 64M, Empty: 32M, Relocated: 0M, In-Place: 0
[2026-04-03T02:41:27.584+0600][72.442s][info][gc,reloc    ] GC(93) Large Pages: 66 / 396M, Empty: 396M, Relocated: 0M, In-Place: 0
[2026-04-03T02:41:27.584+0600][72.442s][info][gc,reloc    ] GC(93) Forwarding Usage: 0M
[2026-04-03T02:41:27.584+0600][72.442s][info][gc,heap     ] GC(93) Min Capacity: 8M(0%)
[2026-04-03T02:41:27.584+0600][72.442s][info][gc,heap     ] GC(93) Max Capacity: 1750M(100%)
[2026-04-03T02:41:27.584+0600][72.442s][info][gc,heap     ] GC(93) Soft Max Capacity: 1750M(100%)
[2026-04-03T02:41:27.584+0600][72.442s][info][gc,heap     ] GC(93)                Mark Start          Mark End        Relocate Start      Relocate End           High               Low         
[2026-04-03T02:41:27.584+0600][72.442s][info][gc,heap     ] GC(93)  Capacity:     1750M (100%)       1750M (100%)       1750M (100%)       1750M (100%)       1750M (100%)       1750M (100%)   
[2026-04-03T02:41:27.584+0600][72.442s][info][gc,heap     ] GC(93)      Free:     1004M (57%)         894M (51%)        1318M (75%)        1472M (84%)        1472M (84%)         878M (50%)    
[2026-04-03T02:41:27.584+0600][72.442s][info][gc,heap     ] GC(93)      Used:      746M (43%)         856M (49%)         432M (25%)         278M (16%)         872M (50%)         278M (16%)    
[2026-04-03T02:41:27.584+0600][72.442s][info][gc,heap     ] GC(93)      Live:         -               104M (6%)          104M (6%)          104M (6%)             -                  -          
[2026-04-03T02:41:27.584+0600][72.442s][info][gc,heap     ] GC(93) Allocated:         -               110M (6%)          130M (7%)          133M (8%)             -                  -          
[2026-04-03T02:41:27.584+0600][72.442s][info][gc,heap     ] GC(93)   Garbage:         -               641M (37%)         197M (11%)          39M (2%)             -                  -          
[2026-04-03T02:41:27.584+0600][72.442s][info][gc,heap     ] GC(93) Reclaimed:         -                  -               444M (25%)         601M (34%)            -                  -          
[2026-04-03T02:41:27.584+0600][72.442s][info][gc          ] GC(93) Garbage Collection (Allocation Rate) 746M(43%)->278M(16%)
[2026-04-03T02:41:28.051+0600][72.909s][info][gc,start    ] GC(94) Garbage Collection (Allocation Rate)
[2026-04-03T02:41:28.051+0600][72.909s][info][gc,task     ] GC(94) Using 2 workers
[2026-04-03T02:41:28.051+0600][72.909s][info][gc,phases   ] GC(94) Pause Mark Start 0.024ms
[2026-04-03T02:41:28.229+0600][73.086s][info][gc,phases   ] GC(94) Concurrent Mark 177.321ms
[2026-04-03T02:41:28.229+0600][73.087s][info][gc,phases   ] GC(94) Pause Mark End 0.039ms
[2026-04-03T02:41:28.229+0600][73.087s][info][gc,phases   ] GC(94) Concurrent Mark Free 0.004ms
[2026-04-03T02:41:28.265+0600][73.123s][info][gc,phases   ] GC(94) Concurrent Process Non-Strong References 35.538ms
[2026-04-03T02:41:28.265+0600][73.123s][info][gc,phases   ] GC(94) Concurrent Reset Relocation Set 0.018ms
[2026-04-03T02:41:28.270+0600][73.128s][info][gc,phases   ] GC(94) Concurrent Select Relocation Set 4.853ms
[2026-04-03T02:41:28.270+0600][73.128s][info][gc,phases   ] GC(94) Pause Relocate Start 0.018ms
[2026-04-03T02:41:28.280+0600][73.137s][info][gc,phases   ] GC(94) Concurrent Relocate 9.088ms
[2026-04-03T02:41:28.280+0600][73.138s][info][gc,load     ] GC(94) Load: 4.33/5.12/5.51
[2026-04-03T02:41:28.280+0600][73.138s][info][gc,mmu      ] GC(94) MMU: 2ms/92.4%, 5ms/97.0%, 10ms/98.5%, 20ms/99.2%, 50ms/99.7%, 100ms/99.8%
[2026-04-03T02:41:28.280+0600][73.138s][info][gc,marking  ] GC(94) Mark: 2 stripe(s), 2 proactive flush(es), 1 terminate flush(es), 0 completion(s), 0 continuation(s) 
[2026-04-03T02:41:28.280+0600][73.138s][info][gc,marking  ] GC(94) Mark Stack Usage: 32M
[2026-04-03T02:41:28.280+0600][73.138s][info][gc,nmethod  ] GC(94) NMethods: 15308 registered, 2645 unregistered
[2026-04-03T02:41:28.280+0600][73.138s][info][gc,metaspace] GC(94) Metaspace: 128M used, 129M committed, 1152M reserved
[2026-04-03T02:41:28.280+0600][73.138s][info][gc,ref      ] GC(94) Soft: 3436 encountered, 0 discovered, 0 enqueued
[2026-04-03T02:41:28.280+0600][73.138s][info][gc,ref      ] GC(94) Weak: 15196 encountered, 3589 discovered, 251 enqueued
[2026-04-03T02:41:28.280+0600][73.138s][info][gc,ref      ] GC(94) Final: 84 encountered, 0 discovered, 0 enqueued
[2026-04-03T02:41:28.280+0600][73.138s][info][gc,ref      ] GC(94) Phantom: 622 encountered, 509 discovered, 0 enqueued
[2026-04-03T02:41:28.280+0600][73.138s][info][gc,reloc    ] GC(94) Small Pages: 262 / 524M, Empty: 64M, Relocated: 8M, In-Place: 0
[2026-04-03T02:41:28.280+0600][73.138s][info][gc,reloc    ] GC(94) Medium Pages: 3 / 96M, Empty: 64M, Relocated: 0M, In-Place: 0
[2026-04-03T02:41:28.280+0600][73.138s][info][gc,reloc    ] GC(94) Large Pages: 10 / 60M, Empty: 60M, Relocated: 0M, In-Place: 0
[2026-04-03T02:41:28.280+0600][73.138s][info][gc,reloc    ] GC(94) Forwarding Usage: 2M
[2026-04-03T02:41:28.280+0600][73.138s][info][gc,heap     ] GC(94) Min Capacity: 8M(0%)
[2026-04-03T02:41:28.280+0600][73.138s][info][gc,heap     ] GC(94) Max Capacity: 1750M(100%)
[2026-04-03T02:41:28.280+0600][73.138s][info][gc,heap     ] GC(94) Soft Max Capacity: 1750M(100%)
[2026-04-03T02:41:28.280+0600][73.138s][info][gc,heap     ] GC(94)                Mark Start          Mark End        Relocate Start      Relocate End           High               Low         
[2026-04-03T02:41:28.280+0600][73.138s][info][gc,heap     ] GC(94)  Capacity:     1750M (100%)       1750M (100%)       1750M (100%)       1750M (100%)       1750M (100%)       1750M (100%)   
[2026-04-03T02:41:28.280+0600][73.138s][info][gc,heap     ] GC(94)      Free:     1070M (61%)         836M (48%)         964M (55%)        1300M (74%)        1304M (75%)         772M (44%)    
[2026-04-03T02:41:28.280+0600][73.138s][info][gc,heap     ] GC(94)      Used:      680M (39%)         914M (52%)         786M (45%)         450M (26%)         978M (56%)         446M (25%)    
[2026-04-03T02:41:28.280+0600][73.138s][info][gc,heap     ] GC(94)      Live:         -               107M (6%)          107M (6%)          107M (6%)             -                  -          
[2026-04-03T02:41:28.280+0600][73.138s][info][gc,heap     ] GC(94) Allocated:         -               234M (13%)         294M (17%)         305M (17%)            -                  -          
[2026-04-03T02:41:28.280+0600][73.138s][info][gc,heap     ] GC(94)   Garbage:         -               572M (33%)         384M (22%)          37M (2%)             -                  -          
[2026-04-03T02:41:28.280+0600][73.138s][info][gc,heap     ] GC(94) Reclaimed:         -                  -               188M (11%)         535M (31%)            -                  -          
[2026-04-03T02:41:28.280+0600][73.138s][info][gc          ] GC(94) Garbage Collection (Allocation Rate) 680M(39%)->450M(26%)
[2026-04-03T02:41:28.351+0600][73.209s][info][gc,start    ] GC(95) Garbage Collection (Allocation Rate)
[2026-04-03T02:41:28.351+0600][73.209s][info][gc,task     ] GC(95) Using 2 workers
[2026-04-03T02:41:28.351+0600][73.209s][info][gc,phases   ] GC(95) Pause Mark Start 0.020ms
[2026-04-03T02:41:28.531+0600][73.389s][info][gc,phases   ] GC(95) Concurrent Mark 180.065ms
[2026-04-03T02:41:28.532+0600][73.390s][info][gc,phases   ] GC(95) Pause Mark End 0.061ms
[2026-04-03T02:41:28.532+0600][73.390s][info][gc,phases   ] GC(95) Concurrent Mark Free 0.003ms
[2026-04-03T02:41:28.568+0600][73.425s][info][gc,phases   ] GC(95) Concurrent Process Non-Strong References 35.609ms
[2026-04-03T02:41:28.568+0600][73.426s][info][gc,phases   ] GC(95) Concurrent Reset Relocation Set 0.019ms
[2026-04-03T02:41:28.572+0600][73.430s][info][gc,phases   ] GC(95) Concurrent Select Relocation Set 4.165ms
[2026-04-03T02:41:28.572+0600][73.430s][info][gc,phases   ] GC(95) Pause Relocate Start 0.018ms
[2026-04-03T02:41:28.583+0600][73.441s][info][gc,phases   ] GC(95) Concurrent Relocate 10.823ms
[2026-04-03T02:41:28.583+0600][73.441s][info][gc,load     ] GC(95) Load: 4.33/5.12/5.51
[2026-04-03T02:41:28.583+0600][73.441s][info][gc,mmu      ] GC(95) MMU: 2ms/92.4%, 5ms/97.0%, 10ms/98.5%, 20ms/99.2%, 50ms/99.7%, 100ms/99.8%
[2026-04-03T02:41:28.583+0600][73.441s][info][gc,marking  ] GC(95) Mark: 2 stripe(s), 3 proactive flush(es), 1 terminate flush(es), 0 completion(s), 0 continuation(s) 
[2026-04-03T02:41:28.583+0600][73.441s][info][gc,marking  ] GC(95) Mark Stack Usage: 32M
[2026-04-03T02:41:28.583+0600][73.441s][info][gc,nmethod  ] GC(95) NMethods: 15307 registered, 2652 unregistered
[2026-04-03T02:41:28.584+0600][73.441s][info][gc,metaspace] GC(95) Metaspace: 128M used, 129M committed, 1152M reserved
[2026-04-03T02:41:28.584+0600][73.441s][info][gc,ref      ] GC(95) Soft: 3431 encountered, 0 discovered, 0 enqueued
[2026-04-03T02:41:28.584+0600][73.441s][info][gc,ref      ] GC(95) Weak: 15450 encountered, 3860 discovered, 25 enqueued
[2026-04-03T02:41:28.584+0600][73.441s][info][gc,ref      ] GC(95) Final: 84 encountered, 0 discovered, 0 enqueued
[2026-04-03T02:41:28.584+0600][73.441s][info][gc,ref      ] GC(95) Phantom: 620 encountered, 589 discovered, 0 enqueued
[2026-04-03T02:41:28.584+0600][73.441s][info][gc,reloc    ] GC(95) Small Pages: 192 / 384M, Empty: 98M, Relocated: 6M, In-Place: 0
[2026-04-03T02:41:28.584+0600][73.441s][info][gc,reloc    ] GC(95) Medium Pages: 3 / 96M, Empty: 64M, Relocated: 0M, In-Place: 0
[2026-04-03T02:41:28.584+0600][73.442s][info][gc,reloc    ] GC(95) Large Pages: 7 / 42M, Empty: 42M, Relocated: 0M, In-Place: 0
[2026-04-03T02:41:28.584+0600][73.442s][info][gc,reloc    ] GC(95) Forwarding Usage: 2M
[2026-04-03T02:41:28.584+0600][73.442s][info][gc,heap     ] GC(95) Min Capacity: 8M(0%)
[2026-04-03T02:41:28.584+0600][73.442s][info][gc,heap     ] GC(95) Max Capacity: 1750M(100%)
[2026-04-03T02:41:28.584+0600][73.442s][info][gc,heap     ] GC(95) Soft Max Capacity: 1750M(100%)
[2026-04-03T02:41:28.584+0600][73.442s][info][gc,heap     ] GC(95)                Mark Start          Mark End        Relocate Start      Relocate End           High               Low         
[2026-04-03T02:41:28.584+0600][73.442s][info][gc,heap     ] GC(95)  Capacity:     1750M (100%)       1750M (100%)       1750M (100%)       1750M (100%)       1750M (100%)       1750M (100%)   
[2026-04-03T02:41:28.584+0600][73.442s][info][gc,heap     ] GC(95)      Free:     1228M (70%)         972M (56%)        1134M (65%)        1294M (74%)        1304M (75%)         930M (53%)    
[2026-04-03T02:41:28.584+0600][73.442s][info][gc,heap     ] GC(95)      Used:      522M (30%)         778M (44%)         616M (35%)         456M (26%)         820M (47%)         446M (25%)    
[2026-04-03T02:41:28.584+0600][73.442s][info][gc,heap     ] GC(95)      Live:         -               106M (6%)          106M (6%)          106M (6%)             -                  -          
[2026-04-03T02:41:28.584+0600][73.442s][info][gc,heap     ] GC(95) Allocated:         -               256M (15%)         298M (17%)         311M (18%)            -                  -          
[2026-04-03T02:41:28.584+0600][73.442s][info][gc,heap     ] GC(95)   Garbage:         -               415M (24%)         211M (12%)          37M (2%)             -                  -          
[2026-04-03T02:41:28.584+0600][73.442s][info][gc,heap     ] GC(95) Reclaimed:         -                  -               204M (12%)         377M (22%)            -                  -          
[2026-04-03T02:41:28.584+0600][73.442s][info][gc          ] GC(95) Garbage Collection (Allocation Rate) 522M(30%)->456M(26%)
[2026-04-03T02:41:28.651+0600][73.509s][info][gc,start    ] GC(96) Garbage Collection (Allocation Rate)
[2026-04-03T02:41:28.651+0600][73.509s][info][gc,task     ] GC(96) Using 2 workers
[2026-04-03T02:41:28.651+0600][73.509s][info][gc,phases   ] GC(96) Pause Mark Start 0.013ms
[2026-04-03T02:41:28.811+0600][73.669s][info][gc,phases   ] GC(96) Concurrent Mark 159.754ms
[2026-04-03T02:41:28.811+0600][73.669s][info][gc,phases   ] GC(96) Pause Mark End 0.030ms
[2026-04-03T02:41:28.812+0600][73.669s][info][gc,phases   ] GC(96) Concurrent Mark Free 0.002ms
[2026-04-03T02:41:28.838+0600][73.696s][info][gc,phases   ] GC(96) Concurrent Process Non-Strong References 26.671ms
[2026-04-03T02:41:28.838+0600][73.696s][info][gc,phases   ] GC(96) Concurrent Reset Relocation Set 0.013ms
[2026-04-03T02:41:28.842+0600][73.700s][info][gc,phases   ] GC(96) Concurrent Select Relocation Set 4.040ms
[2026-04-03T02:41:28.843+0600][73.701s][info][gc,phases   ] GC(96) Pause Relocate Start 0.016ms
[2026-04-03T02:41:28.845+0600][73.702s][info][gc,phases   ] GC(96) Concurrent Relocate 1.807ms
[2026-04-03T02:41:28.845+0600][73.703s][info][gc,load     ] GC(96) Load: 4.33/5.12/5.51
[2026-04-03T02:41:28.845+0600][73.703s][info][gc,mmu      ] GC(96) MMU: 2ms/92.4%, 5ms/97.0%, 10ms/98.5%, 20ms/99.2%, 50ms/99.7%, 100ms/99.8%
[2026-04-03T02:41:28.845+0600][73.703s][info][gc,marking  ] GC(96) Mark: 2 stripe(s), 2 proactive flush(es), 1 terminate flush(es), 0 completion(s), 0 continuation(s) 
[2026-04-03T02:41:28.845+0600][73.703s][info][gc,marking  ] GC(96) Mark Stack Usage: 32M
[2026-04-03T02:41:28.845+0600][73.703s][info][gc,nmethod  ] GC(96) NMethods: 15319 registered, 2653 unregistered
[2026-04-03T02:41:28.845+0600][73.703s][info][gc,metaspace] GC(96) Metaspace: 128M used, 129M committed, 1152M reserved
[2026-04-03T02:41:28.845+0600][73.703s][info][gc,ref      ] GC(96) Soft: 3431 encountered, 0 discovered, 0 enqueued
[2026-04-03T02:41:28.845+0600][73.703s][info][gc,ref      ] GC(96) Weak: 15993 encountered, 4727 discovered, 16 enqueued
[2026-04-03T02:41:28.845+0600][73.703s][info][gc,ref      ] GC(96) Final: 84 encountered, 0 discovered, 0 enqueued
[2026-04-03T02:41:28.845+0600][73.703s][info][gc,ref      ] GC(96) Phantom: 620 encountered, 546 discovered, 0 enqueued
[2026-04-03T02:41:28.845+0600][73.703s][info][gc,reloc    ] GC(96) Small Pages: 192 / 384M, Empty: 90M, Relocated: 2M, In-Place: 0
[2026-04-03T02:41:28.845+0600][73.703s][info][gc,reloc    ] GC(96) Medium Pages: 3 / 96M, Empty: 64M, Relocated: 0M, In-Place: 0
[2026-04-03T02:41:28.845+0600][73.703s][info][gc,reloc    ] GC(96) Large Pages: 8 / 48M, Empty: 48M, Relocated: 0M, In-Place: 0
[2026-04-03T02:41:28.845+0600][73.703s][info][gc,reloc    ] GC(96) Forwarding Usage: 0M
[2026-04-03T02:41:28.845+0600][73.703s][info][gc,heap     ] GC(96) Min Capacity: 8M(0%)
[2026-04-03T02:41:28.845+0600][73.703s][info][gc,heap     ] GC(96) Max Capacity: 1750M(100%)
[2026-04-03T02:41:28.845+0600][73.703s][info][gc,heap     ] GC(96) Soft Max Capacity: 1750M(100%)
[2026-04-03T02:41:28.845+0600][73.703s][info][gc,heap     ] GC(96)                Mark Start          Mark End        Relocate Start      Relocate End           High               Low         
[2026-04-03T02:41:28.845+0600][73.703s][info][gc,heap     ] GC(96)  Capacity:     1750M (100%)       1750M (100%)       1750M (100%)       1750M (100%)       1750M (100%)       1750M (100%)   
[2026-04-03T02:41:28.845+0600][73.703s][info][gc,heap     ] GC(96)      Free:     1222M (70%)        1064M (61%)        1218M (70%)        1400M (80%)        1400M (80%)        1018M (58%)    
[2026-04-03T02:41:28.845+0600][73.703s][info][gc,heap     ] GC(96)      Used:      528M (30%)         686M (39%)         532M (30%)         350M (20%)         732M (42%)         350M (20%)    
[2026-04-03T02:41:28.845+0600][73.703s][info][gc,heap     ] GC(96)      Live:         -               107M (6%)          107M (6%)          107M (6%)             -                  -          
[2026-04-03T02:41:28.845+0600][73.703s][info][gc,heap     ] GC(96) Allocated:         -               158M (9%)          206M (12%)         205M (12%)            -                  -          
[2026-04-03T02:41:28.845+0600][73.703s][info][gc,heap     ] GC(96)   Garbage:         -               420M (24%)         218M (12%)          36M (2%)             -                  -          
[2026-04-03T02:41:28.845+0600][73.703s][info][gc,heap     ] GC(96) Reclaimed:         -                  -               202M (12%)         383M (22%)            -                  -          
[2026-04-03T02:41:28.845+0600][73.703s][info][gc          ] GC(96) Garbage Collection (Allocation Rate) 528M(30%)->350M(20%)
[2026-04-03T02:41:29.651+0600][74.509s][info][gc,start    ] GC(97) Garbage Collection (Allocation Rate)
[2026-04-03T02:41:29.651+0600][74.509s][info][gc,task     ] GC(97) Using 2 workers
[2026-04-03T02:41:29.652+0600][74.509s][info][gc,phases   ] GC(97) Pause Mark Start 0.018ms
[2026-04-03T02:41:29.824+0600][74.682s][info][gc,phases   ] GC(97) Concurrent Mark 172.520ms
[2026-04-03T02:41:29.825+0600][74.682s][info][gc,phases   ] GC(97) Pause Mark End 0.031ms
[2026-04-03T02:41:29.825+0600][74.683s][info][gc,phases   ] GC(97) Concurrent Mark Free 0.003ms
[2026-04-03T02:41:29.854+0600][74.712s][info][gc,phases   ] GC(97) Concurrent Process Non-Strong References 28.790ms
[2026-04-03T02:41:29.854+0600][74.712s][info][gc,phases   ] GC(97) Concurrent Reset Relocation Set 0.011ms
[2026-04-03T02:41:29.858+0600][74.716s][info][gc,phases   ] GC(97) Concurrent Select Relocation Set 4.350ms
[2026-04-03T02:41:29.858+0600][74.716s][info][gc,phases   ] GC(97) Pause Relocate Start 0.015ms
[2026-04-03T02:41:29.870+0600][74.727s][info][gc,phases   ] GC(97) Concurrent Relocate 10.970ms
[2026-04-03T02:41:29.870+0600][74.728s][info][gc,load     ] GC(97) Load: 4.33/5.12/5.51
[2026-04-03T02:41:29.870+0600][74.728s][info][gc,mmu      ] GC(97) MMU: 2ms/92.4%, 5ms/97.0%, 10ms/98.5%, 20ms/99.2%, 50ms/99.7%, 100ms/99.8%
[2026-04-03T02:41:29.870+0600][74.728s][info][gc,marking  ] GC(97) Mark: 2 stripe(s), 2 proactive flush(es), 1 terminate flush(es), 0 completion(s), 0 continuation(s) 
[2026-04-03T02:41:29.870+0600][74.728s][info][gc,marking  ] GC(97) Mark Stack Usage: 32M
[2026-04-03T02:41:29.870+0600][74.728s][info][gc,nmethod  ] GC(97) NMethods: 15332 registered, 2679 unregistered
[2026-04-03T02:41:29.870+0600][74.728s][info][gc,metaspace] GC(97) Metaspace: 128M used, 129M committed, 1152M reserved
[2026-04-03T02:41:29.870+0600][74.728s][info][gc,ref      ] GC(97) Soft: 3439 encountered, 0 discovered, 0 enqueued
[2026-04-03T02:41:29.870+0600][74.728s][info][gc,ref      ] GC(97) Weak: 17341 encountered, 6195 discovered, 1618 enqueued
[2026-04-03T02:41:29.870+0600][74.728s][info][gc,ref      ] GC(97) Final: 84 encountered, 0 discovered, 0 enqueued
[2026-04-03T02:41:29.870+0600][74.728s][info][gc,ref      ] GC(97) Phantom: 620 encountered, 547 discovered, 0 enqueued
[2026-04-03T02:41:29.870+0600][74.728s][info][gc,reloc    ] GC(97) Small Pages: 483 / 966M, Empty: 340M, Relocated: 10M, In-Place: 0
[2026-04-03T02:41:29.870+0600][74.728s][info][gc,reloc    ] GC(97) Medium Pages: 6 / 192M, Empty: 160M, Relocated: 0M, In-Place: 0
[2026-04-03T02:41:29.870+0600][74.728s][info][gc,reloc    ] GC(97) Large Pages: 20 / 120M, Empty: 120M, Relocated: 0M, In-Place: 0
[2026-04-03T02:41:29.870+0600][74.728s][info][gc,reloc    ] GC(97) Forwarding Usage: 2M
[2026-04-03T02:41:29.870+0600][74.728s][info][gc,heap     ] GC(97) Min Capacity: 8M(0%)
[2026-04-03T02:41:29.870+0600][74.728s][info][gc,heap     ] GC(97) Max Capacity: 1750M(100%)
[2026-04-03T02:41:29.870+0600][74.728s][info][gc,heap     ] GC(97) Soft Max Capacity: 1750M(100%)
[2026-04-03T02:41:29.870+0600][74.728s][info][gc,heap     ] GC(97)                Mark Start          Mark End        Relocate Start      Relocate End           High               Low         
[2026-04-03T02:41:29.870+0600][74.728s][info][gc,heap     ] GC(97)  Capacity:     1750M (100%)       1750M (100%)       1750M (100%)       1750M (100%)       1750M (100%)       1750M (100%)   
[2026-04-03T02:41:29.870+0600][74.728s][info][gc,heap     ] GC(97)      Free:      472M (27%)         304M (17%)         856M (49%)        1356M (77%)        1358M (78%)         252M (14%)    
[2026-04-03T02:41:29.870+0600][74.728s][info][gc,heap     ] GC(97)      Used:     1278M (73%)        1446M (83%)         894M (51%)         394M (23%)        1498M (86%)         392M (22%)    
[2026-04-03T02:41:29.870+0600][74.728s][info][gc,heap     ] GC(97)      Live:         -               111M (6%)          111M (6%)          111M (6%)             -                  -          
[2026-04-03T02:41:29.870+0600][74.728s][info][gc,heap     ] GC(97) Allocated:         -               168M (10%)         236M (13%)         245M (14%)            -                  -          
[2026-04-03T02:41:29.870+0600][74.728s][info][gc,heap     ] GC(97)   Garbage:         -              1166M (67%)         546M (31%)          36M (2%)             -                  -          
[2026-04-03T02:41:29.870+0600][74.728s][info][gc,heap     ] GC(97) Reclaimed:         -                  -               620M (35%)        1129M (65%)            -                  -          
[2026-04-03T02:41:29.870+0600][74.728s][info][gc          ] GC(97) Garbage Collection (Allocation Rate) 1278M(73%)->394M(23%)
[2026-04-03T02:41:30.422+0600][75.280s][info][gc,start    ] GC(98) Garbage Collection (Allocation Stall)
[2026-04-03T02:41:30.422+0600][75.280s][info][gc,ref      ] GC(98) Clearing All SoftReferences
[2026-04-03T02:41:30.422+0600][75.280s][info][gc,task     ] GC(98) Using 3 workers
[2026-04-03T02:41:30.428+0600][75.286s][info][gc,ref      ] GC(98) Clearing All SoftReferences
[2026-04-03T02:41:30.428+0600][75.286s][info][gc,phases   ] GC(98) Pause Mark Start 0.075ms
[2026-04-03T02:41:30.428+0600][75.286s][info][gc          ] Allocation Stall (Executor task launch worker for task 3.0 in stage 3544.0 (TID 6532)) 6.048ms
[2026-04-03T02:41:30.521+0600][75.379s][info][gc,phases   ] GC(98) Concurrent Mark 92.809ms
[2026-04-03T02:41:30.521+0600][75.379s][info][gc,phases   ] GC(98) Pause Mark End 0.024ms
[2026-04-03T02:41:30.521+0600][75.379s][info][gc,phases   ] GC(98) Concurrent Mark Free 0.002ms
[2026-04-03T02:41:30.551+0600][75.409s][info][gc,phases   ] GC(98) Concurrent Process Non-Strong References 29.538ms
[2026-04-03T02:41:30.551+0600][75.409s][info][gc,phases   ] GC(98) Concurrent Reset Relocation Set 0.014ms
[2026-04-03T02:41:30.551+0600][75.409s][info][gc          ] Allocation Stall (Executor task launch worker for task 2.0 in stage 3548.0 (TID 6539)) 48.561ms
[2026-04-03T02:41:30.551+0600][75.409s][info][gc          ] Allocation Stall (Executor task launch worker for task 1.0 in stage 3548.0 (TID 6538)) 46.048ms
[2026-04-03T02:41:30.551+0600][75.409s][info][gc          ] Allocation Stall (Executor task launch worker for task 0.0 in stage 3548.0 (TID 6537)) 48.012ms
[2026-04-03T02:41:30.551+0600][75.409s][info][gc          ] Allocation Stall (Executor task launch worker for task 3.0 in stage 3548.0 (TID 6540)) 47.736ms
[2026-04-03T02:41:30.554+0600][75.412s][info][gc,phases   ] GC(98) Concurrent Select Relocation Set 3.065ms
[2026-04-03T02:41:30.554+0600][75.412s][info][gc,phases   ] GC(98) Pause Relocate Start 0.013ms
[2026-04-03T02:41:30.567+0600][75.425s][info][gc,phases   ] GC(98) Concurrent Relocate 12.339ms
[2026-04-03T02:41:30.567+0600][75.425s][info][gc,load     ] GC(98) Load: 4.79/5.20/5.54
[2026-04-03T02:41:30.567+0600][75.425s][info][gc,mmu      ] GC(98) MMU: 2ms/92.4%, 5ms/97.0%, 10ms/98.5%, 20ms/99.2%, 50ms/99.7%, 100ms/99.8%
[2026-04-03T02:41:30.567+0600][75.425s][info][gc,marking  ] GC(98) Mark: 2 stripe(s), 2 proactive flush(es), 1 terminate flush(es), 0 completion(s), 0 continuation(s) 
[2026-04-03T02:41:30.567+0600][75.425s][info][gc,marking  ] GC(98) Mark Stack Usage: 32M
[2026-04-03T02:41:30.567+0600][75.425s][info][gc,nmethod  ] GC(98) NMethods: 15328 registered, 2728 unregistered
[2026-04-03T02:41:30.567+0600][75.425s][info][gc,metaspace] GC(98) Metaspace: 128M used, 129M committed, 1152M reserved
[2026-04-03T02:41:30.567+0600][75.425s][info][gc,ref      ] GC(98) Soft: 3391 encountered, 1785 discovered, 169 enqueued
[2026-04-03T02:41:30.567+0600][75.425s][info][gc,ref      ] GC(98) Weak: 16988 encountered, 4527 discovered, 2314 enqueued
[2026-04-03T02:41:30.567+0600][75.425s][info][gc,ref      ] GC(98) Final: 84 encountered, 0 discovered, 0 enqueued
[2026-04-03T02:41:30.567+0600][75.425s][info][gc,ref      ] GC(98) Phantom: 620 encountered, 472 discovered, 0 enqueued
[2026-04-03T02:41:30.567+0600][75.425s][info][gc,reloc    ] GC(98) Small Pages: 461 / 922M, Empty: 396M, Relocated: 6M, In-Place: 0
[2026-04-03T02:41:30.567+0600][75.425s][info][gc,reloc    ] GC(98) Medium Pages: 5 / 160M, Empty: 96M, Relocated: 14M, In-Place: 0
[2026-04-03T02:41:30.567+0600][75.425s][info][gc,reloc    ] GC(98) Large Pages: 82 / 492M, Empty: 492M, Relocated: 0M, In-Place: 0
[2026-04-03T02:41:30.567+0600][75.425s][info][gc,reloc    ] GC(98) Forwarding Usage: 1M
[2026-04-03T02:41:30.567+0600][75.425s][info][gc,heap     ] GC(98) Min Capacity: 8M(0%)
[2026-04-03T02:41:30.567+0600][75.425s][info][gc,heap     ] GC(98) Max Capacity: 1750M(100%)
[2026-04-03T02:41:30.567+0600][75.425s][info][gc,heap     ] GC(98) Soft Max Capacity: 1750M(100%)
[2026-04-03T02:41:30.567+0600][75.425s][info][gc,heap     ] GC(98)                Mark Start          Mark End        Relocate Start      Relocate End           High               Low         
[2026-04-03T02:41:30.567+0600][75.425s][info][gc,heap     ] GC(98)  Capacity:     1750M (100%)       1750M (100%)       1750M (100%)       1750M (100%)       1750M (100%)       1750M (100%)   
[2026-04-03T02:41:30.567+0600][75.425s][info][gc,heap     ] GC(98)      Free:      144M (8%)            4M (0%)          962M (55%)        1280M (73%)        1326M (76%)           4M (0%)     
[2026-04-03T02:41:30.567+0600][75.425s][info][gc,heap     ] GC(98)      Used:     1606M (92%)        1746M (100%)        788M (45%)         470M (27%)        1746M (100%)        424M (24%)    
[2026-04-03T02:41:30.567+0600][75.425s][info][gc,heap     ] GC(98)      Live:         -               115M (7%)          115M (7%)          115M (7%)             -                  -          
[2026-04-03T02:41:30.567+0600][75.425s][info][gc,heap     ] GC(98) Allocated:         -               140M (8%)          166M (9%)          285M (16%)            -                  -          
[2026-04-03T02:41:30.567+0600][75.425s][info][gc,heap     ] GC(98)   Garbage:         -              1490M (85%)         506M (29%)          68M (4%)             -                  -          
[2026-04-03T02:41:30.567+0600][75.425s][info][gc,heap     ] GC(98) Reclaimed:         -                  -               984M (56%)        1421M (81%)            -                  -          
[2026-04-03T02:41:30.567+0600][75.425s][info][gc          ] GC(98) Garbage Collection (Allocation Stall) 1606M(92%)->470M(27%)
[2026-04-03T02:41:30.651+0600][75.509s][info][gc,start    ] GC(99) Garbage Collection (Allocation Stall)
[2026-04-03T02:41:30.651+0600][75.509s][info][gc,ref      ] GC(99) Clearing All SoftReferences
[2026-04-03T02:41:30.651+0600][75.509s][info][gc,task     ] GC(99) Using 3 workers
[2026-04-03T02:41:30.651+0600][75.509s][info][gc,ref      ] GC(99) Clearing All SoftReferences
[2026-04-03T02:41:30.652+0600][75.509s][info][gc,phases   ] GC(99) Pause Mark Start 0.057ms
[2026-04-03T02:41:30.751+0600][75.609s][info][gc,phases   ] GC(99) Concurrent Mark 99.326ms
[2026-04-03T02:41:30.751+0600][75.609s][info][gc,phases   ] GC(99) Pause Mark End 0.046ms
[2026-04-03T02:41:30.752+0600][75.609s][info][gc,phases   ] GC(99) Concurrent Mark Free 0.002ms
[2026-04-03T02:41:30.789+0600][75.646s][info][gc,phases   ] GC(99) Concurrent Process Non-Strong References 37.055ms
[2026-04-03T02:41:30.789+0600][75.647s][info][gc,phases   ] GC(99) Concurrent Reset Relocation Set 0.014ms
[2026-04-03T02:41:30.792+0600][75.650s][info][gc,phases   ] GC(99) Concurrent Select Relocation Set 3.137ms
[2026-04-03T02:41:30.792+0600][75.650s][info][gc,phases   ] GC(99) Pause Relocate Start 0.013ms
[2026-04-03T02:41:30.796+0600][75.654s][info][gc,phases   ] GC(99) Concurrent Relocate 3.404ms
[2026-04-03T02:41:30.796+0600][75.654s][info][gc,load     ] GC(99) Load: 4.79/5.20/5.54
[2026-04-03T02:41:30.796+0600][75.654s][info][gc,mmu      ] GC(99) MMU: 2ms/92.4%, 5ms/97.0%, 10ms/98.5%, 20ms/99.2%, 50ms/99.7%, 100ms/99.8%
[2026-04-03T02:41:30.796+0600][75.654s][info][gc,marking  ] GC(99) Mark: 2 stripe(s), 2 proactive flush(es), 1 terminate flush(es), 0 completion(s), 0 continuation(s) 
[2026-04-03T02:41:30.796+0600][75.654s][info][gc,marking  ] GC(99) Mark Stack Usage: 32M
[2026-04-03T02:41:30.796+0600][75.654s][info][gc,nmethod  ] GC(99) NMethods: 15337 registered, 2738 unregistered
[2026-04-03T02:41:30.796+0600][75.654s][info][gc,metaspace] GC(99) Metaspace: 128M used, 129M committed, 1152M reserved
[2026-04-03T02:41:30.796+0600][75.654s][info][gc,ref      ] GC(99) Soft: 3238 encountered, 2077 discovered, 16 enqueued
[2026-04-03T02:41:30.796+0600][75.654s][info][gc,ref      ] GC(99) Weak: 14680 encountered, 3657 discovered, 382 enqueued
[2026-04-03T02:41:30.796+0600][75.654s][info][gc,ref      ] GC(99) Final: 84 encountered, 0 discovered, 0 enqueued
[2026-04-03T02:41:30.796+0600][75.654s][info][gc,ref      ] GC(99) Phantom: 620 encountered, 590 discovered, 0 enqueued
[2026-04-03T02:41:30.796+0600][75.654s][info][gc,reloc    ] GC(99) Small Pages: 135 / 270M, Empty: 18M, Relocated: 5M, In-Place: 0
[2026-04-03T02:41:30.796+0600][75.654s][info][gc,reloc    ] GC(99) Medium Pages: 2 / 64M, Empty: 32M, Relocated: 0M, In-Place: 0
[2026-04-03T02:41:30.796+0600][75.654s][info][gc,reloc    ] GC(99) Large Pages: 66 / 396M, Empty: 396M, Relocated: 0M, In-Place: 0
[2026-04-03T02:41:30.796+0600][75.654s][info][gc,reloc    ] GC(99) Forwarding Usage: 1M
[2026-04-03T02:41:30.796+0600][75.654s][info][gc,heap     ] GC(99) Min Capacity: 8M(0%)
[2026-04-03T02:41:30.796+0600][75.654s][info][gc,heap     ] GC(99) Max Capacity: 1750M(100%)
[2026-04-03T02:41:30.796+0600][75.654s][info][gc,heap     ] GC(99) Soft Max Capacity: 1750M(100%)
[2026-04-03T02:41:30.796+0600][75.654s][info][gc,heap     ] GC(99)                Mark Start          Mark End        Relocate Start      Relocate End           High               Low         
[2026-04-03T02:41:30.796+0600][75.654s][info][gc,heap     ] GC(99)  Capacity:     1750M (100%)       1750M (100%)       1750M (100%)       1750M (100%)       1750M (100%)       1750M (100%)   
[2026-04-03T02:41:30.796+0600][75.654s][info][gc,heap     ] GC(99)      Free:     1020M (58%)         918M (52%)        1348M (77%)        1484M (85%)        1486M (85%)         910M (52%)    
[2026-04-03T02:41:30.796+0600][75.654s][info][gc,heap     ] GC(99)      Used:      730M (42%)         832M (48%)         402M (23%)         266M (15%)         840M (48%)         264M (15%)    
[2026-04-03T02:41:30.796+0600][75.654s][info][gc,heap     ] GC(99)      Live:         -               104M (6%)          104M (6%)          104M (6%)             -                  -          
[2026-04-03T02:41:30.796+0600][75.654s][info][gc,heap     ] GC(99) Allocated:         -               102M (6%)          118M (7%)          123M (7%)             -                  -          
[2026-04-03T02:41:30.796+0600][75.654s][info][gc,heap     ] GC(99)   Garbage:         -               625M (36%)         179M (10%)          37M (2%)             -                  -          
[2026-04-03T02:41:30.796+0600][75.654s][info][gc,heap     ] GC(99) Reclaimed:         -                  -               446M (25%)         587M (34%)            -                  -          
[2026-04-03T02:41:30.796+0600][75.654s][info][gc          ] GC(99) Garbage Collection (Allocation Stall) 730M(42%)->266M(15%)
[2026-04-03T02:41:31.251+0600][76.109s][info][gc,start    ] GC(100) Garbage Collection (Allocation Rate)
[2026-04-03T02:41:31.251+0600][76.109s][info][gc,task     ] GC(100) Using 2 workers
[2026-04-03T02:41:31.251+0600][76.109s][info][gc,phases   ] GC(100) Pause Mark Start 0.015ms
[2026-04-03T02:41:31.418+0600][76.276s][info][gc,phases   ] GC(100) Concurrent Mark 166.587ms
[2026-04-03T02:41:31.418+0600][76.276s][info][gc,phases   ] GC(100) Pause Mark End 0.038ms
[2026-04-03T02:41:31.418+0600][76.276s][info][gc,phases   ] GC(100) Concurrent Mark Free 0.003ms
[2026-04-03T02:41:31.477+0600][76.335s][info][gc,phases   ] GC(100) Concurrent Process Non-Strong References 58.793ms
[2026-04-03T02:41:31.477+0600][76.335s][info][gc,phases   ] GC(100) Concurrent Reset Relocation Set 0.008ms
[2026-04-03T02:41:31.481+0600][76.339s][info][gc,phases   ] GC(100) Concurrent Select Relocation Set 4.335ms
[2026-04-03T02:41:31.482+0600][76.340s][info][gc,phases   ] GC(100) Pause Relocate Start 0.017ms
[2026-04-03T02:41:31.493+0600][76.351s][info][gc,phases   ] GC(100) Concurrent Relocate 11.119ms
[2026-04-03T02:41:31.493+0600][76.351s][info][gc,load     ] GC(100) Load: 4.79/5.20/5.54
[2026-04-03T02:41:31.493+0600][76.351s][info][gc,mmu      ] GC(100) MMU: 2ms/92.4%, 5ms/97.0%, 10ms/98.5%, 20ms/99.2%, 50ms/99.7%, 100ms/99.8%
[2026-04-03T02:41:31.493+0600][76.351s][info][gc,marking  ] GC(100) Mark: 2 stripe(s), 2 proactive flush(es), 1 terminate flush(es), 0 completion(s), 0 continuation(s) 
[2026-04-03T02:41:31.493+0600][76.351s][info][gc,marking  ] GC(100) Mark Stack Usage: 32M
[2026-04-03T02:41:31.494+0600][76.351s][info][gc,nmethod  ] GC(100) NMethods: 15360 registered, 2746 unregistered
[2026-04-03T02:41:31.494+0600][76.351s][info][gc,metaspace] GC(100) Metaspace: 128M used, 129M committed, 1152M reserved
[2026-04-03T02:41:31.494+0600][76.351s][info][gc,ref      ] GC(100) Soft: 3314 encountered, 0 discovered, 0 enqueued
[2026-04-03T02:41:31.494+0600][76.351s][info][gc,ref      ] GC(100) Weak: 15045 encountered, 3916 discovered, 280 enqueued
[2026-04-03T02:41:31.494+0600][76.351s][info][gc,ref      ] GC(100) Final: 84 encountered, 0 discovered, 0 enqueued
[2026-04-03T02:41:31.494+0600][76.351s][info][gc,ref      ] GC(100) Phantom: 621 encountered, 539 discovered, 0 enqueued
[2026-04-03T02:41:31.494+0600][76.352s][info][gc,reloc    ] GC(100) Small Pages: 260 / 520M, Empty: 62M, Relocated: 6M, In-Place: 0
[2026-04-03T02:41:31.494+0600][76.352s][info][gc,reloc    ] GC(100) Medium Pages: 3 / 96M, Empty: 32M, Relocated: 9M, In-Place: 0
[2026-04-03T02:41:31.494+0600][76.352s][info][gc,reloc    ] GC(100) Large Pages: 10 / 60M, Empty: 60M, Relocated: 0M, In-Place: 0
[2026-04-03T02:41:31.494+0600][76.352s][info][gc,reloc    ] GC(100) Forwarding Usage: 1M
[2026-04-03T02:41:31.494+0600][76.352s][info][gc,heap     ] GC(100) Min Capacity: 8M(0%)
[2026-04-03T02:41:31.494+0600][76.352s][info][gc,heap     ] GC(100) Max Capacity: 1750M(100%)
[2026-04-03T02:41:31.494+0600][76.352s][info][gc,heap     ] GC(100) Soft Max Capacity: 1750M(100%)
[2026-04-03T02:41:31.494+0600][76.352s][info][gc,heap     ] GC(100)                Mark Start          Mark End        Relocate Start      Relocate End           High               Low         
[2026-04-03T02:41:31.494+0600][76.352s][info][gc,heap     ] GC(100)  Capacity:     1750M (100%)       1750M (100%)       1750M (100%)       1750M (100%)       1750M (100%)       1750M (100%)   
[2026-04-03T02:41:31.494+0600][76.352s][info][gc,heap     ] GC(100)      Free:     1074M (61%)         830M (47%)         918M (52%)        1282M (73%)        1284M (73%)         766M (44%)    
[2026-04-03T02:41:31.494+0600][76.352s][info][gc,heap     ] GC(100)      Used:      676M (39%)         920M (53%)         832M (48%)         468M (27%)         984M (56%)         466M (27%)    
[2026-04-03T02:41:31.494+0600][76.352s][info][gc,heap     ] GC(100)      Live:         -               110M (6%)          110M (6%)          110M (6%)             -                  -          
[2026-04-03T02:41:31.494+0600][76.352s][info][gc,heap     ] GC(100) Allocated:         -               244M (14%)         310M (18%)         319M (18%)            -                  -          
[2026-04-03T02:41:31.494+0600][76.352s][info][gc,heap     ] GC(100)   Garbage:         -               565M (32%)         411M (24%)          37M (2%)             -                  -          
[2026-04-03T02:41:31.494+0600][76.352s][info][gc,heap     ] GC(100) Reclaimed:         -                  -               154M (9%)          527M (30%)            -                  -          
[2026-04-03T02:41:31.494+0600][76.352s][info][gc          ] GC(100) Garbage Collection (Allocation Rate) 676M(39%)->468M(27%)
[2026-04-03T02:41:31.551+0600][76.409s][info][gc,start    ] GC(101) Garbage Collection (Allocation Rate)
[2026-04-03T02:41:31.551+0600][76.409s][info][gc,task     ] GC(101) Using 2 workers
[2026-04-03T02:41:31.552+0600][76.410s][info][gc,phases   ] GC(101) Pause Mark Start 0.018ms
[2026-04-03T02:41:31.720+0600][76.578s][info][gc,phases   ] GC(101) Concurrent Mark 167.936ms
[2026-04-03T02:41:31.720+0600][76.578s][info][gc,phases   ] GC(101) Pause Mark End 0.030ms
[2026-04-03T02:41:31.720+0600][76.578s][info][gc,phases   ] GC(101) Concurrent Mark Free 0.001ms
[2026-04-03T02:41:31.752+0600][76.610s][info][gc,phases   ] GC(101) Concurrent Process Non-Strong References 32.178ms
[2026-04-03T02:41:31.752+0600][76.610s][info][gc,phases   ] GC(101) Concurrent Reset Relocation Set 0.015ms
[2026-04-03T02:41:31.756+0600][76.614s][info][gc,phases   ] GC(101) Concurrent Select Relocation Set 3.525ms
[2026-04-03T02:41:31.756+0600][76.614s][info][gc,phases   ] GC(101) Pause Relocate Start 0.014ms
[2026-04-03T02:41:31.768+0600][76.626s][info][gc,phases   ] GC(101) Concurrent Relocate 11.984ms
[2026-04-03T02:41:31.768+0600][76.626s][info][gc,load     ] GC(101) Load: 4.79/5.20/5.54
[2026-04-03T02:41:31.768+0600][76.626s][info][gc,mmu      ] GC(101) MMU: 2ms/92.4%, 5ms/97.0%, 10ms/98.5%, 20ms/99.2%, 50ms/99.7%, 100ms/99.8%
[2026-04-03T02:41:31.768+0600][76.626s][info][gc,marking  ] GC(101) Mark: 2 stripe(s), 2 proactive flush(es), 1 terminate flush(es), 0 completion(s), 0 continuation(s) 
[2026-04-03T02:41:31.768+0600][76.626s][info][gc,marking  ] GC(101) Mark Stack Usage: 32M
[2026-04-03T02:41:31.768+0600][76.626s][info][gc,nmethod  ] GC(101) NMethods: 15360 registered, 2751 unregistered
[2026-04-03T02:41:31.768+0600][76.626s][info][gc,metaspace] GC(101) Metaspace: 128M used, 129M committed, 1152M reserved
[2026-04-03T02:41:31.768+0600][76.626s][info][gc,ref      ] GC(101) Soft: 3313 encountered, 0 discovered, 0 enqueued
[2026-04-03T02:41:31.768+0600][76.626s][info][gc,ref      ] GC(101) Weak: 15270 encountered, 4071 discovered, 25 enqueued
[2026-04-03T02:41:31.768+0600][76.626s][info][gc,ref      ] GC(101) Final: 84 encountered, 0 discovered, 0 enqueued
[2026-04-03T02:41:31.768+0600][76.626s][info][gc,ref      ] GC(101) Phantom: 620 encountered, 547 discovered, 0 enqueued
[2026-04-03T02:41:31.769+0600][76.626s][info][gc,reloc    ] GC(101) Small Pages: 193 / 386M, Empty: 102M, Relocated: 8M, In-Place: 0
[2026-04-03T02:41:31.769+0600][76.626s][info][gc,reloc    ] GC(101) Medium Pages: 3 / 96M, Empty: 32M, Relocated: 9M, In-Place: 0
[2026-04-03T02:41:31.769+0600][76.626s][info][gc,reloc    ] GC(101) Large Pages: 7 / 42M, Empty: 42M, Relocated: 0M, In-Place: 0
[2026-04-03T02:41:31.769+0600][76.626s][info][gc,reloc    ] GC(101) Forwarding Usage: 2M
[2026-04-03T02:41:31.769+0600][76.626s][info][gc,heap     ] GC(101) Min Capacity: 8M(0%)
[2026-04-03T02:41:31.769+0600][76.626s][info][gc,heap     ] GC(101) Max Capacity: 1750M(100%)
[2026-04-03T02:41:31.769+0600][76.626s][info][gc,heap     ] GC(101) Soft Max Capacity: 1750M(100%)
[2026-04-03T02:41:31.769+0600][76.626s][info][gc,heap     ] GC(101)                Mark Start          Mark End        Relocate Start      Relocate End           High               Low         
[2026-04-03T02:41:31.769+0600][76.627s][info][gc,heap     ] GC(101)  Capacity:     1750M (100%)       1750M (100%)       1750M (100%)       1750M (100%)       1750M (100%)       1750M (100%)   
[2026-04-03T02:41:31.769+0600][76.627s][info][gc,heap     ] GC(101)      Free:     1226M (70%)        1044M (60%)        1136M (65%)        1324M (76%)        1328M (76%)         960M (55%)    
[2026-04-03T02:41:31.769+0600][76.627s][info][gc,heap     ] GC(101)      Used:      524M (30%)         706M (40%)         614M (35%)         426M (24%)         790M (45%)         422M (24%)    
[2026-04-03T02:41:31.769+0600][76.627s][info][gc,heap     ] GC(101)      Live:         -               109M (6%)          109M (6%)          109M (6%)             -                  -          
[2026-04-03T02:41:31.769+0600][76.627s][info][gc,heap     ] GC(101) Allocated:         -               182M (10%)         266M (15%)         279M (16%)            -                  -          
[2026-04-03T02:41:31.769+0600][76.627s][info][gc,heap     ] GC(101)   Garbage:         -               414M (24%)         238M (14%)          36M (2%)             -                  -          
[2026-04-03T02:41:31.769+0600][76.627s][info][gc,heap     ] GC(101) Reclaimed:         -                  -               176M (10%)         377M (22%)            -                  -          
[2026-04-03T02:41:31.769+0600][76.627s][info][gc          ] GC(101) Garbage Collection (Allocation Rate) 524M(30%)->426M(24%)
[2026-04-03T02:41:31.850+0600][76.708s][info][gc,start    ] GC(102) Garbage Collection (Allocation Rate)
[2026-04-03T02:41:31.850+0600][76.708s][info][gc,task     ] GC(102) Using 2 workers
[2026-04-03T02:41:31.851+0600][76.709s][info][gc,phases   ] GC(102) Pause Mark Start 0.018ms
[2026-04-03T02:41:32.014+0600][76.872s][info][gc,phases   ] GC(102) Concurrent Mark 162.817ms
[2026-04-03T02:41:32.014+0600][76.872s][info][gc,phases   ] GC(102) Pause Mark End 0.052ms
[2026-04-03T02:41:32.014+0600][76.872s][info][gc,phases   ] GC(102) Concurrent Mark Free 0.002ms
[2026-04-03T02:41:32.043+0600][76.901s][info][gc,phases   ] GC(102) Concurrent Process Non-Strong References 29.015ms
[2026-04-03T02:41:32.043+0600][76.901s][info][gc,phases   ] GC(102) Concurrent Reset Relocation Set 0.008ms
[2026-04-03T02:41:32.046+0600][76.904s][info][gc,phases   ] GC(102) Concurrent Select Relocation Set 2.792ms
[2026-04-03T02:41:32.047+0600][76.904s][info][gc,phases   ] GC(102) Pause Relocate Start 0.011ms
[2026-04-03T02:41:32.050+0600][76.908s][info][gc,phases   ] GC(102) Concurrent Relocate 3.543ms
[2026-04-03T02:41:32.050+0600][76.908s][info][gc,load     ] GC(102) Load: 4.79/5.20/5.54
[2026-04-03T02:41:32.050+0600][76.908s][info][gc,mmu      ] GC(102) MMU: 2ms/92.4%, 5ms/97.0%, 10ms/98.5%, 20ms/99.2%, 50ms/99.7%, 100ms/99.8%
[2026-04-03T02:41:32.050+0600][76.908s][info][gc,marking  ] GC(102) Mark: 2 stripe(s), 2 proactive flush(es), 1 terminate flush(es), 0 completion(s), 0 continuation(s) 
[2026-04-03T02:41:32.050+0600][76.908s][info][gc,marking  ] GC(102) Mark Stack Usage: 32M
[2026-04-03T02:41:32.050+0600][76.908s][info][gc,nmethod  ] GC(102) NMethods: 15372 registered, 2756 unregistered
[2026-04-03T02:41:32.050+0600][76.908s][info][gc,metaspace] GC(102) Metaspace: 128M used, 129M committed, 1152M reserved
[2026-04-03T02:41:32.050+0600][76.908s][info][gc,ref      ] GC(102) Soft: 3314 encountered, 0 discovered, 0 enqueued
[2026-04-03T02:41:32.050+0600][76.908s][info][gc,ref      ] GC(102) Weak: 15746 encountered, 5440 discovered, 15 enqueued
[2026-04-03T02:41:32.050+0600][76.908s][info][gc,ref      ] GC(102) Final: 84 encountered, 0 discovered, 0 enqueued
[2026-04-03T02:41:32.050+0600][76.908s][info][gc,ref      ] GC(102) Phantom: 620 encountered, 513 discovered, 0 enqueued
[2026-04-03T02:41:32.050+0600][76.908s][info][gc,reloc    ] GC(102) Small Pages: 189 / 378M, Empty: 100M, Relocated: 4M, In-Place: 0
[2026-04-03T02:41:32.050+0600][76.908s][info][gc,reloc    ] GC(102) Medium Pages: 3 / 96M, Empty: 64M, Relocated: 0M, In-Place: 0
[2026-04-03T02:41:32.050+0600][76.908s][info][gc,reloc    ] GC(102) Large Pages: 7 / 42M, Empty: 42M, Relocated: 0M, In-Place: 0
[2026-04-03T02:41:32.050+0600][76.908s][info][gc,reloc    ] GC(102) Forwarding Usage: 1M
[2026-04-03T02:41:32.050+0600][76.908s][info][gc,heap     ] GC(102) Min Capacity: 8M(0%)
[2026-04-03T02:41:32.050+0600][76.908s][info][gc,heap     ] GC(102) Max Capacity: 1750M(100%)
[2026-04-03T02:41:32.050+0600][76.908s][info][gc,heap     ] GC(102) Soft Max Capacity: 1750M(100%)
[2026-04-03T02:41:32.050+0600][76.908s][info][gc,heap     ] GC(102)                Mark Start          Mark End        Relocate Start      Relocate End           High               Low         
[2026-04-03T02:41:32.050+0600][76.908s][info][gc,heap     ] GC(102)  Capacity:     1750M (100%)       1750M (100%)       1750M (100%)       1750M (100%)       1750M (100%)       1750M (100%)   
[2026-04-03T02:41:32.050+0600][76.908s][info][gc,heap     ] GC(102)      Free:     1234M (71%)        1052M (60%)        1210M (69%)        1366M (78%)        1366M (78%)        1004M (57%)    
[2026-04-03T02:41:32.050+0600][76.908s][info][gc,heap     ] GC(102)      Used:      516M (29%)         698M (40%)         540M (31%)         384M (22%)         746M (43%)         384M (22%)    
[2026-04-03T02:41:32.051+0600][76.908s][info][gc,heap     ] GC(102)      Live:         -               109M (6%)          109M (6%)          109M (6%)             -                  -          
[2026-04-03T02:41:32.051+0600][76.908s][info][gc,heap     ] GC(102) Allocated:         -               182M (10%)         230M (13%)         233M (13%)            -                  -          
[2026-04-03T02:41:32.051+0600][76.908s][info][gc,heap     ] GC(102)   Garbage:         -               406M (23%)         200M (11%)          40M (2%)             -                  -          
[2026-04-03T02:41:32.051+0600][76.908s][info][gc,heap     ] GC(102) Reclaimed:         -                  -               206M (12%)         365M (21%)            -                  -          
[2026-04-03T02:41:32.051+0600][76.908s][info][gc          ] GC(102) Garbage Collection (Allocation Rate) 516M(29%)->384M(22%)
[2026-04-03T02:41:32.751+0600][77.608s][info][gc,start    ] GC(103) Garbage Collection (Allocation Rate)
[2026-04-03T02:41:32.751+0600][77.608s][info][gc,task     ] GC(103) Using 2 workers
[2026-04-03T02:41:32.751+0600][77.609s][info][gc,phases   ] GC(103) Pause Mark Start 0.018ms
[2026-04-03T02:41:32.891+0600][77.749s][info][gc,phases   ] GC(103) Concurrent Mark 139.855ms
[2026-04-03T02:41:32.891+0600][77.749s][info][gc,phases   ] GC(103) Pause Mark End 0.035ms
[2026-04-03T02:41:32.891+0600][77.749s][info][gc,phases   ] GC(103) Concurrent Mark Free 0.003ms
[2026-04-03T02:41:32.915+0600][77.773s][info][gc,phases   ] GC(103) Concurrent Process Non-Strong References 24.092ms
[2026-04-03T02:41:32.919+0600][77.777s][info][gc,phases   ] GC(103) Concurrent Reset Relocation Set 0.010ms
[2026-04-03T02:41:32.923+0600][77.781s][info][gc,phases   ] GC(103) Concurrent Select Relocation Set 3.590ms
[2026-04-03T02:41:32.923+0600][77.781s][info][gc,phases   ] GC(103) Pause Relocate Start 0.012ms
[2026-04-03T02:41:32.927+0600][77.785s][info][gc,phases   ] GC(103) Concurrent Relocate 4.232ms
[2026-04-03T02:41:32.928+0600][77.785s][info][gc,load     ] GC(103) Load: 4.79/5.20/5.54
[2026-04-03T02:41:32.928+0600][77.785s][info][gc,mmu      ] GC(103) MMU: 2ms/92.4%, 5ms/97.0%, 10ms/98.5%, 20ms/99.2%, 50ms/99.7%, 100ms/99.8%
[2026-04-03T02:41:32.928+0600][77.785s][info][gc,marking  ] GC(103) Mark: 2 stripe(s), 2 proactive flush(es), 1 terminate flush(es), 0 completion(s), 0 continuation(s) 
[2026-04-03T02:41:32.928+0600][77.786s][info][gc,marking  ] GC(103) Mark Stack Usage: 32M
[2026-04-03T02:41:32.928+0600][77.786s][info][gc,nmethod  ] GC(103) NMethods: 15380 registered, 2774 unregistered
[2026-04-03T02:41:32.928+0600][77.786s][info][gc,metaspace] GC(103) Metaspace: 128M used, 129M committed, 1152M reserved
[2026-04-03T02:41:32.928+0600][77.786s][info][gc,ref      ] GC(103) Soft: 3324 encountered, 0 discovered, 0 enqueued
[2026-04-03T02:41:32.928+0600][77.786s][info][gc,ref      ] GC(103) Weak: 17046 encountered, 6194 discovered, 1622 enqueued
[2026-04-03T02:41:32.928+0600][77.786s][info][gc,ref      ] GC(103) Final: 84 encountered, 0 discovered, 0 enqueued
[2026-04-03T02:41:32.928+0600][77.786s][info][gc,ref      ] GC(103) Phantom: 620 encountered, 503 discovered, 0 enqueued
[2026-04-03T02:41:32.928+0600][77.786s][info][gc,reloc    ] GC(103) Small Pages: 467 / 934M, Empty: 326M, Relocated: 4M, In-Place: 0
[2026-04-03T02:41:32.928+0600][77.786s][info][gc,reloc    ] GC(103) Medium Pages: 6 / 192M, Empty: 160M, Relocated: 0M, In-Place: 0
[2026-04-03T02:41:32.928+0600][77.786s][info][gc,reloc    ] GC(103) Large Pages: 19 / 114M, Empty: 114M, Relocated: 0M, In-Place: 0
[2026-04-03T02:41:32.928+0600][77.786s][info][gc,reloc    ] GC(103) Forwarding Usage: 1M
[2026-04-03T02:41:32.928+0600][77.786s][info][gc,heap     ] GC(103) Min Capacity: 8M(0%)
[2026-04-03T02:41:32.928+0600][77.786s][info][gc,heap     ] GC(103) Max Capacity: 1750M(100%)
[2026-04-03T02:41:32.928+0600][77.786s][info][gc,heap     ] GC(103) Soft Max Capacity: 1750M(100%)
[2026-04-03T02:41:32.928+0600][77.786s][info][gc,heap     ] GC(103)                Mark Start          Mark End        Relocate Start      Relocate End           High               Low         
[2026-04-03T02:41:32.928+0600][77.786s][info][gc,heap     ] GC(103)  Capacity:     1750M (100%)       1750M (100%)       1750M (100%)       1750M (100%)       1750M (100%)       1750M (100%)   
[2026-04-03T02:41:32.928+0600][77.786s][info][gc,heap     ] GC(103)      Free:      510M (29%)         348M (20%)         928M (53%)        1420M (81%)        1420M (81%)         342M (20%)    
[2026-04-03T02:41:32.928+0600][77.786s][info][gc,heap     ] GC(103)      Used:     1240M (71%)        1402M (80%)         822M (47%)         330M (19%)        1408M (80%)         330M (19%)    
[2026-04-03T02:41:32.928+0600][77.786s][info][gc,heap     ] GC(103)      Live:         -               107M (6%)          107M (6%)          107M (6%)             -                  -          
[2026-04-03T02:41:32.928+0600][77.786s][info][gc,heap     ] GC(103) Allocated:         -               162M (9%)          182M (10%)         183M (11%)            -                  -          
[2026-04-03T02:41:32.928+0600][77.786s][info][gc,heap     ] GC(103)   Garbage:         -              1132M (65%)         532M (30%)          38M (2%)             -                  -          
[2026-04-03T02:41:32.928+0600][77.786s][info][gc,heap     ] GC(103) Reclaimed:         -                  -               600M (34%)        1093M (63%)            -                  -          
[2026-04-03T02:41:32.928+0600][77.786s][info][gc          ] GC(103) Garbage Collection (Allocation Rate) 1240M(71%)->330M(19%)
[2026-04-03T02:41:33.451+0600][78.309s][info][gc,start    ] GC(104) Garbage Collection (Allocation Rate)
[2026-04-03T02:41:33.451+0600][78.309s][info][gc,task     ] GC(104) Using 2 workers
[2026-04-03T02:41:33.452+0600][78.310s][info][gc,phases   ] GC(104) Pause Mark Start 0.018ms
[2026-04-03T02:41:33.566+0600][78.424s][info][gc,phases   ] GC(104) Concurrent Mark 113.910ms
[2026-04-03T02:41:33.566+0600][78.424s][info][gc,phases   ] GC(104) Pause Mark End 0.033ms
[2026-04-03T02:41:33.566+0600][78.424s][info][gc,phases   ] GC(104) Concurrent Mark Free 0.002ms
[2026-04-03T02:41:33.629+0600][78.486s][info][gc,phases   ] GC(104) Concurrent Process Non-Strong References 62.120ms
[2026-04-03T02:41:33.629+0600][78.487s][info][gc,phases   ] GC(104) Concurrent Reset Relocation Set 0.016ms
[2026-04-03T02:41:33.632+0600][78.490s][info][gc,phases   ] GC(104) Concurrent Select Relocation Set 3.018ms
[2026-04-03T02:41:33.632+0600][78.490s][info][gc,phases   ] GC(104) Pause Relocate Start 0.011ms
[2026-04-03T02:41:33.639+0600][78.497s][info][gc,phases   ] GC(104) Concurrent Relocate 6.966ms
[2026-04-03T02:41:33.639+0600][78.497s][info][gc,load     ] GC(104) Load: 4.79/5.20/5.54
[2026-04-03T02:41:33.639+0600][78.497s][info][gc,mmu      ] GC(104) MMU: 2ms/92.4%, 5ms/97.0%, 10ms/98.5%, 20ms/99.2%, 50ms/99.7%, 100ms/99.8%
[2026-04-03T02:41:33.639+0600][78.497s][info][gc,marking  ] GC(104) Mark: 2 stripe(s), 2 proactive flush(es), 1 terminate flush(es), 0 completion(s), 0 continuation(s) 
[2026-04-03T02:41:33.639+0600][78.497s][info][gc,marking  ] GC(104) Mark Stack Usage: 32M
[2026-04-03T02:41:33.639+0600][78.497s][info][gc,nmethod  ] GC(104) NMethods: 15387 registered, 2790 unregistered
[2026-04-03T02:41:33.639+0600][78.497s][info][gc,metaspace] GC(104) Metaspace: 128M used, 129M committed, 1152M reserved
[2026-04-03T02:41:33.639+0600][78.497s][info][gc,ref      ] GC(104) Soft: 3410 encountered, 0 discovered, 0 enqueued
[2026-04-03T02:41:33.639+0600][78.497s][info][gc,ref      ] GC(104) Weak: 16710 encountered, 7808 discovered, 2214 enqueued
[2026-04-03T02:41:33.639+0600][78.497s][info][gc,ref      ] GC(104) Final: 84 encountered, 0 discovered, 0 enqueued
[2026-04-03T02:41:33.639+0600][78.497s][info][gc,ref      ] GC(104) Phantom: 620 encountered, 542 discovered, 0 enqueued
[2026-04-03T02:41:33.639+0600][78.497s][info][gc,reloc    ] GC(104) Small Pages: 445 / 890M, Empty: 406M, Relocated: 6M, In-Place: 0
[2026-04-03T02:41:33.639+0600][78.497s][info][gc,reloc    ] GC(104) Medium Pages: 4 / 128M, Empty: 96M, Relocated: 0M, In-Place: 0
[2026-04-03T02:41:33.639+0600][78.497s][info][gc,reloc    ] GC(104) Large Pages: 16 / 96M, Empty: 96M, Relocated: 0M, In-Place: 0
[2026-04-03T02:41:33.639+0600][78.497s][info][gc,reloc    ] GC(104) Forwarding Usage: 2M
[2026-04-03T02:41:33.639+0600][78.497s][info][gc,heap     ] GC(104) Min Capacity: 8M(0%)
[2026-04-03T02:41:33.639+0600][78.497s][info][gc,heap     ] GC(104) Max Capacity: 1750M(100%)
[2026-04-03T02:41:33.639+0600][78.497s][info][gc,heap     ] GC(104) Soft Max Capacity: 1750M(100%)
[2026-04-03T02:41:33.640+0600][78.497s][info][gc,heap     ] GC(104)                Mark Start          Mark End        Relocate Start      Relocate End           High               Low         
[2026-04-03T02:41:33.640+0600][78.497s][info][gc,heap     ] GC(104)  Capacity:     1750M (100%)       1750M (100%)       1750M (100%)       1750M (100%)       1750M (100%)       1750M (100%)   
[2026-04-03T02:41:33.640+0600][78.497s][info][gc,heap     ] GC(104)      Free:      636M (36%)         292M (17%)         672M (38%)        1036M (59%)        1038M (59%)          80M (5%)     
[2026-04-03T02:41:33.640+0600][78.497s][info][gc,heap     ] GC(104)      Used:     1114M (64%)        1458M (83%)        1078M (62%)         714M (41%)        1670M (95%)         712M (41%)    
[2026-04-03T02:41:33.640+0600][78.497s][info][gc,heap     ] GC(104)      Live:         -               107M (6%)          107M (6%)          107M (6%)             -                  -          
[2026-04-03T02:41:33.640+0600][78.497s][info][gc,heap     ] GC(104) Allocated:         -               344M (20%)         562M (32%)         567M (32%)            -                  -          
[2026-04-03T02:41:33.640+0600][78.497s][info][gc,heap     ] GC(104)   Garbage:         -              1006M (57%)         408M (23%)          38M (2%)             -                  -          
[2026-04-03T02:41:33.640+0600][78.498s][info][gc,heap     ] GC(104) Reclaimed:         -                  -               598M (34%)         967M (55%)            -                  -          
[2026-04-03T02:41:33.640+0600][78.498s][info][gc          ] GC(104) Garbage Collection (Allocation Rate) 1114M(64%)->714M(41%)
[2026-04-03T02:41:33.751+0600][78.608s][info][gc,start    ] GC(105) Garbage Collection (Allocation Rate)
[2026-04-03T02:41:33.751+0600][78.609s][info][gc,task     ] GC(105) Using 3 workers
[2026-04-03T02:41:33.751+0600][78.609s][info][gc,phases   ] GC(105) Pause Mark Start 0.021ms
[2026-04-03T02:41:33.847+0600][78.705s][info][gc,phases   ] GC(105) Concurrent Mark 95.889ms
[2026-04-03T02:41:33.847+0600][78.705s][info][gc,phases   ] GC(105) Pause Mark End 0.032ms
[2026-04-03T02:41:33.847+0600][78.705s][info][gc,phases   ] GC(105) Concurrent Mark Free 0.003ms
[2026-04-03T02:41:33.864+0600][78.722s][info][gc,phases   ] GC(105) Concurrent Process Non-Strong References 16.924ms
[2026-04-03T02:41:33.864+0600][78.722s][info][gc,phases   ] GC(105) Concurrent Reset Relocation Set 0.016ms
[2026-04-03T02:41:33.867+0600][78.725s][info][gc,phases   ] GC(105) Concurrent Select Relocation Set 2.853ms
[2026-04-03T02:41:33.867+0600][78.725s][info][gc,phases   ] GC(105) Pause Relocate Start 0.012ms
[2026-04-03T02:41:33.870+0600][78.728s][info][gc,phases   ] GC(105) Concurrent Relocate 2.610ms
[2026-04-03T02:41:33.870+0600][78.728s][info][gc,load     ] GC(105) Load: 4.79/5.20/5.54
[2026-04-03T02:41:33.870+0600][78.728s][info][gc,mmu      ] GC(105) MMU: 2ms/92.4%, 5ms/97.0%, 10ms/98.5%, 20ms/99.2%, 50ms/99.7%, 100ms/99.8%
[2026-04-03T02:41:33.870+0600][78.728s][info][gc,marking  ] GC(105) Mark: 2 stripe(s), 2 proactive flush(es), 1 terminate flush(es), 0 completion(s), 0 continuation(s) 
[2026-04-03T02:41:33.870+0600][78.728s][info][gc,marking  ] GC(105) Mark Stack Usage: 32M
[2026-04-03T02:41:33.870+0600][78.728s][info][gc,nmethod  ] GC(105) NMethods: 15386 registered, 2797 unregistered
[2026-04-03T02:41:33.870+0600][78.728s][info][gc,metaspace] GC(105) Metaspace: 128M used, 129M committed, 1152M reserved
[2026-04-03T02:41:33.870+0600][78.728s][info][gc,ref      ] GC(105) Soft: 3424 encountered, 0 discovered, 0 enqueued
[2026-04-03T02:41:33.870+0600][78.728s][info][gc,ref      ] GC(105) Weak: 14968 encountered, 4296 discovered, 455 enqueued
[2026-04-03T02:41:33.870+0600][78.728s][info][gc,ref      ] GC(105) Final: 84 encountered, 0 discovered, 0 enqueued
[2026-04-03T02:41:33.870+0600][78.728s][info][gc,ref      ] GC(105) Phantom: 620 encountered, 482 discovered, 0 enqueued
[2026-04-03T02:41:33.870+0600][78.728s][info][gc,reloc    ] GC(105) Small Pages: 178 / 356M, Empty: 46M, Relocated: 5M, In-Place: 0
[2026-04-03T02:41:33.870+0600][78.728s][info][gc,reloc    ] GC(105) Medium Pages: 2 / 64M, Empty: 32M, Relocated: 0M, In-Place: 0
[2026-04-03T02:41:33.870+0600][78.728s][info][gc,reloc    ] GC(105) Large Pages: 134 / 804M, Empty: 804M, Relocated: 0M, In-Place: 0
[2026-04-03T02:41:33.870+0600][78.728s][info][gc,reloc    ] GC(105) Forwarding Usage: 1M
[2026-04-03T02:41:33.870+0600][78.728s][info][gc,heap     ] GC(105) Min Capacity: 8M(0%)
[2026-04-03T02:41:33.870+0600][78.728s][info][gc,heap     ] GC(105) Max Capacity: 1750M(100%)
[2026-04-03T02:41:33.870+0600][78.728s][info][gc,heap     ] GC(105) Soft Max Capacity: 1750M(100%)
[2026-04-03T02:41:33.870+0600][78.728s][info][gc,heap     ] GC(105)                Mark Start          Mark End        Relocate Start      Relocate End           High               Low         
[2026-04-03T02:41:33.870+0600][78.728s][info][gc,heap     ] GC(105)  Capacity:     1750M (100%)       1750M (100%)       1750M (100%)       1750M (100%)       1750M (100%)       1750M (100%)   
[2026-04-03T02:41:33.870+0600][78.728s][info][gc,heap     ] GC(105)      Free:      526M (30%)         422M (24%)        1296M (74%)        1486M (85%)        1486M (85%)         416M (24%)    
[2026-04-03T02:41:33.870+0600][78.728s][info][gc,heap     ] GC(105)      Used:     1224M (70%)        1328M (76%)         454M (26%)         264M (15%)        1334M (76%)         264M (15%)    
[2026-04-03T02:41:33.870+0600][78.728s][info][gc,heap     ] GC(105)      Live:         -               104M (6%)          104M (6%)          104M (6%)             -                  -          
[2026-04-03T02:41:33.871+0600][78.728s][info][gc,heap     ] GC(105) Allocated:         -               104M (6%)          112M (6%)          117M (7%)             -                  -          
[2026-04-03T02:41:33.871+0600][78.728s][info][gc,heap     ] GC(105)   Garbage:         -              1119M (64%)         237M (14%)          41M (2%)             -                  -          
[2026-04-03T02:41:33.871+0600][78.728s][info][gc,heap     ] GC(105) Reclaimed:         -                  -               882M (50%)        1077M (62%)            -                  -          
[2026-04-03T02:41:33.871+0600][78.728s][info][gc          ] GC(105) Garbage Collection (Allocation Rate) 1224M(70%)->264M(15%)
[2026-04-03T02:41:34.251+0600][79.109s][info][gc,start    ] GC(106) Garbage Collection (Allocation Rate)
[2026-04-03T02:41:34.251+0600][79.109s][info][gc,task     ] GC(106) Using 2 workers
[2026-04-03T02:41:34.251+0600][79.109s][info][gc,phases   ] GC(106) Pause Mark Start 0.017ms
[2026-04-03T02:41:34.414+0600][79.272s][info][gc,phases   ] GC(106) Concurrent Mark 162.875ms
[2026-04-03T02:41:34.415+0600][79.273s][info][gc,phases   ] GC(106) Pause Mark End 0.031ms
[2026-04-03T02:41:34.415+0600][79.273s][info][gc,phases   ] GC(106) Concurrent Mark Free 0.002ms
[2026-04-03T02:41:34.450+0600][79.308s][info][gc,phases   ] GC(106) Concurrent Process Non-Strong References 35.037ms
[2026-04-03T02:41:34.450+0600][79.308s][info][gc,phases   ] GC(106) Concurrent Reset Relocation Set 0.009ms
[2026-04-03T02:41:34.454+0600][79.312s][info][gc,phases   ] GC(106) Concurrent Select Relocation Set 3.985ms
[2026-04-03T02:41:34.454+0600][79.312s][info][gc,phases   ] GC(106) Pause Relocate Start 0.017ms
[2026-04-03T02:41:34.461+0600][79.319s][info][gc,phases   ] GC(106) Concurrent Relocate 6.918ms
[2026-04-03T02:41:34.462+0600][79.320s][info][gc,load     ] GC(106) Load: 4.79/5.20/5.54
[2026-04-03T02:41:34.462+0600][79.320s][info][gc,mmu      ] GC(106) MMU: 2ms/92.4%, 5ms/97.0%, 10ms/98.5%, 20ms/99.2%, 50ms/99.7%, 100ms/99.8%
[2026-04-03T02:41:34.462+0600][79.320s][info][gc,marking  ] GC(106) Mark: 2 stripe(s), 2 proactive flush(es), 1 terminate flush(es), 0 completion(s), 0 continuation(s) 
[2026-04-03T02:41:34.462+0600][79.320s][info][gc,marking  ] GC(106) Mark Stack Usage: 32M
[2026-04-03T02:41:34.462+0600][79.320s][info][gc,nmethod  ] GC(106) NMethods: 15397 registered, 2803 unregistered
[2026-04-03T02:41:34.462+0600][79.320s][info][gc,metaspace] GC(106) Metaspace: 128M used, 129M committed, 1152M reserved
[2026-04-03T02:41:34.462+0600][79.320s][info][gc,ref      ] GC(106) Soft: 3424 encountered, 0 discovered, 0 enqueued
[2026-04-03T02:41:34.462+0600][79.320s][info][gc,ref      ] GC(106) Weak: 15076 encountered, 5278 discovered, 252 enqueued
[2026-04-03T02:41:34.462+0600][79.320s][info][gc,ref      ] GC(106) Final: 84 encountered, 0 discovered, 0 enqueued
[2026-04-03T02:41:34.462+0600][79.320s][info][gc,ref      ] GC(106) Phantom: 620 encountered, 506 discovered, 0 enqueued
[2026-04-03T02:41:34.462+0600][79.320s][info][gc,reloc    ] GC(106) Small Pages: 232 / 464M, Empty: 44M, Relocated: 5M, In-Place: 0
[2026-04-03T02:41:34.462+0600][79.320s][info][gc,reloc    ] GC(106) Medium Pages: 3 / 96M, Empty: 64M, Relocated: 0M, In-Place: 0
[2026-04-03T02:41:34.462+0600][79.320s][info][gc,reloc    ] GC(106) Large Pages: 8 / 48M, Empty: 48M, Relocated: 0M, In-Place: 0
[2026-04-03T02:41:34.462+0600][79.320s][info][gc,reloc    ] GC(106) Forwarding Usage: 1M
[2026-04-03T02:41:34.462+0600][79.320s][info][gc,heap     ] GC(106) Min Capacity: 8M(0%)
[2026-04-03T02:41:34.462+0600][79.320s][info][gc,heap     ] GC(106) Max Capacity: 1750M(100%)
[2026-04-03T02:41:34.462+0600][79.320s][info][gc,heap     ] GC(106) Soft Max Capacity: 1750M(100%)
[2026-04-03T02:41:34.462+0600][79.320s][info][gc,heap     ] GC(106)                Mark Start          Mark End        Relocate Start      Relocate End           High               Low         
[2026-04-03T02:41:34.462+0600][79.320s][info][gc,heap     ] GC(106)  Capacity:     1750M (100%)       1750M (100%)       1750M (100%)       1750M (100%)       1750M (100%)       1750M (100%)   
[2026-04-03T02:41:34.462+0600][79.320s][info][gc,heap     ] GC(106)      Free:     1142M (65%)         896M (51%)         998M (57%)        1300M (74%)        1300M (74%)         844M (48%)    
[2026-04-03T02:41:34.462+0600][79.320s][info][gc,heap     ] GC(106)      Used:      608M (35%)         854M (49%)         752M (43%)         450M (26%)         906M (52%)         450M (26%)    
[2026-04-03T02:41:34.462+0600][79.320s][info][gc,heap     ] GC(106)      Live:         -               105M (6%)          105M (6%)          105M (6%)             -                  -          
[2026-04-03T02:41:34.462+0600][79.320s][info][gc,heap     ] GC(106) Allocated:         -               246M (14%)         300M (17%)         303M (17%)            -                  -          
[2026-04-03T02:41:34.462+0600][79.320s][info][gc,heap     ] GC(106)   Garbage:         -               502M (29%)         346M (20%)          40M (2%)             -                  -          
[2026-04-03T02:41:34.462+0600][79.320s][info][gc,heap     ] GC(106) Reclaimed:         -                  -               156M (9%)          461M (26%)            -                  -          
[2026-04-03T02:41:34.462+0600][79.320s][info][gc          ] GC(106) Garbage Collection (Allocation Rate) 608M(35%)->450M(26%)
[2026-04-03T02:41:34.751+0600][79.609s][info][gc,start    ] GC(107) Garbage Collection (Allocation Rate)
[2026-04-03T02:41:34.751+0600][79.609s][info][gc,task     ] GC(107) Using 2 workers
[2026-04-03T02:41:34.752+0600][79.610s][info][gc,phases   ] GC(107) Pause Mark Start 0.021ms
[2026-04-03T02:41:34.941+0600][79.798s][info][gc,phases   ] GC(107) Concurrent Mark 188.617ms
[2026-04-03T02:41:34.941+0600][79.799s][info][gc,phases   ] GC(107) Pause Mark End 0.031ms
[2026-04-03T02:41:34.941+0600][79.799s][info][gc,phases   ] GC(107) Concurrent Mark Free 0.002ms
[2026-04-03T02:41:34.976+0600][79.833s][info][gc,phases   ] GC(107) Concurrent Process Non-Strong References 34.460ms
[2026-04-03T02:41:34.976+0600][79.834s][info][gc,phases   ] GC(107) Concurrent Reset Relocation Set 0.023ms
[2026-04-03T02:41:34.979+0600][79.837s][info][gc,phases   ] GC(107) Concurrent Select Relocation Set 3.623ms
[2026-04-03T02:41:34.980+0600][79.838s][info][gc,phases   ] GC(107) Pause Relocate Start 0.016ms
[2026-04-03T02:41:34.990+0600][79.848s][info][gc,phases   ] GC(107) Concurrent Relocate 9.795ms
[2026-04-03T02:41:34.990+0600][79.848s][info][gc,load     ] GC(107) Load: 5.37/5.31/5.57
[2026-04-03T02:41:34.990+0600][79.848s][info][gc,mmu      ] GC(107) MMU: 2ms/92.4%, 5ms/97.0%, 10ms/98.5%, 20ms/99.2%, 50ms/99.7%, 100ms/99.8%
[2026-04-03T02:41:34.990+0600][79.848s][info][gc,marking  ] GC(107) Mark: 2 stripe(s), 2 proactive flush(es), 1 terminate flush(es), 0 completion(s), 0 continuation(s) 
[2026-04-03T02:41:34.990+0600][79.848s][info][gc,marking  ] GC(107) Mark Stack Usage: 32M
[2026-04-03T02:41:34.990+0600][79.848s][info][gc,nmethod  ] GC(107) NMethods: 15399 registered, 2806 unregistered
[2026-04-03T02:41:34.990+0600][79.848s][info][gc,metaspace] GC(107) Metaspace: 128M used, 129M committed, 1152M reserved
[2026-04-03T02:41:34.990+0600][79.848s][info][gc,ref      ] GC(107) Soft: 3432 encountered, 0 discovered, 0 enqueued
[2026-04-03T02:41:34.990+0600][79.848s][info][gc,ref      ] GC(107) Weak: 15763 encountered, 4667 discovered, 30 enqueued
[2026-04-03T02:41:34.990+0600][79.848s][info][gc,ref      ] GC(107) Final: 84 encountered, 0 discovered, 0 enqueued
[2026-04-03T02:41:34.990+0600][79.848s][info][gc,ref      ] GC(107) Phantom: 620 encountered, 586 discovered, 0 enqueued
[2026-04-03T02:41:34.990+0600][79.848s][info][gc,reloc    ] GC(107) Small Pages: 305 / 610M, Empty: 266M, Relocated: 8M, In-Place: 0
[2026-04-03T02:41:34.990+0600][79.848s][info][gc,reloc    ] GC(107) Medium Pages: 5 / 160M, Empty: 128M, Relocated: 0M, In-Place: 0
[2026-04-03T02:41:34.990+0600][79.848s][info][gc,reloc    ] GC(107) Large Pages: 14 / 84M, Empty: 84M, Relocated: 0M, In-Place: 0
[2026-04-03T02:41:34.990+0600][79.848s][info][gc,reloc    ] GC(107) Forwarding Usage: 1M
[2026-04-03T02:41:34.990+0600][79.848s][info][gc,heap     ] GC(107) Min Capacity: 8M(0%)
[2026-04-03T02:41:34.990+0600][79.848s][info][gc,heap     ] GC(107) Max Capacity: 1750M(100%)
[2026-04-03T02:41:34.990+0600][79.848s][info][gc,heap     ] GC(107) Soft Max Capacity: 1750M(100%)
[2026-04-03T02:41:34.990+0600][79.848s][info][gc,heap     ] GC(107)                Mark Start          Mark End        Relocate Start      Relocate End           High               Low         
[2026-04-03T02:41:34.990+0600][79.848s][info][gc,heap     ] GC(107)  Capacity:     1750M (100%)       1750M (100%)       1750M (100%)       1750M (100%)       1750M (100%)       1750M (100%)   
[2026-04-03T02:41:34.990+0600][79.848s][info][gc,heap     ] GC(107)      Free:      896M (51%)         676M (39%)        1116M (64%)        1332M (76%)        1338M (76%)         624M (36%)    
[2026-04-03T02:41:34.990+0600][79.848s][info][gc,heap     ] GC(107)      Used:      854M (49%)        1074M (61%)         634M (36%)         418M (24%)        1126M (64%)         412M (24%)    
[2026-04-03T02:41:34.990+0600][79.848s][info][gc,heap     ] GC(107)      Live:         -               110M (6%)          110M (6%)          110M (6%)             -                  -          
[2026-04-03T02:41:34.990+0600][79.848s][info][gc,heap     ] GC(107) Allocated:         -               220M (13%)         258M (15%)         269M (15%)            -                  -          
[2026-04-03T02:41:34.990+0600][79.848s][info][gc,heap     ] GC(107)   Garbage:         -               743M (43%)         265M (15%)          37M (2%)             -                  -          
[2026-04-03T02:41:34.990+0600][79.848s][info][gc,heap     ] GC(107) Reclaimed:         -                  -               478M (27%)         705M (40%)            -                  -          
[2026-04-03T02:41:34.990+0600][79.848s][info][gc          ] GC(107) Garbage Collection (Allocation Rate) 854M(49%)->418M(24%)
[2026-04-03T02:41:35.251+0600][80.108s][info][gc,stats    ] === Garbage Collection Statistics =======================================================================================================================
[2026-04-03T02:41:35.251+0600][80.108s][info][gc,stats    ]                                                              Last 10s              Last 10m              Last 10h                Total
[2026-04-03T02:41:35.251+0600][80.108s][info][gc,stats    ]                                                              Avg / Max             Avg / Max             Avg / Max             Avg / Max
[2026-04-03T02:41:35.251+0600][80.109s][info][gc,stats    ]   Collector: Garbage Collection Cycle                    193.613 / 242.637     181.057 / 377.768     181.057 / 377.768     181.057 / 377.768     ms
[2026-04-03T02:41:35.251+0600][80.109s][info][gc,stats    ]  Contention: Mark Segment Reset Contention                     2 / 9                 1 / 11                1 / 11                1 / 11          ops/s
[2026-04-03T02:41:35.251+0600][80.109s][info][gc,stats    ]  Contention: Mark SeqNum Reset Contention                      0 / 1                 0 / 2                 0 / 2                 0 / 2           ops/s
[2026-04-03T02:41:35.251+0600][80.109s][info][gc,stats    ]    Critical: Allocation Stall                                  0 / 5                 0 / 5                 0 / 5                 0 / 5           ops/s
[2026-04-03T02:41:35.251+0600][80.109s][info][gc,stats    ]    Critical: Allocation Stall                             39.281 / 48.561       34.099 / 48.561       34.099 / 48.561       34.099 / 48.561      ms
[2026-04-03T02:41:35.251+0600][80.109s][info][gc,stats    ]    Critical: GC Locker Stall                                   0 / 3                 0 / 3                 0 / 3                 0 / 3           ops/s
[2026-04-03T02:41:35.251+0600][80.109s][info][gc,stats    ]    Critical: GC Locker Stall                               0.034 / 0.105         0.028 / 0.205         0.028 / 0.205         0.028 / 0.205       ms
[2026-04-03T02:41:35.251+0600][80.109s][info][gc,stats    ]    Critical: Relocation Stall                                  0 / 0                 0 / 0                 0 / 0                 0 / 0           ops/s
[2026-04-03T02:41:35.251+0600][80.109s][info][gc,stats    ]    Critical: Relocation Stall                              0.000 / 0.000         0.000 / 0.000         0.000 / 0.000         0.000 / 0.000       ms
[2026-04-03T02:41:35.251+0600][80.109s][info][gc,stats    ]      Memory: Allocation Rate                                1490 / 1900           1040 / 2032           1040 / 2032           1040 / 2032        MB/s
[2026-04-03T02:41:35.251+0600][80.109s][info][gc,stats    ]      Memory: Defragment                                       36 / 149              23 / 166              23 / 166              23 / 166         ops/s
[2026-04-03T02:41:35.251+0600][80.109s][info][gc,stats    ]      Memory: Out Of Memory                                     0 / 0                 0 / 0                 0 / 0                 0 / 0           ops/s
[2026-04-03T02:41:35.251+0600][80.109s][info][gc,stats    ]      Memory: Page Cache Flush                                211 / 440             128 / 502             128 / 502             128 / 502         MB/s
[2026-04-03T02:41:35.251+0600][80.109s][info][gc,stats    ]      Memory: Page Cache Hit L1                               477 / 553             331 / 590             331 / 590             331 / 590         ops/s
[2026-04-03T02:41:35.251+0600][80.109s][info][gc,stats    ]      Memory: Page Cache Hit L2                                 0 / 0                 0 / 0                 0 / 0                 0 / 0           ops/s
[2026-04-03T02:41:35.251+0600][80.109s][info][gc,stats    ]      Memory: Page Cache Hit L3                                34 / 119              22 / 119              22 / 119              22 / 119         ops/s
[2026-04-03T02:41:35.251+0600][80.109s][info][gc,stats    ]      Memory: Page Cache Miss                                   8 / 34               12 / 173              12 / 173              12 / 173         ops/s
[2026-04-03T02:41:35.251+0600][80.109s][info][gc,stats    ]      Memory: Uncommit                                          0 / 0                 0 / 0                 0 / 0                 0 / 0           MB/s
[2026-04-03T02:41:35.251+0600][80.109s][info][gc,stats    ]      Memory: Undo Object Allocation Failed                     0 / 1                 0 / 1                 0 / 1                 0 / 1           ops/s
[2026-04-03T02:41:35.251+0600][80.109s][info][gc,stats    ]      Memory: Undo Object Allocation Succeeded                156 / 1196             32 / 1196             32 / 1196             32 / 1196        ops/s
[2026-04-03T02:41:35.251+0600][80.109s][info][gc,stats    ]      Memory: Undo Page Allocation                              2 / 10                1 / 10                1 / 10                1 / 10          ops/s
[2026-04-03T02:41:35.251+0600][80.109s][info][gc,stats    ]       Phase: Concurrent Mark                             147.385 / 189.116     135.844 / 298.329     135.844 / 298.329     135.844 / 298.329     ms
[2026-04-03T02:41:35.251+0600][80.109s][info][gc,stats    ]       Phase: Concurrent Mark Continue                      0.000 / 0.000         0.000 / 0.000         0.000 / 0.000         0.000 / 0.000       ms
[2026-04-03T02:41:35.251+0600][80.109s][info][gc,stats    ]       Phase: Concurrent Mark Free                          0.002 / 0.004         0.002 / 0.004         0.002 / 0.004         0.002 / 0.004       ms
[2026-04-03T02:41:35.251+0600][80.109s][info][gc,stats    ]       Phase: Concurrent Process Non-Strong References     32.928 / 62.120       30.331 / 67.653       30.331 / 67.653       30.331 / 67.653      ms
[2026-04-03T02:41:35.251+0600][80.109s][info][gc,stats    ]       Phase: Concurrent Relocate                           7.196 / 12.339        8.442 / 33.965        8.442 / 33.965        8.442 / 33.965      ms
[2026-04-03T02:41:35.251+0600][80.109s][info][gc,stats    ]       Phase: Concurrent Reset Relocation Set               0.015 / 0.030         0.016 / 0.043         0.016 / 0.043         0.016 / 0.043       ms
[2026-04-03T02:41:35.251+0600][80.109s][info][gc,stats    ]       Phase: Concurrent Select Relocation Set              3.809 / 4.853         4.072 / 9.099         4.072 / 9.099         4.072 / 9.099       ms
[2026-04-03T02:41:35.251+0600][80.109s][info][gc,stats    ]       Phase: Pause Mark End                                0.036 / 0.061         0.041 / 0.152         0.041 / 0.152         0.041 / 0.152       ms
[2026-04-03T02:41:35.251+0600][80.109s][info][gc,stats    ]       Phase: Pause Mark Start                              0.022 / 0.075         0.018 / 0.093         0.018 / 0.093         0.018 / 0.093       ms
[2026-04-03T02:41:35.251+0600][80.109s][info][gc,stats    ]       Phase: Pause Relocate Start                          0.019 / 0.079         0.018 / 0.079         0.018 / 0.079         0.018 / 0.079       ms
[2026-04-03T02:41:35.251+0600][80.109s][info][gc,stats    ]    Subphase: Concurrent Classes Purge                      0.134 / 0.519         0.204 / 3.505         0.204 / 3.505         0.204 / 3.505       ms
[2026-04-03T02:41:35.251+0600][80.109s][info][gc,stats    ]    Subphase: Concurrent Classes Unlink                    28.964 / 57.177       26.372 / 63.133       26.372 / 63.133       26.372 / 63.133      ms
[2026-04-03T02:41:35.251+0600][80.109s][info][gc,stats    ]    Subphase: Concurrent Mark                             138.967 / 185.835     124.568 / 292.279     124.568 / 292.279     124.568 / 292.279     ms
[2026-04-03T02:41:35.251+0600][80.109s][info][gc,stats    ]    Subphase: Concurrent Mark Try Flush                     0.517 / 10.802        0.453 / 10.802        0.453 / 10.802        0.453 / 10.802      ms
[2026-04-03T02:41:35.251+0600][80.109s][info][gc,stats    ]    Subphase: Concurrent Mark Try Terminate                 0.684 / 1.492         0.725 / 4.580         0.725 / 4.580         0.725 / 4.580       ms
[2026-04-03T02:41:35.251+0600][80.109s][info][gc,stats    ]    Subphase: Concurrent References Enqueue                 0.008 / 0.020         0.009 / 0.027         0.009 / 0.027         0.009 / 0.027       ms
[2026-04-03T02:41:35.251+0600][80.109s][info][gc,stats    ]    Subphase: Concurrent References Process                 0.907 / 1.610         1.008 / 2.076         1.008 / 2.076         1.008 / 2.076       ms
[2026-04-03T02:41:35.251+0600][80.109s][info][gc,stats    ]    Subphase: Concurrent Roots ClassLoaderDataGraph         0.444 / 0.916         0.438 / 1.022         0.438 / 1.022         0.438 / 1.022       ms
[2026-04-03T02:41:35.251+0600][80.109s][info][gc,stats    ]    Subphase: Concurrent Roots CodeCache                    0.000 / 0.000         0.000 / 0.000         0.000 / 0.000         0.000 / 0.000       ms
[2026-04-03T02:41:35.251+0600][80.109s][info][gc,stats    ]    Subphase: Concurrent Roots JavaThreads                  1.451 / 3.725         1.436 / 5.185         1.436 / 5.185         1.436 / 5.185       ms
[2026-04-03T02:41:35.251+0600][80.109s][info][gc,stats    ]    Subphase: Concurrent Roots OopStorageSet                0.106 / 0.208         0.105 / 0.398         0.105 / 0.398         0.105 / 0.398       ms
[2026-04-03T02:41:35.251+0600][80.109s][info][gc,stats    ]    Subphase: Concurrent Weak Roots OopStorageSet           1.890 / 2.781         1.702 / 4.980         1.702 / 4.980         1.702 / 4.980       ms
[2026-04-03T02:41:35.251+0600][80.109s][info][gc,stats    ]    Subphase: Pause Mark Try Complete                       0.000 / 0.000         0.003 / 0.008         0.003 / 0.008         0.003 / 0.008       ms
[2026-04-03T02:41:35.251+0600][80.109s][info][gc,stats    ]      System: Java Threads                                    283 / 286             266 / 286             266 / 286             266 / 286         threads
[2026-04-03T02:41:35.251+0600][80.109s][info][gc,stats    ] =========================================================================================================================================================
[2026-04-03T02:41:35.551+0600][80.409s][info][gc,start    ] GC(108) Garbage Collection (Allocation Rate)
[2026-04-03T02:41:35.551+0600][80.409s][info][gc,task     ] GC(108) Using 2 workers
[2026-04-03T02:41:35.552+0600][80.409s][info][gc,phases   ] GC(108) Pause Mark Start 0.017ms
[2026-04-03T02:41:35.717+0600][80.575s][info][gc,phases   ] GC(108) Concurrent Mark 165.221ms
[2026-04-03T02:41:35.717+0600][80.575s][info][gc,phases   ] GC(108) Pause Mark End 0.040ms
[2026-04-03T02:41:35.717+0600][80.575s][info][gc,phases   ] GC(108) Concurrent Mark Free 0.003ms
[2026-04-03T02:41:35.751+0600][80.609s][info][gc,phases   ] GC(108) Concurrent Process Non-Strong References 33.542ms
[2026-04-03T02:41:35.751+0600][80.609s][info][gc,phases   ] GC(108) Concurrent Reset Relocation Set 0.016ms
[2026-04-03T02:41:35.756+0600][80.614s][info][gc,phases   ] GC(108) Concurrent Select Relocation Set 4.900ms
[2026-04-03T02:41:35.757+0600][80.615s][info][gc,phases   ] GC(108) Pause Relocate Start 0.018ms
[2026-04-03T02:41:35.769+0600][80.627s][info][gc,phases   ] GC(108) Concurrent Relocate 11.859ms
[2026-04-03T02:41:35.769+0600][80.627s][info][gc,load     ] GC(108) Load: 5.37/5.31/5.57
[2026-04-03T02:41:35.769+0600][80.627s][info][gc,mmu      ] GC(108) MMU: 2ms/92.4%, 5ms/97.0%, 10ms/98.5%, 20ms/99.2%, 50ms/99.7%, 100ms/99.8%
[2026-04-03T02:41:35.769+0600][80.627s][info][gc,marking  ] GC(108) Mark: 2 stripe(s), 2 proactive flush(es), 1 terminate flush(es), 0 completion(s), 0 continuation(s) 
[2026-04-03T02:41:35.769+0600][80.627s][info][gc,marking  ] GC(108) Mark Stack Usage: 32M
[2026-04-03T02:41:35.769+0600][80.627s][info][gc,nmethod  ] GC(108) NMethods: 15416 registered, 2814 unregistered
[2026-04-03T02:41:35.769+0600][80.627s][info][gc,metaspace] GC(108) Metaspace: 128M used, 129M committed, 1152M reserved
[2026-04-03T02:41:35.769+0600][80.627s][info][gc,ref      ] GC(108) Soft: 3431 encountered, 0 discovered, 0 enqueued
[2026-04-03T02:41:35.769+0600][80.627s][info][gc,ref      ] GC(108) Weak: 16657 encountered, 6775 discovered, 1619 enqueued
[2026-04-03T02:41:35.769+0600][80.627s][info][gc,ref      ] GC(108) Final: 84 encountered, 0 discovered, 0 enqueued
[2026-04-03T02:41:35.769+0600][80.627s][info][gc,ref      ] GC(108) Phantom: 620 encountered, 550 discovered, 0 enqueued
[2026-04-03T02:41:35.769+0600][80.627s][info][gc,reloc    ] GC(108) Small Pages: 372 / 744M, Empty: 208M, Relocated: 8M, In-Place: 0
[2026-04-03T02:41:35.769+0600][80.627s][info][gc,reloc    ] GC(108) Medium Pages: 5 / 160M, Empty: 96M, Relocated: 9M, In-Place: 0
[2026-04-03T02:41:35.769+0600][80.627s][info][gc,reloc    ] GC(108) Large Pages: 14 / 84M, Empty: 84M, Relocated: 0M, In-Place: 0
[2026-04-03T02:41:35.769+0600][80.627s][info][gc,reloc    ] GC(108) Forwarding Usage: 2M
[2026-04-03T02:41:35.769+0600][80.627s][info][gc,heap     ] GC(108) Min Capacity: 8M(0%)
[2026-04-03T02:41:35.769+0600][80.627s][info][gc,heap     ] GC(108) Max Capacity: 1750M(100%)
[2026-04-03T02:41:35.769+0600][80.627s][info][gc,heap     ] GC(108) Soft Max Capacity: 1750M(100%)
[2026-04-03T02:41:35.769+0600][80.627s][info][gc,heap     ] GC(108)                Mark Start          Mark End        Relocate Start      Relocate End           High               Low         
[2026-04-03T02:41:35.769+0600][80.627s][info][gc,heap     ] GC(108)  Capacity:     1750M (100%)       1750M (100%)       1750M (100%)       1750M (100%)       1750M (100%)       1750M (100%)   
[2026-04-03T02:41:35.769+0600][80.627s][info][gc,heap     ] GC(108)      Free:      762M (44%)         560M (32%)         860M (49%)        1298M (74%)        1300M (74%)         490M (28%)    
[2026-04-03T02:41:35.769+0600][80.627s][info][gc,heap     ] GC(108)      Used:      988M (56%)        1190M (68%)         890M (51%)         452M (26%)        1260M (72%)         450M (26%)    
[2026-04-03T02:41:35.769+0600][80.627s][info][gc,heap     ] GC(108)      Live:         -               110M (6%)          110M (6%)          110M (6%)             -                  -          
[2026-04-03T02:41:35.769+0600][80.627s][info][gc,heap     ] GC(108) Allocated:         -               202M (12%)         290M (17%)         301M (17%)            -                  -          
[2026-04-03T02:41:35.769+0600][80.627s][info][gc,heap     ] GC(108)   Garbage:         -               877M (50%)         489M (28%)          39M (2%)             -                  -          
[2026-04-03T02:41:35.769+0600][80.627s][info][gc,heap     ] GC(108) Reclaimed:         -                  -               388M (22%)         837M (48%)            -                  -          
[2026-04-03T02:41:35.769+0600][80.627s][info][gc          ] GC(108) Garbage Collection (Allocation Rate) 988M(56%)->452M(26%)
[2026-04-03T02:41:36.251+0600][81.109s][info][gc,start    ] GC(109) Garbage Collection (Allocation Rate)
[2026-04-03T02:41:36.251+0600][81.109s][info][gc,task     ] GC(109) Using 2 workers
[2026-04-03T02:41:36.251+0600][81.109s][info][gc,phases   ] GC(109) Pause Mark Start 0.017ms
[2026-04-03T02:41:36.411+0600][81.269s][info][gc,phases   ] GC(109) Concurrent Mark 159.232ms
[2026-04-03T02:41:36.411+0600][81.269s][info][gc,phases   ] GC(109) Pause Mark End 0.051ms
[2026-04-03T02:41:36.411+0600][81.269s][info][gc,phases   ] GC(109) Concurrent Mark Free 0.004ms
[2026-04-03T02:41:36.449+0600][81.307s][info][gc,phases   ] GC(109) Concurrent Process Non-Strong References 37.765ms
[2026-04-03T02:41:36.449+0600][81.307s][info][gc,phases   ] GC(109) Concurrent Reset Relocation Set 0.024ms
[2026-04-03T02:41:36.454+0600][81.312s][info][gc,phases   ] GC(109) Concurrent Select Relocation Set 5.048ms
[2026-04-03T02:41:36.455+0600][81.313s][info][gc,phases   ] GC(109) Pause Relocate Start 0.020ms
[2026-04-03T02:41:36.465+0600][81.323s][info][gc,phases   ] GC(109) Concurrent Relocate 10.108ms
[2026-04-03T02:41:36.465+0600][81.323s][info][gc,load     ] GC(109) Load: 5.37/5.31/5.57
[2026-04-03T02:41:36.465+0600][81.323s][info][gc,mmu      ] GC(109) MMU: 2ms/92.4%, 5ms/97.0%, 10ms/98.5%, 20ms/99.2%, 50ms/99.7%, 100ms/99.8%
[2026-04-03T02:41:36.465+0600][81.323s][info][gc,marking  ] GC(109) Mark: 2 stripe(s), 2 proactive flush(es), 1 terminate flush(es), 0 completion(s), 0 continuation(s) 
[2026-04-03T02:41:36.465+0600][81.323s][info][gc,marking  ] GC(109) Mark Stack Usage: 32M
[2026-04-03T02:41:36.465+0600][81.323s][info][gc,nmethod  ] GC(109) NMethods: 15431 registered, 2823 unregistered
[2026-04-03T02:41:36.465+0600][81.323s][info][gc,metaspace] GC(109) Metaspace: 128M used, 129M committed, 1152M reserved
[2026-04-03T02:41:36.465+0600][81.323s][info][gc,ref      ] GC(109) Soft: 3430 encountered, 0 discovered, 0 enqueued
[2026-04-03T02:41:36.465+0600][81.323s][info][gc,ref      ] GC(109) Weak: 16497 encountered, 6229 discovered, 1728 enqueued
[2026-04-03T02:41:36.465+0600][81.323s][info][gc,ref      ] GC(109) Final: 84 encountered, 0 discovered, 0 enqueued
[2026-04-03T02:41:36.465+0600][81.323s][info][gc,ref      ] GC(109) Phantom: 620 encountered, 502 discovered, 0 enqueued
[2026-04-03T02:41:36.465+0600][81.323s][info][gc,reloc    ] GC(109) Small Pages: 417 / 834M, Empty: 288M, Relocated: 8M, In-Place: 0
[2026-04-03T02:41:36.465+0600][81.323s][info][gc,reloc    ] GC(109) Medium Pages: 6 / 192M, Empty: 160M, Relocated: 0M, In-Place: 0
[2026-04-03T02:41:36.465+0600][81.323s][info][gc,reloc    ] GC(109) Large Pages: 20 / 120M, Empty: 120M, Relocated: 0M, In-Place: 0
[2026-04-03T02:41:36.465+0600][81.323s][info][gc,reloc    ] GC(109) Forwarding Usage: 1M
[2026-04-03T02:41:36.465+0600][81.323s][info][gc,heap     ] GC(109) Min Capacity: 8M(0%)
[2026-04-03T02:41:36.465+0600][81.323s][info][gc,heap     ] GC(109) Max Capacity: 1750M(100%)
[2026-04-03T02:41:36.465+0600][81.323s][info][gc,heap     ] GC(109) Soft Max Capacity: 1750M(100%)
[2026-04-03T02:41:36.465+0600][81.323s][info][gc,heap     ] GC(109)                Mark Start          Mark End        Relocate Start      Relocate End           High               Low         
[2026-04-03T02:41:36.466+0600][81.323s][info][gc,heap     ] GC(109)  Capacity:     1750M (100%)       1750M (100%)       1750M (100%)       1750M (100%)       1750M (100%)       1750M (100%)   
[2026-04-03T02:41:36.466+0600][81.323s][info][gc,heap     ] GC(109)      Free:      604M (35%)         348M (20%)         826M (47%)        1234M (71%)        1234M (71%)         282M (16%)    
[2026-04-03T02:41:36.466+0600][81.323s][info][gc,heap     ] GC(109)      Used:     1146M (65%)        1402M (80%)         924M (53%)         516M (29%)        1468M (84%)         516M (29%)    
[2026-04-03T02:41:36.466+0600][81.323s][info][gc,heap     ] GC(109)      Live:         -               111M (6%)          111M (6%)          111M (6%)             -                  -          
[2026-04-03T02:41:36.466+0600][81.323s][info][gc,heap     ] GC(109) Allocated:         -               256M (15%)         346M (20%)         363M (21%)            -                  -          
[2026-04-03T02:41:36.466+0600][81.324s][info][gc,heap     ] GC(109)   Garbage:         -              1034M (59%)         466M (27%)          40M (2%)             -                  -          
[2026-04-03T02:41:36.466+0600][81.324s][info][gc,heap     ] GC(109) Reclaimed:         -                  -               568M (32%)         993M (57%)            -                  -          
[2026-04-03T02:41:36.466+0600][81.324s][info][gc          ] GC(109) Garbage Collection (Allocation Rate) 1146M(65%)->516M(29%)
[2026-04-03T02:41:36.651+0600][81.508s][info][gc,start    ] GC(110) Garbage Collection (Allocation Rate)
[2026-04-03T02:41:36.651+0600][81.508s][info][gc,task     ] GC(110) Using 3 workers
[2026-04-03T02:41:36.651+0600][81.509s][info][gc,phases   ] GC(110) Pause Mark Start 0.010ms
[2026-04-03T02:41:36.764+0600][81.622s][info][gc,phases   ] GC(110) Concurrent Mark 112.665ms
[2026-04-03T02:41:36.764+0600][81.622s][info][gc,phases   ] GC(110) Pause Mark End 0.043ms
[2026-04-03T02:41:36.764+0600][81.622s][info][gc,phases   ] GC(110) Concurrent Mark Free 0.002ms
[2026-04-03T02:41:36.787+0600][81.645s][info][gc,phases   ] GC(110) Concurrent Process Non-Strong References 23.042ms
[2026-04-03T02:41:36.787+0600][81.645s][info][gc,phases   ] GC(110) Concurrent Reset Relocation Set 0.023ms
[2026-04-03T02:41:36.792+0600][81.650s][info][gc,phases   ] GC(110) Concurrent Select Relocation Set 4.368ms
[2026-04-03T02:41:36.792+0600][81.650s][info][gc,phases   ] GC(110) Pause Relocate Start 0.018ms
[2026-04-03T02:41:36.801+0600][81.659s][info][gc,phases   ] GC(110) Concurrent Relocate 6.233ms
[2026-04-03T02:41:36.801+0600][81.659s][info][gc,load     ] GC(110) Load: 5.37/5.31/5.57
[2026-04-03T02:41:36.801+0600][81.659s][info][gc,mmu      ] GC(110) MMU: 2ms/92.4%, 5ms/97.0%, 10ms/98.5%, 20ms/99.2%, 50ms/99.7%, 100ms/99.8%
[2026-04-03T02:41:36.801+0600][81.659s][info][gc,marking  ] GC(110) Mark: 2 stripe(s), 5 proactive flush(es), 1 terminate flush(es), 0 completion(s), 0 continuation(s) 
[2026-04-03T02:41:36.801+0600][81.659s][info][gc,marking  ] GC(110) Mark Stack Usage: 32M
[2026-04-03T02:41:36.801+0600][81.659s][info][gc,nmethod  ] GC(110) NMethods: 15437 registered, 2825 unregistered
[2026-04-03T02:41:36.801+0600][81.659s][info][gc,metaspace] GC(110) Metaspace: 128M used, 129M committed, 1152M reserved
[2026-04-03T02:41:36.801+0600][81.659s][info][gc,ref      ] GC(110) Soft: 3426 encountered, 0 discovered, 0 enqueued
[2026-04-03T02:41:36.801+0600][81.659s][info][gc,ref      ] GC(110) Weak: 15378 encountered, 4750 discovered, 792 enqueued
[2026-04-03T02:41:36.801+0600][81.659s][info][gc,ref      ] GC(110) Final: 84 encountered, 0 discovered, 0 enqueued
[2026-04-03T02:41:36.801+0600][81.659s][info][gc,ref      ] GC(110) Phantom: 620 encountered, 494 discovered, 0 enqueued
[2026-04-03T02:41:36.801+0600][81.659s][info][gc,reloc    ] GC(110) Small Pages: 282 / 564M, Empty: 260M, Relocated: 4M, In-Place: 0
[2026-04-03T02:41:36.801+0600][81.659s][info][gc,reloc    ] GC(110) Medium Pages: 3 / 96M, Empty: 64M, Relocated: 0M, In-Place: 0
[2026-04-03T02:41:36.801+0600][81.659s][info][gc,reloc    ] GC(110) Large Pages: 72 / 432M, Empty: 426M, Relocated: 0M, In-Place: 0
[2026-04-03T02:41:36.801+0600][81.659s][info][gc,reloc    ] GC(110) Forwarding Usage: 1M
[2026-04-03T02:41:36.801+0600][81.659s][info][gc,heap     ] GC(110) Min Capacity: 8M(0%)
[2026-04-03T02:41:36.801+0600][81.659s][info][gc,heap     ] GC(110) Max Capacity: 1750M(100%)
[2026-04-03T02:41:36.801+0600][81.659s][info][gc,heap     ] GC(110) Soft Max Capacity: 1750M(100%)
[2026-04-03T02:41:36.801+0600][81.659s][info][gc,heap     ] GC(110)                Mark Start          Mark End        Relocate Start      Relocate End           High               Low         
[2026-04-03T02:41:36.801+0600][81.659s][info][gc,heap     ] GC(110)  Capacity:     1750M (100%)       1750M (100%)       1750M (100%)       1750M (100%)       1750M (100%)       1750M (100%)   
[2026-04-03T02:41:36.801+0600][81.659s][info][gc,heap     ] GC(110)      Free:      658M (38%)         200M (11%)         904M (52%)        1076M (61%)        1078M (62%)         166M (9%)     
[2026-04-03T02:41:36.801+0600][81.659s][info][gc,heap     ] GC(110)      Used:     1092M (62%)        1550M (89%)         846M (48%)         674M (39%)        1584M (91%)         672M (38%)    
[2026-04-03T02:41:36.801+0600][81.659s][info][gc,heap     ] GC(110)      Live:         -               113M (7%)          113M (7%)          113M (7%)             -                  -          
[2026-04-03T02:41:36.801+0600][81.659s][info][gc,heap     ] GC(110) Allocated:         -               458M (26%)         504M (29%)         517M (30%)            -                  -          
[2026-04-03T02:41:36.801+0600][81.659s][info][gc,heap     ] GC(110)   Garbage:         -               978M (56%)         228M (13%)          42M (2%)             -                  -          
[2026-04-03T02:41:36.801+0600][81.659s][info][gc,heap     ] GC(110) Reclaimed:         -                  -               750M (43%)         935M (53%)            -                  -          
[2026-04-03T02:41:36.801+0600][81.659s][info][gc          ] GC(110) Garbage Collection (Allocation Rate) 1092M(62%)->674M(39%)
[2026-04-03T02:41:36.851+0600][81.709s][info][gc,start    ] GC(111) Garbage Collection (Allocation Rate)
[2026-04-03T02:41:36.851+0600][81.709s][info][gc,task     ] GC(111) Using 3 workers
[2026-04-03T02:41:36.851+0600][81.709s][info][gc,phases   ] GC(111) Pause Mark Start 0.011ms
[2026-04-03T02:41:36.957+0600][81.815s][info][gc,phases   ] GC(111) Concurrent Mark 105.514ms
[2026-04-03T02:41:36.957+0600][81.815s][info][gc,phases   ] GC(111) Pause Mark End 0.036ms
[2026-04-03T02:41:36.957+0600][81.815s][info][gc,phases   ] GC(111) Concurrent Mark Free 0.001ms
[2026-04-03T02:41:36.975+0600][81.833s][info][gc,phases   ] GC(111) Concurrent Process Non-Strong References 17.660ms
[2026-04-03T02:41:36.975+0600][81.833s][info][gc,phases   ] GC(111) Concurrent Reset Relocation Set 0.012ms
[2026-04-03T02:41:36.978+0600][81.836s][info][gc,phases   ] GC(111) Concurrent Select Relocation Set 2.763ms
[2026-04-03T02:41:36.978+0600][81.836s][info][gc,phases   ] GC(111) Pause Relocate Start 0.013ms
[2026-04-03T02:41:36.984+0600][81.842s][info][gc,phases   ] GC(111) Concurrent Relocate 5.698ms
[2026-04-03T02:41:36.984+0600][81.842s][info][gc,load     ] GC(111) Load: 5.37/5.31/5.57
[2026-04-03T02:41:36.984+0600][81.842s][info][gc,mmu      ] GC(111) MMU: 2ms/92.4%, 5ms/97.0%, 10ms/98.5%, 20ms/99.2%, 50ms/99.7%, 100ms/99.8%
[2026-04-03T02:41:36.984+0600][81.842s][info][gc,marking  ] GC(111) Mark: 2 stripe(s), 2 proactive flush(es), 1 terminate flush(es), 0 completion(s), 0 continuation(s) 
[2026-04-03T02:41:36.984+0600][81.842s][info][gc,marking  ] GC(111) Mark Stack Usage: 32M
[2026-04-03T02:41:36.984+0600][81.842s][info][gc,nmethod  ] GC(111) NMethods: 15447 registered, 2830 unregistered
[2026-04-03T02:41:36.984+0600][81.842s][info][gc,metaspace] GC(111) Metaspace: 128M used, 129M committed, 1152M reserved
[2026-04-03T02:41:36.984+0600][81.842s][info][gc,ref      ] GC(111) Soft: 3434 encountered, 0 discovered, 0 enqueued
[2026-04-03T02:41:36.984+0600][81.842s][info][gc,ref      ] GC(111) Weak: 14740 encountered, 3607 discovered, 155 enqueued
[2026-04-03T02:41:36.984+0600][81.842s][info][gc,ref      ] GC(111) Final: 84 encountered, 0 discovered, 0 enqueued
[2026-04-03T02:41:36.984+0600][81.842s][info][gc,ref      ] GC(111) Phantom: 620 encountered, 542 discovered, 0 enqueued
[2026-04-03T02:41:36.984+0600][81.842s][info][gc,reloc    ] GC(111) Small Pages: 139 / 278M, Empty: 22M, Relocated: 5M, In-Place: 0
[2026-04-03T02:41:36.984+0600][81.842s][info][gc,reloc    ] GC(111) Medium Pages: 2 / 64M, Empty: 0M, Relocated: 13M, In-Place: 0
[2026-04-03T02:41:36.984+0600][81.842s][info][gc,reloc    ] GC(111) Large Pages: 67 / 402M, Empty: 402M, Relocated: 0M, In-Place: 0
[2026-04-03T02:41:36.984+0600][81.842s][info][gc,reloc    ] GC(111) Forwarding Usage: 0M
[2026-04-03T02:41:36.984+0600][81.842s][info][gc,heap     ] GC(111) Min Capacity: 8M(0%)
[2026-04-03T02:41:36.984+0600][81.842s][info][gc,heap     ] GC(111) Max Capacity: 1750M(100%)
[2026-04-03T02:41:36.984+0600][81.842s][info][gc,heap     ] GC(111) Soft Max Capacity: 1750M(100%)
[2026-04-03T02:41:36.984+0600][81.842s][info][gc,heap     ] GC(111)                Mark Start          Mark End        Relocate Start      Relocate End           High               Low         
[2026-04-03T02:41:36.984+0600][81.842s][info][gc,heap     ] GC(111)  Capacity:     1750M (100%)       1750M (100%)       1750M (100%)       1750M (100%)       1750M (100%)       1750M (100%)   
[2026-04-03T02:41:36.984+0600][81.842s][info][gc,heap     ] GC(111)      Free:     1006M (57%)         908M (52%)        1316M (75%)        1488M (85%)        1488M (85%)         900M (51%)    
[2026-04-03T02:41:36.984+0600][81.842s][info][gc,heap     ] GC(111)      Used:      744M (43%)         842M (48%)         434M (25%)         262M (15%)         850M (49%)         262M (15%)    
[2026-04-03T02:41:36.984+0600][81.842s][info][gc,heap     ] GC(111)      Live:         -               110M (6%)          110M (6%)          110M (6%)             -                  -          
[2026-04-03T02:41:36.984+0600][81.842s][info][gc,heap     ] GC(111) Allocated:         -                98M (6%)          114M (7%)          115M (7%)             -                  -          
[2026-04-03T02:41:36.984+0600][81.842s][info][gc,heap     ] GC(111)   Garbage:         -               633M (36%)         209M (12%)          35M (2%)             -                  -          
[2026-04-03T02:41:36.984+0600][81.842s][info][gc,heap     ] GC(111) Reclaimed:         -                  -               424M (24%)         597M (34%)            -                  -          
[2026-04-03T02:41:36.984+0600][81.842s][info][gc          ] GC(111) Garbage Collection (Allocation Rate) 744M(43%)->262M(15%)
[2026-04-03T02:41:37.450+0600][82.308s][info][gc,start    ] GC(112) Garbage Collection (Allocation Rate)
[2026-04-03T02:41:37.450+0600][82.308s][info][gc,task     ] GC(112) Using 2 workers
[2026-04-03T02:41:37.451+0600][82.309s][info][gc,phases   ] GC(112) Pause Mark Start 0.009ms
[2026-04-03T02:41:37.604+0600][82.462s][info][gc,phases   ] GC(112) Concurrent Mark 152.853ms
[2026-04-03T02:41:37.604+0600][82.462s][info][gc,phases   ] GC(112) Pause Mark End 0.041ms
[2026-04-03T02:41:37.604+0600][82.462s][info][gc,phases   ] GC(112) Concurrent Mark Free 0.004ms
[2026-04-03T02:41:37.638+0600][82.496s][info][gc,phases   ] GC(112) Concurrent Process Non-Strong References 33.523ms
[2026-04-03T02:41:37.638+0600][82.496s][info][gc,phases   ] GC(112) Concurrent Reset Relocation Set 0.013ms
[2026-04-03T02:41:37.642+0600][82.500s][info][gc,phases   ] GC(112) Concurrent Select Relocation Set 4.542ms
[2026-04-03T02:41:37.643+0600][82.501s][info][gc,phases   ] GC(112) Pause Relocate Start 0.018ms
[2026-04-03T02:41:37.648+0600][82.506s][info][gc,phases   ] GC(112) Concurrent Relocate 5.494ms
[2026-04-03T02:41:37.649+0600][82.506s][info][gc,load     ] GC(112) Load: 5.37/5.31/5.57
[2026-04-03T02:41:37.649+0600][82.506s][info][gc,mmu      ] GC(112) MMU: 2ms/92.4%, 5ms/97.0%, 10ms/98.5%, 20ms/99.2%, 50ms/99.7%, 100ms/99.8%
[2026-04-03T02:41:37.649+0600][82.506s][info][gc,marking  ] GC(112) Mark: 2 stripe(s), 2 proactive flush(es), 1 terminate flush(es), 0 completion(s), 0 continuation(s) 
[2026-04-03T02:41:37.649+0600][82.506s][info][gc,marking  ] GC(112) Mark Stack Usage: 32M
[2026-04-03T02:41:37.649+0600][82.506s][info][gc,nmethod  ] GC(112) NMethods: 15448 registered, 2838 unregistered
[2026-04-03T02:41:37.649+0600][82.506s][info][gc,metaspace] GC(112) Metaspace: 128M used, 129M committed, 1152M reserved
[2026-04-03T02:41:37.649+0600][82.506s][info][gc,ref      ] GC(112) Soft: 3426 encountered, 0 discovered, 0 enqueued
[2026-04-03T02:41:37.649+0600][82.506s][info][gc,ref      ] GC(112) Weak: 15365 encountered, 6187 discovered, 253 enqueued
[2026-04-03T02:41:37.649+0600][82.506s][info][gc,ref      ] GC(112) Final: 84 encountered, 4 discovered, 0 enqueued
[2026-04-03T02:41:37.649+0600][82.506s][info][gc,ref      ] GC(112) Phantom: 620 encountered, 514 discovered, 0 enqueued
[2026-04-03T02:41:37.649+0600][82.506s][info][gc,reloc    ] GC(112) Small Pages: 281 / 562M, Empty: 86M, Relocated: 5M, In-Place: 0
[2026-04-03T02:41:37.649+0600][82.507s][info][gc,reloc    ] GC(112) Medium Pages: 4 / 128M, Empty: 96M, Relocated: 0M, In-Place: 0
[2026-04-03T02:41:37.649+0600][82.507s][info][gc,reloc    ] GC(112) Large Pages: 12 / 72M, Empty: 72M, Relocated: 0M, In-Place: 0
[2026-04-03T02:41:37.649+0600][82.507s][info][gc,reloc    ] GC(112) Forwarding Usage: 1M
[2026-04-03T02:41:37.649+0600][82.507s][info][gc,heap     ] GC(112) Min Capacity: 8M(0%)
[2026-04-03T02:41:37.649+0600][82.507s][info][gc,heap     ] GC(112) Max Capacity: 1750M(100%)
[2026-04-03T02:41:37.649+0600][82.507s][info][gc,heap     ] GC(112) Soft Max Capacity: 1750M(100%)
[2026-04-03T02:41:37.649+0600][82.507s][info][gc,heap     ] GC(112)                Mark Start          Mark End        Relocate Start      Relocate End           High               Low         
[2026-04-03T02:41:37.649+0600][82.507s][info][gc,heap     ] GC(112)  Capacity:     1750M (100%)       1750M (100%)       1750M (100%)       1750M (100%)       1750M (100%)       1750M (100%)   
[2026-04-03T02:41:37.649+0600][82.507s][info][gc,heap     ] GC(112)      Free:      988M (56%)         790M (45%)         958M (55%)        1310M (75%)        1314M (75%)         704M (40%)    
[2026-04-03T02:41:37.649+0600][82.507s][info][gc,heap     ] GC(112)      Used:      762M (44%)         960M (55%)         792M (45%)         440M (25%)        1046M (60%)         436M (25%)    
[2026-04-03T02:41:37.649+0600][82.507s][info][gc,heap     ] GC(112)      Live:         -               106M (6%)          106M (6%)          106M (6%)             -                  -          
[2026-04-03T02:41:37.649+0600][82.507s][info][gc,heap     ] GC(112) Allocated:         -               198M (11%)         284M (16%)         293M (17%)            -                  -          
[2026-04-03T02:41:37.649+0600][82.507s][info][gc,heap     ] GC(112)   Garbage:         -               655M (37%)         401M (23%)          40M (2%)             -                  -          
[2026-04-03T02:41:37.649+0600][82.507s][info][gc,heap     ] GC(112) Reclaimed:         -                  -               254M (15%)         615M (35%)            -                  -          
[2026-04-03T02:41:37.649+0600][82.507s][info][gc          ] GC(112) Garbage Collection (Allocation Rate) 762M(44%)->440M(25%)
[2026-04-03T02:41:37.851+0600][82.709s][info][gc,start    ] GC(113) Garbage Collection (Allocation Rate)
[2026-04-03T02:41:37.851+0600][82.709s][info][gc,task     ] GC(113) Using 2 workers
[2026-04-03T02:41:37.851+0600][82.709s][info][gc,phases   ] GC(113) Pause Mark Start 0.016ms
[2026-04-03T02:41:37.990+0600][82.848s][info][gc,phases   ] GC(113) Concurrent Mark 138.774ms
[2026-04-03T02:41:37.991+0600][82.848s][info][gc,phases   ] GC(113) Pause Mark End 0.025ms
[2026-04-03T02:41:37.991+0600][82.849s][info][gc,phases   ] GC(113) Concurrent Mark Free 0.001ms
[2026-04-03T02:41:38.023+0600][82.881s][info][gc,phases   ] GC(113) Concurrent Process Non-Strong References 32.544ms
[2026-04-03T02:41:38.023+0600][82.881s][info][gc,phases   ] GC(113) Concurrent Reset Relocation Set 0.022ms
[2026-04-03T02:41:38.028+0600][82.886s][info][gc,phases   ] GC(113) Concurrent Select Relocation Set 4.616ms
[2026-04-03T02:41:38.029+0600][82.886s][info][gc,phases   ] GC(113) Pause Relocate Start 0.018ms
[2026-04-03T02:41:38.042+0600][82.900s][info][gc,phases   ] GC(113) Concurrent Relocate 13.622ms
[2026-04-03T02:41:38.042+0600][82.900s][info][gc,load     ] GC(113) Load: 5.37/5.31/5.57
[2026-04-03T02:41:38.042+0600][82.900s][info][gc,mmu      ] GC(113) MMU: 2ms/92.4%, 5ms/97.0%, 10ms/98.5%, 20ms/99.2%, 50ms/99.7%, 100ms/99.8%
[2026-04-03T02:41:38.042+0600][82.900s][info][gc,marking  ] GC(113) Mark: 2 stripe(s), 2 proactive flush(es), 1 terminate flush(es), 0 completion(s), 0 continuation(s) 
[2026-04-03T02:41:38.042+0600][82.900s][info][gc,marking  ] GC(113) Mark Stack Usage: 32M
[2026-04-03T02:41:38.042+0600][82.900s][info][gc,nmethod  ] GC(113) NMethods: 15456 registered, 2844 unregistered
[2026-04-03T02:41:38.042+0600][82.900s][info][gc,metaspace] GC(113) Metaspace: 128M used, 129M committed, 1152M reserved
[2026-04-03T02:41:38.042+0600][82.900s][info][gc,ref      ] GC(113) Soft: 3432 encountered, 0 discovered, 0 enqueued
[2026-04-03T02:41:38.042+0600][82.900s][info][gc,ref      ] GC(113) Weak: 15834 encountered, 6459 discovered, 22 enqueued
[2026-04-03T02:41:38.042+0600][82.900s][info][gc,ref      ] GC(113) Final: 84 encountered, 0 discovered, 0 enqueued
[2026-04-03T02:41:38.043+0600][82.900s][info][gc,ref      ] GC(113) Phantom: 620 encountered, 547 discovered, 0 enqueued
[2026-04-03T02:41:38.043+0600][82.900s][info][gc,reloc    ] GC(113) Small Pages: 266 / 532M, Empty: 198M, Relocated: 8M, In-Place: 0
[2026-04-03T02:41:38.043+0600][82.900s][info][gc,reloc    ] GC(113) Medium Pages: 4 / 128M, Empty: 96M, Relocated: 0M, In-Place: 0
[2026-04-03T02:41:38.043+0600][82.900s][info][gc,reloc    ] GC(113) Large Pages: 10 / 60M, Empty: 60M, Relocated: 0M, In-Place: 0
[2026-04-03T02:41:38.043+0600][82.900s][info][gc,reloc    ] GC(113) Forwarding Usage: 2M
[2026-04-03T02:41:38.043+0600][82.900s][info][gc,heap     ] GC(113) Min Capacity: 8M(0%)
[2026-04-03T02:41:38.043+0600][82.900s][info][gc,heap     ] GC(113) Max Capacity: 1750M(100%)
[2026-04-03T02:41:38.043+0600][82.900s][info][gc,heap     ] GC(113) Soft Max Capacity: 1750M(100%)
[2026-04-03T02:41:38.043+0600][82.900s][info][gc,heap     ] GC(113)                Mark Start          Mark End        Relocate Start      Relocate End           High               Low         
[2026-04-03T02:41:38.043+0600][82.900s][info][gc,heap     ] GC(113)  Capacity:     1750M (100%)       1750M (100%)       1750M (100%)       1750M (100%)       1750M (100%)       1750M (100%)   
[2026-04-03T02:41:38.043+0600][82.901s][info][gc,heap     ] GC(113)      Free:     1030M (59%)         882M (50%)        1186M (68%)        1370M (78%)        1384M (79%)         848M (48%)    
[2026-04-03T02:41:38.043+0600][82.901s][info][gc,heap     ] GC(113)      Used:      720M (41%)         868M (50%)         564M (32%)         380M (22%)         902M (52%)         366M (21%)    
[2026-04-03T02:41:38.043+0600][82.901s][info][gc,heap     ] GC(113)      Live:         -               109M (6%)          109M (6%)          109M (6%)             -                  -          
[2026-04-03T02:41:38.043+0600][82.901s][info][gc,heap     ] GC(113) Allocated:         -               148M (8%)          198M (11%)         231M (13%)            -                  -          
[2026-04-03T02:41:38.043+0600][82.901s][info][gc,heap     ] GC(113)   Garbage:         -               610M (35%)         256M (15%)          39M (2%)             -                  -          
[2026-04-03T02:41:38.043+0600][82.901s][info][gc,heap     ] GC(113) Reclaimed:         -                  -               354M (20%)         571M (33%)            -                  -          
[2026-04-03T02:41:38.043+0600][82.901s][info][gc          ] GC(113) Garbage Collection (Allocation Rate) 720M(41%)->380M(22%)
[2026-04-03T02:41:38.551+0600][83.408s][info][gc,start    ] GC(114) Garbage Collection (Allocation Rate)
[2026-04-03T02:41:38.551+0600][83.409s][info][gc,task     ] GC(114) Using 3 workers
[2026-04-03T02:41:38.551+0600][83.409s][info][gc,phases   ] GC(114) Pause Mark Start 0.011ms
[2026-04-03T02:41:38.635+0600][83.493s][info][gc,phases   ] GC(114) Concurrent Mark 84.343ms
[2026-04-03T02:41:38.635+0600][83.493s][info][gc,phases   ] GC(114) Pause Mark End 0.034ms
[2026-04-03T02:41:38.636+0600][83.493s][info][gc,phases   ] GC(114) Concurrent Mark Free 0.002ms
[2026-04-03T02:41:38.650+0600][83.508s][info][gc,phases   ] GC(114) Concurrent Process Non-Strong References 14.354ms
[2026-04-03T02:41:38.650+0600][83.508s][info][gc,phases   ] GC(114) Concurrent Reset Relocation Set 0.007ms
[2026-04-03T02:41:38.650+0600][83.508s][info][gc          ] Allocation Stall (Executor task launch worker for task 1.0 in stage 4129.0 (TID 7652)) 37.411ms
[2026-04-03T02:41:38.650+0600][83.508s][info][gc          ] Allocation Stall (Executor task launch worker for task 0.0 in stage 4129.0 (TID 7651)) 39.814ms
[2026-04-03T02:41:38.650+0600][83.508s][info][gc          ] Allocation Stall (Executor task launch worker for task 2.0 in stage 4129.0 (TID 7653)) 36.312ms
[2026-04-03T02:41:38.650+0600][83.508s][info][gc          ] Allocation Stall (Executor task launch worker for task 3.0 in stage 4129.0 (TID 7654)) 36.001ms
[2026-04-03T02:41:38.653+0600][83.511s][info][gc,phases   ] GC(114) Concurrent Select Relocation Set 3.027ms
[2026-04-03T02:41:38.653+0600][83.511s][info][gc,phases   ] GC(114) Pause Relocate Start 0.013ms
[2026-04-03T02:41:38.660+0600][83.517s][info][gc,phases   ] GC(114) Concurrent Relocate 6.080ms
[2026-04-03T02:41:38.660+0600][83.518s][info][gc,load     ] GC(114) Load: 5.37/5.31/5.57
[2026-04-03T02:41:38.660+0600][83.518s][info][gc,mmu      ] GC(114) MMU: 2ms/92.4%, 5ms/97.0%, 10ms/98.5%, 20ms/99.2%, 50ms/99.7%, 100ms/99.8%
[2026-04-03T02:41:38.660+0600][83.518s][info][gc,marking  ] GC(114) Mark: 2 stripe(s), 2 proactive flush(es), 1 terminate flush(es), 0 completion(s), 0 continuation(s) 
[2026-04-03T02:41:38.660+0600][83.518s][info][gc,marking  ] GC(114) Mark Stack Usage: 32M
[2026-04-03T02:41:38.660+0600][83.518s][info][gc,nmethod  ] GC(114) NMethods: 15455 registered, 2858 unregistered
[2026-04-03T02:41:38.660+0600][83.518s][info][gc,metaspace] GC(114) Metaspace: 128M used, 129M committed, 1152M reserved
[2026-04-03T02:41:38.660+0600][83.518s][info][gc,ref      ] GC(114) Soft: 3426 encountered, 0 discovered, 0 enqueued
[2026-04-03T02:41:38.660+0600][83.518s][info][gc,ref      ] GC(114) Weak: 16998 encountered, 6223 discovered, 2481 enqueued
[2026-04-03T02:41:38.660+0600][83.518s][info][gc,ref      ] GC(114) Final: 84 encountered, 0 discovered, 0 enqueued
[2026-04-03T02:41:38.660+0600][83.518s][info][gc,ref      ] GC(114) Phantom: 620 encountered, 350 discovered, 0 enqueued
[2026-04-03T02:41:38.660+0600][83.518s][info][gc,reloc    ] GC(114) Small Pages: 418 / 836M, Empty: 386M, Relocated: 8M, In-Place: 0
[2026-04-03T02:41:38.660+0600][83.518s][info][gc,reloc    ] GC(114) Medium Pages: 4 / 128M, Empty: 96M, Relocated: 0M, In-Place: 0
[2026-04-03T02:41:38.660+0600][83.518s][info][gc,reloc    ] GC(114) Large Pages: 80 / 480M, Empty: 480M, Relocated: 0M, In-Place: 0
[2026-04-03T02:41:38.660+0600][83.518s][info][gc,reloc    ] GC(114) Forwarding Usage: 2M
[2026-04-03T02:41:38.660+0600][83.518s][info][gc,heap     ] GC(114) Min Capacity: 8M(0%)
[2026-04-03T02:41:38.660+0600][83.518s][info][gc,heap     ] GC(114) Max Capacity: 1750M(100%)
[2026-04-03T02:41:38.660+0600][83.518s][info][gc,heap     ] GC(114) Soft Max Capacity: 1750M(100%)
[2026-04-03T02:41:38.660+0600][83.518s][info][gc,heap     ] GC(114)                Mark Start          Mark End        Relocate Start      Relocate End           High               Low         
[2026-04-03T02:41:38.660+0600][83.518s][info][gc,heap     ] GC(114)  Capacity:     1750M (100%)       1750M (100%)       1750M (100%)       1750M (100%)       1750M (100%)       1750M (100%)   
[2026-04-03T02:41:38.660+0600][83.518s][info][gc,heap     ] GC(114)      Free:      306M (17%)           2M (0%)          928M (53%)        1200M (69%)        1258M (72%)           2M (0%)     
[2026-04-03T02:41:38.660+0600][83.518s][info][gc,heap     ] GC(114)      Used:     1444M (83%)        1748M (100%)        822M (47%)         550M (31%)        1748M (100%)        492M (28%)    
[2026-04-03T02:41:38.660+0600][83.518s][info][gc,heap     ] GC(114)      Live:         -               108M (6%)          108M (6%)          108M (6%)             -                  -          
[2026-04-03T02:41:38.660+0600][83.518s][info][gc,heap     ] GC(114) Allocated:         -               304M (17%)         340M (19%)         399M (23%)            -                  -          
[2026-04-03T02:41:38.660+0600][83.518s][info][gc,heap     ] GC(114)   Garbage:         -              1335M (76%)         373M (21%)          41M (2%)             -                  -          
[2026-04-03T02:41:38.660+0600][83.518s][info][gc,heap     ] GC(114) Reclaimed:         -                  -               962M (55%)        1293M (74%)            -                  -          
[2026-04-03T02:41:38.660+0600][83.518s][info][gc          ] GC(114) Garbage Collection (Allocation Rate) 1444M(83%)->550M(31%)
[2026-04-03T02:41:38.751+0600][83.609s][info][gc,start    ] GC(115) Garbage Collection (Allocation Stall)
[2026-04-03T02:41:38.751+0600][83.609s][info][gc,ref      ] GC(115) Clearing All SoftReferences
[2026-04-03T02:41:38.751+0600][83.609s][info][gc,task     ] GC(115) Using 3 workers
[2026-04-03T02:41:38.751+0600][83.609s][info][gc,ref      ] GC(115) Clearing All SoftReferences
[2026-04-03T02:41:38.751+0600][83.609s][info][gc,phases   ] GC(115) Pause Mark Start 0.044ms
[2026-04-03T02:41:38.852+0600][83.710s][info][gc,phases   ] GC(115) Concurrent Mark 100.845ms
[2026-04-03T02:41:38.852+0600][83.710s][info][gc,phases   ] GC(115) Pause Mark End 0.036ms
[2026-04-03T02:41:38.852+0600][83.710s][info][gc,phases   ] GC(115) Concurrent Mark Free 0.003ms
[2026-04-03T02:41:38.898+0600][83.756s][info][gc,phases   ] GC(115) Concurrent Process Non-Strong References 45.373ms
[2026-04-03T02:41:38.898+0600][83.756s][info][gc,phases   ] GC(115) Concurrent Reset Relocation Set 0.013ms
[2026-04-03T02:41:38.901+0600][83.759s][info][gc,phases   ] GC(115) Concurrent Select Relocation Set 3.353ms
[2026-04-03T02:41:38.902+0600][83.759s][info][gc,phases   ] GC(115) Pause Relocate Start 0.015ms
[2026-04-03T02:41:38.906+0600][83.764s][info][gc,phases   ] GC(115) Concurrent Relocate 4.568ms
[2026-04-03T02:41:38.906+0600][83.764s][info][gc,load     ] GC(115) Load: 5.37/5.31/5.57
[2026-04-03T02:41:38.906+0600][83.764s][info][gc,mmu      ] GC(115) MMU: 2ms/92.4%, 5ms/97.0%, 10ms/98.5%, 20ms/99.2%, 50ms/99.7%, 100ms/99.8%
[2026-04-03T02:41:38.906+0600][83.764s][info][gc,marking  ] GC(115) Mark: 2 stripe(s), 4 proactive flush(es), 1 terminate flush(es), 0 completion(s), 0 continuation(s) 
[2026-04-03T02:41:38.906+0600][83.764s][info][gc,marking  ] GC(115) Mark Stack Usage: 32M
[2026-04-03T02:41:38.906+0600][83.764s][info][gc,nmethod  ] GC(115) NMethods: 15466 registered, 2869 unregistered
[2026-04-03T02:41:38.906+0600][83.764s][info][gc,metaspace] GC(115) Metaspace: 128M used, 129M committed, 1152M reserved
[2026-04-03T02:41:38.906+0600][83.764s][info][gc,ref      ] GC(115) Soft: 3387 encountered, 755 discovered, 150 enqueued
[2026-04-03T02:41:38.906+0600][83.764s][info][gc,ref      ] GC(115) Weak: 14798 encountered, 5840 discovered, 199 enqueued
[2026-04-03T02:41:38.906+0600][83.764s][info][gc,ref      ] GC(115) Final: 84 encountered, 0 discovered, 0 enqueued
[2026-04-03T02:41:38.906+0600][83.764s][info][gc,ref      ] GC(115) Phantom: 620 encountered, 542 discovered, 0 enqueued
[2026-04-03T02:41:38.906+0600][83.764s][info][gc,reloc    ] GC(115) Small Pages: 144 / 288M, Empty: 22M, Relocated: 6M, In-Place: 0
[2026-04-03T02:41:38.906+0600][83.764s][info][gc,reloc    ] GC(115) Medium Pages: 2 / 64M, Empty: 32M, Relocated: 0M, In-Place: 0
[2026-04-03T02:41:38.906+0600][83.764s][info][gc,reloc    ] GC(115) Large Pages: 68 / 408M, Empty: 402M, Relocated: 0M, In-Place: 0
[2026-04-03T02:41:38.906+0600][83.764s][info][gc,reloc    ] GC(115) Forwarding Usage: 1M
[2026-04-03T02:41:38.906+0600][83.764s][info][gc,heap     ] GC(115) Min Capacity: 8M(0%)
[2026-04-03T02:41:38.906+0600][83.764s][info][gc,heap     ] GC(115) Max Capacity: 1750M(100%)
[2026-04-03T02:41:38.906+0600][83.764s][info][gc,heap     ] GC(115) Soft Max Capacity: 1750M(100%)
[2026-04-03T02:41:38.906+0600][83.764s][info][gc,heap     ] GC(115)                Mark Start          Mark End        Relocate Start      Relocate End           High               Low         
[2026-04-03T02:41:38.907+0600][83.764s][info][gc,heap     ] GC(115)  Capacity:     1750M (100%)       1750M (100%)       1750M (100%)       1750M (100%)       1750M (100%)       1750M (100%)   
[2026-04-03T02:41:38.907+0600][83.764s][info][gc,heap     ] GC(115)      Free:      990M (57%)         894M (51%)        1342M (77%)        1492M (85%)        1492M (85%)         888M (51%)    
[2026-04-03T02:41:38.907+0600][83.764s][info][gc,heap     ] GC(115)      Used:      760M (43%)         856M (49%)         408M (23%)         258M (15%)         862M (49%)         258M (15%)    
[2026-04-03T02:41:38.907+0600][83.764s][info][gc,heap     ] GC(115)      Live:         -               110M (6%)          110M (6%)          110M (6%)             -                  -          
[2026-04-03T02:41:38.907+0600][83.764s][info][gc,heap     ] GC(115) Allocated:         -                96M (5%)          104M (6%)          103M (6%)             -                  -          
[2026-04-03T02:41:38.907+0600][83.764s][info][gc,heap     ] GC(115)   Garbage:         -               649M (37%)         193M (11%)          43M (2%)             -                  -          
[2026-04-03T02:41:38.907+0600][83.764s][info][gc,heap     ] GC(115) Reclaimed:         -                  -               456M (26%)         605M (35%)            -                  -          
[2026-04-03T02:41:38.907+0600][83.764s][info][gc          ] GC(115) Garbage Collection (Allocation Stall) 760M(43%)->258M(15%)
[2026-04-03T02:41:39.250+0600][84.108s][info][gc,start    ] GC(116) Garbage Collection (Allocation Rate)
[2026-04-03T02:41:39.251+0600][84.108s][info][gc,task     ] GC(116) Using 2 workers
[2026-04-03T02:41:39.251+0600][84.109s][info][gc,phases   ] GC(116) Pause Mark Start 0.020ms
[2026-04-03T02:41:39.449+0600][84.307s][info][gc,phases   ] GC(116) Concurrent Mark 197.810ms
[2026-04-03T02:41:39.449+0600][84.307s][info][gc,phases   ] GC(116) Pause Mark End 0.038ms
[2026-04-03T02:41:39.449+0600][84.307s][info][gc,phases   ] GC(116) Concurrent Mark Free 0.002ms
[2026-04-03T02:41:39.486+0600][84.344s][info][gc,phases   ] GC(116) Concurrent Process Non-Strong References 36.569ms
[2026-04-03T02:41:39.486+0600][84.344s][info][gc,phases   ] GC(116) Concurrent Reset Relocation Set 0.009ms
[2026-04-03T02:41:39.490+0600][84.348s][info][gc,phases   ] GC(116) Concurrent Select Relocation Set 3.870ms
[2026-04-03T02:41:39.490+0600][84.348s][info][gc,phases   ] GC(116) Pause Relocate Start 0.019ms
[2026-04-03T02:41:39.501+0600][84.359s][info][gc,phases   ] GC(116) Concurrent Relocate 10.227ms
[2026-04-03T02:41:39.501+0600][84.359s][info][gc,load     ] GC(116) Load: 5.37/5.31/5.57
[2026-04-03T02:41:39.501+0600][84.359s][info][gc,mmu      ] GC(116) MMU: 2ms/92.4%, 5ms/97.0%, 10ms/98.5%, 20ms/99.2%, 50ms/99.7%, 100ms/99.8%
[2026-04-03T02:41:39.501+0600][84.359s][info][gc,marking  ] GC(116) Mark: 2 stripe(s), 2 proactive flush(es), 1 terminate flush(es), 0 completion(s), 0 continuation(s) 
[2026-04-03T02:41:39.501+0600][84.359s][info][gc,marking  ] GC(116) Mark Stack Usage: 32M
[2026-04-03T02:41:39.501+0600][84.359s][info][gc,nmethod  ] GC(116) NMethods: 15461 registered, 2886 unregistered
[2026-04-03T02:41:39.501+0600][84.359s][info][gc,metaspace] GC(116) Metaspace: 128M used, 129M committed, 1152M reserved
[2026-04-03T02:41:39.501+0600][84.359s][info][gc,ref      ] GC(116) Soft: 3298 encountered, 0 discovered, 0 enqueued
[2026-04-03T02:41:39.501+0600][84.359s][info][gc,ref      ] GC(116) Weak: 14898 encountered, 4265 discovered, 269 enqueued
[2026-04-03T02:41:39.501+0600][84.359s][info][gc,ref      ] GC(116) Final: 84 encountered, 0 discovered, 0 enqueued
[2026-04-03T02:41:39.501+0600][84.359s][info][gc,ref      ] GC(116) Phantom: 620 encountered, 342 discovered, 0 enqueued
[2026-04-03T02:41:39.501+0600][84.359s][info][gc,reloc    ] GC(116) Small Pages: 210 / 420M, Empty: 32M, Relocated: 6M, In-Place: 0
[2026-04-03T02:41:39.501+0600][84.359s][info][gc,reloc    ] GC(116) Medium Pages: 3 / 96M, Empty: 64M, Relocated: 0M, In-Place: 0
[2026-04-03T02:41:39.501+0600][84.359s][info][gc,reloc    ] GC(116) Large Pages: 7 / 42M, Empty: 42M, Relocated: 0M, In-Place: 0
[2026-04-03T02:41:39.501+0600][84.359s][info][gc,reloc    ] GC(116) Forwarding Usage: 2M
[2026-04-03T02:41:39.501+0600][84.359s][info][gc,heap     ] GC(116) Min Capacity: 8M(0%)
[2026-04-03T02:41:39.501+0600][84.359s][info][gc,heap     ] GC(116) Max Capacity: 1750M(100%)
[2026-04-03T02:41:39.501+0600][84.359s][info][gc,heap     ] GC(116) Soft Max Capacity: 1750M(100%)
[2026-04-03T02:41:39.501+0600][84.359s][info][gc,heap     ] GC(116)                Mark Start          Mark End        Relocate Start      Relocate End           High               Low         
[2026-04-03T02:41:39.501+0600][84.359s][info][gc,heap     ] GC(116)  Capacity:     1750M (100%)       1750M (100%)       1750M (100%)       1750M (100%)       1750M (100%)       1750M (100%)   
[2026-04-03T02:41:39.501+0600][84.359s][info][gc,heap     ] GC(116)      Free:     1192M (68%)         940M (54%)        1028M (59%)        1292M (74%)        1292M (74%)         896M (51%)    
[2026-04-03T02:41:39.501+0600][84.359s][info][gc,heap     ] GC(116)      Used:      558M (32%)         810M (46%)         722M (41%)         458M (26%)         854M (49%)         458M (26%)    
[2026-04-03T02:41:39.501+0600][84.359s][info][gc,heap     ] GC(116)      Live:         -               107M (6%)          107M (6%)          107M (6%)             -                  -          
[2026-04-03T02:41:39.501+0600][84.359s][info][gc,heap     ] GC(116) Allocated:         -               252M (14%)         302M (17%)         311M (18%)            -                  -          
[2026-04-03T02:41:39.501+0600][84.359s][info][gc,heap     ] GC(116)   Garbage:         -               450M (26%)         312M (18%)          38M (2%)             -                  -          
[2026-04-03T02:41:39.501+0600][84.359s][info][gc,heap     ] GC(116) Reclaimed:         -                  -               138M (8%)          411M (24%)            -                  -          
[2026-04-03T02:41:39.501+0600][84.359s][info][gc          ] GC(116) Garbage Collection (Allocation Rate) 558M(32%)->458M(26%)
[2026-04-03T02:41:39.551+0600][84.409s][info][gc,start    ] GC(117) Garbage Collection (Allocation Rate)
[2026-04-03T02:41:39.551+0600][84.409s][info][gc,task     ] GC(117) Using 2 workers
[2026-04-03T02:41:39.552+0600][84.410s][info][gc,phases   ] GC(117) Pause Mark Start 0.019ms
[2026-04-03T02:41:39.730+0600][84.588s][info][gc,phases   ] GC(117) Concurrent Mark 178.326ms
[2026-04-03T02:41:39.731+0600][84.589s][info][gc,phases   ] GC(117) Pause Mark End 0.066ms
[2026-04-03T02:41:39.731+0600][84.589s][info][gc,phases   ] GC(117) Concurrent Mark Free 0.002ms
[2026-04-03T02:41:39.768+0600][84.626s][info][gc,phases   ] GC(117) Concurrent Process Non-Strong References 37.213ms
[2026-04-03T02:41:39.768+0600][84.626s][info][gc,phases   ] GC(117) Concurrent Reset Relocation Set 0.019ms
[2026-04-03T02:41:39.774+0600][84.632s][info][gc,phases   ] GC(117) Concurrent Select Relocation Set 5.732ms
[2026-04-03T02:41:39.774+0600][84.632s][info][gc,phases   ] GC(117) Pause Relocate Start 0.018ms
[2026-04-03T02:41:39.785+0600][84.643s][info][gc,phases   ] GC(117) Concurrent Relocate 10.762ms
[2026-04-03T02:41:39.785+0600][84.643s][info][gc,load     ] GC(117) Load: 5.37/5.31/5.57
[2026-04-03T02:41:39.785+0600][84.643s][info][gc,mmu      ] GC(117) MMU: 2ms/92.4%, 5ms/97.0%, 10ms/98.5%, 20ms/99.2%, 50ms/99.7%, 100ms/99.8%
[2026-04-03T02:41:39.785+0600][84.643s][info][gc,marking  ] GC(117) Mark: 2 stripe(s), 2 proactive flush(es), 1 terminate flush(es), 0 completion(s), 0 continuation(s) 
[2026-04-03T02:41:39.785+0600][84.643s][info][gc,marking  ] GC(117) Mark Stack Usage: 32M
[2026-04-03T02:41:39.785+0600][84.643s][info][gc,nmethod  ] GC(117) NMethods: 15457 registered, 2893 unregistered
[2026-04-03T02:41:39.786+0600][84.643s][info][gc,metaspace] GC(117) Metaspace: 128M used, 129M committed, 1152M reserved
[2026-04-03T02:41:39.786+0600][84.643s][info][gc,ref      ] GC(117) Soft: 3298 encountered, 0 discovered, 0 enqueued
[2026-04-03T02:41:39.786+0600][84.643s][info][gc,ref      ] GC(117) Weak: 15135 encountered, 4376 discovered, 14 enqueued
[2026-04-03T02:41:39.786+0600][84.643s][info][gc,ref      ] GC(117) Final: 84 encountered, 0 discovered, 0 enqueued
[2026-04-03T02:41:39.786+0600][84.643s][info][gc,ref      ] GC(117) Phantom: 620 encountered, 548 discovered, 0 enqueued
[2026-04-03T02:41:39.786+0600][84.643s][info][gc,reloc    ] GC(117) Small Pages: 188 / 376M, Empty: 86M, Relocated: 6M, In-Place: 0
[2026-04-03T02:41:39.786+0600][84.643s][info][gc,reloc    ] GC(117) Medium Pages: 3 / 96M, Empty: 64M, Relocated: 0M, In-Place: 0
[2026-04-03T02:41:39.786+0600][84.643s][info][gc,reloc    ] GC(117) Large Pages: 7 / 42M, Empty: 42M, Relocated: 0M, In-Place: 0
[2026-04-03T02:41:39.786+0600][84.643s][info][gc,reloc    ] GC(117) Forwarding Usage: 2M
[2026-04-03T02:41:39.786+0600][84.644s][info][gc,heap     ] GC(117) Min Capacity: 8M(0%)
[2026-04-03T02:41:39.786+0600][84.644s][info][gc,heap     ] GC(117) Max Capacity: 1750M(100%)
[2026-04-03T02:41:39.786+0600][84.644s][info][gc,heap     ] GC(117) Soft Max Capacity: 1750M(100%)
[2026-04-03T02:41:39.786+0600][84.644s][info][gc,heap     ] GC(117)                Mark Start          Mark End        Relocate Start      Relocate End           High               Low         
[2026-04-03T02:41:39.786+0600][84.644s][info][gc,heap     ] GC(117)  Capacity:     1750M (100%)       1750M (100%)       1750M (100%)       1750M (100%)       1750M (100%)       1750M (100%)   
[2026-04-03T02:41:39.786+0600][84.644s][info][gc,heap     ] GC(117)      Free:     1236M (71%)        1010M (58%)        1154M (66%)        1312M (75%)        1314M (75%)         962M (55%)    
[2026-04-03T02:41:39.786+0600][84.644s][info][gc,heap     ] GC(117)      Used:      514M (29%)         740M (42%)         596M (34%)         438M (25%)         788M (45%)         436M (25%)    
[2026-04-03T02:41:39.786+0600][84.644s][info][gc,heap     ] GC(117)      Live:         -               109M (6%)          109M (6%)          109M (6%)             -                  -          
[2026-04-03T02:41:39.786+0600][84.644s][info][gc,heap     ] GC(117) Allocated:         -               226M (13%)         274M (16%)         287M (16%)            -                  -          
[2026-04-03T02:41:39.786+0600][84.644s][info][gc,heap     ] GC(117)   Garbage:         -               404M (23%)         212M (12%)          41M (2%)             -                  -          
[2026-04-03T02:41:39.786+0600][84.644s][info][gc,heap     ] GC(117) Reclaimed:         -                  -               192M (11%)         363M (21%)            -                  -          
[2026-04-03T02:41:39.786+0600][84.644s][info][gc          ] GC(117) Garbage Collection (Allocation Rate) 514M(29%)->438M(25%)
[2026-04-03T02:41:39.851+0600][84.708s][info][gc,start    ] GC(118) Garbage Collection (Allocation Rate)
[2026-04-03T02:41:39.851+0600][84.709s][info][gc,task     ] GC(118) Using 2 workers
[2026-04-03T02:41:39.851+0600][84.709s][info][gc,phases   ] GC(118) Pause Mark Start 0.013ms
[2026-04-03T02:41:40.026+0600][84.884s][info][gc,phases   ] GC(118) Concurrent Mark 174.681ms
[2026-04-03T02:41:40.026+0600][84.884s][info][gc,phases   ] GC(118) Pause Mark End 0.032ms
[2026-04-03T02:41:40.026+0600][84.884s][info][gc,phases   ] GC(118) Concurrent Mark Free 0.002ms
[2026-04-03T02:41:40.059+0600][84.917s][info][gc,phases   ] GC(118) Concurrent Process Non-Strong References 32.831ms
[2026-04-03T02:41:40.059+0600][84.917s][info][gc,phases   ] GC(118) Concurrent Reset Relocation Set 0.014ms
[2026-04-03T02:41:40.064+0600][84.922s][info][gc,phases   ] GC(118) Concurrent Select Relocation Set 5.000ms
[2026-04-03T02:41:40.064+0600][84.922s][info][gc,phases   ] GC(118) Pause Relocate Start 0.020ms
[2026-04-03T02:41:40.072+0600][84.929s][info][gc,phases   ] GC(118) Concurrent Relocate 6.806ms
[2026-04-03T02:41:40.072+0600][84.930s][info][gc,load     ] GC(118) Load: 5.98/5.44/5.61
[2026-04-03T02:41:40.072+0600][84.930s][info][gc,mmu      ] GC(118) MMU: 2ms/92.4%, 5ms/97.0%, 10ms/98.5%, 20ms/99.2%, 50ms/99.7%, 100ms/99.8%
[2026-04-03T02:41:40.072+0600][84.930s][info][gc,marking  ] GC(118) Mark: 2 stripe(s), 2 proactive flush(es), 1 terminate flush(es), 0 completion(s), 0 continuation(s) 
[2026-04-03T02:41:40.072+0600][84.930s][info][gc,marking  ] GC(118) Mark Stack Usage: 32M
[2026-04-03T02:41:40.072+0600][84.930s][info][gc,nmethod  ] GC(118) NMethods: 15459 registered, 2896 unregistered
[2026-04-03T02:41:40.072+0600][84.930s][info][gc,metaspace] GC(118) Metaspace: 128M used, 129M committed, 1152M reserved
[2026-04-03T02:41:40.072+0600][84.930s][info][gc,ref      ] GC(118) Soft: 3298 encountered, 0 discovered, 0 enqueued
[2026-04-03T02:41:40.072+0600][84.930s][info][gc,ref      ] GC(118) Weak: 15623 encountered, 3363 discovered, 15 enqueued
[2026-04-03T02:41:40.072+0600][84.930s][info][gc,ref      ] GC(118) Final: 84 encountered, 0 discovered, 0 enqueued
[2026-04-03T02:41:40.072+0600][84.930s][info][gc,ref      ] GC(118) Phantom: 620 encountered, 338 discovered, 0 enqueued
[2026-04-03T02:41:40.072+0600][84.930s][info][gc,reloc    ] GC(118) Small Pages: 190 / 380M, Empty: 98M, Relocated: 4M, In-Place: 0
[2026-04-03T02:41:40.072+0600][84.930s][info][gc,reloc    ] GC(118) Medium Pages: 3 / 96M, Empty: 64M, Relocated: 0M, In-Place: 0
[2026-04-03T02:41:40.072+0600][84.930s][info][gc,reloc    ] GC(118) Large Pages: 7 / 42M, Empty: 42M, Relocated: 0M, In-Place: 0
[2026-04-03T02:41:40.072+0600][84.930s][info][gc,reloc    ] GC(118) Forwarding Usage: 1M
[2026-04-03T02:41:40.072+0600][84.930s][info][gc,heap     ] GC(118) Min Capacity: 8M(0%)
[2026-04-03T02:41:40.072+0600][84.930s][info][gc,heap     ] GC(118) Max Capacity: 1750M(100%)
[2026-04-03T02:41:40.072+0600][84.930s][info][gc,heap     ] GC(118) Soft Max Capacity: 1750M(100%)
[2026-04-03T02:41:40.072+0600][84.930s][info][gc,heap     ] GC(118)                Mark Start          Mark End        Relocate Start      Relocate End           High               Low         
[2026-04-03T02:41:40.072+0600][84.930s][info][gc,heap     ] GC(118)  Capacity:     1750M (100%)       1750M (100%)       1750M (100%)       1750M (100%)       1750M (100%)       1750M (100%)   
[2026-04-03T02:41:40.072+0600][84.930s][info][gc,heap     ] GC(118)      Free:     1232M (70%)         998M (57%)        1150M (66%)        1298M (74%)        1302M (74%)         948M (54%)    
[2026-04-03T02:41:40.072+0600][84.930s][info][gc,heap     ] GC(118)      Used:      518M (30%)         752M (43%)         600M (34%)         452M (26%)         802M (46%)         448M (26%)    
[2026-04-03T02:41:40.072+0600][84.930s][info][gc,heap     ] GC(118)      Live:         -               108M (6%)          108M (6%)          108M (6%)             -                  -          
[2026-04-03T02:41:40.072+0600][84.930s][info][gc,heap     ] GC(118) Allocated:         -               234M (13%)         286M (16%)         303M (17%)            -                  -          
[2026-04-03T02:41:40.072+0600][84.930s][info][gc,heap     ] GC(118)   Garbage:         -               409M (23%)         205M (12%)          39M (2%)             -                  -          
[2026-04-03T02:41:40.072+0600][84.930s][info][gc,heap     ] GC(118) Reclaimed:         -                  -               204M (12%)         369M (21%)            -                  -          
[2026-04-03T02:41:40.072+0600][84.930s][info][gc          ] GC(118) Garbage Collection (Allocation Rate) 518M(30%)->452M(26%)
[2026-04-03T02:41:40.551+0600][85.409s][info][gc,start    ] GC(119) Garbage Collection (Allocation Rate)
[2026-04-03T02:41:40.551+0600][85.409s][info][gc,task     ] GC(119) Using 3 workers
[2026-04-03T02:41:40.551+0600][85.409s][info][gc,phases   ] GC(119) Pause Mark Start 0.014ms
[2026-04-03T02:41:40.644+0600][85.502s][info][gc,phases   ] GC(119) Concurrent Mark 92.425ms
[2026-04-03T02:41:40.644+0600][85.502s][info][gc,phases   ] GC(119) Pause Mark End 0.034ms
[2026-04-03T02:41:40.644+0600][85.502s][info][gc,phases   ] GC(119) Concurrent Mark Free 0.003ms
[2026-04-03T02:41:40.677+0600][85.535s][info][gc,phases   ] GC(119) Concurrent Process Non-Strong References 32.800ms
[2026-04-03T02:41:40.677+0600][85.535s][info][gc,phases   ] GC(119) Concurrent Reset Relocation Set 0.007ms
[2026-04-03T02:41:40.677+0600][85.535s][info][gc          ] Allocation Stall (Executor task launch worker for task 1.0 in stage 4288.0 (TID 7906)) 35.103ms
[2026-04-03T02:41:40.677+0600][85.535s][info][gc          ] Allocation Stall (Executor task launch worker for task 2.0 in stage 4288.0 (TID 7907)) 37.565ms
[2026-04-03T02:41:40.677+0600][85.535s][info][gc          ] Allocation Stall (Executor task launch worker for task 3.0 in stage 4288.0 (TID 7908)) 37.573ms
[2026-04-03T02:41:40.678+0600][85.535s][info][gc          ] Allocation Stall (Executor task launch worker for task 0.0 in stage 4288.0 (TID 7905)) 37.444ms
[2026-04-03T02:41:40.681+0600][85.539s][info][gc,phases   ] GC(119) Concurrent Select Relocation Set 3.481ms
[2026-04-03T02:41:40.681+0600][85.539s][info][gc,phases   ] GC(119) Pause Relocate Start 0.013ms
[2026-04-03T02:41:40.689+0600][85.547s][info][gc,phases   ] GC(119) Concurrent Relocate 7.648ms
[2026-04-03T02:41:40.689+0600][85.547s][info][gc,load     ] GC(119) Load: 5.98/5.44/5.61
[2026-04-03T02:41:40.689+0600][85.547s][info][gc,mmu      ] GC(119) MMU: 2ms/92.4%, 5ms/97.0%, 10ms/98.5%, 20ms/99.2%, 50ms/99.7%, 100ms/99.8%
[2026-04-03T02:41:40.689+0600][85.547s][info][gc,marking  ] GC(119) Mark: 2 stripe(s), 2 proactive flush(es), 1 terminate flush(es), 0 completion(s), 0 continuation(s) 
[2026-04-03T02:41:40.689+0600][85.547s][info][gc,marking  ] GC(119) Mark Stack Usage: 32M
[2026-04-03T02:41:40.689+0600][85.547s][info][gc,nmethod  ] GC(119) NMethods: 15474 registered, 2910 unregistered
[2026-04-03T02:41:40.689+0600][85.547s][info][gc,metaspace] GC(119) Metaspace: 128M used, 129M committed, 1152M reserved
[2026-04-03T02:41:40.689+0600][85.547s][info][gc,ref      ] GC(119) Soft: 3401 encountered, 0 discovered, 0 enqueued
[2026-04-03T02:41:40.689+0600][85.547s][info][gc,ref      ] GC(119) Weak: 17010 encountered, 6054 discovered, 2289 enqueued
[2026-04-03T02:41:40.689+0600][85.547s][info][gc,ref      ] GC(119) Final: 84 encountered, 0 discovered, 0 enqueued
[2026-04-03T02:41:40.689+0600][85.547s][info][gc,ref      ] GC(119) Phantom: 620 encountered, 538 discovered, 0 enqueued
[2026-04-03T02:41:40.689+0600][85.547s][info][gc,reloc    ] GC(119) Small Pages: 438 / 876M, Empty: 396M, Relocated: 6M, In-Place: 0
[2026-04-03T02:41:40.689+0600][85.547s][info][gc,reloc    ] GC(119) Medium Pages: 4 / 128M, Empty: 64M, Relocated: 9M, In-Place: 0
[2026-04-03T02:41:40.689+0600][85.547s][info][gc,reloc    ] GC(119) Large Pages: 81 / 486M, Empty: 486M, Relocated: 0M, In-Place: 0
[2026-04-03T02:41:40.689+0600][85.547s][info][gc,reloc    ] GC(119) Forwarding Usage: 1M
[2026-04-03T02:41:40.689+0600][85.547s][info][gc,heap     ] GC(119) Min Capacity: 8M(0%)
[2026-04-03T02:41:40.689+0600][85.547s][info][gc,heap     ] GC(119) Max Capacity: 1750M(100%)
[2026-04-03T02:41:40.689+0600][85.547s][info][gc,heap     ] GC(119) Soft Max Capacity: 1750M(100%)
[2026-04-03T02:41:40.689+0600][85.547s][info][gc,heap     ] GC(119)                Mark Start          Mark End        Relocate Start      Relocate End           High               Low         
[2026-04-03T02:41:40.689+0600][85.547s][info][gc,heap     ] GC(119)  Capacity:     1750M (100%)       1750M (100%)       1750M (100%)       1750M (100%)       1750M (100%)       1750M (100%)   
[2026-04-03T02:41:40.689+0600][85.547s][info][gc,heap     ] GC(119)      Free:      260M (15%)           0M (0%)          920M (53%)        1244M (71%)        1260M (72%)           0M (0%)     
[2026-04-03T02:41:40.689+0600][85.547s][info][gc,heap     ] GC(119)      Used:     1490M (85%)        1750M (100%)        830M (47%)         506M (29%)        1750M (100%)        490M (28%)    
[2026-04-03T02:41:40.689+0600][85.547s][info][gc,heap     ] GC(119)      Live:         -               111M (6%)          111M (6%)          111M (6%)             -                  -          
[2026-04-03T02:41:40.689+0600][85.547s][info][gc,heap     ] GC(119) Allocated:         -               260M (15%)         286M (16%)         353M (20%)            -                  -          
[2026-04-03T02:41:40.689+0600][85.547s][info][gc,heap     ] GC(119)   Garbage:         -              1378M (79%)         432M (25%)          40M (2%)             -                  -          
[2026-04-03T02:41:40.689+0600][85.547s][info][gc,heap     ] GC(119) Reclaimed:         -                  -               946M (54%)        1337M (76%)            -                  -          
[2026-04-03T02:41:40.689+0600][85.547s][info][gc          ] GC(119) Garbage Collection (Allocation Rate) 1490M(85%)->506M(29%)
[2026-04-03T02:41:40.751+0600][85.609s][info][gc,start    ] GC(120) Garbage Collection (Allocation Stall)
[2026-04-03T02:41:40.751+0600][85.609s][info][gc,ref      ] GC(120) Clearing All SoftReferences
[2026-04-03T02:41:40.751+0600][85.609s][info][gc,task     ] GC(120) Using 3 workers
[2026-04-03T02:41:40.751+0600][85.609s][info][gc,ref      ] GC(120) Clearing All SoftReferences
[2026-04-03T02:41:40.751+0600][85.609s][info][gc,phases   ] GC(120) Pause Mark Start 0.040ms
[2026-04-03T02:41:40.846+0600][85.704s][info][gc,phases   ] GC(120) Concurrent Mark 94.293ms
[2026-04-03T02:41:40.846+0600][85.704s][info][gc,phases   ] GC(120) Pause Mark End 0.027ms
[2026-04-03T02:41:40.846+0600][85.704s][info][gc,phases   ] GC(120) Concurrent Mark Free 0.002ms
[2026-04-03T02:41:40.897+0600][85.755s][info][gc,phases   ] GC(120) Concurrent Process Non-Strong References 50.998ms
[2026-04-03T02:41:40.897+0600][85.755s][info][gc,phases   ] GC(120) Concurrent Reset Relocation Set 0.024ms
[2026-04-03T02:41:40.902+0600][85.760s][info][gc,phases   ] GC(120) Concurrent Select Relocation Set 4.604ms
[2026-04-03T02:41:40.902+0600][85.760s][info][gc,phases   ] GC(120) Pause Relocate Start 0.019ms
[2026-04-03T02:41:40.910+0600][85.767s][info][gc,phases   ] GC(120) Concurrent Relocate 6.990ms
[2026-04-03T02:41:40.910+0600][85.768s][info][gc,load     ] GC(120) Load: 5.98/5.44/5.61
[2026-04-03T02:41:40.910+0600][85.768s][info][gc,mmu      ] GC(120) MMU: 2ms/92.4%, 5ms/97.0%, 10ms/98.5%, 20ms/99.2%, 50ms/99.7%, 100ms/99.8%
[2026-04-03T02:41:40.910+0600][85.768s][info][gc,marking  ] GC(120) Mark: 2 stripe(s), 3 proactive flush(es), 1 terminate flush(es), 0 completion(s), 0 continuation(s) 
[2026-04-03T02:41:40.910+0600][85.768s][info][gc,marking  ] GC(120) Mark Stack Usage: 32M
[2026-04-03T02:41:40.910+0600][85.768s][info][gc,nmethod  ] GC(120) NMethods: 15481 registered, 2912 unregistered
[2026-04-03T02:41:40.910+0600][85.768s][info][gc,metaspace] GC(120) Metaspace: 128M used, 129M committed, 1152M reserved
[2026-04-03T02:41:40.910+0600][85.768s][info][gc,ref      ] GC(120) Soft: 3359 encountered, 2633 discovered, 111 enqueued
[2026-04-03T02:41:40.910+0600][85.768s][info][gc,ref      ] GC(120) Weak: 14843 encountered, 4357 discovered, 397 enqueued
[2026-04-03T02:41:40.910+0600][85.768s][info][gc,ref      ] GC(120) Final: 84 encountered, 0 discovered, 0 enqueued
[2026-04-03T02:41:40.910+0600][85.768s][info][gc,ref      ] GC(120) Phantom: 620 encountered, 504 discovered, 0 enqueued
[2026-04-03T02:41:40.910+0600][85.768s][info][gc,reloc    ] GC(120) Small Pages: 135 / 270M, Empty: 12M, Relocated: 8M, In-Place: 0
[2026-04-03T02:41:40.910+0600][85.768s][info][gc,reloc    ] GC(120) Medium Pages: 2 / 64M, Empty: 32M, Relocated: 0M, In-Place: 0
[2026-04-03T02:41:40.910+0600][85.768s][info][gc,reloc    ] GC(120) Large Pages: 66 / 396M, Empty: 396M, Relocated: 0M, In-Place: 0
[2026-04-03T02:41:40.910+0600][85.768s][info][gc,reloc    ] GC(120) Forwarding Usage: 2M
[2026-04-03T02:41:40.910+0600][85.768s][info][gc,heap     ] GC(120) Min Capacity: 8M(0%)
[2026-04-03T02:41:40.910+0600][85.768s][info][gc,heap     ] GC(120) Max Capacity: 1750M(100%)
[2026-04-03T02:41:40.910+0600][85.768s][info][gc,heap     ] GC(120) Soft Max Capacity: 1750M(100%)
[2026-04-03T02:41:40.910+0600][85.768s][info][gc,heap     ] GC(120)                Mark Start          Mark End        Relocate Start      Relocate End           High               Low         
[2026-04-03T02:41:40.910+0600][85.768s][info][gc,heap     ] GC(120)  Capacity:     1750M (100%)       1750M (100%)       1750M (100%)       1750M (100%)       1750M (100%)       1750M (100%)   
[2026-04-03T02:41:40.910+0600][85.768s][info][gc,heap     ] GC(120)      Free:     1020M (58%)         912M (52%)        1316M (75%)        1460M (83%)        1460M (83%)         884M (51%)    
[2026-04-03T02:41:40.910+0600][85.768s][info][gc,heap     ] GC(120)      Used:      730M (42%)         838M (48%)         434M (25%)         290M (17%)         866M (49%)         290M (17%)    
[2026-04-03T02:41:40.910+0600][85.768s][info][gc,heap     ] GC(120)      Live:         -               104M (6%)          104M (6%)          104M (6%)             -                  -          
[2026-04-03T02:41:40.910+0600][85.768s][info][gc,heap     ] GC(120) Allocated:         -               108M (6%)          144M (8%)          143M (8%)             -                  -          
[2026-04-03T02:41:40.910+0600][85.768s][info][gc,heap     ] GC(120)   Garbage:         -               625M (36%)         185M (11%)          41M (2%)             -                  -          
[2026-04-03T02:41:40.910+0600][85.768s][info][gc,heap     ] GC(120) Reclaimed:         -                  -               440M (25%)         583M (33%)            -                  -          
[2026-04-03T02:41:40.910+0600][85.768s][info][gc          ] GC(120) Garbage Collection (Allocation Stall) 730M(42%)->290M(17%)
[2026-04-03T02:41:41.251+0600][86.109s][info][gc,start    ] GC(121) Garbage Collection (Allocation Rate)
[2026-04-03T02:41:41.251+0600][86.109s][info][gc,task     ] GC(121) Using 2 workers
[2026-04-03T02:41:41.251+0600][86.109s][info][gc,phases   ] GC(121) Pause Mark Start 0.027ms
[2026-04-03T02:41:41.431+0600][86.289s][info][gc,phases   ] GC(121) Concurrent Mark 179.619ms
[2026-04-03T02:41:41.432+0600][86.289s][info][gc,phases   ] GC(121) Pause Mark End 0.046ms
[2026-04-03T02:41:41.432+0600][86.290s][info][gc,phases   ] GC(121) Concurrent Mark Free 0.003ms
[2026-04-03T02:41:41.497+0600][86.355s][info][gc,phases   ] GC(121) Concurrent Process Non-Strong References 65.673ms
[2026-04-03T02:41:41.498+0600][86.355s][info][gc,phases   ] GC(121) Concurrent Reset Relocation Set 0.016ms
[2026-04-03T02:41:41.503+0600][86.361s][info][gc,phases   ] GC(121) Concurrent Select Relocation Set 5.254ms
[2026-04-03T02:41:41.503+0600][86.361s][info][gc,phases   ] GC(121) Pause Relocate Start 0.020ms
[2026-04-03T02:41:41.517+0600][86.375s][info][gc,phases   ] GC(121) Concurrent Relocate 13.660ms
[2026-04-03T02:41:41.517+0600][86.375s][info][gc,load     ] GC(121) Load: 5.98/5.44/5.61
[2026-04-03T02:41:41.517+0600][86.375s][info][gc,mmu      ] GC(121) MMU: 2ms/92.4%, 5ms/97.0%, 10ms/98.5%, 20ms/99.2%, 50ms/99.7%, 100ms/99.8%
[2026-04-03T02:41:41.518+0600][86.375s][info][gc,marking  ] GC(121) Mark: 2 stripe(s), 2 proactive flush(es), 1 terminate flush(es), 0 completion(s), 0 continuation(s) 
[2026-04-03T02:41:41.518+0600][86.375s][info][gc,marking  ] GC(121) Mark Stack Usage: 32M
[2026-04-03T02:41:41.518+0600][86.375s][info][gc,nmethod  ] GC(121) NMethods: 15484 registered, 2921 unregistered
[2026-04-03T02:41:41.518+0600][86.375s][info][gc,metaspace] GC(121) Metaspace: 128M used, 129M committed, 1152M reserved
[2026-04-03T02:41:41.518+0600][86.375s][info][gc,ref      ] GC(121) Soft: 3295 encountered, 0 discovered, 0 enqueued
[2026-04-03T02:41:41.518+0600][86.375s][info][gc,ref      ] GC(121) Weak: 14904 encountered, 3707 discovered, 266 enqueued
[2026-04-03T02:41:41.518+0600][86.375s][info][gc,ref      ] GC(121) Final: 84 encountered, 0 discovered, 0 enqueued
[2026-04-03T02:41:41.518+0600][86.375s][info][gc,ref      ] GC(121) Phantom: 620 encountered, 548 discovered, 0 enqueued
[2026-04-03T02:41:41.518+0600][86.376s][info][gc,reloc    ] GC(121) Small Pages: 223 / 446M, Empty: 42M, Relocated: 8M, In-Place: 0
[2026-04-03T02:41:41.518+0600][86.376s][info][gc,reloc    ] GC(121) Medium Pages: 3 / 96M, Empty: 64M, Relocated: 0M, In-Place: 0
[2026-04-03T02:41:41.518+0600][86.376s][info][gc,reloc    ] GC(121) Large Pages: 8 / 48M, Empty: 48M, Relocated: 0M, In-Place: 0
[2026-04-03T02:41:41.518+0600][86.376s][info][gc,reloc    ] GC(121) Forwarding Usage: 3M
[2026-04-03T02:41:41.518+0600][86.376s][info][gc,heap     ] GC(121) Min Capacity: 8M(0%)
[2026-04-03T02:41:41.518+0600][86.376s][info][gc,heap     ] GC(121) Max Capacity: 1750M(100%)
[2026-04-03T02:41:41.518+0600][86.376s][info][gc,heap     ] GC(121) Soft Max Capacity: 1750M(100%)
[2026-04-03T02:41:41.518+0600][86.376s][info][gc,heap     ] GC(121)                Mark Start          Mark End        Relocate Start      Relocate End           High               Low         
[2026-04-03T02:41:41.518+0600][86.376s][info][gc,heap     ] GC(121)  Capacity:     1750M (100%)       1750M (100%)       1750M (100%)       1750M (100%)       1750M (100%)       1750M (100%)   
[2026-04-03T02:41:41.518+0600][86.376s][info][gc,heap     ] GC(121)      Free:     1160M (66%)         908M (52%)         982M (56%)        1266M (72%)        1270M (73%)         828M (47%)    
[2026-04-03T02:41:41.518+0600][86.376s][info][gc,heap     ] GC(121)      Used:      590M (34%)         842M (48%)         768M (44%)         484M (28%)         922M (53%)         480M (27%)    
[2026-04-03T02:41:41.518+0600][86.376s][info][gc,heap     ] GC(121)      Live:         -               107M (6%)          107M (6%)          107M (6%)             -                  -          
[2026-04-03T02:41:41.518+0600][86.376s][info][gc,heap     ] GC(121) Allocated:         -               252M (14%)         332M (19%)         337M (19%)            -                  -          
[2026-04-03T02:41:41.518+0600][86.376s][info][gc,heap     ] GC(121)   Garbage:         -               482M (28%)         328M (19%)          38M (2%)             -                  -          
[2026-04-03T02:41:41.518+0600][86.376s][info][gc,heap     ] GC(121) Reclaimed:         -                  -               154M (9%)          443M (25%)            -                  -          
[2026-04-03T02:41:41.518+0600][86.376s][info][gc          ] GC(121) Garbage Collection (Allocation Rate) 590M(34%)->484M(28%)
[2026-04-03T02:41:41.651+0600][86.509s][info][gc,start    ] GC(122) Garbage Collection (Allocation Rate)
[2026-04-03T02:41:41.651+0600][86.509s][info][gc,task     ] GC(122) Using 2 workers
[2026-04-03T02:41:41.652+0600][86.509s][info][gc,phases   ] GC(122) Pause Mark Start 0.019ms
[2026-04-03T02:41:41.821+0600][86.679s][info][gc,phases   ] GC(122) Concurrent Mark 169.224ms
[2026-04-03T02:41:41.821+0600][86.679s][info][gc,phases   ] GC(122) Pause Mark End 0.032ms
[2026-04-03T02:41:41.821+0600][86.679s][info][gc,phases   ] GC(122) Concurrent Mark Free 0.001ms
[2026-04-03T02:41:41.854+0600][86.712s][info][gc,phases   ] GC(122) Concurrent Process Non-Strong References 33.045ms
[2026-04-03T02:41:41.855+0600][86.712s][info][gc,phases   ] GC(122) Concurrent Reset Relocation Set 0.018ms
[2026-04-03T02:41:41.860+0600][86.718s][info][gc,phases   ] GC(122) Concurrent Select Relocation Set 5.067ms
[2026-04-03T02:41:41.860+0600][86.718s][info][gc,phases   ] GC(122) Pause Relocate Start 0.016ms
[2026-04-03T02:41:41.868+0600][86.725s][info][gc,phases   ] GC(122) Concurrent Relocate 7.328ms
[2026-04-03T02:41:41.868+0600][86.726s][info][gc,load     ] GC(122) Load: 5.98/5.44/5.61
[2026-04-03T02:41:41.868+0600][86.726s][info][gc,mmu      ] GC(122) MMU: 2ms/92.4%, 5ms/97.0%, 10ms/98.5%, 20ms/99.2%, 50ms/99.7%, 100ms/99.8%
[2026-04-03T02:41:41.868+0600][86.726s][info][gc,marking  ] GC(122) Mark: 2 stripe(s), 2 proactive flush(es), 1 terminate flush(es), 0 completion(s), 0 continuation(s) 
[2026-04-03T02:41:41.868+0600][86.726s][info][gc,marking  ] GC(122) Mark Stack Usage: 32M
[2026-04-03T02:41:41.868+0600][86.726s][info][gc,nmethod  ] GC(122) NMethods: 15485 registered, 2925 unregistered
[2026-04-03T02:41:41.868+0600][86.726s][info][gc,metaspace] GC(122) Metaspace: 128M used, 129M committed, 1152M reserved
[2026-04-03T02:41:41.868+0600][86.726s][info][gc,ref      ] GC(122) Soft: 3291 encountered, 0 discovered, 0 enqueued
[2026-04-03T02:41:41.868+0600][86.726s][info][gc,ref      ] GC(122) Weak: 15359 encountered, 3793 discovered, 27 enqueued
[2026-04-03T02:41:41.868+0600][86.726s][info][gc,ref      ] GC(122) Final: 84 encountered, 0 discovered, 0 enqueued
[2026-04-03T02:41:41.868+0600][86.726s][info][gc,ref      ] GC(122) Phantom: 621 encountered, 505 discovered, 0 enqueued
[2026-04-03T02:41:41.868+0600][86.726s][info][gc,reloc    ] GC(122) Small Pages: 246 / 492M, Empty: 202M, Relocated: 5M, In-Place: 0
[2026-04-03T02:41:41.868+0600][86.726s][info][gc,reloc    ] GC(122) Medium Pages: 4 / 128M, Empty: 96M, Relocated: 0M, In-Place: 0
[2026-04-03T02:41:41.868+0600][86.726s][info][gc,reloc    ] GC(122) Large Pages: 10 / 60M, Empty: 60M, Relocated: 0M, In-Place: 0
[2026-04-03T02:41:41.868+0600][86.726s][info][gc,reloc    ] GC(122) Forwarding Usage: 1M
[2026-04-03T02:41:41.868+0600][86.726s][info][gc,heap     ] GC(122) Min Capacity: 8M(0%)
[2026-04-03T02:41:41.868+0600][86.726s][info][gc,heap     ] GC(122) Max Capacity: 1750M(100%)
[2026-04-03T02:41:41.868+0600][86.726s][info][gc,heap     ] GC(122) Soft Max Capacity: 1750M(100%)
[2026-04-03T02:41:41.868+0600][86.726s][info][gc,heap     ] GC(122)                Mark Start          Mark End        Relocate Start      Relocate End           High               Low         
[2026-04-03T02:41:41.868+0600][86.726s][info][gc,heap     ] GC(122)  Capacity:     1750M (100%)       1750M (100%)       1750M (100%)       1750M (100%)       1750M (100%)       1750M (100%)   
[2026-04-03T02:41:41.868+0600][86.726s][info][gc,heap     ] GC(122)      Free:     1070M (61%)         854M (49%)        1154M (66%)        1322M (76%)        1322M (76%)         692M (40%)    
[2026-04-03T02:41:41.868+0600][86.726s][info][gc,heap     ] GC(122)      Used:      680M (39%)         896M (51%)         596M (34%)         428M (24%)        1058M (60%)         428M (24%)    
[2026-04-03T02:41:41.868+0600][86.726s][info][gc,heap     ] GC(122)      Live:         -               107M (6%)          107M (6%)          107M (6%)             -                  -          
[2026-04-03T02:41:41.868+0600][86.726s][info][gc,heap     ] GC(122) Allocated:         -               216M (12%)         274M (16%)         279M (16%)            -                  -          
[2026-04-03T02:41:41.868+0600][86.726s][info][gc,heap     ] GC(122)   Garbage:         -               572M (33%)         214M (12%)          40M (2%)             -                  -          
[2026-04-03T02:41:41.868+0600][86.726s][info][gc,heap     ] GC(122) Reclaimed:         -                  -               358M (20%)         531M (30%)            -                  -          
[2026-04-03T02:41:41.868+0600][86.726s][info][gc          ] GC(122) Garbage Collection (Allocation Rate) 680M(39%)->428M(24%)
[2026-04-03T02:41:41.951+0600][86.808s][info][gc,start    ] GC(123) Garbage Collection (Allocation Rate)
[2026-04-03T02:41:41.951+0600][86.809s][info][gc,task     ] GC(123) Using 2 workers
[2026-04-03T02:41:41.951+0600][86.809s][info][gc,phases   ] GC(123) Pause Mark Start 0.019ms
[2026-04-03T02:41:42.085+0600][86.943s][info][gc,phases   ] GC(123) Concurrent Mark 133.421ms
[2026-04-03T02:41:42.085+0600][86.943s][info][gc,phases   ] GC(123) Pause Mark End 0.037ms
[2026-04-03T02:41:42.085+0600][86.943s][info][gc,phases   ] GC(123) Concurrent Mark Free 0.001ms
[2026-04-03T02:41:42.106+0600][86.964s][info][gc,phases   ] GC(123) Concurrent Process Non-Strong References 20.845ms
[2026-04-03T02:41:42.106+0600][86.964s][info][gc,phases   ] GC(123) Concurrent Reset Relocation Set 0.009ms
[2026-04-03T02:41:42.110+0600][86.968s][info][gc,phases   ] GC(123) Concurrent Select Relocation Set 3.609ms
[2026-04-03T02:41:42.110+0600][86.968s][info][gc,phases   ] GC(123) Pause Relocate Start 0.012ms
[2026-04-03T02:41:42.117+0600][86.975s][info][gc,phases   ] GC(123) Concurrent Relocate 6.425ms
[2026-04-03T02:41:42.117+0600][86.975s][info][gc,load     ] GC(123) Load: 5.98/5.44/5.61
[2026-04-03T02:41:42.117+0600][86.975s][info][gc,mmu      ] GC(123) MMU: 2ms/92.4%, 5ms/97.0%, 10ms/98.5%, 20ms/99.2%, 50ms/99.7%, 100ms/99.8%
[2026-04-03T02:41:42.117+0600][86.975s][info][gc,marking  ] GC(123) Mark: 2 stripe(s), 2 proactive flush(es), 1 terminate flush(es), 0 completion(s), 0 continuation(s) 
[2026-04-03T02:41:42.117+0600][86.975s][info][gc,marking  ] GC(123) Mark Stack Usage: 32M
[2026-04-03T02:41:42.117+0600][86.975s][info][gc,nmethod  ] GC(123) NMethods: 15483 registered, 2930 unregistered
[2026-04-03T02:41:42.117+0600][86.975s][info][gc,metaspace] GC(123) Metaspace: 128M used, 129M committed, 1152M reserved
[2026-04-03T02:41:42.117+0600][86.975s][info][gc,ref      ] GC(123) Soft: 3295 encountered, 0 discovered, 0 enqueued
[2026-04-03T02:41:42.117+0600][86.975s][info][gc,ref      ] GC(123) Weak: 15829 encountered, 6241 discovered, 19 enqueued
[2026-04-03T02:41:42.117+0600][86.975s][info][gc,ref      ] GC(123) Final: 84 encountered, 0 discovered, 0 enqueued
[2026-04-03T02:41:42.117+0600][86.975s][info][gc,ref      ] GC(123) Phantom: 620 encountered, 509 discovered, 0 enqueued
[2026-04-03T02:41:42.117+0600][86.975s][info][gc,reloc    ] GC(123) Small Pages: 202 / 404M, Empty: 126M, Relocated: 8M, In-Place: 0
[2026-04-03T02:41:42.117+0600][86.975s][info][gc,reloc    ] GC(123) Medium Pages: 3 / 96M, Empty: 64M, Relocated: 0M, In-Place: 0
[2026-04-03T02:41:42.117+0600][86.975s][info][gc,reloc    ] GC(123) Large Pages: 7 / 42M, Empty: 42M, Relocated: 0M, In-Place: 0
[2026-04-03T02:41:42.117+0600][86.975s][info][gc,reloc    ] GC(123) Forwarding Usage: 2M
[2026-04-03T02:41:42.117+0600][86.975s][info][gc,heap     ] GC(123) Min Capacity: 8M(0%)
[2026-04-03T02:41:42.117+0600][86.975s][info][gc,heap     ] GC(123) Max Capacity: 1750M(100%)
[2026-04-03T02:41:42.117+0600][86.975s][info][gc,heap     ] GC(123) Soft Max Capacity: 1750M(100%)
[2026-04-03T02:41:42.117+0600][86.975s][info][gc,heap     ] GC(123)                Mark Start          Mark End        Relocate Start      Relocate End           High               Low         
[2026-04-03T02:41:42.117+0600][86.975s][info][gc,heap     ] GC(123)  Capacity:     1750M (100%)       1750M (100%)       1750M (100%)       1750M (100%)       1750M (100%)       1750M (100%)   
[2026-04-03T02:41:42.117+0600][86.975s][info][gc,heap     ] GC(123)      Free:     1208M (69%)        1040M (59%)        1258M (72%)        1402M (80%)        1408M (80%)        1028M (59%)    
[2026-04-03T02:41:42.117+0600][86.975s][info][gc,heap     ] GC(123)      Used:      542M (31%)         710M (41%)         492M (28%)         348M (20%)         722M (41%)         342M (20%)    
[2026-04-03T02:41:42.117+0600][86.975s][info][gc,heap     ] GC(123)      Live:         -               109M (6%)          109M (6%)          109M (6%)             -                  -          
[2026-04-03T02:41:42.117+0600][86.975s][info][gc,heap     ] GC(123) Allocated:         -               168M (10%)         182M (10%)         197M (11%)            -                  -          
[2026-04-03T02:41:42.117+0600][86.975s][info][gc,heap     ] GC(123)   Garbage:         -               432M (25%)         200M (11%)          40M (2%)             -                  -          
[2026-04-03T02:41:42.117+0600][86.975s][info][gc,heap     ] GC(123) Reclaimed:         -                  -               232M (13%)         391M (22%)            -                  -          
[2026-04-03T02:41:42.117+0600][86.975s][info][gc          ] GC(123) Garbage Collection (Allocation Rate) 542M(31%)->348M(20%)
[2026-04-03T02:41:42.551+0600][87.409s][info][gc,start    ] GC(124) Garbage Collection (Allocation Rate)
[2026-04-03T02:41:42.551+0600][87.409s][info][gc,task     ] GC(124) Using 3 workers
[2026-04-03T02:41:42.552+0600][87.409s][info][gc,phases   ] GC(124) Pause Mark Start 0.011ms
[2026-04-03T02:41:42.639+0600][87.497s][info][gc,phases   ] GC(124) Concurrent Mark 87.750ms
[2026-04-03T02:41:42.640+0600][87.498s][info][gc,phases   ] GC(124) Pause Mark End 0.024ms
[2026-04-03T02:41:42.640+0600][87.498s][info][gc,phases   ] GC(124) Concurrent Mark Free 0.001ms
[2026-04-03T02:41:42.671+0600][87.529s][info][gc,phases   ] GC(124) Concurrent Process Non-Strong References 31.474ms
[2026-04-03T02:41:42.671+0600][87.529s][info][gc,phases   ] GC(124) Concurrent Reset Relocation Set 0.007ms
[2026-04-03T02:41:42.672+0600][87.529s][info][gc          ] Allocation Stall (Executor task launch worker for task 3.0 in stage 4447.0 (TID 8162)) 81.190ms
[2026-04-03T02:41:42.672+0600][87.529s][info][gc          ] Allocation Stall (Executor task launch worker for task 2.0 in stage 4447.0 (TID 8161)) 86.364ms
[2026-04-03T02:41:42.672+0600][87.530s][info][gc          ] Allocation Stall (Executor task launch worker for task 1.0 in stage 4447.0 (TID 8160)) 86.359ms
[2026-04-03T02:41:42.672+0600][87.530s][info][gc          ] Allocation Stall (Executor task launch worker for task 0.0 in stage 4447.0 (TID 8159)) 82.927ms
[2026-04-03T02:41:42.675+0600][87.533s][info][gc,phases   ] GC(124) Concurrent Select Relocation Set 3.326ms
[2026-04-03T02:41:42.678+0600][87.536s][info][gc,phases   ] GC(124) Pause Relocate Start 0.014ms
[2026-04-03T02:41:42.689+0600][87.547s][info][gc,phases   ] GC(124) Concurrent Relocate 11.021ms
[2026-04-03T02:41:42.690+0600][87.548s][info][gc,load     ] GC(124) Load: 5.98/5.44/5.61
[2026-04-03T02:41:42.690+0600][87.548s][info][gc,mmu      ] GC(124) MMU: 2ms/92.4%, 5ms/97.0%, 10ms/98.5%, 20ms/99.2%, 50ms/99.7%, 100ms/99.8%
[2026-04-03T02:41:42.690+0600][87.548s][info][gc,marking  ] GC(124) Mark: 2 stripe(s), 2 proactive flush(es), 1 terminate flush(es), 0 completion(s), 0 continuation(s) 
[2026-04-03T02:41:42.690+0600][87.548s][info][gc,marking  ] GC(124) Mark Stack Usage: 32M
[2026-04-03T02:41:42.690+0600][87.548s][info][gc,nmethod  ] GC(124) NMethods: 15486 registered, 2937 unregistered
[2026-04-03T02:41:42.690+0600][87.548s][info][gc,metaspace] GC(124) Metaspace: 128M used, 129M committed, 1152M reserved
[2026-04-03T02:41:42.690+0600][87.548s][info][gc,ref      ] GC(124) Soft: 3391 encountered, 0 discovered, 0 enqueued
[2026-04-03T02:41:42.690+0600][87.548s][info][gc,ref      ] GC(124) Weak: 17096 encountered, 6136 discovered, 2519 enqueued
[2026-04-03T02:41:42.690+0600][87.548s][info][gc,ref      ] GC(124) Final: 84 encountered, 0 discovered, 0 enqueued
[2026-04-03T02:41:42.690+0600][87.548s][info][gc,ref      ] GC(124) Phantom: 636 encountered, 515 discovered, 0 enqueued
[2026-04-03T02:41:42.690+0600][87.548s][info][gc,reloc    ] GC(124) Small Pages: 395 / 790M, Empty: 328M, Relocated: 12M, In-Place: 0
[2026-04-03T02:41:42.690+0600][87.548s][info][gc,reloc    ] GC(124) Medium Pages: 4 / 128M, Empty: 96M, Relocated: 0M, In-Place: 0
[2026-04-03T02:41:42.690+0600][87.548s][info][gc,reloc    ] GC(124) Large Pages: 108 / 648M, Empty: 624M, Relocated: 0M, In-Place: 0
[2026-04-03T02:41:42.690+0600][87.548s][info][gc,reloc    ] GC(124) Forwarding Usage: 3M
[2026-04-03T02:41:42.690+0600][87.548s][info][gc,heap     ] GC(124) Min Capacity: 8M(0%)
[2026-04-03T02:41:42.690+0600][87.548s][info][gc,heap     ] GC(124) Max Capacity: 1750M(100%)
[2026-04-03T02:41:42.690+0600][87.548s][info][gc,heap     ] GC(124) Soft Max Capacity: 1750M(100%)
[2026-04-03T02:41:42.690+0600][87.548s][info][gc,heap     ] GC(124)                Mark Start          Mark End        Relocate Start      Relocate End           High               Low         
[2026-04-03T02:41:42.690+0600][87.548s][info][gc,heap     ] GC(124)  Capacity:     1750M (100%)       1750M (100%)       1750M (100%)       1750M (100%)       1750M (100%)       1750M (100%)   
[2026-04-03T02:41:42.690+0600][87.548s][info][gc,heap     ] GC(124)      Free:      184M (11%)           2M (0%)          992M (57%)        1298M (74%)        1312M (75%)           2M (0%)     
[2026-04-03T02:41:42.690+0600][87.548s][info][gc,heap     ] GC(124)      Used:     1566M (89%)        1748M (100%)        758M (43%)         452M (26%)        1748M (100%)        438M (25%)    
[2026-04-03T02:41:42.690+0600][87.548s][info][gc,heap     ] GC(124)      Live:         -               136M (8%)          136M (8%)          136M (8%)             -                  -          
[2026-04-03T02:41:42.690+0600][87.548s][info][gc,heap     ] GC(124) Allocated:         -               182M (10%)         240M (14%)         277M (16%)            -                  -          
[2026-04-03T02:41:42.690+0600][87.548s][info][gc,heap     ] GC(124)   Garbage:         -              1429M (82%)         381M (22%)          38M (2%)             -                  -          
[2026-04-03T02:41:42.690+0600][87.548s][info][gc,heap     ] GC(124) Reclaimed:         -                  -              1048M (60%)        1391M (79%)            -                  -          
[2026-04-03T02:41:42.690+0600][87.548s][info][gc          ] GC(124) Garbage Collection (Allocation Rate) 1566M(89%)->452M(26%)
[2026-04-03T02:41:42.750+0600][87.608s][info][gc,start    ] GC(125) Garbage Collection (Allocation Stall)
[2026-04-03T02:41:42.750+0600][87.608s][info][gc,ref      ] GC(125) Clearing All SoftReferences
[2026-04-03T02:41:42.750+0600][87.608s][info][gc,task     ] GC(125) Using 3 workers
[2026-04-03T02:41:42.751+0600][87.608s][info][gc,ref      ] GC(125) Clearing All SoftReferences
[2026-04-03T02:41:42.751+0600][87.609s][info][gc,phases   ] GC(125) Pause Mark Start 0.049ms
[2026-04-03T02:41:42.853+0600][87.711s][info][gc,phases   ] GC(125) Concurrent Mark 102.718ms
[2026-04-03T02:41:42.854+0600][87.712s][info][gc,phases   ] GC(125) Pause Mark End 0.077ms
[2026-04-03T02:41:42.854+0600][87.712s][info][gc,phases   ] GC(125) Concurrent Mark Free 0.002ms
[2026-04-03T02:41:42.907+0600][87.765s][info][gc,phases   ] GC(125) Concurrent Process Non-Strong References 52.971ms
[2026-04-03T02:41:42.907+0600][87.765s][info][gc,phases   ] GC(125) Concurrent Reset Relocation Set 0.020ms
[2026-04-03T02:41:42.911+0600][87.769s][info][gc,phases   ] GC(125) Concurrent Select Relocation Set 4.003ms
[2026-04-03T02:41:42.931+0600][87.789s][info][gc,phases   ] GC(125) Pause Relocate Start 0.011ms
[2026-04-03T02:41:42.934+0600][87.792s][info][gc,phases   ] GC(125) Concurrent Relocate 3.190ms
[2026-04-03T02:41:42.934+0600][87.792s][info][gc,load     ] GC(125) Load: 5.98/5.44/5.61
[2026-04-03T02:41:42.934+0600][87.792s][info][gc,mmu      ] GC(125) MMU: 2ms/92.4%, 5ms/97.0%, 10ms/98.5%, 20ms/99.2%, 50ms/99.7%, 100ms/99.8%
[2026-04-03T02:41:42.934+0600][87.792s][info][gc,marking  ] GC(125) Mark: 2 stripe(s), 2 proactive flush(es), 1 terminate flush(es), 0 completion(s), 0 continuation(s) 
[2026-04-03T02:41:42.934+0600][87.792s][info][gc,marking  ] GC(125) Mark Stack Usage: 32M
[2026-04-03T02:41:42.934+0600][87.792s][info][gc,nmethod  ] GC(125) NMethods: 15506 registered, 2939 unregistered
[2026-04-03T02:41:42.934+0600][87.792s][info][gc,metaspace] GC(125) Metaspace: 128M used, 129M committed, 1152M reserved
[2026-04-03T02:41:42.934+0600][87.792s][info][gc,ref      ] GC(125) Soft: 3351 encountered, 721 discovered, 106 enqueued
[2026-04-03T02:41:42.934+0600][87.792s][info][gc,ref      ] GC(125) Weak: 14613 encountered, 4424 discovered, 183 enqueued
[2026-04-03T02:41:42.934+0600][87.792s][info][gc,ref      ] GC(125) Final: 84 encountered, 0 discovered, 0 enqueued
[2026-04-03T02:41:42.934+0600][87.792s][info][gc,ref      ] GC(125) Phantom: 620 encountered, 497 discovered, 0 enqueued
[2026-04-03T02:41:42.934+0600][87.792s][info][gc,reloc    ] GC(125) Small Pages: 126 / 252M, Empty: 22M, Relocated: 6M, In-Place: 0
[2026-04-03T02:41:42.934+0600][87.792s][info][gc,reloc    ] GC(125) Medium Pages: 2 / 64M, Empty: 32M, Relocated: 0M, In-Place: 0
[2026-04-03T02:41:42.934+0600][87.792s][info][gc,reloc    ] GC(125) Large Pages: 40 / 240M, Empty: 240M, Relocated: 0M, In-Place: 0
[2026-04-03T02:41:42.934+0600][87.792s][info][gc,reloc    ] GC(125) Forwarding Usage: 2M
[2026-04-03T02:41:42.934+0600][87.792s][info][gc,heap     ] GC(125) Min Capacity: 8M(0%)
[2026-04-03T02:41:42.934+0600][87.792s][info][gc,heap     ] GC(125) Max Capacity: 1750M(100%)
[2026-04-03T02:41:42.934+0600][87.792s][info][gc,heap     ] GC(125) Soft Max Capacity: 1750M(100%)
[2026-04-03T02:41:42.934+0600][87.792s][info][gc,heap     ] GC(125)                Mark Start          Mark End        Relocate Start      Relocate End           High               Low         
[2026-04-03T02:41:42.934+0600][87.792s][info][gc,heap     ] GC(125)  Capacity:     1750M (100%)       1750M (100%)       1750M (100%)       1750M (100%)       1750M (100%)       1750M (100%)   
[2026-04-03T02:41:42.934+0600][87.792s][info][gc,heap     ] GC(125)      Free:     1194M (68%)        1076M (61%)        1338M (76%)        1454M (83%)        1454M (83%)        1056M (60%)    
[2026-04-03T02:41:42.934+0600][87.792s][info][gc,heap     ] GC(125)      Used:      556M (32%)         674M (39%)         412M (24%)         296M (17%)         694M (40%)         296M (17%)    
[2026-04-03T02:41:42.934+0600][87.792s][info][gc,heap     ] GC(125)      Live:         -               104M (6%)          104M (6%)          104M (6%)             -                  -          
[2026-04-03T02:41:42.934+0600][87.792s][info][gc,heap     ] GC(125) Allocated:         -               118M (7%)          150M (9%)          151M (9%)             -                  -          
[2026-04-03T02:41:42.934+0600][87.792s][info][gc,heap     ] GC(125)   Garbage:         -               451M (26%)         157M (9%)           39M (2%)             -                  -          
[2026-04-03T02:41:42.934+0600][87.792s][info][gc,heap     ] GC(125) Reclaimed:         -                  -               294M (17%)         411M (24%)            -                  -          
[2026-04-03T02:41:42.934+0600][87.792s][info][gc          ] GC(125) Garbage Collection (Allocation Stall) 556M(32%)->296M(17%)
[2026-04-03T02:41:43.151+0600][88.009s][info][gc,start    ] GC(126) Garbage Collection (Allocation Rate)
[2026-04-03T02:41:43.151+0600][88.009s][info][gc,task     ] GC(126) Using 2 workers
[2026-04-03T02:41:43.151+0600][88.009s][info][gc,phases   ] GC(126) Pause Mark Start 0.009ms
[2026-04-03T02:41:43.278+0600][88.136s][info][gc,phases   ] GC(126) Concurrent Mark 126.861ms
[2026-04-03T02:41:43.278+0600][88.136s][info][gc,phases   ] GC(126) Pause Mark End 0.032ms
[2026-04-03T02:41:43.278+0600][88.136s][info][gc,phases   ] GC(126) Concurrent Mark Free 0.002ms
[2026-04-03T02:41:43.349+0600][88.206s][info][gc,phases   ] GC(126) Concurrent Process Non-Strong References 70.132ms
[2026-04-03T02:41:43.349+0600][88.207s][info][gc,phases   ] GC(126) Concurrent Reset Relocation Set 0.013ms
[2026-04-03T02:41:43.354+0600][88.212s][info][gc,phases   ] GC(126) Concurrent Select Relocation Set 5.286ms
[2026-04-03T02:41:43.354+0600][88.212s][info][gc,phases   ] GC(126) Pause Relocate Start 0.020ms
[2026-04-03T02:41:43.362+0600][88.220s][info][gc,phases   ] GC(126) Concurrent Relocate 7.651ms
[2026-04-03T02:41:43.362+0600][88.220s][info][gc,load     ] GC(126) Load: 5.98/5.44/5.61
[2026-04-03T02:41:43.362+0600][88.220s][info][gc,mmu      ] GC(126) MMU: 2ms/92.4%, 5ms/97.0%, 10ms/98.5%, 20ms/99.2%, 50ms/99.7%, 100ms/99.8%
[2026-04-03T02:41:43.362+0600][88.220s][info][gc,marking  ] GC(126) Mark: 2 stripe(s), 2 proactive flush(es), 1 terminate flush(es), 0 completion(s), 0 continuation(s) 
[2026-04-03T02:41:43.362+0600][88.220s][info][gc,marking  ] GC(126) Mark Stack Usage: 32M
[2026-04-03T02:41:43.362+0600][88.220s][info][gc,nmethod  ] GC(126) NMethods: 15540 registered, 2941 unregistered
[2026-04-03T02:41:43.362+0600][88.220s][info][gc,metaspace] GC(126) Metaspace: 128M used, 129M committed, 1152M reserved
[2026-04-03T02:41:43.362+0600][88.220s][info][gc,ref      ] GC(126) Soft: 3258 encountered, 0 discovered, 0 enqueued
[2026-04-03T02:41:43.362+0600][88.220s][info][gc,ref      ] GC(126) Weak: 14475 encountered, 3950 discovered, 241 enqueued
[2026-04-03T02:41:43.362+0600][88.220s][info][gc,ref      ] GC(126) Final: 84 encountered, 0 discovered, 0 enqueued
[2026-04-03T02:41:43.362+0600][88.220s][info][gc,ref      ] GC(126) Phantom: 620 encountered, 515 discovered, 0 enqueued
[2026-04-03T02:41:43.362+0600][88.220s][info][gc,reloc    ] GC(126) Small Pages: 171 / 342M, Empty: 18M, Relocated: 5M, In-Place: 0
[2026-04-03T02:41:43.362+0600][88.220s][info][gc,reloc    ] GC(126) Medium Pages: 2 / 64M, Empty: 32M, Relocated: 0M, In-Place: 0
[2026-04-03T02:41:43.362+0600][88.220s][info][gc,reloc    ] GC(126) Large Pages: 5 / 30M, Empty: 30M, Relocated: 0M, In-Place: 0
[2026-04-03T02:41:43.362+0600][88.220s][info][gc,reloc    ] GC(126) Forwarding Usage: 1M
[2026-04-03T02:41:43.362+0600][88.220s][info][gc,heap     ] GC(126) Min Capacity: 8M(0%)
[2026-04-03T02:41:43.362+0600][88.220s][info][gc,heap     ] GC(126) Max Capacity: 1750M(100%)
[2026-04-03T02:41:43.362+0600][88.220s][info][gc,heap     ] GC(126) Soft Max Capacity: 1750M(100%)
[2026-04-03T02:41:43.362+0600][88.220s][info][gc,heap     ] GC(126)                Mark Start          Mark End        Relocate Start      Relocate End           High               Low         
[2026-04-03T02:41:43.362+0600][88.220s][info][gc,heap     ] GC(126)  Capacity:     1750M (100%)       1750M (100%)       1750M (100%)       1750M (100%)       1750M (100%)       1750M (100%)   
[2026-04-03T02:41:43.363+0600][88.220s][info][gc,heap     ] GC(126)      Free:     1314M (75%)        1168M (67%)        1142M (65%)        1352M (77%)        1352M (77%)        1062M (61%)    
[2026-04-03T02:41:43.363+0600][88.220s][info][gc,heap     ] GC(126)      Used:      436M (25%)         582M (33%)         608M (35%)         398M (23%)         688M (39%)         398M (23%)    
[2026-04-03T02:41:43.363+0600][88.220s][info][gc,heap     ] GC(126)      Live:         -               105M (6%)          105M (6%)          105M (6%)             -                  -          
[2026-04-03T02:41:43.363+0600][88.220s][info][gc,heap     ] GC(126) Allocated:         -               146M (8%)          252M (14%)         253M (15%)            -                  -          
[2026-04-03T02:41:43.363+0600][88.220s][info][gc,heap     ] GC(126)   Garbage:         -               330M (19%)         250M (14%)          38M (2%)             -                  -          
[2026-04-03T02:41:43.363+0600][88.220s][info][gc,heap     ] GC(126) Reclaimed:         -                  -                80M (5%)          291M (17%)            -                  -          
[2026-04-03T02:41:43.363+0600][88.220s][info][gc          ] GC(126) Garbage Collection (Allocation Rate) 436M(25%)->398M(23%)
[2026-04-03T02:41:43.551+0600][88.409s][info][gc,start    ] GC(127) Garbage Collection (Allocation Rate)
[2026-04-03T02:41:43.551+0600][88.409s][info][gc,task     ] GC(127) Using 2 workers
[2026-04-03T02:41:43.551+0600][88.409s][info][gc,phases   ] GC(127) Pause Mark Start 0.019ms
[2026-04-03T02:41:43.726+0600][88.583s][info][gc,phases   ] GC(127) Concurrent Mark 173.829ms
[2026-04-03T02:41:43.726+0600][88.584s][info][gc,phases   ] GC(127) Pause Mark End 0.052ms
[2026-04-03T02:41:43.726+0600][88.584s][info][gc,phases   ] GC(127) Concurrent Mark Free 0.002ms
[2026-04-03T02:41:43.761+0600][88.619s][info][gc,phases   ] GC(127) Concurrent Process Non-Strong References 35.162ms
[2026-04-03T02:41:43.761+0600][88.619s][info][gc,phases   ] GC(127) Concurrent Reset Relocation Set 0.018ms
[2026-04-03T02:41:43.767+0600][88.625s][info][gc,phases   ] GC(127) Concurrent Select Relocation Set 5.454ms
[2026-04-03T02:41:43.767+0600][88.625s][info][gc,phases   ] GC(127) Pause Relocate Start 0.021ms
[2026-04-03T02:41:43.772+0600][88.629s][info][gc,phases   ] GC(127) Concurrent Relocate 4.106ms
[2026-04-03T02:41:43.772+0600][88.630s][info][gc,load     ] GC(127) Load: 5.98/5.44/5.61
[2026-04-03T02:41:43.772+0600][88.630s][info][gc,mmu      ] GC(127) MMU: 2ms/92.4%, 5ms/97.0%, 10ms/98.5%, 20ms/99.2%, 50ms/99.7%, 100ms/99.8%
[2026-04-03T02:41:43.772+0600][88.630s][info][gc,marking  ] GC(127) Mark: 2 stripe(s), 2 proactive flush(es), 1 terminate flush(es), 0 completion(s), 0 continuation(s) 
[2026-04-03T02:41:43.772+0600][88.630s][info][gc,marking  ] GC(127) Mark Stack Usage: 32M
[2026-04-03T02:41:43.772+0600][88.630s][info][gc,nmethod  ] GC(127) NMethods: 15532 registered, 2962 unregistered
[2026-04-03T02:41:43.772+0600][88.630s][info][gc,metaspace] GC(127) Metaspace: 128M used, 129M committed, 1152M reserved
[2026-04-03T02:41:43.772+0600][88.630s][info][gc,ref      ] GC(127) Soft: 3287 encountered, 0 discovered, 0 enqueued
[2026-04-03T02:41:43.772+0600][88.630s][info][gc,ref      ] GC(127) Weak: 15167 encountered, 3799 discovered, 47 enqueued
[2026-04-03T02:41:43.772+0600][88.630s][info][gc,ref      ] GC(127) Final: 84 encountered, 0 discovered, 0 enqueued
[2026-04-03T02:41:43.772+0600][88.630s][info][gc,ref      ] GC(127) Phantom: 620 encountered, 546 discovered, 0 enqueued
[2026-04-03T02:41:43.772+0600][88.630s][info][gc,reloc    ] GC(127) Small Pages: 223 / 446M, Empty: 140M, Relocated: 3M, In-Place: 0
[2026-04-03T02:41:43.772+0600][88.630s][info][gc,reloc    ] GC(127) Medium Pages: 4 / 128M, Empty: 96M, Relocated: 0M, In-Place: 0
[2026-04-03T02:41:43.772+0600][88.630s][info][gc,reloc    ] GC(127) Large Pages: 10 / 60M, Empty: 60M, Relocated: 0M, In-Place: 0
[2026-04-03T02:41:43.772+0600][88.630s][info][gc,reloc    ] GC(127) Forwarding Usage: 0M
[2026-04-03T02:41:43.772+0600][88.630s][info][gc,heap     ] GC(127) Min Capacity: 8M(0%)
[2026-04-03T02:41:43.772+0600][88.630s][info][gc,heap     ] GC(127) Max Capacity: 1750M(100%)
[2026-04-03T02:41:43.772+0600][88.630s][info][gc,heap     ] GC(127) Soft Max Capacity: 1750M(100%)
[2026-04-03T02:41:43.772+0600][88.630s][info][gc,heap     ] GC(127)                Mark Start          Mark End        Relocate Start      Relocate End           High               Low         
[2026-04-03T02:41:43.772+0600][88.630s][info][gc,heap     ] GC(127)  Capacity:     1750M (100%)       1750M (100%)       1750M (100%)       1750M (100%)       1750M (100%)       1750M (100%)   
[2026-04-03T02:41:43.772+0600][88.630s][info][gc,heap     ] GC(127)      Free:     1116M (64%)         882M (50%)        1126M (64%)        1314M (75%)        1314M (75%)         842M (48%)    
[2026-04-03T02:41:43.772+0600][88.630s][info][gc,heap     ] GC(127)      Used:      634M (36%)         868M (50%)         624M (36%)         436M (25%)         908M (52%)         436M (25%)    
[2026-04-03T02:41:43.772+0600][88.630s][info][gc,heap     ] GC(127)      Live:         -               106M (6%)          106M (6%)          106M (6%)             -                  -          
[2026-04-03T02:41:43.772+0600][88.630s][info][gc,heap     ] GC(127) Allocated:         -               234M (13%)         286M (16%)         291M (17%)            -                  -          
[2026-04-03T02:41:43.772+0600][88.630s][info][gc,heap     ] GC(127)   Garbage:         -               527M (30%)         231M (13%)          37M (2%)             -                  -          
[2026-04-03T02:41:43.772+0600][88.630s][info][gc,heap     ] GC(127) Reclaimed:         -                  -               296M (17%)         489M (28%)            -                  -          
[2026-04-03T02:41:43.772+0600][88.630s][info][gc          ] GC(127) Garbage Collection (Allocation Rate) 634M(36%)->436M(25%)
[2026-04-03T02:41:43.852+0600][88.710s][info][gc,start    ] GC(128) Garbage Collection (Allocation Rate)
[2026-04-03T02:41:43.852+0600][88.710s][info][gc,task     ] GC(128) Using 2 workers
[2026-04-03T02:41:43.852+0600][88.710s][info][gc,phases   ] GC(128) Pause Mark Start 0.016ms
[2026-04-03T02:41:44.049+0600][88.907s][info][gc,phases   ] GC(128) Concurrent Mark 196.790ms
[2026-04-03T02:41:44.050+0600][88.908s][info][gc,phases   ] GC(128) Pause Mark End 0.053ms
[2026-04-03T02:41:44.050+0600][88.908s][info][gc,phases   ] GC(128) Concurrent Mark Free 0.003ms
[2026-04-03T02:41:44.088+0600][88.946s][info][gc,phases   ] GC(128) Concurrent Process Non-Strong References 38.357ms
[2026-04-03T02:41:44.088+0600][88.946s][info][gc,phases   ] GC(128) Concurrent Reset Relocation Set 0.015ms
[2026-04-03T02:41:44.092+0600][88.950s][info][gc,phases   ] GC(128) Concurrent Select Relocation Set 3.956ms
[2026-04-03T02:41:44.093+0600][88.951s][info][gc,phases   ] GC(128) Pause Relocate Start 0.035ms
[2026-04-03T02:41:44.098+0600][88.956s][info][gc,phases   ] GC(128) Concurrent Relocate 5.476ms
[2026-04-03T02:41:44.099+0600][88.956s][info][gc,load     ] GC(128) Load: 5.98/5.44/5.61
[2026-04-03T02:41:44.099+0600][88.956s][info][gc,mmu      ] GC(128) MMU: 2ms/92.4%, 5ms/97.0%, 10ms/98.5%, 20ms/99.2%, 50ms/99.7%, 100ms/99.8%
[2026-04-03T02:41:44.099+0600][88.956s][info][gc,marking  ] GC(128) Mark: 2 stripe(s), 2 proactive flush(es), 1 terminate flush(es), 0 completion(s), 0 continuation(s) 
[2026-04-03T02:41:44.099+0600][88.956s][info][gc,marking  ] GC(128) Mark Stack Usage: 32M
[2026-04-03T02:41:44.099+0600][88.956s][info][gc,nmethod  ] GC(128) NMethods: 15534 registered, 2967 unregistered
[2026-04-03T02:41:44.099+0600][88.956s][info][gc,metaspace] GC(128) Metaspace: 128M used, 129M committed, 1152M reserved
[2026-04-03T02:41:44.099+0600][88.957s][info][gc,ref      ] GC(128) Soft: 3295 encountered, 0 discovered, 0 enqueued
[2026-04-03T02:41:44.099+0600][88.957s][info][gc,ref      ] GC(128) Weak: 15554 encountered, 4453 discovered, 16 enqueued
[2026-04-03T02:41:44.099+0600][88.957s][info][gc,ref      ] GC(128) Final: 84 encountered, 0 discovered, 0 enqueued
[2026-04-03T02:41:44.099+0600][88.957s][info][gc,ref      ] GC(128) Phantom: 620 encountered, 542 discovered, 0 enqueued
[2026-04-03T02:41:44.099+0600][88.957s][info][gc,reloc    ] GC(128) Small Pages: 182 / 364M, Empty: 54M, Relocated: 4M, In-Place: 0
[2026-04-03T02:41:44.099+0600][88.957s][info][gc,reloc    ] GC(128) Medium Pages: 3 / 96M, Empty: 64M, Relocated: 0M, In-Place: 0
[2026-04-03T02:41:44.099+0600][88.957s][info][gc,reloc    ] GC(128) Large Pages: 6 / 36M, Empty: 36M, Relocated: 0M, In-Place: 0
[2026-04-03T02:41:44.099+0600][88.957s][info][gc,reloc    ] GC(128) Forwarding Usage: 1M
[2026-04-03T02:41:44.099+0600][88.957s][info][gc,heap     ] GC(128) Min Capacity: 8M(0%)
[2026-04-03T02:41:44.099+0600][88.957s][info][gc,heap     ] GC(128) Max Capacity: 1750M(100%)
[2026-04-03T02:41:44.099+0600][88.957s][info][gc,heap     ] GC(128) Soft Max Capacity: 1750M(100%)
[2026-04-03T02:41:44.099+0600][88.957s][info][gc,heap     ] GC(128)                Mark Start          Mark End        Relocate Start      Relocate End           High               Low         
[2026-04-03T02:41:44.099+0600][88.957s][info][gc,heap     ] GC(128)  Capacity:     1750M (100%)       1750M (100%)       1750M (100%)       1750M (100%)       1750M (100%)       1750M (100%)   
[2026-04-03T02:41:44.099+0600][88.957s][info][gc,heap     ] GC(128)      Free:     1254M (72%)        1024M (59%)        1136M (65%)        1316M (75%)        1326M (76%)         982M (56%)    
[2026-04-03T02:41:44.099+0600][88.957s][info][gc,heap     ] GC(128)      Used:      496M (28%)         726M (41%)         614M (35%)         434M (25%)         768M (44%)         424M (24%)    
[2026-04-03T02:41:44.099+0600][88.957s][info][gc,heap     ] GC(128)      Live:         -               108M (6%)          108M (6%)          108M (6%)             -                  -          
[2026-04-03T02:41:44.099+0600][88.957s][info][gc,heap     ] GC(128) Allocated:         -               230M (13%)         272M (16%)         285M (16%)            -                  -          
[2026-04-03T02:41:44.099+0600][88.957s][info][gc,heap     ] GC(128)   Garbage:         -               387M (22%)         233M (13%)          39M (2%)             -                  -          
[2026-04-03T02:41:44.099+0600][88.957s][info][gc,heap     ] GC(128) Reclaimed:         -                  -               154M (9%)          347M (20%)            -                  -          
[2026-04-03T02:41:44.099+0600][88.957s][info][gc          ] GC(128) Garbage Collection (Allocation Rate) 496M(28%)->434M(25%)
[2026-04-03T02:41:44.151+0600][89.009s][info][gc,start    ] GC(129) Garbage Collection (Allocation Rate)
[2026-04-03T02:41:44.151+0600][89.009s][info][gc,task     ] GC(129) Using 2 workers
[2026-04-03T02:41:44.151+0600][89.009s][info][gc,phases   ] GC(129) Pause Mark Start 0.016ms
[2026-04-03T02:41:44.264+0600][89.122s][info][gc,phases   ] GC(129) Concurrent Mark 112.687ms
[2026-04-03T02:41:44.264+0600][89.122s][info][gc,phases   ] GC(129) Pause Mark End 0.023ms
[2026-04-03T02:41:44.264+0600][89.122s][info][gc,phases   ] GC(129) Concurrent Mark Free 0.001ms
[2026-04-03T02:41:44.284+0600][89.142s][info][gc,phases   ] GC(129) Concurrent Process Non-Strong References 19.760ms
[2026-04-03T02:41:44.284+0600][89.142s][info][gc,phases   ] GC(129) Concurrent Reset Relocation Set 0.006ms
[2026-04-03T02:41:44.287+0600][89.145s][info][gc,phases   ] GC(129) Concurrent Select Relocation Set 2.486ms
[2026-04-03T02:41:44.287+0600][89.145s][info][gc,phases   ] GC(129) Pause Relocate Start 0.009ms
[2026-04-03T02:41:44.291+0600][89.149s][info][gc,phases   ] GC(129) Concurrent Relocate 4.249ms
[2026-04-03T02:41:44.291+0600][89.149s][info][gc,load     ] GC(129) Load: 5.98/5.44/5.61
[2026-04-03T02:41:44.291+0600][89.149s][info][gc,mmu      ] GC(129) MMU: 2ms/92.4%, 5ms/97.0%, 10ms/98.5%, 20ms/99.2%, 50ms/99.7%, 100ms/99.8%
[2026-04-03T02:41:44.291+0600][89.149s][info][gc,marking  ] GC(129) Mark: 2 stripe(s), 2 proactive flush(es), 1 terminate flush(es), 0 completion(s), 0 continuation(s) 
[2026-04-03T02:41:44.291+0600][89.149s][info][gc,marking  ] GC(129) Mark Stack Usage: 32M
[2026-04-03T02:41:44.291+0600][89.149s][info][gc,nmethod  ] GC(129) NMethods: 15534 registered, 2972 unregistered
[2026-04-03T02:41:44.291+0600][89.149s][info][gc,metaspace] GC(129) Metaspace: 128M used, 129M committed, 1152M reserved
[2026-04-03T02:41:44.291+0600][89.149s][info][gc,ref      ] GC(129) Soft: 3295 encountered, 0 discovered, 0 enqueued
[2026-04-03T02:41:44.291+0600][89.149s][info][gc,ref      ] GC(129) Weak: 15899 encountered, 6801 discovered, 1417 enqueued
[2026-04-03T02:41:44.291+0600][89.149s][info][gc,ref      ] GC(129) Final: 84 encountered, 0 discovered, 0 enqueued
[2026-04-03T02:41:44.291+0600][89.149s][info][gc,ref      ] GC(129) Phantom: 620 encountered, 545 discovered, 0 enqueued
[2026-04-03T02:41:44.291+0600][89.149s][info][gc,reloc    ] GC(129) Small Pages: 182 / 364M, Empty: 70M, Relocated: 4M, In-Place: 0
[2026-04-03T02:41:44.291+0600][89.149s][info][gc,reloc    ] GC(129) Medium Pages: 3 / 96M, Empty: 64M, Relocated: 0M, In-Place: 0
[2026-04-03T02:41:44.291+0600][89.149s][info][gc,reloc    ] GC(129) Large Pages: 5 / 30M, Empty: 30M, Relocated: 0M, In-Place: 0
[2026-04-03T02:41:44.291+0600][89.149s][info][gc,reloc    ] GC(129) Forwarding Usage: 1M
[2026-04-03T02:41:44.291+0600][89.149s][info][gc,heap     ] GC(129) Min Capacity: 8M(0%)
[2026-04-03T02:41:44.291+0600][89.149s][info][gc,heap     ] GC(129) Max Capacity: 1750M(100%)
[2026-04-03T02:41:44.292+0600][89.149s][info][gc,heap     ] GC(129) Soft Max Capacity: 1750M(100%)
[2026-04-03T02:41:44.292+0600][89.149s][info][gc,heap     ] GC(129)                Mark Start          Mark End        Relocate Start      Relocate End           High               Low         
[2026-04-03T02:41:44.292+0600][89.149s][info][gc,heap     ] GC(129)  Capacity:     1750M (100%)       1750M (100%)       1750M (100%)       1750M (100%)       1750M (100%)       1750M (100%)   
[2026-04-03T02:41:44.292+0600][89.149s][info][gc,heap     ] GC(129)      Free:     1260M (72%)        1126M (64%)        1276M (73%)        1452M (83%)        1452M (83%)        1112M (64%)    
[2026-04-03T02:41:44.292+0600][89.149s][info][gc,heap     ] GC(129)      Used:      490M (28%)         624M (36%)         474M (27%)         298M (17%)         638M (36%)         298M (17%)    
[2026-04-03T02:41:44.292+0600][89.149s][info][gc,heap     ] GC(129)      Live:         -               108M (6%)          108M (6%)          108M (6%)             -                  -          
[2026-04-03T02:41:44.292+0600][89.149s][info][gc,heap     ] GC(129) Allocated:         -               134M (8%)          148M (8%)          149M (9%)             -                  -          
[2026-04-03T02:41:44.292+0600][89.149s][info][gc,heap     ] GC(129)   Garbage:         -               381M (22%)         217M (12%)          39M (2%)             -                  -          
[2026-04-03T02:41:44.292+0600][89.149s][info][gc,heap     ] GC(129) Reclaimed:         -                  -               164M (9%)          341M (20%)            -                  -          
[2026-04-03T02:41:44.292+0600][89.149s][info][gc          ] GC(129) Garbage Collection (Allocation Rate) 490M(28%)->298M(17%)
[2026-04-03T02:41:44.751+0600][89.609s][info][gc,start    ] GC(130) Garbage Collection (Allocation Rate)
[2026-04-03T02:41:44.751+0600][89.609s][info][gc,task     ] GC(130) Using 2 workers
[2026-04-03T02:41:44.751+0600][89.609s][info][gc,phases   ] GC(130) Pause Mark Start 0.013ms
[2026-04-03T02:41:44.905+0600][89.763s][info][gc,phases   ] GC(130) Concurrent Mark 153.807ms
[2026-04-03T02:41:44.905+0600][89.763s][info][gc,phases   ] GC(130) Pause Mark End 0.026ms
[2026-04-03T02:41:44.905+0600][89.763s][info][gc,phases   ] GC(130) Concurrent Mark Free 0.001ms
[2026-04-03T02:41:44.951+0600][89.809s][info][gc,phases   ] GC(130) Concurrent Process Non-Strong References 45.556ms
[2026-04-03T02:41:44.951+0600][89.809s][info][gc,phases   ] GC(130) Concurrent Reset Relocation Set 0.007ms
[2026-04-03T02:41:44.954+0600][89.812s][info][gc,phases   ] GC(130) Concurrent Select Relocation Set 2.715ms
[2026-04-03T02:41:44.954+0600][89.812s][info][gc,phases   ] GC(130) Pause Relocate Start 0.013ms
[2026-04-03T02:41:44.958+0600][89.816s][info][gc,phases   ] GC(130) Concurrent Relocate 3.807ms
[2026-04-03T02:41:44.958+0600][89.816s][info][gc,load     ] GC(130) Load: 5.98/5.44/5.61
[2026-04-03T02:41:44.958+0600][89.816s][info][gc,mmu      ] GC(130) MMU: 2ms/92.4%, 5ms/97.0%, 10ms/98.5%, 20ms/99.2%, 50ms/99.7%, 100ms/99.8%
[2026-04-03T02:41:44.958+0600][89.816s][info][gc,marking  ] GC(130) Mark: 2 stripe(s), 7 proactive flush(es), 1 terminate flush(es), 0 completion(s), 0 continuation(s) 
[2026-04-03T02:41:44.958+0600][89.816s][info][gc,marking  ] GC(130) Mark Stack Usage: 32M
[2026-04-03T02:41:44.958+0600][89.816s][info][gc,nmethod  ] GC(130) NMethods: 15535 registered, 2977 unregistered
[2026-04-03T02:41:44.958+0600][89.816s][info][gc,metaspace] GC(130) Metaspace: 128M used, 129M committed, 1152M reserved
[2026-04-03T02:41:44.958+0600][89.816s][info][gc,ref      ] GC(130) Soft: 3369 encountered, 0 discovered, 0 enqueued
[2026-04-03T02:41:44.958+0600][89.816s][info][gc,ref      ] GC(130) Weak: 15639 encountered, 6207 discovered, 797 enqueued
[2026-04-03T02:41:44.958+0600][89.816s][info][gc,ref      ] GC(130) Final: 84 encountered, 0 discovered, 0 enqueued
[2026-04-03T02:41:44.958+0600][89.816s][info][gc,ref      ] GC(130) Phantom: 620 encountered, 544 discovered, 0 enqueued
[2026-04-03T02:41:44.958+0600][89.816s][info][gc,reloc    ] GC(130) Small Pages: 434 / 868M, Empty: 520M, Relocated: 4M, In-Place: 0
[2026-04-03T02:41:44.958+0600][89.816s][info][gc,reloc    ] GC(130) Medium Pages: 4 / 128M, Empty: 96M, Relocated: 0M, In-Place: 0
[2026-04-03T02:41:44.958+0600][89.816s][info][gc,reloc    ] GC(130) Large Pages: 14 / 84M, Empty: 84M, Relocated: 0M, In-Place: 0
[2026-04-03T02:41:44.958+0600][89.816s][info][gc,reloc    ] GC(130) Forwarding Usage: 1M
[2026-04-03T02:41:44.958+0600][89.816s][info][gc,heap     ] GC(130) Min Capacity: 8M(0%)
[2026-04-03T02:41:44.958+0600][89.816s][info][gc,heap     ] GC(130) Max Capacity: 1750M(100%)
[2026-04-03T02:41:44.958+0600][89.816s][info][gc,heap     ] GC(130) Soft Max Capacity: 1750M(100%)
[2026-04-03T02:41:44.958+0600][89.816s][info][gc,heap     ] GC(130)                Mark Start          Mark End        Relocate Start      Relocate End           High               Low         
[2026-04-03T02:41:44.958+0600][89.816s][info][gc,heap     ] GC(130)  Capacity:     1750M (100%)       1750M (100%)       1750M (100%)       1750M (100%)       1750M (100%)       1750M (100%)   
[2026-04-03T02:41:44.958+0600][89.816s][info][gc,heap     ] GC(130)      Free:      670M (38%)         464M (27%)        1140M (65%)        1368M (78%)        1368M (78%)         442M (25%)    
[2026-04-03T02:41:44.958+0600][89.816s][info][gc,heap     ] GC(130)      Used:     1080M (62%)        1286M (73%)         610M (35%)         382M (22%)        1308M (75%)         382M (22%)    
[2026-04-03T02:41:44.958+0600][89.816s][info][gc,heap     ] GC(130)      Live:         -               107M (6%)          107M (6%)          107M (6%)             -                  -          
[2026-04-03T02:41:44.958+0600][89.816s][info][gc,heap     ] GC(130) Allocated:         -               206M (12%)         230M (13%)         235M (13%)            -                  -          
[2026-04-03T02:41:44.958+0600][89.816s][info][gc,heap     ] GC(130)   Garbage:         -               972M (56%)         272M (16%)          38M (2%)             -                  -          
[2026-04-03T02:41:44.958+0600][89.816s][info][gc,heap     ] GC(130) Reclaimed:         -                  -               700M (40%)         933M (53%)            -                  -          
[2026-04-03T02:41:44.958+0600][89.816s][info][gc          ] GC(130) Garbage Collection (Allocation Rate) 1080M(62%)->382M(22%)
[2026-04-03T02:41:45.251+0600][90.109s][info][gc,stats    ] === Garbage Collection Statistics =======================================================================================================================
[2026-04-03T02:41:45.251+0600][90.109s][info][gc,stats    ]                                                              Last 10s              Last 10m              Last 10h                Total
[2026-04-03T02:41:45.251+0600][90.109s][info][gc,stats    ]                                                              Avg / Max             Avg / Max             Avg / Max             Avg / Max
[2026-04-03T02:41:45.251+0600][90.109s][info][gc,stats    ]   Collector: Garbage Collection Cycle                    190.041 / 266.590     182.635 / 377.768     182.635 / 377.768     182.635 / 377.768     ms
[2026-04-03T02:41:45.251+0600][90.109s][info][gc,stats    ]  Contention: Mark Segment Reset Contention                     3 / 23                1 / 23                1 / 23                1 / 23          ops/s
[2026-04-03T02:41:45.251+0600][90.109s][info][gc,stats    ]  Contention: Mark SeqNum Reset Contention                      0 / 0                 0 / 2                 0 / 2                 0 / 2           ops/s
[2026-04-03T02:41:45.251+0600][90.109s][info][gc,stats    ]    Critical: Allocation Stall                                  1 / 4                 0 / 5                 0 / 5                 0 / 5           ops/s
[2026-04-03T02:41:45.251+0600][90.109s][info][gc,stats    ]    Critical: Allocation Stall                             52.839 / 86.364       41.595 / 86.364       41.595 / 86.364       41.595 / 86.364      ms
[2026-04-03T02:41:45.251+0600][90.109s][info][gc,stats    ]    Critical: GC Locker Stall                                   1 / 3                 0 / 3                 0 / 3                 0 / 3           ops/s
[2026-04-03T02:41:45.251+0600][90.109s][info][gc,stats    ]    Critical: GC Locker Stall                               0.055 / 0.146         0.034 / 0.205         0.034 / 0.205         0.034 / 0.205       ms
[2026-04-03T02:41:45.251+0600][90.109s][info][gc,stats    ]    Critical: Relocation Stall                                  0 / 0                 0 / 0                 0 / 0                 0 / 0           ops/s
[2026-04-03T02:41:45.251+0600][90.109s][info][gc,stats    ]    Critical: Relocation Stall                              0.000 / 0.000         0.000 / 0.000         0.000 / 0.000         0.000 / 0.000       ms
[2026-04-03T02:41:45.251+0600][90.109s][info][gc,stats    ]      Memory: Allocation Rate                                1528 / 1900           1094 / 2032           1094 / 2032           1094 / 2032        MB/s
[2026-04-03T02:41:45.251+0600][90.109s][info][gc,stats    ]      Memory: Defragment                                       37 / 145              24 / 166              24 / 166              24 / 166         ops/s
[2026-04-03T02:41:45.251+0600][90.109s][info][gc,stats    ]      Memory: Out Of Memory                                     0 / 0                 0 / 0                 0 / 0                 0 / 0           ops/s
[2026-04-03T02:41:45.251+0600][90.109s][info][gc,stats    ]      Memory: Page Cache Flush                                155 / 542             131 / 542             131 / 542             131 / 542         MB/s
[2026-04-03T02:41:45.251+0600][90.109s][info][gc,stats    ]      Memory: Page Cache Hit L1                               503 / 585             350 / 590             350 / 590             350 / 590         ops/s
[2026-04-03T02:41:45.251+0600][90.109s][info][gc,stats    ]      Memory: Page Cache Hit L2                                 0 / 0                 0 / 0                 0 / 0                 0 / 0           ops/s
[2026-04-03T02:41:45.251+0600][90.109s][info][gc,stats    ]      Memory: Page Cache Hit L3                                31 / 113              23 / 119              23 / 119              23 / 119         ops/s
[2026-04-03T02:41:45.251+0600][90.109s][info][gc,stats    ]      Memory: Page Cache Miss                                   9 / 51               12 / 173              12 / 173              12 / 173         ops/s
[2026-04-03T02:41:45.251+0600][90.109s][info][gc,stats    ]      Memory: Uncommit                                          0 / 0                 0 / 0                 0 / 0                 0 / 0           MB/s
[2026-04-03T02:41:45.251+0600][90.109s][info][gc,stats    ]      Memory: Undo Object Allocation Failed                     0 / 0                 0 / 1                 0 / 1                 0 / 1           ops/s
[2026-04-03T02:41:45.251+0600][90.109s][info][gc,stats    ]      Memory: Undo Object Allocation Succeeded                  3 / 17               29 / 1196             29 / 1196             29 / 1196        ops/s
[2026-04-03T02:41:45.251+0600][90.109s][info][gc,stats    ]      Memory: Undo Page Allocation                              0 / 4                 1 / 10                1 / 10                1 / 10          ops/s
[2026-04-03T02:41:45.251+0600][90.109s][info][gc,stats    ]       Phase: Concurrent Mark                             138.856 / 197.810     136.373 / 298.329     136.373 / 298.329     136.373 / 298.329     ms
[2026-04-03T02:41:45.251+0600][90.109s][info][gc,stats    ]       Phase: Concurrent Mark Continue                      0.000 / 0.000         0.000 / 0.000         0.000 / 0.000         0.000 / 0.000       ms
[2026-04-03T02:41:45.251+0600][90.109s][info][gc,stats    ]       Phase: Concurrent Mark Free                          0.002 / 0.004         0.002 / 0.004         0.002 / 0.004         0.002 / 0.004       ms
[2026-04-03T02:41:45.251+0600][90.109s][info][gc,stats    ]       Phase: Concurrent Process Non-Strong References     36.573 / 70.132       31.427 / 70.132       31.427 / 70.132       31.427 / 70.132      ms
[2026-04-03T02:41:45.252+0600][90.109s][info][gc,stats    ]       Phase: Concurrent Relocate                           7.522 / 13.660        8.280 / 33.965        8.280 / 33.965        8.280 / 33.965      ms
[2026-04-03T02:41:45.252+0600][90.109s][info][gc,stats    ]       Phase: Concurrent Reset Relocation Set               0.014 / 0.024         0.015 / 0.043         0.015 / 0.043         0.015 / 0.043       ms
[2026-04-03T02:41:45.252+0600][90.109s][info][gc,stats    ]       Phase: Concurrent Select Relocation Set              4.194 / 5.732         4.093 / 9.099         4.093 / 9.099         4.093 / 9.099       ms
[2026-04-03T02:41:45.252+0600][90.109s][info][gc,stats    ]       Phase: Pause Mark End                                0.039 / 0.077         0.041 / 0.152         0.041 / 0.152         0.041 / 0.152       ms
[2026-04-03T02:41:45.252+0600][90.109s][info][gc,stats    ]       Phase: Pause Mark Start                              0.019 / 0.049         0.018 / 0.093         0.018 / 0.093         0.018 / 0.093       ms
[2026-04-03T02:41:45.252+0600][90.109s][info][gc,stats    ]       Phase: Pause Relocate Start                          0.017 / 0.035         0.018 / 0.079         0.018 / 0.079         0.018 / 0.079       ms
[2026-04-03T02:41:45.252+0600][90.109s][info][gc,stats    ]    Subphase: Concurrent Classes Purge                      0.146 / 0.477         0.194 / 3.505         0.194 / 3.505         0.194 / 3.505       ms
[2026-04-03T02:41:45.252+0600][90.109s][info][gc,stats    ]    Subphase: Concurrent Classes Unlink                    32.790 / 65.924       27.499 / 65.924       27.499 / 65.924       27.499 / 65.924      ms
[2026-04-03T02:41:45.252+0600][90.109s][info][gc,stats    ]    Subphase: Concurrent Mark                             130.238 / 193.684     125.569 / 292.279     125.569 / 292.279     125.569 / 292.279     ms
[2026-04-03T02:41:45.252+0600][90.109s][info][gc,stats    ]    Subphase: Concurrent Mark Try Flush                     0.394 / 4.561         0.442 / 10.802        0.442 / 10.802        0.442 / 10.802      ms
[2026-04-03T02:41:45.252+0600][90.109s][info][gc,stats    ]    Subphase: Concurrent Mark Try Terminate                 0.688 / 1.210         0.719 / 4.580         0.719 / 4.580         0.719 / 4.580       ms
[2026-04-03T02:41:45.252+0600][90.110s][info][gc,stats    ]    Subphase: Concurrent References Enqueue                 0.010 / 0.020         0.009 / 0.027         0.009 / 0.027         0.009 / 0.027       ms
[2026-04-03T02:41:45.252+0600][90.110s][info][gc,stats    ]    Subphase: Concurrent References Process                 0.911 / 1.476         0.991 / 2.076         0.991 / 2.076         0.991 / 2.076       ms
[2026-04-03T02:41:45.252+0600][90.110s][info][gc,stats    ]    Subphase: Concurrent Roots ClassLoaderDataGraph         0.439 / 1.176         0.438 / 1.176         0.438 / 1.176         0.438 / 1.176       ms
[2026-04-03T02:41:45.252+0600][90.110s][info][gc,stats    ]    Subphase: Concurrent Roots CodeCache                    0.000 / 0.000         0.000 / 0.000         0.000 / 0.000         0.000 / 0.000       ms
[2026-04-03T02:41:45.252+0600][90.110s][info][gc,stats    ]    Subphase: Concurrent Roots JavaThreads                  1.279 / 2.672         1.409 / 5.185         1.409 / 5.185         1.409 / 5.185       ms
[2026-04-03T02:41:45.252+0600][90.110s][info][gc,stats    ]    Subphase: Concurrent Roots OopStorageSet                0.101 / 0.245         0.104 / 0.398         0.104 / 0.398         0.104 / 0.398       ms
[2026-04-03T02:41:45.252+0600][90.110s][info][gc,stats    ]    Subphase: Concurrent Weak Roots OopStorageSet           1.712 / 3.067         1.704 / 4.980         1.704 / 4.980         1.704 / 4.980       ms
[2026-04-03T02:41:45.252+0600][90.110s][info][gc,stats    ]    Subphase: Pause Mark Try Complete                       0.000 / 0.000         0.003 / 0.008         0.003 / 0.008         0.003 / 0.008       ms
[2026-04-03T02:41:45.252+0600][90.110s][info][gc,stats    ]      System: Java Threads                                    281 / 283             269 / 286             269 / 286             269 / 286         threads
[2026-04-03T02:41:45.252+0600][90.110s][info][gc,stats    ] =========================================================================================================================================================
[2026-04-03T02:41:45.744+0600][90.602s][info][gc,heap,exit] Heap
[2026-04-03T02:41:45.744+0600][90.602s][info][gc,heap,exit]  ZHeap           used 644M, capacity 1750M, max capacity 1750M
[2026-04-03T02:41:45.744+0600][90.602s][info][gc,heap,exit]  Metaspace       used 132049K, committed 133248K, reserved 1179648K
[2026-04-03T02:41:45.744+0600][90.602s][info][gc,heap,exit]   class space    used 16618K, committed 17216K, reserved 1048576K
