[2026-04-03T02:38:28.550+0600][0.006s][info][gc,init] Initializing The Z Garbage Collector
[2026-04-03T02:38:28.550+0600][0.006s][info][gc,init] Version: 21.0.10+7-Ubuntu-124.04 (release)
[2026-04-03T02:38:28.550+0600][0.006s][info][gc,init] NUMA Support: Disabled
[2026-04-03T02:38:28.550+0600][0.006s][info][gc,init] CPUs: 12 total, 12 available
[2026-04-03T02:38:28.550+0600][0.006s][info][gc,init] Memory: 15683M
[2026-04-03T02:38:28.550+0600][0.006s][info][gc,init] Large Page Support: Disabled
[2026-04-03T02:38:28.550+0600][0.006s][info][gc,init] Address Space Type: Contiguous/Unrestricted/Complete
[2026-04-03T02:38:28.550+0600][0.006s][info][gc,init] Address Space Size: 28000M
[2026-04-03T02:38:28.550+0600][0.006s][info][gc,init] Heap Backing File: /memfd:java_heap
[2026-04-03T02:38:28.550+0600][0.006s][info][gc,init] Heap Backing Filesystem: tmpfs (0x1021994)
[2026-04-03T02:38:28.551+0600][0.006s][info][gc,init] Min Capacity: 8M
[2026-04-03T02:38:28.551+0600][0.006s][info][gc,init] Initial Capacity: 246M
[2026-04-03T02:38:28.551+0600][0.006s][info][gc,init] Max Capacity: 1750M
[2026-04-03T02:38:28.551+0600][0.006s][info][gc,init] Soft Max Capacity: 1750M
[2026-04-03T02:38:28.551+0600][0.006s][info][gc,init] Medium Page Size: 32M
[2026-04-03T02:38:28.551+0600][0.006s][info][gc,init] Pre-touch: Disabled
[2026-04-03T02:38:28.551+0600][0.006s][info][gc,init] Available space on backing filesystem: N/A
[2026-04-03T02:38:28.552+0600][0.007s][info][gc,init] Uncommit: Enabled
[2026-04-03T02:38:28.552+0600][0.007s][info][gc,init] Uncommit Delay: 300s
[2026-04-03T02:38:28.552+0600][0.007s][info][gc,init] GC Workers for Old Generation: 3 (dynamic)
[2026-04-03T02:38:28.552+0600][0.008s][info][gc,init] GC Workers for Young Generation: 3 (dynamic)
[2026-04-03T02:38:28.627+0600][0.082s][info][gc,init] GC Workers Max: 3 (dynamic)
[2026-04-03T02:38:28.628+0600][0.083s][info][gc,init] Runtime Workers: 8
[2026-04-03T02:38:28.629+0600][0.084s][info][gc     ] Using The Z Garbage Collector
[2026-04-03T02:38:28.638+0600][0.094s][info][gc,metaspace] CDS archive(s) mapped at: [0x0000732427000000-0x0000732427c9c000-0x0000732427c9c000), size 13221888, SharedBaseAddress: 0x0000732427000000, ArchiveRelocationMode: 1.
[2026-04-03T02:38:28.638+0600][0.094s][info][gc,metaspace] Compressed class space mapped at: 0x0000732428000000-0x0000732468000000, reserved size: 1073741824
[2026-04-03T02:38:28.638+0600][0.094s][info][gc,metaspace] Narrow klass base: 0x0000732427000000, Narrow klass shift: 0, Narrow klass range: 0x100000000
[2026-04-03T02:38:29.372+0600][0.828s][info][gc          ] GC(0) Major Collection (Warmup)
[2026-04-03T02:38:29.372+0600][0.828s][info][gc,task     ] GC(0) Using 3 Workers for Young Generation
[2026-04-03T02:38:29.372+0600][0.828s][info][gc,task     ] GC(0) Using 2 Workers for Old Generation
[2026-04-03T02:38:29.372+0600][0.828s][info][gc,phases   ] GC(0) Y: Young Generation
[2026-04-03T02:38:29.373+0600][0.828s][info][gc,phases   ] GC(0) Y: Pause Mark Start (Major) 0.022ms
[2026-04-03T02:38:29.379+0600][0.834s][info][gc,phases   ] GC(0) Y: Concurrent Mark 6.026ms
[2026-04-03T02:38:29.379+0600][0.834s][info][gc,phases   ] GC(0) Y: Pause Mark End 0.017ms
[2026-04-03T02:38:29.379+0600][0.834s][info][gc,phases   ] GC(0) Y: Concurrent Mark Free 0.002ms
[2026-04-03T02:38:29.379+0600][0.834s][info][gc,phases   ] GC(0) Y: Concurrent Reset Relocation Set 0.000ms
[2026-04-03T02:38:29.386+0600][0.842s][info][gc,reloc    ] GC(0) Y: Using tenuring threshold: 1 (Computed)
[2026-04-03T02:38:29.387+0600][0.843s][info][gc,phases   ] GC(0) Y: Concurrent Select Relocation Set 8.423ms
[2026-04-03T02:38:29.390+0600][0.845s][info][gc,phases   ] GC(0) Y: Pause Relocate Start 0.014ms
[2026-04-03T02:38:29.392+0600][0.848s][info][gc,phases   ] GC(0) Y: Concurrent Relocate 2.529ms
[2026-04-03T02:38:29.392+0600][0.848s][info][gc,alloc    ] GC(0) Y:                         Mark Start        Mark End      Relocate Start    Relocate End   
[2026-04-03T02:38:29.393+0600][0.848s][info][gc,alloc    ] GC(0) Y: Allocation Stalls:          0                0                0                0         
[2026-04-03T02:38:29.393+0600][0.848s][info][gc,load     ] GC(0) Y: Load: 5.29 (44%) / 5.34 (44%) / 5.64 (47%)
[2026-04-03T02:38:29.393+0600][0.848s][info][gc,mmu      ] GC(0) Y: MMU: 2ms/98.9%, 5ms/99.6%, 10ms/99.6%, 20ms/99.7%, 50ms/99.9%, 100ms/99.9%
[2026-04-03T02:38:29.393+0600][0.848s][info][gc,marking  ] GC(0) Y: Mark: 2 stripe(s), 2 proactive flush(es), 1 terminate flush(es), 0 completion(s), 0 continuation(s) 
[2026-04-03T02:38:29.393+0600][0.848s][info][gc,marking  ] GC(0) Y: Mark Stack Usage: 32M
[2026-04-03T02:38:29.393+0600][0.848s][info][gc,nmethod  ] GC(0) Y: NMethods: 979 registered, 0 unregistered
[2026-04-03T02:38:29.393+0600][0.848s][info][gc,metaspace] GC(0) Y: Metaspace: 6M used, 6M committed, 1088M reserved
[2026-04-03T02:38:29.393+0600][0.848s][info][gc,reloc    ] GC(0) Y:                        Candidates     Selected     In-Place         Size        Empty    Relocated 
[2026-04-03T02:38:29.393+0600][0.848s][info][gc,reloc    ] GC(0) Y: Small Pages:                   88           85            0         176M           0M           1M 
[2026-04-03T02:38:29.393+0600][0.848s][info][gc,reloc    ] GC(0) Y: Medium Pages:                   0            0            0           0M           0M           0M 
[2026-04-03T02:38:29.393+0600][0.848s][info][gc,reloc    ] GC(0) Y: Large Pages:                    0            0            0           0M           0M           0M 
[2026-04-03T02:38:29.393+0600][0.848s][info][gc,reloc    ] GC(0) Y: Forwarding Usage: 0M
[2026-04-03T02:38:29.393+0600][0.848s][info][gc,reloc    ] GC(0) Y: Age Table:
[2026-04-03T02:38:29.393+0600][0.848s][info][gc,reloc    ] GC(0) Y:                    Live             Garbage             Small              Medium             Large        
[2026-04-03T02:38:29.393+0600][0.848s][info][gc,reloc    ] GC(0) Y: Eden               3M (0%)          172M (10%)         88 / 85             0 / 0              0 / 0        
[2026-04-03T02:38:29.393+0600][0.848s][info][gc,heap     ] GC(0) Y: Min Capacity: 8M(0%)
[2026-04-03T02:38:29.393+0600][0.848s][info][gc,heap     ] GC(0) Y: Max Capacity: 1750M(100%)
[2026-04-03T02:38:29.393+0600][0.848s][info][gc,heap     ] GC(0) Y: Soft Max Capacity: 1750M(100%)
[2026-04-03T02:38:29.393+0600][0.848s][info][gc,heap     ] GC(0) Y: Heap Statistics:
[2026-04-03T02:38:29.393+0600][0.848s][info][gc,heap     ] GC(0) Y:                Mark Start          Mark End        Relocate Start      Relocate End           High               Low         
[2026-04-03T02:38:29.393+0600][0.848s][info][gc,heap     ] GC(0) Y:  Capacity:      246M (14%)         246M (14%)         246M (14%)         246M (14%)         246M (14%)         246M (14%)    
[2026-04-03T02:38:29.393+0600][0.848s][info][gc,heap     ] GC(0) Y:      Free:     1574M (90%)        1570M (90%)        1566M (89%)        1730M (99%)        1730M (99%)        1562M (89%)    
[2026-04-03T02:38:29.393+0600][0.848s][info][gc,heap     ] GC(0) Y:      Used:      176M (10%)         180M (10%)         184M (11%)          20M (1%)          188M (11%)          20M (1%)     
[2026-04-03T02:38:29.393+0600][0.848s][info][gc,heap     ] GC(0) Y: Young Generation Statistics:
[2026-04-03T02:38:29.393+0600][0.848s][info][gc,heap     ] GC(0) Y:                Mark Start          Mark End        Relocate Start      Relocate End    
[2026-04-03T02:38:29.393+0600][0.848s][info][gc,heap     ] GC(0) Y:      Used:      176M (10%)         180M (10%)         184M (11%)          20M (1%)     
[2026-04-03T02:38:29.393+0600][0.848s][info][gc,heap     ] GC(0) Y:      Live:         -                 3M (0%)            3M (0%)            3M (0%)     
[2026-04-03T02:38:29.393+0600][0.848s][info][gc,heap     ] GC(0) Y:   Garbage:         -               172M (10%)         172M (10%)           1M (0%)     
[2026-04-03T02:38:29.393+0600][0.848s][info][gc,heap     ] GC(0) Y: Allocated:         -                 4M (0%)            8M (0%)           14M (1%)     
[2026-04-03T02:38:29.393+0600][0.848s][info][gc,heap     ] GC(0) Y: Reclaimed:         -                  -                 0M (0%)          170M (10%)    
[2026-04-03T02:38:29.393+0600][0.848s][info][gc,heap     ] GC(0) Y:  Promoted:         -                  -                 0M (0%)            0M (0%)     
[2026-04-03T02:38:29.393+0600][0.848s][info][gc,heap     ] GC(0) Y: Compacted:         -                  -                  -                 1M (0%)     
[2026-04-03T02:38:29.393+0600][0.848s][info][gc,phases   ] GC(0) Y: Young Generation 176M(10%)->20M(1%) 0.020s
[2026-04-03T02:38:29.393+0600][0.848s][info][gc,phases   ] GC(0) O: Old Generation
[2026-04-03T02:38:29.394+0600][0.849s][info][gc,phases   ] GC(0) O: Concurrent Mark 0.839ms
[2026-04-03T02:38:29.394+0600][0.849s][info][gc,phases   ] GC(0) O: Pause Mark End 0.017ms
[2026-04-03T02:38:29.394+0600][0.849s][info][gc,phases   ] GC(0) O: Concurrent Mark Free 0.027ms
[2026-04-03T02:38:29.396+0600][0.852s][info][gc,phases   ] GC(0) O: Concurrent Process Non-Strong 2.189ms
[2026-04-03T02:38:29.396+0600][0.852s][info][gc,phases   ] GC(0) O: Concurrent Reset Relocation Set 0.001ms
[2026-04-03T02:38:29.398+0600][0.854s][info][gc,phases   ] GC(0) O: Concurrent Select Relocation Set 2.114ms
[2026-04-03T02:38:29.398+0600][0.854s][info][gc,task     ] GC(0) O: Using 3 Workers for Old Generation
[2026-04-03T02:38:29.411+0600][0.867s][info][gc,task     ] GC(0) O: Using 2 Workers for Old Generation
[2026-04-03T02:38:29.411+0600][0.867s][info][gc,phases   ] GC(0) O: Concurrent Remap Roots 12.865ms
[2026-04-03T02:38:29.411+0600][0.867s][info][gc,phases   ] GC(0) O: Pause Relocate Start 0.017ms
[2026-04-03T02:38:29.412+0600][0.867s][info][gc,phases   ] GC(0) O: Concurrent Relocate 0.078ms
[2026-04-03T02:38:29.412+0600][0.867s][info][gc,alloc    ] GC(0) O:                         Mark Start        Mark End      Relocate Start    Relocate End   
[2026-04-03T02:38:29.412+0600][0.867s][info][gc,alloc    ] GC(0) O: Allocation Stalls:          0                0                0                0         
[2026-04-03T02:38:29.412+0600][0.867s][info][gc,load     ] GC(0) O: Load: 5.29 (44%) / 5.34 (44%) / 5.64 (47%)
[2026-04-03T02:38:29.412+0600][0.867s][info][gc,mmu      ] GC(0) O: MMU: 2ms/98.9%, 5ms/99.4%, 10ms/99.6%, 20ms/99.7%, 50ms/99.8%, 100ms/99.9%
[2026-04-03T02:38:29.412+0600][0.867s][info][gc,marking  ] GC(0) O: Mark: 2 stripe(s), 1 proactive flush(es), 1 terminate flush(es), 0 completion(s), 0 continuation(s) 
[2026-04-03T02:38:29.412+0600][0.867s][info][gc,marking  ] GC(0) O: Mark Stack Usage: 0M
[2026-04-03T02:38:29.412+0600][0.867s][info][gc,nmethod  ] GC(0) O: NMethods: 902 registered, 84 unregistered
[2026-04-03T02:38:29.412+0600][0.867s][info][gc,metaspace] GC(0) O: Metaspace: 6M used, 6M committed, 1088M reserved
[2026-04-03T02:38:29.412+0600][0.867s][info][gc,ref      ] GC(0) O:                       Encountered   Discovered     Enqueued 
[2026-04-03T02:38:29.412+0600][0.867s][info][gc,ref      ] GC(0) O: Soft References:              186            0            0 
[2026-04-03T02:38:29.412+0600][0.867s][info][gc,ref      ] GC(0) O: Weak References:              613            0            0 
[2026-04-03T02:38:29.412+0600][0.867s][info][gc,ref      ] GC(0) O: Final References:               0            0            0 
[2026-04-03T02:38:29.412+0600][0.867s][info][gc,ref      ] GC(0) O: Phantom References:            25            0            0 
[2026-04-03T02:38:29.412+0600][0.867s][info][gc,heap     ] GC(0) O: Min Capacity: 8M(0%)
[2026-04-03T02:38:29.412+0600][0.867s][info][gc,heap     ] GC(0) O: Max Capacity: 1750M(100%)
[2026-04-03T02:38:29.412+0600][0.867s][info][gc,heap     ] GC(0) O: Soft Max Capacity: 1750M(100%)
[2026-04-03T02:38:29.412+0600][0.867s][info][gc,heap     ] GC(0) O: Heap Statistics:
[2026-04-03T02:38:29.412+0600][0.867s][info][gc,heap     ] GC(0) O:                Mark Start          Mark End        Relocate Start      Relocate End           High               Low         
[2026-04-03T02:38:29.412+0600][0.867s][info][gc,heap     ] GC(0) O:  Capacity:      246M (14%)         246M (14%)         246M (14%)         246M (14%)         246M (14%)         246M (14%)    
[2026-04-03T02:38:29.412+0600][0.867s][info][gc,heap     ] GC(0) O:      Free:     1574M (90%)        1730M (99%)        1724M (99%)        1724M (99%)        1730M (99%)        1562M (89%)    
[2026-04-03T02:38:29.412+0600][0.867s][info][gc,heap     ] GC(0) O:      Used:      176M (10%)          20M (1%)           26M (1%)           26M (1%)          188M (11%)          20M (1%)     
[2026-04-03T02:38:29.412+0600][0.867s][info][gc,heap     ] GC(0) O: Old Generation Statistics:
[2026-04-03T02:38:29.412+0600][0.867s][info][gc,heap     ] GC(0) O:                Mark Start          Mark End        Relocate Start      Relocate End    
[2026-04-03T02:38:29.412+0600][0.867s][info][gc,heap     ] GC(0) O:      Used:        0M (0%)            0M (0%)            0M (0%)            0M (0%)     
[2026-04-03T02:38:29.412+0600][0.867s][info][gc,heap     ] GC(0) O:      Live:         -                 0M (0%)            0M (0%)            0M (0%)     
[2026-04-03T02:38:29.412+0600][0.867s][info][gc,heap     ] GC(0) O:   Garbage:         -                 0M (0%)            0M (0%)            0M (0%)     
[2026-04-03T02:38:29.412+0600][0.867s][info][gc,heap     ] GC(0) O: Allocated:         -                 0M (0%)            0M (0%)            0M (0%)     
[2026-04-03T02:38:29.412+0600][0.867s][info][gc,heap     ] GC(0) O: Reclaimed:         -                  -                 0M (0%)            0M (0%)     
[2026-04-03T02:38:29.412+0600][0.867s][info][gc,heap     ] GC(0) O: Compacted:         -                  -                  -                 0M (0%)     
[2026-04-03T02:38:29.412+0600][0.867s][info][gc,phases   ] GC(0) O: Old Generation 20M(1%)->26M(1%) 0.019s
[2026-04-03T02:38:29.412+0600][0.867s][info][gc          ] GC(0) Major Collection (Warmup) 176M(10%)->26M(1%) 0.040s
[2026-04-03T02:38:32.298+0600][3.753s][info][gc          ] GC(1) Major Collection (Warmup)
[2026-04-03T02:38:32.298+0600][3.753s][info][gc,task     ] GC(1) Using 3 Workers for Young Generation
[2026-04-03T02:38:32.298+0600][3.753s][info][gc,task     ] GC(1) Using 1 Workers for Old Generation
[2026-04-03T02:38:32.298+0600][3.753s][info][gc,phases   ] GC(1) Y: Young Generation
[2026-04-03T02:38:32.298+0600][3.754s][info][gc,phases   ] GC(1) Y: Pause Mark Start (Major) 0.019ms
[2026-04-03T02:38:32.310+0600][3.766s][info][gc,phases   ] GC(1) Y: Concurrent Mark 11.713ms
[2026-04-03T02:38:32.310+0600][3.766s][info][gc,phases   ] GC(1) Y: Pause Mark End 0.021ms
[2026-04-03T02:38:32.310+0600][3.766s][info][gc,phases   ] GC(1) Y: Concurrent Mark Free 0.001ms
[2026-04-03T02:38:32.310+0600][3.766s][info][gc,phases   ] GC(1) Y: Concurrent Reset Relocation Set 0.012ms
[2026-04-03T02:38:32.315+0600][3.771s][info][gc,reloc    ] GC(1) Y: Using tenuring threshold: 2 (Computed)
[2026-04-03T02:38:32.317+0600][3.773s][info][gc,phases   ] GC(1) Y: Concurrent Select Relocation Set 6.544ms
[2026-04-03T02:38:32.317+0600][3.773s][info][gc,phases   ] GC(1) Y: Pause Relocate Start 0.015ms
[2026-04-03T02:38:32.327+0600][3.782s][info][gc,phases   ] GC(1) Y: Concurrent Relocate 9.338ms
[2026-04-03T02:38:32.327+0600][3.782s][info][gc,alloc    ] GC(1) Y:                         Mark Start        Mark End      Relocate Start    Relocate End   
[2026-04-03T02:38:32.327+0600][3.782s][info][gc,alloc    ] GC(1) Y: Allocation Stalls:          0                0                0                0         
[2026-04-03T02:38:32.327+0600][3.782s][info][gc,load     ] GC(1) Y: Load: 4.95 (41%) / 5.26 (44%) / 5.61 (47%)
[2026-04-03T02:38:32.327+0600][3.782s][info][gc,mmu      ] GC(1) Y: MMU: 2ms/98.9%, 5ms/99.4%, 10ms/99.6%, 20ms/99.7%, 50ms/99.8%, 100ms/99.9%
[2026-04-03T02:38:32.327+0600][3.782s][info][gc,marking  ] GC(1) Y: Mark: 2 stripe(s), 4 proactive flush(es), 1 terminate flush(es), 0 completion(s), 0 continuation(s) 
[2026-04-03T02:38:32.327+0600][3.782s][info][gc,marking  ] GC(1) Y: Mark Stack Usage: 32M
[2026-04-03T02:38:32.327+0600][3.782s][info][gc,nmethod  ] GC(1) Y: NMethods: 1598 registered, 0 unregistered
[2026-04-03T02:38:32.327+0600][3.782s][info][gc,metaspace] GC(1) Y: Metaspace: 16M used, 16M committed, 1088M reserved
[2026-04-03T02:38:32.327+0600][3.782s][info][gc,reloc    ] GC(1) Y:                        Candidates     Selected     In-Place         Size        Empty    Relocated 
[2026-04-03T02:38:32.327+0600][3.782s][info][gc,reloc    ] GC(1) Y: Small Pages:                  159          151            0         318M           0M           6M 
[2026-04-03T02:38:32.327+0600][3.782s][info][gc,reloc    ] GC(1) Y: Medium Pages:                   1            0            0          32M           0M           0M 
[2026-04-03T02:38:32.327+0600][3.782s][info][gc,reloc    ] GC(1) Y: Large Pages:                    0            0            0           0M           0M           0M 
[2026-04-03T02:38:32.327+0600][3.782s][info][gc,reloc    ] GC(1) Y: Forwarding Usage: 1M
[2026-04-03T02:38:32.327+0600][3.782s][info][gc,reloc    ] GC(1) Y: Age Table:
[2026-04-03T02:38:32.327+0600][3.783s][info][gc,reloc    ] GC(1) Y:                    Live             Garbage             Small              Medium             Large        
[2026-04-03T02:38:32.327+0600][3.783s][info][gc,reloc    ] GC(1) Y: Eden              14M (1%)          323M (19%)        153 / 148            1 / 0              0 / 0        
[2026-04-03T02:38:32.327+0600][3.783s][info][gc,reloc    ] GC(1) Y: Survivor 1         3M (0%)            8M (0%)           6 / 3              0 / 0              0 / 0        
[2026-04-03T02:38:32.327+0600][3.783s][info][gc,heap     ] GC(1) Y: Min Capacity: 8M(0%)
[2026-04-03T02:38:32.327+0600][3.783s][info][gc,heap     ] GC(1) Y: Max Capacity: 1750M(100%)
[2026-04-03T02:38:32.327+0600][3.783s][info][gc,heap     ] GC(1) Y: Soft Max Capacity: 1750M(100%)
[2026-04-03T02:38:32.327+0600][3.783s][info][gc,heap     ] GC(1) Y: Heap Statistics:
[2026-04-03T02:38:32.327+0600][3.783s][info][gc,heap     ] GC(1) Y:                Mark Start          Mark End        Relocate Start      Relocate End           High               Low         
[2026-04-03T02:38:32.327+0600][3.783s][info][gc,heap     ] GC(1) Y:  Capacity:      350M (20%)         352M (20%)         352M (20%)         364M (21%)         364M (21%)         350M (20%)    
[2026-04-03T02:38:32.327+0600][3.783s][info][gc,heap     ] GC(1) Y:      Free:     1400M (80%)        1398M (80%)        1398M (80%)        1686M (96%)        1686M (96%)        1386M (79%)    
[2026-04-03T02:38:32.327+0600][3.783s][info][gc,heap     ] GC(1) Y:      Used:      350M (20%)         352M (20%)         352M (20%)          64M (4%)          364M (21%)          64M (4%)     
[2026-04-03T02:38:32.327+0600][3.783s][info][gc,heap     ] GC(1) Y: Young Generation Statistics:
[2026-04-03T02:38:32.327+0600][3.783s][info][gc,heap     ] GC(1) Y:                Mark Start          Mark End        Relocate Start      Relocate End    
[2026-04-03T02:38:32.327+0600][3.783s][info][gc,heap     ] GC(1) Y:      Used:      350M (20%)         352M (20%)         352M (20%)          64M (4%)     
[2026-04-03T02:38:32.327+0600][3.783s][info][gc,heap     ] GC(1) Y:      Live:         -                17M (1%)           17M (1%)           17M (1%)     
[2026-04-03T02:38:32.327+0600][3.783s][info][gc,heap     ] GC(1) Y:   Garbage:         -               332M (19%)         332M (19%)          28M (2%)     
[2026-04-03T02:38:32.327+0600][3.783s][info][gc,heap     ] GC(1) Y: Allocated:         -                 2M (0%)            2M (0%)           17M (1%)     
[2026-04-03T02:38:32.327+0600][3.783s][info][gc,heap     ] GC(1) Y: Reclaimed:         -                  -                 0M (0%)          303M (17%)    
[2026-04-03T02:38:32.327+0600][3.783s][info][gc,heap     ] GC(1) Y:  Promoted:         -                  -                 0M (0%)            0M (0%)     
[2026-04-03T02:38:32.327+0600][3.783s][info][gc,heap     ] GC(1) Y: Compacted:         -                  -                  -                10M (1%)     
[2026-04-03T02:38:32.327+0600][3.783s][info][gc,phases   ] GC(1) Y: Young Generation 350M(20%)->64M(4%) 0.029s
[2026-04-03T02:38:32.327+0600][3.783s][info][gc,phases   ] GC(1) O: Old Generation
[2026-04-03T02:38:32.328+0600][3.784s][info][gc,phases   ] GC(1) O: Concurrent Mark 1.082ms
[2026-04-03T02:38:32.329+0600][3.784s][info][gc,phases   ] GC(1) O: Pause Mark End 0.021ms
[2026-04-03T02:38:32.329+0600][3.784s][info][gc,phases   ] GC(1) O: Concurrent Mark Free 0.002ms
[2026-04-03T02:38:32.334+0600][3.790s][info][gc,phases   ] GC(1) O: Concurrent Process Non-Strong 5.481ms
[2026-04-03T02:38:32.334+0600][3.790s][info][gc,phases   ] GC(1) O: Concurrent Reset Relocation Set 0.001ms
[2026-04-03T02:38:32.336+0600][3.791s][info][gc,phases   ] GC(1) O: Concurrent Select Relocation Set 1.619ms
[2026-04-03T02:38:32.336+0600][3.791s][info][gc,task     ] GC(1) O: Using 3 Workers for Old Generation
[2026-04-03T02:38:32.349+0600][3.805s][info][gc,task     ] GC(1) O: Using 1 Workers for Old Generation
[2026-04-03T02:38:32.349+0600][3.805s][info][gc,phases   ] GC(1) O: Concurrent Remap Roots 13.534ms
[2026-04-03T02:38:32.350+0600][3.805s][info][gc,phases   ] GC(1) O: Pause Relocate Start 0.018ms
[2026-04-03T02:38:32.350+0600][3.805s][info][gc,phases   ] GC(1) O: Concurrent Relocate 0.145ms
[2026-04-03T02:38:32.350+0600][3.805s][info][gc,alloc    ] GC(1) O:                         Mark Start        Mark End      Relocate Start    Relocate End   
[2026-04-03T02:38:32.350+0600][3.805s][info][gc,alloc    ] GC(1) O: Allocation Stalls:          0                0                0                0         
[2026-04-03T02:38:32.350+0600][3.805s][info][gc,load     ] GC(1) O: Load: 4.95 (41%) / 5.26 (44%) / 5.61 (47%)
[2026-04-03T02:38:32.350+0600][3.805s][info][gc,mmu      ] GC(1) O: MMU: 2ms/98.9%, 5ms/99.4%, 10ms/99.6%, 20ms/99.7%, 50ms/99.8%, 100ms/99.9%
[2026-04-03T02:38:32.350+0600][3.805s][info][gc,marking  ] GC(1) O: Mark: 1 stripe(s), 1 proactive flush(es), 1 terminate flush(es), 0 completion(s), 0 continuation(s) 
[2026-04-03T02:38:32.350+0600][3.805s][info][gc,marking  ] GC(1) O: Mark Stack Usage: 0M
[2026-04-03T02:38:32.350+0600][3.805s][info][gc,nmethod  ] GC(1) O: NMethods: 1472 registered, 132 unregistered
[2026-04-03T02:38:32.350+0600][3.806s][info][gc,metaspace] GC(1) O: Metaspace: 16M used, 16M committed, 1088M reserved
[2026-04-03T02:38:32.350+0600][3.806s][info][gc,ref      ] GC(1) O:                       Encountered   Discovered     Enqueued 
[2026-04-03T02:38:32.350+0600][3.806s][info][gc,ref      ] GC(1) O: Soft References:              315            0            0 
[2026-04-03T02:38:32.350+0600][3.806s][info][gc,ref      ] GC(1) O: Weak References:             1288            0            0 
[2026-04-03T02:38:32.350+0600][3.806s][info][gc,ref      ] GC(1) O: Final References:               0            0            0 
[2026-04-03T02:38:32.350+0600][3.806s][info][gc,ref      ] GC(1) O: Phantom References:           557            0            0 
[2026-04-03T02:38:32.350+0600][3.806s][info][gc,heap     ] GC(1) O: Min Capacity: 8M(0%)
[2026-04-03T02:38:32.350+0600][3.806s][info][gc,heap     ] GC(1) O: Max Capacity: 1750M(100%)
[2026-04-03T02:38:32.350+0600][3.806s][info][gc,heap     ] GC(1) O: Soft Max Capacity: 1750M(100%)
[2026-04-03T02:38:32.350+0600][3.806s][info][gc,heap     ] GC(1) O: Heap Statistics:
[2026-04-03T02:38:32.350+0600][3.806s][info][gc,heap     ] GC(1) O:                Mark Start          Mark End        Relocate Start      Relocate End           High               Low         
[2026-04-03T02:38:32.350+0600][3.806s][info][gc,heap     ] GC(1) O:  Capacity:      350M (20%)         364M (21%)         364M (21%)         364M (21%)         364M (21%)         350M (20%)    
[2026-04-03T02:38:32.350+0600][3.806s][info][gc,heap     ] GC(1) O:      Free:     1400M (80%)        1686M (96%)        1686M (96%)        1686M (96%)        1686M (96%)        1386M (79%)    
[2026-04-03T02:38:32.350+0600][3.806s][info][gc,heap     ] GC(1) O:      Used:      350M (20%)          64M (4%)           64M (4%)           64M (4%)          364M (21%)          64M (4%)     
[2026-04-03T02:38:32.350+0600][3.806s][info][gc,heap     ] GC(1) O: Old Generation Statistics:
[2026-04-03T02:38:32.350+0600][3.806s][info][gc,heap     ] GC(1) O:                Mark Start          Mark End        Relocate Start      Relocate End    
[2026-04-03T02:38:32.350+0600][3.806s][info][gc,heap     ] GC(1) O:      Used:        0M (0%)            0M (0%)            0M (0%)            0M (0%)     
[2026-04-03T02:38:32.350+0600][3.806s][info][gc,heap     ] GC(1) O:      Live:         -                 0M (0%)            0M (0%)            0M (0%)     
[2026-04-03T02:38:32.350+0600][3.806s][info][gc,heap     ] GC(1) O:   Garbage:         -                 0M (0%)            0M (0%)            0M (0%)     
[2026-04-03T02:38:32.350+0600][3.806s][info][gc,heap     ] GC(1) O: Allocated:         -                 0M (0%)            0M (0%)            0M (0%)     
[2026-04-03T02:38:32.350+0600][3.806s][info][gc,heap     ] GC(1) O: Reclaimed:         -                  -                 0M (0%)            0M (0%)     
[2026-04-03T02:38:32.350+0600][3.806s][info][gc,heap     ] GC(1) O: Compacted:         -                  -                  -                 0M (0%)     
[2026-04-03T02:38:32.350+0600][3.806s][info][gc,phases   ] GC(1) O: Old Generation 64M(4%)->64M(4%) 0.023s
[2026-04-03T02:38:32.350+0600][3.806s][info][gc          ] GC(1) Major Collection (Warmup) 350M(20%)->64M(4%) 0.053s
[2026-04-03T02:38:33.391+0600][4.847s][info][gc          ] GC(2) Major Collection (Metadata GC Threshold)
[2026-04-03T02:38:33.391+0600][4.847s][info][gc,task     ] GC(2) Using 1 Workers for Young Generation
[2026-04-03T02:38:33.391+0600][4.847s][info][gc,task     ] GC(2) Using 1 Workers for Old Generation
[2026-04-03T02:38:33.391+0600][4.847s][info][gc,phases   ] GC(2) Y: Young Generation
[2026-04-03T02:38:33.392+0600][4.847s][info][gc,phases   ] GC(2) Y: Pause Mark Start (Major) 0.023ms
[2026-04-03T02:38:33.426+0600][4.881s][info][gc,phases   ] GC(2) Y: Concurrent Mark 34.273ms
[2026-04-03T02:38:33.426+0600][4.882s][info][gc,phases   ] GC(2) Y: Pause Mark End 0.019ms
[2026-04-03T02:38:33.426+0600][4.882s][info][gc,phases   ] GC(2) Y: Concurrent Mark Free 0.002ms
[2026-04-03T02:38:33.426+0600][4.882s][info][gc,phases   ] GC(2) Y: Concurrent Reset Relocation Set 0.008ms
[2026-04-03T02:38:33.428+0600][4.883s][info][gc,reloc    ] GC(2) Y: Using tenuring threshold: 3 (Computed)
[2026-04-03T02:38:33.429+0600][4.885s][info][gc,phases   ] GC(2) Y: Concurrent Select Relocation Set 2.872ms
[2026-04-03T02:38:33.430+0600][4.885s][info][gc,phases   ] GC(2) Y: Pause Relocate Start 0.018ms
[2026-04-03T02:38:33.440+0600][4.895s][info][gc,phases   ] GC(2) Y: Concurrent Relocate 10.324ms
[2026-04-03T02:38:33.440+0600][4.895s][info][gc,alloc    ] GC(2) Y:                         Mark Start        Mark End      Relocate Start    Relocate End   
[2026-04-03T02:38:33.440+0600][4.895s][info][gc,alloc    ] GC(2) Y: Allocation Stalls:          0                0                0                0         
[2026-04-03T02:38:33.440+0600][4.895s][info][gc,load     ] GC(2) Y: Load: 4.95 (41%) / 5.26 (44%) / 5.61 (47%)
[2026-04-03T02:38:33.440+0600][4.895s][info][gc,mmu      ] GC(2) Y: MMU: 2ms/98.8%, 5ms/99.3%, 10ms/99.6%, 20ms/99.7%, 50ms/99.8%, 100ms/99.9%
[2026-04-03T02:38:33.440+0600][4.895s][info][gc,marking  ] GC(2) Y: Mark: 1 stripe(s), 2 proactive flush(es), 1 terminate flush(es), 0 completion(s), 0 continuation(s) 
[2026-04-03T02:38:33.440+0600][4.895s][info][gc,marking  ] GC(2) Y: Mark Stack Usage: 32M
[2026-04-03T02:38:33.440+0600][4.895s][info][gc,nmethod  ] GC(2) Y: NMethods: 2391 registered, 132 unregistered
[2026-04-03T02:38:33.440+0600][4.895s][info][gc,metaspace] GC(2) Y: Metaspace: 27M used, 28M committed, 1088M reserved
[2026-04-03T02:38:33.440+0600][4.895s][info][gc,reloc    ] GC(2) Y:                        Candidates     Selected     In-Place         Size        Empty    Relocated 
[2026-04-03T02:38:33.440+0600][4.895s][info][gc,reloc    ] GC(2) Y: Small Pages:                   61           50            0         122M           2M           4M 
[2026-04-03T02:38:33.440+0600][4.895s][info][gc,reloc    ] GC(2) Y: Medium Pages:                   2            0            0          64M          32M           0M 
[2026-04-03T02:38:33.440+0600][4.895s][info][gc,reloc    ] GC(2) Y: Large Pages:                    0            0            0           0M           0M           0M 
[2026-04-03T02:38:33.440+0600][4.896s][info][gc,reloc    ] GC(2) Y: Forwarding Usage: 2M
[2026-04-03T02:38:33.440+0600][4.896s][info][gc,reloc    ] GC(2) Y: Age Table:
[2026-04-03T02:38:33.440+0600][4.896s][info][gc,reloc    ] GC(2) Y:                    Live             Garbage             Small              Medium             Large        
[2026-04-03T02:38:33.440+0600][4.896s][info][gc,reloc    ] GC(2) Y: Eden               3M (0%)          120M (7%)          46 / 45             1 / 0              0 / 0        
[2026-04-03T02:38:33.440+0600][4.896s][info][gc,reloc    ] GC(2) Y: Survivor 1        14M (1%)           33M (2%)           8 / 2              1 / 0              0 / 0        
[2026-04-03T02:38:33.440+0600][4.896s][info][gc,reloc    ] GC(2) Y: Survivor 2         3M (0%)           10M (1%)           7 / 3              0 / 0              0 / 0        
[2026-04-03T02:38:33.440+0600][4.896s][info][gc,heap     ] GC(2) Y: Min Capacity: 8M(0%)
[2026-04-03T02:38:33.440+0600][4.896s][info][gc,heap     ] GC(2) Y: Max Capacity: 1750M(100%)
[2026-04-03T02:38:33.440+0600][4.896s][info][gc,heap     ] GC(2) Y: Soft Max Capacity: 1750M(100%)
[2026-04-03T02:38:33.440+0600][4.896s][info][gc,heap     ] GC(2) Y: Heap Statistics:
[2026-04-03T02:38:33.440+0600][4.896s][info][gc,heap     ] GC(2) Y:                Mark Start          Mark End        Relocate Start      Relocate End           High               Low         
[2026-04-03T02:38:33.440+0600][4.896s][info][gc,heap     ] GC(2) Y:  Capacity:      396M (23%)         396M (23%)         396M (23%)         396M (23%)         396M (23%)         396M (23%)    
[2026-04-03T02:38:33.440+0600][4.896s][info][gc,heap     ] GC(2) Y:      Free:     1564M (89%)        1562M (89%)        1596M (91%)        1690M (97%)        1690M (97%)        1562M (89%)    
[2026-04-03T02:38:33.440+0600][4.896s][info][gc,heap     ] GC(2) Y:      Used:      186M (11%)         188M (11%)         154M (9%)           60M (3%)          188M (11%)          60M (3%)     
[2026-04-03T02:38:33.440+0600][4.896s][info][gc,heap     ] GC(2) Y: Young Generation Statistics:
[2026-04-03T02:38:33.440+0600][4.896s][info][gc,heap     ] GC(2) Y:                Mark Start          Mark End        Relocate Start      Relocate End    
[2026-04-03T02:38:33.440+0600][4.896s][info][gc,heap     ] GC(2) Y:      Used:      186M (11%)         188M (11%)         154M (9%)           60M (3%)     
[2026-04-03T02:38:33.440+0600][4.896s][info][gc,heap     ] GC(2) Y:      Live:         -                21M (1%)           21M (1%)           21M (1%)     
[2026-04-03T02:38:33.440+0600][4.896s][info][gc,heap     ] GC(2) Y:   Garbage:         -               164M (9%)          130M (7%)           28M (2%)     
[2026-04-03T02:38:33.440+0600][4.896s][info][gc,heap     ] GC(2) Y: Allocated:         -                 2M (0%)            2M (0%)            9M (1%)     
[2026-04-03T02:38:33.440+0600][4.896s][info][gc,heap     ] GC(2) Y: Reclaimed:         -                  -                34M (2%)          135M (8%)     
[2026-04-03T02:38:33.440+0600][4.896s][info][gc,heap     ] GC(2) Y:  Promoted:         -                  -                 0M (0%)            0M (0%)     
[2026-04-03T02:38:33.440+0600][4.896s][info][gc,heap     ] GC(2) Y: Compacted:         -                  -                  -                 6M (0%)     
[2026-04-03T02:38:33.440+0600][4.896s][info][gc,phases   ] GC(2) Y: Young Generation 186M(11%)->60M(3%) 0.049s
[2026-04-03T02:38:33.440+0600][4.896s][info][gc,phases   ] GC(2) O: Old Generation
[2026-04-03T02:38:33.442+0600][4.897s][info][gc,phases   ] GC(2) O: Concurrent Mark 1.756ms
[2026-04-03T02:38:33.442+0600][4.898s][info][gc,phases   ] GC(2) O: Pause Mark End 0.021ms
[2026-04-03T02:38:33.442+0600][4.898s][info][gc,phases   ] GC(2) O: Concurrent Mark Free 0.001ms
[2026-04-03T02:38:33.449+0600][4.905s][info][gc,phases   ] GC(2) O: Concurrent Process Non-Strong 6.969ms
[2026-04-03T02:38:33.449+0600][4.905s][info][gc,phases   ] GC(2) O: Concurrent Reset Relocation Set 0.001ms
[2026-04-03T02:38:33.451+0600][4.906s][info][gc,phases   ] GC(2) O: Concurrent Select Relocation Set 1.578ms
[2026-04-03T02:38:33.451+0600][4.906s][info][gc,task     ] GC(2) O: Using 2 Workers for Old Generation
[2026-04-03T02:38:33.470+0600][4.925s][info][gc,task     ] GC(2) O: Using 1 Workers for Old Generation
[2026-04-03T02:38:33.470+0600][4.926s][info][gc,phases   ] GC(2) O: Concurrent Remap Roots 19.219ms
[2026-04-03T02:38:33.470+0600][4.926s][info][gc,phases   ] GC(2) O: Pause Relocate Start 0.021ms
[2026-04-03T02:38:33.470+0600][4.926s][info][gc,phases   ] GC(2) O: Concurrent Relocate 0.058ms
[2026-04-03T02:38:33.470+0600][4.926s][info][gc,alloc    ] GC(2) O:                         Mark Start        Mark End      Relocate Start    Relocate End   
[2026-04-03T02:38:33.471+0600][4.926s][info][gc,alloc    ] GC(2) O: Allocation Stalls:          0                0                0                0         
[2026-04-03T02:38:33.471+0600][4.926s][info][gc,load     ] GC(2) O: Load: 4.95 (41%) / 5.26 (44%) / 5.61 (47%)
[2026-04-03T02:38:33.471+0600][4.926s][info][gc,mmu      ] GC(2) O: MMU: 2ms/98.8%, 5ms/99.3%, 10ms/99.6%, 20ms/99.7%, 50ms/99.8%, 100ms/99.9%
[2026-04-03T02:38:33.471+0600][4.926s][info][gc,marking  ] GC(2) O: Mark: 1 stripe(s), 1 proactive flush(es), 1 terminate flush(es), 0 completion(s), 0 continuation(s) 
[2026-04-03T02:38:33.471+0600][4.926s][info][gc,marking  ] GC(2) O: Mark Stack Usage: 0M
[2026-04-03T02:38:33.471+0600][4.926s][info][gc,nmethod  ] GC(2) O: NMethods: 2240 registered, 283 unregistered
[2026-04-03T02:38:33.471+0600][4.926s][info][gc,metaspace] GC(2) O: Metaspace: 27M used, 28M committed, 1088M reserved
[2026-04-03T02:38:33.471+0600][4.926s][info][gc,ref      ] GC(2) O:                       Encountered   Discovered     Enqueued 
[2026-04-03T02:38:33.471+0600][4.926s][info][gc,ref      ] GC(2) O: Soft References:             3748            0            0 
[2026-04-03T02:38:33.471+0600][4.926s][info][gc,ref      ] GC(2) O: Weak References:             2392            0            0 
[2026-04-03T02:38:33.471+0600][4.926s][info][gc,ref      ] GC(2) O: Final References:               0            0            0 
[2026-04-03T02:38:33.471+0600][4.926s][info][gc,ref      ] GC(2) O: Phantom References:           563            0            0 
[2026-04-03T02:38:33.471+0600][4.926s][info][gc,heap     ] GC(2) O: Min Capacity: 8M(0%)
[2026-04-03T02:38:33.471+0600][4.926s][info][gc,heap     ] GC(2) O: Max Capacity: 1750M(100%)
[2026-04-03T02:38:33.471+0600][4.926s][info][gc,heap     ] GC(2) O: Soft Max Capacity: 1750M(100%)
[2026-04-03T02:38:33.471+0600][4.926s][info][gc,heap     ] GC(2) O: Heap Statistics:
[2026-04-03T02:38:33.471+0600][4.926s][info][gc,heap     ] GC(2) O:                Mark Start          Mark End        Relocate Start      Relocate End           High               Low         
[2026-04-03T02:38:33.471+0600][4.926s][info][gc,heap     ] GC(2) O:  Capacity:      396M (23%)         396M (23%)         396M (23%)         396M (23%)         396M (23%)         396M (23%)    
[2026-04-03T02:38:33.471+0600][4.926s][info][gc,heap     ] GC(2) O:      Free:     1564M (89%)        1690M (97%)        1690M (97%)        1690M (97%)        1690M (97%)        1562M (89%)    
[2026-04-03T02:38:33.471+0600][4.926s][info][gc,heap     ] GC(2) O:      Used:      186M (11%)          60M (3%)           60M (3%)           60M (3%)          188M (11%)          60M (3%)     
[2026-04-03T02:38:33.471+0600][4.926s][info][gc,heap     ] GC(2) O: Old Generation Statistics:
[2026-04-03T02:38:33.471+0600][4.926s][info][gc,heap     ] GC(2) O:                Mark Start          Mark End        Relocate Start      Relocate End    
[2026-04-03T02:38:33.471+0600][4.926s][info][gc,heap     ] GC(2) O:      Used:        0M (0%)            0M (0%)            0M (0%)            0M (0%)     
[2026-04-03T02:38:33.471+0600][4.926s][info][gc,heap     ] GC(2) O:      Live:         -                 0M (0%)            0M (0%)            0M (0%)     
[2026-04-03T02:38:33.471+0600][4.926s][info][gc,heap     ] GC(2) O:   Garbage:         -                 0M (0%)            0M (0%)            0M (0%)     
[2026-04-03T02:38:33.471+0600][4.926s][info][gc,heap     ] GC(2) O: Allocated:         -                 0M (0%)            0M (0%)            0M (0%)     
[2026-04-03T02:38:33.471+0600][4.926s][info][gc,heap     ] GC(2) O: Reclaimed:         -                  -                 0M (0%)            0M (0%)     
[2026-04-03T02:38:33.471+0600][4.926s][info][gc,heap     ] GC(2) O: Compacted:         -                  -                  -                 0M (0%)     
[2026-04-03T02:38:33.471+0600][4.926s][info][gc,phases   ] GC(2) O: Old Generation 60M(3%)->60M(3%) 0.030s
[2026-04-03T02:38:33.471+0600][4.926s][info][gc          ] GC(2) Major Collection (Metadata GC Threshold) 186M(11%)->60M(3%) 0.080s
[2026-04-03T02:38:37.347+0600][8.802s][info][gc          ] GC(3) Major Collection (Metadata GC Threshold)
[2026-04-03T02:38:37.347+0600][8.802s][info][gc,task     ] GC(3) Using 1 Workers for Young Generation
[2026-04-03T02:38:37.347+0600][8.802s][info][gc,task     ] GC(3) Using 1 Workers for Old Generation
[2026-04-03T02:38:37.347+0600][8.802s][info][gc,phases   ] GC(3) Y: Young Generation
[2026-04-03T02:38:37.347+0600][8.803s][info][gc,phases   ] GC(3) Y: Pause Mark Start (Major) 0.021ms
[2026-04-03T02:38:37.407+0600][8.862s][info][gc,phases   ] GC(3) Y: Concurrent Mark 58.974ms
[2026-04-03T02:38:37.407+0600][8.862s][info][gc,phases   ] GC(3) Y: Pause Mark End 0.020ms
[2026-04-03T02:38:37.407+0600][8.862s][info][gc,phases   ] GC(3) Y: Concurrent Mark Free 0.002ms
[2026-04-03T02:38:37.407+0600][8.862s][info][gc,phases   ] GC(3) Y: Concurrent Reset Relocation Set 0.007ms
[2026-04-03T02:38:37.408+0600][8.864s][info][gc,reloc    ] GC(3) Y: Using tenuring threshold: 4 (Computed)
[2026-04-03T02:38:37.410+0600][8.865s][info][gc,phases   ] GC(3) Y: Concurrent Select Relocation Set 2.704ms
[2026-04-03T02:38:37.410+0600][8.865s][info][gc,phases   ] GC(3) Y: Pause Relocate Start 0.015ms
[2026-04-03T02:38:37.432+0600][8.888s][info][gc,phases   ] GC(3) Y: Concurrent Relocate 22.083ms
[2026-04-03T02:38:37.432+0600][8.888s][info][gc,alloc    ] GC(3) Y:                         Mark Start        Mark End      Relocate Start    Relocate End   
[2026-04-03T02:38:37.432+0600][8.888s][info][gc,alloc    ] GC(3) Y: Allocation Stalls:          0                0                0                0         
[2026-04-03T02:38:37.432+0600][8.888s][info][gc,load     ] GC(3) Y: Load: 4.63 (39%) / 5.19 (43%) / 5.59 (47%)
[2026-04-03T02:38:37.432+0600][8.888s][info][gc,mmu      ] GC(3) Y: MMU: 2ms/98.8%, 5ms/99.3%, 10ms/99.6%, 20ms/99.7%, 50ms/99.8%, 100ms/99.9%
[2026-04-03T02:38:37.432+0600][8.888s][info][gc,marking  ] GC(3) Y: Mark: 1 stripe(s), 2 proactive flush(es), 1 terminate flush(es), 0 completion(s), 0 continuation(s) 
[2026-04-03T02:38:37.432+0600][8.888s][info][gc,marking  ] GC(3) Y: Mark Stack Usage: 32M
[2026-04-03T02:38:37.432+0600][8.888s][info][gc,nmethod  ] GC(3) Y: NMethods: 3096 registered, 0 unregistered
[2026-04-03T02:38:37.432+0600][8.888s][info][gc,metaspace] GC(3) Y: Metaspace: 47M used, 47M committed, 1088M reserved
[2026-04-03T02:38:37.432+0600][8.888s][info][gc,reloc    ] GC(3) Y:                        Candidates     Selected     In-Place         Size        Empty    Relocated 
[2026-04-03T02:38:37.432+0600][8.888s][info][gc,reloc    ] GC(3) Y: Small Pages:                  103           89            0         206M           0M           7M 
[2026-04-03T02:38:37.432+0600][8.888s][info][gc,reloc    ] GC(3) Y: Medium Pages:                   2            1            0          64M           0M           5M 
[2026-04-03T02:38:37.432+0600][8.888s][info][gc,reloc    ] GC(3) Y: Large Pages:                    0            0            0           0M           0M           0M 
[2026-04-03T02:38:37.432+0600][8.888s][info][gc,reloc    ] GC(3) Y: Forwarding Usage: 2M
[2026-04-03T02:38:37.432+0600][8.888s][info][gc,reloc    ] GC(3) Y: Age Table:
[2026-04-03T02:38:37.432+0600][8.888s][info][gc,reloc    ] GC(3) Y:                    Live             Garbage             Small              Medium             Large        
[2026-04-03T02:38:37.432+0600][8.888s][info][gc,reloc    ] GC(3) Y: Eden               8M (0%)          203M (12%)         90 / 86             1 / 0              0 / 0        
[2026-04-03T02:38:37.432+0600][8.888s][info][gc,reloc    ] GC(3) Y: Survivor 1         3M (0%)            2M (0%)           3 / 0              0 / 0              0 / 0        
[2026-04-03T02:38:37.432+0600][8.888s][info][gc,reloc    ] GC(3) Y: Survivor 2        13M (1%)           30M (2%)           6 / 1              1 / 1              0 / 0        
[2026-04-03T02:38:37.432+0600][8.888s][info][gc,reloc    ] GC(3) Y: Survivor 3         3M (0%)            4M (0%)           4 / 2              0 / 0              0 / 0        
[2026-04-03T02:38:37.432+0600][8.888s][info][gc,heap     ] GC(3) Y: Min Capacity: 8M(0%)
[2026-04-03T02:38:37.432+0600][8.888s][info][gc,heap     ] GC(3) Y: Max Capacity: 1750M(100%)
[2026-04-03T02:38:37.432+0600][8.888s][info][gc,heap     ] GC(3) Y: Soft Max Capacity: 1750M(100%)
[2026-04-03T02:38:37.432+0600][8.888s][info][gc,heap     ] GC(3) Y: Heap Statistics:
[2026-04-03T02:38:37.432+0600][8.888s][info][gc,heap     ] GC(3) Y:                Mark Start          Mark End        Relocate Start      Relocate End           High               Low         
[2026-04-03T02:38:37.432+0600][8.888s][info][gc,heap     ] GC(3) Y:  Capacity:      396M (23%)         396M (23%)         396M (23%)         428M (24%)         428M (24%)         396M (23%)    
[2026-04-03T02:38:37.432+0600][8.888s][info][gc,heap     ] GC(3) Y:      Free:     1480M (85%)        1470M (84%)        1470M (84%)        1628M (93%)        1628M (93%)        1426M (81%)    
[2026-04-03T02:38:37.432+0600][8.888s][info][gc,heap     ] GC(3) Y:      Used:      270M (15%)         280M (16%)         280M (16%)         122M (7%)          324M (19%)         122M (7%)     
[2026-04-03T02:38:37.432+0600][8.888s][info][gc,heap     ] GC(3) Y: Young Generation Statistics:
[2026-04-03T02:38:37.432+0600][8.888s][info][gc,heap     ] GC(3) Y:                Mark Start          Mark End        Relocate Start      Relocate End    
[2026-04-03T02:38:37.432+0600][8.888s][info][gc,heap     ] GC(3) Y:      Used:      270M (15%)         280M (16%)         280M (16%)         122M (7%)     
[2026-04-03T02:38:37.432+0600][8.888s][info][gc,heap     ] GC(3) Y:      Live:         -                30M (2%)           30M (2%)           30M (2%)     
[2026-04-03T02:38:37.432+0600][8.888s][info][gc,heap     ] GC(3) Y:   Garbage:         -               239M (14%)         239M (14%)           2M (0%)     
[2026-04-03T02:38:37.432+0600][8.888s][info][gc,heap     ] GC(3) Y: Allocated:         -                10M (1%)           10M (1%)           89M (5%)     
[2026-04-03T02:38:37.432+0600][8.888s][info][gc,heap     ] GC(3) Y: Reclaimed:         -                  -                 0M (0%)          237M (14%)    
[2026-04-03T02:38:37.432+0600][8.888s][info][gc,heap     ] GC(3) Y:  Promoted:         -                  -                 0M (0%)            0M (0%)     
[2026-04-03T02:38:37.432+0600][8.888s][info][gc,heap     ] GC(3) Y: Compacted:         -                  -                  -                14M (1%)     
[2026-04-03T02:38:37.432+0600][8.888s][info][gc,phases   ] GC(3) Y: Young Generation 270M(15%)->122M(7%) 0.085s
[2026-04-03T02:38:37.432+0600][8.888s][info][gc,phases   ] GC(3) O: Old Generation
[2026-04-03T02:38:37.435+0600][8.890s][info][gc,phases   ] GC(3) O: Concurrent Mark 2.386ms
[2026-04-03T02:38:37.435+0600][8.891s][info][gc,phases   ] GC(3) O: Pause Mark End 0.027ms
[2026-04-03T02:38:37.436+0600][8.891s][info][gc,phases   ] GC(3) O: Concurrent Mark Free 0.002ms
[2026-04-03T02:38:37.444+0600][8.900s][info][gc,phases   ] GC(3) O: Concurrent Process Non-Strong 8.832ms
[2026-04-03T02:38:37.445+0600][8.900s][info][gc,phases   ] GC(3) O: Concurrent Reset Relocation Set 0.001ms
[2026-04-03T02:38:37.446+0600][8.901s][info][gc,phases   ] GC(3) O: Concurrent Select Relocation Set 1.471ms
[2026-04-03T02:38:37.446+0600][8.901s][info][gc,task     ] GC(3) O: Using 2 Workers for Old Generation
[2026-04-03T02:38:37.467+0600][8.923s][info][gc,task     ] GC(3) O: Using 1 Workers for Old Generation
[2026-04-03T02:38:37.467+0600][8.923s][info][gc,phases   ] GC(3) O: Concurrent Remap Roots 21.448ms
[2026-04-03T02:38:37.468+0600][8.923s][info][gc,phases   ] GC(3) O: Pause Relocate Start 0.030ms
[2026-04-03T02:38:37.468+0600][8.924s][info][gc,phases   ] GC(3) O: Concurrent Relocate 0.225ms
[2026-04-03T02:38:37.468+0600][8.924s][info][gc,alloc    ] GC(3) O:                         Mark Start        Mark End      Relocate Start    Relocate End   
[2026-04-03T02:38:37.468+0600][8.924s][info][gc,alloc    ] GC(3) O: Allocation Stalls:          0                0                0                0         
[2026-04-03T02:38:37.468+0600][8.924s][info][gc,load     ] GC(3) O: Load: 4.63 (39%) / 5.19 (43%) / 5.59 (47%)
[2026-04-03T02:38:37.468+0600][8.924s][info][gc,mmu      ] GC(3) O: MMU: 2ms/98.5%, 5ms/99.3%, 10ms/99.6%, 20ms/99.7%, 50ms/99.8%, 100ms/99.9%
[2026-04-03T02:38:37.468+0600][8.924s][info][gc,marking  ] GC(3) O: Mark: 1 stripe(s), 1 proactive flush(es), 1 terminate flush(es), 0 completion(s), 0 continuation(s) 
[2026-04-03T02:38:37.468+0600][8.924s][info][gc,marking  ] GC(3) O: Mark Stack Usage: 0M
[2026-04-03T02:38:37.468+0600][8.924s][info][gc,nmethod  ] GC(3) O: NMethods: 2939 registered, 158 unregistered
[2026-04-03T02:38:37.468+0600][8.924s][info][gc,metaspace] GC(3) O: Metaspace: 47M used, 48M committed, 1088M reserved
[2026-04-03T02:38:37.468+0600][8.924s][info][gc,ref      ] GC(3) O:                       Encountered   Discovered     Enqueued 
[2026-04-03T02:38:37.468+0600][8.924s][info][gc,ref      ] GC(3) O: Soft References:             3947            0            0 
[2026-04-03T02:38:37.468+0600][8.924s][info][gc,ref      ] GC(3) O: Weak References:             3944            0            0 
[2026-04-03T02:38:37.468+0600][8.924s][info][gc,ref      ] GC(3) O: Final References:              82            0            0 
[2026-04-03T02:38:37.468+0600][8.924s][info][gc,ref      ] GC(3) O: Phantom References:           581            0            0 
[2026-04-03T02:38:37.468+0600][8.924s][info][gc,heap     ] GC(3) O: Min Capacity: 8M(0%)
[2026-04-03T02:38:37.468+0600][8.924s][info][gc,heap     ] GC(3) O: Max Capacity: 1750M(100%)
[2026-04-03T02:38:37.468+0600][8.924s][info][gc,heap     ] GC(3) O: Soft Max Capacity: 1750M(100%)
[2026-04-03T02:38:37.468+0600][8.924s][info][gc,heap     ] GC(3) O: Heap Statistics:
[2026-04-03T02:38:37.468+0600][8.924s][info][gc,heap     ] GC(3) O:                Mark Start          Mark End        Relocate Start      Relocate End           High               Low         
[2026-04-03T02:38:37.468+0600][8.924s][info][gc,heap     ] GC(3) O:  Capacity:      396M (23%)         428M (24%)         428M (24%)         428M (24%)         428M (24%)         396M (23%)    
[2026-04-03T02:38:37.468+0600][8.924s][info][gc,heap     ] GC(3) O:      Free:     1480M (85%)        1628M (93%)        1624M (93%)        1624M (93%)        1628M (93%)        1426M (81%)    
[2026-04-03T02:38:37.468+0600][8.924s][info][gc,heap     ] GC(3) O:      Used:      270M (15%)         122M (7%)          126M (7%)          126M (7%)          324M (19%)         122M (7%)     
[2026-04-03T02:38:37.468+0600][8.924s][info][gc,heap     ] GC(3) O: Old Generation Statistics:
[2026-04-03T02:38:37.468+0600][8.924s][info][gc,heap     ] GC(3) O:                Mark Start          Mark End        Relocate Start      Relocate End    
[2026-04-03T02:38:37.468+0600][8.924s][info][gc,heap     ] GC(3) O:      Used:        0M (0%)            0M (0%)            0M (0%)            0M (0%)     
[2026-04-03T02:38:37.468+0600][8.924s][info][gc,heap     ] GC(3) O:      Live:         -                 0M (0%)            0M (0%)            0M (0%)     
[2026-04-03T02:38:37.468+0600][8.924s][info][gc,heap     ] GC(3) O:   Garbage:         -                 0M (0%)            0M (0%)            0M (0%)     
[2026-04-03T02:38:37.468+0600][8.924s][info][gc,heap     ] GC(3) O: Allocated:         -                 0M (0%)            0M (0%)            0M (0%)     
[2026-04-03T02:38:37.468+0600][8.924s][info][gc,heap     ] GC(3) O: Reclaimed:         -                  -                 0M (0%)            0M (0%)     
[2026-04-03T02:38:37.468+0600][8.924s][info][gc,heap     ] GC(3) O: Compacted:         -                  -                  -                 0M (0%)     
[2026-04-03T02:38:37.469+0600][8.924s][info][gc,phases   ] GC(3) O: Old Generation 122M(7%)->126M(7%) 0.036s
[2026-04-03T02:38:37.469+0600][8.924s][info][gc          ] GC(3) Major Collection (Metadata GC Threshold) 270M(15%)->126M(7%) 0.122s
[2026-04-03T02:38:41.202+0600][12.657s][info][gc          ] GC(4) Major Collection (Metadata GC Threshold)
[2026-04-03T02:38:41.202+0600][12.657s][info][gc,task     ] GC(4) Using 1 Workers for Young Generation
[2026-04-03T02:38:41.202+0600][12.657s][info][gc,task     ] GC(4) Using 1 Workers for Old Generation
[2026-04-03T02:38:41.202+0600][12.657s][info][gc,phases   ] GC(4) Y: Young Generation
[2026-04-03T02:38:41.202+0600][12.658s][info][gc,phases   ] GC(4) Y: Pause Mark Start (Major) 0.020ms
[2026-04-03T02:38:41.315+0600][12.771s][info][gc,phases   ] GC(4) Y: Concurrent Mark 110.717ms
[2026-04-03T02:38:41.316+0600][12.771s][info][gc,phases   ] GC(4) Y: Pause Mark End 0.027ms
[2026-04-03T02:38:41.316+0600][12.771s][info][gc,phases   ] GC(4) Y: Concurrent Mark Free 0.001ms
[2026-04-03T02:38:41.316+0600][12.771s][info][gc,phases   ] GC(4) Y: Concurrent Reset Relocation Set 0.010ms
[2026-04-03T02:38:41.320+0600][12.776s][info][gc,reloc    ] GC(4) Y: Using tenuring threshold: 4 (Computed)
[2026-04-03T02:38:41.327+0600][12.783s][info][gc,phases   ] GC(4) Y: Concurrent Select Relocation Set 11.534ms
[2026-04-03T02:38:41.327+0600][12.783s][info][gc,phases   ] GC(4) Y: Pause Relocate Start 0.014ms
[2026-04-03T02:38:41.369+0600][12.824s][info][gc,phases   ] GC(4) Y: Concurrent Relocate 41.127ms
[2026-04-03T02:38:41.369+0600][12.824s][info][gc,alloc    ] GC(4) Y:                         Mark Start        Mark End      Relocate Start    Relocate End   
[2026-04-03T02:38:41.369+0600][12.824s][info][gc,alloc    ] GC(4) Y: Allocation Stalls:          0                0                0                0         
[2026-04-03T02:38:41.369+0600][12.824s][info][gc,load     ] GC(4) Y: Load: 4.34 (36%) / 5.12 (43%) / 5.56 (46%)
[2026-04-03T02:38:41.369+0600][12.824s][info][gc,mmu      ] GC(4) Y: MMU: 2ms/98.5%, 5ms/99.3%, 10ms/99.6%, 20ms/99.7%, 50ms/99.8%, 100ms/99.9%
[2026-04-03T02:38:41.369+0600][12.824s][info][gc,marking  ] GC(4) Y: Mark: 1 stripe(s), 2 proactive flush(es), 1 terminate flush(es), 0 completion(s), 0 continuation(s) 
[2026-04-03T02:38:41.369+0600][12.824s][info][gc,marking  ] GC(4) Y: Mark Stack Usage: 32M
[2026-04-03T02:38:41.369+0600][12.824s][info][gc,nmethod  ] GC(4) Y: NMethods: 4719 registered, 158 unregistered
[2026-04-03T02:38:41.369+0600][12.824s][info][gc,metaspace] GC(4) Y: Metaspace: 81M used, 81M committed, 1152M reserved
[2026-04-03T02:38:41.369+0600][12.824s][info][gc,reloc    ] GC(4) Y:                        Candidates     Selected     In-Place         Size        Empty    Relocated 
[2026-04-03T02:38:41.369+0600][12.824s][info][gc,reloc    ] GC(4) Y: Small Pages:                  188          166            0         376M           2M          12M 
[2026-04-03T02:38:41.369+0600][12.824s][info][gc,reloc    ] GC(4) Y: Medium Pages:                   3            2            0          96M           0M           6M 
[2026-04-03T02:38:41.369+0600][12.824s][info][gc,reloc    ] GC(4) Y: Large Pages:                    0            0            0           0M           0M           0M 
[2026-04-03T02:38:41.369+0600][12.824s][info][gc,reloc    ] GC(4) Y: Forwarding Usage: 5M
[2026-04-03T02:38:41.369+0600][12.824s][info][gc,reloc    ] GC(4) Y: Age Table:
[2026-04-03T02:38:41.369+0600][12.824s][info][gc,reloc    ] GC(4) Y:                    Live             Garbage             Small              Medium             Large        
[2026-04-03T02:38:41.369+0600][12.824s][info][gc,reloc    ] GC(4) Y: Eden              14M (1%)          353M (20%)        168 / 158            1 / 1              0 / 0        
[2026-04-03T02:38:41.369+0600][12.824s][info][gc,reloc    ] GC(4) Y: Survivor 1         7M (0%)           36M (2%)           6 / 2              1 / 0              0 / 0        
[2026-04-03T02:38:41.369+0600][12.824s][info][gc,reloc    ] GC(4) Y: Survivor 2         3M (0%)            2M (0%)           3 / 1              0 / 0              0 / 0        
[2026-04-03T02:38:41.369+0600][12.824s][info][gc,reloc    ] GC(4) Y: Survivor 3        13M (1%)           32M (2%)           7 / 3              1 / 1              0 / 0        
[2026-04-03T02:38:41.369+0600][12.824s][info][gc,reloc    ] GC(4) Y: Survivor 4         3M (0%)            4M (0%)           4 / 2              0 / 0              0 / 0        
[2026-04-03T02:38:41.369+0600][12.824s][info][gc,heap     ] GC(4) Y: Min Capacity: 8M(0%)
[2026-04-03T02:38:41.369+0600][12.824s][info][gc,heap     ] GC(4) Y: Max Capacity: 1750M(100%)
[2026-04-03T02:38:41.369+0600][12.824s][info][gc,heap     ] GC(4) Y: Soft Max Capacity: 1750M(100%)
[2026-04-03T02:38:41.369+0600][12.824s][info][gc,heap     ] GC(4) Y: Heap Statistics:
[2026-04-03T02:38:41.369+0600][12.824s][info][gc,heap     ] GC(4) Y:                Mark Start          Mark End        Relocate Start      Relocate End           High               Low         
[2026-04-03T02:38:41.369+0600][12.824s][info][gc,heap     ] GC(4) Y:  Capacity:      472M (27%)         498M (28%)         500M (29%)         542M (31%)         542M (31%)         472M (27%)    
[2026-04-03T02:38:41.369+0600][12.824s][info][gc,heap     ] GC(4) Y:      Free:     1278M (73%)        1252M (72%)        1252M (72%)        1566M (89%)        1566M (89%)        1208M (69%)    
[2026-04-03T02:38:41.369+0600][12.824s][info][gc,heap     ] GC(4) Y:      Used:      472M (27%)         498M (28%)         498M (28%)         184M (11%)         542M (31%)         184M (11%)    
[2026-04-03T02:38:41.369+0600][12.824s][info][gc,heap     ] GC(4) Y: Young Generation Statistics:
[2026-04-03T02:38:41.369+0600][12.824s][info][gc,heap     ] GC(4) Y:                Mark Start          Mark End        Relocate Start      Relocate End    
[2026-04-03T02:38:41.369+0600][12.824s][info][gc,heap     ] GC(4) Y:      Used:      472M (27%)         498M (28%)         494M (28%)         178M (10%)    
[2026-04-03T02:38:41.369+0600][12.824s][info][gc,heap     ] GC(4) Y:      Live:         -                44M (3%)           40M (2%)           40M (2%)     
[2026-04-03T02:38:41.369+0600][12.824s][info][gc,heap     ] GC(4) Y:   Garbage:         -               427M (24%)         425M (24%)           1M (0%)     
[2026-04-03T02:38:41.369+0600][12.825s][info][gc,heap     ] GC(4) Y: Allocated:         -                26M (1%)           28M (2%)          135M (8%)     
[2026-04-03T02:38:41.369+0600][12.825s][info][gc,heap     ] GC(4) Y: Reclaimed:         -                  -                 2M (0%)          426M (24%)    
[2026-04-03T02:38:41.369+0600][12.825s][info][gc,heap     ] GC(4) Y:  Promoted:         -                  -                 3M (0%)            3M (0%)     
[2026-04-03T02:38:41.369+0600][12.825s][info][gc,heap     ] GC(4) Y: Compacted:         -                  -                  -                22M (1%)     
[2026-04-03T02:38:41.369+0600][12.825s][info][gc,phases   ] GC(4) Y: Young Generation 472M(27%)->184M(11%) 0.167s
[2026-04-03T02:38:41.369+0600][12.825s][info][gc,phases   ] GC(4) O: Old Generation
[2026-04-03T02:38:41.370+0600][12.826s][info][gc,phases   ] GC(4) O: Concurrent Mark 1.285ms
[2026-04-03T02:38:41.371+0600][12.826s][info][gc,phases   ] GC(4) O: Pause Mark End 0.018ms
[2026-04-03T02:38:41.371+0600][12.826s][info][gc,phases   ] GC(4) O: Concurrent Mark Free 0.002ms
[2026-04-03T02:38:41.386+0600][12.841s][info][gc,phases   ] GC(4) O: Concurrent Process Non-Strong 15.182ms
[2026-04-03T02:38:41.386+0600][12.841s][info][gc,phases   ] GC(4) O: Concurrent Reset Relocation Set 0.001ms
[2026-04-03T02:38:41.391+0600][12.846s][info][gc,phases   ] GC(4) O: Concurrent Select Relocation Set 4.748ms
[2026-04-03T02:38:41.391+0600][12.846s][info][gc,task     ] GC(4) O: Using 2 Workers for Old Generation
[2026-04-03T02:38:41.417+0600][12.873s][info][gc,task     ] GC(4) O: Using 1 Workers for Old Generation
[2026-04-03T02:38:41.418+0600][12.873s][info][gc,phases   ] GC(4) O: Concurrent Remap Roots 26.633ms
[2026-04-03T02:38:41.418+0600][12.873s][info][gc,phases   ] GC(4) O: Pause Relocate Start 0.054ms
[2026-04-03T02:38:41.418+0600][12.874s][info][gc,phases   ] GC(4) O: Concurrent Relocate 0.264ms
[2026-04-03T02:38:41.418+0600][12.874s][info][gc,alloc    ] GC(4) O:                         Mark Start        Mark End      Relocate Start    Relocate End   
[2026-04-03T02:38:41.418+0600][12.874s][info][gc,alloc    ] GC(4) O: Allocation Stalls:          0                0                0                0         
[2026-04-03T02:38:41.418+0600][12.874s][info][gc,load     ] GC(4) O: Load: 4.34 (36%) / 5.12 (43%) / 5.56 (46%)
[2026-04-03T02:38:41.418+0600][12.874s][info][gc,mmu      ] GC(4) O: MMU: 2ms/97.3%, 5ms/98.9%, 10ms/99.5%, 20ms/99.7%, 50ms/99.8%, 100ms/99.9%
[2026-04-03T02:38:41.418+0600][12.874s][info][gc,marking  ] GC(4) O: Mark: 1 stripe(s), 1 proactive flush(es), 1 terminate flush(es), 0 completion(s), 0 continuation(s) 
[2026-04-03T02:38:41.418+0600][12.874s][info][gc,marking  ] GC(4) O: Mark Stack Usage: 0M
[2026-04-03T02:38:41.418+0600][12.874s][info][gc,nmethod  ] GC(4) O: NMethods: 4465 registered, 454 unregistered
[2026-04-03T02:38:41.418+0600][12.874s][info][gc,metaspace] GC(4) O: Metaspace: 81M used, 81M committed, 1152M reserved
[2026-04-03T02:38:41.418+0600][12.874s][info][gc,ref      ] GC(4) O:                       Encountered   Discovered     Enqueued 
[2026-04-03T02:38:41.418+0600][12.874s][info][gc,ref      ] GC(4) O: Soft References:             4474            0            0 
[2026-04-03T02:38:41.418+0600][12.874s][info][gc,ref      ] GC(4) O: Weak References:            13257            0            0 
[2026-04-03T02:38:41.418+0600][12.874s][info][gc,ref      ] GC(4) O: Final References:              84            0            0 
[2026-04-03T02:38:41.418+0600][12.874s][info][gc,ref      ] GC(4) O: Phantom References:           588            0            0 
[2026-04-03T02:38:41.418+0600][12.874s][info][gc,heap     ] GC(4) O: Min Capacity: 8M(0%)
[2026-04-03T02:38:41.418+0600][12.874s][info][gc,heap     ] GC(4) O: Max Capacity: 1750M(100%)
[2026-04-03T02:38:41.418+0600][12.874s][info][gc,heap     ] GC(4) O: Soft Max Capacity: 1750M(100%)
[2026-04-03T02:38:41.418+0600][12.874s][info][gc,heap     ] GC(4) O: Heap Statistics:
[2026-04-03T02:38:41.418+0600][12.874s][info][gc,heap     ] GC(4) O:                Mark Start          Mark End        Relocate Start      Relocate End           High               Low         
[2026-04-03T02:38:41.418+0600][12.874s][info][gc,heap     ] GC(4) O:  Capacity:      472M (27%)         542M (31%)         542M (31%)         542M (31%)         542M (31%)         472M (27%)    
[2026-04-03T02:38:41.418+0600][12.874s][info][gc,heap     ] GC(4) O:      Free:     1278M (73%)        1566M (89%)        1562M (89%)        1562M (89%)        1566M (89%)        1208M (69%)    
[2026-04-03T02:38:41.418+0600][12.874s][info][gc,heap     ] GC(4) O:      Used:      472M (27%)         184M (11%)         188M (11%)         188M (11%)         542M (31%)         184M (11%)    
[2026-04-03T02:38:41.418+0600][12.874s][info][gc,heap     ] GC(4) O: Old Generation Statistics:
[2026-04-03T02:38:41.418+0600][12.874s][info][gc,heap     ] GC(4) O:                Mark Start          Mark End        Relocate Start      Relocate End    
[2026-04-03T02:38:41.418+0600][12.874s][info][gc,heap     ] GC(4) O:      Used:        0M (0%)            6M (0%)            6M (0%)            6M (0%)     
[2026-04-03T02:38:41.418+0600][12.874s][info][gc,heap     ] GC(4) O:      Live:         -                 0M (0%)            0M (0%)            0M (0%)     
[2026-04-03T02:38:41.419+0600][12.874s][info][gc,heap     ] GC(4) O:   Garbage:         -                 0M (0%)            0M (0%)            0M (0%)     
[2026-04-03T02:38:41.419+0600][12.874s][info][gc,heap     ] GC(4) O: Allocated:         -                 6M (0%)            6M (0%)            6M (0%)     
[2026-04-03T02:38:41.419+0600][12.874s][info][gc,heap     ] GC(4) O: Reclaimed:         -                  -                 0M (0%)            0M (0%)     
[2026-04-03T02:38:41.419+0600][12.874s][info][gc,heap     ] GC(4) O: Compacted:         -                  -                  -                 0M (0%)     
[2026-04-03T02:38:41.419+0600][12.874s][info][gc,phases   ] GC(4) O: Old Generation 184M(11%)->188M(11%) 0.049s
[2026-04-03T02:38:41.419+0600][12.874s][info][gc          ] GC(4) Major Collection (Metadata GC Threshold) 472M(27%)->188M(11%) 0.217s
[2026-04-03T02:38:44.685+0600][16.141s][info][gc          ] GC(5) Major Collection (Warmup)
[2026-04-03T02:38:44.685+0600][16.141s][info][gc,task     ] GC(5) Using 3 Workers for Young Generation
[2026-04-03T02:38:44.685+0600][16.141s][info][gc,task     ] GC(5) Using 1 Workers for Old Generation
[2026-04-03T02:38:44.685+0600][16.141s][info][gc,phases   ] GC(5) Y: Young Generation
[2026-04-03T02:38:44.686+0600][16.141s][info][gc,phases   ] GC(5) Y: Pause Mark Start (Major) 0.029ms
[2026-04-03T02:38:44.811+0600][16.266s][info][gc,phases   ] GC(5) Y: Concurrent Mark 124.644ms
[2026-04-03T02:38:44.811+0600][16.267s][info][gc,phases   ] GC(5) Y: Pause Mark End 0.033ms
[2026-04-03T02:38:44.818+0600][16.273s][info][gc,phases   ] GC(5) Y: Concurrent Mark Free 0.002ms
[2026-04-03T02:38:44.818+0600][16.273s][info][gc,phases   ] GC(5) Y: Concurrent Reset Relocation Set 0.030ms
[2026-04-03T02:38:44.825+0600][16.281s][info][gc,reloc    ] GC(5) Y: Using tenuring threshold: 3 (Computed)
[2026-04-03T02:38:44.834+0600][16.290s][info][gc,phases   ] GC(5) Y: Concurrent Select Relocation Set 16.542ms
[2026-04-03T02:38:44.835+0600][16.290s][info][gc,phases   ] GC(5) Y: Pause Relocate Start 0.019ms
[2026-04-03T02:38:44.942+0600][16.398s][info][gc,phases   ] GC(5) Y: Concurrent Relocate 106.916ms
[2026-04-03T02:38:44.942+0600][16.398s][info][gc,alloc    ] GC(5) Y:                         Mark Start        Mark End      Relocate Start    Relocate End   
[2026-04-03T02:38:44.942+0600][16.398s][info][gc,alloc    ] GC(5) Y: Allocation Stalls:          0                0                0                0         
[2026-04-03T02:38:44.942+0600][16.398s][info][gc,load     ] GC(5) Y: Load: 4.63 (39%) / 5.17 (43%) / 5.57 (46%)
[2026-04-03T02:38:44.942+0600][16.398s][info][gc,mmu      ] GC(5) Y: MMU: 2ms/97.3%, 5ms/98.9%, 10ms/99.5%, 20ms/99.7%, 50ms/99.8%, 100ms/99.9%
[2026-04-03T02:38:44.942+0600][16.398s][info][gc,marking  ] GC(5) Y: Mark: 2 stripe(s), 2 proactive flush(es), 1 terminate flush(es), 0 completion(s), 0 continuation(s) 
[2026-04-03T02:38:44.942+0600][16.398s][info][gc,marking  ] GC(5) Y: Mark Stack Usage: 32M
[2026-04-03T02:38:44.942+0600][16.398s][info][gc,nmethod  ] GC(5) Y: NMethods: 6844 registered, 0 unregistered
[2026-04-03T02:38:44.942+0600][16.398s][info][gc,metaspace] GC(5) Y: Metaspace: 111M used, 112M committed, 1152M reserved
[2026-04-03T02:38:44.942+0600][16.398s][info][gc,reloc    ] GC(5) Y:                        Candidates     Selected     In-Place         Size        Empty    Relocated 
[2026-04-03T02:38:44.942+0600][16.398s][info][gc,reloc    ] GC(5) Y: Small Pages:                  170          141            0         340M           0M          16M 
[2026-04-03T02:38:44.942+0600][16.398s][info][gc,reloc    ] GC(5) Y: Medium Pages:                   4            3            0         128M           0M          22M 
[2026-04-03T02:38:44.942+0600][16.398s][info][gc,reloc    ] GC(5) Y: Large Pages:                    9            0            0          54M           6M           0M 
[2026-04-03T02:38:44.942+0600][16.398s][info][gc,reloc    ] GC(5) Y: Forwarding Usage: 6M
[2026-04-03T02:38:44.942+0600][16.398s][info][gc,reloc    ] GC(5) Y: Age Table:
[2026-04-03T02:38:44.942+0600][16.398s][info][gc,reloc    ] GC(5) Y:                    Live             Garbage             Small              Medium             Large        
[2026-04-03T02:38:44.942+0600][16.398s][info][gc,reloc    ] GC(5) Y: Eden              83M (5%)          290M (17%)        144 / 132            1 / 1              9 / 0        
[2026-04-03T02:38:44.942+0600][16.398s][info][gc,reloc    ] GC(5) Y: Survivor 1        14M (1%)           35M (2%)           9 / 3              1 / 1              0 / 0        
[2026-04-03T02:38:44.943+0600][16.398s][info][gc,reloc    ] GC(5) Y: Survivor 2         7M (0%)           38M (2%)           7 / 3              1 / 0              0 / 0        
[2026-04-03T02:38:44.943+0600][16.398s][info][gc,reloc    ] GC(5) Y: Survivor 3         3M (0%)            2M (0%)           3 / 1              0 / 0              0 / 0        
[2026-04-03T02:38:44.943+0600][16.398s][info][gc,reloc    ] GC(5) Y: Survivor 4        13M (1%)           32M (2%)           7 / 2              1 / 1              0 / 0        
[2026-04-03T02:38:44.943+0600][16.398s][info][gc,heap     ] GC(5) Y: Min Capacity: 8M(0%)
[2026-04-03T02:38:44.943+0600][16.398s][info][gc,heap     ] GC(5) Y: Max Capacity: 1750M(100%)
[2026-04-03T02:38:44.943+0600][16.398s][info][gc,heap     ] GC(5) Y: Soft Max Capacity: 1750M(100%)
[2026-04-03T02:38:44.943+0600][16.398s][info][gc,heap     ] GC(5) Y: Heap Statistics:
[2026-04-03T02:38:44.943+0600][16.398s][info][gc,heap     ] GC(5) Y:                Mark Start          Mark End        Relocate Start      Relocate End           High               Low         
[2026-04-03T02:38:44.943+0600][16.398s][info][gc,heap     ] GC(5) Y:  Capacity:      598M (34%)         598M (34%)         598M (34%)         694M (40%)         694M (40%)         598M (34%)    
[2026-04-03T02:38:44.943+0600][16.398s][info][gc,heap     ] GC(5) Y:      Free:     1222M (70%)        1202M (69%)        1208M (69%)        1390M (79%)        1390M (79%)        1060M (61%)    
[2026-04-03T02:38:44.943+0600][16.398s][info][gc,heap     ] GC(5) Y:      Used:      528M (30%)         548M (31%)         542M (31%)         360M (21%)         690M (39%)         360M (21%)    
[2026-04-03T02:38:44.943+0600][16.398s][info][gc,heap     ] GC(5) Y: Young Generation Statistics:
[2026-04-03T02:38:44.943+0600][16.398s][info][gc,heap     ] GC(5) Y:                Mark Start          Mark End        Relocate Start      Relocate End    
[2026-04-03T02:38:44.943+0600][16.398s][info][gc,heap     ] GC(5) Y:      Used:      522M (30%)         542M (31%)         524M (30%)         268M (15%)    
[2026-04-03T02:38:44.943+0600][16.398s][info][gc,heap     ] GC(5) Y:      Live:         -               123M (7%)          112M (6%)          105M (6%)     
[2026-04-03T02:38:44.943+0600][16.398s][info][gc,heap     ] GC(5) Y:   Garbage:         -               398M (23%)         391M (22%)           0M (0%)     
[2026-04-03T02:38:44.943+0600][16.398s][info][gc,heap     ] GC(5) Y: Allocated:         -                20M (1%)           20M (1%)          161M (9%)     
[2026-04-03T02:38:44.943+0600][16.398s][info][gc,heap     ] GC(5) Y: Reclaimed:         -                  -                 6M (0%)          397M (23%)    
[2026-04-03T02:38:44.943+0600][16.398s][info][gc,heap     ] GC(5) Y:  Promoted:         -                  -                11M (1%)           17M (1%)     
[2026-04-03T02:38:44.943+0600][16.398s][info][gc,heap     ] GC(5) Y: Compacted:         -                  -                  -                38M (2%)     
[2026-04-03T02:38:44.943+0600][16.398s][info][gc,phases   ] GC(5) Y: Young Generation 528M(30%)->360M(21%) 0.257s
[2026-04-03T02:38:44.943+0600][16.398s][info][gc,phases   ] GC(5) O: Old Generation
[2026-04-03T02:38:44.961+0600][16.417s][info][gc,phases   ] GC(5) O: Concurrent Mark 18.669ms
[2026-04-03T02:38:44.962+0600][16.417s][info][gc,phases   ] GC(5) O: Pause Mark End 0.035ms
[2026-04-03T02:38:44.962+0600][16.418s][info][gc,phases   ] GC(5) O: Concurrent Mark Free 0.002ms
[2026-04-03T02:38:45.051+0600][16.507s][info][gc,phases   ] GC(5) O: Concurrent Process Non-Strong 88.977ms
[2026-04-03T02:38:45.051+0600][16.507s][info][gc,phases   ] GC(5) O: Concurrent Reset Relocation Set 0.001ms
[2026-04-03T02:38:45.054+0600][16.509s][info][gc,phases   ] GC(5) O: Concurrent Select Relocation Set 2.631ms
[2026-04-03T02:38:45.054+0600][16.509s][info][gc,task     ] GC(5) O: Using 3 Workers for Old Generation
[2026-04-03T02:38:45.077+0600][16.532s][info][gc,task     ] GC(5) O: Using 1 Workers for Old Generation
[2026-04-03T02:38:45.077+0600][16.532s][info][gc,phases   ] GC(5) O: Concurrent Remap Roots 22.872ms
[2026-04-03T02:38:45.077+0600][16.533s][info][gc,phases   ] GC(5) O: Pause Relocate Start 0.025ms
[2026-04-03T02:38:45.077+0600][16.533s][info][gc,phases   ] GC(5) O: Concurrent Relocate 0.101ms
[2026-04-03T02:38:45.077+0600][16.533s][info][gc,alloc    ] GC(5) O:                         Mark Start        Mark End      Relocate Start    Relocate End   
[2026-04-03T02:38:45.077+0600][16.533s][info][gc,alloc    ] GC(5) O: Allocation Stalls:          0                0                0                0         
[2026-04-03T02:38:45.077+0600][16.533s][info][gc,load     ] GC(5) O: Load: 4.63 (39%) / 5.17 (43%) / 5.57 (46%)
[2026-04-03T02:38:45.077+0600][16.533s][info][gc,mmu      ] GC(5) O: MMU: 2ms/97.3%, 5ms/98.9%, 10ms/99.5%, 20ms/99.7%, 50ms/99.8%, 100ms/99.9%
[2026-04-03T02:38:45.077+0600][16.533s][info][gc,marking  ] GC(5) O: Mark: 1 stripe(s), 2 proactive flush(es), 1 terminate flush(es), 0 completion(s), 0 continuation(s) 
[2026-04-03T02:38:45.077+0600][16.533s][info][gc,marking  ] GC(5) O: Mark Stack Usage: 32M
[2026-04-03T02:38:45.077+0600][16.533s][info][gc,nmethod  ] GC(5) O: NMethods: 6495 registered, 475 unregistered
[2026-04-03T02:38:45.077+0600][16.533s][info][gc,metaspace] GC(5) O: Metaspace: 111M used, 113M committed, 1152M reserved
[2026-04-03T02:38:45.077+0600][16.533s][info][gc,ref      ] GC(5) O:                       Encountered   Discovered     Enqueued 
[2026-04-03T02:38:45.077+0600][16.533s][info][gc,ref      ] GC(5) O: Soft References:             5372            0            0 
[2026-04-03T02:38:45.077+0600][16.533s][info][gc,ref      ] GC(5) O: Weak References:            18371          313          141 
[2026-04-03T02:38:45.078+0600][16.533s][info][gc,ref      ] GC(5) O: Final References:              84            0            0 
[2026-04-03T02:38:45.078+0600][16.533s][info][gc,ref      ] GC(5) O: Phantom References:           598           10            0 
[2026-04-03T02:38:45.078+0600][16.533s][info][gc,reloc    ] GC(5) O:                        Candidates     Selected     In-Place         Size        Empty    Relocated 
[2026-04-03T02:38:45.078+0600][16.533s][info][gc,reloc    ] GC(5) O: Small Pages:                    3            0            0           6M           0M           0M 
[2026-04-03T02:38:45.078+0600][16.533s][info][gc,reloc    ] GC(5) O: Medium Pages:                   0            0            0           0M           0M           0M 
[2026-04-03T02:38:45.078+0600][16.533s][info][gc,reloc    ] GC(5) O: Large Pages:                    0            0            0           0M           0M           0M 
[2026-04-03T02:38:45.078+0600][16.533s][info][gc,reloc    ] GC(5) O: Forwarding Usage: 0M
[2026-04-03T02:38:45.078+0600][16.533s][info][gc,heap     ] GC(5) O: Min Capacity: 8M(0%)
[2026-04-03T02:38:45.078+0600][16.533s][info][gc,heap     ] GC(5) O: Max Capacity: 1750M(100%)
[2026-04-03T02:38:45.078+0600][16.533s][info][gc,heap     ] GC(5) O: Soft Max Capacity: 1750M(100%)
[2026-04-03T02:38:45.078+0600][16.533s][info][gc,heap     ] GC(5) O: Heap Statistics:
[2026-04-03T02:38:45.078+0600][16.533s][info][gc,heap     ] GC(5) O:                Mark Start          Mark End        Relocate Start      Relocate End           High               Low         
[2026-04-03T02:38:45.078+0600][16.533s][info][gc,heap     ] GC(5) O:  Capacity:      598M (34%)         694M (40%)         822M (47%)         822M (47%)         822M (47%)         598M (34%)    
[2026-04-03T02:38:45.078+0600][16.533s][info][gc,heap     ] GC(5) O:      Free:     1222M (70%)        1390M (79%)        1350M (77%)        1350M (77%)        1390M (79%)        1060M (61%)    
[2026-04-03T02:38:45.078+0600][16.533s][info][gc,heap     ] GC(5) O:      Used:      528M (30%)         360M (21%)         400M (23%)         400M (23%)         690M (39%)         360M (21%)    
[2026-04-03T02:38:45.078+0600][16.533s][info][gc,heap     ] GC(5) O: Old Generation Statistics:
[2026-04-03T02:38:45.078+0600][16.533s][info][gc,heap     ] GC(5) O:                Mark Start          Mark End        Relocate Start      Relocate End    
[2026-04-03T02:38:45.078+0600][16.533s][info][gc,heap     ] GC(5) O:      Used:        6M (0%)           92M (5%)           92M (5%)           92M (5%)     
[2026-04-03T02:38:45.078+0600][16.533s][info][gc,heap     ] GC(5) O:      Live:         -                 3M (0%)            3M (0%)            3M (0%)     
[2026-04-03T02:38:45.078+0600][16.533s][info][gc,heap     ] GC(5) O:   Garbage:         -                 2M (0%)            2M (0%)            2M (0%)     
[2026-04-03T02:38:45.078+0600][16.533s][info][gc,heap     ] GC(5) O: Allocated:         -                86M (5%)           86M (5%)           86M (5%)     
[2026-04-03T02:38:45.078+0600][16.533s][info][gc,heap     ] GC(5) O: Reclaimed:         -                  -                 0M (0%)            0M (0%)     
[2026-04-03T02:38:45.078+0600][16.533s][info][gc,heap     ] GC(5) O: Compacted:         -                  -                  -                 0M (0%)     
[2026-04-03T02:38:45.078+0600][16.533s][info][gc,phases   ] GC(5) O: Old Generation 360M(21%)->400M(23%) 0.135s
[2026-04-03T02:38:45.078+0600][16.533s][info][gc          ] GC(5) Major Collection (Warmup) 528M(30%)->400M(23%) 0.393s
[2026-04-03T02:38:48.124+0600][19.579s][info][gc          ] GC(6) Minor Collection (Allocation Rate)
[2026-04-03T02:38:48.124+0600][19.579s][info][gc,task     ] GC(6) Using 1 Workers for Young Generation
[2026-04-03T02:38:48.124+0600][19.579s][info][gc,phases   ] GC(6) y: Young Generation
[2026-04-03T02:38:48.124+0600][19.579s][info][gc,phases   ] GC(6) y: Pause Mark Start 0.024ms
[2026-04-03T02:38:48.381+0600][19.836s][info][gc,phases   ] GC(6) y: Concurrent Mark 256.793ms
[2026-04-03T02:38:48.382+0600][19.838s][info][gc,phases   ] GC(6) y: Pause Mark End 0.027ms
[2026-04-03T02:38:48.383+0600][19.838s][info][gc,phases   ] GC(6) y: Concurrent Mark Free 0.001ms
[2026-04-03T02:38:48.383+0600][19.838s][info][gc,phases   ] GC(6) y: Concurrent Reset Relocation Set 0.025ms
[2026-04-03T02:38:48.385+0600][19.840s][info][gc,reloc    ] GC(6) y: Using tenuring threshold: 2 (Computed)
[2026-04-03T02:38:48.420+0600][19.876s][info][gc,phases   ] GC(6) y: Concurrent Select Relocation Set 37.529ms
[2026-04-03T02:38:48.420+0600][19.876s][info][gc,phases   ] GC(6) y: Pause Relocate Start 0.018ms
[2026-04-03T02:38:48.550+0600][20.005s][info][gc,phases   ] GC(6) y: Concurrent Relocate 129.260ms
[2026-04-03T02:38:48.550+0600][20.005s][info][gc,alloc    ] GC(6) y:                         Mark Start        Mark End      Relocate Start    Relocate End   
[2026-04-03T02:38:48.550+0600][20.005s][info][gc,alloc    ] GC(6) y: Allocation Stalls:          0                0                0                0         
[2026-04-03T02:38:48.550+0600][20.005s][info][gc,load     ] GC(6) y: Load: 4.63 (39%) / 5.17 (43%) / 5.57 (46%)
[2026-04-03T02:38:48.550+0600][20.005s][info][gc,mmu      ] GC(6) y: MMU: 2ms/97.3%, 5ms/98.9%, 10ms/99.5%, 20ms/99.7%, 50ms/99.8%, 100ms/99.9%
[2026-04-03T02:38:48.550+0600][20.005s][info][gc,marking  ] GC(6) y: Mark: 1 stripe(s), 2 proactive flush(es), 1 terminate flush(es), 0 completion(s), 0 continuation(s) 
[2026-04-03T02:38:48.550+0600][20.005s][info][gc,marking  ] GC(6) y: Mark Stack Usage: 32M
[2026-04-03T02:38:48.550+0600][20.005s][info][gc,nmethod  ] GC(6) y: NMethods: 9401 registered, 475 unregistered
[2026-04-03T02:38:48.550+0600][20.005s][info][gc,metaspace] GC(6) y: Metaspace: 118M used, 120M committed, 1152M reserved
[2026-04-03T02:38:48.550+0600][20.005s][info][gc,reloc    ] GC(6) y:                        Candidates     Selected     In-Place         Size        Empty    Relocated 
[2026-04-03T02:38:48.550+0600][20.005s][info][gc,reloc    ] GC(6) y: Small Pages:                  329          182            0         658M         218M          16M 
[2026-04-03T02:38:48.550+0600][20.005s][info][gc,reloc    ] GC(6) y: Medium Pages:                   7            3            0         224M          96M           2M 
[2026-04-03T02:38:48.550+0600][20.005s][info][gc,reloc    ] GC(6) y: Large Pages:                   17            0            0         102M          54M           0M 
[2026-04-03T02:38:48.550+0600][20.005s][info][gc,reloc    ] GC(6) y: Forwarding Usage: 11M
[2026-04-03T02:38:48.550+0600][20.005s][info][gc,reloc    ] GC(6) y: Age Table:
[2026-04-03T02:38:48.550+0600][20.005s][info][gc,reloc    ] GC(6) y:                    Live             Garbage             Small              Medium             Large        
[2026-04-03T02:38:48.550+0600][20.005s][info][gc,reloc    ] GC(6) y: Eden              35M (2%)          704M (40%)        279 / 153            4 / 1              9 / 0        
[2026-04-03T02:38:48.550+0600][20.005s][info][gc,reloc    ] GC(6) y: Survivor 1        61M (3%)           62M (4%)          22 / 15             1 / 0              8 / 0        
[2026-04-03T02:38:48.550+0600][20.005s][info][gc,reloc    ] GC(6) y: Survivor 2        13M (1%)           52M (3%)          17 / 8              1 / 1              0 / 0        
[2026-04-03T02:38:48.550+0600][20.005s][info][gc,reloc    ] GC(6) y: Survivor 3         7M (0%)           46M (3%)          11 / 6              1 / 1              0 / 0        
[2026-04-03T02:38:48.550+0600][20.005s][info][gc,heap     ] GC(6) y: Min Capacity: 8M(0%)
[2026-04-03T02:38:48.550+0600][20.005s][info][gc,heap     ] GC(6) y: Max Capacity: 1750M(100%)
[2026-04-03T02:38:48.550+0600][20.005s][info][gc,heap     ] GC(6) y: Soft Max Capacity: 1750M(100%)
[2026-04-03T02:38:48.550+0600][20.005s][info][gc,heap     ] GC(6) y: Heap Statistics:
[2026-04-03T02:38:48.550+0600][20.006s][info][gc,heap     ] GC(6) y:                Mark Start          Mark End        Relocate Start      Relocate End           High               Low         
[2026-04-03T02:38:48.550+0600][20.006s][info][gc,heap     ] GC(6) y:  Capacity:     1076M (61%)        1176M (67%)        1176M (67%)        1176M (67%)        1176M (67%)        1076M (61%)    
[2026-04-03T02:38:48.550+0600][20.006s][info][gc,heap     ] GC(6) y:      Free:      674M (39%)         574M (33%)         936M (53%)        1292M (74%)        1306M (75%)         574M (33%)    
[2026-04-03T02:38:48.550+0600][20.006s][info][gc,heap     ] GC(6) y:      Used:     1076M (61%)        1176M (67%)         814M (47%)         458M (26%)        1176M (67%)         444M (25%)    
[2026-04-03T02:38:48.550+0600][20.006s][info][gc,heap     ] GC(6) y: Young Generation Statistics:
[2026-04-03T02:38:48.550+0600][20.006s][info][gc,heap     ] GC(6) y:                Mark Start          Mark End        Relocate Start      Relocate End    
[2026-04-03T02:38:48.550+0600][20.006s][info][gc,heap     ] GC(6) y:      Used:      984M (56%)        1084M (62%)         702M (40%)         310M (18%)    
[2026-04-03T02:38:48.550+0600][20.006s][info][gc,heap     ] GC(6) y:      Live:         -               117M (7%)           98M (6%)           96M (6%)     
[2026-04-03T02:38:48.550+0600][20.006s][info][gc,heap     ] GC(6) y:   Garbage:         -               866M (49%)         497M (28%)           4M (0%)     
[2026-04-03T02:38:48.550+0600][20.006s][info][gc,heap     ] GC(6) y: Allocated:         -               100M (6%)          106M (6%)          208M (12%)    
[2026-04-03T02:38:48.550+0600][20.006s][info][gc,heap     ] GC(6) y: Reclaimed:         -                  -               369M (21%)         862M (49%)    
[2026-04-03T02:38:48.550+0600][20.006s][info][gc,heap     ] GC(6) y:  Promoted:         -                  -                18M (1%)           20M (1%)     
[2026-04-03T02:38:48.550+0600][20.006s][info][gc,heap     ] GC(6) y: Compacted:         -                  -                  -                27M (2%)     
[2026-04-03T02:38:48.550+0600][20.006s][info][gc,phases   ] GC(6) y: Young Generation 1076M(61%)->458M(26%) 0.426s
[2026-04-03T02:38:48.550+0600][20.006s][info][gc          ] GC(6) Minor Collection (Allocation Rate) 1076M(61%)->458M(26%) 0.427s
[2026-04-03T02:38:48.845+0600][20.300s][info][gc          ] GC(7) Major Collection (System.gc())
[2026-04-03T02:38:48.845+0600][20.300s][info][gc,task     ] GC(7) Using 3 Workers for Young Generation
[2026-04-03T02:38:48.845+0600][20.300s][info][gc,task     ] GC(7) Using 3 Workers for Old Generation
[2026-04-03T02:38:48.845+0600][20.300s][info][gc,phases   ] GC(7) Y: Young Generation (Promote All)
[2026-04-03T02:38:48.845+0600][20.300s][info][gc,phases   ] GC(7) Y: Pause Mark Start 0.018ms
[2026-04-03T02:38:48.924+0600][20.379s][info][gc,phases   ] GC(7) Y: Concurrent Mark 78.574ms
[2026-04-03T02:38:48.924+0600][20.379s][info][gc,phases   ] GC(7) Y: Pause Mark End 0.019ms
[2026-04-03T02:38:48.924+0600][20.380s][info][gc,phases   ] GC(7) Y: Concurrent Mark Free 0.001ms
[2026-04-03T02:38:48.924+0600][20.380s][info][gc,phases   ] GC(7) Y: Concurrent Reset Relocation Set 0.032ms
[2026-04-03T02:38:48.926+0600][20.381s][info][gc,reloc    ] GC(7) Y: Using tenuring threshold: 0 (Promote All)
[2026-04-03T02:38:48.942+0600][20.397s][info][gc,phases   ] GC(7) Y: Concurrent Select Relocation Set 17.397ms
[2026-04-03T02:38:48.942+0600][20.397s][info][gc,phases   ] GC(7) Y: Pause Relocate Start 0.017ms
[2026-04-03T02:38:48.971+0600][20.426s][info][gc,phases   ] GC(7) Y: Concurrent Relocate 28.963ms
[2026-04-03T02:38:48.971+0600][20.426s][info][gc,alloc    ] GC(7) Y:                         Mark Start        Mark End      Relocate Start    Relocate End   
[2026-04-03T02:38:48.971+0600][20.426s][info][gc,alloc    ] GC(7) Y: Allocation Stalls:          0                0                0                0         
[2026-04-03T02:38:48.971+0600][20.426s][info][gc,load     ] GC(7) Y: Load: 4.63 (39%) / 5.17 (43%) / 5.57 (46%)
[2026-04-03T02:38:48.971+0600][20.426s][info][gc,mmu      ] GC(7) Y: MMU: 2ms/97.3%, 5ms/98.9%, 10ms/99.5%, 20ms/99.7%, 50ms/99.8%, 100ms/99.9%
[2026-04-03T02:38:48.971+0600][20.426s][info][gc,marking  ] GC(7) Y: Mark: 2 stripe(s), 2 proactive flush(es), 1 terminate flush(es), 0 completion(s), 0 continuation(s) 
[2026-04-03T02:38:48.971+0600][20.426s][info][gc,marking  ] GC(7) Y: Mark Stack Usage: 32M
[2026-04-03T02:38:48.971+0600][20.426s][info][gc,nmethod  ] GC(7) Y: NMethods: 9681 registered, 475 unregistered
[2026-04-03T02:38:48.971+0600][20.426s][info][gc,metaspace] GC(7) Y: Metaspace: 119M used, 120M committed, 1152M reserved
[2026-04-03T02:38:48.971+0600][20.426s][info][gc,reloc    ] GC(7) Y:                        Candidates     Selected     In-Place         Size        Empty    Relocated 
[2026-04-03T02:38:48.971+0600][20.426s][info][gc,reloc    ] GC(7) Y: Small Pages:                  180          135            0         360M          32M           4M 
[2026-04-03T02:38:48.971+0600][20.426s][info][gc,reloc    ] GC(7) Y: Medium Pages:                   3            1            0          96M          32M           1M 
[2026-04-03T02:38:48.971+0600][20.426s][info][gc,reloc    ] GC(7) Y: Large Pages:                   12            0            0          72M          24M           0M 
[2026-04-03T02:38:48.971+0600][20.426s][info][gc,reloc    ] GC(7) Y: Forwarding Usage: 2M
[2026-04-03T02:38:48.971+0600][20.426s][info][gc,reloc    ] GC(7) Y: Age Table:
[2026-04-03T02:38:48.971+0600][20.426s][info][gc,reloc    ] GC(7) Y:                    Live             Garbage             Small              Medium             Large        
[2026-04-03T02:38:48.971+0600][20.426s][info][gc,reloc    ] GC(7) Y: Eden               4M (0%)          341M (20%)        145 / 127            1 / 0              4 / 0        
[2026-04-03T02:38:48.971+0600][20.426s][info][gc,reloc    ] GC(7) Y: Survivor 1        34M (2%)           39M (2%)          21 / 2              1 / 1              0 / 0        
[2026-04-03T02:38:48.971+0600][20.426s][info][gc,reloc    ] GC(7) Y: Survivor 2        61M (3%)           46M (3%)          14 / 6              1 / 0              8 / 0        
[2026-04-03T02:38:48.971+0600][20.427s][info][gc,heap     ] GC(7) Y: Min Capacity: 8M(0%)
[2026-04-03T02:38:48.971+0600][20.427s][info][gc,heap     ] GC(7) Y: Max Capacity: 1750M(100%)
[2026-04-03T02:38:48.971+0600][20.427s][info][gc,heap     ] GC(7) Y: Soft Max Capacity: 1750M(100%)
[2026-04-03T02:38:48.971+0600][20.427s][info][gc,heap     ] GC(7) Y: Heap Statistics:
[2026-04-03T02:38:48.971+0600][20.427s][info][gc,heap     ] GC(7) Y:                Mark Start          Mark End        Relocate Start      Relocate End           High               Low         
[2026-04-03T02:38:48.971+0600][20.427s][info][gc,heap     ] GC(7) Y:  Capacity:     1176M (67%)        1176M (67%)        1176M (67%)        1176M (67%)        1176M (67%)        1176M (67%)    
[2026-04-03T02:38:48.971+0600][20.427s][info][gc,heap     ] GC(7) Y:      Free:     1074M (61%)        1072M (61%)        1160M (66%)        1460M (83%)        1460M (83%)        1072M (61%)    
[2026-04-03T02:38:48.971+0600][20.427s][info][gc,heap     ] GC(7) Y:      Used:      676M (39%)         678M (39%)         590M (34%)         290M (17%)         678M (39%)         290M (17%)    
[2026-04-03T02:38:48.971+0600][20.427s][info][gc,heap     ] GC(7) Y: Young Generation Statistics:
[2026-04-03T02:38:48.971+0600][20.427s][info][gc,heap     ] GC(7) Y:                Mark Start          Mark End        Relocate Start      Relocate End    
[2026-04-03T02:38:48.971+0600][20.427s][info][gc,heap     ] GC(7) Y:      Used:      528M (30%)         530M (30%)         342M (20%)           2M (0%)     
[2026-04-03T02:38:48.971+0600][20.427s][info][gc,heap     ] GC(7) Y:      Live:         -               100M (6%)            6M (0%)            0M (0%)     
[2026-04-03T02:38:48.971+0600][20.427s][info][gc,heap     ] GC(7) Y:   Garbage:         -               427M (24%)         333M (19%)           0M (0%)     
[2026-04-03T02:38:48.971+0600][20.427s][info][gc,heap     ] GC(7) Y: Allocated:         -                 2M (0%)            2M (0%)            2M (0%)     
[2026-04-03T02:38:48.971+0600][20.427s][info][gc,heap     ] GC(7) Y: Reclaimed:         -                  -                94M (5%)          427M (24%)    
[2026-04-03T02:38:48.971+0600][20.427s][info][gc,heap     ] GC(7) Y:  Promoted:         -                  -                93M (5%)          100M (6%)     
[2026-04-03T02:38:48.971+0600][20.427s][info][gc,heap     ] GC(7) Y: Compacted:         -                  -                  -                 0M (0%)     
[2026-04-03T02:38:48.971+0600][20.427s][info][gc,phases   ] GC(7) Y: Young Generation (Promote All) 676M(39%)->290M(17%) 0.126s
[2026-04-03T02:38:48.971+0600][20.427s][info][gc,phases   ] GC(7) Y: Young Generation (Collect Roots)
[2026-04-03T02:38:48.971+0600][20.427s][info][gc,phases   ] GC(7) Y: Pause Mark Start (Major) 0.021ms
[2026-04-03T02:38:48.982+0600][20.438s][info][gc,phases   ] GC(7) Y: Concurrent Mark 10.576ms
[2026-04-03T02:38:48.982+0600][20.438s][info][gc,phases   ] GC(7) Y: Pause Mark End 0.017ms
[2026-04-03T02:38:48.982+0600][20.438s][info][gc,phases   ] GC(7) Y: Concurrent Mark Free 0.001ms
[2026-04-03T02:38:48.982+0600][20.438s][info][gc,phases   ] GC(7) Y: Concurrent Reset Relocation Set 0.046ms
[2026-04-03T02:38:48.984+0600][20.439s][info][gc,reloc    ] GC(7) Y: Using tenuring threshold: 1 (Computed)
[2026-04-03T02:38:48.984+0600][20.439s][info][gc,phases   ] GC(7) Y: Concurrent Select Relocation Set 1.453ms
[2026-04-03T02:38:48.984+0600][20.440s][info][gc,phases   ] GC(7) Y: Pause Relocate Start 0.013ms
[2026-04-03T02:38:48.984+0600][20.440s][info][gc,phases   ] GC(7) Y: Concurrent Relocate 0.079ms
[2026-04-03T02:38:48.984+0600][20.440s][info][gc,alloc    ] GC(7) Y:                         Mark Start        Mark End      Relocate Start    Relocate End   
[2026-04-03T02:38:48.984+0600][20.440s][info][gc,alloc    ] GC(7) Y: Allocation Stalls:          0                0                0                0         
[2026-04-03T02:38:48.984+0600][20.440s][info][gc,load     ] GC(7) Y: Load: 4.63 (39%) / 5.17 (43%) / 5.57 (46%)
[2026-04-03T02:38:48.984+0600][20.440s][info][gc,mmu      ] GC(7) Y: MMU: 2ms/97.3%, 5ms/98.9%, 10ms/99.5%, 20ms/99.7%, 50ms/99.8%, 100ms/99.9%
[2026-04-03T02:38:48.984+0600][20.440s][info][gc,marking  ] GC(7) Y: Mark: 2 stripe(s), 1 proactive flush(es), 1 terminate flush(es), 0 completion(s), 0 continuation(s) 
[2026-04-03T02:38:48.984+0600][20.440s][info][gc,marking  ] GC(7) Y: Mark Stack Usage: 32M
[2026-04-03T02:38:48.984+0600][20.440s][info][gc,nmethod  ] GC(7) Y: NMethods: 9681 registered, 475 unregistered
[2026-04-03T02:38:48.984+0600][20.440s][info][gc,metaspace] GC(7) Y: Metaspace: 119M used, 120M committed, 1152M reserved
[2026-04-03T02:38:48.984+0600][20.440s][info][gc,reloc    ] GC(7) Y:                        Candidates     Selected     In-Place         Size        Empty    Relocated 
[2026-04-03T02:38:48.984+0600][20.440s][info][gc,reloc    ] GC(7) Y: Small Pages:                    1            0            0           2M           0M           0M 
[2026-04-03T02:38:48.984+0600][20.440s][info][gc,reloc    ] GC(7) Y: Medium Pages:                   0            0            0           0M           0M           0M 
[2026-04-03T02:38:48.984+0600][20.440s][info][gc,reloc    ] GC(7) Y: Large Pages:                    0            0            0           0M           0M           0M 
[2026-04-03T02:38:48.984+0600][20.440s][info][gc,reloc    ] GC(7) Y: Forwarding Usage: 0M
[2026-04-03T02:38:48.984+0600][20.440s][info][gc,reloc    ] GC(7) Y: Age Table:
[2026-04-03T02:38:48.984+0600][20.440s][info][gc,reloc    ] GC(7) Y:                    Live             Garbage             Small              Medium             Large        
[2026-04-03T02:38:48.984+0600][20.440s][info][gc,reloc    ] GC(7) Y: Eden               0M (0%)            1M (0%)           1 / 0              0 / 0              0 / 0        
[2026-04-03T02:38:48.984+0600][20.440s][info][gc,heap     ] GC(7) Y: Min Capacity: 8M(0%)
[2026-04-03T02:38:48.984+0600][20.440s][info][gc,heap     ] GC(7) Y: Max Capacity: 1750M(100%)
[2026-04-03T02:38:48.984+0600][20.440s][info][gc,heap     ] GC(7) Y: Soft Max Capacity: 1750M(100%)
[2026-04-03T02:38:48.984+0600][20.440s][info][gc,heap     ] GC(7) Y: Heap Statistics:
[2026-04-03T02:38:48.984+0600][20.440s][info][gc,heap     ] GC(7) Y:                Mark Start          Mark End        Relocate Start      Relocate End           High               Low         
[2026-04-03T02:38:48.984+0600][20.440s][info][gc,heap     ] GC(7) Y:  Capacity:     1176M (67%)        1176M (67%)        1176M (67%)        1176M (67%)        1176M (67%)        1176M (67%)    
[2026-04-03T02:38:48.984+0600][20.440s][info][gc,heap     ] GC(7) Y:      Free:     1460M (83%)        1460M (83%)        1460M (83%)        1460M (83%)        1460M (83%)        1460M (83%)    
[2026-04-03T02:38:48.984+0600][20.440s][info][gc,heap     ] GC(7) Y:      Used:      290M (17%)         290M (17%)         290M (17%)         290M (17%)         290M (17%)         290M (17%)    
[2026-04-03T02:38:48.984+0600][20.440s][info][gc,heap     ] GC(7) Y: Young Generation Statistics:
[2026-04-03T02:38:48.984+0600][20.440s][info][gc,heap     ] GC(7) Y:                Mark Start          Mark End        Relocate Start      Relocate End    
[2026-04-03T02:38:48.984+0600][20.440s][info][gc,heap     ] GC(7) Y:      Used:        2M (0%)            2M (0%)            2M (0%)            2M (0%)     
[2026-04-03T02:38:48.984+0600][20.440s][info][gc,heap     ] GC(7) Y:      Live:         -                 0M (0%)            0M (0%)            0M (0%)     
[2026-04-03T02:38:48.984+0600][20.440s][info][gc,heap     ] GC(7) Y:   Garbage:         -                 1M (0%)            1M (0%)            1M (0%)     
[2026-04-03T02:38:48.984+0600][20.440s][info][gc,heap     ] GC(7) Y: Allocated:         -                 0M (0%)            0M (0%)            0M (0%)     
[2026-04-03T02:38:48.984+0600][20.440s][info][gc,heap     ] GC(7) Y: Reclaimed:         -                  -                 0M (0%)            0M (0%)     
[2026-04-03T02:38:48.984+0600][20.440s][info][gc,heap     ] GC(7) Y:  Promoted:         -                  -                 0M (0%)            0M (0%)     
[2026-04-03T02:38:48.984+0600][20.440s][info][gc,heap     ] GC(7) Y: Compacted:         -                  -                  -                 0M (0%)     
[2026-04-03T02:38:48.984+0600][20.440s][info][gc,phases   ] GC(7) Y: Young Generation (Collect Roots) 290M(17%)->290M(17%) 0.013s
[2026-04-03T02:38:48.984+0600][20.440s][info][gc,phases   ] GC(7) O: Old Generation
[2026-04-03T02:38:49.066+0600][20.521s][info][gc,phases   ] GC(7) O: Concurrent Mark 81.421ms
[2026-04-03T02:38:49.066+0600][20.521s][info][gc,phases   ] GC(7) O: Pause Mark End 0.049ms
[2026-04-03T02:38:49.066+0600][20.522s][info][gc,phases   ] GC(7) O: Concurrent Mark Free 0.002ms
[2026-04-03T02:38:49.091+0600][20.546s][info][gc,phases   ] GC(7) O: Concurrent Process Non-Strong 24.720ms
[2026-04-03T02:38:49.091+0600][20.546s][info][gc,phases   ] GC(7) O: Concurrent Reset Relocation Set 0.001ms
[2026-04-03T02:38:49.096+0600][20.551s][info][gc,phases   ] GC(7) O: Concurrent Select Relocation Set 4.782ms
[2026-04-03T02:38:49.096+0600][20.551s][info][gc,task     ] GC(7) O: Using 3 Workers for Old Generation
[2026-04-03T02:38:49.119+0600][20.575s][info][gc,task     ] GC(7) O: Using 3 Workers for Old Generation
[2026-04-03T02:38:49.119+0600][20.575s][info][gc,phases   ] GC(7) O: Concurrent Remap Roots 23.587ms
[2026-04-03T02:38:49.120+0600][20.576s][info][gc,phases   ] GC(7) O: Pause Relocate Start 0.025ms
[2026-04-03T02:38:49.144+0600][20.599s][info][gc,phases   ] GC(7) O: Concurrent Relocate 23.235ms
[2026-04-03T02:38:49.144+0600][20.599s][info][gc,alloc    ] GC(7) O:                         Mark Start        Mark End      Relocate Start    Relocate End   
[2026-04-03T02:38:49.144+0600][20.599s][info][gc,alloc    ] GC(7) O: Allocation Stalls:          0                0                0                0         
[2026-04-03T02:38:49.144+0600][20.599s][info][gc,load     ] GC(7) O: Load: 4.63 (39%) / 5.17 (43%) / 5.57 (46%)
[2026-04-03T02:38:49.144+0600][20.599s][info][gc,mmu      ] GC(7) O: MMU: 2ms/97.3%, 5ms/98.9%, 10ms/99.5%, 20ms/99.7%, 50ms/99.8%, 100ms/99.9%
[2026-04-03T02:38:49.144+0600][20.599s][info][gc,marking  ] GC(7) O: Mark: 2 stripe(s), 10 proactive flush(es), 1 terminate flush(es), 0 completion(s), 0 continuation(s) 
[2026-04-03T02:38:49.144+0600][20.599s][info][gc,marking  ] GC(7) O: Mark Stack Usage: 32M
[2026-04-03T02:38:49.144+0600][20.599s][info][gc,nmethod  ] GC(7) O: NMethods: 8886 registered, 1295 unregistered
[2026-04-03T02:38:49.144+0600][20.599s][info][gc,metaspace] GC(7) O: Metaspace: 118M used, 120M committed, 1152M reserved
[2026-04-03T02:38:49.144+0600][20.599s][info][gc,ref      ] GC(7) O:                       Encountered   Discovered     Enqueued 
[2026-04-03T02:38:49.144+0600][20.599s][info][gc,ref      ] GC(7) O: Soft References:             5906            0            0 
[2026-04-03T02:38:49.144+0600][20.599s][info][gc,ref      ] GC(7) O: Weak References:            21728        17404         7883 
[2026-04-03T02:38:49.144+0600][20.599s][info][gc,ref      ] GC(7) O: Final References:              84           84            0 
[2026-04-03T02:38:49.144+0600][20.600s][info][gc,ref      ] GC(7) O: Phantom References:           612          447            4 
[2026-04-03T02:38:49.144+0600][20.600s][info][gc,reloc    ] GC(7) O:                        Candidates     Selected     In-Place         Size        Empty    Relocated 
[2026-04-03T02:38:49.144+0600][20.600s][info][gc,reloc    ] GC(7) O: Small Pages:                   56            9            0         112M           4M           6M 
[2026-04-03T02:38:49.144+0600][20.600s][info][gc,reloc    ] GC(7) O: Medium Pages:                   4            3            0         128M           0M           7M 
[2026-04-03T02:38:49.144+0600][20.600s][info][gc,reloc    ] GC(7) O: Large Pages:                    8            0            0          48M          48M           0M 
[2026-04-03T02:38:49.144+0600][20.600s][info][gc,reloc    ] GC(7) O: Forwarding Usage: 5M
[2026-04-03T02:38:49.144+0600][20.600s][info][gc,heap     ] GC(7) O: Min Capacity: 8M(0%)
[2026-04-03T02:38:49.144+0600][20.600s][info][gc,heap     ] GC(7) O: Max Capacity: 1750M(100%)
[2026-04-03T02:38:49.144+0600][20.600s][info][gc,heap     ] GC(7) O: Soft Max Capacity: 1750M(100%)
[2026-04-03T02:38:49.144+0600][20.600s][info][gc,heap     ] GC(7) O: Heap Statistics:
[2026-04-03T02:38:49.144+0600][20.600s][info][gc,heap     ] GC(7) O:                Mark Start          Mark End        Relocate Start      Relocate End           High               Low         
[2026-04-03T02:38:49.144+0600][20.600s][info][gc,heap     ] GC(7) O:  Capacity:     1176M (67%)        1176M (67%)        1176M (67%)        1176M (67%)        1176M (67%)        1176M (67%)    
[2026-04-03T02:38:49.144+0600][20.600s][info][gc,heap     ] GC(7) O:      Free:     1460M (83%)        1458M (83%)        1502M (86%)        1566M (89%)        1566M (89%)        1434M (82%)    
[2026-04-03T02:38:49.144+0600][20.600s][info][gc,heap     ] GC(7) O:      Used:      290M (17%)         292M (17%)         248M (14%)         184M (11%)         316M (18%)         184M (11%)    
[2026-04-03T02:38:49.144+0600][20.600s][info][gc,heap     ] GC(7) O: Old Generation Statistics:
[2026-04-03T02:38:49.144+0600][20.600s][info][gc,heap     ] GC(7) O:                Mark Start          Mark End        Relocate Start      Relocate End    
[2026-04-03T02:38:49.144+0600][20.600s][info][gc,heap     ] GC(7) O:      Used:      288M (16%)         288M (16%)         236M (13%)         166M (9%)     
[2026-04-03T02:38:49.144+0600][20.600s][info][gc,heap     ] GC(7) O:      Live:         -                89M (5%)           89M (5%)           89M (5%)     
[2026-04-03T02:38:49.144+0600][20.600s][info][gc,heap     ] GC(7) O:   Garbage:         -               198M (11%)         146M (8%)            6M (0%)     
[2026-04-03T02:38:49.144+0600][20.600s][info][gc,heap     ] GC(7) O: Allocated:         -                 0M (0%)            0M (0%)           70M (4%)     
[2026-04-03T02:38:49.144+0600][20.600s][info][gc,heap     ] GC(7) O: Reclaimed:         -                  -                52M (3%)          192M (11%)    
[2026-04-03T02:38:49.144+0600][20.600s][info][gc,heap     ] GC(7) O: Compacted:         -                  -                  -                25M (1%)     
[2026-04-03T02:38:49.144+0600][20.600s][info][gc,phases   ] GC(7) O: Old Generation 290M(17%)->184M(11%) 0.159s
[2026-04-03T02:38:49.144+0600][20.600s][info][gc          ] GC(7) Major Collection (System.gc()) 676M(39%)->184M(11%) 0.300s
[2026-04-03T02:38:50.345+0600][21.800s][info][gc          ] GC(8) Minor Collection (Allocation Rate)
[2026-04-03T02:38:50.345+0600][21.800s][info][gc,task     ] GC(8) Using 2 Workers for Young Generation
[2026-04-03T02:38:50.345+0600][21.800s][info][gc,phases   ] GC(8) y: Young Generation
[2026-04-03T02:38:50.353+0600][21.808s][info][gc,phases   ] GC(8) y: Pause Mark Start 0.037ms
[2026-04-03T02:38:50.426+0600][21.881s][info][gc,phases   ] GC(8) y: Concurrent Mark 72.726ms
[2026-04-03T02:38:50.434+0600][21.889s][info][gc,phases   ] GC(8) y: Pause Mark End 0.034ms
[2026-04-03T02:38:50.434+0600][21.890s][info][gc,phases   ] GC(8) y: Concurrent Mark Free 0.001ms
[2026-04-03T02:38:50.434+0600][21.890s][info][gc,phases   ] GC(8) y: Concurrent Reset Relocation Set 0.001ms
[2026-04-03T02:38:50.439+0600][21.895s][info][gc,reloc    ] GC(8) y: Using tenuring threshold: 1 (Computed)
[2026-04-03T02:38:50.440+0600][21.895s][info][gc,phases   ] GC(8) y: Concurrent Select Relocation Set 5.624ms
[2026-04-03T02:38:50.440+0600][21.896s][info][gc,phases   ] GC(8) y: Pause Relocate Start 0.025ms
[2026-04-03T02:38:50.445+0600][21.901s][info][gc,phases   ] GC(8) y: Concurrent Relocate 4.763ms
[2026-04-03T02:38:50.445+0600][21.901s][info][gc,alloc    ] GC(8) y:                         Mark Start        Mark End      Relocate Start    Relocate End   
[2026-04-03T02:38:50.445+0600][21.901s][info][gc,alloc    ] GC(8) y: Allocation Stalls:          0                0                0                0         
[2026-04-03T02:38:50.445+0600][21.901s][info][gc,load     ] GC(8) y: Load: 5.14 (43%) / 5.27 (44%) / 5.60 (47%)
[2026-04-03T02:38:50.445+0600][21.901s][info][gc,mmu      ] GC(8) y: MMU: 2ms/97.3%, 5ms/98.9%, 10ms/99.4%, 20ms/99.7%, 50ms/99.8%, 100ms/99.9%
[2026-04-03T02:38:50.445+0600][21.901s][info][gc,marking  ] GC(8) y: Mark: 2 stripe(s), 2 proactive flush(es), 1 terminate flush(es), 0 completion(s), 0 continuation(s) 
[2026-04-03T02:38:50.445+0600][21.901s][info][gc,marking  ] GC(8) y: Mark Stack Usage: 32M
[2026-04-03T02:38:50.445+0600][21.901s][info][gc,nmethod  ] GC(8) y: NMethods: 9815 registered, 1295 unregistered
[2026-04-03T02:38:50.445+0600][21.901s][info][gc,metaspace] GC(8) y: Metaspace: 120M used, 121M committed, 1152M reserved
[2026-04-03T02:38:50.445+0600][21.901s][info][gc,reloc    ] GC(8) y:                        Candidates     Selected     In-Place         Size        Empty    Relocated 
[2026-04-03T02:38:50.445+0600][21.901s][info][gc,reloc    ] GC(8) y: Small Pages:                   88           75            0         176M          18M           4M 
[2026-04-03T02:38:50.445+0600][21.901s][info][gc,reloc    ] GC(8) y: Medium Pages:                   1            0            0          32M          32M           0M 
[2026-04-03T02:38:50.445+0600][21.901s][info][gc,reloc    ] GC(8) y: Large Pages:                   93            0            0         558M         534M           0M 
[2026-04-03T02:38:50.445+0600][21.901s][info][gc,reloc    ] GC(8) y: Forwarding Usage: 0M
[2026-04-03T02:38:50.445+0600][21.901s][info][gc,reloc    ] GC(8) y: Age Table:
[2026-04-03T02:38:50.445+0600][21.901s][info][gc,reloc    ] GC(8) y:                    Live             Garbage             Small              Medium             Large        
[2026-04-03T02:38:50.445+0600][21.901s][info][gc,reloc    ] GC(8) y: Eden              29M (2%)          734M (42%)         87 / 75             1 / 0             93 / 0        
[2026-04-03T02:38:50.445+0600][21.901s][info][gc,reloc    ] GC(8) y: Survivor 1          -                 2M (0%)           1 / 0              0 / 0              0 / 0        
[2026-04-03T02:38:50.445+0600][21.901s][info][gc,heap     ] GC(8) y: Min Capacity: 8M(0%)
[2026-04-03T02:38:50.445+0600][21.901s][info][gc,heap     ] GC(8) y: Max Capacity: 1750M(100%)
[2026-04-03T02:38:50.445+0600][21.901s][info][gc,heap     ] GC(8) y: Soft Max Capacity: 1750M(100%)
[2026-04-03T02:38:50.445+0600][21.901s][info][gc,heap     ] GC(8) y: Heap Statistics:
[2026-04-03T02:38:50.445+0600][21.901s][info][gc,heap     ] GC(8) y:                Mark Start          Mark End        Relocate Start      Relocate End           High               Low         
[2026-04-03T02:38:50.445+0600][21.901s][info][gc,heap     ] GC(8) y:  Capacity:     1416M (81%)        1524M (87%)        1524M (87%)        1524M (87%)        1524M (87%)        1416M (81%)    
[2026-04-03T02:38:50.446+0600][21.901s][info][gc,heap     ] GC(8) y:      Free:      818M (47%)         702M (40%)        1240M (71%)        1332M (76%)        1334M (76%)         700M (40%)    
[2026-04-03T02:38:50.446+0600][21.901s][info][gc,heap     ] GC(8) y:      Used:      932M (53%)        1048M (60%)         510M (29%)         418M (24%)        1050M (60%)         416M (24%)    
[2026-04-03T02:38:50.446+0600][21.901s][info][gc,heap     ] GC(8) y: Young Generation Statistics:
[2026-04-03T02:38:50.446+0600][21.901s][info][gc,heap     ] GC(8) y:                Mark Start          Mark End        Relocate Start      Relocate End    
[2026-04-03T02:38:50.446+0600][21.901s][info][gc,heap     ] GC(8) y:      Used:      766M (44%)         882M (50%)         344M (20%)         252M (14%)    
[2026-04-03T02:38:50.446+0600][21.901s][info][gc,heap     ] GC(8) y:      Live:         -                29M (2%)           29M (2%)           29M (2%)     
[2026-04-03T02:38:50.446+0600][21.901s][info][gc,heap     ] GC(8) y:   Garbage:         -               736M (42%)         152M (9%)            1M (0%)     
[2026-04-03T02:38:50.446+0600][21.901s][info][gc,heap     ] GC(8) y: Allocated:         -               116M (7%)          162M (9%)          220M (13%)    
[2026-04-03T02:38:50.446+0600][21.901s][info][gc,heap     ] GC(8) y: Reclaimed:         -                  -               584M (33%)         734M (42%)    
[2026-04-03T02:38:50.446+0600][21.901s][info][gc,heap     ] GC(8) y:  Promoted:         -                  -                 0M (0%)            0M (0%)     
[2026-04-03T02:38:50.446+0600][21.901s][info][gc,heap     ] GC(8) y: Compacted:         -                  -                  -                 5M (0%)     
[2026-04-03T02:38:50.446+0600][21.901s][info][gc,phases   ] GC(8) y: Young Generation 932M(53%)->418M(24%) 0.100s
[2026-04-03T02:38:50.446+0600][21.901s][info][gc          ] GC(8) Minor Collection (Allocation Rate) 932M(53%)->424M(24%) 0.101s
[2026-04-03T02:38:51.868+0600][23.323s][info][gc          ] GC(9) Minor Collection (Allocation Rate)
[2026-04-03T02:38:51.868+0600][23.323s][info][gc,task     ] GC(9) Using 2 Workers for Young Generation
[2026-04-03T02:38:51.868+0600][23.323s][info][gc,phases   ] GC(9) y: Young Generation
[2026-04-03T02:38:51.868+0600][23.324s][info][gc,phases   ] GC(9) y: Pause Mark Start 0.033ms
[2026-04-03T02:38:51.917+0600][23.372s][info][gc,phases   ] GC(9) y: Concurrent Mark 24.906ms
[2026-04-03T02:38:51.917+0600][23.372s][info][gc,phases   ] GC(9) y: Pause Mark End 0.028ms
[2026-04-03T02:38:51.917+0600][23.373s][info][gc,phases   ] GC(9) y: Concurrent Mark Free 0.003ms
[2026-04-03T02:38:51.917+0600][23.373s][info][gc,phases   ] GC(9) y: Concurrent Reset Relocation Set 0.035ms
[2026-04-03T02:38:51.923+0600][23.378s][info][gc,reloc    ] GC(9) y: Using tenuring threshold: 2 (Computed)
[2026-04-03T02:38:51.923+0600][23.379s][info][gc,phases   ] GC(9) y: Concurrent Select Relocation Set 6.071ms
[2026-04-03T02:38:51.924+0600][23.379s][info][gc,phases   ] GC(9) y: Pause Relocate Start 0.061ms
[2026-04-03T02:38:51.927+0600][23.382s][info][gc,phases   ] GC(9) y: Concurrent Relocate 3.039ms
[2026-04-03T02:38:51.927+0600][23.382s][info][gc,alloc    ] GC(9) y:                         Mark Start        Mark End      Relocate Start    Relocate End   
[2026-04-03T02:38:51.927+0600][23.382s][info][gc,alloc    ] GC(9) y: Allocation Stalls:          0                0                0                0         
[2026-04-03T02:38:51.927+0600][23.383s][info][gc,load     ] GC(9) y: Load: 5.14 (43%) / 5.27 (44%) / 5.60 (47%)
[2026-04-03T02:38:51.927+0600][23.383s][info][gc,mmu      ] GC(9) y: MMU: 2ms/96.9%, 5ms/98.8%, 10ms/99.1%, 20ms/99.6%, 50ms/99.8%, 100ms/99.9%
[2026-04-03T02:38:51.927+0600][23.383s][info][gc,marking  ] GC(9) y: Mark: 2 stripe(s), 2 proactive flush(es), 1 terminate flush(es), 0 completion(s), 0 continuation(s) 
[2026-04-03T02:38:51.927+0600][23.383s][info][gc,marking  ] GC(9) y: Mark Stack Usage: 32M
[2026-04-03T02:38:51.927+0600][23.383s][info][gc,nmethod  ] GC(9) y: NMethods: 10694 registered, 0 unregistered
[2026-04-03T02:38:51.927+0600][23.383s][info][gc,metaspace] GC(9) y: Metaspace: 124M used, 125M committed, 1152M reserved
[2026-04-03T02:38:51.927+0600][23.383s][info][gc,reloc    ] GC(9) y:                        Candidates     Selected     In-Place         Size        Empty    Relocated 
[2026-04-03T02:38:51.927+0600][23.383s][info][gc,reloc    ] GC(9) y: Small Pages:                  113           94            0         226M          30M           2M 
[2026-04-03T02:38:51.927+0600][23.383s][info][gc,reloc    ] GC(9) y: Medium Pages:                   2            0            0          64M          64M           0M 
[2026-04-03T02:38:51.927+0600][23.383s][info][gc,reloc    ] GC(9) y: Large Pages:                   51            0            0         306M         306M           0M 
[2026-04-03T02:38:51.927+0600][23.383s][info][gc,reloc    ] GC(9) y: Forwarding Usage: 0M
[2026-04-03T02:38:51.927+0600][23.383s][info][gc,reloc    ] GC(9) y: Age Table:
[2026-04-03T02:38:51.927+0600][23.383s][info][gc,reloc    ] GC(9) y:                    Live             Garbage             Small              Medium             Large        
[2026-04-03T02:38:51.927+0600][23.383s][info][gc,reloc    ] GC(9) y: Eden               2M (0%)          549M (31%)        103 / 89             2 / 0             47 / 0        
[2026-04-03T02:38:51.927+0600][23.383s][info][gc,reloc    ] GC(9) y: Survivor 1         2M (0%)           41M (2%)          10 / 5              0 / 0              4 / 0        
[2026-04-03T02:38:51.927+0600][23.383s][info][gc,heap     ] GC(9) y: Min Capacity: 8M(0%)
[2026-04-03T02:38:51.927+0600][23.383s][info][gc,heap     ] GC(9) y: Max Capacity: 1750M(100%)
[2026-04-03T02:38:51.927+0600][23.383s][info][gc,heap     ] GC(9) y: Soft Max Capacity: 1750M(100%)
[2026-04-03T02:38:51.927+0600][23.383s][info][gc,heap     ] GC(9) y: Heap Statistics:
[2026-04-03T02:38:51.927+0600][23.383s][info][gc,heap     ] GC(9) y:                Mark Start          Mark End        Relocate Start      Relocate End           High               Low         
[2026-04-03T02:38:51.927+0600][23.383s][info][gc,heap     ] GC(9) y:  Capacity:     1556M (89%)        1556M (89%)        1556M (89%)        1556M (89%)        1556M (89%)        1556M (89%)    
[2026-04-03T02:38:51.927+0600][23.383s][info][gc,heap     ] GC(9) y:      Free:      988M (56%)         978M (56%)        1376M (79%)        1554M (89%)        1554M (89%)         978M (56%)    
[2026-04-03T02:38:51.927+0600][23.383s][info][gc,heap     ] GC(9) y:      Used:      762M (44%)         772M (44%)         374M (21%)         196M (11%)         772M (44%)         196M (11%)    
[2026-04-03T02:38:51.927+0600][23.383s][info][gc,heap     ] GC(9) y: Young Generation Statistics:
[2026-04-03T02:38:51.927+0600][23.383s][info][gc,heap     ] GC(9) y:                Mark Start          Mark End        Relocate Start      Relocate End    
[2026-04-03T02:38:51.927+0600][23.383s][info][gc,heap     ] GC(9) y:      Used:      596M (34%)         606M (35%)         208M (12%)          30M (2%)     
[2026-04-03T02:38:51.927+0600][23.383s][info][gc,heap     ] GC(9) y:      Live:         -                 5M (0%)            5M (0%)            5M (0%)     
[2026-04-03T02:38:51.927+0600][23.383s][info][gc,heap     ] GC(9) y:   Garbage:         -               590M (34%)         190M (11%)           1M (0%)     
[2026-04-03T02:38:51.927+0600][23.383s][info][gc,heap     ] GC(9) y: Allocated:         -                10M (1%)           12M (1%)           23M (1%)     
[2026-04-03T02:38:51.927+0600][23.383s][info][gc,heap     ] GC(9) y: Reclaimed:         -                  -               400M (23%)         589M (34%)    
[2026-04-03T02:38:51.927+0600][23.383s][info][gc,heap     ] GC(9) y:  Promoted:         -                  -                 0M (0%)            0M (0%)     
[2026-04-03T02:38:51.927+0600][23.383s][info][gc,heap     ] GC(9) y: Compacted:         -                  -                  -                 2M (0%)     
[2026-04-03T02:38:51.927+0600][23.383s][info][gc,phases   ] GC(9) y: Young Generation 762M(44%)->196M(11%) 0.059s
[2026-04-03T02:38:51.927+0600][23.383s][info][gc          ] GC(9) Minor Collection (Allocation Rate) 762M(44%)->196M(11%) 0.060s
[2026-04-03T02:38:53.312+0600][24.767s][info][gc          ] GC(10) Minor Collection (Allocation Rate)
[2026-04-03T02:38:53.312+0600][24.767s][info][gc,task     ] GC(10) Using 1 Workers for Young Generation
[2026-04-03T02:38:53.312+0600][24.767s][info][gc,phases   ] GC(10) y: Young Generation
[2026-04-03T02:38:53.312+0600][24.768s][info][gc,phases   ] GC(10) y: Pause Mark Start 0.030ms
[2026-04-03T02:38:53.374+0600][24.829s][info][gc,phases   ] GC(10) y: Concurrent Mark 61.337ms
[2026-04-03T02:38:53.375+0600][24.830s][info][gc,phases   ] GC(10) y: Pause Mark End 0.033ms
[2026-04-03T02:38:53.375+0600][24.830s][info][gc,phases   ] GC(10) y: Concurrent Mark Free 0.002ms
[2026-04-03T02:38:53.375+0600][24.830s][info][gc,phases   ] GC(10) y: Concurrent Reset Relocation Set 0.016ms
[2026-04-03T02:38:53.382+0600][24.837s][info][gc,reloc    ] GC(10) y: Using tenuring threshold: 3 (Computed)
[2026-04-03T02:38:53.383+0600][24.838s][info][gc,phases   ] GC(10) y: Concurrent Select Relocation Set 7.605ms
[2026-04-03T02:38:53.383+0600][24.838s][info][gc,phases   ] GC(10) y: Pause Relocate Start 0.030ms
[2026-04-03T02:38:53.398+0600][24.854s][info][gc,phases   ] GC(10) y: Concurrent Relocate 15.088ms
[2026-04-03T02:38:53.398+0600][24.854s][info][gc,alloc    ] GC(10) y:                         Mark Start        Mark End      Relocate Start    Relocate End   
[2026-04-03T02:38:53.398+0600][24.854s][info][gc,alloc    ] GC(10) y: Allocation Stalls:          0                0                0                0         
[2026-04-03T02:38:53.398+0600][24.854s][info][gc,load     ] GC(10) y: Load: 5.14 (43%) / 5.27 (44%) / 5.60 (47%)
[2026-04-03T02:38:53.398+0600][24.854s][info][gc,mmu      ] GC(10) y: MMU: 2ms/96.9%, 5ms/98.8%, 10ms/99.1%, 20ms/99.6%, 50ms/99.8%, 100ms/99.9%
[2026-04-03T02:38:53.398+0600][24.854s][info][gc,marking  ] GC(10) y: Mark: 1 stripe(s), 2 proactive flush(es), 1 terminate flush(es), 0 completion(s), 0 continuation(s) 
[2026-04-03T02:38:53.398+0600][24.854s][info][gc,marking  ] GC(10) y: Mark Stack Usage: 32M
[2026-04-03T02:38:53.398+0600][24.854s][info][gc,nmethod  ] GC(10) y: NMethods: 11967 registered, 0 unregistered
[2026-04-03T02:38:53.399+0600][24.854s][info][gc,metaspace] GC(10) y: Metaspace: 124M used, 126M committed, 1152M reserved
[2026-04-03T02:38:53.399+0600][24.854s][info][gc,reloc    ] GC(10) y:                        Candidates     Selected     In-Place         Size        Empty    Relocated 
[2026-04-03T02:38:53.399+0600][24.854s][info][gc,reloc    ] GC(10) y: Small Pages:                  261          178            0         522M         156M           4M 
[2026-04-03T02:38:53.399+0600][24.854s][info][gc,reloc    ] GC(10) y: Medium Pages:                   3            0            0          96M          96M           0M 
[2026-04-03T02:38:53.399+0600][24.854s][info][gc,reloc    ] GC(10) y: Large Pages:                   11            0            0          66M          66M           0M 
[2026-04-03T02:38:53.399+0600][24.854s][info][gc,reloc    ] GC(10) y: Forwarding Usage: 1M
[2026-04-03T02:38:53.399+0600][24.854s][info][gc,reloc    ] GC(10) y: Age Table:
[2026-04-03T02:38:53.399+0600][24.854s][info][gc,reloc    ] GC(10) y:                    Live             Garbage             Small              Medium             Large        
[2026-04-03T02:38:53.399+0600][24.854s][info][gc,reloc    ] GC(10) y: Eden               2M (0%)          665M (38%)        253 / 173            3 / 0             11 / 0        
[2026-04-03T02:38:53.399+0600][24.854s][info][gc,reloc    ] GC(10) y: Survivor 1         2M (0%)            5M (0%)           4 / 2              0 / 0              0 / 0        
[2026-04-03T02:38:53.399+0600][24.854s][info][gc,reloc    ] GC(10) y: Survivor 2         2M (0%)            5M (0%)           4 / 3              0 / 0              0 / 0        
[2026-04-03T02:38:53.399+0600][24.854s][info][gc,heap     ] GC(10) y: Min Capacity: 8M(0%)
[2026-04-03T02:38:53.399+0600][24.854s][info][gc,heap     ] GC(10) y: Max Capacity: 1750M(100%)
[2026-04-03T02:38:53.399+0600][24.854s][info][gc,heap     ] GC(10) y: Soft Max Capacity: 1750M(100%)
[2026-04-03T02:38:53.399+0600][24.854s][info][gc,heap     ] GC(10) y: Heap Statistics:
[2026-04-03T02:38:53.399+0600][24.854s][info][gc,heap     ] GC(10) y:                Mark Start          Mark End        Relocate Start      Relocate End           High               Low         
[2026-04-03T02:38:53.399+0600][24.854s][info][gc,heap     ] GC(10) y:  Capacity:     1620M (93%)        1620M (93%)        1620M (93%)        1620M (93%)        1620M (93%)        1620M (93%)    
[2026-04-03T02:38:53.399+0600][24.854s][info][gc,heap     ] GC(10) y:      Free:      900M (51%)         810M (46%)        1124M (64%)        1452M (83%)        1452M (83%)         810M (46%)    
[2026-04-03T02:38:53.399+0600][24.854s][info][gc,heap     ] GC(10) y:      Used:      850M (49%)         940M (54%)         626M (36%)         298M (17%)         940M (54%)         298M (17%)    
[2026-04-03T02:38:53.399+0600][24.854s][info][gc,heap     ] GC(10) y: Young Generation Statistics:
[2026-04-03T02:38:53.399+0600][24.854s][info][gc,heap     ] GC(10) y:                Mark Start          Mark End        Relocate Start      Relocate End    
[2026-04-03T02:38:53.399+0600][24.854s][info][gc,heap     ] GC(10) y:      Used:      684M (39%)         774M (44%)         460M (26%)         132M (8%)     
[2026-04-03T02:38:53.399+0600][24.854s][info][gc,heap     ] GC(10) y:      Live:         -                 8M (0%)            8M (0%)            8M (0%)     
[2026-04-03T02:38:53.399+0600][24.854s][info][gc,heap     ] GC(10) y:   Garbage:         -               675M (39%)         357M (20%)           0M (0%)     
[2026-04-03T02:38:53.399+0600][24.854s][info][gc,heap     ] GC(10) y: Allocated:         -                90M (5%)           94M (5%)          123M (7%)     
[2026-04-03T02:38:53.399+0600][24.854s][info][gc,heap     ] GC(10) y: Reclaimed:         -                  -               318M (18%)         675M (39%)    
[2026-04-03T02:38:53.399+0600][24.854s][info][gc,heap     ] GC(10) y:  Promoted:         -                  -                 0M (0%)            0M (0%)     
[2026-04-03T02:38:53.399+0600][24.854s][info][gc,heap     ] GC(10) y: Compacted:         -                  -                  -                 6M (0%)     
[2026-04-03T02:38:53.399+0600][24.854s][info][gc,phases   ] GC(10) y: Young Generation 850M(49%)->298M(17%) 0.086s
[2026-04-03T02:38:53.399+0600][24.854s][info][gc          ] GC(10) Minor Collection (Allocation Rate) 850M(49%)->298M(17%) 0.087s
[2026-04-03T02:38:55.049+0600][26.504s][info][gc          ] GC(11) Minor Collection (Allocation Rate)
[2026-04-03T02:38:55.049+0600][26.505s][info][gc,task     ] GC(11) Using 1 Workers for Young Generation
[2026-04-03T02:38:55.049+0600][26.505s][info][gc,phases   ] GC(11) y: Young Generation
[2026-04-03T02:38:55.060+0600][26.516s][info][gc,phases   ] GC(11) y: Pause Mark Start 0.018ms
[2026-04-03T02:38:55.133+0600][26.588s][info][gc,phases   ] GC(11) y: Concurrent Mark 72.453ms
[2026-04-03T02:38:55.133+0600][26.589s][info][gc,phases   ] GC(11) y: Pause Mark End 0.026ms
[2026-04-03T02:38:55.133+0600][26.589s][info][gc,phases   ] GC(11) y: Concurrent Mark Free 0.002ms
[2026-04-03T02:38:55.134+0600][26.589s][info][gc,phases   ] GC(11) y: Concurrent Reset Relocation Set 0.025ms
[2026-04-03T02:38:55.136+0600][26.592s][info][gc,reloc    ] GC(11) y: Using tenuring threshold: 4 (Computed)
[2026-04-03T02:38:55.137+0600][26.592s][info][gc,phases   ] GC(11) y: Concurrent Select Relocation Set 3.383ms
[2026-04-03T02:38:55.137+0600][26.593s][info][gc,phases   ] GC(11) y: Pause Relocate Start 0.021ms
[2026-04-03T02:38:55.151+0600][26.607s][info][gc,phases   ] GC(11) y: Concurrent Relocate 13.818ms
[2026-04-03T02:38:55.151+0600][26.607s][info][gc,alloc    ] GC(11) y:                         Mark Start        Mark End      Relocate Start    Relocate End   
[2026-04-03T02:38:55.151+0600][26.607s][info][gc,alloc    ] GC(11) y: Allocation Stalls:          0                0                0                0         
[2026-04-03T02:38:55.151+0600][26.607s][info][gc,load     ] GC(11) y: Load: 5.45 (45%) / 5.33 (44%) / 5.62 (47%)
[2026-04-03T02:38:55.151+0600][26.607s][info][gc,mmu      ] GC(11) y: MMU: 2ms/96.9%, 5ms/98.8%, 10ms/99.1%, 20ms/99.6%, 50ms/99.8%, 100ms/99.9%
[2026-04-03T02:38:55.151+0600][26.607s][info][gc,marking  ] GC(11) y: Mark: 1 stripe(s), 2 proactive flush(es), 1 terminate flush(es), 0 completion(s), 0 continuation(s) 
[2026-04-03T02:38:55.151+0600][26.607s][info][gc,marking  ] GC(11) y: Mark Stack Usage: 32M
[2026-04-03T02:38:55.151+0600][26.607s][info][gc,nmethod  ] GC(11) y: NMethods: 12938 registered, 0 unregistered
[2026-04-03T02:38:55.151+0600][26.607s][info][gc,metaspace] GC(11) y: Metaspace: 125M used, 127M committed, 1152M reserved
[2026-04-03T02:38:55.151+0600][26.607s][info][gc,reloc    ] GC(11) y:                        Candidates     Selected     In-Place         Size        Empty    Relocated 
[2026-04-03T02:38:55.151+0600][26.607s][info][gc,reloc    ] GC(11) y: Small Pages:                  397          265            0         794M         252M           6M 
[2026-04-03T02:38:55.151+0600][26.607s][info][gc,reloc    ] GC(11) y: Medium Pages:                   5            0            0         160M         128M           0M 
[2026-04-03T02:38:55.151+0600][26.607s][info][gc,reloc    ] GC(11) y: Large Pages:                   18            0            0         108M         108M           0M 
[2026-04-03T02:38:55.151+0600][26.607s][info][gc,reloc    ] GC(11) y: Forwarding Usage: 1M
[2026-04-03T02:38:55.151+0600][26.607s][info][gc,reloc    ] GC(11) y: Age Table:
[2026-04-03T02:38:55.151+0600][26.607s][info][gc,reloc    ] GC(11) y:                    Live             Garbage             Small              Medium             Large        
[2026-04-03T02:38:55.151+0600][26.607s][info][gc,reloc    ] GC(11) y: Eden               5M (0%)         1018M (58%)        378 / 250            5 / 0             18 / 0        
[2026-04-03T02:38:55.151+0600][26.607s][info][gc,reloc    ] GC(11) y: Survivor 1         1M (0%)            6M (0%)           4 / 3              0 / 0              0 / 0        
[2026-04-03T02:38:55.151+0600][26.607s][info][gc,reloc    ] GC(11) y: Survivor 2         2M (0%)            5M (0%)           4 / 3              0 / 0              0 / 0        
[2026-04-03T02:38:55.151+0600][26.607s][info][gc,reloc    ] GC(11) y: Survivor 3         2M (0%)           19M (1%)          11 / 9              0 / 0              0 / 0        
[2026-04-03T02:38:55.151+0600][26.607s][info][gc,heap     ] GC(11) y: Min Capacity: 8M(0%)
[2026-04-03T02:38:55.151+0600][26.607s][info][gc,heap     ] GC(11) y: Max Capacity: 1750M(100%)
[2026-04-03T02:38:55.151+0600][26.607s][info][gc,heap     ] GC(11) y: Soft Max Capacity: 1750M(100%)
[2026-04-03T02:38:55.151+0600][26.607s][info][gc,heap     ] GC(11) y: Heap Statistics:
[2026-04-03T02:38:55.152+0600][26.607s][info][gc,heap     ] GC(11) y:                Mark Start          Mark End        Relocate Start      Relocate End           High               Low         
[2026-04-03T02:38:55.152+0600][26.607s][info][gc,heap     ] GC(11) y:  Capacity:     1748M (100%)       1748M (100%)       1748M (100%)       1748M (100%)       1748M (100%)       1748M (100%)   
[2026-04-03T02:38:55.152+0600][26.607s][info][gc,heap     ] GC(11) y:      Free:      522M (30%)         434M (25%)         920M (53%)        1414M (81%)        1416M (81%)         434M (25%)    
[2026-04-03T02:38:55.152+0600][26.607s][info][gc,heap     ] GC(11) y:      Used:     1228M (70%)        1316M (75%)         830M (47%)         336M (19%)        1316M (75%)         334M (19%)    
[2026-04-03T02:38:55.152+0600][26.607s][info][gc,heap     ] GC(11) y: Young Generation Statistics:
[2026-04-03T02:38:55.152+0600][26.607s][info][gc,heap     ] GC(11) y:                Mark Start          Mark End        Relocate Start      Relocate End    
[2026-04-03T02:38:55.152+0600][26.607s][info][gc,heap     ] GC(11) y:      Used:     1062M (61%)        1150M (66%)         664M (38%)         170M (10%)    
[2026-04-03T02:38:55.152+0600][26.607s][info][gc,heap     ] GC(11) y:      Live:         -                12M (1%)           12M (1%)           12M (1%)     
[2026-04-03T02:38:55.152+0600][26.607s][info][gc,heap     ] GC(11) y:   Garbage:         -              1049M (60%)         561M (32%)          29M (2%)     
[2026-04-03T02:38:55.152+0600][26.607s][info][gc,heap     ] GC(11) y: Allocated:         -                88M (5%)           90M (5%)          127M (7%)     
[2026-04-03T02:38:55.152+0600][26.607s][info][gc,heap     ] GC(11) y: Reclaimed:         -                  -               488M (28%)        1019M (58%)    
[2026-04-03T02:38:55.152+0600][26.607s][info][gc,heap     ] GC(11) y:  Promoted:         -                  -                 0M (0%)            0M (0%)     
[2026-04-03T02:38:55.152+0600][26.607s][info][gc,heap     ] GC(11) y: Compacted:         -                  -                  -                 8M (0%)     
[2026-04-03T02:38:55.152+0600][26.607s][info][gc,phases   ] GC(11) y: Young Generation 1260M(72%)->336M(19%) 0.102s
[2026-04-03T02:38:55.152+0600][26.607s][info][gc          ] GC(11) Minor Collection (Allocation Rate) 1260M(72%)->336M(19%) 0.103s
[2026-04-03T02:38:56.462+0600][27.917s][info][gc          ] GC(12) Minor Collection (Allocation Rate)
[2026-04-03T02:38:56.462+0600][27.917s][info][gc,task     ] GC(12) Using 1 Workers for Young Generation
[2026-04-03T02:38:56.462+0600][27.917s][info][gc,phases   ] GC(12) y: Young Generation
[2026-04-03T02:38:56.462+0600][27.918s][info][gc,phases   ] GC(12) y: Pause Mark Start 0.027ms
[2026-04-03T02:38:56.526+0600][27.981s][info][gc,phases   ] GC(12) y: Concurrent Mark 63.411ms
[2026-04-03T02:38:56.526+0600][27.981s][info][gc,phases   ] GC(12) y: Pause Mark End 0.027ms
[2026-04-03T02:38:56.526+0600][27.982s][info][gc,phases   ] GC(12) y: Concurrent Mark Free 0.002ms
[2026-04-03T02:38:56.526+0600][27.982s][info][gc,phases   ] GC(12) y: Concurrent Reset Relocation Set 0.027ms
[2026-04-03T02:38:56.528+0600][27.984s][info][gc,reloc    ] GC(12) y: Using tenuring threshold: 5 (Computed)
[2026-04-03T02:38:56.529+0600][27.984s][info][gc,phases   ] GC(12) y: Concurrent Select Relocation Set 2.768ms
[2026-04-03T02:38:56.529+0600][27.985s][info][gc,phases   ] GC(12) y: Pause Relocate Start 0.032ms
[2026-04-03T02:38:56.543+0600][27.998s][info][gc,phases   ] GC(12) y: Concurrent Relocate 13.227ms
[2026-04-03T02:38:56.543+0600][27.998s][info][gc,alloc    ] GC(12) y:                         Mark Start        Mark End      Relocate Start    Relocate End   
[2026-04-03T02:38:56.543+0600][27.998s][info][gc,alloc    ] GC(12) y: Allocation Stalls:          0                0                0                0         
[2026-04-03T02:38:56.543+0600][27.998s][info][gc,load     ] GC(12) y: Load: 5.45 (45%) / 5.33 (44%) / 5.62 (47%)
[2026-04-03T02:38:56.543+0600][27.998s][info][gc,mmu      ] GC(12) y: MMU: 2ms/96.9%, 5ms/98.8%, 10ms/99.1%, 20ms/99.6%, 50ms/99.8%, 100ms/99.9%
[2026-04-03T02:38:56.543+0600][27.998s][info][gc,marking  ] GC(12) y: Mark: 1 stripe(s), 2 proactive flush(es), 1 terminate flush(es), 0 completion(s), 0 continuation(s) 
[2026-04-03T02:38:56.543+0600][27.998s][info][gc,marking  ] GC(12) y: Mark Stack Usage: 32M
[2026-04-03T02:38:56.543+0600][27.998s][info][gc,nmethod  ] GC(12) y: NMethods: 13596 registered, 0 unregistered
[2026-04-03T02:38:56.543+0600][27.998s][info][gc,metaspace] GC(12) y: Metaspace: 126M used, 127M committed, 1152M reserved
[2026-04-03T02:38:56.543+0600][27.998s][info][gc,reloc    ] GC(12) y:                        Candidates     Selected     In-Place         Size        Empty    Relocated 
[2026-04-03T02:38:56.543+0600][27.998s][info][gc,reloc    ] GC(12) y: Small Pages:                  355          227            0         710M         240M           6M 
[2026-04-03T02:38:56.543+0600][27.998s][info][gc,reloc    ] GC(12) y: Medium Pages:                   6            0            0         192M         192M           0M 
[2026-04-03T02:38:56.543+0600][27.998s][info][gc,reloc    ] GC(12) y: Large Pages:                   19            0            0         114M         114M           0M 
[2026-04-03T02:38:56.543+0600][27.998s][info][gc,reloc    ] GC(12) y: Forwarding Usage: 1M
[2026-04-03T02:38:56.543+0600][27.998s][info][gc,reloc    ] GC(12) y: Age Table:
[2026-04-03T02:38:56.543+0600][27.998s][info][gc,reloc    ] GC(12) y:                    Live             Garbage             Small              Medium             Large        
[2026-04-03T02:38:56.543+0600][27.998s][info][gc,reloc    ] GC(12) y: Eden               4M (0%)          933M (53%)        332 / 209            5 / 0             19 / 0        
[2026-04-03T02:38:56.543+0600][27.998s][info][gc,reloc    ] GC(12) y: Survivor 1         3M (0%)           32M (2%)           2 / 1              1 / 0              0 / 0        
[2026-04-03T02:38:56.543+0600][27.998s][info][gc,reloc    ] GC(12) y: Survivor 2         1M (0%)           10M (1%)           6 / 5              0 / 0              0 / 0        
[2026-04-03T02:38:56.543+0600][27.998s][info][gc,reloc    ] GC(12) y: Survivor 3         2M (0%)           15M (1%)           9 / 8              0 / 0              0 / 0        
[2026-04-03T02:38:56.543+0600][27.998s][info][gc,reloc    ] GC(12) y: Survivor 4         2M (0%)            9M (1%)           6 / 4              0 / 0              0 / 0        
[2026-04-03T02:38:56.543+0600][27.998s][info][gc,heap     ] GC(12) y: Min Capacity: 8M(0%)
[2026-04-03T02:38:56.543+0600][27.998s][info][gc,heap     ] GC(12) y: Max Capacity: 1750M(100%)
[2026-04-03T02:38:56.543+0600][27.998s][info][gc,heap     ] GC(12) y: Soft Max Capacity: 1750M(100%)
[2026-04-03T02:38:56.543+0600][27.998s][info][gc,heap     ] GC(12) y: Heap Statistics:
[2026-04-03T02:38:56.543+0600][27.998s][info][gc,heap     ] GC(12) y:                Mark Start          Mark End        Relocate Start      Relocate End           High               Low         
[2026-04-03T02:38:56.543+0600][27.998s][info][gc,heap     ] GC(12) y:  Capacity:     1748M (100%)       1748M (100%)       1748M (100%)       1748M (100%)       1748M (100%)       1748M (100%)   
[2026-04-03T02:38:56.543+0600][27.998s][info][gc,heap     ] GC(12) y:      Free:      568M (32%)         518M (30%)        1062M (61%)        1474M (84%)        1474M (84%)         518M (30%)    
[2026-04-03T02:38:56.543+0600][27.998s][info][gc,heap     ] GC(12) y:      Used:     1182M (68%)        1232M (70%)         688M (39%)         276M (16%)        1232M (70%)         276M (16%)    
[2026-04-03T02:38:56.543+0600][27.998s][info][gc,heap     ] GC(12) y: Young Generation Statistics:
[2026-04-03T02:38:56.543+0600][27.998s][info][gc,heap     ] GC(12) y:                Mark Start          Mark End        Relocate Start      Relocate End    
[2026-04-03T02:38:56.543+0600][27.998s][info][gc,heap     ] GC(12) y:      Used:     1016M (58%)        1066M (61%)         522M (30%)         110M (6%)     
[2026-04-03T02:38:56.543+0600][27.998s][info][gc,heap     ] GC(12) y:      Live:         -                14M (1%)           14M (1%)           14M (1%)     
[2026-04-03T02:38:56.543+0600][27.998s][info][gc,heap     ] GC(12) y:   Garbage:         -              1001M (57%)         455M (26%)           0M (0%)     
[2026-04-03T02:38:56.543+0600][27.998s][info][gc,heap     ] GC(12) y: Allocated:         -                50M (3%)           52M (3%)           95M (5%)     
[2026-04-03T02:38:56.543+0600][27.998s][info][gc,heap     ] GC(12) y: Reclaimed:         -                  -               546M (31%)        1001M (57%)    
[2026-04-03T02:38:56.543+0600][27.998s][info][gc,heap     ] GC(12) y:  Promoted:         -                  -                 0M (0%)            0M (0%)     
[2026-04-03T02:38:56.543+0600][27.998s][info][gc,heap     ] GC(12) y: Compacted:         -                  -                  -                 6M (0%)     
[2026-04-03T02:38:56.543+0600][27.999s][info][gc,phases   ] GC(12) y: Young Generation 1182M(68%)->276M(16%) 0.081s
[2026-04-03T02:38:56.543+0600][27.999s][info][gc          ] GC(12) Minor Collection (Allocation Rate) 1182M(68%)->276M(16%) 0.082s
[2026-04-03T02:38:57.343+0600][28.799s][info][gc          ] GC(13) Minor Collection (Allocation Rate)
[2026-04-03T02:38:57.343+0600][28.799s][info][gc,task     ] GC(13) Using 1 Workers for Young Generation
[2026-04-03T02:38:57.343+0600][28.799s][info][gc,phases   ] GC(13) y: Young Generation
[2026-04-03T02:38:57.344+0600][28.799s][info][gc,phases   ] GC(13) y: Pause Mark Start 0.047ms
[2026-04-03T02:38:57.392+0600][28.847s][info][gc,task     ] Adjusting Workers for Young Generation: 1 -> 3
[2026-04-03T02:38:57.417+0600][28.873s][info][gc,phases   ] GC(13) y: Concurrent Mark 73.716ms
[2026-04-03T02:38:57.418+0600][28.873s][info][gc,phases   ] GC(13) y: Pause Mark End 0.027ms
[2026-04-03T02:38:57.418+0600][28.873s][info][gc,phases   ] GC(13) y: Concurrent Mark Free 0.001ms
[2026-04-03T02:38:57.418+0600][28.873s][info][gc,phases   ] GC(13) y: Concurrent Reset Relocation Set 0.020ms
[2026-04-03T02:38:57.420+0600][28.876s][info][gc,reloc    ] GC(13) y: Using tenuring threshold: 2 (Computed)
[2026-04-03T02:38:57.424+0600][28.880s][info][gc,phases   ] GC(13) y: Concurrent Select Relocation Set 6.369ms
[2026-04-03T02:38:57.425+0600][28.880s][info][gc,phases   ] GC(13) y: Pause Relocate Start 0.027ms
[2026-04-03T02:38:57.433+0600][28.889s][info][gc,phases   ] GC(13) y: Concurrent Relocate 8.394ms
[2026-04-03T02:38:57.433+0600][28.889s][info][gc,alloc    ] GC(13) y:                         Mark Start        Mark End      Relocate Start    Relocate End   
[2026-04-03T02:38:57.433+0600][28.889s][info][gc,alloc    ] GC(13) y: Allocation Stalls:          0                0                0                0         
[2026-04-03T02:38:57.433+0600][28.889s][info][gc,load     ] GC(13) y: Load: 5.45 (45%) / 5.33 (44%) / 5.62 (47%)
[2026-04-03T02:38:57.433+0600][28.889s][info][gc,mmu      ] GC(13) y: MMU: 2ms/96.9%, 5ms/98.8%, 10ms/99.1%, 20ms/99.6%, 50ms/99.8%, 100ms/99.9%
[2026-04-03T02:38:57.433+0600][28.889s][info][gc,marking  ] GC(13) y: Mark: 1 stripe(s), 10 proactive flush(es), 1 terminate flush(es), 0 completion(s), 0 continuation(s) 
[2026-04-03T02:38:57.433+0600][28.889s][info][gc,marking  ] GC(13) y: Mark Stack Usage: 32M
[2026-04-03T02:38:57.433+0600][28.889s][info][gc,nmethod  ] GC(13) y: NMethods: 13975 registered, 0 unregistered
[2026-04-03T02:38:57.433+0600][28.889s][info][gc,metaspace] GC(13) y: Metaspace: 126M used, 128M committed, 1152M reserved
[2026-04-03T02:38:57.433+0600][28.889s][info][gc,reloc    ] GC(13) y:                        Candidates     Selected     In-Place         Size        Empty    Relocated 
[2026-04-03T02:38:57.433+0600][28.889s][info][gc,reloc    ] GC(13) y: Small Pages:                  294          115            0         588M         338M           4M 
[2026-04-03T02:38:57.433+0600][28.889s][info][gc,reloc    ] GC(13) y: Medium Pages:                   2            0            0          64M          64M           0M 
[2026-04-03T02:38:57.433+0600][28.889s][info][gc,reloc    ] GC(13) y: Large Pages:                   75            0            0         450M         450M           0M 
[2026-04-03T02:38:57.433+0600][28.889s][info][gc,reloc    ] GC(13) y: Forwarding Usage: 0M
[2026-04-03T02:38:57.433+0600][28.889s][info][gc,reloc    ] GC(13) y: Age Table:
[2026-04-03T02:38:57.433+0600][28.889s][info][gc,reloc    ] GC(13) y:                    Live             Garbage             Small              Medium             Large        
[2026-04-03T02:38:57.433+0600][28.889s][info][gc,reloc    ] GC(13) y: Eden               3M (0%)         1042M (60%)        266 / 96             2 / 0             75 / 0        
[2026-04-03T02:38:57.433+0600][28.889s][info][gc,reloc    ] GC(13) y: Survivor 1         3M (0%)           16M (1%)          10 / 7              0 / 0              0 / 0        
[2026-04-03T02:38:57.433+0600][28.889s][info][gc,reloc    ] GC(13) y: Survivor 2         3M (0%)            6M (0%)           5 / 3              0 / 0              0 / 0        
[2026-04-03T02:38:57.433+0600][28.889s][info][gc,reloc    ] GC(13) y: Survivor 3         1M (0%)            8M (0%)           5 / 4              0 / 0              0 / 0        
[2026-04-03T02:38:57.433+0600][28.889s][info][gc,reloc    ] GC(13) y: Survivor 4         2M (0%)            7M (0%)           5 / 3              0 / 0              0 / 0        
[2026-04-03T02:38:57.433+0600][28.889s][info][gc,reloc    ] GC(13) y: Survivor 5         2M (0%)            3M (0%)           3 / 2              0 / 0              0 / 0        
[2026-04-03T02:38:57.433+0600][28.889s][info][gc,heap     ] GC(13) y: Min Capacity: 8M(0%)
[2026-04-03T02:38:57.433+0600][28.889s][info][gc,heap     ] GC(13) y: Max Capacity: 1750M(100%)
[2026-04-03T02:38:57.433+0600][28.889s][info][gc,heap     ] GC(13) y: Soft Max Capacity: 1750M(100%)
[2026-04-03T02:38:57.433+0600][28.889s][info][gc,heap     ] GC(13) y: Heap Statistics:
[2026-04-03T02:38:57.433+0600][28.889s][info][gc,heap     ] GC(13) y:                Mark Start          Mark End        Relocate Start      Relocate End           High               Low         
[2026-04-03T02:38:57.433+0600][28.889s][info][gc,heap     ] GC(13) y:  Capacity:     1748M (100%)       1750M (100%)       1750M (100%)       1750M (100%)       1750M (100%)       1748M (100%)   
[2026-04-03T02:38:57.433+0600][28.889s][info][gc,heap     ] GC(13) y:      Free:      482M (28%)          40M (2%)          886M (51%)        1100M (63%)        1102M (63%)          40M (2%)     
[2026-04-03T02:38:57.434+0600][28.889s][info][gc,heap     ] GC(13) y:      Used:     1268M (72%)        1710M (98%)         864M (49%)         650M (37%)        1710M (98%)         648M (37%)    
[2026-04-03T02:38:57.434+0600][28.889s][info][gc,heap     ] GC(13) y: Young Generation Statistics:
[2026-04-03T02:38:57.434+0600][28.889s][info][gc,heap     ] GC(13) y:                Mark Start          Mark End        Relocate Start      Relocate End    
[2026-04-03T02:38:57.434+0600][28.889s][info][gc,heap     ] GC(13) y:      Used:     1102M (63%)        1544M (88%)         688M (39%)         468M (27%)    
[2026-04-03T02:38:57.434+0600][28.889s][info][gc,heap     ] GC(13) y:      Live:         -                17M (1%)            8M (0%)            7M (0%)     
[2026-04-03T02:38:57.434+0600][28.889s][info][gc,heap     ] GC(13) y:   Garbage:         -              1084M (62%)         231M (13%)           0M (0%)     
[2026-04-03T02:38:57.434+0600][28.889s][info][gc,heap     ] GC(13) y: Allocated:         -               442M (25%)         448M (26%)         460M (26%)    
[2026-04-03T02:38:57.434+0600][28.889s][info][gc,heap     ] GC(13) y: Reclaimed:         -                  -               853M (49%)        1084M (62%)    
[2026-04-03T02:38:57.434+0600][28.889s][info][gc,heap     ] GC(13) y:  Promoted:         -                  -                 8M (1%)           10M (1%)     
[2026-04-03T02:38:57.434+0600][28.889s][info][gc,heap     ] GC(13) y: Compacted:         -                  -                  -                 3M (0%)     
[2026-04-03T02:38:57.434+0600][28.889s][info][gc,phases   ] GC(13) y: Young Generation 1268M(72%)->650M(37%) 0.090s
[2026-04-03T02:38:57.434+0600][28.889s][info][gc          ] GC(13) Minor Collection (Allocation Rate) 1268M(72%)->650M(37%) 0.090s
[2026-04-03T02:38:57.963+0600][29.418s][info][gc          ] GC(14) Minor Collection (Allocation Rate)
[2026-04-03T02:38:57.963+0600][29.418s][info][gc,task     ] GC(14) Using 2 Workers for Young Generation
[2026-04-03T02:38:57.963+0600][29.418s][info][gc,phases   ] GC(14) y: Young Generation
[2026-04-03T02:38:57.963+0600][29.419s][info][gc,phases   ] GC(14) y: Pause Mark Start 0.013ms
[2026-04-03T02:38:57.983+0600][29.438s][info][gc,phases   ] GC(14) y: Concurrent Mark 19.592ms
[2026-04-03T02:38:57.983+0600][29.438s][info][gc,phases   ] GC(14) y: Pause Mark End 0.020ms
[2026-04-03T02:38:57.983+0600][29.439s][info][gc,phases   ] GC(14) y: Concurrent Mark Free 0.001ms
[2026-04-03T02:38:57.983+0600][29.439s][info][gc,phases   ] GC(14) y: Concurrent Reset Relocation Set 0.028ms
[2026-04-03T02:38:57.985+0600][29.440s][info][gc,reloc    ] GC(14) y: Using tenuring threshold: 3 (Computed)
[2026-04-03T02:38:57.985+0600][29.440s][info][gc,phases   ] GC(14) y: Concurrent Select Relocation Set 1.618ms
[2026-04-03T02:38:57.985+0600][29.440s][info][gc,phases   ] GC(14) y: Pause Relocate Start 0.013ms
[2026-04-03T02:38:57.987+0600][29.443s][info][gc,phases   ] GC(14) y: Concurrent Relocate 2.446ms
[2026-04-03T02:38:57.987+0600][29.443s][info][gc,alloc    ] GC(14) y:                         Mark Start        Mark End      Relocate Start    Relocate End   
[2026-04-03T02:38:57.987+0600][29.443s][info][gc,alloc    ] GC(14) y: Allocation Stalls:          0                0                0                0         
[2026-04-03T02:38:57.987+0600][29.443s][info][gc,load     ] GC(14) y: Load: 5.45 (45%) / 5.33 (44%) / 5.62 (47%)
[2026-04-03T02:38:57.987+0600][29.443s][info][gc,mmu      ] GC(14) y: MMU: 2ms/96.9%, 5ms/98.8%, 10ms/99.1%, 20ms/99.6%, 50ms/99.8%, 100ms/99.9%
[2026-04-03T02:38:57.987+0600][29.443s][info][gc,marking  ] GC(14) y: Mark: 2 stripe(s), 2 proactive flush(es), 1 terminate flush(es), 0 completion(s), 0 continuation(s) 
[2026-04-03T02:38:57.987+0600][29.443s][info][gc,marking  ] GC(14) y: Mark Stack Usage: 32M
[2026-04-03T02:38:57.987+0600][29.443s][info][gc,nmethod  ] GC(14) y: NMethods: 14175 registered, 0 unregistered
[2026-04-03T02:38:57.987+0600][29.443s][info][gc,metaspace] GC(14) y: Metaspace: 126M used, 128M committed, 1152M reserved
[2026-04-03T02:38:57.987+0600][29.443s][info][gc,reloc    ] GC(14) y:                        Candidates     Selected     In-Place         Size        Empty    Relocated 
[2026-04-03T02:38:57.987+0600][29.443s][info][gc,reloc    ] GC(14) y: Small Pages:                  141          115            0         282M          42M           3M 
[2026-04-03T02:38:57.987+0600][29.443s][info][gc,reloc    ] GC(14) y: Medium Pages:                   2            0            0          64M          64M           0M 
[2026-04-03T02:38:57.988+0600][29.443s][info][gc,reloc    ] GC(14) y: Large Pages:                   70            0            0         420M         420M           0M 
[2026-04-03T02:38:57.988+0600][29.443s][info][gc,reloc    ] GC(14) y: Forwarding Usage: 0M
[2026-04-03T02:38:57.988+0600][29.443s][info][gc,reloc    ] GC(14) y: Age Table:
[2026-04-03T02:38:57.988+0600][29.443s][info][gc,reloc    ] GC(14) y:                    Live             Garbage             Small              Medium             Large        
[2026-04-03T02:38:57.988+0600][29.443s][info][gc,reloc    ] GC(14) y: Eden               2M (0%)          745M (43%)        132 / 109            2 / 0             70 / 0        
[2026-04-03T02:38:57.988+0600][29.443s][info][gc,reloc    ] GC(14) y: Survivor 1         2M (0%)            5M (0%)           4 / 3              0 / 0              0 / 0        
[2026-04-03T02:38:57.988+0600][29.443s][info][gc,reloc    ] GC(14) y: Survivor 2         3M (0%)            6M (0%)           5 / 3              0 / 0              0 / 0        
[2026-04-03T02:38:57.988+0600][29.443s][info][gc,heap     ] GC(14) y: Min Capacity: 8M(0%)
[2026-04-03T02:38:57.988+0600][29.443s][info][gc,heap     ] GC(14) y: Max Capacity: 1750M(100%)
[2026-04-03T02:38:57.988+0600][29.443s][info][gc,heap     ] GC(14) y: Soft Max Capacity: 1750M(100%)
[2026-04-03T02:38:57.988+0600][29.443s][info][gc,heap     ] GC(14) y: Heap Statistics:
[2026-04-03T02:38:57.988+0600][29.443s][info][gc,heap     ] GC(14) y:                Mark Start          Mark End        Relocate Start      Relocate End           High               Low         
[2026-04-03T02:38:57.988+0600][29.443s][info][gc,heap     ] GC(14) y:  Capacity:     1750M (100%)       1750M (100%)       1750M (100%)       1750M (100%)       1750M (100%)       1750M (100%)   
[2026-04-03T02:38:57.988+0600][29.443s][info][gc,heap     ] GC(14) y:      Free:      802M (46%)         792M (45%)        1316M (75%)        1538M (88%)        1538M (88%)         792M (45%)    
[2026-04-03T02:38:57.988+0600][29.443s][info][gc,heap     ] GC(14) y:      Used:      948M (54%)         958M (55%)         434M (25%)         212M (12%)         958M (55%)         212M (12%)    
[2026-04-03T02:38:57.988+0600][29.443s][info][gc,heap     ] GC(14) y: Young Generation Statistics:
[2026-04-03T02:38:57.988+0600][29.443s][info][gc,heap     ] GC(14) y:                Mark Start          Mark End        Relocate Start      Relocate End    
[2026-04-03T02:38:57.988+0600][29.443s][info][gc,heap     ] GC(14) y:      Used:      766M (44%)         776M (44%)         252M (14%)          30M (2%)     
[2026-04-03T02:38:57.988+0600][29.443s][info][gc,heap     ] GC(14) y:      Live:         -                 8M (0%)            8M (0%)            8M (0%)     
[2026-04-03T02:38:57.988+0600][29.443s][info][gc,heap     ] GC(14) y:   Garbage:         -               757M (43%)         231M (13%)           0M (0%)     
[2026-04-03T02:38:57.988+0600][29.443s][info][gc,heap     ] GC(14) y: Allocated:         -                10M (1%)           12M (1%)           21M (1%)     
[2026-04-03T02:38:57.988+0600][29.443s][info][gc,heap     ] GC(14) y: Reclaimed:         -                  -               526M (30%)         757M (43%)    
[2026-04-03T02:38:57.988+0600][29.443s][info][gc,heap     ] GC(14) y:  Promoted:         -                  -                 0M (0%)            0M (0%)     
[2026-04-03T02:38:57.988+0600][29.443s][info][gc,heap     ] GC(14) y: Compacted:         -                  -                  -                 4M (0%)     
[2026-04-03T02:38:57.988+0600][29.443s][info][gc,phases   ] GC(14) y: Young Generation 948M(54%)->212M(12%) 0.025s
[2026-04-03T02:38:57.988+0600][29.443s][info][gc          ] GC(14) Minor Collection (Allocation Rate) 948M(54%)->212M(12%) 0.025s
[2026-04-03T02:38:58.459+0600][29.914s][info][gc          ] GC(15) Minor Collection (Allocation Rate)
[2026-04-03T02:38:58.459+0600][29.914s][info][gc,task     ] GC(15) Using 1 Workers for Young Generation
[2026-04-03T02:38:58.459+0600][29.914s][info][gc,phases   ] GC(15) y: Young Generation
[2026-04-03T02:38:58.459+0600][29.914s][info][gc,phases   ] GC(15) y: Pause Mark Start 0.022ms
[2026-04-03T02:38:58.523+0600][29.978s][info][gc,phases   ] GC(15) y: Concurrent Mark 63.880ms
[2026-04-03T02:38:58.523+0600][29.979s][info][gc,phases   ] GC(15) y: Pause Mark End 0.020ms
[2026-04-03T02:38:58.523+0600][29.979s][info][gc,phases   ] GC(15) y: Concurrent Mark Free 0.005ms
[2026-04-03T02:38:58.523+0600][29.979s][info][gc,phases   ] GC(15) y: Concurrent Reset Relocation Set 0.018ms
[2026-04-03T02:38:58.526+0600][29.981s][info][gc,reloc    ] GC(15) y: Using tenuring threshold: 4 (Computed)
[2026-04-03T02:38:58.526+0600][29.982s][info][gc,phases   ] GC(15) y: Concurrent Select Relocation Set 2.865ms
[2026-04-03T02:38:58.527+0600][29.982s][info][gc,phases   ] GC(15) y: Pause Relocate Start 0.015ms
[2026-04-03T02:38:58.533+0600][29.989s][info][gc,phases   ] GC(15) y: Concurrent Relocate 6.817ms
[2026-04-03T02:38:58.534+0600][29.989s][info][gc,alloc    ] GC(15) y:                         Mark Start        Mark End      Relocate Start    Relocate End   
[2026-04-03T02:38:58.534+0600][29.989s][info][gc,alloc    ] GC(15) y: Allocation Stalls:          0                0                0                0         
[2026-04-03T02:38:58.534+0600][29.989s][info][gc,load     ] GC(15) y: Load: 5.45 (45%) / 5.33 (44%) / 5.62 (47%)
[2026-04-03T02:38:58.534+0600][29.989s][info][gc,mmu      ] GC(15) y: MMU: 2ms/96.9%, 5ms/98.8%, 10ms/99.1%, 20ms/99.6%, 50ms/99.8%, 100ms/99.9%
[2026-04-03T02:38:58.534+0600][29.989s][info][gc,marking  ] GC(15) y: Mark: 1 stripe(s), 2 proactive flush(es), 1 terminate flush(es), 0 completion(s), 0 continuation(s) 
[2026-04-03T02:38:58.534+0600][29.989s][info][gc,marking  ] GC(15) y: Mark Stack Usage: 32M
[2026-04-03T02:38:58.534+0600][29.989s][info][gc,nmethod  ] GC(15) y: NMethods: 14344 registered, 0 unregistered
[2026-04-03T02:38:58.534+0600][29.989s][info][gc,metaspace] GC(15) y: Metaspace: 127M used, 128M committed, 1152M reserved
[2026-04-03T02:38:58.534+0600][29.989s][info][gc,reloc    ] GC(15) y:                        Candidates     Selected     In-Place         Size        Empty    Relocated 
[2026-04-03T02:38:58.534+0600][29.989s][info][gc,reloc    ] GC(15) y: Small Pages:                  149           97            0         298M          90M           3M 
[2026-04-03T02:38:58.534+0600][29.989s][info][gc,reloc    ] GC(15) y: Medium Pages:                   2            0            0          64M          64M           0M 
[2026-04-03T02:38:58.534+0600][29.989s][info][gc,reloc    ] GC(15) y: Large Pages:                    7            0            0          42M          42M           0M 
[2026-04-03T02:38:58.534+0600][29.989s][info][gc,reloc    ] GC(15) y: Forwarding Usage: 1M
[2026-04-03T02:38:58.534+0600][29.989s][info][gc,reloc    ] GC(15) y: Age Table:
[2026-04-03T02:38:58.534+0600][29.989s][info][gc,reloc    ] GC(15) y:                    Live             Garbage             Small              Medium             Large        
[2026-04-03T02:38:58.534+0600][29.989s][info][gc,reloc    ] GC(15) y: Eden               2M (0%)          383M (22%)        140 / 93             2 / 0              7 / 0        
[2026-04-03T02:38:58.534+0600][29.989s][info][gc,reloc    ] GC(15) y: Survivor 1         1M (0%)            2M (0%)           2 / 1              0 / 0              0 / 0        
[2026-04-03T02:38:58.534+0600][29.989s][info][gc,reloc    ] GC(15) y: Survivor 2         2M (0%)            3M (0%)           3 / 1              0 / 0              0 / 0        
[2026-04-03T02:38:58.534+0600][29.989s][info][gc,reloc    ] GC(15) y: Survivor 3         3M (0%)            4M (0%)           4 / 2              0 / 0              0 / 0        
[2026-04-03T02:38:58.534+0600][29.989s][info][gc,heap     ] GC(15) y: Min Capacity: 8M(0%)
[2026-04-03T02:38:58.534+0600][29.989s][info][gc,heap     ] GC(15) y: Max Capacity: 1750M(100%)
[2026-04-03T02:38:58.534+0600][29.989s][info][gc,heap     ] GC(15) y: Soft Max Capacity: 1750M(100%)
[2026-04-03T02:38:58.534+0600][29.989s][info][gc,heap     ] GC(15) y: Heap Statistics:
[2026-04-03T02:38:58.534+0600][29.989s][info][gc,heap     ] GC(15) y:                Mark Start          Mark End        Relocate Start      Relocate End           High               Low         
[2026-04-03T02:38:58.534+0600][29.989s][info][gc,heap     ] GC(15) y:  Capacity:     1750M (100%)       1750M (100%)       1750M (100%)       1750M (100%)       1750M (100%)       1750M (100%)   
[2026-04-03T02:38:58.534+0600][29.989s][info][gc,heap     ] GC(15) y:      Free:     1164M (67%)        1094M (63%)        1290M (74%)        1442M (82%)        1444M (83%)        1094M (63%)    
[2026-04-03T02:38:58.534+0600][29.989s][info][gc,heap     ] GC(15) y:      Used:      586M (33%)         656M (37%)         460M (26%)         308M (18%)         656M (37%)         306M (17%)    
[2026-04-03T02:38:58.534+0600][29.989s][info][gc,heap     ] GC(15) y: Young Generation Statistics:
[2026-04-03T02:38:58.534+0600][29.989s][info][gc,heap     ] GC(15) y:                Mark Start          Mark End        Relocate Start      Relocate End    
[2026-04-03T02:38:58.534+0600][29.989s][info][gc,heap     ] GC(15) y:      Used:      404M (23%)         474M (27%)         278M (16%)         126M (7%)     
[2026-04-03T02:38:58.534+0600][29.989s][info][gc,heap     ] GC(15) y:      Live:         -                11M (1%)           11M (1%)           11M (1%)     
[2026-04-03T02:38:58.534+0600][29.989s][info][gc,heap     ] GC(15) y:   Garbage:         -               392M (22%)         196M (11%)           1M (0%)     
[2026-04-03T02:38:58.534+0600][29.989s][info][gc,heap     ] GC(15) y: Allocated:         -                70M (4%)           70M (4%)          113M (6%)     
[2026-04-03T02:38:58.534+0600][29.989s][info][gc,heap     ] GC(15) y: Reclaimed:         -                  -               196M (11%)         391M (22%)    
[2026-04-03T02:38:58.534+0600][29.989s][info][gc,heap     ] GC(15) y:  Promoted:         -                  -                 0M (0%)            0M (0%)     
[2026-04-03T02:38:58.534+0600][29.989s][info][gc,heap     ] GC(15) y: Compacted:         -                  -                  -                 4M (0%)     
[2026-04-03T02:38:58.534+0600][29.989s][info][gc,phases   ] GC(15) y: Young Generation 586M(33%)->308M(18%) 0.075s
[2026-04-03T02:38:58.534+0600][29.989s][info][gc          ] GC(15) Minor Collection (Allocation Rate) 586M(33%)->308M(18%) 0.075s
[2026-04-03T02:38:59.605+0600][31.060s][info][gc          ] GC(16) Minor Collection (Allocation Rate)
[2026-04-03T02:38:59.605+0600][31.061s][info][gc,task     ] GC(16) Using 1 Workers for Young Generation
[2026-04-03T02:38:59.605+0600][31.061s][info][gc,phases   ] GC(16) y: Young Generation
[2026-04-03T02:38:59.605+0600][31.061s][info][gc,phases   ] GC(16) y: Pause Mark Start 0.020ms
[2026-04-03T02:38:59.648+0600][31.103s][info][gc,phases   ] GC(16) y: Concurrent Mark 42.513ms
[2026-04-03T02:38:59.648+0600][31.104s][info][gc,phases   ] GC(16) y: Pause Mark End 0.022ms
[2026-04-03T02:38:59.648+0600][31.104s][info][gc,phases   ] GC(16) y: Concurrent Mark Free 0.002ms
[2026-04-03T02:38:59.648+0600][31.104s][info][gc,phases   ] GC(16) y: Concurrent Reset Relocation Set 0.012ms
[2026-04-03T02:38:59.651+0600][31.106s][info][gc,reloc    ] GC(16) y: Using tenuring threshold: 5 (Computed)
[2026-04-03T02:38:59.652+0600][31.107s][info][gc,phases   ] GC(16) y: Concurrent Select Relocation Set 3.256ms
[2026-04-03T02:38:59.652+0600][31.107s][info][gc,phases   ] GC(16) y: Pause Relocate Start 0.018ms
[2026-04-03T02:38:59.657+0600][31.113s][info][gc,phases   ] GC(16) y: Concurrent Relocate 5.430ms
[2026-04-03T02:38:59.657+0600][31.113s][info][gc,alloc    ] GC(16) y:                         Mark Start        Mark End      Relocate Start    Relocate End   
[2026-04-03T02:38:59.657+0600][31.113s][info][gc,alloc    ] GC(16) y: Allocation Stalls:          0                0                0                0         
[2026-04-03T02:38:59.657+0600][31.113s][info][gc,load     ] GC(16) y: Load: 5.45 (45%) / 5.33 (44%) / 5.62 (47%)
[2026-04-03T02:38:59.657+0600][31.113s][info][gc,mmu      ] GC(16) y: MMU: 2ms/96.9%, 5ms/98.8%, 10ms/99.1%, 20ms/99.6%, 50ms/99.8%, 100ms/99.9%
[2026-04-03T02:38:59.657+0600][31.113s][info][gc,marking  ] GC(16) y: Mark: 1 stripe(s), 2 proactive flush(es), 1 terminate flush(es), 0 completion(s), 0 continuation(s) 
[2026-04-03T02:38:59.657+0600][31.113s][info][gc,marking  ] GC(16) y: Mark Stack Usage: 32M
[2026-04-03T02:38:59.657+0600][31.113s][info][gc,nmethod  ] GC(16) y: NMethods: 14621 registered, 0 unregistered
[2026-04-03T02:38:59.657+0600][31.113s][info][gc,metaspace] GC(16) y: Metaspace: 127M used, 128M committed, 1152M reserved
[2026-04-03T02:38:59.657+0600][31.113s][info][gc,reloc    ] GC(16) y:                        Candidates     Selected     In-Place         Size        Empty    Relocated 
[2026-04-03T02:38:59.657+0600][31.113s][info][gc,reloc    ] GC(16) y: Small Pages:                  320          157            0         640M         312M           4M 
[2026-04-03T02:38:59.657+0600][31.113s][info][gc,reloc    ] GC(16) y: Medium Pages:                   5            0            0         160M         160M           0M 
[2026-04-03T02:38:59.657+0600][31.113s][info][gc,reloc    ] GC(16) y: Large Pages:                   17            0            0         102M         102M           0M 
[2026-04-03T02:38:59.657+0600][31.113s][info][gc,reloc    ] GC(16) y: Forwarding Usage: 1M
[2026-04-03T02:38:59.657+0600][31.113s][info][gc,reloc    ] GC(16) y: Age Table:
[2026-04-03T02:38:59.657+0600][31.113s][info][gc,reloc    ] GC(16) y:                    Live             Garbage             Small              Medium             Large        
[2026-04-03T02:38:59.657+0600][31.113s][info][gc,reloc    ] GC(16) y: Eden               2M (0%)          849M (49%)        295 / 138            5 / 0             17 / 0        
[2026-04-03T02:38:59.658+0600][31.113s][info][gc,reloc    ] GC(16) y: Survivor 1         0M (0%)           15M (1%)           8 / 6              0 / 0              0 / 0        
[2026-04-03T02:38:59.658+0600][31.113s][info][gc,reloc    ] GC(16) y: Survivor 2         1M (0%)           10M (1%)           6 / 5              0 / 0              0 / 0        
[2026-04-03T02:38:59.658+0600][31.113s][info][gc,reloc    ] GC(16) y: Survivor 3         2M (0%)            7M (0%)           5 / 4              0 / 0              0 / 0        
[2026-04-03T02:38:59.658+0600][31.113s][info][gc,reloc    ] GC(16) y: Survivor 4         3M (0%)            8M (0%)           6 / 4              0 / 0              0 / 0        
[2026-04-03T02:38:59.658+0600][31.113s][info][gc,heap     ] GC(16) y: Min Capacity: 8M(0%)
[2026-04-03T02:38:59.658+0600][31.113s][info][gc,heap     ] GC(16) y: Max Capacity: 1750M(100%)
[2026-04-03T02:38:59.658+0600][31.113s][info][gc,heap     ] GC(16) y: Soft Max Capacity: 1750M(100%)
[2026-04-03T02:38:59.658+0600][31.113s][info][gc,heap     ] GC(16) y: Heap Statistics:
[2026-04-03T02:38:59.658+0600][31.113s][info][gc,heap     ] GC(16) y:                Mark Start          Mark End        Relocate Start      Relocate End           High               Low         
[2026-04-03T02:38:59.658+0600][31.113s][info][gc,heap     ] GC(16) y:  Capacity:     1750M (100%)       1750M (100%)       1750M (100%)       1750M (100%)       1750M (100%)       1750M (100%)   
[2026-04-03T02:38:59.658+0600][31.113s][info][gc,heap     ] GC(16) y:      Free:      666M (38%)         650M (37%)        1222M (70%)        1520M (87%)        1520M (87%)         650M (37%)    
[2026-04-03T02:38:59.658+0600][31.113s][info][gc,heap     ] GC(16) y:      Used:     1084M (62%)        1100M (63%)         528M (30%)         230M (13%)        1100M (63%)         230M (13%)    
[2026-04-03T02:38:59.658+0600][31.113s][info][gc,heap     ] GC(16) y: Young Generation Statistics:
[2026-04-03T02:38:59.658+0600][31.113s][info][gc,heap     ] GC(16) y:                Mark Start          Mark End        Relocate Start      Relocate End    
[2026-04-03T02:38:59.658+0600][31.113s][info][gc,heap     ] GC(16) y:      Used:      902M (52%)         918M (52%)         346M (20%)          48M (3%)     
[2026-04-03T02:38:59.658+0600][31.113s][info][gc,heap     ] GC(16) y:      Live:         -                11M (1%)           11M (1%)           11M (1%)     
[2026-04-03T02:38:59.658+0600][31.113s][info][gc,heap     ] GC(16) y:   Garbage:         -               890M (51%)         316M (18%)           1M (0%)     
[2026-04-03T02:38:59.658+0600][31.113s][info][gc,heap     ] GC(16) y: Allocated:         -                16M (1%)           18M (1%)           34M (2%)     
[2026-04-03T02:38:59.658+0600][31.113s][info][gc,heap     ] GC(16) y: Reclaimed:         -                  -               574M (33%)         888M (51%)    
[2026-04-03T02:38:59.658+0600][31.113s][info][gc,heap     ] GC(16) y:  Promoted:         -                  -                 0M (0%)            0M (0%)     
[2026-04-03T02:38:59.658+0600][31.113s][info][gc,heap     ] GC(16) y: Compacted:         -                  -                  -                 5M (0%)     
[2026-04-03T02:38:59.658+0600][31.113s][info][gc,phases   ] GC(16) y: Young Generation 1084M(62%)->230M(13%) 0.052s
[2026-04-03T02:38:59.658+0600][31.113s][info][gc          ] GC(16) Minor Collection (Allocation Rate) 1084M(62%)->230M(13%) 0.053s
[2026-04-03T02:39:01.426+0600][32.881s][info][gc          ] GC(17) Minor Collection (Allocation Rate)
[2026-04-03T02:39:01.426+0600][32.882s][info][gc,task     ] GC(17) Using 1 Workers for Young Generation
[2026-04-03T02:39:01.426+0600][32.882s][info][gc,phases   ] GC(17) y: Young Generation
[2026-04-03T02:39:01.426+0600][32.882s][info][gc,phases   ] GC(17) y: Pause Mark Start 0.023ms
[2026-04-03T02:39:01.482+0600][32.937s][info][gc,phases   ] GC(17) y: Concurrent Mark 54.944ms
[2026-04-03T02:39:01.482+0600][32.937s][info][gc,phases   ] GC(17) y: Pause Mark End 0.024ms
[2026-04-03T02:39:01.482+0600][32.937s][info][gc,phases   ] GC(17) y: Concurrent Mark Free 0.003ms
[2026-04-03T02:39:01.482+0600][32.937s][info][gc,phases   ] GC(17) y: Concurrent Reset Relocation Set 0.012ms
[2026-04-03T02:39:01.484+0600][32.939s][info][gc,reloc    ] GC(17) y: Using tenuring threshold: 6 (Computed)
[2026-04-03T02:39:01.485+0600][32.940s][info][gc,phases   ] GC(17) y: Concurrent Select Relocation Set 2.516ms
[2026-04-03T02:39:01.485+0600][32.940s][info][gc,phases   ] GC(17) y: Pause Relocate Start 0.022ms
[2026-04-03T02:39:01.494+0600][32.950s][info][gc,phases   ] GC(17) y: Concurrent Relocate 9.295ms
[2026-04-03T02:39:01.494+0600][32.950s][info][gc,alloc    ] GC(17) y:                         Mark Start        Mark End      Relocate Start    Relocate End   
[2026-04-03T02:39:01.494+0600][32.950s][info][gc,alloc    ] GC(17) y: Allocation Stalls:          0                0                0                0         
[2026-04-03T02:39:01.494+0600][32.950s][info][gc,load     ] GC(17) y: Load: 5.25 (44%) / 5.29 (44%) / 5.61 (47%)
[2026-04-03T02:39:01.494+0600][32.950s][info][gc,mmu      ] GC(17) y: MMU: 2ms/96.9%, 5ms/98.8%, 10ms/99.1%, 20ms/99.6%, 50ms/99.8%, 100ms/99.9%
[2026-04-03T02:39:01.494+0600][32.950s][info][gc,marking  ] GC(17) y: Mark: 1 stripe(s), 2 proactive flush(es), 1 terminate flush(es), 0 completion(s), 0 continuation(s) 
[2026-04-03T02:39:01.494+0600][32.950s][info][gc,marking  ] GC(17) y: Mark Stack Usage: 32M
[2026-04-03T02:39:01.494+0600][32.950s][info][gc,nmethod  ] GC(17) y: NMethods: 14964 registered, 0 unregistered
[2026-04-03T02:39:01.494+0600][32.950s][info][gc,metaspace] GC(17) y: Metaspace: 127M used, 128M committed, 1152M reserved
[2026-04-03T02:39:01.494+0600][32.950s][info][gc,reloc    ] GC(17) y:                        Candidates     Selected     In-Place         Size        Empty    Relocated 
[2026-04-03T02:39:01.494+0600][32.950s][info][gc,reloc    ] GC(17) y: Small Pages:                  497          304            0         994M         368M           7M 
[2026-04-03T02:39:01.494+0600][32.950s][info][gc,reloc    ] GC(17) y: Medium Pages:                   6            0            0         192M         192M           0M 
[2026-04-03T02:39:01.494+0600][32.950s][info][gc,reloc    ] GC(17) y: Large Pages:                   21            0            0         126M         126M           0M 
[2026-04-03T02:39:01.494+0600][32.950s][info][gc,reloc    ] GC(17) y: Forwarding Usage: 1M
[2026-04-03T02:39:01.495+0600][32.950s][info][gc,reloc    ] GC(17) y: Age Table:
[2026-04-03T02:39:01.495+0600][32.950s][info][gc,reloc    ] GC(17) y:                    Live             Garbage             Small              Medium             Large        
[2026-04-03T02:39:01.495+0600][32.950s][info][gc,reloc    ] GC(17) y: Eden               4M (0%)         1281M (73%)        484 / 297            6 / 0             21 / 0        
[2026-04-03T02:39:01.495+0600][32.950s][info][gc,reloc    ] GC(17) y: Survivor 1         2M (0%)            1M (0%)           2 / 1              0 / 0              0 / 0        
[2026-04-03T02:39:01.495+0600][32.950s][info][gc,reloc    ] GC(17) y: Survivor 2         0M (0%)            3M (0%)           2 / 1              0 / 0              0 / 0        
[2026-04-03T02:39:01.495+0600][32.950s][info][gc,reloc    ] GC(17) y: Survivor 3         1M (0%)            4M (0%)           3 / 2              0 / 0              0 / 0        
[2026-04-03T02:39:01.495+0600][32.950s][info][gc,reloc    ] GC(17) y: Survivor 4         2M (0%)            3M (0%)           3 / 2              0 / 0              0 / 0        
[2026-04-03T02:39:01.495+0600][32.950s][info][gc,reloc    ] GC(17) y: Survivor 5         3M (0%)            2M (0%)           3 / 1              0 / 0              0 / 0        
[2026-04-03T02:39:01.495+0600][32.950s][info][gc,heap     ] GC(17) y: Min Capacity: 8M(0%)
[2026-04-03T02:39:01.495+0600][32.950s][info][gc,heap     ] GC(17) y: Max Capacity: 1750M(100%)
[2026-04-03T02:39:01.495+0600][32.950s][info][gc,heap     ] GC(17) y: Soft Max Capacity: 1750M(100%)
[2026-04-03T02:39:01.495+0600][32.950s][info][gc,heap     ] GC(17) y: Heap Statistics:
[2026-04-03T02:39:01.495+0600][32.950s][info][gc,heap     ] GC(17) y:                Mark Start          Mark End        Relocate Start      Relocate End           High               Low         
[2026-04-03T02:39:01.495+0600][32.950s][info][gc,heap     ] GC(17) y:  Capacity:     1750M (100%)       1750M (100%)       1750M (100%)       1750M (100%)       1750M (100%)       1750M (100%)   
[2026-04-03T02:39:01.495+0600][32.950s][info][gc,heap     ] GC(17) y:      Free:      256M (15%)         194M (11%)         880M (50%)        1462M (84%)        1462M (84%)         194M (11%)    
[2026-04-03T02:39:01.495+0600][32.950s][info][gc,heap     ] GC(17) y:      Used:     1494M (85%)        1556M (89%)         870M (50%)         288M (16%)        1556M (89%)         288M (16%)    
[2026-04-03T02:39:01.495+0600][32.950s][info][gc,heap     ] GC(17) y: Young Generation Statistics:
[2026-04-03T02:39:01.495+0600][32.950s][info][gc,heap     ] GC(17) y:                Mark Start          Mark End        Relocate Start      Relocate End    
[2026-04-03T02:39:01.495+0600][32.950s][info][gc,heap     ] GC(17) y:      Used:     1312M (75%)        1374M (79%)         688M (39%)         106M (6%)     
[2026-04-03T02:39:01.495+0600][32.950s][info][gc,heap     ] GC(17) y:      Live:         -                15M (1%)           15M (1%)           15M (1%)     
[2026-04-03T02:39:01.495+0600][32.950s][info][gc,heap     ] GC(17) y:   Garbage:         -              1296M (74%)         610M (35%)           0M (0%)     
[2026-04-03T02:39:01.495+0600][32.950s][info][gc,heap     ] GC(17) y: Allocated:         -                62M (4%)           62M (4%)           89M (5%)     
[2026-04-03T02:39:01.495+0600][32.950s][info][gc,heap     ] GC(17) y: Reclaimed:         -                  -               686M (39%)        1295M (74%)    
[2026-04-03T02:39:01.495+0600][32.950s][info][gc,heap     ] GC(17) y:  Promoted:         -                  -                 0M (0%)            0M (0%)     
[2026-04-03T02:39:01.495+0600][32.950s][info][gc,heap     ] GC(17) y: Compacted:         -                  -                  -                 8M (0%)     
[2026-04-03T02:39:01.495+0600][32.950s][info][gc,phases   ] GC(17) y: Young Generation 1494M(85%)->288M(16%) 0.068s
[2026-04-03T02:39:01.495+0600][32.950s][info][gc          ] GC(17) Minor Collection (Allocation Rate) 1494M(85%)->288M(16%) 0.069s
[2026-04-03T02:39:02.138+0600][33.593s][info][gc          ] GC(18) Minor Collection (Allocation Rate)
[2026-04-03T02:39:02.138+0600][33.593s][info][gc,task     ] GC(18) Using 1 Workers for Young Generation
[2026-04-03T02:39:02.138+0600][33.593s][info][gc,phases   ] GC(18) y: Young Generation
[2026-04-03T02:39:02.138+0600][33.594s][info][gc,phases   ] GC(18) y: Pause Mark Start 0.029ms
[2026-04-03T02:39:02.179+0600][33.634s][info][gc,task     ] Adjusting Workers for Young Generation: 1 -> 3
[2026-04-03T02:39:02.203+0600][33.659s][info][gc,phases   ] GC(18) y: Concurrent Mark 64.824ms
[2026-04-03T02:39:02.203+0600][33.659s][info][gc,phases   ] GC(18) y: Pause Mark End 0.033ms
[2026-04-03T02:39:02.203+0600][33.659s][info][gc,phases   ] GC(18) y: Concurrent Mark Free 0.002ms
[2026-04-03T02:39:02.203+0600][33.659s][info][gc,phases   ] GC(18) y: Concurrent Reset Relocation Set 0.030ms
[2026-04-03T02:39:02.204+0600][33.659s][info][gc          ] Allocation Stall (Executor task launch worker for task 3.0 in stage 460.0 (TID 928)) 2.986ms
[2026-04-03T02:39:02.206+0600][33.661s][info][gc,reloc    ] GC(18) y: Using tenuring threshold: 3 (Computed)
[2026-04-03T02:39:02.208+0600][33.664s][info][gc,phases   ] GC(18) y: Concurrent Select Relocation Set 4.788ms
[2026-04-03T02:39:02.209+0600][33.664s][info][gc,phases   ] GC(18) y: Pause Relocate Start 0.025ms
[2026-04-03T02:39:02.216+0600][33.672s][info][gc,phases   ] GC(18) y: Concurrent Relocate 7.494ms
[2026-04-03T02:39:02.216+0600][33.672s][info][gc,alloc    ] GC(18) y:                         Mark Start        Mark End      Relocate Start    Relocate End   
[2026-04-03T02:39:02.216+0600][33.672s][info][gc,alloc    ] GC(18) y: Allocation Stalls:          0                1                0                0         
[2026-04-03T02:39:02.216+0600][33.672s][info][gc,load     ] GC(18) y: Load: 5.25 (44%) / 5.29 (44%) / 5.61 (47%)
[2026-04-03T02:39:02.216+0600][33.672s][info][gc,mmu      ] GC(18) y: MMU: 2ms/96.9%, 5ms/98.8%, 10ms/99.1%, 20ms/99.6%, 50ms/99.8%, 100ms/99.9%
[2026-04-03T02:39:02.216+0600][33.672s][info][gc,marking  ] GC(18) y: Mark: 1 stripe(s), 3 proactive flush(es), 1 terminate flush(es), 0 completion(s), 0 continuation(s) 
[2026-04-03T02:39:02.216+0600][33.672s][info][gc,marking  ] GC(18) y: Mark Stack Usage: 32M
[2026-04-03T02:39:02.216+0600][33.672s][info][gc,nmethod  ] GC(18) y: NMethods: 15076 registered, 0 unregistered
[2026-04-03T02:39:02.216+0600][33.672s][info][gc,metaspace] GC(18) y: Metaspace: 127M used, 129M committed, 1152M reserved
[2026-04-03T02:39:02.216+0600][33.672s][info][gc,reloc    ] GC(18) y:                        Candidates     Selected     In-Place         Size        Empty    Relocated 
[2026-04-03T02:39:02.216+0600][33.672s][info][gc,reloc    ] GC(18) y: Small Pages:                  302          109            0         604M         362M           5M 
[2026-04-03T02:39:02.216+0600][33.672s][info][gc,reloc    ] GC(18) y: Medium Pages:                   2            0            0          64M          64M           0M 
[2026-04-03T02:39:02.216+0600][33.672s][info][gc,reloc    ] GC(18) y: Large Pages:                   89            0            0         534M         516M           0M 
[2026-04-03T02:39:02.216+0600][33.672s][info][gc,reloc    ] GC(18) y: Forwarding Usage: 0M
[2026-04-03T02:39:02.216+0600][33.672s][info][gc,reloc    ] GC(18) y: Age Table:
[2026-04-03T02:39:02.216+0600][33.672s][info][gc,reloc    ] GC(18) y:                    Live             Garbage             Small              Medium             Large        
[2026-04-03T02:39:02.216+0600][33.672s][info][gc,reloc    ] GC(18) y: Eden              22M (1%)         1135M (65%)        280 / 96             2 / 0             89 / 0        
[2026-04-03T02:39:02.216+0600][33.672s][info][gc,reloc    ] GC(18) y: Survivor 1         4M (0%)            5M (0%)           5 / 3              0 / 0              0 / 0        
[2026-04-03T02:39:02.216+0600][33.672s][info][gc,reloc    ] GC(18) y: Survivor 2         2M (0%)            3M (0%)           3 / 2              0 / 0              0 / 0        
[2026-04-03T02:39:02.216+0600][33.672s][info][gc,reloc    ] GC(18) y: Survivor 3         0M (0%)            7M (0%)           4 / 3              0 / 0              0 / 0        
[2026-04-03T02:39:02.216+0600][33.672s][info][gc,reloc    ] GC(18) y: Survivor 4         1M (0%)            4M (0%)           3 / 2              0 / 0              0 / 0        
[2026-04-03T02:39:02.217+0600][33.672s][info][gc,reloc    ] GC(18) y: Survivor 5         2M (0%)            5M (0%)           4 / 2              0 / 0              0 / 0        
[2026-04-03T02:39:02.217+0600][33.672s][info][gc,reloc    ] GC(18) y: Survivor 6         3M (0%)            2M (0%)           3 / 1              0 / 0              0 / 0        
[2026-04-03T02:39:02.217+0600][33.672s][info][gc,heap     ] GC(18) y: Min Capacity: 8M(0%)
[2026-04-03T02:39:02.217+0600][33.672s][info][gc,heap     ] GC(18) y: Max Capacity: 1750M(100%)
[2026-04-03T02:39:02.217+0600][33.672s][info][gc,heap     ] GC(18) y: Soft Max Capacity: 1750M(100%)
[2026-04-03T02:39:02.217+0600][33.672s][info][gc,heap     ] GC(18) y: Heap Statistics:
[2026-04-03T02:39:02.217+0600][33.672s][info][gc,heap     ] GC(18) y:                Mark Start          Mark End        Relocate Start      Relocate End           High               Low         
[2026-04-03T02:39:02.217+0600][33.672s][info][gc,heap     ] GC(18) y:  Capacity:     1750M (100%)       1750M (100%)       1750M (100%)       1750M (100%)       1750M (100%)       1750M (100%)   
[2026-04-03T02:39:02.217+0600][33.672s][info][gc,heap     ] GC(18) y:      Free:      366M (21%)           2M (0%)          934M (53%)        1132M (65%)        1132M (65%)           2M (0%)     
[2026-04-03T02:39:02.217+0600][33.672s][info][gc,heap     ] GC(18) y:      Used:     1384M (79%)        1748M (100%)        816M (47%)         618M (35%)        1748M (100%)        618M (35%)    
[2026-04-03T02:39:02.217+0600][33.672s][info][gc,heap     ] GC(18) y: Young Generation Statistics:
[2026-04-03T02:39:02.217+0600][33.672s][info][gc,heap     ] GC(18) y:                Mark Start          Mark End        Relocate Start      Relocate End    
[2026-04-03T02:39:02.217+0600][33.672s][info][gc,heap     ] GC(18) y:      Used:     1202M (69%)        1566M (89%)         624M (36%)         420M (24%)    
[2026-04-03T02:39:02.217+0600][33.672s][info][gc,heap     ] GC(18) y:      Live:         -                37M (2%)           30M (2%)           29M (2%)     
[2026-04-03T02:39:02.217+0600][33.672s][info][gc,heap     ] GC(18) y:   Garbage:         -              1164M (67%)         219M (13%)           0M (0%)     
[2026-04-03T02:39:02.217+0600][33.672s][info][gc,heap     ] GC(18) y: Allocated:         -               364M (21%)         374M (21%)         390M (22%)    
[2026-04-03T02:39:02.217+0600][33.672s][info][gc,heap     ] GC(18) y: Reclaimed:         -                  -               944M (54%)        1163M (67%)    
[2026-04-03T02:39:02.217+0600][33.672s][info][gc,heap     ] GC(18) y:  Promoted:         -                  -                 7M (0%)            8M (0%)     
[2026-04-03T02:39:02.217+0600][33.672s][info][gc,heap     ] GC(18) y: Compacted:         -                  -                  -                 5M (0%)     
[2026-04-03T02:39:02.217+0600][33.672s][info][gc,phases   ] GC(18) y: Young Generation 1384M(79%)->618M(35%) 0.079s
[2026-04-03T02:39:02.217+0600][33.672s][info][gc          ] GC(18) Minor Collection (Allocation Rate) 1384M(79%)->618M(35%) 0.079s
[2026-04-03T02:39:02.524+0600][33.979s][info][gc          ] GC(19) Minor Collection (Allocation Rate)
[2026-04-03T02:39:02.524+0600][33.979s][info][gc,task     ] GC(19) Using 2 Workers for Young Generation
[2026-04-03T02:39:02.524+0600][33.979s][info][gc,phases   ] GC(19) y: Young Generation
[2026-04-03T02:39:02.524+0600][33.980s][info][gc,phases   ] GC(19) y: Pause Mark Start 0.016ms
[2026-04-03T02:39:02.551+0600][34.006s][info][gc,phases   ] GC(19) y: Concurrent Mark 26.659ms
[2026-04-03T02:39:02.551+0600][34.007s][info][gc,phases   ] GC(19) y: Pause Mark End 0.024ms
[2026-04-03T02:39:02.551+0600][34.007s][info][gc,phases   ] GC(19) y: Concurrent Mark Free 0.002ms
[2026-04-03T02:39:02.551+0600][34.007s][info][gc,phases   ] GC(19) y: Concurrent Reset Relocation Set 0.031ms
[2026-04-03T02:39:02.554+0600][34.010s][info][gc,reloc    ] GC(19) y: Using tenuring threshold: 4 (Computed)
[2026-04-03T02:39:02.555+0600][34.010s][info][gc,phases   ] GC(19) y: Concurrent Select Relocation Set 3.193ms
[2026-04-03T02:39:02.555+0600][34.010s][info][gc,phases   ] GC(19) y: Pause Relocate Start 0.018ms
[2026-04-03T02:39:02.557+0600][34.013s][info][gc,phases   ] GC(19) y: Concurrent Relocate 2.196ms
[2026-04-03T02:39:02.557+0600][34.013s][info][gc,alloc    ] GC(19) y:                         Mark Start        Mark End      Relocate Start    Relocate End   
[2026-04-03T02:39:02.557+0600][34.013s][info][gc,alloc    ] GC(19) y: Allocation Stalls:          0                0                0                0         
[2026-04-03T02:39:02.557+0600][34.013s][info][gc,load     ] GC(19) y: Load: 5.25 (44%) / 5.29 (44%) / 5.61 (47%)
[2026-04-03T02:39:02.557+0600][34.013s][info][gc,mmu      ] GC(19) y: MMU: 2ms/96.9%, 5ms/98.8%, 10ms/99.1%, 20ms/99.6%, 50ms/99.8%, 100ms/99.9%
[2026-04-03T02:39:02.557+0600][34.013s][info][gc,marking  ] GC(19) y: Mark: 2 stripe(s), 2 proactive flush(es), 1 terminate flush(es), 0 completion(s), 0 continuation(s) 
[2026-04-03T02:39:02.557+0600][34.013s][info][gc,marking  ] GC(19) y: Mark Stack Usage: 32M
[2026-04-03T02:39:02.557+0600][34.013s][info][gc,nmethod  ] GC(19) y: NMethods: 15110 registered, 0 unregistered
[2026-04-03T02:39:02.557+0600][34.013s][info][gc,metaspace] GC(19) y: Metaspace: 127M used, 129M committed, 1152M reserved
[2026-04-03T02:39:02.557+0600][34.013s][info][gc,reloc    ] GC(19) y:                        Candidates     Selected     In-Place         Size        Empty    Relocated 
[2026-04-03T02:39:02.557+0600][34.013s][info][gc,reloc    ] GC(19) y: Small Pages:                   94           69            0         188M          36M           3M 
[2026-04-03T02:39:02.557+0600][34.013s][info][gc,reloc    ] GC(19) y: Medium Pages:                   2            0            0          64M          64M           0M 
[2026-04-03T02:39:02.557+0600][34.013s][info][gc,reloc    ] GC(19) y: Large Pages:                   62            0            0         372M         372M           0M 
[2026-04-03T02:39:02.557+0600][34.013s][info][gc,reloc    ] GC(19) y: Forwarding Usage: 0M
[2026-04-03T02:39:02.557+0600][34.013s][info][gc,reloc    ] GC(19) y: Age Table:
[2026-04-03T02:39:02.557+0600][34.013s][info][gc,reloc    ] GC(19) y:                    Live             Garbage             Small              Medium             Large        
[2026-04-03T02:39:02.557+0600][34.013s][info][gc,reloc    ] GC(19) y: Eden               2M (0%)          581M (33%)         83 / 64             2 / 0             59 / 0        
[2026-04-03T02:39:02.557+0600][34.013s][info][gc,reloc    ] GC(19) y: Survivor 1         2M (0%)           25M (1%)           5 / 2              0 / 0              3 / 0        
[2026-04-03T02:39:02.557+0600][34.013s][info][gc,reloc    ] GC(19) y: Survivor 2         4M (0%)            3M (0%)           4 / 2              0 / 0              0 / 0        
[2026-04-03T02:39:02.557+0600][34.013s][info][gc,reloc    ] GC(19) y: Survivor 3         2M (0%)            1M (0%)           2 / 1              0 / 0              0 / 0        
[2026-04-03T02:39:02.557+0600][34.013s][info][gc,heap     ] GC(19) y: Min Capacity: 8M(0%)
[2026-04-03T02:39:02.557+0600][34.013s][info][gc,heap     ] GC(19) y: Max Capacity: 1750M(100%)
[2026-04-03T02:39:02.557+0600][34.013s][info][gc,heap     ] GC(19) y: Soft Max Capacity: 1750M(100%)
[2026-04-03T02:39:02.557+0600][34.013s][info][gc,heap     ] GC(19) y: Heap Statistics:
[2026-04-03T02:39:02.557+0600][34.013s][info][gc,heap     ] GC(19) y:                Mark Start          Mark End        Relocate Start      Relocate End           High               Low         
[2026-04-03T02:39:02.557+0600][34.013s][info][gc,heap     ] GC(19) y:  Capacity:     1750M (100%)       1750M (100%)       1750M (100%)       1750M (100%)       1750M (100%)       1750M (100%)   
[2026-04-03T02:39:02.558+0600][34.013s][info][gc,heap     ] GC(19) y:      Free:      928M (53%)         916M (52%)        1386M (79%)        1516M (87%)        1516M (87%)         916M (52%)    
[2026-04-03T02:39:02.558+0600][34.013s][info][gc,heap     ] GC(19) y:      Used:      822M (47%)         834M (48%)         364M (21%)         234M (13%)         834M (48%)         234M (13%)    
[2026-04-03T02:39:02.558+0600][34.013s][info][gc,heap     ] GC(19) y: Young Generation Statistics:
[2026-04-03T02:39:02.558+0600][34.013s][info][gc,heap     ] GC(19) y:                Mark Start          Mark End        Relocate Start      Relocate End    
[2026-04-03T02:39:02.558+0600][34.013s][info][gc,heap     ] GC(19) y:      Used:      624M (36%)         636M (36%)         166M (9%)           36M (2%)     
[2026-04-03T02:39:02.558+0600][34.013s][info][gc,heap     ] GC(19) y:      Live:         -                11M (1%)           11M (1%)           11M (1%)     
[2026-04-03T02:39:02.558+0600][34.013s][info][gc,heap     ] GC(19) y:   Garbage:         -               612M (35%)         140M (8%)            1M (0%)     
[2026-04-03T02:39:02.558+0600][34.013s][info][gc,heap     ] GC(19) y: Allocated:         -                12M (1%)           14M (1%)           23M (1%)     
[2026-04-03T02:39:02.558+0600][34.013s][info][gc,heap     ] GC(19) y: Reclaimed:         -                  -               472M (27%)         611M (35%)    
[2026-04-03T02:39:02.558+0600][34.013s][info][gc,heap     ] GC(19) y:  Promoted:         -                  -                 0M (0%)            0M (0%)     
[2026-04-03T02:39:02.558+0600][34.013s][info][gc,heap     ] GC(19) y: Compacted:         -                  -                  -                 4M (0%)     
[2026-04-03T02:39:02.558+0600][34.013s][info][gc,phases   ] GC(19) y: Young Generation 822M(47%)->234M(13%) 0.033s
[2026-04-03T02:39:02.558+0600][34.013s][info][gc          ] GC(19) Minor Collection (Allocation Rate) 822M(47%)->234M(13%) 0.034s
[2026-04-03T02:39:03.958+0600][35.414s][info][gc          ] GC(20) Minor Collection (Allocation Rate)
[2026-04-03T02:39:03.958+0600][35.414s][info][gc,task     ] GC(20) Using 2 Workers for Young Generation
[2026-04-03T02:39:03.958+0600][35.414s][info][gc,phases   ] GC(20) y: Young Generation
[2026-04-03T02:39:03.959+0600][35.414s][info][gc,phases   ] GC(20) y: Pause Mark Start 0.019ms
[2026-04-03T02:39:03.998+0600][35.453s][info][gc,phases   ] GC(20) y: Concurrent Mark 38.865ms
[2026-04-03T02:39:03.998+0600][35.453s][info][gc,phases   ] GC(20) y: Pause Mark End 0.025ms
[2026-04-03T02:39:03.998+0600][35.453s][info][gc,phases   ] GC(20) y: Concurrent Mark Free 0.003ms
[2026-04-03T02:39:03.998+0600][35.453s][info][gc,phases   ] GC(20) y: Concurrent Reset Relocation Set 0.010ms
[2026-04-03T02:39:04.000+0600][35.456s][info][gc,reloc    ] GC(20) y: Using tenuring threshold: 5 (Computed)
[2026-04-03T02:39:04.001+0600][35.456s][info][gc,phases   ] GC(20) y: Concurrent Select Relocation Set 2.673ms
[2026-04-03T02:39:04.001+0600][35.456s][info][gc,phases   ] GC(20) y: Pause Relocate Start 0.024ms
[2026-04-03T02:39:04.008+0600][35.463s][info][gc,phases   ] GC(20) y: Concurrent Relocate 6.617ms
[2026-04-03T02:39:04.008+0600][35.463s][info][gc,alloc    ] GC(20) y:                         Mark Start        Mark End      Relocate Start    Relocate End   
[2026-04-03T02:39:04.008+0600][35.463s][info][gc,alloc    ] GC(20) y: Allocation Stalls:          0                0                0                0         
[2026-04-03T02:39:04.008+0600][35.463s][info][gc,load     ] GC(20) y: Load: 5.25 (44%) / 5.29 (44%) / 5.61 (47%)
[2026-04-03T02:39:04.008+0600][35.463s][info][gc,mmu      ] GC(20) y: MMU: 2ms/96.9%, 5ms/98.8%, 10ms/99.1%, 20ms/99.6%, 50ms/99.8%, 100ms/99.9%
[2026-04-03T02:39:04.008+0600][35.463s][info][gc,marking  ] GC(20) y: Mark: 2 stripe(s), 2 proactive flush(es), 1 terminate flush(es), 0 completion(s), 0 continuation(s) 
[2026-04-03T02:39:04.008+0600][35.463s][info][gc,marking  ] GC(20) y: Mark Stack Usage: 32M
[2026-04-03T02:39:04.008+0600][35.463s][info][gc,nmethod  ] GC(20) y: NMethods: 15242 registered, 0 unregistered
[2026-04-03T02:39:04.008+0600][35.463s][info][gc,metaspace] GC(20) y: Metaspace: 127M used, 129M committed, 1152M reserved
[2026-04-03T02:39:04.008+0600][35.463s][info][gc,reloc    ] GC(20) y:                        Candidates     Selected     In-Place         Size        Empty    Relocated 
[2026-04-03T02:39:04.008+0600][35.463s][info][gc,reloc    ] GC(20) y: Small Pages:                  385          225            0         770M         304M           5M 
[2026-04-03T02:39:04.008+0600][35.463s][info][gc,reloc    ] GC(20) y: Medium Pages:                   5            0            0         160M         160M           0M 
[2026-04-03T02:39:04.008+0600][35.463s][info][gc,reloc    ] GC(20) y: Large Pages:                   18            0            0         108M         102M           0M 
[2026-04-03T02:39:04.008+0600][35.463s][info][gc,reloc    ] GC(20) y: Forwarding Usage: 1M
[2026-04-03T02:39:04.008+0600][35.463s][info][gc,reloc    ] GC(20) y: Age Table:
[2026-04-03T02:39:04.008+0600][35.463s][info][gc,reloc    ] GC(20) y:                    Live             Garbage             Small              Medium             Large        
[2026-04-03T02:39:04.008+0600][35.463s][info][gc,reloc    ] GC(20) y: Eden               8M (0%)         1007M (58%)        374 / 220            5 / 0             18 / 0        
[2026-04-03T02:39:04.008+0600][35.463s][info][gc,reloc    ] GC(20) y: Survivor 1         1M (0%)            2M (0%)           2 / 2              0 / 0              0 / 0        
[2026-04-03T02:39:04.008+0600][35.463s][info][gc,reloc    ] GC(20) y: Survivor 2         2M (0%)            3M (0%)           3 / 1              0 / 0              0 / 0        
[2026-04-03T02:39:04.008+0600][35.463s][info][gc,reloc    ] GC(20) y: Survivor 3         4M (0%)            3M (0%)           4 / 2              0 / 0              0 / 0        
[2026-04-03T02:39:04.008+0600][35.463s][info][gc,reloc    ] GC(20) y: Survivor 4         2M (0%)            1M (0%)           2 / 0              0 / 0              0 / 0        
[2026-04-03T02:39:04.008+0600][35.463s][info][gc,heap     ] GC(20) y: Min Capacity: 8M(0%)
[2026-04-03T02:39:04.008+0600][35.463s][info][gc,heap     ] GC(20) y: Max Capacity: 1750M(100%)
[2026-04-03T02:39:04.008+0600][35.463s][info][gc,heap     ] GC(20) y: Soft Max Capacity: 1750M(100%)
[2026-04-03T02:39:04.008+0600][35.463s][info][gc,heap     ] GC(20) y: Heap Statistics:
[2026-04-03T02:39:04.008+0600][35.464s][info][gc,heap     ] GC(20) y:                Mark Start          Mark End        Relocate Start      Relocate End           High               Low         
[2026-04-03T02:39:04.008+0600][35.464s][info][gc,heap     ] GC(20) y:  Capacity:     1750M (100%)       1750M (100%)       1750M (100%)       1750M (100%)       1750M (100%)       1750M (100%)   
[2026-04-03T02:39:04.008+0600][35.464s][info][gc,heap     ] GC(20) y:      Free:      514M (29%)         468M (27%)        1034M (59%)        1470M (84%)        1470M (84%)         468M (27%)    
[2026-04-03T02:39:04.008+0600][35.464s][info][gc,heap     ] GC(20) y:      Used:     1236M (71%)        1282M (73%)         716M (41%)         280M (16%)        1282M (73%)         280M (16%)    
[2026-04-03T02:39:04.008+0600][35.464s][info][gc,heap     ] GC(20) y: Young Generation Statistics:
[2026-04-03T02:39:04.008+0600][35.464s][info][gc,heap     ] GC(20) y:                Mark Start          Mark End        Relocate Start      Relocate End    
[2026-04-03T02:39:04.008+0600][35.464s][info][gc,heap     ] GC(20) y:      Used:     1038M (59%)        1084M (62%)         518M (30%)          82M (5%)     
[2026-04-03T02:39:04.008+0600][35.464s][info][gc,heap     ] GC(20) y:      Live:         -                19M (1%)           19M (1%)           19M (1%)     
[2026-04-03T02:39:04.008+0600][35.464s][info][gc,heap     ] GC(20) y:   Garbage:         -              1018M (58%)         452M (26%)           1M (0%)     
[2026-04-03T02:39:04.008+0600][35.464s][info][gc,heap     ] GC(20) y: Allocated:         -                46M (3%)           46M (3%)           61M (3%)     
[2026-04-03T02:39:04.008+0600][35.464s][info][gc,heap     ] GC(20) y: Reclaimed:         -                  -               566M (32%)        1017M (58%)    
[2026-04-03T02:39:04.008+0600][35.464s][info][gc,heap     ] GC(20) y:  Promoted:         -                  -                 0M (0%)            0M (0%)     
[2026-04-03T02:39:04.008+0600][35.464s][info][gc,heap     ] GC(20) y: Compacted:         -                  -                  -                 6M (0%)     
[2026-04-03T02:39:04.008+0600][35.464s][info][gc,phases   ] GC(20) y: Young Generation 1236M(71%)->280M(16%) 0.049s
[2026-04-03T02:39:04.008+0600][35.464s][info][gc          ] GC(20) Minor Collection (Allocation Rate) 1236M(71%)->280M(16%) 0.050s
[2026-04-03T02:39:05.350+0600][36.805s][info][gc          ] GC(21) Minor Collection (Allocation Rate)
[2026-04-03T02:39:05.350+0600][36.805s][info][gc,task     ] GC(21) Using 1 Workers for Young Generation
[2026-04-03T02:39:05.350+0600][36.805s][info][gc,phases   ] GC(21) y: Young Generation
[2026-04-03T02:39:05.350+0600][36.806s][info][gc,phases   ] GC(21) y: Pause Mark Start 0.030ms
[2026-04-03T02:39:05.432+0600][36.887s][info][gc,phases   ] GC(21) y: Concurrent Mark 81.357ms
[2026-04-03T02:39:05.432+0600][36.887s][info][gc,phases   ] GC(21) y: Pause Mark End 0.025ms
[2026-04-03T02:39:05.432+0600][36.887s][info][gc,phases   ] GC(21) y: Concurrent Mark Free 0.002ms
[2026-04-03T02:39:05.432+0600][36.888s][info][gc,phases   ] GC(21) y: Concurrent Reset Relocation Set 0.018ms
[2026-04-03T02:39:05.434+0600][36.890s][info][gc,reloc    ] GC(21) y: Using tenuring threshold: 6 (Computed)
[2026-04-03T02:39:05.435+0600][36.890s][info][gc,phases   ] GC(21) y: Concurrent Select Relocation Set 2.607ms
[2026-04-03T02:39:05.435+0600][36.890s][info][gc,phases   ] GC(21) y: Pause Relocate Start 0.023ms
[2026-04-03T02:39:05.447+0600][36.902s][info][gc,phases   ] GC(21) y: Concurrent Relocate 11.670ms
[2026-04-03T02:39:05.447+0600][36.902s][info][gc,alloc    ] GC(21) y:                         Mark Start        Mark End      Relocate Start    Relocate End   
[2026-04-03T02:39:05.447+0600][36.902s][info][gc,alloc    ] GC(21) y: Allocation Stalls:          0                0                0                0         
[2026-04-03T02:39:05.447+0600][36.902s][info][gc,load     ] GC(21) y: Load: 5.48 (46%) / 5.34 (44%) / 5.62 (47%)
[2026-04-03T02:39:05.447+0600][36.902s][info][gc,mmu      ] GC(21) y: MMU: 2ms/96.9%, 5ms/98.8%, 10ms/99.1%, 20ms/99.6%, 50ms/99.8%, 100ms/99.9%
[2026-04-03T02:39:05.447+0600][36.902s][info][gc,marking  ] GC(21) y: Mark: 1 stripe(s), 2 proactive flush(es), 1 terminate flush(es), 0 completion(s), 0 continuation(s) 
[2026-04-03T02:39:05.447+0600][36.902s][info][gc,marking  ] GC(21) y: Mark Stack Usage: 32M
[2026-04-03T02:39:05.447+0600][36.902s][info][gc,nmethod  ] GC(21) y: NMethods: 15446 registered, 0 unregistered
[2026-04-03T02:39:05.447+0600][36.903s][info][gc,metaspace] GC(21) y: Metaspace: 127M used, 129M committed, 1152M reserved
[2026-04-03T02:39:05.447+0600][36.903s][info][gc,reloc    ] GC(21) y:                        Candidates     Selected     In-Place         Size        Empty    Relocated 
[2026-04-03T02:39:05.447+0600][36.903s][info][gc,reloc    ] GC(21) y: Small Pages:                  390          249            0         780M         260M           6M 
[2026-04-03T02:39:05.447+0600][36.903s][info][gc,reloc    ] GC(21) y: Medium Pages:                   5            0            0         160M         160M           0M 
[2026-04-03T02:39:05.447+0600][36.903s][info][gc,reloc    ] GC(21) y: Large Pages:                   18            0            0         108M         108M           0M 
[2026-04-03T02:39:05.447+0600][36.903s][info][gc,reloc    ] GC(21) y: Forwarding Usage: 1M
[2026-04-03T02:39:05.447+0600][36.903s][info][gc,reloc    ] GC(21) y: Age Table:
[2026-04-03T02:39:05.447+0600][36.903s][info][gc,reloc    ] GC(21) y:                    Live             Garbage             Small              Medium             Large        
[2026-04-03T02:39:05.447+0600][36.903s][info][gc,reloc    ] GC(21) y: Eden               5M (0%)         1006M (58%)        375 / 241            5 / 0             17 / 0        
[2026-04-03T02:39:05.447+0600][36.903s][info][gc,reloc    ] GC(21) y: Survivor 1         2M (0%)            7M (0%)           2 / 1              0 / 0              1 / 0        
[2026-04-03T02:39:05.447+0600][36.903s][info][gc,reloc    ] GC(21) y: Survivor 2         1M (0%)            0M (0%)           1 / 0              0 / 0              0 / 0        
[2026-04-03T02:39:05.447+0600][36.903s][info][gc,reloc    ] GC(21) y: Survivor 3         2M (0%)           11M (1%)           7 / 6              0 / 0              0 / 0        
[2026-04-03T02:39:05.447+0600][36.903s][info][gc,reloc    ] GC(21) y: Survivor 4         4M (0%)            1M (0%)           3 / 1              0 / 0              0 / 0        
[2026-04-03T02:39:05.447+0600][36.903s][info][gc,reloc    ] GC(21) y: Survivor 5         2M (0%)            1M (0%)           2 / 0              0 / 0              0 / 0        
[2026-04-03T02:39:05.447+0600][36.903s][info][gc,heap     ] GC(21) y: Min Capacity: 8M(0%)
[2026-04-03T02:39:05.447+0600][36.903s][info][gc,heap     ] GC(21) y: Max Capacity: 1750M(100%)
[2026-04-03T02:39:05.447+0600][36.903s][info][gc,heap     ] GC(21) y: Soft Max Capacity: 1750M(100%)
[2026-04-03T02:39:05.447+0600][36.903s][info][gc,heap     ] GC(21) y: Heap Statistics:
[2026-04-03T02:39:05.447+0600][36.903s][info][gc,heap     ] GC(21) y:                Mark Start          Mark End        Relocate Start      Relocate End           High               Low         
[2026-04-03T02:39:05.447+0600][36.903s][info][gc,heap     ] GC(21) y:  Capacity:     1750M (100%)       1750M (100%)       1750M (100%)       1750M (100%)       1750M (100%)       1750M (100%)   
[2026-04-03T02:39:05.447+0600][36.903s][info][gc,heap     ] GC(21) y:      Free:      504M (29%)         406M (23%)         934M (53%)        1402M (80%)        1406M (80%)         406M (23%)    
[2026-04-03T02:39:05.447+0600][36.903s][info][gc,heap     ] GC(21) y:      Used:     1246M (71%)        1344M (77%)         816M (47%)         348M (20%)        1344M (77%)         344M (20%)    
[2026-04-03T02:39:05.447+0600][36.903s][info][gc,heap     ] GC(21) y: Young Generation Statistics:
[2026-04-03T02:39:05.447+0600][36.903s][info][gc,heap     ] GC(21) y:                Mark Start          Mark End        Relocate Start      Relocate End    
[2026-04-03T02:39:05.447+0600][36.903s][info][gc,heap     ] GC(21) y:      Used:     1048M (60%)        1146M (65%)         618M (35%)         150M (9%)     
[2026-04-03T02:39:05.447+0600][36.903s][info][gc,heap     ] GC(21) y:      Live:         -                18M (1%)           18M (1%)           18M (1%)     
[2026-04-03T02:39:05.447+0600][36.903s][info][gc,heap     ] GC(21) y:   Garbage:         -              1029M (59%)         501M (29%)           2M (0%)     
[2026-04-03T02:39:05.447+0600][36.903s][info][gc,heap     ] GC(21) y: Allocated:         -                98M (6%)           98M (6%)          129M (7%)     
[2026-04-03T02:39:05.447+0600][36.903s][info][gc,heap     ] GC(21) y: Reclaimed:         -                  -               528M (30%)        1027M (59%)    
[2026-04-03T02:39:05.447+0600][36.903s][info][gc,heap     ] GC(21) y:  Promoted:         -                  -                 0M (0%)            0M (0%)     
[2026-04-03T02:39:05.448+0600][36.903s][info][gc,heap     ] GC(21) y: Compacted:         -                  -                  -                 8M (0%)     
[2026-04-03T02:39:05.448+0600][36.903s][info][gc,phases   ] GC(21) y: Young Generation 1244M(71%)->348M(20%) 0.097s
[2026-04-03T02:39:05.448+0600][36.903s][info][gc          ] GC(21) Minor Collection (Allocation Rate) 1244M(71%)->348M(20%) 0.098s
[2026-04-03T02:39:06.624+0600][38.079s][info][gc          ] GC(22) Minor Collection (Allocation Rate)
[2026-04-03T02:39:06.624+0600][38.080s][info][gc,task     ] GC(22) Using 1 Workers for Young Generation
[2026-04-03T02:39:06.624+0600][38.080s][info][gc,phases   ] GC(22) y: Young Generation
[2026-04-03T02:39:06.624+0600][38.080s][info][gc,phases   ] GC(22) y: Pause Mark Start 0.020ms
[2026-04-03T02:39:06.656+0600][38.112s][info][gc,task     ] Adjusting Workers for Young Generation: 1 -> 3
[2026-04-03T02:39:06.683+0600][38.139s][info][gc,phases   ] GC(22) y: Concurrent Mark 58.691ms
[2026-04-03T02:39:06.683+0600][38.139s][info][gc,phases   ] GC(22) y: Pause Mark End 0.026ms
[2026-04-03T02:39:06.684+0600][38.139s][info][gc,phases   ] GC(22) y: Concurrent Mark Free 0.002ms
[2026-04-03T02:39:06.684+0600][38.139s][info][gc,phases   ] GC(22) y: Concurrent Reset Relocation Set 0.031ms
[2026-04-03T02:39:06.684+0600][38.139s][info][gc          ] Allocation Stall (Executor task launch worker for task 3.0 in stage 666.0 (TID 1346)) 13.486ms
[2026-04-03T02:39:06.684+0600][38.139s][info][gc          ] Allocation Stall (Executor task launch worker for task 1.0 in stage 666.0 (TID 1344)) 12.423ms
[2026-04-03T02:39:06.684+0600][38.139s][info][gc          ] Allocation Stall (Executor task launch worker for task 0.0 in stage 666.0 (TID 1343)) 14.122ms
[2026-04-03T02:39:06.684+0600][38.139s][info][gc          ] Allocation Stall (Executor task launch worker for task 2.0 in stage 666.0 (TID 1345)) 13.056ms
[2026-04-03T02:39:06.687+0600][38.142s][info][gc,reloc    ] GC(22) y: Using tenuring threshold: 3 (Computed)
[2026-04-03T02:39:06.691+0600][38.146s][info][gc,phases   ] GC(22) y: Concurrent Select Relocation Set 6.938ms
[2026-04-03T02:39:06.691+0600][38.146s][info][gc,phases   ] GC(22) y: Pause Relocate Start 0.025ms
[2026-04-03T02:39:06.706+0600][38.162s][info][gc,phases   ] GC(22) y: Concurrent Relocate 15.031ms
[2026-04-03T02:39:06.706+0600][38.162s][info][gc,alloc    ] GC(22) y:                         Mark Start        Mark End      Relocate Start    Relocate End   
[2026-04-03T02:39:06.706+0600][38.162s][info][gc,alloc    ] GC(22) y: Allocation Stalls:          0                4                0                0         
[2026-04-03T02:39:06.706+0600][38.162s][info][gc,load     ] GC(22) y: Load: 5.48 (46%) / 5.34 (44%) / 5.62 (47%)
[2026-04-03T02:39:06.706+0600][38.162s][info][gc,mmu      ] GC(22) y: MMU: 2ms/96.9%, 5ms/98.8%, 10ms/99.1%, 20ms/99.6%, 50ms/99.8%, 100ms/99.9%
[2026-04-03T02:39:06.706+0600][38.162s][info][gc,marking  ] GC(22) y: Mark: 1 stripe(s), 2 proactive flush(es), 1 terminate flush(es), 0 completion(s), 0 continuation(s) 
[2026-04-03T02:39:06.706+0600][38.162s][info][gc,marking  ] GC(22) y: Mark Stack Usage: 32M
[2026-04-03T02:39:06.706+0600][38.162s][info][gc,nmethod  ] GC(22) y: NMethods: 15535 registered, 0 unregistered
[2026-04-03T02:39:06.706+0600][38.162s][info][gc,metaspace] GC(22) y: Metaspace: 127M used, 129M committed, 1152M reserved
[2026-04-03T02:39:06.706+0600][38.162s][info][gc,reloc    ] GC(22) y:                        Candidates     Selected     In-Place         Size        Empty    Relocated 
[2026-04-03T02:39:06.706+0600][38.162s][info][gc,reloc    ] GC(22) y: Small Pages:                  481          201            0         962M         536M           8M 
[2026-04-03T02:39:06.706+0600][38.162s][info][gc,reloc    ] GC(22) y: Medium Pages:                   4            0            0         128M         128M           0M 
[2026-04-03T02:39:06.706+0600][38.162s][info][gc,reloc    ] GC(22) y: Large Pages:                   22            0            0         132M         132M           0M 
[2026-04-03T02:39:06.706+0600][38.162s][info][gc,reloc    ] GC(22) y: Forwarding Usage: 2M
[2026-04-03T02:39:06.706+0600][38.162s][info][gc,reloc    ] GC(22) y: Age Table:
[2026-04-03T02:39:06.706+0600][38.162s][info][gc,reloc    ] GC(22) y:                    Live             Garbage             Small              Medium             Large        
[2026-04-03T02:39:06.706+0600][38.162s][info][gc,reloc    ] GC(22) y: Eden               4M (0%)         1169M (67%)        457 / 186            4 / 0             22 / 0        
[2026-04-03T02:39:06.706+0600][38.162s][info][gc,reloc    ] GC(22) y: Survivor 1         2M (0%)            5M (0%)           4 / 3              0 / 0              0 / 0        
[2026-04-03T02:39:06.706+0600][38.162s][info][gc,reloc    ] GC(22) y: Survivor 2         2M (0%)            7M (0%)           5 / 3              0 / 0              0 / 0        
[2026-04-03T02:39:06.707+0600][38.162s][info][gc,reloc    ] GC(22) y: Survivor 3         1M (0%)            0M (0%)           1 / 0              0 / 0              0 / 0        
[2026-04-03T02:39:06.707+0600][38.162s][info][gc,reloc    ] GC(22) y: Survivor 4         2M (0%)           13M (1%)           8 / 7              0 / 0              0 / 0        
[2026-04-03T02:39:06.707+0600][38.162s][info][gc,reloc    ] GC(22) y: Survivor 5         4M (0%)            1M (0%)           3 / 0              0 / 0              0 / 0        
[2026-04-03T02:39:06.707+0600][38.162s][info][gc,reloc    ] GC(22) y: Survivor 6         2M (0%)            3M (0%)           3 / 2              0 / 0              0 / 0        
[2026-04-03T02:39:06.707+0600][38.162s][info][gc,heap     ] GC(22) y: Min Capacity: 8M(0%)
[2026-04-03T02:39:06.707+0600][38.162s][info][gc,heap     ] GC(22) y: Max Capacity: 1750M(100%)
[2026-04-03T02:39:06.707+0600][38.162s][info][gc,heap     ] GC(22) y: Soft Max Capacity: 1750M(100%)
[2026-04-03T02:39:06.707+0600][38.162s][info][gc,heap     ] GC(22) y: Heap Statistics:
[2026-04-03T02:39:06.707+0600][38.162s][info][gc,heap     ] GC(22) y:                Mark Start          Mark End        Relocate Start      Relocate End           High               Low         
[2026-04-03T02:39:06.707+0600][38.162s][info][gc,heap     ] GC(22) y:  Capacity:     1750M (100%)       1750M (100%)       1750M (100%)       1750M (100%)       1750M (100%)       1750M (100%)   
[2026-04-03T02:39:06.707+0600][38.162s][info][gc,heap     ] GC(22) y:      Free:      330M (19%)           2M (0%)          740M (42%)        1042M (60%)        1074M (61%)           2M (0%)     
[2026-04-03T02:39:06.707+0600][38.162s][info][gc,heap     ] GC(22) y:      Used:     1420M (81%)        1748M (100%)       1010M (58%)         708M (40%)        1748M (100%)        676M (39%)    
[2026-04-03T02:39:06.707+0600][38.162s][info][gc,heap     ] GC(22) y: Young Generation Statistics:
[2026-04-03T02:39:06.707+0600][38.162s][info][gc,heap     ] GC(22) y:                Mark Start          Mark End        Relocate Start      Relocate End    
[2026-04-03T02:39:06.707+0600][38.162s][info][gc,heap     ] GC(22) y:      Used:     1222M (70%)        1550M (89%)         806M (46%)         494M (28%)    
[2026-04-03T02:39:06.707+0600][38.162s][info][gc,heap     ] GC(22) y:      Live:         -                20M (1%)           15M (1%)           10M (1%)     
[2026-04-03T02:39:06.707+0600][38.162s][info][gc,heap     ] GC(22) y:   Garbage:         -              1201M (69%)         404M (23%)           0M (0%)     
[2026-04-03T02:39:06.707+0600][38.162s][info][gc,heap     ] GC(22) y: Allocated:         -               328M (19%)         386M (22%)         482M (28%)    
[2026-04-03T02:39:06.707+0600][38.162s][info][gc,heap     ] GC(22) y: Reclaimed:         -                  -               796M (46%)        1200M (69%)    
[2026-04-03T02:39:06.707+0600][38.162s][info][gc,heap     ] GC(22) y:  Promoted:         -                  -                 5M (0%)           10M (1%)     
[2026-04-03T02:39:06.707+0600][38.162s][info][gc,heap     ] GC(22) y: Compacted:         -                  -                  -                 7M (0%)     
[2026-04-03T02:39:06.707+0600][38.162s][info][gc,phases   ] GC(22) y: Young Generation 1420M(81%)->708M(40%) 0.082s
[2026-04-03T02:39:06.707+0600][38.162s][info][gc          ] GC(22) Minor Collection (Allocation Rate) 1420M(81%)->708M(40%) 0.083s
[2026-04-03T02:39:06.802+0600][38.257s][info][gc          ] GC(23) Minor Collection (Allocation Rate)
[2026-04-03T02:39:06.802+0600][38.257s][info][gc,task     ] GC(23) Using 2 Workers for Young Generation
[2026-04-03T02:39:06.802+0600][38.258s][info][gc,phases   ] GC(23) y: Young Generation
[2026-04-03T02:39:06.802+0600][38.258s][info][gc,phases   ] GC(23) y: Pause Mark Start 0.026ms
[2026-04-03T02:39:06.843+0600][38.299s][info][gc,phases   ] GC(23) y: Concurrent Mark 40.895ms
[2026-04-03T02:39:06.843+0600][38.299s][info][gc,phases   ] GC(23) y: Pause Mark End 0.024ms
[2026-04-03T02:39:06.844+0600][38.299s][info][gc,phases   ] GC(23) y: Concurrent Mark Free 0.002ms
[2026-04-03T02:39:06.844+0600][38.299s][info][gc,phases   ] GC(23) y: Concurrent Reset Relocation Set 0.036ms
[2026-04-03T02:39:06.848+0600][38.303s][info][gc,reloc    ] GC(23) y: Using tenuring threshold: 4 (Computed)
[2026-04-03T02:39:06.848+0600][38.304s][info][gc,phases   ] GC(23) y: Concurrent Select Relocation Set 4.672ms
[2026-04-03T02:39:06.849+0600][38.304s][info][gc,phases   ] GC(23) y: Pause Relocate Start 0.018ms
[2026-04-03T02:39:06.853+0600][38.309s][info][gc,phases   ] GC(23) y: Concurrent Relocate 4.538ms
[2026-04-03T02:39:06.853+0600][38.309s][info][gc,alloc    ] GC(23) y:                         Mark Start        Mark End      Relocate Start    Relocate End   
[2026-04-03T02:39:06.853+0600][38.309s][info][gc,alloc    ] GC(23) y: Allocation Stalls:          0                0                0                0         
[2026-04-03T02:39:06.854+0600][38.309s][info][gc,load     ] GC(23) y: Load: 5.48 (46%) / 5.34 (44%) / 5.62 (47%)
[2026-04-03T02:39:06.854+0600][38.309s][info][gc,mmu      ] GC(23) y: MMU: 2ms/96.9%, 5ms/98.8%, 10ms/99.1%, 20ms/99.6%, 50ms/99.8%, 100ms/99.9%
[2026-04-03T02:39:06.854+0600][38.309s][info][gc,marking  ] GC(23) y: Mark: 2 stripe(s), 2 proactive flush(es), 1 terminate flush(es), 0 completion(s), 0 continuation(s) 
[2026-04-03T02:39:06.854+0600][38.309s][info][gc,marking  ] GC(23) y: Mark Stack Usage: 32M
[2026-04-03T02:39:06.854+0600][38.309s][info][gc,nmethod  ] GC(23) y: NMethods: 15556 registered, 0 unregistered
[2026-04-03T02:39:06.854+0600][38.309s][info][gc,metaspace] GC(23) y: Metaspace: 127M used, 129M committed, 1152M reserved
[2026-04-03T02:39:06.854+0600][38.309s][info][gc,reloc    ] GC(23) y:                        Candidates     Selected     In-Place         Size        Empty    Relocated 
[2026-04-03T02:39:06.854+0600][38.309s][info][gc,reloc    ] GC(23) y: Small Pages:                   65           45            0         130M          22M           6M 
[2026-04-03T02:39:06.854+0600][38.309s][info][gc,reloc    ] GC(23) y: Medium Pages:                   1            0            0          32M          32M           0M 
[2026-04-03T02:39:06.854+0600][38.309s][info][gc,reloc    ] GC(23) y: Large Pages:                  114            0            0         684M         666M           0M 
[2026-04-03T02:39:06.854+0600][38.309s][info][gc,reloc    ] GC(23) y: Forwarding Usage: 1M
[2026-04-03T02:39:06.854+0600][38.309s][info][gc,reloc    ] GC(23) y: Age Table:
[2026-04-03T02:39:06.854+0600][38.309s][info][gc,reloc    ] GC(23) y:                    Live             Garbage             Small              Medium             Large        
[2026-04-03T02:39:06.854+0600][38.309s][info][gc,reloc    ] GC(23) y: Eden              23M (1%)          794M (45%)         51 / 40             1 / 0            114 / 0        
[2026-04-03T02:39:06.854+0600][38.309s][info][gc,reloc    ] GC(23) y: Survivor 1         4M (0%)            9M (1%)           7 / 1              0 / 0              0 / 0        
[2026-04-03T02:39:06.854+0600][38.309s][info][gc,reloc    ] GC(23) y: Survivor 2         2M (0%)            3M (0%)           3 / 2              0 / 0              0 / 0        
[2026-04-03T02:39:06.854+0600][38.309s][info][gc,reloc    ] GC(23) y: Survivor 3         2M (0%)            5M (0%)           4 / 2              0 / 0              0 / 0        
[2026-04-03T02:39:06.854+0600][38.309s][info][gc,heap     ] GC(23) y: Min Capacity: 8M(0%)
[2026-04-03T02:39:06.854+0600][38.309s][info][gc,heap     ] GC(23) y: Max Capacity: 1750M(100%)
[2026-04-03T02:39:06.854+0600][38.309s][info][gc,heap     ] GC(23) y: Soft Max Capacity: 1750M(100%)
[2026-04-03T02:39:06.854+0600][38.309s][info][gc,heap     ] GC(23) y: Heap Statistics:
[2026-04-03T02:39:06.854+0600][38.309s][info][gc,heap     ] GC(23) y:                Mark Start          Mark End        Relocate Start      Relocate End           High               Low         
[2026-04-03T02:39:06.854+0600][38.309s][info][gc,heap     ] GC(23) y:  Capacity:     1750M (100%)       1750M (100%)       1750M (100%)       1750M (100%)       1750M (100%)       1750M (100%)   
[2026-04-03T02:39:06.854+0600][38.309s][info][gc,heap     ] GC(23) y:      Free:      690M (39%)         540M (31%)        1250M (71%)        1318M (75%)        1318M (75%)         540M (31%)    
[2026-04-03T02:39:06.854+0600][38.309s][info][gc,heap     ] GC(23) y:      Used:     1060M (61%)        1210M (69%)         500M (29%)         432M (25%)        1210M (69%)         432M (25%)    
[2026-04-03T02:39:06.854+0600][38.309s][info][gc,heap     ] GC(23) y: Young Generation Statistics:
[2026-04-03T02:39:06.854+0600][38.309s][info][gc,heap     ] GC(23) y:                Mark Start          Mark End        Relocate Start      Relocate End    
[2026-04-03T02:39:06.854+0600][38.309s][info][gc,heap     ] GC(23) y:      Used:      846M (48%)         996M (57%)         286M (16%)         218M (12%)    
[2026-04-03T02:39:06.854+0600][38.309s][info][gc,heap     ] GC(23) y:      Live:         -                32M (2%)           32M (2%)           32M (2%)     
[2026-04-03T02:39:06.854+0600][38.309s][info][gc,heap     ] GC(23) y:   Garbage:         -               813M (46%)          93M (5%)            1M (0%)     
[2026-04-03T02:39:06.854+0600][38.309s][info][gc,heap     ] GC(23) y: Allocated:         -               150M (9%)          160M (9%)          183M (10%)    
[2026-04-03T02:39:06.854+0600][38.309s][info][gc,heap     ] GC(23) y: Reclaimed:         -                  -               720M (41%)         811M (46%)    
[2026-04-03T02:39:06.854+0600][38.309s][info][gc,heap     ] GC(23) y:  Promoted:         -                  -                 0M (0%)            0M (0%)     
[2026-04-03T02:39:06.854+0600][38.309s][info][gc,heap     ] GC(23) y: Compacted:         -                  -                  -                 8M (0%)     
[2026-04-03T02:39:06.854+0600][38.309s][info][gc,phases   ] GC(23) y: Young Generation 1060M(61%)->432M(25%) 0.051s
[2026-04-03T02:39:06.854+0600][38.309s][info][gc          ] GC(23) Minor Collection (Allocation Rate) 1060M(61%)->432M(25%) 0.052s
[2026-04-03T02:39:07.424+0600][38.879s][info][gc          ] GC(24) Minor Collection (Allocation Rate)
[2026-04-03T02:39:07.424+0600][38.879s][info][gc,task     ] GC(24) Using 2 Workers for Young Generation
[2026-04-03T02:39:07.424+0600][38.879s][info][gc,phases   ] GC(24) y: Young Generation
[2026-04-03T02:39:07.424+0600][38.880s][info][gc,phases   ] GC(24) y: Pause Mark Start 0.019ms
[2026-04-03T02:39:07.467+0600][38.922s][info][gc,phases   ] GC(24) y: Concurrent Mark 42.325ms
[2026-04-03T02:39:07.467+0600][38.922s][info][gc,phases   ] GC(24) y: Pause Mark End 0.028ms
[2026-04-03T02:39:07.467+0600][38.923s][info][gc,phases   ] GC(24) y: Concurrent Mark Free 0.002ms
[2026-04-03T02:39:07.467+0600][38.923s][info][gc,phases   ] GC(24) y: Concurrent Reset Relocation Set 0.013ms
[2026-04-03T02:39:07.470+0600][38.925s][info][gc,reloc    ] GC(24) y: Using tenuring threshold: 5 (Computed)
[2026-04-03T02:39:07.470+0600][38.926s][info][gc,phases   ] GC(24) y: Concurrent Select Relocation Set 3.045ms
[2026-04-03T02:39:07.470+0600][38.926s][info][gc,phases   ] GC(24) y: Pause Relocate Start 0.015ms
[2026-04-03T02:39:07.478+0600][38.934s][info][gc,phases   ] GC(24) y: Concurrent Relocate 7.705ms
[2026-04-03T02:39:07.478+0600][38.934s][info][gc,alloc    ] GC(24) y:                         Mark Start        Mark End      Relocate Start    Relocate End   
[2026-04-03T02:39:07.478+0600][38.934s][info][gc,alloc    ] GC(24) y: Allocation Stalls:          0                0                0                0         
[2026-04-03T02:39:07.478+0600][38.934s][info][gc,load     ] GC(24) y: Load: 5.48 (46%) / 5.34 (44%) / 5.62 (47%)
[2026-04-03T02:39:07.478+0600][38.934s][info][gc,mmu      ] GC(24) y: MMU: 2ms/96.9%, 5ms/98.8%, 10ms/99.1%, 20ms/99.6%, 50ms/99.8%, 100ms/99.9%
[2026-04-03T02:39:07.478+0600][38.934s][info][gc,marking  ] GC(24) y: Mark: 2 stripe(s), 2 proactive flush(es), 1 terminate flush(es), 0 completion(s), 0 continuation(s) 
[2026-04-03T02:39:07.478+0600][38.934s][info][gc,marking  ] GC(24) y: Mark Stack Usage: 32M
[2026-04-03T02:39:07.478+0600][38.934s][info][gc,nmethod  ] GC(24) y: NMethods: 15638 registered, 0 unregistered
[2026-04-03T02:39:07.478+0600][38.934s][info][gc,metaspace] GC(24) y: Metaspace: 127M used, 129M committed, 1152M reserved
[2026-04-03T02:39:07.478+0600][38.934s][info][gc,reloc    ] GC(24) y:                        Candidates     Selected     In-Place         Size        Empty    Relocated 
[2026-04-03T02:39:07.478+0600][38.934s][info][gc,reloc    ] GC(24) y: Small Pages:                  204          162            0         408M          68M           5M 
[2026-04-03T02:39:07.478+0600][38.934s][info][gc,reloc    ] GC(24) y: Medium Pages:                   2            0            0          64M          64M           0M 
[2026-04-03T02:39:07.478+0600][38.934s][info][gc,reloc    ] GC(24) y: Large Pages:                   27            0            0         162M         162M           0M 
[2026-04-03T02:39:07.478+0600][38.934s][info][gc,reloc    ] GC(24) y: Forwarding Usage: 1M
[2026-04-03T02:39:07.478+0600][38.934s][info][gc,reloc    ] GC(24) y: Age Table:
[2026-04-03T02:39:07.478+0600][38.934s][info][gc,reloc    ] GC(24) y:                    Live             Garbage             Small              Medium             Large        
[2026-04-03T02:39:07.478+0600][38.934s][info][gc,reloc    ] GC(24) y: Eden               2M (0%)          577M (33%)        186 / 155            2 / 0             24 / 0        
[2026-04-03T02:39:07.479+0600][38.934s][info][gc,reloc    ] GC(24) y: Survivor 1         1M (0%)           30M (2%)           7 / 1              0 / 0              3 / 0        
[2026-04-03T02:39:07.479+0600][38.934s][info][gc,reloc    ] GC(24) y: Survivor 2         4M (0%)            5M (0%)           5 / 2              0 / 0              0 / 0        
[2026-04-03T02:39:07.479+0600][38.934s][info][gc,reloc    ] GC(24) y: Survivor 3         2M (0%)            3M (0%)           3 / 1              0 / 0              0 / 0        
[2026-04-03T02:39:07.479+0600][38.934s][info][gc,reloc    ] GC(24) y: Survivor 4         2M (0%)            3M (0%)           3 / 3              0 / 0              0 / 0        
[2026-04-03T02:39:07.479+0600][38.934s][info][gc,heap     ] GC(24) y: Min Capacity: 8M(0%)
[2026-04-03T02:39:07.479+0600][38.934s][info][gc,heap     ] GC(24) y: Max Capacity: 1750M(100%)
[2026-04-03T02:39:07.479+0600][38.934s][info][gc,heap     ] GC(24) y: Soft Max Capacity: 1750M(100%)
[2026-04-03T02:39:07.479+0600][38.934s][info][gc,heap     ] GC(24) y: Heap Statistics:
[2026-04-03T02:39:07.479+0600][38.934s][info][gc,heap     ] GC(24) y:                Mark Start          Mark End        Relocate Start      Relocate End           High               Low         
[2026-04-03T02:39:07.479+0600][38.934s][info][gc,heap     ] GC(24) y:  Capacity:     1750M (100%)       1750M (100%)       1750M (100%)       1750M (100%)       1750M (100%)       1750M (100%)   
[2026-04-03T02:39:07.479+0600][38.934s][info][gc,heap     ] GC(24) y:      Free:      902M (52%)         870M (50%)        1162M (66%)        1464M (84%)        1464M (84%)         868M (50%)    
[2026-04-03T02:39:07.479+0600][38.934s][info][gc,heap     ] GC(24) y:      Used:      848M (48%)         880M (50%)         588M (34%)         286M (16%)         882M (50%)         286M (16%)    
[2026-04-03T02:39:07.479+0600][38.934s][info][gc,heap     ] GC(24) y: Young Generation Statistics:
[2026-04-03T02:39:07.479+0600][38.934s][info][gc,heap     ] GC(24) y:                Mark Start          Mark End        Relocate Start      Relocate End    
[2026-04-03T02:39:07.479+0600][38.934s][info][gc,heap     ] GC(24) y:      Used:      634M (36%)         666M (38%)         374M (21%)          72M (4%)     
[2026-04-03T02:39:07.479+0600][38.934s][info][gc,heap     ] GC(24) y:      Live:         -                13M (1%)           13M (1%)           13M (1%)     
[2026-04-03T02:39:07.479+0600][38.934s][info][gc,heap     ] GC(24) y:   Garbage:         -               620M (35%)         326M (19%)           1M (0%)     
[2026-04-03T02:39:07.479+0600][38.934s][info][gc,heap     ] GC(24) y: Allocated:         -                32M (2%)           34M (2%)           57M (3%)     
[2026-04-03T02:39:07.479+0600][38.934s][info][gc,heap     ] GC(24) y: Reclaimed:         -                  -               294M (17%)         619M (35%)    
[2026-04-03T02:39:07.479+0600][38.934s][info][gc,heap     ] GC(24) y:  Promoted:         -                  -                 0M (0%)            0M (0%)     
[2026-04-03T02:39:07.479+0600][38.934s][info][gc,heap     ] GC(24) y: Compacted:         -                  -                  -                 8M (0%)     
[2026-04-03T02:39:07.479+0600][38.934s][info][gc,phases   ] GC(24) y: Young Generation 848M(48%)->286M(16%) 0.054s
[2026-04-03T02:39:07.479+0600][38.934s][info][gc          ] GC(24) Minor Collection (Allocation Rate) 848M(48%)->286M(16%) 0.055s
[2026-04-03T02:39:08.172+0600][39.628s][info][gc          ] GC(25) Minor Collection (Allocation Rate)
[2026-04-03T02:39:08.172+0600][39.628s][info][gc,task     ] GC(25) Using 1 Workers for Young Generation
[2026-04-03T02:39:08.172+0600][39.628s][info][gc,phases   ] GC(25) y: Young Generation
[2026-04-03T02:39:08.173+0600][39.628s][info][gc,phases   ] GC(25) y: Pause Mark Start 0.030ms
[2026-04-03T02:39:08.244+0600][39.700s][info][gc,phases   ] GC(25) y: Concurrent Mark 71.502ms
[2026-04-03T02:39:08.245+0600][39.700s][info][gc,phases   ] GC(25) y: Pause Mark End 0.065ms
[2026-04-03T02:39:08.245+0600][39.700s][info][gc,phases   ] GC(25) y: Concurrent Mark Free 0.002ms
[2026-04-03T02:39:08.245+0600][39.700s][info][gc,phases   ] GC(25) y: Concurrent Reset Relocation Set 0.023ms
[2026-04-03T02:39:08.248+0600][39.703s][info][gc,reloc    ] GC(25) y: Using tenuring threshold: 6 (Computed)
[2026-04-03T02:39:08.248+0600][39.704s][info][gc,phases   ] GC(25) y: Concurrent Select Relocation Set 3.092ms
[2026-04-03T02:39:08.248+0600][39.704s][info][gc,phases   ] GC(25) y: Pause Relocate Start 0.016ms
[2026-04-03T02:39:08.262+0600][39.717s][info][gc,phases   ] GC(25) y: Concurrent Relocate 13.258ms
[2026-04-03T02:39:08.262+0600][39.717s][info][gc,alloc    ] GC(25) y:                         Mark Start        Mark End      Relocate Start    Relocate End   
[2026-04-03T02:39:08.262+0600][39.717s][info][gc,alloc    ] GC(25) y: Allocation Stalls:          0                0                0                0         
[2026-04-03T02:39:08.262+0600][39.717s][info][gc,load     ] GC(25) y: Load: 5.48 (46%) / 5.34 (44%) / 5.62 (47%)
[2026-04-03T02:39:08.262+0600][39.717s][info][gc,mmu      ] GC(25) y: MMU: 2ms/96.7%, 5ms/98.4%, 10ms/99.1%, 20ms/99.6%, 50ms/99.8%, 100ms/99.9%
[2026-04-03T02:39:08.262+0600][39.717s][info][gc,marking  ] GC(25) y: Mark: 1 stripe(s), 2 proactive flush(es), 1 terminate flush(es), 0 completion(s), 0 continuation(s) 
[2026-04-03T02:39:08.262+0600][39.717s][info][gc,marking  ] GC(25) y: Mark Stack Usage: 32M
[2026-04-03T02:39:08.262+0600][39.717s][info][gc,nmethod  ] GC(25) y: NMethods: 15684 registered, 0 unregistered
[2026-04-03T02:39:08.262+0600][39.717s][info][gc,metaspace] GC(25) y: Metaspace: 127M used, 129M committed, 1152M reserved
[2026-04-03T02:39:08.262+0600][39.717s][info][gc,reloc    ] GC(25) y:                        Candidates     Selected     In-Place         Size        Empty    Relocated 
[2026-04-03T02:39:08.262+0600][39.717s][info][gc,reloc    ] GC(25) y: Small Pages:                  227          110            0         454M         212M           7M 
[2026-04-03T02:39:08.262+0600][39.717s][info][gc,reloc    ] GC(25) y: Medium Pages:                   3            0            0          96M          96M           0M 
[2026-04-03T02:39:08.262+0600][39.717s][info][gc,reloc    ] GC(25) y: Large Pages:                   12            0            0          72M          72M           0M 
[2026-04-03T02:39:08.262+0600][39.717s][info][gc,reloc    ] GC(25) y: Forwarding Usage: 2M
[2026-04-03T02:39:08.262+0600][39.717s][info][gc,reloc    ] GC(25) y: Age Table:
[2026-04-03T02:39:08.262+0600][39.717s][info][gc,reloc    ] GC(25) y:                    Live             Garbage             Small              Medium             Large        
[2026-04-03T02:39:08.262+0600][39.717s][info][gc,reloc    ] GC(25) y: Eden               4M (0%)          579M (33%)        208 / 99             3 / 0             12 / 0        
[2026-04-03T02:39:08.262+0600][39.717s][info][gc,reloc    ] GC(25) y: Survivor 1         2M (0%)           17M (1%)          10 / 10             0 / 0              0 / 0        
[2026-04-03T02:39:08.262+0600][39.717s][info][gc,reloc    ] GC(25) y: Survivor 2         1M (0%)            2M (0%)           2 / 1              0 / 0              0 / 0        
[2026-04-03T02:39:08.262+0600][39.717s][info][gc,reloc    ] GC(25) y: Survivor 3         4M (0%)            1M (0%)           3 / 0              0 / 0              0 / 0        
[2026-04-03T02:39:08.262+0600][39.717s][info][gc,reloc    ] GC(25) y: Survivor 4         2M (0%)            1M (0%)           2 / 0              0 / 0              0 / 0        
[2026-04-03T02:39:08.262+0600][39.717s][info][gc,reloc    ] GC(25) y: Survivor 5         2M (0%)            1M (0%)           2 / 0              0 / 0              0 / 0        
[2026-04-03T02:39:08.262+0600][39.717s][info][gc,heap     ] GC(25) y: Min Capacity: 8M(0%)
[2026-04-03T02:39:08.262+0600][39.717s][info][gc,heap     ] GC(25) y: Max Capacity: 1750M(100%)
[2026-04-03T02:39:08.262+0600][39.717s][info][gc,heap     ] GC(25) y: Soft Max Capacity: 1750M(100%)
[2026-04-03T02:39:08.262+0600][39.718s][info][gc,heap     ] GC(25) y: Heap Statistics:
[2026-04-03T02:39:08.262+0600][39.718s][info][gc,heap     ] GC(25) y:                Mark Start          Mark End        Relocate Start      Relocate End           High               Low         
[2026-04-03T02:39:08.262+0600][39.718s][info][gc,heap     ] GC(25) y:  Capacity:     1750M (100%)       1750M (100%)       1750M (100%)       1750M (100%)       1750M (100%)       1750M (100%)   
[2026-04-03T02:39:08.262+0600][39.718s][info][gc,heap     ] GC(25) y:      Free:      914M (52%)         836M (48%)        1216M (69%)        1414M (81%)        1414M (81%)         836M (48%)    
[2026-04-03T02:39:08.262+0600][39.718s][info][gc,heap     ] GC(25) y:      Used:      836M (48%)         914M (52%)         534M (31%)         336M (19%)         914M (52%)         336M (19%)    
[2026-04-03T02:39:08.262+0600][39.718s][info][gc,heap     ] GC(25) y: Young Generation Statistics:
[2026-04-03T02:39:08.262+0600][39.718s][info][gc,heap     ] GC(25) y:                Mark Start          Mark End        Relocate Start      Relocate End    
[2026-04-03T02:39:08.262+0600][39.718s][info][gc,heap     ] GC(25) y:      Used:      622M (36%)         700M (40%)         320M (18%)         122M (7%)     
[2026-04-03T02:39:08.262+0600][39.718s][info][gc,heap     ] GC(25) y:      Live:         -                17M (1%)           17M (1%)           17M (1%)     
[2026-04-03T02:39:08.262+0600][39.718s][info][gc,heap     ] GC(25) y:   Garbage:         -               604M (35%)         224M (13%)           2M (0%)     
[2026-04-03T02:39:08.262+0600][39.718s][info][gc,heap     ] GC(25) y: Allocated:         -                78M (4%)           78M (4%)          101M (6%)     
[2026-04-03T02:39:08.262+0600][39.718s][info][gc,heap     ] GC(25) y: Reclaimed:         -                  -               380M (22%)         601M (34%)    
[2026-04-03T02:39:08.262+0600][39.718s][info][gc,heap     ] GC(25) y:  Promoted:         -                  -                 0M (0%)            0M (0%)     
[2026-04-03T02:39:08.262+0600][39.718s][info][gc,heap     ] GC(25) y: Compacted:         -                  -                  -                10M (1%)     
[2026-04-03T02:39:08.262+0600][39.718s][info][gc,phases   ] GC(25) y: Young Generation 836M(48%)->336M(19%) 0.089s
[2026-04-03T02:39:08.262+0600][39.718s][info][gc          ] GC(25) Minor Collection (Allocation Rate) 836M(48%)->336M(19%) 0.090s
[2026-04-03T02:39:09.270+0600][40.725s][info][gc          ] GC(26) Minor Collection (Allocation Rate)
[2026-04-03T02:39:09.270+0600][40.725s][info][gc,task     ] GC(26) Using 1 Workers for Young Generation
[2026-04-03T02:39:09.270+0600][40.725s][info][gc,phases   ] GC(26) y: Young Generation
[2026-04-03T02:39:09.270+0600][40.725s][info][gc,phases   ] GC(26) y: Pause Mark Start 0.015ms
[2026-04-03T02:39:09.346+0600][40.801s][info][gc,phases   ] GC(26) y: Concurrent Mark 75.683ms
[2026-04-03T02:39:09.346+0600][40.801s][info][gc,phases   ] GC(26) y: Pause Mark End 0.020ms
[2026-04-03T02:39:09.346+0600][40.801s][info][gc,phases   ] GC(26) y: Concurrent Mark Free 0.001ms
[2026-04-03T02:39:09.346+0600][40.801s][info][gc,phases   ] GC(26) y: Concurrent Reset Relocation Set 0.013ms
[2026-04-03T02:39:09.348+0600][40.803s][info][gc,reloc    ] GC(26) y: Using tenuring threshold: 5 (Computed)
[2026-04-03T02:39:09.351+0600][40.807s][info][gc,phases   ] GC(26) y: Concurrent Select Relocation Set 5.417ms
[2026-04-03T02:39:09.351+0600][40.807s][info][gc,phases   ] GC(26) y: Pause Relocate Start 0.017ms
[2026-04-03T02:39:09.376+0600][40.831s][info][gc,phases   ] GC(26) y: Concurrent Relocate 24.016ms
[2026-04-03T02:39:09.376+0600][40.831s][info][gc,alloc    ] GC(26) y:                         Mark Start        Mark End      Relocate Start    Relocate End   
[2026-04-03T02:39:09.376+0600][40.831s][info][gc,alloc    ] GC(26) y: Allocation Stalls:          0                0                0                0         
[2026-04-03T02:39:09.376+0600][40.831s][info][gc,load     ] GC(26) y: Load: 5.48 (46%) / 5.34 (44%) / 5.62 (47%)
[2026-04-03T02:39:09.376+0600][40.831s][info][gc,mmu      ] GC(26) y: MMU: 2ms/96.7%, 5ms/98.4%, 10ms/99.1%, 20ms/99.6%, 50ms/99.8%, 100ms/99.9%
[2026-04-03T02:39:09.376+0600][40.831s][info][gc,marking  ] GC(26) y: Mark: 1 stripe(s), 2 proactive flush(es), 1 terminate flush(es), 0 completion(s), 0 continuation(s) 
[2026-04-03T02:39:09.376+0600][40.831s][info][gc,marking  ] GC(26) y: Mark Stack Usage: 32M
[2026-04-03T02:39:09.376+0600][40.831s][info][gc,nmethod  ] GC(26) y: NMethods: 15809 registered, 0 unregistered
[2026-04-03T02:39:09.376+0600][40.831s][info][gc,metaspace] GC(26) y: Metaspace: 127M used, 129M committed, 1152M reserved
[2026-04-03T02:39:09.376+0600][40.831s][info][gc,reloc    ] GC(26) y:                        Candidates     Selected     In-Place         Size        Empty    Relocated 
[2026-04-03T02:39:09.376+0600][40.831s][info][gc,reloc    ] GC(26) y: Small Pages:                  332          218            0         664M         208M           6M 
[2026-04-03T02:39:09.376+0600][40.831s][info][gc,reloc    ] GC(26) y: Medium Pages:                   4            0            0         128M         128M           0M 
[2026-04-03T02:39:09.376+0600][40.831s][info][gc,reloc    ] GC(26) y: Large Pages:                   15            0            0          90M          84M           0M 
[2026-04-03T02:39:09.376+0600][40.831s][info][gc,reloc    ] GC(26) y: Forwarding Usage: 2M
[2026-04-03T02:39:09.376+0600][40.831s][info][gc,reloc    ] GC(26) y: Age Table:
[2026-04-03T02:39:09.376+0600][40.831s][info][gc,reloc    ] GC(26) y:                    Live             Garbage             Small              Medium             Large        
[2026-04-03T02:39:09.376+0600][40.831s][info][gc,reloc    ] GC(26) y: Eden               8M (1%)          833M (48%)        312 / 205            4 / 0             15 / 0        
[2026-04-03T02:39:09.376+0600][40.831s][info][gc,reloc    ] GC(26) y: Survivor 1         1M (0%)            4M (0%)           3 / 3              0 / 0              0 / 0        
[2026-04-03T02:39:09.376+0600][40.831s][info][gc,reloc    ] GC(26) y: Survivor 2         1M (0%)           16M (1%)           9 / 8              0 / 0              0 / 0        
[2026-04-03T02:39:09.376+0600][40.831s][info][gc,reloc    ] GC(26) y: Survivor 3         1M (0%)            0M (0%)           1 / 0              0 / 0              0 / 0        
[2026-04-03T02:39:09.376+0600][40.831s][info][gc,reloc    ] GC(26) y: Survivor 4         4M (0%)            1M (0%)           3 / 1              0 / 0              0 / 0        
[2026-04-03T02:39:09.376+0600][40.831s][info][gc,reloc    ] GC(26) y: Survivor 5         2M (0%)            1M (0%)           2 / 0              0 / 0              0 / 0        
[2026-04-03T02:39:09.376+0600][40.831s][info][gc,reloc    ] GC(26) y: Survivor 6         2M (0%)            1M (0%)           2 / 1              0 / 0              0 / 0        
[2026-04-03T02:39:09.376+0600][40.831s][info][gc,heap     ] GC(26) y: Min Capacity: 8M(0%)
[2026-04-03T02:39:09.376+0600][40.831s][info][gc,heap     ] GC(26) y: Max Capacity: 1750M(100%)
[2026-04-03T02:39:09.376+0600][40.831s][info][gc,heap     ] GC(26) y: Soft Max Capacity: 1750M(100%)
[2026-04-03T02:39:09.376+0600][40.831s][info][gc,heap     ] GC(26) y: Heap Statistics:
[2026-04-03T02:39:09.376+0600][40.831s][info][gc,heap     ] GC(26) y:                Mark Start          Mark End        Relocate Start      Relocate End           High               Low         
[2026-04-03T02:39:09.376+0600][40.831s][info][gc,heap     ] GC(26) y:  Capacity:     1750M (100%)       1750M (100%)       1750M (100%)       1750M (100%)       1750M (100%)       1750M (100%)   
[2026-04-03T02:39:09.376+0600][40.831s][info][gc,heap     ] GC(26) y:      Free:      654M (37%)         582M (33%)         996M (57%)        1372M (78%)        1402M (80%)         582M (33%)    
[2026-04-03T02:39:09.376+0600][40.832s][info][gc,heap     ] GC(26) y:      Used:     1096M (63%)        1168M (67%)         754M (43%)         378M (22%)        1168M (67%)         348M (20%)    
[2026-04-03T02:39:09.376+0600][40.832s][info][gc,heap     ] GC(26) y: Young Generation Statistics:
[2026-04-03T02:39:09.376+0600][40.832s][info][gc,heap     ] GC(26) y:                Mark Start          Mark End        Relocate Start      Relocate End    
[2026-04-03T02:39:09.376+0600][40.832s][info][gc,heap     ] GC(26) y:      Used:      882M (50%)         954M (55%)         538M (31%)         158M (9%)     
[2026-04-03T02:39:09.376+0600][40.832s][info][gc,heap     ] GC(26) y:      Live:         -                22M (1%)           20M (1%)           17M (1%)     
[2026-04-03T02:39:09.376+0600][40.832s][info][gc,heap     ] GC(26) y:   Garbage:         -               859M (49%)         439M (25%)           1M (0%)     
[2026-04-03T02:39:09.376+0600][40.832s][info][gc,heap     ] GC(26) y: Allocated:         -                72M (4%)           78M (4%)          139M (8%)     
[2026-04-03T02:39:09.376+0600][40.832s][info][gc,heap     ] GC(26) y: Reclaimed:         -                  -               420M (24%)         857M (49%)    
[2026-04-03T02:39:09.376+0600][40.832s][info][gc,heap     ] GC(26) y:  Promoted:         -                  -                 1M (0%)            5M (0%)     
[2026-04-03T02:39:09.376+0600][40.832s][info][gc,heap     ] GC(26) y: Compacted:         -                  -                  -                 6M (0%)     
[2026-04-03T02:39:09.376+0600][40.832s][info][gc,phases   ] GC(26) y: Young Generation 1096M(63%)->378M(22%) 0.106s
[2026-04-03T02:39:09.376+0600][40.832s][info][gc          ] GC(26) Minor Collection (Allocation Rate) 1096M(63%)->378M(22%) 0.107s
[2026-04-03T02:39:10.674+0600][42.130s][info][gc          ] GC(27) Minor Collection (Allocation Rate)
[2026-04-03T02:39:10.674+0600][42.130s][info][gc,task     ] GC(27) Using 1 Workers for Young Generation
[2026-04-03T02:39:10.674+0600][42.130s][info][gc,phases   ] GC(27) y: Young Generation
[2026-04-03T02:39:10.675+0600][42.130s][info][gc,phases   ] GC(27) y: Pause Mark Start 0.022ms
[2026-04-03T02:39:10.782+0600][42.237s][info][gc,task     ] Adjusting Workers for Young Generation: 1 -> 3
[2026-04-03T02:39:10.782+0600][42.238s][info][gc,phases   ] GC(27) y: Concurrent Mark 107.226ms
[2026-04-03T02:39:10.783+0600][42.238s][info][gc,phases   ] GC(27) y: Pause Mark End 0.030ms
[2026-04-03T02:39:10.783+0600][42.238s][info][gc,phases   ] GC(27) y: Concurrent Mark Free 0.002ms
[2026-04-03T02:39:10.783+0600][42.238s][info][gc,phases   ] GC(27) y: Concurrent Reset Relocation Set 0.024ms
[2026-04-03T02:39:10.785+0600][42.240s][info][gc,reloc    ] GC(27) y: Using tenuring threshold: 3 (Computed)
[2026-04-03T02:39:10.789+0600][42.245s][info][gc,phases   ] GC(27) y: Concurrent Select Relocation Set 6.392ms
[2026-04-03T02:39:10.789+0600][42.245s][info][gc,phases   ] GC(27) y: Pause Relocate Start 0.018ms
[2026-04-03T02:39:10.811+0600][42.266s][info][gc,phases   ] GC(27) y: Concurrent Relocate 20.797ms
[2026-04-03T02:39:10.811+0600][42.266s][info][gc,alloc    ] GC(27) y:                         Mark Start        Mark End      Relocate Start    Relocate End   
[2026-04-03T02:39:10.811+0600][42.266s][info][gc,alloc    ] GC(27) y: Allocation Stalls:          0                0                0                0         
[2026-04-03T02:39:10.811+0600][42.266s][info][gc,load     ] GC(27) y: Load: 5.68 (47%) / 5.38 (45%) / 5.63 (47%)
[2026-04-03T02:39:10.811+0600][42.266s][info][gc,mmu      ] GC(27) y: MMU: 2ms/96.7%, 5ms/98.4%, 10ms/99.1%, 20ms/99.6%, 50ms/99.8%, 100ms/99.9%
[2026-04-03T02:39:10.811+0600][42.266s][info][gc,marking  ] GC(27) y: Mark: 1 stripe(s), 2 proactive flush(es), 1 terminate flush(es), 0 completion(s), 0 continuation(s) 
[2026-04-03T02:39:10.811+0600][42.266s][info][gc,marking  ] GC(27) y: Mark Stack Usage: 32M
[2026-04-03T02:39:10.811+0600][42.266s][info][gc,nmethod  ] GC(27) y: NMethods: 15923 registered, 0 unregistered
[2026-04-03T02:39:10.811+0600][42.266s][info][gc,metaspace] GC(27) y: Metaspace: 127M used, 129M committed, 1152M reserved
[2026-04-03T02:39:10.811+0600][42.266s][info][gc,reloc    ] GC(27) y:                        Candidates     Selected     In-Place         Size        Empty    Relocated 
[2026-04-03T02:39:10.811+0600][42.266s][info][gc,reloc    ] GC(27) y: Small Pages:                  474          286            0         948M         354M           9M 
[2026-04-03T02:39:10.811+0600][42.266s][info][gc,reloc    ] GC(27) y: Medium Pages:                   5            0            0         160M         160M           0M 
[2026-04-03T02:39:10.811+0600][42.266s][info][gc,reloc    ] GC(27) y: Large Pages:                   24            0            0         144M         144M           0M 
[2026-04-03T02:39:10.811+0600][42.266s][info][gc,reloc    ] GC(27) y: Forwarding Usage: 3M
[2026-04-03T02:39:10.811+0600][42.266s][info][gc,reloc    ] GC(27) y: Age Table:
[2026-04-03T02:39:10.811+0600][42.266s][info][gc,reloc    ] GC(27) y:                    Live             Garbage             Small              Medium             Large        
[2026-04-03T02:39:10.811+0600][42.266s][info][gc,reloc    ] GC(27) y: Eden               7M (0%)         1196M (68%)        453 / 278            5 / 0             23 / 0        
[2026-04-03T02:39:10.811+0600][42.266s][info][gc,reloc    ] GC(27) y: Survivor 1         2M (0%)            9M (1%)           3 / 1              0 / 0              1 / 0        
[2026-04-03T02:39:10.811+0600][42.266s][info][gc,reloc    ] GC(27) y: Survivor 2         1M (0%)            2M (0%)           2 / 1              0 / 0              0 / 0        
[2026-04-03T02:39:10.811+0600][42.266s][info][gc,reloc    ] GC(27) y: Survivor 3         1M (0%)           16M (1%)           9 / 2              0 / 0              0 / 0        
[2026-04-03T02:39:10.811+0600][42.266s][info][gc,reloc    ] GC(27) y: Survivor 4         1M (0%)            0M (0%)           1 / 1              0 / 0              0 / 0        
[2026-04-03T02:39:10.811+0600][42.267s][info][gc,reloc    ] GC(27) y: Survivor 5         4M (0%)            7M (0%)           6 / 3              0 / 0              0 / 0        
[2026-04-03T02:39:10.811+0600][42.267s][info][gc,heap     ] GC(27) y: Min Capacity: 8M(0%)
[2026-04-03T02:39:10.811+0600][42.267s][info][gc,heap     ] GC(27) y: Max Capacity: 1750M(100%)
[2026-04-03T02:39:10.811+0600][42.267s][info][gc,heap     ] GC(27) y: Soft Max Capacity: 1750M(100%)
[2026-04-03T02:39:10.811+0600][42.267s][info][gc,heap     ] GC(27) y: Heap Statistics:
[2026-04-03T02:39:10.811+0600][42.267s][info][gc,heap     ] GC(27) y:                Mark Start          Mark End        Relocate Start      Relocate End           High               Low         
[2026-04-03T02:39:10.811+0600][42.267s][info][gc,heap     ] GC(27) y:  Capacity:     1750M (100%)       1750M (100%)       1750M (100%)       1750M (100%)       1750M (100%)       1750M (100%)   
[2026-04-03T02:39:10.811+0600][42.267s][info][gc,heap     ] GC(27) y:      Free:      278M (16%)          98M (6%)          748M (43%)        1266M (72%)        1278M (73%)          98M (6%)     
[2026-04-03T02:39:10.811+0600][42.267s][info][gc,heap     ] GC(27) y:      Used:     1472M (84%)        1652M (94%)        1002M (57%)         484M (28%)        1652M (94%)         472M (27%)    
[2026-04-03T02:39:10.811+0600][42.267s][info][gc,heap     ] GC(27) y: Young Generation Statistics:
[2026-04-03T02:39:10.811+0600][42.267s][info][gc,heap     ] GC(27) y:                Mark Start          Mark End        Relocate Start      Relocate End    
[2026-04-03T02:39:10.811+0600][42.267s][info][gc,heap     ] GC(27) y:      Used:     1252M (72%)        1432M (82%)         776M (44%)         252M (14%)    
[2026-04-03T02:39:10.811+0600][42.267s][info][gc,heap     ] GC(27) y:      Live:         -                18M (1%)           13M (1%)           11M (1%)     
[2026-04-03T02:39:10.811+0600][42.267s][info][gc,heap     ] GC(27) y:   Garbage:         -              1233M (70%)         574M (33%)           0M (0%)     
[2026-04-03T02:39:10.811+0600][42.267s][info][gc,heap     ] GC(27) y: Allocated:         -               180M (10%)         188M (11%)         240M (14%)    
[2026-04-03T02:39:10.811+0600][42.267s][info][gc,heap     ] GC(27) y: Reclaimed:         -                  -               659M (38%)        1233M (70%)    
[2026-04-03T02:39:10.811+0600][42.267s][info][gc,heap     ] GC(27) y:  Promoted:         -                  -                 4M (0%)            7M (0%)     
[2026-04-03T02:39:10.811+0600][42.267s][info][gc,heap     ] GC(27) y: Compacted:         -                  -                  -                 9M (1%)     
[2026-04-03T02:39:10.811+0600][42.267s][info][gc,phases   ] GC(27) y: Young Generation 1472M(84%)->484M(28%) 0.136s
[2026-04-03T02:39:10.811+0600][42.267s][info][gc          ] GC(27) Minor Collection (Allocation Rate) 1472M(84%)->486M(28%) 0.137s
[2026-04-03T02:39:11.039+0600][42.494s][info][gc          ] GC(28) Minor Collection (Allocation Rate)
[2026-04-03T02:39:11.039+0600][42.494s][info][gc,task     ] GC(28) Using 3 Workers for Young Generation
[2026-04-03T02:39:11.039+0600][42.494s][info][gc,phases   ] GC(28) y: Young Generation
[2026-04-03T02:39:11.039+0600][42.494s][info][gc,phases   ] GC(28) y: Pause Mark Start 0.022ms
[2026-04-03T02:39:11.071+0600][42.527s][info][gc,phases   ] GC(28) y: Concurrent Mark 32.341ms
[2026-04-03T02:39:11.072+0600][42.527s][info][gc,phases   ] GC(28) y: Pause Mark End 0.032ms
[2026-04-03T02:39:11.072+0600][42.527s][info][gc,phases   ] GC(28) y: Concurrent Mark Free 0.003ms
[2026-04-03T02:39:11.072+0600][42.527s][info][gc,phases   ] GC(28) y: Concurrent Reset Relocation Set 0.059ms
[2026-04-03T02:39:11.076+0600][42.532s][info][gc,reloc    ] GC(28) y: Using tenuring threshold: 4 (Computed)
[2026-04-03T02:39:11.077+0600][42.532s][info][gc,phases   ] GC(28) y: Concurrent Select Relocation Set 4.890ms
[2026-04-03T02:39:11.077+0600][42.533s][info][gc,phases   ] GC(28) y: Pause Relocate Start 0.024ms
[2026-04-03T02:39:11.083+0600][42.538s][info][gc,phases   ] GC(28) y: Concurrent Relocate 5.140ms
[2026-04-03T02:39:11.083+0600][42.538s][info][gc,alloc    ] GC(28) y:                         Mark Start        Mark End      Relocate Start    Relocate End   
[2026-04-03T02:39:11.083+0600][42.538s][info][gc,alloc    ] GC(28) y: Allocation Stalls:          0                0                0                0         
[2026-04-03T02:39:11.083+0600][42.538s][info][gc,load     ] GC(28) y: Load: 5.68 (47%) / 5.38 (45%) / 5.63 (47%)
[2026-04-03T02:39:11.083+0600][42.538s][info][gc,mmu      ] GC(28) y: MMU: 2ms/96.7%, 5ms/98.4%, 10ms/99.1%, 20ms/99.6%, 50ms/99.8%, 100ms/99.9%
[2026-04-03T02:39:11.083+0600][42.538s][info][gc,marking  ] GC(28) y: Mark: 2 stripe(s), 3 proactive flush(es), 1 terminate flush(es), 0 completion(s), 0 continuation(s) 
[2026-04-03T02:39:11.083+0600][42.538s][info][gc,marking  ] GC(28) y: Mark Stack Usage: 32M
[2026-04-03T02:39:11.083+0600][42.538s][info][gc,nmethod  ] GC(28) y: NMethods: 15945 registered, 0 unregistered
[2026-04-03T02:39:11.083+0600][42.538s][info][gc,metaspace] GC(28) y: Metaspace: 127M used, 129M committed, 1152M reserved
[2026-04-03T02:39:11.083+0600][42.538s][info][gc,reloc    ] GC(28) y:                        Candidates     Selected     In-Place         Size        Empty    Relocated 
[2026-04-03T02:39:11.083+0600][42.538s][info][gc,reloc    ] GC(28) y: Small Pages:                  169           68            0         338M         186M           6M 
[2026-04-03T02:39:11.083+0600][42.538s][info][gc,reloc    ] GC(28) y: Medium Pages:                   2            0            0          64M          64M           0M 
[2026-04-03T02:39:11.083+0600][42.538s][info][gc,reloc    ] GC(28) y: Large Pages:                  105            0            0         630M         606M           0M 
[2026-04-03T02:39:11.083+0600][42.538s][info][gc,reloc    ] GC(28) y: Forwarding Usage: 1M
[2026-04-03T02:39:11.083+0600][42.538s][info][gc,reloc    ] GC(28) y: Age Table:
[2026-04-03T02:39:11.083+0600][42.538s][info][gc,reloc    ] GC(28) y:                    Live             Garbage             Small              Medium             Large        
[2026-04-03T02:39:11.083+0600][42.538s][info][gc,reloc    ] GC(28) y: Eden              29M (2%)          980M (56%)        158 / 64             2 / 0            105 / 0        
[2026-04-03T02:39:11.083+0600][42.538s][info][gc,reloc    ] GC(28) y: Survivor 1         3M (0%)           10M (1%)           7 / 3              0 / 0              0 / 0        
[2026-04-03T02:39:11.083+0600][42.538s][info][gc,reloc    ] GC(28) y: Survivor 2         2M (0%)            1M (0%)           2 / 1              0 / 0              0 / 0        
[2026-04-03T02:39:11.083+0600][42.538s][info][gc,reloc    ] GC(28) y: Survivor 3         1M (0%)            2M (0%)           2 / 0              0 / 0              0 / 0        
[2026-04-03T02:39:11.083+0600][42.538s][info][gc,heap     ] GC(28) y: Min Capacity: 8M(0%)
[2026-04-03T02:39:11.083+0600][42.538s][info][gc,heap     ] GC(28) y: Max Capacity: 1750M(100%)
[2026-04-03T02:39:11.083+0600][42.538s][info][gc,heap     ] GC(28) y: Soft Max Capacity: 1750M(100%)
[2026-04-03T02:39:11.083+0600][42.538s][info][gc,heap     ] GC(28) y: Heap Statistics:
[2026-04-03T02:39:11.083+0600][42.538s][info][gc,heap     ] GC(28) y:                Mark Start          Mark End        Relocate Start      Relocate End           High               Low         
[2026-04-03T02:39:11.083+0600][42.538s][info][gc,heap     ] GC(28) y:  Capacity:     1750M (100%)       1750M (100%)       1750M (100%)       1750M (100%)       1750M (100%)       1750M (100%)   
[2026-04-03T02:39:11.083+0600][42.538s][info][gc,heap     ] GC(28) y:      Free:      486M (28%)         256M (15%)        1108M (63%)        1226M (70%)        1226M (70%)         256M (15%)    
[2026-04-03T02:39:11.083+0600][42.538s][info][gc,heap     ] GC(28) y:      Used:     1264M (72%)        1494M (85%)         642M (37%)         524M (30%)        1494M (85%)         524M (30%)    
[2026-04-03T02:39:11.083+0600][42.538s][info][gc,heap     ] GC(28) y: Young Generation Statistics:
[2026-04-03T02:39:11.083+0600][42.538s][info][gc,heap     ] GC(28) y:                Mark Start          Mark End        Relocate Start      Relocate End    
[2026-04-03T02:39:11.083+0600][42.538s][info][gc,heap     ] GC(28) y:      Used:     1032M (59%)        1262M (72%)         410M (23%)         292M (17%)    
[2026-04-03T02:39:11.083+0600][42.538s][info][gc,heap     ] GC(28) y:      Live:         -                36M (2%)           36M (2%)           36M (2%)     
[2026-04-03T02:39:11.083+0600][42.538s][info][gc,heap     ] GC(28) y:   Garbage:         -               995M (57%)         139M (8%)            0M (0%)     
[2026-04-03T02:39:11.083+0600][42.538s][info][gc,heap     ] GC(28) y: Allocated:         -               230M (13%)         234M (13%)         254M (15%)    
[2026-04-03T02:39:11.083+0600][42.538s][info][gc,heap     ] GC(28) y: Reclaimed:         -                  -               856M (49%)         994M (57%)    
[2026-04-03T02:39:11.083+0600][42.538s][info][gc,heap     ] GC(28) y:  Promoted:         -                  -                 0M (0%)            0M (0%)     
[2026-04-03T02:39:11.083+0600][42.538s][info][gc,heap     ] GC(28) y: Compacted:         -                  -                  -                 9M (1%)     
[2026-04-03T02:39:11.083+0600][42.538s][info][gc,phases   ] GC(28) y: Young Generation 1264M(72%)->524M(30%) 0.044s
[2026-04-03T02:39:11.083+0600][42.539s][info][gc          ] GC(28) Minor Collection (Allocation Rate) 1264M(72%)->524M(30%) 0.044s
[2026-04-03T02:39:11.364+0600][42.819s][info][gc          ] GC(29) Minor Collection (Allocation Rate)
[2026-04-03T02:39:11.364+0600][42.820s][info][gc,task     ] GC(29) Using 2 Workers for Young Generation
[2026-04-03T02:39:11.364+0600][42.820s][info][gc,phases   ] GC(29) y: Young Generation
[2026-04-03T02:39:11.364+0600][42.820s][info][gc,phases   ] GC(29) y: Pause Mark Start 0.014ms
[2026-04-03T02:39:11.390+0600][42.845s][info][gc,phases   ] GC(29) y: Concurrent Mark 25.473ms
[2026-04-03T02:39:11.390+0600][42.846s][info][gc,phases   ] GC(29) y: Pause Mark End 0.023ms
[2026-04-03T02:39:11.390+0600][42.846s][info][gc,phases   ] GC(29) y: Concurrent Mark Free 0.002ms
[2026-04-03T02:39:11.390+0600][42.846s][info][gc,phases   ] GC(29) y: Concurrent Reset Relocation Set 0.009ms
[2026-04-03T02:39:11.392+0600][42.848s][info][gc,reloc    ] GC(29) y: Using tenuring threshold: 5 (Computed)
[2026-04-03T02:39:11.392+0600][42.848s][info][gc,phases   ] GC(29) y: Concurrent Select Relocation Set 2.052ms
[2026-04-03T02:39:11.393+0600][42.848s][info][gc,phases   ] GC(29) y: Pause Relocate Start 0.017ms
[2026-04-03T02:39:11.396+0600][42.851s][info][gc,phases   ] GC(29) y: Concurrent Relocate 3.026ms
[2026-04-03T02:39:11.396+0600][42.851s][info][gc,alloc    ] GC(29) y:                         Mark Start        Mark End      Relocate Start    Relocate End   
[2026-04-03T02:39:11.396+0600][42.851s][info][gc,alloc    ] GC(29) y: Allocation Stalls:          0                0                0                0         
[2026-04-03T02:39:11.396+0600][42.851s][info][gc,load     ] GC(29) y: Load: 5.68 (47%) / 5.38 (45%) / 5.63 (47%)
[2026-04-03T02:39:11.396+0600][42.851s][info][gc,mmu      ] GC(29) y: MMU: 2ms/96.7%, 5ms/98.4%, 10ms/99.1%, 20ms/99.6%, 50ms/99.8%, 100ms/99.9%
[2026-04-03T02:39:11.396+0600][42.851s][info][gc,marking  ] GC(29) y: Mark: 2 stripe(s), 2 proactive flush(es), 1 terminate flush(es), 0 completion(s), 0 continuation(s) 
[2026-04-03T02:39:11.396+0600][42.851s][info][gc,marking  ] GC(29) y: Mark Stack Usage: 32M
[2026-04-03T02:39:11.396+0600][42.851s][info][gc,nmethod  ] GC(29) y: NMethods: 15977 registered, 0 unregistered
[2026-04-03T02:39:11.396+0600][42.851s][info][gc,metaspace] GC(29) y: Metaspace: 127M used, 129M committed, 1152M reserved
[2026-04-03T02:39:11.396+0600][42.851s][info][gc,reloc    ] GC(29) y:                        Candidates     Selected     In-Place         Size        Empty    Relocated 
[2026-04-03T02:39:11.396+0600][42.851s][info][gc,reloc    ] GC(29) y: Small Pages:                  101           74            0         202M          40M           4M 
[2026-04-03T02:39:11.396+0600][42.851s][info][gc,reloc    ] GC(29) y: Medium Pages:                   2            0            0          64M          64M           0M 
[2026-04-03T02:39:11.396+0600][42.851s][info][gc,reloc    ] GC(29) y: Large Pages:                   40            0            0         240M         240M           0M 
[2026-04-03T02:39:11.396+0600][42.851s][info][gc,reloc    ] GC(29) y: Forwarding Usage: 0M
[2026-04-03T02:39:11.396+0600][42.851s][info][gc,reloc    ] GC(29) y: Age Table:
[2026-04-03T02:39:11.396+0600][42.851s][info][gc,reloc    ] GC(29) y:                    Live             Garbage             Small              Medium             Large        
[2026-04-03T02:39:11.396+0600][42.851s][info][gc,reloc    ] GC(29) y: Eden               1M (0%)          450M (26%)         86 / 68             2 / 0             36 / 0        
[2026-04-03T02:39:11.396+0600][42.851s][info][gc,reloc    ] GC(29) y: Survivor 1         1M (0%)           36M (2%)           7 / 2              0 / 0              4 / 0        
[2026-04-03T02:39:11.396+0600][42.851s][info][gc,reloc    ] GC(29) y: Survivor 2         3M (0%)            4M (0%)           4 / 1              0 / 0              0 / 0        
[2026-04-03T02:39:11.396+0600][42.851s][info][gc,reloc    ] GC(29) y: Survivor 3         2M (0%)            1M (0%)           2 / 1              0 / 0              0 / 0        
[2026-04-03T02:39:11.396+0600][42.851s][info][gc,reloc    ] GC(29) y: Survivor 4         1M (0%)            2M (0%)           2 / 2              0 / 0              0 / 0        
[2026-04-03T02:39:11.396+0600][42.851s][info][gc,heap     ] GC(29) y: Min Capacity: 8M(0%)
[2026-04-03T02:39:11.396+0600][42.851s][info][gc,heap     ] GC(29) y: Max Capacity: 1750M(100%)
[2026-04-03T02:39:11.396+0600][42.852s][info][gc,heap     ] GC(29) y: Soft Max Capacity: 1750M(100%)
[2026-04-03T02:39:11.396+0600][42.852s][info][gc,heap     ] GC(29) y: Heap Statistics:
[2026-04-03T02:39:11.396+0600][42.852s][info][gc,heap     ] GC(29) y:                Mark Start          Mark End        Relocate Start      Relocate End           High               Low         
[2026-04-03T02:39:11.396+0600][42.852s][info][gc,heap     ] GC(29) y:  Capacity:     1750M (100%)       1750M (100%)       1750M (100%)       1750M (100%)       1750M (100%)       1750M (100%)   
[2026-04-03T02:39:11.396+0600][42.852s][info][gc,heap     ] GC(29) y:      Free:     1012M (58%)         998M (57%)        1342M (77%)        1478M (84%)        1478M (84%)         998M (57%)    
[2026-04-03T02:39:11.396+0600][42.852s][info][gc,heap     ] GC(29) y:      Used:      738M (42%)         752M (43%)         408M (23%)         272M (16%)         752M (43%)         272M (16%)    
[2026-04-03T02:39:11.396+0600][42.852s][info][gc,heap     ] GC(29) y: Young Generation Statistics:
[2026-04-03T02:39:11.396+0600][42.852s][info][gc,heap     ] GC(29) y:                Mark Start          Mark End        Relocate Start      Relocate End    
[2026-04-03T02:39:11.396+0600][42.852s][info][gc,heap     ] GC(29) y:      Used:      506M (29%)         520M (30%)         176M (10%)          40M (2%)     
[2026-04-03T02:39:11.396+0600][42.852s][info][gc,heap     ] GC(29) y:      Live:         -                11M (1%)           11M (1%)           11M (1%)     
[2026-04-03T02:39:11.396+0600][42.852s][info][gc,heap     ] GC(29) y:   Garbage:         -               494M (28%)         150M (9%)            1M (0%)     
[2026-04-03T02:39:11.396+0600][42.852s][info][gc,heap     ] GC(29) y: Allocated:         -                14M (1%)           14M (1%)           27M (2%)     
[2026-04-03T02:39:11.396+0600][42.852s][info][gc,heap     ] GC(29) y: Reclaimed:         -                  -               344M (20%)         493M (28%)    
[2026-04-03T02:39:11.396+0600][42.852s][info][gc,heap     ] GC(29) y:  Promoted:         -                  -                 0M (0%)            0M (0%)     
[2026-04-03T02:39:11.396+0600][42.852s][info][gc,heap     ] GC(29) y: Compacted:         -                  -                  -                 6M (0%)     
[2026-04-03T02:39:11.396+0600][42.852s][info][gc,phases   ] GC(29) y: Young Generation 738M(42%)->272M(16%) 0.032s
[2026-04-03T02:39:11.396+0600][42.852s][info][gc          ] GC(29) Minor Collection (Allocation Rate) 738M(42%)->272M(16%) 0.032s
[2026-04-03T02:39:12.471+0600][43.926s][info][gc          ] GC(30) Major Collection (Allocation Rate)
[2026-04-03T02:39:12.471+0600][43.926s][info][gc,task     ] GC(30) Using 2 Workers for Young Generation
[2026-04-03T02:39:12.471+0600][43.926s][info][gc,task     ] GC(30) Using 1 Workers for Old Generation
[2026-04-03T02:39:12.471+0600][43.926s][info][gc,phases   ] GC(30) Y: Young Generation
[2026-04-03T02:39:12.471+0600][43.926s][info][gc,phases   ] GC(30) Y: Pause Mark Start (Major) 0.032ms
[2026-04-03T02:39:12.521+0600][43.976s][info][gc,phases   ] GC(30) Y: Concurrent Mark 49.562ms
[2026-04-03T02:39:12.521+0600][43.977s][info][gc,phases   ] GC(30) Y: Pause Mark End 0.030ms
[2026-04-03T02:39:12.521+0600][43.977s][info][gc,phases   ] GC(30) Y: Concurrent Mark Free 0.004ms
[2026-04-03T02:39:12.521+0600][43.977s][info][gc,phases   ] GC(30) Y: Concurrent Reset Relocation Set 0.016ms
[2026-04-03T02:39:12.527+0600][43.983s][info][gc,reloc    ] GC(30) Y: Using tenuring threshold: 6 (Computed)
[2026-04-03T02:39:12.528+0600][43.984s][info][gc,phases   ] GC(30) Y: Concurrent Select Relocation Set 7.001ms
[2026-04-03T02:39:12.529+0600][43.984s][info][gc,phases   ] GC(30) Y: Pause Relocate Start 0.022ms
[2026-04-03T02:39:12.539+0600][43.994s][info][gc,phases   ] GC(30) Y: Concurrent Relocate 9.887ms
[2026-04-03T02:39:12.539+0600][43.994s][info][gc,alloc    ] GC(30) Y:                         Mark Start        Mark End      Relocate Start    Relocate End   
[2026-04-03T02:39:12.539+0600][43.994s][info][gc,alloc    ] GC(30) Y: Allocation Stalls:          0                0                0                0         
[2026-04-03T02:39:12.539+0600][43.994s][info][gc,load     ] GC(30) Y: Load: 5.68 (47%) / 5.38 (45%) / 5.63 (47%)
[2026-04-03T02:39:12.539+0600][43.994s][info][gc,mmu      ] GC(30) Y: MMU: 2ms/96.7%, 5ms/98.4%, 10ms/99.1%, 20ms/99.6%, 50ms/99.8%, 100ms/99.9%
[2026-04-03T02:39:12.539+0600][43.994s][info][gc,marking  ] GC(30) Y: Mark: 2 stripe(s), 2 proactive flush(es), 1 terminate flush(es), 0 completion(s), 0 continuation(s) 
[2026-04-03T02:39:12.539+0600][43.994s][info][gc,marking  ] GC(30) Y: Mark Stack Usage: 32M
[2026-04-03T02:39:12.539+0600][43.994s][info][gc,nmethod  ] GC(30) Y: NMethods: 16019 registered, 0 unregistered
[2026-04-03T02:39:12.539+0600][43.994s][info][gc,metaspace] GC(30) Y: Metaspace: 127M used, 129M committed, 1152M reserved
[2026-04-03T02:39:12.539+0600][43.994s][info][gc,reloc    ] GC(30) Y:                        Candidates     Selected     In-Place         Size        Empty    Relocated 
[2026-04-03T02:39:12.539+0600][43.994s][info][gc,reloc    ] GC(30) Y: Small Pages:                  337          193            0         674M         270M           7M 
[2026-04-03T02:39:12.539+0600][43.994s][info][gc,reloc    ] GC(30) Y: Medium Pages:                   4            0            0         128M         128M           0M 
[2026-04-03T02:39:12.539+0600][43.994s][info][gc,reloc    ] GC(30) Y: Large Pages:                   15            0            0          90M          90M           0M 
[2026-04-03T02:39:12.539+0600][43.994s][info][gc,reloc    ] GC(30) Y: Forwarding Usage: 2M
[2026-04-03T02:39:12.539+0600][43.994s][info][gc,reloc    ] GC(30) Y: Age Table:
[2026-04-03T02:39:12.539+0600][43.994s][info][gc,reloc    ] GC(30) Y:                    Live             Garbage             Small              Medium             Large        
[2026-04-03T02:39:12.539+0600][43.994s][info][gc,reloc    ] GC(30) Y: Eden               4M (0%)          861M (49%)        324 / 186            4 / 0             15 / 0        
[2026-04-03T02:39:12.539+0600][43.994s][info][gc,reloc    ] GC(30) Y: Survivor 1         1M (0%)            4M (0%)           3 / 2              0 / 0              0 / 0        
[2026-04-03T02:39:12.539+0600][43.995s][info][gc,reloc    ] GC(30) Y: Survivor 2         1M (0%)            4M (0%)           3 / 2              0 / 0              0 / 0        
[2026-04-03T02:39:12.539+0600][43.995s][info][gc,reloc    ] GC(30) Y: Survivor 3         3M (0%)            2M (0%)           3 / 2              0 / 0              0 / 0        
[2026-04-03T02:39:12.539+0600][43.995s][info][gc,reloc    ] GC(30) Y: Survivor 4         2M (0%)            1M (0%)           2 / 0              0 / 0              0 / 0        
[2026-04-03T02:39:12.539+0600][43.995s][info][gc,reloc    ] GC(30) Y: Survivor 5         1M (0%)            2M (0%)           2 / 1              0 / 0              0 / 0        
[2026-04-03T02:39:12.539+0600][43.995s][info][gc,heap     ] GC(30) Y: Min Capacity: 8M(0%)
[2026-04-03T02:39:12.539+0600][43.995s][info][gc,heap     ] GC(30) Y: Max Capacity: 1750M(100%)
[2026-04-03T02:39:12.539+0600][43.995s][info][gc,heap     ] GC(30) Y: Soft Max Capacity: 1750M(100%)
[2026-04-03T02:39:12.539+0600][43.995s][info][gc,heap     ] GC(30) Y: Heap Statistics:
[2026-04-03T02:39:12.539+0600][43.995s][info][gc,heap     ] GC(30) Y:                Mark Start          Mark End        Relocate Start      Relocate End           High               Low         
[2026-04-03T02:39:12.539+0600][43.995s][info][gc,heap     ] GC(30) Y:  Capacity:     1750M (100%)       1750M (100%)       1750M (100%)       1750M (100%)       1750M (100%)       1750M (100%)   
[2026-04-03T02:39:12.539+0600][43.995s][info][gc,heap     ] GC(30) Y:      Free:      626M (36%)         566M (32%)        1054M (60%)        1390M (79%)        1396M (80%)         566M (32%)    
[2026-04-03T02:39:12.539+0600][43.995s][info][gc,heap     ] GC(30) Y:      Used:     1124M (64%)        1184M (68%)         696M (40%)         360M (21%)        1184M (68%)         354M (20%)    
[2026-04-03T02:39:12.539+0600][43.995s][info][gc,heap     ] GC(30) Y: Young Generation Statistics:
[2026-04-03T02:39:12.539+0600][43.995s][info][gc,heap     ] GC(30) Y:                Mark Start          Mark End        Relocate Start      Relocate End    
[2026-04-03T02:39:12.539+0600][43.995s][info][gc,heap     ] GC(30) Y:      Used:      892M (51%)         952M (54%)         464M (27%)         128M (7%)     
[2026-04-03T02:39:12.539+0600][43.995s][info][gc,heap     ] GC(30) Y:      Live:         -                15M (1%)           15M (1%)           15M (1%)     
[2026-04-03T02:39:12.539+0600][43.995s][info][gc,heap     ] GC(30) Y:   Garbage:         -               876M (50%)         388M (22%)           0M (0%)     
[2026-04-03T02:39:12.539+0600][43.995s][info][gc,heap     ] GC(30) Y: Allocated:         -                60M (3%)           60M (3%)          112M (6%)     
[2026-04-03T02:39:12.539+0600][43.995s][info][gc,heap     ] GC(30) Y: Reclaimed:         -                  -               488M (28%)         876M (50%)    
[2026-04-03T02:39:12.539+0600][43.995s][info][gc,heap     ] GC(30) Y:  Promoted:         -                  -                 0M (0%)            0M (0%)     
[2026-04-03T02:39:12.539+0600][43.995s][info][gc,heap     ] GC(30) Y: Compacted:         -                  -                  -                11M (1%)     
[2026-04-03T02:39:12.539+0600][43.995s][info][gc,phases   ] GC(30) Y: Young Generation 1124M(64%)->360M(21%) 0.068s
[2026-04-03T02:39:12.539+0600][43.995s][info][gc,phases   ] GC(30) O: Old Generation
[2026-04-03T02:39:12.993+0600][44.449s][info][gc,phases   ] GC(30) O: Concurrent Mark 453.941ms
[2026-04-03T02:39:12.994+0600][44.449s][info][gc,phases   ] GC(30) O: Pause Mark End 0.028ms
[2026-04-03T02:39:12.994+0600][44.449s][info][gc,phases   ] GC(30) O: Concurrent Mark Free 0.002ms
[2026-04-03T02:39:13.071+0600][44.527s][info][gc,phases   ] GC(30) O: Concurrent Process Non-Strong 77.168ms
[2026-04-03T02:39:13.071+0600][44.527s][info][gc,phases   ] GC(30) O: Concurrent Reset Relocation Set 0.008ms
[2026-04-03T02:39:13.085+0600][44.541s][info][gc,phases   ] GC(30) O: Concurrent Select Relocation Set 13.997ms
[2026-04-03T02:39:13.085+0600][44.541s][info][gc,task     ] GC(30) O: Using 3 Workers for Old Generation
[2026-04-03T02:39:13.114+0600][44.570s][info][gc,task     ] GC(30) O: Using 1 Workers for Old Generation
[2026-04-03T02:39:13.114+0600][44.570s][info][gc,phases   ] GC(30) O: Concurrent Remap Roots 28.955ms
[2026-04-03T02:39:13.115+0600][44.570s][info][gc,phases   ] GC(30) O: Pause Relocate Start 0.023ms
[2026-04-03T02:39:13.215+0600][44.671s][info][gc,phases   ] GC(30) O: Concurrent Relocate 100.454ms
[2026-04-03T02:39:13.215+0600][44.671s][info][gc,alloc    ] GC(30) O:                         Mark Start        Mark End      Relocate Start    Relocate End   
[2026-04-03T02:39:13.215+0600][44.671s][info][gc,alloc    ] GC(30) O: Allocation Stalls:          0                0                0                0         
[2026-04-03T02:39:13.215+0600][44.671s][info][gc,load     ] GC(30) O: Load: 5.68 (47%) / 5.38 (45%) / 5.63 (47%)
[2026-04-03T02:39:13.215+0600][44.671s][info][gc,mmu      ] GC(30) O: MMU: 2ms/96.7%, 5ms/98.4%, 10ms/99.1%, 20ms/99.6%, 50ms/99.8%, 100ms/99.9%
[2026-04-03T02:39:13.215+0600][44.671s][info][gc,marking  ] GC(30) O: Mark: 1 stripe(s), 2 proactive flush(es), 1 terminate flush(es), 0 completion(s), 0 continuation(s) 
[2026-04-03T02:39:13.215+0600][44.671s][info][gc,marking  ] GC(30) O: Mark Stack Usage: 32M
[2026-04-03T02:39:13.215+0600][44.671s][info][gc,nmethod  ] GC(30) O: NMethods: 13792 registered, 2361 unregistered
[2026-04-03T02:39:13.215+0600][44.671s][info][gc,metaspace] GC(30) O: Metaspace: 127M used, 129M committed, 1152M reserved
[2026-04-03T02:39:13.215+0600][44.671s][info][gc,ref      ] GC(30) O:                       Encountered   Discovered     Enqueued 
[2026-04-03T02:39:13.215+0600][44.671s][info][gc,ref      ] GC(30) O: Soft References:             6317            0            0 
[2026-04-03T02:39:13.215+0600][44.671s][info][gc,ref      ] GC(30) O: Weak References:            35725        25578        15451 
[2026-04-03T02:39:13.215+0600][44.671s][info][gc,ref      ] GC(30) O: Final References:              84            0            0 
[2026-04-03T02:39:13.215+0600][44.671s][info][gc,ref      ] GC(30) O: Phantom References:           620          555            0 
[2026-04-03T02:39:13.215+0600][44.671s][info][gc,reloc    ] GC(30) O:                        Candidates     Selected     In-Place         Size        Empty    Relocated 
[2026-04-03T02:39:13.215+0600][44.671s][info][gc,reloc    ] GC(30) O: Small Pages:                   84           18            0         168M           4M          10M 
[2026-04-03T02:39:13.215+0600][44.671s][info][gc,reloc    ] GC(30) O: Medium Pages:                   2            0            0          64M          32M           0M 
[2026-04-03T02:39:13.215+0600][44.671s][info][gc,reloc    ] GC(30) O: Large Pages:                    0            0            0           0M           0M           0M 
[2026-04-03T02:39:13.215+0600][44.671s][info][gc,reloc    ] GC(30) O: Forwarding Usage: 11M
[2026-04-03T02:39:13.215+0600][44.671s][info][gc,heap     ] GC(30) O: Min Capacity: 8M(0%)
[2026-04-03T02:39:13.215+0600][44.671s][info][gc,heap     ] GC(30) O: Max Capacity: 1750M(100%)
[2026-04-03T02:39:13.215+0600][44.671s][info][gc,heap     ] GC(30) O: Soft Max Capacity: 1750M(100%)
[2026-04-03T02:39:13.215+0600][44.671s][info][gc,heap     ] GC(30) O: Heap Statistics:
[2026-04-03T02:39:13.215+0600][44.671s][info][gc,heap     ] GC(30) O:                Mark Start          Mark End        Relocate Start      Relocate End           High               Low         
[2026-04-03T02:39:13.216+0600][44.671s][info][gc,heap     ] GC(30) O:  Capacity:     1750M (100%)       1750M (100%)       1750M (100%)       1750M (100%)       1750M (100%)       1750M (100%)   
[2026-04-03T02:39:13.216+0600][44.671s][info][gc,heap     ] GC(30) O:      Free:      626M (36%)        1048M (60%)        1008M (58%)         892M (51%)        1396M (80%)         566M (32%)    
[2026-04-03T02:39:13.216+0600][44.671s][info][gc,heap     ] GC(30) O:      Used:     1124M (64%)         702M (40%)         742M (42%)         858M (49%)        1184M (68%)         354M (20%)    
[2026-04-03T02:39:13.216+0600][44.671s][info][gc,heap     ] GC(30) O: Old Generation Statistics:
[2026-04-03T02:39:13.216+0600][44.671s][info][gc,heap     ] GC(30) O:                Mark Start          Mark End        Relocate Start      Relocate End    
[2026-04-03T02:39:13.216+0600][44.671s][info][gc,heap     ] GC(30) O:      Used:      232M (13%)         232M (13%)         196M (11%)         176M (10%)    
[2026-04-03T02:39:13.216+0600][44.671s][info][gc,heap     ] GC(30) O:      Live:         -               124M (7%)          124M (7%)          124M (7%)     
[2026-04-03T02:39:13.216+0600][44.671s][info][gc,heap     ] GC(30) O:   Garbage:         -               107M (6%)           71M (4%)           29M (2%)     
[2026-04-03T02:39:13.216+0600][44.671s][info][gc,heap     ] GC(30) O: Allocated:         -                 0M (0%)            0M (0%)           21M (1%)     
[2026-04-03T02:39:13.216+0600][44.671s][info][gc,heap     ] GC(30) O: Reclaimed:         -                  -                36M (2%)           77M (4%)     
[2026-04-03T02:39:13.216+0600][44.671s][info][gc,heap     ] GC(30) O: Compacted:         -                  -                  -                38M (2%)     
[2026-04-03T02:39:13.216+0600][44.671s][info][gc,phases   ] GC(30) O: Old Generation 360M(21%)->858M(49%) 0.676s
[2026-04-03T02:39:13.216+0600][44.671s][info][gc          ] GC(30) Major Collection (Allocation Rate) 1124M(64%)->858M(49%) 0.745s
[2026-04-03T02:39:13.588+0600][45.044s][info][gc          ] GC(31) Minor Collection (Allocation Rate)
[2026-04-03T02:39:13.588+0600][45.044s][info][gc,task     ] GC(31) Using 2 Workers for Young Generation
[2026-04-03T02:39:13.588+0600][45.044s][info][gc,phases   ] GC(31) y: Young Generation
[2026-04-03T02:39:13.589+0600][45.044s][info][gc,phases   ] GC(31) y: Pause Mark Start 0.026ms
[2026-04-03T02:39:13.631+0600][45.086s][info][gc,task     ] Adjusting Workers for Young Generation: 2 -> 3
[2026-04-03T02:39:13.637+0600][45.092s][info][gc,phases   ] GC(31) y: Concurrent Mark 47.534ms
[2026-04-03T02:39:13.637+0600][45.092s][info][gc,phases   ] GC(31) y: Pause Mark End 0.028ms
[2026-04-03T02:39:13.637+0600][45.092s][info][gc,phases   ] GC(31) y: Concurrent Mark Free 0.004ms
[2026-04-03T02:39:13.637+0600][45.092s][info][gc,phases   ] GC(31) y: Concurrent Reset Relocation Set 0.024ms
[2026-04-03T02:39:13.641+0600][45.097s][info][gc,reloc    ] GC(31) y: Using tenuring threshold: 2 (Computed)
[2026-04-03T02:39:13.644+0600][45.100s][info][gc,phases   ] GC(31) y: Concurrent Select Relocation Set 7.275ms
[2026-04-03T02:39:13.645+0600][45.100s][info][gc,phases   ] GC(31) y: Pause Relocate Start 0.025ms
[2026-04-03T02:39:13.655+0600][45.110s][info][gc,phases   ] GC(31) y: Concurrent Relocate 10.069ms
[2026-04-03T02:39:13.655+0600][45.110s][info][gc,alloc    ] GC(31) y:                         Mark Start        Mark End      Relocate Start    Relocate End   
[2026-04-03T02:39:13.655+0600][45.110s][info][gc,alloc    ] GC(31) y: Allocation Stalls:          0                0                0                0         
[2026-04-03T02:39:13.655+0600][45.110s][info][gc,load     ] GC(31) y: Load: 5.68 (47%) / 5.38 (45%) / 5.63 (47%)
[2026-04-03T02:39:13.655+0600][45.110s][info][gc,mmu      ] GC(31) y: MMU: 2ms/96.7%, 5ms/98.4%, 10ms/99.1%, 20ms/99.6%, 50ms/99.8%, 100ms/99.9%
[2026-04-03T02:39:13.655+0600][45.110s][info][gc,marking  ] GC(31) y: Mark: 2 stripe(s), 10 proactive flush(es), 1 terminate flush(es), 0 completion(s), 0 continuation(s) 
[2026-04-03T02:39:13.655+0600][45.110s][info][gc,marking  ] GC(31) y: Mark Stack Usage: 32M
[2026-04-03T02:39:13.655+0600][45.110s][info][gc,nmethod  ] GC(31) y: NMethods: 13904 registered, 2361 unregistered
[2026-04-03T02:39:13.655+0600][45.111s][info][gc,metaspace] GC(31) y: Metaspace: 127M used, 129M committed, 1152M reserved
[2026-04-03T02:39:13.655+0600][45.111s][info][gc,reloc    ] GC(31) y:                        Candidates     Selected     In-Place         Size        Empty    Relocated 
[2026-04-03T02:39:13.655+0600][45.111s][info][gc,reloc    ] GC(31) y: Small Pages:                  443          227            0         886M         410M           7M 
[2026-04-03T02:39:13.655+0600][45.111s][info][gc,reloc    ] GC(31) y: Medium Pages:                   4            0            0         128M         128M           0M 
[2026-04-03T02:39:13.655+0600][45.111s][info][gc,reloc    ] GC(31) y: Large Pages:                   17            0            0         102M         102M           0M 
[2026-04-03T02:39:13.655+0600][45.111s][info][gc,reloc    ] GC(31) y: Forwarding Usage: 2M
[2026-04-03T02:39:13.655+0600][45.111s][info][gc,reloc    ] GC(31) y: Age Table:
[2026-04-03T02:39:13.655+0600][45.111s][info][gc,reloc    ] GC(31) y:                    Live             Garbage             Small              Medium             Large        
[2026-04-03T02:39:13.655+0600][45.111s][info][gc,reloc    ] GC(31) y: Eden               4M (0%)         1051M (60%)        413 / 205            4 / 0             17 / 0        
[2026-04-03T02:39:13.655+0600][45.111s][info][gc,reloc    ] GC(31) y: Survivor 1         1M (0%)           10M (1%)           6 / 6              0 / 0              0 / 0        
[2026-04-03T02:39:13.655+0600][45.111s][info][gc,reloc    ] GC(31) y: Survivor 2         1M (0%)            6M (0%)           4 / 2              0 / 0              0 / 0        
[2026-04-03T02:39:13.655+0600][45.111s][info][gc,reloc    ] GC(31) y: Survivor 3         1M (0%)           10M (1%)           6 / 5              0 / 0              0 / 0        
[2026-04-03T02:39:13.655+0600][45.111s][info][gc,reloc    ] GC(31) y: Survivor 4         3M (0%)           10M (1%)           7 / 5              0 / 0              0 / 0        
[2026-04-03T02:39:13.655+0600][45.111s][info][gc,reloc    ] GC(31) y: Survivor 5         2M (0%)            1M (0%)           2 / 0              0 / 0              0 / 0        
[2026-04-03T02:39:13.655+0600][45.111s][info][gc,reloc    ] GC(31) y: Survivor 6         1M (0%)            8M (1%)           5 / 4              0 / 0              0 / 0        
[2026-04-03T02:39:13.655+0600][45.111s][info][gc,heap     ] GC(31) y: Min Capacity: 8M(0%)
[2026-04-03T02:39:13.655+0600][45.111s][info][gc,heap     ] GC(31) y: Max Capacity: 1750M(100%)
[2026-04-03T02:39:13.655+0600][45.111s][info][gc,heap     ] GC(31) y: Soft Max Capacity: 1750M(100%)
[2026-04-03T02:39:13.655+0600][45.111s][info][gc,heap     ] GC(31) y: Heap Statistics:
[2026-04-03T02:39:13.655+0600][45.111s][info][gc,heap     ] GC(31) y:                Mark Start          Mark End        Relocate Start      Relocate End           High               Low         
[2026-04-03T02:39:13.655+0600][45.111s][info][gc,heap     ] GC(31) y:  Capacity:     1750M (100%)       1750M (100%)       1750M (100%)       1750M (100%)       1750M (100%)       1750M (100%)   
[2026-04-03T02:39:13.655+0600][45.111s][info][gc,heap     ] GC(31) y:      Free:      458M (26%)          38M (2%)          628M (36%)        1074M (61%)        1076M (61%)          38M (2%)     
[2026-04-03T02:39:13.655+0600][45.111s][info][gc,heap     ] GC(31) y:      Used:     1292M (74%)        1712M (98%)        1122M (64%)         676M (39%)        1712M (98%)         674M (39%)    
[2026-04-03T02:39:13.655+0600][45.111s][info][gc,heap     ] GC(31) y: Young Generation Statistics:
[2026-04-03T02:39:13.655+0600][45.111s][info][gc,heap     ] GC(31) y:                Mark Start          Mark End        Relocate Start      Relocate End    
[2026-04-03T02:39:13.655+0600][45.111s][info][gc,heap     ] GC(31) y:      Used:     1116M (64%)        1536M (88%)         936M (53%)         484M (28%)    
[2026-04-03T02:39:13.655+0600][45.111s][info][gc,heap     ] GC(31) y:      Live:         -                17M (1%)           10M (1%)            6M (0%)     
[2026-04-03T02:39:13.655+0600][45.111s][info][gc,heap     ] GC(31) y:   Garbage:         -              1098M (63%)         455M (26%)           0M (0%)     
[2026-04-03T02:39:13.655+0600][45.111s][info][gc,heap     ] GC(31) y: Allocated:         -               420M (24%)         470M (27%)         477M (27%)    
[2026-04-03T02:39:13.655+0600][45.111s][info][gc,heap     ] GC(31) y: Reclaimed:         -                  -               642M (37%)        1098M (63%)    
[2026-04-03T02:39:13.655+0600][45.111s][info][gc,heap     ] GC(31) y:  Promoted:         -                  -                 7M (0%)           10M (1%)     
[2026-04-03T02:39:13.655+0600][45.111s][info][gc,heap     ] GC(31) y: Compacted:         -                  -                  -                 6M (0%)     
[2026-04-03T02:39:13.655+0600][45.111s][info][gc,phases   ] GC(31) y: Young Generation 1292M(74%)->676M(39%) 0.066s
[2026-04-03T02:39:13.655+0600][45.111s][info][gc          ] GC(31) Minor Collection (Allocation Rate) 1292M(74%)->676M(39%) 0.067s
[2026-04-03T02:39:13.739+0600][45.195s][info][gc          ] GC(32) Minor Collection (Allocation Rate)
[2026-04-03T02:39:13.739+0600][45.195s][info][gc,task     ] GC(32) Using 2 Workers for Young Generation
[2026-04-03T02:39:13.739+0600][45.195s][info][gc,phases   ] GC(32) y: Young Generation
[2026-04-03T02:39:13.740+0600][45.195s][info][gc,phases   ] GC(32) y: Pause Mark Start 0.023ms
[2026-04-03T02:39:13.773+0600][45.229s][info][gc,phases   ] GC(32) y: Concurrent Mark 33.322ms
[2026-04-03T02:39:13.773+0600][45.229s][info][gc,phases   ] GC(32) y: Pause Mark End 0.029ms
[2026-04-03T02:39:13.774+0600][45.229s][info][gc,phases   ] GC(32) y: Concurrent Mark Free 0.002ms
[2026-04-03T02:39:13.774+0600][45.229s][info][gc,phases   ] GC(32) y: Concurrent Reset Relocation Set 0.041ms
[2026-04-03T02:39:13.777+0600][45.233s][info][gc,reloc    ] GC(32) y: Using tenuring threshold: 3 (Computed)
[2026-04-03T02:39:13.778+0600][45.233s][info][gc,phases   ] GC(32) y: Concurrent Select Relocation Set 4.195ms
[2026-04-03T02:39:13.778+0600][45.233s][info][gc,phases   ] GC(32) y: Pause Relocate Start 0.024ms
[2026-04-03T02:39:13.785+0600][45.240s][info][gc,phases   ] GC(32) y: Concurrent Relocate 6.689ms
[2026-04-03T02:39:13.785+0600][45.241s][info][gc,alloc    ] GC(32) y:                         Mark Start        Mark End      Relocate Start    Relocate End   
[2026-04-03T02:39:13.785+0600][45.241s][info][gc,alloc    ] GC(32) y: Allocation Stalls:          0                0                0                0         
[2026-04-03T02:39:13.785+0600][45.241s][info][gc,load     ] GC(32) y: Load: 5.68 (47%) / 5.38 (45%) / 5.63 (47%)
[2026-04-03T02:39:13.785+0600][45.241s][info][gc,mmu      ] GC(32) y: MMU: 2ms/96.7%, 5ms/98.4%, 10ms/99.1%, 20ms/99.6%, 50ms/99.8%, 100ms/99.9%
[2026-04-03T02:39:13.785+0600][45.241s][info][gc,marking  ] GC(32) y: Mark: 2 stripe(s), 2 proactive flush(es), 1 terminate flush(es), 0 completion(s), 0 continuation(s) 
[2026-04-03T02:39:13.785+0600][45.241s][info][gc,marking  ] GC(32) y: Mark Stack Usage: 32M
[2026-04-03T02:39:13.785+0600][45.241s][info][gc,nmethod  ] GC(32) y: NMethods: 13912 registered, 2361 unregistered
[2026-04-03T02:39:13.785+0600][45.241s][info][gc,metaspace] GC(32) y: Metaspace: 127M used, 129M committed, 1152M reserved
[2026-04-03T02:39:13.785+0600][45.241s][info][gc,reloc    ] GC(32) y:                        Candidates     Selected     In-Place         Size        Empty    Relocated 
[2026-04-03T02:39:13.786+0600][45.241s][info][gc,reloc    ] GC(32) y: Small Pages:                   59           39            0         118M          26M           6M 
[2026-04-03T02:39:13.786+0600][45.242s][info][gc,reloc    ] GC(32) y: Medium Pages:                   1            0            0          32M          32M           0M 
[2026-04-03T02:39:13.786+0600][45.242s][info][gc,reloc    ] GC(32) y: Large Pages:                  125            0            0         750M         732M           0M 
[2026-04-03T02:39:13.786+0600][45.242s][info][gc,reloc    ] GC(32) y: Forwarding Usage: 1M
[2026-04-03T02:39:13.786+0600][45.242s][info][gc,reloc    ] GC(32) y: Age Table:
[2026-04-03T02:39:13.786+0600][45.242s][info][gc,reloc    ] GC(32) y:                    Live             Garbage             Small              Medium             Large        
[2026-04-03T02:39:13.786+0600][45.242s][info][gc,reloc    ] GC(32) y: Eden              23M (1%)          864M (49%)         53 / 37             1 / 0            125 / 0        
[2026-04-03T02:39:13.786+0600][45.242s][info][gc,reloc    ] GC(32) y: Survivor 1         3M (0%)            4M (0%)           4 / 1              0 / 0              0 / 0        
[2026-04-03T02:39:13.786+0600][45.242s][info][gc,reloc    ] GC(32) y: Survivor 2         1M (0%)            2M (0%)           2 / 1              0 / 0              0 / 0        
[2026-04-03T02:39:13.786+0600][45.242s][info][gc,heap     ] GC(32) y: Min Capacity: 8M(0%)
[2026-04-03T02:39:13.786+0600][45.242s][info][gc,heap     ] GC(32) y: Max Capacity: 1750M(100%)
[2026-04-03T02:39:13.786+0600][45.242s][info][gc,heap     ] GC(32) y: Soft Max Capacity: 1750M(100%)
[2026-04-03T02:39:13.786+0600][45.242s][info][gc,heap     ] GC(32) y: Heap Statistics:
[2026-04-03T02:39:13.786+0600][45.242s][info][gc,heap     ] GC(32) y:                Mark Start          Mark End        Relocate Start      Relocate End           High               Low         
[2026-04-03T02:39:13.786+0600][45.242s][info][gc,heap     ] GC(32) y:  Capacity:     1750M (100%)       1750M (100%)       1750M (100%)       1750M (100%)       1750M (100%)       1750M (100%)   
[2026-04-03T02:39:13.786+0600][45.242s][info][gc,heap     ] GC(32) y:      Free:      658M (38%)         558M (32%)        1334M (76%)        1390M (79%)        1402M (80%)         550M (31%)    
[2026-04-03T02:39:13.786+0600][45.242s][info][gc,heap     ] GC(32) y:      Used:     1092M (62%)        1192M (68%)         416M (24%)         360M (21%)        1200M (69%)         348M (20%)    
[2026-04-03T02:39:13.786+0600][45.242s][info][gc,heap     ] GC(32) y: Young Generation Statistics:
[2026-04-03T02:39:13.786+0600][45.242s][info][gc,heap     ] GC(32) y:                Mark Start          Mark End        Relocate Start      Relocate End    
[2026-04-03T02:39:13.786+0600][45.242s][info][gc,heap     ] GC(32) y:      Used:      900M (51%)        1000M (57%)         224M (13%)         168M (10%)    
[2026-04-03T02:39:13.786+0600][45.242s][info][gc,heap     ] GC(32) y:      Live:         -                28M (2%)           28M (2%)           28M (2%)     
[2026-04-03T02:39:13.786+0600][45.242s][info][gc,heap     ] GC(32) y:   Garbage:         -               871M (50%)          81M (5%)            1M (0%)     
[2026-04-03T02:39:13.786+0600][45.242s][info][gc,heap     ] GC(32) y: Allocated:         -               100M (6%)          114M (7%)          137M (8%)     
[2026-04-03T02:39:13.786+0600][45.242s][info][gc,heap     ] GC(32) y: Reclaimed:         -                  -               790M (45%)         869M (50%)    
[2026-04-03T02:39:13.786+0600][45.242s][info][gc,heap     ] GC(32) y:  Promoted:         -                  -                 0M (0%)            0M (0%)     
[2026-04-03T02:39:13.786+0600][45.242s][info][gc,heap     ] GC(32) y: Compacted:         -                  -                  -                 8M (0%)     
[2026-04-03T02:39:13.786+0600][45.242s][info][gc,phases   ] GC(32) y: Young Generation 1092M(62%)->360M(21%) 0.046s
[2026-04-03T02:39:13.787+0600][45.242s][info][gc          ] GC(32) Minor Collection (Allocation Rate) 1092M(62%)->360M(21%) 0.047s
[2026-04-03T02:39:14.694+0600][46.149s][info][gc          ] GC(33) Minor Collection (Allocation Rate)
[2026-04-03T02:39:14.694+0600][46.149s][info][gc,task     ] GC(33) Using 2 Workers for Young Generation
[2026-04-03T02:39:14.694+0600][46.149s][info][gc,phases   ] GC(33) y: Young Generation
[2026-04-03T02:39:14.694+0600][46.150s][info][gc,phases   ] GC(33) y: Pause Mark Start 0.027ms
[2026-04-03T02:39:14.731+0600][46.186s][info][gc,phases   ] GC(33) y: Concurrent Mark 36.380ms
[2026-04-03T02:39:14.731+0600][46.187s][info][gc,phases   ] GC(33) y: Pause Mark End 0.023ms
[2026-04-03T02:39:14.731+0600][46.187s][info][gc,phases   ] GC(33) y: Concurrent Mark Free 0.002ms
[2026-04-03T02:39:14.731+0600][46.187s][info][gc,phases   ] GC(33) y: Concurrent Reset Relocation Set 0.007ms
[2026-04-03T02:39:14.737+0600][46.193s][info][gc,reloc    ] GC(33) y: Using tenuring threshold: 4 (Computed)
[2026-04-03T02:39:14.738+0600][46.194s][info][gc,phases   ] GC(33) y: Concurrent Select Relocation Set 6.790ms
[2026-04-03T02:39:14.738+0600][46.194s][info][gc,phases   ] GC(33) y: Pause Relocate Start 0.023ms
[2026-04-03T02:39:14.750+0600][46.206s][info][gc,phases   ] GC(33) y: Concurrent Relocate 11.917ms
[2026-04-03T02:39:14.751+0600][46.206s][info][gc,alloc    ] GC(33) y:                         Mark Start        Mark End      Relocate Start    Relocate End   
[2026-04-03T02:39:14.751+0600][46.206s][info][gc,alloc    ] GC(33) y: Allocation Stalls:          0                0                0                0         
[2026-04-03T02:39:14.751+0600][46.206s][info][gc,load     ] GC(33) y: Load: 5.68 (47%) / 5.38 (45%) / 5.63 (47%)
[2026-04-03T02:39:14.751+0600][46.206s][info][gc,mmu      ] GC(33) y: MMU: 2ms/96.7%, 5ms/98.4%, 10ms/99.1%, 20ms/99.6%, 50ms/99.8%, 100ms/99.9%
[2026-04-03T02:39:14.751+0600][46.206s][info][gc,marking  ] GC(33) y: Mark: 2 stripe(s), 2 proactive flush(es), 1 terminate flush(es), 0 completion(s), 0 continuation(s) 
[2026-04-03T02:39:14.751+0600][46.206s][info][gc,marking  ] GC(33) y: Mark Stack Usage: 32M
[2026-04-03T02:39:14.751+0600][46.206s][info][gc,nmethod  ] GC(33) y: NMethods: 13986 registered, 2361 unregistered
[2026-04-03T02:39:14.751+0600][46.206s][info][gc,metaspace] GC(33) y: Metaspace: 127M used, 129M committed, 1152M reserved
[2026-04-03T02:39:14.751+0600][46.206s][info][gc,reloc    ] GC(33) y:                        Candidates     Selected     In-Place         Size        Empty    Relocated 
[2026-04-03T02:39:14.751+0600][46.206s][info][gc,reloc    ] GC(33) y: Small Pages:                  288          222            0         576M         118M           8M 
[2026-04-03T02:39:14.751+0600][46.206s][info][gc,reloc    ] GC(33) y: Medium Pages:                   4            0            0         128M          96M           0M 
[2026-04-03T02:39:14.751+0600][46.206s][info][gc,reloc    ] GC(33) y: Large Pages:                   23            0            0         138M         138M           0M 
[2026-04-03T02:39:14.751+0600][46.206s][info][gc,reloc    ] GC(33) y: Forwarding Usage: 2M
[2026-04-03T02:39:14.751+0600][46.206s][info][gc,reloc    ] GC(33) y: Age Table:
[2026-04-03T02:39:14.751+0600][46.206s][info][gc,reloc    ] GC(33) y:                    Live             Garbage             Small              Medium             Large        
[2026-04-03T02:39:14.751+0600][46.206s][info][gc,reloc    ] GC(33) y: Eden               6M (0%)          799M (46%)        279 / 218            4 / 0             20 / 0        
[2026-04-03T02:39:14.751+0600][46.206s][info][gc,reloc    ] GC(33) y: Survivor 1         1M (0%)           24M (1%)           4 / 1              0 / 0              3 / 0        
[2026-04-03T02:39:14.751+0600][46.206s][info][gc,reloc    ] GC(33) y: Survivor 2         3M (0%)            2M (0%)           3 / 2              0 / 0              0 / 0        
[2026-04-03T02:39:14.751+0600][46.206s][info][gc,reloc    ] GC(33) y: Survivor 3         1M (0%)            2M (0%)           2 / 1              0 / 0              0 / 0        
[2026-04-03T02:39:14.751+0600][46.206s][info][gc,heap     ] GC(33) y: Min Capacity: 8M(0%)
[2026-04-03T02:39:14.751+0600][46.206s][info][gc,heap     ] GC(33) y: Max Capacity: 1750M(100%)
[2026-04-03T02:39:14.751+0600][46.206s][info][gc,heap     ] GC(33) y: Soft Max Capacity: 1750M(100%)
[2026-04-03T02:39:14.751+0600][46.206s][info][gc,heap     ] GC(33) y: Heap Statistics:
[2026-04-03T02:39:14.751+0600][46.206s][info][gc,heap     ] GC(33) y:                Mark Start          Mark End        Relocate Start      Relocate End           High               Low         
[2026-04-03T02:39:14.751+0600][46.206s][info][gc,heap     ] GC(33) y:  Capacity:     1750M (100%)       1750M (100%)       1750M (100%)       1750M (100%)       1750M (100%)       1750M (100%)   
[2026-04-03T02:39:14.751+0600][46.206s][info][gc,heap     ] GC(33) y:      Free:      716M (41%)         656M (37%)         998M (57%)        1412M (81%)        1412M (81%)         656M (37%)    
[2026-04-03T02:39:14.751+0600][46.206s][info][gc,heap     ] GC(33) y:      Used:     1034M (59%)        1094M (63%)         752M (43%)         338M (19%)        1094M (63%)         338M (19%)    
[2026-04-03T02:39:14.751+0600][46.206s][info][gc,heap     ] GC(33) y: Young Generation Statistics:
[2026-04-03T02:39:14.751+0600][46.206s][info][gc,heap     ] GC(33) y:                Mark Start          Mark End        Relocate Start      Relocate End    
[2026-04-03T02:39:14.751+0600][46.206s][info][gc,heap     ] GC(33) y:      Used:      842M (48%)         902M (52%)         560M (32%)         146M (8%)     
[2026-04-03T02:39:14.751+0600][46.206s][info][gc,heap     ] GC(33) y:      Live:         -                12M (1%)           12M (1%)           12M (1%)     
[2026-04-03T02:39:14.751+0600][46.206s][info][gc,heap     ] GC(33) y:   Garbage:         -               829M (47%)         477M (27%)          30M (2%)     
[2026-04-03T02:39:14.751+0600][46.206s][info][gc,heap     ] GC(33) y: Allocated:         -                60M (3%)           70M (4%)          102M (6%)     
[2026-04-03T02:39:14.751+0600][46.206s][info][gc,heap     ] GC(33) y: Reclaimed:         -                  -               352M (20%)         798M (46%)    
[2026-04-03T02:39:14.751+0600][46.207s][info][gc,heap     ] GC(33) y:  Promoted:         -                  -                 0M (0%)            0M (0%)     
[2026-04-03T02:39:14.751+0600][46.207s][info][gc,heap     ] GC(33) y: Compacted:         -                  -                  -                11M (1%)     
[2026-04-03T02:39:14.751+0600][46.207s][info][gc,phases   ] GC(33) y: Young Generation 1034M(59%)->338M(19%) 0.057s
[2026-04-03T02:39:14.751+0600][46.207s][info][gc          ] GC(33) Minor Collection (Allocation Rate) 1034M(59%)->338M(19%) 0.058s
[2026-04-03T02:39:15.377+0600][46.832s][info][gc          ] GC(34) Minor Collection (Allocation Rate)
[2026-04-03T02:39:15.377+0600][46.832s][info][gc,task     ] GC(34) Using 1 Workers for Young Generation
[2026-04-03T02:39:15.377+0600][46.832s][info][gc,phases   ] GC(34) y: Young Generation
[2026-04-03T02:39:15.377+0600][46.833s][info][gc,phases   ] GC(34) y: Pause Mark Start 0.025ms
[2026-04-03T02:39:15.456+0600][46.911s][info][gc,phases   ] GC(34) y: Concurrent Mark 78.662ms
[2026-04-03T02:39:15.456+0600][46.912s][info][gc,phases   ] GC(34) y: Pause Mark End 0.027ms
[2026-04-03T02:39:15.456+0600][46.912s][info][gc,phases   ] GC(34) y: Concurrent Mark Free 0.001ms
[2026-04-03T02:39:15.456+0600][46.912s][info][gc,phases   ] GC(34) y: Concurrent Reset Relocation Set 0.026ms
[2026-04-03T02:39:15.459+0600][46.915s][info][gc,reloc    ] GC(34) y: Using tenuring threshold: 5 (Computed)
[2026-04-03T02:39:15.460+0600][46.915s][info][gc,phases   ] GC(34) y: Concurrent Select Relocation Set 3.482ms
[2026-04-03T02:39:15.460+0600][46.916s][info][gc,phases   ] GC(34) y: Pause Relocate Start 0.026ms
[2026-04-03T02:39:15.473+0600][46.928s][info][gc,phases   ] GC(34) y: Concurrent Relocate 12.812ms
[2026-04-03T02:39:15.473+0600][46.929s][info][gc,alloc    ] GC(34) y:                         Mark Start        Mark End      Relocate Start    Relocate End   
[2026-04-03T02:39:15.473+0600][46.929s][info][gc,alloc    ] GC(34) y: Allocation Stalls:          0                0                0                0         
[2026-04-03T02:39:15.473+0600][46.929s][info][gc,load     ] GC(34) y: Load: 5.54 (46%) / 5.36 (45%) / 5.63 (47%)
[2026-04-03T02:39:15.473+0600][46.929s][info][gc,mmu      ] GC(34) y: MMU: 2ms/96.7%, 5ms/98.4%, 10ms/99.1%, 20ms/99.6%, 50ms/99.8%, 100ms/99.9%
[2026-04-03T02:39:15.473+0600][46.929s][info][gc,marking  ] GC(34) y: Mark: 1 stripe(s), 2 proactive flush(es), 1 terminate flush(es), 0 completion(s), 0 continuation(s) 
[2026-04-03T02:39:15.473+0600][46.929s][info][gc,marking  ] GC(34) y: Mark Stack Usage: 32M
[2026-04-03T02:39:15.473+0600][46.929s][info][gc,nmethod  ] GC(34) y: NMethods: 14033 registered, 2361 unregistered
[2026-04-03T02:39:15.473+0600][46.929s][info][gc,metaspace] GC(34) y: Metaspace: 127M used, 129M committed, 1152M reserved
[2026-04-03T02:39:15.473+0600][46.929s][info][gc,reloc    ] GC(34) y:                        Candidates     Selected     In-Place         Size        Empty    Relocated 
[2026-04-03T02:39:15.473+0600][46.929s][info][gc,reloc    ] GC(34) y: Small Pages:                  216          134            0         432M         148M           6M 
[2026-04-03T02:39:15.473+0600][46.929s][info][gc,reloc    ] GC(34) y: Medium Pages:                   4            0            0         128M         128M           0M 
[2026-04-03T02:39:15.473+0600][46.929s][info][gc,reloc    ] GC(34) y: Large Pages:                   11            0            0          66M          66M           0M 
[2026-04-03T02:39:15.473+0600][46.929s][info][gc,reloc    ] GC(34) y: Forwarding Usage: 2M
[2026-04-03T02:39:15.473+0600][46.929s][info][gc,reloc    ] GC(34) y: Age Table:
[2026-04-03T02:39:15.473+0600][46.929s][info][gc,reloc    ] GC(34) y:                    Live             Garbage             Small              Medium             Large        
[2026-04-03T02:39:15.473+0600][46.929s][info][gc,reloc    ] GC(34) y: Eden               3M (0%)          552M (32%)        197 / 121            3 / 0             11 / 0        
[2026-04-03T02:39:15.473+0600][46.929s][info][gc,reloc    ] GC(34) y: Survivor 1         2M (0%)           49M (3%)          10 / 8              1 / 0              0 / 0        
[2026-04-03T02:39:15.473+0600][46.929s][info][gc,reloc    ] GC(34) y: Survivor 2         1M (0%)            4M (0%)           3 / 2              0 / 0              0 / 0        
[2026-04-03T02:39:15.473+0600][46.929s][info][gc,reloc    ] GC(34) y: Survivor 3         3M (0%)            4M (0%)           4 / 3              0 / 0              0 / 0        
[2026-04-03T02:39:15.473+0600][46.929s][info][gc,reloc    ] GC(34) y: Survivor 4         1M (0%)            2M (0%)           2 / 0              0 / 0              0 / 0        
[2026-04-03T02:39:15.473+0600][46.929s][info][gc,heap     ] GC(34) y: Min Capacity: 8M(0%)
[2026-04-03T02:39:15.473+0600][46.929s][info][gc,heap     ] GC(34) y: Max Capacity: 1750M(100%)
[2026-04-03T02:39:15.473+0600][46.929s][info][gc,heap     ] GC(34) y: Soft Max Capacity: 1750M(100%)
[2026-04-03T02:39:15.473+0600][46.929s][info][gc,heap     ] GC(34) y: Heap Statistics:
[2026-04-03T02:39:15.473+0600][46.929s][info][gc,heap     ] GC(34) y:                Mark Start          Mark End        Relocate Start      Relocate End           High               Low         
[2026-04-03T02:39:15.473+0600][46.929s][info][gc,heap     ] GC(34) y:  Capacity:     1750M (100%)       1750M (100%)       1750M (100%)       1750M (100%)       1750M (100%)       1750M (100%)   
[2026-04-03T02:39:15.473+0600][46.929s][info][gc,heap     ] GC(34) y:      Free:      932M (53%)         832M (48%)        1170M (67%)        1418M (81%)        1418M (81%)         832M (48%)    
[2026-04-03T02:39:15.474+0600][46.929s][info][gc,heap     ] GC(34) y:      Used:      818M (47%)         918M (52%)         580M (33%)         332M (19%)         918M (52%)         332M (19%)    
[2026-04-03T02:39:15.474+0600][46.929s][info][gc,heap     ] GC(34) y: Young Generation Statistics:
[2026-04-03T02:39:15.474+0600][46.929s][info][gc,heap     ] GC(34) y:                Mark Start          Mark End        Relocate Start      Relocate End    
[2026-04-03T02:39:15.474+0600][46.929s][info][gc,heap     ] GC(34) y:      Used:      626M (36%)         726M (41%)         388M (22%)         140M (8%)     
[2026-04-03T02:39:15.474+0600][46.929s][info][gc,heap     ] GC(34) y:      Live:         -                13M (1%)           13M (1%)           13M (1%)     
[2026-04-03T02:39:15.474+0600][46.929s][info][gc,heap     ] GC(34) y:   Garbage:         -               612M (35%)         270M (15%)           0M (0%)     
[2026-04-03T02:39:15.474+0600][46.929s][info][gc,heap     ] GC(34) y: Allocated:         -               100M (6%)          104M (6%)          125M (7%)     
[2026-04-03T02:39:15.474+0600][46.929s][info][gc,heap     ] GC(34) y: Reclaimed:         -                  -               342M (20%)         611M (35%)    
[2026-04-03T02:39:15.474+0600][46.929s][info][gc,heap     ] GC(34) y:  Promoted:         -                  -                 0M (0%)            0M (0%)     
[2026-04-03T02:39:15.474+0600][46.929s][info][gc,heap     ] GC(34) y: Compacted:         -                  -                  -                10M (1%)     
[2026-04-03T02:39:15.474+0600][46.929s][info][gc,phases   ] GC(34) y: Young Generation 816M(47%)->332M(19%) 0.096s
[2026-04-03T02:39:15.474+0600][46.929s][info][gc          ] GC(34) Minor Collection (Allocation Rate) 816M(47%)->332M(19%) 0.097s
[2026-04-03T02:39:16.063+0600][47.518s][info][gc          ] GC(35) Minor Collection (Allocation Rate)
[2026-04-03T02:39:16.063+0600][47.518s][info][gc,task     ] GC(35) Using 1 Workers for Young Generation
[2026-04-03T02:39:16.063+0600][47.518s][info][gc,phases   ] GC(35) y: Young Generation
[2026-04-03T02:39:16.063+0600][47.518s][info][gc,phases   ] GC(35) y: Pause Mark Start 0.023ms
[2026-04-03T02:39:16.132+0600][47.587s][info][gc,phases   ] GC(35) y: Concurrent Mark 68.546ms
[2026-04-03T02:39:16.132+0600][47.587s][info][gc,phases   ] GC(35) y: Pause Mark End 0.021ms
[2026-04-03T02:39:16.132+0600][47.588s][info][gc,phases   ] GC(35) y: Concurrent Mark Free 0.001ms
[2026-04-03T02:39:16.132+0600][47.588s][info][gc,phases   ] GC(35) y: Concurrent Reset Relocation Set 0.012ms
[2026-04-03T02:39:16.137+0600][47.592s][info][gc,reloc    ] GC(35) y: Using tenuring threshold: 2 (Computed)
[2026-04-03T02:39:16.142+0600][47.597s][info][gc,phases   ] GC(35) y: Concurrent Select Relocation Set 9.424ms
[2026-04-03T02:39:16.142+0600][47.597s][info][gc,phases   ] GC(35) y: Pause Relocate Start 0.030ms
[2026-04-03T02:39:16.163+0600][47.618s][info][gc,phases   ] GC(35) y: Concurrent Relocate 20.913ms
[2026-04-03T02:39:16.163+0600][47.618s][info][gc,alloc    ] GC(35) y:                         Mark Start        Mark End      Relocate Start    Relocate End   
[2026-04-03T02:39:16.163+0600][47.619s][info][gc,alloc    ] GC(35) y: Allocation Stalls:          0                0                0                0         
[2026-04-03T02:39:16.163+0600][47.619s][info][gc,load     ] GC(35) y: Load: 5.54 (46%) / 5.36 (45%) / 5.63 (47%)
[2026-04-03T02:39:16.163+0600][47.619s][info][gc,mmu      ] GC(35) y: MMU: 2ms/96.7%, 5ms/98.4%, 10ms/99.1%, 20ms/99.6%, 50ms/99.8%, 100ms/99.9%
[2026-04-03T02:39:16.163+0600][47.619s][info][gc,marking  ] GC(35) y: Mark: 1 stripe(s), 2 proactive flush(es), 1 terminate flush(es), 0 completion(s), 0 continuation(s) 
[2026-04-03T02:39:16.163+0600][47.619s][info][gc,marking  ] GC(35) y: Mark Stack Usage: 32M
[2026-04-03T02:39:16.163+0600][47.619s][info][gc,nmethod  ] GC(35) y: NMethods: 14084 registered, 2361 unregistered
[2026-04-03T02:39:16.163+0600][47.619s][info][gc,metaspace] GC(35) y: Metaspace: 127M used, 129M committed, 1152M reserved
[2026-04-03T02:39:16.163+0600][47.619s][info][gc,reloc    ] GC(35) y:                        Candidates     Selected     In-Place         Size        Empty    Relocated 
[2026-04-03T02:39:16.163+0600][47.619s][info][gc,reloc    ] GC(35) y: Small Pages:                  341          163            0         682M         336M           8M 
[2026-04-03T02:39:16.163+0600][47.619s][info][gc,reloc    ] GC(35) y: Medium Pages:                   3            0            0          96M          96M           0M 
[2026-04-03T02:39:16.163+0600][47.619s][info][gc,reloc    ] GC(35) y: Large Pages:                   60            0            0         360M         342M           0M 
[2026-04-03T02:39:16.163+0600][47.619s][info][gc,reloc    ] GC(35) y: Forwarding Usage: 2M
[2026-04-03T02:39:16.163+0600][47.619s][info][gc,reloc    ] GC(35) y: Age Table:
[2026-04-03T02:39:16.163+0600][47.619s][info][gc,reloc    ] GC(35) y:                    Live             Garbage             Small              Medium             Large        
[2026-04-03T02:39:16.163+0600][47.619s][info][gc,reloc    ] GC(35) y: Eden              24M (1%)         1079M (62%)        324 / 151            3 / 0             60 / 0        
[2026-04-03T02:39:16.163+0600][47.619s][info][gc,reloc    ] GC(35) y: Survivor 1         1M (0%)            2M (0%)           2 / 2              0 / 0              0 / 0        
[2026-04-03T02:39:16.163+0600][47.619s][info][gc,reloc    ] GC(35) y: Survivor 2         2M (0%)            3M (0%)           3 / 1              0 / 0              0 / 0        
[2026-04-03T02:39:16.163+0600][47.619s][info][gc,reloc    ] GC(35) y: Survivor 3         1M (0%)           16M (1%)           9 / 8              0 / 0              0 / 0        
[2026-04-03T02:39:16.163+0600][47.619s][info][gc,reloc    ] GC(35) y: Survivor 4         3M (0%)            0M (0%)           2 / 1              0 / 0              0 / 0        
[2026-04-03T02:39:16.163+0600][47.619s][info][gc,reloc    ] GC(35) y: Survivor 5         1M (0%)            0M (0%)           1 / 0              0 / 0              0 / 0        
[2026-04-03T02:39:16.163+0600][47.619s][info][gc,heap     ] GC(35) y: Min Capacity: 8M(0%)
[2026-04-03T02:39:16.163+0600][47.619s][info][gc,heap     ] GC(35) y: Max Capacity: 1750M(100%)
[2026-04-03T02:39:16.163+0600][47.619s][info][gc,heap     ] GC(35) y: Soft Max Capacity: 1750M(100%)
[2026-04-03T02:39:16.163+0600][47.619s][info][gc,heap     ] GC(35) y: Heap Statistics:
[2026-04-03T02:39:16.163+0600][47.619s][info][gc,heap     ] GC(35) y:                Mark Start          Mark End        Relocate Start      Relocate End           High               Low         
[2026-04-03T02:39:16.163+0600][47.619s][info][gc,heap     ] GC(35) y:  Capacity:     1750M (100%)       1750M (100%)       1750M (100%)       1750M (100%)       1750M (100%)       1750M (100%)   
[2026-04-03T02:39:16.163+0600][47.619s][info][gc,heap     ] GC(35) y:      Free:      420M (24%)         216M (12%)         984M (56%)        1164M (67%)        1280M (73%)         216M (12%)    
[2026-04-03T02:39:16.163+0600][47.619s][info][gc,heap     ] GC(35) y:      Used:     1330M (76%)        1534M (88%)         766M (44%)         586M (33%)        1534M (88%)         470M (27%)    
[2026-04-03T02:39:16.163+0600][47.619s][info][gc,heap     ] GC(35) y: Young Generation Statistics:
[2026-04-03T02:39:16.163+0600][47.619s][info][gc,heap     ] GC(35) y:                Mark Start          Mark End        Relocate Start      Relocate End    
[2026-04-03T02:39:16.164+0600][47.619s][info][gc,heap     ] GC(35) y:      Used:     1138M (65%)        1342M (77%)         568M (32%)         380M (22%)    
[2026-04-03T02:39:16.164+0600][47.619s][info][gc,heap     ] GC(35) y:      Live:         -                35M (2%)           30M (2%)           25M (1%)     
[2026-04-03T02:39:16.164+0600][47.619s][info][gc,heap     ] GC(35) y:   Garbage:         -              1102M (63%)         327M (19%)           0M (0%)     
[2026-04-03T02:39:16.164+0600][47.619s][info][gc,heap     ] GC(35) y: Allocated:         -               204M (12%)         210M (12%)         354M (20%)    
[2026-04-03T02:39:16.164+0600][47.619s][info][gc,heap     ] GC(35) y: Reclaimed:         -                  -               774M (44%)        1102M (63%)    
[2026-04-03T02:39:16.164+0600][47.619s][info][gc,heap     ] GC(35) y:  Promoted:         -                  -                 5M (0%)            9M (1%)     
[2026-04-03T02:39:16.164+0600][47.619s][info][gc,heap     ] GC(35) y: Compacted:         -                  -                  -                 7M (0%)     
[2026-04-03T02:39:16.164+0600][47.619s][info][gc,phases   ] GC(35) y: Young Generation 1330M(76%)->586M(33%) 0.100s
[2026-04-03T02:39:16.164+0600][47.619s][info][gc          ] GC(35) Minor Collection (Allocation Rate) 1330M(76%)->598M(34%) 0.101s
[2026-04-03T02:39:16.179+0600][47.635s][info][gc          ] GC(36) Minor Collection (Allocation Rate)
[2026-04-03T02:39:16.180+0600][47.635s][info][gc,task     ] GC(36) Using 1 Workers for Young Generation
[2026-04-03T02:39:16.180+0600][47.635s][info][gc,phases   ] GC(36) y: Young Generation
[2026-04-03T02:39:16.180+0600][47.635s][info][gc,phases   ] GC(36) y: Pause Mark Start 0.027ms
[2026-04-03T02:39:16.228+0600][47.683s][info][gc,phases   ] GC(36) y: Concurrent Mark 47.699ms
[2026-04-03T02:39:16.228+0600][47.683s][info][gc,phases   ] GC(36) y: Pause Mark End 0.024ms
[2026-04-03T02:39:16.228+0600][47.684s][info][gc,phases   ] GC(36) y: Concurrent Mark Free 0.001ms
[2026-04-03T02:39:16.228+0600][47.684s][info][gc,phases   ] GC(36) y: Concurrent Reset Relocation Set 0.026ms
[2026-04-03T02:39:16.232+0600][47.687s][info][gc,reloc    ] GC(36) y: Using tenuring threshold: 3 (Computed)
[2026-04-03T02:39:16.232+0600][47.688s][info][gc,phases   ] GC(36) y: Concurrent Select Relocation Set 3.968ms
[2026-04-03T02:39:16.233+0600][47.688s][info][gc,phases   ] GC(36) y: Pause Relocate Start 0.019ms
[2026-04-03T02:39:16.236+0600][47.691s][info][gc,phases   ] GC(36) y: Concurrent Relocate 3.254ms
[2026-04-03T02:39:16.236+0600][47.691s][info][gc,alloc    ] GC(36) y:                         Mark Start        Mark End      Relocate Start    Relocate End   
[2026-04-03T02:39:16.236+0600][47.691s][info][gc,alloc    ] GC(36) y: Allocation Stalls:          0                0                0                0         
[2026-04-03T02:39:16.236+0600][47.691s][info][gc,load     ] GC(36) y: Load: 5.54 (46%) / 5.36 (45%) / 5.63 (47%)
[2026-04-03T02:39:16.236+0600][47.691s][info][gc,mmu      ] GC(36) y: MMU: 2ms/96.7%, 5ms/98.4%, 10ms/99.1%, 20ms/99.6%, 50ms/99.8%, 100ms/99.9%
[2026-04-03T02:39:16.236+0600][47.691s][info][gc,marking  ] GC(36) y: Mark: 1 stripe(s), 2 proactive flush(es), 1 terminate flush(es), 0 completion(s), 0 continuation(s) 
[2026-04-03T02:39:16.236+0600][47.691s][info][gc,marking  ] GC(36) y: Mark Stack Usage: 32M
[2026-04-03T02:39:16.236+0600][47.691s][info][gc,nmethod  ] GC(36) y: NMethods: 14086 registered, 2361 unregistered
[2026-04-03T02:39:16.236+0600][47.691s][info][gc,metaspace] GC(36) y: Metaspace: 127M used, 129M committed, 1152M reserved
[2026-04-03T02:39:16.236+0600][47.691s][info][gc,reloc    ] GC(36) y:                        Candidates     Selected     In-Place         Size        Empty    Relocated 
[2026-04-03T02:39:16.236+0600][47.691s][info][gc,reloc    ] GC(36) y: Small Pages:                   57           44            0         114M          16M           4M 
[2026-04-03T02:39:16.236+0600][47.691s][info][gc,reloc    ] GC(36) y: Medium Pages:                   1            0            0          32M          32M           0M 
[2026-04-03T02:39:16.236+0600][47.691s][info][gc,reloc    ] GC(36) y: Large Pages:                   84            0            0         504M         492M           0M 
[2026-04-03T02:39:16.236+0600][47.692s][info][gc,reloc    ] GC(36) y: Forwarding Usage: 0M
[2026-04-03T02:39:16.236+0600][47.692s][info][gc,reloc    ] GC(36) y: Age Table:
[2026-04-03T02:39:16.236+0600][47.692s][info][gc,reloc    ] GC(36) y:                    Live             Garbage             Small              Medium             Large        
[2026-04-03T02:39:16.236+0600][47.692s][info][gc,reloc    ] GC(36) y: Eden              15M (1%)          586M (34%)         42 / 33             1 / 0             81 / 0        
[2026-04-03T02:39:16.236+0600][47.692s][info][gc,reloc    ] GC(36) y: Survivor 1         3M (0%)           32M (2%)           9 / 6              0 / 0              3 / 0        
[2026-04-03T02:39:16.236+0600][47.692s][info][gc,reloc    ] GC(36) y: Survivor 2         1M (0%)           10M (1%)           6 / 5              0 / 0              0 / 0        
[2026-04-03T02:39:16.236+0600][47.692s][info][gc,heap     ] GC(36) y: Min Capacity: 8M(0%)
[2026-04-03T02:39:16.236+0600][47.692s][info][gc,heap     ] GC(36) y: Max Capacity: 1750M(100%)
[2026-04-03T02:39:16.236+0600][47.692s][info][gc,heap     ] GC(36) y: Soft Max Capacity: 1750M(100%)
[2026-04-03T02:39:16.236+0600][47.692s][info][gc,heap     ] GC(36) y: Heap Statistics:
[2026-04-03T02:39:16.236+0600][47.692s][info][gc,heap     ] GC(36) y:                Mark Start          Mark End        Relocate Start      Relocate End           High               Low         
[2026-04-03T02:39:16.236+0600][47.692s][info][gc,heap     ] GC(36) y:  Capacity:     1750M (100%)       1750M (100%)       1750M (100%)       1750M (100%)       1750M (100%)       1750M (100%)   
[2026-04-03T02:39:16.236+0600][47.692s][info][gc,heap     ] GC(36) y:      Free:      894M (51%)         774M (44%)        1312M (75%)        1396M (80%)        1398M (80%)         774M (44%)    
[2026-04-03T02:39:16.236+0600][47.692s][info][gc,heap     ] GC(36) y:      Used:      856M (49%)         976M (56%)         438M (25%)         354M (20%)         976M (56%)         352M (20%)    
[2026-04-03T02:39:16.236+0600][47.692s][info][gc,heap     ] GC(36) y: Young Generation Statistics:
[2026-04-03T02:39:16.236+0600][47.692s][info][gc,heap     ] GC(36) y:                Mark Start          Mark End        Relocate Start      Relocate End    
[2026-04-03T02:39:16.236+0600][47.692s][info][gc,heap     ] GC(36) y:      Used:      650M (37%)         770M (44%)         232M (13%)         148M (8%)     
[2026-04-03T02:39:16.236+0600][47.692s][info][gc,heap     ] GC(36) y:      Live:         -                19M (1%)           19M (1%)           19M (1%)     
[2026-04-03T02:39:16.236+0600][47.692s][info][gc,heap     ] GC(36) y:   Garbage:         -               630M (36%)          90M (5%)            1M (0%)     
[2026-04-03T02:39:16.236+0600][47.692s][info][gc,heap     ] GC(36) y: Allocated:         -               120M (7%)          122M (7%)          127M (7%)     
[2026-04-03T02:39:16.236+0600][47.692s][info][gc,heap     ] GC(36) y: Reclaimed:         -                  -               540M (31%)         629M (36%)    
[2026-04-03T02:39:16.236+0600][47.692s][info][gc,heap     ] GC(36) y:  Promoted:         -                  -                 0M (0%)            0M (0%)     
[2026-04-03T02:39:16.236+0600][47.692s][info][gc,heap     ] GC(36) y: Compacted:         -                  -                  -                 4M (0%)     
[2026-04-03T02:39:16.236+0600][47.692s][info][gc,phases   ] GC(36) y: Young Generation 856M(49%)->354M(20%) 0.056s
[2026-04-03T02:39:16.236+0600][47.692s][info][gc          ] GC(36) Minor Collection (Allocation Rate) 850M(49%)->354M(20%) 0.057s
[2026-04-03T02:39:16.270+0600][47.725s][info][gc          ] GC(37) Minor Collection (Allocation Rate)
[2026-04-03T02:39:16.270+0600][47.726s][info][gc,task     ] GC(37) Using 1 Workers for Young Generation
[2026-04-03T02:39:16.270+0600][47.726s][info][gc,phases   ] GC(37) y: Young Generation
[2026-04-03T02:39:16.270+0600][47.726s][info][gc,phases   ] GC(37) y: Pause Mark Start 0.025ms
[2026-04-03T02:39:16.319+0600][47.775s][info][gc,phases   ] GC(37) y: Concurrent Mark 48.657ms
[2026-04-03T02:39:16.320+0600][47.775s][info][gc,phases   ] GC(37) y: Pause Mark End 0.034ms
[2026-04-03T02:39:16.320+0600][47.775s][info][gc,phases   ] GC(37) y: Concurrent Mark Free 0.002ms
[2026-04-03T02:39:16.320+0600][47.775s][info][gc,phases   ] GC(37) y: Concurrent Reset Relocation Set 0.010ms
[2026-04-03T02:39:16.324+0600][47.779s][info][gc,reloc    ] GC(37) y: Using tenuring threshold: 4 (Computed)
[2026-04-03T02:39:16.324+0600][47.780s][info][gc,phases   ] GC(37) y: Concurrent Select Relocation Set 4.361ms
[2026-04-03T02:39:16.325+0600][47.780s][info][gc,phases   ] GC(37) y: Pause Relocate Start 0.021ms
[2026-04-03T02:39:16.329+0600][47.785s][info][gc,phases   ] GC(37) y: Concurrent Relocate 4.515ms
[2026-04-03T02:39:16.329+0600][47.785s][info][gc,alloc    ] GC(37) y:                         Mark Start        Mark End      Relocate Start    Relocate End   
[2026-04-03T02:39:16.329+0600][47.785s][info][gc,alloc    ] GC(37) y: Allocation Stalls:          0                0                0                0         
[2026-04-03T02:39:16.329+0600][47.785s][info][gc,load     ] GC(37) y: Load: 5.54 (46%) / 5.36 (45%) / 5.63 (47%)
[2026-04-03T02:39:16.329+0600][47.785s][info][gc,mmu      ] GC(37) y: MMU: 2ms/96.7%, 5ms/98.4%, 10ms/99.1%, 20ms/99.6%, 50ms/99.8%, 100ms/99.9%
[2026-04-03T02:39:16.329+0600][47.785s][info][gc,marking  ] GC(37) y: Mark: 1 stripe(s), 2 proactive flush(es), 1 terminate flush(es), 0 completion(s), 0 continuation(s) 
[2026-04-03T02:39:16.329+0600][47.785s][info][gc,marking  ] GC(37) y: Mark Stack Usage: 32M
[2026-04-03T02:39:16.329+0600][47.785s][info][gc,nmethod  ] GC(37) y: NMethods: 14087 registered, 2361 unregistered
[2026-04-03T02:39:16.329+0600][47.785s][info][gc,metaspace] GC(37) y: Metaspace: 127M used, 129M committed, 1152M reserved
[2026-04-03T02:39:16.329+0600][47.785s][info][gc,reloc    ] GC(37) y:                        Candidates     Selected     In-Place         Size        Empty    Relocated 
[2026-04-03T02:39:16.329+0600][47.785s][info][gc,reloc    ] GC(37) y: Small Pages:                   52           37            0         104M          20M           4M 
[2026-04-03T02:39:16.329+0600][47.785s][info][gc,reloc    ] GC(37) y: Medium Pages:                   1            0            0          32M          32M           0M 
[2026-04-03T02:39:16.329+0600][47.785s][info][gc,reloc    ] GC(37) y: Large Pages:                    7            0            0          42M          42M           0M 
[2026-04-03T02:39:16.329+0600][47.785s][info][gc,reloc    ] GC(37) y: Forwarding Usage: 0M
[2026-04-03T02:39:16.329+0600][47.785s][info][gc,reloc    ] GC(37) y: Age Table:
[2026-04-03T02:39:16.329+0600][47.785s][info][gc,reloc    ] GC(37) y:                    Live             Garbage             Small              Medium             Large        
[2026-04-03T02:39:16.329+0600][47.785s][info][gc,reloc    ] GC(37) y: Eden               3M (0%)          150M (9%)          46 / 35             1 / 0              5 / 0        
[2026-04-03T02:39:16.329+0600][47.785s][info][gc,reloc    ] GC(37) y: Survivor 1         0M (0%)           15M (1%)           2 / 0              0 / 0              2 / 0        
[2026-04-03T02:39:16.329+0600][47.785s][info][gc,reloc    ] GC(37) y: Survivor 2         3M (0%)            0M (0%)           2 / 0              0 / 0              0 / 0        
[2026-04-03T02:39:16.329+0600][47.785s][info][gc,reloc    ] GC(37) y: Survivor 3         1M (0%)            2M (0%)           2 / 2              0 / 0              0 / 0        
[2026-04-03T02:39:16.329+0600][47.785s][info][gc,heap     ] GC(37) y: Min Capacity: 8M(0%)
[2026-04-03T02:39:16.329+0600][47.785s][info][gc,heap     ] GC(37) y: Max Capacity: 1750M(100%)
[2026-04-03T02:39:16.330+0600][47.785s][info][gc,heap     ] GC(37) y: Soft Max Capacity: 1750M(100%)
[2026-04-03T02:39:16.330+0600][47.785s][info][gc,heap     ] GC(37) y: Heap Statistics:
[2026-04-03T02:39:16.330+0600][47.785s][info][gc,heap     ] GC(37) y:                Mark Start          Mark End        Relocate Start      Relocate End           High               Low         
[2026-04-03T02:39:16.330+0600][47.785s][info][gc,heap     ] GC(37) y:  Capacity:     1750M (100%)       1750M (100%)       1750M (100%)       1750M (100%)       1750M (100%)       1750M (100%)   
[2026-04-03T02:39:16.330+0600][47.785s][info][gc,heap     ] GC(37) y:      Free:     1366M (78%)        1298M (74%)        1392M (80%)        1450M (83%)        1450M (83%)        1298M (74%)    
[2026-04-03T02:39:16.330+0600][47.785s][info][gc,heap     ] GC(37) y:      Used:      384M (22%)         452M (26%)         358M (20%)         300M (17%)         452M (26%)         300M (17%)    
[2026-04-03T02:39:16.330+0600][47.785s][info][gc,heap     ] GC(37) y: Young Generation Statistics:
[2026-04-03T02:39:16.330+0600][47.785s][info][gc,heap     ] GC(37) y:                Mark Start          Mark End        Relocate Start      Relocate End    
[2026-04-03T02:39:16.330+0600][47.785s][info][gc,heap     ] GC(37) y:      Used:      178M (10%)         246M (14%)         152M (9%)           94M (5%)     
[2026-04-03T02:39:16.330+0600][47.785s][info][gc,heap     ] GC(37) y:      Live:         -                 8M (0%)            8M (0%)            8M (0%)     
[2026-04-03T02:39:16.330+0600][47.785s][info][gc,heap     ] GC(37) y:   Garbage:         -               169M (10%)          75M (4%)            0M (0%)     
[2026-04-03T02:39:16.330+0600][47.785s][info][gc,heap     ] GC(37) y: Allocated:         -                68M (4%)           68M (4%)           85M (5%)     
[2026-04-03T02:39:16.330+0600][47.785s][info][gc,heap     ] GC(37) y: Reclaimed:         -                  -                94M (5%)          169M (10%)    
[2026-04-03T02:39:16.330+0600][47.785s][info][gc,heap     ] GC(37) y:  Promoted:         -                  -                 0M (0%)            0M (0%)     
[2026-04-03T02:39:16.330+0600][47.785s][info][gc,heap     ] GC(37) y: Compacted:         -                  -                  -                 4M (0%)     
[2026-04-03T02:39:16.330+0600][47.785s][info][gc,phases   ] GC(37) y: Young Generation 384M(22%)->300M(17%) 0.059s
[2026-04-03T02:39:16.330+0600][47.785s][info][gc          ] GC(37) Minor Collection (Allocation Rate) 384M(22%)->300M(17%) 0.060s
[2026-04-03T02:39:17.008+0600][48.464s][info][gc          ] GC(38) Minor Collection (Allocation Rate)
[2026-04-03T02:39:17.008+0600][48.464s][info][gc,task     ] GC(38) Using 1 Workers for Young Generation
[2026-04-03T02:39:17.008+0600][48.464s][info][gc,phases   ] GC(38) y: Young Generation
[2026-04-03T02:39:17.009+0600][48.464s][info][gc,phases   ] GC(38) y: Pause Mark Start 0.052ms
[2026-04-03T02:39:17.054+0600][48.509s][info][gc,phases   ] GC(38) y: Concurrent Mark 45.131ms
[2026-04-03T02:39:17.054+0600][48.510s][info][gc,phases   ] GC(38) y: Pause Mark End 0.029ms
[2026-04-03T02:39:17.054+0600][48.510s][info][gc,phases   ] GC(38) y: Concurrent Mark Free 0.003ms
[2026-04-03T02:39:17.054+0600][48.510s][info][gc,phases   ] GC(38) y: Concurrent Reset Relocation Set 0.012ms
[2026-04-03T02:39:17.057+0600][48.512s][info][gc,reloc    ] GC(38) y: Using tenuring threshold: 2 (Computed)
[2026-04-03T02:39:17.060+0600][48.516s][info][gc,phases   ] GC(38) y: Concurrent Select Relocation Set 5.978ms
[2026-04-03T02:39:17.061+0600][48.516s][info][gc,phases   ] GC(38) y: Pause Relocate Start 0.025ms
[2026-04-03T02:39:17.073+0600][48.528s][info][gc,phases   ] GC(38) y: Concurrent Relocate 11.854ms
[2026-04-03T02:39:17.073+0600][48.528s][info][gc,alloc    ] GC(38) y:                         Mark Start        Mark End      Relocate Start    Relocate End   
[2026-04-03T02:39:17.073+0600][48.528s][info][gc,alloc    ] GC(38) y: Allocation Stalls:          0                0                0                0         
[2026-04-03T02:39:17.073+0600][48.528s][info][gc,load     ] GC(38) y: Load: 5.54 (46%) / 5.36 (45%) / 5.63 (47%)
[2026-04-03T02:39:17.073+0600][48.528s][info][gc,mmu      ] GC(38) y: MMU: 2ms/96.7%, 5ms/98.4%, 10ms/99.1%, 20ms/99.6%, 50ms/99.8%, 100ms/99.9%
[2026-04-03T02:39:17.073+0600][48.528s][info][gc,marking  ] GC(38) y: Mark: 1 stripe(s), 2 proactive flush(es), 1 terminate flush(es), 0 completion(s), 0 continuation(s) 
[2026-04-03T02:39:17.073+0600][48.528s][info][gc,marking  ] GC(38) y: Mark Stack Usage: 32M
[2026-04-03T02:39:17.073+0600][48.528s][info][gc,nmethod  ] GC(38) y: NMethods: 14146 registered, 2361 unregistered
[2026-04-03T02:39:17.073+0600][48.528s][info][gc,metaspace] GC(38) y: Metaspace: 127M used, 129M committed, 1152M reserved
[2026-04-03T02:39:17.073+0600][48.528s][info][gc,reloc    ] GC(38) y:                        Candidates     Selected     In-Place         Size        Empty    Relocated 
[2026-04-03T02:39:17.073+0600][48.528s][info][gc,reloc    ] GC(38) y: Small Pages:                  205          167            0         410M          66M           4M 
[2026-04-03T02:39:17.073+0600][48.528s][info][gc,reloc    ] GC(38) y: Medium Pages:                   3            0            0          96M          96M           0M 
[2026-04-03T02:39:17.073+0600][48.528s][info][gc,reloc    ] GC(38) y: Large Pages:                    9            0            0          54M          54M           0M 
[2026-04-03T02:39:17.073+0600][48.528s][info][gc,reloc    ] GC(38) y: Forwarding Usage: 0M
[2026-04-03T02:39:17.073+0600][48.528s][info][gc,reloc    ] GC(38) y: Age Table:
[2026-04-03T02:39:17.073+0600][48.528s][info][gc,reloc    ] GC(38) y:                    Live             Garbage             Small              Medium             Large        
[2026-04-03T02:39:17.073+0600][48.528s][info][gc,reloc    ] GC(38) y: Eden               2M (0%)          531M (30%)        192 / 158            3 / 0              9 / 0        
[2026-04-03T02:39:17.073+0600][48.528s][info][gc,reloc    ] GC(38) y: Survivor 1         0M (0%)           17M (1%)           9 / 8              0 / 0              0 / 0        
[2026-04-03T02:39:17.073+0600][48.528s][info][gc,reloc    ] GC(38) y: Survivor 2         0M (0%)            1M (0%)           1 / 0              0 / 0              0 / 0        
[2026-04-03T02:39:17.073+0600][48.528s][info][gc,reloc    ] GC(38) y: Survivor 3         3M (0%)            0M (0%)           2 / 0              0 / 0              0 / 0        
[2026-04-03T02:39:17.073+0600][48.528s][info][gc,reloc    ] GC(38) y: Survivor 4         1M (0%)            0M (0%)           1 / 1              0 / 0              0 / 0        
[2026-04-03T02:39:17.073+0600][48.528s][info][gc,heap     ] GC(38) y: Min Capacity: 8M(0%)
[2026-04-03T02:39:17.073+0600][48.529s][info][gc,heap     ] GC(38) y: Max Capacity: 1750M(100%)
[2026-04-03T02:39:17.073+0600][48.529s][info][gc,heap     ] GC(38) y: Soft Max Capacity: 1750M(100%)
[2026-04-03T02:39:17.073+0600][48.529s][info][gc,heap     ] GC(38) y: Heap Statistics:
[2026-04-03T02:39:17.073+0600][48.529s][info][gc,heap     ] GC(38) y:                Mark Start          Mark End        Relocate Start      Relocate End           High               Low         
[2026-04-03T02:39:17.073+0600][48.529s][info][gc,heap     ] GC(38) y:  Capacity:     1750M (100%)       1750M (100%)       1750M (100%)       1750M (100%)       1750M (100%)       1750M (100%)   
[2026-04-03T02:39:17.073+0600][48.529s][info][gc,heap     ] GC(38) y:      Free:      984M (56%)         898M (51%)        1112M (64%)        1436M (82%)        1436M (82%)         898M (51%)    
[2026-04-03T02:39:17.073+0600][48.529s][info][gc,heap     ] GC(38) y:      Used:      766M (44%)         852M (49%)         638M (36%)         314M (18%)         852M (49%)         314M (18%)    
[2026-04-03T02:39:17.073+0600][48.529s][info][gc,heap     ] GC(38) y: Young Generation Statistics:
[2026-04-03T02:39:17.073+0600][48.529s][info][gc,heap     ] GC(38) y:                Mark Start          Mark End        Relocate Start      Relocate End    
[2026-04-03T02:39:17.073+0600][48.529s][info][gc,heap     ] GC(38) y:      Used:      560M (32%)         646M (37%)         428M (24%)         102M (6%)     
[2026-04-03T02:39:17.073+0600][48.529s][info][gc,heap     ] GC(38) y:      Live:         -                 8M (0%)            5M (0%)            3M (0%)     
[2026-04-03T02:39:17.073+0600][48.529s][info][gc,heap     ] GC(38) y:   Garbage:         -               551M (32%)         334M (19%)           0M (0%)     
[2026-04-03T02:39:17.073+0600][48.529s][info][gc,heap     ] GC(38) y: Allocated:         -                86M (5%)           88M (5%)           98M (6%)     
[2026-04-03T02:39:17.073+0600][48.529s][info][gc,heap     ] GC(38) y: Reclaimed:         -                  -               216M (12%)         551M (32%)    
[2026-04-03T02:39:17.073+0600][48.529s][info][gc,heap     ] GC(38) y:  Promoted:         -                  -                 3M (0%)            5M (0%)     
[2026-04-03T02:39:17.073+0600][48.529s][info][gc,heap     ] GC(38) y: Compacted:         -                  -                  -                 3M (0%)     
[2026-04-03T02:39:17.073+0600][48.529s][info][gc,phases   ] GC(38) y: Young Generation 766M(44%)->314M(18%) 0.064s
[2026-04-03T02:39:17.073+0600][48.529s][info][gc          ] GC(38) Minor Collection (Allocation Rate) 766M(44%)->314M(18%) 0.065s
[2026-04-03T02:39:18.019+0600][49.474s][info][gc          ] GC(39) Minor Collection (Allocation Rate)
[2026-04-03T02:39:18.019+0600][49.475s][info][gc,task     ] GC(39) Using 1 Workers for Young Generation
[2026-04-03T02:39:18.019+0600][49.475s][info][gc,phases   ] GC(39) y: Young Generation
[2026-04-03T02:39:18.019+0600][49.475s][info][gc,phases   ] GC(39) y: Pause Mark Start 0.018ms
[2026-04-03T02:39:18.071+0600][49.526s][info][gc,phases   ] GC(39) y: Concurrent Mark 51.506ms
[2026-04-03T02:39:18.071+0600][49.527s][info][gc,phases   ] GC(39) y: Pause Mark End 0.023ms
[2026-04-03T02:39:18.071+0600][49.527s][info][gc,phases   ] GC(39) y: Concurrent Mark Free 0.001ms
[2026-04-03T02:39:18.071+0600][49.527s][info][gc,phases   ] GC(39) y: Concurrent Reset Relocation Set 0.022ms
[2026-04-03T02:39:18.073+0600][49.529s][info][gc,reloc    ] GC(39) y: Using tenuring threshold: 3 (Computed)
[2026-04-03T02:39:18.074+0600][49.529s][info][gc,phases   ] GC(39) y: Concurrent Select Relocation Set 2.429ms
[2026-04-03T02:39:18.074+0600][49.529s][info][gc,phases   ] GC(39) y: Pause Relocate Start 0.019ms
[2026-04-03T02:39:18.086+0600][49.541s][info][gc,phases   ] GC(39) y: Concurrent Relocate 11.695ms
[2026-04-03T02:39:18.086+0600][49.541s][info][gc,alloc    ] GC(39) y:                         Mark Start        Mark End      Relocate Start    Relocate End   
[2026-04-03T02:39:18.086+0600][49.541s][info][gc,alloc    ] GC(39) y: Allocation Stalls:          0                0                0                0         
[2026-04-03T02:39:18.086+0600][49.541s][info][gc,load     ] GC(39) y: Load: 5.54 (46%) / 5.36 (45%) / 5.63 (47%)
[2026-04-03T02:39:18.086+0600][49.541s][info][gc,mmu      ] GC(39) y: MMU: 2ms/96.7%, 5ms/98.4%, 10ms/99.1%, 20ms/99.6%, 50ms/99.8%, 100ms/99.9%
[2026-04-03T02:39:18.086+0600][49.541s][info][gc,marking  ] GC(39) y: Mark: 1 stripe(s), 2 proactive flush(es), 1 terminate flush(es), 0 completion(s), 0 continuation(s) 
[2026-04-03T02:39:18.086+0600][49.541s][info][gc,marking  ] GC(39) y: Mark Stack Usage: 32M
[2026-04-03T02:39:18.086+0600][49.541s][info][gc,nmethod  ] GC(39) y: NMethods: 14188 registered, 2361 unregistered
[2026-04-03T02:39:18.086+0600][49.541s][info][gc,metaspace] GC(39) y: Metaspace: 127M used, 129M committed, 1152M reserved
[2026-04-03T02:39:18.086+0600][49.542s][info][gc,reloc    ] GC(39) y:                        Candidates     Selected     In-Place         Size        Empty    Relocated 
[2026-04-03T02:39:18.086+0600][49.542s][info][gc,reloc    ] GC(39) y: Small Pages:                  294          159            0         588M         260M           5M 
[2026-04-03T02:39:18.086+0600][49.542s][info][gc,reloc    ] GC(39) y: Medium Pages:                   4            0            0         128M         128M           0M 
[2026-04-03T02:39:18.086+0600][49.542s][info][gc,reloc    ] GC(39) y: Large Pages:                   16            0            0          96M          96M           0M 
[2026-04-03T02:39:18.086+0600][49.542s][info][gc,reloc    ] GC(39) y: Forwarding Usage: 1M
[2026-04-03T02:39:18.086+0600][49.542s][info][gc,reloc    ] GC(39) y: Age Table:
[2026-04-03T02:39:18.086+0600][49.542s][info][gc,reloc    ] GC(39) y:                    Live             Garbage             Small              Medium             Large        
[2026-04-03T02:39:18.086+0600][49.542s][info][gc,reloc    ] GC(39) y: Eden               5M (0%)          792M (45%)        287 / 154            4 / 0             16 / 0        
[2026-04-03T02:39:18.086+0600][49.542s][info][gc,reloc    ] GC(39) y: Survivor 1         1M (0%)            8M (0%)           5 / 3              0 / 0              0 / 0        
[2026-04-03T02:39:18.086+0600][49.542s][info][gc,reloc    ] GC(39) y: Survivor 2         0M (0%)            3M (0%)           2 / 2              0 / 0              0 / 0        
[2026-04-03T02:39:18.086+0600][49.542s][info][gc,heap     ] GC(39) y: Min Capacity: 8M(0%)
[2026-04-03T02:39:18.086+0600][49.542s][info][gc,heap     ] GC(39) y: Max Capacity: 1750M(100%)
[2026-04-03T02:39:18.086+0600][49.542s][info][gc,heap     ] GC(39) y: Soft Max Capacity: 1750M(100%)
[2026-04-03T02:39:18.086+0600][49.542s][info][gc,heap     ] GC(39) y: Heap Statistics:
[2026-04-03T02:39:18.086+0600][49.542s][info][gc,heap     ] GC(39) y:                Mark Start          Mark End        Relocate Start      Relocate End           High               Low         
[2026-04-03T02:39:18.086+0600][49.542s][info][gc,heap     ] GC(39) y:  Capacity:     1750M (100%)       1750M (100%)       1750M (100%)       1750M (100%)       1750M (100%)       1750M (100%)   
[2026-04-03T02:39:18.086+0600][49.542s][info][gc,heap     ] GC(39) y:      Free:      726M (41%)         652M (37%)        1130M (65%)        1396M (80%)        1396M (80%)         652M (37%)    
[2026-04-03T02:39:18.086+0600][49.542s][info][gc,heap     ] GC(39) y:      Used:     1024M (59%)        1098M (63%)         620M (35%)         354M (20%)        1098M (63%)         354M (20%)    
[2026-04-03T02:39:18.086+0600][49.542s][info][gc,heap     ] GC(39) y: Young Generation Statistics:
[2026-04-03T02:39:18.086+0600][49.542s][info][gc,heap     ] GC(39) y:                Mark Start          Mark End        Relocate Start      Relocate End    
[2026-04-03T02:39:18.086+0600][49.542s][info][gc,heap     ] GC(39) y:      Used:      812M (46%)         886M (51%)         408M (23%)         142M (8%)     
[2026-04-03T02:39:18.086+0600][49.542s][info][gc,heap     ] GC(39) y:      Live:         -                 7M (0%)            7M (0%)            7M (0%)     
[2026-04-03T02:39:18.086+0600][49.542s][info][gc,heap     ] GC(39) y:   Garbage:         -               804M (46%)         320M (18%)           0M (0%)     
[2026-04-03T02:39:18.086+0600][49.542s][info][gc,heap     ] GC(39) y: Allocated:         -                74M (4%)           80M (5%)          133M (8%)     
[2026-04-03T02:39:18.086+0600][49.542s][info][gc,heap     ] GC(39) y: Reclaimed:         -                  -               484M (28%)         803M (46%)    
[2026-04-03T02:39:18.086+0600][49.542s][info][gc,heap     ] GC(39) y:  Promoted:         -                  -                 0M (0%)            0M (0%)     
[2026-04-03T02:39:18.086+0600][49.542s][info][gc,heap     ] GC(39) y: Compacted:         -                  -                  -                 6M (0%)     
[2026-04-03T02:39:18.086+0600][49.542s][info][gc,phases   ] GC(39) y: Young Generation 1024M(59%)->354M(20%) 0.067s
[2026-04-03T02:39:18.086+0600][49.542s][info][gc          ] GC(39) Minor Collection (Allocation Rate) 1024M(59%)->358M(20%) 0.067s
[2026-04-03T02:39:18.629+0600][50.085s][info][gc          ] GC(40) Minor Collection (Allocation Rate)
[2026-04-03T02:39:18.629+0600][50.085s][info][gc,task     ] GC(40) Using 3 Workers for Young Generation
[2026-04-03T02:39:18.629+0600][50.085s][info][gc,phases   ] GC(40) y: Young Generation
[2026-04-03T02:39:18.630+0600][50.085s][info][gc,phases   ] GC(40) y: Pause Mark Start 0.078ms
[2026-04-03T02:39:18.656+0600][50.111s][info][gc,phases   ] GC(40) y: Concurrent Mark 25.562ms
[2026-04-03T02:39:18.656+0600][50.111s][info][gc,phases   ] GC(40) y: Pause Mark End 0.028ms
[2026-04-03T02:39:18.656+0600][50.111s][info][gc,phases   ] GC(40) y: Concurrent Mark Free 0.001ms
[2026-04-03T02:39:18.656+0600][50.111s][info][gc,phases   ] GC(40) y: Concurrent Reset Relocation Set 0.030ms
[2026-04-03T02:39:18.656+0600][50.112s][info][gc          ] Allocation Stall (Executor task launch worker for task 3.0 in stage 1359.0 (TID 2550)) 12.421ms
[2026-04-03T02:39:18.656+0600][50.112s][info][gc          ] Allocation Stall (Executor task launch worker for task 0.0 in stage 1359.0 (TID 2547)) 8.612ms
[2026-04-03T02:39:18.656+0600][50.112s][info][gc          ] Allocation Stall (Executor task launch worker for task 1.0 in stage 1359.0 (TID 2548)) 9.741ms
[2026-04-03T02:39:18.656+0600][50.112s][info][gc          ] Allocation Stall (Executor task launch worker for task 2.0 in stage 1359.0 (TID 2549)) 8.605ms
[2026-04-03T02:39:18.662+0600][50.117s][info][gc,reloc    ] GC(40) y: Using tenuring threshold: 4 (Computed)
[2026-04-03T02:39:18.662+0600][50.118s][info][gc,phases   ] GC(40) y: Concurrent Select Relocation Set 6.201ms
[2026-04-03T02:39:18.663+0600][50.118s][info][gc,phases   ] GC(40) y: Pause Relocate Start 0.022ms
[2026-04-03T02:39:18.667+0600][50.122s][info][gc,phases   ] GC(40) y: Concurrent Relocate 4.076ms
[2026-04-03T02:39:18.667+0600][50.122s][info][gc,alloc    ] GC(40) y:                         Mark Start        Mark End      Relocate Start    Relocate End   
[2026-04-03T02:39:18.667+0600][50.122s][info][gc,alloc    ] GC(40) y: Allocation Stalls:          0                4                0                0         
[2026-04-03T02:39:18.667+0600][50.122s][info][gc,load     ] GC(40) y: Load: 5.54 (46%) / 5.36 (45%) / 5.63 (47%)
[2026-04-03T02:39:18.667+0600][50.122s][info][gc,mmu      ] GC(40) y: MMU: 2ms/96.1%, 5ms/98.4%, 10ms/99.1%, 20ms/99.6%, 50ms/99.7%, 100ms/99.9%
[2026-04-03T02:39:18.667+0600][50.122s][info][gc,marking  ] GC(40) y: Mark: 2 stripe(s), 2 proactive flush(es), 1 terminate flush(es), 0 completion(s), 0 continuation(s) 
[2026-04-03T02:39:18.667+0600][50.122s][info][gc,marking  ] GC(40) y: Mark Stack Usage: 32M
[2026-04-03T02:39:18.667+0600][50.122s][info][gc,nmethod  ] GC(40) y: NMethods: 14215 registered, 2361 unregistered
[2026-04-03T02:39:18.667+0600][50.122s][info][gc,metaspace] GC(40) y: Metaspace: 127M used, 129M committed, 1152M reserved
[2026-04-03T02:39:18.667+0600][50.122s][info][gc,reloc    ] GC(40) y:                        Candidates     Selected     In-Place         Size        Empty    Relocated 
[2026-04-03T02:39:18.667+0600][50.122s][info][gc,reloc    ] GC(40) y: Small Pages:                  336          145            0         672M         368M           7M 
[2026-04-03T02:39:18.667+0600][50.122s][info][gc,reloc    ] GC(40) y: Medium Pages:                   2            0            0          64M          64M           0M 
[2026-04-03T02:39:18.667+0600][50.122s][info][gc,reloc    ] GC(40) y: Large Pages:                  104            0            0         624M         600M           0M 
[2026-04-03T02:39:18.667+0600][50.122s][info][gc,reloc    ] GC(40) y: Forwarding Usage: 1M
[2026-04-03T02:39:18.667+0600][50.122s][info][gc,reloc    ] GC(40) y: Age Table:
[2026-04-03T02:39:18.667+0600][50.122s][info][gc,reloc    ] GC(40) y:                    Live             Garbage             Small              Medium             Large        
[2026-04-03T02:39:18.667+0600][50.122s][info][gc,reloc    ] GC(40) y: Eden              30M (2%)         1287M (74%)        315 / 126            2 / 0            104 / 0        
[2026-04-03T02:39:18.667+0600][50.123s][info][gc,reloc    ] GC(40) y: Survivor 1         1M (0%)           18M (1%)          10 / 9              0 / 0              0 / 0        
[2026-04-03T02:39:18.667+0600][50.123s][info][gc,reloc    ] GC(40) y: Survivor 2         1M (0%)            2M (0%)           2 / 1              0 / 0              0 / 0        
[2026-04-03T02:39:18.667+0600][50.123s][info][gc,reloc    ] GC(40) y: Survivor 3         0M (0%)           17M (1%)           9 / 9              0 / 0              0 / 0        
[2026-04-03T02:39:18.667+0600][50.123s][info][gc,heap     ] GC(40) y: Min Capacity: 8M(0%)
[2026-04-03T02:39:18.667+0600][50.123s][info][gc,heap     ] GC(40) y: Max Capacity: 1750M(100%)
[2026-04-03T02:39:18.667+0600][50.123s][info][gc,heap     ] GC(40) y: Soft Max Capacity: 1750M(100%)
[2026-04-03T02:39:18.667+0600][50.123s][info][gc,heap     ] GC(40) y: Heap Statistics:
[2026-04-03T02:39:18.667+0600][50.123s][info][gc,heap     ] GC(40) y:                Mark Start          Mark End        Relocate Start      Relocate End           High               Low         
[2026-04-03T02:39:18.667+0600][50.123s][info][gc,heap     ] GC(40) y:  Capacity:     1750M (100%)       1750M (100%)       1750M (100%)       1750M (100%)       1750M (100%)       1750M (100%)   
[2026-04-03T02:39:18.667+0600][50.123s][info][gc,heap     ] GC(40) y:      Free:      178M (10%)           4M (0%)          984M (56%)        1200M (69%)        1210M (69%)           4M (0%)     
[2026-04-03T02:39:18.667+0600][50.123s][info][gc,heap     ] GC(40) y:      Used:     1572M (90%)        1746M (100%)        766M (44%)         550M (31%)        1746M (100%)        540M (31%)    
[2026-04-03T02:39:18.667+0600][50.123s][info][gc,heap     ] GC(40) y: Young Generation Statistics:
[2026-04-03T02:39:18.667+0600][50.123s][info][gc,heap     ] GC(40) y:                Mark Start          Mark End        Relocate Start      Relocate End    
[2026-04-03T02:39:18.667+0600][50.123s][info][gc,heap     ] GC(40) y:      Used:     1360M (78%)        1534M (88%)         554M (32%)         338M (19%)    
[2026-04-03T02:39:18.667+0600][50.123s][info][gc,heap     ] GC(40) y:      Live:         -                35M (2%)           35M (2%)           35M (2%)     
[2026-04-03T02:39:18.667+0600][50.123s][info][gc,heap     ] GC(40) y:   Garbage:         -              1324M (76%)         292M (17%)           0M (0%)     
[2026-04-03T02:39:18.667+0600][50.123s][info][gc,heap     ] GC(40) y: Allocated:         -               174M (10%)         226M (13%)         301M (17%)    
[2026-04-03T02:39:18.667+0600][50.123s][info][gc,heap     ] GC(40) y: Reclaimed:         -                  -              1032M (59%)        1323M (76%)    
[2026-04-03T02:39:18.667+0600][50.123s][info][gc,heap     ] GC(40) y:  Promoted:         -                  -                 0M (0%)            0M (0%)     
[2026-04-03T02:39:18.667+0600][50.123s][info][gc,heap     ] GC(40) y: Compacted:         -                  -                  -                 8M (0%)     
[2026-04-03T02:39:18.667+0600][50.123s][info][gc,phases   ] GC(40) y: Young Generation 1572M(90%)->550M(31%) 0.037s
[2026-04-03T02:39:18.667+0600][50.123s][info][gc          ] GC(40) Minor Collection (Allocation Rate) 1572M(90%)->556M(32%) 0.038s
[2026-04-03T02:39:19.247+0600][50.703s][info][gc          ] GC(41) Minor Collection (Allocation Rate)
[2026-04-03T02:39:19.248+0600][50.703s][info][gc,task     ] GC(41) Using 2 Workers for Young Generation
[2026-04-03T02:39:19.248+0600][50.703s][info][gc,phases   ] GC(41) y: Young Generation
[2026-04-03T02:39:19.248+0600][50.703s][info][gc,phases   ] GC(41) y: Pause Mark Start 0.025ms
[2026-04-03T02:39:19.290+0600][50.745s][info][gc,phases   ] GC(41) y: Concurrent Mark 41.659ms
[2026-04-03T02:39:19.290+0600][50.745s][info][gc,phases   ] GC(41) y: Pause Mark End 0.027ms
[2026-04-03T02:39:19.290+0600][50.746s][info][gc,phases   ] GC(41) y: Concurrent Mark Free 0.003ms
[2026-04-03T02:39:19.290+0600][50.746s][info][gc,phases   ] GC(41) y: Concurrent Reset Relocation Set 0.023ms
[2026-04-03T02:39:19.292+0600][50.748s][info][gc,reloc    ] GC(41) y: Using tenuring threshold: 5 (Computed)
[2026-04-03T02:39:19.293+0600][50.748s][info][gc,phases   ] GC(41) y: Concurrent Select Relocation Set 2.607ms
[2026-04-03T02:39:19.293+0600][50.748s][info][gc,phases   ] GC(41) y: Pause Relocate Start 0.015ms
[2026-04-03T02:39:19.301+0600][50.756s][info][gc,phases   ] GC(41) y: Concurrent Relocate 7.687ms
[2026-04-03T02:39:19.301+0600][50.756s][info][gc,alloc    ] GC(41) y:                         Mark Start        Mark End      Relocate Start    Relocate End   
[2026-04-03T02:39:19.301+0600][50.756s][info][gc,alloc    ] GC(41) y: Allocation Stalls:          0                0                0                0         
[2026-04-03T02:39:19.301+0600][50.756s][info][gc,load     ] GC(41) y: Load: 5.54 (46%) / 5.36 (45%) / 5.63 (47%)
[2026-04-03T02:39:19.301+0600][50.756s][info][gc,mmu      ] GC(41) y: MMU: 2ms/96.1%, 5ms/98.4%, 10ms/99.1%, 20ms/99.6%, 50ms/99.7%, 100ms/99.9%
[2026-04-03T02:39:19.301+0600][50.756s][info][gc,marking  ] GC(41) y: Mark: 2 stripe(s), 2 proactive flush(es), 1 terminate flush(es), 0 completion(s), 0 continuation(s) 
[2026-04-03T02:39:19.301+0600][50.756s][info][gc,marking  ] GC(41) y: Mark Stack Usage: 32M
[2026-04-03T02:39:19.301+0600][50.756s][info][gc,nmethod  ] GC(41) y: NMethods: 14278 registered, 2361 unregistered
[2026-04-03T02:39:19.301+0600][50.756s][info][gc,metaspace] GC(41) y: Metaspace: 127M used, 129M committed, 1152M reserved
[2026-04-03T02:39:19.301+0600][50.756s][info][gc,reloc    ] GC(41) y:                        Candidates     Selected     In-Place         Size        Empty    Relocated 
[2026-04-03T02:39:19.301+0600][50.756s][info][gc,reloc    ] GC(41) y: Small Pages:                  213          169            0         426M          72M           6M 
[2026-04-03T02:39:19.301+0600][50.756s][info][gc,reloc    ] GC(41) y: Medium Pages:                   2            0            0          64M          64M           0M 
[2026-04-03T02:39:19.301+0600][50.756s][info][gc,reloc    ] GC(41) y: Large Pages:                   51            0            0         306M         306M           0M 
[2026-04-03T02:39:19.301+0600][50.756s][info][gc,reloc    ] GC(41) y: Forwarding Usage: 1M
[2026-04-03T02:39:19.301+0600][50.756s][info][gc,reloc    ] GC(41) y: Age Table:
[2026-04-03T02:39:19.301+0600][50.756s][info][gc,reloc    ] GC(41) y:                    Live             Garbage             Small              Medium             Large        
[2026-04-03T02:39:19.301+0600][50.756s][info][gc,reloc    ] GC(41) y: Eden               4M (0%)          731M (42%)        195 / 159            2 / 0             47 / 0        
[2026-04-03T02:39:19.301+0600][50.756s][info][gc,reloc    ] GC(41) y: Survivor 1         3M (0%)           38M (2%)           9 / 4              0 / 0              4 / 0        
[2026-04-03T02:39:19.301+0600][50.757s][info][gc,reloc    ] GC(41) y: Survivor 2         1M (0%)            6M (0%)           4 / 3              0 / 0              0 / 0        
[2026-04-03T02:39:19.301+0600][50.757s][info][gc,reloc    ] GC(41) y: Survivor 3         1M (0%)            2M (0%)           2 / 1              0 / 0              0 / 0        
[2026-04-03T02:39:19.301+0600][50.757s][info][gc,reloc    ] GC(41) y: Survivor 4         0M (0%)            5M (0%)           3 / 2              0 / 0              0 / 0        
[2026-04-03T02:39:19.301+0600][50.757s][info][gc,heap     ] GC(41) y: Min Capacity: 8M(0%)
[2026-04-03T02:39:19.301+0600][50.757s][info][gc,heap     ] GC(41) y: Max Capacity: 1750M(100%)
[2026-04-03T02:39:19.301+0600][50.757s][info][gc,heap     ] GC(41) y: Soft Max Capacity: 1750M(100%)
[2026-04-03T02:39:19.301+0600][50.757s][info][gc,heap     ] GC(41) y: Heap Statistics:
[2026-04-03T02:39:19.301+0600][50.757s][info][gc,heap     ] GC(41) y:                Mark Start          Mark End        Relocate Start      Relocate End           High               Low         
[2026-04-03T02:39:19.301+0600][50.757s][info][gc,heap     ] GC(41) y:  Capacity:     1750M (100%)       1750M (100%)       1750M (100%)       1750M (100%)       1750M (100%)       1750M (100%)   
[2026-04-03T02:39:19.301+0600][50.757s][info][gc,heap     ] GC(41) y:      Free:      742M (42%)         690M (39%)        1130M (65%)        1448M (83%)        1450M (83%)         690M (39%)    
[2026-04-03T02:39:19.301+0600][50.757s][info][gc,heap     ] GC(41) y:      Used:     1008M (58%)        1060M (61%)         620M (35%)         302M (17%)        1060M (61%)         300M (17%)    
[2026-04-03T02:39:19.301+0600][50.757s][info][gc,heap     ] GC(41) y: Young Generation Statistics:
[2026-04-03T02:39:19.301+0600][50.757s][info][gc,heap     ] GC(41) y:                Mark Start          Mark End        Relocate Start      Relocate End    
[2026-04-03T02:39:19.301+0600][50.757s][info][gc,heap     ] GC(41) y:      Used:      796M (45%)         848M (48%)         408M (23%)          90M (5%)     
[2026-04-03T02:39:19.301+0600][50.757s][info][gc,heap     ] GC(41) y:      Live:         -                12M (1%)           12M (1%)           12M (1%)     
[2026-04-03T02:39:19.301+0600][50.757s][info][gc,heap     ] GC(41) y:   Garbage:         -               783M (45%)         341M (19%)           1M (0%)     
[2026-04-03T02:39:19.301+0600][50.757s][info][gc,heap     ] GC(41) y: Allocated:         -                52M (3%)           54M (3%)           75M (4%)     
[2026-04-03T02:39:19.301+0600][50.757s][info][gc,heap     ] GC(41) y: Reclaimed:         -                  -               442M (25%)         781M (45%)    
[2026-04-03T02:39:19.301+0600][50.757s][info][gc,heap     ] GC(41) y:  Promoted:         -                  -                 0M (0%)            0M (0%)     
[2026-04-03T02:39:19.301+0600][50.757s][info][gc,heap     ] GC(41) y: Compacted:         -                  -                  -                 8M (0%)     
[2026-04-03T02:39:19.301+0600][50.757s][info][gc,phases   ] GC(41) y: Young Generation 1008M(58%)->302M(17%) 0.053s
[2026-04-03T02:39:19.301+0600][50.757s][info][gc          ] GC(41) Minor Collection (Allocation Rate) 1008M(58%)->302M(17%) 0.054s
[2026-04-03T02:39:19.965+0600][51.421s][info][gc          ] GC(42) Minor Collection (Allocation Rate)
[2026-04-03T02:39:19.965+0600][51.421s][info][gc,task     ] GC(42) Using 1 Workers for Young Generation
[2026-04-03T02:39:19.965+0600][51.421s][info][gc,phases   ] GC(42) y: Young Generation
[2026-04-03T02:39:19.965+0600][51.421s][info][gc,phases   ] GC(42) y: Pause Mark Start 0.020ms
[2026-04-03T02:39:20.028+0600][51.484s][info][gc,phases   ] GC(42) y: Concurrent Mark 63.061ms
[2026-04-03T02:39:20.029+0600][51.484s][info][gc,phases   ] GC(42) y: Pause Mark End 0.024ms
[2026-04-03T02:39:20.029+0600][51.484s][info][gc,phases   ] GC(42) y: Concurrent Mark Free 0.002ms
[2026-04-03T02:39:20.029+0600][51.484s][info][gc,phases   ] GC(42) y: Concurrent Reset Relocation Set 0.020ms
[2026-04-03T02:39:20.035+0600][51.490s][info][gc,reloc    ] GC(42) y: Using tenuring threshold: 6 (Computed)
[2026-04-03T02:39:20.036+0600][51.491s][info][gc,phases   ] GC(42) y: Concurrent Select Relocation Set 6.608ms
[2026-04-03T02:39:20.036+0600][51.491s][info][gc,phases   ] GC(42) y: Pause Relocate Start 0.012ms
[2026-04-03T02:39:20.044+0600][51.500s][info][gc,phases   ] GC(42) y: Concurrent Relocate 8.161ms
[2026-04-03T02:39:20.044+0600][51.500s][info][gc,alloc    ] GC(42) y:                         Mark Start        Mark End      Relocate Start    Relocate End   
[2026-04-03T02:39:20.044+0600][51.500s][info][gc,alloc    ] GC(42) y: Allocation Stalls:          0                0                0                0         
[2026-04-03T02:39:20.044+0600][51.500s][info][gc,load     ] GC(42) y: Load: 5.74 (48%) / 5.40 (45%) / 5.64 (47%)
[2026-04-03T02:39:20.044+0600][51.500s][info][gc,mmu      ] GC(42) y: MMU: 2ms/96.1%, 5ms/98.4%, 10ms/99.1%, 20ms/99.6%, 50ms/99.7%, 100ms/99.9%
[2026-04-03T02:39:20.044+0600][51.500s][info][gc,marking  ] GC(42) y: Mark: 1 stripe(s), 2 proactive flush(es), 1 terminate flush(es), 0 completion(s), 0 continuation(s) 
[2026-04-03T02:39:20.044+0600][51.500s][info][gc,marking  ] GC(42) y: Mark Stack Usage: 32M
[2026-04-03T02:39:20.044+0600][51.500s][info][gc,nmethod  ] GC(42) y: NMethods: 14299 registered, 2361 unregistered
[2026-04-03T02:39:20.044+0600][51.500s][info][gc,metaspace] GC(42) y: Metaspace: 127M used, 129M committed, 1152M reserved
[2026-04-03T02:39:20.044+0600][51.500s][info][gc,reloc    ] GC(42) y:                        Candidates     Selected     In-Place         Size        Empty    Relocated 
[2026-04-03T02:39:20.044+0600][51.500s][info][gc,reloc    ] GC(42) y: Small Pages:                  222          114            0         444M         200M           4M 
[2026-04-03T02:39:20.044+0600][51.500s][info][gc,reloc    ] GC(42) y: Medium Pages:                   4            0            0         128M          96M           0M 
[2026-04-03T02:39:20.044+0600][51.500s][info][gc,reloc    ] GC(42) y: Large Pages:                   11            0            0          66M          66M           0M 
[2026-04-03T02:39:20.044+0600][51.500s][info][gc,reloc    ] GC(42) y: Forwarding Usage: 1M
[2026-04-03T02:39:20.044+0600][51.500s][info][gc,reloc    ] GC(42) y: Age Table:
[2026-04-03T02:39:20.044+0600][51.500s][info][gc,reloc    ] GC(42) y:                    Live             Garbage             Small              Medium             Large        
[2026-04-03T02:39:20.044+0600][51.500s][info][gc,reloc    ] GC(42) y: Eden               2M (0%)          601M (34%)        205 / 104            4 / 0             11 / 0        
[2026-04-03T02:39:20.044+0600][51.500s][info][gc,reloc    ] GC(42) y: Survivor 1         2M (0%)           11M (1%)           7 / 4              0 / 0              0 / 0        
[2026-04-03T02:39:20.044+0600][51.500s][info][gc,reloc    ] GC(42) y: Survivor 2         3M (0%)            2M (0%)           3 / 1              0 / 0              0 / 0        
[2026-04-03T02:39:20.044+0600][51.500s][info][gc,reloc    ] GC(42) y: Survivor 3         1M (0%)            4M (0%)           3 / 2              0 / 0              0 / 0        
[2026-04-03T02:39:20.044+0600][51.500s][info][gc,reloc    ] GC(42) y: Survivor 4         1M (0%)            2M (0%)           2 / 1              0 / 0              0 / 0        
[2026-04-03T02:39:20.044+0600][51.500s][info][gc,reloc    ] GC(42) y: Survivor 5         0M (0%)            3M (0%)           2 / 2              0 / 0              0 / 0        
[2026-04-03T02:39:20.044+0600][51.500s][info][gc,heap     ] GC(42) y: Min Capacity: 8M(0%)
[2026-04-03T02:39:20.044+0600][51.500s][info][gc,heap     ] GC(42) y: Max Capacity: 1750M(100%)
[2026-04-03T02:39:20.044+0600][51.500s][info][gc,heap     ] GC(42) y: Soft Max Capacity: 1750M(100%)
[2026-04-03T02:39:20.044+0600][51.500s][info][gc,heap     ] GC(42) y: Heap Statistics:
[2026-04-03T02:39:20.044+0600][51.500s][info][gc,heap     ] GC(42) y:                Mark Start          Mark End        Relocate Start      Relocate End           High               Low         
[2026-04-03T02:39:20.044+0600][51.500s][info][gc,heap     ] GC(42) y:  Capacity:     1750M (100%)       1750M (100%)       1750M (100%)       1750M (100%)       1750M (100%)       1750M (100%)   
[2026-04-03T02:39:20.044+0600][51.500s][info][gc,heap     ] GC(42) y:      Free:      900M (51%)         826M (47%)        1186M (68%)        1388M (79%)        1396M (80%)         824M (47%)    
[2026-04-03T02:39:20.044+0600][51.500s][info][gc,heap     ] GC(42) y:      Used:      850M (49%)         924M (53%)         564M (32%)         362M (21%)         926M (53%)         354M (20%)    
[2026-04-03T02:39:20.044+0600][51.500s][info][gc,heap     ] GC(42) y: Young Generation Statistics:
[2026-04-03T02:39:20.044+0600][51.500s][info][gc,heap     ] GC(42) y:                Mark Start          Mark End        Relocate Start      Relocate End    
[2026-04-03T02:39:20.044+0600][51.500s][info][gc,heap     ] GC(42) y:      Used:      638M (36%)         712M (41%)         352M (20%)         150M (9%)     
[2026-04-03T02:39:20.044+0600][51.500s][info][gc,heap     ] GC(42) y:      Live:         -                13M (1%)           13M (1%)           13M (1%)     
[2026-04-03T02:39:20.044+0600][51.500s][info][gc,heap     ] GC(42) y:   Garbage:         -               624M (36%)         262M (15%)          33M (2%)     
[2026-04-03T02:39:20.044+0600][51.500s][info][gc,heap     ] GC(42) y: Allocated:         -                74M (4%)           76M (4%)          103M (6%)     
[2026-04-03T02:39:20.044+0600][51.500s][info][gc,heap     ] GC(42) y: Reclaimed:         -                  -               362M (21%)         591M (34%)    
[2026-04-03T02:39:20.044+0600][51.500s][info][gc,heap     ] GC(42) y:  Promoted:         -                  -                 0M (0%)            0M (0%)     
[2026-04-03T02:39:20.044+0600][51.500s][info][gc,heap     ] GC(42) y: Compacted:         -                  -                  -                 6M (0%)     
[2026-04-03T02:39:20.044+0600][51.500s][info][gc,phases   ] GC(42) y: Young Generation 850M(49%)->362M(21%) 0.079s
[2026-04-03T02:39:20.045+0600][51.500s][info][gc          ] GC(42) Minor Collection (Allocation Rate) 850M(49%)->362M(21%) 0.079s
[2026-04-03T02:39:20.676+0600][52.131s][info][gc          ] GC(43) Minor Collection (Allocation Rate)
[2026-04-03T02:39:20.676+0600][52.131s][info][gc,task     ] GC(43) Using 1 Workers for Young Generation
[2026-04-03T02:39:20.676+0600][52.131s][info][gc,phases   ] GC(43) y: Young Generation
[2026-04-03T02:39:20.676+0600][52.131s][info][gc,phases   ] GC(43) y: Pause Mark Start 0.023ms
[2026-04-03T02:39:20.759+0600][52.215s][info][gc,phases   ] GC(43) y: Concurrent Mark 82.966ms
[2026-04-03T02:39:20.759+0600][52.215s][info][gc,phases   ] GC(43) y: Pause Mark End 0.026ms
[2026-04-03T02:39:20.759+0600][52.215s][info][gc,phases   ] GC(43) y: Concurrent Mark Free 0.001ms
[2026-04-03T02:39:20.759+0600][52.215s][info][gc,phases   ] GC(43) y: Concurrent Reset Relocation Set 0.017ms
[2026-04-03T02:39:20.763+0600][52.219s][info][gc,reloc    ] GC(43) y: Using tenuring threshold: 3 (Computed)
[2026-04-03T02:39:20.769+0600][52.225s][info][gc,phases   ] GC(43) y: Concurrent Select Relocation Set 9.781ms
[2026-04-03T02:39:20.770+0600][52.225s][info][gc,phases   ] GC(43) y: Pause Relocate Start 0.024ms
[2026-04-03T02:39:20.795+0600][52.250s][info][gc,phases   ] GC(43) y: Concurrent Relocate 24.967ms
[2026-04-03T02:39:20.795+0600][52.250s][info][gc,alloc    ] GC(43) y:                         Mark Start        Mark End      Relocate Start    Relocate End   
[2026-04-03T02:39:20.795+0600][52.250s][info][gc,alloc    ] GC(43) y: Allocation Stalls:          0                0                0                0         
[2026-04-03T02:39:20.795+0600][52.250s][info][gc,load     ] GC(43) y: Load: 5.74 (48%) / 5.40 (45%) / 5.64 (47%)
[2026-04-03T02:39:20.795+0600][52.250s][info][gc,mmu      ] GC(43) y: MMU: 2ms/96.1%, 5ms/98.4%, 10ms/99.1%, 20ms/99.6%, 50ms/99.7%, 100ms/99.9%
[2026-04-03T02:39:20.795+0600][52.251s][info][gc,marking  ] GC(43) y: Mark: 1 stripe(s), 2 proactive flush(es), 1 terminate flush(es), 0 completion(s), 0 continuation(s) 
[2026-04-03T02:39:20.795+0600][52.251s][info][gc,marking  ] GC(43) y: Mark Stack Usage: 32M
[2026-04-03T02:39:20.795+0600][52.251s][info][gc,nmethod  ] GC(43) y: NMethods: 14348 registered, 2361 unregistered
[2026-04-03T02:39:20.795+0600][52.251s][info][gc,metaspace] GC(43) y: Metaspace: 127M used, 129M committed, 1152M reserved
[2026-04-03T02:39:20.795+0600][52.251s][info][gc,reloc    ] GC(43) y:                        Candidates     Selected     In-Place         Size        Empty    Relocated 
[2026-04-03T02:39:20.795+0600][52.251s][info][gc,reloc    ] GC(43) y: Small Pages:                  238          164            0         476M         128M           6M 
[2026-04-03T02:39:20.795+0600][52.251s][info][gc,reloc    ] GC(43) y: Medium Pages:                   4            0            0         128M         128M           0M 
[2026-04-03T02:39:20.795+0600][52.251s][info][gc,reloc    ] GC(43) y: Large Pages:                   13            0            0          78M          78M           0M 
[2026-04-03T02:39:20.795+0600][52.251s][info][gc,reloc    ] GC(43) y: Forwarding Usage: 2M
[2026-04-03T02:39:20.795+0600][52.251s][info][gc,reloc    ] GC(43) y: Age Table:
[2026-04-03T02:39:20.795+0600][52.251s][info][gc,reloc    ] GC(43) y:                    Live             Garbage             Small              Medium             Large        
[2026-04-03T02:39:20.795+0600][52.251s][info][gc,reloc    ] GC(43) y: Eden               4M (0%)          607M (35%)        219 / 152            3 / 0             13 / 0        
[2026-04-03T02:39:20.795+0600][52.251s][info][gc,reloc    ] GC(43) y: Survivor 1         1M (0%)           32M (2%)           1 / 0              1 / 0              0 / 0        
[2026-04-03T02:39:20.795+0600][52.251s][info][gc,reloc    ] GC(43) y: Survivor 2         2M (0%)           13M (1%)           8 / 7              0 / 0              0 / 0        
[2026-04-03T02:39:20.795+0600][52.251s][info][gc,reloc    ] GC(43) y: Survivor 3         3M (0%)            4M (0%)           4 / 2              0 / 0              0 / 0        
[2026-04-03T02:39:20.795+0600][52.251s][info][gc,reloc    ] GC(43) y: Survivor 4         1M (0%)            2M (0%)           2 / 0              0 / 0              0 / 0        
[2026-04-03T02:39:20.795+0600][52.251s][info][gc,reloc    ] GC(43) y: Survivor 5         1M (0%)            4M (0%)           3 / 2              0 / 0              0 / 0        
[2026-04-03T02:39:20.795+0600][52.251s][info][gc,reloc    ] GC(43) y: Survivor 6         0M (0%)            1M (0%)           1 / 1              0 / 0              0 / 0        
[2026-04-03T02:39:20.795+0600][52.251s][info][gc,heap     ] GC(43) y: Min Capacity: 8M(0%)
[2026-04-03T02:39:20.795+0600][52.251s][info][gc,heap     ] GC(43) y: Max Capacity: 1750M(100%)
[2026-04-03T02:39:20.795+0600][52.251s][info][gc,heap     ] GC(43) y: Soft Max Capacity: 1750M(100%)
[2026-04-03T02:39:20.795+0600][52.251s][info][gc,heap     ] GC(43) y: Heap Statistics:
[2026-04-03T02:39:20.795+0600][52.251s][info][gc,heap     ] GC(43) y:                Mark Start          Mark End        Relocate Start      Relocate End           High               Low         
[2026-04-03T02:39:20.795+0600][52.251s][info][gc,heap     ] GC(43) y:  Capacity:     1750M (100%)       1750M (100%)       1750M (100%)       1750M (100%)       1750M (100%)       1750M (100%)   
[2026-04-03T02:39:20.795+0600][52.251s][info][gc,heap     ] GC(43) y:      Free:      856M (49%)         702M (40%)        1018M (58%)        1296M (74%)        1318M (75%)         702M (40%)    
[2026-04-03T02:39:20.795+0600][52.251s][info][gc,heap     ] GC(43) y:      Used:      894M (51%)        1048M (60%)         732M (42%)         454M (26%)        1048M (60%)         432M (25%)    
[2026-04-03T02:39:20.795+0600][52.251s][info][gc,heap     ] GC(43) y: Young Generation Statistics:
[2026-04-03T02:39:20.795+0600][52.251s][info][gc,heap     ] GC(43) y:                Mark Start          Mark End        Relocate Start      Relocate End    
[2026-04-03T02:39:20.795+0600][52.251s][info][gc,heap     ] GC(43) y:      Used:      682M (39%)         836M (48%)         512M (29%)         230M (13%)    
[2026-04-03T02:39:20.796+0600][52.251s][info][gc,heap     ] GC(43) y:      Live:         -                16M (1%)           10M (1%)            7M (0%)     
[2026-04-03T02:39:20.796+0600][52.251s][info][gc,heap     ] GC(43) y:   Garbage:         -               665M (38%)         329M (19%)           0M (0%)     
[2026-04-03T02:39:20.796+0600][52.251s][info][gc,heap     ] GC(43) y: Allocated:         -               154M (9%)          172M (10%)         222M (13%)    
[2026-04-03T02:39:20.796+0600][52.251s][info][gc,heap     ] GC(43) y: Reclaimed:         -                  -               336M (19%)         665M (38%)    
[2026-04-03T02:39:20.796+0600][52.251s][info][gc,heap     ] GC(43) y:  Promoted:         -                  -                 5M (0%)            8M (0%)     
[2026-04-03T02:39:20.796+0600][52.251s][info][gc,heap     ] GC(43) y: Compacted:         -                  -                  -                 5M (0%)     
[2026-04-03T02:39:20.796+0600][52.251s][info][gc,phases   ] GC(43) y: Young Generation 892M(51%)->454M(26%) 0.119s
[2026-04-03T02:39:20.796+0600][52.251s][info][gc          ] GC(43) Minor Collection (Allocation Rate) 892M(51%)->454M(26%) 0.120s
[2026-04-03T02:39:21.447+0600][52.902s][info][gc          ] GC(44) Minor Collection (Allocation Rate)
[2026-04-03T02:39:21.447+0600][52.902s][info][gc,task     ] GC(44) Using 1 Workers for Young Generation
[2026-04-03T02:39:21.447+0600][52.902s][info][gc,phases   ] GC(44) y: Young Generation
[2026-04-03T02:39:21.447+0600][52.902s][info][gc,phases   ] GC(44) y: Pause Mark Start 0.017ms
[2026-04-03T02:39:21.509+0600][52.965s][info][gc,phases   ] GC(44) y: Concurrent Mark 61.999ms
[2026-04-03T02:39:21.510+0600][52.965s][info][gc,phases   ] GC(44) y: Pause Mark End 0.033ms
[2026-04-03T02:39:21.510+0600][52.965s][info][gc,phases   ] GC(44) y: Concurrent Mark Free 0.002ms
[2026-04-03T02:39:21.510+0600][52.965s][info][gc,phases   ] GC(44) y: Concurrent Reset Relocation Set 0.034ms
[2026-04-03T02:39:21.516+0600][52.972s][info][gc,reloc    ] GC(44) y: Using tenuring threshold: 4 (Computed)
[2026-04-03T02:39:21.517+0600][52.972s][info][gc,phases   ] GC(44) y: Concurrent Select Relocation Set 7.177ms
[2026-04-03T02:39:21.517+0600][52.973s][info][gc,phases   ] GC(44) y: Pause Relocate Start 0.022ms
[2026-04-03T02:39:21.528+0600][52.983s][info][gc,phases   ] GC(44) y: Concurrent Relocate 10.166ms
[2026-04-03T02:39:21.528+0600][52.983s][info][gc,alloc    ] GC(44) y:                         Mark Start        Mark End      Relocate Start    Relocate End   
[2026-04-03T02:39:21.528+0600][52.983s][info][gc,alloc    ] GC(44) y: Allocation Stalls:          0                0                0                0         
[2026-04-03T02:39:21.528+0600][52.983s][info][gc,load     ] GC(44) y: Load: 5.74 (48%) / 5.40 (45%) / 5.64 (47%)
[2026-04-03T02:39:21.528+0600][52.983s][info][gc,mmu      ] GC(44) y: MMU: 2ms/96.1%, 5ms/98.4%, 10ms/99.1%, 20ms/99.6%, 50ms/99.7%, 100ms/99.9%
[2026-04-03T02:39:21.528+0600][52.983s][info][gc,marking  ] GC(44) y: Mark: 1 stripe(s), 2 proactive flush(es), 1 terminate flush(es), 0 completion(s), 0 continuation(s) 
[2026-04-03T02:39:21.528+0600][52.983s][info][gc,marking  ] GC(44) y: Mark Stack Usage: 32M
[2026-04-03T02:39:21.528+0600][52.983s][info][gc,nmethod  ] GC(44) y: NMethods: 14463 registered, 2361 unregistered
[2026-04-03T02:39:21.528+0600][52.983s][info][gc,metaspace] GC(44) y: Metaspace: 128M used, 129M committed, 1152M reserved
[2026-04-03T02:39:21.528+0600][52.983s][info][gc,reloc    ] GC(44) y:                        Candidates     Selected     In-Place         Size        Empty    Relocated 
[2026-04-03T02:39:21.528+0600][52.983s][info][gc,reloc    ] GC(44) y: Small Pages:                  409          103            0         818M         600M           4M 
[2026-04-03T02:39:21.528+0600][52.983s][info][gc,reloc    ] GC(44) y: Medium Pages:                   3            0            0          96M          96M           0M 
[2026-04-03T02:39:21.528+0600][52.983s][info][gc,reloc    ] GC(44) y: Large Pages:                   13            0            0          78M          78M           0M 
[2026-04-03T02:39:21.528+0600][52.983s][info][gc,reloc    ] GC(44) y: Forwarding Usage: 2M
[2026-04-03T02:39:21.528+0600][52.983s][info][gc,reloc    ] GC(44) y: Age Table:
[2026-04-03T02:39:21.528+0600][52.983s][info][gc,reloc    ] GC(44) y:                    Live             Garbage             Small              Medium             Large        
[2026-04-03T02:39:21.528+0600][52.983s][info][gc,reloc    ] GC(44) y: Eden               3M (0%)          972M (56%)        401 / 98             3 / 0             13 / 0        
[2026-04-03T02:39:21.528+0600][52.983s][info][gc,reloc    ] GC(44) y: Survivor 1         2M (0%)            7M (0%)           5 / 3              0 / 0              0 / 0        
[2026-04-03T02:39:21.528+0600][52.983s][info][gc,reloc    ] GC(44) y: Survivor 2         1M (0%)            0M (0%)           1 / 1              0 / 0              0 / 0        
[2026-04-03T02:39:21.528+0600][52.983s][info][gc,reloc    ] GC(44) y: Survivor 3         2M (0%)            1M (0%)           2 / 1              0 / 0              0 / 0        
[2026-04-03T02:39:21.528+0600][52.983s][info][gc,heap     ] GC(44) y: Min Capacity: 8M(0%)
[2026-04-03T02:39:21.528+0600][52.983s][info][gc,heap     ] GC(44) y: Max Capacity: 1750M(100%)
[2026-04-03T02:39:21.528+0600][52.983s][info][gc,heap     ] GC(44) y: Soft Max Capacity: 1750M(100%)
[2026-04-03T02:39:21.528+0600][52.983s][info][gc,heap     ] GC(44) y: Heap Statistics:
[2026-04-03T02:39:21.528+0600][52.983s][info][gc,heap     ] GC(44) y:                Mark Start          Mark End        Relocate Start      Relocate End           High               Low         
[2026-04-03T02:39:21.528+0600][52.983s][info][gc,heap     ] GC(44) y:  Capacity:     1750M (100%)       1750M (100%)       1750M (100%)       1750M (100%)       1750M (100%)       1750M (100%)   
[2026-04-03T02:39:21.528+0600][52.983s][info][gc,heap     ] GC(44) y:      Free:      534M (31%)         416M (24%)        1178M (67%)        1354M (77%)        1354M (77%)         416M (24%)    
[2026-04-03T02:39:21.528+0600][52.983s][info][gc,heap     ] GC(44) y:      Used:     1216M (69%)        1334M (76%)         572M (33%)         396M (23%)        1334M (76%)         396M (23%)    
[2026-04-03T02:39:21.528+0600][52.983s][info][gc,heap     ] GC(44) y: Young Generation Statistics:
[2026-04-03T02:39:21.528+0600][52.983s][info][gc,heap     ] GC(44) y:                Mark Start          Mark End        Relocate Start      Relocate End    
[2026-04-03T02:39:21.528+0600][52.983s][info][gc,heap     ] GC(44) y:      Used:      992M (57%)        1110M (63%)         348M (20%)         172M (10%)    
[2026-04-03T02:39:21.528+0600][52.983s][info][gc,heap     ] GC(44) y:      Live:         -                 9M (1%)            9M (1%)            9M (1%)     
[2026-04-03T02:39:21.528+0600][52.984s][info][gc,heap     ] GC(44) y:   Garbage:         -               982M (56%)         208M (12%)           0M (0%)     
[2026-04-03T02:39:21.528+0600][52.984s][info][gc,heap     ] GC(44) y: Allocated:         -               118M (7%)          130M (7%)          161M (9%)     
[2026-04-03T02:39:21.528+0600][52.984s][info][gc,heap     ] GC(44) y: Reclaimed:         -                  -               774M (44%)         981M (56%)    
[2026-04-03T02:39:21.528+0600][52.984s][info][gc,heap     ] GC(44) y:  Promoted:         -                  -                 0M (0%)            0M (0%)     
[2026-04-03T02:39:21.528+0600][52.984s][info][gc,heap     ] GC(44) y: Compacted:         -                  -                  -                 6M (0%)     
[2026-04-03T02:39:21.528+0600][52.984s][info][gc,phases   ] GC(44) y: Young Generation 1216M(69%)->396M(23%) 0.081s
[2026-04-03T02:39:21.528+0600][52.984s][info][gc          ] GC(44) Minor Collection (Allocation Rate) 1216M(69%)->398M(23%) 0.081s
[2026-04-03T02:39:21.565+0600][53.021s][info][gc          ] GC(45) Major Collection (System.gc())
[2026-04-03T02:39:21.565+0600][53.021s][info][gc,task     ] GC(45) Using 3 Workers for Young Generation
[2026-04-03T02:39:21.565+0600][53.021s][info][gc,task     ] GC(45) Using 3 Workers for Old Generation
[2026-04-03T02:39:21.565+0600][53.021s][info][gc,phases   ] GC(45) Y: Young Generation (Promote All)
[2026-04-03T02:39:21.566+0600][53.021s][info][gc,phases   ] GC(45) Y: Pause Mark Start 0.022ms
[2026-04-03T02:39:21.588+0600][53.043s][info][gc,phases   ] GC(45) Y: Concurrent Mark 21.998ms
[2026-04-03T02:39:21.588+0600][53.044s][info][gc,phases   ] GC(45) Y: Pause Mark End 0.024ms
[2026-04-03T02:39:21.588+0600][53.044s][info][gc,phases   ] GC(45) Y: Concurrent Mark Free 0.006ms
[2026-04-03T02:39:21.588+0600][53.044s][info][gc,phases   ] GC(45) Y: Concurrent Reset Relocation Set 0.016ms
[2026-04-03T02:39:21.592+0600][53.048s][info][gc,reloc    ] GC(45) Y: Using tenuring threshold: 0 (Promote All)
[2026-04-03T02:39:21.595+0600][53.050s][info][gc,phases   ] GC(45) Y: Concurrent Select Relocation Set 6.512ms
[2026-04-03T02:39:21.595+0600][53.050s][info][gc,phases   ] GC(45) Y: Pause Relocate Start 0.015ms
[2026-04-03T02:39:21.601+0600][53.056s][info][gc,phases   ] GC(45) Y: Concurrent Relocate 5.954ms
[2026-04-03T02:39:21.601+0600][53.056s][info][gc,alloc    ] GC(45) Y:                         Mark Start        Mark End      Relocate Start    Relocate End   
[2026-04-03T02:39:21.601+0600][53.057s][info][gc,alloc    ] GC(45) Y: Allocation Stalls:          0                0                0                0         
[2026-04-03T02:39:21.601+0600][53.057s][info][gc,load     ] GC(45) Y: Load: 5.74 (48%) / 5.40 (45%) / 5.64 (47%)
[2026-04-03T02:39:21.601+0600][53.057s][info][gc,mmu      ] GC(45) Y: MMU: 2ms/96.1%, 5ms/98.4%, 10ms/99.1%, 20ms/99.6%, 50ms/99.7%, 100ms/99.9%
[2026-04-03T02:39:21.601+0600][53.057s][info][gc,marking  ] GC(45) Y: Mark: 2 stripe(s), 1 proactive flush(es), 1 terminate flush(es), 0 completion(s), 0 continuation(s) 
[2026-04-03T02:39:21.601+0600][53.057s][info][gc,marking  ] GC(45) Y: Mark Stack Usage: 32M
[2026-04-03T02:39:21.601+0600][53.057s][info][gc,nmethod  ] GC(45) Y: NMethods: 14492 registered, 2361 unregistered
[2026-04-03T02:39:21.601+0600][53.057s][info][gc,metaspace] GC(45) Y: Metaspace: 128M used, 129M committed, 1152M reserved
[2026-04-03T02:39:21.601+0600][53.057s][info][gc,reloc    ] GC(45) Y:                        Candidates     Selected     In-Place         Size        Empty    Relocated 
[2026-04-03T02:39:21.601+0600][53.057s][info][gc,reloc    ] GC(45) Y: Small Pages:                   78           39            0         156M          68M           3M 
[2026-04-03T02:39:21.601+0600][53.057s][info][gc,reloc    ] GC(45) Y: Medium Pages:                   1            0            0          32M          32M           0M 
[2026-04-03T02:39:21.601+0600][53.057s][info][gc,reloc    ] GC(45) Y: Large Pages:                    1            0            0           6M           6M           0M 
[2026-04-03T02:39:21.601+0600][53.057s][info][gc,reloc    ] GC(45) Y: Forwarding Usage: 1M
[2026-04-03T02:39:21.601+0600][53.057s][info][gc,reloc    ] GC(45) Y: Age Table:
[2026-04-03T02:39:21.601+0600][53.057s][info][gc,reloc    ] GC(45) Y:                    Live             Garbage             Small              Medium             Large        
[2026-04-03T02:39:21.601+0600][53.057s][info][gc,reloc    ] GC(45) Y: Eden               0M (0%)          161M (9%)          62 / 27             1 / 0              1 / 0        
[2026-04-03T02:39:21.601+0600][53.057s][info][gc,reloc    ] GC(45) Y: Survivor 1         2M (0%)            3M (0%)           3 / 1              0 / 0              0 / 0        
[2026-04-03T02:39:21.601+0600][53.057s][info][gc,reloc    ] GC(45) Y: Survivor 2         2M (0%)           17M (1%)          10 / 10             0 / 0              0 / 0        
[2026-04-03T02:39:21.601+0600][53.057s][info][gc,reloc    ] GC(45) Y: Survivor 3         1M (0%)            0M (0%)           1 / 0              0 / 0              0 / 0        
[2026-04-03T02:39:21.601+0600][53.057s][info][gc,reloc    ] GC(45) Y: Survivor 4         2M (0%)            1M (0%)           2 / 1              0 / 0              0 / 0        
[2026-04-03T02:39:21.601+0600][53.057s][info][gc,heap     ] GC(45) Y: Min Capacity: 8M(0%)
[2026-04-03T02:39:21.601+0600][53.057s][info][gc,heap     ] GC(45) Y: Max Capacity: 1750M(100%)
[2026-04-03T02:39:21.601+0600][53.057s][info][gc,heap     ] GC(45) Y: Soft Max Capacity: 1750M(100%)
[2026-04-03T02:39:21.601+0600][53.057s][info][gc,heap     ] GC(45) Y: Heap Statistics:
[2026-04-03T02:39:21.601+0600][53.057s][info][gc,heap     ] GC(45) Y:                Mark Start          Mark End        Relocate Start      Relocate End           High               Low         
[2026-04-03T02:39:21.601+0600][53.057s][info][gc,heap     ] GC(45) Y:  Capacity:     1750M (100%)       1750M (100%)       1750M (100%)       1750M (100%)       1750M (100%)       1750M (100%)   
[2026-04-03T02:39:21.601+0600][53.057s][info][gc,heap     ] GC(45) Y:      Free:     1332M (76%)        1332M (76%)        1438M (82%)        1514M (87%)        1514M (87%)        1332M (76%)    
[2026-04-03T02:39:21.601+0600][53.057s][info][gc,heap     ] GC(45) Y:      Used:      418M (24%)         418M (24%)         312M (18%)         236M (13%)         418M (24%)         236M (13%)    
[2026-04-03T02:39:21.601+0600][53.057s][info][gc,heap     ] GC(45) Y: Young Generation Statistics:
[2026-04-03T02:39:21.601+0600][53.057s][info][gc,heap     ] GC(45) Y:                Mark Start          Mark End        Relocate Start      Relocate End    
[2026-04-03T02:39:21.601+0600][53.057s][info][gc,heap     ] GC(45) Y:      Used:      194M (11%)         194M (11%)          84M (5%)            0M (0%)     
[2026-04-03T02:39:21.601+0600][53.057s][info][gc,heap     ] GC(45) Y:      Live:         -                 8M (0%)            5M (0%)            0M (0%)     
[2026-04-03T02:39:21.601+0600][53.057s][info][gc,heap     ] GC(45) Y:   Garbage:         -               185M (11%)          78M (5%)            0M (0%)     
[2026-04-03T02:39:21.601+0600][53.057s][info][gc,heap     ] GC(45) Y: Allocated:         -                 0M (0%)            0M (0%)            0M (0%)     
[2026-04-03T02:39:21.601+0600][53.057s][info][gc,heap     ] GC(45) Y: Reclaimed:         -                  -               106M (6%)          185M (11%)    
[2026-04-03T02:39:21.601+0600][53.057s][info][gc,heap     ] GC(45) Y:  Promoted:         -                  -                 3M (0%)            8M (0%)     
[2026-04-03T02:39:21.601+0600][53.057s][info][gc,heap     ] GC(45) Y: Compacted:         -                  -                  -                 0M (0%)     
[2026-04-03T02:39:21.601+0600][53.057s][info][gc,phases   ] GC(45) Y: Young Generation (Promote All) 418M(24%)->236M(13%) 0.036s
[2026-04-03T02:39:21.601+0600][53.057s][info][gc,phases   ] GC(45) Y: Young Generation (Collect Roots)
[2026-04-03T02:39:21.601+0600][53.057s][info][gc,phases   ] GC(45) Y: Pause Mark Start (Major) 0.016ms
[2026-04-03T02:39:21.617+0600][53.072s][info][gc,phases   ] GC(45) Y: Concurrent Mark 15.030ms
[2026-04-03T02:39:21.617+0600][53.072s][info][gc,phases   ] GC(45) Y: Pause Mark End 0.023ms
[2026-04-03T02:39:21.617+0600][53.073s][info][gc,phases   ] GC(45) Y: Concurrent Mark Free 0.283ms
[2026-04-03T02:39:21.617+0600][53.073s][info][gc,phases   ] GC(45) Y: Concurrent Reset Relocation Set 0.011ms
[2026-04-03T02:39:21.619+0600][53.074s][info][gc,reloc    ] GC(45) Y: Using tenuring threshold: 0 (Computed)
[2026-04-03T02:39:21.619+0600][53.074s][info][gc,phases   ] GC(45) Y: Concurrent Select Relocation Set 1.570ms
[2026-04-03T02:39:21.619+0600][53.074s][info][gc,phases   ] GC(45) Y: Pause Relocate Start 0.012ms
[2026-04-03T02:39:21.619+0600][53.075s][info][gc,phases   ] GC(45) Y: Concurrent Relocate 0.149ms
[2026-04-03T02:39:21.619+0600][53.075s][info][gc,alloc    ] GC(45) Y:                         Mark Start        Mark End      Relocate Start    Relocate End   
[2026-04-03T02:39:21.619+0600][53.075s][info][gc,alloc    ] GC(45) Y: Allocation Stalls:          0                0                0                0         
[2026-04-03T02:39:21.619+0600][53.075s][info][gc,load     ] GC(45) Y: Load: 5.74 (48%) / 5.40 (45%) / 5.64 (47%)
[2026-04-03T02:39:21.619+0600][53.075s][info][gc,mmu      ] GC(45) Y: MMU: 2ms/96.1%, 5ms/98.4%, 10ms/99.1%, 20ms/99.6%, 50ms/99.7%, 100ms/99.9%
[2026-04-03T02:39:21.619+0600][53.075s][info][gc,marking  ] GC(45) Y: Mark: 2 stripe(s), 1 proactive flush(es), 1 terminate flush(es), 0 completion(s), 0 continuation(s) 
[2026-04-03T02:39:21.619+0600][53.075s][info][gc,marking  ] GC(45) Y: Mark Stack Usage: 0M
[2026-04-03T02:39:21.619+0600][53.075s][info][gc,nmethod  ] GC(45) Y: NMethods: 14492 registered, 2361 unregistered
[2026-04-03T02:39:21.619+0600][53.075s][info][gc,metaspace] GC(45) Y: Metaspace: 128M used, 129M committed, 1152M reserved
[2026-04-03T02:39:21.619+0600][53.075s][info][gc,heap     ] GC(45) Y: Min Capacity: 8M(0%)
[2026-04-03T02:39:21.619+0600][53.075s][info][gc,heap     ] GC(45) Y: Max Capacity: 1750M(100%)
[2026-04-03T02:39:21.619+0600][53.075s][info][gc,heap     ] GC(45) Y: Soft Max Capacity: 1750M(100%)
[2026-04-03T02:39:21.619+0600][53.075s][info][gc,heap     ] GC(45) Y: Heap Statistics:
[2026-04-03T02:39:21.619+0600][53.075s][info][gc,heap     ] GC(45) Y:                Mark Start          Mark End        Relocate Start      Relocate End           High               Low         
[2026-04-03T02:39:21.619+0600][53.075s][info][gc,heap     ] GC(45) Y:  Capacity:     1750M (100%)       1750M (100%)       1750M (100%)       1750M (100%)       1750M (100%)       1750M (100%)   
[2026-04-03T02:39:21.619+0600][53.075s][info][gc,heap     ] GC(45) Y:      Free:     1514M (87%)        1514M (87%)        1514M (87%)        1514M (87%)        1514M (87%)        1514M (87%)    
[2026-04-03T02:39:21.619+0600][53.075s][info][gc,heap     ] GC(45) Y:      Used:      236M (13%)         236M (13%)         236M (13%)         236M (13%)         236M (13%)         236M (13%)    
[2026-04-03T02:39:21.619+0600][53.075s][info][gc,heap     ] GC(45) Y: Young Generation Statistics:
[2026-04-03T02:39:21.619+0600][53.075s][info][gc,heap     ] GC(45) Y:                Mark Start          Mark End        Relocate Start      Relocate End    
[2026-04-03T02:39:21.619+0600][53.075s][info][gc,heap     ] GC(45) Y:      Used:        0M (0%)            0M (0%)            0M (0%)            0M (0%)     
[2026-04-03T02:39:21.619+0600][53.075s][info][gc,heap     ] GC(45) Y:      Live:         -                 0M (0%)            0M (0%)            0M (0%)     
[2026-04-03T02:39:21.619+0600][53.075s][info][gc,heap     ] GC(45) Y:   Garbage:         -                 0M (0%)            0M (0%)            0M (0%)     
[2026-04-03T02:39:21.619+0600][53.075s][info][gc,heap     ] GC(45) Y: Allocated:         -                 0M (0%)            0M (0%)            0M (0%)     
[2026-04-03T02:39:21.619+0600][53.075s][info][gc,heap     ] GC(45) Y: Reclaimed:         -                  -                 0M (0%)            0M (0%)     
[2026-04-03T02:39:21.619+0600][53.075s][info][gc,heap     ] GC(45) Y:  Promoted:         -                  -                 0M (0%)            0M (0%)     
[2026-04-03T02:39:21.619+0600][53.075s][info][gc,heap     ] GC(45) Y: Compacted:         -                  -                  -                 0M (0%)     
[2026-04-03T02:39:21.619+0600][53.075s][info][gc,phases   ] GC(45) Y: Young Generation (Collect Roots) 236M(13%)->236M(13%) 0.018s
[2026-04-03T02:39:21.619+0600][53.075s][info][gc,phases   ] GC(45) O: Old Generation
[2026-04-03T02:39:21.731+0600][53.187s][info][gc,phases   ] GC(45) O: Concurrent Mark 112.045ms
[2026-04-03T02:39:21.731+0600][53.187s][info][gc,phases   ] GC(45) O: Pause Mark End 0.019ms
[2026-04-03T02:39:21.732+0600][53.187s][info][gc,phases   ] GC(45) O: Concurrent Mark Free 0.001ms
[2026-04-03T02:39:21.763+0600][53.218s][info][gc,phases   ] GC(45) O: Concurrent Process Non-Strong 31.227ms
[2026-04-03T02:39:21.763+0600][53.218s][info][gc,phases   ] GC(45) O: Concurrent Reset Relocation Set 0.007ms
[2026-04-03T02:39:21.765+0600][53.221s][info][gc,phases   ] GC(45) O: Concurrent Select Relocation Set 2.479ms
[2026-04-03T02:39:21.765+0600][53.221s][info][gc,task     ] GC(45) O: Using 3 Workers for Old Generation
[2026-04-03T02:39:21.791+0600][53.247s][info][gc,task     ] GC(45) O: Using 3 Workers for Old Generation
[2026-04-03T02:39:21.791+0600][53.247s][info][gc,phases   ] GC(45) O: Concurrent Remap Roots 26.133ms
[2026-04-03T02:39:21.792+0600][53.247s][info][gc,phases   ] GC(45) O: Pause Relocate Start 0.024ms
[2026-04-03T02:39:21.824+0600][53.280s][info][gc,phases   ] GC(45) O: Concurrent Relocate 32.345ms
[2026-04-03T02:39:21.824+0600][53.280s][info][gc,alloc    ] GC(45) O:                         Mark Start        Mark End      Relocate Start    Relocate End   
[2026-04-03T02:39:21.825+0600][53.280s][info][gc,alloc    ] GC(45) O: Allocation Stalls:          0                0                0                0         
[2026-04-03T02:39:21.825+0600][53.280s][info][gc,load     ] GC(45) O: Load: 5.74 (48%) / 5.40 (45%) / 5.64 (47%)
[2026-04-03T02:39:21.825+0600][53.280s][info][gc,mmu      ] GC(45) O: MMU: 2ms/96.1%, 5ms/98.4%, 10ms/99.1%, 20ms/99.6%, 50ms/99.7%, 100ms/99.9%
[2026-04-03T02:39:21.825+0600][53.280s][info][gc,marking  ] GC(45) O: Mark: 2 stripe(s), 10 proactive flush(es), 1 terminate flush(es), 0 completion(s), 0 continuation(s) 
[2026-04-03T02:39:21.825+0600][53.280s][info][gc,marking  ] GC(45) O: Mark Stack Usage: 32M
[2026-04-03T02:39:21.825+0600][53.280s][info][gc,nmethod  ] GC(45) O: NMethods: 14195 registered, 2684 unregistered
[2026-04-03T02:39:21.825+0600][53.280s][info][gc,metaspace] GC(45) O: Metaspace: 128M used, 129M committed, 1152M reserved
[2026-04-03T02:39:21.825+0600][53.280s][info][gc,ref      ] GC(45) O:                       Encountered   Discovered     Enqueued 
[2026-04-03T02:39:21.825+0600][53.280s][info][gc,ref      ] GC(45) O: Soft References:             6381            0            0 
[2026-04-03T02:39:21.825+0600][53.280s][info][gc,ref      ] GC(45) O: Weak References:            31078        24370        15961 
[2026-04-03T02:39:21.825+0600][53.280s][info][gc,ref      ] GC(45) O: Final References:              84            0            0 
[2026-04-03T02:39:21.825+0600][53.280s][info][gc,ref      ] GC(45) O: Phantom References:           620          464            0 
[2026-04-03T02:39:21.825+0600][53.281s][info][gc,reloc    ] GC(45) O:                        Candidates     Selected     In-Place         Size        Empty    Relocated 
[2026-04-03T02:39:21.825+0600][53.281s][info][gc,reloc    ] GC(45) O: Small Pages:                  102           30            0         204M           2M          16M 
[2026-04-03T02:39:21.825+0600][53.281s][info][gc,reloc    ] GC(45) O: Medium Pages:                   1            0            0          32M           0M           0M 
[2026-04-03T02:39:21.825+0600][53.281s][info][gc,reloc    ] GC(45) O: Large Pages:                    0            0            0           0M           0M           0M 
[2026-04-03T02:39:21.825+0600][53.281s][info][gc,reloc    ] GC(45) O: Forwarding Usage: 9M
[2026-04-03T02:39:21.825+0600][53.281s][info][gc,heap     ] GC(45) O: Min Capacity: 8M(0%)
[2026-04-03T02:39:21.825+0600][53.281s][info][gc,heap     ] GC(45) O: Max Capacity: 1750M(100%)
[2026-04-03T02:39:21.825+0600][53.281s][info][gc,heap     ] GC(45) O: Soft Max Capacity: 1750M(100%)
[2026-04-03T02:39:21.825+0600][53.281s][info][gc,heap     ] GC(45) O: Heap Statistics:
[2026-04-03T02:39:21.825+0600][53.281s][info][gc,heap     ] GC(45) O:                Mark Start          Mark End        Relocate Start      Relocate End           High               Low         
[2026-04-03T02:39:21.825+0600][53.281s][info][gc,heap     ] GC(45) O:  Capacity:     1750M (100%)       1750M (100%)       1750M (100%)       1750M (100%)       1750M (100%)       1750M (100%)   
[2026-04-03T02:39:21.825+0600][53.281s][info][gc,heap     ] GC(45) O:      Free:     1514M (87%)        1512M (86%)        1474M (84%)        1502M (86%)        1514M (87%)        1462M (84%)    
[2026-04-03T02:39:21.825+0600][53.281s][info][gc,heap     ] GC(45) O:      Used:      236M (13%)         238M (14%)         276M (16%)         248M (14%)         288M (16%)         236M (13%)    
[2026-04-03T02:39:21.825+0600][53.281s][info][gc,heap     ] GC(45) O: Old Generation Statistics:
[2026-04-03T02:39:21.825+0600][53.281s][info][gc,heap     ] GC(45) O:                Mark Start          Mark End        Relocate Start      Relocate End    
[2026-04-03T02:39:21.825+0600][53.281s][info][gc,heap     ] GC(45) O:      Used:      236M (13%)         236M (13%)         234M (13%)         190M (11%)    
[2026-04-03T02:39:21.825+0600][53.281s][info][gc,heap     ] GC(45) O:      Live:         -               139M (8%)          139M (8%)          139M (8%)     
[2026-04-03T02:39:21.825+0600][53.281s][info][gc,heap     ] GC(45) O:   Garbage:         -                96M (6%)           94M (5%)           28M (2%)     
[2026-04-03T02:39:21.825+0600][53.281s][info][gc,heap     ] GC(45) O: Allocated:         -                 0M (0%)            0M (0%)           22M (1%)     
[2026-04-03T02:39:21.825+0600][53.281s][info][gc,heap     ] GC(45) O: Reclaimed:         -                  -                 2M (0%)           68M (4%)     
[2026-04-03T02:39:21.825+0600][53.281s][info][gc,heap     ] GC(45) O: Compacted:         -                  -                  -                45M (3%)     
[2026-04-03T02:39:21.825+0600][53.281s][info][gc,phases   ] GC(45) O: Old Generation 236M(13%)->248M(14%) 0.205s
[2026-04-03T02:39:21.825+0600][53.281s][info][gc          ] GC(45) Major Collection (System.gc()) 418M(24%)->248M(14%) 0.260s
[2026-04-03T02:39:22.112+0600][53.567s][info][gc          ] GC(46) Minor Collection (Allocation Rate)
[2026-04-03T02:39:22.112+0600][53.567s][info][gc,task     ] GC(46) Using 1 Workers for Young Generation
[2026-04-03T02:39:22.112+0600][53.567s][info][gc,phases   ] GC(46) y: Young Generation
[2026-04-03T02:39:22.112+0600][53.568s][info][gc,phases   ] GC(46) y: Pause Mark Start 0.036ms
[2026-04-03T02:39:22.168+0600][53.623s][info][gc,phases   ] GC(46) y: Concurrent Mark 55.041ms
[2026-04-03T02:39:22.168+0600][53.623s][info][gc,phases   ] GC(46) y: Pause Mark End 0.129ms
[2026-04-03T02:39:22.168+0600][53.624s][info][gc,phases   ] GC(46) y: Concurrent Mark Free 0.003ms
[2026-04-03T02:39:22.168+0600][53.624s][info][gc,phases   ] GC(46) y: Concurrent Reset Relocation Set 0.001ms
[2026-04-03T02:39:22.172+0600][53.628s][info][gc,reloc    ] GC(46) y: Using tenuring threshold: 1 (Computed)
[2026-04-03T02:39:22.174+0600][53.630s][info][gc,phases   ] GC(46) y: Concurrent Select Relocation Set 5.853ms
[2026-04-03T02:39:22.175+0600][53.630s][info][gc,phases   ] GC(46) y: Pause Relocate Start 0.028ms
[2026-04-03T02:39:22.183+0600][53.639s][info][gc,phases   ] GC(46) y: Concurrent Relocate 7.920ms
[2026-04-03T02:39:22.183+0600][53.639s][info][gc,alloc    ] GC(46) y:                         Mark Start        Mark End      Relocate Start    Relocate End   
[2026-04-03T02:39:22.183+0600][53.639s][info][gc,alloc    ] GC(46) y: Allocation Stalls:          0                0                0                0         
[2026-04-03T02:39:22.183+0600][53.639s][info][gc,load     ] GC(46) y: Load: 5.74 (48%) / 5.40 (45%) / 5.64 (47%)
[2026-04-03T02:39:22.184+0600][53.639s][info][gc,mmu      ] GC(46) y: MMU: 2ms/93.5%, 5ms/97.4%, 10ms/98.4%, 20ms/99.2%, 50ms/99.7%, 100ms/99.8%
[2026-04-03T02:39:22.184+0600][53.639s][info][gc,marking  ] GC(46) y: Mark: 1 stripe(s), 2 proactive flush(es), 1 terminate flush(es), 0 completion(s), 0 continuation(s) 
[2026-04-03T02:39:22.184+0600][53.639s][info][gc,marking  ] GC(46) y: Mark Stack Usage: 32M
[2026-04-03T02:39:22.184+0600][53.639s][info][gc,nmethod  ] GC(46) y: NMethods: 14304 registered, 2684 unregistered
[2026-04-03T02:39:22.184+0600][53.639s][info][gc,metaspace] GC(46) y: Metaspace: 128M used, 129M committed, 1152M reserved
[2026-04-03T02:39:22.184+0600][53.639s][info][gc,reloc    ] GC(46) y:                        Candidates     Selected     In-Place         Size        Empty    Relocated 
[2026-04-03T02:39:22.184+0600][53.639s][info][gc,reloc    ] GC(46) y: Small Pages:                  101           83            0         202M          28M           4M 
[2026-04-03T02:39:22.184+0600][53.639s][info][gc,reloc    ] GC(46) y: Medium Pages:                   1            0            0          32M          32M           0M 
[2026-04-03T02:39:22.184+0600][53.639s][info][gc,reloc    ] GC(46) y: Large Pages:                  125            0            0         750M         732M           0M 
[2026-04-03T02:39:22.184+0600][53.639s][info][gc,reloc    ] GC(46) y: Forwarding Usage: 0M
[2026-04-03T02:39:22.184+0600][53.639s][info][gc,reloc    ] GC(46) y: Age Table:
[2026-04-03T02:39:22.184+0600][53.639s][info][gc,reloc    ] GC(46) y:                    Live             Garbage             Small              Medium             Large        
[2026-04-03T02:39:22.184+0600][53.639s][info][gc,reloc    ] GC(46) y: Eden              23M (1%)          960M (55%)        101 / 83             1 / 0            125 / 0        
[2026-04-03T02:39:22.184+0600][53.639s][info][gc,heap     ] GC(46) y: Min Capacity: 8M(0%)
[2026-04-03T02:39:22.184+0600][53.639s][info][gc,heap     ] GC(46) y: Max Capacity: 1750M(100%)
[2026-04-03T02:39:22.184+0600][53.639s][info][gc,heap     ] GC(46) y: Soft Max Capacity: 1750M(100%)
[2026-04-03T02:39:22.184+0600][53.639s][info][gc,heap     ] GC(46) y: Heap Statistics:
[2026-04-03T02:39:22.184+0600][53.639s][info][gc,heap     ] GC(46) y:                Mark Start          Mark End        Relocate Start      Relocate End           High               Low         
[2026-04-03T02:39:22.184+0600][53.639s][info][gc,heap     ] GC(46) y:  Capacity:     1750M (100%)       1750M (100%)       1750M (100%)       1750M (100%)       1750M (100%)       1750M (100%)   
[2026-04-03T02:39:22.184+0600][53.639s][info][gc,heap     ] GC(46) y:      Free:      576M (33%)         404M (23%)        1180M (67%)        1324M (76%)        1324M (76%)         404M (23%)    
[2026-04-03T02:39:22.184+0600][53.639s][info][gc,heap     ] GC(46) y:      Used:     1174M (67%)        1346M (77%)         570M (33%)         426M (24%)        1346M (77%)         426M (24%)    
[2026-04-03T02:39:22.184+0600][53.639s][info][gc,heap     ] GC(46) y: Young Generation Statistics:
[2026-04-03T02:39:22.184+0600][53.639s][info][gc,heap     ] GC(46) y:                Mark Start          Mark End        Relocate Start      Relocate End    
[2026-04-03T02:39:22.184+0600][53.639s][info][gc,heap     ] GC(46) y:      Used:      984M (56%)        1156M (66%)         380M (22%)         236M (13%)    
[2026-04-03T02:39:22.184+0600][53.639s][info][gc,heap     ] GC(46) y:      Live:         -                23M (1%)           23M (1%)           23M (1%)     
[2026-04-03T02:39:22.184+0600][53.639s][info][gc,heap     ] GC(46) y:   Garbage:         -               960M (55%)         168M (10%)           1M (0%)     
[2026-04-03T02:39:22.184+0600][53.639s][info][gc,heap     ] GC(46) y: Allocated:         -               172M (10%)         188M (11%)         211M (12%)    
[2026-04-03T02:39:22.184+0600][53.639s][info][gc,heap     ] GC(46) y: Reclaimed:         -                  -               792M (45%)         959M (55%)    
[2026-04-03T02:39:22.184+0600][53.639s][info][gc,heap     ] GC(46) y:  Promoted:         -                  -                 0M (0%)            0M (0%)     
[2026-04-03T02:39:22.184+0600][53.639s][info][gc,heap     ] GC(46) y: Compacted:         -                  -                  -                 4M (0%)     
[2026-04-03T02:39:22.184+0600][53.639s][info][gc,phases   ] GC(46) y: Young Generation 1174M(67%)->426M(24%) 0.071s
[2026-04-03T02:39:22.184+0600][53.639s][info][gc          ] GC(46) Minor Collection (Allocation Rate) 1174M(67%)->428M(24%) 0.072s
[2026-04-03T02:39:23.367+0600][54.823s][info][gc          ] GC(47) Minor Collection (Allocation Rate)
[2026-04-03T02:39:23.367+0600][54.823s][info][gc,task     ] GC(47) Using 1 Workers for Young Generation
[2026-04-03T02:39:23.367+0600][54.823s][info][gc,phases   ] GC(47) y: Young Generation
[2026-04-03T02:39:23.368+0600][54.823s][info][gc,phases   ] GC(47) y: Pause Mark Start 0.026ms
[2026-04-03T02:39:23.424+0600][54.879s][info][gc,phases   ] GC(47) y: Concurrent Mark 56.137ms
[2026-04-03T02:39:23.424+0600][54.880s][info][gc,phases   ] GC(47) y: Pause Mark End 0.025ms
[2026-04-03T02:39:23.425+0600][54.880s][info][gc,phases   ] GC(47) y: Concurrent Mark Free 0.002ms
[2026-04-03T02:39:23.425+0600][54.880s][info][gc,phases   ] GC(47) y: Concurrent Reset Relocation Set 0.013ms
[2026-04-03T02:39:23.432+0600][54.887s][info][gc,reloc    ] GC(47) y: Using tenuring threshold: 2 (Computed)
[2026-04-03T02:39:23.432+0600][54.888s][info][gc,phases   ] GC(47) y: Concurrent Select Relocation Set 7.868ms
[2026-04-03T02:39:23.433+0600][54.888s][info][gc,phases   ] GC(47) y: Pause Relocate Start 0.036ms
[2026-04-03T02:39:23.446+0600][54.901s][info][gc,phases   ] GC(47) y: Concurrent Relocate 12.760ms
[2026-04-03T02:39:23.446+0600][54.901s][info][gc,alloc    ] GC(47) y:                         Mark Start        Mark End      Relocate Start    Relocate End   
[2026-04-03T02:39:23.446+0600][54.901s][info][gc,alloc    ] GC(47) y: Allocation Stalls:          0                0                0                0         
[2026-04-03T02:39:23.446+0600][54.901s][info][gc,load     ] GC(47) y: Load: 5.74 (48%) / 5.40 (45%) / 5.64 (47%)
[2026-04-03T02:39:23.446+0600][54.901s][info][gc,mmu      ] GC(47) y: MMU: 2ms/93.5%, 5ms/97.4%, 10ms/98.4%, 20ms/99.2%, 50ms/99.7%, 100ms/99.8%
[2026-04-03T02:39:23.446+0600][54.901s][info][gc,marking  ] GC(47) y: Mark: 1 stripe(s), 2 proactive flush(es), 1 terminate flush(es), 0 completion(s), 0 continuation(s) 
[2026-04-03T02:39:23.446+0600][54.901s][info][gc,marking  ] GC(47) y: Mark Stack Usage: 32M
[2026-04-03T02:39:23.446+0600][54.901s][info][gc,nmethod  ] GC(47) y: NMethods: 14375 registered, 2684 unregistered
[2026-04-03T02:39:23.446+0600][54.901s][info][gc,metaspace] GC(47) y: Metaspace: 128M used, 129M committed, 1152M reserved
[2026-04-03T02:39:23.446+0600][54.901s][info][gc,reloc    ] GC(47) y:                        Candidates     Selected     In-Place         Size        Empty    Relocated 
[2026-04-03T02:39:23.446+0600][54.901s][info][gc,reloc    ] GC(47) y: Small Pages:                  378          286            0         756M         174M           6M 
[2026-04-03T02:39:23.446+0600][54.901s][info][gc,reloc    ] GC(47) y: Medium Pages:                   5            0            0         160M         128M           0M 
[2026-04-03T02:39:23.446+0600][54.901s][info][gc,reloc    ] GC(47) y: Large Pages:                   30            0            0         180M         180M           0M 
[2026-04-03T02:39:23.446+0600][54.901s][info][gc,reloc    ] GC(47) y: Forwarding Usage: 1M
[2026-04-03T02:39:23.446+0600][54.901s][info][gc,reloc    ] GC(47) y: Age Table:
[2026-04-03T02:39:23.446+0600][54.901s][info][gc,reloc    ] GC(47) y:                    Live             Garbage             Small              Medium             Large        
[2026-04-03T02:39:23.446+0600][54.901s][info][gc,reloc    ] GC(47) y: Eden               7M (0%)         1058M (61%)        372 / 283            5 / 0             27 / 0        
[2026-04-03T02:39:23.446+0600][54.901s][info][gc,reloc    ] GC(47) y: Survivor 1         1M (0%)           28M (2%)           6 / 3              0 / 0              3 / 0        
[2026-04-03T02:39:23.446+0600][54.901s][info][gc,heap     ] GC(47) y: Min Capacity: 8M(0%)
[2026-04-03T02:39:23.446+0600][54.902s][info][gc,heap     ] GC(47) y: Max Capacity: 1750M(100%)
[2026-04-03T02:39:23.446+0600][54.902s][info][gc,heap     ] GC(47) y: Soft Max Capacity: 1750M(100%)
[2026-04-03T02:39:23.446+0600][54.902s][info][gc,heap     ] GC(47) y: Heap Statistics:
[2026-04-03T02:39:23.446+0600][54.902s][info][gc,heap     ] GC(47) y:                Mark Start          Mark End        Relocate Start      Relocate End           High               Low         
[2026-04-03T02:39:23.446+0600][54.902s][info][gc,heap     ] GC(47) y:  Capacity:     1750M (100%)       1750M (100%)       1750M (100%)       1750M (100%)       1750M (100%)       1750M (100%)   
[2026-04-03T02:39:23.446+0600][54.902s][info][gc,heap     ] GC(47) y:      Free:      464M (27%)         388M (22%)         868M (50%)        1424M (81%)        1424M (81%)         346M (20%)    
[2026-04-03T02:39:23.446+0600][54.902s][info][gc,heap     ] GC(47) y:      Used:     1286M (73%)        1362M (78%)         882M (50%)         326M (19%)        1404M (80%)         326M (19%)    
[2026-04-03T02:39:23.446+0600][54.902s][info][gc,heap     ] GC(47) y: Young Generation Statistics:
[2026-04-03T02:39:23.446+0600][54.902s][info][gc,heap     ] GC(47) y:                Mark Start          Mark End        Relocate Start      Relocate End    
[2026-04-03T02:39:23.446+0600][54.902s][info][gc,heap     ] GC(47) y:      Used:     1096M (63%)        1172M (67%)         692M (40%)         136M (8%)     
[2026-04-03T02:39:23.446+0600][54.902s][info][gc,heap     ] GC(47) y:      Live:         -                 8M (1%)            8M (1%)            8M (1%)     
[2026-04-03T02:39:23.446+0600][54.902s][info][gc,heap     ] GC(47) y:   Garbage:         -              1087M (62%)         605M (35%)          31M (2%)     
[2026-04-03T02:39:23.446+0600][54.902s][info][gc,heap     ] GC(47) y: Allocated:         -                76M (4%)           78M (4%)           95M (5%)     
[2026-04-03T02:39:23.446+0600][54.902s][info][gc,heap     ] GC(47) y: Reclaimed:         -                  -               482M (28%)        1055M (60%)    
[2026-04-03T02:39:23.446+0600][54.902s][info][gc,heap     ] GC(47) y:  Promoted:         -                  -                 0M (0%)            0M (0%)     
[2026-04-03T02:39:23.446+0600][54.902s][info][gc,heap     ] GC(47) y: Compacted:         -                  -                  -                 6M (0%)     
[2026-04-03T02:39:23.446+0600][54.902s][info][gc,phases   ] GC(47) y: Young Generation 1286M(73%)->326M(19%) 0.078s
[2026-04-03T02:39:23.446+0600][54.902s][info][gc          ] GC(47) Minor Collection (Allocation Rate) 1286M(73%)->326M(19%) 0.079s
[2026-04-03T02:39:24.700+0600][56.155s][info][gc          ] GC(48) Minor Collection (Allocation Rate)
[2026-04-03T02:39:24.700+0600][56.155s][info][gc,task     ] GC(48) Using 1 Workers for Young Generation
[2026-04-03T02:39:24.700+0600][56.155s][info][gc,phases   ] GC(48) y: Young Generation
[2026-04-03T02:39:24.700+0600][56.156s][info][gc,phases   ] GC(48) y: Pause Mark Start 0.026ms
[2026-04-03T02:39:24.747+0600][56.203s][info][gc,phases   ] GC(48) y: Concurrent Mark 46.900ms
[2026-04-03T02:39:24.748+0600][56.203s][info][gc,phases   ] GC(48) y: Pause Mark End 0.030ms
[2026-04-03T02:39:24.748+0600][56.203s][info][gc,phases   ] GC(48) y: Concurrent Mark Free 0.002ms
[2026-04-03T02:39:24.748+0600][56.203s][info][gc,phases   ] GC(48) y: Concurrent Reset Relocation Set 0.040ms
[2026-04-03T02:39:24.751+0600][56.206s][info][gc,reloc    ] GC(48) y: Using tenuring threshold: 3 (Computed)
[2026-04-03T02:39:24.752+0600][56.207s][info][gc,phases   ] GC(48) y: Concurrent Select Relocation Set 3.787ms
[2026-04-03T02:39:24.752+0600][56.207s][info][gc,phases   ] GC(48) y: Pause Relocate Start 0.028ms
[2026-04-03T02:39:24.763+0600][56.218s][info][gc,phases   ] GC(48) y: Concurrent Relocate 10.918ms
[2026-04-03T02:39:24.763+0600][56.218s][info][gc,alloc    ] GC(48) y:                         Mark Start        Mark End      Relocate Start    Relocate End   
[2026-04-03T02:39:24.763+0600][56.218s][info][gc,alloc    ] GC(48) y: Allocation Stalls:          0                0                0                0         
[2026-04-03T02:39:24.763+0600][56.218s][info][gc,load     ] GC(48) y: Load: 5.74 (48%) / 5.40 (45%) / 5.64 (47%)
[2026-04-03T02:39:24.763+0600][56.218s][info][gc,mmu      ] GC(48) y: MMU: 2ms/93.5%, 5ms/97.4%, 10ms/98.4%, 20ms/99.2%, 50ms/99.7%, 100ms/99.8%
[2026-04-03T02:39:24.763+0600][56.218s][info][gc,marking  ] GC(48) y: Mark: 1 stripe(s), 2 proactive flush(es), 1 terminate flush(es), 0 completion(s), 0 continuation(s) 
[2026-04-03T02:39:24.763+0600][56.218s][info][gc,marking  ] GC(48) y: Mark Stack Usage: 32M
[2026-04-03T02:39:24.763+0600][56.218s][info][gc,nmethod  ] GC(48) y: NMethods: 14439 registered, 2684 unregistered
[2026-04-03T02:39:24.763+0600][56.218s][info][gc,metaspace] GC(48) y: Metaspace: 128M used, 129M committed, 1152M reserved
[2026-04-03T02:39:24.763+0600][56.218s][info][gc,reloc    ] GC(48) y:                        Candidates     Selected     In-Place         Size        Empty    Relocated 
[2026-04-03T02:39:24.763+0600][56.218s][info][gc,reloc    ] GC(48) y: Small Pages:                  404          259            0         808M         278M           6M 
[2026-04-03T02:39:24.763+0600][56.218s][info][gc,reloc    ] GC(48) y: Medium Pages:                   6            0            0         192M         192M           0M 
[2026-04-03T02:39:24.763+0600][56.218s][info][gc,reloc    ] GC(48) y: Large Pages:                   19            0            0         114M         114M           0M 
[2026-04-03T02:39:24.763+0600][56.218s][info][gc,reloc    ] GC(48) y: Forwarding Usage: 1M
[2026-04-03T02:39:24.763+0600][56.218s][info][gc,reloc    ] GC(48) y: Age Table:
[2026-04-03T02:39:24.763+0600][56.218s][info][gc,reloc    ] GC(48) y:                    Live             Garbage             Small              Medium             Large        
[2026-04-03T02:39:24.763+0600][56.218s][info][gc,reloc    ] GC(48) y: Eden               5M (0%)         1050M (60%)        391 / 248            5 / 0             19 / 0        
[2026-04-03T02:39:24.763+0600][56.218s][info][gc,reloc    ] GC(48) y: Survivor 1         2M (0%)           51M (3%)          11 / 9              1 / 0              0 / 0        
[2026-04-03T02:39:24.763+0600][56.218s][info][gc,reloc    ] GC(48) y: Survivor 2         1M (0%)            2M (0%)           2 / 2              0 / 0              0 / 0        
[2026-04-03T02:39:24.763+0600][56.218s][info][gc,heap     ] GC(48) y: Min Capacity: 8M(0%)
[2026-04-03T02:39:24.763+0600][56.218s][info][gc,heap     ] GC(48) y: Max Capacity: 1750M(100%)
[2026-04-03T02:39:24.763+0600][56.218s][info][gc,heap     ] GC(48) y: Soft Max Capacity: 1750M(100%)
[2026-04-03T02:39:24.763+0600][56.218s][info][gc,heap     ] GC(48) y: Heap Statistics:
[2026-04-03T02:39:24.763+0600][56.219s][info][gc,heap     ] GC(48) y:                Mark Start          Mark End        Relocate Start      Relocate End           High               Low         
[2026-04-03T02:39:24.763+0600][56.219s][info][gc,heap     ] GC(48) y:  Capacity:     1750M (100%)       1750M (100%)       1750M (100%)       1750M (100%)       1750M (100%)       1750M (100%)   
[2026-04-03T02:39:24.763+0600][56.219s][info][gc,heap     ] GC(48) y:      Free:      446M (25%)         356M (20%)         938M (54%)        1438M (82%)        1438M (82%)         356M (20%)    
[2026-04-03T02:39:24.763+0600][56.219s][info][gc,heap     ] GC(48) y:      Used:     1304M (75%)        1394M (80%)         812M (46%)         312M (18%)        1394M (80%)         312M (18%)    
[2026-04-03T02:39:24.763+0600][56.219s][info][gc,heap     ] GC(48) y: Young Generation Statistics:
[2026-04-03T02:39:24.763+0600][56.219s][info][gc,heap     ] GC(48) y:                Mark Start          Mark End        Relocate Start      Relocate End    
[2026-04-03T02:39:24.763+0600][56.219s][info][gc,heap     ] GC(48) y:      Used:     1114M (64%)        1204M (69%)         622M (36%)         122M (7%)     
[2026-04-03T02:39:24.763+0600][56.219s][info][gc,heap     ] GC(48) y:      Live:         -                 9M (1%)            9M (1%)            9M (1%)     
[2026-04-03T02:39:24.763+0600][56.219s][info][gc,heap     ] GC(48) y:   Garbage:         -              1104M (63%)         520M (30%)           0M (0%)     
[2026-04-03T02:39:24.763+0600][56.219s][info][gc,heap     ] GC(48) y: Allocated:         -                90M (5%)           92M (5%)          111M (6%)     
[2026-04-03T02:39:24.763+0600][56.219s][info][gc,heap     ] GC(48) y: Reclaimed:         -                  -               584M (33%)        1103M (63%)    
[2026-04-03T02:39:24.763+0600][56.219s][info][gc,heap     ] GC(48) y:  Promoted:         -                  -                 0M (0%)            0M (0%)     
[2026-04-03T02:39:24.763+0600][56.219s][info][gc,heap     ] GC(48) y: Compacted:         -                  -                  -                 8M (0%)     
[2026-04-03T02:39:24.763+0600][56.219s][info][gc,phases   ] GC(48) y: Young Generation 1304M(75%)->312M(18%) 0.063s
[2026-04-03T02:39:24.763+0600][56.219s][info][gc          ] GC(48) Minor Collection (Allocation Rate) 1304M(75%)->312M(18%) 0.063s
[2026-04-03T02:39:26.002+0600][57.457s][info][gc          ] GC(49) Minor Collection (Allocation Rate)
[2026-04-03T02:39:26.002+0600][57.457s][info][gc,task     ] GC(49) Using 1 Workers for Young Generation
[2026-04-03T02:39:26.002+0600][57.457s][info][gc,phases   ] GC(49) y: Young Generation
[2026-04-03T02:39:26.002+0600][57.457s][info][gc,phases   ] GC(49) y: Pause Mark Start 0.015ms
[2026-04-03T02:39:26.041+0600][57.496s][info][gc,phases   ] GC(49) y: Concurrent Mark 38.863ms
[2026-04-03T02:39:26.041+0600][57.496s][info][gc,phases   ] GC(49) y: Pause Mark End 0.019ms
[2026-04-03T02:39:26.041+0600][57.496s][info][gc,phases   ] GC(49) y: Concurrent Mark Free 0.001ms
[2026-04-03T02:39:26.041+0600][57.496s][info][gc,phases   ] GC(49) y: Concurrent Reset Relocation Set 0.018ms
[2026-04-03T02:39:26.043+0600][57.498s][info][gc,reloc    ] GC(49) y: Using tenuring threshold: 4 (Computed)
[2026-04-03T02:39:26.044+0600][57.499s][info][gc,phases   ] GC(49) y: Concurrent Select Relocation Set 2.802ms
[2026-04-03T02:39:26.044+0600][57.499s][info][gc,phases   ] GC(49) y: Pause Relocate Start 0.014ms
[2026-04-03T02:39:26.050+0600][57.506s][info][gc,phases   ] GC(49) y: Concurrent Relocate 6.110ms
[2026-04-03T02:39:26.050+0600][57.506s][info][gc,alloc    ] GC(49) y:                         Mark Start        Mark End      Relocate Start    Relocate End   
[2026-04-03T02:39:26.050+0600][57.506s][info][gc,alloc    ] GC(49) y: Allocation Stalls:          0                0                0                0         
[2026-04-03T02:39:26.050+0600][57.506s][info][gc,load     ] GC(49) y: Load: 5.92 (49%) / 5.45 (45%) / 5.65 (47%)
[2026-04-03T02:39:26.050+0600][57.506s][info][gc,mmu      ] GC(49) y: MMU: 2ms/93.5%, 5ms/97.4%, 10ms/98.4%, 20ms/99.2%, 50ms/99.7%, 100ms/99.8%
[2026-04-03T02:39:26.050+0600][57.506s][info][gc,marking  ] GC(49) y: Mark: 1 stripe(s), 2 proactive flush(es), 1 terminate flush(es), 0 completion(s), 0 continuation(s) 
[2026-04-03T02:39:26.050+0600][57.506s][info][gc,marking  ] GC(49) y: Mark Stack Usage: 32M
[2026-04-03T02:39:26.050+0600][57.506s][info][gc,nmethod  ] GC(49) y: NMethods: 14482 registered, 2684 unregistered
[2026-04-03T02:39:26.050+0600][57.506s][info][gc,metaspace] GC(49) y: Metaspace: 128M used, 129M committed, 1152M reserved
[2026-04-03T02:39:26.050+0600][57.506s][info][gc,reloc    ] GC(49) y:                        Candidates     Selected     In-Place         Size        Empty    Relocated 
[2026-04-03T02:39:26.050+0600][57.506s][info][gc,reloc    ] GC(49) y: Small Pages:                  513          226            0        1026M         560M           4M 
[2026-04-03T02:39:26.050+0600][57.506s][info][gc,reloc    ] GC(49) y: Medium Pages:                   5            0            0         160M         160M           0M 
[2026-04-03T02:39:26.050+0600][57.506s][info][gc,reloc    ] GC(49) y: Large Pages:                   23            0            0         138M         138M           0M 
[2026-04-03T02:39:26.050+0600][57.506s][info][gc,reloc    ] GC(49) y: Forwarding Usage: 1M
[2026-04-03T02:39:26.050+0600][57.506s][info][gc,reloc    ] GC(49) y: Age Table:
[2026-04-03T02:39:26.050+0600][57.506s][info][gc,reloc    ] GC(49) y:                    Live             Garbage             Small              Medium             Large        
[2026-04-03T02:39:26.050+0600][57.506s][info][gc,reloc    ] GC(49) y: Eden               3M (0%)         1290M (74%)        498 / 217            5 / 0             23 / 0        
[2026-04-03T02:39:26.050+0600][57.506s][info][gc,reloc    ] GC(49) y: Survivor 1         2M (0%)            7M (0%)           5 / 3              0 / 0              0 / 0        
[2026-04-03T02:39:26.050+0600][57.506s][info][gc,reloc    ] GC(49) y: Survivor 2         2M (0%)            1M (0%)           2 / 0              0 / 0              0 / 0        
[2026-04-03T02:39:26.050+0600][57.506s][info][gc,reloc    ] GC(49) y: Survivor 3         1M (0%)           14M (1%)           8 / 6              0 / 0              0 / 0        
[2026-04-03T02:39:26.050+0600][57.506s][info][gc,heap     ] GC(49) y: Min Capacity: 8M(0%)
[2026-04-03T02:39:26.050+0600][57.506s][info][gc,heap     ] GC(49) y: Max Capacity: 1750M(100%)
[2026-04-03T02:39:26.050+0600][57.506s][info][gc,heap     ] GC(49) y: Soft Max Capacity: 1750M(100%)
[2026-04-03T02:39:26.050+0600][57.506s][info][gc,heap     ] GC(49) y: Heap Statistics:
[2026-04-03T02:39:26.050+0600][57.506s][info][gc,heap     ] GC(49) y:                Mark Start          Mark End        Relocate Start      Relocate End           High               Low         
[2026-04-03T02:39:26.050+0600][57.506s][info][gc,heap     ] GC(49) y:  Capacity:     1750M (100%)       1750M (100%)       1750M (100%)       1750M (100%)       1750M (100%)       1750M (100%)   
[2026-04-03T02:39:26.050+0600][57.506s][info][gc,heap     ] GC(49) y:      Free:      236M (13%)         176M (10%)        1034M (59%)        1482M (85%)        1482M (85%)         176M (10%)    
[2026-04-03T02:39:26.050+0600][57.506s][info][gc,heap     ] GC(49) y:      Used:     1514M (87%)        1574M (90%)         716M (41%)         268M (15%)        1574M (90%)         268M (15%)    
[2026-04-03T02:39:26.050+0600][57.506s][info][gc,heap     ] GC(49) y: Young Generation Statistics:
[2026-04-03T02:39:26.050+0600][57.506s][info][gc,heap     ] GC(49) y:                Mark Start          Mark End        Relocate Start      Relocate End    
[2026-04-03T02:39:26.050+0600][57.506s][info][gc,heap     ] GC(49) y:      Used:     1324M (76%)        1384M (79%)         526M (30%)          78M (4%)     
[2026-04-03T02:39:26.050+0600][57.506s][info][gc,heap     ] GC(49) y:      Live:         -                11M (1%)           11M (1%)           11M (1%)     
[2026-04-03T02:39:26.050+0600][57.506s][info][gc,heap     ] GC(49) y:   Garbage:         -              1312M (75%)         454M (26%)           1M (0%)     
[2026-04-03T02:39:26.050+0600][57.506s][info][gc,heap     ] GC(49) y: Allocated:         -                60M (3%)           60M (3%)           64M (4%)     
[2026-04-03T02:39:26.050+0600][57.506s][info][gc,heap     ] GC(49) y: Reclaimed:         -                  -               858M (49%)        1310M (75%)    
[2026-04-03T02:39:26.050+0600][57.506s][info][gc,heap     ] GC(49) y:  Promoted:         -                  -                 0M (0%)            0M (0%)     
[2026-04-03T02:39:26.050+0600][57.506s][info][gc,heap     ] GC(49) y: Compacted:         -                  -                  -                 5M (0%)     
[2026-04-03T02:39:26.050+0600][57.506s][info][gc,phases   ] GC(49) y: Young Generation 1514M(87%)->268M(15%) 0.049s
[2026-04-03T02:39:26.050+0600][57.506s][info][gc          ] GC(49) Minor Collection (Allocation Rate) 1514M(87%)->268M(15%) 0.049s
[2026-04-03T02:39:26.237+0600][57.693s][info][gc          ] GC(50) Minor Collection (Allocation Rate)
[2026-04-03T02:39:26.237+0600][57.693s][info][gc,task     ] GC(50) Using 1 Workers for Young Generation
[2026-04-03T02:39:26.237+0600][57.693s][info][gc,phases   ] GC(50) y: Young Generation
[2026-04-03T02:39:26.238+0600][57.693s][info][gc,phases   ] GC(50) y: Pause Mark Start 0.024ms
[2026-04-03T02:39:26.291+0600][57.747s][info][gc,phases   ] GC(50) y: Concurrent Mark 53.396ms
[2026-04-03T02:39:26.291+0600][57.747s][info][gc,phases   ] GC(50) y: Pause Mark End 0.025ms
[2026-04-03T02:39:26.292+0600][57.747s][info][gc,phases   ] GC(50) y: Concurrent Mark Free 0.003ms
[2026-04-03T02:39:26.292+0600][57.747s][info][gc,phases   ] GC(50) y: Concurrent Reset Relocation Set 0.018ms
[2026-04-03T02:39:26.294+0600][57.749s][info][gc,reloc    ] GC(50) y: Using tenuring threshold: 5 (Computed)
[2026-04-03T02:39:26.295+0600][57.750s][info][gc,phases   ] GC(50) y: Concurrent Select Relocation Set 2.791ms
[2026-04-03T02:39:26.295+0600][57.750s][info][gc,phases   ] GC(50) y: Pause Relocate Start 0.013ms
[2026-04-03T02:39:26.299+0600][57.755s][info][gc,phases   ] GC(50) y: Concurrent Relocate 4.536ms
[2026-04-03T02:39:26.299+0600][57.755s][info][gc,alloc    ] GC(50) y:                         Mark Start        Mark End      Relocate Start    Relocate End   
[2026-04-03T02:39:26.299+0600][57.755s][info][gc,alloc    ] GC(50) y: Allocation Stalls:          0                0                0                0         
[2026-04-03T02:39:26.299+0600][57.755s][info][gc,load     ] GC(50) y: Load: 5.92 (49%) / 5.45 (45%) / 5.65 (47%)
[2026-04-03T02:39:26.299+0600][57.755s][info][gc,mmu      ] GC(50) y: MMU: 2ms/93.5%, 5ms/97.4%, 10ms/98.4%, 20ms/99.2%, 50ms/99.7%, 100ms/99.8%
[2026-04-03T02:39:26.299+0600][57.755s][info][gc,marking  ] GC(50) y: Mark: 1 stripe(s), 2 proactive flush(es), 1 terminate flush(es), 0 completion(s), 0 continuation(s) 
[2026-04-03T02:39:26.299+0600][57.755s][info][gc,marking  ] GC(50) y: Mark Stack Usage: 32M
[2026-04-03T02:39:26.299+0600][57.755s][info][gc,nmethod  ] GC(50) y: NMethods: 14492 registered, 2684 unregistered
[2026-04-03T02:39:26.299+0600][57.755s][info][gc,metaspace] GC(50) y: Metaspace: 128M used, 129M committed, 1152M reserved
[2026-04-03T02:39:26.299+0600][57.755s][info][gc,reloc    ] GC(50) y:                        Candidates     Selected     In-Place         Size        Empty    Relocated 
[2026-04-03T02:39:26.300+0600][57.755s][info][gc,reloc    ] GC(50) y: Small Pages:                   79           51            0         158M          38M           4M 
[2026-04-03T02:39:26.300+0600][57.755s][info][gc,reloc    ] GC(50) y: Medium Pages:                   1            0            0          32M          32M           0M 
[2026-04-03T02:39:26.300+0600][57.755s][info][gc,reloc    ] GC(50) y: Large Pages:                  132            0            0         792M         780M           0M 
[2026-04-03T02:39:26.300+0600][57.755s][info][gc,reloc    ] GC(50) y: Forwarding Usage: 0M
[2026-04-03T02:39:26.300+0600][57.755s][info][gc,reloc    ] GC(50) y: Age Table:
[2026-04-03T02:39:26.300+0600][57.755s][info][gc,reloc    ] GC(50) y:                    Live             Garbage             Small              Medium             Large        
[2026-04-03T02:39:26.300+0600][57.755s][info][gc,reloc    ] GC(50) y: Eden              15M (1%)          950M (54%)         71 / 49             1 / 0            132 / 0        
[2026-04-03T02:39:26.300+0600][57.755s][info][gc,reloc    ] GC(50) y: Survivor 1         3M (0%)            0M (0%)           2 / 0              0 / 0              0 / 0        
[2026-04-03T02:39:26.300+0600][57.755s][info][gc,reloc    ] GC(50) y: Survivor 2         2M (0%)            1M (0%)           2 / 0              0 / 0              0 / 0        
[2026-04-03T02:39:26.300+0600][57.755s][info][gc,reloc    ] GC(50) y: Survivor 3         2M (0%)            1M (0%)           2 / 1              0 / 0              0 / 0        
[2026-04-03T02:39:26.300+0600][57.755s][info][gc,reloc    ] GC(50) y: Survivor 4         1M (0%)            2M (0%)           2 / 1              0 / 0              0 / 0        
[2026-04-03T02:39:26.300+0600][57.755s][info][gc,heap     ] GC(50) y: Min Capacity: 8M(0%)
[2026-04-03T02:39:26.300+0600][57.755s][info][gc,heap     ] GC(50) y: Max Capacity: 1750M(100%)
[2026-04-03T02:39:26.300+0600][57.755s][info][gc,heap     ] GC(50) y: Soft Max Capacity: 1750M(100%)
[2026-04-03T02:39:26.300+0600][57.755s][info][gc,heap     ] GC(50) y: Heap Statistics:
[2026-04-03T02:39:26.300+0600][57.755s][info][gc,heap     ] GC(50) y:                Mark Start          Mark End        Relocate Start      Relocate End           High               Low         
[2026-04-03T02:39:26.300+0600][57.755s][info][gc,heap     ] GC(50) y:  Capacity:     1750M (100%)       1750M (100%)       1750M (100%)       1750M (100%)       1750M (100%)       1750M (100%)   
[2026-04-03T02:39:26.300+0600][57.755s][info][gc,heap     ] GC(50) y:      Free:      578M (33%)         464M (27%)        1312M (75%)        1410M (81%)        1412M (81%)         464M (27%)    
[2026-04-03T02:39:26.300+0600][57.755s][info][gc,heap     ] GC(50) y:      Used:     1172M (67%)        1286M (73%)         438M (25%)         340M (19%)        1286M (73%)         338M (19%)    
[2026-04-03T02:39:26.300+0600][57.755s][info][gc,heap     ] GC(50) y: Young Generation Statistics:
[2026-04-03T02:39:26.300+0600][57.755s][info][gc,heap     ] GC(50) y:                Mark Start          Mark End        Relocate Start      Relocate End    
[2026-04-03T02:39:26.300+0600][57.755s][info][gc,heap     ] GC(50) y:      Used:      982M (56%)        1096M (63%)         248M (14%)         150M (9%)     
[2026-04-03T02:39:26.300+0600][57.755s][info][gc,heap     ] GC(50) y:      Live:         -                27M (2%)           27M (2%)           27M (2%)     
[2026-04-03T02:39:26.300+0600][57.755s][info][gc,heap     ] GC(50) y:   Garbage:         -               954M (55%)         104M (6%)            1M (0%)     
[2026-04-03T02:39:26.300+0600][57.755s][info][gc,heap     ] GC(50) y: Allocated:         -               114M (7%)          116M (7%)          121M (7%)     
[2026-04-03T02:39:26.300+0600][57.755s][info][gc,heap     ] GC(50) y: Reclaimed:         -                  -               850M (49%)         953M (54%)    
[2026-04-03T02:39:26.300+0600][57.755s][info][gc,heap     ] GC(50) y:  Promoted:         -                  -                 0M (0%)            0M (0%)     
[2026-04-03T02:39:26.300+0600][57.755s][info][gc,heap     ] GC(50) y: Compacted:         -                  -                  -                 6M (0%)     
[2026-04-03T02:39:26.300+0600][57.755s][info][gc,phases   ] GC(50) y: Young Generation 1172M(67%)->340M(19%) 0.062s
[2026-04-03T02:39:26.300+0600][57.755s][info][gc          ] GC(50) Minor Collection (Allocation Rate) 1172M(67%)->340M(19%) 0.062s
[2026-04-03T02:39:27.504+0600][58.959s][info][gc          ] GC(51) Minor Collection (Allocation Rate)
[2026-04-03T02:39:27.504+0600][58.959s][info][gc,task     ] GC(51) Using 1 Workers for Young Generation
[2026-04-03T02:39:27.504+0600][58.959s][info][gc,phases   ] GC(51) y: Young Generation
[2026-04-03T02:39:27.504+0600][58.960s][info][gc,phases   ] GC(51) y: Pause Mark Start 0.028ms
[2026-04-03T02:39:27.574+0600][59.029s][info][gc,phases   ] GC(51) y: Concurrent Mark 69.568ms
[2026-04-03T02:39:27.574+0600][59.030s][info][gc,phases   ] GC(51) y: Pause Mark End 0.027ms
[2026-04-03T02:39:27.574+0600][59.030s][info][gc,phases   ] GC(51) y: Concurrent Mark Free 0.001ms
[2026-04-03T02:39:27.574+0600][59.030s][info][gc,phases   ] GC(51) y: Concurrent Reset Relocation Set 0.012ms
[2026-04-03T02:39:27.577+0600][59.032s][info][gc,reloc    ] GC(51) y: Using tenuring threshold: 6 (Computed)
[2026-04-03T02:39:27.577+0600][59.033s][info][gc,phases   ] GC(51) y: Concurrent Select Relocation Set 3.043ms
[2026-04-03T02:39:27.578+0600][59.033s][info][gc,phases   ] GC(51) y: Pause Relocate Start 0.024ms
[2026-04-03T02:39:27.588+0600][59.044s][info][gc,phases   ] GC(51) y: Concurrent Relocate 10.535ms
[2026-04-03T02:39:27.589+0600][59.044s][info][gc,alloc    ] GC(51) y:                         Mark Start        Mark End      Relocate Start    Relocate End   
[2026-04-03T02:39:27.589+0600][59.044s][info][gc,alloc    ] GC(51) y: Allocation Stalls:          0                0                0                0         
[2026-04-03T02:39:27.589+0600][59.044s][info][gc,load     ] GC(51) y: Load: 5.92 (49%) / 5.45 (45%) / 5.65 (47%)
[2026-04-03T02:39:27.589+0600][59.044s][info][gc,mmu      ] GC(51) y: MMU: 2ms/93.5%, 5ms/97.4%, 10ms/98.4%, 20ms/99.2%, 50ms/99.7%, 100ms/99.8%
[2026-04-03T02:39:27.589+0600][59.044s][info][gc,marking  ] GC(51) y: Mark: 1 stripe(s), 2 proactive flush(es), 1 terminate flush(es), 0 completion(s), 0 continuation(s) 
[2026-04-03T02:39:27.589+0600][59.044s][info][gc,marking  ] GC(51) y: Mark Stack Usage: 32M
[2026-04-03T02:39:27.589+0600][59.044s][info][gc,nmethod  ] GC(51) y: NMethods: 14574 registered, 2684 unregistered
[2026-04-03T02:39:27.589+0600][59.044s][info][gc,metaspace] GC(51) y: Metaspace: 128M used, 129M committed, 1152M reserved
[2026-04-03T02:39:27.589+0600][59.044s][info][gc,reloc    ] GC(51) y:                        Candidates     Selected     In-Place         Size        Empty    Relocated 
[2026-04-03T02:39:27.589+0600][59.044s][info][gc,reloc    ] GC(51) y: Small Pages:                  379          269            0         758M         196M           6M 
[2026-04-03T02:39:27.589+0600][59.044s][info][gc,reloc    ] GC(51) y: Medium Pages:                   5            0            0         160M         160M           0M 
[2026-04-03T02:39:27.589+0600][59.044s][info][gc,reloc    ] GC(51) y: Large Pages:                   22            0            0         132M         132M           0M 
[2026-04-03T02:39:27.589+0600][59.044s][info][gc,reloc    ] GC(51) y: Forwarding Usage: 1M
[2026-04-03T02:39:27.589+0600][59.044s][info][gc,reloc    ] GC(51) y: Age Table:
[2026-04-03T02:39:27.589+0600][59.044s][info][gc,reloc    ] GC(51) y:                    Live             Garbage             Small              Medium             Large        
[2026-04-03T02:39:27.589+0600][59.044s][info][gc,reloc    ] GC(51) y: Eden               6M (0%)         1011M (58%)        369 / 267            5 / 0             20 / 0        
[2026-04-03T02:39:27.589+0600][59.044s][info][gc,reloc    ] GC(51) y: Survivor 1         1M (0%)           14M (1%)           2 / 0              0 / 0              2 / 0        
[2026-04-03T02:39:27.589+0600][59.044s][info][gc,reloc    ] GC(51) y: Survivor 2         3M (0%)            0M (0%)           2 / 0              0 / 0              0 / 0        
[2026-04-03T02:39:27.589+0600][59.044s][info][gc,reloc    ] GC(51) y: Survivor 3         2M (0%)            1M (0%)           2 / 1              0 / 0              0 / 0        
[2026-04-03T02:39:27.589+0600][59.044s][info][gc,reloc    ] GC(51) y: Survivor 4         2M (0%)            1M (0%)           2 / 0              0 / 0              0 / 0        
[2026-04-03T02:39:27.589+0600][59.044s][info][gc,reloc    ] GC(51) y: Survivor 5         1M (0%)            2M (0%)           2 / 1              0 / 0              0 / 0        
[2026-04-03T02:39:27.589+0600][59.044s][info][gc,heap     ] GC(51) y: Min Capacity: 8M(0%)
[2026-04-03T02:39:27.589+0600][59.044s][info][gc,heap     ] GC(51) y: Max Capacity: 1750M(100%)
[2026-04-03T02:39:27.589+0600][59.044s][info][gc,heap     ] GC(51) y: Soft Max Capacity: 1750M(100%)
[2026-04-03T02:39:27.589+0600][59.044s][info][gc,heap     ] GC(51) y: Heap Statistics:
[2026-04-03T02:39:27.589+0600][59.044s][info][gc,heap     ] GC(51) y:                Mark Start          Mark End        Relocate Start      Relocate End           High               Low         
[2026-04-03T02:39:27.589+0600][59.044s][info][gc,heap     ] GC(51) y:  Capacity:     1750M (100%)       1750M (100%)       1750M (100%)       1750M (100%)       1750M (100%)       1750M (100%)   
[2026-04-03T02:39:27.589+0600][59.044s][info][gc,heap     ] GC(51) y:      Free:      510M (29%)         418M (24%)         906M (52%)        1436M (82%)        1436M (82%)         418M (24%)    
[2026-04-03T02:39:27.589+0600][59.044s][info][gc,heap     ] GC(51) y:      Used:     1240M (71%)        1332M (76%)         844M (48%)         314M (18%)        1332M (76%)         314M (18%)    
[2026-04-03T02:39:27.589+0600][59.044s][info][gc,heap     ] GC(51) y: Young Generation Statistics:
[2026-04-03T02:39:27.589+0600][59.044s][info][gc,heap     ] GC(51) y:                Mark Start          Mark End        Relocate Start      Relocate End    
[2026-04-03T02:39:27.589+0600][59.044s][info][gc,heap     ] GC(51) y:      Used:     1050M (60%)        1142M (65%)         654M (37%)         124M (7%)     
[2026-04-03T02:39:27.589+0600][59.044s][info][gc,heap     ] GC(51) y:      Live:         -                19M (1%)           19M (1%)           19M (1%)     
[2026-04-03T02:39:27.589+0600][59.044s][info][gc,heap     ] GC(51) y:   Garbage:         -              1030M (59%)         542M (31%)           2M (0%)     
[2026-04-03T02:39:27.589+0600][59.044s][info][gc,heap     ] GC(51) y: Allocated:         -                92M (5%)           92M (5%)          101M (6%)     
[2026-04-03T02:39:27.589+0600][59.044s][info][gc,heap     ] GC(51) y: Reclaimed:         -                  -               488M (28%)        1027M (59%)    
[2026-04-03T02:39:27.589+0600][59.044s][info][gc,heap     ] GC(51) y:  Promoted:         -                  -                 0M (0%)            0M (0%)     
[2026-04-03T02:39:27.589+0600][59.044s][info][gc,heap     ] GC(51) y: Compacted:         -                  -                  -                 8M (0%)     
[2026-04-03T02:39:27.589+0600][59.044s][info][gc,phases   ] GC(51) y: Young Generation 1240M(71%)->314M(18%) 0.084s
[2026-04-03T02:39:27.589+0600][59.044s][info][gc          ] GC(51) Minor Collection (Allocation Rate) 1240M(71%)->314M(18%) 0.085s
[2026-04-03T02:39:28.667+0600][60.122s][info][gc          ] GC(52) Minor Collection (Allocation Rate)
[2026-04-03T02:39:28.667+0600][60.122s][info][gc,task     ] GC(52) Using 1 Workers for Young Generation
[2026-04-03T02:39:28.667+0600][60.122s][info][gc,phases   ] GC(52) y: Young Generation
[2026-04-03T02:39:28.667+0600][60.122s][info][gc,phases   ] GC(52) y: Pause Mark Start 0.026ms
[2026-04-03T02:39:28.729+0600][60.185s][info][gc,phases   ] GC(52) y: Concurrent Mark 61.995ms
[2026-04-03T02:39:28.730+0600][60.185s][info][gc,phases   ] GC(52) y: Pause Mark End 0.066ms
[2026-04-03T02:39:28.730+0600][60.185s][info][gc,phases   ] GC(52) y: Concurrent Mark Free 0.002ms
[2026-04-03T02:39:28.730+0600][60.185s][info][gc,phases   ] GC(52) y: Concurrent Reset Relocation Set 0.032ms
[2026-04-03T02:39:28.732+0600][60.188s][info][gc,reloc    ] GC(52) y: Using tenuring threshold: 7 (Computed)
[2026-04-03T02:39:28.733+0600][60.188s][info][gc,phases   ] GC(52) y: Concurrent Select Relocation Set 3.009ms
[2026-04-03T02:39:28.733+0600][60.189s][info][gc,phases   ] GC(52) y: Pause Relocate Start 0.020ms
[2026-04-03T02:39:28.746+0600][60.202s][info][gc,phases   ] GC(52) y: Concurrent Relocate 12.991ms
[2026-04-03T02:39:28.746+0600][60.202s][info][gc,alloc    ] GC(52) y:                         Mark Start        Mark End      Relocate Start    Relocate End   
[2026-04-03T02:39:28.746+0600][60.202s][info][gc,alloc    ] GC(52) y: Allocation Stalls:          0                0                0                0         
[2026-04-03T02:39:28.746+0600][60.202s][info][gc,load     ] GC(52) y: Load: 5.92 (49%) / 5.45 (45%) / 5.65 (47%)
[2026-04-03T02:39:28.746+0600][60.202s][info][gc,mmu      ] GC(52) y: MMU: 2ms/93.5%, 5ms/97.4%, 10ms/98.4%, 20ms/99.2%, 50ms/99.7%, 100ms/99.8%
[2026-04-03T02:39:28.746+0600][60.202s][info][gc,marking  ] GC(52) y: Mark: 1 stripe(s), 2 proactive flush(es), 1 terminate flush(es), 0 completion(s), 0 continuation(s) 
[2026-04-03T02:39:28.746+0600][60.202s][info][gc,marking  ] GC(52) y: Mark Stack Usage: 32M
[2026-04-03T02:39:28.746+0600][60.202s][info][gc,nmethod  ] GC(52) y: NMethods: 14657 registered, 2684 unregistered
[2026-04-03T02:39:28.746+0600][60.202s][info][gc,metaspace] GC(52) y: Metaspace: 128M used, 129M committed, 1152M reserved
[2026-04-03T02:39:28.746+0600][60.202s][info][gc,reloc    ] GC(52) y:                        Candidates     Selected     In-Place         Size        Empty    Relocated 
[2026-04-03T02:39:28.747+0600][60.202s][info][gc,reloc    ] GC(52) y: Small Pages:                  366          228            0         732M         250M           8M 
[2026-04-03T02:39:28.747+0600][60.202s][info][gc,reloc    ] GC(52) y: Medium Pages:                   4            0            0         128M         128M           0M 
[2026-04-03T02:39:28.747+0600][60.202s][info][gc,reloc    ] GC(52) y: Large Pages:                   17            0            0         102M         102M           0M 
[2026-04-03T02:39:28.747+0600][60.202s][info][gc,reloc    ] GC(52) y: Forwarding Usage: 1M
[2026-04-03T02:39:28.747+0600][60.202s][info][gc,reloc    ] GC(52) y: Age Table:
[2026-04-03T02:39:28.747+0600][60.202s][info][gc,reloc    ] GC(52) y:                    Live             Garbage             Small              Medium             Large        
[2026-04-03T02:39:28.747+0600][60.202s][info][gc,reloc    ] GC(52) y: Eden               6M (0%)          929M (53%)        353 / 225            4 / 0             17 / 0        
[2026-04-03T02:39:28.747+0600][60.202s][info][gc,reloc    ] GC(52) y: Survivor 1         2M (0%)            5M (0%)           4 / 1              0 / 0              0 / 0        
[2026-04-03T02:39:28.747+0600][60.202s][info][gc,reloc    ] GC(52) y: Survivor 2         1M (0%)            0M (0%)           1 / 0              0 / 0              0 / 0        
[2026-04-03T02:39:28.747+0600][60.202s][info][gc,reloc    ] GC(52) y: Survivor 3         3M (0%)            0M (0%)           2 / 0              0 / 0              0 / 0        
[2026-04-03T02:39:28.747+0600][60.202s][info][gc,reloc    ] GC(52) y: Survivor 4         2M (0%)            1M (0%)           2 / 0              0 / 0              0 / 0        
[2026-04-03T02:39:28.747+0600][60.202s][info][gc,reloc    ] GC(52) y: Survivor 5         2M (0%)            1M (0%)           2 / 1              0 / 0              0 / 0        
[2026-04-03T02:39:28.747+0600][60.202s][info][gc,reloc    ] GC(52) y: Survivor 6         1M (0%)            2M (0%)           2 / 1              0 / 0              0 / 0        
[2026-04-03T02:39:28.747+0600][60.202s][info][gc,heap     ] GC(52) y: Min Capacity: 8M(0%)
[2026-04-03T02:39:28.747+0600][60.202s][info][gc,heap     ] GC(52) y: Max Capacity: 1750M(100%)
[2026-04-03T02:39:28.747+0600][60.202s][info][gc,heap     ] GC(52) y: Soft Max Capacity: 1750M(100%)
[2026-04-03T02:39:28.747+0600][60.202s][info][gc,heap     ] GC(52) y: Heap Statistics:
[2026-04-03T02:39:28.747+0600][60.202s][info][gc,heap     ] GC(52) y:                Mark Start          Mark End        Relocate Start      Relocate End           High               Low         
[2026-04-03T02:39:28.747+0600][60.202s][info][gc,heap     ] GC(52) y:  Capacity:     1750M (100%)       1750M (100%)       1750M (100%)       1750M (100%)       1750M (100%)       1750M (100%)   
[2026-04-03T02:39:28.747+0600][60.202s][info][gc,heap     ] GC(52) y:      Free:      598M (34%)         520M (30%)        1000M (57%)        1450M (83%)        1450M (83%)         520M (30%)    
[2026-04-03T02:39:28.747+0600][60.202s][info][gc,heap     ] GC(52) y:      Used:     1152M (66%)        1230M (70%)         750M (43%)         300M (17%)        1230M (70%)         300M (17%)    
[2026-04-03T02:39:28.747+0600][60.202s][info][gc,heap     ] GC(52) y: Young Generation Statistics:
[2026-04-03T02:39:28.747+0600][60.202s][info][gc,heap     ] GC(52) y:                Mark Start          Mark End        Relocate Start      Relocate End    
[2026-04-03T02:39:28.747+0600][60.202s][info][gc,heap     ] GC(52) y:      Used:      962M (55%)        1040M (59%)         560M (32%)         110M (6%)     
[2026-04-03T02:39:28.747+0600][60.202s][info][gc,heap     ] GC(52) y:      Live:         -                21M (1%)           21M (1%)           21M (1%)     
[2026-04-03T02:39:28.747+0600][60.202s][info][gc,heap     ] GC(52) y:   Garbage:         -               940M (54%)         460M (26%)           2M (0%)     
[2026-04-03T02:39:28.747+0600][60.202s][info][gc,heap     ] GC(52) y: Allocated:         -                78M (4%)           78M (4%)           85M (5%)     
[2026-04-03T02:39:28.747+0600][60.202s][info][gc,heap     ] GC(52) y: Reclaimed:         -                  -               480M (27%)         937M (54%)    
[2026-04-03T02:39:28.747+0600][60.202s][info][gc,heap     ] GC(52) y:  Promoted:         -                  -                 0M (0%)            0M (0%)     
[2026-04-03T02:39:28.747+0600][60.202s][info][gc,heap     ] GC(52) y: Compacted:         -                  -                  -                10M (1%)     
[2026-04-03T02:39:28.747+0600][60.202s][info][gc,phases   ] GC(52) y: Young Generation 1152M(66%)->300M(17%) 0.080s
[2026-04-03T02:39:28.747+0600][60.202s][info][gc          ] GC(52) Minor Collection (Allocation Rate) 1152M(66%)->300M(17%) 0.080s
[2026-04-03T02:39:30.096+0600][61.551s][info][gc          ] GC(53) Minor Collection (Allocation Rate)
[2026-04-03T02:39:30.096+0600][61.552s][info][gc,task     ] GC(53) Using 2 Workers for Young Generation
[2026-04-03T02:39:30.096+0600][61.552s][info][gc,phases   ] GC(53) y: Young Generation
[2026-04-03T02:39:30.096+0600][61.552s][info][gc,phases   ] GC(53) y: Pause Mark Start 0.018ms
[2026-04-03T02:39:30.127+0600][61.582s][info][gc,phases   ] GC(53) y: Concurrent Mark 30.203ms
[2026-04-03T02:39:30.127+0600][61.582s][info][gc,phases   ] GC(53) y: Pause Mark End 0.020ms
[2026-04-03T02:39:30.127+0600][61.583s][info][gc,phases   ] GC(53) y: Concurrent Mark Free 0.004ms
[2026-04-03T02:39:30.127+0600][61.583s][info][gc,phases   ] GC(53) y: Concurrent Reset Relocation Set 0.020ms
[2026-04-03T02:39:30.129+0600][61.584s][info][gc,reloc    ] GC(53) y: Using tenuring threshold: 6 (Computed)
[2026-04-03T02:39:30.130+0600][61.585s][info][gc,phases   ] GC(53) y: Concurrent Select Relocation Set 2.645ms
[2026-04-03T02:39:30.130+0600][61.585s][info][gc,phases   ] GC(53) y: Pause Relocate Start 0.015ms
[2026-04-03T02:39:30.135+0600][61.590s][info][gc,phases   ] GC(53) y: Concurrent Relocate 4.601ms
[2026-04-03T02:39:30.135+0600][61.590s][info][gc,alloc    ] GC(53) y:                         Mark Start        Mark End      Relocate Start    Relocate End   
[2026-04-03T02:39:30.135+0600][61.590s][info][gc,alloc    ] GC(53) y: Allocation Stalls:          0                0                0                0         
[2026-04-03T02:39:30.135+0600][61.590s][info][gc,load     ] GC(53) y: Load: 6.09 (51%) / 5.49 (46%) / 5.66 (47%)
[2026-04-03T02:39:30.135+0600][61.590s][info][gc,mmu      ] GC(53) y: MMU: 2ms/93.5%, 5ms/97.4%, 10ms/98.4%, 20ms/99.2%, 50ms/99.7%, 100ms/99.8%
[2026-04-03T02:39:30.135+0600][61.590s][info][gc,marking  ] GC(53) y: Mark: 2 stripe(s), 2 proactive flush(es), 1 terminate flush(es), 0 completion(s), 0 continuation(s) 
[2026-04-03T02:39:30.135+0600][61.590s][info][gc,marking  ] GC(53) y: Mark Stack Usage: 32M
[2026-04-03T02:39:30.135+0600][61.590s][info][gc,nmethod  ] GC(53) y: NMethods: 14670 registered, 2684 unregistered
[2026-04-03T02:39:30.135+0600][61.590s][info][gc,metaspace] GC(53) y: Metaspace: 128M used, 129M committed, 1152M reserved
[2026-04-03T02:39:30.135+0600][61.590s][info][gc,reloc    ] GC(53) y:                        Candidates     Selected     In-Place         Size        Empty    Relocated 
[2026-04-03T02:39:30.135+0600][61.590s][info][gc,reloc    ] GC(53) y: Small Pages:                  539          240            0        1078M         570M           5M 
[2026-04-03T02:39:30.135+0600][61.590s][info][gc,reloc    ] GC(53) y: Medium Pages:                   6            0            0         192M         192M           0M 
[2026-04-03T02:39:30.135+0600][61.590s][info][gc,reloc    ] GC(53) y: Large Pages:                   24            0            0         144M         144M           0M 
[2026-04-03T02:39:30.135+0600][61.590s][info][gc,reloc    ] GC(53) y: Forwarding Usage: 1M
[2026-04-03T02:39:30.135+0600][61.590s][info][gc,reloc    ] GC(53) y: Age Table:
[2026-04-03T02:39:30.135+0600][61.590s][info][gc,reloc    ] GC(53) y:                    Live             Garbage             Small              Medium             Large        
[2026-04-03T02:39:30.135+0600][61.590s][info][gc,reloc    ] GC(53) y: Eden               4M (0%)         1377M (79%)        523 / 236            6 / 0             24 / 0        
[2026-04-03T02:39:30.135+0600][61.590s][info][gc,reloc    ] GC(53) y: Survivor 1         2M (0%)            5M (0%)           4 / 1              0 / 0              0 / 0        
[2026-04-03T02:39:30.135+0600][61.590s][info][gc,reloc    ] GC(53) y: Survivor 2         2M (0%)            3M (0%)           3 / 2              0 / 0              0 / 0        
[2026-04-03T02:39:30.135+0600][61.590s][info][gc,reloc    ] GC(53) y: Survivor 3         1M (0%)            0M (0%)           1 / 0              0 / 0              0 / 0        
[2026-04-03T02:39:30.135+0600][61.590s][info][gc,reloc    ] GC(53) y: Survivor 4         3M (0%)            0M (0%)           2 / 0              0 / 0              0 / 0        
[2026-04-03T02:39:30.135+0600][61.590s][info][gc,reloc    ] GC(53) y: Survivor 5         2M (0%)            1M (0%)           2 / 0              0 / 0              0 / 0        
[2026-04-03T02:39:30.135+0600][61.590s][info][gc,reloc    ] GC(53) y: Survivor 6         2M (0%)            1M (0%)           2 / 0              0 / 0              0 / 0        
[2026-04-03T02:39:30.135+0600][61.590s][info][gc,reloc    ] GC(53) y: Survivor 7         1M (0%)            2M (0%)           2 / 1              0 / 0              0 / 0        
[2026-04-03T02:39:30.135+0600][61.590s][info][gc,heap     ] GC(53) y: Min Capacity: 8M(0%)
[2026-04-03T02:39:30.135+0600][61.590s][info][gc,heap     ] GC(53) y: Max Capacity: 1750M(100%)
[2026-04-03T02:39:30.135+0600][61.590s][info][gc,heap     ] GC(53) y: Soft Max Capacity: 1750M(100%)
[2026-04-03T02:39:30.135+0600][61.590s][info][gc,heap     ] GC(53) y: Heap Statistics:
[2026-04-03T02:39:30.135+0600][61.590s][info][gc,heap     ] GC(53) y:                Mark Start          Mark End        Relocate Start      Relocate End           High               Low         
[2026-04-03T02:39:30.135+0600][61.590s][info][gc,heap     ] GC(53) y:  Capacity:     1750M (100%)       1750M (100%)       1750M (100%)       1750M (100%)       1750M (100%)       1750M (100%)   
[2026-04-03T02:39:30.135+0600][61.590s][info][gc,heap     ] GC(53) y:      Free:      146M (8%)           90M (5%)          994M (57%)        1464M (84%)        1466M (84%)          88M (5%)     
[2026-04-03T02:39:30.135+0600][61.590s][info][gc,heap     ] GC(53) y:      Used:     1604M (92%)        1660M (95%)         756M (43%)         286M (16%)        1662M (95%)         284M (16%)    
[2026-04-03T02:39:30.135+0600][61.590s][info][gc,heap     ] GC(53) y: Young Generation Statistics:
[2026-04-03T02:39:30.135+0600][61.590s][info][gc,heap     ] GC(53) y:                Mark Start          Mark End        Relocate Start      Relocate End    
[2026-04-03T02:39:30.135+0600][61.590s][info][gc,heap     ] GC(53) y:      Used:     1414M (81%)        1470M (84%)         560M (32%)          88M (5%)     
[2026-04-03T02:39:30.135+0600][61.590s][info][gc,heap     ] GC(53) y:      Live:         -                22M (1%)           18M (1%)           17M (1%)     
[2026-04-03T02:39:30.135+0600][61.590s][info][gc,heap     ] GC(53) y:   Garbage:         -              1391M (80%)         483M (28%)           2M (0%)     
[2026-04-03T02:39:30.135+0600][61.590s][info][gc,heap     ] GC(53) y: Allocated:         -                56M (3%)           58M (3%)           67M (4%)     
[2026-04-03T02:39:30.135+0600][61.590s][info][gc,heap     ] GC(53) y: Reclaimed:         -                  -               907M (52%)        1388M (79%)    
[2026-04-03T02:39:30.135+0600][61.590s][info][gc,heap     ] GC(53) y:  Promoted:         -                  -                 4M (0%)            4M (0%)     
[2026-04-03T02:39:30.135+0600][61.590s][info][gc,heap     ] GC(53) y: Compacted:         -                  -                  -                 6M (0%)     
[2026-04-03T02:39:30.135+0600][61.590s][info][gc,phases   ] GC(53) y: Young Generation 1604M(92%)->286M(16%) 0.039s
[2026-04-03T02:39:30.135+0600][61.591s][info][gc          ] GC(53) Minor Collection (Allocation Rate) 1604M(92%)->286M(16%) 0.039s
[2026-04-03T02:39:30.315+0600][61.770s][info][gc          ] GC(54) Minor Collection (Allocation Rate)
[2026-04-03T02:39:30.315+0600][61.771s][info][gc,task     ] GC(54) Using 1 Workers for Young Generation
[2026-04-03T02:39:30.315+0600][61.771s][info][gc,phases   ] GC(54) y: Young Generation
[2026-04-03T02:39:30.315+0600][61.771s][info][gc,phases   ] GC(54) y: Pause Mark Start 0.028ms
[2026-04-03T02:39:30.381+0600][61.837s][info][gc,phases   ] GC(54) y: Concurrent Mark 65.889ms
[2026-04-03T02:39:30.382+0600][61.837s][info][gc,phases   ] GC(54) y: Pause Mark End 0.033ms
[2026-04-03T02:39:30.382+0600][61.837s][info][gc,phases   ] GC(54) y: Concurrent Mark Free 0.002ms
[2026-04-03T02:39:30.382+0600][61.837s][info][gc,phases   ] GC(54) y: Concurrent Reset Relocation Set 0.023ms
[2026-04-03T02:39:30.384+0600][61.840s][info][gc,reloc    ] GC(54) y: Using tenuring threshold: 6 (Computed)
[2026-04-03T02:39:30.386+0600][61.841s][info][gc,phases   ] GC(54) y: Concurrent Select Relocation Set 3.684ms
[2026-04-03T02:39:30.386+0600][61.841s][info][gc,phases   ] GC(54) y: Pause Relocate Start 0.010ms
[2026-04-03T02:39:30.391+0600][61.847s][info][gc,phases   ] GC(54) y: Concurrent Relocate 5.317ms
[2026-04-03T02:39:30.391+0600][61.847s][info][gc,alloc    ] GC(54) y:                         Mark Start        Mark End      Relocate Start    Relocate End   
[2026-04-03T02:39:30.391+0600][61.847s][info][gc,alloc    ] GC(54) y: Allocation Stalls:          0                0                0                0         
[2026-04-03T02:39:30.391+0600][61.847s][info][gc,load     ] GC(54) y: Load: 6.09 (51%) / 5.49 (46%) / 5.66 (47%)
[2026-04-03T02:39:30.391+0600][61.847s][info][gc,mmu      ] GC(54) y: MMU: 2ms/93.5%, 5ms/97.4%, 10ms/98.4%, 20ms/99.2%, 50ms/99.7%, 100ms/99.8%
[2026-04-03T02:39:30.391+0600][61.847s][info][gc,marking  ] GC(54) y: Mark: 1 stripe(s), 2 proactive flush(es), 1 terminate flush(es), 0 completion(s), 0 continuation(s) 
[2026-04-03T02:39:30.391+0600][61.847s][info][gc,marking  ] GC(54) y: Mark Stack Usage: 32M
[2026-04-03T02:39:30.391+0600][61.847s][info][gc,nmethod  ] GC(54) y: NMethods: 14677 registered, 2684 unregistered
[2026-04-03T02:39:30.391+0600][61.847s][info][gc,metaspace] GC(54) y: Metaspace: 128M used, 129M committed, 1152M reserved
[2026-04-03T02:39:30.391+0600][61.847s][info][gc,reloc    ] GC(54) y:                        Candidates     Selected     In-Place         Size        Empty    Relocated 
[2026-04-03T02:39:30.391+0600][61.847s][info][gc,reloc    ] GC(54) y: Small Pages:                   83           53            0         166M          32M           5M 
[2026-04-03T02:39:30.391+0600][61.847s][info][gc,reloc    ] GC(54) y: Medium Pages:                   1            0            0          32M          32M           0M 
[2026-04-03T02:39:30.391+0600][61.847s][info][gc,reloc    ] GC(54) y: Large Pages:                  127            0            0         762M         744M           0M 
[2026-04-03T02:39:30.391+0600][61.847s][info][gc,reloc    ] GC(54) y: Forwarding Usage: 0M
[2026-04-03T02:39:30.391+0600][61.847s][info][gc,reloc    ] GC(54) y: Age Table:
[2026-04-03T02:39:30.391+0600][61.847s][info][gc,reloc    ] GC(54) y:                    Live             Garbage             Small              Medium             Large        
[2026-04-03T02:39:30.391+0600][61.847s][info][gc,reloc    ] GC(54) y: Eden              23M (1%)          908M (52%)         69 / 49             1 / 0            127 / 0        
[2026-04-03T02:39:30.391+0600][61.847s][info][gc,reloc    ] GC(54) y: Survivor 1         3M (0%)            2M (0%)           3 / 1              0 / 0              0 / 0        
[2026-04-03T02:39:30.391+0600][61.847s][info][gc,reloc    ] GC(54) y: Survivor 2         2M (0%)            3M (0%)           3 / 1              0 / 0              0 / 0        
[2026-04-03T02:39:30.391+0600][61.847s][info][gc,reloc    ] GC(54) y: Survivor 3         2M (0%)            3M (0%)           3 / 1              0 / 0              0 / 0        
[2026-04-03T02:39:30.391+0600][61.847s][info][gc,reloc    ] GC(54) y: Survivor 4         1M (0%)            0M (0%)           1 / 0              0 / 0              0 / 0        
[2026-04-03T02:39:30.391+0600][61.847s][info][gc,reloc    ] GC(54) y: Survivor 5         3M (0%)            0M (0%)           2 / 0              0 / 0              0 / 0        
[2026-04-03T02:39:30.391+0600][61.847s][info][gc,reloc    ] GC(54) y: Survivor 6         2M (0%)            1M (0%)           2 / 1              0 / 0              0 / 0        
[2026-04-03T02:39:30.391+0600][61.847s][info][gc,heap     ] GC(54) y: Min Capacity: 8M(0%)
[2026-04-03T02:39:30.391+0600][61.847s][info][gc,heap     ] GC(54) y: Max Capacity: 1750M(100%)
[2026-04-03T02:39:30.391+0600][61.847s][info][gc,heap     ] GC(54) y: Soft Max Capacity: 1750M(100%)
[2026-04-03T02:39:30.391+0600][61.847s][info][gc,heap     ] GC(54) y: Heap Statistics:
[2026-04-03T02:39:30.391+0600][61.847s][info][gc,heap     ] GC(54) y:                Mark Start          Mark End        Relocate Start      Relocate End           High               Low         
[2026-04-03T02:39:30.391+0600][61.847s][info][gc,heap     ] GC(54) y:  Capacity:     1750M (100%)       1750M (100%)       1750M (100%)       1750M (100%)       1750M (100%)       1750M (100%)   
[2026-04-03T02:39:30.391+0600][61.847s][info][gc,heap     ] GC(54) y:      Free:      592M (34%)         446M (25%)        1252M (72%)        1350M (77%)        1350M (77%)         446M (25%)    
[2026-04-03T02:39:30.391+0600][61.847s][info][gc,heap     ] GC(54) y:      Used:     1158M (66%)        1304M (75%)         498M (28%)         400M (23%)        1304M (75%)         400M (23%)    
[2026-04-03T02:39:30.391+0600][61.847s][info][gc,heap     ] GC(54) y: Young Generation Statistics:
[2026-04-03T02:39:30.391+0600][61.847s][info][gc,heap     ] GC(54) y:                Mark Start          Mark End        Relocate Start      Relocate End    
[2026-04-03T02:39:30.391+0600][61.847s][info][gc,heap     ] GC(54) y:      Used:      960M (55%)        1106M (63%)         298M (17%)         198M (11%)    
[2026-04-03T02:39:30.391+0600][61.847s][info][gc,heap     ] GC(54) y:      Live:         -                41M (2%)           39M (2%)           38M (2%)     
[2026-04-03T02:39:30.391+0600][61.847s][info][gc,heap     ] GC(54) y:   Garbage:         -               918M (53%)         110M (6%)            3M (0%)     
[2026-04-03T02:39:30.391+0600][61.847s][info][gc,heap     ] GC(54) y: Allocated:         -               146M (8%)          148M (8%)          156M (9%)     
[2026-04-03T02:39:30.391+0600][61.847s][info][gc,heap     ] GC(54) y: Reclaimed:         -                  -               808M (46%)         915M (52%)    
[2026-04-03T02:39:30.391+0600][61.847s][info][gc,heap     ] GC(54) y:  Promoted:         -                  -                 1M (0%)            2M (0%)     
[2026-04-03T02:39:30.391+0600][61.847s][info][gc,heap     ] GC(54) y: Compacted:         -                  -                  -                 5M (0%)     
[2026-04-03T02:39:30.392+0600][61.847s][info][gc,phases   ] GC(54) y: Young Generation 1158M(66%)->400M(23%) 0.076s
[2026-04-03T02:39:30.392+0600][61.847s][info][gc          ] GC(54) Minor Collection (Allocation Rate) 1158M(66%)->400M(23%) 0.077s
[2026-04-03T02:39:31.238+0600][62.693s][info][gc          ] GC(55) Minor Collection (Allocation Rate)
[2026-04-03T02:39:31.238+0600][62.694s][info][gc,task     ] GC(55) Using 1 Workers for Young Generation
[2026-04-03T02:39:31.238+0600][62.694s][info][gc,phases   ] GC(55) y: Young Generation
[2026-04-03T02:39:31.242+0600][62.697s][info][gc,phases   ] GC(55) y: Pause Mark Start 0.038ms
[2026-04-03T02:39:31.316+0600][62.772s][info][gc,phases   ] GC(55) y: Concurrent Mark 74.391ms
[2026-04-03T02:39:31.317+0600][62.772s][info][gc,phases   ] GC(55) y: Pause Mark End 0.030ms
[2026-04-03T02:39:31.317+0600][62.772s][info][gc,phases   ] GC(55) y: Concurrent Mark Free 0.003ms
[2026-04-03T02:39:31.317+0600][62.772s][info][gc,phases   ] GC(55) y: Concurrent Reset Relocation Set 0.018ms
[2026-04-03T02:39:31.319+0600][62.775s][info][gc,reloc    ] GC(55) y: Using tenuring threshold: 5 (Computed)
[2026-04-03T02:39:31.322+0600][62.778s][info][gc,phases   ] GC(55) y: Concurrent Select Relocation Set 5.271ms
[2026-04-03T02:39:31.323+0600][62.778s][info][gc,phases   ] GC(55) y: Pause Relocate Start 0.021ms
[2026-04-03T02:39:31.336+0600][62.791s][info][gc,phases   ] GC(55) y: Concurrent Relocate 12.901ms
[2026-04-03T02:39:31.336+0600][62.791s][info][gc,alloc    ] GC(55) y:                         Mark Start        Mark End      Relocate Start    Relocate End   
[2026-04-03T02:39:31.336+0600][62.791s][info][gc,alloc    ] GC(55) y: Allocation Stalls:          0                0                0                0         
[2026-04-03T02:39:31.336+0600][62.791s][info][gc,load     ] GC(55) y: Load: 6.09 (51%) / 5.49 (46%) / 5.66 (47%)
[2026-04-03T02:39:31.336+0600][62.791s][info][gc,mmu      ] GC(55) y: MMU: 2ms/93.5%, 5ms/97.4%, 10ms/98.4%, 20ms/99.2%, 50ms/99.7%, 100ms/99.8%
[2026-04-03T02:39:31.336+0600][62.791s][info][gc,marking  ] GC(55) y: Mark: 1 stripe(s), 2 proactive flush(es), 1 terminate flush(es), 0 completion(s), 0 continuation(s) 
[2026-04-03T02:39:31.336+0600][62.791s][info][gc,marking  ] GC(55) y: Mark Stack Usage: 32M
[2026-04-03T02:39:31.336+0600][62.791s][info][gc,nmethod  ] GC(55) y: NMethods: 14696 registered, 2684 unregistered
[2026-04-03T02:39:31.336+0600][62.791s][info][gc,metaspace] GC(55) y: Metaspace: 128M used, 129M committed, 1152M reserved
[2026-04-03T02:39:31.336+0600][62.791s][info][gc,reloc    ] GC(55) y:                        Candidates     Selected     In-Place         Size        Empty    Relocated 
[2026-04-03T02:39:31.336+0600][62.791s][info][gc,reloc    ] GC(55) y: Small Pages:                  295          209            0         590M         146M           6M 
[2026-04-03T02:39:31.336+0600][62.791s][info][gc,reloc    ] GC(55) y: Medium Pages:                   4            0            0         128M          96M           0M 
[2026-04-03T02:39:31.336+0600][62.791s][info][gc,reloc    ] GC(55) y: Large Pages:                   23            0            0         138M         138M           0M 
[2026-04-03T02:39:31.336+0600][62.791s][info][gc,reloc    ] GC(55) y: Forwarding Usage: 1M
[2026-04-03T02:39:31.336+0600][62.791s][info][gc,reloc    ] GC(55) y: Age Table:
[2026-04-03T02:39:31.336+0600][62.791s][info][gc,reloc    ] GC(55) y:                    Live             Garbage             Small              Medium             Large        
[2026-04-03T02:39:31.336+0600][62.791s][info][gc,reloc    ] GC(55) y: Eden               7M (0%)          800M (46%)        280 / 203            4 / 0             20 / 0        
[2026-04-03T02:39:31.336+0600][62.791s][info][gc,reloc    ] GC(55) y: Survivor 1         1M (0%)           22M (1%)           3 / 2              0 / 0              3 / 0        
[2026-04-03T02:39:31.336+0600][62.791s][info][gc,reloc    ] GC(55) y: Survivor 2         3M (0%)            2M (0%)           3 / 1              0 / 0              0 / 0        
[2026-04-03T02:39:31.336+0600][62.791s][info][gc,reloc    ] GC(55) y: Survivor 3         2M (0%)            3M (0%)           3 / 1              0 / 0              0 / 0        
[2026-04-03T02:39:31.336+0600][62.791s][info][gc,reloc    ] GC(55) y: Survivor 4         2M (0%)            3M (0%)           3 / 2              0 / 0              0 / 0        
[2026-04-03T02:39:31.336+0600][62.791s][info][gc,reloc    ] GC(55) y: Survivor 5         1M (0%)            0M (0%)           1 / 0              0 / 0              0 / 0        
[2026-04-03T02:39:31.336+0600][62.791s][info][gc,reloc    ] GC(55) y: Survivor 6         3M (0%)            0M (0%)           2 / 0              0 / 0              0 / 0        
[2026-04-03T02:39:31.336+0600][62.791s][info][gc,heap     ] GC(55) y: Min Capacity: 8M(0%)
[2026-04-03T02:39:31.336+0600][62.791s][info][gc,heap     ] GC(55) y: Max Capacity: 1750M(100%)
[2026-04-03T02:39:31.336+0600][62.791s][info][gc,heap     ] GC(55) y: Soft Max Capacity: 1750M(100%)
[2026-04-03T02:39:31.336+0600][62.791s][info][gc,heap     ] GC(55) y: Heap Statistics:
[2026-04-03T02:39:31.336+0600][62.791s][info][gc,heap     ] GC(55) y:                Mark Start          Mark End        Relocate Start      Relocate End           High               Low         
[2026-04-03T02:39:31.336+0600][62.791s][info][gc,heap     ] GC(55) y:  Capacity:     1750M (100%)       1750M (100%)       1750M (100%)       1750M (100%)       1750M (100%)       1750M (100%)   
[2026-04-03T02:39:31.336+0600][62.791s][info][gc,heap     ] GC(55) y:      Free:      692M (40%)         610M (35%)         990M (57%)        1388M (79%)        1388M (79%)         610M (35%)    
[2026-04-03T02:39:31.336+0600][62.791s][info][gc,heap     ] GC(55) y:      Used:     1058M (60%)        1140M (65%)         760M (43%)         362M (21%)        1140M (65%)         362M (21%)    
[2026-04-03T02:39:31.336+0600][62.791s][info][gc,heap     ] GC(55) y: Young Generation Statistics:
[2026-04-03T02:39:31.336+0600][62.791s][info][gc,heap     ] GC(55) y:                Mark Start          Mark End        Relocate Start      Relocate End    
[2026-04-03T02:39:31.336+0600][62.791s][info][gc,heap     ] GC(55) y:      Used:      856M (49%)         938M (54%)         552M (32%)         154M (9%)     
[2026-04-03T02:39:31.336+0600][62.791s][info][gc,heap     ] GC(55) y:      Live:         -                23M (1%)           18M (1%)           18M (1%)     
[2026-04-03T02:39:31.336+0600][62.791s][info][gc,heap     ] GC(55) y:   Garbage:         -               832M (48%)         451M (26%)          31M (2%)     
[2026-04-03T02:39:31.336+0600][62.791s][info][gc,heap     ] GC(55) y: Allocated:         -                82M (5%)           82M (5%)          103M (6%)     
[2026-04-03T02:39:31.336+0600][62.792s][info][gc,heap     ] GC(55) y: Reclaimed:         -                  -               380M (22%)         800M (46%)    
[2026-04-03T02:39:31.336+0600][62.792s][info][gc,heap     ] GC(55) y:  Promoted:         -                  -                 5M (0%)            5M (0%)     
[2026-04-03T02:39:31.336+0600][62.792s][info][gc,heap     ] GC(55) y: Compacted:         -                  -                  -                 8M (0%)     
[2026-04-03T02:39:31.336+0600][62.792s][info][gc,phases   ] GC(55) y: Young Generation 1090M(62%)->362M(21%) 0.098s
[2026-04-03T02:39:31.336+0600][62.792s][info][gc          ] GC(55) Minor Collection (Allocation Rate) 1090M(62%)->362M(21%) 0.098s
[2026-04-03T02:39:32.010+0600][63.466s][info][gc          ] GC(56) Minor Collection (Allocation Rate)
[2026-04-03T02:39:32.010+0600][63.466s][info][gc,task     ] GC(56) Using 1 Workers for Young Generation
[2026-04-03T02:39:32.010+0600][63.466s][info][gc,phases   ] GC(56) y: Young Generation
[2026-04-03T02:39:32.011+0600][63.466s][info][gc,phases   ] GC(56) y: Pause Mark Start 0.036ms
[2026-04-03T02:39:32.072+0600][63.527s][info][gc,phases   ] GC(56) y: Concurrent Mark 60.729ms
[2026-04-03T02:39:32.072+0600][63.527s][info][gc,phases   ] GC(56) y: Pause Mark End 0.033ms
[2026-04-03T02:39:32.072+0600][63.527s][info][gc,phases   ] GC(56) y: Concurrent Mark Free 0.003ms
[2026-04-03T02:39:32.072+0600][63.528s][info][gc,phases   ] GC(56) y: Concurrent Reset Relocation Set 0.031ms
[2026-04-03T02:39:32.075+0600][63.530s][info][gc,reloc    ] GC(56) y: Using tenuring threshold: 6 (Computed)
[2026-04-03T02:39:32.076+0600][63.531s][info][gc,phases   ] GC(56) y: Concurrent Select Relocation Set 3.443ms
[2026-04-03T02:39:32.076+0600][63.531s][info][gc,phases   ] GC(56) y: Pause Relocate Start 0.020ms
[2026-04-03T02:39:32.086+0600][63.541s][info][gc,phases   ] GC(56) y: Concurrent Relocate 10.083ms
[2026-04-03T02:39:32.086+0600][63.542s][info][gc,alloc    ] GC(56) y:                         Mark Start        Mark End      Relocate Start    Relocate End   
[2026-04-03T02:39:32.086+0600][63.542s][info][gc,alloc    ] GC(56) y: Allocation Stalls:          0                0                0                0         
[2026-04-03T02:39:32.086+0600][63.542s][info][gc,load     ] GC(56) y: Load: 6.09 (51%) / 5.49 (46%) / 5.66 (47%)
[2026-04-03T02:39:32.086+0600][63.542s][info][gc,mmu      ] GC(56) y: MMU: 2ms/93.5%, 5ms/97.4%, 10ms/98.4%, 20ms/99.2%, 50ms/99.7%, 100ms/99.8%
[2026-04-03T02:39:32.086+0600][63.542s][info][gc,marking  ] GC(56) y: Mark: 1 stripe(s), 2 proactive flush(es), 1 terminate flush(es), 0 completion(s), 0 continuation(s) 
[2026-04-03T02:39:32.086+0600][63.542s][info][gc,marking  ] GC(56) y: Mark Stack Usage: 32M
[2026-04-03T02:39:32.086+0600][63.542s][info][gc,nmethod  ] GC(56) y: NMethods: 14716 registered, 2684 unregistered
[2026-04-03T02:39:32.086+0600][63.542s][info][gc,metaspace] GC(56) y: Metaspace: 128M used, 129M committed, 1152M reserved
[2026-04-03T02:39:32.086+0600][63.542s][info][gc,reloc    ] GC(56) y:                        Candidates     Selected     In-Place         Size        Empty    Relocated 
[2026-04-03T02:39:32.086+0600][63.542s][info][gc,reloc    ] GC(56) y: Small Pages:                  240          140            0         480M         178M           6M 
[2026-04-03T02:39:32.086+0600][63.542s][info][gc,reloc    ] GC(56) y: Medium Pages:                   5            0            0         160M         160M           0M 
[2026-04-03T02:39:32.086+0600][63.542s][info][gc,reloc    ] GC(56) y: Large Pages:                   12            0            0          72M          72M           0M 
[2026-04-03T02:39:32.086+0600][63.542s][info][gc,reloc    ] GC(56) y: Forwarding Usage: 1M
[2026-04-03T02:39:32.086+0600][63.542s][info][gc,reloc    ] GC(56) y: Age Table:
[2026-04-03T02:39:32.086+0600][63.542s][info][gc,reloc    ] GC(56) y:                    Live             Garbage             Small              Medium             Large        
[2026-04-03T02:39:32.086+0600][63.542s][info][gc,reloc    ] GC(56) y: Eden               4M (0%)          643M (37%)        224 / 133            4 / 0             12 / 0        
[2026-04-03T02:39:32.086+0600][63.542s][info][gc,reloc    ] GC(56) y: Survivor 1         3M (0%)           42M (2%)           7 / 5              1 / 0              0 / 0        
[2026-04-03T02:39:32.086+0600][63.542s][info][gc,reloc    ] GC(56) y: Survivor 2         1M (0%)            0M (0%)           1 / 0              0 / 0              0 / 0        
[2026-04-03T02:39:32.086+0600][63.542s][info][gc,reloc    ] GC(56) y: Survivor 3         3M (0%)            2M (0%)           3 / 1              0 / 0              0 / 0        
[2026-04-03T02:39:32.086+0600][63.542s][info][gc,reloc    ] GC(56) y: Survivor 4         2M (0%)            3M (0%)           3 / 0              0 / 0              0 / 0        
[2026-04-03T02:39:32.086+0600][63.542s][info][gc,reloc    ] GC(56) y: Survivor 5         2M (0%)            1M (0%)           2 / 1              0 / 0              0 / 0        
[2026-04-03T02:39:32.086+0600][63.542s][info][gc,heap     ] GC(56) y: Min Capacity: 8M(0%)
[2026-04-03T02:39:32.086+0600][63.542s][info][gc,heap     ] GC(56) y: Max Capacity: 1750M(100%)
[2026-04-03T02:39:32.086+0600][63.542s][info][gc,heap     ] GC(56) y: Soft Max Capacity: 1750M(100%)
[2026-04-03T02:39:32.086+0600][63.542s][info][gc,heap     ] GC(56) y: Heap Statistics:
[2026-04-03T02:39:32.086+0600][63.542s][info][gc,heap     ] GC(56) y:                Mark Start          Mark End        Relocate Start      Relocate End           High               Low         
[2026-04-03T02:39:32.086+0600][63.542s][info][gc,heap     ] GC(56) y:  Capacity:     1750M (100%)       1750M (100%)       1750M (100%)       1750M (100%)       1750M (100%)       1750M (100%)   
[2026-04-03T02:39:32.086+0600][63.542s][info][gc,heap     ] GC(56) y:      Free:      830M (47%)         752M (43%)        1162M (66%)        1424M (81%)        1424M (81%)         752M (43%)    
[2026-04-03T02:39:32.086+0600][63.542s][info][gc,heap     ] GC(56) y:      Used:      920M (53%)         998M (57%)         588M (34%)         326M (19%)         998M (57%)         326M (19%)    
[2026-04-03T02:39:32.086+0600][63.542s][info][gc,heap     ] GC(56) y: Young Generation Statistics:
[2026-04-03T02:39:32.086+0600][63.542s][info][gc,heap     ] GC(56) y:                Mark Start          Mark End        Relocate Start      Relocate End    
[2026-04-03T02:39:32.086+0600][63.542s][info][gc,heap     ] GC(56) y:      Used:      712M (41%)         790M (45%)         380M (22%)         118M (7%)     
[2026-04-03T02:39:32.087+0600][63.542s][info][gc,heap     ] GC(56) y:      Live:         -                18M (1%)           18M (1%)           18M (1%)     
[2026-04-03T02:39:32.087+0600][63.542s][info][gc,heap     ] GC(56) y:   Garbage:         -               693M (40%)         283M (16%)           1M (0%)     
[2026-04-03T02:39:32.087+0600][63.542s][info][gc,heap     ] GC(56) y: Allocated:         -                78M (4%)           78M (4%)           97M (6%)     
[2026-04-03T02:39:32.087+0600][63.542s][info][gc,heap     ] GC(56) y: Reclaimed:         -                  -               410M (23%)         691M (40%)    
[2026-04-03T02:39:32.087+0600][63.542s][info][gc,heap     ] GC(56) y:  Promoted:         -                  -                 0M (0%)            0M (0%)     
[2026-04-03T02:39:32.087+0600][63.542s][info][gc,heap     ] GC(56) y: Compacted:         -                  -                  -                 8M (0%)     
[2026-04-03T02:39:32.087+0600][63.542s][info][gc,phases   ] GC(56) y: Young Generation 920M(53%)->326M(19%) 0.076s
[2026-04-03T02:39:32.087+0600][63.542s][info][gc          ] GC(56) Minor Collection (Allocation Rate) 920M(53%)->326M(19%) 0.076s
[2026-04-03T02:39:33.470+0600][64.926s][info][gc          ] GC(57) Minor Collection (Allocation Rate)
[2026-04-03T02:39:33.470+0600][64.926s][info][gc,task     ] GC(57) Using 1 Workers for Young Generation
[2026-04-03T02:39:33.470+0600][64.926s][info][gc,phases   ] GC(57) y: Young Generation
[2026-04-03T02:39:33.471+0600][64.926s][info][gc,phases   ] GC(57) y: Pause Mark Start 0.030ms
[2026-04-03T02:39:33.532+0600][64.987s][info][gc,phases   ] GC(57) y: Concurrent Mark 60.710ms
[2026-04-03T02:39:33.532+0600][64.987s][info][gc,phases   ] GC(57) y: Pause Mark End 0.026ms
[2026-04-03T02:39:33.532+0600][64.987s][info][gc,phases   ] GC(57) y: Concurrent Mark Free 0.001ms
[2026-04-03T02:39:33.532+0600][64.987s][info][gc,phases   ] GC(57) y: Concurrent Reset Relocation Set 0.012ms
[2026-04-03T02:39:33.534+0600][64.990s][info][gc,reloc    ] GC(57) y: Using tenuring threshold: 5 (Computed)
[2026-04-03T02:39:33.537+0600][64.993s][info][gc,phases   ] GC(57) y: Concurrent Select Relocation Set 5.013ms
[2026-04-03T02:39:33.537+0600][64.993s][info][gc,phases   ] GC(57) y: Pause Relocate Start 0.017ms
[2026-04-03T02:39:33.550+0600][65.006s][info][gc,phases   ] GC(57) y: Concurrent Relocate 12.969ms
[2026-04-03T02:39:33.550+0600][65.006s][info][gc,alloc    ] GC(57) y:                         Mark Start        Mark End      Relocate Start    Relocate End   
[2026-04-03T02:39:33.550+0600][65.006s][info][gc,alloc    ] GC(57) y: Allocation Stalls:          0                0                0                0         
[2026-04-03T02:39:33.550+0600][65.006s][info][gc,load     ] GC(57) y: Load: 6.09 (51%) / 5.49 (46%) / 5.66 (47%)
[2026-04-03T02:39:33.550+0600][65.006s][info][gc,mmu      ] GC(57) y: MMU: 2ms/93.5%, 5ms/97.4%, 10ms/98.4%, 20ms/99.2%, 50ms/99.7%, 100ms/99.8%
[2026-04-03T02:39:33.550+0600][65.006s][info][gc,marking  ] GC(57) y: Mark: 1 stripe(s), 2 proactive flush(es), 1 terminate flush(es), 0 completion(s), 0 continuation(s) 
[2026-04-03T02:39:33.550+0600][65.006s][info][gc,marking  ] GC(57) y: Mark Stack Usage: 32M
[2026-04-03T02:39:33.550+0600][65.006s][info][gc,nmethod  ] GC(57) y: NMethods: 14745 registered, 2684 unregistered
[2026-04-03T02:39:33.550+0600][65.006s][info][gc,metaspace] GC(57) y: Metaspace: 128M used, 129M committed, 1152M reserved
[2026-04-03T02:39:33.551+0600][65.006s][info][gc,reloc    ] GC(57) y:                        Candidates     Selected     In-Place         Size        Empty    Relocated 
[2026-04-03T02:39:33.551+0600][65.006s][info][gc,reloc    ] GC(57) y: Small Pages:                  444          281            0         888M         302M           6M 
[2026-04-03T02:39:33.551+0600][65.006s][info][gc,reloc    ] GC(57) y: Medium Pages:                   6            0            0         192M         192M           0M 
[2026-04-03T02:39:33.551+0600][65.006s][info][gc,reloc    ] GC(57) y: Large Pages:                   21            0            0         126M         126M           0M 
[2026-04-03T02:39:33.551+0600][65.006s][info][gc,reloc    ] GC(57) y: Forwarding Usage: 1M
[2026-04-03T02:39:33.551+0600][65.006s][info][gc,reloc    ] GC(57) y: Age Table:
[2026-04-03T02:39:33.551+0600][65.006s][info][gc,reloc    ] GC(57) y:                    Live             Garbage             Small              Medium             Large        
[2026-04-03T02:39:33.551+0600][65.006s][info][gc,reloc    ] GC(57) y: Eden               4M (0%)         1163M (66%)        425 / 271            6 / 0             21 / 0        
[2026-04-03T02:39:33.551+0600][65.006s][info][gc,reloc    ] GC(57) y: Survivor 1         1M (0%)            4M (0%)           3 / 2              0 / 0              0 / 0        
[2026-04-03T02:39:33.551+0600][65.006s][info][gc,reloc    ] GC(57) y: Survivor 2         2M (0%)           11M (1%)           7 / 6              0 / 0              0 / 0        
[2026-04-03T02:39:33.551+0600][65.006s][info][gc,reloc    ] GC(57) y: Survivor 3         1M (0%)            0M (0%)           1 / 0              0 / 0              0 / 0        
[2026-04-03T02:39:33.551+0600][65.006s][info][gc,reloc    ] GC(57) y: Survivor 4         3M (0%)            2M (0%)           3 / 1              0 / 0              0 / 0        
[2026-04-03T02:39:33.551+0600][65.006s][info][gc,reloc    ] GC(57) y: Survivor 5         2M (0%)            3M (0%)           3 / 1              0 / 0              0 / 0        
[2026-04-03T02:39:33.551+0600][65.006s][info][gc,reloc    ] GC(57) y: Survivor 6         2M (0%)            1M (0%)           2 / 0              0 / 0              0 / 0        
[2026-04-03T02:39:33.551+0600][65.006s][info][gc,heap     ] GC(57) y: Min Capacity: 8M(0%)
[2026-04-03T02:39:33.551+0600][65.006s][info][gc,heap     ] GC(57) y: Max Capacity: 1750M(100%)
[2026-04-03T02:39:33.551+0600][65.006s][info][gc,heap     ] GC(57) y: Soft Max Capacity: 1750M(100%)
[2026-04-03T02:39:33.551+0600][65.006s][info][gc,heap     ] GC(57) y: Heap Statistics:
[2026-04-03T02:39:33.551+0600][65.006s][info][gc,heap     ] GC(57) y:                Mark Start          Mark End        Relocate Start      Relocate End           High               Low         
[2026-04-03T02:39:33.551+0600][65.006s][info][gc,heap     ] GC(57) y:  Capacity:     1750M (100%)       1750M (100%)       1750M (100%)       1750M (100%)       1750M (100%)       1750M (100%)   
[2026-04-03T02:39:33.551+0600][65.006s][info][gc,heap     ] GC(57) y:      Free:      336M (19%)         242M (14%)         860M (49%)        1412M (81%)        1414M (81%)         242M (14%)    
[2026-04-03T02:39:33.551+0600][65.006s][info][gc,heap     ] GC(57) y:      Used:     1414M (81%)        1508M (86%)         890M (51%)         338M (19%)        1508M (86%)         336M (19%)    
[2026-04-03T02:39:33.551+0600][65.006s][info][gc,heap     ] GC(57) y: Young Generation Statistics:
[2026-04-03T02:39:33.551+0600][65.006s][info][gc,heap     ] GC(57) y:                Mark Start          Mark End        Relocate Start      Relocate End    
[2026-04-03T02:39:33.551+0600][65.006s][info][gc,heap     ] GC(57) y:      Used:     1206M (69%)        1300M (74%)         674M (39%)         120M (7%)     
[2026-04-03T02:39:33.551+0600][65.006s][info][gc,heap     ] GC(57) y:      Live:         -                18M (1%)           13M (1%)           13M (1%)     
[2026-04-03T02:39:33.551+0600][65.006s][info][gc,heap     ] GC(57) y:   Garbage:         -              1187M (68%)         564M (32%)           1M (0%)     
[2026-04-03T02:39:33.551+0600][65.006s][info][gc,heap     ] GC(57) y: Allocated:         -                94M (5%)           96M (5%)          105M (6%)     
[2026-04-03T02:39:33.551+0600][65.006s][info][gc,heap     ] GC(57) y: Reclaimed:         -                  -               622M (36%)        1185M (68%)    
[2026-04-03T02:39:33.551+0600][65.006s][info][gc,heap     ] GC(57) y:  Promoted:         -                  -                 5M (0%)            5M (0%)     
[2026-04-03T02:39:33.551+0600][65.006s][info][gc,heap     ] GC(57) y: Compacted:         -                  -                  -                 6M (0%)     
[2026-04-03T02:39:33.551+0600][65.006s][info][gc,phases   ] GC(57) y: Young Generation 1414M(81%)->338M(19%) 0.080s
[2026-04-03T02:39:33.551+0600][65.006s][info][gc          ] GC(57) Minor Collection (Allocation Rate) 1414M(81%)->338M(19%) 0.080s
[2026-04-03T02:39:34.220+0600][65.676s][info][gc          ] GC(58) Minor Collection (Allocation Rate)
[2026-04-03T02:39:34.220+0600][65.676s][info][gc,task     ] GC(58) Using 1 Workers for Young Generation
[2026-04-03T02:39:34.221+0600][65.676s][info][gc,phases   ] GC(58) y: Young Generation
[2026-04-03T02:39:34.221+0600][65.676s][info][gc,phases   ] GC(58) y: Pause Mark Start 0.027ms
[2026-04-03T02:39:34.284+0600][65.740s][info][gc,phases   ] GC(58) y: Concurrent Mark 63.308ms
[2026-04-03T02:39:34.284+0600][65.740s][info][gc,phases   ] GC(58) y: Pause Mark End 0.020ms
[2026-04-03T02:39:34.285+0600][65.740s][info][gc,phases   ] GC(58) y: Concurrent Mark Free 0.002ms
[2026-04-03T02:39:34.285+0600][65.740s][info][gc,phases   ] GC(58) y: Concurrent Reset Relocation Set 0.031ms
[2026-04-03T02:39:34.288+0600][65.743s][info][gc,reloc    ] GC(58) y: Using tenuring threshold: 4 (Computed)
[2026-04-03T02:39:34.290+0600][65.746s][info][gc,phases   ] GC(58) y: Concurrent Select Relocation Set 5.644ms
[2026-04-03T02:39:34.291+0600][65.746s][info][gc,phases   ] GC(58) y: Pause Relocate Start 0.016ms
[2026-04-03T02:39:34.302+0600][65.757s][info][gc,phases   ] GC(58) y: Concurrent Relocate 11.131ms
[2026-04-03T02:39:34.302+0600][65.757s][info][gc,alloc    ] GC(58) y:                         Mark Start        Mark End      Relocate Start    Relocate End   
[2026-04-03T02:39:34.302+0600][65.757s][info][gc,alloc    ] GC(58) y: Allocation Stalls:          0                0                0                0         
[2026-04-03T02:39:34.302+0600][65.757s][info][gc,load     ] GC(58) y: Load: 6.09 (51%) / 5.49 (46%) / 5.66 (47%)
[2026-04-03T02:39:34.302+0600][65.757s][info][gc,mmu      ] GC(58) y: MMU: 2ms/93.5%, 5ms/97.4%, 10ms/98.4%, 20ms/99.2%, 50ms/99.7%, 100ms/99.8%
[2026-04-03T02:39:34.302+0600][65.757s][info][gc,marking  ] GC(58) y: Mark: 1 stripe(s), 2 proactive flush(es), 1 terminate flush(es), 0 completion(s), 0 continuation(s) 
[2026-04-03T02:39:34.302+0600][65.758s][info][gc,marking  ] GC(58) y: Mark Stack Usage: 32M
[2026-04-03T02:39:34.302+0600][65.758s][info][gc,nmethod  ] GC(58) y: NMethods: 14780 registered, 2684 unregistered
[2026-04-03T02:39:34.302+0600][65.758s][info][gc,metaspace] GC(58) y: Metaspace: 128M used, 129M committed, 1152M reserved
[2026-04-03T02:39:34.302+0600][65.758s][info][gc,reloc    ] GC(58) y:                        Candidates     Selected     In-Place         Size        Empty    Relocated 
[2026-04-03T02:39:34.302+0600][65.758s][info][gc,reloc    ] GC(58) y: Small Pages:                  368          176            0         736M         360M           7M 
[2026-04-03T02:39:34.302+0600][65.758s][info][gc,reloc    ] GC(58) y: Medium Pages:                   3            0            0          96M          96M           0M 
[2026-04-03T02:39:34.302+0600][65.758s][info][gc,reloc    ] GC(58) y: Large Pages:                   63            0            0         378M         360M           0M 
[2026-04-03T02:39:34.302+0600][65.758s][info][gc,reloc    ] GC(58) y: Forwarding Usage: 1M
[2026-04-03T02:39:34.302+0600][65.758s][info][gc,reloc    ] GC(58) y: Age Table:
[2026-04-03T02:39:34.302+0600][65.758s][info][gc,reloc    ] GC(58) y:                    Live             Garbage             Small              Medium             Large        
[2026-04-03T02:39:34.302+0600][65.758s][info][gc,reloc    ] GC(58) y: Eden              25M (1%)         1162M (66%)        357 / 173            3 / 0             63 / 0        
[2026-04-03T02:39:34.302+0600][65.758s][info][gc,reloc    ] GC(58) y: Survivor 1         3M (0%)            4M (0%)           4 / 1              0 / 0              0 / 0        
[2026-04-03T02:39:34.302+0600][65.758s][info][gc,reloc    ] GC(58) y: Survivor 2         1M (0%)            0M (0%)           1 / 0              0 / 0              0 / 0        
[2026-04-03T02:39:34.302+0600][65.758s][info][gc,reloc    ] GC(58) y: Survivor 3         2M (0%)            1M (0%)           2 / 1              0 / 0              0 / 0        
[2026-04-03T02:39:34.302+0600][65.758s][info][gc,reloc    ] GC(58) y: Survivor 4         1M (0%)            0M (0%)           1 / 0              0 / 0              0 / 0        
[2026-04-03T02:39:34.302+0600][65.758s][info][gc,reloc    ] GC(58) y: Survivor 5         3M (0%)            2M (0%)           3 / 1              0 / 0              0 / 0        
[2026-04-03T02:39:34.302+0600][65.758s][info][gc,heap     ] GC(58) y: Min Capacity: 8M(0%)
[2026-04-03T02:39:34.302+0600][65.758s][info][gc,heap     ] GC(58) y: Max Capacity: 1750M(100%)
[2026-04-03T02:39:34.302+0600][65.758s][info][gc,heap     ] GC(58) y: Soft Max Capacity: 1750M(100%)
[2026-04-03T02:39:34.302+0600][65.758s][info][gc,heap     ] GC(58) y: Heap Statistics:
[2026-04-03T02:39:34.302+0600][65.758s][info][gc,heap     ] GC(58) y:                Mark Start          Mark End        Relocate Start      Relocate End           High               Low         
[2026-04-03T02:39:34.302+0600][65.758s][info][gc,heap     ] GC(58) y:  Capacity:     1750M (100%)       1750M (100%)       1750M (100%)       1750M (100%)       1750M (100%)       1750M (100%)   
[2026-04-03T02:39:34.302+0600][65.758s][info][gc,heap     ] GC(58) y:      Free:      322M (18%)         124M (7%)          938M (54%)        1266M (72%)        1270M (73%)         124M (7%)     
[2026-04-03T02:39:34.302+0600][65.758s][info][gc,heap     ] GC(58) y:      Used:     1428M (82%)        1626M (93%)         812M (46%)         484M (28%)        1626M (93%)         480M (27%)    
[2026-04-03T02:39:34.302+0600][65.758s][info][gc,heap     ] GC(58) y: Young Generation Statistics:
[2026-04-03T02:39:34.302+0600][65.758s][info][gc,heap     ] GC(58) y:                Mark Start          Mark End        Relocate Start      Relocate End    
[2026-04-03T02:39:34.302+0600][65.758s][info][gc,heap     ] GC(58) y:      Used:     1210M (69%)        1408M (80%)         588M (34%)         258M (15%)    
[2026-04-03T02:39:34.302+0600][65.758s][info][gc,heap     ] GC(58) y:      Live:         -                37M (2%)           31M (2%)           31M (2%)     
[2026-04-03T02:39:34.302+0600][65.758s][info][gc,heap     ] GC(58) y:   Garbage:         -              1172M (67%)         356M (20%)           2M (0%)     
[2026-04-03T02:39:34.302+0600][65.758s][info][gc,heap     ] GC(58) y: Allocated:         -               198M (11%)         200M (11%)         223M (13%)    
[2026-04-03T02:39:34.302+0600][65.758s][info][gc,heap     ] GC(58) y: Reclaimed:         -                  -               816M (47%)        1170M (67%)    
[2026-04-03T02:39:34.302+0600][65.758s][info][gc,heap     ] GC(58) y:  Promoted:         -                  -                 5M (0%)            5M (0%)     
[2026-04-03T02:39:34.302+0600][65.758s][info][gc,heap     ] GC(58) y: Compacted:         -                  -                  -                 8M (0%)     
[2026-04-03T02:39:34.302+0600][65.758s][info][gc,phases   ] GC(58) y: Young Generation 1428M(82%)->484M(28%) 0.081s
[2026-04-03T02:39:34.302+0600][65.758s][info][gc          ] GC(58) Minor Collection (Allocation Rate) 1428M(82%)->484M(28%) 0.082s
[2026-04-03T02:39:34.347+0600][65.802s][info][gc          ] GC(59) Minor Collection (Allocation Rate)
[2026-04-03T02:39:34.347+0600][65.802s][info][gc,task     ] GC(59) Using 1 Workers for Young Generation
[2026-04-03T02:39:34.347+0600][65.802s][info][gc,phases   ] GC(59) y: Young Generation
[2026-04-03T02:39:34.348+0600][65.803s][info][gc,phases   ] GC(59) y: Pause Mark Start 0.043ms
[2026-04-03T02:39:34.395+0600][65.850s][info][gc,phases   ] GC(59) y: Concurrent Mark 46.858ms
[2026-04-03T02:39:34.395+0600][65.850s][info][gc,phases   ] GC(59) y: Pause Mark End 0.036ms
[2026-04-03T02:39:34.395+0600][65.851s][info][gc,phases   ] GC(59) y: Concurrent Mark Free 0.002ms
[2026-04-03T02:39:34.395+0600][65.851s][info][gc,phases   ] GC(59) y: Concurrent Reset Relocation Set 0.029ms
[2026-04-03T02:39:34.401+0600][65.856s][info][gc,reloc    ] GC(59) y: Using tenuring threshold: 5 (Computed)
[2026-04-03T02:39:34.401+0600][65.857s][info][gc,phases   ] GC(59) y: Concurrent Select Relocation Set 6.236ms
[2026-04-03T02:39:34.402+0600][65.857s][info][gc,phases   ] GC(59) y: Pause Relocate Start 0.022ms
[2026-04-03T02:39:34.407+0600][65.863s][info][gc,phases   ] GC(59) y: Concurrent Relocate 5.394ms
[2026-04-03T02:39:34.407+0600][65.863s][info][gc,alloc    ] GC(59) y:                         Mark Start        Mark End      Relocate Start    Relocate End   
[2026-04-03T02:39:34.407+0600][65.863s][info][gc,alloc    ] GC(59) y: Allocation Stalls:          0                0                0                0         
[2026-04-03T02:39:34.407+0600][65.863s][info][gc,load     ] GC(59) y: Load: 6.09 (51%) / 5.49 (46%) / 5.66 (47%)
[2026-04-03T02:39:34.407+0600][65.863s][info][gc,mmu      ] GC(59) y: MMU: 2ms/93.5%, 5ms/97.4%, 10ms/98.4%, 20ms/99.2%, 50ms/99.7%, 100ms/99.8%
[2026-04-03T02:39:34.407+0600][65.863s][info][gc,marking  ] GC(59) y: Mark: 1 stripe(s), 3 proactive flush(es), 1 terminate flush(es), 0 completion(s), 0 continuation(s) 
[2026-04-03T02:39:34.407+0600][65.863s][info][gc,marking  ] GC(59) y: Mark Stack Usage: 32M
[2026-04-03T02:39:34.407+0600][65.863s][info][gc,nmethod  ] GC(59) y: NMethods: 14789 registered, 2684 unregistered
[2026-04-03T02:39:34.407+0600][65.863s][info][gc,metaspace] GC(59) y: Metaspace: 128M used, 129M committed, 1152M reserved
[2026-04-03T02:39:34.407+0600][65.863s][info][gc,reloc    ] GC(59) y:                        Candidates     Selected     In-Place         Size        Empty    Relocated 
[2026-04-03T02:39:34.407+0600][65.863s][info][gc,reloc    ] GC(59) y: Small Pages:                   75           50            0         150M          32M           5M 
[2026-04-03T02:39:34.407+0600][65.863s][info][gc,reloc    ] GC(59) y: Medium Pages:                   1            0            0          32M          32M           0M 
[2026-04-03T02:39:34.407+0600][65.863s][info][gc,reloc    ] GC(59) y: Large Pages:                   87            0            0         522M         522M           0M 
[2026-04-03T02:39:34.407+0600][65.863s][info][gc,reloc    ] GC(59) y: Forwarding Usage: 0M
[2026-04-03T02:39:34.407+0600][65.863s][info][gc,reloc    ] GC(59) y: Age Table:
[2026-04-03T02:39:34.407+0600][65.863s][info][gc,reloc    ] GC(59) y:                    Live             Garbage             Small              Medium             Large        
[2026-04-03T02:39:34.407+0600][65.863s][info][gc,reloc    ] GC(59) y: Eden               3M (0%)          654M (37%)         61 / 45             1 / 0             84 / 0        
[2026-04-03T02:39:34.407+0600][65.863s][info][gc,reloc    ] GC(59) y: Survivor 1         3M (0%)           28M (2%)           7 / 3              0 / 0              3 / 0        
[2026-04-03T02:39:34.407+0600][65.863s][info][gc,reloc    ] GC(59) y: Survivor 2         3M (0%)            2M (0%)           3 / 0              0 / 0              0 / 0        
[2026-04-03T02:39:34.407+0600][65.863s][info][gc,reloc    ] GC(59) y: Survivor 3         1M (0%)            0M (0%)           1 / 1              0 / 0              0 / 0        
[2026-04-03T02:39:34.407+0600][65.863s][info][gc,reloc    ] GC(59) y: Survivor 4         2M (0%)            3M (0%)           3 / 1              0 / 0              0 / 0        
[2026-04-03T02:39:34.407+0600][65.863s][info][gc,heap     ] GC(59) y: Min Capacity: 8M(0%)
[2026-04-03T02:39:34.407+0600][65.863s][info][gc,heap     ] GC(59) y: Max Capacity: 1750M(100%)
[2026-04-03T02:39:34.407+0600][65.863s][info][gc,heap     ] GC(59) y: Soft Max Capacity: 1750M(100%)
[2026-04-03T02:39:34.407+0600][65.863s][info][gc,heap     ] GC(59) y: Heap Statistics:
[2026-04-03T02:39:34.407+0600][65.863s][info][gc,heap     ] GC(59) y:                Mark Start          Mark End        Relocate Start      Relocate End           High               Low         
[2026-04-03T02:39:34.407+0600][65.863s][info][gc,heap     ] GC(59) y:  Capacity:     1750M (100%)       1750M (100%)       1750M (100%)       1750M (100%)       1750M (100%)       1750M (100%)   
[2026-04-03T02:39:34.407+0600][65.863s][info][gc,heap     ] GC(59) y:      Free:      820M (47%)         744M (43%)        1314M (75%)        1402M (80%)        1402M (80%)         744M (43%)    
[2026-04-03T02:39:34.408+0600][65.863s][info][gc,heap     ] GC(59) y:      Used:      930M (53%)        1006M (57%)         436M (25%)         348M (20%)        1006M (57%)         348M (20%)    
[2026-04-03T02:39:34.408+0600][65.863s][info][gc,heap     ] GC(59) y: Young Generation Statistics:
[2026-04-03T02:39:34.408+0600][65.863s][info][gc,heap     ] GC(59) y:                Mark Start          Mark End        Relocate Start      Relocate End    
[2026-04-03T02:39:34.408+0600][65.863s][info][gc,heap     ] GC(59) y:      Used:      704M (40%)         780M (45%)         210M (12%)         122M (7%)     
[2026-04-03T02:39:34.408+0600][65.863s][info][gc,heap     ] GC(59) y:      Live:         -                14M (1%)           14M (1%)           14M (1%)     
[2026-04-03T02:39:34.408+0600][65.863s][info][gc,heap     ] GC(59) y:   Garbage:         -               689M (39%)         103M (6%)            2M (0%)     
[2026-04-03T02:39:34.408+0600][65.863s][info][gc,heap     ] GC(59) y: Allocated:         -                76M (4%)           92M (5%)          105M (6%)     
[2026-04-03T02:39:34.408+0600][65.863s][info][gc,heap     ] GC(59) y: Reclaimed:         -                  -               586M (33%)         687M (39%)    
[2026-04-03T02:39:34.408+0600][65.863s][info][gc,heap     ] GC(59) y:  Promoted:         -                  -                 0M (0%)            0M (0%)     
[2026-04-03T02:39:34.408+0600][65.863s][info][gc,heap     ] GC(59) y: Compacted:         -                  -                  -                 6M (0%)     
[2026-04-03T02:39:34.408+0600][65.863s][info][gc,phases   ] GC(59) y: Young Generation 930M(53%)->348M(20%) 0.060s
[2026-04-03T02:39:34.408+0600][65.863s][info][gc          ] GC(59) Minor Collection (Allocation Rate) 930M(53%)->348M(20%) 0.061s
[2026-04-03T02:39:34.707+0600][66.163s][info][gc          ] GC(60) Minor Collection (Allocation Rate)
[2026-04-03T02:39:34.707+0600][66.163s][info][gc,task     ] GC(60) Using 1 Workers for Young Generation
[2026-04-03T02:39:34.707+0600][66.163s][info][gc,phases   ] GC(60) y: Young Generation
[2026-04-03T02:39:34.708+0600][66.163s][info][gc,phases   ] GC(60) y: Pause Mark Start 0.033ms
[2026-04-03T02:39:34.742+0600][66.198s][info][gc,phases   ] GC(60) y: Concurrent Mark 34.243ms
[2026-04-03T02:39:34.742+0600][66.198s][info][gc,phases   ] GC(60) y: Pause Mark End 0.020ms
[2026-04-03T02:39:34.742+0600][66.198s][info][gc,phases   ] GC(60) y: Concurrent Mark Free 0.001ms
[2026-04-03T02:39:34.742+0600][66.198s][info][gc,phases   ] GC(60) y: Concurrent Reset Relocation Set 0.004ms
[2026-04-03T02:39:34.745+0600][66.201s][info][gc,reloc    ] GC(60) y: Using tenuring threshold: 5 (Computed)
[2026-04-03T02:39:34.747+0600][66.203s][info][gc,phases   ] GC(60) y: Concurrent Select Relocation Set 4.651ms
[2026-04-03T02:39:34.747+0600][66.203s][info][gc,phases   ] GC(60) y: Pause Relocate Start 0.025ms
[2026-04-03T02:39:34.755+0600][66.210s][info][gc,phases   ] GC(60) y: Concurrent Relocate 7.014ms
[2026-04-03T02:39:34.755+0600][66.210s][info][gc,alloc    ] GC(60) y:                         Mark Start        Mark End      Relocate Start    Relocate End   
[2026-04-03T02:39:34.755+0600][66.210s][info][gc,alloc    ] GC(60) y: Allocation Stalls:          0                0                0                0         
[2026-04-03T02:39:34.755+0600][66.210s][info][gc,load     ] GC(60) y: Load: 6.09 (51%) / 5.49 (46%) / 5.66 (47%)
[2026-04-03T02:39:34.755+0600][66.210s][info][gc,mmu      ] GC(60) y: MMU: 2ms/93.5%, 5ms/97.4%, 10ms/98.4%, 20ms/99.2%, 50ms/99.7%, 100ms/99.8%
[2026-04-03T02:39:34.755+0600][66.210s][info][gc,marking  ] GC(60) y: Mark: 1 stripe(s), 2 proactive flush(es), 1 terminate flush(es), 0 completion(s), 0 continuation(s) 
[2026-04-03T02:39:34.755+0600][66.210s][info][gc,marking  ] GC(60) y: Mark Stack Usage: 32M
[2026-04-03T02:39:34.755+0600][66.210s][info][gc,nmethod  ] GC(60) y: NMethods: 14802 registered, 2684 unregistered
[2026-04-03T02:39:34.755+0600][66.210s][info][gc,metaspace] GC(60) y: Metaspace: 128M used, 129M committed, 1152M reserved
[2026-04-03T02:39:34.755+0600][66.210s][info][gc,reloc    ] GC(60) y:                        Candidates     Selected     In-Place         Size        Empty    Relocated 
[2026-04-03T02:39:34.755+0600][66.210s][info][gc,reloc    ] GC(60) y: Small Pages:                  116          101            0         232M          14M           4M 
[2026-04-03T02:39:34.755+0600][66.210s][info][gc,reloc    ] GC(60) y: Medium Pages:                   1            0            0          32M          32M           0M 
[2026-04-03T02:39:34.755+0600][66.210s][info][gc,reloc    ] GC(60) y: Large Pages:                    5            0            0          30M          30M           0M 
[2026-04-03T02:39:34.755+0600][66.210s][info][gc,reloc    ] GC(60) y: Forwarding Usage: 1M
[2026-04-03T02:39:34.755+0600][66.210s][info][gc,reloc    ] GC(60) y: Age Table:
[2026-04-03T02:39:34.755+0600][66.210s][info][gc,reloc    ] GC(60) y:                    Live             Garbage             Small              Medium             Large        
[2026-04-03T02:39:34.755+0600][66.210s][info][gc,reloc    ] GC(60) y: Eden               1M (0%)          262M (15%)        101 / 94             1 / 0              5 / 0        
[2026-04-03T02:39:34.755+0600][66.210s][info][gc,reloc    ] GC(60) y: Survivor 1         1M (0%)            4M (0%)           3 / 1              0 / 0              0 / 0        
[2026-04-03T02:39:34.755+0600][66.210s][info][gc,reloc    ] GC(60) y: Survivor 2         3M (0%)            2M (0%)           3 / 1              0 / 0              0 / 0        
[2026-04-03T02:39:34.755+0600][66.210s][info][gc,reloc    ] GC(60) y: Survivor 3         3M (0%)            2M (0%)           3 / 2              0 / 0              0 / 0        
[2026-04-03T02:39:34.755+0600][66.210s][info][gc,reloc    ] GC(60) y: Survivor 4         1M (0%)            4M (0%)           3 / 1              0 / 0              0 / 0        
[2026-04-03T02:39:34.755+0600][66.210s][info][gc,reloc    ] GC(60) y: Survivor 5         2M (0%)            3M (0%)           3 / 2              0 / 0              0 / 0        
[2026-04-03T02:39:34.755+0600][66.210s][info][gc,heap     ] GC(60) y: Min Capacity: 8M(0%)
[2026-04-03T02:39:34.755+0600][66.210s][info][gc,heap     ] GC(60) y: Max Capacity: 1750M(100%)
[2026-04-03T02:39:34.755+0600][66.210s][info][gc,heap     ] GC(60) y: Soft Max Capacity: 1750M(100%)
[2026-04-03T02:39:34.755+0600][66.210s][info][gc,heap     ] GC(60) y: Heap Statistics:
[2026-04-03T02:39:34.755+0600][66.210s][info][gc,heap     ] GC(60) y:                Mark Start          Mark End        Relocate Start      Relocate End           High               Low         
[2026-04-03T02:39:34.755+0600][66.210s][info][gc,heap     ] GC(60) y:  Capacity:     1750M (100%)       1750M (100%)       1750M (100%)       1750M (100%)       1750M (100%)       1750M (100%)   
[2026-04-03T02:39:34.755+0600][66.210s][info][gc,heap     ] GC(60) y:      Free:     1230M (70%)        1208M (69%)        1282M (73%)        1472M (84%)        1474M (84%)        1206M (69%)    
[2026-04-03T02:39:34.755+0600][66.210s][info][gc,heap     ] GC(60) y:      Used:      520M (30%)         542M (31%)         468M (27%)         278M (16%)         544M (31%)         276M (16%)    
[2026-04-03T02:39:34.755+0600][66.210s][info][gc,heap     ] GC(60) y: Young Generation Statistics:
[2026-04-03T02:39:34.755+0600][66.210s][info][gc,heap     ] GC(60) y:                Mark Start          Mark End        Relocate Start      Relocate End    
[2026-04-03T02:39:34.755+0600][66.210s][info][gc,heap     ] GC(60) y:      Used:      294M (17%)         316M (18%)         240M (14%)          48M (3%)     
[2026-04-03T02:39:34.755+0600][66.210s][info][gc,heap     ] GC(60) y:      Live:         -                13M (1%)           12M (1%)           10M (1%)     
[2026-04-03T02:39:34.755+0600][66.210s][info][gc,heap     ] GC(60) y:   Garbage:         -               280M (16%)         203M (12%)           0M (0%)     
[2026-04-03T02:39:34.755+0600][66.210s][info][gc,heap     ] GC(60) y: Allocated:         -                22M (1%)           24M (1%)           36M (2%)     
[2026-04-03T02:39:34.755+0600][66.210s][info][gc,heap     ] GC(60) y: Reclaimed:         -                  -                76M (4%)          280M (16%)    
[2026-04-03T02:39:34.755+0600][66.210s][info][gc,heap     ] GC(60) y:  Promoted:         -                  -                 1M (0%)            2M (0%)     
[2026-04-03T02:39:34.755+0600][66.210s][info][gc,heap     ] GC(60) y: Compacted:         -                  -                  -                 7M (0%)     
[2026-04-03T02:39:34.755+0600][66.210s][info][gc,phases   ] GC(60) y: Young Generation 520M(30%)->278M(16%) 0.047s
[2026-04-03T02:39:34.755+0600][66.210s][info][gc          ] GC(60) Minor Collection (Allocation Rate) 520M(30%)->278M(16%) 0.048s
[2026-04-03T02:39:35.697+0600][67.152s][info][gc          ] GC(61) Minor Collection (Allocation Rate)
[2026-04-03T02:39:35.697+0600][67.152s][info][gc,task     ] GC(61) Using 1 Workers for Young Generation
[2026-04-03T02:39:35.697+0600][67.153s][info][gc,phases   ] GC(61) y: Young Generation
[2026-04-03T02:39:35.697+0600][67.153s][info][gc,phases   ] GC(61) y: Pause Mark Start 0.030ms
[2026-04-03T02:39:35.767+0600][67.222s][info][gc,phases   ] GC(61) y: Concurrent Mark 69.012ms
[2026-04-03T02:39:35.767+0600][67.223s][info][gc,phases   ] GC(61) y: Pause Mark End 0.086ms
[2026-04-03T02:39:35.767+0600][67.223s][info][gc,phases   ] GC(61) y: Concurrent Mark Free 0.003ms
[2026-04-03T02:39:35.767+0600][67.223s][info][gc,phases   ] GC(61) y: Concurrent Reset Relocation Set 0.017ms
[2026-04-03T02:39:35.770+0600][67.225s][info][gc,reloc    ] GC(61) y: Using tenuring threshold: 3 (Computed)
[2026-04-03T02:39:35.775+0600][67.230s][info][gc,phases   ] GC(61) y: Concurrent Select Relocation Set 7.645ms
[2026-04-03T02:39:35.775+0600][67.231s][info][gc,phases   ] GC(61) y: Pause Relocate Start 0.021ms
[2026-04-03T02:39:35.798+0600][67.253s][info][gc,phases   ] GC(61) y: Concurrent Relocate 22.669ms
[2026-04-03T02:39:35.798+0600][67.254s][info][gc,alloc    ] GC(61) y:                         Mark Start        Mark End      Relocate Start    Relocate End   
[2026-04-03T02:39:35.798+0600][67.254s][info][gc,alloc    ] GC(61) y: Allocation Stalls:          0                0                0                0         
[2026-04-03T02:39:35.798+0600][67.254s][info][gc,load     ] GC(61) y: Load: 6.24 (52%) / 5.53 (46%) / 5.68 (47%)
[2026-04-03T02:39:35.798+0600][67.254s][info][gc,mmu      ] GC(61) y: MMU: 2ms/93.5%, 5ms/97.4%, 10ms/98.4%, 20ms/99.2%, 50ms/99.7%, 100ms/99.8%
[2026-04-03T02:39:35.798+0600][67.254s][info][gc,marking  ] GC(61) y: Mark: 1 stripe(s), 2 proactive flush(es), 1 terminate flush(es), 0 completion(s), 0 continuation(s) 
[2026-04-03T02:39:35.798+0600][67.254s][info][gc,marking  ] GC(61) y: Mark Stack Usage: 32M
[2026-04-03T02:39:35.798+0600][67.254s][info][gc,nmethod  ] GC(61) y: NMethods: 14817 registered, 2684 unregistered
[2026-04-03T02:39:35.798+0600][67.254s][info][gc,metaspace] GC(61) y: Metaspace: 128M used, 129M committed, 1152M reserved
[2026-04-03T02:39:35.798+0600][67.254s][info][gc,reloc    ] GC(61) y:                        Candidates     Selected     In-Place         Size        Empty    Relocated 
[2026-04-03T02:39:35.798+0600][67.254s][info][gc,reloc    ] GC(61) y: Small Pages:                  313          172            0         626M         262M           6M 
[2026-04-03T02:39:35.798+0600][67.254s][info][gc,reloc    ] GC(61) y: Medium Pages:                   4            0            0         128M         128M           0M 
[2026-04-03T02:39:35.798+0600][67.254s][info][gc,reloc    ] GC(61) y: Large Pages:                   16            0            0          96M          96M           0M 
[2026-04-03T02:39:35.798+0600][67.254s][info][gc,reloc    ] GC(61) y: Forwarding Usage: 1M
[2026-04-03T02:39:35.798+0600][67.254s][info][gc,reloc    ] GC(61) y: Age Table:
[2026-04-03T02:39:35.798+0600][67.254s][info][gc,reloc    ] GC(61) y:                    Live             Garbage             Small              Medium             Large        
[2026-04-03T02:39:35.798+0600][67.254s][info][gc,reloc    ] GC(61) y: Eden               5M (0%)          824M (47%)        303 / 168            4 / 0             16 / 0        
[2026-04-03T02:39:35.798+0600][67.254s][info][gc,reloc    ] GC(61) y: Survivor 1         1M (0%)            2M (0%)           2 / 2              0 / 0              0 / 0        
[2026-04-03T02:39:35.798+0600][67.254s][info][gc,reloc    ] GC(61) y: Survivor 2         1M (0%)            2M (0%)           2 / 1              0 / 0              0 / 0        
[2026-04-03T02:39:35.798+0600][67.254s][info][gc,reloc    ] GC(61) y: Survivor 3         3M (0%)            2M (0%)           3 / 1              0 / 0              0 / 0        
[2026-04-03T02:39:35.798+0600][67.254s][info][gc,reloc    ] GC(61) y: Survivor 4         3M (0%)            0M (0%)           2 / 0              0 / 0              0 / 0        
[2026-04-03T02:39:35.798+0600][67.254s][info][gc,reloc    ] GC(61) y: Survivor 5         1M (0%)            0M (0%)           1 / 0              0 / 0              0 / 0        
[2026-04-03T02:39:35.798+0600][67.254s][info][gc,heap     ] GC(61) y: Min Capacity: 8M(0%)
[2026-04-03T02:39:35.798+0600][67.254s][info][gc,heap     ] GC(61) y: Max Capacity: 1750M(100%)
[2026-04-03T02:39:35.798+0600][67.254s][info][gc,heap     ] GC(61) y: Soft Max Capacity: 1750M(100%)
[2026-04-03T02:39:35.798+0600][67.254s][info][gc,heap     ] GC(61) y: Heap Statistics:
[2026-04-03T02:39:35.798+0600][67.254s][info][gc,heap     ] GC(61) y:                Mark Start          Mark End        Relocate Start      Relocate End           High               Low         
[2026-04-03T02:39:35.798+0600][67.254s][info][gc,heap     ] GC(61) y:  Capacity:     1750M (100%)       1750M (100%)       1750M (100%)       1750M (100%)       1750M (100%)       1750M (100%)   
[2026-04-03T02:39:35.798+0600][67.254s][info][gc,heap     ] GC(61) y:      Free:      670M (38%)         590M (34%)        1076M (61%)        1402M (80%)        1406M (80%)         590M (34%)    
[2026-04-03T02:39:35.798+0600][67.254s][info][gc,heap     ] GC(61) y:      Used:     1080M (62%)        1160M (66%)         674M (39%)         348M (20%)        1160M (66%)         344M (20%)    
[2026-04-03T02:39:35.798+0600][67.254s][info][gc,heap     ] GC(61) y: Young Generation Statistics:
[2026-04-03T02:39:35.798+0600][67.254s][info][gc,heap     ] GC(61) y:                Mark Start          Mark End        Relocate Start      Relocate End    
[2026-04-03T02:39:35.798+0600][67.254s][info][gc,heap     ] GC(61) y:      Used:      850M (49%)         930M (53%)         434M (25%)         106M (6%)     
[2026-04-03T02:39:35.798+0600][67.254s][info][gc,heap     ] GC(61) y:      Live:         -                16M (1%)            8M (0%)            7M (0%)     
[2026-04-03T02:39:35.798+0600][67.254s][info][gc,heap     ] GC(61) y:   Garbage:         -               833M (48%)         345M (20%)           0M (0%)     
[2026-04-03T02:39:35.798+0600][67.254s][info][gc,heap     ] GC(61) y: Allocated:         -                80M (5%)           80M (5%)           97M (6%)     
[2026-04-03T02:39:35.798+0600][67.254s][info][gc,heap     ] GC(61) y: Reclaimed:         -                  -               487M (28%)         833M (48%)    
[2026-04-03T02:39:35.798+0600][67.254s][info][gc,heap     ] GC(61) y:  Promoted:         -                  -                 8M (0%)            8M (0%)     
[2026-04-03T02:39:35.798+0600][67.254s][info][gc,heap     ] GC(61) y: Compacted:         -                  -                  -                 6M (0%)     
[2026-04-03T02:39:35.798+0600][67.254s][info][gc,phases   ] GC(61) y: Young Generation 1080M(62%)->348M(20%) 0.101s
[2026-04-03T02:39:35.798+0600][67.254s][info][gc          ] GC(61) Minor Collection (Allocation Rate) 1080M(62%)->348M(20%) 0.102s
[2026-04-03T02:39:35.959+0600][67.414s][info][gc          ] GC(62) Minor Collection (Allocation Rate)
[2026-04-03T02:39:35.959+0600][67.414s][info][gc,task     ] GC(62) Using 1 Workers for Young Generation
[2026-04-03T02:39:35.959+0600][67.414s][info][gc,phases   ] GC(62) y: Young Generation
[2026-04-03T02:39:35.959+0600][67.415s][info][gc,phases   ] GC(62) y: Pause Mark Start 0.024ms
[2026-04-03T02:39:36.024+0600][67.479s][info][gc,phases   ] GC(62) y: Concurrent Mark 64.352ms
[2026-04-03T02:39:36.024+0600][67.479s][info][gc,phases   ] GC(62) y: Pause Mark End 0.023ms
[2026-04-03T02:39:36.024+0600][67.480s][info][gc,phases   ] GC(62) y: Concurrent Mark Free 0.002ms
[2026-04-03T02:39:36.024+0600][67.480s][info][gc,phases   ] GC(62) y: Concurrent Reset Relocation Set 0.024ms
[2026-04-03T02:39:36.026+0600][67.481s][info][gc,reloc    ] GC(62) y: Using tenuring threshold: 4 (Computed)
[2026-04-03T02:39:36.026+0600][67.482s][info][gc,phases   ] GC(62) y: Concurrent Select Relocation Set 2.032ms
[2026-04-03T02:39:36.026+0600][67.482s][info][gc,phases   ] GC(62) y: Pause Relocate Start 0.015ms
[2026-04-03T02:39:36.035+0600][67.490s][info][gc,phases   ] GC(62) y: Concurrent Relocate 8.140ms
[2026-04-03T02:39:36.035+0600][67.490s][info][gc,alloc    ] GC(62) y:                         Mark Start        Mark End      Relocate Start    Relocate End   
[2026-04-03T02:39:36.035+0600][67.490s][info][gc,alloc    ] GC(62) y: Allocation Stalls:          0                0                0                0         
[2026-04-03T02:39:36.035+0600][67.490s][info][gc,load     ] GC(62) y: Load: 6.24 (52%) / 5.53 (46%) / 5.68 (47%)
[2026-04-03T02:39:36.035+0600][67.490s][info][gc,mmu      ] GC(62) y: MMU: 2ms/93.5%, 5ms/97.4%, 10ms/98.4%, 20ms/99.2%, 50ms/99.7%, 100ms/99.8%
[2026-04-03T02:39:36.035+0600][67.490s][info][gc,marking  ] GC(62) y: Mark: 1 stripe(s), 2 proactive flush(es), 1 terminate flush(es), 0 completion(s), 0 continuation(s) 
[2026-04-03T02:39:36.035+0600][67.490s][info][gc,marking  ] GC(62) y: Mark Stack Usage: 32M
[2026-04-03T02:39:36.035+0600][67.490s][info][gc,nmethod  ] GC(62) y: NMethods: 14820 registered, 2684 unregistered
[2026-04-03T02:39:36.035+0600][67.490s][info][gc,metaspace] GC(62) y: Metaspace: 128M used, 129M committed, 1152M reserved
[2026-04-03T02:39:36.035+0600][67.490s][info][gc,reloc    ] GC(62) y:                        Candidates     Selected     In-Place         Size        Empty    Relocated 
[2026-04-03T02:39:36.035+0600][67.490s][info][gc,reloc    ] GC(62) y: Small Pages:                   77           57            0         154M          30M           4M 
[2026-04-03T02:39:36.035+0600][67.490s][info][gc,reloc    ] GC(62) y: Medium Pages:                   2            0            0          64M          64M           0M 
[2026-04-03T02:39:36.035+0600][67.490s][info][gc,reloc    ] GC(62) y: Large Pages:                    4            0            0          24M          24M           0M 
[2026-04-03T02:39:36.035+0600][67.490s][info][gc,reloc    ] GC(62) y: Forwarding Usage: 1M
[2026-04-03T02:39:36.035+0600][67.490s][info][gc,reloc    ] GC(62) y: Age Table:
[2026-04-03T02:39:36.035+0600][67.490s][info][gc,reloc    ] GC(62) y:                    Live             Garbage             Small              Medium             Large        
[2026-04-03T02:39:36.035+0600][67.490s][info][gc,reloc    ] GC(62) y: Eden               3M (0%)          218M (13%)         67 / 51             2 / 0              4 / 0        
[2026-04-03T02:39:36.035+0600][67.490s][info][gc,reloc    ] GC(62) y: Survivor 1         1M (0%)            4M (0%)           3 / 1              0 / 0              0 / 0        
[2026-04-03T02:39:36.035+0600][67.490s][info][gc,reloc    ] GC(62) y: Survivor 2         1M (0%)            8M (1%)           5 / 4              0 / 0              0 / 0        
[2026-04-03T02:39:36.035+0600][67.490s][info][gc,reloc    ] GC(62) y: Survivor 3         1M (0%)            2M (0%)           2 / 1              0 / 0              0 / 0        
[2026-04-03T02:39:36.035+0600][67.490s][info][gc,heap     ] GC(62) y: Min Capacity: 8M(0%)
[2026-04-03T02:39:36.035+0600][67.490s][info][gc,heap     ] GC(62) y: Max Capacity: 1750M(100%)
[2026-04-03T02:39:36.035+0600][67.490s][info][gc,heap     ] GC(62) y: Soft Max Capacity: 1750M(100%)
[2026-04-03T02:39:36.035+0600][67.491s][info][gc,heap     ] GC(62) y: Heap Statistics:
[2026-04-03T02:39:36.035+0600][67.491s][info][gc,heap     ] GC(62) y:                Mark Start          Mark End        Relocate Start      Relocate End           High               Low         
[2026-04-03T02:39:36.035+0600][67.491s][info][gc,heap     ] GC(62) y:  Capacity:     1750M (100%)       1750M (100%)       1750M (100%)       1750M (100%)       1750M (100%)       1750M (100%)   
[2026-04-03T02:39:36.035+0600][67.491s][info][gc,heap     ] GC(62) y:      Free:     1266M (72%)        1178M (67%)        1296M (74%)        1390M (79%)        1390M (79%)        1178M (67%)    
[2026-04-03T02:39:36.035+0600][67.491s][info][gc,heap     ] GC(62) y:      Used:      484M (28%)         572M (33%)         454M (26%)         360M (21%)         572M (33%)         360M (21%)    
[2026-04-03T02:39:36.035+0600][67.491s][info][gc,heap     ] GC(62) y: Young Generation Statistics:
[2026-04-03T02:39:36.035+0600][67.491s][info][gc,heap     ] GC(62) y:                Mark Start          Mark End        Relocate Start      Relocate End    
[2026-04-03T02:39:36.035+0600][67.491s][info][gc,heap     ] GC(62) y:      Used:      242M (14%)         330M (19%)         212M (12%)         118M (7%)     
[2026-04-03T02:39:36.035+0600][67.491s][info][gc,heap     ] GC(62) y:      Live:         -                 7M (0%)            7M (0%)            7M (0%)     
[2026-04-03T02:39:36.035+0600][67.491s][info][gc,heap     ] GC(62) y:   Garbage:         -               234M (13%)         116M (7%)            1M (0%)     
[2026-04-03T02:39:36.035+0600][67.491s][info][gc,heap     ] GC(62) y: Allocated:         -                88M (5%)           88M (5%)          108M (6%)     
[2026-04-03T02:39:36.035+0600][67.491s][info][gc,heap     ] GC(62) y: Reclaimed:         -                  -               118M (7%)          232M (13%)    
[2026-04-03T02:39:36.035+0600][67.491s][info][gc,heap     ] GC(62) y:  Promoted:         -                  -                 0M (0%)            0M (0%)     
[2026-04-03T02:39:36.035+0600][67.491s][info][gc,heap     ] GC(62) y: Compacted:         -                  -                  -                 5M (0%)     
[2026-04-03T02:39:36.035+0600][67.491s][info][gc,phases   ] GC(62) y: Young Generation 484M(28%)->360M(21%) 0.076s
[2026-04-03T02:39:36.035+0600][67.491s][info][gc          ] GC(62) Minor Collection (Allocation Rate) 484M(28%)->360M(21%) 0.076s
[2026-04-03T02:39:37.168+0600][68.623s][info][gc          ] GC(63) Minor Collection (Allocation Rate)
[2026-04-03T02:39:37.168+0600][68.623s][info][gc,task     ] GC(63) Using 1 Workers for Young Generation
[2026-04-03T02:39:37.168+0600][68.623s][info][gc,phases   ] GC(63) y: Young Generation
[2026-04-03T02:39:37.168+0600][68.624s][info][gc,phases   ] GC(63) y: Pause Mark Start 0.031ms
[2026-04-03T02:39:37.222+0600][68.678s][info][gc,phases   ] GC(63) y: Concurrent Mark 53.957ms
[2026-04-03T02:39:37.223+0600][68.678s][info][gc,phases   ] GC(63) y: Pause Mark End 0.026ms
[2026-04-03T02:39:37.223+0600][68.678s][info][gc,phases   ] GC(63) y: Concurrent Mark Free 0.002ms
[2026-04-03T02:39:37.223+0600][68.678s][info][gc,phases   ] GC(63) y: Concurrent Reset Relocation Set 0.010ms
[2026-04-03T02:39:37.225+0600][68.680s][info][gc,reloc    ] GC(63) y: Using tenuring threshold: 2 (Computed)
[2026-04-03T02:39:37.227+0600][68.683s][info][gc,phases   ] GC(63) y: Concurrent Select Relocation Set 4.334ms
[2026-04-03T02:39:37.227+0600][68.683s][info][gc,phases   ] GC(63) y: Pause Relocate Start 0.021ms
[2026-04-03T02:39:37.242+0600][68.697s][info][gc,phases   ] GC(63) y: Concurrent Relocate 14.345ms
[2026-04-03T02:39:37.242+0600][68.697s][info][gc,alloc    ] GC(63) y:                         Mark Start        Mark End      Relocate Start    Relocate End   
[2026-04-03T02:39:37.242+0600][68.697s][info][gc,alloc    ] GC(63) y: Allocation Stalls:          0                0                0                0         
[2026-04-03T02:39:37.242+0600][68.697s][info][gc,load     ] GC(63) y: Load: 6.24 (52%) / 5.53 (46%) / 5.68 (47%)
[2026-04-03T02:39:37.242+0600][68.697s][info][gc,mmu      ] GC(63) y: MMU: 2ms/93.5%, 5ms/97.4%, 10ms/98.4%, 20ms/99.2%, 50ms/99.7%, 100ms/99.8%
[2026-04-03T02:39:37.242+0600][68.697s][info][gc,marking  ] GC(63) y: Mark: 1 stripe(s), 2 proactive flush(es), 1 terminate flush(es), 0 completion(s), 0 continuation(s) 
[2026-04-03T02:39:37.242+0600][68.697s][info][gc,marking  ] GC(63) y: Mark Stack Usage: 32M
[2026-04-03T02:39:37.242+0600][68.698s][info][gc,nmethod  ] GC(63) y: NMethods: 14872 registered, 2684 unregistered
[2026-04-03T02:39:37.242+0600][68.698s][info][gc,metaspace] GC(63) y: Metaspace: 128M used, 129M committed, 1152M reserved
[2026-04-03T02:39:37.242+0600][68.698s][info][gc,reloc    ] GC(63) y:                        Candidates     Selected     In-Place         Size        Empty    Relocated 
[2026-04-03T02:39:37.242+0600][68.698s][info][gc,reloc    ] GC(63) y: Small Pages:                  392          253            0         784M         266M           7M 
[2026-04-03T02:39:37.242+0600][68.698s][info][gc,reloc    ] GC(63) y: Medium Pages:                   5            0            0         160M         160M           0M 
[2026-04-03T02:39:37.242+0600][68.698s][info][gc,reloc    ] GC(63) y: Large Pages:                   18            0            0         108M         108M           0M 
[2026-04-03T02:39:37.242+0600][68.698s][info][gc,reloc    ] GC(63) y: Forwarding Usage: 1M
[2026-04-03T02:39:37.242+0600][68.698s][info][gc,reloc    ] GC(63) y: Age Table:
[2026-04-03T02:39:37.242+0600][68.698s][info][gc,reloc    ] GC(63) y:                    Live             Garbage             Small              Medium             Large        
[2026-04-03T02:39:37.242+0600][68.698s][info][gc,reloc    ] GC(63) y: Eden               5M (0%)         1024M (59%)        381 / 248            5 / 0             18 / 0        
[2026-04-03T02:39:37.242+0600][68.698s][info][gc,reloc    ] GC(63) y: Survivor 1         0M (0%)            7M (0%)           4 / 2              0 / 0              0 / 0        
[2026-04-03T02:39:37.242+0600][68.698s][info][gc,reloc    ] GC(63) y: Survivor 2         1M (0%)            4M (0%)           3 / 0              0 / 0              0 / 0        
[2026-04-03T02:39:37.242+0600][68.698s][info][gc,reloc    ] GC(63) y: Survivor 3         0M (0%)            3M (0%)           2 / 1              0 / 0              0 / 0        
[2026-04-03T02:39:37.242+0600][68.698s][info][gc,reloc    ] GC(63) y: Survivor 4         1M (0%)            2M (0%)           2 / 2              0 / 0              0 / 0        
[2026-04-03T02:39:37.242+0600][68.698s][info][gc,heap     ] GC(63) y: Min Capacity: 8M(0%)
[2026-04-03T02:39:37.242+0600][68.698s][info][gc,heap     ] GC(63) y: Max Capacity: 1750M(100%)
[2026-04-03T02:39:37.242+0600][68.698s][info][gc,heap     ] GC(63) y: Soft Max Capacity: 1750M(100%)
[2026-04-03T02:39:37.242+0600][68.698s][info][gc,heap     ] GC(63) y: Heap Statistics:
[2026-04-03T02:39:37.242+0600][68.698s][info][gc,heap     ] GC(63) y:                Mark Start          Mark End        Relocate Start      Relocate End           High               Low         
[2026-04-03T02:39:37.242+0600][68.698s][info][gc,heap     ] GC(63) y:  Capacity:     1750M (100%)       1750M (100%)       1750M (100%)       1750M (100%)       1750M (100%)       1750M (100%)   
[2026-04-03T02:39:37.242+0600][68.698s][info][gc,heap     ] GC(63) y:      Free:      456M (26%)         386M (22%)         914M (52%)        1418M (81%)        1418M (81%)         386M (22%)    
[2026-04-03T02:39:37.242+0600][68.698s][info][gc,heap     ] GC(63) y:      Used:     1294M (74%)        1364M (78%)         836M (48%)         332M (19%)        1364M (78%)         332M (19%)    
[2026-04-03T02:39:37.242+0600][68.698s][info][gc,heap     ] GC(63) y: Young Generation Statistics:
[2026-04-03T02:39:37.242+0600][68.698s][info][gc,heap     ] GC(63) y:                Mark Start          Mark End        Relocate Start      Relocate End    
[2026-04-03T02:39:37.242+0600][68.698s][info][gc,heap     ] GC(63) y:      Used:     1052M (60%)        1122M (64%)         592M (34%)          84M (5%)     
[2026-04-03T02:39:37.242+0600][68.698s][info][gc,heap     ] GC(63) y:      Live:         -                10M (1%)            8M (0%)            6M (0%)     
[2026-04-03T02:39:37.242+0600][68.698s][info][gc,heap     ] GC(63) y:   Garbage:         -              1041M (60%)         507M (29%)           0M (0%)     
[2026-04-03T02:39:37.242+0600][68.698s][info][gc,heap     ] GC(63) y: Allocated:         -                70M (4%)           76M (4%)           77M (4%)     
[2026-04-03T02:39:37.242+0600][68.698s][info][gc,heap     ] GC(63) y: Reclaimed:         -                  -               534M (31%)        1041M (60%)    
[2026-04-03T02:39:37.242+0600][68.698s][info][gc,heap     ] GC(63) y:  Promoted:         -                  -                 1M (0%)            3M (0%)     
[2026-04-03T02:39:37.242+0600][68.698s][info][gc,heap     ] GC(63) y: Compacted:         -                  -                  -                 6M (0%)     
[2026-04-03T02:39:37.243+0600][68.698s][info][gc,phases   ] GC(63) y: Young Generation 1294M(74%)->332M(19%) 0.074s
[2026-04-03T02:39:37.243+0600][68.698s][info][gc          ] GC(63) Minor Collection (Allocation Rate) 1294M(74%)->332M(19%) 0.075s
[2026-04-03T02:39:38.094+0600][69.549s][info][gc          ] GC(64) Minor Collection (Allocation Rate)
[2026-04-03T02:39:38.094+0600][69.550s][info][gc,task     ] GC(64) Using 3 Workers for Young Generation
[2026-04-03T02:39:38.094+0600][69.550s][info][gc,phases   ] GC(64) y: Young Generation
[2026-04-03T02:39:38.094+0600][69.550s][info][gc,phases   ] GC(64) y: Pause Mark Start 0.025ms
[2026-04-03T02:39:38.119+0600][69.574s][info][gc,phases   ] GC(64) y: Concurrent Mark 24.081ms
[2026-04-03T02:39:38.119+0600][69.574s][info][gc,phases   ] GC(64) y: Pause Mark End 0.025ms
[2026-04-03T02:39:38.119+0600][69.575s][info][gc,phases   ] GC(64) y: Concurrent Mark Free 0.002ms
[2026-04-03T02:39:38.119+0600][69.575s][info][gc,phases   ] GC(64) y: Concurrent Reset Relocation Set 0.045ms
[2026-04-03T02:39:38.119+0600][69.575s][info][gc          ] Allocation Stall (task-result-getter-1) 3.606ms
[2026-04-03T02:39:38.119+0600][69.575s][info][gc          ] Allocation Stall (Executor task launch worker for task 3.0 in stage 2421.0 (TID 4582)) 17.854ms
[2026-04-03T02:39:38.125+0600][69.580s][info][gc,reloc    ] GC(64) y: Using tenuring threshold: 3 (Computed)
[2026-04-03T02:39:38.125+0600][69.581s][info][gc,phases   ] GC(64) y: Concurrent Select Relocation Set 6.099ms
[2026-04-03T02:39:38.126+0600][69.581s][info][gc,phases   ] GC(64) y: Pause Relocate Start 0.020ms
[2026-04-03T02:39:38.131+0600][69.587s][info][gc,phases   ] GC(64) y: Concurrent Relocate 5.376ms
[2026-04-03T02:39:38.131+0600][69.587s][info][gc,alloc    ] GC(64) y:                         Mark Start        Mark End      Relocate Start    Relocate End   
[2026-04-03T02:39:38.131+0600][69.587s][info][gc,alloc    ] GC(64) y: Allocation Stalls:          0                2                0                0         
[2026-04-03T02:39:38.131+0600][69.587s][info][gc,load     ] GC(64) y: Load: 6.24 (52%) / 5.53 (46%) / 5.68 (47%)
[2026-04-03T02:39:38.131+0600][69.587s][info][gc,mmu      ] GC(64) y: MMU: 2ms/93.5%, 5ms/97.4%, 10ms/98.4%, 20ms/99.2%, 50ms/99.7%, 100ms/99.8%
[2026-04-03T02:39:38.131+0600][69.587s][info][gc,marking  ] GC(64) y: Mark: 2 stripe(s), 2 proactive flush(es), 1 terminate flush(es), 0 completion(s), 0 continuation(s) 
[2026-04-03T02:39:38.131+0600][69.587s][info][gc,marking  ] GC(64) y: Mark Stack Usage: 32M
[2026-04-03T02:39:38.131+0600][69.587s][info][gc,nmethod  ] GC(64) y: NMethods: 14885 registered, 2684 unregistered
[2026-04-03T02:39:38.131+0600][69.587s][info][gc,metaspace] GC(64) y: Metaspace: 128M used, 129M committed, 1152M reserved
[2026-04-03T02:39:38.131+0600][69.587s][info][gc,reloc    ] GC(64) y:                        Candidates     Selected     In-Place         Size        Empty    Relocated 
[2026-04-03T02:39:38.132+0600][69.587s][info][gc,reloc    ] GC(64) y: Small Pages:                  412          198            0         824M         416M           8M 
[2026-04-03T02:39:38.132+0600][69.587s][info][gc,reloc    ] GC(64) y: Medium Pages:                   4            0            0         128M         128M           0M 
[2026-04-03T02:39:38.132+0600][69.587s][info][gc,reloc    ] GC(64) y: Large Pages:                   68            0            0         408M         384M           0M 
[2026-04-03T02:39:38.132+0600][69.587s][info][gc,reloc    ] GC(64) y: Forwarding Usage: 2M
[2026-04-03T02:39:38.132+0600][69.587s][info][gc,reloc    ] GC(64) y: Age Table:
[2026-04-03T02:39:38.132+0600][69.587s][info][gc,reloc    ] GC(64) y:                    Live             Garbage             Small              Medium             Large        
[2026-04-03T02:39:38.132+0600][69.587s][info][gc,reloc    ] GC(64) y: Eden              31M (2%)         1320M (75%)        408 / 195            4 / 0             68 / 0        
[2026-04-03T02:39:38.132+0600][69.587s][info][gc,reloc    ] GC(64) y: Survivor 1         2M (0%)            3M (0%)           3 / 2              0 / 0              0 / 0        
[2026-04-03T02:39:38.132+0600][69.587s][info][gc,reloc    ] GC(64) y: Survivor 2         0M (0%)            1M (0%)           1 / 1              0 / 0              0 / 0        
[2026-04-03T02:39:38.132+0600][69.587s][info][gc,heap     ] GC(64) y: Min Capacity: 8M(0%)
[2026-04-03T02:39:38.132+0600][69.587s][info][gc,heap     ] GC(64) y: Max Capacity: 1750M(100%)
[2026-04-03T02:39:38.132+0600][69.587s][info][gc,heap     ] GC(64) y: Soft Max Capacity: 1750M(100%)
[2026-04-03T02:39:38.132+0600][69.587s][info][gc,heap     ] GC(64) y: Heap Statistics:
[2026-04-03T02:39:38.132+0600][69.587s][info][gc,heap     ] GC(64) y:                Mark Start          Mark End        Relocate Start      Relocate End           High               Low         
[2026-04-03T02:39:38.132+0600][69.587s][info][gc,heap     ] GC(64) y:  Capacity:     1750M (100%)       1750M (100%)       1750M (100%)       1750M (100%)       1750M (100%)       1750M (100%)   
[2026-04-03T02:39:38.132+0600][69.587s][info][gc,heap     ] GC(64) y:      Free:      142M (8%)            0M (0%)          922M (53%)        1304M (75%)        1306M (75%)           0M (0%)     
[2026-04-03T02:39:38.132+0600][69.587s][info][gc,heap     ] GC(64) y:      Used:     1608M (92%)        1750M (100%)        828M (47%)         446M (25%)        1750M (100%)        444M (25%)    
[2026-04-03T02:39:38.132+0600][69.587s][info][gc,heap     ] GC(64) y: Young Generation Statistics:
[2026-04-03T02:39:38.132+0600][69.587s][info][gc,heap     ] GC(64) y:                Mark Start          Mark End        Relocate Start      Relocate End    
[2026-04-03T02:39:38.132+0600][69.587s][info][gc,heap     ] GC(64) y:      Used:     1360M (78%)        1502M (86%)         580M (33%)         198M (11%)    
[2026-04-03T02:39:38.132+0600][69.587s][info][gc,heap     ] GC(64) y:      Live:         -                34M (2%)           34M (2%)           34M (2%)     
[2026-04-03T02:39:38.132+0600][69.587s][info][gc,heap     ] GC(64) y:   Garbage:         -              1325M (76%)         397M (23%)           0M (0%)     
[2026-04-03T02:39:38.132+0600][69.587s][info][gc,heap     ] GC(64) y: Allocated:         -               142M (8%)          148M (8%)          163M (9%)     
[2026-04-03T02:39:38.132+0600][69.587s][info][gc,heap     ] GC(64) y: Reclaimed:         -                  -               928M (53%)        1325M (76%)    
[2026-04-03T02:39:38.132+0600][69.587s][info][gc,heap     ] GC(64) y:  Promoted:         -                  -                 0M (0%)            0M (0%)     
[2026-04-03T02:39:38.132+0600][69.587s][info][gc,heap     ] GC(64) y: Compacted:         -                  -                  -                10M (1%)     
[2026-04-03T02:39:38.132+0600][69.587s][info][gc,phases   ] GC(64) y: Young Generation 1602M(92%)->446M(25%) 0.037s
[2026-04-03T02:39:38.132+0600][69.587s][info][gc          ] GC(64) Minor Collection (Allocation Rate) 1602M(92%)->446M(25%) 0.038s
[2026-04-03T02:39:38.300+0600][69.756s][info][gc          ] GC(65) Minor Collection (Allocation Rate)
[2026-04-03T02:39:38.300+0600][69.756s][info][gc,task     ] GC(65) Using 2 Workers for Young Generation
[2026-04-03T02:39:38.300+0600][69.756s][info][gc,phases   ] GC(65) y: Young Generation
[2026-04-03T02:39:38.301+0600][69.756s][info][gc,phases   ] GC(65) y: Pause Mark Start 0.030ms
[2026-04-03T02:39:38.344+0600][69.799s][info][gc,phases   ] GC(65) y: Concurrent Mark 43.185ms
[2026-04-03T02:39:38.344+0600][69.800s][info][gc,phases   ] GC(65) y: Pause Mark End 0.029ms
[2026-04-03T02:39:38.344+0600][69.800s][info][gc,phases   ] GC(65) y: Concurrent Mark Free 0.003ms
[2026-04-03T02:39:38.344+0600][69.800s][info][gc,phases   ] GC(65) y: Concurrent Reset Relocation Set 0.027ms
[2026-04-03T02:39:38.347+0600][69.802s][info][gc,reloc    ] GC(65) y: Using tenuring threshold: 4 (Computed)
[2026-04-03T02:39:38.347+0600][69.803s][info][gc,phases   ] GC(65) y: Concurrent Select Relocation Set 2.905ms
[2026-04-03T02:39:38.348+0600][69.803s][info][gc,phases   ] GC(65) y: Pause Relocate Start 0.016ms
[2026-04-03T02:39:38.355+0600][69.810s][info][gc,phases   ] GC(65) y: Concurrent Relocate 7.178ms
[2026-04-03T02:39:38.355+0600][69.810s][info][gc,alloc    ] GC(65) y:                         Mark Start        Mark End      Relocate Start    Relocate End   
[2026-04-03T02:39:38.355+0600][69.810s][info][gc,alloc    ] GC(65) y: Allocation Stalls:          0                0                0                0         
[2026-04-03T02:39:38.355+0600][69.810s][info][gc,load     ] GC(65) y: Load: 6.24 (52%) / 5.53 (46%) / 5.68 (47%)
[2026-04-03T02:39:38.355+0600][69.811s][info][gc,mmu      ] GC(65) y: MMU: 2ms/93.5%, 5ms/97.4%, 10ms/98.4%, 20ms/99.2%, 50ms/99.7%, 100ms/99.8%
[2026-04-03T02:39:38.355+0600][69.811s][info][gc,marking  ] GC(65) y: Mark: 2 stripe(s), 2 proactive flush(es), 1 terminate flush(es), 0 completion(s), 0 continuation(s) 
[2026-04-03T02:39:38.355+0600][69.811s][info][gc,marking  ] GC(65) y: Mark Stack Usage: 32M
[2026-04-03T02:39:38.355+0600][69.811s][info][gc,nmethod  ] GC(65) y: NMethods: 14897 registered, 2684 unregistered
[2026-04-03T02:39:38.355+0600][69.811s][info][gc,metaspace] GC(65) y: Metaspace: 128M used, 129M committed, 1152M reserved
[2026-04-03T02:39:38.355+0600][69.811s][info][gc,reloc    ] GC(65) y:                        Candidates     Selected     In-Place         Size        Empty    Relocated 
[2026-04-03T02:39:38.355+0600][69.811s][info][gc,reloc    ] GC(65) y: Small Pages:                   95           69            0         190M          40M           6M 
[2026-04-03T02:39:38.355+0600][69.811s][info][gc,reloc    ] GC(65) y: Medium Pages:                   2            0            0          64M          64M           0M 
[2026-04-03T02:39:38.355+0600][69.811s][info][gc,reloc    ] GC(65) y: Large Pages:                   88            0            0         528M         528M           0M 
[2026-04-03T02:39:38.355+0600][69.811s][info][gc,reloc    ] GC(65) y: Forwarding Usage: 2M
[2026-04-03T02:39:38.355+0600][69.811s][info][gc,reloc    ] GC(65) y: Age Table:
[2026-04-03T02:39:38.355+0600][69.811s][info][gc,reloc    ] GC(65) y:                    Live             Garbage             Small              Medium             Large        
[2026-04-03T02:39:38.355+0600][69.811s][info][gc,reloc    ] GC(65) y: Eden               3M (0%)          734M (42%)         85 / 64             2 / 0             84 / 0        
[2026-04-03T02:39:38.355+0600][69.811s][info][gc,reloc    ] GC(65) y: Survivor 1         3M (0%)           32M (2%)           6 / 3              0 / 0              4 / 0        
[2026-04-03T02:39:38.355+0600][69.811s][info][gc,reloc    ] GC(65) y: Survivor 2         2M (0%)            3M (0%)           3 / 2              0 / 0              0 / 0        
[2026-04-03T02:39:38.355+0600][69.811s][info][gc,reloc    ] GC(65) y: Survivor 3         0M (0%)            1M (0%)           1 / 0              0 / 0              0 / 0        
[2026-04-03T02:39:38.355+0600][69.811s][info][gc,heap     ] GC(65) y: Min Capacity: 8M(0%)
[2026-04-03T02:39:38.355+0600][69.811s][info][gc,heap     ] GC(65) y: Max Capacity: 1750M(100%)
[2026-04-03T02:39:38.355+0600][69.811s][info][gc,heap     ] GC(65) y: Soft Max Capacity: 1750M(100%)
[2026-04-03T02:39:38.355+0600][69.811s][info][gc,heap     ] GC(65) y: Heap Statistics:
[2026-04-03T02:39:38.355+0600][69.811s][info][gc,heap     ] GC(65) y:                Mark Start          Mark End        Relocate Start      Relocate End           High               Low         
[2026-04-03T02:39:38.355+0600][69.811s][info][gc,heap     ] GC(65) y:  Capacity:     1750M (100%)       1750M (100%)       1750M (100%)       1750M (100%)       1750M (100%)       1750M (100%)   
[2026-04-03T02:39:38.355+0600][69.811s][info][gc,heap     ] GC(65) y:      Free:      720M (41%)         668M (38%)        1300M (74%)        1406M (80%)        1406M (80%)         668M (38%)    
[2026-04-03T02:39:38.355+0600][69.811s][info][gc,heap     ] GC(65) y:      Used:     1030M (59%)        1082M (62%)         450M (26%)         344M (20%)        1082M (62%)         344M (20%)    
[2026-04-03T02:39:38.355+0600][69.811s][info][gc,heap     ] GC(65) y: Young Generation Statistics:
[2026-04-03T02:39:38.355+0600][69.811s][info][gc,heap     ] GC(65) y:                Mark Start          Mark End        Relocate Start      Relocate End    
[2026-04-03T02:39:38.355+0600][69.811s][info][gc,heap     ] GC(65) y:      Used:      782M (45%)         834M (48%)         202M (12%)          96M (5%)     
[2026-04-03T02:39:38.355+0600][69.811s][info][gc,heap     ] GC(65) y:      Live:         -                10M (1%)           10M (1%)           10M (1%)     
[2026-04-03T02:39:38.355+0600][69.811s][info][gc,heap     ] GC(65) y:   Garbage:         -               771M (44%)         139M (8%)            0M (0%)     
[2026-04-03T02:39:38.355+0600][69.811s][info][gc,heap     ] GC(65) y: Allocated:         -                52M (3%)           52M (3%)           85M (5%)     
[2026-04-03T02:39:38.355+0600][69.811s][info][gc,heap     ] GC(65) y: Reclaimed:         -                  -               632M (36%)         771M (44%)    
[2026-04-03T02:39:38.355+0600][69.811s][info][gc,heap     ] GC(65) y:  Promoted:         -                  -                 0M (0%)            0M (0%)     
[2026-04-03T02:39:38.355+0600][69.811s][info][gc,heap     ] GC(65) y: Compacted:         -                  -                  -                10M (1%)     
[2026-04-03T02:39:38.355+0600][69.811s][info][gc,phases   ] GC(65) y: Young Generation 1030M(59%)->344M(20%) 0.055s
[2026-04-03T02:39:38.355+0600][69.811s][info][gc          ] GC(65) Minor Collection (Allocation Rate) 1028M(59%)->344M(20%) 0.055s
[2026-04-03T02:39:39.469+0600][70.925s][info][gc          ] GC(66) Minor Collection (Allocation Rate)
[2026-04-03T02:39:39.469+0600][70.925s][info][gc,task     ] GC(66) Using 2 Workers for Young Generation
[2026-04-03T02:39:39.470+0600][70.925s][info][gc,phases   ] GC(66) y: Young Generation
[2026-04-03T02:39:39.470+0600][70.925s][info][gc,phases   ] GC(66) y: Pause Mark Start 0.030ms
[2026-04-03T02:39:39.518+0600][70.974s][info][gc,phases   ] GC(66) y: Concurrent Mark 48.167ms
[2026-04-03T02:39:39.518+0600][70.974s][info][gc,phases   ] GC(66) y: Pause Mark End 0.030ms
[2026-04-03T02:39:39.518+0600][70.974s][info][gc,phases   ] GC(66) y: Concurrent Mark Free 0.003ms
[2026-04-03T02:39:39.518+0600][70.974s][info][gc,phases   ] GC(66) y: Concurrent Reset Relocation Set 0.011ms
[2026-04-03T02:39:39.521+0600][70.977s][info][gc,reloc    ] GC(66) y: Using tenuring threshold: 5 (Computed)
[2026-04-03T02:39:39.522+0600][70.977s][info][gc,phases   ] GC(66) y: Concurrent Select Relocation Set 3.173ms
[2026-04-03T02:39:39.522+0600][70.977s][info][gc,phases   ] GC(66) y: Pause Relocate Start 0.023ms
[2026-04-03T02:39:39.528+0600][70.983s][info][gc,phases   ] GC(66) y: Concurrent Relocate 5.790ms
[2026-04-03T02:39:39.528+0600][70.983s][info][gc,alloc    ] GC(66) y:                         Mark Start        Mark End      Relocate Start    Relocate End   
[2026-04-03T02:39:39.528+0600][70.983s][info][gc,alloc    ] GC(66) y: Allocation Stalls:          0                0                0                0         
[2026-04-03T02:39:39.528+0600][70.983s][info][gc,load     ] GC(66) y: Load: 6.24 (52%) / 5.53 (46%) / 5.68 (47%)
[2026-04-03T02:39:39.528+0600][70.983s][info][gc,mmu      ] GC(66) y: MMU: 2ms/93.5%, 5ms/97.4%, 10ms/98.4%, 20ms/99.2%, 50ms/99.7%, 100ms/99.8%
[2026-04-03T02:39:39.528+0600][70.983s][info][gc,marking  ] GC(66) y: Mark: 2 stripe(s), 2 proactive flush(es), 1 terminate flush(es), 0 completion(s), 0 continuation(s) 
[2026-04-03T02:39:39.528+0600][70.983s][info][gc,marking  ] GC(66) y: Mark Stack Usage: 32M
[2026-04-03T02:39:39.528+0600][70.983s][info][gc,nmethod  ] GC(66) y: NMethods: 14945 registered, 2684 unregistered
[2026-04-03T02:39:39.528+0600][70.983s][info][gc,metaspace] GC(66) y: Metaspace: 128M used, 129M committed, 1152M reserved
[2026-04-03T02:39:39.528+0600][70.983s][info][gc,reloc    ] GC(66) y:                        Candidates     Selected     In-Place         Size        Empty    Relocated 
[2026-04-03T02:39:39.528+0600][70.983s][info][gc,reloc    ] GC(66) y: Small Pages:                  362          251            0         724M         204M           7M 
[2026-04-03T02:39:39.528+0600][70.983s][info][gc,reloc    ] GC(66) y: Medium Pages:                   4            0            0         128M         128M           0M 
[2026-04-03T02:39:39.528+0600][70.983s][info][gc,reloc    ] GC(66) y: Large Pages:                   17            0            0         102M         102M           0M 
[2026-04-03T02:39:39.528+0600][70.983s][info][gc,reloc    ] GC(66) y: Forwarding Usage: 1M
[2026-04-03T02:39:39.528+0600][70.983s][info][gc,reloc    ] GC(66) y: Age Table:
[2026-04-03T02:39:39.528+0600][70.983s][info][gc,reloc    ] GC(66) y:                    Live             Garbage             Small              Medium             Large        
[2026-04-03T02:39:39.528+0600][70.983s][info][gc,reloc    ] GC(66) y: Eden               6M (0%)          905M (52%)        341 / 236            4 / 0             17 / 0        
[2026-04-03T02:39:39.528+0600][70.983s][info][gc,reloc    ] GC(66) y: Survivor 1         1M (0%)           14M (1%)           8 / 6              0 / 0              0 / 0        
[2026-04-03T02:39:39.528+0600][70.983s][info][gc,reloc    ] GC(66) y: Survivor 2         3M (0%)            6M (0%)           5 / 2              0 / 0              0 / 0        
[2026-04-03T02:39:39.528+0600][70.983s][info][gc,reloc    ] GC(66) y: Survivor 3         2M (0%)           11M (1%)           7 / 6              0 / 0              0 / 0        
[2026-04-03T02:39:39.528+0600][70.983s][info][gc,reloc    ] GC(66) y: Survivor 4         0M (0%)            1M (0%)           1 / 1              0 / 0              0 / 0        
[2026-04-03T02:39:39.528+0600][70.983s][info][gc,heap     ] GC(66) y: Min Capacity: 8M(0%)
[2026-04-03T02:39:39.528+0600][70.983s][info][gc,heap     ] GC(66) y: Max Capacity: 1750M(100%)
[2026-04-03T02:39:39.528+0600][70.983s][info][gc,heap     ] GC(66) y: Soft Max Capacity: 1750M(100%)
[2026-04-03T02:39:39.528+0600][70.983s][info][gc,heap     ] GC(66) y: Heap Statistics:
[2026-04-03T02:39:39.528+0600][70.983s][info][gc,heap     ] GC(66) y:                Mark Start          Mark End        Relocate Start      Relocate End           High               Low         
[2026-04-03T02:39:39.528+0600][70.983s][info][gc,heap     ] GC(66) y:  Capacity:     1750M (100%)       1750M (100%)       1750M (100%)       1750M (100%)       1750M (100%)       1750M (100%)   
[2026-04-03T02:39:39.528+0600][70.983s][info][gc,heap     ] GC(66) y:      Free:      548M (31%)         490M (28%)         924M (53%)        1408M (80%)        1408M (80%)         490M (28%)    
[2026-04-03T02:39:39.528+0600][70.983s][info][gc,heap     ] GC(66) y:      Used:     1202M (69%)        1260M (72%)         826M (47%)         342M (20%)        1260M (72%)         342M (20%)    
[2026-04-03T02:39:39.528+0600][70.983s][info][gc,heap     ] GC(66) y: Young Generation Statistics:
[2026-04-03T02:39:39.528+0600][70.983s][info][gc,heap     ] GC(66) y:                Mark Start          Mark End        Relocate Start      Relocate End    
[2026-04-03T02:39:39.528+0600][70.983s][info][gc,heap     ] GC(66) y:      Used:      954M (55%)        1012M (58%)         578M (33%)          94M (5%)     
[2026-04-03T02:39:39.528+0600][70.984s][info][gc,heap     ] GC(66) y:      Live:         -                14M (1%)           14M (1%)           14M (1%)     
[2026-04-03T02:39:39.528+0600][70.984s][info][gc,heap     ] GC(66) y:   Garbage:         -               939M (54%)         505M (29%)           1M (0%)     
[2026-04-03T02:39:39.528+0600][70.984s][info][gc,heap     ] GC(66) y: Allocated:         -                58M (3%)           58M (3%)           77M (4%)     
[2026-04-03T02:39:39.528+0600][70.984s][info][gc,heap     ] GC(66) y: Reclaimed:         -                  -               434M (25%)         937M (54%)    
[2026-04-03T02:39:39.528+0600][70.984s][info][gc,heap     ] GC(66) y:  Promoted:         -                  -                 0M (0%)            0M (0%)     
[2026-04-03T02:39:39.528+0600][70.984s][info][gc,heap     ] GC(66) y: Compacted:         -                  -                  -                 8M (0%)     
[2026-04-03T02:39:39.528+0600][70.984s][info][gc,phases   ] GC(66) y: Young Generation 1202M(69%)->342M(20%) 0.058s
[2026-04-03T02:39:39.528+0600][70.984s][info][gc          ] GC(66) Minor Collection (Allocation Rate) 1202M(69%)->342M(20%) 0.059s
[2026-04-03T02:39:39.918+0600][71.374s][info][gc          ] GC(67) Minor Collection (Allocation Rate)
[2026-04-03T02:39:39.918+0600][71.374s][info][gc,task     ] GC(67) Using 1 Workers for Young Generation
[2026-04-03T02:39:39.918+0600][71.374s][info][gc,phases   ] GC(67) y: Young Generation
[2026-04-03T02:39:39.919+0600][71.374s][info][gc,phases   ] GC(67) y: Pause Mark Start 0.020ms
[2026-04-03T02:39:39.971+0600][71.427s][info][gc,phases   ] GC(67) y: Concurrent Mark 52.574ms
[2026-04-03T02:39:39.972+0600][71.427s][info][gc,phases   ] GC(67) y: Pause Mark End 0.034ms
[2026-04-03T02:39:39.972+0600][71.427s][info][gc,phases   ] GC(67) y: Concurrent Mark Free 0.002ms
[2026-04-03T02:39:39.972+0600][71.427s][info][gc,phases   ] GC(67) y: Concurrent Reset Relocation Set 0.024ms
[2026-04-03T02:39:39.975+0600][71.430s][info][gc,reloc    ] GC(67) y: Using tenuring threshold: 5 (Computed)
[2026-04-03T02:39:39.975+0600][71.431s][info][gc,phases   ] GC(67) y: Concurrent Select Relocation Set 3.572ms
[2026-04-03T02:39:39.976+0600][71.431s][info][gc,phases   ] GC(67) y: Pause Relocate Start 0.016ms
[2026-04-03T02:39:39.983+0600][71.439s][info][gc,phases   ] GC(67) y: Concurrent Relocate 7.538ms
[2026-04-03T02:39:39.983+0600][71.439s][info][gc,alloc    ] GC(67) y:                         Mark Start        Mark End      Relocate Start    Relocate End   
[2026-04-03T02:39:39.983+0600][71.439s][info][gc,alloc    ] GC(67) y: Allocation Stalls:          0                0                0                0         
[2026-04-03T02:39:39.983+0600][71.439s][info][gc,load     ] GC(67) y: Load: 6.54 (55%) / 5.60 (47%) / 5.70 (48%)
[2026-04-03T02:39:39.983+0600][71.439s][info][gc,mmu      ] GC(67) y: MMU: 2ms/93.5%, 5ms/97.4%, 10ms/98.4%, 20ms/99.2%, 50ms/99.7%, 100ms/99.8%
[2026-04-03T02:39:39.983+0600][71.439s][info][gc,marking  ] GC(67) y: Mark: 1 stripe(s), 2 proactive flush(es), 1 terminate flush(es), 0 completion(s), 0 continuation(s) 
[2026-04-03T02:39:39.983+0600][71.439s][info][gc,marking  ] GC(67) y: Mark Stack Usage: 32M
[2026-04-03T02:39:39.983+0600][71.439s][info][gc,nmethod  ] GC(67) y: NMethods: 14951 registered, 2684 unregistered
[2026-04-03T02:39:39.983+0600][71.439s][info][gc,metaspace] GC(67) y: Metaspace: 128M used, 129M committed, 1152M reserved
[2026-04-03T02:39:39.983+0600][71.439s][info][gc,reloc    ] GC(67) y:                        Candidates     Selected     In-Place         Size        Empty    Relocated 
[2026-04-03T02:39:39.983+0600][71.439s][info][gc,reloc    ] GC(67) y: Small Pages:                  142           96            0         284M          78M           4M 
[2026-04-03T02:39:39.983+0600][71.439s][info][gc,reloc    ] GC(67) y: Medium Pages:                   2            0            0          64M          64M           0M 
[2026-04-03T02:39:39.983+0600][71.439s][info][gc,reloc    ] GC(67) y: Large Pages:                    6            0            0          36M          36M           0M 
[2026-04-03T02:39:39.983+0600][71.439s][info][gc,reloc    ] GC(67) y: Forwarding Usage: 0M
[2026-04-03T02:39:39.983+0600][71.439s][info][gc,reloc    ] GC(67) y: Age Table:
[2026-04-03T02:39:39.983+0600][71.439s][info][gc,reloc    ] GC(67) y:                    Live             Garbage             Small              Medium             Large        
[2026-04-03T02:39:39.984+0600][71.439s][info][gc,reloc    ] GC(67) y: Eden               0M (0%)          347M (20%)        124 / 84             2 / 0              6 / 0        
[2026-04-03T02:39:39.984+0600][71.439s][info][gc,reloc    ] GC(67) y: Survivor 1         2M (0%)            9M (1%)           6 / 5              0 / 0              0 / 0        
[2026-04-03T02:39:39.984+0600][71.439s][info][gc,reloc    ] GC(67) y: Survivor 2         1M (0%)            6M (0%)           4 / 3              0 / 0              0 / 0        
[2026-04-03T02:39:39.984+0600][71.439s][info][gc,reloc    ] GC(67) y: Survivor 3         3M (0%)            4M (0%)           4 / 1              0 / 0              0 / 0        
[2026-04-03T02:39:39.984+0600][71.439s][info][gc,reloc    ] GC(67) y: Survivor 4         2M (0%)            3M (0%)           3 / 2              0 / 0              0 / 0        
[2026-04-03T02:39:39.984+0600][71.439s][info][gc,reloc    ] GC(67) y: Survivor 5         0M (0%)            1M (0%)           1 / 1              0 / 0              0 / 0        
[2026-04-03T02:39:39.984+0600][71.439s][info][gc,heap     ] GC(67) y: Min Capacity: 8M(0%)
[2026-04-03T02:39:39.984+0600][71.439s][info][gc,heap     ] GC(67) y: Max Capacity: 1750M(100%)
[2026-04-03T02:39:39.984+0600][71.439s][info][gc,heap     ] GC(67) y: Soft Max Capacity: 1750M(100%)
[2026-04-03T02:39:39.984+0600][71.439s][info][gc,heap     ] GC(67) y: Heap Statistics:
[2026-04-03T02:39:39.984+0600][71.439s][info][gc,heap     ] GC(67) y:                Mark Start          Mark End        Relocate Start      Relocate End           High               Low         
[2026-04-03T02:39:39.984+0600][71.439s][info][gc,heap     ] GC(67) y:  Capacity:     1750M (100%)       1750M (100%)       1750M (100%)       1750M (100%)       1750M (100%)       1750M (100%)   
[2026-04-03T02:39:39.984+0600][71.439s][info][gc,heap     ] GC(67) y:      Free:     1118M (64%)        1036M (59%)        1210M (69%)        1370M (78%)        1374M (79%)        1034M (59%)    
[2026-04-03T02:39:39.984+0600][71.439s][info][gc,heap     ] GC(67) y:      Used:      632M (36%)         714M (41%)         540M (31%)         380M (22%)         716M (41%)         376M (21%)    
[2026-04-03T02:39:39.984+0600][71.439s][info][gc,heap     ] GC(67) y: Young Generation Statistics:
[2026-04-03T02:39:39.984+0600][71.439s][info][gc,heap     ] GC(67) y:                Mark Start          Mark End        Relocate Start      Relocate End    
[2026-04-03T02:39:39.984+0600][71.439s][info][gc,heap     ] GC(67) y:      Used:      384M (22%)         466M (27%)         292M (17%)         130M (7%)     
[2026-04-03T02:39:39.984+0600][71.439s][info][gc,heap     ] GC(67) y:      Live:         -                12M (1%)           12M (1%)           11M (1%)     
[2026-04-03T02:39:39.984+0600][71.439s][info][gc,heap     ] GC(67) y:   Garbage:         -               371M (21%)         193M (11%)           0M (0%)     
[2026-04-03T02:39:39.984+0600][71.439s][info][gc,heap     ] GC(67) y: Allocated:         -                82M (5%)           86M (5%)          117M (7%)     
[2026-04-03T02:39:39.984+0600][71.439s][info][gc,heap     ] GC(67) y: Reclaimed:         -                  -               178M (10%)         371M (21%)    
[2026-04-03T02:39:39.984+0600][71.439s][info][gc,heap     ] GC(67) y:  Promoted:         -                  -                 0M (0%)            0M (0%)     
[2026-04-03T02:39:39.984+0600][71.439s][info][gc,heap     ] GC(67) y: Compacted:         -                  -                  -                 6M (0%)     
[2026-04-03T02:39:39.984+0600][71.439s][info][gc,phases   ] GC(67) y: Young Generation 632M(36%)->380M(22%) 0.065s
[2026-04-03T02:39:39.984+0600][71.439s][info][gc          ] GC(67) Minor Collection (Allocation Rate) 632M(36%)->382M(22%) 0.066s
[2026-04-03T02:39:40.448+0600][71.904s][info][gc          ] GC(68) Minor Collection (Allocation Rate)
[2026-04-03T02:39:40.448+0600][71.904s][info][gc,task     ] GC(68) Using 1 Workers for Young Generation
[2026-04-03T02:39:40.448+0600][71.904s][info][gc,phases   ] GC(68) y: Young Generation
[2026-04-03T02:39:40.449+0600][71.904s][info][gc,phases   ] GC(68) y: Pause Mark Start 0.044ms
[2026-04-03T02:39:40.505+0600][71.961s][info][gc,phases   ] GC(68) y: Concurrent Mark 56.480ms
[2026-04-03T02:39:40.506+0600][71.961s][info][gc,phases   ] GC(68) y: Pause Mark End 0.018ms
[2026-04-03T02:39:40.506+0600][71.961s][info][gc,phases   ] GC(68) y: Concurrent Mark Free 0.001ms
[2026-04-03T02:39:40.506+0600][71.961s][info][gc,phases   ] GC(68) y: Concurrent Reset Relocation Set 0.013ms
[2026-04-03T02:39:40.507+0600][71.963s][info][gc,reloc    ] GC(68) y: Using tenuring threshold: 1 (Computed)
[2026-04-03T02:39:40.512+0600][71.967s][info][gc,phases   ] GC(68) y: Concurrent Select Relocation Set 5.918ms
[2026-04-03T02:39:40.512+0600][71.967s][info][gc,phases   ] GC(68) y: Pause Relocate Start 0.015ms
[2026-04-03T02:39:40.528+0600][71.984s][info][gc,phases   ] GC(68) y: Concurrent Relocate 16.341ms
[2026-04-03T02:39:40.529+0600][71.984s][info][gc,alloc    ] GC(68) y:                         Mark Start        Mark End      Relocate Start    Relocate End   
[2026-04-03T02:39:40.529+0600][71.984s][info][gc,alloc    ] GC(68) y: Allocation Stalls:          0                0                0                0         
[2026-04-03T02:39:40.529+0600][71.984s][info][gc,load     ] GC(68) y: Load: 6.54 (55%) / 5.60 (47%) / 5.70 (48%)
[2026-04-03T02:39:40.529+0600][71.984s][info][gc,mmu      ] GC(68) y: MMU: 2ms/93.5%, 5ms/97.4%, 10ms/98.4%, 20ms/99.2%, 50ms/99.7%, 100ms/99.8%
[2026-04-03T02:39:40.529+0600][71.984s][info][gc,marking  ] GC(68) y: Mark: 1 stripe(s), 2 proactive flush(es), 1 terminate flush(es), 0 completion(s), 0 continuation(s) 
[2026-04-03T02:39:40.529+0600][71.984s][info][gc,marking  ] GC(68) y: Mark Stack Usage: 32M
[2026-04-03T02:39:40.529+0600][71.984s][info][gc,nmethod  ] GC(68) y: NMethods: 14973 registered, 2684 unregistered
[2026-04-03T02:39:40.529+0600][71.984s][info][gc,metaspace] GC(68) y: Metaspace: 128M used, 129M committed, 1152M reserved
[2026-04-03T02:39:40.529+0600][71.984s][info][gc,reloc    ] GC(68) y:                        Candidates     Selected     In-Place         Size        Empty    Relocated 
[2026-04-03T02:39:40.529+0600][71.984s][info][gc,reloc    ] GC(68) y: Small Pages:                  310          134            0         620M         330M           7M 
[2026-04-03T02:39:40.529+0600][71.984s][info][gc,reloc    ] GC(68) y: Medium Pages:                   2            0            0          64M          64M           0M 
[2026-04-03T02:39:40.529+0600][71.984s][info][gc,reloc    ] GC(68) y: Large Pages:                   55            0            0         330M         306M           0M 
[2026-04-03T02:39:40.529+0600][71.984s][info][gc,reloc    ] GC(68) y: Forwarding Usage: 1M
[2026-04-03T02:39:40.529+0600][71.984s][info][gc,reloc    ] GC(68) y: Age Table:
[2026-04-03T02:39:40.529+0600][71.984s][info][gc,reloc    ] GC(68) y:                    Live             Garbage             Small              Medium             Large        
[2026-04-03T02:39:40.529+0600][71.984s][info][gc,reloc    ] GC(68) y: Eden              30M (2%)          945M (54%)        291 / 121            2 / 0             55 / 0        
[2026-04-03T02:39:40.529+0600][71.984s][info][gc,reloc    ] GC(68) y: Survivor 1         0M (0%)            1M (0%)           1 / 0              0 / 0              0 / 0        
[2026-04-03T02:39:40.529+0600][71.984s][info][gc,reloc    ] GC(68) y: Survivor 2         2M (0%)            5M (0%)           4 / 3              0 / 0              0 / 0        
[2026-04-03T02:39:40.529+0600][71.984s][info][gc,reloc    ] GC(68) y: Survivor 3         1M (0%)           16M (1%)           9 / 8              0 / 0              0 / 0        
[2026-04-03T02:39:40.529+0600][71.984s][info][gc,reloc    ] GC(68) y: Survivor 4         3M (0%)            2M (0%)           3 / 1              0 / 0              0 / 0        
[2026-04-03T02:39:40.529+0600][71.984s][info][gc,reloc    ] GC(68) y: Survivor 5         2M (0%)            1M (0%)           2 / 1              0 / 0              0 / 0        
[2026-04-03T02:39:40.529+0600][71.984s][info][gc,heap     ] GC(68) y: Min Capacity: 8M(0%)
[2026-04-03T02:39:40.529+0600][71.984s][info][gc,heap     ] GC(68) y: Max Capacity: 1750M(100%)
[2026-04-03T02:39:40.529+0600][71.984s][info][gc,heap     ] GC(68) y: Soft Max Capacity: 1750M(100%)
[2026-04-03T02:39:40.529+0600][71.984s][info][gc,heap     ] GC(68) y: Heap Statistics:
[2026-04-03T02:39:40.529+0600][71.984s][info][gc,heap     ] GC(68) y:                Mark Start          Mark End        Relocate Start      Relocate End           High               Low         
[2026-04-03T02:39:40.529+0600][71.984s][info][gc,heap     ] GC(68) y:  Capacity:     1750M (100%)       1750M (100%)       1750M (100%)       1750M (100%)       1750M (100%)       1750M (100%)   
[2026-04-03T02:39:40.529+0600][71.984s][info][gc,heap     ] GC(68) y:      Free:      486M (28%)         254M (15%)         952M (54%)        1064M (61%)        1212M (69%)         254M (15%)    
[2026-04-03T02:39:40.529+0600][71.985s][info][gc,heap     ] GC(68) y:      Used:     1264M (72%)        1496M (85%)         798M (46%)         686M (39%)        1496M (85%)         538M (31%)    
[2026-04-03T02:39:40.529+0600][71.985s][info][gc,heap     ] GC(68) y: Young Generation Statistics:
[2026-04-03T02:39:40.529+0600][71.985s][info][gc,heap     ] GC(68) y:                Mark Start          Mark End        Relocate Start      Relocate End    
[2026-04-03T02:39:40.529+0600][71.985s][info][gc,heap     ] GC(68) y:      Used:     1014M (58%)        1246M (71%)         536M (31%)         422M (24%)    
[2026-04-03T02:39:40.529+0600][71.985s][info][gc,heap     ] GC(68) y:      Live:         -                42M (2%)           32M (2%)           30M (2%)     
[2026-04-03T02:39:40.529+0600][71.985s][info][gc,heap     ] GC(68) y:   Garbage:         -               971M (56%)         269M (15%)           0M (0%)     
[2026-04-03T02:39:40.529+0600][71.985s][info][gc,heap     ] GC(68) y: Allocated:         -               232M (13%)         234M (13%)         391M (22%)    
[2026-04-03T02:39:40.529+0600][71.985s][info][gc,heap     ] GC(68) y: Reclaimed:         -                  -               702M (40%)         971M (56%)    
[2026-04-03T02:39:40.529+0600][71.985s][info][gc,heap     ] GC(68) y:  Promoted:         -                  -                 9M (1%)           11M (1%)     
[2026-04-03T02:39:40.529+0600][71.985s][info][gc,heap     ] GC(68) y: Compacted:         -                  -                  -                 6M (0%)     
[2026-04-03T02:39:40.529+0600][71.985s][info][gc,phases   ] GC(68) y: Young Generation 1264M(72%)->686M(39%) 0.080s
[2026-04-03T02:39:40.529+0600][71.985s][info][gc          ] GC(68) Minor Collection (Allocation Rate) 1264M(72%)->704M(40%) 0.081s
[2026-04-03T02:39:40.535+0600][71.991s][info][gc          ] GC(69) Minor Collection (Allocation Rate)
[2026-04-03T02:39:40.535+0600][71.991s][info][gc,task     ] GC(69) Using 1 Workers for Young Generation
[2026-04-03T02:39:40.535+0600][71.991s][info][gc,phases   ] GC(69) y: Young Generation
[2026-04-03T02:39:40.535+0600][71.991s][info][gc,phases   ] GC(69) y: Pause Mark Start 0.022ms
[2026-04-03T02:39:40.577+0600][72.033s][info][gc,phases   ] GC(69) y: Concurrent Mark 41.722ms
[2026-04-03T02:39:40.578+0600][72.033s][info][gc,phases   ] GC(69) y: Pause Mark End 0.029ms
[2026-04-03T02:39:40.578+0600][72.033s][info][gc,phases   ] GC(69) y: Concurrent Mark Free 0.002ms
[2026-04-03T02:39:40.578+0600][72.033s][info][gc,phases   ] GC(69) y: Concurrent Reset Relocation Set 0.027ms
[2026-04-03T02:39:40.580+0600][72.035s][info][gc,reloc    ] GC(69) y: Using tenuring threshold: 2 (Computed)
[2026-04-03T02:39:40.580+0600][72.036s][info][gc,phases   ] GC(69) y: Concurrent Select Relocation Set 2.507ms
[2026-04-03T02:39:40.580+0600][72.036s][info][gc,phases   ] GC(69) y: Pause Relocate Start 0.015ms
[2026-04-03T02:39:40.584+0600][72.039s][info][gc,phases   ] GC(69) y: Concurrent Relocate 2.981ms
[2026-04-03T02:39:40.584+0600][72.039s][info][gc,alloc    ] GC(69) y:                         Mark Start        Mark End      Relocate Start    Relocate End   
[2026-04-03T02:39:40.584+0600][72.039s][info][gc,alloc    ] GC(69) y: Allocation Stalls:          0                0                0                0         
[2026-04-03T02:39:40.584+0600][72.039s][info][gc,load     ] GC(69) y: Load: 6.54 (55%) / 5.60 (47%) / 5.70 (48%)
[2026-04-03T02:39:40.584+0600][72.039s][info][gc,mmu      ] GC(69) y: MMU: 2ms/93.5%, 5ms/97.4%, 10ms/98.4%, 20ms/99.2%, 50ms/99.7%, 100ms/99.8%
[2026-04-03T02:39:40.584+0600][72.039s][info][gc,marking  ] GC(69) y: Mark: 1 stripe(s), 2 proactive flush(es), 1 terminate flush(es), 0 completion(s), 0 continuation(s) 
[2026-04-03T02:39:40.584+0600][72.039s][info][gc,marking  ] GC(69) y: Mark Stack Usage: 32M
[2026-04-03T02:39:40.584+0600][72.039s][info][gc,nmethod  ] GC(69) y: NMethods: 14974 registered, 2684 unregistered
[2026-04-03T02:39:40.584+0600][72.039s][info][gc,metaspace] GC(69) y: Metaspace: 128M used, 129M committed, 1152M reserved
[2026-04-03T02:39:40.584+0600][72.039s][info][gc,reloc    ] GC(69) y:                        Candidates     Selected     In-Place         Size        Empty    Relocated 
[2026-04-03T02:39:40.584+0600][72.039s][info][gc,reloc    ] GC(69) y: Small Pages:                   46           34            0          92M          14M           4M 
[2026-04-03T02:39:40.584+0600][72.039s][info][gc,reloc    ] GC(69) y: Medium Pages:                   1            0            0          32M          32M           0M 
[2026-04-03T02:39:40.584+0600][72.039s][info][gc,reloc    ] GC(69) y: Large Pages:                   81            0            0         486M         468M           0M 
[2026-04-03T02:39:40.584+0600][72.039s][info][gc,reloc    ] GC(69) y: Forwarding Usage: 0M
[2026-04-03T02:39:40.584+0600][72.039s][info][gc,reloc    ] GC(69) y: Age Table:
[2026-04-03T02:39:40.584+0600][72.039s][info][gc,reloc    ] GC(69) y:                    Live             Garbage             Small              Medium             Large        
[2026-04-03T02:39:40.584+0600][72.039s][info][gc,reloc    ] GC(69) y: Eden              22M (1%)          555M (32%)         42 / 33             1 / 0             77 / 0        
[2026-04-03T02:39:40.584+0600][72.039s][info][gc,reloc    ] GC(69) y: Survivor 1         3M (0%)           28M (2%)           4 / 1              0 / 0              4 / 0        
[2026-04-03T02:39:40.584+0600][72.039s][info][gc,heap     ] GC(69) y: Min Capacity: 8M(0%)
[2026-04-03T02:39:40.584+0600][72.039s][info][gc,heap     ] GC(69) y: Max Capacity: 1750M(100%)
[2026-04-03T02:39:40.584+0600][72.039s][info][gc,heap     ] GC(69) y: Soft Max Capacity: 1750M(100%)
[2026-04-03T02:39:40.584+0600][72.039s][info][gc,heap     ] GC(69) y: Heap Statistics:
[2026-04-03T02:39:40.584+0600][72.039s][info][gc,heap     ] GC(69) y:                Mark Start          Mark End        Relocate Start      Relocate End           High               Low         
[2026-04-03T02:39:40.584+0600][72.039s][info][gc,heap     ] GC(69) y:  Capacity:     1750M (100%)       1750M (100%)       1750M (100%)       1750M (100%)       1750M (100%)       1750M (100%)   
[2026-04-03T02:39:40.584+0600][72.039s][info][gc,heap     ] GC(69) y:      Free:      876M (50%)         706M (40%)        1218M (70%)        1282M (73%)        1282M (73%)         706M (40%)    
[2026-04-03T02:39:40.584+0600][72.039s][info][gc,heap     ] GC(69) y:      Used:      874M (50%)        1044M (60%)         532M (30%)         468M (27%)        1044M (60%)         468M (27%)    
[2026-04-03T02:39:40.584+0600][72.039s][info][gc,heap     ] GC(69) y: Young Generation Statistics:
[2026-04-03T02:39:40.584+0600][72.039s][info][gc,heap     ] GC(69) y:                Mark Start          Mark End        Relocate Start      Relocate End    
[2026-04-03T02:39:40.584+0600][72.039s][info][gc,heap     ] GC(69) y:      Used:      610M (35%)         780M (45%)         268M (15%)         204M (12%)    
[2026-04-03T02:39:40.584+0600][72.039s][info][gc,heap     ] GC(69) y:      Live:         -                25M (1%)           25M (1%)           25M (1%)     
[2026-04-03T02:39:40.584+0600][72.039s][info][gc,heap     ] GC(69) y:   Garbage:         -               584M (33%)          70M (4%)            1M (0%)     
[2026-04-03T02:39:40.584+0600][72.039s][info][gc,heap     ] GC(69) y: Allocated:         -               170M (10%)         172M (10%)         176M (10%)    
[2026-04-03T02:39:40.584+0600][72.039s][info][gc,heap     ] GC(69) y: Reclaimed:         -                  -               514M (29%)         582M (33%)    
[2026-04-03T02:39:40.584+0600][72.039s][info][gc,heap     ] GC(69) y:  Promoted:         -                  -                 0M (0%)            0M (0%)     
[2026-04-03T02:39:40.584+0600][72.039s][info][gc,heap     ] GC(69) y: Compacted:         -                  -                  -                 5M (0%)     
[2026-04-03T02:39:40.584+0600][72.039s][info][gc,phases   ] GC(69) y: Young Generation 874M(50%)->468M(27%) 0.048s
[2026-04-03T02:39:40.584+0600][72.039s][info][gc          ] GC(69) Minor Collection (Allocation Rate) 874M(50%)->468M(27%) 0.049s
[2026-04-03T02:39:40.702+0600][72.157s][info][gc          ] GC(70) Minor Collection (Allocation Rate)
[2026-04-03T02:39:40.702+0600][72.157s][info][gc,task     ] GC(70) Using 1 Workers for Young Generation
[2026-04-03T02:39:40.702+0600][72.157s][info][gc,phases   ] GC(70) y: Young Generation
[2026-04-03T02:39:40.702+0600][72.158s][info][gc,phases   ] GC(70) y: Pause Mark Start 0.018ms
[2026-04-03T02:39:40.741+0600][72.197s][info][gc,phases   ] GC(70) y: Concurrent Mark 39.140ms
[2026-04-03T02:39:40.742+0600][72.197s][info][gc,phases   ] GC(70) y: Pause Mark End 0.019ms
[2026-04-03T02:39:40.742+0600][72.197s][info][gc,phases   ] GC(70) y: Concurrent Mark Free 0.001ms
[2026-04-03T02:39:40.742+0600][72.197s][info][gc,phases   ] GC(70) y: Concurrent Reset Relocation Set 0.004ms
[2026-04-03T02:39:40.743+0600][72.199s][info][gc,reloc    ] GC(70) y: Using tenuring threshold: 3 (Computed)
[2026-04-03T02:39:40.743+0600][72.199s][info][gc,phases   ] GC(70) y: Concurrent Select Relocation Set 1.894ms
[2026-04-03T02:39:40.744+0600][72.199s][info][gc,phases   ] GC(70) y: Pause Relocate Start 0.037ms
[2026-04-03T02:39:40.746+0600][72.201s][info][gc,phases   ] GC(70) y: Concurrent Relocate 2.162ms
[2026-04-03T02:39:40.746+0600][72.202s][info][gc,alloc    ] GC(70) y:                         Mark Start        Mark End      Relocate Start    Relocate End   
[2026-04-03T02:39:40.746+0600][72.202s][info][gc,alloc    ] GC(70) y: Allocation Stalls:          0                0                0                0         
[2026-04-03T02:39:40.746+0600][72.202s][info][gc,load     ] GC(70) y: Load: 6.54 (55%) / 5.60 (47%) / 5.70 (48%)
[2026-04-03T02:39:40.746+0600][72.202s][info][gc,mmu      ] GC(70) y: MMU: 2ms/93.5%, 5ms/97.4%, 10ms/98.4%, 20ms/99.2%, 50ms/99.7%, 100ms/99.8%
[2026-04-03T02:39:40.746+0600][72.202s][info][gc,marking  ] GC(70) y: Mark: 1 stripe(s), 2 proactive flush(es), 1 terminate flush(es), 0 completion(s), 0 continuation(s) 
[2026-04-03T02:39:40.746+0600][72.202s][info][gc,marking  ] GC(70) y: Mark Stack Usage: 32M
[2026-04-03T02:39:40.746+0600][72.202s][info][gc,nmethod  ] GC(70) y: NMethods: 14988 registered, 2684 unregistered
[2026-04-03T02:39:40.746+0600][72.202s][info][gc,metaspace] GC(70) y: Metaspace: 128M used, 129M committed, 1152M reserved
[2026-04-03T02:39:40.746+0600][72.202s][info][gc,reloc    ] GC(70) y:                        Candidates     Selected     In-Place         Size        Empty    Relocated 
[2026-04-03T02:39:40.746+0600][72.202s][info][gc,reloc    ] GC(70) y: Small Pages:                   64           51            0         128M          18M           2M 
[2026-04-03T02:39:40.746+0600][72.202s][info][gc,reloc    ] GC(70) y: Medium Pages:                   1            0            0          32M          32M           0M 
[2026-04-03T02:39:40.746+0600][72.202s][info][gc,reloc    ] GC(70) y: Large Pages:                   19            0            0         114M         114M           0M 
[2026-04-03T02:39:40.746+0600][72.202s][info][gc,reloc    ] GC(70) y: Forwarding Usage: 0M
[2026-04-03T02:39:40.746+0600][72.202s][info][gc,reloc    ] GC(70) y: Age Table:
[2026-04-03T02:39:40.746+0600][72.202s][info][gc,reloc    ] GC(70) y:                    Live             Garbage             Small              Medium             Large        
[2026-04-03T02:39:40.746+0600][72.202s][info][gc,reloc    ] GC(70) y: Eden               1M (0%)          240M (14%)         57 / 49             1 / 0             16 / 0        
[2026-04-03T02:39:40.746+0600][72.202s][info][gc,reloc    ] GC(70) y: Survivor 1         0M (0%)           25M (1%)           4 / 2              0 / 0              3 / 0        
[2026-04-03T02:39:40.746+0600][72.202s][info][gc,reloc    ] GC(70) y: Survivor 2         3M (0%)            2M (0%)           3 / 0              0 / 0              0 / 0        
[2026-04-03T02:39:40.746+0600][72.202s][info][gc,heap     ] GC(70) y: Min Capacity: 8M(0%)
[2026-04-03T02:39:40.746+0600][72.202s][info][gc,heap     ] GC(70) y: Max Capacity: 1750M(100%)
[2026-04-03T02:39:40.746+0600][72.202s][info][gc,heap     ] GC(70) y: Soft Max Capacity: 1750M(100%)
[2026-04-03T02:39:40.746+0600][72.202s][info][gc,heap     ] GC(70) y: Heap Statistics:
[2026-04-03T02:39:40.746+0600][72.202s][info][gc,heap     ] GC(70) y:                Mark Start          Mark End        Relocate Start      Relocate End           High               Low         
[2026-04-03T02:39:40.746+0600][72.202s][info][gc,heap     ] GC(70) y:  Capacity:     1750M (100%)       1750M (100%)       1750M (100%)       1750M (100%)       1750M (100%)       1750M (100%)   
[2026-04-03T02:39:40.746+0600][72.202s][info][gc,heap     ] GC(70) y:      Free:     1212M (69%)        1150M (66%)        1312M (75%)        1410M (81%)        1410M (81%)        1148M (66%)    
[2026-04-03T02:39:40.746+0600][72.202s][info][gc,heap     ] GC(70) y:      Used:      538M (31%)         600M (34%)         438M (25%)         340M (19%)         602M (34%)         340M (19%)    
[2026-04-03T02:39:40.746+0600][72.202s][info][gc,heap     ] GC(70) y: Young Generation Statistics:
[2026-04-03T02:39:40.746+0600][72.202s][info][gc,heap     ] GC(70) y:                Mark Start          Mark End        Relocate Start      Relocate End    
[2026-04-03T02:39:40.746+0600][72.202s][info][gc,heap     ] GC(70) y:      Used:      274M (16%)         336M (19%)         174M (10%)          76M (4%)     
[2026-04-03T02:39:40.746+0600][72.202s][info][gc,heap     ] GC(70) y:      Live:         -                 5M (0%)            5M (0%)            5M (0%)     
[2026-04-03T02:39:40.746+0600][72.202s][info][gc,heap     ] GC(70) y:   Garbage:         -               268M (15%)         104M (6%)            1M (0%)     
[2026-04-03T02:39:40.746+0600][72.202s][info][gc,heap     ] GC(70) y: Allocated:         -                62M (4%)           64M (4%)           69M (4%)     
[2026-04-03T02:39:40.746+0600][72.202s][info][gc,heap     ] GC(70) y: Reclaimed:         -                  -               164M (9%)          267M (15%)    
[2026-04-03T02:39:40.746+0600][72.202s][info][gc,heap     ] GC(70) y:  Promoted:         -                  -                 0M (0%)            0M (0%)     
[2026-04-03T02:39:40.746+0600][72.202s][info][gc,heap     ] GC(70) y: Compacted:         -                  -                  -                 2M (0%)     
[2026-04-03T02:39:40.746+0600][72.202s][info][gc,phases   ] GC(70) y: Young Generation 538M(31%)->340M(19%) 0.044s
[2026-04-03T02:39:40.746+0600][72.202s][info][gc          ] GC(70) Minor Collection (Allocation Rate) 538M(31%)->340M(19%) 0.045s
[2026-04-03T02:39:41.733+0600][73.189s][info][gc          ] GC(71) Minor Collection (Allocation Rate)
[2026-04-03T02:39:41.733+0600][73.189s][info][gc,task     ] GC(71) Using 1 Workers for Young Generation
[2026-04-03T02:39:41.733+0600][73.189s][info][gc,phases   ] GC(71) y: Young Generation
[2026-04-03T02:39:41.733+0600][73.189s][info][gc,phases   ] GC(71) y: Pause Mark Start 0.017ms
[2026-04-03T02:39:41.779+0600][73.234s][info][gc,phases   ] GC(71) y: Concurrent Mark 45.351ms
[2026-04-03T02:39:41.779+0600][73.235s][info][gc,phases   ] GC(71) y: Pause Mark End 0.034ms
[2026-04-03T02:39:41.779+0600][73.235s][info][gc,phases   ] GC(71) y: Concurrent Mark Free 0.001ms
[2026-04-03T02:39:41.779+0600][73.235s][info][gc,phases   ] GC(71) y: Concurrent Reset Relocation Set 0.007ms
[2026-04-03T02:39:41.782+0600][73.237s][info][gc,reloc    ] GC(71) y: Using tenuring threshold: 2 (Computed)
[2026-04-03T02:39:41.784+0600][73.239s][info][gc,phases   ] GC(71) y: Concurrent Select Relocation Set 4.583ms
[2026-04-03T02:39:41.784+0600][73.239s][info][gc,phases   ] GC(71) y: Pause Relocate Start 0.018ms
[2026-04-03T02:39:41.796+0600][73.251s][info][gc,phases   ] GC(71) y: Concurrent Relocate 11.571ms
[2026-04-03T02:39:41.796+0600][73.251s][info][gc,alloc    ] GC(71) y:                         Mark Start        Mark End      Relocate Start    Relocate End   
[2026-04-03T02:39:41.796+0600][73.251s][info][gc,alloc    ] GC(71) y: Allocation Stalls:          0                0                0                0         
[2026-04-03T02:39:41.796+0600][73.251s][info][gc,load     ] GC(71) y: Load: 6.54 (55%) / 5.60 (47%) / 5.70 (48%)
[2026-04-03T02:39:41.796+0600][73.251s][info][gc,mmu      ] GC(71) y: MMU: 2ms/93.5%, 5ms/97.4%, 10ms/98.4%, 20ms/99.2%, 50ms/99.7%, 100ms/99.8%
[2026-04-03T02:39:41.796+0600][73.251s][info][gc,marking  ] GC(71) y: Mark: 1 stripe(s), 2 proactive flush(es), 1 terminate flush(es), 0 completion(s), 0 continuation(s) 
[2026-04-03T02:39:41.796+0600][73.251s][info][gc,marking  ] GC(71) y: Mark Stack Usage: 32M
[2026-04-03T02:39:41.796+0600][73.251s][info][gc,nmethod  ] GC(71) y: NMethods: 15001 registered, 2684 unregistered
[2026-04-03T02:39:41.796+0600][73.251s][info][gc,metaspace] GC(71) y: Metaspace: 128M used, 129M committed, 1152M reserved
[2026-04-03T02:39:41.796+0600][73.251s][info][gc,reloc    ] GC(71) y:                        Candidates     Selected     In-Place         Size        Empty    Relocated 
[2026-04-03T02:39:41.796+0600][73.251s][info][gc,reloc    ] GC(71) y: Small Pages:                  321          218            0         642M         196M           5M 
[2026-04-03T02:39:41.796+0600][73.251s][info][gc,reloc    ] GC(71) y: Medium Pages:                   4            0            0         128M          96M           0M 
[2026-04-03T02:39:41.796+0600][73.251s][info][gc,reloc    ] GC(71) y: Large Pages:                   14            0            0          84M          84M           0M 
[2026-04-03T02:39:41.796+0600][73.251s][info][gc,reloc    ] GC(71) y: Forwarding Usage: 1M
[2026-04-03T02:39:41.796+0600][73.251s][info][gc,reloc    ] GC(71) y: Age Table:
[2026-04-03T02:39:41.796+0600][73.251s][info][gc,reloc    ] GC(71) y:                    Live             Garbage             Small              Medium             Large        
[2026-04-03T02:39:41.796+0600][73.251s][info][gc,reloc    ] GC(71) y: Eden               4M (0%)          837M (48%)        315 / 215            4 / 0             14 / 0        
[2026-04-03T02:39:41.796+0600][73.251s][info][gc,reloc    ] GC(71) y: Survivor 1         1M (0%)            2M (0%)           2 / 2              0 / 0              0 / 0        
[2026-04-03T02:39:41.796+0600][73.251s][info][gc,reloc    ] GC(71) y: Survivor 2         0M (0%)            1M (0%)           1 / 1              0 / 0              0 / 0        
[2026-04-03T02:39:41.796+0600][73.251s][info][gc,reloc    ] GC(71) y: Survivor 3         3M (0%)            2M (0%)           3 / 0              0 / 0              0 / 0        
[2026-04-03T02:39:41.796+0600][73.251s][info][gc,heap     ] GC(71) y: Min Capacity: 8M(0%)
[2026-04-03T02:39:41.796+0600][73.251s][info][gc,heap     ] GC(71) y: Max Capacity: 1750M(100%)
[2026-04-03T02:39:41.796+0600][73.251s][info][gc,heap     ] GC(71) y: Soft Max Capacity: 1750M(100%)
[2026-04-03T02:39:41.796+0600][73.251s][info][gc,heap     ] GC(71) y: Heap Statistics:
[2026-04-03T02:39:41.796+0600][73.251s][info][gc,heap     ] GC(71) y:                Mark Start          Mark End        Relocate Start      Relocate End           High               Low         
[2026-04-03T02:39:41.796+0600][73.251s][info][gc,heap     ] GC(71) y:  Capacity:     1750M (100%)       1750M (100%)       1750M (100%)       1750M (100%)       1750M (100%)       1750M (100%)   
[2026-04-03T02:39:41.796+0600][73.251s][info][gc,heap     ] GC(71) y:      Free:      632M (36%)         540M (31%)         916M (52%)        1352M (77%)        1352M (77%)         482M (28%)    
[2026-04-03T02:39:41.796+0600][73.251s][info][gc,heap     ] GC(71) y:      Used:     1118M (64%)        1210M (69%)         834M (48%)         398M (23%)        1268M (72%)         398M (23%)    
[2026-04-03T02:39:41.796+0600][73.251s][info][gc,heap     ] GC(71) y: Young Generation Statistics:
[2026-04-03T02:39:41.796+0600][73.251s][info][gc,heap     ] GC(71) y:                Mark Start          Mark End        Relocate Start      Relocate End    
[2026-04-03T02:39:41.796+0600][73.252s][info][gc,heap     ] GC(71) y:      Used:      854M (49%)         946M (54%)         568M (32%)         130M (7%)     
[2026-04-03T02:39:41.796+0600][73.252s][info][gc,heap     ] GC(71) y:      Live:         -                 9M (1%)            7M (0%)            5M (0%)     
[2026-04-03T02:39:41.796+0600][73.252s][info][gc,heap     ] GC(71) y:   Garbage:         -               844M (48%)         468M (27%)          30M (2%)     
[2026-04-03T02:39:41.796+0600][73.252s][info][gc,heap     ] GC(71) y: Allocated:         -                92M (5%)           92M (5%)           93M (5%)     
[2026-04-03T02:39:41.796+0600][73.252s][info][gc,heap     ] GC(71) y: Reclaimed:         -                  -               376M (22%)         813M (46%)    
[2026-04-03T02:39:41.796+0600][73.252s][info][gc,heap     ] GC(71) y:  Promoted:         -                  -                 1M (0%)            3M (0%)     
[2026-04-03T02:39:41.796+0600][73.252s][info][gc,heap     ] GC(71) y: Compacted:         -                  -                  -                 4M (0%)     
[2026-04-03T02:39:41.796+0600][73.252s][info][gc,phases   ] GC(71) y: Young Generation 1118M(64%)->398M(23%) 0.062s
[2026-04-03T02:39:41.796+0600][73.252s][info][gc          ] GC(71) Minor Collection (Allocation Rate) 1118M(64%)->398M(23%) 0.063s
[2026-04-03T02:39:42.621+0600][74.076s][info][gc          ] GC(72) Minor Collection (Allocation Rate)
[2026-04-03T02:39:42.621+0600][74.076s][info][gc,task     ] GC(72) Using 1 Workers for Young Generation
[2026-04-03T02:39:42.621+0600][74.076s][info][gc,phases   ] GC(72) y: Young Generation
[2026-04-03T02:39:42.621+0600][74.077s][info][gc,phases   ] GC(72) y: Pause Mark Start 0.052ms
[2026-04-03T02:39:42.680+0600][74.135s][info][gc,phases   ] GC(72) y: Concurrent Mark 58.469ms
[2026-04-03T02:39:42.680+0600][74.136s][info][gc,phases   ] GC(72) y: Pause Mark End 0.018ms
[2026-04-03T02:39:42.680+0600][74.136s][info][gc,phases   ] GC(72) y: Concurrent Mark Free 0.002ms
[2026-04-03T02:39:42.680+0600][74.136s][info][gc,phases   ] GC(72) y: Concurrent Reset Relocation Set 0.024ms
[2026-04-03T02:39:42.685+0600][74.140s][info][gc,reloc    ] GC(72) y: Using tenuring threshold: 3 (Computed)
[2026-04-03T02:39:42.686+0600][74.141s][info][gc,phases   ] GC(72) y: Concurrent Select Relocation Set 5.174ms
[2026-04-03T02:39:42.686+0600][74.141s][info][gc,phases   ] GC(72) y: Pause Relocate Start 0.015ms
[2026-04-03T02:39:42.698+0600][74.153s][info][gc,phases   ] GC(72) y: Concurrent Relocate 12.033ms
[2026-04-03T02:39:42.698+0600][74.153s][info][gc,alloc    ] GC(72) y:                         Mark Start        Mark End      Relocate Start    Relocate End   
[2026-04-03T02:39:42.698+0600][74.153s][info][gc,alloc    ] GC(72) y: Allocation Stalls:          0                0                0                0         
[2026-04-03T02:39:42.698+0600][74.153s][info][gc,load     ] GC(72) y: Load: 6.54 (55%) / 5.60 (47%) / 5.70 (48%)
[2026-04-03T02:39:42.698+0600][74.153s][info][gc,mmu      ] GC(72) y: MMU: 2ms/93.5%, 5ms/97.4%, 10ms/98.4%, 20ms/99.2%, 50ms/99.7%, 100ms/99.8%
[2026-04-03T02:39:42.698+0600][74.153s][info][gc,marking  ] GC(72) y: Mark: 1 stripe(s), 2 proactive flush(es), 1 terminate flush(es), 0 completion(s), 0 continuation(s) 
[2026-04-03T02:39:42.698+0600][74.153s][info][gc,marking  ] GC(72) y: Mark Stack Usage: 32M
[2026-04-03T02:39:42.698+0600][74.153s][info][gc,nmethod  ] GC(72) y: NMethods: 15011 registered, 2684 unregistered
[2026-04-03T02:39:42.698+0600][74.153s][info][gc,metaspace] GC(72) y: Metaspace: 128M used, 129M committed, 1152M reserved
[2026-04-03T02:39:42.698+0600][74.153s][info][gc,reloc    ] GC(72) y:                        Candidates     Selected     In-Place         Size        Empty    Relocated 
[2026-04-03T02:39:42.698+0600][74.153s][info][gc,reloc    ] GC(72) y: Small Pages:                  381          199            0         762M         350M           7M 
[2026-04-03T02:39:42.698+0600][74.154s][info][gc,reloc    ] GC(72) y: Medium Pages:                   5            0            0         160M         160M           0M 
[2026-04-03T02:39:42.698+0600][74.154s][info][gc,reloc    ] GC(72) y: Large Pages:                   16            0            0          96M          96M           0M 
[2026-04-03T02:39:42.698+0600][74.154s][info][gc,reloc    ] GC(72) y: Forwarding Usage: 2M
[2026-04-03T02:39:42.698+0600][74.154s][info][gc,reloc    ] GC(72) y: Age Table:
[2026-04-03T02:39:42.698+0600][74.154s][info][gc,reloc    ] GC(72) y:                    Live             Garbage             Small              Medium             Large        
[2026-04-03T02:39:42.698+0600][74.154s][info][gc,reloc    ] GC(72) y: Eden               7M (0%)          972M (56%)        378 / 198            4 / 0             16 / 0        
[2026-04-03T02:39:42.698+0600][74.154s][info][gc,reloc    ] GC(72) y: Survivor 1         1M (0%)           34M (2%)           2 / 1              1 / 0              0 / 0        
[2026-04-03T02:39:42.698+0600][74.154s][info][gc,reloc    ] GC(72) y: Survivor 2         1M (0%)            0M (0%)           1 / 0              0 / 0              0 / 0        
[2026-04-03T02:39:42.698+0600][74.154s][info][gc,heap     ] GC(72) y: Min Capacity: 8M(0%)
[2026-04-03T02:39:42.698+0600][74.154s][info][gc,heap     ] GC(72) y: Max Capacity: 1750M(100%)
[2026-04-03T02:39:42.698+0600][74.154s][info][gc,heap     ] GC(72) y: Soft Max Capacity: 1750M(100%)
[2026-04-03T02:39:42.698+0600][74.154s][info][gc,heap     ] GC(72) y: Heap Statistics:
[2026-04-03T02:39:42.698+0600][74.154s][info][gc,heap     ] GC(72) y:                Mark Start          Mark End        Relocate Start      Relocate End           High               Low         
[2026-04-03T02:39:42.698+0600][74.154s][info][gc,heap     ] GC(72) y:  Capacity:     1750M (100%)       1750M (100%)       1750M (100%)       1750M (100%)       1750M (100%)       1750M (100%)   
[2026-04-03T02:39:42.698+0600][74.154s][info][gc,heap     ] GC(72) y:      Free:      464M (27%)         374M (21%)         978M (56%)        1366M (78%)        1366M (78%)         374M (21%)    
[2026-04-03T02:39:42.698+0600][74.154s][info][gc,heap     ] GC(72) y:      Used:     1286M (73%)        1376M (79%)         772M (44%)         384M (22%)        1376M (79%)         384M (22%)    
[2026-04-03T02:39:42.698+0600][74.154s][info][gc,heap     ] GC(72) y: Young Generation Statistics:
[2026-04-03T02:39:42.698+0600][74.154s][info][gc,heap     ] GC(72) y:                Mark Start          Mark End        Relocate Start      Relocate End    
[2026-04-03T02:39:42.698+0600][74.154s][info][gc,heap     ] GC(72) y:      Used:     1018M (58%)        1108M (63%)         504M (29%)         116M (7%)     
[2026-04-03T02:39:42.698+0600][74.154s][info][gc,heap     ] GC(72) y:      Live:         -                10M (1%)           10M (1%)           10M (1%)     
[2026-04-03T02:39:42.698+0600][74.154s][info][gc,heap     ] GC(72) y:   Garbage:         -              1007M (58%)         401M (23%)           1M (0%)     
[2026-04-03T02:39:42.698+0600][74.154s][info][gc,heap     ] GC(72) y: Allocated:         -                90M (5%)           92M (5%)          103M (6%)     
[2026-04-03T02:39:42.698+0600][74.154s][info][gc,heap     ] GC(72) y: Reclaimed:         -                  -               606M (35%)        1005M (57%)    
[2026-04-03T02:39:42.698+0600][74.154s][info][gc,heap     ] GC(72) y:  Promoted:         -                  -                 0M (0%)            0M (0%)     
[2026-04-03T02:39:42.698+0600][74.154s][info][gc,heap     ] GC(72) y: Compacted:         -                  -                  -                 8M (0%)     
[2026-04-03T02:39:42.698+0600][74.154s][info][gc,phases   ] GC(72) y: Young Generation 1286M(73%)->384M(22%) 0.077s
[2026-04-03T02:39:42.698+0600][74.154s][info][gc          ] GC(72) Minor Collection (Allocation Rate) 1286M(73%)->384M(22%) 0.077s
[2026-04-03T02:39:42.845+0600][74.300s][info][gc          ] GC(73) Minor Collection (Allocation Rate)
[2026-04-03T02:39:42.845+0600][74.300s][info][gc,task     ] GC(73) Using 1 Workers for Young Generation
[2026-04-03T02:39:42.845+0600][74.300s][info][gc,phases   ] GC(73) y: Young Generation
[2026-04-03T02:39:42.845+0600][74.301s][info][gc,phases   ] GC(73) y: Pause Mark Start 0.021ms
[2026-04-03T02:39:42.895+0600][74.350s][info][gc,phases   ] GC(73) y: Concurrent Mark 49.597ms
[2026-04-03T02:39:42.895+0600][74.350s][info][gc,phases   ] GC(73) y: Pause Mark End 0.028ms
[2026-04-03T02:39:42.895+0600][74.351s][info][gc,phases   ] GC(73) y: Concurrent Mark Free 0.002ms
[2026-04-03T02:39:42.895+0600][74.351s][info][gc,phases   ] GC(73) y: Concurrent Reset Relocation Set 0.024ms
[2026-04-03T02:39:42.901+0600][74.356s][info][gc,reloc    ] GC(73) y: Using tenuring threshold: 4 (Computed)
[2026-04-03T02:39:42.902+0600][74.357s][info][gc,phases   ] GC(73) y: Concurrent Select Relocation Set 6.586ms
[2026-04-03T02:39:42.902+0600][74.358s][info][gc,phases   ] GC(73) y: Pause Relocate Start 0.029ms
[2026-04-03T02:39:42.914+0600][74.369s][info][gc,phases   ] GC(73) y: Concurrent Relocate 11.109ms
[2026-04-03T02:39:42.914+0600][74.369s][info][gc,alloc    ] GC(73) y:                         Mark Start        Mark End      Relocate Start    Relocate End   
[2026-04-03T02:39:42.914+0600][74.369s][info][gc,alloc    ] GC(73) y: Allocation Stalls:          0                0                0                0         
[2026-04-03T02:39:42.914+0600][74.369s][info][gc,load     ] GC(73) y: Load: 6.54 (55%) / 5.60 (47%) / 5.70 (48%)
[2026-04-03T02:39:42.914+0600][74.369s][info][gc,mmu      ] GC(73) y: MMU: 2ms/93.5%, 5ms/97.4%, 10ms/98.4%, 20ms/99.2%, 50ms/99.7%, 100ms/99.8%
[2026-04-03T02:39:42.914+0600][74.369s][info][gc,marking  ] GC(73) y: Mark: 1 stripe(s), 2 proactive flush(es), 1 terminate flush(es), 0 completion(s), 0 continuation(s) 
[2026-04-03T02:39:42.914+0600][74.369s][info][gc,marking  ] GC(73) y: Mark Stack Usage: 32M
[2026-04-03T02:39:42.914+0600][74.369s][info][gc,nmethod  ] GC(73) y: NMethods: 15020 registered, 2684 unregistered
[2026-04-03T02:39:42.914+0600][74.369s][info][gc,metaspace] GC(73) y: Metaspace: 128M used, 129M committed, 1152M reserved
[2026-04-03T02:39:42.914+0600][74.369s][info][gc,reloc    ] GC(73) y:                        Candidates     Selected     In-Place         Size        Empty    Relocated 
[2026-04-03T02:39:42.914+0600][74.369s][info][gc,reloc    ] GC(73) y: Small Pages:                   96           63            0         192M          52M           7M 
[2026-04-03T02:39:42.914+0600][74.369s][info][gc,reloc    ] GC(73) y: Medium Pages:                   1            0            0          32M          32M           0M 
[2026-04-03T02:39:42.914+0600][74.369s][info][gc,reloc    ] GC(73) y: Large Pages:                  110            0            0         660M         636M           0M 
[2026-04-03T02:39:42.914+0600][74.369s][info][gc,reloc    ] GC(73) y: Forwarding Usage: 1M
[2026-04-03T02:39:42.914+0600][74.369s][info][gc,reloc    ] GC(73) y: Age Table:
[2026-04-03T02:39:42.914+0600][74.369s][info][gc,reloc    ] GC(73) y:                    Live             Garbage             Small              Medium             Large        
[2026-04-03T02:39:42.914+0600][74.369s][info][gc,reloc    ] GC(73) y: Eden              29M (2%)          836M (48%)         87 / 59             1 / 0            110 / 0        
[2026-04-03T02:39:42.914+0600][74.369s][info][gc,reloc    ] GC(73) y: Survivor 1         3M (0%)            8M (1%)           6 / 3              0 / 0              0 / 0        
[2026-04-03T02:39:42.914+0600][74.369s][info][gc,reloc    ] GC(73) y: Survivor 2         1M (0%)            2M (0%)           2 / 1              0 / 0              0 / 0        
[2026-04-03T02:39:42.914+0600][74.369s][info][gc,reloc    ] GC(73) y: Survivor 3         1M (0%)            0M (0%)           1 / 0              0 / 0              0 / 0        
[2026-04-03T02:39:42.914+0600][74.369s][info][gc,heap     ] GC(73) y: Min Capacity: 8M(0%)
[2026-04-03T02:39:42.914+0600][74.369s][info][gc,heap     ] GC(73) y: Max Capacity: 1750M(100%)
[2026-04-03T02:39:42.914+0600][74.369s][info][gc,heap     ] GC(73) y: Soft Max Capacity: 1750M(100%)
[2026-04-03T02:39:42.914+0600][74.369s][info][gc,heap     ] GC(73) y: Heap Statistics:
[2026-04-03T02:39:42.914+0600][74.369s][info][gc,heap     ] GC(73) y:                Mark Start          Mark End        Relocate Start      Relocate End           High               Low         
[2026-04-03T02:39:42.914+0600][74.369s][info][gc,heap     ] GC(73) y:  Capacity:     1750M (100%)       1750M (100%)       1750M (100%)       1750M (100%)       1750M (100%)       1750M (100%)   
[2026-04-03T02:39:42.914+0600][74.369s][info][gc,heap     ] GC(73) y:      Free:      598M (34%)         372M (21%)        1068M (61%)        1174M (67%)        1176M (67%)         370M (21%)    
[2026-04-03T02:39:42.914+0600][74.369s][info][gc,heap     ] GC(73) y:      Used:     1152M (66%)        1378M (79%)         682M (39%)         576M (33%)        1380M (79%)         574M (33%)    
[2026-04-03T02:39:42.914+0600][74.369s][info][gc,heap     ] GC(73) y: Young Generation Statistics:
[2026-04-03T02:39:42.914+0600][74.369s][info][gc,heap     ] GC(73) y:                Mark Start          Mark End        Relocate Start      Relocate End    
[2026-04-03T02:39:42.914+0600][74.369s][info][gc,heap     ] GC(73) y:      Used:      884M (51%)        1110M (63%)         414M (24%)         308M (18%)    
[2026-04-03T02:39:42.914+0600][74.369s][info][gc,heap     ] GC(73) y:      Live:         -                35M (2%)           35M (2%)           35M (2%)     
[2026-04-03T02:39:42.914+0600][74.369s][info][gc,heap     ] GC(73) y:   Garbage:         -               848M (48%)         128M (7%)            0M (0%)     
[2026-04-03T02:39:42.914+0600][74.369s][info][gc,heap     ] GC(73) y: Allocated:         -               226M (13%)         250M (14%)         271M (16%)    
[2026-04-03T02:39:42.914+0600][74.369s][info][gc,heap     ] GC(73) y: Reclaimed:         -                  -               720M (41%)         847M (48%)    
[2026-04-03T02:39:42.914+0600][74.369s][info][gc,heap     ] GC(73) y:  Promoted:         -                  -                 0M (0%)            0M (0%)     
[2026-04-03T02:39:42.914+0600][74.369s][info][gc,heap     ] GC(73) y: Compacted:         -                  -                  -                10M (1%)     
[2026-04-03T02:39:42.914+0600][74.369s][info][gc,phases   ] GC(73) y: Young Generation 1152M(66%)->576M(33%) 0.069s
[2026-04-03T02:39:42.914+0600][74.369s][info][gc          ] GC(73) Minor Collection (Allocation Rate) 1152M(66%)->576M(33%) 0.069s
[2026-04-03T02:39:43.238+0600][74.693s][info][gc          ] GC(74) Minor Collection (Allocation Rate)
[2026-04-03T02:39:43.238+0600][74.693s][info][gc,task     ] GC(74) Using 1 Workers for Young Generation
[2026-04-03T02:39:43.238+0600][74.693s][info][gc,phases   ] GC(74) y: Young Generation
[2026-04-03T02:39:43.238+0600][74.694s][info][gc,phases   ] GC(74) y: Pause Mark Start 0.034ms
[2026-04-03T02:39:43.275+0600][74.730s][info][gc,phases   ] GC(74) y: Concurrent Mark 36.444ms
[2026-04-03T02:39:43.275+0600][74.730s][info][gc,phases   ] GC(74) y: Pause Mark End 0.020ms
[2026-04-03T02:39:43.275+0600][74.730s][info][gc,phases   ] GC(74) y: Concurrent Mark Free 0.001ms
[2026-04-03T02:39:43.275+0600][74.730s][info][gc,phases   ] GC(74) y: Concurrent Reset Relocation Set 0.006ms
[2026-04-03T02:39:43.279+0600][74.735s][info][gc,reloc    ] GC(74) y: Using tenuring threshold: 5 (Computed)
[2026-04-03T02:39:43.280+0600][74.736s][info][gc,phases   ] GC(74) y: Concurrent Select Relocation Set 5.013ms
[2026-04-03T02:39:43.280+0600][74.736s][info][gc,phases   ] GC(74) y: Pause Relocate Start 0.016ms
[2026-04-03T02:39:43.285+0600][74.740s][info][gc,phases   ] GC(74) y: Concurrent Relocate 4.279ms
[2026-04-03T02:39:43.285+0600][74.740s][info][gc,alloc    ] GC(74) y:                         Mark Start        Mark End      Relocate Start    Relocate End   
[2026-04-03T02:39:43.285+0600][74.740s][info][gc,alloc    ] GC(74) y: Allocation Stalls:          0                0                0                0         
[2026-04-03T02:39:43.285+0600][74.740s][info][gc,load     ] GC(74) y: Load: 6.54 (55%) / 5.60 (47%) / 5.70 (48%)
[2026-04-03T02:39:43.285+0600][74.740s][info][gc,mmu      ] GC(74) y: MMU: 2ms/93.5%, 5ms/97.4%, 10ms/98.4%, 20ms/99.2%, 50ms/99.7%, 100ms/99.8%
[2026-04-03T02:39:43.285+0600][74.740s][info][gc,marking  ] GC(74) y: Mark: 1 stripe(s), 2 proactive flush(es), 1 terminate flush(es), 0 completion(s), 0 continuation(s) 
[2026-04-03T02:39:43.285+0600][74.740s][info][gc,marking  ] GC(74) y: Mark Stack Usage: 32M
[2026-04-03T02:39:43.285+0600][74.740s][info][gc,nmethod  ] GC(74) y: NMethods: 15033 registered, 2684 unregistered
[2026-04-03T02:39:43.285+0600][74.740s][info][gc,metaspace] GC(74) y: Metaspace: 128M used, 129M committed, 1152M reserved
[2026-04-03T02:39:43.285+0600][74.740s][info][gc,reloc    ] GC(74) y:                        Candidates     Selected     In-Place         Size        Empty    Relocated 
[2026-04-03T02:39:43.285+0600][74.740s][info][gc,reloc    ] GC(74) y: Small Pages:                  129          109            0         258M          28M           3M 
[2026-04-03T02:39:43.285+0600][74.740s][info][gc,reloc    ] GC(74) y: Medium Pages:                   2            0            0          64M          32M           0M 
[2026-04-03T02:39:43.285+0600][74.740s][info][gc,reloc    ] GC(74) y: Large Pages:                   34            0            0         204M         204M           0M 
[2026-04-03T02:39:43.285+0600][74.740s][info][gc,reloc    ] GC(74) y: Forwarding Usage: 1M
[2026-04-03T02:39:43.285+0600][74.740s][info][gc,reloc    ] GC(74) y: Age Table:
[2026-04-03T02:39:43.285+0600][74.740s][info][gc,reloc    ] GC(74) y:                    Live             Garbage             Small              Medium             Large        
[2026-04-03T02:39:43.285+0600][74.740s][info][gc,reloc    ] GC(74) y: Eden               2M (0%)          467M (27%)        113 / 98             2 / 0             30 / 0        
[2026-04-03T02:39:43.285+0600][74.740s][info][gc,reloc    ] GC(74) y: Survivor 1         1M (0%)           32M (2%)           5 / 5              0 / 0              4 / 0        
[2026-04-03T02:39:43.285+0600][74.740s][info][gc,reloc    ] GC(74) y: Survivor 2         3M (0%)            8M (1%)           6 / 4              0 / 0              0 / 0        
[2026-04-03T02:39:43.285+0600][74.741s][info][gc,reloc    ] GC(74) y: Survivor 3         1M (0%)            6M (0%)           4 / 2              0 / 0              0 / 0        
[2026-04-03T02:39:43.285+0600][74.741s][info][gc,reloc    ] GC(74) y: Survivor 4         1M (0%)            0M (0%)           1 / 0              0 / 0              0 / 0        
[2026-04-03T02:39:43.285+0600][74.741s][info][gc,heap     ] GC(74) y: Min Capacity: 8M(0%)
[2026-04-03T02:39:43.285+0600][74.741s][info][gc,heap     ] GC(74) y: Max Capacity: 1750M(100%)
[2026-04-03T02:39:43.285+0600][74.741s][info][gc,heap     ] GC(74) y: Soft Max Capacity: 1750M(100%)
[2026-04-03T02:39:43.285+0600][74.741s][info][gc,heap     ] GC(74) y: Heap Statistics:
[2026-04-03T02:39:43.285+0600][74.741s][info][gc,heap     ] GC(74) y:                Mark Start          Mark End        Relocate Start      Relocate End           High               Low         
[2026-04-03T02:39:43.285+0600][74.741s][info][gc,heap     ] GC(74) y:  Capacity:     1750M (100%)       1750M (100%)       1750M (100%)       1750M (100%)       1750M (100%)       1750M (100%)   
[2026-04-03T02:39:43.285+0600][74.741s][info][gc,heap     ] GC(74) y:      Free:      956M (55%)         932M (53%)        1194M (68%)        1404M (80%)        1404M (80%)         930M (53%)    
[2026-04-03T02:39:43.285+0600][74.741s][info][gc,heap     ] GC(74) y:      Used:      794M (45%)         818M (47%)         556M (32%)         346M (20%)         820M (47%)         346M (20%)    
[2026-04-03T02:39:43.285+0600][74.741s][info][gc,heap     ] GC(74) y: Young Generation Statistics:
[2026-04-03T02:39:43.285+0600][74.741s][info][gc,heap     ] GC(74) y:                Mark Start          Mark End        Relocate Start      Relocate End    
[2026-04-03T02:39:43.285+0600][74.741s][info][gc,heap     ] GC(74) y:      Used:      526M (30%)         550M (31%)         288M (16%)          78M (4%)     
[2026-04-03T02:39:43.285+0600][74.741s][info][gc,heap     ] GC(74) y:      Live:         -                10M (1%)           10M (1%)           10M (1%)     
[2026-04-03T02:39:43.285+0600][74.741s][info][gc,heap     ] GC(74) y:   Garbage:         -               515M (29%)         251M (14%)          32M (2%)     
[2026-04-03T02:39:43.285+0600][74.741s][info][gc,heap     ] GC(74) y: Allocated:         -                24M (1%)           26M (1%)           35M (2%)     
[2026-04-03T02:39:43.285+0600][74.741s][info][gc,heap     ] GC(74) y: Reclaimed:         -                  -               264M (15%)         483M (28%)    
[2026-04-03T02:39:43.285+0600][74.741s][info][gc,heap     ] GC(74) y:  Promoted:         -                  -                 0M (0%)            0M (0%)     
[2026-04-03T02:39:43.285+0600][74.741s][info][gc,heap     ] GC(74) y: Compacted:         -                  -                  -                 4M (0%)     
[2026-04-03T02:39:43.285+0600][74.741s][info][gc,phases   ] GC(74) y: Young Generation 794M(45%)->346M(20%) 0.047s
[2026-04-03T02:39:43.285+0600][74.741s][info][gc          ] GC(74) Minor Collection (Allocation Rate) 792M(45%)->346M(20%) 0.047s
[2026-04-03T02:39:44.188+0600][75.644s][info][gc          ] GC(75) Minor Collection (Allocation Rate)
[2026-04-03T02:39:44.188+0600][75.644s][info][gc,task     ] GC(75) Using 1 Workers for Young Generation
[2026-04-03T02:39:44.188+0600][75.644s][info][gc,phases   ] GC(75) y: Young Generation
[2026-04-03T02:39:44.188+0600][75.644s][info][gc,phases   ] GC(75) y: Pause Mark Start 0.022ms
[2026-04-03T02:39:44.250+0600][75.705s][info][gc,phases   ] GC(75) y: Concurrent Mark 61.213ms
[2026-04-03T02:39:44.250+0600][75.706s][info][gc,phases   ] GC(75) y: Pause Mark End 0.029ms
[2026-04-03T02:39:44.250+0600][75.706s][info][gc,phases   ] GC(75) y: Concurrent Mark Free 0.003ms
[2026-04-03T02:39:44.250+0600][75.706s][info][gc,phases   ] GC(75) y: Concurrent Reset Relocation Set 0.013ms
[2026-04-03T02:39:44.253+0600][75.708s][info][gc,reloc    ] GC(75) y: Using tenuring threshold: 6 (Computed)
[2026-04-03T02:39:44.253+0600][75.709s][info][gc,phases   ] GC(75) y: Concurrent Select Relocation Set 2.681ms
[2026-04-03T02:39:44.253+0600][75.709s][info][gc,phases   ] GC(75) y: Pause Relocate Start 0.017ms
[2026-04-03T02:39:44.259+0600][75.714s][info][gc,phases   ] GC(75) y: Concurrent Relocate 5.451ms
[2026-04-03T02:39:44.259+0600][75.714s][info][gc,alloc    ] GC(75) y:                         Mark Start        Mark End      Relocate Start    Relocate End   
[2026-04-03T02:39:44.259+0600][75.714s][info][gc,alloc    ] GC(75) y: Allocation Stalls:          0                0                0                0         
[2026-04-03T02:39:44.259+0600][75.714s][info][gc,load     ] GC(75) y: Load: 6.54 (55%) / 5.60 (47%) / 5.70 (48%)
[2026-04-03T02:39:44.259+0600][75.715s][info][gc,mmu      ] GC(75) y: MMU: 2ms/93.5%, 5ms/97.4%, 10ms/98.4%, 20ms/99.2%, 50ms/99.7%, 100ms/99.8%
[2026-04-03T02:39:44.259+0600][75.715s][info][gc,marking  ] GC(75) y: Mark: 1 stripe(s), 2 proactive flush(es), 1 terminate flush(es), 0 completion(s), 0 continuation(s) 
[2026-04-03T02:39:44.259+0600][75.715s][info][gc,marking  ] GC(75) y: Mark Stack Usage: 32M
[2026-04-03T02:39:44.259+0600][75.715s][info][gc,nmethod  ] GC(75) y: NMethods: 15047 registered, 2684 unregistered
[2026-04-03T02:39:44.259+0600][75.715s][info][gc,metaspace] GC(75) y: Metaspace: 128M used, 129M committed, 1152M reserved
[2026-04-03T02:39:44.259+0600][75.715s][info][gc,reloc    ] GC(75) y:                        Candidates     Selected     In-Place         Size        Empty    Relocated 
[2026-04-03T02:39:44.259+0600][75.715s][info][gc,reloc    ] GC(75) y: Small Pages:                  299          171            0         598M         242M           2M 
[2026-04-03T02:39:44.259+0600][75.715s][info][gc,reloc    ] GC(75) y: Medium Pages:                   5            1            0         160M          96M           1M 
[2026-04-03T02:39:44.259+0600][75.715s][info][gc,reloc    ] GC(75) y: Large Pages:                   14            0            0          84M          84M           0M 
[2026-04-03T02:39:44.259+0600][75.715s][info][gc,reloc    ] GC(75) y: Forwarding Usage: 1M
[2026-04-03T02:39:44.259+0600][75.715s][info][gc,reloc    ] GC(75) y: Age Table:
[2026-04-03T02:39:44.259+0600][75.715s][info][gc,reloc    ] GC(75) y:                    Live             Garbage             Small              Medium             Large        
[2026-04-03T02:39:44.259+0600][75.715s][info][gc,reloc    ] GC(75) y: Eden               3M (0%)          788M (45%)        290 / 167            4 / 1             14 / 0        
[2026-04-03T02:39:44.259+0600][75.715s][info][gc,reloc    ] GC(75) y: Survivor 1         2M (0%)           33M (2%)           2 / 1              1 / 0              0 / 0        
[2026-04-03T02:39:44.259+0600][75.715s][info][gc,reloc    ] GC(75) y: Survivor 2         1M (0%)            2M (0%)           2 / 1              0 / 0              0 / 0        
[2026-04-03T02:39:44.259+0600][75.715s][info][gc,reloc    ] GC(75) y: Survivor 3         3M (0%)            0M (0%)           2 / 1              0 / 0              0 / 0        
[2026-04-03T02:39:44.259+0600][75.715s][info][gc,reloc    ] GC(75) y: Survivor 4         1M (0%)            2M (0%)           2 / 1              0 / 0              0 / 0        
[2026-04-03T02:39:44.259+0600][75.715s][info][gc,reloc    ] GC(75) y: Survivor 5         1M (0%)            0M (0%)           1 / 0              0 / 0              0 / 0        
[2026-04-03T02:39:44.259+0600][75.715s][info][gc,heap     ] GC(75) y: Min Capacity: 8M(0%)
[2026-04-03T02:39:44.259+0600][75.715s][info][gc,heap     ] GC(75) y: Max Capacity: 1750M(100%)
[2026-04-03T02:39:44.259+0600][75.715s][info][gc,heap     ] GC(75) y: Soft Max Capacity: 1750M(100%)
[2026-04-03T02:39:44.259+0600][75.715s][info][gc,heap     ] GC(75) y: Heap Statistics:
[2026-04-03T02:39:44.259+0600][75.715s][info][gc,heap     ] GC(75) y:                Mark Start          Mark End        Relocate Start      Relocate End           High               Low         
[2026-04-03T02:39:44.259+0600][75.715s][info][gc,heap     ] GC(75) y:  Capacity:     1750M (100%)       1750M (100%)       1750M (100%)       1750M (100%)       1750M (100%)       1750M (100%)   
[2026-04-03T02:39:44.259+0600][75.715s][info][gc,heap     ] GC(75) y:      Free:      640M (37%)         562M (32%)         984M (56%)        1316M (75%)        1318M (75%)         562M (32%)    
[2026-04-03T02:39:44.259+0600][75.715s][info][gc,heap     ] GC(75) y:      Used:     1110M (63%)        1188M (68%)         766M (44%)         434M (25%)        1188M (68%)         432M (25%)    
[2026-04-03T02:39:44.259+0600][75.715s][info][gc,heap     ] GC(75) y: Young Generation Statistics:
[2026-04-03T02:39:44.259+0600][75.715s][info][gc,heap     ] GC(75) y:                Mark Start          Mark End        Relocate Start      Relocate End    
[2026-04-03T02:39:44.259+0600][75.715s][info][gc,heap     ] GC(75) y:      Used:      842M (48%)         920M (53%)         498M (28%)         166M (9%)     
[2026-04-03T02:39:44.259+0600][75.715s][info][gc,heap     ] GC(75) y:      Live:         -                13M (1%)           13M (1%)           13M (1%)     
[2026-04-03T02:39:44.259+0600][75.715s][info][gc,heap     ] GC(75) y:   Garbage:         -               828M (47%)         406M (23%)           1M (0%)     
[2026-04-03T02:39:44.259+0600][75.715s][info][gc,heap     ] GC(75) y: Allocated:         -                78M (4%)           78M (4%)          151M (9%)     
[2026-04-03T02:39:44.259+0600][75.715s][info][gc,heap     ] GC(75) y: Reclaimed:         -                  -               422M (24%)         827M (47%)    
[2026-04-03T02:39:44.259+0600][75.715s][info][gc,heap     ] GC(75) y:  Promoted:         -                  -                 0M (0%)            0M (0%)     
[2026-04-03T02:39:44.259+0600][75.715s][info][gc,heap     ] GC(75) y: Compacted:         -                  -                  -                 4M (0%)     
[2026-04-03T02:39:44.259+0600][75.715s][info][gc,phases   ] GC(75) y: Young Generation 1110M(63%)->434M(25%) 0.071s
[2026-04-03T02:39:44.259+0600][75.715s][info][gc          ] GC(75) Minor Collection (Allocation Rate) 1110M(63%)->434M(25%) 0.071s
[2026-04-03T02:39:44.972+0600][76.427s][info][gc          ] GC(76) Minor Collection (Allocation Rate)
[2026-04-03T02:39:44.972+0600][76.428s][info][gc,task     ] GC(76) Using 1 Workers for Young Generation
[2026-04-03T02:39:44.972+0600][76.428s][info][gc,phases   ] GC(76) y: Young Generation
[2026-04-03T02:39:44.972+0600][76.428s][info][gc,phases   ] GC(76) y: Pause Mark Start 0.030ms
[2026-04-03T02:39:45.039+0600][76.494s][info][gc,phases   ] GC(76) y: Concurrent Mark 66.431ms
[2026-04-03T02:39:45.039+0600][76.495s][info][gc,phases   ] GC(76) y: Pause Mark End 0.019ms
[2026-04-03T02:39:45.039+0600][76.495s][info][gc,phases   ] GC(76) y: Concurrent Mark Free 0.002ms
[2026-04-03T02:39:45.039+0600][76.495s][info][gc,phases   ] GC(76) y: Concurrent Reset Relocation Set 0.013ms
[2026-04-03T02:39:45.041+0600][76.496s][info][gc,reloc    ] GC(76) y: Using tenuring threshold: 6 (Computed)
[2026-04-03T02:39:45.042+0600][76.498s][info][gc,phases   ] GC(76) y: Concurrent Select Relocation Set 2.732ms
[2026-04-03T02:39:45.042+0600][76.498s][info][gc,phases   ] GC(76) y: Pause Relocate Start 0.014ms
[2026-04-03T02:39:45.054+0600][76.509s][info][gc,phases   ] GC(76) y: Concurrent Relocate 11.439ms
[2026-04-03T02:39:45.054+0600][76.509s][info][gc,alloc    ] GC(76) y:                         Mark Start        Mark End      Relocate Start    Relocate End   
[2026-04-03T02:39:45.054+0600][76.509s][info][gc,alloc    ] GC(76) y: Allocation Stalls:          0                0                0                0         
[2026-04-03T02:39:45.054+0600][76.509s][info][gc,load     ] GC(76) y: Load: 6.34 (53%) / 5.58 (46%) / 5.69 (47%)
[2026-04-03T02:39:45.054+0600][76.509s][info][gc,mmu      ] GC(76) y: MMU: 2ms/93.5%, 5ms/97.4%, 10ms/98.4%, 20ms/99.2%, 50ms/99.7%, 100ms/99.8%
[2026-04-03T02:39:45.054+0600][76.509s][info][gc,marking  ] GC(76) y: Mark: 1 stripe(s), 2 proactive flush(es), 1 terminate flush(es), 0 completion(s), 0 continuation(s) 
[2026-04-03T02:39:45.054+0600][76.509s][info][gc,marking  ] GC(76) y: Mark Stack Usage: 32M
[2026-04-03T02:39:45.054+0600][76.509s][info][gc,nmethod  ] GC(76) y: NMethods: 15063 registered, 2684 unregistered
[2026-04-03T02:39:45.054+0600][76.509s][info][gc,metaspace] GC(76) y: Metaspace: 128M used, 129M committed, 1152M reserved
[2026-04-03T02:39:45.054+0600][76.510s][info][gc,reloc    ] GC(76) y:                        Candidates     Selected     In-Place         Size        Empty    Relocated 
[2026-04-03T02:39:45.054+0600][76.510s][info][gc,reloc    ] GC(76) y: Small Pages:                  349          197            0         698M         284M           7M 
[2026-04-03T02:39:45.054+0600][76.510s][info][gc,reloc    ] GC(76) y: Medium Pages:                   5            0            0         160M         128M           0M 
[2026-04-03T02:39:45.054+0600][76.510s][info][gc,reloc    ] GC(76) y: Large Pages:                   15            0            0          90M          90M           0M 
[2026-04-03T02:39:45.054+0600][76.510s][info][gc,reloc    ] GC(76) y: Forwarding Usage: 2M
[2026-04-03T02:39:45.054+0600][76.510s][info][gc,reloc    ] GC(76) y: Age Table:
[2026-04-03T02:39:45.054+0600][76.510s][info][gc,reloc    ] GC(76) y:                    Live             Garbage             Small              Medium             Large        
[2026-04-03T02:39:45.054+0600][76.510s][info][gc,reloc    ] GC(76) y: Eden               6M (0%)          855M (49%)        338 / 192            3 / 0             15 / 0        
[2026-04-03T02:39:45.054+0600][76.510s][info][gc,reloc    ] GC(76) y: Survivor 1         1M (0%)           34M (2%)           2 / 1              1 / 0              0 / 0        
[2026-04-03T02:39:45.054+0600][76.510s][info][gc,reloc    ] GC(76) y: Survivor 2         2M (0%)           33M (2%)           2 / 1              1 / 0              0 / 0        
[2026-04-03T02:39:45.054+0600][76.510s][info][gc,reloc    ] GC(76) y: Survivor 3         1M (0%)            2M (0%)           2 / 1              0 / 0              0 / 0        
[2026-04-03T02:39:45.054+0600][76.510s][info][gc,reloc    ] GC(76) y: Survivor 4         2M (0%)            1M (0%)           2 / 0              0 / 0              0 / 0        
[2026-04-03T02:39:45.054+0600][76.510s][info][gc,reloc    ] GC(76) y: Survivor 5         1M (0%)            2M (0%)           2 / 1              0 / 0              0 / 0        
[2026-04-03T02:39:45.054+0600][76.510s][info][gc,reloc    ] GC(76) y: Survivor 6         1M (0%)            0M (0%)           1 / 1              0 / 0              0 / 0        
[2026-04-03T02:39:45.054+0600][76.510s][info][gc,heap     ] GC(76) y: Min Capacity: 8M(0%)
[2026-04-03T02:39:45.054+0600][76.510s][info][gc,heap     ] GC(76) y: Max Capacity: 1750M(100%)
[2026-04-03T02:39:45.054+0600][76.510s][info][gc,heap     ] GC(76) y: Soft Max Capacity: 1750M(100%)
[2026-04-03T02:39:45.054+0600][76.510s][info][gc,heap     ] GC(76) y: Heap Statistics:
[2026-04-03T02:39:45.054+0600][76.510s][info][gc,heap     ] GC(76) y:                Mark Start          Mark End        Relocate Start      Relocate End           High               Low         
[2026-04-03T02:39:45.054+0600][76.510s][info][gc,heap     ] GC(76) y:  Capacity:     1750M (100%)       1750M (100%)       1750M (100%)       1750M (100%)       1750M (100%)       1750M (100%)   
[2026-04-03T02:39:45.054+0600][76.510s][info][gc,heap     ] GC(76) y:      Free:      534M (31%)         406M (23%)         906M (52%)        1288M (74%)        1290M (74%)         406M (23%)    
[2026-04-03T02:39:45.054+0600][76.510s][info][gc,heap     ] GC(76) y:      Used:     1216M (69%)        1344M (77%)         844M (48%)         462M (26%)        1344M (77%)         460M (26%)    
[2026-04-03T02:39:45.054+0600][76.510s][info][gc,heap     ] GC(76) y: Young Generation Statistics:
[2026-04-03T02:39:45.054+0600][76.510s][info][gc,heap     ] GC(76) y:                Mark Start          Mark End        Relocate Start      Relocate End    
[2026-04-03T02:39:45.054+0600][76.510s][info][gc,heap     ] GC(76) y:      Used:      948M (54%)        1076M (61%)         576M (33%)         192M (11%)    
[2026-04-03T02:39:45.054+0600][76.510s][info][gc,heap     ] GC(76) y:      Live:         -                17M (1%)           17M (1%)           16M (1%)     
[2026-04-03T02:39:45.054+0600][76.510s][info][gc,heap     ] GC(76) y:   Garbage:         -               930M (53%)         428M (24%)          32M (2%)     
[2026-04-03T02:39:45.054+0600][76.510s][info][gc,heap     ] GC(76) y: Allocated:         -               128M (7%)          130M (7%)          142M (8%)     
[2026-04-03T02:39:45.054+0600][76.510s][info][gc,heap     ] GC(76) y: Reclaimed:         -                  -               502M (29%)         897M (51%)    
[2026-04-03T02:39:45.054+0600][76.510s][info][gc,heap     ] GC(76) y:  Promoted:         -                  -                 0M (0%)            1M (0%)     
[2026-04-03T02:39:45.054+0600][76.510s][info][gc,heap     ] GC(76) y: Compacted:         -                  -                  -                 7M (0%)     
[2026-04-03T02:39:45.054+0600][76.510s][info][gc,phases   ] GC(76) y: Young Generation 1216M(69%)->462M(26%) 0.082s
[2026-04-03T02:39:45.054+0600][76.510s][info][gc          ] GC(76) Minor Collection (Allocation Rate) 1214M(69%)->462M(26%) 0.082s
[2026-04-03T02:39:45.203+0600][76.658s][info][gc          ] GC(77) Minor Collection (Allocation Rate)
[2026-04-03T02:39:45.203+0600][76.658s][info][gc,task     ] GC(77) Using 1 Workers for Young Generation
[2026-04-03T02:39:45.203+0600][76.658s][info][gc,phases   ] GC(77) y: Young Generation
[2026-04-03T02:39:45.203+0600][76.659s][info][gc,phases   ] GC(77) y: Pause Mark Start 0.025ms
[2026-04-03T02:39:45.260+0600][76.715s][info][gc,phases   ] GC(77) y: Concurrent Mark 56.318ms
[2026-04-03T02:39:45.260+0600][76.715s][info][gc,phases   ] GC(77) y: Pause Mark End 0.017ms
[2026-04-03T02:39:45.260+0600][76.715s][info][gc,phases   ] GC(77) y: Concurrent Mark Free 0.001ms
[2026-04-03T02:39:45.260+0600][76.715s][info][gc,phases   ] GC(77) y: Concurrent Reset Relocation Set 0.013ms
[2026-04-03T02:39:45.261+0600][76.717s][info][gc,reloc    ] GC(77) y: Using tenuring threshold: 3 (Computed)
[2026-04-03T02:39:45.266+0600][76.721s][info][gc,phases   ] GC(77) y: Concurrent Select Relocation Set 5.625ms
[2026-04-03T02:39:45.266+0600][76.721s][info][gc,phases   ] GC(77) y: Pause Relocate Start 0.020ms
[2026-04-03T02:39:45.279+0600][76.735s][info][gc,phases   ] GC(77) y: Concurrent Relocate 13.052ms
[2026-04-03T02:39:45.279+0600][76.735s][info][gc,alloc    ] GC(77) y:                         Mark Start        Mark End      Relocate Start    Relocate End   
[2026-04-03T02:39:45.279+0600][76.735s][info][gc,alloc    ] GC(77) y: Allocation Stalls:          0                0                0                0         
[2026-04-03T02:39:45.279+0600][76.735s][info][gc,load     ] GC(77) y: Load: 6.34 (53%) / 5.58 (46%) / 5.69 (47%)
[2026-04-03T02:39:45.279+0600][76.735s][info][gc,mmu      ] GC(77) y: MMU: 2ms/93.5%, 5ms/97.4%, 10ms/98.4%, 20ms/99.2%, 50ms/99.7%, 100ms/99.8%
[2026-04-03T02:39:45.279+0600][76.735s][info][gc,marking  ] GC(77) y: Mark: 1 stripe(s), 2 proactive flush(es), 1 terminate flush(es), 0 completion(s), 0 continuation(s) 
[2026-04-03T02:39:45.279+0600][76.735s][info][gc,marking  ] GC(77) y: Mark Stack Usage: 32M
[2026-04-03T02:39:45.279+0600][76.735s][info][gc,nmethod  ] GC(77) y: NMethods: 15071 registered, 2684 unregistered
[2026-04-03T02:39:45.279+0600][76.735s][info][gc,metaspace] GC(77) y: Metaspace: 128M used, 129M committed, 1152M reserved
[2026-04-03T02:39:45.279+0600][76.735s][info][gc,reloc    ] GC(77) y:                        Candidates     Selected     In-Place         Size        Empty    Relocated 
[2026-04-03T02:39:45.279+0600][76.735s][info][gc,reloc    ] GC(77) y: Small Pages:                  120           66            0         240M          86M           5M 
[2026-04-03T02:39:45.279+0600][76.735s][info][gc,reloc    ] GC(77) y: Medium Pages:                   2            0            0          64M          32M           0M 
[2026-04-03T02:39:45.279+0600][76.735s][info][gc,reloc    ] GC(77) y: Large Pages:                  100            0            0         600M         576M           0M 
[2026-04-03T02:39:45.279+0600][76.735s][info][gc,reloc    ] GC(77) y: Forwarding Usage: 0M
[2026-04-03T02:39:45.279+0600][76.735s][info][gc,reloc    ] GC(77) y: Age Table:
[2026-04-03T02:39:45.279+0600][76.735s][info][gc,reloc    ] GC(77) y:                    Live             Garbage             Small              Medium             Large        
[2026-04-03T02:39:45.279+0600][76.735s][info][gc,reloc    ] GC(77) y: Eden              28M (2%)          815M (47%)        106 / 60             1 / 0            100 / 0        
[2026-04-03T02:39:45.279+0600][76.735s][info][gc,reloc    ] GC(77) y: Survivor 1         3M (0%)            4M (0%)           4 / 1              0 / 0              0 / 0        
[2026-04-03T02:39:45.280+0600][76.735s][info][gc,reloc    ] GC(77) y: Survivor 2         1M (0%)            2M (0%)           2 / 1              0 / 0              0 / 0        
[2026-04-03T02:39:45.280+0600][76.735s][info][gc,reloc    ] GC(77) y: Survivor 3         2M (0%)           33M (2%)           2 / 1              1 / 0              0 / 0        
[2026-04-03T02:39:45.280+0600][76.735s][info][gc,reloc    ] GC(77) y: Survivor 4         1M (0%)            2M (0%)           2 / 1              0 / 0              0 / 0        
[2026-04-03T02:39:45.280+0600][76.735s][info][gc,reloc    ] GC(77) y: Survivor 5         2M (0%)            1M (0%)           2 / 1              0 / 0              0 / 0        
[2026-04-03T02:39:45.280+0600][76.735s][info][gc,reloc    ] GC(77) y: Survivor 6         1M (0%)            2M (0%)           2 / 1              0 / 0              0 / 0        
[2026-04-03T02:39:45.280+0600][76.735s][info][gc,heap     ] GC(77) y: Min Capacity: 8M(0%)
[2026-04-03T02:39:45.280+0600][76.735s][info][gc,heap     ] GC(77) y: Max Capacity: 1750M(100%)
[2026-04-03T02:39:45.280+0600][76.735s][info][gc,heap     ] GC(77) y: Soft Max Capacity: 1750M(100%)
[2026-04-03T02:39:45.280+0600][76.735s][info][gc,heap     ] GC(77) y: Heap Statistics:
[2026-04-03T02:39:45.280+0600][76.735s][info][gc,heap     ] GC(77) y:                Mark Start          Mark End        Relocate Start      Relocate End           High               Low         
[2026-04-03T02:39:45.280+0600][76.735s][info][gc,heap     ] GC(77) y:  Capacity:     1750M (100%)       1750M (100%)       1750M (100%)       1750M (100%)       1750M (100%)       1750M (100%)   
[2026-04-03T02:39:45.280+0600][76.735s][info][gc,heap     ] GC(77) y:      Free:      576M (33%)         310M (18%)         996M (57%)        1086M (62%)        1112M (64%)         310M (18%)    
[2026-04-03T02:39:45.280+0600][76.735s][info][gc,heap     ] GC(77) y:      Used:     1174M (67%)        1440M (82%)         754M (43%)         664M (38%)        1440M (82%)         638M (36%)    
[2026-04-03T02:39:45.280+0600][76.735s][info][gc,heap     ] GC(77) y: Young Generation Statistics:
[2026-04-03T02:39:45.280+0600][76.735s][info][gc,heap     ] GC(77) y:                Mark Start          Mark End        Relocate Start      Relocate End    
[2026-04-03T02:39:45.280+0600][76.735s][info][gc,heap     ] GC(77) y:      Used:      904M (52%)        1170M (67%)         444M (25%)         350M (20%)    
[2026-04-03T02:39:45.280+0600][76.735s][info][gc,heap     ] GC(77) y:      Live:         -                42M (2%)           34M (2%)           33M (2%)     
[2026-04-03T02:39:45.280+0600][76.735s][info][gc,heap     ] GC(77) y:   Garbage:         -               861M (49%)         135M (8%)            1M (0%)     
[2026-04-03T02:39:45.280+0600][76.735s][info][gc,heap     ] GC(77) y: Allocated:         -               266M (15%)         274M (16%)         314M (18%)    
[2026-04-03T02:39:45.280+0600][76.735s][info][gc,heap     ] GC(77) y: Reclaimed:         -                  -               726M (42%)         859M (49%)    
[2026-04-03T02:39:45.280+0600][76.735s][info][gc,heap     ] GC(77) y:  Promoted:         -                  -                 7M (0%)            8M (0%)     
[2026-04-03T02:39:45.280+0600][76.735s][info][gc,heap     ] GC(77) y: Compacted:         -                  -                  -                 5M (0%)     
[2026-04-03T02:39:45.280+0600][76.735s][info][gc,phases   ] GC(77) y: Young Generation 1168M(67%)->664M(38%) 0.076s
[2026-04-03T02:39:45.280+0600][76.735s][info][gc          ] GC(77) Minor Collection (Allocation Rate) 1168M(67%)->666M(38%) 0.077s
[2026-04-03T02:39:45.440+0600][76.895s][info][gc          ] GC(78) Minor Collection (Allocation Rate)
[2026-04-03T02:39:45.440+0600][76.895s][info][gc,task     ] GC(78) Using 1 Workers for Young Generation
[2026-04-03T02:39:45.440+0600][76.895s][info][gc,phases   ] GC(78) y: Young Generation
[2026-04-03T02:39:45.440+0600][76.895s][info][gc,phases   ] GC(78) y: Pause Mark Start 0.023ms
[2026-04-03T02:39:45.479+0600][76.935s][info][gc,phases   ] GC(78) y: Concurrent Mark 39.182ms
[2026-04-03T02:39:45.479+0600][76.935s][info][gc,phases   ] GC(78) y: Pause Mark End 0.017ms
[2026-04-03T02:39:45.480+0600][76.935s][info][gc,phases   ] GC(78) y: Concurrent Mark Free 0.001ms
[2026-04-03T02:39:45.480+0600][76.935s][info][gc,phases   ] GC(78) y: Concurrent Reset Relocation Set 0.022ms
[2026-04-03T02:39:45.483+0600][76.939s][info][gc,reloc    ] GC(78) y: Using tenuring threshold: 4 (Computed)
[2026-04-03T02:39:45.484+0600][76.939s][info][gc,phases   ] GC(78) y: Concurrent Select Relocation Set 4.205ms
[2026-04-03T02:39:45.484+0600][76.939s][info][gc,phases   ] GC(78) y: Pause Relocate Start 0.012ms
[2026-04-03T02:39:45.488+0600][76.943s][info][gc,phases   ] GC(78) y: Concurrent Relocate 3.636ms
[2026-04-03T02:39:45.488+0600][76.943s][info][gc,alloc    ] GC(78) y:                         Mark Start        Mark End      Relocate Start    Relocate End   
[2026-04-03T02:39:45.488+0600][76.943s][info][gc,alloc    ] GC(78) y: Allocation Stalls:          0                0                0                0         
[2026-04-03T02:39:45.488+0600][76.943s][info][gc,load     ] GC(78) y: Load: 6.34 (53%) / 5.58 (46%) / 5.69 (47%)
[2026-04-03T02:39:45.488+0600][76.943s][info][gc,mmu      ] GC(78) y: MMU: 2ms/93.5%, 5ms/97.4%, 10ms/98.4%, 20ms/99.2%, 50ms/99.7%, 100ms/99.8%
[2026-04-03T02:39:45.488+0600][76.943s][info][gc,marking  ] GC(78) y: Mark: 1 stripe(s), 2 proactive flush(es), 1 terminate flush(es), 0 completion(s), 0 continuation(s) 
[2026-04-03T02:39:45.488+0600][76.943s][info][gc,marking  ] GC(78) y: Mark Stack Usage: 32M
[2026-04-03T02:39:45.488+0600][76.943s][info][gc,nmethod  ] GC(78) y: NMethods: 15089 registered, 2684 unregistered
[2026-04-03T02:39:45.488+0600][76.943s][info][gc,metaspace] GC(78) y: Metaspace: 128M used, 129M committed, 1152M reserved
[2026-04-03T02:39:45.488+0600][76.943s][info][gc,reloc    ] GC(78) y:                        Candidates     Selected     In-Place         Size        Empty    Relocated 
[2026-04-03T02:39:45.488+0600][76.943s][info][gc,reloc    ] GC(78) y: Small Pages:                   77           60            0         154M          22M           3M 
[2026-04-03T02:39:45.488+0600][76.943s][info][gc,reloc    ] GC(78) y: Medium Pages:                   2            0            0          64M          32M           0M 
[2026-04-03T02:39:45.488+0600][76.943s][info][gc,reloc    ] GC(78) y: Large Pages:                   43            0            0         258M         258M           0M 
[2026-04-03T02:39:45.488+0600][76.943s][info][gc,reloc    ] GC(78) y: Forwarding Usage: 0M
[2026-04-03T02:39:45.488+0600][76.943s][info][gc,reloc    ] GC(78) y: Age Table:
[2026-04-03T02:39:45.488+0600][76.943s][info][gc,reloc    ] GC(78) y:                    Live             Garbage             Small              Medium             Large        
[2026-04-03T02:39:45.488+0600][76.943s][info][gc,reloc    ] GC(78) y: Eden               3M (0%)          426M (24%)         66 / 54             2 / 0             39 / 0        
[2026-04-03T02:39:45.488+0600][76.943s][info][gc,reloc    ] GC(78) y: Survivor 1         1M (0%)           32M (2%)           5 / 4              0 / 0              4 / 0        
[2026-04-03T02:39:45.488+0600][76.943s][info][gc,reloc    ] GC(78) y: Survivor 2         3M (0%)            4M (0%)           4 / 1              0 / 0              0 / 0        
[2026-04-03T02:39:45.488+0600][76.943s][info][gc,reloc    ] GC(78) y: Survivor 3         1M (0%)            2M (0%)           2 / 1              0 / 0              0 / 0        
[2026-04-03T02:39:45.488+0600][76.943s][info][gc,heap     ] GC(78) y: Min Capacity: 8M(0%)
[2026-04-03T02:39:45.488+0600][76.943s][info][gc,heap     ] GC(78) y: Max Capacity: 1750M(100%)
[2026-04-03T02:39:45.488+0600][76.943s][info][gc,heap     ] GC(78) y: Soft Max Capacity: 1750M(100%)
[2026-04-03T02:39:45.488+0600][76.943s][info][gc,heap     ] GC(78) y: Heap Statistics:
[2026-04-03T02:39:45.488+0600][76.943s][info][gc,heap     ] GC(78) y:                Mark Start          Mark End        Relocate Start      Relocate End           High               Low         
[2026-04-03T02:39:45.488+0600][76.943s][info][gc,heap     ] GC(78) y:  Capacity:     1750M (100%)       1750M (100%)       1750M (100%)       1750M (100%)       1750M (100%)       1750M (100%)   
[2026-04-03T02:39:45.488+0600][76.943s][info][gc,heap     ] GC(78) y:      Free:      960M (55%)         898M (51%)        1206M (69%)        1322M (76%)        1322M (76%)         878M (50%)    
[2026-04-03T02:39:45.488+0600][76.943s][info][gc,heap     ] GC(78) y:      Used:      790M (45%)         852M (49%)         544M (31%)         428M (24%)         872M (50%)         428M (24%)    
[2026-04-03T02:39:45.488+0600][76.943s][info][gc,heap     ] GC(78) y: Young Generation Statistics:
[2026-04-03T02:39:45.488+0600][76.943s][info][gc,heap     ] GC(78) y:                Mark Start          Mark End        Relocate Start      Relocate End    
[2026-04-03T02:39:45.488+0600][76.943s][info][gc,heap     ] GC(78) y:      Used:      476M (27%)         538M (31%)         230M (13%)         114M (7%)     
[2026-04-03T02:39:45.488+0600][76.943s][info][gc,heap     ] GC(78) y:      Live:         -                10M (1%)           10M (1%)           10M (1%)     
[2026-04-03T02:39:45.488+0600][76.943s][info][gc,heap     ] GC(78) y:   Garbage:         -               465M (27%)         153M (9%)           32M (2%)     
[2026-04-03T02:39:45.488+0600][76.943s][info][gc,heap     ] GC(78) y: Allocated:         -                62M (4%)           66M (4%)           71M (4%)     
[2026-04-03T02:39:45.488+0600][76.943s][info][gc,heap     ] GC(78) y: Reclaimed:         -                  -               312M (18%)         433M (25%)    
[2026-04-03T02:39:45.488+0600][76.943s][info][gc,heap     ] GC(78) y:  Promoted:         -                  -                 0M (0%)            0M (0%)     
[2026-04-03T02:39:45.488+0600][76.943s][info][gc,heap     ] GC(78) y: Compacted:         -                  -                  -                 4M (0%)     
[2026-04-03T02:39:45.488+0600][76.943s][info][gc,phases   ] GC(78) y: Young Generation 790M(45%)->428M(24%) 0.048s
[2026-04-03T02:39:45.488+0600][76.943s][info][gc          ] GC(78) Minor Collection (Allocation Rate) 790M(45%)->428M(24%) 0.049s
[2026-04-03T02:39:45.820+0600][77.276s][info][gc          ] GC(79) Major Collection (Allocation Rate)
[2026-04-03T02:39:45.820+0600][77.276s][info][gc,task     ] GC(79) Using 1 Workers for Young Generation
[2026-04-03T02:39:45.820+0600][77.276s][info][gc,task     ] GC(79) Using 1 Workers for Old Generation
[2026-04-03T02:39:45.820+0600][77.276s][info][gc,phases   ] GC(79) Y: Young Generation
[2026-04-03T02:39:45.820+0600][77.276s][info][gc,phases   ] GC(79) Y: Pause Mark Start (Major) 0.017ms
[2026-04-03T02:39:45.885+0600][77.341s][info][gc,phases   ] GC(79) Y: Concurrent Mark 64.943ms
[2026-04-03T02:39:45.886+0600][77.341s][info][gc,phases   ] GC(79) Y: Pause Mark End 0.020ms
[2026-04-03T02:39:45.886+0600][77.341s][info][gc,phases   ] GC(79) Y: Concurrent Mark Free 0.002ms
[2026-04-03T02:39:45.886+0600][77.341s][info][gc,phases   ] GC(79) Y: Concurrent Reset Relocation Set 0.011ms
[2026-04-03T02:39:45.887+0600][77.343s][info][gc,reloc    ] GC(79) Y: Using tenuring threshold: 5 (Computed)
[2026-04-03T02:39:45.888+0600][77.344s][info][gc,phases   ] GC(79) Y: Concurrent Select Relocation Set 2.401ms
[2026-04-03T02:39:45.888+0600][77.344s][info][gc,phases   ] GC(79) Y: Pause Relocate Start 0.021ms
[2026-04-03T02:39:45.895+0600][77.351s][info][gc,phases   ] GC(79) Y: Concurrent Relocate 7.074ms
[2026-04-03T02:39:45.896+0600][77.351s][info][gc,alloc    ] GC(79) Y:                         Mark Start        Mark End      Relocate Start    Relocate End   
[2026-04-03T02:39:45.896+0600][77.351s][info][gc,alloc    ] GC(79) Y: Allocation Stalls:          0                0                0                0         
[2026-04-03T02:39:45.896+0600][77.351s][info][gc,load     ] GC(79) Y: Load: 6.34 (53%) / 5.58 (46%) / 5.69 (47%)
[2026-04-03T02:39:45.896+0600][77.351s][info][gc,mmu      ] GC(79) Y: MMU: 2ms/93.5%, 5ms/97.4%, 10ms/98.4%, 20ms/99.2%, 50ms/99.7%, 100ms/99.8%
[2026-04-03T02:39:45.896+0600][77.351s][info][gc,marking  ] GC(79) Y: Mark: 1 stripe(s), 2 proactive flush(es), 1 terminate flush(es), 0 completion(s), 0 continuation(s) 
[2026-04-03T02:39:45.896+0600][77.351s][info][gc,marking  ] GC(79) Y: Mark Stack Usage: 32M
[2026-04-03T02:39:45.896+0600][77.351s][info][gc,nmethod  ] GC(79) Y: NMethods: 15096 registered, 2684 unregistered
[2026-04-03T02:39:45.896+0600][77.351s][info][gc,metaspace] GC(79) Y: Metaspace: 128M used, 129M committed, 1152M reserved
[2026-04-03T02:39:45.896+0600][77.351s][info][gc,reloc    ] GC(79) Y:                        Candidates     Selected     In-Place         Size        Empty    Relocated 
[2026-04-03T02:39:45.896+0600][77.351s][info][gc,reloc    ] GC(79) Y: Small Pages:                  136          112            0         272M          36M           4M 
[2026-04-03T02:39:45.896+0600][77.351s][info][gc,reloc    ] GC(79) Y: Medium Pages:                   2            0            0          64M          64M           0M 
[2026-04-03T02:39:45.896+0600][77.351s][info][gc,reloc    ] GC(79) Y: Large Pages:                    4            0            0          24M          24M           0M 
[2026-04-03T02:39:45.896+0600][77.351s][info][gc,reloc    ] GC(79) Y: Forwarding Usage: 1M
[2026-04-03T02:39:45.896+0600][77.351s][info][gc,reloc    ] GC(79) Y: Age Table:
[2026-04-03T02:39:45.896+0600][77.351s][info][gc,reloc    ] GC(79) Y:                    Live             Garbage             Small              Medium             Large        
[2026-04-03T02:39:45.896+0600][77.351s][info][gc,reloc    ] GC(79) Y: Eden               2M (0%)          309M (18%)        128 / 109            1 / 0              4 / 0        
[2026-04-03T02:39:45.896+0600][77.351s][info][gc,reloc    ] GC(79) Y: Survivor 1         1M (0%)           34M (2%)           2 / 0              1 / 0              0 / 0        
[2026-04-03T02:39:45.896+0600][77.351s][info][gc,reloc    ] GC(79) Y: Survivor 2         1M (0%)            2M (0%)           2 / 2              0 / 0              0 / 0        
[2026-04-03T02:39:45.896+0600][77.351s][info][gc,reloc    ] GC(79) Y: Survivor 3         3M (0%)            0M (0%)           2 / 0              0 / 0              0 / 0        
[2026-04-03T02:39:45.896+0600][77.351s][info][gc,reloc    ] GC(79) Y: Survivor 4         1M (0%)            2M (0%)           2 / 1              0 / 0              0 / 0        
[2026-04-03T02:39:45.896+0600][77.351s][info][gc,heap     ] GC(79) Y: Min Capacity: 8M(0%)
[2026-04-03T02:39:45.896+0600][77.351s][info][gc,heap     ] GC(79) Y: Max Capacity: 1750M(100%)
[2026-04-03T02:39:45.896+0600][77.351s][info][gc,heap     ] GC(79) Y: Soft Max Capacity: 1750M(100%)
[2026-04-03T02:39:45.896+0600][77.351s][info][gc,heap     ] GC(79) Y: Heap Statistics:
[2026-04-03T02:39:45.896+0600][77.351s][info][gc,heap     ] GC(79) Y:                Mark Start          Mark End        Relocate Start      Relocate End           High               Low         
[2026-04-03T02:39:45.896+0600][77.351s][info][gc,heap     ] GC(79) Y:  Capacity:     1750M (100%)       1750M (100%)       1750M (100%)       1750M (100%)       1750M (100%)       1750M (100%)   
[2026-04-03T02:39:45.896+0600][77.351s][info][gc,heap     ] GC(79) Y:      Free:     1076M (61%)        1004M (57%)        1128M (64%)        1326M (76%)        1332M (76%)        1004M (57%)    
[2026-04-03T02:39:45.896+0600][77.351s][info][gc,heap     ] GC(79) Y:      Used:      674M (39%)         746M (43%)         622M (36%)         424M (24%)         746M (43%)         418M (24%)    
[2026-04-03T02:39:45.896+0600][77.351s][info][gc,heap     ] GC(79) Y: Young Generation Statistics:
[2026-04-03T02:39:45.896+0600][77.351s][info][gc,heap     ] GC(79) Y:                Mark Start          Mark End        Relocate Start      Relocate End    
[2026-04-03T02:39:45.896+0600][77.351s][info][gc,heap     ] GC(79) Y:      Used:      360M (21%)         432M (25%)         308M (18%)         110M (6%)     
[2026-04-03T02:39:45.896+0600][77.351s][info][gc,heap     ] GC(79) Y:      Live:         -                10M (1%)           10M (1%)           10M (1%)     
[2026-04-03T02:39:45.896+0600][77.351s][info][gc,heap     ] GC(79) Y:   Garbage:         -               349M (20%)         225M (13%)           0M (0%)     
[2026-04-03T02:39:45.896+0600][77.351s][info][gc,heap     ] GC(79) Y: Allocated:         -                72M (4%)           72M (4%)           99M (6%)     
[2026-04-03T02:39:45.896+0600][77.351s][info][gc,heap     ] GC(79) Y: Reclaimed:         -                  -               124M (7%)          349M (20%)    
[2026-04-03T02:39:45.896+0600][77.351s][info][gc,heap     ] GC(79) Y:  Promoted:         -                  -                 0M (0%)            0M (0%)     
[2026-04-03T02:39:45.896+0600][77.351s][info][gc,heap     ] GC(79) Y: Compacted:         -                  -                  -                 6M (0%)     
[2026-04-03T02:39:45.896+0600][77.351s][info][gc,phases   ] GC(79) Y: Young Generation 674M(39%)->424M(24%) 0.075s
[2026-04-03T02:39:45.896+0600][77.351s][info][gc,phases   ] GC(79) O: Old Generation
[2026-04-03T02:39:46.343+0600][77.799s][info][gc,phases   ] GC(79) O: Concurrent Mark 447.154ms
[2026-04-03T02:39:46.343+0600][77.799s][info][gc,phases   ] GC(79) O: Pause Mark End 0.025ms
[2026-04-03T02:39:46.343+0600][77.799s][info][gc,phases   ] GC(79) O: Concurrent Mark Free 0.001ms
[2026-04-03T02:39:46.417+0600][77.873s][info][gc,phases   ] GC(79) O: Concurrent Process Non-Strong 73.914ms
[2026-04-03T02:39:46.418+0600][77.873s][info][gc,phases   ] GC(79) O: Concurrent Reset Relocation Set 0.012ms
[2026-04-03T02:39:46.422+0600][77.878s][info][gc,phases   ] GC(79) O: Concurrent Select Relocation Set 4.831ms
[2026-04-03T02:39:46.422+0600][77.878s][info][gc,task     ] GC(79) O: Using 2 Workers for Old Generation
[2026-04-03T02:39:46.469+0600][77.924s][info][gc,task     ] GC(79) O: Using 1 Workers for Old Generation
[2026-04-03T02:39:46.469+0600][77.924s][info][gc,phases   ] GC(79) O: Concurrent Remap Roots 46.507ms
[2026-04-03T02:39:46.469+0600][77.925s][info][gc,phases   ] GC(79) O: Pause Relocate Start 0.028ms
[2026-04-03T02:39:46.474+0600][77.930s][info][gc          ] GC(80) Minor Collection (Allocation Rate)
[2026-04-03T02:39:46.474+0600][77.930s][info][gc,task     ] GC(80) Using 1 Workers for Young Generation
[2026-04-03T02:39:46.474+0600][77.930s][info][gc,phases   ] GC(80) y: Young Generation
[2026-04-03T02:39:46.475+0600][77.930s][info][gc,phases   ] GC(80) y: Pause Mark Start 0.051ms
[2026-04-03T02:39:46.569+0600][78.024s][info][gc,phases   ] GC(80) y: Concurrent Mark 93.636ms
[2026-04-03T02:39:46.572+0600][78.027s][info][gc,phases   ] GC(80) y: Pause Mark End 0.029ms
[2026-04-03T02:39:46.572+0600][78.027s][info][gc,phases   ] GC(80) y: Concurrent Mark Free 0.004ms
[2026-04-03T02:39:46.572+0600][78.027s][info][gc,phases   ] GC(80) y: Concurrent Reset Relocation Set 0.018ms
[2026-04-03T02:39:46.579+0600][78.034s][info][gc,reloc    ] GC(80) y: Using tenuring threshold: 2 (Computed)
[2026-04-03T02:39:46.584+0600][78.039s][info][gc,phases   ] GC(80) y: Concurrent Select Relocation Set 11.792ms
[2026-04-03T02:39:46.586+0600][78.042s][info][gc,phases   ] GC(80) y: Pause Relocate Start 0.032ms
[2026-04-03T02:39:46.599+0600][78.054s][info][gc,phases   ] GC(80) y: Concurrent Relocate 12.523ms
[2026-04-03T02:39:46.599+0600][78.055s][info][gc,alloc    ] GC(80) y:                         Mark Start        Mark End      Relocate Start    Relocate End   
[2026-04-03T02:39:46.599+0600][78.055s][info][gc,alloc    ] GC(80) y: Allocation Stalls:          0                0                0                0         
[2026-04-03T02:39:46.599+0600][78.055s][info][gc,load     ] GC(80) y: Load: 6.34 (53%) / 5.58 (46%) / 5.69 (47%)
[2026-04-03T02:39:46.599+0600][78.055s][info][gc,mmu      ] GC(80) y: MMU: 2ms/93.5%, 5ms/97.4%, 10ms/98.4%, 20ms/99.2%, 50ms/99.7%, 100ms/99.8%
[2026-04-03T02:39:46.599+0600][78.055s][info][gc,marking  ] GC(80) y: Mark: 1 stripe(s), 2 proactive flush(es), 1 terminate flush(es), 0 completion(s), 0 continuation(s) 
[2026-04-03T02:39:46.599+0600][78.055s][info][gc,marking  ] GC(80) y: Mark Stack Usage: 32M
[2026-04-03T02:39:46.599+0600][78.055s][info][gc,nmethod  ] GC(80) y: NMethods: 13485 registered, 4341 unregistered
[2026-04-03T02:39:46.599+0600][78.055s][info][gc,metaspace] GC(80) y: Metaspace: 128M used, 129M committed, 1152M reserved
[2026-04-03T02:39:46.599+0600][78.055s][info][gc,reloc    ] GC(80) y:                        Candidates     Selected     In-Place         Size        Empty    Relocated 
[2026-04-03T02:39:46.599+0600][78.055s][info][gc,reloc    ] GC(80) y: Small Pages:                  211          130            0         422M         148M           1M 
[2026-04-03T02:39:46.599+0600][78.055s][info][gc,reloc    ] GC(80) y: Medium Pages:                   3            0            0          96M          96M           0M 
[2026-04-03T02:39:46.599+0600][78.055s][info][gc,reloc    ] GC(80) y: Large Pages:                    9            0            0          54M          54M           0M 
[2026-04-03T02:39:46.599+0600][78.055s][info][gc,reloc    ] GC(80) y: Forwarding Usage: 0M
[2026-04-03T02:39:46.599+0600][78.055s][info][gc,reloc    ] GC(80) y: Age Table:
[2026-04-03T02:39:46.599+0600][78.055s][info][gc,reloc    ] GC(80) y:                    Live             Garbage             Small              Medium             Large        
[2026-04-03T02:39:46.599+0600][78.055s][info][gc,reloc    ] GC(80) y: Eden               1M (0%)          544M (31%)        198 / 123            3 / 0              9 / 0        
[2026-04-03T02:39:46.599+0600][78.055s][info][gc,reloc    ] GC(80) y: Survivor 1         0M (0%)            5M (0%)           3 / 2              0 / 0              0 / 0        
[2026-04-03T02:39:46.599+0600][78.055s][info][gc,reloc    ] GC(80) y: Survivor 2         1M (0%)            2M (0%)           2 / 1              0 / 0              0 / 0        
[2026-04-03T02:39:46.599+0600][78.055s][info][gc,reloc    ] GC(80) y: Survivor 3         1M (0%)            6M (0%)           4 / 3              0 / 0              0 / 0        
[2026-04-03T02:39:46.599+0600][78.055s][info][gc,reloc    ] GC(80) y: Survivor 4         3M (0%)            0M (0%)           2 / 0              0 / 0              0 / 0        
[2026-04-03T02:39:46.599+0600][78.055s][info][gc,reloc    ] GC(80) y: Survivor 5         1M (0%)            2M (0%)           2 / 1              0 / 0              0 / 0        
[2026-04-03T02:39:46.599+0600][78.055s][info][gc,heap     ] GC(80) y: Min Capacity: 8M(0%)
[2026-04-03T02:39:46.599+0600][78.055s][info][gc,heap     ] GC(80) y: Max Capacity: 1750M(100%)
[2026-04-03T02:39:46.599+0600][78.055s][info][gc,heap     ] GC(80) y: Soft Max Capacity: 1750M(100%)
[2026-04-03T02:39:46.599+0600][78.055s][info][gc,heap     ] GC(80) y: Heap Statistics:
[2026-04-03T02:39:46.599+0600][78.055s][info][gc,heap     ] GC(80) y:                Mark Start          Mark End        Relocate Start      Relocate End           High               Low         
[2026-04-03T02:39:46.600+0600][78.055s][info][gc,heap     ] GC(80) y:  Capacity:     1750M (100%)       1750M (100%)       1750M (100%)       1750M (100%)       1750M (100%)       1750M (100%)   
[2026-04-03T02:39:46.600+0600][78.055s][info][gc,heap     ] GC(80) y:      Free:      814M (47%)         800M (46%)        1088M (62%)        1322M (76%)        1332M (76%)         754M (43%)    
[2026-04-03T02:39:46.600+0600][78.055s][info][gc,heap     ] GC(80) y:      Used:      936M (53%)         950M (54%)         662M (38%)         428M (24%)         996M (57%)         418M (24%)    
[2026-04-03T02:39:46.600+0600][78.055s][info][gc,heap     ] GC(80) y: Young Generation Statistics:
[2026-04-03T02:39:46.600+0600][78.055s][info][gc,heap     ] GC(80) y:                Mark Start          Mark End        Relocate Start      Relocate End    
[2026-04-03T02:39:46.600+0600][78.055s][info][gc,heap     ] GC(80) y:      Used:      572M (33%)         702M (40%)         408M (23%)         174M (10%)    
[2026-04-03T02:39:46.600+0600][78.055s][info][gc,heap     ] GC(80) y:      Live:         -                10M (1%)            2M (0%)            2M (0%)     
[2026-04-03T02:39:46.600+0600][78.055s][info][gc,heap     ] GC(80) y:   Garbage:         -               561M (32%)         261M (15%)           1M (0%)     
[2026-04-03T02:39:46.600+0600][78.055s][info][gc,heap     ] GC(80) y: Allocated:         -               130M (7%)          144M (8%)          170M (10%)    
[2026-04-03T02:39:46.600+0600][78.055s][info][gc,heap     ] GC(80) y: Reclaimed:         -                  -               300M (17%)         560M (32%)    
[2026-04-03T02:39:46.600+0600][78.055s][info][gc,heap     ] GC(80) y:  Promoted:         -                  -                 7M (0%)            8M (0%)     
[2026-04-03T02:39:46.600+0600][78.055s][info][gc,heap     ] GC(80) y: Compacted:         -                  -                  -                 1M (0%)     
[2026-04-03T02:39:46.600+0600][78.055s][info][gc,phases   ] GC(80) y: Young Generation 968M(55%)->428M(24%) 0.125s
[2026-04-03T02:39:46.600+0600][78.055s][info][gc          ] GC(80) Minor Collection (Allocation Rate) 968M(55%)->432M(25%) 0.126s
[2026-04-03T02:39:46.600+0600][78.055s][info][gc          ] GC(81) Minor Collection (Allocation Rate)
[2026-04-03T02:39:46.600+0600][78.055s][info][gc,task     ] GC(81) Using 1 Workers for Young Generation
[2026-04-03T02:39:46.600+0600][78.056s][info][gc,phases   ] GC(81) y: Young Generation
[2026-04-03T02:39:46.604+0600][78.059s][info][gc,phases   ] GC(81) y: Pause Mark Start 0.047ms
[2026-04-03T02:39:46.606+0600][78.061s][info][gc,phases   ] GC(79) O: Concurrent Relocate 136.291ms
[2026-04-03T02:39:46.658+0600][78.113s][info][gc,phases   ] GC(81) y: Concurrent Mark 53.698ms
[2026-04-03T02:39:46.658+0600][78.114s][info][gc,phases   ] GC(81) y: Pause Mark End 0.044ms
[2026-04-03T02:39:46.658+0600][78.114s][info][gc,phases   ] GC(81) y: Concurrent Mark Free 0.002ms
[2026-04-03T02:39:46.658+0600][78.114s][info][gc,phases   ] GC(81) y: Concurrent Reset Relocation Set 0.035ms
[2026-04-03T02:39:46.665+0600][78.120s][info][gc,reloc    ] GC(81) y: Using tenuring threshold: 3 (Computed)
[2026-04-03T02:39:46.666+0600][78.121s][info][gc,phases   ] GC(81) y: Concurrent Select Relocation Set 7.185ms
[2026-04-03T02:39:46.666+0600][78.121s][info][gc,phases   ] GC(81) y: Pause Relocate Start 0.027ms
[2026-04-03T02:39:46.676+0600][78.132s][info][gc,phases   ] GC(81) y: Concurrent Relocate 10.194ms
[2026-04-03T02:39:46.676+0600][78.132s][info][gc,alloc    ] GC(81) y:                         Mark Start        Mark End      Relocate Start    Relocate End   
[2026-04-03T02:39:46.676+0600][78.132s][info][gc,alloc    ] GC(81) y: Allocation Stalls:          0                0                0                0         
[2026-04-03T02:39:46.676+0600][78.132s][info][gc,load     ] GC(81) y: Load: 6.34 (53%) / 5.58 (46%) / 5.69 (47%)
[2026-04-03T02:39:46.676+0600][78.132s][info][gc,mmu      ] GC(81) y: MMU: 2ms/93.5%, 5ms/97.4%, 10ms/98.4%, 20ms/99.2%, 50ms/99.7%, 100ms/99.8%
[2026-04-03T02:39:46.676+0600][78.132s][info][gc,marking  ] GC(81) y: Mark: 1 stripe(s), 2 proactive flush(es), 1 terminate flush(es), 0 completion(s), 0 continuation(s) 
[2026-04-03T02:39:46.676+0600][78.132s][info][gc,marking  ] GC(81) y: Mark Stack Usage: 32M
[2026-04-03T02:39:46.676+0600][78.132s][info][gc,nmethod  ] GC(81) y: NMethods: 13486 registered, 4341 unregistered
[2026-04-03T02:39:46.676+0600][78.132s][info][gc,metaspace] GC(81) y: Metaspace: 128M used, 129M committed, 1152M reserved
[2026-04-03T02:39:46.676+0600][78.132s][info][gc,reloc    ] GC(81) y:                        Candidates     Selected     In-Place         Size        Empty    Relocated 
[2026-04-03T02:39:46.676+0600][78.132s][info][gc,reloc    ] GC(81) y: Small Pages:                   67           64            0         134M           0M           3M 
[2026-04-03T02:39:46.676+0600][78.132s][info][gc,reloc    ] GC(81) y: Medium Pages:                   1            0            0          32M          32M           0M 
[2026-04-03T02:39:46.676+0600][78.132s][info][gc,reloc    ] GC(81) y: Large Pages:                    2            0            0          12M          12M           0M 
[2026-04-03T02:39:46.677+0600][78.132s][info][gc,reloc    ] GC(81) y: Forwarding Usage: 1M
[2026-04-03T02:39:46.677+0600][78.132s][info][gc,reloc    ] GC(81) y: Age Table:
[2026-04-03T02:39:46.677+0600][78.132s][info][gc,reloc    ] GC(81) y:                    Live             Garbage             Small              Medium             Large        
[2026-04-03T02:39:46.677+0600][78.132s][info][gc,reloc    ] GC(81) y: Eden               2M (0%)          161M (9%)          60 / 59             1 / 0              2 / 0        
[2026-04-03T02:39:46.677+0600][78.132s][info][gc,reloc    ] GC(81) y: Survivor 1         1M (0%)            6M (0%)           4 / 4              0 / 0              0 / 0        
[2026-04-03T02:39:46.677+0600][78.132s][info][gc,reloc    ] GC(81) y: Survivor 2         0M (0%)            5M (0%)           3 / 1              0 / 0              0 / 0        
[2026-04-03T02:39:46.677+0600][78.132s][info][gc,heap     ] GC(81) y: Min Capacity: 8M(0%)
[2026-04-03T02:39:46.677+0600][78.132s][info][gc,heap     ] GC(81) y: Max Capacity: 1750M(100%)
[2026-04-03T02:39:46.677+0600][78.132s][info][gc,heap     ] GC(81) y: Soft Max Capacity: 1750M(100%)
[2026-04-03T02:39:46.677+0600][78.132s][info][gc,heap     ] GC(81) y: Heap Statistics:
[2026-04-03T02:39:46.677+0600][78.132s][info][gc,heap     ] GC(81) y:                Mark Start          Mark End        Relocate Start      Relocate End           High               Low         
[2026-04-03T02:39:46.677+0600][78.132s][info][gc,heap     ] GC(81) y:  Capacity:     1750M (100%)       1750M (100%)       1750M (100%)       1750M (100%)       1750M (100%)       1750M (100%)   
[2026-04-03T02:39:46.677+0600][78.132s][info][gc,heap     ] GC(81) y:      Free:     1320M (75%)        1210M (69%)        1248M (71%)        1334M (76%)        1344M (77%)        1204M (69%)    
[2026-04-03T02:39:46.677+0600][78.132s][info][gc,heap     ] GC(81) y:      Used:      430M (25%)         540M (31%)         502M (29%)         416M (24%)         546M (31%)         406M (23%)    
[2026-04-03T02:39:46.677+0600][78.132s][info][gc,heap     ] GC(81) y: Young Generation Statistics:
[2026-04-03T02:39:46.677+0600][78.132s][info][gc,heap     ] GC(81) y:                Mark Start          Mark End        Relocate Start      Relocate End    
[2026-04-03T02:39:46.677+0600][78.132s][info][gc,heap     ] GC(81) y:      Used:      178M (10%)         288M (16%)         250M (14%)         164M (9%)     
[2026-04-03T02:39:46.677+0600][78.132s][info][gc,heap     ] GC(81) y:      Live:         -                 4M (0%)            4M (0%)            4M (0%)     
[2026-04-03T02:39:46.677+0600][78.132s][info][gc,heap     ] GC(81) y:   Garbage:         -               173M (10%)         129M (7%)            0M (0%)     
[2026-04-03T02:39:46.677+0600][78.132s][info][gc,heap     ] GC(81) y: Allocated:         -               110M (6%)          116M (7%)          159M (9%)     
[2026-04-03T02:39:46.677+0600][78.132s][info][gc,heap     ] GC(81) y: Reclaimed:         -                  -                44M (3%)          173M (10%)    
[2026-04-03T02:39:46.677+0600][78.132s][info][gc,heap     ] GC(81) y:  Promoted:         -                  -                 0M (0%)            0M (0%)     
[2026-04-03T02:39:46.677+0600][78.132s][info][gc,heap     ] GC(81) y: Compacted:         -                  -                  -                 4M (0%)     
[2026-04-03T02:39:46.677+0600][78.132s][info][gc,phases   ] GC(81) y: Young Generation 430M(25%)->416M(24%) 0.076s
[2026-04-03T02:39:46.677+0600][78.132s][info][gc          ] GC(81) Minor Collection (Allocation Rate) 432M(25%)->422M(24%) 0.077s
[2026-04-03T02:39:46.677+0600][78.132s][info][gc,alloc    ] GC(79) O:                         Mark Start        Mark End      Relocate Start    Relocate End   
[2026-04-03T02:39:46.677+0600][78.132s][info][gc,alloc    ] GC(79) O: Allocation Stalls:          0                0                0                0         
[2026-04-03T02:39:46.677+0600][78.132s][info][gc,load     ] GC(79) O: Load: 6.34 (53%) / 5.58 (46%) / 5.69 (47%)
[2026-04-03T02:39:46.677+0600][78.132s][info][gc,mmu      ] GC(79) O: MMU: 2ms/93.5%, 5ms/97.4%, 10ms/98.4%, 20ms/99.2%, 50ms/99.7%, 100ms/99.8%
[2026-04-03T02:39:46.677+0600][78.133s][info][gc,marking  ] GC(79) O: Mark: 1 stripe(s), 2 proactive flush(es), 1 terminate flush(es), 0 completion(s), 0 continuation(s) 
[2026-04-03T02:39:46.677+0600][78.133s][info][gc,marking  ] GC(79) O: Mark Stack Usage: 32M
[2026-04-03T02:39:46.677+0600][78.133s][info][gc,nmethod  ] GC(79) O: NMethods: 13486 registered, 4341 unregistered
[2026-04-03T02:39:46.677+0600][78.133s][info][gc,metaspace] GC(79) O: Metaspace: 128M used, 129M committed, 1152M reserved
[2026-04-03T02:39:46.677+0600][78.133s][info][gc,ref      ] GC(79) O:                       Encountered   Discovered     Enqueued 
[2026-04-03T02:39:46.677+0600][78.133s][info][gc,ref      ] GC(79) O: Soft References:             6389            0            0 
[2026-04-03T02:39:46.677+0600][78.133s][info][gc,ref      ] GC(79) O: Weak References:            42605        34621        24135 
[2026-04-03T02:39:46.677+0600][78.133s][info][gc,ref      ] GC(79) O: Final References:              84            0            0 
[2026-04-03T02:39:46.677+0600][78.133s][info][gc,ref      ] GC(79) O: Phantom References:           620          583            0 
[2026-04-03T02:39:46.677+0600][78.133s][info][gc,reloc    ] GC(79) O:                        Candidates     Selected     In-Place         Size        Empty    Relocated 
[2026-04-03T02:39:46.677+0600][78.133s][info][gc,reloc    ] GC(79) O: Small Pages:                  125           44            0         250M           0M          19M 
[2026-04-03T02:39:46.677+0600][78.133s][info][gc,reloc    ] GC(79) O: Medium Pages:                   2            1            0          64M           0M           8M 
[2026-04-03T02:39:46.677+0600][78.133s][info][gc,reloc    ] GC(79) O: Large Pages:                    0            0            0           0M           0M           0M 
[2026-04-03T02:39:46.677+0600][78.133s][info][gc,reloc    ] GC(79) O: Forwarding Usage: 11M
[2026-04-03T02:39:46.677+0600][78.133s][info][gc,heap     ] GC(79) O: Min Capacity: 8M(0%)
[2026-04-03T02:39:46.677+0600][78.133s][info][gc,heap     ] GC(79) O: Max Capacity: 1750M(100%)
[2026-04-03T02:39:46.677+0600][78.133s][info][gc,heap     ] GC(79) O: Soft Max Capacity: 1750M(100%)
[2026-04-03T02:39:46.677+0600][78.133s][info][gc,heap     ] GC(79) O: Heap Statistics:
[2026-04-03T02:39:46.677+0600][78.133s][info][gc,heap     ] GC(79) O:                Mark Start          Mark End        Relocate Start      Relocate End           High               Low         
[2026-04-03T02:39:46.677+0600][78.133s][info][gc,heap     ] GC(79) O:  Capacity:     1750M (100%)       1750M (100%)       1750M (100%)       1750M (100%)       1750M (100%)       1750M (100%)   
[2026-04-03T02:39:46.677+0600][78.133s][info][gc,heap     ] GC(79) O:      Free:     1076M (61%)         966M (55%)         866M (49%)        1304M (75%)        1332M (76%)         754M (43%)    
[2026-04-03T02:39:46.677+0600][78.133s][info][gc,heap     ] GC(79) O:      Used:      674M (39%)         784M (45%)         884M (51%)         446M (25%)         996M (57%)         418M (24%)    
[2026-04-03T02:39:46.677+0600][78.133s][info][gc,heap     ] GC(79) O: Old Generation Statistics:
[2026-04-03T02:39:46.677+0600][78.133s][info][gc,heap     ] GC(79) O:                Mark Start          Mark End        Relocate Start      Relocate End    
[2026-04-03T02:39:46.677+0600][78.133s][info][gc,heap     ] GC(79) O:      Used:      314M (18%)         314M (18%)         314M (18%)         252M (14%)    
[2026-04-03T02:39:46.677+0600][78.133s][info][gc,heap     ] GC(79) O:      Live:         -               155M (9%)          155M (9%)          155M (9%)     
[2026-04-03T02:39:46.677+0600][78.133s][info][gc,heap     ] GC(79) O:   Garbage:         -               158M (9%)          158M (9%)            7M (0%)     
[2026-04-03T02:39:46.677+0600][78.133s][info][gc,heap     ] GC(79) O: Allocated:         -                 0M (0%)            0M (0%)           88M (5%)     
[2026-04-03T02:39:46.677+0600][78.133s][info][gc,heap     ] GC(79) O: Reclaimed:         -                  -                 0M (0%)          150M (9%)     
[2026-04-03T02:39:46.677+0600][78.133s][info][gc,heap     ] GC(79) O: Compacted:         -                  -                  -                61M (3%)     
[2026-04-03T02:39:46.677+0600][78.133s][info][gc,phases   ] GC(79) O: Old Generation 424M(24%)->446M(25%) 0.781s
[2026-04-03T02:39:46.677+0600][78.133s][info][gc          ] GC(79) Major Collection (Allocation Rate) 674M(39%)->422M(24%) 0.857s
[2026-04-03T02:39:46.927+0600][78.383s][info][gc          ] GC(82) Minor Collection (Allocation Rate)
[2026-04-03T02:39:46.927+0600][78.383s][info][gc,task     ] GC(82) Using 1 Workers for Young Generation
[2026-04-03T02:39:46.928+0600][78.383s][info][gc,phases   ] GC(82) y: Young Generation
[2026-04-03T02:39:46.928+0600][78.383s][info][gc,phases   ] GC(82) y: Pause Mark Start 0.019ms
[2026-04-03T02:39:46.987+0600][78.442s][info][gc,phases   ] GC(82) y: Concurrent Mark 58.821ms
[2026-04-03T02:39:46.987+0600][78.442s][info][gc,phases   ] GC(82) y: Pause Mark End 0.025ms
[2026-04-03T02:39:46.987+0600][78.443s][info][gc,phases   ] GC(82) y: Concurrent Mark Free 0.002ms
[2026-04-03T02:39:46.987+0600][78.443s][info][gc,phases   ] GC(82) y: Concurrent Reset Relocation Set 0.008ms
[2026-04-03T02:39:46.989+0600][78.444s][info][gc,reloc    ] GC(82) y: Using tenuring threshold: 2 (Computed)
[2026-04-03T02:39:46.991+0600][78.446s][info][gc,phases   ] GC(82) y: Concurrent Select Relocation Set 3.300ms
[2026-04-03T02:39:46.991+0600][78.446s][info][gc,phases   ] GC(82) y: Pause Relocate Start 0.021ms
[2026-04-03T02:39:47.003+0600][78.458s][info][gc,phases   ] GC(82) y: Concurrent Relocate 11.830ms
[2026-04-03T02:39:47.003+0600][78.458s][info][gc,alloc    ] GC(82) y:                         Mark Start        Mark End      Relocate Start    Relocate End   
[2026-04-03T02:39:47.003+0600][78.458s][info][gc,alloc    ] GC(82) y: Allocation Stalls:          0                0                0                0         
[2026-04-03T02:39:47.003+0600][78.458s][info][gc,load     ] GC(82) y: Load: 6.34 (53%) / 5.58 (46%) / 5.69 (47%)
[2026-04-03T02:39:47.003+0600][78.458s][info][gc,mmu      ] GC(82) y: MMU: 2ms/93.5%, 5ms/97.4%, 10ms/98.4%, 20ms/99.2%, 50ms/99.7%, 100ms/99.8%
[2026-04-03T02:39:47.003+0600][78.458s][info][gc,marking  ] GC(82) y: Mark: 1 stripe(s), 2 proactive flush(es), 1 terminate flush(es), 0 completion(s), 0 continuation(s) 
[2026-04-03T02:39:47.003+0600][78.458s][info][gc,marking  ] GC(82) y: Mark Stack Usage: 32M
[2026-04-03T02:39:47.003+0600][78.458s][info][gc,nmethod  ] GC(82) y: NMethods: 13526 registered, 4341 unregistered
[2026-04-03T02:39:47.003+0600][78.458s][info][gc,metaspace] GC(82) y: Metaspace: 128M used, 129M committed, 1152M reserved
[2026-04-03T02:39:47.003+0600][78.458s][info][gc,reloc    ] GC(82) y:                        Candidates     Selected     In-Place         Size        Empty    Relocated 
[2026-04-03T02:39:47.003+0600][78.458s][info][gc,reloc    ] GC(82) y: Small Pages:                  135          106            0         270M          50M           4M 
[2026-04-03T02:39:47.003+0600][78.458s][info][gc,reloc    ] GC(82) y: Medium Pages:                   2            0            0          64M          64M           0M 
[2026-04-03T02:39:47.003+0600][78.458s][info][gc,reloc    ] GC(82) y: Large Pages:                    4            0            0          24M          24M           0M 
[2026-04-03T02:39:47.003+0600][78.458s][info][gc,reloc    ] GC(82) y: Forwarding Usage: 1M
[2026-04-03T02:39:47.003+0600][78.458s][info][gc,reloc    ] GC(82) y: Age Table:
[2026-04-03T02:39:47.003+0600][78.458s][info][gc,reloc    ] GC(82) y:                    Live             Garbage             Small              Medium             Large        
[2026-04-03T02:39:47.003+0600][78.458s][info][gc,reloc    ] GC(82) y: Eden               3M (0%)          308M (18%)        112 / 88             2 / 0              4 / 0        
[2026-04-03T02:39:47.003+0600][78.458s][info][gc,reloc    ] GC(82) y: Survivor 1         0M (0%)           13M (1%)           7 / 3              0 / 0              0 / 0        
[2026-04-03T02:39:47.003+0600][78.458s][info][gc,reloc    ] GC(82) y: Survivor 2         0M (0%)           17M (1%)           9 / 8              0 / 0              0 / 0        
[2026-04-03T02:39:47.003+0600][78.458s][info][gc,reloc    ] GC(82) y: Survivor 3         0M (0%)           13M (1%)           7 / 7              0 / 0              0 / 0        
[2026-04-03T02:39:47.003+0600][78.458s][info][gc,heap     ] GC(82) y: Min Capacity: 8M(0%)
[2026-04-03T02:39:47.003+0600][78.458s][info][gc,heap     ] GC(82) y: Max Capacity: 1750M(100%)
[2026-04-03T02:39:47.003+0600][78.459s][info][gc,heap     ] GC(82) y: Soft Max Capacity: 1750M(100%)
[2026-04-03T02:39:47.003+0600][78.459s][info][gc,heap     ] GC(82) y: Heap Statistics:
[2026-04-03T02:39:47.003+0600][78.459s][info][gc,heap     ] GC(82) y:                Mark Start          Mark End        Relocate Start      Relocate End           High               Low         
[2026-04-03T02:39:47.003+0600][78.459s][info][gc,heap     ] GC(82) y:  Capacity:     1750M (100%)       1750M (100%)       1750M (100%)       1750M (100%)       1750M (100%)       1750M (100%)   
[2026-04-03T02:39:47.003+0600][78.459s][info][gc,heap     ] GC(82) y:      Free:     1140M (65%)        1052M (60%)        1182M (68%)        1370M (78%)        1378M (79%)        1046M (60%)    
[2026-04-03T02:39:47.003+0600][78.459s][info][gc,heap     ] GC(82) y:      Used:      610M (35%)         698M (40%)         568M (32%)         380M (22%)         704M (40%)         372M (21%)    
[2026-04-03T02:39:47.003+0600][78.459s][info][gc,heap     ] GC(82) y: Young Generation Statistics:
[2026-04-03T02:39:47.003+0600][78.459s][info][gc,heap     ] GC(82) y:                Mark Start          Mark End        Relocate Start      Relocate End    
[2026-04-03T02:39:47.003+0600][78.459s][info][gc,heap     ] GC(82) y:      Used:      358M (20%)         446M (25%)         314M (18%)         124M (7%)     
[2026-04-03T02:39:47.003+0600][78.459s][info][gc,heap     ] GC(82) y:      Live:         -                 5M (0%)            4M (0%)            3M (0%)     
[2026-04-03T02:39:47.003+0600][78.459s][info][gc,heap     ] GC(82) y:   Garbage:         -               352M (20%)         213M (12%)           0M (0%)     
[2026-04-03T02:39:47.003+0600][78.459s][info][gc,heap     ] GC(82) y: Allocated:         -                88M (5%)           96M (5%)          120M (7%)     
[2026-04-03T02:39:47.003+0600][78.459s][info][gc,heap     ] GC(82) y: Reclaimed:         -                  -               139M (8%)          352M (20%)    
[2026-04-03T02:39:47.003+0600][78.459s][info][gc,heap     ] GC(82) y:  Promoted:         -                  -                 0M (0%)            1M (0%)     
[2026-04-03T02:39:47.003+0600][78.459s][info][gc,heap     ] GC(82) y: Compacted:         -                  -                  -                 3M (0%)     
[2026-04-03T02:39:47.003+0600][78.459s][info][gc,phases   ] GC(82) y: Young Generation 610M(35%)->380M(22%) 0.075s
[2026-04-03T02:39:47.003+0600][78.459s][info][gc          ] GC(82) Minor Collection (Allocation Rate) 610M(35%)->380M(22%) 0.076s
[2026-04-03T02:39:47.745+0600][79.201s][info][gc          ] GC(83) Minor Collection (Allocation Rate)
[2026-04-03T02:39:47.745+0600][79.201s][info][gc,task     ] GC(83) Using 1 Workers for Young Generation
[2026-04-03T02:39:47.745+0600][79.201s][info][gc,phases   ] GC(83) y: Young Generation
[2026-04-03T02:39:47.746+0600][79.201s][info][gc,phases   ] GC(83) y: Pause Mark Start 0.028ms
[2026-04-03T02:39:47.811+0600][79.267s][info][gc,phases   ] GC(83) y: Concurrent Mark 65.486ms
[2026-04-03T02:39:47.811+0600][79.267s][info][gc,phases   ] GC(83) y: Pause Mark End 0.027ms
[2026-04-03T02:39:47.811+0600][79.267s][info][gc,phases   ] GC(83) y: Concurrent Mark Free 0.003ms
[2026-04-03T02:39:47.812+0600][79.267s][info][gc,phases   ] GC(83) y: Concurrent Reset Relocation Set 0.021ms
[2026-04-03T02:39:47.818+0600][79.273s][info][gc,reloc    ] GC(83) y: Using tenuring threshold: 3 (Computed)
[2026-04-03T02:39:47.819+0600][79.274s][info][gc,phases   ] GC(83) y: Concurrent Select Relocation Set 7.146ms
[2026-04-03T02:39:47.819+0600][79.274s][info][gc,phases   ] GC(83) y: Pause Relocate Start 0.020ms
[2026-04-03T02:39:47.841+0600][79.296s][info][gc,phases   ] GC(83) y: Concurrent Relocate 21.914ms
[2026-04-03T02:39:47.841+0600][79.297s][info][gc,alloc    ] GC(83) y:                         Mark Start        Mark End      Relocate Start    Relocate End   
[2026-04-03T02:39:47.841+0600][79.297s][info][gc,alloc    ] GC(83) y: Allocation Stalls:          0                0                0                0         
[2026-04-03T02:39:47.841+0600][79.297s][info][gc,load     ] GC(83) y: Load: 6.34 (53%) / 5.58 (46%) / 5.69 (47%)
[2026-04-03T02:39:47.841+0600][79.297s][info][gc,mmu      ] GC(83) y: MMU: 2ms/93.5%, 5ms/97.4%, 10ms/98.4%, 20ms/99.2%, 50ms/99.7%, 100ms/99.8%
[2026-04-03T02:39:47.841+0600][79.297s][info][gc,marking  ] GC(83) y: Mark: 1 stripe(s), 2 proactive flush(es), 1 terminate flush(es), 0 completion(s), 0 continuation(s) 
[2026-04-03T02:39:47.841+0600][79.297s][info][gc,marking  ] GC(83) y: Mark Stack Usage: 32M
[2026-04-03T02:39:47.841+0600][79.297s][info][gc,nmethod  ] GC(83) y: NMethods: 13542 registered, 4341 unregistered
[2026-04-03T02:39:47.841+0600][79.297s][info][gc,metaspace] GC(83) y: Metaspace: 128M used, 129M committed, 1152M reserved
[2026-04-03T02:39:47.841+0600][79.297s][info][gc,reloc    ] GC(83) y:                        Candidates     Selected     In-Place         Size        Empty    Relocated 
[2026-04-03T02:39:47.841+0600][79.297s][info][gc,reloc    ] GC(83) y: Small Pages:                  440          227            0         880M         416M           6M 
[2026-04-03T02:39:47.841+0600][79.297s][info][gc,reloc    ] GC(83) y: Medium Pages:                   3            0            0          96M          96M           0M 
[2026-04-03T02:39:47.841+0600][79.297s][info][gc,reloc    ] GC(83) y: Large Pages:                   16            0            0          96M          96M           0M 
[2026-04-03T02:39:47.841+0600][79.297s][info][gc,reloc    ] GC(83) y: Forwarding Usage: 2M
[2026-04-03T02:39:47.841+0600][79.297s][info][gc,reloc    ] GC(83) y: Age Table:
[2026-04-03T02:39:47.841+0600][79.297s][info][gc,reloc    ] GC(83) y:                    Live             Garbage             Small              Medium             Large        
[2026-04-03T02:39:47.841+0600][79.297s][info][gc,reloc    ] GC(83) y: Eden               6M (0%)         1055M (60%)        435 / 224            3 / 0             16 / 0        
[2026-04-03T02:39:47.841+0600][79.297s][info][gc,reloc    ] GC(83) y: Survivor 1         0M (0%)            3M (0%)           2 / 2              0 / 0              0 / 0        
[2026-04-03T02:39:47.842+0600][79.297s][info][gc,reloc    ] GC(83) y: Survivor 2         0M (0%)            5M (0%)           3 / 1              0 / 0              0 / 0        
[2026-04-03T02:39:47.842+0600][79.297s][info][gc,heap     ] GC(83) y: Min Capacity: 8M(0%)
[2026-04-03T02:39:47.842+0600][79.297s][info][gc,heap     ] GC(83) y: Max Capacity: 1750M(100%)
[2026-04-03T02:39:47.842+0600][79.297s][info][gc,heap     ] GC(83) y: Soft Max Capacity: 1750M(100%)
[2026-04-03T02:39:47.842+0600][79.297s][info][gc,heap     ] GC(83) y: Heap Statistics:
[2026-04-03T02:39:47.842+0600][79.297s][info][gc,heap     ] GC(83) y:                Mark Start          Mark End        Relocate Start      Relocate End           High               Low         
[2026-04-03T02:39:47.842+0600][79.297s][info][gc,heap     ] GC(83) y:  Capacity:     1750M (100%)       1750M (100%)       1750M (100%)       1750M (100%)       1750M (100%)       1750M (100%)   
[2026-04-03T02:39:47.842+0600][79.297s][info][gc,heap     ] GC(83) y:      Free:      422M (24%)         292M (17%)         890M (51%)        1278M (73%)        1282M (73%)         292M (17%)    
[2026-04-03T02:39:47.842+0600][79.297s][info][gc,heap     ] GC(83) y:      Used:     1328M (76%)        1458M (83%)         860M (49%)         472M (27%)        1458M (83%)         468M (27%)    
[2026-04-03T02:39:47.842+0600][79.297s][info][gc,heap     ] GC(83) y: Young Generation Statistics:
[2026-04-03T02:39:47.842+0600][79.297s][info][gc,heap     ] GC(83) y:                Mark Start          Mark End        Relocate Start      Relocate End    
[2026-04-03T02:39:47.842+0600][79.297s][info][gc,heap     ] GC(83) y:      Used:     1072M (61%)        1202M (69%)         604M (35%)         216M (12%)    
[2026-04-03T02:39:47.842+0600][79.297s][info][gc,heap     ] GC(83) y:      Live:         -                 7M (0%)            7M (0%)            7M (0%)     
[2026-04-03T02:39:47.842+0600][79.297s][info][gc,heap     ] GC(83) y:   Garbage:         -              1064M (61%)         456M (26%)           1M (0%)     
[2026-04-03T02:39:47.842+0600][79.297s][info][gc,heap     ] GC(83) y: Allocated:         -               130M (7%)          140M (8%)          207M (12%)    
[2026-04-03T02:39:47.842+0600][79.297s][info][gc,heap     ] GC(83) y: Reclaimed:         -                  -               608M (35%)        1063M (61%)    
[2026-04-03T02:39:47.842+0600][79.297s][info][gc,heap     ] GC(83) y:  Promoted:         -                  -                 0M (0%)            0M (0%)     
[2026-04-03T02:39:47.842+0600][79.297s][info][gc,heap     ] GC(83) y: Compacted:         -                  -                  -                 6M (0%)     
[2026-04-03T02:39:47.842+0600][79.297s][info][gc,phases   ] GC(83) y: Young Generation 1328M(76%)->472M(27%) 0.096s
[2026-04-03T02:39:47.842+0600][79.297s][info][gc          ] GC(83) Minor Collection (Allocation Rate) 1328M(76%)->472M(27%) 0.097s
[2026-04-03T02:39:48.086+0600][79.541s][info][gc          ] GC(84) Major Collection (System.gc())
[2026-04-03T02:39:48.086+0600][79.542s][info][gc,task     ] GC(84) Using 3 Workers for Young Generation
[2026-04-03T02:39:48.086+0600][79.542s][info][gc,task     ] GC(84) Using 3 Workers for Old Generation
[2026-04-03T02:39:48.086+0600][79.542s][info][gc,phases   ] GC(84) Y: Young Generation (Promote All)
[2026-04-03T02:39:48.086+0600][79.542s][info][gc,phases   ] GC(84) Y: Pause Mark Start 0.016ms
[2026-04-03T02:39:48.104+0600][79.559s][info][gc,phases   ] GC(84) Y: Concurrent Mark 17.145ms
[2026-04-03T02:39:48.104+0600][79.559s][info][gc,phases   ] GC(84) Y: Pause Mark End 0.021ms
[2026-04-03T02:39:48.104+0600][79.559s][info][gc,phases   ] GC(84) Y: Concurrent Mark Free 0.002ms
[2026-04-03T02:39:48.104+0600][79.559s][info][gc,phases   ] GC(84) Y: Concurrent Reset Relocation Set 0.072ms
[2026-04-03T02:39:48.106+0600][79.562s][info][gc,reloc    ] GC(84) Y: Using tenuring threshold: 0 (Promote All)
[2026-04-03T02:39:48.108+0600][79.563s][info][gc,phases   ] GC(84) Y: Concurrent Select Relocation Set 4.057ms
[2026-04-03T02:39:48.108+0600][79.564s][info][gc,phases   ] GC(84) Y: Pause Relocate Start 0.014ms
[2026-04-03T02:39:48.114+0600][79.569s][info][gc,phases   ] GC(84) Y: Concurrent Relocate 5.498ms
[2026-04-03T02:39:48.114+0600][79.569s][info][gc,alloc    ] GC(84) Y:                         Mark Start        Mark End      Relocate Start    Relocate End   
[2026-04-03T02:39:48.114+0600][79.569s][info][gc,alloc    ] GC(84) Y: Allocation Stalls:          0                0                0                0         
[2026-04-03T02:39:48.114+0600][79.569s][info][gc,load     ] GC(84) Y: Load: 6.34 (53%) / 5.58 (46%) / 5.69 (47%)
[2026-04-03T02:39:48.114+0600][79.569s][info][gc,mmu      ] GC(84) Y: MMU: 2ms/93.5%, 5ms/97.4%, 10ms/98.4%, 20ms/99.2%, 50ms/99.7%, 100ms/99.8%
[2026-04-03T02:39:48.114+0600][79.569s][info][gc,marking  ] GC(84) Y: Mark: 2 stripe(s), 5 proactive flush(es), 1 terminate flush(es), 0 completion(s), 0 continuation(s) 
[2026-04-03T02:39:48.114+0600][79.569s][info][gc,marking  ] GC(84) Y: Mark Stack Usage: 32M
[2026-04-03T02:39:48.114+0600][79.569s][info][gc,nmethod  ] GC(84) Y: NMethods: 13556 registered, 4341 unregistered
[2026-04-03T02:39:48.114+0600][79.569s][info][gc,metaspace] GC(84) Y: Metaspace: 128M used, 129M committed, 1152M reserved
[2026-04-03T02:39:48.114+0600][79.569s][info][gc,reloc    ] GC(84) Y:                        Candidates     Selected     In-Place         Size        Empty    Relocated 
[2026-04-03T02:39:48.114+0600][79.569s][info][gc,reloc    ] GC(84) Y: Small Pages:                  197           77            0         394M         234M           3M 
[2026-04-03T02:39:48.114+0600][79.569s][info][gc,reloc    ] GC(84) Y: Medium Pages:                   2            0            0          64M          64M           0M 
[2026-04-03T02:39:48.114+0600][79.569s][info][gc,reloc    ] GC(84) Y: Large Pages:                    7            0            0          42M          42M           0M 
[2026-04-03T02:39:48.114+0600][79.569s][info][gc,reloc    ] GC(84) Y: Forwarding Usage: 1M
[2026-04-03T02:39:48.114+0600][79.569s][info][gc,reloc    ] GC(84) Y: Age Table:
[2026-04-03T02:39:48.114+0600][79.569s][info][gc,reloc    ] GC(84) Y:                    Live             Garbage             Small              Medium             Large        
[2026-04-03T02:39:48.114+0600][79.569s][info][gc,reloc    ] GC(84) Y: Eden               1M (0%)          474M (27%)        185 / 73             2 / 0              7 / 0        
[2026-04-03T02:39:48.114+0600][79.569s][info][gc,reloc    ] GC(84) Y: Survivor 1         2M (0%)           17M (1%)          10 / 3              0 / 0              0 / 0        
[2026-04-03T02:39:48.114+0600][79.569s][info][gc,reloc    ] GC(84) Y: Survivor 2         0M (0%)            1M (0%)           1 / 0              0 / 0              0 / 0        
[2026-04-03T02:39:48.114+0600][79.569s][info][gc,reloc    ] GC(84) Y: Survivor 3         0M (0%)            1M (0%)           1 / 1              0 / 0              0 / 0        
[2026-04-03T02:39:48.114+0600][79.569s][info][gc,heap     ] GC(84) Y: Min Capacity: 8M(0%)
[2026-04-03T02:39:48.114+0600][79.569s][info][gc,heap     ] GC(84) Y: Max Capacity: 1750M(100%)
[2026-04-03T02:39:48.114+0600][79.569s][info][gc,heap     ] GC(84) Y: Soft Max Capacity: 1750M(100%)
[2026-04-03T02:39:48.114+0600][79.569s][info][gc,heap     ] GC(84) Y: Heap Statistics:
[2026-04-03T02:39:48.114+0600][79.569s][info][gc,heap     ] GC(84) Y:                Mark Start          Mark End        Relocate Start      Relocate End           High               Low         
[2026-04-03T02:39:48.114+0600][79.569s][info][gc,heap     ] GC(84) Y:  Capacity:     1750M (100%)       1750M (100%)       1750M (100%)       1750M (100%)       1750M (100%)       1750M (100%)   
[2026-04-03T02:39:48.114+0600][79.569s][info][gc,heap     ] GC(84) Y:      Free:      994M (57%)         994M (57%)        1334M (76%)        1486M (85%)        1486M (85%)         994M (57%)    
[2026-04-03T02:39:48.114+0600][79.569s][info][gc,heap     ] GC(84) Y:      Used:      756M (43%)         756M (43%)         416M (24%)         264M (15%)         756M (43%)         264M (15%)    
[2026-04-03T02:39:48.114+0600][79.569s][info][gc,heap     ] GC(84) Y: Young Generation Statistics:
[2026-04-03T02:39:48.114+0600][79.569s][info][gc,heap     ] GC(84) Y:                Mark Start          Mark End        Relocate Start      Relocate End    
[2026-04-03T02:39:48.114+0600][79.569s][info][gc,heap     ] GC(84) Y:      Used:      500M (29%)         500M (29%)         160M (9%)            0M (0%)     
[2026-04-03T02:39:48.114+0600][79.569s][info][gc,heap     ] GC(84) Y:      Live:         -                 4M (0%)            4M (0%)            0M (0%)     
[2026-04-03T02:39:48.114+0600][79.569s][info][gc,heap     ] GC(84) Y:   Garbage:         -               495M (28%)         155M (9%)            0M (0%)     
[2026-04-03T02:39:48.114+0600][79.569s][info][gc,heap     ] GC(84) Y: Allocated:         -                 0M (0%)            0M (0%)            0M (0%)     
[2026-04-03T02:39:48.114+0600][79.569s][info][gc,heap     ] GC(84) Y: Reclaimed:         -                  -               340M (19%)         495M (28%)    
[2026-04-03T02:39:48.114+0600][79.569s][info][gc,heap     ] GC(84) Y:  Promoted:         -                  -                 0M (0%)            4M (0%)     
[2026-04-03T02:39:48.114+0600][79.569s][info][gc,heap     ] GC(84) Y: Compacted:         -                  -                  -                 0M (0%)     
[2026-04-03T02:39:48.114+0600][79.569s][info][gc,phases   ] GC(84) Y: Young Generation (Promote All) 756M(43%)->264M(15%) 0.028s
[2026-04-03T02:39:48.114+0600][79.569s][info][gc,phases   ] GC(84) Y: Young Generation (Collect Roots)
[2026-04-03T02:39:48.114+0600][79.570s][info][gc,phases   ] GC(84) Y: Pause Mark Start (Major) 0.019ms
[2026-04-03T02:39:48.128+0600][79.583s][info][gc,phases   ] GC(84) Y: Concurrent Mark 13.808ms
[2026-04-03T02:39:48.128+0600][79.584s][info][gc,phases   ] GC(84) Y: Pause Mark End 0.047ms
[2026-04-03T02:39:48.128+0600][79.584s][info][gc,phases   ] GC(84) Y: Concurrent Mark Free 0.285ms
[2026-04-03T02:39:48.128+0600][79.584s][info][gc,phases   ] GC(84) Y: Concurrent Reset Relocation Set 0.008ms
[2026-04-03T02:39:48.130+0600][79.585s][info][gc,reloc    ] GC(84) Y: Using tenuring threshold: 0 (Computed)
[2026-04-03T02:39:48.130+0600][79.586s][info][gc,phases   ] GC(84) Y: Concurrent Select Relocation Set 1.837ms
[2026-04-03T02:39:48.130+0600][79.586s][info][gc,phases   ] GC(84) Y: Pause Relocate Start 0.013ms
[2026-04-03T02:39:48.131+0600][79.586s][info][gc,phases   ] GC(84) Y: Concurrent Relocate 0.138ms
[2026-04-03T02:39:48.131+0600][79.586s][info][gc,alloc    ] GC(84) Y:                         Mark Start        Mark End      Relocate Start    Relocate End   
[2026-04-03T02:39:48.131+0600][79.586s][info][gc,alloc    ] GC(84) Y: Allocation Stalls:          0                0                0                0         
[2026-04-03T02:39:48.131+0600][79.586s][info][gc,load     ] GC(84) Y: Load: 6.34 (53%) / 5.58 (46%) / 5.69 (47%)
[2026-04-03T02:39:48.131+0600][79.586s][info][gc,mmu      ] GC(84) Y: MMU: 2ms/93.5%, 5ms/97.4%, 10ms/98.4%, 20ms/99.2%, 50ms/99.7%, 100ms/99.8%
[2026-04-03T02:39:48.131+0600][79.586s][info][gc,marking  ] GC(84) Y: Mark: 2 stripe(s), 1 proactive flush(es), 1 terminate flush(es), 0 completion(s), 0 continuation(s) 
[2026-04-03T02:39:48.131+0600][79.586s][info][gc,marking  ] GC(84) Y: Mark Stack Usage: 0M
[2026-04-03T02:39:48.131+0600][79.586s][info][gc,nmethod  ] GC(84) Y: NMethods: 13556 registered, 4341 unregistered
[2026-04-03T02:39:48.131+0600][79.586s][info][gc,metaspace] GC(84) Y: Metaspace: 128M used, 129M committed, 1152M reserved
[2026-04-03T02:39:48.131+0600][79.586s][info][gc,heap     ] GC(84) Y: Min Capacity: 8M(0%)
[2026-04-03T02:39:48.131+0600][79.586s][info][gc,heap     ] GC(84) Y: Max Capacity: 1750M(100%)
[2026-04-03T02:39:48.131+0600][79.586s][info][gc,heap     ] GC(84) Y: Soft Max Capacity: 1750M(100%)
[2026-04-03T02:39:48.131+0600][79.586s][info][gc,heap     ] GC(84) Y: Heap Statistics:
[2026-04-03T02:39:48.131+0600][79.586s][info][gc,heap     ] GC(84) Y:                Mark Start          Mark End        Relocate Start      Relocate End           High               Low         
[2026-04-03T02:39:48.131+0600][79.586s][info][gc,heap     ] GC(84) Y:  Capacity:     1750M (100%)       1750M (100%)       1750M (100%)       1750M (100%)       1750M (100%)       1750M (100%)   
[2026-04-03T02:39:48.131+0600][79.586s][info][gc,heap     ] GC(84) Y:      Free:     1486M (85%)        1486M (85%)        1486M (85%)        1486M (85%)        1486M (85%)        1486M (85%)    
[2026-04-03T02:39:48.131+0600][79.586s][info][gc,heap     ] GC(84) Y:      Used:      264M (15%)         264M (15%)         264M (15%)         264M (15%)         264M (15%)         264M (15%)    
[2026-04-03T02:39:48.131+0600][79.586s][info][gc,heap     ] GC(84) Y: Young Generation Statistics:
[2026-04-03T02:39:48.131+0600][79.586s][info][gc,heap     ] GC(84) Y:                Mark Start          Mark End        Relocate Start      Relocate End    
[2026-04-03T02:39:48.131+0600][79.586s][info][gc,heap     ] GC(84) Y:      Used:        0M (0%)            0M (0%)            0M (0%)            0M (0%)     
[2026-04-03T02:39:48.131+0600][79.586s][info][gc,heap     ] GC(84) Y:      Live:         -                 0M (0%)            0M (0%)            0M (0%)     
[2026-04-03T02:39:48.131+0600][79.586s][info][gc,heap     ] GC(84) Y:   Garbage:         -                 0M (0%)            0M (0%)            0M (0%)     
[2026-04-03T02:39:48.131+0600][79.586s][info][gc,heap     ] GC(84) Y: Allocated:         -                 0M (0%)            0M (0%)            0M (0%)     
[2026-04-03T02:39:48.131+0600][79.586s][info][gc,heap     ] GC(84) Y: Reclaimed:         -                  -                 0M (0%)            0M (0%)     
[2026-04-03T02:39:48.131+0600][79.586s][info][gc,heap     ] GC(84) Y:  Promoted:         -                  -                 0M (0%)            0M (0%)     
[2026-04-03T02:39:48.131+0600][79.586s][info][gc,heap     ] GC(84) Y: Compacted:         -                  -                  -                 0M (0%)     
[2026-04-03T02:39:48.131+0600][79.586s][info][gc,phases   ] GC(84) Y: Young Generation (Collect Roots) 264M(15%)->264M(15%) 0.017s
[2026-04-03T02:39:48.131+0600][79.586s][info][gc,phases   ] GC(84) O: Old Generation
[2026-04-03T02:39:48.245+0600][79.700s][info][gc,phases   ] GC(84) O: Concurrent Mark 114.075ms
[2026-04-03T02:39:48.245+0600][79.701s][info][gc,phases   ] GC(84) O: Pause Mark End 0.019ms
[2026-04-03T02:39:48.245+0600][79.701s][info][gc,phases   ] GC(84) O: Concurrent Mark Free 0.002ms
[2026-04-03T02:39:48.258+0600][79.714s][info][gc,phases   ] GC(84) O: Concurrent Process Non-Strong 13.115ms
[2026-04-03T02:39:48.258+0600][79.714s][info][gc,phases   ] GC(84) O: Concurrent Reset Relocation Set 0.006ms
[2026-04-03T02:39:48.261+0600][79.716s][info][gc,phases   ] GC(84) O: Concurrent Select Relocation Set 2.136ms
[2026-04-03T02:39:48.261+0600][79.716s][info][gc,task     ] GC(84) O: Using 3 Workers for Old Generation
[2026-04-03T02:39:48.285+0600][79.740s][info][gc,task     ] GC(84) O: Using 3 Workers for Old Generation
[2026-04-03T02:39:48.285+0600][79.740s][info][gc,phases   ] GC(84) O: Concurrent Remap Roots 24.452ms
[2026-04-03T02:39:48.285+0600][79.741s][info][gc,phases   ] GC(84) O: Pause Relocate Start 0.024ms
[2026-04-03T02:39:48.306+0600][79.762s][info][gc,phases   ] GC(84) O: Concurrent Relocate 20.954ms
[2026-04-03T02:39:48.306+0600][79.762s][info][gc,alloc    ] GC(84) O:                         Mark Start        Mark End      Relocate Start    Relocate End   
[2026-04-03T02:39:48.306+0600][79.762s][info][gc,alloc    ] GC(84) O: Allocation Stalls:          0                0                0                0         
[2026-04-03T02:39:48.306+0600][79.762s][info][gc,load     ] GC(84) O: Load: 6.34 (53%) / 5.58 (46%) / 5.69 (47%)
[2026-04-03T02:39:48.306+0600][79.762s][info][gc,mmu      ] GC(84) O: MMU: 2ms/93.5%, 5ms/97.4%, 10ms/98.4%, 20ms/99.2%, 50ms/99.7%, 100ms/99.8%
[2026-04-03T02:39:48.306+0600][79.762s][info][gc,marking  ] GC(84) O: Mark: 2 stripe(s), 1 proactive flush(es), 1 terminate flush(es), 0 completion(s), 0 continuation(s) 
[2026-04-03T02:39:48.306+0600][79.762s][info][gc,marking  ] GC(84) O: Mark Stack Usage: 32M
[2026-04-03T02:39:48.306+0600][79.762s][info][gc,nmethod  ] GC(84) O: NMethods: 13517 registered, 4395 unregistered
[2026-04-03T02:39:48.306+0600][79.762s][info][gc,metaspace] GC(84) O: Metaspace: 128M used, 129M committed, 1152M reserved
[2026-04-03T02:39:48.306+0600][79.762s][info][gc,ref      ] GC(84) O:                       Encountered   Discovered     Enqueued 
[2026-04-03T02:39:48.306+0600][79.762s][info][gc,ref      ] GC(84) O: Soft References:             6381            0            0 
[2026-04-03T02:39:48.306+0600][79.762s][info][gc,ref      ] GC(84) O: Weak References:            21202        16484         6253 
[2026-04-03T02:39:48.306+0600][79.762s][info][gc,ref      ] GC(84) O: Final References:              84            0            0 
[2026-04-03T02:39:48.306+0600][79.762s][info][gc,ref      ] GC(84) O: Phantom References:           620          465            0 
[2026-04-03T02:39:48.306+0600][79.762s][info][gc,reloc    ] GC(84) O:                        Candidates     Selected     In-Place         Size        Empty    Relocated 
[2026-04-03T02:39:48.306+0600][79.762s][info][gc,reloc    ] GC(84) O: Small Pages:                  100           36            0         200M           0M          13M 
[2026-04-03T02:39:48.306+0600][79.762s][info][gc,reloc    ] GC(84) O: Medium Pages:                   2            0            0          64M          32M           0M 
[2026-04-03T02:39:48.306+0600][79.762s][info][gc,reloc    ] GC(84) O: Large Pages:                    0            0            0           0M           0M           0M 
[2026-04-03T02:39:48.306+0600][79.762s][info][gc,reloc    ] GC(84) O: Forwarding Usage: 8M
[2026-04-03T02:39:48.306+0600][79.762s][info][gc,heap     ] GC(84) O: Min Capacity: 8M(0%)
[2026-04-03T02:39:48.306+0600][79.762s][info][gc,heap     ] GC(84) O: Max Capacity: 1750M(100%)
[2026-04-03T02:39:48.307+0600][79.762s][info][gc,heap     ] GC(84) O: Soft Max Capacity: 1750M(100%)
[2026-04-03T02:39:48.307+0600][79.762s][info][gc,heap     ] GC(84) O: Heap Statistics:
[2026-04-03T02:39:48.307+0600][79.762s][info][gc,heap     ] GC(84) O:                Mark Start          Mark End        Relocate Start      Relocate End           High               Low         
[2026-04-03T02:39:48.307+0600][79.762s][info][gc,heap     ] GC(84) O:  Capacity:     1750M (100%)       1750M (100%)       1750M (100%)       1750M (100%)       1750M (100%)       1750M (100%)   
[2026-04-03T02:39:48.307+0600][79.762s][info][gc,heap     ] GC(84) O:      Free:     1486M (85%)        1484M (85%)        1458M (83%)        1506M (86%)        1506M (86%)        1448M (83%)    
[2026-04-03T02:39:48.307+0600][79.762s][info][gc,heap     ] GC(84) O:      Used:      264M (15%)         266M (15%)         292M (17%)         244M (14%)         302M (17%)         244M (14%)    
[2026-04-03T02:39:48.307+0600][79.762s][info][gc,heap     ] GC(84) O: Old Generation Statistics:
[2026-04-03T02:39:48.307+0600][79.762s][info][gc,heap     ] GC(84) O:                Mark Start          Mark End        Relocate Start      Relocate End    
[2026-04-03T02:39:48.307+0600][79.762s][info][gc,heap     ] GC(84) O:      Used:      264M (15%)         264M (15%)         232M (13%)         178M (10%)    
[2026-04-03T02:39:48.307+0600][79.762s][info][gc,heap     ] GC(84) O:      Live:         -               125M (7%)          125M (7%)          125M (7%)     
[2026-04-03T02:39:48.307+0600][79.762s][info][gc,heap     ] GC(84) O:   Garbage:         -               138M (8%)          106M (6%)           29M (2%)     
[2026-04-03T02:39:48.307+0600][79.762s][info][gc,heap     ] GC(84) O: Allocated:         -                 0M (0%)            0M (0%)           22M (1%)     
[2026-04-03T02:39:48.307+0600][79.762s][info][gc,heap     ] GC(84) O: Reclaimed:         -                  -                32M (2%)          108M (6%)     
[2026-04-03T02:39:48.307+0600][79.762s][info][gc,heap     ] GC(84) O: Compacted:         -                  -                  -                31M (2%)     
[2026-04-03T02:39:48.307+0600][79.762s][info][gc,phases   ] GC(84) O: Old Generation 264M(15%)->244M(14%) 0.175s
[2026-04-03T02:39:48.307+0600][79.762s][info][gc          ] GC(84) Major Collection (System.gc()) 756M(43%)->244M(14%) 0.221s
[2026-04-03T02:39:48.525+0600][79.981s][info][gc          ] GC(85) Minor Collection (Allocation Rate)
[2026-04-03T02:39:48.525+0600][79.981s][info][gc,task     ] GC(85) Using 1 Workers for Young Generation
[2026-04-03T02:39:48.525+0600][79.981s][info][gc,phases   ] GC(85) y: Young Generation
[2026-04-03T02:39:48.525+0600][79.981s][info][gc,phases   ] GC(85) y: Pause Mark Start 0.026ms
[2026-04-03T02:39:48.565+0600][80.020s][info][gc,phases   ] GC(85) y: Concurrent Mark 39.315ms
[2026-04-03T02:39:48.565+0600][80.021s][info][gc,phases   ] GC(85) y: Pause Mark End 0.029ms
[2026-04-03T02:39:48.565+0600][80.021s][info][gc,phases   ] GC(85) y: Concurrent Mark Free 0.003ms
[2026-04-03T02:39:48.565+0600][80.021s][info][gc,phases   ] GC(85) y: Concurrent Reset Relocation Set 0.001ms
[2026-04-03T02:39:48.576+0600][80.031s][info][gc,reloc    ] GC(85) y: Using tenuring threshold: 1 (Computed)
[2026-04-03T02:39:48.576+0600][80.031s][info][gc,phases   ] GC(85) y: Concurrent Select Relocation Set 10.666ms
[2026-04-03T02:39:48.576+0600][80.032s][info][gc,phases   ] GC(85) y: Pause Relocate Start 0.026ms
[2026-04-03T02:39:48.581+0600][80.037s][info][gc,phases   ] GC(85) y: Concurrent Relocate 4.852ms
[2026-04-03T02:39:48.582+0600][80.037s][info][gc,alloc    ] GC(85) y:                         Mark Start        Mark End      Relocate Start    Relocate End   
[2026-04-03T02:39:48.582+0600][80.037s][info][gc,alloc    ] GC(85) y: Allocation Stalls:          0                0                0                0         
[2026-04-03T02:39:48.582+0600][80.037s][info][gc,load     ] GC(85) y: Load: 6.34 (53%) / 5.58 (46%) / 5.69 (47%)
[2026-04-03T02:39:48.582+0600][80.037s][info][gc,mmu      ] GC(85) y: MMU: 2ms/93.5%, 5ms/97.4%, 10ms/98.4%, 20ms/99.2%, 50ms/99.7%, 100ms/99.8%
[2026-04-03T02:39:48.582+0600][80.037s][info][gc,marking  ] GC(85) y: Mark: 1 stripe(s), 2 proactive flush(es), 1 terminate flush(es), 0 completion(s), 0 continuation(s) 
[2026-04-03T02:39:48.582+0600][80.037s][info][gc,marking  ] GC(85) y: Mark Stack Usage: 32M
[2026-04-03T02:39:48.582+0600][80.037s][info][gc,nmethod  ] GC(85) y: NMethods: 13528 registered, 4395 unregistered
[2026-04-03T02:39:48.582+0600][80.037s][info][gc,metaspace] GC(85) y: Metaspace: 128M used, 129M committed, 1152M reserved
[2026-04-03T02:39:48.582+0600][80.037s][info][gc,reloc    ] GC(85) y:                        Candidates     Selected     In-Place         Size        Empty    Relocated 
[2026-04-03T02:39:48.582+0600][80.037s][info][gc,reloc    ] GC(85) y: Small Pages:                   99           78            0         198M          34M           4M 
[2026-04-03T02:39:48.582+0600][80.037s][info][gc,reloc    ] GC(85) y: Medium Pages:                   1            0            0          32M          32M           0M 
[2026-04-03T02:39:48.582+0600][80.037s][info][gc,reloc    ] GC(85) y: Large Pages:                  119            0            0         714M         696M           0M 
[2026-04-03T02:39:48.582+0600][80.037s][info][gc,reloc    ] GC(85) y: Forwarding Usage: 0M
[2026-04-03T02:39:48.582+0600][80.037s][info][gc,reloc    ] GC(85) y: Age Table:
[2026-04-03T02:39:48.582+0600][80.037s][info][gc,reloc    ] GC(85) y:                    Live             Garbage             Small              Medium             Large        
[2026-04-03T02:39:48.582+0600][80.037s][info][gc,reloc    ] GC(85) y: Eden              23M (1%)          920M (53%)         99 / 78             1 / 0            119 / 0        
[2026-04-03T02:39:48.582+0600][80.037s][info][gc,heap     ] GC(85) y: Min Capacity: 8M(0%)
[2026-04-03T02:39:48.582+0600][80.037s][info][gc,heap     ] GC(85) y: Max Capacity: 1750M(100%)
[2026-04-03T02:39:48.582+0600][80.037s][info][gc,heap     ] GC(85) y: Soft Max Capacity: 1750M(100%)
[2026-04-03T02:39:48.582+0600][80.037s][info][gc,heap     ] GC(85) y: Heap Statistics:
[2026-04-03T02:39:48.582+0600][80.037s][info][gc,heap     ] GC(85) y:                Mark Start          Mark End        Relocate Start      Relocate End           High               Low         
[2026-04-03T02:39:48.582+0600][80.037s][info][gc,heap     ] GC(85) y:  Capacity:     1750M (100%)       1750M (100%)       1750M (100%)       1750M (100%)       1750M (100%)       1750M (100%)   
[2026-04-03T02:39:48.582+0600][80.037s][info][gc,heap     ] GC(85) y:      Free:      628M (36%)         472M (27%)        1204M (69%)        1348M (77%)        1348M (77%)         472M (27%)    
[2026-04-03T02:39:48.582+0600][80.037s][info][gc,heap     ] GC(85) y:      Used:     1122M (64%)        1278M (73%)         546M (31%)         402M (23%)        1278M (73%)         402M (23%)    
[2026-04-03T02:39:48.582+0600][80.037s][info][gc,heap     ] GC(85) y: Young Generation Statistics:
[2026-04-03T02:39:48.582+0600][80.037s][info][gc,heap     ] GC(85) y:                Mark Start          Mark End        Relocate Start      Relocate End    
[2026-04-03T02:39:48.582+0600][80.037s][info][gc,heap     ] GC(85) y:      Used:      944M (54%)        1100M (63%)         368M (21%)         224M (13%)    
[2026-04-03T02:39:48.582+0600][80.037s][info][gc,heap     ] GC(85) y:      Live:         -                23M (1%)           23M (1%)           23M (1%)     
[2026-04-03T02:39:48.582+0600][80.037s][info][gc,heap     ] GC(85) y:   Garbage:         -               920M (53%)         158M (9%)            1M (0%)     
[2026-04-03T02:39:48.582+0600][80.037s][info][gc,heap     ] GC(85) y: Allocated:         -               156M (9%)          186M (11%)         198M (11%)    
[2026-04-03T02:39:48.582+0600][80.037s][info][gc,heap     ] GC(85) y: Reclaimed:         -                  -               762M (44%)         918M (53%)    
[2026-04-03T02:39:48.582+0600][80.037s][info][gc,heap     ] GC(85) y:  Promoted:         -                  -                 0M (0%)            0M (0%)     
[2026-04-03T02:39:48.582+0600][80.037s][info][gc,heap     ] GC(85) y: Compacted:         -                  -                  -                 5M (0%)     
[2026-04-03T02:39:48.582+0600][80.037s][info][gc,phases   ] GC(85) y: Young Generation 1122M(64%)->402M(23%) 0.056s
[2026-04-03T02:39:48.582+0600][80.038s][info][gc          ] GC(85) Minor Collection (Allocation Rate) 1122M(64%)->402M(23%) 0.057s
[2026-04-03T02:39:49.486+0600][80.941s][info][gc          ] GC(86) Minor Collection (Allocation Rate)
[2026-04-03T02:39:49.486+0600][80.941s][info][gc,task     ] GC(86) Using 1 Workers for Young Generation
[2026-04-03T02:39:49.486+0600][80.941s][info][gc,phases   ] GC(86) y: Young Generation
[2026-04-03T02:39:49.486+0600][80.941s][info][gc,phases   ] GC(86) y: Pause Mark Start 0.035ms
[2026-04-03T02:39:49.533+0600][80.989s][info][gc,phases   ] GC(86) y: Concurrent Mark 47.119ms
[2026-04-03T02:39:49.534+0600][80.989s][info][gc,phases   ] GC(86) y: Pause Mark End 0.035ms
[2026-04-03T02:39:49.534+0600][80.989s][info][gc,phases   ] GC(86) y: Concurrent Mark Free 0.002ms
[2026-04-03T02:39:49.534+0600][80.989s][info][gc,phases   ] GC(86) y: Concurrent Reset Relocation Set 0.011ms
[2026-04-03T02:39:49.538+0600][80.993s][info][gc,reloc    ] GC(86) y: Using tenuring threshold: 2 (Computed)
[2026-04-03T02:39:49.538+0600][80.994s][info][gc,phases   ] GC(86) y: Concurrent Select Relocation Set 4.358ms
[2026-04-03T02:39:49.539+0600][80.994s][info][gc,phases   ] GC(86) y: Pause Relocate Start 0.023ms
[2026-04-03T02:39:49.548+0600][81.003s][info][gc,phases   ] GC(86) y: Concurrent Relocate 8.946ms
[2026-04-03T02:39:49.548+0600][81.003s][info][gc,alloc    ] GC(86) y:                         Mark Start        Mark End      Relocate Start    Relocate End   
[2026-04-03T02:39:49.548+0600][81.003s][info][gc,alloc    ] GC(86) y: Allocation Stalls:          0                0                0                0         
[2026-04-03T02:39:49.548+0600][81.003s][info][gc,load     ] GC(86) y: Load: 6.34 (53%) / 5.58 (46%) / 5.69 (47%)
[2026-04-03T02:39:49.548+0600][81.003s][info][gc,mmu      ] GC(86) y: MMU: 2ms/93.5%, 5ms/97.4%, 10ms/98.4%, 20ms/99.2%, 50ms/99.7%, 100ms/99.8%
[2026-04-03T02:39:49.548+0600][81.003s][info][gc,marking  ] GC(86) y: Mark: 1 stripe(s), 2 proactive flush(es), 1 terminate flush(es), 0 completion(s), 0 continuation(s) 
[2026-04-03T02:39:49.548+0600][81.003s][info][gc,marking  ] GC(86) y: Mark Stack Usage: 32M
[2026-04-03T02:39:49.548+0600][81.003s][info][gc,nmethod  ] GC(86) y: NMethods: 13551 registered, 4395 unregistered
[2026-04-03T02:39:49.548+0600][81.003s][info][gc,metaspace] GC(86) y: Metaspace: 128M used, 130M committed, 1152M reserved
[2026-04-03T02:39:49.548+0600][81.003s][info][gc,reloc    ] GC(86) y:                        Candidates     Selected     In-Place         Size        Empty    Relocated 
[2026-04-03T02:39:49.548+0600][81.003s][info][gc,reloc    ] GC(86) y: Small Pages:                  288          196            0         576M         176M           4M 
[2026-04-03T02:39:49.548+0600][81.003s][info][gc,reloc    ] GC(86) y: Medium Pages:                   4            0            0         128M          96M           0M 
[2026-04-03T02:39:49.548+0600][81.003s][info][gc,reloc    ] GC(86) y: Large Pages:                   32            0            0         192M         192M           0M 
[2026-04-03T02:39:49.548+0600][81.003s][info][gc,reloc    ] GC(86) y: Forwarding Usage: 1M
[2026-04-03T02:39:49.548+0600][81.003s][info][gc,reloc    ] GC(86) y: Age Table:
[2026-04-03T02:39:49.548+0600][81.003s][info][gc,reloc    ] GC(86) y:                    Live             Garbage             Small              Medium             Large        
[2026-04-03T02:39:49.548+0600][81.003s][info][gc,reloc    ] GC(86) y: Eden               6M (0%)          857M (49%)        281 / 192            4 / 0             29 / 0        
[2026-04-03T02:39:49.548+0600][81.003s][info][gc,reloc    ] GC(86) y: Survivor 1         1M (0%)           30M (2%)           7 / 4              0 / 0              3 / 0        
[2026-04-03T02:39:49.548+0600][81.003s][info][gc,heap     ] GC(86) y: Min Capacity: 8M(0%)
[2026-04-03T02:39:49.548+0600][81.003s][info][gc,heap     ] GC(86) y: Max Capacity: 1750M(100%)
[2026-04-03T02:39:49.548+0600][81.004s][info][gc,heap     ] GC(86) y: Soft Max Capacity: 1750M(100%)
[2026-04-03T02:39:49.548+0600][81.004s][info][gc,heap     ] GC(86) y: Heap Statistics:
[2026-04-03T02:39:49.548+0600][81.004s][info][gc,heap     ] GC(86) y:                Mark Start          Mark End        Relocate Start      Relocate End           High               Low         
[2026-04-03T02:39:49.548+0600][81.004s][info][gc,heap     ] GC(86) y:  Capacity:     1750M (100%)       1750M (100%)       1750M (100%)       1750M (100%)       1750M (100%)       1750M (100%)   
[2026-04-03T02:39:49.548+0600][81.004s][info][gc,heap     ] GC(86) y:      Free:      676M (39%)         602M (34%)        1066M (61%)        1440M (82%)        1440M (82%)         602M (34%)    
[2026-04-03T02:39:49.548+0600][81.004s][info][gc,heap     ] GC(86) y:      Used:     1074M (61%)        1148M (66%)         684M (39%)         310M (18%)        1148M (66%)         310M (18%)    
[2026-04-03T02:39:49.548+0600][81.004s][info][gc,heap     ] GC(86) y: Young Generation Statistics:
[2026-04-03T02:39:49.548+0600][81.004s][info][gc,heap     ] GC(86) y:                Mark Start          Mark End        Relocate Start      Relocate End    
[2026-04-03T02:39:49.548+0600][81.004s][info][gc,heap     ] GC(86) y:      Used:      896M (51%)         970M (55%)         506M (29%)         132M (8%)     
[2026-04-03T02:39:49.548+0600][81.004s][info][gc,heap     ] GC(86) y:      Live:         -                 8M (0%)            8M (0%)            8M (0%)     
[2026-04-03T02:39:49.548+0600][81.004s][info][gc,heap     ] GC(86) y:   Garbage:         -               887M (51%)         423M (24%)          30M (2%)     
[2026-04-03T02:39:49.548+0600][81.004s][info][gc,heap     ] GC(86) y: Allocated:         -                74M (4%)           74M (4%)           92M (5%)     
[2026-04-03T02:39:49.548+0600][81.004s][info][gc,heap     ] GC(86) y: Reclaimed:         -                  -               464M (27%)         856M (49%)    
[2026-04-03T02:39:49.548+0600][81.004s][info][gc,heap     ] GC(86) y:  Promoted:         -                  -                 0M (0%)            0M (0%)     
[2026-04-03T02:39:49.548+0600][81.004s][info][gc,heap     ] GC(86) y: Compacted:         -                  -                  -                 5M (0%)     
[2026-04-03T02:39:49.548+0600][81.004s][info][gc,phases   ] GC(86) y: Young Generation 1074M(61%)->310M(18%) 0.062s
[2026-04-03T02:39:49.548+0600][81.004s][info][gc          ] GC(86) Minor Collection (Allocation Rate) 1074M(61%)->310M(18%) 0.063s
[2026-04-03T02:39:50.673+0600][82.128s][info][gc          ] GC(87) Minor Collection (Allocation Rate)
[2026-04-03T02:39:50.673+0600][82.128s][info][gc,task     ] GC(87) Using 1 Workers for Young Generation
[2026-04-03T02:39:50.673+0600][82.128s][info][gc,phases   ] GC(87) y: Young Generation
[2026-04-03T02:39:50.673+0600][82.129s][info][gc,phases   ] GC(87) y: Pause Mark Start 0.028ms
[2026-04-03T02:39:50.728+0600][82.184s][info][gc,phases   ] GC(87) y: Concurrent Mark 55.080ms
[2026-04-03T02:39:50.729+0600][82.184s][info][gc,phases   ] GC(87) y: Pause Mark End 0.023ms
[2026-04-03T02:39:50.729+0600][82.184s][info][gc,phases   ] GC(87) y: Concurrent Mark Free 0.003ms
[2026-04-03T02:39:50.729+0600][82.184s][info][gc,phases   ] GC(87) y: Concurrent Reset Relocation Set 0.015ms
[2026-04-03T02:39:50.731+0600][82.186s][info][gc,reloc    ] GC(87) y: Using tenuring threshold: 3 (Computed)
[2026-04-03T02:39:50.731+0600][82.187s][info][gc,phases   ] GC(87) y: Concurrent Select Relocation Set 2.260ms
[2026-04-03T02:39:50.731+0600][82.187s][info][gc,phases   ] GC(87) y: Pause Relocate Start 0.018ms
[2026-04-03T02:39:50.740+0600][82.196s][info][gc,phases   ] GC(87) y: Concurrent Relocate 8.723ms
[2026-04-03T02:39:50.740+0600][82.196s][info][gc,alloc    ] GC(87) y:                         Mark Start        Mark End      Relocate Start    Relocate End   
[2026-04-03T02:39:50.740+0600][82.196s][info][gc,alloc    ] GC(87) y: Allocation Stalls:          0                0                0                0         
[2026-04-03T02:39:50.740+0600][82.196s][info][gc,load     ] GC(87) y: Load: 6.15 (51%) / 5.55 (46%) / 5.68 (47%)
[2026-04-03T02:39:50.740+0600][82.196s][info][gc,mmu      ] GC(87) y: MMU: 2ms/93.5%, 5ms/97.4%, 10ms/98.4%, 20ms/99.2%, 50ms/99.7%, 100ms/99.8%
[2026-04-03T02:39:50.740+0600][82.196s][info][gc,marking  ] GC(87) y: Mark: 1 stripe(s), 2 proactive flush(es), 1 terminate flush(es), 0 completion(s), 0 continuation(s) 
[2026-04-03T02:39:50.740+0600][82.196s][info][gc,marking  ] GC(87) y: Mark Stack Usage: 32M
[2026-04-03T02:39:50.740+0600][82.196s][info][gc,nmethod  ] GC(87) y: NMethods: 13575 registered, 4395 unregistered
[2026-04-03T02:39:50.740+0600][82.196s][info][gc,metaspace] GC(87) y: Metaspace: 128M used, 130M committed, 1152M reserved
[2026-04-03T02:39:50.740+0600][82.196s][info][gc,reloc    ] GC(87) y:                        Candidates     Selected     In-Place         Size        Empty    Relocated 
[2026-04-03T02:39:50.740+0600][82.196s][info][gc,reloc    ] GC(87) y: Small Pages:                  384          256            0         768M         244M           6M 
[2026-04-03T02:39:50.740+0600][82.196s][info][gc,reloc    ] GC(87) y: Medium Pages:                   6            0            0         192M         192M           0M 
[2026-04-03T02:39:50.740+0600][82.196s][info][gc,reloc    ] GC(87) y: Large Pages:                   18            0            0         108M         108M           0M 
[2026-04-03T02:39:50.740+0600][82.196s][info][gc,reloc    ] GC(87) y: Forwarding Usage: 1M
[2026-04-03T02:39:50.740+0600][82.196s][info][gc,reloc    ] GC(87) y: Age Table:
[2026-04-03T02:39:50.740+0600][82.196s][info][gc,reloc    ] GC(87) y:                    Live             Garbage             Small              Medium             Large        
[2026-04-03T02:39:50.740+0600][82.196s][info][gc,reloc    ] GC(87) y: Eden               5M (0%)         1004M (57%)        371 / 247            5 / 0             18 / 0        
[2026-04-03T02:39:50.740+0600][82.196s][info][gc,reloc    ] GC(87) y: Survivor 1         2M (0%)           51M (3%)          11 / 8              1 / 0              0 / 0        
[2026-04-03T02:39:50.740+0600][82.196s][info][gc,reloc    ] GC(87) y: Survivor 2         1M (0%)            2M (0%)           2 / 1              0 / 0              0 / 0        
[2026-04-03T02:39:50.740+0600][82.196s][info][gc,heap     ] GC(87) y: Min Capacity: 8M(0%)
[2026-04-03T02:39:50.740+0600][82.196s][info][gc,heap     ] GC(87) y: Max Capacity: 1750M(100%)
[2026-04-03T02:39:50.740+0600][82.196s][info][gc,heap     ] GC(87) y: Soft Max Capacity: 1750M(100%)
[2026-04-03T02:39:50.740+0600][82.196s][info][gc,heap     ] GC(87) y: Heap Statistics:
[2026-04-03T02:39:50.740+0600][82.196s][info][gc,heap     ] GC(87) y:                Mark Start          Mark End        Relocate Start      Relocate End           High               Low         
[2026-04-03T02:39:50.740+0600][82.196s][info][gc,heap     ] GC(87) y:  Capacity:     1750M (100%)       1750M (100%)       1750M (100%)       1750M (100%)       1750M (100%)       1750M (100%)   
[2026-04-03T02:39:50.740+0600][82.196s][info][gc,heap     ] GC(87) y:      Free:      504M (29%)         436M (25%)         976M (56%)        1470M (84%)        1470M (84%)         436M (25%)    
[2026-04-03T02:39:50.741+0600][82.196s][info][gc,heap     ] GC(87) y:      Used:     1246M (71%)        1314M (75%)         774M (44%)         280M (16%)        1314M (75%)         280M (16%)    
[2026-04-03T02:39:50.741+0600][82.196s][info][gc,heap     ] GC(87) y: Young Generation Statistics:
[2026-04-03T02:39:50.741+0600][82.196s][info][gc,heap     ] GC(87) y:                Mark Start          Mark End        Relocate Start      Relocate End    
[2026-04-03T02:39:50.741+0600][82.196s][info][gc,heap     ] GC(87) y:      Used:     1068M (61%)        1136M (65%)         596M (34%)         102M (6%)     
[2026-04-03T02:39:50.741+0600][82.196s][info][gc,heap     ] GC(87) y:      Live:         -                 9M (1%)            9M (1%)            9M (1%)     
[2026-04-03T02:39:50.741+0600][82.196s][info][gc,heap     ] GC(87) y:   Garbage:         -              1058M (60%)         514M (29%)           1M (0%)     
[2026-04-03T02:39:50.741+0600][82.196s][info][gc,heap     ] GC(87) y: Allocated:         -                68M (4%)           72M (4%)           91M (5%)     
[2026-04-03T02:39:50.741+0600][82.196s][info][gc,heap     ] GC(87) y: Reclaimed:         -                  -               544M (31%)        1057M (60%)    
[2026-04-03T02:39:50.741+0600][82.196s][info][gc,heap     ] GC(87) y:  Promoted:         -                  -                 0M (0%)            0M (0%)     
[2026-04-03T02:39:50.741+0600][82.196s][info][gc,heap     ] GC(87) y: Compacted:         -                  -                  -                 6M (0%)     
[2026-04-03T02:39:50.741+0600][82.196s][info][gc,phases   ] GC(87) y: Young Generation 1246M(71%)->280M(16%) 0.067s
[2026-04-03T02:39:50.741+0600][82.196s][info][gc          ] GC(87) Minor Collection (Allocation Rate) 1246M(71%)->282M(16%) 0.068s
[2026-04-03T02:39:52.136+0600][83.592s][info][gc          ] GC(88) Minor Collection (Allocation Rate)
[2026-04-03T02:39:52.136+0600][83.592s][info][gc,task     ] GC(88) Using 1 Workers for Young Generation
[2026-04-03T02:39:52.136+0600][83.592s][info][gc,phases   ] GC(88) y: Young Generation
[2026-04-03T02:39:52.136+0600][83.592s][info][gc,phases   ] GC(88) y: Pause Mark Start 0.031ms
[2026-04-03T02:39:52.201+0600][83.657s][info][gc,phases   ] GC(88) y: Concurrent Mark 64.508ms
[2026-04-03T02:39:52.201+0600][83.657s][info][gc,phases   ] GC(88) y: Pause Mark End 0.024ms
[2026-04-03T02:39:52.201+0600][83.657s][info][gc,phases   ] GC(88) y: Concurrent Mark Free 0.002ms
[2026-04-03T02:39:52.201+0600][83.657s][info][gc,phases   ] GC(88) y: Concurrent Reset Relocation Set 0.025ms
[2026-04-03T02:39:52.208+0600][83.663s][info][gc,reloc    ] GC(88) y: Using tenuring threshold: 4 (Computed)
[2026-04-03T02:39:52.209+0600][83.664s][info][gc,phases   ] GC(88) y: Concurrent Select Relocation Set 7.188ms
[2026-04-03T02:39:52.209+0600][83.664s][info][gc,phases   ] GC(88) y: Pause Relocate Start 0.020ms
[2026-04-03T02:39:52.231+0600][83.686s][info][gc,phases   ] GC(88) y: Concurrent Relocate 21.543ms
[2026-04-03T02:39:52.231+0600][83.686s][info][gc,alloc    ] GC(88) y:                         Mark Start        Mark End      Relocate Start    Relocate End   
[2026-04-03T02:39:52.231+0600][83.686s][info][gc,alloc    ] GC(88) y: Allocation Stalls:          0                0                0                0         
[2026-04-03T02:39:52.231+0600][83.686s][info][gc,load     ] GC(88) y: Load: 6.15 (51%) / 5.55 (46%) / 5.68 (47%)
[2026-04-03T02:39:52.231+0600][83.686s][info][gc,mmu      ] GC(88) y: MMU: 2ms/93.5%, 5ms/97.4%, 10ms/98.4%, 20ms/99.2%, 50ms/99.7%, 100ms/99.8%
[2026-04-03T02:39:52.231+0600][83.686s][info][gc,marking  ] GC(88) y: Mark: 1 stripe(s), 2 proactive flush(es), 1 terminate flush(es), 0 completion(s), 0 continuation(s) 
[2026-04-03T02:39:52.231+0600][83.686s][info][gc,marking  ] GC(88) y: Mark Stack Usage: 32M
[2026-04-03T02:39:52.231+0600][83.686s][info][gc,nmethod  ] GC(88) y: NMethods: 13594 registered, 4395 unregistered
[2026-04-03T02:39:52.231+0600][83.686s][info][gc,metaspace] GC(88) y: Metaspace: 128M used, 130M committed, 1152M reserved
[2026-04-03T02:39:52.231+0600][83.686s][info][gc,reloc    ] GC(88) y:                        Candidates     Selected     In-Place         Size        Empty    Relocated 
[2026-04-03T02:39:52.231+0600][83.686s][info][gc,reloc    ] GC(88) y: Small Pages:                  501          295            0        1002M         396M           8M 
[2026-04-03T02:39:52.231+0600][83.686s][info][gc,reloc    ] GC(88) y: Medium Pages:                   6            0            0         192M         192M           0M 
[2026-04-03T02:39:52.231+0600][83.686s][info][gc,reloc    ] GC(88) y: Large Pages:                   26            0            0         156M         156M           0M 
[2026-04-03T02:39:52.231+0600][83.686s][info][gc,reloc    ] GC(88) y: Forwarding Usage: 2M
[2026-04-03T02:39:52.231+0600][83.686s][info][gc,reloc    ] GC(88) y: Age Table:
[2026-04-03T02:39:52.231+0600][83.686s][info][gc,reloc    ] GC(88) y:                    Live             Garbage             Small              Medium             Large        
[2026-04-03T02:39:52.231+0600][83.686s][info][gc,reloc    ] GC(88) y: Eden               6M (0%)         1319M (75%)        489 / 286            6 / 0             26 / 0        
[2026-04-03T02:39:52.231+0600][83.686s][info][gc,reloc    ] GC(88) y: Survivor 1         2M (0%)            7M (0%)           5 / 4              0 / 0              0 / 0        
[2026-04-03T02:39:52.231+0600][83.686s][info][gc,reloc    ] GC(88) y: Survivor 2         2M (0%)            3M (0%)           3 / 2              0 / 0              0 / 0        
[2026-04-03T02:39:52.231+0600][83.686s][info][gc,reloc    ] GC(88) y: Survivor 3         1M (0%)            6M (0%)           4 / 3              0 / 0              0 / 0        
[2026-04-03T02:39:52.231+0600][83.686s][info][gc,heap     ] GC(88) y: Min Capacity: 8M(0%)
[2026-04-03T02:39:52.231+0600][83.686s][info][gc,heap     ] GC(88) y: Max Capacity: 1750M(100%)
[2026-04-03T02:39:52.231+0600][83.686s][info][gc,heap     ] GC(88) y: Soft Max Capacity: 1750M(100%)
[2026-04-03T02:39:52.231+0600][83.686s][info][gc,heap     ] GC(88) y: Heap Statistics:
[2026-04-03T02:39:52.231+0600][83.686s][info][gc,heap     ] GC(88) y:                Mark Start          Mark End        Relocate Start      Relocate End           High               Low         
[2026-04-03T02:39:52.231+0600][83.687s][info][gc,heap     ] GC(88) y:  Capacity:     1750M (100%)       1750M (100%)       1750M (100%)       1750M (100%)       1750M (100%)       1750M (100%)   
[2026-04-03T02:39:52.231+0600][83.687s][info][gc,heap     ] GC(88) y:      Free:      222M (13%)         100M (6%)          830M (47%)        1368M (78%)        1374M (79%)         100M (6%)     
[2026-04-03T02:39:52.231+0600][83.687s][info][gc,heap     ] GC(88) y:      Used:     1528M (87%)        1650M (94%)         920M (53%)         382M (22%)        1650M (94%)         376M (21%)    
[2026-04-03T02:39:52.231+0600][83.687s][info][gc,heap     ] GC(88) y: Young Generation Statistics:
[2026-04-03T02:39:52.231+0600][83.687s][info][gc,heap     ] GC(88) y:                Mark Start          Mark End        Relocate Start      Relocate End    
[2026-04-03T02:39:52.231+0600][83.687s][info][gc,heap     ] GC(88) y:      Used:     1350M (77%)        1472M (84%)         742M (42%)         204M (12%)    
[2026-04-03T02:39:52.231+0600][83.687s][info][gc,heap     ] GC(88) y:      Live:         -                13M (1%)           13M (1%)           13M (1%)     
[2026-04-03T02:39:52.231+0600][83.687s][info][gc,heap     ] GC(88) y:   Garbage:         -              1336M (76%)         592M (34%)           0M (0%)     
[2026-04-03T02:39:52.231+0600][83.687s][info][gc,heap     ] GC(88) y: Allocated:         -               122M (7%)          136M (8%)          189M (11%)    
[2026-04-03T02:39:52.231+0600][83.687s][info][gc,heap     ] GC(88) y: Reclaimed:         -                  -               744M (43%)        1335M (76%)    
[2026-04-03T02:39:52.231+0600][83.687s][info][gc,heap     ] GC(88) y:  Promoted:         -                  -                 0M (0%)            0M (0%)     
[2026-04-03T02:39:52.231+0600][83.687s][info][gc,heap     ] GC(88) y: Compacted:         -                  -                  -                10M (1%)     
[2026-04-03T02:39:52.231+0600][83.687s][info][gc,phases   ] GC(88) y: Young Generation 1528M(87%)->382M(22%) 0.094s
[2026-04-03T02:39:52.231+0600][83.687s][info][gc          ] GC(88) Minor Collection (Allocation Rate) 1528M(87%)->386M(22%) 0.095s
[2026-04-03T02:39:52.443+0600][83.898s][info][gc          ] GC(89) Minor Collection (Allocation Rate)
[2026-04-03T02:39:52.443+0600][83.898s][info][gc,task     ] GC(89) Using 1 Workers for Young Generation
[2026-04-03T02:39:52.443+0600][83.898s][info][gc,phases   ] GC(89) y: Young Generation
[2026-04-03T02:39:52.443+0600][83.899s][info][gc,phases   ] GC(89) y: Pause Mark Start 0.019ms
[2026-04-03T02:39:52.497+0600][83.952s][info][gc,phases   ] GC(89) y: Concurrent Mark 53.548ms
[2026-04-03T02:39:52.497+0600][83.953s][info][gc,phases   ] GC(89) y: Pause Mark End 0.034ms
[2026-04-03T02:39:52.497+0600][83.953s][info][gc,phases   ] GC(89) y: Concurrent Mark Free 0.003ms
[2026-04-03T02:39:52.497+0600][83.953s][info][gc,phases   ] GC(89) y: Concurrent Reset Relocation Set 0.018ms
[2026-04-03T02:39:52.499+0600][83.954s][info][gc,reloc    ] GC(89) y: Using tenuring threshold: 4 (Computed)
[2026-04-03T02:39:52.500+0600][83.956s][info][gc,phases   ] GC(89) y: Concurrent Select Relocation Set 2.940ms
[2026-04-03T02:39:52.501+0600][83.956s][info][gc,phases   ] GC(89) y: Pause Relocate Start 0.018ms
[2026-04-03T02:39:52.506+0600][83.961s][info][gc,phases   ] GC(89) y: Concurrent Relocate 5.189ms
[2026-04-03T02:39:52.506+0600][83.961s][info][gc,alloc    ] GC(89) y:                         Mark Start        Mark End      Relocate Start    Relocate End   
[2026-04-03T02:39:52.506+0600][83.961s][info][gc,alloc    ] GC(89) y: Allocation Stalls:          0                0                0                0         
[2026-04-03T02:39:52.506+0600][83.961s][info][gc,load     ] GC(89) y: Load: 6.15 (51%) / 5.55 (46%) / 5.68 (47%)
[2026-04-03T02:39:52.506+0600][83.961s][info][gc,mmu      ] GC(89) y: MMU: 2ms/93.5%, 5ms/97.4%, 10ms/98.4%, 20ms/99.2%, 50ms/99.7%, 100ms/99.8%
[2026-04-03T02:39:52.506+0600][83.961s][info][gc,marking  ] GC(89) y: Mark: 1 stripe(s), 2 proactive flush(es), 1 terminate flush(es), 0 completion(s), 0 continuation(s) 
[2026-04-03T02:39:52.506+0600][83.961s][info][gc,marking  ] GC(89) y: Mark Stack Usage: 32M
[2026-04-03T02:39:52.506+0600][83.962s][info][gc,nmethod  ] GC(89) y: NMethods: 13601 registered, 4395 unregistered
[2026-04-03T02:39:52.506+0600][83.962s][info][gc,metaspace] GC(89) y: Metaspace: 128M used, 130M committed, 1152M reserved
[2026-04-03T02:39:52.506+0600][83.962s][info][gc,reloc    ] GC(89) y:                        Candidates     Selected     In-Place         Size        Empty    Relocated 
[2026-04-03T02:39:52.506+0600][83.962s][info][gc,reloc    ] GC(89) y: Small Pages:                  177           71            0         354M         194M           5M 
[2026-04-03T02:39:52.506+0600][83.962s][info][gc,reloc    ] GC(89) y: Medium Pages:                   2            0            0          64M          64M           0M 
[2026-04-03T02:39:52.506+0600][83.962s][info][gc,reloc    ] GC(89) y: Large Pages:                   86            0            0         516M         492M           0M 
[2026-04-03T02:39:52.506+0600][83.962s][info][gc,reloc    ] GC(89) y: Forwarding Usage: 0M
[2026-04-03T02:39:52.506+0600][83.962s][info][gc,reloc    ] GC(89) y: Age Table:
[2026-04-03T02:39:52.506+0600][83.962s][info][gc,reloc    ] GC(89) y:                    Live             Garbage             Small              Medium             Large        
[2026-04-03T02:39:52.506+0600][83.962s][info][gc,reloc    ] GC(89) y: Eden              27M (2%)          882M (50%)        165 / 67             2 / 0             86 / 0        
[2026-04-03T02:39:52.506+0600][83.962s][info][gc,reloc    ] GC(89) y: Survivor 1         3M (0%)            8M (0%)           6 / 1              0 / 0              0 / 0        
[2026-04-03T02:39:52.506+0600][83.962s][info][gc,reloc    ] GC(89) y: Survivor 2         2M (0%)            1M (0%)           2 / 1              0 / 0              0 / 0        
[2026-04-03T02:39:52.506+0600][83.962s][info][gc,reloc    ] GC(89) y: Survivor 3         2M (0%)            1M (0%)           2 / 1              0 / 0              0 / 0        
[2026-04-03T02:39:52.506+0600][83.962s][info][gc,reloc    ] GC(89) y: Survivor 4         1M (0%)            2M (0%)           2 / 1              0 / 0              0 / 0        
[2026-04-03T02:39:52.506+0600][83.962s][info][gc,heap     ] GC(89) y: Min Capacity: 8M(0%)
[2026-04-03T02:39:52.506+0600][83.962s][info][gc,heap     ] GC(89) y: Max Capacity: 1750M(100%)
[2026-04-03T02:39:52.506+0600][83.962s][info][gc,heap     ] GC(89) y: Soft Max Capacity: 1750M(100%)
[2026-04-03T02:39:52.506+0600][83.962s][info][gc,heap     ] GC(89) y: Heap Statistics:
[2026-04-03T02:39:52.506+0600][83.962s][info][gc,heap     ] GC(89) y:                Mark Start          Mark End        Relocate Start      Relocate End           High               Low         
[2026-04-03T02:39:52.506+0600][83.962s][info][gc,heap     ] GC(89) y:  Capacity:     1750M (100%)       1750M (100%)       1750M (100%)       1750M (100%)       1750M (100%)       1750M (100%)   
[2026-04-03T02:39:52.506+0600][83.962s][info][gc,heap     ] GC(89) y:      Free:      638M (36%)         282M (16%)        1032M (59%)        1158M (66%)        1158M (66%)         282M (16%)    
[2026-04-03T02:39:52.506+0600][83.962s][info][gc,heap     ] GC(89) y:      Used:     1112M (64%)        1468M (84%)         718M (41%)         592M (34%)        1468M (84%)         592M (34%)    
[2026-04-03T02:39:52.506+0600][83.962s][info][gc,heap     ] GC(89) y: Young Generation Statistics:
[2026-04-03T02:39:52.506+0600][83.962s][info][gc,heap     ] GC(89) y:                Mark Start          Mark End        Relocate Start      Relocate End    
[2026-04-03T02:39:52.506+0600][83.962s][info][gc,heap     ] GC(89) y:      Used:      934M (53%)        1290M (74%)         538M (31%)         410M (23%)    
[2026-04-03T02:39:52.506+0600][83.962s][info][gc,heap     ] GC(89) y:      Live:         -                38M (2%)           36M (2%)           36M (2%)     
[2026-04-03T02:39:52.506+0600][83.962s][info][gc,heap     ] GC(89) y:   Garbage:         -               895M (51%)         145M (8%)            2M (0%)     
[2026-04-03T02:39:52.506+0600][83.962s][info][gc,heap     ] GC(89) y: Allocated:         -               356M (20%)         356M (20%)         371M (21%)    
[2026-04-03T02:39:52.506+0600][83.962s][info][gc,heap     ] GC(89) y: Reclaimed:         -                  -               750M (43%)         893M (51%)    
[2026-04-03T02:39:52.506+0600][83.962s][info][gc,heap     ] GC(89) y:  Promoted:         -                  -                 1M (0%)            1M (0%)     
[2026-04-03T02:39:52.506+0600][83.962s][info][gc,heap     ] GC(89) y: Compacted:         -                  -                  -                 6M (0%)     
[2026-04-03T02:39:52.506+0600][83.962s][info][gc,phases   ] GC(89) y: Young Generation 1112M(64%)->592M(34%) 0.063s
[2026-04-03T02:39:52.506+0600][83.962s][info][gc          ] GC(89) Minor Collection (Allocation Rate) 1112M(64%)->592M(34%) 0.063s
[2026-04-03T02:39:52.527+0600][83.983s][info][gc          ] GC(90) Minor Collection (Allocation Rate)
[2026-04-03T02:39:52.527+0600][83.983s][info][gc,task     ] GC(90) Using 1 Workers for Young Generation
[2026-04-03T02:39:52.527+0600][83.983s][info][gc,phases   ] GC(90) y: Young Generation
[2026-04-03T02:39:52.528+0600][83.983s][info][gc,phases   ] GC(90) y: Pause Mark Start 0.019ms
[2026-04-03T02:39:52.566+0600][84.021s][info][gc,phases   ] GC(90) y: Concurrent Mark 37.969ms
[2026-04-03T02:39:52.566+0600][84.022s][info][gc,phases   ] GC(90) y: Pause Mark End 0.030ms
[2026-04-03T02:39:52.566+0600][84.022s][info][gc,phases   ] GC(90) y: Concurrent Mark Free 0.001ms
[2026-04-03T02:39:52.566+0600][84.022s][info][gc,phases   ] GC(90) y: Concurrent Reset Relocation Set 0.009ms
[2026-04-03T02:39:52.570+0600][84.026s][info][gc,reloc    ] GC(90) y: Using tenuring threshold: 5 (Computed)
[2026-04-03T02:39:52.571+0600][84.027s][info][gc,phases   ] GC(90) y: Concurrent Select Relocation Set 4.784ms
[2026-04-03T02:39:52.571+0600][84.027s][info][gc,phases   ] GC(90) y: Pause Relocate Start 0.015ms
[2026-04-03T02:39:52.576+0600][84.031s][info][gc,phases   ] GC(90) y: Concurrent Relocate 4.609ms
[2026-04-03T02:39:52.576+0600][84.032s][info][gc,alloc    ] GC(90) y:                         Mark Start        Mark End      Relocate Start    Relocate End   
[2026-04-03T02:39:52.576+0600][84.032s][info][gc,alloc    ] GC(90) y: Allocation Stalls:          0                0                0                0         
[2026-04-03T02:39:52.576+0600][84.032s][info][gc,load     ] GC(90) y: Load: 6.15 (51%) / 5.55 (46%) / 5.68 (47%)
[2026-04-03T02:39:52.576+0600][84.032s][info][gc,mmu      ] GC(90) y: MMU: 2ms/93.5%, 5ms/97.4%, 10ms/98.4%, 20ms/99.2%, 50ms/99.7%, 100ms/99.8%
[2026-04-03T02:39:52.576+0600][84.032s][info][gc,marking  ] GC(90) y: Mark: 1 stripe(s), 2 proactive flush(es), 1 terminate flush(es), 0 completion(s), 0 continuation(s) 
[2026-04-03T02:39:52.576+0600][84.032s][info][gc,marking  ] GC(90) y: Mark Stack Usage: 32M
[2026-04-03T02:39:52.576+0600][84.032s][info][gc,nmethod  ] GC(90) y: NMethods: 13603 registered, 4395 unregistered
[2026-04-03T02:39:52.576+0600][84.032s][info][gc,metaspace] GC(90) y: Metaspace: 128M used, 130M committed, 1152M reserved
[2026-04-03T02:39:52.576+0600][84.032s][info][gc,reloc    ] GC(90) y:                        Candidates     Selected     In-Place         Size        Empty    Relocated 
[2026-04-03T02:39:52.576+0600][84.032s][info][gc,reloc    ] GC(90) y: Small Pages:                   51           32            0         102M          22M           3M 
[2026-04-03T02:39:52.576+0600][84.032s][info][gc,reloc    ] GC(90) y: Medium Pages:                   1            0            0          32M          32M           0M 
[2026-04-03T02:39:52.576+0600][84.032s][info][gc,reloc    ] GC(90) y: Large Pages:                   54            0            0         324M         324M           0M 
[2026-04-03T02:39:52.576+0600][84.032s][info][gc,reloc    ] GC(90) y: Forwarding Usage: 0M
[2026-04-03T02:39:52.576+0600][84.032s][info][gc,reloc    ] GC(90) y: Age Table:
[2026-04-03T02:39:52.576+0600][84.032s][info][gc,reloc    ] GC(90) y:                    Live             Garbage             Small              Medium             Large        
[2026-04-03T02:39:52.576+0600][84.032s][info][gc,reloc    ] GC(90) y: Eden               2M (0%)          403M (23%)         37 / 26             1 / 0             50 / 0        
[2026-04-03T02:39:52.576+0600][84.032s][info][gc,reloc    ] GC(90) y: Survivor 1         1M (0%)           30M (2%)           4 / 2              0 / 0              4 / 0        
[2026-04-03T02:39:52.576+0600][84.032s][info][gc,reloc    ] GC(90) y: Survivor 2         3M (0%)            8M (0%)           6 / 4              0 / 0              0 / 0        
[2026-04-03T02:39:52.576+0600][84.032s][info][gc,reloc    ] GC(90) y: Survivor 3         2M (0%)            1M (0%)           2 / 0              0 / 0              0 / 0        
[2026-04-03T02:39:52.576+0600][84.032s][info][gc,reloc    ] GC(90) y: Survivor 4         2M (0%)            1M (0%)           2 / 0              0 / 0              0 / 0        
[2026-04-03T02:39:52.576+0600][84.032s][info][gc,heap     ] GC(90) y: Min Capacity: 8M(0%)
[2026-04-03T02:39:52.576+0600][84.032s][info][gc,heap     ] GC(90) y: Max Capacity: 1750M(100%)
[2026-04-03T02:39:52.576+0600][84.032s][info][gc,heap     ] GC(90) y: Soft Max Capacity: 1750M(100%)
[2026-04-03T02:39:52.576+0600][84.032s][info][gc,heap     ] GC(90) y: Heap Statistics:
[2026-04-03T02:39:52.576+0600][84.032s][info][gc,heap     ] GC(90) y:                Mark Start          Mark End        Relocate Start      Relocate End           High               Low         
[2026-04-03T02:39:52.576+0600][84.032s][info][gc,heap     ] GC(90) y:  Capacity:     1750M (100%)       1750M (100%)       1750M (100%)       1750M (100%)       1750M (100%)       1750M (100%)   
[2026-04-03T02:39:52.576+0600][84.032s][info][gc,heap     ] GC(90) y:      Free:     1110M (63%)        1042M (60%)        1414M (81%)        1466M (84%)        1466M (84%)         958M (55%)    
[2026-04-03T02:39:52.576+0600][84.032s][info][gc,heap     ] GC(90) y:      Used:      640M (37%)         708M (40%)         336M (19%)         284M (16%)         792M (45%)         284M (16%)    
[2026-04-03T02:39:52.576+0600][84.032s][info][gc,heap     ] GC(90) y: Young Generation Statistics:
[2026-04-03T02:39:52.576+0600][84.032s][info][gc,heap     ] GC(90) y:                Mark Start          Mark End        Relocate Start      Relocate End    
[2026-04-03T02:39:52.576+0600][84.032s][info][gc,heap     ] GC(90) y:      Used:      458M (26%)         526M (30%)         154M (9%)          102M (6%)     
[2026-04-03T02:39:52.576+0600][84.032s][info][gc,heap     ] GC(90) y:      Live:         -                12M (1%)           12M (1%)           12M (1%)     
[2026-04-03T02:39:52.576+0600][84.032s][info][gc,heap     ] GC(90) y:   Garbage:         -               445M (25%)          67M (4%)            2M (0%)     
[2026-04-03T02:39:52.576+0600][84.032s][info][gc,heap     ] GC(90) y: Allocated:         -                68M (4%)           74M (4%)           86M (5%)     
[2026-04-03T02:39:52.576+0600][84.032s][info][gc,heap     ] GC(90) y: Reclaimed:         -                  -               378M (22%)         442M (25%)    
[2026-04-03T02:39:52.576+0600][84.032s][info][gc,heap     ] GC(90) y:  Promoted:         -                  -                 0M (0%)            0M (0%)     
[2026-04-03T02:39:52.576+0600][84.032s][info][gc,heap     ] GC(90) y: Compacted:         -                  -                  -                 5M (0%)     
[2026-04-03T02:39:52.576+0600][84.032s][info][gc,phases   ] GC(90) y: Young Generation 640M(37%)->284M(16%) 0.049s
[2026-04-03T02:39:52.576+0600][84.032s][info][gc          ] GC(90) Minor Collection (Allocation Rate) 640M(37%)->284M(16%) 0.049s
[2026-04-03T02:39:52.848+0600][84.303s][info][gc          ] GC(91) Minor Collection (Allocation Rate)
[2026-04-03T02:39:52.848+0600][84.303s][info][gc,task     ] GC(91) Using 1 Workers for Young Generation
[2026-04-03T02:39:52.848+0600][84.303s][info][gc,phases   ] GC(91) y: Young Generation
[2026-04-03T02:39:52.848+0600][84.303s][info][gc,phases   ] GC(91) y: Pause Mark Start 0.016ms
[2026-04-03T02:39:52.882+0600][84.338s][info][gc,phases   ] GC(91) y: Concurrent Mark 34.069ms
[2026-04-03T02:39:52.882+0600][84.338s][info][gc,phases   ] GC(91) y: Pause Mark End 0.029ms
[2026-04-03T02:39:52.882+0600][84.338s][info][gc,phases   ] GC(91) y: Concurrent Mark Free 0.001ms
[2026-04-03T02:39:52.883+0600][84.338s][info][gc,phases   ] GC(91) y: Concurrent Reset Relocation Set 0.004ms
[2026-04-03T02:39:52.887+0600][84.342s][info][gc,reloc    ] GC(91) y: Using tenuring threshold: 5 (Computed)
[2026-04-03T02:39:52.888+0600][84.344s][info][gc,phases   ] GC(91) y: Concurrent Select Relocation Set 5.780ms
[2026-04-03T02:39:52.889+0600][84.344s][info][gc,phases   ] GC(91) y: Pause Relocate Start 0.014ms
[2026-04-03T02:39:52.896+0600][84.352s][info][gc,phases   ] GC(91) y: Concurrent Relocate 7.709ms
[2026-04-03T02:39:52.896+0600][84.352s][info][gc,alloc    ] GC(91) y:                         Mark Start        Mark End      Relocate Start    Relocate End   
[2026-04-03T02:39:52.896+0600][84.352s][info][gc,alloc    ] GC(91) y: Allocation Stalls:          0                0                0                0         
[2026-04-03T02:39:52.896+0600][84.352s][info][gc,load     ] GC(91) y: Load: 6.15 (51%) / 5.55 (46%) / 5.68 (47%)
[2026-04-03T02:39:52.896+0600][84.352s][info][gc,mmu      ] GC(91) y: MMU: 2ms/93.5%, 5ms/97.4%, 10ms/98.4%, 20ms/99.2%, 50ms/99.7%, 100ms/99.8%
[2026-04-03T02:39:52.896+0600][84.352s][info][gc,marking  ] GC(91) y: Mark: 1 stripe(s), 2 proactive flush(es), 1 terminate flush(es), 0 completion(s), 0 continuation(s) 
[2026-04-03T02:39:52.897+0600][84.352s][info][gc,marking  ] GC(91) y: Mark Stack Usage: 32M
[2026-04-03T02:39:52.897+0600][84.352s][info][gc,nmethod  ] GC(91) y: NMethods: 13626 registered, 4395 unregistered
[2026-04-03T02:39:52.897+0600][84.352s][info][gc,metaspace] GC(91) y: Metaspace: 128M used, 130M committed, 1152M reserved
[2026-04-03T02:39:52.897+0600][84.352s][info][gc,reloc    ] GC(91) y:                        Candidates     Selected     In-Place         Size        Empty    Relocated 
[2026-04-03T02:39:52.897+0600][84.352s][info][gc,reloc    ] GC(91) y: Small Pages:                   97           86            0         194M           8M           4M 
[2026-04-03T02:39:52.897+0600][84.352s][info][gc,reloc    ] GC(91) y: Medium Pages:                   1            0            0          32M          32M           0M 
[2026-04-03T02:39:52.897+0600][84.352s][info][gc,reloc    ] GC(91) y: Large Pages:                    5            0            0          30M          30M           0M 
[2026-04-03T02:39:52.897+0600][84.352s][info][gc,reloc    ] GC(91) y: Forwarding Usage: 1M
[2026-04-03T02:39:52.897+0600][84.352s][info][gc,reloc    ] GC(91) y: Age Table:
[2026-04-03T02:39:52.897+0600][84.352s][info][gc,reloc    ] GC(91) y:                    Live             Garbage             Small              Medium             Large        
[2026-04-03T02:39:52.897+0600][84.352s][info][gc,reloc    ] GC(91) y: Eden               1M (0%)          228M (13%)         84 / 80             1 / 0              5 / 0        
[2026-04-03T02:39:52.897+0600][84.352s][info][gc,reloc    ] GC(91) y: Survivor 1         0M (0%)            5M (0%)           3 / 3              0 / 0              0 / 0        
[2026-04-03T02:39:52.897+0600][84.352s][info][gc,reloc    ] GC(91) y: Survivor 2         1M (0%)            2M (0%)           2 / 1              0 / 0              0 / 0        
[2026-04-03T02:39:52.897+0600][84.352s][info][gc,reloc    ] GC(91) y: Survivor 3         3M (0%)            4M (0%)           4 / 1              0 / 0              0 / 0        
[2026-04-03T02:39:52.897+0600][84.352s][info][gc,reloc    ] GC(91) y: Survivor 4         2M (0%)            1M (0%)           2 / 0              0 / 0              0 / 0        
[2026-04-03T02:39:52.897+0600][84.352s][info][gc,reloc    ] GC(91) y: Survivor 5         2M (0%)            1M (0%)           2 / 1              0 / 0              0 / 0        
[2026-04-03T02:39:52.897+0600][84.352s][info][gc,heap     ] GC(91) y: Min Capacity: 8M(0%)
[2026-04-03T02:39:52.897+0600][84.352s][info][gc,heap     ] GC(91) y: Max Capacity: 1750M(100%)
[2026-04-03T02:39:52.897+0600][84.352s][info][gc,heap     ] GC(91) y: Soft Max Capacity: 1750M(100%)
[2026-04-03T02:39:52.897+0600][84.352s][info][gc,heap     ] GC(91) y: Heap Statistics:
[2026-04-03T02:39:52.897+0600][84.352s][info][gc,heap     ] GC(91) y:                Mark Start          Mark End        Relocate Start      Relocate End           High               Low         
[2026-04-03T02:39:52.897+0600][84.352s][info][gc,heap     ] GC(91) y:  Capacity:     1750M (100%)       1750M (100%)       1750M (100%)       1750M (100%)       1750M (100%)       1750M (100%)   
[2026-04-03T02:39:52.897+0600][84.352s][info][gc,heap     ] GC(91) y:      Free:     1312M (75%)        1290M (74%)        1356M (77%)        1518M (87%)        1518M (87%)        1288M (74%)    
[2026-04-03T02:39:52.897+0600][84.352s][info][gc,heap     ] GC(91) y:      Used:      438M (25%)         460M (26%)         394M (23%)         232M (13%)         462M (26%)         232M (13%)    
[2026-04-03T02:39:52.897+0600][84.352s][info][gc,heap     ] GC(91) y: Young Generation Statistics:
[2026-04-03T02:39:52.897+0600][84.352s][info][gc,heap     ] GC(91) y:                Mark Start          Mark End        Relocate Start      Relocate End    
[2026-04-03T02:39:52.897+0600][84.352s][info][gc,heap     ] GC(91) y:      Used:      256M (15%)         278M (16%)         210M (12%)          46M (3%)     
[2026-04-03T02:39:52.897+0600][84.352s][info][gc,heap     ] GC(91) y:      Live:         -                12M (1%)           10M (1%)           10M (1%)     
[2026-04-03T02:39:52.897+0600][84.352s][info][gc,heap     ] GC(91) y:   Garbage:         -               243M (14%)         173M (10%)           0M (0%)     
[2026-04-03T02:39:52.897+0600][84.352s][info][gc,heap     ] GC(91) y: Allocated:         -                22M (1%)           26M (1%)           35M (2%)     
[2026-04-03T02:39:52.897+0600][84.352s][info][gc,heap     ] GC(91) y: Reclaimed:         -                  -                70M (4%)          243M (14%)    
[2026-04-03T02:39:52.897+0600][84.352s][info][gc,heap     ] GC(91) y:  Promoted:         -                  -                 1M (0%)            2M (0%)     
[2026-04-03T02:39:52.897+0600][84.352s][info][gc,heap     ] GC(91) y: Compacted:         -                  -                  -                 8M (0%)     
[2026-04-03T02:39:52.897+0600][84.352s][info][gc,phases   ] GC(91) y: Young Generation 438M(25%)->232M(13%) 0.049s
[2026-04-03T02:39:52.897+0600][84.352s][info][gc          ] GC(91) Minor Collection (Allocation Rate) 438M(25%)->232M(13%) 0.049s
[2026-04-03T02:39:53.904+0600][85.359s][info][gc          ] GC(92) Minor Collection (Allocation Rate)
[2026-04-03T02:39:53.904+0600][85.359s][info][gc,task     ] GC(92) Using 1 Workers for Young Generation
[2026-04-03T02:39:53.904+0600][85.359s][info][gc,phases   ] GC(92) y: Young Generation
[2026-04-03T02:39:53.904+0600][85.360s][info][gc,phases   ] GC(92) y: Pause Mark Start 0.020ms
[2026-04-03T02:39:53.967+0600][85.423s][info][gc,phases   ] GC(92) y: Concurrent Mark 62.755ms
[2026-04-03T02:39:53.967+0600][85.423s][info][gc,phases   ] GC(92) y: Pause Mark End 0.087ms
[2026-04-03T02:39:53.968+0600][85.423s][info][gc,phases   ] GC(92) y: Concurrent Mark Free 0.003ms
[2026-04-03T02:39:53.968+0600][85.423s][info][gc,phases   ] GC(92) y: Concurrent Reset Relocation Set 0.040ms
[2026-04-03T02:39:53.972+0600][85.427s][info][gc,reloc    ] GC(92) y: Using tenuring threshold: 2 (Computed)
[2026-04-03T02:39:53.976+0600][85.432s][info][gc,phases   ] GC(92) y: Concurrent Select Relocation Set 8.646ms
[2026-04-03T02:39:53.977+0600][85.432s][info][gc,phases   ] GC(92) y: Pause Relocate Start 0.022ms
[2026-04-03T02:39:53.990+0600][85.445s][info][gc,phases   ] GC(92) y: Concurrent Relocate 13.075ms
[2026-04-03T02:39:53.990+0600][85.445s][info][gc,alloc    ] GC(92) y:                         Mark Start        Mark End      Relocate Start    Relocate End   
[2026-04-03T02:39:53.990+0600][85.445s][info][gc,alloc    ] GC(92) y: Allocation Stalls:          0                0                0                0         
[2026-04-03T02:39:53.990+0600][85.445s][info][gc,load     ] GC(92) y: Load: 6.15 (51%) / 5.55 (46%) / 5.68 (47%)
[2026-04-03T02:39:53.990+0600][85.445s][info][gc,mmu      ] GC(92) y: MMU: 2ms/93.5%, 5ms/97.4%, 10ms/98.4%, 20ms/99.2%, 50ms/99.7%, 100ms/99.8%
[2026-04-03T02:39:53.990+0600][85.445s][info][gc,marking  ] GC(92) y: Mark: 1 stripe(s), 2 proactive flush(es), 1 terminate flush(es), 0 completion(s), 0 continuation(s) 
[2026-04-03T02:39:53.990+0600][85.445s][info][gc,marking  ] GC(92) y: Mark Stack Usage: 32M
[2026-04-03T02:39:53.990+0600][85.445s][info][gc,nmethod  ] GC(92) y: NMethods: 13649 registered, 4395 unregistered
[2026-04-03T02:39:53.990+0600][85.446s][info][gc,metaspace] GC(92) y: Metaspace: 128M used, 130M committed, 1152M reserved
[2026-04-03T02:39:53.990+0600][85.446s][info][gc,reloc    ] GC(92) y:                        Candidates     Selected     In-Place         Size        Empty    Relocated 
[2026-04-03T02:39:53.990+0600][85.446s][info][gc,reloc    ] GC(92) y: Small Pages:                  333          187            0         666M         276M           4M 
[2026-04-03T02:39:53.990+0600][85.446s][info][gc,reloc    ] GC(92) y: Medium Pages:                   5            0            0         160M         160M           0M 
[2026-04-03T02:39:53.990+0600][85.446s][info][gc,reloc    ] GC(92) y: Large Pages:                   16            0            0          96M          96M           0M 
[2026-04-03T02:39:53.990+0600][85.446s][info][gc,reloc    ] GC(92) y: Forwarding Usage: 1M
[2026-04-03T02:39:53.990+0600][85.446s][info][gc,reloc    ] GC(92) y: Age Table:
[2026-04-03T02:39:53.990+0600][85.446s][info][gc,reloc    ] GC(92) y:                    Live             Garbage             Small              Medium             Large        
[2026-04-03T02:39:53.990+0600][85.446s][info][gc,reloc    ] GC(92) y: Eden               3M (0%)          900M (51%)        324 / 183            5 / 0             16 / 0        
[2026-04-03T02:39:53.990+0600][85.446s][info][gc,reloc    ] GC(92) y: Survivor 1         1M (0%)            0M (0%)           1 / 1              0 / 0              0 / 0        
[2026-04-03T02:39:53.990+0600][85.446s][info][gc,reloc    ] GC(92) y: Survivor 2         0M (0%)            1M (0%)           1 / 1              0 / 0              0 / 0        
[2026-04-03T02:39:53.990+0600][85.446s][info][gc,reloc    ] GC(92) y: Survivor 3         1M (0%)            2M (0%)           2 / 1              0 / 0              0 / 0        
[2026-04-03T02:39:53.990+0600][85.446s][info][gc,reloc    ] GC(92) y: Survivor 4         3M (0%)            2M (0%)           3 / 1              0 / 0              0 / 0        
[2026-04-03T02:39:53.990+0600][85.446s][info][gc,reloc    ] GC(92) y: Survivor 5         2M (0%)            1M (0%)           2 / 0              0 / 0              0 / 0        
[2026-04-03T02:39:53.990+0600][85.446s][info][gc,heap     ] GC(92) y: Min Capacity: 8M(0%)
[2026-04-03T02:39:53.990+0600][85.446s][info][gc,heap     ] GC(92) y: Max Capacity: 1750M(100%)
[2026-04-03T02:39:53.990+0600][85.446s][info][gc,heap     ] GC(92) y: Soft Max Capacity: 1750M(100%)
[2026-04-03T02:39:53.990+0600][85.446s][info][gc,heap     ] GC(92) y: Heap Statistics:
[2026-04-03T02:39:53.990+0600][85.446s][info][gc,heap     ] GC(92) y:                Mark Start          Mark End        Relocate Start      Relocate End           High               Low         
[2026-04-03T02:39:53.990+0600][85.446s][info][gc,heap     ] GC(92) y:  Capacity:     1750M (100%)       1750M (100%)       1750M (100%)       1750M (100%)       1750M (100%)       1750M (100%)   
[2026-04-03T02:39:53.990+0600][85.446s][info][gc,heap     ] GC(92) y:      Free:      642M (37%)         564M (32%)        1094M (63%)        1454M (83%)        1458M (83%)         528M (30%)    
[2026-04-03T02:39:53.990+0600][85.446s][info][gc,heap     ] GC(92) y:      Used:     1108M (63%)        1186M (68%)         656M (37%)         296M (17%)        1222M (70%)         292M (17%)    
[2026-04-03T02:39:53.990+0600][85.446s][info][gc,heap     ] GC(92) y: Young Generation Statistics:
[2026-04-03T02:39:53.990+0600][85.446s][info][gc,heap     ] GC(92) y:                Mark Start          Mark End        Relocate Start      Relocate End    
[2026-04-03T02:39:53.990+0600][85.446s][info][gc,heap     ] GC(92) y:      Used:      922M (53%)        1000M (57%)         462M (26%)          98M (6%)     
[2026-04-03T02:39:53.990+0600][85.446s][info][gc,heap     ] GC(92) y:      Live:         -                13M (1%)            6M (0%)            4M (0%)     
[2026-04-03T02:39:53.990+0600][85.446s][info][gc,heap     ] GC(92) y:   Garbage:         -               908M (52%)         375M (21%)           0M (0%)     
[2026-04-03T02:39:53.990+0600][85.446s][info][gc,heap     ] GC(92) y: Allocated:         -                78M (4%)           80M (5%)           93M (5%)     
[2026-04-03T02:39:53.990+0600][85.446s][info][gc,heap     ] GC(92) y: Reclaimed:         -                  -               532M (30%)         908M (52%)    
[2026-04-03T02:39:53.990+0600][85.446s][info][gc,heap     ] GC(92) y:  Promoted:         -                  -                 7M (0%)            8M (0%)     
[2026-04-03T02:39:53.990+0600][85.446s][info][gc,heap     ] GC(92) y: Compacted:         -                  -                  -                 4M (0%)     
[2026-04-03T02:39:53.990+0600][85.446s][info][gc,phases   ] GC(92) y: Young Generation 1108M(63%)->296M(17%) 0.086s
[2026-04-03T02:39:53.990+0600][85.446s][info][gc          ] GC(92) Minor Collection (Allocation Rate) 1108M(63%)->296M(17%) 0.087s
[2026-04-03T02:39:54.383+0600][85.838s][info][gc          ] GC(93) Minor Collection (Allocation Rate)
[2026-04-03T02:39:54.383+0600][85.838s][info][gc,task     ] GC(93) Using 1 Workers for Young Generation
[2026-04-03T02:39:54.383+0600][85.839s][info][gc,phases   ] GC(93) y: Young Generation
[2026-04-03T02:39:54.383+0600][85.839s][info][gc,phases   ] GC(93) y: Pause Mark Start 0.022ms
[2026-04-03T02:39:54.413+0600][85.869s][info][gc,phases   ] GC(93) y: Concurrent Mark 29.941ms
[2026-04-03T02:39:54.414+0600][85.869s][info][gc,phases   ] GC(93) y: Pause Mark End 0.022ms
[2026-04-03T02:39:54.414+0600][85.869s][info][gc,phases   ] GC(93) y: Concurrent Mark Free 0.001ms
[2026-04-03T02:39:54.414+0600][85.869s][info][gc,phases   ] GC(93) y: Concurrent Reset Relocation Set 0.030ms
[2026-04-03T02:39:54.418+0600][85.874s][info][gc,reloc    ] GC(93) y: Using tenuring threshold: 3 (Computed)
[2026-04-03T02:39:54.419+0600][85.874s][info][gc,phases   ] GC(93) y: Concurrent Select Relocation Set 5.228ms
[2026-04-03T02:39:54.419+0600][85.875s][info][gc,phases   ] GC(93) y: Pause Relocate Start 0.017ms
[2026-04-03T02:39:54.423+0600][85.878s][info][gc,phases   ] GC(93) y: Concurrent Relocate 3.378ms
[2026-04-03T02:39:54.423+0600][85.878s][info][gc,alloc    ] GC(93) y:                         Mark Start        Mark End      Relocate Start    Relocate End   
[2026-04-03T02:39:54.423+0600][85.878s][info][gc,alloc    ] GC(93) y: Allocation Stalls:          0                0                0                0         
[2026-04-03T02:39:54.423+0600][85.878s][info][gc,load     ] GC(93) y: Load: 6.15 (51%) / 5.55 (46%) / 5.68 (47%)
[2026-04-03T02:39:54.423+0600][85.878s][info][gc,mmu      ] GC(93) y: MMU: 2ms/93.5%, 5ms/97.4%, 10ms/98.4%, 20ms/99.2%, 50ms/99.7%, 100ms/99.8%
[2026-04-03T02:39:54.423+0600][85.878s][info][gc,marking  ] GC(93) y: Mark: 1 stripe(s), 2 proactive flush(es), 1 terminate flush(es), 0 completion(s), 0 continuation(s) 
[2026-04-03T02:39:54.423+0600][85.878s][info][gc,marking  ] GC(93) y: Mark Stack Usage: 32M
[2026-04-03T02:39:54.423+0600][85.878s][info][gc,nmethod  ] GC(93) y: NMethods: 13670 registered, 4395 unregistered
[2026-04-03T02:39:54.423+0600][85.878s][info][gc,metaspace] GC(93) y: Metaspace: 128M used, 130M committed, 1152M reserved
[2026-04-03T02:39:54.423+0600][85.878s][info][gc,reloc    ] GC(93) y:                        Candidates     Selected     In-Place         Size        Empty    Relocated 
[2026-04-03T02:39:54.423+0600][85.878s][info][gc,reloc    ] GC(93) y: Small Pages:                  137          112            0         274M          44M           2M 
[2026-04-03T02:39:54.423+0600][85.878s][info][gc,reloc    ] GC(93) y: Medium Pages:                   2            0            0          64M          64M           0M 
[2026-04-03T02:39:54.423+0600][85.878s][info][gc,reloc    ] GC(93) y: Large Pages:                    8            0            0          48M          48M           0M 
[2026-04-03T02:39:54.423+0600][85.878s][info][gc,reloc    ] GC(93) y: Forwarding Usage: 0M
[2026-04-03T02:39:54.423+0600][85.878s][info][gc,reloc    ] GC(93) y: Age Table:
[2026-04-03T02:39:54.423+0600][85.878s][info][gc,reloc    ] GC(93) y:                    Live             Garbage             Small              Medium             Large        
[2026-04-03T02:39:54.423+0600][85.878s][info][gc,reloc    ] GC(93) y: Eden               1M (0%)          372M (21%)        131 / 108            2 / 0              8 / 0        
[2026-04-03T02:39:54.423+0600][85.878s][info][gc,reloc    ] GC(93) y: Survivor 1         1M (0%)            2M (0%)           2 / 0              0 / 0              0 / 0        
[2026-04-03T02:39:54.423+0600][85.878s][info][gc,reloc    ] GC(93) y: Survivor 2         0M (0%)            7M (0%)           4 / 4              0 / 0              0 / 0        
[2026-04-03T02:39:54.423+0600][85.878s][info][gc,heap     ] GC(93) y: Min Capacity: 8M(0%)
[2026-04-03T02:39:54.423+0600][85.878s][info][gc,heap     ] GC(93) y: Max Capacity: 1750M(100%)
[2026-04-03T02:39:54.423+0600][85.878s][info][gc,heap     ] GC(93) y: Soft Max Capacity: 1750M(100%)
[2026-04-03T02:39:54.423+0600][85.878s][info][gc,heap     ] GC(93) y: Heap Statistics:
[2026-04-03T02:39:54.423+0600][85.878s][info][gc,heap     ] GC(93) y:                Mark Start          Mark End        Relocate Start      Relocate End           High               Low         
[2026-04-03T02:39:54.423+0600][85.879s][info][gc,heap     ] GC(93) y:  Capacity:     1750M (100%)       1750M (100%)       1750M (100%)       1750M (100%)       1750M (100%)       1750M (100%)   
[2026-04-03T02:39:54.423+0600][85.879s][info][gc,heap     ] GC(93) y:      Free:     1166M (67%)        1152M (66%)        1304M (75%)        1526M (87%)        1526M (87%)        1150M (66%)    
[2026-04-03T02:39:54.423+0600][85.879s][info][gc,heap     ] GC(93) y:      Used:      584M (33%)         598M (34%)         446M (25%)         224M (13%)         600M (34%)         224M (13%)    
[2026-04-03T02:39:54.423+0600][85.879s][info][gc,heap     ] GC(93) y: Young Generation Statistics:
[2026-04-03T02:39:54.423+0600][85.879s][info][gc,heap     ] GC(93) y:                Mark Start          Mark End        Relocate Start      Relocate End    
[2026-04-03T02:39:54.423+0600][85.879s][info][gc,heap     ] GC(93) y:      Used:      386M (22%)         400M (23%)         248M (14%)          26M (1%)     
[2026-04-03T02:39:54.423+0600][85.879s][info][gc,heap     ] GC(93) y:      Live:         -                 4M (0%)            4M (0%)            4M (0%)     
[2026-04-03T02:39:54.423+0600][85.879s][info][gc,heap     ] GC(93) y:   Garbage:         -               381M (22%)         225M (13%)           0M (0%)     
[2026-04-03T02:39:54.423+0600][85.879s][info][gc,heap     ] GC(93) y: Allocated:         -                14M (1%)           18M (1%)           21M (1%)     
[2026-04-03T02:39:54.423+0600][85.879s][info][gc,heap     ] GC(93) y: Reclaimed:         -                  -               156M (9%)          381M (22%)    
[2026-04-03T02:39:54.423+0600][85.879s][info][gc,heap     ] GC(93) y:  Promoted:         -                  -                 0M (0%)            0M (0%)     
[2026-04-03T02:39:54.423+0600][85.879s][info][gc,heap     ] GC(93) y: Compacted:         -                  -                  -                 2M (0%)     
[2026-04-03T02:39:54.423+0600][85.879s][info][gc,phases   ] GC(93) y: Young Generation 582M(33%)->224M(13%) 0.040s
[2026-04-03T02:39:54.423+0600][85.879s][info][gc          ] GC(93) Minor Collection (Allocation Rate) 582M(33%)->224M(13%) 0.040s
[2026-04-03T02:39:55.921+0600][87.376s][info][gc          ] GC(94) Minor Collection (Allocation Rate)
[2026-04-03T02:39:55.921+0600][87.376s][info][gc,task     ] GC(94) Using 1 Workers for Young Generation
[2026-04-03T02:39:55.921+0600][87.376s][info][gc,phases   ] GC(94) y: Young Generation
[2026-04-03T02:39:55.921+0600][87.377s][info][gc,phases   ] GC(94) y: Pause Mark Start 0.026ms
[2026-04-03T02:39:55.965+0600][87.420s][info][gc,phases   ] GC(94) y: Concurrent Mark 43.234ms
[2026-04-03T02:39:55.965+0600][87.420s][info][gc,phases   ] GC(94) y: Pause Mark End 0.019ms
[2026-04-03T02:39:55.965+0600][87.420s][info][gc,phases   ] GC(94) y: Concurrent Mark Free 0.002ms
[2026-04-03T02:39:55.965+0600][87.420s][info][gc,phases   ] GC(94) y: Concurrent Reset Relocation Set 0.008ms
[2026-04-03T02:39:55.967+0600][87.422s][info][gc,reloc    ] GC(94) y: Using tenuring threshold: 4 (Computed)
[2026-04-03T02:39:55.967+0600][87.423s][info][gc,phases   ] GC(94) y: Concurrent Select Relocation Set 2.345ms
[2026-04-03T02:39:55.967+0600][87.423s][info][gc,phases   ] GC(94) y: Pause Relocate Start 0.026ms
[2026-04-03T02:39:55.975+0600][87.430s][info][gc,phases   ] GC(94) y: Concurrent Relocate 7.123ms
[2026-04-03T02:39:55.975+0600][87.430s][info][gc,alloc    ] GC(94) y:                         Mark Start        Mark End      Relocate Start    Relocate End   
[2026-04-03T02:39:55.975+0600][87.430s][info][gc,alloc    ] GC(94) y: Allocation Stalls:          0                0                0                0         
[2026-04-03T02:39:55.975+0600][87.430s][info][gc,load     ] GC(94) y: Load: 6.30 (52%) / 5.59 (47%) / 5.69 (47%)
[2026-04-03T02:39:55.975+0600][87.430s][info][gc,mmu      ] GC(94) y: MMU: 2ms/93.5%, 5ms/97.4%, 10ms/98.4%, 20ms/99.2%, 50ms/99.7%, 100ms/99.8%
[2026-04-03T02:39:55.975+0600][87.430s][info][gc,marking  ] GC(94) y: Mark: 1 stripe(s), 2 proactive flush(es), 1 terminate flush(es), 0 completion(s), 0 continuation(s) 
[2026-04-03T02:39:55.975+0600][87.430s][info][gc,marking  ] GC(94) y: Mark Stack Usage: 32M
[2026-04-03T02:39:55.975+0600][87.430s][info][gc,nmethod  ] GC(94) y: NMethods: 13725 registered, 4395 unregistered
[2026-04-03T02:39:55.975+0600][87.430s][info][gc,metaspace] GC(94) y: Metaspace: 128M used, 130M committed, 1152M reserved
[2026-04-03T02:39:55.975+0600][87.430s][info][gc,reloc    ] GC(94) y:                        Candidates     Selected     In-Place         Size        Empty    Relocated 
[2026-04-03T02:39:55.975+0600][87.430s][info][gc,reloc    ] GC(94) y: Small Pages:                  465          265            0         930M         388M           5M 
[2026-04-03T02:39:55.975+0600][87.430s][info][gc,reloc    ] GC(94) y: Medium Pages:                   6            0            0         192M         192M           0M 
[2026-04-03T02:39:55.975+0600][87.430s][info][gc,reloc    ] GC(94) y: Large Pages:                   21            0            0         126M         126M           0M 
[2026-04-03T02:39:55.975+0600][87.430s][info][gc,reloc    ] GC(94) y: Forwarding Usage: 1M
[2026-04-03T02:39:55.975+0600][87.430s][info][gc,reloc    ] GC(94) y: Age Table:
[2026-04-03T02:39:55.975+0600][87.430s][info][gc,reloc    ] GC(94) y:                    Live             Garbage             Small              Medium             Large        
[2026-04-03T02:39:55.975+0600][87.430s][info][gc,reloc    ] GC(94) y: Eden               5M (0%)         1234M (71%)        461 / 264            6 / 0             21 / 0        
[2026-04-03T02:39:55.975+0600][87.430s][info][gc,reloc    ] GC(94) y: Survivor 1         1M (0%)            0M (0%)           1 / 0              0 / 0              0 / 0        
[2026-04-03T02:39:55.975+0600][87.430s][info][gc,reloc    ] GC(94) y: Survivor 2         1M (0%)            2M (0%)           2 / 0              0 / 0              0 / 0        
[2026-04-03T02:39:55.975+0600][87.430s][info][gc,reloc    ] GC(94) y: Survivor 3         0M (0%)            1M (0%)           1 / 1              0 / 0              0 / 0        
[2026-04-03T02:39:55.975+0600][87.430s][info][gc,heap     ] GC(94) y: Min Capacity: 8M(0%)
[2026-04-03T02:39:55.975+0600][87.430s][info][gc,heap     ] GC(94) y: Max Capacity: 1750M(100%)
[2026-04-03T02:39:55.975+0600][87.430s][info][gc,heap     ] GC(94) y: Soft Max Capacity: 1750M(100%)
[2026-04-03T02:39:55.975+0600][87.430s][info][gc,heap     ] GC(94) y: Heap Statistics:
[2026-04-03T02:39:55.975+0600][87.430s][info][gc,heap     ] GC(94) y:                Mark Start          Mark End        Relocate Start      Relocate End           High               Low         
[2026-04-03T02:39:55.975+0600][87.430s][info][gc,heap     ] GC(94) y:  Capacity:     1750M (100%)       1750M (100%)       1750M (100%)       1750M (100%)       1750M (100%)       1750M (100%)   
[2026-04-03T02:39:55.975+0600][87.430s][info][gc,heap     ] GC(94) y:      Free:      304M (17%)         220M (13%)         926M (53%)        1442M (82%)        1442M (82%)         220M (13%)    
[2026-04-03T02:39:55.975+0600][87.430s][info][gc,heap     ] GC(94) y:      Used:     1446M (83%)        1530M (87%)         824M (47%)         308M (18%)        1530M (87%)         308M (18%)    
[2026-04-03T02:39:55.975+0600][87.430s][info][gc,heap     ] GC(94) y: Young Generation Statistics:
[2026-04-03T02:39:55.975+0600][87.430s][info][gc,heap     ] GC(94) y:                Mark Start          Mark End        Relocate Start      Relocate End    
[2026-04-03T02:39:55.975+0600][87.430s][info][gc,heap     ] GC(94) y:      Used:     1248M (71%)        1332M (76%)         626M (36%)         110M (6%)     
[2026-04-03T02:39:55.975+0600][87.430s][info][gc,heap     ] GC(94) y:      Live:         -                 9M (1%)            9M (1%)            9M (1%)     
[2026-04-03T02:39:55.975+0600][87.430s][info][gc,heap     ] GC(94) y:   Garbage:         -              1238M (71%)         532M (30%)           1M (0%)     
[2026-04-03T02:39:55.975+0600][87.430s][info][gc,heap     ] GC(94) y: Allocated:         -                84M (5%)           84M (5%)           99M (6%)     
[2026-04-03T02:39:55.975+0600][87.430s][info][gc,heap     ] GC(94) y: Reclaimed:         -                  -               706M (40%)        1237M (71%)    
[2026-04-03T02:39:55.975+0600][87.431s][info][gc,heap     ] GC(94) y:  Promoted:         -                  -                 0M (0%)            0M (0%)     
[2026-04-03T02:39:55.975+0600][87.431s][info][gc,heap     ] GC(94) y: Compacted:         -                  -                  -                 6M (0%)     
[2026-04-03T02:39:55.975+0600][87.431s][info][gc,phases   ] GC(94) y: Young Generation 1446M(83%)->308M(18%) 0.054s
[2026-04-03T02:39:55.975+0600][87.431s][info][gc          ] GC(94) Minor Collection (Allocation Rate) 1444M(83%)->308M(18%) 0.054s
[2026-04-03T02:39:56.456+0600][87.911s][info][gc          ] GC(95) Minor Collection (Allocation Rate)
[2026-04-03T02:39:56.456+0600][87.911s][info][gc,task     ] GC(95) Using 1 Workers for Young Generation
[2026-04-03T02:39:56.456+0600][87.911s][info][gc,phases   ] GC(95) y: Young Generation
[2026-04-03T02:39:56.456+0600][87.912s][info][gc,phases   ] GC(95) y: Pause Mark Start 0.022ms
[2026-04-03T02:39:56.497+0600][87.953s][info][gc,task     ] Adjusting Workers for Young Generation: 1 -> 3
[2026-04-03T02:39:56.501+0600][87.956s][info][gc,phases   ] GC(95) y: Concurrent Mark 44.429ms
[2026-04-03T02:39:56.501+0600][87.956s][info][gc,phases   ] GC(95) y: Pause Mark End 0.032ms
[2026-04-03T02:39:56.501+0600][87.957s][info][gc,phases   ] GC(95) y: Concurrent Mark Free 0.001ms
[2026-04-03T02:39:56.501+0600][87.957s][info][gc,phases   ] GC(95) y: Concurrent Reset Relocation Set 0.041ms
[2026-04-03T02:39:56.507+0600][87.963s][info][gc,reloc    ] GC(95) y: Using tenuring threshold: 5 (Computed)
[2026-04-03T02:39:56.508+0600][87.963s][info][gc,phases   ] GC(95) y: Concurrent Select Relocation Set 6.266ms
[2026-04-03T02:39:56.508+0600][87.963s][info][gc,phases   ] GC(95) y: Pause Relocate Start 0.025ms
[2026-04-03T02:39:56.512+0600][87.968s][info][gc,phases   ] GC(95) y: Concurrent Relocate 4.055ms
[2026-04-03T02:39:56.512+0600][87.968s][info][gc,alloc    ] GC(95) y:                         Mark Start        Mark End      Relocate Start    Relocate End   
[2026-04-03T02:39:56.512+0600][87.968s][info][gc,alloc    ] GC(95) y: Allocation Stalls:          0                0                0                0         
[2026-04-03T02:39:56.512+0600][87.968s][info][gc,load     ] GC(95) y: Load: 6.30 (52%) / 5.59 (47%) / 5.69 (47%)
[2026-04-03T02:39:56.512+0600][87.968s][info][gc,mmu      ] GC(95) y: MMU: 2ms/93.5%, 5ms/97.4%, 10ms/98.4%, 20ms/99.2%, 50ms/99.7%, 100ms/99.8%
[2026-04-03T02:39:56.512+0600][87.968s][info][gc,marking  ] GC(95) y: Mark: 1 stripe(s), 2 proactive flush(es), 1 terminate flush(es), 0 completion(s), 0 continuation(s) 
[2026-04-03T02:39:56.512+0600][87.968s][info][gc,marking  ] GC(95) y: Mark Stack Usage: 32M
[2026-04-03T02:39:56.512+0600][87.968s][info][gc,nmethod  ] GC(95) y: NMethods: 13754 registered, 4395 unregistered
[2026-04-03T02:39:56.512+0600][87.968s][info][gc,metaspace] GC(95) y: Metaspace: 128M used, 130M committed, 1152M reserved
[2026-04-03T02:39:56.512+0600][87.968s][info][gc,reloc    ] GC(95) y:                        Candidates     Selected     In-Place         Size        Empty    Relocated 
[2026-04-03T02:39:56.512+0600][87.968s][info][gc,reloc    ] GC(95) y: Small Pages:                  299          125            0         598M         334M           6M 
[2026-04-03T02:39:56.512+0600][87.968s][info][gc,reloc    ] GC(95) y: Medium Pages:                   2            0            0          64M          64M           0M 
[2026-04-03T02:39:56.513+0600][87.968s][info][gc,reloc    ] GC(95) y: Large Pages:                   83            0            0         498M         480M           0M 
[2026-04-03T02:39:56.513+0600][87.968s][info][gc,reloc    ] GC(95) y: Forwarding Usage: 1M
[2026-04-03T02:39:56.513+0600][87.968s][info][gc,reloc    ] GC(95) y: Age Table:
[2026-04-03T02:39:56.513+0600][87.968s][info][gc,reloc    ] GC(95) y:                    Live             Garbage             Small              Medium             Large        
[2026-04-03T02:39:56.513+0600][87.968s][info][gc,reloc    ] GC(95) y: Eden              22M (1%)         1117M (64%)        289 / 119            2 / 0             83 / 0        
[2026-04-03T02:39:56.513+0600][87.968s][info][gc,reloc    ] GC(95) y: Survivor 1         3M (0%)            6M (0%)           5 / 3              0 / 0              0 / 0        
[2026-04-03T02:39:56.513+0600][87.968s][info][gc,reloc    ] GC(95) y: Survivor 2         1M (0%)            0M (0%)           1 / 1              0 / 0              0 / 0        
[2026-04-03T02:39:56.513+0600][87.968s][info][gc,reloc    ] GC(95) y: Survivor 3         1M (0%)            2M (0%)           2 / 0              0 / 0              0 / 0        
[2026-04-03T02:39:56.513+0600][87.968s][info][gc,reloc    ] GC(95) y: Survivor 4         0M (0%)            3M (0%)           2 / 2              0 / 0              0 / 0        
[2026-04-03T02:39:56.513+0600][87.968s][info][gc,heap     ] GC(95) y: Min Capacity: 8M(0%)
[2026-04-03T02:39:56.513+0600][87.968s][info][gc,heap     ] GC(95) y: Max Capacity: 1750M(100%)
[2026-04-03T02:39:56.513+0600][87.968s][info][gc,heap     ] GC(95) y: Soft Max Capacity: 1750M(100%)
[2026-04-03T02:39:56.513+0600][87.968s][info][gc,heap     ] GC(95) y: Heap Statistics:
[2026-04-03T02:39:56.513+0600][87.968s][info][gc,heap     ] GC(95) y:                Mark Start          Mark End        Relocate Start      Relocate End           High               Low         
[2026-04-03T02:39:56.513+0600][87.968s][info][gc,heap     ] GC(95) y:  Capacity:     1750M (100%)       1750M (100%)       1750M (100%)       1750M (100%)       1750M (100%)       1750M (100%)   
[2026-04-03T02:39:56.513+0600][87.968s][info][gc,heap     ] GC(95) y:      Free:      392M (22%)          60M (3%)          854M (49%)        1076M (61%)        1076M (61%)          60M (3%)     
[2026-04-03T02:39:56.513+0600][87.968s][info][gc,heap     ] GC(95) y:      Used:     1358M (78%)        1690M (97%)         896M (51%)         674M (39%)        1690M (97%)         674M (39%)    
[2026-04-03T02:39:56.513+0600][87.968s][info][gc,heap     ] GC(95) y: Young Generation Statistics:
[2026-04-03T02:39:56.513+0600][87.968s][info][gc,heap     ] GC(95) y:                Mark Start          Mark End        Relocate Start      Relocate End    
[2026-04-03T02:39:56.513+0600][87.968s][info][gc,heap     ] GC(95) y:      Used:     1160M (66%)        1492M (85%)         698M (40%)         476M (27%)    
[2026-04-03T02:39:56.513+0600][87.968s][info][gc,heap     ] GC(95) y:      Live:         -                29M (2%)           29M (2%)           29M (2%)     
[2026-04-03T02:39:56.513+0600][87.968s][info][gc,heap     ] GC(95) y:   Garbage:         -              1130M (65%)         252M (14%)           0M (0%)     
[2026-04-03T02:39:56.513+0600][87.968s][info][gc,heap     ] GC(95) y: Allocated:         -               332M (19%)         416M (24%)         445M (25%)    
[2026-04-03T02:39:56.513+0600][87.968s][info][gc,heap     ] GC(95) y: Reclaimed:         -                  -               878M (50%)        1129M (65%)    
[2026-04-03T02:39:56.513+0600][87.968s][info][gc,heap     ] GC(95) y:  Promoted:         -                  -                 0M (0%)            0M (0%)     
[2026-04-03T02:39:56.513+0600][87.968s][info][gc,heap     ] GC(95) y: Compacted:         -                  -                  -                 8M (0%)     
[2026-04-03T02:39:56.513+0600][87.968s][info][gc,phases   ] GC(95) y: Young Generation 1358M(78%)->674M(39%) 0.056s
[2026-04-03T02:39:56.513+0600][87.968s][info][gc          ] GC(95) Minor Collection (Allocation Rate) 1358M(78%)->674M(39%) 0.057s
[2026-04-03T02:39:56.623+0600][88.078s][info][gc          ] GC(96) Minor Collection (Allocation Rate)
[2026-04-03T02:39:56.623+0600][88.078s][info][gc,task     ] GC(96) Using 1 Workers for Young Generation
[2026-04-03T02:39:56.623+0600][88.078s][info][gc,phases   ] GC(96) y: Young Generation
[2026-04-03T02:39:56.623+0600][88.078s][info][gc,phases   ] GC(96) y: Pause Mark Start 0.020ms
[2026-04-03T02:39:56.670+0600][88.125s][info][gc,phases   ] GC(96) y: Concurrent Mark 46.614ms
[2026-04-03T02:39:56.670+0600][88.125s][info][gc,phases   ] GC(96) y: Pause Mark End 0.022ms
[2026-04-03T02:39:56.670+0600][88.125s][info][gc,phases   ] GC(96) y: Concurrent Mark Free 0.002ms
[2026-04-03T02:39:56.670+0600][88.125s][info][gc,phases   ] GC(96) y: Concurrent Reset Relocation Set 0.013ms
[2026-04-03T02:39:56.673+0600][88.128s][info][gc,reloc    ] GC(96) y: Using tenuring threshold: 6 (Computed)
[2026-04-03T02:39:56.673+0600][88.129s][info][gc,phases   ] GC(96) y: Concurrent Select Relocation Set 3.315ms
[2026-04-03T02:39:56.674+0600][88.129s][info][gc,phases   ] GC(96) y: Pause Relocate Start 0.022ms
[2026-04-03T02:39:56.681+0600][88.137s][info][gc,phases   ] GC(96) y: Concurrent Relocate 7.828ms
[2026-04-03T02:39:56.682+0600][88.137s][info][gc,alloc    ] GC(96) y:                         Mark Start        Mark End      Relocate Start    Relocate End   
[2026-04-03T02:39:56.682+0600][88.137s][info][gc,alloc    ] GC(96) y: Allocation Stalls:          0                0                0                0         
[2026-04-03T02:39:56.682+0600][88.137s][info][gc,load     ] GC(96) y: Load: 6.30 (52%) / 5.59 (47%) / 5.69 (47%)
[2026-04-03T02:39:56.682+0600][88.137s][info][gc,mmu      ] GC(96) y: MMU: 2ms/93.5%, 5ms/97.4%, 10ms/98.4%, 20ms/99.2%, 50ms/99.7%, 100ms/99.8%
[2026-04-03T02:39:56.682+0600][88.137s][info][gc,marking  ] GC(96) y: Mark: 1 stripe(s), 2 proactive flush(es), 1 terminate flush(es), 0 completion(s), 0 continuation(s) 
[2026-04-03T02:39:56.682+0600][88.137s][info][gc,marking  ] GC(96) y: Mark Stack Usage: 32M
[2026-04-03T02:39:56.682+0600][88.137s][info][gc,nmethod  ] GC(96) y: NMethods: 13767 registered, 4395 unregistered
[2026-04-03T02:39:56.682+0600][88.137s][info][gc,metaspace] GC(96) y: Metaspace: 128M used, 130M committed, 1152M reserved
[2026-04-03T02:39:56.682+0600][88.137s][info][gc,reloc    ] GC(96) y:                        Candidates     Selected     In-Place         Size        Empty    Relocated 
[2026-04-03T02:39:56.682+0600][88.137s][info][gc,reloc    ] GC(96) y: Small Pages:                   80           54            0         160M          36M           4M 
[2026-04-03T02:39:56.682+0600][88.137s][info][gc,reloc    ] GC(96) y: Medium Pages:                   1            0            0          32M          32M           0M 
[2026-04-03T02:39:56.682+0600][88.137s][info][gc,reloc    ] GC(96) y: Large Pages:                   65            0            0         390M         390M           0M 
[2026-04-03T02:39:56.682+0600][88.137s][info][gc,reloc    ] GC(96) y: Forwarding Usage: 1M
[2026-04-03T02:39:56.682+0600][88.137s][info][gc,reloc    ] GC(96) y: Age Table:
[2026-04-03T02:39:56.682+0600][88.137s][info][gc,reloc    ] GC(96) y:                    Live             Garbage             Small              Medium             Large        
[2026-04-03T02:39:56.682+0600][88.137s][info][gc,reloc    ] GC(96) y: Eden               2M (0%)          523M (30%)         61 / 45             1 / 0             62 / 0        
[2026-04-03T02:39:56.682+0600][88.137s][info][gc,reloc    ] GC(96) y: Survivor 1         3M (0%)           36M (2%)          11 / 5              0 / 0              3 / 0        
[2026-04-03T02:39:56.682+0600][88.137s][info][gc,reloc    ] GC(96) y: Survivor 2         3M (0%)            0M (0%)           2 / 0              0 / 0              0 / 0        
[2026-04-03T02:39:56.682+0600][88.137s][info][gc,reloc    ] GC(96) y: Survivor 3         1M (0%)            0M (0%)           1 / 0              0 / 0              0 / 0        
[2026-04-03T02:39:56.682+0600][88.137s][info][gc,reloc    ] GC(96) y: Survivor 4         1M (0%)            4M (0%)           3 / 2              0 / 0              0 / 0        
[2026-04-03T02:39:56.682+0600][88.137s][info][gc,reloc    ] GC(96) y: Survivor 5         0M (0%)            3M (0%)           2 / 2              0 / 0              0 / 0        
[2026-04-03T02:39:56.682+0600][88.137s][info][gc,heap     ] GC(96) y: Min Capacity: 8M(0%)
[2026-04-03T02:39:56.682+0600][88.137s][info][gc,heap     ] GC(96) y: Max Capacity: 1750M(100%)
[2026-04-03T02:39:56.682+0600][88.137s][info][gc,heap     ] GC(96) y: Soft Max Capacity: 1750M(100%)
[2026-04-03T02:39:56.682+0600][88.137s][info][gc,heap     ] GC(96) y: Heap Statistics:
[2026-04-03T02:39:56.682+0600][88.137s][info][gc,heap     ] GC(96) y:                Mark Start          Mark End        Relocate Start      Relocate End           High               Low         
[2026-04-03T02:39:56.682+0600][88.137s][info][gc,heap     ] GC(96) y:  Capacity:     1750M (100%)       1750M (100%)       1750M (100%)       1750M (100%)       1750M (100%)       1750M (100%)   
[2026-04-03T02:39:56.682+0600][88.137s][info][gc,heap     ] GC(96) y:      Free:      970M (55%)         902M (52%)        1360M (78%)        1448M (83%)        1448M (83%)         902M (52%)    
[2026-04-03T02:39:56.682+0600][88.137s][info][gc,heap     ] GC(96) y:      Used:      780M (45%)         848M (48%)         390M (22%)         302M (17%)         848M (48%)         302M (17%)    
[2026-04-03T02:39:56.682+0600][88.137s][info][gc,heap     ] GC(96) y: Young Generation Statistics:
[2026-04-03T02:39:56.682+0600][88.137s][info][gc,heap     ] GC(96) y:                Mark Start          Mark End        Relocate Start      Relocate End    
[2026-04-03T02:39:56.682+0600][88.137s][info][gc,heap     ] GC(96) y:      Used:      582M (33%)         650M (37%)         192M (11%)         104M (6%)     
[2026-04-03T02:39:56.682+0600][88.137s][info][gc,heap     ] GC(96) y:      Live:         -                12M (1%)           12M (1%)           12M (1%)     
[2026-04-03T02:39:56.682+0600][88.137s][info][gc,heap     ] GC(96) y:   Garbage:         -               569M (33%)         111M (6%)            2M (0%)     
[2026-04-03T02:39:56.682+0600][88.137s][info][gc,heap     ] GC(96) y: Allocated:         -                68M (4%)           68M (4%)           88M (5%)     
[2026-04-03T02:39:56.682+0600][88.137s][info][gc,heap     ] GC(96) y: Reclaimed:         -                  -               458M (26%)         566M (32%)    
[2026-04-03T02:39:56.682+0600][88.137s][info][gc,heap     ] GC(96) y:  Promoted:         -                  -                 0M (0%)            0M (0%)     
[2026-04-03T02:39:56.682+0600][88.137s][info][gc,heap     ] GC(96) y: Compacted:         -                  -                  -                 5M (0%)     
[2026-04-03T02:39:56.682+0600][88.138s][info][gc,phases   ] GC(96) y: Young Generation 780M(45%)->302M(17%) 0.059s
[2026-04-03T02:39:56.682+0600][88.138s][info][gc          ] GC(96) Minor Collection (Allocation Rate) 780M(45%)->302M(17%) 0.060s
[2026-04-03T02:39:58.041+0600][89.497s][info][gc          ] GC(97) Minor Collection (Allocation Rate)
[2026-04-03T02:39:58.041+0600][89.497s][info][gc,task     ] GC(97) Using 2 Workers for Young Generation
[2026-04-03T02:39:58.041+0600][89.497s][info][gc,phases   ] GC(97) y: Young Generation
[2026-04-03T02:39:58.042+0600][89.497s][info][gc,phases   ] GC(97) y: Pause Mark Start 0.030ms
[2026-04-03T02:39:58.078+0600][89.533s][info][gc,phases   ] GC(97) y: Concurrent Mark 35.959ms
[2026-04-03T02:39:58.078+0600][89.533s][info][gc,phases   ] GC(97) y: Pause Mark End 0.028ms
[2026-04-03T02:39:58.078+0600][89.534s][info][gc,phases   ] GC(97) y: Concurrent Mark Free 0.003ms
[2026-04-03T02:39:58.078+0600][89.534s][info][gc,phases   ] GC(97) y: Concurrent Reset Relocation Set 0.016ms
[2026-04-03T02:39:58.081+0600][89.536s][info][gc,reloc    ] GC(97) y: Using tenuring threshold: 7 (Computed)
[2026-04-03T02:39:58.081+0600][89.537s][info][gc,phases   ] GC(97) y: Concurrent Select Relocation Set 3.029ms
[2026-04-03T02:39:58.081+0600][89.537s][info][gc,phases   ] GC(97) y: Pause Relocate Start 0.016ms
[2026-04-03T02:39:58.088+0600][89.544s][info][gc,phases   ] GC(97) y: Concurrent Relocate 6.614ms
[2026-04-03T02:39:58.088+0600][89.544s][info][gc,alloc    ] GC(97) y:                         Mark Start        Mark End      Relocate Start    Relocate End   
[2026-04-03T02:39:58.088+0600][89.544s][info][gc,alloc    ] GC(97) y: Allocation Stalls:          0                0                0                0         
[2026-04-03T02:39:58.088+0600][89.544s][info][gc,load     ] GC(97) y: Load: 6.30 (52%) / 5.59 (47%) / 5.69 (47%)
[2026-04-03T02:39:58.088+0600][89.544s][info][gc,mmu      ] GC(97) y: MMU: 2ms/93.5%, 5ms/97.4%, 10ms/98.4%, 20ms/99.2%, 50ms/99.7%, 100ms/99.8%
[2026-04-03T02:39:58.088+0600][89.544s][info][gc,marking  ] GC(97) y: Mark: 2 stripe(s), 2 proactive flush(es), 1 terminate flush(es), 0 completion(s), 0 continuation(s) 
[2026-04-03T02:39:58.088+0600][89.544s][info][gc,marking  ] GC(97) y: Mark Stack Usage: 32M
[2026-04-03T02:39:58.088+0600][89.544s][info][gc,nmethod  ] GC(97) y: NMethods: 13805 registered, 4395 unregistered
[2026-04-03T02:39:58.088+0600][89.544s][info][gc,metaspace] GC(97) y: Metaspace: 128M used, 130M committed, 1152M reserved
[2026-04-03T02:39:58.088+0600][89.544s][info][gc,reloc    ] GC(97) y:                        Candidates     Selected     In-Place         Size        Empty    Relocated 
[2026-04-03T02:39:58.088+0600][89.544s][info][gc,reloc    ] GC(97) y: Small Pages:                  432          247            0         864M         352M           5M 
[2026-04-03T02:39:58.088+0600][89.544s][info][gc,reloc    ] GC(97) y: Medium Pages:                   6            0            0         192M         160M           0M 
[2026-04-03T02:39:58.088+0600][89.544s][info][gc,reloc    ] GC(97) y: Large Pages:                   21            0            0         126M         126M           0M 
[2026-04-03T02:39:58.088+0600][89.544s][info][gc,reloc    ] GC(97) y: Forwarding Usage: 1M
[2026-04-03T02:39:58.088+0600][89.544s][info][gc,reloc    ] GC(97) y: Age Table:
[2026-04-03T02:39:58.088+0600][89.544s][info][gc,reloc    ] GC(97) y:                    Live             Garbage             Small              Medium             Large        
[2026-04-03T02:39:58.088+0600][89.544s][info][gc,reloc    ] GC(97) y: Eden               5M (0%)         1150M (66%)        419 / 243            6 / 0             21 / 0        
[2026-04-03T02:39:58.088+0600][89.544s][info][gc,reloc    ] GC(97) y: Survivor 1         1M (0%)            2M (0%)           2 / 1              0 / 0              0 / 0        
[2026-04-03T02:39:58.088+0600][89.544s][info][gc,reloc    ] GC(97) y: Survivor 2         3M (0%)            0M (0%)           2 / 0              0 / 0              0 / 0        
[2026-04-03T02:39:58.088+0600][89.544s][info][gc,reloc    ] GC(97) y: Survivor 3         3M (0%)            0M (0%)           2 / 0              0 / 0              0 / 0        
[2026-04-03T02:39:58.088+0600][89.544s][info][gc,reloc    ] GC(97) y: Survivor 4         1M (0%)            0M (0%)           1 / 0              0 / 0              0 / 0        
[2026-04-03T02:39:58.088+0600][89.544s][info][gc,reloc    ] GC(97) y: Survivor 5         1M (0%)            2M (0%)           2 / 1              0 / 0              0 / 0        
[2026-04-03T02:39:58.088+0600][89.544s][info][gc,reloc    ] GC(97) y: Survivor 6         0M (0%)            7M (0%)           4 / 2              0 / 0              0 / 0        
[2026-04-03T02:39:58.088+0600][89.544s][info][gc,heap     ] GC(97) y: Min Capacity: 8M(0%)
[2026-04-03T02:39:58.088+0600][89.544s][info][gc,heap     ] GC(97) y: Max Capacity: 1750M(100%)
[2026-04-03T02:39:58.089+0600][89.544s][info][gc,heap     ] GC(97) y: Soft Max Capacity: 1750M(100%)
[2026-04-03T02:39:58.089+0600][89.544s][info][gc,heap     ] GC(97) y: Heap Statistics:
[2026-04-03T02:39:58.089+0600][89.544s][info][gc,heap     ] GC(97) y:                Mark Start          Mark End        Relocate Start      Relocate End           High               Low         
[2026-04-03T02:39:58.089+0600][89.544s][info][gc,heap     ] GC(97) y:  Capacity:     1750M (100%)       1750M (100%)       1750M (100%)       1750M (100%)       1750M (100%)       1750M (100%)   
[2026-04-03T02:39:58.089+0600][89.544s][info][gc,heap     ] GC(97) y:      Free:      370M (21%)         328M (19%)         966M (55%)        1438M (82%)        1438M (82%)         328M (19%)    
[2026-04-03T02:39:58.089+0600][89.544s][info][gc,heap     ] GC(97) y:      Used:     1380M (79%)        1422M (81%)         784M (45%)         312M (18%)        1422M (81%)         312M (18%)    
[2026-04-03T02:39:58.089+0600][89.544s][info][gc,heap     ] GC(97) y: Young Generation Statistics:
[2026-04-03T02:39:58.089+0600][89.544s][info][gc,heap     ] GC(97) y:                Mark Start          Mark End        Relocate Start      Relocate End    
[2026-04-03T02:39:58.089+0600][89.544s][info][gc,heap     ] GC(97) y:      Used:     1182M (68%)        1224M (70%)         586M (33%)         114M (7%)     
[2026-04-03T02:39:58.089+0600][89.544s][info][gc,heap     ] GC(97) y:      Live:         -                16M (1%)           16M (1%)           16M (1%)     
[2026-04-03T02:39:58.089+0600][89.544s][info][gc,heap     ] GC(97) y:   Garbage:         -              1165M (67%)         527M (30%)          31M (2%)     
[2026-04-03T02:39:58.089+0600][89.544s][info][gc,heap     ] GC(97) y: Allocated:         -                42M (2%)           42M (2%)           65M (4%)     
[2026-04-03T02:39:58.089+0600][89.544s][info][gc,heap     ] GC(97) y: Reclaimed:         -                  -               638M (36%)        1133M (65%)    
[2026-04-03T02:39:58.089+0600][89.544s][info][gc,heap     ] GC(97) y:  Promoted:         -                  -                 0M (0%)            0M (0%)     
[2026-04-03T02:39:58.089+0600][89.544s][info][gc,heap     ] GC(97) y: Compacted:         -                  -                  -                 8M (0%)     
[2026-04-03T02:39:58.089+0600][89.544s][info][gc,phases   ] GC(97) y: Young Generation 1380M(79%)->312M(18%) 0.047s
[2026-04-03T02:39:58.089+0600][89.544s][info][gc          ] GC(97) Minor Collection (Allocation Rate) 1380M(79%)->312M(18%) 0.047s
[2026-04-03T02:39:59.137+0600][90.592s][info][gc          ] GC(98) Minor Collection (Allocation Rate)
[2026-04-03T02:39:59.137+0600][90.592s][info][gc,task     ] GC(98) Using 1 Workers for Young Generation
[2026-04-03T02:39:59.137+0600][90.592s][info][gc,phases   ] GC(98) y: Young Generation
[2026-04-03T02:39:59.137+0600][90.592s][info][gc,phases   ] GC(98) y: Pause Mark Start 0.020ms
[2026-04-03T02:39:59.205+0600][90.660s][info][gc,phases   ] GC(98) y: Concurrent Mark 67.655ms
[2026-04-03T02:39:59.205+0600][90.660s][info][gc,phases   ] GC(98) y: Pause Mark End 0.029ms
[2026-04-03T02:39:59.205+0600][90.661s][info][gc,phases   ] GC(98) y: Concurrent Mark Free 0.002ms
[2026-04-03T02:39:59.205+0600][90.661s][info][gc,phases   ] GC(98) y: Concurrent Reset Relocation Set 0.030ms
[2026-04-03T02:39:59.209+0600][90.664s][info][gc,reloc    ] GC(98) y: Using tenuring threshold: 6 (Computed)
[2026-04-03T02:39:59.211+0600][90.667s][info][gc,phases   ] GC(98) y: Concurrent Select Relocation Set 6.259ms
[2026-04-03T02:39:59.212+0600][90.667s][info][gc,phases   ] GC(98) y: Pause Relocate Start 0.021ms
[2026-04-03T02:39:59.225+0600][90.681s][info][gc,phases   ] GC(98) y: Concurrent Relocate 13.671ms
[2026-04-03T02:39:59.226+0600][90.681s][info][gc,alloc    ] GC(98) y:                         Mark Start        Mark End      Relocate Start    Relocate End   
[2026-04-03T02:39:59.226+0600][90.681s][info][gc,alloc    ] GC(98) y: Allocation Stalls:          0                0                0                0         
[2026-04-03T02:39:59.226+0600][90.681s][info][gc,load     ] GC(98) y: Load: 6.30 (52%) / 5.59 (47%) / 5.69 (47%)
[2026-04-03T02:39:59.226+0600][90.681s][info][gc,mmu      ] GC(98) y: MMU: 2ms/93.5%, 5ms/97.4%, 10ms/98.4%, 20ms/99.2%, 50ms/99.7%, 100ms/99.8%
[2026-04-03T02:39:59.226+0600][90.681s][info][gc,marking  ] GC(98) y: Mark: 1 stripe(s), 2 proactive flush(es), 1 terminate flush(es), 0 completion(s), 0 continuation(s) 
[2026-04-03T02:39:59.226+0600][90.681s][info][gc,marking  ] GC(98) y: Mark Stack Usage: 32M
[2026-04-03T02:39:59.226+0600][90.681s][info][gc,nmethod  ] GC(98) y: NMethods: 13825 registered, 4395 unregistered
[2026-04-03T02:39:59.226+0600][90.681s][info][gc,metaspace] GC(98) y: Metaspace: 128M used, 130M committed, 1152M reserved
[2026-04-03T02:39:59.226+0600][90.681s][info][gc,reloc    ] GC(98) y:                        Candidates     Selected     In-Place         Size        Empty    Relocated 
[2026-04-03T02:39:59.226+0600][90.681s][info][gc,reloc    ] GC(98) y: Small Pages:                  356          244            0         712M         204M           5M 
[2026-04-03T02:39:59.226+0600][90.681s][info][gc,reloc    ] GC(98) y: Medium Pages:                   5            0            0         160M         128M           0M 
[2026-04-03T02:39:59.226+0600][90.681s][info][gc,reloc    ] GC(98) y: Large Pages:                   16            0            0          96M          96M           0M 
[2026-04-03T02:39:59.226+0600][90.681s][info][gc,reloc    ] GC(98) y: Forwarding Usage: 1M
[2026-04-03T02:39:59.226+0600][90.681s][info][gc,reloc    ] GC(98) y: Age Table:
[2026-04-03T02:39:59.226+0600][90.681s][info][gc,reloc    ] GC(98) y:                    Live             Garbage             Small              Medium             Large        
[2026-04-03T02:39:59.226+0600][90.681s][info][gc,reloc    ] GC(98) y: Eden               4M (0%)          893M (51%)        337 / 233            4 / 0             16 / 0        
[2026-04-03T02:39:59.226+0600][90.681s][info][gc,reloc    ] GC(98) y: Survivor 1         2M (0%)           33M (2%)           2 / 0              1 / 0              0 / 0        
[2026-04-03T02:39:59.226+0600][90.681s][info][gc,reloc    ] GC(98) y: Survivor 2         0M (0%)           17M (1%)           9 / 8              0 / 0              0 / 0        
[2026-04-03T02:39:59.226+0600][90.681s][info][gc,reloc    ] GC(98) y: Survivor 3         2M (0%)            1M (0%)           2 / 1              0 / 0              0 / 0        
[2026-04-03T02:39:59.226+0600][90.681s][info][gc,reloc    ] GC(98) y: Survivor 4         3M (0%)            0M (0%)           2 / 0              0 / 0              0 / 0        
[2026-04-03T02:39:59.226+0600][90.681s][info][gc,reloc    ] GC(98) y: Survivor 5         1M (0%)            0M (0%)           1 / 0              0 / 0              0 / 0        
[2026-04-03T02:39:59.226+0600][90.681s][info][gc,reloc    ] GC(98) y: Survivor 6         1M (0%)            0M (0%)           1 / 0              0 / 0              0 / 0        
[2026-04-03T02:39:59.226+0600][90.681s][info][gc,reloc    ] GC(98) y: Survivor 7         0M (0%)            3M (0%)           2 / 2              0 / 0              0 / 0        
[2026-04-03T02:39:59.226+0600][90.681s][info][gc,heap     ] GC(98) y: Min Capacity: 8M(0%)
[2026-04-03T02:39:59.226+0600][90.681s][info][gc,heap     ] GC(98) y: Max Capacity: 1750M(100%)
[2026-04-03T02:39:59.226+0600][90.681s][info][gc,heap     ] GC(98) y: Soft Max Capacity: 1750M(100%)
[2026-04-03T02:39:59.226+0600][90.681s][info][gc,heap     ] GC(98) y: Heap Statistics:
[2026-04-03T02:39:59.226+0600][90.681s][info][gc,heap     ] GC(98) y:                Mark Start          Mark End        Relocate Start      Relocate End           High               Low         
[2026-04-03T02:39:59.226+0600][90.681s][info][gc,heap     ] GC(98) y:  Capacity:     1750M (100%)       1750M (100%)       1750M (100%)       1750M (100%)       1750M (100%)       1750M (100%)   
[2026-04-03T02:39:59.226+0600][90.681s][info][gc,heap     ] GC(98) y:      Free:      584M (33%)         506M (29%)         932M (53%)        1382M (79%)        1396M (80%)         506M (29%)    
[2026-04-03T02:39:59.226+0600][90.681s][info][gc,heap     ] GC(98) y:      Used:     1166M (67%)        1244M (71%)         818M (47%)         368M (21%)        1244M (71%)         354M (20%)    
[2026-04-03T02:39:59.226+0600][90.681s][info][gc,heap     ] GC(98) y: Young Generation Statistics:
[2026-04-03T02:39:59.226+0600][90.681s][info][gc,heap     ] GC(98) y:                Mark Start          Mark End        Relocate Start      Relocate End    
[2026-04-03T02:39:59.226+0600][90.681s][info][gc,heap     ] GC(98) y:      Used:      968M (55%)        1046M (60%)         618M (35%)         166M (9%)     
[2026-04-03T02:39:59.226+0600][90.681s][info][gc,heap     ] GC(98) y:      Live:         -                17M (1%)           15M (1%)           15M (1%)     
[2026-04-03T02:39:59.226+0600][90.681s][info][gc,heap     ] GC(98) y:   Garbage:         -               950M (54%)         522M (30%)          32M (2%)     
[2026-04-03T02:39:59.226+0600][90.682s][info][gc,heap     ] GC(98) y: Allocated:         -                78M (4%)           80M (5%)          118M (7%)     
[2026-04-03T02:39:59.226+0600][90.682s][info][gc,heap     ] GC(98) y: Reclaimed:         -                  -               428M (24%)         917M (52%)    
[2026-04-03T02:39:59.226+0600][90.682s][info][gc,heap     ] GC(98) y:  Promoted:         -                  -                 1M (0%)            2M (0%)     
[2026-04-03T02:39:59.226+0600][90.682s][info][gc,heap     ] GC(98) y: Compacted:         -                  -                  -                 7M (0%)     
[2026-04-03T02:39:59.226+0600][90.682s][info][gc,phases   ] GC(98) y: Young Generation 1166M(67%)->368M(21%) 0.089s
[2026-04-03T02:39:59.226+0600][90.682s][info][gc          ] GC(98) Minor Collection (Allocation Rate) 1166M(67%)->368M(21%) 0.089s
[2026-04-03T02:40:00.271+0600][91.726s][info][gc          ] GC(99) Minor Collection (Allocation Rate)
[2026-04-03T02:40:00.271+0600][91.726s][info][gc,task     ] GC(99) Using 1 Workers for Young Generation
[2026-04-03T02:40:00.271+0600][91.726s][info][gc,phases   ] GC(99) y: Young Generation
[2026-04-03T02:40:00.271+0600][91.727s][info][gc,phases   ] GC(99) y: Pause Mark Start 0.015ms
[2026-04-03T02:40:00.318+0600][91.774s][info][gc,phases   ] GC(99) y: Concurrent Mark 46.748ms
[2026-04-03T02:40:00.318+0600][91.774s][info][gc,phases   ] GC(99) y: Pause Mark End 0.034ms
[2026-04-03T02:40:00.319+0600][91.774s][info][gc,phases   ] GC(99) y: Concurrent Mark Free 0.003ms
[2026-04-03T02:40:00.319+0600][91.774s][info][gc,phases   ] GC(99) y: Concurrent Reset Relocation Set 0.023ms
[2026-04-03T02:40:00.322+0600][91.777s][info][gc,reloc    ] GC(99) y: Using tenuring threshold: 6 (Computed)
[2026-04-03T02:40:00.323+0600][91.779s][info][gc,phases   ] GC(99) y: Concurrent Select Relocation Set 4.621ms
[2026-04-03T02:40:00.324+0600][91.779s][info][gc,phases   ] GC(99) y: Pause Relocate Start 0.023ms
[2026-04-03T02:40:00.333+0600][91.788s][info][gc,phases   ] GC(99) y: Concurrent Relocate 8.880ms
[2026-04-03T02:40:00.333+0600][91.788s][info][gc,alloc    ] GC(99) y:                         Mark Start        Mark End      Relocate Start    Relocate End   
[2026-04-03T02:40:00.333+0600][91.788s][info][gc,alloc    ] GC(99) y: Allocation Stalls:          0                0                0                0         
[2026-04-03T02:40:00.333+0600][91.788s][info][gc,load     ] GC(99) y: Load: 5.87 (49%) / 5.52 (46%) / 5.67 (47%)
[2026-04-03T02:40:00.333+0600][91.788s][info][gc,mmu      ] GC(99) y: MMU: 2ms/93.5%, 5ms/97.4%, 10ms/98.4%, 20ms/99.2%, 50ms/99.7%, 100ms/99.8%
[2026-04-03T02:40:00.333+0600][91.788s][info][gc,marking  ] GC(99) y: Mark: 1 stripe(s), 2 proactive flush(es), 1 terminate flush(es), 0 completion(s), 0 continuation(s) 
[2026-04-03T02:40:00.333+0600][91.788s][info][gc,marking  ] GC(99) y: Mark Stack Usage: 32M
[2026-04-03T02:40:00.333+0600][91.788s][info][gc,nmethod  ] GC(99) y: NMethods: 13845 registered, 4395 unregistered
[2026-04-03T02:40:00.333+0600][91.788s][info][gc,metaspace] GC(99) y: Metaspace: 128M used, 130M committed, 1152M reserved
[2026-04-03T02:40:00.333+0600][91.788s][info][gc,reloc    ] GC(99) y:                        Candidates     Selected     In-Place         Size        Empty    Relocated 
[2026-04-03T02:40:00.333+0600][91.788s][info][gc,reloc    ] GC(99) y: Small Pages:                  472          211            0         944M         500M           5M 
[2026-04-03T02:40:00.333+0600][91.788s][info][gc,reloc    ] GC(99) y: Medium Pages:                   6            0            0         192M         192M           0M 
[2026-04-03T02:40:00.333+0600][91.788s][info][gc,reloc    ] GC(99) y: Large Pages:                   21            0            0         126M         126M           0M 
[2026-04-03T02:40:00.333+0600][91.788s][info][gc,reloc    ] GC(99) y: Forwarding Usage: 1M
[2026-04-03T02:40:00.333+0600][91.788s][info][gc,reloc    ] GC(99) y: Age Table:
[2026-04-03T02:40:00.333+0600][91.788s][info][gc,reloc    ] GC(99) y:                    Live             Garbage             Small              Medium             Large        
[2026-04-03T02:40:00.333+0600][91.788s][info][gc,reloc    ] GC(99) y: Eden               3M (0%)         1188M (68%)        453 / 200            5 / 0             21 / 0        
[2026-04-03T02:40:00.333+0600][91.788s][info][gc,reloc    ] GC(99) y: Survivor 1         2M (0%)           39M (2%)           5 / 4              1 / 0              0 / 0        
[2026-04-03T02:40:00.333+0600][91.788s][info][gc,reloc    ] GC(99) y: Survivor 2         2M (0%)            3M (0%)           3 / 2              0 / 0              0 / 0        
[2026-04-03T02:40:00.333+0600][91.788s][info][gc,reloc    ] GC(99) y: Survivor 3         0M (0%)            3M (0%)           2 / 1              0 / 0              0 / 0        
[2026-04-03T02:40:00.333+0600][91.788s][info][gc,reloc    ] GC(99) y: Survivor 4         2M (0%)            9M (1%)           6 / 4              0 / 0              0 / 0        
[2026-04-03T02:40:00.333+0600][91.788s][info][gc,reloc    ] GC(99) y: Survivor 5         3M (0%)            0M (0%)           2 / 0              0 / 0              0 / 0        
[2026-04-03T02:40:00.333+0600][91.788s][info][gc,reloc    ] GC(99) y: Survivor 6         1M (0%)            0M (0%)           1 / 0              0 / 0              0 / 0        
[2026-04-03T02:40:00.333+0600][91.788s][info][gc,heap     ] GC(99) y: Min Capacity: 8M(0%)
[2026-04-03T02:40:00.333+0600][91.788s][info][gc,heap     ] GC(99) y: Max Capacity: 1750M(100%)
[2026-04-03T02:40:00.333+0600][91.788s][info][gc,heap     ] GC(99) y: Soft Max Capacity: 1750M(100%)
[2026-04-03T02:40:00.333+0600][91.788s][info][gc,heap     ] GC(99) y: Heap Statistics:
[2026-04-03T02:40:00.333+0600][91.788s][info][gc,heap     ] GC(99) y:                Mark Start          Mark End        Relocate Start      Relocate End           High               Low         
[2026-04-03T02:40:00.333+0600][91.789s][info][gc,heap     ] GC(99) y:  Capacity:     1750M (100%)       1750M (100%)       1750M (100%)       1750M (100%)       1750M (100%)       1750M (100%)   
[2026-04-03T02:40:00.333+0600][91.789s][info][gc,heap     ] GC(99) y:      Free:      286M (16%)         198M (11%)         968M (55%)        1222M (70%)        1266M (72%)         198M (11%)    
[2026-04-03T02:40:00.333+0600][91.789s][info][gc,heap     ] GC(99) y:      Used:     1464M (84%)        1552M (89%)         782M (45%)         528M (30%)        1552M (89%)         484M (28%)    
[2026-04-03T02:40:00.333+0600][91.789s][info][gc,heap     ] GC(99) y: Young Generation Statistics:
[2026-04-03T02:40:00.333+0600][91.789s][info][gc,heap     ] GC(99) y:                Mark Start          Mark End        Relocate Start      Relocate End    
[2026-04-03T02:40:00.333+0600][91.789s][info][gc,heap     ] GC(99) y:      Used:     1262M (72%)        1350M (77%)         578M (33%)         324M (19%)    
[2026-04-03T02:40:00.333+0600][91.789s][info][gc,heap     ] GC(99) y:      Live:         -                17M (1%)           15M (1%)           15M (1%)     
[2026-04-03T02:40:00.333+0600][91.789s][info][gc,heap     ] GC(99) y:   Garbage:         -              1244M (71%)         426M (24%)           2M (0%)     
[2026-04-03T02:40:00.333+0600][91.789s][info][gc,heap     ] GC(99) y: Allocated:         -                88M (5%)          136M (8%)          305M (17%)    
[2026-04-03T02:40:00.333+0600][91.789s][info][gc,heap     ] GC(99) y: Reclaimed:         -                  -               818M (47%)        1242M (71%)    
[2026-04-03T02:40:00.333+0600][91.789s][info][gc,heap     ] GC(99) y:  Promoted:         -                  -                 1M (0%)            1M (0%)     
[2026-04-03T02:40:00.333+0600][91.789s][info][gc,heap     ] GC(99) y: Compacted:         -                  -                  -                 6M (0%)     
[2026-04-03T02:40:00.333+0600][91.789s][info][gc,phases   ] GC(99) y: Young Generation 1464M(84%)->528M(30%) 0.062s
[2026-04-03T02:40:00.333+0600][91.789s][info][gc          ] GC(99) Minor Collection (Allocation Rate) 1464M(84%)->548M(31%) 0.062s
[2026-04-03T02:40:00.425+0600][91.881s][info][gc          ] GC(100) Minor Collection (Allocation Rate)
[2026-04-03T02:40:00.426+0600][91.881s][info][gc,task     ] GC(100) Using 1 Workers for Young Generation
[2026-04-03T02:40:00.426+0600][91.881s][info][gc,phases   ] GC(100) y: Young Generation
[2026-04-03T02:40:00.426+0600][91.882s][info][gc,phases   ] GC(100) y: Pause Mark Start 0.025ms
[2026-04-03T02:40:00.490+0600][91.946s][info][gc,phases   ] GC(100) y: Concurrent Mark 63.512ms
[2026-04-03T02:40:00.490+0600][91.946s][info][gc,phases   ] GC(100) y: Pause Mark End 0.028ms
[2026-04-03T02:40:00.491+0600][91.946s][info][gc,phases   ] GC(100) y: Concurrent Mark Free 0.003ms
[2026-04-03T02:40:00.491+0600][91.946s][info][gc,phases   ] GC(100) y: Concurrent Reset Relocation Set 0.031ms
[2026-04-03T02:40:00.494+0600][91.950s][info][gc,reloc    ] GC(100) y: Using tenuring threshold: 3 (Computed)
[2026-04-03T02:40:00.498+0600][91.954s][info][gc,phases   ] GC(100) y: Concurrent Select Relocation Set 7.406ms
[2026-04-03T02:40:00.498+0600][91.954s][info][gc,phases   ] GC(100) y: Pause Relocate Start 0.018ms
[2026-04-03T02:40:00.507+0600][91.962s][info][gc,phases   ] GC(100) y: Concurrent Relocate 8.438ms
[2026-04-03T02:40:00.507+0600][91.962s][info][gc,alloc    ] GC(100) y:                         Mark Start        Mark End      Relocate Start    Relocate End   
[2026-04-03T02:40:00.507+0600][91.962s][info][gc,alloc    ] GC(100) y: Allocation Stalls:          0                0                0                0         
[2026-04-03T02:40:00.507+0600][91.962s][info][gc,load     ] GC(100) y: Load: 5.87 (49%) / 5.52 (46%) / 5.67 (47%)
[2026-04-03T02:40:00.507+0600][91.962s][info][gc,mmu      ] GC(100) y: MMU: 2ms/93.5%, 5ms/97.4%, 10ms/98.4%, 20ms/99.2%, 50ms/99.7%, 100ms/99.8%
[2026-04-03T02:40:00.507+0600][91.963s][info][gc,marking  ] GC(100) y: Mark: 1 stripe(s), 2 proactive flush(es), 1 terminate flush(es), 0 completion(s), 0 continuation(s) 
[2026-04-03T02:40:00.507+0600][91.963s][info][gc,marking  ] GC(100) y: Mark Stack Usage: 32M
[2026-04-03T02:40:00.507+0600][91.963s][info][gc,nmethod  ] GC(100) y: NMethods: 13853 registered, 4395 unregistered
[2026-04-03T02:40:00.507+0600][91.963s][info][gc,metaspace] GC(100) y: Metaspace: 128M used, 130M committed, 1152M reserved
[2026-04-03T02:40:00.507+0600][91.963s][info][gc,reloc    ] GC(100) y:                        Candidates     Selected     In-Place         Size        Empty    Relocated 
[2026-04-03T02:40:00.507+0600][91.963s][info][gc,reloc    ] GC(100) y: Small Pages:                   75           49            0         150M          26M           6M 
[2026-04-03T02:40:00.507+0600][91.963s][info][gc,reloc    ] GC(100) y: Medium Pages:                   1            0            0          32M          32M           0M 
[2026-04-03T02:40:00.507+0600][91.963s][info][gc,reloc    ] GC(100) y: Large Pages:                  113            0            0         678M         654M           0M 
[2026-04-03T02:40:00.507+0600][91.963s][info][gc,reloc    ] GC(100) y: Forwarding Usage: 0M
[2026-04-03T02:40:00.507+0600][91.963s][info][gc,reloc    ] GC(100) y: Age Table:
[2026-04-03T02:40:00.507+0600][91.963s][info][gc,reloc    ] GC(100) y:                    Live             Garbage             Small              Medium             Large        
[2026-04-03T02:40:00.507+0600][91.963s][info][gc,reloc    ] GC(100) y: Eden              29M (2%)          802M (46%)         61 / 44             1 / 0            113 / 0        
[2026-04-03T02:40:00.507+0600][91.963s][info][gc,reloc    ] GC(100) y: Survivor 1         3M (0%)            2M (0%)           3 / 1              0 / 0              0 / 0        
[2026-04-03T02:40:00.507+0600][91.963s][info][gc,reloc    ] GC(100) y: Survivor 2         2M (0%)            1M (0%)           2 / 1              0 / 0              0 / 0        
[2026-04-03T02:40:00.507+0600][91.963s][info][gc,reloc    ] GC(100) y: Survivor 3         2M (0%)            3M (0%)           3 / 2              0 / 0              0 / 0        
[2026-04-03T02:40:00.507+0600][91.963s][info][gc,reloc    ] GC(100) y: Survivor 4         0M (0%)            1M (0%)           1 / 0              0 / 0              0 / 0        
[2026-04-03T02:40:00.507+0600][91.963s][info][gc,reloc    ] GC(100) y: Survivor 5         2M (0%)            3M (0%)           3 / 1              0 / 0              0 / 0        
[2026-04-03T02:40:00.507+0600][91.963s][info][gc,reloc    ] GC(100) y: Survivor 6         3M (0%)            0M (0%)           2 / 0              0 / 0              0 / 0        
[2026-04-03T02:40:00.507+0600][91.963s][info][gc,heap     ] GC(100) y: Min Capacity: 8M(0%)
[2026-04-03T02:40:00.507+0600][91.963s][info][gc,heap     ] GC(100) y: Max Capacity: 1750M(100%)
[2026-04-03T02:40:00.507+0600][91.963s][info][gc,heap     ] GC(100) y: Soft Max Capacity: 1750M(100%)
[2026-04-03T02:40:00.507+0600][91.963s][info][gc,heap     ] GC(100) y: Heap Statistics:
[2026-04-03T02:40:00.507+0600][91.963s][info][gc,heap     ] GC(100) y:                Mark Start          Mark End        Relocate Start      Relocate End           High               Low         
[2026-04-03T02:40:00.507+0600][91.963s][info][gc,heap     ] GC(100) y:  Capacity:     1750M (100%)       1750M (100%)       1750M (100%)       1750M (100%)       1750M (100%)       1750M (100%)   
[2026-04-03T02:40:00.507+0600][91.963s][info][gc,heap     ] GC(100) y:      Free:      686M (39%)         466M (27%)        1176M (67%)        1266M (72%)        1268M (72%)         466M (27%)    
[2026-04-03T02:40:00.507+0600][91.963s][info][gc,heap     ] GC(100) y:      Used:     1064M (61%)        1284M (73%)         574M (33%)         484M (28%)        1284M (73%)         482M (28%)    
[2026-04-03T02:40:00.507+0600][91.963s][info][gc,heap     ] GC(100) y: Young Generation Statistics:
[2026-04-03T02:40:00.507+0600][91.963s][info][gc,heap     ] GC(100) y:                Mark Start          Mark End        Relocate Start      Relocate End    
[2026-04-03T02:40:00.507+0600][91.963s][info][gc,heap     ] GC(100) y:      Used:      860M (49%)        1080M (62%)         360M (21%)         266M (15%)    
[2026-04-03T02:40:00.507+0600][91.963s][info][gc,heap     ] GC(100) y:      Live:         -                44M (3%)           37M (2%)           35M (2%)     
[2026-04-03T02:40:00.507+0600][91.963s][info][gc,heap     ] GC(100) y:   Garbage:         -               815M (47%)         100M (6%)            0M (0%)     
[2026-04-03T02:40:00.507+0600][91.963s][info][gc,heap     ] GC(100) y: Allocated:         -               220M (13%)         222M (13%)         229M (13%)    
[2026-04-03T02:40:00.507+0600][91.963s][info][gc,heap     ] GC(100) y: Reclaimed:         -                  -               714M (41%)         814M (47%)    
[2026-04-03T02:40:00.507+0600][91.963s][info][gc,heap     ] GC(100) y:  Promoted:         -                  -                 7M (0%)            9M (1%)     
[2026-04-03T02:40:00.507+0600][91.963s][info][gc,heap     ] GC(100) y: Compacted:         -                  -                  -                 6M (0%)     
[2026-04-03T02:40:00.507+0600][91.963s][info][gc,phases   ] GC(100) y: Young Generation 1058M(60%)->484M(28%) 0.081s
[2026-04-03T02:40:00.507+0600][91.963s][info][gc          ] GC(100) Minor Collection (Allocation Rate) 1058M(60%)->484M(28%) 0.082s
[2026-04-03T02:40:00.663+0600][92.119s][info][gc          ] GC(101) Minor Collection (Allocation Rate)
[2026-04-03T02:40:00.663+0600][92.119s][info][gc,task     ] GC(101) Using 1 Workers for Young Generation
[2026-04-03T02:40:00.663+0600][92.119s][info][gc,phases   ] GC(101) y: Young Generation
[2026-04-03T02:40:00.664+0600][92.119s][info][gc,phases   ] GC(101) y: Pause Mark Start 0.018ms
[2026-04-03T02:40:00.694+0600][92.150s][info][gc,phases   ] GC(101) y: Concurrent Mark 30.550ms
[2026-04-03T02:40:00.694+0600][92.150s][info][gc,phases   ] GC(101) y: Pause Mark End 0.023ms
[2026-04-03T02:40:00.694+0600][92.150s][info][gc,phases   ] GC(101) y: Concurrent Mark Free 0.001ms
[2026-04-03T02:40:00.695+0600][92.150s][info][gc,phases   ] GC(101) y: Concurrent Reset Relocation Set 0.030ms
[2026-04-03T02:40:00.696+0600][92.152s][info][gc,reloc    ] GC(101) y: Using tenuring threshold: 4 (Computed)
[2026-04-03T02:40:00.697+0600][92.152s][info][gc,phases   ] GC(101) y: Concurrent Select Relocation Set 2.062ms
[2026-04-03T02:40:00.697+0600][92.152s][info][gc,phases   ] GC(101) y: Pause Relocate Start 0.012ms
[2026-04-03T02:40:00.699+0600][92.154s][info][gc,phases   ] GC(101) y: Concurrent Relocate 2.110ms
[2026-04-03T02:40:00.699+0600][92.154s][info][gc,alloc    ] GC(101) y:                         Mark Start        Mark End      Relocate Start    Relocate End   
[2026-04-03T02:40:00.699+0600][92.154s][info][gc,alloc    ] GC(101) y: Allocation Stalls:          0                0                0                0         
[2026-04-03T02:40:00.699+0600][92.154s][info][gc,load     ] GC(101) y: Load: 5.87 (49%) / 5.52 (46%) / 5.67 (47%)
[2026-04-03T02:40:00.699+0600][92.154s][info][gc,mmu      ] GC(101) y: MMU: 2ms/93.5%, 5ms/97.4%, 10ms/98.4%, 20ms/99.2%, 50ms/99.7%, 100ms/99.8%
[2026-04-03T02:40:00.699+0600][92.154s][info][gc,marking  ] GC(101) y: Mark: 1 stripe(s), 2 proactive flush(es), 1 terminate flush(es), 0 completion(s), 0 continuation(s) 
[2026-04-03T02:40:00.699+0600][92.154s][info][gc,marking  ] GC(101) y: Mark Stack Usage: 32M
[2026-04-03T02:40:00.699+0600][92.155s][info][gc,nmethod  ] GC(101) y: NMethods: 13862 registered, 4395 unregistered
[2026-04-03T02:40:00.699+0600][92.155s][info][gc,metaspace] GC(101) y: Metaspace: 128M used, 130M committed, 1152M reserved
[2026-04-03T02:40:00.699+0600][92.155s][info][gc,reloc    ] GC(101) y:                        Candidates     Selected     In-Place         Size        Empty    Relocated 
[2026-04-03T02:40:00.699+0600][92.155s][info][gc,reloc    ] GC(101) y: Small Pages:                   80           64            0         160M          20M           1M 
[2026-04-03T02:40:00.699+0600][92.155s][info][gc,reloc    ] GC(101) y: Medium Pages:                   2            0            0          64M          64M           0M 
[2026-04-03T02:40:00.699+0600][92.155s][info][gc,reloc    ] GC(101) y: Large Pages:                   29            0            0         174M         174M           0M 
[2026-04-03T02:40:00.699+0600][92.155s][info][gc,reloc    ] GC(101) y: Forwarding Usage: 0M
[2026-04-03T02:40:00.699+0600][92.155s][info][gc,reloc    ] GC(101) y: Age Table:
[2026-04-03T02:40:00.699+0600][92.155s][info][gc,reloc    ] GC(101) y:                    Live             Garbage             Small              Medium             Large        
[2026-04-03T02:40:00.699+0600][92.155s][info][gc,reloc    ] GC(101) y: Eden               1M (0%)          356M (20%)         72 / 62             2 / 0             25 / 0        
[2026-04-03T02:40:00.699+0600][92.155s][info][gc,reloc    ] GC(101) y: Survivor 1         1M (0%)           28M (2%)           3 / 1              0 / 0              4 / 0        
[2026-04-03T02:40:00.699+0600][92.155s][info][gc,reloc    ] GC(101) y: Survivor 2         3M (0%)            2M (0%)           3 / 1              0 / 0              0 / 0        
[2026-04-03T02:40:00.699+0600][92.155s][info][gc,reloc    ] GC(101) y: Survivor 3         2M (0%)            1M (0%)           2 / 0              0 / 0              0 / 0        
[2026-04-03T02:40:00.699+0600][92.155s][info][gc,heap     ] GC(101) y: Min Capacity: 8M(0%)
[2026-04-03T02:40:00.699+0600][92.155s][info][gc,heap     ] GC(101) y: Max Capacity: 1750M(100%)
[2026-04-03T02:40:00.699+0600][92.155s][info][gc,heap     ] GC(101) y: Soft Max Capacity: 1750M(100%)
[2026-04-03T02:40:00.699+0600][92.155s][info][gc,heap     ] GC(101) y: Heap Statistics:
[2026-04-03T02:40:00.699+0600][92.155s][info][gc,heap     ] GC(101) y:                Mark Start          Mark End        Relocate Start      Relocate End           High               Low         
[2026-04-03T02:40:00.699+0600][92.155s][info][gc,heap     ] GC(101) y:  Capacity:     1750M (100%)       1750M (100%)       1750M (100%)       1750M (100%)       1750M (100%)       1750M (100%)   
[2026-04-03T02:40:00.699+0600][92.155s][info][gc,heap     ] GC(101) y:      Free:     1134M (65%)        1114M (64%)        1372M (78%)        1496M (85%)        1496M (85%)        1114M (64%)    
[2026-04-03T02:40:00.699+0600][92.155s][info][gc,heap     ] GC(101) y:      Used:      616M (35%)         636M (36%)         378M (22%)         254M (15%)         636M (36%)         254M (15%)    
[2026-04-03T02:40:00.699+0600][92.155s][info][gc,heap     ] GC(101) y: Young Generation Statistics:
[2026-04-03T02:40:00.699+0600][92.155s][info][gc,heap     ] GC(101) y:                Mark Start          Mark End        Relocate Start      Relocate End    
[2026-04-03T02:40:00.699+0600][92.155s][info][gc,heap     ] GC(101) y:      Used:      398M (23%)         418M (24%)         160M (9%)           36M (2%)     
[2026-04-03T02:40:00.699+0600][92.155s][info][gc,heap     ] GC(101) y:      Live:         -                 9M (1%)            9M (1%)            9M (1%)     
[2026-04-03T02:40:00.699+0600][92.155s][info][gc,heap     ] GC(101) y:   Garbage:         -               388M (22%)         130M (7%)            2M (0%)     
[2026-04-03T02:40:00.699+0600][92.155s][info][gc,heap     ] GC(101) y: Allocated:         -                20M (1%)           20M (1%)           24M (1%)     
[2026-04-03T02:40:00.699+0600][92.155s][info][gc,heap     ] GC(101) y: Reclaimed:         -                  -               258M (15%)         386M (22%)    
[2026-04-03T02:40:00.699+0600][92.155s][info][gc,heap     ] GC(101) y:  Promoted:         -                  -                 0M (0%)            0M (0%)     
[2026-04-03T02:40:00.699+0600][92.155s][info][gc,heap     ] GC(101) y: Compacted:         -                  -                  -                 1M (0%)     
[2026-04-03T02:40:00.699+0600][92.155s][info][gc,phases   ] GC(101) y: Young Generation 616M(35%)->254M(15%) 0.036s
[2026-04-03T02:40:00.699+0600][92.155s][info][gc          ] GC(101) Minor Collection (Allocation Rate) 616M(35%)->254M(15%) 0.036s
[2026-04-03T02:40:01.371+0600][92.827s][info][gc          ] GC(102) Minor Collection (Allocation Rate)
[2026-04-03T02:40:01.371+0600][92.827s][info][gc,task     ] GC(102) Using 1 Workers for Young Generation
[2026-04-03T02:40:01.371+0600][92.827s][info][gc,phases   ] GC(102) y: Young Generation
[2026-04-03T02:40:01.371+0600][92.827s][info][gc,phases   ] GC(102) y: Pause Mark Start 0.028ms
[2026-04-03T02:40:01.425+0600][92.881s][info][gc,phases   ] GC(102) y: Concurrent Mark 53.478ms
[2026-04-03T02:40:01.425+0600][92.881s][info][gc,phases   ] GC(102) y: Pause Mark End 0.025ms
[2026-04-03T02:40:01.426+0600][92.881s][info][gc,phases   ] GC(102) y: Concurrent Mark Free 0.002ms
[2026-04-03T02:40:01.426+0600][92.881s][info][gc,phases   ] GC(102) y: Concurrent Reset Relocation Set 0.006ms
[2026-04-03T02:40:01.428+0600][92.884s][info][gc,reloc    ] GC(102) y: Using tenuring threshold: 5 (Computed)
[2026-04-03T02:40:01.429+0600][92.884s][info][gc,phases   ] GC(102) y: Concurrent Select Relocation Set 2.946ms
[2026-04-03T02:40:01.429+0600][92.884s][info][gc,phases   ] GC(102) y: Pause Relocate Start 0.015ms
[2026-04-03T02:40:01.436+0600][92.891s][info][gc,phases   ] GC(102) y: Concurrent Relocate 6.661ms
[2026-04-03T02:40:01.436+0600][92.891s][info][gc,alloc    ] GC(102) y:                         Mark Start        Mark End      Relocate Start    Relocate End   
[2026-04-03T02:40:01.436+0600][92.891s][info][gc,alloc    ] GC(102) y: Allocation Stalls:          0                0                0                0         
[2026-04-03T02:40:01.436+0600][92.891s][info][gc,load     ] GC(102) y: Load: 5.87 (49%) / 5.52 (46%) / 5.67 (47%)
[2026-04-03T02:40:01.436+0600][92.891s][info][gc,mmu      ] GC(102) y: MMU: 2ms/93.5%, 5ms/97.4%, 10ms/98.4%, 20ms/99.2%, 50ms/99.7%, 100ms/99.8%
[2026-04-03T02:40:01.436+0600][92.891s][info][gc,marking  ] GC(102) y: Mark: 1 stripe(s), 2 proactive flush(es), 1 terminate flush(es), 0 completion(s), 0 continuation(s) 
[2026-04-03T02:40:01.436+0600][92.891s][info][gc,marking  ] GC(102) y: Mark Stack Usage: 32M
[2026-04-03T02:40:01.436+0600][92.891s][info][gc,nmethod  ] GC(102) y: NMethods: 13866 registered, 4395 unregistered
[2026-04-03T02:40:01.436+0600][92.891s][info][gc,metaspace] GC(102) y: Metaspace: 128M used, 130M committed, 1152M reserved
[2026-04-03T02:40:01.436+0600][92.891s][info][gc,reloc    ] GC(102) y:                        Candidates     Selected     In-Place         Size        Empty    Relocated 
[2026-04-03T02:40:01.436+0600][92.891s][info][gc,reloc    ] GC(102) y: Small Pages:                  237          178            0         474M         102M           3M 
[2026-04-03T02:40:01.436+0600][92.891s][info][gc,reloc    ] GC(102) y: Medium Pages:                   3            0            0          96M          96M           0M 
[2026-04-03T02:40:01.436+0600][92.891s][info][gc,reloc    ] GC(102) y: Large Pages:                    9            0            0          54M          54M           0M 
[2026-04-03T02:40:01.436+0600][92.891s][info][gc,reloc    ] GC(102) y: Forwarding Usage: 0M
[2026-04-03T02:40:01.436+0600][92.891s][info][gc,reloc    ] GC(102) y: Age Table:
[2026-04-03T02:40:01.436+0600][92.891s][info][gc,reloc    ] GC(102) y:                    Live             Garbage             Small              Medium             Large        
[2026-04-03T02:40:01.436+0600][92.891s][info][gc,reloc    ] GC(102) y: Eden               3M (0%)          604M (35%)        229 / 176            3 / 0              9 / 0        
[2026-04-03T02:40:01.436+0600][92.891s][info][gc,reloc    ] GC(102) y: Survivor 1         1M (0%)            0M (0%)           1 / 0              0 / 0              0 / 0        
[2026-04-03T02:40:01.436+0600][92.891s][info][gc,reloc    ] GC(102) y: Survivor 2         1M (0%)            2M (0%)           2 / 1              0 / 0              0 / 0        
[2026-04-03T02:40:01.436+0600][92.891s][info][gc,reloc    ] GC(102) y: Survivor 3         3M (0%)            2M (0%)           3 / 1              0 / 0              0 / 0        
[2026-04-03T02:40:01.436+0600][92.891s][info][gc,reloc    ] GC(102) y: Survivor 4         2M (0%)            1M (0%)           2 / 0              0 / 0              0 / 0        
[2026-04-03T02:40:01.436+0600][92.891s][info][gc,heap     ] GC(102) y: Min Capacity: 8M(0%)
[2026-04-03T02:40:01.436+0600][92.891s][info][gc,heap     ] GC(102) y: Max Capacity: 1750M(100%)
[2026-04-03T02:40:01.436+0600][92.891s][info][gc,heap     ] GC(102) y: Soft Max Capacity: 1750M(100%)
[2026-04-03T02:40:01.436+0600][92.891s][info][gc,heap     ] GC(102) y: Heap Statistics:
[2026-04-03T02:40:01.436+0600][92.891s][info][gc,heap     ] GC(102) y:                Mark Start          Mark End        Relocate Start      Relocate End           High               Low         
[2026-04-03T02:40:01.436+0600][92.891s][info][gc,heap     ] GC(102) y:  Capacity:     1750M (100%)       1750M (100%)       1750M (100%)       1750M (100%)       1750M (100%)       1750M (100%)   
[2026-04-03T02:40:01.436+0600][92.891s][info][gc,heap     ] GC(102) y:      Free:      908M (52%)         844M (48%)        1090M (62%)        1430M (82%)        1430M (82%)         828M (47%)    
[2026-04-03T02:40:01.436+0600][92.891s][info][gc,heap     ] GC(102) y:      Used:      842M (48%)         906M (52%)         660M (38%)         320M (18%)         922M (53%)         320M (18%)    
[2026-04-03T02:40:01.436+0600][92.891s][info][gc,heap     ] GC(102) y: Young Generation Statistics:
[2026-04-03T02:40:01.436+0600][92.892s][info][gc,heap     ] GC(102) y:                Mark Start          Mark End        Relocate Start      Relocate End    
[2026-04-03T02:40:01.436+0600][92.892s][info][gc,heap     ] GC(102) y:      Used:      624M (36%)         688M (39%)         442M (25%)         102M (6%)     
[2026-04-03T02:40:01.436+0600][92.892s][info][gc,heap     ] GC(102) y:      Live:         -                12M (1%)           12M (1%)           12M (1%)     
[2026-04-03T02:40:01.436+0600][92.892s][info][gc,heap     ] GC(102) y:   Garbage:         -               611M (35%)         359M (21%)           3M (0%)     
[2026-04-03T02:40:01.436+0600][92.892s][info][gc,heap     ] GC(102) y: Allocated:         -                64M (4%)           70M (4%)           86M (5%)     
[2026-04-03T02:40:01.436+0600][92.892s][info][gc,heap     ] GC(102) y: Reclaimed:         -                  -               252M (14%)         608M (35%)    
[2026-04-03T02:40:01.436+0600][92.892s][info][gc,heap     ] GC(102) y:  Promoted:         -                  -                 0M (0%)            0M (0%)     
[2026-04-03T02:40:01.436+0600][92.892s][info][gc,heap     ] GC(102) y: Compacted:         -                  -                  -                 3M (0%)     
[2026-04-03T02:40:01.436+0600][92.892s][info][gc,phases   ] GC(102) y: Young Generation 842M(48%)->320M(18%) 0.064s
[2026-04-03T02:40:01.436+0600][92.892s][info][gc          ] GC(102) Minor Collection (Allocation Rate) 842M(48%)->320M(18%) 0.065s
[2026-04-03T02:40:02.251+0600][93.706s][info][gc          ] GC(103) Minor Collection (Allocation Rate)
[2026-04-03T02:40:02.251+0600][93.707s][info][gc,task     ] GC(103) Using 1 Workers for Young Generation
[2026-04-03T02:40:02.251+0600][93.707s][info][gc,phases   ] GC(103) y: Young Generation
[2026-04-03T02:40:02.251+0600][93.707s][info][gc,phases   ] GC(103) y: Pause Mark Start 0.018ms
[2026-04-03T02:40:02.283+0600][93.738s][info][gc,phases   ] GC(103) y: Concurrent Mark 31.291ms
[2026-04-03T02:40:02.283+0600][93.738s][info][gc,phases   ] GC(103) y: Pause Mark End 0.017ms
[2026-04-03T02:40:02.283+0600][93.738s][info][gc,phases   ] GC(103) y: Concurrent Mark Free 0.002ms
[2026-04-03T02:40:02.283+0600][93.738s][info][gc,phases   ] GC(103) y: Concurrent Reset Relocation Set 0.012ms
[2026-04-03T02:40:02.284+0600][93.740s][info][gc,reloc    ] GC(103) y: Using tenuring threshold: 6 (Computed)
[2026-04-03T02:40:02.285+0600][93.740s][info][gc,phases   ] GC(103) y: Concurrent Select Relocation Set 1.854ms
[2026-04-03T02:40:02.285+0600][93.740s][info][gc,phases   ] GC(103) y: Pause Relocate Start 0.009ms
[2026-04-03T02:40:02.288+0600][93.744s][info][gc,phases   ] GC(103) y: Concurrent Relocate 3.188ms
[2026-04-03T02:40:02.288+0600][93.744s][info][gc,alloc    ] GC(103) y:                         Mark Start        Mark End      Relocate Start    Relocate End   
[2026-04-03T02:40:02.288+0600][93.744s][info][gc,alloc    ] GC(103) y: Allocation Stalls:          0                0                0                0         
[2026-04-03T02:40:02.288+0600][93.744s][info][gc,load     ] GC(103) y: Load: 5.87 (49%) / 5.52 (46%) / 5.67 (47%)
[2026-04-03T02:40:02.288+0600][93.744s][info][gc,mmu      ] GC(103) y: MMU: 2ms/93.5%, 5ms/97.4%, 10ms/98.4%, 20ms/99.2%, 50ms/99.7%, 100ms/99.8%
[2026-04-03T02:40:02.288+0600][93.744s][info][gc,marking  ] GC(103) y: Mark: 1 stripe(s), 2 proactive flush(es), 1 terminate flush(es), 0 completion(s), 0 continuation(s) 
[2026-04-03T02:40:02.288+0600][93.744s][info][gc,marking  ] GC(103) y: Mark Stack Usage: 32M
[2026-04-03T02:40:02.288+0600][93.744s][info][gc,nmethod  ] GC(103) y: NMethods: 13904 registered, 4395 unregistered
[2026-04-03T02:40:02.288+0600][93.744s][info][gc,metaspace] GC(103) y: Metaspace: 128M used, 130M committed, 1152M reserved
[2026-04-03T02:40:02.288+0600][93.744s][info][gc,reloc    ] GC(103) y:                        Candidates     Selected     In-Place         Size        Empty    Relocated 
[2026-04-03T02:40:02.288+0600][93.744s][info][gc,reloc    ] GC(103) y: Small Pages:                  269          137            0         538M         248M           3M 
[2026-04-03T02:40:02.288+0600][93.744s][info][gc,reloc    ] GC(103) y: Medium Pages:                   4            0            0         128M         128M           0M 
[2026-04-03T02:40:02.288+0600][93.744s][info][gc,reloc    ] GC(103) y: Large Pages:                   15            0            0          90M          90M           0M 
[2026-04-03T02:40:02.288+0600][93.744s][info][gc,reloc    ] GC(103) y: Forwarding Usage: 0M
[2026-04-03T02:40:02.288+0600][93.744s][info][gc,reloc    ] GC(103) y: Age Table:
[2026-04-03T02:40:02.288+0600][93.744s][info][gc,reloc    ] GC(103) y:                    Live             Garbage             Small              Medium             Large        
[2026-04-03T02:40:02.288+0600][93.744s][info][gc,reloc    ] GC(103) y: Eden               2M (0%)          729M (42%)        257 / 133            4 / 0             15 / 0        
[2026-04-03T02:40:02.288+0600][93.744s][info][gc,reloc    ] GC(103) y: Survivor 1         1M (0%)            6M (0%)           4 / 2              0 / 0              0 / 0        
[2026-04-03T02:40:02.288+0600][93.744s][info][gc,reloc    ] GC(103) y: Survivor 2         1M (0%)            0M (0%)           1 / 0              0 / 0              0 / 0        
[2026-04-03T02:40:02.288+0600][93.744s][info][gc,reloc    ] GC(103) y: Survivor 3         1M (0%)            2M (0%)           2 / 1              0 / 0              0 / 0        
[2026-04-03T02:40:02.288+0600][93.744s][info][gc,reloc    ] GC(103) y: Survivor 4         3M (0%)            2M (0%)           3 / 1              0 / 0              0 / 0        
[2026-04-03T02:40:02.288+0600][93.744s][info][gc,reloc    ] GC(103) y: Survivor 5         2M (0%)            1M (0%)           2 / 0              0 / 0              0 / 0        
[2026-04-03T02:40:02.288+0600][93.744s][info][gc,heap     ] GC(103) y: Min Capacity: 8M(0%)
[2026-04-03T02:40:02.288+0600][93.744s][info][gc,heap     ] GC(103) y: Max Capacity: 1750M(100%)
[2026-04-03T02:40:02.288+0600][93.744s][info][gc,heap     ] GC(103) y: Soft Max Capacity: 1750M(100%)
[2026-04-03T02:40:02.288+0600][93.744s][info][gc,heap     ] GC(103) y: Heap Statistics:
[2026-04-03T02:40:02.288+0600][93.744s][info][gc,heap     ] GC(103) y:                Mark Start          Mark End        Relocate Start      Relocate End           High               Low         
[2026-04-03T02:40:02.288+0600][93.744s][info][gc,heap     ] GC(103) y:  Capacity:     1750M (100%)       1750M (100%)       1750M (100%)       1750M (100%)       1750M (100%)       1750M (100%)   
[2026-04-03T02:40:02.288+0600][93.744s][info][gc,heap     ] GC(103) y:      Free:      776M (44%)         758M (43%)        1222M (70%)        1490M (85%)        1490M (85%)         758M (43%)    
[2026-04-03T02:40:02.288+0600][93.744s][info][gc,heap     ] GC(103) y:      Used:      974M (56%)         992M (57%)         528M (30%)         260M (15%)         992M (57%)         260M (15%)    
[2026-04-03T02:40:02.288+0600][93.744s][info][gc,heap     ] GC(103) y: Young Generation Statistics:
[2026-04-03T02:40:02.288+0600][93.744s][info][gc,heap     ] GC(103) y:                Mark Start          Mark End        Relocate Start      Relocate End    
[2026-04-03T02:40:02.288+0600][93.744s][info][gc,heap     ] GC(103) y:      Used:      756M (43%)         774M (44%)         310M (18%)          42M (2%)     
[2026-04-03T02:40:02.288+0600][93.744s][info][gc,heap     ] GC(103) y:      Live:         -                12M (1%)           12M (1%)           12M (1%)     
[2026-04-03T02:40:02.288+0600][93.744s][info][gc,heap     ] GC(103) y:   Garbage:         -               743M (43%)         277M (16%)           3M (0%)     
[2026-04-03T02:40:02.288+0600][93.744s][info][gc,heap     ] GC(103) y: Allocated:         -                18M (1%)           20M (1%)           26M (2%)     
[2026-04-03T02:40:02.288+0600][93.744s][info][gc,heap     ] GC(103) y: Reclaimed:         -                  -               466M (27%)         740M (42%)    
[2026-04-03T02:40:02.288+0600][93.744s][info][gc,heap     ] GC(103) y:  Promoted:         -                  -                 0M (0%)            0M (0%)     
[2026-04-03T02:40:02.288+0600][93.744s][info][gc,heap     ] GC(103) y: Compacted:         -                  -                  -                 3M (0%)     
[2026-04-03T02:40:02.288+0600][93.744s][info][gc,phases   ] GC(103) y: Young Generation 974M(56%)->260M(15%) 0.037s
[2026-04-03T02:40:02.288+0600][93.744s][info][gc          ] GC(103) Minor Collection (Allocation Rate) 974M(56%)->260M(15%) 0.037s
[2026-04-03T02:40:03.786+0600][95.241s][info][gc          ] GC(104) Minor Collection (Allocation Rate)
[2026-04-03T02:40:03.786+0600][95.241s][info][gc,task     ] GC(104) Using 1 Workers for Young Generation
[2026-04-03T02:40:03.786+0600][95.241s][info][gc,phases   ] GC(104) y: Young Generation
[2026-04-03T02:40:03.786+0600][95.242s][info][gc,phases   ] GC(104) y: Pause Mark Start 0.014ms
[2026-04-03T02:40:03.826+0600][95.281s][info][gc,phases   ] GC(104) y: Concurrent Mark 39.552ms
[2026-04-03T02:40:03.826+0600][95.281s][info][gc,phases   ] GC(104) y: Pause Mark End 0.016ms
[2026-04-03T02:40:03.826+0600][95.281s][info][gc,phases   ] GC(104) y: Concurrent Mark Free 0.001ms
[2026-04-03T02:40:03.826+0600][95.281s][info][gc,phases   ] GC(104) y: Concurrent Reset Relocation Set 0.008ms
[2026-04-03T02:40:03.828+0600][95.283s][info][gc,reloc    ] GC(104) y: Using tenuring threshold: 6 (Computed)
[2026-04-03T02:40:03.829+0600][95.285s][info][gc,phases   ] GC(104) y: Concurrent Select Relocation Set 3.118ms
[2026-04-03T02:40:03.829+0600][95.285s][info][gc,phases   ] GC(104) y: Pause Relocate Start 0.026ms
[2026-04-03T02:40:03.838+0600][95.293s][info][gc,phases   ] GC(104) y: Concurrent Relocate 8.376ms
[2026-04-03T02:40:03.838+0600][95.293s][info][gc,alloc    ] GC(104) y:                         Mark Start        Mark End      Relocate Start    Relocate End   
[2026-04-03T02:40:03.838+0600][95.293s][info][gc,alloc    ] GC(104) y: Allocation Stalls:          0                0                0                0         
[2026-04-03T02:40:03.838+0600][95.293s][info][gc,load     ] GC(104) y: Load: 5.87 (49%) / 5.52 (46%) / 5.67 (47%)
[2026-04-03T02:40:03.838+0600][95.293s][info][gc,mmu      ] GC(104) y: MMU: 2ms/93.5%, 5ms/97.4%, 10ms/98.4%, 20ms/99.2%, 50ms/99.7%, 100ms/99.8%
[2026-04-03T02:40:03.838+0600][95.293s][info][gc,marking  ] GC(104) y: Mark: 1 stripe(s), 2 proactive flush(es), 1 terminate flush(es), 0 completion(s), 0 continuation(s) 
[2026-04-03T02:40:03.838+0600][95.293s][info][gc,marking  ] GC(104) y: Mark Stack Usage: 32M
[2026-04-03T02:40:03.838+0600][95.293s][info][gc,nmethod  ] GC(104) y: NMethods: 13916 registered, 4395 unregistered
[2026-04-03T02:40:03.838+0600][95.293s][info][gc,metaspace] GC(104) y: Metaspace: 128M used, 130M committed, 1152M reserved
[2026-04-03T02:40:03.838+0600][95.293s][info][gc,reloc    ] GC(104) y:                        Candidates     Selected     In-Place         Size        Empty    Relocated 
[2026-04-03T02:40:03.838+0600][95.293s][info][gc,reloc    ] GC(104) y: Small Pages:                  491          322            0         982M         318M           5M 
[2026-04-03T02:40:03.838+0600][95.293s][info][gc,reloc    ] GC(104) y: Medium Pages:                   6            0            0         192M         192M           0M 
[2026-04-03T02:40:03.838+0600][95.293s][info][gc,reloc    ] GC(104) y: Large Pages:                   22            0            0         132M         132M           0M 
[2026-04-03T02:40:03.838+0600][95.293s][info][gc,reloc    ] GC(104) y: Forwarding Usage: 1M
[2026-04-03T02:40:03.838+0600][95.293s][info][gc,reloc    ] GC(104) y: Age Table:
[2026-04-03T02:40:03.838+0600][95.293s][info][gc,reloc    ] GC(104) y:                    Live             Garbage             Small              Medium             Large        
[2026-04-03T02:40:03.838+0600][95.293s][info][gc,reloc    ] GC(104) y: Eden               4M (0%)         1279M (73%)        480 / 318            6 / 0             22 / 0        
[2026-04-03T02:40:03.838+0600][95.293s][info][gc,reloc    ] GC(104) y: Survivor 1         1M (0%)            2M (0%)           2 / 1              0 / 0              0 / 0        
[2026-04-03T02:40:03.838+0600][95.293s][info][gc,reloc    ] GC(104) y: Survivor 2         1M (0%)            0M (0%)           1 / 0              0 / 0              0 / 0        
[2026-04-03T02:40:03.838+0600][95.293s][info][gc,reloc    ] GC(104) y: Survivor 3         1M (0%)            0M (0%)           1 / 1              0 / 0              0 / 0        
[2026-04-03T02:40:03.838+0600][95.293s][info][gc,reloc    ] GC(104) y: Survivor 4         1M (0%)            2M (0%)           2 / 1              0 / 0              0 / 0        
[2026-04-03T02:40:03.838+0600][95.293s][info][gc,reloc    ] GC(104) y: Survivor 5         3M (0%)            2M (0%)           3 / 1              0 / 0              0 / 0        
[2026-04-03T02:40:03.838+0600][95.293s][info][gc,reloc    ] GC(104) y: Survivor 6         2M (0%)            1M (0%)           2 / 0              0 / 0              0 / 0        
[2026-04-03T02:40:03.838+0600][95.293s][info][gc,heap     ] GC(104) y: Min Capacity: 8M(0%)
[2026-04-03T02:40:03.838+0600][95.293s][info][gc,heap     ] GC(104) y: Max Capacity: 1750M(100%)
[2026-04-03T02:40:03.838+0600][95.293s][info][gc,heap     ] GC(104) y: Soft Max Capacity: 1750M(100%)
[2026-04-03T02:40:03.838+0600][95.293s][info][gc,heap     ] GC(104) y: Heap Statistics:
[2026-04-03T02:40:03.838+0600][95.293s][info][gc,heap     ] GC(104) y:                Mark Start          Mark End        Relocate Start      Relocate End           High               Low         
[2026-04-03T02:40:03.838+0600][95.293s][info][gc,heap     ] GC(104) y:  Capacity:     1750M (100%)       1750M (100%)       1750M (100%)       1750M (100%)       1750M (100%)       1750M (100%)   
[2026-04-03T02:40:03.838+0600][95.293s][info][gc,heap     ] GC(104) y:      Free:      226M (13%)         166M (9%)          806M (46%)        1432M (82%)        1432M (82%)         166M (9%)     
[2026-04-03T02:40:03.838+0600][95.293s][info][gc,heap     ] GC(104) y:      Used:     1524M (87%)        1584M (91%)         944M (54%)         318M (18%)        1584M (91%)         318M (18%)    
[2026-04-03T02:40:03.838+0600][95.293s][info][gc,heap     ] GC(104) y: Young Generation Statistics:
[2026-04-03T02:40:03.838+0600][95.293s][info][gc,heap     ] GC(104) y:                Mark Start          Mark End        Relocate Start      Relocate End    
[2026-04-03T02:40:03.838+0600][95.294s][info][gc,heap     ] GC(104) y:      Used:     1306M (75%)        1366M (78%)         724M (41%)          96M (5%)     
[2026-04-03T02:40:03.838+0600][95.294s][info][gc,heap     ] GC(104) y:      Live:         -                16M (1%)           14M (1%)           13M (1%)     
[2026-04-03T02:40:03.838+0600][95.294s][info][gc,heap     ] GC(104) y:   Garbage:         -              1289M (74%)         647M (37%)           2M (0%)     
[2026-04-03T02:40:03.838+0600][95.294s][info][gc,heap     ] GC(104) y: Allocated:         -                60M (3%)           62M (4%)           80M (5%)     
[2026-04-03T02:40:03.838+0600][95.294s][info][gc,heap     ] GC(104) y: Reclaimed:         -                  -               642M (37%)        1287M (74%)    
[2026-04-03T02:40:03.838+0600][95.294s][info][gc,heap     ] GC(104) y:  Promoted:         -                  -                 1M (0%)            2M (0%)     
[2026-04-03T02:40:03.838+0600][95.294s][info][gc,heap     ] GC(104) y: Compacted:         -                  -                  -                 5M (0%)     
[2026-04-03T02:40:03.838+0600][95.294s][info][gc,phases   ] GC(104) y: Young Generation 1524M(87%)->318M(18%) 0.052s
[2026-04-03T02:40:03.838+0600][95.294s][info][gc          ] GC(104) Minor Collection (Allocation Rate) 1524M(87%)->318M(18%) 0.052s
[2026-04-03T02:40:04.282+0600][95.738s][info][gc          ] GC(105) Minor Collection (Allocation Rate)
[2026-04-03T02:40:04.282+0600][95.738s][info][gc,task     ] GC(105) Using 1 Workers for Young Generation
[2026-04-03T02:40:04.282+0600][95.738s][info][gc,phases   ] GC(105) y: Young Generation
[2026-04-03T02:40:04.283+0600][95.738s][info][gc,phases   ] GC(105) y: Pause Mark Start 0.022ms
[2026-04-03T02:40:04.319+0600][95.774s][info][gc,task     ] Adjusting Workers for Young Generation: 1 -> 3
[2026-04-03T02:40:04.330+0600][95.785s][info][gc,phases   ] GC(105) y: Concurrent Mark 47.222ms
[2026-04-03T02:40:04.330+0600][95.786s][info][gc,phases   ] GC(105) y: Pause Mark End 0.025ms
[2026-04-03T02:40:04.330+0600][95.786s][info][gc,phases   ] GC(105) y: Concurrent Mark Free 0.002ms
[2026-04-03T02:40:04.330+0600][95.786s][info][gc,phases   ] GC(105) y: Concurrent Reset Relocation Set 0.045ms
[2026-04-03T02:40:04.337+0600][95.792s][info][gc,reloc    ] GC(105) y: Using tenuring threshold: 3 (Computed)
[2026-04-03T02:40:04.339+0600][95.794s][info][gc,phases   ] GC(105) y: Concurrent Select Relocation Set 8.113ms
[2026-04-03T02:40:04.339+0600][95.794s][info][gc,phases   ] GC(105) y: Pause Relocate Start 0.023ms
[2026-04-03T02:40:04.343+0600][95.799s][info][gc,phases   ] GC(105) y: Concurrent Relocate 4.146ms
[2026-04-03T02:40:04.343+0600][95.799s][info][gc,alloc    ] GC(105) y:                         Mark Start        Mark End      Relocate Start    Relocate End   
[2026-04-03T02:40:04.343+0600][95.799s][info][gc,alloc    ] GC(105) y: Allocation Stalls:          0                0                0                0         
[2026-04-03T02:40:04.343+0600][95.799s][info][gc,load     ] GC(105) y: Load: 5.87 (49%) / 5.52 (46%) / 5.67 (47%)
[2026-04-03T02:40:04.343+0600][95.799s][info][gc,mmu      ] GC(105) y: MMU: 2ms/93.5%, 5ms/97.4%, 10ms/98.4%, 20ms/99.2%, 50ms/99.7%, 100ms/99.8%
[2026-04-03T02:40:04.343+0600][95.799s][info][gc,marking  ] GC(105) y: Mark: 1 stripe(s), 3 proactive flush(es), 1 terminate flush(es), 0 completion(s), 0 continuation(s) 
[2026-04-03T02:40:04.343+0600][95.799s][info][gc,marking  ] GC(105) y: Mark Stack Usage: 32M
[2026-04-03T02:40:04.343+0600][95.799s][info][gc,nmethod  ] GC(105) y: NMethods: 13927 registered, 4395 unregistered
[2026-04-03T02:40:04.343+0600][95.799s][info][gc,metaspace] GC(105) y: Metaspace: 128M used, 130M committed, 1152M reserved
[2026-04-03T02:40:04.343+0600][95.799s][info][gc,reloc    ] GC(105) y:                        Candidates     Selected     In-Place         Size        Empty    Relocated 
[2026-04-03T02:40:04.343+0600][95.799s][info][gc,reloc    ] GC(105) y: Small Pages:                  287          106            0         574M         340M           4M 
[2026-04-03T02:40:04.343+0600][95.799s][info][gc,reloc    ] GC(105) y: Medium Pages:                   2            0            0          64M          64M           0M 
[2026-04-03T02:40:04.343+0600][95.799s][info][gc,reloc    ] GC(105) y: Large Pages:                   89            0            0         534M         510M           0M 
[2026-04-03T02:40:04.343+0600][95.799s][info][gc,reloc    ] GC(105) y: Forwarding Usage: 0M
[2026-04-03T02:40:04.343+0600][95.799s][info][gc,reloc    ] GC(105) y: Age Table:
[2026-04-03T02:40:04.344+0600][95.799s][info][gc,reloc    ] GC(105) y:                    Live             Garbage             Small              Medium             Large        
[2026-04-03T02:40:04.344+0600][95.799s][info][gc,reloc    ] GC(105) y: Eden              28M (2%)         1117M (64%)        274 / 101            2 / 0             89 / 0        
[2026-04-03T02:40:04.344+0600][95.799s][info][gc,reloc    ] GC(105) y: Survivor 1         3M (0%)            2M (0%)           3 / 1              0 / 0              0 / 0        
[2026-04-03T02:40:04.344+0600][95.799s][info][gc,reloc    ] GC(105) y: Survivor 2         1M (0%)            2M (0%)           2 / 1              0 / 0              0 / 0        
[2026-04-03T02:40:04.344+0600][95.799s][info][gc,reloc    ] GC(105) y: Survivor 3         1M (0%)            0M (0%)           1 / 0              0 / 0              0 / 0        
[2026-04-03T02:40:04.344+0600][95.799s][info][gc,reloc    ] GC(105) y: Survivor 4         1M (0%)            2M (0%)           2 / 1              0 / 0              0 / 0        
[2026-04-03T02:40:04.344+0600][95.799s][info][gc,reloc    ] GC(105) y: Survivor 5         1M (0%)            2M (0%)           2 / 1              0 / 0              0 / 0        
[2026-04-03T02:40:04.344+0600][95.799s][info][gc,reloc    ] GC(105) y: Survivor 6         3M (0%)            2M (0%)           3 / 1              0 / 0              0 / 0        
[2026-04-03T02:40:04.344+0600][95.799s][info][gc,heap     ] GC(105) y: Min Capacity: 8M(0%)
[2026-04-03T02:40:04.344+0600][95.799s][info][gc,heap     ] GC(105) y: Max Capacity: 1750M(100%)
[2026-04-03T02:40:04.344+0600][95.799s][info][gc,heap     ] GC(105) y: Soft Max Capacity: 1750M(100%)
[2026-04-03T02:40:04.344+0600][95.799s][info][gc,heap     ] GC(105) y: Heap Statistics:
[2026-04-03T02:40:04.344+0600][95.799s][info][gc,heap     ] GC(105) y:                Mark Start          Mark End        Relocate Start      Relocate End           High               Low         
[2026-04-03T02:40:04.344+0600][95.799s][info][gc,heap     ] GC(105) y:  Capacity:     1750M (100%)       1750M (100%)       1750M (100%)       1750M (100%)       1750M (100%)       1750M (100%)   
[2026-04-03T02:40:04.344+0600][95.799s][info][gc,heap     ] GC(105) y:      Free:      356M (20%)          12M (1%)          896M (51%)        1094M (63%)        1096M (63%)          12M (1%)     
[2026-04-03T02:40:04.344+0600][95.799s][info][gc,heap     ] GC(105) y:      Used:     1394M (80%)        1738M (99%)         854M (49%)         656M (37%)        1738M (99%)         654M (37%)    
[2026-04-03T02:40:04.344+0600][95.799s][info][gc,heap     ] GC(105) y: Young Generation Statistics:
[2026-04-03T02:40:04.344+0600][95.799s][info][gc,heap     ] GC(105) y:                Mark Start          Mark End        Relocate Start      Relocate End    
[2026-04-03T02:40:04.344+0600][95.799s][info][gc,heap     ] GC(105) y:      Used:     1172M (67%)        1516M (87%)         622M (36%)         418M (24%)    
[2026-04-03T02:40:04.344+0600][95.799s][info][gc,heap     ] GC(105) y:      Live:         -                41M (2%)           34M (2%)           34M (2%)     
[2026-04-03T02:40:04.344+0600][95.799s][info][gc,heap     ] GC(105) y:   Garbage:         -              1130M (65%)         213M (12%)           0M (0%)     
[2026-04-03T02:40:04.344+0600][95.799s][info][gc,heap     ] GC(105) y: Allocated:         -               344M (20%)         374M (21%)         383M (22%)    
[2026-04-03T02:40:04.344+0600][95.799s][info][gc,heap     ] GC(105) y: Reclaimed:         -                  -               916M (52%)        1130M (65%)    
[2026-04-03T02:40:04.344+0600][95.799s][info][gc,heap     ] GC(105) y:  Promoted:         -                  -                 7M (0%)            7M (0%)     
[2026-04-03T02:40:04.344+0600][95.799s][info][gc,heap     ] GC(105) y: Compacted:         -                  -                  -                 4M (0%)     
[2026-04-03T02:40:04.344+0600][95.799s][info][gc,phases   ] GC(105) y: Young Generation 1394M(80%)->656M(37%) 0.061s
[2026-04-03T02:40:04.344+0600][95.799s][info][gc          ] GC(105) Minor Collection (Allocation Rate) 1394M(80%)->656M(37%) 0.062s
[2026-04-03T02:40:04.602+0600][96.057s][info][gc          ] GC(106) Minor Collection (Allocation Rate)
[2026-04-03T02:40:04.602+0600][96.057s][info][gc,task     ] GC(106) Using 2 Workers for Young Generation
[2026-04-03T02:40:04.602+0600][96.057s][info][gc,phases   ] GC(106) y: Young Generation
[2026-04-03T02:40:04.602+0600][96.058s][info][gc,phases   ] GC(106) y: Pause Mark Start 0.019ms
[2026-04-03T02:40:04.626+0600][96.081s][info][gc,phases   ] GC(106) y: Concurrent Mark 23.412ms
[2026-04-03T02:40:04.626+0600][96.081s][info][gc,phases   ] GC(106) y: Pause Mark End 0.019ms
[2026-04-03T02:40:04.626+0600][96.082s][info][gc,phases   ] GC(106) y: Concurrent Mark Free 0.001ms
[2026-04-03T02:40:04.626+0600][96.082s][info][gc,phases   ] GC(106) y: Concurrent Reset Relocation Set 0.026ms
[2026-04-03T02:40:04.629+0600][96.084s][info][gc,reloc    ] GC(106) y: Using tenuring threshold: 4 (Computed)
[2026-04-03T02:40:04.629+0600][96.085s][info][gc,phases   ] GC(106) y: Concurrent Select Relocation Set 3.202ms
[2026-04-03T02:40:04.630+0600][96.085s][info][gc,phases   ] GC(106) y: Pause Relocate Start 0.013ms
[2026-04-03T02:40:04.632+0600][96.087s][info][gc,phases   ] GC(106) y: Concurrent Relocate 2.030ms
[2026-04-03T02:40:04.632+0600][96.087s][info][gc,alloc    ] GC(106) y:                         Mark Start        Mark End      Relocate Start    Relocate End   
[2026-04-03T02:40:04.632+0600][96.087s][info][gc,alloc    ] GC(106) y: Allocation Stalls:          0                0                0                0         
[2026-04-03T02:40:04.632+0600][96.087s][info][gc,load     ] GC(106) y: Load: 5.87 (49%) / 5.52 (46%) / 5.67 (47%)
[2026-04-03T02:40:04.632+0600][96.087s][info][gc,mmu      ] GC(106) y: MMU: 2ms/93.5%, 5ms/97.4%, 10ms/98.4%, 20ms/99.2%, 50ms/99.7%, 100ms/99.8%
[2026-04-03T02:40:04.632+0600][96.087s][info][gc,marking  ] GC(106) y: Mark: 2 stripe(s), 2 proactive flush(es), 1 terminate flush(es), 0 completion(s), 0 continuation(s) 
[2026-04-03T02:40:04.632+0600][96.087s][info][gc,marking  ] GC(106) y: Mark Stack Usage: 32M
[2026-04-03T02:40:04.632+0600][96.087s][info][gc,nmethod  ] GC(106) y: NMethods: 13947 registered, 4395 unregistered
[2026-04-03T02:40:04.632+0600][96.087s][info][gc,metaspace] GC(106) y: Metaspace: 128M used, 130M committed, 1152M reserved
[2026-04-03T02:40:04.632+0600][96.087s][info][gc,reloc    ] GC(106) y:                        Candidates     Selected     In-Place         Size        Empty    Relocated 
[2026-04-03T02:40:04.632+0600][96.087s][info][gc,reloc    ] GC(106) y: Small Pages:                  101           77            0         202M          36M           3M 
[2026-04-03T02:40:04.632+0600][96.087s][info][gc,reloc    ] GC(106) y: Medium Pages:                   2            0            0          64M          64M           0M 
[2026-04-03T02:40:04.632+0600][96.087s][info][gc,reloc    ] GC(106) y: Large Pages:                   62            0            0         372M         372M           0M 
[2026-04-03T02:40:04.632+0600][96.087s][info][gc,reloc    ] GC(106) y: Forwarding Usage: 0M
[2026-04-03T02:40:04.632+0600][96.087s][info][gc,reloc    ] GC(106) y: Age Table:
[2026-04-03T02:40:04.632+0600][96.087s][info][gc,reloc    ] GC(106) y:                    Live             Garbage             Small              Medium             Large        
[2026-04-03T02:40:04.632+0600][96.087s][info][gc,reloc    ] GC(106) y: Eden               1M (0%)          594M (34%)         92 / 72             2 / 0             58 / 0        
[2026-04-03T02:40:04.632+0600][96.087s][info][gc,reloc    ] GC(106) y: Survivor 1         2M (0%)           29M (2%)           4 / 3              0 / 0              4 / 0        
[2026-04-03T02:40:04.632+0600][96.088s][info][gc,reloc    ] GC(106) y: Survivor 2         3M (0%)            2M (0%)           3 / 1              0 / 0              0 / 0        
[2026-04-03T02:40:04.632+0600][96.088s][info][gc,reloc    ] GC(106) y: Survivor 3         1M (0%)            2M (0%)           2 / 1              0 / 0              0 / 0        
[2026-04-03T02:40:04.632+0600][96.088s][info][gc,heap     ] GC(106) y: Min Capacity: 8M(0%)
[2026-04-03T02:40:04.632+0600][96.088s][info][gc,heap     ] GC(106) y: Max Capacity: 1750M(100%)
[2026-04-03T02:40:04.632+0600][96.088s][info][gc,heap     ] GC(106) y: Soft Max Capacity: 1750M(100%)
[2026-04-03T02:40:04.632+0600][96.088s][info][gc,heap     ] GC(106) y: Heap Statistics:
[2026-04-03T02:40:04.632+0600][96.088s][info][gc,heap     ] GC(106) y:                Mark Start          Mark End        Relocate Start      Relocate End           High               Low         
[2026-04-03T02:40:04.632+0600][96.088s][info][gc,heap     ] GC(106) y:  Capacity:     1750M (100%)       1750M (100%)       1750M (100%)       1750M (100%)       1750M (100%)       1750M (100%)   
[2026-04-03T02:40:04.632+0600][96.088s][info][gc,heap     ] GC(106) y:      Free:      874M (50%)         860M (49%)        1330M (76%)        1474M (84%)        1474M (84%)         860M (49%)    
[2026-04-03T02:40:04.632+0600][96.088s][info][gc,heap     ] GC(106) y:      Used:      876M (50%)         890M (51%)         420M (24%)         276M (16%)         890M (51%)         276M (16%)    
[2026-04-03T02:40:04.632+0600][96.088s][info][gc,heap     ] GC(106) y: Young Generation Statistics:
[2026-04-03T02:40:04.632+0600][96.088s][info][gc,heap     ] GC(106) y:                Mark Start          Mark End        Relocate Start      Relocate End    
[2026-04-03T02:40:04.632+0600][96.088s][info][gc,heap     ] GC(106) y:      Used:      638M (36%)         652M (37%)         182M (10%)          38M (2%)     
[2026-04-03T02:40:04.632+0600][96.088s][info][gc,heap     ] GC(106) y:      Live:         -                 9M (1%)            9M (1%)            9M (1%)     
[2026-04-03T02:40:04.632+0600][96.088s][info][gc,heap     ] GC(106) y:   Garbage:         -               628M (36%)         156M (9%)            1M (0%)     
[2026-04-03T02:40:04.632+0600][96.088s][info][gc,heap     ] GC(106) y: Allocated:         -                14M (1%)           16M (1%)           26M (2%)     
[2026-04-03T02:40:04.632+0600][96.088s][info][gc,heap     ] GC(106) y: Reclaimed:         -                  -               472M (27%)         626M (36%)    
[2026-04-03T02:40:04.632+0600][96.088s][info][gc,heap     ] GC(106) y:  Promoted:         -                  -                 0M (0%)            0M (0%)     
[2026-04-03T02:40:04.632+0600][96.088s][info][gc,heap     ] GC(106) y: Compacted:         -                  -                  -                 3M (0%)     
[2026-04-03T02:40:04.632+0600][96.088s][info][gc,phases   ] GC(106) y: Young Generation 876M(50%)->276M(16%) 0.030s
[2026-04-03T02:40:04.632+0600][96.088s][info][gc          ] GC(106) Minor Collection (Allocation Rate) 876M(50%)->276M(16%) 0.030s
[2026-04-03T02:40:05.008+0600][96.463s][info][gc          ] GC(107) Minor Collection (Allocation Rate)
[2026-04-03T02:40:05.008+0600][96.463s][info][gc,task     ] GC(107) Using 1 Workers for Young Generation
[2026-04-03T02:40:05.008+0600][96.463s][info][gc,phases   ] GC(107) y: Young Generation
[2026-04-03T02:40:05.008+0600][96.464s][info][gc,phases   ] GC(107) y: Pause Mark Start 0.022ms
[2026-04-03T02:40:05.057+0600][96.513s][info][gc,phases   ] GC(107) y: Concurrent Mark 49.112ms
[2026-04-03T02:40:05.058+0600][96.513s][info][gc,phases   ] GC(107) y: Pause Mark End 0.029ms
[2026-04-03T02:40:05.058+0600][96.513s][info][gc,phases   ] GC(107) y: Concurrent Mark Free 0.002ms
[2026-04-03T02:40:05.058+0600][96.513s][info][gc,phases   ] GC(107) y: Concurrent Reset Relocation Set 0.013ms
[2026-04-03T02:40:05.060+0600][96.515s][info][gc,reloc    ] GC(107) y: Using tenuring threshold: 5 (Computed)
[2026-04-03T02:40:05.060+0600][96.516s][info][gc,phases   ] GC(107) y: Concurrent Select Relocation Set 2.732ms
[2026-04-03T02:40:05.061+0600][96.516s][info][gc,phases   ] GC(107) y: Pause Relocate Start 0.035ms
[2026-04-03T02:40:05.068+0600][96.524s][info][gc,phases   ] GC(107) y: Concurrent Relocate 7.379ms
[2026-04-03T02:40:05.068+0600][96.524s][info][gc,alloc    ] GC(107) y:                         Mark Start        Mark End      Relocate Start    Relocate End   
[2026-04-03T02:40:05.068+0600][96.524s][info][gc,alloc    ] GC(107) y: Allocation Stalls:          0                0                0                0         
[2026-04-03T02:40:05.068+0600][96.524s][info][gc,load     ] GC(107) y: Load: 5.64 (47%) / 5.47 (46%) / 5.65 (47%)
[2026-04-03T02:40:05.068+0600][96.524s][info][gc,mmu      ] GC(107) y: MMU: 2ms/93.5%, 5ms/97.4%, 10ms/98.4%, 20ms/99.2%, 50ms/99.7%, 100ms/99.8%
[2026-04-03T02:40:05.068+0600][96.524s][info][gc,marking  ] GC(107) y: Mark: 1 stripe(s), 2 proactive flush(es), 1 terminate flush(es), 0 completion(s), 0 continuation(s) 
[2026-04-03T02:40:05.068+0600][96.524s][info][gc,marking  ] GC(107) y: Mark Stack Usage: 32M
[2026-04-03T02:40:05.068+0600][96.524s][info][gc,nmethod  ] GC(107) y: NMethods: 13952 registered, 4395 unregistered
[2026-04-03T02:40:05.068+0600][96.524s][info][gc,metaspace] GC(107) y: Metaspace: 128M used, 130M committed, 1152M reserved
[2026-04-03T02:40:05.068+0600][96.524s][info][gc,reloc    ] GC(107) y:                        Candidates     Selected     In-Place         Size        Empty    Relocated 
[2026-04-03T02:40:05.068+0600][96.524s][info][gc,reloc    ] GC(107) y: Small Pages:                  154          118            0         308M          56M           4M 
[2026-04-03T02:40:05.068+0600][96.524s][info][gc,reloc    ] GC(107) y: Medium Pages:                   2            0            0          64M          64M           0M 
[2026-04-03T02:40:05.068+0600][96.524s][info][gc,reloc    ] GC(107) y: Large Pages:                    5            0            0          30M          30M           0M 
[2026-04-03T02:40:05.068+0600][96.524s][info][gc,reloc    ] GC(107) y: Forwarding Usage: 1M
[2026-04-03T02:40:05.069+0600][96.524s][info][gc,reloc    ] GC(107) y: Age Table:
[2026-04-03T02:40:05.069+0600][96.524s][info][gc,reloc    ] GC(107) y:                    Live             Garbage             Small              Medium             Large        
[2026-04-03T02:40:05.069+0600][96.524s][info][gc,reloc    ] GC(107) y: Eden               3M (0%)          378M (22%)        144 / 113            2 / 0              5 / 0        
[2026-04-03T02:40:05.069+0600][96.524s][info][gc,reloc    ] GC(107) y: Survivor 1         1M (0%)            2M (0%)           2 / 2              0 / 0              0 / 0        
[2026-04-03T02:40:05.069+0600][96.524s][info][gc,reloc    ] GC(107) y: Survivor 2         2M (0%)            3M (0%)           3 / 1              0 / 0              0 / 0        
[2026-04-03T02:40:05.069+0600][96.524s][info][gc,reloc    ] GC(107) y: Survivor 3         3M (0%)            2M (0%)           3 / 1              0 / 0              0 / 0        
[2026-04-03T02:40:05.069+0600][96.524s][info][gc,reloc    ] GC(107) y: Survivor 4         1M (0%)            2M (0%)           2 / 1              0 / 0              0 / 0        
[2026-04-03T02:40:05.069+0600][96.524s][info][gc,heap     ] GC(107) y: Min Capacity: 8M(0%)
[2026-04-03T02:40:05.069+0600][96.524s][info][gc,heap     ] GC(107) y: Max Capacity: 1750M(100%)
[2026-04-03T02:40:05.069+0600][96.524s][info][gc,heap     ] GC(107) y: Soft Max Capacity: 1750M(100%)
[2026-04-03T02:40:05.069+0600][96.524s][info][gc,heap     ] GC(107) y: Heap Statistics:
[2026-04-03T02:40:05.069+0600][96.524s][info][gc,heap     ] GC(107) y:                Mark Start          Mark End        Relocate Start      Relocate End           High               Low         
[2026-04-03T02:40:05.069+0600][96.524s][info][gc,heap     ] GC(107) y:  Capacity:     1750M (100%)       1750M (100%)       1750M (100%)       1750M (100%)       1750M (100%)       1750M (100%)   
[2026-04-03T02:40:05.069+0600][96.524s][info][gc,heap     ] GC(107) y:      Free:     1110M (63%)        1044M (60%)        1194M (68%)        1410M (81%)        1410M (81%)        1044M (60%)    
[2026-04-03T02:40:05.069+0600][96.524s][info][gc,heap     ] GC(107) y:      Used:      640M (37%)         706M (40%)         556M (32%)         340M (19%)         706M (40%)         340M (19%)    
[2026-04-03T02:40:05.069+0600][96.524s][info][gc,heap     ] GC(107) y: Young Generation Statistics:
[2026-04-03T02:40:05.069+0600][96.524s][info][gc,heap     ] GC(107) y:                Mark Start          Mark End        Relocate Start      Relocate End    
[2026-04-03T02:40:05.069+0600][96.524s][info][gc,heap     ] GC(107) y:      Used:      402M (23%)         468M (27%)         318M (18%)         102M (6%)     
[2026-04-03T02:40:05.069+0600][96.524s][info][gc,heap     ] GC(107) y:      Live:         -                12M (1%)           12M (1%)           12M (1%)     
[2026-04-03T02:40:05.069+0600][96.524s][info][gc,heap     ] GC(107) y:   Garbage:         -               389M (22%)         239M (14%)           1M (0%)     
[2026-04-03T02:40:05.069+0600][96.524s][info][gc,heap     ] GC(107) y: Allocated:         -                66M (4%)           66M (4%)           87M (5%)     
[2026-04-03T02:40:05.069+0600][96.524s][info][gc,heap     ] GC(107) y: Reclaimed:         -                  -               150M (9%)          387M (22%)    
[2026-04-03T02:40:05.069+0600][96.524s][info][gc,heap     ] GC(107) y:  Promoted:         -                  -                 0M (0%)            0M (0%)     
[2026-04-03T02:40:05.069+0600][96.524s][info][gc,heap     ] GC(107) y: Compacted:         -                  -                  -                 6M (0%)     
[2026-04-03T02:40:05.069+0600][96.524s][info][gc,phases   ] GC(107) y: Young Generation 640M(37%)->340M(19%) 0.060s
[2026-04-03T02:40:05.069+0600][96.524s][info][gc          ] GC(107) Minor Collection (Allocation Rate) 640M(37%)->340M(19%) 0.061s
[2026-04-03T02:40:05.976+0600][97.432s][info][gc          ] GC(108) Minor Collection (Allocation Rate)
[2026-04-03T02:40:05.976+0600][97.432s][info][gc,task     ] GC(108) Using 1 Workers for Young Generation
[2026-04-03T02:40:05.976+0600][97.432s][info][gc,phases   ] GC(108) y: Young Generation
[2026-04-03T02:40:05.977+0600][97.432s][info][gc,phases   ] GC(108) y: Pause Mark Start 0.030ms
[2026-04-03T02:40:06.028+0600][97.484s][info][gc,phases   ] GC(108) y: Concurrent Mark 51.667ms
[2026-04-03T02:40:06.029+0600][97.484s][info][gc,phases   ] GC(108) y: Pause Mark End 0.029ms
[2026-04-03T02:40:06.029+0600][97.484s][info][gc,phases   ] GC(108) y: Concurrent Mark Free 0.003ms
[2026-04-03T02:40:06.029+0600][97.484s][info][gc,phases   ] GC(108) y: Concurrent Reset Relocation Set 0.021ms
[2026-04-03T02:40:06.032+0600][97.487s][info][gc,reloc    ] GC(108) y: Using tenuring threshold: 4 (Computed)
[2026-04-03T02:40:06.035+0600][97.490s][info][gc,phases   ] GC(108) y: Concurrent Select Relocation Set 5.988ms
[2026-04-03T02:40:06.035+0600][97.490s][info][gc,phases   ] GC(108) y: Pause Relocate Start 0.014ms
[2026-04-03T02:40:06.046+0600][97.501s][info][gc,phases   ] GC(108) y: Concurrent Relocate 10.748ms
[2026-04-03T02:40:06.046+0600][97.501s][info][gc,alloc    ] GC(108) y:                         Mark Start        Mark End      Relocate Start    Relocate End   
[2026-04-03T02:40:06.046+0600][97.501s][info][gc,alloc    ] GC(108) y: Allocation Stalls:          0                0                0                0         
[2026-04-03T02:40:06.046+0600][97.501s][info][gc,load     ] GC(108) y: Load: 5.64 (47%) / 5.47 (46%) / 5.65 (47%)
[2026-04-03T02:40:06.046+0600][97.501s][info][gc,mmu      ] GC(108) y: MMU: 2ms/93.5%, 5ms/97.4%, 10ms/98.4%, 20ms/99.2%, 50ms/99.7%, 100ms/99.8%
[2026-04-03T02:40:06.046+0600][97.501s][info][gc,marking  ] GC(108) y: Mark: 1 stripe(s), 2 proactive flush(es), 1 terminate flush(es), 0 completion(s), 0 continuation(s) 
[2026-04-03T02:40:06.046+0600][97.501s][info][gc,marking  ] GC(108) y: Mark Stack Usage: 32M
[2026-04-03T02:40:06.046+0600][97.501s][info][gc,nmethod  ] GC(108) y: NMethods: 13961 registered, 4395 unregistered
[2026-04-03T02:40:06.046+0600][97.501s][info][gc,metaspace] GC(108) y: Metaspace: 128M used, 130M committed, 1152M reserved
[2026-04-03T02:40:06.046+0600][97.501s][info][gc,reloc    ] GC(108) y:                        Candidates     Selected     In-Place         Size        Empty    Relocated 
[2026-04-03T02:40:06.046+0600][97.501s][info][gc,reloc    ] GC(108) y: Small Pages:                  300          138            0         600M         308M           3M 
[2026-04-03T02:40:06.046+0600][97.501s][info][gc,reloc    ] GC(108) y: Medium Pages:                   5            0            0         160M         128M           0M 
[2026-04-03T02:40:06.046+0600][97.502s][info][gc,reloc    ] GC(108) y: Large Pages:                   15            0            0          90M          90M           0M 
[2026-04-03T02:40:06.046+0600][97.502s][info][gc,reloc    ] GC(108) y: Forwarding Usage: 0M
[2026-04-03T02:40:06.046+0600][97.502s][info][gc,reloc    ] GC(108) y: Age Table:
[2026-04-03T02:40:06.046+0600][97.502s][info][gc,reloc    ] GC(108) y:                    Live             Garbage             Small              Medium             Large        
[2026-04-03T02:40:06.046+0600][97.502s][info][gc,reloc    ] GC(108) y: Eden               4M (0%)          813M (47%)        284 / 131            5 / 0             15 / 0        
[2026-04-03T02:40:06.046+0600][97.502s][info][gc,reloc    ] GC(108) y: Survivor 1         0M (0%)            9M (1%)           5 / 2              0 / 0              0 / 0        
[2026-04-03T02:40:06.046+0600][97.502s][info][gc,reloc    ] GC(108) y: Survivor 2         1M (0%)            6M (0%)           4 / 3              0 / 0              0 / 0        
[2026-04-03T02:40:06.046+0600][97.502s][info][gc,reloc    ] GC(108) y: Survivor 3         2M (0%)            1M (0%)           2 / 0              0 / 0              0 / 0        
[2026-04-03T02:40:06.046+0600][97.502s][info][gc,reloc    ] GC(108) y: Survivor 4         3M (0%)            2M (0%)           3 / 1              0 / 0              0 / 0        
[2026-04-03T02:40:06.046+0600][97.502s][info][gc,reloc    ] GC(108) y: Survivor 5         1M (0%)            2M (0%)           2 / 1              0 / 0              0 / 0        
[2026-04-03T02:40:06.046+0600][97.502s][info][gc,heap     ] GC(108) y: Min Capacity: 8M(0%)
[2026-04-03T02:40:06.046+0600][97.502s][info][gc,heap     ] GC(108) y: Max Capacity: 1750M(100%)
[2026-04-03T02:40:06.046+0600][97.502s][info][gc,heap     ] GC(108) y: Soft Max Capacity: 1750M(100%)
[2026-04-03T02:40:06.046+0600][97.502s][info][gc,heap     ] GC(108) y: Heap Statistics:
[2026-04-03T02:40:06.046+0600][97.502s][info][gc,heap     ] GC(108) y:                Mark Start          Mark End        Relocate Start      Relocate End           High               Low         
[2026-04-03T02:40:06.046+0600][97.502s][info][gc,heap     ] GC(108) y:  Capacity:     1750M (100%)       1750M (100%)       1750M (100%)       1750M (100%)       1750M (100%)       1750M (100%)   
[2026-04-03T02:40:06.046+0600][97.502s][info][gc,heap     ] GC(108) y:      Free:      662M (38%)         580M (33%)        1106M (63%)        1370M (78%)        1372M (78%)         580M (33%)    
[2026-04-03T02:40:06.046+0600][97.502s][info][gc,heap     ] GC(108) y:      Used:     1088M (62%)        1170M (67%)         644M (37%)         380M (22%)        1170M (67%)         378M (22%)    
[2026-04-03T02:40:06.046+0600][97.502s][info][gc,heap     ] GC(108) y: Young Generation Statistics:
[2026-04-03T02:40:06.046+0600][97.502s][info][gc,heap     ] GC(108) y:                Mark Start          Mark End        Relocate Start      Relocate End    
[2026-04-03T02:40:06.046+0600][97.502s][info][gc,heap     ] GC(108) y:      Used:      850M (49%)         932M (53%)         400M (23%)         134M (8%)     
[2026-04-03T02:40:06.046+0600][97.502s][info][gc,heap     ] GC(108) y:      Live:         -                14M (1%)            9M (1%)            8M (1%)     
[2026-04-03T02:40:06.046+0600][97.502s][info][gc,heap     ] GC(108) y:   Garbage:         -               835M (48%)         308M (18%)          32M (2%)     
[2026-04-03T02:40:06.046+0600][97.502s][info][gc,heap     ] GC(108) y: Allocated:         -                82M (5%)           82M (5%)           92M (5%)     
[2026-04-03T02:40:06.046+0600][97.502s][info][gc,heap     ] GC(108) y: Reclaimed:         -                  -               526M (30%)         803M (46%)    
[2026-04-03T02:40:06.046+0600][97.502s][info][gc,heap     ] GC(108) y:  Promoted:         -                  -                 5M (0%)            5M (0%)     
[2026-04-03T02:40:06.046+0600][97.502s][info][gc,heap     ] GC(108) y: Compacted:         -                  -                  -                 3M (0%)     
[2026-04-03T02:40:06.046+0600][97.502s][info][gc,phases   ] GC(108) y: Young Generation 1088M(62%)->380M(22%) 0.069s
[2026-04-03T02:40:06.046+0600][97.502s][info][gc          ] GC(108) Minor Collection (Allocation Rate) 1088M(62%)->380M(22%) 0.070s
[2026-04-03T02:40:06.516+0600][97.971s][info][gc          ] GC(109) Minor Collection (Allocation Rate)
[2026-04-03T02:40:06.516+0600][97.971s][info][gc,task     ] GC(109) Using 1 Workers for Young Generation
[2026-04-03T02:40:06.516+0600][97.971s][info][gc,phases   ] GC(109) y: Young Generation
[2026-04-03T02:40:06.516+0600][97.972s][info][gc,phases   ] GC(109) y: Pause Mark Start 0.020ms
[2026-04-03T02:40:06.560+0600][98.015s][info][gc,phases   ] GC(109) y: Concurrent Mark 43.421ms
[2026-04-03T02:40:06.560+0600][98.015s][info][gc,phases   ] GC(109) y: Pause Mark End 0.017ms
[2026-04-03T02:40:06.560+0600][98.015s][info][gc,phases   ] GC(109) y: Concurrent Mark Free 0.001ms
[2026-04-03T02:40:06.560+0600][98.015s][info][gc,phases   ] GC(109) y: Concurrent Reset Relocation Set 0.015ms
[2026-04-03T02:40:06.562+0600][98.017s][info][gc,reloc    ] GC(109) y: Using tenuring threshold: 5 (Computed)
[2026-04-03T02:40:06.563+0600][98.018s][info][gc,phases   ] GC(109) y: Concurrent Select Relocation Set 2.566ms
[2026-04-03T02:40:06.563+0600][98.018s][info][gc,phases   ] GC(109) y: Pause Relocate Start 0.011ms
[2026-04-03T02:40:06.570+0600][98.025s][info][gc,phases   ] GC(109) y: Concurrent Relocate 7.014ms
[2026-04-03T02:40:06.570+0600][98.025s][info][gc,alloc    ] GC(109) y:                         Mark Start        Mark End      Relocate Start    Relocate End   
[2026-04-03T02:40:06.570+0600][98.025s][info][gc,alloc    ] GC(109) y: Allocation Stalls:          0                0                0                0         
[2026-04-03T02:40:06.570+0600][98.025s][info][gc,load     ] GC(109) y: Load: 5.64 (47%) / 5.47 (46%) / 5.65 (47%)
[2026-04-03T02:40:06.570+0600][98.025s][info][gc,mmu      ] GC(109) y: MMU: 2ms/93.5%, 5ms/97.4%, 10ms/98.4%, 20ms/99.2%, 50ms/99.7%, 100ms/99.8%
[2026-04-03T02:40:06.570+0600][98.025s][info][gc,marking  ] GC(109) y: Mark: 1 stripe(s), 2 proactive flush(es), 1 terminate flush(es), 0 completion(s), 0 continuation(s) 
[2026-04-03T02:40:06.570+0600][98.025s][info][gc,marking  ] GC(109) y: Mark Stack Usage: 32M
[2026-04-03T02:40:06.570+0600][98.025s][info][gc,nmethod  ] GC(109) y: NMethods: 13978 registered, 4395 unregistered
[2026-04-03T02:40:06.570+0600][98.025s][info][gc,metaspace] GC(109) y: Metaspace: 128M used, 130M committed, 1152M reserved
[2026-04-03T02:40:06.570+0600][98.025s][info][gc,reloc    ] GC(109) y:                        Candidates     Selected     In-Place         Size        Empty    Relocated 
[2026-04-03T02:40:06.570+0600][98.025s][info][gc,reloc    ] GC(109) y: Small Pages:                  308          142            0         616M         316M           6M 
[2026-04-03T02:40:06.570+0600][98.025s][info][gc,reloc    ] GC(109) y: Medium Pages:                   3            0            0          96M          96M           0M 
[2026-04-03T02:40:06.570+0600][98.025s][info][gc,reloc    ] GC(109) y: Large Pages:                   76            0            0         456M         450M           0M 
[2026-04-03T02:40:06.570+0600][98.025s][info][gc,reloc    ] GC(109) y: Forwarding Usage: 1M
[2026-04-03T02:40:06.570+0600][98.025s][info][gc,reloc    ] GC(109) y: Age Table:
[2026-04-03T02:40:06.570+0600][98.025s][info][gc,reloc    ] GC(109) y:                    Live             Garbage             Small              Medium             Large        
[2026-04-03T02:40:06.570+0600][98.025s][info][gc,reloc    ] GC(109) y: Eden              11M (1%)         1106M (63%)        299 / 138            2 / 0             76 / 0        
[2026-04-03T02:40:06.570+0600][98.025s][info][gc,reloc    ] GC(109) y: Survivor 1         1M (0%)           34M (2%)           2 / 1              1 / 0              0 / 0        
[2026-04-03T02:40:06.570+0600][98.025s][info][gc,reloc    ] GC(109) y: Survivor 2         0M (0%)            1M (0%)           1 / 1              0 / 0              0 / 0        
[2026-04-03T02:40:06.570+0600][98.025s][info][gc,reloc    ] GC(109) y: Survivor 3         1M (0%)            6M (0%)           4 / 2              0 / 0              0 / 0        
[2026-04-03T02:40:06.570+0600][98.025s][info][gc,reloc    ] GC(109) y: Survivor 4         2M (0%)            1M (0%)           2 / 0              0 / 0              0 / 0        
[2026-04-03T02:40:06.570+0600][98.025s][info][gc,heap     ] GC(109) y: Min Capacity: 8M(0%)
[2026-04-03T02:40:06.570+0600][98.025s][info][gc,heap     ] GC(109) y: Max Capacity: 1750M(100%)
[2026-04-03T02:40:06.570+0600][98.025s][info][gc,heap     ] GC(109) y: Soft Max Capacity: 1750M(100%)
[2026-04-03T02:40:06.570+0600][98.025s][info][gc,heap     ] GC(109) y: Heap Statistics:
[2026-04-03T02:40:06.570+0600][98.025s][info][gc,heap     ] GC(109) y:                Mark Start          Mark End        Relocate Start      Relocate End           High               Low         
[2026-04-03T02:40:06.570+0600][98.025s][info][gc,heap     ] GC(109) y:  Capacity:     1750M (100%)       1750M (100%)       1750M (100%)       1750M (100%)       1750M (100%)       1750M (100%)   
[2026-04-03T02:40:06.570+0600][98.025s][info][gc,heap     ] GC(109) y:      Free:      336M (19%)         242M (14%)        1102M (63%)        1378M (79%)        1380M (79%)         242M (14%)    
[2026-04-03T02:40:06.570+0600][98.025s][info][gc,heap     ] GC(109) y:      Used:     1414M (81%)        1508M (86%)         648M (37%)         372M (21%)        1508M (86%)         370M (21%)    
[2026-04-03T02:40:06.570+0600][98.025s][info][gc,heap     ] GC(109) y: Young Generation Statistics:
[2026-04-03T02:40:06.570+0600][98.025s][info][gc,heap     ] GC(109) y:                Mark Start          Mark End        Relocate Start      Relocate End    
[2026-04-03T02:40:06.570+0600][98.026s][info][gc,heap     ] GC(109) y:      Used:     1168M (67%)        1262M (72%)         402M (23%)         126M (7%)     
[2026-04-03T02:40:06.570+0600][98.026s][info][gc,heap     ] GC(109) y:      Live:         -                18M (1%)           18M (1%)           18M (1%)     
[2026-04-03T02:40:06.570+0600][98.026s][info][gc,heap     ] GC(109) y:   Garbage:         -              1149M (66%)         287M (16%)           2M (0%)     
[2026-04-03T02:40:06.570+0600][98.026s][info][gc,heap     ] GC(109) y: Allocated:         -                94M (5%)           96M (5%)          105M (6%)     
[2026-04-03T02:40:06.570+0600][98.026s][info][gc,heap     ] GC(109) y: Reclaimed:         -                  -               862M (49%)        1147M (66%)    
[2026-04-03T02:40:06.570+0600][98.026s][info][gc,heap     ] GC(109) y:  Promoted:         -                  -                 0M (0%)            0M (0%)     
[2026-04-03T02:40:06.570+0600][98.026s][info][gc,heap     ] GC(109) y: Compacted:         -                  -                  -                 6M (0%)     
[2026-04-03T02:40:06.570+0600][98.026s][info][gc,phases   ] GC(109) y: Young Generation 1414M(81%)->372M(21%) 0.054s
[2026-04-03T02:40:06.570+0600][98.026s][info][gc          ] GC(109) Minor Collection (Allocation Rate) 1414M(81%)->372M(21%) 0.054s
[2026-04-03T02:40:06.672+0600][98.128s][info][gc          ] GC(110) Minor Collection (Allocation Rate)
[2026-04-03T02:40:06.672+0600][98.128s][info][gc,task     ] GC(110) Using 1 Workers for Young Generation
[2026-04-03T02:40:06.672+0600][98.128s][info][gc,phases   ] GC(110) y: Young Generation
[2026-04-03T02:40:06.673+0600][98.128s][info][gc,phases   ] GC(110) y: Pause Mark Start 0.021ms
[2026-04-03T02:40:06.728+0600][98.184s][info][gc,phases   ] GC(110) y: Concurrent Mark 55.748ms
[2026-04-03T02:40:06.729+0600][98.184s][info][gc,phases   ] GC(110) y: Pause Mark End 0.029ms
[2026-04-03T02:40:06.729+0600][98.184s][info][gc,phases   ] GC(110) y: Concurrent Mark Free 0.002ms
[2026-04-03T02:40:06.729+0600][98.184s][info][gc,phases   ] GC(110) y: Concurrent Reset Relocation Set 0.017ms
[2026-04-03T02:40:06.731+0600][98.187s][info][gc,reloc    ] GC(110) y: Using tenuring threshold: 6 (Computed)
[2026-04-03T02:40:06.732+0600][98.187s][info][gc,phases   ] GC(110) y: Concurrent Select Relocation Set 3.084ms
[2026-04-03T02:40:06.732+0600][98.188s][info][gc,phases   ] GC(110) y: Pause Relocate Start 0.015ms
[2026-04-03T02:40:06.739+0600][98.194s][info][gc,phases   ] GC(110) y: Concurrent Relocate 6.387ms
[2026-04-03T02:40:06.739+0600][98.194s][info][gc,alloc    ] GC(110) y:                         Mark Start        Mark End      Relocate Start    Relocate End   
[2026-04-03T02:40:06.739+0600][98.194s][info][gc,alloc    ] GC(110) y: Allocation Stalls:          0                0                0                0         
[2026-04-03T02:40:06.739+0600][98.194s][info][gc,load     ] GC(110) y: Load: 5.64 (47%) / 5.47 (46%) / 5.65 (47%)
[2026-04-03T02:40:06.739+0600][98.194s][info][gc,mmu      ] GC(110) y: MMU: 2ms/93.5%, 5ms/97.4%, 10ms/98.4%, 20ms/99.2%, 50ms/99.7%, 100ms/99.8%
[2026-04-03T02:40:06.739+0600][98.194s][info][gc,marking  ] GC(110) y: Mark: 1 stripe(s), 2 proactive flush(es), 1 terminate flush(es), 0 completion(s), 0 continuation(s) 
[2026-04-03T02:40:06.739+0600][98.194s][info][gc,marking  ] GC(110) y: Mark Stack Usage: 32M
[2026-04-03T02:40:06.739+0600][98.194s][info][gc,nmethod  ] GC(110) y: NMethods: 13981 registered, 4395 unregistered
[2026-04-03T02:40:06.739+0600][98.194s][info][gc,metaspace] GC(110) y: Metaspace: 128M used, 130M committed, 1152M reserved
[2026-04-03T02:40:06.739+0600][98.194s][info][gc,reloc    ] GC(110) y:                        Candidates     Selected     In-Place         Size        Empty    Relocated 
[2026-04-03T02:40:06.739+0600][98.194s][info][gc,reloc    ] GC(110) y: Small Pages:                   87           66            0         174M          28M           4M 
[2026-04-03T02:40:06.739+0600][98.194s][info][gc,reloc    ] GC(110) y: Medium Pages:                   2            0            0          64M          64M           0M 
[2026-04-03T02:40:06.739+0600][98.194s][info][gc,reloc    ] GC(110) y: Large Pages:                   70            0            0         420M         420M           0M 
[2026-04-03T02:40:06.739+0600][98.194s][info][gc,reloc    ] GC(110) y: Forwarding Usage: 0M
[2026-04-03T02:40:06.739+0600][98.194s][info][gc,reloc    ] GC(110) y: Age Table:
[2026-04-03T02:40:06.739+0600][98.194s][info][gc,reloc    ] GC(110) y:                    Live             Garbage             Small              Medium             Large        
[2026-04-03T02:40:06.739+0600][98.194s][info][gc,reloc    ] GC(110) y: Eden               1M (0%)          630M (36%)         77 / 61             2 / 0             69 / 0        
[2026-04-03T02:40:06.739+0600][98.194s][info][gc,reloc    ] GC(110) y: Survivor 1         3M (0%)            8M (1%)           3 / 1              0 / 0              1 / 0        
[2026-04-03T02:40:06.739+0600][98.194s][info][gc,reloc    ] GC(110) y: Survivor 2         1M (0%)            2M (0%)           2 / 1              0 / 0              0 / 0        
[2026-04-03T02:40:06.739+0600][98.194s][info][gc,reloc    ] GC(110) y: Survivor 3         0M (0%)            1M (0%)           1 / 1              0 / 0              0 / 0        
[2026-04-03T02:40:06.739+0600][98.194s][info][gc,reloc    ] GC(110) y: Survivor 4         1M (0%)            2M (0%)           2 / 1              0 / 0              0 / 0        
[2026-04-03T02:40:06.739+0600][98.194s][info][gc,reloc    ] GC(110) y: Survivor 5         2M (0%)            1M (0%)           2 / 1              0 / 0              0 / 0        
[2026-04-03T02:40:06.739+0600][98.194s][info][gc,heap     ] GC(110) y: Min Capacity: 8M(0%)
[2026-04-03T02:40:06.739+0600][98.194s][info][gc,heap     ] GC(110) y: Max Capacity: 1750M(100%)
[2026-04-03T02:40:06.739+0600][98.194s][info][gc,heap     ] GC(110) y: Soft Max Capacity: 1750M(100%)
[2026-04-03T02:40:06.739+0600][98.194s][info][gc,heap     ] GC(110) y: Heap Statistics:
[2026-04-03T02:40:06.739+0600][98.195s][info][gc,heap     ] GC(110) y:                Mark Start          Mark End        Relocate Start      Relocate End           High               Low         
[2026-04-03T02:40:06.739+0600][98.195s][info][gc,heap     ] GC(110) y:  Capacity:     1750M (100%)       1750M (100%)       1750M (100%)       1750M (100%)       1750M (100%)       1750M (100%)   
[2026-04-03T02:40:06.739+0600][98.195s][info][gc,heap     ] GC(110) y:      Free:      846M (48%)         782M (45%)        1294M (74%)        1404M (80%)        1412M (81%)         782M (45%)    
[2026-04-03T02:40:06.739+0600][98.195s][info][gc,heap     ] GC(110) y:      Used:      904M (52%)         968M (55%)         456M (26%)         346M (20%)         968M (55%)         338M (19%)    
[2026-04-03T02:40:06.739+0600][98.195s][info][gc,heap     ] GC(110) y: Young Generation Statistics:
[2026-04-03T02:40:06.739+0600][98.195s][info][gc,heap     ] GC(110) y:                Mark Start          Mark End        Relocate Start      Relocate End    
[2026-04-03T02:40:06.739+0600][98.195s][info][gc,heap     ] GC(110) y:      Used:      658M (38%)         722M (41%)         210M (12%)         100M (6%)     
[2026-04-03T02:40:06.739+0600][98.195s][info][gc,heap     ] GC(110) y:      Live:         -                11M (1%)           11M (1%)           11M (1%)     
[2026-04-03T02:40:06.739+0600][98.195s][info][gc,heap     ] GC(110) y:   Garbage:         -               646M (37%)         134M (8%)            1M (0%)     
[2026-04-03T02:40:06.739+0600][98.195s][info][gc,heap     ] GC(110) y: Allocated:         -                64M (4%)           64M (4%)           87M (5%)     
[2026-04-03T02:40:06.739+0600][98.195s][info][gc,heap     ] GC(110) y: Reclaimed:         -                  -               512M (29%)         645M (37%)    
[2026-04-03T02:40:06.739+0600][98.195s][info][gc,heap     ] GC(110) y:  Promoted:         -                  -                 0M (0%)            0M (0%)     
[2026-04-03T02:40:06.739+0600][98.195s][info][gc,heap     ] GC(110) y: Compacted:         -                  -                  -                 6M (0%)     
[2026-04-03T02:40:06.739+0600][98.195s][info][gc,phases   ] GC(110) y: Young Generation 904M(52%)->346M(20%) 0.067s
[2026-04-03T02:40:06.739+0600][98.195s][info][gc          ] GC(110) Minor Collection (Allocation Rate) 904M(52%)->346M(20%) 0.067s
[2026-04-03T02:40:07.772+0600][99.228s][info][gc          ] GC(111) Minor Collection (Allocation Rate)
[2026-04-03T02:40:07.772+0600][99.228s][info][gc,task     ] GC(111) Using 1 Workers for Young Generation
[2026-04-03T02:40:07.772+0600][99.228s][info][gc,phases   ] GC(111) y: Young Generation
[2026-04-03T02:40:07.773+0600][99.228s][info][gc,phases   ] GC(111) y: Pause Mark Start 0.026ms
[2026-04-03T02:40:07.834+0600][99.290s][info][gc,phases   ] GC(111) y: Concurrent Mark 61.565ms
[2026-04-03T02:40:07.835+0600][99.290s][info][gc,phases   ] GC(111) y: Pause Mark End 0.029ms
[2026-04-03T02:40:07.835+0600][99.290s][info][gc,phases   ] GC(111) y: Concurrent Mark Free 0.002ms
[2026-04-03T02:40:07.835+0600][99.290s][info][gc,phases   ] GC(111) y: Concurrent Reset Relocation Set 0.014ms
[2026-04-03T02:40:07.838+0600][99.293s][info][gc,reloc    ] GC(111) y: Using tenuring threshold: 6 (Computed)
[2026-04-03T02:40:07.839+0600][99.295s][info][gc,phases   ] GC(111) y: Concurrent Select Relocation Set 4.685ms
[2026-04-03T02:40:07.840+0600][99.295s][info][gc,phases   ] GC(111) y: Pause Relocate Start 0.024ms
[2026-04-03T02:40:07.853+0600][99.309s][info][gc,phases   ] GC(111) y: Concurrent Relocate 13.439ms
[2026-04-03T02:40:07.853+0600][99.309s][info][gc,alloc    ] GC(111) y:                         Mark Start        Mark End      Relocate Start    Relocate End   
[2026-04-03T02:40:07.854+0600][99.309s][info][gc,alloc    ] GC(111) y: Allocation Stalls:          0                0                0                0         
[2026-04-03T02:40:07.854+0600][99.309s][info][gc,load     ] GC(111) y: Load: 5.64 (47%) / 5.47 (46%) / 5.65 (47%)
[2026-04-03T02:40:07.854+0600][99.309s][info][gc,mmu      ] GC(111) y: MMU: 2ms/93.5%, 5ms/97.4%, 10ms/98.4%, 20ms/99.2%, 50ms/99.7%, 100ms/99.8%
[2026-04-03T02:40:07.854+0600][99.309s][info][gc,marking  ] GC(111) y: Mark: 1 stripe(s), 2 proactive flush(es), 1 terminate flush(es), 0 completion(s), 0 continuation(s) 
[2026-04-03T02:40:07.854+0600][99.309s][info][gc,marking  ] GC(111) y: Mark Stack Usage: 32M
[2026-04-03T02:40:07.854+0600][99.309s][info][gc,nmethod  ] GC(111) y: NMethods: 14003 registered, 4395 unregistered
[2026-04-03T02:40:07.854+0600][99.309s][info][gc,metaspace] GC(111) y: Metaspace: 128M used, 130M committed, 1152M reserved
[2026-04-03T02:40:07.854+0600][99.309s][info][gc,reloc    ] GC(111) y:                        Candidates     Selected     In-Place         Size        Empty    Relocated 
[2026-04-03T02:40:07.854+0600][99.309s][info][gc,reloc    ] GC(111) y: Small Pages:                  321          210            0         642M         202M           7M 
[2026-04-03T02:40:07.854+0600][99.309s][info][gc,reloc    ] GC(111) y: Medium Pages:                   4            0            0         128M         128M           0M 
[2026-04-03T02:40:07.854+0600][99.309s][info][gc,reloc    ] GC(111) y: Large Pages:                   16            0            0          96M          96M           0M 
[2026-04-03T02:40:07.854+0600][99.309s][info][gc,reloc    ] GC(111) y: Forwarding Usage: 1M
[2026-04-03T02:40:07.854+0600][99.309s][info][gc,reloc    ] GC(111) y: Age Table:
[2026-04-03T02:40:07.854+0600][99.309s][info][gc,reloc    ] GC(111) y:                    Live             Garbage             Small              Medium             Large        
[2026-04-03T02:40:07.854+0600][99.309s][info][gc,reloc    ] GC(111) y: Eden               5M (0%)          830M (47%)        306 / 201            4 / 0             16 / 0        
[2026-04-03T02:40:07.854+0600][99.309s][info][gc,reloc    ] GC(111) y: Survivor 1         1M (0%)            6M (0%)           4 / 3              0 / 0              0 / 0        
[2026-04-03T02:40:07.854+0600][99.309s][info][gc,reloc    ] GC(111) y: Survivor 2         3M (0%)            0M (0%)           2 / 1              0 / 0              0 / 0        
[2026-04-03T02:40:07.854+0600][99.309s][info][gc,reloc    ] GC(111) y: Survivor 3         1M (0%)            2M (0%)           2 / 1              0 / 0              0 / 0        
[2026-04-03T02:40:07.854+0600][99.309s][info][gc,reloc    ] GC(111) y: Survivor 4         0M (0%)            1M (0%)           1 / 0              0 / 0              0 / 0        
[2026-04-03T02:40:07.854+0600][99.309s][info][gc,reloc    ] GC(111) y: Survivor 5         1M (0%)            2M (0%)           2 / 1              0 / 0              0 / 0        
[2026-04-03T02:40:07.854+0600][99.309s][info][gc,reloc    ] GC(111) y: Survivor 6         2M (0%)            5M (0%)           4 / 3              0 / 0              0 / 0        
[2026-04-03T02:40:07.854+0600][99.309s][info][gc,heap     ] GC(111) y: Min Capacity: 8M(0%)
[2026-04-03T02:40:07.854+0600][99.309s][info][gc,heap     ] GC(111) y: Max Capacity: 1750M(100%)
[2026-04-03T02:40:07.854+0600][99.309s][info][gc,heap     ] GC(111) y: Soft Max Capacity: 1750M(100%)
[2026-04-03T02:40:07.854+0600][99.309s][info][gc,heap     ] GC(111) y: Heap Statistics:
[2026-04-03T02:40:07.854+0600][99.309s][info][gc,heap     ] GC(111) y:                Mark Start          Mark End        Relocate Start      Relocate End           High               Low         
[2026-04-03T02:40:07.854+0600][99.309s][info][gc,heap     ] GC(111) y:  Capacity:     1750M (100%)       1750M (100%)       1750M (100%)       1750M (100%)       1750M (100%)       1750M (100%)   
[2026-04-03T02:40:07.854+0600][99.309s][info][gc,heap     ] GC(111) y:      Free:      638M (36%)         560M (32%)         984M (56%)        1374M (79%)        1374M (79%)         560M (32%)    
[2026-04-03T02:40:07.854+0600][99.309s][info][gc,heap     ] GC(111) y:      Used:     1112M (64%)        1190M (68%)         766M (44%)         376M (21%)        1190M (68%)         376M (21%)    
[2026-04-03T02:40:07.854+0600][99.309s][info][gc,heap     ] GC(111) y: Young Generation Statistics:
[2026-04-03T02:40:07.854+0600][99.309s][info][gc,heap     ] GC(111) y:                Mark Start          Mark End        Relocate Start      Relocate End    
[2026-04-03T02:40:07.854+0600][99.309s][info][gc,heap     ] GC(111) y:      Used:      866M (49%)         944M (54%)         518M (30%)         126M (7%)     
[2026-04-03T02:40:07.854+0600][99.309s][info][gc,heap     ] GC(111) y:      Live:         -                16M (1%)           14M (1%)           14M (1%)     
[2026-04-03T02:40:07.854+0600][99.309s][info][gc,heap     ] GC(111) y:   Garbage:         -               849M (49%)         423M (24%)           1M (0%)     
[2026-04-03T02:40:07.854+0600][99.309s][info][gc,heap     ] GC(111) y: Allocated:         -                78M (4%)           80M (5%)          110M (6%)     
[2026-04-03T02:40:07.854+0600][99.309s][info][gc,heap     ] GC(111) y: Reclaimed:         -                  -               426M (24%)         847M (48%)    
[2026-04-03T02:40:07.854+0600][99.309s][info][gc,heap     ] GC(111) y:  Promoted:         -                  -                 1M (0%)            2M (0%)     
[2026-04-03T02:40:07.854+0600][99.309s][info][gc,heap     ] GC(111) y: Compacted:         -                  -                  -                 9M (1%)     
[2026-04-03T02:40:07.854+0600][99.309s][info][gc,phases   ] GC(111) y: Young Generation 1112M(64%)->376M(21%) 0.081s
[2026-04-03T02:40:07.854+0600][99.309s][info][gc          ] GC(111) Minor Collection (Allocation Rate) 1112M(64%)->376M(21%) 0.082s
[2026-04-03T02:40:08.458+0600][99.913s][info][gc          ] GC(112) Minor Collection (Allocation Rate)
[2026-04-03T02:40:08.458+0600][99.913s][info][gc,task     ] GC(112) Using 1 Workers for Young Generation
[2026-04-03T02:40:08.458+0600][99.913s][info][gc,phases   ] GC(112) y: Young Generation
[2026-04-03T02:40:08.458+0600][99.913s][info][gc,phases   ] GC(112) y: Pause Mark Start 0.023ms
[2026-04-03T02:40:08.502+0600][99.957s][info][gc,phases   ] GC(112) y: Concurrent Mark 43.752ms
[2026-04-03T02:40:08.502+0600][99.957s][info][gc,phases   ] GC(112) y: Pause Mark End 0.027ms
[2026-04-03T02:40:08.502+0600][99.958s][info][gc,phases   ] GC(112) y: Concurrent Mark Free 0.002ms
[2026-04-03T02:40:08.502+0600][99.958s][info][gc,phases   ] GC(112) y: Concurrent Reset Relocation Set 0.021ms
[2026-04-03T02:40:08.507+0600][99.962s][info][gc,reloc    ] GC(112) y: Using tenuring threshold: 6 (Computed)
[2026-04-03T02:40:08.508+0600][99.963s][info][gc,phases   ] GC(112) y: Concurrent Select Relocation Set 5.760ms
[2026-04-03T02:40:08.508+0600][99.964s][info][gc,phases   ] GC(112) y: Pause Relocate Start 0.019ms
[2026-04-03T02:40:08.520+0600][99.975s][info][gc,phases   ] GC(112) y: Concurrent Relocate 11.249ms
[2026-04-03T02:40:08.520+0600][99.975s][info][gc,alloc    ] GC(112) y:                         Mark Start        Mark End      Relocate Start    Relocate End   
[2026-04-03T02:40:08.520+0600][99.975s][info][gc,alloc    ] GC(112) y: Allocation Stalls:          0                0                0                0         
[2026-04-03T02:40:08.520+0600][99.975s][info][gc,load     ] GC(112) y: Load: 5.64 (47%) / 5.47 (46%) / 5.65 (47%)
[2026-04-03T02:40:08.520+0600][99.975s][info][gc,mmu      ] GC(112) y: MMU: 2ms/93.5%, 5ms/97.4%, 10ms/98.4%, 20ms/99.2%, 50ms/99.7%, 100ms/99.8%
[2026-04-03T02:40:08.520+0600][99.975s][info][gc,marking  ] GC(112) y: Mark: 1 stripe(s), 2 proactive flush(es), 1 terminate flush(es), 0 completion(s), 0 continuation(s) 
[2026-04-03T02:40:08.520+0600][99.975s][info][gc,marking  ] GC(112) y: Mark Stack Usage: 32M
[2026-04-03T02:40:08.520+0600][99.975s][info][gc,nmethod  ] GC(112) y: NMethods: 14014 registered, 4395 unregistered
[2026-04-03T02:40:08.520+0600][99.975s][info][gc,metaspace] GC(112) y: Metaspace: 128M used, 130M committed, 1152M reserved
[2026-04-03T02:40:08.520+0600][99.975s][info][gc,reloc    ] GC(112) y:                        Candidates     Selected     In-Place         Size        Empty    Relocated 
[2026-04-03T02:40:08.520+0600][99.975s][info][gc,reloc    ] GC(112) y: Small Pages:                  231          165            0         462M         114M           4M 
[2026-04-03T02:40:08.520+0600][99.975s][info][gc,reloc    ] GC(112) y: Medium Pages:                   3            0            0          96M          96M           0M 
[2026-04-03T02:40:08.520+0600][99.975s][info][gc,reloc    ] GC(112) y: Large Pages:                   12            0            0          72M          72M           0M 
[2026-04-03T02:40:08.520+0600][99.975s][info][gc,reloc    ] GC(112) y: Forwarding Usage: 1M
[2026-04-03T02:40:08.520+0600][99.975s][info][gc,reloc    ] GC(112) y: Age Table:
[2026-04-03T02:40:08.520+0600][99.975s][info][gc,reloc    ] GC(112) y:                    Live             Garbage             Small              Medium             Large        
[2026-04-03T02:40:08.520+0600][99.975s][info][gc,reloc    ] GC(112) y: Eden               2M (0%)          587M (34%)        211 / 154            3 / 0             12 / 0        
[2026-04-03T02:40:08.520+0600][99.975s][info][gc,reloc    ] GC(112) y: Survivor 1         2M (0%)            5M (0%)           4 / 1              0 / 0              0 / 0        
[2026-04-03T02:40:08.520+0600][99.975s][info][gc,reloc    ] GC(112) y: Survivor 2         1M (0%)           14M (1%)           8 / 6              0 / 0              0 / 0        
[2026-04-03T02:40:08.520+0600][99.976s][info][gc,reloc    ] GC(112) y: Survivor 3         2M (0%)            3M (0%)           3 / 1              0 / 0              0 / 0        
[2026-04-03T02:40:08.520+0600][99.976s][info][gc,reloc    ] GC(112) y: Survivor 4         1M (0%)            2M (0%)           2 / 1              0 / 0              0 / 0        
[2026-04-03T02:40:08.520+0600][99.976s][info][gc,reloc    ] GC(112) y: Survivor 5         0M (0%)            1M (0%)           1 / 1              0 / 0              0 / 0        
[2026-04-03T02:40:08.520+0600][99.976s][info][gc,reloc    ] GC(112) y: Survivor 6         1M (0%)            2M (0%)           2 / 1              0 / 0              0 / 0        
[2026-04-03T02:40:08.520+0600][99.976s][info][gc,heap     ] GC(112) y: Min Capacity: 8M(0%)
[2026-04-03T02:40:08.520+0600][99.976s][info][gc,heap     ] GC(112) y: Max Capacity: 1750M(100%)
[2026-04-03T02:40:08.520+0600][99.976s][info][gc,heap     ] GC(112) y: Soft Max Capacity: 1750M(100%)
[2026-04-03T02:40:08.520+0600][99.976s][info][gc,heap     ] GC(112) y: Heap Statistics:
[2026-04-03T02:40:08.520+0600][99.976s][info][gc,heap     ] GC(112) y:                Mark Start          Mark End        Relocate Start      Relocate End           High               Low         
[2026-04-03T02:40:08.520+0600][99.976s][info][gc,heap     ] GC(112) y:  Capacity:     1750M (100%)       1750M (100%)       1750M (100%)       1750M (100%)       1750M (100%)       1750M (100%)   
[2026-04-03T02:40:08.520+0600][99.976s][info][gc,heap     ] GC(112) y:      Free:      870M (50%)         790M (45%)        1062M (61%)        1354M (77%)        1362M (78%)         790M (45%)    
[2026-04-03T02:40:08.520+0600][99.976s][info][gc,heap     ] GC(112) y:      Used:      880M (50%)         960M (55%)         688M (39%)         396M (23%)         960M (55%)         388M (22%)    
[2026-04-03T02:40:08.520+0600][99.976s][info][gc,heap     ] GC(112) y: Young Generation Statistics:
[2026-04-03T02:40:08.520+0600][99.976s][info][gc,heap     ] GC(112) y:                Mark Start          Mark End        Relocate Start      Relocate End    
[2026-04-03T02:40:08.520+0600][99.976s][info][gc,heap     ] GC(112) y:      Used:      630M (36%)         710M (41%)         436M (25%)         142M (8%)     
[2026-04-03T02:40:08.520+0600][99.976s][info][gc,heap     ] GC(112) y:      Live:         -                13M (1%)           11M (1%)           11M (1%)     
[2026-04-03T02:40:08.520+0600][99.976s][info][gc,heap     ] GC(112) y:   Garbage:         -               616M (35%)         334M (19%)           2M (0%)     
[2026-04-03T02:40:08.520+0600][99.976s][info][gc,heap     ] GC(112) y: Allocated:         -                80M (5%)           90M (5%)          127M (7%)     
[2026-04-03T02:40:08.520+0600][99.976s][info][gc,heap     ] GC(112) y: Reclaimed:         -                  -               282M (16%)         613M (35%)    
[2026-04-03T02:40:08.520+0600][99.976s][info][gc,heap     ] GC(112) y:  Promoted:         -                  -                 1M (0%)            1M (0%)     
[2026-04-03T02:40:08.520+0600][99.976s][info][gc,heap     ] GC(112) y: Compacted:         -                  -                  -                 4M (0%)     
[2026-04-03T02:40:08.520+0600][99.976s][info][gc,phases   ] GC(112) y: Young Generation 880M(50%)->396M(23%) 0.062s
[2026-04-03T02:40:08.520+0600][99.976s][info][gc          ] GC(112) Minor Collection (Allocation Rate) 880M(50%)->396M(23%) 0.063s
[2026-04-03T02:40:08.898+0600][100.354s][info][gc          ] GC(113) Minor Collection (Allocation Rate)
[2026-04-03T02:40:08.898+0600][100.354s][info][gc,task     ] GC(113) Using 1 Workers for Young Generation
[2026-04-03T02:40:08.898+0600][100.354s][info][gc,phases   ] GC(113) y: Young Generation
[2026-04-03T02:40:08.898+0600][100.354s][info][gc,phases   ] GC(113) y: Pause Mark Start 0.017ms
[2026-04-03T02:40:08.918+0600][100.373s][info][gc,task     ] Adjusting Workers for Young Generation: 1 -> 3
[2026-04-03T02:40:08.941+0600][100.397s][info][gc,phases   ] GC(113) y: Concurrent Mark 42.852ms
[2026-04-03T02:40:08.942+0600][100.397s][info][gc,phases   ] GC(113) y: Pause Mark End 0.025ms
[2026-04-03T02:40:08.942+0600][100.397s][info][gc,phases   ] GC(113) y: Concurrent Mark Free 0.001ms
[2026-04-03T02:40:08.942+0600][100.397s][info][gc,phases   ] GC(113) y: Concurrent Reset Relocation Set 0.042ms
[2026-04-03T02:40:08.942+0600][100.397s][info][gc          ] Allocation Stall (spark-listener-group-appStatus) 12.686ms
[2026-04-03T02:40:08.942+0600][100.397s][info][gc          ] Allocation Stall (Executor task launch worker for task 2.0 in stage 4288.0 (TID 7907)) 11.266ms
[2026-04-03T02:40:08.942+0600][100.397s][info][gc          ] Allocation Stall (task-result-getter-0) 6.743ms
[2026-04-03T02:40:08.942+0600][100.397s][info][gc          ] Allocation Stall (Executor task launch worker for task 0.0 in stage 4288.0 (TID 7905)) 11.120ms
[2026-04-03T02:40:08.944+0600][100.399s][info][gc,reloc    ] GC(113) y: Using tenuring threshold: 2 (Computed)
[2026-04-03T02:40:08.946+0600][100.401s][info][gc,phases   ] GC(113) y: Concurrent Select Relocation Set 4.033ms
[2026-04-03T02:40:08.946+0600][100.402s][info][gc,phases   ] GC(113) y: Pause Relocate Start 0.021ms
[2026-04-03T02:40:08.952+0600][100.408s][info][gc,phases   ] GC(113) y: Concurrent Relocate 6.057ms
[2026-04-03T02:40:08.952+0600][100.408s][info][gc,alloc    ] GC(113) y:                         Mark Start        Mark End      Relocate Start    Relocate End   
[2026-04-03T02:40:08.952+0600][100.408s][info][gc,alloc    ] GC(113) y: Allocation Stalls:          0                4                0                0         
[2026-04-03T02:40:08.952+0600][100.408s][info][gc,load     ] GC(113) y: Load: 5.64 (47%) / 5.47 (46%) / 5.65 (47%)
[2026-04-03T02:40:08.952+0600][100.408s][info][gc,mmu      ] GC(113) y: MMU: 2ms/93.5%, 5ms/97.4%, 10ms/98.4%, 20ms/99.2%, 50ms/99.7%, 100ms/99.8%
[2026-04-03T02:40:08.952+0600][100.408s][info][gc,marking  ] GC(113) y: Mark: 1 stripe(s), 2 proactive flush(es), 1 terminate flush(es), 0 completion(s), 0 continuation(s) 
[2026-04-03T02:40:08.952+0600][100.408s][info][gc,marking  ] GC(113) y: Mark Stack Usage: 32M
[2026-04-03T02:40:08.952+0600][100.408s][info][gc,nmethod  ] GC(113) y: NMethods: 14022 registered, 4395 unregistered
[2026-04-03T02:40:08.952+0600][100.408s][info][gc,metaspace] GC(113) y: Metaspace: 128M used, 130M committed, 1152M reserved
[2026-04-03T02:40:08.952+0600][100.408s][info][gc,reloc    ] GC(113) y:                        Candidates     Selected     In-Place         Size        Empty    Relocated 
[2026-04-03T02:40:08.952+0600][100.408s][info][gc,reloc    ] GC(113) y: Small Pages:                  281           91            0         562M         362M           6M 
[2026-04-03T02:40:08.952+0600][100.408s][info][gc,reloc    ] GC(113) y: Medium Pages:                   2            0            0          64M          64M           0M 
[2026-04-03T02:40:08.953+0600][100.408s][info][gc,reloc    ] GC(113) y: Large Pages:                   80            0            0         480M         456M           0M 
[2026-04-03T02:40:08.953+0600][100.408s][info][gc,reloc    ] GC(113) y: Forwarding Usage: 1M
[2026-04-03T02:40:08.953+0600][100.408s][info][gc,reloc    ] GC(113) y: Age Table:
[2026-04-03T02:40:08.953+0600][100.408s][info][gc,reloc    ] GC(113) y:                    Live             Garbage             Small              Medium             Large        
[2026-04-03T02:40:08.953+0600][100.408s][info][gc,reloc    ] GC(113) y: Eden              27M (2%)         1042M (60%)        263 / 84             2 / 0             80 / 0        
[2026-04-03T02:40:08.953+0600][100.408s][info][gc,reloc    ] GC(113) y: Survivor 1         2M (0%)           13M (1%)           8 / 2              0 / 0              0 / 0        
[2026-04-03T02:40:08.953+0600][100.408s][info][gc,reloc    ] GC(113) y: Survivor 2         2M (0%)            1M (0%)           2 / 0              0 / 0              0 / 0        
[2026-04-03T02:40:08.953+0600][100.408s][info][gc,reloc    ] GC(113) y: Survivor 3         1M (0%)            2M (0%)           2 / 1              0 / 0              0 / 0        
[2026-04-03T02:40:08.953+0600][100.408s][info][gc,reloc    ] GC(113) y: Survivor 4         2M (0%)            3M (0%)           3 / 2              0 / 0              0 / 0        
[2026-04-03T02:40:08.953+0600][100.408s][info][gc,reloc    ] GC(113) y: Survivor 5         1M (0%)            2M (0%)           2 / 1              0 / 0              0 / 0        
[2026-04-03T02:40:08.953+0600][100.408s][info][gc,reloc    ] GC(113) y: Survivor 6         0M (0%)            1M (0%)           1 / 1              0 / 0              0 / 0        
[2026-04-03T02:40:08.953+0600][100.408s][info][gc,heap     ] GC(113) y: Min Capacity: 8M(0%)
[2026-04-03T02:40:08.953+0600][100.408s][info][gc,heap     ] GC(113) y: Max Capacity: 1750M(100%)
[2026-04-03T02:40:08.953+0600][100.408s][info][gc,heap     ] GC(113) y: Soft Max Capacity: 1750M(100%)
[2026-04-03T02:40:08.953+0600][100.408s][info][gc,heap     ] GC(113) y: Heap Statistics:
[2026-04-03T02:40:08.953+0600][100.408s][info][gc,heap     ] GC(113) y:                Mark Start          Mark End        Relocate Start      Relocate End           High               Low         
[2026-04-03T02:40:08.953+0600][100.408s][info][gc,heap     ] GC(113) y:  Capacity:     1750M (100%)       1750M (100%)       1750M (100%)       1750M (100%)       1750M (100%)       1750M (100%)   
[2026-04-03T02:40:08.953+0600][100.408s][info][gc,heap     ] GC(113) y:      Free:      390M (22%)           0M (0%)          860M (49%)        1024M (59%)        1024M (59%)           0M (0%)     
[2026-04-03T02:40:08.953+0600][100.408s][info][gc,heap     ] GC(113) y:      Used:     1360M (78%)        1750M (100%)        890M (51%)         726M (41%)        1750M (100%)        726M (41%)    
[2026-04-03T02:40:08.953+0600][100.408s][info][gc,heap     ] GC(113) y: Young Generation Statistics:
[2026-04-03T02:40:08.953+0600][100.408s][info][gc,heap     ] GC(113) y:                Mark Start          Mark End        Relocate Start      Relocate End    
[2026-04-03T02:40:08.953+0600][100.408s][info][gc,heap     ] GC(113) y:      Used:     1106M (63%)        1496M (85%)         630M (36%)         458M (26%)    
[2026-04-03T02:40:08.953+0600][100.408s][info][gc,heap     ] GC(113) y:      Live:         -                39M (2%)           34M (2%)           30M (2%)     
[2026-04-03T02:40:08.953+0600][100.408s][info][gc,heap     ] GC(113) y:   Garbage:         -              1066M (61%)         183M (10%)           0M (0%)     
[2026-04-03T02:40:08.953+0600][100.408s][info][gc,heap     ] GC(113) y: Allocated:         -               390M (22%)         412M (24%)         427M (24%)    
[2026-04-03T02:40:08.953+0600][100.408s][info][gc,heap     ] GC(113) y: Reclaimed:         -                  -               883M (50%)        1066M (61%)    
[2026-04-03T02:40:08.953+0600][100.408s][info][gc,heap     ] GC(113) y:  Promoted:         -                  -                 4M (0%)            9M (1%)     
[2026-04-03T02:40:08.953+0600][100.408s][info][gc,heap     ] GC(113) y: Compacted:         -                  -                  -                 4M (0%)     
[2026-04-03T02:40:08.953+0600][100.408s][info][gc,phases   ] GC(113) y: Young Generation 1360M(78%)->726M(41%) 0.054s
[2026-04-03T02:40:08.953+0600][100.408s][info][gc          ] GC(113) Minor Collection (Allocation Rate) 1354M(77%)->726M(41%) 0.055s
[2026-04-03T02:40:09.207+0600][100.663s][info][gc          ] GC(114) Minor Collection (Allocation Rate)
[2026-04-03T02:40:09.207+0600][100.663s][info][gc,task     ] GC(114) Using 2 Workers for Young Generation
[2026-04-03T02:40:09.207+0600][100.663s][info][gc,phases   ] GC(114) y: Young Generation
[2026-04-03T02:40:09.207+0600][100.663s][info][gc,phases   ] GC(114) y: Pause Mark Start 0.015ms
[2026-04-03T02:40:09.225+0600][100.681s][info][gc,phases   ] GC(114) y: Concurrent Mark 17.945ms
[2026-04-03T02:40:09.226+0600][100.681s][info][gc,phases   ] GC(114) y: Pause Mark End 0.021ms
[2026-04-03T02:40:09.226+0600][100.681s][info][gc,phases   ] GC(114) y: Concurrent Mark Free 0.001ms
[2026-04-03T02:40:09.226+0600][100.681s][info][gc,phases   ] GC(114) y: Concurrent Reset Relocation Set 0.022ms
[2026-04-03T02:40:09.230+0600][100.685s][info][gc,reloc    ] GC(114) y: Using tenuring threshold: 3 (Computed)
[2026-04-03T02:40:09.230+0600][100.686s][info][gc,phases   ] GC(114) y: Concurrent Select Relocation Set 4.699ms
[2026-04-03T02:40:09.231+0600][100.686s][info][gc,phases   ] GC(114) y: Pause Relocate Start 0.011ms
[2026-04-03T02:40:09.233+0600][100.688s][info][gc,phases   ] GC(114) y: Concurrent Relocate 1.916ms
[2026-04-03T02:40:09.233+0600][100.688s][info][gc,alloc    ] GC(114) y:                         Mark Start        Mark End      Relocate Start    Relocate End   
[2026-04-03T02:40:09.233+0600][100.688s][info][gc,alloc    ] GC(114) y: Allocation Stalls:          0                0                0                0         
[2026-04-03T02:40:09.233+0600][100.688s][info][gc,load     ] GC(114) y: Load: 5.64 (47%) / 5.47 (46%) / 5.65 (47%)
[2026-04-03T02:40:09.233+0600][100.688s][info][gc,mmu      ] GC(114) y: MMU: 2ms/93.5%, 5ms/97.4%, 10ms/98.4%, 20ms/99.2%, 50ms/99.7%, 100ms/99.8%
[2026-04-03T02:40:09.233+0600][100.688s][info][gc,marking  ] GC(114) y: Mark: 2 stripe(s), 2 proactive flush(es), 1 terminate flush(es), 0 completion(s), 0 continuation(s) 
[2026-04-03T02:40:09.233+0600][100.688s][info][gc,marking  ] GC(114) y: Mark Stack Usage: 32M
[2026-04-03T02:40:09.233+0600][100.688s][info][gc,nmethod  ] GC(114) y: NMethods: 14025 registered, 4395 unregistered
[2026-04-03T02:40:09.233+0600][100.688s][info][gc,metaspace] GC(114) y: Metaspace: 128M used, 130M committed, 1152M reserved
[2026-04-03T02:40:09.233+0600][100.688s][info][gc,reloc    ] GC(114) y:                        Candidates     Selected     In-Place         Size        Empty    Relocated 
[2026-04-03T02:40:09.233+0600][100.688s][info][gc,reloc    ] GC(114) y: Small Pages:                  102           82            0         204M          32M           3M 
[2026-04-03T02:40:09.233+0600][100.688s][info][gc,reloc    ] GC(114) y: Medium Pages:                   2            0            0          64M          64M           0M 
[2026-04-03T02:40:09.233+0600][100.688s][info][gc,reloc    ] GC(114) y: Large Pages:                   69            0            0         414M         414M           0M 
[2026-04-03T02:40:09.233+0600][100.688s][info][gc,reloc    ] GC(114) y: Forwarding Usage: 0M
[2026-04-03T02:40:09.233+0600][100.688s][info][gc,reloc    ] GC(114) y: Age Table:
[2026-04-03T02:40:09.233+0600][100.688s][info][gc,reloc    ] GC(114) y:                    Live             Garbage             Small              Medium             Large        
[2026-04-03T02:40:09.233+0600][100.688s][info][gc,reloc    ] GC(114) y: Eden               1M (0%)          640M (37%)         94 / 76             2 / 0             65 / 0        
[2026-04-03T02:40:09.233+0600][100.688s][info][gc,reloc    ] GC(114) y: Survivor 1         2M (0%)           31M (2%)           5 / 4              0 / 0              4 / 0        
[2026-04-03T02:40:09.233+0600][100.688s][info][gc,reloc    ] GC(114) y: Survivor 2         2M (0%)            3M (0%)           3 / 2              0 / 0              0 / 0        
[2026-04-03T02:40:09.233+0600][100.688s][info][gc,heap     ] GC(114) y: Min Capacity: 8M(0%)
[2026-04-03T02:40:09.233+0600][100.688s][info][gc,heap     ] GC(114) y: Max Capacity: 1750M(100%)
[2026-04-03T02:40:09.233+0600][100.688s][info][gc,heap     ] GC(114) y: Soft Max Capacity: 1750M(100%)
[2026-04-03T02:40:09.233+0600][100.688s][info][gc,heap     ] GC(114) y: Heap Statistics:
[2026-04-03T02:40:09.233+0600][100.688s][info][gc,heap     ] GC(114) y:                Mark Start          Mark End        Relocate Start      Relocate End           High               Low         
[2026-04-03T02:40:09.233+0600][100.688s][info][gc,heap     ] GC(114) y:  Capacity:     1750M (100%)       1750M (100%)       1750M (100%)       1750M (100%)       1750M (100%)       1750M (100%)   
[2026-04-03T02:40:09.233+0600][100.688s][info][gc,heap     ] GC(114) y:      Free:      800M (46%)         788M (45%)        1296M (74%)        1456M (83%)        1456M (83%)         788M (45%)    
[2026-04-03T02:40:09.233+0600][100.688s][info][gc,heap     ] GC(114) y:      Used:      950M (54%)         962M (55%)         454M (26%)         294M (17%)         962M (55%)         294M (17%)    
[2026-04-03T02:40:09.233+0600][100.688s][info][gc,heap     ] GC(114) y: Young Generation Statistics:
[2026-04-03T02:40:09.233+0600][100.688s][info][gc,heap     ] GC(114) y:                Mark Start          Mark End        Relocate Start      Relocate End    
[2026-04-03T02:40:09.233+0600][100.688s][info][gc,heap     ] GC(114) y:      Used:      682M (39%)         694M (40%)         186M (11%)          26M (1%)     
[2026-04-03T02:40:09.233+0600][100.689s][info][gc,heap     ] GC(114) y:      Live:         -                 6M (0%)            6M (0%)            6M (0%)     
[2026-04-03T02:40:09.233+0600][100.689s][info][gc,heap     ] GC(114) y:   Garbage:         -               675M (39%)         165M (9%)            0M (0%)     
[2026-04-03T02:40:09.233+0600][100.689s][info][gc,heap     ] GC(114) y: Allocated:         -                12M (1%)           14M (1%)           19M (1%)     
[2026-04-03T02:40:09.233+0600][100.689s][info][gc,heap     ] GC(114) y: Reclaimed:         -                  -               510M (29%)         675M (39%)    
[2026-04-03T02:40:09.233+0600][100.689s][info][gc,heap     ] GC(114) y:  Promoted:         -                  -                 0M (0%)            0M (0%)     
[2026-04-03T02:40:09.233+0600][100.689s][info][gc,heap     ] GC(114) y: Compacted:         -                  -                  -                 4M (0%)     
[2026-04-03T02:40:09.233+0600][100.689s][info][gc,phases   ] GC(114) y: Young Generation 950M(54%)->294M(17%) 0.025s
[2026-04-03T02:40:09.233+0600][100.689s][info][gc          ] GC(114) Minor Collection (Allocation Rate) 950M(54%)->294M(17%) 0.026s
[2026-04-03T02:40:10.342+0600][101.797s][info][gc          ] GC(115) Minor Collection (Allocation Rate)
[2026-04-03T02:40:10.342+0600][101.798s][info][gc,task     ] GC(115) Using 2 Workers for Young Generation
[2026-04-03T02:40:10.342+0600][101.798s][info][gc,phases   ] GC(115) y: Young Generation
[2026-04-03T02:40:10.342+0600][101.798s][info][gc,phases   ] GC(115) y: Pause Mark Start 0.023ms
[2026-04-03T02:40:10.373+0600][101.828s][info][gc,phases   ] GC(115) y: Concurrent Mark 30.386ms
[2026-04-03T02:40:10.373+0600][101.828s][info][gc,phases   ] GC(115) y: Pause Mark End 0.038ms
[2026-04-03T02:40:10.373+0600][101.829s][info][gc,phases   ] GC(115) y: Concurrent Mark Free 0.003ms
[2026-04-03T02:40:10.373+0600][101.829s][info][gc,phases   ] GC(115) y: Concurrent Reset Relocation Set 0.031ms
[2026-04-03T02:40:10.377+0600][101.833s][info][gc,reloc    ] GC(115) y: Using tenuring threshold: 4 (Computed)
[2026-04-03T02:40:10.377+0600][101.833s][info][gc,phases   ] GC(115) y: Concurrent Select Relocation Set 4.256ms
[2026-04-03T02:40:10.378+0600][101.833s][info][gc,phases   ] GC(115) y: Pause Relocate Start 0.044ms
[2026-04-03T02:40:10.384+0600][101.839s][info][gc,phases   ] GC(115) y: Concurrent Relocate 6.082ms
[2026-04-03T02:40:10.384+0600][101.840s][info][gc,alloc    ] GC(115) y:                         Mark Start        Mark End      Relocate Start    Relocate End   
[2026-04-03T02:40:10.384+0600][101.840s][info][gc,alloc    ] GC(115) y: Allocation Stalls:          0                0                0                0         
[2026-04-03T02:40:10.384+0600][101.840s][info][gc,load     ] GC(115) y: Load: 5.83 (49%) / 5.52 (46%) / 5.67 (47%)
[2026-04-03T02:40:10.384+0600][101.840s][info][gc,mmu      ] GC(115) y: MMU: 2ms/93.5%, 5ms/97.4%, 10ms/98.4%, 20ms/99.2%, 50ms/99.7%, 100ms/99.8%
[2026-04-03T02:40:10.384+0600][101.840s][info][gc,marking  ] GC(115) y: Mark: 2 stripe(s), 2 proactive flush(es), 1 terminate flush(es), 0 completion(s), 0 continuation(s) 
[2026-04-03T02:40:10.384+0600][101.840s][info][gc,marking  ] GC(115) y: Mark Stack Usage: 32M
[2026-04-03T02:40:10.384+0600][101.840s][info][gc,nmethod  ] GC(115) y: NMethods: 14036 registered, 4395 unregistered
[2026-04-03T02:40:10.384+0600][101.840s][info][gc,metaspace] GC(115) y: Metaspace: 128M used, 130M committed, 1152M reserved
[2026-04-03T02:40:10.384+0600][101.840s][info][gc,reloc    ] GC(115) y:                        Candidates     Selected     In-Place         Size        Empty    Relocated 
[2026-04-03T02:40:10.384+0600][101.840s][info][gc,reloc    ] GC(115) y: Small Pages:                  359          211            0         718M         284M           5M 
[2026-04-03T02:40:10.384+0600][101.840s][info][gc,reloc    ] GC(115) y: Medium Pages:                   5            0            0         160M         160M           0M 
[2026-04-03T02:40:10.384+0600][101.840s][info][gc,reloc    ] GC(115) y: Large Pages:                   17            0            0         102M         102M           0M 
[2026-04-03T02:40:10.384+0600][101.840s][info][gc,reloc    ] GC(115) y: Forwarding Usage: 1M
[2026-04-03T02:40:10.384+0600][101.840s][info][gc,reloc    ] GC(115) y: Age Table:
[2026-04-03T02:40:10.384+0600][101.840s][info][gc,reloc    ] GC(115) y:                    Live             Garbage             Small              Medium             Large        
[2026-04-03T02:40:10.384+0600][101.840s][info][gc,reloc    ] GC(115) y: Eden               3M (0%)          964M (55%)        353 / 208            5 / 0             17 / 0        
[2026-04-03T02:40:10.384+0600][101.840s][info][gc,reloc    ] GC(115) y: Survivor 1         1M (0%)            2M (0%)           2 / 1              0 / 0              0 / 0        
[2026-04-03T02:40:10.384+0600][101.840s][info][gc,reloc    ] GC(115) y: Survivor 2         2M (0%)            1M (0%)           2 / 1              0 / 0              0 / 0        
[2026-04-03T02:40:10.384+0600][101.840s][info][gc,reloc    ] GC(115) y: Survivor 3         2M (0%)            1M (0%)           2 / 1              0 / 0              0 / 0        
[2026-04-03T02:40:10.384+0600][101.840s][info][gc,heap     ] GC(115) y: Min Capacity: 8M(0%)
[2026-04-03T02:40:10.384+0600][101.840s][info][gc,heap     ] GC(115) y: Max Capacity: 1750M(100%)
[2026-04-03T02:40:10.384+0600][101.840s][info][gc,heap     ] GC(115) y: Soft Max Capacity: 1750M(100%)
[2026-04-03T02:40:10.384+0600][101.840s][info][gc,heap     ] GC(115) y: Heap Statistics:
[2026-04-03T02:40:10.384+0600][101.840s][info][gc,heap     ] GC(115) y:                Mark Start          Mark End        Relocate Start      Relocate End           High               Low         
[2026-04-03T02:40:10.384+0600][101.840s][info][gc,heap     ] GC(115) y:  Capacity:     1750M (100%)       1750M (100%)       1750M (100%)       1750M (100%)       1750M (100%)       1750M (100%)   
[2026-04-03T02:40:10.384+0600][101.840s][info][gc,heap     ] GC(115) y:      Free:      502M (29%)         484M (28%)        1030M (59%)        1388M (79%)        1392M (80%)         484M (28%)    
[2026-04-03T02:40:10.384+0600][101.840s][info][gc,heap     ] GC(115) y:      Used:     1248M (71%)        1266M (72%)         720M (41%)         362M (21%)        1266M (72%)         358M (20%)    
[2026-04-03T02:40:10.384+0600][101.840s][info][gc,heap     ] GC(115) y: Young Generation Statistics:
[2026-04-03T02:40:10.384+0600][101.840s][info][gc,heap     ] GC(115) y:                Mark Start          Mark End        Relocate Start      Relocate End    
[2026-04-03T02:40:10.384+0600][101.840s][info][gc,heap     ] GC(115) y:      Used:      980M (56%)         998M (57%)         452M (26%)          94M (5%)     
[2026-04-03T02:40:10.384+0600][101.840s][info][gc,heap     ] GC(115) y:      Live:         -                 9M (1%)            9M (1%)            9M (1%)     
[2026-04-03T02:40:10.385+0600][101.840s][info][gc,heap     ] GC(115) y:   Garbage:         -               970M (55%)         424M (24%)           0M (0%)     
[2026-04-03T02:40:10.385+0600][101.840s][info][gc,heap     ] GC(115) y: Allocated:         -                18M (1%)           18M (1%)           83M (5%)     
[2026-04-03T02:40:10.385+0600][101.840s][info][gc,heap     ] GC(115) y: Reclaimed:         -                  -               546M (31%)         969M (55%)    
[2026-04-03T02:40:10.385+0600][101.840s][info][gc,heap     ] GC(115) y:  Promoted:         -                  -                 0M (0%)            0M (0%)     
[2026-04-03T02:40:10.385+0600][101.840s][info][gc,heap     ] GC(115) y: Compacted:         -                  -                  -                 6M (0%)     
[2026-04-03T02:40:10.385+0600][101.840s][info][gc,phases   ] GC(115) y: Young Generation 1248M(71%)->362M(21%) 0.042s
[2026-04-03T02:40:10.385+0600][101.840s][info][gc          ] GC(115) Minor Collection (Allocation Rate) 1248M(71%)->362M(21%) 0.043s
[2026-04-03T02:40:10.995+0600][102.450s][info][gc          ] GC(116) Minor Collection (Allocation Rate)
[2026-04-03T02:40:10.995+0600][102.451s][info][gc,task     ] GC(116) Using 1 Workers for Young Generation
[2026-04-03T02:40:10.995+0600][102.451s][info][gc,phases   ] GC(116) y: Young Generation
[2026-04-03T02:40:10.995+0600][102.451s][info][gc,phases   ] GC(116) y: Pause Mark Start 0.022ms
[2026-04-03T02:40:11.047+0600][102.503s][info][gc,phases   ] GC(116) y: Concurrent Mark 51.689ms
[2026-04-03T02:40:11.048+0600][102.503s][info][gc,phases   ] GC(116) y: Pause Mark End 0.018ms
[2026-04-03T02:40:11.048+0600][102.503s][info][gc,phases   ] GC(116) y: Concurrent Mark Free 0.001ms
[2026-04-03T02:40:11.048+0600][102.503s][info][gc,phases   ] GC(116) y: Concurrent Reset Relocation Set 0.015ms
[2026-04-03T02:40:11.050+0600][102.506s][info][gc,reloc    ] GC(116) y: Using tenuring threshold: 5 (Computed)
[2026-04-03T02:40:11.051+0600][102.507s][info][gc,phases   ] GC(116) y: Concurrent Select Relocation Set 3.758ms
[2026-04-03T02:40:11.052+0600][102.507s][info][gc,phases   ] GC(116) y: Pause Relocate Start 0.014ms
[2026-04-03T02:40:11.064+0600][102.519s][info][gc,phases   ] GC(116) y: Concurrent Relocate 12.371ms
[2026-04-03T02:40:11.064+0600][102.520s][info][gc,alloc    ] GC(116) y:                         Mark Start        Mark End      Relocate Start    Relocate End   
[2026-04-03T02:40:11.064+0600][102.520s][info][gc,alloc    ] GC(116) y: Allocation Stalls:          0                0                0                0         
[2026-04-03T02:40:11.064+0600][102.520s][info][gc,load     ] GC(116) y: Load: 5.83 (49%) / 5.52 (46%) / 5.67 (47%)
[2026-04-03T02:40:11.064+0600][102.520s][info][gc,mmu      ] GC(116) y: MMU: 2ms/93.5%, 5ms/97.4%, 10ms/98.4%, 20ms/99.2%, 50ms/99.7%, 100ms/99.8%
[2026-04-03T02:40:11.064+0600][102.520s][info][gc,marking  ] GC(116) y: Mark: 1 stripe(s), 2 proactive flush(es), 1 terminate flush(es), 0 completion(s), 0 continuation(s) 
[2026-04-03T02:40:11.064+0600][102.520s][info][gc,marking  ] GC(116) y: Mark Stack Usage: 32M
[2026-04-03T02:40:11.064+0600][102.520s][info][gc,nmethod  ] GC(116) y: NMethods: 14043 registered, 4395 unregistered
[2026-04-03T02:40:11.064+0600][102.520s][info][gc,metaspace] GC(116) y: Metaspace: 128M used, 130M committed, 1152M reserved
[2026-04-03T02:40:11.064+0600][102.520s][info][gc,reloc    ] GC(116) y:                        Candidates     Selected     In-Place         Size        Empty    Relocated 
[2026-04-03T02:40:11.064+0600][102.520s][info][gc,reloc    ] GC(116) y: Small Pages:                  345          191            0         690M         290M          10M 
[2026-04-03T02:40:11.064+0600][102.520s][info][gc,reloc    ] GC(116) y: Medium Pages:                   3            0            0          96M          96M           0M 
[2026-04-03T02:40:11.064+0600][102.520s][info][gc,reloc    ] GC(116) y: Large Pages:                   12            0            0          72M          72M           0M 
[2026-04-03T02:40:11.064+0600][102.520s][info][gc,reloc    ] GC(116) y: Forwarding Usage: 3M
[2026-04-03T02:40:11.064+0600][102.520s][info][gc,reloc    ] GC(116) y: Age Table:
[2026-04-03T02:40:11.064+0600][102.520s][info][gc,reloc    ] GC(116) y:                    Live             Garbage             Small              Medium             Large        
[2026-04-03T02:40:11.064+0600][102.520s][info][gc,reloc    ] GC(116) y: Eden               7M (0%)          814M (47%)        327 / 178            3 / 0             12 / 0        
[2026-04-03T02:40:11.064+0600][102.520s][info][gc,reloc    ] GC(116) y: Survivor 1         2M (0%)            7M (0%)           5 / 3              0 / 0              0 / 0        
[2026-04-03T02:40:11.064+0600][102.520s][info][gc,reloc    ] GC(116) y: Survivor 2         1M (0%)           16M (1%)           9 / 8              0 / 0              0 / 0        
[2026-04-03T02:40:11.064+0600][102.520s][info][gc,reloc    ] GC(116) y: Survivor 3         2M (0%)            1M (0%)           2 / 1              0 / 0              0 / 0        
[2026-04-03T02:40:11.064+0600][102.520s][info][gc,reloc    ] GC(116) y: Survivor 4         2M (0%)            1M (0%)           2 / 1              0 / 0              0 / 0        
[2026-04-03T02:40:11.064+0600][102.520s][info][gc,heap     ] GC(116) y: Min Capacity: 8M(0%)
[2026-04-03T02:40:11.064+0600][102.520s][info][gc,heap     ] GC(116) y: Max Capacity: 1750M(100%)
[2026-04-03T02:40:11.064+0600][102.520s][info][gc,heap     ] GC(116) y: Soft Max Capacity: 1750M(100%)
[2026-04-03T02:40:11.064+0600][102.520s][info][gc,heap     ] GC(116) y: Heap Statistics:
[2026-04-03T02:40:11.064+0600][102.520s][info][gc,heap     ] GC(116) y:                Mark Start          Mark End        Relocate Start      Relocate End           High               Low         
[2026-04-03T02:40:11.064+0600][102.520s][info][gc,heap     ] GC(116) y:  Capacity:     1750M (100%)       1750M (100%)       1750M (100%)       1750M (100%)       1750M (100%)       1750M (100%)   
[2026-04-03T02:40:11.064+0600][102.520s][info][gc,heap     ] GC(116) y:      Free:      624M (36%)         536M (31%)         994M (57%)        1364M (78%)        1364M (78%)         536M (31%)    
[2026-04-03T02:40:11.064+0600][102.520s][info][gc,heap     ] GC(116) y:      Used:     1126M (64%)        1214M (69%)         756M (43%)         386M (22%)        1214M (69%)         386M (22%)    
[2026-04-03T02:40:11.064+0600][102.520s][info][gc,heap     ] GC(116) y: Young Generation Statistics:
[2026-04-03T02:40:11.064+0600][102.520s][info][gc,heap     ] GC(116) y:                Mark Start          Mark End        Relocate Start      Relocate End    
[2026-04-03T02:40:11.064+0600][102.520s][info][gc,heap     ] GC(116) y:      Used:      858M (49%)         946M (54%)         488M (28%)         118M (7%)     
[2026-04-03T02:40:11.064+0600][102.520s][info][gc,heap     ] GC(116) y:      Live:         -                15M (1%)           15M (1%)           15M (1%)     
[2026-04-03T02:40:11.064+0600][102.520s][info][gc,heap     ] GC(116) y:   Garbage:         -               842M (48%)         384M (22%)           0M (0%)     
[2026-04-03T02:40:11.064+0600][102.520s][info][gc,heap     ] GC(116) y: Allocated:         -                88M (5%)           88M (5%)          102M (6%)     
[2026-04-03T02:40:11.064+0600][102.520s][info][gc,heap     ] GC(116) y: Reclaimed:         -                  -               458M (26%)         842M (48%)    
[2026-04-03T02:40:11.064+0600][102.520s][info][gc,heap     ] GC(116) y:  Promoted:         -                  -                 0M (0%)            0M (0%)     
[2026-04-03T02:40:11.064+0600][102.520s][info][gc,heap     ] GC(116) y: Compacted:         -                  -                  -                11M (1%)     
[2026-04-03T02:40:11.064+0600][102.520s][info][gc,phases   ] GC(116) y: Young Generation 1126M(64%)->386M(22%) 0.069s
[2026-04-03T02:40:11.064+0600][102.520s][info][gc          ] GC(116) Minor Collection (Allocation Rate) 1126M(64%)->386M(22%) 0.069s
[2026-04-03T02:40:11.182+0600][102.637s][info][gc          ] GC(117) Minor Collection (Allocation Rate)
[2026-04-03T02:40:11.182+0600][102.637s][info][gc,task     ] GC(117) Using 1 Workers for Young Generation
[2026-04-03T02:40:11.182+0600][102.637s][info][gc,phases   ] GC(117) y: Young Generation
[2026-04-03T02:40:11.182+0600][102.637s][info][gc,phases   ] GC(117) y: Pause Mark Start 0.021ms
[2026-04-03T02:40:11.239+0600][102.695s][info][gc,phases   ] GC(117) y: Concurrent Mark 57.014ms
[2026-04-03T02:40:11.240+0600][102.695s][info][gc,phases   ] GC(117) y: Pause Mark End 0.031ms
[2026-04-03T02:40:11.240+0600][102.695s][info][gc,phases   ] GC(117) y: Concurrent Mark Free 0.003ms
[2026-04-03T02:40:11.240+0600][102.695s][info][gc,phases   ] GC(117) y: Concurrent Reset Relocation Set 0.023ms
[2026-04-03T02:40:11.243+0600][102.698s][info][gc,reloc    ] GC(117) y: Using tenuring threshold: 3 (Computed)
[2026-04-03T02:40:11.245+0600][102.701s][info][gc,phases   ] GC(117) y: Concurrent Select Relocation Set 5.429ms
[2026-04-03T02:40:11.246+0600][102.701s][info][gc,phases   ] GC(117) y: Pause Relocate Start 0.021ms
[2026-04-03T02:40:11.254+0600][102.710s][info][gc,phases   ] GC(117) y: Concurrent Relocate 8.194ms
[2026-04-03T02:40:11.254+0600][102.710s][info][gc,alloc    ] GC(117) y:                         Mark Start        Mark End      Relocate Start    Relocate End   
[2026-04-03T02:40:11.254+0600][102.710s][info][gc,alloc    ] GC(117) y: Allocation Stalls:          0                0                0                0         
[2026-04-03T02:40:11.254+0600][102.710s][info][gc,load     ] GC(117) y: Load: 5.83 (49%) / 5.52 (46%) / 5.67 (47%)
[2026-04-03T02:40:11.254+0600][102.710s][info][gc,mmu      ] GC(117) y: MMU: 2ms/93.5%, 5ms/97.4%, 10ms/98.4%, 20ms/99.2%, 50ms/99.7%, 100ms/99.8%
[2026-04-03T02:40:11.254+0600][102.710s][info][gc,marking  ] GC(117) y: Mark: 1 stripe(s), 2 proactive flush(es), 1 terminate flush(es), 0 completion(s), 0 continuation(s) 
[2026-04-03T02:40:11.254+0600][102.710s][info][gc,marking  ] GC(117) y: Mark Stack Usage: 32M
[2026-04-03T02:40:11.254+0600][102.710s][info][gc,nmethod  ] GC(117) y: NMethods: 14051 registered, 4395 unregistered
[2026-04-03T02:40:11.254+0600][102.710s][info][gc,metaspace] GC(117) y: Metaspace: 128M used, 130M committed, 1152M reserved
[2026-04-03T02:40:11.254+0600][102.710s][info][gc,reloc    ] GC(117) y:                        Candidates     Selected     In-Place         Size        Empty    Relocated 
[2026-04-03T02:40:11.254+0600][102.710s][info][gc,reloc    ] GC(117) y: Small Pages:                   91           64            0         182M          34M           6M 
[2026-04-03T02:40:11.254+0600][102.710s][info][gc,reloc    ] GC(117) y: Medium Pages:                   1            0            0          32M          32M           0M 
[2026-04-03T02:40:11.254+0600][102.710s][info][gc,reloc    ] GC(117) y: Large Pages:                  110            0            0         660M         642M           0M 
[2026-04-03T02:40:11.254+0600][102.710s][info][gc,reloc    ] GC(117) y: Forwarding Usage: 0M
[2026-04-03T02:40:11.254+0600][102.710s][info][gc,reloc    ] GC(117) y: Age Table:
[2026-04-03T02:40:11.254+0600][102.710s][info][gc,reloc    ] GC(117) y:                    Live             Garbage             Small              Medium             Large        
[2026-04-03T02:40:11.254+0600][102.710s][info][gc,reloc    ] GC(117) y: Eden              23M (1%)          826M (47%)         79 / 58             1 / 0            110 / 0        
[2026-04-03T02:40:11.254+0600][102.710s][info][gc,reloc    ] GC(117) y: Survivor 1         2M (0%)            5M (0%)           4 / 2              0 / 0              0 / 0        
[2026-04-03T02:40:11.254+0600][102.710s][info][gc,reloc    ] GC(117) y: Survivor 2         2M (0%)            3M (0%)           3 / 2              0 / 0              0 / 0        
[2026-04-03T02:40:11.254+0600][102.710s][info][gc,reloc    ] GC(117) y: Survivor 3         1M (0%)            0M (0%)           1 / 0              0 / 0              0 / 0        
[2026-04-03T02:40:11.254+0600][102.710s][info][gc,reloc    ] GC(117) y: Survivor 4         2M (0%)            1M (0%)           2 / 1              0 / 0              0 / 0        
[2026-04-03T02:40:11.254+0600][102.710s][info][gc,reloc    ] GC(117) y: Survivor 5         2M (0%)            1M (0%)           2 / 1              0 / 0              0 / 0        
[2026-04-03T02:40:11.254+0600][102.710s][info][gc,heap     ] GC(117) y: Min Capacity: 8M(0%)
[2026-04-03T02:40:11.254+0600][102.710s][info][gc,heap     ] GC(117) y: Max Capacity: 1750M(100%)
[2026-04-03T02:40:11.254+0600][102.710s][info][gc,heap     ] GC(117) y: Soft Max Capacity: 1750M(100%)
[2026-04-03T02:40:11.254+0600][102.710s][info][gc,heap     ] GC(117) y: Heap Statistics:
[2026-04-03T02:40:11.254+0600][102.710s][info][gc,heap     ] GC(117) y:                Mark Start          Mark End        Relocate Start      Relocate End           High               Low         
[2026-04-03T02:40:11.254+0600][102.710s][info][gc,heap     ] GC(117) y:  Capacity:     1750M (100%)       1750M (100%)       1750M (100%)       1750M (100%)       1750M (100%)       1750M (100%)   
[2026-04-03T02:40:11.254+0600][102.710s][info][gc,heap     ] GC(117) y:      Free:      608M (35%)         356M (20%)        1064M (61%)        1188M (68%)        1188M (68%)         356M (20%)    
[2026-04-03T02:40:11.254+0600][102.710s][info][gc,heap     ] GC(117) y:      Used:     1142M (65%)        1394M (80%)         686M (39%)         562M (32%)        1394M (80%)         562M (32%)    
[2026-04-03T02:40:11.254+0600][102.710s][info][gc,heap     ] GC(117) y: Young Generation Statistics:
[2026-04-03T02:40:11.254+0600][102.710s][info][gc,heap     ] GC(117) y:                Mark Start          Mark End        Relocate Start      Relocate End    
[2026-04-03T02:40:11.254+0600][102.710s][info][gc,heap     ] GC(117) y:      Used:      874M (50%)        1126M (64%)         412M (24%)         286M (16%)    
[2026-04-03T02:40:11.254+0600][102.710s][info][gc,heap     ] GC(117) y:      Live:         -                34M (2%)           29M (2%)           28M (2%)     
[2026-04-03T02:40:11.255+0600][102.710s][info][gc,heap     ] GC(117) y:   Garbage:         -               839M (48%)         130M (7%)            0M (0%)     
[2026-04-03T02:40:11.255+0600][102.710s][info][gc,heap     ] GC(117) y: Allocated:         -               252M (14%)         252M (14%)         257M (15%)    
[2026-04-03T02:40:11.255+0600][102.710s][info][gc,heap     ] GC(117) y: Reclaimed:         -                  -               708M (41%)         839M (48%)    
[2026-04-03T02:40:11.255+0600][102.710s][info][gc,heap     ] GC(117) y:  Promoted:         -                  -                 5M (0%)            6M (0%)     
[2026-04-03T02:40:11.255+0600][102.710s][info][gc,heap     ] GC(117) y: Compacted:         -                  -                  -                 6M (0%)     
[2026-04-03T02:40:11.255+0600][102.710s][info][gc,phases   ] GC(117) y: Young Generation 1142M(65%)->562M(32%) 0.072s
[2026-04-03T02:40:11.255+0600][102.710s][info][gc          ] GC(117) Minor Collection (Allocation Rate) 1142M(65%)->564M(32%) 0.073s
[2026-04-03T02:40:11.487+0600][102.942s][info][gc          ] GC(118) Minor Collection (Allocation Rate)
[2026-04-03T02:40:11.487+0600][102.942s][info][gc,task     ] GC(118) Using 1 Workers for Young Generation
[2026-04-03T02:40:11.487+0600][102.942s][info][gc,phases   ] GC(118) y: Young Generation
[2026-04-03T02:40:11.487+0600][102.943s][info][gc,phases   ] GC(118) y: Pause Mark Start 0.045ms
[2026-04-03T02:40:11.516+0600][102.971s][info][gc,phases   ] GC(118) y: Concurrent Mark 28.575ms
[2026-04-03T02:40:11.516+0600][102.972s][info][gc,phases   ] GC(118) y: Pause Mark End 0.018ms
[2026-04-03T02:40:11.516+0600][102.972s][info][gc,phases   ] GC(118) y: Concurrent Mark Free 0.002ms
[2026-04-03T02:40:11.516+0600][102.972s][info][gc,phases   ] GC(118) y: Concurrent Reset Relocation Set 0.020ms
[2026-04-03T02:40:11.518+0600][102.973s][info][gc,reloc    ] GC(118) y: Using tenuring threshold: 4 (Computed)
[2026-04-03T02:40:11.518+0600][102.974s][info][gc,phases   ] GC(118) y: Concurrent Select Relocation Set 2.139ms
[2026-04-03T02:40:11.519+0600][102.974s][info][gc,phases   ] GC(118) y: Pause Relocate Start 0.013ms
[2026-04-03T02:40:11.522+0600][102.977s][info][gc,phases   ] GC(118) y: Concurrent Relocate 3.269ms
[2026-04-03T02:40:11.522+0600][102.977s][info][gc,alloc    ] GC(118) y:                         Mark Start        Mark End      Relocate Start    Relocate End   
[2026-04-03T02:40:11.522+0600][102.977s][info][gc,alloc    ] GC(118) y: Allocation Stalls:          0                0                0                0         
[2026-04-03T02:40:11.522+0600][102.977s][info][gc,load     ] GC(118) y: Load: 5.83 (49%) / 5.52 (46%) / 5.67 (47%)
[2026-04-03T02:40:11.522+0600][102.977s][info][gc,mmu      ] GC(118) y: MMU: 2ms/93.5%, 5ms/97.4%, 10ms/98.4%, 20ms/99.2%, 50ms/99.7%, 100ms/99.8%
[2026-04-03T02:40:11.522+0600][102.977s][info][gc,marking  ] GC(118) y: Mark: 1 stripe(s), 2 proactive flush(es), 1 terminate flush(es), 0 completion(s), 0 continuation(s) 
[2026-04-03T02:40:11.522+0600][102.977s][info][gc,marking  ] GC(118) y: Mark Stack Usage: 32M
[2026-04-03T02:40:11.522+0600][102.977s][info][gc,nmethod  ] GC(118) y: NMethods: 14068 registered, 4395 unregistered
[2026-04-03T02:40:11.522+0600][102.977s][info][gc,metaspace] GC(118) y: Metaspace: 128M used, 130M committed, 1152M reserved
[2026-04-03T02:40:11.522+0600][102.977s][info][gc,reloc    ] GC(118) y:                        Candidates     Selected     In-Place         Size        Empty    Relocated 
[2026-04-03T02:40:11.522+0600][102.977s][info][gc,reloc    ] GC(118) y: Small Pages:                  102           84            0         204M          26M           2M 
[2026-04-03T02:40:11.522+0600][102.977s][info][gc,reloc    ] GC(118) y: Medium Pages:                   2            0            0          64M          64M           0M 
[2026-04-03T02:40:11.522+0600][102.977s][info][gc,reloc    ] GC(118) y: Large Pages:                   33            0            0         198M         198M           0M 
[2026-04-03T02:40:11.522+0600][102.977s][info][gc,reloc    ] GC(118) y: Forwarding Usage: 0M
[2026-04-03T02:40:11.522+0600][102.978s][info][gc,reloc    ] GC(118) y: Age Table:
[2026-04-03T02:40:11.522+0600][102.978s][info][gc,reloc    ] GC(118) y:                    Live             Garbage             Small              Medium             Large        
[2026-04-03T02:40:11.522+0600][102.978s][info][gc,reloc    ] GC(118) y: Eden               1M (0%)          432M (25%)         95 / 82             2 / 0             30 / 0        
[2026-04-03T02:40:11.522+0600][102.978s][info][gc,reloc    ] GC(118) y: Survivor 1         1M (0%)           22M (1%)           3 / 0              0 / 0              3 / 0        
[2026-04-03T02:40:11.522+0600][102.978s][info][gc,reloc    ] GC(118) y: Survivor 2         2M (0%)            1M (0%)           2 / 1              0 / 0              0 / 0        
[2026-04-03T02:40:11.522+0600][102.978s][info][gc,reloc    ] GC(118) y: Survivor 3         2M (0%)            1M (0%)           2 / 1              0 / 0              0 / 0        
[2026-04-03T02:40:11.522+0600][102.978s][info][gc,heap     ] GC(118) y: Min Capacity: 8M(0%)
[2026-04-03T02:40:11.522+0600][102.978s][info][gc,heap     ] GC(118) y: Max Capacity: 1750M(100%)
[2026-04-03T02:40:11.522+0600][102.978s][info][gc,heap     ] GC(118) y: Soft Max Capacity: 1750M(100%)
[2026-04-03T02:40:11.522+0600][102.978s][info][gc,heap     ] GC(118) y: Heap Statistics:
[2026-04-03T02:40:11.522+0600][102.978s][info][gc,heap     ] GC(118) y:                Mark Start          Mark End        Relocate Start      Relocate End           High               Low         
[2026-04-03T02:40:11.522+0600][102.978s][info][gc,heap     ] GC(118) y:  Capacity:     1750M (100%)       1750M (100%)       1750M (100%)       1750M (100%)       1750M (100%)       1750M (100%)   
[2026-04-03T02:40:11.522+0600][102.978s][info][gc,heap     ] GC(118) y:      Free:     1008M (58%)         988M (56%)        1276M (73%)        1438M (82%)        1438M (82%)         988M (56%)    
[2026-04-03T02:40:11.522+0600][102.978s][info][gc,heap     ] GC(118) y:      Used:      742M (42%)         762M (44%)         474M (27%)         312M (18%)         762M (44%)         312M (18%)    
[2026-04-03T02:40:11.522+0600][102.978s][info][gc,heap     ] GC(118) y: Young Generation Statistics:
[2026-04-03T02:40:11.522+0600][102.978s][info][gc,heap     ] GC(118) y:                Mark Start          Mark End        Relocate Start      Relocate End    
[2026-04-03T02:40:11.522+0600][102.978s][info][gc,heap     ] GC(118) y:      Used:      466M (27%)         486M (28%)         198M (11%)          36M (2%)     
[2026-04-03T02:40:11.522+0600][102.978s][info][gc,heap     ] GC(118) y:      Live:         -                 8M (0%)            8M (0%)            8M (0%)     
[2026-04-03T02:40:11.522+0600][102.978s][info][gc,heap     ] GC(118) y:   Garbage:         -               457M (26%)         169M (10%)           1M (0%)     
[2026-04-03T02:40:11.522+0600][102.978s][info][gc,heap     ] GC(118) y: Allocated:         -                20M (1%)           20M (1%)           26M (2%)     
[2026-04-03T02:40:11.522+0600][102.978s][info][gc,heap     ] GC(118) y: Reclaimed:         -                  -               288M (16%)         456M (26%)    
[2026-04-03T02:40:11.522+0600][102.978s][info][gc,heap     ] GC(118) y:  Promoted:         -                  -                 0M (0%)            0M (0%)     
[2026-04-03T02:40:11.522+0600][102.978s][info][gc,heap     ] GC(118) y: Compacted:         -                  -                  -                 3M (0%)     
[2026-04-03T02:40:11.522+0600][102.978s][info][gc,phases   ] GC(118) y: Young Generation 742M(42%)->312M(18%) 0.035s
[2026-04-03T02:40:11.522+0600][102.978s][info][gc          ] GC(118) Minor Collection (Allocation Rate) 742M(42%)->312M(18%) 0.035s
[2026-04-03T02:40:12.104+0600][103.559s][info][gc          ] GC(119) Minor Collection (Allocation Rate)
[2026-04-03T02:40:12.104+0600][103.559s][info][gc,task     ] GC(119) Using 1 Workers for Young Generation
[2026-04-03T02:40:12.104+0600][103.559s][info][gc,phases   ] GC(119) y: Young Generation
[2026-04-03T02:40:12.106+0600][103.562s][info][gc,phases   ] GC(119) y: Pause Mark Start 0.021ms
[2026-04-03T02:40:12.161+0600][103.616s][info][gc,phases   ] GC(119) y: Concurrent Mark 54.395ms
[2026-04-03T02:40:12.161+0600][103.617s][info][gc,phases   ] GC(119) y: Pause Mark End 0.029ms
[2026-04-03T02:40:12.161+0600][103.617s][info][gc,phases   ] GC(119) y: Concurrent Mark Free 0.003ms
[2026-04-03T02:40:12.161+0600][103.617s][info][gc,phases   ] GC(119) y: Concurrent Reset Relocation Set 0.013ms
[2026-04-03T02:40:12.166+0600][103.621s][info][gc,reloc    ] GC(119) y: Using tenuring threshold: 5 (Computed)
[2026-04-03T02:40:12.166+0600][103.622s][info][gc,phases   ] GC(119) y: Concurrent Select Relocation Set 5.004ms
[2026-04-03T02:40:12.167+0600][103.622s][info][gc,phases   ] GC(119) y: Pause Relocate Start 0.032ms
[2026-04-03T02:40:12.172+0600][103.628s][info][gc,phases   ] GC(119) y: Concurrent Relocate 5.295ms
[2026-04-03T02:40:12.172+0600][103.628s][info][gc,alloc    ] GC(119) y:                         Mark Start        Mark End      Relocate Start    Relocate End   
[2026-04-03T02:40:12.172+0600][103.628s][info][gc,alloc    ] GC(119) y: Allocation Stalls:          0                0                0                0         
[2026-04-03T02:40:12.172+0600][103.628s][info][gc,load     ] GC(119) y: Load: 5.83 (49%) / 5.52 (46%) / 5.67 (47%)
[2026-04-03T02:40:12.172+0600][103.628s][info][gc,mmu      ] GC(119) y: MMU: 2ms/93.5%, 5ms/97.4%, 10ms/98.4%, 20ms/99.2%, 50ms/99.7%, 100ms/99.8%
[2026-04-03T02:40:12.172+0600][103.628s][info][gc,marking  ] GC(119) y: Mark: 1 stripe(s), 2 proactive flush(es), 1 terminate flush(es), 0 completion(s), 0 continuation(s) 
[2026-04-03T02:40:12.172+0600][103.628s][info][gc,marking  ] GC(119) y: Mark Stack Usage: 32M
[2026-04-03T02:40:12.172+0600][103.628s][info][gc,nmethod  ] GC(119) y: NMethods: 14073 registered, 4395 unregistered
[2026-04-03T02:40:12.172+0600][103.628s][info][gc,metaspace] GC(119) y: Metaspace: 128M used, 130M committed, 1152M reserved
[2026-04-03T02:40:12.172+0600][103.628s][info][gc,reloc    ] GC(119) y:                        Candidates     Selected     In-Place         Size        Empty    Relocated 
[2026-04-03T02:40:12.172+0600][103.628s][info][gc,reloc    ] GC(119) y: Small Pages:                  205          153            0         410M          92M           2M 
[2026-04-03T02:40:12.172+0600][103.628s][info][gc,reloc    ] GC(119) y: Medium Pages:                   3            0            0          96M          64M           0M 
[2026-04-03T02:40:12.172+0600][103.628s][info][gc,reloc    ] GC(119) y: Large Pages:                    8            0            0          48M          48M           0M 
[2026-04-03T02:40:12.172+0600][103.628s][info][gc,reloc    ] GC(119) y: Forwarding Usage: 0M
[2026-04-03T02:40:12.172+0600][103.628s][info][gc,reloc    ] GC(119) y: Age Table:
[2026-04-03T02:40:12.172+0600][103.628s][info][gc,reloc    ] GC(119) y:                    Live             Garbage             Small              Medium             Large        
[2026-04-03T02:40:12.173+0600][103.628s][info][gc,reloc    ] GC(119) y: Eden               3M (0%)          536M (31%)        198 / 151            3 / 0              8 / 0        
[2026-04-03T02:40:12.173+0600][103.628s][info][gc,reloc    ] GC(119) y: Survivor 1         1M (0%)            0M (0%)           1 / 0              0 / 0              0 / 0        
[2026-04-03T02:40:12.173+0600][103.628s][info][gc,reloc    ] GC(119) y: Survivor 2         1M (0%)            2M (0%)           2 / 0              0 / 0              0 / 0        
[2026-04-03T02:40:12.173+0600][103.628s][info][gc,reloc    ] GC(119) y: Survivor 3         2M (0%)            1M (0%)           2 / 1              0 / 0              0 / 0        
[2026-04-03T02:40:12.173+0600][103.628s][info][gc,reloc    ] GC(119) y: Survivor 4         2M (0%)            1M (0%)           2 / 1              0 / 0              0 / 0        
[2026-04-03T02:40:12.173+0600][103.628s][info][gc,heap     ] GC(119) y: Min Capacity: 8M(0%)
[2026-04-03T02:40:12.173+0600][103.628s][info][gc,heap     ] GC(119) y: Max Capacity: 1750M(100%)
[2026-04-03T02:40:12.173+0600][103.628s][info][gc,heap     ] GC(119) y: Soft Max Capacity: 1750M(100%)
[2026-04-03T02:40:12.173+0600][103.628s][info][gc,heap     ] GC(119) y: Heap Statistics:
[2026-04-03T02:40:12.173+0600][103.628s][info][gc,heap     ] GC(119) y:                Mark Start          Mark End        Relocate Start      Relocate End           High               Low         
[2026-04-03T02:40:12.173+0600][103.628s][info][gc,heap     ] GC(119) y:  Capacity:     1750M (100%)       1750M (100%)       1750M (100%)       1750M (100%)       1750M (100%)       1750M (100%)   
[2026-04-03T02:40:12.173+0600][103.628s][info][gc,heap     ] GC(119) y:      Free:      920M (53%)         850M (49%)        1052M (60%)        1354M (77%)        1354M (77%)         848M (48%)    
[2026-04-03T02:40:12.173+0600][103.628s][info][gc,heap     ] GC(119) y:      Used:      830M (47%)         900M (51%)         698M (40%)         396M (23%)         902M (52%)         396M (23%)    
[2026-04-03T02:40:12.173+0600][103.628s][info][gc,heap     ] GC(119) y: Young Generation Statistics:
[2026-04-03T02:40:12.173+0600][103.628s][info][gc,heap     ] GC(119) y:                Mark Start          Mark End        Relocate Start      Relocate End    
[2026-04-03T02:40:12.173+0600][103.628s][info][gc,heap     ] GC(119) y:      Used:      554M (32%)         624M (36%)         422M (24%)         120M (7%)     
[2026-04-03T02:40:12.173+0600][103.628s][info][gc,heap     ] GC(119) y:      Live:         -                11M (1%)           11M (1%)           11M (1%)     
[2026-04-03T02:40:12.173+0600][103.628s][info][gc,heap     ] GC(119) y:   Garbage:         -               542M (31%)         338M (19%)          31M (2%)     
[2026-04-03T02:40:12.173+0600][103.628s][info][gc,heap     ] GC(119) y: Allocated:         -                70M (4%)           72M (4%)           76M (4%)     
[2026-04-03T02:40:12.173+0600][103.628s][info][gc,heap     ] GC(119) y: Reclaimed:         -                  -               204M (12%)         510M (29%)    
[2026-04-03T02:40:12.173+0600][103.628s][info][gc,heap     ] GC(119) y:  Promoted:         -                  -                 0M (0%)            0M (0%)     
[2026-04-03T02:40:12.173+0600][103.628s][info][gc,heap     ] GC(119) y: Compacted:         -                  -                  -                 3M (0%)     
[2026-04-03T02:40:12.173+0600][103.628s][info][gc,phases   ] GC(119) y: Young Generation 862M(49%)->396M(23%) 0.068s
[2026-04-03T02:40:12.173+0600][103.628s][info][gc          ] GC(119) Minor Collection (Allocation Rate) 862M(49%)->398M(23%) 0.069s
[2026-04-03T02:40:12.802+0600][104.258s][info][gc          ] GC(120) Major Collection (Allocation Rate)
[2026-04-03T02:40:12.802+0600][104.258s][info][gc,task     ] GC(120) Using 1 Workers for Young Generation
[2026-04-03T02:40:12.802+0600][104.258s][info][gc,task     ] GC(120) Using 1 Workers for Old Generation
[2026-04-03T02:40:12.803+0600][104.258s][info][gc,phases   ] GC(120) Y: Young Generation
[2026-04-03T02:40:12.803+0600][104.258s][info][gc,phases   ] GC(120) Y: Pause Mark Start (Major) 0.031ms
[2026-04-03T02:40:12.861+0600][104.316s][info][gc,phases   ] GC(120) Y: Concurrent Mark 58.131ms
[2026-04-03T02:40:12.861+0600][104.317s][info][gc,phases   ] GC(120) Y: Pause Mark End 0.037ms
[2026-04-03T02:40:12.862+0600][104.317s][info][gc,phases   ] GC(120) Y: Concurrent Mark Free 0.002ms
[2026-04-03T02:40:12.862+0600][104.317s][info][gc,phases   ] GC(120) Y: Concurrent Reset Relocation Set 0.015ms
[2026-04-03T02:40:12.864+0600][104.320s][info][gc,reloc    ] GC(120) Y: Using tenuring threshold: 5 (Computed)
[2026-04-03T02:40:12.866+0600][104.321s][info][gc,phases   ] GC(120) Y: Concurrent Select Relocation Set 4.239ms
[2026-04-03T02:40:12.866+0600][104.322s][info][gc,phases   ] GC(120) Y: Pause Relocate Start 0.016ms
[2026-04-03T02:40:12.873+0600][104.329s][info][gc,phases   ] GC(120) Y: Concurrent Relocate 7.100ms
[2026-04-03T02:40:12.873+0600][104.329s][info][gc,alloc    ] GC(120) Y:                         Mark Start        Mark End      Relocate Start    Relocate End   
[2026-04-03T02:40:12.873+0600][104.329s][info][gc,alloc    ] GC(120) Y: Allocation Stalls:          0                0                0                0         
[2026-04-03T02:40:12.873+0600][104.329s][info][gc,load     ] GC(120) Y: Load: 5.83 (49%) / 5.52 (46%) / 5.67 (47%)
[2026-04-03T02:40:12.873+0600][104.329s][info][gc,mmu      ] GC(120) Y: MMU: 2ms/93.5%, 5ms/97.4%, 10ms/98.4%, 20ms/99.2%, 50ms/99.7%, 100ms/99.8%
[2026-04-03T02:40:12.873+0600][104.329s][info][gc,marking  ] GC(120) Y: Mark: 1 stripe(s), 2 proactive flush(es), 1 terminate flush(es), 0 completion(s), 0 continuation(s) 
[2026-04-03T02:40:12.873+0600][104.329s][info][gc,marking  ] GC(120) Y: Mark Stack Usage: 32M
[2026-04-03T02:40:12.873+0600][104.329s][info][gc,nmethod  ] GC(120) Y: NMethods: 14074 registered, 4395 unregistered
[2026-04-03T02:40:12.873+0600][104.329s][info][gc,metaspace] GC(120) Y: Metaspace: 128M used, 130M committed, 1152M reserved
[2026-04-03T02:40:12.873+0600][104.329s][info][gc,reloc    ] GC(120) Y:                        Candidates     Selected     In-Place         Size        Empty    Relocated 
[2026-04-03T02:40:12.873+0600][104.329s][info][gc,reloc    ] GC(120) Y: Small Pages:                  211          108            0         422M         192M           4M 
[2026-04-03T02:40:12.873+0600][104.329s][info][gc,reloc    ] GC(120) Y: Medium Pages:                   4            0            0         128M         128M           0M 
[2026-04-03T02:40:12.874+0600][104.329s][info][gc,reloc    ] GC(120) Y: Large Pages:                   12            0            0          72M          72M           0M 
[2026-04-03T02:40:12.874+0600][104.329s][info][gc,reloc    ] GC(120) Y: Forwarding Usage: 1M
[2026-04-03T02:40:12.874+0600][104.329s][info][gc,reloc    ] GC(120) Y: Age Table:
[2026-04-03T02:40:12.874+0600][104.329s][info][gc,reloc    ] GC(120) Y:                    Live             Garbage             Small              Medium             Large        
[2026-04-03T02:40:12.874+0600][104.329s][info][gc,reloc    ] GC(120) Y: Eden               2M (0%)          571M (33%)        203 / 105            3 / 0             12 / 0        
[2026-04-03T02:40:12.874+0600][104.329s][info][gc,reloc    ] GC(120) Y: Survivor 1         1M (0%)           32M (2%)           1 / 0              1 / 0              0 / 0        
[2026-04-03T02:40:12.874+0600][104.329s][info][gc,reloc    ] GC(120) Y: Survivor 2         1M (0%)            0M (0%)           1 / 0              0 / 0              0 / 0        
[2026-04-03T02:40:12.874+0600][104.329s][info][gc,reloc    ] GC(120) Y: Survivor 3         1M (0%)            2M (0%)           2 / 2              0 / 0              0 / 0        
[2026-04-03T02:40:12.874+0600][104.329s][info][gc,reloc    ] GC(120) Y: Survivor 4         2M (0%)            1M (0%)           2 / 0              0 / 0              0 / 0        
[2026-04-03T02:40:12.874+0600][104.329s][info][gc,reloc    ] GC(120) Y: Survivor 5         2M (0%)            1M (0%)           2 / 1              0 / 0              0 / 0        
[2026-04-03T02:40:12.874+0600][104.329s][info][gc,heap     ] GC(120) Y: Min Capacity: 8M(0%)
[2026-04-03T02:40:12.874+0600][104.329s][info][gc,heap     ] GC(120) Y: Max Capacity: 1750M(100%)
[2026-04-03T02:40:12.874+0600][104.329s][info][gc,heap     ] GC(120) Y: Soft Max Capacity: 1750M(100%)
[2026-04-03T02:40:12.874+0600][104.329s][info][gc,heap     ] GC(120) Y: Heap Statistics:
[2026-04-03T02:40:12.874+0600][104.329s][info][gc,heap     ] GC(120) Y:                Mark Start          Mark End        Relocate Start      Relocate End           High               Low         
[2026-04-03T02:40:12.874+0600][104.329s][info][gc,heap     ] GC(120) Y:  Capacity:     1750M (100%)       1750M (100%)       1750M (100%)       1750M (100%)       1750M (100%)       1750M (100%)   
[2026-04-03T02:40:12.874+0600][104.329s][info][gc,heap     ] GC(120) Y:      Free:      852M (49%)         768M (44%)        1158M (66%)        1366M (78%)        1366M (78%)         768M (44%)    
[2026-04-03T02:40:12.874+0600][104.329s][info][gc,heap     ] GC(120) Y:      Used:      898M (51%)         982M (56%)         592M (34%)         384M (22%)         982M (56%)         384M (22%)    
[2026-04-03T02:40:12.874+0600][104.329s][info][gc,heap     ] GC(120) Y: Young Generation Statistics:
[2026-04-03T02:40:12.874+0600][104.329s][info][gc,heap     ] GC(120) Y:                Mark Start          Mark End        Relocate Start      Relocate End    
[2026-04-03T02:40:12.874+0600][104.329s][info][gc,heap     ] GC(120) Y:      Used:      622M (36%)         706M (40%)         314M (18%)         104M (6%)     
[2026-04-03T02:40:12.874+0600][104.329s][info][gc,heap     ] GC(120) Y:      Live:         -                12M (1%)           10M (1%)           10M (1%)     
[2026-04-03T02:40:12.874+0600][104.329s][info][gc,heap     ] GC(120) Y:   Garbage:         -               609M (35%)         217M (12%)           0M (0%)     
[2026-04-03T02:40:12.874+0600][104.329s][info][gc,heap     ] GC(120) Y: Allocated:         -                84M (5%)           86M (5%)           93M (5%)     
[2026-04-03T02:40:12.874+0600][104.329s][info][gc,heap     ] GC(120) Y: Reclaimed:         -                  -               392M (22%)         609M (35%)    
[2026-04-03T02:40:12.874+0600][104.329s][info][gc,heap     ] GC(120) Y:  Promoted:         -                  -                 1M (0%)            2M (0%)     
[2026-04-03T02:40:12.874+0600][104.329s][info][gc,heap     ] GC(120) Y: Compacted:         -                  -                  -                 6M (0%)     
[2026-04-03T02:40:12.874+0600][104.329s][info][gc,phases   ] GC(120) Y: Young Generation 898M(51%)->384M(22%) 0.071s
[2026-04-03T02:40:12.874+0600][104.329s][info][gc,phases   ] GC(120) O: Old Generation
[2026-04-03T02:40:13.263+0600][104.719s][info][gc,phases   ] GC(120) O: Concurrent Mark 389.497ms
[2026-04-03T02:40:13.263+0600][104.719s][info][gc,phases   ] GC(120) O: Pause Mark End 0.026ms
[2026-04-03T02:40:13.264+0600][104.719s][info][gc,phases   ] GC(120) O: Concurrent Mark Free 0.002ms
[2026-04-03T02:40:13.342+0600][104.798s][info][gc,phases   ] GC(120) O: Concurrent Process Non-Strong 78.792ms
[2026-04-03T02:40:13.343+0600][104.798s][info][gc,phases   ] GC(120) O: Concurrent Reset Relocation Set 0.008ms
[2026-04-03T02:40:13.348+0600][104.804s][info][gc,phases   ] GC(120) O: Concurrent Select Relocation Set 5.582ms
[2026-04-03T02:40:13.348+0600][104.804s][info][gc,task     ] GC(120) O: Using 2 Workers for Old Generation
[2026-04-03T02:40:13.384+0600][104.840s][info][gc,task     ] GC(120) O: Using 1 Workers for Old Generation
[2026-04-03T02:40:13.384+0600][104.840s][info][gc,phases   ] GC(120) O: Concurrent Remap Roots 36.261ms
[2026-04-03T02:40:13.385+0600][104.840s][info][gc,phases   ] GC(120) O: Pause Relocate Start 0.026ms
[2026-04-03T02:40:13.503+0600][104.958s][info][gc,phases   ] GC(120) O: Concurrent Relocate 117.982ms
[2026-04-03T02:40:13.503+0600][104.959s][info][gc,alloc    ] GC(120) O:                         Mark Start        Mark End      Relocate Start    Relocate End   
[2026-04-03T02:40:13.503+0600][104.959s][info][gc,alloc    ] GC(120) O: Allocation Stalls:          0                0                0                0         
[2026-04-03T02:40:13.503+0600][104.959s][info][gc,load     ] GC(120) O: Load: 5.83 (49%) / 5.52 (46%) / 5.67 (47%)
[2026-04-03T02:40:13.503+0600][104.959s][info][gc,mmu      ] GC(120) O: MMU: 2ms/93.5%, 5ms/97.4%, 10ms/98.4%, 20ms/99.2%, 50ms/99.7%, 100ms/99.8%
[2026-04-03T02:40:13.503+0600][104.959s][info][gc,marking  ] GC(120) O: Mark: 1 stripe(s), 2 proactive flush(es), 1 terminate flush(es), 0 completion(s), 0 continuation(s) 
[2026-04-03T02:40:13.503+0600][104.959s][info][gc,marking  ] GC(120) O: Mark Stack Usage: 32M
[2026-04-03T02:40:13.503+0600][104.959s][info][gc,nmethod  ] GC(120) O: NMethods: 7522 registered, 0 unregistered
[2026-04-03T02:40:13.503+0600][104.959s][info][gc,metaspace] GC(120) O: Metaspace: 128M used, 130M committed, 1152M reserved
[2026-04-03T02:40:13.503+0600][104.959s][info][gc,ref      ] GC(120) O:                       Encountered   Discovered     Enqueued 
[2026-04-03T02:40:13.503+0600][104.959s][info][gc,ref      ] GC(120) O: Soft References:             6389            0            0 
[2026-04-03T02:40:13.503+0600][104.959s][info][gc,ref      ] GC(120) O: Weak References:            43679        32349        24021 
[2026-04-03T02:40:13.503+0600][104.959s][info][gc,ref      ] GC(120) O: Final References:              84            0            0 
[2026-04-03T02:40:13.503+0600][104.959s][info][gc,ref      ] GC(120) O: Phantom References:           620          592            0 
[2026-04-03T02:40:13.503+0600][104.959s][info][gc,reloc    ] GC(120) O:                        Candidates     Selected     In-Place         Size        Empty    Relocated 
[2026-04-03T02:40:13.503+0600][104.959s][info][gc,reloc    ] GC(120) O: Small Pages:                  122           39            0         244M           4M          18M 
[2026-04-03T02:40:13.503+0600][104.959s][info][gc,reloc    ] GC(120) O: Medium Pages:                   1            0            0          32M           0M           0M 
[2026-04-03T02:40:13.503+0600][104.959s][info][gc,reloc    ] GC(120) O: Large Pages:                    0            0            0           0M           0M           0M 
[2026-04-03T02:40:13.503+0600][104.959s][info][gc,reloc    ] GC(120) O: Forwarding Usage: 12M
[2026-04-03T02:40:13.503+0600][104.959s][info][gc,heap     ] GC(120) O: Min Capacity: 8M(0%)
[2026-04-03T02:40:13.503+0600][104.959s][info][gc,heap     ] GC(120) O: Max Capacity: 1750M(100%)
[2026-04-03T02:40:13.503+0600][104.959s][info][gc,heap     ] GC(120) O: Soft Max Capacity: 1750M(100%)
[2026-04-03T02:40:13.503+0600][104.959s][info][gc,heap     ] GC(120) O: Heap Statistics:
[2026-04-03T02:40:13.503+0600][104.959s][info][gc,heap     ] GC(120) O:                Mark Start          Mark End        Relocate Start      Relocate End           High               Low         
[2026-04-03T02:40:13.503+0600][104.959s][info][gc,heap     ] GC(120) O:  Capacity:     1750M (100%)       1750M (100%)       1750M (100%)       1750M (100%)       1750M (100%)       1750M (100%)   
[2026-04-03T02:40:13.503+0600][104.959s][info][gc,heap     ] GC(120) O:      Free:      852M (49%)         866M (49%)         684M (39%)         600M (34%)        1366M (78%)         598M (34%)    
[2026-04-03T02:40:13.503+0600][104.959s][info][gc,heap     ] GC(120) O:      Used:      898M (51%)         884M (51%)        1066M (61%)        1150M (66%)        1152M (66%)         384M (22%)    
[2026-04-03T02:40:13.503+0600][104.959s][info][gc,heap     ] GC(120) O: Old Generation Statistics:
[2026-04-03T02:40:13.503+0600][104.959s][info][gc,heap     ] GC(120) O:                Mark Start          Mark End        Relocate Start      Relocate End    
[2026-04-03T02:40:13.504+0600][104.959s][info][gc,heap     ] GC(120) O:      Used:      276M (16%)         280M (16%)         276M (16%)         212M (12%)    
[2026-04-03T02:40:13.504+0600][104.959s][info][gc,heap     ] GC(120) O:      Live:         -               155M (9%)          155M (9%)          155M (9%)     
[2026-04-03T02:40:13.504+0600][104.959s][info][gc,heap     ] GC(120) O:   Garbage:         -               120M (7%)          116M (7%)           30M (2%)     
[2026-04-03T02:40:13.504+0600][104.959s][info][gc,heap     ] GC(120) O: Allocated:         -                 4M (0%)            4M (0%)           25M (1%)     
[2026-04-03T02:40:13.504+0600][104.959s][info][gc,heap     ] GC(120) O: Reclaimed:         -                  -                 4M (0%)           89M (5%)     
[2026-04-03T02:40:13.504+0600][104.959s][info][gc,heap     ] GC(120) O: Compacted:         -                  -                  -                54M (3%)     
[2026-04-03T02:40:13.504+0600][104.959s][info][gc,phases   ] GC(120) O: Old Generation 384M(22%)->1150M(66%) 0.629s
[2026-04-03T02:40:13.504+0600][104.959s][info][gc          ] GC(120) Major Collection (Allocation Rate) 898M(51%)->1150M(66%) 0.701s
[2026-04-03T02:40:13.686+0600][105.141s][info][gc          ] GC(121) Minor Collection (Allocation Rate)
[2026-04-03T02:40:13.686+0600][105.141s][info][gc,task     ] GC(121) Using 1 Workers for Young Generation
[2026-04-03T02:40:13.686+0600][105.141s][info][gc,phases   ] GC(121) y: Young Generation
[2026-04-03T02:40:13.686+0600][105.142s][info][gc,phases   ] GC(121) y: Pause Mark Start 0.032ms
[2026-04-03T02:40:13.778+0600][105.233s][info][gc,phases   ] GC(121) y: Concurrent Mark 91.321ms
[2026-04-03T02:40:13.778+0600][105.233s][info][gc,phases   ] GC(121) y: Pause Mark End 0.028ms
[2026-04-03T02:40:13.778+0600][105.234s][info][gc,phases   ] GC(121) y: Concurrent Mark Free 0.002ms
[2026-04-03T02:40:13.778+0600][105.234s][info][gc,phases   ] GC(121) y: Concurrent Reset Relocation Set 0.018ms
[2026-04-03T02:40:13.783+0600][105.238s][info][gc,reloc    ] GC(121) y: Using tenuring threshold: 3 (Computed)
[2026-04-03T02:40:13.786+0600][105.241s][info][gc,phases   ] GC(121) y: Concurrent Select Relocation Set 7.791ms
[2026-04-03T02:40:13.786+0600][105.242s][info][gc,phases   ] GC(121) y: Pause Relocate Start 0.021ms
[2026-04-03T02:40:13.823+0600][105.278s][info][gc,phases   ] GC(121) y: Concurrent Relocate 36.356ms
[2026-04-03T02:40:13.823+0600][105.279s][info][gc,alloc    ] GC(121) y:                         Mark Start        Mark End      Relocate Start    Relocate End   
[2026-04-03T02:40:13.823+0600][105.279s][info][gc,alloc    ] GC(121) y: Allocation Stalls:          0                0                0                0         
[2026-04-03T02:40:13.823+0600][105.279s][info][gc,load     ] GC(121) y: Load: 5.83 (49%) / 5.52 (46%) / 5.67 (47%)
[2026-04-03T02:40:13.823+0600][105.279s][info][gc,mmu      ] GC(121) y: MMU: 2ms/93.5%, 5ms/97.4%, 10ms/98.4%, 20ms/99.2%, 50ms/99.7%, 100ms/99.8%
[2026-04-03T02:40:13.823+0600][105.279s][info][gc,marking  ] GC(121) y: Mark: 1 stripe(s), 2 proactive flush(es), 1 terminate flush(es), 0 completion(s), 0 continuation(s) 
[2026-04-03T02:40:13.823+0600][105.279s][info][gc,marking  ] GC(121) y: Mark Stack Usage: 32M
[2026-04-03T02:40:13.823+0600][105.279s][info][gc,nmethod  ] GC(121) y: NMethods: 7533 registered, 0 unregistered
[2026-04-03T02:40:13.823+0600][105.279s][info][gc,metaspace] GC(121) y: Metaspace: 128M used, 130M committed, 1152M reserved
[2026-04-03T02:40:13.823+0600][105.279s][info][gc,reloc    ] GC(121) y:                        Candidates     Selected     In-Place         Size        Empty    Relocated 
[2026-04-03T02:40:13.823+0600][105.279s][info][gc,reloc    ] GC(121) y: Small Pages:                  514          249            0        1028M         510M           9M 
[2026-04-03T02:40:13.823+0600][105.279s][info][gc,reloc    ] GC(121) y: Medium Pages:                   3            0            0          96M          96M           0M 
[2026-04-03T02:40:13.823+0600][105.279s][info][gc,reloc    ] GC(121) y: Large Pages:                   15            0            0          90M          90M           0M 
[2026-04-03T02:40:13.823+0600][105.279s][info][gc,reloc    ] GC(121) y: Forwarding Usage: 4M
[2026-04-03T02:40:13.823+0600][105.279s][info][gc,reloc    ] GC(121) y: Age Table:
[2026-04-03T02:40:13.823+0600][105.279s][info][gc,reloc    ] GC(121) y:                    Live             Garbage             Small              Medium             Large        
[2026-04-03T02:40:13.823+0600][105.279s][info][gc,reloc    ] GC(121) y: Eden               8M (0%)         1189M (68%)        506 / 246            3 / 0             15 / 0        
[2026-04-03T02:40:13.823+0600][105.279s][info][gc,reloc    ] GC(121) y: Survivor 1         1M (0%)            2M (0%)           2 / 1              0 / 0              0 / 0        
[2026-04-03T02:40:13.823+0600][105.279s][info][gc,reloc    ] GC(121) y: Survivor 2         1M (0%)            2M (0%)           2 / 1              0 / 0              0 / 0        
[2026-04-03T02:40:13.823+0600][105.279s][info][gc,reloc    ] GC(121) y: Survivor 3         1M (0%)            0M (0%)           1 / 0              0 / 0              0 / 0        
[2026-04-03T02:40:13.823+0600][105.279s][info][gc,reloc    ] GC(121) y: Survivor 4         1M (0%)            0M (0%)           1 / 0              0 / 0              0 / 0        
[2026-04-03T02:40:13.823+0600][105.279s][info][gc,reloc    ] GC(121) y: Survivor 5         2M (0%)            1M (0%)           2 / 1              0 / 0              0 / 0        
[2026-04-03T02:40:13.823+0600][105.279s][info][gc,heap     ] GC(121) y: Min Capacity: 8M(0%)
[2026-04-03T02:40:13.823+0600][105.279s][info][gc,heap     ] GC(121) y: Max Capacity: 1750M(100%)
[2026-04-03T02:40:13.823+0600][105.279s][info][gc,heap     ] GC(121) y: Soft Max Capacity: 1750M(100%)
[2026-04-03T02:40:13.823+0600][105.279s][info][gc,heap     ] GC(121) y: Heap Statistics:
[2026-04-03T02:40:13.823+0600][105.279s][info][gc,heap     ] GC(121) y:                Mark Start          Mark End        Relocate Start      Relocate End           High               Low         
[2026-04-03T02:40:13.823+0600][105.279s][info][gc,heap     ] GC(121) y:  Capacity:     1750M (100%)       1750M (100%)       1750M (100%)       1750M (100%)       1750M (100%)       1750M (100%)   
[2026-04-03T02:40:13.823+0600][105.279s][info][gc,heap     ] GC(121) y:      Free:      324M (19%)         166M (9%)          862M (49%)        1322M (76%)        1324M (76%)         166M (9%)     
[2026-04-03T02:40:13.823+0600][105.279s][info][gc,heap     ] GC(121) y:      Used:     1426M (81%)        1584M (91%)         888M (51%)         428M (24%)        1584M (91%)         426M (24%)    
[2026-04-03T02:40:13.823+0600][105.279s][info][gc,heap     ] GC(121) y: Young Generation Statistics:
[2026-04-03T02:40:13.823+0600][105.279s][info][gc,heap     ] GC(121) y:                Mark Start          Mark End        Relocate Start      Relocate End    
[2026-04-03T02:40:13.823+0600][105.279s][info][gc,heap     ] GC(121) y:      Used:     1214M (69%)        1372M (78%)         670M (38%)         208M (12%)    
[2026-04-03T02:40:13.823+0600][105.279s][info][gc,heap     ] GC(121) y:      Live:         -                16M (1%)           11M (1%)           10M (1%)     
[2026-04-03T02:40:13.824+0600][105.279s][info][gc,heap     ] GC(121) y:   Garbage:         -              1197M (68%)         500M (29%)           0M (0%)     
[2026-04-03T02:40:13.824+0600][105.279s][info][gc,heap     ] GC(121) y: Allocated:         -               158M (9%)          158M (9%)          197M (11%)    
[2026-04-03T02:40:13.824+0600][105.279s][info][gc,heap     ] GC(121) y: Reclaimed:         -                  -               697M (40%)        1197M (68%)    
[2026-04-03T02:40:13.824+0600][105.279s][info][gc,heap     ] GC(121) y:  Promoted:         -                  -                 4M (0%)            5M (0%)     
[2026-04-03T02:40:13.824+0600][105.279s][info][gc,heap     ] GC(121) y: Compacted:         -                  -                  -                10M (1%)     
[2026-04-03T02:40:13.824+0600][105.279s][info][gc,phases   ] GC(121) y: Young Generation 1426M(81%)->428M(24%) 0.137s
[2026-04-03T02:40:13.824+0600][105.279s][info][gc          ] GC(121) Minor Collection (Allocation Rate) 1426M(81%)->428M(24%) 0.138s
[2026-04-03T02:40:14.774+0600][106.229s][info][gc,exit     ] Stopping ZGC
[2026-04-03T02:40:14.774+0600][106.229s][info][gc,stats    ] === Garbage Collection Statistics =======================================================================================================================
[2026-04-03T02:40:14.774+0600][106.230s][info][gc,stats    ]                                                              Last 10s              Last 10m              Last 10h                Total
[2026-04-03T02:40:14.774+0600][106.230s][info][gc,stats    ]                                                              Avg / Max             Avg / Max             Avg / Max             Avg / Max
[2026-04-03T02:40:14.774+0600][106.230s][info][gc,stats    ]        Contention: Mark Segment Reset Contention                     0 / 1                 7 / 460               7 / 460               7 / 460         ops/s
[2026-04-03T02:40:14.774+0600][106.230s][info][gc,stats    ]        Contention: Mark SeqNum Reset Contention                      0 / 0                 0 / 13                0 / 13                0 / 13          ops/s
[2026-04-03T02:40:14.774+0600][106.230s][info][gc,stats    ]          Critical: Allocation Stall                                  0 / 4                 0 / 4                 0 / 4                 0 / 4           ops/s
[2026-04-03T02:40:14.774+0600][106.230s][info][gc,stats    ]          Critical: Allocation Stall                             10.453 / 12.686       10.582 / 17.854       10.582 / 17.854       10.582 / 17.854      ms
[2026-04-03T02:40:14.774+0600][106.230s][info][gc,stats    ]          Critical: JNI Critical Stall                                4 / 14                3 / 16                3 / 16                3 / 16          ops/s
[2026-04-03T02:40:14.774+0600][106.230s][info][gc,stats    ]          Critical: JNI Critical Stall                            0.502 / 1.595         0.606 / 4.090         0.606 / 4.090         0.606 / 4.090       ms
[2026-04-03T02:40:14.774+0600][106.230s][info][gc,stats    ]          Critical: Relocation Stall                                  0 / 0                 0 / 0                 0 / 0                 0 / 0           ops/s
[2026-04-03T02:40:14.774+0600][106.230s][info][gc,stats    ]          Critical: Relocation Stall                              0.000 / 0.000         0.000 / 0.000         0.000 / 0.000         0.000 / 0.000       ms
[2026-04-03T02:40:14.774+0600][106.230s][info][gc,stats    ]  Major Collection: Major Collection                            701.203 / 701.203     332.267 / 857.221     332.267 / 857.221     332.267 / 857.221     ms
[2026-04-03T02:40:14.774+0600][106.230s][info][gc,stats    ]            Memory: Allocation Rate                                1210 / 2078            915 / 2130            915 / 2130            915 / 2130        MB/s
[2026-04-03T02:40:14.774+0600][106.230s][info][gc,stats    ]            Memory: Defragment                                       38 / 147              28 / 181              28 / 181              28 / 181         ops/s
[2026-04-03T02:40:14.774+0600][106.230s][info][gc,stats    ]            Memory: Out Of Memory                                     0 / 0                 0 / 0                 0 / 0                 0 / 0           ops/s
[2026-04-03T02:40:14.774+0600][106.230s][info][gc,stats    ]            Memory: Page Cache Flush                                133 / 326             133 / 822             133 / 822             133 / 822         MB/s
[2026-04-03T02:40:14.774+0600][106.230s][info][gc,stats    ]            Memory: Page Cache Hit L1                               402 / 602             291 / 645             291 / 645             291 / 645         ops/s
[2026-04-03T02:40:14.774+0600][106.230s][info][gc,stats    ]            Memory: Page Cache Hit L2                                 0 / 0                 0 / 0                 0 / 0                 0 / 0           ops/s
[2026-04-03T02:40:14.774+0600][106.230s][info][gc,stats    ]            Memory: Page Cache Hit L3                                29 / 97               24 / 136              24 / 136              24 / 136         ops/s
[2026-04-03T02:40:14.774+0600][106.230s][info][gc,stats    ]            Memory: Page Cache Miss                                   4 / 19               10 / 86               10 / 86               10 / 86          ops/s
[2026-04-03T02:40:14.774+0600][106.230s][info][gc,stats    ]            Memory: Uncommit                                          0 / 0                 0 / 0                 0 / 0                 0 / 0           MB/s
[2026-04-03T02:40:14.774+0600][106.230s][info][gc,stats    ]            Memory: Undo Object Allocation Failed                     0 / 0                 0 / 0                 0 / 0                 0 / 0           ops/s
[2026-04-03T02:40:14.774+0600][106.230s][info][gc,stats    ]            Memory: Undo Object Allocation Succeeded                480 / 4809            129 / 6232            129 / 6232            129 / 6232        ops/s
[2026-04-03T02:40:14.774+0600][106.230s][info][gc,stats    ]            Memory: Undo Page Allocation                              0 / 3                 0 / 6                 0 / 6                 0 / 6           ops/s
[2026-04-03T02:40:14.774+0600][106.230s][info][gc,stats    ]  Minor Collection: Minor Collection                             64.666 / 137.797      71.304 / 426.746      71.304 / 426.746      71.304 / 426.746     ms
[2026-04-03T02:40:14.774+0600][106.230s][info][gc,stats    ]    Old Generation: Old Generation                              629.379 / 629.379     243.131 / 780.931     243.131 / 780.931     243.131 / 780.931     ms
[2026-04-03T02:40:14.774+0600][106.230s][info][gc,stats    ]         Old Pause: Pause Mark End                                0.026 / 0.026         0.026 / 0.049         0.026 / 0.049         0.026 / 0.049       ms
[2026-04-03T02:40:14.774+0600][106.230s][info][gc,stats    ]         Old Pause: Pause Relocate Start                          0.026 / 0.026         0.026 / 0.054         0.026 / 0.054         0.026 / 0.054       ms
[2026-04-03T02:40:14.774+0600][106.230s][info][gc,stats    ]         Old Phase: Concurrent Mark                             389.497 / 389.497     135.346 / 453.941     135.346 / 453.941     135.346 / 453.941     ms
[2026-04-03T02:40:14.774+0600][106.230s][info][gc,stats    ]         Old Phase: Concurrent Mark Continue                      0.000 / 0.000         0.000 / 0.000         0.000 / 0.000         0.000 / 0.000       ms
[2026-04-03T02:40:14.774+0600][106.230s][info][gc,stats    ]         Old Phase: Concurrent Mark Free                          0.002 / 0.002         0.004 / 0.027         0.004 / 0.027         0.004 / 0.027       ms
[2026-04-03T02:40:14.774+0600][106.230s][info][gc,stats    ]         Old Phase: Concurrent Process Non-Strong                78.792 / 78.792       35.547 / 88.977       35.547 / 88.977       35.547 / 88.977      ms
[2026-04-03T02:40:14.774+0600][106.230s][info][gc,stats    ]         Old Phase: Concurrent Relocate                         117.982 / 117.982      36.011 / 136.291      36.011 / 136.291      36.011 / 136.291     ms
[2026-04-03T02:40:14.775+0600][106.230s][info][gc,stats    ]         Old Phase: Concurrent Remap Roots                       36.261 / 36.261       25.205 / 46.507       25.205 / 46.507       25.205 / 46.507      ms
[2026-04-03T02:40:14.775+0600][106.230s][info][gc,stats    ]         Old Phase: Concurrent Reset Relocation Set               0.008 / 0.008         0.004 / 0.012         0.004 / 0.012         0.004 / 0.012       ms
[2026-04-03T02:40:14.775+0600][106.230s][info][gc,stats    ]         Old Phase: Concurrent Select Relocation Set              5.582 / 5.582         3.997 / 13.997        3.997 / 13.997        3.997 / 13.997      ms
[2026-04-03T02:40:14.775+0600][106.230s][info][gc,stats    ]      Old Subphase: Concurrent Classes Purge                      8.180 / 8.180         1.724 / 8.180         1.724 / 8.180         1.724 / 8.180       ms
[2026-04-03T02:40:14.775+0600][106.230s][info][gc,stats    ]      Old Subphase: Concurrent Classes Unlink                    57.025 / 57.025       24.686 / 62.786       24.686 / 62.786       24.686 / 62.786      ms
[2026-04-03T02:40:14.775+0600][106.230s][info][gc,stats    ]      Old Subphase: Concurrent Mark Follow                      386.839 / 386.839     133.756 / 449.085     133.756 / 449.085     133.756 / 449.085     ms
[2026-04-03T02:40:14.775+0600][106.230s][info][gc,stats    ]      Old Subphase: Concurrent Mark Root Colored                  0.313 / 0.313         0.248 / 0.595         0.248 / 0.595         0.248 / 0.595       ms
[2026-04-03T02:40:14.775+0600][106.230s][info][gc,stats    ]      Old Subphase: Concurrent Mark Root Uncolored                2.068 / 2.068         0.950 / 4.221         0.950 / 4.221         0.950 / 4.221       ms
[2026-04-03T02:40:14.775+0600][106.230s][info][gc,stats    ]      Old Subphase: Concurrent Mark Roots                         2.650 / 2.650         1.584 / 4.845         1.584 / 4.845         1.584 / 4.845       ms
[2026-04-03T02:40:14.775+0600][106.230s][info][gc,stats    ]      Old Subphase: Concurrent References Enqueue                 0.008 / 0.008         0.004 / 0.012         0.004 / 0.012         0.004 / 0.012       ms
[2026-04-03T02:40:14.775+0600][106.230s][info][gc,stats    ]      Old Subphase: Concurrent References Process                 7.746 / 7.746         2.585 / 12.928        2.585 / 12.928        2.585 / 12.928      ms
[2026-04-03T02:40:14.775+0600][106.230s][info][gc,stats    ]      Old Subphase: Concurrent Remap Remembered                  28.096 / 28.108       18.334 / 30.176       18.334 / 30.176       18.334 / 30.176      ms
[2026-04-03T02:40:14.775+0600][106.230s][info][gc,stats    ]      Old Subphase: Concurrent Remap Roots Colored                4.167 / 4.188         2.047 / 4.533         2.047 / 4.533         2.047 / 4.533       ms
[2026-04-03T02:40:14.775+0600][106.230s][info][gc,stats    ]      Old Subphase: Concurrent Remap Roots Uncolored              3.751 / 3.754         3.749 / 11.559        3.749 / 11.559        3.749 / 11.559      ms
[2026-04-03T02:40:14.775+0600][106.230s][info][gc,stats    ]      Old Subphase: Concurrent Roots ClassLoaderDataGraph         2.470 / 3.594         1.135 / 3.837         1.135 / 3.837         1.135 / 3.837       ms
[2026-04-03T02:40:14.775+0600][106.230s][info][gc,stats    ]      Old Subphase: Concurrent Roots CodeCache                    3.645 / 3.647         3.702 / 11.395        3.702 / 11.395        3.702 / 11.395      ms
[2026-04-03T02:40:14.775+0600][106.230s][info][gc,stats    ]      Old Subphase: Concurrent Roots JavaThreads                  0.657 / 2.067         0.321 / 4.219         0.321 / 4.219         0.321 / 4.219       ms
[2026-04-03T02:40:14.775+0600][106.230s][info][gc,stats    ]      Old Subphase: Concurrent Roots OopStorageSet                0.050 / 0.082         0.027 / 0.158         0.027 / 0.158         0.027 / 0.158       ms
[2026-04-03T02:40:14.775+0600][106.230s][info][gc,stats    ]      Old Subphase: Concurrent Weak Roots OopStorageSet           2.019 / 4.939         0.921 / 5.741         0.921 / 5.741         0.921 / 5.741       ms
[2026-04-03T02:40:14.775+0600][106.230s][info][gc,stats    ]            System: Java Threads                                    281 / 282             254 / 285             254 / 285             254 / 285         threads
[2026-04-03T02:40:14.775+0600][106.230s][info][gc,stats    ]  Young Generation: Young Generation                             70.899 / 70.899       91.261 / 256.985      91.261 / 256.985      91.261 / 256.985     ms
[2026-04-03T02:40:14.775+0600][106.230s][info][gc,stats    ]  Young Generation: Young Generation                             64.060 / 137.162      70.717 / 426.113      70.717 / 426.113      70.717 / 426.113     ms
[2026-04-03T02:40:14.775+0600][106.230s][info][gc,stats    ]  Young Generation: Young Generation (Collect Roots)              0.000 / 0.000        15.844 / 17.806       15.844 / 17.806       15.844 / 17.806      ms
[2026-04-03T02:40:14.775+0600][106.230s][info][gc,stats    ]  Young Generation: Young Generation (Promote All)                0.000 / 0.000        63.116 / 126.131      63.116 / 126.131      63.116 / 126.131     ms
[2026-04-03T02:40:14.775+0600][106.230s][info][gc,stats    ]       Young Pause: Pause Mark End                                0.027 / 0.038         0.028 / 0.129         0.028 / 0.129         0.028 / 0.129       ms
[2026-04-03T02:40:14.775+0600][106.230s][info][gc,stats    ]       Young Pause: Pause Mark Start                              0.024 / 0.045         0.026 / 0.078         0.026 / 0.078         0.026 / 0.078       ms
[2026-04-03T02:40:14.775+0600][106.230s][info][gc,stats    ]       Young Pause: Pause Mark Start (Major)                      0.031 / 0.031         0.022 / 0.032         0.022 / 0.032         0.022 / 0.032       ms
[2026-04-03T02:40:14.775+0600][106.230s][info][gc,stats    ]       Young Pause: Pause Relocate Start                          0.021 / 0.044         0.020 / 0.061         0.020 / 0.061         0.020 / 0.061       ms
[2026-04-03T02:40:14.775+0600][106.230s][info][gc,stats    ]       Young Phase: Concurrent Mark                              49.172 / 91.321       52.431 / 256.793      52.431 / 256.793      52.431 / 256.793     ms
[2026-04-03T02:40:14.775+0600][106.230s][info][gc,stats    ]       Young Phase: Concurrent Mark Continue                      0.000 / 0.000         0.000 / 0.000         0.000 / 0.000         0.000 / 0.000       ms
[2026-04-03T02:40:14.775+0600][106.230s][info][gc,stats    ]       Young Phase: Concurrent Mark Free                          0.002 / 0.003         0.007 / 0.285         0.007 / 0.285         0.007 / 0.285       ms
[2026-04-03T02:40:14.775+0600][106.230s][info][gc,stats    ]       Young Phase: Concurrent Relocate                           9.524 / 36.356       11.141 / 129.260      11.141 / 129.260      11.141 / 129.260     ms
[2026-04-03T02:40:14.775+0600][106.230s][info][gc,stats    ]       Young Phase: Concurrent Reset Relocation Set               0.020 / 0.042         0.020 / 0.072         0.020 / 0.072         0.020 / 0.072       ms
[2026-04-03T02:40:14.775+0600][106.230s][info][gc,stats    ]       Young Phase: Concurrent Select Relocation Set              4.411 / 7.791         5.159 / 37.529        5.159 / 37.529        5.159 / 37.529      ms
[2026-04-03T02:40:14.775+0600][106.230s][info][gc,stats    ]    Young Subphase: Concurrent Mark Follow                       25.743 / 65.800       29.493 / 240.542      29.493 / 240.542      29.493 / 240.542     ms
[2026-04-03T02:40:14.775+0600][106.230s][info][gc,stats    ]    Young Subphase: Concurrent Mark Root Colored                  4.936 / 8.815         5.699 / 16.619        5.699 / 16.619        5.699 / 16.619      ms
[2026-04-03T02:40:14.775+0600][106.230s][info][gc,stats    ]    Young Subphase: Concurrent Mark Root Uncolored               17.327 / 26.094       14.798 / 32.717       14.798 / 32.717       14.798 / 32.717      ms
[2026-04-03T02:40:14.775+0600][106.230s][info][gc,stats    ]    Young Subphase: Concurrent Mark Roots                        23.420 / 30.933       22.929 / 38.898       22.929 / 38.898       22.929 / 38.898      ms
[2026-04-03T02:40:14.775+0600][106.230s][info][gc,stats    ]    Young Subphase: Concurrent Relocate Remset FP                 1.174 / 5.017         1.618 / 44.991        1.618 / 44.991        1.618 / 44.991      ms
[2026-04-03T02:40:14.775+0600][106.230s][info][gc,stats    ]    Young Subphase: Concurrent Roots ClassLoaderDataGraph         2.161 / 4.318         2.934 / 7.400         2.934 / 7.400         2.934 / 7.400       ms
[2026-04-03T02:40:14.775+0600][106.230s][info][gc,stats    ]    Young Subphase: Concurrent Roots CodeCache                   15.603 / 23.550       13.276 / 29.035       13.276 / 29.035       13.276 / 29.035      ms
[2026-04-03T02:40:14.775+0600][106.230s][info][gc,stats    ]    Young Subphase: Concurrent Roots JavaThreads                  0.872 / 3.201         0.790 / 5.603         0.790 / 5.603         0.790 / 5.603       ms
[2026-04-03T02:40:14.775+0600][106.230s][info][gc,stats    ]    Young Subphase: Concurrent Roots OopStorageSet                0.057 / 0.103         0.088 / 3.633         0.088 / 3.633         0.088 / 3.633       ms
[2026-04-03T02:40:14.775+0600][106.230s][info][gc,stats    ]    Young Subphase: Concurrent Weak Roots OopStorageSet           2.711 / 5.931         2.677 / 8.352         2.677 / 8.352         2.677 / 8.352       ms
[2026-04-03T02:40:14.775+0600][106.231s][info][gc,stats    ] =========================================================================================================================================================
[2026-04-03T02:40:14.775+0600][106.231s][info][gc,heap,exit] Heap
[2026-04-03T02:40:14.775+0600][106.231s][info][gc,heap,exit]  ZHeap           used 650M, capacity 1750M, max capacity 1750M
[2026-04-03T02:40:14.775+0600][106.231s][info][gc,heap,exit]  Metaspace       used 132254K, committed 133696K, reserved 1179648K
[2026-04-03T02:40:14.775+0600][106.231s][info][gc,heap,exit]   class space    used 16654K, committed 17344K, reserved 1048576K
