[2026-04-03T02:46:33.364+0600][0.005s][info][gc,init] Initializing The Z Garbage Collector
[2026-04-03T02:46:33.364+0600][0.005s][info][gc,init] Version: 21.0.10+7-Ubuntu-124.04 (release)
[2026-04-03T02:46:33.364+0600][0.005s][info][gc,init] Using legacy single-generation mode
[2026-04-03T02:46:33.364+0600][0.005s][info][gc,init] NUMA Support: Disabled
[2026-04-03T02:46:33.364+0600][0.005s][info][gc,init] CPUs: 12 total, 12 available
[2026-04-03T02:46:33.364+0600][0.005s][info][gc,init] Memory: 15683M
[2026-04-03T02:46:33.364+0600][0.005s][info][gc,init] Large Page Support: Disabled
[2026-04-03T02:46:33.364+0600][0.005s][info][gc,init] GC Workers: 3 (dynamic)
[2026-04-03T02:46:33.364+0600][0.006s][info][gc,init] Address Space Type: Contiguous/Unrestricted/Complete
[2026-04-03T02:46:33.364+0600][0.006s][info][gc,init] Address Space Size: 32000M x 3 = 96000M
[2026-04-03T02:46:33.364+0600][0.006s][info][gc,init] Heap Backing File: /memfd:java_heap
[2026-04-03T02:46:33.364+0600][0.006s][info][gc,init] Heap Backing Filesystem: tmpfs (0x1021994)
[2026-04-03T02:46:33.365+0600][0.006s][info][gc,init] Min Capacity: 8M
[2026-04-03T02:46:33.365+0600][0.006s][info][gc,init] Initial Capacity: 246M
[2026-04-03T02:46:33.365+0600][0.006s][info][gc,init] Max Capacity: 2000M
[2026-04-03T02:46:33.365+0600][0.006s][info][gc,init] Medium Page Size: 32M
[2026-04-03T02:46:33.365+0600][0.006s][info][gc,init] Pre-touch: Disabled
[2026-04-03T02:46:33.365+0600][0.006s][info][gc,init] Available space on backing filesystem: N/A
[2026-04-03T02:46:33.365+0600][0.007s][info][gc,init] Uncommit: Enabled
[2026-04-03T02:46:33.365+0600][0.007s][info][gc,init] Uncommit Delay: 300s
[2026-04-03T02:46:33.441+0600][0.083s][info][gc,init] Runtime Workers: 8
[2026-04-03T02:46:33.443+0600][0.084s][info][gc     ] Using The Z Garbage Collector
[2026-04-03T02:46:33.453+0600][0.094s][info][gc,metaspace] CDS archive(s) mapped at: [0x0000761833000000-0x0000761833c9c000-0x0000761833c9c000), size 13221888, SharedBaseAddress: 0x0000761833000000, ArchiveRelocationMode: 1.
[2026-04-03T02:46:33.453+0600][0.095s][info][gc,metaspace] Compressed class space mapped at: 0x0000761834000000-0x0000761874000000, reserved size: 1073741824
[2026-04-03T02:46:33.453+0600][0.095s][info][gc,metaspace] Narrow klass base: 0x0000761833000000, Narrow klass shift: 0, Narrow klass range: 0x100000000
[2026-04-03T02:46:34.263+0600][0.905s][info][gc,start    ] GC(0) Garbage Collection (Warmup)
[2026-04-03T02:46:34.263+0600][0.905s][info][gc,task     ] GC(0) Using 3 workers
[2026-04-03T02:46:34.263+0600][0.905s][info][gc,phases   ] GC(0) Pause Mark Start 0.008ms
[2026-04-03T02:46:34.270+0600][0.912s][info][gc,phases   ] GC(0) Concurrent Mark 6.601ms
[2026-04-03T02:46:34.270+0600][0.912s][info][gc,phases   ] GC(0) Pause Mark End 0.015ms
[2026-04-03T02:46:34.270+0600][0.912s][info][gc,phases   ] GC(0) Concurrent Mark Free 0.001ms
[2026-04-03T02:46:34.272+0600][0.913s][info][gc,phases   ] GC(0) Concurrent Process Non-Strong References 1.433ms
[2026-04-03T02:46:34.272+0600][0.913s][info][gc,phases   ] GC(0) Concurrent Reset Relocation Set 0.001ms
[2026-04-03T02:46:34.281+0600][0.922s][info][gc,phases   ] GC(0) Concurrent Select Relocation Set 8.690ms
[2026-04-03T02:46:34.281+0600][0.922s][info][gc,phases   ] GC(0) Pause Relocate Start 0.010ms
[2026-04-03T02:46:34.284+0600][0.925s][info][gc,phases   ] GC(0) Concurrent Relocate 2.752ms
[2026-04-03T02:46:34.284+0600][0.925s][info][gc,load     ] GC(0) Load: 5.38/5.54/5.61
[2026-04-03T02:46:34.284+0600][0.925s][info][gc,mmu      ] GC(0) MMU: 2ms/99.3%, 5ms/99.7%, 10ms/99.8%, 20ms/99.8%, 50ms/99.9%, 100ms/100.0%
[2026-04-03T02:46:34.284+0600][0.925s][info][gc,marking  ] GC(0) Mark: 2 stripe(s), 2 proactive flush(es), 1 terminate flush(es), 0 completion(s), 0 continuation(s) 
[2026-04-03T02:46:34.284+0600][0.925s][info][gc,marking  ] GC(0) Mark Stack Usage: 32M
[2026-04-03T02:46:34.284+0600][0.925s][info][gc,nmethod  ] GC(0) NMethods: 989 registered, 93 unregistered
[2026-04-03T02:46:34.284+0600][0.925s][info][gc,metaspace] GC(0) Metaspace: 7M used, 7M committed, 1088M reserved
[2026-04-03T02:46:34.284+0600][0.925s][info][gc,ref      ] GC(0) Soft: 188 encountered, 0 discovered, 0 enqueued
[2026-04-03T02:46:34.284+0600][0.925s][info][gc,ref      ] GC(0) Weak: 685 encountered, 515 discovered, 188 enqueued
[2026-04-03T02:46:34.284+0600][0.925s][info][gc,ref      ] GC(0) Final: 0 encountered, 0 discovered, 0 enqueued
[2026-04-03T02:46:34.284+0600][0.925s][info][gc,ref      ] GC(0) Phantom: 25 encountered, 12 discovered, 0 enqueued
[2026-04-03T02:46:34.284+0600][0.925s][info][gc,reloc    ] GC(0) Small Pages: 102 / 204M, Empty: 0M, Relocated: 1M, In-Place: 0
[2026-04-03T02:46:34.284+0600][0.925s][info][gc,reloc    ] GC(0) Medium Pages: 0 / 0M, Empty: 0M, Relocated: 0M, In-Place: 0
[2026-04-03T02:46:34.284+0600][0.925s][info][gc,reloc    ] GC(0) Large Pages: 0 / 0M, Empty: 0M, Relocated: 0M, In-Place: 0
[2026-04-03T02:46:34.284+0600][0.925s][info][gc,reloc    ] GC(0) Forwarding Usage: 0M
[2026-04-03T02:46:34.284+0600][0.925s][info][gc,heap     ] GC(0) Min Capacity: 8M(0%)
[2026-04-03T02:46:34.284+0600][0.926s][info][gc,heap     ] GC(0) Max Capacity: 2000M(100%)
[2026-04-03T02:46:34.284+0600][0.926s][info][gc,heap     ] GC(0) Soft Max Capacity: 2000M(100%)
[2026-04-03T02:46:34.284+0600][0.926s][info][gc,heap     ] GC(0)                Mark Start          Mark End        Relocate Start      Relocate End           High               Low         
[2026-04-03T02:46:34.284+0600][0.926s][info][gc,heap     ] GC(0)  Capacity:      246M (12%)         246M (12%)         246M (12%)         246M (12%)         246M (12%)         246M (12%)    
[2026-04-03T02:46:34.284+0600][0.926s][info][gc,heap     ] GC(0)      Free:     1796M (90%)        1792M (90%)        1792M (90%)        1986M (99%)        1986M (99%)        1788M (89%)    
[2026-04-03T02:46:34.284+0600][0.926s][info][gc,heap     ] GC(0)      Used:      204M (10%)         208M (10%)         208M (10%)          14M (1%)          212M (11%)          14M (1%)     
[2026-04-03T02:46:34.284+0600][0.926s][info][gc,heap     ] GC(0)      Live:         -                 3M (0%)            3M (0%)            3M (0%)             -                  -          
[2026-04-03T02:46:34.284+0600][0.926s][info][gc,heap     ] GC(0) Allocated:         -                 4M (0%)            4M (0%)            3M (0%)             -                  -          
[2026-04-03T02:46:34.284+0600][0.926s][info][gc,heap     ] GC(0)   Garbage:         -               200M (10%)         200M (10%)           6M (0%)             -                  -          
[2026-04-03T02:46:34.284+0600][0.926s][info][gc,heap     ] GC(0) Reclaimed:         -                  -                 0M (0%)          193M (10%)            -                  -          
[2026-04-03T02:46:34.284+0600][0.926s][info][gc          ] GC(0) Garbage Collection (Warmup) 204M(10%)->14M(1%)
[2026-04-03T02:46:37.396+0600][4.037s][info][gc,start    ] GC(1) Garbage Collection (Metadata GC Threshold)
[2026-04-03T02:46:37.396+0600][4.037s][info][gc,task     ] GC(1) Using 3 workers
[2026-04-03T02:46:37.396+0600][4.038s][info][gc,phases   ] GC(1) Pause Mark Start 0.011ms
[2026-04-03T02:46:37.409+0600][4.050s][info][gc,phases   ] GC(1) Concurrent Mark 12.254ms
[2026-04-03T02:46:37.409+0600][4.050s][info][gc,phases   ] GC(1) Pause Mark End 0.151ms
[2026-04-03T02:46:37.409+0600][4.051s][info][gc,phases   ] GC(1) Concurrent Mark Free 0.001ms
[2026-04-03T02:46:37.412+0600][4.053s][info][gc,phases   ] GC(1) Concurrent Process Non-Strong References 2.801ms
[2026-04-03T02:46:37.412+0600][4.053s][info][gc,phases   ] GC(1) Concurrent Reset Relocation Set 0.010ms
[2026-04-03T02:46:37.416+0600][4.058s][info][gc,phases   ] GC(1) Concurrent Select Relocation Set 4.048ms
[2026-04-03T02:46:37.416+0600][4.058s][info][gc,phases   ] GC(1) Pause Relocate Start 0.011ms
[2026-04-03T02:46:37.425+0600][4.067s][info][gc,phases   ] GC(1) Concurrent Relocate 8.938ms
[2026-04-03T02:46:37.425+0600][4.067s][info][gc,load     ] GC(1) Load: 5.02/5.46/5.58
[2026-04-03T02:46:37.425+0600][4.067s][info][gc,mmu      ] GC(1) MMU: 2ms/92.4%, 5ms/97.0%, 10ms/98.4%, 20ms/99.2%, 50ms/99.7%, 100ms/99.8%
[2026-04-03T02:46:37.425+0600][4.067s][info][gc,marking  ] GC(1) Mark: 2 stripe(s), 2 proactive flush(es), 1 terminate flush(es), 1 completion(s), 0 continuation(s) 
[2026-04-03T02:46:37.425+0600][4.067s][info][gc,marking  ] GC(1) Mark Stack Usage: 32M
[2026-04-03T02:46:37.425+0600][4.067s][info][gc,nmethod  ] GC(1) NMethods: 1721 registered, 170 unregistered
[2026-04-03T02:46:37.425+0600][4.067s][info][gc,metaspace] GC(1) Metaspace: 20M used, 21M committed, 1088M reserved
[2026-04-03T02:46:37.425+0600][4.067s][info][gc,ref      ] GC(1) Soft: 3500 encountered, 0 discovered, 0 enqueued
[2026-04-03T02:46:37.426+0600][4.067s][info][gc,ref      ] GC(1) Weak: 1295 encountered, 984 discovered, 289 enqueued
[2026-04-03T02:46:37.426+0600][4.067s][info][gc,ref      ] GC(1) Final: 0 encountered, 0 discovered, 0 enqueued
[2026-04-03T02:46:37.426+0600][4.067s][info][gc,ref      ] GC(1) Phantom: 563 encountered, 371 discovered, 0 enqueued
[2026-04-03T02:46:37.426+0600][4.067s][info][gc,reloc    ] GC(1) Small Pages: 152 / 304M, Empty: 0M, Relocated: 11M, In-Place: 0
[2026-04-03T02:46:37.426+0600][4.067s][info][gc,reloc    ] GC(1) Medium Pages: 1 / 32M, Empty: 0M, Relocated: 0M, In-Place: 0
[2026-04-03T02:46:37.426+0600][4.067s][info][gc,reloc    ] GC(1) Large Pages: 0 / 0M, Empty: 0M, Relocated: 0M, In-Place: 0
[2026-04-03T02:46:37.426+0600][4.067s][info][gc,reloc    ] GC(1) Forwarding Usage: 2M
[2026-04-03T02:46:37.426+0600][4.067s][info][gc,heap     ] GC(1) Min Capacity: 8M(0%)
[2026-04-03T02:46:37.426+0600][4.067s][info][gc,heap     ] GC(1) Max Capacity: 2000M(100%)
[2026-04-03T02:46:37.426+0600][4.067s][info][gc,heap     ] GC(1) Soft Max Capacity: 2000M(100%)
[2026-04-03T02:46:37.426+0600][4.067s][info][gc,heap     ] GC(1)                Mark Start          Mark End        Relocate Start      Relocate End           High               Low         
[2026-04-03T02:46:37.426+0600][4.067s][info][gc,heap     ] GC(1)  Capacity:      336M (17%)         338M (17%)         338M (17%)         346M (17%)         346M (17%)         336M (17%)    
[2026-04-03T02:46:37.426+0600][4.067s][info][gc,heap     ] GC(1)      Free:     1664M (83%)        1662M (83%)        1662M (83%)        1944M (97%)        1944M (97%)        1654M (83%)    
[2026-04-03T02:46:37.426+0600][4.067s][info][gc,heap     ] GC(1)      Used:      336M (17%)         338M (17%)         338M (17%)          56M (3%)          346M (17%)          56M (3%)     
[2026-04-03T02:46:37.426+0600][4.067s][info][gc,heap     ] GC(1)      Live:         -                19M (1%)           19M (1%)           19M (1%)             -                  -          
[2026-04-03T02:46:37.426+0600][4.067s][info][gc,heap     ] GC(1) Allocated:         -                 2M (0%)            2M (0%)            2M (0%)             -                  -          
[2026-04-03T02:46:37.426+0600][4.067s][info][gc,heap     ] GC(1)   Garbage:         -               316M (16%)         316M (16%)          33M (2%)             -                  -          
[2026-04-03T02:46:37.426+0600][4.067s][info][gc,heap     ] GC(1) Reclaimed:         -                  -                 0M (0%)          282M (14%)            -                  -          
[2026-04-03T02:46:37.426+0600][4.067s][info][gc          ] GC(1) Garbage Collection (Metadata GC Threshold) 336M(17%)->56M(3%)
[2026-04-03T02:46:40.162+0600][6.804s][info][gc,start    ] GC(2) Garbage Collection (Metadata GC Threshold)
[2026-04-03T02:46:40.162+0600][6.804s][info][gc,task     ] GC(2) Using 3 workers
[2026-04-03T02:46:40.163+0600][6.804s][info][gc,phases   ] GC(2) Pause Mark Start 0.010ms
[2026-04-03T02:46:40.182+0600][6.824s][info][gc,phases   ] GC(2) Concurrent Mark 19.234ms
[2026-04-03T02:46:40.182+0600][6.824s][info][gc,phases   ] GC(2) Pause Mark End 0.020ms
[2026-04-03T02:46:40.182+0600][6.824s][info][gc,phases   ] GC(2) Concurrent Mark Free 0.001ms
[2026-04-03T02:46:40.187+0600][6.828s][info][gc,phases   ] GC(2) Concurrent Process Non-Strong References 4.201ms
[2026-04-03T02:46:40.187+0600][6.828s][info][gc,phases   ] GC(2) Concurrent Reset Relocation Set 0.020ms
[2026-04-03T02:46:40.190+0600][6.832s][info][gc,phases   ] GC(2) Concurrent Select Relocation Set 3.391ms
[2026-04-03T02:46:40.190+0600][6.832s][info][gc,phases   ] GC(2) Pause Relocate Start 0.011ms
[2026-04-03T02:46:40.194+0600][6.836s][info][gc,phases   ] GC(2) Concurrent Relocate 3.758ms
[2026-04-03T02:46:40.194+0600][6.836s][info][gc,load     ] GC(2) Load: 4.86/5.42/5.57
[2026-04-03T02:46:40.194+0600][6.836s][info][gc,mmu      ] GC(2) MMU: 2ms/92.4%, 5ms/97.0%, 10ms/98.4%, 20ms/99.2%, 50ms/99.7%, 100ms/99.8%
[2026-04-03T02:46:40.194+0600][6.836s][info][gc,marking  ] GC(2) Mark: 2 stripe(s), 2 proactive flush(es), 1 terminate flush(es), 0 completion(s), 0 continuation(s) 
[2026-04-03T02:46:40.194+0600][6.836s][info][gc,marking  ] GC(2) Mark Stack Usage: 32M
[2026-04-03T02:46:40.194+0600][6.836s][info][gc,nmethod  ] GC(2) NMethods: 2514 registered, 352 unregistered
[2026-04-03T02:46:40.194+0600][6.836s][info][gc,metaspace] GC(2) Metaspace: 35M used, 35M committed, 1088M reserved
[2026-04-03T02:46:40.194+0600][6.836s][info][gc,ref      ] GC(2) Soft: 3856 encountered, 0 discovered, 0 enqueued
[2026-04-03T02:46:40.194+0600][6.836s][info][gc,ref      ] GC(2) Weak: 2537 encountered, 1646 discovered, 478 enqueued
[2026-04-03T02:46:40.194+0600][6.836s][info][gc,ref      ] GC(2) Final: 80 encountered, 0 discovered, 0 enqueued
[2026-04-03T02:46:40.194+0600][6.836s][info][gc,ref      ] GC(2) Phantom: 569 encountered, 287 discovered, 1 enqueued
[2026-04-03T02:46:40.194+0600][6.836s][info][gc,reloc    ] GC(2) Small Pages: 83 / 166M, Empty: 0M, Relocated: 6M, In-Place: 0
[2026-04-03T02:46:40.194+0600][6.836s][info][gc,reloc    ] GC(2) Medium Pages: 2 / 64M, Empty: 32M, Relocated: 0M, In-Place: 0
[2026-04-03T02:46:40.194+0600][6.836s][info][gc,reloc    ] GC(2) Large Pages: 0 / 0M, Empty: 0M, Relocated: 0M, In-Place: 0
[2026-04-03T02:46:40.194+0600][6.836s][info][gc,reloc    ] GC(2) Forwarding Usage: 2M
[2026-04-03T02:46:40.194+0600][6.836s][info][gc,heap     ] GC(2) Min Capacity: 8M(0%)
[2026-04-03T02:46:40.194+0600][6.836s][info][gc,heap     ] GC(2) Max Capacity: 2000M(100%)
[2026-04-03T02:46:40.194+0600][6.836s][info][gc,heap     ] GC(2) Soft Max Capacity: 2000M(100%)
[2026-04-03T02:46:40.194+0600][6.836s][info][gc,heap     ] GC(2)                Mark Start          Mark End        Relocate Start      Relocate End           High               Low         
[2026-04-03T02:46:40.194+0600][6.836s][info][gc,heap     ] GC(2)  Capacity:      378M (19%)         378M (19%)         378M (19%)         378M (19%)         378M (19%)         378M (19%)    
[2026-04-03T02:46:40.194+0600][6.836s][info][gc,heap     ] GC(2)      Free:     1770M (88%)        1766M (88%)        1798M (90%)        1942M (97%)        1942M (97%)        1766M (88%)    
[2026-04-03T02:46:40.194+0600][6.836s][info][gc,heap     ] GC(2)      Used:      230M (12%)         234M (12%)         202M (10%)          58M (3%)          234M (12%)          58M (3%)     
[2026-04-03T02:46:40.194+0600][6.836s][info][gc,heap     ] GC(2)      Live:         -                24M (1%)           24M (1%)           24M (1%)             -                  -          
[2026-04-03T02:46:40.194+0600][6.836s][info][gc,heap     ] GC(2) Allocated:         -                 4M (0%)            4M (0%)            3M (0%)             -                  -          
[2026-04-03T02:46:40.194+0600][6.836s][info][gc,heap     ] GC(2)   Garbage:         -               205M (10%)         173M (9%)           30M (2%)             -                  -          
[2026-04-03T02:46:40.194+0600][6.836s][info][gc,heap     ] GC(2) Reclaimed:         -                  -                32M (2%)          175M (9%)             -                  -          
[2026-04-03T02:46:40.194+0600][6.836s][info][gc          ] GC(2) Garbage Collection (Metadata GC Threshold) 230M(12%)->58M(3%)
[2026-04-03T02:46:43.463+0600][10.105s][info][gc,stats    ] === Garbage Collection Statistics =======================================================================================================================
[2026-04-03T02:46:43.463+0600][10.105s][info][gc,stats    ]                                                              Last 10s              Last 10m              Last 10h                Total
[2026-04-03T02:46:43.463+0600][10.105s][info][gc,stats    ]                                                              Avg / Max             Avg / Max             Avg / Max             Avg / Max
[2026-04-03T02:46:43.463+0600][10.105s][info][gc,stats    ]   Collector: Garbage Collection Cycle                     27.492 / 31.868       27.492 / 31.868       27.492 / 31.868       27.492 / 31.868      ms
[2026-04-03T02:46:43.463+0600][10.105s][info][gc,stats    ]  Contention: Mark Segment Reset Contention                     0 / 1                 0 / 1                 0 / 1                 0 / 1           ops/s
[2026-04-03T02:46:43.463+0600][10.105s][info][gc,stats    ]  Contention: Mark SeqNum Reset Contention                      0 / 0                 0 / 0                 0 / 0                 0 / 0           ops/s
[2026-04-03T02:46:43.463+0600][10.105s][info][gc,stats    ]    Critical: Allocation Stall                                  0 / 0                 0 / 0                 0 / 0                 0 / 0           ops/s
[2026-04-03T02:46:43.463+0600][10.105s][info][gc,stats    ]    Critical: Allocation Stall                              0.000 / 0.000         0.000 / 0.000         0.000 / 0.000         0.000 / 0.000       ms
[2026-04-03T02:46:43.463+0600][10.105s][info][gc,stats    ]    Critical: GC Locker Stall                                   0 / 1                 0 / 1                 0 / 1                 0 / 1           ops/s
[2026-04-03T02:46:43.463+0600][10.105s][info][gc,stats    ]    Critical: GC Locker Stall                               0.001 / 0.001         0.001 / 0.001         0.001 / 0.001         0.001 / 0.001       ms
[2026-04-03T02:46:43.463+0600][10.105s][info][gc,stats    ]    Critical: Relocation Stall                                  0 / 0                 0 / 0                 0 / 0                 0 / 0           ops/s
[2026-04-03T02:46:43.463+0600][10.105s][info][gc,stats    ]    Critical: Relocation Stall                              0.000 / 0.000         0.000 / 0.000         0.000 / 0.000         0.000 / 0.000       ms
[2026-04-03T02:46:43.463+0600][10.105s][info][gc,stats    ]      Memory: Allocation Rate                                  88 / 246              88 / 246              88 / 246              88 / 246         MB/s
[2026-04-03T02:46:43.463+0600][10.105s][info][gc,stats    ]      Memory: Defragment                                        0 / 0                 0 / 0                 0 / 0                 0 / 0           ops/s
[2026-04-03T02:46:43.463+0600][10.105s][info][gc,stats    ]      Memory: Out Of Memory                                     0 / 0                 0 / 0                 0 / 0                 0 / 0           ops/s
[2026-04-03T02:46:43.463+0600][10.105s][info][gc,stats    ]      Memory: Page Cache Flush                                  0 / 0                 0 / 0                 0 / 0                 0 / 0           MB/s
[2026-04-03T02:46:43.463+0600][10.105s][info][gc,stats    ]      Memory: Page Cache Hit L1                                25 / 65               25 / 65               25 / 65               25 / 65          ops/s
[2026-04-03T02:46:43.463+0600][10.105s][info][gc,stats    ]      Memory: Page Cache Hit L2                                 0 / 0                 0 / 0                 0 / 0                 0 / 0           ops/s
[2026-04-03T02:46:43.463+0600][10.105s][info][gc,stats    ]      Memory: Page Cache Hit L3                                10 / 106              10 / 106              10 / 106              10 / 106         ops/s
[2026-04-03T02:46:43.463+0600][10.105s][info][gc,stats    ]      Memory: Page Cache Miss                                   5 / 41                5 / 41                5 / 41                5 / 41          ops/s
[2026-04-03T02:46:43.463+0600][10.105s][info][gc,stats    ]      Memory: Uncommit                                          0 / 0                 0 / 0                 0 / 0                 0 / 0           MB/s
[2026-04-03T02:46:43.463+0600][10.105s][info][gc,stats    ]      Memory: Undo Object Allocation Failed                     0 / 0                 0 / 0                 0 / 0                 0 / 0           ops/s
[2026-04-03T02:46:43.463+0600][10.105s][info][gc,stats    ]      Memory: Undo Object Allocation Succeeded                  0 / 1                 0 / 1                 0 / 1                 0 / 1           ops/s
[2026-04-03T02:46:43.463+0600][10.105s][info][gc,stats    ]      Memory: Undo Page Allocation                              0 / 0                 0 / 0                 0 / 0                 0 / 0           ops/s
[2026-04-03T02:46:43.463+0600][10.105s][info][gc,stats    ]       Phase: Concurrent Mark                              12.697 / 19.234       12.697 / 19.234       12.697 / 19.234       12.697 / 19.234      ms
[2026-04-03T02:46:43.463+0600][10.105s][info][gc,stats    ]       Phase: Concurrent Mark Continue                      0.000 / 0.000         0.000 / 0.000         0.000 / 0.000         0.000 / 0.000       ms
[2026-04-03T02:46:43.463+0600][10.105s][info][gc,stats    ]       Phase: Concurrent Mark Free                          0.001 / 0.001         0.001 / 0.001         0.001 / 0.001         0.001 / 0.001       ms
[2026-04-03T02:46:43.463+0600][10.105s][info][gc,stats    ]       Phase: Concurrent Process Non-Strong References      2.812 / 4.201         2.812 / 4.201         2.812 / 4.201         2.812 / 4.201       ms
[2026-04-03T02:46:43.463+0600][10.105s][info][gc,stats    ]       Phase: Concurrent Relocate                           5.149 / 8.938         5.149 / 8.938         5.149 / 8.938         5.149 / 8.938       ms
[2026-04-03T02:46:43.464+0600][10.105s][info][gc,stats    ]       Phase: Concurrent Reset Relocation Set               0.010 / 0.020         0.010 / 0.020         0.010 / 0.020         0.010 / 0.020       ms
[2026-04-03T02:46:43.464+0600][10.105s][info][gc,stats    ]       Phase: Concurrent Select Relocation Set              5.376 / 8.690         5.376 / 8.690         5.376 / 8.690         5.376 / 8.690       ms
[2026-04-03T02:46:43.464+0600][10.105s][info][gc,stats    ]       Phase: Pause Mark End                                0.062 / 0.151         0.062 / 0.151         0.062 / 0.151         0.062 / 0.151       ms
[2026-04-03T02:46:43.464+0600][10.105s][info][gc,stats    ]       Phase: Pause Mark Start                              0.010 / 0.011         0.010 / 0.011         0.010 / 0.011         0.010 / 0.011       ms
[2026-04-03T02:46:43.464+0600][10.105s][info][gc,stats    ]       Phase: Pause Relocate Start                          0.011 / 0.011         0.011 / 0.011         0.011 / 0.011         0.011 / 0.011       ms
[2026-04-03T02:46:43.464+0600][10.105s][info][gc,stats    ]    Subphase: Concurrent Classes Purge                      0.308 / 0.487         0.308 / 0.487         0.308 / 0.487         0.308 / 0.487       ms
[2026-04-03T02:46:43.464+0600][10.105s][info][gc,stats    ]    Subphase: Concurrent Classes Unlink                     1.506 / 2.246         1.506 / 2.246         1.506 / 2.246         1.506 / 2.246       ms
[2026-04-03T02:46:43.464+0600][10.105s][info][gc,stats    ]    Subphase: Concurrent Mark                              11.007 / 18.042       11.007 / 18.042       11.007 / 18.042       11.007 / 18.042      ms
[2026-04-03T02:46:43.464+0600][10.105s][info][gc,stats    ]    Subphase: Concurrent Mark Try Flush                     0.181 / 0.306         0.181 / 0.306         0.181 / 0.306         0.181 / 0.306       ms
[2026-04-03T02:46:43.464+0600][10.105s][info][gc,stats    ]    Subphase: Concurrent Mark Try Terminate                 0.692 / 1.179         0.692 / 1.179         0.692 / 1.179         0.692 / 1.179       ms
[2026-04-03T02:46:43.464+0600][10.105s][info][gc,stats    ]    Subphase: Concurrent References Enqueue                 0.004 / 0.006         0.004 / 0.006         0.004 / 0.006         0.004 / 0.006       ms
[2026-04-03T02:46:43.464+0600][10.105s][info][gc,stats    ]    Subphase: Concurrent References Process                 0.321 / 0.468         0.321 / 0.468         0.321 / 0.468         0.321 / 0.468       ms
[2026-04-03T02:46:43.464+0600][10.105s][info][gc,stats    ]    Subphase: Concurrent Roots ClassLoaderDataGraph         0.141 / 0.347         0.141 / 0.347         0.141 / 0.347         0.141 / 0.347       ms
[2026-04-03T02:46:43.464+0600][10.105s][info][gc,stats    ]    Subphase: Concurrent Roots CodeCache                    0.000 / 0.000         0.000 / 0.000         0.000 / 0.000         0.000 / 0.000       ms
[2026-04-03T02:46:43.464+0600][10.105s][info][gc,stats    ]    Subphase: Concurrent Roots JavaThreads                  0.622 / 1.981         0.622 / 1.981         0.622 / 1.981         0.622 / 1.981       ms
[2026-04-03T02:46:43.464+0600][10.105s][info][gc,stats    ]    Subphase: Concurrent Roots OopStorageSet                0.050 / 0.110         0.050 / 0.110         0.050 / 0.110         0.050 / 0.110       ms
[2026-04-03T02:46:43.464+0600][10.105s][info][gc,stats    ]    Subphase: Concurrent Weak Roots OopStorageSet           0.318 / 0.565         0.318 / 0.565         0.318 / 0.565         0.318 / 0.565       ms
[2026-04-03T02:46:43.464+0600][10.105s][info][gc,stats    ]    Subphase: Pause Mark Try Complete                       0.002 / 0.004         0.002 / 0.004         0.002 / 0.004         0.002 / 0.004       ms
[2026-04-03T02:46:43.464+0600][10.105s][info][gc,stats    ]      System: Java Threads                                     17 / 29               17 / 29               17 / 29               17 / 29          threads
[2026-04-03T02:46:43.464+0600][10.105s][info][gc,stats    ] =========================================================================================================================================================
[2026-04-03T02:46:44.079+0600][10.720s][info][gc,start    ] GC(3) Garbage Collection (Metadata GC Threshold)
[2026-04-03T02:46:44.079+0600][10.720s][info][gc,task     ] GC(3) Using 3 workers
[2026-04-03T02:46:44.079+0600][10.720s][info][gc,phases   ] GC(3) Pause Mark Start 0.012ms
[2026-04-03T02:46:44.119+0600][10.761s][info][gc,phases   ] GC(3) Concurrent Mark 40.471ms
[2026-04-03T02:46:44.120+0600][10.761s][info][gc,phases   ] GC(3) Pause Mark End 0.026ms
[2026-04-03T02:46:44.120+0600][10.761s][info][gc,phases   ] GC(3) Concurrent Mark Free 0.002ms
[2026-04-03T02:46:44.127+0600][10.769s][info][gc,phases   ] GC(3) Concurrent Process Non-Strong References 6.999ms
[2026-04-03T02:46:44.127+0600][10.769s][info][gc,phases   ] GC(3) Concurrent Reset Relocation Set 0.010ms
[2026-04-03T02:46:44.132+0600][10.774s][info][gc,phases   ] GC(3) Concurrent Select Relocation Set 5.322ms
[2026-04-03T02:46:44.133+0600][10.774s][info][gc,phases   ] GC(3) Pause Relocate Start 0.015ms
[2026-04-03T02:46:44.166+0600][10.807s][info][gc,phases   ] GC(3) Concurrent Relocate 33.150ms
[2026-04-03T02:46:44.166+0600][10.808s][info][gc,load     ] GC(3) Load: 4.86/5.42/5.57
[2026-04-03T02:46:44.166+0600][10.808s][info][gc,mmu      ] GC(3) MMU: 2ms/92.4%, 5ms/97.0%, 10ms/98.4%, 20ms/99.2%, 50ms/99.7%, 100ms/99.8%
[2026-04-03T02:46:44.166+0600][10.808s][info][gc,marking  ] GC(3) Mark: 2 stripe(s), 2 proactive flush(es), 1 terminate flush(es), 0 completion(s), 0 continuation(s) 
[2026-04-03T02:46:44.166+0600][10.808s][info][gc,marking  ] GC(3) Mark Stack Usage: 32M
[2026-04-03T02:46:44.166+0600][10.808s][info][gc,nmethod  ] GC(3) NMethods: 3432 registered, 147 unregistered
[2026-04-03T02:46:44.166+0600][10.808s][info][gc,metaspace] GC(3) Metaspace: 59M used, 59M committed, 1088M reserved
[2026-04-03T02:46:44.166+0600][10.808s][info][gc,ref      ] GC(3) Soft: 4001 encountered, 0 discovered, 0 enqueued
[2026-04-03T02:46:44.166+0600][10.808s][info][gc,ref      ] GC(3) Weak: 4418 encountered, 1557 discovered, 635 enqueued
[2026-04-03T02:46:44.166+0600][10.808s][info][gc,ref      ] GC(3) Final: 82 encountered, 0 discovered, 0 enqueued
[2026-04-03T02:46:44.166+0600][10.808s][info][gc,ref      ] GC(3) Phantom: 587 encountered, 323 discovered, 0 enqueued
[2026-04-03T02:46:44.166+0600][10.808s][info][gc,reloc    ] GC(3) Small Pages: 116 / 232M, Empty: 0M, Relocated: 12M, In-Place: 0
[2026-04-03T02:46:44.166+0600][10.808s][info][gc,reloc    ] GC(3) Medium Pages: 2 / 64M, Empty: 0M, Relocated: 6M, In-Place: 0
[2026-04-03T02:46:44.166+0600][10.808s][info][gc,reloc    ] GC(3) Large Pages: 0 / 0M, Empty: 0M, Relocated: 0M, In-Place: 0
[2026-04-03T02:46:44.166+0600][10.808s][info][gc,reloc    ] GC(3) Forwarding Usage: 3M
[2026-04-03T02:46:44.166+0600][10.808s][info][gc,heap     ] GC(3) Min Capacity: 8M(0%)
[2026-04-03T02:46:44.166+0600][10.808s][info][gc,heap     ] GC(3) Max Capacity: 2000M(100%)
[2026-04-03T02:46:44.166+0600][10.808s][info][gc,heap     ] GC(3) Soft Max Capacity: 2000M(100%)
[2026-04-03T02:46:44.166+0600][10.808s][info][gc,heap     ] GC(3)                Mark Start          Mark End        Relocate Start      Relocate End           High               Low         
[2026-04-03T02:46:44.166+0600][10.808s][info][gc,heap     ] GC(3)  Capacity:      378M (19%)         378M (19%)         378M (19%)         442M (22%)         442M (22%)         378M (19%)    
[2026-04-03T02:46:44.166+0600][10.808s][info][gc,heap     ] GC(3)      Free:     1704M (85%)        1700M (85%)        1698M (85%)        1900M (95%)        1900M (95%)        1664M (83%)    
[2026-04-03T02:46:44.166+0600][10.808s][info][gc,heap     ] GC(3)      Used:      296M (15%)         300M (15%)         302M (15%)         100M (5%)          336M (17%)         100M (5%)     
[2026-04-03T02:46:44.166+0600][10.808s][info][gc,heap     ] GC(3)      Live:         -                33M (2%)           33M (2%)           33M (2%)             -                  -          
[2026-04-03T02:46:44.166+0600][10.808s][info][gc,heap     ] GC(3) Allocated:         -                 4M (0%)            6M (0%)           37M (2%)             -                  -          
[2026-04-03T02:46:44.166+0600][10.808s][info][gc,heap     ] GC(3)   Garbage:         -               262M (13%)         262M (13%)          28M (1%)             -                  -          
[2026-04-03T02:46:44.166+0600][10.808s][info][gc,heap     ] GC(3) Reclaimed:         -                  -                 0M (0%)          233M (12%)            -                  -          
[2026-04-03T02:46:44.166+0600][10.808s][info][gc          ] GC(3) Garbage Collection (Metadata GC Threshold) 296M(15%)->100M(5%)
[2026-04-03T02:46:46.664+0600][13.305s][info][gc,start    ] GC(4) Garbage Collection (Warmup)
[2026-04-03T02:46:46.664+0600][13.305s][info][gc,task     ] GC(4) Using 3 workers
[2026-04-03T02:46:46.664+0600][13.305s][info][gc,phases   ] GC(4) Pause Mark Start 0.009ms
[2026-04-03T02:46:46.707+0600][13.349s][info][gc,phases   ] GC(4) Concurrent Mark 43.258ms
[2026-04-03T02:46:46.708+0600][13.349s][info][gc,phases   ] GC(4) Pause Mark End 0.022ms
[2026-04-03T02:46:46.708+0600][13.349s][info][gc,phases   ] GC(4) Concurrent Mark Free 0.001ms
[2026-04-03T02:46:46.715+0600][13.357s][info][gc,phases   ] GC(4) Concurrent Process Non-Strong References 7.359ms
[2026-04-03T02:46:46.715+0600][13.357s][info][gc,phases   ] GC(4) Concurrent Reset Relocation Set 0.018ms
[2026-04-03T02:46:46.719+0600][13.361s][info][gc,phases   ] GC(4) Concurrent Select Relocation Set 4.063ms
[2026-04-03T02:46:46.720+0600][13.361s][info][gc,phases   ] GC(4) Pause Relocate Start 0.014ms
[2026-04-03T02:46:46.729+0600][13.370s][info][gc,phases   ] GC(4) Concurrent Relocate 8.685ms
[2026-04-03T02:46:46.729+0600][13.370s][info][gc,load     ] GC(4) Load: 4.71/5.38/5.55
[2026-04-03T02:46:46.729+0600][13.370s][info][gc,mmu      ] GC(4) MMU: 2ms/92.4%, 5ms/97.0%, 10ms/98.4%, 20ms/99.2%, 50ms/99.7%, 100ms/99.8%
[2026-04-03T02:46:46.729+0600][13.370s][info][gc,marking  ] GC(4) Mark: 2 stripe(s), 2 proactive flush(es), 1 terminate flush(es), 0 completion(s), 0 continuation(s) 
[2026-04-03T02:46:46.729+0600][13.370s][info][gc,marking  ] GC(4) Mark Stack Usage: 32M
[2026-04-03T02:46:46.729+0600][13.370s][info][gc,nmethod  ] GC(4) NMethods: 4786 registered, 470 unregistered
[2026-04-03T02:46:46.729+0600][13.370s][info][gc,metaspace] GC(4) Metaspace: 91M used, 91M committed, 1152M reserved
[2026-04-03T02:46:46.729+0600][13.370s][info][gc,ref      ] GC(4) Soft: 4527 encountered, 0 discovered, 0 enqueued
[2026-04-03T02:46:46.729+0600][13.370s][info][gc,ref      ] GC(4) Weak: 12517 encountered, 5105 discovered, 3182 enqueued
[2026-04-03T02:46:46.729+0600][13.370s][info][gc,ref      ] GC(4) Final: 84 encountered, 4 discovered, 0 enqueued
[2026-04-03T02:46:46.729+0600][13.370s][info][gc,ref      ] GC(4) Phantom: 587 encountered, 326 discovered, 0 enqueued
[2026-04-03T02:46:46.729+0600][13.370s][info][gc,reloc    ] GC(4) Small Pages: 170 / 340M, Empty: 0M, Relocated: 12M, In-Place: 0
[2026-04-03T02:46:46.729+0600][13.370s][info][gc,reloc    ] GC(4) Medium Pages: 2 / 64M, Empty: 32M, Relocated: 0M, In-Place: 0
[2026-04-03T02:46:46.729+0600][13.370s][info][gc,reloc    ] GC(4) Large Pages: 0 / 0M, Empty: 0M, Relocated: 0M, In-Place: 0
[2026-04-03T02:46:46.729+0600][13.370s][info][gc,reloc    ] GC(4) Forwarding Usage: 3M
[2026-04-03T02:46:46.729+0600][13.370s][info][gc,heap     ] GC(4) Min Capacity: 8M(0%)
[2026-04-03T02:46:46.729+0600][13.370s][info][gc,heap     ] GC(4) Max Capacity: 2000M(100%)
[2026-04-03T02:46:46.729+0600][13.370s][info][gc,heap     ] GC(4) Soft Max Capacity: 2000M(100%)
[2026-04-03T02:46:46.729+0600][13.370s][info][gc,heap     ] GC(4)                Mark Start          Mark End        Relocate Start      Relocate End           High               Low         
[2026-04-03T02:46:46.729+0600][13.370s][info][gc,heap     ] GC(4)  Capacity:      442M (22%)         442M (22%)         442M (22%)         442M (22%)         442M (22%)         442M (22%)    
[2026-04-03T02:46:46.729+0600][13.370s][info][gc,heap     ] GC(4)      Free:     1596M (80%)        1594M (80%)        1624M (81%)        1916M (96%)        1916M (96%)        1594M (80%)    
[2026-04-03T02:46:46.729+0600][13.371s][info][gc,heap     ] GC(4)      Used:      404M (20%)         406M (20%)         376M (19%)          84M (4%)          406M (20%)          84M (4%)     
[2026-04-03T02:46:46.729+0600][13.371s][info][gc,heap     ] GC(4)      Live:         -                47M (2%)           47M (2%)           47M (2%)             -                  -          
[2026-04-03T02:46:46.729+0600][13.371s][info][gc,heap     ] GC(4) Allocated:         -                 2M (0%)            4M (0%)            5M (0%)             -                  -          
[2026-04-03T02:46:46.729+0600][13.371s][info][gc,heap     ] GC(4)   Garbage:         -               356M (18%)         324M (16%)          31M (2%)             -                  -          
[2026-04-03T02:46:46.729+0600][13.371s][info][gc,heap     ] GC(4) Reclaimed:         -                  -                32M (2%)          325M (16%)            -                  -          
[2026-04-03T02:46:46.729+0600][13.371s][info][gc          ] GC(4) Garbage Collection (Warmup) 404M(20%)->84M(4%)
[2026-04-03T02:46:50.664+0600][17.305s][info][gc,start    ] GC(5) Garbage Collection (Warmup)
[2026-04-03T02:46:50.664+0600][17.305s][info][gc,task     ] GC(5) Using 3 workers
[2026-04-03T02:46:50.664+0600][17.305s][info][gc,phases   ] GC(5) Pause Mark Start 0.012ms
[2026-04-03T02:46:50.767+0600][17.409s][info][gc,phases   ] GC(5) Concurrent Mark 102.943ms
[2026-04-03T02:46:50.767+0600][17.409s][info][gc,phases   ] GC(5) Pause Mark End 0.030ms
[2026-04-03T02:46:50.767+0600][17.409s][info][gc,phases   ] GC(5) Concurrent Mark Free 0.001ms
[2026-04-03T02:46:50.804+0600][17.446s][info][gc,phases   ] GC(5) Concurrent Process Non-Strong References 36.809ms
[2026-04-03T02:46:50.804+0600][17.446s][info][gc,phases   ] GC(5) Concurrent Reset Relocation Set 0.029ms
[2026-04-03T02:46:50.827+0600][17.469s][info][gc,phases   ] GC(5) Concurrent Select Relocation Set 22.794ms
[2026-04-03T02:46:50.828+0600][17.469s][info][gc,phases   ] GC(5) Pause Relocate Start 0.022ms
[2026-04-03T02:46:50.871+0600][17.513s][info][gc,phases   ] GC(5) Concurrent Relocate 43.194ms
[2026-04-03T02:46:50.871+0600][17.513s][info][gc,load     ] GC(5) Load: 4.74/5.37/5.55
[2026-04-03T02:46:50.871+0600][17.513s][info][gc,mmu      ] GC(5) MMU: 2ms/92.4%, 5ms/97.0%, 10ms/98.4%, 20ms/99.2%, 50ms/99.7%, 100ms/99.8%
[2026-04-03T02:46:50.872+0600][17.513s][info][gc,marking  ] GC(5) Mark: 2 stripe(s), 10 proactive flush(es), 1 terminate flush(es), 0 completion(s), 0 continuation(s) 
[2026-04-03T02:46:50.872+0600][17.513s][info][gc,marking  ] GC(5) Mark Stack Usage: 32M
[2026-04-03T02:46:50.872+0600][17.513s][info][gc,nmethod  ] GC(5) NMethods: 7450 registered, 744 unregistered
[2026-04-03T02:46:50.872+0600][17.513s][info][gc,metaspace] GC(5) Metaspace: 113M used, 115M committed, 1152M reserved
[2026-04-03T02:46:50.872+0600][17.513s][info][gc,ref      ] GC(5) Soft: 5607 encountered, 0 discovered, 0 enqueued
[2026-04-03T02:46:50.872+0600][17.513s][info][gc,ref      ] GC(5) Weak: 15830 encountered, 6860 discovered, 3205 enqueued
[2026-04-03T02:46:50.872+0600][17.513s][info][gc,ref      ] GC(5) Final: 84 encountered, 0 discovered, 0 enqueued
[2026-04-03T02:46:50.872+0600][17.513s][info][gc,ref      ] GC(5) Phantom: 610 encountered, 364 discovered, 2 enqueued
[2026-04-03T02:46:50.872+0600][17.513s][info][gc,reloc    ] GC(5) Small Pages: 226 / 452M, Empty: 20M, Relocated: 34M, In-Place: 0
[2026-04-03T02:46:50.872+0600][17.513s][info][gc,reloc    ] GC(5) Medium Pages: 3 / 96M, Empty: 32M, Relocated: 6M, In-Place: 0
[2026-04-03T02:46:50.872+0600][17.513s][info][gc,reloc    ] GC(5) Large Pages: 13 / 78M, Empty: 78M, Relocated: 0M, In-Place: 0
[2026-04-03T02:46:50.872+0600][17.513s][info][gc,reloc    ] GC(5) Forwarding Usage: 21M
[2026-04-03T02:46:50.872+0600][17.513s][info][gc,heap     ] GC(5) Min Capacity: 8M(0%)
[2026-04-03T02:46:50.872+0600][17.513s][info][gc,heap     ] GC(5) Max Capacity: 2000M(100%)
[2026-04-03T02:46:50.872+0600][17.513s][info][gc,heap     ] GC(5) Soft Max Capacity: 2000M(100%)
[2026-04-03T02:46:50.872+0600][17.513s][info][gc,heap     ] GC(5)                Mark Start          Mark End        Relocate Start      Relocate End           High               Low         
[2026-04-03T02:46:50.872+0600][17.513s][info][gc,heap     ] GC(5)  Capacity:      626M (31%)         686M (34%)         694M (35%)         694M (35%)         694M (35%)         626M (31%)    
[2026-04-03T02:46:50.872+0600][17.513s][info][gc,heap     ] GC(5)      Free:     1374M (69%)        1314M (66%)        1426M (71%)        1780M (89%)        1780M (89%)        1306M (65%)    
[2026-04-03T02:46:50.872+0600][17.513s][info][gc,heap     ] GC(5)      Used:      626M (31%)         686M (34%)         574M (29%)         220M (11%)         694M (35%)         220M (11%)    
[2026-04-03T02:46:50.872+0600][17.513s][info][gc,heap     ] GC(5)      Live:         -                99M (5%)           99M (5%)           99M (5%)             -                  -          
[2026-04-03T02:46:50.872+0600][17.513s][info][gc,heap     ] GC(5) Allocated:         -                60M (3%)           78M (4%)           85M (4%)             -                  -          
[2026-04-03T02:46:50.872+0600][17.513s][info][gc,heap     ] GC(5)   Garbage:         -               526M (26%)         396M (20%)          34M (2%)             -                  -          
[2026-04-03T02:46:50.872+0600][17.513s][info][gc,heap     ] GC(5) Reclaimed:         -                  -               130M (6%)          491M (25%)            -                  -          
[2026-04-03T02:46:50.872+0600][17.513s][info][gc          ] GC(5) Garbage Collection (Warmup) 626M(31%)->220M(11%)
[2026-04-03T02:46:53.220+0600][19.861s][info][gc,start    ] GC(6) Garbage Collection (System.gc())
[2026-04-03T02:46:53.220+0600][19.861s][info][gc,task     ] GC(6) Using 3 workers
[2026-04-03T02:46:53.220+0600][19.862s][info][gc,phases   ] GC(6) Pause Mark Start 0.009ms
[2026-04-03T02:46:53.321+0600][19.963s][info][gc,phases   ] GC(6) Concurrent Mark 101.075ms
[2026-04-03T02:46:53.322+0600][19.963s][info][gc,phases   ] GC(6) Pause Mark End 0.024ms
[2026-04-03T02:46:53.322+0600][19.963s][info][gc,phases   ] GC(6) Concurrent Mark Free 0.001ms
[2026-04-03T02:46:53.346+0600][19.988s][info][gc,phases   ] GC(6) Concurrent Process Non-Strong References 24.373ms
[2026-04-03T02:46:53.346+0600][19.988s][info][gc,phases   ] GC(6) Concurrent Reset Relocation Set 0.022ms
[2026-04-03T02:46:53.352+0600][19.994s][info][gc,phases   ] GC(6) Concurrent Select Relocation Set 5.926ms
[2026-04-03T02:46:53.353+0600][19.994s][info][gc,phases   ] GC(6) Pause Relocate Start 0.018ms
[2026-04-03T02:46:53.371+0600][20.013s][info][gc,phases   ] GC(6) Concurrent Relocate 18.477ms
[2026-04-03T02:46:53.371+0600][20.013s][info][gc,load     ] GC(6) Load: 4.74/5.37/5.55
[2026-04-03T02:46:53.371+0600][20.013s][info][gc,mmu      ] GC(6) MMU: 2ms/92.4%, 5ms/97.0%, 10ms/98.4%, 20ms/99.2%, 50ms/99.7%, 100ms/99.8%
[2026-04-03T02:46:53.371+0600][20.013s][info][gc,marking  ] GC(6) Mark: 2 stripe(s), 10 proactive flush(es), 1 terminate flush(es), 0 completion(s), 0 continuation(s) 
[2026-04-03T02:46:53.371+0600][20.013s][info][gc,marking  ] GC(6) Mark Stack Usage: 32M
[2026-04-03T02:46:53.371+0600][20.013s][info][gc,nmethod  ] GC(6) NMethods: 8861 registered, 1313 unregistered
[2026-04-03T02:46:53.371+0600][20.013s][info][gc,metaspace] GC(6) Metaspace: 118M used, 119M committed, 1152M reserved
[2026-04-03T02:46:53.371+0600][20.013s][info][gc,ref      ] GC(6) Soft: 5904 encountered, 0 discovered, 0 enqueued
[2026-04-03T02:46:53.371+0600][20.013s][info][gc,ref      ] GC(6) Weak: 14440 encountered, 6808 discovered, 1149 enqueued
[2026-04-03T02:46:53.371+0600][20.013s][info][gc,ref      ] GC(6) Final: 84 encountered, 2 discovered, 0 enqueued
[2026-04-03T02:46:53.371+0600][20.013s][info][gc,ref      ] GC(6) Phantom: 609 encountered, 358 discovered, 1 enqueued
[2026-04-03T02:46:53.371+0600][20.013s][info][gc,reloc    ] GC(6) Small Pages: 373 / 746M, Empty: 236M, Relocated: 13M, In-Place: 0
[2026-04-03T02:46:53.371+0600][20.013s][info][gc,reloc    ] GC(6) Medium Pages: 4 / 128M, Empty: 64M, Relocated: 8M, In-Place: 0
[2026-04-03T02:46:53.371+0600][20.013s][info][gc,reloc    ] GC(6) Large Pages: 17 / 102M, Empty: 102M, Relocated: 0M, In-Place: 0
[2026-04-03T02:46:53.371+0600][20.013s][info][gc,reloc    ] GC(6) Forwarding Usage: 7M
[2026-04-03T02:46:53.371+0600][20.013s][info][gc,heap     ] GC(6) Min Capacity: 8M(0%)
[2026-04-03T02:46:53.371+0600][20.013s][info][gc,heap     ] GC(6) Max Capacity: 2000M(100%)
[2026-04-03T02:46:53.371+0600][20.013s][info][gc,heap     ] GC(6) Soft Max Capacity: 2000M(100%)
[2026-04-03T02:46:53.371+0600][20.013s][info][gc,heap     ] GC(6)                Mark Start          Mark End        Relocate Start      Relocate End           High               Low         
[2026-04-03T02:46:53.371+0600][20.013s][info][gc,heap     ] GC(6)  Capacity:      976M (49%)         978M (49%)         978M (49%)         978M (49%)         978M (49%)         976M (49%)    
[2026-04-03T02:46:53.371+0600][20.013s][info][gc,heap     ] GC(6)      Free:     1024M (51%)        1022M (51%)        1412M (71%)        1856M (93%)        1856M (93%)        1022M (51%)    
[2026-04-03T02:46:53.371+0600][20.013s][info][gc,heap     ] GC(6)      Used:      976M (49%)         978M (49%)         588M (29%)         144M (7%)          978M (49%)         144M (7%)     
[2026-04-03T02:46:53.371+0600][20.013s][info][gc,heap     ] GC(6)      Live:         -                88M (4%)           88M (4%)           88M (4%)             -                  -          
[2026-04-03T02:46:53.371+0600][20.013s][info][gc,heap     ] GC(6) Allocated:         -                 2M (0%)           14M (1%)           17M (1%)             -                  -          
[2026-04-03T02:46:53.371+0600][20.013s][info][gc,heap     ] GC(6)   Garbage:         -               887M (44%)         485M (24%)          37M (2%)             -                  -          
[2026-04-03T02:46:53.372+0600][20.013s][info][gc,heap     ] GC(6) Reclaimed:         -                  -               402M (20%)         849M (42%)            -                  -          
[2026-04-03T02:46:53.372+0600][20.013s][info][gc          ] GC(6) Garbage Collection (System.gc()) 976M(49%)->144M(7%)
[2026-04-03T02:46:53.464+0600][20.105s][info][gc,stats    ] === Garbage Collection Statistics =======================================================================================================================
[2026-04-03T02:46:53.464+0600][20.105s][info][gc,stats    ]                                                              Last 10s              Last 10m              Last 10h                Total
[2026-04-03T02:46:53.464+0600][20.105s][info][gc,stats    ]                                                              Avg / Max             Avg / Max             Avg / Max             Avg / Max
[2026-04-03T02:46:53.464+0600][20.105s][info][gc,stats    ]   Collector: Garbage Collection Cycle                    127.974 / 207.858      84.911 / 207.858      84.911 / 207.858      84.911 / 207.858     ms
[2026-04-03T02:46:53.464+0600][20.105s][info][gc,stats    ]  Contention: Mark Segment Reset Contention                     0 / 4                 0 / 4                 0 / 4                 0 / 4           ops/s
[2026-04-03T02:46:53.464+0600][20.105s][info][gc,stats    ]  Contention: Mark SeqNum Reset Contention                      0 / 0                 0 / 0                 0 / 0                 0 / 0           ops/s
[2026-04-03T02:46:53.464+0600][20.105s][info][gc,stats    ]    Critical: Allocation Stall                                  0 / 0                 0 / 0                 0 / 0                 0 / 0           ops/s
[2026-04-03T02:46:53.464+0600][20.105s][info][gc,stats    ]    Critical: Allocation Stall                              0.000 / 0.000         0.000 / 0.000         0.000 / 0.000         0.000 / 0.000       ms
[2026-04-03T02:46:53.464+0600][20.105s][info][gc,stats    ]    Critical: GC Locker Stall                                   0 / 0                 0 / 1                 0 / 1                 0 / 1           ops/s
[2026-04-03T02:46:53.464+0600][20.105s][info][gc,stats    ]    Critical: GC Locker Stall                               0.000 / 0.000         0.001 / 0.001         0.001 / 0.001         0.001 / 0.001       ms
[2026-04-03T02:46:53.464+0600][20.105s][info][gc,stats    ]    Critical: Relocation Stall                                  0 / 0                 0 / 0                 0 / 0                 0 / 0           ops/s
[2026-04-03T02:46:53.464+0600][20.105s][info][gc,stats    ]    Critical: Relocation Stall                              0.000 / 0.000         0.000 / 0.000         0.000 / 0.000         0.000 / 0.000       ms
[2026-04-03T02:46:53.464+0600][20.105s][info][gc,stats    ]      Memory: Allocation Rate                                 186 / 438             137 / 438             137 / 438             137 / 438         MB/s
[2026-04-03T02:46:53.464+0600][20.105s][info][gc,stats    ]      Memory: Defragment                                        2 / 12                1 / 12                1 / 12                1 / 12          ops/s
[2026-04-03T02:46:53.464+0600][20.105s][info][gc,stats    ]      Memory: Out Of Memory                                     0 / 0                 0 / 0                 0 / 0                 0 / 0           ops/s
[2026-04-03T02:46:53.464+0600][20.105s][info][gc,stats    ]      Memory: Page Cache Flush                                  4 / 24                2 / 24                2 / 24                2 / 24          MB/s
[2026-04-03T02:46:53.464+0600][20.105s][info][gc,stats    ]      Memory: Page Cache Hit L1                                57 / 101              41 / 101              41 / 101              41 / 101         ops/s
[2026-04-03T02:46:53.464+0600][20.105s][info][gc,stats    ]      Memory: Page Cache Hit L2                                 0 / 0                 0 / 0                 0 / 0                 0 / 0           ops/s
[2026-04-03T02:46:53.464+0600][20.105s][info][gc,stats    ]      Memory: Page Cache Hit L3                                 3 / 13                7 / 106               7 / 106               7 / 106         ops/s
[2026-04-03T02:46:53.464+0600][20.105s][info][gc,stats    ]      Memory: Page Cache Miss                                  20 / 121              12 / 121              12 / 121              12 / 121         ops/s
[2026-04-03T02:46:53.464+0600][20.105s][info][gc,stats    ]      Memory: Uncommit                                          0 / 0                 0 / 0                 0 / 0                 0 / 0           MB/s
[2026-04-03T02:46:53.464+0600][20.105s][info][gc,stats    ]      Memory: Undo Object Allocation Failed                     0 / 0                 0 / 0                 0 / 0                 0 / 0           ops/s
[2026-04-03T02:46:53.464+0600][20.105s][info][gc,stats    ]      Memory: Undo Object Allocation Succeeded                  0 / 1                 0 / 1                 0 / 1                 0 / 1           ops/s
[2026-04-03T02:46:53.464+0600][20.105s][info][gc,stats    ]      Memory: Undo Page Allocation                              0 / 0                 0 / 0                 0 / 0                 0 / 0           ops/s
[2026-04-03T02:46:53.464+0600][20.105s][info][gc,stats    ]       Phase: Concurrent Mark                              71.937 / 102.943      46.548 / 102.943      46.548 / 102.943      46.548 / 102.943     ms
[2026-04-03T02:46:53.464+0600][20.105s][info][gc,stats    ]       Phase: Concurrent Mark Continue                      0.000 / 0.000         0.000 / 0.000         0.000 / 0.000         0.000 / 0.000       ms
[2026-04-03T02:46:53.464+0600][20.105s][info][gc,stats    ]       Phase: Concurrent Mark Free                          0.001 / 0.002         0.001 / 0.002         0.001 / 0.002         0.001 / 0.002       ms
[2026-04-03T02:46:53.464+0600][20.105s][info][gc,stats    ]       Phase: Concurrent Process Non-Strong References     18.885 / 36.809       11.996 / 36.809       11.996 / 36.809       11.996 / 36.809      ms
[2026-04-03T02:46:53.464+0600][20.105s][info][gc,stats    ]       Phase: Concurrent Relocate                          25.876 / 43.194       16.993 / 43.194       16.993 / 43.194       16.993 / 43.194      ms
[2026-04-03T02:46:53.464+0600][20.105s][info][gc,stats    ]       Phase: Concurrent Reset Relocation Set               0.020 / 0.029         0.016 / 0.029         0.016 / 0.029         0.016 / 0.029       ms
[2026-04-03T02:46:53.464+0600][20.105s][info][gc,stats    ]       Phase: Concurrent Select Relocation Set              9.526 / 22.794        7.748 / 22.794        7.748 / 22.794        7.748 / 22.794      ms
[2026-04-03T02:46:53.464+0600][20.105s][info][gc,stats    ]       Phase: Pause Mark End                                0.025 / 0.030         0.041 / 0.151         0.041 / 0.151         0.041 / 0.151       ms
[2026-04-03T02:46:53.464+0600][20.105s][info][gc,stats    ]       Phase: Pause Mark Start                              0.011 / 0.012         0.010 / 0.012         0.010 / 0.012         0.010 / 0.012       ms
[2026-04-03T02:46:53.464+0600][20.105s][info][gc,stats    ]       Phase: Pause Relocate Start                          0.017 / 0.022         0.014 / 0.022         0.014 / 0.022         0.014 / 0.022       ms
[2026-04-03T02:46:53.464+0600][20.105s][info][gc,stats    ]    Subphase: Concurrent Classes Purge                      1.354 / 3.320         0.905 / 3.320         0.905 / 3.320         0.905 / 3.320       ms
[2026-04-03T02:46:53.464+0600][20.105s][info][gc,stats    ]    Subphase: Concurrent Classes Unlink                    15.006 / 30.537        9.220 / 30.537        9.220 / 30.537        9.220 / 30.537      ms
[2026-04-03T02:46:53.464+0600][20.105s][info][gc,stats    ]    Subphase: Concurrent Mark                              70.198 / 101.795      44.830 / 101.795      44.830 / 101.795      44.830 / 101.795     ms
[2026-04-03T02:46:53.464+0600][20.105s][info][gc,stats    ]    Subphase: Concurrent Mark Try Flush                     0.341 / 2.305         0.302 / 2.305         0.302 / 2.305         0.302 / 2.305       ms
[2026-04-03T02:46:53.464+0600][20.105s][info][gc,stats    ]    Subphase: Concurrent Mark Try Terminate                 1.019 / 1.193         0.975 / 1.193         0.975 / 1.193         0.975 / 1.193       ms
[2026-04-03T02:46:53.464+0600][20.105s][info][gc,stats    ]    Subphase: Concurrent References Enqueue                 0.010 / 0.016         0.007 / 0.016         0.007 / 0.016         0.007 / 0.016       ms
[2026-04-03T02:46:53.464+0600][20.105s][info][gc,stats    ]    Subphase: Concurrent References Process                 0.723 / 0.923         0.551 / 0.923         0.551 / 0.923         0.551 / 0.923       ms
[2026-04-03T02:46:53.464+0600][20.105s][info][gc,stats    ]    Subphase: Concurrent Roots ClassLoaderDataGraph         0.253 / 0.673         0.212 / 0.673         0.212 / 0.673         0.212 / 0.673       ms
[2026-04-03T02:46:53.464+0600][20.105s][info][gc,stats    ]    Subphase: Concurrent Roots CodeCache                    0.000 / 0.000         0.000 / 0.000         0.000 / 0.000         0.000 / 0.000       ms
[2026-04-03T02:46:53.464+0600][20.105s][info][gc,stats    ]    Subphase: Concurrent Roots JavaThreads                  0.682 / 1.571         0.658 / 1.981         0.658 / 1.981         0.658 / 1.981       ms
[2026-04-03T02:46:53.464+0600][20.105s][info][gc,stats    ]    Subphase: Concurrent Roots OopStorageSet                0.065 / 0.112         0.060 / 0.112         0.060 / 0.112         0.060 / 0.112       ms
[2026-04-03T02:46:53.464+0600][20.105s][info][gc,stats    ]    Subphase: Concurrent Weak Roots OopStorageSet           1.144 / 1.356         0.790 / 1.356         0.790 / 1.356         0.790 / 1.356       ms
[2026-04-03T02:46:53.464+0600][20.105s][info][gc,stats    ]    Subphase: Pause Mark Try Complete                       0.000 / 0.000         0.002 / 0.004         0.002 / 0.004         0.002 / 0.004       ms
[2026-04-03T02:46:53.464+0600][20.105s][info][gc,stats    ]      System: Java Threads                                     73 / 106              49 / 106              49 / 106              49 / 106         threads
[2026-04-03T02:46:53.464+0600][20.105s][info][gc,stats    ] =========================================================================================================================================================
[2026-04-03T02:46:56.263+0600][22.904s][info][gc,start    ] GC(7) Garbage Collection (Allocation Rate)
[2026-04-03T02:46:56.263+0600][22.905s][info][gc,task     ] GC(7) Using 3 workers
[2026-04-03T02:46:56.263+0600][22.905s][info][gc,phases   ] GC(7) Pause Mark Start 0.011ms
[2026-04-03T02:46:56.386+0600][23.027s][info][gc,phases   ] GC(7) Concurrent Mark 122.432ms
[2026-04-03T02:46:56.386+0600][23.028s][info][gc,phases   ] GC(7) Pause Mark End 0.037ms
[2026-04-03T02:46:56.386+0600][23.028s][info][gc,phases   ] GC(7) Concurrent Mark Free 0.002ms
[2026-04-03T02:46:56.434+0600][23.075s][info][gc,phases   ] GC(7) Concurrent Process Non-Strong References 47.090ms
[2026-04-03T02:46:56.434+0600][23.075s][info][gc,phases   ] GC(7) Concurrent Reset Relocation Set 0.037ms
[2026-04-03T02:46:56.440+0600][23.081s][info][gc,phases   ] GC(7) Concurrent Select Relocation Set 5.968ms
[2026-04-03T02:46:56.440+0600][23.082s][info][gc,phases   ] GC(7) Pause Relocate Start 0.027ms
[2026-04-03T02:46:56.449+0600][23.091s][info][gc,phases   ] GC(7) Concurrent Relocate 8.891ms
[2026-04-03T02:46:56.449+0600][23.091s][info][gc,load     ] GC(7) Load: 5.16/5.45/5.57
[2026-04-03T02:46:56.450+0600][23.091s][info][gc,mmu      ] GC(7) MMU: 2ms/92.4%, 5ms/97.0%, 10ms/98.4%, 20ms/99.2%, 50ms/99.7%, 100ms/99.8%
[2026-04-03T02:46:56.450+0600][23.091s][info][gc,marking  ] GC(7) Mark: 2 stripe(s), 2 proactive flush(es), 1 terminate flush(es), 0 completion(s), 0 continuation(s) 
[2026-04-03T02:46:56.450+0600][23.091s][info][gc,marking  ] GC(7) Mark Stack Usage: 32M
[2026-04-03T02:46:56.450+0600][23.091s][info][gc,nmethod  ] GC(7) NMethods: 10208 registered, 417 unregistered
[2026-04-03T02:46:56.450+0600][23.091s][info][gc,metaspace] GC(7) Metaspace: 123M used, 125M committed, 1152M reserved
[2026-04-03T02:46:56.450+0600][23.091s][info][gc,ref      ] GC(7) Soft: 6174 encountered, 0 discovered, 0 enqueued
[2026-04-03T02:46:56.450+0600][23.091s][info][gc,ref      ] GC(7) Weak: 15277 encountered, 6872 discovered, 1207 enqueued
[2026-04-03T02:46:56.450+0600][23.091s][info][gc,ref      ] GC(7) Final: 84 encountered, 0 discovered, 0 enqueued
[2026-04-03T02:46:56.450+0600][23.091s][info][gc,ref      ] GC(7) Phantom: 619 encountered, 373 discovered, 0 enqueued
[2026-04-03T02:46:56.450+0600][23.091s][info][gc,reloc    ] GC(7) Small Pages: 220 / 440M, Empty: 52M, Relocated: 8M, In-Place: 0
[2026-04-03T02:46:56.450+0600][23.091s][info][gc,reloc    ] GC(7) Medium Pages: 3 / 96M, Empty: 64M, Relocated: 0M, In-Place: 0
[2026-04-03T02:46:56.450+0600][23.091s][info][gc,reloc    ] GC(7) Large Pages: 140 / 840M, Empty: 840M, Relocated: 0M, In-Place: 0
[2026-04-03T02:46:56.450+0600][23.091s][info][gc,reloc    ] GC(7) Forwarding Usage: 2M
[2026-04-03T02:46:56.450+0600][23.091s][info][gc,heap     ] GC(7) Min Capacity: 8M(0%)
[2026-04-03T02:46:56.450+0600][23.091s][info][gc,heap     ] GC(7) Max Capacity: 2000M(100%)
[2026-04-03T02:46:56.450+0600][23.091s][info][gc,heap     ] GC(7) Soft Max Capacity: 2000M(100%)
[2026-04-03T02:46:56.450+0600][23.091s][info][gc,heap     ] GC(7)                Mark Start          Mark End        Relocate Start      Relocate End           High               Low         
[2026-04-03T02:46:56.450+0600][23.091s][info][gc,heap     ] GC(7)  Capacity:     1688M (84%)        1688M (84%)        1688M (84%)        1688M (84%)        1688M (84%)        1688M (84%)    
[2026-04-03T02:46:56.450+0600][23.091s][info][gc,heap     ] GC(7)      Free:      624M (31%)         592M (30%)        1526M (76%)        1810M (90%)        1810M (90%)         582M (29%)    
[2026-04-03T02:46:56.450+0600][23.091s][info][gc,heap     ] GC(7)      Used:     1376M (69%)        1408M (70%)         474M (24%)         190M (10%)        1418M (71%)         190M (10%)    
[2026-04-03T02:46:56.450+0600][23.091s][info][gc,heap     ] GC(7)      Live:         -                93M (5%)           93M (5%)           93M (5%)             -                  -          
[2026-04-03T02:46:56.450+0600][23.091s][info][gc,heap     ] GC(7) Allocated:         -                32M (2%)           54M (3%)           59M (3%)             -                  -          
[2026-04-03T02:46:56.450+0600][23.091s][info][gc,heap     ] GC(7)   Garbage:         -              1282M (64%)         326M (16%)          36M (2%)             -                  -          
[2026-04-03T02:46:56.450+0600][23.091s][info][gc,heap     ] GC(7) Reclaimed:         -                  -               956M (48%)        1245M (62%)            -                  -          
[2026-04-03T02:46:56.450+0600][23.091s][info][gc          ] GC(7) Garbage Collection (Allocation Rate) 1376M(69%)->190M(10%)
[2026-04-03T02:46:58.163+0600][24.804s][info][gc,start    ] GC(8) Garbage Collection (Allocation Rate)
[2026-04-03T02:46:58.163+0600][24.804s][info][gc,task     ] GC(8) Using 2 workers
[2026-04-03T02:46:58.163+0600][24.805s][info][gc,phases   ] GC(8) Pause Mark Start 0.018ms
[2026-04-03T02:46:58.302+0600][24.944s][info][gc,phases   ] GC(8) Concurrent Mark 138.576ms
[2026-04-03T02:46:58.302+0600][24.944s][info][gc,phases   ] GC(8) Pause Mark End 0.028ms
[2026-04-03T02:46:58.302+0600][24.944s][info][gc,phases   ] GC(8) Concurrent Mark Free 0.001ms
[2026-04-03T02:46:58.322+0600][24.963s][info][gc,phases   ] GC(8) Concurrent Process Non-Strong References 19.522ms
[2026-04-03T02:46:58.322+0600][24.964s][info][gc,phases   ] GC(8) Concurrent Reset Relocation Set 0.015ms
[2026-04-03T02:46:58.325+0600][24.967s][info][gc,phases   ] GC(8) Concurrent Select Relocation Set 3.306ms
[2026-04-03T02:46:58.326+0600][24.967s][info][gc,phases   ] GC(8) Pause Relocate Start 0.013ms
[2026-04-03T02:46:58.330+0600][24.972s][info][gc,phases   ] GC(8) Concurrent Relocate 4.276ms
[2026-04-03T02:46:58.330+0600][24.972s][info][gc,load     ] GC(8) Load: 5.16/5.45/5.57
[2026-04-03T02:46:58.330+0600][24.972s][info][gc,mmu      ] GC(8) MMU: 2ms/92.4%, 5ms/97.0%, 10ms/98.4%, 20ms/99.2%, 50ms/99.7%, 100ms/99.8%
[2026-04-03T02:46:58.330+0600][24.972s][info][gc,marking  ] GC(8) Mark: 2 stripe(s), 2 proactive flush(es), 1 terminate flush(es), 0 completion(s), 0 continuation(s) 
[2026-04-03T02:46:58.330+0600][24.972s][info][gc,marking  ] GC(8) Mark Stack Usage: 32M
[2026-04-03T02:46:58.330+0600][24.972s][info][gc,nmethod  ] GC(8) NMethods: 11773 registered, 378 unregistered
[2026-04-03T02:46:58.330+0600][24.972s][info][gc,metaspace] GC(8) Metaspace: 125M used, 126M committed, 1152M reserved
[2026-04-03T02:46:58.330+0600][24.972s][info][gc,ref      ] GC(8) Soft: 6190 encountered, 0 discovered, 0 enqueued
[2026-04-03T02:46:58.330+0600][24.972s][info][gc,ref      ] GC(8) Weak: 15942 encountered, 6237 discovered, 1645 enqueued
[2026-04-03T02:46:58.330+0600][24.972s][info][gc,ref      ] GC(8) Final: 84 encountered, 0 discovered, 0 enqueued
[2026-04-03T02:46:58.330+0600][24.972s][info][gc,ref      ] GC(8) Phantom: 620 encountered, 343 discovered, 0 enqueued
[2026-04-03T02:46:58.330+0600][24.972s][info][gc,reloc    ] GC(8) Small Pages: 506 / 1012M, Empty: 394M, Relocated: 4M, In-Place: 0
[2026-04-03T02:46:58.330+0600][24.972s][info][gc,reloc    ] GC(8) Medium Pages: 7 / 224M, Empty: 192M, Relocated: 0M, In-Place: 0
[2026-04-03T02:46:58.330+0600][24.972s][info][gc,reloc    ] GC(8) Large Pages: 23 / 138M, Empty: 138M, Relocated: 0M, In-Place: 0
[2026-04-03T02:46:58.330+0600][24.972s][info][gc,reloc    ] GC(8) Forwarding Usage: 1M
[2026-04-03T02:46:58.331+0600][24.972s][info][gc,heap     ] GC(8) Min Capacity: 8M(0%)
[2026-04-03T02:46:58.331+0600][24.972s][info][gc,heap     ] GC(8) Max Capacity: 2000M(100%)
[2026-04-03T02:46:58.331+0600][24.972s][info][gc,heap     ] GC(8) Soft Max Capacity: 2000M(100%)
[2026-04-03T02:46:58.331+0600][24.972s][info][gc,heap     ] GC(8)                Mark Start          Mark End        Relocate Start      Relocate End           High               Low         
[2026-04-03T02:46:58.331+0600][24.972s][info][gc,heap     ] GC(8)  Capacity:     1880M (94%)        1880M (94%)        1880M (94%)        1880M (94%)        1880M (94%)        1880M (94%)    
[2026-04-03T02:46:58.331+0600][24.972s][info][gc,heap     ] GC(8)      Free:      626M (31%)         558M (28%)        1272M (64%)        1786M (89%)        1786M (89%)         552M (28%)    
[2026-04-03T02:46:58.331+0600][24.972s][info][gc,heap     ] GC(8)      Used:     1374M (69%)        1442M (72%)         728M (36%)         214M (11%)        1448M (72%)         214M (11%)    
[2026-04-03T02:46:58.331+0600][24.972s][info][gc,heap     ] GC(8)      Live:         -                96M (5%)           96M (5%)           96M (5%)             -                  -          
[2026-04-03T02:46:58.331+0600][24.972s][info][gc,heap     ] GC(8) Allocated:         -                68M (3%)           78M (4%)           79M (4%)             -                  -          
[2026-04-03T02:46:58.331+0600][24.972s][info][gc,heap     ] GC(8)   Garbage:         -              1277M (64%)         553M (28%)          37M (2%)             -                  -          
[2026-04-03T02:46:58.331+0600][24.972s][info][gc,heap     ] GC(8) Reclaimed:         -                  -               724M (36%)        1239M (62%)            -                  -          
[2026-04-03T02:46:58.331+0600][24.972s][info][gc          ] GC(8) Garbage Collection (Allocation Rate) 1374M(69%)->214M(11%)
[2026-04-03T02:46:59.563+0600][26.205s][info][gc,start    ] GC(9) Garbage Collection (Allocation Rate)
[2026-04-03T02:46:59.564+0600][26.205s][info][gc,task     ] GC(9) Using 2 workers
[2026-04-03T02:46:59.564+0600][26.205s][info][gc,phases   ] GC(9) Pause Mark Start 0.012ms
[2026-04-03T02:46:59.717+0600][26.358s][info][gc,phases   ] GC(9) Concurrent Mark 152.590ms
[2026-04-03T02:46:59.717+0600][26.359s][info][gc,phases   ] GC(9) Pause Mark End 0.038ms
[2026-04-03T02:46:59.717+0600][26.359s][info][gc,phases   ] GC(9) Concurrent Mark Free 0.003ms
[2026-04-03T02:46:59.738+0600][26.380s][info][gc,phases   ] GC(9) Concurrent Process Non-Strong References 21.214ms
[2026-04-03T02:46:59.739+0600][26.380s][info][gc,phases   ] GC(9) Concurrent Reset Relocation Set 0.017ms
[2026-04-03T02:46:59.743+0600][26.385s][info][gc,phases   ] GC(9) Concurrent Select Relocation Set 4.611ms
[2026-04-03T02:46:59.743+0600][26.385s][info][gc,phases   ] GC(9) Pause Relocate Start 0.013ms
[2026-04-03T02:46:59.754+0600][26.396s][info][gc,phases   ] GC(9) Concurrent Relocate 10.754ms
[2026-04-03T02:46:59.754+0600][26.396s][info][gc,load     ] GC(9) Load: 5.16/5.45/5.57
[2026-04-03T02:46:59.755+0600][26.396s][info][gc,mmu      ] GC(9) MMU: 2ms/92.4%, 5ms/97.0%, 10ms/98.4%, 20ms/99.2%, 50ms/99.7%, 100ms/99.8%
[2026-04-03T02:46:59.755+0600][26.396s][info][gc,marking  ] GC(9) Mark: 2 stripe(s), 2 proactive flush(es), 1 terminate flush(es), 0 completion(s), 0 continuation(s) 
[2026-04-03T02:46:59.755+0600][26.396s][info][gc,marking  ] GC(9) Mark Stack Usage: 32M
[2026-04-03T02:46:59.755+0600][26.396s][info][gc,nmethod  ] GC(9) NMethods: 12437 registered, 570 unregistered
[2026-04-03T02:46:59.755+0600][26.396s][info][gc,metaspace] GC(9) Metaspace: 125M used, 127M committed, 1152M reserved
[2026-04-03T02:46:59.755+0600][26.396s][info][gc,ref      ] GC(9) Soft: 6208 encountered, 0 discovered, 0 enqueued
[2026-04-03T02:46:59.755+0600][26.396s][info][gc,ref      ] GC(9) Weak: 16096 encountered, 4327 discovered, 1536 enqueued
[2026-04-03T02:46:59.755+0600][26.396s][info][gc,ref      ] GC(9) Final: 84 encountered, 0 discovered, 0 enqueued
[2026-04-03T02:46:59.755+0600][26.396s][info][gc,ref      ] GC(9) Phantom: 620 encountered, 347 discovered, 0 enqueued
[2026-04-03T02:46:59.755+0600][26.396s][info][gc,reloc    ] GC(9) Small Pages: 515 / 1030M, Empty: 420M, Relocated: 6M, In-Place: 0
[2026-04-03T02:46:59.755+0600][26.396s][info][gc,reloc    ] GC(9) Medium Pages: 7 / 224M, Empty: 192M, Relocated: 0M, In-Place: 0
[2026-04-03T02:46:59.755+0600][26.396s][info][gc,reloc    ] GC(9) Large Pages: 21 / 126M, Empty: 126M, Relocated: 0M, In-Place: 0
[2026-04-03T02:46:59.755+0600][26.396s][info][gc,reloc    ] GC(9) Forwarding Usage: 3M
[2026-04-03T02:46:59.755+0600][26.396s][info][gc,heap     ] GC(9) Min Capacity: 8M(0%)
[2026-04-03T02:46:59.755+0600][26.396s][info][gc,heap     ] GC(9) Max Capacity: 2000M(100%)
[2026-04-03T02:46:59.755+0600][26.396s][info][gc,heap     ] GC(9) Soft Max Capacity: 2000M(100%)
[2026-04-03T02:46:59.755+0600][26.396s][info][gc,heap     ] GC(9)                Mark Start          Mark End        Relocate Start      Relocate End           High               Low         
[2026-04-03T02:46:59.755+0600][26.396s][info][gc,heap     ] GC(9)  Capacity:     1880M (94%)        1880M (94%)        1880M (94%)        1880M (94%)        1880M (94%)        1880M (94%)    
[2026-04-03T02:46:59.755+0600][26.396s][info][gc,heap     ] GC(9)      Free:      620M (31%)         470M (24%)        1198M (60%)        1700M (85%)        1704M (85%)         466M (23%)    
[2026-04-03T02:46:59.755+0600][26.396s][info][gc,heap     ] GC(9)      Used:     1380M (69%)        1530M (76%)         802M (40%)         300M (15%)        1534M (77%)         296M (15%)    
[2026-04-03T02:46:59.755+0600][26.396s][info][gc,heap     ] GC(9)      Live:         -                96M (5%)           96M (5%)           96M (5%)             -                  -          
[2026-04-03T02:46:59.755+0600][26.396s][info][gc,heap     ] GC(9) Allocated:         -               150M (8%)          160M (8%)          165M (8%)             -                  -          
[2026-04-03T02:46:59.755+0600][26.396s][info][gc,heap     ] GC(9)   Garbage:         -              1283M (64%)         545M (27%)          37M (2%)             -                  -          
[2026-04-03T02:46:59.755+0600][26.396s][info][gc,heap     ] GC(9) Reclaimed:         -                  -               738M (37%)        1245M (62%)            -                  -          
[2026-04-03T02:46:59.755+0600][26.396s][info][gc          ] GC(9) Garbage Collection (Allocation Rate) 1380M(69%)->300M(15%)
[2026-04-03T02:47:00.563+0600][27.205s][info][gc,start    ] GC(10) Garbage Collection (Allocation Rate)
[2026-04-03T02:47:00.564+0600][27.205s][info][gc,task     ] GC(10) Using 1 workers
[2026-04-03T02:47:00.564+0600][27.206s][info][gc,phases   ] GC(10) Pause Mark Start 0.014ms
[2026-04-03T02:47:00.892+0600][27.533s][info][gc,phases   ] GC(10) Concurrent Mark 327.215ms
[2026-04-03T02:47:00.892+0600][27.533s][info][gc,phases   ] GC(10) Pause Mark End 0.049ms
[2026-04-03T02:47:00.892+0600][27.534s][info][gc,phases   ] GC(10) Concurrent Mark Free 0.003ms
[2026-04-03T02:47:00.974+0600][27.615s][info][gc,phases   ] GC(10) Concurrent Process Non-Strong References 81.488ms
[2026-04-03T02:47:00.974+0600][27.615s][info][gc,phases   ] GC(10) Concurrent Reset Relocation Set 0.026ms
[2026-04-03T02:47:00.978+0600][27.620s][info][gc,phases   ] GC(10) Concurrent Select Relocation Set 4.471ms
[2026-04-03T02:47:00.979+0600][27.620s][info][gc,phases   ] GC(10) Pause Relocate Start 0.018ms
[2026-04-03T02:47:01.005+0600][27.647s][info][gc,phases   ] GC(10) Concurrent Relocate 25.807ms
[2026-04-03T02:47:01.005+0600][27.647s][info][gc,load     ] GC(10) Load: 5.87/5.59/5.62
[2026-04-03T02:47:01.005+0600][27.647s][info][gc,mmu      ] GC(10) MMU: 2ms/92.4%, 5ms/97.0%, 10ms/98.4%, 20ms/99.2%, 50ms/99.7%, 100ms/99.8%
[2026-04-03T02:47:01.006+0600][27.647s][info][gc,marking  ] GC(10) Mark: 1 stripe(s), 2 proactive flush(es), 1 terminate flush(es), 0 completion(s), 0 continuation(s) 
[2026-04-03T02:47:01.006+0600][27.647s][info][gc,marking  ] GC(10) Mark Stack Usage: 32M
[2026-04-03T02:47:01.006+0600][27.647s][info][gc,nmethod  ] GC(10) NMethods: 12778 registered, 744 unregistered
[2026-04-03T02:47:01.006+0600][27.647s][info][gc,metaspace] GC(10) Metaspace: 126M used, 127M committed, 1152M reserved
[2026-04-03T02:47:01.006+0600][27.647s][info][gc,ref      ] GC(10) Soft: 6302 encountered, 0 discovered, 0 enqueued
[2026-04-03T02:47:01.006+0600][27.647s][info][gc,ref      ] GC(10) Weak: 15693 encountered, 4765 discovered, 905 enqueued
[2026-04-03T02:47:01.006+0600][27.647s][info][gc,ref      ] GC(10) Final: 84 encountered, 0 discovered, 0 enqueued
[2026-04-03T02:47:01.006+0600][27.647s][info][gc,ref      ] GC(10) Phantom: 635 encountered, 238 discovered, 0 enqueued
[2026-04-03T02:47:01.006+0600][27.647s][info][gc,reloc    ] GC(10) Small Pages: 361 / 722M, Empty: 326M, Relocated: 10M, In-Place: 0
[2026-04-03T02:47:01.006+0600][27.647s][info][gc,reloc    ] GC(10) Medium Pages: 3 / 96M, Empty: 64M, Relocated: 0M, In-Place: 0
[2026-04-03T02:47:01.006+0600][27.647s][info][gc,reloc    ] GC(10) Large Pages: 60 / 360M, Empty: 348M, Relocated: 0M, In-Place: 0
[2026-04-03T02:47:01.006+0600][27.647s][info][gc,reloc    ] GC(10) Forwarding Usage: 2M
[2026-04-03T02:47:01.006+0600][27.647s][info][gc,heap     ] GC(10) Min Capacity: 8M(0%)
[2026-04-03T02:47:01.006+0600][27.647s][info][gc,heap     ] GC(10) Max Capacity: 2000M(100%)
[2026-04-03T02:47:01.006+0600][27.647s][info][gc,heap     ] GC(10) Soft Max Capacity: 2000M(100%)
[2026-04-03T02:47:01.006+0600][27.647s][info][gc,heap     ] GC(10)                Mark Start          Mark End        Relocate Start      Relocate End           High               Low         
[2026-04-03T02:47:01.006+0600][27.647s][info][gc,heap     ] GC(10)  Capacity:     1880M (94%)        2000M (100%)       2000M (100%)       2000M (100%)       2000M (100%)       1880M (94%)    
[2026-04-03T02:47:01.006+0600][27.647s][info][gc,heap     ] GC(10)      Free:      822M (41%)         232M (12%)         922M (46%)        1178M (59%)        1184M (59%)         188M (9%)     
[2026-04-03T02:47:01.006+0600][27.647s][info][gc,heap     ] GC(10)      Used:     1178M (59%)        1768M (88%)        1078M (54%)         822M (41%)        1812M (91%)         816M (41%)    
[2026-04-03T02:47:01.006+0600][27.647s][info][gc,heap     ] GC(10)      Live:         -               112M (6%)          112M (6%)          112M (6%)             -                  -          
[2026-04-03T02:47:01.006+0600][27.647s][info][gc,heap     ] GC(10) Allocated:         -               590M (30%)         638M (32%)         673M (34%)            -                  -          
[2026-04-03T02:47:01.006+0600][27.647s][info][gc,heap     ] GC(10)   Garbage:         -              1065M (53%)         327M (16%)          35M (2%)             -                  -          
[2026-04-03T02:47:01.006+0600][27.647s][info][gc,heap     ] GC(10) Reclaimed:         -                  -               738M (37%)        1029M (51%)            -                  -          
[2026-04-03T02:47:01.006+0600][27.647s][info][gc          ] GC(10) Garbage Collection (Allocation Rate) 1178M(59%)->822M(41%)
[2026-04-03T02:47:01.063+0600][27.705s][info][gc,start    ] GC(11) Garbage Collection (Allocation Rate)
[2026-04-03T02:47:01.063+0600][27.705s][info][gc,task     ] GC(11) Using 2 workers
[2026-04-03T02:47:01.063+0600][27.705s][info][gc,phases   ] GC(11) Pause Mark Start 0.011ms
[2026-04-03T02:47:01.239+0600][27.880s][info][gc,phases   ] GC(11) Concurrent Mark 175.111ms
[2026-04-03T02:47:01.239+0600][27.880s][info][gc,phases   ] GC(11) Pause Mark End 0.053ms
[2026-04-03T02:47:01.239+0600][27.881s][info][gc,phases   ] GC(11) Concurrent Mark Free 0.003ms
[2026-04-03T02:47:01.274+0600][27.915s][info][gc,phases   ] GC(11) Concurrent Process Non-Strong References 34.129ms
[2026-04-03T02:47:01.274+0600][27.915s][info][gc,phases   ] GC(11) Concurrent Reset Relocation Set 0.022ms
[2026-04-03T02:47:01.277+0600][27.919s][info][gc,phases   ] GC(11) Concurrent Select Relocation Set 3.832ms
[2026-04-03T02:47:01.278+0600][27.919s][info][gc,phases   ] GC(11) Pause Relocate Start 0.018ms
[2026-04-03T02:47:01.281+0600][27.923s][info][gc,phases   ] GC(11) Concurrent Relocate 3.079ms
[2026-04-03T02:47:01.281+0600][27.923s][info][gc,load     ] GC(11) Load: 5.87/5.59/5.62
[2026-04-03T02:47:01.281+0600][27.923s][info][gc,mmu      ] GC(11) MMU: 2ms/92.4%, 5ms/97.0%, 10ms/98.4%, 20ms/99.2%, 50ms/99.7%, 100ms/99.8%
[2026-04-03T02:47:01.281+0600][27.923s][info][gc,marking  ] GC(11) Mark: 2 stripe(s), 2 proactive flush(es), 1 terminate flush(es), 0 completion(s), 0 continuation(s) 
[2026-04-03T02:47:01.281+0600][27.923s][info][gc,marking  ] GC(11) Mark Stack Usage: 32M
[2026-04-03T02:47:01.281+0600][27.923s][info][gc,nmethod  ] GC(11) NMethods: 12897 registered, 765 unregistered
[2026-04-03T02:47:01.281+0600][27.923s][info][gc,metaspace] GC(11) Metaspace: 126M used, 128M committed, 1152M reserved
[2026-04-03T02:47:01.281+0600][27.923s][info][gc,ref      ] GC(11) Soft: 6298 encountered, 0 discovered, 0 enqueued
[2026-04-03T02:47:01.281+0600][27.923s][info][gc,ref      ] GC(11) Weak: 15028 encountered, 4644 discovered, 374 enqueued
[2026-04-03T02:47:01.281+0600][27.923s][info][gc,ref      ] GC(11) Final: 84 encountered, 0 discovered, 0 enqueued
[2026-04-03T02:47:01.281+0600][27.923s][info][gc,ref      ] GC(11) Phantom: 620 encountered, 347 discovered, 0 enqueued
[2026-04-03T02:47:01.281+0600][27.923s][info][gc,reloc    ] GC(11) Small Pages: 134 / 268M, Empty: 30M, Relocated: 2M, In-Place: 0
[2026-04-03T02:47:01.281+0600][27.923s][info][gc,reloc    ] GC(11) Medium Pages: 2 / 64M, Empty: 32M, Relocated: 0M, In-Place: 0
[2026-04-03T02:47:01.281+0600][27.923s][info][gc,reloc    ] GC(11) Large Pages: 86 / 516M, Empty: 516M, Relocated: 0M, In-Place: 0
[2026-04-03T02:47:01.281+0600][27.923s][info][gc,reloc    ] GC(11) Forwarding Usage: 0M
[2026-04-03T02:47:01.281+0600][27.923s][info][gc,heap     ] GC(11) Min Capacity: 8M(0%)
[2026-04-03T02:47:01.281+0600][27.923s][info][gc,heap     ] GC(11) Max Capacity: 2000M(100%)
[2026-04-03T02:47:01.281+0600][27.923s][info][gc,heap     ] GC(11) Soft Max Capacity: 2000M(100%)
[2026-04-03T02:47:01.281+0600][27.923s][info][gc,heap     ] GC(11)                Mark Start          Mark End        Relocate Start      Relocate End           High               Low         
[2026-04-03T02:47:01.281+0600][27.923s][info][gc,heap     ] GC(11)  Capacity:     2000M (100%)       2000M (100%)       2000M (100%)       2000M (100%)       2000M (100%)       2000M (100%)   
[2026-04-03T02:47:01.281+0600][27.923s][info][gc,heap     ] GC(11)      Free:     1152M (58%)        1028M (51%)        1598M (80%)        1726M (86%)        1728M (86%)        1024M (51%)    
[2026-04-03T02:47:01.281+0600][27.923s][info][gc,heap     ] GC(11)      Used:      848M (42%)         972M (49%)         402M (20%)         274M (14%)         976M (49%)         272M (14%)    
[2026-04-03T02:47:01.281+0600][27.923s][info][gc,heap     ] GC(11)      Live:         -                98M (5%)           98M (5%)           98M (5%)             -                  -          
[2026-04-03T02:47:01.281+0600][27.923s][info][gc,heap     ] GC(11) Allocated:         -               124M (6%)          132M (7%)          139M (7%)             -                  -          
[2026-04-03T02:47:01.281+0600][27.923s][info][gc,heap     ] GC(11)   Garbage:         -               749M (37%)         171M (9%)           35M (2%)             -                  -          
[2026-04-03T02:47:01.282+0600][27.923s][info][gc,heap     ] GC(11) Reclaimed:         -                  -               578M (29%)         713M (36%)            -                  -          
[2026-04-03T02:47:01.282+0600][27.923s][info][gc          ] GC(11) Garbage Collection (Allocation Rate) 848M(42%)->274M(14%)
[2026-04-03T02:47:02.463+0600][29.105s][info][gc,start    ] GC(12) Garbage Collection (Allocation Rate)
[2026-04-03T02:47:02.463+0600][29.105s][info][gc,task     ] GC(12) Using 2 workers
[2026-04-03T02:47:02.464+0600][29.106s][info][gc,phases   ] GC(12) Pause Mark Start 0.019ms
[2026-04-03T02:47:02.622+0600][29.264s][info][gc,phases   ] GC(12) Concurrent Mark 157.862ms
[2026-04-03T02:47:02.623+0600][29.264s][info][gc,phases   ] GC(12) Pause Mark End 0.052ms
[2026-04-03T02:47:02.624+0600][29.266s][info][gc,phases   ] GC(12) Concurrent Mark Free 0.003ms
[2026-04-03T02:47:02.652+0600][29.294s][info][gc,phases   ] GC(12) Concurrent Process Non-Strong References 27.969ms
[2026-04-03T02:47:02.652+0600][29.294s][info][gc,phases   ] GC(12) Concurrent Reset Relocation Set 0.012ms
[2026-04-03T02:47:02.658+0600][29.300s][info][gc,phases   ] GC(12) Concurrent Select Relocation Set 5.773ms
[2026-04-03T02:47:02.659+0600][29.300s][info][gc,phases   ] GC(12) Pause Relocate Start 0.019ms
[2026-04-03T02:47:02.666+0600][29.308s][info][gc,phases   ] GC(12) Concurrent Relocate 7.026ms
[2026-04-03T02:47:02.666+0600][29.308s][info][gc,load     ] GC(12) Load: 5.87/5.59/5.62
[2026-04-03T02:47:02.666+0600][29.308s][info][gc,mmu      ] GC(12) MMU: 2ms/92.4%, 5ms/97.0%, 10ms/98.4%, 20ms/99.2%, 50ms/99.7%, 100ms/99.8%
[2026-04-03T02:47:02.666+0600][29.308s][info][gc,marking  ] GC(12) Mark: 2 stripe(s), 2 proactive flush(es), 1 terminate flush(es), 0 completion(s), 0 continuation(s) 
[2026-04-03T02:47:02.666+0600][29.308s][info][gc,marking  ] GC(12) Mark Stack Usage: 32M
[2026-04-03T02:47:02.666+0600][29.308s][info][gc,nmethod  ] GC(12) NMethods: 13228 registered, 907 unregistered
[2026-04-03T02:47:02.666+0600][29.308s][info][gc,metaspace] GC(12) Metaspace: 127M used, 128M committed, 1152M reserved
[2026-04-03T02:47:02.666+0600][29.308s][info][gc,ref      ] GC(12) Soft: 6306 encountered, 0 discovered, 0 enqueued
[2026-04-03T02:47:02.666+0600][29.308s][info][gc,ref      ] GC(12) Weak: 16449 encountered, 7189 discovered, 253 enqueued
[2026-04-03T02:47:02.666+0600][29.308s][info][gc,ref      ] GC(12) Final: 84 encountered, 0 discovered, 0 enqueued
[2026-04-03T02:47:02.666+0600][29.308s][info][gc,ref      ] GC(12) Phantom: 620 encountered, 347 discovered, 0 enqueued
[2026-04-03T02:47:02.666+0600][29.308s][info][gc,reloc    ] GC(12) Small Pages: 533 / 1066M, Empty: 442M, Relocated: 8M, In-Place: 0
[2026-04-03T02:47:02.666+0600][29.308s][info][gc,reloc    ] GC(12) Medium Pages: 7 / 224M, Empty: 192M, Relocated: 0M, In-Place: 0
[2026-04-03T02:47:02.666+0600][29.308s][info][gc,reloc    ] GC(12) Large Pages: 26 / 156M, Empty: 156M, Relocated: 0M, In-Place: 0
[2026-04-03T02:47:02.666+0600][29.308s][info][gc,reloc    ] GC(12) Forwarding Usage: 1M
[2026-04-03T02:47:02.666+0600][29.308s][info][gc,heap     ] GC(12) Min Capacity: 8M(0%)
[2026-04-03T02:47:02.666+0600][29.308s][info][gc,heap     ] GC(12) Max Capacity: 2000M(100%)
[2026-04-03T02:47:02.666+0600][29.308s][info][gc,heap     ] GC(12) Soft Max Capacity: 2000M(100%)
[2026-04-03T02:47:02.666+0600][29.308s][info][gc,heap     ] GC(12)                Mark Start          Mark End        Relocate Start      Relocate End           High               Low         
[2026-04-03T02:47:02.666+0600][29.308s][info][gc,heap     ] GC(12)  Capacity:     2000M (100%)       2000M (100%)       2000M (100%)       2000M (100%)       2000M (100%)       2000M (100%)   
[2026-04-03T02:47:02.666+0600][29.308s][info][gc,heap     ] GC(12)      Free:      554M (28%)         444M (22%)        1206M (60%)        1714M (86%)        1714M (86%)         420M (21%)    
[2026-04-03T02:47:02.666+0600][29.308s][info][gc,heap     ] GC(12)      Used:     1446M (72%)        1556M (78%)         794M (40%)         286M (14%)        1580M (79%)         286M (14%)    
[2026-04-03T02:47:02.666+0600][29.308s][info][gc,heap     ] GC(12)      Live:         -               104M (5%)          104M (5%)          104M (5%)             -                  -          
[2026-04-03T02:47:02.666+0600][29.308s][info][gc,heap     ] GC(12) Allocated:         -               110M (6%)          138M (7%)          145M (7%)             -                  -          
[2026-04-03T02:47:02.666+0600][29.308s][info][gc,heap     ] GC(12)   Garbage:         -              1341M (67%)         551M (28%)          35M (2%)             -                  -          
[2026-04-03T02:47:02.666+0600][29.308s][info][gc,heap     ] GC(12) Reclaimed:         -                  -               790M (40%)        1305M (65%)            -                  -          
[2026-04-03T02:47:02.666+0600][29.308s][info][gc          ] GC(12) Garbage Collection (Allocation Rate) 1446M(72%)->286M(14%)
[2026-04-03T02:47:03.463+0600][30.105s][info][gc,stats    ] === Garbage Collection Statistics =======================================================================================================================
[2026-04-03T02:47:03.463+0600][30.105s][info][gc,stats    ]                                                              Last 10s              Last 10m              Last 10h                Total
[2026-04-03T02:47:03.463+0600][30.105s][info][gc,stats    ]                                                              Avg / Max             Avg / Max             Avg / Max             Avg / Max
[2026-04-03T02:47:03.463+0600][30.105s][info][gc,stats    ]   Collector: Garbage Collection Cycle                    234.667 / 442.007     154.029 / 442.007     154.029 / 442.007     154.029 / 442.007     ms
[2026-04-03T02:47:03.463+0600][30.105s][info][gc,stats    ]  Contention: Mark Segment Reset Contention                     0 / 1                 0 / 4                 0 / 4                 0 / 4           ops/s
[2026-04-03T02:47:03.463+0600][30.105s][info][gc,stats    ]  Contention: Mark SeqNum Reset Contention                      0 / 1                 0 / 1                 0 / 1                 0 / 1           ops/s
[2026-04-03T02:47:03.463+0600][30.105s][info][gc,stats    ]    Critical: Allocation Stall                                  0 / 0                 0 / 0                 0 / 0                 0 / 0           ops/s
[2026-04-03T02:47:03.463+0600][30.105s][info][gc,stats    ]    Critical: Allocation Stall                              0.000 / 0.000         0.000 / 0.000         0.000 / 0.000         0.000 / 0.000       ms
[2026-04-03T02:47:03.463+0600][30.105s][info][gc,stats    ]    Critical: GC Locker Stall                                   0 / 2                 0 / 2                 0 / 2                 0 / 2           ops/s
[2026-04-03T02:47:03.463+0600][30.105s][info][gc,stats    ]    Critical: GC Locker Stall                               0.034 / 0.084         0.026 / 0.084         0.026 / 0.084         0.026 / 0.084       ms
[2026-04-03T02:47:03.463+0600][30.105s][info][gc,stats    ]    Critical: Relocation Stall                                  0 / 0                 0 / 0                 0 / 0                 0 / 0           ops/s
[2026-04-03T02:47:03.463+0600][30.105s][info][gc,stats    ]    Critical: Relocation Stall                              0.000 / 0.000         0.000 / 0.000         0.000 / 0.000         0.000 / 0.000       ms
[2026-04-03T02:47:03.463+0600][30.105s][info][gc,stats    ]      Memory: Allocation Rate                                 777 / 1270            350 / 1270            350 / 1270            350 / 1270        MB/s
[2026-04-03T02:47:03.463+0600][30.105s][info][gc,stats    ]      Memory: Defragment                                       27 / 164               9 / 164               9 / 164               9 / 164         ops/s
[2026-04-03T02:47:03.463+0600][30.105s][info][gc,stats    ]      Memory: Out Of Memory                                     0 / 0                 0 / 0                 0 / 0                 0 / 0           ops/s
[2026-04-03T02:47:03.463+0600][30.105s][info][gc,stats    ]      Memory: Page Cache Flush                                 81 / 328              28 / 328              28 / 328              28 / 328         MB/s
[2026-04-03T02:47:03.463+0600][30.105s][info][gc,stats    ]      Memory: Page Cache Hit L1                               234 / 403             106 / 403             106 / 403             106 / 403         ops/s
[2026-04-03T02:47:03.463+0600][30.105s][info][gc,stats    ]      Memory: Page Cache Hit L2                                 0 / 0                 0 / 0                 0 / 0                 0 / 0           ops/s
[2026-04-03T02:47:03.463+0600][30.105s][info][gc,stats    ]      Memory: Page Cache Hit L3                                21 / 110              11 / 110              11 / 110              11 / 110         ops/s
[2026-04-03T02:47:03.463+0600][30.105s][info][gc,stats    ]      Memory: Page Cache Miss                                  16 / 70               14 / 121              14 / 121              14 / 121         ops/s
[2026-04-03T02:47:03.463+0600][30.105s][info][gc,stats    ]      Memory: Uncommit                                          0 / 0                 0 / 0                 0 / 0                 0 / 0           MB/s
[2026-04-03T02:47:03.463+0600][30.105s][info][gc,stats    ]      Memory: Undo Object Allocation Failed                     0 / 0                 0 / 0                 0 / 0                 0 / 0           ops/s
[2026-04-03T02:47:03.463+0600][30.105s][info][gc,stats    ]      Memory: Undo Object Allocation Succeeded                  0 / 2                 0 / 2                 0 / 2                 0 / 2           ops/s
[2026-04-03T02:47:03.463+0600][30.105s][info][gc,stats    ]      Memory: Undo Page Allocation                              0 / 3                 0 / 3                 0 / 3                 0 / 3           ops/s
[2026-04-03T02:47:03.463+0600][30.105s][info][gc,stats    ]       Phase: Concurrent Mark                             178.964 / 327.215     107.663 / 327.215     107.663 / 327.215     107.663 / 327.215     ms
[2026-04-03T02:47:03.463+0600][30.105s][info][gc,stats    ]       Phase: Concurrent Mark Continue                      0.000 / 0.000         0.000 / 0.000         0.000 / 0.000         0.000 / 0.000       ms
[2026-04-03T02:47:03.463+0600][30.105s][info][gc,stats    ]       Phase: Concurrent Mark Free                          0.002 / 0.003         0.002 / 0.003         0.002 / 0.003         0.002 / 0.003       ms
[2026-04-03T02:47:03.463+0600][30.105s][info][gc,stats    ]       Phase: Concurrent Process Non-Strong References     38.569 / 81.488       24.260 / 81.488       24.260 / 81.488       24.260 / 81.488      ms
[2026-04-03T02:47:03.463+0600][30.105s][info][gc,stats    ]       Phase: Concurrent Relocate                           9.972 / 25.807       13.753 / 43.194       13.753 / 43.194       13.753 / 43.194      ms
[2026-04-03T02:47:03.463+0600][30.105s][info][gc,stats    ]       Phase: Concurrent Reset Relocation Set               0.022 / 0.037         0.018 / 0.037         0.018 / 0.037         0.018 / 0.037       ms
[2026-04-03T02:47:03.463+0600][30.105s][info][gc,stats    ]       Phase: Concurrent Select Relocation Set              4.660 / 5.968         6.323 / 22.794        6.323 / 22.794        6.323 / 22.794      ms
[2026-04-03T02:47:03.463+0600][30.105s][info][gc,stats    ]       Phase: Pause Mark End                                0.043 / 0.053         0.042 / 0.151         0.042 / 0.151         0.042 / 0.151       ms
[2026-04-03T02:47:03.463+0600][30.105s][info][gc,stats    ]       Phase: Pause Mark Start                              0.014 / 0.019         0.012 / 0.019         0.012 / 0.019         0.012 / 0.019       ms
[2026-04-03T02:47:03.463+0600][30.105s][info][gc,stats    ]       Phase: Pause Relocate Start                          0.018 / 0.027         0.016 / 0.027         0.016 / 0.027         0.016 / 0.027       ms
[2026-04-03T02:47:03.463+0600][30.105s][info][gc,stats    ]    Subphase: Concurrent Classes Purge                      0.643 / 2.070         0.784 / 3.320         0.784 / 3.320         0.784 / 3.320       ms
[2026-04-03T02:47:03.463+0600][30.105s][info][gc,stats    ]    Subphase: Concurrent Classes Unlink                    33.482 / 74.619       20.418 / 74.619       20.418 / 74.619       20.418 / 74.619      ms
[2026-04-03T02:47:03.463+0600][30.105s][info][gc,stats    ]    Subphase: Concurrent Mark                             158.284 / 320.633      86.086 / 320.633      86.086 / 320.633      86.086 / 320.633     ms
[2026-04-03T02:47:03.463+0600][30.105s][info][gc,stats    ]    Subphase: Concurrent Mark Try Flush                     0.494 / 2.098         0.365 / 2.305         0.365 / 2.305         0.365 / 2.305       ms
[2026-04-03T02:47:03.463+0600][30.105s][info][gc,stats    ]    Subphase: Concurrent Mark Try Terminate                 0.960 / 2.888         0.970 / 2.888         0.970 / 2.888         0.970 / 2.888       ms
[2026-04-03T02:47:03.463+0600][30.105s][info][gc,stats    ]    Subphase: Concurrent References Enqueue                 0.009 / 0.017         0.008 / 0.017         0.008 / 0.017         0.008 / 0.017       ms
[2026-04-03T02:47:03.463+0600][30.105s][info][gc,stats    ]    Subphase: Concurrent References Process                 0.984 / 1.567         0.751 / 1.567         0.751 / 1.567         0.751 / 1.567       ms
[2026-04-03T02:47:03.463+0600][30.105s][info][gc,stats    ]    Subphase: Concurrent Roots ClassLoaderDataGraph         0.517 / 0.991         0.330 / 0.991         0.330 / 0.991         0.330 / 0.991       ms
[2026-04-03T02:47:03.463+0600][30.105s][info][gc,stats    ]    Subphase: Concurrent Roots CodeCache                    0.000 / 0.000         0.000 / 0.000         0.000 / 0.000         0.000 / 0.000       ms
[2026-04-03T02:47:03.463+0600][30.105s][info][gc,stats    ]    Subphase: Concurrent Roots JavaThreads                  2.248 / 5.336         1.254 / 5.336         1.254 / 5.336         1.254 / 5.336       ms
[2026-04-03T02:47:03.463+0600][30.105s][info][gc,stats    ]    Subphase: Concurrent Roots OopStorageSet                0.141 / 0.238         0.091 / 0.238         0.091 / 0.238         0.091 / 0.238       ms
[2026-04-03T02:47:03.463+0600][30.105s][info][gc,stats    ]    Subphase: Concurrent Weak Roots OopStorageSet           2.130 / 4.256         1.277 / 4.256         1.277 / 4.256         1.277 / 4.256       ms
[2026-04-03T02:47:03.463+0600][30.105s][info][gc,stats    ]    Subphase: Pause Mark Try Complete                       0.000 / 0.000         0.002 / 0.004         0.002 / 0.004         0.002 / 0.004       ms
[2026-04-03T02:47:03.463+0600][30.105s][info][gc,stats    ]      System: Java Threads                                    260 / 283             146 / 283             146 / 283             146 / 283         threads
[2026-04-03T02:47:03.463+0600][30.105s][info][gc,stats    ] =========================================================================================================================================================
[2026-04-03T02:47:03.664+0600][30.305s][info][gc,start    ] GC(13) Garbage Collection (Allocation Rate)
[2026-04-03T02:47:03.664+0600][30.305s][info][gc,task     ] GC(13) Using 1 workers
[2026-04-03T02:47:03.664+0600][30.306s][info][gc,phases   ] GC(13) Pause Mark Start 0.015ms
[2026-04-03T02:47:03.930+0600][30.572s][info][gc,phases   ] GC(13) Concurrent Mark 266.161ms
[2026-04-03T02:47:03.931+0600][30.572s][info][gc,phases   ] GC(13) Pause Mark End 0.025ms
[2026-04-03T02:47:03.931+0600][30.572s][info][gc,phases   ] GC(13) Concurrent Mark Free 0.002ms
[2026-04-03T02:47:03.968+0600][30.610s][info][gc,phases   ] GC(13) Concurrent Process Non-Strong References 37.014ms
[2026-04-03T02:47:03.968+0600][30.610s][info][gc,phases   ] GC(13) Concurrent Reset Relocation Set 0.021ms
[2026-04-03T02:47:03.972+0600][30.614s][info][gc,phases   ] GC(13) Concurrent Select Relocation Set 3.919ms
[2026-04-03T02:47:03.972+0600][30.614s][info][gc,phases   ] GC(13) Pause Relocate Start 0.013ms
[2026-04-03T02:47:03.983+0600][30.624s][info][gc,phases   ] GC(13) Concurrent Relocate 10.126ms
[2026-04-03T02:47:03.983+0600][30.624s][info][gc,load     ] GC(13) Load: 5.87/5.59/5.62
[2026-04-03T02:47:03.983+0600][30.624s][info][gc,mmu      ] GC(13) MMU: 2ms/92.4%, 5ms/97.0%, 10ms/98.4%, 20ms/99.2%, 50ms/99.7%, 100ms/99.8%
[2026-04-03T02:47:03.983+0600][30.624s][info][gc,marking  ] GC(13) Mark: 1 stripe(s), 2 proactive flush(es), 1 terminate flush(es), 0 completion(s), 0 continuation(s) 
[2026-04-03T02:47:03.983+0600][30.624s][info][gc,marking  ] GC(13) Mark Stack Usage: 32M
[2026-04-03T02:47:03.983+0600][30.624s][info][gc,nmethod  ] GC(13) NMethods: 13474 registered, 1003 unregistered
[2026-04-03T02:47:03.983+0600][30.624s][info][gc,metaspace] GC(13) Metaspace: 127M used, 128M committed, 1152M reserved
[2026-04-03T02:47:03.983+0600][30.624s][info][gc,ref      ] GC(13) Soft: 6298 encountered, 0 discovered, 0 enqueued
[2026-04-03T02:47:03.983+0600][30.624s][info][gc,ref      ] GC(13) Weak: 17622 encountered, 6706 discovered, 1627 enqueued
[2026-04-03T02:47:03.983+0600][30.624s][info][gc,ref      ] GC(13) Final: 84 encountered, 0 discovered, 0 enqueued
[2026-04-03T02:47:03.983+0600][30.624s][info][gc,ref      ] GC(13) Phantom: 620 encountered, 615 discovered, 0 enqueued
[2026-04-03T02:47:03.983+0600][30.624s][info][gc,reloc    ] GC(13) Small Pages: 496 / 992M, Empty: 380M, Relocated: 6M, In-Place: 0
[2026-04-03T02:47:03.983+0600][30.624s][info][gc,reloc    ] GC(13) Medium Pages: 7 / 224M, Empty: 192M, Relocated: 0M, In-Place: 0
[2026-04-03T02:47:03.983+0600][30.624s][info][gc,reloc    ] GC(13) Large Pages: 21 / 126M, Empty: 126M, Relocated: 0M, In-Place: 0
[2026-04-03T02:47:03.983+0600][30.624s][info][gc,reloc    ] GC(13) Forwarding Usage: 1M
[2026-04-03T02:47:03.983+0600][30.624s][info][gc,heap     ] GC(13) Min Capacity: 8M(0%)
[2026-04-03T02:47:03.983+0600][30.624s][info][gc,heap     ] GC(13) Max Capacity: 2000M(100%)
[2026-04-03T02:47:03.983+0600][30.624s][info][gc,heap     ] GC(13) Soft Max Capacity: 2000M(100%)
[2026-04-03T02:47:03.983+0600][30.624s][info][gc,heap     ] GC(13)                Mark Start          Mark End        Relocate Start      Relocate End           High               Low         
[2026-04-03T02:47:03.983+0600][30.624s][info][gc,heap     ] GC(13)  Capacity:     2000M (100%)       2000M (100%)       2000M (100%)       2000M (100%)       2000M (100%)       2000M (100%)   
[2026-04-03T02:47:03.983+0600][30.624s][info][gc,heap     ] GC(13)      Free:      658M (33%)         412M (21%)        1088M (54%)        1590M (80%)        1590M (80%)         398M (20%)    
[2026-04-03T02:47:03.983+0600][30.624s][info][gc,heap     ] GC(13)      Used:     1342M (67%)        1588M (79%)         912M (46%)         410M (20%)        1602M (80%)         410M (20%)    
[2026-04-03T02:47:03.983+0600][30.624s][info][gc,heap     ] GC(13)      Live:         -               102M (5%)          102M (5%)          102M (5%)             -                  -          
[2026-04-03T02:47:03.983+0600][30.624s][info][gc,heap     ] GC(13) Allocated:         -               246M (12%)         268M (13%)         271M (14%)            -                  -          
[2026-04-03T02:47:03.983+0600][30.625s][info][gc,heap     ] GC(13)   Garbage:         -              1239M (62%)         541M (27%)          35M (2%)             -                  -          
[2026-04-03T02:47:03.983+0600][30.625s][info][gc,heap     ] GC(13) Reclaimed:         -                  -               698M (35%)        1203M (60%)            -                  -          
[2026-04-03T02:47:03.983+0600][30.625s][info][gc          ] GC(13) Garbage Collection (Allocation Rate) 1342M(67%)->410M(20%)
[2026-04-03T02:47:04.563+0600][31.204s][info][gc,start    ] GC(14) Garbage Collection (Allocation Rate)
[2026-04-03T02:47:04.563+0600][31.204s][info][gc,task     ] GC(14) Using 2 workers
[2026-04-03T02:47:04.563+0600][31.205s][info][gc,phases   ] GC(14) Pause Mark Start 0.017ms
[2026-04-03T02:47:04.692+0600][31.334s][info][gc,phases   ] GC(14) Concurrent Mark 128.650ms
[2026-04-03T02:47:04.693+0600][31.334s][info][gc,phases   ] GC(14) Pause Mark End 0.047ms
[2026-04-03T02:47:04.693+0600][31.334s][info][gc,phases   ] GC(14) Concurrent Mark Free 0.002ms
[2026-04-03T02:47:04.714+0600][31.356s][info][gc,phases   ] GC(14) Concurrent Process Non-Strong References 21.095ms
[2026-04-03T02:47:04.714+0600][31.356s][info][gc,phases   ] GC(14) Concurrent Reset Relocation Set 0.024ms
[2026-04-03T02:47:04.719+0600][31.361s][info][gc,phases   ] GC(14) Concurrent Select Relocation Set 4.838ms
[2026-04-03T02:47:04.719+0600][31.361s][info][gc,phases   ] GC(14) Pause Relocate Start 0.016ms
[2026-04-03T02:47:04.729+0600][31.370s][info][gc,phases   ] GC(14) Concurrent Relocate 9.595ms
[2026-04-03T02:47:04.729+0600][31.371s][info][gc,load     ] GC(14) Load: 5.87/5.59/5.62
[2026-04-03T02:47:04.729+0600][31.371s][info][gc,mmu      ] GC(14) MMU: 2ms/92.4%, 5ms/97.0%, 10ms/98.4%, 20ms/99.2%, 50ms/99.7%, 100ms/99.8%
[2026-04-03T02:47:04.729+0600][31.371s][info][gc,marking  ] GC(14) Mark: 2 stripe(s), 2 proactive flush(es), 1 terminate flush(es), 0 completion(s), 0 continuation(s) 
[2026-04-03T02:47:04.729+0600][31.371s][info][gc,marking  ] GC(14) Mark Stack Usage: 32M
[2026-04-03T02:47:04.729+0600][31.371s][info][gc,nmethod  ] GC(14) NMethods: 13552 registered, 1067 unregistered
[2026-04-03T02:47:04.729+0600][31.371s][info][gc,metaspace] GC(14) Metaspace: 127M used, 128M committed, 1152M reserved
[2026-04-03T02:47:04.729+0600][31.371s][info][gc,ref      ] GC(14) Soft: 6298 encountered, 0 discovered, 0 enqueued
[2026-04-03T02:47:04.729+0600][31.371s][info][gc,ref      ] GC(14) Weak: 17184 encountered, 7251 discovered, 2488 enqueued
[2026-04-03T02:47:04.729+0600][31.371s][info][gc,ref      ] GC(14) Final: 84 encountered, 0 discovered, 0 enqueued
[2026-04-03T02:47:04.729+0600][31.371s][info][gc,ref      ] GC(14) Phantom: 620 encountered, 367 discovered, 0 enqueued
[2026-04-03T02:47:04.729+0600][31.371s][info][gc,reloc    ] GC(14) Small Pages: 417 / 834M, Empty: 352M, Relocated: 6M, In-Place: 0
[2026-04-03T02:47:04.729+0600][31.371s][info][gc,reloc    ] GC(14) Medium Pages: 4 / 128M, Empty: 96M, Relocated: 0M, In-Place: 0
[2026-04-03T02:47:04.729+0600][31.371s][info][gc,reloc    ] GC(14) Large Pages: 80 / 480M, Empty: 480M, Relocated: 0M, In-Place: 0
[2026-04-03T02:47:04.729+0600][31.371s][info][gc,reloc    ] GC(14) Forwarding Usage: 2M
[2026-04-03T02:47:04.729+0600][31.371s][info][gc,heap     ] GC(14) Min Capacity: 8M(0%)
[2026-04-03T02:47:04.729+0600][31.371s][info][gc,heap     ] GC(14) Max Capacity: 2000M(100%)
[2026-04-03T02:47:04.729+0600][31.371s][info][gc,heap     ] GC(14) Soft Max Capacity: 2000M(100%)
[2026-04-03T02:47:04.729+0600][31.371s][info][gc,heap     ] GC(14)                Mark Start          Mark End        Relocate Start      Relocate End           High               Low         
[2026-04-03T02:47:04.729+0600][31.371s][info][gc,heap     ] GC(14)  Capacity:     2000M (100%)       2000M (100%)       2000M (100%)       2000M (100%)       2000M (100%)       2000M (100%)   
[2026-04-03T02:47:04.729+0600][31.371s][info][gc,heap     ] GC(14)      Free:      558M (28%)          94M (5%)          998M (50%)        1366M (68%)        1366M (68%)          76M (4%)     
[2026-04-03T02:47:04.729+0600][31.371s][info][gc,heap     ] GC(14)      Used:     1442M (72%)        1906M (95%)        1002M (50%)         634M (32%)        1924M (96%)         634M (32%)    
[2026-04-03T02:47:04.729+0600][31.371s][info][gc,heap     ] GC(14)      Live:         -               104M (5%)          104M (5%)          104M (5%)             -                  -          
[2026-04-03T02:47:04.729+0600][31.371s][info][gc,heap     ] GC(14) Allocated:         -               464M (23%)         488M (24%)         493M (25%)            -                  -          
[2026-04-03T02:47:04.729+0600][31.371s][info][gc,heap     ] GC(14)   Garbage:         -              1337M (67%)         409M (20%)          36M (2%)             -                  -          
[2026-04-03T02:47:04.729+0600][31.371s][info][gc,heap     ] GC(14) Reclaimed:         -                  -               928M (46%)        1301M (65%)            -                  -          
[2026-04-03T02:47:04.730+0600][31.371s][info][gc          ] GC(14) Garbage Collection (Allocation Rate) 1442M(72%)->634M(32%)
[2026-04-03T02:47:05.064+0600][31.705s][info][gc,start    ] GC(15) Garbage Collection (Allocation Rate)
[2026-04-03T02:47:05.064+0600][31.705s][info][gc,task     ] GC(15) Using 2 workers
[2026-04-03T02:47:05.064+0600][31.705s][info][gc,phases   ] GC(15) Pause Mark Start 0.008ms
[2026-04-03T02:47:05.154+0600][31.795s][info][gc,phases   ] GC(15) Concurrent Mark 89.604ms
[2026-04-03T02:47:05.154+0600][31.795s][info][gc,phases   ] GC(15) Pause Mark End 0.024ms
[2026-04-03T02:47:05.154+0600][31.796s][info][gc,phases   ] GC(15) Concurrent Mark Free 0.002ms
[2026-04-03T02:47:05.174+0600][31.816s][info][gc,phases   ] GC(15) Concurrent Process Non-Strong References 20.230ms
[2026-04-03T02:47:05.174+0600][31.816s][info][gc,phases   ] GC(15) Concurrent Reset Relocation Set 0.010ms
[2026-04-03T02:47:05.177+0600][31.818s][info][gc,phases   ] GC(15) Concurrent Select Relocation Set 2.534ms
[2026-04-03T02:47:05.177+0600][31.819s][info][gc,phases   ] GC(15) Pause Relocate Start 0.009ms
[2026-04-03T02:47:05.183+0600][31.825s][info][gc,phases   ] GC(15) Concurrent Relocate 6.158ms
[2026-04-03T02:47:05.183+0600][31.825s][info][gc,load     ] GC(15) Load: 5.48/5.52/5.59
[2026-04-03T02:47:05.184+0600][31.825s][info][gc,mmu      ] GC(15) MMU: 2ms/92.4%, 5ms/97.0%, 10ms/98.4%, 20ms/99.2%, 50ms/99.7%, 100ms/99.8%
[2026-04-03T02:47:05.184+0600][31.825s][info][gc,marking  ] GC(15) Mark: 2 stripe(s), 2 proactive flush(es), 1 terminate flush(es), 0 completion(s), 0 continuation(s) 
[2026-04-03T02:47:05.184+0600][31.825s][info][gc,marking  ] GC(15) Mark Stack Usage: 32M
[2026-04-03T02:47:05.184+0600][31.825s][info][gc,nmethod  ] GC(15) NMethods: 13630 registered, 1117 unregistered
[2026-04-03T02:47:05.184+0600][31.825s][info][gc,metaspace] GC(15) Metaspace: 127M used, 128M committed, 1152M reserved
[2026-04-03T02:47:05.184+0600][31.825s][info][gc,ref      ] GC(15) Soft: 6298 encountered, 0 discovered, 0 enqueued
[2026-04-03T02:47:05.184+0600][31.825s][info][gc,ref      ] GC(15) Weak: 15126 encountered, 3779 discovered, 434 enqueued
[2026-04-03T02:47:05.184+0600][31.825s][info][gc,ref      ] GC(15) Final: 84 encountered, 0 discovered, 0 enqueued
[2026-04-03T02:47:05.184+0600][31.825s][info][gc,ref      ] GC(15) Phantom: 620 encountered, 561 discovered, 0 enqueued
[2026-04-03T02:47:05.184+0600][31.825s][info][gc,reloc    ] GC(15) Small Pages: 197 / 394M, Empty: 38M, Relocated: 6M, In-Place: 0
[2026-04-03T02:47:05.184+0600][31.825s][info][gc,reloc    ] GC(15) Medium Pages: 3 / 96M, Empty: 64M, Relocated: 0M, In-Place: 0
[2026-04-03T02:47:05.184+0600][31.825s][info][gc,reloc    ] GC(15) Large Pages: 71 / 426M, Empty: 426M, Relocated: 0M, In-Place: 0
[2026-04-03T02:47:05.184+0600][31.825s][info][gc,reloc    ] GC(15) Forwarding Usage: 2M
[2026-04-03T02:47:05.184+0600][31.825s][info][gc,heap     ] GC(15) Min Capacity: 8M(0%)
[2026-04-03T02:47:05.184+0600][31.825s][info][gc,heap     ] GC(15) Max Capacity: 2000M(100%)
[2026-04-03T02:47:05.184+0600][31.825s][info][gc,heap     ] GC(15) Soft Max Capacity: 2000M(100%)
[2026-04-03T02:47:05.184+0600][31.825s][info][gc,heap     ] GC(15)                Mark Start          Mark End        Relocate Start      Relocate End           High               Low         
[2026-04-03T02:47:05.184+0600][31.825s][info][gc,heap     ] GC(15)  Capacity:     2000M (100%)       2000M (100%)       2000M (100%)       2000M (100%)       2000M (100%)       2000M (100%)   
[2026-04-03T02:47:05.184+0600][31.825s][info][gc,heap     ] GC(15)      Free:     1084M (54%)        1038M (52%)        1548M (77%)        1794M (90%)        1794M (90%)        1030M (52%)    
[2026-04-03T02:47:05.184+0600][31.825s][info][gc,heap     ] GC(15)      Used:      916M (46%)         962M (48%)         452M (23%)         206M (10%)         970M (48%)         206M (10%)    
[2026-04-03T02:47:05.184+0600][31.825s][info][gc,heap     ] GC(15)      Live:         -               101M (5%)          101M (5%)          101M (5%)             -                  -          
[2026-04-03T02:47:05.184+0600][31.825s][info][gc,heap     ] GC(15) Allocated:         -                46M (2%)           64M (3%)           67M (3%)             -                  -          
[2026-04-03T02:47:05.184+0600][31.825s][info][gc,heap     ] GC(15)   Garbage:         -               814M (41%)         286M (14%)          37M (2%)             -                  -          
[2026-04-03T02:47:05.184+0600][31.825s][info][gc,heap     ] GC(15) Reclaimed:         -                  -               528M (26%)         777M (39%)            -                  -          
[2026-04-03T02:47:05.184+0600][31.825s][info][gc          ] GC(15) Garbage Collection (Allocation Rate) 916M(46%)->206M(10%)
[2026-04-03T02:47:05.964+0600][32.605s][info][gc,start    ] GC(16) Garbage Collection (Allocation Rate)
[2026-04-03T02:47:05.964+0600][32.605s][info][gc,task     ] GC(16) Using 2 workers
[2026-04-03T02:47:05.965+0600][32.606s][info][gc,phases   ] GC(16) Pause Mark Start 0.020ms
[2026-04-03T02:47:06.139+0600][32.780s][info][gc,phases   ] GC(16) Concurrent Mark 174.226ms
[2026-04-03T02:47:06.139+0600][32.781s][info][gc,phases   ] GC(16) Pause Mark End 0.032ms
[2026-04-03T02:47:06.139+0600][32.781s][info][gc,phases   ] GC(16) Concurrent Mark Free 0.002ms
[2026-04-03T02:47:06.160+0600][32.801s][info][gc,phases   ] GC(16) Concurrent Process Non-Strong References 20.317ms
[2026-04-03T02:47:06.160+0600][32.801s][info][gc,phases   ] GC(16) Concurrent Reset Relocation Set 0.008ms
[2026-04-03T02:47:06.163+0600][32.804s][info][gc,phases   ] GC(16) Concurrent Select Relocation Set 2.717ms
[2026-04-03T02:47:06.163+0600][32.804s][info][gc,phases   ] GC(16) Pause Relocate Start 0.012ms
[2026-04-03T02:47:06.169+0600][32.810s][info][gc,phases   ] GC(16) Concurrent Relocate 5.744ms
[2026-04-03T02:47:06.169+0600][32.810s][info][gc,load     ] GC(16) Load: 5.48/5.52/5.59
[2026-04-03T02:47:06.169+0600][32.810s][info][gc,mmu      ] GC(16) MMU: 2ms/92.4%, 5ms/97.0%, 10ms/98.4%, 20ms/99.2%, 50ms/99.7%, 100ms/99.8%
[2026-04-03T02:47:06.169+0600][32.810s][info][gc,marking  ] GC(16) Mark: 2 stripe(s), 2 proactive flush(es), 1 terminate flush(es), 0 completion(s), 0 continuation(s) 
[2026-04-03T02:47:06.169+0600][32.810s][info][gc,marking  ] GC(16) Mark Stack Usage: 32M
[2026-04-03T02:47:06.169+0600][32.810s][info][gc,nmethod  ] GC(16) NMethods: 13734 registered, 1188 unregistered
[2026-04-03T02:47:06.169+0600][32.810s][info][gc,metaspace] GC(16) Metaspace: 127M used, 128M committed, 1152M reserved
[2026-04-03T02:47:06.169+0600][32.810s][info][gc,ref      ] GC(16) Soft: 6306 encountered, 0 discovered, 0 enqueued
[2026-04-03T02:47:06.169+0600][32.810s][info][gc,ref      ] GC(16) Weak: 16049 encountered, 5948 discovered, 34 enqueued
[2026-04-03T02:47:06.169+0600][32.810s][info][gc,ref      ] GC(16) Final: 84 encountered, 0 discovered, 0 enqueued
[2026-04-03T02:47:06.169+0600][32.810s][info][gc,ref      ] GC(16) Phantom: 620 encountered, 345 discovered, 0 enqueued
[2026-04-03T02:47:06.169+0600][32.810s][info][gc,reloc    ] GC(16) Small Pages: 420 / 840M, Empty: 340M, Relocated: 8M, In-Place: 0
[2026-04-03T02:47:06.169+0600][32.810s][info][gc,reloc    ] GC(16) Medium Pages: 6 / 192M, Empty: 160M, Relocated: 0M, In-Place: 0
[2026-04-03T02:47:06.169+0600][32.810s][info][gc,reloc    ] GC(16) Large Pages: 18 / 108M, Empty: 108M, Relocated: 0M, In-Place: 0
[2026-04-03T02:47:06.169+0600][32.810s][info][gc,reloc    ] GC(16) Forwarding Usage: 2M
[2026-04-03T02:47:06.169+0600][32.810s][info][gc,heap     ] GC(16) Min Capacity: 8M(0%)
[2026-04-03T02:47:06.169+0600][32.810s][info][gc,heap     ] GC(16) Max Capacity: 2000M(100%)
[2026-04-03T02:47:06.169+0600][32.810s][info][gc,heap     ] GC(16) Soft Max Capacity: 2000M(100%)
[2026-04-03T02:47:06.169+0600][32.810s][info][gc,heap     ] GC(16)                Mark Start          Mark End        Relocate Start      Relocate End           High               Low         
[2026-04-03T02:47:06.169+0600][32.810s][info][gc,heap     ] GC(16)  Capacity:     2000M (100%)       2000M (100%)       2000M (100%)       2000M (100%)       2000M (100%)       2000M (100%)   
[2026-04-03T02:47:06.169+0600][32.811s][info][gc,heap     ] GC(16)      Free:      860M (43%)         646M (32%)        1242M (62%)        1620M (81%)        1622M (81%)         638M (32%)    
[2026-04-03T02:47:06.169+0600][32.811s][info][gc,heap     ] GC(16)      Used:     1140M (57%)        1354M (68%)         758M (38%)         380M (19%)        1362M (68%)         378M (19%)    
[2026-04-03T02:47:06.169+0600][32.811s][info][gc,heap     ] GC(16)      Live:         -               106M (5%)          106M (5%)          106M (5%)             -                  -          
[2026-04-03T02:47:06.169+0600][32.811s][info][gc,heap     ] GC(16) Allocated:         -               214M (11%)         226M (11%)         233M (12%)            -                  -          
[2026-04-03T02:47:06.169+0600][32.811s][info][gc,heap     ] GC(16)   Garbage:         -              1033M (52%)         425M (21%)          39M (2%)             -                  -          
[2026-04-03T02:47:06.169+0600][32.811s][info][gc,heap     ] GC(16) Reclaimed:         -                  -               608M (30%)         993M (50%)            -                  -          
[2026-04-03T02:47:06.169+0600][32.811s][info][gc          ] GC(16) Garbage Collection (Allocation Rate) 1140M(57%)->380M(19%)
[2026-04-03T02:47:07.263+0600][33.905s][info][gc,start    ] GC(17) Garbage Collection (Allocation Rate)
[2026-04-03T02:47:07.263+0600][33.905s][info][gc,task     ] GC(17) Using 2 workers
[2026-04-03T02:47:07.263+0600][33.905s][info][gc,phases   ] GC(17) Pause Mark Start 0.010ms
[2026-04-03T02:47:07.426+0600][34.067s][info][gc,phases   ] GC(17) Concurrent Mark 162.185ms
[2026-04-03T02:47:07.426+0600][34.067s][info][gc,phases   ] GC(17) Pause Mark End 0.039ms
[2026-04-03T02:47:07.426+0600][34.067s][info][gc,phases   ] GC(17) Concurrent Mark Free 0.001ms
[2026-04-03T02:47:07.445+0600][34.087s][info][gc,phases   ] GC(17) Concurrent Process Non-Strong References 19.221ms
[2026-04-03T02:47:07.445+0600][34.087s][info][gc,phases   ] GC(17) Concurrent Reset Relocation Set 0.019ms
[2026-04-03T02:47:07.451+0600][34.092s][info][gc,phases   ] GC(17) Concurrent Select Relocation Set 5.372ms
[2026-04-03T02:47:07.451+0600][34.093s][info][gc,phases   ] GC(17) Pause Relocate Start 0.014ms
[2026-04-03T02:47:07.464+0600][34.106s][info][gc,phases   ] GC(17) Concurrent Relocate 12.913ms
[2026-04-03T02:47:07.464+0600][34.106s][info][gc,load     ] GC(17) Load: 5.48/5.52/5.59
[2026-04-03T02:47:07.464+0600][34.106s][info][gc,mmu      ] GC(17) MMU: 2ms/92.4%, 5ms/97.0%, 10ms/98.4%, 20ms/99.2%, 50ms/99.7%, 100ms/99.8%
[2026-04-03T02:47:07.464+0600][34.106s][info][gc,marking  ] GC(17) Mark: 2 stripe(s), 2 proactive flush(es), 1 terminate flush(es), 0 completion(s), 0 continuation(s) 
[2026-04-03T02:47:07.464+0600][34.106s][info][gc,marking  ] GC(17) Mark Stack Usage: 32M
[2026-04-03T02:47:07.464+0600][34.106s][info][gc,nmethod  ] GC(17) NMethods: 13846 registered, 1271 unregistered
[2026-04-03T02:47:07.464+0600][34.106s][info][gc,metaspace] GC(17) Metaspace: 127M used, 128M committed, 1152M reserved
[2026-04-03T02:47:07.464+0600][34.106s][info][gc,ref      ] GC(17) Soft: 6306 encountered, 0 discovered, 0 enqueued
[2026-04-03T02:47:07.464+0600][34.106s][info][gc,ref      ] GC(17) Weak: 17801 encountered, 7072 discovered, 1627 enqueued
[2026-04-03T02:47:07.464+0600][34.106s][info][gc,ref      ] GC(17) Final: 84 encountered, 0 discovered, 0 enqueued
[2026-04-03T02:47:07.464+0600][34.106s][info][gc,ref      ] GC(17) Phantom: 620 encountered, 345 discovered, 0 enqueued
[2026-04-03T02:47:07.464+0600][34.106s][info][gc,reloc    ] GC(17) Small Pages: 578 / 1156M, Empty: 454M, Relocated: 13M, In-Place: 0
[2026-04-03T02:47:07.464+0600][34.106s][info][gc,reloc    ] GC(17) Medium Pages: 8 / 256M, Empty: 224M, Relocated: 0M, In-Place: 0
[2026-04-03T02:47:07.464+0600][34.106s][info][gc,reloc    ] GC(17) Large Pages: 26 / 156M, Empty: 156M, Relocated: 0M, In-Place: 0
[2026-04-03T02:47:07.464+0600][34.106s][info][gc,reloc    ] GC(17) Forwarding Usage: 4M
[2026-04-03T02:47:07.464+0600][34.106s][info][gc,heap     ] GC(17) Min Capacity: 8M(0%)
[2026-04-03T02:47:07.464+0600][34.106s][info][gc,heap     ] GC(17) Max Capacity: 2000M(100%)
[2026-04-03T02:47:07.464+0600][34.106s][info][gc,heap     ] GC(17) Soft Max Capacity: 2000M(100%)
[2026-04-03T02:47:07.464+0600][34.106s][info][gc,heap     ] GC(17)                Mark Start          Mark End        Relocate Start      Relocate End           High               Low         
[2026-04-03T02:47:07.465+0600][34.106s][info][gc,heap     ] GC(17)  Capacity:     2000M (100%)       2000M (100%)       2000M (100%)       2000M (100%)       2000M (100%)       2000M (100%)   
[2026-04-03T02:47:07.465+0600][34.106s][info][gc,heap     ] GC(17)      Free:      432M (22%)         252M (13%)        1070M (54%)        1648M (82%)        1654M (83%)         242M (12%)    
[2026-04-03T02:47:07.465+0600][34.106s][info][gc,heap     ] GC(17)      Used:     1568M (78%)        1748M (87%)         930M (46%)         352M (18%)        1758M (88%)         346M (17%)    
[2026-04-03T02:47:07.465+0600][34.106s][info][gc,heap     ] GC(17)      Live:         -               107M (5%)          107M (5%)          107M (5%)             -                  -          
[2026-04-03T02:47:07.465+0600][34.106s][info][gc,heap     ] GC(17) Allocated:         -               180M (9%)          196M (10%)         207M (10%)            -                  -          
[2026-04-03T02:47:07.465+0600][34.106s][info][gc,heap     ] GC(17)   Garbage:         -              1460M (73%)         626M (31%)          36M (2%)             -                  -          
[2026-04-03T02:47:07.465+0600][34.106s][info][gc,heap     ] GC(17) Reclaimed:         -                  -               834M (42%)        1423M (71%)            -                  -          
[2026-04-03T02:47:07.465+0600][34.106s][info][gc          ] GC(17) Garbage Collection (Allocation Rate) 1568M(78%)->352M(18%)
[2026-04-03T02:47:08.063+0600][34.705s][info][gc,start    ] GC(18) Garbage Collection (Allocation Rate)
[2026-04-03T02:47:08.063+0600][34.705s][info][gc,task     ] GC(18) Using 3 workers
[2026-04-03T02:47:08.064+0600][34.705s][info][gc,phases   ] GC(18) Pause Mark Start 0.016ms
[2026-04-03T02:47:08.181+0600][34.823s][info][gc,phases   ] GC(18) Concurrent Mark 117.315ms
[2026-04-03T02:47:08.182+0600][34.823s][info][gc,phases   ] GC(18) Pause Mark End 0.059ms
[2026-04-03T02:47:08.182+0600][34.823s][info][gc,phases   ] GC(18) Concurrent Mark Free 0.002ms
[2026-04-03T02:47:08.201+0600][34.842s][info][gc,phases   ] GC(18) Concurrent Process Non-Strong References 19.090ms
[2026-04-03T02:47:08.201+0600][34.842s][info][gc,phases   ] GC(18) Concurrent Reset Relocation Set 0.019ms
[2026-04-03T02:47:08.204+0600][34.846s][info][gc,phases   ] GC(18) Concurrent Select Relocation Set 3.328ms
[2026-04-03T02:47:08.204+0600][34.846s][info][gc,phases   ] GC(18) Pause Relocate Start 0.014ms
[2026-04-03T02:47:08.212+0600][34.853s][info][gc,phases   ] GC(18) Concurrent Relocate 7.033ms
[2026-04-03T02:47:08.212+0600][34.853s][info][gc,load     ] GC(18) Load: 5.48/5.52/5.59
[2026-04-03T02:47:08.212+0600][34.853s][info][gc,mmu      ] GC(18) MMU: 2ms/92.4%, 5ms/97.0%, 10ms/98.4%, 20ms/99.2%, 50ms/99.7%, 100ms/99.8%
[2026-04-03T02:47:08.212+0600][34.853s][info][gc,marking  ] GC(18) Mark: 2 stripe(s), 2 proactive flush(es), 1 terminate flush(es), 0 completion(s), 0 continuation(s) 
[2026-04-03T02:47:08.212+0600][34.853s][info][gc,marking  ] GC(18) Mark Stack Usage: 32M
[2026-04-03T02:47:08.212+0600][34.853s][info][gc,nmethod  ] GC(18) NMethods: 13923 registered, 1313 unregistered
[2026-04-03T02:47:08.212+0600][34.853s][info][gc,metaspace] GC(18) Metaspace: 127M used, 128M committed, 1152M reserved
[2026-04-03T02:47:08.212+0600][34.853s][info][gc,ref      ] GC(18) Soft: 6312 encountered, 0 discovered, 0 enqueued
[2026-04-03T02:47:08.212+0600][34.853s][info][gc,ref      ] GC(18) Weak: 17360 encountered, 8637 discovered, 2505 enqueued
[2026-04-03T02:47:08.212+0600][34.853s][info][gc,ref      ] GC(18) Final: 84 encountered, 4 discovered, 0 enqueued
[2026-04-03T02:47:08.212+0600][34.853s][info][gc,ref      ] GC(18) Phantom: 630 encountered, 395 discovered, 0 enqueued
[2026-04-03T02:47:08.212+0600][34.853s][info][gc,reloc    ] GC(18) Small Pages: 413 / 826M, Empty: 368M, Relocated: 12M, In-Place: 0
[2026-04-03T02:47:08.212+0600][34.853s][info][gc,reloc    ] GC(18) Medium Pages: 4 / 128M, Empty: 96M, Relocated: 0M, In-Place: 0
[2026-04-03T02:47:08.212+0600][34.854s][info][gc,reloc    ] GC(18) Large Pages: 107 / 642M, Empty: 618M, Relocated: 0M, In-Place: 0
[2026-04-03T02:47:08.212+0600][34.854s][info][gc,reloc    ] GC(18) Forwarding Usage: 3M
[2026-04-03T02:47:08.212+0600][34.854s][info][gc,heap     ] GC(18) Min Capacity: 8M(0%)
[2026-04-03T02:47:08.212+0600][34.854s][info][gc,heap     ] GC(18) Max Capacity: 2000M(100%)
[2026-04-03T02:47:08.212+0600][34.854s][info][gc,heap     ] GC(18) Soft Max Capacity: 2000M(100%)
[2026-04-03T02:47:08.212+0600][34.854s][info][gc,heap     ] GC(18)                Mark Start          Mark End        Relocate Start      Relocate End           High               Low         
[2026-04-03T02:47:08.212+0600][34.854s][info][gc,heap     ] GC(18)  Capacity:     2000M (100%)       2000M (100%)       2000M (100%)       2000M (100%)       2000M (100%)       2000M (100%)   
[2026-04-03T02:47:08.212+0600][34.854s][info][gc,heap     ] GC(18)      Free:      404M (20%)          80M (4%)         1152M (58%)        1488M (74%)        1488M (74%)          74M (4%)     
[2026-04-03T02:47:08.212+0600][34.854s][info][gc,heap     ] GC(18)      Used:     1596M (80%)        1920M (96%)         848M (42%)         512M (26%)        1926M (96%)         512M (26%)    
[2026-04-03T02:47:08.212+0600][34.854s][info][gc,heap     ] GC(18)      Live:         -               132M (7%)          132M (7%)          132M (7%)             -                  -          
[2026-04-03T02:47:08.212+0600][34.854s][info][gc,heap     ] GC(18) Allocated:         -               324M (16%)         334M (17%)         339M (17%)            -                  -          
[2026-04-03T02:47:08.212+0600][34.854s][info][gc,heap     ] GC(18)   Garbage:         -              1463M (73%)         381M (19%)          39M (2%)             -                  -          
[2026-04-03T02:47:08.212+0600][34.854s][info][gc,heap     ] GC(18) Reclaimed:         -                  -              1082M (54%)        1423M (71%)            -                  -          
[2026-04-03T02:47:08.212+0600][34.854s][info][gc          ] GC(18) Garbage Collection (Allocation Rate) 1596M(80%)->512M(26%)
[2026-04-03T02:47:08.663+0600][35.304s][info][gc,start    ] GC(19) Garbage Collection (Allocation Rate)
[2026-04-03T02:47:08.663+0600][35.304s][info][gc,task     ] GC(19) Using 2 workers
[2026-04-03T02:47:08.663+0600][35.305s][info][gc,phases   ] GC(19) Pause Mark Start 0.008ms
[2026-04-03T02:47:08.809+0600][35.450s][info][gc,phases   ] GC(19) Concurrent Mark 145.536ms
[2026-04-03T02:47:08.809+0600][35.451s][info][gc,phases   ] GC(19) Pause Mark End 0.049ms
[2026-04-03T02:47:08.809+0600][35.451s][info][gc,phases   ] GC(19) Concurrent Mark Free 0.003ms
[2026-04-03T02:47:08.841+0600][35.482s][info][gc,phases   ] GC(19) Concurrent Process Non-Strong References 31.349ms
[2026-04-03T02:47:08.841+0600][35.482s][info][gc,phases   ] GC(19) Concurrent Reset Relocation Set 0.024ms
[2026-04-03T02:47:08.845+0600][35.487s][info][gc,phases   ] GC(19) Concurrent Select Relocation Set 4.386ms
[2026-04-03T02:47:08.846+0600][35.487s][info][gc,phases   ] GC(19) Pause Relocate Start 0.016ms
[2026-04-03T02:47:08.856+0600][35.497s][info][gc,phases   ] GC(19) Concurrent Relocate 9.548ms
[2026-04-03T02:47:08.856+0600][35.497s][info][gc,load     ] GC(19) Load: 5.48/5.52/5.59
[2026-04-03T02:47:08.856+0600][35.497s][info][gc,mmu      ] GC(19) MMU: 2ms/92.4%, 5ms/97.0%, 10ms/98.4%, 20ms/99.2%, 50ms/99.7%, 100ms/99.8%
[2026-04-03T02:47:08.856+0600][35.497s][info][gc,marking  ] GC(19) Mark: 2 stripe(s), 2 proactive flush(es), 1 terminate flush(es), 0 completion(s), 0 continuation(s) 
[2026-04-03T02:47:08.856+0600][35.497s][info][gc,marking  ] GC(19) Mark Stack Usage: 32M
[2026-04-03T02:47:08.856+0600][35.497s][info][gc,nmethod  ] GC(19) NMethods: 13993 registered, 1338 unregistered
[2026-04-03T02:47:08.856+0600][35.497s][info][gc,metaspace] GC(19) Metaspace: 127M used, 128M committed, 1152M reserved
[2026-04-03T02:47:08.856+0600][35.497s][info][gc,ref      ] GC(19) Soft: 6308 encountered, 0 discovered, 0 enqueued
[2026-04-03T02:47:08.856+0600][35.497s][info][gc,ref      ] GC(19) Weak: 15179 encountered, 7668 discovered, 398 enqueued
[2026-04-03T02:47:08.856+0600][35.497s][info][gc,ref      ] GC(19) Final: 84 encountered, 4 discovered, 0 enqueued
[2026-04-03T02:47:08.856+0600][35.497s][info][gc,ref      ] GC(19) Phantom: 620 encountered, 347 discovered, 0 enqueued
[2026-04-03T02:47:08.856+0600][35.497s][info][gc,reloc    ] GC(19) Small Pages: 241 / 482M, Empty: 40M, Relocated: 8M, In-Place: 0
[2026-04-03T02:47:08.856+0600][35.497s][info][gc,reloc    ] GC(19) Medium Pages: 3 / 96M, Empty: 64M, Relocated: 0M, In-Place: 0
[2026-04-03T02:47:08.856+0600][35.497s][info][gc,reloc    ] GC(19) Large Pages: 46 / 276M, Empty: 276M, Relocated: 0M, In-Place: 0
[2026-04-03T02:47:08.856+0600][35.497s][info][gc,reloc    ] GC(19) Forwarding Usage: 2M
[2026-04-03T02:47:08.856+0600][35.497s][info][gc,heap     ] GC(19) Min Capacity: 8M(0%)
[2026-04-03T02:47:08.856+0600][35.497s][info][gc,heap     ] GC(19) Max Capacity: 2000M(100%)
[2026-04-03T02:47:08.856+0600][35.497s][info][gc,heap     ] GC(19) Soft Max Capacity: 2000M(100%)
[2026-04-03T02:47:08.856+0600][35.497s][info][gc,heap     ] GC(19)                Mark Start          Mark End        Relocate Start      Relocate End           High               Low         
[2026-04-03T02:47:08.856+0600][35.497s][info][gc,heap     ] GC(19)  Capacity:     2000M (100%)       2000M (100%)       2000M (100%)       2000M (100%)       2000M (100%)       2000M (100%)   
[2026-04-03T02:47:08.856+0600][35.497s][info][gc,heap     ] GC(19)      Free:     1146M (57%)         992M (50%)        1326M (66%)        1620M (81%)        1642M (82%)         954M (48%)    
[2026-04-03T02:47:08.856+0600][35.497s][info][gc,heap     ] GC(19)      Used:      854M (43%)        1008M (50%)         674M (34%)         380M (19%)        1046M (52%)         358M (18%)    
[2026-04-03T02:47:08.856+0600][35.497s][info][gc,heap     ] GC(19)      Live:         -               102M (5%)          102M (5%)          102M (5%)             -                  -          
[2026-04-03T02:47:08.856+0600][35.497s][info][gc,heap     ] GC(19) Allocated:         -               154M (8%)          200M (10%)         239M (12%)            -                  -          
[2026-04-03T02:47:08.856+0600][35.497s][info][gc,heap     ] GC(19)   Garbage:         -               751M (38%)         371M (19%)          37M (2%)             -                  -          
[2026-04-03T02:47:08.856+0600][35.497s][info][gc,heap     ] GC(19) Reclaimed:         -                  -               380M (19%)         713M (36%)            -                  -          
[2026-04-03T02:47:08.856+0600][35.497s][info][gc          ] GC(19) Garbage Collection (Allocation Rate) 854M(43%)->380M(19%)
[2026-04-03T02:47:09.364+0600][36.005s][info][gc,start    ] GC(20) Garbage Collection (Allocation Rate)
[2026-04-03T02:47:09.364+0600][36.005s][info][gc,task     ] GC(20) Using 2 workers
[2026-04-03T02:47:09.365+0600][36.006s][info][gc,phases   ] GC(20) Pause Mark Start 0.018ms
[2026-04-03T02:47:09.539+0600][36.181s][info][gc,phases   ] GC(20) Concurrent Mark 174.589ms
[2026-04-03T02:47:09.540+0600][36.181s][info][gc,phases   ] GC(20) Pause Mark End 0.027ms
[2026-04-03T02:47:09.540+0600][36.181s][info][gc,phases   ] GC(20) Concurrent Mark Free 0.002ms
[2026-04-03T02:47:09.560+0600][36.202s][info][gc,phases   ] GC(20) Concurrent Process Non-Strong References 20.536ms
[2026-04-03T02:47:09.560+0600][36.202s][info][gc,phases   ] GC(20) Concurrent Reset Relocation Set 0.014ms
[2026-04-03T02:47:09.564+0600][36.205s][info][gc,phases   ] GC(20) Concurrent Select Relocation Set 3.597ms
[2026-04-03T02:47:09.564+0600][36.206s][info][gc,phases   ] GC(20) Pause Relocate Start 0.013ms
[2026-04-03T02:47:09.575+0600][36.217s][info][gc,phases   ] GC(20) Concurrent Relocate 10.710ms
[2026-04-03T02:47:09.575+0600][36.217s][info][gc,load     ] GC(20) Load: 5.48/5.52/5.59
[2026-04-03T02:47:09.575+0600][36.217s][info][gc,mmu      ] GC(20) MMU: 2ms/92.4%, 5ms/97.0%, 10ms/98.4%, 20ms/99.2%, 50ms/99.7%, 100ms/99.8%
[2026-04-03T02:47:09.575+0600][36.217s][info][gc,marking  ] GC(20) Mark: 2 stripe(s), 2 proactive flush(es), 1 terminate flush(es), 0 completion(s), 0 continuation(s) 
[2026-04-03T02:47:09.575+0600][36.217s][info][gc,marking  ] GC(20) Mark Stack Usage: 32M
[2026-04-03T02:47:09.575+0600][36.217s][info][gc,nmethod  ] GC(20) NMethods: 14030 registered, 1361 unregistered
[2026-04-03T02:47:09.575+0600][36.217s][info][gc,metaspace] GC(20) Metaspace: 127M used, 128M committed, 1152M reserved
[2026-04-03T02:47:09.575+0600][36.217s][info][gc,ref      ] GC(20) Soft: 6316 encountered, 0 discovered, 0 enqueued
[2026-04-03T02:47:09.575+0600][36.217s][info][gc,ref      ] GC(20) Weak: 16096 encountered, 5281 discovered, 27 enqueued
[2026-04-03T02:47:09.575+0600][36.217s][info][gc,ref      ] GC(20) Final: 84 encountered, 0 discovered, 0 enqueued
[2026-04-03T02:47:09.575+0600][36.217s][info][gc,ref      ] GC(20) Phantom: 620 encountered, 345 discovered, 0 enqueued
[2026-04-03T02:47:09.575+0600][36.217s][info][gc,reloc    ] GC(20) Small Pages: 365 / 730M, Empty: 308M, Relocated: 8M, In-Place: 0
[2026-04-03T02:47:09.576+0600][36.217s][info][gc,reloc    ] GC(20) Medium Pages: 6 / 192M, Empty: 160M, Relocated: 0M, In-Place: 0
[2026-04-03T02:47:09.576+0600][36.217s][info][gc,reloc    ] GC(20) Large Pages: 18 / 108M, Empty: 108M, Relocated: 0M, In-Place: 0
[2026-04-03T02:47:09.576+0600][36.217s][info][gc,reloc    ] GC(20) Forwarding Usage: 2M
[2026-04-03T02:47:09.576+0600][36.217s][info][gc,heap     ] GC(20) Min Capacity: 8M(0%)
[2026-04-03T02:47:09.576+0600][36.217s][info][gc,heap     ] GC(20) Max Capacity: 2000M(100%)
[2026-04-03T02:47:09.576+0600][36.217s][info][gc,heap     ] GC(20) Soft Max Capacity: 2000M(100%)
[2026-04-03T02:47:09.576+0600][36.217s][info][gc,heap     ] GC(20)                Mark Start          Mark End        Relocate Start      Relocate End           High               Low         
[2026-04-03T02:47:09.576+0600][36.217s][info][gc,heap     ] GC(20)  Capacity:     2000M (100%)       2000M (100%)       2000M (100%)       2000M (100%)       2000M (100%)       2000M (100%)   
[2026-04-03T02:47:09.576+0600][36.217s][info][gc,heap     ] GC(20)      Free:      970M (48%)         758M (38%)        1316M (66%)        1612M (81%)        1618M (81%)         750M (38%)    
[2026-04-03T02:47:09.576+0600][36.217s][info][gc,heap     ] GC(20)      Used:     1030M (52%)        1242M (62%)         684M (34%)         388M (19%)        1250M (62%)         382M (19%)    
[2026-04-03T02:47:09.576+0600][36.217s][info][gc,heap     ] GC(20)      Live:         -               107M (5%)          107M (5%)          107M (5%)             -                  -          
[2026-04-03T02:47:09.576+0600][36.217s][info][gc,heap     ] GC(20) Allocated:         -               212M (11%)         230M (12%)         243M (12%)            -                  -          
[2026-04-03T02:47:09.576+0600][36.217s][info][gc,heap     ] GC(20)   Garbage:         -               922M (46%)         346M (17%)          36M (2%)             -                  -          
[2026-04-03T02:47:09.576+0600][36.217s][info][gc,heap     ] GC(20) Reclaimed:         -                  -               576M (29%)         885M (44%)            -                  -          
[2026-04-03T02:47:09.576+0600][36.217s][info][gc          ] GC(20) Garbage Collection (Allocation Rate) 1030M(52%)->388M(19%)
[2026-04-03T02:47:10.363+0600][37.004s][info][gc,start    ] GC(21) Garbage Collection (Allocation Rate)
[2026-04-03T02:47:10.363+0600][37.004s][info][gc,task     ] GC(21) Using 1 workers
[2026-04-03T02:47:10.363+0600][37.005s][info][gc,phases   ] GC(21) Pause Mark Start 0.023ms
[2026-04-03T02:47:10.656+0600][37.297s][info][gc,phases   ] GC(21) Concurrent Mark 292.242ms
[2026-04-03T02:47:10.656+0600][37.297s][info][gc,phases   ] GC(21) Pause Mark End 0.035ms
[2026-04-03T02:47:10.656+0600][37.298s][info][gc,phases   ] GC(21) Concurrent Mark Free 0.001ms
[2026-04-03T02:47:10.705+0600][37.347s][info][gc,phases   ] GC(21) Concurrent Process Non-Strong References 49.039ms
[2026-04-03T02:47:10.705+0600][37.347s][info][gc,phases   ] GC(21) Concurrent Reset Relocation Set 0.008ms
[2026-04-03T02:47:10.708+0600][37.349s][info][gc,phases   ] GC(21) Concurrent Select Relocation Set 2.767ms
[2026-04-03T02:47:10.708+0600][37.350s][info][gc,phases   ] GC(21) Pause Relocate Start 0.012ms
[2026-04-03T02:47:10.720+0600][37.362s][info][gc,phases   ] GC(21) Concurrent Relocate 11.963ms
[2026-04-03T02:47:10.721+0600][37.362s][info][gc,load     ] GC(21) Load: 5.52/5.52/5.60
[2026-04-03T02:47:10.721+0600][37.362s][info][gc,mmu      ] GC(21) MMU: 2ms/92.4%, 5ms/97.0%, 10ms/98.4%, 20ms/99.2%, 50ms/99.7%, 100ms/99.8%
[2026-04-03T02:47:10.721+0600][37.362s][info][gc,marking  ] GC(21) Mark: 1 stripe(s), 2 proactive flush(es), 1 terminate flush(es), 0 completion(s), 0 continuation(s) 
[2026-04-03T02:47:10.721+0600][37.362s][info][gc,marking  ] GC(21) Mark Stack Usage: 32M
[2026-04-03T02:47:10.721+0600][37.362s][info][gc,nmethod  ] GC(21) NMethods: 14112 registered, 1429 unregistered
[2026-04-03T02:47:10.721+0600][37.362s][info][gc,metaspace] GC(21) Metaspace: 127M used, 128M committed, 1152M reserved
[2026-04-03T02:47:10.721+0600][37.362s][info][gc,ref      ] GC(21) Soft: 6308 encountered, 0 discovered, 0 enqueued
[2026-04-03T02:47:10.721+0600][37.362s][info][gc,ref      ] GC(21) Weak: 17345 encountered, 5907 discovered, 1628 enqueued
[2026-04-03T02:47:10.721+0600][37.362s][info][gc,ref      ] GC(21) Final: 84 encountered, 0 discovered, 0 enqueued
[2026-04-03T02:47:10.721+0600][37.362s][info][gc,ref      ] GC(21) Phantom: 620 encountered, 615 discovered, 0 enqueued
[2026-04-03T02:47:10.721+0600][37.362s][info][gc,reloc    ] GC(21) Small Pages: 453 / 906M, Empty: 310M, Relocated: 6M, In-Place: 0
[2026-04-03T02:47:10.721+0600][37.362s][info][gc,reloc    ] GC(21) Medium Pages: 6 / 192M, Empty: 160M, Relocated: 0M, In-Place: 0
[2026-04-03T02:47:10.721+0600][37.362s][info][gc,reloc    ] GC(21) Large Pages: 19 / 114M, Empty: 114M, Relocated: 0M, In-Place: 0
[2026-04-03T02:47:10.721+0600][37.362s][info][gc,reloc    ] GC(21) Forwarding Usage: 2M
[2026-04-03T02:47:10.721+0600][37.362s][info][gc,heap     ] GC(21) Min Capacity: 8M(0%)
[2026-04-03T02:47:10.721+0600][37.362s][info][gc,heap     ] GC(21) Max Capacity: 2000M(100%)
[2026-04-03T02:47:10.721+0600][37.362s][info][gc,heap     ] GC(21) Soft Max Capacity: 2000M(100%)
[2026-04-03T02:47:10.721+0600][37.362s][info][gc,heap     ] GC(21)                Mark Start          Mark End        Relocate Start      Relocate End           High               Low         
[2026-04-03T02:47:10.721+0600][37.362s][info][gc,heap     ] GC(21)  Capacity:     2000M (100%)       2000M (100%)       2000M (100%)       2000M (100%)       2000M (100%)       2000M (100%)   
[2026-04-03T02:47:10.721+0600][37.362s][info][gc,heap     ] GC(21)      Free:      788M (39%)         448M (22%)         986M (49%)        1462M (73%)        1466M (73%)         408M (20%)    
[2026-04-03T02:47:10.721+0600][37.362s][info][gc,heap     ] GC(21)      Used:     1212M (61%)        1552M (78%)        1014M (51%)         538M (27%)        1592M (80%)         534M (27%)    
[2026-04-03T02:47:10.721+0600][37.362s][info][gc,heap     ] GC(21)      Live:         -               104M (5%)          104M (5%)          104M (5%)             -                  -          
[2026-04-03T02:47:10.721+0600][37.362s][info][gc,heap     ] GC(21) Allocated:         -               340M (17%)         386M (19%)         395M (20%)            -                  -          
[2026-04-03T02:47:10.721+0600][37.362s][info][gc,heap     ] GC(21)   Garbage:         -              1107M (55%)         523M (26%)          37M (2%)             -                  -          
[2026-04-03T02:47:10.721+0600][37.362s][info][gc,heap     ] GC(21) Reclaimed:         -                  -               584M (29%)        1069M (53%)            -                  -          
[2026-04-03T02:47:10.721+0600][37.362s][info][gc          ] GC(21) Garbage Collection (Allocation Rate) 1212M(61%)->538M(27%)
[2026-04-03T02:47:11.163+0600][37.804s][info][gc,start    ] GC(22) Garbage Collection (Allocation Rate)
[2026-04-03T02:47:11.163+0600][37.804s][info][gc,task     ] GC(22) Using 1 workers
[2026-04-03T02:47:11.163+0600][37.805s][info][gc,phases   ] GC(22) Pause Mark Start 0.010ms
[2026-04-03T02:47:11.379+0600][38.020s][info][gc,phases   ] GC(22) Concurrent Mark 215.609ms
[2026-04-03T02:47:11.379+0600][38.021s][info][gc,phases   ] GC(22) Pause Mark End 0.050ms
[2026-04-03T02:47:11.379+0600][38.021s][info][gc,phases   ] GC(22) Concurrent Mark Free 0.003ms
[2026-04-03T02:47:11.427+0600][38.068s][info][gc,phases   ] GC(22) Concurrent Process Non-Strong References 47.259ms
[2026-04-03T02:47:11.427+0600][38.068s][info][gc,phases   ] GC(22) Concurrent Reset Relocation Set 0.027ms
[2026-04-03T02:47:11.427+0600][38.069s][info][gc          ] Allocation Stall (Executor task launch worker for task 1.0 in stage 882.0 (TID 1786)) 0.603ms
[2026-04-03T02:47:11.427+0600][38.069s][info][gc          ] Allocation Stall (Executor task launch worker for task 3.0 in stage 882.0 (TID 1788)) 0.347ms
[2026-04-03T02:47:11.434+0600][38.075s][info][gc,phases   ] GC(22) Concurrent Select Relocation Set 6.982ms
[2026-04-03T02:47:11.434+0600][38.076s][info][gc,phases   ] GC(22) Pause Relocate Start 0.018ms
[2026-04-03T02:47:11.464+0600][38.105s][info][gc,phases   ] GC(22) Concurrent Relocate 29.254ms
[2026-04-03T02:47:11.464+0600][38.105s][info][gc,load     ] GC(22) Load: 5.52/5.52/5.60
[2026-04-03T02:47:11.464+0600][38.105s][info][gc,mmu      ] GC(22) MMU: 2ms/92.4%, 5ms/97.0%, 10ms/98.4%, 20ms/99.2%, 50ms/99.7%, 100ms/99.8%
[2026-04-03T02:47:11.464+0600][38.105s][info][gc,marking  ] GC(22) Mark: 1 stripe(s), 2 proactive flush(es), 1 terminate flush(es), 0 completion(s), 0 continuation(s) 
[2026-04-03T02:47:11.464+0600][38.105s][info][gc,marking  ] GC(22) Mark Stack Usage: 32M
[2026-04-03T02:47:11.464+0600][38.105s][info][gc,nmethod  ] GC(22) NMethods: 14182 registered, 1462 unregistered
[2026-04-03T02:47:11.464+0600][38.105s][info][gc,metaspace] GC(22) Metaspace: 127M used, 129M committed, 1152M reserved
[2026-04-03T02:47:11.464+0600][38.105s][info][gc,ref      ] GC(22) Soft: 6308 encountered, 0 discovered, 0 enqueued
[2026-04-03T02:47:11.464+0600][38.105s][info][gc,ref      ] GC(22) Weak: 16871 encountered, 5875 discovered, 2120 enqueued
[2026-04-03T02:47:11.464+0600][38.105s][info][gc,ref      ] GC(22) Final: 84 encountered, 0 discovered, 0 enqueued
[2026-04-03T02:47:11.464+0600][38.105s][info][gc,ref      ] GC(22) Phantom: 620 encountered, 296 discovered, 0 enqueued
[2026-04-03T02:47:11.464+0600][38.105s][info][gc,reloc    ] GC(22) Small Pages: 459 / 918M, Empty: 462M, Relocated: 10M, In-Place: 0
[2026-04-03T02:47:11.464+0600][38.105s][info][gc,reloc    ] GC(22) Medium Pages: 5 / 160M, Empty: 128M, Relocated: 0M, In-Place: 0
[2026-04-03T02:47:11.464+0600][38.106s][info][gc,reloc    ] GC(22) Large Pages: 16 / 96M, Empty: 96M, Relocated: 0M, In-Place: 0
[2026-04-03T02:47:11.464+0600][38.106s][info][gc,reloc    ] GC(22) Forwarding Usage: 3M
[2026-04-03T02:47:11.464+0600][38.106s][info][gc,heap     ] GC(22) Min Capacity: 8M(0%)
[2026-04-03T02:47:11.464+0600][38.106s][info][gc,heap     ] GC(22) Max Capacity: 2000M(100%)
[2026-04-03T02:47:11.464+0600][38.106s][info][gc,heap     ] GC(22) Soft Max Capacity: 2000M(100%)
[2026-04-03T02:47:11.464+0600][38.106s][info][gc,heap     ] GC(22)                Mark Start          Mark End        Relocate Start      Relocate End           High               Low         
[2026-04-03T02:47:11.464+0600][38.106s][info][gc,heap     ] GC(22)  Capacity:     2000M (100%)       2000M (100%)       2000M (100%)       2000M (100%)       2000M (100%)       2000M (100%)   
[2026-04-03T02:47:11.464+0600][38.106s][info][gc,heap     ] GC(22)      Free:      826M (41%)         254M (13%)         644M (32%)         846M (42%)         904M (45%)           4M (0%)     
[2026-04-03T02:47:11.464+0600][38.106s][info][gc,heap     ] GC(22)      Used:     1174M (59%)        1746M (87%)        1356M (68%)        1154M (58%)        1996M (100%)       1096M (55%)    
[2026-04-03T02:47:11.464+0600][38.106s][info][gc,heap     ] GC(22)      Live:         -               105M (5%)          105M (5%)          105M (5%)             -                  -          
[2026-04-03T02:47:11.464+0600][38.106s][info][gc,heap     ] GC(22) Allocated:         -               572M (29%)         868M (43%)        1011M (51%)            -                  -          
[2026-04-03T02:47:11.464+0600][38.106s][info][gc,heap     ] GC(22)   Garbage:         -              1068M (53%)         382M (19%)          36M (2%)             -                  -          
[2026-04-03T02:47:11.464+0600][38.106s][info][gc,heap     ] GC(22) Reclaimed:         -                  -               686M (34%)        1031M (52%)            -                  -          
[2026-04-03T02:47:11.464+0600][38.106s][info][gc          ] GC(22) Garbage Collection (Allocation Rate) 1174M(59%)->1154M(58%)
[2026-04-03T02:47:11.563+0600][38.205s][info][gc,start    ] GC(23) Garbage Collection (Allocation Stall)
[2026-04-03T02:47:11.563+0600][38.205s][info][gc,ref      ] GC(23) Clearing All SoftReferences
[2026-04-03T02:47:11.563+0600][38.205s][info][gc,task     ] GC(23) Using 3 workers
[2026-04-03T02:47:11.564+0600][38.205s][info][gc,ref      ] GC(23) Clearing All SoftReferences
[2026-04-03T02:47:11.564+0600][38.205s][info][gc,phases   ] GC(23) Pause Mark Start 0.070ms
[2026-04-03T02:47:11.679+0600][38.321s][info][gc,phases   ] GC(23) Concurrent Mark 115.554ms
[2026-04-03T02:47:11.680+0600][38.321s][info][gc,phases   ] GC(23) Pause Mark End 0.028ms
[2026-04-03T02:47:11.680+0600][38.321s][info][gc,phases   ] GC(23) Concurrent Mark Free 0.001ms
[2026-04-03T02:47:11.716+0600][38.358s][info][gc,phases   ] GC(23) Concurrent Process Non-Strong References 36.741ms
[2026-04-03T02:47:11.717+0600][38.358s][info][gc,phases   ] GC(23) Concurrent Reset Relocation Set 0.014ms
[2026-04-03T02:47:11.720+0600][38.362s][info][gc,phases   ] GC(23) Concurrent Select Relocation Set 3.484ms
[2026-04-03T02:47:11.720+0600][38.362s][info][gc,phases   ] GC(23) Pause Relocate Start 0.015ms
[2026-04-03T02:47:11.729+0600][38.371s][info][gc,phases   ] GC(23) Concurrent Relocate 9.117ms
[2026-04-03T02:47:11.729+0600][38.371s][info][gc,load     ] GC(23) Load: 5.52/5.52/5.60
[2026-04-03T02:47:11.730+0600][38.371s][info][gc,mmu      ] GC(23) MMU: 2ms/92.4%, 5ms/97.0%, 10ms/98.4%, 20ms/99.2%, 50ms/99.7%, 100ms/99.8%
[2026-04-03T02:47:11.730+0600][38.371s][info][gc,marking  ] GC(23) Mark: 2 stripe(s), 2 proactive flush(es), 1 terminate flush(es), 0 completion(s), 0 continuation(s) 
[2026-04-03T02:47:11.730+0600][38.371s][info][gc,marking  ] GC(23) Mark Stack Usage: 32M
[2026-04-03T02:47:11.730+0600][38.371s][info][gc,nmethod  ] GC(23) NMethods: 14187 registered, 1497 unregistered
[2026-04-03T02:47:11.730+0600][38.371s][info][gc,metaspace] GC(23) Metaspace: 127M used, 129M committed, 1152M reserved
[2026-04-03T02:47:11.730+0600][38.371s][info][gc,ref      ] GC(23) Soft: 6067 encountered, 3448 discovered, 2844 enqueued
[2026-04-03T02:47:11.730+0600][38.371s][info][gc,ref      ] GC(23) Weak: 15397 encountered, 6833 discovered, 759 enqueued
[2026-04-03T02:47:11.730+0600][38.371s][info][gc,ref      ] GC(23) Final: 84 encountered, 0 discovered, 0 enqueued
[2026-04-03T02:47:11.730+0600][38.371s][info][gc,ref      ] GC(23) Phantom: 620 encountered, 385 discovered, 0 enqueued
[2026-04-03T02:47:11.730+0600][38.371s][info][gc,reloc    ] GC(23) Small Pages: 194 / 388M, Empty: 52M, Relocated: 12M, In-Place: 0
[2026-04-03T02:47:11.730+0600][38.371s][info][gc,reloc    ] GC(23) Medium Pages: 3 / 96M, Empty: 64M, Relocated: 0M, In-Place: 0
[2026-04-03T02:47:11.730+0600][38.371s][info][gc,reloc    ] GC(23) Large Pages: 137 / 822M, Empty: 822M, Relocated: 0M, In-Place: 0
[2026-04-03T02:47:11.730+0600][38.371s][info][gc,reloc    ] GC(23) Forwarding Usage: 3M
[2026-04-03T02:47:11.730+0600][38.371s][info][gc,heap     ] GC(23) Min Capacity: 8M(0%)
[2026-04-03T02:47:11.730+0600][38.371s][info][gc,heap     ] GC(23) Max Capacity: 2000M(100%)
[2026-04-03T02:47:11.730+0600][38.371s][info][gc,heap     ] GC(23) Soft Max Capacity: 2000M(100%)
[2026-04-03T02:47:11.730+0600][38.371s][info][gc,heap     ] GC(23)                Mark Start          Mark End        Relocate Start      Relocate End           High               Low         
[2026-04-03T02:47:11.730+0600][38.371s][info][gc,heap     ] GC(23)  Capacity:     2000M (100%)       2000M (100%)       2000M (100%)       2000M (100%)       2000M (100%)       2000M (100%)   
[2026-04-03T02:47:11.730+0600][38.371s][info][gc,heap     ] GC(23)      Free:      694M (35%)         600M (30%)        1524M (76%)        1742M (87%)        1746M (87%)         592M (30%)    
[2026-04-03T02:47:11.730+0600][38.371s][info][gc,heap     ] GC(23)      Used:     1306M (65%)        1400M (70%)         476M (24%)         258M (13%)        1408M (70%)         254M (13%)    
[2026-04-03T02:47:11.730+0600][38.371s][info][gc,heap     ] GC(23)      Live:         -               101M (5%)          101M (5%)          101M (5%)             -                  -          
[2026-04-03T02:47:11.730+0600][38.371s][info][gc,heap     ] GC(23) Allocated:         -                94M (5%)          108M (5%)          117M (6%)             -                  -          
[2026-04-03T02:47:11.730+0600][38.371s][info][gc,heap     ] GC(23)   Garbage:         -              1204M (60%)         266M (13%)          38M (2%)             -                  -          
[2026-04-03T02:47:11.730+0600][38.371s][info][gc,heap     ] GC(23) Reclaimed:         -                  -               938M (47%)        1165M (58%)            -                  -          
[2026-04-03T02:47:11.730+0600][38.371s][info][gc          ] GC(23) Garbage Collection (Allocation Stall) 1306M(65%)->258M(13%)
[2026-04-03T02:47:12.564+0600][39.205s][info][gc,start    ] GC(24) Garbage Collection (Allocation Rate)
[2026-04-03T02:47:12.564+0600][39.205s][info][gc,task     ] GC(24) Using 3 workers
[2026-04-03T02:47:12.564+0600][39.205s][info][gc,phases   ] GC(24) Pause Mark Start 0.014ms
[2026-04-03T02:47:12.691+0600][39.333s][info][gc,phases   ] GC(24) Concurrent Mark 126.980ms
[2026-04-03T02:47:12.691+0600][39.333s][info][gc,phases   ] GC(24) Pause Mark End 0.030ms
[2026-04-03T02:47:12.691+0600][39.333s][info][gc,phases   ] GC(24) Concurrent Mark Free 0.002ms
[2026-04-03T02:47:12.711+0600][39.352s][info][gc,phases   ] GC(24) Concurrent Process Non-Strong References 19.480ms
[2026-04-03T02:47:12.711+0600][39.353s][info][gc,phases   ] GC(24) Concurrent Reset Relocation Set 0.013ms
[2026-04-03T02:47:12.716+0600][39.357s][info][gc,phases   ] GC(24) Concurrent Select Relocation Set 4.581ms
[2026-04-03T02:47:12.716+0600][39.358s][info][gc,phases   ] GC(24) Pause Relocate Start 0.016ms
[2026-04-03T02:47:12.726+0600][39.367s][info][gc,phases   ] GC(24) Concurrent Relocate 9.494ms
[2026-04-03T02:47:12.726+0600][39.368s][info][gc,load     ] GC(24) Load: 5.52/5.52/5.60
[2026-04-03T02:47:12.726+0600][39.368s][info][gc,mmu      ] GC(24) MMU: 2ms/92.4%, 5ms/97.0%, 10ms/98.4%, 20ms/99.2%, 50ms/99.7%, 100ms/99.8%
[2026-04-03T02:47:12.726+0600][39.368s][info][gc,marking  ] GC(24) Mark: 2 stripe(s), 2 proactive flush(es), 1 terminate flush(es), 0 completion(s), 0 continuation(s) 
[2026-04-03T02:47:12.726+0600][39.368s][info][gc,marking  ] GC(24) Mark Stack Usage: 32M
[2026-04-03T02:47:12.726+0600][39.368s][info][gc,nmethod  ] GC(24) NMethods: 14197 registered, 1539 unregistered
[2026-04-03T02:47:12.726+0600][39.368s][info][gc,metaspace] GC(24) Metaspace: 127M used, 129M committed, 1152M reserved
[2026-04-03T02:47:12.726+0600][39.368s][info][gc,ref      ] GC(24) Soft: 3268 encountered, 0 discovered, 0 enqueued
[2026-04-03T02:47:12.726+0600][39.368s][info][gc,ref      ] GC(24) Weak: 15581 encountered, 6091 discovered, 292 enqueued
[2026-04-03T02:47:12.726+0600][39.368s][info][gc,ref      ] GC(24) Final: 84 encountered, 20 discovered, 0 enqueued
[2026-04-03T02:47:12.726+0600][39.368s][info][gc,ref      ] GC(24) Phantom: 620 encountered, 388 discovered, 0 enqueued
[2026-04-03T02:47:12.726+0600][39.368s][info][gc,reloc    ] GC(24) Small Pages: 384 / 768M, Empty: 264M, Relocated: 8M, In-Place: 0
[2026-04-03T02:47:12.726+0600][39.368s][info][gc,reloc    ] GC(24) Medium Pages: 5 / 160M, Empty: 128M, Relocated: 0M, In-Place: 0
[2026-04-03T02:47:12.726+0600][39.368s][info][gc,reloc    ] GC(24) Large Pages: 16 / 96M, Empty: 96M, Relocated: 0M, In-Place: 0
[2026-04-03T02:47:12.726+0600][39.368s][info][gc,reloc    ] GC(24) Forwarding Usage: 2M
[2026-04-03T02:47:12.726+0600][39.368s][info][gc,heap     ] GC(24) Min Capacity: 8M(0%)
[2026-04-03T02:47:12.726+0600][39.368s][info][gc,heap     ] GC(24) Max Capacity: 2000M(100%)
[2026-04-03T02:47:12.726+0600][39.368s][info][gc,heap     ] GC(24) Soft Max Capacity: 2000M(100%)
[2026-04-03T02:47:12.726+0600][39.368s][info][gc,heap     ] GC(24)                Mark Start          Mark End        Relocate Start      Relocate End           High               Low         
[2026-04-03T02:47:12.726+0600][39.368s][info][gc,heap     ] GC(24)  Capacity:     2000M (100%)       2000M (100%)       2000M (100%)       2000M (100%)       2000M (100%)       2000M (100%)   
[2026-04-03T02:47:12.727+0600][39.368s][info][gc,heap     ] GC(24)      Free:      976M (49%)         846M (42%)        1316M (66%)        1694M (85%)        1702M (85%)         840M (42%)    
[2026-04-03T02:47:12.727+0600][39.368s][info][gc,heap     ] GC(24)      Used:     1024M (51%)        1154M (58%)         684M (34%)         306M (15%)        1160M (58%)         298M (15%)    
[2026-04-03T02:47:12.727+0600][39.368s][info][gc,heap     ] GC(24)      Live:         -               101M (5%)          101M (5%)          101M (5%)             -                  -          
[2026-04-03T02:47:12.727+0600][39.368s][info][gc,heap     ] GC(24) Allocated:         -               130M (6%)          148M (7%)          163M (8%)             -                  -          
[2026-04-03T02:47:12.727+0600][39.368s][info][gc,heap     ] GC(24)   Garbage:         -               922M (46%)         434M (22%)          40M (2%)             -                  -          
[2026-04-03T02:47:12.727+0600][39.368s][info][gc,heap     ] GC(24) Reclaimed:         -                  -               488M (24%)         881M (44%)            -                  -          
[2026-04-03T02:47:12.727+0600][39.368s][info][gc          ] GC(24) Garbage Collection (Allocation Rate) 1024M(51%)->306M(15%)
[2026-04-03T02:47:13.363+0600][40.005s][info][gc,start    ] GC(25) Garbage Collection (Allocation Rate)
[2026-04-03T02:47:13.364+0600][40.005s][info][gc,task     ] GC(25) Using 2 workers
[2026-04-03T02:47:13.364+0600][40.005s][info][gc,phases   ] GC(25) Pause Mark Start 0.010ms
[2026-04-03T02:47:13.463+0600][40.104s][info][gc,stats    ] === Garbage Collection Statistics =======================================================================================================================
[2026-04-03T02:47:13.463+0600][40.104s][info][gc,stats    ]                                                              Last 10s              Last 10m              Last 10h                Total
[2026-04-03T02:47:13.463+0600][40.104s][info][gc,stats    ]                                                              Avg / Max             Avg / Max             Avg / Max             Avg / Max
[2026-04-03T02:47:13.463+0600][40.104s][info][gc,stats    ]   Collector: Garbage Collection Cycle                    212.652 / 357.654     182.168 / 442.007     182.168 / 442.007     182.168 / 442.007     ms
[2026-04-03T02:47:13.463+0600][40.104s][info][gc,stats    ]  Contention: Mark Segment Reset Contention                    12 / 82                3 / 82                3 / 82                3 / 82          ops/s
[2026-04-03T02:47:13.463+0600][40.104s][info][gc,stats    ]  Contention: Mark SeqNum Reset Contention                      0 / 1                 0 / 1                 0 / 1                 0 / 1           ops/s
[2026-04-03T02:47:13.463+0600][40.104s][info][gc,stats    ]    Critical: Allocation Stall                                  0 / 2                 0 / 2                 0 / 2                 0 / 2           ops/s
[2026-04-03T02:47:13.463+0600][40.104s][info][gc,stats    ]    Critical: Allocation Stall                              0.475 / 0.603         0.475 / 0.603         0.475 / 0.603         0.475 / 0.603       ms
[2026-04-03T02:47:13.463+0600][40.104s][info][gc,stats    ]    Critical: GC Locker Stall                                   0 / 2                 0 / 2                 0 / 2                 0 / 2           ops/s
[2026-04-03T02:47:13.463+0600][40.104s][info][gc,stats    ]    Critical: GC Locker Stall                               0.052 / 0.154         0.037 / 0.154         0.037 / 0.154         0.037 / 0.154       ms
[2026-04-03T02:47:13.463+0600][40.104s][info][gc,stats    ]    Critical: Relocation Stall                                  0 / 0                 0 / 0                 0 / 0                 0 / 0           ops/s
[2026-04-03T02:47:13.463+0600][40.104s][info][gc,stats    ]    Critical: Relocation Stall                              0.000 / 0.000         0.000 / 0.000         0.000 / 0.000         0.000 / 0.000       ms
[2026-04-03T02:47:13.463+0600][40.104s][info][gc,stats    ]      Memory: Allocation Rate                                1324 / 1910            594 / 1910            594 / 1910            594 / 1910        MB/s
[2026-04-03T02:47:13.463+0600][40.104s][info][gc,stats    ]      Memory: Defragment                                       30 / 164              14 / 164              14 / 164              14 / 164         ops/s
[2026-04-03T02:47:13.463+0600][40.104s][info][gc,stats    ]      Memory: Out Of Memory                                     0 / 0                 0 / 0                 0 / 0                 0 / 0           ops/s
[2026-04-03T02:47:13.463+0600][40.104s][info][gc,stats    ]      Memory: Page Cache Flush                                168 / 392              63 / 392              63 / 392              63 / 392         MB/s
[2026-04-03T02:47:13.463+0600][40.104s][info][gc,stats    ]      Memory: Page Cache Hit L1                               434 / 508             188 / 508             188 / 508             188 / 508         ops/s
[2026-04-03T02:47:13.463+0600][40.104s][info][gc,stats    ]      Memory: Page Cache Hit L2                                 0 / 0                 0 / 0                 0 / 0                 0 / 0           ops/s
[2026-04-03T02:47:13.463+0600][40.104s][info][gc,stats    ]      Memory: Page Cache Hit L3                                25 / 108              15 / 110              15 / 110              15 / 110         ops/s
[2026-04-03T02:47:13.463+0600][40.104s][info][gc,stats    ]      Memory: Page Cache Miss                                  12 / 52               13 / 121              13 / 121              13 / 121         ops/s
[2026-04-03T02:47:13.463+0600][40.105s][info][gc,stats    ]      Memory: Uncommit                                          0 / 0                 0 / 0                 0 / 0                 0 / 0           MB/s
[2026-04-03T02:47:13.463+0600][40.105s][info][gc,stats    ]      Memory: Undo Object Allocation Failed                     0 / 0                 0 / 0                 0 / 0                 0 / 0           ops/s
[2026-04-03T02:47:13.463+0600][40.105s][info][gc,stats    ]      Memory: Undo Object Allocation Succeeded                 14 / 114               3 / 114               3 / 114               3 / 114         ops/s
[2026-04-03T02:47:13.463+0600][40.105s][info][gc,stats    ]      Memory: Undo Page Allocation                              0 / 2                 0 / 3                 0 / 3                 0 / 3           ops/s
[2026-04-03T02:47:13.463+0600][40.105s][info][gc,stats    ]       Phase: Concurrent Mark                             167.388 / 292.242     136.331 / 327.215     136.331 / 327.215     136.331 / 327.215     ms
[2026-04-03T02:47:13.463+0600][40.105s][info][gc,stats    ]       Phase: Concurrent Mark Continue                      0.000 / 0.000         0.000 / 0.000         0.000 / 0.000         0.000 / 0.000       ms
[2026-04-03T02:47:13.463+0600][40.105s][info][gc,stats    ]       Phase: Concurrent Mark Free                          0.002 / 0.003         0.002 / 0.003         0.002 / 0.003         0.002 / 0.003       ms
[2026-04-03T02:47:13.463+0600][40.105s][info][gc,stats    ]       Phase: Concurrent Process Non-Strong References     28.448 / 49.039       26.270 / 81.488       26.270 / 81.488       26.270 / 81.488      ms
[2026-04-03T02:47:13.463+0600][40.105s][info][gc,stats    ]       Phase: Concurrent Relocate                          10.971 / 29.254       12.418 / 43.194       12.418 / 43.194       12.418 / 43.194      ms
[2026-04-03T02:47:13.463+0600][40.105s][info][gc,stats    ]       Phase: Concurrent Reset Relocation Set               0.017 / 0.027         0.018 / 0.037         0.018 / 0.037         0.018 / 0.037       ms
[2026-04-03T02:47:13.463+0600][40.105s][info][gc,stats    ]       Phase: Concurrent Select Relocation Set              4.042 / 6.982         5.228 / 22.794        5.228 / 22.794        5.228 / 22.794      ms
[2026-04-03T02:47:13.463+0600][40.105s][info][gc,stats    ]       Phase: Pause Mark End                                0.037 / 0.059         0.040 / 0.151         0.040 / 0.151         0.040 / 0.151       ms
[2026-04-03T02:47:13.463+0600][40.105s][info][gc,stats    ]       Phase: Pause Mark Start                              0.018 / 0.070         0.015 / 0.070         0.015 / 0.070         0.015 / 0.070       ms
[2026-04-03T02:47:13.463+0600][40.105s][info][gc,stats    ]       Phase: Pause Relocate Start                          0.014 / 0.018         0.015 / 0.027         0.015 / 0.027         0.015 / 0.027       ms
[2026-04-03T02:47:13.463+0600][40.105s][info][gc,stats    ]    Subphase: Concurrent Classes Purge                      0.208 / 0.963         0.508 / 3.320         0.508 / 3.320         0.508 / 3.320       ms
[2026-04-03T02:47:13.463+0600][40.105s][info][gc,stats    ]    Subphase: Concurrent Classes Unlink                    24.365 / 44.242       22.313 / 74.619       22.313 / 74.619       22.313 / 74.619      ms
[2026-04-03T02:47:13.463+0600][40.105s][info][gc,stats    ]    Subphase: Concurrent Mark                             146.730 / 288.243     111.621 / 320.633     111.621 / 320.633     111.621 / 320.633     ms
[2026-04-03T02:47:13.463+0600][40.105s][info][gc,stats    ]    Subphase: Concurrent Mark Try Flush                     0.468 / 5.473         0.406 / 5.473         0.406 / 5.473         0.406 / 5.473       ms
[2026-04-03T02:47:13.463+0600][40.105s][info][gc,stats    ]    Subphase: Concurrent Mark Try Terminate                 0.673 / 1.200         0.894 / 2.888         0.894 / 2.888         0.894 / 2.888       ms
[2026-04-03T02:47:13.463+0600][40.105s][info][gc,stats    ]    Subphase: Concurrent References Enqueue                 0.008 / 0.013         0.008 / 0.017         0.008 / 0.017         0.008 / 0.017       ms
[2026-04-03T02:47:13.463+0600][40.105s][info][gc,stats    ]    Subphase: Concurrent References Process                 0.990 / 1.296         0.866 / 1.567         0.866 / 1.567         0.866 / 1.567       ms
[2026-04-03T02:47:13.463+0600][40.105s][info][gc,stats    ]    Subphase: Concurrent Roots ClassLoaderDataGraph         0.464 / 0.933         0.391 / 0.991         0.391 / 0.991         0.391 / 0.991       ms
[2026-04-03T02:47:13.463+0600][40.105s][info][gc,stats    ]    Subphase: Concurrent Roots CodeCache                    0.000 / 0.000         0.000 / 0.000         0.000 / 0.000         0.000 / 0.000       ms
[2026-04-03T02:47:13.463+0600][40.105s][info][gc,stats    ]    Subphase: Concurrent Roots JavaThreads                  2.098 / 7.358         1.633 / 7.358         1.633 / 7.358         1.633 / 7.358       ms
[2026-04-03T02:47:13.463+0600][40.105s][info][gc,stats    ]    Subphase: Concurrent Roots OopStorageSet                0.124 / 0.283         0.106 / 0.283         0.106 / 0.283         0.106 / 0.283       ms
[2026-04-03T02:47:13.463+0600][40.105s][info][gc,stats    ]    Subphase: Concurrent Weak Roots OopStorageSet           1.725 / 3.009         1.466 / 4.256         1.466 / 4.256         1.466 / 4.256       ms
[2026-04-03T02:47:13.463+0600][40.105s][info][gc,stats    ]    Subphase: Pause Mark Try Complete                       0.000 / 0.000         0.002 / 0.004         0.002 / 0.004         0.002 / 0.004       ms
[2026-04-03T02:47:13.463+0600][40.105s][info][gc,stats    ]      System: Java Threads                                    284 / 286             213 / 286             213 / 286             213 / 286         threads
[2026-04-03T02:47:13.463+0600][40.105s][info][gc,stats    ] =========================================================================================================================================================
[2026-04-03T02:47:13.474+0600][40.116s][info][gc,phases   ] GC(25) Concurrent Mark 110.339ms
[2026-04-03T02:47:13.475+0600][40.116s][info][gc,phases   ] GC(25) Pause Mark End 0.031ms
[2026-04-03T02:47:13.475+0600][40.116s][info][gc,phases   ] GC(25) Concurrent Mark Free 0.001ms
[2026-04-03T02:47:13.533+0600][40.174s][info][gc,phases   ] GC(25) Concurrent Process Non-Strong References 57.880ms
[2026-04-03T02:47:13.533+0600][40.174s][info][gc,phases   ] GC(25) Concurrent Reset Relocation Set 0.023ms
[2026-04-03T02:47:13.538+0600][40.179s][info][gc,phases   ] GC(25) Concurrent Select Relocation Set 4.952ms
[2026-04-03T02:47:13.538+0600][40.180s][info][gc,phases   ] GC(25) Pause Relocate Start 0.020ms
[2026-04-03T02:47:13.549+0600][40.191s][info][gc,phases   ] GC(25) Concurrent Relocate 11.004ms
[2026-04-03T02:47:13.550+0600][40.191s][info][gc,load     ] GC(25) Load: 5.52/5.52/5.60
[2026-04-03T02:47:13.550+0600][40.191s][info][gc,mmu      ] GC(25) MMU: 2ms/92.4%, 5ms/97.0%, 10ms/98.4%, 20ms/99.2%, 50ms/99.7%, 100ms/99.8%
[2026-04-03T02:47:13.550+0600][40.191s][info][gc,marking  ] GC(25) Mark: 2 stripe(s), 2 proactive flush(es), 1 terminate flush(es), 0 completion(s), 0 continuation(s) 
[2026-04-03T02:47:13.550+0600][40.191s][info][gc,marking  ] GC(25) Mark Stack Usage: 32M
[2026-04-03T02:47:13.550+0600][40.191s][info][gc,nmethod  ] GC(25) NMethods: 14284 registered, 1577 unregistered
[2026-04-03T02:47:13.550+0600][40.191s][info][gc,metaspace] GC(25) Metaspace: 127M used, 129M committed, 1152M reserved
[2026-04-03T02:47:13.550+0600][40.191s][info][gc,ref      ] GC(25) Soft: 3351 encountered, 0 discovered, 0 enqueued
[2026-04-03T02:47:13.550+0600][40.191s][info][gc,ref      ] GC(25) Weak: 16558 encountered, 10373 discovered, 2156 enqueued
[2026-04-03T02:47:13.550+0600][40.191s][info][gc,ref      ] GC(25) Final: 84 encountered, 0 discovered, 0 enqueued
[2026-04-03T02:47:13.550+0600][40.191s][info][gc,ref      ] GC(25) Phantom: 620 encountered, 345 discovered, 0 enqueued
[2026-04-03T02:47:13.550+0600][40.191s][info][gc,reloc    ] GC(25) Small Pages: 459 / 918M, Empty: 450M, Relocated: 4M, In-Place: 0
[2026-04-03T02:47:13.550+0600][40.191s][info][gc,reloc    ] GC(25) Medium Pages: 5 / 160M, Empty: 128M, Relocated: 0M, In-Place: 0
[2026-04-03T02:47:13.550+0600][40.191s][info][gc,reloc    ] GC(25) Large Pages: 16 / 96M, Empty: 96M, Relocated: 0M, In-Place: 0
[2026-04-03T02:47:13.550+0600][40.191s][info][gc,reloc    ] GC(25) Forwarding Usage: 1M
[2026-04-03T02:47:13.550+0600][40.191s][info][gc,heap     ] GC(25) Min Capacity: 8M(0%)
[2026-04-03T02:47:13.550+0600][40.191s][info][gc,heap     ] GC(25) Max Capacity: 2000M(100%)
[2026-04-03T02:47:13.550+0600][40.191s][info][gc,heap     ] GC(25) Soft Max Capacity: 2000M(100%)
[2026-04-03T02:47:13.550+0600][40.191s][info][gc,heap     ] GC(25)                Mark Start          Mark End        Relocate Start      Relocate End           High               Low         
[2026-04-03T02:47:13.550+0600][40.191s][info][gc,heap     ] GC(25)  Capacity:     2000M (100%)       2000M (100%)       2000M (100%)       2000M (100%)       2000M (100%)       2000M (100%)   
[2026-04-03T02:47:13.550+0600][40.191s][info][gc,heap     ] GC(25)      Free:      826M (41%)         722M (36%)        1118M (56%)        1352M (68%)        1406M (70%)         472M (24%)    
[2026-04-03T02:47:13.550+0600][40.191s][info][gc,heap     ] GC(25)      Used:     1174M (59%)        1278M (64%)         882M (44%)         648M (32%)        1528M (76%)         594M (30%)    
[2026-04-03T02:47:13.550+0600][40.191s][info][gc,heap     ] GC(25)      Live:         -               103M (5%)          103M (5%)          103M (5%)             -                  -          
[2026-04-03T02:47:13.550+0600][40.191s][info][gc,heap     ] GC(25) Allocated:         -               104M (5%)          382M (19%)         501M (25%)            -                  -          
[2026-04-03T02:47:13.550+0600][40.192s][info][gc,heap     ] GC(25)   Garbage:         -              1070M (54%)         396M (20%)          42M (2%)             -                  -          
[2026-04-03T02:47:13.550+0600][40.192s][info][gc,heap     ] GC(25) Reclaimed:         -                  -               674M (34%)        1027M (51%)            -                  -          
[2026-04-03T02:47:13.550+0600][40.192s][info][gc          ] GC(25) Garbage Collection (Allocation Rate) 1174M(59%)->648M(32%)
[2026-04-03T02:47:13.664+0600][40.305s][info][gc,start    ] GC(26) Garbage Collection (Allocation Rate)
[2026-04-03T02:47:13.664+0600][40.305s][info][gc,task     ] GC(26) Using 3 workers
[2026-04-03T02:47:13.664+0600][40.306s][info][gc,phases   ] GC(26) Pause Mark Start 0.015ms
[2026-04-03T02:47:13.760+0600][40.401s][info][gc,phases   ] GC(26) Concurrent Mark 95.751ms
[2026-04-03T02:47:13.760+0600][40.402s][info][gc,phases   ] GC(26) Pause Mark End 0.077ms
[2026-04-03T02:47:13.760+0600][40.402s][info][gc,phases   ] GC(26) Concurrent Mark Free 0.003ms
[2026-04-03T02:47:13.778+0600][40.419s][info][gc,phases   ] GC(26) Concurrent Process Non-Strong References 17.195ms
[2026-04-03T02:47:13.778+0600][40.419s][info][gc,phases   ] GC(26) Concurrent Reset Relocation Set 0.012ms
[2026-04-03T02:47:13.781+0600][40.422s][info][gc,phases   ] GC(26) Concurrent Select Relocation Set 2.775ms
[2026-04-03T02:47:13.781+0600][40.422s][info][gc,phases   ] GC(26) Pause Relocate Start 0.024ms
[2026-04-03T02:47:13.785+0600][40.427s][info][gc,phases   ] GC(26) Concurrent Relocate 4.183ms
[2026-04-03T02:47:13.785+0600][40.427s][info][gc,load     ] GC(26) Load: 5.52/5.52/5.60
[2026-04-03T02:47:13.785+0600][40.427s][info][gc,mmu      ] GC(26) MMU: 2ms/92.4%, 5ms/97.0%, 10ms/98.4%, 20ms/99.2%, 50ms/99.7%, 100ms/99.8%
[2026-04-03T02:47:13.785+0600][40.427s][info][gc,marking  ] GC(26) Mark: 2 stripe(s), 3 proactive flush(es), 1 terminate flush(es), 0 completion(s), 0 continuation(s) 
[2026-04-03T02:47:13.785+0600][40.427s][info][gc,marking  ] GC(26) Mark Stack Usage: 32M
[2026-04-03T02:47:13.785+0600][40.427s][info][gc,nmethod  ] GC(26) NMethods: 14313 registered, 1585 unregistered
[2026-04-03T02:47:13.785+0600][40.427s][info][gc,metaspace] GC(26) Metaspace: 127M used, 129M committed, 1152M reserved
[2026-04-03T02:47:13.785+0600][40.427s][info][gc,ref      ] GC(26) Soft: 3378 encountered, 0 discovered, 0 enqueued
[2026-04-03T02:47:13.785+0600][40.427s][info][gc,ref      ] GC(26) Weak: 14894 encountered, 7414 discovered, 394 enqueued
[2026-04-03T02:47:13.785+0600][40.427s][info][gc,ref      ] GC(26) Final: 84 encountered, 4 discovered, 0 enqueued
[2026-04-03T02:47:13.785+0600][40.427s][info][gc,ref      ] GC(26) Phantom: 620 encountered, 373 discovered, 0 enqueued
[2026-04-03T02:47:13.785+0600][40.427s][info][gc,reloc    ] GC(26) Small Pages: 156 / 312M, Empty: 32M, Relocated: 6M, In-Place: 0
[2026-04-03T02:47:13.785+0600][40.427s][info][gc,reloc    ] GC(26) Medium Pages: 2 / 64M, Empty: 32M, Relocated: 0M, In-Place: 0
[2026-04-03T02:47:13.785+0600][40.427s][info][gc,reloc    ] GC(26) Large Pages: 131 / 786M, Empty: 786M, Relocated: 0M, In-Place: 0
[2026-04-03T02:47:13.785+0600][40.427s][info][gc,reloc    ] GC(26) Forwarding Usage: 1M
[2026-04-03T02:47:13.785+0600][40.427s][info][gc,heap     ] GC(26) Min Capacity: 8M(0%)
[2026-04-03T02:47:13.785+0600][40.427s][info][gc,heap     ] GC(26) Max Capacity: 2000M(100%)
[2026-04-03T02:47:13.785+0600][40.427s][info][gc,heap     ] GC(26) Soft Max Capacity: 2000M(100%)
[2026-04-03T02:47:13.785+0600][40.427s][info][gc,heap     ] GC(26)                Mark Start          Mark End        Relocate Start      Relocate End           High               Low         
[2026-04-03T02:47:13.785+0600][40.427s][info][gc,heap     ] GC(26)  Capacity:     2000M (100%)       2000M (100%)       2000M (100%)       2000M (100%)       2000M (100%)       2000M (100%)   
[2026-04-03T02:47:13.785+0600][40.427s][info][gc,heap     ] GC(26)      Free:      838M (42%)         714M (36%)        1554M (78%)        1716M (86%)        1720M (86%)         708M (35%)    
[2026-04-03T02:47:13.785+0600][40.427s][info][gc,heap     ] GC(26)      Used:     1162M (58%)        1286M (64%)         446M (22%)         284M (14%)        1292M (65%)         280M (14%)    
[2026-04-03T02:47:13.785+0600][40.427s][info][gc,heap     ] GC(26)      Live:         -               101M (5%)          101M (5%)          101M (5%)             -                  -          
[2026-04-03T02:47:13.785+0600][40.427s][info][gc,heap     ] GC(26) Allocated:         -               124M (6%)          134M (7%)          137M (7%)             -                  -          
[2026-04-03T02:47:13.785+0600][40.427s][info][gc,heap     ] GC(26)   Garbage:         -              1060M (53%)         210M (11%)          44M (2%)             -                  -          
[2026-04-03T02:47:13.785+0600][40.427s][info][gc,heap     ] GC(26) Reclaimed:         -                  -               850M (42%)        1015M (51%)            -                  -          
[2026-04-03T02:47:13.785+0600][40.427s][info][gc          ] GC(26) Garbage Collection (Allocation Rate) 1162M(58%)->284M(14%)
[2026-04-03T02:47:14.563+0600][41.204s][info][gc,start    ] GC(27) Garbage Collection (Allocation Rate)
[2026-04-03T02:47:14.563+0600][41.204s][info][gc,task     ] GC(27) Using 2 workers
[2026-04-03T02:47:14.563+0600][41.205s][info][gc,phases   ] GC(27) Pause Mark Start 0.014ms
[2026-04-03T02:47:14.740+0600][41.381s][info][gc,phases   ] GC(27) Concurrent Mark 176.180ms
[2026-04-03T02:47:14.740+0600][41.381s][info][gc,phases   ] GC(27) Pause Mark End 0.040ms
[2026-04-03T02:47:14.740+0600][41.381s][info][gc,phases   ] GC(27) Concurrent Mark Free 0.003ms
[2026-04-03T02:47:14.768+0600][41.409s][info][gc,phases   ] GC(27) Concurrent Process Non-Strong References 27.795ms
[2026-04-03T02:47:14.768+0600][41.409s][info][gc,phases   ] GC(27) Concurrent Reset Relocation Set 0.021ms
[2026-04-03T02:47:14.772+0600][41.413s][info][gc,phases   ] GC(27) Concurrent Select Relocation Set 3.822ms
[2026-04-03T02:47:14.772+0600][41.414s][info][gc,phases   ] GC(27) Pause Relocate Start 0.016ms
[2026-04-03T02:47:14.778+0600][41.419s][info][gc,phases   ] GC(27) Concurrent Relocate 5.685ms
[2026-04-03T02:47:14.778+0600][41.420s][info][gc,load     ] GC(27) Load: 5.52/5.52/5.60
[2026-04-03T02:47:14.778+0600][41.420s][info][gc,mmu      ] GC(27) MMU: 2ms/92.4%, 5ms/97.0%, 10ms/98.4%, 20ms/99.2%, 50ms/99.7%, 100ms/99.8%
[2026-04-03T02:47:14.778+0600][41.420s][info][gc,marking  ] GC(27) Mark: 2 stripe(s), 2 proactive flush(es), 1 terminate flush(es), 0 completion(s), 0 continuation(s) 
[2026-04-03T02:47:14.778+0600][41.420s][info][gc,marking  ] GC(27) Mark Stack Usage: 32M
[2026-04-03T02:47:14.778+0600][41.420s][info][gc,nmethod  ] GC(27) NMethods: 14381 registered, 1619 unregistered
[2026-04-03T02:47:14.778+0600][41.420s][info][gc,metaspace] GC(27) Metaspace: 127M used, 129M committed, 1152M reserved
[2026-04-03T02:47:14.778+0600][41.420s][info][gc,ref      ] GC(27) Soft: 3376 encountered, 0 discovered, 0 enqueued
[2026-04-03T02:47:14.778+0600][41.420s][info][gc,ref      ] GC(27) Weak: 15646 encountered, 5469 discovered, 402 enqueued
[2026-04-03T02:47:14.778+0600][41.420s][info][gc,ref      ] GC(27) Final: 84 encountered, 0 discovered, 0 enqueued
[2026-04-03T02:47:14.778+0600][41.420s][info][gc,ref      ] GC(27) Phantom: 620 encountered, 356 discovered, 0 enqueued
[2026-04-03T02:47:14.778+0600][41.420s][info][gc,reloc    ] GC(27) Small Pages: 395 / 790M, Empty: 230M, Relocated: 5M, In-Place: 0
[2026-04-03T02:47:14.778+0600][41.420s][info][gc,reloc    ] GC(27) Medium Pages: 5 / 160M, Empty: 128M, Relocated: 0M, In-Place: 0
[2026-04-03T02:47:14.778+0600][41.420s][info][gc,reloc    ] GC(27) Large Pages: 20 / 120M, Empty: 120M, Relocated: 0M, In-Place: 0
[2026-04-03T02:47:14.778+0600][41.420s][info][gc,reloc    ] GC(27) Forwarding Usage: 1M
[2026-04-03T02:47:14.778+0600][41.420s][info][gc,heap     ] GC(27) Min Capacity: 8M(0%)
[2026-04-03T02:47:14.778+0600][41.420s][info][gc,heap     ] GC(27) Max Capacity: 2000M(100%)
[2026-04-03T02:47:14.778+0600][41.420s][info][gc,heap     ] GC(27) Soft Max Capacity: 2000M(100%)
[2026-04-03T02:47:14.778+0600][41.420s][info][gc,heap     ] GC(27)                Mark Start          Mark End        Relocate Start      Relocate End           High               Low         
[2026-04-03T02:47:14.779+0600][41.420s][info][gc,heap     ] GC(27)  Capacity:     2000M (100%)       2000M (100%)       2000M (100%)       2000M (100%)       2000M (100%)       2000M (100%)   
[2026-04-03T02:47:14.779+0600][41.420s][info][gc,heap     ] GC(27)      Free:      930M (46%)         684M (34%)        1120M (56%)        1558M (78%)        1560M (78%)         648M (32%)    
[2026-04-03T02:47:14.779+0600][41.420s][info][gc,heap     ] GC(27)      Used:     1070M (54%)        1316M (66%)         880M (44%)         442M (22%)        1352M (68%)         440M (22%)    
[2026-04-03T02:47:14.779+0600][41.420s][info][gc,heap     ] GC(27)      Live:         -               102M (5%)          102M (5%)          102M (5%)             -                  -          
[2026-04-03T02:47:14.779+0600][41.420s][info][gc,heap     ] GC(27) Allocated:         -               246M (12%)         288M (14%)         299M (15%)            -                  -          
[2026-04-03T02:47:14.779+0600][41.420s][info][gc,heap     ] GC(27)   Garbage:         -               967M (48%)         489M (24%)          39M (2%)             -                  -          
[2026-04-03T02:47:14.779+0600][41.420s][info][gc,heap     ] GC(27) Reclaimed:         -                  -               478M (24%)         927M (46%)            -                  -          
[2026-04-03T02:47:14.779+0600][41.420s][info][gc          ] GC(27) Garbage Collection (Allocation Rate) 1070M(54%)->442M(22%)
[2026-04-03T02:47:15.263+0600][41.905s][info][gc,start    ] GC(28) Garbage Collection (Allocation Rate)
[2026-04-03T02:47:15.264+0600][41.905s][info][gc,task     ] GC(28) Using 2 workers
[2026-04-03T02:47:15.264+0600][41.905s][info][gc,phases   ] GC(28) Pause Mark Start 0.014ms
[2026-04-03T02:47:15.429+0600][42.070s][info][gc,phases   ] GC(28) Concurrent Mark 164.972ms
[2026-04-03T02:47:15.429+0600][42.071s][info][gc,phases   ] GC(28) Pause Mark End 0.022ms
[2026-04-03T02:47:15.429+0600][42.071s][info][gc,phases   ] GC(28) Concurrent Mark Free 0.002ms
[2026-04-03T02:47:15.451+0600][42.093s][info][gc,phases   ] GC(28) Concurrent Process Non-Strong References 21.845ms
[2026-04-03T02:47:15.451+0600][42.093s][info][gc,phases   ] GC(28) Concurrent Reset Relocation Set 0.020ms
[2026-04-03T02:47:15.456+0600][42.098s][info][gc,phases   ] GC(28) Concurrent Select Relocation Set 4.790ms
[2026-04-03T02:47:15.456+0600][42.098s][info][gc,phases   ] GC(28) Pause Relocate Start 0.012ms
[2026-04-03T02:47:15.466+0600][42.108s][info][gc,phases   ] GC(28) Concurrent Relocate 9.586ms
[2026-04-03T02:47:15.466+0600][42.108s][info][gc,load     ] GC(28) Load: 5.24/5.47/5.58
[2026-04-03T02:47:15.466+0600][42.108s][info][gc,mmu      ] GC(28) MMU: 2ms/92.4%, 5ms/97.0%, 10ms/98.4%, 20ms/99.2%, 50ms/99.7%, 100ms/99.8%
[2026-04-03T02:47:15.466+0600][42.108s][info][gc,marking  ] GC(28) Mark: 2 stripe(s), 2 proactive flush(es), 1 terminate flush(es), 0 completion(s), 0 continuation(s) 
[2026-04-03T02:47:15.466+0600][42.108s][info][gc,marking  ] GC(28) Mark Stack Usage: 32M
[2026-04-03T02:47:15.466+0600][42.108s][info][gc,nmethod  ] GC(28) NMethods: 14409 registered, 1649 unregistered
[2026-04-03T02:47:15.466+0600][42.108s][info][gc,metaspace] GC(28) Metaspace: 127M used, 129M committed, 1152M reserved
[2026-04-03T02:47:15.466+0600][42.108s][info][gc,ref      ] GC(28) Soft: 3383 encountered, 0 discovered, 0 enqueued
[2026-04-03T02:47:15.466+0600][42.108s][info][gc,ref      ] GC(28) Weak: 16484 encountered, 6339 discovered, 1732 enqueued
[2026-04-03T02:47:15.466+0600][42.108s][info][gc,ref      ] GC(28) Final: 84 encountered, 0 discovered, 0 enqueued
[2026-04-03T02:47:15.466+0600][42.108s][info][gc,ref      ] GC(28) Phantom: 620 encountered, 347 discovered, 0 enqueued
[2026-04-03T02:47:15.466+0600][42.108s][info][gc,reloc    ] GC(28) Small Pages: 405 / 810M, Empty: 252M, Relocated: 6M, In-Place: 0
[2026-04-03T02:47:15.466+0600][42.108s][info][gc,reloc    ] GC(28) Medium Pages: 5 / 160M, Empty: 128M, Relocated: 0M, In-Place: 0
[2026-04-03T02:47:15.466+0600][42.108s][info][gc,reloc    ] GC(28) Large Pages: 17 / 102M, Empty: 102M, Relocated: 0M, In-Place: 0
[2026-04-03T02:47:15.466+0600][42.108s][info][gc,reloc    ] GC(28) Forwarding Usage: 2M
[2026-04-03T02:47:15.466+0600][42.108s][info][gc,heap     ] GC(28) Min Capacity: 8M(0%)
[2026-04-03T02:47:15.466+0600][42.108s][info][gc,heap     ] GC(28) Max Capacity: 2000M(100%)
[2026-04-03T02:47:15.466+0600][42.108s][info][gc,heap     ] GC(28) Soft Max Capacity: 2000M(100%)
[2026-04-03T02:47:15.467+0600][42.108s][info][gc,heap     ] GC(28)                Mark Start          Mark End        Relocate Start      Relocate End           High               Low         
[2026-04-03T02:47:15.467+0600][42.108s][info][gc,heap     ] GC(28)  Capacity:     2000M (100%)       2000M (100%)       2000M (100%)       2000M (100%)       2000M (100%)       2000M (100%)   
[2026-04-03T02:47:15.467+0600][42.108s][info][gc,heap     ] GC(28)      Free:      928M (46%)         686M (34%)        1150M (57%)        1586M (79%)        1586M (79%)         676M (34%)    
[2026-04-03T02:47:15.467+0600][42.108s][info][gc,heap     ] GC(28)      Used:     1072M (54%)        1314M (66%)         850M (42%)         414M (21%)        1324M (66%)         414M (21%)    
[2026-04-03T02:47:15.467+0600][42.108s][info][gc,heap     ] GC(28)      Live:         -               106M (5%)          106M (5%)          106M (5%)             -                  -          
[2026-04-03T02:47:15.467+0600][42.108s][info][gc,heap     ] GC(28) Allocated:         -               242M (12%)         260M (13%)         265M (13%)            -                  -          
[2026-04-03T02:47:15.467+0600][42.108s][info][gc,heap     ] GC(28)   Garbage:         -               965M (48%)         483M (24%)          42M (2%)             -                  -          
[2026-04-03T02:47:15.467+0600][42.108s][info][gc,heap     ] GC(28) Reclaimed:         -                  -               482M (24%)         923M (46%)            -                  -          
[2026-04-03T02:47:15.467+0600][42.108s][info][gc          ] GC(28) Garbage Collection (Allocation Rate) 1072M(54%)->414M(21%)
[2026-04-03T02:47:15.663+0600][42.304s][info][gc,start    ] GC(29) Garbage Collection (Allocation Rate)
[2026-04-03T02:47:15.663+0600][42.304s][info][gc,task     ] GC(29) Using 3 workers
[2026-04-03T02:47:15.663+0600][42.304s][info][gc,phases   ] GC(29) Pause Mark Start 0.011ms
[2026-04-03T02:47:15.766+0600][42.407s][info][gc,phases   ] GC(29) Concurrent Mark 102.603ms
[2026-04-03T02:47:15.766+0600][42.408s][info][gc,phases   ] GC(29) Pause Mark End 0.086ms
[2026-04-03T02:47:15.766+0600][42.408s][info][gc,phases   ] GC(29) Concurrent Mark Free 0.002ms
[2026-04-03T02:47:15.783+0600][42.425s][info][gc,phases   ] GC(29) Concurrent Process Non-Strong References 17.071ms
[2026-04-03T02:47:15.784+0600][42.425s][info][gc,phases   ] GC(29) Concurrent Reset Relocation Set 0.019ms
[2026-04-03T02:47:15.787+0600][42.428s][info][gc,phases   ] GC(29) Concurrent Select Relocation Set 3.190ms
[2026-04-03T02:47:15.787+0600][42.429s][info][gc,phases   ] GC(29) Pause Relocate Start 0.015ms
[2026-04-03T02:47:15.790+0600][42.431s][info][gc,phases   ] GC(29) Concurrent Relocate 2.579ms
[2026-04-03T02:47:15.790+0600][42.432s][info][gc,load     ] GC(29) Load: 5.24/5.47/5.58
[2026-04-03T02:47:15.790+0600][42.432s][info][gc,mmu      ] GC(29) MMU: 2ms/92.4%, 5ms/97.0%, 10ms/98.4%, 20ms/99.2%, 50ms/99.7%, 100ms/99.8%
[2026-04-03T02:47:15.790+0600][42.432s][info][gc,marking  ] GC(29) Mark: 2 stripe(s), 2 proactive flush(es), 1 terminate flush(es), 0 completion(s), 0 continuation(s) 
[2026-04-03T02:47:15.790+0600][42.432s][info][gc,marking  ] GC(29) Mark Stack Usage: 32M
[2026-04-03T02:47:15.790+0600][42.432s][info][gc,nmethod  ] GC(29) NMethods: 14415 registered, 1661 unregistered
[2026-04-03T02:47:15.790+0600][42.432s][info][gc,metaspace] GC(29) Metaspace: 127M used, 129M committed, 1152M reserved
[2026-04-03T02:47:15.790+0600][42.432s][info][gc,ref      ] GC(29) Soft: 3376 encountered, 0 discovered, 0 enqueued
[2026-04-03T02:47:15.790+0600][42.432s][info][gc,ref      ] GC(29) Weak: 15349 encountered, 7062 discovered, 924 enqueued
[2026-04-03T02:47:15.790+0600][42.432s][info][gc,ref      ] GC(29) Final: 84 encountered, 4 discovered, 0 enqueued
[2026-04-03T02:47:15.790+0600][42.432s][info][gc,ref      ] GC(29) Phantom: 620 encountered, 373 discovered, 0 enqueued
[2026-04-03T02:47:15.790+0600][42.432s][info][gc,reloc    ] GC(29) Small Pages: 254 / 508M, Empty: 200M, Relocated: 5M, In-Place: 0
[2026-04-03T02:47:15.790+0600][42.432s][info][gc,reloc    ] GC(29) Medium Pages: 3 / 96M, Empty: 64M, Relocated: 0M, In-Place: 0
[2026-04-03T02:47:15.790+0600][42.432s][info][gc,reloc    ] GC(29) Large Pages: 136 / 816M, Empty: 816M, Relocated: 0M, In-Place: 0
[2026-04-03T02:47:15.790+0600][42.432s][info][gc,reloc    ] GC(29) Forwarding Usage: 1M
[2026-04-03T02:47:15.790+0600][42.432s][info][gc,heap     ] GC(29) Min Capacity: 8M(0%)
[2026-04-03T02:47:15.790+0600][42.432s][info][gc,heap     ] GC(29) Max Capacity: 2000M(100%)
[2026-04-03T02:47:15.790+0600][42.432s][info][gc,heap     ] GC(29) Soft Max Capacity: 2000M(100%)
[2026-04-03T02:47:15.790+0600][42.432s][info][gc,heap     ] GC(29)                Mark Start          Mark End        Relocate Start      Relocate End           High               Low         
[2026-04-03T02:47:15.790+0600][42.432s][info][gc,heap     ] GC(29)  Capacity:     2000M (100%)       2000M (100%)       2000M (100%)       2000M (100%)       2000M (100%)       2000M (100%)   
[2026-04-03T02:47:15.790+0600][42.432s][info][gc,heap     ] GC(29)      Free:      580M (29%)         476M (24%)        1546M (77%)        1734M (87%)        1734M (87%)         468M (23%)    
[2026-04-03T02:47:15.790+0600][42.432s][info][gc,heap     ] GC(29)      Used:     1420M (71%)        1524M (76%)         454M (23%)         266M (13%)        1532M (77%)         266M (13%)    
[2026-04-03T02:47:15.790+0600][42.432s][info][gc,heap     ] GC(29)      Live:         -               103M (5%)          103M (5%)          103M (5%)             -                  -          
[2026-04-03T02:47:15.790+0600][42.432s][info][gc,heap     ] GC(29) Allocated:         -               104M (5%)          114M (6%)          117M (6%)             -                  -          
[2026-04-03T02:47:15.790+0600][42.432s][info][gc,heap     ] GC(29)   Garbage:         -              1316M (66%)         236M (12%)          44M (2%)             -                  -          
[2026-04-03T02:47:15.790+0600][42.432s][info][gc,heap     ] GC(29) Reclaimed:         -                  -              1080M (54%)        1271M (64%)            -                  -          
[2026-04-03T02:47:15.790+0600][42.432s][info][gc          ] GC(29) Garbage Collection (Allocation Rate) 1420M(71%)->266M(13%)
[2026-04-03T02:47:16.664+0600][43.305s][info][gc,start    ] GC(30) Garbage Collection (Allocation Rate)
[2026-04-03T02:47:16.664+0600][43.305s][info][gc,task     ] GC(30) Using 2 workers
[2026-04-03T02:47:16.664+0600][43.305s][info][gc,phases   ] GC(30) Pause Mark Start 0.014ms
[2026-04-03T02:47:16.824+0600][43.466s][info][gc,phases   ] GC(30) Concurrent Mark 160.378ms
[2026-04-03T02:47:16.825+0600][43.466s][info][gc,phases   ] GC(30) Pause Mark End 0.027ms
[2026-04-03T02:47:16.825+0600][43.466s][info][gc,phases   ] GC(30) Concurrent Mark Free 0.002ms
[2026-04-03T02:47:16.858+0600][43.500s][info][gc,phases   ] GC(30) Concurrent Process Non-Strong References 33.760ms
[2026-04-03T02:47:16.859+0600][43.500s][info][gc,phases   ] GC(30) Concurrent Reset Relocation Set 0.018ms
[2026-04-03T02:47:16.864+0600][43.505s][info][gc,phases   ] GC(30) Concurrent Select Relocation Set 4.925ms
[2026-04-03T02:47:16.864+0600][43.505s][info][gc,phases   ] GC(30) Pause Relocate Start 0.017ms
[2026-04-03T02:47:16.875+0600][43.517s][info][gc,phases   ] GC(30) Concurrent Relocate 11.229ms
[2026-04-03T02:47:16.875+0600][43.517s][info][gc,load     ] GC(30) Load: 5.24/5.47/5.58
[2026-04-03T02:47:16.875+0600][43.517s][info][gc,mmu      ] GC(30) MMU: 2ms/92.4%, 5ms/97.0%, 10ms/98.4%, 20ms/99.2%, 50ms/99.7%, 100ms/99.8%
[2026-04-03T02:47:16.875+0600][43.517s][info][gc,marking  ] GC(30) Mark: 2 stripe(s), 2 proactive flush(es), 1 terminate flush(es), 0 completion(s), 0 continuation(s) 
[2026-04-03T02:47:16.875+0600][43.517s][info][gc,marking  ] GC(30) Mark Stack Usage: 32M
[2026-04-03T02:47:16.875+0600][43.517s][info][gc,nmethod  ] GC(30) NMethods: 14487 registered, 1696 unregistered
[2026-04-03T02:47:16.875+0600][43.517s][info][gc,metaspace] GC(30) Metaspace: 127M used, 129M committed, 1152M reserved
[2026-04-03T02:47:16.875+0600][43.517s][info][gc,ref      ] GC(30) Soft: 3377 encountered, 0 discovered, 0 enqueued
[2026-04-03T02:47:16.875+0600][43.517s][info][gc,ref      ] GC(30) Weak: 15789 encountered, 7266 discovered, 264 enqueued
[2026-04-03T02:47:16.875+0600][43.517s][info][gc,ref      ] GC(30) Final: 84 encountered, 0 discovered, 0 enqueued
[2026-04-03T02:47:16.875+0600][43.517s][info][gc,ref      ] GC(30) Phantom: 620 encountered, 345 discovered, 0 enqueued
[2026-04-03T02:47:16.875+0600][43.517s][info][gc,reloc    ] GC(30) Small Pages: 463 / 926M, Empty: 330M, Relocated: 8M, In-Place: 0
[2026-04-03T02:47:16.875+0600][43.517s][info][gc,reloc    ] GC(30) Medium Pages: 6 / 192M, Empty: 128M, Relocated: 9M, In-Place: 0
[2026-04-03T02:47:16.875+0600][43.517s][info][gc,reloc    ] GC(30) Large Pages: 20 / 120M, Empty: 120M, Relocated: 0M, In-Place: 0
[2026-04-03T02:47:16.876+0600][43.517s][info][gc,reloc    ] GC(30) Forwarding Usage: 2M
[2026-04-03T02:47:16.876+0600][43.517s][info][gc,heap     ] GC(30) Min Capacity: 8M(0%)
[2026-04-03T02:47:16.876+0600][43.517s][info][gc,heap     ] GC(30) Max Capacity: 2000M(100%)
[2026-04-03T02:47:16.876+0600][43.517s][info][gc,heap     ] GC(30) Soft Max Capacity: 2000M(100%)
[2026-04-03T02:47:16.876+0600][43.517s][info][gc,heap     ] GC(30)                Mark Start          Mark End        Relocate Start      Relocate End           High               Low         
[2026-04-03T02:47:16.876+0600][43.517s][info][gc,heap     ] GC(30)  Capacity:     2000M (100%)       2000M (100%)       2000M (100%)       2000M (100%)       2000M (100%)       2000M (100%)   
[2026-04-03T02:47:16.876+0600][43.517s][info][gc,heap     ] GC(30)      Free:      762M (38%)         568M (28%)        1082M (54%)        1590M (80%)        1592M (80%)         538M (27%)    
[2026-04-03T02:47:16.876+0600][43.517s][info][gc,heap     ] GC(30)      Used:     1238M (62%)        1432M (72%)         918M (46%)         410M (20%)        1462M (73%)         408M (20%)    
[2026-04-03T02:47:16.876+0600][43.517s][info][gc,heap     ] GC(30)      Live:         -               103M (5%)          103M (5%)          103M (5%)             -                  -          
[2026-04-03T02:47:16.876+0600][43.517s][info][gc,heap     ] GC(30) Allocated:         -               194M (10%)         258M (13%)         265M (13%)            -                  -          
[2026-04-03T02:47:16.876+0600][43.517s][info][gc,heap     ] GC(30)   Garbage:         -              1134M (57%)         556M (28%)          40M (2%)             -                  -          
[2026-04-03T02:47:16.876+0600][43.517s][info][gc,heap     ] GC(30) Reclaimed:         -                  -               578M (29%)        1093M (55%)            -                  -          
[2026-04-03T02:47:16.876+0600][43.517s][info][gc          ] GC(30) Garbage Collection (Allocation Rate) 1238M(62%)->410M(20%)
[2026-04-03T02:47:17.463+0600][44.105s][info][gc,start    ] GC(31) Garbage Collection (Allocation Rate)
[2026-04-03T02:47:17.463+0600][44.105s][info][gc,task     ] GC(31) Using 2 workers
[2026-04-03T02:47:17.464+0600][44.105s][info][gc,phases   ] GC(31) Pause Mark Start 0.014ms
[2026-04-03T02:47:17.608+0600][44.250s][info][gc,phases   ] GC(31) Concurrent Mark 144.561ms
[2026-04-03T02:47:17.609+0600][44.250s][info][gc,phases   ] GC(31) Pause Mark End 0.150ms
[2026-04-03T02:47:17.609+0600][44.251s][info][gc,phases   ] GC(31) Concurrent Mark Free 0.004ms
[2026-04-03T02:47:17.635+0600][44.277s][info][gc,phases   ] GC(31) Concurrent Process Non-Strong References 26.080ms
[2026-04-03T02:47:17.635+0600][44.277s][info][gc,phases   ] GC(31) Concurrent Reset Relocation Set 0.015ms
[2026-04-03T02:47:17.635+0600][44.277s][info][gc          ] Allocation Stall (Executor task launch worker for task 1.0 in stage 1359.0 (TID 2548)) 5.938ms
[2026-04-03T02:47:17.635+0600][44.277s][info][gc          ] Allocation Stall (Executor task launch worker for task 3.0 in stage 1359.0 (TID 2550)) 3.935ms
[2026-04-03T02:47:17.635+0600][44.277s][info][gc          ] Allocation Stall (Executor task launch worker for task 2.0 in stage 1359.0 (TID 2549)) 5.006ms
[2026-04-03T02:47:17.639+0600][44.280s][info][gc,phases   ] GC(31) Concurrent Select Relocation Set 3.508ms
[2026-04-03T02:47:17.639+0600][44.281s][info][gc,phases   ] GC(31) Pause Relocate Start 0.015ms
[2026-04-03T02:47:17.651+0600][44.293s][info][gc,phases   ] GC(31) Concurrent Relocate 12.007ms
[2026-04-03T02:47:17.651+0600][44.293s][info][gc,load     ] GC(31) Load: 5.24/5.47/5.58
[2026-04-03T02:47:17.651+0600][44.293s][info][gc,mmu      ] GC(31) MMU: 2ms/92.4%, 5ms/97.0%, 10ms/98.4%, 20ms/99.2%, 50ms/99.7%, 100ms/99.8%
[2026-04-03T02:47:17.651+0600][44.293s][info][gc,marking  ] GC(31) Mark: 2 stripe(s), 2 proactive flush(es), 1 terminate flush(es), 0 completion(s), 0 continuation(s) 
[2026-04-03T02:47:17.651+0600][44.293s][info][gc,marking  ] GC(31) Mark Stack Usage: 32M
[2026-04-03T02:47:17.651+0600][44.293s][info][gc,nmethod  ] GC(31) NMethods: 14506 registered, 1709 unregistered
[2026-04-03T02:47:17.651+0600][44.293s][info][gc,metaspace] GC(31) Metaspace: 127M used, 129M committed, 1152M reserved
[2026-04-03T02:47:17.651+0600][44.293s][info][gc,ref      ] GC(31) Soft: 3380 encountered, 0 discovered, 0 enqueued
[2026-04-03T02:47:17.651+0600][44.293s][info][gc,ref      ] GC(31) Weak: 16852 encountered, 5804 discovered, 2268 enqueued
[2026-04-03T02:47:17.651+0600][44.293s][info][gc,ref      ] GC(31) Final: 84 encountered, 0 discovered, 0 enqueued
[2026-04-03T02:47:17.651+0600][44.293s][info][gc,ref      ] GC(31) Phantom: 620 encountered, 564 discovered, 0 enqueued
[2026-04-03T02:47:17.651+0600][44.293s][info][gc,reloc    ] GC(31) Small Pages: 455 / 910M, Empty: 426M, Relocated: 12M, In-Place: 0
[2026-04-03T02:47:17.651+0600][44.293s][info][gc,reloc    ] GC(31) Medium Pages: 4 / 128M, Empty: 96M, Relocated: 0M, In-Place: 0
[2026-04-03T02:47:17.651+0600][44.293s][info][gc,reloc    ] GC(31) Large Pages: 55 / 330M, Empty: 306M, Relocated: 0M, In-Place: 0
[2026-04-03T02:47:17.651+0600][44.293s][info][gc,reloc    ] GC(31) Forwarding Usage: 2M
[2026-04-03T02:47:17.651+0600][44.293s][info][gc,heap     ] GC(31) Min Capacity: 8M(0%)
[2026-04-03T02:47:17.651+0600][44.293s][info][gc,heap     ] GC(31) Max Capacity: 2000M(100%)
[2026-04-03T02:47:17.651+0600][44.293s][info][gc,heap     ] GC(31) Soft Max Capacity: 2000M(100%)
[2026-04-03T02:47:17.651+0600][44.293s][info][gc,heap     ] GC(31)                Mark Start          Mark End        Relocate Start      Relocate End           High               Low         
[2026-04-03T02:47:17.652+0600][44.293s][info][gc,heap     ] GC(31)  Capacity:     2000M (100%)       2000M (100%)       2000M (100%)       2000M (100%)       2000M (100%)       2000M (100%)   
[2026-04-03T02:47:17.652+0600][44.293s][info][gc,heap     ] GC(31)      Free:      632M (32%)          68M (3%)          812M (41%)        1138M (57%)        1148M (57%)           4M (0%)     
[2026-04-03T02:47:17.652+0600][44.293s][info][gc,heap     ] GC(31)      Used:     1368M (68%)        1932M (97%)        1188M (59%)         862M (43%)        1996M (100%)        852M (43%)    
[2026-04-03T02:47:17.652+0600][44.293s][info][gc,heap     ] GC(31)      Live:         -               131M (7%)          131M (7%)          131M (7%)             -                  -          
[2026-04-03T02:47:17.652+0600][44.293s][info][gc,heap     ] GC(31) Allocated:         -               564M (28%)         648M (32%)         689M (34%)            -                  -          
[2026-04-03T02:47:17.652+0600][44.293s][info][gc,heap     ] GC(31)   Garbage:         -              1236M (62%)         408M (20%)          40M (2%)             -                  -          
[2026-04-03T02:47:17.652+0600][44.293s][info][gc,heap     ] GC(31) Reclaimed:         -                  -               828M (41%)        1195M (60%)            -                  -          
[2026-04-03T02:47:17.652+0600][44.293s][info][gc          ] GC(31) Garbage Collection (Allocation Rate) 1368M(68%)->862M(43%)
[2026-04-03T02:47:17.663+0600][44.305s][info][gc,start    ] GC(32) Garbage Collection (Allocation Stall)
[2026-04-03T02:47:17.663+0600][44.305s][info][gc,ref      ] GC(32) Clearing All SoftReferences
[2026-04-03T02:47:17.664+0600][44.305s][info][gc,task     ] GC(32) Using 3 workers
[2026-04-03T02:47:17.664+0600][44.305s][info][gc,ref      ] GC(32) Clearing All SoftReferences
[2026-04-03T02:47:17.664+0600][44.305s][info][gc,phases   ] GC(32) Pause Mark Start 0.078ms
[2026-04-03T02:47:17.764+0600][44.405s][info][gc,phases   ] GC(32) Concurrent Mark 99.746ms
[2026-04-03T02:47:17.764+0600][44.405s][info][gc,phases   ] GC(32) Pause Mark End 0.081ms
[2026-04-03T02:47:17.764+0600][44.405s][info][gc,phases   ] GC(32) Concurrent Mark Free 0.001ms
[2026-04-03T02:47:17.816+0600][44.458s][info][gc,phases   ] GC(32) Concurrent Process Non-Strong References 52.151ms
[2026-04-03T02:47:17.816+0600][44.458s][info][gc,phases   ] GC(32) Concurrent Reset Relocation Set 0.023ms
[2026-04-03T02:47:17.821+0600][44.462s][info][gc,phases   ] GC(32) Concurrent Select Relocation Set 4.511ms
[2026-04-03T02:47:17.822+0600][44.463s][info][gc,phases   ] GC(32) Pause Relocate Start 0.101ms
[2026-04-03T02:47:17.827+0600][44.468s][info][gc,phases   ] GC(32) Concurrent Relocate 4.854ms
[2026-04-03T02:47:17.827+0600][44.469s][info][gc,load     ] GC(32) Load: 5.24/5.47/5.58
[2026-04-03T02:47:17.827+0600][44.469s][info][gc,mmu      ] GC(32) MMU: 2ms/92.4%, 5ms/97.0%, 10ms/98.4%, 20ms/99.2%, 50ms/99.7%, 100ms/99.8%
[2026-04-03T02:47:17.827+0600][44.469s][info][gc,marking  ] GC(32) Mark: 2 stripe(s), 3 proactive flush(es), 1 terminate flush(es), 1 completion(s), 0 continuation(s) 
[2026-04-03T02:47:17.827+0600][44.469s][info][gc,marking  ] GC(32) Mark Stack Usage: 32M
[2026-04-03T02:47:17.827+0600][44.469s][info][gc,nmethod  ] GC(32) NMethods: 14535 registered, 1719 unregistered
[2026-04-03T02:47:17.827+0600][44.469s][info][gc,metaspace] GC(32) Metaspace: 127M used, 129M committed, 1152M reserved
[2026-04-03T02:47:17.827+0600][44.469s][info][gc,ref      ] GC(32) Soft: 3340 encountered, 863 discovered, 126 enqueued
[2026-04-03T02:47:17.827+0600][44.469s][info][gc,ref      ] GC(32) Weak: 14767 encountered, 6690 discovered, 247 enqueued
[2026-04-03T02:47:17.827+0600][44.469s][info][gc,ref      ] GC(32) Final: 84 encountered, 16 discovered, 0 enqueued
[2026-04-03T02:47:17.827+0600][44.469s][info][gc,ref      ] GC(32) Phantom: 620 encountered, 498 discovered, 0 enqueued
[2026-04-03T02:47:17.827+0600][44.469s][info][gc,reloc    ] GC(32) Small Pages: 119 / 238M, Empty: 18M, Relocated: 3M, In-Place: 0
[2026-04-03T02:47:17.827+0600][44.469s][info][gc,reloc    ] GC(32) Medium Pages: 2 / 64M, Empty: 32M, Relocated: 0M, In-Place: 0
[2026-04-03T02:47:17.827+0600][44.469s][info][gc,reloc    ] GC(32) Large Pages: 98 / 588M, Empty: 588M, Relocated: 0M, In-Place: 0
[2026-04-03T02:47:17.827+0600][44.469s][info][gc,reloc    ] GC(32) Forwarding Usage: 0M
[2026-04-03T02:47:17.827+0600][44.469s][info][gc,heap     ] GC(32) Min Capacity: 8M(0%)
[2026-04-03T02:47:17.827+0600][44.469s][info][gc,heap     ] GC(32) Max Capacity: 2000M(100%)
[2026-04-03T02:47:17.827+0600][44.469s][info][gc,heap     ] GC(32) Soft Max Capacity: 2000M(100%)
[2026-04-03T02:47:17.827+0600][44.469s][info][gc,heap     ] GC(32)                Mark Start          Mark End        Relocate Start      Relocate End           High               Low         
[2026-04-03T02:47:17.827+0600][44.469s][info][gc,heap     ] GC(32)  Capacity:     2000M (100%)       2000M (100%)       2000M (100%)       2000M (100%)       2000M (100%)       2000M (100%)   
[2026-04-03T02:47:17.827+0600][44.469s][info][gc,heap     ] GC(32)      Free:     1110M (56%)         958M (48%)        1564M (78%)        1666M (83%)        1668M (83%)         928M (46%)    
[2026-04-03T02:47:17.827+0600][44.469s][info][gc,heap     ] GC(32)      Used:      890M (44%)        1042M (52%)         436M (22%)         334M (17%)        1072M (54%)         332M (17%)    
[2026-04-03T02:47:17.827+0600][44.469s][info][gc,heap     ] GC(32)      Live:         -               102M (5%)          102M (5%)          102M (5%)             -                  -          
[2026-04-03T02:47:17.827+0600][44.469s][info][gc,heap     ] GC(32) Allocated:         -               152M (8%)          184M (9%)          185M (9%)             -                  -          
[2026-04-03T02:47:17.827+0600][44.469s][info][gc,heap     ] GC(32)   Garbage:         -               787M (39%)         149M (7%)           45M (2%)             -                  -          
[2026-04-03T02:47:17.827+0600][44.469s][info][gc,heap     ] GC(32) Reclaimed:         -                  -               638M (32%)         741M (37%)            -                  -          
[2026-04-03T02:47:17.827+0600][44.469s][info][gc          ] GC(32) Garbage Collection (Allocation Stall) 890M(44%)->334M(17%)
[2026-04-03T02:47:18.563+0600][45.205s][info][gc,start    ] GC(33) Garbage Collection (Allocation Rate)
[2026-04-03T02:47:18.563+0600][45.205s][info][gc,task     ] GC(33) Using 2 workers
[2026-04-03T02:47:18.564+0600][45.205s][info][gc,phases   ] GC(33) Pause Mark Start 0.033ms
[2026-04-03T02:47:18.742+0600][45.383s][info][gc,phases   ] GC(33) Concurrent Mark 177.999ms
[2026-04-03T02:47:18.742+0600][45.384s][info][gc,phases   ] GC(33) Pause Mark End 0.032ms
[2026-04-03T02:47:18.743+0600][45.384s][info][gc,phases   ] GC(33) Concurrent Mark Free 0.002ms
[2026-04-03T02:47:18.803+0600][45.445s][info][gc,phases   ] GC(33) Concurrent Process Non-Strong References 60.749ms
[2026-04-03T02:47:18.804+0600][45.445s][info][gc,phases   ] GC(33) Concurrent Reset Relocation Set 0.009ms
[2026-04-03T02:47:18.811+0600][45.453s][info][gc,phases   ] GC(33) Concurrent Select Relocation Set 7.510ms
[2026-04-03T02:47:18.812+0600][45.453s][info][gc,phases   ] GC(33) Pause Relocate Start 0.051ms
[2026-04-03T02:47:18.823+0600][45.465s][info][gc,phases   ] GC(33) Concurrent Relocate 11.158ms
[2026-04-03T02:47:18.823+0600][45.465s][info][gc,load     ] GC(33) Load: 5.24/5.47/5.58
[2026-04-03T02:47:18.823+0600][45.465s][info][gc,mmu      ] GC(33) MMU: 2ms/92.4%, 5ms/97.0%, 10ms/98.4%, 20ms/99.2%, 50ms/99.7%, 100ms/99.8%
[2026-04-03T02:47:18.823+0600][45.465s][info][gc,marking  ] GC(33) Mark: 2 stripe(s), 2 proactive flush(es), 1 terminate flush(es), 0 completion(s), 0 continuation(s) 
[2026-04-03T02:47:18.823+0600][45.465s][info][gc,marking  ] GC(33) Mark Stack Usage: 32M
[2026-04-03T02:47:18.823+0600][45.465s][info][gc,nmethod  ] GC(33) NMethods: 14586 registered, 1770 unregistered
[2026-04-03T02:47:18.824+0600][45.465s][info][gc,metaspace] GC(33) Metaspace: 127M used, 129M committed, 1152M reserved
[2026-04-03T02:47:18.824+0600][45.465s][info][gc,ref      ] GC(33) Soft: 3290 encountered, 0 discovered, 0 enqueued
[2026-04-03T02:47:18.824+0600][45.465s][info][gc,ref      ] GC(33) Weak: 15503 encountered, 4289 discovered, 435 enqueued
[2026-04-03T02:47:18.824+0600][45.465s][info][gc,ref      ] GC(33) Final: 84 encountered, 0 discovered, 0 enqueued
[2026-04-03T02:47:18.824+0600][45.465s][info][gc,ref      ] GC(33) Phantom: 620 encountered, 347 discovered, 0 enqueued
[2026-04-03T02:47:18.824+0600][45.465s][info][gc,reloc    ] GC(33) Small Pages: 371 / 742M, Empty: 202M, Relocated: 8M, In-Place: 0
[2026-04-03T02:47:18.824+0600][45.465s][info][gc,reloc    ] GC(33) Medium Pages: 5 / 160M, Empty: 128M, Relocated: 0M, In-Place: 0
[2026-04-03T02:47:18.824+0600][45.465s][info][gc,reloc    ] GC(33) Large Pages: 15 / 90M, Empty: 90M, Relocated: 0M, In-Place: 0
[2026-04-03T02:47:18.824+0600][45.465s][info][gc,reloc    ] GC(33) Forwarding Usage: 2M
[2026-04-03T02:47:18.824+0600][45.465s][info][gc,heap     ] GC(33) Min Capacity: 8M(0%)
[2026-04-03T02:47:18.824+0600][45.465s][info][gc,heap     ] GC(33) Max Capacity: 2000M(100%)
[2026-04-03T02:47:18.824+0600][45.465s][info][gc,heap     ] GC(33) Soft Max Capacity: 2000M(100%)
[2026-04-03T02:47:18.824+0600][45.465s][info][gc,heap     ] GC(33)                Mark Start          Mark End        Relocate Start      Relocate End           High               Low         
[2026-04-03T02:47:18.824+0600][45.465s][info][gc,heap     ] GC(33)  Capacity:     2000M (100%)       2000M (100%)       2000M (100%)       2000M (100%)       2000M (100%)       2000M (100%)   
[2026-04-03T02:47:18.824+0600][45.465s][info][gc,heap     ] GC(33)      Free:     1008M (50%)         828M (41%)        1146M (57%)        1552M (78%)        1568M (78%)         740M (37%)    
[2026-04-03T02:47:18.824+0600][45.465s][info][gc,heap     ] GC(33)      Used:      992M (50%)        1172M (59%)         854M (43%)         448M (22%)        1260M (63%)         432M (22%)    
[2026-04-03T02:47:18.824+0600][45.465s][info][gc,heap     ] GC(33)      Live:         -               102M (5%)          102M (5%)          102M (5%)             -                  -          
[2026-04-03T02:47:18.824+0600][45.465s][info][gc,heap     ] GC(33) Allocated:         -               180M (9%)          282M (14%)         301M (15%)            -                  -          
[2026-04-03T02:47:18.824+0600][45.465s][info][gc,heap     ] GC(33)   Garbage:         -               889M (44%)         469M (23%)          43M (2%)             -                  -          
[2026-04-03T02:47:18.824+0600][45.465s][info][gc,heap     ] GC(33) Reclaimed:         -                  -               420M (21%)         845M (42%)            -                  -          
[2026-04-03T02:47:18.824+0600][45.465s][info][gc          ] GC(33) Garbage Collection (Allocation Rate) 992M(50%)->448M(22%)
[2026-04-03T02:47:19.563+0600][46.205s][info][gc,start    ] GC(34) Garbage Collection (Allocation Rate)
[2026-04-03T02:47:19.563+0600][46.205s][info][gc,task     ] GC(34) Using 3 workers
[2026-04-03T02:47:19.564+0600][46.205s][info][gc,phases   ] GC(34) Pause Mark Start 0.009ms
[2026-04-03T02:47:19.657+0600][46.299s][info][gc,phases   ] GC(34) Concurrent Mark 93.376ms
[2026-04-03T02:47:19.658+0600][46.299s][info][gc,phases   ] GC(34) Pause Mark End 0.127ms
[2026-04-03T02:47:19.658+0600][46.299s][info][gc,phases   ] GC(34) Concurrent Mark Free 0.003ms
[2026-04-03T02:47:19.712+0600][46.354s][info][gc,phases   ] GC(34) Concurrent Process Non-Strong References 54.315ms
[2026-04-03T02:47:19.712+0600][46.354s][info][gc,phases   ] GC(34) Concurrent Reset Relocation Set 0.026ms
[2026-04-03T02:47:19.717+0600][46.358s][info][gc,phases   ] GC(34) Concurrent Select Relocation Set 4.648ms
[2026-04-03T02:47:19.717+0600][46.359s][info][gc,phases   ] GC(34) Pause Relocate Start 0.015ms
[2026-04-03T02:47:19.725+0600][46.366s][info][gc,phases   ] GC(34) Concurrent Relocate 7.056ms
[2026-04-03T02:47:19.725+0600][46.366s][info][gc,load     ] GC(34) Load: 5.24/5.47/5.58
[2026-04-03T02:47:19.725+0600][46.366s][info][gc,mmu      ] GC(34) MMU: 2ms/92.4%, 5ms/97.0%, 10ms/98.4%, 20ms/99.2%, 50ms/99.7%, 100ms/99.8%
[2026-04-03T02:47:19.725+0600][46.366s][info][gc,marking  ] GC(34) Mark: 2 stripe(s), 2 proactive flush(es), 1 terminate flush(es), 1 completion(s), 0 continuation(s) 
[2026-04-03T02:47:19.725+0600][46.366s][info][gc,marking  ] GC(34) Mark Stack Usage: 32M
[2026-04-03T02:47:19.725+0600][46.366s][info][gc,nmethod  ] GC(34) NMethods: 14611 registered, 1799 unregistered
[2026-04-03T02:47:19.725+0600][46.366s][info][gc,metaspace] GC(34) Metaspace: 127M used, 129M committed, 1152M reserved
[2026-04-03T02:47:19.725+0600][46.366s][info][gc,ref      ] GC(34) Soft: 3370 encountered, 0 discovered, 0 enqueued
[2026-04-03T02:47:19.725+0600][46.366s][info][gc,ref      ] GC(34) Weak: 16653 encountered, 8310 discovered, 2218 enqueued
[2026-04-03T02:47:19.725+0600][46.366s][info][gc,ref      ] GC(34) Final: 84 encountered, 17 discovered, 0 enqueued
[2026-04-03T02:47:19.725+0600][46.366s][info][gc,ref      ] GC(34) Phantom: 620 encountered, 371 discovered, 0 enqueued
[2026-04-03T02:47:19.725+0600][46.366s][info][gc,reloc    ] GC(34) Small Pages: 531 / 1062M, Empty: 522M, Relocated: 8M, In-Place: 0
[2026-04-03T02:47:19.725+0600][46.366s][info][gc,reloc    ] GC(34) Medium Pages: 6 / 192M, Empty: 160M, Relocated: 0M, In-Place: 0
[2026-04-03T02:47:19.725+0600][46.366s][info][gc,reloc    ] GC(34) Large Pages: 20 / 120M, Empty: 120M, Relocated: 0M, In-Place: 0
[2026-04-03T02:47:19.725+0600][46.366s][info][gc,reloc    ] GC(34) Forwarding Usage: 2M
[2026-04-03T02:47:19.725+0600][46.366s][info][gc,heap     ] GC(34) Min Capacity: 8M(0%)
[2026-04-03T02:47:19.725+0600][46.366s][info][gc,heap     ] GC(34) Max Capacity: 2000M(100%)
[2026-04-03T02:47:19.725+0600][46.366s][info][gc,heap     ] GC(34) Soft Max Capacity: 2000M(100%)
[2026-04-03T02:47:19.725+0600][46.366s][info][gc,heap     ] GC(34)                Mark Start          Mark End        Relocate Start      Relocate End           High               Low         
[2026-04-03T02:47:19.725+0600][46.366s][info][gc,heap     ] GC(34)  Capacity:     2000M (100%)       2000M (100%)       2000M (100%)       2000M (100%)       2000M (100%)       2000M (100%)   
[2026-04-03T02:47:19.725+0600][46.366s][info][gc,heap     ] GC(34)      Free:      626M (31%)         524M (26%)        1266M (63%)        1678M (84%)        1684M (84%)         468M (23%)    
[2026-04-03T02:47:19.725+0600][46.366s][info][gc,heap     ] GC(34)      Used:     1374M (69%)        1476M (74%)         734M (37%)         322M (16%)        1532M (77%)         316M (16%)    
[2026-04-03T02:47:19.725+0600][46.367s][info][gc,heap     ] GC(34)      Live:         -               104M (5%)          104M (5%)          104M (5%)             -                  -          
[2026-04-03T02:47:19.725+0600][46.367s][info][gc,heap     ] GC(34) Allocated:         -               102M (5%)          162M (8%)          175M (9%)             -                  -          
[2026-04-03T02:47:19.725+0600][46.367s][info][gc,heap     ] GC(34)   Garbage:         -              1269M (63%)         467M (23%)          41M (2%)             -                  -          
[2026-04-03T02:47:19.725+0600][46.367s][info][gc,heap     ] GC(34) Reclaimed:         -                  -               802M (40%)        1227M (61%)            -                  -          
[2026-04-03T02:47:19.725+0600][46.367s][info][gc          ] GC(34) Garbage Collection (Allocation Rate) 1374M(69%)->322M(16%)
[2026-04-03T02:47:20.270+0600][46.912s][info][gc,start    ] GC(35) Garbage Collection (System.gc())
[2026-04-03T02:47:20.270+0600][46.912s][info][gc,task     ] GC(35) Using 3 workers
[2026-04-03T02:47:20.271+0600][46.912s][info][gc,phases   ] GC(35) Pause Mark Start 0.011ms
[2026-04-03T02:47:20.338+0600][46.980s][info][gc,phases   ] GC(35) Concurrent Mark 67.514ms
[2026-04-03T02:47:20.339+0600][46.980s][info][gc,phases   ] GC(35) Pause Mark End 0.039ms
[2026-04-03T02:47:20.339+0600][46.980s][info][gc,phases   ] GC(35) Concurrent Mark Free 0.003ms
[2026-04-03T02:47:20.367+0600][47.009s][info][gc,phases   ] GC(35) Concurrent Process Non-Strong References 28.526ms
[2026-04-03T02:47:20.367+0600][47.009s][info][gc,phases   ] GC(35) Concurrent Reset Relocation Set 0.016ms
[2026-04-03T02:47:20.371+0600][47.012s][info][gc,phases   ] GC(35) Concurrent Select Relocation Set 3.546ms
[2026-04-03T02:47:20.371+0600][47.013s][info][gc,phases   ] GC(35) Pause Relocate Start 0.013ms
[2026-04-03T02:47:20.378+0600][47.019s][info][gc,phases   ] GC(35) Concurrent Relocate 6.222ms
[2026-04-03T02:47:20.378+0600][47.019s][info][gc,load     ] GC(35) Load: 5.06/5.43/5.56
[2026-04-03T02:47:20.378+0600][47.019s][info][gc,mmu      ] GC(35) MMU: 2ms/92.4%, 5ms/97.0%, 10ms/98.4%, 20ms/99.2%, 50ms/99.7%, 100ms/99.8%
[2026-04-03T02:47:20.378+0600][47.019s][info][gc,marking  ] GC(35) Mark: 2 stripe(s), 4 proactive flush(es), 1 terminate flush(es), 0 completion(s), 0 continuation(s) 
[2026-04-03T02:47:20.378+0600][47.019s][info][gc,marking  ] GC(35) Mark Stack Usage: 32M
[2026-04-03T02:47:20.378+0600][47.019s][info][gc,nmethod  ] GC(35) NMethods: 14704 registered, 1864 unregistered
[2026-04-03T02:47:20.378+0600][47.019s][info][gc,metaspace] GC(35) Metaspace: 127M used, 129M committed, 1152M reserved
[2026-04-03T02:47:20.378+0600][47.019s][info][gc,ref      ] GC(35) Soft: 3472 encountered, 0 discovered, 0 enqueued
[2026-04-03T02:47:20.378+0600][47.019s][info][gc,ref      ] GC(35) Weak: 15427 encountered, 4820 discovered, 897 enqueued
[2026-04-03T02:47:20.378+0600][47.019s][info][gc,ref      ] GC(35) Final: 84 encountered, 0 discovered, 0 enqueued
[2026-04-03T02:47:20.378+0600][47.019s][info][gc,ref      ] GC(35) Phantom: 620 encountered, 374 discovered, 0 enqueued
[2026-04-03T02:47:20.378+0600][47.019s][info][gc,reloc    ] GC(35) Small Pages: 382 / 764M, Empty: 402M, Relocated: 8M, In-Place: 0
[2026-04-03T02:47:20.378+0600][47.019s][info][gc,reloc    ] GC(35) Medium Pages: 4 / 128M, Empty: 96M, Relocated: 0M, In-Place: 0
[2026-04-03T02:47:20.378+0600][47.019s][info][gc,reloc    ] GC(35) Large Pages: 11 / 66M, Empty: 66M, Relocated: 0M, In-Place: 0
[2026-04-03T02:47:20.378+0600][47.019s][info][gc,reloc    ] GC(35) Forwarding Usage: 3M
[2026-04-03T02:47:20.378+0600][47.019s][info][gc,heap     ] GC(35) Min Capacity: 8M(0%)
[2026-04-03T02:47:20.378+0600][47.019s][info][gc,heap     ] GC(35) Max Capacity: 2000M(100%)
[2026-04-03T02:47:20.378+0600][47.019s][info][gc,heap     ] GC(35) Soft Max Capacity: 2000M(100%)
[2026-04-03T02:47:20.378+0600][47.019s][info][gc,heap     ] GC(35)                Mark Start          Mark End        Relocate Start      Relocate End           High               Low         
[2026-04-03T02:47:20.378+0600][47.019s][info][gc,heap     ] GC(35)  Capacity:     2000M (100%)       2000M (100%)       2000M (100%)       2000M (100%)       2000M (100%)       2000M (100%)   
[2026-04-03T02:47:20.378+0600][47.019s][info][gc,heap     ] GC(35)      Free:     1042M (52%)        1042M (52%)        1586M (79%)        1836M (92%)        1836M (92%)        1040M (52%)    
[2026-04-03T02:47:20.378+0600][47.019s][info][gc,heap     ] GC(35)      Used:      958M (48%)         958M (48%)         414M (21%)         164M (8%)          960M (48%)         164M (8%)     
[2026-04-03T02:47:20.378+0600][47.019s][info][gc,heap     ] GC(35)      Live:         -                99M (5%)           99M (5%)           99M (5%)             -                  -          
[2026-04-03T02:47:20.378+0600][47.019s][info][gc,heap     ] GC(35) Allocated:         -                 0M (0%)           20M (1%)           21M (1%)             -                  -          
[2026-04-03T02:47:20.378+0600][47.019s][info][gc,heap     ] GC(35)   Garbage:         -               858M (43%)         294M (15%)          42M (2%)             -                  -          
[2026-04-03T02:47:20.378+0600][47.019s][info][gc,heap     ] GC(35) Reclaimed:         -                  -               564M (28%)         815M (41%)            -                  -          
[2026-04-03T02:47:20.378+0600][47.019s][info][gc          ] GC(35) Garbage Collection (System.gc()) 958M(48%)->164M(8%)
[2026-04-03T02:47:20.664+0600][47.305s][info][gc,start    ] GC(36) Garbage Collection (Allocation Rate)
[2026-04-03T02:47:20.664+0600][47.305s][info][gc,task     ] GC(36) Using 2 workers
[2026-04-03T02:47:20.664+0600][47.306s][info][gc,phases   ] GC(36) Pause Mark Start 0.018ms
[2026-04-03T02:47:20.809+0600][47.451s][info][gc,phases   ] GC(36) Concurrent Mark 144.929ms
[2026-04-03T02:47:20.809+0600][47.451s][info][gc,phases   ] GC(36) Pause Mark End 0.109ms
[2026-04-03T02:47:20.810+0600][47.451s][info][gc,phases   ] GC(36) Concurrent Mark Free 0.003ms
[2026-04-03T02:47:20.847+0600][47.488s][info][gc,phases   ] GC(36) Concurrent Process Non-Strong References 37.127ms
[2026-04-03T02:47:20.847+0600][47.488s][info][gc,phases   ] GC(36) Concurrent Reset Relocation Set 0.014ms
[2026-04-03T02:47:20.851+0600][47.492s][info][gc,phases   ] GC(36) Concurrent Select Relocation Set 3.869ms
[2026-04-03T02:47:20.851+0600][47.493s][info][gc,phases   ] GC(36) Pause Relocate Start 0.017ms
[2026-04-03T02:47:20.857+0600][47.499s][info][gc,phases   ] GC(36) Concurrent Relocate 6.115ms
[2026-04-03T02:47:20.857+0600][47.499s][info][gc,load     ] GC(36) Load: 5.06/5.43/5.56
[2026-04-03T02:47:20.858+0600][47.499s][info][gc,mmu      ] GC(36) MMU: 2ms/92.4%, 5ms/97.0%, 10ms/98.4%, 20ms/99.2%, 50ms/99.7%, 100ms/99.8%
[2026-04-03T02:47:20.858+0600][47.499s][info][gc,marking  ] GC(36) Mark: 2 stripe(s), 3 proactive flush(es), 1 terminate flush(es), 1 completion(s), 0 continuation(s) 
[2026-04-03T02:47:20.858+0600][47.499s][info][gc,marking  ] GC(36) Mark Stack Usage: 32M
[2026-04-03T02:47:20.858+0600][47.499s][info][gc,nmethod  ] GC(36) NMethods: 14733 registered, 1877 unregistered
[2026-04-03T02:47:20.858+0600][47.499s][info][gc,metaspace] GC(36) Metaspace: 127M used, 129M committed, 1152M reserved
[2026-04-03T02:47:20.858+0600][47.499s][info][gc,ref      ] GC(36) Soft: 3485 encountered, 0 discovered, 0 enqueued
[2026-04-03T02:47:20.858+0600][47.499s][info][gc,ref      ] GC(36) Weak: 15086 encountered, 6083 discovered, 382 enqueued
[2026-04-03T02:47:20.858+0600][47.499s][info][gc,ref      ] GC(36) Final: 84 encountered, 4 discovered, 0 enqueued
[2026-04-03T02:47:20.858+0600][47.499s][info][gc,ref      ] GC(36) Phantom: 620 encountered, 600 discovered, 0 enqueued
[2026-04-03T02:47:20.858+0600][47.499s][info][gc,reloc    ] GC(36) Small Pages: 164 / 328M, Empty: 56M, Relocated: 4M, In-Place: 0
[2026-04-03T02:47:20.858+0600][47.499s][info][gc,reloc    ] GC(36) Medium Pages: 3 / 96M, Empty: 64M, Relocated: 0M, In-Place: 0
[2026-04-03T02:47:20.858+0600][47.499s][info][gc,reloc    ] GC(36) Large Pages: 135 / 810M, Empty: 810M, Relocated: 0M, In-Place: 0
[2026-04-03T02:47:20.858+0600][47.499s][info][gc,reloc    ] GC(36) Forwarding Usage: 1M
[2026-04-03T02:47:20.858+0600][47.499s][info][gc,heap     ] GC(36) Min Capacity: 8M(0%)
[2026-04-03T02:47:20.858+0600][47.499s][info][gc,heap     ] GC(36) Max Capacity: 2000M(100%)
[2026-04-03T02:47:20.858+0600][47.499s][info][gc,heap     ] GC(36) Soft Max Capacity: 2000M(100%)
[2026-04-03T02:47:20.858+0600][47.499s][info][gc,heap     ] GC(36)                Mark Start          Mark End        Relocate Start      Relocate End           High               Low         
[2026-04-03T02:47:20.858+0600][47.499s][info][gc,heap     ] GC(36)  Capacity:     2000M (100%)       2000M (100%)       2000M (100%)       2000M (100%)       2000M (100%)       2000M (100%)   
[2026-04-03T02:47:20.858+0600][47.499s][info][gc,heap     ] GC(36)      Free:      766M (38%)         646M (32%)        1552M (78%)        1710M (86%)        1710M (86%)         622M (31%)    
[2026-04-03T02:47:20.858+0600][47.499s][info][gc,heap     ] GC(36)      Used:     1234M (62%)        1354M (68%)         448M (22%)         290M (14%)        1378M (69%)         290M (14%)    
[2026-04-03T02:47:20.858+0600][47.499s][info][gc,heap     ] GC(36)      Live:         -               101M (5%)          101M (5%)          101M (5%)             -                  -          
[2026-04-03T02:47:20.858+0600][47.499s][info][gc,heap     ] GC(36) Allocated:         -               120M (6%)          144M (7%)          145M (7%)             -                  -          
[2026-04-03T02:47:20.858+0600][47.499s][info][gc,heap     ] GC(36)   Garbage:         -              1132M (57%)         202M (10%)          42M (2%)             -                  -          
[2026-04-03T02:47:20.858+0600][47.499s][info][gc,heap     ] GC(36) Reclaimed:         -                  -               930M (46%)        1089M (54%)            -                  -          
[2026-04-03T02:47:20.858+0600][47.499s][info][gc          ] GC(36) Garbage Collection (Allocation Rate) 1234M(62%)->290M(14%)
[2026-04-03T02:47:21.663+0600][48.304s][info][gc,start    ] GC(37) Garbage Collection (Allocation Rate)
[2026-04-03T02:47:21.663+0600][48.304s][info][gc,task     ] GC(37) Using 2 workers
[2026-04-03T02:47:21.663+0600][48.305s][info][gc,phases   ] GC(37) Pause Mark Start 0.013ms
[2026-04-03T02:47:21.840+0600][48.481s][info][gc,phases   ] GC(37) Concurrent Mark 176.543ms
[2026-04-03T02:47:21.840+0600][48.482s][info][gc,phases   ] GC(37) Pause Mark End 0.037ms
[2026-04-03T02:47:21.844+0600][48.485s][info][gc,phases   ] GC(37) Concurrent Mark Free 0.003ms
[2026-04-03T02:47:21.875+0600][48.517s][info][gc,phases   ] GC(37) Concurrent Process Non-Strong References 31.341ms
[2026-04-03T02:47:21.875+0600][48.517s][info][gc,phases   ] GC(37) Concurrent Reset Relocation Set 0.012ms
[2026-04-03T02:47:21.882+0600][48.523s][info][gc,phases   ] GC(37) Concurrent Select Relocation Set 6.284ms
[2026-04-03T02:47:21.882+0600][48.523s][info][gc,phases   ] GC(37) Pause Relocate Start 0.017ms
[2026-04-03T02:47:21.894+0600][48.535s][info][gc,phases   ] GC(37) Concurrent Relocate 11.517ms
[2026-04-03T02:47:21.894+0600][48.535s][info][gc,load     ] GC(37) Load: 5.06/5.43/5.56
[2026-04-03T02:47:21.894+0600][48.535s][info][gc,mmu      ] GC(37) MMU: 2ms/92.4%, 5ms/97.0%, 10ms/98.4%, 20ms/99.2%, 50ms/99.7%, 100ms/99.8%
[2026-04-03T02:47:21.894+0600][48.535s][info][gc,marking  ] GC(37) Mark: 2 stripe(s), 2 proactive flush(es), 1 terminate flush(es), 0 completion(s), 0 continuation(s) 
[2026-04-03T02:47:21.894+0600][48.535s][info][gc,marking  ] GC(37) Mark Stack Usage: 32M
[2026-04-03T02:47:21.894+0600][48.535s][info][gc,nmethod  ] GC(37) NMethods: 14766 registered, 1905 unregistered
[2026-04-03T02:47:21.894+0600][48.535s][info][gc,metaspace] GC(37) Metaspace: 128M used, 129M committed, 1152M reserved
[2026-04-03T02:47:21.894+0600][48.535s][info][gc,ref      ] GC(37) Soft: 3493 encountered, 0 discovered, 0 enqueued
[2026-04-03T02:47:21.894+0600][48.535s][info][gc,ref      ] GC(37) Weak: 16061 encountered, 6432 discovered, 403 enqueued
[2026-04-03T02:47:21.894+0600][48.535s][info][gc,ref      ] GC(37) Final: 84 encountered, 0 discovered, 0 enqueued
[2026-04-03T02:47:21.894+0600][48.535s][info][gc,ref      ] GC(37) Phantom: 620 encountered, 391 discovered, 0 enqueued
[2026-04-03T02:47:21.894+0600][48.535s][info][gc,reloc    ] GC(37) Small Pages: 429 / 858M, Empty: 318M, Relocated: 8M, In-Place: 0
[2026-04-03T02:47:21.894+0600][48.535s][info][gc,reloc    ] GC(37) Medium Pages: 6 / 192M, Empty: 160M, Relocated: 0M, In-Place: 0
[2026-04-03T02:47:21.894+0600][48.535s][info][gc,reloc    ] GC(37) Large Pages: 20 / 120M, Empty: 120M, Relocated: 0M, In-Place: 0
[2026-04-03T02:47:21.894+0600][48.535s][info][gc,reloc    ] GC(37) Forwarding Usage: 2M
[2026-04-03T02:47:21.894+0600][48.536s][info][gc,heap     ] GC(37) Min Capacity: 8M(0%)
[2026-04-03T02:47:21.894+0600][48.536s][info][gc,heap     ] GC(37) Max Capacity: 2000M(100%)
[2026-04-03T02:47:21.894+0600][48.536s][info][gc,heap     ] GC(37) Soft Max Capacity: 2000M(100%)
[2026-04-03T02:47:21.894+0600][48.536s][info][gc,heap     ] GC(37)                Mark Start          Mark End        Relocate Start      Relocate End           High               Low         
[2026-04-03T02:47:21.894+0600][48.536s][info][gc,heap     ] GC(37)  Capacity:     2000M (100%)       2000M (100%)       2000M (100%)       2000M (100%)       2000M (100%)       2000M (100%)   
[2026-04-03T02:47:21.894+0600][48.536s][info][gc,heap     ] GC(37)      Free:      830M (42%)         580M (29%)        1130M (56%)        1534M (77%)        1546M (77%)         550M (28%)    
[2026-04-03T02:47:21.894+0600][48.536s][info][gc,heap     ] GC(37)      Used:     1170M (58%)        1420M (71%)         870M (44%)         466M (23%)        1450M (72%)         454M (23%)    
[2026-04-03T02:47:21.894+0600][48.536s][info][gc,heap     ] GC(37)      Live:         -               105M (5%)          105M (5%)          105M (5%)             -                  -          
[2026-04-03T02:47:21.894+0600][48.536s][info][gc,heap     ] GC(37) Allocated:         -               250M (12%)         298M (15%)         319M (16%)            -                  -          
[2026-04-03T02:47:21.894+0600][48.536s][info][gc,heap     ] GC(37)   Garbage:         -              1064M (53%)         466M (23%)          40M (2%)             -                  -          
[2026-04-03T02:47:21.894+0600][48.536s][info][gc,heap     ] GC(37) Reclaimed:         -                  -               598M (30%)        1023M (51%)            -                  -          
[2026-04-03T02:47:21.894+0600][48.536s][info][gc          ] GC(37) Garbage Collection (Allocation Rate) 1170M(58%)->466M(23%)
[2026-04-03T02:47:22.763+0600][49.405s][info][gc,start    ] GC(38) Garbage Collection (Allocation Rate)
[2026-04-03T02:47:22.763+0600][49.405s][info][gc,task     ] GC(38) Using 2 workers
[2026-04-03T02:47:22.764+0600][49.405s][info][gc,phases   ] GC(38) Pause Mark Start 0.018ms
[2026-04-03T02:47:22.941+0600][49.582s][info][gc,phases   ] GC(38) Concurrent Mark 177.086ms
[2026-04-03T02:47:22.941+0600][49.583s][info][gc,phases   ] GC(38) Pause Mark End 0.030ms
[2026-04-03T02:47:22.941+0600][49.583s][info][gc,phases   ] GC(38) Concurrent Mark Free 0.002ms
[2026-04-03T02:47:22.979+0600][49.620s][info][gc,phases   ] GC(38) Concurrent Process Non-Strong References 37.247ms
[2026-04-03T02:47:22.979+0600][49.620s][info][gc,phases   ] GC(38) Concurrent Reset Relocation Set 0.026ms
[2026-04-03T02:47:22.983+0600][49.625s][info][gc,phases   ] GC(38) Concurrent Select Relocation Set 4.442ms
[2026-04-03T02:47:22.984+0600][49.625s][info][gc,phases   ] GC(38) Pause Relocate Start 0.014ms
[2026-04-03T02:47:22.995+0600][49.637s][info][gc,phases   ] GC(38) Concurrent Relocate 11.404ms
[2026-04-03T02:47:22.995+0600][49.637s][info][gc,load     ] GC(38) Load: 5.06/5.43/5.56
[2026-04-03T02:47:22.995+0600][49.637s][info][gc,mmu      ] GC(38) MMU: 2ms/92.4%, 5ms/97.0%, 10ms/98.4%, 20ms/99.2%, 50ms/99.7%, 100ms/99.8%
[2026-04-03T02:47:22.995+0600][49.637s][info][gc,marking  ] GC(38) Mark: 2 stripe(s), 2 proactive flush(es), 1 terminate flush(es), 0 completion(s), 0 continuation(s) 
[2026-04-03T02:47:22.995+0600][49.637s][info][gc,marking  ] GC(38) Mark Stack Usage: 32M
[2026-04-03T02:47:22.995+0600][49.637s][info][gc,nmethod  ] GC(38) NMethods: 14800 registered, 1948 unregistered
[2026-04-03T02:47:22.995+0600][49.637s][info][gc,metaspace] GC(38) Metaspace: 128M used, 129M committed, 1152M reserved
[2026-04-03T02:47:22.995+0600][49.637s][info][gc,ref      ] GC(38) Soft: 3493 encountered, 0 discovered, 0 enqueued
[2026-04-03T02:47:22.995+0600][49.637s][info][gc,ref      ] GC(38) Weak: 17296 encountered, 5296 discovered, 1635 enqueued
[2026-04-03T02:47:22.995+0600][49.637s][info][gc,ref      ] GC(38) Final: 84 encountered, 0 discovered, 0 enqueued
[2026-04-03T02:47:22.995+0600][49.637s][info][gc,ref      ] GC(38) Phantom: 620 encountered, 391 discovered, 0 enqueued
[2026-04-03T02:47:22.995+0600][49.637s][info][gc,reloc    ] GC(38) Small Pages: 546 / 1092M, Empty: 426M, Relocated: 8M, In-Place: 0
[2026-04-03T02:47:22.995+0600][49.637s][info][gc,reloc    ] GC(38) Medium Pages: 7 / 224M, Empty: 192M, Relocated: 0M, In-Place: 0
[2026-04-03T02:47:22.995+0600][49.637s][info][gc,reloc    ] GC(38) Large Pages: 24 / 144M, Empty: 144M, Relocated: 0M, In-Place: 0
[2026-04-03T02:47:22.995+0600][49.637s][info][gc,reloc    ] GC(38) Forwarding Usage: 2M
[2026-04-03T02:47:22.995+0600][49.637s][info][gc,heap     ] GC(38) Min Capacity: 8M(0%)
[2026-04-03T02:47:22.995+0600][49.637s][info][gc,heap     ] GC(38) Max Capacity: 2000M(100%)
[2026-04-03T02:47:22.995+0600][49.637s][info][gc,heap     ] GC(38) Soft Max Capacity: 2000M(100%)
[2026-04-03T02:47:22.995+0600][49.637s][info][gc,heap     ] GC(38)                Mark Start          Mark End        Relocate Start      Relocate End           High               Low         
[2026-04-03T02:47:22.996+0600][49.637s][info][gc,heap     ] GC(38)  Capacity:     2000M (100%)       2000M (100%)       2000M (100%)       2000M (100%)       2000M (100%)       2000M (100%)   
[2026-04-03T02:47:22.996+0600][49.637s][info][gc,heap     ] GC(38)      Free:      540M (27%)         316M (16%)        1032M (52%)        1576M (79%)        1576M (79%)         276M (14%)    
[2026-04-03T02:47:22.996+0600][49.637s][info][gc,heap     ] GC(38)      Used:     1460M (73%)        1684M (84%)         968M (48%)         424M (21%)        1724M (86%)         424M (21%)    
[2026-04-03T02:47:22.996+0600][49.637s][info][gc,heap     ] GC(38)      Live:         -               106M (5%)          106M (5%)          106M (5%)             -                  -          
[2026-04-03T02:47:22.996+0600][49.637s][info][gc,heap     ] GC(38) Allocated:         -               224M (11%)         270M (14%)         275M (14%)            -                  -          
[2026-04-03T02:47:22.996+0600][49.637s][info][gc,heap     ] GC(38)   Garbage:         -              1353M (68%)         591M (30%)          41M (2%)             -                  -          
[2026-04-03T02:47:22.996+0600][49.637s][info][gc,heap     ] GC(38) Reclaimed:         -                  -               762M (38%)        1311M (66%)            -                  -          
[2026-04-03T02:47:22.996+0600][49.637s][info][gc          ] GC(38) Garbage Collection (Allocation Rate) 1460M(73%)->424M(21%)
[2026-04-03T02:47:23.464+0600][50.105s][info][gc,stats    ] === Garbage Collection Statistics =======================================================================================================================
[2026-04-03T02:47:23.464+0600][50.105s][info][gc,stats    ]                                                              Last 10s              Last 10m              Last 10h                Total
[2026-04-03T02:47:23.464+0600][50.105s][info][gc,stats    ]                                                              Avg / Max             Avg / Max             Avg / Max             Avg / Max
[2026-04-03T02:47:23.464+0600][50.105s][info][gc,stats    ]   Collector: Garbage Collection Cycle                    185.857 / 260.031     183.492 / 442.007     183.492 / 442.007     183.492 / 442.007     ms
[2026-04-03T02:47:23.464+0600][50.105s][info][gc,stats    ]  Contention: Mark Segment Reset Contention                    10 / 71                4 / 82                4 / 82                4 / 82          ops/s
[2026-04-03T02:47:23.464+0600][50.105s][info][gc,stats    ]  Contention: Mark SeqNum Reset Contention                      0 / 1                 0 / 1                 0 / 1                 0 / 1           ops/s
[2026-04-03T02:47:23.464+0600][50.105s][info][gc,stats    ]    Critical: Allocation Stall                                  0 / 3                 0 / 3                 0 / 3                 0 / 3           ops/s
[2026-04-03T02:47:23.464+0600][50.105s][info][gc,stats    ]    Critical: Allocation Stall                              4.960 / 5.938         3.166 / 5.938         3.166 / 5.938         3.166 / 5.938       ms
[2026-04-03T02:47:23.464+0600][50.105s][info][gc,stats    ]    Critical: GC Locker Stall                                   0 / 1                 0 / 2                 0 / 2                 0 / 2           ops/s
[2026-04-03T02:47:23.464+0600][50.106s][info][gc,stats    ]    Critical: GC Locker Stall                               0.019 / 0.064         0.030 / 0.154         0.030 / 0.154         0.030 / 0.154       ms
[2026-04-03T02:47:23.464+0600][50.106s][info][gc,stats    ]    Critical: Relocation Stall                                  0 / 0                 0 / 0                 0 / 0                 0 / 0           ops/s
[2026-04-03T02:47:23.464+0600][50.106s][info][gc,stats    ]    Critical: Relocation Stall                              0.000 / 0.000         0.000 / 0.000         0.000 / 0.000         0.000 / 0.000       ms
[2026-04-03T02:47:23.464+0600][50.106s][info][gc,stats    ]      Memory: Allocation Rate                                1471 / 1876            769 / 1910            769 / 1910            769 / 1910        MB/s
[2026-04-03T02:47:23.464+0600][50.106s][info][gc,stats    ]      Memory: Defragment                                       25 / 112              16 / 164              16 / 164              16 / 164         ops/s
[2026-04-03T02:47:23.464+0600][50.106s][info][gc,stats    ]      Memory: Out Of Memory                                     0 / 0                 0 / 0                 0 / 0                 0 / 0           ops/s
[2026-04-03T02:47:23.464+0600][50.106s][info][gc,stats    ]      Memory: Page Cache Flush                                139 / 290              78 / 392              78 / 392              78 / 392         MB/s
[2026-04-03T02:47:23.464+0600][50.106s][info][gc,stats    ]      Memory: Page Cache Hit L1                               482 / 544             246 / 544             246 / 544             246 / 544         ops/s
[2026-04-03T02:47:23.464+0600][50.106s][info][gc,stats    ]      Memory: Page Cache Hit L2                                 0 / 0                 0 / 0                 0 / 0                 0 / 0           ops/s
[2026-04-03T02:47:23.464+0600][50.106s][info][gc,stats    ]      Memory: Page Cache Hit L3                                24 / 73               17 / 110              17 / 110              17 / 110         ops/s
[2026-04-03T02:47:23.464+0600][50.106s][info][gc,stats    ]      Memory: Page Cache Miss                                   5 / 20               12 / 121              12 / 121              12 / 121         ops/s
[2026-04-03T02:47:23.464+0600][50.106s][info][gc,stats    ]      Memory: Uncommit                                          0 / 0                 0 / 0                 0 / 0                 0 / 0           MB/s
[2026-04-03T02:47:23.464+0600][50.106s][info][gc,stats    ]      Memory: Undo Object Allocation Failed                     0 / 0                 0 / 0                 0 / 0                 0 / 0           ops/s
[2026-04-03T02:47:23.464+0600][50.106s][info][gc,stats    ]      Memory: Undo Object Allocation Succeeded                  3 / 30                3 / 114               3 / 114               3 / 114         ops/s
[2026-04-03T02:47:23.464+0600][50.106s][info][gc,stats    ]      Memory: Undo Page Allocation                              1 / 4                 0 / 4                 0 / 4                 0 / 4           ops/s
[2026-04-03T02:47:23.464+0600][50.106s][info][gc,stats    ]       Phase: Concurrent Mark                             135.141 / 177.999     135.904 / 327.215     135.904 / 327.215     135.904 / 327.215     ms
[2026-04-03T02:47:23.464+0600][50.106s][info][gc,stats    ]       Phase: Concurrent Mark Continue                      0.000 / 0.000         0.000 / 0.000         0.000 / 0.000         0.000 / 0.000       ms
[2026-04-03T02:47:23.464+0600][50.106s][info][gc,stats    ]       Phase: Concurrent Mark Free                          0.002 / 0.004         0.002 / 0.004         0.002 / 0.004         0.002 / 0.004       ms
[2026-04-03T02:47:23.464+0600][50.106s][info][gc,stats    ]       Phase: Concurrent Process Non-Strong References     35.934 / 60.749       29.739 / 81.488       29.739 / 81.488       29.739 / 81.488      ms
[2026-04-03T02:47:23.464+0600][50.106s][info][gc,stats    ]       Phase: Concurrent Relocate                           8.186 / 12.007       10.899 / 43.194       10.899 / 43.194       10.899 / 43.194      ms
[2026-04-03T02:47:23.464+0600][50.106s][info][gc,stats    ]       Phase: Concurrent Reset Relocation Set               0.018 / 0.026         0.018 / 0.037         0.018 / 0.037         0.018 / 0.037       ms
[2026-04-03T02:47:23.464+0600][50.106s][info][gc,stats    ]       Phase: Concurrent Select Relocation Set              4.484 / 7.510         4.961 / 22.794        4.961 / 22.794        4.961 / 22.794      ms
[2026-04-03T02:47:23.464+0600][50.106s][info][gc,stats    ]       Phase: Pause Mark End                                0.063 / 0.150         0.048 / 0.151         0.048 / 0.151         0.048 / 0.151       ms
[2026-04-03T02:47:23.464+0600][50.106s][info][gc,stats    ]       Phase: Pause Mark Start                              0.020 / 0.078         0.017 / 0.078         0.017 / 0.078         0.017 / 0.078       ms
[2026-04-03T02:47:23.464+0600][50.106s][info][gc,stats    ]       Phase: Pause Relocate Start                          0.025 / 0.101         0.019 / 0.101         0.019 / 0.101         0.019 / 0.101       ms
[2026-04-03T02:47:23.464+0600][50.106s][info][gc,stats    ]    Subphase: Concurrent Classes Purge                      0.176 / 0.541         0.389 / 3.320         0.389 / 3.320         0.389 / 3.320       ms
[2026-04-03T02:47:23.464+0600][50.106s][info][gc,stats    ]    Subphase: Concurrent Classes Unlink                    31.979 / 54.395       25.783 / 74.619       25.783 / 74.619       25.783 / 74.619      ms
[2026-04-03T02:47:23.464+0600][50.106s][info][gc,stats    ]    Subphase: Concurrent Mark                             126.061 / 175.325     116.915 / 320.633     116.915 / 320.633     116.915 / 320.633     ms
[2026-04-03T02:47:23.464+0600][50.106s][info][gc,stats    ]    Subphase: Concurrent Mark Try Flush                     0.439 / 4.525         0.417 / 5.473         0.417 / 5.473         0.417 / 5.473       ms
[2026-04-03T02:47:23.464+0600][50.106s][info][gc,stats    ]    Subphase: Concurrent Mark Try Terminate                 0.726 / 1.208         0.852 / 2.888         0.852 / 2.888         0.852 / 2.888       ms
[2026-04-03T02:47:23.464+0600][50.106s][info][gc,stats    ]    Subphase: Concurrent References Enqueue                 0.009 / 0.019         0.008 / 0.019         0.008 / 0.019         0.008 / 0.019       ms
[2026-04-03T02:47:23.464+0600][50.106s][info][gc,stats    ]    Subphase: Concurrent References Process                 1.030 / 2.239         0.925 / 2.239         0.925 / 2.239         0.925 / 2.239       ms
[2026-04-03T02:47:23.464+0600][50.106s][info][gc,stats    ]    Subphase: Concurrent Roots ClassLoaderDataGraph         0.455 / 0.974         0.414 / 0.991         0.414 / 0.991         0.414 / 0.991       ms
[2026-04-03T02:47:23.464+0600][50.106s][info][gc,stats    ]    Subphase: Concurrent Roots CodeCache                    0.000 / 0.000         0.000 / 0.000         0.000 / 0.000         0.000 / 0.000       ms
[2026-04-03T02:47:23.464+0600][50.106s][info][gc,stats    ]    Subphase: Concurrent Roots JavaThreads                  1.350 / 2.730         1.534 / 7.358         1.534 / 7.358         1.534 / 7.358       ms
[2026-04-03T02:47:23.464+0600][50.106s][info][gc,stats    ]    Subphase: Concurrent Roots OopStorageSet                0.103 / 0.213         0.105 / 0.283         0.105 / 0.283         0.105 / 0.283       ms
[2026-04-03T02:47:23.464+0600][50.106s][info][gc,stats    ]    Subphase: Concurrent Weak Roots OopStorageSet           1.732 / 2.803         1.563 / 4.256         1.563 / 4.256         1.563 / 4.256       ms
[2026-04-03T02:47:23.464+0600][50.106s][info][gc,stats    ]    Subphase: Pause Mark Try Complete                       0.002 / 0.010         0.002 / 0.010         0.002 / 0.010         0.002 / 0.010       ms
[2026-04-03T02:47:23.464+0600][50.106s][info][gc,stats    ]      System: Java Threads                                    285 / 287             238 / 287             238 / 287             238 / 287         threads
[2026-04-03T02:47:23.464+0600][50.106s][info][gc,stats    ] =========================================================================================================================================================
[2026-04-03T02:47:23.663+0600][50.305s][info][gc,start    ] GC(39) Garbage Collection (Allocation Rate)
[2026-04-03T02:47:23.663+0600][50.305s][info][gc,task     ] GC(39) Using 3 workers
[2026-04-03T02:47:23.664+0600][50.305s][info][gc,phases   ] GC(39) Pause Mark Start 0.012ms
[2026-04-03T02:47:23.753+0600][50.394s][info][gc,phases   ] GC(39) Concurrent Mark 89.010ms
[2026-04-03T02:47:23.753+0600][50.395s][info][gc,phases   ] GC(39) Pause Mark End 0.026ms
[2026-04-03T02:47:23.753+0600][50.395s][info][gc,phases   ] GC(39) Concurrent Mark Free 0.001ms
[2026-04-03T02:47:23.793+0600][50.435s][info][gc,phases   ] GC(39) Concurrent Process Non-Strong References 16.936ms
[2026-04-03T02:47:23.793+0600][50.435s][info][gc,phases   ] GC(39) Concurrent Reset Relocation Set 0.019ms
[2026-04-03T02:47:23.793+0600][50.435s][info][gc          ] Allocation Stall (Executor task launch worker for task 1.0 in stage 1793.0 (TID 3302)) 101.982ms
[2026-04-03T02:47:23.793+0600][50.435s][info][gc          ] Allocation Stall (Executor task launch worker for task 2.0 in stage 1793.0 (TID 3303)) 101.473ms
[2026-04-03T02:47:23.793+0600][50.435s][info][gc          ] Allocation Stall (Executor task launch worker for task 0.0 in stage 1793.0 (TID 3301)) 101.338ms
[2026-04-03T02:47:23.793+0600][50.435s][info][gc          ] Allocation Stall (Executor task launch worker for task 3.0 in stage 1793.0 (TID 3304)) 97.533ms
[2026-04-03T02:47:23.797+0600][50.439s][info][gc,phases   ] GC(39) Concurrent Select Relocation Set 4.056ms
[2026-04-03T02:47:23.798+0600][50.439s][info][gc,phases   ] GC(39) Pause Relocate Start 0.014ms
[2026-04-03T02:47:23.808+0600][50.450s][info][gc,phases   ] GC(39) Concurrent Relocate 10.524ms
[2026-04-03T02:47:23.808+0600][50.450s][info][gc,load     ] GC(39) Load: 5.06/5.43/5.56
[2026-04-03T02:47:23.808+0600][50.450s][info][gc,mmu      ] GC(39) MMU: 2ms/92.4%, 5ms/97.0%, 10ms/98.4%, 20ms/99.2%, 50ms/99.7%, 100ms/99.8%
[2026-04-03T02:47:23.808+0600][50.450s][info][gc,marking  ] GC(39) Mark: 2 stripe(s), 7 proactive flush(es), 1 terminate flush(es), 0 completion(s), 0 continuation(s) 
[2026-04-03T02:47:23.808+0600][50.450s][info][gc,marking  ] GC(39) Mark Stack Usage: 32M
[2026-04-03T02:47:23.808+0600][50.450s][info][gc,nmethod  ] GC(39) NMethods: 14810 registered, 1976 unregistered
[2026-04-03T02:47:23.808+0600][50.450s][info][gc,metaspace] GC(39) Metaspace: 128M used, 129M committed, 1152M reserved
[2026-04-03T02:47:23.809+0600][50.450s][info][gc,ref      ] GC(39) Soft: 3489 encountered, 0 discovered, 0 enqueued
[2026-04-03T02:47:23.809+0600][50.450s][info][gc,ref      ] GC(39) Weak: 17156 encountered, 8352 discovered, 2514 enqueued
[2026-04-03T02:47:23.809+0600][50.450s][info][gc,ref      ] GC(39) Final: 84 encountered, 4 discovered, 0 enqueued
[2026-04-03T02:47:23.809+0600][50.450s][info][gc,ref      ] GC(39) Phantom: 643 encountered, 420 discovered, 0 enqueued
[2026-04-03T02:47:23.809+0600][50.450s][info][gc,reloc    ] GC(39) Small Pages: 495 / 990M, Empty: 440M, Relocated: 13M, In-Place: 0
[2026-04-03T02:47:23.809+0600][50.450s][info][gc,reloc    ] GC(39) Medium Pages: 5 / 160M, Empty: 128M, Relocated: 0M, In-Place: 0
[2026-04-03T02:47:23.809+0600][50.450s][info][gc,reloc    ] GC(39) Large Pages: 121 / 726M, Empty: 702M, Relocated: 0M, In-Place: 0
[2026-04-03T02:47:23.809+0600][50.450s][info][gc,reloc    ] GC(39) Forwarding Usage: 3M
[2026-04-03T02:47:23.809+0600][50.450s][info][gc,heap     ] GC(39) Min Capacity: 8M(0%)
[2026-04-03T02:47:23.809+0600][50.450s][info][gc,heap     ] GC(39) Max Capacity: 2000M(100%)
[2026-04-03T02:47:23.809+0600][50.450s][info][gc,heap     ] GC(39) Soft Max Capacity: 2000M(100%)
[2026-04-03T02:47:23.809+0600][50.450s][info][gc,heap     ] GC(39)                Mark Start          Mark End        Relocate Start      Relocate End           High               Low         
[2026-04-03T02:47:23.809+0600][50.450s][info][gc,heap     ] GC(39)  Capacity:     2000M (100%)       2000M (100%)       2000M (100%)       2000M (100%)       2000M (100%)       2000M (100%)   
[2026-04-03T02:47:23.809+0600][50.450s][info][gc,heap     ] GC(39)      Free:      124M (6%)            2M (0%)         1236M (62%)        1596M (80%)        1632M (82%)           0M (0%)     
[2026-04-03T02:47:23.809+0600][50.450s][info][gc,heap     ] GC(39)      Used:     1876M (94%)        1998M (100%)        764M (38%)         404M (20%)        2000M (100%)        368M (18%)    
[2026-04-03T02:47:23.809+0600][50.450s][info][gc,heap     ] GC(39)      Live:         -               133M (7%)          133M (7%)          133M (7%)             -                  -          
[2026-04-03T02:47:23.809+0600][50.450s][info][gc,heap     ] GC(39) Allocated:         -               122M (6%)          158M (8%)          228M (11%)            -                  -          
[2026-04-03T02:47:23.809+0600][50.450s][info][gc,heap     ] GC(39)   Garbage:         -              1742M (87%)         472M (24%)          41M (2%)             -                  -          
[2026-04-03T02:47:23.809+0600][50.450s][info][gc,heap     ] GC(39) Reclaimed:         -                  -              1270M (64%)        1700M (85%)            -                  -          
[2026-04-03T02:47:23.809+0600][50.450s][info][gc          ] GC(39) Garbage Collection (Allocation Rate) 1876M(94%)->404M(20%)
[2026-04-03T02:47:23.863+0600][50.505s][info][gc,start    ] GC(40) Garbage Collection (Allocation Stall)
[2026-04-03T02:47:23.863+0600][50.505s][info][gc,ref      ] GC(40) Clearing All SoftReferences
[2026-04-03T02:47:23.863+0600][50.505s][info][gc,task     ] GC(40) Using 3 workers
[2026-04-03T02:47:23.864+0600][50.505s][info][gc,ref      ] GC(40) Clearing All SoftReferences
[2026-04-03T02:47:23.864+0600][50.505s][info][gc,phases   ] GC(40) Pause Mark Start 0.074ms
[2026-04-03T02:47:23.976+0600][50.618s][info][gc,phases   ] GC(40) Concurrent Mark 112.376ms
[2026-04-03T02:47:23.976+0600][50.618s][info][gc,phases   ] GC(40) Pause Mark End 0.032ms
[2026-04-03T02:47:23.977+0600][50.618s][info][gc,phases   ] GC(40) Concurrent Mark Free 0.002ms
[2026-04-03T02:47:24.020+0600][50.661s][info][gc,phases   ] GC(40) Concurrent Process Non-Strong References 43.277ms
[2026-04-03T02:47:24.020+0600][50.662s][info][gc,phases   ] GC(40) Concurrent Reset Relocation Set 0.031ms
[2026-04-03T02:47:24.026+0600][50.668s][info][gc,phases   ] GC(40) Concurrent Select Relocation Set 6.119ms
[2026-04-03T02:47:24.027+0600][50.668s][info][gc,phases   ] GC(40) Pause Relocate Start 0.039ms
[2026-04-03T02:47:24.039+0600][50.680s][info][gc,phases   ] GC(40) Concurrent Relocate 11.566ms
[2026-04-03T02:47:24.039+0600][50.680s][info][gc,load     ] GC(40) Load: 5.06/5.43/5.56
[2026-04-03T02:47:24.039+0600][50.680s][info][gc,mmu      ] GC(40) MMU: 2ms/92.4%, 5ms/97.0%, 10ms/98.4%, 20ms/99.2%, 50ms/99.7%, 100ms/99.8%
[2026-04-03T02:47:24.039+0600][50.680s][info][gc,marking  ] GC(40) Mark: 2 stripe(s), 2 proactive flush(es), 1 terminate flush(es), 0 completion(s), 0 continuation(s) 
[2026-04-03T02:47:24.039+0600][50.680s][info][gc,marking  ] GC(40) Mark Stack Usage: 32M
[2026-04-03T02:47:24.039+0600][50.680s][info][gc,nmethod  ] GC(40) NMethods: 14864 registered, 1982 unregistered
[2026-04-03T02:47:24.039+0600][50.680s][info][gc,metaspace] GC(40) Metaspace: 127M used, 129M committed, 1152M reserved
[2026-04-03T02:47:24.039+0600][50.680s][info][gc,ref      ] GC(40) Soft: 3408 encountered, 889 discovered, 160 enqueued
[2026-04-03T02:47:24.039+0600][50.680s][info][gc,ref      ] GC(40) Weak: 14676 encountered, 6803 discovered, 197 enqueued
[2026-04-03T02:47:24.039+0600][50.680s][info][gc,ref      ] GC(40) Final: 84 encountered, 2 discovered, 0 enqueued
[2026-04-03T02:47:24.039+0600][50.680s][info][gc,ref      ] GC(40) Phantom: 620 encountered, 369 discovered, 0 enqueued
[2026-04-03T02:47:24.039+0600][50.680s][info][gc,reloc    ] GC(40) Small Pages: 123 / 246M, Empty: 6M, Relocated: 10M, In-Place: 0
[2026-04-03T02:47:24.039+0600][50.680s][info][gc,reloc    ] GC(40) Medium Pages: 2 / 64M, Empty: 32M, Relocated: 0M, In-Place: 0
[2026-04-03T02:47:24.039+0600][50.681s][info][gc,reloc    ] GC(40) Large Pages: 32 / 192M, Empty: 192M, Relocated: 0M, In-Place: 0
[2026-04-03T02:47:24.039+0600][50.681s][info][gc,reloc    ] GC(40) Forwarding Usage: 3M
[2026-04-03T02:47:24.039+0600][50.681s][info][gc,heap     ] GC(40) Min Capacity: 8M(0%)
[2026-04-03T02:47:24.039+0600][50.681s][info][gc,heap     ] GC(40) Max Capacity: 2000M(100%)
[2026-04-03T02:47:24.039+0600][50.681s][info][gc,heap     ] GC(40) Soft Max Capacity: 2000M(100%)
[2026-04-03T02:47:24.039+0600][50.681s][info][gc,heap     ] GC(40)                Mark Start          Mark End        Relocate Start      Relocate End           High               Low         
[2026-04-03T02:47:24.039+0600][50.681s][info][gc,heap     ] GC(40)  Capacity:     2000M (100%)       2000M (100%)       2000M (100%)       2000M (100%)       2000M (100%)       2000M (100%)   
[2026-04-03T02:47:24.039+0600][50.681s][info][gc,heap     ] GC(40)      Free:     1498M (75%)        1390M (70%)        1596M (80%)        1724M (86%)        1726M (86%)        1368M (68%)    
[2026-04-03T02:47:24.039+0600][50.681s][info][gc,heap     ] GC(40)      Used:      502M (25%)         610M (30%)         404M (20%)         276M (14%)         632M (32%)         274M (14%)    
[2026-04-03T02:47:24.039+0600][50.681s][info][gc,heap     ] GC(40)      Live:         -               101M (5%)          101M (5%)          101M (5%)             -                  -          
[2026-04-03T02:47:24.039+0600][50.681s][info][gc,heap     ] GC(40) Allocated:         -               108M (5%)          132M (7%)          135M (7%)             -                  -          
[2026-04-03T02:47:24.039+0600][50.681s][info][gc,heap     ] GC(40)   Garbage:         -               400M (20%)         170M (9%)           38M (2%)             -                  -          
[2026-04-03T02:47:24.039+0600][50.681s][info][gc,heap     ] GC(40) Reclaimed:         -                  -               230M (12%)         361M (18%)            -                  -          
[2026-04-03T02:47:24.039+0600][50.681s][info][gc          ] GC(40) Garbage Collection (Allocation Stall) 502M(25%)->276M(14%)
[2026-04-03T02:47:24.663+0600][51.305s][info][gc,start    ] GC(41) Garbage Collection (Allocation Rate)
[2026-04-03T02:47:24.663+0600][51.305s][info][gc,task     ] GC(41) Using 2 workers
[2026-04-03T02:47:24.664+0600][51.305s][info][gc,phases   ] GC(41) Pause Mark Start 0.018ms
[2026-04-03T02:47:24.853+0600][51.495s][info][gc,phases   ] GC(41) Concurrent Mark 189.259ms
[2026-04-03T02:47:24.853+0600][51.495s][info][gc,phases   ] GC(41) Pause Mark End 0.044ms
[2026-04-03T02:47:24.854+0600][51.495s][info][gc,phases   ] GC(41) Concurrent Mark Free 0.003ms
[2026-04-03T02:47:24.918+0600][51.560s][info][gc,phases   ] GC(41) Concurrent Process Non-Strong References 64.770ms
[2026-04-03T02:47:24.919+0600][51.560s][info][gc,phases   ] GC(41) Concurrent Reset Relocation Set 0.010ms
[2026-04-03T02:47:24.922+0600][51.564s][info][gc,phases   ] GC(41) Concurrent Select Relocation Set 3.779ms
[2026-04-03T02:47:24.923+0600][51.564s][info][gc,phases   ] GC(41) Pause Relocate Start 0.011ms
[2026-04-03T02:47:24.931+0600][51.572s][info][gc,phases   ] GC(41) Concurrent Relocate 7.913ms
[2026-04-03T02:47:24.931+0600][51.572s][info][gc,load     ] GC(41) Load: 5.06/5.43/5.56
[2026-04-03T02:47:24.931+0600][51.572s][info][gc,mmu      ] GC(41) MMU: 2ms/92.4%, 5ms/97.0%, 10ms/98.4%, 20ms/99.2%, 50ms/99.7%, 100ms/99.8%
[2026-04-03T02:47:24.931+0600][51.572s][info][gc,marking  ] GC(41) Mark: 2 stripe(s), 2 proactive flush(es), 1 terminate flush(es), 0 completion(s), 0 continuation(s) 
[2026-04-03T02:47:24.931+0600][51.572s][info][gc,marking  ] GC(41) Mark Stack Usage: 32M
[2026-04-03T02:47:24.931+0600][51.572s][info][gc,nmethod  ] GC(41) NMethods: 14909 registered, 2021 unregistered
[2026-04-03T02:47:24.931+0600][51.572s][info][gc,metaspace] GC(41) Metaspace: 127M used, 129M committed, 1152M reserved
[2026-04-03T02:47:24.931+0600][51.573s][info][gc,ref      ] GC(41) Soft: 3278 encountered, 0 discovered, 0 enqueued
[2026-04-03T02:47:24.931+0600][51.573s][info][gc,ref      ] GC(41) Weak: 15450 encountered, 5116 discovered, 272 enqueued
[2026-04-03T02:47:24.931+0600][51.573s][info][gc,ref      ] GC(41) Final: 84 encountered, 0 discovered, 0 enqueued
[2026-04-03T02:47:24.931+0600][51.573s][info][gc,ref      ] GC(41) Phantom: 620 encountered, 368 discovered, 0 enqueued
[2026-04-03T02:47:24.931+0600][51.573s][info][gc,reloc    ] GC(41) Small Pages: 353 / 706M, Empty: 194M, Relocated: 6M, In-Place: 0
[2026-04-03T02:47:24.931+0600][51.573s][info][gc,reloc    ] GC(41) Medium Pages: 5 / 160M, Empty: 128M, Relocated: 0M, In-Place: 0
[2026-04-03T02:47:24.931+0600][51.573s][info][gc,reloc    ] GC(41) Large Pages: 16 / 96M, Empty: 96M, Relocated: 0M, In-Place: 0
[2026-04-03T02:47:24.931+0600][51.573s][info][gc,reloc    ] GC(41) Forwarding Usage: 1M
[2026-04-03T02:47:24.931+0600][51.573s][info][gc,heap     ] GC(41) Min Capacity: 8M(0%)
[2026-04-03T02:47:24.931+0600][51.573s][info][gc,heap     ] GC(41) Max Capacity: 2000M(100%)
[2026-04-03T02:47:24.931+0600][51.573s][info][gc,heap     ] GC(41) Soft Max Capacity: 2000M(100%)
[2026-04-03T02:47:24.931+0600][51.573s][info][gc,heap     ] GC(41)                Mark Start          Mark End        Relocate Start      Relocate End           High               Low         
[2026-04-03T02:47:24.931+0600][51.573s][info][gc,heap     ] GC(41)  Capacity:     2000M (100%)       2000M (100%)       2000M (100%)       2000M (100%)       2000M (100%)       2000M (100%)   
[2026-04-03T02:47:24.931+0600][51.573s][info][gc,heap     ] GC(41)      Free:     1038M (52%)         778M (39%)        1128M (56%)        1516M (76%)        1520M (76%)         722M (36%)    
[2026-04-03T02:47:24.931+0600][51.573s][info][gc,heap     ] GC(41)      Used:      962M (48%)        1222M (61%)         872M (44%)         484M (24%)        1278M (64%)         480M (24%)    
[2026-04-03T02:47:24.931+0600][51.573s][info][gc,heap     ] GC(41)      Live:         -               105M (5%)          105M (5%)          105M (5%)             -                  -          
[2026-04-03T02:47:24.931+0600][51.573s][info][gc,heap     ] GC(41) Allocated:         -               260M (13%)         328M (16%)         339M (17%)            -                  -          
[2026-04-03T02:47:24.931+0600][51.573s][info][gc,heap     ] GC(41)   Garbage:         -               856M (43%)         438M (22%)          38M (2%)             -                  -          
[2026-04-03T02:47:24.931+0600][51.573s][info][gc,heap     ] GC(41) Reclaimed:         -                  -               418M (21%)         817M (41%)            -                  -          
[2026-04-03T02:47:24.931+0600][51.573s][info][gc          ] GC(41) Garbage Collection (Allocation Rate) 962M(48%)->484M(24%)
[2026-04-03T02:47:25.764+0600][52.405s][info][gc,start    ] GC(42) Garbage Collection (Allocation Rate)
[2026-04-03T02:47:25.764+0600][52.405s][info][gc,task     ] GC(42) Using 2 workers
[2026-04-03T02:47:25.764+0600][52.405s][info][gc,phases   ] GC(42) Pause Mark Start 0.010ms
[2026-04-03T02:47:25.929+0600][52.570s][info][gc,phases   ] GC(42) Concurrent Mark 164.877ms
[2026-04-03T02:47:25.929+0600][52.571s][info][gc,phases   ] GC(42) Pause Mark End 0.046ms
[2026-04-03T02:47:25.929+0600][52.571s][info][gc,phases   ] GC(42) Concurrent Mark Free 0.002ms
[2026-04-03T02:47:25.966+0600][52.607s][info][gc,phases   ] GC(42) Concurrent Process Non-Strong References 36.524ms
[2026-04-03T02:47:25.966+0600][52.607s][info][gc,phases   ] GC(42) Concurrent Reset Relocation Set 0.020ms
[2026-04-03T02:47:25.971+0600][52.612s][info][gc,phases   ] GC(42) Concurrent Select Relocation Set 4.881ms
[2026-04-03T02:47:25.971+0600][52.613s][info][gc,phases   ] GC(42) Pause Relocate Start 0.018ms
[2026-04-03T02:47:25.977+0600][52.618s][info][gc,phases   ] GC(42) Concurrent Relocate 5.232ms
[2026-04-03T02:47:25.977+0600][52.618s][info][gc,load     ] GC(42) Load: 5.21/5.45/5.57
[2026-04-03T02:47:25.977+0600][52.618s][info][gc,mmu      ] GC(42) MMU: 2ms/92.4%, 5ms/97.0%, 10ms/98.4%, 20ms/99.2%, 50ms/99.7%, 100ms/99.8%
[2026-04-03T02:47:25.977+0600][52.618s][info][gc,marking  ] GC(42) Mark: 2 stripe(s), 2 proactive flush(es), 1 terminate flush(es), 0 completion(s), 0 continuation(s) 
[2026-04-03T02:47:25.977+0600][52.618s][info][gc,marking  ] GC(42) Mark Stack Usage: 32M
[2026-04-03T02:47:25.977+0600][52.618s][info][gc,nmethod  ] GC(42) NMethods: 14937 registered, 2056 unregistered
[2026-04-03T02:47:25.977+0600][52.618s][info][gc,metaspace] GC(42) Metaspace: 128M used, 129M committed, 1152M reserved
[2026-04-03T02:47:25.977+0600][52.618s][info][gc,ref      ] GC(42) Soft: 3291 encountered, 0 discovered, 0 enqueued
[2026-04-03T02:47:25.977+0600][52.618s][info][gc,ref      ] GC(42) Weak: 16780 encountered, 5669 discovered, 1635 enqueued
[2026-04-03T02:47:25.977+0600][52.618s][info][gc,ref      ] GC(42) Final: 84 encountered, 0 discovered, 0 enqueued
[2026-04-03T02:47:25.977+0600][52.618s][info][gc,ref      ] GC(42) Phantom: 620 encountered, 347 discovered, 0 enqueued
[2026-04-03T02:47:25.977+0600][52.619s][info][gc,reloc    ] GC(42) Small Pages: 522 / 1044M, Empty: 446M, Relocated: 5M, In-Place: 0
[2026-04-03T02:47:25.977+0600][52.619s][info][gc,reloc    ] GC(42) Medium Pages: 7 / 224M, Empty: 192M, Relocated: 0M, In-Place: 0
[2026-04-03T02:47:25.977+0600][52.619s][info][gc,reloc    ] GC(42) Large Pages: 23 / 138M, Empty: 132M, Relocated: 0M, In-Place: 0
[2026-04-03T02:47:25.977+0600][52.619s][info][gc,reloc    ] GC(42) Forwarding Usage: 1M
[2026-04-03T02:47:25.977+0600][52.619s][info][gc,heap     ] GC(42) Min Capacity: 8M(0%)
[2026-04-03T02:47:25.977+0600][52.619s][info][gc,heap     ] GC(42) Max Capacity: 2000M(100%)
[2026-04-03T02:47:25.977+0600][52.619s][info][gc,heap     ] GC(42) Soft Max Capacity: 2000M(100%)
[2026-04-03T02:47:25.977+0600][52.619s][info][gc,heap     ] GC(42)                Mark Start          Mark End        Relocate Start      Relocate End           High               Low         
[2026-04-03T02:47:25.977+0600][52.619s][info][gc,heap     ] GC(42)  Capacity:     2000M (100%)       2000M (100%)       2000M (100%)       2000M (100%)       2000M (100%)       2000M (100%)   
[2026-04-03T02:47:25.977+0600][52.619s][info][gc,heap     ] GC(42)      Free:      594M (30%)         416M (21%)        1128M (56%)        1610M (80%)        1610M (80%)         358M (18%)    
[2026-04-03T02:47:25.977+0600][52.619s][info][gc,heap     ] GC(42)      Used:     1406M (70%)        1584M (79%)         872M (44%)         390M (20%)        1642M (82%)         390M (20%)    
[2026-04-03T02:47:25.977+0600][52.619s][info][gc,heap     ] GC(42)      Live:         -               110M (6%)          110M (6%)          110M (6%)             -                  -          
[2026-04-03T02:47:25.977+0600][52.619s][info][gc,heap     ] GC(42) Allocated:         -               178M (9%)          236M (12%)         239M (12%)            -                  -          
[2026-04-03T02:47:25.977+0600][52.619s][info][gc,heap     ] GC(42)   Garbage:         -              1295M (65%)         525M (26%)          39M (2%)             -                  -          
[2026-04-03T02:47:25.977+0600][52.619s][info][gc,heap     ] GC(42) Reclaimed:         -                  -               770M (38%)        1255M (63%)            -                  -          
[2026-04-03T02:47:25.977+0600][52.619s][info][gc          ] GC(42) Garbage Collection (Allocation Rate) 1406M(70%)->390M(20%)
[2026-04-03T02:47:26.764+0600][53.405s][info][gc,start    ] GC(43) Garbage Collection (Allocation Rate)
[2026-04-03T02:47:26.764+0600][53.405s][info][gc,task     ] GC(43) Using 2 workers
[2026-04-03T02:47:26.764+0600][53.405s][info][gc,phases   ] GC(43) Pause Mark Start 0.012ms
[2026-04-03T02:47:26.872+0600][53.513s][info][gc,phases   ] GC(43) Concurrent Mark 107.507ms
[2026-04-03T02:47:26.872+0600][53.514s][info][gc,phases   ] GC(43) Pause Mark End 0.033ms
[2026-04-03T02:47:26.872+0600][53.514s][info][gc,phases   ] GC(43) Concurrent Mark Free 0.003ms
[2026-04-03T02:47:26.920+0600][53.561s][info][gc,phases   ] GC(43) Concurrent Process Non-Strong References 47.301ms
[2026-04-03T02:47:26.920+0600][53.561s][info][gc,phases   ] GC(43) Concurrent Reset Relocation Set 0.019ms
[2026-04-03T02:47:26.924+0600][53.565s][info][gc,phases   ] GC(43) Concurrent Select Relocation Set 3.916ms
[2026-04-03T02:47:26.924+0600][53.566s][info][gc,phases   ] GC(43) Pause Relocate Start 0.013ms
[2026-04-03T02:47:26.934+0600][53.576s][info][gc,phases   ] GC(43) Concurrent Relocate 10.241ms
[2026-04-03T02:47:26.935+0600][53.576s][info][gc,load     ] GC(43) Load: 5.21/5.45/5.57
[2026-04-03T02:47:26.935+0600][53.576s][info][gc,mmu      ] GC(43) MMU: 2ms/92.4%, 5ms/97.0%, 10ms/98.4%, 20ms/99.2%, 50ms/99.7%, 100ms/99.8%
[2026-04-03T02:47:26.935+0600][53.576s][info][gc,marking  ] GC(43) Mark: 2 stripe(s), 2 proactive flush(es), 1 terminate flush(es), 0 completion(s), 0 continuation(s) 
[2026-04-03T02:47:26.935+0600][53.576s][info][gc,marking  ] GC(43) Mark Stack Usage: 32M
[2026-04-03T02:47:26.935+0600][53.576s][info][gc,nmethod  ] GC(43) NMethods: 14952 registered, 2065 unregistered
[2026-04-03T02:47:26.935+0600][53.576s][info][gc,metaspace] GC(43) Metaspace: 128M used, 129M committed, 1152M reserved
[2026-04-03T02:47:26.935+0600][53.576s][info][gc,ref      ] GC(43) Soft: 3379 encountered, 0 discovered, 0 enqueued
[2026-04-03T02:47:26.935+0600][53.576s][info][gc,ref      ] GC(43) Weak: 16799 encountered, 5440 discovered, 2222 enqueued
[2026-04-03T02:47:26.935+0600][53.576s][info][gc,ref      ] GC(43) Final: 84 encountered, 0 discovered, 0 enqueued
[2026-04-03T02:47:26.935+0600][53.576s][info][gc,ref      ] GC(43) Phantom: 620 encountered, 571 discovered, 0 enqueued
[2026-04-03T02:47:26.935+0600][53.576s][info][gc,reloc    ] GC(43) Small Pages: 537 / 1074M, Empty: 518M, Relocated: 6M, In-Place: 0
[2026-04-03T02:47:26.935+0600][53.576s][info][gc,reloc    ] GC(43) Medium Pages: 6 / 192M, Empty: 160M, Relocated: 0M, In-Place: 0
[2026-04-03T02:47:26.935+0600][53.576s][info][gc,reloc    ] GC(43) Large Pages: 22 / 132M, Empty: 132M, Relocated: 0M, In-Place: 0
[2026-04-03T02:47:26.935+0600][53.576s][info][gc,reloc    ] GC(43) Forwarding Usage: 1M
[2026-04-03T02:47:26.935+0600][53.576s][info][gc,heap     ] GC(43) Min Capacity: 8M(0%)
[2026-04-03T02:47:26.935+0600][53.576s][info][gc,heap     ] GC(43) Max Capacity: 2000M(100%)
[2026-04-03T02:47:26.935+0600][53.576s][info][gc,heap     ] GC(43) Soft Max Capacity: 2000M(100%)
[2026-04-03T02:47:26.935+0600][53.576s][info][gc,heap     ] GC(43)                Mark Start          Mark End        Relocate Start      Relocate End           High               Low         
[2026-04-03T02:47:26.935+0600][53.576s][info][gc,heap     ] GC(43)  Capacity:     2000M (100%)       2000M (100%)       2000M (100%)       2000M (100%)       2000M (100%)       2000M (100%)   
[2026-04-03T02:47:26.935+0600][53.576s][info][gc,heap     ] GC(43)      Free:      602M (30%)         296M (15%)         892M (45%)        1328M (66%)        1328M (66%)          90M (4%)     
[2026-04-03T02:47:26.935+0600][53.576s][info][gc,heap     ] GC(43)      Used:     1398M (70%)        1704M (85%)        1108M (55%)         672M (34%)        1910M (96%)         672M (34%)    
[2026-04-03T02:47:26.935+0600][53.576s][info][gc,heap     ] GC(43)      Live:         -               105M (5%)          105M (5%)          105M (5%)             -                  -          
[2026-04-03T02:47:26.935+0600][53.576s][info][gc,heap     ] GC(43) Allocated:         -               306M (15%)         520M (26%)         525M (26%)            -                  -          
[2026-04-03T02:47:26.935+0600][53.576s][info][gc,heap     ] GC(43)   Garbage:         -              1292M (65%)         482M (24%)          40M (2%)             -                  -          
[2026-04-03T02:47:26.935+0600][53.576s][info][gc,heap     ] GC(43) Reclaimed:         -                  -               810M (40%)        1251M (63%)            -                  -          
[2026-04-03T02:47:26.935+0600][53.577s][info][gc          ] GC(43) Garbage Collection (Allocation Rate) 1398M(70%)->672M(34%)
[2026-04-03T02:47:27.063+0600][53.705s][info][gc,start    ] GC(44) Garbage Collection (Allocation Rate)
[2026-04-03T02:47:27.063+0600][53.705s][info][gc,task     ] GC(44) Using 3 workers
[2026-04-03T02:47:27.063+0600][53.705s][info][gc,phases   ] GC(44) Pause Mark Start 0.015ms
[2026-04-03T02:47:27.165+0600][53.807s][info][gc,phases   ] GC(44) Concurrent Mark 101.720ms
[2026-04-03T02:47:27.166+0600][53.807s][info][gc,phases   ] GC(44) Pause Mark End 0.035ms
[2026-04-03T02:47:27.166+0600][53.807s][info][gc,phases   ] GC(44) Concurrent Mark Free 0.017ms
[2026-04-03T02:47:27.187+0600][53.828s][info][gc,phases   ] GC(44) Concurrent Process Non-Strong References 20.888ms
[2026-04-03T02:47:27.187+0600][53.828s][info][gc,phases   ] GC(44) Concurrent Reset Relocation Set 0.026ms
[2026-04-03T02:47:27.190+0600][53.832s][info][gc,phases   ] GC(44) Concurrent Select Relocation Set 3.692ms
[2026-04-03T02:47:27.191+0600][53.832s][info][gc,phases   ] GC(44) Pause Relocate Start 0.041ms
[2026-04-03T02:47:27.196+0600][53.837s][info][gc,phases   ] GC(44) Concurrent Relocate 4.533ms
[2026-04-03T02:47:27.196+0600][53.837s][info][gc,load     ] GC(44) Load: 5.21/5.45/5.57
[2026-04-03T02:47:27.196+0600][53.837s][info][gc,mmu      ] GC(44) MMU: 2ms/92.4%, 5ms/97.0%, 10ms/98.4%, 20ms/99.2%, 50ms/99.7%, 100ms/99.8%
[2026-04-03T02:47:27.196+0600][53.837s][info][gc,marking  ] GC(44) Mark: 2 stripe(s), 2 proactive flush(es), 1 terminate flush(es), 0 completion(s), 0 continuation(s) 
[2026-04-03T02:47:27.196+0600][53.837s][info][gc,marking  ] GC(44) Mark Stack Usage: 32M
[2026-04-03T02:47:27.196+0600][53.837s][info][gc,nmethod  ] GC(44) NMethods: 14957 registered, 2070 unregistered
[2026-04-03T02:47:27.196+0600][53.837s][info][gc,metaspace] GC(44) Metaspace: 128M used, 129M committed, 1152M reserved
[2026-04-03T02:47:27.196+0600][53.837s][info][gc,ref      ] GC(44) Soft: 3391 encountered, 0 discovered, 0 enqueued
[2026-04-03T02:47:27.196+0600][53.837s][info][gc,ref      ] GC(44) Weak: 14987 encountered, 7098 discovered, 320 enqueued
[2026-04-03T02:47:27.196+0600][53.837s][info][gc,ref      ] GC(44) Final: 84 encountered, 0 discovered, 0 enqueued
[2026-04-03T02:47:27.196+0600][53.837s][info][gc,ref      ] GC(44) Phantom: 620 encountered, 347 discovered, 0 enqueued
[2026-04-03T02:47:27.196+0600][53.837s][info][gc,reloc    ] GC(44) Small Pages: 152 / 304M, Empty: 38M, Relocated: 4M, In-Place: 0
[2026-04-03T02:47:27.196+0600][53.837s][info][gc,reloc    ] GC(44) Medium Pages: 2 / 64M, Empty: 32M, Relocated: 0M, In-Place: 0
[2026-04-03T02:47:27.196+0600][53.837s][info][gc,reloc    ] GC(44) Large Pages: 133 / 798M, Empty: 798M, Relocated: 0M, In-Place: 0
[2026-04-03T02:47:27.196+0600][53.837s][info][gc,reloc    ] GC(44) Forwarding Usage: 1M
[2026-04-03T02:47:27.196+0600][53.837s][info][gc,heap     ] GC(44) Min Capacity: 8M(0%)
[2026-04-03T02:47:27.196+0600][53.837s][info][gc,heap     ] GC(44) Max Capacity: 2000M(100%)
[2026-04-03T02:47:27.196+0600][53.837s][info][gc,heap     ] GC(44) Soft Max Capacity: 2000M(100%)
[2026-04-03T02:47:27.196+0600][53.837s][info][gc,heap     ] GC(44)                Mark Start          Mark End        Relocate Start      Relocate End           High               Low         
[2026-04-03T02:47:27.196+0600][53.837s][info][gc,heap     ] GC(44)  Capacity:     2000M (100%)       2000M (100%)       2000M (100%)       2000M (100%)       2000M (100%)       2000M (100%)   
[2026-04-03T02:47:27.196+0600][53.837s][info][gc,heap     ] GC(44)      Free:      834M (42%)         722M (36%)        1570M (78%)        1724M (86%)        1724M (86%)         704M (35%)    
[2026-04-03T02:47:27.196+0600][53.837s][info][gc,heap     ] GC(44)      Used:     1166M (58%)        1278M (64%)         430M (22%)         276M (14%)        1296M (65%)         276M (14%)    
[2026-04-03T02:47:27.196+0600][53.837s][info][gc,heap     ] GC(44)      Live:         -               101M (5%)          101M (5%)          101M (5%)             -                  -          
[2026-04-03T02:47:27.196+0600][53.837s][info][gc,heap     ] GC(44) Allocated:         -               112M (6%)          132M (7%)          131M (7%)             -                  -          
[2026-04-03T02:47:27.196+0600][53.837s][info][gc,heap     ] GC(44)   Garbage:         -              1064M (53%)         196M (10%)          42M (2%)             -                  -          
[2026-04-03T02:47:27.196+0600][53.837s][info][gc,heap     ] GC(44) Reclaimed:         -                  -               868M (43%)        1021M (51%)            -                  -          
[2026-04-03T02:47:27.196+0600][53.837s][info][gc          ] GC(44) Garbage Collection (Allocation Rate) 1166M(58%)->276M(14%)
[2026-04-03T02:47:27.963+0600][54.605s][info][gc,start    ] GC(45) Garbage Collection (Allocation Rate)
[2026-04-03T02:47:27.963+0600][54.605s][info][gc,task     ] GC(45) Using 2 workers
[2026-04-03T02:47:27.964+0600][54.605s][info][gc,phases   ] GC(45) Pause Mark Start 0.015ms
[2026-04-03T02:47:28.131+0600][54.773s][info][gc,phases   ] GC(45) Concurrent Mark 167.438ms
[2026-04-03T02:47:28.132+0600][54.773s][info][gc,phases   ] GC(45) Pause Mark End 0.034ms
[2026-04-03T02:47:28.132+0600][54.773s][info][gc,phases   ] GC(45) Concurrent Mark Free 0.002ms
[2026-04-03T02:47:28.166+0600][54.808s][info][gc,phases   ] GC(45) Concurrent Process Non-Strong References 34.203ms
[2026-04-03T02:47:28.166+0600][54.808s][info][gc,phases   ] GC(45) Concurrent Reset Relocation Set 0.016ms
[2026-04-03T02:47:28.171+0600][54.813s][info][gc,phases   ] GC(45) Concurrent Select Relocation Set 4.792ms
[2026-04-03T02:47:28.171+0600][54.813s][info][gc,phases   ] GC(45) Pause Relocate Start 0.021ms
[2026-04-03T02:47:28.179+0600][54.821s][info][gc,phases   ] GC(45) Concurrent Relocate 7.647ms
[2026-04-03T02:47:28.179+0600][54.821s][info][gc,load     ] GC(45) Load: 5.21/5.45/5.57
[2026-04-03T02:47:28.179+0600][54.821s][info][gc,mmu      ] GC(45) MMU: 2ms/92.4%, 5ms/97.0%, 10ms/98.4%, 20ms/99.2%, 50ms/99.7%, 100ms/99.8%
[2026-04-03T02:47:28.179+0600][54.821s][info][gc,marking  ] GC(45) Mark: 2 stripe(s), 2 proactive flush(es), 1 terminate flush(es), 0 completion(s), 0 continuation(s) 
[2026-04-03T02:47:28.179+0600][54.821s][info][gc,marking  ] GC(45) Mark Stack Usage: 32M
[2026-04-03T02:47:28.179+0600][54.821s][info][gc,nmethod  ] GC(45) NMethods: 14992 registered, 2102 unregistered
[2026-04-03T02:47:28.179+0600][54.821s][info][gc,metaspace] GC(45) Metaspace: 128M used, 129M committed, 1152M reserved
[2026-04-03T02:47:28.179+0600][54.821s][info][gc,ref      ] GC(45) Soft: 3402 encountered, 0 discovered, 0 enqueued
[2026-04-03T02:47:28.179+0600][54.821s][info][gc,ref      ] GC(45) Weak: 15798 encountered, 5074 discovered, 412 enqueued
[2026-04-03T02:47:28.179+0600][54.821s][info][gc,ref      ] GC(45) Final: 84 encountered, 0 discovered, 0 enqueued
[2026-04-03T02:47:28.179+0600][54.821s][info][gc,ref      ] GC(45) Phantom: 620 encountered, 578 discovered, 0 enqueued
[2026-04-03T02:47:28.179+0600][54.821s][info][gc,reloc    ] GC(45) Small Pages: 398 / 796M, Empty: 264M, Relocated: 6M, In-Place: 0
[2026-04-03T02:47:28.179+0600][54.821s][info][gc,reloc    ] GC(45) Medium Pages: 5 / 160M, Empty: 128M, Relocated: 0M, In-Place: 0
[2026-04-03T02:47:28.179+0600][54.821s][info][gc,reloc    ] GC(45) Large Pages: 17 / 102M, Empty: 102M, Relocated: 0M, In-Place: 0
[2026-04-03T02:47:28.179+0600][54.821s][info][gc,reloc    ] GC(45) Forwarding Usage: 1M
[2026-04-03T02:47:28.179+0600][54.821s][info][gc,heap     ] GC(45) Min Capacity: 8M(0%)
[2026-04-03T02:47:28.179+0600][54.821s][info][gc,heap     ] GC(45) Max Capacity: 2000M(100%)
[2026-04-03T02:47:28.179+0600][54.821s][info][gc,heap     ] GC(45) Soft Max Capacity: 2000M(100%)
[2026-04-03T02:47:28.179+0600][54.821s][info][gc,heap     ] GC(45)                Mark Start          Mark End        Relocate Start      Relocate End           High               Low         
[2026-04-03T02:47:28.179+0600][54.821s][info][gc,heap     ] GC(45)  Capacity:     2000M (100%)       2000M (100%)       2000M (100%)       2000M (100%)       2000M (100%)       2000M (100%)   
[2026-04-03T02:47:28.179+0600][54.821s][info][gc,heap     ] GC(45)      Free:      942M (47%)         716M (36%)        1154M (58%)        1564M (78%)        1564M (78%)         668M (33%)    
[2026-04-03T02:47:28.179+0600][54.821s][info][gc,heap     ] GC(45)      Used:     1058M (53%)        1284M (64%)         846M (42%)         436M (22%)        1332M (67%)         436M (22%)    
[2026-04-03T02:47:28.180+0600][54.821s][info][gc,heap     ] GC(45)      Live:         -               106M (5%)          106M (5%)          106M (5%)             -                  -          
[2026-04-03T02:47:28.180+0600][54.821s][info][gc,heap     ] GC(45) Allocated:         -               226M (11%)         282M (14%)         287M (14%)            -                  -          
[2026-04-03T02:47:28.180+0600][54.821s][info][gc,heap     ] GC(45)   Garbage:         -               951M (48%)         457M (23%)          41M (2%)             -                  -          
[2026-04-03T02:47:28.180+0600][54.821s][info][gc,heap     ] GC(45) Reclaimed:         -                  -               494M (25%)         909M (45%)            -                  -          
[2026-04-03T02:47:28.180+0600][54.821s][info][gc          ] GC(45) Garbage Collection (Allocation Rate) 1058M(53%)->436M(22%)
[2026-04-03T02:47:29.064+0600][55.705s][info][gc,start    ] GC(46) Garbage Collection (Allocation Rate)
[2026-04-03T02:47:29.064+0600][55.705s][info][gc,task     ] GC(46) Using 2 workers
[2026-04-03T02:47:29.064+0600][55.706s][info][gc,phases   ] GC(46) Pause Mark Start 0.013ms
[2026-04-03T02:47:29.234+0600][55.876s][info][gc,phases   ] GC(46) Concurrent Mark 169.795ms
[2026-04-03T02:47:29.234+0600][55.876s][info][gc,phases   ] GC(46) Pause Mark End 0.029ms
[2026-04-03T02:47:29.234+0600][55.876s][info][gc,phases   ] GC(46) Concurrent Mark Free 0.001ms
[2026-04-03T02:47:29.270+0600][55.912s][info][gc,phases   ] GC(46) Concurrent Process Non-Strong References 36.031ms
[2026-04-03T02:47:29.271+0600][55.912s][info][gc,phases   ] GC(46) Concurrent Reset Relocation Set 0.027ms
[2026-04-03T02:47:29.275+0600][55.916s][info][gc,phases   ] GC(46) Concurrent Select Relocation Set 4.306ms
[2026-04-03T02:47:29.275+0600][55.917s][info][gc,phases   ] GC(46) Pause Relocate Start 0.018ms
[2026-04-03T02:47:29.281+0600][55.923s][info][gc,phases   ] GC(46) Concurrent Relocate 6.023ms
[2026-04-03T02:47:29.281+0600][55.923s][info][gc,load     ] GC(46) Load: 5.21/5.45/5.57
[2026-04-03T02:47:29.282+0600][55.923s][info][gc,mmu      ] GC(46) MMU: 2ms/92.4%, 5ms/97.0%, 10ms/98.4%, 20ms/99.2%, 50ms/99.7%, 100ms/99.8%
[2026-04-03T02:47:29.282+0600][55.923s][info][gc,marking  ] GC(46) Mark: 2 stripe(s), 2 proactive flush(es), 1 terminate flush(es), 0 completion(s), 0 continuation(s) 
[2026-04-03T02:47:29.282+0600][55.923s][info][gc,marking  ] GC(46) Mark Stack Usage: 32M
[2026-04-03T02:47:29.282+0600][55.923s][info][gc,nmethod  ] GC(46) NMethods: 15015 registered, 2119 unregistered
[2026-04-03T02:47:29.282+0600][55.923s][info][gc,metaspace] GC(46) Metaspace: 128M used, 129M committed, 1152M reserved
[2026-04-03T02:47:29.282+0600][55.923s][info][gc,ref      ] GC(46) Soft: 3394 encountered, 0 discovered, 0 enqueued
[2026-04-03T02:47:29.282+0600][55.923s][info][gc,ref      ] GC(46) Weak: 17032 encountered, 5666 discovered, 1633 enqueued
[2026-04-03T02:47:29.282+0600][55.923s][info][gc,ref      ] GC(46) Final: 84 encountered, 0 discovered, 0 enqueued
[2026-04-03T02:47:29.282+0600][55.923s][info][gc,ref      ] GC(46) Phantom: 620 encountered, 385 discovered, 0 enqueued
[2026-04-03T02:47:29.282+0600][55.923s][info][gc,reloc    ] GC(46) Small Pages: 543 / 1086M, Empty: 486M, Relocated: 6M, In-Place: 0
[2026-04-03T02:47:29.282+0600][55.923s][info][gc,reloc    ] GC(46) Medium Pages: 7 / 224M, Empty: 192M, Relocated: 0M, In-Place: 0
[2026-04-03T02:47:29.282+0600][55.923s][info][gc,reloc    ] GC(46) Large Pages: 24 / 144M, Empty: 138M, Relocated: 0M, In-Place: 0
[2026-04-03T02:47:29.282+0600][55.923s][info][gc,reloc    ] GC(46) Forwarding Usage: 1M
[2026-04-03T02:47:29.282+0600][55.923s][info][gc,heap     ] GC(46) Min Capacity: 8M(0%)
[2026-04-03T02:47:29.282+0600][55.923s][info][gc,heap     ] GC(46) Max Capacity: 2000M(100%)
[2026-04-03T02:47:29.282+0600][55.923s][info][gc,heap     ] GC(46) Soft Max Capacity: 2000M(100%)
[2026-04-03T02:47:29.282+0600][55.923s][info][gc,heap     ] GC(46)                Mark Start          Mark End        Relocate Start      Relocate End           High               Low         
[2026-04-03T02:47:29.282+0600][55.923s][info][gc,heap     ] GC(46)  Capacity:     2000M (100%)       2000M (100%)       2000M (100%)       2000M (100%)       2000M (100%)       2000M (100%)   
[2026-04-03T02:47:29.282+0600][55.923s][info][gc,heap     ] GC(46)      Free:      546M (27%)         364M (18%)        1116M (56%)        1590M (80%)        1592M (80%)         236M (12%)    
[2026-04-03T02:47:29.282+0600][55.923s][info][gc,heap     ] GC(46)      Used:     1454M (73%)        1636M (82%)         884M (44%)         410M (20%)        1764M (88%)         408M (20%)    
[2026-04-03T02:47:29.282+0600][55.923s][info][gc,heap     ] GC(46)      Live:         -               111M (6%)          111M (6%)          111M (6%)             -                  -          
[2026-04-03T02:47:29.282+0600][55.923s][info][gc,heap     ] GC(46) Allocated:         -               182M (9%)          246M (12%)         257M (13%)            -                  -          
[2026-04-03T02:47:29.282+0600][55.923s][info][gc,heap     ] GC(46)   Garbage:         -              1342M (67%)         526M (26%)          40M (2%)             -                  -          
[2026-04-03T02:47:29.282+0600][55.923s][info][gc,heap     ] GC(46) Reclaimed:         -                  -               816M (41%)        1301M (65%)            -                  -          
[2026-04-03T02:47:29.282+0600][55.923s][info][gc          ] GC(46) Garbage Collection (Allocation Rate) 1454M(73%)->410M(20%)
[2026-04-03T02:47:29.864+0600][56.505s][info][gc,start    ] GC(47) Garbage Collection (Allocation Rate)
[2026-04-03T02:47:29.864+0600][56.505s][info][gc,task     ] GC(47) Using 2 workers
[2026-04-03T02:47:29.864+0600][56.506s][info][gc,phases   ] GC(47) Pause Mark Start 0.017ms
[2026-04-03T02:47:29.977+0600][56.618s][info][gc,phases   ] GC(47) Concurrent Mark 112.652ms
[2026-04-03T02:47:29.977+0600][56.619s][info][gc,phases   ] GC(47) Pause Mark End 0.036ms
[2026-04-03T02:47:29.977+0600][56.619s][info][gc,phases   ] GC(47) Concurrent Mark Free 0.003ms
[2026-04-03T02:47:30.004+0600][56.645s][info][gc,phases   ] GC(47) Concurrent Process Non-Strong References 26.689ms
[2026-04-03T02:47:30.004+0600][56.646s][info][gc,phases   ] GC(47) Concurrent Reset Relocation Set 0.027ms
[2026-04-03T02:47:30.010+0600][56.651s][info][gc,phases   ] GC(47) Concurrent Select Relocation Set 5.763ms
[2026-04-03T02:47:30.010+0600][56.652s][info][gc,phases   ] GC(47) Pause Relocate Start 0.016ms
[2026-04-03T02:47:30.030+0600][56.671s][info][gc,phases   ] GC(47) Concurrent Relocate 19.537ms
[2026-04-03T02:47:30.030+0600][56.671s][info][gc,load     ] GC(47) Load: 5.21/5.45/5.57
[2026-04-03T02:47:30.030+0600][56.671s][info][gc,mmu      ] GC(47) MMU: 2ms/92.4%, 5ms/97.0%, 10ms/98.4%, 20ms/99.2%, 50ms/99.7%, 100ms/99.8%
[2026-04-03T02:47:30.030+0600][56.671s][info][gc,marking  ] GC(47) Mark: 2 stripe(s), 2 proactive flush(es), 1 terminate flush(es), 0 completion(s), 0 continuation(s) 
[2026-04-03T02:47:30.030+0600][56.671s][info][gc,marking  ] GC(47) Mark Stack Usage: 32M
[2026-04-03T02:47:30.030+0600][56.671s][info][gc,nmethod  ] GC(47) NMethods: 15037 registered, 2137 unregistered
[2026-04-03T02:47:30.030+0600][56.672s][info][gc,metaspace] GC(47) Metaspace: 128M used, 129M committed, 1152M reserved
[2026-04-03T02:47:30.030+0600][56.672s][info][gc,ref      ] GC(47) Soft: 3399 encountered, 0 discovered, 0 enqueued
[2026-04-03T02:47:30.030+0600][56.672s][info][gc,ref      ] GC(47) Weak: 16631 encountered, 5494 discovered, 1736 enqueued
[2026-04-03T02:47:30.030+0600][56.672s][info][gc,ref      ] GC(47) Final: 84 encountered, 0 discovered, 0 enqueued
[2026-04-03T02:47:30.030+0600][56.672s][info][gc,ref      ] GC(47) Phantom: 620 encountered, 561 discovered, 0 enqueued
[2026-04-03T02:47:30.030+0600][56.672s][info][gc,reloc    ] GC(47) Small Pages: 491 / 982M, Empty: 430M, Relocated: 12M, In-Place: 0
[2026-04-03T02:47:30.030+0600][56.672s][info][gc,reloc    ] GC(47) Medium Pages: 5 / 160M, Empty: 128M, Relocated: 0M, In-Place: 0
[2026-04-03T02:47:30.030+0600][56.672s][info][gc,reloc    ] GC(47) Large Pages: 18 / 108M, Empty: 108M, Relocated: 0M, In-Place: 0
[2026-04-03T02:47:30.030+0600][56.672s][info][gc,reloc    ] GC(47) Forwarding Usage: 4M
[2026-04-03T02:47:30.030+0600][56.672s][info][gc,heap     ] GC(47) Min Capacity: 8M(0%)
[2026-04-03T02:47:30.030+0600][56.672s][info][gc,heap     ] GC(47) Max Capacity: 2000M(100%)
[2026-04-03T02:47:30.030+0600][56.672s][info][gc,heap     ] GC(47) Soft Max Capacity: 2000M(100%)
[2026-04-03T02:47:30.030+0600][56.672s][info][gc,heap     ] GC(47)                Mark Start          Mark End        Relocate Start      Relocate End           High               Low         
[2026-04-03T02:47:30.030+0600][56.672s][info][gc,heap     ] GC(47)  Capacity:     2000M (100%)       2000M (100%)       2000M (100%)       2000M (100%)       2000M (100%)       2000M (100%)   
[2026-04-03T02:47:30.030+0600][56.672s][info][gc,heap     ] GC(47)      Free:      750M (38%)         626M (31%)        1112M (56%)        1298M (65%)        1386M (69%)         534M (27%)    
[2026-04-03T02:47:30.030+0600][56.672s][info][gc,heap     ] GC(47)      Used:     1250M (62%)        1374M (69%)         888M (44%)         702M (35%)        1466M (73%)         614M (31%)    
[2026-04-03T02:47:30.030+0600][56.672s][info][gc,heap     ] GC(47)      Live:         -               108M (5%)          108M (5%)          108M (5%)             -                  -          
[2026-04-03T02:47:30.030+0600][56.672s][info][gc,heap     ] GC(47) Allocated:         -               124M (6%)          304M (15%)         551M (28%)            -                  -          
[2026-04-03T02:47:30.030+0600][56.672s][info][gc,heap     ] GC(47)   Garbage:         -              1141M (57%)         475M (24%)          41M (2%)             -                  -          
[2026-04-03T02:47:30.030+0600][56.672s][info][gc,heap     ] GC(47) Reclaimed:         -                  -               666M (33%)        1099M (55%)            -                  -          
[2026-04-03T02:47:30.030+0600][56.672s][info][gc          ] GC(47) Garbage Collection (Allocation Rate) 1250M(62%)->702M(35%)
[2026-04-03T02:47:30.163+0600][56.804s][info][gc,start    ] GC(48) Garbage Collection (Allocation Rate)
[2026-04-03T02:47:30.163+0600][56.804s][info][gc,task     ] GC(48) Using 3 workers
[2026-04-03T02:47:30.163+0600][56.805s][info][gc,phases   ] GC(48) Pause Mark Start 0.010ms
[2026-04-03T02:47:30.273+0600][56.914s][info][gc,phases   ] GC(48) Concurrent Mark 109.205ms
[2026-04-03T02:47:30.273+0600][56.914s][info][gc,phases   ] GC(48) Pause Mark End 0.036ms
[2026-04-03T02:47:30.273+0600][56.914s][info][gc,phases   ] GC(48) Concurrent Mark Free 0.002ms
[2026-04-03T02:47:30.294+0600][56.935s][info][gc,phases   ] GC(48) Concurrent Process Non-Strong References 20.588ms
[2026-04-03T02:47:30.294+0600][56.935s][info][gc,phases   ] GC(48) Concurrent Reset Relocation Set 0.027ms
[2026-04-03T02:47:30.299+0600][56.940s][info][gc,phases   ] GC(48) Concurrent Select Relocation Set 4.745ms
[2026-04-03T02:47:30.300+0600][56.942s][info][gc,phases   ] GC(48) Pause Relocate Start 0.019ms
[2026-04-03T02:47:30.307+0600][56.948s][info][gc,phases   ] GC(48) Concurrent Relocate 6.521ms
[2026-04-03T02:47:30.307+0600][56.949s][info][gc,load     ] GC(48) Load: 5.44/5.49/5.58
[2026-04-03T02:47:30.307+0600][56.949s][info][gc,mmu      ] GC(48) MMU: 2ms/92.4%, 5ms/97.0%, 10ms/98.4%, 20ms/99.2%, 50ms/99.7%, 100ms/99.8%
[2026-04-03T02:47:30.307+0600][56.949s][info][gc,marking  ] GC(48) Mark: 2 stripe(s), 4 proactive flush(es), 1 terminate flush(es), 0 completion(s), 0 continuation(s) 
[2026-04-03T02:47:30.307+0600][56.949s][info][gc,marking  ] GC(48) Mark Stack Usage: 32M
[2026-04-03T02:47:30.307+0600][56.949s][info][gc,nmethod  ] GC(48) NMethods: 15051 registered, 2142 unregistered
[2026-04-03T02:47:30.307+0600][56.949s][info][gc,metaspace] GC(48) Metaspace: 128M used, 129M committed, 1152M reserved
[2026-04-03T02:47:30.307+0600][56.949s][info][gc,ref      ] GC(48) Soft: 3394 encountered, 0 discovered, 0 enqueued
[2026-04-03T02:47:30.307+0600][56.949s][info][gc,ref      ] GC(48) Weak: 15443 encountered, 6463 discovered, 780 enqueued
[2026-04-03T02:47:30.307+0600][56.949s][info][gc,ref      ] GC(48) Final: 84 encountered, 4 discovered, 0 enqueued
[2026-04-03T02:47:30.307+0600][56.949s][info][gc,ref      ] GC(48) Phantom: 620 encountered, 391 discovered, 0 enqueued
[2026-04-03T02:47:30.307+0600][56.949s][info][gc,reloc    ] GC(48) Small Pages: 156 / 312M, Empty: 52M, Relocated: 6M, In-Place: 0
[2026-04-03T02:47:30.307+0600][56.949s][info][gc,reloc    ] GC(48) Medium Pages: 2 / 64M, Empty: 32M, Relocated: 0M, In-Place: 0
[2026-04-03T02:47:30.307+0600][56.949s][info][gc,reloc    ] GC(48) Large Pages: 135 / 810M, Empty: 810M, Relocated: 0M, In-Place: 0
[2026-04-03T02:47:30.307+0600][56.949s][info][gc,reloc    ] GC(48) Forwarding Usage: 2M
[2026-04-03T02:47:30.307+0600][56.949s][info][gc,heap     ] GC(48) Min Capacity: 8M(0%)
[2026-04-03T02:47:30.307+0600][56.949s][info][gc,heap     ] GC(48) Max Capacity: 2000M(100%)
[2026-04-03T02:47:30.307+0600][56.949s][info][gc,heap     ] GC(48) Soft Max Capacity: 2000M(100%)
[2026-04-03T02:47:30.307+0600][56.949s][info][gc,heap     ] GC(48)                Mark Start          Mark End        Relocate Start      Relocate End           High               Low         
[2026-04-03T02:47:30.307+0600][56.949s][info][gc,heap     ] GC(48)  Capacity:     2000M (100%)       2000M (100%)       2000M (100%)       2000M (100%)       2000M (100%)       2000M (100%)   
[2026-04-03T02:47:30.307+0600][56.949s][info][gc,heap     ] GC(48)      Free:      814M (41%)         688M (34%)        1558M (78%)        1698M (85%)        1700M (85%)         504M (25%)    
[2026-04-03T02:47:30.307+0600][56.949s][info][gc,heap     ] GC(48)      Used:     1186M (59%)        1312M (66%)         442M (22%)         302M (15%)        1496M (75%)         300M (15%)    
[2026-04-03T02:47:30.307+0600][56.949s][info][gc,heap     ] GC(48)      Live:         -               105M (5%)          105M (5%)          105M (5%)             -                  -          
[2026-04-03T02:47:30.307+0600][56.949s][info][gc,heap     ] GC(48) Allocated:         -               126M (6%)          150M (8%)          153M (8%)             -                  -          
[2026-04-03T02:47:30.307+0600][56.949s][info][gc,heap     ] GC(48)   Garbage:         -              1080M (54%)         186M (9%)           42M (2%)             -                  -          
[2026-04-03T02:47:30.307+0600][56.949s][info][gc,heap     ] GC(48) Reclaimed:         -                  -               894M (45%)        1037M (52%)            -                  -          
[2026-04-03T02:47:30.307+0600][56.949s][info][gc          ] GC(48) Garbage Collection (Allocation Rate) 1186M(59%)->302M(15%)
[2026-04-03T02:47:30.864+0600][57.505s][info][gc,start    ] GC(49) Garbage Collection (Allocation Rate)
[2026-04-03T02:47:30.864+0600][57.505s][info][gc,task     ] GC(49) Using 2 workers
[2026-04-03T02:47:30.864+0600][57.506s][info][gc,phases   ] GC(49) Pause Mark Start 0.016ms
[2026-04-03T02:47:31.027+0600][57.669s][info][gc,phases   ] GC(49) Concurrent Mark 162.669ms
[2026-04-03T02:47:31.027+0600][57.669s][info][gc,phases   ] GC(49) Pause Mark End 0.047ms
[2026-04-03T02:47:31.028+0600][57.669s][info][gc,phases   ] GC(49) Concurrent Mark Free 0.004ms
[2026-04-03T02:47:31.056+0600][57.698s][info][gc,phases   ] GC(49) Concurrent Process Non-Strong References 28.818ms
[2026-04-03T02:47:31.057+0600][57.698s][info][gc,phases   ] GC(49) Concurrent Reset Relocation Set 0.010ms
[2026-04-03T02:47:31.062+0600][57.704s][info][gc,phases   ] GC(49) Concurrent Select Relocation Set 5.421ms
[2026-04-03T02:47:31.063+0600][57.704s][info][gc,phases   ] GC(49) Pause Relocate Start 0.017ms
[2026-04-03T02:47:31.076+0600][57.717s][info][gc,phases   ] GC(49) Concurrent Relocate 12.622ms
[2026-04-03T02:47:31.076+0600][57.717s][info][gc,load     ] GC(49) Load: 5.44/5.49/5.58
[2026-04-03T02:47:31.076+0600][57.717s][info][gc,mmu      ] GC(49) MMU: 2ms/92.4%, 5ms/97.0%, 10ms/98.4%, 20ms/99.2%, 50ms/99.7%, 100ms/99.8%
[2026-04-03T02:47:31.076+0600][57.717s][info][gc,marking  ] GC(49) Mark: 2 stripe(s), 2 proactive flush(es), 1 terminate flush(es), 0 completion(s), 0 continuation(s) 
[2026-04-03T02:47:31.076+0600][57.717s][info][gc,marking  ] GC(49) Mark Stack Usage: 32M
[2026-04-03T02:47:31.076+0600][57.717s][info][gc,nmethod  ] GC(49) NMethods: 15070 registered, 2154 unregistered
[2026-04-03T02:47:31.076+0600][57.717s][info][gc,metaspace] GC(49) Metaspace: 128M used, 129M committed, 1152M reserved
[2026-04-03T02:47:31.076+0600][57.717s][info][gc,ref      ] GC(49) Soft: 3402 encountered, 0 discovered, 0 enqueued
[2026-04-03T02:47:31.076+0600][57.717s][info][gc,ref      ] GC(49) Weak: 15434 encountered, 5056 discovered, 397 enqueued
[2026-04-03T02:47:31.076+0600][57.717s][info][gc,ref      ] GC(49) Final: 84 encountered, 0 discovered, 0 enqueued
[2026-04-03T02:47:31.076+0600][57.717s][info][gc,ref      ] GC(49) Phantom: 620 encountered, 347 discovered, 0 enqueued
[2026-04-03T02:47:31.076+0600][57.717s][info][gc,reloc    ] GC(49) Small Pages: 339 / 678M, Empty: 128M, Relocated: 12M, In-Place: 0
[2026-04-03T02:47:31.076+0600][57.717s][info][gc,reloc    ] GC(49) Medium Pages: 4 / 128M, Empty: 96M, Relocated: 0M, In-Place: 0
[2026-04-03T02:47:31.076+0600][57.717s][info][gc,reloc    ] GC(49) Large Pages: 12 / 72M, Empty: 72M, Relocated: 0M, In-Place: 0
[2026-04-03T02:47:31.076+0600][57.717s][info][gc,reloc    ] GC(49) Forwarding Usage: 2M
[2026-04-03T02:47:31.076+0600][57.717s][info][gc,heap     ] GC(49) Min Capacity: 8M(0%)
[2026-04-03T02:47:31.076+0600][57.717s][info][gc,heap     ] GC(49) Max Capacity: 2000M(100%)
[2026-04-03T02:47:31.076+0600][57.717s][info][gc,heap     ] GC(49) Soft Max Capacity: 2000M(100%)
[2026-04-03T02:47:31.076+0600][57.717s][info][gc,heap     ] GC(49)                Mark Start          Mark End        Relocate Start      Relocate End           High               Low         
[2026-04-03T02:47:31.076+0600][57.717s][info][gc,heap     ] GC(49)  Capacity:     2000M (100%)       2000M (100%)       2000M (100%)       2000M (100%)       2000M (100%)       2000M (100%)   
[2026-04-03T02:47:31.076+0600][57.717s][info][gc,heap     ] GC(49)      Free:     1122M (56%)         870M (44%)        1118M (56%)        1538M (77%)        1538M (77%)         832M (42%)    
[2026-04-03T02:47:31.076+0600][57.717s][info][gc,heap     ] GC(49)      Used:      878M (44%)        1130M (56%)         882M (44%)         462M (23%)        1168M (58%)         462M (23%)    
[2026-04-03T02:47:31.076+0600][57.717s][info][gc,heap     ] GC(49)      Live:         -               107M (5%)          107M (5%)          107M (5%)             -                  -          
[2026-04-03T02:47:31.076+0600][57.717s][info][gc,heap     ] GC(49) Allocated:         -               252M (13%)         300M (15%)         313M (16%)            -                  -          
[2026-04-03T02:47:31.076+0600][57.718s][info][gc,heap     ] GC(49)   Garbage:         -               770M (39%)         474M (24%)          40M (2%)             -                  -          
[2026-04-03T02:47:31.076+0600][57.718s][info][gc,heap     ] GC(49) Reclaimed:         -                  -               296M (15%)         729M (36%)            -                  -          
[2026-04-03T02:47:31.076+0600][57.718s][info][gc          ] GC(49) Garbage Collection (Allocation Rate) 878M(44%)->462M(23%)
[2026-04-03T02:47:31.363+0600][58.005s][info][gc,start    ] GC(50) Garbage Collection (Allocation Rate)
[2026-04-03T02:47:31.363+0600][58.005s][info][gc,task     ] GC(50) Using 2 workers
[2026-04-03T02:47:31.364+0600][58.005s][info][gc,phases   ] GC(50) Pause Mark Start 0.015ms
[2026-04-03T02:47:31.492+0600][58.133s][info][gc,phases   ] GC(50) Concurrent Mark 128.014ms
[2026-04-03T02:47:31.492+0600][58.134s][info][gc,phases   ] GC(50) Pause Mark End 0.041ms
[2026-04-03T02:47:31.492+0600][58.134s][info][gc,phases   ] GC(50) Concurrent Mark Free 0.003ms
[2026-04-03T02:47:31.513+0600][58.155s][info][gc,phases   ] GC(50) Concurrent Process Non-Strong References 20.727ms
[2026-04-03T02:47:31.513+0600][58.155s][info][gc,phases   ] GC(50) Concurrent Reset Relocation Set 0.013ms
[2026-04-03T02:47:31.516+0600][58.158s][info][gc,phases   ] GC(50) Concurrent Select Relocation Set 3.151ms
[2026-04-03T02:47:31.517+0600][58.158s][info][gc,phases   ] GC(50) Pause Relocate Start 0.015ms
[2026-04-03T02:47:31.520+0600][58.162s][info][gc,phases   ] GC(50) Concurrent Relocate 3.535ms
[2026-04-03T02:47:31.520+0600][58.162s][info][gc,load     ] GC(50) Load: 5.44/5.49/5.58
[2026-04-03T02:47:31.520+0600][58.162s][info][gc,mmu      ] GC(50) MMU: 2ms/92.4%, 5ms/97.0%, 10ms/98.4%, 20ms/99.2%, 50ms/99.7%, 100ms/99.8%
[2026-04-03T02:47:31.520+0600][58.162s][info][gc,marking  ] GC(50) Mark: 2 stripe(s), 2 proactive flush(es), 1 terminate flush(es), 0 completion(s), 0 continuation(s) 
[2026-04-03T02:47:31.520+0600][58.162s][info][gc,marking  ] GC(50) Mark Stack Usage: 32M
[2026-04-03T02:47:31.520+0600][58.162s][info][gc,nmethod  ] GC(50) NMethods: 15096 registered, 2163 unregistered
[2026-04-03T02:47:31.520+0600][58.162s][info][gc,metaspace] GC(50) Metaspace: 128M used, 129M committed, 1152M reserved
[2026-04-03T02:47:31.520+0600][58.162s][info][gc,ref      ] GC(50) Soft: 3394 encountered, 0 discovered, 0 enqueued
[2026-04-03T02:47:31.520+0600][58.162s][info][gc,ref      ] GC(50) Weak: 16036 encountered, 4899 discovered, 1499 enqueued
[2026-04-03T02:47:31.520+0600][58.162s][info][gc,ref      ] GC(50) Final: 84 encountered, 0 discovered, 0 enqueued
[2026-04-03T02:47:31.520+0600][58.162s][info][gc,ref      ] GC(50) Phantom: 620 encountered, 244 discovered, 0 enqueued
[2026-04-03T02:47:31.520+0600][58.162s][info][gc,reloc    ] GC(50) Small Pages: 322 / 644M, Empty: 302M, Relocated: 4M, In-Place: 0
[2026-04-03T02:47:31.520+0600][58.162s][info][gc,reloc    ] GC(50) Medium Pages: 5 / 160M, Empty: 128M, Relocated: 0M, In-Place: 0
[2026-04-03T02:47:31.520+0600][58.162s][info][gc,reloc    ] GC(50) Large Pages: 14 / 84M, Empty: 84M, Relocated: 0M, In-Place: 0
[2026-04-03T02:47:31.520+0600][58.162s][info][gc,reloc    ] GC(50) Forwarding Usage: 1M
[2026-04-03T02:47:31.520+0600][58.162s][info][gc,heap     ] GC(50) Min Capacity: 8M(0%)
[2026-04-03T02:47:31.520+0600][58.162s][info][gc,heap     ] GC(50) Max Capacity: 2000M(100%)
[2026-04-03T02:47:31.520+0600][58.162s][info][gc,heap     ] GC(50) Soft Max Capacity: 2000M(100%)
[2026-04-03T02:47:31.521+0600][58.162s][info][gc,heap     ] GC(50)                Mark Start          Mark End        Relocate Start      Relocate End           High               Low         
[2026-04-03T02:47:31.521+0600][58.162s][info][gc,heap     ] GC(50)  Capacity:     2000M (100%)       2000M (100%)       2000M (100%)       2000M (100%)       2000M (100%)       2000M (100%)   
[2026-04-03T02:47:31.521+0600][58.162s][info][gc,heap     ] GC(50)      Free:     1112M (56%)         974M (49%)        1476M (74%)        1694M (85%)        1694M (85%)         964M (48%)    
[2026-04-03T02:47:31.521+0600][58.162s][info][gc,heap     ] GC(50)      Used:      888M (44%)        1026M (51%)         524M (26%)         306M (15%)        1036M (52%)         306M (15%)    
[2026-04-03T02:47:31.521+0600][58.162s][info][gc,heap     ] GC(50)      Live:         -               104M (5%)          104M (5%)          104M (5%)             -                  -          
[2026-04-03T02:47:31.521+0600][58.162s][info][gc,heap     ] GC(50) Allocated:         -               138M (7%)          150M (8%)          157M (8%)             -                  -          
[2026-04-03T02:47:31.521+0600][58.162s][info][gc,heap     ] GC(50)   Garbage:         -               783M (39%)         269M (13%)          43M (2%)             -                  -          
[2026-04-03T02:47:31.521+0600][58.162s][info][gc,heap     ] GC(50) Reclaimed:         -                  -               514M (26%)         739M (37%)            -                  -          
[2026-04-03T02:47:31.521+0600][58.162s][info][gc          ] GC(50) Garbage Collection (Allocation Rate) 888M(44%)->306M(15%)
[2026-04-03T02:47:32.463+0600][59.105s][info][gc,start    ] GC(51) Garbage Collection (Allocation Rate)
[2026-04-03T02:47:32.464+0600][59.105s][info][gc,task     ] GC(51) Using 2 workers
[2026-04-03T02:47:32.464+0600][59.105s][info][gc,phases   ] GC(51) Pause Mark Start 0.014ms
[2026-04-03T02:47:32.578+0600][59.219s][info][gc,phases   ] GC(51) Concurrent Mark 113.850ms
[2026-04-03T02:47:32.578+0600][59.220s][info][gc,phases   ] GC(51) Pause Mark End 0.031ms
[2026-04-03T02:47:32.578+0600][59.220s][info][gc,phases   ] GC(51) Concurrent Mark Free 0.003ms
[2026-04-03T02:47:32.601+0600][59.242s][info][gc,phases   ] GC(51) Concurrent Process Non-Strong References 22.406ms
[2026-04-03T02:47:32.601+0600][59.242s][info][gc,phases   ] GC(51) Concurrent Reset Relocation Set 0.007ms
[2026-04-03T02:47:32.604+0600][59.246s][info][gc,phases   ] GC(51) Concurrent Select Relocation Set 3.221ms
[2026-04-03T02:47:32.604+0600][59.246s][info][gc,phases   ] GC(51) Pause Relocate Start 0.012ms
[2026-04-03T02:47:32.611+0600][59.252s][info][gc,phases   ] GC(51) Concurrent Relocate 5.883ms
[2026-04-03T02:47:32.611+0600][59.252s][info][gc,load     ] GC(51) Load: 5.44/5.49/5.58
[2026-04-03T02:47:32.611+0600][59.252s][info][gc,mmu      ] GC(51) MMU: 2ms/92.4%, 5ms/97.0%, 10ms/98.4%, 20ms/99.2%, 50ms/99.7%, 100ms/99.8%
[2026-04-03T02:47:32.611+0600][59.252s][info][gc,marking  ] GC(51) Mark: 2 stripe(s), 2 proactive flush(es), 1 terminate flush(es), 0 completion(s), 0 continuation(s) 
[2026-04-03T02:47:32.611+0600][59.252s][info][gc,marking  ] GC(51) Mark Stack Usage: 32M
[2026-04-03T02:47:32.611+0600][59.252s][info][gc,nmethod  ] GC(51) NMethods: 15101 registered, 2202 unregistered
[2026-04-03T02:47:32.611+0600][59.252s][info][gc,metaspace] GC(51) Metaspace: 128M used, 129M committed, 1152M reserved
[2026-04-03T02:47:32.611+0600][59.252s][info][gc,ref      ] GC(51) Soft: 3402 encountered, 0 discovered, 0 enqueued
[2026-04-03T02:47:32.611+0600][59.252s][info][gc,ref      ] GC(51) Weak: 16179 encountered, 5475 discovered, 1560 enqueued
[2026-04-03T02:47:32.611+0600][59.252s][info][gc,ref      ] GC(51) Final: 84 encountered, 0 discovered, 0 enqueued
[2026-04-03T02:47:32.611+0600][59.252s][info][gc,ref      ] GC(51) Phantom: 620 encountered, 391 discovered, 0 enqueued
[2026-04-03T02:47:32.611+0600][59.252s][info][gc,reloc    ] GC(51) Small Pages: 564 / 1128M, Empty: 400M, Relocated: 8M, In-Place: 0
[2026-04-03T02:47:32.611+0600][59.252s][info][gc,reloc    ] GC(51) Medium Pages: 7 / 224M, Empty: 192M, Relocated: 0M, In-Place: 0
[2026-04-03T02:47:32.611+0600][59.252s][info][gc,reloc    ] GC(51) Large Pages: 24 / 144M, Empty: 144M, Relocated: 0M, In-Place: 0
[2026-04-03T02:47:32.611+0600][59.252s][info][gc,reloc    ] GC(51) Forwarding Usage: 2M
[2026-04-03T02:47:32.611+0600][59.252s][info][gc,heap     ] GC(51) Min Capacity: 8M(0%)
[2026-04-03T02:47:32.611+0600][59.252s][info][gc,heap     ] GC(51) Max Capacity: 2000M(100%)
[2026-04-03T02:47:32.611+0600][59.252s][info][gc,heap     ] GC(51) Soft Max Capacity: 2000M(100%)
[2026-04-03T02:47:32.611+0600][59.252s][info][gc,heap     ] GC(51)                Mark Start          Mark End        Relocate Start      Relocate End           High               Low         
[2026-04-03T02:47:32.611+0600][59.252s][info][gc,heap     ] GC(51)  Capacity:     2000M (100%)       2000M (100%)       2000M (100%)       2000M (100%)       2000M (100%)       2000M (100%)   
[2026-04-03T02:47:32.611+0600][59.252s][info][gc,heap     ] GC(51)      Free:      504M (25%)         396M (20%)        1110M (56%)        1712M (86%)        1712M (86%)         388M (19%)    
[2026-04-03T02:47:32.611+0600][59.252s][info][gc,heap     ] GC(51)      Used:     1496M (75%)        1604M (80%)         890M (44%)         288M (14%)        1612M (81%)         288M (14%)    
[2026-04-03T02:47:32.611+0600][59.252s][info][gc,heap     ] GC(51)      Live:         -               108M (5%)          108M (5%)          108M (5%)             -                  -          
[2026-04-03T02:47:32.611+0600][59.252s][info][gc,heap     ] GC(51) Allocated:         -               108M (5%)          130M (6%)          137M (7%)             -                  -          
[2026-04-03T02:47:32.611+0600][59.252s][info][gc,heap     ] GC(51)   Garbage:         -              1387M (69%)         651M (33%)          41M (2%)             -                  -          
[2026-04-03T02:47:32.611+0600][59.252s][info][gc,heap     ] GC(51) Reclaimed:         -                  -               736M (37%)        1345M (67%)            -                  -          
[2026-04-03T02:47:32.611+0600][59.252s][info][gc          ] GC(51) Garbage Collection (Allocation Rate) 1496M(75%)->288M(14%)
[2026-04-03T02:47:33.063+0600][59.705s][info][gc,start    ] GC(52) Garbage Collection (Allocation Rate)
[2026-04-03T02:47:33.063+0600][59.705s][info][gc,task     ] GC(52) Using 3 workers
[2026-04-03T02:47:33.063+0600][59.705s][info][gc,phases   ] GC(52) Pause Mark Start 0.010ms
[2026-04-03T02:47:33.172+0600][59.813s][info][gc,phases   ] GC(52) Concurrent Mark 108.296ms
[2026-04-03T02:47:33.172+0600][59.814s][info][gc,phases   ] GC(52) Pause Mark End 0.030ms
[2026-04-03T02:47:33.172+0600][59.814s][info][gc,phases   ] GC(52) Concurrent Mark Free 0.001ms
[2026-04-03T02:47:33.189+0600][59.830s][info][gc,phases   ] GC(52) Concurrent Process Non-Strong References 16.510ms
[2026-04-03T02:47:33.189+0600][59.830s][info][gc,phases   ] GC(52) Concurrent Reset Relocation Set 0.023ms
[2026-04-03T02:47:33.193+0600][59.834s][info][gc,phases   ] GC(52) Concurrent Select Relocation Set 3.909ms
[2026-04-03T02:47:33.193+0600][59.835s][info][gc,phases   ] GC(52) Pause Relocate Start 0.015ms
[2026-04-03T02:47:33.198+0600][59.839s][info][gc,phases   ] GC(52) Concurrent Relocate 4.849ms
[2026-04-03T02:47:33.198+0600][59.840s][info][gc,load     ] GC(52) Load: 5.44/5.49/5.58
[2026-04-03T02:47:33.198+0600][59.840s][info][gc,mmu      ] GC(52) MMU: 2ms/92.4%, 5ms/97.0%, 10ms/98.4%, 20ms/99.2%, 50ms/99.7%, 100ms/99.8%
[2026-04-03T02:47:33.198+0600][59.840s][info][gc,marking  ] GC(52) Mark: 2 stripe(s), 2 proactive flush(es), 1 terminate flush(es), 0 completion(s), 0 continuation(s) 
[2026-04-03T02:47:33.198+0600][59.840s][info][gc,marking  ] GC(52) Mark Stack Usage: 32M
[2026-04-03T02:47:33.198+0600][59.840s][info][gc,nmethod  ] GC(52) NMethods: 15108 registered, 2211 unregistered
[2026-04-03T02:47:33.198+0600][59.840s][info][gc,metaspace] GC(52) Metaspace: 128M used, 129M committed, 1152M reserved
[2026-04-03T02:47:33.198+0600][59.840s][info][gc,ref      ] GC(52) Soft: 3398 encountered, 0 discovered, 0 enqueued
[2026-04-03T02:47:33.198+0600][59.840s][info][gc,ref      ] GC(52) Weak: 15691 encountered, 7741 discovered, 1084 enqueued
[2026-04-03T02:47:33.198+0600][59.840s][info][gc,ref      ] GC(52) Final: 84 encountered, 4 discovered, 0 enqueued
[2026-04-03T02:47:33.198+0600][59.840s][info][gc,ref      ] GC(52) Phantom: 631 encountered, 503 discovered, 0 enqueued
[2026-04-03T02:47:33.198+0600][59.840s][info][gc,reloc    ] GC(52) Small Pages: 366 / 732M, Empty: 336M, Relocated: 10M, In-Place: 0
[2026-04-03T02:47:33.198+0600][59.840s][info][gc,reloc    ] GC(52) Medium Pages: 3 / 96M, Empty: 64M, Relocated: 0M, In-Place: 0
[2026-04-03T02:47:33.198+0600][59.840s][info][gc,reloc    ] GC(52) Large Pages: 119 / 714M, Empty: 690M, Relocated: 0M, In-Place: 0
[2026-04-03T02:47:33.198+0600][59.840s][info][gc,reloc    ] GC(52) Forwarding Usage: 1M
[2026-04-03T02:47:33.198+0600][59.840s][info][gc,heap     ] GC(52) Min Capacity: 8M(0%)
[2026-04-03T02:47:33.198+0600][59.840s][info][gc,heap     ] GC(52) Max Capacity: 2000M(100%)
[2026-04-03T02:47:33.198+0600][59.840s][info][gc,heap     ] GC(52) Soft Max Capacity: 2000M(100%)
[2026-04-03T02:47:33.198+0600][59.840s][info][gc,heap     ] GC(52)                Mark Start          Mark End        Relocate Start      Relocate End           High               Low         
[2026-04-03T02:47:33.198+0600][59.840s][info][gc,heap     ] GC(52)  Capacity:     2000M (100%)       2000M (100%)       2000M (100%)       2000M (100%)       2000M (100%)       2000M (100%)   
[2026-04-03T02:47:33.198+0600][59.840s][info][gc,heap     ] GC(52)      Free:      458M (23%)         212M (11%)        1288M (64%)        1550M (78%)        1554M (78%)         206M (10%)    
[2026-04-03T02:47:33.198+0600][59.840s][info][gc,heap     ] GC(52)      Used:     1542M (77%)        1788M (89%)         712M (36%)         450M (22%)        1794M (90%)         446M (22%)    
[2026-04-03T02:47:33.198+0600][59.840s][info][gc,heap     ] GC(52)      Live:         -               134M (7%)          134M (7%)          134M (7%)             -                  -          
[2026-04-03T02:47:33.198+0600][59.840s][info][gc,heap     ] GC(52) Allocated:         -               246M (12%)         260M (13%)         269M (13%)            -                  -          
[2026-04-03T02:47:33.198+0600][59.840s][info][gc,heap     ] GC(52)   Garbage:         -              1407M (70%)         317M (16%)          46M (2%)             -                  -          
[2026-04-03T02:47:33.198+0600][59.840s][info][gc,heap     ] GC(52) Reclaimed:         -                  -              1090M (55%)        1361M (68%)            -                  -          
[2026-04-03T02:47:33.198+0600][59.840s][info][gc          ] GC(52) Garbage Collection (Allocation Rate) 1542M(77%)->450M(22%)
[2026-04-03T02:47:33.463+0600][60.104s][info][gc,stats    ] === Garbage Collection Statistics =======================================================================================================================
[2026-04-03T02:47:33.463+0600][60.104s][info][gc,stats    ]                                                              Last 10s              Last 10m              Last 10h                Total
[2026-04-03T02:47:33.463+0600][60.104s][info][gc,stats    ]                                                              Avg / Max             Avg / Max             Avg / Max             Avg / Max
[2026-04-03T02:47:33.463+0600][60.104s][info][gc,stats    ]   Collector: Garbage Collection Cycle                    178.594 / 267.247     182.198 / 442.007     182.198 / 442.007     182.198 / 442.007     ms
[2026-04-03T02:47:33.463+0600][60.104s][info][gc,stats    ]  Contention: Mark Segment Reset Contention                     8 / 83                5 / 83                5 / 83                5 / 83          ops/s
[2026-04-03T02:47:33.463+0600][60.104s][info][gc,stats    ]  Contention: Mark SeqNum Reset Contention                      0 / 3                 0 / 3                 0 / 3                 0 / 3           ops/s
[2026-04-03T02:47:33.463+0600][60.104s][info][gc,stats    ]    Critical: Allocation Stall                                  0 / 4                 0 / 4                 0 / 4                 0 / 4           ops/s
[2026-04-03T02:47:33.463+0600][60.104s][info][gc,stats    ]    Critical: Allocation Stall                            100.582 / 101.982      46.462 / 101.982      46.462 / 101.982      46.462 / 101.982     ms
[2026-04-03T02:47:33.463+0600][60.104s][info][gc,stats    ]    Critical: GC Locker Stall                                   0 / 2                 0 / 2                 0 / 2                 0 / 2           ops/s
[2026-04-03T02:47:33.463+0600][60.104s][info][gc,stats    ]    Critical: GC Locker Stall                               0.030 / 0.068         0.030 / 0.154         0.030 / 0.154         0.030 / 0.154       ms
[2026-04-03T02:47:33.463+0600][60.104s][info][gc,stats    ]    Critical: Relocation Stall                                  0 / 0                 0 / 0                 0 / 0                 0 / 0           ops/s
[2026-04-03T02:47:33.463+0600][60.104s][info][gc,stats    ]    Critical: Relocation Stall                              0.000 / 0.000         0.000 / 0.000         0.000 / 0.000         0.000 / 0.000       ms
[2026-04-03T02:47:33.463+0600][60.104s][info][gc,stats    ]      Memory: Allocation Rate                                1524 / 2146            895 / 2146            895 / 2146            895 / 2146        MB/s
[2026-04-03T02:47:33.463+0600][60.104s][info][gc,stats    ]      Memory: Defragment                                       38 / 127              20 / 164              20 / 164              20 / 164         ops/s
[2026-04-03T02:47:33.463+0600][60.104s][info][gc,stats    ]      Memory: Out Of Memory                                     0 / 0                 0 / 0                 0 / 0                 0 / 0           ops/s
[2026-04-03T02:47:33.463+0600][60.104s][info][gc,stats    ]      Memory: Page Cache Flush                                241 / 432             105 / 432             105 / 432             105 / 432         MB/s
[2026-04-03T02:47:33.463+0600][60.104s][info][gc,stats    ]      Memory: Page Cache Hit L1                               464 / 530             283 / 544             283 / 544             283 / 544         ops/s
[2026-04-03T02:47:33.463+0600][60.104s][info][gc,stats    ]      Memory: Page Cache Hit L2                                 0 / 0                 0 / 0                 0 / 0                 0 / 0           ops/s
[2026-04-03T02:47:33.463+0600][60.104s][info][gc,stats    ]      Memory: Page Cache Hit L3                                39 / 84               20 / 110              20 / 110              20 / 110         ops/s
[2026-04-03T02:47:33.463+0600][60.104s][info][gc,stats    ]      Memory: Page Cache Miss                                  14 / 50               12 / 121              12 / 121              12 / 121         ops/s
[2026-04-03T02:47:33.463+0600][60.105s][info][gc,stats    ]      Memory: Uncommit                                          0 / 0                 0 / 0                 0 / 0                 0 / 0           MB/s
[2026-04-03T02:47:33.463+0600][60.105s][info][gc,stats    ]      Memory: Undo Object Allocation Failed                     0 / 0                 0 / 0                 0 / 0                 0 / 0           ops/s
[2026-04-03T02:47:33.463+0600][60.105s][info][gc,stats    ]      Memory: Undo Object Allocation Succeeded                 10 / 46                4 / 114               4 / 114               4 / 114         ops/s
[2026-04-03T02:47:33.463+0600][60.105s][info][gc,stats    ]      Memory: Undo Page Allocation                              2 / 9                 0 / 9                 0 / 9                 0 / 9           ops/s
[2026-04-03T02:47:33.463+0600][60.105s][info][gc,stats    ]       Phase: Concurrent Mark                             131.190 / 189.259     134.659 / 327.215     134.659 / 327.215     134.659 / 327.215     ms
[2026-04-03T02:47:33.463+0600][60.105s][info][gc,stats    ]       Phase: Concurrent Mark Continue                      0.000 / 0.000         0.000 / 0.000         0.000 / 0.000         0.000 / 0.000       ms
[2026-04-03T02:47:33.463+0600][60.105s][info][gc,stats    ]       Phase: Concurrent Mark Free                          0.003 / 0.017         0.002 / 0.017         0.002 / 0.017         0.002 / 0.017       ms
[2026-04-03T02:47:33.463+0600][60.105s][info][gc,stats    ]       Phase: Concurrent Process Non-Strong References     31.119 / 64.770       30.104 / 81.488       30.104 / 81.488       30.104 / 81.488      ms
[2026-04-03T02:47:33.463+0600][60.105s][info][gc,stats    ]       Phase: Concurrent Relocate                           8.330 / 19.537       10.220 / 43.194       10.220 / 43.194       10.220 / 43.194      ms
[2026-04-03T02:47:33.463+0600][60.105s][info][gc,stats    ]       Phase: Concurrent Reset Relocation Set               0.020 / 0.031         0.018 / 0.037         0.018 / 0.037         0.018 / 0.037       ms
[2026-04-03T02:47:33.463+0600][60.105s][info][gc,stats    ]       Phase: Concurrent Select Relocation Set              4.411 / 6.119         4.816 / 22.794        4.816 / 22.794        4.816 / 22.794      ms
[2026-04-03T02:47:33.463+0600][60.105s][info][gc,stats    ]       Phase: Pause Mark End                                0.036 / 0.047         0.045 / 0.151         0.045 / 0.151         0.045 / 0.151       ms
[2026-04-03T02:47:33.463+0600][60.105s][info][gc,stats    ]       Phase: Pause Mark Start                              0.018 / 0.074         0.017 / 0.078         0.017 / 0.078         0.017 / 0.078       ms
[2026-04-03T02:47:33.463+0600][60.105s][info][gc,stats    ]       Phase: Pause Relocate Start                          0.019 / 0.041         0.019 / 0.101         0.019 / 0.101         0.019 / 0.101       ms
[2026-04-03T02:47:33.463+0600][60.105s][info][gc,stats    ]    Subphase: Concurrent Classes Purge                      0.148 / 0.674         0.325 / 3.320         0.325 / 3.320         0.325 / 3.320       ms
[2026-04-03T02:47:33.463+0600][60.105s][info][gc,stats    ]    Subphase: Concurrent Classes Unlink                    27.518 / 60.086       26.241 / 74.619       26.241 / 74.619       26.241 / 74.619      ms
[2026-04-03T02:47:33.463+0600][60.105s][info][gc,stats    ]    Subphase: Concurrent Mark                             124.507 / 184.703     118.952 / 320.633     118.952 / 320.633     118.952 / 320.633     ms
[2026-04-03T02:47:33.463+0600][60.105s][info][gc,stats    ]    Subphase: Concurrent Mark Try Flush                     0.415 / 2.744         0.417 / 5.473         0.417 / 5.473         0.417 / 5.473       ms
[2026-04-03T02:47:33.463+0600][60.105s][info][gc,stats    ]    Subphase: Concurrent Mark Try Terminate                 0.741 / 1.203         0.829 / 2.888         0.829 / 2.888         0.829 / 2.888       ms
[2026-04-03T02:47:33.463+0600][60.105s][info][gc,stats    ]    Subphase: Concurrent References Enqueue                 0.010 / 0.019         0.009 / 0.019         0.009 / 0.019         0.009 / 0.019       ms
[2026-04-03T02:47:33.463+0600][60.105s][info][gc,stats    ]    Subphase: Concurrent References Process                 0.874 / 1.560         0.911 / 2.239         0.911 / 2.239         0.911 / 2.239       ms
[2026-04-03T02:47:33.463+0600][60.105s][info][gc,stats    ]    Subphase: Concurrent Roots ClassLoaderDataGraph         0.423 / 0.857         0.416 / 0.991         0.416 / 0.991         0.416 / 0.991       ms
[2026-04-03T02:47:33.463+0600][60.105s][info][gc,stats    ]    Subphase: Concurrent Roots CodeCache                    0.000 / 0.000         0.000 / 0.000         0.000 / 0.000         0.000 / 0.000       ms
[2026-04-03T02:47:33.463+0600][60.105s][info][gc,stats    ]    Subphase: Concurrent Roots JavaThreads                  1.410 / 3.863         1.501 / 7.358         1.501 / 7.358         1.501 / 7.358       ms
[2026-04-03T02:47:33.463+0600][60.105s][info][gc,stats    ]    Subphase: Concurrent Roots OopStorageSet                0.099 / 0.223         0.103 / 0.283         0.103 / 0.283         0.103 / 0.283       ms
[2026-04-03T02:47:33.463+0600][60.105s][info][gc,stats    ]    Subphase: Concurrent Weak Roots OopStorageSet           1.615 / 2.760         1.577 / 4.256         1.577 / 4.256         1.577 / 4.256       ms
[2026-04-03T02:47:33.463+0600][60.105s][info][gc,stats    ]    Subphase: Pause Mark Try Complete                       0.000 / 0.000         0.002 / 0.010         0.002 / 0.010         0.002 / 0.010       ms
[2026-04-03T02:47:33.463+0600][60.105s][info][gc,stats    ]      System: Java Threads                                    285 / 289             251 / 289             251 / 289             251 / 289         threads
[2026-04-03T02:47:33.463+0600][60.105s][info][gc,stats    ] =========================================================================================================================================================
[2026-04-03T02:47:33.763+0600][60.404s][info][gc,start    ] GC(53) Garbage Collection (Allocation Rate)
[2026-04-03T02:47:33.779+0600][60.420s][info][gc,task     ] GC(53) Using 2 workers
[2026-04-03T02:47:33.779+0600][60.421s][info][gc,phases   ] GC(53) Pause Mark Start 0.011ms
[2026-04-03T02:47:33.939+0600][60.580s][info][gc,phases   ] GC(53) Concurrent Mark 159.621ms
[2026-04-03T02:47:33.939+0600][60.581s][info][gc,phases   ] GC(53) Pause Mark End 0.030ms
[2026-04-03T02:47:33.939+0600][60.581s][info][gc,phases   ] GC(53) Concurrent Mark Free 0.003ms
[2026-04-03T02:47:33.972+0600][60.613s][info][gc,phases   ] GC(53) Concurrent Process Non-Strong References 32.498ms
[2026-04-03T02:47:33.972+0600][60.614s][info][gc,phases   ] GC(53) Concurrent Reset Relocation Set 0.018ms
[2026-04-03T02:47:33.976+0600][60.617s][info][gc,phases   ] GC(53) Concurrent Select Relocation Set 3.606ms
[2026-04-03T02:47:33.976+0600][60.617s][info][gc,phases   ] GC(53) Pause Relocate Start 0.014ms
[2026-04-03T02:47:33.984+0600][60.626s][info][gc,phases   ] GC(53) Concurrent Relocate 7.703ms
[2026-04-03T02:47:33.984+0600][60.626s][info][gc,load     ] GC(53) Load: 5.44/5.49/5.58
[2026-04-03T02:47:33.984+0600][60.626s][info][gc,mmu      ] GC(53) MMU: 2ms/92.4%, 5ms/97.0%, 10ms/98.4%, 20ms/99.2%, 50ms/99.7%, 100ms/99.8%
[2026-04-03T02:47:33.984+0600][60.626s][info][gc,marking  ] GC(53) Mark: 2 stripe(s), 2 proactive flush(es), 1 terminate flush(es), 0 completion(s), 0 continuation(s) 
[2026-04-03T02:47:33.984+0600][60.626s][info][gc,marking  ] GC(53) Mark Stack Usage: 32M
[2026-04-03T02:47:33.984+0600][60.626s][info][gc,nmethod  ] GC(53) NMethods: 15140 registered, 2227 unregistered
[2026-04-03T02:47:33.984+0600][60.626s][info][gc,metaspace] GC(53) Metaspace: 128M used, 129M committed, 1152M reserved
[2026-04-03T02:47:33.984+0600][60.626s][info][gc,ref      ] GC(53) Soft: 3402 encountered, 0 discovered, 0 enqueued
[2026-04-03T02:47:33.984+0600][60.626s][info][gc,ref      ] GC(53) Weak: 15380 encountered, 5163 discovered, 405 enqueued
[2026-04-03T02:47:33.984+0600][60.626s][info][gc,ref      ] GC(53) Final: 84 encountered, 0 discovered, 0 enqueued
[2026-04-03T02:47:33.984+0600][60.626s][info][gc,ref      ] GC(53) Phantom: 620 encountered, 238 discovered, 0 enqueued
[2026-04-03T02:47:33.984+0600][60.626s][info][gc,reloc    ] GC(53) Small Pages: 334 / 668M, Empty: 114M, Relocated: 8M, In-Place: 0
[2026-04-03T02:47:33.984+0600][60.626s][info][gc,reloc    ] GC(53) Medium Pages: 4 / 128M, Empty: 96M, Relocated: 0M, In-Place: 0
[2026-04-03T02:47:33.984+0600][60.626s][info][gc,reloc    ] GC(53) Large Pages: 39 / 234M, Empty: 234M, Relocated: 0M, In-Place: 0
[2026-04-03T02:47:33.984+0600][60.626s][info][gc,reloc    ] GC(53) Forwarding Usage: 2M
[2026-04-03T02:47:33.984+0600][60.626s][info][gc,heap     ] GC(53) Min Capacity: 8M(0%)
[2026-04-03T02:47:33.984+0600][60.626s][info][gc,heap     ] GC(53) Max Capacity: 2000M(100%)
[2026-04-03T02:47:33.984+0600][60.626s][info][gc,heap     ] GC(53) Soft Max Capacity: 2000M(100%)
[2026-04-03T02:47:33.985+0600][60.626s][info][gc,heap     ] GC(53)                Mark Start          Mark End        Relocate Start      Relocate End           High               Low         
[2026-04-03T02:47:33.985+0600][60.626s][info][gc,heap     ] GC(53)  Capacity:     2000M (100%)       2000M (100%)       2000M (100%)       2000M (100%)       2000M (100%)       2000M (100%)   
[2026-04-03T02:47:33.985+0600][60.626s][info][gc,heap     ] GC(53)      Free:      970M (48%)         754M (38%)        1152M (58%)        1576M (79%)        1576M (79%)         696M (35%)    
[2026-04-03T02:47:33.985+0600][60.626s][info][gc,heap     ] GC(53)      Used:     1030M (52%)        1246M (62%)         848M (42%)         424M (21%)        1304M (65%)         424M (21%)    
[2026-04-03T02:47:33.985+0600][60.626s][info][gc,heap     ] GC(53)      Live:         -               106M (5%)          106M (5%)          106M (5%)             -                  -          
[2026-04-03T02:47:33.985+0600][60.626s][info][gc,heap     ] GC(53) Allocated:         -               216M (11%)         262M (13%)         275M (14%)            -                  -          
[2026-04-03T02:47:33.985+0600][60.626s][info][gc,heap     ] GC(53)   Garbage:         -               923M (46%)         479M (24%)          41M (2%)             -                  -          
[2026-04-03T02:47:33.985+0600][60.626s][info][gc,heap     ] GC(53) Reclaimed:         -                  -               444M (22%)         881M (44%)            -                  -          
[2026-04-03T02:47:33.985+0600][60.626s][info][gc          ] GC(53) Garbage Collection (Allocation Rate) 1030M(52%)->424M(21%)
[2026-04-03T02:47:34.364+0600][61.005s][info][gc,start    ] GC(54) Garbage Collection (Allocation Rate)
[2026-04-03T02:47:34.364+0600][61.005s][info][gc,task     ] GC(54) Using 2 workers
[2026-04-03T02:47:34.364+0600][61.005s][info][gc,phases   ] GC(54) Pause Mark Start 0.015ms
[2026-04-03T02:47:34.490+0600][61.131s][info][gc,phases   ] GC(54) Concurrent Mark 125.390ms
[2026-04-03T02:47:34.490+0600][61.131s][info][gc,phases   ] GC(54) Pause Mark End 0.029ms
[2026-04-03T02:47:34.490+0600][61.132s][info][gc,phases   ] GC(54) Concurrent Mark Free 0.003ms
[2026-04-03T02:47:34.518+0600][61.160s][info][gc,phases   ] GC(54) Concurrent Process Non-Strong References 28.000ms
[2026-04-03T02:47:34.518+0600][61.160s][info][gc,phases   ] GC(54) Concurrent Reset Relocation Set 0.020ms
[2026-04-03T02:47:34.523+0600][61.164s][info][gc,phases   ] GC(54) Concurrent Select Relocation Set 4.694ms
[2026-04-03T02:47:34.523+0600][61.165s][info][gc,phases   ] GC(54) Pause Relocate Start 0.015ms
[2026-04-03T02:47:34.535+0600][61.176s][info][gc,phases   ] GC(54) Concurrent Relocate 11.246ms
[2026-04-03T02:47:34.535+0600][61.176s][info][gc,load     ] GC(54) Load: 5.44/5.49/5.58
[2026-04-03T02:47:34.535+0600][61.176s][info][gc,mmu      ] GC(54) MMU: 2ms/92.4%, 5ms/97.0%, 10ms/98.4%, 20ms/99.2%, 50ms/99.7%, 100ms/99.8%
[2026-04-03T02:47:34.535+0600][61.176s][info][gc,marking  ] GC(54) Mark: 2 stripe(s), 2 proactive flush(es), 1 terminate flush(es), 0 completion(s), 0 continuation(s) 
[2026-04-03T02:47:34.535+0600][61.176s][info][gc,marking  ] GC(54) Mark Stack Usage: 32M
[2026-04-03T02:47:34.535+0600][61.176s][info][gc,nmethod  ] GC(54) NMethods: 15144 registered, 2234 unregistered
[2026-04-03T02:47:34.535+0600][61.176s][info][gc,metaspace] GC(54) Metaspace: 128M used, 129M committed, 1152M reserved
[2026-04-03T02:47:34.535+0600][61.176s][info][gc,ref      ] GC(54) Soft: 3398 encountered, 0 discovered, 0 enqueued
[2026-04-03T02:47:34.535+0600][61.176s][info][gc,ref      ] GC(54) Weak: 16048 encountered, 7196 discovered, 1432 enqueued
[2026-04-03T02:47:34.535+0600][61.176s][info][gc,ref      ] GC(54) Final: 84 encountered, 0 discovered, 0 enqueued
[2026-04-03T02:47:34.535+0600][61.176s][info][gc,ref      ] GC(54) Phantom: 620 encountered, 357 discovered, 0 enqueued
[2026-04-03T02:47:34.535+0600][61.176s][info][gc,reloc    ] GC(54) Small Pages: 366 / 732M, Empty: 278M, Relocated: 12M, In-Place: 0
[2026-04-03T02:47:34.535+0600][61.176s][info][gc,reloc    ] GC(54) Medium Pages: 5 / 160M, Empty: 128M, Relocated: 0M, In-Place: 0
[2026-04-03T02:47:34.535+0600][61.176s][info][gc,reloc    ] GC(54) Large Pages: 15 / 90M, Empty: 90M, Relocated: 0M, In-Place: 0
[2026-04-03T02:47:34.535+0600][61.176s][info][gc,reloc    ] GC(54) Forwarding Usage: 4M
[2026-04-03T02:47:34.535+0600][61.176s][info][gc,heap     ] GC(54) Min Capacity: 8M(0%)
[2026-04-03T02:47:34.535+0600][61.176s][info][gc,heap     ] GC(54) Max Capacity: 2000M(100%)
[2026-04-03T02:47:34.535+0600][61.176s][info][gc,heap     ] GC(54) Soft Max Capacity: 2000M(100%)
[2026-04-03T02:47:34.535+0600][61.176s][info][gc,heap     ] GC(54)                Mark Start          Mark End        Relocate Start      Relocate End           High               Low         
[2026-04-03T02:47:34.535+0600][61.176s][info][gc,heap     ] GC(54)  Capacity:     2000M (100%)       2000M (100%)       2000M (100%)       2000M (100%)       2000M (100%)       2000M (100%)   
[2026-04-03T02:47:34.535+0600][61.176s][info][gc,heap     ] GC(54)      Free:     1018M (51%)         912M (46%)        1376M (69%)        1690M (84%)        1704M (85%)         886M (44%)    
[2026-04-03T02:47:34.535+0600][61.176s][info][gc,heap     ] GC(54)      Used:      982M (49%)        1088M (54%)         624M (31%)         310M (16%)        1114M (56%)         296M (15%)    
[2026-04-03T02:47:34.535+0600][61.176s][info][gc,heap     ] GC(54)      Live:         -               107M (5%)          107M (5%)          107M (5%)             -                  -          
[2026-04-03T02:47:34.535+0600][61.176s][info][gc,heap     ] GC(54) Allocated:         -               106M (5%)          138M (7%)          161M (8%)             -                  -          
[2026-04-03T02:47:34.535+0600][61.176s][info][gc,heap     ] GC(54)   Garbage:         -               874M (44%)         378M (19%)          40M (2%)             -                  -          
[2026-04-03T02:47:34.535+0600][61.176s][info][gc,heap     ] GC(54) Reclaimed:         -                  -               496M (25%)         833M (42%)            -                  -          
[2026-04-03T02:47:34.535+0600][61.177s][info][gc          ] GC(54) Garbage Collection (Allocation Rate) 982M(49%)->310M(16%)
[2026-04-03T02:47:34.963+0600][61.605s][info][gc,start    ] GC(55) Garbage Collection (Allocation Rate)
[2026-04-03T02:47:34.963+0600][61.605s][info][gc,task     ] GC(55) Using 3 workers
[2026-04-03T02:47:34.963+0600][61.605s][info][gc,phases   ] GC(55) Pause Mark Start 0.029ms
[2026-04-03T02:47:35.064+0600][61.705s][info][gc,phases   ] GC(55) Concurrent Mark 99.922ms
[2026-04-03T02:47:35.064+0600][61.705s][info][gc,phases   ] GC(55) Pause Mark End 0.033ms
[2026-04-03T02:47:35.064+0600][61.706s][info][gc,phases   ] GC(55) Concurrent Mark Free 0.002ms
[2026-04-03T02:47:35.079+0600][61.720s][info][gc,phases   ] GC(55) Concurrent Process Non-Strong References 14.349ms
[2026-04-03T02:47:35.079+0600][61.720s][info][gc,phases   ] GC(55) Concurrent Reset Relocation Set 0.019ms
[2026-04-03T02:47:35.083+0600][61.724s][info][gc,phases   ] GC(55) Concurrent Select Relocation Set 4.217ms
[2026-04-03T02:47:35.083+0600][61.725s][info][gc,phases   ] GC(55) Pause Relocate Start 0.017ms
[2026-04-03T02:47:35.090+0600][61.732s][info][gc,phases   ] GC(55) Concurrent Relocate 5.120ms
[2026-04-03T02:47:35.090+0600][61.732s][info][gc,load     ] GC(55) Load: 6.36/5.69/5.64
[2026-04-03T02:47:35.090+0600][61.732s][info][gc,mmu      ] GC(55) MMU: 2ms/92.4%, 5ms/97.0%, 10ms/98.4%, 20ms/99.2%, 50ms/99.7%, 100ms/99.8%
[2026-04-03T02:47:35.090+0600][61.732s][info][gc,marking  ] GC(55) Mark: 2 stripe(s), 2 proactive flush(es), 1 terminate flush(es), 0 completion(s), 0 continuation(s) 
[2026-04-03T02:47:35.090+0600][61.732s][info][gc,marking  ] GC(55) Mark Stack Usage: 32M
[2026-04-03T02:47:35.090+0600][61.732s][info][gc,nmethod  ] GC(55) NMethods: 15145 registered, 2245 unregistered
[2026-04-03T02:47:35.090+0600][61.732s][info][gc,metaspace] GC(55) Metaspace: 128M used, 129M committed, 1152M reserved
[2026-04-03T02:47:35.090+0600][61.732s][info][gc,ref      ] GC(55) Soft: 3398 encountered, 0 discovered, 0 enqueued
[2026-04-03T02:47:35.090+0600][61.732s][info][gc,ref      ] GC(55) Weak: 15674 encountered, 6330 discovered, 1069 enqueued
[2026-04-03T02:47:35.090+0600][61.732s][info][gc,ref      ] GC(55) Final: 84 encountered, 20 discovered, 0 enqueued
[2026-04-03T02:47:35.090+0600][61.732s][info][gc,ref      ] GC(55) Phantom: 620 encountered, 334 discovered, 0 enqueued
[2026-04-03T02:47:35.090+0600][61.732s][info][gc,reloc    ] GC(55) Small Pages: 351 / 702M, Empty: 346M, Relocated: 8M, In-Place: 0
[2026-04-03T02:47:35.090+0600][61.732s][info][gc,reloc    ] GC(55) Medium Pages: 3 / 96M, Empty: 64M, Relocated: 0M, In-Place: 0
[2026-04-03T02:47:35.090+0600][61.732s][info][gc,reloc    ] GC(55) Large Pages: 134 / 804M, Empty: 780M, Relocated: 0M, In-Place: 0
[2026-04-03T02:47:35.090+0600][61.732s][info][gc,reloc    ] GC(55) Forwarding Usage: 1M
[2026-04-03T02:47:35.090+0600][61.732s][info][gc,heap     ] GC(55) Min Capacity: 8M(0%)
[2026-04-03T02:47:35.090+0600][61.732s][info][gc,heap     ] GC(55) Max Capacity: 2000M(100%)
[2026-04-03T02:47:35.090+0600][61.732s][info][gc,heap     ] GC(55) Soft Max Capacity: 2000M(100%)
[2026-04-03T02:47:35.090+0600][61.732s][info][gc,heap     ] GC(55)                Mark Start          Mark End        Relocate Start      Relocate End           High               Low         
[2026-04-03T02:47:35.090+0600][61.732s][info][gc,heap     ] GC(55)  Capacity:     2000M (100%)       2000M (100%)       2000M (100%)       2000M (100%)       2000M (100%)       2000M (100%)   
[2026-04-03T02:47:35.090+0600][61.732s][info][gc,heap     ] GC(55)      Free:      398M (20%)         238M (12%)        1406M (70%)        1628M (81%)        1628M (81%)         230M (12%)    
[2026-04-03T02:47:35.090+0600][61.732s][info][gc,heap     ] GC(55)      Used:     1602M (80%)        1762M (88%)         594M (30%)         372M (19%)        1770M (88%)         372M (19%)    
[2026-04-03T02:47:35.091+0600][61.732s][info][gc,heap     ] GC(55)      Live:         -               134M (7%)          134M (7%)          134M (7%)             -                  -          
[2026-04-03T02:47:35.091+0600][61.732s][info][gc,heap     ] GC(55) Allocated:         -               160M (8%)          182M (9%)          193M (10%)            -                  -          
[2026-04-03T02:47:35.091+0600][61.732s][info][gc,heap     ] GC(55)   Garbage:         -              1467M (73%)         277M (14%)          43M (2%)             -                  -          
[2026-04-03T02:47:35.091+0600][61.732s][info][gc,heap     ] GC(55) Reclaimed:         -                  -              1190M (60%)        1423M (71%)            -                  -          
[2026-04-03T02:47:35.091+0600][61.732s][info][gc          ] GC(55) Garbage Collection (Allocation Rate) 1602M(80%)->372M(19%)
[2026-04-03T02:47:35.763+0600][62.404s][info][gc,start    ] GC(56) Garbage Collection (Allocation Rate)
[2026-04-03T02:47:35.763+0600][62.405s][info][gc,task     ] GC(56) Using 2 workers
[2026-04-03T02:47:35.763+0600][62.405s][info][gc,phases   ] GC(56) Pause Mark Start 0.016ms
[2026-04-03T02:47:35.925+0600][62.567s][info][gc,phases   ] GC(56) Concurrent Mark 161.789ms
[2026-04-03T02:47:35.926+0600][62.567s][info][gc,phases   ] GC(56) Pause Mark End 0.039ms
[2026-04-03T02:47:35.926+0600][62.567s][info][gc,phases   ] GC(56) Concurrent Mark Free 0.003ms
[2026-04-03T02:47:35.956+0600][62.597s][info][gc,phases   ] GC(56) Concurrent Process Non-Strong References 30.060ms
[2026-04-03T02:47:35.956+0600][62.597s][info][gc,phases   ] GC(56) Concurrent Reset Relocation Set 0.016ms
[2026-04-03T02:47:35.962+0600][62.604s][info][gc,phases   ] GC(56) Concurrent Select Relocation Set 6.251ms
[2026-04-03T02:47:35.963+0600][62.605s][info][gc,phases   ] GC(56) Pause Relocate Start 0.019ms
[2026-04-03T02:47:35.976+0600][62.618s][info][gc,phases   ] GC(56) Concurrent Relocate 13.168ms
[2026-04-03T02:47:35.977+0600][62.618s][info][gc,load     ] GC(56) Load: 6.36/5.69/5.64
[2026-04-03T02:47:35.977+0600][62.618s][info][gc,mmu      ] GC(56) MMU: 2ms/92.4%, 5ms/97.0%, 10ms/98.4%, 20ms/99.2%, 50ms/99.7%, 100ms/99.8%
[2026-04-03T02:47:35.977+0600][62.618s][info][gc,marking  ] GC(56) Mark: 2 stripe(s), 2 proactive flush(es), 1 terminate flush(es), 0 completion(s), 0 continuation(s) 
[2026-04-03T02:47:35.977+0600][62.618s][info][gc,marking  ] GC(56) Mark Stack Usage: 32M
[2026-04-03T02:47:35.977+0600][62.618s][info][gc,nmethod  ] GC(56) NMethods: 15161 registered, 2260 unregistered
[2026-04-03T02:47:35.977+0600][62.618s][info][gc,metaspace] GC(56) Metaspace: 128M used, 129M committed, 1152M reserved
[2026-04-03T02:47:35.977+0600][62.618s][info][gc,ref      ] GC(56) Soft: 3400 encountered, 0 discovered, 0 enqueued
[2026-04-03T02:47:35.977+0600][62.618s][info][gc,ref      ] GC(56) Weak: 15670 encountered, 5260 discovered, 412 enqueued
[2026-04-03T02:47:35.977+0600][62.618s][info][gc,ref      ] GC(56) Final: 84 encountered, 0 discovered, 0 enqueued
[2026-04-03T02:47:35.977+0600][62.618s][info][gc,ref      ] GC(56) Phantom: 620 encountered, 565 discovered, 0 enqueued
[2026-04-03T02:47:35.977+0600][62.618s][info][gc,reloc    ] GC(56) Small Pages: 399 / 798M, Empty: 228M, Relocated: 10M, In-Place: 0
[2026-04-03T02:47:35.977+0600][62.618s][info][gc,reloc    ] GC(56) Medium Pages: 5 / 160M, Empty: 128M, Relocated: 0M, In-Place: 0
[2026-04-03T02:47:35.977+0600][62.618s][info][gc,reloc    ] GC(56) Large Pages: 28 / 168M, Empty: 168M, Relocated: 0M, In-Place: 0
[2026-04-03T02:47:35.977+0600][62.618s][info][gc,reloc    ] GC(56) Forwarding Usage: 2M
[2026-04-03T02:47:35.977+0600][62.618s][info][gc,heap     ] GC(56) Min Capacity: 8M(0%)
[2026-04-03T02:47:35.977+0600][62.618s][info][gc,heap     ] GC(56) Max Capacity: 2000M(100%)
[2026-04-03T02:47:35.977+0600][62.618s][info][gc,heap     ] GC(56) Soft Max Capacity: 2000M(100%)
[2026-04-03T02:47:35.977+0600][62.618s][info][gc,heap     ] GC(56)                Mark Start          Mark End        Relocate Start      Relocate End           High               Low         
[2026-04-03T02:47:35.977+0600][62.618s][info][gc,heap     ] GC(56)  Capacity:     2000M (100%)       2000M (100%)       2000M (100%)       2000M (100%)       2000M (100%)       2000M (100%)   
[2026-04-03T02:47:35.977+0600][62.618s][info][gc,heap     ] GC(56)      Free:      874M (44%)         630M (32%)        1108M (55%)        1546M (77%)        1546M (77%)         604M (30%)    
[2026-04-03T02:47:35.977+0600][62.618s][info][gc,heap     ] GC(56)      Used:     1126M (56%)        1370M (68%)         892M (45%)         454M (23%)        1396M (70%)         454M (23%)    
[2026-04-03T02:47:35.977+0600][62.618s][info][gc,heap     ] GC(56)      Live:         -               107M (5%)          107M (5%)          107M (5%)             -                  -          
[2026-04-03T02:47:35.977+0600][62.618s][info][gc,heap     ] GC(56) Allocated:         -               244M (12%)         290M (14%)         305M (15%)            -                  -          
[2026-04-03T02:47:35.977+0600][62.618s][info][gc,heap     ] GC(56)   Garbage:         -              1018M (51%)         494M (25%)          40M (2%)             -                  -          
[2026-04-03T02:47:35.977+0600][62.618s][info][gc,heap     ] GC(56) Reclaimed:         -                  -               524M (26%)         977M (49%)            -                  -          
[2026-04-03T02:47:35.977+0600][62.618s][info][gc          ] GC(56) Garbage Collection (Allocation Rate) 1126M(56%)->454M(23%)
[2026-04-03T02:47:36.364+0600][63.005s][info][gc,start    ] GC(57) Garbage Collection (Allocation Rate)
[2026-04-03T02:47:36.364+0600][63.005s][info][gc,task     ] GC(57) Using 2 workers
[2026-04-03T02:47:36.364+0600][63.005s][info][gc,phases   ] GC(57) Pause Mark Start 0.038ms
[2026-04-03T02:47:36.544+0600][63.186s][info][gc,phases   ] GC(57) Concurrent Mark 179.991ms
[2026-04-03T02:47:36.544+0600][63.186s][info][gc,phases   ] GC(57) Pause Mark End 0.036ms
[2026-04-03T02:47:36.544+0600][63.186s][info][gc,phases   ] GC(57) Concurrent Mark Free 0.003ms
[2026-04-03T02:47:36.585+0600][63.226s][info][gc,phases   ] GC(57) Concurrent Process Non-Strong References 40.025ms
[2026-04-03T02:47:36.585+0600][63.226s][info][gc,phases   ] GC(57) Concurrent Reset Relocation Set 0.031ms
[2026-04-03T02:47:36.590+0600][63.232s][info][gc,phases   ] GC(57) Concurrent Select Relocation Set 5.290ms
[2026-04-03T02:47:36.590+0600][63.232s][info][gc,phases   ] GC(57) Pause Relocate Start 0.018ms
[2026-04-03T02:47:36.604+0600][63.245s][info][gc,phases   ] GC(57) Concurrent Relocate 12.978ms
[2026-04-03T02:47:36.604+0600][63.246s][info][gc,load     ] GC(57) Load: 6.36/5.69/5.64
[2026-04-03T02:47:36.604+0600][63.246s][info][gc,mmu      ] GC(57) MMU: 2ms/92.4%, 5ms/97.0%, 10ms/98.4%, 20ms/99.2%, 50ms/99.7%, 100ms/99.8%
[2026-04-03T02:47:36.604+0600][63.246s][info][gc,marking  ] GC(57) Mark: 2 stripe(s), 2 proactive flush(es), 1 terminate flush(es), 0 completion(s), 0 continuation(s) 
[2026-04-03T02:47:36.604+0600][63.246s][info][gc,marking  ] GC(57) Mark Stack Usage: 32M
[2026-04-03T02:47:36.604+0600][63.246s][info][gc,nmethod  ] GC(57) NMethods: 15171 registered, 2266 unregistered
[2026-04-03T02:47:36.604+0600][63.246s][info][gc,metaspace] GC(57) Metaspace: 128M used, 129M committed, 1152M reserved
[2026-04-03T02:47:36.604+0600][63.246s][info][gc,ref      ] GC(57) Soft: 3400 encountered, 0 discovered, 0 enqueued
[2026-04-03T02:47:36.604+0600][63.246s][info][gc,ref      ] GC(57) Weak: 16498 encountered, 5578 discovered, 1732 enqueued
[2026-04-03T02:47:36.604+0600][63.246s][info][gc,ref      ] GC(57) Final: 84 encountered, 0 discovered, 0 enqueued
[2026-04-03T02:47:36.604+0600][63.246s][info][gc,ref      ] GC(57) Phantom: 620 encountered, 598 discovered, 0 enqueued
[2026-04-03T02:47:36.604+0600][63.246s][info][gc,reloc    ] GC(57) Small Pages: 357 / 714M, Empty: 190M, Relocated: 8M, In-Place: 0
[2026-04-03T02:47:36.604+0600][63.246s][info][gc,reloc    ] GC(57) Medium Pages: 5 / 160M, Empty: 128M, Relocated: 0M, In-Place: 0
[2026-04-03T02:47:36.604+0600][63.246s][info][gc,reloc    ] GC(57) Large Pages: 17 / 102M, Empty: 102M, Relocated: 0M, In-Place: 0
[2026-04-03T02:47:36.604+0600][63.246s][info][gc,reloc    ] GC(57) Forwarding Usage: 2M
[2026-04-03T02:47:36.604+0600][63.246s][info][gc,heap     ] GC(57) Min Capacity: 8M(0%)
[2026-04-03T02:47:36.604+0600][63.246s][info][gc,heap     ] GC(57) Max Capacity: 2000M(100%)
[2026-04-03T02:47:36.604+0600][63.246s][info][gc,heap     ] GC(57) Soft Max Capacity: 2000M(100%)
[2026-04-03T02:47:36.604+0600][63.246s][info][gc,heap     ] GC(57)                Mark Start          Mark End        Relocate Start      Relocate End           High               Low         
[2026-04-03T02:47:36.604+0600][63.246s][info][gc,heap     ] GC(57)  Capacity:     2000M (100%)       2000M (100%)       2000M (100%)       2000M (100%)       2000M (100%)       2000M (100%)   
[2026-04-03T02:47:36.604+0600][63.246s][info][gc,heap     ] GC(57)      Free:     1024M (51%)         746M (37%)        1080M (54%)        1466M (73%)        1466M (73%)         670M (34%)    
[2026-04-03T02:47:36.604+0600][63.246s][info][gc,heap     ] GC(57)      Used:      976M (49%)        1254M (63%)         920M (46%)         534M (27%)        1330M (66%)         534M (27%)    
[2026-04-03T02:47:36.604+0600][63.246s][info][gc,heap     ] GC(57)      Live:         -               108M (5%)          108M (5%)          108M (5%)             -                  -          
[2026-04-03T02:47:36.604+0600][63.246s][info][gc,heap     ] GC(57) Allocated:         -               278M (14%)         364M (18%)         383M (19%)            -                  -          
[2026-04-03T02:47:36.604+0600][63.246s][info][gc,heap     ] GC(57)   Garbage:         -               867M (43%)         447M (22%)          42M (2%)             -                  -          
[2026-04-03T02:47:36.604+0600][63.246s][info][gc,heap     ] GC(57) Reclaimed:         -                  -               420M (21%)         825M (41%)            -                  -          
[2026-04-03T02:47:36.604+0600][63.246s][info][gc          ] GC(57) Garbage Collection (Allocation Rate) 976M(49%)->534M(27%)
[2026-04-03T02:47:36.763+0600][63.405s][info][gc,start    ] GC(58) Garbage Collection (Allocation Rate)
[2026-04-03T02:47:36.763+0600][63.405s][info][gc,task     ] GC(58) Using 2 workers
[2026-04-03T02:47:36.763+0600][63.405s][info][gc,phases   ] GC(58) Pause Mark Start 0.010ms
[2026-04-03T02:47:36.904+0600][63.545s][info][gc,phases   ] GC(58) Concurrent Mark 139.892ms
[2026-04-03T02:47:36.904+0600][63.545s][info][gc,phases   ] GC(58) Pause Mark End 0.041ms
[2026-04-03T02:47:36.904+0600][63.545s][info][gc,phases   ] GC(58) Concurrent Mark Free 0.001ms
[2026-04-03T02:47:36.924+0600][63.565s][info][gc,phases   ] GC(58) Concurrent Process Non-Strong References 19.690ms
[2026-04-03T02:47:36.924+0600][63.565s][info][gc,phases   ] GC(58) Concurrent Reset Relocation Set 0.019ms
[2026-04-03T02:47:36.927+0600][63.568s][info][gc,phases   ] GC(58) Concurrent Select Relocation Set 2.806ms
[2026-04-03T02:47:36.927+0600][63.568s][info][gc,phases   ] GC(58) Pause Relocate Start 0.026ms
[2026-04-03T02:47:36.931+0600][63.572s][info][gc,phases   ] GC(58) Concurrent Relocate 3.473ms
[2026-04-03T02:47:36.931+0600][63.572s][info][gc,load     ] GC(58) Load: 6.36/5.69/5.64
[2026-04-03T02:47:36.931+0600][63.572s][info][gc,mmu      ] GC(58) MMU: 2ms/92.4%, 5ms/97.0%, 10ms/98.4%, 20ms/99.2%, 50ms/99.7%, 100ms/99.8%
[2026-04-03T02:47:36.931+0600][63.572s][info][gc,marking  ] GC(58) Mark: 2 stripe(s), 2 proactive flush(es), 1 terminate flush(es), 0 completion(s), 0 continuation(s) 
[2026-04-03T02:47:36.931+0600][63.572s][info][gc,marking  ] GC(58) Mark Stack Usage: 32M
[2026-04-03T02:47:36.931+0600][63.572s][info][gc,nmethod  ] GC(58) NMethods: 15177 registered, 2271 unregistered
[2026-04-03T02:47:36.931+0600][63.572s][info][gc,metaspace] GC(58) Metaspace: 128M used, 129M committed, 1152M reserved
[2026-04-03T02:47:36.931+0600][63.572s][info][gc,ref      ] GC(58) Soft: 3394 encountered, 0 discovered, 0 enqueued
[2026-04-03T02:47:36.931+0600][63.572s][info][gc,ref      ] GC(58) Weak: 15297 encountered, 6272 discovered, 782 enqueued
[2026-04-03T02:47:36.931+0600][63.572s][info][gc,ref      ] GC(58) Final: 84 encountered, 4 discovered, 0 enqueued
[2026-04-03T02:47:36.931+0600][63.572s][info][gc,ref      ] GC(58) Phantom: 620 encountered, 348 discovered, 0 enqueued
[2026-04-03T02:47:36.931+0600][63.572s][info][gc,reloc    ] GC(58) Small Pages: 284 / 568M, Empty: 278M, Relocated: 4M, In-Place: 0
[2026-04-03T02:47:36.931+0600][63.572s][info][gc,reloc    ] GC(58) Medium Pages: 3 / 96M, Empty: 64M, Relocated: 0M, In-Place: 0
[2026-04-03T02:47:36.931+0600][63.572s][info][gc,reloc    ] GC(58) Large Pages: 71 / 426M, Empty: 426M, Relocated: 0M, In-Place: 0
[2026-04-03T02:47:36.931+0600][63.572s][info][gc,reloc    ] GC(58) Forwarding Usage: 1M
[2026-04-03T02:47:36.931+0600][63.572s][info][gc,heap     ] GC(58) Min Capacity: 8M(0%)
[2026-04-03T02:47:36.931+0600][63.572s][info][gc,heap     ] GC(58) Max Capacity: 2000M(100%)
[2026-04-03T02:47:36.931+0600][63.572s][info][gc,heap     ] GC(58) Soft Max Capacity: 2000M(100%)
[2026-04-03T02:47:36.931+0600][63.572s][info][gc,heap     ] GC(58)                Mark Start          Mark End        Relocate Start      Relocate End           High               Low         
[2026-04-03T02:47:36.931+0600][63.572s][info][gc,heap     ] GC(58)  Capacity:     2000M (100%)       2000M (100%)       2000M (100%)       2000M (100%)       2000M (100%)       2000M (100%)   
[2026-04-03T02:47:36.931+0600][63.572s][info][gc,heap     ] GC(58)      Free:      910M (46%)         390M (20%)        1146M (57%)        1308M (65%)        1312M (66%)         380M (19%)    
[2026-04-03T02:47:36.931+0600][63.572s][info][gc,heap     ] GC(58)      Used:     1090M (55%)        1610M (80%)         854M (43%)         692M (35%)        1620M (81%)         688M (34%)    
[2026-04-03T02:47:36.931+0600][63.572s][info][gc,heap     ] GC(58)      Live:         -               106M (5%)          106M (5%)          106M (5%)             -                  -          
[2026-04-03T02:47:36.931+0600][63.572s][info][gc,heap     ] GC(58) Allocated:         -               520M (26%)         532M (27%)         543M (27%)            -                  -          
[2026-04-03T02:47:36.931+0600][63.572s][info][gc,heap     ] GC(58)   Garbage:         -               983M (49%)         215M (11%)          41M (2%)             -                  -          
[2026-04-03T02:47:36.931+0600][63.572s][info][gc,heap     ] GC(58) Reclaimed:         -                  -               768M (38%)         941M (47%)            -                  -          
[2026-04-03T02:47:36.931+0600][63.572s][info][gc          ] GC(58) Garbage Collection (Allocation Rate) 1090M(55%)->692M(35%)
[2026-04-03T02:47:36.963+0600][63.605s][info][gc,start    ] GC(59) Garbage Collection (Allocation Rate)
[2026-04-03T02:47:36.963+0600][63.605s][info][gc,task     ] GC(59) Using 2 workers
[2026-04-03T02:47:36.964+0600][63.605s][info][gc,phases   ] GC(59) Pause Mark Start 0.011ms
[2026-04-03T02:47:37.107+0600][63.749s][info][gc,phases   ] GC(59) Concurrent Mark 143.410ms
[2026-04-03T02:47:37.107+0600][63.749s][info][gc,phases   ] GC(59) Pause Mark End 0.024ms
[2026-04-03T02:47:37.108+0600][63.749s][info][gc,phases   ] GC(59) Concurrent Mark Free 0.002ms
[2026-04-03T02:47:37.126+0600][63.768s][info][gc,phases   ] GC(59) Concurrent Process Non-Strong References 18.645ms
[2026-04-03T02:47:37.126+0600][63.768s][info][gc,phases   ] GC(59) Concurrent Reset Relocation Set 0.010ms
[2026-04-03T02:47:37.130+0600][63.772s][info][gc,phases   ] GC(59) Concurrent Select Relocation Set 3.671ms
[2026-04-03T02:47:37.131+0600][63.772s][info][gc,phases   ] GC(59) Pause Relocate Start 0.013ms
[2026-04-03T02:47:37.135+0600][63.777s][info][gc,phases   ] GC(59) Concurrent Relocate 4.441ms
[2026-04-03T02:47:37.135+0600][63.777s][info][gc,load     ] GC(59) Load: 6.36/5.69/5.64
[2026-04-03T02:47:37.135+0600][63.777s][info][gc,mmu      ] GC(59) MMU: 2ms/92.4%, 5ms/97.0%, 10ms/98.4%, 20ms/99.2%, 50ms/99.7%, 100ms/99.8%
[2026-04-03T02:47:37.135+0600][63.777s][info][gc,marking  ] GC(59) Mark: 2 stripe(s), 4 proactive flush(es), 1 terminate flush(es), 0 completion(s), 0 continuation(s) 
[2026-04-03T02:47:37.135+0600][63.777s][info][gc,marking  ] GC(59) Mark Stack Usage: 32M
[2026-04-03T02:47:37.135+0600][63.777s][info][gc,nmethod  ] GC(59) NMethods: 15200 registered, 2274 unregistered
[2026-04-03T02:47:37.135+0600][63.777s][info][gc,metaspace] GC(59) Metaspace: 128M used, 129M committed, 1152M reserved
[2026-04-03T02:47:37.135+0600][63.777s][info][gc,ref      ] GC(59) Soft: 3402 encountered, 0 discovered, 0 enqueued
[2026-04-03T02:47:37.135+0600][63.777s][info][gc,ref      ] GC(59) Weak: 14826 encountered, 6177 discovered, 156 enqueued
[2026-04-03T02:47:37.135+0600][63.777s][info][gc,ref      ] GC(59) Final: 84 encountered, 0 discovered, 0 enqueued
[2026-04-03T02:47:37.135+0600][63.777s][info][gc,ref      ] GC(59) Phantom: 620 encountered, 374 discovered, 0 enqueued
[2026-04-03T02:47:37.136+0600][63.777s][info][gc,reloc    ] GC(59) Small Pages: 144 / 288M, Empty: 22M, Relocated: 6M, In-Place: 0
[2026-04-03T02:47:37.136+0600][63.777s][info][gc,reloc    ] GC(59) Medium Pages: 2 / 64M, Empty: 32M, Relocated: 0M, In-Place: 0
[2026-04-03T02:47:37.136+0600][63.777s][info][gc,reloc    ] GC(59) Large Pages: 68 / 408M, Empty: 408M, Relocated: 0M, In-Place: 0
[2026-04-03T02:47:37.136+0600][63.777s][info][gc,reloc    ] GC(59) Forwarding Usage: 1M
[2026-04-03T02:47:37.136+0600][63.777s][info][gc,heap     ] GC(59) Min Capacity: 8M(0%)
[2026-04-03T02:47:37.136+0600][63.777s][info][gc,heap     ] GC(59) Max Capacity: 2000M(100%)
[2026-04-03T02:47:37.136+0600][63.777s][info][gc,heap     ] GC(59) Soft Max Capacity: 2000M(100%)
[2026-04-03T02:47:37.136+0600][63.777s][info][gc,heap     ] GC(59)                Mark Start          Mark End        Relocate Start      Relocate End           High               Low         
[2026-04-03T02:47:37.136+0600][63.777s][info][gc,heap     ] GC(59)  Capacity:     2000M (100%)       2000M (100%)       2000M (100%)       2000M (100%)       2000M (100%)       2000M (100%)   
[2026-04-03T02:47:37.136+0600][63.777s][info][gc,heap     ] GC(59)      Free:     1240M (62%)        1130M (56%)        1580M (79%)        1728M (86%)        1728M (86%)        1120M (56%)    
[2026-04-03T02:47:37.136+0600][63.777s][info][gc,heap     ] GC(59)      Used:      760M (38%)         870M (44%)         420M (21%)         272M (14%)         880M (44%)         272M (14%)    
[2026-04-03T02:47:37.136+0600][63.777s][info][gc,heap     ] GC(59)      Live:         -               104M (5%)          104M (5%)          104M (5%)             -                  -          
[2026-04-03T02:47:37.136+0600][63.777s][info][gc,heap     ] GC(59) Allocated:         -               110M (6%)          122M (6%)          123M (6%)             -                  -          
[2026-04-03T02:47:37.136+0600][63.777s][info][gc,heap     ] GC(59)   Garbage:         -               655M (33%)         193M (10%)          43M (2%)             -                  -          
[2026-04-03T02:47:37.136+0600][63.777s][info][gc,heap     ] GC(59) Reclaimed:         -                  -               462M (23%)         611M (31%)            -                  -          
[2026-04-03T02:47:37.136+0600][63.777s][info][gc          ] GC(59) Garbage Collection (Allocation Rate) 760M(38%)->272M(14%)
[2026-04-03T02:47:37.863+0600][64.505s][info][gc,start    ] GC(60) Garbage Collection (Allocation Rate)
[2026-04-03T02:47:37.864+0600][64.505s][info][gc,task     ] GC(60) Using 2 workers
[2026-04-03T02:47:37.864+0600][64.506s][info][gc,phases   ] GC(60) Pause Mark Start 0.027ms
[2026-04-03T02:47:38.023+0600][64.664s][info][gc,phases   ] GC(60) Concurrent Mark 158.500ms
[2026-04-03T02:47:38.023+0600][64.664s][info][gc,phases   ] GC(60) Pause Mark End 0.028ms
[2026-04-03T02:47:38.023+0600][64.665s][info][gc,phases   ] GC(60) Concurrent Mark Free 0.002ms
[2026-04-03T02:47:38.059+0600][64.701s][info][gc,phases   ] GC(60) Concurrent Process Non-Strong References 36.181ms
[2026-04-03T02:47:38.059+0600][64.701s][info][gc,phases   ] GC(60) Concurrent Reset Relocation Set 0.008ms
[2026-04-03T02:47:38.064+0600][64.705s][info][gc,phases   ] GC(60) Concurrent Select Relocation Set 4.341ms
[2026-04-03T02:47:38.064+0600][64.706s][info][gc,phases   ] GC(60) Pause Relocate Start 0.014ms
[2026-04-03T02:47:38.071+0600][64.713s][info][gc,phases   ] GC(60) Concurrent Relocate 6.958ms
[2026-04-03T02:47:38.071+0600][64.713s][info][gc,load     ] GC(60) Load: 6.36/5.69/5.64
[2026-04-03T02:47:38.071+0600][64.713s][info][gc,mmu      ] GC(60) MMU: 2ms/92.4%, 5ms/97.0%, 10ms/98.4%, 20ms/99.2%, 50ms/99.7%, 100ms/99.8%
[2026-04-03T02:47:38.071+0600][64.713s][info][gc,marking  ] GC(60) Mark: 2 stripe(s), 2 proactive flush(es), 1 terminate flush(es), 0 completion(s), 0 continuation(s) 
[2026-04-03T02:47:38.071+0600][64.713s][info][gc,marking  ] GC(60) Mark Stack Usage: 32M
[2026-04-03T02:47:38.071+0600][64.713s][info][gc,nmethod  ] GC(60) NMethods: 15209 registered, 2305 unregistered
[2026-04-03T02:47:38.071+0600][64.713s][info][gc,metaspace] GC(60) Metaspace: 128M used, 129M committed, 1152M reserved
[2026-04-03T02:47:38.071+0600][64.713s][info][gc,ref      ] GC(60) Soft: 3402 encountered, 0 discovered, 0 enqueued
[2026-04-03T02:47:38.071+0600][64.713s][info][gc,ref      ] GC(60) Weak: 15945 encountered, 5095 discovered, 270 enqueued
[2026-04-03T02:47:38.071+0600][64.713s][info][gc,ref      ] GC(60) Final: 84 encountered, 0 discovered, 0 enqueued
[2026-04-03T02:47:38.071+0600][64.713s][info][gc,ref      ] GC(60) Phantom: 620 encountered, 341 discovered, 0 enqueued
[2026-04-03T02:47:38.071+0600][64.713s][info][gc,reloc    ] GC(60) Small Pages: 440 / 880M, Empty: 322M, Relocated: 9M, In-Place: 0
[2026-04-03T02:47:38.071+0600][64.713s][info][gc,reloc    ] GC(60) Medium Pages: 6 / 192M, Empty: 160M, Relocated: 0M, In-Place: 0
[2026-04-03T02:47:38.071+0600][64.713s][info][gc,reloc    ] GC(60) Large Pages: 19 / 114M, Empty: 114M, Relocated: 0M, In-Place: 0
[2026-04-03T02:47:38.071+0600][64.713s][info][gc,reloc    ] GC(60) Forwarding Usage: 2M
[2026-04-03T02:47:38.071+0600][64.713s][info][gc,heap     ] GC(60) Min Capacity: 8M(0%)
[2026-04-03T02:47:38.072+0600][64.713s][info][gc,heap     ] GC(60) Max Capacity: 2000M(100%)
[2026-04-03T02:47:38.072+0600][64.713s][info][gc,heap     ] GC(60) Soft Max Capacity: 2000M(100%)
[2026-04-03T02:47:38.072+0600][64.713s][info][gc,heap     ] GC(60)                Mark Start          Mark End        Relocate Start      Relocate End           High               Low         
[2026-04-03T02:47:38.072+0600][64.713s][info][gc,heap     ] GC(60)  Capacity:     2000M (100%)       2000M (100%)       2000M (100%)       2000M (100%)       2000M (100%)       2000M (100%)   
[2026-04-03T02:47:38.072+0600][64.713s][info][gc,heap     ] GC(60)      Free:      814M (41%)         590M (30%)        1140M (57%)        1568M (78%)        1568M (78%)         550M (28%)    
[2026-04-03T02:47:38.072+0600][64.713s][info][gc,heap     ] GC(60)      Used:     1186M (59%)        1410M (70%)         860M (43%)         432M (22%)        1450M (72%)         432M (22%)    
[2026-04-03T02:47:38.072+0600][64.713s][info][gc,heap     ] GC(60)      Live:         -               110M (6%)          110M (6%)          110M (6%)             -                  -          
[2026-04-03T02:47:38.072+0600][64.713s][info][gc,heap     ] GC(60) Allocated:         -               224M (11%)         270M (14%)         279M (14%)            -                  -          
[2026-04-03T02:47:38.072+0600][64.713s][info][gc,heap     ] GC(60)   Garbage:         -              1075M (54%)         479M (24%)          41M (2%)             -                  -          
[2026-04-03T02:47:38.072+0600][64.713s][info][gc,heap     ] GC(60) Reclaimed:         -                  -               596M (30%)        1033M (52%)            -                  -          
[2026-04-03T02:47:38.072+0600][64.713s][info][gc          ] GC(60) Garbage Collection (Allocation Rate) 1186M(59%)->432M(22%)
[2026-04-03T02:47:38.663+0600][65.305s][info][gc,start    ] GC(61) Garbage Collection (Allocation Rate)
[2026-04-03T02:47:38.663+0600][65.305s][info][gc,task     ] GC(61) Using 3 workers
[2026-04-03T02:47:38.664+0600][65.305s][info][gc,phases   ] GC(61) Pause Mark Start 0.011ms
[2026-04-03T02:47:38.750+0600][65.391s][info][gc,phases   ] GC(61) Concurrent Mark 85.778ms
[2026-04-03T02:47:38.750+0600][65.391s][info][gc,phases   ] GC(61) Pause Mark End 0.040ms
[2026-04-03T02:47:38.750+0600][65.392s][info][gc,phases   ] GC(61) Concurrent Mark Free 0.001ms
[2026-04-03T02:47:38.764+0600][65.405s][info][gc,phases   ] GC(61) Concurrent Process Non-Strong References 13.797ms
[2026-04-03T02:47:38.764+0600][65.406s][info][gc,phases   ] GC(61) Concurrent Reset Relocation Set 0.030ms
[2026-04-03T02:47:38.764+0600][65.406s][info][gc          ] Allocation Stall (Executor task launch worker for task 2.0 in stage 2903.0 (TID 5355)) 71.497ms
[2026-04-03T02:47:38.764+0600][65.406s][info][gc          ] Allocation Stall (task-result-getter-3) 66.431ms
[2026-04-03T02:47:38.764+0600][65.406s][info][gc          ] Allocation Stall (Reference Handler) 0.256ms
[2026-04-03T02:47:38.764+0600][65.406s][info][gc          ] Allocation Stall (Executor task launch worker for task 3.0 in stage 2903.0 (TID 5356)) 68.865ms
[2026-04-03T02:47:38.764+0600][65.406s][info][gc          ] Allocation Stall (Executor task launch worker for task 1.0 in stage 2903.0 (TID 5354)) 66.790ms
[2026-04-03T02:47:38.768+0600][65.409s][info][gc,phases   ] GC(61) Concurrent Select Relocation Set 3.557ms
[2026-04-03T02:47:38.789+0600][65.430s][info][gc,phases   ] GC(61) Pause Relocate Start 0.016ms
[2026-04-03T02:47:38.797+0600][65.439s][info][gc,phases   ] GC(61) Concurrent Relocate 7.019ms
[2026-04-03T02:47:38.798+0600][65.439s][info][gc,load     ] GC(61) Load: 6.36/5.69/5.64
[2026-04-03T02:47:38.798+0600][65.439s][info][gc,mmu      ] GC(61) MMU: 2ms/92.4%, 5ms/97.0%, 10ms/98.4%, 20ms/99.2%, 50ms/99.7%, 100ms/99.8%
[2026-04-03T02:47:38.798+0600][65.439s][info][gc,marking  ] GC(61) Mark: 2 stripe(s), 2 proactive flush(es), 1 terminate flush(es), 0 completion(s), 0 continuation(s) 
[2026-04-03T02:47:38.798+0600][65.439s][info][gc,marking  ] GC(61) Mark Stack Usage: 32M
[2026-04-03T02:47:38.798+0600][65.439s][info][gc,nmethod  ] GC(61) NMethods: 15216 registered, 2316 unregistered
[2026-04-03T02:47:38.798+0600][65.439s][info][gc,metaspace] GC(61) Metaspace: 128M used, 129M committed, 1152M reserved
[2026-04-03T02:47:38.798+0600][65.439s][info][gc,ref      ] GC(61) Soft: 3398 encountered, 0 discovered, 0 enqueued
[2026-04-03T02:47:38.798+0600][65.439s][info][gc,ref      ] GC(61) Weak: 17098 encountered, 10301 discovered, 2505 enqueued
[2026-04-03T02:47:38.798+0600][65.439s][info][gc,ref      ] GC(61) Final: 84 encountered, 0 discovered, 0 enqueued
[2026-04-03T02:47:38.798+0600][65.439s][info][gc,ref      ] GC(61) Phantom: 637 encountered, 469 discovered, 0 enqueued
[2026-04-03T02:47:38.798+0600][65.439s][info][gc,reloc    ] GC(61) Small Pages: 475 / 950M, Empty: 424M, Relocated: 11M, In-Place: 0
[2026-04-03T02:47:38.798+0600][65.439s][info][gc,reloc    ] GC(61) Medium Pages: 5 / 160M, Empty: 128M, Relocated: 0M, In-Place: 0
[2026-04-03T02:47:38.798+0600][65.439s][info][gc,reloc    ] GC(61) Large Pages: 117 / 702M, Empty: 678M, Relocated: 0M, In-Place: 0
[2026-04-03T02:47:38.798+0600][65.439s][info][gc,reloc    ] GC(61) Forwarding Usage: 2M
[2026-04-03T02:47:38.798+0600][65.439s][info][gc,heap     ] GC(61) Min Capacity: 8M(0%)
[2026-04-03T02:47:38.798+0600][65.439s][info][gc,heap     ] GC(61) Max Capacity: 2000M(100%)
[2026-04-03T02:47:38.798+0600][65.439s][info][gc,heap     ] GC(61) Soft Max Capacity: 2000M(100%)
[2026-04-03T02:47:38.798+0600][65.439s][info][gc,heap     ] GC(61)                Mark Start          Mark End        Relocate Start      Relocate End           High               Low         
[2026-04-03T02:47:38.798+0600][65.439s][info][gc,heap     ] GC(61)  Capacity:     2000M (100%)       2000M (100%)       2000M (100%)       2000M (100%)       2000M (100%)       2000M (100%)   
[2026-04-03T02:47:38.798+0600][65.439s][info][gc,heap     ] GC(61)      Free:      188M (9%)            0M (0%)         1178M (59%)        1540M (77%)        1540M (77%)           0M (0%)     
[2026-04-03T02:47:38.798+0600][65.439s][info][gc,heap     ] GC(61)      Used:     1812M (91%)        2000M (100%)        822M (41%)         460M (23%)        2000M (100%)        460M (23%)    
[2026-04-03T02:47:38.798+0600][65.439s][info][gc,heap     ] GC(61)      Live:         -               135M (7%)          135M (7%)          135M (7%)             -                  -          
[2026-04-03T02:47:38.798+0600][65.439s][info][gc,heap     ] GC(61) Allocated:         -               188M (9%)          240M (12%)         282M (14%)            -                  -          
[2026-04-03T02:47:38.798+0600][65.439s][info][gc,heap     ] GC(61)   Garbage:         -              1676M (84%)         446M (22%)          41M (2%)             -                  -          
[2026-04-03T02:47:38.798+0600][65.439s][info][gc,heap     ] GC(61) Reclaimed:         -                  -              1230M (62%)        1634M (82%)            -                  -          
[2026-04-03T02:47:38.798+0600][65.439s][info][gc          ] GC(61) Garbage Collection (Allocation Rate) 1812M(91%)->460M(23%)
[2026-04-03T02:47:38.863+0600][65.505s][info][gc,start    ] GC(62) Garbage Collection (Allocation Stall)
[2026-04-03T02:47:38.864+0600][65.505s][info][gc,ref      ] GC(62) Clearing All SoftReferences
[2026-04-03T02:47:38.864+0600][65.505s][info][gc,task     ] GC(62) Using 3 workers
[2026-04-03T02:47:38.864+0600][65.505s][info][gc,ref      ] GC(62) Clearing All SoftReferences
[2026-04-03T02:47:38.864+0600][65.505s][info][gc,phases   ] GC(62) Pause Mark Start 0.065ms
[2026-04-03T02:47:38.968+0600][65.610s][info][gc,phases   ] GC(62) Concurrent Mark 104.439ms
[2026-04-03T02:47:38.969+0600][65.610s][info][gc,phases   ] GC(62) Pause Mark End 0.038ms
[2026-04-03T02:47:38.969+0600][65.610s][info][gc,phases   ] GC(62) Concurrent Mark Free 0.004ms
[2026-04-03T02:47:39.023+0600][65.664s][info][gc,phases   ] GC(62) Concurrent Process Non-Strong References 53.661ms
[2026-04-03T02:47:39.023+0600][65.664s][info][gc,phases   ] GC(62) Concurrent Reset Relocation Set 0.018ms
[2026-04-03T02:47:39.026+0600][65.668s][info][gc,phases   ] GC(62) Concurrent Select Relocation Set 3.316ms
[2026-04-03T02:47:39.027+0600][65.668s][info][gc,phases   ] GC(62) Pause Relocate Start 0.016ms
[2026-04-03T02:47:39.030+0600][65.672s][info][gc,phases   ] GC(62) Concurrent Relocate 3.614ms
[2026-04-03T02:47:39.030+0600][65.672s][info][gc,load     ] GC(62) Load: 6.36/5.69/5.64
[2026-04-03T02:47:39.030+0600][65.672s][info][gc,mmu      ] GC(62) MMU: 2ms/92.4%, 5ms/97.0%, 10ms/98.4%, 20ms/99.2%, 50ms/99.7%, 100ms/99.8%
[2026-04-03T02:47:39.030+0600][65.672s][info][gc,marking  ] GC(62) Mark: 2 stripe(s), 2 proactive flush(es), 1 terminate flush(es), 0 completion(s), 0 continuation(s) 
[2026-04-03T02:47:39.030+0600][65.672s][info][gc,marking  ] GC(62) Mark Stack Usage: 32M
[2026-04-03T02:47:39.030+0600][65.672s][info][gc,nmethod  ] GC(62) NMethods: 15222 registered, 2324 unregistered
[2026-04-03T02:47:39.030+0600][65.672s][info][gc,metaspace] GC(62) Metaspace: 128M used, 129M committed, 1152M reserved
[2026-04-03T02:47:39.030+0600][65.672s][info][gc,ref      ] GC(62) Soft: 3357 encountered, 806 discovered, 116 enqueued
[2026-04-03T02:47:39.030+0600][65.672s][info][gc,ref      ] GC(62) Weak: 14634 encountered, 4105 discovered, 187 enqueued
[2026-04-03T02:47:39.030+0600][65.672s][info][gc,ref      ] GC(62) Final: 84 encountered, 0 discovered, 0 enqueued
[2026-04-03T02:47:39.030+0600][65.672s][info][gc,ref      ] GC(62) Phantom: 620 encountered, 349 discovered, 0 enqueued
[2026-04-03T02:47:39.030+0600][65.672s][info][gc,reloc    ] GC(62) Small Pages: 127 / 254M, Empty: 12M, Relocated: 5M, In-Place: 0
[2026-04-03T02:47:39.030+0600][65.672s][info][gc,reloc    ] GC(62) Medium Pages: 2 / 64M, Empty: 32M, Relocated: 0M, In-Place: 0
[2026-04-03T02:47:39.030+0600][65.672s][info][gc,reloc    ] GC(62) Large Pages: 35 / 210M, Empty: 210M, Relocated: 0M, In-Place: 0
[2026-04-03T02:47:39.030+0600][65.672s][info][gc,reloc    ] GC(62) Forwarding Usage: 1M
[2026-04-03T02:47:39.031+0600][65.672s][info][gc,heap     ] GC(62) Min Capacity: 8M(0%)
[2026-04-03T02:47:39.031+0600][65.672s][info][gc,heap     ] GC(62) Max Capacity: 2000M(100%)
[2026-04-03T02:47:39.031+0600][65.672s][info][gc,heap     ] GC(62) Soft Max Capacity: 2000M(100%)
[2026-04-03T02:47:39.031+0600][65.672s][info][gc,heap     ] GC(62)                Mark Start          Mark End        Relocate Start      Relocate End           High               Low         
[2026-04-03T02:47:39.031+0600][65.672s][info][gc,heap     ] GC(62)  Capacity:     2000M (100%)       2000M (100%)       2000M (100%)       2000M (100%)       2000M (100%)       2000M (100%)   
[2026-04-03T02:47:39.031+0600][65.672s][info][gc,heap     ] GC(62)      Free:     1472M (74%)        1360M (68%)        1590M (80%)        1716M (86%)        1716M (86%)        1336M (67%)    
[2026-04-03T02:47:39.031+0600][65.672s][info][gc,heap     ] GC(62)      Used:      528M (26%)         640M (32%)         410M (20%)         284M (14%)         664M (33%)         284M (14%)    
[2026-04-03T02:47:39.031+0600][65.672s][info][gc,heap     ] GC(62)      Live:         -               103M (5%)          103M (5%)          103M (5%)             -                  -          
[2026-04-03T02:47:39.031+0600][65.672s][info][gc,heap     ] GC(62) Allocated:         -               112M (6%)          136M (7%)          137M (7%)             -                  -          
[2026-04-03T02:47:39.031+0600][65.672s][info][gc,heap     ] GC(62)   Garbage:         -               424M (21%)         170M (9%)           42M (2%)             -                  -          
[2026-04-03T02:47:39.031+0600][65.672s][info][gc,heap     ] GC(62) Reclaimed:         -                  -               254M (13%)         381M (19%)            -                  -          
[2026-04-03T02:47:39.031+0600][65.672s][info][gc          ] GC(62) Garbage Collection (Allocation Stall) 528M(26%)->284M(14%)
[2026-04-03T02:47:39.664+0600][66.305s][info][gc,start    ] GC(63) Garbage Collection (Allocation Rate)
[2026-04-03T02:47:39.664+0600][66.305s][info][gc,task     ] GC(63) Using 2 workers
[2026-04-03T02:47:39.664+0600][66.306s][info][gc,phases   ] GC(63) Pause Mark Start 0.013ms
[2026-04-03T02:47:39.838+0600][66.480s][info][gc,phases   ] GC(63) Concurrent Mark 174.012ms
[2026-04-03T02:47:39.839+0600][66.480s][info][gc,phases   ] GC(63) Pause Mark End 0.063ms
[2026-04-03T02:47:39.839+0600][66.480s][info][gc,phases   ] GC(63) Concurrent Mark Free 0.003ms
[2026-04-03T02:47:39.909+0600][66.551s][info][gc,phases   ] GC(63) Concurrent Process Non-Strong References 70.000ms
[2026-04-03T02:47:39.909+0600][66.551s][info][gc,phases   ] GC(63) Concurrent Reset Relocation Set 0.015ms
[2026-04-03T02:47:39.915+0600][66.557s][info][gc,phases   ] GC(63) Concurrent Select Relocation Set 5.873ms
[2026-04-03T02:47:39.915+0600][66.557s][info][gc,phases   ] GC(63) Pause Relocate Start 0.021ms
[2026-04-03T02:47:39.929+0600][66.571s][info][gc,phases   ] GC(63) Concurrent Relocate 13.228ms
[2026-04-03T02:47:39.929+0600][66.571s][info][gc,load     ] GC(63) Load: 6.36/5.69/5.64
[2026-04-03T02:47:39.929+0600][66.571s][info][gc,mmu      ] GC(63) MMU: 2ms/92.4%, 5ms/97.0%, 10ms/98.4%, 20ms/99.2%, 50ms/99.7%, 100ms/99.8%
[2026-04-03T02:47:39.929+0600][66.571s][info][gc,marking  ] GC(63) Mark: 2 stripe(s), 2 proactive flush(es), 1 terminate flush(es), 0 completion(s), 0 continuation(s) 
[2026-04-03T02:47:39.929+0600][66.571s][info][gc,marking  ] GC(63) Mark Stack Usage: 32M
[2026-04-03T02:47:39.929+0600][66.571s][info][gc,nmethod  ] GC(63) NMethods: 15240 registered, 2339 unregistered
[2026-04-03T02:47:39.929+0600][66.571s][info][gc,metaspace] GC(63) Metaspace: 128M used, 129M committed, 1152M reserved
[2026-04-03T02:47:39.929+0600][66.571s][info][gc,ref      ] GC(63) Soft: 3296 encountered, 0 discovered, 0 enqueued
[2026-04-03T02:47:39.929+0600][66.571s][info][gc,ref      ] GC(63) Weak: 15558 encountered, 5798 discovered, 281 enqueued
[2026-04-03T02:47:39.929+0600][66.571s][info][gc,ref      ] GC(63) Final: 84 encountered, 0 discovered, 0 enqueued
[2026-04-03T02:47:39.929+0600][66.571s][info][gc,ref      ] GC(63) Phantom: 620 encountered, 373 discovered, 0 enqueued
[2026-04-03T02:47:39.929+0600][66.571s][info][gc,reloc    ] GC(63) Small Pages: 375 / 750M, Empty: 250M, Relocated: 8M, In-Place: 0
[2026-04-03T02:47:39.929+0600][66.571s][info][gc,reloc    ] GC(63) Medium Pages: 5 / 160M, Empty: 128M, Relocated: 0M, In-Place: 0
[2026-04-03T02:47:39.929+0600][66.571s][info][gc,reloc    ] GC(63) Large Pages: 17 / 102M, Empty: 102M, Relocated: 0M, In-Place: 0
[2026-04-03T02:47:39.929+0600][66.571s][info][gc,reloc    ] GC(63) Forwarding Usage: 2M
[2026-04-03T02:47:39.929+0600][66.571s][info][gc,heap     ] GC(63) Min Capacity: 8M(0%)
[2026-04-03T02:47:39.929+0600][66.571s][info][gc,heap     ] GC(63) Max Capacity: 2000M(100%)
[2026-04-03T02:47:39.929+0600][66.571s][info][gc,heap     ] GC(63) Soft Max Capacity: 2000M(100%)
[2026-04-03T02:47:39.929+0600][66.571s][info][gc,heap     ] GC(63)                Mark Start          Mark End        Relocate Start      Relocate End           High               Low         
[2026-04-03T02:47:39.929+0600][66.571s][info][gc,heap     ] GC(63)  Capacity:     2000M (100%)       2000M (100%)       2000M (100%)       2000M (100%)       2000M (100%)       2000M (100%)   
[2026-04-03T02:47:39.930+0600][66.571s][info][gc,heap     ] GC(63)      Free:      988M (49%)         732M (37%)        1148M (57%)        1498M (75%)        1508M (75%)         682M (34%)    
[2026-04-03T02:47:39.930+0600][66.571s][info][gc,heap     ] GC(63)      Used:     1012M (51%)        1268M (63%)         852M (43%)         502M (25%)        1318M (66%)         492M (25%)    
[2026-04-03T02:47:39.930+0600][66.571s][info][gc,heap     ] GC(63)      Live:         -               108M (5%)          108M (5%)          108M (5%)             -                  -          
[2026-04-03T02:47:39.930+0600][66.571s][info][gc,heap     ] GC(63) Allocated:         -               256M (13%)         320M (16%)         351M (18%)            -                  -          
[2026-04-03T02:47:39.930+0600][66.571s][info][gc,heap     ] GC(63)   Garbage:         -               903M (45%)         423M (21%)          41M (2%)             -                  -          
[2026-04-03T02:47:39.930+0600][66.571s][info][gc,heap     ] GC(63) Reclaimed:         -                  -               480M (24%)         861M (43%)            -                  -          
[2026-04-03T02:47:39.930+0600][66.571s][info][gc          ] GC(63) Garbage Collection (Allocation Rate) 1012M(51%)->502M(25%)
[2026-04-03T02:47:40.063+0600][66.704s][info][gc,start    ] GC(64) Garbage Collection (Allocation Rate)
[2026-04-03T02:47:40.063+0600][66.705s][info][gc,task     ] GC(64) Using 2 workers
[2026-04-03T02:47:40.063+0600][66.705s][info][gc,phases   ] GC(64) Pause Mark Start 0.017ms
[2026-04-03T02:47:40.186+0600][66.827s][info][gc,phases   ] GC(64) Concurrent Mark 122.216ms
[2026-04-03T02:47:40.186+0600][66.827s][info][gc,phases   ] GC(64) Pause Mark End 0.025ms
[2026-04-03T02:47:40.186+0600][66.828s][info][gc,phases   ] GC(64) Concurrent Mark Free 0.003ms
[2026-04-03T02:47:40.206+0600][66.847s][info][gc,phases   ] GC(64) Concurrent Process Non-Strong References 19.443ms
[2026-04-03T02:47:40.206+0600][66.847s][info][gc,phases   ] GC(64) Concurrent Reset Relocation Set 0.033ms
[2026-04-03T02:47:40.209+0600][66.851s][info][gc,phases   ] GC(64) Concurrent Select Relocation Set 3.579ms
[2026-04-03T02:47:40.210+0600][66.851s][info][gc,phases   ] GC(64) Pause Relocate Start 0.014ms
[2026-04-03T02:47:40.215+0600][66.856s][info][gc,phases   ] GC(64) Concurrent Relocate 4.979ms
[2026-04-03T02:47:40.215+0600][66.856s][info][gc,load     ] GC(64) Load: 6.01/5.62/5.62
[2026-04-03T02:47:40.215+0600][66.856s][info][gc,mmu      ] GC(64) MMU: 2ms/92.4%, 5ms/97.0%, 10ms/98.4%, 20ms/99.2%, 50ms/99.7%, 100ms/99.8%
[2026-04-03T02:47:40.215+0600][66.856s][info][gc,marking  ] GC(64) Mark: 2 stripe(s), 2 proactive flush(es), 1 terminate flush(es), 0 completion(s), 0 continuation(s) 
[2026-04-03T02:47:40.215+0600][66.856s][info][gc,marking  ] GC(64) Mark Stack Usage: 32M
[2026-04-03T02:47:40.215+0600][66.856s][info][gc,nmethod  ] GC(64) NMethods: 15240 registered, 2347 unregistered
[2026-04-03T02:47:40.215+0600][66.856s][info][gc,metaspace] GC(64) Metaspace: 128M used, 129M committed, 1152M reserved
[2026-04-03T02:47:40.215+0600][66.856s][info][gc,ref      ] GC(64) Soft: 3295 encountered, 0 discovered, 0 enqueued
[2026-04-03T02:47:40.215+0600][66.856s][info][gc,ref      ] GC(64) Weak: 15923 encountered, 5243 discovered, 1431 enqueued
[2026-04-03T02:47:40.215+0600][66.856s][info][gc,ref      ] GC(64) Final: 84 encountered, 0 discovered, 0 enqueued
[2026-04-03T02:47:40.215+0600][66.856s][info][gc,ref      ] GC(64) Phantom: 620 encountered, 373 discovered, 0 enqueued
[2026-04-03T02:47:40.215+0600][66.856s][info][gc,reloc    ] GC(64) Small Pages: 253 / 506M, Empty: 146M, Relocated: 6M, In-Place: 0
[2026-04-03T02:47:40.215+0600][66.856s][info][gc,reloc    ] GC(64) Medium Pages: 4 / 128M, Empty: 96M, Relocated: 0M, In-Place: 0
[2026-04-03T02:47:40.215+0600][66.856s][info][gc,reloc    ] GC(64) Large Pages: 9 / 54M, Empty: 54M, Relocated: 0M, In-Place: 0
[2026-04-03T02:47:40.215+0600][66.856s][info][gc,reloc    ] GC(64) Forwarding Usage: 2M
[2026-04-03T02:47:40.215+0600][66.857s][info][gc,heap     ] GC(64) Min Capacity: 8M(0%)
[2026-04-03T02:47:40.215+0600][66.857s][info][gc,heap     ] GC(64) Max Capacity: 2000M(100%)
[2026-04-03T02:47:40.215+0600][66.857s][info][gc,heap     ] GC(64) Soft Max Capacity: 2000M(100%)
[2026-04-03T02:47:40.215+0600][66.857s][info][gc,heap     ] GC(64)                Mark Start          Mark End        Relocate Start      Relocate End           High               Low         
[2026-04-03T02:47:40.215+0600][66.857s][info][gc,heap     ] GC(64)  Capacity:     2000M (100%)       2000M (100%)       2000M (100%)       2000M (100%)       2000M (100%)       2000M (100%)   
[2026-04-03T02:47:40.215+0600][66.857s][info][gc,heap     ] GC(64)      Free:     1312M (66%)        1186M (59%)        1466M (73%)        1702M (85%)        1702M (85%)        1180M (59%)    
[2026-04-03T02:47:40.215+0600][66.857s][info][gc,heap     ] GC(64)      Used:      688M (34%)         814M (41%)         534M (27%)         298M (15%)         820M (41%)         298M (15%)    
[2026-04-03T02:47:40.215+0600][66.857s][info][gc,heap     ] GC(64)      Live:         -               107M (5%)          107M (5%)          107M (5%)             -                  -          
[2026-04-03T02:47:40.215+0600][66.857s][info][gc,heap     ] GC(64) Allocated:         -               126M (6%)          142M (7%)          147M (7%)             -                  -          
[2026-04-03T02:47:40.215+0600][66.857s][info][gc,heap     ] GC(64)   Garbage:         -               580M (29%)         284M (14%)          42M (2%)             -                  -          
[2026-04-03T02:47:40.215+0600][66.857s][info][gc,heap     ] GC(64) Reclaimed:         -                  -               296M (15%)         537M (27%)            -                  -          
[2026-04-03T02:47:40.215+0600][66.857s][info][gc          ] GC(64) Garbage Collection (Allocation Rate) 688M(34%)->298M(15%)
[2026-04-03T02:47:40.764+0600][67.405s][info][gc,start    ] GC(65) Garbage Collection (Allocation Rate)
[2026-04-03T02:47:40.764+0600][67.405s][info][gc,task     ] GC(65) Using 2 workers
[2026-04-03T02:47:40.764+0600][67.405s][info][gc,phases   ] GC(65) Pause Mark Start 0.017ms
[2026-04-03T02:47:40.888+0600][67.529s][info][gc,phases   ] GC(65) Concurrent Mark 123.716ms
[2026-04-03T02:47:40.888+0600][67.530s][info][gc,phases   ] GC(65) Pause Mark End 0.051ms
[2026-04-03T02:47:40.889+0600][67.530s][info][gc,phases   ] GC(65) Concurrent Mark Free 0.003ms
[2026-04-03T02:47:40.940+0600][67.581s][info][gc,phases   ] GC(65) Concurrent Process Non-Strong References 51.046ms
[2026-04-03T02:47:40.940+0600][67.581s][info][gc,phases   ] GC(65) Concurrent Reset Relocation Set 0.026ms
[2026-04-03T02:47:40.944+0600][67.586s][info][gc,phases   ] GC(65) Concurrent Select Relocation Set 4.249ms
[2026-04-03T02:47:40.945+0600][67.586s][info][gc,phases   ] GC(65) Pause Relocate Start 0.019ms
[2026-04-03T02:47:40.954+0600][67.595s][info][gc,phases   ] GC(65) Concurrent Relocate 9.132ms
[2026-04-03T02:47:40.954+0600][67.596s][info][gc,load     ] GC(65) Load: 6.01/5.62/5.62
[2026-04-03T02:47:40.954+0600][67.596s][info][gc,mmu      ] GC(65) MMU: 2ms/92.4%, 5ms/97.0%, 10ms/98.4%, 20ms/99.2%, 50ms/99.7%, 100ms/99.8%
[2026-04-03T02:47:40.954+0600][67.596s][info][gc,marking  ] GC(65) Mark: 2 stripe(s), 2 proactive flush(es), 1 terminate flush(es), 0 completion(s), 0 continuation(s) 
[2026-04-03T02:47:40.954+0600][67.596s][info][gc,marking  ] GC(65) Mark Stack Usage: 32M
[2026-04-03T02:47:40.954+0600][67.596s][info][gc,nmethod  ] GC(65) NMethods: 15257 registered, 2355 unregistered
[2026-04-03T02:47:40.954+0600][67.596s][info][gc,metaspace] GC(65) Metaspace: 128M used, 129M committed, 1152M reserved
[2026-04-03T02:47:40.954+0600][67.596s][info][gc,ref      ] GC(65) Soft: 3373 encountered, 0 discovered, 0 enqueued
[2026-04-03T02:47:40.954+0600][67.596s][info][gc,ref      ] GC(65) Weak: 15650 encountered, 4429 discovered, 801 enqueued
[2026-04-03T02:47:40.954+0600][67.596s][info][gc,ref      ] GC(65) Final: 84 encountered, 0 discovered, 0 enqueued
[2026-04-03T02:47:40.954+0600][67.596s][info][gc,ref      ] GC(65) Phantom: 620 encountered, 563 discovered, 0 enqueued
[2026-04-03T02:47:40.954+0600][67.596s][info][gc,reloc    ] GC(65) Small Pages: 486 / 972M, Empty: 558M, Relocated: 6M, In-Place: 0
[2026-04-03T02:47:40.954+0600][67.596s][info][gc,reloc    ] GC(65) Medium Pages: 4 / 128M, Empty: 64M, Relocated: 9M, In-Place: 0
[2026-04-03T02:47:40.954+0600][67.596s][info][gc,reloc    ] GC(65) Large Pages: 14 / 84M, Empty: 84M, Relocated: 0M, In-Place: 0
[2026-04-03T02:47:40.954+0600][67.596s][info][gc,reloc    ] GC(65) Forwarding Usage: 2M
[2026-04-03T02:47:40.954+0600][67.596s][info][gc,heap     ] GC(65) Min Capacity: 8M(0%)
[2026-04-03T02:47:40.954+0600][67.596s][info][gc,heap     ] GC(65) Max Capacity: 2000M(100%)
[2026-04-03T02:47:40.954+0600][67.596s][info][gc,heap     ] GC(65) Soft Max Capacity: 2000M(100%)
[2026-04-03T02:47:40.954+0600][67.596s][info][gc,heap     ] GC(65)                Mark Start          Mark End        Relocate Start      Relocate End           High               Low         
[2026-04-03T02:47:40.954+0600][67.596s][info][gc,heap     ] GC(65)  Capacity:     2000M (100%)       2000M (100%)       2000M (100%)       2000M (100%)       2000M (100%)       2000M (100%)   
[2026-04-03T02:47:40.954+0600][67.596s][info][gc,heap     ] GC(65)      Free:      816M (41%)         694M (35%)        1370M (68%)        1678M (84%)        1678M (84%)         672M (34%)    
[2026-04-03T02:47:40.954+0600][67.596s][info][gc,heap     ] GC(65)      Used:     1184M (59%)        1306M (65%)         630M (32%)         322M (16%)        1328M (66%)         322M (16%)    
[2026-04-03T02:47:40.954+0600][67.596s][info][gc,heap     ] GC(65)      Live:         -               109M (5%)          109M (5%)          109M (5%)             -                  -          
[2026-04-03T02:47:40.954+0600][67.596s][info][gc,heap     ] GC(65) Allocated:         -               122M (6%)          152M (8%)          169M (8%)             -                  -          
[2026-04-03T02:47:40.954+0600][67.596s][info][gc,heap     ] GC(65)   Garbage:         -              1074M (54%)         368M (18%)          42M (2%)             -                  -          
[2026-04-03T02:47:40.954+0600][67.596s][info][gc,heap     ] GC(65) Reclaimed:         -                  -               706M (35%)        1031M (52%)            -                  -          
[2026-04-03T02:47:40.954+0600][67.596s][info][gc          ] GC(65) Garbage Collection (Allocation Rate) 1184M(59%)->322M(16%)
[2026-04-03T02:47:41.078+0600][67.719s][info][gc,start    ] GC(66) Garbage Collection (System.gc())
[2026-04-03T02:47:41.078+0600][67.720s][info][gc,task     ] GC(66) Using 3 workers
[2026-04-03T02:47:41.078+0600][67.720s][info][gc,phases   ] GC(66) Pause Mark Start 0.010ms
[2026-04-03T02:47:41.155+0600][67.797s][info][gc,phases   ] GC(66) Concurrent Mark 77.034ms
[2026-04-03T02:47:41.156+0600][67.797s][info][gc,phases   ] GC(66) Pause Mark End 0.032ms
[2026-04-03T02:47:41.156+0600][67.797s][info][gc,phases   ] GC(66) Concurrent Mark Free 0.001ms
[2026-04-03T02:47:41.169+0600][67.811s][info][gc,phases   ] GC(66) Concurrent Process Non-Strong References 13.466ms
[2026-04-03T02:47:41.169+0600][67.811s][info][gc,phases   ] GC(66) Concurrent Reset Relocation Set 0.009ms
[2026-04-03T02:47:41.172+0600][67.813s][info][gc,phases   ] GC(66) Concurrent Select Relocation Set 2.677ms
[2026-04-03T02:47:41.172+0600][67.813s][info][gc,phases   ] GC(66) Pause Relocate Start 0.011ms
[2026-04-03T02:47:41.175+0600][67.816s][info][gc,phases   ] GC(66) Concurrent Relocate 2.600ms
[2026-04-03T02:47:41.175+0600][67.816s][info][gc,load     ] GC(66) Load: 6.01/5.62/5.62
[2026-04-03T02:47:41.175+0600][67.816s][info][gc,mmu      ] GC(66) MMU: 2ms/92.4%, 5ms/97.0%, 10ms/98.4%, 20ms/99.2%, 50ms/99.7%, 100ms/99.8%
[2026-04-03T02:47:41.175+0600][67.816s][info][gc,marking  ] GC(66) Mark: 2 stripe(s), 2 proactive flush(es), 1 terminate flush(es), 0 completion(s), 0 continuation(s) 
[2026-04-03T02:47:41.175+0600][67.816s][info][gc,marking  ] GC(66) Mark Stack Usage: 32M
[2026-04-03T02:47:41.175+0600][67.816s][info][gc,nmethod  ] GC(66) NMethods: 15247 registered, 2368 unregistered
[2026-04-03T02:47:41.175+0600][67.816s][info][gc,metaspace] GC(66) Metaspace: 128M used, 129M committed, 1152M reserved
[2026-04-03T02:47:41.175+0600][67.816s][info][gc,ref      ] GC(66) Soft: 3410 encountered, 0 discovered, 0 enqueued
[2026-04-03T02:47:41.175+0600][67.816s][info][gc,ref      ] GC(66) Weak: 15354 encountered, 6533 discovered, 843 enqueued
[2026-04-03T02:47:41.175+0600][67.816s][info][gc,ref      ] GC(66) Final: 84 encountered, 0 discovered, 0 enqueued
[2026-04-03T02:47:41.175+0600][67.816s][info][gc,ref      ] GC(66) Phantom: 620 encountered, 376 discovered, 0 enqueued
[2026-04-03T02:47:41.175+0600][67.816s][info][gc,reloc    ] GC(66) Small Pages: 199 / 398M, Empty: 104M, Relocated: 3M, In-Place: 0
[2026-04-03T02:47:41.175+0600][67.816s][info][gc,reloc    ] GC(66) Medium Pages: 3 / 96M, Empty: 64M, Relocated: 0M, In-Place: 0
[2026-04-03T02:47:41.175+0600][67.816s][info][gc,reloc    ] GC(66) Large Pages: 6 / 36M, Empty: 36M, Relocated: 0M, In-Place: 0
[2026-04-03T02:47:41.175+0600][67.816s][info][gc,reloc    ] GC(66) Forwarding Usage: 1M
[2026-04-03T02:47:41.175+0600][67.816s][info][gc,heap     ] GC(66) Min Capacity: 8M(0%)
[2026-04-03T02:47:41.175+0600][67.816s][info][gc,heap     ] GC(66) Max Capacity: 2000M(100%)
[2026-04-03T02:47:41.175+0600][67.816s][info][gc,heap     ] GC(66) Soft Max Capacity: 2000M(100%)
[2026-04-03T02:47:41.175+0600][67.816s][info][gc,heap     ] GC(66)                Mark Start          Mark End        Relocate Start      Relocate End           High               Low         
[2026-04-03T02:47:41.175+0600][67.816s][info][gc,heap     ] GC(66)  Capacity:     2000M (100%)       2000M (100%)       2000M (100%)       2000M (100%)       2000M (100%)       2000M (100%)   
[2026-04-03T02:47:41.175+0600][67.816s][info][gc,heap     ] GC(66)      Free:     1470M (74%)        1468M (73%)        1654M (83%)        1830M (92%)        1830M (92%)        1450M (72%)    
[2026-04-03T02:47:41.175+0600][67.816s][info][gc,heap     ] GC(66)      Used:      530M (26%)         532M (27%)         346M (17%)         170M (8%)          550M (28%)         170M (8%)     
[2026-04-03T02:47:41.175+0600][67.816s][info][gc,heap     ] GC(66)      Live:         -               102M (5%)          102M (5%)          102M (5%)             -                  -          
[2026-04-03T02:47:41.175+0600][67.816s][info][gc,heap     ] GC(66) Allocated:         -                 2M (0%)           20M (1%)           23M (1%)             -                  -          
[2026-04-03T02:47:41.175+0600][67.816s][info][gc,heap     ] GC(66)   Garbage:         -               427M (21%)         223M (11%)          43M (2%)             -                  -          
[2026-04-03T02:47:41.175+0600][67.816s][info][gc,heap     ] GC(66) Reclaimed:         -                  -               204M (10%)         383M (19%)            -                  -          
[2026-04-03T02:47:41.175+0600][67.816s][info][gc          ] GC(66) Garbage Collection (System.gc()) 530M(26%)->170M(8%)
[2026-04-03T02:47:41.463+0600][68.105s][info][gc,start    ] GC(67) Garbage Collection (Allocation Rate)
[2026-04-03T02:47:41.463+0600][68.105s][info][gc,task     ] GC(67) Using 3 workers
[2026-04-03T02:47:41.464+0600][68.105s][info][gc,phases   ] GC(67) Pause Mark Start 0.014ms
[2026-04-03T02:47:41.580+0600][68.222s][info][gc,phases   ] GC(67) Concurrent Mark 116.447ms
[2026-04-03T02:47:41.581+0600][68.222s][info][gc,phases   ] GC(67) Pause Mark End 0.034ms
[2026-04-03T02:47:41.581+0600][68.222s][info][gc,phases   ] GC(67) Concurrent Mark Free 0.002ms
[2026-04-03T02:47:41.597+0600][68.239s][info][gc,phases   ] GC(67) Concurrent Process Non-Strong References 16.465ms
[2026-04-03T02:47:41.597+0600][68.239s][info][gc,phases   ] GC(67) Concurrent Reset Relocation Set 0.011ms
[2026-04-03T02:47:41.601+0600][68.242s][info][gc,phases   ] GC(67) Concurrent Select Relocation Set 3.467ms
[2026-04-03T02:47:41.601+0600][68.242s][info][gc,phases   ] GC(67) Pause Relocate Start 0.012ms
[2026-04-03T02:47:41.605+0600][68.247s][info][gc,phases   ] GC(67) Concurrent Relocate 4.365ms
[2026-04-03T02:47:41.605+0600][68.247s][info][gc,load     ] GC(67) Load: 6.01/5.62/5.62
[2026-04-03T02:47:41.605+0600][68.247s][info][gc,mmu      ] GC(67) MMU: 2ms/92.4%, 5ms/97.0%, 10ms/98.4%, 20ms/99.2%, 50ms/99.7%, 100ms/99.8%
[2026-04-03T02:47:41.605+0600][68.247s][info][gc,marking  ] GC(67) Mark: 2 stripe(s), 2 proactive flush(es), 1 terminate flush(es), 0 completion(s), 0 continuation(s) 
[2026-04-03T02:47:41.605+0600][68.247s][info][gc,marking  ] GC(67) Mark Stack Usage: 32M
[2026-04-03T02:47:41.605+0600][68.247s][info][gc,nmethod  ] GC(67) NMethods: 15262 registered, 2381 unregistered
[2026-04-03T02:47:41.605+0600][68.247s][info][gc,metaspace] GC(67) Metaspace: 128M used, 129M committed, 1152M reserved
[2026-04-03T02:47:41.605+0600][68.247s][info][gc,ref      ] GC(67) Soft: 3432 encountered, 0 discovered, 0 enqueued
[2026-04-03T02:47:41.605+0600][68.247s][info][gc,ref      ] GC(67) Weak: 15230 encountered, 6230 discovered, 530 enqueued
[2026-04-03T02:47:41.605+0600][68.247s][info][gc,ref      ] GC(67) Final: 84 encountered, 4 discovered, 0 enqueued
[2026-04-03T02:47:41.605+0600][68.247s][info][gc,ref      ] GC(67) Phantom: 620 encountered, 374 discovered, 0 enqueued
[2026-04-03T02:47:41.605+0600][68.247s][info][gc,reloc    ] GC(67) Small Pages: 185 / 370M, Empty: 60M, Relocated: 6M, In-Place: 0
[2026-04-03T02:47:41.605+0600][68.247s][info][gc,reloc    ] GC(67) Medium Pages: 3 / 96M, Empty: 64M, Relocated: 0M, In-Place: 0
[2026-04-03T02:47:41.605+0600][68.247s][info][gc,reloc    ] GC(67) Large Pages: 137 / 822M, Empty: 822M, Relocated: 0M, In-Place: 0
[2026-04-03T02:47:41.606+0600][68.247s][info][gc,reloc    ] GC(67) Forwarding Usage: 1M
[2026-04-03T02:47:41.606+0600][68.247s][info][gc,heap     ] GC(67) Min Capacity: 8M(0%)
[2026-04-03T02:47:41.606+0600][68.247s][info][gc,heap     ] GC(67) Max Capacity: 2000M(100%)
[2026-04-03T02:47:41.606+0600][68.247s][info][gc,heap     ] GC(67) Soft Max Capacity: 2000M(100%)
[2026-04-03T02:47:41.606+0600][68.247s][info][gc,heap     ] GC(67)                Mark Start          Mark End        Relocate Start      Relocate End           High               Low         
[2026-04-03T02:47:41.606+0600][68.247s][info][gc,heap     ] GC(67)  Capacity:     2000M (100%)       2000M (100%)       2000M (100%)       2000M (100%)       2000M (100%)       2000M (100%)   
[2026-04-03T02:47:41.606+0600][68.247s][info][gc,heap     ] GC(67)      Free:      712M (36%)         628M (31%)        1560M (78%)        1744M (87%)        1744M (87%)         560M (28%)    
[2026-04-03T02:47:41.606+0600][68.247s][info][gc,heap     ] GC(67)      Used:     1288M (64%)        1372M (69%)         440M (22%)         256M (13%)        1440M (72%)         256M (13%)    
[2026-04-03T02:47:41.606+0600][68.247s][info][gc,heap     ] GC(67)      Live:         -               105M (5%)          105M (5%)          105M (5%)             -                  -          
[2026-04-03T02:47:41.606+0600][68.247s][info][gc,heap     ] GC(67) Allocated:         -                84M (4%)           98M (5%)          103M (5%)             -                  -          
[2026-04-03T02:47:41.606+0600][68.247s][info][gc,heap     ] GC(67)   Garbage:         -              1182M (59%)         236M (12%)          46M (2%)             -                  -          
[2026-04-03T02:47:41.606+0600][68.247s][info][gc,heap     ] GC(67) Reclaimed:         -                  -               946M (47%)        1135M (57%)            -                  -          
[2026-04-03T02:47:41.606+0600][68.247s][info][gc          ] GC(67) Garbage Collection (Allocation Rate) 1288M(64%)->256M(13%)
[2026-04-03T02:47:42.063+0600][68.705s][info][gc,start    ] GC(68) Garbage Collection (Allocation Rate)
[2026-04-03T02:47:42.063+0600][68.705s][info][gc,task     ] GC(68) Using 2 workers
[2026-04-03T02:47:42.064+0600][68.705s][info][gc,phases   ] GC(68) Pause Mark Start 0.019ms
[2026-04-03T02:47:42.234+0600][68.875s][info][gc,phases   ] GC(68) Concurrent Mark 170.225ms
[2026-04-03T02:47:42.234+0600][68.876s][info][gc,phases   ] GC(68) Pause Mark End 0.032ms
[2026-04-03T02:47:42.234+0600][68.876s][info][gc,phases   ] GC(68) Concurrent Mark Free 0.001ms
[2026-04-03T02:47:42.299+0600][68.940s][info][gc,phases   ] GC(68) Concurrent Process Non-Strong References 64.173ms
[2026-04-03T02:47:42.299+0600][68.940s][info][gc,phases   ] GC(68) Concurrent Reset Relocation Set 0.018ms
[2026-04-03T02:47:42.303+0600][68.944s][info][gc,phases   ] GC(68) Concurrent Select Relocation Set 4.097ms
[2026-04-03T02:47:42.303+0600][68.945s][info][gc,phases   ] GC(68) Pause Relocate Start 0.017ms
[2026-04-03T02:47:42.311+0600][68.953s][info][gc,phases   ] GC(68) Concurrent Relocate 7.941ms
[2026-04-03T02:47:42.311+0600][68.953s][info][gc,load     ] GC(68) Load: 6.01/5.62/5.62
[2026-04-03T02:47:42.311+0600][68.953s][info][gc,mmu      ] GC(68) MMU: 2ms/92.4%, 5ms/97.0%, 10ms/98.4%, 20ms/99.2%, 50ms/99.7%, 100ms/99.8%
[2026-04-03T02:47:42.311+0600][68.953s][info][gc,marking  ] GC(68) Mark: 2 stripe(s), 2 proactive flush(es), 1 terminate flush(es), 0 completion(s), 0 continuation(s) 
[2026-04-03T02:47:42.311+0600][68.953s][info][gc,marking  ] GC(68) Mark Stack Usage: 32M
[2026-04-03T02:47:42.311+0600][68.953s][info][gc,nmethod  ] GC(68) NMethods: 15275 registered, 2392 unregistered
[2026-04-03T02:47:42.311+0600][68.953s][info][gc,metaspace] GC(68) Metaspace: 128M used, 129M committed, 1152M reserved
[2026-04-03T02:47:42.311+0600][68.953s][info][gc,ref      ] GC(68) Soft: 3435 encountered, 0 discovered, 0 enqueued
[2026-04-03T02:47:42.311+0600][68.953s][info][gc,ref      ] GC(68) Weak: 15333 encountered, 4703 discovered, 262 enqueued
[2026-04-03T02:47:42.311+0600][68.953s][info][gc,ref      ] GC(68) Final: 84 encountered, 0 discovered, 0 enqueued
[2026-04-03T02:47:42.311+0600][68.953s][info][gc,ref      ] GC(68) Phantom: 620 encountered, 347 discovered, 0 enqueued
[2026-04-03T02:47:42.311+0600][68.953s][info][gc,reloc    ] GC(68) Small Pages: 278 / 556M, Empty: 112M, Relocated: 6M, In-Place: 0
[2026-04-03T02:47:42.311+0600][68.953s][info][gc,reloc    ] GC(68) Medium Pages: 4 / 128M, Empty: 96M, Relocated: 0M, In-Place: 0
[2026-04-03T02:47:42.311+0600][68.953s][info][gc,reloc    ] GC(68) Large Pages: 10 / 60M, Empty: 60M, Relocated: 0M, In-Place: 0
[2026-04-03T02:47:42.312+0600][68.953s][info][gc,reloc    ] GC(68) Forwarding Usage: 2M
[2026-04-03T02:47:42.312+0600][68.953s][info][gc,heap     ] GC(68) Min Capacity: 8M(0%)
[2026-04-03T02:47:42.312+0600][68.953s][info][gc,heap     ] GC(68) Max Capacity: 2000M(100%)
[2026-04-03T02:47:42.312+0600][68.953s][info][gc,heap     ] GC(68) Soft Max Capacity: 2000M(100%)
[2026-04-03T02:47:42.312+0600][68.953s][info][gc,heap     ] GC(68)                Mark Start          Mark End        Relocate Start      Relocate End           High               Low         
[2026-04-03T02:47:42.312+0600][68.953s][info][gc,heap     ] GC(68)  Capacity:     2000M (100%)       2000M (100%)       2000M (100%)       2000M (100%)       2000M (100%)       2000M (100%)   
[2026-04-03T02:47:42.312+0600][68.953s][info][gc,heap     ] GC(68)      Free:     1256M (63%)        1002M (50%)        1188M (59%)        1506M (75%)        1506M (75%)         926M (46%)    
[2026-04-03T02:47:42.312+0600][68.953s][info][gc,heap     ] GC(68)      Used:      744M (37%)         998M (50%)         812M (41%)         494M (25%)        1074M (54%)         494M (25%)    
[2026-04-03T02:47:42.312+0600][68.953s][info][gc,heap     ] GC(68)      Live:         -               107M (5%)          107M (5%)          107M (5%)             -                  -          
[2026-04-03T02:47:42.312+0600][68.953s][info][gc,heap     ] GC(68) Allocated:         -               254M (13%)         336M (17%)         343M (17%)            -                  -          
[2026-04-03T02:47:42.312+0600][68.953s][info][gc,heap     ] GC(68)   Garbage:         -               636M (32%)         368M (18%)          42M (2%)             -                  -          
[2026-04-03T02:47:42.312+0600][68.953s][info][gc,heap     ] GC(68) Reclaimed:         -                  -               268M (13%)         593M (30%)            -                  -          
[2026-04-03T02:47:42.312+0600][68.953s][info][gc          ] GC(68) Garbage Collection (Allocation Rate) 744M(37%)->494M(25%)
[2026-04-03T02:47:42.464+0600][69.105s][info][gc,start    ] GC(69) Garbage Collection (Allocation Rate)
[2026-04-03T02:47:42.464+0600][69.105s][info][gc,task     ] GC(69) Using 2 workers
[2026-04-03T02:47:42.464+0600][69.106s][info][gc,phases   ] GC(69) Pause Mark Start 0.015ms
[2026-04-03T02:47:42.620+0600][69.261s][info][gc,phases   ] GC(69) Concurrent Mark 155.301ms
[2026-04-03T02:47:42.620+0600][69.261s][info][gc,phases   ] GC(69) Pause Mark End 0.023ms
[2026-04-03T02:47:42.620+0600][69.261s][info][gc,phases   ] GC(69) Concurrent Mark Free 0.001ms
[2026-04-03T02:47:42.652+0600][69.294s][info][gc,phases   ] GC(69) Concurrent Process Non-Strong References 32.214ms
[2026-04-03T02:47:42.652+0600][69.294s][info][gc,phases   ] GC(69) Concurrent Reset Relocation Set 0.018ms
[2026-04-03T02:47:42.656+0600][69.298s][info][gc,phases   ] GC(69) Concurrent Select Relocation Set 4.065ms
[2026-04-03T02:47:42.657+0600][69.298s][info][gc,phases   ] GC(69) Pause Relocate Start 0.018ms
[2026-04-03T02:47:42.667+0600][69.309s][info][gc,phases   ] GC(69) Concurrent Relocate 10.445ms
[2026-04-03T02:47:42.667+0600][69.309s][info][gc,load     ] GC(69) Load: 6.01/5.62/5.62
[2026-04-03T02:47:42.667+0600][69.309s][info][gc,mmu      ] GC(69) MMU: 2ms/92.4%, 5ms/97.0%, 10ms/98.4%, 20ms/99.2%, 50ms/99.7%, 100ms/99.8%
[2026-04-03T02:47:42.667+0600][69.309s][info][gc,marking  ] GC(69) Mark: 2 stripe(s), 2 proactive flush(es), 1 terminate flush(es), 0 completion(s), 0 continuation(s) 
[2026-04-03T02:47:42.667+0600][69.309s][info][gc,marking  ] GC(69) Mark Stack Usage: 32M
[2026-04-03T02:47:42.667+0600][69.309s][info][gc,nmethod  ] GC(69) NMethods: 15272 registered, 2407 unregistered
[2026-04-03T02:47:42.667+0600][69.309s][info][gc,metaspace] GC(69) Metaspace: 128M used, 129M committed, 1152M reserved
[2026-04-03T02:47:42.667+0600][69.309s][info][gc,ref      ] GC(69) Soft: 3434 encountered, 0 discovered, 0 enqueued
[2026-04-03T02:47:42.667+0600][69.309s][info][gc,ref      ] GC(69) Weak: 15861 encountered, 5794 discovered, 21 enqueued
[2026-04-03T02:47:42.667+0600][69.309s][info][gc,ref      ] GC(69) Final: 84 encountered, 0 discovered, 0 enqueued
[2026-04-03T02:47:42.667+0600][69.309s][info][gc,ref      ] GC(69) Phantom: 620 encountered, 364 discovered, 0 enqueued
[2026-04-03T02:47:42.667+0600][69.309s][info][gc,reloc    ] GC(69) Small Pages: 269 / 538M, Empty: 206M, Relocated: 4M, In-Place: 0
[2026-04-03T02:47:42.667+0600][69.309s][info][gc,reloc    ] GC(69) Medium Pages: 4 / 128M, Empty: 64M, Relocated: 9M, In-Place: 0
[2026-04-03T02:47:42.667+0600][69.309s][info][gc,reloc    ] GC(69) Large Pages: 11 / 66M, Empty: 66M, Relocated: 0M, In-Place: 0
[2026-04-03T02:47:42.667+0600][69.309s][info][gc,reloc    ] GC(69) Forwarding Usage: 1M
[2026-04-03T02:47:42.667+0600][69.309s][info][gc,heap     ] GC(69) Min Capacity: 8M(0%)
[2026-04-03T02:47:42.667+0600][69.309s][info][gc,heap     ] GC(69) Max Capacity: 2000M(100%)
[2026-04-03T02:47:42.667+0600][69.309s][info][gc,heap     ] GC(69) Soft Max Capacity: 2000M(100%)
[2026-04-03T02:47:42.667+0600][69.309s][info][gc,heap     ] GC(69)                Mark Start          Mark End        Relocate Start      Relocate End           High               Low         
[2026-04-03T02:47:42.667+0600][69.309s][info][gc,heap     ] GC(69)  Capacity:     2000M (100%)       2000M (100%)       2000M (100%)       2000M (100%)       2000M (100%)       2000M (100%)   
[2026-04-03T02:47:42.667+0600][69.309s][info][gc,heap     ] GC(69)      Free:     1268M (63%)        1092M (55%)        1366M (68%)        1588M (79%)        1588M (79%)        1032M (52%)    
[2026-04-03T02:47:42.667+0600][69.309s][info][gc,heap     ] GC(69)      Used:      732M (37%)         908M (45%)         634M (32%)         412M (21%)         968M (48%)         412M (21%)    
[2026-04-03T02:47:42.667+0600][69.309s][info][gc,heap     ] GC(69)      Live:         -               109M (5%)          109M (5%)          109M (5%)             -                  -          
[2026-04-03T02:47:42.667+0600][69.309s][info][gc,heap     ] GC(69) Allocated:         -               176M (9%)          238M (12%)         259M (13%)            -                  -          
[2026-04-03T02:47:42.668+0600][69.309s][info][gc,heap     ] GC(69)   Garbage:         -               622M (31%)         286M (14%)          42M (2%)             -                  -          
[2026-04-03T02:47:42.668+0600][69.309s][info][gc,heap     ] GC(69) Reclaimed:         -                  -               336M (17%)         579M (29%)            -                  -          
[2026-04-03T02:47:42.668+0600][69.309s][info][gc          ] GC(69) Garbage Collection (Allocation Rate) 732M(37%)->412M(21%)
[2026-04-03T02:47:43.464+0600][70.105s][info][gc,stats    ] === Garbage Collection Statistics =======================================================================================================================
[2026-04-03T02:47:43.464+0600][70.105s][info][gc,stats    ]                                                              Last 10s              Last 10m              Last 10h                Total
[2026-04-03T02:47:43.464+0600][70.105s][info][gc,stats    ]                                                              Avg / Max             Avg / Max             Avg / Max             Avg / Max
[2026-04-03T02:47:43.464+0600][70.105s][info][gc,stats    ]   Collector: Garbage Collection Cycle                    183.604 / 265.563     182.540 / 442.007     182.540 / 442.007     182.540 / 442.007     ms
[2026-04-03T02:47:43.464+0600][70.105s][info][gc,stats    ]  Contention: Mark Segment Reset Contention                    13 / 76                6 / 83                6 / 83                6 / 83          ops/s
[2026-04-03T02:47:43.464+0600][70.105s][info][gc,stats    ]  Contention: Mark SeqNum Reset Contention                      0 / 1                 0 / 3                 0 / 3                 0 / 3           ops/s
[2026-04-03T02:47:43.464+0600][70.105s][info][gc,stats    ]    Critical: Allocation Stall                                  0 / 5                 0 / 5                 0 / 5                 0 / 5           ops/s
[2026-04-03T02:47:43.464+0600][70.105s][info][gc,stats    ]    Critical: Allocation Stall                             54.768 / 71.497       49.428 / 101.982      49.428 / 101.982      49.428 / 101.982     ms
[2026-04-03T02:47:43.464+0600][70.105s][info][gc,stats    ]    Critical: GC Locker Stall                                   1 / 2                 0 / 2                 0 / 2                 0 / 2           ops/s
[2026-04-03T02:47:43.464+0600][70.105s][info][gc,stats    ]    Critical: GC Locker Stall                               0.041 / 0.150         0.034 / 0.154         0.034 / 0.154         0.034 / 0.154       ms
[2026-04-03T02:47:43.464+0600][70.105s][info][gc,stats    ]    Critical: Relocation Stall                                  0 / 0                 0 / 0                 0 / 0                 0 / 0           ops/s
[2026-04-03T02:47:43.464+0600][70.105s][info][gc,stats    ]    Critical: Relocation Stall                              0.000 / 0.000         0.000 / 0.000         0.000 / 0.000         0.000 / 0.000       ms
[2026-04-03T02:47:43.464+0600][70.105s][info][gc,stats    ]      Memory: Allocation Rate                                1584 / 1980            993 / 2146            993 / 2146            993 / 2146        MB/s
[2026-04-03T02:47:43.464+0600][70.105s][info][gc,stats    ]      Memory: Defragment                                       12 / 55               19 / 164              19 / 164              19 / 164         ops/s
[2026-04-03T02:47:43.464+0600][70.105s][info][gc,stats    ]      Memory: Out Of Memory                                     0 / 0                 0 / 0                 0 / 0                 0 / 0           ops/s
[2026-04-03T02:47:43.464+0600][70.105s][info][gc,stats    ]      Memory: Page Cache Flush                                110 / 256             106 / 432             106 / 432             106 / 432         MB/s
[2026-04-03T02:47:43.464+0600][70.105s][info][gc,stats    ]      Memory: Page Cache Hit L1                               530 / 574             318 / 574             318 / 574             318 / 574         ops/s
[2026-04-03T02:47:43.464+0600][70.105s][info][gc,stats    ]      Memory: Page Cache Hit L2                                 0 / 0                 0 / 0                 0 / 0                 0 / 0           ops/s
[2026-04-03T02:47:43.464+0600][70.105s][info][gc,stats    ]      Memory: Page Cache Hit L3                                16 / 53               20 / 110              20 / 110              20 / 110         ops/s
[2026-04-03T02:47:43.464+0600][70.105s][info][gc,stats    ]      Memory: Page Cache Miss                                   4 / 15               11 / 121              11 / 121              11 / 121         ops/s
[2026-04-03T02:47:43.464+0600][70.105s][info][gc,stats    ]      Memory: Uncommit                                          0 / 0                 0 / 0                 0 / 0                 0 / 0           MB/s
[2026-04-03T02:47:43.464+0600][70.105s][info][gc,stats    ]      Memory: Undo Object Allocation Failed                     0 / 1                 0 / 1                 0 / 1                 0 / 1           ops/s
[2026-04-03T02:47:43.464+0600][70.105s][info][gc,stats    ]      Memory: Undo Object Allocation Succeeded                  8 / 36                5 / 114               5 / 114               5 / 114         ops/s
[2026-04-03T02:47:43.464+0600][70.105s][info][gc,stats    ]      Memory: Undo Page Allocation                              1 / 7                 1 / 9                 1 / 9                 1 / 9           ops/s
[2026-04-03T02:47:43.464+0600][70.106s][info][gc,stats    ]       Phase: Concurrent Mark                             135.158 / 179.991     134.780 / 327.215     134.780 / 327.215     134.780 / 327.215     ms
[2026-04-03T02:47:43.464+0600][70.106s][info][gc,stats    ]       Phase: Concurrent Mark Continue                      0.000 / 0.000         0.000 / 0.000         0.000 / 0.000         0.000 / 0.000       ms
[2026-04-03T02:47:43.464+0600][70.106s][info][gc,stats    ]       Phase: Concurrent Mark Free                          0.002 / 0.004         0.002 / 0.017         0.002 / 0.017         0.002 / 0.017       ms
[2026-04-03T02:47:43.464+0600][70.106s][info][gc,stats    ]       Phase: Concurrent Process Non-Strong References     32.571 / 70.000       30.703 / 81.488       30.703 / 81.488       30.703 / 81.488      ms
[2026-04-03T02:47:43.464+0600][70.106s][info][gc,stats    ]       Phase: Concurrent Relocate                           7.553 / 13.228        9.573 / 43.194        9.573 / 43.194        9.573 / 43.194      ms
[2026-04-03T02:47:43.464+0600][70.106s][info][gc,stats    ]       Phase: Concurrent Reset Relocation Set               0.019 / 0.033         0.018 / 0.037         0.018 / 0.037         0.018 / 0.037       ms
[2026-04-03T02:47:43.464+0600][70.106s][info][gc,stats    ]       Phase: Concurrent Select Relocation Set              4.103 / 6.251         4.643 / 22.794        4.643 / 22.794        4.643 / 22.794      ms
[2026-04-03T02:47:43.464+0600][70.106s][info][gc,stats    ]       Phase: Pause Mark End                                0.035 / 0.063         0.043 / 0.151         0.043 / 0.151         0.043 / 0.151       ms
[2026-04-03T02:47:43.464+0600][70.106s][info][gc,stats    ]       Phase: Pause Mark Start                              0.020 / 0.065         0.018 / 0.078         0.018 / 0.078         0.018 / 0.078       ms
[2026-04-03T02:47:43.464+0600][70.106s][info][gc,stats    ]       Phase: Pause Relocate Start                          0.016 / 0.026         0.018 / 0.101         0.018 / 0.101         0.018 / 0.101       ms
[2026-04-03T02:47:43.464+0600][70.106s][info][gc,stats    ]    Subphase: Concurrent Classes Purge                      0.122 / 0.467         0.276 / 3.320         0.276 / 3.320         0.276 / 3.320       ms
[2026-04-03T02:47:43.464+0600][70.106s][info][gc,stats    ]    Subphase: Concurrent Classes Unlink                    29.173 / 65.272       26.953 / 74.619       26.953 / 74.619       26.953 / 74.619      ms
[2026-04-03T02:47:43.464+0600][70.106s][info][gc,stats    ]    Subphase: Concurrent Mark                             127.382 / 177.279     120.982 / 320.633     120.982 / 320.633     120.982 / 320.633     ms
[2026-04-03T02:47:43.464+0600][70.106s][info][gc,stats    ]    Subphase: Concurrent Mark Try Flush                     0.355 / 1.143         0.403 / 5.473         0.403 / 5.473         0.403 / 5.473       ms
[2026-04-03T02:47:43.464+0600][70.106s][info][gc,stats    ]    Subphase: Concurrent Mark Try Terminate                 0.722 / 1.215         0.809 / 2.888         0.809 / 2.888         0.809 / 2.888       ms
[2026-04-03T02:47:43.464+0600][70.106s][info][gc,stats    ]    Subphase: Concurrent References Enqueue                 0.009 / 0.024         0.009 / 0.024         0.009 / 0.024         0.009 / 0.024       ms
[2026-04-03T02:47:43.464+0600][70.106s][info][gc,stats    ]    Subphase: Concurrent References Process                 0.798 / 1.258         0.884 / 2.239         0.884 / 2.239         0.884 / 2.239       ms
[2026-04-03T02:47:43.464+0600][70.106s][info][gc,stats    ]    Subphase: Concurrent Roots ClassLoaderDataGraph         0.492 / 1.005         0.434 / 1.005         0.434 / 1.005         0.434 / 1.005       ms
[2026-04-03T02:47:43.464+0600][70.106s][info][gc,stats    ]    Subphase: Concurrent Roots CodeCache                    0.000 / 0.000         0.000 / 0.000         0.000 / 0.000         0.000 / 0.000       ms
[2026-04-03T02:47:43.464+0600][70.106s][info][gc,stats    ]    Subphase: Concurrent Roots JavaThreads                  1.447 / 3.461         1.488 / 7.358         1.488 / 7.358         1.488 / 7.358       ms
[2026-04-03T02:47:43.464+0600][70.106s][info][gc,stats    ]    Subphase: Concurrent Roots OopStorageSet                0.106 / 0.230         0.104 / 0.283         0.104 / 0.283         0.104 / 0.283       ms
[2026-04-03T02:47:43.464+0600][70.106s][info][gc,stats    ]    Subphase: Concurrent Weak Roots OopStorageSet           1.582 / 2.498         1.578 / 4.256         1.578 / 4.256         1.578 / 4.256       ms
[2026-04-03T02:47:43.464+0600][70.106s][info][gc,stats    ]    Subphase: Pause Mark Try Complete                       0.000 / 0.000         0.002 / 0.010         0.002 / 0.010         0.002 / 0.010       ms
[2026-04-03T02:47:43.464+0600][70.106s][info][gc,stats    ]      System: Java Threads                                    285 / 286             259 / 289             259 / 289             259 / 289         threads
[2026-04-03T02:47:43.464+0600][70.106s][info][gc,stats    ] =========================================================================================================================================================
[2026-04-03T02:47:43.563+0600][70.205s][info][gc,start    ] GC(70) Garbage Collection (Allocation Rate)
[2026-04-03T02:47:43.563+0600][70.205s][info][gc,task     ] GC(70) Using 2 workers
[2026-04-03T02:47:43.564+0600][70.205s][info][gc,phases   ] GC(70) Pause Mark Start 0.017ms
[2026-04-03T02:47:43.738+0600][70.379s][info][gc,phases   ] GC(70) Concurrent Mark 173.936ms
[2026-04-03T02:47:43.738+0600][70.380s][info][gc,phases   ] GC(70) Pause Mark End 0.039ms
[2026-04-03T02:47:43.738+0600][70.380s][info][gc,phases   ] GC(70) Concurrent Mark Free 0.003ms
[2026-04-03T02:47:43.778+0600][70.419s][info][gc,phases   ] GC(70) Concurrent Process Non-Strong References 39.385ms
[2026-04-03T02:47:43.778+0600][70.419s][info][gc,phases   ] GC(70) Concurrent Reset Relocation Set 0.010ms
[2026-04-03T02:47:43.782+0600][70.423s][info][gc,phases   ] GC(70) Concurrent Select Relocation Set 3.978ms
[2026-04-03T02:47:43.802+0600][70.443s][info][gc,phases   ] GC(70) Pause Relocate Start 0.013ms
[2026-04-03T02:47:43.809+0600][70.451s][info][gc,phases   ] GC(70) Concurrent Relocate 7.504ms
[2026-04-03T02:47:43.809+0600][70.451s][info][gc,load     ] GC(70) Load: 6.01/5.62/5.62
[2026-04-03T02:47:43.809+0600][70.451s][info][gc,mmu      ] GC(70) MMU: 2ms/92.4%, 5ms/97.0%, 10ms/98.4%, 20ms/99.2%, 50ms/99.7%, 100ms/99.8%
[2026-04-03T02:47:43.809+0600][70.451s][info][gc,marking  ] GC(70) Mark: 2 stripe(s), 3 proactive flush(es), 1 terminate flush(es), 0 completion(s), 0 continuation(s) 
[2026-04-03T02:47:43.809+0600][70.451s][info][gc,marking  ] GC(70) Mark Stack Usage: 32M
[2026-04-03T02:47:43.809+0600][70.451s][info][gc,nmethod  ] GC(70) NMethods: 15272 registered, 2422 unregistered
[2026-04-03T02:47:43.809+0600][70.451s][info][gc,metaspace] GC(70) Metaspace: 128M used, 129M committed, 1152M reserved
[2026-04-03T02:47:43.809+0600][70.451s][info][gc,ref      ] GC(70) Soft: 3435 encountered, 0 discovered, 0 enqueued
[2026-04-03T02:47:43.809+0600][70.451s][info][gc,ref      ] GC(70) Weak: 17564 encountered, 6688 discovered, 1619 enqueued
[2026-04-03T02:47:43.809+0600][70.451s][info][gc,ref      ] GC(70) Final: 84 encountered, 0 discovered, 0 enqueued
[2026-04-03T02:47:43.809+0600][70.451s][info][gc,ref      ] GC(70) Phantom: 620 encountered, 341 discovered, 0 enqueued
[2026-04-03T02:47:43.809+0600][70.451s][info][gc,reloc    ] GC(70) Small Pages: 556 / 1112M, Empty: 428M, Relocated: 10M, In-Place: 0
[2026-04-03T02:47:43.809+0600][70.451s][info][gc,reloc    ] GC(70) Medium Pages: 7 / 224M, Empty: 192M, Relocated: 0M, In-Place: 0
[2026-04-03T02:47:43.809+0600][70.451s][info][gc,reloc    ] GC(70) Large Pages: 25 / 150M, Empty: 150M, Relocated: 0M, In-Place: 0
[2026-04-03T02:47:43.809+0600][70.451s][info][gc,reloc    ] GC(70) Forwarding Usage: 2M
[2026-04-03T02:47:43.809+0600][70.451s][info][gc,heap     ] GC(70) Min Capacity: 8M(0%)
[2026-04-03T02:47:43.809+0600][70.451s][info][gc,heap     ] GC(70) Max Capacity: 2000M(100%)
[2026-04-03T02:47:43.809+0600][70.451s][info][gc,heap     ] GC(70) Soft Max Capacity: 2000M(100%)
[2026-04-03T02:47:43.809+0600][70.451s][info][gc,heap     ] GC(70)                Mark Start          Mark End        Relocate Start      Relocate End           High               Low         
[2026-04-03T02:47:43.809+0600][70.451s][info][gc,heap     ] GC(70)  Capacity:     2000M (100%)       2000M (100%)       2000M (100%)       2000M (100%)       2000M (100%)       2000M (100%)   
[2026-04-03T02:47:43.809+0600][70.451s][info][gc,heap     ] GC(70)      Free:      514M (26%)         368M (18%)        1048M (52%)        1606M (80%)        1606M (80%)         240M (12%)    
[2026-04-03T02:47:43.810+0600][70.451s][info][gc,heap     ] GC(70)      Used:     1486M (74%)        1632M (82%)         952M (48%)         394M (20%)        1760M (88%)         394M (20%)    
[2026-04-03T02:47:43.810+0600][70.451s][info][gc,heap     ] GC(70)      Live:         -               109M (5%)          109M (5%)          109M (5%)             -                  -          
[2026-04-03T02:47:43.810+0600][70.451s][info][gc,heap     ] GC(70) Allocated:         -               146M (7%)          236M (12%)         241M (12%)            -                  -          
[2026-04-03T02:47:43.810+0600][70.451s][info][gc,heap     ] GC(70)   Garbage:         -              1376M (69%)         606M (30%)          42M (2%)             -                  -          
[2026-04-03T02:47:43.810+0600][70.451s][info][gc,heap     ] GC(70) Reclaimed:         -                  -               770M (38%)        1333M (67%)            -                  -          
[2026-04-03T02:47:43.810+0600][70.451s][info][gc          ] GC(70) Garbage Collection (Allocation Rate) 1486M(74%)->394M(20%)
[2026-04-03T02:47:44.263+0600][70.905s][info][gc,start    ] GC(71) Garbage Collection (Allocation Rate)
[2026-04-03T02:47:44.264+0600][70.905s][info][gc,task     ] GC(71) Using 3 workers
[2026-04-03T02:47:44.264+0600][70.905s][info][gc,phases   ] GC(71) Pause Mark Start 0.012ms
[2026-04-03T02:47:44.374+0600][71.015s][info][gc,phases   ] GC(71) Concurrent Mark 109.549ms
[2026-04-03T02:47:44.374+0600][71.015s][info][gc,phases   ] GC(71) Pause Mark End 0.053ms
[2026-04-03T02:47:44.374+0600][71.016s][info][gc,phases   ] GC(71) Concurrent Mark Free 0.002ms
[2026-04-03T02:47:44.393+0600][71.034s][info][gc,phases   ] GC(71) Concurrent Process Non-Strong References 18.733ms
[2026-04-03T02:47:44.393+0600][71.035s][info][gc,phases   ] GC(71) Concurrent Reset Relocation Set 0.031ms
[2026-04-03T02:47:44.397+0600][71.038s][info][gc,phases   ] GC(71) Concurrent Select Relocation Set 3.583ms
[2026-04-03T02:47:44.397+0600][71.038s][info][gc,phases   ] GC(71) Pause Relocate Start 0.015ms
[2026-04-03T02:47:44.404+0600][71.045s][info][gc,phases   ] GC(71) Concurrent Relocate 6.834ms
[2026-04-03T02:47:44.404+0600][71.046s][info][gc,load     ] GC(71) Load: 6.01/5.62/5.62
[2026-04-03T02:47:44.404+0600][71.046s][info][gc,mmu      ] GC(71) MMU: 2ms/92.4%, 5ms/97.0%, 10ms/98.4%, 20ms/99.2%, 50ms/99.7%, 100ms/99.8%
[2026-04-03T02:47:44.404+0600][71.046s][info][gc,marking  ] GC(71) Mark: 2 stripe(s), 3 proactive flush(es), 1 terminate flush(es), 0 completion(s), 0 continuation(s) 
[2026-04-03T02:47:44.404+0600][71.046s][info][gc,marking  ] GC(71) Mark Stack Usage: 32M
[2026-04-03T02:47:44.404+0600][71.046s][info][gc,nmethod  ] GC(71) NMethods: 15283 registered, 2426 unregistered
[2026-04-03T02:47:44.404+0600][71.046s][info][gc,metaspace] GC(71) Metaspace: 128M used, 129M committed, 1152M reserved
[2026-04-03T02:47:44.404+0600][71.046s][info][gc,ref      ] GC(71) Soft: 3431 encountered, 0 discovered, 0 enqueued
[2026-04-03T02:47:44.404+0600][71.046s][info][gc,ref      ] GC(71) Weak: 16981 encountered, 9408 discovered, 2271 enqueued
[2026-04-03T02:47:44.404+0600][71.046s][info][gc,ref      ] GC(71) Final: 84 encountered, 4 discovered, 0 enqueued
[2026-04-03T02:47:44.404+0600][71.046s][info][gc,ref      ] GC(71) Phantom: 621 encountered, 368 discovered, 0 enqueued
[2026-04-03T02:47:44.404+0600][71.046s][info][gc,reloc    ] GC(71) Small Pages: 398 / 796M, Empty: 312M, Relocated: 8M, In-Place: 0
[2026-04-03T02:47:44.404+0600][71.046s][info][gc,reloc    ] GC(71) Medium Pages: 4 / 128M, Empty: 96M, Relocated: 0M, In-Place: 0
[2026-04-03T02:47:44.404+0600][71.046s][info][gc,reloc    ] GC(71) Large Pages: 64 / 384M, Empty: 366M, Relocated: 0M, In-Place: 0
[2026-04-03T02:47:44.404+0600][71.046s][info][gc,reloc    ] GC(71) Forwarding Usage: 1M
[2026-04-03T02:47:44.404+0600][71.046s][info][gc,heap     ] GC(71) Min Capacity: 8M(0%)
[2026-04-03T02:47:44.404+0600][71.046s][info][gc,heap     ] GC(71) Max Capacity: 2000M(100%)
[2026-04-03T02:47:44.404+0600][71.046s][info][gc,heap     ] GC(71) Soft Max Capacity: 2000M(100%)
[2026-04-03T02:47:44.404+0600][71.046s][info][gc,heap     ] GC(71)                Mark Start          Mark End        Relocate Start      Relocate End           High               Low         
[2026-04-03T02:47:44.404+0600][71.046s][info][gc,heap     ] GC(71)  Capacity:     2000M (100%)       2000M (100%)       2000M (100%)       2000M (100%)       2000M (100%)       2000M (100%)   
[2026-04-03T02:47:44.404+0600][71.046s][info][gc,heap     ] GC(71)      Free:      692M (35%)         500M (25%)        1176M (59%)        1452M (73%)        1484M (74%)         416M (21%)    
[2026-04-03T02:47:44.404+0600][71.046s][info][gc,heap     ] GC(71)      Used:     1308M (65%)        1500M (75%)         824M (41%)         548M (27%)        1584M (79%)         516M (26%)    
[2026-04-03T02:47:44.404+0600][71.046s][info][gc,heap     ] GC(71)      Live:         -               128M (6%)          128M (6%)          128M (6%)             -                  -          
[2026-04-03T02:47:44.404+0600][71.046s][info][gc,heap     ] GC(71) Allocated:         -               192M (10%)         290M (14%)         373M (19%)            -                  -          
[2026-04-03T02:47:44.404+0600][71.046s][info][gc,heap     ] GC(71)   Garbage:         -              1179M (59%)         405M (20%)          45M (2%)             -                  -          
[2026-04-03T02:47:44.404+0600][71.046s][info][gc,heap     ] GC(71) Reclaimed:         -                  -               774M (39%)        1133M (57%)            -                  -          
[2026-04-03T02:47:44.404+0600][71.046s][info][gc          ] GC(71) Garbage Collection (Allocation Rate) 1308M(65%)->548M(27%)
[2026-04-03T02:47:44.563+0600][71.204s][info][gc,start    ] GC(72) Garbage Collection (Allocation Rate)
[2026-04-03T02:47:44.563+0600][71.204s][info][gc,task     ] GC(72) Using 3 workers
[2026-04-03T02:47:44.563+0600][71.205s][info][gc,phases   ] GC(72) Pause Mark Start 0.009ms
[2026-04-03T02:47:44.652+0600][71.294s][info][gc,phases   ] GC(72) Concurrent Mark 88.779ms
[2026-04-03T02:47:44.652+0600][71.294s][info][gc,phases   ] GC(72) Pause Mark End 0.043ms
[2026-04-03T02:47:44.653+0600][71.294s][info][gc,phases   ] GC(72) Concurrent Mark Free 0.001ms
[2026-04-03T02:47:44.669+0600][71.310s][info][gc,phases   ] GC(72) Concurrent Process Non-Strong References 16.093ms
[2026-04-03T02:47:44.669+0600][71.310s][info][gc,phases   ] GC(72) Concurrent Reset Relocation Set 0.017ms
[2026-04-03T02:47:44.674+0600][71.315s][info][gc,phases   ] GC(72) Concurrent Select Relocation Set 4.796ms
[2026-04-03T02:47:44.674+0600][71.316s][info][gc,phases   ] GC(72) Pause Relocate Start 0.013ms
[2026-04-03T02:47:44.682+0600][71.324s][info][gc,phases   ] GC(72) Concurrent Relocate 8.110ms
[2026-04-03T02:47:44.682+0600][71.324s][info][gc,load     ] GC(72) Load: 6.01/5.62/5.62
[2026-04-03T02:47:44.682+0600][71.324s][info][gc,mmu      ] GC(72) MMU: 2ms/92.4%, 5ms/97.0%, 10ms/98.4%, 20ms/99.2%, 50ms/99.7%, 100ms/99.8%
[2026-04-03T02:47:44.682+0600][71.324s][info][gc,marking  ] GC(72) Mark: 2 stripe(s), 2 proactive flush(es), 1 terminate flush(es), 0 completion(s), 0 continuation(s) 
[2026-04-03T02:47:44.682+0600][71.324s][info][gc,marking  ] GC(72) Mark Stack Usage: 32M
[2026-04-03T02:47:44.682+0600][71.324s][info][gc,nmethod  ] GC(72) NMethods: 15292 registered, 2434 unregistered
[2026-04-03T02:47:44.683+0600][71.324s][info][gc,metaspace] GC(72) Metaspace: 128M used, 129M committed, 1152M reserved
[2026-04-03T02:47:44.683+0600][71.324s][info][gc,ref      ] GC(72) Soft: 3443 encountered, 0 discovered, 0 enqueued
[2026-04-03T02:47:44.683+0600][71.324s][info][gc,ref      ] GC(72) Weak: 15175 encountered, 6915 discovered, 531 enqueued
[2026-04-03T02:47:44.683+0600][71.324s][info][gc,ref      ] GC(72) Final: 84 encountered, 4 discovered, 0 enqueued
[2026-04-03T02:47:44.683+0600][71.324s][info][gc,ref      ] GC(72) Phantom: 620 encountered, 382 discovered, 0 enqueued
[2026-04-03T02:47:44.683+0600][71.324s][info][gc,reloc    ] GC(72) Small Pages: 182 / 364M, Empty: 24M, Relocated: 10M, In-Place: 0
[2026-04-03T02:47:44.683+0600][71.324s][info][gc,reloc    ] GC(72) Medium Pages: 3 / 96M, Empty: 64M, Relocated: 0M, In-Place: 0
[2026-04-03T02:47:44.683+0600][71.324s][info][gc,reloc    ] GC(72) Large Pages: 88 / 528M, Empty: 528M, Relocated: 0M, In-Place: 0
[2026-04-03T02:47:44.683+0600][71.324s][info][gc,reloc    ] GC(72) Forwarding Usage: 3M
[2026-04-03T02:47:44.683+0600][71.324s][info][gc,heap     ] GC(72) Min Capacity: 8M(0%)
[2026-04-03T02:47:44.683+0600][71.324s][info][gc,heap     ] GC(72) Max Capacity: 2000M(100%)
[2026-04-03T02:47:44.683+0600][71.324s][info][gc,heap     ] GC(72) Soft Max Capacity: 2000M(100%)
[2026-04-03T02:47:44.683+0600][71.324s][info][gc,heap     ] GC(72)                Mark Start          Mark End        Relocate Start      Relocate End           High               Low         
[2026-04-03T02:47:44.683+0600][71.324s][info][gc,heap     ] GC(72)  Capacity:     2000M (100%)       2000M (100%)       2000M (100%)       2000M (100%)       2000M (100%)       2000M (100%)   
[2026-04-03T02:47:44.683+0600][71.324s][info][gc,heap     ] GC(72)      Free:     1012M (51%)         926M (46%)        1528M (76%)        1748M (87%)        1748M (87%)         918M (46%)    
[2026-04-03T02:47:44.683+0600][71.324s][info][gc,heap     ] GC(72)      Used:      988M (49%)        1074M (54%)         472M (24%)         252M (13%)        1082M (54%)         252M (13%)    
[2026-04-03T02:47:44.683+0600][71.324s][info][gc,heap     ] GC(72)      Live:         -               106M (5%)          106M (5%)          106M (5%)             -                  -          
[2026-04-03T02:47:44.683+0600][71.324s][info][gc,heap     ] GC(72) Allocated:         -                86M (4%)          100M (5%)          103M (5%)             -                  -          
[2026-04-03T02:47:44.683+0600][71.324s][info][gc,heap     ] GC(72)   Garbage:         -               881M (44%)         265M (13%)          41M (2%)             -                  -          
[2026-04-03T02:47:44.683+0600][71.324s][info][gc,heap     ] GC(72) Reclaimed:         -                  -               616M (31%)         839M (42%)            -                  -          
[2026-04-03T02:47:44.683+0600][71.324s][info][gc          ] GC(72) Garbage Collection (Allocation Rate) 988M(49%)->252M(13%)
[2026-04-03T02:47:45.364+0600][72.005s][info][gc,start    ] GC(73) Garbage Collection (Allocation Rate)
[2026-04-03T02:47:45.364+0600][72.005s][info][gc,task     ] GC(73) Using 2 workers
[2026-04-03T02:47:45.364+0600][72.006s][info][gc,phases   ] GC(73) Pause Mark Start 0.040ms
[2026-04-03T02:47:45.544+0600][72.186s][info][gc,phases   ] GC(73) Concurrent Mark 179.893ms
[2026-04-03T02:47:45.545+0600][72.186s][info][gc,phases   ] GC(73) Pause Mark End 0.066ms
[2026-04-03T02:47:45.545+0600][72.186s][info][gc,phases   ] GC(73) Concurrent Mark Free 0.002ms
[2026-04-03T02:47:45.573+0600][72.215s][info][gc,phases   ] GC(73) Concurrent Process Non-Strong References 28.659ms
[2026-04-03T02:47:45.573+0600][72.215s][info][gc,phases   ] GC(73) Concurrent Reset Relocation Set 0.015ms
[2026-04-03T02:47:45.579+0600][72.221s][info][gc,phases   ] GC(73) Concurrent Select Relocation Set 5.900ms
[2026-04-03T02:47:45.580+0600][72.222s][info][gc,phases   ] GC(73) Pause Relocate Start 0.020ms
[2026-04-03T02:47:45.589+0600][72.231s][info][gc,phases   ] GC(73) Concurrent Relocate 8.681ms
[2026-04-03T02:47:45.589+0600][72.231s][info][gc,load     ] GC(73) Load: 6.17/5.66/5.64
[2026-04-03T02:47:45.590+0600][72.231s][info][gc,mmu      ] GC(73) MMU: 2ms/92.4%, 5ms/97.0%, 10ms/98.4%, 20ms/99.2%, 50ms/99.7%, 100ms/99.8%
[2026-04-03T02:47:45.590+0600][72.231s][info][gc,marking  ] GC(73) Mark: 2 stripe(s), 8 proactive flush(es), 1 terminate flush(es), 0 completion(s), 0 continuation(s) 
[2026-04-03T02:47:45.590+0600][72.231s][info][gc,marking  ] GC(73) Mark Stack Usage: 32M
[2026-04-03T02:47:45.590+0600][72.231s][info][gc,nmethod  ] GC(73) NMethods: 15306 registered, 2465 unregistered
[2026-04-03T02:47:45.590+0600][72.231s][info][gc,metaspace] GC(73) Metaspace: 128M used, 129M committed, 1152M reserved
[2026-04-03T02:47:45.590+0600][72.231s][info][gc,ref      ] GC(73) Soft: 3434 encountered, 0 discovered, 0 enqueued
[2026-04-03T02:47:45.590+0600][72.231s][info][gc,ref      ] GC(73) Weak: 15763 encountered, 5152 discovered, 125 enqueued
[2026-04-03T02:47:45.590+0600][72.231s][info][gc,ref      ] GC(73) Final: 84 encountered, 0 discovered, 0 enqueued
[2026-04-03T02:47:45.590+0600][72.231s][info][gc,ref      ] GC(73) Phantom: 620 encountered, 340 discovered, 0 enqueued
[2026-04-03T02:47:45.590+0600][72.231s][info][gc,reloc    ] GC(73) Small Pages: 408 / 816M, Empty: 312M, Relocated: 5M, In-Place: 0
[2026-04-03T02:47:45.590+0600][72.231s][info][gc,reloc    ] GC(73) Medium Pages: 5 / 160M, Empty: 96M, Relocated: 9M, In-Place: 0
[2026-04-03T02:47:45.590+0600][72.231s][info][gc,reloc    ] GC(73) Large Pages: 16 / 96M, Empty: 96M, Relocated: 0M, In-Place: 0
[2026-04-03T02:47:45.590+0600][72.231s][info][gc,reloc    ] GC(73) Forwarding Usage: 1M
[2026-04-03T02:47:45.590+0600][72.231s][info][gc,heap     ] GC(73) Min Capacity: 8M(0%)
[2026-04-03T02:47:45.590+0600][72.231s][info][gc,heap     ] GC(73) Max Capacity: 2000M(100%)
[2026-04-03T02:47:45.590+0600][72.231s][info][gc,heap     ] GC(73) Soft Max Capacity: 2000M(100%)
[2026-04-03T02:47:45.590+0600][72.231s][info][gc,heap     ] GC(73)                Mark Start          Mark End        Relocate Start      Relocate End           High               Low         
[2026-04-03T02:47:45.590+0600][72.231s][info][gc,heap     ] GC(73)  Capacity:     2000M (100%)       2000M (100%)       2000M (100%)       2000M (100%)       2000M (100%)       2000M (100%)   
[2026-04-03T02:47:45.590+0600][72.231s][info][gc,heap     ] GC(73)      Free:      928M (46%)         670M (34%)        1124M (56%)        1534M (77%)        1538M (77%)         640M (32%)    
[2026-04-03T02:47:45.590+0600][72.231s][info][gc,heap     ] GC(73)      Used:     1072M (54%)        1330M (66%)         876M (44%)         466M (23%)        1360M (68%)         462M (23%)    
[2026-04-03T02:47:45.590+0600][72.231s][info][gc,heap     ] GC(73)      Live:         -               109M (5%)          109M (5%)          109M (5%)             -                  -          
[2026-04-03T02:47:45.590+0600][72.231s][info][gc,heap     ] GC(73) Allocated:         -               258M (13%)         308M (15%)         313M (16%)            -                  -          
[2026-04-03T02:47:45.590+0600][72.231s][info][gc,heap     ] GC(73)   Garbage:         -               962M (48%)         458M (23%)          42M (2%)             -                  -          
[2026-04-03T02:47:45.590+0600][72.231s][info][gc,heap     ] GC(73) Reclaimed:         -                  -               504M (25%)         919M (46%)            -                  -          
[2026-04-03T02:47:45.590+0600][72.231s][info][gc          ] GC(73) Garbage Collection (Allocation Rate) 1072M(54%)->466M(23%)
[2026-04-03T02:47:46.464+0600][73.105s][info][gc,start    ] GC(74) Garbage Collection (Allocation Rate)
[2026-04-03T02:47:46.464+0600][73.105s][info][gc,task     ] GC(74) Using 2 workers
[2026-04-03T02:47:46.464+0600][73.106s][info][gc,phases   ] GC(74) Pause Mark Start 0.018ms
[2026-04-03T02:47:46.646+0600][73.288s][info][gc,phases   ] GC(74) Concurrent Mark 181.837ms
[2026-04-03T02:47:46.646+0600][73.288s][info][gc,phases   ] GC(74) Pause Mark End 0.028ms
[2026-04-03T02:47:46.646+0600][73.288s][info][gc,phases   ] GC(74) Concurrent Mark Free 0.001ms
[2026-04-03T02:47:46.683+0600][73.325s][info][gc,phases   ] GC(74) Concurrent Process Non-Strong References 37.052ms
[2026-04-03T02:47:46.684+0600][73.325s][info][gc,phases   ] GC(74) Concurrent Reset Relocation Set 0.024ms
[2026-04-03T02:47:46.689+0600][73.330s][info][gc,phases   ] GC(74) Concurrent Select Relocation Set 5.381ms
[2026-04-03T02:47:46.689+0600][73.331s][info][gc,phases   ] GC(74) Pause Relocate Start 0.018ms
[2026-04-03T02:47:46.700+0600][73.342s][info][gc,phases   ] GC(74) Concurrent Relocate 10.813ms
[2026-04-03T02:47:46.701+0600][73.342s][info][gc,load     ] GC(74) Load: 6.17/5.66/5.64
[2026-04-03T02:47:46.701+0600][73.342s][info][gc,mmu      ] GC(74) MMU: 2ms/92.4%, 5ms/97.0%, 10ms/98.4%, 20ms/99.2%, 50ms/99.7%, 100ms/99.8%
[2026-04-03T02:47:46.701+0600][73.342s][info][gc,marking  ] GC(74) Mark: 2 stripe(s), 2 proactive flush(es), 1 terminate flush(es), 0 completion(s), 0 continuation(s) 
[2026-04-03T02:47:46.701+0600][73.342s][info][gc,marking  ] GC(74) Mark Stack Usage: 32M
[2026-04-03T02:47:46.701+0600][73.342s][info][gc,nmethod  ] GC(74) NMethods: 15324 registered, 2487 unregistered
[2026-04-03T02:47:46.701+0600][73.342s][info][gc,metaspace] GC(74) Metaspace: 128M used, 129M committed, 1152M reserved
[2026-04-03T02:47:46.701+0600][73.342s][info][gc,ref      ] GC(74) Soft: 3434 encountered, 0 discovered, 0 enqueued
[2026-04-03T02:47:46.701+0600][73.342s][info][gc,ref      ] GC(74) Weak: 17358 encountered, 6576 discovered, 1633 enqueued
[2026-04-03T02:47:46.701+0600][73.342s][info][gc,ref      ] GC(74) Final: 84 encountered, 0 discovered, 0 enqueued
[2026-04-03T02:47:46.701+0600][73.342s][info][gc,ref      ] GC(74) Phantom: 620 encountered, 570 discovered, 0 enqueued
[2026-04-03T02:47:46.701+0600][73.342s][info][gc,reloc    ] GC(74) Small Pages: 569 / 1138M, Empty: 496M, Relocated: 10M, In-Place: 0
[2026-04-03T02:47:46.701+0600][73.342s][info][gc,reloc    ] GC(74) Medium Pages: 7 / 224M, Empty: 192M, Relocated: 0M, In-Place: 0
[2026-04-03T02:47:46.701+0600][73.342s][info][gc,reloc    ] GC(74) Large Pages: 25 / 150M, Empty: 150M, Relocated: 0M, In-Place: 0
[2026-04-03T02:47:46.701+0600][73.342s][info][gc,reloc    ] GC(74) Forwarding Usage: 2M
[2026-04-03T02:47:46.701+0600][73.342s][info][gc,heap     ] GC(74) Min Capacity: 8M(0%)
[2026-04-03T02:47:46.701+0600][73.342s][info][gc,heap     ] GC(74) Max Capacity: 2000M(100%)
[2026-04-03T02:47:46.701+0600][73.342s][info][gc,heap     ] GC(74) Soft Max Capacity: 2000M(100%)
[2026-04-03T02:47:46.701+0600][73.342s][info][gc,heap     ] GC(74)                Mark Start          Mark End        Relocate Start      Relocate End           High               Low         
[2026-04-03T02:47:46.701+0600][73.342s][info][gc,heap     ] GC(74)  Capacity:     2000M (100%)       2000M (100%)       2000M (100%)       2000M (100%)       2000M (100%)       2000M (100%)   
[2026-04-03T02:47:46.701+0600][73.342s][info][gc,heap     ] GC(74)      Free:      488M (24%)         310M (16%)        1068M (53%)        1572M (79%)        1572M (79%)         238M (12%)    
[2026-04-03T02:47:46.701+0600][73.342s][info][gc,heap     ] GC(74)      Used:     1512M (76%)        1690M (84%)         932M (47%)         428M (21%)        1762M (88%)         428M (21%)    
[2026-04-03T02:47:46.701+0600][73.342s][info][gc,heap     ] GC(74)      Live:         -               110M (6%)          110M (6%)          110M (6%)             -                  -          
[2026-04-03T02:47:46.701+0600][73.342s][info][gc,heap     ] GC(74) Allocated:         -               178M (9%)          258M (13%)         273M (14%)            -                  -          
[2026-04-03T02:47:46.701+0600][73.342s][info][gc,heap     ] GC(74)   Garbage:         -              1401M (70%)         563M (28%)          44M (2%)             -                  -          
[2026-04-03T02:47:46.701+0600][73.342s][info][gc,heap     ] GC(74) Reclaimed:         -                  -               838M (42%)        1357M (68%)            -                  -          
[2026-04-03T02:47:46.701+0600][73.342s][info][gc          ] GC(74) Garbage Collection (Allocation Rate) 1512M(76%)->428M(21%)
[2026-04-03T02:47:47.263+0600][73.905s][info][gc,start    ] GC(75) Garbage Collection (Allocation Rate)
[2026-04-03T02:47:47.263+0600][73.905s][info][gc,task     ] GC(75) Using 3 workers
[2026-04-03T02:47:47.264+0600][73.905s][info][gc,phases   ] GC(75) Pause Mark Start 0.010ms
[2026-04-03T02:47:47.367+0600][74.008s][info][gc,phases   ] GC(75) Concurrent Mark 102.785ms
[2026-04-03T02:47:47.367+0600][74.009s][info][gc,phases   ] GC(75) Pause Mark End 0.051ms
[2026-04-03T02:47:47.368+0600][74.009s][info][gc,phases   ] GC(75) Concurrent Mark Free 0.004ms
[2026-04-03T02:47:47.386+0600][74.027s][info][gc,phases   ] GC(75) Concurrent Process Non-Strong References 18.106ms
[2026-04-03T02:47:47.386+0600][74.027s][info][gc,phases   ] GC(75) Concurrent Reset Relocation Set 0.016ms
[2026-04-03T02:47:47.386+0600][74.028s][info][gc          ] Allocation Stall (Executor task launch worker for task 2.0 in stage 3548.0 (TID 6539)) 18.463ms
[2026-04-03T02:47:47.386+0600][74.028s][info][gc          ] Allocation Stall (Executor task launch worker for task 1.0 in stage 3548.0 (TID 6538)) 17.626ms
[2026-04-03T02:47:47.386+0600][74.028s][info][gc          ] Allocation Stall (Executor task launch worker for task 3.0 in stage 3548.0 (TID 6540)) 13.965ms
[2026-04-03T02:47:47.386+0600][74.028s][info][gc          ] Allocation Stall (Executor task launch worker for task 0.0 in stage 3548.0 (TID 6537)) 15.687ms
[2026-04-03T02:47:47.390+0600][74.031s][info][gc,phases   ] GC(75) Concurrent Select Relocation Set 3.748ms
[2026-04-03T02:47:47.390+0600][74.032s][info][gc,phases   ] GC(75) Pause Relocate Start 0.015ms
[2026-04-03T02:47:47.399+0600][74.040s][info][gc,phases   ] GC(75) Concurrent Relocate 8.215ms
[2026-04-03T02:47:47.399+0600][74.040s][info][gc,load     ] GC(75) Load: 6.17/5.66/5.64
[2026-04-03T02:47:47.399+0600][74.040s][info][gc,mmu      ] GC(75) MMU: 2ms/92.4%, 5ms/97.0%, 10ms/98.4%, 20ms/99.2%, 50ms/99.7%, 100ms/99.8%
[2026-04-03T02:47:47.399+0600][74.040s][info][gc,marking  ] GC(75) Mark: 2 stripe(s), 2 proactive flush(es), 1 terminate flush(es), 0 completion(s), 0 continuation(s) 
[2026-04-03T02:47:47.399+0600][74.040s][info][gc,marking  ] GC(75) Mark Stack Usage: 32M
[2026-04-03T02:47:47.399+0600][74.040s][info][gc,nmethod  ] GC(75) NMethods: 15343 registered, 2503 unregistered
[2026-04-03T02:47:47.399+0600][74.040s][info][gc,metaspace] GC(75) Metaspace: 128M used, 129M committed, 1152M reserved
[2026-04-03T02:47:47.399+0600][74.040s][info][gc,ref      ] GC(75) Soft: 3427 encountered, 0 discovered, 0 enqueued
[2026-04-03T02:47:47.399+0600][74.040s][info][gc,ref      ] GC(75) Weak: 17055 encountered, 9670 discovered, 2495 enqueued
[2026-04-03T02:47:47.399+0600][74.040s][info][gc,ref      ] GC(75) Final: 84 encountered, 4 discovered, 0 enqueued
[2026-04-03T02:47:47.399+0600][74.040s][info][gc,ref      ] GC(75) Phantom: 620 encountered, 348 discovered, 0 enqueued
[2026-04-03T02:47:47.399+0600][74.040s][info][gc,reloc    ] GC(75) Small Pages: 469 / 938M, Empty: 416M, Relocated: 10M, In-Place: 0
[2026-04-03T02:47:47.399+0600][74.040s][info][gc,reloc    ] GC(75) Medium Pages: 5 / 160M, Empty: 128M, Relocated: 0M, In-Place: 0
[2026-04-03T02:47:47.399+0600][74.040s][info][gc,reloc    ] GC(75) Large Pages: 82 / 492M, Empty: 492M, Relocated: 0M, In-Place: 0
[2026-04-03T02:47:47.399+0600][74.040s][info][gc,reloc    ] GC(75) Forwarding Usage: 2M
[2026-04-03T02:47:47.399+0600][74.040s][info][gc,heap     ] GC(75) Min Capacity: 8M(0%)
[2026-04-03T02:47:47.399+0600][74.040s][info][gc,heap     ] GC(75) Max Capacity: 2000M(100%)
[2026-04-03T02:47:47.399+0600][74.040s][info][gc,heap     ] GC(75) Soft Max Capacity: 2000M(100%)
[2026-04-03T02:47:47.399+0600][74.040s][info][gc,heap     ] GC(75)                Mark Start          Mark End        Relocate Start      Relocate End           High               Low         
[2026-04-03T02:47:47.399+0600][74.040s][info][gc,heap     ] GC(75)  Capacity:     2000M (100%)       2000M (100%)       2000M (100%)       2000M (100%)       2000M (100%)       2000M (100%)   
[2026-04-03T02:47:47.399+0600][74.040s][info][gc,heap     ] GC(75)      Free:      410M (20%)           4M (0%)         1012M (51%)        1372M (69%)        1390M (70%)           4M (0%)     
[2026-04-03T02:47:47.399+0600][74.040s][info][gc,heap     ] GC(75)      Used:     1590M (80%)        1996M (100%)        988M (49%)         628M (31%)        1996M (100%)        610M (30%)    
[2026-04-03T02:47:47.399+0600][74.040s][info][gc,heap     ] GC(75)      Live:         -               108M (5%)          108M (5%)          108M (5%)             -                  -          
[2026-04-03T02:47:47.399+0600][74.040s][info][gc,heap     ] GC(75) Allocated:         -               406M (20%)         434M (22%)         475M (24%)            -                  -          
[2026-04-03T02:47:47.399+0600][74.040s][info][gc,heap     ] GC(75)   Garbage:         -              1481M (74%)         445M (22%)          43M (2%)             -                  -          
[2026-04-03T02:47:47.399+0600][74.040s][info][gc,heap     ] GC(75) Reclaimed:         -                  -              1036M (52%)        1437M (72%)            -                  -          
[2026-04-03T02:47:47.399+0600][74.040s][info][gc          ] GC(75) Garbage Collection (Allocation Rate) 1590M(80%)->628M(31%)
[2026-04-03T02:47:47.464+0600][74.105s][info][gc,start    ] GC(76) Garbage Collection (Allocation Stall)
[2026-04-03T02:47:47.464+0600][74.105s][info][gc,ref      ] GC(76) Clearing All SoftReferences
[2026-04-03T02:47:47.464+0600][74.105s][info][gc,task     ] GC(76) Using 3 workers
[2026-04-03T02:47:47.464+0600][74.105s][info][gc,ref      ] GC(76) Clearing All SoftReferences
[2026-04-03T02:47:47.464+0600][74.105s][info][gc,phases   ] GC(76) Pause Mark Start 0.045ms
[2026-04-03T02:47:47.561+0600][74.203s][info][gc,phases   ] GC(76) Concurrent Mark 97.414ms
[2026-04-03T02:47:47.562+0600][74.203s][info][gc,phases   ] GC(76) Pause Mark End 0.154ms
[2026-04-03T02:47:47.562+0600][74.203s][info][gc,phases   ] GC(76) Concurrent Mark Free 0.002ms
[2026-04-03T02:47:47.613+0600][74.255s][info][gc,phases   ] GC(76) Concurrent Process Non-Strong References 51.243ms
[2026-04-03T02:47:47.613+0600][74.255s][info][gc,phases   ] GC(76) Concurrent Reset Relocation Set 0.018ms
[2026-04-03T02:47:47.617+0600][74.259s][info][gc,phases   ] GC(76) Concurrent Select Relocation Set 3.884ms
[2026-04-03T02:47:47.618+0600][74.259s][info][gc,phases   ] GC(76) Pause Relocate Start 0.013ms
[2026-04-03T02:47:47.624+0600][74.266s][info][gc,phases   ] GC(76) Concurrent Relocate 6.664ms
[2026-04-03T02:47:47.625+0600][74.266s][info][gc,load     ] GC(76) Load: 6.17/5.66/5.64
[2026-04-03T02:47:47.625+0600][74.266s][info][gc,mmu      ] GC(76) MMU: 2ms/92.3%, 5ms/96.9%, 10ms/98.4%, 20ms/99.2%, 50ms/99.7%, 100ms/99.8%
[2026-04-03T02:47:47.625+0600][74.266s][info][gc,marking  ] GC(76) Mark: 2 stripe(s), 2 proactive flush(es), 1 terminate flush(es), 1 completion(s), 0 continuation(s) 
[2026-04-03T02:47:47.625+0600][74.266s][info][gc,marking  ] GC(76) Mark Stack Usage: 32M
[2026-04-03T02:47:47.625+0600][74.266s][info][gc,nmethod  ] GC(76) NMethods: 15363 registered, 2509 unregistered
[2026-04-03T02:47:47.625+0600][74.266s][info][gc,metaspace] GC(76) Metaspace: 128M used, 129M committed, 1152M reserved
[2026-04-03T02:47:47.625+0600][74.266s][info][gc,ref      ] GC(76) Soft: 3378 encountered, 810 discovered, 135 enqueued
[2026-04-03T02:47:47.625+0600][74.266s][info][gc,ref      ] GC(76) Weak: 14682 encountered, 7304 discovered, 196 enqueued
[2026-04-03T02:47:47.625+0600][74.266s][info][gc,ref      ] GC(76) Final: 84 encountered, 4 discovered, 0 enqueued
[2026-04-03T02:47:47.625+0600][74.266s][info][gc,ref      ] GC(76) Phantom: 620 encountered, 383 discovered, 0 enqueued
[2026-04-03T02:47:47.625+0600][74.266s][info][gc,reloc    ] GC(76) Small Pages: 135 / 270M, Empty: 22M, Relocated: 8M, In-Place: 0
[2026-04-03T02:47:47.625+0600][74.266s][info][gc,reloc    ] GC(76) Medium Pages: 2 / 64M, Empty: 32M, Relocated: 0M, In-Place: 0
[2026-04-03T02:47:47.625+0600][74.266s][info][gc,reloc    ] GC(76) Large Pages: 66 / 396M, Empty: 396M, Relocated: 0M, In-Place: 0
[2026-04-03T02:47:47.625+0600][74.266s][info][gc,reloc    ] GC(76) Forwarding Usage: 3M
[2026-04-03T02:47:47.625+0600][74.266s][info][gc,heap     ] GC(76) Min Capacity: 8M(0%)
[2026-04-03T02:47:47.625+0600][74.266s][info][gc,heap     ] GC(76) Max Capacity: 2000M(100%)
[2026-04-03T02:47:47.625+0600][74.266s][info][gc,heap     ] GC(76) Soft Max Capacity: 2000M(100%)
[2026-04-03T02:47:47.625+0600][74.266s][info][gc,heap     ] GC(76)                Mark Start          Mark End        Relocate Start      Relocate End           High               Low         
[2026-04-03T02:47:47.625+0600][74.266s][info][gc,heap     ] GC(76)  Capacity:     2000M (100%)       2000M (100%)       2000M (100%)       2000M (100%)       2000M (100%)       2000M (100%)   
[2026-04-03T02:47:47.625+0600][74.266s][info][gc,heap     ] GC(76)      Free:     1270M (64%)        1152M (58%)        1580M (79%)        1710M (86%)        1710M (86%)        1136M (57%)    
[2026-04-03T02:47:47.625+0600][74.266s][info][gc,heap     ] GC(76)      Used:      730M (36%)         848M (42%)         420M (21%)         290M (14%)         864M (43%)         290M (14%)    
[2026-04-03T02:47:47.625+0600][74.267s][info][gc,heap     ] GC(76)      Live:         -               104M (5%)          104M (5%)          104M (5%)             -                  -          
[2026-04-03T02:47:47.625+0600][74.267s][info][gc,heap     ] GC(76) Allocated:         -               118M (6%)          140M (7%)          141M (7%)             -                  -          
[2026-04-03T02:47:47.625+0600][74.267s][info][gc,heap     ] GC(76)   Garbage:         -               625M (31%)         175M (9%)           43M (2%)             -                  -          
[2026-04-03T02:47:47.625+0600][74.267s][info][gc,heap     ] GC(76) Reclaimed:         -                  -               450M (22%)         581M (29%)            -                  -          
[2026-04-03T02:47:47.625+0600][74.267s][info][gc          ] GC(76) Garbage Collection (Allocation Stall) 730M(36%)->290M(14%)
[2026-04-03T02:47:48.264+0600][74.905s][info][gc,start    ] GC(77) Garbage Collection (Allocation Rate)
[2026-04-03T02:47:48.264+0600][74.905s][info][gc,task     ] GC(77) Using 2 workers
[2026-04-03T02:47:48.265+0600][74.906s][info][gc,phases   ] GC(77) Pause Mark Start 0.018ms
[2026-04-03T02:47:48.447+0600][75.089s][info][gc,phases   ] GC(77) Concurrent Mark 182.375ms
[2026-04-03T02:47:48.447+0600][75.089s][info][gc,phases   ] GC(77) Pause Mark End 0.037ms
[2026-04-03T02:47:48.447+0600][75.089s][info][gc,phases   ] GC(77) Concurrent Mark Free 0.003ms
[2026-04-03T02:47:48.518+0600][75.159s][info][gc,phases   ] GC(77) Concurrent Process Non-Strong References 70.080ms
[2026-04-03T02:47:48.518+0600][75.159s][info][gc,phases   ] GC(77) Concurrent Reset Relocation Set 0.015ms
[2026-04-03T02:47:48.523+0600][75.164s][info][gc,phases   ] GC(77) Concurrent Select Relocation Set 5.137ms
[2026-04-03T02:47:48.523+0600][75.165s][info][gc,phases   ] GC(77) Pause Relocate Start 0.018ms
[2026-04-03T02:47:48.533+0600][75.175s][info][gc,phases   ] GC(77) Concurrent Relocate 9.719ms
[2026-04-03T02:47:48.533+0600][75.175s][info][gc,load     ] GC(77) Load: 6.17/5.66/5.64
[2026-04-03T02:47:48.533+0600][75.175s][info][gc,mmu      ] GC(77) MMU: 2ms/92.3%, 5ms/96.9%, 10ms/98.4%, 20ms/99.2%, 50ms/99.7%, 100ms/99.8%
[2026-04-03T02:47:48.533+0600][75.175s][info][gc,marking  ] GC(77) Mark: 2 stripe(s), 2 proactive flush(es), 1 terminate flush(es), 0 completion(s), 0 continuation(s) 
[2026-04-03T02:47:48.533+0600][75.175s][info][gc,marking  ] GC(77) Mark Stack Usage: 32M
[2026-04-03T02:47:48.534+0600][75.175s][info][gc,nmethod  ] GC(77) NMethods: 15375 registered, 2528 unregistered
[2026-04-03T02:47:48.534+0600][75.175s][info][gc,metaspace] GC(77) Metaspace: 128M used, 129M committed, 1152M reserved
[2026-04-03T02:47:48.534+0600][75.175s][info][gc,ref      ] GC(77) Soft: 3274 encountered, 0 discovered, 0 enqueued
[2026-04-03T02:47:48.534+0600][75.175s][info][gc,ref      ] GC(77) Weak: 15516 encountered, 5398 discovered, 269 enqueued
[2026-04-03T02:47:48.534+0600][75.175s][info][gc,ref      ] GC(77) Final: 84 encountered, 0 discovered, 0 enqueued
[2026-04-03T02:47:48.534+0600][75.175s][info][gc,ref      ] GC(77) Phantom: 620 encountered, 343 discovered, 0 enqueued
[2026-04-03T02:47:48.534+0600][75.175s][info][gc,reloc    ] GC(77) Small Pages: 384 / 768M, Empty: 232M, Relocated: 6M, In-Place: 0
[2026-04-03T02:47:48.534+0600][75.175s][info][gc,reloc    ] GC(77) Medium Pages: 5 / 160M, Empty: 96M, Relocated: 9M, In-Place: 0
[2026-04-03T02:47:48.534+0600][75.175s][info][gc,reloc    ] GC(77) Large Pages: 17 / 102M, Empty: 102M, Relocated: 0M, In-Place: 0
[2026-04-03T02:47:48.534+0600][75.175s][info][gc,reloc    ] GC(77) Forwarding Usage: 1M
[2026-04-03T02:47:48.534+0600][75.175s][info][gc,heap     ] GC(77) Min Capacity: 8M(0%)
[2026-04-03T02:47:48.534+0600][75.175s][info][gc,heap     ] GC(77) Max Capacity: 2000M(100%)
[2026-04-03T02:47:48.534+0600][75.175s][info][gc,heap     ] GC(77) Soft Max Capacity: 2000M(100%)
[2026-04-03T02:47:48.534+0600][75.175s][info][gc,heap     ] GC(77)                Mark Start          Mark End        Relocate Start      Relocate End           High               Low         
[2026-04-03T02:47:48.534+0600][75.175s][info][gc,heap     ] GC(77)  Capacity:     2000M (100%)       2000M (100%)       2000M (100%)       2000M (100%)       2000M (100%)       2000M (100%)   
[2026-04-03T02:47:48.534+0600][75.175s][info][gc,heap     ] GC(77)      Free:      970M (48%)         762M (38%)        1108M (55%)        1544M (77%)        1544M (77%)         556M (28%)    
[2026-04-03T02:47:48.534+0600][75.175s][info][gc,heap     ] GC(77)      Used:     1030M (52%)        1238M (62%)         892M (45%)         456M (23%)        1444M (72%)         456M (23%)    
[2026-04-03T02:47:48.534+0600][75.175s][info][gc,heap     ] GC(77)      Live:         -               110M (6%)          110M (6%)          110M (6%)             -                  -          
[2026-04-03T02:47:48.534+0600][75.175s][info][gc,heap     ] GC(77) Allocated:         -               208M (10%)         292M (15%)         303M (15%)            -                  -          
[2026-04-03T02:47:48.534+0600][75.175s][info][gc,heap     ] GC(77)   Garbage:         -               919M (46%)         489M (24%)          42M (2%)             -                  -          
[2026-04-03T02:47:48.534+0600][75.175s][info][gc,heap     ] GC(77) Reclaimed:         -                  -               430M (22%)         877M (44%)            -                  -          
[2026-04-03T02:47:48.534+0600][75.175s][info][gc          ] GC(77) Garbage Collection (Allocation Rate) 1030M(52%)->456M(23%)
[2026-04-03T02:47:48.663+0600][75.305s][info][gc,start    ] GC(78) Garbage Collection (Allocation Rate)
[2026-04-03T02:47:48.663+0600][75.305s][info][gc,task     ] GC(78) Using 2 workers
[2026-04-03T02:47:48.663+0600][75.305s][info][gc,phases   ] GC(78) Pause Mark Start 0.015ms
[2026-04-03T02:47:48.810+0600][75.452s][info][gc,phases   ] GC(78) Concurrent Mark 146.629ms
[2026-04-03T02:47:48.810+0600][75.452s][info][gc,phases   ] GC(78) Pause Mark End 0.023ms
[2026-04-03T02:47:48.811+0600][75.452s][info][gc,phases   ] GC(78) Concurrent Mark Free 0.002ms
[2026-04-03T02:47:48.833+0600][75.475s][info][gc,phases   ] GC(78) Concurrent Process Non-Strong References 22.753ms
[2026-04-03T02:47:48.834+0600][75.475s][info][gc,phases   ] GC(78) Concurrent Reset Relocation Set 0.017ms
[2026-04-03T02:47:48.838+0600][75.479s][info][gc,phases   ] GC(78) Concurrent Select Relocation Set 4.051ms
[2026-04-03T02:47:48.838+0600][75.479s][info][gc,phases   ] GC(78) Pause Relocate Start 0.014ms
[2026-04-03T02:47:48.845+0600][75.486s][info][gc,phases   ] GC(78) Concurrent Relocate 6.634ms
[2026-04-03T02:47:48.845+0600][75.486s][info][gc,load     ] GC(78) Load: 6.17/5.66/5.64
[2026-04-03T02:47:48.845+0600][75.486s][info][gc,mmu      ] GC(78) MMU: 2ms/92.3%, 5ms/96.9%, 10ms/98.4%, 20ms/99.2%, 50ms/99.7%, 100ms/99.8%
[2026-04-03T02:47:48.845+0600][75.486s][info][gc,marking  ] GC(78) Mark: 2 stripe(s), 2 proactive flush(es), 1 terminate flush(es), 0 completion(s), 0 continuation(s) 
[2026-04-03T02:47:48.845+0600][75.486s][info][gc,marking  ] GC(78) Mark Stack Usage: 32M
[2026-04-03T02:47:48.845+0600][75.486s][info][gc,nmethod  ] GC(78) NMethods: 15376 registered, 2541 unregistered
[2026-04-03T02:47:48.845+0600][75.486s][info][gc,metaspace] GC(78) Metaspace: 128M used, 129M committed, 1152M reserved
[2026-04-03T02:47:48.845+0600][75.486s][info][gc,ref      ] GC(78) Soft: 3268 encountered, 0 discovered, 0 enqueued
[2026-04-03T02:47:48.845+0600][75.486s][info][gc,ref      ] GC(78) Weak: 15886 encountered, 5875 discovered, 25 enqueued
[2026-04-03T02:47:48.845+0600][75.486s][info][gc,ref      ] GC(78) Final: 84 encountered, 0 discovered, 0 enqueued
[2026-04-03T02:47:48.845+0600][75.486s][info][gc,ref      ] GC(78) Phantom: 620 encountered, 557 discovered, 0 enqueued
[2026-04-03T02:47:48.845+0600][75.486s][info][gc,reloc    ] GC(78) Small Pages: 229 / 458M, Empty: 132M, Relocated: 6M, In-Place: 0
[2026-04-03T02:47:48.845+0600][75.486s][info][gc,reloc    ] GC(78) Medium Pages: 4 / 128M, Empty: 96M, Relocated: 0M, In-Place: 0
[2026-04-03T02:47:48.845+0600][75.486s][info][gc,reloc    ] GC(78) Large Pages: 9 / 54M, Empty: 54M, Relocated: 0M, In-Place: 0
[2026-04-03T02:47:48.845+0600][75.486s][info][gc,reloc    ] GC(78) Forwarding Usage: 2M
[2026-04-03T02:47:48.845+0600][75.486s][info][gc,heap     ] GC(78) Min Capacity: 8M(0%)
[2026-04-03T02:47:48.845+0600][75.486s][info][gc,heap     ] GC(78) Max Capacity: 2000M(100%)
[2026-04-03T02:47:48.845+0600][75.486s][info][gc,heap     ] GC(78) Soft Max Capacity: 2000M(100%)
[2026-04-03T02:47:48.845+0600][75.486s][info][gc,heap     ] GC(78)                Mark Start          Mark End        Relocate Start      Relocate End           High               Low         
[2026-04-03T02:47:48.845+0600][75.486s][info][gc,heap     ] GC(78)  Capacity:     2000M (100%)       2000M (100%)       2000M (100%)       2000M (100%)       2000M (100%)       2000M (100%)   
[2026-04-03T02:47:48.845+0600][75.486s][info][gc,heap     ] GC(78)      Free:     1360M (68%)        1254M (63%)        1488M (74%)        1696M (85%)        1696M (85%)        1214M (61%)    
[2026-04-03T02:47:48.845+0600][75.486s][info][gc,heap     ] GC(78)      Used:      640M (32%)         746M (37%)         512M (26%)         304M (15%)         786M (39%)         304M (15%)    
[2026-04-03T02:47:48.845+0600][75.487s][info][gc,heap     ] GC(78)      Live:         -               106M (5%)          106M (5%)          106M (5%)             -                  -          
[2026-04-03T02:47:48.845+0600][75.487s][info][gc,heap     ] GC(78) Allocated:         -               106M (5%)          154M (8%)          155M (8%)             -                  -          
[2026-04-03T02:47:48.845+0600][75.487s][info][gc,heap     ] GC(78)   Garbage:         -               533M (27%)         251M (13%)          41M (2%)             -                  -          
[2026-04-03T02:47:48.845+0600][75.487s][info][gc,heap     ] GC(78) Reclaimed:         -                  -               282M (14%)         491M (25%)            -                  -          
[2026-04-03T02:47:48.845+0600][75.487s][info][gc          ] GC(78) Garbage Collection (Allocation Rate) 640M(32%)->304M(15%)
[2026-04-03T02:47:49.663+0600][76.304s][info][gc,start    ] GC(79) Garbage Collection (Allocation Rate)
[2026-04-03T02:47:49.663+0600][76.305s][info][gc,task     ] GC(79) Using 2 workers
[2026-04-03T02:47:49.664+0600][76.305s][info][gc,phases   ] GC(79) Pause Mark Start 0.016ms
[2026-04-03T02:47:49.852+0600][76.493s][info][gc,phases   ] GC(79) Concurrent Mark 188.160ms
[2026-04-03T02:47:49.853+0600][76.494s][info][gc,phases   ] GC(79) Pause Mark End 0.081ms
[2026-04-03T02:47:49.853+0600][76.494s][info][gc,phases   ] GC(79) Concurrent Mark Free 0.003ms
[2026-04-03T02:47:49.916+0600][76.557s][info][gc,phases   ] GC(79) Concurrent Process Non-Strong References 62.819ms
[2026-04-03T02:47:49.916+0600][76.557s][info][gc,phases   ] GC(79) Concurrent Reset Relocation Set 0.009ms
[2026-04-03T02:47:49.920+0600][76.561s][info][gc,phases   ] GC(79) Concurrent Select Relocation Set 4.060ms
[2026-04-03T02:47:49.920+0600][76.561s][info][gc,phases   ] GC(79) Pause Relocate Start 0.011ms
[2026-04-03T02:47:49.937+0600][76.579s][info][gc,phases   ] GC(79) Concurrent Relocate 16.088ms
[2026-04-03T02:47:49.937+0600][76.579s][info][gc,load     ] GC(79) Load: 6.17/5.66/5.64
[2026-04-03T02:47:49.937+0600][76.579s][info][gc,mmu      ] GC(79) MMU: 2ms/92.3%, 5ms/96.9%, 10ms/98.4%, 20ms/99.2%, 50ms/99.7%, 100ms/99.8%
[2026-04-03T02:47:49.937+0600][76.579s][info][gc,marking  ] GC(79) Mark: 2 stripe(s), 2 proactive flush(es), 1 terminate flush(es), 0 completion(s), 0 continuation(s) 
[2026-04-03T02:47:49.937+0600][76.579s][info][gc,marking  ] GC(79) Mark Stack Usage: 32M
[2026-04-03T02:47:49.937+0600][76.579s][info][gc,nmethod  ] GC(79) NMethods: 15378 registered, 2568 unregistered
[2026-04-03T02:47:49.937+0600][76.579s][info][gc,metaspace] GC(79) Metaspace: 128M used, 129M committed, 1152M reserved
[2026-04-03T02:47:49.937+0600][76.579s][info][gc,ref      ] GC(79) Soft: 3296 encountered, 0 discovered, 0 enqueued
[2026-04-03T02:47:49.937+0600][76.579s][info][gc,ref      ] GC(79) Weak: 17193 encountered, 5894 discovered, 1636 enqueued
[2026-04-03T02:47:49.937+0600][76.579s][info][gc,ref      ] GC(79) Final: 84 encountered, 0 discovered, 0 enqueued
[2026-04-03T02:47:49.937+0600][76.579s][info][gc,ref      ] GC(79) Phantom: 620 encountered, 582 discovered, 0 enqueued
[2026-04-03T02:47:49.937+0600][76.579s][info][gc,reloc    ] GC(79) Small Pages: 468 / 936M, Empty: 312M, Relocated: 10M, In-Place: 0
[2026-04-03T02:47:49.937+0600][76.579s][info][gc,reloc    ] GC(79) Medium Pages: 6 / 192M, Empty: 160M, Relocated: 0M, In-Place: 0
[2026-04-03T02:47:49.937+0600][76.579s][info][gc,reloc    ] GC(79) Large Pages: 19 / 114M, Empty: 114M, Relocated: 0M, In-Place: 0
[2026-04-03T02:47:49.937+0600][76.579s][info][gc,reloc    ] GC(79) Forwarding Usage: 3M
[2026-04-03T02:47:49.937+0600][76.579s][info][gc,heap     ] GC(79) Min Capacity: 8M(0%)
[2026-04-03T02:47:49.937+0600][76.579s][info][gc,heap     ] GC(79) Max Capacity: 2000M(100%)
[2026-04-03T02:47:49.937+0600][76.579s][info][gc,heap     ] GC(79) Soft Max Capacity: 2000M(100%)
[2026-04-03T02:47:49.937+0600][76.579s][info][gc,heap     ] GC(79)                Mark Start          Mark End        Relocate Start      Relocate End           High               Low         
[2026-04-03T02:47:49.937+0600][76.579s][info][gc,heap     ] GC(79)  Capacity:     2000M (100%)       2000M (100%)       2000M (100%)       2000M (100%)       2000M (100%)       2000M (100%)   
[2026-04-03T02:47:49.937+0600][76.579s][info][gc,heap     ] GC(79)      Free:      758M (38%)         564M (28%)        1066M (53%)        1544M (77%)        1556M (78%)         494M (25%)    
[2026-04-03T02:47:49.937+0600][76.579s][info][gc,heap     ] GC(79)      Used:     1242M (62%)        1436M (72%)         934M (47%)         456M (23%)        1506M (75%)         444M (22%)    
[2026-04-03T02:47:49.938+0600][76.579s][info][gc,heap     ] GC(79)      Live:         -               109M (5%)          109M (5%)          109M (5%)             -                  -          
[2026-04-03T02:47:49.938+0600][76.579s][info][gc,heap     ] GC(79) Allocated:         -               194M (10%)         278M (14%)         303M (15%)            -                  -          
[2026-04-03T02:47:49.938+0600][76.579s][info][gc,heap     ] GC(79)   Garbage:         -              1132M (57%)         546M (27%)          42M (2%)             -                  -          
[2026-04-03T02:47:49.938+0600][76.579s][info][gc,heap     ] GC(79) Reclaimed:         -                  -               586M (29%)        1089M (54%)            -                  -          
[2026-04-03T02:47:49.938+0600][76.579s][info][gc          ] GC(79) Garbage Collection (Allocation Rate) 1242M(62%)->456M(23%)
[2026-04-03T02:47:50.463+0600][77.105s][info][gc,start    ] GC(80) Garbage Collection (Allocation Rate)
[2026-04-03T02:47:50.463+0600][77.105s][info][gc,task     ] GC(80) Using 3 workers
[2026-04-03T02:47:50.463+0600][77.105s][info][gc,phases   ] GC(80) Pause Mark Start 0.012ms
[2026-04-03T02:47:50.564+0600][77.206s][info][gc,phases   ] GC(80) Concurrent Mark 100.999ms
[2026-04-03T02:47:50.567+0600][77.208s][info][gc,phases   ] GC(80) Pause Mark End 0.035ms
[2026-04-03T02:47:50.567+0600][77.208s][info][gc,phases   ] GC(80) Concurrent Mark Free 0.003ms
[2026-04-03T02:47:50.617+0600][77.259s][info][gc,phases   ] GC(80) Concurrent Process Non-Strong References 50.085ms
[2026-04-03T02:47:50.617+0600][77.259s][info][gc,phases   ] GC(80) Concurrent Reset Relocation Set 0.021ms
[2026-04-03T02:47:50.617+0600][77.259s][info][gc          ] Allocation Stall (Executor task launch worker for task 3.0 in stage 3759.0 (TID 6970)) 9.370ms
[2026-04-03T02:47:50.617+0600][77.259s][info][gc          ] Allocation Stall (Executor task launch worker for task 1.0 in stage 3759.0 (TID 6968)) 9.334ms
[2026-04-03T02:47:50.621+0600][77.263s][info][gc,phases   ] GC(80) Concurrent Select Relocation Set 4.141ms
[2026-04-03T02:47:50.622+0600][77.263s][info][gc,phases   ] GC(80) Pause Relocate Start 0.015ms
[2026-04-03T02:47:50.633+0600][77.275s][info][gc,phases   ] GC(80) Concurrent Relocate 11.131ms
[2026-04-03T02:47:50.633+0600][77.275s][info][gc,load     ] GC(80) Load: 5.76/5.59/5.61
[2026-04-03T02:47:50.633+0600][77.275s][info][gc,mmu      ] GC(80) MMU: 2ms/92.3%, 5ms/96.9%, 10ms/98.4%, 20ms/99.2%, 50ms/99.7%, 100ms/99.8%
[2026-04-03T02:47:50.633+0600][77.275s][info][gc,marking  ] GC(80) Mark: 2 stripe(s), 2 proactive flush(es), 1 terminate flush(es), 0 completion(s), 0 continuation(s) 
[2026-04-03T02:47:50.633+0600][77.275s][info][gc,marking  ] GC(80) Mark Stack Usage: 32M
[2026-04-03T02:47:50.633+0600][77.275s][info][gc,nmethod  ] GC(80) NMethods: 15390 registered, 2587 unregistered
[2026-04-03T02:47:50.633+0600][77.275s][info][gc,metaspace] GC(80) Metaspace: 128M used, 129M committed, 1152M reserved
[2026-04-03T02:47:50.633+0600][77.275s][info][gc,ref      ] GC(80) Soft: 3397 encountered, 0 discovered, 0 enqueued
[2026-04-03T02:47:50.633+0600][77.275s][info][gc,ref      ] GC(80) Weak: 17020 encountered, 9222 discovered, 2297 enqueued
[2026-04-03T02:47:50.633+0600][77.275s][info][gc,ref      ] GC(80) Final: 84 encountered, 4 discovered, 0 enqueued
[2026-04-03T02:47:50.633+0600][77.275s][info][gc,ref      ] GC(80) Phantom: 620 encountered, 344 discovered, 0 enqueued
[2026-04-03T02:47:50.633+0600][77.275s][info][gc,reloc    ] GC(80) Small Pages: 453 / 906M, Empty: 414M, Relocated: 10M, In-Place: 0
[2026-04-03T02:47:50.633+0600][77.275s][info][gc,reloc    ] GC(80) Medium Pages: 4 / 128M, Empty: 96M, Relocated: 0M, In-Place: 0
[2026-04-03T02:47:50.633+0600][77.275s][info][gc,reloc    ] GC(80) Large Pages: 82 / 492M, Empty: 492M, Relocated: 0M, In-Place: 0
[2026-04-03T02:47:50.633+0600][77.275s][info][gc,reloc    ] GC(80) Forwarding Usage: 4M
[2026-04-03T02:47:50.633+0600][77.275s][info][gc,heap     ] GC(80) Min Capacity: 8M(0%)
[2026-04-03T02:47:50.633+0600][77.275s][info][gc,heap     ] GC(80) Max Capacity: 2000M(100%)
[2026-04-03T02:47:50.633+0600][77.275s][info][gc,heap     ] GC(80) Soft Max Capacity: 2000M(100%)
[2026-04-03T02:47:50.633+0600][77.275s][info][gc,heap     ] GC(80)                Mark Start          Mark End        Relocate Start      Relocate End           High               Low         
[2026-04-03T02:47:50.633+0600][77.275s][info][gc,heap     ] GC(80)  Capacity:     2000M (100%)       2000M (100%)       2000M (100%)       2000M (100%)       2000M (100%)       2000M (100%)   
[2026-04-03T02:47:50.633+0600][77.275s][info][gc,heap     ] GC(80)      Free:      474M (24%)         112M (6%)          984M (49%)        1334M (67%)        1338M (67%)           0M (0%)     
[2026-04-03T02:47:50.633+0600][77.275s][info][gc,heap     ] GC(80)      Used:     1526M (76%)        1888M (94%)        1016M (51%)         666M (33%)        2000M (100%)        662M (33%)    
[2026-04-03T02:47:50.633+0600][77.275s][info][gc,heap     ] GC(80)      Live:         -               109M (5%)          109M (5%)          109M (5%)             -                  -          
[2026-04-03T02:47:50.633+0600][77.275s][info][gc,heap     ] GC(80) Allocated:         -               362M (18%)         492M (25%)         511M (26%)            -                  -          
[2026-04-03T02:47:50.633+0600][77.275s][info][gc,heap     ] GC(80)   Garbage:         -              1416M (71%)         414M (21%)          44M (2%)             -                  -          
[2026-04-03T02:47:50.633+0600][77.275s][info][gc,heap     ] GC(80) Reclaimed:         -                  -              1002M (50%)        1371M (69%)            -                  -          
[2026-04-03T02:47:50.633+0600][77.275s][info][gc          ] GC(80) Garbage Collection (Allocation Rate) 1526M(76%)->666M(33%)
[2026-04-03T02:47:50.664+0600][77.305s][info][gc,start    ] GC(81) Garbage Collection (Allocation Stall)
[2026-04-03T02:47:50.664+0600][77.305s][info][gc,ref      ] GC(81) Clearing All SoftReferences
[2026-04-03T02:47:50.664+0600][77.305s][info][gc,task     ] GC(81) Using 3 workers
[2026-04-03T02:47:50.664+0600][77.306s][info][gc,ref      ] GC(81) Clearing All SoftReferences
[2026-04-03T02:47:50.664+0600][77.306s][info][gc,phases   ] GC(81) Pause Mark Start 0.117ms
[2026-04-03T02:47:50.771+0600][77.412s][info][gc,phases   ] GC(81) Concurrent Mark 105.973ms
[2026-04-03T02:47:50.771+0600][77.413s][info][gc,phases   ] GC(81) Pause Mark End 0.042ms
[2026-04-03T02:47:50.771+0600][77.413s][info][gc,phases   ] GC(81) Concurrent Mark Free 0.002ms
[2026-04-03T02:47:50.813+0600][77.454s][info][gc,phases   ] GC(81) Concurrent Process Non-Strong References 41.291ms
[2026-04-03T02:47:50.813+0600][77.454s][info][gc,phases   ] GC(81) Concurrent Reset Relocation Set 0.036ms
[2026-04-03T02:47:50.818+0600][77.459s][info][gc,phases   ] GC(81) Concurrent Select Relocation Set 5.002ms
[2026-04-03T02:47:50.818+0600][77.460s][info][gc,phases   ] GC(81) Pause Relocate Start 0.022ms
[2026-04-03T02:47:50.831+0600][77.472s][info][gc,phases   ] GC(81) Concurrent Relocate 12.759ms
[2026-04-03T02:47:50.831+0600][77.473s][info][gc,load     ] GC(81) Load: 5.76/5.59/5.61
[2026-04-03T02:47:50.831+0600][77.473s][info][gc,mmu      ] GC(81) MMU: 2ms/92.3%, 5ms/96.9%, 10ms/98.4%, 20ms/99.2%, 50ms/99.7%, 100ms/99.8%
[2026-04-03T02:47:50.831+0600][77.473s][info][gc,marking  ] GC(81) Mark: 2 stripe(s), 2 proactive flush(es), 1 terminate flush(es), 0 completion(s), 0 continuation(s) 
[2026-04-03T02:47:50.831+0600][77.473s][info][gc,marking  ] GC(81) Mark Stack Usage: 32M
[2026-04-03T02:47:50.831+0600][77.473s][info][gc,nmethod  ] GC(81) NMethods: 15392 registered, 2595 unregistered
[2026-04-03T02:47:50.831+0600][77.473s][info][gc,metaspace] GC(81) Metaspace: 128M used, 129M committed, 1152M reserved
[2026-04-03T02:47:50.831+0600][77.473s][info][gc,ref      ] GC(81) Soft: 3363 encountered, 891 discovered, 106 enqueued
[2026-04-03T02:47:50.831+0600][77.473s][info][gc,ref      ] GC(81) Weak: 14846 encountered, 4838 discovered, 255 enqueued
[2026-04-03T02:47:50.831+0600][77.473s][info][gc,ref      ] GC(81) Final: 84 encountered, 0 discovered, 0 enqueued
[2026-04-03T02:47:50.831+0600][77.473s][info][gc,ref      ] GC(81) Phantom: 620 encountered, 372 discovered, 0 enqueued
[2026-04-03T02:47:50.831+0600][77.473s][info][gc,reloc    ] GC(81) Small Pages: 139 / 278M, Empty: 12M, Relocated: 10M, In-Place: 0
[2026-04-03T02:47:50.831+0600][77.473s][info][gc,reloc    ] GC(81) Medium Pages: 2 / 64M, Empty: 32M, Relocated: 0M, In-Place: 0
[2026-04-03T02:47:50.831+0600][77.473s][info][gc,reloc    ] GC(81) Large Pages: 66 / 396M, Empty: 396M, Relocated: 0M, In-Place: 0
[2026-04-03T02:47:50.831+0600][77.473s][info][gc,reloc    ] GC(81) Forwarding Usage: 2M
[2026-04-03T02:47:50.831+0600][77.473s][info][gc,heap     ] GC(81) Min Capacity: 8M(0%)
[2026-04-03T02:47:50.831+0600][77.473s][info][gc,heap     ] GC(81) Max Capacity: 2000M(100%)
[2026-04-03T02:47:50.831+0600][77.473s][info][gc,heap     ] GC(81) Soft Max Capacity: 2000M(100%)
[2026-04-03T02:47:50.831+0600][77.473s][info][gc,heap     ] GC(81)                Mark Start          Mark End        Relocate Start      Relocate End           High               Low         
[2026-04-03T02:47:50.831+0600][77.473s][info][gc,heap     ] GC(81)  Capacity:     2000M (100%)       2000M (100%)       2000M (100%)       2000M (100%)       2000M (100%)       2000M (100%)   
[2026-04-03T02:47:50.831+0600][77.473s][info][gc,heap     ] GC(81)      Free:     1262M (63%)        1134M (57%)        1550M (78%)        1694M (85%)        1694M (85%)        1116M (56%)    
[2026-04-03T02:47:50.831+0600][77.473s][info][gc,heap     ] GC(81)      Used:      738M (37%)         866M (43%)         450M (22%)         306M (15%)         884M (44%)         306M (15%)    
[2026-04-03T02:47:50.831+0600][77.473s][info][gc,heap     ] GC(81)      Live:         -               107M (5%)          107M (5%)          107M (5%)             -                  -          
[2026-04-03T02:47:50.831+0600][77.473s][info][gc,heap     ] GC(81) Allocated:         -               128M (6%)          152M (8%)          155M (8%)             -                  -          
[2026-04-03T02:47:50.831+0600][77.473s][info][gc,heap     ] GC(81)   Garbage:         -               630M (32%)         190M (10%)          42M (2%)             -                  -          
[2026-04-03T02:47:50.831+0600][77.473s][info][gc,heap     ] GC(81) Reclaimed:         -                  -               440M (22%)         587M (29%)            -                  -          
[2026-04-03T02:47:50.831+0600][77.473s][info][gc          ] GC(81) Garbage Collection (Allocation Stall) 738M(37%)->306M(15%)
[2026-04-03T02:47:51.563+0600][78.204s][info][gc,start    ] GC(82) Garbage Collection (Allocation Rate)
[2026-04-03T02:47:51.563+0600][78.204s][info][gc,task     ] GC(82) Using 2 workers
[2026-04-03T02:47:51.564+0600][78.205s][info][gc,phases   ] GC(82) Pause Mark Start 0.017ms
[2026-04-03T02:47:51.735+0600][78.376s][info][gc,phases   ] GC(82) Concurrent Mark 170.741ms
[2026-04-03T02:47:51.735+0600][78.377s][info][gc,phases   ] GC(82) Pause Mark End 0.064ms
[2026-04-03T02:47:51.735+0600][78.377s][info][gc,phases   ] GC(82) Concurrent Mark Free 0.003ms
[2026-04-03T02:47:51.804+0600][78.446s][info][gc,phases   ] GC(82) Concurrent Process Non-Strong References 68.984ms
[2026-04-03T02:47:51.804+0600][78.446s][info][gc,phases   ] GC(82) Concurrent Reset Relocation Set 0.008ms
[2026-04-03T02:47:51.808+0600][78.450s][info][gc,phases   ] GC(82) Concurrent Select Relocation Set 3.790ms
[2026-04-03T02:47:51.808+0600][78.450s][info][gc,phases   ] GC(82) Pause Relocate Start 0.015ms
[2026-04-03T02:47:51.821+0600][78.462s][info][gc,phases   ] GC(82) Concurrent Relocate 12.183ms
[2026-04-03T02:47:51.821+0600][78.462s][info][gc,load     ] GC(82) Load: 5.76/5.59/5.61
[2026-04-03T02:47:51.821+0600][78.462s][info][gc,mmu      ] GC(82) MMU: 2ms/92.3%, 5ms/96.9%, 10ms/98.4%, 20ms/99.2%, 50ms/99.7%, 100ms/99.8%
[2026-04-03T02:47:51.821+0600][78.462s][info][gc,marking  ] GC(82) Mark: 2 stripe(s), 2 proactive flush(es), 1 terminate flush(es), 0 completion(s), 0 continuation(s) 
[2026-04-03T02:47:51.821+0600][78.462s][info][gc,marking  ] GC(82) Mark Stack Usage: 32M
[2026-04-03T02:47:51.821+0600][78.462s][info][gc,nmethod  ] GC(82) NMethods: 15403 registered, 2607 unregistered
[2026-04-03T02:47:51.821+0600][78.462s][info][gc,metaspace] GC(82) Metaspace: 128M used, 129M committed, 1152M reserved
[2026-04-03T02:47:51.821+0600][78.462s][info][gc,ref      ] GC(82) Soft: 3286 encountered, 0 discovered, 0 enqueued
[2026-04-03T02:47:51.821+0600][78.462s][info][gc,ref      ] GC(82) Weak: 15806 encountered, 5844 discovered, 418 enqueued
[2026-04-03T02:47:51.821+0600][78.462s][info][gc,ref      ] GC(82) Final: 84 encountered, 0 discovered, 0 enqueued
[2026-04-03T02:47:51.821+0600][78.462s][info][gc,ref      ] GC(82) Phantom: 620 encountered, 339 discovered, 0 enqueued
[2026-04-03T02:47:51.821+0600][78.462s][info][gc,reloc    ] GC(82) Small Pages: 431 / 862M, Empty: 298M, Relocated: 12M, In-Place: 0
[2026-04-03T02:47:51.821+0600][78.462s][info][gc,reloc    ] GC(82) Medium Pages: 6 / 192M, Empty: 160M, Relocated: 0M, In-Place: 0
[2026-04-03T02:47:51.821+0600][78.462s][info][gc,reloc    ] GC(82) Large Pages: 19 / 114M, Empty: 114M, Relocated: 0M, In-Place: 0
[2026-04-03T02:47:51.821+0600][78.462s][info][gc,reloc    ] GC(82) Forwarding Usage: 3M
[2026-04-03T02:47:51.821+0600][78.462s][info][gc,heap     ] GC(82) Min Capacity: 8M(0%)
[2026-04-03T02:47:51.821+0600][78.463s][info][gc,heap     ] GC(82) Max Capacity: 2000M(100%)
[2026-04-03T02:47:51.821+0600][78.463s][info][gc,heap     ] GC(82) Soft Max Capacity: 2000M(100%)
[2026-04-03T02:47:51.821+0600][78.463s][info][gc,heap     ] GC(82)                Mark Start          Mark End        Relocate Start      Relocate End           High               Low         
[2026-04-03T02:47:51.821+0600][78.463s][info][gc,heap     ] GC(82)  Capacity:     2000M (100%)       2000M (100%)       2000M (100%)       2000M (100%)       2000M (100%)       2000M (100%)   
[2026-04-03T02:47:51.821+0600][78.463s][info][gc,heap     ] GC(82)      Free:      832M (42%)         584M (29%)        1100M (55%)        1528M (76%)        1532M (77%)         536M (27%)    
[2026-04-03T02:47:51.821+0600][78.463s][info][gc,heap     ] GC(82)      Used:     1168M (58%)        1416M (71%)         900M (45%)         472M (24%)        1464M (73%)         468M (23%)    
[2026-04-03T02:47:51.821+0600][78.463s][info][gc,heap     ] GC(82)      Live:         -               109M (5%)          109M (5%)          109M (5%)             -                  -          
[2026-04-03T02:47:51.821+0600][78.463s][info][gc,heap     ] GC(82) Allocated:         -               248M (12%)         304M (15%)         319M (16%)            -                  -          
[2026-04-03T02:47:51.821+0600][78.463s][info][gc,heap     ] GC(82)   Garbage:         -              1058M (53%)         486M (24%)          42M (2%)             -                  -          
[2026-04-03T02:47:51.821+0600][78.463s][info][gc,heap     ] GC(82) Reclaimed:         -                  -               572M (29%)        1015M (51%)            -                  -          
[2026-04-03T02:47:51.821+0600][78.463s][info][gc          ] GC(82) Garbage Collection (Allocation Rate) 1168M(58%)->472M(24%)
[2026-04-03T02:47:52.564+0600][79.205s][info][gc,start    ] GC(83) Garbage Collection (Allocation Rate)
[2026-04-03T02:47:52.564+0600][79.205s][info][gc,task     ] GC(83) Using 2 workers
[2026-04-03T02:47:52.564+0600][79.206s][info][gc,phases   ] GC(83) Pause Mark Start 0.012ms
[2026-04-03T02:47:52.721+0600][79.362s][info][gc,phases   ] GC(83) Concurrent Mark 156.510ms
[2026-04-03T02:47:52.721+0600][79.363s][info][gc,phases   ] GC(83) Pause Mark End 0.028ms
[2026-04-03T02:47:52.721+0600][79.363s][info][gc,phases   ] GC(83) Concurrent Mark Free 0.002ms
[2026-04-03T02:47:52.754+0600][79.396s][info][gc,phases   ] GC(83) Concurrent Process Non-Strong References 33.035ms
[2026-04-03T02:47:52.754+0600][79.396s][info][gc,phases   ] GC(83) Concurrent Reset Relocation Set 0.020ms
[2026-04-03T02:47:52.759+0600][79.400s][info][gc,phases   ] GC(83) Concurrent Select Relocation Set 4.106ms
[2026-04-03T02:47:52.759+0600][79.400s][info][gc,phases   ] GC(83) Pause Relocate Start 0.016ms
[2026-04-03T02:47:52.764+0600][79.406s][info][gc,phases   ] GC(83) Concurrent Relocate 5.470ms
[2026-04-03T02:47:52.765+0600][79.406s][info][gc,load     ] GC(83) Load: 5.76/5.59/5.61
[2026-04-03T02:47:52.765+0600][79.406s][info][gc,mmu      ] GC(83) MMU: 2ms/92.3%, 5ms/96.9%, 10ms/98.4%, 20ms/99.2%, 50ms/99.7%, 100ms/99.8%
[2026-04-03T02:47:52.765+0600][79.406s][info][gc,marking  ] GC(83) Mark: 2 stripe(s), 2 proactive flush(es), 1 terminate flush(es), 0 completion(s), 0 continuation(s) 
[2026-04-03T02:47:52.765+0600][79.406s][info][gc,marking  ] GC(83) Mark Stack Usage: 32M
[2026-04-03T02:47:52.765+0600][79.406s][info][gc,nmethod  ] GC(83) NMethods: 15411 registered, 2620 unregistered
[2026-04-03T02:47:52.765+0600][79.406s][info][gc,metaspace] GC(83) Metaspace: 128M used, 129M committed, 1152M reserved
[2026-04-03T02:47:52.765+0600][79.406s][info][gc,ref      ] GC(83) Soft: 3298 encountered, 0 discovered, 0 enqueued
[2026-04-03T02:47:52.765+0600][79.406s][info][gc,ref      ] GC(83) Weak: 17061 encountered, 5093 discovered, 1640 enqueued
[2026-04-03T02:47:52.765+0600][79.406s][info][gc,ref      ] GC(83) Final: 84 encountered, 0 discovered, 0 enqueued
[2026-04-03T02:47:52.765+0600][79.406s][info][gc,ref      ] GC(83) Phantom: 620 encountered, 337 discovered, 0 enqueued
[2026-04-03T02:47:52.765+0600][79.406s][info][gc,reloc    ] GC(83) Small Pages: 528 / 1056M, Empty: 422M, Relocated: 5M, In-Place: 0
[2026-04-03T02:47:52.765+0600][79.406s][info][gc,reloc    ] GC(83) Medium Pages: 7 / 224M, Empty: 192M, Relocated: 0M, In-Place: 0
[2026-04-03T02:47:52.765+0600][79.406s][info][gc,reloc    ] GC(83) Large Pages: 23 / 138M, Empty: 138M, Relocated: 0M, In-Place: 0
[2026-04-03T02:47:52.765+0600][79.406s][info][gc,reloc    ] GC(83) Forwarding Usage: 1M
[2026-04-03T02:47:52.765+0600][79.406s][info][gc,heap     ] GC(83) Min Capacity: 8M(0%)
[2026-04-03T02:47:52.765+0600][79.406s][info][gc,heap     ] GC(83) Max Capacity: 2000M(100%)
[2026-04-03T02:47:52.765+0600][79.406s][info][gc,heap     ] GC(83) Soft Max Capacity: 2000M(100%)
[2026-04-03T02:47:52.765+0600][79.406s][info][gc,heap     ] GC(83)                Mark Start          Mark End        Relocate Start      Relocate End           High               Low         
[2026-04-03T02:47:52.765+0600][79.406s][info][gc,heap     ] GC(83)  Capacity:     2000M (100%)       2000M (100%)       2000M (100%)       2000M (100%)       2000M (100%)       2000M (100%)   
[2026-04-03T02:47:52.765+0600][79.406s][info][gc,heap     ] GC(83)      Free:      582M (29%)         402M (20%)        1080M (54%)        1588M (79%)        1588M (79%)         366M (18%)    
[2026-04-03T02:47:52.765+0600][79.406s][info][gc,heap     ] GC(83)      Used:     1418M (71%)        1598M (80%)         920M (46%)         412M (21%)        1634M (82%)         412M (21%)    
[2026-04-03T02:47:52.765+0600][79.406s][info][gc,heap     ] GC(83)      Live:         -               107M (5%)          107M (5%)          107M (5%)             -                  -          
[2026-04-03T02:47:52.765+0600][79.406s][info][gc,heap     ] GC(83) Allocated:         -               180M (9%)          254M (13%)         259M (13%)            -                  -          
[2026-04-03T02:47:52.765+0600][79.406s][info][gc,heap     ] GC(83)   Garbage:         -              1310M (66%)         558M (28%)          44M (2%)             -                  -          
[2026-04-03T02:47:52.765+0600][79.406s][info][gc,heap     ] GC(83) Reclaimed:         -                  -               752M (38%)        1265M (63%)            -                  -          
[2026-04-03T02:47:52.765+0600][79.406s][info][gc          ] GC(83) Garbage Collection (Allocation Rate) 1418M(71%)->412M(21%)
[2026-04-03T02:47:53.364+0600][80.005s][info][gc,start    ] GC(84) Garbage Collection (Allocation Rate)
[2026-04-03T02:47:53.364+0600][80.005s][info][gc,task     ] GC(84) Using 2 workers
[2026-04-03T02:47:53.364+0600][80.005s][info][gc,phases   ] GC(84) Pause Mark Start 0.011ms
[2026-04-03T02:47:53.463+0600][80.104s][info][gc,stats    ] === Garbage Collection Statistics =======================================================================================================================
[2026-04-03T02:47:53.463+0600][80.104s][info][gc,stats    ]                                                              Last 10s              Last 10m              Last 10h                Total
[2026-04-03T02:47:53.463+0600][80.104s][info][gc,stats    ]                                                              Avg / Max             Avg / Max             Avg / Max             Avg / Max
[2026-04-03T02:47:53.463+0600][80.104s][info][gc,stats    ]   Collector: Garbage Collection Cycle                    199.095 / 274.236     185.299 / 442.007     185.299 / 442.007     185.299 / 442.007     ms
[2026-04-03T02:47:53.463+0600][80.104s][info][gc,stats    ]  Contention: Mark Segment Reset Contention                     8 / 50                6 / 83                6 / 83                6 / 83          ops/s
[2026-04-03T02:47:53.463+0600][80.104s][info][gc,stats    ]  Contention: Mark SeqNum Reset Contention                      0 / 1                 0 / 3                 0 / 3                 0 / 3           ops/s
[2026-04-03T02:47:53.463+0600][80.104s][info][gc,stats    ]    Critical: Allocation Stall                                  0 / 4                 0 / 5                 0 / 5                 0 / 5           ops/s
[2026-04-03T02:47:53.463+0600][80.104s][info][gc,stats    ]    Critical: Allocation Stall                             14.074 / 18.463       38.822 / 101.982      38.822 / 101.982      38.822 / 101.982     ms
[2026-04-03T02:47:53.463+0600][80.104s][info][gc,stats    ]    Critical: GC Locker Stall                                   1 / 2                 0 / 2                 0 / 2                 0 / 2           ops/s
[2026-04-03T02:47:53.463+0600][80.104s][info][gc,stats    ]    Critical: GC Locker Stall                               0.015 / 0.047         0.029 / 0.154         0.029 / 0.154         0.029 / 0.154       ms
[2026-04-03T02:47:53.463+0600][80.104s][info][gc,stats    ]    Critical: Relocation Stall                                  0 / 0                 0 / 0                 0 / 0                 0 / 0           ops/s
[2026-04-03T02:47:53.463+0600][80.104s][info][gc,stats    ]    Critical: Relocation Stall                              0.000 / 0.000         0.000 / 0.000         0.000 / 0.000         0.000 / 0.000       ms
[2026-04-03T02:47:53.463+0600][80.104s][info][gc,stats    ]      Memory: Allocation Rate                                1527 / 2192           1060 / 2192           1060 / 2192           1060 / 2192        MB/s
[2026-04-03T02:47:53.463+0600][80.104s][info][gc,stats    ]      Memory: Defragment                                       35 / 133              21 / 164              21 / 164              21 / 164         ops/s
[2026-04-03T02:47:53.463+0600][80.104s][info][gc,stats    ]      Memory: Out Of Memory                                     0 / 0                 0 / 0                 0 / 0                 0 / 0           ops/s
[2026-04-03T02:47:53.463+0600][80.104s][info][gc,stats    ]      Memory: Page Cache Flush                                192 / 528             117 / 528             117 / 528             117 / 528         MB/s
[2026-04-03T02:47:53.463+0600][80.104s][info][gc,stats    ]      Memory: Page Cache Hit L1                               491 / 569             340 / 574             340 / 574             340 / 574         ops/s
[2026-04-03T02:47:53.463+0600][80.104s][info][gc,stats    ]      Memory: Page Cache Hit L2                                 0 / 0                 0 / 0                 0 / 0                 0 / 0           ops/s
[2026-04-03T02:47:53.463+0600][80.104s][info][gc,stats    ]      Memory: Page Cache Hit L3                                31 / 130              21 / 130              21 / 130              21 / 130         ops/s
[2026-04-03T02:47:53.463+0600][80.104s][info][gc,stats    ]      Memory: Page Cache Miss                                  10 / 59               11 / 121              11 / 121              11 / 121         ops/s
[2026-04-03T02:47:53.463+0600][80.105s][info][gc,stats    ]      Memory: Uncommit                                          0 / 0                 0 / 0                 0 / 0                 0 / 0           MB/s
[2026-04-03T02:47:53.463+0600][80.105s][info][gc,stats    ]      Memory: Undo Object Allocation Failed                     0 / 0                 0 / 1                 0 / 1                 0 / 1           ops/s
[2026-04-03T02:47:53.463+0600][80.105s][info][gc,stats    ]      Memory: Undo Object Allocation Succeeded                 21 / 130               7 / 130               7 / 130               7 / 130         ops/s
[2026-04-03T02:47:53.463+0600][80.105s][info][gc,stats    ]      Memory: Undo Page Allocation                              2 / 10                1 / 10                1 / 10                1 / 10          ops/s
[2026-04-03T02:47:53.463+0600][80.105s][info][gc,stats    ]       Phase: Concurrent Mark                             141.827 / 188.160     135.955 / 327.215     135.955 / 327.215     135.955 / 327.215     ms
[2026-04-03T02:47:53.463+0600][80.105s][info][gc,stats    ]       Phase: Concurrent Mark Continue                      0.000 / 0.000         0.000 / 0.000         0.000 / 0.000         0.000 / 0.000       ms
[2026-04-03T02:47:53.463+0600][80.105s][info][gc,stats    ]       Phase: Concurrent Mark Free                          0.002 / 0.004         0.002 / 0.017         0.002 / 0.017         0.002 / 0.017       ms
[2026-04-03T02:47:53.463+0600][80.105s][info][gc,stats    ]       Phase: Concurrent Process Non-Strong References     39.880 / 70.080       32.233 / 81.488       32.233 / 81.488       32.233 / 81.488      ms
[2026-04-03T02:47:53.463+0600][80.105s][info][gc,stats    ]       Phase: Concurrent Relocate                           9.343 / 16.088        9.534 / 43.194        9.534 / 43.194        9.534 / 43.194      ms
[2026-04-03T02:47:53.463+0600][80.105s][info][gc,stats    ]       Phase: Concurrent Reset Relocation Set               0.018 / 0.036         0.018 / 0.037         0.018 / 0.037         0.018 / 0.037       ms
[2026-04-03T02:47:53.463+0600][80.105s][info][gc,stats    ]       Phase: Concurrent Select Relocation Set              4.397 / 5.900         4.602 / 22.794        4.602 / 22.794        4.602 / 22.794      ms
[2026-04-03T02:47:53.463+0600][80.105s][info][gc,stats    ]       Phase: Pause Mark End                                0.053 / 0.154         0.044 / 0.154         0.044 / 0.154         0.044 / 0.154       ms
[2026-04-03T02:47:53.463+0600][80.105s][info][gc,stats    ]       Phase: Pause Mark Start                              0.025 / 0.117         0.019 / 0.117         0.019 / 0.117         0.019 / 0.117       ms
[2026-04-03T02:47:53.463+0600][80.105s][info][gc,stats    ]       Phase: Pause Relocate Start                          0.016 / 0.022         0.018 / 0.101         0.018 / 0.101         0.018 / 0.101       ms
[2026-04-03T02:47:53.463+0600][80.105s][info][gc,stats    ]    Subphase: Concurrent Classes Purge                      0.218 / 1.013         0.266 / 3.320         0.266 / 3.320         0.266 / 3.320       ms
[2026-04-03T02:47:53.463+0600][80.105s][info][gc,stats    ]    Subphase: Concurrent Classes Unlink                    35.983 / 65.419       28.458 / 74.619       28.458 / 74.619       28.458 / 74.619      ms
[2026-04-03T02:47:53.463+0600][80.105s][info][gc,stats    ]    Subphase: Concurrent Mark                             131.963 / 185.272     122.887 / 320.633     122.887 / 320.633     122.887 / 320.633     ms
[2026-04-03T02:47:53.463+0600][80.105s][info][gc,stats    ]    Subphase: Concurrent Mark Try Flush                     0.457 / 4.492         0.412 / 5.473         0.412 / 5.473         0.412 / 5.473       ms
[2026-04-03T02:47:53.463+0600][80.105s][info][gc,stats    ]    Subphase: Concurrent Mark Try Terminate                 0.680 / 1.540         0.793 / 2.888         0.793 / 2.888         0.793 / 2.888       ms
[2026-04-03T02:47:53.463+0600][80.105s][info][gc,stats    ]    Subphase: Concurrent References Enqueue                 0.008 / 0.013         0.009 / 0.024         0.009 / 0.024         0.009 / 0.024       ms
[2026-04-03T02:47:53.463+0600][80.105s][info][gc,stats    ]    Subphase: Concurrent References Process                 1.067 / 2.386         0.914 / 2.386         0.914 / 2.386         0.914 / 2.386       ms
[2026-04-03T02:47:53.463+0600][80.105s][info][gc,stats    ]    Subphase: Concurrent Roots ClassLoaderDataGraph         0.451 / 0.932         0.437 / 1.005         0.437 / 1.005         0.437 / 1.005       ms
[2026-04-03T02:47:53.463+0600][80.105s][info][gc,stats    ]    Subphase: Concurrent Roots CodeCache                    0.000 / 0.000         0.000 / 0.000         0.000 / 0.000         0.000 / 0.000       ms
[2026-04-03T02:47:53.463+0600][80.105s][info][gc,stats    ]    Subphase: Concurrent Roots JavaThreads                  1.477 / 4.809         1.486 / 7.358         1.486 / 7.358         1.486 / 7.358       ms
[2026-04-03T02:47:53.463+0600][80.105s][info][gc,stats    ]    Subphase: Concurrent Roots OopStorageSet                0.107 / 0.185         0.104 / 0.283         0.104 / 0.283         0.104 / 0.283       ms
[2026-04-03T02:47:53.463+0600][80.105s][info][gc,stats    ]    Subphase: Concurrent Weak Roots OopStorageSet           1.658 / 2.571         1.592 / 4.256         1.592 / 4.256         1.592 / 4.256       ms
[2026-04-03T02:47:53.463+0600][80.105s][info][gc,stats    ]    Subphase: Pause Mark Try Complete                       0.029 / 0.049         0.008 / 0.049         0.008 / 0.049         0.008 / 0.049       ms
[2026-04-03T02:47:53.463+0600][80.105s][info][gc,stats    ]      System: Java Threads                                    284 / 286             263 / 289             263 / 289             263 / 289         threads
[2026-04-03T02:47:53.463+0600][80.105s][info][gc,stats    ] =========================================================================================================================================================
[2026-04-03T02:47:53.489+0600][80.130s][info][gc,phases   ] GC(84) Concurrent Mark 124.722ms
[2026-04-03T02:47:53.489+0600][80.131s][info][gc,phases   ] GC(84) Pause Mark End 0.036ms
[2026-04-03T02:47:53.489+0600][80.131s][info][gc,phases   ] GC(84) Concurrent Mark Free 0.003ms
[2026-04-03T02:47:53.538+0600][80.180s][info][gc,phases   ] GC(84) Concurrent Process Non-Strong References 49.088ms
[2026-04-03T02:47:53.538+0600][80.180s][info][gc,phases   ] GC(84) Concurrent Reset Relocation Set 0.014ms
[2026-04-03T02:47:53.539+0600][80.180s][info][gc          ] Allocation Stall (Executor task launch worker for task 0.0 in stage 3970.0 (TID 7397)) 16.958ms
[2026-04-03T02:47:53.539+0600][80.180s][info][gc          ] Allocation Stall (Executor task launch worker for task 3.0 in stage 3970.0 (TID 7400)) 16.535ms
[2026-04-03T02:47:53.539+0600][80.180s][info][gc          ] Allocation Stall (Executor task launch worker for task 1.0 in stage 3970.0 (TID 7398)) 16.585ms
[2026-04-03T02:47:53.539+0600][80.180s][info][gc          ] Allocation Stall (Executor task launch worker for task 2.0 in stage 3970.0 (TID 7399)) 16.407ms
[2026-04-03T02:47:53.543+0600][80.184s][info][gc,phases   ] GC(84) Concurrent Select Relocation Set 4.289ms
[2026-04-03T02:47:53.543+0600][80.185s][info][gc,phases   ] GC(84) Pause Relocate Start 0.015ms
[2026-04-03T02:47:53.556+0600][80.198s][info][gc,phases   ] GC(84) Concurrent Relocate 13.231ms
[2026-04-03T02:47:53.557+0600][80.198s][info][gc,load     ] GC(84) Load: 5.76/5.59/5.61
[2026-04-03T02:47:53.557+0600][80.198s][info][gc,mmu      ] GC(84) MMU: 2ms/92.3%, 5ms/96.9%, 10ms/98.4%, 20ms/99.2%, 50ms/99.7%, 100ms/99.8%
[2026-04-03T02:47:53.557+0600][80.198s][info][gc,marking  ] GC(84) Mark: 2 stripe(s), 2 proactive flush(es), 1 terminate flush(es), 0 completion(s), 0 continuation(s) 
[2026-04-03T02:47:53.557+0600][80.198s][info][gc,marking  ] GC(84) Mark Stack Usage: 32M
[2026-04-03T02:47:53.557+0600][80.198s][info][gc,nmethod  ] GC(84) NMethods: 15428 registered, 2624 unregistered
[2026-04-03T02:47:53.557+0600][80.198s][info][gc,metaspace] GC(84) Metaspace: 128M used, 129M committed, 1152M reserved
[2026-04-03T02:47:53.557+0600][80.198s][info][gc,ref      ] GC(84) Soft: 3400 encountered, 0 discovered, 0 enqueued
[2026-04-03T02:47:53.557+0600][80.198s][info][gc,ref      ] GC(84) Weak: 16965 encountered, 7969 discovered, 2296 enqueued
[2026-04-03T02:47:53.557+0600][80.198s][info][gc,ref      ] GC(84) Final: 84 encountered, 0 discovered, 0 enqueued
[2026-04-03T02:47:53.557+0600][80.198s][info][gc,ref      ] GC(84) Phantom: 620 encountered, 343 discovered, 0 enqueued
[2026-04-03T02:47:53.557+0600][80.198s][info][gc,reloc    ] GC(84) Small Pages: 486 / 972M, Empty: 456M, Relocated: 10M, In-Place: 0
[2026-04-03T02:47:53.557+0600][80.198s][info][gc,reloc    ] GC(84) Medium Pages: 5 / 160M, Empty: 128M, Relocated: 0M, In-Place: 0
[2026-04-03T02:47:53.557+0600][80.198s][info][gc,reloc    ] GC(84) Large Pages: 20 / 120M, Empty: 120M, Relocated: 0M, In-Place: 0
[2026-04-03T02:47:53.557+0600][80.198s][info][gc,reloc    ] GC(84) Forwarding Usage: 3M
[2026-04-03T02:47:53.557+0600][80.198s][info][gc,heap     ] GC(84) Min Capacity: 8M(0%)
[2026-04-03T02:47:53.557+0600][80.198s][info][gc,heap     ] GC(84) Max Capacity: 2000M(100%)
[2026-04-03T02:47:53.557+0600][80.198s][info][gc,heap     ] GC(84) Soft Max Capacity: 2000M(100%)
[2026-04-03T02:47:53.557+0600][80.198s][info][gc,heap     ] GC(84)                Mark Start          Mark End        Relocate Start      Relocate End           High               Low         
[2026-04-03T02:47:53.557+0600][80.198s][info][gc,heap     ] GC(84)  Capacity:     2000M (100%)       2000M (100%)       2000M (100%)       2000M (100%)       2000M (100%)       2000M (100%)   
[2026-04-03T02:47:53.557+0600][80.198s][info][gc,heap     ] GC(84)      Free:      748M (37%)         142M (7%)          680M (34%)         940M (47%)        1004M (50%)           4M (0%)     
[2026-04-03T02:47:53.557+0600][80.198s][info][gc,heap     ] GC(84)      Used:     1252M (63%)        1858M (93%)        1320M (66%)        1060M (53%)        1996M (100%)        996M (50%)    
[2026-04-03T02:47:53.557+0600][80.198s][info][gc,heap     ] GC(84)      Live:         -               108M (5%)          108M (5%)          108M (5%)             -                  -          
[2026-04-03T02:47:53.557+0600][80.198s][info][gc,heap     ] GC(84) Allocated:         -               606M (30%)         772M (39%)         909M (45%)            -                  -          
[2026-04-03T02:47:53.557+0600][80.198s][info][gc,heap     ] GC(84)   Garbage:         -              1143M (57%)         439M (22%)          41M (2%)             -                  -          
[2026-04-03T02:47:53.557+0600][80.198s][info][gc,heap     ] GC(84) Reclaimed:         -                  -               704M (35%)        1101M (55%)            -                  -          
[2026-04-03T02:47:53.557+0600][80.199s][info][gc          ] GC(84) Garbage Collection (Allocation Rate) 1252M(63%)->1060M(53%)
[2026-04-03T02:47:53.563+0600][80.204s][info][gc,start    ] GC(85) Garbage Collection (Allocation Stall)
[2026-04-03T02:47:53.563+0600][80.204s][info][gc,ref      ] GC(85) Clearing All SoftReferences
[2026-04-03T02:47:53.563+0600][80.204s][info][gc,task     ] GC(85) Using 3 workers
[2026-04-03T02:47:53.563+0600][80.205s][info][gc,ref      ] GC(85) Clearing All SoftReferences
[2026-04-03T02:47:53.563+0600][80.205s][info][gc,phases   ] GC(85) Pause Mark Start 0.071ms
[2026-04-03T02:47:53.677+0600][80.318s][info][gc,phases   ] GC(85) Concurrent Mark 113.396ms
[2026-04-03T02:47:53.677+0600][80.319s][info][gc,phases   ] GC(85) Pause Mark End 0.033ms
[2026-04-03T02:47:53.677+0600][80.319s][info][gc,phases   ] GC(85) Concurrent Mark Free 0.003ms
[2026-04-03T02:47:53.731+0600][80.372s][info][gc,phases   ] GC(85) Concurrent Process Non-Strong References 53.606ms
[2026-04-03T02:47:53.731+0600][80.372s][info][gc,phases   ] GC(85) Concurrent Reset Relocation Set 0.016ms
[2026-04-03T02:47:53.735+0600][80.376s][info][gc,phases   ] GC(85) Concurrent Select Relocation Set 3.906ms
[2026-04-03T02:47:53.735+0600][80.377s][info][gc,phases   ] GC(85) Pause Relocate Start 0.016ms
[2026-04-03T02:47:53.738+0600][80.379s][info][gc,phases   ] GC(85) Concurrent Relocate 2.297ms
[2026-04-03T02:47:53.738+0600][80.379s][info][gc,load     ] GC(85) Load: 5.76/5.59/5.61
[2026-04-03T02:47:53.738+0600][80.379s][info][gc,mmu      ] GC(85) MMU: 2ms/92.3%, 5ms/96.9%, 10ms/98.4%, 20ms/99.2%, 50ms/99.7%, 100ms/99.8%
[2026-04-03T02:47:53.738+0600][80.379s][info][gc,marking  ] GC(85) Mark: 2 stripe(s), 2 proactive flush(es), 1 terminate flush(es), 0 completion(s), 0 continuation(s) 
[2026-04-03T02:47:53.738+0600][80.379s][info][gc,marking  ] GC(85) Mark Stack Usage: 32M
[2026-04-03T02:47:53.738+0600][80.379s][info][gc,nmethod  ] GC(85) NMethods: 15424 registered, 2634 unregistered
[2026-04-03T02:47:53.738+0600][80.379s][info][gc,metaspace] GC(85) Metaspace: 128M used, 129M committed, 1152M reserved
[2026-04-03T02:47:53.738+0600][80.379s][info][gc,ref      ] GC(85) Soft: 3356 encountered, 752 discovered, 115 enqueued
[2026-04-03T02:47:53.738+0600][80.379s][info][gc,ref      ] GC(85) Weak: 14773 encountered, 2835 discovered, 246 enqueued
[2026-04-03T02:47:53.738+0600][80.379s][info][gc,ref      ] GC(85) Final: 84 encountered, 0 discovered, 0 enqueued
[2026-04-03T02:47:53.738+0600][80.379s][info][gc,ref      ] GC(85) Phantom: 620 encountered, 350 discovered, 0 enqueued
[2026-04-03T02:47:53.738+0600][80.379s][info][gc,reloc    ] GC(85) Small Pages: 127 / 254M, Empty: 22M, Relocated: 5M, In-Place: 0
[2026-04-03T02:47:53.738+0600][80.379s][info][gc,reloc    ] GC(85) Medium Pages: 2 / 64M, Empty: 32M, Relocated: 0M, In-Place: 0
[2026-04-03T02:47:53.738+0600][80.379s][info][gc,reloc    ] GC(85) Large Pages: 129 / 774M, Empty: 768M, Relocated: 0M, In-Place: 0
[2026-04-03T02:47:53.738+0600][80.379s][info][gc,reloc    ] GC(85) Forwarding Usage: 0M
[2026-04-03T02:47:53.738+0600][80.379s][info][gc,heap     ] GC(85) Min Capacity: 8M(0%)
[2026-04-03T02:47:53.738+0600][80.379s][info][gc,heap     ] GC(85) Max Capacity: 2000M(100%)
[2026-04-03T02:47:53.738+0600][80.379s][info][gc,heap     ] GC(85) Soft Max Capacity: 2000M(100%)
[2026-04-03T02:47:53.738+0600][80.379s][info][gc,heap     ] GC(85)                Mark Start          Mark End        Relocate Start      Relocate End           High               Low         
[2026-04-03T02:47:53.738+0600][80.379s][info][gc,heap     ] GC(85)  Capacity:     2000M (100%)       2000M (100%)       2000M (100%)       2000M (100%)       2000M (100%)       2000M (100%)   
[2026-04-03T02:47:53.738+0600][80.379s][info][gc,heap     ] GC(85)      Free:      908M (45%)         728M (36%)        1522M (76%)        1626M (81%)        1630M (82%)         702M (35%)    
[2026-04-03T02:47:53.738+0600][80.379s][info][gc,heap     ] GC(85)      Used:     1092M (55%)        1272M (64%)         478M (24%)         374M (19%)        1298M (65%)         370M (18%)    
[2026-04-03T02:47:53.738+0600][80.379s][info][gc,heap     ] GC(85)      Live:         -               115M (6%)          115M (6%)          115M (6%)             -                  -          
[2026-04-03T02:47:53.738+0600][80.379s][info][gc,heap     ] GC(85) Allocated:         -               180M (9%)          208M (10%)         213M (11%)            -                  -          
[2026-04-03T02:47:53.738+0600][80.379s][info][gc,heap     ] GC(85)   Garbage:         -               976M (49%)         154M (8%)           44M (2%)             -                  -          
[2026-04-03T02:47:53.738+0600][80.379s][info][gc,heap     ] GC(85) Reclaimed:         -                  -               822M (41%)         931M (47%)            -                  -          
[2026-04-03T02:47:53.738+0600][80.379s][info][gc          ] GC(85) Garbage Collection (Allocation Stall) 1092M(55%)->374M(19%)
[2026-04-03T02:47:54.064+0600][80.705s][info][gc,start    ] GC(86) Garbage Collection (Allocation Rate)
[2026-04-03T02:47:54.064+0600][80.705s][info][gc,task     ] GC(86) Using 2 workers
[2026-04-03T02:47:54.064+0600][80.705s][info][gc,phases   ] GC(86) Pause Mark Start 0.010ms
[2026-04-03T02:47:54.196+0600][80.837s][info][gc,phases   ] GC(86) Concurrent Mark 131.610ms
[2026-04-03T02:47:54.196+0600][80.837s][info][gc,phases   ] GC(86) Pause Mark End 0.038ms
[2026-04-03T02:47:54.196+0600][80.838s][info][gc,phases   ] GC(86) Concurrent Mark Free 0.003ms
[2026-04-03T02:47:54.260+0600][80.901s][info][gc,phases   ] GC(86) Concurrent Process Non-Strong References 63.592ms
[2026-04-03T02:47:54.260+0600][80.901s][info][gc,phases   ] GC(86) Concurrent Reset Relocation Set 0.010ms
[2026-04-03T02:47:54.266+0600][80.908s][info][gc,phases   ] GC(86) Concurrent Select Relocation Set 6.406ms
[2026-04-03T02:47:54.267+0600][80.909s][info][gc,phases   ] GC(86) Pause Relocate Start 0.019ms
[2026-04-03T02:47:54.274+0600][80.916s][info][gc,phases   ] GC(86) Concurrent Relocate 6.896ms
[2026-04-03T02:47:54.274+0600][80.916s][info][gc,load     ] GC(86) Load: 5.76/5.59/5.61
[2026-04-03T02:47:54.274+0600][80.916s][info][gc,mmu      ] GC(86) MMU: 2ms/92.3%, 5ms/96.9%, 10ms/98.4%, 20ms/99.2%, 50ms/99.7%, 100ms/99.8%
[2026-04-03T02:47:54.274+0600][80.916s][info][gc,marking  ] GC(86) Mark: 2 stripe(s), 2 proactive flush(es), 1 terminate flush(es), 0 completion(s), 0 continuation(s) 
[2026-04-03T02:47:54.274+0600][80.916s][info][gc,marking  ] GC(86) Mark Stack Usage: 32M
[2026-04-03T02:47:54.274+0600][80.916s][info][gc,nmethod  ] GC(86) NMethods: 15443 registered, 2640 unregistered
[2026-04-03T02:47:54.274+0600][80.916s][info][gc,metaspace] GC(86) Metaspace: 128M used, 129M committed, 1152M reserved
[2026-04-03T02:47:54.274+0600][80.916s][info][gc,ref      ] GC(86) Soft: 3275 encountered, 0 discovered, 0 enqueued
[2026-04-03T02:47:54.274+0600][80.916s][info][gc,ref      ] GC(86) Weak: 14778 encountered, 3450 discovered, 410 enqueued
[2026-04-03T02:47:54.274+0600][80.916s][info][gc,ref      ] GC(86) Final: 84 encountered, 20 discovered, 0 enqueued
[2026-04-03T02:47:54.274+0600][80.916s][info][gc,ref      ] GC(86) Phantom: 620 encountered, 374 discovered, 0 enqueued
[2026-04-03T02:47:54.274+0600][80.916s][info][gc,reloc    ] GC(86) Small Pages: 227 / 454M, Empty: 30M, Relocated: 5M, In-Place: 0
[2026-04-03T02:47:54.274+0600][80.916s][info][gc,reloc    ] GC(86) Medium Pages: 3 / 96M, Empty: 64M, Relocated: 0M, In-Place: 0
[2026-04-03T02:47:54.274+0600][80.916s][info][gc,reloc    ] GC(86) Large Pages: 8 / 48M, Empty: 48M, Relocated: 0M, In-Place: 0
[2026-04-03T02:47:54.274+0600][80.916s][info][gc,reloc    ] GC(86) Forwarding Usage: 1M
[2026-04-03T02:47:54.274+0600][80.916s][info][gc,heap     ] GC(86) Min Capacity: 8M(0%)
[2026-04-03T02:47:54.274+0600][80.916s][info][gc,heap     ] GC(86) Max Capacity: 2000M(100%)
[2026-04-03T02:47:54.274+0600][80.916s][info][gc,heap     ] GC(86) Soft Max Capacity: 2000M(100%)
[2026-04-03T02:47:54.274+0600][80.916s][info][gc,heap     ] GC(86)                Mark Start          Mark End        Relocate Start      Relocate End           High               Low         
[2026-04-03T02:47:54.274+0600][80.916s][info][gc,heap     ] GC(86)  Capacity:     2000M (100%)       2000M (100%)       2000M (100%)       2000M (100%)       2000M (100%)       2000M (100%)   
[2026-04-03T02:47:54.275+0600][80.916s][info][gc,heap     ] GC(86)      Free:     1402M (70%)        1232M (62%)        1274M (64%)        1572M (79%)        1572M (79%)        1138M (57%)    
[2026-04-03T02:47:54.275+0600][80.916s][info][gc,heap     ] GC(86)      Used:      598M (30%)         768M (38%)         726M (36%)         428M (21%)         862M (43%)         428M (21%)    
[2026-04-03T02:47:54.275+0600][80.916s][info][gc,heap     ] GC(86)      Live:         -               105M (5%)          105M (5%)          105M (5%)             -                  -          
[2026-04-03T02:47:54.275+0600][80.916s][info][gc,heap     ] GC(86) Allocated:         -               170M (8%)          270M (14%)         277M (14%)            -                  -          
[2026-04-03T02:47:54.275+0600][80.916s][info][gc,heap     ] GC(86)   Garbage:         -               492M (25%)         350M (18%)          44M (2%)             -                  -          
[2026-04-03T02:47:54.275+0600][80.916s][info][gc,heap     ] GC(86) Reclaimed:         -                  -               142M (7%)          447M (22%)            -                  -          
[2026-04-03T02:47:54.275+0600][80.916s][info][gc          ] GC(86) Garbage Collection (Allocation Rate) 598M(30%)->428M(21%)
[2026-04-03T02:47:54.563+0600][81.205s][info][gc,start    ] GC(87) Garbage Collection (Allocation Rate)
[2026-04-03T02:47:54.563+0600][81.205s][info][gc,task     ] GC(87) Using 2 workers
[2026-04-03T02:47:54.563+0600][81.205s][info][gc,phases   ] GC(87) Pause Mark Start 0.020ms
[2026-04-03T02:47:54.734+0600][81.376s][info][gc,phases   ] GC(87) Concurrent Mark 170.696ms
[2026-04-03T02:47:54.735+0600][81.376s][info][gc,phases   ] GC(87) Pause Mark End 0.050ms
[2026-04-03T02:47:54.735+0600][81.376s][info][gc,phases   ] GC(87) Concurrent Mark Free 0.001ms
[2026-04-03T02:47:54.773+0600][81.414s][info][gc,phases   ] GC(87) Concurrent Process Non-Strong References 38.207ms
[2026-04-03T02:47:54.773+0600][81.415s][info][gc,phases   ] GC(87) Concurrent Reset Relocation Set 0.014ms
[2026-04-03T02:47:54.777+0600][81.419s][info][gc,phases   ] GC(87) Concurrent Select Relocation Set 4.243ms
[2026-04-03T02:47:54.778+0600][81.419s][info][gc,phases   ] GC(87) Pause Relocate Start 0.017ms
[2026-04-03T02:47:54.785+0600][81.427s][info][gc,phases   ] GC(87) Concurrent Relocate 7.643ms
[2026-04-03T02:47:54.786+0600][81.427s][info][gc,load     ] GC(87) Load: 5.76/5.59/5.61
[2026-04-03T02:47:54.786+0600][81.427s][info][gc,mmu      ] GC(87) MMU: 2ms/92.3%, 5ms/96.9%, 10ms/98.4%, 20ms/99.2%, 50ms/99.7%, 100ms/99.8%
[2026-04-03T02:47:54.786+0600][81.427s][info][gc,marking  ] GC(87) Mark: 2 stripe(s), 2 proactive flush(es), 1 terminate flush(es), 0 completion(s), 0 continuation(s) 
[2026-04-03T02:47:54.786+0600][81.427s][info][gc,marking  ] GC(87) Mark Stack Usage: 32M
[2026-04-03T02:47:54.786+0600][81.427s][info][gc,nmethod  ] GC(87) NMethods: 15440 registered, 2649 unregistered
[2026-04-03T02:47:54.786+0600][81.427s][info][gc,metaspace] GC(87) Metaspace: 128M used, 129M committed, 1152M reserved
[2026-04-03T02:47:54.786+0600][81.427s][info][gc,ref      ] GC(87) Soft: 3307 encountered, 0 discovered, 0 enqueued
[2026-04-03T02:47:54.786+0600][81.427s][info][gc,ref      ] GC(87) Weak: 15459 encountered, 5476 discovered, 49 enqueued
[2026-04-03T02:47:54.786+0600][81.427s][info][gc,ref      ] GC(87) Final: 84 encountered, 48 discovered, 0 enqueued
[2026-04-03T02:47:54.786+0600][81.427s][info][gc,ref      ] GC(87) Phantom: 620 encountered, 373 discovered, 0 enqueued
[2026-04-03T02:47:54.786+0600][81.427s][info][gc,reloc    ] GC(87) Small Pages: 311 / 622M, Empty: 248M, Relocated: 6M, In-Place: 0
[2026-04-03T02:47:54.786+0600][81.427s][info][gc,reloc    ] GC(87) Medium Pages: 5 / 160M, Empty: 128M, Relocated: 0M, In-Place: 0
[2026-04-03T02:47:54.786+0600][81.427s][info][gc,reloc    ] GC(87) Large Pages: 14 / 84M, Empty: 84M, Relocated: 0M, In-Place: 0
[2026-04-03T02:47:54.786+0600][81.427s][info][gc,reloc    ] GC(87) Forwarding Usage: 1M
[2026-04-03T02:47:54.786+0600][81.427s][info][gc,heap     ] GC(87) Min Capacity: 8M(0%)
[2026-04-03T02:47:54.786+0600][81.427s][info][gc,heap     ] GC(87) Max Capacity: 2000M(100%)
[2026-04-03T02:47:54.786+0600][81.427s][info][gc,heap     ] GC(87) Soft Max Capacity: 2000M(100%)
[2026-04-03T02:47:54.786+0600][81.427s][info][gc,heap     ] GC(87)                Mark Start          Mark End        Relocate Start      Relocate End           High               Low         
[2026-04-03T02:47:54.786+0600][81.427s][info][gc,heap     ] GC(87)  Capacity:     2000M (100%)       2000M (100%)       2000M (100%)       2000M (100%)       2000M (100%)       2000M (100%)   
[2026-04-03T02:47:54.786+0600][81.427s][info][gc,heap     ] GC(87)      Free:     1134M (57%)         960M (48%)        1328M (66%)        1578M (79%)        1580M (79%)         884M (44%)    
[2026-04-03T02:47:54.786+0600][81.427s][info][gc,heap     ] GC(87)      Used:      866M (43%)        1040M (52%)         672M (34%)         422M (21%)        1116M (56%)         420M (21%)    
[2026-04-03T02:47:54.786+0600][81.427s][info][gc,heap     ] GC(87)      Live:         -               107M (5%)          107M (5%)          107M (5%)             -                  -          
[2026-04-03T02:47:54.786+0600][81.427s][info][gc,heap     ] GC(87) Allocated:         -               174M (9%)          266M (13%)         271M (14%)            -                  -          
[2026-04-03T02:47:54.786+0600][81.427s][info][gc,heap     ] GC(87)   Garbage:         -               758M (38%)         298M (15%)          42M (2%)             -                  -          
[2026-04-03T02:47:54.786+0600][81.427s][info][gc,heap     ] GC(87) Reclaimed:         -                  -               460M (23%)         715M (36%)            -                  -          
[2026-04-03T02:47:54.786+0600][81.427s][info][gc          ] GC(87) Garbage Collection (Allocation Rate) 866M(43%)->422M(21%)
[2026-04-03T02:47:55.263+0600][81.905s][info][gc,start    ] GC(88) Garbage Collection (Allocation Rate)
[2026-04-03T02:47:55.263+0600][81.905s][info][gc,task     ] GC(88) Using 2 workers
[2026-04-03T02:47:55.264+0600][81.905s][info][gc,phases   ] GC(88) Pause Mark Start 0.034ms
[2026-04-03T02:47:55.384+0600][82.025s][info][gc,phases   ] GC(88) Concurrent Mark 119.670ms
[2026-04-03T02:47:55.384+0600][82.025s][info][gc,phases   ] GC(88) Pause Mark End 0.035ms
[2026-04-03T02:47:55.384+0600][82.026s][info][gc,phases   ] GC(88) Concurrent Mark Free 0.002ms
[2026-04-03T02:47:55.432+0600][82.073s][info][gc,phases   ] GC(88) Concurrent Process Non-Strong References 47.552ms
[2026-04-03T02:47:55.432+0600][82.073s][info][gc,phases   ] GC(88) Concurrent Reset Relocation Set 0.023ms
[2026-04-03T02:47:55.439+0600][82.080s][info][gc,phases   ] GC(88) Concurrent Select Relocation Set 6.717ms
[2026-04-03T02:47:55.439+0600][82.081s][info][gc,phases   ] GC(88) Pause Relocate Start 0.045ms
[2026-04-03T02:47:55.457+0600][82.099s][info][gc,phases   ] GC(88) Concurrent Relocate 17.832ms
[2026-04-03T02:47:55.457+0600][82.099s][info][gc,load     ] GC(88) Load: 5.46/5.53/5.59
[2026-04-03T02:47:55.457+0600][82.099s][info][gc,mmu      ] GC(88) MMU: 2ms/92.3%, 5ms/96.9%, 10ms/98.4%, 20ms/99.2%, 50ms/99.7%, 100ms/99.8%
[2026-04-03T02:47:55.457+0600][82.099s][info][gc,marking  ] GC(88) Mark: 2 stripe(s), 2 proactive flush(es), 1 terminate flush(es), 0 completion(s), 0 continuation(s) 
[2026-04-03T02:47:55.457+0600][82.099s][info][gc,marking  ] GC(88) Mark Stack Usage: 32M
[2026-04-03T02:47:55.457+0600][82.099s][info][gc,nmethod  ] GC(88) NMethods: 15453 registered, 2660 unregistered
[2026-04-03T02:47:55.457+0600][82.099s][info][gc,metaspace] GC(88) Metaspace: 128M used, 129M committed, 1152M reserved
[2026-04-03T02:47:55.457+0600][82.099s][info][gc,ref      ] GC(88) Soft: 3387 encountered, 0 discovered, 0 enqueued
[2026-04-03T02:47:55.457+0600][82.099s][info][gc,ref      ] GC(88) Weak: 16623 encountered, 6116 discovered, 1745 enqueued
[2026-04-03T02:47:55.457+0600][82.099s][info][gc,ref      ] GC(88) Final: 84 encountered, 0 discovered, 0 enqueued
[2026-04-03T02:47:55.457+0600][82.099s][info][gc,ref      ] GC(88) Phantom: 620 encountered, 371 discovered, 0 enqueued
[2026-04-03T02:47:55.457+0600][82.099s][info][gc,reloc    ] GC(88) Small Pages: 421 / 842M, Empty: 314M, Relocated: 12M, In-Place: 0
[2026-04-03T02:47:55.457+0600][82.099s][info][gc,reloc    ] GC(88) Medium Pages: 4 / 128M, Empty: 96M, Relocated: 0M, In-Place: 0
[2026-04-03T02:47:55.457+0600][82.099s][info][gc,reloc    ] GC(88) Large Pages: 15 / 90M, Empty: 90M, Relocated: 0M, In-Place: 0
[2026-04-03T02:47:55.457+0600][82.099s][info][gc,reloc    ] GC(88) Forwarding Usage: 4M
[2026-04-03T02:47:55.457+0600][82.099s][info][gc,heap     ] GC(88) Min Capacity: 8M(0%)
[2026-04-03T02:47:55.457+0600][82.099s][info][gc,heap     ] GC(88) Max Capacity: 2000M(100%)
[2026-04-03T02:47:55.458+0600][82.099s][info][gc,heap     ] GC(88) Soft Max Capacity: 2000M(100%)
[2026-04-03T02:47:55.458+0600][82.099s][info][gc,heap     ] GC(88)                Mark Start          Mark End        Relocate Start      Relocate End           High               Low         
[2026-04-03T02:47:55.458+0600][82.099s][info][gc,heap     ] GC(88)  Capacity:     2000M (100%)       2000M (100%)       2000M (100%)       2000M (100%)       2000M (100%)       2000M (100%)   
[2026-04-03T02:47:55.458+0600][82.099s][info][gc,heap     ] GC(88)      Free:      940M (47%)         826M (41%)        1116M (56%)        1278M (64%)        1378M (69%)         718M (36%)    
[2026-04-03T02:47:55.458+0600][82.099s][info][gc,heap     ] GC(88)      Used:     1060M (53%)        1174M (59%)         884M (44%)         722M (36%)        1282M (64%)         622M (31%)    
[2026-04-03T02:47:55.458+0600][82.099s][info][gc,heap     ] GC(88)      Live:         -               111M (6%)          111M (6%)          111M (6%)             -                  -          
[2026-04-03T02:47:55.458+0600][82.099s][info][gc,heap     ] GC(88) Allocated:         -               114M (6%)          324M (16%)         567M (28%)            -                  -          
[2026-04-03T02:47:55.458+0600][82.099s][info][gc,heap     ] GC(88)   Garbage:         -               948M (47%)         448M (22%)          42M (2%)             -                  -          
[2026-04-03T02:47:55.458+0600][82.099s][info][gc,heap     ] GC(88) Reclaimed:         -                  -               500M (25%)         905M (45%)            -                  -          
[2026-04-03T02:47:55.458+0600][82.099s][info][gc          ] GC(88) Garbage Collection (Allocation Rate) 1060M(53%)->722M(36%)
[2026-04-03T02:47:55.564+0600][82.205s][info][gc,start    ] GC(89) Garbage Collection (Allocation Rate)
[2026-04-03T02:47:55.564+0600][82.205s][info][gc,task     ] GC(89) Using 3 workers
[2026-04-03T02:47:55.564+0600][82.205s][info][gc,phases   ] GC(89) Pause Mark Start 0.008ms
[2026-04-03T02:47:55.669+0600][82.310s][info][gc,phases   ] GC(89) Concurrent Mark 104.742ms
[2026-04-03T02:47:55.669+0600][82.311s][info][gc,phases   ] GC(89) Pause Mark End 0.035ms
[2026-04-03T02:47:55.669+0600][82.311s][info][gc,phases   ] GC(89) Concurrent Mark Free 0.001ms
[2026-04-03T02:47:55.695+0600][82.337s][info][gc,phases   ] GC(89) Concurrent Process Non-Strong References 25.821ms
[2026-04-03T02:47:55.695+0600][82.337s][info][gc,phases   ] GC(89) Concurrent Reset Relocation Set 0.026ms
[2026-04-03T02:47:55.699+0600][82.341s][info][gc,phases   ] GC(89) Concurrent Select Relocation Set 3.943ms
[2026-04-03T02:47:55.699+0600][82.341s][info][gc,phases   ] GC(89) Pause Relocate Start 0.016ms
[2026-04-03T02:47:55.704+0600][82.346s][info][gc,phases   ] GC(89) Concurrent Relocate 4.578ms
[2026-04-03T02:47:55.704+0600][82.346s][info][gc,load     ] GC(89) Load: 5.46/5.53/5.59
[2026-04-03T02:47:55.704+0600][82.346s][info][gc,mmu      ] GC(89) MMU: 2ms/92.3%, 5ms/96.9%, 10ms/98.4%, 20ms/99.2%, 50ms/99.7%, 100ms/99.8%
[2026-04-03T02:47:55.704+0600][82.346s][info][gc,marking  ] GC(89) Mark: 2 stripe(s), 3 proactive flush(es), 1 terminate flush(es), 0 completion(s), 0 continuation(s) 
[2026-04-03T02:47:55.704+0600][82.346s][info][gc,marking  ] GC(89) Mark Stack Usage: 32M
[2026-04-03T02:47:55.704+0600][82.346s][info][gc,nmethod  ] GC(89) NMethods: 15456 registered, 2665 unregistered
[2026-04-03T02:47:55.704+0600][82.346s][info][gc,metaspace] GC(89) Metaspace: 128M used, 129M committed, 1152M reserved
[2026-04-03T02:47:55.704+0600][82.346s][info][gc,ref      ] GC(89) Soft: 3403 encountered, 0 discovered, 0 enqueued
[2026-04-03T02:47:55.704+0600][82.346s][info][gc,ref      ] GC(89) Weak: 15428 encountered, 7485 discovered, 779 enqueued
[2026-04-03T02:47:55.704+0600][82.346s][info][gc,ref      ] GC(89) Final: 84 encountered, 0 discovered, 0 enqueued
[2026-04-03T02:47:55.704+0600][82.346s][info][gc,ref      ] GC(89) Phantom: 620 encountered, 389 discovered, 0 enqueued
[2026-04-03T02:47:55.704+0600][82.346s][info][gc,reloc    ] GC(89) Small Pages: 161 / 322M, Empty: 56M, Relocated: 6M, In-Place: 0
[2026-04-03T02:47:55.704+0600][82.346s][info][gc,reloc    ] GC(89) Medium Pages: 2 / 64M, Empty: 32M, Relocated: 0M, In-Place: 0
[2026-04-03T02:47:55.704+0600][82.346s][info][gc,reloc    ] GC(89) Large Pages: 135 / 810M, Empty: 810M, Relocated: 0M, In-Place: 0
[2026-04-03T02:47:55.704+0600][82.346s][info][gc,reloc    ] GC(89) Forwarding Usage: 2M
[2026-04-03T02:47:55.704+0600][82.346s][info][gc,heap     ] GC(89) Min Capacity: 8M(0%)
[2026-04-03T02:47:55.704+0600][82.346s][info][gc,heap     ] GC(89) Max Capacity: 2000M(100%)
[2026-04-03T02:47:55.704+0600][82.346s][info][gc,heap     ] GC(89) Soft Max Capacity: 2000M(100%)
[2026-04-03T02:47:55.704+0600][82.346s][info][gc,heap     ] GC(89)                Mark Start          Mark End        Relocate Start      Relocate End           High               Low         
[2026-04-03T02:47:55.704+0600][82.346s][info][gc,heap     ] GC(89)  Capacity:     2000M (100%)       2000M (100%)       2000M (100%)       2000M (100%)       2000M (100%)       2000M (100%)   
[2026-04-03T02:47:55.704+0600][82.346s][info][gc,heap     ] GC(89)      Free:      804M (40%)         662M (33%)        1542M (77%)        1680M (84%)        1684M (84%)         652M (33%)    
[2026-04-03T02:47:55.704+0600][82.346s][info][gc,heap     ] GC(89)      Used:     1196M (60%)        1338M (67%)         458M (23%)         320M (16%)        1348M (67%)         316M (16%)    
[2026-04-03T02:47:55.704+0600][82.346s][info][gc,heap     ] GC(89)      Live:         -               107M (5%)          107M (5%)          107M (5%)             -                  -          
[2026-04-03T02:47:55.704+0600][82.346s][info][gc,heap     ] GC(89) Allocated:         -               142M (7%)          160M (8%)          167M (8%)             -                  -          
[2026-04-03T02:47:55.704+0600][82.346s][info][gc,heap     ] GC(89)   Garbage:         -              1088M (54%)         190M (10%)          44M (2%)             -                  -          
[2026-04-03T02:47:55.704+0600][82.346s][info][gc,heap     ] GC(89) Reclaimed:         -                  -               898M (45%)        1043M (52%)            -                  -          
[2026-04-03T02:47:55.704+0600][82.346s][info][gc          ] GC(89) Garbage Collection (Allocation Rate) 1196M(60%)->320M(16%)
[2026-04-03T02:47:56.163+0600][82.805s][info][gc,start    ] GC(90) Garbage Collection (Allocation Rate)
[2026-04-03T02:47:56.163+0600][82.805s][info][gc,task     ] GC(90) Using 2 workers
[2026-04-03T02:47:56.164+0600][82.805s][info][gc,phases   ] GC(90) Pause Mark Start 0.014ms
[2026-04-03T02:47:56.356+0600][82.998s][info][gc,phases   ] GC(90) Concurrent Mark 192.571ms
[2026-04-03T02:47:56.357+0600][82.998s][info][gc,phases   ] GC(90) Pause Mark End 0.038ms
[2026-04-03T02:47:56.357+0600][82.998s][info][gc,phases   ] GC(90) Concurrent Mark Free 0.003ms
[2026-04-03T02:47:56.396+0600][83.038s][info][gc,phases   ] GC(90) Concurrent Process Non-Strong References 39.556ms
[2026-04-03T02:47:56.396+0600][83.038s][info][gc,phases   ] GC(90) Concurrent Reset Relocation Set 0.010ms
[2026-04-03T02:47:56.400+0600][83.042s][info][gc,phases   ] GC(90) Concurrent Select Relocation Set 4.135ms
[2026-04-03T02:47:56.401+0600][83.042s][info][gc,phases   ] GC(90) Pause Relocate Start 0.020ms
[2026-04-03T02:47:56.409+0600][83.051s][info][gc,phases   ] GC(90) Concurrent Relocate 8.217ms
[2026-04-03T02:47:56.409+0600][83.051s][info][gc,load     ] GC(90) Load: 5.46/5.53/5.59
[2026-04-03T02:47:56.409+0600][83.051s][info][gc,mmu      ] GC(90) MMU: 2ms/92.3%, 5ms/96.9%, 10ms/98.4%, 20ms/99.2%, 50ms/99.7%, 100ms/99.8%
[2026-04-03T02:47:56.409+0600][83.051s][info][gc,marking  ] GC(90) Mark: 2 stripe(s), 2 proactive flush(es), 1 terminate flush(es), 0 completion(s), 0 continuation(s) 
[2026-04-03T02:47:56.409+0600][83.051s][info][gc,marking  ] GC(90) Mark Stack Usage: 32M
[2026-04-03T02:47:56.409+0600][83.051s][info][gc,nmethod  ] GC(90) NMethods: 15463 registered, 2684 unregistered
[2026-04-03T02:47:56.409+0600][83.051s][info][gc,metaspace] GC(90) Metaspace: 128M used, 129M committed, 1152M reserved
[2026-04-03T02:47:56.409+0600][83.051s][info][gc,ref      ] GC(90) Soft: 3409 encountered, 0 discovered, 0 enqueued
[2026-04-03T02:47:56.409+0600][83.051s][info][gc,ref      ] GC(90) Weak: 15295 encountered, 6320 discovered, 396 enqueued
[2026-04-03T02:47:56.409+0600][83.051s][info][gc,ref      ] GC(90) Final: 84 encountered, 48 discovered, 0 enqueued
[2026-04-03T02:47:56.409+0600][83.051s][info][gc,ref      ] GC(90) Phantom: 620 encountered, 356 discovered, 0 enqueued
[2026-04-03T02:47:56.409+0600][83.051s][info][gc,reloc    ] GC(90) Small Pages: 305 / 610M, Empty: 108M, Relocated: 6M, In-Place: 0
[2026-04-03T02:47:56.409+0600][83.051s][info][gc,reloc    ] GC(90) Medium Pages: 4 / 128M, Empty: 96M, Relocated: 0M, In-Place: 0
[2026-04-03T02:47:56.409+0600][83.051s][info][gc,reloc    ] GC(90) Large Pages: 10 / 60M, Empty: 60M, Relocated: 0M, In-Place: 0
[2026-04-03T02:47:56.409+0600][83.051s][info][gc,reloc    ] GC(90) Forwarding Usage: 1M
[2026-04-03T02:47:56.409+0600][83.051s][info][gc,heap     ] GC(90) Min Capacity: 8M(0%)
[2026-04-03T02:47:56.409+0600][83.051s][info][gc,heap     ] GC(90) Max Capacity: 2000M(100%)
[2026-04-03T02:47:56.410+0600][83.051s][info][gc,heap     ] GC(90) Soft Max Capacity: 2000M(100%)
[2026-04-03T02:47:56.410+0600][83.051s][info][gc,heap     ] GC(90)                Mark Start          Mark End        Relocate Start      Relocate End           High               Low         
[2026-04-03T02:47:56.410+0600][83.051s][info][gc,heap     ] GC(90)  Capacity:     2000M (100%)       2000M (100%)       2000M (100%)       2000M (100%)       2000M (100%)       2000M (100%)   
[2026-04-03T02:47:56.410+0600][83.051s][info][gc,heap     ] GC(90)      Free:     1202M (60%)         960M (48%)        1170M (58%)        1548M (77%)        1548M (77%)         914M (46%)    
[2026-04-03T02:47:56.410+0600][83.051s][info][gc,heap     ] GC(90)      Used:      798M (40%)        1040M (52%)         830M (42%)         452M (23%)        1086M (54%)         452M (23%)    
[2026-04-03T02:47:56.410+0600][83.051s][info][gc,heap     ] GC(90)      Live:         -               107M (5%)          107M (5%)          107M (5%)             -                  -          
[2026-04-03T02:47:56.410+0600][83.051s][info][gc,heap     ] GC(90) Allocated:         -               242M (12%)         296M (15%)         301M (15%)            -                  -          
[2026-04-03T02:47:56.410+0600][83.051s][info][gc,heap     ] GC(90)   Garbage:         -               690M (35%)         426M (21%)          42M (2%)             -                  -          
[2026-04-03T02:47:56.410+0600][83.051s][info][gc,heap     ] GC(90) Reclaimed:         -                  -               264M (13%)         647M (32%)            -                  -          
[2026-04-03T02:47:56.410+0600][83.051s][info][gc          ] GC(90) Garbage Collection (Allocation Rate) 798M(40%)->452M(23%)
[2026-04-03T02:47:56.664+0600][83.305s][info][gc,start    ] GC(91) Garbage Collection (Allocation Rate)
[2026-04-03T02:47:56.664+0600][83.305s][info][gc,task     ] GC(91) Using 2 workers
[2026-04-03T02:47:56.664+0600][83.306s][info][gc,phases   ] GC(91) Pause Mark Start 0.013ms
[2026-04-03T02:47:56.845+0600][83.486s][info][gc,phases   ] GC(91) Concurrent Mark 180.643ms
[2026-04-03T02:47:56.845+0600][83.487s][info][gc,phases   ] GC(91) Pause Mark End 0.077ms
[2026-04-03T02:47:56.845+0600][83.487s][info][gc,phases   ] GC(91) Concurrent Mark Free 0.003ms
[2026-04-03T02:47:56.868+0600][83.510s][info][gc,phases   ] GC(91) Concurrent Process Non-Strong References 22.789ms
[2026-04-03T02:47:56.868+0600][83.510s][info][gc,phases   ] GC(91) Concurrent Reset Relocation Set 0.015ms
[2026-04-03T02:47:56.872+0600][83.514s][info][gc,phases   ] GC(91) Concurrent Select Relocation Set 3.779ms
[2026-04-03T02:47:56.872+0600][83.514s][info][gc,phases   ] GC(91) Pause Relocate Start 0.017ms
[2026-04-03T02:47:56.882+0600][83.524s][info][gc,phases   ] GC(91) Concurrent Relocate 9.673ms
[2026-04-03T02:47:56.882+0600][83.524s][info][gc,load     ] GC(91) Load: 5.46/5.53/5.59
[2026-04-03T02:47:56.882+0600][83.524s][info][gc,mmu      ] GC(91) MMU: 2ms/92.3%, 5ms/96.9%, 10ms/98.4%, 20ms/99.2%, 50ms/99.7%, 100ms/99.8%
[2026-04-03T02:47:56.882+0600][83.524s][info][gc,marking  ] GC(91) Mark: 2 stripe(s), 3 proactive flush(es), 1 terminate flush(es), 0 completion(s), 0 continuation(s) 
[2026-04-03T02:47:56.883+0600][83.524s][info][gc,marking  ] GC(91) Mark Stack Usage: 32M
[2026-04-03T02:47:56.883+0600][83.524s][info][gc,nmethod  ] GC(91) NMethods: 15467 registered, 2687 unregistered
[2026-04-03T02:47:56.883+0600][83.524s][info][gc,metaspace] GC(91) Metaspace: 128M used, 129M committed, 1152M reserved
[2026-04-03T02:47:56.883+0600][83.524s][info][gc,ref      ] GC(91) Soft: 3411 encountered, 0 discovered, 0 enqueued
[2026-04-03T02:47:56.883+0600][83.524s][info][gc,ref      ] GC(91) Weak: 15833 encountered, 5221 discovered, 24 enqueued
[2026-04-03T02:47:56.883+0600][83.524s][info][gc,ref      ] GC(91) Final: 84 encountered, 0 discovered, 0 enqueued
[2026-04-03T02:47:56.883+0600][83.524s][info][gc,ref      ] GC(91) Phantom: 620 encountered, 341 discovered, 0 enqueued
[2026-04-03T02:47:56.883+0600][83.524s][info][gc,reloc    ] GC(91) Small Pages: 294 / 588M, Empty: 246M, Relocated: 10M, In-Place: 0
[2026-04-03T02:47:56.883+0600][83.524s][info][gc,reloc    ] GC(91) Medium Pages: 5 / 160M, Empty: 128M, Relocated: 0M, In-Place: 0
[2026-04-03T02:47:56.883+0600][83.524s][info][gc,reloc    ] GC(91) Large Pages: 13 / 78M, Empty: 78M, Relocated: 0M, In-Place: 0
[2026-04-03T02:47:56.883+0600][83.524s][info][gc,reloc    ] GC(91) Forwarding Usage: 3M
[2026-04-03T02:47:56.883+0600][83.524s][info][gc,heap     ] GC(91) Min Capacity: 8M(0%)
[2026-04-03T02:47:56.883+0600][83.524s][info][gc,heap     ] GC(91) Max Capacity: 2000M(100%)
[2026-04-03T02:47:56.883+0600][83.524s][info][gc,heap     ] GC(91) Soft Max Capacity: 2000M(100%)
[2026-04-03T02:47:56.883+0600][83.524s][info][gc,heap     ] GC(91)                Mark Start          Mark End        Relocate Start      Relocate End           High               Low         
[2026-04-03T02:47:56.883+0600][83.524s][info][gc,heap     ] GC(91)  Capacity:     2000M (100%)       2000M (100%)       2000M (100%)       2000M (100%)       2000M (100%)       2000M (100%)   
[2026-04-03T02:47:56.883+0600][83.524s][info][gc,heap     ] GC(91)      Free:     1174M (59%)         894M (45%)        1328M (66%)        1542M (77%)        1544M (77%)         880M (44%)    
[2026-04-03T02:47:56.883+0600][83.524s][info][gc,heap     ] GC(91)      Used:      826M (41%)        1106M (55%)         672M (34%)         458M (23%)        1120M (56%)         456M (23%)    
[2026-04-03T02:47:56.883+0600][83.524s][info][gc,heap     ] GC(91)      Live:         -               110M (6%)          110M (6%)          110M (6%)             -                  -          
[2026-04-03T02:47:56.883+0600][83.524s][info][gc,heap     ] GC(91) Allocated:         -               280M (14%)         298M (15%)         305M (15%)            -                  -          
[2026-04-03T02:47:56.883+0600][83.524s][info][gc,heap     ] GC(91)   Garbage:         -               715M (36%)         263M (13%)          42M (2%)             -                  -          
[2026-04-03T02:47:56.883+0600][83.524s][info][gc,heap     ] GC(91) Reclaimed:         -                  -               452M (23%)         673M (34%)            -                  -          
[2026-04-03T02:47:56.883+0600][83.524s][info][gc          ] GC(91) Garbage Collection (Allocation Rate) 826M(41%)->458M(23%)
[2026-04-03T02:47:57.363+0600][84.005s][info][gc,start    ] GC(92) Garbage Collection (Allocation Rate)
[2026-04-03T02:47:57.363+0600][84.005s][info][gc,task     ] GC(92) Using 3 workers
[2026-04-03T02:47:57.364+0600][84.005s][info][gc,phases   ] GC(92) Pause Mark Start 0.013ms
[2026-04-03T02:47:57.461+0600][84.102s][info][gc,phases   ] GC(92) Concurrent Mark 97.086ms
[2026-04-03T02:47:57.461+0600][84.103s][info][gc,phases   ] GC(92) Pause Mark End 0.059ms
[2026-04-03T02:47:57.461+0600][84.103s][info][gc,phases   ] GC(92) Concurrent Mark Free 0.002ms
[2026-04-03T02:47:57.485+0600][84.126s][info][gc,phases   ] GC(92) Concurrent Process Non-Strong References 23.581ms
[2026-04-03T02:47:57.485+0600][84.126s][info][gc,phases   ] GC(92) Concurrent Reset Relocation Set 0.018ms
[2026-04-03T02:47:57.489+0600][84.130s][info][gc,phases   ] GC(92) Concurrent Select Relocation Set 3.567ms
[2026-04-03T02:47:57.489+0600][84.130s][info][gc,phases   ] GC(92) Pause Relocate Start 0.014ms
[2026-04-03T02:47:57.493+0600][84.135s][info][gc,phases   ] GC(92) Concurrent Relocate 4.280ms
[2026-04-03T02:47:57.493+0600][84.135s][info][gc,load     ] GC(92) Load: 5.46/5.53/5.59
[2026-04-03T02:47:57.493+0600][84.135s][info][gc,mmu      ] GC(92) MMU: 2ms/92.3%, 5ms/96.9%, 10ms/98.4%, 20ms/99.2%, 50ms/99.7%, 100ms/99.8%
[2026-04-03T02:47:57.493+0600][84.135s][info][gc,marking  ] GC(92) Mark: 2 stripe(s), 4 proactive flush(es), 1 terminate flush(es), 0 completion(s), 0 continuation(s) 
[2026-04-03T02:47:57.493+0600][84.135s][info][gc,marking  ] GC(92) Mark Stack Usage: 32M
[2026-04-03T02:47:57.493+0600][84.135s][info][gc,nmethod  ] GC(92) NMethods: 15477 registered, 2697 unregistered
[2026-04-03T02:47:57.493+0600][84.135s][info][gc,metaspace] GC(92) Metaspace: 128M used, 129M committed, 1152M reserved
[2026-04-03T02:47:57.493+0600][84.135s][info][gc,ref      ] GC(92) Soft: 3403 encountered, 0 discovered, 0 enqueued
[2026-04-03T02:47:57.493+0600][84.135s][info][gc,ref      ] GC(92) Weak: 17079 encountered, 9128 discovered, 2483 enqueued
[2026-04-03T02:47:57.493+0600][84.135s][info][gc,ref      ] GC(92) Final: 84 encountered, 0 discovered, 0 enqueued
[2026-04-03T02:47:57.493+0600][84.135s][info][gc,ref      ] GC(92) Phantom: 620 encountered, 375 discovered, 0 enqueued
[2026-04-03T02:47:57.493+0600][84.135s][info][gc,reloc    ] GC(92) Small Pages: 430 / 860M, Empty: 394M, Relocated: 5M, In-Place: 0
[2026-04-03T02:47:57.493+0600][84.135s][info][gc,reloc    ] GC(92) Medium Pages: 4 / 128M, Empty: 96M, Relocated: 0M, In-Place: 0
[2026-04-03T02:47:57.493+0600][84.135s][info][gc,reloc    ] GC(92) Large Pages: 81 / 486M, Empty: 486M, Relocated: 0M, In-Place: 0
[2026-04-03T02:47:57.493+0600][84.135s][info][gc,reloc    ] GC(92) Forwarding Usage: 1M
[2026-04-03T02:47:57.493+0600][84.135s][info][gc,heap     ] GC(92) Min Capacity: 8M(0%)
[2026-04-03T02:47:57.493+0600][84.135s][info][gc,heap     ] GC(92) Max Capacity: 2000M(100%)
[2026-04-03T02:47:57.493+0600][84.135s][info][gc,heap     ] GC(92) Soft Max Capacity: 2000M(100%)
[2026-04-03T02:47:57.493+0600][84.135s][info][gc,heap     ] GC(92)                Mark Start          Mark End        Relocate Start      Relocate End           High               Low         
[2026-04-03T02:47:57.493+0600][84.135s][info][gc,heap     ] GC(92)  Capacity:     2000M (100%)       2000M (100%)       2000M (100%)       2000M (100%)       2000M (100%)       2000M (100%)   
[2026-04-03T02:47:57.493+0600][84.135s][info][gc,heap     ] GC(92)      Free:      526M (26%)          54M (3%)          992M (50%)        1332M (67%)        1332M (67%)          18M (1%)     
[2026-04-03T02:47:57.493+0600][84.135s][info][gc,heap     ] GC(92)      Used:     1474M (74%)        1946M (97%)        1008M (50%)         668M (33%)        1982M (99%)         668M (33%)    
[2026-04-03T02:47:57.494+0600][84.135s][info][gc,heap     ] GC(92)      Live:         -               108M (5%)          108M (5%)          108M (5%)             -                  -          
[2026-04-03T02:47:57.494+0600][84.135s][info][gc,heap     ] GC(92) Allocated:         -               472M (24%)         510M (26%)         515M (26%)            -                  -          
[2026-04-03T02:47:57.494+0600][84.135s][info][gc,heap     ] GC(92)   Garbage:         -              1365M (68%)         389M (19%)          43M (2%)             -                  -          
[2026-04-03T02:47:57.494+0600][84.135s][info][gc,heap     ] GC(92) Reclaimed:         -                  -               976M (49%)        1321M (66%)            -                  -          
[2026-04-03T02:47:57.494+0600][84.135s][info][gc          ] GC(92) Garbage Collection (Allocation Rate) 1474M(74%)->668M(33%)
[2026-04-03T02:47:57.863+0600][84.505s][info][gc,start    ] GC(93) Garbage Collection (Allocation Rate)
[2026-04-03T02:47:57.863+0600][84.505s][info][gc,task     ] GC(93) Using 3 workers
[2026-04-03T02:47:57.863+0600][84.505s][info][gc,phases   ] GC(93) Pause Mark Start 0.008ms
[2026-04-03T02:47:57.971+0600][84.612s][info][gc,phases   ] GC(93) Concurrent Mark 107.187ms
[2026-04-03T02:47:57.971+0600][84.612s][info][gc,phases   ] GC(93) Pause Mark End 0.037ms
[2026-04-03T02:47:57.971+0600][84.613s][info][gc,phases   ] GC(93) Concurrent Mark Free 0.002ms
[2026-04-03T02:47:57.996+0600][84.638s][info][gc,phases   ] GC(93) Concurrent Process Non-Strong References 25.237ms
[2026-04-03T02:47:57.997+0600][84.638s][info][gc,phases   ] GC(93) Concurrent Reset Relocation Set 0.018ms
[2026-04-03T02:47:58.003+0600][84.645s][info][gc,phases   ] GC(93) Concurrent Select Relocation Set 6.479ms
[2026-04-03T02:47:58.004+0600][84.645s][info][gc,phases   ] GC(93) Pause Relocate Start 0.018ms
[2026-04-03T02:47:58.010+0600][84.651s][info][gc,phases   ] GC(93) Concurrent Relocate 5.758ms
[2026-04-03T02:47:58.010+0600][84.651s][info][gc,load     ] GC(93) Load: 5.46/5.53/5.59
[2026-04-03T02:47:58.010+0600][84.651s][info][gc,mmu      ] GC(93) MMU: 2ms/92.3%, 5ms/96.9%, 10ms/98.4%, 20ms/99.2%, 50ms/99.7%, 100ms/99.8%
[2026-04-03T02:47:58.010+0600][84.651s][info][gc,marking  ] GC(93) Mark: 2 stripe(s), 2 proactive flush(es), 1 terminate flush(es), 0 completion(s), 0 continuation(s) 
[2026-04-03T02:47:58.010+0600][84.651s][info][gc,marking  ] GC(93) Mark Stack Usage: 32M
[2026-04-03T02:47:58.010+0600][84.651s][info][gc,nmethod  ] GC(93) NMethods: 15486 registered, 2699 unregistered
[2026-04-03T02:47:58.010+0600][84.651s][info][gc,metaspace] GC(93) Metaspace: 128M used, 129M committed, 1152M reserved
[2026-04-03T02:47:58.010+0600][84.651s][info][gc,ref      ] GC(93) Soft: 3405 encountered, 0 discovered, 0 enqueued
[2026-04-03T02:47:58.010+0600][84.651s][info][gc,ref      ] GC(93) Weak: 14909 encountered, 6861 discovered, 398 enqueued
[2026-04-03T02:47:58.010+0600][84.651s][info][gc,ref      ] GC(93) Final: 84 encountered, 0 discovered, 0 enqueued
[2026-04-03T02:47:58.010+0600][84.651s][info][gc,ref      ] GC(93) Phantom: 620 encountered, 359 discovered, 0 enqueued
[2026-04-03T02:47:58.010+0600][84.652s][info][gc,reloc    ] GC(93) Small Pages: 245 / 490M, Empty: 42M, Relocated: 6M, In-Place: 0
[2026-04-03T02:47:58.010+0600][84.652s][info][gc,reloc    ] GC(93) Medium Pages: 3 / 96M, Empty: 64M, Relocated: 0M, In-Place: 0
[2026-04-03T02:47:58.010+0600][84.652s][info][gc,reloc    ] GC(93) Large Pages: 70 / 420M, Empty: 420M, Relocated: 0M, In-Place: 0
[2026-04-03T02:47:58.010+0600][84.652s][info][gc,reloc    ] GC(93) Forwarding Usage: 1M
[2026-04-03T02:47:58.010+0600][84.652s][info][gc,heap     ] GC(93) Min Capacity: 8M(0%)
[2026-04-03T02:47:58.010+0600][84.652s][info][gc,heap     ] GC(93) Max Capacity: 2000M(100%)
[2026-04-03T02:47:58.010+0600][84.652s][info][gc,heap     ] GC(93) Soft Max Capacity: 2000M(100%)
[2026-04-03T02:47:58.010+0600][84.652s][info][gc,heap     ] GC(93)                Mark Start          Mark End        Relocate Start      Relocate End           High               Low         
[2026-04-03T02:47:58.010+0600][84.652s][info][gc,heap     ] GC(93)  Capacity:     2000M (100%)       2000M (100%)       2000M (100%)       2000M (100%)       2000M (100%)       2000M (100%)   
[2026-04-03T02:47:58.010+0600][84.652s][info][gc,heap     ] GC(93)      Free:      994M (50%)         850M (42%)        1334M (67%)        1644M (82%)        1652M (83%)         826M (41%)    
[2026-04-03T02:47:58.010+0600][84.652s][info][gc,heap     ] GC(93)      Used:     1006M (50%)        1150M (57%)         666M (33%)         356M (18%)        1174M (59%)         348M (17%)    
[2026-04-03T02:47:58.010+0600][84.652s][info][gc,heap     ] GC(93)      Live:         -               105M (5%)          105M (5%)          105M (5%)             -                  -          
[2026-04-03T02:47:58.010+0600][84.652s][info][gc,heap     ] GC(93) Allocated:         -               144M (7%)          186M (9%)          205M (10%)            -                  -          
[2026-04-03T02:47:58.010+0600][84.652s][info][gc,heap     ] GC(93)   Garbage:         -               900M (45%)         374M (19%)          44M (2%)             -                  -          
[2026-04-03T02:47:58.010+0600][84.652s][info][gc,heap     ] GC(93) Reclaimed:         -                  -               526M (26%)         855M (43%)            -                  -          
[2026-04-03T02:47:58.010+0600][84.652s][info][gc          ] GC(93) Garbage Collection (Allocation Rate) 1006M(50%)->356M(18%)
[2026-04-03T02:47:58.463+0600][85.105s][info][gc,start    ] GC(94) Garbage Collection (Allocation Rate)
[2026-04-03T02:47:58.463+0600][85.105s][info][gc,task     ] GC(94) Using 2 workers
[2026-04-03T02:47:58.464+0600][85.105s][info][gc,phases   ] GC(94) Pause Mark Start 0.011ms
[2026-04-03T02:47:58.630+0600][85.272s][info][gc,phases   ] GC(94) Concurrent Mark 166.733ms
[2026-04-03T02:47:58.631+0600][85.272s][info][gc,phases   ] GC(94) Pause Mark End 0.050ms
[2026-04-03T02:47:58.631+0600][85.272s][info][gc,phases   ] GC(94) Concurrent Mark Free 0.003ms
[2026-04-03T02:47:58.664+0600][85.306s][info][gc,phases   ] GC(94) Concurrent Process Non-Strong References 33.220ms
[2026-04-03T02:47:58.664+0600][85.306s][info][gc,phases   ] GC(94) Concurrent Reset Relocation Set 0.022ms
[2026-04-03T02:47:58.668+0600][85.310s][info][gc,phases   ] GC(94) Concurrent Select Relocation Set 3.888ms
[2026-04-03T02:47:58.668+0600][85.310s][info][gc,phases   ] GC(94) Pause Relocate Start 0.016ms
[2026-04-03T02:47:58.672+0600][85.314s][info][gc,phases   ] GC(94) Concurrent Relocate 3.425ms
[2026-04-03T02:47:58.672+0600][85.314s][info][gc,load     ] GC(94) Load: 5.46/5.53/5.59
[2026-04-03T02:47:58.672+0600][85.314s][info][gc,mmu      ] GC(94) MMU: 2ms/92.3%, 5ms/96.9%, 10ms/98.4%, 20ms/99.2%, 50ms/99.7%, 100ms/99.8%
[2026-04-03T02:47:58.672+0600][85.314s][info][gc,marking  ] GC(94) Mark: 2 stripe(s), 9 proactive flush(es), 1 terminate flush(es), 0 completion(s), 0 continuation(s) 
[2026-04-03T02:47:58.672+0600][85.314s][info][gc,marking  ] GC(94) Mark Stack Usage: 32M
[2026-04-03T02:47:58.672+0600][85.314s][info][gc,nmethod  ] GC(94) NMethods: 15489 registered, 2709 unregistered
[2026-04-03T02:47:58.672+0600][85.314s][info][gc,metaspace] GC(94) Metaspace: 128M used, 129M committed, 1152M reserved
[2026-04-03T02:47:58.672+0600][85.314s][info][gc,ref      ] GC(94) Soft: 3405 encountered, 0 discovered, 0 enqueued
[2026-04-03T02:47:58.672+0600][85.314s][info][gc,ref      ] GC(94) Weak: 15846 encountered, 4501 discovered, 26 enqueued
[2026-04-03T02:47:58.672+0600][85.314s][info][gc,ref      ] GC(94) Final: 84 encountered, 0 discovered, 0 enqueued
[2026-04-03T02:47:58.672+0600][85.314s][info][gc,ref      ] GC(94) Phantom: 620 encountered, 517 discovered, 0 enqueued
[2026-04-03T02:47:58.672+0600][85.314s][info][gc,reloc    ] GC(94) Small Pages: 364 / 728M, Empty: 330M, Relocated: 3M, In-Place: 0
[2026-04-03T02:47:58.672+0600][85.314s][info][gc,reloc    ] GC(94) Medium Pages: 6 / 192M, Empty: 160M, Relocated: 0M, In-Place: 0
[2026-04-03T02:47:58.672+0600][85.314s][info][gc,reloc    ] GC(94) Large Pages: 17 / 102M, Empty: 102M, Relocated: 0M, In-Place: 0
[2026-04-03T02:47:58.672+0600][85.314s][info][gc,reloc    ] GC(94) Forwarding Usage: 0M
[2026-04-03T02:47:58.672+0600][85.314s][info][gc,heap     ] GC(94) Min Capacity: 8M(0%)
[2026-04-03T02:47:58.672+0600][85.314s][info][gc,heap     ] GC(94) Max Capacity: 2000M(100%)
[2026-04-03T02:47:58.672+0600][85.314s][info][gc,heap     ] GC(94) Soft Max Capacity: 2000M(100%)
[2026-04-03T02:47:58.672+0600][85.314s][info][gc,heap     ] GC(94)                Mark Start          Mark End        Relocate Start      Relocate End           High               Low         
[2026-04-03T02:47:58.672+0600][85.314s][info][gc,heap     ] GC(94)  Capacity:     2000M (100%)       2000M (100%)       2000M (100%)       2000M (100%)       2000M (100%)       2000M (100%)   
[2026-04-03T02:47:58.672+0600][85.314s][info][gc,heap     ] GC(94)      Free:      978M (49%)         770M (38%)        1294M (65%)        1564M (78%)        1566M (78%)         720M (36%)    
[2026-04-03T02:47:58.672+0600][85.314s][info][gc,heap     ] GC(94)      Used:     1022M (51%)        1230M (62%)         706M (35%)         436M (22%)        1280M (64%)         434M (22%)    
[2026-04-03T02:47:58.672+0600][85.314s][info][gc,heap     ] GC(94)      Live:         -               107M (5%)          107M (5%)          107M (5%)             -                  -          
[2026-04-03T02:47:58.672+0600][85.314s][info][gc,heap     ] GC(94) Allocated:         -               208M (10%)         276M (14%)         283M (14%)            -                  -          
[2026-04-03T02:47:58.672+0600][85.314s][info][gc,heap     ] GC(94)   Garbage:         -               914M (46%)         322M (16%)          44M (2%)             -                  -          
[2026-04-03T02:47:58.673+0600][85.314s][info][gc,heap     ] GC(94) Reclaimed:         -                  -               592M (30%)         869M (43%)            -                  -          
[2026-04-03T02:47:58.673+0600][85.314s][info][gc          ] GC(94) Garbage Collection (Allocation Rate) 1022M(51%)->436M(22%)
[2026-04-03T02:47:59.163+0600][85.804s][info][gc,start    ] GC(95) Garbage Collection (Allocation Rate)
[2026-04-03T02:47:59.163+0600][85.805s][info][gc,task     ] GC(95) Using 3 workers
[2026-04-03T02:47:59.163+0600][85.805s][info][gc,phases   ] GC(95) Pause Mark Start 0.010ms
[2026-04-03T02:47:59.249+0600][85.890s][info][gc,phases   ] GC(95) Concurrent Mark 85.621ms
[2026-04-03T02:47:59.249+0600][85.891s][info][gc,phases   ] GC(95) Pause Mark End 0.031ms
[2026-04-03T02:47:59.249+0600][85.891s][info][gc,phases   ] GC(95) Concurrent Mark Free 0.003ms
[2026-04-03T02:47:59.266+0600][85.908s][info][gc,phases   ] GC(95) Concurrent Process Non-Strong References 16.858ms
[2026-04-03T02:47:59.266+0600][85.908s][info][gc,phases   ] GC(95) Concurrent Reset Relocation Set 0.012ms
[2026-04-03T02:47:59.272+0600][85.913s][info][gc,phases   ] GC(95) Concurrent Select Relocation Set 5.366ms
[2026-04-03T02:47:59.272+0600][85.914s][info][gc,phases   ] GC(95) Pause Relocate Start 0.020ms
[2026-04-03T02:47:59.279+0600][85.920s][info][gc,phases   ] GC(95) Concurrent Relocate 6.647ms
[2026-04-03T02:47:59.279+0600][85.921s][info][gc,load     ] GC(95) Load: 5.46/5.53/5.59
[2026-04-03T02:47:59.279+0600][85.921s][info][gc,mmu      ] GC(95) MMU: 2ms/92.3%, 5ms/96.9%, 10ms/98.4%, 20ms/99.2%, 50ms/99.7%, 100ms/99.8%
[2026-04-03T02:47:59.279+0600][85.921s][info][gc,marking  ] GC(95) Mark: 2 stripe(s), 2 proactive flush(es), 1 terminate flush(es), 0 completion(s), 0 continuation(s) 
[2026-04-03T02:47:59.279+0600][85.921s][info][gc,marking  ] GC(95) Mark Stack Usage: 32M
[2026-04-03T02:47:59.279+0600][85.921s][info][gc,nmethod  ] GC(95) NMethods: 15490 registered, 2721 unregistered
[2026-04-03T02:47:59.279+0600][85.921s][info][gc,metaspace] GC(95) Metaspace: 128M used, 129M committed, 1152M reserved
[2026-04-03T02:47:59.279+0600][85.921s][info][gc,ref      ] GC(95) Soft: 3405 encountered, 0 discovered, 0 enqueued
[2026-04-03T02:47:59.279+0600][85.921s][info][gc,ref      ] GC(95) Weak: 17000 encountered, 9365 discovered, 2487 enqueued
[2026-04-03T02:47:59.279+0600][85.921s][info][gc,ref      ] GC(95) Final: 84 encountered, 4 discovered, 0 enqueued
[2026-04-03T02:47:59.279+0600][85.921s][info][gc,ref      ] GC(95) Phantom: 620 encountered, 391 discovered, 0 enqueued
[2026-04-03T02:47:59.279+0600][85.921s][info][gc,reloc    ] GC(95) Small Pages: 443 / 886M, Empty: 404M, Relocated: 6M, In-Place: 0
[2026-04-03T02:47:59.279+0600][85.921s][info][gc,reloc    ] GC(95) Medium Pages: 4 / 128M, Empty: 96M, Relocated: 0M, In-Place: 0
[2026-04-03T02:47:59.279+0600][85.921s][info][gc,reloc    ] GC(95) Large Pages: 81 / 486M, Empty: 486M, Relocated: 0M, In-Place: 0
[2026-04-03T02:47:59.279+0600][85.921s][info][gc,reloc    ] GC(95) Forwarding Usage: 1M
[2026-04-03T02:47:59.279+0600][85.921s][info][gc,heap     ] GC(95) Min Capacity: 8M(0%)
[2026-04-03T02:47:59.279+0600][85.921s][info][gc,heap     ] GC(95) Max Capacity: 2000M(100%)
[2026-04-03T02:47:59.279+0600][85.921s][info][gc,heap     ] GC(95) Soft Max Capacity: 2000M(100%)
[2026-04-03T02:47:59.279+0600][85.921s][info][gc,heap     ] GC(95)                Mark Start          Mark End        Relocate Start      Relocate End           High               Low         
[2026-04-03T02:47:59.279+0600][85.921s][info][gc,heap     ] GC(95)  Capacity:     2000M (100%)       2000M (100%)       2000M (100%)       2000M (100%)       2000M (100%)       2000M (100%)   
[2026-04-03T02:47:59.279+0600][85.921s][info][gc,heap     ] GC(95)      Free:      500M (25%)          34M (2%)         1002M (50%)        1340M (67%)        1346M (67%)          26M (1%)     
[2026-04-03T02:47:59.279+0600][85.921s][info][gc,heap     ] GC(95)      Used:     1500M (75%)        1966M (98%)         998M (50%)         660M (33%)        1974M (99%)         654M (33%)    
[2026-04-03T02:47:59.279+0600][85.921s][info][gc,heap     ] GC(95)      Live:         -               109M (5%)          109M (5%)          109M (5%)             -                  -          
[2026-04-03T02:47:59.279+0600][85.921s][info][gc,heap     ] GC(95) Allocated:         -               466M (23%)         484M (24%)         505M (25%)            -                  -          
[2026-04-03T02:47:59.279+0600][85.921s][info][gc,heap     ] GC(95)   Garbage:         -              1390M (70%)         404M (20%)          44M (2%)             -                  -          
[2026-04-03T02:47:59.280+0600][85.921s][info][gc,heap     ] GC(95) Reclaimed:         -                  -               986M (49%)        1345M (67%)            -                  -          
[2026-04-03T02:47:59.280+0600][85.921s][info][gc          ] GC(95) Garbage Collection (Allocation Rate) 1500M(75%)->660M(33%)
[2026-04-03T02:47:59.563+0600][86.205s][info][gc,start    ] GC(96) Garbage Collection (Allocation Rate)
[2026-04-03T02:47:59.563+0600][86.205s][info][gc,task     ] GC(96) Using 3 workers
[2026-04-03T02:47:59.564+0600][86.205s][info][gc,phases   ] GC(96) Pause Mark Start 0.009ms
[2026-04-03T02:47:59.644+0600][86.285s][info][gc,phases   ] GC(96) Concurrent Mark 79.762ms
[2026-04-03T02:47:59.644+0600][86.285s][info][gc,phases   ] GC(96) Pause Mark End 0.036ms
[2026-04-03T02:47:59.644+0600][86.286s][info][gc,phases   ] GC(96) Concurrent Mark Free 0.003ms
[2026-04-03T02:47:59.663+0600][86.305s][info][gc,phases   ] GC(96) Concurrent Process Non-Strong References 19.066ms
[2026-04-03T02:47:59.663+0600][86.305s][info][gc,phases   ] GC(96) Concurrent Reset Relocation Set 0.014ms
[2026-04-03T02:47:59.667+0600][86.309s][info][gc,phases   ] GC(96) Concurrent Select Relocation Set 3.709ms
[2026-04-03T02:47:59.668+0600][86.309s][info][gc,phases   ] GC(96) Pause Relocate Start 0.026ms
[2026-04-03T02:47:59.673+0600][86.314s][info][gc,phases   ] GC(96) Concurrent Relocate 4.715ms
[2026-04-03T02:47:59.673+0600][86.314s][info][gc,load     ] GC(96) Load: 5.46/5.53/5.59
[2026-04-03T02:47:59.673+0600][86.314s][info][gc,mmu      ] GC(96) MMU: 2ms/92.3%, 5ms/96.9%, 10ms/98.4%, 20ms/99.2%, 50ms/99.7%, 100ms/99.8%
[2026-04-03T02:47:59.673+0600][86.314s][info][gc,marking  ] GC(96) Mark: 2 stripe(s), 2 proactive flush(es), 1 terminate flush(es), 0 completion(s), 0 continuation(s) 
[2026-04-03T02:47:59.673+0600][86.314s][info][gc,marking  ] GC(96) Mark Stack Usage: 32M
[2026-04-03T02:47:59.673+0600][86.314s][info][gc,nmethod  ] GC(96) NMethods: 15501 registered, 2723 unregistered
[2026-04-03T02:47:59.673+0600][86.314s][info][gc,metaspace] GC(96) Metaspace: 128M used, 129M committed, 1152M reserved
[2026-04-03T02:47:59.673+0600][86.314s][info][gc,ref      ] GC(96) Soft: 3405 encountered, 0 discovered, 0 enqueued
[2026-04-03T02:47:59.673+0600][86.314s][info][gc,ref      ] GC(96) Weak: 14925 encountered, 3512 discovered, 438 enqueued
[2026-04-03T02:47:59.673+0600][86.314s][info][gc,ref      ] GC(96) Final: 84 encountered, 1 discovered, 0 enqueued
[2026-04-03T02:47:59.673+0600][86.314s][info][gc,ref      ] GC(96) Phantom: 620 encountered, 487 discovered, 0 enqueued
[2026-04-03T02:47:59.673+0600][86.314s][info][gc,reloc    ] GC(96) Small Pages: 211 / 422M, Empty: 40M, Relocated: 6M, In-Place: 0
[2026-04-03T02:47:59.673+0600][86.314s][info][gc,reloc    ] GC(96) Medium Pages: 3 / 96M, Empty: 64M, Relocated: 0M, In-Place: 0
[2026-04-03T02:47:59.673+0600][86.314s][info][gc,reloc    ] GC(96) Large Pages: 71 / 426M, Empty: 426M, Relocated: 0M, In-Place: 0
[2026-04-03T02:47:59.673+0600][86.314s][info][gc,reloc    ] GC(96) Forwarding Usage: 2M
[2026-04-03T02:47:59.673+0600][86.314s][info][gc,heap     ] GC(96) Min Capacity: 8M(0%)
[2026-04-03T02:47:59.673+0600][86.314s][info][gc,heap     ] GC(96) Max Capacity: 2000M(100%)
[2026-04-03T02:47:59.673+0600][86.314s][info][gc,heap     ] GC(96) Soft Max Capacity: 2000M(100%)
[2026-04-03T02:47:59.673+0600][86.314s][info][gc,heap     ] GC(96)                Mark Start          Mark End        Relocate Start      Relocate End           High               Low         
[2026-04-03T02:47:59.673+0600][86.314s][info][gc,heap     ] GC(96)  Capacity:     2000M (100%)       2000M (100%)       2000M (100%)       2000M (100%)       2000M (100%)       2000M (100%)   
[2026-04-03T02:47:59.673+0600][86.314s][info][gc,heap     ] GC(96)      Free:     1056M (53%)        1012M (51%)        1514M (76%)        1774M (89%)        1776M (89%)        1004M (50%)    
[2026-04-03T02:47:59.673+0600][86.314s][info][gc,heap     ] GC(96)      Used:      944M (47%)         988M (49%)         486M (24%)         226M (11%)         996M (50%)         224M (11%)    
[2026-04-03T02:47:59.673+0600][86.314s][info][gc,heap     ] GC(96)      Live:         -               105M (5%)          105M (5%)          105M (5%)             -                  -          
[2026-04-03T02:47:59.673+0600][86.314s][info][gc,heap     ] GC(96) Allocated:         -                44M (2%)           72M (4%)           75M (4%)             -                  -          
[2026-04-03T02:47:59.673+0600][86.314s][info][gc,heap     ] GC(96)   Garbage:         -               838M (42%)         308M (15%)          44M (2%)             -                  -          
[2026-04-03T02:47:59.673+0600][86.315s][info][gc,heap     ] GC(96) Reclaimed:         -                  -               530M (26%)         793M (40%)            -                  -          
[2026-04-03T02:47:59.673+0600][86.315s][info][gc          ] GC(96) Garbage Collection (Allocation Rate) 944M(47%)->226M(11%)
[2026-04-03T02:48:00.263+0600][86.905s][info][gc,start    ] GC(97) Garbage Collection (Allocation Rate)
[2026-04-03T02:48:00.263+0600][86.905s][info][gc,task     ] GC(97) Using 2 workers
[2026-04-03T02:48:00.263+0600][86.905s][info][gc,phases   ] GC(97) Pause Mark Start 0.010ms
[2026-04-03T02:48:00.431+0600][87.072s][info][gc,phases   ] GC(97) Concurrent Mark 167.447ms
[2026-04-03T02:48:00.431+0600][87.073s][info][gc,phases   ] GC(97) Pause Mark End 0.026ms
[2026-04-03T02:48:00.431+0600][87.073s][info][gc,phases   ] GC(97) Concurrent Mark Free 0.002ms
[2026-04-03T02:48:00.452+0600][87.093s][info][gc,phases   ] GC(97) Concurrent Process Non-Strong References 20.464ms
[2026-04-03T02:48:00.452+0600][87.093s][info][gc,phases   ] GC(97) Concurrent Reset Relocation Set 0.009ms
[2026-04-03T02:48:00.455+0600][87.096s][info][gc,phases   ] GC(97) Concurrent Select Relocation Set 2.964ms
[2026-04-03T02:48:00.455+0600][87.097s][info][gc,phases   ] GC(97) Pause Relocate Start 0.012ms
[2026-04-03T02:48:00.462+0600][87.103s][info][gc,phases   ] GC(97) Concurrent Relocate 6.442ms
[2026-04-03T02:48:00.462+0600][87.103s][info][gc,load     ] GC(97) Load: 5.10/5.45/5.57
[2026-04-03T02:48:00.462+0600][87.103s][info][gc,mmu      ] GC(97) MMU: 2ms/92.3%, 5ms/96.9%, 10ms/98.4%, 20ms/99.2%, 50ms/99.7%, 100ms/99.8%
[2026-04-03T02:48:00.462+0600][87.103s][info][gc,marking  ] GC(97) Mark: 2 stripe(s), 3 proactive flush(es), 1 terminate flush(es), 0 completion(s), 0 continuation(s) 
[2026-04-03T02:48:00.462+0600][87.103s][info][gc,marking  ] GC(97) Mark Stack Usage: 32M
[2026-04-03T02:48:00.462+0600][87.103s][info][gc,nmethod  ] GC(97) NMethods: 15502 registered, 2729 unregistered
[2026-04-03T02:48:00.462+0600][87.103s][info][gc,metaspace] GC(97) Metaspace: 128M used, 129M committed, 1152M reserved
[2026-04-03T02:48:00.462+0600][87.103s][info][gc,ref      ] GC(97) Soft: 3413 encountered, 0 discovered, 0 enqueued
[2026-04-03T02:48:00.462+0600][87.103s][info][gc,ref      ] GC(97) Weak: 15923 encountered, 4010 discovered, 32 enqueued
[2026-04-03T02:48:00.462+0600][87.103s][info][gc,ref      ] GC(97) Final: 84 encountered, 0 discovered, 0 enqueued
[2026-04-03T02:48:00.462+0600][87.103s][info][gc,ref      ] GC(97) Phantom: 620 encountered, 389 discovered, 0 enqueued
[2026-04-03T02:48:00.462+0600][87.103s][info][gc,reloc    ] GC(97) Small Pages: 418 / 836M, Empty: 376M, Relocated: 8M, In-Place: 0
[2026-04-03T02:48:00.462+0600][87.103s][info][gc,reloc    ] GC(97) Medium Pages: 6 / 192M, Empty: 160M, Relocated: 0M, In-Place: 0
[2026-04-03T02:48:00.462+0600][87.103s][info][gc,reloc    ] GC(97) Large Pages: 19 / 114M, Empty: 114M, Relocated: 0M, In-Place: 0
[2026-04-03T02:48:00.462+0600][87.103s][info][gc,reloc    ] GC(97) Forwarding Usage: 2M
[2026-04-03T02:48:00.462+0600][87.103s][info][gc,heap     ] GC(97) Min Capacity: 8M(0%)
[2026-04-03T02:48:00.462+0600][87.103s][info][gc,heap     ] GC(97) Max Capacity: 2000M(100%)
[2026-04-03T02:48:00.462+0600][87.103s][info][gc,heap     ] GC(97) Soft Max Capacity: 2000M(100%)
[2026-04-03T02:48:00.462+0600][87.103s][info][gc,heap     ] GC(97)                Mark Start          Mark End        Relocate Start      Relocate End           High               Low         
[2026-04-03T02:48:00.462+0600][87.103s][info][gc,heap     ] GC(97)  Capacity:     2000M (100%)       2000M (100%)       2000M (100%)       2000M (100%)       2000M (100%)       2000M (100%)   
[2026-04-03T02:48:00.462+0600][87.103s][info][gc,heap     ] GC(97)      Free:      858M (43%)         636M (32%)        1274M (64%)        1602M (80%)        1608M (80%)         626M (31%)    
[2026-04-03T02:48:00.462+0600][87.103s][info][gc,heap     ] GC(97)      Used:     1142M (57%)        1364M (68%)         726M (36%)         398M (20%)        1374M (69%)         392M (20%)    
[2026-04-03T02:48:00.462+0600][87.103s][info][gc,heap     ] GC(97)      Live:         -               108M (5%)          108M (5%)          108M (5%)             -                  -          
[2026-04-03T02:48:00.462+0600][87.104s][info][gc,heap     ] GC(97) Allocated:         -               222M (11%)         234M (12%)         245M (12%)            -                  -          
[2026-04-03T02:48:00.462+0600][87.104s][info][gc,heap     ] GC(97)   Garbage:         -              1033M (52%)         383M (19%)          43M (2%)             -                  -          
[2026-04-03T02:48:00.462+0600][87.104s][info][gc,heap     ] GC(97) Reclaimed:         -                  -               650M (32%)         989M (49%)            -                  -          
[2026-04-03T02:48:00.462+0600][87.104s][info][gc          ] GC(97) Garbage Collection (Allocation Rate) 1142M(57%)->398M(20%)
[2026-04-03T02:48:00.963+0600][87.604s][info][gc,start    ] GC(98) Garbage Collection (Allocation Rate)
[2026-04-03T02:48:00.963+0600][87.605s][info][gc,task     ] GC(98) Using 2 workers
[2026-04-03T02:48:00.963+0600][87.605s][info][gc,phases   ] GC(98) Pause Mark Start 0.018ms
[2026-04-03T02:48:01.128+0600][87.770s][info][gc,phases   ] GC(98) Concurrent Mark 165.007ms
[2026-04-03T02:48:01.129+0600][87.770s][info][gc,phases   ] GC(98) Pause Mark End 0.024ms
[2026-04-03T02:48:01.129+0600][87.770s][info][gc,phases   ] GC(98) Concurrent Mark Free 0.002ms
[2026-04-03T02:48:01.150+0600][87.792s][info][gc,phases   ] GC(98) Concurrent Process Non-Strong References 21.514ms
[2026-04-03T02:48:01.150+0600][87.792s][info][gc,phases   ] GC(98) Concurrent Reset Relocation Set 0.014ms
[2026-04-03T02:48:01.156+0600][87.797s][info][gc,phases   ] GC(98) Concurrent Select Relocation Set 5.152ms
[2026-04-03T02:48:01.156+0600][87.797s][info][gc,phases   ] GC(98) Pause Relocate Start 0.016ms
[2026-04-03T02:48:01.168+0600][87.809s][info][gc,phases   ] GC(98) Concurrent Relocate 11.705ms
[2026-04-03T02:48:01.168+0600][87.809s][info][gc,load     ] GC(98) Load: 5.10/5.45/5.57
[2026-04-03T02:48:01.168+0600][87.809s][info][gc,mmu      ] GC(98) MMU: 2ms/92.3%, 5ms/96.9%, 10ms/98.4%, 20ms/99.2%, 50ms/99.7%, 100ms/99.8%
[2026-04-03T02:48:01.168+0600][87.809s][info][gc,marking  ] GC(98) Mark: 2 stripe(s), 2 proactive flush(es), 1 terminate flush(es), 0 completion(s), 0 continuation(s) 
[2026-04-03T02:48:01.168+0600][87.809s][info][gc,marking  ] GC(98) Mark Stack Usage: 32M
[2026-04-03T02:48:01.168+0600][87.809s][info][gc,nmethod  ] GC(98) NMethods: 15502 registered, 2732 unregistered
[2026-04-03T02:48:01.168+0600][87.809s][info][gc,metaspace] GC(98) Metaspace: 128M used, 129M committed, 1152M reserved
[2026-04-03T02:48:01.168+0600][87.809s][info][gc,ref      ] GC(98) Soft: 3413 encountered, 0 discovered, 0 enqueued
[2026-04-03T02:48:01.168+0600][87.809s][info][gc,ref      ] GC(98) Weak: 16988 encountered, 7638 discovered, 2194 enqueued
[2026-04-03T02:48:01.168+0600][87.809s][info][gc,ref      ] GC(98) Final: 84 encountered, 80 discovered, 0 enqueued
[2026-04-03T02:48:01.168+0600][87.810s][info][gc,ref      ] GC(98) Phantom: 620 encountered, 343 discovered, 0 enqueued
[2026-04-03T02:48:01.168+0600][87.810s][info][gc,reloc    ] GC(98) Small Pages: 494 / 988M, Empty: 486M, Relocated: 10M, In-Place: 0
[2026-04-03T02:48:01.168+0600][87.810s][info][gc,reloc    ] GC(98) Medium Pages: 4 / 128M, Empty: 96M, Relocated: 0M, In-Place: 0
[2026-04-03T02:48:01.168+0600][87.810s][info][gc,reloc    ] GC(98) Large Pages: 15 / 90M, Empty: 90M, Relocated: 0M, In-Place: 0
[2026-04-03T02:48:01.168+0600][87.810s][info][gc,reloc    ] GC(98) Forwarding Usage: 3M
[2026-04-03T02:48:01.168+0600][87.810s][info][gc,heap     ] GC(98) Min Capacity: 8M(0%)
[2026-04-03T02:48:01.168+0600][87.810s][info][gc,heap     ] GC(98) Max Capacity: 2000M(100%)
[2026-04-03T02:48:01.168+0600][87.810s][info][gc,heap     ] GC(98) Soft Max Capacity: 2000M(100%)
[2026-04-03T02:48:01.168+0600][87.810s][info][gc,heap     ] GC(98)                Mark Start          Mark End        Relocate Start      Relocate End           High               Low         
[2026-04-03T02:48:01.168+0600][87.810s][info][gc,heap     ] GC(98)  Capacity:     2000M (100%)       2000M (100%)       2000M (100%)       2000M (100%)       2000M (100%)       2000M (100%)   
[2026-04-03T02:48:01.168+0600][87.810s][info][gc,heap     ] GC(98)      Free:      794M (40%)         572M (29%)        1214M (61%)        1564M (78%)        1578M (79%)         556M (28%)    
[2026-04-03T02:48:01.168+0600][87.810s][info][gc,heap     ] GC(98)      Used:     1206M (60%)        1428M (71%)         786M (39%)         436M (22%)        1444M (72%)         422M (21%)    
[2026-04-03T02:48:01.168+0600][87.810s][info][gc,heap     ] GC(98)      Live:         -               109M (5%)          109M (5%)          109M (5%)             -                  -          
[2026-04-03T02:48:01.168+0600][87.810s][info][gc,heap     ] GC(98) Allocated:         -               222M (11%)         252M (13%)         285M (14%)            -                  -          
[2026-04-03T02:48:01.168+0600][87.810s][info][gc,heap     ] GC(98)   Garbage:         -              1096M (55%)         424M (21%)          40M (2%)             -                  -          
[2026-04-03T02:48:01.168+0600][87.810s][info][gc,heap     ] GC(98) Reclaimed:         -                  -               672M (34%)        1055M (53%)            -                  -          
[2026-04-03T02:48:01.168+0600][87.810s][info][gc          ] GC(98) Garbage Collection (Allocation Rate) 1206M(60%)->436M(22%)
[2026-04-03T02:48:01.990+0600][88.632s][info][gc,heap,exit] Heap
[2026-04-03T02:48:01.990+0600][88.632s][info][gc,heap,exit]  ZHeap           used 672M, capacity 2000M, max capacity 2000M
[2026-04-03T02:48:01.990+0600][88.632s][info][gc,heap,exit]  Metaspace       used 132234K, committed 133440K, reserved 1179648K
[2026-04-03T02:48:01.990+0600][88.632s][info][gc,heap,exit]   class space    used 16666K, committed 17280K, reserved 1048576K
