[2026-04-03T01:12:03.729+0600][0.005s][info][gc,init] CardTable entry size: 512
[2026-04-03T01:12:03.729+0600][0.005s][info][gc     ] Using G1
[2026-04-03T01:12:03.732+0600][0.008s][info][gc,init] Version: 21.0.10+7-Ubuntu-124.04 (release)
[2026-04-03T01:12:03.732+0600][0.008s][info][gc,init] CPUs: 12 total, 12 available
[2026-04-03T01:12:03.732+0600][0.008s][info][gc,init] Memory: 15683M
[2026-04-03T01:12:03.732+0600][0.008s][info][gc,init] Large Page Support: Disabled
[2026-04-03T01:12:03.732+0600][0.008s][info][gc,init] NUMA Support: Disabled
[2026-04-03T01:12:03.732+0600][0.008s][info][gc,init] Compressed Oops: Enabled (Zero based)
[2026-04-03T01:12:03.732+0600][0.008s][info][gc,init] Heap Region Size: 2M
[2026-04-03T01:12:03.732+0600][0.008s][info][gc,init] Heap Min Capacity: 8M
[2026-04-03T01:12:03.732+0600][0.008s][info][gc,init] Heap Initial Capacity: 246M
[2026-04-03T01:12:03.732+0600][0.008s][info][gc,init] Heap Max Capacity: 3922M
[2026-04-03T01:12:03.732+0600][0.008s][info][gc,init] Pre-touch: Disabled
[2026-04-03T01:12:03.732+0600][0.009s][info][gc,init] Parallel Workers: 10
[2026-04-03T01:12:03.732+0600][0.009s][info][gc,init] Concurrent Workers: 3
[2026-04-03T01:12:03.732+0600][0.009s][info][gc,init] Concurrent Refinement Workers: 10
[2026-04-03T01:12:03.732+0600][0.009s][info][gc,init] Periodic GC: Disabled
[2026-04-03T01:12:03.743+0600][0.019s][info][gc,metaspace] CDS archive(s) mapped at: [0x00007194fb000000-0x00007194fbc9c000-0x00007194fbc9c000), size 13221888, SharedBaseAddress: 0x00007194fb000000, ArchiveRelocationMode: 1.
[2026-04-03T01:12:03.743+0600][0.019s][info][gc,metaspace] Compressed class space mapped at: 0x00007194fc000000-0x000071953c000000, reserved size: 1073741824
[2026-04-03T01:12:03.743+0600][0.019s][info][gc,metaspace] Narrow klass base: 0x00007194fb000000, Narrow klass shift: 0, Narrow klass range: 0x100000000
[2026-04-03T01:12:04.135+0600][0.411s][info][gc,start    ] GC(0) Pause Full (System.gc())
[2026-04-03T01:12:04.135+0600][0.411s][info][gc,task     ] GC(0) Using 5 workers of 10 for full compaction
[2026-04-03T01:12:04.136+0600][0.412s][info][gc,phases,start] GC(0) Phase 1: Mark live objects
[2026-04-03T01:12:04.138+0600][0.414s][info][gc,phases      ] GC(0) Phase 1: Mark live objects 2.375ms
[2026-04-03T01:12:04.138+0600][0.414s][info][gc,phases,start] GC(0) Phase 2: Prepare compaction
[2026-04-03T01:12:04.139+0600][0.415s][info][gc,phases      ] GC(0) Phase 2: Prepare compaction 1.095ms
[2026-04-03T01:12:04.139+0600][0.415s][info][gc,phases,start] GC(0) Phase 3: Adjust pointers
[2026-04-03T01:12:04.140+0600][0.416s][info][gc,phases      ] GC(0) Phase 3: Adjust pointers 1.062ms
[2026-04-03T01:12:04.140+0600][0.416s][info][gc,phases,start] GC(0) Phase 4: Compact heap
[2026-04-03T01:12:04.143+0600][0.419s][info][gc,phases      ] GC(0) Phase 4: Compact heap 2.644ms
[2026-04-03T01:12:04.143+0600][0.419s][info][gc,phases,start] GC(0) Phase 5: Reset Metadata
[2026-04-03T01:12:04.143+0600][0.419s][info][gc,phases      ] GC(0) Phase 5: Reset Metadata 0.215ms
[2026-04-03T01:12:04.145+0600][0.421s][info][gc,heap        ] GC(0) Eden regions: 6->0(1)
[2026-04-03T01:12:04.145+0600][0.421s][info][gc,heap        ] GC(0) Survivor regions: 0->0(0)
[2026-04-03T01:12:04.145+0600][0.421s][info][gc,heap        ] GC(0) Old regions: 1->5
[2026-04-03T01:12:04.145+0600][0.421s][info][gc,heap        ] GC(0) Humongous regions: 0->0
[2026-04-03T01:12:04.145+0600][0.421s][info][gc,metaspace   ] GC(0) Metaspace: 2512K(2688K)->2512K(2688K) NonClass: 2257K(2304K)->2257K(2304K) Class: 254K(384K)->254K(384K)
[2026-04-03T01:12:04.145+0600][0.421s][info][gc             ] GC(0) Pause Full (System.gc()) 11M->3M(34M) 10.782ms
[2026-04-03T01:12:04.145+0600][0.421s][info][gc,cpu         ] GC(0) User=0.02s Sys=0.01s Real=0.01s
[2026-04-03T01:12:04.206+0600][0.482s][info][gc,start       ] GC(1) Pause Young (Normal) (G1 Evacuation Pause)
[2026-04-03T01:12:04.206+0600][0.482s][info][gc,task        ] GC(1) Using 3 workers of 10 for evacuation
[2026-04-03T01:12:04.208+0600][0.484s][info][gc,phases      ] GC(1)   Pre Evacuate Collection Set: 0.33ms
[2026-04-03T01:12:04.209+0600][0.485s][info][gc,phases      ] GC(1)   Merge Heap Roots: 0.20ms
[2026-04-03T01:12:04.209+0600][0.485s][info][gc,phases      ] GC(1)   Evacuate Collection Set: 0.87ms
[2026-04-03T01:12:04.209+0600][0.485s][info][gc,phases      ] GC(1)   Post Evacuate Collection Set: 0.18ms
[2026-04-03T01:12:04.209+0600][0.485s][info][gc,phases      ] GC(1)   Other: 0.05ms
[2026-04-03T01:12:04.209+0600][0.485s][info][gc,heap        ] GC(1) Eden regions: 1->0(1)
[2026-04-03T01:12:04.209+0600][0.485s][info][gc,heap        ] GC(1) Survivor regions: 0->1(1)
[2026-04-03T01:12:04.209+0600][0.485s][info][gc,heap        ] GC(1) Old regions: 5->5
[2026-04-03T01:12:04.209+0600][0.485s][info][gc,heap        ] GC(1) Humongous regions: 0->0
[2026-04-03T01:12:04.209+0600][0.485s][info][gc,metaspace   ] GC(1) Metaspace: 3289K(3392K)->3289K(3392K) NonClass: 2952K(3008K)->2952K(3008K) Class: 337K(384K)->337K(384K)
[2026-04-03T01:12:04.209+0600][0.485s][info][gc             ] GC(1) Pause Young (Normal) (G1 Evacuation Pause) 5M->4M(34M) 3.135ms
[2026-04-03T01:12:04.209+0600][0.485s][info][gc,cpu         ] GC(1) User=0.01s Sys=0.00s Real=0.00s
[2026-04-03T01:12:04.265+0600][0.541s][info][gc,start       ] GC(2) Pause Young (Normal) (G1 Evacuation Pause)
[2026-04-03T01:12:04.265+0600][0.541s][info][gc,task        ] GC(2) Using 2 workers of 10 for evacuation
[2026-04-03T01:12:04.267+0600][0.543s][info][gc,phases      ] GC(2)   Pre Evacuate Collection Set: 0.21ms
[2026-04-03T01:12:04.267+0600][0.544s][info][gc,phases      ] GC(2)   Merge Heap Roots: 0.06ms
[2026-04-03T01:12:04.267+0600][0.544s][info][gc,phases      ] GC(2)   Evacuate Collection Set: 1.55ms
[2026-04-03T01:12:04.267+0600][0.544s][info][gc,phases      ] GC(2)   Post Evacuate Collection Set: 0.31ms
[2026-04-03T01:12:04.267+0600][0.544s][info][gc,phases      ] GC(2)   Other: 0.06ms
[2026-04-03T01:12:04.268+0600][0.544s][info][gc,heap        ] GC(2) Eden regions: 1->0(4)
[2026-04-03T01:12:04.268+0600][0.544s][info][gc,heap        ] GC(2) Survivor regions: 1->1(1)
[2026-04-03T01:12:04.268+0600][0.544s][info][gc,heap        ] GC(2) Old regions: 5->5
[2026-04-03T01:12:04.268+0600][0.544s][info][gc,heap        ] GC(2) Humongous regions: 0->0
[2026-04-03T01:12:04.268+0600][0.544s][info][gc,metaspace   ] GC(2) Metaspace: 4269K(4416K)->4269K(4416K) NonClass: 3800K(3904K)->3800K(3904K) Class: 468K(512K)->468K(512K)
[2026-04-03T01:12:04.268+0600][0.544s][info][gc             ] GC(2) Pause Young (Normal) (G1 Evacuation Pause) 6M->4M(34M) 2.365ms
[2026-04-03T01:12:04.268+0600][0.544s][info][gc,cpu         ] GC(2) User=0.01s Sys=0.00s Real=0.00s
[2026-04-03T01:12:04.487+0600][0.763s][info][gc,start       ] GC(3) Pause Young (Normal) (G1 Evacuation Pause)
[2026-04-03T01:12:04.487+0600][0.763s][info][gc,task        ] GC(3) Using 2 workers of 10 for evacuation
[2026-04-03T01:12:04.490+0600][0.766s][info][gc,phases      ] GC(3)   Pre Evacuate Collection Set: 0.19ms
[2026-04-03T01:12:04.490+0600][0.766s][info][gc,phases      ] GC(3)   Merge Heap Roots: 0.06ms
[2026-04-03T01:12:04.490+0600][0.766s][info][gc,phases      ] GC(3)   Evacuate Collection Set: 1.88ms
[2026-04-03T01:12:04.490+0600][0.766s][info][gc,phases      ] GC(3)   Post Evacuate Collection Set: 0.32ms
[2026-04-03T01:12:04.490+0600][0.766s][info][gc,phases      ] GC(3)   Other: 0.06ms
[2026-04-03T01:12:04.490+0600][0.766s][info][gc,heap        ] GC(3) Eden regions: 4->0(7)
[2026-04-03T01:12:04.490+0600][0.766s][info][gc,heap        ] GC(3) Survivor regions: 1->1(1)
[2026-04-03T01:12:04.490+0600][0.766s][info][gc,heap        ] GC(3) Old regions: 5->5
[2026-04-03T01:12:04.490+0600][0.766s][info][gc,heap        ] GC(3) Humongous regions: 0->0
[2026-04-03T01:12:04.490+0600][0.766s][info][gc,metaspace   ] GC(3) Metaspace: 7617K(7872K)->7617K(7872K) NonClass: 6651K(6784K)->6651K(6784K) Class: 966K(1088K)->966K(1088K)
[2026-04-03T01:12:04.490+0600][0.766s][info][gc             ] GC(3) Pause Young (Normal) (G1 Evacuation Pause) 12M->4M(34M) 2.665ms
[2026-04-03T01:12:04.490+0600][0.766s][info][gc,cpu         ] GC(3) User=0.01s Sys=0.00s Real=0.01s
[2026-04-03T01:12:04.821+0600][1.097s][info][gc,start       ] GC(4) Pause Young (Normal) (G1 Evacuation Pause)
[2026-04-03T01:12:04.821+0600][1.097s][info][gc,task        ] GC(4) Using 2 workers of 10 for evacuation
[2026-04-03T01:12:04.829+0600][1.105s][info][gc,phases      ] GC(4)   Pre Evacuate Collection Set: 0.37ms
[2026-04-03T01:12:04.829+0600][1.105s][info][gc,phases      ] GC(4)   Merge Heap Roots: 0.09ms
[2026-04-03T01:12:04.829+0600][1.105s][info][gc,phases      ] GC(4)   Evacuate Collection Set: 5.88ms
[2026-04-03T01:12:04.829+0600][1.105s][info][gc,phases      ] GC(4)   Post Evacuate Collection Set: 1.44ms
[2026-04-03T01:12:04.829+0600][1.105s][info][gc,phases      ] GC(4)   Other: 0.06ms
[2026-04-03T01:12:04.829+0600][1.105s][info][gc,heap        ] GC(4) Eden regions: 7->0(41)
[2026-04-03T01:12:04.829+0600][1.105s][info][gc,heap        ] GC(4) Survivor regions: 1->1(1)
[2026-04-03T01:12:04.829+0600][1.105s][info][gc,heap        ] GC(4) Old regions: 5->6
[2026-04-03T01:12:04.829+0600][1.105s][info][gc,heap        ] GC(4) Humongous regions: 0->0
[2026-04-03T01:12:04.829+0600][1.105s][info][gc,metaspace   ] GC(4) Metaspace: 12690K(12928K)->12690K(12928K) NonClass: 11109K(11264K)->11109K(11264K) Class: 1581K(1664K)->1581K(1664K)
[2026-04-03T01:12:04.829+0600][1.105s][info][gc             ] GC(4) Pause Young (Normal) (G1 Evacuation Pause) 18M->6M(140M) 8.017ms
[2026-04-03T01:12:04.829+0600][1.105s][info][gc,cpu         ] GC(4) User=0.01s Sys=0.01s Real=0.00s
[2026-04-03T01:12:06.035+0600][2.311s][info][gc,start       ] GC(5) Pause Young (Concurrent Start) (Metadata GC Threshold)
[2026-04-03T01:12:06.035+0600][2.311s][info][gc,task        ] GC(5) Using 3 workers of 10 for evacuation
[2026-04-03T01:12:06.046+0600][2.322s][info][gc,phases      ] GC(5)   Pre Evacuate Collection Set: 0.35ms
[2026-04-03T01:12:06.046+0600][2.322s][info][gc,phases      ] GC(5)   Merge Heap Roots: 0.16ms
[2026-04-03T01:12:06.046+0600][2.322s][info][gc,phases      ] GC(5)   Evacuate Collection Set: 7.41ms
[2026-04-03T01:12:06.046+0600][2.322s][info][gc,phases      ] GC(5)   Post Evacuate Collection Set: 2.48ms
[2026-04-03T01:12:06.046+0600][2.322s][info][gc,phases      ] GC(5)   Other: 0.18ms
[2026-04-03T01:12:06.046+0600][2.322s][info][gc,heap        ] GC(5) Eden regions: 25->0(20)
[2026-04-03T01:12:06.046+0600][2.322s][info][gc,heap        ] GC(5) Survivor regions: 1->4(6)
[2026-04-03T01:12:06.046+0600][2.322s][info][gc,heap        ] GC(5) Old regions: 6->6
[2026-04-03T01:12:06.046+0600][2.322s][info][gc,heap        ] GC(5) Humongous regions: 0->0
[2026-04-03T01:12:06.046+0600][2.322s][info][gc,metaspace   ] GC(5) Metaspace: 21328K(21504K)->21328K(21504K) NonClass: 18865K(18944K)->18865K(18944K) Class: 2463K(2560K)->2463K(2560K)
[2026-04-03T01:12:06.046+0600][2.322s][info][gc             ] GC(5) Pause Young (Concurrent Start) (Metadata GC Threshold) 56M->11M(140M) 10.835ms
[2026-04-03T01:12:06.046+0600][2.322s][info][gc,cpu         ] GC(5) User=0.03s Sys=0.01s Real=0.01s
[2026-04-03T01:12:06.046+0600][2.322s][info][gc             ] GC(6) Concurrent Mark Cycle
[2026-04-03T01:12:06.046+0600][2.322s][info][gc,marking     ] GC(6) Concurrent Scan Root Regions
[2026-04-03T01:12:06.050+0600][2.326s][info][gc,marking     ] GC(6) Concurrent Scan Root Regions 3.827ms
[2026-04-03T01:12:06.050+0600][2.326s][info][gc,marking     ] GC(6) Concurrent Mark
[2026-04-03T01:12:06.050+0600][2.326s][info][gc,marking     ] GC(6) Concurrent Mark From Roots
[2026-04-03T01:12:06.050+0600][2.326s][info][gc,task        ] GC(6) Using 3 workers of 3 for marking
[2026-04-03T01:12:06.055+0600][2.331s][info][gc,marking     ] GC(6) Concurrent Mark From Roots 5.270ms
[2026-04-03T01:12:06.055+0600][2.331s][info][gc,marking     ] GC(6) Concurrent Preclean
[2026-04-03T01:12:06.055+0600][2.331s][info][gc,marking     ] GC(6) Concurrent Preclean 0.030ms
[2026-04-03T01:12:06.056+0600][2.332s][info][gc,start       ] GC(6) Pause Remark
[2026-04-03T01:12:06.060+0600][2.336s][info][gc             ] GC(6) Pause Remark 13M->13M(68M) 4.811ms
[2026-04-03T01:12:06.060+0600][2.336s][info][gc,cpu         ] GC(6) User=0.01s Sys=0.00s Real=0.01s
[2026-04-03T01:12:06.061+0600][2.337s][info][gc,marking     ] GC(6) Concurrent Mark 10.581ms
[2026-04-03T01:12:06.061+0600][2.337s][info][gc,marking     ] GC(6) Concurrent Rebuild Remembered Sets and Scrub Regions
[2026-04-03T01:12:06.063+0600][2.339s][info][gc,marking     ] GC(6) Concurrent Rebuild Remembered Sets and Scrub Regions 2.313ms
[2026-04-03T01:12:06.064+0600][2.340s][info][gc,start       ] GC(6) Pause Cleanup
[2026-04-03T01:12:06.064+0600][2.340s][info][gc             ] GC(6) Pause Cleanup 13M->13M(68M) 0.143ms
[2026-04-03T01:12:06.064+0600][2.340s][info][gc,cpu         ] GC(6) User=0.00s Sys=0.00s Real=0.00s
[2026-04-03T01:12:06.064+0600][2.340s][info][gc,marking     ] GC(6) Concurrent Clear Claimed Marks
[2026-04-03T01:12:06.064+0600][2.340s][info][gc,marking     ] GC(6) Concurrent Clear Claimed Marks 0.063ms
[2026-04-03T01:12:06.064+0600][2.340s][info][gc,marking     ] GC(6) Concurrent Cleanup for Next Mark
[2026-04-03T01:12:06.064+0600][2.340s][info][gc,marking     ] GC(6) Concurrent Cleanup for Next Mark 0.481ms
[2026-04-03T01:12:06.064+0600][2.340s][info][gc             ] GC(6) Concurrent Mark Cycle 18.216ms
[2026-04-03T01:12:06.702+0600][2.978s][info][gc,start       ] GC(7) Pause Young (Prepare Mixed) (G1 Evacuation Pause)
[2026-04-03T01:12:06.702+0600][2.978s][info][gc,task        ] GC(7) Using 2 workers of 10 for evacuation
[2026-04-03T01:12:06.717+0600][2.993s][info][gc,phases      ] GC(7)   Pre Evacuate Collection Set: 0.33ms
[2026-04-03T01:12:06.717+0600][2.993s][info][gc,phases      ] GC(7)   Merge Heap Roots: 0.13ms
[2026-04-03T01:12:06.717+0600][2.993s][info][gc,phases      ] GC(7)   Evacuate Collection Set: 12.44ms
[2026-04-03T01:12:06.717+0600][2.993s][info][gc,phases      ] GC(7)   Post Evacuate Collection Set: 2.31ms
[2026-04-03T01:12:06.717+0600][2.993s][info][gc,phases      ] GC(7)   Other: 0.13ms
[2026-04-03T01:12:06.717+0600][2.993s][info][gc,heap        ] GC(7) Eden regions: 20->0(18)
[2026-04-03T01:12:06.717+0600][2.993s][info][gc,heap        ] GC(7) Survivor regions: 4->1(3)
[2026-04-03T01:12:06.717+0600][2.993s][info][gc,heap        ] GC(7) Old regions: 6->9
[2026-04-03T01:12:06.717+0600][2.993s][info][gc,heap        ] GC(7) Humongous regions: 0->0
[2026-04-03T01:12:06.717+0600][2.993s][info][gc,metaspace   ] GC(7) Metaspace: 22658K(22912K)->22658K(22912K) NonClass: 20075K(20224K)->20075K(20224K) Class: 2582K(2688K)->2582K(2688K)
[2026-04-03T01:12:06.717+0600][2.993s][info][gc             ] GC(7) Pause Young (Prepare Mixed) (G1 Evacuation Pause) 51M->11M(68M) 15.624ms
[2026-04-03T01:12:06.717+0600][2.993s][info][gc,cpu         ] GC(7) User=0.04s Sys=0.00s Real=0.01s
[2026-04-03T01:12:07.316+0600][3.592s][info][gc,start       ] GC(8) Pause Young (Mixed) (G1 Evacuation Pause)
[2026-04-03T01:12:07.317+0600][3.593s][info][gc,task        ] GC(8) Using 2 workers of 10 for evacuation
[2026-04-03T01:12:07.326+0600][3.603s][info][gc,phases      ] GC(8)   Pre Evacuate Collection Set: 0.36ms
[2026-04-03T01:12:07.326+0600][3.603s][info][gc,phases      ] GC(8)   Merge Heap Roots: 0.17ms
[2026-04-03T01:12:07.327+0600][3.603s][info][gc,phases      ] GC(8)   Evacuate Collection Set: 5.24ms
[2026-04-03T01:12:07.327+0600][3.603s][info][gc,phases      ] GC(8)   Post Evacuate Collection Set: 4.08ms
[2026-04-03T01:12:07.327+0600][3.603s][info][gc,phases      ] GC(8)   Other: 0.10ms
[2026-04-03T01:12:07.327+0600][3.603s][info][gc,heap        ] GC(8) Eden regions: 18->0(17)
[2026-04-03T01:12:07.327+0600][3.603s][info][gc,heap        ] GC(8) Survivor regions: 1->3(3)
[2026-04-03T01:12:07.327+0600][3.603s][info][gc,heap        ] GC(8) Old regions: 9->7
[2026-04-03T01:12:07.327+0600][3.603s][info][gc,heap        ] GC(8) Humongous regions: 0->0
[2026-04-03T01:12:07.327+0600][3.603s][info][gc,metaspace   ] GC(8) Metaspace: 23711K(23936K)->23711K(23936K) NonClass: 21047K(21184K)->21047K(21184K) Class: 2663K(2752K)->2663K(2752K)
[2026-04-03T01:12:07.327+0600][3.603s][info][gc             ] GC(8) Pause Young (Mixed) (G1 Evacuation Pause) 47M->15M(68M) 10.240ms
[2026-04-03T01:12:07.327+0600][3.603s][info][gc,cpu         ] GC(8) User=0.03s Sys=0.00s Real=0.01s
[2026-04-03T01:12:07.536+0600][3.812s][info][gc,start       ] GC(9) Pause Young (Normal) (G1 Evacuation Pause)
[2026-04-03T01:12:07.536+0600][3.812s][info][gc,task        ] GC(9) Using 2 workers of 10 for evacuation
[2026-04-03T01:12:07.542+0600][3.819s][info][gc,phases      ] GC(9)   Pre Evacuate Collection Set: 0.27ms
[2026-04-03T01:12:07.543+0600][3.819s][info][gc,phases      ] GC(9)   Merge Heap Roots: 0.13ms
[2026-04-03T01:12:07.543+0600][3.819s][info][gc,phases      ] GC(9)   Evacuate Collection Set: 5.30ms
[2026-04-03T01:12:07.543+0600][3.819s][info][gc,phases      ] GC(9)   Post Evacuate Collection Set: 0.77ms
[2026-04-03T01:12:07.543+0600][3.819s][info][gc,phases      ] GC(9)   Other: 0.08ms
[2026-04-03T01:12:07.543+0600][3.819s][info][gc,heap        ] GC(9) Eden regions: 17->0(22)
[2026-04-03T01:12:07.543+0600][3.819s][info][gc,heap        ] GC(9) Survivor regions: 3->2(3)
[2026-04-03T01:12:07.543+0600][3.819s][info][gc,heap        ] GC(9) Old regions: 7->8
[2026-04-03T01:12:07.543+0600][3.819s][info][gc,heap        ] GC(9) Humongous regions: 0->0
[2026-04-03T01:12:07.543+0600][3.819s][info][gc,metaspace   ] GC(9) Metaspace: 23851K(24064K)->23851K(24064K) NonClass: 21185K(21312K)->21185K(21312K) Class: 2666K(2752K)->2666K(2752K)
[2026-04-03T01:12:07.543+0600][3.819s][info][gc             ] GC(9) Pause Young (Normal) (G1 Evacuation Pause) 49M->13M(82M) 6.811ms
[2026-04-03T01:12:07.543+0600][3.819s][info][gc,cpu         ] GC(9) User=0.02s Sys=0.00s Real=0.01s
[2026-04-03T01:12:07.904+0600][4.180s][info][gc,start       ] GC(10) Pause Young (Normal) (G1 Evacuation Pause)
[2026-04-03T01:12:07.904+0600][4.180s][info][gc,task        ] GC(10) Using 2 workers of 10 for evacuation
[2026-04-03T01:12:07.909+0600][4.185s][info][gc,phases      ] GC(10)   Pre Evacuate Collection Set: 0.36ms
[2026-04-03T01:12:07.909+0600][4.185s][info][gc,phases      ] GC(10)   Merge Heap Roots: 0.15ms
[2026-04-03T01:12:07.909+0600][4.185s][info][gc,phases      ] GC(10)   Evacuate Collection Set: 3.62ms
[2026-04-03T01:12:07.909+0600][4.185s][info][gc,phases      ] GC(10)   Post Evacuate Collection Set: 0.63ms
[2026-04-03T01:12:07.909+0600][4.185s][info][gc,phases      ] GC(10)   Other: 0.11ms
[2026-04-03T01:12:07.909+0600][4.185s][info][gc,heap        ] GC(10) Eden regions: 22->0(23)
[2026-04-03T01:12:07.909+0600][4.186s][info][gc,heap        ] GC(10) Survivor regions: 2->1(3)
[2026-04-03T01:12:07.909+0600][4.186s][info][gc,heap        ] GC(10) Old regions: 8->8
[2026-04-03T01:12:07.909+0600][4.186s][info][gc,heap        ] GC(10) Humongous regions: 0->0
[2026-04-03T01:12:07.909+0600][4.186s][info][gc,metaspace   ] GC(10) Metaspace: 24028K(24192K)->24028K(24192K) NonClass: 21358K(21440K)->21358K(21440K) Class: 2669K(2752K)->2669K(2752K)
[2026-04-03T01:12:07.910+0600][4.186s][info][gc             ] GC(10) Pause Young (Normal) (G1 Evacuation Pause) 57M->13M(82M) 5.264ms
[2026-04-03T01:12:07.910+0600][4.186s][info][gc,cpu         ] GC(10) User=0.02s Sys=0.00s Real=0.00s
[2026-04-03T01:12:08.375+0600][4.651s][info][gc,start       ] GC(11) Pause Young (Normal) (G1 Evacuation Pause)
[2026-04-03T01:12:08.375+0600][4.651s][info][gc,task        ] GC(11) Using 2 workers of 10 for evacuation
[2026-04-03T01:12:08.383+0600][4.659s][info][gc,phases      ] GC(11)   Pre Evacuate Collection Set: 0.28ms
[2026-04-03T01:12:08.383+0600][4.659s][info][gc,phases      ] GC(11)   Merge Heap Roots: 0.11ms
[2026-04-03T01:12:08.383+0600][4.659s][info][gc,phases      ] GC(11)   Evacuate Collection Set: 2.64ms
[2026-04-03T01:12:08.383+0600][4.659s][info][gc,phases      ] GC(11)   Post Evacuate Collection Set: 4.70ms
[2026-04-03T01:12:08.383+0600][4.659s][info][gc,phases      ] GC(11)   Other: 0.13ms
[2026-04-03T01:12:08.383+0600][4.659s][info][gc,heap        ] GC(11) Eden regions: 23->0(22)
[2026-04-03T01:12:08.383+0600][4.659s][info][gc,heap        ] GC(11) Survivor regions: 1->2(3)
[2026-04-03T01:12:08.383+0600][4.659s][info][gc,heap        ] GC(11) Old regions: 8->8
[2026-04-03T01:12:08.383+0600][4.659s][info][gc,heap        ] GC(11) Humongous regions: 0->0
[2026-04-03T01:12:08.383+0600][4.659s][info][gc,metaspace   ] GC(11) Metaspace: 24381K(24640K)->24381K(24640K) NonClass: 21700K(21824K)->21700K(21824K) Class: 2681K(2816K)->2681K(2816K)
[2026-04-03T01:12:08.383+0600][4.659s][info][gc             ] GC(11) Pause Young (Normal) (G1 Evacuation Pause) 59M->13M(82M) 8.295ms
[2026-04-03T01:12:08.383+0600][4.659s][info][gc,cpu         ] GC(11) User=0.03s Sys=0.00s Real=0.01s
[2026-04-03T01:12:08.989+0600][5.265s][info][gc,start       ] GC(12) Pause Young (Normal) (G1 Evacuation Pause)
[2026-04-03T01:12:08.989+0600][5.265s][info][gc,task        ] GC(12) Using 2 workers of 10 for evacuation
[2026-04-03T01:12:08.998+0600][5.274s][info][gc,phases      ] GC(12)   Pre Evacuate Collection Set: 0.26ms
[2026-04-03T01:12:08.998+0600][5.274s][info][gc,phases      ] GC(12)   Merge Heap Roots: 1.17ms
[2026-04-03T01:12:08.998+0600][5.274s][info][gc,phases      ] GC(12)   Evacuate Collection Set: 5.38ms
[2026-04-03T01:12:08.998+0600][5.274s][info][gc,phases      ] GC(12)   Post Evacuate Collection Set: 1.67ms
[2026-04-03T01:12:08.998+0600][5.274s][info][gc,phases      ] GC(12)   Other: 0.13ms
[2026-04-03T01:12:08.998+0600][5.274s][info][gc,heap        ] GC(12) Eden regions: 22->0(23)
[2026-04-03T01:12:08.998+0600][5.274s][info][gc,heap        ] GC(12) Survivor regions: 2->1(3)
[2026-04-03T01:12:08.998+0600][5.274s][info][gc,heap        ] GC(12) Old regions: 8->8
[2026-04-03T01:12:08.998+0600][5.274s][info][gc,heap        ] GC(12) Humongous regions: 0->0
[2026-04-03T01:12:08.998+0600][5.274s][info][gc,metaspace   ] GC(12) Metaspace: 24636K(24896K)->24636K(24896K) NonClass: 21952K(22080K)->21952K(22080K) Class: 2684K(2816K)->2684K(2816K)
[2026-04-03T01:12:08.998+0600][5.274s][info][gc             ] GC(12) Pause Young (Normal) (G1 Evacuation Pause) 57M->12M(82M) 9.020ms
[2026-04-03T01:12:08.998+0600][5.274s][info][gc,cpu         ] GC(12) User=0.04s Sys=0.00s Real=0.01s
[2026-04-03T01:12:09.405+0600][5.681s][info][gc,start       ] GC(13) Pause Young (Normal) (G1 Evacuation Pause)
[2026-04-03T01:12:09.405+0600][5.681s][info][gc,task        ] GC(13) Using 2 workers of 10 for evacuation
[2026-04-03T01:12:09.409+0600][5.685s][info][gc,phases      ] GC(13)   Pre Evacuate Collection Set: 0.18ms
[2026-04-03T01:12:09.409+0600][5.685s][info][gc,phases      ] GC(13)   Merge Heap Roots: 0.07ms
[2026-04-03T01:12:09.409+0600][5.685s][info][gc,phases      ] GC(13)   Evacuate Collection Set: 2.76ms
[2026-04-03T01:12:09.409+0600][5.685s][info][gc,phases      ] GC(13)   Post Evacuate Collection Set: 0.81ms
[2026-04-03T01:12:09.409+0600][5.685s][info][gc,phases      ] GC(13)   Other: 0.12ms
[2026-04-03T01:12:09.409+0600][5.685s][info][gc,heap        ] GC(13) Eden regions: 23->0(29)
[2026-04-03T01:12:09.409+0600][5.685s][info][gc,heap        ] GC(13) Survivor regions: 1->1(3)
[2026-04-03T01:12:09.409+0600][5.685s][info][gc,heap        ] GC(13) Old regions: 8->8
[2026-04-03T01:12:09.409+0600][5.685s][info][gc,heap        ] GC(13) Humongous regions: 0->0
[2026-04-03T01:12:09.409+0600][5.685s][info][gc,metaspace   ] GC(13) Metaspace: 24758K(25024K)->24758K(25024K) NonClass: 22074K(22208K)->22074K(22208K) Class: 2684K(2816K)->2684K(2816K)
[2026-04-03T01:12:09.409+0600][5.685s][info][gc             ] GC(13) Pause Young (Normal) (G1 Evacuation Pause) 58M->12M(100M) 4.245ms
[2026-04-03T01:12:09.409+0600][5.685s][info][gc,cpu         ] GC(13) User=0.01s Sys=0.00s Real=0.00s
[2026-04-03T01:12:09.999+0600][6.276s][info][gc,heap,exit   ] Heap
[2026-04-03T01:12:10.000+0600][6.276s][info][gc,heap,exit   ]  garbage-first heap   total 102400K, used 71644K [0x000000070ae00000, 0x0000000800000000)
[2026-04-03T01:12:10.000+0600][6.276s][info][gc,heap,exit   ]   region size 2048K, 30 young (61440K), 1 survivors (2048K)
[2026-04-03T01:12:10.000+0600][6.276s][info][gc,heap,exit   ]  Metaspace       used 25432K, committed 25664K, reserved 1114112K
[2026-04-03T01:12:10.000+0600][6.276s][info][gc,heap,exit   ]   class space    used 2730K, committed 2816K, reserved 1048576K
