[2026-04-03T01:11:50.579+0600][0.006s][info][gc,init] Initializing The Z Garbage Collector
[2026-04-03T01:11:50.579+0600][0.006s][info][gc,init] Version: 21.0.10+7-Ubuntu-124.04 (release)
[2026-04-03T01:11:50.579+0600][0.006s][info][gc,init] Using legacy single-generation mode
[2026-04-03T01:11:50.579+0600][0.006s][info][gc,init] NUMA Support: Disabled
[2026-04-03T01:11:50.579+0600][0.006s][info][gc,init] CPUs: 12 total, 12 available
[2026-04-03T01:11:50.580+0600][0.006s][info][gc,init] Memory: 15683M
[2026-04-03T01:11:50.580+0600][0.006s][info][gc,init] Large Page Support: Disabled
[2026-04-03T01:11:50.580+0600][0.006s][info][gc,init] GC Workers: 3 (dynamic)
[2026-04-03T01:11:50.581+0600][0.007s][info][gc,init] Address Space Type: Contiguous/Unrestricted/Complete
[2026-04-03T01:11:50.581+0600][0.007s][info][gc,init] Address Space Size: 62752M x 3 = 188256M
[2026-04-03T01:11:50.581+0600][0.007s][info][gc,init] Heap Backing File: /memfd:java_heap
[2026-04-03T01:11:50.581+0600][0.007s][info][gc,init] Heap Backing Filesystem: tmpfs (0x1021994)
[2026-04-03T01:11:50.581+0600][0.008s][info][gc,init] Min Capacity: 8M
[2026-04-03T01:11:50.581+0600][0.008s][info][gc,init] Initial Capacity: 246M
[2026-04-03T01:11:50.581+0600][0.008s][info][gc,init] Max Capacity: 3922M
[2026-04-03T01:11:50.581+0600][0.008s][info][gc,init] Medium Page Size: 32M
[2026-04-03T01:11:50.581+0600][0.008s][info][gc,init] Pre-touch: Disabled
[2026-04-03T01:11:50.581+0600][0.008s][info][gc,init] Available space on backing filesystem: N/A
[2026-04-03T01:11:50.582+0600][0.009s][info][gc,init] Uncommit: Enabled
[2026-04-03T01:11:50.582+0600][0.009s][info][gc,init] Uncommit Delay: 300s
[2026-04-03T01:11:50.679+0600][0.106s][info][gc,init] Runtime Workers: 8
[2026-04-03T01:11:50.681+0600][0.107s][info][gc     ] Using The Z Garbage Collector
[2026-04-03T01:11:50.691+0600][0.118s][info][gc,metaspace] CDS archive(s) mapped at: [0x000077755f000000-0x000077755fc9c000-0x000077755fc9c000), size 13221888, SharedBaseAddress: 0x000077755f000000, ArchiveRelocationMode: 1.
[2026-04-03T01:11:50.692+0600][0.118s][info][gc,metaspace] Compressed class space mapped at: 0x0000777560000000-0x00007775a0000000, reserved size: 1073741824
[2026-04-03T01:11:50.692+0600][0.118s][info][gc,metaspace] Narrow klass base: 0x000077755f000000, Narrow klass shift: 0, Narrow klass range: 0x100000000
[2026-04-03T01:11:51.061+0600][0.488s][info][gc,start    ] GC(0) Garbage Collection (System.gc())
[2026-04-03T01:11:51.061+0600][0.488s][info][gc,task     ] GC(0) Using 3 workers
[2026-04-03T01:11:51.061+0600][0.488s][info][gc,phases   ] GC(0) Pause Mark Start 0.010ms
[2026-04-03T01:11:51.066+0600][0.493s][info][gc,phases   ] GC(0) Concurrent Mark 4.852ms
[2026-04-03T01:11:51.067+0600][0.493s][info][gc,phases   ] GC(0) Pause Mark End 0.017ms
[2026-04-03T01:11:51.067+0600][0.493s][info][gc,phases   ] GC(0) Concurrent Mark Free 0.001ms
[2026-04-03T01:11:51.068+0600][0.494s][info][gc,phases   ] GC(0) Concurrent Process Non-Strong References 0.983ms
[2026-04-03T01:11:51.068+0600][0.494s][info][gc,phases   ] GC(0) Concurrent Reset Relocation Set 0.001ms
[2026-04-03T01:11:51.076+0600][0.503s][info][gc,phases   ] GC(0) Concurrent Select Relocation Set 8.609ms
[2026-04-03T01:11:51.076+0600][0.503s][info][gc,phases   ] GC(0) Pause Relocate Start 0.013ms
[2026-04-03T01:11:51.079+0600][0.506s][info][gc,phases   ] GC(0) Concurrent Relocate 2.520ms
[2026-04-03T01:11:51.079+0600][0.506s][info][gc,load     ] GC(0) Load: 8.39/6.59/4.77
[2026-04-03T01:11:51.079+0600][0.506s][info][gc,mmu      ] GC(0) MMU: 2ms/99.2%, 5ms/99.7%, 10ms/99.7%, 20ms/99.8%, 50ms/99.9%, 100ms/100.0%
[2026-04-03T01:11:51.079+0600][0.506s][info][gc,marking  ] GC(0) Mark: 2 stripe(s), 2 proactive flush(es), 1 terminate flush(es), 0 completion(s), 0 continuation(s) 
[2026-04-03T01:11:51.079+0600][0.506s][info][gc,marking  ] GC(0) Mark Stack Usage: 32M
[2026-04-03T01:11:51.079+0600][0.506s][info][gc,nmethod  ] GC(0) NMethods: 572 registered, 71 unregistered
[2026-04-03T01:11:51.079+0600][0.506s][info][gc,metaspace] GC(0) Metaspace: 2M used, 2M committed, 1088M reserved
[2026-04-03T01:11:51.079+0600][0.506s][info][gc,ref      ] GC(0) Soft: 76 encountered, 0 discovered, 0 enqueued
[2026-04-03T01:11:51.079+0600][0.506s][info][gc,ref      ] GC(0) Weak: 306 encountered, 136 discovered, 72 enqueued
[2026-04-03T01:11:51.079+0600][0.506s][info][gc,ref      ] GC(0) Final: 3 encountered, 3 discovered, 0 enqueued
[2026-04-03T01:11:51.079+0600][0.506s][info][gc,ref      ] GC(0) Phantom: 56 encountered, 33 discovered, 0 enqueued
[2026-04-03T01:11:51.079+0600][0.506s][info][gc,reloc    ] GC(0) Small Pages: 10 / 20M, Empty: 0M, Relocated: 2M, In-Place: 0
[2026-04-03T01:11:51.079+0600][0.506s][info][gc,reloc    ] GC(0) Medium Pages: 1 / 32M, Empty: 0M, Relocated: 0M, In-Place: 0
[2026-04-03T01:11:51.079+0600][0.506s][info][gc,reloc    ] GC(0) Large Pages: 0 / 0M, Empty: 0M, Relocated: 0M, In-Place: 0
[2026-04-03T01:11:51.079+0600][0.506s][info][gc,reloc    ] GC(0) Forwarding Usage: 0M
[2026-04-03T01:11:51.079+0600][0.506s][info][gc,heap     ] GC(0) Min Capacity: 8M(0%)
[2026-04-03T01:11:51.079+0600][0.506s][info][gc,heap     ] GC(0) Max Capacity: 3922M(100%)
[2026-04-03T01:11:51.079+0600][0.506s][info][gc,heap     ] GC(0) Soft Max Capacity: 3922M(100%)
[2026-04-03T01:11:51.079+0600][0.506s][info][gc,heap     ] GC(0)                Mark Start          Mark End        Relocate Start      Relocate End           High               Low         
[2026-04-03T01:11:51.079+0600][0.506s][info][gc,heap     ] GC(0)  Capacity:      246M (6%)          246M (6%)          246M (6%)          246M (6%)          246M (6%)          246M (6%)     
[2026-04-03T01:11:51.079+0600][0.506s][info][gc,heap     ] GC(0)      Free:     3870M (99%)        3870M (99%)        3870M (99%)        3884M (99%)        3884M (99%)        3868M (99%)    
[2026-04-03T01:11:51.079+0600][0.506s][info][gc,heap     ] GC(0)      Used:       52M (1%)           52M (1%)           52M (1%)           38M (1%)           54M (1%)           38M (1%)     
[2026-04-03T01:11:51.079+0600][0.506s][info][gc,heap     ] GC(0)      Live:         -                 3M (0%)            3M (0%)            3M (0%)             -                  -          
[2026-04-03T01:11:51.079+0600][0.506s][info][gc,heap     ] GC(0) Allocated:         -                 0M (0%)            0M (0%)            0M (0%)             -                  -          
[2026-04-03T01:11:51.079+0600][0.506s][info][gc,heap     ] GC(0)   Garbage:         -                48M (1%)           48M (1%)           34M (1%)             -                  -          
[2026-04-03T01:11:51.079+0600][0.506s][info][gc,heap     ] GC(0) Reclaimed:         -                  -                 0M (0%)           14M (0%)             -                  -          
[2026-04-03T01:11:51.079+0600][0.506s][info][gc          ] GC(0) Garbage Collection (System.gc()) 52M(1%)->38M(1%)
[2026-04-03T01:11:53.095+0600][2.522s][info][gc,start    ] GC(1) Garbage Collection (Metadata GC Threshold)
[2026-04-03T01:11:53.095+0600][2.522s][info][gc,task     ] GC(1) Using 3 workers
[2026-04-03T01:11:53.096+0600][2.523s][info][gc,phases   ] GC(1) Pause Mark Start 0.013ms
[2026-04-03T01:11:53.120+0600][2.547s][info][gc,phases   ] GC(1) Concurrent Mark 23.797ms
[2026-04-03T01:11:53.120+0600][2.547s][info][gc,phases   ] GC(1) Pause Mark End 0.019ms
[2026-04-03T01:11:53.120+0600][2.547s][info][gc,phases   ] GC(1) Concurrent Mark Free 0.003ms
[2026-04-03T01:11:53.126+0600][2.552s][info][gc,phases   ] GC(1) Concurrent Process Non-Strong References 5.158ms
[2026-04-03T01:11:53.126+0600][2.552s][info][gc,phases   ] GC(1) Concurrent Reset Relocation Set 0.003ms
[2026-04-03T01:11:53.131+0600][2.557s][info][gc,phases   ] GC(1) Concurrent Select Relocation Set 4.973ms
[2026-04-03T01:11:53.131+0600][2.558s][info][gc,phases   ] GC(1) Pause Relocate Start 0.018ms
[2026-04-03T01:11:53.142+0600][2.569s][info][gc,phases   ] GC(1) Concurrent Relocate 10.759ms
[2026-04-03T01:11:53.142+0600][2.569s][info][gc,load     ] GC(1) Load: 8.39/6.59/4.77
[2026-04-03T01:11:53.142+0600][2.569s][info][gc,mmu      ] GC(1) MMU: 2ms/99.0%, 5ms/99.6%, 10ms/99.7%, 20ms/99.8%, 50ms/99.9%, 100ms/99.9%
[2026-04-03T01:11:53.142+0600][2.569s][info][gc,marking  ] GC(1) Mark: 2 stripe(s), 4 proactive flush(es), 1 terminate flush(es), 0 completion(s), 0 continuation(s) 
[2026-04-03T01:11:53.142+0600][2.569s][info][gc,marking  ] GC(1) Mark Stack Usage: 32M
[2026-04-03T01:11:53.142+0600][2.569s][info][gc,nmethod  ] GC(1) NMethods: 3236 registered, 395 unregistered
[2026-04-03T01:11:53.142+0600][2.569s][info][gc,metaspace] GC(1) Metaspace: 20M used, 21M committed, 1088M reserved
[2026-04-03T01:11:53.142+0600][2.569s][info][gc,ref      ] GC(1) Soft: 3588 encountered, 0 discovered, 0 enqueued
[2026-04-03T01:11:53.142+0600][2.569s][info][gc,ref      ] GC(1) Weak: 2081 encountered, 678 discovered, 408 enqueued
[2026-04-03T01:11:53.142+0600][2.569s][info][gc,ref      ] GC(1) Final: 105 encountered, 96 discovered, 96 enqueued
[2026-04-03T01:11:53.142+0600][2.569s][info][gc,ref      ] GC(1) Phantom: 172 encountered, 155 discovered, 10 enqueued
[2026-04-03T01:11:53.142+0600][2.569s][info][gc,reloc    ] GC(1) Small Pages: 49 / 98M, Empty: 0M, Relocated: 10M, In-Place: 0
[2026-04-03T01:11:53.142+0600][2.569s][info][gc,reloc    ] GC(1) Medium Pages: 1 / 32M, Empty: 0M, Relocated: 0M, In-Place: 0
[2026-04-03T01:11:53.142+0600][2.569s][info][gc,reloc    ] GC(1) Large Pages: 0 / 0M, Empty: 0M, Relocated: 0M, In-Place: 0
[2026-04-03T01:11:53.142+0600][2.569s][info][gc,reloc    ] GC(1) Forwarding Usage: 3M
[2026-04-03T01:11:53.142+0600][2.569s][info][gc,heap     ] GC(1) Min Capacity: 8M(0%)
[2026-04-03T01:11:53.142+0600][2.569s][info][gc,heap     ] GC(1) Max Capacity: 3922M(100%)
[2026-04-03T01:11:53.142+0600][2.569s][info][gc,heap     ] GC(1) Soft Max Capacity: 3922M(100%)
[2026-04-03T01:11:53.142+0600][2.569s][info][gc,heap     ] GC(1)                Mark Start          Mark End        Relocate Start      Relocate End           High               Low         
[2026-04-03T01:11:53.142+0600][2.569s][info][gc,heap     ] GC(1)  Capacity:      246M (6%)          246M (6%)          246M (6%)          246M (6%)          246M (6%)          246M (6%)     
[2026-04-03T01:11:53.142+0600][2.569s][info][gc,heap     ] GC(1)      Free:     3792M (97%)        3786M (97%)        3782M (96%)        3862M (98%)        3862M (98%)        3776M (96%)    
[2026-04-03T01:11:53.142+0600][2.569s][info][gc,heap     ] GC(1)      Used:      130M (3%)          136M (3%)          140M (4%)           60M (2%)          146M (4%)           60M (2%)     
[2026-04-03T01:11:53.142+0600][2.569s][info][gc,heap     ] GC(1)      Live:         -                13M (0%)           13M (0%)           13M (0%)             -                  -          
[2026-04-03T01:11:53.142+0600][2.569s][info][gc,heap     ] GC(1) Allocated:         -                 6M (0%)           10M (0%)            9M (0%)             -                  -          
[2026-04-03T01:11:53.142+0600][2.569s][info][gc,heap     ] GC(1)   Garbage:         -               116M (3%)          116M (3%)           36M (1%)             -                  -          
[2026-04-03T01:11:53.142+0600][2.569s][info][gc,heap     ] GC(1) Reclaimed:         -                  -                 0M (0%)           79M (2%)             -                  -          
[2026-04-03T01:11:53.142+0600][2.569s][info][gc          ] GC(1) Garbage Collection (Metadata GC Threshold) 130M(3%)->60M(2%)
[2026-04-03T01:11:56.203+0600][5.630s][info][gc,start    ] GC(2) Garbage Collection (Warmup)
[2026-04-03T01:11:56.203+0600][5.630s][info][gc,task     ] GC(2) Using 3 workers
[2026-04-03T01:11:56.203+0600][5.630s][info][gc,phases   ] GC(2) Pause Mark Start 0.020ms
[2026-04-03T01:11:56.267+0600][5.693s][info][gc,phases   ] GC(2) Concurrent Mark 63.201ms
[2026-04-03T01:11:56.267+0600][5.694s][info][gc,phases   ] GC(2) Pause Mark End 0.029ms
[2026-04-03T01:11:56.267+0600][5.694s][info][gc,phases   ] GC(2) Concurrent Mark Free 0.003ms
[2026-04-03T01:11:56.287+0600][5.714s][info][gc,phases   ] GC(2) Concurrent Process Non-Strong References 19.957ms
[2026-04-03T01:11:56.287+0600][5.714s][info][gc,phases   ] GC(2) Concurrent Reset Relocation Set 0.012ms
[2026-04-03T01:11:56.295+0600][5.721s][info][gc,phases   ] GC(2) Concurrent Select Relocation Set 7.344ms
[2026-04-03T01:11:56.295+0600][5.722s][info][gc,phases   ] GC(2) Pause Relocate Start 0.023ms
[2026-04-03T01:11:56.341+0600][5.768s][info][gc,phases   ] GC(2) Concurrent Relocate 46.058ms
[2026-04-03T01:11:56.341+0600][5.768s][info][gc,load     ] GC(2) Load: 8.20/6.58/4.78
[2026-04-03T01:11:56.341+0600][5.768s][info][gc,mmu      ] GC(2) MMU: 2ms/98.5%, 5ms/99.4%, 10ms/99.7%, 20ms/99.8%, 50ms/99.9%, 100ms/99.9%
[2026-04-03T01:11:56.342+0600][5.768s][info][gc,marking  ] GC(2) Mark: 2 stripe(s), 8 proactive flush(es), 1 terminate flush(es), 0 completion(s), 0 continuation(s) 
[2026-04-03T01:11:56.342+0600][5.768s][info][gc,marking  ] GC(2) Mark Stack Usage: 32M
[2026-04-03T01:11:56.342+0600][5.768s][info][gc,nmethod  ] GC(2) NMethods: 5752 registered, 722 unregistered
[2026-04-03T01:11:56.342+0600][5.768s][info][gc,metaspace] GC(2) Metaspace: 24M used, 24M committed, 1088M reserved
[2026-04-03T01:11:56.342+0600][5.768s][info][gc,ref      ] GC(2) Soft: 3594 encountered, 0 discovered, 0 enqueued
[2026-04-03T01:11:56.342+0600][5.768s][info][gc,ref      ] GC(2) Weak: 2353 encountered, 1083 discovered, 632 enqueued
[2026-04-03T01:11:56.342+0600][5.768s][info][gc,ref      ] GC(2) Final: 103 encountered, 94 discovered, 94 enqueued
[2026-04-03T01:11:56.342+0600][5.768s][info][gc,ref      ] GC(2) Phantom: 238 encountered, 219 discovered, 80 enqueued
[2026-04-03T01:11:56.342+0600][5.768s][info][gc,reloc    ] GC(2) Small Pages: 167 / 334M, Empty: 120M, Relocated: 13M, In-Place: 0
[2026-04-03T01:11:56.342+0600][5.768s][info][gc,reloc    ] GC(2) Medium Pages: 2 / 64M, Empty: 0M, Relocated: 1M, In-Place: 0
[2026-04-03T01:11:56.342+0600][5.768s][info][gc,reloc    ] GC(2) Large Pages: 0 / 0M, Empty: 0M, Relocated: 0M, In-Place: 0
[2026-04-03T01:11:56.342+0600][5.768s][info][gc,reloc    ] GC(2) Forwarding Usage: 4M
[2026-04-03T01:11:56.342+0600][5.768s][info][gc,heap     ] GC(2) Min Capacity: 8M(0%)
[2026-04-03T01:11:56.342+0600][5.768s][info][gc,heap     ] GC(2) Max Capacity: 3922M(100%)
[2026-04-03T01:11:56.342+0600][5.768s][info][gc,heap     ] GC(2) Soft Max Capacity: 3922M(100%)
[2026-04-03T01:11:56.342+0600][5.768s][info][gc,heap     ] GC(2)                Mark Start          Mark End        Relocate Start      Relocate End           High               Low         
[2026-04-03T01:11:56.342+0600][5.768s][info][gc,heap     ] GC(2)  Capacity:      398M (10%)         404M (10%)         410M (10%)         474M (12%)         474M (12%)         398M (10%)    
[2026-04-03T01:11:56.342+0600][5.768s][info][gc,heap     ] GC(2)      Free:     3524M (90%)        3518M (90%)        3632M (93%)        3822M (97%)        3822M (97%)        3512M (90%)    
[2026-04-03T01:11:56.342+0600][5.769s][info][gc,heap     ] GC(2)      Used:      398M (10%)         404M (10%)         290M (7%)          100M (3%)          410M (10%)         100M (3%)     
[2026-04-03T01:11:56.342+0600][5.769s][info][gc,heap     ] GC(2)      Live:         -                21M (1%)           21M (1%)           21M (1%)             -                  -          
[2026-04-03T01:11:56.342+0600][5.769s][info][gc,heap     ] GC(2) Allocated:         -                 6M (0%)           12M (0%)           45M (1%)             -                  -          
[2026-04-03T01:11:56.342+0600][5.769s][info][gc,heap     ] GC(2)   Garbage:         -               376M (10%)         256M (7%)           33M (1%)             -                  -          
[2026-04-03T01:11:56.342+0600][5.769s][info][gc,heap     ] GC(2) Reclaimed:         -                  -               120M (3%)          343M (9%)             -                  -          
[2026-04-03T01:11:56.342+0600][5.769s][info][gc          ] GC(2) Garbage Collection (Warmup) 398M(10%)->100M(3%)
[2026-04-03T01:11:57.157+0600][6.584s][info][gc,heap,exit] Heap
[2026-04-03T01:11:57.157+0600][6.584s][info][gc,heap,exit]  ZHeap           used 230M, capacity 474M, max capacity 3922M
[2026-04-03T01:11:57.157+0600][6.584s][info][gc,heap,exit]  Metaspace       used 25422K, committed 25664K, reserved 1114112K
[2026-04-03T01:11:57.157+0600][6.584s][info][gc,heap,exit]   class space    used 2729K, committed 2816K, reserved 1048576K
