[2026-04-03T06:42:27.287+0600][0.004s][info][gc,init] CardTable entry size: 512
[2026-04-03T06:42:27.287+0600][0.005s][info][gc     ] Using G1
[2026-04-03T06:42:27.291+0600][0.008s][info][gc,init] Version: 21.0.10+7-Ubuntu-124.04 (release)
[2026-04-03T06:42:27.291+0600][0.008s][info][gc,init] CPUs: 12 total, 12 available
[2026-04-03T06:42:27.291+0600][0.008s][info][gc,init] Memory: 15683M
[2026-04-03T06:42:27.291+0600][0.008s][info][gc,init] Large Page Support: Disabled
[2026-04-03T06:42:27.291+0600][0.008s][info][gc,init] NUMA Support: Disabled
[2026-04-03T06:42:27.291+0600][0.008s][info][gc,init] Compressed Oops: Enabled (Zero based)
[2026-04-03T06:42:27.291+0600][0.008s][info][gc,init] Heap Region Size: 2M
[2026-04-03T06:42:27.291+0600][0.008s][info][gc,init] Heap Min Capacity: 8M
[2026-04-03T06:42:27.291+0600][0.008s][info][gc,init] Heap Initial Capacity: 246M
[2026-04-03T06:42:27.291+0600][0.008s][info][gc,init] Heap Max Capacity: 3922M
[2026-04-03T06:42:27.291+0600][0.008s][info][gc,init] Pre-touch: Disabled
[2026-04-03T06:42:27.291+0600][0.008s][info][gc,init] Parallel Workers: 10
[2026-04-03T06:42:27.291+0600][0.008s][info][gc,init] Concurrent Workers: 3
[2026-04-03T06:42:27.291+0600][0.008s][info][gc,init] Concurrent Refinement Workers: 10
[2026-04-03T06:42:27.291+0600][0.008s][info][gc,init] Periodic GC: Disabled
[2026-04-03T06:42:27.310+0600][0.028s][info][gc,metaspace] CDS archive(s) mapped at: [0x000070c05b000000-0x000070c05bc9c000-0x000070c05bc9c000), size 13221888, SharedBaseAddress: 0x000070c05b000000, ArchiveRelocationMode: 1.
[2026-04-03T06:42:27.310+0600][0.028s][info][gc,metaspace] Compressed class space mapped at: 0x000070c05c000000-0x000070c09c000000, reserved size: 1073741824
[2026-04-03T06:42:27.310+0600][0.028s][info][gc,metaspace] Narrow klass base: 0x000070c05b000000, Narrow klass shift: 0, Narrow klass range: 0x100000000
[2026-04-03T06:42:27.664+0600][0.382s][info][gc,start    ] GC(0) Pause Young (Normal) (G1 Evacuation Pause)
[2026-04-03T06:42:27.665+0600][0.382s][info][gc,task     ] GC(0) Using 5 workers of 10 for evacuation
[2026-04-03T06:42:27.668+0600][0.385s][info][gc,phases   ] GC(0)   Pre Evacuate Collection Set: 0.15ms
[2026-04-03T06:42:27.668+0600][0.385s][info][gc,phases   ] GC(0)   Merge Heap Roots: 0.13ms
[2026-04-03T06:42:27.668+0600][0.385s][info][gc,phases   ] GC(0)   Evacuate Collection Set: 2.08ms
[2026-04-03T06:42:27.668+0600][0.385s][info][gc,phases   ] GC(0)   Post Evacuate Collection Set: 0.48ms
[2026-04-03T06:42:27.668+0600][0.385s][info][gc,phases   ] GC(0)   Other: 0.68ms
[2026-04-03T06:42:27.668+0600][0.385s][info][gc,heap     ] GC(0) Eden regions: 11->0(22)
[2026-04-03T06:42:27.668+0600][0.385s][info][gc,heap     ] GC(0) Survivor regions: 0->2(2)
[2026-04-03T06:42:27.668+0600][0.385s][info][gc,heap     ] GC(0) Old regions: 1->1
[2026-04-03T06:42:27.668+0600][0.385s][info][gc,heap     ] GC(0) Humongous regions: 0->0
[2026-04-03T06:42:27.668+0600][0.385s][info][gc,metaspace] GC(0) Metaspace: 2524K(2688K)->2524K(2688K) NonClass: 2295K(2368K)->2295K(2368K) Class: 228K(320K)->228K(320K)
[2026-04-03T06:42:27.668+0600][0.385s][info][gc          ] GC(0) Pause Young (Normal) (G1 Evacuation Pause) 23M->3M(248M) 3.836ms
[2026-04-03T06:42:27.668+0600][0.385s][info][gc,cpu      ] GC(0) User=0.01s Sys=0.01s Real=0.00s
[2026-04-03T06:42:27.814+0600][0.532s][info][gc,start    ] GC(1) Pause Young (Normal) (G1 Evacuation Pause)
[2026-04-03T06:42:27.815+0600][0.532s][info][gc,task     ] GC(1) Using 5 workers of 10 for evacuation
[2026-04-03T06:42:27.818+0600][0.535s][info][gc,phases   ] GC(1)   Pre Evacuate Collection Set: 0.34ms
[2026-04-03T06:42:27.831+0600][0.548s][info][gc,phases   ] GC(1)   Merge Heap Roots: 0.05ms
[2026-04-03T06:42:27.831+0600][0.548s][info][gc,phases   ] GC(1)   Evacuate Collection Set: 1.81ms
[2026-04-03T06:42:27.831+0600][0.548s][info][gc,phases   ] GC(1)   Post Evacuate Collection Set: 0.69ms
[2026-04-03T06:42:27.831+0600][0.548s][info][gc,phases   ] GC(1)   Other: 0.07ms
[2026-04-03T06:42:27.831+0600][0.548s][info][gc,heap     ] GC(1) Eden regions: 22->0(71)
[2026-04-03T06:42:27.831+0600][0.548s][info][gc,heap     ] GC(1) Survivor regions: 2->2(3)
[2026-04-03T06:42:27.831+0600][0.548s][info][gc,heap     ] GC(1) Old regions: 1->1
[2026-04-03T06:42:27.831+0600][0.548s][info][gc,heap     ] GC(1) Humongous regions: 0->0
[2026-04-03T06:42:27.831+0600][0.548s][info][gc,metaspace] GC(1) Metaspace: 3803K(3968K)->3803K(3968K) NonClass: 3370K(3456K)->3370K(3456K) Class: 432K(512K)->432K(512K)
[2026-04-03T06:42:27.831+0600][0.548s][info][gc          ] GC(1) Pause Young (Normal) (G1 Evacuation Pause) 47M->3M(248M) 16.412ms
[2026-04-03T06:42:27.831+0600][0.548s][info][gc,cpu      ] GC(1) User=0.01s Sys=0.01s Real=0.01s
[2026-04-03T06:42:28.662+0600][1.379s][info][gc,start    ] GC(2) Pause Young (Normal) (G1 Evacuation Pause)
[2026-04-03T06:42:28.662+0600][1.379s][info][gc,task     ] GC(2) Using 5 workers of 10 for evacuation
[2026-04-03T06:42:28.666+0600][1.383s][info][gc,phases   ] GC(2)   Pre Evacuate Collection Set: 0.36ms
[2026-04-03T06:42:28.666+0600][1.383s][info][gc,phases   ] GC(2)   Merge Heap Roots: 0.06ms
[2026-04-03T06:42:28.666+0600][1.383s][info][gc,phases   ] GC(2)   Evacuate Collection Set: 2.52ms
[2026-04-03T06:42:28.666+0600][1.383s][info][gc,phases   ] GC(2)   Post Evacuate Collection Set: 0.79ms
[2026-04-03T06:42:28.666+0600][1.383s][info][gc,phases   ] GC(2)   Other: 0.09ms
[2026-04-03T06:42:28.666+0600][1.383s][info][gc,heap     ] GC(2) Eden regions: 71->0(70)
[2026-04-03T06:42:28.666+0600][1.383s][info][gc,heap     ] GC(2) Survivor regions: 2->3(10)
[2026-04-03T06:42:28.666+0600][1.383s][info][gc,heap     ] GC(2) Old regions: 1->1
[2026-04-03T06:42:28.666+0600][1.383s][info][gc,heap     ] GC(2) Humongous regions: 0->0
[2026-04-03T06:42:28.666+0600][1.383s][info][gc,metaspace] GC(2) Metaspace: 10126K(10368K)->10126K(10368K) NonClass: 8808K(8960K)->8808K(8960K) Class: 1318K(1408K)->1318K(1408K)
[2026-04-03T06:42:28.666+0600][1.383s][info][gc          ] GC(2) Pause Young (Normal) (G1 Evacuation Pause) 145M->5M(248M) 4.063ms
[2026-04-03T06:42:28.666+0600][1.383s][info][gc,cpu      ] GC(2) User=0.01s Sys=0.01s Real=0.01s
[2026-04-03T06:42:29.233+0600][1.950s][info][gc,start    ] GC(3) Pause Full (System.gc())
[2026-04-03T06:42:29.233+0600][1.950s][info][gc,task     ] GC(3) Using 5 workers of 10 for full compaction
[2026-04-03T06:42:29.233+0600][1.950s][info][gc,phases,start] GC(3) Phase 1: Mark live objects
[2026-04-03T06:42:29.239+0600][1.956s][info][gc,phases      ] GC(3) Phase 1: Mark live objects 5.621ms
[2026-04-03T06:42:29.239+0600][1.956s][info][gc,phases,start] GC(3) Phase 2: Prepare compaction
[2026-04-03T06:42:29.240+0600][1.958s][info][gc,phases      ] GC(3) Phase 2: Prepare compaction 1.601ms
[2026-04-03T06:42:29.240+0600][1.958s][info][gc,phases,start] GC(3) Phase 3: Adjust pointers
[2026-04-03T06:42:29.242+0600][1.959s][info][gc,phases      ] GC(3) Phase 3: Adjust pointers 1.793ms
[2026-04-03T06:42:29.242+0600][1.960s][info][gc,phases,start] GC(3) Phase 4: Compact heap
[2026-04-03T06:42:29.245+0600][1.962s][info][gc,phases      ] GC(3) Phase 4: Compact heap 2.657ms
[2026-04-03T06:42:29.245+0600][1.962s][info][gc,phases,start] GC(3) Phase 5: Reset Metadata
[2026-04-03T06:42:29.246+0600][1.963s][info][gc,phases      ] GC(3) Phase 5: Reset Metadata 0.683ms
[2026-04-03T06:42:29.248+0600][1.966s][info][gc,heap        ] GC(3) Eden regions: 43->0(11)
[2026-04-03T06:42:29.248+0600][1.966s][info][gc,heap        ] GC(3) Survivor regions: 3->0(10)
[2026-04-03T06:42:29.248+0600][1.966s][info][gc,heap        ] GC(3) Old regions: 1->6
[2026-04-03T06:42:29.248+0600][1.966s][info][gc,heap        ] GC(3) Humongous regions: 0->0
[2026-04-03T06:42:29.248+0600][1.966s][info][gc,metaspace   ] GC(3) Metaspace: 12771K(12992K)->12771K(12992K) NonClass: 11078K(11200K)->11078K(11200K) Class: 1692K(1792K)->1692K(1792K)
[2026-04-03T06:42:29.248+0600][1.966s][info][gc             ] GC(3) Pause Full (System.gc()) 90M->5M(40M) 15.841ms
[2026-04-03T06:42:29.248+0600][1.966s][info][gc,cpu         ] GC(3) User=0.04s Sys=0.01s Real=0.02s
[2026-04-03T06:42:29.418+0600][2.136s][info][gc,start       ] GC(4) Pause Young (Normal) (G1 Evacuation Pause)
[2026-04-03T06:42:29.418+0600][2.136s][info][gc,task        ] GC(4) Using 3 workers of 10 for evacuation
[2026-04-03T06:42:29.421+0600][2.138s][info][gc,phases      ] GC(4)   Pre Evacuate Collection Set: 0.11ms
[2026-04-03T06:42:29.421+0600][2.138s][info][gc,phases      ] GC(4)   Merge Heap Roots: 0.04ms
[2026-04-03T06:42:29.421+0600][2.138s][info][gc,phases      ] GC(4)   Evacuate Collection Set: 1.73ms
[2026-04-03T06:42:29.421+0600][2.138s][info][gc,phases      ] GC(4)   Post Evacuate Collection Set: 0.28ms
[2026-04-03T06:42:29.421+0600][2.138s][info][gc,phases      ] GC(4)   Other: 0.06ms
[2026-04-03T06:42:29.421+0600][2.138s][info][gc,heap        ] GC(4) Eden regions: 11->0(10)
[2026-04-03T06:42:29.421+0600][2.138s][info][gc,heap        ] GC(4) Survivor regions: 0->1(2)
[2026-04-03T06:42:29.421+0600][2.138s][info][gc,heap        ] GC(4) Old regions: 6->6
[2026-04-03T06:42:29.421+0600][2.138s][info][gc,heap        ] GC(4) Humongous regions: 0->0
[2026-04-03T06:42:29.421+0600][2.138s][info][gc,metaspace   ] GC(4) Metaspace: 15061K(15296K)->15061K(15296K) NonClass: 13130K(13248K)->13130K(13248K) Class: 1930K(2048K)->1930K(2048K)
[2026-04-03T06:42:29.421+0600][2.138s][info][gc             ] GC(4) Pause Young (Normal) (G1 Evacuation Pause) 27M->6M(40M) 2.438ms
[2026-04-03T06:42:29.421+0600][2.138s][info][gc,cpu         ] GC(4) User=0.01s Sys=0.00s Real=0.00s
[2026-04-03T06:42:29.724+0600][2.441s][info][gc,start       ] GC(5) Pause Young (Normal) (G1 Evacuation Pause)
[2026-04-03T06:42:29.724+0600][2.441s][info][gc,task        ] GC(5) Using 2 workers of 10 for evacuation
[2026-04-03T06:42:29.727+0600][2.444s][info][gc,phases      ] GC(5)   Pre Evacuate Collection Set: 0.34ms
[2026-04-03T06:42:29.727+0600][2.444s][info][gc,phases      ] GC(5)   Merge Heap Roots: 0.06ms
[2026-04-03T06:42:29.727+0600][2.444s][info][gc,phases      ] GC(5)   Evacuate Collection Set: 2.01ms
[2026-04-03T06:42:29.727+0600][2.444s][info][gc,phases      ] GC(5)   Post Evacuate Collection Set: 0.38ms
[2026-04-03T06:42:29.727+0600][2.444s][info][gc,phases      ] GC(5)   Other: 0.06ms
[2026-04-03T06:42:29.727+0600][2.444s][info][gc,heap        ] GC(5) Eden regions: 10->0(9)
[2026-04-03T06:42:29.727+0600][2.444s][info][gc,heap        ] GC(5) Survivor regions: 1->2(2)
[2026-04-03T06:42:29.727+0600][2.444s][info][gc,heap        ] GC(5) Old regions: 6->6
[2026-04-03T06:42:29.727+0600][2.444s][info][gc,heap        ] GC(5) Humongous regions: 0->0
[2026-04-03T06:42:29.727+0600][2.444s][info][gc,metaspace   ] GC(5) Metaspace: 17464K(17728K)->17464K(17728K) NonClass: 15274K(15424K)->15274K(15424K) Class: 2189K(2304K)->2189K(2304K)
[2026-04-03T06:42:29.727+0600][2.444s][info][gc             ] GC(5) Pause Young (Normal) (G1 Evacuation Pause) 26M->8M(40M) 3.081ms
[2026-04-03T06:42:29.727+0600][2.444s][info][gc,cpu         ] GC(5) User=0.01s Sys=0.00s Real=0.00s
[2026-04-03T06:42:29.832+0600][2.549s][info][gc,start       ] GC(6) Pause Young (Normal) (G1 Evacuation Pause)
[2026-04-03T06:42:29.832+0600][2.549s][info][gc,task        ] GC(6) Using 2 workers of 10 for evacuation
[2026-04-03T06:42:29.835+0600][2.552s][info][gc,phases      ] GC(6)   Pre Evacuate Collection Set: 0.10ms
[2026-04-03T06:42:29.835+0600][2.552s][info][gc,phases      ] GC(6)   Merge Heap Roots: 0.04ms
[2026-04-03T06:42:29.835+0600][2.553s][info][gc,phases      ] GC(6)   Evacuate Collection Set: 2.47ms
[2026-04-03T06:42:29.835+0600][2.553s][info][gc,phases      ] GC(6)   Post Evacuate Collection Set: 0.49ms
[2026-04-03T06:42:29.835+0600][2.553s][info][gc,phases      ] GC(6)   Other: 0.05ms
[2026-04-03T06:42:29.835+0600][2.553s][info][gc,heap        ] GC(6) Eden regions: 9->0(8)
[2026-04-03T06:42:29.835+0600][2.553s][info][gc,heap        ] GC(6) Survivor regions: 2->2(2)
[2026-04-03T06:42:29.835+0600][2.553s][info][gc,heap        ] GC(6) Old regions: 6->7
[2026-04-03T06:42:29.835+0600][2.553s][info][gc,heap        ] GC(6) Humongous regions: 0->0
[2026-04-03T06:42:29.835+0600][2.553s][info][gc,metaspace   ] GC(6) Metaspace: 19583K(19840K)->19583K(19840K) NonClass: 17137K(17280K)->17137K(17280K) Class: 2445K(2560K)->2445K(2560K)
[2026-04-03T06:42:29.835+0600][2.553s][info][gc             ] GC(6) Pause Young (Normal) (G1 Evacuation Pause) 26M->8M(40M) 3.382ms
[2026-04-03T06:42:29.835+0600][2.553s][info][gc,cpu         ] GC(6) User=0.00s Sys=0.00s Real=0.01s
[2026-04-03T06:42:29.927+0600][2.645s][info][gc,start       ] GC(7) Pause Young (Concurrent Start) (Metadata GC Threshold)
[2026-04-03T06:42:29.927+0600][2.645s][info][gc,task        ] GC(7) Using 2 workers of 10 for evacuation
[2026-04-03T06:42:29.930+0600][2.648s][info][gc,phases      ] GC(7)   Pre Evacuate Collection Set: 0.30ms
[2026-04-03T06:42:29.930+0600][2.648s][info][gc,phases      ] GC(7)   Merge Heap Roots: 0.16ms
[2026-04-03T06:42:29.930+0600][2.648s][info][gc,phases      ] GC(7)   Evacuate Collection Set: 1.46ms
[2026-04-03T06:42:29.930+0600][2.648s][info][gc,phases      ] GC(7)   Post Evacuate Collection Set: 0.89ms
[2026-04-03T06:42:29.930+0600][2.648s][info][gc,phases      ] GC(7)   Other: 0.20ms
[2026-04-03T06:42:29.930+0600][2.648s][info][gc,heap        ] GC(7) Eden regions: 6->0(41)
[2026-04-03T06:42:29.930+0600][2.648s][info][gc,heap        ] GC(7) Survivor regions: 2->2(2)
[2026-04-03T06:42:29.930+0600][2.648s][info][gc,heap        ] GC(7) Old regions: 7->7
[2026-04-03T06:42:29.930+0600][2.648s][info][gc,heap        ] GC(7) Humongous regions: 0->0
[2026-04-03T06:42:29.930+0600][2.648s][info][gc,metaspace   ] GC(7) Metaspace: 21210K(21504K)->21210K(21504K) NonClass: 18563K(18688K)->18563K(18688K) Class: 2646K(2816K)->2646K(2816K)
[2026-04-03T06:42:29.930+0600][2.648s][info][gc             ] GC(7) Pause Young (Concurrent Start) (Metadata GC Threshold) 19M->8M(144M) 3.215ms
[2026-04-03T06:42:29.930+0600][2.648s][info][gc,cpu         ] GC(7) User=0.00s Sys=0.00s Real=0.00s
[2026-04-03T06:42:29.931+0600][2.648s][info][gc             ] GC(8) Concurrent Mark Cycle
[2026-04-03T06:42:29.931+0600][2.648s][info][gc,marking     ] GC(8) Concurrent Scan Root Regions
[2026-04-03T06:42:29.932+0600][2.649s][info][gc,marking     ] GC(8) Concurrent Scan Root Regions 1.048ms
[2026-04-03T06:42:29.932+0600][2.649s][info][gc,marking     ] GC(8) Concurrent Mark
[2026-04-03T06:42:29.932+0600][2.649s][info][gc,marking     ] GC(8) Concurrent Mark From Roots
[2026-04-03T06:42:29.932+0600][2.649s][info][gc,task        ] GC(8) Using 3 workers of 3 for marking
[2026-04-03T06:42:29.936+0600][2.653s][info][gc,marking     ] GC(8) Concurrent Mark From Roots 4.432ms
[2026-04-03T06:42:29.936+0600][2.653s][info][gc,marking     ] GC(8) Concurrent Preclean
[2026-04-03T06:42:29.936+0600][2.654s][info][gc,marking     ] GC(8) Concurrent Preclean 0.147ms
[2026-04-03T06:42:29.936+0600][2.654s][info][gc,start       ] GC(8) Pause Remark
[2026-04-03T06:42:29.939+0600][2.656s][info][gc             ] GC(8) Pause Remark 9M->9M(60M) 2.724ms
[2026-04-03T06:42:29.939+0600][2.657s][info][gc,cpu         ] GC(8) User=0.00s Sys=0.00s Real=0.00s
[2026-04-03T06:42:29.939+0600][2.657s][info][gc,marking     ] GC(8) Concurrent Mark 7.681ms
[2026-04-03T06:42:29.939+0600][2.657s][info][gc,marking     ] GC(8) Concurrent Rebuild Remembered Sets and Scrub Regions
[2026-04-03T06:42:29.942+0600][2.659s][info][gc,marking     ] GC(8) Concurrent Rebuild Remembered Sets and Scrub Regions 2.403ms
[2026-04-03T06:42:29.942+0600][2.659s][info][gc,start       ] GC(8) Pause Cleanup
[2026-04-03T06:42:29.942+0600][2.660s][info][gc             ] GC(8) Pause Cleanup 9M->9M(60M) 0.227ms
[2026-04-03T06:42:29.942+0600][2.660s][info][gc,cpu         ] GC(8) User=0.00s Sys=0.00s Real=0.00s
[2026-04-03T06:42:29.942+0600][2.660s][info][gc,marking     ] GC(8) Concurrent Clear Claimed Marks
[2026-04-03T06:42:29.943+0600][2.660s][info][gc,marking     ] GC(8) Concurrent Clear Claimed Marks 0.049ms
[2026-04-03T06:42:29.943+0600][2.660s][info][gc,marking     ] GC(8) Concurrent Cleanup for Next Mark
[2026-04-03T06:42:29.943+0600][2.660s][info][gc,marking     ] GC(8) Concurrent Cleanup for Next Mark 0.431ms
[2026-04-03T06:42:29.943+0600][2.660s][info][gc             ] GC(8) Concurrent Mark Cycle 12.481ms
[2026-04-03T06:42:30.389+0600][3.107s][info][gc,start       ] GC(9) Pause Young (Prepare Mixed) (G1 Evacuation Pause)
[2026-04-03T06:42:30.389+0600][3.107s][info][gc,task        ] GC(9) Using 2 workers of 10 for evacuation
[2026-04-03T06:42:30.405+0600][3.123s][info][gc,phases      ] GC(9)   Pre Evacuate Collection Set: 0.24ms
[2026-04-03T06:42:30.406+0600][3.123s][info][gc,phases      ] GC(9)   Merge Heap Roots: 0.10ms
[2026-04-03T06:42:30.406+0600][3.123s][info][gc,phases      ] GC(9)   Evacuate Collection Set: 14.74ms
[2026-04-03T06:42:30.406+0600][3.123s][info][gc,phases      ] GC(9)   Post Evacuate Collection Set: 0.92ms
[2026-04-03T06:42:30.406+0600][3.123s][info][gc,phases      ] GC(9)   Other: 0.08ms
[2026-04-03T06:42:30.406+0600][3.123s][info][gc,heap        ] GC(9) Eden regions: 21->0(16)
[2026-04-03T06:42:30.406+0600][3.123s][info][gc,heap        ] GC(9) Survivor regions: 2->6(6)
[2026-04-03T06:42:30.406+0600][3.123s][info][gc,heap        ] GC(9) Old regions: 7->8
[2026-04-03T06:42:30.406+0600][3.123s][info][gc,heap        ] GC(9) Humongous regions: 0->0
[2026-04-03T06:42:30.406+0600][3.123s][info][gc,metaspace   ] GC(9) Metaspace: 25180K(25472K)->25180K(25472K) NonClass: 22040K(22208K)->22040K(22208K) Class: 3140K(3264K)->3140K(3264K)
[2026-04-03T06:42:30.406+0600][3.123s][info][gc             ] GC(9) Pause Young (Prepare Mixed) (G1 Evacuation Pause) 50M->19M(74M) 16.351ms
[2026-04-03T06:42:30.406+0600][3.123s][info][gc,cpu         ] GC(9) User=0.03s Sys=0.01s Real=0.02s
[2026-04-03T06:42:30.795+0600][3.512s][info][gc,start       ] GC(10) Pause Young (Mixed) (G1 Evacuation Pause)
[2026-04-03T06:42:30.795+0600][3.513s][info][gc,task        ] GC(10) Using 2 workers of 10 for evacuation
[2026-04-03T06:42:30.810+0600][3.527s][info][gc,phases      ] GC(10)   Pre Evacuate Collection Set: 0.27ms
[2026-04-03T06:42:30.810+0600][3.527s][info][gc,phases      ] GC(10)   Merge Heap Roots: 0.17ms
[2026-04-03T06:42:30.810+0600][3.527s][info][gc,phases      ] GC(10)   Evacuate Collection Set: 13.16ms
[2026-04-03T06:42:30.810+0600][3.527s][info][gc,phases      ] GC(10)   Post Evacuate Collection Set: 0.99ms
[2026-04-03T06:42:30.810+0600][3.527s][info][gc,phases      ] GC(10)   Other: 0.07ms
[2026-04-03T06:42:30.810+0600][3.527s][info][gc,heap        ] GC(10) Eden regions: 16->0(18)
[2026-04-03T06:42:30.810+0600][3.527s][info][gc,heap        ] GC(10) Survivor regions: 6->2(3)
[2026-04-03T06:42:30.810+0600][3.527s][info][gc,heap        ] GC(10) Old regions: 8->11
[2026-04-03T06:42:30.810+0600][3.527s][info][gc,heap        ] GC(10) Humongous regions: 0->0
[2026-04-03T06:42:30.810+0600][3.527s][info][gc,metaspace   ] GC(10) Metaspace: 30572K(30912K)->30572K(30912K) NonClass: 26922K(27136K)->26922K(27136K) Class: 3650K(3776K)->3650K(3776K)
[2026-04-03T06:42:30.810+0600][3.527s][info][gc             ] GC(10) Pause Young (Mixed) (G1 Evacuation Pause) 51M->22M(76M) 14.898ms
[2026-04-03T06:42:30.810+0600][3.527s][info][gc,cpu         ] GC(10) User=0.03s Sys=0.00s Real=0.01s
[2026-04-03T06:42:31.373+0600][4.091s][info][gc,start       ] GC(11) Pause Young (Normal) (G1 Evacuation Pause)
[2026-04-03T06:42:31.373+0600][4.091s][info][gc,task        ] GC(11) Using 2 workers of 10 for evacuation
[2026-04-03T06:42:31.381+0600][4.099s][info][gc,phases      ] GC(11)   Pre Evacuate Collection Set: 0.13ms
[2026-04-03T06:42:31.381+0600][4.099s][info][gc,phases      ] GC(11)   Merge Heap Roots: 0.10ms
[2026-04-03T06:42:31.381+0600][4.099s][info][gc,phases      ] GC(11)   Evacuate Collection Set: 6.78ms
[2026-04-03T06:42:31.381+0600][4.099s][info][gc,phases      ] GC(11)   Post Evacuate Collection Set: 0.69ms
[2026-04-03T06:42:31.381+0600][4.099s][info][gc,phases      ] GC(11)   Other: 0.07ms
[2026-04-03T06:42:31.381+0600][4.099s][info][gc,heap        ] GC(11) Eden regions: 18->0(18)
[2026-04-03T06:42:31.381+0600][4.099s][info][gc,heap        ] GC(11) Survivor regions: 2->3(3)
[2026-04-03T06:42:31.381+0600][4.099s][info][gc,heap        ] GC(11) Old regions: 11->11
[2026-04-03T06:42:31.381+0600][4.099s][info][gc,heap        ] GC(11) Humongous regions: 0->0
[2026-04-03T06:42:31.381+0600][4.099s][info][gc,metaspace   ] GC(11) Metaspace: 34196K(34560K)->34196K(34560K) NonClass: 30171K(30400K)->30171K(30400K) Class: 4025K(4160K)->4025K(4160K)
[2026-04-03T06:42:31.381+0600][4.099s][info][gc             ] GC(11) Pause Young (Normal) (G1 Evacuation Pause) 58M->24M(76M) 8.033ms
[2026-04-03T06:42:31.381+0600][4.099s][info][gc,cpu         ] GC(11) User=0.01s Sys=0.00s Real=0.00s
[2026-04-03T06:42:31.533+0600][4.250s][info][gc,start       ] GC(12) Pause Young (Concurrent Start) (Metadata GC Threshold)
[2026-04-03T06:42:31.533+0600][4.250s][info][gc,task        ] GC(12) Using 2 workers of 10 for evacuation
[2026-04-03T06:42:31.542+0600][4.259s][info][gc,phases      ] GC(12)   Pre Evacuate Collection Set: 0.26ms
[2026-04-03T06:42:31.542+0600][4.259s][info][gc,phases      ] GC(12)   Merge Heap Roots: 0.27ms
[2026-04-03T06:42:31.542+0600][4.259s][info][gc,phases      ] GC(12)   Evacuate Collection Set: 7.76ms
[2026-04-03T06:42:31.542+0600][4.259s][info][gc,phases      ] GC(12)   Post Evacuate Collection Set: 0.60ms
[2026-04-03T06:42:31.542+0600][4.259s][info][gc,phases      ] GC(12)   Other: 0.12ms
[2026-04-03T06:42:31.542+0600][4.259s][info][gc,heap        ] GC(12) Eden regions: 9->0(28)
[2026-04-03T06:42:31.542+0600][4.259s][info][gc,heap        ] GC(12) Survivor regions: 3->2(3)
[2026-04-03T06:42:31.542+0600][4.259s][info][gc,heap        ] GC(12) Old regions: 11->12
[2026-04-03T06:42:31.542+0600][4.259s][info][gc,heap        ] GC(12) Humongous regions: 0->0
[2026-04-03T06:42:31.542+0600][4.259s][info][gc,metaspace   ] GC(12) Metaspace: 35641K(35968K)->35641K(35968K) NonClass: 31417K(31616K)->31417K(31616K) Class: 4223K(4352K)->4223K(4352K)
[2026-04-03T06:42:31.542+0600][4.259s][info][gc             ] GC(12) Pause Young (Concurrent Start) (Metadata GC Threshold) 41M->24M(102M) 9.224ms
[2026-04-03T06:42:31.542+0600][4.259s][info][gc,cpu         ] GC(12) User=0.01s Sys=0.00s Real=0.01s
[2026-04-03T06:42:31.542+0600][4.259s][info][gc             ] GC(13) Concurrent Mark Cycle
[2026-04-03T06:42:31.542+0600][4.259s][info][gc,marking     ] GC(13) Concurrent Scan Root Regions
[2026-04-03T06:42:31.544+0600][4.261s][info][gc,marking     ] GC(13) Concurrent Scan Root Regions 1.887ms
[2026-04-03T06:42:31.544+0600][4.261s][info][gc,marking     ] GC(13) Concurrent Mark
[2026-04-03T06:42:31.544+0600][4.261s][info][gc,marking     ] GC(13) Concurrent Mark From Roots
[2026-04-03T06:42:31.544+0600][4.261s][info][gc,task        ] GC(13) Using 3 workers of 3 for marking
[2026-04-03T06:42:31.552+0600][4.269s][info][gc,marking     ] GC(13) Concurrent Mark From Roots 8.084ms
[2026-04-03T06:42:31.552+0600][4.269s][info][gc,marking     ] GC(13) Concurrent Preclean
[2026-04-03T06:42:31.552+0600][4.269s][info][gc,marking     ] GC(13) Concurrent Preclean 0.043ms
[2026-04-03T06:42:31.553+0600][4.271s][info][gc,start       ] GC(13) Pause Remark
[2026-04-03T06:42:31.558+0600][4.276s][info][gc             ] GC(13) Pause Remark 24M->24M(94M) 5.125ms
[2026-04-03T06:42:31.558+0600][4.276s][info][gc,cpu         ] GC(13) User=0.01s Sys=0.00s Real=0.00s
[2026-04-03T06:42:31.559+0600][4.276s][info][gc,marking     ] GC(13) Concurrent Mark 14.593ms
[2026-04-03T06:42:31.559+0600][4.276s][info][gc,marking     ] GC(13) Concurrent Rebuild Remembered Sets and Scrub Regions
[2026-04-03T06:42:31.564+0600][4.282s][info][gc,marking     ] GC(13) Concurrent Rebuild Remembered Sets and Scrub Regions 5.582ms
[2026-04-03T06:42:31.564+0600][4.282s][info][gc,start       ] GC(13) Pause Cleanup
[2026-04-03T06:42:31.565+0600][4.282s][info][gc             ] GC(13) Pause Cleanup 25M->25M(94M) 0.203ms
[2026-04-03T06:42:31.565+0600][4.282s][info][gc,cpu         ] GC(13) User=0.00s Sys=0.00s Real=0.00s
[2026-04-03T06:42:31.565+0600][4.282s][info][gc,marking     ] GC(13) Concurrent Clear Claimed Marks
[2026-04-03T06:42:31.565+0600][4.282s][info][gc,marking     ] GC(13) Concurrent Clear Claimed Marks 0.074ms
[2026-04-03T06:42:31.565+0600][4.282s][info][gc,marking     ] GC(13) Concurrent Cleanup for Next Mark
[2026-04-03T06:42:31.565+0600][4.283s][info][gc,marking     ] GC(13) Concurrent Cleanup for Next Mark 0.497ms
[2026-04-03T06:42:31.565+0600][4.283s][info][gc             ] GC(13) Concurrent Mark Cycle 23.526ms
[2026-04-03T06:42:33.519+0600][6.236s][info][gc,start       ] GC(14) Pause Young (Prepare Mixed) (G1 Evacuation Pause)
[2026-04-03T06:42:33.519+0600][6.236s][info][gc,task        ] GC(14) Using 2 workers of 10 for evacuation
[2026-04-03T06:42:33.539+0600][6.257s][info][gc,phases      ] GC(14)   Pre Evacuate Collection Set: 0.23ms
[2026-04-03T06:42:33.539+0600][6.257s][info][gc,phases      ] GC(14)   Merge Heap Roots: 0.25ms
[2026-04-03T06:42:33.539+0600][6.257s][info][gc,phases      ] GC(14)   Evacuate Collection Set: 18.44ms
[2026-04-03T06:42:33.539+0600][6.257s][info][gc,phases      ] GC(14)   Post Evacuate Collection Set: 1.16ms
[2026-04-03T06:42:33.539+0600][6.257s][info][gc,phases      ] GC(14)   Other: 0.07ms
[2026-04-03T06:42:33.539+0600][6.257s][info][gc,heap        ] GC(14) Eden regions: 28->0(22)
[2026-04-03T06:42:33.539+0600][6.257s][info][gc,heap        ] GC(14) Survivor regions: 2->4(4)
[2026-04-03T06:42:33.539+0600][6.257s][info][gc,heap        ] GC(14) Old regions: 12->14
[2026-04-03T06:42:33.539+0600][6.257s][info][gc,heap        ] GC(14) Humongous regions: 0->0
[2026-04-03T06:42:33.539+0600][6.257s][info][gc,metaspace   ] GC(14) Metaspace: 44114K(44544K)->44114K(44544K) NonClass: 38873K(39104K)->38873K(39104K) Class: 5241K(5440K)->5241K(5440K)
[2026-04-03T06:42:33.539+0600][6.257s][info][gc             ] GC(14) Pause Young (Prepare Mixed) (G1 Evacuation Pause) 80M->32M(96M) 20.410ms
[2026-04-03T06:42:33.539+0600][6.257s][info][gc,cpu         ] GC(14) User=0.04s Sys=0.01s Real=0.02s
[2026-04-03T06:42:36.184+0600][8.901s][info][gc,start       ] GC(15) Pause Young (Mixed) (G1 Evacuation Pause)
[2026-04-03T06:42:36.184+0600][8.901s][info][gc,task        ] GC(15) Using 2 workers of 10 for evacuation
[2026-04-03T06:42:36.221+0600][8.938s][info][gc,phases      ] GC(15)   Pre Evacuate Collection Set: 0.41ms
[2026-04-03T06:42:36.221+0600][8.938s][info][gc,phases      ] GC(15)   Merge Heap Roots: 0.32ms
[2026-04-03T06:42:36.221+0600][8.938s][info][gc,phases      ] GC(15)   Evacuate Collection Set: 34.02ms
[2026-04-03T06:42:36.221+0600][8.938s][info][gc,phases      ] GC(15)   Post Evacuate Collection Set: 1.97ms
[2026-04-03T06:42:36.221+0600][8.938s][info][gc,phases      ] GC(15)   Other: 0.11ms
[2026-04-03T06:42:36.221+0600][8.938s][info][gc,heap        ] GC(15) Eden regions: 22->0(19)
[2026-04-03T06:42:36.221+0600][8.938s][info][gc,heap        ] GC(15) Survivor regions: 4->4(4)
[2026-04-03T06:42:36.221+0600][8.938s][info][gc,heap        ] GC(15) Old regions: 14->17
[2026-04-03T06:42:36.221+0600][8.938s][info][gc,heap        ] GC(15) Humongous regions: 1->1
[2026-04-03T06:42:36.221+0600][8.938s][info][gc,metaspace   ] GC(15) Metaspace: 46806K(47296K)->46806K(47296K) NonClass: 41297K(41600K)->41297K(41600K) Class: 5509K(5696K)->5509K(5696K)
[2026-04-03T06:42:36.221+0600][8.938s][info][gc             ] GC(15) Pause Young (Mixed) (G1 Evacuation Pause) 78M->42M(98M) 37.195ms
[2026-04-03T06:42:36.221+0600][8.938s][info][gc,cpu         ] GC(15) User=0.08s Sys=0.00s Real=0.03s
[2026-04-03T06:42:38.174+0600][10.892s][info][gc,start       ] GC(16) Pause Young (Normal) (G1 Evacuation Pause)
[2026-04-03T06:42:38.174+0600][10.892s][info][gc,task        ] GC(16) Using 4 workers of 10 for evacuation
[2026-04-03T06:42:38.192+0600][10.909s][info][gc,phases      ] GC(16)   Pre Evacuate Collection Set: 0.40ms
[2026-04-03T06:42:38.192+0600][10.909s][info][gc,phases      ] GC(16)   Merge Heap Roots: 0.28ms
[2026-04-03T06:42:38.192+0600][10.909s][info][gc,phases      ] GC(16)   Evacuate Collection Set: 14.80ms
[2026-04-03T06:42:38.192+0600][10.909s][info][gc,phases      ] GC(16)   Post Evacuate Collection Set: 1.86ms
[2026-04-03T06:42:38.192+0600][10.909s][info][gc,phases      ] GC(16)   Other: 0.13ms
[2026-04-03T06:42:38.192+0600][10.909s][info][gc,heap        ] GC(16) Eden regions: 19->0(16)
[2026-04-03T06:42:38.192+0600][10.909s][info][gc,heap        ] GC(16) Survivor regions: 4->3(3)
[2026-04-03T06:42:38.192+0600][10.909s][info][gc,heap        ] GC(16) Old regions: 17->21
[2026-04-03T06:42:38.192+0600][10.909s][info][gc,heap        ] GC(16) Humongous regions: 1->1
[2026-04-03T06:42:38.192+0600][10.909s][info][gc,metaspace   ] GC(16) Metaspace: 48900K(49344K)->48900K(49344K) NonClass: 43170K(43456K)->43170K(43456K) Class: 5730K(5888K)->5730K(5888K)
[2026-04-03T06:42:38.192+0600][10.909s][info][gc             ] GC(16) Pause Young (Normal) (G1 Evacuation Pause) 80M->47M(98M) 17.852ms
[2026-04-03T06:42:38.192+0600][10.909s][info][gc,cpu         ] GC(16) User=0.06s Sys=0.01s Real=0.01s
[2026-04-03T06:42:38.862+0600][11.579s][info][gc,start       ] GC(17) Pause Young (Normal) (G1 Evacuation Pause)
[2026-04-03T06:42:38.862+0600][11.579s][info][gc,task        ] GC(17) Using 3 workers of 10 for evacuation
[2026-04-03T06:42:38.875+0600][11.592s][info][gc,phases      ] GC(17)   Pre Evacuate Collection Set: 0.32ms
[2026-04-03T06:42:38.875+0600][11.592s][info][gc,phases      ] GC(17)   Merge Heap Roots: 0.36ms
[2026-04-03T06:42:38.875+0600][11.592s][info][gc,phases      ] GC(17)   Evacuate Collection Set: 10.94ms
[2026-04-03T06:42:38.875+0600][11.592s][info][gc,phases      ] GC(17)   Post Evacuate Collection Set: 1.06ms
[2026-04-03T06:42:38.875+0600][11.592s][info][gc,phases      ] GC(17)   Other: 0.10ms
[2026-04-03T06:42:38.875+0600][11.592s][info][gc,heap        ] GC(17) Eden regions: 16->0(15)
[2026-04-03T06:42:38.875+0600][11.592s][info][gc,heap        ] GC(17) Survivor regions: 3->3(3)
[2026-04-03T06:42:38.875+0600][11.592s][info][gc,heap        ] GC(17) Old regions: 21->23
[2026-04-03T06:42:38.875+0600][11.592s][info][gc,heap        ] GC(17) Humongous regions: 1->1
[2026-04-03T06:42:38.875+0600][11.592s][info][gc,metaspace   ] GC(17) Metaspace: 49796K(50240K)->49796K(50240K) NonClass: 43946K(44224K)->43946K(44224K) Class: 5849K(6016K)->5849K(6016K)
[2026-04-03T06:42:38.875+0600][11.592s][info][gc             ] GC(17) Pause Young (Normal) (G1 Evacuation Pause) 79M->51M(98M) 13.090ms
[2026-04-03T06:42:38.875+0600][11.592s][info][gc,cpu         ] GC(17) User=0.03s Sys=0.00s Real=0.02s
[2026-04-03T06:42:39.665+0600][12.382s][info][gc,start       ] GC(18) Pause Young (Concurrent Start) (CodeCache GC Threshold)
[2026-04-03T06:42:39.665+0600][12.382s][info][gc,task        ] GC(18) Using 2 workers of 10 for evacuation
[2026-04-03T06:42:39.680+0600][12.397s][info][gc,phases      ] GC(18)   Pre Evacuate Collection Set: 0.26ms
[2026-04-03T06:42:39.680+0600][12.398s][info][gc,phases      ] GC(18)   Merge Heap Roots: 0.21ms
[2026-04-03T06:42:39.680+0600][12.398s][info][gc,phases      ] GC(18)   Evacuate Collection Set: 12.95ms
[2026-04-03T06:42:39.680+0600][12.398s][info][gc,phases      ] GC(18)   Post Evacuate Collection Set: 1.43ms
[2026-04-03T06:42:39.680+0600][12.398s][info][gc,phases      ] GC(18)   Other: 0.15ms
[2026-04-03T06:42:39.680+0600][12.398s][info][gc,heap        ] GC(18) Eden regions: 9->0(19)
[2026-04-03T06:42:39.680+0600][12.398s][info][gc,heap        ] GC(18) Survivor regions: 3->2(3)
[2026-04-03T06:42:39.680+0600][12.398s][info][gc,heap        ] GC(18) Old regions: 23->26
[2026-04-03T06:42:39.680+0600][12.398s][info][gc,heap        ] GC(18) Humongous regions: 1->1
[2026-04-03T06:42:39.680+0600][12.398s][info][gc,metaspace   ] GC(18) Metaspace: 51356K(51840K)->51356K(51840K) NonClass: 45339K(45632K)->45339K(45632K) Class: 6017K(6208K)->6017K(6208K)
[2026-04-03T06:42:39.680+0600][12.398s][info][gc             ] GC(18) Pause Young (Concurrent Start) (CodeCache GC Threshold) 68M->54M(118M) 15.387ms
[2026-04-03T06:42:39.680+0600][12.398s][info][gc,cpu         ] GC(18) User=0.05s Sys=0.00s Real=0.01s
[2026-04-03T06:42:39.681+0600][12.398s][info][gc             ] GC(19) Concurrent Mark Cycle
[2026-04-03T06:42:39.681+0600][12.398s][info][gc,marking     ] GC(19) Concurrent Scan Root Regions
[2026-04-03T06:42:39.685+0600][12.402s][info][gc,marking     ] GC(19) Concurrent Scan Root Regions 4.201ms
[2026-04-03T06:42:39.685+0600][12.402s][info][gc,marking     ] GC(19) Concurrent Mark
[2026-04-03T06:42:39.685+0600][12.402s][info][gc,marking     ] GC(19) Concurrent Mark From Roots
[2026-04-03T06:42:39.685+0600][12.402s][info][gc,task        ] GC(19) Using 3 workers of 3 for marking
[2026-04-03T06:42:39.733+0600][12.450s][info][gc,marking     ] GC(19) Concurrent Mark From Roots 47.593ms
[2026-04-03T06:42:39.733+0600][12.450s][info][gc,marking     ] GC(19) Concurrent Preclean
[2026-04-03T06:42:39.733+0600][12.451s][info][gc,marking     ] GC(19) Concurrent Preclean 0.814ms
[2026-04-03T06:42:39.734+0600][12.451s][info][gc,start       ] GC(19) Pause Remark
[2026-04-03T06:42:39.760+0600][12.478s][info][gc             ] GC(19) Pause Remark 55M->55M(118M) 26.651ms
[2026-04-03T06:42:39.761+0600][12.478s][info][gc,cpu         ] GC(19) User=0.11s Sys=0.01s Real=0.02s
[2026-04-03T06:42:39.761+0600][12.478s][info][gc,marking     ] GC(19) Concurrent Mark 75.716ms
[2026-04-03T06:42:39.761+0600][12.478s][info][gc,marking     ] GC(19) Concurrent Rebuild Remembered Sets and Scrub Regions
[2026-04-03T06:42:39.797+0600][12.514s][info][gc,marking     ] GC(19) Concurrent Rebuild Remembered Sets and Scrub Regions 35.839ms
[2026-04-03T06:42:39.797+0600][12.514s][info][gc,start       ] GC(19) Pause Cleanup
[2026-04-03T06:42:39.797+0600][12.515s][info][gc             ] GC(19) Pause Cleanup 55M->55M(118M) 0.405ms
[2026-04-03T06:42:39.797+0600][12.515s][info][gc,cpu         ] GC(19) User=0.00s Sys=0.00s Real=0.00s
[2026-04-03T06:42:39.797+0600][12.515s][info][gc,marking     ] GC(19) Concurrent Clear Claimed Marks
[2026-04-03T06:42:39.798+0600][12.515s][info][gc,marking     ] GC(19) Concurrent Clear Claimed Marks 0.112ms
[2026-04-03T06:42:39.798+0600][12.515s][info][gc,marking     ] GC(19) Concurrent Cleanup for Next Mark
[2026-04-03T06:42:39.798+0600][12.515s][info][gc,marking     ] GC(19) Concurrent Cleanup for Next Mark 0.543ms
[2026-04-03T06:42:39.798+0600][12.515s][info][gc             ] GC(19) Concurrent Mark Cycle 117.631ms
[2026-04-03T06:42:41.445+0600][14.162s][info][gc,start       ] GC(20) Pause Young (Prepare Mixed) (G1 Evacuation Pause)
[2026-04-03T06:42:41.445+0600][14.162s][info][gc,task        ] GC(20) Using 2 workers of 10 for evacuation
[2026-04-03T06:42:41.469+0600][14.187s][info][gc,phases      ] GC(20)   Pre Evacuate Collection Set: 0.52ms
[2026-04-03T06:42:41.470+0600][14.187s][info][gc,phases      ] GC(20)   Merge Heap Roots: 0.48ms
[2026-04-03T06:42:41.470+0600][14.187s][info][gc,phases      ] GC(20)   Evacuate Collection Set: 22.40ms
[2026-04-03T06:42:41.470+0600][14.187s][info][gc,phases      ] GC(20)   Post Evacuate Collection Set: 0.87ms
[2026-04-03T06:42:41.470+0600][14.187s][info][gc,phases      ] GC(20)   Other: 0.10ms
[2026-04-03T06:42:41.470+0600][14.187s][info][gc,heap        ] GC(20) Eden regions: 19->0(17)
[2026-04-03T06:42:41.470+0600][14.187s][info][gc,heap        ] GC(20) Survivor regions: 2->3(3)
[2026-04-03T06:42:41.470+0600][14.187s][info][gc,heap        ] GC(20) Old regions: 26->28
[2026-04-03T06:42:41.470+0600][14.187s][info][gc,heap        ] GC(20) Humongous regions: 1->1
[2026-04-03T06:42:41.470+0600][14.187s][info][gc,metaspace   ] GC(20) Metaspace: 53020K(53504K)->53020K(53504K) NonClass: 46823K(47104K)->46823K(47104K) Class: 6196K(6400K)->6196K(6400K)
[2026-04-03T06:42:41.470+0600][14.187s][info][gc             ] GC(20) Pause Young (Prepare Mixed) (G1 Evacuation Pause) 92M->61M(118M) 24.720ms
[2026-04-03T06:42:41.470+0600][14.187s][info][gc,cpu         ] GC(20) User=0.06s Sys=0.00s Real=0.02s
[2026-04-03T06:42:42.369+0600][15.087s][info][gc,start       ] GC(21) Pause Young (Mixed) (G1 Evacuation Pause)
[2026-04-03T06:42:42.370+0600][15.087s][info][gc,task        ] GC(21) Using 2 workers of 10 for evacuation
[2026-04-03T06:42:42.400+0600][15.117s][info][gc,phases      ] GC(21)   Pre Evacuate Collection Set: 0.28ms
[2026-04-03T06:42:42.400+0600][15.117s][info][gc,phases      ] GC(21)   Merge Heap Roots: 0.40ms
[2026-04-03T06:42:42.400+0600][15.117s][info][gc,phases      ] GC(21)   Evacuate Collection Set: 28.09ms
[2026-04-03T06:42:42.400+0600][15.117s][info][gc,phases      ] GC(21)   Post Evacuate Collection Set: 1.47ms
[2026-04-03T06:42:42.400+0600][15.117s][info][gc,phases      ] GC(21)   Other: 0.10ms
[2026-04-03T06:42:42.400+0600][15.117s][info][gc,heap        ] GC(21) Eden regions: 17->0(16)
[2026-04-03T06:42:42.400+0600][15.117s][info][gc,heap        ] GC(21) Survivor regions: 3->3(3)
[2026-04-03T06:42:42.400+0600][15.117s][info][gc,heap        ] GC(21) Old regions: 28->31
[2026-04-03T06:42:42.400+0600][15.117s][info][gc,heap        ] GC(21) Humongous regions: 1->1
[2026-04-03T06:42:42.400+0600][15.117s][info][gc,metaspace   ] GC(21) Metaspace: 55820K(56320K)->55820K(56320K) NonClass: 49289K(49600K)->49289K(49600K) Class: 6531K(6720K)->6531K(6720K)
[2026-04-03T06:42:42.400+0600][15.117s][info][gc             ] GC(21) Pause Young (Mixed) (G1 Evacuation Pause) 95M->66M(118M) 30.698ms
[2026-04-03T06:42:42.400+0600][15.117s][info][gc,cpu         ] GC(21) User=0.08s Sys=0.00s Real=0.03s
[2026-04-03T06:42:43.465+0600][16.182s][info][gc,start       ] GC(22) Pause Young (Concurrent Start) (G1 Evacuation Pause)
[2026-04-03T06:42:43.465+0600][16.182s][info][gc,task        ] GC(22) Using 2 workers of 10 for evacuation
[2026-04-03T06:42:43.485+0600][16.202s][info][gc,phases      ] GC(22)   Pre Evacuate Collection Set: 0.85ms
[2026-04-03T06:42:43.485+0600][16.202s][info][gc,phases      ] GC(22)   Merge Heap Roots: 0.35ms
[2026-04-03T06:42:43.485+0600][16.202s][info][gc,phases      ] GC(22)   Evacuate Collection Set: 17.80ms
[2026-04-03T06:42:43.485+0600][16.202s][info][gc,phases      ] GC(22)   Post Evacuate Collection Set: 0.78ms
[2026-04-03T06:42:43.485+0600][16.202s][info][gc,phases      ] GC(22)   Other: 0.24ms
[2026-04-03T06:42:43.485+0600][16.202s][info][gc,heap        ] GC(22) Eden regions: 16->0(17)
[2026-04-03T06:42:43.485+0600][16.202s][info][gc,heap        ] GC(22) Survivor regions: 3->1(3)
[2026-04-03T06:42:43.485+0600][16.202s][info][gc,heap        ] GC(22) Old regions: 31->33
[2026-04-03T06:42:43.485+0600][16.202s][info][gc,heap        ] GC(22) Humongous regions: 1->1
[2026-04-03T06:42:43.485+0600][16.202s][info][gc,metaspace   ] GC(22) Metaspace: 57962K(58496K)->57962K(58496K) NonClass: 51214K(51520K)->51214K(51520K) Class: 6747K(6976K)->6747K(6976K)
[2026-04-03T06:42:43.485+0600][16.202s][info][gc             ] GC(22) Pause Young (Concurrent Start) (G1 Evacuation Pause) 98M->67M(118M) 20.339ms
[2026-04-03T06:42:43.485+0600][16.202s][info][gc,cpu         ] GC(22) User=0.05s Sys=0.00s Real=0.02s
[2026-04-03T06:42:43.485+0600][16.202s][info][gc             ] GC(23) Concurrent Mark Cycle
[2026-04-03T06:42:43.485+0600][16.202s][info][gc,marking     ] GC(23) Concurrent Scan Root Regions
[2026-04-03T06:42:43.492+0600][16.209s][info][gc,marking     ] GC(23) Concurrent Scan Root Regions 6.673ms
[2026-04-03T06:42:43.492+0600][16.209s][info][gc,marking     ] GC(23) Concurrent Mark
[2026-04-03T06:42:43.492+0600][16.209s][info][gc,marking     ] GC(23) Concurrent Mark From Roots
[2026-04-03T06:42:43.492+0600][16.209s][info][gc,task        ] GC(23) Using 3 workers of 3 for marking
[2026-04-03T06:42:43.555+0600][16.272s][info][gc,marking     ] GC(23) Concurrent Mark From Roots 63.306ms
[2026-04-03T06:42:43.555+0600][16.272s][info][gc,marking     ] GC(23) Concurrent Preclean
[2026-04-03T06:42:43.557+0600][16.274s][info][gc,marking     ] GC(23) Concurrent Preclean 1.707ms
[2026-04-03T06:42:43.557+0600][16.274s][info][gc,start       ] GC(23) Pause Remark
[2026-04-03T06:42:43.593+0600][16.310s][info][gc             ] GC(23) Pause Remark 70M->70M(118M) 35.367ms
[2026-04-03T06:42:43.593+0600][16.310s][info][gc,cpu         ] GC(23) User=0.07s Sys=0.00s Real=0.03s
[2026-04-03T06:42:43.593+0600][16.310s][info][gc,marking     ] GC(23) Concurrent Mark 101.015ms
[2026-04-03T06:42:43.593+0600][16.310s][info][gc,marking     ] GC(23) Concurrent Rebuild Remembered Sets and Scrub Regions
[2026-04-03T06:42:43.650+0600][16.367s][info][gc,marking     ] GC(23) Concurrent Rebuild Remembered Sets and Scrub Regions 56.813ms
[2026-04-03T06:42:43.650+0600][16.367s][info][gc,start       ] GC(23) Pause Cleanup
[2026-04-03T06:42:43.650+0600][16.368s][info][gc             ] GC(23) Pause Cleanup 72M->72M(118M) 0.402ms
[2026-04-03T06:42:43.651+0600][16.368s][info][gc,cpu         ] GC(23) User=0.01s Sys=0.00s Real=0.00s
[2026-04-03T06:42:43.651+0600][16.368s][info][gc,marking     ] GC(23) Concurrent Clear Claimed Marks
[2026-04-03T06:42:43.651+0600][16.368s][info][gc,marking     ] GC(23) Concurrent Clear Claimed Marks 0.159ms
[2026-04-03T06:42:43.651+0600][16.368s][info][gc,marking     ] GC(23) Concurrent Cleanup for Next Mark
[2026-04-03T06:42:43.651+0600][16.369s][info][gc,marking     ] GC(23) Concurrent Cleanup for Next Mark 0.320ms
[2026-04-03T06:42:43.651+0600][16.369s][info][gc             ] GC(23) Concurrent Mark Cycle 166.423ms
[2026-04-03T06:42:44.773+0600][17.491s][info][gc,start       ] GC(24) Pause Young (Prepare Mixed) (G1 Evacuation Pause)
[2026-04-03T06:42:44.774+0600][17.491s][info][gc,task        ] GC(24) Using 2 workers of 10 for evacuation
[2026-04-03T06:42:44.784+0600][17.502s][info][gc,phases      ] GC(24)   Pre Evacuate Collection Set: 0.28ms
[2026-04-03T06:42:44.785+0600][17.502s][info][gc,phases      ] GC(24)   Merge Heap Roots: 0.31ms
[2026-04-03T06:42:44.785+0600][17.502s][info][gc,phases      ] GC(24)   Evacuate Collection Set: 9.31ms
[2026-04-03T06:42:44.785+0600][17.502s][info][gc,phases      ] GC(24)   Post Evacuate Collection Set: 0.98ms
[2026-04-03T06:42:44.785+0600][17.502s][info][gc,phases      ] GC(24)   Other: 0.07ms
[2026-04-03T06:42:44.785+0600][17.502s][info][gc,heap        ] GC(24) Eden regions: 17->0(17)
[2026-04-03T06:42:44.785+0600][17.502s][info][gc,heap        ] GC(24) Survivor regions: 1->2(3)
[2026-04-03T06:42:44.785+0600][17.502s][info][gc,heap        ] GC(24) Old regions: 33->33
[2026-04-03T06:42:44.785+0600][17.502s][info][gc,heap        ] GC(24) Humongous regions: 1->1
[2026-04-03T06:42:44.785+0600][17.502s][info][gc,metaspace   ] GC(24) Metaspace: 58349K(58944K)->58349K(58944K) NonClass: 51570K(51904K)->51570K(51904K) Class: 6779K(7040K)->6779K(7040K)
[2026-04-03T06:42:44.785+0600][17.502s][info][gc             ] GC(24) Pause Young (Prepare Mixed) (G1 Evacuation Pause) 101M->68M(118M) 11.164ms
[2026-04-03T06:42:44.785+0600][17.502s][info][gc,cpu         ] GC(24) User=0.02s Sys=0.00s Real=0.01s
[2026-04-03T06:42:44.799+0600][17.516s][info][gc,start       ] GC(25) Pause Full (System.gc())
[2026-04-03T06:42:44.799+0600][17.516s][info][gc,task        ] GC(25) Using 2 workers of 10 for full compaction
[2026-04-03T06:42:44.799+0600][17.516s][info][gc,phases,start] GC(25) Phase 1: Mark live objects
[2026-04-03T06:42:44.838+0600][17.555s][info][gc,phases      ] GC(25) Phase 1: Mark live objects 38.776ms
[2026-04-03T06:42:44.838+0600][17.555s][info][gc,phases,start] GC(25) Phase 2: Prepare compaction
[2026-04-03T06:42:44.842+0600][17.559s][info][gc,phases      ] GC(25) Phase 2: Prepare compaction 3.842ms
[2026-04-03T06:42:44.842+0600][17.559s][info][gc,phases,start] GC(25) Phase 3: Adjust pointers
[2026-04-03T06:42:44.862+0600][17.580s][info][gc,phases      ] GC(25) Phase 3: Adjust pointers 20.439ms
[2026-04-03T06:42:44.862+0600][17.580s][info][gc,phases,start] GC(25) Phase 4: Compact heap
[2026-04-03T06:42:44.868+0600][17.586s][info][gc,phases      ] GC(25) Phase 4: Compact heap 6.057ms
[2026-04-03T06:42:44.869+0600][17.586s][info][gc,phases,start] GC(25) Phase 5: Reset Metadata
[2026-04-03T06:42:44.873+0600][17.590s][info][gc,phases      ] GC(25) Phase 5: Reset Metadata 4.612ms
[2026-04-03T06:42:44.889+0600][17.606s][info][gc,heap        ] GC(25) Eden regions: 1->0(23)
[2026-04-03T06:42:44.889+0600][17.606s][info][gc,heap        ] GC(25) Survivor regions: 2->0(3)
[2026-04-03T06:42:44.889+0600][17.606s][info][gc,heap        ] GC(25) Old regions: 33->13
[2026-04-03T06:42:44.889+0600][17.606s][info][gc,heap        ] GC(25) Humongous regions: 1->1
[2026-04-03T06:42:44.889+0600][17.606s][info][gc,metaspace   ] GC(25) Metaspace: 58356K(58944K)->58356K(58944K) NonClass: 51577K(51904K)->51577K(51904K) Class: 6779K(7040K)->6779K(7040K)
[2026-04-03T06:42:44.889+0600][17.607s][info][gc             ] GC(25) Pause Full (System.gc()) 69M->24M(94M) 90.247ms
[2026-04-03T06:42:44.889+0600][17.607s][info][gc,cpu         ] GC(25) User=0.15s Sys=0.01s Real=0.09s
[2026-04-03T06:42:45.859+0600][18.576s][info][gc,start       ] GC(26) Pause Young (Normal) (G1 Evacuation Pause)
[2026-04-03T06:42:45.859+0600][18.576s][info][gc,task        ] GC(26) Using 2 workers of 10 for evacuation
[2026-04-03T06:42:45.880+0600][18.597s][info][gc,phases      ] GC(26)   Pre Evacuate Collection Set: 0.33ms
[2026-04-03T06:42:45.880+0600][18.597s][info][gc,phases      ] GC(26)   Merge Heap Roots: 0.07ms
[2026-04-03T06:42:45.880+0600][18.597s][info][gc,phases      ] GC(26)   Evacuate Collection Set: 18.98ms
[2026-04-03T06:42:45.880+0600][18.597s][info][gc,phases      ] GC(26)   Post Evacuate Collection Set: 1.52ms
[2026-04-03T06:42:45.880+0600][18.597s][info][gc,phases      ] GC(26)   Other: 0.08ms
[2026-04-03T06:42:45.880+0600][18.597s][info][gc,heap        ] GC(26) Eden regions: 23->0(17)
[2026-04-03T06:42:45.880+0600][18.597s][info][gc,heap        ] GC(26) Survivor regions: 0->3(3)
[2026-04-03T06:42:45.880+0600][18.597s][info][gc,heap        ] GC(26) Old regions: 13->17
[2026-04-03T06:42:45.880+0600][18.597s][info][gc,heap        ] GC(26) Humongous regions: 1->1
[2026-04-03T06:42:45.880+0600][18.597s][info][gc,metaspace   ] GC(26) Metaspace: 58832K(59392K)->58832K(59392K) NonClass: 52053K(52352K)->52053K(52352K) Class: 6779K(7040K)->6779K(7040K)
[2026-04-03T06:42:45.880+0600][18.597s][info][gc             ] GC(26) Pause Young (Normal) (G1 Evacuation Pause) 70M->37M(94M) 21.278ms
[2026-04-03T06:42:45.880+0600][18.597s][info][gc,cpu         ] GC(26) User=0.05s Sys=0.00s Real=0.02s
[2026-04-03T06:42:47.060+0600][19.778s][info][gc,start       ] GC(27) Pause Young (Normal) (G1 Evacuation Pause)
[2026-04-03T06:42:47.061+0600][19.778s][info][gc,task        ] GC(27) Using 2 workers of 10 for evacuation
[2026-04-03T06:42:47.083+0600][19.800s][info][gc,phases      ] GC(27)   Pre Evacuate Collection Set: 0.25ms
[2026-04-03T06:42:47.083+0600][19.800s][info][gc,phases      ] GC(27)   Merge Heap Roots: 0.14ms
[2026-04-03T06:42:47.083+0600][19.800s][info][gc,phases      ] GC(27)   Evacuate Collection Set: 19.45ms
[2026-04-03T06:42:47.083+0600][19.800s][info][gc,phases      ] GC(27)   Post Evacuate Collection Set: 2.35ms
[2026-04-03T06:42:47.083+0600][19.800s][info][gc,phases      ] GC(27)   Other: 0.09ms
[2026-04-03T06:42:47.083+0600][19.800s][info][gc,heap        ] GC(27) Eden regions: 17->0(69)
[2026-04-03T06:42:47.083+0600][19.800s][info][gc,heap        ] GC(27) Survivor regions: 3->3(3)
[2026-04-03T06:42:47.083+0600][19.800s][info][gc,heap        ] GC(27) Old regions: 17->20
[2026-04-03T06:42:47.083+0600][19.800s][info][gc,heap        ] GC(27) Humongous regions: 1->1
[2026-04-03T06:42:47.083+0600][19.800s][info][gc,metaspace   ] GC(27) Metaspace: 59081K(59648K)->59081K(59648K) NonClass: 52301K(52608K)->52301K(52608K) Class: 6779K(7040K)->6779K(7040K)
[2026-04-03T06:42:47.083+0600][19.800s][info][gc             ] GC(27) Pause Young (Normal) (G1 Evacuation Pause) 71M->43M(254M) 22.578ms
[2026-04-03T06:42:47.083+0600][19.800s][info][gc,cpu         ] GC(27) User=0.05s Sys=0.00s Real=0.02s
[2026-04-03T06:42:50.543+0600][23.261s][info][gc,start       ] GC(28) Pause Young (Normal) (G1 Evacuation Pause)
[2026-04-03T06:42:50.543+0600][23.261s][info][gc,task        ] GC(28) Using 6 workers of 10 for evacuation
[2026-04-03T06:42:50.572+0600][23.289s][info][gc,phases      ] GC(28)   Pre Evacuate Collection Set: 0.30ms
[2026-04-03T06:42:50.572+0600][23.289s][info][gc,phases      ] GC(28)   Merge Heap Roots: 0.26ms
[2026-04-03T06:42:50.572+0600][23.289s][info][gc,phases      ] GC(28)   Evacuate Collection Set: 24.50ms
[2026-04-03T06:42:50.572+0600][23.289s][info][gc,phases      ] GC(28)   Post Evacuate Collection Set: 3.16ms
[2026-04-03T06:42:50.572+0600][23.289s][info][gc,phases      ] GC(28)   Other: 0.15ms
[2026-04-03T06:42:50.572+0600][23.289s][info][gc,heap        ] GC(28) Eden regions: 69->0(64)
[2026-04-03T06:42:50.572+0600][23.289s][info][gc,heap        ] GC(28) Survivor regions: 3->9(9)
[2026-04-03T06:42:50.572+0600][23.289s][info][gc,heap        ] GC(28) Old regions: 20->22
[2026-04-03T06:42:50.572+0600][23.289s][info][gc,heap        ] GC(28) Humongous regions: 1->1
[2026-04-03T06:42:50.572+0600][23.289s][info][gc,metaspace   ] GC(28) Metaspace: 59842K(60416K)->59842K(60416K) NonClass: 53062K(53376K)->53062K(53376K) Class: 6779K(7040K)->6779K(7040K)
[2026-04-03T06:42:50.572+0600][23.289s][info][gc             ] GC(28) Pause Young (Normal) (G1 Evacuation Pause) 181M->60M(254M) 28.736ms
[2026-04-03T06:42:50.572+0600][23.289s][info][gc,cpu         ] GC(28) User=0.16s Sys=0.01s Real=0.02s
[2026-04-03T06:42:51.150+0600][23.867s][info][gc,start       ] GC(29) Pause Full (System.gc())
[2026-04-03T06:42:51.150+0600][23.867s][info][gc,task        ] GC(29) Using 6 workers of 10 for full compaction
[2026-04-03T06:42:51.150+0600][23.867s][info][gc,phases,start] GC(29) Phase 1: Mark live objects
[2026-04-03T06:42:51.176+0600][23.893s][info][gc,phases      ] GC(29) Phase 1: Mark live objects 25.858ms
[2026-04-03T06:42:51.176+0600][23.893s][info][gc,phases,start] GC(29) Phase 2: Prepare compaction
[2026-04-03T06:42:51.177+0600][23.894s][info][gc,phases      ] GC(29) Phase 2: Prepare compaction 0.843ms
[2026-04-03T06:42:51.177+0600][23.894s][info][gc,phases,start] GC(29) Phase 3: Adjust pointers
[2026-04-03T06:42:51.204+0600][23.921s][info][gc,phases      ] GC(29) Phase 3: Adjust pointers 26.775ms
[2026-04-03T06:42:51.204+0600][23.921s][info][gc,phases,start] GC(29) Phase 4: Compact heap
[2026-04-03T06:42:51.204+0600][23.922s][info][gc,phases      ] GC(29) Phase 4: Compact heap 0.628ms
[2026-04-03T06:42:51.204+0600][23.922s][info][gc,phases,start] GC(29) Phase 5: Reset Metadata
[2026-04-03T06:42:51.209+0600][23.927s][info][gc,phases      ] GC(29) Phase 5: Reset Metadata 4.918ms
[2026-04-03T06:42:51.232+0600][23.950s][info][gc,heap        ] GC(29) Eden regions: 5->0(27)
[2026-04-03T06:42:51.232+0600][23.950s][info][gc,heap        ] GC(29) Survivor regions: 9->0(9)
[2026-04-03T06:42:51.232+0600][23.950s][info][gc,heap        ] GC(29) Old regions: 22->16
[2026-04-03T06:42:51.232+0600][23.950s][info][gc,heap        ] GC(29) Humongous regions: 1->1
[2026-04-03T06:42:51.232+0600][23.950s][info][gc,metaspace   ] GC(29) Metaspace: 59901K(60416K)->59901K(60416K) NonClass: 53121K(53376K)->53121K(53376K) Class: 6779K(7040K)->6779K(7040K)
[2026-04-03T06:42:51.232+0600][23.950s][info][gc             ] GC(29) Pause Full (System.gc()) 69M->25M(114M) 82.656ms
[2026-04-03T06:42:51.232+0600][23.950s][info][gc,cpu         ] GC(29) User=0.21s Sys=0.01s Real=0.08s
[2026-04-03T06:42:52.039+0600][24.756s][info][gc,start       ] GC(30) Pause Young (Concurrent Start) (G1 Evacuation Pause)
[2026-04-03T06:42:52.039+0600][24.756s][info][gc,task        ] GC(30) Using 4 workers of 10 for evacuation
[2026-04-03T06:42:52.054+0600][24.772s][info][gc,phases      ] GC(30)   Pre Evacuate Collection Set: 0.40ms
[2026-04-03T06:42:52.054+0600][24.772s][info][gc,phases      ] GC(30)   Merge Heap Roots: 0.23ms
[2026-04-03T06:42:52.054+0600][24.772s][info][gc,phases      ] GC(30)   Evacuate Collection Set: 12.63ms
[2026-04-03T06:42:52.054+0600][24.772s][info][gc,phases      ] GC(30)   Post Evacuate Collection Set: 2.02ms
[2026-04-03T06:42:52.054+0600][24.772s][info][gc,phases      ] GC(30)   Other: 0.26ms
[2026-04-03T06:42:52.054+0600][24.772s][info][gc,heap        ] GC(30) Eden regions: 27->0(21)
[2026-04-03T06:42:52.054+0600][24.772s][info][gc,heap        ] GC(30) Survivor regions: 0->4(4)
[2026-04-03T06:42:52.054+0600][24.772s][info][gc,heap        ] GC(30) Old regions: 16->19
[2026-04-03T06:42:52.054+0600][24.772s][info][gc,heap        ] GC(30) Humongous regions: 1->1
[2026-04-03T06:42:52.054+0600][24.772s][info][gc,metaspace   ] GC(30) Metaspace: 60113K(60672K)->60113K(60672K) NonClass: 53334K(53632K)->53334K(53632K) Class: 6779K(7040K)->6779K(7040K)
[2026-04-03T06:42:52.054+0600][24.772s][info][gc             ] GC(30) Pause Young (Concurrent Start) (G1 Evacuation Pause) 79M->39M(114M) 15.886ms
[2026-04-03T06:42:52.054+0600][24.772s][info][gc,cpu         ] GC(30) User=0.06s Sys=0.00s Real=0.02s
[2026-04-03T06:42:52.055+0600][24.772s][info][gc             ] GC(31) Concurrent Mark Cycle
[2026-04-03T06:42:52.055+0600][24.772s][info][gc,marking     ] GC(31) Concurrent Scan Root Regions
[2026-04-03T06:42:52.062+0600][24.779s][info][gc,marking     ] GC(31) Concurrent Scan Root Regions 7.075ms
[2026-04-03T06:42:52.062+0600][24.779s][info][gc,marking     ] GC(31) Concurrent Mark
[2026-04-03T06:42:52.062+0600][24.779s][info][gc,marking     ] GC(31) Concurrent Mark From Roots
[2026-04-03T06:42:52.062+0600][24.779s][info][gc,task        ] GC(31) Using 3 workers of 3 for marking
[2026-04-03T06:42:52.082+0600][24.799s][info][gc,marking     ] GC(31) Concurrent Mark From Roots 20.204ms
[2026-04-03T06:42:52.082+0600][24.799s][info][gc,marking     ] GC(31) Concurrent Preclean
[2026-04-03T06:42:52.082+0600][24.800s][info][gc,marking     ] GC(31) Concurrent Preclean 0.278ms
[2026-04-03T06:42:52.083+0600][24.800s][info][gc,start       ] GC(31) Pause Remark
[2026-04-03T06:42:52.106+0600][24.824s][info][gc             ] GC(31) Pause Remark 40M->40M(114M) 23.125ms
[2026-04-03T06:42:52.106+0600][24.824s][info][gc,cpu         ] GC(31) User=0.07s Sys=0.00s Real=0.03s
[2026-04-03T06:42:52.106+0600][24.824s][info][gc,marking     ] GC(31) Concurrent Mark 44.590ms
[2026-04-03T06:42:52.106+0600][24.824s][info][gc,marking     ] GC(31) Concurrent Rebuild Remembered Sets and Scrub Regions
[2026-04-03T06:42:52.134+0600][24.851s][info][gc,marking     ] GC(31) Concurrent Rebuild Remembered Sets and Scrub Regions 27.441ms
[2026-04-03T06:42:52.134+0600][24.851s][info][gc,start       ] GC(31) Pause Cleanup
[2026-04-03T06:42:52.134+0600][24.852s][info][gc             ] GC(31) Pause Cleanup 40M->40M(114M) 0.200ms
[2026-04-03T06:42:52.134+0600][24.852s][info][gc,cpu         ] GC(31) User=0.00s Sys=0.00s Real=0.00s
[2026-04-03T06:42:52.134+0600][24.852s][info][gc,marking     ] GC(31) Concurrent Clear Claimed Marks
[2026-04-03T06:42:52.135+0600][24.852s][info][gc,marking     ] GC(31) Concurrent Clear Claimed Marks 0.138ms
[2026-04-03T06:42:52.135+0600][24.852s][info][gc,marking     ] GC(31) Concurrent Cleanup for Next Mark
[2026-04-03T06:42:52.135+0600][24.852s][info][gc,marking     ] GC(31) Concurrent Cleanup for Next Mark 0.235ms
[2026-04-03T06:42:52.135+0600][24.852s][info][gc             ] GC(31) Concurrent Mark Cycle 80.315ms
[2026-04-03T06:42:53.167+0600][25.884s][info][gc,start       ] GC(32) Pause Young (Prepare Mixed) (G1 Evacuation Pause)
[2026-04-03T06:42:53.167+0600][25.884s][info][gc,task        ] GC(32) Using 4 workers of 10 for evacuation
[2026-04-03T06:42:53.187+0600][25.904s][info][gc,phases      ] GC(32)   Pre Evacuate Collection Set: 0.22ms
[2026-04-03T06:42:53.187+0600][25.904s][info][gc,phases      ] GC(32)   Merge Heap Roots: 0.35ms
[2026-04-03T06:42:53.187+0600][25.904s][info][gc,phases      ] GC(32)   Evacuate Collection Set: 17.00ms
[2026-04-03T06:42:53.187+0600][25.904s][info][gc,phases      ] GC(32)   Post Evacuate Collection Set: 2.10ms
[2026-04-03T06:42:53.187+0600][25.904s][info][gc,phases      ] GC(32)   Other: 0.13ms
[2026-04-03T06:42:53.187+0600][25.904s][info][gc,heap        ] GC(32) Eden regions: 21->0(19)
[2026-04-03T06:42:53.187+0600][25.904s][info][gc,heap        ] GC(32) Survivor regions: 4->4(4)
[2026-04-03T06:42:53.187+0600][25.904s][info][gc,heap        ] GC(32) Old regions: 19->24
[2026-04-03T06:42:53.187+0600][25.904s][info][gc,heap        ] GC(32) Humongous regions: 1->1
[2026-04-03T06:42:53.187+0600][25.904s][info][gc,metaspace   ] GC(32) Metaspace: 60252K(60800K)->60252K(60800K) NonClass: 53473K(53760K)->53473K(53760K) Class: 6779K(7040K)->6779K(7040K)
[2026-04-03T06:42:53.187+0600][25.904s][info][gc             ] GC(32) Pause Young (Prepare Mixed) (G1 Evacuation Pause) 81M->46M(114M) 20.149ms
[2026-04-03T06:42:53.187+0600][25.904s][info][gc,cpu         ] GC(32) User=0.09s Sys=0.00s Real=0.02s
[2026-04-03T06:42:53.483+0600][26.200s][info][gc,start       ] GC(33) Pause Young (Mixed) (G1 Evacuation Pause)
[2026-04-03T06:42:53.483+0600][26.200s][info][gc,task        ] GC(33) Using 3 workers of 10 for evacuation
[2026-04-03T06:42:53.499+0600][26.216s][info][gc,phases      ] GC(33)   Pre Evacuate Collection Set: 0.28ms
[2026-04-03T06:42:53.499+0600][26.216s][info][gc,phases      ] GC(33)   Merge Heap Roots: 0.22ms
[2026-04-03T06:42:53.499+0600][26.216s][info][gc,phases      ] GC(33)   Evacuate Collection Set: 14.14ms
[2026-04-03T06:42:53.499+0600][26.216s][info][gc,phases      ] GC(33)   Post Evacuate Collection Set: 1.05ms
[2026-04-03T06:42:53.499+0600][26.216s][info][gc,phases      ] GC(33)   Other: 0.13ms
[2026-04-03T06:42:53.499+0600][26.216s][info][gc,heap        ] GC(33) Eden regions: 19->0(18)
[2026-04-03T06:42:53.499+0600][26.216s][info][gc,heap        ] GC(33) Survivor regions: 4->3(3)
[2026-04-03T06:42:53.499+0600][26.216s][info][gc,heap        ] GC(33) Old regions: 24->25
[2026-04-03T06:42:53.499+0600][26.216s][info][gc,heap        ] GC(33) Humongous regions: 1->1
[2026-04-03T06:42:53.499+0600][26.216s][info][gc,metaspace   ] GC(33) Metaspace: 60326K(60864K)->60326K(60864K) NonClass: 53547K(53824K)->53547K(53824K) Class: 6779K(7040K)->6779K(7040K)
[2026-04-03T06:42:53.499+0600][26.217s][info][gc             ] GC(33) Pause Young (Mixed) (G1 Evacuation Pause) 84M->52M(114M) 16.212ms
[2026-04-03T06:42:53.499+0600][26.217s][info][gc,cpu         ] GC(33) User=0.08s Sys=0.01s Real=0.02s
[2026-04-03T06:42:54.184+0600][26.901s][info][gc,start       ] GC(34) Pause Young (Normal) (G1 Evacuation Pause)
[2026-04-03T06:42:54.184+0600][26.902s][info][gc,task        ] GC(34) Using 2 workers of 10 for evacuation
[2026-04-03T06:42:54.209+0600][26.926s][info][gc,phases      ] GC(34)   Pre Evacuate Collection Set: 0.23ms
[2026-04-03T06:42:54.209+0600][26.926s][info][gc,phases      ] GC(34)   Merge Heap Roots: 0.31ms
[2026-04-03T06:42:54.209+0600][26.926s][info][gc,phases      ] GC(34)   Evacuate Collection Set: 21.83ms
[2026-04-03T06:42:54.209+0600][26.926s][info][gc,phases      ] GC(34)   Post Evacuate Collection Set: 2.05ms
[2026-04-03T06:42:54.209+0600][26.926s][info][gc,phases      ] GC(34)   Other: 0.12ms
[2026-04-03T06:42:54.209+0600][26.926s][info][gc,heap        ] GC(34) Eden regions: 18->0(37)
[2026-04-03T06:42:54.209+0600][26.926s][info][gc,heap        ] GC(34) Survivor regions: 3->3(3)
[2026-04-03T06:42:54.209+0600][26.926s][info][gc,heap        ] GC(34) Old regions: 25->29
[2026-04-03T06:42:54.209+0600][26.926s][info][gc,heap        ] GC(34) Humongous regions: 1->1
[2026-04-03T06:42:54.209+0600][26.926s][info][gc,metaspace   ] GC(34) Metaspace: 60460K(60992K)->60460K(60992K) NonClass: 53680K(53952K)->53680K(53952K) Class: 6779K(7040K)->6779K(7040K)
[2026-04-03T06:42:54.209+0600][26.926s][info][gc             ] GC(34) Pause Young (Normal) (G1 Evacuation Pause) 88M->60M(178M) 24.886ms
[2026-04-03T06:42:54.209+0600][26.926s][info][gc,cpu         ] GC(34) User=0.08s Sys=0.00s Real=0.02s
[2026-04-03T06:42:55.544+0600][28.261s][info][gc,heap,exit   ] Heap
[2026-04-03T06:42:55.544+0600][28.261s][info][gc,heap,exit   ]  garbage-first heap   total 182272K, used 129652K [0x000000070ae00000, 0x0000000800000000)
[2026-04-03T06:42:55.544+0600][28.261s][info][gc,heap,exit   ]   region size 2048K, 36 young (73728K), 3 survivors (6144K)
[2026-04-03T06:42:55.544+0600][28.261s][info][gc,heap,exit   ]  Metaspace       used 60858K, committed 61440K, reserved 1114112K
[2026-04-03T06:42:55.544+0600][28.261s][info][gc,heap,exit   ]   class space    used 6882K, committed 7168K, reserved 1048576K
