[2026-04-03T06:41:59.738+0600][0.006s][info][gc,init] Initializing The Z Garbage Collector
[2026-04-03T06:41:59.738+0600][0.006s][info][gc,init] Version: 21.0.10+7-Ubuntu-124.04 (release)
[2026-04-03T06:41:59.738+0600][0.006s][info][gc,init] NUMA Support: Disabled
[2026-04-03T06:41:59.738+0600][0.006s][info][gc,init] CPUs: 12 total, 12 available
[2026-04-03T06:41:59.738+0600][0.006s][info][gc,init] Memory: 15683M
[2026-04-03T06:41:59.738+0600][0.006s][info][gc,init] Large Page Support: Disabled
[2026-04-03T06:41:59.738+0600][0.006s][info][gc,init] Address Space Type: Contiguous/Unrestricted/Complete
[2026-04-03T06:41:59.738+0600][0.006s][info][gc,init] Address Space Size: 62752M
[2026-04-03T06:41:59.738+0600][0.006s][info][gc,init] Heap Backing File: /memfd:java_heap
[2026-04-03T06:41:59.738+0600][0.006s][info][gc,init] Heap Backing Filesystem: tmpfs (0x1021994)
[2026-04-03T06:41:59.739+0600][0.007s][info][gc,init] Min Capacity: 8M
[2026-04-03T06:41:59.739+0600][0.007s][info][gc,init] Initial Capacity: 246M
[2026-04-03T06:41:59.739+0600][0.007s][info][gc,init] Max Capacity: 3922M
[2026-04-03T06:41:59.739+0600][0.007s][info][gc,init] Soft Max Capacity: 3529M
[2026-04-03T06:41:59.739+0600][0.007s][info][gc,init] Medium Page Size: 32M
[2026-04-03T06:41:59.739+0600][0.007s][info][gc,init] Pre-touch: Disabled
[2026-04-03T06:41:59.739+0600][0.007s][info][gc,init] Available space on backing filesystem: N/A
[2026-04-03T06:41:59.740+0600][0.008s][info][gc,init] Uncommit: Enabled
[2026-04-03T06:41:59.740+0600][0.008s][info][gc,init] Uncommit Delay: 300s
[2026-04-03T06:41:59.740+0600][0.008s][info][gc,init] GC Workers for Old Generation: 3 (dynamic)
[2026-04-03T06:41:59.741+0600][0.009s][info][gc,init] GC Workers for Young Generation: 3 (dynamic)
[2026-04-03T06:41:59.826+0600][0.094s][info][gc,init] GC Workers Max: 3 (dynamic)
[2026-04-03T06:41:59.827+0600][0.095s][info][gc,init] Runtime Workers: 8
[2026-04-03T06:41:59.828+0600][0.096s][info][gc     ] Using The Z Garbage Collector
[2026-04-03T06:41:59.837+0600][0.105s][info][gc,metaspace] CDS archive(s) mapped at: [0x00007b6ed7000000-0x00007b6ed7c9c000-0x00007b6ed7c9c000), size 13221888, SharedBaseAddress: 0x00007b6ed7000000, ArchiveRelocationMode: 1.
[2026-04-03T06:41:59.837+0600][0.105s][info][gc,metaspace] Compressed class space mapped at: 0x00007b6ed8000000-0x00007b6f18000000, reserved size: 1073741824
[2026-04-03T06:41:59.837+0600][0.105s][info][gc,metaspace] Narrow klass base: 0x00007b6ed7000000, Narrow klass shift: 0, Narrow klass range: 0x100000000
[2026-04-03T06:42:01.325+0600][1.593s][info][gc          ] GC(0) Major Collection (Warmup)
[2026-04-03T06:42:01.325+0600][1.593s][info][gc,task     ] GC(0) Using 3 Workers for Young Generation
[2026-04-03T06:42:01.325+0600][1.593s][info][gc,task     ] GC(0) Using 2 Workers for Old Generation
[2026-04-03T06:42:01.325+0600][1.593s][info][gc,phases   ] GC(0) Y: Young Generation
[2026-04-03T06:42:01.325+0600][1.593s][info][gc,phases   ] GC(0) Y: Pause Mark Start (Major) 0.020ms
[2026-04-03T06:42:01.333+0600][1.601s][info][gc,phases   ] GC(0) Y: Concurrent Mark 7.999ms
[2026-04-03T06:42:01.334+0600][1.602s][info][gc,phases   ] GC(0) Y: Pause Mark End 0.023ms
[2026-04-03T06:42:01.334+0600][1.602s][info][gc,phases   ] GC(0) Y: Concurrent Mark Free 0.001ms
[2026-04-03T06:42:01.334+0600][1.602s][info][gc,phases   ] GC(0) Y: Concurrent Reset Relocation Set 0.001ms
[2026-04-03T06:42:01.341+0600][1.609s][info][gc,reloc    ] GC(0) Y: Using tenuring threshold: 1 (Computed)
[2026-04-03T06:42:01.343+0600][1.611s][info][gc,phases   ] GC(0) Y: Concurrent Select Relocation Set 8.903ms
[2026-04-03T06:42:01.343+0600][1.611s][info][gc,phases   ] GC(0) Y: Pause Relocate Start 0.018ms
[2026-04-03T06:42:01.349+0600][1.617s][info][gc,phases   ] GC(0) Y: Concurrent Relocate 5.477ms
[2026-04-03T06:42:01.349+0600][1.617s][info][gc,alloc    ] GC(0) Y:                         Mark Start        Mark End      Relocate Start    Relocate End   
[2026-04-03T06:42:01.349+0600][1.617s][info][gc,alloc    ] GC(0) Y: Allocation Stalls:          0                0                0                0         
[2026-04-03T06:42:01.349+0600][1.617s][info][gc,load     ] GC(0) Y: Load: 4.10 (34%) / 6.19 (52%) / 5.52 (46%)
[2026-04-03T06:42:01.349+0600][1.617s][info][gc,mmu      ] GC(0) Y: MMU: 2ms/98.8%, 5ms/99.5%, 10ms/99.6%, 20ms/99.7%, 50ms/99.9%, 100ms/99.9%
[2026-04-03T06:42:01.349+0600][1.617s][info][gc,marking  ] GC(0) Y: Mark: 2 stripe(s), 2 proactive flush(es), 1 terminate flush(es), 0 completion(s), 0 continuation(s) 
[2026-04-03T06:42:01.349+0600][1.617s][info][gc,marking  ] GC(0) Y: Mark Stack Usage: 32M
[2026-04-03T06:42:01.349+0600][1.617s][info][gc,nmethod  ] GC(0) Y: NMethods: 1221 registered, 0 unregistered
[2026-04-03T06:42:01.349+0600][1.617s][info][gc,metaspace] GC(0) Y: Metaspace: 10M used, 10M committed, 1088M reserved
[2026-04-03T06:42:01.349+0600][1.617s][info][gc,reloc    ] GC(0) Y:                        Candidates     Selected     In-Place         Size        Empty    Relocated 
[2026-04-03T06:42:01.349+0600][1.617s][info][gc,reloc    ] GC(0) Y: Small Pages:                  162          159            0         324M           0M           2M 
[2026-04-03T06:42:01.349+0600][1.617s][info][gc,reloc    ] GC(0) Y: Medium Pages:                   1            0            0          32M           0M           0M 
[2026-04-03T06:42:01.349+0600][1.617s][info][gc,reloc    ] GC(0) Y: Large Pages:                    0            0            0           0M           0M           0M 
[2026-04-03T06:42:01.349+0600][1.617s][info][gc,reloc    ] GC(0) Y: Forwarding Usage: 1M
[2026-04-03T06:42:01.349+0600][1.617s][info][gc,reloc    ] GC(0) Y: Age Table:
[2026-04-03T06:42:01.349+0600][1.617s][info][gc,reloc    ] GC(0) Y:                    Live             Garbage             Small              Medium             Large        
[2026-04-03T06:42:01.349+0600][1.617s][info][gc,reloc    ] GC(0) Y: Eden               5M (0%)          350M (9%)         162 / 159            1 / 0              0 / 0        
[2026-04-03T06:42:01.349+0600][1.617s][info][gc,heap     ] GC(0) Y: Min Capacity: 8M(0%)
[2026-04-03T06:42:01.349+0600][1.617s][info][gc,heap     ] GC(0) Y: Max Capacity: 3922M(100%)
[2026-04-03T06:42:01.349+0600][1.617s][info][gc,heap     ] GC(0) Y: Soft Max Capacity: 3529M(90%)
[2026-04-03T06:42:01.349+0600][1.617s][info][gc,heap     ] GC(0) Y: Heap Statistics:
[2026-04-03T06:42:01.349+0600][1.617s][info][gc,heap     ] GC(0) Y:                Mark Start          Mark End        Relocate Start      Relocate End           High               Low         
[2026-04-03T06:42:01.349+0600][1.617s][info][gc,heap     ] GC(0) Y:  Capacity:      356M (9%)          360M (9%)          364M (9%)          372M (9%)          372M (9%)          356M (9%)     
[2026-04-03T06:42:01.349+0600][1.617s][info][gc,heap     ] GC(0) Y:      Free:     3566M (91%)        3562M (91%)        3558M (91%)        3870M (99%)        3870M (99%)        3550M (91%)    
[2026-04-03T06:42:01.349+0600][1.617s][info][gc,heap     ] GC(0) Y:      Used:      356M (9%)          360M (9%)          364M (9%)           52M (1%)          372M (9%)           52M (1%)     
[2026-04-03T06:42:01.349+0600][1.617s][info][gc,heap     ] GC(0) Y: Young Generation Statistics:
[2026-04-03T06:42:01.349+0600][1.617s][info][gc,heap     ] GC(0) Y:                Mark Start          Mark End        Relocate Start      Relocate End    
[2026-04-03T06:42:01.349+0600][1.617s][info][gc,heap     ] GC(0) Y:      Used:      356M (9%)          360M (9%)          364M (9%)           52M (1%)     
[2026-04-03T06:42:01.349+0600][1.617s][info][gc,heap     ] GC(0) Y:      Live:         -                 5M (0%)            5M (0%)            5M (0%)     
[2026-04-03T06:42:01.349+0600][1.617s][info][gc,heap     ] GC(0) Y:   Garbage:         -               350M (9%)          350M (9%)           31M (1%)     
[2026-04-03T06:42:01.349+0600][1.617s][info][gc,heap     ] GC(0) Y: Allocated:         -                 4M (0%)            8M (0%)           14M (0%)     
[2026-04-03T06:42:01.349+0600][1.617s][info][gc,heap     ] GC(0) Y: Reclaimed:         -                  -                 0M (0%)          318M (8%)     
[2026-04-03T06:42:01.349+0600][1.617s][info][gc,heap     ] GC(0) Y:  Promoted:         -                  -                 0M (0%)            0M (0%)     
[2026-04-03T06:42:01.349+0600][1.617s][info][gc,heap     ] GC(0) Y: Compacted:         -                  -                  -                 3M (0%)     
[2026-04-03T06:42:01.349+0600][1.617s][info][gc,phases   ] GC(0) Y: Young Generation 356M(9%)->52M(1%) 0.024s
[2026-04-03T06:42:01.349+0600][1.617s][info][gc,phases   ] GC(0) O: Old Generation
[2026-04-03T06:42:01.350+0600][1.618s][info][gc,phases   ] GC(0) O: Concurrent Mark 0.833ms
[2026-04-03T06:42:01.350+0600][1.618s][info][gc,phases   ] GC(0) O: Pause Mark End 0.032ms
[2026-04-03T06:42:01.350+0600][1.618s][info][gc,phases   ] GC(0) O: Concurrent Mark Free 0.024ms
[2026-04-03T06:42:01.353+0600][1.621s][info][gc,phases   ] GC(0) O: Concurrent Process Non-Strong 2.533ms
[2026-04-03T06:42:01.353+0600][1.621s][info][gc,phases   ] GC(0) O: Concurrent Reset Relocation Set 0.001ms
[2026-04-03T06:42:01.354+0600][1.622s][info][gc,phases   ] GC(0) O: Concurrent Select Relocation Set 1.458ms
[2026-04-03T06:42:01.354+0600][1.622s][info][gc,task     ] GC(0) O: Using 3 Workers for Old Generation
[2026-04-03T06:42:01.368+0600][1.636s][info][gc,task     ] GC(0) O: Using 2 Workers for Old Generation
[2026-04-03T06:42:01.368+0600][1.636s][info][gc,phases   ] GC(0) O: Concurrent Remap Roots 14.160ms
[2026-04-03T06:42:01.369+0600][1.637s][info][gc,phases   ] GC(0) O: Pause Relocate Start 0.017ms
[2026-04-03T06:42:01.369+0600][1.637s][info][gc,phases   ] GC(0) O: Concurrent Relocate 0.231ms
[2026-04-03T06:42:01.369+0600][1.637s][info][gc,alloc    ] GC(0) O:                         Mark Start        Mark End      Relocate Start    Relocate End   
[2026-04-03T06:42:01.369+0600][1.637s][info][gc,alloc    ] GC(0) O: Allocation Stalls:          0                0                0                0         
[2026-04-03T06:42:01.369+0600][1.637s][info][gc,load     ] GC(0) O: Load: 4.10 (34%) / 6.19 (52%) / 5.52 (46%)
[2026-04-03T06:42:01.369+0600][1.637s][info][gc,mmu      ] GC(0) O: MMU: 2ms/98.4%, 5ms/99.4%, 10ms/99.5%, 20ms/99.6%, 50ms/99.8%, 100ms/99.9%
[2026-04-03T06:42:01.369+0600][1.637s][info][gc,marking  ] GC(0) O: Mark: 2 stripe(s), 1 proactive flush(es), 1 terminate flush(es), 0 completion(s), 0 continuation(s) 
[2026-04-03T06:42:01.369+0600][1.637s][info][gc,marking  ] GC(0) O: Mark Stack Usage: 0M
[2026-04-03T06:42:01.369+0600][1.637s][info][gc,nmethod  ] GC(0) O: NMethods: 1103 registered, 129 unregistered
[2026-04-03T06:42:01.369+0600][1.637s][info][gc,metaspace] GC(0) O: Metaspace: 10M used, 10M committed, 1088M reserved
[2026-04-03T06:42:01.369+0600][1.637s][info][gc,ref      ] GC(0) O:                       Encountered   Discovered     Enqueued 
[2026-04-03T06:42:01.369+0600][1.637s][info][gc,ref      ] GC(0) O: Soft References:              213            0            0 
[2026-04-03T06:42:01.369+0600][1.637s][info][gc,ref      ] GC(0) O: Weak References:              917            0            0 
[2026-04-03T06:42:01.369+0600][1.637s][info][gc,ref      ] GC(0) O: Final References:               0            0            0 
[2026-04-03T06:42:01.369+0600][1.637s][info][gc,ref      ] GC(0) O: Phantom References:            37            0            0 
[2026-04-03T06:42:01.369+0600][1.637s][info][gc,heap     ] GC(0) O: Min Capacity: 8M(0%)
[2026-04-03T06:42:01.369+0600][1.637s][info][gc,heap     ] GC(0) O: Max Capacity: 3922M(100%)
[2026-04-03T06:42:01.369+0600][1.637s][info][gc,heap     ] GC(0) O: Soft Max Capacity: 3529M(90%)
[2026-04-03T06:42:01.369+0600][1.637s][info][gc,heap     ] GC(0) O: Heap Statistics:
[2026-04-03T06:42:01.369+0600][1.637s][info][gc,heap     ] GC(0) O:                Mark Start          Mark End        Relocate Start      Relocate End           High               Low         
[2026-04-03T06:42:01.369+0600][1.637s][info][gc,heap     ] GC(0) O:  Capacity:      356M (9%)          372M (9%)          372M (9%)          372M (9%)          372M (9%)          356M (9%)     
[2026-04-03T06:42:01.369+0600][1.637s][info][gc,heap     ] GC(0) O:      Free:     3566M (91%)        3870M (99%)        3858M (98%)        3856M (98%)        3870M (99%)        3550M (91%)    
[2026-04-03T06:42:01.369+0600][1.637s][info][gc,heap     ] GC(0) O:      Used:      356M (9%)           52M (1%)           64M (2%)           66M (2%)          372M (9%)           52M (1%)     
[2026-04-03T06:42:01.369+0600][1.637s][info][gc,heap     ] GC(0) O: Old Generation Statistics:
[2026-04-03T06:42:01.369+0600][1.637s][info][gc,heap     ] GC(0) O:                Mark Start          Mark End        Relocate Start      Relocate End    
[2026-04-03T06:42:01.369+0600][1.637s][info][gc,heap     ] GC(0) O:      Used:        0M (0%)            0M (0%)            0M (0%)            0M (0%)     
[2026-04-03T06:42:01.369+0600][1.637s][info][gc,heap     ] GC(0) O:      Live:         -                 0M (0%)            0M (0%)            0M (0%)     
[2026-04-03T06:42:01.369+0600][1.637s][info][gc,heap     ] GC(0) O:   Garbage:         -                 0M (0%)            0M (0%)            0M (0%)     
[2026-04-03T06:42:01.369+0600][1.637s][info][gc,heap     ] GC(0) O: Allocated:         -                 0M (0%)            0M (0%)            0M (0%)     
[2026-04-03T06:42:01.369+0600][1.637s][info][gc,heap     ] GC(0) O: Reclaimed:         -                  -                 0M (0%)            0M (0%)     
[2026-04-03T06:42:01.369+0600][1.637s][info][gc,heap     ] GC(0) O: Compacted:         -                  -                  -                 0M (0%)     
[2026-04-03T06:42:01.369+0600][1.637s][info][gc,phases   ] GC(0) O: Old Generation 52M(1%)->66M(2%) 0.020s
[2026-04-03T06:42:01.369+0600][1.637s][info][gc          ] GC(0) Major Collection (Warmup) 356M(9%)->66M(2%) 0.045s
[2026-04-03T06:42:01.885+0600][2.153s][info][gc          ] GC(1) Major Collection (System.gc())
[2026-04-03T06:42:01.885+0600][2.153s][info][gc,task     ] GC(1) Using 3 Workers for Young Generation
[2026-04-03T06:42:01.885+0600][2.153s][info][gc,task     ] GC(1) Using 3 Workers for Old Generation
[2026-04-03T06:42:01.885+0600][2.153s][info][gc,phases   ] GC(1) Y: Young Generation (Promote All)
[2026-04-03T06:42:01.885+0600][2.153s][info][gc,phases   ] GC(1) Y: Pause Mark Start 0.031ms
[2026-04-03T06:42:01.894+0600][2.162s][info][gc,phases   ] GC(1) Y: Concurrent Mark 8.292ms
[2026-04-03T06:42:01.894+0600][2.162s][info][gc,phases   ] GC(1) Y: Pause Mark End 0.020ms
[2026-04-03T06:42:01.894+0600][2.162s][info][gc,phases   ] GC(1) Y: Concurrent Mark Free 0.001ms
[2026-04-03T06:42:01.894+0600][2.162s][info][gc,phases   ] GC(1) Y: Concurrent Reset Relocation Set 0.021ms
[2026-04-03T06:42:01.895+0600][2.163s][info][gc,reloc    ] GC(1) Y: Using tenuring threshold: 0 (Promote All)
[2026-04-03T06:42:01.900+0600][2.168s][info][gc,phases   ] GC(1) Y: Concurrent Select Relocation Set 5.493ms
[2026-04-03T06:42:01.900+0600][2.168s][info][gc,phases   ] GC(1) Y: Pause Relocate Start 0.018ms
[2026-04-03T06:42:01.907+0600][2.175s][info][gc,phases   ] GC(1) Y: Concurrent Relocate 7.107ms
[2026-04-03T06:42:01.907+0600][2.175s][info][gc,alloc    ] GC(1) Y:                         Mark Start        Mark End      Relocate Start    Relocate End   
[2026-04-03T06:42:01.907+0600][2.175s][info][gc,alloc    ] GC(1) Y: Allocation Stalls:          0                0                0                0         
[2026-04-03T06:42:01.907+0600][2.175s][info][gc,load     ] GC(1) Y: Load: 3.85 (32%) / 6.10 (51%) / 5.50 (46%)
[2026-04-03T06:42:01.907+0600][2.175s][info][gc,mmu      ] GC(1) Y: MMU: 2ms/98.4%, 5ms/99.4%, 10ms/99.5%, 20ms/99.6%, 50ms/99.8%, 100ms/99.9%
[2026-04-03T06:42:01.907+0600][2.175s][info][gc,marking  ] GC(1) Y: Mark: 2 stripe(s), 2 proactive flush(es), 1 terminate flush(es), 0 completion(s), 0 continuation(s) 
[2026-04-03T06:42:01.907+0600][2.175s][info][gc,marking  ] GC(1) Y: Mark Stack Usage: 32M
[2026-04-03T06:42:01.907+0600][2.175s][info][gc,nmethod  ] GC(1) Y: NMethods: 1153 registered, 129 unregistered
[2026-04-03T06:42:01.907+0600][2.175s][info][gc,metaspace] GC(1) Y: Metaspace: 12M used, 12M committed, 1088M reserved
[2026-04-03T06:42:01.907+0600][2.175s][info][gc,reloc    ] GC(1) Y:                        Candidates     Selected     In-Place         Size        Empty    Relocated 
[2026-04-03T06:42:01.907+0600][2.175s][info][gc,reloc    ] GC(1) Y: Small Pages:                   50           47            0         100M           0M           3M 
[2026-04-03T06:42:01.907+0600][2.175s][info][gc,reloc    ] GC(1) Y: Medium Pages:                   1            0            0          32M           0M           0M 
[2026-04-03T06:42:01.907+0600][2.175s][info][gc,reloc    ] GC(1) Y: Large Pages:                    0            0            0           0M           0M           0M 
[2026-04-03T06:42:01.907+0600][2.175s][info][gc,reloc    ] GC(1) Y: Forwarding Usage: 1M
[2026-04-03T06:42:01.907+0600][2.175s][info][gc,reloc    ] GC(1) Y: Age Table:
[2026-04-03T06:42:01.907+0600][2.175s][info][gc,reloc    ] GC(1) Y:                    Live             Garbage             Small              Medium             Large        
[2026-04-03T06:42:01.907+0600][2.175s][info][gc,reloc    ] GC(1) Y: Eden               0M (0%)           89M (2%)          45 / 44             0 / 0              0 / 0        
[2026-04-03T06:42:01.907+0600][2.175s][info][gc,reloc    ] GC(1) Y: Survivor 1         5M (0%)           36M (1%)           5 / 3              1 / 0              0 / 0        
[2026-04-03T06:42:01.907+0600][2.175s][info][gc,heap     ] GC(1) Y: Min Capacity: 8M(0%)
[2026-04-03T06:42:01.907+0600][2.175s][info][gc,heap     ] GC(1) Y: Max Capacity: 3922M(100%)
[2026-04-03T06:42:01.907+0600][2.175s][info][gc,heap     ] GC(1) Y: Soft Max Capacity: 3529M(90%)
[2026-04-03T06:42:01.907+0600][2.175s][info][gc,heap     ] GC(1) Y: Heap Statistics:
[2026-04-03T06:42:01.907+0600][2.175s][info][gc,heap     ] GC(1) Y:                Mark Start          Mark End        Relocate Start      Relocate End           High               Low         
[2026-04-03T06:42:01.907+0600][2.175s][info][gc,heap     ] GC(1) Y:  Capacity:      372M (9%)          372M (9%)          372M (9%)          372M (9%)          372M (9%)          372M (9%)     
[2026-04-03T06:42:01.907+0600][2.175s][info][gc,heap     ] GC(1) Y:      Free:     3790M (97%)        3790M (97%)        3790M (97%)        3882M (99%)        3882M (99%)        3784M (96%)    
[2026-04-03T06:42:01.907+0600][2.175s][info][gc,heap     ] GC(1) Y:      Used:      132M (3%)          132M (3%)          132M (3%)           40M (1%)          138M (4%)           40M (1%)     
[2026-04-03T06:42:01.907+0600][2.175s][info][gc,heap     ] GC(1) Y: Young Generation Statistics:
[2026-04-03T06:42:01.907+0600][2.175s][info][gc,heap     ] GC(1) Y:                Mark Start          Mark End        Relocate Start      Relocate End    
[2026-04-03T06:42:01.907+0600][2.175s][info][gc,heap     ] GC(1) Y:      Used:      132M (3%)          132M (3%)          100M (3%)            0M (0%)     
[2026-04-03T06:42:01.907+0600][2.175s][info][gc,heap     ] GC(1) Y:      Live:         -                 5M (0%)            4M (0%)            0M (0%)     
[2026-04-03T06:42:01.907+0600][2.175s][info][gc,heap     ] GC(1) Y:   Garbage:         -               126M (3%)           95M (2%)            0M (0%)     
[2026-04-03T06:42:01.907+0600][2.175s][info][gc,heap     ] GC(1) Y: Allocated:         -                 0M (0%)            0M (0%)            0M (0%)     
[2026-04-03T06:42:01.907+0600][2.175s][info][gc,heap     ] GC(1) Y: Reclaimed:         -                  -                31M (1%)          126M (3%)     
[2026-04-03T06:42:01.907+0600][2.175s][info][gc,heap     ] GC(1) Y:  Promoted:         -                  -                 0M (0%)            5M (0%)     
[2026-04-03T06:42:01.907+0600][2.175s][info][gc,heap     ] GC(1) Y: Compacted:         -                  -                  -                 0M (0%)     
[2026-04-03T06:42:01.907+0600][2.175s][info][gc,phases   ] GC(1) Y: Young Generation (Promote All) 132M(3%)->40M(1%) 0.022s
[2026-04-03T06:42:01.907+0600][2.175s][info][gc,phases   ] GC(1) Y: Young Generation (Collect Roots)
[2026-04-03T06:42:01.907+0600][2.175s][info][gc,phases   ] GC(1) Y: Pause Mark Start (Major) 0.022ms
[2026-04-03T06:42:01.912+0600][2.180s][info][gc,phases   ] GC(1) Y: Concurrent Mark 4.637ms
[2026-04-03T06:42:01.912+0600][2.180s][info][gc,phases   ] GC(1) Y: Pause Mark End 0.028ms
[2026-04-03T06:42:01.912+0600][2.180s][info][gc,phases   ] GC(1) Y: Concurrent Mark Free 0.158ms
[2026-04-03T06:42:01.913+0600][2.181s][info][gc,phases   ] GC(1) Y: Concurrent Reset Relocation Set 0.009ms
[2026-04-03T06:42:01.914+0600][2.182s][info][gc,reloc    ] GC(1) Y: Using tenuring threshold: 0 (Computed)
[2026-04-03T06:42:01.914+0600][2.182s][info][gc,phases   ] GC(1) Y: Concurrent Select Relocation Set 1.529ms
[2026-04-03T06:42:01.914+0600][2.182s][info][gc,phases   ] GC(1) Y: Pause Relocate Start 0.012ms
[2026-04-03T06:42:01.914+0600][2.182s][info][gc,phases   ] GC(1) Y: Concurrent Relocate 0.175ms
[2026-04-03T06:42:01.914+0600][2.182s][info][gc,alloc    ] GC(1) Y:                         Mark Start        Mark End      Relocate Start    Relocate End   
[2026-04-03T06:42:01.914+0600][2.182s][info][gc,alloc    ] GC(1) Y: Allocation Stalls:          0                0                0                0         
[2026-04-03T06:42:01.914+0600][2.182s][info][gc,load     ] GC(1) Y: Load: 3.85 (32%) / 6.10 (51%) / 5.50 (46%)
[2026-04-03T06:42:01.915+0600][2.183s][info][gc,mmu      ] GC(1) Y: MMU: 2ms/98.0%, 5ms/99.0%, 10ms/99.4%, 20ms/99.6%, 50ms/99.7%, 100ms/99.9%
[2026-04-03T06:42:01.915+0600][2.183s][info][gc,marking  ] GC(1) Y: Mark: 2 stripe(s), 1 proactive flush(es), 1 terminate flush(es), 0 completion(s), 0 continuation(s) 
[2026-04-03T06:42:01.915+0600][2.183s][info][gc,marking  ] GC(1) Y: Mark Stack Usage: 0M
[2026-04-03T06:42:01.915+0600][2.183s][info][gc,nmethod  ] GC(1) Y: NMethods: 1153 registered, 129 unregistered
[2026-04-03T06:42:01.915+0600][2.183s][info][gc,metaspace] GC(1) Y: Metaspace: 12M used, 12M committed, 1088M reserved
[2026-04-03T06:42:01.915+0600][2.183s][info][gc,heap     ] GC(1) Y: Min Capacity: 8M(0%)
[2026-04-03T06:42:01.915+0600][2.183s][info][gc,heap     ] GC(1) Y: Max Capacity: 3922M(100%)
[2026-04-03T06:42:01.915+0600][2.183s][info][gc,heap     ] GC(1) Y: Soft Max Capacity: 3529M(90%)
[2026-04-03T06:42:01.915+0600][2.183s][info][gc,heap     ] GC(1) Y: Heap Statistics:
[2026-04-03T06:42:01.915+0600][2.183s][info][gc,heap     ] GC(1) Y:                Mark Start          Mark End        Relocate Start      Relocate End           High               Low         
[2026-04-03T06:42:01.915+0600][2.183s][info][gc,heap     ] GC(1) Y:  Capacity:      372M (9%)          372M (9%)          372M (9%)          372M (9%)          372M (9%)          372M (9%)     
[2026-04-03T06:42:01.915+0600][2.183s][info][gc,heap     ] GC(1) Y:      Free:     3882M (99%)        3882M (99%)        3882M (99%)        3882M (99%)        3882M (99%)        3882M (99%)    
[2026-04-03T06:42:01.915+0600][2.183s][info][gc,heap     ] GC(1) Y:      Used:       40M (1%)           40M (1%)           40M (1%)           40M (1%)           40M (1%)           40M (1%)     
[2026-04-03T06:42:01.915+0600][2.183s][info][gc,heap     ] GC(1) Y: Young Generation Statistics:
[2026-04-03T06:42:01.915+0600][2.183s][info][gc,heap     ] GC(1) Y:                Mark Start          Mark End        Relocate Start      Relocate End    
[2026-04-03T06:42:01.915+0600][2.183s][info][gc,heap     ] GC(1) Y:      Used:        0M (0%)            0M (0%)            0M (0%)            0M (0%)     
[2026-04-03T06:42:01.915+0600][2.183s][info][gc,heap     ] GC(1) Y:      Live:         -                 0M (0%)            0M (0%)            0M (0%)     
[2026-04-03T06:42:01.915+0600][2.183s][info][gc,heap     ] GC(1) Y:   Garbage:         -                 0M (0%)            0M (0%)            0M (0%)     
[2026-04-03T06:42:01.915+0600][2.183s][info][gc,heap     ] GC(1) Y: Allocated:         -                 0M (0%)            0M (0%)            0M (0%)     
[2026-04-03T06:42:01.915+0600][2.183s][info][gc,heap     ] GC(1) Y: Reclaimed:         -                  -                 0M (0%)            0M (0%)     
[2026-04-03T06:42:01.915+0600][2.183s][info][gc,heap     ] GC(1) Y:  Promoted:         -                  -                 0M (0%)            0M (0%)     
[2026-04-03T06:42:01.915+0600][2.183s][info][gc,heap     ] GC(1) Y: Compacted:         -                  -                  -                 0M (0%)     
[2026-04-03T06:42:01.915+0600][2.183s][info][gc,phases   ] GC(1) Y: Young Generation (Collect Roots) 40M(1%)->40M(1%) 0.007s
[2026-04-03T06:42:01.915+0600][2.183s][info][gc,phases   ] GC(1) O: Old Generation
[2026-04-03T06:42:01.920+0600][2.188s][info][gc,phases   ] GC(1) O: Concurrent Mark 5.174ms
[2026-04-03T06:42:01.920+0600][2.188s][info][gc,phases   ] GC(1) O: Pause Mark End 0.016ms
[2026-04-03T06:42:01.920+0600][2.188s][info][gc,phases   ] GC(1) O: Concurrent Mark Free 0.001ms
[2026-04-03T06:42:01.921+0600][2.189s][info][gc,phases   ] GC(1) O: Concurrent Process Non-Strong 1.343ms
[2026-04-03T06:42:01.921+0600][2.189s][info][gc,phases   ] GC(1) O: Concurrent Reset Relocation Set 0.001ms
[2026-04-03T06:42:01.926+0600][2.194s][info][gc,phases   ] GC(1) O: Concurrent Select Relocation Set 4.687ms
[2026-04-03T06:42:01.926+0600][2.194s][info][gc,task     ] GC(1) O: Using 3 Workers for Old Generation
[2026-04-03T06:42:01.938+0600][2.206s][info][gc,task     ] GC(1) O: Using 3 Workers for Old Generation
[2026-04-03T06:42:01.938+0600][2.206s][info][gc,phases   ] GC(1) O: Concurrent Remap Roots 11.984ms
[2026-04-03T06:42:01.938+0600][2.206s][info][gc,phases   ] GC(1) O: Pause Relocate Start 0.016ms
[2026-04-03T06:42:01.940+0600][2.208s][info][gc,phases   ] GC(1) O: Concurrent Relocate 1.670ms
[2026-04-03T06:42:01.940+0600][2.208s][info][gc,alloc    ] GC(1) O:                         Mark Start        Mark End      Relocate Start    Relocate End   
[2026-04-03T06:42:01.940+0600][2.208s][info][gc,alloc    ] GC(1) O: Allocation Stalls:          0                0                0                0         
[2026-04-03T06:42:01.940+0600][2.208s][info][gc,load     ] GC(1) O: Load: 3.85 (32%) / 6.10 (51%) / 5.50 (46%)
[2026-04-03T06:42:01.940+0600][2.208s][info][gc,mmu      ] GC(1) O: MMU: 2ms/98.0%, 5ms/99.0%, 10ms/99.4%, 20ms/99.6%, 50ms/99.7%, 100ms/99.8%
[2026-04-03T06:42:01.940+0600][2.208s][info][gc,marking  ] GC(1) O: Mark: 2 stripe(s), 1 proactive flush(es), 1 terminate flush(es), 0 completion(s), 0 continuation(s) 
[2026-04-03T06:42:01.940+0600][2.208s][info][gc,marking  ] GC(1) O: Mark Stack Usage: 32M
[2026-04-03T06:42:01.940+0600][2.208s][info][gc,nmethod  ] GC(1) O: NMethods: 1130 registered, 155 unregistered
[2026-04-03T06:42:01.940+0600][2.208s][info][gc,metaspace] GC(1) O: Metaspace: 12M used, 12M committed, 1088M reserved
[2026-04-03T06:42:01.940+0600][2.208s][info][gc,ref      ] GC(1) O:                       Encountered   Discovered     Enqueued 
[2026-04-03T06:42:01.940+0600][2.208s][info][gc,ref      ] GC(1) O: Soft References:              219            0            0 
[2026-04-03T06:42:01.940+0600][2.208s][info][gc,ref      ] GC(1) O: Weak References:              992          518          293 
[2026-04-03T06:42:01.940+0600][2.208s][info][gc,ref      ] GC(1) O: Final References:               0            0            0 
[2026-04-03T06:42:01.940+0600][2.208s][info][gc,ref      ] GC(1) O: Phantom References:            40           31            0 
[2026-04-03T06:42:01.940+0600][2.208s][info][gc,reloc    ] GC(1) O:                        Candidates     Selected     In-Place         Size        Empty    Relocated 
[2026-04-03T06:42:01.940+0600][2.208s][info][gc,reloc    ] GC(1) O: Small Pages:                    4            1            0           8M           0M           0M 
[2026-04-03T06:42:01.940+0600][2.208s][info][gc,reloc    ] GC(1) O: Medium Pages:                   1            0            0          32M           0M           0M 
[2026-04-03T06:42:01.940+0600][2.208s][info][gc,reloc    ] GC(1) O: Large Pages:                    0            0            0           0M           0M           0M 
[2026-04-03T06:42:01.940+0600][2.208s][info][gc,reloc    ] GC(1) O: Forwarding Usage: 0M
[2026-04-03T06:42:01.940+0600][2.208s][info][gc,heap     ] GC(1) O: Min Capacity: 8M(0%)
[2026-04-03T06:42:01.940+0600][2.208s][info][gc,heap     ] GC(1) O: Max Capacity: 3922M(100%)
[2026-04-03T06:42:01.940+0600][2.208s][info][gc,heap     ] GC(1) O: Soft Max Capacity: 3529M(90%)
[2026-04-03T06:42:01.940+0600][2.208s][info][gc,heap     ] GC(1) O: Heap Statistics:
[2026-04-03T06:42:01.940+0600][2.208s][info][gc,heap     ] GC(1) O:                Mark Start          Mark End        Relocate Start      Relocate End           High               Low         
[2026-04-03T06:42:01.940+0600][2.208s][info][gc,heap     ] GC(1) O:  Capacity:      372M (9%)          372M (9%)          372M (9%)          372M (9%)          372M (9%)          372M (9%)     
[2026-04-03T06:42:01.940+0600][2.208s][info][gc,heap     ] GC(1) O:      Free:     3882M (99%)        3882M (99%)        3882M (99%)        3882M (99%)        3882M (99%)        3878M (99%)    
[2026-04-03T06:42:01.940+0600][2.208s][info][gc,heap     ] GC(1) O:      Used:       40M (1%)           40M (1%)           40M (1%)           40M (1%)           44M (1%)           40M (1%)     
[2026-04-03T06:42:01.940+0600][2.208s][info][gc,heap     ] GC(1) O: Old Generation Statistics:
[2026-04-03T06:42:01.940+0600][2.208s][info][gc,heap     ] GC(1) O:                Mark Start          Mark End        Relocate Start      Relocate End    
[2026-04-03T06:42:01.940+0600][2.208s][info][gc,heap     ] GC(1) O:      Used:       40M (1%)           40M (1%)           40M (1%)           40M (1%)     
[2026-04-03T06:42:01.940+0600][2.208s][info][gc,heap     ] GC(1) O:      Live:         -                 5M (0%)            5M (0%)            5M (0%)     
[2026-04-03T06:42:01.940+0600][2.208s][info][gc,heap     ] GC(1) O:   Garbage:         -                34M (1%)           34M (1%)           31M (1%)     
[2026-04-03T06:42:01.940+0600][2.208s][info][gc,heap     ] GC(1) O: Allocated:         -                 0M (0%)            0M (0%)            2M (0%)     
[2026-04-03T06:42:01.940+0600][2.208s][info][gc,heap     ] GC(1) O: Reclaimed:         -                  -                 0M (0%)            2M (0%)     
[2026-04-03T06:42:01.940+0600][2.208s][info][gc,heap     ] GC(1) O: Compacted:         -                  -                  -                 1M (0%)     
[2026-04-03T06:42:01.940+0600][2.208s][info][gc,phases   ] GC(1) O: Old Generation 40M(1%)->40M(1%) 0.026s
[2026-04-03T06:42:01.940+0600][2.208s][info][gc          ] GC(1) Major Collection (System.gc()) 132M(3%)->40M(1%) 0.055s
[2026-04-03T06:42:02.590+0600][2.858s][info][gc          ] GC(2) Major Collection (Metadata GC Threshold)
[2026-04-03T06:42:02.590+0600][2.858s][info][gc,task     ] GC(2) Using 1 Workers for Young Generation
[2026-04-03T06:42:02.590+0600][2.858s][info][gc,task     ] GC(2) Using 1 Workers for Old Generation
[2026-04-03T06:42:02.590+0600][2.858s][info][gc,phases   ] GC(2) Y: Young Generation
[2026-04-03T06:42:02.591+0600][2.859s][info][gc,phases   ] GC(2) Y: Pause Mark Start (Major) 0.020ms
[2026-04-03T06:42:02.600+0600][2.868s][info][gc,phases   ] GC(2) Y: Concurrent Mark 8.702ms
[2026-04-03T06:42:02.600+0600][2.868s][info][gc,phases   ] GC(2) Y: Pause Mark End 0.018ms
[2026-04-03T06:42:02.600+0600][2.868s][info][gc,phases   ] GC(2) Y: Concurrent Mark Free 0.001ms
[2026-04-03T06:42:02.600+0600][2.868s][info][gc,phases   ] GC(2) Y: Concurrent Reset Relocation Set 0.001ms
[2026-04-03T06:42:02.603+0600][2.871s][info][gc,reloc    ] GC(2) Y: Using tenuring threshold: 1 (Computed)
[2026-04-03T06:42:02.604+0600][2.872s][info][gc,phases   ] GC(2) Y: Concurrent Select Relocation Set 3.658ms
[2026-04-03T06:42:02.604+0600][2.872s][info][gc,phases   ] GC(2) Y: Pause Relocate Start 0.016ms
[2026-04-03T06:42:02.607+0600][2.875s][info][gc,phases   ] GC(2) Y: Concurrent Relocate 2.536ms
[2026-04-03T06:42:02.607+0600][2.875s][info][gc,alloc    ] GC(2) Y:                         Mark Start        Mark End      Relocate Start    Relocate End   
[2026-04-03T06:42:02.607+0600][2.875s][info][gc,alloc    ] GC(2) Y: Allocation Stalls:          0                0                0                0         
[2026-04-03T06:42:02.607+0600][2.875s][info][gc,load     ] GC(2) Y: Load: 3.85 (32%) / 6.10 (51%) / 5.50 (46%)
[2026-04-03T06:42:02.607+0600][2.875s][info][gc,mmu      ] GC(2) Y: MMU: 2ms/98.0%, 5ms/99.0%, 10ms/99.4%, 20ms/99.6%, 50ms/99.7%, 100ms/99.8%
[2026-04-03T06:42:02.607+0600][2.875s][info][gc,marking  ] GC(2) Y: Mark: 1 stripe(s), 2 proactive flush(es), 1 terminate flush(es), 0 completion(s), 0 continuation(s) 
[2026-04-03T06:42:02.607+0600][2.875s][info][gc,marking  ] GC(2) Y: Mark Stack Usage: 32M
[2026-04-03T06:42:02.607+0600][2.875s][info][gc,nmethod  ] GC(2) Y: NMethods: 1342 registered, 0 unregistered
[2026-04-03T06:42:02.607+0600][2.875s][info][gc,metaspace] GC(2) Y: Metaspace: 20M used, 21M committed, 1088M reserved
[2026-04-03T06:42:02.607+0600][2.875s][info][gc,reloc    ] GC(2) Y:                        Candidates     Selected     In-Place         Size        Empty    Relocated 
[2026-04-03T06:42:02.607+0600][2.875s][info][gc,reloc    ] GC(2) Y: Small Pages:                   46           44            0          92M           0M           1M 
[2026-04-03T06:42:02.607+0600][2.875s][info][gc,reloc    ] GC(2) Y: Medium Pages:                   1            0            0          32M           0M           0M 
[2026-04-03T06:42:02.607+0600][2.875s][info][gc,reloc    ] GC(2) Y: Large Pages:                    0            0            0           0M           0M           0M 
[2026-04-03T06:42:02.607+0600][2.875s][info][gc,reloc    ] GC(2) Y: Forwarding Usage: 0M
[2026-04-03T06:42:02.607+0600][2.875s][info][gc,reloc    ] GC(2) Y: Age Table:
[2026-04-03T06:42:02.607+0600][2.875s][info][gc,reloc    ] GC(2) Y:                    Live             Garbage             Small              Medium             Large        
[2026-04-03T06:42:02.607+0600][2.875s][info][gc,reloc    ] GC(2) Y: Eden               4M (0%)          119M (3%)          46 / 44             1 / 0              0 / 0        
[2026-04-03T06:42:02.607+0600][2.875s][info][gc,heap     ] GC(2) Y: Min Capacity: 8M(0%)
[2026-04-03T06:42:02.607+0600][2.875s][info][gc,heap     ] GC(2) Y: Max Capacity: 3922M(100%)
[2026-04-03T06:42:02.607+0600][2.875s][info][gc,heap     ] GC(2) Y: Soft Max Capacity: 3529M(90%)
[2026-04-03T06:42:02.607+0600][2.875s][info][gc,heap     ] GC(2) Y: Heap Statistics:
[2026-04-03T06:42:02.607+0600][2.875s][info][gc,heap     ] GC(2) Y:                Mark Start          Mark End        Relocate Start      Relocate End           High               Low         
[2026-04-03T06:42:02.607+0600][2.875s][info][gc,heap     ] GC(2) Y:  Capacity:      404M (10%)         404M (10%)         404M (10%)         404M (10%)         404M (10%)         404M (10%)    
[2026-04-03T06:42:02.607+0600][2.875s][info][gc,heap     ] GC(2) Y:      Free:     3758M (96%)        3754M (96%)        3754M (96%)        3840M (98%)        3840M (98%)        3750M (96%)    
[2026-04-03T06:42:02.607+0600][2.875s][info][gc,heap     ] GC(2) Y:      Used:      164M (4%)          168M (4%)          168M (4%)           82M (2%)          172M (4%)           82M (2%)     
[2026-04-03T06:42:02.607+0600][2.875s][info][gc,heap     ] GC(2) Y: Young Generation Statistics:
[2026-04-03T06:42:02.607+0600][2.875s][info][gc,heap     ] GC(2) Y:                Mark Start          Mark End        Relocate Start      Relocate End    
[2026-04-03T06:42:02.607+0600][2.875s][info][gc,heap     ] GC(2) Y:      Used:      124M (3%)          128M (3%)          128M (3%)           42M (1%)     
[2026-04-03T06:42:02.607+0600][2.875s][info][gc,heap     ] GC(2) Y:      Live:         -                 4M (0%)            4M (0%)            4M (0%)     
[2026-04-03T06:42:02.607+0600][2.875s][info][gc,heap     ] GC(2) Y:   Garbage:         -               119M (3%)          119M (3%)           30M (1%)     
[2026-04-03T06:42:02.607+0600][2.875s][info][gc,heap     ] GC(2) Y: Allocated:         -                 4M (0%)            4M (0%)            6M (0%)     
[2026-04-03T06:42:02.607+0600][2.875s][info][gc,heap     ] GC(2) Y: Reclaimed:         -                  -                 0M (0%)           88M (2%)     
[2026-04-03T06:42:02.607+0600][2.875s][info][gc,heap     ] GC(2) Y:  Promoted:         -                  -                 0M (0%)            0M (0%)     
[2026-04-03T06:42:02.607+0600][2.875s][info][gc,heap     ] GC(2) Y: Compacted:         -                  -                  -                 1M (0%)     
[2026-04-03T06:42:02.607+0600][2.875s][info][gc,phases   ] GC(2) Y: Young Generation 164M(4%)->82M(2%) 0.017s
[2026-04-03T06:42:02.608+0600][2.876s][info][gc,phases   ] GC(2) O: Old Generation
[2026-04-03T06:42:02.622+0600][2.890s][info][gc,phases   ] GC(2) O: Concurrent Mark 14.025ms
[2026-04-03T06:42:02.622+0600][2.890s][info][gc,phases   ] GC(2) O: Pause Mark End 0.020ms
[2026-04-03T06:42:02.622+0600][2.890s][info][gc,phases   ] GC(2) O: Concurrent Mark Free 0.002ms
[2026-04-03T06:42:02.626+0600][2.894s][info][gc,phases   ] GC(2) O: Concurrent Process Non-Strong 3.547ms
[2026-04-03T06:42:02.626+0600][2.894s][info][gc,phases   ] GC(2) O: Concurrent Reset Relocation Set 0.001ms
[2026-04-03T06:42:02.628+0600][2.896s][info][gc,phases   ] GC(2) O: Concurrent Select Relocation Set 2.124ms
[2026-04-03T06:42:02.628+0600][2.896s][info][gc,task     ] GC(2) O: Using 2 Workers for Old Generation
[2026-04-03T06:42:02.646+0600][2.914s][info][gc,task     ] GC(2) O: Using 1 Workers for Old Generation
[2026-04-03T06:42:02.646+0600][2.914s][info][gc,phases   ] GC(2) O: Concurrent Remap Roots 18.555ms
[2026-04-03T06:42:02.647+0600][2.915s][info][gc,phases   ] GC(2) O: Pause Relocate Start 0.017ms
[2026-04-03T06:42:02.649+0600][2.917s][info][gc,phases   ] GC(2) O: Concurrent Relocate 2.267ms
[2026-04-03T06:42:02.649+0600][2.917s][info][gc,alloc    ] GC(2) O:                         Mark Start        Mark End      Relocate Start    Relocate End   
[2026-04-03T06:42:02.649+0600][2.917s][info][gc,alloc    ] GC(2) O: Allocation Stalls:          0                0                0                0         
[2026-04-03T06:42:02.649+0600][2.917s][info][gc,load     ] GC(2) O: Load: 3.85 (32%) / 6.10 (51%) / 5.50 (46%)
[2026-04-03T06:42:02.649+0600][2.917s][info][gc,mmu      ] GC(2) O: MMU: 2ms/98.0%, 5ms/99.0%, 10ms/99.4%, 20ms/99.6%, 50ms/99.7%, 100ms/99.8%
[2026-04-03T06:42:02.649+0600][2.917s][info][gc,marking  ] GC(2) O: Mark: 1 stripe(s), 2 proactive flush(es), 1 terminate flush(es), 0 completion(s), 0 continuation(s) 
[2026-04-03T06:42:02.649+0600][2.917s][info][gc,marking  ] GC(2) O: Mark Stack Usage: 32M
[2026-04-03T06:42:02.649+0600][2.917s][info][gc,nmethod  ] GC(2) O: NMethods: 1354 registered, 30 unregistered
[2026-04-03T06:42:02.649+0600][2.917s][info][gc,metaspace] GC(2) O: Metaspace: 21M used, 21M committed, 1088M reserved
[2026-04-03T06:42:02.649+0600][2.917s][info][gc,ref      ] GC(2) O:                       Encountered   Discovered     Enqueued 
[2026-04-03T06:42:02.649+0600][2.917s][info][gc,ref      ] GC(2) O: Soft References:              272            0            0 
[2026-04-03T06:42:02.649+0600][2.917s][info][gc,ref      ] GC(2) O: Weak References:             1026          555            0 
[2026-04-03T06:42:02.649+0600][2.917s][info][gc,ref      ] GC(2) O: Final References:               0            0            0 
[2026-04-03T06:42:02.649+0600][2.917s][info][gc,ref      ] GC(2) O: Phantom References:            58           28            0 
[2026-04-03T06:42:02.649+0600][2.917s][info][gc,reloc    ] GC(2) O:                        Candidates     Selected     In-Place         Size        Empty    Relocated 
[2026-04-03T06:42:02.649+0600][2.917s][info][gc,reloc    ] GC(2) O: Small Pages:                    4            1            0           8M           0M           0M 
[2026-04-03T06:42:02.649+0600][2.917s][info][gc,reloc    ] GC(2) O: Medium Pages:                   1            0            0          32M           0M           0M 
[2026-04-03T06:42:02.649+0600][2.917s][info][gc,reloc    ] GC(2) O: Large Pages:                    0            0            0           0M           0M           0M 
[2026-04-03T06:42:02.649+0600][2.917s][info][gc,reloc    ] GC(2) O: Forwarding Usage: 0M
[2026-04-03T06:42:02.649+0600][2.917s][info][gc,heap     ] GC(2) O: Min Capacity: 8M(0%)
[2026-04-03T06:42:02.649+0600][2.917s][info][gc,heap     ] GC(2) O: Max Capacity: 3922M(100%)
[2026-04-03T06:42:02.649+0600][2.917s][info][gc,heap     ] GC(2) O: Soft Max Capacity: 3529M(90%)
[2026-04-03T06:42:02.649+0600][2.917s][info][gc,heap     ] GC(2) O: Heap Statistics:
[2026-04-03T06:42:02.649+0600][2.917s][info][gc,heap     ] GC(2) O:                Mark Start          Mark End        Relocate Start      Relocate End           High               Low         
[2026-04-03T06:42:02.649+0600][2.917s][info][gc,heap     ] GC(2) O:  Capacity:      404M (10%)         404M (10%)         404M (10%)         404M (10%)         404M (10%)         404M (10%)    
[2026-04-03T06:42:02.649+0600][2.917s][info][gc,heap     ] GC(2) O:      Free:     3758M (96%)        3838M (98%)        3828M (98%)        3826M (98%)        3840M (98%)        3750M (96%)    
[2026-04-03T06:42:02.649+0600][2.917s][info][gc,heap     ] GC(2) O:      Used:      164M (4%)           84M (2%)           94M (2%)           96M (2%)          172M (4%)           82M (2%)     
[2026-04-03T06:42:02.649+0600][2.917s][info][gc,heap     ] GC(2) O: Old Generation Statistics:
[2026-04-03T06:42:02.649+0600][2.917s][info][gc,heap     ] GC(2) O:                Mark Start          Mark End        Relocate Start      Relocate End    
[2026-04-03T06:42:02.649+0600][2.917s][info][gc,heap     ] GC(2) O:      Used:       40M (1%)           40M (1%)           40M (1%)           40M (1%)     
[2026-04-03T06:42:02.649+0600][2.917s][info][gc,heap     ] GC(2) O:      Live:         -                 5M (0%)            5M (0%)            5M (0%)     
[2026-04-03T06:42:02.649+0600][2.917s][info][gc,heap     ] GC(2) O:   Garbage:         -                34M (1%)           34M (1%)           31M (1%)     
[2026-04-03T06:42:02.649+0600][2.917s][info][gc,heap     ] GC(2) O: Allocated:         -                 0M (0%)            0M (0%)            2M (0%)     
[2026-04-03T06:42:02.649+0600][2.917s][info][gc,heap     ] GC(2) O: Reclaimed:         -                  -                 0M (0%)            2M (0%)     
[2026-04-03T06:42:02.649+0600][2.917s][info][gc,heap     ] GC(2) O: Compacted:         -                  -                  -                 1M (0%)     
[2026-04-03T06:42:02.649+0600][2.917s][info][gc,phases   ] GC(2) O: Old Generation 82M(2%)->96M(2%) 0.042s
[2026-04-03T06:42:02.649+0600][2.917s][info][gc          ] GC(2) Major Collection (Metadata GC Threshold) 164M(4%)->96M(2%) 0.059s
[2026-04-03T06:42:04.258+0600][4.526s][info][gc          ] GC(3) Major Collection (Metadata GC Threshold)
[2026-04-03T06:42:04.258+0600][4.526s][info][gc,task     ] GC(3) Using 1 Workers for Young Generation
[2026-04-03T06:42:04.258+0600][4.526s][info][gc,task     ] GC(3) Using 1 Workers for Old Generation
[2026-04-03T06:42:04.258+0600][4.526s][info][gc,phases   ] GC(3) Y: Young Generation
[2026-04-03T06:42:04.259+0600][4.527s][info][gc,phases   ] GC(3) Y: Pause Mark Start (Major) 0.023ms
[2026-04-03T06:42:04.320+0600][4.588s][info][gc,phases   ] GC(3) Y: Concurrent Mark 61.485ms
[2026-04-03T06:42:04.321+0600][4.589s][info][gc,phases   ] GC(3) Y: Pause Mark End 0.021ms
[2026-04-03T06:42:04.321+0600][4.589s][info][gc,phases   ] GC(3) Y: Concurrent Mark Free 0.002ms
[2026-04-03T06:42:04.321+0600][4.589s][info][gc,phases   ] GC(3) Y: Concurrent Reset Relocation Set 0.010ms
[2026-04-03T06:42:04.324+0600][4.592s][info][gc,reloc    ] GC(3) Y: Using tenuring threshold: 2 (Computed)
[2026-04-03T06:42:04.326+0600][4.594s][info][gc,phases   ] GC(3) Y: Concurrent Select Relocation Set 5.300ms
[2026-04-03T06:42:04.327+0600][4.595s][info][gc,phases   ] GC(3) Y: Pause Relocate Start 0.028ms
[2026-04-03T06:42:04.387+0600][4.655s][info][gc,phases   ] GC(3) Y: Concurrent Relocate 60.503ms
[2026-04-03T06:42:04.387+0600][4.655s][info][gc,alloc    ] GC(3) Y:                         Mark Start        Mark End      Relocate Start    Relocate End   
[2026-04-03T06:42:04.387+0600][4.655s][info][gc,alloc    ] GC(3) Y: Allocation Stalls:          0                0                0                0         
[2026-04-03T06:42:04.387+0600][4.655s][info][gc,load     ] GC(3) Y: Load: 3.85 (32%) / 6.10 (51%) / 5.50 (46%)
[2026-04-03T06:42:04.388+0600][4.656s][info][gc,mmu      ] GC(3) Y: MMU: 2ms/98.0%, 5ms/99.0%, 10ms/99.4%, 20ms/99.6%, 50ms/99.7%, 100ms/99.8%
[2026-04-03T06:42:04.388+0600][4.656s][info][gc,marking  ] GC(3) Y: Mark: 1 stripe(s), 2 proactive flush(es), 1 terminate flush(es), 0 completion(s), 0 continuation(s) 
[2026-04-03T06:42:04.388+0600][4.656s][info][gc,marking  ] GC(3) Y: Mark Stack Usage: 32M
[2026-04-03T06:42:04.388+0600][4.656s][info][gc,nmethod  ] GC(3) Y: NMethods: 3912 registered, 0 unregistered
[2026-04-03T06:42:04.388+0600][4.656s][info][gc,metaspace] GC(3) Y: Metaspace: 36M used, 36M committed, 1088M reserved
[2026-04-03T06:42:04.388+0600][4.656s][info][gc,reloc    ] GC(3) Y:                        Candidates     Selected     In-Place         Size        Empty    Relocated 
[2026-04-03T06:42:04.388+0600][4.656s][info][gc,reloc    ] GC(3) Y: Small Pages:                   88           76            0         176M           0M           7M 
[2026-04-03T06:42:04.388+0600][4.656s][info][gc,reloc    ] GC(3) Y: Medium Pages:                   2            1            0          64M           0M           2M 
[2026-04-03T06:42:04.388+0600][4.656s][info][gc,reloc    ] GC(3) Y: Large Pages:                    0            0            0           0M           0M           0M 
[2026-04-03T06:42:04.388+0600][4.656s][info][gc,reloc    ] GC(3) Y: Forwarding Usage: 3M
[2026-04-03T06:42:04.388+0600][4.656s][info][gc,reloc    ] GC(3) Y: Age Table:
[2026-04-03T06:42:04.388+0600][4.656s][info][gc,reloc    ] GC(3) Y:                    Live             Garbage             Small              Medium             Large        
[2026-04-03T06:42:04.388+0600][4.656s][info][gc,reloc    ] GC(3) Y: Eden              19M (1%)          182M (5%)          85 / 74             1 / 1              0 / 0        
[2026-04-03T06:42:04.388+0600][4.656s][info][gc,reloc    ] GC(3) Y: Survivor 1         3M (0%)           34M (1%)           3 / 2              1 / 0              0 / 0        
[2026-04-03T06:42:04.388+0600][4.656s][info][gc,heap     ] GC(3) Y: Min Capacity: 8M(0%)
[2026-04-03T06:42:04.388+0600][4.656s][info][gc,heap     ] GC(3) Y: Max Capacity: 3922M(100%)
[2026-04-03T06:42:04.388+0600][4.656s][info][gc,heap     ] GC(3) Y: Soft Max Capacity: 3529M(90%)
[2026-04-03T06:42:04.388+0600][4.656s][info][gc,heap     ] GC(3) Y: Heap Statistics:
[2026-04-03T06:42:04.388+0600][4.656s][info][gc,heap     ] GC(3) Y:                Mark Start          Mark End        Relocate Start      Relocate End           High               Low         
[2026-04-03T06:42:04.388+0600][4.656s][info][gc,heap     ] GC(3) Y:  Capacity:      436M (11%)         436M (11%)         436M (11%)         532M (14%)         532M (14%)         436M (11%)    
[2026-04-03T06:42:04.388+0600][4.656s][info][gc,heap     ] GC(3) Y:      Free:     3642M (93%)        3634M (93%)        3634M (93%)        3704M (94%)        3704M (94%)        3520M (90%)    
[2026-04-03T06:42:04.388+0600][4.656s][info][gc,heap     ] GC(3) Y:      Used:      280M (7%)          288M (7%)          288M (7%)          218M (6%)          402M (10%)         218M (6%)     
[2026-04-03T06:42:04.388+0600][4.656s][info][gc,heap     ] GC(3) Y: Young Generation Statistics:
[2026-04-03T06:42:04.388+0600][4.656s][info][gc,heap     ] GC(3) Y:                Mark Start          Mark End        Relocate Start      Relocate End    
[2026-04-03T06:42:04.388+0600][4.656s][info][gc,heap     ] GC(3) Y:      Used:      240M (6%)          248M (6%)          248M (6%)          178M (5%)     
[2026-04-03T06:42:04.388+0600][4.656s][info][gc,heap     ] GC(3) Y:      Live:         -                22M (1%)           22M (1%)           22M (1%)     
[2026-04-03T06:42:04.388+0600][4.656s][info][gc,heap     ] GC(3) Y:   Garbage:         -               217M (6%)          217M (6%)            2M (0%)     
[2026-04-03T06:42:04.388+0600][4.656s][info][gc,heap     ] GC(3) Y: Allocated:         -                 8M (0%)            8M (0%)          152M (4%)     
[2026-04-03T06:42:04.388+0600][4.656s][info][gc,heap     ] GC(3) Y: Reclaimed:         -                  -                 0M (0%)          214M (5%)     
[2026-04-03T06:42:04.388+0600][4.656s][info][gc,heap     ] GC(3) Y:  Promoted:         -                  -                 0M (0%)            0M (0%)     
[2026-04-03T06:42:04.388+0600][4.656s][info][gc,heap     ] GC(3) Y: Compacted:         -                  -                  -                13M (0%)     
[2026-04-03T06:42:04.388+0600][4.656s][info][gc,phases   ] GC(3) Y: Young Generation 280M(7%)->218M(6%) 0.129s
[2026-04-03T06:42:04.388+0600][4.656s][info][gc,phases   ] GC(3) O: Old Generation
[2026-04-03T06:42:04.409+0600][4.677s][info][gc,phases   ] GC(3) O: Concurrent Mark 21.074ms
[2026-04-03T06:42:04.409+0600][4.677s][info][gc,phases   ] GC(3) O: Pause Mark End 0.027ms
[2026-04-03T06:42:04.409+0600][4.677s][info][gc,phases   ] GC(3) O: Concurrent Mark Free 0.001ms
[2026-04-03T06:42:04.427+0600][4.695s][info][gc,phases   ] GC(3) O: Concurrent Process Non-Strong 17.423ms
[2026-04-03T06:42:04.427+0600][4.695s][info][gc,phases   ] GC(3) O: Concurrent Reset Relocation Set 0.002ms
[2026-04-03T06:42:04.433+0600][4.701s][info][gc,phases   ] GC(3) O: Concurrent Select Relocation Set 6.112ms
[2026-04-03T06:42:04.433+0600][4.701s][info][gc,task     ] GC(3) O: Using 2 Workers for Old Generation
[2026-04-03T06:42:04.459+0600][4.727s][info][gc,task     ] GC(3) O: Using 1 Workers for Old Generation
[2026-04-03T06:42:04.459+0600][4.727s][info][gc,phases   ] GC(3) O: Concurrent Remap Roots 25.415ms
[2026-04-03T06:42:04.459+0600][4.727s][info][gc,phases   ] GC(3) O: Pause Relocate Start 0.024ms
[2026-04-03T06:42:04.462+0600][4.730s][info][gc,phases   ] GC(3) O: Concurrent Relocate 3.466ms
[2026-04-03T06:42:04.463+0600][4.731s][info][gc,alloc    ] GC(3) O:                         Mark Start        Mark End      Relocate Start    Relocate End   
[2026-04-03T06:42:04.463+0600][4.731s][info][gc,alloc    ] GC(3) O: Allocation Stalls:          0                0                0                0         
[2026-04-03T06:42:04.463+0600][4.731s][info][gc,load     ] GC(3) O: Load: 3.85 (32%) / 6.10 (51%) / 5.50 (46%)
[2026-04-03T06:42:04.463+0600][4.731s][info][gc,mmu      ] GC(3) O: MMU: 2ms/98.0%, 5ms/99.0%, 10ms/99.4%, 20ms/99.6%, 50ms/99.7%, 100ms/99.8%
[2026-04-03T06:42:04.463+0600][4.731s][info][gc,marking  ] GC(3) O: Mark: 1 stripe(s), 2 proactive flush(es), 1 terminate flush(es), 0 completion(s), 0 continuation(s) 
[2026-04-03T06:42:04.463+0600][4.731s][info][gc,marking  ] GC(3) O: Mark Stack Usage: 32M
[2026-04-03T06:42:04.463+0600][4.731s][info][gc,nmethod  ] GC(3) O: NMethods: 3658 registered, 363 unregistered
[2026-04-03T06:42:04.463+0600][4.731s][info][gc,metaspace] GC(3) O: Metaspace: 36M used, 37M committed, 1088M reserved
[2026-04-03T06:42:04.463+0600][4.731s][info][gc,ref      ] GC(3) O:                       Encountered   Discovered     Enqueued 
[2026-04-03T06:42:04.463+0600][4.731s][info][gc,ref      ] GC(3) O: Soft References:              445            0            0 
[2026-04-03T06:42:04.463+0600][4.731s][info][gc,ref      ] GC(3) O: Weak References:             2757          424            0 
[2026-04-03T06:42:04.463+0600][4.731s][info][gc,ref      ] GC(3) O: Final References:               0            0            0 
[2026-04-03T06:42:04.463+0600][4.731s][info][gc,ref      ] GC(3) O: Phantom References:            80           27            0 
[2026-04-03T06:42:04.463+0600][4.731s][info][gc,reloc    ] GC(3) O:                        Candidates     Selected     In-Place         Size        Empty    Relocated 
[2026-04-03T06:42:04.463+0600][4.731s][info][gc,reloc    ] GC(3) O: Small Pages:                    4            1            0           8M           0M           1M 
[2026-04-03T06:42:04.463+0600][4.731s][info][gc,reloc    ] GC(3) O: Medium Pages:                   1            0            0          32M           0M           0M 
[2026-04-03T06:42:04.463+0600][4.731s][info][gc,reloc    ] GC(3) O: Large Pages:                    0            0            0           0M           0M           0M 
[2026-04-03T06:42:04.463+0600][4.731s][info][gc,reloc    ] GC(3) O: Forwarding Usage: 0M
[2026-04-03T06:42:04.463+0600][4.731s][info][gc,heap     ] GC(3) O: Min Capacity: 8M(0%)
[2026-04-03T06:42:04.463+0600][4.731s][info][gc,heap     ] GC(3) O: Max Capacity: 3922M(100%)
[2026-04-03T06:42:04.463+0600][4.731s][info][gc,heap     ] GC(3) O: Soft Max Capacity: 3529M(90%)
[2026-04-03T06:42:04.463+0600][4.731s][info][gc,heap     ] GC(3) O: Heap Statistics:
[2026-04-03T06:42:04.463+0600][4.731s][info][gc,heap     ] GC(3) O:                Mark Start          Mark End        Relocate Start      Relocate End           High               Low         
[2026-04-03T06:42:04.463+0600][4.731s][info][gc,heap     ] GC(3) O:  Capacity:      436M (11%)         532M (14%)         532M (14%)         532M (14%)         532M (14%)         436M (11%)    
[2026-04-03T06:42:04.463+0600][4.731s][info][gc,heap     ] GC(3) O:      Free:     3642M (93%)        3702M (94%)        3700M (94%)        3700M (94%)        3704M (94%)        3520M (90%)    
[2026-04-03T06:42:04.463+0600][4.731s][info][gc,heap     ] GC(3) O:      Used:      280M (7%)          220M (6%)          222M (6%)          222M (6%)          402M (10%)         218M (6%)     
[2026-04-03T06:42:04.463+0600][4.731s][info][gc,heap     ] GC(3) O: Old Generation Statistics:
[2026-04-03T06:42:04.463+0600][4.731s][info][gc,heap     ] GC(3) O:                Mark Start          Mark End        Relocate Start      Relocate End    
[2026-04-03T06:42:04.463+0600][4.731s][info][gc,heap     ] GC(3) O:      Used:       40M (1%)           40M (1%)           40M (1%)           40M (1%)     
[2026-04-03T06:42:04.463+0600][4.731s][info][gc,heap     ] GC(3) O:      Live:         -                 5M (0%)            5M (0%)            5M (0%)     
[2026-04-03T06:42:04.463+0600][4.731s][info][gc,heap     ] GC(3) O:   Garbage:         -                34M (1%)           34M (1%)           31M (1%)     
[2026-04-03T06:42:04.463+0600][4.731s][info][gc,heap     ] GC(3) O: Allocated:         -                 0M (0%)            0M (0%)            2M (0%)     
[2026-04-03T06:42:04.463+0600][4.731s][info][gc,heap     ] GC(3) O: Reclaimed:         -                  -                 0M (0%)            2M (0%)     
[2026-04-03T06:42:04.463+0600][4.731s][info][gc,heap     ] GC(3) O: Compacted:         -                  -                  -                 1M (0%)     
[2026-04-03T06:42:04.463+0600][4.731s][info][gc,phases   ] GC(3) O: Old Generation 218M(6%)->222M(6%) 0.075s
[2026-04-03T06:42:04.463+0600][4.731s][info][gc          ] GC(3) Major Collection (Metadata GC Threshold) 280M(7%)->222M(6%) 0.205s
[2026-04-03T06:42:11.250+0600][11.518s][info][gc          ] GC(4) Major Collection (CodeCache GC Threshold)
[2026-04-03T06:42:11.250+0600][11.518s][info][gc,task     ] GC(4) Using 1 Workers for Young Generation
[2026-04-03T06:42:11.250+0600][11.518s][info][gc,task     ] GC(4) Using 1 Workers for Old Generation
[2026-04-03T06:42:11.250+0600][11.518s][info][gc,phases   ] GC(4) Y: Young Generation
[2026-04-03T06:42:11.251+0600][11.519s][info][gc,phases   ] GC(4) Y: Pause Mark Start (Major) 0.035ms
[2026-04-03T06:42:11.501+0600][11.769s][info][gc,phases   ] GC(4) Y: Concurrent Mark 250.183ms
[2026-04-03T06:42:11.502+0600][11.770s][info][gc,phases   ] GC(4) Y: Pause Mark End 0.024ms
[2026-04-03T06:42:11.502+0600][11.770s][info][gc,phases   ] GC(4) Y: Concurrent Mark Free 0.002ms
[2026-04-03T06:42:11.502+0600][11.770s][info][gc,phases   ] GC(4) Y: Concurrent Reset Relocation Set 0.012ms
[2026-04-03T06:42:11.505+0600][11.773s][info][gc,reloc    ] GC(4) Y: Using tenuring threshold: 3 (Computed)
[2026-04-03T06:42:11.516+0600][11.784s][info][gc,phases   ] GC(4) Y: Concurrent Select Relocation Set 13.994ms
[2026-04-03T06:42:11.517+0600][11.785s][info][gc,phases   ] GC(4) Y: Pause Relocate Start 0.014ms
[2026-04-03T06:42:11.598+0600][11.866s][info][gc,phases   ] GC(4) Y: Concurrent Relocate 81.093ms
[2026-04-03T06:42:11.598+0600][11.866s][info][gc,alloc    ] GC(4) Y:                         Mark Start        Mark End      Relocate Start    Relocate End   
[2026-04-03T06:42:11.598+0600][11.866s][info][gc,alloc    ] GC(4) Y: Allocation Stalls:          0                0                0                0         
[2026-04-03T06:42:11.598+0600][11.866s][info][gc,load     ] GC(4) Y: Load: 3.94 (33%) / 6.08 (51%) / 5.50 (46%)
[2026-04-03T06:42:11.598+0600][11.866s][info][gc,mmu      ] GC(4) Y: MMU: 2ms/98.0%, 5ms/99.0%, 10ms/99.4%, 20ms/99.6%, 50ms/99.7%, 100ms/99.8%
[2026-04-03T06:42:11.598+0600][11.866s][info][gc,marking  ] GC(4) Y: Mark: 1 stripe(s), 2 proactive flush(es), 1 terminate flush(es), 0 completion(s), 0 continuation(s) 
[2026-04-03T06:42:11.598+0600][11.866s][info][gc,marking  ] GC(4) Y: Mark Stack Usage: 32M
[2026-04-03T06:42:11.598+0600][11.866s][info][gc,nmethod  ] GC(4) Y: NMethods: 10457 registered, 0 unregistered
[2026-04-03T06:42:11.598+0600][11.866s][info][gc,metaspace] GC(4) Y: Metaspace: 48M used, 49M committed, 1088M reserved
[2026-04-03T06:42:11.598+0600][11.866s][info][gc,reloc    ] GC(4) Y:                        Candidates     Selected     In-Place         Size        Empty    Relocated 
[2026-04-03T06:42:11.598+0600][11.866s][info][gc,reloc    ] GC(4) Y: Small Pages:                  126           98            0         252M           0M          23M 
[2026-04-03T06:42:11.598+0600][11.866s][info][gc,reloc    ] GC(4) Y: Medium Pages:                   5            3            0         160M          32M           4M 
[2026-04-03T06:42:11.598+0600][11.866s][info][gc,reloc    ] GC(4) Y: Large Pages:                    0            0            0           0M           0M           0M 
[2026-04-03T06:42:11.598+0600][11.866s][info][gc,reloc    ] GC(4) Y: Forwarding Usage: 11M
[2026-04-03T06:42:11.598+0600][11.866s][info][gc,reloc    ] GC(4) Y: Age Table:
[2026-04-03T06:42:11.598+0600][11.866s][info][gc,reloc    ] GC(4) Y:                    Live             Garbage             Small              Medium             Large        
[2026-04-03T06:42:11.598+0600][11.866s][info][gc,reloc    ] GC(4) Y: Eden              31M (1%)          214M (5%)         107 / 90             1 / 1              0 / 0        
[2026-04-03T06:42:11.598+0600][11.866s][info][gc,reloc    ] GC(4) Y: Survivor 1        19M (0%)           72M (2%)          14 / 4              2 / 1              0 / 0        
[2026-04-03T06:42:11.598+0600][11.866s][info][gc,reloc    ] GC(4) Y: Survivor 2         2M (0%)           71M (2%)           5 / 4              2 / 1              0 / 0        
[2026-04-03T06:42:11.598+0600][11.866s][info][gc,heap     ] GC(4) Y: Min Capacity: 8M(0%)
[2026-04-03T06:42:11.598+0600][11.866s][info][gc,heap     ] GC(4) Y: Max Capacity: 3922M(100%)
[2026-04-03T06:42:11.598+0600][11.866s][info][gc,heap     ] GC(4) Y: Soft Max Capacity: 3529M(90%)
[2026-04-03T06:42:11.598+0600][11.866s][info][gc,heap     ] GC(4) Y: Heap Statistics:
[2026-04-03T06:42:11.599+0600][11.867s][info][gc,heap     ] GC(4) Y:                Mark Start          Mark End        Relocate Start      Relocate End           High               Low         
[2026-04-03T06:42:11.599+0600][11.867s][info][gc,heap     ] GC(4) Y:  Capacity:      532M (14%)         532M (14%)         532M (14%)         596M (15%)         596M (15%)         532M (14%)    
[2026-04-03T06:42:11.599+0600][11.867s][info][gc,heap     ] GC(4) Y:      Free:     3470M (88%)        3460M (88%)        3490M (89%)        3634M (93%)        3634M (93%)        3376M (86%)    
[2026-04-03T06:42:11.599+0600][11.867s][info][gc,heap     ] GC(4) Y:      Used:      452M (12%)         462M (12%)         432M (11%)         288M (7%)          546M (14%)         288M (7%)     
[2026-04-03T06:42:11.599+0600][11.867s][info][gc,heap     ] GC(4) Y: Young Generation Statistics:
[2026-04-03T06:42:11.599+0600][11.867s][info][gc,heap     ] GC(4) Y:                Mark Start          Mark End        Relocate Start      Relocate End    
[2026-04-03T06:42:11.599+0600][11.867s][info][gc,heap     ] GC(4) Y:      Used:      412M (11%)         422M (11%)         392M (10%)         248M (6%)     
[2026-04-03T06:42:11.599+0600][11.867s][info][gc,heap     ] GC(4) Y:      Live:         -                53M (1%)           53M (1%)           53M (1%)     
[2026-04-03T06:42:11.599+0600][11.867s][info][gc,heap     ] GC(4) Y:   Garbage:         -               358M (9%)          326M (8%)            3M (0%)     
[2026-04-03T06:42:11.599+0600][11.867s][info][gc,heap     ] GC(4) Y: Allocated:         -                10M (0%)           12M (0%)          191M (5%)     
[2026-04-03T06:42:11.599+0600][11.867s][info][gc,heap     ] GC(4) Y: Reclaimed:         -                  -                32M (1%)          355M (9%)     
[2026-04-03T06:42:11.599+0600][11.867s][info][gc,heap     ] GC(4) Y:  Promoted:         -                  -                 0M (0%)            0M (0%)     
[2026-04-03T06:42:11.599+0600][11.867s][info][gc,heap     ] GC(4) Y: Compacted:         -                  -                  -                36M (1%)     
[2026-04-03T06:42:11.599+0600][11.867s][info][gc,phases   ] GC(4) Y: Young Generation 452M(12%)->288M(7%) 0.348s
[2026-04-03T06:42:11.599+0600][11.867s][info][gc,phases   ] GC(4) O: Old Generation
[2026-04-03T06:42:11.623+0600][11.891s][info][gc,phases   ] GC(4) O: Concurrent Mark 24.621ms
[2026-04-03T06:42:11.624+0600][11.892s][info][gc,phases   ] GC(4) O: Pause Mark End 0.031ms
[2026-04-03T06:42:11.624+0600][11.892s][info][gc,phases   ] GC(4) O: Concurrent Mark Free 0.003ms
[2026-04-03T06:42:11.714+0600][11.982s][info][gc,phases   ] GC(4) O: Concurrent Process Non-Strong 90.466ms
[2026-04-03T06:42:11.715+0600][11.983s][info][gc,phases   ] GC(4) O: Concurrent Reset Relocation Set 0.004ms
[2026-04-03T06:42:11.721+0600][11.989s][info][gc,phases   ] GC(4) O: Concurrent Select Relocation Set 6.600ms
[2026-04-03T06:42:11.721+0600][11.989s][info][gc,task     ] GC(4) O: Using 2 Workers for Old Generation
[2026-04-03T06:42:11.760+0600][12.028s][info][gc,task     ] GC(4) O: Using 1 Workers for Old Generation
[2026-04-03T06:42:11.760+0600][12.028s][info][gc,phases   ] GC(4) O: Concurrent Remap Roots 38.332ms
[2026-04-03T06:42:11.760+0600][12.028s][info][gc,phases   ] GC(4) O: Pause Relocate Start 0.030ms
[2026-04-03T06:42:11.765+0600][12.033s][info][gc,phases   ] GC(4) O: Concurrent Relocate 4.580ms
[2026-04-03T06:42:11.765+0600][12.033s][info][gc,alloc    ] GC(4) O:                         Mark Start        Mark End      Relocate Start    Relocate End   
[2026-04-03T06:42:11.765+0600][12.033s][info][gc,alloc    ] GC(4) O: Allocation Stalls:          0                0                0                0         
[2026-04-03T06:42:11.765+0600][12.033s][info][gc,load     ] GC(4) O: Load: 4.11 (34%) / 6.08 (51%) / 5.50 (46%)
[2026-04-03T06:42:11.765+0600][12.033s][info][gc,mmu      ] GC(4) O: MMU: 2ms/98.0%, 5ms/99.0%, 10ms/99.4%, 20ms/99.6%, 50ms/99.7%, 100ms/99.8%
[2026-04-03T06:42:11.765+0600][12.033s][info][gc,marking  ] GC(4) O: Mark: 1 stripe(s), 2 proactive flush(es), 1 terminate flush(es), 0 completion(s), 0 continuation(s) 
[2026-04-03T06:42:11.765+0600][12.033s][info][gc,marking  ] GC(4) O: Mark Stack Usage: 32M
[2026-04-03T06:42:11.765+0600][12.033s][info][gc,nmethod  ] GC(4) O: NMethods: 8948 registered, 1572 unregistered
[2026-04-03T06:42:11.765+0600][12.033s][info][gc,metaspace] GC(4) O: Metaspace: 48M used, 49M committed, 1088M reserved
[2026-04-03T06:42:11.765+0600][12.033s][info][gc,ref      ] GC(4) O:                       Encountered   Discovered     Enqueued 
[2026-04-03T06:42:11.765+0600][12.033s][info][gc,ref      ] GC(4) O: Soft References:              605            0            0 
[2026-04-03T06:42:11.765+0600][12.033s][info][gc,ref      ] GC(4) O: Weak References:            43673          422            0 
[2026-04-03T06:42:11.765+0600][12.033s][info][gc,ref      ] GC(4) O: Final References:               0            0            0 
[2026-04-03T06:42:11.765+0600][12.033s][info][gc,ref      ] GC(4) O: Phantom References:            82           27            0 
[2026-04-03T06:42:11.765+0600][12.033s][info][gc,reloc    ] GC(4) O:                        Candidates     Selected     In-Place         Size        Empty    Relocated 
[2026-04-03T06:42:11.765+0600][12.033s][info][gc,reloc    ] GC(4) O: Small Pages:                    4            1            0           8M           0M           1M 
[2026-04-03T06:42:11.765+0600][12.033s][info][gc,reloc    ] GC(4) O: Medium Pages:                   1            0            0          32M           0M           0M 
[2026-04-03T06:42:11.765+0600][12.033s][info][gc,reloc    ] GC(4) O: Large Pages:                    0            0            0           0M           0M           0M 
[2026-04-03T06:42:11.765+0600][12.033s][info][gc,reloc    ] GC(4) O: Forwarding Usage: 0M
[2026-04-03T06:42:11.765+0600][12.033s][info][gc,heap     ] GC(4) O: Min Capacity: 8M(0%)
[2026-04-03T06:42:11.765+0600][12.033s][info][gc,heap     ] GC(4) O: Max Capacity: 3922M(100%)
[2026-04-03T06:42:11.765+0600][12.033s][info][gc,heap     ] GC(4) O: Soft Max Capacity: 3529M(90%)
[2026-04-03T06:42:11.765+0600][12.033s][info][gc,heap     ] GC(4) O: Heap Statistics:
[2026-04-03T06:42:11.765+0600][12.033s][info][gc,heap     ] GC(4) O:                Mark Start          Mark End        Relocate Start      Relocate End           High               Low         
[2026-04-03T06:42:11.765+0600][12.033s][info][gc,heap     ] GC(4) O:  Capacity:      532M (14%)         596M (15%)         596M (15%)         596M (15%)         596M (15%)         532M (14%)    
[2026-04-03T06:42:11.765+0600][12.033s][info][gc,heap     ] GC(4) O:      Free:     3470M (88%)        3634M (93%)        3630M (93%)        3624M (92%)        3634M (93%)        3376M (86%)    
[2026-04-03T06:42:11.765+0600][12.033s][info][gc,heap     ] GC(4) O:      Used:      452M (12%)         288M (7%)          292M (7%)          298M (8%)          546M (14%)         288M (7%)     
[2026-04-03T06:42:11.765+0600][12.033s][info][gc,heap     ] GC(4) O: Old Generation Statistics:
[2026-04-03T06:42:11.765+0600][12.033s][info][gc,heap     ] GC(4) O:                Mark Start          Mark End        Relocate Start      Relocate End    
[2026-04-03T06:42:11.766+0600][12.034s][info][gc,heap     ] GC(4) O:      Used:       40M (1%)           40M (1%)           40M (1%)           46M (1%)     
[2026-04-03T06:42:11.766+0600][12.034s][info][gc,heap     ] GC(4) O:      Live:         -                 5M (0%)            5M (0%)            5M (0%)     
[2026-04-03T06:42:11.766+0600][12.034s][info][gc,heap     ] GC(4) O:   Garbage:         -                34M (1%)           34M (1%)           31M (1%)     
[2026-04-03T06:42:11.766+0600][12.034s][info][gc,heap     ] GC(4) O: Allocated:         -                 0M (0%)            0M (0%)            8M (0%)     
[2026-04-03T06:42:11.766+0600][12.034s][info][gc,heap     ] GC(4) O: Reclaimed:         -                  -                 0M (0%)            2M (0%)     
[2026-04-03T06:42:11.766+0600][12.034s][info][gc,heap     ] GC(4) O: Compacted:         -                  -                  -                 1M (0%)     
[2026-04-03T06:42:11.766+0600][12.034s][info][gc,phases   ] GC(4) O: Old Generation 288M(7%)->298M(8%) 0.166s
[2026-04-03T06:42:11.766+0600][12.034s][info][gc          ] GC(4) Major Collection (CodeCache GC Threshold) 452M(12%)->298M(8%) 0.516s
[2026-04-03T06:42:17.292+0600][17.560s][info][gc          ] GC(5) Major Collection (System.gc())
[2026-04-03T06:42:17.292+0600][17.560s][info][gc,task     ] GC(5) Using 3 Workers for Young Generation
[2026-04-03T06:42:17.292+0600][17.560s][info][gc,task     ] GC(5) Using 3 Workers for Old Generation
[2026-04-03T06:42:17.292+0600][17.560s][info][gc,phases   ] GC(5) Y: Young Generation (Promote All)
[2026-04-03T06:42:17.293+0600][17.561s][info][gc,phases   ] GC(5) Y: Pause Mark Start 0.018ms
[2026-04-03T06:42:17.336+0600][17.604s][info][gc,phases   ] GC(5) Y: Concurrent Mark 43.323ms
[2026-04-03T06:42:17.336+0600][17.604s][info][gc,phases   ] GC(5) Y: Pause Mark End 0.157ms
[2026-04-03T06:42:17.337+0600][17.605s][info][gc,phases   ] GC(5) Y: Concurrent Mark Free 0.004ms
[2026-04-03T06:42:17.337+0600][17.605s][info][gc,phases   ] GC(5) Y: Concurrent Reset Relocation Set 0.037ms
[2026-04-03T06:42:17.341+0600][17.609s][info][gc,reloc    ] GC(5) Y: Using tenuring threshold: 0 (Promote All)
[2026-04-03T06:42:17.352+0600][17.620s][info][gc,phases   ] GC(5) Y: Concurrent Select Relocation Set 14.870ms
[2026-04-03T06:42:17.352+0600][17.620s][info][gc,phases   ] GC(5) Y: Pause Relocate Start 0.020ms
[2026-04-03T06:42:17.382+0600][17.650s][info][gc,phases   ] GC(5) Y: Concurrent Relocate 29.544ms
[2026-04-03T06:42:17.382+0600][17.650s][info][gc,alloc    ] GC(5) Y:                         Mark Start        Mark End      Relocate Start    Relocate End   
[2026-04-03T06:42:17.382+0600][17.650s][info][gc,alloc    ] GC(5) Y: Allocation Stalls:          0                0                0                0         
[2026-04-03T06:42:17.382+0600][17.650s][info][gc,load     ] GC(5) Y: Load: 4.34 (36%) / 6.10 (51%) / 5.51 (46%)
[2026-04-03T06:42:17.382+0600][17.650s][info][gc,mmu      ] GC(5) Y: MMU: 2ms/92.2%, 5ms/96.9%, 10ms/98.4%, 20ms/99.1%, 50ms/99.6%, 100ms/99.8%
[2026-04-03T06:42:17.382+0600][17.650s][info][gc,marking  ] GC(5) Y: Mark: 2 stripe(s), 2 proactive flush(es), 1 terminate flush(es), 0 completion(s), 0 continuation(s) 
[2026-04-03T06:42:17.382+0600][17.650s][info][gc,marking  ] GC(5) Y: Mark Stack Usage: 32M
[2026-04-03T06:42:17.382+0600][17.650s][info][gc,nmethod  ] GC(5) Y: NMethods: 12784 registered, 0 unregistered
[2026-04-03T06:42:17.382+0600][17.650s][info][gc,metaspace] GC(5) Y: Metaspace: 57M used, 57M committed, 1088M reserved
[2026-04-03T06:42:17.382+0600][17.650s][info][gc,reloc    ] GC(5) Y:                        Candidates     Selected     In-Place         Size        Empty    Relocated 
[2026-04-03T06:42:17.382+0600][17.650s][info][gc,reloc    ] GC(5) Y: Small Pages:                  149          131            0         298M          10M           9M 
[2026-04-03T06:42:17.382+0600][17.650s][info][gc,reloc    ] GC(5) Y: Medium Pages:                   5            2            0         160M          64M           2M 
[2026-04-03T06:42:17.382+0600][17.650s][info][gc,reloc    ] GC(5) Y: Large Pages:                    0            0            0           0M           0M           0M 
[2026-04-03T06:42:17.382+0600][17.650s][info][gc,reloc    ] GC(5) Y: Forwarding Usage: 5M
[2026-04-03T06:42:17.382+0600][17.650s][info][gc,reloc    ] GC(5) Y: Age Table:
[2026-04-03T06:42:17.382+0600][17.650s][info][gc,reloc    ] GC(5) Y:                    Live             Garbage             Small              Medium             Large        
[2026-04-03T06:42:17.382+0600][17.650s][info][gc,reloc    ] GC(5) Y: Eden               3M (0%)          220M (6%)         112 / 105            0 / 0              0 / 0        
[2026-04-03T06:42:17.382+0600][17.650s][info][gc,reloc    ] GC(5) Y: Survivor 1         5M (0%)           96M (2%)          19 / 17             2 / 0              0 / 0        
[2026-04-03T06:42:17.382+0600][17.650s][info][gc,reloc    ] GC(5) Y: Survivor 2        12M (0%)           77M (2%)          13 / 6              2 / 1              0 / 0        
[2026-04-03T06:42:17.382+0600][17.650s][info][gc,reloc    ] GC(5) Y: Survivor 3         2M (0%)           39M (1%)           5 / 3              1 / 1              0 / 0        
[2026-04-03T06:42:17.382+0600][17.650s][info][gc,heap     ] GC(5) Y: Min Capacity: 8M(0%)
[2026-04-03T06:42:17.382+0600][17.650s][info][gc,heap     ] GC(5) Y: Max Capacity: 3922M(100%)
[2026-04-03T06:42:17.382+0600][17.650s][info][gc,heap     ] GC(5) Y: Soft Max Capacity: 3529M(90%)
[2026-04-03T06:42:17.382+0600][17.650s][info][gc,heap     ] GC(5) Y: Heap Statistics:
[2026-04-03T06:42:17.382+0600][17.650s][info][gc,heap     ] GC(5) Y:                Mark Start          Mark End        Relocate Start      Relocate End           High               Low         
[2026-04-03T06:42:17.382+0600][17.650s][info][gc,heap     ] GC(5) Y:  Capacity:      596M (15%)         596M (15%)         596M (15%)         596M (15%)         596M (15%)         596M (15%)    
[2026-04-03T06:42:17.382+0600][17.650s][info][gc,heap     ] GC(5) Y:      Free:     3418M (87%)        3418M (87%)        3492M (89%)        3818M (97%)        3818M (97%)        3418M (87%)    
[2026-04-03T06:42:17.382+0600][17.650s][info][gc,heap     ] GC(5) Y:      Used:      504M (13%)         504M (13%)         430M (11%)         104M (3%)          504M (13%)         104M (3%)     
[2026-04-03T06:42:17.382+0600][17.650s][info][gc,heap     ] GC(5) Y: Young Generation Statistics:
[2026-04-03T06:42:17.382+0600][17.650s][info][gc,heap     ] GC(5) Y:                Mark Start          Mark End        Relocate Start      Relocate End    
[2026-04-03T06:42:17.382+0600][17.650s][info][gc,heap     ] GC(5) Y:      Used:      458M (12%)         458M (12%)         374M (10%)           0M (0%)     
[2026-04-03T06:42:17.382+0600][17.650s][info][gc,heap     ] GC(5) Y:      Live:         -                24M (1%)           16M (0%)            0M (0%)     
[2026-04-03T06:42:17.382+0600][17.650s][info][gc,heap     ] GC(5) Y:   Garbage:         -               433M (11%)         357M (9%)            0M (0%)     
[2026-04-03T06:42:17.382+0600][17.650s][info][gc,heap     ] GC(5) Y: Allocated:         -                 0M (0%)            0M (0%)            0M (0%)     
[2026-04-03T06:42:17.382+0600][17.650s][info][gc,heap     ] GC(5) Y: Reclaimed:         -                  -                76M (2%)          433M (11%)    
[2026-04-03T06:42:17.382+0600][17.650s][info][gc,heap     ] GC(5) Y:  Promoted:         -                  -                 7M (0%)           24M (1%)     
[2026-04-03T06:42:17.382+0600][17.650s][info][gc,heap     ] GC(5) Y: Compacted:         -                  -                  -                 0M (0%)     
[2026-04-03T06:42:17.382+0600][17.650s][info][gc,phases   ] GC(5) Y: Young Generation (Promote All) 504M(13%)->104M(3%) 0.089s
[2026-04-03T06:42:17.382+0600][17.650s][info][gc,phases   ] GC(5) Y: Young Generation (Collect Roots)
[2026-04-03T06:42:17.382+0600][17.650s][info][gc,phases   ] GC(5) Y: Pause Mark Start (Major) 0.026ms
[2026-04-03T06:42:17.399+0600][17.667s][info][gc,phases   ] GC(5) Y: Concurrent Mark 16.275ms
[2026-04-03T06:42:17.399+0600][17.667s][info][gc,phases   ] GC(5) Y: Pause Mark End 0.023ms
[2026-04-03T06:42:17.400+0600][17.668s][info][gc,phases   ] GC(5) Y: Concurrent Mark Free 0.253ms
[2026-04-03T06:42:17.400+0600][17.668s][info][gc,phases   ] GC(5) Y: Concurrent Reset Relocation Set 0.040ms
[2026-04-03T06:42:17.403+0600][17.671s][info][gc,reloc    ] GC(5) Y: Using tenuring threshold: 0 (Computed)
[2026-04-03T06:42:17.404+0600][17.672s][info][gc,phases   ] GC(5) Y: Concurrent Select Relocation Set 3.566ms
[2026-04-03T06:42:17.404+0600][17.672s][info][gc,phases   ] GC(5) Y: Pause Relocate Start 0.013ms
[2026-04-03T06:42:17.404+0600][17.672s][info][gc,phases   ] GC(5) Y: Concurrent Relocate 0.067ms
[2026-04-03T06:42:17.404+0600][17.672s][info][gc,alloc    ] GC(5) Y:                         Mark Start        Mark End      Relocate Start    Relocate End   
[2026-04-03T06:42:17.404+0600][17.672s][info][gc,alloc    ] GC(5) Y: Allocation Stalls:          0                0                0                0         
[2026-04-03T06:42:17.404+0600][17.672s][info][gc,load     ] GC(5) Y: Load: 4.34 (36%) / 6.10 (51%) / 5.51 (46%)
[2026-04-03T06:42:17.404+0600][17.672s][info][gc,mmu      ] GC(5) Y: MMU: 2ms/92.2%, 5ms/96.9%, 10ms/98.4%, 20ms/99.1%, 50ms/99.6%, 100ms/99.8%
[2026-04-03T06:42:17.404+0600][17.672s][info][gc,marking  ] GC(5) Y: Mark: 2 stripe(s), 1 proactive flush(es), 1 terminate flush(es), 0 completion(s), 0 continuation(s) 
[2026-04-03T06:42:17.404+0600][17.672s][info][gc,marking  ] GC(5) Y: Mark Stack Usage: 0M
[2026-04-03T06:42:17.404+0600][17.672s][info][gc,nmethod  ] GC(5) Y: NMethods: 12784 registered, 0 unregistered
[2026-04-03T06:42:17.404+0600][17.672s][info][gc,metaspace] GC(5) Y: Metaspace: 57M used, 57M committed, 1088M reserved
[2026-04-03T06:42:17.404+0600][17.672s][info][gc,heap     ] GC(5) Y: Min Capacity: 8M(0%)
[2026-04-03T06:42:17.404+0600][17.672s][info][gc,heap     ] GC(5) Y: Max Capacity: 3922M(100%)
[2026-04-03T06:42:17.404+0600][17.672s][info][gc,heap     ] GC(5) Y: Soft Max Capacity: 3529M(90%)
[2026-04-03T06:42:17.404+0600][17.672s][info][gc,heap     ] GC(5) Y: Heap Statistics:
[2026-04-03T06:42:17.404+0600][17.672s][info][gc,heap     ] GC(5) Y:                Mark Start          Mark End        Relocate Start      Relocate End           High               Low         
[2026-04-03T06:42:17.404+0600][17.672s][info][gc,heap     ] GC(5) Y:  Capacity:      596M (15%)         596M (15%)         596M (15%)         596M (15%)         596M (15%)         596M (15%)    
[2026-04-03T06:42:17.404+0600][17.672s][info][gc,heap     ] GC(5) Y:      Free:     3818M (97%)        3818M (97%)        3818M (97%)        3818M (97%)        3818M (97%)        3818M (97%)    
[2026-04-03T06:42:17.404+0600][17.672s][info][gc,heap     ] GC(5) Y:      Used:      104M (3%)          104M (3%)          104M (3%)          104M (3%)          104M (3%)          104M (3%)     
[2026-04-03T06:42:17.404+0600][17.672s][info][gc,heap     ] GC(5) Y: Young Generation Statistics:
[2026-04-03T06:42:17.404+0600][17.672s][info][gc,heap     ] GC(5) Y:                Mark Start          Mark End        Relocate Start      Relocate End    
[2026-04-03T06:42:17.404+0600][17.672s][info][gc,heap     ] GC(5) Y:      Used:        0M (0%)            0M (0%)            0M (0%)            0M (0%)     
[2026-04-03T06:42:17.404+0600][17.672s][info][gc,heap     ] GC(5) Y:      Live:         -                 0M (0%)            0M (0%)            0M (0%)     
[2026-04-03T06:42:17.404+0600][17.672s][info][gc,heap     ] GC(5) Y:   Garbage:         -                 0M (0%)            0M (0%)            0M (0%)     
[2026-04-03T06:42:17.404+0600][17.672s][info][gc,heap     ] GC(5) Y: Allocated:         -                 0M (0%)            0M (0%)            0M (0%)     
[2026-04-03T06:42:17.404+0600][17.672s][info][gc,heap     ] GC(5) Y: Reclaimed:         -                  -                 0M (0%)            0M (0%)     
[2026-04-03T06:42:17.404+0600][17.672s][info][gc,heap     ] GC(5) Y:  Promoted:         -                  -                 0M (0%)            0M (0%)     
[2026-04-03T06:42:17.404+0600][17.672s][info][gc,heap     ] GC(5) Y: Compacted:         -                  -                  -                 0M (0%)     
[2026-04-03T06:42:17.404+0600][17.672s][info][gc,phases   ] GC(5) Y: Young Generation (Collect Roots) 104M(3%)->104M(3%) 0.022s
[2026-04-03T06:42:17.404+0600][17.672s][info][gc,phases   ] GC(5) O: Old Generation
[2026-04-03T06:42:17.432+0600][17.700s][info][gc,phases   ] GC(5) O: Concurrent Mark 27.885ms
[2026-04-03T06:42:17.432+0600][17.700s][info][gc,phases   ] GC(5) O: Pause Mark End 0.035ms
[2026-04-03T06:42:17.432+0600][17.700s][info][gc,phases   ] GC(5) O: Concurrent Mark Free 0.002ms
[2026-04-03T06:42:17.452+0600][17.720s][info][gc,phases   ] GC(5) O: Concurrent Process Non-Strong 19.567ms
[2026-04-03T06:42:17.452+0600][17.720s][info][gc,phases   ] GC(5) O: Concurrent Reset Relocation Set 0.001ms
[2026-04-03T06:42:17.454+0600][17.722s][info][gc,phases   ] GC(5) O: Concurrent Select Relocation Set 1.884ms
[2026-04-03T06:42:17.454+0600][17.722s][info][gc,task     ] GC(5) O: Using 3 Workers for Old Generation
[2026-04-03T06:42:17.472+0600][17.740s][info][gc,task     ] GC(5) O: Using 3 Workers for Old Generation
[2026-04-03T06:42:17.472+0600][17.740s][info][gc,phases   ] GC(5) O: Concurrent Remap Roots 17.917ms
[2026-04-03T06:42:17.472+0600][17.740s][info][gc,phases   ] GC(5) O: Pause Relocate Start 0.037ms
[2026-04-03T06:42:17.477+0600][17.745s][info][gc,phases   ] GC(5) O: Concurrent Relocate 4.421ms
[2026-04-03T06:42:17.477+0600][17.745s][info][gc,alloc    ] GC(5) O:                         Mark Start        Mark End      Relocate Start    Relocate End   
[2026-04-03T06:42:17.477+0600][17.745s][info][gc,alloc    ] GC(5) O: Allocation Stalls:          0                0                0                0         
[2026-04-03T06:42:17.477+0600][17.745s][info][gc,load     ] GC(5) O: Load: 4.34 (36%) / 6.10 (51%) / 5.51 (46%)
[2026-04-03T06:42:17.477+0600][17.745s][info][gc,mmu      ] GC(5) O: MMU: 2ms/92.2%, 5ms/96.9%, 10ms/98.4%, 20ms/99.1%, 50ms/99.6%, 100ms/99.7%
[2026-04-03T06:42:17.477+0600][17.745s][info][gc,marking  ] GC(5) O: Mark: 2 stripe(s), 2 proactive flush(es), 1 terminate flush(es), 0 completion(s), 0 continuation(s) 
[2026-04-03T06:42:17.477+0600][17.745s][info][gc,marking  ] GC(5) O: Mark Stack Usage: 32M
[2026-04-03T06:42:17.477+0600][17.745s][info][gc,nmethod  ] GC(5) O: NMethods: 11674 registered, 1112 unregistered
[2026-04-03T06:42:17.477+0600][17.745s][info][gc,metaspace] GC(5) O: Metaspace: 57M used, 57M committed, 1088M reserved
[2026-04-03T06:42:17.477+0600][17.745s][info][gc,ref      ] GC(5) O:                       Encountered   Discovered     Enqueued 
[2026-04-03T06:42:17.477+0600][17.745s][info][gc,ref      ] GC(5) O: Soft References:              647            0            0 
[2026-04-03T06:42:17.477+0600][17.745s][info][gc,ref      ] GC(5) O: Weak References:             7827         6448         2370 
[2026-04-03T06:42:17.477+0600][17.745s][info][gc,ref      ] GC(5) O: Final References:               0            0            0 
[2026-04-03T06:42:17.477+0600][17.745s][info][gc,ref      ] GC(5) O: Phantom References:            82           51            0 
[2026-04-03T06:42:17.477+0600][17.745s][info][gc,reloc    ] GC(5) O:                        Candidates     Selected     In-Place         Size        Empty    Relocated 
[2026-04-03T06:42:17.477+0600][17.745s][info][gc,reloc    ] GC(5) O: Small Pages:                   20            5            0          40M           0M           1M 
[2026-04-03T06:42:17.477+0600][17.745s][info][gc,reloc    ] GC(5) O: Medium Pages:                   2            1            0          64M           0M           3M 
[2026-04-03T06:42:17.477+0600][17.745s][info][gc,reloc    ] GC(5) O: Large Pages:                    0            0            0           0M           0M           0M 
[2026-04-03T06:42:17.477+0600][17.745s][info][gc,reloc    ] GC(5) O: Forwarding Usage: 0M
[2026-04-03T06:42:17.477+0600][17.745s][info][gc,heap     ] GC(5) O: Min Capacity: 8M(0%)
[2026-04-03T06:42:17.477+0600][17.745s][info][gc,heap     ] GC(5) O: Max Capacity: 3922M(100%)
[2026-04-03T06:42:17.477+0600][17.745s][info][gc,heap     ] GC(5) O: Soft Max Capacity: 3529M(90%)
[2026-04-03T06:42:17.477+0600][17.745s][info][gc,heap     ] GC(5) O: Heap Statistics:
[2026-04-03T06:42:17.477+0600][17.745s][info][gc,heap     ] GC(5) O:                Mark Start          Mark End        Relocate Start      Relocate End           High               Low         
[2026-04-03T06:42:17.477+0600][17.745s][info][gc,heap     ] GC(5) O:  Capacity:      596M (15%)         596M (15%)         596M (15%)         596M (15%)         596M (15%)         596M (15%)    
[2026-04-03T06:42:17.477+0600][17.745s][info][gc,heap     ] GC(5) O:      Free:     3818M (97%)        3818M (97%)        3818M (97%)        3860M (98%)        3860M (98%)        3784M (96%)    
[2026-04-03T06:42:17.477+0600][17.745s][info][gc,heap     ] GC(5) O:      Used:      104M (3%)          104M (3%)          104M (3%)           62M (2%)          138M (4%)           62M (2%)     
[2026-04-03T06:42:17.477+0600][17.745s][info][gc,heap     ] GC(5) O: Old Generation Statistics:
[2026-04-03T06:42:17.477+0600][17.745s][info][gc,heap     ] GC(5) O:                Mark Start          Mark End        Relocate Start      Relocate End    
[2026-04-03T06:42:17.477+0600][17.745s][info][gc,heap     ] GC(5) O:      Used:      104M (3%)          104M (3%)          104M (3%)           62M (2%)     
[2026-04-03T06:42:17.477+0600][17.745s][info][gc,heap     ] GC(5) O:      Live:         -                29M (1%)           29M (1%)           29M (1%)     
[2026-04-03T06:42:17.477+0600][17.745s][info][gc,heap     ] GC(5) O:   Garbage:         -                74M (2%)           74M (2%)            3M (0%)     
[2026-04-03T06:42:17.477+0600][17.745s][info][gc,heap     ] GC(5) O: Allocated:         -                 0M (0%)            0M (0%)           28M (1%)     
[2026-04-03T06:42:17.477+0600][17.745s][info][gc,heap     ] GC(5) O: Reclaimed:         -                  -                 0M (0%)           70M (2%)     
[2026-04-03T06:42:17.477+0600][17.745s][info][gc,heap     ] GC(5) O: Compacted:         -                  -                  -                 5M (0%)     
[2026-04-03T06:42:17.477+0600][17.745s][info][gc,phases   ] GC(5) O: Old Generation 104M(3%)->62M(2%) 0.073s
[2026-04-03T06:42:17.477+0600][17.745s][info][gc          ] GC(5) Major Collection (System.gc()) 504M(13%)->62M(2%) 0.185s
[2026-04-03T06:42:22.921+0600][23.189s][info][gc          ] GC(6) Major Collection (System.gc())
[2026-04-03T06:42:22.921+0600][23.189s][info][gc,task     ] GC(6) Using 3 Workers for Young Generation
[2026-04-03T06:42:22.921+0600][23.189s][info][gc,task     ] GC(6) Using 3 Workers for Old Generation
[2026-04-03T06:42:22.921+0600][23.189s][info][gc,phases   ] GC(6) Y: Young Generation (Promote All)
[2026-04-03T06:42:22.921+0600][23.189s][info][gc,phases   ] GC(6) Y: Pause Mark Start 0.019ms
[2026-04-03T06:42:22.933+0600][23.201s][info][gc,phases   ] GC(6) Y: Concurrent Mark 11.261ms
[2026-04-03T06:42:22.933+0600][23.201s][info][gc,phases   ] GC(6) Y: Pause Mark End 0.024ms
[2026-04-03T06:42:22.933+0600][23.201s][info][gc,phases   ] GC(6) Y: Concurrent Mark Free 0.001ms
[2026-04-03T06:42:22.933+0600][23.201s][info][gc,phases   ] GC(6) Y: Concurrent Reset Relocation Set 0.001ms
[2026-04-03T06:42:22.938+0600][23.206s][info][gc,reloc    ] GC(6) Y: Using tenuring threshold: 0 (Promote All)
[2026-04-03T06:42:22.939+0600][23.207s][info][gc,phases   ] GC(6) Y: Concurrent Select Relocation Set 5.508ms
[2026-04-03T06:42:22.939+0600][23.207s][info][gc,phases   ] GC(6) Y: Pause Relocate Start 0.016ms
[2026-04-03T06:42:22.940+0600][23.208s][info][gc,phases   ] GC(6) Y: Concurrent Relocate 0.757ms
[2026-04-03T06:42:22.940+0600][23.208s][info][gc,alloc    ] GC(6) Y:                         Mark Start        Mark End      Relocate Start    Relocate End   
[2026-04-03T06:42:22.940+0600][23.208s][info][gc,alloc    ] GC(6) Y: Allocation Stalls:          0                0                0                0         
[2026-04-03T06:42:22.940+0600][23.208s][info][gc,load     ] GC(6) Y: Load: 4.23 (35%) / 6.04 (50%) / 5.49 (46%)
[2026-04-03T06:42:22.940+0600][23.208s][info][gc,mmu      ] GC(6) Y: MMU: 2ms/92.2%, 5ms/96.9%, 10ms/98.4%, 20ms/99.1%, 50ms/99.6%, 100ms/99.7%
[2026-04-03T06:42:22.940+0600][23.208s][info][gc,marking  ] GC(6) Y: Mark: 2 stripe(s), 1 proactive flush(es), 1 terminate flush(es), 0 completion(s), 0 continuation(s) 
[2026-04-03T06:42:22.940+0600][23.208s][info][gc,marking  ] GC(6) Y: Mark Stack Usage: 32M
[2026-04-03T06:42:22.940+0600][23.208s][info][gc,nmethod  ] GC(6) Y: NMethods: 14389 registered, 1112 unregistered
[2026-04-03T06:42:22.940+0600][23.208s][info][gc,metaspace] GC(6) Y: Metaspace: 58M used, 58M committed, 1088M reserved
[2026-04-03T06:42:22.940+0600][23.208s][info][gc,reloc    ] GC(6) Y:                        Candidates     Selected     In-Place         Size        Empty    Relocated 
[2026-04-03T06:42:22.940+0600][23.208s][info][gc,reloc    ] GC(6) Y: Small Pages:                  154           87            0         308M         132M           0M 
[2026-04-03T06:42:22.940+0600][23.208s][info][gc,reloc    ] GC(6) Y: Medium Pages:                   1            0            0          32M          32M           0M 
[2026-04-03T06:42:22.940+0600][23.208s][info][gc,reloc    ] GC(6) Y: Large Pages:                    0            0            0           0M           0M           0M 
[2026-04-03T06:42:22.940+0600][23.208s][info][gc,reloc    ] GC(6) Y: Forwarding Usage: 0M
[2026-04-03T06:42:22.940+0600][23.208s][info][gc,reloc    ] GC(6) Y: Age Table:
[2026-04-03T06:42:22.940+0600][23.208s][info][gc,reloc    ] GC(6) Y:                    Live             Garbage             Small              Medium             Large        
[2026-04-03T06:42:22.940+0600][23.208s][info][gc,reloc    ] GC(6) Y: Eden               0M (0%)          339M (9%)         154 / 87             1 / 0              0 / 0        
[2026-04-03T06:42:22.940+0600][23.208s][info][gc,heap     ] GC(6) Y: Min Capacity: 8M(0%)
[2026-04-03T06:42:22.940+0600][23.208s][info][gc,heap     ] GC(6) Y: Max Capacity: 3922M(100%)
[2026-04-03T06:42:22.940+0600][23.208s][info][gc,heap     ] GC(6) Y: Soft Max Capacity: 3529M(90%)
[2026-04-03T06:42:22.940+0600][23.208s][info][gc,heap     ] GC(6) Y: Heap Statistics:
[2026-04-03T06:42:22.940+0600][23.208s][info][gc,heap     ] GC(6) Y:                Mark Start          Mark End        Relocate Start      Relocate End           High               Low         
[2026-04-03T06:42:22.940+0600][23.208s][info][gc,heap     ] GC(6) Y:  Capacity:      596M (15%)         596M (15%)         596M (15%)         596M (15%)         596M (15%)         596M (15%)    
[2026-04-03T06:42:22.940+0600][23.208s][info][gc,heap     ] GC(6) Y:      Free:     3520M (90%)        3520M (90%)        3684M (94%)        3854M (98%)        3854M (98%)        3520M (90%)    
[2026-04-03T06:42:22.940+0600][23.208s][info][gc,heap     ] GC(6) Y:      Used:      402M (10%)         402M (10%)         238M (6%)           68M (2%)          402M (10%)          68M (2%)     
[2026-04-03T06:42:22.940+0600][23.208s][info][gc,heap     ] GC(6) Y: Young Generation Statistics:
[2026-04-03T06:42:22.940+0600][23.208s][info][gc,heap     ] GC(6) Y:                Mark Start          Mark End        Relocate Start      Relocate End    
[2026-04-03T06:42:22.940+0600][23.208s][info][gc,heap     ] GC(6) Y:      Used:      340M (9%)          340M (9%)          176M (4%)            0M (0%)     
[2026-04-03T06:42:22.940+0600][23.208s][info][gc,heap     ] GC(6) Y:      Live:         -                 0M (0%)            0M (0%)            0M (0%)     
[2026-04-03T06:42:22.940+0600][23.208s][info][gc,heap     ] GC(6) Y:   Garbage:         -               339M (9%)          175M (4%)            0M (0%)     
[2026-04-03T06:42:22.940+0600][23.208s][info][gc,heap     ] GC(6) Y: Allocated:         -                 0M (0%)            0M (0%)            0M (0%)     
[2026-04-03T06:42:22.940+0600][23.208s][info][gc,heap     ] GC(6) Y: Reclaimed:         -                  -               164M (4%)          339M (9%)     
[2026-04-03T06:42:22.940+0600][23.208s][info][gc,heap     ] GC(6) Y:  Promoted:         -                  -                 0M (0%)            0M (0%)     
[2026-04-03T06:42:22.940+0600][23.208s][info][gc,heap     ] GC(6) Y: Compacted:         -                  -                  -                 0M (0%)     
[2026-04-03T06:42:22.940+0600][23.208s][info][gc,phases   ] GC(6) Y: Young Generation (Promote All) 402M(10%)->68M(2%) 0.018s
[2026-04-03T06:42:22.940+0600][23.208s][info][gc,phases   ] GC(6) Y: Young Generation (Collect Roots)
[2026-04-03T06:42:22.940+0600][23.208s][info][gc,phases   ] GC(6) Y: Pause Mark Start (Major) 0.021ms
[2026-04-03T06:42:22.951+0600][23.219s][info][gc,phases   ] GC(6) Y: Concurrent Mark 10.169ms
[2026-04-03T06:42:22.951+0600][23.219s][info][gc,phases   ] GC(6) Y: Pause Mark End 0.026ms
[2026-04-03T06:42:22.951+0600][23.219s][info][gc,phases   ] GC(6) Y: Concurrent Mark Free 0.155ms
[2026-04-03T06:42:22.951+0600][23.219s][info][gc,phases   ] GC(6) Y: Concurrent Reset Relocation Set 0.022ms
[2026-04-03T06:42:22.954+0600][23.222s][info][gc,reloc    ] GC(6) Y: Using tenuring threshold: 0 (Computed)
[2026-04-03T06:42:22.955+0600][23.223s][info][gc,phases   ] GC(6) Y: Concurrent Select Relocation Set 3.628ms
[2026-04-03T06:42:22.955+0600][23.223s][info][gc,phases   ] GC(6) Y: Pause Relocate Start 0.030ms
[2026-04-03T06:42:22.955+0600][23.223s][info][gc,phases   ] GC(6) Y: Concurrent Relocate 0.200ms
[2026-04-03T06:42:22.955+0600][23.223s][info][gc,alloc    ] GC(6) Y:                         Mark Start        Mark End      Relocate Start    Relocate End   
[2026-04-03T06:42:22.955+0600][23.223s][info][gc,alloc    ] GC(6) Y: Allocation Stalls:          0                0                0                0         
[2026-04-03T06:42:22.955+0600][23.223s][info][gc,load     ] GC(6) Y: Load: 4.23 (35%) / 6.04 (50%) / 5.49 (46%)
[2026-04-03T06:42:22.955+0600][23.223s][info][gc,mmu      ] GC(6) Y: MMU: 2ms/92.2%, 5ms/96.9%, 10ms/98.4%, 20ms/99.1%, 50ms/99.6%, 100ms/99.7%
[2026-04-03T06:42:22.955+0600][23.223s][info][gc,marking  ] GC(6) Y: Mark: 2 stripe(s), 1 proactive flush(es), 1 terminate flush(es), 0 completion(s), 0 continuation(s) 
[2026-04-03T06:42:22.955+0600][23.223s][info][gc,marking  ] GC(6) Y: Mark Stack Usage: 0M
[2026-04-03T06:42:22.955+0600][23.223s][info][gc,nmethod  ] GC(6) Y: NMethods: 14392 registered, 1112 unregistered
[2026-04-03T06:42:22.955+0600][23.223s][info][gc,metaspace] GC(6) Y: Metaspace: 58M used, 58M committed, 1088M reserved
[2026-04-03T06:42:22.955+0600][23.223s][info][gc,heap     ] GC(6) Y: Min Capacity: 8M(0%)
[2026-04-03T06:42:22.955+0600][23.223s][info][gc,heap     ] GC(6) Y: Max Capacity: 3922M(100%)
[2026-04-03T06:42:22.955+0600][23.223s][info][gc,heap     ] GC(6) Y: Soft Max Capacity: 3529M(90%)
[2026-04-03T06:42:22.955+0600][23.223s][info][gc,heap     ] GC(6) Y: Heap Statistics:
[2026-04-03T06:42:22.955+0600][23.223s][info][gc,heap     ] GC(6) Y:                Mark Start          Mark End        Relocate Start      Relocate End           High               Low         
[2026-04-03T06:42:22.955+0600][23.223s][info][gc,heap     ] GC(6) Y:  Capacity:      596M (15%)         596M (15%)         596M (15%)         596M (15%)         596M (15%)         596M (15%)    
[2026-04-03T06:42:22.955+0600][23.223s][info][gc,heap     ] GC(6) Y:      Free:     3854M (98%)        3854M (98%)        3854M (98%)        3854M (98%)        3854M (98%)        3854M (98%)    
[2026-04-03T06:42:22.955+0600][23.223s][info][gc,heap     ] GC(6) Y:      Used:       68M (2%)           68M (2%)           68M (2%)           68M (2%)           68M (2%)           68M (2%)     
[2026-04-03T06:42:22.955+0600][23.223s][info][gc,heap     ] GC(6) Y: Young Generation Statistics:
[2026-04-03T06:42:22.955+0600][23.223s][info][gc,heap     ] GC(6) Y:                Mark Start          Mark End        Relocate Start      Relocate End    
[2026-04-03T06:42:22.955+0600][23.223s][info][gc,heap     ] GC(6) Y:      Used:        0M (0%)            0M (0%)            0M (0%)            0M (0%)     
[2026-04-03T06:42:22.955+0600][23.223s][info][gc,heap     ] GC(6) Y:      Live:         -                 0M (0%)            0M (0%)            0M (0%)     
[2026-04-03T06:42:22.955+0600][23.223s][info][gc,heap     ] GC(6) Y:   Garbage:         -                 0M (0%)            0M (0%)            0M (0%)     
[2026-04-03T06:42:22.955+0600][23.223s][info][gc,heap     ] GC(6) Y: Allocated:         -                 0M (0%)            0M (0%)            0M (0%)     
[2026-04-03T06:42:22.955+0600][23.223s][info][gc,heap     ] GC(6) Y: Reclaimed:         -                  -                 0M (0%)            0M (0%)     
[2026-04-03T06:42:22.955+0600][23.223s][info][gc,heap     ] GC(6) Y:  Promoted:         -                  -                 0M (0%)            0M (0%)     
[2026-04-03T06:42:22.955+0600][23.223s][info][gc,heap     ] GC(6) Y: Compacted:         -                  -                  -                 0M (0%)     
[2026-04-03T06:42:22.955+0600][23.223s][info][gc,phases   ] GC(6) Y: Young Generation (Collect Roots) 68M(2%)->68M(2%) 0.015s
[2026-04-03T06:42:22.955+0600][23.223s][info][gc,phases   ] GC(6) O: Old Generation
[2026-04-03T06:42:22.989+0600][23.257s][info][gc,phases   ] GC(6) O: Concurrent Mark 33.827ms
[2026-04-03T06:42:22.989+0600][23.257s][info][gc,phases   ] GC(6) O: Pause Mark End 0.054ms
[2026-04-03T06:42:22.990+0600][23.258s][info][gc,phases   ] GC(6) O: Concurrent Mark Free 0.003ms
[2026-04-03T06:42:23.013+0600][23.281s][info][gc,phases   ] GC(6) O: Concurrent Process Non-Strong 22.966ms
[2026-04-03T06:42:23.013+0600][23.281s][info][gc,phases   ] GC(6) O: Concurrent Reset Relocation Set 0.003ms
[2026-04-03T06:42:23.015+0600][23.283s][info][gc,phases   ] GC(6) O: Concurrent Select Relocation Set 1.957ms
[2026-04-03T06:42:23.015+0600][23.283s][info][gc,task     ] GC(6) O: Using 3 Workers for Old Generation
[2026-04-03T06:42:23.034+0600][23.302s][info][gc,task     ] GC(6) O: Using 3 Workers for Old Generation
[2026-04-03T06:42:23.034+0600][23.302s][info][gc,phases   ] GC(6) O: Concurrent Remap Roots 19.565ms
[2026-04-03T06:42:23.035+0600][23.303s][info][gc,phases   ] GC(6) O: Pause Relocate Start 0.021ms
[2026-04-03T06:42:23.038+0600][23.306s][info][gc,phases   ] GC(6) O: Concurrent Relocate 3.126ms
[2026-04-03T06:42:23.038+0600][23.306s][info][gc,alloc    ] GC(6) O:                         Mark Start        Mark End      Relocate Start    Relocate End   
[2026-04-03T06:42:23.038+0600][23.306s][info][gc,alloc    ] GC(6) O: Allocation Stalls:          0                0                0                0         
[2026-04-03T06:42:23.038+0600][23.306s][info][gc,load     ] GC(6) O: Load: 4.23 (35%) / 6.04 (50%) / 5.49 (46%)
[2026-04-03T06:42:23.038+0600][23.306s][info][gc,mmu      ] GC(6) O: MMU: 2ms/92.2%, 5ms/96.9%, 10ms/98.4%, 20ms/99.1%, 50ms/99.6%, 100ms/99.7%
[2026-04-03T06:42:23.038+0600][23.306s][info][gc,marking  ] GC(6) O: Mark: 2 stripe(s), 2 proactive flush(es), 1 terminate flush(es), 0 completion(s), 0 continuation(s) 
[2026-04-03T06:42:23.038+0600][23.306s][info][gc,marking  ] GC(6) O: Mark Stack Usage: 32M
[2026-04-03T06:42:23.038+0600][23.306s][info][gc,nmethod  ] GC(6) O: NMethods: 13466 registered, 2039 unregistered
[2026-04-03T06:42:23.038+0600][23.306s][info][gc,metaspace] GC(6) O: Metaspace: 58M used, 58M committed, 1088M reserved
[2026-04-03T06:42:23.038+0600][23.306s][info][gc,ref      ] GC(6) O:                       Encountered   Discovered     Enqueued 
[2026-04-03T06:42:23.038+0600][23.306s][info][gc,ref      ] GC(6) O: Soft References:              647            0            0 
[2026-04-03T06:42:23.038+0600][23.306s][info][gc,ref      ] GC(6) O: Weak References:             5416         4654           29 
[2026-04-03T06:42:23.038+0600][23.306s][info][gc,ref      ] GC(6) O: Final References:               0            0            0 
[2026-04-03T06:42:23.038+0600][23.306s][info][gc,ref      ] GC(6) O: Phantom References:            82           66            0 
[2026-04-03T06:42:23.038+0600][23.306s][info][gc,reloc    ] GC(6) O:                        Candidates     Selected     In-Place         Size        Empty    Relocated 
[2026-04-03T06:42:23.038+0600][23.306s][info][gc,reloc    ] GC(6) O: Small Pages:                   18            3            0          36M           0M           1M 
[2026-04-03T06:42:23.038+0600][23.306s][info][gc,reloc    ] GC(6) O: Medium Pages:                   1            0            0          32M           0M           0M 
[2026-04-03T06:42:23.038+0600][23.306s][info][gc,reloc    ] GC(6) O: Large Pages:                    0            0            0           0M           0M           0M 
[2026-04-03T06:42:23.038+0600][23.306s][info][gc,reloc    ] GC(6) O: Forwarding Usage: 0M
[2026-04-03T06:42:23.038+0600][23.306s][info][gc,heap     ] GC(6) O: Min Capacity: 8M(0%)
[2026-04-03T06:42:23.038+0600][23.306s][info][gc,heap     ] GC(6) O: Max Capacity: 3922M(100%)
[2026-04-03T06:42:23.038+0600][23.306s][info][gc,heap     ] GC(6) O: Soft Max Capacity: 3529M(90%)
[2026-04-03T06:42:23.038+0600][23.306s][info][gc,heap     ] GC(6) O: Heap Statistics:
[2026-04-03T06:42:23.038+0600][23.306s][info][gc,heap     ] GC(6) O:                Mark Start          Mark End        Relocate Start      Relocate End           High               Low         
[2026-04-03T06:42:23.038+0600][23.306s][info][gc,heap     ] GC(6) O:  Capacity:      596M (15%)         596M (15%)         596M (15%)         596M (15%)         596M (15%)         596M (15%)    
[2026-04-03T06:42:23.038+0600][23.306s][info][gc,heap     ] GC(6) O:      Free:     3854M (98%)        3854M (98%)        3854M (98%)        3856M (98%)        3856M (98%)        3848M (98%)    
[2026-04-03T06:42:23.038+0600][23.306s][info][gc,heap     ] GC(6) O:      Used:       68M (2%)           68M (2%)           68M (2%)           66M (2%)           74M (2%)           66M (2%)     
[2026-04-03T06:42:23.038+0600][23.306s][info][gc,heap     ] GC(6) O: Old Generation Statistics:
[2026-04-03T06:42:23.038+0600][23.306s][info][gc,heap     ] GC(6) O:                Mark Start          Mark End        Relocate Start      Relocate End    
[2026-04-03T06:42:23.038+0600][23.306s][info][gc,heap     ] GC(6) O:      Used:       68M (2%)           68M (2%)           68M (2%)           66M (2%)     
[2026-04-03T06:42:23.038+0600][23.306s][info][gc,heap     ] GC(6) O:      Live:         -                29M (1%)           29M (1%)           29M (1%)     
[2026-04-03T06:42:23.038+0600][23.306s][info][gc,heap     ] GC(6) O:   Garbage:         -                38M (1%)           38M (1%)           31M (1%)     
[2026-04-03T06:42:23.038+0600][23.306s][info][gc,heap     ] GC(6) O: Allocated:         -                 0M (0%)            0M (0%)            4M (0%)     
[2026-04-03T06:42:23.038+0600][23.306s][info][gc,heap     ] GC(6) O: Reclaimed:         -                  -                 0M (0%)            6M (0%)     
[2026-04-03T06:42:23.038+0600][23.306s][info][gc,heap     ] GC(6) O: Compacted:         -                  -                  -                 1M (0%)     
[2026-04-03T06:42:23.038+0600][23.306s][info][gc,phases   ] GC(6) O: Old Generation 68M(2%)->66M(2%) 0.082s
[2026-04-03T06:42:23.038+0600][23.306s][info][gc          ] GC(6) Major Collection (System.gc()) 402M(10%)->66M(2%) 0.117s
[2026-04-03T06:42:27.109+0600][27.377s][info][gc,exit     ] Stopping ZGC
[2026-04-03T06:42:27.109+0600][27.377s][info][gc,stats    ] === Garbage Collection Statistics =======================================================================================================================
[2026-04-03T06:42:27.109+0600][27.377s][info][gc,stats    ]                                                              Last 10s              Last 10m              Last 10h                Total
[2026-04-03T06:42:27.109+0600][27.377s][info][gc,stats    ]                                                              Avg / Max             Avg / Max             Avg / Max             Avg / Max
[2026-04-03T06:42:27.109+0600][27.377s][info][gc,stats    ]        Contention: Mark Segment Reset Contention                     3 / 37               12 / 182              12 / 182              12 / 182         ops/s
[2026-04-03T06:42:27.110+0600][27.378s][info][gc,stats    ]        Contention: Mark SeqNum Reset Contention                      0 / 3                 0 / 10                0 / 10                0 / 10          ops/s
[2026-04-03T06:42:27.110+0600][27.378s][info][gc,stats    ]          Critical: Allocation Stall                                  0 / 0                 0 / 0                 0 / 0                 0 / 0           ops/s
[2026-04-03T06:42:27.110+0600][27.378s][info][gc,stats    ]          Critical: Allocation Stall                              0.000 / 0.000         0.000 / 0.000         0.000 / 0.000         0.000 / 0.000       ms
[2026-04-03T06:42:27.110+0600][27.378s][info][gc,stats    ]          Critical: JNI Critical Stall                                0 / 0                 0 / 0                 0 / 0                 0 / 0           ops/s
[2026-04-03T06:42:27.110+0600][27.378s][info][gc,stats    ]          Critical: JNI Critical Stall                            0.000 / 0.000         0.000 / 0.000         0.000 / 0.000         0.000 / 0.000       ms
[2026-04-03T06:42:27.110+0600][27.378s][info][gc,stats    ]          Critical: Relocation Stall                                  0 / 0                 0 / 0                 0 / 0                 0 / 0           ops/s
[2026-04-03T06:42:27.110+0600][27.378s][info][gc,stats    ]          Critical: Relocation Stall                              0.000 / 0.000         0.000 / 0.000         0.000 / 0.000         0.000 / 0.000       ms
[2026-04-03T06:42:27.110+0600][27.378s][info][gc,stats    ]  Major Collection: Major Collection                            150.935 / 184.789     168.784 / 515.636     168.784 / 515.636     168.784 / 515.636     ms
[2026-04-03T06:42:27.110+0600][27.378s][info][gc,stats    ]            Memory: Allocation Rate                                  67 / 102              77 / 232              77 / 232              77 / 232         MB/s
[2026-04-03T06:42:27.110+0600][27.378s][info][gc,stats    ]            Memory: Defragment                                        0 / 0                 0 / 0                 0 / 0                 0 / 0           ops/s
[2026-04-03T06:42:27.110+0600][27.378s][info][gc,stats    ]            Memory: Out Of Memory                                     0 / 0                 0 / 0                 0 / 0                 0 / 0           ops/s
[2026-04-03T06:42:27.110+0600][27.378s][info][gc,stats    ]            Memory: Page Cache Flush                                  0 / 0                 0 / 0                 0 / 0                 0 / 0           MB/s
[2026-04-03T06:42:27.110+0600][27.378s][info][gc,stats    ]            Memory: Page Cache Hit L1                                32 / 49               28 / 79               28 / 79               28 / 79          ops/s
[2026-04-03T06:42:27.110+0600][27.378s][info][gc,stats    ]            Memory: Page Cache Hit L2                                 0 / 0                 0 / 0                 0 / 0                 0 / 0           ops/s
[2026-04-03T06:42:27.110+0600][27.378s][info][gc,stats    ]            Memory: Page Cache Hit L3                                 0 / 0                 4 / 118               4 / 118               4 / 118         ops/s
[2026-04-03T06:42:27.110+0600][27.378s][info][gc,stats    ]            Memory: Page Cache Miss                                   0 / 0                 2 / 48                2 / 48                2 / 48          ops/s
[2026-04-03T06:42:27.110+0600][27.378s][info][gc,stats    ]            Memory: Uncommit                                          0 / 0                 0 / 0                 0 / 0                 0 / 0           MB/s
[2026-04-03T06:42:27.110+0600][27.378s][info][gc,stats    ]            Memory: Undo Object Allocation Failed                     0 / 0                 0 / 0                 0 / 0                 0 / 0           ops/s
[2026-04-03T06:42:27.110+0600][27.378s][info][gc,stats    ]            Memory: Undo Object Allocation Succeeded                  0 / 0                 0 / 3                 0 / 3                 0 / 3           ops/s
[2026-04-03T06:42:27.110+0600][27.378s][info][gc,stats    ]            Memory: Undo Page Allocation                              0 / 0                 0 / 0                 0 / 0                 0 / 0           ops/s
[2026-04-03T06:42:27.110+0600][27.378s][info][gc,stats    ]  Minor Collection: Minor Collection                              0.000 / 0.000         0.000 / 0.000         0.000 / 0.000         0.000 / 0.000       ms
[2026-04-03T06:42:27.110+0600][27.378s][info][gc,stats    ]    Old Generation: Old Generation                               77.448 / 82.387       68.983 / 166.225      68.983 / 166.225      68.983 / 166.225     ms
[2026-04-03T06:42:27.110+0600][27.378s][info][gc,stats    ]         Old Pause: Pause Mark End                                0.044 / 0.054         0.031 / 0.054         0.031 / 0.054         0.031 / 0.054       ms
[2026-04-03T06:42:27.110+0600][27.378s][info][gc,stats    ]         Old Pause: Pause Relocate Start                          0.029 / 0.037         0.023 / 0.037         0.023 / 0.037         0.023 / 0.037       ms
[2026-04-03T06:42:27.110+0600][27.378s][info][gc,stats    ]         Old Phase: Concurrent Mark                              30.856 / 33.827       18.205 / 33.827       18.205 / 33.827       18.205 / 33.827      ms
[2026-04-03T06:42:27.110+0600][27.378s][info][gc,stats    ]         Old Phase: Concurrent Mark Continue                      0.000 / 0.000         0.000 / 0.000         0.000 / 0.000         0.000 / 0.000       ms
[2026-04-03T06:42:27.110+0600][27.378s][info][gc,stats    ]         Old Phase: Concurrent Mark Free                          0.002 / 0.003         0.005 / 0.024         0.005 / 0.024         0.005 / 0.024       ms
[2026-04-03T06:42:27.110+0600][27.378s][info][gc,stats    ]         Old Phase: Concurrent Process Non-Strong                21.266 / 22.966       22.549 / 90.466       22.549 / 90.466       22.549 / 90.466      ms
[2026-04-03T06:42:27.110+0600][27.378s][info][gc,stats    ]         Old Phase: Concurrent Relocate                           3.773 / 4.421         2.823 / 4.580         2.823 / 4.580         2.823 / 4.580       ms
[2026-04-03T06:42:27.110+0600][27.378s][info][gc,stats    ]         Old Phase: Concurrent Remap Roots                       18.741 / 19.565       20.847 / 38.332       20.847 / 38.332       20.847 / 38.332      ms
[2026-04-03T06:42:27.110+0600][27.378s][info][gc,stats    ]         Old Phase: Concurrent Reset Relocation Set               0.002 / 0.003         0.002 / 0.004         0.002 / 0.004         0.002 / 0.004       ms
[2026-04-03T06:42:27.110+0600][27.378s][info][gc,stats    ]         Old Phase: Concurrent Select Relocation Set              1.920 / 1.957         3.546 / 6.600         3.546 / 6.600         3.546 / 6.600       ms
[2026-04-03T06:42:27.110+0600][27.378s][info][gc,stats    ]      Old Subphase: Concurrent Classes Purge                      1.550 / 1.599         1.675 / 7.586         1.675 / 7.586         1.675 / 7.586       ms
[2026-04-03T06:42:27.110+0600][27.378s][info][gc,stats    ]      Old Subphase: Concurrent Classes Unlink                    17.860 / 19.703       19.270 / 80.158       19.270 / 80.158       19.270 / 80.158      ms
[2026-04-03T06:42:27.110+0600][27.378s][info][gc,stats    ]      Old Subphase: Concurrent Mark Follow                       30.505 / 33.403       17.799 / 33.403       17.799 / 33.403       17.799 / 33.403      ms
[2026-04-03T06:42:27.110+0600][27.378s][info][gc,stats    ]      Old Subphase: Concurrent Mark Root Colored                  0.138 / 0.362         0.097 / 0.362         0.097 / 0.362         0.097 / 0.362       ms
[2026-04-03T06:42:27.110+0600][27.378s][info][gc,stats    ]      Old Subphase: Concurrent Mark Root Uncolored                0.067 / 0.145         0.109 / 0.475         0.109 / 0.475         0.109 / 0.475       ms
[2026-04-03T06:42:27.110+0600][27.378s][info][gc,stats    ]      Old Subphase: Concurrent Mark Roots                         0.346 / 0.418         0.401 / 0.710         0.401 / 0.710         0.401 / 0.710       ms
[2026-04-03T06:42:27.110+0600][27.378s][info][gc,stats    ]      Old Subphase: Concurrent References Enqueue                 0.006 / 0.007         0.003 / 0.007         0.003 / 0.007         0.003 / 0.007       ms
[2026-04-03T06:42:27.110+0600][27.378s][info][gc,stats    ]      Old Subphase: Concurrent References Process                 0.823 / 0.838         0.337 / 0.838         0.337 / 0.838         0.337 / 0.838       ms
[2026-04-03T06:42:27.110+0600][27.378s][info][gc,stats    ]      Old Subphase: Concurrent Remap Remembered                  13.085 / 13.238       15.815 / 28.148       15.815 / 28.148       15.815 / 28.148      ms
[2026-04-03T06:42:27.110+0600][27.378s][info][gc,stats    ]      Old Subphase: Concurrent Remap Roots Colored                0.366 / 0.518         0.752 / 2.061         0.752 / 2.061         0.752 / 2.061       ms
[2026-04-03T06:42:27.110+0600][27.378s][info][gc,stats    ]      Old Subphase: Concurrent Remap Roots Uncolored              4.911 / 5.656         2.815 / 7.797         2.815 / 7.797         2.815 / 7.797       ms
[2026-04-03T06:42:27.110+0600][27.378s][info][gc,stats    ]      Old Subphase: Concurrent Roots ClassLoaderDataGraph         0.158 / 0.345         0.404 / 1.755         0.404 / 1.755         0.404 / 1.755       ms
[2026-04-03T06:42:27.110+0600][27.378s][info][gc,stats    ]      Old Subphase: Concurrent Roots CodeCache                    4.906 / 5.647         2.809 / 7.785         2.809 / 7.785         2.809 / 7.785       ms
[2026-04-03T06:42:27.110+0600][27.378s][info][gc,stats    ]      Old Subphase: Concurrent Roots JavaThreads                  0.033 / 0.144         0.041 / 0.473         0.041 / 0.473         0.041 / 0.473       ms
[2026-04-03T06:42:27.110+0600][27.378s][info][gc,stats    ]      Old Subphase: Concurrent Roots OopStorageSet                0.008 / 0.015         0.015 / 0.097         0.015 / 0.097         0.015 / 0.097       ms
[2026-04-03T06:42:27.110+0600][27.378s][info][gc,stats    ]      Old Subphase: Concurrent Weak Roots OopStorageSet           0.352 / 0.565         0.349 / 2.068         0.349 / 2.068         0.349 / 2.068       ms
[2026-04-03T06:42:27.110+0600][27.378s][info][gc,stats    ]            System: Java Threads                                     10 / 11               10 / 12               10 / 12               10 / 12          threads
[2026-04-03T06:42:27.110+0600][27.378s][info][gc,stats    ]  Young Generation: Young Generation                              0.000 / 0.000       129.446 / 347.894     129.446 / 347.894     129.446 / 347.894     ms
[2026-04-03T06:42:27.110+0600][27.378s][info][gc,stats    ]  Young Generation: Young Generation                              0.000 / 0.000         0.000 / 0.000         0.000 / 0.000         0.000 / 0.000       ms
[2026-04-03T06:42:27.110+0600][27.378s][info][gc,stats    ]  Young Generation: Young Generation (Collect Roots)             18.528 / 22.022       14.782 / 22.022       14.782 / 22.022       14.782 / 22.022      ms
[2026-04-03T06:42:27.110+0600][27.378s][info][gc,stats    ]  Young Generation: Young Generation (Promote All)               53.835 / 89.175       43.085 / 89.175       43.085 / 89.175       43.085 / 89.175      ms
[2026-04-03T06:42:27.110+0600][27.378s][info][gc,stats    ]       Young Pause: Pause Mark End                                0.057 / 0.157         0.036 / 0.157         0.036 / 0.157         0.036 / 0.157       ms
[2026-04-03T06:42:27.110+0600][27.378s][info][gc,stats    ]       Young Pause: Pause Mark Start                              0.019 / 0.019         0.023 / 0.031         0.023 / 0.031         0.023 / 0.031       ms
[2026-04-03T06:42:27.110+0600][27.378s][info][gc,stats    ]       Young Pause: Pause Mark Start (Major)                      0.024 / 0.026         0.024 / 0.035         0.024 / 0.035         0.024 / 0.035       ms
[2026-04-03T06:42:27.110+0600][27.378s][info][gc,stats    ]       Young Pause: Pause Relocate Start                          0.020 / 0.030         0.019 / 0.030         0.019 / 0.030         0.019 / 0.030       ms
[2026-04-03T06:42:27.110+0600][27.378s][info][gc,stats    ]       Young Phase: Concurrent Mark                              20.257 / 43.323       42.233 / 250.183      42.233 / 250.183      42.233 / 250.183     ms
[2026-04-03T06:42:27.110+0600][27.378s][info][gc,stats    ]       Young Phase: Concurrent Mark Continue                      0.000 / 0.000         0.000 / 0.000         0.000 / 0.000         0.000 / 0.000       ms
[2026-04-03T06:42:27.110+0600][27.378s][info][gc,stats    ]       Young Phase: Concurrent Mark Free                          0.103 / 0.253         0.058 / 0.253         0.058 / 0.253         0.058 / 0.253       ms
[2026-04-03T06:42:27.110+0600][27.378s][info][gc,stats    ]       Young Phase: Concurrent Relocate                           7.642 / 29.544       18.746 / 81.093       18.746 / 81.093       18.746 / 81.093      ms
[2026-04-03T06:42:27.110+0600][27.378s][info][gc,stats    ]       Young Phase: Concurrent Reset Relocation Set               0.025 / 0.040         0.015 / 0.040         0.015 / 0.040         0.015 / 0.040       ms
[2026-04-03T06:42:27.110+0600][27.378s][info][gc,stats    ]       Young Phase: Concurrent Select Relocation Set              6.893 / 14.870        6.645 / 14.870        6.645 / 14.870        6.645 / 14.870      ms
[2026-04-03T06:42:27.110+0600][27.378s][info][gc,stats    ]    Young Subphase: Concurrent Mark Follow                       10.611 / 32.589       34.981 / 234.364      34.981 / 234.364      34.981 / 234.364     ms
[2026-04-03T06:42:27.110+0600][27.378s][info][gc,stats    ]    Young Subphase: Concurrent Mark Root Colored                  3.665 / 5.062         2.804 / 5.062         2.804 / 5.062         2.804 / 5.062       ms
[2026-04-03T06:42:27.110+0600][27.378s][info][gc,stats    ]    Young Subphase: Concurrent Mark Root Uncolored                5.784 / 6.580         3.858 / 12.141        3.858 / 12.141        3.858 / 12.141      ms
[2026-04-03T06:42:27.110+0600][27.378s][info][gc,stats    ]    Young Subphase: Concurrent Mark Roots                         9.641 / 10.728        7.236 / 15.810        7.236 / 15.810        7.236 / 15.810      ms
[2026-04-03T06:42:27.110+0600][27.378s][info][gc,stats    ]    Young Subphase: Concurrent Relocate Remset FP                 1.083 / 4.079         0.492 / 4.079         0.492 / 4.079         0.492 / 4.079       ms
[2026-04-03T06:42:27.110+0600][27.378s][info][gc,stats    ]    Young Subphase: Concurrent Roots ClassLoaderDataGraph         2.971 / 4.119         2.088 / 4.119         2.088 / 4.119         2.088 / 4.119       ms
[2026-04-03T06:42:27.110+0600][27.378s][info][gc,stats    ]    Young Subphase: Concurrent Roots CodeCache                    5.724 / 6.534         3.622 / 11.368        3.622 / 11.368        3.622 / 11.368      ms
[2026-04-03T06:42:27.110+0600][27.378s][info][gc,stats    ]    Young Subphase: Concurrent Roots JavaThreads                  0.030 / 0.085         0.118 / 2.650         0.118 / 2.650         0.118 / 2.650       ms
[2026-04-03T06:42:27.110+0600][27.378s][info][gc,stats    ]    Young Subphase: Concurrent Roots OopStorageSet                0.022 / 0.073         0.035 / 0.088         0.035 / 0.088         0.035 / 0.088       ms
[2026-04-03T06:42:27.110+0600][27.378s][info][gc,stats    ]    Young Subphase: Concurrent Weak Roots OopStorageSet           0.677 / 0.933         0.691 / 2.589         0.691 / 2.589         0.691 / 2.589       ms
[2026-04-03T06:42:27.110+0600][27.378s][info][gc,stats    ] =========================================================================================================================================================
[2026-04-03T06:42:27.111+0600][27.379s][info][gc,heap,exit] Heap
[2026-04-03T06:42:27.111+0600][27.379s][info][gc,heap,exit]  ZHeap           used 420M, capacity 596M, max capacity 3922M
[2026-04-03T06:42:27.111+0600][27.379s][info][gc,heap,exit]  Metaspace       used 60897K, committed 61440K, reserved 1114112K
[2026-04-03T06:42:27.111+0600][27.379s][info][gc,heap,exit]   class space    used 6875K, committed 7104K, reserved 1048576K
