[2026-04-03T01:08:28.866+0600][0.004s][info][gc,init] CardTable entry size: 512
[2026-04-03T01:08:28.866+0600][0.004s][info][gc     ] Using G1
[2026-04-03T01:08:28.869+0600][0.007s][info][gc,init] Version: 21.0.10+7-Ubuntu-124.04 (release)
[2026-04-03T01:08:28.869+0600][0.007s][info][gc,init] CPUs: 12 total, 12 available
[2026-04-03T01:08:28.869+0600][0.007s][info][gc,init] Memory: 15683M
[2026-04-03T01:08:28.869+0600][0.007s][info][gc,init] Large Page Support: Disabled
[2026-04-03T01:08:28.869+0600][0.007s][info][gc,init] NUMA Support: Disabled
[2026-04-03T01:08:28.869+0600][0.007s][info][gc,init] Compressed Oops: Enabled (Zero based)
[2026-04-03T01:08:28.869+0600][0.007s][info][gc,init] Heap Region Size: 2M
[2026-04-03T01:08:28.869+0600][0.007s][info][gc,init] Heap Min Capacity: 8M
[2026-04-03T01:08:28.869+0600][0.007s][info][gc,init] Heap Initial Capacity: 246M
[2026-04-03T01:08:28.869+0600][0.007s][info][gc,init] Heap Max Capacity: 3922M
[2026-04-03T01:08:28.869+0600][0.007s][info][gc,init] Pre-touch: Disabled
[2026-04-03T01:08:28.869+0600][0.007s][info][gc,init] Parallel Workers: 10
[2026-04-03T01:08:28.869+0600][0.007s][info][gc,init] Concurrent Workers: 3
[2026-04-03T01:08:28.869+0600][0.007s][info][gc,init] Concurrent Refinement Workers: 10
[2026-04-03T01:08:28.869+0600][0.007s][info][gc,init] Periodic GC: Disabled
[2026-04-03T01:08:28.883+0600][0.021s][info][gc,metaspace] CDS archive(s) mapped at: [0x000074b4cf000000-0x000074b4cfc9c000-0x000074b4cfc9c000), size 13221888, SharedBaseAddress: 0x000074b4cf000000, ArchiveRelocationMode: 1.
[2026-04-03T01:08:28.883+0600][0.021s][info][gc,metaspace] Compressed class space mapped at: 0x000074b4d0000000-0x000074b510000000, reserved size: 1073741824
[2026-04-03T01:08:28.883+0600][0.021s][info][gc,metaspace] Narrow klass base: 0x000074b4cf000000, Narrow klass shift: 0, Narrow klass range: 0x100000000
[2026-04-03T01:08:53.680+0600][24.818s][info][gc,start    ] GC(0) Pause Full (System.gc())
[2026-04-03T01:08:53.681+0600][24.819s][info][gc,task     ] GC(0) Using 5 workers of 10 for full compaction
[2026-04-03T01:08:53.682+0600][24.820s][info][gc,phases,start] GC(0) Phase 1: Mark live objects
[2026-04-03T01:08:53.684+0600][24.822s][info][gc,phases      ] GC(0) Phase 1: Mark live objects 2.190ms
[2026-04-03T01:08:53.684+0600][24.822s][info][gc,phases,start] GC(0) Phase 2: Prepare compaction
[2026-04-03T01:08:53.685+0600][24.823s][info][gc,phases      ] GC(0) Phase 2: Prepare compaction 1.249ms
[2026-04-03T01:08:53.685+0600][24.823s][info][gc,phases,start] GC(0) Phase 3: Adjust pointers
[2026-04-03T01:08:53.686+0600][24.824s][info][gc,phases      ] GC(0) Phase 3: Adjust pointers 0.945ms
[2026-04-03T01:08:53.686+0600][24.824s][info][gc,phases,start] GC(0) Phase 4: Compact heap
[2026-04-03T01:08:53.688+0600][24.826s][info][gc,phases      ] GC(0) Phase 4: Compact heap 1.449ms
[2026-04-03T01:08:53.688+0600][24.826s][info][gc,phases,start] GC(0) Phase 5: Reset Metadata
[2026-04-03T01:08:53.688+0600][24.826s][info][gc,phases      ] GC(0) Phase 5: Reset Metadata 0.231ms
[2026-04-03T01:08:53.690+0600][24.828s][info][gc,heap        ] GC(0) Eden regions: 4->0(5)
[2026-04-03T01:08:53.690+0600][24.828s][info][gc,heap        ] GC(0) Survivor regions: 0->0(0)
[2026-04-03T01:08:53.690+0600][24.828s][info][gc,heap        ] GC(0) Old regions: 1->5
[2026-04-03T01:08:53.690+0600][24.828s][info][gc,heap        ] GC(0) Humongous regions: 0->0
[2026-04-03T01:08:53.690+0600][24.828s][info][gc,metaspace   ] GC(0) Metaspace: 2543K(2752K)->2543K(2752K) NonClass: 2285K(2368K)->2285K(2368K) Class: 258K(384K)->258K(384K)
[2026-04-03T01:08:53.690+0600][24.828s][info][gc             ] GC(0) Pause Full (System.gc()) 7M->2M(34M) 9.568ms
[2026-04-03T01:08:53.690+0600][24.828s][info][gc,cpu         ] GC(0) User=0.02s Sys=0.00s Real=0.01s
[2026-04-03T01:08:53.921+0600][25.059s][info][gc,start       ] GC(1) Pause Young (Normal) (G1 Evacuation Pause)
[2026-04-03T01:08:53.921+0600][25.059s][info][gc,task        ] GC(1) Using 3 workers of 10 for evacuation
[2026-04-03T01:08:53.923+0600][25.062s][info][gc,phases      ] GC(1)   Pre Evacuate Collection Set: 0.23ms
[2026-04-03T01:08:53.924+0600][25.062s][info][gc,phases      ] GC(1)   Merge Heap Roots: 0.22ms
[2026-04-03T01:08:53.924+0600][25.062s][info][gc,phases      ] GC(1)   Evacuate Collection Set: 1.08ms
[2026-04-03T01:08:53.924+0600][25.062s][info][gc,phases      ] GC(1)   Post Evacuate Collection Set: 0.53ms
[2026-04-03T01:08:53.924+0600][25.062s][info][gc,phases      ] GC(1)   Other: 0.06ms
[2026-04-03T01:08:53.924+0600][25.062s][info][gc,heap        ] GC(1) Eden regions: 5->0(8)
[2026-04-03T01:08:53.924+0600][25.062s][info][gc,heap        ] GC(1) Survivor regions: 0->1(1)
[2026-04-03T01:08:53.924+0600][25.062s][info][gc,heap        ] GC(1) Old regions: 5->5
[2026-04-03T01:08:53.924+0600][25.062s][info][gc,heap        ] GC(1) Humongous regions: 0->0
[2026-04-03T01:08:53.924+0600][25.062s][info][gc,metaspace   ] GC(1) Metaspace: 5731K(6016K)->5731K(6016K) NonClass: 5116K(5248K)->5116K(5248K) Class: 614K(768K)->614K(768K)
[2026-04-03T01:08:53.924+0600][25.062s][info][gc             ] GC(1) Pause Young (Normal) (G1 Evacuation Pause) 12M->3M(34M) 2.390ms
[2026-04-03T01:08:53.924+0600][25.062s][info][gc,cpu         ] GC(1) User=0.00s Sys=0.00s Real=0.00s
[2026-04-03T01:08:54.151+0600][25.290s][info][gc,start       ] GC(2) Pause Young (Normal) (G1 Evacuation Pause)
[2026-04-03T01:08:54.152+0600][25.290s][info][gc,task        ] GC(2) Using 2 workers of 10 for evacuation
[2026-04-03T01:08:54.155+0600][25.293s][info][gc,phases      ] GC(2)   Pre Evacuate Collection Set: 0.35ms
[2026-04-03T01:08:54.155+0600][25.293s][info][gc,phases      ] GC(2)   Merge Heap Roots: 0.17ms
[2026-04-03T01:08:54.155+0600][25.293s][info][gc,phases      ] GC(2)   Evacuate Collection Set: 2.63ms
[2026-04-03T01:08:54.155+0600][25.293s][info][gc,phases      ] GC(2)   Post Evacuate Collection Set: 0.59ms
[2026-04-03T01:08:54.155+0600][25.293s][info][gc,phases      ] GC(2)   Other: 0.09ms
[2026-04-03T01:08:54.155+0600][25.294s][info][gc,heap        ] GC(2) Eden regions: 8->0(7)
[2026-04-03T01:08:54.155+0600][25.294s][info][gc,heap        ] GC(2) Survivor regions: 1->2(2)
[2026-04-03T01:08:54.155+0600][25.294s][info][gc,heap        ] GC(2) Old regions: 5->5
[2026-04-03T01:08:54.155+0600][25.294s][info][gc,heap        ] GC(2) Humongous regions: 0->0
[2026-04-03T01:08:54.155+0600][25.294s][info][gc,metaspace   ] GC(2) Metaspace: 6782K(6976K)->6782K(6976K) NonClass: 6056K(6144K)->6056K(6144K) Class: 725K(832K)->725K(832K)
[2026-04-03T01:08:54.156+0600][25.294s][info][gc             ] GC(2) Pause Young (Normal) (G1 Evacuation Pause) 19M->4M(34M) 4.039ms
[2026-04-03T01:08:54.156+0600][25.294s][info][gc,cpu         ] GC(2) User=0.01s Sys=0.00s Real=0.00s
[2026-04-03T01:08:54.234+0600][25.373s][info][gc,start       ] GC(3) Pause Young (Normal) (G1 Evacuation Pause)
[2026-04-03T01:08:54.235+0600][25.373s][info][gc,task        ] GC(3) Using 2 workers of 10 for evacuation
[2026-04-03T01:08:54.238+0600][25.376s][info][gc,phases      ] GC(3)   Pre Evacuate Collection Set: 0.36ms
[2026-04-03T01:08:54.238+0600][25.376s][info][gc,phases      ] GC(3)   Merge Heap Roots: 0.08ms
[2026-04-03T01:08:54.238+0600][25.376s][info][gc,phases      ] GC(3)   Evacuate Collection Set: 1.84ms
[2026-04-03T01:08:54.238+0600][25.376s][info][gc,phases      ] GC(3)   Post Evacuate Collection Set: 0.67ms
[2026-04-03T01:08:54.238+0600][25.376s][info][gc,phases      ] GC(3)   Other: 0.08ms
[2026-04-03T01:08:54.238+0600][25.376s][info][gc,heap        ] GC(3) Eden regions: 7->0(7)
[2026-04-03T01:08:54.238+0600][25.376s][info][gc,heap        ] GC(3) Survivor regions: 2->2(2)
[2026-04-03T01:08:54.238+0600][25.376s][info][gc,heap        ] GC(3) Old regions: 5->5
[2026-04-03T01:08:54.238+0600][25.376s][info][gc,heap        ] GC(3) Humongous regions: 0->0
[2026-04-03T01:08:54.238+0600][25.376s][info][gc,metaspace   ] GC(3) Metaspace: 6808K(7104K)->6808K(7104K) NonClass: 6082K(6272K)->6082K(6272K) Class: 725K(832K)->725K(832K)
[2026-04-03T01:08:54.238+0600][25.376s][info][gc             ] GC(3) Pause Young (Normal) (G1 Evacuation Pause) 18M->5M(34M) 3.254ms
[2026-04-03T01:08:54.238+0600][25.376s][info][gc,cpu         ] GC(3) User=0.01s Sys=0.00s Real=0.00s
[2026-04-03T01:08:54.343+0600][25.481s][info][gc,start       ] GC(4) Pause Young (Normal) (G1 Evacuation Pause)
[2026-04-03T01:08:54.343+0600][25.481s][info][gc,task        ] GC(4) Using 2 workers of 10 for evacuation
[2026-04-03T01:08:54.349+0600][25.487s][info][gc,phases      ] GC(4)   Pre Evacuate Collection Set: 0.36ms
[2026-04-03T01:08:54.349+0600][25.487s][info][gc,phases      ] GC(4)   Merge Heap Roots: 0.12ms
[2026-04-03T01:08:54.349+0600][25.487s][info][gc,phases      ] GC(4)   Evacuate Collection Set: 4.65ms
[2026-04-03T01:08:54.349+0600][25.487s][info][gc,phases      ] GC(4)   Post Evacuate Collection Set: 0.53ms
[2026-04-03T01:08:54.349+0600][25.487s][info][gc,phases      ] GC(4)   Other: 0.09ms
[2026-04-03T01:08:54.349+0600][25.487s][info][gc,heap        ] GC(4) Eden regions: 7->0(6)
[2026-04-03T01:08:54.349+0600][25.487s][info][gc,heap        ] GC(4) Survivor regions: 2->2(2)
[2026-04-03T01:08:54.349+0600][25.487s][info][gc,heap        ] GC(4) Old regions: 5->6
[2026-04-03T01:08:54.349+0600][25.487s][info][gc,heap        ] GC(4) Humongous regions: 0->0
[2026-04-03T01:08:54.349+0600][25.487s][info][gc,metaspace   ] GC(4) Metaspace: 6855K(7104K)->6855K(7104K) NonClass: 6129K(6272K)->6129K(6272K) Class: 725K(832K)->725K(832K)
[2026-04-03T01:08:54.349+0600][25.487s][info][gc             ] GC(4) Pause Young (Normal) (G1 Evacuation Pause) 19M->6M(34M) 6.073ms
[2026-04-03T01:08:54.349+0600][25.487s][info][gc,cpu         ] GC(4) User=0.02s Sys=0.00s Real=0.00s
[2026-04-03T01:08:54.423+0600][25.561s][info][gc,start       ] GC(5) Pause Young (Normal) (G1 Evacuation Pause)
[2026-04-03T01:08:54.423+0600][25.561s][info][gc,task        ] GC(5) Using 2 workers of 10 for evacuation
[2026-04-03T01:08:54.424+0600][25.563s][info][gc,phases      ] GC(5)   Pre Evacuate Collection Set: 0.18ms
[2026-04-03T01:08:54.425+0600][25.563s][info][gc,phases      ] GC(5)   Merge Heap Roots: 0.05ms
[2026-04-03T01:08:54.425+0600][25.563s][info][gc,phases      ] GC(5)   Evacuate Collection Set: 0.75ms
[2026-04-03T01:08:54.425+0600][25.563s][info][gc,phases      ] GC(5)   Post Evacuate Collection Set: 0.30ms
[2026-04-03T01:08:54.425+0600][25.563s][info][gc,phases      ] GC(5)   Other: 0.08ms
[2026-04-03T01:08:54.425+0600][25.563s][info][gc,heap        ] GC(5) Eden regions: 6->0(6)
[2026-04-03T01:08:54.425+0600][25.563s][info][gc,heap        ] GC(5) Survivor regions: 2->1(1)
[2026-04-03T01:08:54.425+0600][25.563s][info][gc,heap        ] GC(5) Old regions: 6->7
[2026-04-03T01:08:54.425+0600][25.563s][info][gc,heap        ] GC(5) Humongous regions: 0->0
[2026-04-03T01:08:54.425+0600][25.563s][info][gc,metaspace   ] GC(5) Metaspace: 6880K(7104K)->6880K(7104K) NonClass: 6154K(6272K)->6154K(6272K) Class: 725K(832K)->725K(832K)
[2026-04-03T01:08:54.425+0600][25.563s][info][gc             ] GC(5) Pause Young (Normal) (G1 Evacuation Pause) 18M->7M(34M) 1.580ms
[2026-04-03T01:08:54.425+0600][25.563s][info][gc,cpu         ] GC(5) User=0.00s Sys=0.00s Real=0.00s
[2026-04-03T01:08:54.496+0600][25.634s][info][gc,start       ] GC(6) Pause Young (Normal) (G1 Evacuation Pause)
[2026-04-03T01:08:54.496+0600][25.634s][info][gc,task        ] GC(6) Using 2 workers of 10 for evacuation
[2026-04-03T01:08:54.498+0600][25.636s][info][gc,phases      ] GC(6)   Pre Evacuate Collection Set: 0.22ms
[2026-04-03T01:08:54.498+0600][25.636s][info][gc,phases      ] GC(6)   Merge Heap Roots: 0.06ms
[2026-04-03T01:08:54.498+0600][25.636s][info][gc,phases      ] GC(6)   Evacuate Collection Set: 0.67ms
[2026-04-03T01:08:54.498+0600][25.636s][info][gc,phases      ] GC(6)   Post Evacuate Collection Set: 0.80ms
[2026-04-03T01:08:54.498+0600][25.636s][info][gc,phases      ] GC(6)   Other: 0.07ms
[2026-04-03T01:08:54.498+0600][25.636s][info][gc,heap        ] GC(6) Eden regions: 6->0(41)
[2026-04-03T01:08:54.498+0600][25.636s][info][gc,heap        ] GC(6) Survivor regions: 1->1(1)
[2026-04-03T01:08:54.498+0600][25.636s][info][gc,heap        ] GC(6) Old regions: 7->7
[2026-04-03T01:08:54.498+0600][25.636s][info][gc,heap        ] GC(6) Humongous regions: 1->1
[2026-04-03T01:08:54.498+0600][25.636s][info][gc,metaspace   ] GC(6) Metaspace: 6893K(7168K)->6893K(7168K) NonClass: 6167K(6336K)->6167K(6336K) Class: 725K(832K)->725K(832K)
[2026-04-03T01:08:54.498+0600][25.636s][info][gc             ] GC(6) Pause Young (Normal) (G1 Evacuation Pause) 21M->10M(140M) 2.021ms
[2026-04-03T01:08:54.498+0600][25.636s][info][gc,cpu         ] GC(6) User=0.01s Sys=0.00s Real=0.00s
[2026-04-03T01:08:54.932+0600][26.070s][info][gc,start       ] GC(7) Pause Young (Normal) (G1 Evacuation Pause)
[2026-04-03T01:08:54.932+0600][26.070s][info][gc,task        ] GC(7) Using 3 workers of 10 for evacuation
[2026-04-03T01:08:54.936+0600][26.074s][info][gc,phases      ] GC(7)   Pre Evacuate Collection Set: 0.40ms
[2026-04-03T01:08:54.936+0600][26.074s][info][gc,phases      ] GC(7)   Merge Heap Roots: 0.18ms
[2026-04-03T01:08:54.936+0600][26.074s][info][gc,phases      ] GC(7)   Evacuate Collection Set: 1.91ms
[2026-04-03T01:08:54.936+0600][26.074s][info][gc,phases      ] GC(7)   Post Evacuate Collection Set: 0.63ms
[2026-04-03T01:08:54.936+0600][26.074s][info][gc,phases      ] GC(7)   Other: 0.06ms
[2026-04-03T01:08:54.936+0600][26.074s][info][gc,heap        ] GC(7) Eden regions: 41->0(39)
[2026-04-03T01:08:54.936+0600][26.074s][info][gc,heap        ] GC(7) Survivor regions: 1->3(6)
[2026-04-03T01:08:54.936+0600][26.074s][info][gc,heap        ] GC(7) Old regions: 7->7
[2026-04-03T01:08:54.936+0600][26.074s][info][gc,heap        ] GC(7) Humongous regions: 1->1
[2026-04-03T01:08:54.936+0600][26.074s][info][gc,metaspace   ] GC(7) Metaspace: 7221K(7488K)->7221K(7488K) NonClass: 6461K(6592K)->6461K(6592K) Class: 759K(896K)->759K(896K)
[2026-04-03T01:08:54.936+0600][26.074s][info][gc             ] GC(7) Pause Young (Normal) (G1 Evacuation Pause) 92M->14M(140M) 3.368ms
[2026-04-03T01:08:54.936+0600][26.074s][info][gc,cpu         ] GC(7) User=0.00s Sys=0.01s Real=0.00s
[2026-04-03T01:08:55.314+0600][26.452s][info][gc,start       ] GC(8) Pause Young (Normal) (G1 Evacuation Pause)
[2026-04-03T01:08:55.314+0600][26.452s][info][gc,task        ] GC(8) Using 3 workers of 10 for evacuation
[2026-04-03T01:08:55.319+0600][26.457s][info][gc,phases      ] GC(8)   Pre Evacuate Collection Set: 0.45ms
[2026-04-03T01:08:55.319+0600][26.457s][info][gc,phases      ] GC(8)   Merge Heap Roots: 0.18ms
[2026-04-03T01:08:55.319+0600][26.457s][info][gc,phases      ] GC(8)   Evacuate Collection Set: 3.24ms
[2026-04-03T01:08:55.319+0600][26.457s][info][gc,phases      ] GC(8)   Post Evacuate Collection Set: 0.55ms
[2026-04-03T01:08:55.319+0600][26.457s][info][gc,phases      ] GC(8)   Other: 0.06ms
[2026-04-03T01:08:55.319+0600][26.457s][info][gc,heap        ] GC(8) Eden regions: 39->0(36)
[2026-04-03T01:08:55.319+0600][26.457s][info][gc,heap        ] GC(8) Survivor regions: 3->6(6)
[2026-04-03T01:08:55.319+0600][26.457s][info][gc,heap        ] GC(8) Old regions: 7->7
[2026-04-03T01:08:55.319+0600][26.457s][info][gc,heap        ] GC(8) Humongous regions: 3->2
[2026-04-03T01:08:55.319+0600][26.457s][info][gc,metaspace   ] GC(8) Metaspace: 7283K(7552K)->7283K(7552K) NonClass: 6519K(6656K)->6519K(6656K) Class: 763K(896K)->763K(896K)
[2026-04-03T01:08:55.319+0600][26.457s][info][gc             ] GC(8) Pause Young (Normal) (G1 Evacuation Pause) 95M->22M(140M) 4.663ms
[2026-04-03T01:08:55.319+0600][26.457s][info][gc,cpu         ] GC(8) User=0.01s Sys=0.00s Real=0.00s
[2026-04-03T01:08:55.710+0600][26.848s][info][gc,start       ] GC(9) Pause Young (Normal) (G1 Evacuation Pause)
[2026-04-03T01:08:55.710+0600][26.848s][info][gc,task        ] GC(9) Using 3 workers of 10 for evacuation
[2026-04-03T01:08:55.713+0600][26.851s][info][gc,phases      ] GC(9)   Pre Evacuate Collection Set: 0.35ms
[2026-04-03T01:08:55.713+0600][26.851s][info][gc,phases      ] GC(9)   Merge Heap Roots: 0.15ms
[2026-04-03T01:08:55.713+0600][26.851s][info][gc,phases      ] GC(9)   Evacuate Collection Set: 1.49ms
[2026-04-03T01:08:55.713+0600][26.851s][info][gc,phases      ] GC(9)   Post Evacuate Collection Set: 0.63ms
[2026-04-03T01:08:55.713+0600][26.851s][info][gc,phases      ] GC(9)   Other: 0.07ms
[2026-04-03T01:08:55.713+0600][26.851s][info][gc,heap        ] GC(9) Eden regions: 36->0(39)
[2026-04-03T01:08:55.713+0600][26.851s][info][gc,heap        ] GC(9) Survivor regions: 6->3(6)
[2026-04-03T01:08:55.713+0600][26.851s][info][gc,heap        ] GC(9) Old regions: 7->9
[2026-04-03T01:08:55.713+0600][26.851s][info][gc,heap        ] GC(9) Humongous regions: 2->2
[2026-04-03T01:08:55.713+0600][26.851s][info][gc,metaspace   ] GC(9) Metaspace: 7285K(7552K)->7285K(7552K) NonClass: 6521K(6656K)->6521K(6656K) Class: 763K(896K)->763K(896K)
[2026-04-03T01:08:55.713+0600][26.851s][info][gc             ] GC(9) Pause Young (Normal) (G1 Evacuation Pause) 94M->20M(140M) 2.909ms
[2026-04-03T01:08:55.713+0600][26.851s][info][gc,cpu         ] GC(9) User=0.01s Sys=0.01s Real=0.00s
[2026-04-03T01:08:56.116+0600][27.254s][info][gc,start       ] GC(10) Pause Young (Normal) (G1 Evacuation Pause)
[2026-04-03T01:08:56.116+0600][27.254s][info][gc,task        ] GC(10) Using 3 workers of 10 for evacuation
[2026-04-03T01:08:56.118+0600][27.256s][info][gc,phases      ] GC(10)   Pre Evacuate Collection Set: 0.22ms
[2026-04-03T01:08:56.118+0600][27.256s][info][gc,phases      ] GC(10)   Merge Heap Roots: 0.13ms
[2026-04-03T01:08:56.118+0600][27.256s][info][gc,phases      ] GC(10)   Evacuate Collection Set: 0.54ms
[2026-04-03T01:08:56.118+0600][27.256s][info][gc,phases      ] GC(10)   Post Evacuate Collection Set: 0.36ms
[2026-04-03T01:08:56.118+0600][27.256s][info][gc,phases      ] GC(10)   Other: 0.07ms
[2026-04-03T01:08:56.118+0600][27.256s][info][gc,heap        ] GC(10) Eden regions: 39->0(40)
[2026-04-03T01:08:56.118+0600][27.256s][info][gc,heap        ] GC(10) Survivor regions: 3->2(6)
[2026-04-03T01:08:56.118+0600][27.256s][info][gc,heap        ] GC(10) Old regions: 9->9
[2026-04-03T01:08:56.118+0600][27.256s][info][gc,heap        ] GC(10) Humongous regions: 7->7
[2026-04-03T01:08:56.118+0600][27.256s][info][gc,metaspace   ] GC(10) Metaspace: 7298K(7552K)->7298K(7552K) NonClass: 6534K(6656K)->6534K(6656K) Class: 764K(896K)->764K(896K)
[2026-04-03T01:08:56.118+0600][27.256s][info][gc             ] GC(10) Pause Young (Normal) (G1 Evacuation Pause) 108M->26M(140M) 1.654ms
[2026-04-03T01:08:56.118+0600][27.256s][info][gc,cpu         ] GC(10) User=0.00s Sys=0.00s Real=0.00s
[2026-04-03T01:08:56.819+0600][27.957s][info][gc,start       ] GC(11) Pause Young (Normal) (G1 Evacuation Pause)
[2026-04-03T01:08:56.819+0600][27.957s][info][gc,task        ] GC(11) Using 3 workers of 10 for evacuation
[2026-04-03T01:08:56.821+0600][27.959s][info][gc,phases      ] GC(11)   Pre Evacuate Collection Set: 0.27ms
[2026-04-03T01:08:56.822+0600][27.960s][info][gc,phases      ] GC(11)   Merge Heap Roots: 0.18ms
[2026-04-03T01:08:56.822+0600][27.960s][info][gc,phases      ] GC(11)   Evacuate Collection Set: 1.31ms
[2026-04-03T01:08:56.822+0600][27.960s][info][gc,phases      ] GC(11)   Post Evacuate Collection Set: 0.64ms
[2026-04-03T01:08:56.822+0600][27.960s][info][gc,phases      ] GC(11)   Other: 0.09ms
[2026-04-03T01:08:56.822+0600][27.960s][info][gc,heap        ] GC(11) Eden regions: 40->0(40)
[2026-04-03T01:08:56.822+0600][27.960s][info][gc,heap        ] GC(11) Survivor regions: 2->2(6)
[2026-04-03T01:08:56.822+0600][27.960s][info][gc,heap        ] GC(11) Old regions: 9->9
[2026-04-03T01:08:56.822+0600][27.960s][info][gc,heap        ] GC(11) Humongous regions: 10->8
[2026-04-03T01:08:56.822+0600][27.960s][info][gc,metaspace   ] GC(11) Metaspace: 8575K(8832K)->8575K(8832K) NonClass: 7689K(7808K)->7689K(7808K) Class: 886K(1024K)->886K(1024K)
[2026-04-03T01:08:56.822+0600][27.960s][info][gc             ] GC(11) Pause Young (Normal) (G1 Evacuation Pause) 112M->29M(140M) 2.712ms
[2026-04-03T01:08:56.822+0600][27.960s][info][gc,cpu         ] GC(11) User=0.01s Sys=0.00s Real=0.01s
[2026-04-03T01:08:57.071+0600][28.209s][info][gc,start       ] GC(12) Pause Young (Normal) (G1 Evacuation Pause)
[2026-04-03T01:08:57.071+0600][28.209s][info][gc,task        ] GC(12) Using 3 workers of 10 for evacuation
[2026-04-03T01:08:57.073+0600][28.211s][info][gc,phases      ] GC(12)   Pre Evacuate Collection Set: 0.25ms
[2026-04-03T01:08:57.073+0600][28.211s][info][gc,phases      ] GC(12)   Merge Heap Roots: 0.10ms
[2026-04-03T01:08:57.073+0600][28.211s][info][gc,phases      ] GC(12)   Evacuate Collection Set: 0.97ms
[2026-04-03T01:08:57.073+0600][28.211s][info][gc,phases      ] GC(12)   Post Evacuate Collection Set: 0.64ms
[2026-04-03T01:08:57.073+0600][28.211s][info][gc,phases      ] GC(12)   Other: 0.14ms
[2026-04-03T01:08:57.073+0600][28.211s][info][gc,heap        ] GC(12) Eden regions: 40->0(40)
[2026-04-03T01:08:57.073+0600][28.211s][info][gc,heap        ] GC(12) Survivor regions: 2->2(6)
[2026-04-03T01:08:57.073+0600][28.211s][info][gc,heap        ] GC(12) Old regions: 9->9
[2026-04-03T01:08:57.073+0600][28.211s][info][gc,heap        ] GC(12) Humongous regions: 8->8
[2026-04-03T01:08:57.073+0600][28.211s][info][gc,metaspace   ] GC(12) Metaspace: 8589K(8832K)->8589K(8832K) NonClass: 7703K(7808K)->7703K(7808K) Class: 886K(1024K)->886K(1024K)
[2026-04-03T01:08:57.074+0600][28.212s][info][gc             ] GC(12) Pause Young (Normal) (G1 Evacuation Pause) 109M->29M(140M) 2.414ms
[2026-04-03T01:08:57.074+0600][28.212s][info][gc,cpu         ] GC(12) User=0.01s Sys=0.00s Real=0.00s
[2026-04-03T01:08:57.344+0600][28.482s][info][gc,start       ] GC(13) Pause Young (Normal) (G1 Evacuation Pause)
[2026-04-03T01:08:57.344+0600][28.482s][info][gc,task        ] GC(13) Using 3 workers of 10 for evacuation
[2026-04-03T01:08:57.346+0600][28.484s][info][gc,phases      ] GC(13)   Pre Evacuate Collection Set: 0.32ms
[2026-04-03T01:08:57.346+0600][28.484s][info][gc,phases      ] GC(13)   Merge Heap Roots: 0.17ms
[2026-04-03T01:08:57.346+0600][28.484s][info][gc,phases      ] GC(13)   Evacuate Collection Set: 1.04ms
[2026-04-03T01:08:57.346+0600][28.484s][info][gc,phases      ] GC(13)   Post Evacuate Collection Set: 0.73ms
[2026-04-03T01:08:57.346+0600][28.484s][info][gc,phases      ] GC(13)   Other: 0.11ms
[2026-04-03T01:08:57.346+0600][28.484s][info][gc,heap        ] GC(13) Eden regions: 40->0(40)
[2026-04-03T01:08:57.346+0600][28.484s][info][gc,heap        ] GC(13) Survivor regions: 2->2(6)
[2026-04-03T01:08:57.346+0600][28.484s][info][gc,heap        ] GC(13) Old regions: 9->9
[2026-04-03T01:08:57.346+0600][28.484s][info][gc,heap        ] GC(13) Humongous regions: 8->8
[2026-04-03T01:08:57.346+0600][28.484s][info][gc,metaspace   ] GC(13) Metaspace: 8600K(8896K)->8600K(8896K) NonClass: 7714K(7872K)->7714K(7872K) Class: 886K(1024K)->886K(1024K)
[2026-04-03T01:08:57.346+0600][28.484s][info][gc             ] GC(13) Pause Young (Normal) (G1 Evacuation Pause) 109M->29M(140M) 2.634ms
[2026-04-03T01:08:57.346+0600][28.484s][info][gc,cpu         ] GC(13) User=0.01s Sys=0.00s Real=0.00s
[2026-04-03T01:08:57.832+0600][28.970s][info][gc,start       ] GC(14) Pause Young (Normal) (G1 Evacuation Pause)
[2026-04-03T01:08:57.832+0600][28.970s][info][gc,task        ] GC(14) Using 3 workers of 10 for evacuation
[2026-04-03T01:08:57.834+0600][28.973s][info][gc,phases      ] GC(14)   Pre Evacuate Collection Set: 0.39ms
[2026-04-03T01:08:57.835+0600][28.973s][info][gc,phases      ] GC(14)   Merge Heap Roots: 0.21ms
[2026-04-03T01:08:57.835+0600][28.973s][info][gc,phases      ] GC(14)   Evacuate Collection Set: 1.21ms
[2026-04-03T01:08:57.835+0600][28.973s][info][gc,phases      ] GC(14)   Post Evacuate Collection Set: 0.67ms
[2026-04-03T01:08:57.835+0600][28.973s][info][gc,phases      ] GC(14)   Other: 0.07ms
[2026-04-03T01:08:57.835+0600][28.973s][info][gc,heap        ] GC(14) Eden regions: 40->0(38)
[2026-04-03T01:08:57.835+0600][28.973s][info][gc,heap        ] GC(14) Survivor regions: 2->4(6)
[2026-04-03T01:08:57.835+0600][28.973s][info][gc,heap        ] GC(14) Old regions: 9->9
[2026-04-03T01:08:57.835+0600][28.973s][info][gc,heap        ] GC(14) Humongous regions: 9->9
[2026-04-03T01:08:57.835+0600][28.973s][info][gc,metaspace   ] GC(14) Metaspace: 8755K(9088K)->8755K(9088K) NonClass: 7845K(8000K)->7845K(8000K) Class: 909K(1088K)->909K(1088K)
[2026-04-03T01:08:57.835+0600][28.973s][info][gc             ] GC(14) Pause Young (Normal) (G1 Evacuation Pause) 111M->34M(140M) 2.798ms
[2026-04-03T01:08:57.835+0600][28.973s][info][gc,cpu         ] GC(14) User=0.00s Sys=0.00s Real=0.00s
[2026-04-03T01:08:58.153+0600][29.292s][info][gc,start       ] GC(15) Pause Young (Normal) (G1 Evacuation Pause)
[2026-04-03T01:08:58.154+0600][29.292s][info][gc,task        ] GC(15) Using 3 workers of 10 for evacuation
[2026-04-03T01:08:58.156+0600][29.294s][info][gc,phases      ] GC(15)   Pre Evacuate Collection Set: 0.40ms
[2026-04-03T01:08:58.156+0600][29.294s][info][gc,phases      ] GC(15)   Merge Heap Roots: 0.21ms
[2026-04-03T01:08:58.156+0600][29.294s][info][gc,phases      ] GC(15)   Evacuate Collection Set: 1.29ms
[2026-04-03T01:08:58.156+0600][29.294s][info][gc,phases      ] GC(15)   Post Evacuate Collection Set: 0.72ms
[2026-04-03T01:08:58.156+0600][29.294s][info][gc,phases      ] GC(15)   Other: 0.08ms
[2026-04-03T01:08:58.156+0600][29.294s][info][gc,heap        ] GC(15) Eden regions: 38->0(37)
[2026-04-03T01:08:58.156+0600][29.294s][info][gc,heap        ] GC(15) Survivor regions: 4->5(6)
[2026-04-03T01:08:58.156+0600][29.294s][info][gc,heap        ] GC(15) Old regions: 9->10
[2026-04-03T01:08:58.156+0600][29.294s][info][gc,heap        ] GC(15) Humongous regions: 9->9
[2026-04-03T01:08:58.156+0600][29.294s][info][gc,metaspace   ] GC(15) Metaspace: 8755K(9088K)->8755K(9088K) NonClass: 7845K(8000K)->7845K(8000K) Class: 909K(1088K)->909K(1088K)
[2026-04-03T01:08:58.156+0600][29.294s][info][gc             ] GC(15) Pause Young (Normal) (G1 Evacuation Pause) 110M->37M(140M) 2.899ms
[2026-04-03T01:08:58.156+0600][29.294s][info][gc,cpu         ] GC(15) User=0.01s Sys=0.00s Real=0.00s
[2026-04-03T01:08:58.498+0600][29.636s][info][gc,start       ] GC(16) Pause Young (Normal) (G1 Evacuation Pause)
[2026-04-03T01:08:58.498+0600][29.636s][info][gc,task        ] GC(16) Using 3 workers of 10 for evacuation
[2026-04-03T01:08:58.501+0600][29.639s][info][gc,phases      ] GC(16)   Pre Evacuate Collection Set: 0.43ms
[2026-04-03T01:08:58.501+0600][29.639s][info][gc,phases      ] GC(16)   Merge Heap Roots: 0.10ms
[2026-04-03T01:08:58.501+0600][29.639s][info][gc,phases      ] GC(16)   Evacuate Collection Set: 1.52ms
[2026-04-03T01:08:58.501+0600][29.639s][info][gc,phases      ] GC(16)   Post Evacuate Collection Set: 0.61ms
[2026-04-03T01:08:58.501+0600][29.639s][info][gc,phases      ] GC(16)   Other: 0.06ms
[2026-04-03T01:08:58.501+0600][29.639s][info][gc,heap        ] GC(16) Eden regions: 37->0(37)
[2026-04-03T01:08:58.501+0600][29.639s][info][gc,heap        ] GC(16) Survivor regions: 5->4(6)
[2026-04-03T01:08:58.501+0600][29.639s][info][gc,heap        ] GC(16) Old regions: 10->12
[2026-04-03T01:08:58.501+0600][29.639s][info][gc,heap        ] GC(16) Humongous regions: 11->10
[2026-04-03T01:08:58.501+0600][29.639s][info][gc,metaspace   ] GC(16) Metaspace: 8759K(9088K)->8759K(9088K) NonClass: 7849K(8000K)->7849K(8000K) Class: 909K(1088K)->909K(1088K)
[2026-04-03T01:08:58.501+0600][29.639s][info][gc             ] GC(16) Pause Young (Normal) (G1 Evacuation Pause) 115M->41M(140M) 2.912ms
[2026-04-03T01:08:58.501+0600][29.639s][info][gc,cpu         ] GC(16) User=0.01s Sys=0.00s Real=0.01s
[2026-04-03T01:08:58.855+0600][29.993s][info][gc,start       ] GC(17) Pause Young (Normal) (G1 Evacuation Pause)
[2026-04-03T01:08:58.855+0600][29.993s][info][gc,task        ] GC(17) Using 3 workers of 10 for evacuation
[2026-04-03T01:08:58.858+0600][29.996s][info][gc,phases      ] GC(17)   Pre Evacuate Collection Set: 0.45ms
[2026-04-03T01:08:58.858+0600][29.996s][info][gc,phases      ] GC(17)   Merge Heap Roots: 0.18ms
[2026-04-03T01:08:58.858+0600][29.996s][info][gc,phases      ] GC(17)   Evacuate Collection Set: 1.03ms
[2026-04-03T01:08:58.858+0600][29.996s][info][gc,phases      ] GC(17)   Post Evacuate Collection Set: 0.54ms
[2026-04-03T01:08:58.858+0600][29.996s][info][gc,phases      ] GC(17)   Other: 0.06ms
[2026-04-03T01:08:58.858+0600][29.996s][info][gc,heap        ] GC(17) Eden regions: 37->0(36)
[2026-04-03T01:08:58.858+0600][29.996s][info][gc,heap        ] GC(17) Survivor regions: 4->4(6)
[2026-04-03T01:08:58.858+0600][29.996s][info][gc,heap        ] GC(17) Old regions: 12->12
[2026-04-03T01:08:58.858+0600][29.996s][info][gc,heap        ] GC(17) Humongous regions: 10->10
[2026-04-03T01:08:58.858+0600][29.996s][info][gc,metaspace   ] GC(17) Metaspace: 8759K(9088K)->8759K(9088K) NonClass: 7849K(8000K)->7849K(8000K) Class: 909K(1088K)->909K(1088K)
[2026-04-03T01:08:58.858+0600][29.996s][info][gc             ] GC(17) Pause Young (Normal) (G1 Evacuation Pause) 115M->44M(140M) 2.466ms
[2026-04-03T01:08:58.858+0600][29.996s][info][gc,cpu         ] GC(17) User=0.00s Sys=0.01s Real=0.00s
[2026-04-03T01:08:59.203+0600][30.341s][info][gc,start       ] GC(18) Pause Young (Normal) (G1 Evacuation Pause)
[2026-04-03T01:08:59.203+0600][30.341s][info][gc,task        ] GC(18) Using 3 workers of 10 for evacuation
[2026-04-03T01:08:59.205+0600][30.343s][info][gc,phases      ] GC(18)   Pre Evacuate Collection Set: 0.31ms
[2026-04-03T01:08:59.205+0600][30.343s][info][gc,phases      ] GC(18)   Merge Heap Roots: 0.07ms
[2026-04-03T01:08:59.205+0600][30.343s][info][gc,phases      ] GC(18)   Evacuate Collection Set: 1.05ms
[2026-04-03T01:08:59.205+0600][30.343s][info][gc,phases      ] GC(18)   Post Evacuate Collection Set: 0.48ms
[2026-04-03T01:08:59.205+0600][30.343s][info][gc,phases      ] GC(18)   Other: 0.06ms
[2026-04-03T01:08:59.205+0600][30.343s][info][gc,heap        ] GC(18) Eden regions: 36->0(33)
[2026-04-03T01:08:59.205+0600][30.343s][info][gc,heap        ] GC(18) Survivor regions: 4->4(5)
[2026-04-03T01:08:59.205+0600][30.343s][info][gc,heap        ] GC(18) Old regions: 12->14
[2026-04-03T01:08:59.205+0600][30.343s][info][gc,heap        ] GC(18) Humongous regions: 10->10
[2026-04-03T01:08:59.205+0600][30.343s][info][gc,metaspace   ] GC(18) Metaspace: 8759K(9088K)->8759K(9088K) NonClass: 7849K(8000K)->7849K(8000K) Class: 909K(1088K)->909K(1088K)
[2026-04-03T01:08:59.205+0600][30.343s][info][gc             ] GC(18) Pause Young (Normal) (G1 Evacuation Pause) 116M->46M(140M) 2.156ms
[2026-04-03T01:08:59.205+0600][30.343s][info][gc,cpu         ] GC(18) User=0.00s Sys=0.00s Real=0.00s
[2026-04-03T01:08:59.699+0600][30.837s][info][gc,start       ] GC(19) Pause Young (Normal) (G1 Evacuation Pause)
[2026-04-03T01:08:59.699+0600][30.837s][info][gc,task        ] GC(19) Using 3 workers of 10 for evacuation
[2026-04-03T01:08:59.701+0600][30.839s][info][gc,phases      ] GC(19)   Pre Evacuate Collection Set: 0.41ms
[2026-04-03T01:08:59.701+0600][30.839s][info][gc,phases      ] GC(19)   Merge Heap Roots: 0.17ms
[2026-04-03T01:08:59.701+0600][30.839s][info][gc,phases      ] GC(19)   Evacuate Collection Set: 0.77ms
[2026-04-03T01:08:59.701+0600][30.839s][info][gc,phases      ] GC(19)   Post Evacuate Collection Set: 0.78ms
[2026-04-03T01:08:59.701+0600][30.839s][info][gc,phases      ] GC(19)   Other: 0.10ms
[2026-04-03T01:08:59.701+0600][30.839s][info][gc,heap        ] GC(19) Eden regions: 33->0(31)
[2026-04-03T01:08:59.701+0600][30.839s][info][gc,heap        ] GC(19) Survivor regions: 4->1(5)
[2026-04-03T01:08:59.701+0600][30.839s][info][gc,heap        ] GC(19) Old regions: 14->14
[2026-04-03T01:08:59.701+0600][30.839s][info][gc,heap        ] GC(19) Humongous regions: 18->16
[2026-04-03T01:08:59.701+0600][30.839s][info][gc,metaspace   ] GC(19) Metaspace: 8762K(9088K)->8762K(9088K) NonClass: 7852K(8000K)->7852K(8000K) Class: 909K(1088K)->909K(1088K)
[2026-04-03T01:08:59.701+0600][30.839s][info][gc             ] GC(19) Pause Young (Normal) (G1 Evacuation Pause) 128M->53M(140M) 2.466ms
[2026-04-03T01:08:59.701+0600][30.839s][info][gc,cpu         ] GC(19) User=0.01s Sys=0.00s Real=0.01s
[2026-04-03T01:08:59.865+0600][31.003s][info][gc,start       ] GC(20) Pause Young (Normal) (G1 Evacuation Pause)
[2026-04-03T01:08:59.865+0600][31.003s][info][gc,task        ] GC(20) Using 3 workers of 10 for evacuation
[2026-04-03T01:08:59.867+0600][31.005s][info][gc,phases      ] GC(20)   Pre Evacuate Collection Set: 0.39ms
[2026-04-03T01:08:59.867+0600][31.005s][info][gc,phases      ] GC(20)   Merge Heap Roots: 0.19ms
[2026-04-03T01:08:59.867+0600][31.005s][info][gc,phases      ] GC(20)   Evacuate Collection Set: 0.60ms
[2026-04-03T01:08:59.867+0600][31.005s][info][gc,phases      ] GC(20)   Post Evacuate Collection Set: 0.82ms
[2026-04-03T01:08:59.867+0600][31.005s][info][gc,phases      ] GC(20)   Other: 0.08ms
[2026-04-03T01:08:59.867+0600][31.005s][info][gc,heap        ] GC(20) Eden regions: 31->0(33)
[2026-04-03T01:08:59.867+0600][31.005s][info][gc,heap        ] GC(20) Survivor regions: 1->1(4)
[2026-04-03T01:08:59.867+0600][31.005s][info][gc,heap        ] GC(20) Old regions: 14->14
[2026-04-03T01:08:59.867+0600][31.005s][info][gc,heap        ] GC(20) Humongous regions: 16->16
[2026-04-03T01:08:59.867+0600][31.005s][info][gc,metaspace   ] GC(20) Metaspace: 8762K(9088K)->8762K(9088K) NonClass: 7852K(8000K)->7852K(8000K) Class: 909K(1088K)->909K(1088K)
[2026-04-03T01:08:59.867+0600][31.005s][info][gc             ] GC(20) Pause Young (Normal) (G1 Evacuation Pause) 115M->53M(140M) 2.310ms
[2026-04-03T01:08:59.867+0600][31.005s][info][gc,cpu         ] GC(20) User=0.00s Sys=0.00s Real=0.00s
[2026-04-03T01:09:00.036+0600][31.174s][info][gc,start       ] GC(21) Pause Young (Normal) (G1 Evacuation Pause)
[2026-04-03T01:09:00.036+0600][31.174s][info][gc,task        ] GC(21) Using 3 workers of 10 for evacuation
[2026-04-03T01:09:00.038+0600][31.176s][info][gc,phases      ] GC(21)   Pre Evacuate Collection Set: 0.43ms
[2026-04-03T01:09:00.038+0600][31.176s][info][gc,phases      ] GC(21)   Merge Heap Roots: 0.22ms
[2026-04-03T01:09:00.038+0600][31.176s][info][gc,phases      ] GC(21)   Evacuate Collection Set: 0.67ms
[2026-04-03T01:09:00.038+0600][31.176s][info][gc,phases      ] GC(21)   Post Evacuate Collection Set: 0.69ms
[2026-04-03T01:09:00.038+0600][31.176s][info][gc,phases      ] GC(21)   Other: 0.08ms
[2026-04-03T01:09:00.038+0600][31.176s][info][gc,heap        ] GC(21) Eden regions: 33->0(34)
[2026-04-03T01:09:00.038+0600][31.176s][info][gc,heap        ] GC(21) Survivor regions: 1->1(5)
[2026-04-03T01:09:00.038+0600][31.176s][info][gc,heap        ] GC(21) Old regions: 14->14
[2026-04-03T01:09:00.038+0600][31.176s][info][gc,heap        ] GC(21) Humongous regions: 16->16
[2026-04-03T01:09:00.038+0600][31.176s][info][gc,metaspace   ] GC(21) Metaspace: 8763K(9088K)->8763K(9088K) NonClass: 7853K(8000K)->7853K(8000K) Class: 909K(1088K)->909K(1088K)
[2026-04-03T01:09:00.038+0600][31.176s][info][gc             ] GC(21) Pause Young (Normal) (G1 Evacuation Pause) 119M->53M(140M) 2.320ms
[2026-04-03T01:09:00.038+0600][31.176s][info][gc,cpu         ] GC(21) User=0.01s Sys=0.00s Real=0.00s
[2026-04-03T01:09:00.218+0600][31.356s][info][gc,start       ] GC(22) Pause Young (Normal) (G1 Evacuation Pause)
[2026-04-03T01:09:00.218+0600][31.356s][info][gc,task        ] GC(22) Using 3 workers of 10 for evacuation
[2026-04-03T01:09:00.219+0600][31.357s][info][gc,phases      ] GC(22)   Pre Evacuate Collection Set: 0.30ms
[2026-04-03T01:09:00.219+0600][31.357s][info][gc,phases      ] GC(22)   Merge Heap Roots: 0.14ms
[2026-04-03T01:09:00.219+0600][31.357s][info][gc,phases      ] GC(22)   Evacuate Collection Set: 0.60ms
[2026-04-03T01:09:00.219+0600][31.357s][info][gc,phases      ] GC(22)   Post Evacuate Collection Set: 0.46ms
[2026-04-03T01:09:00.219+0600][31.357s][info][gc,phases      ] GC(22)   Other: 0.11ms
[2026-04-03T01:09:00.219+0600][31.357s][info][gc,heap        ] GC(22) Eden regions: 34->0(35)
[2026-04-03T01:09:00.219+0600][31.357s][info][gc,heap        ] GC(22) Survivor regions: 1->1(5)
[2026-04-03T01:09:00.219+0600][31.357s][info][gc,heap        ] GC(22) Old regions: 14->14
[2026-04-03T01:09:00.219+0600][31.357s][info][gc,heap        ] GC(22) Humongous regions: 16->16
[2026-04-03T01:09:00.219+0600][31.357s][info][gc,metaspace   ] GC(22) Metaspace: 8763K(9088K)->8763K(9088K) NonClass: 7853K(8000K)->7853K(8000K) Class: 909K(1088K)->909K(1088K)
[2026-04-03T01:09:00.219+0600][31.357s][info][gc             ] GC(22) Pause Young (Normal) (G1 Evacuation Pause) 121M->53M(140M) 1.872ms
[2026-04-03T01:09:00.219+0600][31.358s][info][gc,cpu         ] GC(22) User=0.01s Sys=0.00s Real=0.00s
[2026-04-03T01:09:00.553+0600][31.691s][info][gc,start       ] GC(23) Pause Young (Normal) (G1 Evacuation Pause)
[2026-04-03T01:09:00.553+0600][31.691s][info][gc,task        ] GC(23) Using 3 workers of 10 for evacuation
[2026-04-03T01:09:00.556+0600][31.694s][info][gc,phases      ] GC(23)   Pre Evacuate Collection Set: 0.24ms
[2026-04-03T01:09:00.556+0600][31.694s][info][gc,phases      ] GC(23)   Merge Heap Roots: 0.14ms
[2026-04-03T01:09:00.556+0600][31.694s][info][gc,phases      ] GC(23)   Evacuate Collection Set: 1.44ms
[2026-04-03T01:09:00.556+0600][31.694s][info][gc,phases      ] GC(23)   Post Evacuate Collection Set: 0.50ms
[2026-04-03T01:09:00.556+0600][31.694s][info][gc,phases      ] GC(23)   Other: 0.08ms
[2026-04-03T01:09:00.556+0600][31.694s][info][gc,heap        ] GC(23) Eden regions: 35->0(31)
[2026-04-03T01:09:00.556+0600][31.694s][info][gc,heap        ] GC(23) Survivor regions: 1->3(5)
[2026-04-03T01:09:00.556+0600][31.694s][info][gc,heap        ] GC(23) Old regions: 14->14
[2026-04-03T01:09:00.556+0600][31.694s][info][gc,heap        ] GC(23) Humongous regions: 17->17
[2026-04-03T01:09:00.556+0600][31.694s][info][gc,metaspace   ] GC(23) Metaspace: 8769K(9088K)->8769K(9088K) NonClass: 7859K(8000K)->7859K(8000K) Class: 909K(1088K)->909K(1088K)
[2026-04-03T01:09:00.556+0600][31.694s][info][gc             ] GC(23) Pause Young (Normal) (G1 Evacuation Pause) 125M->59M(140M) 2.645ms
[2026-04-03T01:09:00.556+0600][31.694s][info][gc,cpu         ] GC(23) User=0.01s Sys=0.00s Real=0.00s
[2026-04-03T01:09:00.845+0600][31.983s][info][gc,start       ] GC(24) Pause Young (Normal) (G1 Evacuation Pause)
[2026-04-03T01:09:00.845+0600][31.983s][info][gc,task        ] GC(24) Using 3 workers of 10 for evacuation
[2026-04-03T01:09:00.847+0600][31.985s][info][gc,phases      ] GC(24)   Pre Evacuate Collection Set: 0.33ms
[2026-04-03T01:09:00.847+0600][31.985s][info][gc,phases      ] GC(24)   Merge Heap Roots: 0.14ms
[2026-04-03T01:09:00.847+0600][31.985s][info][gc,phases      ] GC(24)   Evacuate Collection Set: 0.98ms
[2026-04-03T01:09:00.847+0600][31.985s][info][gc,phases      ] GC(24)   Post Evacuate Collection Set: 0.45ms
[2026-04-03T01:09:00.847+0600][31.985s][info][gc,phases      ] GC(24)   Other: 0.08ms
[2026-04-03T01:09:00.847+0600][31.985s][info][gc,heap        ] GC(24) Eden regions: 31->0(29)
[2026-04-03T01:09:00.847+0600][31.985s][info][gc,heap        ] GC(24) Survivor regions: 3->3(5)
[2026-04-03T01:09:00.847+0600][31.985s][info][gc,heap        ] GC(24) Old regions: 14->15
[2026-04-03T01:09:00.847+0600][31.985s][info][gc,heap        ] GC(24) Humongous regions: 17->17
[2026-04-03T01:09:00.847+0600][31.985s][info][gc,metaspace   ] GC(24) Metaspace: 8772K(9088K)->8772K(9088K) NonClass: 7862K(8000K)->7862K(8000K) Class: 909K(1088K)->909K(1088K)
[2026-04-03T01:09:00.847+0600][31.985s][info][gc             ] GC(24) Pause Young (Normal) (G1 Evacuation Pause) 121M->60M(140M) 2.243ms
[2026-04-03T01:09:00.847+0600][31.985s][info][gc,cpu         ] GC(24) User=0.00s Sys=0.00s Real=0.00s
[2026-04-03T01:09:01.005+0600][32.143s][info][gc,start       ] GC(25) Pause Young (Concurrent Start) (G1 Humongous Allocation)
[2026-04-03T01:09:01.005+0600][32.143s][info][gc,task        ] GC(25) Using 3 workers of 10 for evacuation
[2026-04-03T01:09:01.007+0600][32.145s][info][gc,phases      ] GC(25)   Pre Evacuate Collection Set: 0.44ms
[2026-04-03T01:09:01.007+0600][32.145s][info][gc,phases      ] GC(25)   Merge Heap Roots: 0.18ms
[2026-04-03T01:09:01.007+0600][32.145s][info][gc,phases      ] GC(25)   Evacuate Collection Set: 0.88ms
[2026-04-03T01:09:01.007+0600][32.145s][info][gc,phases      ] GC(25)   Post Evacuate Collection Set: 0.35ms
[2026-04-03T01:09:01.007+0600][32.145s][info][gc,phases      ] GC(25)   Other: 0.20ms
[2026-04-03T01:09:01.007+0600][32.145s][info][gc,heap        ] GC(25) Eden regions: 17->0(28)
[2026-04-03T01:09:01.007+0600][32.145s][info][gc,heap        ] GC(25) Survivor regions: 3->3(4)
[2026-04-03T01:09:01.007+0600][32.145s][info][gc,heap        ] GC(25) Old regions: 15->15
[2026-04-03T01:09:01.007+0600][32.145s][info][gc,heap        ] GC(25) Humongous regions: 17->17
[2026-04-03T01:09:01.007+0600][32.145s][info][gc,metaspace   ] GC(25) Metaspace: 8772K(9088K)->8772K(9088K) NonClass: 7862K(8000K)->7862K(8000K) Class: 909K(1088K)->909K(1088K)
[2026-04-03T01:09:01.007+0600][32.145s][info][gc             ] GC(25) Pause Young (Concurrent Start) (G1 Humongous Allocation) 93M->61M(140M) 2.286ms
[2026-04-03T01:09:01.007+0600][32.145s][info][gc,cpu         ] GC(25) User=0.01s Sys=0.00s Real=0.00s
[2026-04-03T01:09:01.007+0600][32.145s][info][gc             ] GC(26) Concurrent Mark Cycle
[2026-04-03T01:09:01.007+0600][32.145s][info][gc,marking     ] GC(26) Concurrent Scan Root Regions
[2026-04-03T01:09:01.008+0600][32.146s][info][gc,marking     ] GC(26) Concurrent Scan Root Regions 0.551ms
[2026-04-03T01:09:01.008+0600][32.146s][info][gc,marking     ] GC(26) Concurrent Mark
[2026-04-03T01:09:01.008+0600][32.146s][info][gc,marking     ] GC(26) Concurrent Mark From Roots
[2026-04-03T01:09:01.008+0600][32.146s][info][gc,task        ] GC(26) Using 3 workers of 3 for marking
[2026-04-03T01:09:01.011+0600][32.149s][info][gc,marking     ] GC(26) Concurrent Mark From Roots 3.860ms
[2026-04-03T01:09:01.011+0600][32.150s][info][gc,marking     ] GC(26) Concurrent Preclean
[2026-04-03T01:09:01.012+0600][32.150s][info][gc,marking     ] GC(26) Concurrent Preclean 0.035ms
[2026-04-03T01:09:01.012+0600][32.150s][info][gc,start       ] GC(26) Pause Remark
[2026-04-03T01:09:01.015+0600][32.153s][info][gc             ] GC(26) Pause Remark 65M->29M(128M) 3.440ms
[2026-04-03T01:09:01.015+0600][32.153s][info][gc,cpu         ] GC(26) User=0.01s Sys=0.00s Real=0.00s
[2026-04-03T01:09:01.015+0600][32.153s][info][gc,marking     ] GC(26) Concurrent Mark 7.695ms
[2026-04-03T01:09:01.015+0600][32.153s][info][gc,marking     ] GC(26) Concurrent Rebuild Remembered Sets and Scrub Regions
[2026-04-03T01:09:01.018+0600][32.156s][info][gc,marking     ] GC(26) Concurrent Rebuild Remembered Sets and Scrub Regions 2.302ms
[2026-04-03T01:09:01.018+0600][32.156s][info][gc,start       ] GC(26) Pause Cleanup
[2026-04-03T01:09:01.018+0600][32.156s][info][gc             ] GC(26) Pause Cleanup 30M->30M(128M) 0.211ms
[2026-04-03T01:09:01.018+0600][32.156s][info][gc,cpu         ] GC(26) User=0.00s Sys=0.00s Real=0.00s
[2026-04-03T01:09:01.018+0600][32.156s][info][gc,marking     ] GC(26) Concurrent Clear Claimed Marks
[2026-04-03T01:09:01.018+0600][32.156s][info][gc,marking     ] GC(26) Concurrent Clear Claimed Marks 0.041ms
[2026-04-03T01:09:01.018+0600][32.156s][info][gc,marking     ] GC(26) Concurrent Cleanup for Next Mark
[2026-04-03T01:09:01.019+0600][32.157s][info][gc,marking     ] GC(26) Concurrent Cleanup for Next Mark 0.941ms
[2026-04-03T01:09:01.019+0600][32.157s][info][gc             ] GC(26) Concurrent Mark Cycle 12.196ms
[2026-04-03T01:09:01.278+0600][32.416s][info][gc,start       ] GC(27) Pause Young (Prepare Mixed) (G1 Evacuation Pause)
[2026-04-03T01:09:01.278+0600][32.416s][info][gc,task        ] GC(27) Using 3 workers of 10 for evacuation
[2026-04-03T01:09:01.281+0600][32.419s][info][gc,phases      ] GC(27)   Pre Evacuate Collection Set: 0.29ms
[2026-04-03T01:09:01.281+0600][32.419s][info][gc,phases      ] GC(27)   Merge Heap Roots: 0.16ms
[2026-04-03T01:09:01.281+0600][32.419s][info][gc,phases      ] GC(27)   Evacuate Collection Set: 1.07ms
[2026-04-03T01:09:01.281+0600][32.419s][info][gc,phases      ] GC(27)   Post Evacuate Collection Set: 0.55ms
[2026-04-03T01:09:01.281+0600][32.419s][info][gc,phases      ] GC(27)   Other: 0.08ms
[2026-04-03T01:09:01.281+0600][32.419s][info][gc,heap        ] GC(27) Eden regions: 28->0(35)
[2026-04-03T01:09:01.281+0600][32.419s][info][gc,heap        ] GC(27) Survivor regions: 3->3(4)
[2026-04-03T01:09:01.281+0600][32.419s][info][gc,heap        ] GC(27) Old regions: 13->14
[2026-04-03T01:09:01.281+0600][32.419s][info][gc,heap        ] GC(27) Humongous regions: 3->2
[2026-04-03T01:09:01.281+0600][32.419s][info][gc,metaspace   ] GC(27) Metaspace: 8784K(9088K)->8784K(9088K) NonClass: 7872K(8000K)->7872K(8000K) Class: 911K(1088K)->911K(1088K)
[2026-04-03T01:09:01.281+0600][32.419s][info][gc             ] GC(27) Pause Young (Prepare Mixed) (G1 Evacuation Pause) 85M->29M(128M) 2.583ms
[2026-04-03T01:09:01.281+0600][32.419s][info][gc,cpu         ] GC(27) User=0.00s Sys=0.00s Real=0.01s
[2026-04-03T01:09:01.399+0600][32.537s][info][gc,start       ] GC(28) Pause Young (Mixed) (G1 Evacuation Pause)
[2026-04-03T01:09:01.399+0600][32.537s][info][gc,task        ] GC(28) Using 3 workers of 10 for evacuation
[2026-04-03T01:09:01.403+0600][32.541s][info][gc,phases      ] GC(28)   Pre Evacuate Collection Set: 0.21ms
[2026-04-03T01:09:01.403+0600][32.541s][info][gc,phases      ] GC(28)   Merge Heap Roots: 0.07ms
[2026-04-03T01:09:01.403+0600][32.541s][info][gc,phases      ] GC(28)   Evacuate Collection Set: 2.13ms
[2026-04-03T01:09:01.403+0600][32.541s][info][gc,phases      ] GC(28)   Post Evacuate Collection Set: 1.01ms
[2026-04-03T01:09:01.403+0600][32.541s][info][gc,phases      ] GC(28)   Other: 0.08ms
[2026-04-03T01:09:01.403+0600][32.541s][info][gc,heap        ] GC(28) Eden regions: 35->0(35)
[2026-04-03T01:09:01.403+0600][32.541s][info][gc,heap        ] GC(28) Survivor regions: 3->3(5)
[2026-04-03T01:09:01.403+0600][32.541s][info][gc,heap        ] GC(28) Old regions: 14->7
[2026-04-03T01:09:01.403+0600][32.541s][info][gc,heap        ] GC(28) Humongous regions: 2->2
[2026-04-03T01:09:01.403+0600][32.541s][info][gc,metaspace   ] GC(28) Metaspace: 8784K(9088K)->8784K(9088K) NonClass: 7872K(8000K)->7872K(8000K) Class: 911K(1088K)->911K(1088K)
[2026-04-03T01:09:01.403+0600][32.541s][info][gc             ] GC(28) Pause Young (Mixed) (G1 Evacuation Pause) 99M->18M(128M) 3.703ms
[2026-04-03T01:09:01.403+0600][32.541s][info][gc,cpu         ] GC(28) User=0.00s Sys=0.00s Real=0.01s
[2026-04-03T01:09:01.938+0600][33.076s][info][gc,start       ] GC(29) Pause Young (Mixed) (G1 Evacuation Pause)
[2026-04-03T01:09:01.938+0600][33.076s][info][gc,task        ] GC(29) Using 3 workers of 10 for evacuation
[2026-04-03T01:09:01.942+0600][33.080s][info][gc,phases      ] GC(29)   Pre Evacuate Collection Set: 0.25ms
[2026-04-03T01:09:01.942+0600][33.080s][info][gc,phases      ] GC(29)   Merge Heap Roots: 0.12ms
[2026-04-03T01:09:01.942+0600][33.080s][info][gc,phases      ] GC(29)   Evacuate Collection Set: 2.70ms
[2026-04-03T01:09:01.942+0600][33.080s][info][gc,phases      ] GC(29)   Post Evacuate Collection Set: 0.82ms
[2026-04-03T01:09:01.942+0600][33.080s][info][gc,phases      ] GC(29)   Other: 0.11ms
[2026-04-03T01:09:01.942+0600][33.080s][info][gc,heap        ] GC(29) Eden regions: 35->0(44)
[2026-04-03T01:09:01.942+0600][33.080s][info][gc,heap        ] GC(29) Survivor regions: 3->3(5)
[2026-04-03T01:09:01.942+0600][33.080s][info][gc,heap        ] GC(29) Old regions: 7->6
[2026-04-03T01:09:01.942+0600][33.080s][info][gc,heap        ] GC(29) Humongous regions: 2->2
[2026-04-03T01:09:01.942+0600][33.080s][info][gc,metaspace   ] GC(29) Metaspace: 9678K(9984K)->9678K(9984K) NonClass: 8656K(8832K)->8656K(8832K) Class: 1022K(1152K)->1022K(1152K)
[2026-04-03T01:09:01.942+0600][33.080s][info][gc             ] GC(29) Pause Young (Mixed) (G1 Evacuation Pause) 88M->17M(158M) 4.317ms
[2026-04-03T01:09:01.942+0600][33.081s][info][gc,cpu         ] GC(29) User=0.02s Sys=0.00s Real=0.01s
[2026-04-03T01:09:02.590+0600][33.728s][info][gc,start       ] GC(30) Pause Young (Normal) (G1 Evacuation Pause)
[2026-04-03T01:09:02.590+0600][33.728s][info][gc,task        ] GC(30) Using 3 workers of 10 for evacuation
[2026-04-03T01:09:02.592+0600][33.730s][info][gc,phases      ] GC(30)   Pre Evacuate Collection Set: 0.29ms
[2026-04-03T01:09:02.592+0600][33.730s][info][gc,phases      ] GC(30)   Merge Heap Roots: 0.08ms
[2026-04-03T01:09:02.592+0600][33.730s][info][gc,phases      ] GC(30)   Evacuate Collection Set: 1.21ms
[2026-04-03T01:09:02.592+0600][33.730s][info][gc,phases      ] GC(30)   Post Evacuate Collection Set: 0.42ms
[2026-04-03T01:09:02.592+0600][33.730s][info][gc,phases      ] GC(30)   Other: 0.09ms
[2026-04-03T01:09:02.592+0600][33.730s][info][gc,heap        ] GC(30) Eden regions: 44->0(44)
[2026-04-03T01:09:02.592+0600][33.731s][info][gc,heap        ] GC(30) Survivor regions: 3->3(6)
[2026-04-03T01:09:02.592+0600][33.731s][info][gc,heap        ] GC(30) Old regions: 6->6
[2026-04-03T01:09:02.592+0600][33.731s][info][gc,heap        ] GC(30) Humongous regions: 2->2
[2026-04-03T01:09:02.592+0600][33.731s][info][gc,metaspace   ] GC(30) Metaspace: 9684K(9984K)->9684K(9984K) NonClass: 8661K(8832K)->8661K(8832K) Class: 1022K(1152K)->1022K(1152K)
[2026-04-03T01:09:02.593+0600][33.731s][info][gc             ] GC(30) Pause Young (Normal) (G1 Evacuation Pause) 105M->17M(158M) 2.367ms
[2026-04-03T01:09:02.593+0600][33.731s][info][gc,cpu         ] GC(30) User=0.01s Sys=0.00s Real=0.00s
[2026-04-03T01:09:02.856+0600][33.994s][info][gc,start       ] GC(31) Pause Young (Normal) (G1 Evacuation Pause)
[2026-04-03T01:09:02.856+0600][33.994s][info][gc,task        ] GC(31) Using 3 workers of 10 for evacuation
[2026-04-03T01:09:02.858+0600][33.996s][info][gc,phases      ] GC(31)   Pre Evacuate Collection Set: 0.18ms
[2026-04-03T01:09:02.858+0600][33.996s][info][gc,phases      ] GC(31)   Merge Heap Roots: 0.13ms
[2026-04-03T01:09:02.858+0600][33.996s][info][gc,phases      ] GC(31)   Evacuate Collection Set: 1.09ms
[2026-04-03T01:09:02.858+0600][33.996s][info][gc,phases      ] GC(31)   Post Evacuate Collection Set: 0.59ms
[2026-04-03T01:09:02.858+0600][33.996s][info][gc,phases      ] GC(31)   Other: 0.08ms
[2026-04-03T01:09:02.858+0600][33.996s][info][gc,heap        ] GC(31) Eden regions: 44->0(44)
[2026-04-03T01:09:02.858+0600][33.996s][info][gc,heap        ] GC(31) Survivor regions: 3->3(6)
[2026-04-03T01:09:02.858+0600][33.996s][info][gc,heap        ] GC(31) Old regions: 6->6
[2026-04-03T01:09:02.858+0600][33.996s][info][gc,heap        ] GC(31) Humongous regions: 2->2
[2026-04-03T01:09:02.858+0600][33.996s][info][gc,metaspace   ] GC(31) Metaspace: 9685K(9984K)->9685K(9984K) NonClass: 8663K(8832K)->8663K(8832K) Class: 1022K(1152K)->1022K(1152K)
[2026-04-03T01:09:02.858+0600][33.996s][info][gc             ] GC(31) Pause Young (Normal) (G1 Evacuation Pause) 105M->18M(158M) 2.292ms
[2026-04-03T01:09:02.858+0600][33.996s][info][gc,cpu         ] GC(31) User=0.01s Sys=0.00s Real=0.00s
[2026-04-03T01:09:03.071+0600][34.209s][info][gc,start       ] GC(32) Pause Young (Normal) (G1 Evacuation Pause)
[2026-04-03T01:09:03.071+0600][34.209s][info][gc,task        ] GC(32) Using 3 workers of 10 for evacuation
[2026-04-03T01:09:03.074+0600][34.212s][info][gc,phases      ] GC(32)   Pre Evacuate Collection Set: 0.43ms
[2026-04-03T01:09:03.074+0600][34.212s][info][gc,phases      ] GC(32)   Merge Heap Roots: 0.17ms
[2026-04-03T01:09:03.074+0600][34.212s][info][gc,phases      ] GC(32)   Evacuate Collection Set: 1.00ms
[2026-04-03T01:09:03.074+0600][34.212s][info][gc,phases      ] GC(32)   Post Evacuate Collection Set: 0.76ms
[2026-04-03T01:09:03.074+0600][34.212s][info][gc,phases      ] GC(32)   Other: 0.08ms
[2026-04-03T01:09:03.074+0600][34.212s][info][gc,heap        ] GC(32) Eden regions: 44->0(44)
[2026-04-03T01:09:03.074+0600][34.212s][info][gc,heap        ] GC(32) Survivor regions: 3->3(6)
[2026-04-03T01:09:03.074+0600][34.212s][info][gc,heap        ] GC(32) Old regions: 6->6
[2026-04-03T01:09:03.074+0600][34.212s][info][gc,heap        ] GC(32) Humongous regions: 2->2
[2026-04-03T01:09:03.074+0600][34.212s][info][gc,metaspace   ] GC(32) Metaspace: 9687K(9984K)->9687K(9984K) NonClass: 8664K(8832K)->8664K(8832K) Class: 1022K(1152K)->1022K(1152K)
[2026-04-03T01:09:03.074+0600][34.212s][info][gc             ] GC(32) Pause Young (Normal) (G1 Evacuation Pause) 106M->18M(158M) 2.622ms
[2026-04-03T01:09:03.074+0600][34.212s][info][gc,cpu         ] GC(32) User=0.01s Sys=0.00s Real=0.00s
[2026-04-03T01:09:03.274+0600][34.412s][info][gc,start       ] GC(33) Pause Young (Normal) (G1 Evacuation Pause)
[2026-04-03T01:09:03.274+0600][34.412s][info][gc,task        ] GC(33) Using 3 workers of 10 for evacuation
[2026-04-03T01:09:03.276+0600][34.414s][info][gc,phases      ] GC(33)   Pre Evacuate Collection Set: 0.44ms
[2026-04-03T01:09:03.276+0600][34.414s][info][gc,phases      ] GC(33)   Merge Heap Roots: 0.17ms
[2026-04-03T01:09:03.276+0600][34.414s][info][gc,phases      ] GC(33)   Evacuate Collection Set: 1.21ms
[2026-04-03T01:09:03.276+0600][34.415s][info][gc,phases      ] GC(33)   Post Evacuate Collection Set: 0.63ms
[2026-04-03T01:09:03.276+0600][34.415s][info][gc,phases      ] GC(33)   Other: 0.06ms
[2026-04-03T01:09:03.276+0600][34.415s][info][gc,heap        ] GC(33) Eden regions: 44->0(43)
[2026-04-03T01:09:03.276+0600][34.415s][info][gc,heap        ] GC(33) Survivor regions: 3->4(6)
[2026-04-03T01:09:03.276+0600][34.415s][info][gc,heap        ] GC(33) Old regions: 6->6
[2026-04-03T01:09:03.276+0600][34.415s][info][gc,heap        ] GC(33) Humongous regions: 2->2
[2026-04-03T01:09:03.277+0600][34.415s][info][gc,metaspace   ] GC(33) Metaspace: 9687K(9984K)->9687K(9984K) NonClass: 8665K(8832K)->8665K(8832K) Class: 1022K(1152K)->1022K(1152K)
[2026-04-03T01:09:03.277+0600][34.415s][info][gc             ] GC(33) Pause Young (Normal) (G1 Evacuation Pause) 106M->18M(158M) 2.696ms
[2026-04-03T01:09:03.277+0600][34.415s][info][gc,cpu         ] GC(33) User=0.01s Sys=0.00s Real=0.00s
[2026-04-03T01:09:03.528+0600][34.666s][info][gc,heap,exit   ] Heap
[2026-04-03T01:09:03.528+0600][34.666s][info][gc,heap,exit   ]  garbage-first heap   total 161792K, used 99116K [0x000000070ae00000, 0x0000000800000000)
[2026-04-03T01:09:03.528+0600][34.666s][info][gc,heap,exit   ]   region size 2048K, 43 young (88064K), 4 survivors (8192K)
[2026-04-03T01:09:03.528+0600][34.666s][info][gc,heap,exit   ]  Metaspace       used 9960K, committed 10176K, reserved 1114112K
[2026-04-03T01:09:03.528+0600][34.666s][info][gc,heap,exit   ]   class space    used 1060K, committed 1152K, reserved 1048576K
