[2026-04-03T01:06:40.854+0600][0.004s][info][gc,init] CardTable entry size: 512
[2026-04-03T01:06:40.855+0600][0.005s][info][gc     ] Using G1
[2026-04-03T01:06:40.857+0600][0.007s][info][gc,init] Version: 21.0.10+7-Ubuntu-124.04 (release)
[2026-04-03T01:06:40.857+0600][0.007s][info][gc,init] CPUs: 12 total, 12 available
[2026-04-03T01:06:40.857+0600][0.007s][info][gc,init] Memory: 15683M
[2026-04-03T01:06:40.857+0600][0.007s][info][gc,init] Large Page Support: Disabled
[2026-04-03T01:06:40.857+0600][0.007s][info][gc,init] NUMA Support: Disabled
[2026-04-03T01:06:40.857+0600][0.007s][info][gc,init] Compressed Oops: Enabled (Zero based)
[2026-04-03T01:06:40.857+0600][0.007s][info][gc,init] Heap Region Size: 2M
[2026-04-03T01:06:40.857+0600][0.007s][info][gc,init] Heap Min Capacity: 8M
[2026-04-03T01:06:40.857+0600][0.007s][info][gc,init] Heap Initial Capacity: 246M
[2026-04-03T01:06:40.857+0600][0.007s][info][gc,init] Heap Max Capacity: 3922M
[2026-04-03T01:06:40.857+0600][0.007s][info][gc,init] Pre-touch: Disabled
[2026-04-03T01:06:40.857+0600][0.007s][info][gc,init] Parallel Workers: 10
[2026-04-03T01:06:40.858+0600][0.007s][info][gc,init] Concurrent Workers: 2
[2026-04-03T01:06:40.858+0600][0.007s][info][gc,init] Concurrent Refinement Workers: 10
[2026-04-03T01:06:40.858+0600][0.007s][info][gc,init] Periodic GC: Disabled
[2026-04-03T01:06:40.869+0600][0.019s][info][gc,metaspace] CDS archive(s) mapped at: [0x00007ec45f000000-0x00007ec45fc9c000-0x00007ec45fc9c000), size 13221888, SharedBaseAddress: 0x00007ec45f000000, ArchiveRelocationMode: 1.
[2026-04-03T01:06:40.869+0600][0.019s][info][gc,metaspace] Compressed class space mapped at: 0x00007ec460000000-0x00007ec4a0000000, reserved size: 1073741824
[2026-04-03T01:06:40.869+0600][0.019s][info][gc,metaspace] Narrow klass base: 0x00007ec45f000000, Narrow klass shift: 0, Narrow klass range: 0x100000000
[2026-04-03T01:07:08.430+0600][27.580s][info][gc,start    ] GC(0) Pause Full (System.gc())
[2026-04-03T01:07:08.430+0600][27.580s][info][gc,task     ] GC(0) Using 5 workers of 10 for full compaction
[2026-04-03T01:07:08.431+0600][27.580s][info][gc,phases,start] GC(0) Phase 1: Mark live objects
[2026-04-03T01:07:08.433+0600][27.583s][info][gc,phases      ] GC(0) Phase 1: Mark live objects 2.378ms
[2026-04-03T01:07:08.433+0600][27.583s][info][gc,phases,start] GC(0) Phase 2: Prepare compaction
[2026-04-03T01:07:08.434+0600][27.584s][info][gc,phases      ] GC(0) Phase 2: Prepare compaction 1.100ms
[2026-04-03T01:07:08.434+0600][27.584s][info][gc,phases,start] GC(0) Phase 3: Adjust pointers
[2026-04-03T01:07:08.435+0600][27.585s][info][gc,phases      ] GC(0) Phase 3: Adjust pointers 1.033ms
[2026-04-03T01:07:08.435+0600][27.585s][info][gc,phases,start] GC(0) Phase 4: Compact heap
[2026-04-03T01:07:08.437+0600][27.586s][info][gc,phases      ] GC(0) Phase 4: Compact heap 1.393ms
[2026-04-03T01:07:08.437+0600][27.586s][info][gc,phases,start] GC(0) Phase 5: Reset Metadata
[2026-04-03T01:07:08.437+0600][27.587s][info][gc,phases      ] GC(0) Phase 5: Reset Metadata 0.320ms
[2026-04-03T01:07:08.439+0600][27.589s][info][gc,heap        ] GC(0) Eden regions: 4->0(5)
[2026-04-03T01:07:08.439+0600][27.589s][info][gc,heap        ] GC(0) Survivor regions: 0->0(0)
[2026-04-03T01:07:08.439+0600][27.589s][info][gc,heap        ] GC(0) Old regions: 1->5
[2026-04-03T01:07:08.439+0600][27.589s][info][gc,heap        ] GC(0) Humongous regions: 0->0
[2026-04-03T01:07:08.439+0600][27.589s][info][gc,metaspace   ] GC(0) Metaspace: 2552K(2752K)->2552K(2752K) NonClass: 2293K(2368K)->2293K(2368K) Class: 258K(384K)->258K(384K)
[2026-04-03T01:07:08.439+0600][27.589s][info][gc             ] GC(0) Pause Full (System.gc()) 8M->2M(34M) 9.394ms
[2026-04-03T01:07:08.439+0600][27.589s][info][gc,cpu         ] GC(0) User=0.01s Sys=0.01s Real=0.01s
[2026-04-03T01:07:08.663+0600][27.813s][info][gc,start       ] GC(1) Pause Young (Normal) (G1 Evacuation Pause)
[2026-04-03T01:07:08.663+0600][27.813s][info][gc,task        ] GC(1) Using 3 workers of 10 for evacuation
[2026-04-03T01:07:08.665+0600][27.815s][info][gc,phases      ] GC(1)   Pre Evacuate Collection Set: 0.42ms
[2026-04-03T01:07:08.665+0600][27.815s][info][gc,phases      ] GC(1)   Merge Heap Roots: 0.26ms
[2026-04-03T01:07:08.665+0600][27.815s][info][gc,phases      ] GC(1)   Evacuate Collection Set: 1.01ms
[2026-04-03T01:07:08.665+0600][27.815s][info][gc,phases      ] GC(1)   Post Evacuate Collection Set: 0.29ms
[2026-04-03T01:07:08.665+0600][27.815s][info][gc,phases      ] GC(1)   Other: 0.09ms
[2026-04-03T01:07:08.665+0600][27.815s][info][gc,heap        ] GC(1) Eden regions: 5->0(8)
[2026-04-03T01:07:08.665+0600][27.815s][info][gc,heap        ] GC(1) Survivor regions: 0->1(1)
[2026-04-03T01:07:08.665+0600][27.815s][info][gc,heap        ] GC(1) Old regions: 5->5
[2026-04-03T01:07:08.666+0600][27.815s][info][gc,heap        ] GC(1) Humongous regions: 0->0
[2026-04-03T01:07:08.666+0600][27.815s][info][gc,metaspace   ] GC(1) Metaspace: 5693K(6016K)->5693K(6016K) NonClass: 5087K(5248K)->5087K(5248K) Class: 605K(768K)->605K(768K)
[2026-04-03T01:07:08.666+0600][27.815s][info][gc             ] GC(1) Pause Young (Normal) (G1 Evacuation Pause) 12M->3M(34M) 2.347ms
[2026-04-03T01:07:08.666+0600][27.815s][info][gc,cpu         ] GC(1) User=0.01s Sys=0.00s Real=0.00s
[2026-04-03T01:07:08.893+0600][28.043s][info][gc,start       ] GC(2) Pause Young (Normal) (G1 Evacuation Pause)
[2026-04-03T01:07:08.893+0600][28.043s][info][gc,task        ] GC(2) Using 2 workers of 10 for evacuation
[2026-04-03T01:07:08.896+0600][28.046s][info][gc,phases      ] GC(2)   Pre Evacuate Collection Set: 0.30ms
[2026-04-03T01:07:08.896+0600][28.046s][info][gc,phases      ] GC(2)   Merge Heap Roots: 0.19ms
[2026-04-03T01:07:08.896+0600][28.046s][info][gc,phases      ] GC(2)   Evacuate Collection Set: 2.45ms
[2026-04-03T01:07:08.896+0600][28.046s][info][gc,phases      ] GC(2)   Post Evacuate Collection Set: 0.40ms
[2026-04-03T01:07:08.896+0600][28.046s][info][gc,phases      ] GC(2)   Other: 0.07ms
[2026-04-03T01:07:08.896+0600][28.046s][info][gc,heap        ] GC(2) Eden regions: 8->0(7)
[2026-04-03T01:07:08.896+0600][28.046s][info][gc,heap        ] GC(2) Survivor regions: 1->2(2)
[2026-04-03T01:07:08.896+0600][28.046s][info][gc,heap        ] GC(2) Old regions: 5->5
[2026-04-03T01:07:08.896+0600][28.046s][info][gc,heap        ] GC(2) Humongous regions: 0->0
[2026-04-03T01:07:08.896+0600][28.046s][info][gc,metaspace   ] GC(2) Metaspace: 6795K(6976K)->6795K(6976K) NonClass: 6070K(6144K)->6070K(6144K) Class: 725K(832K)->725K(832K)
[2026-04-03T01:07:08.896+0600][28.046s][info][gc             ] GC(2) Pause Young (Normal) (G1 Evacuation Pause) 19M->5M(34M) 3.630ms
[2026-04-03T01:07:08.896+0600][28.046s][info][gc,cpu         ] GC(2) User=0.01s Sys=0.00s Real=0.00s
[2026-04-03T01:07:08.978+0600][28.128s][info][gc,start       ] GC(3) Pause Young (Normal) (G1 Evacuation Pause)
[2026-04-03T01:07:08.979+0600][28.128s][info][gc,task        ] GC(3) Using 2 workers of 10 for evacuation
[2026-04-03T01:07:08.981+0600][28.131s][info][gc,phases      ] GC(3)   Pre Evacuate Collection Set: 0.16ms
[2026-04-03T01:07:08.981+0600][28.131s][info][gc,phases      ] GC(3)   Merge Heap Roots: 0.16ms
[2026-04-03T01:07:08.981+0600][28.131s][info][gc,phases      ] GC(3)   Evacuate Collection Set: 1.55ms
[2026-04-03T01:07:08.981+0600][28.131s][info][gc,phases      ] GC(3)   Post Evacuate Collection Set: 0.31ms
[2026-04-03T01:07:08.981+0600][28.131s][info][gc,phases      ] GC(3)   Other: 0.05ms
[2026-04-03T01:07:08.981+0600][28.131s][info][gc,heap        ] GC(3) Eden regions: 7->0(7)
[2026-04-03T01:07:08.981+0600][28.131s][info][gc,heap        ] GC(3) Survivor regions: 2->2(2)
[2026-04-03T01:07:08.981+0600][28.131s][info][gc,heap        ] GC(3) Old regions: 5->5
[2026-04-03T01:07:08.981+0600][28.131s][info][gc,heap        ] GC(3) Humongous regions: 0->0
[2026-04-03T01:07:08.981+0600][28.131s][info][gc,metaspace   ] GC(3) Metaspace: 6819K(7104K)->6819K(7104K) NonClass: 6094K(6272K)->6094K(6272K) Class: 725K(832K)->725K(832K)
[2026-04-03T01:07:08.981+0600][28.131s][info][gc             ] GC(3) Pause Young (Normal) (G1 Evacuation Pause) 19M->6M(34M) 2.436ms
[2026-04-03T01:07:08.981+0600][28.131s][info][gc,cpu         ] GC(3) User=0.01s Sys=0.00s Real=0.01s
[2026-04-03T01:07:09.096+0600][28.245s][info][gc,start       ] GC(4) Pause Young (Normal) (G1 Evacuation Pause)
[2026-04-03T01:07:09.096+0600][28.246s][info][gc,task        ] GC(4) Using 2 workers of 10 for evacuation
[2026-04-03T01:07:09.099+0600][28.249s][info][gc,phases      ] GC(4)   Pre Evacuate Collection Set: 0.24ms
[2026-04-03T01:07:09.099+0600][28.249s][info][gc,phases      ] GC(4)   Merge Heap Roots: 0.06ms
[2026-04-03T01:07:09.099+0600][28.249s][info][gc,phases      ] GC(4)   Evacuate Collection Set: 2.91ms
[2026-04-03T01:07:09.099+0600][28.249s][info][gc,phases      ] GC(4)   Post Evacuate Collection Set: 0.23ms
[2026-04-03T01:07:09.099+0600][28.249s][info][gc,phases      ] GC(4)   Other: 0.07ms
[2026-04-03T01:07:09.099+0600][28.249s][info][gc,heap        ] GC(4) Eden regions: 7->0(6)
[2026-04-03T01:07:09.099+0600][28.249s][info][gc,heap        ] GC(4) Survivor regions: 2->2(2)
[2026-04-03T01:07:09.099+0600][28.249s][info][gc,heap        ] GC(4) Old regions: 5->6
[2026-04-03T01:07:09.099+0600][28.249s][info][gc,heap        ] GC(4) Humongous regions: 0->0
[2026-04-03T01:07:09.099+0600][28.249s][info][gc,metaspace   ] GC(4) Metaspace: 6869K(7104K)->6869K(7104K) NonClass: 6143K(6272K)->6143K(6272K) Class: 725K(832K)->725K(832K)
[2026-04-03T01:07:09.099+0600][28.249s][info][gc             ] GC(4) Pause Young (Normal) (G1 Evacuation Pause) 19M->6M(34M) 3.722ms
[2026-04-03T01:07:09.099+0600][28.249s][info][gc,cpu         ] GC(4) User=0.01s Sys=0.00s Real=0.00s
[2026-04-03T01:07:09.184+0600][28.334s][info][gc,start       ] GC(5) Pause Young (Normal) (G1 Evacuation Pause)
[2026-04-03T01:07:09.184+0600][28.334s][info][gc,task        ] GC(5) Using 2 workers of 10 for evacuation
[2026-04-03T01:07:09.186+0600][28.336s][info][gc,phases      ] GC(5)   Pre Evacuate Collection Set: 0.26ms
[2026-04-03T01:07:09.186+0600][28.336s][info][gc,phases      ] GC(5)   Merge Heap Roots: 0.05ms
[2026-04-03T01:07:09.186+0600][28.336s][info][gc,phases      ] GC(5)   Evacuate Collection Set: 1.06ms
[2026-04-03T01:07:09.186+0600][28.336s][info][gc,phases      ] GC(5)   Post Evacuate Collection Set: 0.61ms
[2026-04-03T01:07:09.186+0600][28.336s][info][gc,phases      ] GC(5)   Other: 0.07ms
[2026-04-03T01:07:09.186+0600][28.336s][info][gc,heap        ] GC(5) Eden regions: 6->0(6)
[2026-04-03T01:07:09.186+0600][28.336s][info][gc,heap        ] GC(5) Survivor regions: 2->1(1)
[2026-04-03T01:07:09.186+0600][28.336s][info][gc,heap        ] GC(5) Old regions: 6->7
[2026-04-03T01:07:09.186+0600][28.336s][info][gc,heap        ] GC(5) Humongous regions: 0->0
[2026-04-03T01:07:09.186+0600][28.336s][info][gc,metaspace   ] GC(5) Metaspace: 6896K(7104K)->6896K(7104K) NonClass: 6171K(6272K)->6171K(6272K) Class: 725K(832K)->725K(832K)
[2026-04-03T01:07:09.186+0600][28.336s][info][gc             ] GC(5) Pause Young (Normal) (G1 Evacuation Pause) 18M->6M(34M) 2.230ms
[2026-04-03T01:07:09.186+0600][28.336s][info][gc,cpu         ] GC(5) User=0.00s Sys=0.00s Real=0.00s
[2026-04-03T01:07:09.265+0600][28.415s][info][gc,start       ] GC(6) Pause Young (Normal) (G1 Evacuation Pause)
[2026-04-03T01:07:09.265+0600][28.415s][info][gc,task        ] GC(6) Using 2 workers of 10 for evacuation
[2026-04-03T01:07:09.267+0600][28.417s][info][gc,phases      ] GC(6)   Pre Evacuate Collection Set: 0.37ms
[2026-04-03T01:07:09.267+0600][28.417s][info][gc,phases      ] GC(6)   Merge Heap Roots: 0.18ms
[2026-04-03T01:07:09.267+0600][28.417s][info][gc,phases      ] GC(6)   Evacuate Collection Set: 0.78ms
[2026-04-03T01:07:09.267+0600][28.417s][info][gc,phases      ] GC(6)   Post Evacuate Collection Set: 0.97ms
[2026-04-03T01:07:09.267+0600][28.417s][info][gc,phases      ] GC(6)   Other: 0.08ms
[2026-04-03T01:07:09.267+0600][28.417s][info][gc,heap        ] GC(6) Eden regions: 6->0(41)
[2026-04-03T01:07:09.267+0600][28.417s][info][gc,heap        ] GC(6) Survivor regions: 1->1(1)
[2026-04-03T01:07:09.267+0600][28.417s][info][gc,heap        ] GC(6) Old regions: 7->7
[2026-04-03T01:07:09.267+0600][28.417s][info][gc,heap        ] GC(6) Humongous regions: 1->1
[2026-04-03T01:07:09.267+0600][28.417s][info][gc,metaspace   ] GC(6) Metaspace: 6908K(7168K)->6908K(7168K) NonClass: 6182K(6336K)->6182K(6336K) Class: 725K(832K)->725K(832K)
[2026-04-03T01:07:09.267+0600][28.417s][info][gc             ] GC(6) Pause Young (Normal) (G1 Evacuation Pause) 20M->10M(140M) 2.580ms
[2026-04-03T01:07:09.267+0600][28.417s][info][gc,cpu         ] GC(6) User=0.00s Sys=0.00s Real=0.00s
[2026-04-03T01:07:09.740+0600][28.890s][info][gc,start       ] GC(7) Pause Young (Normal) (G1 Evacuation Pause)
[2026-04-03T01:07:09.740+0600][28.890s][info][gc,task        ] GC(7) Using 3 workers of 10 for evacuation
[2026-04-03T01:07:09.743+0600][28.893s][info][gc,phases      ] GC(7)   Pre Evacuate Collection Set: 0.38ms
[2026-04-03T01:07:09.743+0600][28.893s][info][gc,phases      ] GC(7)   Merge Heap Roots: 0.20ms
[2026-04-03T01:07:09.743+0600][28.893s][info][gc,phases      ] GC(7)   Evacuate Collection Set: 1.97ms
[2026-04-03T01:07:09.743+0600][28.893s][info][gc,phases      ] GC(7)   Post Evacuate Collection Set: 0.37ms
[2026-04-03T01:07:09.743+0600][28.893s][info][gc,phases      ] GC(7)   Other: 0.07ms
[2026-04-03T01:07:09.743+0600][28.893s][info][gc,heap        ] GC(7) Eden regions: 41->0(39)
[2026-04-03T01:07:09.743+0600][28.893s][info][gc,heap        ] GC(7) Survivor regions: 1->3(6)
[2026-04-03T01:07:09.743+0600][28.893s][info][gc,heap        ] GC(7) Old regions: 7->7
[2026-04-03T01:07:09.743+0600][28.893s][info][gc,heap        ] GC(7) Humongous regions: 1->1
[2026-04-03T01:07:09.743+0600][28.893s][info][gc,metaspace   ] GC(7) Metaspace: 7235K(7552K)->7235K(7552K) NonClass: 6476K(6656K)->6476K(6656K) Class: 759K(896K)->759K(896K)
[2026-04-03T01:07:09.743+0600][28.893s][info][gc             ] GC(7) Pause Young (Normal) (G1 Evacuation Pause) 92M->14M(140M) 3.166ms
[2026-04-03T01:07:09.743+0600][28.893s][info][gc,cpu         ] GC(7) User=0.00s Sys=0.01s Real=0.00s
[2026-04-03T01:07:10.121+0600][29.271s][info][gc,start       ] GC(8) Pause Young (Normal) (G1 Evacuation Pause)
[2026-04-03T01:07:10.121+0600][29.271s][info][gc,task        ] GC(8) Using 3 workers of 10 for evacuation
[2026-04-03T01:07:10.124+0600][29.274s][info][gc,phases      ] GC(8)   Pre Evacuate Collection Set: 0.27ms
[2026-04-03T01:07:10.124+0600][29.274s][info][gc,phases      ] GC(8)   Merge Heap Roots: 0.05ms
[2026-04-03T01:07:10.124+0600][29.274s][info][gc,phases      ] GC(8)   Evacuate Collection Set: 2.09ms
[2026-04-03T01:07:10.124+0600][29.274s][info][gc,phases      ] GC(8)   Post Evacuate Collection Set: 0.25ms
[2026-04-03T01:07:10.124+0600][29.274s][info][gc,phases      ] GC(8)   Other: 0.06ms
[2026-04-03T01:07:10.124+0600][29.274s][info][gc,heap        ] GC(8) Eden regions: 39->0(36)
[2026-04-03T01:07:10.124+0600][29.274s][info][gc,heap        ] GC(8) Survivor regions: 3->6(6)
[2026-04-03T01:07:10.124+0600][29.274s][info][gc,heap        ] GC(8) Old regions: 7->7
[2026-04-03T01:07:10.124+0600][29.274s][info][gc,heap        ] GC(8) Humongous regions: 3->2
[2026-04-03T01:07:10.124+0600][29.274s][info][gc,metaspace   ] GC(8) Metaspace: 7296K(7552K)->7296K(7552K) NonClass: 6532K(6656K)->6532K(6656K) Class: 763K(896K)->763K(896K)
[2026-04-03T01:07:10.124+0600][29.274s][info][gc             ] GC(8) Pause Young (Normal) (G1 Evacuation Pause) 95M->20M(140M) 2.912ms
[2026-04-03T01:07:10.124+0600][29.274s][info][gc,cpu         ] GC(8) User=0.00s Sys=0.00s Real=0.00s
[2026-04-03T01:07:10.487+0600][29.637s][info][gc,start       ] GC(9) Pause Young (Normal) (G1 Evacuation Pause)
[2026-04-03T01:07:10.487+0600][29.637s][info][gc,task        ] GC(9) Using 3 workers of 10 for evacuation
[2026-04-03T01:07:10.489+0600][29.639s][info][gc,phases      ] GC(9)   Pre Evacuate Collection Set: 0.25ms
[2026-04-03T01:07:10.489+0600][29.639s][info][gc,phases      ] GC(9)   Merge Heap Roots: 0.08ms
[2026-04-03T01:07:10.489+0600][29.639s][info][gc,phases      ] GC(9)   Evacuate Collection Set: 1.22ms
[2026-04-03T01:07:10.489+0600][29.639s][info][gc,phases      ] GC(9)   Post Evacuate Collection Set: 0.28ms
[2026-04-03T01:07:10.489+0600][29.639s][info][gc,phases      ] GC(9)   Other: 0.08ms
[2026-04-03T01:07:10.489+0600][29.639s][info][gc,heap        ] GC(9) Eden regions: 36->0(38)
[2026-04-03T01:07:10.489+0600][29.639s][info][gc,heap        ] GC(9) Survivor regions: 6->4(6)
[2026-04-03T01:07:10.489+0600][29.639s][info][gc,heap        ] GC(9) Old regions: 7->9
[2026-04-03T01:07:10.489+0600][29.639s][info][gc,heap        ] GC(9) Humongous regions: 2->2
[2026-04-03T01:07:10.489+0600][29.639s][info][gc,metaspace   ] GC(9) Metaspace: 7298K(7552K)->7298K(7552K) NonClass: 6534K(6656K)->6534K(6656K) Class: 763K(896K)->763K(896K)
[2026-04-03T01:07:10.489+0600][29.639s][info][gc             ] GC(9) Pause Young (Normal) (G1 Evacuation Pause) 92M->20M(140M) 2.126ms
[2026-04-03T01:07:10.489+0600][29.639s][info][gc,cpu         ] GC(9) User=0.01s Sys=0.00s Real=0.00s
[2026-04-03T01:07:10.874+0600][30.024s][info][gc,start       ] GC(10) Pause Young (Normal) (G1 Evacuation Pause)
[2026-04-03T01:07:10.874+0600][30.024s][info][gc,task        ] GC(10) Using 3 workers of 10 for evacuation
[2026-04-03T01:07:10.876+0600][30.026s][info][gc,phases      ] GC(10)   Pre Evacuate Collection Set: 0.25ms
[2026-04-03T01:07:10.876+0600][30.026s][info][gc,phases      ] GC(10)   Merge Heap Roots: 0.08ms
[2026-04-03T01:07:10.876+0600][30.026s][info][gc,phases      ] GC(10)   Evacuate Collection Set: 0.49ms
[2026-04-03T01:07:10.876+0600][30.026s][info][gc,phases      ] GC(10)   Post Evacuate Collection Set: 0.31ms
[2026-04-03T01:07:10.876+0600][30.026s][info][gc,phases      ] GC(10)   Other: 0.07ms
[2026-04-03T01:07:10.876+0600][30.026s][info][gc,heap        ] GC(10) Eden regions: 38->0(40)
[2026-04-03T01:07:10.876+0600][30.026s][info][gc,heap        ] GC(10) Survivor regions: 4->2(6)
[2026-04-03T01:07:10.876+0600][30.026s][info][gc,heap        ] GC(10) Old regions: 9->9
[2026-04-03T01:07:10.876+0600][30.026s][info][gc,heap        ] GC(10) Humongous regions: 7->7
[2026-04-03T01:07:10.876+0600][30.026s][info][gc,metaspace   ] GC(10) Metaspace: 7312K(7552K)->7312K(7552K) NonClass: 6547K(6656K)->6547K(6656K) Class: 764K(896K)->764K(896K)
[2026-04-03T01:07:10.876+0600][30.026s][info][gc             ] GC(10) Pause Young (Normal) (G1 Evacuation Pause) 106M->26M(140M) 1.398ms
[2026-04-03T01:07:10.876+0600][30.026s][info][gc,cpu         ] GC(10) User=0.01s Sys=0.00s Real=0.00s
[2026-04-03T01:07:11.631+0600][30.781s][info][gc,start       ] GC(11) Pause Young (Normal) (G1 Evacuation Pause)
[2026-04-03T01:07:11.631+0600][30.781s][info][gc,task        ] GC(11) Using 3 workers of 10 for evacuation
[2026-04-03T01:07:11.633+0600][30.783s][info][gc,phases      ] GC(11)   Pre Evacuate Collection Set: 0.27ms
[2026-04-03T01:07:11.633+0600][30.783s][info][gc,phases      ] GC(11)   Merge Heap Roots: 0.12ms
[2026-04-03T01:07:11.633+0600][30.783s][info][gc,phases      ] GC(11)   Evacuate Collection Set: 0.96ms
[2026-04-03T01:07:11.633+0600][30.783s][info][gc,phases      ] GC(11)   Post Evacuate Collection Set: 0.55ms
[2026-04-03T01:07:11.633+0600][30.783s][info][gc,phases      ] GC(11)   Other: 0.09ms
[2026-04-03T01:07:11.633+0600][30.783s][info][gc,heap        ] GC(11) Eden regions: 40->0(40)
[2026-04-03T01:07:11.633+0600][30.783s][info][gc,heap        ] GC(11) Survivor regions: 2->2(6)
[2026-04-03T01:07:11.633+0600][30.783s][info][gc,heap        ] GC(11) Old regions: 9->9
[2026-04-03T01:07:11.633+0600][30.783s][info][gc,heap        ] GC(11) Humongous regions: 10->8
[2026-04-03T01:07:11.633+0600][30.783s][info][gc,metaspace   ] GC(11) Metaspace: 8597K(8832K)->8597K(8832K) NonClass: 7710K(7808K)->7710K(7808K) Class: 886K(1024K)->886K(1024K)
[2026-04-03T01:07:11.633+0600][30.783s][info][gc             ] GC(11) Pause Young (Normal) (G1 Evacuation Pause) 112M->29M(140M) 2.232ms
[2026-04-03T01:07:11.634+0600][30.783s][info][gc,cpu         ] GC(11) User=0.01s Sys=0.00s Real=0.00s
[2026-04-03T01:07:11.876+0600][31.026s][info][gc,start       ] GC(12) Pause Young (Normal) (G1 Evacuation Pause)
[2026-04-03T01:07:11.876+0600][31.026s][info][gc,task        ] GC(12) Using 3 workers of 10 for evacuation
[2026-04-03T01:07:11.878+0600][31.028s][info][gc,phases      ] GC(12)   Pre Evacuate Collection Set: 0.30ms
[2026-04-03T01:07:11.878+0600][31.028s][info][gc,phases      ] GC(12)   Merge Heap Roots: 0.16ms
[2026-04-03T01:07:11.878+0600][31.028s][info][gc,phases      ] GC(12)   Evacuate Collection Set: 0.96ms
[2026-04-03T01:07:11.878+0600][31.028s][info][gc,phases      ] GC(12)   Post Evacuate Collection Set: 0.59ms
[2026-04-03T01:07:11.878+0600][31.028s][info][gc,phases      ] GC(12)   Other: 0.11ms
[2026-04-03T01:07:11.878+0600][31.028s][info][gc,heap        ] GC(12) Eden regions: 40->0(40)
[2026-04-03T01:07:11.878+0600][31.028s][info][gc,heap        ] GC(12) Survivor regions: 2->2(6)
[2026-04-03T01:07:11.878+0600][31.028s][info][gc,heap        ] GC(12) Old regions: 9->9
[2026-04-03T01:07:11.878+0600][31.028s][info][gc,heap        ] GC(12) Humongous regions: 8->8
[2026-04-03T01:07:11.878+0600][31.028s][info][gc,metaspace   ] GC(12) Metaspace: 8611K(8832K)->8611K(8832K) NonClass: 7724K(7808K)->7724K(7808K) Class: 886K(1024K)->886K(1024K)
[2026-04-03T01:07:11.878+0600][31.028s][info][gc             ] GC(12) Pause Young (Normal) (G1 Evacuation Pause) 109M->29M(140M) 2.425ms
[2026-04-03T01:07:11.878+0600][31.028s][info][gc,cpu         ] GC(12) User=0.01s Sys=0.00s Real=0.00s
[2026-04-03T01:07:12.120+0600][31.269s][info][gc,start       ] GC(13) Pause Young (Normal) (G1 Evacuation Pause)
[2026-04-03T01:07:12.120+0600][31.270s][info][gc,task        ] GC(13) Using 3 workers of 10 for evacuation
[2026-04-03T01:07:12.122+0600][31.272s][info][gc,phases      ] GC(13)   Pre Evacuate Collection Set: 0.32ms
[2026-04-03T01:07:12.122+0600][31.272s][info][gc,phases      ] GC(13)   Merge Heap Roots: 0.18ms
[2026-04-03T01:07:12.122+0600][31.272s][info][gc,phases      ] GC(13)   Evacuate Collection Set: 1.08ms
[2026-04-03T01:07:12.122+0600][31.272s][info][gc,phases      ] GC(13)   Post Evacuate Collection Set: 0.88ms
[2026-04-03T01:07:12.122+0600][31.272s][info][gc,phases      ] GC(13)   Other: 0.09ms
[2026-04-03T01:07:12.122+0600][31.272s][info][gc,heap        ] GC(13) Eden regions: 40->0(40)
[2026-04-03T01:07:12.122+0600][31.272s][info][gc,heap        ] GC(13) Survivor regions: 2->2(6)
[2026-04-03T01:07:12.122+0600][31.272s][info][gc,heap        ] GC(13) Old regions: 9->9
[2026-04-03T01:07:12.122+0600][31.272s][info][gc,heap        ] GC(13) Humongous regions: 8->8
[2026-04-03T01:07:12.122+0600][31.272s][info][gc,metaspace   ] GC(13) Metaspace: 8618K(8896K)->8618K(8896K) NonClass: 7732K(7872K)->7732K(7872K) Class: 886K(1024K)->886K(1024K)
[2026-04-03T01:07:12.122+0600][31.272s][info][gc             ] GC(13) Pause Young (Normal) (G1 Evacuation Pause) 109M->29M(140M) 2.832ms
[2026-04-03T01:07:12.122+0600][31.272s][info][gc,cpu         ] GC(13) User=0.01s Sys=0.00s Real=0.01s
[2026-04-03T01:07:12.568+0600][31.718s][info][gc,start       ] GC(14) Pause Young (Normal) (G1 Evacuation Pause)
[2026-04-03T01:07:12.568+0600][31.718s][info][gc,task        ] GC(14) Using 3 workers of 10 for evacuation
[2026-04-03T01:07:12.571+0600][31.721s][info][gc,phases      ] GC(14)   Pre Evacuate Collection Set: 0.35ms
[2026-04-03T01:07:12.571+0600][31.721s][info][gc,phases      ] GC(14)   Merge Heap Roots: 0.16ms
[2026-04-03T01:07:12.571+0600][31.721s][info][gc,phases      ] GC(14)   Evacuate Collection Set: 1.36ms
[2026-04-03T01:07:12.571+0600][31.721s][info][gc,phases      ] GC(14)   Post Evacuate Collection Set: 0.88ms
[2026-04-03T01:07:12.571+0600][31.721s][info][gc,phases      ] GC(14)   Other: 0.08ms
[2026-04-03T01:07:12.571+0600][31.721s][info][gc,heap        ] GC(14) Eden regions: 40->0(38)
[2026-04-03T01:07:12.571+0600][31.721s][info][gc,heap        ] GC(14) Survivor regions: 2->4(6)
[2026-04-03T01:07:12.571+0600][31.721s][info][gc,heap        ] GC(14) Old regions: 9->9
[2026-04-03T01:07:12.571+0600][31.721s][info][gc,heap        ] GC(14) Humongous regions: 9->9
[2026-04-03T01:07:12.571+0600][31.721s][info][gc,metaspace   ] GC(14) Metaspace: 8758K(9088K)->8758K(9088K) NonClass: 7848K(8000K)->7848K(8000K) Class: 909K(1088K)->909K(1088K)
[2026-04-03T01:07:12.571+0600][31.721s][info][gc             ] GC(14) Pause Young (Normal) (G1 Evacuation Pause) 111M->34M(140M) 3.103ms
[2026-04-03T01:07:12.571+0600][31.721s][info][gc,cpu         ] GC(14) User=0.00s Sys=0.00s Real=0.01s
[2026-04-03T01:07:12.908+0600][32.058s][info][gc,start       ] GC(15) Pause Young (Normal) (G1 Evacuation Pause)
[2026-04-03T01:07:12.908+0600][32.058s][info][gc,task        ] GC(15) Using 3 workers of 10 for evacuation
[2026-04-03T01:07:12.911+0600][32.061s][info][gc,phases      ] GC(15)   Pre Evacuate Collection Set: 0.34ms
[2026-04-03T01:07:12.911+0600][32.061s][info][gc,phases      ] GC(15)   Merge Heap Roots: 0.23ms
[2026-04-03T01:07:12.911+0600][32.061s][info][gc,phases      ] GC(15)   Evacuate Collection Set: 1.33ms
[2026-04-03T01:07:12.911+0600][32.061s][info][gc,phases      ] GC(15)   Post Evacuate Collection Set: 0.45ms
[2026-04-03T01:07:12.911+0600][32.061s][info][gc,phases      ] GC(15)   Other: 0.12ms
[2026-04-03T01:07:12.911+0600][32.061s][info][gc,heap        ] GC(15) Eden regions: 38->0(38)
[2026-04-03T01:07:12.911+0600][32.061s][info][gc,heap        ] GC(15) Survivor regions: 4->4(6)
[2026-04-03T01:07:12.911+0600][32.061s][info][gc,heap        ] GC(15) Old regions: 9->10
[2026-04-03T01:07:12.911+0600][32.061s][info][gc,heap        ] GC(15) Humongous regions: 9->9
[2026-04-03T01:07:12.911+0600][32.061s][info][gc,metaspace   ] GC(15) Metaspace: 8759K(9088K)->8759K(9088K) NonClass: 7849K(8000K)->7849K(8000K) Class: 909K(1088K)->909K(1088K)
[2026-04-03T01:07:12.911+0600][32.061s][info][gc             ] GC(15) Pause Young (Normal) (G1 Evacuation Pause) 110M->37M(140M) 2.715ms
[2026-04-03T01:07:12.911+0600][32.061s][info][gc,cpu         ] GC(15) User=0.00s Sys=0.00s Real=0.01s
[2026-04-03T01:07:13.277+0600][32.427s][info][gc,start       ] GC(16) Pause Young (Normal) (G1 Evacuation Pause)
[2026-04-03T01:07:13.277+0600][32.427s][info][gc,task        ] GC(16) Using 3 workers of 10 for evacuation
[2026-04-03T01:07:13.280+0600][32.430s][info][gc,phases      ] GC(16)   Pre Evacuate Collection Set: 0.34ms
[2026-04-03T01:07:13.280+0600][32.430s][info][gc,phases      ] GC(16)   Merge Heap Roots: 0.18ms
[2026-04-03T01:07:13.280+0600][32.430s][info][gc,phases      ] GC(16)   Evacuate Collection Set: 1.64ms
[2026-04-03T01:07:13.280+0600][32.430s][info][gc,phases      ] GC(16)   Post Evacuate Collection Set: 0.41ms
[2026-04-03T01:07:13.280+0600][32.430s][info][gc,phases      ] GC(16)   Other: 0.11ms
[2026-04-03T01:07:13.280+0600][32.430s][info][gc,heap        ] GC(16) Eden regions: 38->0(38)
[2026-04-03T01:07:13.280+0600][32.430s][info][gc,heap        ] GC(16) Survivor regions: 4->4(6)
[2026-04-03T01:07:13.280+0600][32.430s][info][gc,heap        ] GC(16) Old regions: 10->10
[2026-04-03T01:07:13.280+0600][32.430s][info][gc,heap        ] GC(16) Humongous regions: 11->10
[2026-04-03T01:07:13.280+0600][32.430s][info][gc,metaspace   ] GC(16) Metaspace: 8762K(9088K)->8762K(9088K) NonClass: 7853K(8000K)->7853K(8000K) Class: 909K(1088K)->909K(1088K)
[2026-04-03T01:07:13.280+0600][32.430s][info][gc             ] GC(16) Pause Young (Normal) (G1 Evacuation Pause) 117M->40M(140M) 2.935ms
[2026-04-03T01:07:13.280+0600][32.430s][info][gc,cpu         ] GC(16) User=0.01s Sys=0.00s Real=0.01s
[2026-04-03T01:07:13.622+0600][32.772s][info][gc,start       ] GC(17) Pause Young (Normal) (G1 Evacuation Pause)
[2026-04-03T01:07:13.622+0600][32.772s][info][gc,task        ] GC(17) Using 3 workers of 10 for evacuation
[2026-04-03T01:07:13.625+0600][32.774s][info][gc,phases      ] GC(17)   Pre Evacuate Collection Set: 0.16ms
[2026-04-03T01:07:13.625+0600][32.775s][info][gc,phases      ] GC(17)   Merge Heap Roots: 0.12ms
[2026-04-03T01:07:13.625+0600][32.775s][info][gc,phases      ] GC(17)   Evacuate Collection Set: 1.23ms
[2026-04-03T01:07:13.625+0600][32.775s][info][gc,phases      ] GC(17)   Post Evacuate Collection Set: 0.51ms
[2026-04-03T01:07:13.625+0600][32.775s][info][gc,phases      ] GC(17)   Other: 0.06ms
[2026-04-03T01:07:13.625+0600][32.775s][info][gc,heap        ] GC(17) Eden regions: 38->0(36)
[2026-04-03T01:07:13.625+0600][32.775s][info][gc,heap        ] GC(17) Survivor regions: 4->4(6)
[2026-04-03T01:07:13.625+0600][32.775s][info][gc,heap        ] GC(17) Old regions: 10->12
[2026-04-03T01:07:13.625+0600][32.775s][info][gc,heap        ] GC(17) Humongous regions: 10->10
[2026-04-03T01:07:13.625+0600][32.775s][info][gc,metaspace   ] GC(17) Metaspace: 8762K(9088K)->8762K(9088K) NonClass: 7853K(8000K)->7853K(8000K) Class: 909K(1088K)->909K(1088K)
[2026-04-03T01:07:13.625+0600][32.775s][info][gc             ] GC(17) Pause Young (Normal) (G1 Evacuation Pause) 116M->43M(140M) 2.431ms
[2026-04-03T01:07:13.625+0600][32.775s][info][gc,cpu         ] GC(17) User=0.00s Sys=0.00s Real=0.00s
[2026-04-03T01:07:13.944+0600][33.094s][info][gc,start       ] GC(18) Pause Young (Normal) (G1 Evacuation Pause)
[2026-04-03T01:07:13.944+0600][33.094s][info][gc,task        ] GC(18) Using 3 workers of 10 for evacuation
[2026-04-03T01:07:13.946+0600][33.096s][info][gc,phases      ] GC(18)   Pre Evacuate Collection Set: 0.28ms
[2026-04-03T01:07:13.946+0600][33.096s][info][gc,phases      ] GC(18)   Merge Heap Roots: 0.17ms
[2026-04-03T01:07:13.946+0600][33.096s][info][gc,phases      ] GC(18)   Evacuate Collection Set: 1.26ms
[2026-04-03T01:07:13.946+0600][33.096s][info][gc,phases      ] GC(18)   Post Evacuate Collection Set: 0.74ms
[2026-04-03T01:07:13.946+0600][33.096s][info][gc,phases      ] GC(18)   Other: 0.07ms
[2026-04-03T01:07:13.946+0600][33.096s][info][gc,heap        ] GC(18) Eden regions: 36->0(34)
[2026-04-03T01:07:13.946+0600][33.096s][info][gc,heap        ] GC(18) Survivor regions: 4->4(5)
[2026-04-03T01:07:13.946+0600][33.096s][info][gc,heap        ] GC(18) Old regions: 12->13
[2026-04-03T01:07:13.946+0600][33.096s][info][gc,heap        ] GC(18) Humongous regions: 10->10
[2026-04-03T01:07:13.946+0600][33.096s][info][gc,metaspace   ] GC(18) Metaspace: 8762K(9088K)->8762K(9088K) NonClass: 7853K(8000K)->7853K(8000K) Class: 909K(1088K)->909K(1088K)
[2026-04-03T01:07:13.947+0600][33.096s][info][gc             ] GC(18) Pause Young (Normal) (G1 Evacuation Pause) 115M->45M(140M) 2.688ms
[2026-04-03T01:07:13.947+0600][33.096s][info][gc,cpu         ] GC(18) User=0.00s Sys=0.01s Real=0.00s
[2026-04-03T01:07:14.450+0600][33.600s][info][gc,start       ] GC(19) Pause Young (Normal) (G1 Evacuation Pause)
[2026-04-03T01:07:14.451+0600][33.601s][info][gc,task        ] GC(19) Using 3 workers of 10 for evacuation
[2026-04-03T01:07:14.453+0600][33.603s][info][gc,phases      ] GC(19)   Pre Evacuate Collection Set: 0.33ms
[2026-04-03T01:07:14.453+0600][33.603s][info][gc,phases      ] GC(19)   Merge Heap Roots: 0.20ms
[2026-04-03T01:07:14.453+0600][33.603s][info][gc,phases      ] GC(19)   Evacuate Collection Set: 1.32ms
[2026-04-03T01:07:14.453+0600][33.603s][info][gc,phases      ] GC(19)   Post Evacuate Collection Set: 0.61ms
[2026-04-03T01:07:14.453+0600][33.603s][info][gc,phases      ] GC(19)   Other: 0.12ms
[2026-04-03T01:07:14.453+0600][33.603s][info][gc,heap        ] GC(19) Eden regions: 34->0(32)
[2026-04-03T01:07:14.453+0600][33.603s][info][gc,heap        ] GC(19) Survivor regions: 4->1(5)
[2026-04-03T01:07:14.453+0600][33.603s][info][gc,heap        ] GC(19) Old regions: 13->14
[2026-04-03T01:07:14.453+0600][33.603s][info][gc,heap        ] GC(19) Humongous regions: 18->16
[2026-04-03T01:07:14.453+0600][33.603s][info][gc,metaspace   ] GC(19) Metaspace: 8766K(9088K)->8766K(9088K) NonClass: 7856K(8000K)->7856K(8000K) Class: 909K(1088K)->909K(1088K)
[2026-04-03T01:07:14.453+0600][33.603s][info][gc             ] GC(19) Pause Young (Normal) (G1 Evacuation Pause) 129M->53M(142M) 2.952ms
[2026-04-03T01:07:14.453+0600][33.603s][info][gc,cpu         ] GC(19) User=0.01s Sys=0.00s Real=0.00s
[2026-04-03T01:07:14.642+0600][33.792s][info][gc,start       ] GC(20) Pause Young (Normal) (G1 Evacuation Pause)
[2026-04-03T01:07:14.642+0600][33.792s][info][gc,task        ] GC(20) Using 3 workers of 10 for evacuation
[2026-04-03T01:07:14.643+0600][33.793s][info][gc,phases      ] GC(20)   Pre Evacuate Collection Set: 0.30ms
[2026-04-03T01:07:14.643+0600][33.793s][info][gc,phases      ] GC(20)   Merge Heap Roots: 0.18ms
[2026-04-03T01:07:14.643+0600][33.793s][info][gc,phases      ] GC(20)   Evacuate Collection Set: 0.47ms
[2026-04-03T01:07:14.643+0600][33.793s][info][gc,phases      ] GC(20)   Post Evacuate Collection Set: 0.58ms
[2026-04-03T01:07:14.643+0600][33.793s][info][gc,phases      ] GC(20)   Other: 0.09ms
[2026-04-03T01:07:14.643+0600][33.793s][info][gc,heap        ] GC(20) Eden regions: 32->0(34)
[2026-04-03T01:07:14.643+0600][33.793s][info][gc,heap        ] GC(20) Survivor regions: 1->1(5)
[2026-04-03T01:07:14.643+0600][33.793s][info][gc,heap        ] GC(20) Old regions: 14->14
[2026-04-03T01:07:14.643+0600][33.793s][info][gc,heap        ] GC(20) Humongous regions: 16->16
[2026-04-03T01:07:14.643+0600][33.793s][info][gc,metaspace   ] GC(20) Metaspace: 8766K(9088K)->8766K(9088K) NonClass: 7856K(8000K)->7856K(8000K) Class: 909K(1088K)->909K(1088K)
[2026-04-03T01:07:14.643+0600][33.793s][info][gc             ] GC(20) Pause Young (Normal) (G1 Evacuation Pause) 117M->53M(142M) 1.849ms
[2026-04-03T01:07:14.643+0600][33.793s][info][gc,cpu         ] GC(20) User=0.01s Sys=0.01s Real=0.00s
[2026-04-03T01:07:14.823+0600][33.973s][info][gc,start       ] GC(21) Pause Young (Normal) (G1 Evacuation Pause)
[2026-04-03T01:07:14.823+0600][33.973s][info][gc,task        ] GC(21) Using 3 workers of 10 for evacuation
[2026-04-03T01:07:14.824+0600][33.974s][info][gc,phases      ] GC(21)   Pre Evacuate Collection Set: 0.30ms
[2026-04-03T01:07:14.824+0600][33.974s][info][gc,phases      ] GC(21)   Merge Heap Roots: 0.21ms
[2026-04-03T01:07:14.824+0600][33.974s][info][gc,phases      ] GC(21)   Evacuate Collection Set: 0.40ms
[2026-04-03T01:07:14.824+0600][33.974s][info][gc,phases      ] GC(21)   Post Evacuate Collection Set: 0.31ms
[2026-04-03T01:07:14.824+0600][33.974s][info][gc,phases      ] GC(21)   Other: 0.08ms
[2026-04-03T01:07:14.824+0600][33.974s][info][gc,heap        ] GC(21) Eden regions: 34->0(35)
[2026-04-03T01:07:14.824+0600][33.974s][info][gc,heap        ] GC(21) Survivor regions: 1->1(5)
[2026-04-03T01:07:14.824+0600][33.974s][info][gc,heap        ] GC(21) Old regions: 14->14
[2026-04-03T01:07:14.824+0600][33.974s][info][gc,heap        ] GC(21) Humongous regions: 16->16
[2026-04-03T01:07:14.824+0600][33.974s][info][gc,metaspace   ] GC(21) Metaspace: 8767K(9088K)->8767K(9088K) NonClass: 7857K(8000K)->7857K(8000K) Class: 909K(1088K)->909K(1088K)
[2026-04-03T01:07:14.824+0600][33.974s][info][gc             ] GC(21) Pause Young (Normal) (G1 Evacuation Pause) 121M->53M(142M) 1.501ms
[2026-04-03T01:07:14.824+0600][33.974s][info][gc,cpu         ] GC(21) User=0.00s Sys=0.00s Real=0.00s
[2026-04-03T01:07:15.045+0600][34.195s][info][gc,start       ] GC(22) Pause Young (Normal) (G1 Evacuation Pause)
[2026-04-03T01:07:15.045+0600][34.195s][info][gc,task        ] GC(22) Using 3 workers of 10 for evacuation
[2026-04-03T01:07:15.047+0600][34.197s][info][gc,phases      ] GC(22)   Pre Evacuate Collection Set: 0.23ms
[2026-04-03T01:07:15.047+0600][34.197s][info][gc,phases      ] GC(22)   Merge Heap Roots: 0.16ms
[2026-04-03T01:07:15.047+0600][34.197s][info][gc,phases      ] GC(22)   Evacuate Collection Set: 0.42ms
[2026-04-03T01:07:15.047+0600][34.197s][info][gc,phases      ] GC(22)   Post Evacuate Collection Set: 0.35ms
[2026-04-03T01:07:15.047+0600][34.197s][info][gc,phases      ] GC(22)   Other: 0.07ms
[2026-04-03T01:07:15.047+0600][34.197s][info][gc,heap        ] GC(22) Eden regions: 35->0(35)
[2026-04-03T01:07:15.047+0600][34.197s][info][gc,heap        ] GC(22) Survivor regions: 1->1(5)
[2026-04-03T01:07:15.047+0600][34.197s][info][gc,heap        ] GC(22) Old regions: 14->14
[2026-04-03T01:07:15.047+0600][34.197s][info][gc,heap        ] GC(22) Humongous regions: 16->16
[2026-04-03T01:07:15.047+0600][34.197s][info][gc,metaspace   ] GC(22) Metaspace: 8772K(9088K)->8772K(9088K) NonClass: 7862K(8000K)->7862K(8000K) Class: 909K(1088K)->909K(1088K)
[2026-04-03T01:07:15.047+0600][34.197s][info][gc             ] GC(22) Pause Young (Normal) (G1 Evacuation Pause) 123M->53M(142M) 1.605ms
[2026-04-03T01:07:15.047+0600][34.197s][info][gc,cpu         ] GC(22) User=0.01s Sys=0.00s Real=0.00s
[2026-04-03T01:07:15.345+0600][34.495s][info][gc,start       ] GC(23) Pause Young (Normal) (G1 Evacuation Pause)
[2026-04-03T01:07:15.345+0600][34.495s][info][gc,task        ] GC(23) Using 3 workers of 10 for evacuation
[2026-04-03T01:07:15.347+0600][34.497s][info][gc,phases      ] GC(23)   Pre Evacuate Collection Set: 0.31ms
[2026-04-03T01:07:15.347+0600][34.497s][info][gc,phases      ] GC(23)   Merge Heap Roots: 0.17ms
[2026-04-03T01:07:15.347+0600][34.497s][info][gc,phases      ] GC(23)   Evacuate Collection Set: 0.92ms
[2026-04-03T01:07:15.347+0600][34.497s][info][gc,phases      ] GC(23)   Post Evacuate Collection Set: 0.70ms
[2026-04-03T01:07:15.347+0600][34.497s][info][gc,phases      ] GC(23)   Other: 0.08ms
[2026-04-03T01:07:15.347+0600][34.497s][info][gc,heap        ] GC(23) Eden regions: 35->0(32)
[2026-04-03T01:07:15.347+0600][34.497s][info][gc,heap        ] GC(23) Survivor regions: 1->3(5)
[2026-04-03T01:07:15.347+0600][34.497s][info][gc,heap        ] GC(23) Old regions: 14->14
[2026-04-03T01:07:15.347+0600][34.497s][info][gc,heap        ] GC(23) Humongous regions: 17->17
[2026-04-03T01:07:15.347+0600][34.497s][info][gc,metaspace   ] GC(23) Metaspace: 8773K(9088K)->8773K(9088K) NonClass: 7863K(8000K)->7863K(8000K) Class: 909K(1088K)->909K(1088K)
[2026-04-03T01:07:15.347+0600][34.497s][info][gc             ] GC(23) Pause Young (Normal) (G1 Evacuation Pause) 125M->59M(142M) 2.383ms
[2026-04-03T01:07:15.347+0600][34.497s][info][gc,cpu         ] GC(23) User=0.01s Sys=0.00s Real=0.00s
[2026-04-03T01:07:15.653+0600][34.802s][info][gc,start       ] GC(24) Pause Young (Normal) (G1 Evacuation Pause)
[2026-04-03T01:07:15.653+0600][34.803s][info][gc,task        ] GC(24) Using 3 workers of 10 for evacuation
[2026-04-03T01:07:15.655+0600][34.805s][info][gc,phases      ] GC(24)   Pre Evacuate Collection Set: 0.32ms
[2026-04-03T01:07:15.655+0600][34.805s][info][gc,phases      ] GC(24)   Merge Heap Roots: 0.19ms
[2026-04-03T01:07:15.655+0600][34.805s][info][gc,phases      ] GC(24)   Evacuate Collection Set: 1.04ms
[2026-04-03T01:07:15.655+0600][34.805s][info][gc,phases      ] GC(24)   Post Evacuate Collection Set: 0.71ms
[2026-04-03T01:07:15.655+0600][34.805s][info][gc,phases      ] GC(24)   Other: 0.12ms
[2026-04-03T01:07:15.655+0600][34.805s][info][gc,heap        ] GC(24) Eden regions: 32->0(31)
[2026-04-03T01:07:15.655+0600][34.805s][info][gc,heap        ] GC(24) Survivor regions: 3->3(5)
[2026-04-03T01:07:15.655+0600][34.805s][info][gc,heap        ] GC(24) Old regions: 14->14
[2026-04-03T01:07:15.655+0600][34.805s][info][gc,heap        ] GC(24) Humongous regions: 17->17
[2026-04-03T01:07:15.655+0600][34.805s][info][gc,metaspace   ] GC(24) Metaspace: 8776K(9088K)->8776K(9088K) NonClass: 7866K(8000K)->7866K(8000K) Class: 909K(1088K)->909K(1088K)
[2026-04-03T01:07:15.655+0600][34.805s][info][gc             ] GC(24) Pause Young (Normal) (G1 Evacuation Pause) 123M->60M(142M) 2.574ms
[2026-04-03T01:07:15.655+0600][34.805s][info][gc,cpu         ] GC(24) User=0.00s Sys=0.00s Real=0.00s
[2026-04-03T01:07:15.737+0600][34.887s][info][gc,start       ] GC(25) Pause Young (Concurrent Start) (G1 Humongous Allocation)
[2026-04-03T01:07:15.737+0600][34.887s][info][gc,task        ] GC(25) Using 3 workers of 10 for evacuation
[2026-04-03T01:07:15.740+0600][34.890s][info][gc,phases      ] GC(25)   Pre Evacuate Collection Set: 0.39ms
[2026-04-03T01:07:15.740+0600][34.890s][info][gc,phases      ] GC(25)   Merge Heap Roots: 0.18ms
[2026-04-03T01:07:15.740+0600][34.890s][info][gc,phases      ] GC(25)   Evacuate Collection Set: 1.25ms
[2026-04-03T01:07:15.740+0600][34.890s][info][gc,phases      ] GC(25)   Post Evacuate Collection Set: 0.52ms
[2026-04-03T01:07:15.740+0600][34.890s][info][gc,phases      ] GC(25)   Other: 0.19ms
[2026-04-03T01:07:15.740+0600][34.890s][info][gc,heap        ] GC(25) Eden regions: 11->0(30)
[2026-04-03T01:07:15.740+0600][34.890s][info][gc,heap        ] GC(25) Survivor regions: 3->3(5)
[2026-04-03T01:07:15.740+0600][34.890s][info][gc,heap        ] GC(25) Old regions: 14->15
[2026-04-03T01:07:15.740+0600][34.890s][info][gc,heap        ] GC(25) Humongous regions: 17->17
[2026-04-03T01:07:15.740+0600][34.890s][info][gc,metaspace   ] GC(25) Metaspace: 8776K(9088K)->8776K(9088K) NonClass: 7866K(8000K)->7866K(8000K) Class: 909K(1088K)->909K(1088K)
[2026-04-03T01:07:15.740+0600][34.890s][info][gc             ] GC(25) Pause Young (Concurrent Start) (G1 Humongous Allocation) 81M->61M(142M) 2.708ms
[2026-04-03T01:07:15.740+0600][34.890s][info][gc,cpu         ] GC(25) User=0.00s Sys=0.00s Real=0.01s
[2026-04-03T01:07:15.740+0600][34.890s][info][gc             ] GC(26) Concurrent Mark Cycle
[2026-04-03T01:07:15.740+0600][34.890s][info][gc,marking     ] GC(26) Concurrent Scan Root Regions
[2026-04-03T01:07:15.741+0600][34.891s][info][gc,marking     ] GC(26) Concurrent Scan Root Regions 0.392ms
[2026-04-03T01:07:15.741+0600][34.891s][info][gc,marking     ] GC(26) Concurrent Mark
[2026-04-03T01:07:15.741+0600][34.891s][info][gc,marking     ] GC(26) Concurrent Mark From Roots
[2026-04-03T01:07:15.741+0600][34.891s][info][gc,task        ] GC(26) Using 2 workers of 2 for marking
[2026-04-03T01:07:15.745+0600][34.895s][info][gc,marking     ] GC(26) Concurrent Mark From Roots 4.098ms
[2026-04-03T01:07:15.745+0600][34.895s][info][gc,marking     ] GC(26) Concurrent Preclean
[2026-04-03T01:07:15.745+0600][34.895s][info][gc,marking     ] GC(26) Concurrent Preclean 0.029ms
[2026-04-03T01:07:15.745+0600][34.895s][info][gc,start       ] GC(26) Pause Remark
[2026-04-03T01:07:15.749+0600][34.899s][info][gc             ] GC(26) Pause Remark 65M->31M(134M) 3.609ms
[2026-04-03T01:07:15.749+0600][34.899s][info][gc,cpu         ] GC(26) User=0.00s Sys=0.00s Real=0.00s
[2026-04-03T01:07:15.749+0600][34.899s][info][gc,marking     ] GC(26) Concurrent Mark 8.076ms
[2026-04-03T01:07:15.749+0600][34.899s][info][gc,marking     ] GC(26) Concurrent Rebuild Remembered Sets and Scrub Regions
[2026-04-03T01:07:15.751+0600][34.901s][info][gc,marking     ] GC(26) Concurrent Rebuild Remembered Sets and Scrub Regions 2.621ms
[2026-04-03T01:07:15.752+0600][34.902s][info][gc,start       ] GC(26) Pause Cleanup
[2026-04-03T01:07:15.752+0600][34.902s][info][gc             ] GC(26) Pause Cleanup 32M->32M(134M) 0.253ms
[2026-04-03T01:07:15.752+0600][34.902s][info][gc,cpu         ] GC(26) User=0.00s Sys=0.00s Real=0.00s
[2026-04-03T01:07:15.752+0600][34.902s][info][gc,marking     ] GC(26) Concurrent Clear Claimed Marks
[2026-04-03T01:07:15.752+0600][34.902s][info][gc,marking     ] GC(26) Concurrent Clear Claimed Marks 0.026ms
[2026-04-03T01:07:15.752+0600][34.902s][info][gc,marking     ] GC(26) Concurrent Cleanup for Next Mark
[2026-04-03T01:07:15.753+0600][34.903s][info][gc,marking     ] GC(26) Concurrent Cleanup for Next Mark 1.029ms
[2026-04-03T01:07:15.753+0600][34.903s][info][gc             ] GC(26) Concurrent Mark Cycle 12.906ms
[2026-04-03T01:07:16.038+0600][35.188s][info][gc,start       ] GC(27) Pause Young (Prepare Mixed) (G1 Evacuation Pause)
[2026-04-03T01:07:16.038+0600][35.188s][info][gc,task        ] GC(27) Using 3 workers of 10 for evacuation
[2026-04-03T01:07:16.041+0600][35.191s][info][gc,phases      ] GC(27)   Pre Evacuate Collection Set: 0.42ms
[2026-04-03T01:07:16.041+0600][35.191s][info][gc,phases      ] GC(27)   Merge Heap Roots: 0.23ms
[2026-04-03T01:07:16.041+0600][35.191s][info][gc,phases      ] GC(27)   Evacuate Collection Set: 1.60ms
[2026-04-03T01:07:16.041+0600][35.191s][info][gc,phases      ] GC(27)   Post Evacuate Collection Set: 0.67ms
[2026-04-03T01:07:16.041+0600][35.191s][info][gc,phases      ] GC(27)   Other: 0.13ms
[2026-04-03T01:07:16.041+0600][35.191s][info][gc,heap        ] GC(27) Eden regions: 30->0(36)
[2026-04-03T01:07:16.041+0600][35.191s][info][gc,heap        ] GC(27) Survivor regions: 3->4(5)
[2026-04-03T01:07:16.041+0600][35.191s][info][gc,heap        ] GC(27) Old regions: 14->14
[2026-04-03T01:07:16.041+0600][35.191s][info][gc,heap        ] GC(27) Humongous regions: 3->2
[2026-04-03T01:07:16.041+0600][35.191s][info][gc,metaspace   ] GC(27) Metaspace: 8788K(9088K)->8788K(9088K) NonClass: 7876K(8000K)->7876K(8000K) Class: 911K(1088K)->911K(1088K)
[2026-04-03T01:07:16.041+0600][35.191s][info][gc             ] GC(27) Pause Young (Prepare Mixed) (G1 Evacuation Pause) 91M->31M(134M) 3.412ms
[2026-04-03T01:07:16.041+0600][35.191s][info][gc,cpu         ] GC(27) User=0.00s Sys=0.00s Real=0.01s
[2026-04-03T01:07:16.158+0600][35.308s][info][gc,start       ] GC(28) Pause Young (Mixed) (G1 Evacuation Pause)
[2026-04-03T01:07:16.158+0600][35.308s][info][gc,task        ] GC(28) Using 3 workers of 10 for evacuation
[2026-04-03T01:07:16.160+0600][35.310s][info][gc,phases      ] GC(28)   Pre Evacuate Collection Set: 0.24ms
[2026-04-03T01:07:16.160+0600][35.310s][info][gc,phases      ] GC(28)   Merge Heap Roots: 0.08ms
[2026-04-03T01:07:16.160+0600][35.310s][info][gc,phases      ] GC(28)   Evacuate Collection Set: 1.38ms
[2026-04-03T01:07:16.160+0600][35.310s][info][gc,phases      ] GC(28)   Post Evacuate Collection Set: 0.38ms
[2026-04-03T01:07:16.160+0600][35.310s][info][gc,phases      ] GC(28)   Other: 0.07ms
[2026-04-03T01:07:16.161+0600][35.310s][info][gc,heap        ] GC(28) Eden regions: 36->0(37)
[2026-04-03T01:07:16.161+0600][35.310s][info][gc,heap        ] GC(28) Survivor regions: 4->3(5)
[2026-04-03T01:07:16.161+0600][35.310s][info][gc,heap        ] GC(28) Old regions: 14->8
[2026-04-03T01:07:16.161+0600][35.310s][info][gc,heap        ] GC(28) Humongous regions: 2->2
[2026-04-03T01:07:16.161+0600][35.310s][info][gc,metaspace   ] GC(28) Metaspace: 8788K(9088K)->8788K(9088K) NonClass: 7876K(8000K)->7876K(8000K) Class: 911K(1088K)->911K(1088K)
[2026-04-03T01:07:16.161+0600][35.310s][info][gc             ] GC(28) Pause Young (Mixed) (G1 Evacuation Pause) 103M->17M(134M) 2.311ms
[2026-04-03T01:07:16.161+0600][35.310s][info][gc,cpu         ] GC(28) User=0.00s Sys=0.00s Real=0.01s
[2026-04-03T01:07:16.684+0600][35.834s][info][gc,start       ] GC(29) Pause Young (Mixed) (G1 Evacuation Pause)
[2026-04-03T01:07:16.684+0600][35.834s][info][gc,task        ] GC(29) Using 3 workers of 10 for evacuation
[2026-04-03T01:07:16.689+0600][35.839s][info][gc,phases      ] GC(29)   Pre Evacuate Collection Set: 0.32ms
[2026-04-03T01:07:16.689+0600][35.839s][info][gc,phases      ] GC(29)   Merge Heap Roots: 0.19ms
[2026-04-03T01:07:16.689+0600][35.839s][info][gc,phases      ] GC(29)   Evacuate Collection Set: 3.30ms
[2026-04-03T01:07:16.689+0600][35.839s][info][gc,phases      ] GC(29)   Post Evacuate Collection Set: 1.12ms
[2026-04-03T01:07:16.689+0600][35.839s][info][gc,phases      ] GC(29)   Other: 0.14ms
[2026-04-03T01:07:16.689+0600][35.839s][info][gc,heap        ] GC(29) Eden regions: 37->0(37)
[2026-04-03T01:07:16.689+0600][35.839s][info][gc,heap        ] GC(29) Survivor regions: 3->3(5)
[2026-04-03T01:07:16.689+0600][35.839s][info][gc,heap        ] GC(29) Old regions: 8->7
[2026-04-03T01:07:16.689+0600][35.839s][info][gc,heap        ] GC(29) Humongous regions: 2->2
[2026-04-03T01:07:16.689+0600][35.839s][info][gc,metaspace   ] GC(29) Metaspace: 9684K(9984K)->9684K(9984K) NonClass: 8661K(8832K)->8661K(8832K) Class: 1022K(1152K)->1022K(1152K)
[2026-04-03T01:07:16.689+0600][35.839s][info][gc             ] GC(29) Pause Young (Mixed) (G1 Evacuation Pause) 91M->17M(134M) 5.374ms
[2026-04-03T01:07:16.689+0600][35.839s][info][gc,cpu         ] GC(29) User=0.02s Sys=0.00s Real=0.00s
[2026-04-03T01:07:17.163+0600][36.313s][info][gc,start       ] GC(30) Pause Young (Normal) (G1 Evacuation Pause)
[2026-04-03T01:07:17.163+0600][36.313s][info][gc,task        ] GC(30) Using 3 workers of 10 for evacuation
[2026-04-03T01:07:17.165+0600][36.315s][info][gc,phases      ] GC(30)   Pre Evacuate Collection Set: 0.38ms
[2026-04-03T01:07:17.166+0600][36.315s][info][gc,phases      ] GC(30)   Merge Heap Roots: 0.16ms
[2026-04-03T01:07:17.166+0600][36.315s][info][gc,phases      ] GC(30)   Evacuate Collection Set: 1.19ms
[2026-04-03T01:07:17.166+0600][36.315s][info][gc,phases      ] GC(30)   Post Evacuate Collection Set: 0.78ms
[2026-04-03T01:07:17.166+0600][36.316s][info][gc,phases      ] GC(30)   Other: 0.11ms
[2026-04-03T01:07:17.166+0600][36.316s][info][gc,heap        ] GC(30) Eden regions: 37->0(37)
[2026-04-03T01:07:17.166+0600][36.316s][info][gc,heap        ] GC(30) Survivor regions: 3->3(5)
[2026-04-03T01:07:17.166+0600][36.316s][info][gc,heap        ] GC(30) Old regions: 7->7
[2026-04-03T01:07:17.166+0600][36.316s][info][gc,heap        ] GC(30) Humongous regions: 2->2
[2026-04-03T01:07:17.166+0600][36.316s][info][gc,metaspace   ] GC(30) Metaspace: 9688K(9984K)->9688K(9984K) NonClass: 8666K(8832K)->8666K(8832K) Class: 1022K(1152K)->1022K(1152K)
[2026-04-03T01:07:17.166+0600][36.316s][info][gc             ] GC(30) Pause Young (Normal) (G1 Evacuation Pause) 91M->17M(134M) 2.960ms
[2026-04-03T01:07:17.166+0600][36.316s][info][gc,cpu         ] GC(30) User=0.00s Sys=0.00s Real=0.00s
[2026-04-03T01:07:17.424+0600][36.574s][info][gc,start       ] GC(31) Pause Young (Normal) (G1 Evacuation Pause)
[2026-04-03T01:07:17.424+0600][36.574s][info][gc,task        ] GC(31) Using 3 workers of 10 for evacuation
[2026-04-03T01:07:17.426+0600][36.576s][info][gc,phases      ] GC(31)   Pre Evacuate Collection Set: 0.29ms
[2026-04-03T01:07:17.426+0600][36.576s][info][gc,phases      ] GC(31)   Merge Heap Roots: 0.22ms
[2026-04-03T01:07:17.426+0600][36.576s][info][gc,phases      ] GC(31)   Evacuate Collection Set: 1.24ms
[2026-04-03T01:07:17.426+0600][36.576s][info][gc,phases      ] GC(31)   Post Evacuate Collection Set: 0.65ms
[2026-04-03T01:07:17.427+0600][36.576s][info][gc,phases      ] GC(31)   Other: 0.09ms
[2026-04-03T01:07:17.427+0600][36.576s][info][gc,heap        ] GC(31) Eden regions: 37->0(37)
[2026-04-03T01:07:17.427+0600][36.576s][info][gc,heap        ] GC(31) Survivor regions: 3->3(5)
[2026-04-03T01:07:17.427+0600][36.576s][info][gc,heap        ] GC(31) Old regions: 7->7
[2026-04-03T01:07:17.427+0600][36.576s][info][gc,heap        ] GC(31) Humongous regions: 2->2
[2026-04-03T01:07:17.427+0600][36.576s][info][gc,metaspace   ] GC(31) Metaspace: 9691K(9984K)->9691K(9984K) NonClass: 8669K(8832K)->8669K(8832K) Class: 1022K(1152K)->1022K(1152K)
[2026-04-03T01:07:17.427+0600][36.577s][info][gc             ] GC(31) Pause Young (Normal) (G1 Evacuation Pause) 91M->17M(134M) 2.756ms
[2026-04-03T01:07:17.427+0600][36.577s][info][gc,cpu         ] GC(31) User=0.01s Sys=0.00s Real=0.00s
[2026-04-03T01:07:17.675+0600][36.825s][info][gc,start       ] GC(32) Pause Young (Normal) (G1 Evacuation Pause)
[2026-04-03T01:07:17.675+0600][36.825s][info][gc,task        ] GC(32) Using 3 workers of 10 for evacuation
[2026-04-03T01:07:17.677+0600][36.827s][info][gc,phases      ] GC(32)   Pre Evacuate Collection Set: 0.26ms
[2026-04-03T01:07:17.677+0600][36.827s][info][gc,phases      ] GC(32)   Merge Heap Roots: 0.09ms
[2026-04-03T01:07:17.677+0600][36.827s][info][gc,phases      ] GC(32)   Evacuate Collection Set: 1.30ms
[2026-04-03T01:07:17.677+0600][36.827s][info][gc,phases      ] GC(32)   Post Evacuate Collection Set: 0.39ms
[2026-04-03T01:07:17.677+0600][36.827s][info][gc,phases      ] GC(32)   Other: 0.11ms
[2026-04-03T01:07:17.677+0600][36.827s][info][gc,heap        ] GC(32) Eden regions: 37->0(37)
[2026-04-03T01:07:17.677+0600][36.827s][info][gc,heap        ] GC(32) Survivor regions: 3->3(5)
[2026-04-03T01:07:17.677+0600][36.827s][info][gc,heap        ] GC(32) Old regions: 7->7
[2026-04-03T01:07:17.677+0600][36.827s][info][gc,heap        ] GC(32) Humongous regions: 2->2
[2026-04-03T01:07:17.677+0600][36.827s][info][gc,metaspace   ] GC(32) Metaspace: 9692K(9984K)->9692K(9984K) NonClass: 8669K(8832K)->8669K(8832K) Class: 1022K(1152K)->1022K(1152K)
[2026-04-03T01:07:17.677+0600][36.827s][info][gc             ] GC(32) Pause Young (Normal) (G1 Evacuation Pause) 91M->17M(134M) 2.503ms
[2026-04-03T01:07:17.677+0600][36.827s][info][gc,cpu         ] GC(32) User=0.01s Sys=0.00s Real=0.00s
[2026-04-03T01:07:17.859+0600][37.009s][info][gc,start       ] GC(33) Pause Young (Normal) (G1 Evacuation Pause)
[2026-04-03T01:07:17.859+0600][37.009s][info][gc,task        ] GC(33) Using 3 workers of 10 for evacuation
[2026-04-03T01:07:17.860+0600][37.010s][info][gc,phases      ] GC(33)   Pre Evacuate Collection Set: 0.24ms
[2026-04-03T01:07:17.860+0600][37.010s][info][gc,phases      ] GC(33)   Merge Heap Roots: 0.08ms
[2026-04-03T01:07:17.860+0600][37.010s][info][gc,phases      ] GC(33)   Evacuate Collection Set: 0.86ms
[2026-04-03T01:07:17.860+0600][37.010s][info][gc,phases      ] GC(33)   Post Evacuate Collection Set: 0.24ms
[2026-04-03T01:07:17.860+0600][37.010s][info][gc,phases      ] GC(33)   Other: 0.08ms
[2026-04-03T01:07:17.860+0600][37.010s][info][gc,heap        ] GC(33) Eden regions: 37->0(37)
[2026-04-03T01:07:17.860+0600][37.010s][info][gc,heap        ] GC(33) Survivor regions: 3->3(5)
[2026-04-03T01:07:17.860+0600][37.010s][info][gc,heap        ] GC(33) Old regions: 7->7
[2026-04-03T01:07:17.860+0600][37.010s][info][gc,heap        ] GC(33) Humongous regions: 2->2
[2026-04-03T01:07:17.860+0600][37.010s][info][gc,metaspace   ] GC(33) Metaspace: 9693K(9984K)->9693K(9984K) NonClass: 8670K(8832K)->8670K(8832K) Class: 1022K(1152K)->1022K(1152K)
[2026-04-03T01:07:17.860+0600][37.010s][info][gc             ] GC(33) Pause Young (Normal) (G1 Evacuation Pause) 91M->18M(134M) 1.681ms
[2026-04-03T01:07:17.860+0600][37.010s][info][gc,cpu         ] GC(33) User=0.00s Sys=0.00s Real=0.01s
[2026-04-03T01:07:18.030+0600][37.180s][info][gc,start       ] GC(34) Pause Young (Normal) (G1 Evacuation Pause)
[2026-04-03T01:07:18.030+0600][37.180s][info][gc,task        ] GC(34) Using 3 workers of 10 for evacuation
[2026-04-03T01:07:18.032+0600][37.182s][info][gc,phases      ] GC(34)   Pre Evacuate Collection Set: 0.19ms
[2026-04-03T01:07:18.032+0600][37.182s][info][gc,phases      ] GC(34)   Merge Heap Roots: 0.07ms
[2026-04-03T01:07:18.032+0600][37.182s][info][gc,phases      ] GC(34)   Evacuate Collection Set: 0.84ms
[2026-04-03T01:07:18.032+0600][37.182s][info][gc,phases      ] GC(34)   Post Evacuate Collection Set: 0.43ms
[2026-04-03T01:07:18.032+0600][37.182s][info][gc,phases      ] GC(34)   Other: 0.06ms
[2026-04-03T01:07:18.032+0600][37.182s][info][gc,heap        ] GC(34) Eden regions: 37->0(37)
[2026-04-03T01:07:18.032+0600][37.182s][info][gc,heap        ] GC(34) Survivor regions: 3->3(5)
[2026-04-03T01:07:18.032+0600][37.182s][info][gc,heap        ] GC(34) Old regions: 7->7
[2026-04-03T01:07:18.032+0600][37.182s][info][gc,heap        ] GC(34) Humongous regions: 2->2
[2026-04-03T01:07:18.032+0600][37.182s][info][gc,metaspace   ] GC(34) Metaspace: 9693K(9984K)->9693K(9984K) NonClass: 8670K(8832K)->8670K(8832K) Class: 1022K(1152K)->1022K(1152K)
[2026-04-03T01:07:18.032+0600][37.182s][info][gc             ] GC(34) Pause Young (Normal) (G1 Evacuation Pause) 92M->17M(134M) 1.744ms
[2026-04-03T01:07:18.032+0600][37.182s][info][gc,cpu         ] GC(34) User=0.00s Sys=0.00s Real=0.00s
[2026-04-03T01:07:18.213+0600][37.363s][info][gc,heap,exit   ] Heap
[2026-04-03T01:07:18.213+0600][37.363s][info][gc,heap,exit   ]  garbage-first heap   total 137216K, used 71223K [0x000000070ae00000, 0x0000000800000000)
[2026-04-03T01:07:18.213+0600][37.363s][info][gc,heap,exit   ]   region size 2048K, 29 young (59392K), 3 survivors (6144K)
[2026-04-03T01:07:18.213+0600][37.363s][info][gc,heap,exit   ]  Metaspace       used 9966K, committed 10240K, reserved 1114112K
[2026-04-03T01:07:18.213+0600][37.363s][info][gc,heap,exit   ]   class space    used 1060K, committed 1152K, reserved 1048576K
