[2026-04-03T01:07:18.269+0600][0.005s][info][gc,init] Initializing The Z Garbage Collector
[2026-04-03T01:07:18.269+0600][0.005s][info][gc,init] Version: 21.0.10+7-Ubuntu-124.04 (release)
[2026-04-03T01:07:18.269+0600][0.005s][info][gc,init] NUMA Support: Disabled
[2026-04-03T01:07:18.269+0600][0.005s][info][gc,init] CPUs: 12 total, 12 available
[2026-04-03T01:07:18.269+0600][0.005s][info][gc,init] Memory: 15683M
[2026-04-03T01:07:18.269+0600][0.005s][info][gc,init] Large Page Support: Disabled
[2026-04-03T01:07:18.269+0600][0.005s][info][gc,init] Address Space Type: Contiguous/Unrestricted/Complete
[2026-04-03T01:07:18.269+0600][0.005s][info][gc,init] Address Space Size: 62752M
[2026-04-03T01:07:18.269+0600][0.005s][info][gc,init] Heap Backing File: /memfd:java_heap
[2026-04-03T01:07:18.269+0600][0.005s][info][gc,init] Heap Backing Filesystem: tmpfs (0x1021994)
[2026-04-03T01:07:18.270+0600][0.006s][info][gc,init] Min Capacity: 8M
[2026-04-03T01:07:18.270+0600][0.006s][info][gc,init] Initial Capacity: 246M
[2026-04-03T01:07:18.270+0600][0.006s][info][gc,init] Max Capacity: 3922M
[2026-04-03T01:07:18.270+0600][0.006s][info][gc,init] Soft Max Capacity: 3529M
[2026-04-03T01:07:18.270+0600][0.006s][info][gc,init] Medium Page Size: 32M
[2026-04-03T01:07:18.270+0600][0.006s][info][gc,init] Pre-touch: Disabled
[2026-04-03T01:07:18.270+0600][0.006s][info][gc,init] Available space on backing filesystem: N/A
[2026-04-03T01:07:18.271+0600][0.007s][info][gc,init] Uncommit: Enabled
[2026-04-03T01:07:18.271+0600][0.007s][info][gc,init] Uncommit Delay: 300s
[2026-04-03T01:07:18.271+0600][0.007s][info][gc,init] GC Workers for Old Generation: 3 (dynamic)
[2026-04-03T01:07:18.272+0600][0.008s][info][gc,init] GC Workers for Young Generation: 3 (dynamic)
[2026-04-03T01:07:18.358+0600][0.094s][info][gc,init] GC Workers Max: 3 (dynamic)
[2026-04-03T01:07:18.359+0600][0.095s][info][gc,init] Runtime Workers: 8
[2026-04-03T01:07:18.360+0600][0.096s][info][gc     ] Using The Z Garbage Collector
[2026-04-03T01:07:18.373+0600][0.109s][info][gc,metaspace] CDS archive(s) mapped at: [0x00007c2b7b000000-0x00007c2b7bc9c000-0x00007c2b7bc9c000), size 13221888, SharedBaseAddress: 0x00007c2b7b000000, ArchiveRelocationMode: 1.
[2026-04-03T01:07:18.373+0600][0.109s][info][gc,metaspace] Compressed class space mapped at: 0x00007c2b7c000000-0x00007c2bbc000000, reserved size: 1073741824
[2026-04-03T01:07:18.373+0600][0.109s][info][gc,metaspace] Narrow klass base: 0x00007c2b7b000000, Narrow klass shift: 0, Narrow klass range: 0x100000000
[2026-04-03T01:07:43.808+0600][25.544s][info][gc          ] GC(0) Major Collection (System.gc())
[2026-04-03T01:07:43.808+0600][25.544s][info][gc,task     ] GC(0) Using 3 Workers for Young Generation
[2026-04-03T01:07:43.808+0600][25.544s][info][gc,task     ] GC(0) Using 3 Workers for Old Generation
[2026-04-03T01:07:43.808+0600][25.544s][info][gc,phases   ] GC(0) Y: Young Generation (Promote All)
[2026-04-03T01:07:43.808+0600][25.544s][info][gc,phases   ] GC(0) Y: Pause Mark Start 0.017ms
[2026-04-03T01:07:43.812+0600][25.548s][info][gc,phases   ] GC(0) Y: Concurrent Mark 3.740ms
[2026-04-03T01:07:43.812+0600][25.548s][info][gc,phases   ] GC(0) Y: Pause Mark End 0.012ms
[2026-04-03T01:07:43.812+0600][25.548s][info][gc,phases   ] GC(0) Y: Concurrent Mark Free 0.001ms
[2026-04-03T01:07:43.812+0600][25.548s][info][gc,phases   ] GC(0) Y: Concurrent Reset Relocation Set 0.000ms
[2026-04-03T01:07:43.818+0600][25.554s][info][gc,reloc    ] GC(0) Y: Using tenuring threshold: 0 (Promote All)
[2026-04-03T01:07:43.819+0600][25.555s][info][gc,phases   ] GC(0) Y: Concurrent Select Relocation Set 7.433ms
[2026-04-03T01:07:43.820+0600][25.556s][info][gc,phases   ] GC(0) Y: Pause Relocate Start 0.008ms
[2026-04-03T01:07:43.824+0600][25.560s][info][gc,phases   ] GC(0) Y: Concurrent Relocate 4.597ms
[2026-04-03T01:07:43.824+0600][25.560s][info][gc,alloc    ] GC(0) Y:                         Mark Start        Mark End      Relocate Start    Relocate End   
[2026-04-03T01:07:43.824+0600][25.560s][info][gc,alloc    ] GC(0) Y: Allocation Stalls:          0                0                0                0         
[2026-04-03T01:07:43.824+0600][25.560s][info][gc,load     ] GC(0) Y: Load: 5.99 (50%) / 7.66 (64%) / 4.66 (39%)
[2026-04-03T01:07:43.824+0600][25.560s][info][gc,mmu      ] GC(0) Y: MMU: 2ms/99.2%, 5ms/99.4%, 10ms/99.7%, 20ms/99.8%, 50ms/99.9%, 100ms/100.0%
[2026-04-03T01:07:43.824+0600][25.560s][info][gc,marking  ] GC(0) Y: Mark: 2 stripe(s), 1 proactive flush(es), 1 terminate flush(es), 0 completion(s), 0 continuation(s) 
[2026-04-03T01:07:43.824+0600][25.560s][info][gc,marking  ] GC(0) Y: Mark Stack Usage: 32M
[2026-04-03T01:07:43.824+0600][25.560s][info][gc,nmethod  ] GC(0) Y: NMethods: 638 registered, 0 unregistered
[2026-04-03T01:07:43.824+0600][25.560s][info][gc,metaspace] GC(0) Y: Metaspace: 2M used, 2M committed, 1088M reserved
[2026-04-03T01:07:43.824+0600][25.560s][info][gc,reloc    ] GC(0) Y:                        Candidates     Selected     In-Place         Size        Empty    Relocated 
[2026-04-03T01:07:43.824+0600][25.560s][info][gc,reloc    ] GC(0) Y: Small Pages:                    6            4            0          12M           0M           1M 
[2026-04-03T01:07:43.824+0600][25.560s][info][gc,reloc    ] GC(0) Y: Medium Pages:                   0            0            0           0M           0M           0M 
[2026-04-03T01:07:43.824+0600][25.560s][info][gc,reloc    ] GC(0) Y: Large Pages:                    0            0            0           0M           0M           0M 
[2026-04-03T01:07:43.824+0600][25.560s][info][gc,reloc    ] GC(0) Y: Forwarding Usage: 0M
[2026-04-03T01:07:43.824+0600][25.560s][info][gc,reloc    ] GC(0) Y: Age Table:
[2026-04-03T01:07:43.824+0600][25.560s][info][gc,reloc    ] GC(0) Y:                    Live             Garbage             Small              Medium             Large        
[2026-04-03T01:07:43.824+0600][25.560s][info][gc,reloc    ] GC(0) Y: Eden               2M (0%)            9M (0%)           6 / 4              0 / 0              0 / 0        
[2026-04-03T01:07:43.824+0600][25.560s][info][gc,heap     ] GC(0) Y: Min Capacity: 8M(0%)
[2026-04-03T01:07:43.824+0600][25.560s][info][gc,heap     ] GC(0) Y: Max Capacity: 3922M(100%)
[2026-04-03T01:07:43.824+0600][25.560s][info][gc,heap     ] GC(0) Y: Soft Max Capacity: 3529M(90%)
[2026-04-03T01:07:43.824+0600][25.560s][info][gc,heap     ] GC(0) Y: Heap Statistics:
[2026-04-03T01:07:43.824+0600][25.560s][info][gc,heap     ] GC(0) Y:                Mark Start          Mark End        Relocate Start      Relocate End           High               Low         
[2026-04-03T01:07:43.824+0600][25.560s][info][gc,heap     ] GC(0) Y:  Capacity:      246M (6%)          246M (6%)          246M (6%)          246M (6%)          246M (6%)          246M (6%)     
[2026-04-03T01:07:43.824+0600][25.560s][info][gc,heap     ] GC(0) Y:      Free:     3910M (100%)       3910M (100%)       3910M (100%)       3916M (100%)       3916M (100%)       3906M (100%)   
[2026-04-03T01:07:43.824+0600][25.560s][info][gc,heap     ] GC(0) Y:      Used:       12M (0%)           12M (0%)           12M (0%)            6M (0%)           16M (0%)            6M (0%)     
[2026-04-03T01:07:43.824+0600][25.560s][info][gc,heap     ] GC(0) Y: Young Generation Statistics:
[2026-04-03T01:07:43.824+0600][25.560s][info][gc,heap     ] GC(0) Y:                Mark Start          Mark End        Relocate Start      Relocate End    
[2026-04-03T01:07:43.824+0600][25.560s][info][gc,heap     ] GC(0) Y:      Used:       12M (0%)           12M (0%)           12M (0%)            0M (0%)     
[2026-04-03T01:07:43.824+0600][25.560s][info][gc,heap     ] GC(0) Y:      Live:         -                 2M (0%)            2M (0%)            0M (0%)     
[2026-04-03T01:07:43.824+0600][25.560s][info][gc,heap     ] GC(0) Y:   Garbage:         -                 9M (0%)            9M (0%)            0M (0%)     
[2026-04-03T01:07:43.824+0600][25.560s][info][gc,heap     ] GC(0) Y: Allocated:         -                 0M (0%)            0M (0%)            0M (0%)     
[2026-04-03T01:07:43.824+0600][25.560s][info][gc,heap     ] GC(0) Y: Reclaimed:         -                  -                 0M (0%)            9M (0%)     
[2026-04-03T01:07:43.824+0600][25.560s][info][gc,heap     ] GC(0) Y:  Promoted:         -                  -                 0M (0%)            2M (0%)     
[2026-04-03T01:07:43.824+0600][25.560s][info][gc,heap     ] GC(0) Y: Compacted:         -                  -                  -                 0M (0%)     
[2026-04-03T01:07:43.824+0600][25.560s][info][gc,phases   ] GC(0) Y: Young Generation (Promote All) 12M(0%)->6M(0%) 0.016s
[2026-04-03T01:07:43.824+0600][25.560s][info][gc,phases   ] GC(0) Y: Young Generation (Collect Roots)
[2026-04-03T01:07:43.825+0600][25.561s][info][gc,phases   ] GC(0) Y: Pause Mark Start (Major) 0.019ms
[2026-04-03T01:07:43.827+0600][25.563s][info][gc,phases   ] GC(0) Y: Concurrent Mark 2.385ms
[2026-04-03T01:07:43.827+0600][25.563s][info][gc,phases   ] GC(0) Y: Pause Mark End 0.010ms
[2026-04-03T01:07:43.827+0600][25.563s][info][gc,phases   ] GC(0) Y: Concurrent Mark Free 0.175ms
[2026-04-03T01:07:43.827+0600][25.563s][info][gc,phases   ] GC(0) Y: Concurrent Reset Relocation Set 0.002ms
[2026-04-03T01:07:43.829+0600][25.565s][info][gc,reloc    ] GC(0) Y: Using tenuring threshold: 0 (Computed)
[2026-04-03T01:07:43.829+0600][25.565s][info][gc,phases   ] GC(0) Y: Concurrent Select Relocation Set 1.634ms
[2026-04-03T01:07:43.829+0600][25.565s][info][gc,phases   ] GC(0) Y: Pause Relocate Start 0.007ms
[2026-04-03T01:07:43.829+0600][25.565s][info][gc,phases   ] GC(0) Y: Concurrent Relocate 0.100ms
[2026-04-03T01:07:43.829+0600][25.565s][info][gc,alloc    ] GC(0) Y:                         Mark Start        Mark End      Relocate Start    Relocate End   
[2026-04-03T01:07:43.829+0600][25.565s][info][gc,alloc    ] GC(0) Y: Allocation Stalls:          0                0                0                0         
[2026-04-03T01:07:43.829+0600][25.565s][info][gc,load     ] GC(0) Y: Load: 5.99 (50%) / 7.66 (64%) / 4.66 (39%)
[2026-04-03T01:07:43.829+0600][25.565s][info][gc,mmu      ] GC(0) Y: MMU: 2ms/99.0%, 5ms/99.3%, 10ms/99.6%, 20ms/99.7%, 50ms/99.9%, 100ms/99.9%
[2026-04-03T01:07:43.829+0600][25.565s][info][gc,marking  ] GC(0) Y: Mark: 2 stripe(s), 1 proactive flush(es), 1 terminate flush(es), 0 completion(s), 0 continuation(s) 
[2026-04-03T01:07:43.829+0600][25.565s][info][gc,marking  ] GC(0) Y: Mark Stack Usage: 0M
[2026-04-03T01:07:43.829+0600][25.565s][info][gc,nmethod  ] GC(0) Y: NMethods: 638 registered, 0 unregistered
[2026-04-03T01:07:43.829+0600][25.565s][info][gc,metaspace] GC(0) Y: Metaspace: 2M used, 2M committed, 1088M reserved
[2026-04-03T01:07:43.829+0600][25.565s][info][gc,heap     ] GC(0) Y: Min Capacity: 8M(0%)
[2026-04-03T01:07:43.829+0600][25.565s][info][gc,heap     ] GC(0) Y: Max Capacity: 3922M(100%)
[2026-04-03T01:07:43.829+0600][25.565s][info][gc,heap     ] GC(0) Y: Soft Max Capacity: 3529M(90%)
[2026-04-03T01:07:43.829+0600][25.565s][info][gc,heap     ] GC(0) Y: Heap Statistics:
[2026-04-03T01:07:43.829+0600][25.565s][info][gc,heap     ] GC(0) Y:                Mark Start          Mark End        Relocate Start      Relocate End           High               Low         
[2026-04-03T01:07:43.829+0600][25.565s][info][gc,heap     ] GC(0) Y:  Capacity:      246M (6%)          246M (6%)          246M (6%)          246M (6%)          246M (6%)          246M (6%)     
[2026-04-03T01:07:43.829+0600][25.565s][info][gc,heap     ] GC(0) Y:      Free:     3916M (100%)       3916M (100%)       3916M (100%)       3916M (100%)       3916M (100%)       3916M (100%)   
[2026-04-03T01:07:43.829+0600][25.565s][info][gc,heap     ] GC(0) Y:      Used:        6M (0%)            6M (0%)            6M (0%)            6M (0%)            6M (0%)            6M (0%)     
[2026-04-03T01:07:43.829+0600][25.565s][info][gc,heap     ] GC(0) Y: Young Generation Statistics:
[2026-04-03T01:07:43.829+0600][25.565s][info][gc,heap     ] GC(0) Y:                Mark Start          Mark End        Relocate Start      Relocate End    
[2026-04-03T01:07:43.829+0600][25.565s][info][gc,heap     ] GC(0) Y:      Used:        0M (0%)            0M (0%)            0M (0%)            0M (0%)     
[2026-04-03T01:07:43.829+0600][25.565s][info][gc,heap     ] GC(0) Y:      Live:         -                 0M (0%)            0M (0%)            0M (0%)     
[2026-04-03T01:07:43.829+0600][25.565s][info][gc,heap     ] GC(0) Y:   Garbage:         -                 0M (0%)            0M (0%)            0M (0%)     
[2026-04-03T01:07:43.829+0600][25.565s][info][gc,heap     ] GC(0) Y: Allocated:         -                 0M (0%)            0M (0%)            0M (0%)     
[2026-04-03T01:07:43.830+0600][25.565s][info][gc,heap     ] GC(0) Y: Reclaimed:         -                  -                 0M (0%)            0M (0%)     
[2026-04-03T01:07:43.830+0600][25.565s][info][gc,heap     ] GC(0) Y:  Promoted:         -                  -                 0M (0%)            0M (0%)     
[2026-04-03T01:07:43.830+0600][25.565s][info][gc,heap     ] GC(0) Y: Compacted:         -                  -                  -                 0M (0%)     
[2026-04-03T01:07:43.830+0600][25.565s][info][gc,phases   ] GC(0) Y: Young Generation (Collect Roots) 6M(0%)->6M(0%) 0.005s
[2026-04-03T01:07:43.830+0600][25.565s][info][gc,phases   ] GC(0) O: Old Generation
[2026-04-03T01:07:43.832+0600][25.568s][info][gc,phases   ] GC(0) O: Concurrent Mark 2.944ms
[2026-04-03T01:07:43.833+0600][25.569s][info][gc,phases   ] GC(0) O: Pause Mark End 0.015ms
[2026-04-03T01:07:43.833+0600][25.569s][info][gc,phases   ] GC(0) O: Concurrent Mark Free 0.001ms
[2026-04-03T01:07:43.834+0600][25.570s][info][gc,phases   ] GC(0) O: Concurrent Process Non-Strong 1.127ms
[2026-04-03T01:07:43.834+0600][25.570s][info][gc,phases   ] GC(0) O: Concurrent Reset Relocation Set 0.001ms
[2026-04-03T01:07:43.835+0600][25.571s][info][gc,phases   ] GC(0) O: Concurrent Select Relocation Set 1.545ms
[2026-04-03T01:07:43.835+0600][25.571s][info][gc,task     ] GC(0) O: Using 3 Workers for Old Generation
[2026-04-03T01:07:43.847+0600][25.583s][info][gc,task     ] GC(0) O: Using 3 Workers for Old Generation
[2026-04-03T01:07:43.847+0600][25.583s][info][gc,phases   ] GC(0) O: Concurrent Remap Roots 11.732ms
[2026-04-03T01:07:43.847+0600][25.583s][info][gc,phases   ] GC(0) O: Pause Relocate Start 0.013ms
[2026-04-03T01:07:43.850+0600][25.586s][info][gc,phases   ] GC(0) O: Concurrent Relocate 2.387ms
[2026-04-03T01:07:43.850+0600][25.586s][info][gc,alloc    ] GC(0) O:                         Mark Start        Mark End      Relocate Start    Relocate End   
[2026-04-03T01:07:43.850+0600][25.586s][info][gc,alloc    ] GC(0) O: Allocation Stalls:          0                0                0                0         
[2026-04-03T01:07:43.850+0600][25.586s][info][gc,load     ] GC(0) O: Load: 5.59 (47%) / 7.55 (63%) / 4.64 (39%)
[2026-04-03T01:07:43.850+0600][25.586s][info][gc,mmu      ] GC(0) O: MMU: 2ms/99.0%, 5ms/99.3%, 10ms/99.5%, 20ms/99.7%, 50ms/99.8%, 100ms/99.9%
[2026-04-03T01:07:43.850+0600][25.586s][info][gc,marking  ] GC(0) O: Mark: 2 stripe(s), 1 proactive flush(es), 1 terminate flush(es), 0 completion(s), 0 continuation(s) 
[2026-04-03T01:07:43.850+0600][25.586s][info][gc,marking  ] GC(0) O: Mark Stack Usage: 32M
[2026-04-03T01:07:43.850+0600][25.586s][info][gc,nmethod  ] GC(0) O: NMethods: 547 registered, 91 unregistered
[2026-04-03T01:07:43.850+0600][25.586s][info][gc,metaspace] GC(0) O: Metaspace: 2M used, 2M committed, 1088M reserved
[2026-04-03T01:07:43.850+0600][25.586s][info][gc,ref      ] GC(0) O:                       Encountered   Discovered     Enqueued 
[2026-04-03T01:07:43.850+0600][25.586s][info][gc,ref      ] GC(0) O: Soft References:               77            0            0 
[2026-04-03T01:07:43.850+0600][25.586s][info][gc,ref      ] GC(0) O: Weak References:              308          164           72 
[2026-04-03T01:07:43.850+0600][25.586s][info][gc,ref      ] GC(0) O: Final References:               3            0            0 
[2026-04-03T01:07:43.850+0600][25.586s][info][gc,ref      ] GC(0) O: Phantom References:            32           24            2 
[2026-04-03T01:07:43.850+0600][25.586s][info][gc,reloc    ] GC(0) O:                        Candidates     Selected     In-Place         Size        Empty    Relocated 
[2026-04-03T01:07:43.850+0600][25.586s][info][gc,reloc    ] GC(0) O: Small Pages:                    3            1            0           6M           0M           0M 
[2026-04-03T01:07:43.850+0600][25.586s][info][gc,reloc    ] GC(0) O: Medium Pages:                   0            0            0           0M           0M           0M 
[2026-04-03T01:07:43.850+0600][25.586s][info][gc,reloc    ] GC(0) O: Large Pages:                    0            0            0           0M           0M           0M 
[2026-04-03T01:07:43.850+0600][25.586s][info][gc,reloc    ] GC(0) O: Forwarding Usage: 0M
[2026-04-03T01:07:43.850+0600][25.586s][info][gc,heap     ] GC(0) O: Min Capacity: 8M(0%)
[2026-04-03T01:07:43.850+0600][25.586s][info][gc,heap     ] GC(0) O: Max Capacity: 3922M(100%)
[2026-04-03T01:07:43.850+0600][25.586s][info][gc,heap     ] GC(0) O: Soft Max Capacity: 3529M(90%)
[2026-04-03T01:07:43.850+0600][25.586s][info][gc,heap     ] GC(0) O: Heap Statistics:
[2026-04-03T01:07:43.850+0600][25.586s][info][gc,heap     ] GC(0) O:                Mark Start          Mark End        Relocate Start      Relocate End           High               Low         
[2026-04-03T01:07:43.850+0600][25.586s][info][gc,heap     ] GC(0) O:  Capacity:      246M (6%)          246M (6%)          246M (6%)          246M (6%)          246M (6%)          246M (6%)     
[2026-04-03T01:07:43.850+0600][25.586s][info][gc,heap     ] GC(0) O:      Free:     3916M (100%)       3916M (100%)       3914M (100%)       3914M (100%)       3916M (100%)       3910M (100%)   
[2026-04-03T01:07:43.850+0600][25.586s][info][gc,heap     ] GC(0) O:      Used:        6M (0%)            6M (0%)            8M (0%)            8M (0%)           12M (0%)            6M (0%)     
[2026-04-03T01:07:43.850+0600][25.586s][info][gc,heap     ] GC(0) O: Old Generation Statistics:
[2026-04-03T01:07:43.850+0600][25.586s][info][gc,heap     ] GC(0) O:                Mark Start          Mark End        Relocate Start      Relocate End    
[2026-04-03T01:07:43.850+0600][25.586s][info][gc,heap     ] GC(0) O:      Used:        6M (0%)            6M (0%)            6M (0%)            6M (0%)     
[2026-04-03T01:07:43.850+0600][25.586s][info][gc,heap     ] GC(0) O:      Live:         -                 2M (0%)            2M (0%)            2M (0%)     
[2026-04-03T01:07:43.850+0600][25.586s][info][gc,heap     ] GC(0) O:   Garbage:         -                 3M (0%)            3M (0%)            0M (0%)     
[2026-04-03T01:07:43.850+0600][25.586s][info][gc,heap     ] GC(0) O: Allocated:         -                 0M (0%)            0M (0%)            2M (0%)     
[2026-04-03T01:07:43.850+0600][25.586s][info][gc,heap     ] GC(0) O: Reclaimed:         -                  -                 0M (0%)            2M (0%)     
[2026-04-03T01:07:43.850+0600][25.586s][info][gc,heap     ] GC(0) O: Compacted:         -                  -                  -                 1M (0%)     
[2026-04-03T01:07:43.850+0600][25.586s][info][gc,phases   ] GC(0) O: Old Generation 6M(0%)->8M(0%) 0.020s
[2026-04-03T01:07:43.850+0600][25.586s][info][gc          ] GC(0) Major Collection (System.gc()) 12M(0%)->8M(0%) 0.042s
[2026-04-03T01:07:45.885+0600][27.621s][info][gc          ] GC(1) Major Collection (Warmup)
[2026-04-03T01:07:45.885+0600][27.621s][info][gc,task     ] GC(1) Using 3 Workers for Young Generation
[2026-04-03T01:07:45.885+0600][27.621s][info][gc,task     ] GC(1) Using 2 Workers for Old Generation
[2026-04-03T01:07:45.885+0600][27.621s][info][gc,phases   ] GC(1) Y: Young Generation
[2026-04-03T01:07:45.886+0600][27.622s][info][gc,phases   ] GC(1) Y: Pause Mark Start (Major) 0.100ms
[2026-04-03T01:07:45.893+0600][27.629s][info][gc,phases   ] GC(1) Y: Concurrent Mark 5.294ms
[2026-04-03T01:07:45.894+0600][27.630s][info][gc,phases   ] GC(1) Y: Pause Mark End 0.019ms
[2026-04-03T01:07:45.894+0600][27.630s][info][gc,phases   ] GC(1) Y: Concurrent Mark Free 0.001ms
[2026-04-03T01:07:45.894+0600][27.630s][info][gc,phases   ] GC(1) Y: Concurrent Reset Relocation Set 0.001ms
[2026-04-03T01:07:45.898+0600][27.634s][info][gc,reloc    ] GC(1) Y: Using tenuring threshold: 1 (Computed)
[2026-04-03T01:07:45.898+0600][27.634s][info][gc,phases   ] GC(1) Y: Concurrent Select Relocation Set 4.575ms
[2026-04-03T01:07:45.898+0600][27.634s][info][gc,phases   ] GC(1) Y: Pause Relocate Start 0.013ms
[2026-04-03T01:07:45.925+0600][27.661s][info][gc,phases   ] GC(1) Y: Concurrent Relocate 26.087ms
[2026-04-03T01:07:45.925+0600][27.661s][info][gc,alloc    ] GC(1) Y:                         Mark Start        Mark End      Relocate Start    Relocate End   
[2026-04-03T01:07:45.925+0600][27.661s][info][gc,alloc    ] GC(1) Y: Allocation Stalls:          0                0                0                0         
[2026-04-03T01:07:45.925+0600][27.661s][info][gc,load     ] GC(1) Y: Load: 5.59 (47%) / 7.55 (63%) / 4.64 (39%)
[2026-04-03T01:07:45.925+0600][27.661s][info][gc,mmu      ] GC(1) Y: MMU: 2ms/95.0%, 5ms/98.0%, 10ms/98.8%, 20ms/99.3%, 50ms/99.7%, 100ms/99.9%
[2026-04-03T01:07:45.925+0600][27.661s][info][gc,marking  ] GC(1) Y: Mark: 2 stripe(s), 2 proactive flush(es), 1 terminate flush(es), 0 completion(s), 0 continuation(s) 
[2026-04-03T01:07:45.925+0600][27.661s][info][gc,marking  ] GC(1) Y: Mark Stack Usage: 32M
[2026-04-03T01:07:45.925+0600][27.661s][info][gc,nmethod  ] GC(1) Y: NMethods: 1703 registered, 0 unregistered
[2026-04-03T01:07:45.925+0600][27.661s][info][gc,metaspace] GC(1) Y: Metaspace: 7M used, 7M committed, 1088M reserved
[2026-04-03T01:07:45.925+0600][27.661s][info][gc,reloc    ] GC(1) Y:                        Candidates     Selected     In-Place         Size        Empty    Relocated 
[2026-04-03T01:07:45.925+0600][27.661s][info][gc,reloc    ] GC(1) Y: Small Pages:                  142          135            0         284M           4M           6M 
[2026-04-03T01:07:45.925+0600][27.661s][info][gc,reloc    ] GC(1) Y: Medium Pages:                   2            1            0          64M           0M           5M 
[2026-04-03T01:07:45.925+0600][27.661s][info][gc,reloc    ] GC(1) Y: Large Pages:                    0            0            0           0M           0M           0M 
[2026-04-03T01:07:45.925+0600][27.661s][info][gc,reloc    ] GC(1) Y: Forwarding Usage: 0M
[2026-04-03T01:07:45.925+0600][27.661s][info][gc,reloc    ] GC(1) Y: Age Table:
[2026-04-03T01:07:45.925+0600][27.661s][info][gc,reloc    ] GC(1) Y:                    Live             Garbage             Small              Medium             Large        
[2026-04-03T01:07:45.925+0600][27.661s][info][gc,reloc    ] GC(1) Y: Eden              13M (0%)          334M (9%)         142 / 135            2 / 1              0 / 0        
[2026-04-03T01:07:45.925+0600][27.661s][info][gc,heap     ] GC(1) Y: Min Capacity: 8M(0%)
[2026-04-03T01:07:45.925+0600][27.661s][info][gc,heap     ] GC(1) Y: Max Capacity: 3922M(100%)
[2026-04-03T01:07:45.925+0600][27.661s][info][gc,heap     ] GC(1) Y: Soft Max Capacity: 3529M(90%)
[2026-04-03T01:07:45.925+0600][27.661s][info][gc,heap     ] GC(1) Y: Heap Statistics:
[2026-04-03T01:07:45.925+0600][27.661s][info][gc,heap     ] GC(1) Y:                Mark Start          Mark End        Relocate Start      Relocate End           High               Low         
[2026-04-03T01:07:45.925+0600][27.661s][info][gc,heap     ] GC(1) Y:  Capacity:      354M (9%)          356M (9%)          356M (9%)          420M (11%)         420M (11%)         354M (9%)     
[2026-04-03T01:07:45.925+0600][27.661s][info][gc,heap     ] GC(1) Y:      Free:     3568M (91%)        3566M (91%)        3570M (91%)        3838M (98%)        3838M (98%)        3534M (90%)    
[2026-04-03T01:07:45.925+0600][27.661s][info][gc,heap     ] GC(1) Y:      Used:      354M (9%)          356M (9%)          352M (9%)           84M (2%)          388M (10%)          84M (2%)     
[2026-04-03T01:07:45.925+0600][27.661s][info][gc,heap     ] GC(1) Y: Young Generation Statistics:
[2026-04-03T01:07:45.925+0600][27.661s][info][gc,heap     ] GC(1) Y:                Mark Start          Mark End        Relocate Start      Relocate End    
[2026-04-03T01:07:45.925+0600][27.661s][info][gc,heap     ] GC(1) Y:      Used:      348M (9%)          350M (9%)          346M (9%)           78M (2%)     
[2026-04-03T01:07:45.925+0600][27.661s][info][gc,heap     ] GC(1) Y:      Live:         -                13M (0%)           13M (0%)           13M (0%)     
[2026-04-03T01:07:45.925+0600][27.661s][info][gc,heap     ] GC(1) Y:   Garbage:         -               334M (9%)          330M (8%)            1M (0%)     
[2026-04-03T01:07:45.925+0600][27.661s][info][gc,heap     ] GC(1) Y: Allocated:         -                 2M (0%)            2M (0%)           63M (2%)     
[2026-04-03T01:07:45.925+0600][27.661s][info][gc,heap     ] GC(1) Y: Reclaimed:         -                  -                 4M (0%)          333M (8%)     
[2026-04-03T01:07:45.925+0600][27.661s][info][gc,heap     ] GC(1) Y:  Promoted:         -                  -                 0M (0%)            0M (0%)     
[2026-04-03T01:07:45.925+0600][27.661s][info][gc,heap     ] GC(1) Y: Compacted:         -                  -                  -                12M (0%)     
[2026-04-03T01:07:45.925+0600][27.661s][info][gc,phases   ] GC(1) Y: Young Generation 354M(9%)->84M(2%) 0.039s
[2026-04-03T01:07:45.925+0600][27.661s][info][gc,phases   ] GC(1) O: Old Generation
[2026-04-03T01:07:45.932+0600][27.667s][info][gc,phases   ] GC(1) O: Concurrent Mark 6.543ms
[2026-04-03T01:07:45.932+0600][27.668s][info][gc,phases   ] GC(1) O: Pause Mark End 0.035ms
[2026-04-03T01:07:45.932+0600][27.668s][info][gc,phases   ] GC(1) O: Concurrent Mark Free 0.001ms
[2026-04-03T01:07:45.936+0600][27.672s][info][gc,phases   ] GC(1) O: Concurrent Process Non-Strong 4.024ms
[2026-04-03T01:07:45.936+0600][27.672s][info][gc,phases   ] GC(1) O: Concurrent Reset Relocation Set 0.003ms
[2026-04-03T01:07:45.941+0600][27.677s][info][gc,phases   ] GC(1) O: Concurrent Select Relocation Set 4.833ms
[2026-04-03T01:07:45.941+0600][27.677s][info][gc,task     ] GC(1) O: Using 3 Workers for Old Generation
[2026-04-03T01:07:45.956+0600][27.692s][info][gc,task     ] GC(1) O: Using 2 Workers for Old Generation
[2026-04-03T01:07:45.956+0600][27.692s][info][gc,phases   ] GC(1) O: Concurrent Remap Roots 15.295ms
[2026-04-03T01:07:45.956+0600][27.692s][info][gc,phases   ] GC(1) O: Pause Relocate Start 0.028ms
[2026-04-03T01:07:45.959+0600][27.695s][info][gc,phases   ] GC(1) O: Concurrent Relocate 2.269ms
[2026-04-03T01:07:45.959+0600][27.695s][info][gc,alloc    ] GC(1) O:                         Mark Start        Mark End      Relocate Start    Relocate End   
[2026-04-03T01:07:45.959+0600][27.695s][info][gc,alloc    ] GC(1) O: Allocation Stalls:          0                0                0                0         
[2026-04-03T01:07:45.959+0600][27.695s][info][gc,load     ] GC(1) O: Load: 5.59 (47%) / 7.55 (63%) / 4.64 (39%)
[2026-04-03T01:07:45.959+0600][27.695s][info][gc,mmu      ] GC(1) O: MMU: 2ms/95.0%, 5ms/98.0%, 10ms/98.8%, 20ms/99.3%, 50ms/99.7%, 100ms/99.8%
[2026-04-03T01:07:45.959+0600][27.695s][info][gc,marking  ] GC(1) O: Mark: 2 stripe(s), 2 proactive flush(es), 1 terminate flush(es), 0 completion(s), 0 continuation(s) 
[2026-04-03T01:07:45.959+0600][27.695s][info][gc,marking  ] GC(1) O: Mark Stack Usage: 32M
[2026-04-03T01:07:45.959+0600][27.695s][info][gc,nmethod  ] GC(1) O: NMethods: 1467 registered, 238 unregistered
[2026-04-03T01:07:45.959+0600][27.695s][info][gc,metaspace] GC(1) O: Metaspace: 7M used, 7M committed, 1088M reserved
[2026-04-03T01:07:45.959+0600][27.695s][info][gc,ref      ] GC(1) O:                       Encountered   Discovered     Enqueued 
[2026-04-03T01:07:45.959+0600][27.695s][info][gc,ref      ] GC(1) O: Soft References:              316            0            0 
[2026-04-03T01:07:45.959+0600][27.695s][info][gc,ref      ] GC(1) O: Weak References:              745          116            0 
[2026-04-03T01:07:45.959+0600][27.695s][info][gc,ref      ] GC(1) O: Final References:               3            3            0 
[2026-04-03T01:07:45.959+0600][27.695s][info][gc,ref      ] GC(1) O: Phantom References:            37           25            2 
[2026-04-03T01:07:45.959+0600][27.695s][info][gc,reloc    ] GC(1) O:                        Candidates     Selected     In-Place         Size        Empty    Relocated 
[2026-04-03T01:07:45.959+0600][27.695s][info][gc,reloc    ] GC(1) O: Small Pages:                    3            1            0           6M           0M           0M 
[2026-04-03T01:07:45.959+0600][27.695s][info][gc,reloc    ] GC(1) O: Medium Pages:                   0            0            0           0M           0M           0M 
[2026-04-03T01:07:45.959+0600][27.695s][info][gc,reloc    ] GC(1) O: Large Pages:                    0            0            0           0M           0M           0M 
[2026-04-03T01:07:45.959+0600][27.695s][info][gc,reloc    ] GC(1) O: Forwarding Usage: 0M
[2026-04-03T01:07:45.959+0600][27.695s][info][gc,heap     ] GC(1) O: Min Capacity: 8M(0%)
[2026-04-03T01:07:45.959+0600][27.695s][info][gc,heap     ] GC(1) O: Max Capacity: 3922M(100%)
[2026-04-03T01:07:45.959+0600][27.695s][info][gc,heap     ] GC(1) O: Soft Max Capacity: 3529M(90%)
[2026-04-03T01:07:45.959+0600][27.695s][info][gc,heap     ] GC(1) O: Heap Statistics:
[2026-04-03T01:07:45.959+0600][27.695s][info][gc,heap     ] GC(1) O:                Mark Start          Mark End        Relocate Start      Relocate End           High               Low         
[2026-04-03T01:07:45.959+0600][27.695s][info][gc,heap     ] GC(1) O:  Capacity:      354M (9%)          420M (11%)         420M (11%)         420M (11%)         420M (11%)         354M (9%)     
[2026-04-03T01:07:45.959+0600][27.695s][info][gc,heap     ] GC(1) O:      Free:     3568M (91%)        3836M (98%)        3832M (98%)        3830M (98%)        3838M (98%)        3534M (90%)    
[2026-04-03T01:07:45.959+0600][27.695s][info][gc,heap     ] GC(1) O:      Used:      354M (9%)           86M (2%)           90M (2%)           92M (2%)          388M (10%)          84M (2%)     
[2026-04-03T01:07:45.959+0600][27.695s][info][gc,heap     ] GC(1) O: Old Generation Statistics:
[2026-04-03T01:07:45.959+0600][27.695s][info][gc,heap     ] GC(1) O:                Mark Start          Mark End        Relocate Start      Relocate End    
[2026-04-03T01:07:45.959+0600][27.695s][info][gc,heap     ] GC(1) O:      Used:        6M (0%)            6M (0%)            6M (0%)            8M (0%)     
[2026-04-03T01:07:45.959+0600][27.695s][info][gc,heap     ] GC(1) O:      Live:         -                 2M (0%)            2M (0%)            2M (0%)     
[2026-04-03T01:07:45.959+0600][27.695s][info][gc,heap     ] GC(1) O:   Garbage:         -                 3M (0%)            3M (0%)            0M (0%)     
[2026-04-03T01:07:45.959+0600][27.695s][info][gc,heap     ] GC(1) O: Allocated:         -                 0M (0%)            0M (0%)            4M (0%)     
[2026-04-03T01:07:45.959+0600][27.695s][info][gc,heap     ] GC(1) O: Reclaimed:         -                  -                 0M (0%)            2M (0%)     
[2026-04-03T01:07:45.959+0600][27.695s][info][gc,heap     ] GC(1) O: Compacted:         -                  -                  -                 1M (0%)     
[2026-04-03T01:07:45.959+0600][27.695s][info][gc,phases   ] GC(1) O: Old Generation 84M(2%)->92M(2%) 0.034s
[2026-04-03T01:07:45.959+0600][27.695s][info][gc          ] GC(1) Major Collection (Warmup) 354M(9%)->92M(2%) 0.074s
[2026-04-03T01:07:48.767+0600][30.503s][info][gc          ] GC(2) Major Collection (Warmup)
[2026-04-03T01:07:48.767+0600][30.503s][info][gc,task     ] GC(2) Using 3 Workers for Young Generation
[2026-04-03T01:07:48.767+0600][30.503s][info][gc,task     ] GC(2) Using 1 Workers for Old Generation
[2026-04-03T01:07:48.767+0600][30.503s][info][gc,phases   ] GC(2) Y: Young Generation
[2026-04-03T01:07:48.767+0600][30.503s][info][gc,phases   ] GC(2) Y: Pause Mark Start (Major) 0.017ms
[2026-04-03T01:07:48.772+0600][30.508s][info][gc,phases   ] GC(2) Y: Concurrent Mark 5.000ms
[2026-04-03T01:07:48.772+0600][30.508s][info][gc,phases   ] GC(2) Y: Pause Mark End 0.016ms
[2026-04-03T01:07:48.772+0600][30.508s][info][gc,phases   ] GC(2) Y: Concurrent Mark Free 0.001ms
[2026-04-03T01:07:48.772+0600][30.508s][info][gc,phases   ] GC(2) Y: Concurrent Reset Relocation Set 0.010ms
[2026-04-03T01:07:48.775+0600][30.511s][info][gc,reloc    ] GC(2) Y: Using tenuring threshold: 2 (Computed)
[2026-04-03T01:07:48.776+0600][30.512s][info][gc,phases   ] GC(2) Y: Concurrent Select Relocation Set 3.109ms
[2026-04-03T01:07:48.776+0600][30.512s][info][gc,phases   ] GC(2) Y: Pause Relocate Start 0.012ms
[2026-04-03T01:07:48.778+0600][30.514s][info][gc,phases   ] GC(2) Y: Concurrent Relocate 1.799ms
[2026-04-03T01:07:48.778+0600][30.514s][info][gc,alloc    ] GC(2) Y:                         Mark Start        Mark End      Relocate Start    Relocate End   
[2026-04-03T01:07:48.778+0600][30.514s][info][gc,alloc    ] GC(2) Y: Allocation Stalls:          0                0                0                0         
[2026-04-03T01:07:48.778+0600][30.514s][info][gc,load     ] GC(2) Y: Load: 5.59 (47%) / 7.55 (63%) / 4.64 (39%)
[2026-04-03T01:07:48.778+0600][30.514s][info][gc,mmu      ] GC(2) Y: MMU: 2ms/95.0%, 5ms/98.0%, 10ms/98.8%, 20ms/99.3%, 50ms/99.7%, 100ms/99.8%
[2026-04-03T01:07:48.778+0600][30.514s][info][gc,marking  ] GC(2) Y: Mark: 2 stripe(s), 3 proactive flush(es), 1 terminate flush(es), 0 completion(s), 0 continuation(s) 
[2026-04-03T01:07:48.778+0600][30.514s][info][gc,marking  ] GC(2) Y: Mark Stack Usage: 32M
[2026-04-03T01:07:48.778+0600][30.514s][info][gc,nmethod  ] GC(2) Y: NMethods: 2349 registered, 238 unregistered
[2026-04-03T01:07:48.778+0600][30.514s][info][gc,metaspace] GC(2) Y: Metaspace: 8M used, 8M committed, 1088M reserved
[2026-04-03T01:07:48.778+0600][30.514s][info][gc,reloc    ] GC(2) Y:                        Candidates     Selected     In-Place         Size        Empty    Relocated 
[2026-04-03T01:07:48.778+0600][30.514s][info][gc,reloc    ] GC(2) Y: Small Pages:                  282          124            0         564M         308M           5M 
[2026-04-03T01:07:48.778+0600][30.514s][info][gc,reloc    ] GC(2) Y: Medium Pages:                   4            1            0         128M          64M           3M 
[2026-04-03T01:07:48.778+0600][30.514s][info][gc,reloc    ] GC(2) Y: Large Pages:                    1            0            0           6M           6M           0M 
[2026-04-03T01:07:48.778+0600][30.514s][info][gc,reloc    ] GC(2) Y: Forwarding Usage: 0M
[2026-04-03T01:07:48.778+0600][30.514s][info][gc,reloc    ] GC(2) Y: Age Table:
[2026-04-03T01:07:48.778+0600][30.514s][info][gc,reloc    ] GC(2) Y:                    Live             Garbage             Small              Medium             Large        
[2026-04-03T01:07:48.778+0600][30.514s][info][gc,reloc    ] GC(2) Y: Eden               9M (0%)          612M (16%)        276 / 119            2 / 1              1 / 0        
[2026-04-03T01:07:48.778+0600][30.514s][info][gc,reloc    ] GC(2) Y: Survivor 1         1M (0%)           74M (2%)           6 / 5              2 / 0              0 / 0        
[2026-04-03T01:07:48.778+0600][30.514s][info][gc,heap     ] GC(2) Y: Min Capacity: 8M(0%)
[2026-04-03T01:07:48.778+0600][30.514s][info][gc,heap     ] GC(2) Y: Max Capacity: 3922M(100%)
[2026-04-03T01:07:48.778+0600][30.514s][info][gc,heap     ] GC(2) Y: Soft Max Capacity: 3529M(90%)
[2026-04-03T01:07:48.778+0600][30.514s][info][gc,heap     ] GC(2) Y: Heap Statistics:
[2026-04-03T01:07:48.778+0600][30.514s][info][gc,heap     ] GC(2) Y:                Mark Start          Mark End        Relocate Start      Relocate End           High               Low         
[2026-04-03T01:07:48.778+0600][30.514s][info][gc,heap     ] GC(2) Y:  Capacity:      706M (18%)         708M (18%)         708M (18%)         708M (18%)         708M (18%)         706M (18%)    
[2026-04-03T01:07:48.778+0600][30.514s][info][gc,heap     ] GC(2) Y:      Free:     3216M (82%)        3214M (82%)        3592M (92%)        3832M (98%)        3832M (98%)        3214M (82%)    
[2026-04-03T01:07:48.778+0600][30.514s][info][gc,heap     ] GC(2) Y:      Used:      706M (18%)         708M (18%)         330M (8%)           90M (2%)          708M (18%)          90M (2%)     
[2026-04-03T01:07:48.778+0600][30.514s][info][gc,heap     ] GC(2) Y: Young Generation Statistics:
[2026-04-03T01:07:48.778+0600][30.514s][info][gc,heap     ] GC(2) Y:                Mark Start          Mark End        Relocate Start      Relocate End    
[2026-04-03T01:07:48.778+0600][30.514s][info][gc,heap     ] GC(2) Y:      Used:      698M (18%)         700M (18%)         322M (8%)           82M (2%)     
[2026-04-03T01:07:48.778+0600][30.514s][info][gc,heap     ] GC(2) Y:      Live:         -                11M (0%)           11M (0%)           11M (0%)     
[2026-04-03T01:07:48.778+0600][30.514s][info][gc,heap     ] GC(2) Y:   Garbage:         -               686M (18%)         308M (8%)            5M (0%)     
[2026-04-03T01:07:48.778+0600][30.514s][info][gc,heap     ] GC(2) Y: Allocated:         -                 2M (0%)            2M (0%)           65M (2%)     
[2026-04-03T01:07:48.778+0600][30.514s][info][gc,heap     ] GC(2) Y: Reclaimed:         -                  -               378M (10%)         681M (17%)    
[2026-04-03T01:07:48.778+0600][30.514s][info][gc,heap     ] GC(2) Y:  Promoted:         -                  -                 0M (0%)            0M (0%)     
[2026-04-03T01:07:48.778+0600][30.514s][info][gc,heap     ] GC(2) Y: Compacted:         -                  -                  -                14M (0%)     
[2026-04-03T01:07:48.778+0600][30.514s][info][gc,phases   ] GC(2) Y: Young Generation 706M(18%)->90M(2%) 0.011s
[2026-04-03T01:07:48.778+0600][30.514s][info][gc,phases   ] GC(2) O: Old Generation
[2026-04-03T01:07:48.787+0600][30.523s][info][gc,phases   ] GC(2) O: Concurrent Mark 8.765ms
[2026-04-03T01:07:48.787+0600][30.523s][info][gc,phases   ] GC(2) O: Pause Mark End 0.019ms
[2026-04-03T01:07:48.787+0600][30.523s][info][gc,phases   ] GC(2) O: Concurrent Mark Free 0.001ms
[2026-04-03T01:07:48.793+0600][30.529s][info][gc,phases   ] GC(2) O: Concurrent Process Non-Strong 5.996ms
[2026-04-03T01:07:48.793+0600][30.529s][info][gc,phases   ] GC(2) O: Concurrent Reset Relocation Set 0.001ms
[2026-04-03T01:07:48.796+0600][30.532s][info][gc,phases   ] GC(2) O: Concurrent Select Relocation Set 2.337ms
[2026-04-03T01:07:48.796+0600][30.532s][info][gc,task     ] GC(2) O: Using 3 Workers for Old Generation
[2026-04-03T01:07:48.810+0600][30.546s][info][gc,task     ] GC(2) O: Using 1 Workers for Old Generation
[2026-04-03T01:07:48.810+0600][30.546s][info][gc,phases   ] GC(2) O: Concurrent Remap Roots 13.985ms
[2026-04-03T01:07:48.810+0600][30.546s][info][gc,phases   ] GC(2) O: Pause Relocate Start 0.016ms
[2026-04-03T01:07:48.812+0600][30.548s][info][gc,phases   ] GC(2) O: Concurrent Relocate 2.451ms
[2026-04-03T01:07:48.812+0600][30.548s][info][gc,alloc    ] GC(2) O:                         Mark Start        Mark End      Relocate Start    Relocate End   
[2026-04-03T01:07:48.812+0600][30.548s][info][gc,alloc    ] GC(2) O: Allocation Stalls:          0                0                0                0         
[2026-04-03T01:07:48.812+0600][30.548s][info][gc,load     ] GC(2) O: Load: 5.59 (47%) / 7.55 (63%) / 4.64 (39%)
[2026-04-03T01:07:48.813+0600][30.548s][info][gc,mmu      ] GC(2) O: MMU: 2ms/95.0%, 5ms/98.0%, 10ms/98.8%, 20ms/99.3%, 50ms/99.7%, 100ms/99.8%
[2026-04-03T01:07:48.813+0600][30.548s][info][gc,marking  ] GC(2) O: Mark: 1 stripe(s), 2 proactive flush(es), 1 terminate flush(es), 0 completion(s), 0 continuation(s) 
[2026-04-03T01:07:48.813+0600][30.548s][info][gc,marking  ] GC(2) O: Mark Stack Usage: 32M
[2026-04-03T01:07:48.813+0600][30.548s][info][gc,nmethod  ] GC(2) O: NMethods: 1981 registered, 606 unregistered
[2026-04-03T01:07:48.813+0600][30.548s][info][gc,metaspace] GC(2) O: Metaspace: 8M used, 8M committed, 1088M reserved
[2026-04-03T01:07:48.813+0600][30.548s][info][gc,ref      ] GC(2) O:                       Encountered   Discovered     Enqueued 
[2026-04-03T01:07:48.813+0600][30.548s][info][gc,ref      ] GC(2) O: Soft References:              360            0            0 
[2026-04-03T01:07:48.813+0600][30.549s][info][gc,ref      ] GC(2) O: Weak References:              883           98            0 
[2026-04-03T01:07:48.813+0600][30.549s][info][gc,ref      ] GC(2) O: Final References:               3            1            0 
[2026-04-03T01:07:48.813+0600][30.549s][info][gc,ref      ] GC(2) O: Phantom References:            35           13            0 
[2026-04-03T01:07:48.813+0600][30.549s][info][gc,reloc    ] GC(2) O:                        Candidates     Selected     In-Place         Size        Empty    Relocated 
[2026-04-03T01:07:48.813+0600][30.549s][info][gc,reloc    ] GC(2) O: Small Pages:                    4            2            0           8M           0M           1M 
[2026-04-03T01:07:48.813+0600][30.549s][info][gc,reloc    ] GC(2) O: Medium Pages:                   0            0            0           0M           0M           0M 
[2026-04-03T01:07:48.813+0600][30.549s][info][gc,reloc    ] GC(2) O: Large Pages:                    0            0            0           0M           0M           0M 
[2026-04-03T01:07:48.813+0600][30.549s][info][gc,reloc    ] GC(2) O: Forwarding Usage: 0M
[2026-04-03T01:07:48.813+0600][30.549s][info][gc,heap     ] GC(2) O: Min Capacity: 8M(0%)
[2026-04-03T01:07:48.813+0600][30.549s][info][gc,heap     ] GC(2) O: Max Capacity: 3922M(100%)
[2026-04-03T01:07:48.813+0600][30.549s][info][gc,heap     ] GC(2) O: Soft Max Capacity: 3529M(90%)
[2026-04-03T01:07:48.813+0600][30.549s][info][gc,heap     ] GC(2) O: Heap Statistics:
[2026-04-03T01:07:48.813+0600][30.549s][info][gc,heap     ] GC(2) O:                Mark Start          Mark End        Relocate Start      Relocate End           High               Low         
[2026-04-03T01:07:48.813+0600][30.549s][info][gc,heap     ] GC(2) O:  Capacity:      706M (18%)         708M (18%)         708M (18%)         708M (18%)         708M (18%)         706M (18%)    
[2026-04-03T01:07:48.813+0600][30.549s][info][gc,heap     ] GC(2) O:      Free:     3216M (82%)        3830M (98%)        3826M (98%)        3828M (98%)        3832M (98%)        3214M (82%)    
[2026-04-03T01:07:48.813+0600][30.549s][info][gc,heap     ] GC(2) O:      Used:      706M (18%)          92M (2%)           96M (2%)           94M (2%)          708M (18%)          90M (2%)     
[2026-04-03T01:07:48.813+0600][30.549s][info][gc,heap     ] GC(2) O: Old Generation Statistics:
[2026-04-03T01:07:48.813+0600][30.549s][info][gc,heap     ] GC(2) O:                Mark Start          Mark End        Relocate Start      Relocate End    
[2026-04-03T01:07:48.813+0600][30.549s][info][gc,heap     ] GC(2) O:      Used:        8M (0%)            8M (0%)            8M (0%)            6M (0%)     
[2026-04-03T01:07:48.813+0600][30.549s][info][gc,heap     ] GC(2) O:      Live:         -                 2M (0%)            2M (0%)            2M (0%)     
[2026-04-03T01:07:48.813+0600][30.549s][info][gc,heap     ] GC(2) O:   Garbage:         -                 5M (0%)            5M (0%)            0M (0%)     
[2026-04-03T01:07:48.813+0600][30.549s][info][gc,heap     ] GC(2) O: Allocated:         -                 0M (0%)            0M (0%)            2M (0%)     
[2026-04-03T01:07:48.813+0600][30.549s][info][gc,heap     ] GC(2) O: Reclaimed:         -                  -                 0M (0%)            4M (0%)     
[2026-04-03T01:07:48.813+0600][30.549s][info][gc,heap     ] GC(2) O: Compacted:         -                  -                  -                 1M (0%)     
[2026-04-03T01:07:48.813+0600][30.549s][info][gc,phases   ] GC(2) O: Old Generation 90M(2%)->94M(2%) 0.034s
[2026-04-03T01:07:48.813+0600][30.549s][info][gc          ] GC(2) Major Collection (Warmup) 706M(18%)->94M(2%) 0.046s
[2026-04-03T01:07:52.846+0600][34.582s][info][gc          ] GC(3) Major Collection (Warmup)
[2026-04-03T01:07:52.846+0600][34.582s][info][gc,task     ] GC(3) Using 3 Workers for Young Generation
[2026-04-03T01:07:52.846+0600][34.582s][info][gc,task     ] GC(3) Using 1 Workers for Old Generation
[2026-04-03T01:07:52.846+0600][34.582s][info][gc,phases   ] GC(3) Y: Young Generation
[2026-04-03T01:07:52.846+0600][34.582s][info][gc,phases   ] GC(3) Y: Pause Mark Start (Major) 0.019ms
[2026-04-03T01:07:52.853+0600][34.588s][info][gc,phases   ] GC(3) Y: Concurrent Mark 6.092ms
[2026-04-03T01:07:52.853+0600][34.589s][info][gc,phases   ] GC(3) Y: Pause Mark End 0.063ms
[2026-04-03T01:07:52.853+0600][34.589s][info][gc,phases   ] GC(3) Y: Concurrent Mark Free 0.001ms
[2026-04-03T01:07:52.853+0600][34.589s][info][gc,phases   ] GC(3) Y: Concurrent Reset Relocation Set 0.012ms
[2026-04-03T01:07:52.858+0600][34.594s][info][gc,reloc    ] GC(3) Y: Using tenuring threshold: 3 (Computed)
[2026-04-03T01:07:52.858+0600][34.594s][info][gc,phases   ] GC(3) Y: Concurrent Select Relocation Set 5.339ms
[2026-04-03T01:07:52.858+0600][34.594s][info][gc,phases   ] GC(3) Y: Pause Relocate Start 0.021ms
[2026-04-03T01:07:52.860+0600][34.596s][info][gc,phases   ] GC(3) Y: Concurrent Relocate 1.159ms
[2026-04-03T01:07:52.860+0600][34.596s][info][gc,alloc    ] GC(3) Y:                         Mark Start        Mark End      Relocate Start    Relocate End   
[2026-04-03T01:07:52.860+0600][34.596s][info][gc,alloc    ] GC(3) Y: Allocation Stalls:          0                0                0                0         
[2026-04-03T01:07:52.860+0600][34.596s][info][gc,load     ] GC(3) Y: Load: 5.22 (44%) / 7.44 (62%) / 4.62 (38%)
[2026-04-03T01:07:52.860+0600][34.596s][info][gc,mmu      ] GC(3) Y: MMU: 2ms/95.0%, 5ms/98.0%, 10ms/98.8%, 20ms/99.3%, 50ms/99.7%, 100ms/99.8%
[2026-04-03T01:07:52.860+0600][34.596s][info][gc,marking  ] GC(3) Y: Mark: 2 stripe(s), 2 proactive flush(es), 1 terminate flush(es), 0 completion(s), 0 continuation(s) 
[2026-04-03T01:07:52.860+0600][34.596s][info][gc,marking  ] GC(3) Y: Mark Stack Usage: 32M
[2026-04-03T01:07:52.860+0600][34.596s][info][gc,nmethod  ] GC(3) Y: NMethods: 2464 registered, 0 unregistered
[2026-04-03T01:07:52.860+0600][34.596s][info][gc,metaspace] GC(3) Y: Metaspace: 9M used, 9M committed, 1088M reserved
[2026-04-03T01:07:52.860+0600][34.596s][info][gc,reloc    ] GC(3) Y:                        Candidates     Selected     In-Place         Size        Empty    Relocated 
[2026-04-03T01:07:52.860+0600][34.596s][info][gc,reloc    ] GC(3) Y: Small Pages:                  460           58            0         920M         800M           1M 
[2026-04-03T01:07:52.860+0600][34.596s][info][gc,reloc    ] GC(3) Y: Medium Pages:                   4            0            0         128M         128M           0M 
[2026-04-03T01:07:52.860+0600][34.596s][info][gc,reloc    ] GC(3) Y: Large Pages:                    1            0            0           6M           6M           0M 
[2026-04-03T01:07:52.860+0600][34.596s][info][gc,reloc    ] GC(3) Y: Forwarding Usage: 0M
[2026-04-03T01:07:52.860+0600][34.596s][info][gc,reloc    ] GC(3) Y: Age Table:
[2026-04-03T01:07:52.860+0600][34.596s][info][gc,reloc    ] GC(3) Y:                    Live             Garbage             Small              Medium             Large        
[2026-04-03T01:07:52.860+0600][34.596s][info][gc,reloc    ] GC(3) Y: Eden               0M (0%)          973M (25%)        452 / 51             2 / 0              1 / 0        
[2026-04-03T01:07:52.860+0600][34.596s][info][gc,reloc    ] GC(3) Y: Survivor 1         0M (0%)           71M (2%)           4 / 4              2 / 0              0 / 0        
[2026-04-03T01:07:52.860+0600][34.596s][info][gc,reloc    ] GC(3) Y: Survivor 2         1M (0%)            6M (0%)           4 / 3              0 / 0              0 / 0        
[2026-04-03T01:07:52.860+0600][34.596s][info][gc,heap     ] GC(3) Y: Min Capacity: 8M(0%)
[2026-04-03T01:07:52.860+0600][34.596s][info][gc,heap     ] GC(3) Y: Max Capacity: 3922M(100%)
[2026-04-03T01:07:52.860+0600][34.596s][info][gc,heap     ] GC(3) Y: Soft Max Capacity: 3529M(90%)
[2026-04-03T01:07:52.860+0600][34.596s][info][gc,heap     ] GC(3) Y: Heap Statistics:
[2026-04-03T01:07:52.860+0600][34.596s][info][gc,heap     ] GC(3) Y:                Mark Start          Mark End        Relocate Start      Relocate End           High               Low         
[2026-04-03T01:07:52.860+0600][34.596s][info][gc,heap     ] GC(3) Y:  Capacity:     1060M (27%)        1062M (27%)        1062M (27%)        1062M (27%)        1062M (27%)        1060M (27%)    
[2026-04-03T01:07:52.860+0600][34.596s][info][gc,heap     ] GC(3) Y:      Free:     2862M (73%)        2860M (73%)        3792M (97%)        3888M (99%)        3888M (99%)        2860M (73%)    
[2026-04-03T01:07:52.860+0600][34.596s][info][gc,heap     ] GC(3) Y:      Used:     1060M (27%)        1062M (27%)         130M (3%)           34M (1%)         1062M (27%)          34M (1%)     
[2026-04-03T01:07:52.860+0600][34.596s][info][gc,heap     ] GC(3) Y: Young Generation Statistics:
[2026-04-03T01:07:52.860+0600][34.596s][info][gc,heap     ] GC(3) Y:                Mark Start          Mark End        Relocate Start      Relocate End    
[2026-04-03T01:07:52.860+0600][34.596s][info][gc,heap     ] GC(3) Y:      Used:     1054M (27%)        1056M (27%)         124M (3%)           28M (1%)     
[2026-04-03T01:07:52.860+0600][34.596s][info][gc,heap     ] GC(3) Y:      Live:         -                 2M (0%)            2M (0%)            2M (0%)     
[2026-04-03T01:07:52.860+0600][34.596s][info][gc,heap     ] GC(3) Y:   Garbage:         -              1051M (27%)         117M (3%)            1M (0%)     
[2026-04-03T01:07:52.860+0600][34.596s][info][gc,heap     ] GC(3) Y: Allocated:         -                 2M (0%)            4M (0%)           24M (1%)     
[2026-04-03T01:07:52.860+0600][34.596s][info][gc,heap     ] GC(3) Y: Reclaimed:         -                  -               934M (24%)        1050M (27%)    
[2026-04-03T01:07:52.860+0600][34.596s][info][gc,heap     ] GC(3) Y:  Promoted:         -                  -                 0M (0%)            0M (0%)     
[2026-04-03T01:07:52.860+0600][34.596s][info][gc,heap     ] GC(3) Y: Compacted:         -                  -                  -                 1M (0%)     
[2026-04-03T01:07:52.860+0600][34.596s][info][gc,phases   ] GC(3) Y: Young Generation 1060M(27%)->34M(1%) 0.014s
[2026-04-03T01:07:52.860+0600][34.596s][info][gc,phases   ] GC(3) O: Old Generation
[2026-04-03T01:07:52.869+0600][34.605s][info][gc,phases   ] GC(3) O: Concurrent Mark 9.180ms
[2026-04-03T01:07:52.870+0600][34.605s][info][gc,phases   ] GC(3) O: Pause Mark End 0.022ms
[2026-04-03T01:07:52.870+0600][34.606s][info][gc,phases   ] GC(3) O: Concurrent Mark Free 0.002ms
[2026-04-03T01:07:52.877+0600][34.613s][info][gc,phases   ] GC(3) O: Concurrent Process Non-Strong 7.409ms
[2026-04-03T01:07:52.877+0600][34.613s][info][gc,phases   ] GC(3) O: Concurrent Reset Relocation Set 0.002ms
[2026-04-03T01:07:52.882+0600][34.618s][info][gc,phases   ] GC(3) O: Concurrent Select Relocation Set 4.980ms
[2026-04-03T01:07:52.882+0600][34.618s][info][gc,task     ] GC(3) O: Using 3 Workers for Old Generation
[2026-04-03T01:07:52.897+0600][34.633s][info][gc,task     ] GC(3) O: Using 1 Workers for Old Generation
[2026-04-03T01:07:52.897+0600][34.633s][info][gc,phases   ] GC(3) O: Concurrent Remap Roots 14.715ms
[2026-04-03T01:07:52.897+0600][34.633s][info][gc,phases   ] GC(3) O: Pause Relocate Start 0.020ms
[2026-04-03T01:07:52.901+0600][34.637s][info][gc,phases   ] GC(3) O: Concurrent Relocate 3.570ms
[2026-04-03T01:07:52.901+0600][34.637s][info][gc,alloc    ] GC(3) O:                         Mark Start        Mark End      Relocate Start    Relocate End   
[2026-04-03T01:07:52.901+0600][34.637s][info][gc,alloc    ] GC(3) O: Allocation Stalls:          0                0                0                0         
[2026-04-03T01:07:52.901+0600][34.637s][info][gc,load     ] GC(3) O: Load: 5.22 (44%) / 7.44 (62%) / 4.62 (38%)
[2026-04-03T01:07:52.901+0600][34.637s][info][gc,mmu      ] GC(3) O: MMU: 2ms/95.0%, 5ms/98.0%, 10ms/98.8%, 20ms/99.3%, 50ms/99.7%, 100ms/99.8%
[2026-04-03T01:07:52.901+0600][34.637s][info][gc,marking  ] GC(3) O: Mark: 1 stripe(s), 2 proactive flush(es), 1 terminate flush(es), 0 completion(s), 0 continuation(s) 
[2026-04-03T01:07:52.901+0600][34.637s][info][gc,marking  ] GC(3) O: Mark Stack Usage: 32M
[2026-04-03T01:07:52.901+0600][34.637s][info][gc,nmethod  ] GC(3) O: NMethods: 2216 registered, 251 unregistered
[2026-04-03T01:07:52.901+0600][34.637s][info][gc,metaspace] GC(3) O: Metaspace: 9M used, 9M committed, 1088M reserved
[2026-04-03T01:07:52.901+0600][34.637s][info][gc,ref      ] GC(3) O:                       Encountered   Discovered     Enqueued 
[2026-04-03T01:07:52.901+0600][34.637s][info][gc,ref      ] GC(3) O: Soft References:              377            0            0 
[2026-04-03T01:07:52.901+0600][34.637s][info][gc,ref      ] GC(3) O: Weak References:              976           76            0 
[2026-04-03T01:07:52.901+0600][34.637s][info][gc,ref      ] GC(3) O: Final References:               3            1            0 
[2026-04-03T01:07:52.901+0600][34.637s][info][gc,ref      ] GC(3) O: Phantom References:            37           13            0 
[2026-04-03T01:07:52.901+0600][34.637s][info][gc,reloc    ] GC(3) O:                        Candidates     Selected     In-Place         Size        Empty    Relocated 
[2026-04-03T01:07:52.901+0600][34.637s][info][gc,reloc    ] GC(3) O: Small Pages:                    3            1            0           6M           0M           1M 
[2026-04-03T01:07:52.901+0600][34.637s][info][gc,reloc    ] GC(3) O: Medium Pages:                   0            0            0           0M           0M           0M 
[2026-04-03T01:07:52.901+0600][34.637s][info][gc,reloc    ] GC(3) O: Large Pages:                    0            0            0           0M           0M           0M 
[2026-04-03T01:07:52.901+0600][34.637s][info][gc,reloc    ] GC(3) O: Forwarding Usage: 0M
[2026-04-03T01:07:52.901+0600][34.637s][info][gc,heap     ] GC(3) O: Min Capacity: 8M(0%)
[2026-04-03T01:07:52.901+0600][34.637s][info][gc,heap     ] GC(3) O: Max Capacity: 3922M(100%)
[2026-04-03T01:07:52.901+0600][34.637s][info][gc,heap     ] GC(3) O: Soft Max Capacity: 3529M(90%)
[2026-04-03T01:07:52.901+0600][34.637s][info][gc,heap     ] GC(3) O: Heap Statistics:
[2026-04-03T01:07:52.901+0600][34.637s][info][gc,heap     ] GC(3) O:                Mark Start          Mark End        Relocate Start      Relocate End           High               Low         
[2026-04-03T01:07:52.901+0600][34.637s][info][gc,heap     ] GC(3) O:  Capacity:     1060M (27%)        1062M (27%)        1062M (27%)        1062M (27%)        1062M (27%)        1060M (27%)    
[2026-04-03T01:07:52.901+0600][34.637s][info][gc,heap     ] GC(3) O:      Free:     2862M (73%)        3884M (99%)        3876M (99%)        3874M (99%)        3888M (99%)        2860M (73%)    
[2026-04-03T01:07:52.901+0600][34.637s][info][gc,heap     ] GC(3) O:      Used:     1060M (27%)          38M (1%)           46M (1%)           48M (1%)         1062M (27%)          34M (1%)     
[2026-04-03T01:07:52.901+0600][34.637s][info][gc,heap     ] GC(3) O: Old Generation Statistics:
[2026-04-03T01:07:52.901+0600][34.637s][info][gc,heap     ] GC(3) O:                Mark Start          Mark End        Relocate Start      Relocate End    
[2026-04-03T01:07:52.901+0600][34.637s][info][gc,heap     ] GC(3) O:      Used:        6M (0%)            6M (0%)            6M (0%)            8M (0%)     
[2026-04-03T01:07:52.901+0600][34.637s][info][gc,heap     ] GC(3) O:      Live:         -                 2M (0%)            2M (0%)            2M (0%)     
[2026-04-03T01:07:52.901+0600][34.637s][info][gc,heap     ] GC(3) O:   Garbage:         -                 3M (0%)            3M (0%)            0M (0%)     
[2026-04-03T01:07:52.901+0600][34.637s][info][gc,heap     ] GC(3) O: Allocated:         -                 0M (0%)            0M (0%)            4M (0%)     
[2026-04-03T01:07:52.901+0600][34.637s][info][gc,heap     ] GC(3) O: Reclaimed:         -                  -                 0M (0%)            2M (0%)     
[2026-04-03T01:07:52.901+0600][34.637s][info][gc,heap     ] GC(3) O: Compacted:         -                  -                  -                 1M (0%)     
[2026-04-03T01:07:52.901+0600][34.637s][info][gc,phases   ] GC(3) O: Old Generation 34M(1%)->48M(1%) 0.041s
[2026-04-03T01:07:52.901+0600][34.637s][info][gc          ] GC(3) Major Collection (Warmup) 1060M(27%)->48M(1%) 0.055s
[2026-04-03T01:07:53.785+0600][35.521s][info][gc,exit     ] Stopping ZGC
[2026-04-03T01:07:53.785+0600][35.521s][info][gc,stats    ] === Garbage Collection Statistics =======================================================================================================================
[2026-04-03T01:07:53.785+0600][35.521s][info][gc,stats    ]                                                              Last 10s              Last 10m              Last 10h                Total
[2026-04-03T01:07:53.785+0600][35.521s][info][gc,stats    ]                                                              Avg / Max             Avg / Max             Avg / Max             Avg / Max
[2026-04-03T01:07:53.785+0600][35.521s][info][gc,stats    ]        Contention: Mark Segment Reset Contention                     2 / 15                0 / 15                0 / 15                0 / 15          ops/s
[2026-04-03T01:07:53.785+0600][35.521s][info][gc,stats    ]        Contention: Mark SeqNum Reset Contention                      0 / 0                 0 / 0                 0 / 0                 0 / 0           ops/s
[2026-04-03T01:07:53.785+0600][35.521s][info][gc,stats    ]          Critical: Allocation Stall                                  0 / 0                 0 / 0                 0 / 0                 0 / 0           ops/s
[2026-04-03T01:07:53.785+0600][35.521s][info][gc,stats    ]          Critical: Allocation Stall                              0.000 / 0.000         0.000 / 0.000         0.000 / 0.000         0.000 / 0.000       ms
[2026-04-03T01:07:53.785+0600][35.521s][info][gc,stats    ]          Critical: JNI Critical Stall                                0 / 0                 0 / 0                 0 / 0                 0 / 0           ops/s
[2026-04-03T01:07:53.785+0600][35.521s][info][gc,stats    ]          Critical: JNI Critical Stall                            0.000 / 0.000         0.000 / 0.000         0.000 / 0.000         0.000 / 0.000       ms
[2026-04-03T01:07:53.785+0600][35.521s][info][gc,stats    ]          Critical: Relocation Stall                                  0 / 0                 0 / 0                 0 / 0                 0 / 0           ops/s
[2026-04-03T01:07:53.785+0600][35.521s][info][gc,stats    ]          Critical: Relocation Stall                              0.000 / 0.000         0.000 / 0.000         0.000 / 0.000         0.000 / 0.000       ms
[2026-04-03T01:07:53.786+0600][35.521s][info][gc,stats    ]  Major Collection: Major Collection                             54.332 / 73.828       54.332 / 73.828       54.332 / 73.828       54.332 / 73.828      ms
[2026-04-03T01:07:53.786+0600][35.521s][info][gc,stats    ]            Memory: Allocation Rate                                 224 / 314              64 / 314              64 / 314              64 / 314         MB/s
[2026-04-03T01:07:53.786+0600][35.521s][info][gc,stats    ]            Memory: Defragment                                        1 / 12                0 / 12                0 / 12                0 / 12          ops/s
[2026-04-03T01:07:53.786+0600][35.521s][info][gc,stats    ]            Memory: Out Of Memory                                     0 / 0                 0 / 0                 0 / 0                 0 / 0           ops/s
[2026-04-03T01:07:53.786+0600][35.521s][info][gc,stats    ]            Memory: Page Cache Flush                                  2 / 24                0 / 24                0 / 24                0 / 24          MB/s
[2026-04-03T01:07:53.786+0600][35.521s][info][gc,stats    ]            Memory: Page Cache Hit L1                                56 / 128              16 / 128              16 / 128              16 / 128         ops/s
[2026-04-03T01:07:53.786+0600][35.521s][info][gc,stats    ]            Memory: Page Cache Hit L2                                 0 / 0                 0 / 0                 0 / 0                 0 / 0           ops/s
[2026-04-03T01:07:53.786+0600][35.521s][info][gc,stats    ]            Memory: Page Cache Hit L3                                12 / 77                3 / 77                3 / 77                3 / 77          ops/s
[2026-04-03T01:07:53.786+0600][35.521s][info][gc,stats    ]            Memory: Page Cache Miss                                  33 / 100               9 / 100               9 / 100               9 / 100         ops/s
[2026-04-03T01:07:53.786+0600][35.522s][info][gc,stats    ]            Memory: Uncommit                                          0 / 0                 0 / 0                 0 / 0                 0 / 0           MB/s
[2026-04-03T01:07:53.786+0600][35.522s][info][gc,stats    ]            Memory: Undo Object Allocation Failed                     0 / 0                 0 / 0                 0 / 0                 0 / 0           ops/s
[2026-04-03T01:07:53.786+0600][35.522s][info][gc,stats    ]            Memory: Undo Object Allocation Succeeded                  0 / 1                 0 / 1                 0 / 1                 0 / 1           ops/s
[2026-04-03T01:07:53.786+0600][35.522s][info][gc,stats    ]            Memory: Undo Page Allocation                              0 / 0                 0 / 0                 0 / 0                 0 / 0           ops/s
[2026-04-03T01:07:53.786+0600][35.522s][info][gc,stats    ]  Minor Collection: Minor Collection                              0.000 / 0.000         0.000 / 0.000         0.000 / 0.000         0.000 / 0.000       ms
[2026-04-03T01:07:53.786+0600][35.522s][info][gc,stats    ]    Old Generation: Old Generation                               32.368 / 40.886       32.368 / 40.886       32.368 / 40.886       32.368 / 40.886      ms
[2026-04-03T01:07:53.786+0600][35.522s][info][gc,stats    ]         Old Pause: Pause Mark End                                0.023 / 0.035         0.023 / 0.035         0.023 / 0.035         0.023 / 0.035       ms
[2026-04-03T01:07:53.786+0600][35.522s][info][gc,stats    ]         Old Pause: Pause Relocate Start                          0.019 / 0.028         0.019 / 0.028         0.019 / 0.028         0.019 / 0.028       ms
[2026-04-03T01:07:53.786+0600][35.522s][info][gc,stats    ]         Old Phase: Concurrent Mark                               6.858 / 9.180         6.858 / 9.180         6.858 / 9.180         6.858 / 9.180       ms
[2026-04-03T01:07:53.786+0600][35.522s][info][gc,stats    ]         Old Phase: Concurrent Mark Continue                      0.000 / 0.000         0.000 / 0.000         0.000 / 0.000         0.000 / 0.000       ms
[2026-04-03T01:07:53.786+0600][35.522s][info][gc,stats    ]         Old Phase: Concurrent Mark Free                          0.001 / 0.002         0.001 / 0.002         0.001 / 0.002         0.001 / 0.002       ms
[2026-04-03T01:07:53.786+0600][35.522s][info][gc,stats    ]         Old Phase: Concurrent Process Non-Strong                 4.639 / 7.409         4.639 / 7.409         4.639 / 7.409         4.639 / 7.409       ms
[2026-04-03T01:07:53.786+0600][35.522s][info][gc,stats    ]         Old Phase: Concurrent Relocate                           2.669 / 3.570         2.669 / 3.570         2.669 / 3.570         2.669 / 3.570       ms
[2026-04-03T01:07:53.786+0600][35.522s][info][gc,stats    ]         Old Phase: Concurrent Remap Roots                       13.932 / 15.295       13.932 / 15.295       13.932 / 15.295       13.932 / 15.295      ms
[2026-04-03T01:07:53.786+0600][35.522s][info][gc,stats    ]         Old Phase: Concurrent Reset Relocation Set               0.001 / 0.003         0.001 / 0.003         0.001 / 0.003         0.001 / 0.003       ms
[2026-04-03T01:07:53.786+0600][35.522s][info][gc,stats    ]         Old Phase: Concurrent Select Relocation Set              3.423 / 4.980         3.423 / 4.980         3.423 / 4.980         3.423 / 4.980       ms
[2026-04-03T01:07:53.786+0600][35.522s][info][gc,stats    ]      Old Subphase: Concurrent Classes Purge                      0.399 / 0.551         0.399 / 0.551         0.399 / 0.551         0.399 / 0.551       ms
[2026-04-03T01:07:53.786+0600][35.522s][info][gc,stats    ]      Old Subphase: Concurrent Classes Unlink                     3.429 / 5.724         3.429 / 5.724         3.429 / 5.724         3.429 / 5.724       ms
[2026-04-03T01:07:53.786+0600][35.522s][info][gc,stats    ]      Old Subphase: Concurrent Mark Follow                        6.604 / 8.912         6.604 / 8.912         6.604 / 8.912         6.604 / 8.912       ms
[2026-04-03T01:07:53.786+0600][35.522s][info][gc,stats    ]      Old Subphase: Concurrent Mark Root Colored                  0.041 / 0.110         0.041 / 0.110         0.041 / 0.110         0.041 / 0.110       ms
[2026-04-03T01:07:53.786+0600][35.522s][info][gc,stats    ]      Old Subphase: Concurrent Mark Root Uncolored                0.065 / 0.134         0.065 / 0.134         0.065 / 0.134         0.065 / 0.134       ms
[2026-04-03T01:07:53.786+0600][35.522s][info][gc,stats    ]      Old Subphase: Concurrent Mark Roots                         0.250 / 0.291         0.250 / 0.291         0.250 / 0.291         0.250 / 0.291       ms
[2026-04-03T01:07:53.786+0600][35.522s][info][gc,stats    ]      Old Subphase: Concurrent References Enqueue                 0.003 / 0.008         0.003 / 0.008         0.003 / 0.008         0.003 / 0.008       ms
[2026-04-03T01:07:53.786+0600][35.522s][info][gc,stats    ]      Old Subphase: Concurrent References Process                 0.100 / 0.148         0.100 / 0.148         0.100 / 0.148         0.100 / 0.148       ms
[2026-04-03T01:07:53.786+0600][35.522s][info][gc,stats    ]      Old Subphase: Concurrent Remap Remembered                  12.625 / 13.845       12.625 / 13.845       12.625 / 13.845       12.625 / 13.845      ms
[2026-04-03T01:07:53.786+0600][35.522s][info][gc,stats    ]      Old Subphase: Concurrent Remap Roots Colored                0.605 / 1.043         0.605 / 1.043         0.605 / 1.043         0.605 / 1.043       ms
[2026-04-03T01:07:53.786+0600][35.522s][info][gc,stats    ]      Old Subphase: Concurrent Remap Roots Uncolored              0.402 / 0.680         0.402 / 0.680         0.402 / 0.680         0.402 / 0.680       ms
[2026-04-03T01:07:53.786+0600][35.522s][info][gc,stats    ]      Old Subphase: Concurrent Roots ClassLoaderDataGraph         0.383 / 0.930         0.383 / 0.930         0.383 / 0.930         0.383 / 0.930       ms
[2026-04-03T01:07:53.786+0600][35.522s][info][gc,stats    ]      Old Subphase: Concurrent Roots CodeCache                    0.398 / 0.675         0.398 / 0.675         0.398 / 0.675         0.398 / 0.675       ms
[2026-04-03T01:07:53.786+0600][35.522s][info][gc,stats    ]      Old Subphase: Concurrent Roots JavaThreads                  0.022 / 0.133         0.022 / 0.133         0.022 / 0.133         0.022 / 0.133       ms
[2026-04-03T01:07:53.786+0600][35.522s][info][gc,stats    ]      Old Subphase: Concurrent Roots OopStorageSet                0.009 / 0.024         0.009 / 0.024         0.009 / 0.024         0.009 / 0.024       ms
[2026-04-03T01:07:53.786+0600][35.522s][info][gc,stats    ]      Old Subphase: Concurrent Weak Roots OopStorageSet           0.138 / 0.597         0.138 / 0.597         0.138 / 0.597         0.138 / 0.597       ms
[2026-04-03T01:07:53.786+0600][35.522s][info][gc,stats    ]            System: Java Threads                                     10 / 12               10 / 12               10 / 12               10 / 12          threads
[2026-04-03T01:07:53.786+0600][35.522s][info][gc,stats    ]  Young Generation: Young Generation                             21.273 / 39.204       21.273 / 39.204       21.273 / 39.204       21.273 / 39.204      ms
[2026-04-03T01:07:53.786+0600][35.522s][info][gc,stats    ]  Young Generation: Young Generation                              0.000 / 0.000         0.000 / 0.000         0.000 / 0.000         0.000 / 0.000       ms
[2026-04-03T01:07:53.786+0600][35.522s][info][gc,stats    ]  Young Generation: Young Generation (Collect Roots)              4.926 / 4.926         4.926 / 4.926         4.926 / 4.926         4.926 / 4.926       ms
[2026-04-03T01:07:53.786+0600][35.522s][info][gc,stats    ]  Young Generation: Young Generation (Promote All)               16.313 / 16.313       16.313 / 16.313       16.313 / 16.313       16.313 / 16.313      ms
[2026-04-03T01:07:53.786+0600][35.522s][info][gc,stats    ]       Young Pause: Pause Mark End                                0.024 / 0.063         0.024 / 0.063         0.024 / 0.063         0.024 / 0.063       ms
[2026-04-03T01:07:53.786+0600][35.522s][info][gc,stats    ]       Young Pause: Pause Mark Start                              0.017 / 0.017         0.017 / 0.017         0.017 / 0.017         0.017 / 0.017       ms
[2026-04-03T01:07:53.786+0600][35.522s][info][gc,stats    ]       Young Pause: Pause Mark Start (Major)                      0.039 / 0.100         0.039 / 0.100         0.039 / 0.100         0.039 / 0.100       ms
[2026-04-03T01:07:53.786+0600][35.522s][info][gc,stats    ]       Young Pause: Pause Relocate Start                          0.012 / 0.021         0.012 / 0.021         0.012 / 0.021         0.012 / 0.021       ms
[2026-04-03T01:07:53.786+0600][35.522s][info][gc,stats    ]       Young Phase: Concurrent Mark                               4.502 / 6.092         4.502 / 6.092         4.502 / 6.092         4.502 / 6.092       ms
[2026-04-03T01:07:53.786+0600][35.522s][info][gc,stats    ]       Young Phase: Concurrent Mark Continue                      0.000 / 0.000         0.000 / 0.000         0.000 / 0.000         0.000 / 0.000       ms
[2026-04-03T01:07:53.786+0600][35.522s][info][gc,stats    ]       Young Phase: Concurrent Mark Free                          0.036 / 0.175         0.036 / 0.175         0.036 / 0.175         0.036 / 0.175       ms
[2026-04-03T01:07:53.786+0600][35.522s][info][gc,stats    ]       Young Phase: Concurrent Relocate                           6.748 / 26.087        6.748 / 26.087        6.748 / 26.087        6.748 / 26.087      ms
[2026-04-03T01:07:53.786+0600][35.522s][info][gc,stats    ]       Young Phase: Concurrent Reset Relocation Set               0.005 / 0.012         0.005 / 0.012         0.005 / 0.012         0.005 / 0.012       ms
[2026-04-03T01:07:53.786+0600][35.522s][info][gc,stats    ]       Young Phase: Concurrent Select Relocation Set              4.418 / 7.433         4.418 / 7.433         4.418 / 7.433         4.418 / 7.433       ms
[2026-04-03T01:07:53.786+0600][35.522s][info][gc,stats    ]    Young Subphase: Concurrent Mark Follow                        2.709 / 3.434         2.709 / 3.434         2.709 / 3.434         2.709 / 3.434       ms
[2026-04-03T01:07:53.786+0600][35.522s][info][gc,stats    ]    Young Subphase: Concurrent Mark Root Colored                  1.074 / 1.587         1.074 / 1.587         1.074 / 1.587         1.074 / 1.587       ms
[2026-04-03T01:07:53.786+0600][35.522s][info][gc,stats    ]    Young Subphase: Concurrent Mark Root Uncolored                0.538 / 0.984         0.538 / 0.984         0.538 / 0.984         0.538 / 0.984       ms
[2026-04-03T01:07:53.786+0600][35.522s][info][gc,stats    ]    Young Subphase: Concurrent Mark Roots                         1.790 / 2.658         1.790 / 2.658         1.790 / 2.658         1.790 / 2.658       ms
[2026-04-03T01:07:53.786+0600][35.522s][info][gc,stats    ]    Young Subphase: Concurrent Relocate Remset FP                 0.042 / 0.097         0.042 / 0.097         0.042 / 0.097         0.042 / 0.097       ms
[2026-04-03T01:07:53.786+0600][35.522s][info][gc,stats    ]    Young Subphase: Concurrent Roots ClassLoaderDataGraph         0.816 / 1.190         0.816 / 1.190         0.816 / 1.190         0.816 / 1.190       ms
[2026-04-03T01:07:53.786+0600][35.522s][info][gc,stats    ]    Young Subphase: Concurrent Roots CodeCache                    0.397 / 0.939         0.397 / 0.939         0.397 / 0.939         0.397 / 0.939       ms
[2026-04-03T01:07:53.786+0600][35.522s][info][gc,stats    ]    Young Subphase: Concurrent Roots JavaThreads                  0.071 / 0.693         0.071 / 0.693         0.071 / 0.693         0.071 / 0.693       ms
[2026-04-03T01:07:53.786+0600][35.522s][info][gc,stats    ]    Young Subphase: Concurrent Roots OopStorageSet                0.043 / 0.105         0.043 / 0.105         0.043 / 0.105         0.043 / 0.105       ms
[2026-04-03T01:07:53.786+0600][35.522s][info][gc,stats    ]    Young Subphase: Concurrent Weak Roots OopStorageSet           0.223 / 0.343         0.223 / 0.343         0.223 / 0.343         0.223 / 0.343       ms
[2026-04-03T01:07:53.786+0600][35.522s][info][gc,stats    ] =========================================================================================================================================================
[2026-04-03T01:07:53.786+0600][35.522s][info][gc,heap,exit] Heap
[2026-04-03T01:07:53.786+0600][35.522s][info][gc,heap,exit]  ZHeap           used 400M, capacity 1062M, max capacity 3922M
[2026-04-03T01:07:53.786+0600][35.522s][info][gc,heap,exit]  Metaspace       used 9985K, committed 10240K, reserved 1114112K
[2026-04-03T01:07:53.786+0600][35.522s][info][gc,heap,exit]   class space    used 1060K, committed 1152K, reserved 1048576K
