[2026-04-03T01:07:53.998+0600][0.004s][info][gc,init] Initializing The Z Garbage Collector
[2026-04-03T01:07:53.998+0600][0.004s][info][gc,init] Version: 21.0.10+7-Ubuntu-124.04 (release)
[2026-04-03T01:07:53.998+0600][0.004s][info][gc,init] Using legacy single-generation mode
[2026-04-03T01:07:53.998+0600][0.004s][info][gc,init] NUMA Support: Disabled
[2026-04-03T01:07:53.998+0600][0.004s][info][gc,init] CPUs: 12 total, 12 available
[2026-04-03T01:07:53.998+0600][0.004s][info][gc,init] Memory: 15683M
[2026-04-03T01:07:53.998+0600][0.004s][info][gc,init] Large Page Support: Disabled
[2026-04-03T01:07:53.998+0600][0.004s][info][gc,init] GC Workers: 3 (dynamic)
[2026-04-03T01:07:53.999+0600][0.005s][info][gc,init] Address Space Type: Contiguous/Unrestricted/Complete
[2026-04-03T01:07:53.999+0600][0.005s][info][gc,init] Address Space Size: 62752M x 3 = 188256M
[2026-04-03T01:07:53.999+0600][0.005s][info][gc,init] Heap Backing File: /memfd:java_heap
[2026-04-03T01:07:53.999+0600][0.005s][info][gc,init] Heap Backing Filesystem: tmpfs (0x1021994)
[2026-04-03T01:07:54.000+0600][0.006s][info][gc,init] Min Capacity: 8M
[2026-04-03T01:07:54.000+0600][0.006s][info][gc,init] Initial Capacity: 246M
[2026-04-03T01:07:54.000+0600][0.006s][info][gc,init] Max Capacity: 3922M
[2026-04-03T01:07:54.000+0600][0.006s][info][gc,init] Medium Page Size: 32M
[2026-04-03T01:07:54.000+0600][0.006s][info][gc,init] Pre-touch: Disabled
[2026-04-03T01:07:54.000+0600][0.006s][info][gc,init] Available space on backing filesystem: N/A
[2026-04-03T01:07:54.000+0600][0.006s][info][gc,init] Uncommit: Enabled
[2026-04-03T01:07:54.000+0600][0.006s][info][gc,init] Uncommit Delay: 300s
[2026-04-03T01:07:54.088+0600][0.094s][info][gc,init] Runtime Workers: 8
[2026-04-03T01:07:54.089+0600][0.095s][info][gc     ] Using The Z Garbage Collector
[2026-04-03T01:07:54.102+0600][0.108s][info][gc,metaspace] CDS archive(s) mapped at: [0x0000728caf000000-0x0000728cafc9c000-0x0000728cafc9c000), size 13221888, SharedBaseAddress: 0x0000728caf000000, ArchiveRelocationMode: 1.
[2026-04-03T01:07:54.102+0600][0.108s][info][gc,metaspace] Compressed class space mapped at: 0x0000728cb0000000-0x0000728cf0000000, reserved size: 1073741824
[2026-04-03T01:07:54.102+0600][0.108s][info][gc,metaspace] Narrow klass base: 0x0000728caf000000, Narrow klass shift: 0, Narrow klass range: 0x100000000
[2026-04-03T01:08:04.112+0600][10.118s][info][gc,stats    ] === Garbage Collection Statistics =======================================================================================================================
[2026-04-03T01:08:04.112+0600][10.118s][info][gc,stats    ]                                                              Last 10s              Last 10m              Last 10h                Total
[2026-04-03T01:08:04.112+0600][10.118s][info][gc,stats    ]                                                              Avg / Max             Avg / Max             Avg / Max             Avg / Max
[2026-04-03T01:08:04.112+0600][10.118s][info][gc,stats    ]   Collector: Garbage Collection Cycle                      0.000 / 0.000         0.000 / 0.000         0.000 / 0.000         0.000 / 0.000       ms
[2026-04-03T01:08:04.112+0600][10.118s][info][gc,stats    ]  Contention: Mark Segment Reset Contention                     0 / 0                 0 / 0                 0 / 0                 0 / 0           ops/s
[2026-04-03T01:08:04.112+0600][10.118s][info][gc,stats    ]  Contention: Mark SeqNum Reset Contention                      0 / 0                 0 / 0                 0 / 0                 0 / 0           ops/s
[2026-04-03T01:08:04.112+0600][10.118s][info][gc,stats    ]    Critical: Allocation Stall                                  0 / 0                 0 / 0                 0 / 0                 0 / 0           ops/s
[2026-04-03T01:08:04.112+0600][10.118s][info][gc,stats    ]    Critical: Allocation Stall                              0.000 / 0.000         0.000 / 0.000         0.000 / 0.000         0.000 / 0.000       ms
[2026-04-03T01:08:04.112+0600][10.118s][info][gc,stats    ]    Critical: GC Locker Stall                                   0 / 0                 0 / 0                 0 / 0                 0 / 0           ops/s
[2026-04-03T01:08:04.112+0600][10.118s][info][gc,stats    ]    Critical: GC Locker Stall                               0.000 / 0.000         0.000 / 0.000         0.000 / 0.000         0.000 / 0.000       ms
[2026-04-03T01:08:04.112+0600][10.118s][info][gc,stats    ]    Critical: Relocation Stall                                  0 / 0                 0 / 0                 0 / 0                 0 / 0           ops/s
[2026-04-03T01:08:04.112+0600][10.118s][info][gc,stats    ]    Critical: Relocation Stall                              0.000 / 0.000         0.000 / 0.000         0.000 / 0.000         0.000 / 0.000       ms
[2026-04-03T01:08:04.112+0600][10.118s][info][gc,stats    ]      Memory: Allocation Rate                                   0 / 6                 0 / 6                 0 / 6                 0 / 6           MB/s
[2026-04-03T01:08:04.112+0600][10.118s][info][gc,stats    ]      Memory: Defragment                                        0 / 0                 0 / 0                 0 / 0                 0 / 0           ops/s
[2026-04-03T01:08:04.112+0600][10.118s][info][gc,stats    ]      Memory: Out Of Memory                                     0 / 0                 0 / 0                 0 / 0                 0 / 0           ops/s
[2026-04-03T01:08:04.112+0600][10.118s][info][gc,stats    ]      Memory: Page Cache Flush                                  0 / 0                 0 / 0                 0 / 0                 0 / 0           MB/s
[2026-04-03T01:08:04.112+0600][10.118s][info][gc,stats    ]      Memory: Page Cache Hit L1                                 0 / 0                 0 / 0                 0 / 0                 0 / 0           ops/s
[2026-04-03T01:08:04.112+0600][10.118s][info][gc,stats    ]      Memory: Page Cache Hit L2                                 0 / 0                 0 / 0                 0 / 0                 0 / 0           ops/s
[2026-04-03T01:08:04.112+0600][10.118s][info][gc,stats    ]      Memory: Page Cache Hit L3                                 0 / 5                 0 / 5                 0 / 5                 0 / 5           ops/s
[2026-04-03T01:08:04.112+0600][10.118s][info][gc,stats    ]      Memory: Page Cache Miss                                   0 / 1                 0 / 1                 0 / 1                 0 / 1           ops/s
[2026-04-03T01:08:04.112+0600][10.118s][info][gc,stats    ]      Memory: Uncommit                                          0 / 0                 0 / 0                 0 / 0                 0 / 0           MB/s
[2026-04-03T01:08:04.112+0600][10.118s][info][gc,stats    ]      Memory: Undo Object Allocation Failed                     0 / 0                 0 / 0                 0 / 0                 0 / 0           ops/s
[2026-04-03T01:08:04.112+0600][10.118s][info][gc,stats    ]      Memory: Undo Object Allocation Succeeded                  0 / 0                 0 / 0                 0 / 0                 0 / 0           ops/s
[2026-04-03T01:08:04.112+0600][10.118s][info][gc,stats    ]      Memory: Undo Page Allocation                              0 / 0                 0 / 0                 0 / 0                 0 / 0           ops/s
[2026-04-03T01:08:04.112+0600][10.118s][info][gc,stats    ]       Phase: Concurrent Mark                               0.000 / 0.000         0.000 / 0.000         0.000 / 0.000         0.000 / 0.000       ms
[2026-04-03T01:08:04.112+0600][10.118s][info][gc,stats    ]       Phase: Concurrent Mark Continue                      0.000 / 0.000         0.000 / 0.000         0.000 / 0.000         0.000 / 0.000       ms
[2026-04-03T01:08:04.112+0600][10.118s][info][gc,stats    ]       Phase: Concurrent Mark Free                          0.000 / 0.000         0.000 / 0.000         0.000 / 0.000         0.000 / 0.000       ms
[2026-04-03T01:08:04.112+0600][10.118s][info][gc,stats    ]       Phase: Concurrent Process Non-Strong References      0.000 / 0.000         0.000 / 0.000         0.000 / 0.000         0.000 / 0.000       ms
[2026-04-03T01:08:04.112+0600][10.118s][info][gc,stats    ]       Phase: Concurrent Relocate                           0.000 / 0.000         0.000 / 0.000         0.000 / 0.000         0.000 / 0.000       ms
[2026-04-03T01:08:04.112+0600][10.118s][info][gc,stats    ]       Phase: Concurrent Reset Relocation Set               0.000 / 0.000         0.000 / 0.000         0.000 / 0.000         0.000 / 0.000       ms
[2026-04-03T01:08:04.112+0600][10.118s][info][gc,stats    ]       Phase: Concurrent Select Relocation Set              0.000 / 0.000         0.000 / 0.000         0.000 / 0.000         0.000 / 0.000       ms
[2026-04-03T01:08:04.112+0600][10.118s][info][gc,stats    ]       Phase: Pause Mark End                                0.000 / 0.000         0.000 / 0.000         0.000 / 0.000         0.000 / 0.000       ms
[2026-04-03T01:08:04.112+0600][10.118s][info][gc,stats    ]       Phase: Pause Mark Start                              0.000 / 0.000         0.000 / 0.000         0.000 / 0.000         0.000 / 0.000       ms
[2026-04-03T01:08:04.112+0600][10.118s][info][gc,stats    ]       Phase: Pause Relocate Start                          0.000 / 0.000         0.000 / 0.000         0.000 / 0.000         0.000 / 0.000       ms
[2026-04-03T01:08:04.112+0600][10.118s][info][gc,stats    ]    Subphase: Concurrent Classes Purge                      0.000 / 0.000         0.000 / 0.000         0.000 / 0.000         0.000 / 0.000       ms
[2026-04-03T01:08:04.112+0600][10.118s][info][gc,stats    ]    Subphase: Concurrent Classes Unlink                     0.000 / 0.000         0.000 / 0.000         0.000 / 0.000         0.000 / 0.000       ms
[2026-04-03T01:08:04.112+0600][10.118s][info][gc,stats    ]    Subphase: Concurrent Mark                               0.000 / 0.000         0.000 / 0.000         0.000 / 0.000         0.000 / 0.000       ms
[2026-04-03T01:08:04.112+0600][10.118s][info][gc,stats    ]    Subphase: Concurrent Mark Try Flush                     0.000 / 0.000         0.000 / 0.000         0.000 / 0.000         0.000 / 0.000       ms
[2026-04-03T01:08:04.112+0600][10.118s][info][gc,stats    ]    Subphase: Concurrent Mark Try Terminate                 0.000 / 0.000         0.000 / 0.000         0.000 / 0.000         0.000 / 0.000       ms
[2026-04-03T01:08:04.112+0600][10.118s][info][gc,stats    ]    Subphase: Concurrent References Enqueue                 0.000 / 0.000         0.000 / 0.000         0.000 / 0.000         0.000 / 0.000       ms
[2026-04-03T01:08:04.112+0600][10.118s][info][gc,stats    ]    Subphase: Concurrent References Process                 0.000 / 0.000         0.000 / 0.000         0.000 / 0.000         0.000 / 0.000       ms
[2026-04-03T01:08:04.112+0600][10.118s][info][gc,stats    ]    Subphase: Concurrent Roots ClassLoaderDataGraph         0.000 / 0.000         0.000 / 0.000         0.000 / 0.000         0.000 / 0.000       ms
[2026-04-03T01:08:04.112+0600][10.118s][info][gc,stats    ]    Subphase: Concurrent Roots CodeCache                    0.000 / 0.000         0.000 / 0.000         0.000 / 0.000         0.000 / 0.000       ms
[2026-04-03T01:08:04.112+0600][10.118s][info][gc,stats    ]    Subphase: Concurrent Roots JavaThreads                  0.000 / 0.000         0.000 / 0.000         0.000 / 0.000         0.000 / 0.000       ms
[2026-04-03T01:08:04.112+0600][10.118s][info][gc,stats    ]    Subphase: Concurrent Roots OopStorageSet                0.000 / 0.000         0.000 / 0.000         0.000 / 0.000         0.000 / 0.000       ms
[2026-04-03T01:08:04.112+0600][10.118s][info][gc,stats    ]    Subphase: Concurrent Weak Roots OopStorageSet           0.000 / 0.000         0.000 / 0.000         0.000 / 0.000         0.000 / 0.000       ms
[2026-04-03T01:08:04.112+0600][10.118s][info][gc,stats    ]    Subphase: Pause Mark Try Complete                       0.000 / 0.000         0.000 / 0.000         0.000 / 0.000         0.000 / 0.000       ms
[2026-04-03T01:08:04.112+0600][10.118s][info][gc,stats    ]      System: Java Threads                                      0 / 0                 0 / 0                 0 / 0                 0 / 0           threads
[2026-04-03T01:08:04.112+0600][10.118s][info][gc,stats    ] =========================================================================================================================================================
[2026-04-03T01:08:14.112+0600][20.118s][info][gc,stats    ] === Garbage Collection Statistics =======================================================================================================================
[2026-04-03T01:08:14.112+0600][20.118s][info][gc,stats    ]                                                              Last 10s              Last 10m              Last 10h                Total
[2026-04-03T01:08:14.112+0600][20.118s][info][gc,stats    ]                                                              Avg / Max             Avg / Max             Avg / Max             Avg / Max
[2026-04-03T01:08:14.112+0600][20.118s][info][gc,stats    ]   Collector: Garbage Collection Cycle                      0.000 / 0.000         0.000 / 0.000         0.000 / 0.000         0.000 / 0.000       ms
[2026-04-03T01:08:14.112+0600][20.118s][info][gc,stats    ]  Contention: Mark Segment Reset Contention                     0 / 0                 0 / 0                 0 / 0                 0 / 0           ops/s
[2026-04-03T01:08:14.112+0600][20.118s][info][gc,stats    ]  Contention: Mark SeqNum Reset Contention                      0 / 0                 0 / 0                 0 / 0                 0 / 0           ops/s
[2026-04-03T01:08:14.112+0600][20.118s][info][gc,stats    ]    Critical: Allocation Stall                                  0 / 0                 0 / 0                 0 / 0                 0 / 0           ops/s
[2026-04-03T01:08:14.112+0600][20.118s][info][gc,stats    ]    Critical: Allocation Stall                              0.000 / 0.000         0.000 / 0.000         0.000 / 0.000         0.000 / 0.000       ms
[2026-04-03T01:08:14.112+0600][20.118s][info][gc,stats    ]    Critical: GC Locker Stall                                   0 / 0                 0 / 0                 0 / 0                 0 / 0           ops/s
[2026-04-03T01:08:14.112+0600][20.118s][info][gc,stats    ]    Critical: GC Locker Stall                               0.000 / 0.000         0.000 / 0.000         0.000 / 0.000         0.000 / 0.000       ms
[2026-04-03T01:08:14.112+0600][20.118s][info][gc,stats    ]    Critical: Relocation Stall                                  0 / 0                 0 / 0                 0 / 0                 0 / 0           ops/s
[2026-04-03T01:08:14.112+0600][20.118s][info][gc,stats    ]    Critical: Relocation Stall                              0.000 / 0.000         0.000 / 0.000         0.000 / 0.000         0.000 / 0.000       ms
[2026-04-03T01:08:14.112+0600][20.118s][info][gc,stats    ]      Memory: Allocation Rate                                   0 / 0                 0 / 6                 0 / 6                 0 / 6           MB/s
[2026-04-03T01:08:14.112+0600][20.118s][info][gc,stats    ]      Memory: Defragment                                        0 / 0                 0 / 0                 0 / 0                 0 / 0           ops/s
[2026-04-03T01:08:14.112+0600][20.118s][info][gc,stats    ]      Memory: Out Of Memory                                     0 / 0                 0 / 0                 0 / 0                 0 / 0           ops/s
[2026-04-03T01:08:14.112+0600][20.118s][info][gc,stats    ]      Memory: Page Cache Flush                                  0 / 0                 0 / 0                 0 / 0                 0 / 0           MB/s
[2026-04-03T01:08:14.112+0600][20.118s][info][gc,stats    ]      Memory: Page Cache Hit L1                                 0 / 0                 0 / 0                 0 / 0                 0 / 0           ops/s
[2026-04-03T01:08:14.112+0600][20.118s][info][gc,stats    ]      Memory: Page Cache Hit L2                                 0 / 0                 0 / 0                 0 / 0                 0 / 0           ops/s
[2026-04-03T01:08:14.112+0600][20.118s][info][gc,stats    ]      Memory: Page Cache Hit L3                                 0 / 0                 0 / 5                 0 / 5                 0 / 5           ops/s
[2026-04-03T01:08:14.112+0600][20.118s][info][gc,stats    ]      Memory: Page Cache Miss                                   0 / 0                 0 / 1                 0 / 1                 0 / 1           ops/s
[2026-04-03T01:08:14.112+0600][20.118s][info][gc,stats    ]      Memory: Uncommit                                          0 / 0                 0 / 0                 0 / 0                 0 / 0           MB/s
[2026-04-03T01:08:14.112+0600][20.118s][info][gc,stats    ]      Memory: Undo Object Allocation Failed                     0 / 0                 0 / 0                 0 / 0                 0 / 0           ops/s
[2026-04-03T01:08:14.112+0600][20.118s][info][gc,stats    ]      Memory: Undo Object Allocation Succeeded                  0 / 0                 0 / 0                 0 / 0                 0 / 0           ops/s
[2026-04-03T01:08:14.112+0600][20.118s][info][gc,stats    ]      Memory: Undo Page Allocation                              0 / 0                 0 / 0                 0 / 0                 0 / 0           ops/s
[2026-04-03T01:08:14.112+0600][20.118s][info][gc,stats    ]       Phase: Concurrent Mark                               0.000 / 0.000         0.000 / 0.000         0.000 / 0.000         0.000 / 0.000       ms
[2026-04-03T01:08:14.112+0600][20.118s][info][gc,stats    ]       Phase: Concurrent Mark Continue                      0.000 / 0.000         0.000 / 0.000         0.000 / 0.000         0.000 / 0.000       ms
[2026-04-03T01:08:14.112+0600][20.118s][info][gc,stats    ]       Phase: Concurrent Mark Free                          0.000 / 0.000         0.000 / 0.000         0.000 / 0.000         0.000 / 0.000       ms
[2026-04-03T01:08:14.112+0600][20.118s][info][gc,stats    ]       Phase: Concurrent Process Non-Strong References      0.000 / 0.000         0.000 / 0.000         0.000 / 0.000         0.000 / 0.000       ms
[2026-04-03T01:08:14.112+0600][20.118s][info][gc,stats    ]       Phase: Concurrent Relocate                           0.000 / 0.000         0.000 / 0.000         0.000 / 0.000         0.000 / 0.000       ms
[2026-04-03T01:08:14.112+0600][20.118s][info][gc,stats    ]       Phase: Concurrent Reset Relocation Set               0.000 / 0.000         0.000 / 0.000         0.000 / 0.000         0.000 / 0.000       ms
[2026-04-03T01:08:14.112+0600][20.118s][info][gc,stats    ]       Phase: Concurrent Select Relocation Set              0.000 / 0.000         0.000 / 0.000         0.000 / 0.000         0.000 / 0.000       ms
[2026-04-03T01:08:14.112+0600][20.118s][info][gc,stats    ]       Phase: Pause Mark End                                0.000 / 0.000         0.000 / 0.000         0.000 / 0.000         0.000 / 0.000       ms
[2026-04-03T01:08:14.112+0600][20.118s][info][gc,stats    ]       Phase: Pause Mark Start                              0.000 / 0.000         0.000 / 0.000         0.000 / 0.000         0.000 / 0.000       ms
[2026-04-03T01:08:14.112+0600][20.118s][info][gc,stats    ]       Phase: Pause Relocate Start                          0.000 / 0.000         0.000 / 0.000         0.000 / 0.000         0.000 / 0.000       ms
[2026-04-03T01:08:14.112+0600][20.118s][info][gc,stats    ]    Subphase: Concurrent Classes Purge                      0.000 / 0.000         0.000 / 0.000         0.000 / 0.000         0.000 / 0.000       ms
[2026-04-03T01:08:14.112+0600][20.118s][info][gc,stats    ]    Subphase: Concurrent Classes Unlink                     0.000 / 0.000         0.000 / 0.000         0.000 / 0.000         0.000 / 0.000       ms
[2026-04-03T01:08:14.112+0600][20.118s][info][gc,stats    ]    Subphase: Concurrent Mark                               0.000 / 0.000         0.000 / 0.000         0.000 / 0.000         0.000 / 0.000       ms
[2026-04-03T01:08:14.112+0600][20.118s][info][gc,stats    ]    Subphase: Concurrent Mark Try Flush                     0.000 / 0.000         0.000 / 0.000         0.000 / 0.000         0.000 / 0.000       ms
[2026-04-03T01:08:14.112+0600][20.118s][info][gc,stats    ]    Subphase: Concurrent Mark Try Terminate                 0.000 / 0.000         0.000 / 0.000         0.000 / 0.000         0.000 / 0.000       ms
[2026-04-03T01:08:14.112+0600][20.118s][info][gc,stats    ]    Subphase: Concurrent References Enqueue                 0.000 / 0.000         0.000 / 0.000         0.000 / 0.000         0.000 / 0.000       ms
[2026-04-03T01:08:14.112+0600][20.118s][info][gc,stats    ]    Subphase: Concurrent References Process                 0.000 / 0.000         0.000 / 0.000         0.000 / 0.000         0.000 / 0.000       ms
[2026-04-03T01:08:14.112+0600][20.118s][info][gc,stats    ]    Subphase: Concurrent Roots ClassLoaderDataGraph         0.000 / 0.000         0.000 / 0.000         0.000 / 0.000         0.000 / 0.000       ms
[2026-04-03T01:08:14.112+0600][20.118s][info][gc,stats    ]    Subphase: Concurrent Roots CodeCache                    0.000 / 0.000         0.000 / 0.000         0.000 / 0.000         0.000 / 0.000       ms
[2026-04-03T01:08:14.112+0600][20.118s][info][gc,stats    ]    Subphase: Concurrent Roots JavaThreads                  0.000 / 0.000         0.000 / 0.000         0.000 / 0.000         0.000 / 0.000       ms
[2026-04-03T01:08:14.112+0600][20.118s][info][gc,stats    ]    Subphase: Concurrent Roots OopStorageSet                0.000 / 0.000         0.000 / 0.000         0.000 / 0.000         0.000 / 0.000       ms
[2026-04-03T01:08:14.112+0600][20.118s][info][gc,stats    ]    Subphase: Concurrent Weak Roots OopStorageSet           0.000 / 0.000         0.000 / 0.000         0.000 / 0.000         0.000 / 0.000       ms
[2026-04-03T01:08:14.112+0600][20.118s][info][gc,stats    ]    Subphase: Pause Mark Try Complete                       0.000 / 0.000         0.000 / 0.000         0.000 / 0.000         0.000 / 0.000       ms
[2026-04-03T01:08:14.112+0600][20.118s][info][gc,stats    ]      System: Java Threads                                      0 / 0                 0 / 0                 0 / 0                 0 / 0           threads
[2026-04-03T01:08:14.112+0600][20.118s][info][gc,stats    ] =========================================================================================================================================================
[2026-04-03T01:08:18.851+0600][24.857s][info][gc,start    ] GC(0) Garbage Collection (System.gc())
[2026-04-03T01:08:18.851+0600][24.857s][info][gc,task     ] GC(0) Using 3 workers
[2026-04-03T01:08:18.851+0600][24.857s][info][gc,phases   ] GC(0) Pause Mark Start 0.009ms
[2026-04-03T01:08:18.855+0600][24.861s][info][gc,phases   ] GC(0) Concurrent Mark 3.590ms
[2026-04-03T01:08:18.855+0600][24.861s][info][gc,phases   ] GC(0) Pause Mark End 0.010ms
[2026-04-03T01:08:18.855+0600][24.861s][info][gc,phases   ] GC(0) Concurrent Mark Free 0.001ms
[2026-04-03T01:08:18.856+0600][24.862s][info][gc,phases   ] GC(0) Concurrent Process Non-Strong References 1.095ms
[2026-04-03T01:08:18.856+0600][24.862s][info][gc,phases   ] GC(0) Concurrent Reset Relocation Set 0.001ms
[2026-04-03T01:08:18.863+0600][24.869s][info][gc,phases   ] GC(0) Concurrent Select Relocation Set 7.203ms
[2026-04-03T01:08:18.863+0600][24.869s][info][gc,phases   ] GC(0) Pause Relocate Start 0.009ms
[2026-04-03T01:08:18.866+0600][24.872s][info][gc,phases   ] GC(0) Concurrent Relocate 2.181ms
[2026-04-03T01:08:18.866+0600][24.872s][info][gc,load     ] GC(0) Load: 3.64/6.84/4.51
[2026-04-03T01:08:18.866+0600][24.872s][info][gc,mmu      ] GC(0) MMU: 2ms/99.5%, 5ms/99.6%, 10ms/99.8%, 20ms/99.9%, 50ms/99.9%, 100ms/100.0%
[2026-04-03T01:08:18.866+0600][24.872s][info][gc,marking  ] GC(0) Mark: 2 stripe(s), 1 proactive flush(es), 1 terminate flush(es), 0 completion(s), 0 continuation(s) 
[2026-04-03T01:08:18.866+0600][24.872s][info][gc,marking  ] GC(0) Mark Stack Usage: 32M
[2026-04-03T01:08:18.866+0600][24.872s][info][gc,nmethod  ] GC(0) NMethods: 544 registered, 101 unregistered
[2026-04-03T01:08:18.866+0600][24.872s][info][gc,metaspace] GC(0) Metaspace: 2M used, 2M committed, 1088M reserved
[2026-04-03T01:08:18.866+0600][24.872s][info][gc,ref      ] GC(0) Soft: 77 encountered, 0 discovered, 0 enqueued
[2026-04-03T01:08:18.866+0600][24.872s][info][gc,ref      ] GC(0) Weak: 308 encountered, 138 discovered, 72 enqueued
[2026-04-03T01:08:18.866+0600][24.872s][info][gc,ref      ] GC(0) Final: 3 encountered, 2 discovered, 0 enqueued
[2026-04-03T01:08:18.866+0600][24.872s][info][gc,ref      ] GC(0) Phantom: 32 encountered, 29 discovered, 0 enqueued
[2026-04-03T01:08:18.866+0600][24.872s][info][gc,reloc    ] GC(0) Small Pages: 6 / 12M, Empty: 0M, Relocated: 2M, In-Place: 0
[2026-04-03T01:08:18.866+0600][24.872s][info][gc,reloc    ] GC(0) Medium Pages: 0 / 0M, Empty: 0M, Relocated: 0M, In-Place: 0
[2026-04-03T01:08:18.866+0600][24.872s][info][gc,reloc    ] GC(0) Large Pages: 0 / 0M, Empty: 0M, Relocated: 0M, In-Place: 0
[2026-04-03T01:08:18.866+0600][24.872s][info][gc,reloc    ] GC(0) Forwarding Usage: 0M
[2026-04-03T01:08:18.866+0600][24.872s][info][gc,heap     ] GC(0) Min Capacity: 8M(0%)
[2026-04-03T01:08:18.866+0600][24.872s][info][gc,heap     ] GC(0) Max Capacity: 3922M(100%)
[2026-04-03T01:08:18.866+0600][24.872s][info][gc,heap     ] GC(0) Soft Max Capacity: 3922M(100%)
[2026-04-03T01:08:18.866+0600][24.872s][info][gc,heap     ] GC(0)                Mark Start          Mark End        Relocate Start      Relocate End           High               Low         
[2026-04-03T01:08:18.866+0600][24.872s][info][gc,heap     ] GC(0)  Capacity:      246M (6%)          246M (6%)          246M (6%)          246M (6%)          246M (6%)          246M (6%)     
[2026-04-03T01:08:18.866+0600][24.872s][info][gc,heap     ] GC(0)      Free:     3910M (100%)       3910M (100%)       3910M (100%)       3916M (100%)       3916M (100%)       3906M (100%)   
[2026-04-03T01:08:18.866+0600][24.872s][info][gc,heap     ] GC(0)      Used:       12M (0%)           12M (0%)           12M (0%)            6M (0%)           16M (0%)            6M (0%)     
[2026-04-03T01:08:18.866+0600][24.872s][info][gc,heap     ] GC(0)      Live:         -                 2M (0%)            2M (0%)            2M (0%)             -                  -          
[2026-04-03T01:08:18.866+0600][24.872s][info][gc,heap     ] GC(0) Allocated:         -                 0M (0%)            0M (0%)            0M (0%)             -                  -          
[2026-04-03T01:08:18.866+0600][24.872s][info][gc,heap     ] GC(0)   Garbage:         -                 9M (0%)            9M (0%)            3M (0%)             -                  -          
[2026-04-03T01:08:18.866+0600][24.872s][info][gc,heap     ] GC(0) Reclaimed:         -                  -                 0M (0%)            6M (0%)             -                  -          
[2026-04-03T01:08:18.866+0600][24.872s][info][gc          ] GC(0) Garbage Collection (System.gc()) 12M(0%)->6M(0%)
[2026-04-03T01:08:21.111+0600][27.117s][info][gc,start    ] GC(1) Garbage Collection (Warmup)
[2026-04-03T01:08:21.111+0600][27.117s][info][gc,task     ] GC(1) Using 3 workers
[2026-04-03T01:08:21.111+0600][27.118s][info][gc,phases   ] GC(1) Pause Mark Start 0.008ms
[2026-04-03T01:08:21.118+0600][27.124s][info][gc,phases   ] GC(1) Concurrent Mark 6.260ms
[2026-04-03T01:08:21.118+0600][27.124s][info][gc,phases   ] GC(1) Pause Mark End 0.015ms
[2026-04-03T01:08:21.118+0600][27.124s][info][gc,phases   ] GC(1) Concurrent Mark Free 0.001ms
[2026-04-03T01:08:21.120+0600][27.126s][info][gc,phases   ] GC(1) Concurrent Process Non-Strong References 2.302ms
[2026-04-03T01:08:21.120+0600][27.127s][info][gc,phases   ] GC(1) Concurrent Reset Relocation Set 0.002ms
[2026-04-03T01:08:21.124+0600][27.130s][info][gc,phases   ] GC(1) Concurrent Select Relocation Set 3.635ms
[2026-04-03T01:08:21.124+0600][27.130s][info][gc,phases   ] GC(1) Pause Relocate Start 0.010ms
[2026-04-03T01:08:21.148+0600][27.154s][info][gc,phases   ] GC(1) Concurrent Relocate 23.744ms
[2026-04-03T01:08:21.148+0600][27.154s][info][gc,load     ] GC(1) Load: 3.64/6.84/4.51
[2026-04-03T01:08:21.148+0600][27.154s][info][gc,mmu      ] GC(1) MMU: 2ms/99.3%, 5ms/99.6%, 10ms/99.8%, 20ms/99.8%, 50ms/99.9%, 100ms/100.0%
[2026-04-03T01:08:21.148+0600][27.154s][info][gc,marking  ] GC(1) Mark: 2 stripe(s), 2 proactive flush(es), 1 terminate flush(es), 0 completion(s), 0 continuation(s) 
[2026-04-03T01:08:21.148+0600][27.154s][info][gc,marking  ] GC(1) Mark Stack Usage: 32M
[2026-04-03T01:08:21.148+0600][27.154s][info][gc,nmethod  ] GC(1) NMethods: 1454 registered, 239 unregistered
[2026-04-03T01:08:21.148+0600][27.154s][info][gc,metaspace] GC(1) Metaspace: 7M used, 7M committed, 1088M reserved
[2026-04-03T01:08:21.148+0600][27.154s][info][gc,ref      ] GC(1) Soft: 316 encountered, 0 discovered, 0 enqueued
[2026-04-03T01:08:21.148+0600][27.154s][info][gc,ref      ] GC(1) Weak: 745 encountered, 408 discovered, 148 enqueued
[2026-04-03T01:08:21.148+0600][27.154s][info][gc,ref      ] GC(1) Final: 3 encountered, 0 discovered, 0 enqueued
[2026-04-03T01:08:21.148+0600][27.154s][info][gc,ref      ] GC(1) Phantom: 41 encountered, 29 discovered, 5 enqueued
[2026-04-03T01:08:21.148+0600][27.154s][info][gc,reloc    ] GC(1) Small Pages: 167 / 334M, Empty: 10M, Relocated: 8M, In-Place: 0
[2026-04-03T01:08:21.148+0600][27.154s][info][gc,reloc    ] GC(1) Medium Pages: 2 / 64M, Empty: 0M, Relocated: 6M, In-Place: 0
[2026-04-03T01:08:21.148+0600][27.154s][info][gc,reloc    ] GC(1) Large Pages: 0 / 0M, Empty: 0M, Relocated: 0M, In-Place: 0
[2026-04-03T01:08:21.148+0600][27.154s][info][gc,reloc    ] GC(1) Forwarding Usage: 0M
[2026-04-03T01:08:21.148+0600][27.154s][info][gc,heap     ] GC(1) Min Capacity: 8M(0%)
[2026-04-03T01:08:21.148+0600][27.154s][info][gc,heap     ] GC(1) Max Capacity: 3922M(100%)
[2026-04-03T01:08:21.148+0600][27.154s][info][gc,heap     ] GC(1) Soft Max Capacity: 3922M(100%)
[2026-04-03T01:08:21.148+0600][27.154s][info][gc,heap     ] GC(1)                Mark Start          Mark End        Relocate Start      Relocate End           High               Low         
[2026-04-03T01:08:21.148+0600][27.154s][info][gc,heap     ] GC(1)  Capacity:      398M (10%)         400M (10%)         402M (10%)         466M (12%)         466M (12%)         398M (10%)    
[2026-04-03T01:08:21.148+0600][27.154s][info][gc,heap     ] GC(1)      Free:     3524M (90%)        3522M (90%)        3530M (90%)        3838M (98%)        3838M (98%)        3496M (89%)    
[2026-04-03T01:08:21.148+0600][27.154s][info][gc,heap     ] GC(1)      Used:      398M (10%)         400M (10%)         392M (10%)          84M (2%)          426M (11%)          84M (2%)     
[2026-04-03T01:08:21.148+0600][27.154s][info][gc,heap     ] GC(1)      Live:         -                17M (0%)           17M (0%)           17M (0%)             -                  -          
[2026-04-03T01:08:21.148+0600][27.154s][info][gc,heap     ] GC(1) Allocated:         -                 2M (0%)            4M (0%)           37M (1%)             -                  -          
[2026-04-03T01:08:21.148+0600][27.154s][info][gc,heap     ] GC(1)   Garbage:         -               380M (10%)         370M (9%)           29M (1%)             -                  -          
[2026-04-03T01:08:21.148+0600][27.154s][info][gc,heap     ] GC(1) Reclaimed:         -                  -                10M (0%)          351M (9%)             -                  -          
[2026-04-03T01:08:21.148+0600][27.154s][info][gc          ] GC(1) Garbage Collection (Warmup) 398M(10%)->84M(2%)
[2026-04-03T01:08:24.111+0600][30.117s][info][gc,stats    ] === Garbage Collection Statistics =======================================================================================================================
[2026-04-03T01:08:24.111+0600][30.117s][info][gc,stats    ]                                                              Last 10s              Last 10m              Last 10h                Total
[2026-04-03T01:08:24.111+0600][30.117s][info][gc,stats    ]                                                              Avg / Max             Avg / Max             Avg / Max             Avg / Max
[2026-04-03T01:08:24.111+0600][30.117s][info][gc,stats    ]   Collector: Garbage Collection Cycle                     26.041 / 37.039       26.041 / 37.039       26.041 / 37.039       26.041 / 37.039      ms
[2026-04-03T01:08:24.111+0600][30.117s][info][gc,stats    ]  Contention: Mark Segment Reset Contention                     0 / 1                 0 / 1                 0 / 1                 0 / 1           ops/s
[2026-04-03T01:08:24.111+0600][30.117s][info][gc,stats    ]  Contention: Mark SeqNum Reset Contention                      0 / 0                 0 / 0                 0 / 0                 0 / 0           ops/s
[2026-04-03T01:08:24.111+0600][30.117s][info][gc,stats    ]    Critical: Allocation Stall                                  0 / 0                 0 / 0                 0 / 0                 0 / 0           ops/s
[2026-04-03T01:08:24.111+0600][30.118s][info][gc,stats    ]    Critical: Allocation Stall                              0.000 / 0.000         0.000 / 0.000         0.000 / 0.000         0.000 / 0.000       ms
[2026-04-03T01:08:24.111+0600][30.118s][info][gc,stats    ]    Critical: GC Locker Stall                                   0 / 0                 0 / 0                 0 / 0                 0 / 0           ops/s
[2026-04-03T01:08:24.111+0600][30.118s][info][gc,stats    ]    Critical: GC Locker Stall                               0.000 / 0.000         0.000 / 0.000         0.000 / 0.000         0.000 / 0.000       ms
[2026-04-03T01:08:24.111+0600][30.118s][info][gc,stats    ]    Critical: Relocation Stall                                  0 / 0                 0 / 0                 0 / 0                 0 / 0           ops/s
[2026-04-03T01:08:24.111+0600][30.118s][info][gc,stats    ]    Critical: Relocation Stall                              0.000 / 0.000         0.000 / 0.000         0.000 / 0.000         0.000 / 0.000       ms
[2026-04-03T01:08:24.111+0600][30.118s][info][gc,stats    ]      Memory: Allocation Rate                                 107 / 258              36 / 258              36 / 258              36 / 258         MB/s
[2026-04-03T01:08:24.111+0600][30.118s][info][gc,stats    ]      Memory: Defragment                                        1 / 16                0 / 16                0 / 16                0 / 16          ops/s
[2026-04-03T01:08:24.111+0600][30.118s][info][gc,stats    ]      Memory: Out Of Memory                                     0 / 0                 0 / 0                 0 / 0                 0 / 0           ops/s
[2026-04-03T01:08:24.111+0600][30.118s][info][gc,stats    ]      Memory: Page Cache Flush                                  3 / 32                1 / 32                1 / 32                1 / 32          MB/s
[2026-04-03T01:08:24.111+0600][30.118s][info][gc,stats    ]      Memory: Page Cache Hit L1                                17 / 85                5 / 85                5 / 85                5 / 85          ops/s
[2026-04-03T01:08:24.111+0600][30.118s][info][gc,stats    ]      Memory: Page Cache Hit L2                                 0 / 0                 0 / 0                 0 / 0                 0 / 0           ops/s
[2026-04-03T01:08:24.112+0600][30.118s][info][gc,stats    ]      Memory: Page Cache Hit L3                                13 / 72                4 / 72                4 / 72                4 / 72          ops/s
[2026-04-03T01:08:24.112+0600][30.118s][info][gc,stats    ]      Memory: Page Cache Miss                                  18 / 96                6 / 96                6 / 96                6 / 96          ops/s
[2026-04-03T01:08:24.112+0600][30.118s][info][gc,stats    ]      Memory: Uncommit                                          0 / 0                 0 / 0                 0 / 0                 0 / 0           MB/s
[2026-04-03T01:08:24.112+0600][30.118s][info][gc,stats    ]      Memory: Undo Object Allocation Failed                     0 / 0                 0 / 0                 0 / 0                 0 / 0           ops/s
[2026-04-03T01:08:24.112+0600][30.118s][info][gc,stats    ]      Memory: Undo Object Allocation Succeeded                  0 / 1                 0 / 1                 0 / 1                 0 / 1           ops/s
[2026-04-03T01:08:24.112+0600][30.118s][info][gc,stats    ]      Memory: Undo Page Allocation                              0 / 0                 0 / 0                 0 / 0                 0 / 0           ops/s
[2026-04-03T01:08:24.112+0600][30.118s][info][gc,stats    ]       Phase: Concurrent Mark                               4.925 / 6.260         4.925 / 6.260         4.925 / 6.260         4.925 / 6.260       ms
[2026-04-03T01:08:24.112+0600][30.118s][info][gc,stats    ]       Phase: Concurrent Mark Continue                      0.000 / 0.000         0.000 / 0.000         0.000 / 0.000         0.000 / 0.000       ms
[2026-04-03T01:08:24.112+0600][30.118s][info][gc,stats    ]       Phase: Concurrent Mark Free                          0.001 / 0.001         0.001 / 0.001         0.001 / 0.001         0.001 / 0.001       ms
[2026-04-03T01:08:24.112+0600][30.118s][info][gc,stats    ]       Phase: Concurrent Process Non-Strong References      1.699 / 2.302         1.699 / 2.302         1.699 / 2.302         1.699 / 2.302       ms
[2026-04-03T01:08:24.112+0600][30.118s][info][gc,stats    ]       Phase: Concurrent Relocate                          12.962 / 23.744       12.962 / 23.744       12.962 / 23.744       12.962 / 23.744      ms
[2026-04-03T01:08:24.112+0600][30.118s][info][gc,stats    ]       Phase: Concurrent Reset Relocation Set               0.001 / 0.002         0.001 / 0.002         0.001 / 0.002         0.001 / 0.002       ms
[2026-04-03T01:08:24.112+0600][30.118s][info][gc,stats    ]       Phase: Concurrent Select Relocation Set              5.419 / 7.203         5.419 / 7.203         5.419 / 7.203         5.419 / 7.203       ms
[2026-04-03T01:08:24.112+0600][30.118s][info][gc,stats    ]       Phase: Pause Mark End                                0.013 / 0.015         0.013 / 0.015         0.013 / 0.015         0.013 / 0.015       ms
[2026-04-03T01:08:24.112+0600][30.118s][info][gc,stats    ]       Phase: Pause Mark Start                              0.008 / 0.009         0.008 / 0.009         0.008 / 0.009         0.008 / 0.009       ms
[2026-04-03T01:08:24.112+0600][30.118s][info][gc,stats    ]       Phase: Pause Relocate Start                          0.009 / 0.010         0.009 / 0.010         0.009 / 0.010         0.009 / 0.010       ms
[2026-04-03T01:08:24.112+0600][30.118s][info][gc,stats    ]    Subphase: Concurrent Classes Purge                      0.234 / 0.323         0.234 / 0.323         0.234 / 0.323         0.234 / 0.323       ms
[2026-04-03T01:08:24.112+0600][30.118s][info][gc,stats    ]    Subphase: Concurrent Classes Unlink                     0.963 / 1.313         0.963 / 1.313         0.963 / 1.313         0.963 / 1.313       ms
[2026-04-03T01:08:24.112+0600][30.118s][info][gc,stats    ]    Subphase: Concurrent Mark                               4.074 / 5.707         4.074 / 5.707         4.074 / 5.707         4.074 / 5.707       ms
[2026-04-03T01:08:24.112+0600][30.118s][info][gc,stats    ]    Subphase: Concurrent Mark Try Flush                     0.110 / 0.156         0.110 / 0.156         0.110 / 0.156         0.110 / 0.156       ms
[2026-04-03T01:08:24.112+0600][30.118s][info][gc,stats    ]    Subphase: Concurrent Mark Try Terminate                 0.574 / 1.129         0.574 / 1.129         0.574 / 1.129         0.574 / 1.129       ms
[2026-04-03T01:08:24.112+0600][30.118s][info][gc,stats    ]    Subphase: Concurrent References Enqueue                 0.003 / 0.003         0.003 / 0.003         0.003 / 0.003         0.003 / 0.003       ms
[2026-04-03T01:08:24.112+0600][30.118s][info][gc,stats    ]    Subphase: Concurrent References Process                 0.144 / 0.179         0.144 / 0.179         0.144 / 0.179         0.144 / 0.179       ms
[2026-04-03T01:08:24.112+0600][30.118s][info][gc,stats    ]    Subphase: Concurrent Roots ClassLoaderDataGraph         0.076 / 0.201         0.076 / 0.201         0.076 / 0.201         0.076 / 0.201       ms
[2026-04-03T01:08:24.112+0600][30.118s][info][gc,stats    ]    Subphase: Concurrent Roots CodeCache                    0.000 / 0.000         0.000 / 0.000         0.000 / 0.000         0.000 / 0.000       ms
[2026-04-03T01:08:24.112+0600][30.118s][info][gc,stats    ]    Subphase: Concurrent Roots JavaThreads                  0.167 / 0.293         0.167 / 0.293         0.167 / 0.293         0.167 / 0.293       ms
[2026-04-03T01:08:24.112+0600][30.118s][info][gc,stats    ]    Subphase: Concurrent Roots OopStorageSet                0.059 / 0.095         0.059 / 0.095         0.059 / 0.095         0.059 / 0.095       ms
[2026-04-03T01:08:24.112+0600][30.118s][info][gc,stats    ]    Subphase: Concurrent Weak Roots OopStorageSet           0.126 / 0.217         0.126 / 0.217         0.126 / 0.217         0.126 / 0.217       ms
[2026-04-03T01:08:24.112+0600][30.118s][info][gc,stats    ]    Subphase: Pause Mark Try Complete                       0.000 / 0.000         0.000 / 0.000         0.000 / 0.000         0.000 / 0.000       ms
[2026-04-03T01:08:24.112+0600][30.118s][info][gc,stats    ]      System: Java Threads                                     10 / 11               10 / 11               10 / 11               10 / 11          threads
[2026-04-03T01:08:24.112+0600][30.118s][info][gc,stats    ] =========================================================================================================================================================
[2026-04-03T01:08:24.512+0600][30.518s][info][gc,start    ] GC(2) Garbage Collection (Warmup)
[2026-04-03T01:08:24.512+0600][30.518s][info][gc,task     ] GC(2) Using 3 workers
[2026-04-03T01:08:24.512+0600][30.518s][info][gc,phases   ] GC(2) Pause Mark Start 0.007ms
[2026-04-03T01:08:24.518+0600][30.524s][info][gc,phases   ] GC(2) Concurrent Mark 5.898ms
[2026-04-03T01:08:24.518+0600][30.524s][info][gc,phases   ] GC(2) Pause Mark End 0.014ms
[2026-04-03T01:08:24.518+0600][30.524s][info][gc,phases   ] GC(2) Concurrent Mark Free 0.001ms
[2026-04-03T01:08:24.521+0600][30.527s][info][gc,phases   ] GC(2) Concurrent Process Non-Strong References 2.828ms
[2026-04-03T01:08:24.521+0600][30.527s][info][gc,phases   ] GC(2) Concurrent Reset Relocation Set 0.013ms
[2026-04-03T01:08:24.524+0600][30.530s][info][gc,phases   ] GC(2) Concurrent Select Relocation Set 3.023ms
[2026-04-03T01:08:24.524+0600][30.530s][info][gc,phases   ] GC(2) Pause Relocate Start 0.008ms
[2026-04-03T01:08:24.536+0600][30.542s][info][gc,phases   ] GC(2) Concurrent Relocate 11.759ms
[2026-04-03T01:08:24.536+0600][30.542s][info][gc,load     ] GC(2) Load: 3.43/6.75/4.49
[2026-04-03T01:08:24.536+0600][30.542s][info][gc,mmu      ] GC(2) MMU: 2ms/99.3%, 5ms/99.6%, 10ms/99.8%, 20ms/99.8%, 50ms/99.9%, 100ms/100.0%
[2026-04-03T01:08:24.536+0600][30.542s][info][gc,marking  ] GC(2) Mark: 2 stripe(s), 2 proactive flush(es), 1 terminate flush(es), 0 completion(s), 0 continuation(s) 
[2026-04-03T01:08:24.536+0600][30.542s][info][gc,marking  ] GC(2) Mark Stack Usage: 32M
[2026-04-03T01:08:24.536+0600][30.542s][info][gc,nmethod  ] GC(2) NMethods: 1978 registered, 610 unregistered
[2026-04-03T01:08:24.536+0600][30.542s][info][gc,metaspace] GC(2) Metaspace: 8M used, 8M committed, 1088M reserved
[2026-04-03T01:08:24.536+0600][30.542s][info][gc,ref      ] GC(2) Soft: 360 encountered, 0 discovered, 0 enqueued
[2026-04-03T01:08:24.536+0600][30.542s][info][gc,ref      ] GC(2) Weak: 754 encountered, 351 discovered, 50 enqueued
[2026-04-03T01:08:24.536+0600][30.542s][info][gc,ref      ] GC(2) Final: 3 encountered, 2 discovered, 0 enqueued
[2026-04-03T01:08:24.536+0600][30.542s][info][gc,ref      ] GC(2) Phantom: 34 encountered, 20 discovered, 0 enqueued
[2026-04-03T01:08:24.536+0600][30.542s][info][gc,reloc    ] GC(2) Small Pages: 349 / 698M, Empty: 282M, Relocated: 10M, In-Place: 0
[2026-04-03T01:08:24.536+0600][30.542s][info][gc,reloc    ] GC(2) Medium Pages: 3 / 96M, Empty: 32M, Relocated: 7M, In-Place: 0
[2026-04-03T01:08:24.536+0600][30.542s][info][gc,reloc    ] GC(2) Large Pages: 1 / 6M, Empty: 6M, Relocated: 0M, In-Place: 0
[2026-04-03T01:08:24.536+0600][30.542s][info][gc,reloc    ] GC(2) Forwarding Usage: 0M
[2026-04-03T01:08:24.536+0600][30.542s][info][gc,heap     ] GC(2) Min Capacity: 8M(0%)
[2026-04-03T01:08:24.536+0600][30.542s][info][gc,heap     ] GC(2) Max Capacity: 3922M(100%)
[2026-04-03T01:08:24.536+0600][30.542s][info][gc,heap     ] GC(2) Soft Max Capacity: 3922M(100%)
[2026-04-03T01:08:24.536+0600][30.542s][info][gc,heap     ] GC(2)                Mark Start          Mark End        Relocate Start      Relocate End           High               Low         
[2026-04-03T01:08:24.536+0600][30.542s][info][gc,heap     ] GC(2)  Capacity:      800M (20%)         802M (20%)         802M (20%)         834M (21%)         834M (21%)         800M (20%)    
[2026-04-03T01:08:24.536+0600][30.542s][info][gc,heap     ] GC(2)      Free:     3122M (80%)        3120M (80%)        3440M (88%)        3842M (98%)        3842M (98%)        3120M (80%)    
[2026-04-03T01:08:24.536+0600][30.542s][info][gc,heap     ] GC(2)      Used:      800M (20%)         802M (20%)         482M (12%)          80M (2%)          802M (20%)          80M (2%)     
[2026-04-03T01:08:24.536+0600][30.542s][info][gc,heap     ] GC(2)      Live:         -                18M (0%)           18M (0%)           18M (0%)             -                  -          
[2026-04-03T01:08:24.536+0600][30.542s][info][gc,heap     ] GC(2) Allocated:         -                 2M (0%)            2M (0%)           33M (1%)             -                  -          
[2026-04-03T01:08:24.536+0600][30.542s][info][gc,heap     ] GC(2)   Garbage:         -               781M (20%)         461M (12%)          27M (1%)             -                  -          
[2026-04-03T01:08:24.536+0600][30.543s][info][gc,heap     ] GC(2) Reclaimed:         -                  -               320M (8%)          753M (19%)            -                  -          
[2026-04-03T01:08:24.536+0600][30.543s][info][gc          ] GC(2) Garbage Collection (Warmup) 800M(20%)->80M(2%)
[2026-04-03T01:08:28.655+0600][34.661s][info][gc,heap,exit] Heap
[2026-04-03T01:08:28.655+0600][34.661s][info][gc,heap,exit]  ZHeap           used 1176M, capacity 1176M, max capacity 3922M
[2026-04-03T01:08:28.655+0600][34.661s][info][gc,heap,exit]  Metaspace       used 9984K, committed 10240K, reserved 1114112K
[2026-04-03T01:08:28.655+0600][34.661s][info][gc,heap,exit]   class space    used 1060K, committed 1152K, reserved 1048576K
