[2026-04-03T06:52:33.614+0600][0.006s][info][gc,init] CardTable entry size: 512
[2026-04-03T06:52:33.615+0600][0.006s][info][gc     ] Using G1
[2026-04-03T06:52:33.618+0600][0.010s][info][gc,init] Version: 21.0.10+7-Ubuntu-124.04 (release)
[2026-04-03T06:52:33.619+0600][0.010s][info][gc,init] CPUs: 12 total, 12 available
[2026-04-03T06:52:33.619+0600][0.010s][info][gc,init] Memory: 15683M
[2026-04-03T06:52:33.619+0600][0.010s][info][gc,init] Large Page Support: Disabled
[2026-04-03T06:52:33.619+0600][0.010s][info][gc,init] NUMA Support: Disabled
[2026-04-03T06:52:33.619+0600][0.010s][info][gc,init] Compressed Oops: Enabled (Zero based)
[2026-04-03T06:52:33.619+0600][0.010s][info][gc,init] Heap Region Size: 2M
[2026-04-03T06:52:33.619+0600][0.010s][info][gc,init] Heap Min Capacity: 8M
[2026-04-03T06:52:33.619+0600][0.010s][info][gc,init] Heap Initial Capacity: 246M
[2026-04-03T06:52:33.619+0600][0.010s][info][gc,init] Heap Max Capacity: 3922M
[2026-04-03T06:52:33.619+0600][0.010s][info][gc,init] Pre-touch: Disabled
[2026-04-03T06:52:33.619+0600][0.010s][info][gc,init] Parallel Workers: 10
[2026-04-03T06:52:33.619+0600][0.010s][info][gc,init] Concurrent Workers: 3
[2026-04-03T06:52:33.619+0600][0.010s][info][gc,init] Concurrent Refinement Workers: 10
[2026-04-03T06:52:33.619+0600][0.010s][info][gc,init] Periodic GC: Disabled
[2026-04-03T06:52:33.633+0600][0.025s][info][gc,metaspace] CDS archive(s) mapped at: [0x00007ddef7000000-0x00007ddef7c9c000-0x00007ddef7c9c000), size 13221888, SharedBaseAddress: 0x00007ddef7000000, ArchiveRelocationMode: 1.
[2026-04-03T06:52:33.633+0600][0.025s][info][gc,metaspace] Compressed class space mapped at: 0x00007ddef8000000-0x00007ddf38000000, reserved size: 1073741824
[2026-04-03T06:52:33.633+0600][0.025s][info][gc,metaspace] Narrow klass base: 0x00007ddef7000000, Narrow klass shift: 0, Narrow klass range: 0x100000000
[2026-04-03T06:52:34.000+0600][0.392s][info][gc,start    ] GC(0) Pause Young (Normal) (G1 Evacuation Pause)
[2026-04-03T06:52:34.001+0600][0.393s][info][gc,task     ] GC(0) Using 5 workers of 10 for evacuation
[2026-04-03T06:52:34.004+0600][0.395s][info][gc,phases   ] GC(0)   Pre Evacuate Collection Set: 0.18ms
[2026-04-03T06:52:34.004+0600][0.395s][info][gc,phases   ] GC(0)   Merge Heap Roots: 0.16ms
[2026-04-03T06:52:34.004+0600][0.395s][info][gc,phases   ] GC(0)   Evacuate Collection Set: 1.80ms
[2026-04-03T06:52:34.004+0600][0.395s][info][gc,phases   ] GC(0)   Post Evacuate Collection Set: 0.31ms
[2026-04-03T06:52:34.004+0600][0.395s][info][gc,phases   ] GC(0)   Other: 0.95ms
[2026-04-03T06:52:34.004+0600][0.395s][info][gc,heap     ] GC(0) Eden regions: 11->0(22)
[2026-04-03T06:52:34.004+0600][0.396s][info][gc,heap     ] GC(0) Survivor regions: 0->2(2)
[2026-04-03T06:52:34.004+0600][0.396s][info][gc,heap     ] GC(0) Old regions: 1->1
[2026-04-03T06:52:34.004+0600][0.396s][info][gc,heap     ] GC(0) Humongous regions: 0->0
[2026-04-03T06:52:34.004+0600][0.396s][info][gc,metaspace] GC(0) Metaspace: 2520K(2688K)->2520K(2688K) NonClass: 2292K(2368K)->2292K(2368K) Class: 228K(320K)->228K(320K)
[2026-04-03T06:52:34.005+0600][0.396s][info][gc          ] GC(0) Pause Young (Normal) (G1 Evacuation Pause) 23M->3M(248M) 4.549ms
[2026-04-03T06:52:34.005+0600][0.396s][info][gc,cpu      ] GC(0) User=0.01s Sys=0.00s Real=0.01s
[2026-04-03T06:52:34.137+0600][0.529s][info][gc,start    ] GC(1) Pause Young (Normal) (G1 Evacuation Pause)
[2026-04-03T06:52:34.137+0600][0.529s][info][gc,task     ] GC(1) Using 5 workers of 10 for evacuation
[2026-04-03T06:52:34.140+0600][0.532s][info][gc,phases   ] GC(1)   Pre Evacuate Collection Set: 0.29ms
[2026-04-03T06:52:34.140+0600][0.532s][info][gc,phases   ] GC(1)   Merge Heap Roots: 0.15ms
[2026-04-03T06:52:34.140+0600][0.532s][info][gc,phases   ] GC(1)   Evacuate Collection Set: 1.60ms
[2026-04-03T06:52:34.140+0600][0.532s][info][gc,phases   ] GC(1)   Post Evacuate Collection Set: 0.44ms
[2026-04-03T06:52:34.140+0600][0.532s][info][gc,phases   ] GC(1)   Other: 0.09ms
[2026-04-03T06:52:34.140+0600][0.532s][info][gc,heap     ] GC(1) Eden regions: 22->0(71)
[2026-04-03T06:52:34.140+0600][0.532s][info][gc,heap     ] GC(1) Survivor regions: 2->2(3)
[2026-04-03T06:52:34.140+0600][0.532s][info][gc,heap     ] GC(1) Old regions: 1->1
[2026-04-03T06:52:34.140+0600][0.532s][info][gc,heap     ] GC(1) Humongous regions: 0->0
[2026-04-03T06:52:34.140+0600][0.532s][info][gc,metaspace] GC(1) Metaspace: 3800K(3968K)->3800K(3968K) NonClass: 3367K(3456K)->3367K(3456K) Class: 432K(512K)->432K(512K)
[2026-04-03T06:52:34.140+0600][0.532s][info][gc          ] GC(1) Pause Young (Normal) (G1 Evacuation Pause) 47M->3M(248M) 2.861ms
[2026-04-03T06:52:34.140+0600][0.532s][info][gc,cpu      ] GC(1) User=0.01s Sys=0.00s Real=0.00s
[2026-04-03T06:52:34.718+0600][1.110s][info][gc,start    ] GC(2) Pause Young (Normal) (G1 Evacuation Pause)
[2026-04-03T06:52:34.718+0600][1.110s][info][gc,task     ] GC(2) Using 5 workers of 10 for evacuation
[2026-04-03T06:52:34.722+0600][1.113s][info][gc,phases   ] GC(2)   Pre Evacuate Collection Set: 0.28ms
[2026-04-03T06:52:34.722+0600][1.114s][info][gc,phases   ] GC(2)   Merge Heap Roots: 0.12ms
[2026-04-03T06:52:34.722+0600][1.114s][info][gc,phases   ] GC(2)   Evacuate Collection Set: 2.22ms
[2026-04-03T06:52:34.722+0600][1.114s][info][gc,phases   ] GC(2)   Post Evacuate Collection Set: 0.70ms
[2026-04-03T06:52:34.722+0600][1.114s][info][gc,phases   ] GC(2)   Other: 0.13ms
[2026-04-03T06:52:34.722+0600][1.114s][info][gc,heap     ] GC(2) Eden regions: 71->0(71)
[2026-04-03T06:52:34.722+0600][1.114s][info][gc,heap     ] GC(2) Survivor regions: 2->2(10)
[2026-04-03T06:52:34.722+0600][1.114s][info][gc,heap     ] GC(2) Old regions: 1->1
[2026-04-03T06:52:34.722+0600][1.114s][info][gc,heap     ] GC(2) Humongous regions: 0->0
[2026-04-03T06:52:34.722+0600][1.114s][info][gc,metaspace] GC(2) Metaspace: 9903K(10112K)->9903K(10112K) NonClass: 8648K(8768K)->8648K(8768K) Class: 1254K(1344K)->1254K(1344K)
[2026-04-03T06:52:34.722+0600][1.114s][info][gc          ] GC(2) Pause Young (Normal) (G1 Evacuation Pause) 145M->4M(248M) 3.755ms
[2026-04-03T06:52:34.722+0600][1.114s][info][gc,cpu      ] GC(2) User=0.02s Sys=0.00s Real=0.00s
[2026-04-03T06:52:37.440+0600][3.831s][info][gc,start    ] GC(3) Pause Young (Normal) (G1 Evacuation Pause)
[2026-04-03T06:52:37.440+0600][3.831s][info][gc,task     ] GC(3) Using 5 workers of 10 for evacuation
[2026-04-03T06:52:37.445+0600][3.837s][info][gc,phases   ] GC(3)   Pre Evacuate Collection Set: 0.20ms
[2026-04-03T06:52:37.446+0600][3.837s][info][gc,phases   ] GC(3)   Merge Heap Roots: 0.09ms
[2026-04-03T06:52:37.446+0600][3.837s][info][gc,phases   ] GC(3)   Evacuate Collection Set: 4.66ms
[2026-04-03T06:52:37.446+0600][3.837s][info][gc,phases   ] GC(3)   Post Evacuate Collection Set: 0.73ms
[2026-04-03T06:52:37.446+0600][3.837s][info][gc,phases   ] GC(3)   Other: 0.08ms
[2026-04-03T06:52:37.446+0600][3.837s][info][gc,heap     ] GC(3) Eden regions: 71->0(66)
[2026-04-03T06:52:37.446+0600][3.837s][info][gc,heap     ] GC(3) Survivor regions: 2->7(10)
[2026-04-03T06:52:37.446+0600][3.837s][info][gc,heap     ] GC(3) Old regions: 1->1
[2026-04-03T06:52:37.446+0600][3.837s][info][gc,heap     ] GC(3) Humongous regions: 3->3
[2026-04-03T06:52:37.446+0600][3.837s][info][gc,metaspace] GC(3) Metaspace: 17260K(17536K)->17260K(17536K) NonClass: 15105K(15232K)->15105K(15232K) Class: 2154K(2304K)->2154K(2304K)
[2026-04-03T06:52:37.446+0600][3.837s][info][gc          ] GC(3) Pause Young (Normal) (G1 Evacuation Pause) 152M->20M(248M) 6.107ms
[2026-04-03T06:52:37.446+0600][3.837s][info][gc,cpu      ] GC(3) User=0.02s Sys=0.01s Real=0.01s
[2026-04-03T06:52:37.748+0600][4.139s][info][gc,start    ] GC(4) Pause Young (Concurrent Start) (Metadata GC Threshold)
[2026-04-03T06:52:37.748+0600][4.140s][info][gc,task     ] GC(4) Using 5 workers of 10 for evacuation
[2026-04-03T06:52:37.754+0600][4.146s][info][gc,phases   ] GC(4)   Pre Evacuate Collection Set: 0.22ms
[2026-04-03T06:52:37.754+0600][4.146s][info][gc,phases   ] GC(4)   Merge Heap Roots: 0.05ms
[2026-04-03T06:52:37.754+0600][4.146s][info][gc,phases   ] GC(4)   Evacuate Collection Set: 4.52ms
[2026-04-03T06:52:37.754+0600][4.146s][info][gc,phases   ] GC(4)   Post Evacuate Collection Set: 1.07ms
[2026-04-03T06:52:37.754+0600][4.146s][info][gc,phases   ] GC(4)   Other: 0.11ms
[2026-04-03T06:52:37.754+0600][4.146s][info][gc,heap     ] GC(4) Eden regions: 8->0(67)
[2026-04-03T06:52:37.754+0600][4.146s][info][gc,heap     ] GC(4) Survivor regions: 7->6(10)
[2026-04-03T06:52:37.754+0600][4.146s][info][gc,heap     ] GC(4) Old regions: 1->3
[2026-04-03T06:52:37.754+0600][4.146s][info][gc,heap     ] GC(4) Humongous regions: 3->3
[2026-04-03T06:52:37.754+0600][4.146s][info][gc,metaspace] GC(4) Metaspace: 21218K(21504K)->21218K(21504K) NonClass: 18586K(18688K)->18586K(18688K) Class: 2631K(2816K)->2631K(2816K)
[2026-04-03T06:52:37.754+0600][4.146s][info][gc          ] GC(4) Pause Young (Concurrent Start) (Metadata GC Threshold) 36M->21M(248M) 6.320ms
[2026-04-03T06:52:37.754+0600][4.146s][info][gc,cpu      ] GC(4) User=0.03s Sys=0.01s Real=0.01s
[2026-04-03T06:52:37.754+0600][4.146s][info][gc          ] GC(5) Concurrent Mark Cycle
[2026-04-03T06:52:37.754+0600][4.146s][info][gc,marking  ] GC(5) Concurrent Scan Root Regions
[2026-04-03T06:52:37.757+0600][4.149s][info][gc,marking  ] GC(5) Concurrent Scan Root Regions 3.038ms
[2026-04-03T06:52:37.757+0600][4.149s][info][gc,marking  ] GC(5) Concurrent Mark
[2026-04-03T06:52:37.757+0600][4.149s][info][gc,marking  ] GC(5) Concurrent Mark From Roots
[2026-04-03T06:52:37.757+0600][4.149s][info][gc,task     ] GC(5) Using 3 workers of 3 for marking
[2026-04-03T06:52:37.760+0600][4.152s][info][gc,marking  ] GC(5) Concurrent Mark From Roots 3.165ms
[2026-04-03T06:52:37.760+0600][4.152s][info][gc,marking  ] GC(5) Concurrent Preclean
[2026-04-03T06:52:37.760+0600][4.152s][info][gc,marking  ] GC(5) Concurrent Preclean 0.022ms
[2026-04-03T06:52:37.761+0600][4.152s][info][gc,start    ] GC(5) Pause Remark
[2026-04-03T06:52:37.764+0600][4.155s][info][gc          ] GC(5) Pause Remark 22M->22M(80M) 2.902ms
[2026-04-03T06:52:37.764+0600][4.155s][info][gc,cpu      ] GC(5) User=0.01s Sys=0.00s Real=0.01s
[2026-04-03T06:52:37.764+0600][4.155s][info][gc,marking  ] GC(5) Concurrent Mark 6.475ms
[2026-04-03T06:52:37.764+0600][4.156s][info][gc,marking  ] GC(5) Concurrent Rebuild Remembered Sets and Scrub Regions
[2026-04-03T06:52:37.766+0600][4.158s][info][gc,marking  ] GC(5) Concurrent Rebuild Remembered Sets and Scrub Regions 2.277ms
[2026-04-03T06:52:37.776+0600][4.168s][info][gc,start    ] GC(5) Pause Cleanup
[2026-04-03T06:52:37.776+0600][4.168s][info][gc          ] GC(5) Pause Cleanup 22M->22M(80M) 0.264ms
[2026-04-03T06:52:37.776+0600][4.168s][info][gc,cpu      ] GC(5) User=0.00s Sys=0.00s Real=0.00s
[2026-04-03T06:52:37.776+0600][4.168s][info][gc,marking  ] GC(5) Concurrent Clear Claimed Marks
[2026-04-03T06:52:37.776+0600][4.168s][info][gc,marking  ] GC(5) Concurrent Clear Claimed Marks 0.060ms
[2026-04-03T06:52:37.776+0600][4.168s][info][gc,marking  ] GC(5) Concurrent Cleanup for Next Mark
[2026-04-03T06:52:37.777+0600][4.169s][info][gc,marking  ] GC(5) Concurrent Cleanup for Next Mark 0.694ms
[2026-04-03T06:52:37.777+0600][4.169s][info][gc          ] GC(5) Concurrent Mark Cycle 23.193ms
[2026-04-03T06:52:38.803+0600][5.195s][info][gc,start    ] GC(6) Pause Young (Prepare Mixed) (G1 Evacuation Pause)
[2026-04-03T06:52:38.804+0600][5.195s][info][gc,task     ] GC(6) Using 3 workers of 10 for evacuation
[2026-04-03T06:52:38.813+0600][5.205s][info][gc,phases   ] GC(6)   Pre Evacuate Collection Set: 0.31ms
[2026-04-03T06:52:38.813+0600][5.205s][info][gc,phases   ] GC(6)   Merge Heap Roots: 0.06ms
[2026-04-03T06:52:38.813+0600][5.205s][info][gc,phases   ] GC(6)   Evacuate Collection Set: 8.60ms
[2026-04-03T06:52:38.813+0600][5.205s][info][gc,phases   ] GC(6)   Post Evacuate Collection Set: 0.80ms
[2026-04-03T06:52:38.813+0600][5.205s][info][gc,phases   ] GC(6)   Other: 0.07ms
[2026-04-03T06:52:38.813+0600][5.205s][info][gc,heap     ] GC(6) Eden regions: 27->0(27)
[2026-04-03T06:52:38.813+0600][5.205s][info][gc,heap     ] GC(6) Survivor regions: 6->2(10)
[2026-04-03T06:52:38.813+0600][5.205s][info][gc,heap     ] GC(6) Old regions: 3->9
[2026-04-03T06:52:38.814+0600][5.205s][info][gc,heap     ] GC(6) Humongous regions: 5->4
[2026-04-03T06:52:38.814+0600][5.205s][info][gc,metaspace] GC(6) Metaspace: 28583K(28928K)->28583K(28928K) NonClass: 25022K(25216K)->25022K(25216K) Class: 3560K(3712K)->3560K(3712K)
[2026-04-03T06:52:38.814+0600][5.205s][info][gc          ] GC(6) Pause Young (Prepare Mixed) (G1 Evacuation Pause) 79M->26M(98M) 10.116ms
[2026-04-03T06:52:38.814+0600][5.205s][info][gc,cpu      ] GC(6) User=0.01s Sys=0.01s Real=0.01s
[2026-04-03T06:52:40.766+0600][7.158s][info][gc,start    ] GC(7) Pause Young (Mixed) (G1 Evacuation Pause)
[2026-04-03T06:52:40.766+0600][7.158s][info][gc,task     ] GC(7) Using 2 workers of 10 for evacuation
[2026-04-03T06:52:40.777+0600][7.169s][info][gc,phases   ] GC(7)   Pre Evacuate Collection Set: 0.14ms
[2026-04-03T06:52:40.777+0600][7.169s][info][gc,phases   ] GC(7)   Merge Heap Roots: 0.10ms
[2026-04-03T06:52:40.777+0600][7.169s][info][gc,phases   ] GC(7)   Evacuate Collection Set: 10.22ms
[2026-04-03T06:52:40.777+0600][7.169s][info][gc,phases   ] GC(7)   Post Evacuate Collection Set: 0.63ms
[2026-04-03T06:52:40.777+0600][7.169s][info][gc,phases   ] GC(7)   Other: 0.09ms
[2026-04-03T06:52:40.777+0600][7.169s][info][gc,heap     ] GC(7) Eden regions: 26->0(28)
[2026-04-03T06:52:40.777+0600][7.169s][info][gc,heap     ] GC(7) Survivor regions: 2->3(4)
[2026-04-03T06:52:40.777+0600][7.169s][info][gc,heap     ] GC(7) Old regions: 9->8
[2026-04-03T06:52:40.777+0600][7.169s][info][gc,heap     ] GC(7) Humongous regions: 12->3
[2026-04-03T06:52:40.777+0600][7.169s][info][gc,metaspace] GC(7) Metaspace: 35605K(36032K)->35605K(36032K) NonClass: 31162K(31424K)->31162K(31424K) Class: 4442K(4608K)->4442K(4608K)
[2026-04-03T06:52:40.777+0600][7.169s][info][gc          ] GC(7) Pause Young (Mixed) (G1 Evacuation Pause) 94M->25M(104M) 11.545ms
[2026-04-03T06:52:40.777+0600][7.169s][info][gc,cpu      ] GC(7) User=0.02s Sys=0.00s Real=0.01s
[2026-04-03T06:52:40.788+0600][7.180s][info][gc,start    ] GC(8) Pause Young (Concurrent Start) (Metadata GC Threshold)
[2026-04-03T06:52:40.788+0600][7.180s][info][gc,task     ] GC(8) Using 2 workers of 10 for evacuation
[2026-04-03T06:52:40.797+0600][7.189s][info][gc,phases   ] GC(8)   Pre Evacuate Collection Set: 0.46ms
[2026-04-03T06:52:40.797+0600][7.189s][info][gc,phases   ] GC(8)   Merge Heap Roots: 0.08ms
[2026-04-03T06:52:40.797+0600][7.189s][info][gc,phases   ] GC(8)   Evacuate Collection Set: 7.02ms
[2026-04-03T06:52:40.797+0600][7.189s][info][gc,phases   ] GC(8)   Post Evacuate Collection Set: 0.70ms
[2026-04-03T06:52:40.797+0600][7.189s][info][gc,phases   ] GC(8)   Other: 0.18ms
[2026-04-03T06:52:40.797+0600][7.189s][info][gc,heap     ] GC(8) Eden regions: 2->0(29)
[2026-04-03T06:52:40.797+0600][7.189s][info][gc,heap     ] GC(8) Survivor regions: 3->2(4)
[2026-04-03T06:52:40.797+0600][7.189s][info][gc,heap     ] GC(8) Old regions: 8->9
[2026-04-03T06:52:40.797+0600][7.189s][info][gc,heap     ] GC(8) Humongous regions: 3->3
[2026-04-03T06:52:40.797+0600][7.189s][info][gc,metaspace] GC(8) Metaspace: 35720K(36096K)->35720K(36096K) NonClass: 31268K(31488K)->31268K(31488K) Class: 4452K(4608K)->4452K(4608K)
[2026-04-03T06:52:40.797+0600][7.189s][info][gc          ] GC(8) Pause Young (Concurrent Start) (Metadata GC Threshold) 29M->25M(104M) 8.735ms
[2026-04-03T06:52:40.797+0600][7.189s][info][gc,cpu      ] GC(8) User=0.01s Sys=0.00s Real=0.01s
[2026-04-03T06:52:40.797+0600][7.189s][info][gc          ] GC(9) Concurrent Mark Cycle
[2026-04-03T06:52:40.797+0600][7.189s][info][gc,marking  ] GC(9) Concurrent Scan Root Regions
[2026-04-03T06:52:40.800+0600][7.191s][info][gc,marking  ] GC(9) Concurrent Scan Root Regions 2.548ms
[2026-04-03T06:52:40.800+0600][7.191s][info][gc,marking  ] GC(9) Concurrent Mark
[2026-04-03T06:52:40.800+0600][7.191s][info][gc,marking  ] GC(9) Concurrent Mark From Roots
[2026-04-03T06:52:40.800+0600][7.191s][info][gc,task     ] GC(9) Using 3 workers of 3 for marking
[2026-04-03T06:52:40.805+0600][7.197s][info][gc,marking  ] GC(9) Concurrent Mark From Roots 5.759ms
[2026-04-03T06:52:40.806+0600][7.197s][info][gc,marking  ] GC(9) Concurrent Preclean
[2026-04-03T06:52:40.806+0600][7.197s][info][gc,marking  ] GC(9) Concurrent Preclean 0.103ms
[2026-04-03T06:52:40.806+0600][7.198s][info][gc,start    ] GC(9) Pause Remark
[2026-04-03T06:52:40.812+0600][7.203s][info][gc          ] GC(9) Pause Remark 26M->26M(94M) 5.753ms
[2026-04-03T06:52:40.812+0600][7.203s][info][gc,cpu      ] GC(9) User=0.01s Sys=0.00s Real=0.00s
[2026-04-03T06:52:40.812+0600][7.204s][info][gc,marking  ] GC(9) Concurrent Mark 12.097ms
[2026-04-03T06:52:40.812+0600][7.204s][info][gc,marking  ] GC(9) Concurrent Rebuild Remembered Sets and Scrub Regions
[2026-04-03T06:52:40.815+0600][7.207s][info][gc,marking  ] GC(9) Concurrent Rebuild Remembered Sets and Scrub Regions 3.200ms
[2026-04-03T06:52:40.815+0600][7.207s][info][gc,start    ] GC(9) Pause Cleanup
[2026-04-03T06:52:40.816+0600][7.207s][info][gc          ] GC(9) Pause Cleanup 26M->26M(94M) 0.242ms
[2026-04-03T06:52:40.816+0600][7.207s][info][gc,cpu      ] GC(9) User=0.00s Sys=0.00s Real=0.00s
[2026-04-03T06:52:40.816+0600][7.207s][info][gc,marking  ] GC(9) Concurrent Clear Claimed Marks
[2026-04-03T06:52:40.816+0600][7.208s][info][gc,marking  ] GC(9) Concurrent Clear Claimed Marks 0.063ms
[2026-04-03T06:52:40.816+0600][7.208s][info][gc,marking  ] GC(9) Concurrent Cleanup for Next Mark
[2026-04-03T06:52:40.816+0600][7.208s][info][gc,marking  ] GC(9) Concurrent Cleanup for Next Mark 0.286ms
[2026-04-03T06:52:40.816+0600][7.208s][info][gc          ] GC(9) Concurrent Mark Cycle 19.138ms
[2026-04-03T06:52:42.494+0600][8.885s][info][gc,start    ] GC(10) Pause Young (Prepare Mixed) (GCLocker Initiated GC)
[2026-04-03T06:52:42.494+0600][8.885s][info][gc,task     ] GC(10) Using 2 workers of 10 for evacuation
[2026-04-03T06:52:42.505+0600][8.897s][info][gc,phases   ] GC(10)   Pre Evacuate Collection Set: 0.21ms
[2026-04-03T06:52:42.505+0600][8.897s][info][gc,phases   ] GC(10)   Merge Heap Roots: 0.11ms
[2026-04-03T06:52:42.505+0600][8.897s][info][gc,phases   ] GC(10)   Evacuate Collection Set: 10.23ms
[2026-04-03T06:52:42.505+0600][8.897s][info][gc,phases   ] GC(10)   Post Evacuate Collection Set: 0.73ms
[2026-04-03T06:52:42.505+0600][8.897s][info][gc,phases   ] GC(10)   Other: 0.09ms
[2026-04-03T06:52:42.505+0600][8.897s][info][gc,heap     ] GC(10) Eden regions: 27->0(26)
[2026-04-03T06:52:42.505+0600][8.897s][info][gc,heap     ] GC(10) Survivor regions: 2->4(4)
[2026-04-03T06:52:42.505+0600][8.897s][info][gc,heap     ] GC(10) Old regions: 9->9
[2026-04-03T06:52:42.505+0600][8.897s][info][gc,heap     ] GC(10) Humongous regions: 9->3
[2026-04-03T06:52:42.505+0600][8.897s][info][gc,metaspace] GC(10) Metaspace: 42760K(43200K)->42760K(43200K) NonClass: 37438K(37696K)->37438K(37696K) Class: 5322K(5504K)->5322K(5504K)
[2026-04-03T06:52:42.505+0600][8.897s][info][gc          ] GC(10) Pause Young (Prepare Mixed) (GCLocker Initiated GC) 91M->28M(102M) 11.693ms
[2026-04-03T06:52:42.505+0600][8.897s][info][gc,cpu      ] GC(10) User=0.03s Sys=0.01s Real=0.01s
[2026-04-03T06:52:43.014+0600][9.406s][info][gc,start    ] GC(11) Pause Young (Mixed) (G1 Evacuation Pause)
[2026-04-03T06:52:43.014+0600][9.406s][info][gc,task     ] GC(11) Using 2 workers of 10 for evacuation
[2026-04-03T06:52:43.025+0600][9.417s][info][gc,phases   ] GC(11)   Pre Evacuate Collection Set: 0.30ms
[2026-04-03T06:52:43.025+0600][9.417s][info][gc,phases   ] GC(11)   Merge Heap Roots: 0.19ms
[2026-04-03T06:52:43.025+0600][9.417s][info][gc,phases   ] GC(11)   Evacuate Collection Set: 9.88ms
[2026-04-03T06:52:43.025+0600][9.417s][info][gc,phases   ] GC(11)   Post Evacuate Collection Set: 0.54ms
[2026-04-03T06:52:43.025+0600][9.417s][info][gc,phases   ] GC(11)   Other: 0.08ms
[2026-04-03T06:52:43.025+0600][9.417s][info][gc,heap     ] GC(11) Eden regions: 26->0(27)
[2026-04-03T06:52:43.025+0600][9.417s][info][gc,heap     ] GC(11) Survivor regions: 4->3(4)
[2026-04-03T06:52:43.025+0600][9.417s][info][gc,heap     ] GC(11) Old regions: 9->11
[2026-04-03T06:52:43.025+0600][9.417s][info][gc,heap     ] GC(11) Humongous regions: 3->3
[2026-04-03T06:52:43.025+0600][9.417s][info][gc,metaspace] GC(11) Metaspace: 49539K(49984K)->49539K(49984K) NonClass: 43384K(43648K)->43384K(43648K) Class: 6155K(6336K)->6155K(6336K)
[2026-04-03T06:52:43.025+0600][9.417s][info][gc          ] GC(11) Pause Young (Mixed) (G1 Evacuation Pause) 80M->30M(102M) 11.362ms
[2026-04-03T06:52:43.026+0600][9.417s][info][gc,cpu      ] GC(11) User=0.02s Sys=0.01s Real=0.01s
[2026-04-03T06:52:43.168+0600][9.560s][info][gc,start    ] GC(12) Pause Young (Normal) (G1 Evacuation Pause)
[2026-04-03T06:52:43.168+0600][9.560s][info][gc,task     ] GC(12) Using 2 workers of 10 for evacuation
[2026-04-03T06:52:43.486+0600][9.878s][info][gc,mmu      ] GC(12) MMU target violated: 201.0ms (200.0ms/201.0ms)
[2026-04-03T06:52:43.486+0600][9.878s][info][gc,phases   ] GC(12)   Pre Evacuate Collection Set: 0.32ms
[2026-04-03T06:52:43.486+0600][9.878s][info][gc,phases   ] GC(12)   Merge Heap Roots: 0.14ms
[2026-04-03T06:52:43.486+0600][9.878s][info][gc,phases   ] GC(12)   Evacuate Collection Set: 316.11ms
[2026-04-03T06:52:43.486+0600][9.878s][info][gc,phases   ] GC(12)   Post Evacuate Collection Set: 1.11ms
[2026-04-03T06:52:43.486+0600][9.878s][info][gc,phases   ] GC(12)   Other: 0.18ms
[2026-04-03T06:52:43.486+0600][9.878s][info][gc,heap     ] GC(12) Eden regions: 27->0(19)
[2026-04-03T06:52:43.486+0600][9.878s][info][gc,heap     ] GC(12) Survivor regions: 3->4(4)
[2026-04-03T06:52:43.486+0600][9.878s][info][gc,heap     ] GC(12) Old regions: 11->35
[2026-04-03T06:52:43.486+0600][9.878s][info][gc,heap     ] GC(12) Humongous regions: 3->3
[2026-04-03T06:52:43.486+0600][9.878s][info][gc,metaspace] GC(12) Metaspace: 49620K(50048K)->49620K(50048K) NonClass: 43455K(43712K)->43455K(43712K) Class: 6165K(6336K)->6165K(6336K)
[2026-04-03T06:52:43.486+0600][9.878s][info][gc          ] GC(12) Pause Young (Normal) (G1 Evacuation Pause) 84M->83M(174M) 318.140ms
[2026-04-03T06:52:43.486+0600][9.878s][info][gc,cpu      ] GC(12) User=0.60s Sys=0.03s Real=0.32s
[2026-04-03T06:52:43.585+0600][9.976s][info][gc,start    ] GC(13) Pause Young (Normal) (G1 Evacuation Pause)
[2026-04-03T06:52:43.585+0600][9.977s][info][gc,task     ] GC(13) Using 4 workers of 10 for evacuation
[2026-04-03T06:52:43.837+0600][10.229s][info][gc,mmu      ] GC(13) MMU target violated: 201.0ms (200.0ms/201.0ms)
[2026-04-03T06:52:43.838+0600][10.229s][info][gc,phases   ] GC(13)   Pre Evacuate Collection Set: 0.22ms
[2026-04-03T06:52:43.838+0600][10.229s][info][gc,phases   ] GC(13)   Merge Heap Roots: 0.07ms
[2026-04-03T06:52:43.838+0600][10.229s][info][gc,phases   ] GC(13)   Evacuate Collection Set: 251.88ms
[2026-04-03T06:52:43.838+0600][10.229s][info][gc,phases   ] GC(13)   Post Evacuate Collection Set: 0.40ms
[2026-04-03T06:52:43.838+0600][10.229s][info][gc,phases   ] GC(13)   Other: 0.22ms
[2026-04-03T06:52:43.838+0600][10.229s][info][gc,heap     ] GC(13) Eden regions: 19->0(8)
[2026-04-03T06:52:43.838+0600][10.229s][info][gc,heap     ] GC(13) Survivor regions: 4->3(3)
[2026-04-03T06:52:43.838+0600][10.229s][info][gc,heap     ] GC(13) Old regions: 35->56
[2026-04-03T06:52:43.838+0600][10.229s][info][gc,heap     ] GC(13) Humongous regions: 3->3
[2026-04-03T06:52:43.838+0600][10.229s][info][gc,metaspace] GC(13) Metaspace: 49620K(50048K)->49620K(50048K) NonClass: 43455K(43712K)->43455K(43712K) Class: 6165K(6336K)->6165K(6336K)
[2026-04-03T06:52:43.838+0600][10.230s][info][gc          ] GC(13) Pause Young (Normal) (G1 Evacuation Pause) 121M->123M(174M) 253.026ms
[2026-04-03T06:52:43.838+0600][10.230s][info][gc,cpu      ] GC(13) User=0.65s Sys=0.02s Real=0.25s
[2026-04-03T06:52:43.879+0600][10.271s][info][gc,start    ] GC(14) Pause Young (Concurrent Start) (G1 Evacuation Pause)
[2026-04-03T06:52:43.879+0600][10.271s][info][gc,task     ] GC(14) Using 4 workers of 10 for evacuation
[2026-04-03T06:52:43.997+0600][10.389s][info][gc,phases   ] GC(14)   Pre Evacuate Collection Set: 0.30ms
[2026-04-03T06:52:43.997+0600][10.389s][info][gc,phases   ] GC(14)   Merge Heap Roots: 0.16ms
[2026-04-03T06:52:43.997+0600][10.389s][info][gc,phases   ] GC(14)   Evacuate Collection Set: 116.65ms
[2026-04-03T06:52:43.997+0600][10.389s][info][gc,phases   ] GC(14)   Post Evacuate Collection Set: 0.49ms
[2026-04-03T06:52:43.997+0600][10.389s][info][gc,phases   ] GC(14)   Other: 0.23ms
[2026-04-03T06:52:43.997+0600][10.389s][info][gc,heap     ] GC(14) Eden regions: 8->0(4)
[2026-04-03T06:52:43.997+0600][10.389s][info][gc,heap     ] GC(14) Survivor regions: 3->2(2)
[2026-04-03T06:52:43.997+0600][10.389s][info][gc,heap     ] GC(14) Old regions: 56->66
[2026-04-03T06:52:43.997+0600][10.389s][info][gc,heap     ] GC(14) Humongous regions: 3->3
[2026-04-03T06:52:43.997+0600][10.389s][info][gc,metaspace] GC(14) Metaspace: 49620K(50048K)->49620K(50048K) NonClass: 43455K(43712K)->43455K(43712K) Class: 6165K(6336K)->6165K(6336K)
[2026-04-03T06:52:43.997+0600][10.389s][info][gc          ] GC(14) Pause Young (Concurrent Start) (G1 Evacuation Pause) 139M->141M(174M) 118.184ms
[2026-04-03T06:52:43.997+0600][10.389s][info][gc          ] GC(15) Concurrent Mark Cycle
[2026-04-03T06:52:43.997+0600][10.389s][info][gc,marking  ] GC(15) Concurrent Scan Root Regions
[2026-04-03T06:52:43.997+0600][10.389s][info][gc,cpu      ] GC(14) User=0.36s Sys=0.01s Real=0.12s
[2026-04-03T06:52:44.002+0600][10.394s][info][gc,marking  ] GC(15) Concurrent Scan Root Regions 4.853ms
[2026-04-03T06:52:44.002+0600][10.394s][info][gc,marking  ] GC(15) Concurrent Mark
[2026-04-03T06:52:44.002+0600][10.394s][info][gc,marking  ] GC(15) Concurrent Mark From Roots
[2026-04-03T06:52:44.002+0600][10.394s][info][gc,task     ] GC(15) Using 3 workers of 3 for marking
[2026-04-03T06:52:44.023+0600][10.415s][info][gc,start    ] GC(16) Pause Young (Normal) (G1 Evacuation Pause)
[2026-04-03T06:52:44.023+0600][10.415s][info][gc,task     ] GC(16) Using 4 workers of 10 for evacuation
[2026-04-03T06:52:44.088+0600][10.479s][info][gc,phases   ] GC(16)   Pre Evacuate Collection Set: 0.21ms
[2026-04-03T06:52:44.088+0600][10.479s][info][gc,phases   ] GC(16)   Merge Heap Roots: 0.17ms
[2026-04-03T06:52:44.088+0600][10.479s][info][gc,phases   ] GC(16)   Evacuate Collection Set: 63.21ms
[2026-04-03T06:52:44.088+0600][10.479s][info][gc,phases   ] GC(16)   Post Evacuate Collection Set: 0.81ms
[2026-04-03T06:52:44.088+0600][10.479s][info][gc,phases   ] GC(16)   Other: 0.10ms
[2026-04-03T06:52:44.088+0600][10.479s][info][gc,heap     ] GC(16) Eden regions: 4->0(3)
[2026-04-03T06:52:44.088+0600][10.479s][info][gc,heap     ] GC(16) Survivor regions: 2->1(1)
[2026-04-03T06:52:44.088+0600][10.479s][info][gc,heap     ] GC(16) Old regions: 66->72
[2026-04-03T06:52:44.088+0600][10.479s][info][gc,heap     ] GC(16) Humongous regions: 3->3
[2026-04-03T06:52:44.088+0600][10.479s][info][gc,metaspace] GC(16) Metaspace: 49620K(50048K)->49620K(50048K) NonClass: 43455K(43712K)->43455K(43712K) Class: 6165K(6336K)->6165K(6336K)
[2026-04-03T06:52:44.088+0600][10.480s][info][gc          ] GC(16) Pause Young (Normal) (G1 Evacuation Pause) 149M->151M(174M) 64.818ms
[2026-04-03T06:52:44.088+0600][10.480s][info][gc,cpu      ] GC(16) User=0.20s Sys=0.00s Real=0.07s
[2026-04-03T06:52:44.106+0600][10.498s][info][gc,start    ] GC(17) Pause Young (Normal) (G1 Evacuation Pause)
[2026-04-03T06:52:44.106+0600][10.498s][info][gc,task     ] GC(17) Using 4 workers of 10 for evacuation
[2026-04-03T06:52:44.151+0600][10.543s][info][gc,phases   ] GC(17)   Pre Evacuate Collection Set: 0.23ms
[2026-04-03T06:52:44.151+0600][10.543s][info][gc,phases   ] GC(17)   Merge Heap Roots: 0.06ms
[2026-04-03T06:52:44.151+0600][10.543s][info][gc,phases   ] GC(17)   Evacuate Collection Set: 42.58ms
[2026-04-03T06:52:44.151+0600][10.543s][info][gc,phases   ] GC(17)   Post Evacuate Collection Set: 2.16ms
[2026-04-03T06:52:44.151+0600][10.543s][info][gc,phases   ] GC(17)   Other: 0.11ms
[2026-04-03T06:52:44.151+0600][10.543s][info][gc,heap     ] GC(17) Eden regions: 3->0(24)
[2026-04-03T06:52:44.151+0600][10.543s][info][gc,heap     ] GC(17) Survivor regions: 1->1(1)
[2026-04-03T06:52:44.151+0600][10.543s][info][gc,heap     ] GC(17) Old regions: 72->76
[2026-04-03T06:52:44.151+0600][10.543s][info][gc,heap     ] GC(17) Humongous regions: 3->3
[2026-04-03T06:52:44.151+0600][10.543s][info][gc,metaspace] GC(17) Metaspace: 49620K(50048K)->49620K(50048K) NonClass: 43455K(43712K)->43455K(43712K) Class: 6165K(6336K)->6165K(6336K)
[2026-04-03T06:52:44.151+0600][10.543s][info][gc          ] GC(17) Pause Young (Normal) (G1 Evacuation Pause) 157M->158M(522M) 45.459ms
[2026-04-03T06:52:44.151+0600][10.543s][info][gc,cpu      ] GC(17) User=0.12s Sys=0.01s Real=0.04s
[2026-04-03T06:52:44.261+0600][10.652s][info][gc,marking  ] GC(15) Concurrent Mark From Roots 258.472ms
[2026-04-03T06:52:44.261+0600][10.653s][info][gc,marking  ] GC(15) Concurrent Preclean
[2026-04-03T06:52:44.261+0600][10.653s][info][gc,marking  ] GC(15) Concurrent Preclean 0.142ms
[2026-04-03T06:52:44.261+0600][10.653s][info][gc,start    ] GC(15) Pause Remark
[2026-04-03T06:52:44.265+0600][10.657s][info][gc          ] GC(15) Pause Remark 190M->190M(522M) 3.910ms
[2026-04-03T06:52:44.265+0600][10.657s][info][gc,cpu      ] GC(15) User=0.01s Sys=0.00s Real=0.01s
[2026-04-03T06:52:44.265+0600][10.657s][info][gc,marking  ] GC(15) Concurrent Mark 262.965ms
[2026-04-03T06:52:44.265+0600][10.657s][info][gc,marking  ] GC(15) Concurrent Rebuild Remembered Sets and Scrub Regions
[2026-04-03T06:52:44.298+0600][10.690s][info][gc,marking  ] GC(15) Concurrent Rebuild Remembered Sets and Scrub Regions 32.713ms
[2026-04-03T06:52:44.298+0600][10.690s][info][gc,start    ] GC(15) Pause Cleanup
[2026-04-03T06:52:44.299+0600][10.690s][info][gc          ] GC(15) Pause Cleanup 200M->200M(522M) 0.483ms
[2026-04-03T06:52:44.299+0600][10.690s][info][gc,cpu      ] GC(15) User=0.00s Sys=0.00s Real=0.00s
[2026-04-03T06:52:44.299+0600][10.691s][info][gc,marking  ] GC(15) Concurrent Clear Claimed Marks
[2026-04-03T06:52:44.299+0600][10.691s][info][gc,marking  ] GC(15) Concurrent Clear Claimed Marks 0.084ms
[2026-04-03T06:52:44.299+0600][10.691s][info][gc,marking  ] GC(15) Concurrent Cleanup for Next Mark
[2026-04-03T06:52:44.301+0600][10.693s][info][gc,marking  ] GC(15) Concurrent Cleanup for Next Mark 2.066ms
[2026-04-03T06:52:44.301+0600][10.693s][info][gc          ] GC(15) Concurrent Mark Cycle 303.853ms
[2026-04-03T06:52:44.323+0600][10.715s][info][gc,start    ] GC(18) Pause Young (Prepare Mixed) (G1 Evacuation Pause)
[2026-04-03T06:52:44.323+0600][10.715s][info][gc,task     ] GC(18) Using 10 workers of 10 for evacuation
[2026-04-03T06:52:44.582+0600][10.974s][info][gc,mmu      ] GC(18) MMU target violated: 201.0ms (200.0ms/201.0ms)
[2026-04-03T06:52:44.582+0600][10.974s][info][gc,phases   ] GC(18)   Pre Evacuate Collection Set: 0.20ms
[2026-04-03T06:52:44.582+0600][10.974s][info][gc,phases   ] GC(18)   Merge Heap Roots: 0.06ms
[2026-04-03T06:52:44.582+0600][10.974s][info][gc,phases   ] GC(18)   Evacuate Collection Set: 257.99ms
[2026-04-03T06:52:44.582+0600][10.974s][info][gc,phases   ] GC(18)   Post Evacuate Collection Set: 0.36ms
[2026-04-03T06:52:44.582+0600][10.974s][info][gc,phases   ] GC(18)   Other: 0.20ms
[2026-04-03T06:52:44.582+0600][10.974s][info][gc,heap     ] GC(18) Eden regions: 25->0(24)
[2026-04-03T06:52:44.582+0600][10.974s][info][gc,heap     ] GC(18) Survivor regions: 1->4(4)
[2026-04-03T06:52:44.582+0600][10.974s][info][gc,heap     ] GC(18) Old regions: 76->99
[2026-04-03T06:52:44.582+0600][10.974s][info][gc,heap     ] GC(18) Humongous regions: 3->3
[2026-04-03T06:52:44.582+0600][10.974s][info][gc,metaspace] GC(18) Metaspace: 49620K(50048K)->49620K(50048K) NonClass: 43455K(43712K)->43455K(43712K) Class: 6165K(6336K)->6165K(6336K)
[2026-04-03T06:52:44.582+0600][10.974s][info][gc          ] GC(18) Pause Young (Prepare Mixed) (G1 Evacuation Pause) 208M->211M(522M) 259.097ms
[2026-04-03T06:52:44.582+0600][10.974s][info][gc,cpu      ] GC(18) User=0.61s Sys=0.07s Real=0.26s
[2026-04-03T06:52:44.683+0600][11.075s][info][gc,start    ] GC(19) Pause Young (Mixed) (G1 Evacuation Pause)
[2026-04-03T06:52:44.683+0600][11.075s][info][gc,task     ] GC(19) Using 10 workers of 10 for evacuation
[2026-04-03T06:52:44.977+0600][11.369s][info][gc,mmu      ] GC(19) MMU target violated: 201.0ms (200.0ms/201.0ms)
[2026-04-03T06:52:44.977+0600][11.369s][info][gc,phases   ] GC(19)   Pre Evacuate Collection Set: 0.26ms
[2026-04-03T06:52:44.977+0600][11.369s][info][gc,phases   ] GC(19)   Merge Heap Roots: 0.07ms
[2026-04-03T06:52:44.977+0600][11.369s][info][gc,phases   ] GC(19)   Evacuate Collection Set: 292.70ms
[2026-04-03T06:52:44.977+0600][11.369s][info][gc,phases   ] GC(19)   Post Evacuate Collection Set: 0.73ms
[2026-04-03T06:52:44.977+0600][11.369s][info][gc,phases   ] GC(19)   Other: 0.19ms
[2026-04-03T06:52:44.977+0600][11.369s][info][gc,heap     ] GC(19) Eden regions: 24->0(23)
[2026-04-03T06:52:44.977+0600][11.369s][info][gc,heap     ] GC(19) Survivor regions: 4->4(4)
[2026-04-03T06:52:44.977+0600][11.369s][info][gc,heap     ] GC(19) Old regions: 99->124
[2026-04-03T06:52:44.977+0600][11.369s][info][gc,heap     ] GC(19) Humongous regions: 3->3
[2026-04-03T06:52:44.977+0600][11.369s][info][gc,metaspace] GC(19) Metaspace: 49620K(50048K)->49620K(50048K) NonClass: 43455K(43712K)->43455K(43712K) Class: 6165K(6336K)->6165K(6336K)
[2026-04-03T06:52:44.977+0600][11.369s][info][gc          ] GC(19) Pause Young (Mixed) (G1 Evacuation Pause) 259M->260M(522M) 294.141ms
[2026-04-03T06:52:44.977+0600][11.369s][info][gc,cpu      ] GC(19) User=0.95s Sys=0.09s Real=0.30s
[2026-04-03T06:52:45.077+0600][11.469s][info][gc,start    ] GC(20) Pause Young (Concurrent Start) (G1 Evacuation Pause)
[2026-04-03T06:52:45.078+0600][11.469s][info][gc,task     ] GC(20) Using 10 workers of 10 for evacuation
[2026-04-03T06:52:45.365+0600][11.757s][info][gc,mmu      ] GC(20) MMU target violated: 201.0ms (200.0ms/201.0ms)
[2026-04-03T06:52:45.366+0600][11.757s][info][gc,phases   ] GC(20)   Pre Evacuate Collection Set: 0.38ms
[2026-04-03T06:52:45.366+0600][11.757s][info][gc,phases   ] GC(20)   Merge Heap Roots: 0.06ms
[2026-04-03T06:52:45.366+0600][11.757s][info][gc,phases   ] GC(20)   Evacuate Collection Set: 287.05ms
[2026-04-03T06:52:45.366+0600][11.757s][info][gc,phases   ] GC(20)   Post Evacuate Collection Set: 0.35ms
[2026-04-03T06:52:45.366+0600][11.757s][info][gc,phases   ] GC(20)   Other: 0.18ms
[2026-04-03T06:52:45.366+0600][11.757s][info][gc,heap     ] GC(20) Eden regions: 23->0(27)
[2026-04-03T06:52:45.366+0600][11.757s][info][gc,heap     ] GC(20) Survivor regions: 4->4(4)
[2026-04-03T06:52:45.366+0600][11.757s][info][gc,heap     ] GC(20) Old regions: 124->148
[2026-04-03T06:52:45.366+0600][11.757s][info][gc,heap     ] GC(20) Humongous regions: 3->3
[2026-04-03T06:52:45.366+0600][11.757s][info][gc,metaspace] GC(20) Metaspace: 49620K(50048K)->49620K(50048K) NonClass: 43455K(43712K)->43455K(43712K) Class: 6165K(6336K)->6165K(6336K)
[2026-04-03T06:52:45.366+0600][11.757s][info][gc          ] GC(20) Pause Young (Concurrent Start) (G1 Evacuation Pause) 306M->309M(522M) 288.193ms
[2026-04-03T06:52:45.366+0600][11.757s][info][gc,cpu      ] GC(20) User=0.98s Sys=0.12s Real=0.29s
[2026-04-03T06:52:45.366+0600][11.758s][info][gc          ] GC(21) Concurrent Mark Cycle
[2026-04-03T06:52:45.366+0600][11.758s][info][gc,marking  ] GC(21) Concurrent Scan Root Regions
[2026-04-03T06:52:45.377+0600][11.769s][info][gc,marking  ] GC(21) Concurrent Scan Root Regions 10.959ms
[2026-04-03T06:52:45.377+0600][11.769s][info][gc,marking  ] GC(21) Concurrent Mark
[2026-04-03T06:52:45.377+0600][11.769s][info][gc,marking  ] GC(21) Concurrent Mark From Roots
[2026-04-03T06:52:45.377+0600][11.769s][info][gc,task     ] GC(21) Using 3 workers of 3 for marking
[2026-04-03T06:52:45.533+0600][11.925s][info][gc,start    ] GC(22) Pause Young (Normal) (G1 Evacuation Pause)
[2026-04-03T06:52:45.533+0600][11.925s][info][gc,task     ] GC(22) Using 10 workers of 10 for evacuation
[2026-04-03T06:52:45.849+0600][12.241s][info][gc,mmu      ] GC(22) MMU target violated: 201.0ms (200.0ms/201.0ms)
[2026-04-03T06:52:45.849+0600][12.241s][info][gc,phases   ] GC(22)   Pre Evacuate Collection Set: 0.40ms
[2026-04-03T06:52:45.849+0600][12.241s][info][gc,phases   ] GC(22)   Merge Heap Roots: 0.16ms
[2026-04-03T06:52:45.849+0600][12.241s][info][gc,phases   ] GC(22)   Evacuate Collection Set: 315.10ms
[2026-04-03T06:52:45.849+0600][12.241s][info][gc,phases   ] GC(22)   Post Evacuate Collection Set: 0.25ms
[2026-04-03T06:52:45.849+0600][12.241s][info][gc,phases   ] GC(22)   Other: 0.21ms
[2026-04-03T06:52:45.849+0600][12.241s][info][gc,heap     ] GC(22) Eden regions: 27->0(23)
[2026-04-03T06:52:45.849+0600][12.241s][info][gc,heap     ] GC(22) Survivor regions: 4->4(4)
[2026-04-03T06:52:45.849+0600][12.241s][info][gc,heap     ] GC(22) Old regions: 148->178
[2026-04-03T06:52:45.849+0600][12.241s][info][gc,heap     ] GC(22) Humongous regions: 3->3
[2026-04-03T06:52:45.849+0600][12.241s][info][gc,metaspace] GC(22) Metaspace: 49620K(50048K)->49620K(50048K) NonClass: 43455K(43712K)->43455K(43712K) Class: 6165K(6336K)->6165K(6336K)
[2026-04-03T06:52:45.849+0600][12.241s][info][gc          ] GC(22) Pause Young (Normal) (G1 Evacuation Pause) 363M->367M(522M) 316.377ms
[2026-04-03T06:52:45.849+0600][12.241s][info][gc,cpu      ] GC(22) User=1.03s Sys=0.12s Real=0.32s
[2026-04-03T06:52:45.980+0600][12.371s][info][gc,start    ] GC(23) Pause Young (Normal) (G1 Evacuation Pause)
[2026-04-03T06:52:45.980+0600][12.371s][info][gc,task     ] GC(23) Using 10 workers of 10 for evacuation
[2026-04-03T06:52:46.267+0600][12.658s][info][gc,mmu      ] GC(23) MMU target violated: 201.0ms (200.0ms/201.0ms)
[2026-04-03T06:52:46.267+0600][12.659s][info][gc,phases   ] GC(23)   Pre Evacuate Collection Set: 0.36ms
[2026-04-03T06:52:46.267+0600][12.659s][info][gc,phases   ] GC(23)   Merge Heap Roots: 0.15ms
[2026-04-03T06:52:46.267+0600][12.659s][info][gc,phases   ] GC(23)   Evacuate Collection Set: 282.27ms
[2026-04-03T06:52:46.267+0600][12.659s][info][gc,phases   ] GC(23)   Post Evacuate Collection Set: 4.28ms
[2026-04-03T06:52:46.267+0600][12.659s][info][gc,phases   ] GC(23)   Other: 0.15ms
[2026-04-03T06:52:46.267+0600][12.659s][info][gc,heap     ] GC(23) Eden regions: 23->0(35)
[2026-04-03T06:52:46.267+0600][12.659s][info][gc,heap     ] GC(23) Survivor regions: 4->4(4)
[2026-04-03T06:52:46.267+0600][12.659s][info][gc,heap     ] GC(23) Old regions: 178->203
[2026-04-03T06:52:46.267+0600][12.659s][info][gc,heap     ] GC(23) Humongous regions: 3->3
[2026-04-03T06:52:46.267+0600][12.659s][info][gc,metaspace] GC(23) Metaspace: 49620K(50048K)->49620K(50048K) NonClass: 43455K(43712K)->43455K(43712K) Class: 6165K(6336K)->6165K(6336K)
[2026-04-03T06:52:46.267+0600][12.659s][info][gc          ] GC(23) Pause Young (Normal) (G1 Evacuation Pause) 413M->418M(1566M) 287.406ms
[2026-04-03T06:52:46.267+0600][12.659s][info][gc,cpu      ] GC(23) User=0.98s Sys=0.13s Real=0.29s
[2026-04-03T06:52:46.509+0600][12.901s][info][gc,start    ] GC(24) Pause Young (Normal) (G1 Evacuation Pause)
[2026-04-03T06:52:46.509+0600][12.901s][info][gc,task     ] GC(24) Using 10 workers of 10 for evacuation
[2026-04-03T06:52:46.959+0600][13.351s][info][gc,mmu      ] GC(24) MMU target violated: 201.0ms (200.0ms/201.0ms)
[2026-04-03T06:52:46.959+0600][13.351s][info][gc,phases   ] GC(24)   Pre Evacuate Collection Set: 0.45ms
[2026-04-03T06:52:46.959+0600][13.351s][info][gc,phases   ] GC(24)   Merge Heap Roots: 0.09ms
[2026-04-03T06:52:46.959+0600][13.351s][info][gc,phases   ] GC(24)   Evacuate Collection Set: 449.13ms
[2026-04-03T06:52:46.959+0600][13.351s][info][gc,phases   ] GC(24)   Post Evacuate Collection Set: 0.34ms
[2026-04-03T06:52:46.959+0600][13.351s][info][gc,phases   ] GC(24)   Other: 0.24ms
[2026-04-03T06:52:46.959+0600][13.351s][info][gc,heap     ] GC(24) Eden regions: 35->0(36)
[2026-04-03T06:52:46.959+0600][13.351s][info][gc,heap     ] GC(24) Survivor regions: 4->5(5)
[2026-04-03T06:52:46.959+0600][13.351s][info][gc,heap     ] GC(24) Old regions: 203->239
[2026-04-03T06:52:46.959+0600][13.351s][info][gc,heap     ] GC(24) Humongous regions: 3->3
[2026-04-03T06:52:46.959+0600][13.351s][info][gc,metaspace] GC(24) Metaspace: 49620K(50048K)->49620K(50048K) NonClass: 43455K(43712K)->43455K(43712K) Class: 6165K(6336K)->6165K(6336K)
[2026-04-03T06:52:46.960+0600][13.351s][info][gc          ] GC(24) Pause Young (Normal) (G1 Evacuation Pause) 488M->493M(1566M) 450.452ms
[2026-04-03T06:52:46.960+0600][13.351s][info][gc,cpu      ] GC(24) User=1.26s Sys=0.16s Real=0.45s
[2026-04-03T06:52:47.106+0600][13.498s][info][gc,marking  ] GC(21) Concurrent Mark From Roots 1729.082ms
[2026-04-03T06:52:47.106+0600][13.498s][info][gc,marking  ] GC(21) Concurrent Preclean
[2026-04-03T06:52:47.106+0600][13.498s][info][gc,marking  ] GC(21) Concurrent Preclean 0.158ms
[2026-04-03T06:52:47.107+0600][13.498s][info][gc,start    ] GC(21) Pause Remark
[2026-04-03T06:52:47.109+0600][13.501s][info][gc          ] GC(21) Pause Remark 548M->548M(1566M) 2.420ms
[2026-04-03T06:52:47.109+0600][13.501s][info][gc,cpu      ] GC(21) User=0.01s Sys=0.01s Real=0.00s
[2026-04-03T06:52:47.109+0600][13.501s][info][gc,marking  ] GC(21) Concurrent Mark 1732.192ms
[2026-04-03T06:52:47.109+0600][13.501s][info][gc,marking  ] GC(21) Concurrent Rebuild Remembered Sets and Scrub Regions
[2026-04-03T06:52:47.165+0600][13.557s][info][gc,start    ] GC(25) Pause Young (Normal) (G1 Evacuation Pause)
[2026-04-03T06:52:47.165+0600][13.557s][info][gc,task     ] GC(25) Using 10 workers of 10 for evacuation
[2026-04-03T06:52:47.600+0600][13.992s][info][gc,mmu      ] GC(25) MMU target violated: 201.0ms (200.0ms/201.0ms)
[2026-04-03T06:52:47.600+0600][13.992s][info][gc,phases   ] GC(25)   Pre Evacuate Collection Set: 1.23ms
[2026-04-03T06:52:47.600+0600][13.992s][info][gc,phases   ] GC(25)   Merge Heap Roots: 0.13ms
[2026-04-03T06:52:47.600+0600][13.992s][info][gc,phases   ] GC(25)   Evacuate Collection Set: 432.85ms
[2026-04-03T06:52:47.600+0600][13.992s][info][gc,phases   ] GC(25)   Post Evacuate Collection Set: 0.73ms
[2026-04-03T06:52:47.600+0600][13.992s][info][gc,phases   ] GC(25)   Other: 0.21ms
[2026-04-03T06:52:47.600+0600][13.992s][info][gc,heap     ] GC(25) Eden regions: 37->0(39)
[2026-04-03T06:52:47.600+0600][13.992s][info][gc,heap     ] GC(25) Survivor regions: 5->6(6)
[2026-04-03T06:52:47.600+0600][13.992s][info][gc,heap     ] GC(25) Old regions: 239->277
[2026-04-03T06:52:47.600+0600][13.992s][info][gc,heap     ] GC(25) Humongous regions: 3->3
[2026-04-03T06:52:47.600+0600][13.992s][info][gc,metaspace] GC(25) Metaspace: 49620K(50048K)->49620K(50048K) NonClass: 43455K(43712K)->43455K(43712K) Class: 6165K(6336K)->6165K(6336K)
[2026-04-03T06:52:47.600+0600][13.992s][info][gc          ] GC(25) Pause Young (Normal) (G1 Evacuation Pause) 567M->571M(1566M) 435.435ms
[2026-04-03T06:52:47.600+0600][13.992s][info][gc,cpu      ] GC(25) User=1.40s Sys=0.14s Real=0.43s
[2026-04-03T06:52:47.646+0600][14.038s][info][gc,marking  ] GC(21) Concurrent Rebuild Remembered Sets and Scrub Regions 537.105ms
[2026-04-03T06:52:47.647+0600][14.038s][info][gc,start    ] GC(21) Pause Cleanup
[2026-04-03T06:52:47.647+0600][14.039s][info][gc          ] GC(21) Pause Cleanup 589M->589M(1566M) 0.518ms
[2026-04-03T06:52:47.647+0600][14.039s][info][gc,cpu      ] GC(21) User=0.00s Sys=0.00s Real=0.00s
[2026-04-03T06:52:47.647+0600][14.039s][info][gc,marking  ] GC(21) Concurrent Clear Claimed Marks
[2026-04-03T06:52:47.647+0600][14.039s][info][gc,marking  ] GC(21) Concurrent Clear Claimed Marks 0.082ms
[2026-04-03T06:52:47.647+0600][14.039s][info][gc,marking  ] GC(21) Concurrent Cleanup for Next Mark
[2026-04-03T06:52:47.652+0600][14.044s][info][gc,marking  ] GC(21) Concurrent Cleanup for Next Mark 4.922ms
[2026-04-03T06:52:47.652+0600][14.044s][info][gc          ] GC(21) Concurrent Mark Cycle 2286.706ms
[2026-04-03T06:52:47.776+0600][14.167s][info][gc,start    ] GC(26) Pause Young (Prepare Mixed) (G1 Evacuation Pause)
[2026-04-03T06:52:47.776+0600][14.167s][info][gc,task     ] GC(26) Using 10 workers of 10 for evacuation
[2026-04-03T06:52:48.234+0600][14.626s][info][gc,mmu      ] GC(26) MMU target violated: 201.0ms (200.0ms/201.0ms)
[2026-04-03T06:52:48.234+0600][14.626s][info][gc,phases   ] GC(26)   Pre Evacuate Collection Set: 0.22ms
[2026-04-03T06:52:48.234+0600][14.626s][info][gc,phases   ] GC(26)   Merge Heap Roots: 0.06ms
[2026-04-03T06:52:48.234+0600][14.626s][info][gc,phases   ] GC(26)   Evacuate Collection Set: 457.80ms
[2026-04-03T06:52:48.234+0600][14.626s][info][gc,phases   ] GC(26)   Post Evacuate Collection Set: 0.52ms
[2026-04-03T06:52:48.235+0600][14.626s][info][gc,phases   ] GC(26)   Other: 0.19ms
[2026-04-03T06:52:48.235+0600][14.626s][info][gc,heap     ] GC(26) Eden regions: 38->0(41)
[2026-04-03T06:52:48.235+0600][14.626s][info][gc,heap     ] GC(26) Survivor regions: 6->6(6)
[2026-04-03T06:52:48.235+0600][14.626s][info][gc,heap     ] GC(26) Old regions: 277->317
[2026-04-03T06:52:48.235+0600][14.626s][info][gc,heap     ] GC(26) Humongous regions: 3->3
[2026-04-03T06:52:48.235+0600][14.626s][info][gc,metaspace] GC(26) Metaspace: 49620K(50048K)->49620K(50048K) NonClass: 43455K(43712K)->43455K(43712K) Class: 6165K(6336K)->6165K(6336K)
[2026-04-03T06:52:48.235+0600][14.626s][info][gc          ] GC(26) Pause Young (Prepare Mixed) (G1 Evacuation Pause) 647M->650M(1566M) 459.057ms
[2026-04-03T06:52:48.235+0600][14.626s][info][gc,cpu      ] GC(26) User=1.51s Sys=0.20s Real=0.46s
[2026-04-03T06:52:51.361+0600][17.753s][info][gc,start    ] GC(27) Pause Full (System.gc())
[2026-04-03T06:52:51.361+0600][17.753s][info][gc,task     ] GC(27) Using 10 workers of 10 for full compaction
[2026-04-03T06:52:51.361+0600][17.753s][info][gc,phases,start] GC(27) Phase 1: Mark live objects
[2026-04-03T06:52:51.374+0600][17.766s][info][gc,phases      ] GC(27) Phase 1: Mark live objects 13.002ms
[2026-04-03T06:52:51.374+0600][17.766s][info][gc,phases,start] GC(27) Phase 2: Prepare compaction
[2026-04-03T06:52:51.377+0600][17.769s][info][gc,phases      ] GC(27) Phase 2: Prepare compaction 2.264ms
[2026-04-03T06:52:51.377+0600][17.769s][info][gc,phases,start] GC(27) Phase 3: Adjust pointers
[2026-04-03T06:52:51.383+0600][17.775s][info][gc,phases      ] GC(27) Phase 3: Adjust pointers 6.066ms
[2026-04-03T06:52:51.383+0600][17.775s][info][gc,phases,start] GC(27) Phase 4: Compact heap
[2026-04-03T06:52:51.386+0600][17.778s][info][gc,phases      ] GC(27) Phase 4: Compact heap 3.018ms
[2026-04-03T06:52:51.386+0600][17.778s][info][gc,phases,start] GC(27) Phase 5: Reset Metadata
[2026-04-03T06:52:51.388+0600][17.780s][info][gc,phases      ] GC(27) Phase 5: Reset Metadata 1.701ms
[2026-04-03T06:52:51.394+0600][17.786s][info][gc,heap        ] GC(27) Eden regions: 40->0(15)
[2026-04-03T06:52:51.394+0600][17.786s][info][gc,heap        ] GC(27) Survivor regions: 6->0(6)
[2026-04-03T06:52:51.394+0600][17.786s][info][gc,heap        ] GC(27) Old regions: 317->19
[2026-04-03T06:52:51.394+0600][17.786s][info][gc,heap        ] GC(27) Humongous regions: 14->3
[2026-04-03T06:52:51.394+0600][17.786s][info][gc,metaspace   ] GC(27) Metaspace: 57554K(58176K)->57554K(58176K) NonClass: 50328K(50688K)->50328K(50688K) Class: 7226K(7488K)->7226K(7488K)
[2026-04-03T06:52:51.394+0600][17.786s][info][gc             ] GC(27) Pause Full (System.gc()) 752M->30M(148M) 33.460ms
[2026-04-03T06:52:51.394+0600][17.786s][info][gc,cpu         ] GC(27) User=0.19s Sys=0.01s Real=0.04s
[2026-04-03T06:52:51.650+0600][18.042s][info][gc,start       ] GC(28) Pause Young (Concurrent Start) (G1 Evacuation Pause)
[2026-04-03T06:52:51.650+0600][18.042s][info][gc,task        ] GC(28) Using 6 workers of 10 for evacuation
[2026-04-03T06:52:51.652+0600][18.044s][info][gc,phases      ] GC(28)   Pre Evacuate Collection Set: 0.41ms
[2026-04-03T06:52:51.652+0600][18.044s][info][gc,phases      ] GC(28)   Merge Heap Roots: 0.06ms
[2026-04-03T06:52:51.652+0600][18.044s][info][gc,phases      ] GC(28)   Evacuate Collection Set: 0.96ms
[2026-04-03T06:52:51.652+0600][18.044s][info][gc,phases      ] GC(28)   Post Evacuate Collection Set: 0.31ms
[2026-04-03T06:52:51.652+0600][18.044s][info][gc,phases      ] GC(28)   Other: 0.11ms
[2026-04-03T06:52:51.652+0600][18.044s][info][gc,heap        ] GC(28) Eden regions: 15->0(16)
[2026-04-03T06:52:51.652+0600][18.044s][info][gc,heap        ] GC(28) Survivor regions: 0->2(2)
[2026-04-03T06:52:51.652+0600][18.044s][info][gc,heap        ] GC(28) Old regions: 19->19
[2026-04-03T06:52:51.652+0600][18.044s][info][gc,heap        ] GC(28) Humongous regions: 3->3
[2026-04-03T06:52:51.652+0600][18.044s][info][gc,metaspace   ] GC(28) Metaspace: 59294K(59840K)->59294K(59840K) NonClass: 51820K(52160K)->51820K(52160K) Class: 7474K(7680K)->7474K(7680K)
[2026-04-03T06:52:51.652+0600][18.044s][info][gc             ] GC(28) Pause Young (Concurrent Start) (G1 Evacuation Pause) 60M->33M(148M) 2.083ms
[2026-04-03T06:52:51.652+0600][18.044s][info][gc,cpu         ] GC(28) User=0.01s Sys=0.00s Real=0.00s
[2026-04-03T06:52:51.652+0600][18.044s][info][gc             ] GC(29) Concurrent Mark Cycle
[2026-04-03T06:52:51.653+0600][18.044s][info][gc,marking     ] GC(29) Concurrent Scan Root Regions
[2026-04-03T06:52:51.653+0600][18.045s][info][gc,marking     ] GC(29) Concurrent Scan Root Regions 0.775ms
[2026-04-03T06:52:51.653+0600][18.045s][info][gc,marking     ] GC(29) Concurrent Mark
[2026-04-03T06:52:51.653+0600][18.045s][info][gc,marking     ] GC(29) Concurrent Mark From Roots
[2026-04-03T06:52:51.653+0600][18.045s][info][gc,task        ] GC(29) Using 3 workers of 3 for marking
[2026-04-03T06:52:51.668+0600][18.059s][info][gc,marking     ] GC(29) Concurrent Mark From Roots 14.319ms
[2026-04-03T06:52:51.668+0600][18.060s][info][gc,marking     ] GC(29) Concurrent Preclean
[2026-04-03T06:52:51.668+0600][18.060s][info][gc,marking     ] GC(29) Concurrent Preclean 0.177ms
[2026-04-03T06:52:51.668+0600][18.060s][info][gc,start       ] GC(29) Pause Remark
[2026-04-03T06:52:51.672+0600][18.063s][info][gc             ] GC(29) Pause Remark 40M->40M(148M) 3.374ms
[2026-04-03T06:52:51.672+0600][18.063s][info][gc,cpu         ] GC(29) User=0.01s Sys=0.00s Real=0.00s
[2026-04-03T06:52:51.672+0600][18.064s][info][gc,marking     ] GC(29) Concurrent Mark 18.418ms
[2026-04-03T06:52:51.672+0600][18.064s][info][gc,marking     ] GC(29) Concurrent Rebuild Remembered Sets and Scrub Regions
[2026-04-03T06:52:51.681+0600][18.073s][info][gc,marking     ] GC(29) Concurrent Rebuild Remembered Sets and Scrub Regions 9.592ms
[2026-04-03T06:52:51.682+0600][18.074s][info][gc,start       ] GC(29) Pause Cleanup
[2026-04-03T06:52:51.682+0600][18.074s][info][gc             ] GC(29) Pause Cleanup 45M->45M(148M) 0.203ms
[2026-04-03T06:52:51.682+0600][18.074s][info][gc,cpu         ] GC(29) User=0.00s Sys=0.00s Real=0.00s
[2026-04-03T06:52:51.682+0600][18.074s][info][gc,marking     ] GC(29) Concurrent Clear Claimed Marks
[2026-04-03T06:52:51.682+0600][18.074s][info][gc,marking     ] GC(29) Concurrent Clear Claimed Marks 0.139ms
[2026-04-03T06:52:51.682+0600][18.074s][info][gc,marking     ] GC(29) Concurrent Cleanup for Next Mark
[2026-04-03T06:52:51.683+0600][18.074s][info][gc,marking     ] GC(29) Concurrent Cleanup for Next Mark 0.337ms
[2026-04-03T06:52:51.683+0600][18.074s][info][gc             ] GC(29) Concurrent Mark Cycle 30.113ms
[2026-04-03T06:52:51.839+0600][18.231s][info][gc,start       ] GC(30) Pause Young (Prepare Mixed) (G1 Evacuation Pause)
[2026-04-03T06:52:51.839+0600][18.231s][info][gc,task        ] GC(30) Using 4 workers of 10 for evacuation
[2026-04-03T06:52:51.842+0600][18.233s][info][gc,phases      ] GC(30)   Pre Evacuate Collection Set: 0.21ms
[2026-04-03T06:52:51.842+0600][18.233s][info][gc,phases      ] GC(30)   Merge Heap Roots: 0.19ms
[2026-04-03T06:52:51.842+0600][18.233s][info][gc,phases      ] GC(30)   Evacuate Collection Set: 1.74ms
[2026-04-03T06:52:51.842+0600][18.233s][info][gc,phases      ] GC(30)   Post Evacuate Collection Set: 0.43ms
[2026-04-03T06:52:51.842+0600][18.233s][info][gc,phases      ] GC(30)   Other: 0.07ms
[2026-04-03T06:52:51.842+0600][18.234s][info][gc,heap        ] GC(30) Eden regions: 16->0(19)
[2026-04-03T06:52:51.842+0600][18.234s][info][gc,heap        ] GC(30) Survivor regions: 2->1(3)
[2026-04-03T06:52:51.842+0600][18.234s][info][gc,heap        ] GC(30) Old regions: 19->19
[2026-04-03T06:52:51.842+0600][18.234s][info][gc,heap        ] GC(30) Humongous regions: 3->3
[2026-04-03T06:52:51.842+0600][18.234s][info][gc,metaspace   ] GC(30) Metaspace: 62515K(63040K)->62515K(63040K) NonClass: 54782K(55104K)->54782K(55104K) Class: 7733K(7936K)->7733K(7936K)
[2026-04-03T06:52:51.842+0600][18.234s][info][gc             ] GC(30) Pause Young (Prepare Mixed) (G1 Evacuation Pause) 65M->31M(148M) 2.886ms
[2026-04-03T06:52:51.842+0600][18.234s][info][gc,cpu         ] GC(30) User=0.01s Sys=0.00s Real=0.00s
[2026-04-03T06:52:53.413+0600][19.805s][info][gc,start       ] GC(31) Pause Young (Mixed) (G1 Evacuation Pause)
[2026-04-03T06:52:53.413+0600][19.805s][info][gc,task        ] GC(31) Using 3 workers of 10 for evacuation
[2026-04-03T06:52:53.424+0600][19.815s][info][gc,phases      ] GC(31)   Pre Evacuate Collection Set: 0.41ms
[2026-04-03T06:52:53.424+0600][19.815s][info][gc,phases      ] GC(31)   Merge Heap Roots: 0.19ms
[2026-04-03T06:52:53.424+0600][19.815s][info][gc,phases      ] GC(31)   Evacuate Collection Set: 7.83ms
[2026-04-03T06:52:53.424+0600][19.816s][info][gc,phases      ] GC(31)   Post Evacuate Collection Set: 1.82ms
[2026-04-03T06:52:53.424+0600][19.816s][info][gc,phases      ] GC(31)   Other: 0.13ms
[2026-04-03T06:52:53.424+0600][19.816s][info][gc,heap        ] GC(31) Eden regions: 19->0(63)
[2026-04-03T06:52:53.424+0600][19.816s][info][gc,heap        ] GC(31) Survivor regions: 1->2(3)
[2026-04-03T06:52:53.424+0600][19.816s][info][gc,heap        ] GC(31) Old regions: 19->16
[2026-04-03T06:52:53.424+0600][19.816s][info][gc,heap        ] GC(31) Humongous regions: 12->3
[2026-04-03T06:52:53.424+0600][19.816s][info][gc,metaspace   ] GC(31) Metaspace: 66854K(67712K)->66854K(67712K) NonClass: 58406K(58880K)->58406K(58880K) Class: 8447K(8832K)->8447K(8832K)
[2026-04-03T06:52:53.424+0600][19.816s][info][gc             ] GC(31) Pause Young (Mixed) (G1 Evacuation Pause) 87M->35M(350M) 10.784ms
[2026-04-03T06:52:53.424+0600][19.816s][info][gc,cpu         ] GC(31) User=0.04s Sys=0.00s Real=0.02s
[2026-04-03T06:52:53.930+0600][20.322s][info][gc,start       ] GC(32) Pause Young (Concurrent Start) (G1 Evacuation Pause)
[2026-04-03T06:52:53.930+0600][20.322s][info][gc,task        ] GC(32) Using 8 workers of 10 for evacuation
[2026-04-03T06:52:53.935+0600][20.326s][info][gc,phases      ] GC(32)   Pre Evacuate Collection Set: 0.23ms
[2026-04-03T06:52:53.935+0600][20.326s][info][gc,phases      ] GC(32)   Merge Heap Roots: 0.11ms
[2026-04-03T06:52:53.935+0600][20.326s][info][gc,phases      ] GC(32)   Evacuate Collection Set: 3.17ms
[2026-04-03T06:52:53.935+0600][20.326s][info][gc,phases      ] GC(32)   Post Evacuate Collection Set: 0.77ms
[2026-04-03T06:52:53.935+0600][20.326s][info][gc,phases      ] GC(32)   Other: 0.14ms
[2026-04-03T06:52:53.935+0600][20.326s][info][gc,heap        ] GC(32) Eden regions: 63->0(70)
[2026-04-03T06:52:53.935+0600][20.326s][info][gc,heap        ] GC(32) Survivor regions: 2->3(9)
[2026-04-03T06:52:53.935+0600][20.326s][info][gc,heap        ] GC(32) Old regions: 16->16
[2026-04-03T06:52:53.935+0600][20.327s][info][gc,heap        ] GC(32) Humongous regions: 3->3
[2026-04-03T06:52:53.935+0600][20.327s][info][gc,metaspace   ] GC(32) Metaspace: 67043K(67904K)->67043K(67904K) NonClass: 58592K(59072K)->58592K(59072K) Class: 8450K(8832K)->8450K(8832K)
[2026-04-03T06:52:53.935+0600][20.327s][info][gc             ] GC(32) Pause Young (Concurrent Start) (G1 Evacuation Pause) 161M->36M(350M) 4.719ms
[2026-04-03T06:52:53.935+0600][20.327s][info][gc,cpu         ] GC(32) User=0.02s Sys=0.01s Real=0.01s
[2026-04-03T06:52:53.935+0600][20.327s][info][gc             ] GC(33) Concurrent Mark Cycle
[2026-04-03T06:52:53.935+0600][20.327s][info][gc,marking     ] GC(33) Concurrent Scan Root Regions
[2026-04-03T06:52:53.939+0600][20.330s][info][gc,marking     ] GC(33) Concurrent Scan Root Regions 3.732ms
[2026-04-03T06:52:53.939+0600][20.330s][info][gc,marking     ] GC(33) Concurrent Mark
[2026-04-03T06:52:53.939+0600][20.330s][info][gc,marking     ] GC(33) Concurrent Mark From Roots
[2026-04-03T06:52:53.939+0600][20.330s][info][gc,task        ] GC(33) Using 3 workers of 3 for marking
[2026-04-03T06:52:53.954+0600][20.346s][info][gc,marking     ] GC(33) Concurrent Mark From Roots 15.040ms
[2026-04-03T06:52:53.954+0600][20.346s][info][gc,marking     ] GC(33) Concurrent Preclean
[2026-04-03T06:52:53.954+0600][20.346s][info][gc,marking     ] GC(33) Concurrent Preclean 0.135ms
[2026-04-03T06:52:53.954+0600][20.346s][info][gc,start       ] GC(33) Pause Remark
[2026-04-03T06:52:53.958+0600][20.350s][info][gc             ] GC(33) Pause Remark 50M->50M(148M) 3.942ms
[2026-04-03T06:52:53.958+0600][20.350s][info][gc,cpu         ] GC(33) User=0.01s Sys=0.00s Real=0.00s
[2026-04-03T06:52:53.958+0600][20.350s][info][gc,marking     ] GC(33) Concurrent Mark 19.775ms
[2026-04-03T06:52:53.959+0600][20.350s][info][gc,marking     ] GC(33) Concurrent Rebuild Remembered Sets and Scrub Regions
[2026-04-03T06:52:53.968+0600][20.360s][info][gc,marking     ] GC(33) Concurrent Rebuild Remembered Sets and Scrub Regions 9.923ms
[2026-04-03T06:52:53.969+0600][20.361s][info][gc,start       ] GC(33) Pause Cleanup
[2026-04-03T06:52:53.969+0600][20.361s][info][gc             ] GC(33) Pause Cleanup 54M->54M(148M) 0.232ms
[2026-04-03T06:52:53.969+0600][20.361s][info][gc,cpu         ] GC(33) User=0.00s Sys=0.00s Real=0.00s
[2026-04-03T06:52:53.969+0600][20.361s][info][gc,marking     ] GC(33) Concurrent Clear Claimed Marks
[2026-04-03T06:52:53.969+0600][20.361s][info][gc,marking     ] GC(33) Concurrent Clear Claimed Marks 0.215ms
[2026-04-03T06:52:53.969+0600][20.361s][info][gc,marking     ] GC(33) Concurrent Cleanup for Next Mark
[2026-04-03T06:52:53.970+0600][20.362s][info][gc,marking     ] GC(33) Concurrent Cleanup for Next Mark 0.391ms
[2026-04-03T06:52:53.970+0600][20.362s][info][gc             ] GC(33) Concurrent Mark Cycle 34.984ms
[2026-04-03T06:52:54.026+0600][20.418s][info][gc,start       ] GC(34) Pause Young (Prepare Mixed) (G1 Evacuation Pause)
[2026-04-03T06:52:54.026+0600][20.418s][info][gc,task        ] GC(34) Using 5 workers of 10 for evacuation
[2026-04-03T06:52:54.030+0600][20.422s][info][gc,phases      ] GC(34)   Pre Evacuate Collection Set: 0.23ms
[2026-04-03T06:52:54.030+0600][20.422s][info][gc,phases      ] GC(34)   Merge Heap Roots: 0.16ms
[2026-04-03T06:52:54.030+0600][20.422s][info][gc,phases      ] GC(34)   Evacuate Collection Set: 3.18ms
[2026-04-03T06:52:54.030+0600][20.422s][info][gc,phases      ] GC(34)   Post Evacuate Collection Set: 0.65ms
[2026-04-03T06:52:54.030+0600][20.422s][info][gc,phases      ] GC(34)   Other: 0.06ms
[2026-04-03T06:52:54.030+0600][20.422s][info][gc,heap        ] GC(34) Eden regions: 52->0(29)
[2026-04-03T06:52:54.030+0600][20.422s][info][gc,heap        ] GC(34) Survivor regions: 3->3(7)
[2026-04-03T06:52:54.030+0600][20.422s][info][gc,heap        ] GC(34) Old regions: 16->16
[2026-04-03T06:52:54.030+0600][20.422s][info][gc,heap        ] GC(34) Humongous regions: 3->3
[2026-04-03T06:52:54.030+0600][20.422s][info][gc,metaspace   ] GC(34) Metaspace: 67043K(67904K)->67043K(67904K) NonClass: 58592K(59072K)->58592K(59072K) Class: 8450K(8832K)->8450K(8832K)
[2026-04-03T06:52:54.030+0600][20.422s][info][gc             ] GC(34) Pause Young (Prepare Mixed) (G1 Evacuation Pause) 140M->36M(154M) 4.546ms
[2026-04-03T06:52:54.030+0600][20.422s][info][gc,cpu         ] GC(34) User=0.02s Sys=0.00s Real=0.00s
[2026-04-03T06:52:54.058+0600][20.450s][info][gc,start       ] GC(35) Pause Young (Mixed) (G1 Evacuation Pause)
[2026-04-03T06:52:54.058+0600][20.450s][info][gc,task        ] GC(35) Using 4 workers of 10 for evacuation
[2026-04-03T06:52:54.063+0600][20.455s][info][gc,phases      ] GC(35)   Pre Evacuate Collection Set: 0.23ms
[2026-04-03T06:52:54.063+0600][20.455s][info][gc,phases      ] GC(35)   Merge Heap Roots: 0.15ms
[2026-04-03T06:52:54.063+0600][20.455s][info][gc,phases      ] GC(35)   Evacuate Collection Set: 4.20ms
[2026-04-03T06:52:54.063+0600][20.455s][info][gc,phases      ] GC(35)   Post Evacuate Collection Set: 0.50ms
[2026-04-03T06:52:54.063+0600][20.455s][info][gc,phases      ] GC(35)   Other: 0.08ms
[2026-04-03T06:52:54.063+0600][20.455s][info][gc,heap        ] GC(35) Eden regions: 29->0(32)
[2026-04-03T06:52:54.063+0600][20.455s][info][gc,heap        ] GC(35) Survivor regions: 3->3(4)
[2026-04-03T06:52:54.063+0600][20.455s][info][gc,heap        ] GC(35) Old regions: 16->16
[2026-04-03T06:52:54.063+0600][20.455s][info][gc,heap        ] GC(35) Humongous regions: 3->3
[2026-04-03T06:52:54.063+0600][20.455s][info][gc,metaspace   ] GC(35) Metaspace: 67044K(67904K)->67044K(67904K) NonClass: 58593K(59072K)->58593K(59072K) Class: 8450K(8832K)->8450K(8832K)
[2026-04-03T06:52:54.063+0600][20.455s][info][gc             ] GC(35) Pause Young (Mixed) (G1 Evacuation Pause) 94M->36M(154M) 5.445ms
[2026-04-03T06:52:54.063+0600][20.455s][info][gc,cpu         ] GC(35) User=0.02s Sys=0.00s Real=0.01s
[2026-04-03T06:52:54.092+0600][20.484s][info][gc,start       ] GC(36) Pause Young (Concurrent Start) (G1 Evacuation Pause)
[2026-04-03T06:52:54.093+0600][20.484s][info][gc,task        ] GC(36) Using 3 workers of 10 for evacuation
[2026-04-03T06:52:54.097+0600][20.489s][info][gc,phases      ] GC(36)   Pre Evacuate Collection Set: 0.40ms
[2026-04-03T06:52:54.097+0600][20.489s][info][gc,phases      ] GC(36)   Merge Heap Roots: 0.10ms
[2026-04-03T06:52:54.097+0600][20.489s][info][gc,phases      ] GC(36)   Evacuate Collection Set: 3.26ms
[2026-04-03T06:52:54.097+0600][20.489s][info][gc,phases      ] GC(36)   Post Evacuate Collection Set: 0.73ms
[2026-04-03T06:52:54.097+0600][20.489s][info][gc,phases      ] GC(36)   Other: 0.17ms
[2026-04-03T06:52:54.097+0600][20.489s][info][gc,heap        ] GC(36) Eden regions: 32->0(35)
[2026-04-03T06:52:54.097+0600][20.489s][info][gc,heap        ] GC(36) Survivor regions: 3->2(5)
[2026-04-03T06:52:54.097+0600][20.489s][info][gc,heap        ] GC(36) Old regions: 16->16
[2026-04-03T06:52:54.097+0600][20.489s][info][gc,heap        ] GC(36) Humongous regions: 3->3
[2026-04-03T06:52:54.097+0600][20.489s][info][gc,metaspace   ] GC(36) Metaspace: 67044K(67904K)->67044K(67904K) NonClass: 58593K(59072K)->58593K(59072K) Class: 8450K(8832K)->8450K(8832K)
[2026-04-03T06:52:54.097+0600][20.489s][info][gc             ] GC(36) Pause Young (Concurrent Start) (G1 Evacuation Pause) 100M->36M(154M) 4.992ms
[2026-04-03T06:52:54.097+0600][20.489s][info][gc,cpu         ] GC(36) User=0.01s Sys=0.00s Real=0.01s
[2026-04-03T06:52:54.098+0600][20.489s][info][gc             ] GC(37) Concurrent Mark Cycle
[2026-04-03T06:52:54.098+0600][20.489s][info][gc,marking     ] GC(37) Concurrent Scan Root Regions
[2026-04-03T06:52:54.100+0600][20.492s][info][gc,marking     ] GC(37) Concurrent Scan Root Regions 2.763ms
[2026-04-03T06:52:54.100+0600][20.492s][info][gc,marking     ] GC(37) Concurrent Mark
[2026-04-03T06:52:54.101+0600][20.492s][info][gc,marking     ] GC(37) Concurrent Mark From Roots
[2026-04-03T06:52:54.101+0600][20.492s][info][gc,task        ] GC(37) Using 3 workers of 3 for marking
[2026-04-03T06:52:54.116+0600][20.508s][info][gc,marking     ] GC(37) Concurrent Mark From Roots 15.558ms
[2026-04-03T06:52:54.116+0600][20.508s][info][gc,marking     ] GC(37) Concurrent Preclean
[2026-04-03T06:52:54.116+0600][20.508s][info][gc,marking     ] GC(37) Concurrent Preclean 0.133ms
[2026-04-03T06:52:54.117+0600][20.508s][info][gc,start       ] GC(37) Pause Remark
[2026-04-03T06:52:54.123+0600][20.515s][info][gc             ] GC(37) Pause Remark 68M->68M(140M) 6.436ms
[2026-04-03T06:52:54.123+0600][20.515s][info][gc,cpu         ] GC(37) User=0.01s Sys=0.00s Real=0.00s
[2026-04-03T06:52:54.123+0600][20.515s][info][gc,marking     ] GC(37) Concurrent Mark 22.591ms
[2026-04-03T06:52:54.123+0600][20.515s][info][gc,marking     ] GC(37) Concurrent Rebuild Remembered Sets and Scrub Regions
[2026-04-03T06:52:54.134+0600][20.525s][info][gc,marking     ] GC(37) Concurrent Rebuild Remembered Sets and Scrub Regions 10.515ms
[2026-04-03T06:52:54.134+0600][20.526s][info][gc,start       ] GC(37) Pause Cleanup
[2026-04-03T06:52:54.134+0600][20.526s][info][gc             ] GC(37) Pause Cleanup 88M->88M(140M) 0.261ms
[2026-04-03T06:52:54.134+0600][20.526s][info][gc,cpu         ] GC(37) User=0.00s Sys=0.00s Real=0.00s
[2026-04-03T06:52:54.134+0600][20.526s][info][gc,marking     ] GC(37) Concurrent Clear Claimed Marks
[2026-04-03T06:52:54.135+0600][20.526s][info][gc,marking     ] GC(37) Concurrent Clear Claimed Marks 0.223ms
[2026-04-03T06:52:54.135+0600][20.526s][info][gc,marking     ] GC(37) Concurrent Cleanup for Next Mark
[2026-04-03T06:52:54.135+0600][20.527s][info][gc,marking     ] GC(37) Concurrent Cleanup for Next Mark 0.302ms
[2026-04-03T06:52:54.135+0600][20.527s][info][gc             ] GC(37) Concurrent Mark Cycle 37.404ms
[2026-04-03T06:52:54.145+0600][20.536s][info][gc,start       ] GC(38) Pause Young (Prepare Mixed) (G1 Evacuation Pause)
[2026-04-03T06:52:54.145+0600][20.537s][info][gc,task        ] GC(38) Using 3 workers of 10 for evacuation
[2026-04-03T06:52:54.150+0600][20.542s][info][gc,phases      ] GC(38)   Pre Evacuate Collection Set: 0.25ms
[2026-04-03T06:52:54.150+0600][20.542s][info][gc,phases      ] GC(38)   Merge Heap Roots: 0.21ms
[2026-04-03T06:52:54.150+0600][20.542s][info][gc,phases      ] GC(38)   Evacuate Collection Set: 3.82ms
[2026-04-03T06:52:54.150+0600][20.542s][info][gc,phases      ] GC(38)   Post Evacuate Collection Set: 1.14ms
[2026-04-03T06:52:54.150+0600][20.542s][info][gc,phases      ] GC(38)   Other: 0.08ms
[2026-04-03T06:52:54.150+0600][20.542s][info][gc,heap        ] GC(38) Eden regions: 35->0(64)
[2026-04-03T06:52:54.150+0600][20.542s][info][gc,heap        ] GC(38) Survivor regions: 2->3(5)
[2026-04-03T06:52:54.150+0600][20.542s][info][gc,heap        ] GC(38) Old regions: 16->16
[2026-04-03T06:52:54.150+0600][20.542s][info][gc,heap        ] GC(38) Humongous regions: 3->3
[2026-04-03T06:52:54.150+0600][20.542s][info][gc,metaspace   ] GC(38) Metaspace: 67044K(67904K)->67044K(67904K) NonClass: 58593K(59072K)->58593K(59072K) Class: 8450K(8832K)->8450K(8832K)
[2026-04-03T06:52:54.150+0600][20.542s][info][gc             ] GC(38) Pause Young (Prepare Mixed) (G1 Evacuation Pause) 106M->36M(238M) 5.755ms
[2026-04-03T06:52:54.150+0600][20.542s][info][gc,cpu         ] GC(38) User=0.01s Sys=0.00s Real=0.00s
[2026-04-03T06:52:54.230+0600][20.621s][info][gc,start       ] GC(39) Pause Young (Mixed) (G1 Evacuation Pause)
[2026-04-03T06:52:54.230+0600][20.621s][info][gc,task        ] GC(39) Using 5 workers of 10 for evacuation
[2026-04-03T06:52:54.234+0600][20.625s][info][gc,phases      ] GC(39)   Pre Evacuate Collection Set: 0.43ms
[2026-04-03T06:52:54.234+0600][20.625s][info][gc,phases      ] GC(39)   Merge Heap Roots: 0.21ms
[2026-04-03T06:52:54.234+0600][20.625s][info][gc,phases      ] GC(39)   Evacuate Collection Set: 2.64ms
[2026-04-03T06:52:54.234+0600][20.625s][info][gc,phases      ] GC(39)   Post Evacuate Collection Set: 0.59ms
[2026-04-03T06:52:54.234+0600][20.625s][info][gc,phases      ] GC(39)   Other: 0.09ms
[2026-04-03T06:52:54.234+0600][20.626s][info][gc,heap        ] GC(39) Eden regions: 64->0(68)
[2026-04-03T06:52:54.234+0600][20.626s][info][gc,heap        ] GC(39) Survivor regions: 3->3(9)
[2026-04-03T06:52:54.234+0600][20.626s][info][gc,heap        ] GC(39) Old regions: 16->16
[2026-04-03T06:52:54.234+0600][20.626s][info][gc,heap        ] GC(39) Humongous regions: 3->3
[2026-04-03T06:52:54.234+0600][20.626s][info][gc,metaspace   ] GC(39) Metaspace: 67046K(67904K)->67046K(67904K) NonClass: 58595K(59072K)->58595K(59072K) Class: 8450K(8832K)->8450K(8832K)
[2026-04-03T06:52:54.234+0600][20.626s][info][gc             ] GC(39) Pause Young (Mixed) (G1 Evacuation Pause) 164M->36M(238M) 4.202ms
[2026-04-03T06:52:54.234+0600][20.626s][info][gc,cpu         ] GC(39) User=0.02s Sys=0.00s Real=0.01s
[2026-04-03T06:52:54.302+0600][20.694s][info][gc,start       ] GC(40) Pause Young (Concurrent Start) (G1 Evacuation Pause)
[2026-04-03T06:52:54.302+0600][20.694s][info][gc,task        ] GC(40) Using 5 workers of 10 for evacuation
[2026-04-03T06:52:54.306+0600][20.697s][info][gc,phases      ] GC(40)   Pre Evacuate Collection Set: 0.26ms
[2026-04-03T06:52:54.306+0600][20.698s][info][gc,phases      ] GC(40)   Merge Heap Roots: 0.10ms
[2026-04-03T06:52:54.306+0600][20.698s][info][gc,phases      ] GC(40)   Evacuate Collection Set: 2.53ms
[2026-04-03T06:52:54.306+0600][20.698s][info][gc,phases      ] GC(40)   Post Evacuate Collection Set: 0.61ms
[2026-04-03T06:52:54.306+0600][20.698s][info][gc,phases      ] GC(40)   Other: 0.24ms
[2026-04-03T06:52:54.306+0600][20.698s][info][gc,heap        ] GC(40) Eden regions: 68->0(68)
[2026-04-03T06:52:54.306+0600][20.698s][info][gc,heap        ] GC(40) Survivor regions: 3->3(9)
[2026-04-03T06:52:54.306+0600][20.698s][info][gc,heap        ] GC(40) Old regions: 16->16
[2026-04-03T06:52:54.306+0600][20.698s][info][gc,heap        ] GC(40) Humongous regions: 3->3
[2026-04-03T06:52:54.306+0600][20.698s][info][gc,metaspace   ] GC(40) Metaspace: 67048K(67904K)->67048K(67904K) NonClass: 58597K(59072K)->58597K(59072K) Class: 8450K(8832K)->8450K(8832K)
[2026-04-03T06:52:54.306+0600][20.698s][info][gc             ] GC(40) Pause Young (Concurrent Start) (G1 Evacuation Pause) 172M->36M(238M) 4.043ms
[2026-04-03T06:52:54.306+0600][20.698s][info][gc,cpu         ] GC(40) User=0.02s Sys=0.00s Real=0.01s
[2026-04-03T06:52:54.306+0600][20.698s][info][gc             ] GC(41) Concurrent Mark Cycle
[2026-04-03T06:52:54.306+0600][20.698s][info][gc,marking     ] GC(41) Concurrent Scan Root Regions
[2026-04-03T06:52:54.309+0600][20.701s][info][gc,marking     ] GC(41) Concurrent Scan Root Regions 2.777ms
[2026-04-03T06:52:54.309+0600][20.701s][info][gc,marking     ] GC(41) Concurrent Mark
[2026-04-03T06:52:54.309+0600][20.701s][info][gc,marking     ] GC(41) Concurrent Mark From Roots
[2026-04-03T06:52:54.309+0600][20.701s][info][gc,task        ] GC(41) Using 3 workers of 3 for marking
[2026-04-03T06:52:54.326+0600][20.718s][info][gc,marking     ] GC(41) Concurrent Mark From Roots 17.176ms
[2026-04-03T06:52:54.326+0600][20.718s][info][gc,marking     ] GC(41) Concurrent Preclean
[2026-04-03T06:52:54.326+0600][20.718s][info][gc,marking     ] GC(41) Concurrent Preclean 0.199ms
[2026-04-03T06:52:54.327+0600][20.718s][info][gc,start       ] GC(41) Pause Remark
[2026-04-03T06:52:54.331+0600][20.723s][info][gc             ] GC(41) Pause Remark 66M->66M(148M) 4.367ms
[2026-04-03T06:52:54.331+0600][20.723s][info][gc,cpu         ] GC(41) User=0.02s Sys=0.00s Real=0.00s
[2026-04-03T06:52:54.331+0600][20.723s][info][gc,marking     ] GC(41) Concurrent Mark 22.298ms
[2026-04-03T06:52:54.331+0600][20.723s][info][gc,marking     ] GC(41) Concurrent Rebuild Remembered Sets and Scrub Regions
[2026-04-03T06:52:54.343+0600][20.734s][info][gc,marking     ] GC(41) Concurrent Rebuild Remembered Sets and Scrub Regions 11.297ms
[2026-04-03T06:52:54.343+0600][20.735s][info][gc,start       ] GC(41) Pause Cleanup
[2026-04-03T06:52:54.343+0600][20.735s][info][gc             ] GC(41) Pause Cleanup 85M->85M(148M) 0.468ms
[2026-04-03T06:52:54.343+0600][20.735s][info][gc,cpu         ] GC(41) User=0.00s Sys=0.00s Real=0.01s
[2026-04-03T06:52:54.344+0600][20.735s][info][gc,marking     ] GC(41) Concurrent Clear Claimed Marks
[2026-04-03T06:52:54.344+0600][20.736s][info][gc,marking     ] GC(41) Concurrent Clear Claimed Marks 0.218ms
[2026-04-03T06:52:54.344+0600][20.736s][info][gc,marking     ] GC(41) Concurrent Cleanup for Next Mark
[2026-04-03T06:52:54.344+0600][20.736s][info][gc,marking     ] GC(41) Concurrent Cleanup for Next Mark 0.385ms
[2026-04-03T06:52:54.344+0600][20.736s][info][gc             ] GC(41) Concurrent Mark Cycle 38.289ms
[2026-04-03T06:52:54.363+0600][20.754s][info][gc,start       ] GC(42) Pause Young (Prepare Mixed) (G1 Evacuation Pause)
[2026-04-03T06:52:54.363+0600][20.755s][info][gc,task        ] GC(42) Using 4 workers of 10 for evacuation
[2026-04-03T06:52:54.368+0600][20.760s][info][gc,phases      ] GC(42)   Pre Evacuate Collection Set: 0.53ms
[2026-04-03T06:52:54.368+0600][20.760s][info][gc,phases      ] GC(42)   Merge Heap Roots: 0.32ms
[2026-04-03T06:52:54.368+0600][20.760s][info][gc,phases      ] GC(42)   Evacuate Collection Set: 3.27ms
[2026-04-03T06:52:54.368+0600][20.760s][info][gc,phases      ] GC(42)   Post Evacuate Collection Set: 0.76ms
[2026-04-03T06:52:54.368+0600][20.760s][info][gc,phases      ] GC(42)   Other: 0.11ms
[2026-04-03T06:52:54.368+0600][20.760s][info][gc,heap        ] GC(42) Eden regions: 41->0(42)
[2026-04-03T06:52:54.368+0600][20.760s][info][gc,heap        ] GC(42) Survivor regions: 3->2(6)
[2026-04-03T06:52:54.368+0600][20.760s][info][gc,heap        ] GC(42) Old regions: 16->16
[2026-04-03T06:52:54.368+0600][20.760s][info][gc,heap        ] GC(42) Humongous regions: 3->3
[2026-04-03T06:52:54.368+0600][20.760s][info][gc,metaspace   ] GC(42) Metaspace: 67048K(67904K)->67048K(67904K) NonClass: 58597K(59072K)->58597K(59072K) Class: 8450K(8832K)->8450K(8832K)
[2026-04-03T06:52:54.368+0600][20.760s][info][gc             ] GC(42) Pause Young (Prepare Mixed) (G1 Evacuation Pause) 118M->36M(148M) 5.316ms
[2026-04-03T06:52:54.368+0600][20.760s][info][gc,cpu         ] GC(42) User=0.01s Sys=0.00s Real=0.01s
[2026-04-03T06:52:54.405+0600][20.797s][info][gc,start       ] GC(43) Pause Young (Mixed) (G1 Evacuation Pause)
[2026-04-03T06:52:54.405+0600][20.797s][info][gc,task        ] GC(43) Using 3 workers of 10 for evacuation
[2026-04-03T06:52:54.412+0600][20.804s][info][gc,phases      ] GC(43)   Pre Evacuate Collection Set: 0.21ms
[2026-04-03T06:52:54.412+0600][20.804s][info][gc,phases      ] GC(43)   Merge Heap Roots: 0.23ms
[2026-04-03T06:52:54.412+0600][20.804s][info][gc,phases      ] GC(43)   Evacuate Collection Set: 4.40ms
[2026-04-03T06:52:54.412+0600][20.804s][info][gc,phases      ] GC(43)   Post Evacuate Collection Set: 1.72ms
[2026-04-03T06:52:54.412+0600][20.804s][info][gc,phases      ] GC(43)   Other: 0.08ms
[2026-04-03T06:52:54.412+0600][20.804s][info][gc,heap        ] GC(43) Eden regions: 42->0(95)
[2026-04-03T06:52:54.412+0600][20.804s][info][gc,heap        ] GC(43) Survivor regions: 2->2(6)
[2026-04-03T06:52:54.412+0600][20.804s][info][gc,heap        ] GC(43) Old regions: 16->16
[2026-04-03T06:52:54.412+0600][20.804s][info][gc,heap        ] GC(43) Humongous regions: 3->3
[2026-04-03T06:52:54.412+0600][20.804s][info][gc,metaspace   ] GC(43) Metaspace: 67048K(67904K)->67048K(67904K) NonClass: 58597K(59072K)->58597K(59072K) Class: 8450K(8832K)->8450K(8832K)
[2026-04-03T06:52:54.412+0600][20.804s][info][gc             ] GC(43) Pause Young (Mixed) (G1 Evacuation Pause) 120M->36M(326M) 6.869ms
[2026-04-03T06:52:54.412+0600][20.804s][info][gc,cpu         ] GC(43) User=0.02s Sys=0.00s Real=0.00s
[2026-04-03T06:52:54.518+0600][20.910s][info][gc,start       ] GC(44) Pause Young (Concurrent Start) (G1 Evacuation Pause)
[2026-04-03T06:52:54.519+0600][20.910s][info][gc,task        ] GC(44) Using 7 workers of 10 for evacuation
[2026-04-03T06:52:54.522+0600][20.913s][info][gc,phases      ] GC(44)   Pre Evacuate Collection Set: 0.19ms
[2026-04-03T06:52:54.522+0600][20.914s][info][gc,phases      ] GC(44)   Merge Heap Roots: 0.13ms
[2026-04-03T06:52:54.522+0600][20.914s][info][gc,phases      ] GC(44)   Evacuate Collection Set: 1.96ms
[2026-04-03T06:52:54.522+0600][20.914s][info][gc,phases      ] GC(44)   Post Evacuate Collection Set: 0.68ms
[2026-04-03T06:52:54.522+0600][20.914s][info][gc,phases      ] GC(44)   Other: 0.15ms
[2026-04-03T06:52:54.522+0600][20.914s][info][gc,heap        ] GC(44) Eden regions: 95->0(94)
[2026-04-03T06:52:54.522+0600][20.914s][info][gc,heap        ] GC(44) Survivor regions: 2->3(13)
[2026-04-03T06:52:54.522+0600][20.914s][info][gc,heap        ] GC(44) Old regions: 16->16
[2026-04-03T06:52:54.522+0600][20.914s][info][gc,heap        ] GC(44) Humongous regions: 3->3
[2026-04-03T06:52:54.522+0600][20.914s][info][gc,metaspace   ] GC(44) Metaspace: 67048K(67904K)->67048K(67904K) NonClass: 58597K(59072K)->58597K(59072K) Class: 8450K(8832K)->8450K(8832K)
[2026-04-03T06:52:54.522+0600][20.914s][info][gc             ] GC(44) Pause Young (Concurrent Start) (G1 Evacuation Pause) 226M->36M(326M) 3.381ms
[2026-04-03T06:52:54.522+0600][20.914s][info][gc,cpu         ] GC(44) User=0.01s Sys=0.00s Real=0.00s
[2026-04-03T06:52:54.522+0600][20.914s][info][gc             ] GC(45) Concurrent Mark Cycle
[2026-04-03T06:52:54.522+0600][20.914s][info][gc,marking     ] GC(45) Concurrent Scan Root Regions
[2026-04-03T06:52:54.525+0600][20.916s][info][gc,marking     ] GC(45) Concurrent Scan Root Regions 2.581ms
[2026-04-03T06:52:54.525+0600][20.916s][info][gc,marking     ] GC(45) Concurrent Mark
[2026-04-03T06:52:54.525+0600][20.916s][info][gc,marking     ] GC(45) Concurrent Mark From Roots
[2026-04-03T06:52:54.525+0600][20.916s][info][gc,task        ] GC(45) Using 3 workers of 3 for marking
[2026-04-03T06:52:54.539+0600][20.931s][info][gc,marking     ] GC(45) Concurrent Mark From Roots 14.439ms
[2026-04-03T06:52:54.539+0600][20.931s][info][gc,marking     ] GC(45) Concurrent Preclean
[2026-04-03T06:52:54.539+0600][20.931s][info][gc,marking     ] GC(45) Concurrent Preclean 0.181ms
[2026-04-03T06:52:54.540+0600][20.931s][info][gc,start       ] GC(45) Pause Remark
[2026-04-03T06:52:54.543+0600][20.935s][info][gc             ] GC(45) Pause Remark 64M->64M(148M) 3.592ms
[2026-04-03T06:52:54.543+0600][20.935s][info][gc,cpu         ] GC(45) User=0.01s Sys=0.00s Real=0.01s
[2026-04-03T06:52:54.543+0600][20.935s][info][gc,marking     ] GC(45) Concurrent Mark 18.842ms
[2026-04-03T06:52:54.543+0600][20.935s][info][gc,marking     ] GC(45) Concurrent Rebuild Remembered Sets and Scrub Regions
[2026-04-03T06:52:54.554+0600][20.946s][info][gc,marking     ] GC(45) Concurrent Rebuild Remembered Sets and Scrub Regions 10.488ms
[2026-04-03T06:52:54.554+0600][20.946s][info][gc,start       ] GC(45) Pause Cleanup
[2026-04-03T06:52:54.555+0600][20.946s][info][gc             ] GC(45) Pause Cleanup 82M->82M(148M) 0.317ms
[2026-04-03T06:52:54.555+0600][20.946s][info][gc,cpu         ] GC(45) User=0.00s Sys=0.00s Real=0.00s
[2026-04-03T06:52:54.555+0600][20.946s][info][gc,marking     ] GC(45) Concurrent Clear Claimed Marks
[2026-04-03T06:52:54.555+0600][20.947s][info][gc,marking     ] GC(45) Concurrent Clear Claimed Marks 0.183ms
[2026-04-03T06:52:54.555+0600][20.947s][info][gc,marking     ] GC(45) Concurrent Cleanup for Next Mark
[2026-04-03T06:52:54.555+0600][20.947s][info][gc,marking     ] GC(45) Concurrent Cleanup for Next Mark 0.455ms
[2026-04-03T06:52:54.555+0600][20.947s][info][gc             ] GC(45) Concurrent Mark Cycle 33.546ms
[2026-04-03T06:52:54.574+0600][20.965s][info][gc,start       ] GC(46) Pause Young (Prepare Mixed) (G1 Evacuation Pause)
[2026-04-03T06:52:54.574+0600][20.966s][info][gc,task        ] GC(46) Using 5 workers of 10 for evacuation
[2026-04-03T06:52:54.577+0600][20.969s][info][gc,phases      ] GC(46)   Pre Evacuate Collection Set: 0.28ms
[2026-04-03T06:52:54.577+0600][20.969s][info][gc,phases      ] GC(46)   Merge Heap Roots: 0.18ms
[2026-04-03T06:52:54.577+0600][20.969s][info][gc,phases      ] GC(46)   Evacuate Collection Set: 2.39ms
[2026-04-03T06:52:54.577+0600][20.969s][info][gc,phases      ] GC(46)   Post Evacuate Collection Set: 0.58ms
[2026-04-03T06:52:54.577+0600][20.969s][info][gc,phases      ] GC(46)   Other: 0.10ms
[2026-04-03T06:52:54.577+0600][20.969s][info][gc,heap        ] GC(46) Eden regions: 41->0(41)
[2026-04-03T06:52:54.577+0600][20.969s][info][gc,heap        ] GC(46) Survivor regions: 3->3(6)
[2026-04-03T06:52:54.577+0600][20.969s][info][gc,heap        ] GC(46) Old regions: 16->16
[2026-04-03T06:52:54.577+0600][20.969s][info][gc,heap        ] GC(46) Humongous regions: 3->3
[2026-04-03T06:52:54.577+0600][20.969s][info][gc,metaspace   ] GC(46) Metaspace: 67049K(67904K)->67049K(67904K) NonClass: 58598K(59072K)->58598K(59072K) Class: 8450K(8832K)->8450K(8832K)
[2026-04-03T06:52:54.577+0600][20.969s][info][gc             ] GC(46) Pause Young (Prepare Mixed) (G1 Evacuation Pause) 118M->36M(148M) 3.803ms
[2026-04-03T06:52:54.578+0600][20.969s][info][gc,cpu         ] GC(46) User=0.02s Sys=0.00s Real=0.00s
[2026-04-03T06:52:54.613+0600][21.005s][info][gc,start       ] GC(47) Pause Young (Mixed) (G1 Evacuation Pause)
[2026-04-03T06:52:54.613+0600][21.005s][info][gc,task        ] GC(47) Using 4 workers of 10 for evacuation
[2026-04-03T06:52:54.617+0600][21.009s][info][gc,phases      ] GC(47)   Pre Evacuate Collection Set: 0.20ms
[2026-04-03T06:52:54.617+0600][21.009s][info][gc,phases      ] GC(47)   Merge Heap Roots: 0.22ms
[2026-04-03T06:52:54.617+0600][21.009s][info][gc,phases      ] GC(47)   Evacuate Collection Set: 3.08ms
[2026-04-03T06:52:54.617+0600][21.009s][info][gc,phases      ] GC(47)   Post Evacuate Collection Set: 0.53ms
[2026-04-03T06:52:54.617+0600][21.009s][info][gc,phases      ] GC(47)   Other: 0.08ms
[2026-04-03T06:52:54.618+0600][21.009s][info][gc,heap        ] GC(47) Eden regions: 41->0(41)
[2026-04-03T06:52:54.618+0600][21.009s][info][gc,heap        ] GC(47) Survivor regions: 3->3(6)
[2026-04-03T06:52:54.618+0600][21.009s][info][gc,heap        ] GC(47) Old regions: 16->16
[2026-04-03T06:52:54.618+0600][21.009s][info][gc,heap        ] GC(47) Humongous regions: 3->3
[2026-04-03T06:52:54.618+0600][21.009s][info][gc,metaspace   ] GC(47) Metaspace: 67049K(67904K)->67049K(67904K) NonClass: 58598K(59072K)->58598K(59072K) Class: 8450K(8832K)->8450K(8832K)
[2026-04-03T06:52:54.618+0600][21.009s][info][gc             ] GC(47) Pause Young (Mixed) (G1 Evacuation Pause) 118M->36M(148M) 4.423ms
[2026-04-03T06:52:54.618+0600][21.009s][info][gc,cpu         ] GC(47) User=0.01s Sys=0.00s Real=0.01s
[2026-04-03T06:52:54.657+0600][21.049s][info][gc,start       ] GC(48) Pause Young (Concurrent Start) (G1 Evacuation Pause)
[2026-04-03T06:52:54.657+0600][21.049s][info][gc,task        ] GC(48) Using 3 workers of 10 for evacuation
[2026-04-03T06:52:54.663+0600][21.054s][info][gc,phases      ] GC(48)   Pre Evacuate Collection Set: 0.38ms
[2026-04-03T06:52:54.663+0600][21.054s][info][gc,phases      ] GC(48)   Merge Heap Roots: 0.13ms
[2026-04-03T06:52:54.663+0600][21.054s][info][gc,phases      ] GC(48)   Evacuate Collection Set: 3.38ms
[2026-04-03T06:52:54.663+0600][21.054s][info][gc,phases      ] GC(48)   Post Evacuate Collection Set: 1.62ms
[2026-04-03T06:52:54.663+0600][21.054s][info][gc,phases      ] GC(48)   Other: 0.18ms
[2026-04-03T06:52:54.663+0600][21.054s][info][gc,heap        ] GC(48) Eden regions: 41->0(85)
[2026-04-03T06:52:54.663+0600][21.054s][info][gc,heap        ] GC(48) Survivor regions: 3->3(6)
[2026-04-03T06:52:54.663+0600][21.054s][info][gc,heap        ] GC(48) Old regions: 16->16
[2026-04-03T06:52:54.663+0600][21.054s][info][gc,heap        ] GC(48) Humongous regions: 3->3
[2026-04-03T06:52:54.663+0600][21.054s][info][gc,metaspace   ] GC(48) Metaspace: 67049K(67904K)->67049K(67904K) NonClass: 58598K(59072K)->58598K(59072K) Class: 8450K(8832K)->8450K(8832K)
[2026-04-03T06:52:54.663+0600][21.054s][info][gc             ] GC(48) Pause Young (Concurrent Start) (G1 Evacuation Pause) 118M->36M(296M) 5.932ms
[2026-04-03T06:52:54.663+0600][21.055s][info][gc,cpu         ] GC(48) User=0.01s Sys=0.00s Real=0.00s
[2026-04-03T06:52:54.663+0600][21.055s][info][gc             ] GC(49) Concurrent Mark Cycle
[2026-04-03T06:52:54.663+0600][21.055s][info][gc,marking     ] GC(49) Concurrent Scan Root Regions
[2026-04-03T06:52:54.666+0600][21.058s][info][gc,marking     ] GC(49) Concurrent Scan Root Regions 3.421ms
[2026-04-03T06:52:54.666+0600][21.058s][info][gc,marking     ] GC(49) Concurrent Mark
[2026-04-03T06:52:54.666+0600][21.058s][info][gc,marking     ] GC(49) Concurrent Mark From Roots
[2026-04-03T06:52:54.666+0600][21.058s][info][gc,task        ] GC(49) Using 3 workers of 3 for marking
[2026-04-03T06:52:54.682+0600][21.074s][info][gc,marking     ] GC(49) Concurrent Mark From Roots 15.751ms
[2026-04-03T06:52:54.682+0600][21.074s][info][gc,marking     ] GC(49) Concurrent Preclean
[2026-04-03T06:52:54.682+0600][21.074s][info][gc,marking     ] GC(49) Concurrent Preclean 0.169ms
[2026-04-03T06:52:54.683+0600][21.074s][info][gc,start       ] GC(49) Pause Remark
[2026-04-03T06:52:54.688+0600][21.080s][info][gc             ] GC(49) Pause Remark 67M->67M(148M) 5.474ms
[2026-04-03T06:52:54.688+0600][21.080s][info][gc,cpu         ] GC(49) User=0.01s Sys=0.00s Real=0.01s
[2026-04-03T06:52:54.688+0600][21.080s][info][gc,marking     ] GC(49) Concurrent Mark 22.042ms
[2026-04-03T06:52:54.688+0600][21.080s][info][gc,marking     ] GC(49) Concurrent Rebuild Remembered Sets and Scrub Regions
[2026-04-03T06:52:54.700+0600][21.092s][info][gc,marking     ] GC(49) Concurrent Rebuild Remembered Sets and Scrub Regions 11.362ms
[2026-04-03T06:52:54.700+0600][21.092s][info][gc,start       ] GC(49) Pause Cleanup
[2026-04-03T06:52:54.701+0600][21.092s][info][gc             ] GC(49) Pause Cleanup 87M->87M(148M) 0.459ms
[2026-04-03T06:52:54.701+0600][21.092s][info][gc,cpu         ] GC(49) User=0.00s Sys=0.00s Real=0.00s
[2026-04-03T06:52:54.701+0600][21.093s][info][gc,marking     ] GC(49) Concurrent Clear Claimed Marks
[2026-04-03T06:52:54.701+0600][21.093s][info][gc,marking     ] GC(49) Concurrent Clear Claimed Marks 0.189ms
[2026-04-03T06:52:54.701+0600][21.093s][info][gc,marking     ] GC(49) Concurrent Cleanup for Next Mark
[2026-04-03T06:52:54.701+0600][21.093s][info][gc,marking     ] GC(49) Concurrent Cleanup for Next Mark 0.261ms
[2026-04-03T06:52:54.701+0600][21.093s][info][gc             ] GC(49) Concurrent Mark Cycle 38.516ms
[2026-04-03T06:52:54.716+0600][21.108s][info][gc,start       ] GC(50) Pause Young (Prepare Mixed) (G1 Evacuation Pause)
[2026-04-03T06:52:54.716+0600][21.108s][info][gc,task        ] GC(50) Using 3 workers of 10 for evacuation
[2026-04-03T06:52:54.721+0600][21.113s][info][gc,phases      ] GC(50)   Pre Evacuate Collection Set: 0.30ms
[2026-04-03T06:52:54.721+0600][21.113s][info][gc,phases      ] GC(50)   Merge Heap Roots: 0.22ms
[2026-04-03T06:52:54.721+0600][21.113s][info][gc,phases      ] GC(50)   Evacuate Collection Set: 3.30ms
[2026-04-03T06:52:54.721+0600][21.113s][info][gc,phases      ] GC(50)   Post Evacuate Collection Set: 0.76ms
[2026-04-03T06:52:54.721+0600][21.113s][info][gc,phases      ] GC(50)   Other: 0.07ms
[2026-04-03T06:52:54.721+0600][21.113s][info][gc,heap        ] GC(50) Eden regions: 41->0(42)
[2026-04-03T06:52:54.721+0600][21.113s][info][gc,heap        ] GC(50) Survivor regions: 3->2(6)
[2026-04-03T06:52:54.721+0600][21.113s][info][gc,heap        ] GC(50) Old regions: 16->16
[2026-04-03T06:52:54.721+0600][21.113s][info][gc,heap        ] GC(50) Humongous regions: 3->3
[2026-04-03T06:52:54.721+0600][21.113s][info][gc,metaspace   ] GC(50) Metaspace: 67050K(67904K)->67050K(67904K) NonClass: 58599K(59072K)->58599K(59072K) Class: 8450K(8832K)->8450K(8832K)
[2026-04-03T06:52:54.721+0600][21.113s][info][gc             ] GC(50) Pause Young (Prepare Mixed) (G1 Evacuation Pause) 118M->36M(148M) 4.880ms
[2026-04-03T06:52:54.721+0600][21.113s][info][gc,cpu         ] GC(50) User=0.01s Sys=0.00s Real=0.00s
[2026-04-03T06:52:54.759+0600][21.150s][info][gc,start       ] GC(51) Pause Young (Mixed) (G1 Evacuation Pause)
[2026-04-03T06:52:54.759+0600][21.150s][info][gc,task        ] GC(51) Using 3 workers of 10 for evacuation
[2026-04-03T06:52:54.763+0600][21.155s][info][gc,phases      ] GC(51)   Pre Evacuate Collection Set: 0.15ms
[2026-04-03T06:52:54.763+0600][21.155s][info][gc,phases      ] GC(51)   Merge Heap Roots: 0.10ms
[2026-04-03T06:52:54.763+0600][21.155s][info][gc,phases      ] GC(51)   Evacuate Collection Set: 3.72ms
[2026-04-03T06:52:54.763+0600][21.155s][info][gc,phases      ] GC(51)   Post Evacuate Collection Set: 0.61ms
[2026-04-03T06:52:54.763+0600][21.155s][info][gc,phases      ] GC(51)   Other: 0.07ms
[2026-04-03T06:52:54.763+0600][21.155s][info][gc,heap        ] GC(51) Eden regions: 42->0(43)
[2026-04-03T06:52:54.763+0600][21.155s][info][gc,heap        ] GC(51) Survivor regions: 2->1(6)
[2026-04-03T06:52:54.763+0600][21.155s][info][gc,heap        ] GC(51) Old regions: 16->17
[2026-04-03T06:52:54.763+0600][21.155s][info][gc,heap        ] GC(51) Humongous regions: 3->3
[2026-04-03T06:52:54.764+0600][21.155s][info][gc,metaspace   ] GC(51) Metaspace: 67050K(67904K)->67050K(67904K) NonClass: 58599K(59072K)->58599K(59072K) Class: 8450K(8832K)->8450K(8832K)
[2026-04-03T06:52:54.764+0600][21.155s][info][gc             ] GC(51) Pause Young (Mixed) (G1 Evacuation Pause) 120M->36M(148M) 4.918ms
[2026-04-03T06:52:54.764+0600][21.155s][info][gc,cpu         ] GC(51) User=0.01s Sys=0.00s Real=0.01s
[2026-04-03T06:52:54.805+0600][21.197s][info][gc,start       ] GC(52) Pause Young (Concurrent Start) (G1 Evacuation Pause)
[2026-04-03T06:52:54.805+0600][21.197s][info][gc,task        ] GC(52) Using 3 workers of 10 for evacuation
[2026-04-03T06:52:54.807+0600][21.199s][info][gc,phases      ] GC(52)   Pre Evacuate Collection Set: 0.38ms
[2026-04-03T06:52:54.807+0600][21.199s][info][gc,phases      ] GC(52)   Merge Heap Roots: 0.07ms
[2026-04-03T06:52:54.807+0600][21.199s][info][gc,phases      ] GC(52)   Evacuate Collection Set: 1.24ms
[2026-04-03T06:52:54.807+0600][21.199s][info][gc,phases      ] GC(52)   Post Evacuate Collection Set: 0.33ms
[2026-04-03T06:52:54.807+0600][21.199s][info][gc,phases      ] GC(52)   Other: 0.23ms
[2026-04-03T06:52:54.807+0600][21.199s][info][gc,heap        ] GC(52) Eden regions: 43->0(43)
[2026-04-03T06:52:54.807+0600][21.199s][info][gc,heap        ] GC(52) Survivor regions: 1->1(6)
[2026-04-03T06:52:54.807+0600][21.199s][info][gc,heap        ] GC(52) Old regions: 17->18
[2026-04-03T06:52:54.807+0600][21.199s][info][gc,heap        ] GC(52) Humongous regions: 3->3
[2026-04-03T06:52:54.807+0600][21.199s][info][gc,metaspace   ] GC(52) Metaspace: 67050K(67904K)->67050K(67904K) NonClass: 58599K(59072K)->58599K(59072K) Class: 8450K(8832K)->8450K(8832K)
[2026-04-03T06:52:54.807+0600][21.199s][info][gc             ] GC(52) Pause Young (Concurrent Start) (G1 Evacuation Pause) 122M->36M(148M) 2.502ms
[2026-04-03T06:52:54.807+0600][21.199s][info][gc,cpu         ] GC(52) User=0.01s Sys=0.00s Real=0.00s
[2026-04-03T06:52:54.807+0600][21.199s][info][gc             ] GC(53) Concurrent Mark Cycle
[2026-04-03T06:52:54.807+0600][21.199s][info][gc,marking     ] GC(53) Concurrent Scan Root Regions
[2026-04-03T06:52:54.808+0600][21.200s][info][gc,marking     ] GC(53) Concurrent Scan Root Regions 0.737ms
[2026-04-03T06:52:54.808+0600][21.200s][info][gc,marking     ] GC(53) Concurrent Mark
[2026-04-03T06:52:54.808+0600][21.200s][info][gc,marking     ] GC(53) Concurrent Mark From Roots
[2026-04-03T06:52:54.808+0600][21.200s][info][gc,task        ] GC(53) Using 3 workers of 3 for marking
[2026-04-03T06:52:54.824+0600][21.215s][info][gc,marking     ] GC(53) Concurrent Mark From Roots 15.302ms
[2026-04-03T06:52:54.824+0600][21.215s][info][gc,marking     ] GC(53) Concurrent Preclean
[2026-04-03T06:52:54.824+0600][21.216s][info][gc,marking     ] GC(53) Concurrent Preclean 0.227ms
[2026-04-03T06:52:54.825+0600][21.217s][info][gc,start       ] GC(53) Pause Remark
[2026-04-03T06:52:54.835+0600][21.227s][info][gc             ] GC(53) Pause Remark 56M->56M(148M) 10.309ms
[2026-04-03T06:52:54.835+0600][21.227s][info][gc,cpu         ] GC(53) User=0.02s Sys=0.01s Real=0.01s
[2026-04-03T06:52:54.835+0600][21.227s][info][gc,marking     ] GC(53) Concurrent Mark 27.139ms
[2026-04-03T06:52:54.835+0600][21.227s][info][gc,marking     ] GC(53) Concurrent Rebuild Remembered Sets and Scrub Regions
[2026-04-03T06:52:54.848+0600][21.240s][info][gc,marking     ] GC(53) Concurrent Rebuild Remembered Sets and Scrub Regions 12.790ms
[2026-04-03T06:52:54.849+0600][21.240s][info][gc,start       ] GC(53) Pause Cleanup
[2026-04-03T06:52:54.849+0600][21.241s][info][gc             ] GC(53) Pause Cleanup 73M->73M(148M) 0.227ms
[2026-04-03T06:52:54.849+0600][21.241s][info][gc,cpu         ] GC(53) User=0.00s Sys=0.00s Real=0.00s
[2026-04-03T06:52:54.849+0600][21.241s][info][gc,marking     ] GC(53) Concurrent Clear Claimed Marks
[2026-04-03T06:52:54.849+0600][21.241s][info][gc,marking     ] GC(53) Concurrent Clear Claimed Marks 0.211ms
[2026-04-03T06:52:54.849+0600][21.241s][info][gc,marking     ] GC(53) Concurrent Cleanup for Next Mark
[2026-04-03T06:52:54.850+0600][21.241s][info][gc,marking     ] GC(53) Concurrent Cleanup for Next Mark 0.260ms
[2026-04-03T06:52:54.850+0600][21.241s][info][gc             ] GC(53) Concurrent Mark Cycle 42.248ms
[2026-04-03T06:52:54.874+0600][21.265s][info][gc,start       ] GC(54) Pause Young (Prepare Mixed) (G1 Evacuation Pause)
[2026-04-03T06:52:54.874+0600][21.265s][info][gc,task        ] GC(54) Using 3 workers of 10 for evacuation
[2026-04-03T06:52:54.876+0600][21.268s][info][gc,phases      ] GC(54)   Pre Evacuate Collection Set: 0.17ms
[2026-04-03T06:52:54.876+0600][21.268s][info][gc,phases      ] GC(54)   Merge Heap Roots: 0.11ms
[2026-04-03T06:52:54.876+0600][21.268s][info][gc,phases      ] GC(54)   Evacuate Collection Set: 0.88ms
[2026-04-03T06:52:54.876+0600][21.268s][info][gc,phases      ] GC(54)   Post Evacuate Collection Set: 0.96ms
[2026-04-03T06:52:54.876+0600][21.268s][info][gc,phases      ] GC(54)   Other: 0.09ms
[2026-04-03T06:52:54.876+0600][21.268s][info][gc,heap        ] GC(54) Eden regions: 43->0(43)
[2026-04-03T06:52:54.876+0600][21.268s][info][gc,heap        ] GC(54) Survivor regions: 1->1(6)
[2026-04-03T06:52:54.876+0600][21.268s][info][gc,heap        ] GC(54) Old regions: 18->19
[2026-04-03T06:52:54.876+0600][21.268s][info][gc,heap        ] GC(54) Humongous regions: 3->3
[2026-04-03T06:52:54.876+0600][21.268s][info][gc,metaspace   ] GC(54) Metaspace: 66902K(67904K)->66902K(67904K) NonClass: 58493K(59072K)->58493K(59072K) Class: 8408K(8832K)->8408K(8832K)
[2026-04-03T06:52:54.876+0600][21.268s][info][gc             ] GC(54) Pause Young (Prepare Mixed) (G1 Evacuation Pause) 122M->36M(148M) 2.508ms
[2026-04-03T06:52:54.876+0600][21.268s][info][gc,cpu         ] GC(54) User=0.01s Sys=0.00s Real=0.00s
[2026-04-03T06:52:54.915+0600][21.307s][info][gc,start       ] GC(55) Pause Young (Mixed) (G1 Evacuation Pause)
[2026-04-03T06:52:54.915+0600][21.307s][info][gc,task        ] GC(55) Using 3 workers of 10 for evacuation
[2026-04-03T06:52:54.917+0600][21.309s][info][gc,phases      ] GC(55)   Pre Evacuate Collection Set: 0.28ms
[2026-04-03T06:52:54.917+0600][21.309s][info][gc,phases      ] GC(55)   Merge Heap Roots: 0.19ms
[2026-04-03T06:52:54.917+0600][21.309s][info][gc,phases      ] GC(55)   Evacuate Collection Set: 0.85ms
[2026-04-03T06:52:54.917+0600][21.309s][info][gc,phases      ] GC(55)   Post Evacuate Collection Set: 0.92ms
[2026-04-03T06:52:54.917+0600][21.309s][info][gc,phases      ] GC(55)   Other: 0.08ms
[2026-04-03T06:52:54.917+0600][21.309s][info][gc,heap        ] GC(55) Eden regions: 43->0(87)
[2026-04-03T06:52:54.917+0600][21.309s][info][gc,heap        ] GC(55) Survivor regions: 1->1(6)
[2026-04-03T06:52:54.917+0600][21.309s][info][gc,heap        ] GC(55) Old regions: 19->18
[2026-04-03T06:52:54.917+0600][21.309s][info][gc,heap        ] GC(55) Humongous regions: 3->3
[2026-04-03T06:52:54.917+0600][21.309s][info][gc,metaspace   ] GC(55) Metaspace: 66904K(67904K)->66904K(67904K) NonClass: 58495K(59072K)->58495K(59072K) Class: 8408K(8832K)->8408K(8832K)
[2026-04-03T06:52:54.917+0600][21.309s][info][gc             ] GC(55) Pause Young (Mixed) (G1 Evacuation Pause) 122M->36M(296M) 2.533ms
[2026-04-03T06:52:54.917+0600][21.309s][info][gc,cpu         ] GC(55) User=0.01s Sys=0.00s Real=0.00s
[2026-04-03T06:52:55.033+0600][21.424s][info][gc,start       ] GC(56) Pause Young (Concurrent Start) (G1 Evacuation Pause)
[2026-04-03T06:52:55.033+0600][21.424s][info][gc,task        ] GC(56) Using 7 workers of 10 for evacuation
[2026-04-03T06:52:55.035+0600][21.427s][info][gc,phases      ] GC(56)   Pre Evacuate Collection Set: 0.32ms
[2026-04-03T06:52:55.035+0600][21.427s][info][gc,phases      ] GC(56)   Merge Heap Roots: 0.06ms
[2026-04-03T06:52:55.035+0600][21.427s][info][gc,phases      ] GC(56)   Evacuate Collection Set: 1.22ms
[2026-04-03T06:52:55.035+0600][21.427s][info][gc,phases      ] GC(56)   Post Evacuate Collection Set: 0.39ms
[2026-04-03T06:52:55.035+0600][21.427s][info][gc,phases      ] GC(56)   Other: 0.18ms
[2026-04-03T06:52:55.035+0600][21.427s][info][gc,heap        ] GC(56) Eden regions: 87->0(87)
[2026-04-03T06:52:55.035+0600][21.427s][info][gc,heap        ] GC(56) Survivor regions: 1->1(11)
[2026-04-03T06:52:55.035+0600][21.427s][info][gc,heap        ] GC(56) Old regions: 18->18
[2026-04-03T06:52:55.035+0600][21.427s][info][gc,heap        ] GC(56) Humongous regions: 3->3
[2026-04-03T06:52:55.035+0600][21.427s][info][gc,metaspace   ] GC(56) Metaspace: 66904K(67904K)->66904K(67904K) NonClass: 58495K(59072K)->58495K(59072K) Class: 8408K(8832K)->8408K(8832K)
[2026-04-03T06:52:55.035+0600][21.427s][info][gc             ] GC(56) Pause Young (Concurrent Start) (G1 Evacuation Pause) 210M->36M(296M) 2.379ms
[2026-04-03T06:52:55.035+0600][21.427s][info][gc,cpu         ] GC(56) User=0.01s Sys=0.00s Real=0.01s
[2026-04-03T06:52:55.035+0600][21.427s][info][gc             ] GC(57) Concurrent Mark Cycle
[2026-04-03T06:52:55.035+0600][21.427s][info][gc,marking     ] GC(57) Concurrent Scan Root Regions
[2026-04-03T06:52:55.036+0600][21.428s][info][gc,marking     ] GC(57) Concurrent Scan Root Regions 0.733ms
[2026-04-03T06:52:55.036+0600][21.428s][info][gc,marking     ] GC(57) Concurrent Mark
[2026-04-03T06:52:55.036+0600][21.428s][info][gc,marking     ] GC(57) Concurrent Mark From Roots
[2026-04-03T06:52:55.036+0600][21.428s][info][gc,task        ] GC(57) Using 3 workers of 3 for marking
[2026-04-03T06:52:55.054+0600][21.446s][info][gc,marking     ] GC(57) Concurrent Mark From Roots 18.494ms
[2026-04-03T06:52:55.054+0600][21.446s][info][gc,marking     ] GC(57) Concurrent Preclean
[2026-04-03T06:52:55.055+0600][21.446s][info][gc,marking     ] GC(57) Concurrent Preclean 0.216ms
[2026-04-03T06:52:55.055+0600][21.447s][info][gc,start       ] GC(57) Pause Remark
[2026-04-03T06:52:55.058+0600][21.450s][info][gc             ] GC(57) Pause Remark 63M->63M(148M) 3.002ms
[2026-04-03T06:52:55.058+0600][21.450s][info][gc,cpu         ] GC(57) User=0.01s Sys=0.00s Real=0.00s
[2026-04-03T06:52:55.058+0600][21.450s][info][gc,marking     ] GC(57) Concurrent Mark 22.149ms
[2026-04-03T06:52:55.058+0600][21.450s][info][gc,marking     ] GC(57) Concurrent Rebuild Remembered Sets and Scrub Regions
[2026-04-03T06:52:55.070+0600][21.461s][info][gc,marking     ] GC(57) Concurrent Rebuild Remembered Sets and Scrub Regions 11.540ms
[2026-04-03T06:52:55.070+0600][21.462s][info][gc,start       ] GC(57) Pause Cleanup
[2026-04-03T06:52:55.070+0600][21.462s][info][gc             ] GC(57) Pause Cleanup 82M->82M(148M) 0.157ms
[2026-04-03T06:52:55.070+0600][21.462s][info][gc,cpu         ] GC(57) User=0.00s Sys=0.00s Real=0.00s
[2026-04-03T06:52:55.070+0600][21.462s][info][gc,marking     ] GC(57) Concurrent Clear Claimed Marks
[2026-04-03T06:52:55.070+0600][21.462s][info][gc,marking     ] GC(57) Concurrent Clear Claimed Marks 0.180ms
[2026-04-03T06:52:55.070+0600][21.462s][info][gc,marking     ] GC(57) Concurrent Cleanup for Next Mark
[2026-04-03T06:52:55.070+0600][21.462s][info][gc,marking     ] GC(57) Concurrent Cleanup for Next Mark 0.246ms
[2026-04-03T06:52:55.071+0600][21.462s][info][gc             ] GC(57) Concurrent Mark Cycle 35.573ms
[2026-04-03T06:52:55.091+0600][21.483s][info][gc,start       ] GC(58) Pause Young (Prepare Mixed) (G1 Evacuation Pause)
[2026-04-03T06:52:55.092+0600][21.483s][info][gc,task        ] GC(58) Using 5 workers of 10 for evacuation
[2026-04-03T06:52:55.093+0600][21.485s][info][gc,phases      ] GC(58)   Pre Evacuate Collection Set: 0.22ms
[2026-04-03T06:52:55.093+0600][21.485s][info][gc,phases      ] GC(58)   Merge Heap Roots: 0.18ms
[2026-04-03T06:52:55.093+0600][21.485s][info][gc,phases      ] GC(58)   Evacuate Collection Set: 0.69ms
[2026-04-03T06:52:55.093+0600][21.485s][info][gc,phases      ] GC(58)   Post Evacuate Collection Set: 0.32ms
[2026-04-03T06:52:55.093+0600][21.485s][info][gc,phases      ] GC(58)   Other: 0.07ms
[2026-04-03T06:52:55.093+0600][21.485s][info][gc,heap        ] GC(58) Eden regions: 43->0(43)
[2026-04-03T06:52:55.093+0600][21.485s][info][gc,heap        ] GC(58) Survivor regions: 1->1(6)
[2026-04-03T06:52:55.093+0600][21.485s][info][gc,heap        ] GC(58) Old regions: 18->18
[2026-04-03T06:52:55.093+0600][21.485s][info][gc,heap        ] GC(58) Humongous regions: 3->3
[2026-04-03T06:52:55.093+0600][21.485s][info][gc,metaspace   ] GC(58) Metaspace: 66904K(67904K)->66904K(67904K) NonClass: 58495K(59072K)->58495K(59072K) Class: 8408K(8832K)->8408K(8832K)
[2026-04-03T06:52:55.093+0600][21.485s][info][gc             ] GC(58) Pause Young (Prepare Mixed) (G1 Evacuation Pause) 122M->36M(148M) 1.676ms
[2026-04-03T06:52:55.093+0600][21.485s][info][gc,cpu         ] GC(58) User=0.01s Sys=0.00s Real=0.01s
[2026-04-03T06:52:55.133+0600][21.524s][info][gc,start       ] GC(59) Pause Young (Mixed) (G1 Evacuation Pause)
[2026-04-03T06:52:55.133+0600][21.525s][info][gc,task        ] GC(59) Using 4 workers of 10 for evacuation
[2026-04-03T06:52:55.134+0600][21.526s][info][gc,phases      ] GC(59)   Pre Evacuate Collection Set: 0.13ms
[2026-04-03T06:52:55.134+0600][21.526s][info][gc,phases      ] GC(59)   Merge Heap Roots: 0.08ms
[2026-04-03T06:52:55.134+0600][21.526s][info][gc,phases      ] GC(59)   Evacuate Collection Set: 0.66ms
[2026-04-03T06:52:55.134+0600][21.526s][info][gc,phases      ] GC(59)   Post Evacuate Collection Set: 0.32ms
[2026-04-03T06:52:55.134+0600][21.526s][info][gc,phases      ] GC(59)   Other: 0.08ms
[2026-04-03T06:52:55.134+0600][21.526s][info][gc,heap        ] GC(59) Eden regions: 43->0(43)
[2026-04-03T06:52:55.134+0600][21.526s][info][gc,heap        ] GC(59) Survivor regions: 1->1(6)
[2026-04-03T06:52:55.134+0600][21.526s][info][gc,heap        ] GC(59) Old regions: 18->18
[2026-04-03T06:52:55.134+0600][21.526s][info][gc,heap        ] GC(59) Humongous regions: 3->3
[2026-04-03T06:52:55.134+0600][21.526s][info][gc,metaspace   ] GC(59) Metaspace: 66904K(67904K)->66904K(67904K) NonClass: 58495K(59072K)->58495K(59072K) Class: 8408K(8832K)->8408K(8832K)
[2026-04-03T06:52:55.134+0600][21.526s][info][gc             ] GC(59) Pause Young (Mixed) (G1 Evacuation Pause) 122M->36M(148M) 1.515ms
[2026-04-03T06:52:55.134+0600][21.526s][info][gc,cpu         ] GC(59) User=0.00s Sys=0.00s Real=0.01s
[2026-04-03T06:52:55.174+0600][21.566s][info][gc,start       ] GC(60) Pause Young (Concurrent Start) (G1 Evacuation Pause)
[2026-04-03T06:52:55.174+0600][21.566s][info][gc,task        ] GC(60) Using 3 workers of 10 for evacuation
[2026-04-03T06:52:55.176+0600][21.568s][info][gc,phases      ] GC(60)   Pre Evacuate Collection Set: 0.20ms
[2026-04-03T06:52:55.176+0600][21.568s][info][gc,phases      ] GC(60)   Merge Heap Roots: 0.07ms
[2026-04-03T06:52:55.176+0600][21.568s][info][gc,phases      ] GC(60)   Evacuate Collection Set: 1.00ms
[2026-04-03T06:52:55.176+0600][21.568s][info][gc,phases      ] GC(60)   Post Evacuate Collection Set: 0.68ms
[2026-04-03T06:52:55.176+0600][21.568s][info][gc,phases      ] GC(60)   Other: 0.13ms
[2026-04-03T06:52:55.176+0600][21.568s][info][gc,heap        ] GC(60) Eden regions: 43->0(43)
[2026-04-03T06:52:55.176+0600][21.568s][info][gc,heap        ] GC(60) Survivor regions: 1->1(6)
[2026-04-03T06:52:55.176+0600][21.568s][info][gc,heap        ] GC(60) Old regions: 18->18
[2026-04-03T06:52:55.176+0600][21.568s][info][gc,heap        ] GC(60) Humongous regions: 3->3
[2026-04-03T06:52:55.176+0600][21.568s][info][gc,metaspace   ] GC(60) Metaspace: 66904K(67904K)->66904K(67904K) NonClass: 58495K(59072K)->58495K(59072K) Class: 8408K(8832K)->8408K(8832K)
[2026-04-03T06:52:55.176+0600][21.568s][info][gc             ] GC(60) Pause Young (Concurrent Start) (G1 Evacuation Pause) 122M->36M(148M) 2.290ms
[2026-04-03T06:52:55.176+0600][21.568s][info][gc,cpu         ] GC(60) User=0.00s Sys=0.00s Real=0.00s
[2026-04-03T06:52:55.176+0600][21.568s][info][gc             ] GC(61) Concurrent Mark Cycle
[2026-04-03T06:52:55.176+0600][21.568s][info][gc,marking     ] GC(61) Concurrent Scan Root Regions
[2026-04-03T06:52:55.177+0600][21.568s][info][gc,marking     ] GC(61) Concurrent Scan Root Regions 0.556ms
[2026-04-03T06:52:55.177+0600][21.569s][info][gc,marking     ] GC(61) Concurrent Mark
[2026-04-03T06:52:55.177+0600][21.569s][info][gc,marking     ] GC(61) Concurrent Mark From Roots
[2026-04-03T06:52:55.177+0600][21.569s][info][gc,task        ] GC(61) Using 3 workers of 3 for marking
[2026-04-03T06:52:55.194+0600][21.585s][info][gc,marking     ] GC(61) Concurrent Mark From Roots 16.812ms
[2026-04-03T06:52:55.194+0600][21.585s][info][gc,marking     ] GC(61) Concurrent Preclean
[2026-04-03T06:52:55.194+0600][21.586s][info][gc,marking     ] GC(61) Concurrent Preclean 0.174ms
[2026-04-03T06:52:55.194+0600][21.586s][info][gc,start       ] GC(61) Pause Remark
[2026-04-03T06:52:55.200+0600][21.591s][info][gc             ] GC(61) Pause Remark 64M->64M(148M) 5.299ms
[2026-04-03T06:52:55.200+0600][21.592s][info][gc,cpu         ] GC(61) User=0.01s Sys=0.00s Real=0.00s
[2026-04-03T06:52:55.200+0600][21.592s][info][gc,marking     ] GC(61) Concurrent Mark 23.174ms
[2026-04-03T06:52:55.200+0600][21.592s][info][gc,marking     ] GC(61) Concurrent Rebuild Remembered Sets and Scrub Regions
[2026-04-03T06:52:55.213+0600][21.605s][info][gc,marking     ] GC(61) Concurrent Rebuild Remembered Sets and Scrub Regions 13.030ms
[2026-04-03T06:52:55.213+0600][21.605s][info][gc,start       ] GC(61) Pause Cleanup
[2026-04-03T06:52:55.214+0600][21.605s][info][gc             ] GC(61) Pause Cleanup 87M->87M(148M) 0.349ms
[2026-04-03T06:52:55.214+0600][21.605s][info][gc,cpu         ] GC(61) User=0.00s Sys=0.00s Real=0.00s
[2026-04-03T06:52:55.214+0600][21.606s][info][gc,marking     ] GC(61) Concurrent Clear Claimed Marks
[2026-04-03T06:52:55.214+0600][21.606s][info][gc,marking     ] GC(61) Concurrent Clear Claimed Marks 0.158ms
[2026-04-03T06:52:55.214+0600][21.606s][info][gc,marking     ] GC(61) Concurrent Cleanup for Next Mark
[2026-04-03T06:52:55.214+0600][21.606s][info][gc,marking     ] GC(61) Concurrent Cleanup for Next Mark 0.228ms
[2026-04-03T06:52:55.214+0600][21.606s][info][gc             ] GC(61) Concurrent Mark Cycle 38.222ms
[2026-04-03T06:52:55.232+0600][21.624s][info][gc,start       ] GC(62) Pause Young (Prepare Mixed) (G1 Evacuation Pause)
[2026-04-03T06:52:55.232+0600][21.624s][info][gc,task        ] GC(62) Using 3 workers of 10 for evacuation
[2026-04-03T06:52:55.234+0600][21.626s][info][gc,phases      ] GC(62)   Pre Evacuate Collection Set: 0.23ms
[2026-04-03T06:52:55.234+0600][21.626s][info][gc,phases      ] GC(62)   Merge Heap Roots: 0.23ms
[2026-04-03T06:52:55.234+0600][21.626s][info][gc,phases      ] GC(62)   Evacuate Collection Set: 0.88ms
[2026-04-03T06:52:55.234+0600][21.626s][info][gc,phases      ] GC(62)   Post Evacuate Collection Set: 0.70ms
[2026-04-03T06:52:55.234+0600][21.626s][info][gc,phases      ] GC(62)   Other: 0.08ms
[2026-04-03T06:52:55.234+0600][21.626s][info][gc,heap        ] GC(62) Eden regions: 43->0(62)
[2026-04-03T06:52:55.234+0600][21.626s][info][gc,heap        ] GC(62) Survivor regions: 1->1(6)
[2026-04-03T06:52:55.234+0600][21.626s][info][gc,heap        ] GC(62) Old regions: 18->18
[2026-04-03T06:52:55.234+0600][21.626s][info][gc,heap        ] GC(62) Humongous regions: 3->3
[2026-04-03T06:52:55.234+0600][21.626s][info][gc,metaspace   ] GC(62) Metaspace: 66904K(67904K)->66904K(67904K) NonClass: 58495K(59072K)->58495K(59072K) Class: 8408K(8832K)->8408K(8832K)
[2026-04-03T06:52:55.234+0600][21.626s][info][gc             ] GC(62) Pause Young (Prepare Mixed) (G1 Evacuation Pause) 122M->36M(210M) 2.340ms
[2026-04-03T06:52:55.234+0600][21.626s][info][gc,cpu         ] GC(62) User=0.00s Sys=0.00s Real=0.01s
[2026-04-03T06:52:55.306+0600][21.698s][info][gc,start       ] GC(63) Pause Young (Mixed) (G1 Evacuation Pause)
[2026-04-03T06:52:55.306+0600][21.698s][info][gc,task        ] GC(63) Using 5 workers of 10 for evacuation
[2026-04-03T06:52:55.308+0600][21.700s][info][gc,phases      ] GC(63)   Pre Evacuate Collection Set: 0.34ms
[2026-04-03T06:52:55.308+0600][21.700s][info][gc,phases      ] GC(63)   Merge Heap Roots: 0.23ms
[2026-04-03T06:52:55.308+0600][21.700s][info][gc,phases      ] GC(63)   Evacuate Collection Set: 0.68ms
[2026-04-03T06:52:55.308+0600][21.700s][info][gc,phases      ] GC(63)   Post Evacuate Collection Set: 0.49ms
[2026-04-03T06:52:55.308+0600][21.700s][info][gc,phases      ] GC(63)   Other: 0.07ms
[2026-04-03T06:52:55.308+0600][21.700s][info][gc,heap        ] GC(63) Eden regions: 62->0(62)
[2026-04-03T06:52:55.308+0600][21.700s][info][gc,heap        ] GC(63) Survivor regions: 1->1(8)
[2026-04-03T06:52:55.308+0600][21.700s][info][gc,heap        ] GC(63) Old regions: 18->18
[2026-04-03T06:52:55.308+0600][21.700s][info][gc,heap        ] GC(63) Humongous regions: 3->3
[2026-04-03T06:52:55.308+0600][21.700s][info][gc,metaspace   ] GC(63) Metaspace: 66904K(67904K)->66904K(67904K) NonClass: 58495K(59072K)->58495K(59072K) Class: 8408K(8832K)->8408K(8832K)
[2026-04-03T06:52:55.308+0600][21.700s][info][gc             ] GC(63) Pause Young (Mixed) (G1 Evacuation Pause) 160M->36M(210M) 2.121ms
[2026-04-03T06:52:55.308+0600][21.700s][info][gc,cpu         ] GC(63) User=0.00s Sys=0.00s Real=0.00s
[2026-04-03T06:52:55.364+0600][21.756s][info][gc,start       ] GC(64) Pause Young (Concurrent Start) (G1 Evacuation Pause)
[2026-04-03T06:52:55.364+0600][21.756s][info][gc,task        ] GC(64) Using 5 workers of 10 for evacuation
[2026-04-03T06:52:55.366+0600][21.758s][info][gc,phases      ] GC(64)   Pre Evacuate Collection Set: 0.34ms
[2026-04-03T06:52:55.366+0600][21.758s][info][gc,phases      ] GC(64)   Merge Heap Roots: 0.07ms
[2026-04-03T06:52:55.366+0600][21.758s][info][gc,phases      ] GC(64)   Evacuate Collection Set: 1.00ms
[2026-04-03T06:52:55.366+0600][21.758s][info][gc,phases      ] GC(64)   Post Evacuate Collection Set: 0.67ms
[2026-04-03T06:52:55.366+0600][21.758s][info][gc,phases      ] GC(64)   Other: 0.26ms
[2026-04-03T06:52:55.366+0600][21.758s][info][gc,heap        ] GC(64) Eden regions: 62->0(62)
[2026-04-03T06:52:55.366+0600][21.758s][info][gc,heap        ] GC(64) Survivor regions: 1->1(8)
[2026-04-03T06:52:55.366+0600][21.758s][info][gc,heap        ] GC(64) Old regions: 18->18
[2026-04-03T06:52:55.366+0600][21.758s][info][gc,heap        ] GC(64) Humongous regions: 3->3
[2026-04-03T06:52:55.366+0600][21.758s][info][gc,metaspace   ] GC(64) Metaspace: 66904K(67904K)->66904K(67904K) NonClass: 58495K(59072K)->58495K(59072K) Class: 8408K(8832K)->8408K(8832K)
[2026-04-03T06:52:55.367+0600][21.758s][info][gc             ] GC(64) Pause Young (Concurrent Start) (G1 Evacuation Pause) 160M->36M(210M) 2.633ms
[2026-04-03T06:52:55.367+0600][21.758s][info][gc,cpu         ] GC(64) User=0.00s Sys=0.00s Real=0.00s
[2026-04-03T06:52:55.367+0600][21.759s][info][gc             ] GC(65) Concurrent Mark Cycle
[2026-04-03T06:52:55.367+0600][21.759s][info][gc,marking     ] GC(65) Concurrent Scan Root Regions
[2026-04-03T06:52:55.367+0600][21.759s][info][gc,marking     ] GC(65) Concurrent Scan Root Regions 0.557ms
[2026-04-03T06:52:55.367+0600][21.759s][info][gc,marking     ] GC(65) Concurrent Mark
[2026-04-03T06:52:55.367+0600][21.759s][info][gc,marking     ] GC(65) Concurrent Mark From Roots
[2026-04-03T06:52:55.367+0600][21.759s][info][gc,task        ] GC(65) Using 3 workers of 3 for marking
[2026-04-03T06:52:55.385+0600][21.777s][info][gc,marking     ] GC(65) Concurrent Mark From Roots 17.506ms
[2026-04-03T06:52:55.385+0600][21.777s][info][gc,marking     ] GC(65) Concurrent Preclean
[2026-04-03T06:52:55.385+0600][21.777s][info][gc,marking     ] GC(65) Concurrent Preclean 0.175ms
[2026-04-03T06:52:55.385+0600][21.777s][info][gc,start       ] GC(65) Pause Remark
[2026-04-03T06:52:55.389+0600][21.781s][info][gc             ] GC(65) Pause Remark 67M->67M(148M) 4.200ms
[2026-04-03T06:52:55.390+0600][21.781s][info][gc,cpu         ] GC(65) User=0.02s Sys=0.00s Real=0.00s
[2026-04-03T06:52:55.390+0600][21.782s][info][gc,marking     ] GC(65) Concurrent Mark 22.380ms
[2026-04-03T06:52:55.390+0600][21.782s][info][gc,marking     ] GC(65) Concurrent Rebuild Remembered Sets and Scrub Regions
[2026-04-03T06:52:55.402+0600][21.794s][info][gc,marking     ] GC(65) Concurrent Rebuild Remembered Sets and Scrub Regions 12.148ms
[2026-04-03T06:52:55.402+0600][21.794s][info][gc,start       ] GC(65) Pause Cleanup
[2026-04-03T06:52:55.403+0600][21.794s][info][gc             ] GC(65) Pause Cleanup 91M->91M(148M) 0.292ms
[2026-04-03T06:52:55.403+0600][21.794s][info][gc,cpu         ] GC(65) User=0.00s Sys=0.00s Real=0.00s
[2026-04-03T06:52:55.403+0600][21.794s][info][gc,marking     ] GC(65) Concurrent Clear Claimed Marks
[2026-04-03T06:52:55.404+0600][21.795s][info][gc,marking     ] GC(65) Concurrent Clear Claimed Marks 0.984ms
[2026-04-03T06:52:55.404+0600][21.795s][info][gc,marking     ] GC(65) Concurrent Cleanup for Next Mark
[2026-04-03T06:52:55.404+0600][21.796s][info][gc,marking     ] GC(65) Concurrent Cleanup for Next Mark 0.339ms
[2026-04-03T06:52:55.404+0600][21.796s][info][gc             ] GC(65) Concurrent Mark Cycle 37.354ms
[2026-04-03T06:52:55.419+0600][21.811s][info][gc,start       ] GC(66) Pause Young (Prepare Mixed) (G1 Evacuation Pause)
[2026-04-03T06:52:55.419+0600][21.811s][info][gc,task        ] GC(66) Using 4 workers of 10 for evacuation
[2026-04-03T06:52:55.421+0600][21.812s][info][gc,phases      ] GC(66)   Pre Evacuate Collection Set: 0.14ms
[2026-04-03T06:52:55.421+0600][21.812s][info][gc,phases      ] GC(66)   Merge Heap Roots: 0.08ms
[2026-04-03T06:52:55.421+0600][21.813s][info][gc,phases      ] GC(66)   Evacuate Collection Set: 0.69ms
[2026-04-03T06:52:55.421+0600][21.813s][info][gc,phases      ] GC(66)   Post Evacuate Collection Set: 0.37ms
[2026-04-03T06:52:55.421+0600][21.813s][info][gc,phases      ] GC(66)   Other: 0.08ms
[2026-04-03T06:52:55.421+0600][21.813s][info][gc,heap        ] GC(66) Eden regions: 43->0(43)
[2026-04-03T06:52:55.421+0600][21.813s][info][gc,heap        ] GC(66) Survivor regions: 1->1(6)
[2026-04-03T06:52:55.421+0600][21.813s][info][gc,heap        ] GC(66) Old regions: 18->18
[2026-04-03T06:52:55.421+0600][21.813s][info][gc,heap        ] GC(66) Humongous regions: 3->3
[2026-04-03T06:52:55.421+0600][21.813s][info][gc,metaspace   ] GC(66) Metaspace: 66904K(67904K)->66904K(67904K) NonClass: 58495K(59072K)->58495K(59072K) Class: 8408K(8832K)->8408K(8832K)
[2026-04-03T06:52:55.421+0600][21.813s][info][gc             ] GC(66) Pause Young (Prepare Mixed) (G1 Evacuation Pause) 122M->36M(148M) 1.626ms
[2026-04-03T06:52:55.421+0600][21.813s][info][gc,cpu         ] GC(66) User=0.00s Sys=0.00s Real=0.00s
[2026-04-03T06:52:55.459+0600][21.851s][info][gc,start       ] GC(67) Pause Young (Mixed) (G1 Evacuation Pause)
[2026-04-03T06:52:55.459+0600][21.851s][info][gc,task        ] GC(67) Using 3 workers of 10 for evacuation
[2026-04-03T06:52:55.462+0600][21.854s][info][gc,phases      ] GC(67)   Pre Evacuate Collection Set: 0.19ms
[2026-04-03T06:52:55.462+0600][21.854s][info][gc,phases      ] GC(67)   Merge Heap Roots: 0.06ms
[2026-04-03T06:52:55.462+0600][21.854s][info][gc,phases      ] GC(67)   Evacuate Collection Set: 0.71ms
[2026-04-03T06:52:55.462+0600][21.854s][info][gc,phases      ] GC(67)   Post Evacuate Collection Set: 1.36ms
[2026-04-03T06:52:55.462+0600][21.854s][info][gc,phases      ] GC(67)   Other: 0.07ms
[2026-04-03T06:52:55.462+0600][21.854s][info][gc,heap        ] GC(67) Eden regions: 43->0(68)
[2026-04-03T06:52:55.462+0600][21.854s][info][gc,heap        ] GC(67) Survivor regions: 1->1(6)
[2026-04-03T06:52:55.462+0600][21.854s][info][gc,heap        ] GC(67) Old regions: 18->18
[2026-04-03T06:52:55.462+0600][21.854s][info][gc,heap        ] GC(67) Humongous regions: 3->3
[2026-04-03T06:52:55.462+0600][21.854s][info][gc,metaspace   ] GC(67) Metaspace: 66904K(67904K)->66904K(67904K) NonClass: 58495K(59072K)->58495K(59072K) Class: 8408K(8832K)->8408K(8832K)
[2026-04-03T06:52:55.462+0600][21.854s][info][gc             ] GC(67) Pause Young (Mixed) (G1 Evacuation Pause) 122M->36M(232M) 2.607ms
[2026-04-03T06:52:55.462+0600][21.854s][info][gc,cpu         ] GC(67) User=0.00s Sys=0.00s Real=0.00s
[2026-04-03T06:52:55.531+0600][21.923s][info][gc,start       ] GC(68) Pause Young (Concurrent Start) (G1 Evacuation Pause)
[2026-04-03T06:52:55.531+0600][21.923s][info][gc,task        ] GC(68) Using 5 workers of 10 for evacuation
[2026-04-03T06:52:55.534+0600][21.926s][info][gc,phases      ] GC(68)   Pre Evacuate Collection Set: 0.29ms
[2026-04-03T06:52:55.534+0600][21.926s][info][gc,phases      ] GC(68)   Merge Heap Roots: 0.08ms
[2026-04-03T06:52:55.534+0600][21.926s][info][gc,phases      ] GC(68)   Evacuate Collection Set: 1.30ms
[2026-04-03T06:52:55.534+0600][21.926s][info][gc,phases      ] GC(68)   Post Evacuate Collection Set: 0.48ms
[2026-04-03T06:52:55.534+0600][21.926s][info][gc,phases      ] GC(68)   Other: 0.22ms
[2026-04-03T06:52:55.534+0600][21.926s][info][gc,heap        ] GC(68) Eden regions: 68->0(68)
[2026-04-03T06:52:55.534+0600][21.926s][info][gc,heap        ] GC(68) Survivor regions: 1->1(9)
[2026-04-03T06:52:55.534+0600][21.926s][info][gc,heap        ] GC(68) Old regions: 18->18
[2026-04-03T06:52:55.534+0600][21.926s][info][gc,heap        ] GC(68) Humongous regions: 3->3
[2026-04-03T06:52:55.534+0600][21.926s][info][gc,metaspace   ] GC(68) Metaspace: 66906K(67904K)->66906K(67904K) NonClass: 58497K(59072K)->58497K(59072K) Class: 8408K(8832K)->8408K(8832K)
[2026-04-03T06:52:55.534+0600][21.926s][info][gc             ] GC(68) Pause Young (Concurrent Start) (G1 Evacuation Pause) 172M->36M(232M) 2.613ms
[2026-04-03T06:52:55.534+0600][21.926s][info][gc,cpu         ] GC(68) User=0.01s Sys=0.00s Real=0.01s
[2026-04-03T06:52:55.534+0600][21.926s][info][gc             ] GC(69) Concurrent Mark Cycle
[2026-04-03T06:52:55.534+0600][21.926s][info][gc,marking     ] GC(69) Concurrent Scan Root Regions
[2026-04-03T06:52:55.535+0600][21.927s][info][gc,marking     ] GC(69) Concurrent Scan Root Regions 0.825ms
[2026-04-03T06:52:55.535+0600][21.927s][info][gc,marking     ] GC(69) Concurrent Mark
[2026-04-03T06:52:55.535+0600][21.927s][info][gc,marking     ] GC(69) Concurrent Mark From Roots
[2026-04-03T06:52:55.535+0600][21.927s][info][gc,task        ] GC(69) Using 3 workers of 3 for marking
[2026-04-03T06:52:55.551+0600][21.943s][info][gc,marking     ] GC(69) Concurrent Mark From Roots 16.114ms
[2026-04-03T06:52:55.551+0600][21.943s][info][gc,marking     ] GC(69) Concurrent Preclean
[2026-04-03T06:52:55.551+0600][21.943s][info][gc,marking     ] GC(69) Concurrent Preclean 0.149ms
[2026-04-03T06:52:55.552+0600][21.943s][info][gc,start       ] GC(69) Pause Remark
[2026-04-03T06:52:55.556+0600][21.948s][info][gc             ] GC(69) Pause Remark 64M->64M(148M) 4.092ms
[2026-04-03T06:52:55.556+0600][21.948s][info][gc,cpu         ] GC(69) User=0.02s Sys=0.00s Real=0.01s
[2026-04-03T06:52:55.556+0600][21.948s][info][gc,marking     ] GC(69) Concurrent Mark 20.952ms
[2026-04-03T06:52:55.556+0600][21.948s][info][gc,marking     ] GC(69) Concurrent Rebuild Remembered Sets and Scrub Regions
[2026-04-03T06:52:55.569+0600][21.961s][info][gc,marking     ] GC(69) Concurrent Rebuild Remembered Sets and Scrub Regions 12.813ms
[2026-04-03T06:52:55.569+0600][21.961s][info][gc,start       ] GC(69) Pause Cleanup
[2026-04-03T06:52:55.570+0600][21.961s][info][gc             ] GC(69) Pause Cleanup 86M->86M(148M) 0.220ms
[2026-04-03T06:52:55.570+0600][21.961s][info][gc,cpu         ] GC(69) User=0.00s Sys=0.00s Real=0.00s
[2026-04-03T06:52:55.570+0600][21.961s][info][gc,marking     ] GC(69) Concurrent Clear Claimed Marks
[2026-04-03T06:52:55.570+0600][21.962s][info][gc,marking     ] GC(69) Concurrent Clear Claimed Marks 0.177ms
[2026-04-03T06:52:55.570+0600][21.962s][info][gc,marking     ] GC(69) Concurrent Cleanup for Next Mark
[2026-04-03T06:52:55.570+0600][21.962s][info][gc,marking     ] GC(69) Concurrent Cleanup for Next Mark 0.235ms
[2026-04-03T06:52:55.570+0600][21.962s][info][gc             ] GC(69) Concurrent Mark Cycle 36.029ms
[2026-04-03T06:52:55.588+0600][21.980s][info][gc,start       ] GC(70) Pause Young (Prepare Mixed) (G1 Evacuation Pause)
[2026-04-03T06:52:55.588+0600][21.980s][info][gc,task        ] GC(70) Using 4 workers of 10 for evacuation
[2026-04-03T06:52:55.591+0600][21.982s][info][gc,phases      ] GC(70)   Pre Evacuate Collection Set: 0.27ms
[2026-04-03T06:52:55.591+0600][21.983s][info][gc,phases      ] GC(70)   Merge Heap Roots: 0.23ms
[2026-04-03T06:52:55.591+0600][21.983s][info][gc,phases      ] GC(70)   Evacuate Collection Set: 0.68ms
[2026-04-03T06:52:55.591+0600][21.983s][info][gc,phases      ] GC(70)   Post Evacuate Collection Set: 0.90ms
[2026-04-03T06:52:55.591+0600][21.983s][info][gc,phases      ] GC(70)   Other: 0.12ms
[2026-04-03T06:52:55.591+0600][21.983s][info][gc,heap        ] GC(70) Eden regions: 43->0(43)
[2026-04-03T06:52:55.591+0600][21.983s][info][gc,heap        ] GC(70) Survivor regions: 1->1(6)
[2026-04-03T06:52:55.591+0600][21.983s][info][gc,heap        ] GC(70) Old regions: 18->18
[2026-04-03T06:52:55.591+0600][21.983s][info][gc,heap        ] GC(70) Humongous regions: 3->3
[2026-04-03T06:52:55.591+0600][21.983s][info][gc,metaspace   ] GC(70) Metaspace: 66906K(67904K)->66906K(67904K) NonClass: 58497K(59072K)->58497K(59072K) Class: 8408K(8832K)->8408K(8832K)
[2026-04-03T06:52:55.591+0600][21.983s][info][gc             ] GC(70) Pause Young (Prepare Mixed) (G1 Evacuation Pause) 122M->36M(148M) 2.541ms
[2026-04-03T06:52:55.591+0600][21.983s][info][gc,cpu         ] GC(70) User=0.01s Sys=0.00s Real=0.00s
[2026-04-03T06:52:55.631+0600][22.022s][info][gc,start       ] GC(71) Pause Young (Mixed) (G1 Evacuation Pause)
[2026-04-03T06:52:55.631+0600][22.022s][info][gc,task        ] GC(71) Using 3 workers of 10 for evacuation
[2026-04-03T06:52:55.633+0600][22.025s][info][gc,phases      ] GC(71)   Pre Evacuate Collection Set: 0.53ms
[2026-04-03T06:52:55.633+0600][22.025s][info][gc,phases      ] GC(71)   Merge Heap Roots: 0.21ms
[2026-04-03T06:52:55.633+0600][22.025s][info][gc,phases      ] GC(71)   Evacuate Collection Set: 0.81ms
[2026-04-03T06:52:55.633+0600][22.025s][info][gc,phases      ] GC(71)   Post Evacuate Collection Set: 0.60ms
[2026-04-03T06:52:55.633+0600][22.025s][info][gc,phases      ] GC(71)   Other: 0.13ms
[2026-04-03T06:52:55.633+0600][22.025s][info][gc,heap        ] GC(71) Eden regions: 43->0(43)
[2026-04-03T06:52:55.633+0600][22.025s][info][gc,heap        ] GC(71) Survivor regions: 1->1(6)
[2026-04-03T06:52:55.633+0600][22.025s][info][gc,heap        ] GC(71) Old regions: 18->18
[2026-04-03T06:52:55.633+0600][22.025s][info][gc,heap        ] GC(71) Humongous regions: 3->3
[2026-04-03T06:52:55.633+0600][22.025s][info][gc,metaspace   ] GC(71) Metaspace: 66906K(67904K)->66906K(67904K) NonClass: 58497K(59072K)->58497K(59072K) Class: 8408K(8832K)->8408K(8832K)
[2026-04-03T06:52:55.633+0600][22.025s][info][gc             ] GC(71) Pause Young (Mixed) (G1 Evacuation Pause) 122M->36M(148M) 2.509ms
[2026-04-03T06:52:55.633+0600][22.025s][info][gc,cpu         ] GC(71) User=0.00s Sys=0.00s Real=0.00s
[2026-04-03T06:52:55.672+0600][22.064s][info][gc,start       ] GC(72) Pause Young (Concurrent Start) (G1 Evacuation Pause)
[2026-04-03T06:52:55.672+0600][22.064s][info][gc,task        ] GC(72) Using 3 workers of 10 for evacuation
[2026-04-03T06:52:55.675+0600][22.067s][info][gc,phases      ] GC(72)   Pre Evacuate Collection Set: 0.47ms
[2026-04-03T06:52:55.675+0600][22.067s][info][gc,phases      ] GC(72)   Merge Heap Roots: 0.19ms
[2026-04-03T06:52:55.675+0600][22.067s][info][gc,phases      ] GC(72)   Evacuate Collection Set: 1.09ms
[2026-04-03T06:52:55.675+0600][22.067s][info][gc,phases      ] GC(72)   Post Evacuate Collection Set: 0.58ms
[2026-04-03T06:52:55.675+0600][22.067s][info][gc,phases      ] GC(72)   Other: 0.20ms
[2026-04-03T06:52:55.675+0600][22.067s][info][gc,heap        ] GC(72) Eden regions: 43->0(43)
[2026-04-03T06:52:55.675+0600][22.067s][info][gc,heap        ] GC(72) Survivor regions: 1->1(6)
[2026-04-03T06:52:55.675+0600][22.067s][info][gc,heap        ] GC(72) Old regions: 18->18
[2026-04-03T06:52:55.675+0600][22.067s][info][gc,heap        ] GC(72) Humongous regions: 3->3
[2026-04-03T06:52:55.675+0600][22.067s][info][gc,metaspace   ] GC(72) Metaspace: 66906K(67904K)->66906K(67904K) NonClass: 58497K(59072K)->58497K(59072K) Class: 8408K(8832K)->8408K(8832K)
[2026-04-03T06:52:55.675+0600][22.067s][info][gc             ] GC(72) Pause Young (Concurrent Start) (G1 Evacuation Pause) 122M->36M(148M) 2.789ms
[2026-04-03T06:52:55.675+0600][22.067s][info][gc,cpu         ] GC(72) User=0.00s Sys=0.00s Real=0.01s
[2026-04-03T06:52:55.675+0600][22.067s][info][gc             ] GC(73) Concurrent Mark Cycle
[2026-04-03T06:52:55.675+0600][22.067s][info][gc,marking     ] GC(73) Concurrent Scan Root Regions
[2026-04-03T06:52:55.676+0600][22.068s][info][gc,marking     ] GC(73) Concurrent Scan Root Regions 0.989ms
[2026-04-03T06:52:55.676+0600][22.068s][info][gc,marking     ] GC(73) Concurrent Mark
[2026-04-03T06:52:55.676+0600][22.068s][info][gc,marking     ] GC(73) Concurrent Mark From Roots
[2026-04-03T06:52:55.676+0600][22.068s][info][gc,task        ] GC(73) Using 3 workers of 3 for marking
[2026-04-03T06:52:55.693+0600][22.085s][info][gc,marking     ] GC(73) Concurrent Mark From Roots 16.829ms
[2026-04-03T06:52:55.693+0600][22.085s][info][gc,marking     ] GC(73) Concurrent Preclean
[2026-04-03T06:52:55.693+0600][22.085s][info][gc,marking     ] GC(73) Concurrent Preclean 0.210ms
[2026-04-03T06:52:55.694+0600][22.085s][info][gc,start       ] GC(73) Pause Remark
[2026-04-03T06:52:55.699+0600][22.091s][info][gc             ] GC(73) Pause Remark 68M->68M(148M) 5.290ms
[2026-04-03T06:52:55.699+0600][22.091s][info][gc,cpu         ] GC(73) User=0.02s Sys=0.00s Real=0.00s
[2026-04-03T06:52:55.699+0600][22.091s][info][gc,marking     ] GC(73) Concurrent Mark 22.932ms
[2026-04-03T06:52:55.699+0600][22.091s][info][gc,marking     ] GC(73) Concurrent Rebuild Remembered Sets and Scrub Regions
[2026-04-03T06:52:55.712+0600][22.104s][info][gc,marking     ] GC(73) Concurrent Rebuild Remembered Sets and Scrub Regions 12.648ms
[2026-04-03T06:52:55.712+0600][22.104s][info][gc,start       ] GC(73) Pause Cleanup
[2026-04-03T06:52:55.713+0600][22.104s][info][gc             ] GC(73) Pause Cleanup 89M->89M(148M) 0.361ms
[2026-04-03T06:52:55.713+0600][22.104s][info][gc,cpu         ] GC(73) User=0.00s Sys=0.00s Real=0.00s
[2026-04-03T06:52:55.713+0600][22.105s][info][gc,marking     ] GC(73) Concurrent Clear Claimed Marks
[2026-04-03T06:52:55.713+0600][22.105s][info][gc,marking     ] GC(73) Concurrent Clear Claimed Marks 0.176ms
[2026-04-03T06:52:55.713+0600][22.105s][info][gc,marking     ] GC(73) Concurrent Cleanup for Next Mark
[2026-04-03T06:52:55.713+0600][22.105s][info][gc,marking     ] GC(73) Concurrent Cleanup for Next Mark 0.309ms
[2026-04-03T06:52:55.713+0600][22.105s][info][gc             ] GC(73) Concurrent Mark Cycle 38.249ms
[2026-04-03T06:52:55.730+0600][22.122s][info][gc,start       ] GC(74) Pause Young (Prepare Mixed) (G1 Evacuation Pause)
[2026-04-03T06:52:55.730+0600][22.122s][info][gc,task        ] GC(74) Using 3 workers of 10 for evacuation
[2026-04-03T06:52:55.732+0600][22.124s][info][gc,phases      ] GC(74)   Pre Evacuate Collection Set: 0.24ms
[2026-04-03T06:52:55.732+0600][22.124s][info][gc,phases      ] GC(74)   Merge Heap Roots: 0.23ms
[2026-04-03T06:52:55.732+0600][22.124s][info][gc,phases      ] GC(74)   Evacuate Collection Set: 0.93ms
[2026-04-03T06:52:55.732+0600][22.124s][info][gc,phases      ] GC(74)   Post Evacuate Collection Set: 0.68ms
[2026-04-03T06:52:55.732+0600][22.124s][info][gc,phases      ] GC(74)   Other: 0.07ms
[2026-04-03T06:52:55.732+0600][22.124s][info][gc,heap        ] GC(74) Eden regions: 43->0(71)
[2026-04-03T06:52:55.732+0600][22.124s][info][gc,heap        ] GC(74) Survivor regions: 1->1(6)
[2026-04-03T06:52:55.732+0600][22.124s][info][gc,heap        ] GC(74) Old regions: 18->19
[2026-04-03T06:52:55.732+0600][22.124s][info][gc,heap        ] GC(74) Humongous regions: 3->3
[2026-04-03T06:52:55.732+0600][22.124s][info][gc,metaspace   ] GC(74) Metaspace: 66906K(67904K)->66906K(67904K) NonClass: 58497K(59072K)->58497K(59072K) Class: 8408K(8832K)->8408K(8832K)
[2026-04-03T06:52:55.732+0600][22.124s][info][gc             ] GC(74) Pause Young (Prepare Mixed) (G1 Evacuation Pause) 122M->36M(240M) 2.355ms
[2026-04-03T06:52:55.732+0600][22.124s][info][gc,cpu         ] GC(74) User=0.01s Sys=0.00s Real=0.00s
[2026-04-03T06:52:55.821+0600][22.213s][info][gc,start       ] GC(75) Pause Young (Mixed) (G1 Evacuation Pause)
[2026-04-03T06:52:55.821+0600][22.213s][info][gc,task        ] GC(75) Using 5 workers of 10 for evacuation
[2026-04-03T06:52:55.823+0600][22.214s][info][gc,phases      ] GC(75)   Pre Evacuate Collection Set: 0.30ms
[2026-04-03T06:52:55.823+0600][22.214s][info][gc,phases      ] GC(75)   Merge Heap Roots: 0.10ms
[2026-04-03T06:52:55.823+0600][22.214s][info][gc,phases      ] GC(75)   Evacuate Collection Set: 0.53ms
[2026-04-03T06:52:55.823+0600][22.214s][info][gc,phases      ] GC(75)   Post Evacuate Collection Set: 0.52ms
[2026-04-03T06:52:55.823+0600][22.214s][info][gc,phases      ] GC(75)   Other: 0.09ms
[2026-04-03T06:52:55.823+0600][22.214s][info][gc,heap        ] GC(75) Eden regions: 71->0(71)
[2026-04-03T06:52:55.823+0600][22.214s][info][gc,heap        ] GC(75) Survivor regions: 1->1(9)
[2026-04-03T06:52:55.823+0600][22.214s][info][gc,heap        ] GC(75) Old regions: 19->18
[2026-04-03T06:52:55.823+0600][22.214s][info][gc,heap        ] GC(75) Humongous regions: 3->3
[2026-04-03T06:52:55.823+0600][22.214s][info][gc,metaspace   ] GC(75) Metaspace: 66906K(67904K)->66906K(67904K) NonClass: 58497K(59072K)->58497K(59072K) Class: 8408K(8832K)->8408K(8832K)
[2026-04-03T06:52:55.823+0600][22.214s][info][gc             ] GC(75) Pause Young (Mixed) (G1 Evacuation Pause) 178M->36M(240M) 1.848ms
[2026-04-03T06:52:55.823+0600][22.215s][info][gc,cpu         ] GC(75) User=0.00s Sys=0.00s Real=0.00s
[2026-04-03T06:52:55.894+0600][22.286s][info][gc,start       ] GC(76) Pause Young (Concurrent Start) (G1 Evacuation Pause)
[2026-04-03T06:52:55.894+0600][22.286s][info][gc,task        ] GC(76) Using 5 workers of 10 for evacuation
[2026-04-03T06:52:55.897+0600][22.289s][info][gc,phases      ] GC(76)   Pre Evacuate Collection Set: 0.27ms
[2026-04-03T06:52:55.897+0600][22.289s][info][gc,phases      ] GC(76)   Merge Heap Roots: 0.14ms
[2026-04-03T06:52:55.897+0600][22.289s][info][gc,phases      ] GC(76)   Evacuate Collection Set: 1.34ms
[2026-04-03T06:52:55.897+0600][22.289s][info][gc,phases      ] GC(76)   Post Evacuate Collection Set: 0.64ms
[2026-04-03T06:52:55.897+0600][22.289s][info][gc,phases      ] GC(76)   Other: 0.19ms
[2026-04-03T06:52:55.897+0600][22.289s][info][gc,heap        ] GC(76) Eden regions: 71->0(71)
[2026-04-03T06:52:55.897+0600][22.289s][info][gc,heap        ] GC(76) Survivor regions: 1->1(9)
[2026-04-03T06:52:55.897+0600][22.289s][info][gc,heap        ] GC(76) Old regions: 18->18
[2026-04-03T06:52:55.897+0600][22.289s][info][gc,heap        ] GC(76) Humongous regions: 3->3
[2026-04-03T06:52:55.897+0600][22.289s][info][gc,metaspace   ] GC(76) Metaspace: 66906K(67904K)->66906K(67904K) NonClass: 58497K(59072K)->58497K(59072K) Class: 8408K(8832K)->8408K(8832K)
[2026-04-03T06:52:55.897+0600][22.289s][info][gc             ] GC(76) Pause Young (Concurrent Start) (G1 Evacuation Pause) 178M->36M(240M) 2.928ms
[2026-04-03T06:52:55.897+0600][22.289s][info][gc,cpu         ] GC(76) User=0.01s Sys=0.00s Real=0.00s
[2026-04-03T06:52:55.897+0600][22.289s][info][gc             ] GC(77) Concurrent Mark Cycle
[2026-04-03T06:52:55.897+0600][22.289s][info][gc,marking     ] GC(77) Concurrent Scan Root Regions
[2026-04-03T06:52:55.898+0600][22.290s][info][gc,marking     ] GC(77) Concurrent Scan Root Regions 1.075ms
[2026-04-03T06:52:55.898+0600][22.290s][info][gc,marking     ] GC(77) Concurrent Mark
[2026-04-03T06:52:55.898+0600][22.290s][info][gc,marking     ] GC(77) Concurrent Mark From Roots
[2026-04-03T06:52:55.898+0600][22.290s][info][gc,task        ] GC(77) Using 3 workers of 3 for marking
[2026-04-03T06:52:55.918+0600][22.310s][info][gc,marking     ] GC(77) Concurrent Mark From Roots 19.899ms
[2026-04-03T06:52:55.918+0600][22.310s][info][gc,marking     ] GC(77) Concurrent Preclean
[2026-04-03T06:52:55.918+0600][22.310s][info][gc,marking     ] GC(77) Concurrent Preclean 0.196ms
[2026-04-03T06:52:55.919+0600][22.311s][info][gc,start       ] GC(77) Pause Remark
[2026-04-03T06:52:55.923+0600][22.315s][info][gc             ] GC(77) Pause Remark 65M->65M(148M) 4.561ms
[2026-04-03T06:52:55.923+0600][22.315s][info][gc,cpu         ] GC(77) User=0.02s Sys=0.00s Real=0.01s
[2026-04-03T06:52:55.924+0600][22.315s][info][gc,marking     ] GC(77) Concurrent Mark 25.343ms
[2026-04-03T06:52:55.924+0600][22.315s][info][gc,marking     ] GC(77) Concurrent Rebuild Remembered Sets and Scrub Regions
[2026-04-03T06:52:55.938+0600][22.330s][info][gc,marking     ] GC(77) Concurrent Rebuild Remembered Sets and Scrub Regions 14.416ms
[2026-04-03T06:52:55.939+0600][22.330s][info][gc,start       ] GC(77) Pause Cleanup
[2026-04-03T06:52:55.939+0600][22.331s][info][gc             ] GC(77) Pause Cleanup 87M->87M(148M) 0.267ms
[2026-04-03T06:52:55.939+0600][22.331s][info][gc,cpu         ] GC(77) User=0.00s Sys=0.00s Real=0.00s
[2026-04-03T06:52:55.939+0600][22.331s][info][gc,marking     ] GC(77) Concurrent Clear Claimed Marks
[2026-04-03T06:52:55.939+0600][22.331s][info][gc,marking     ] GC(77) Concurrent Clear Claimed Marks 0.168ms
[2026-04-03T06:52:55.939+0600][22.331s][info][gc,marking     ] GC(77) Concurrent Cleanup for Next Mark
[2026-04-03T06:52:55.939+0600][22.331s][info][gc,marking     ] GC(77) Concurrent Cleanup for Next Mark 0.369ms
[2026-04-03T06:52:55.940+0600][22.331s][info][gc             ] GC(77) Concurrent Mark Cycle 42.459ms
[2026-04-03T06:52:55.959+0600][22.351s][info][gc,start       ] GC(78) Pause Young (Prepare Mixed) (G1 Evacuation Pause)
[2026-04-03T06:52:55.959+0600][22.351s][info][gc,task        ] GC(78) Using 4 workers of 10 for evacuation
[2026-04-03T06:52:55.961+0600][22.353s][info][gc,phases      ] GC(78)   Pre Evacuate Collection Set: 0.32ms
[2026-04-03T06:52:55.962+0600][22.353s][info][gc,phases      ] GC(78)   Merge Heap Roots: 0.28ms
[2026-04-03T06:52:55.962+0600][22.353s][info][gc,phases      ] GC(78)   Evacuate Collection Set: 0.76ms
[2026-04-03T06:52:55.962+0600][22.353s][info][gc,phases      ] GC(78)   Post Evacuate Collection Set: 0.58ms
[2026-04-03T06:52:55.962+0600][22.353s][info][gc,phases      ] GC(78)   Other: 0.15ms
[2026-04-03T06:52:55.962+0600][22.353s][info][gc,heap        ] GC(78) Eden regions: 43->0(43)
[2026-04-03T06:52:55.962+0600][22.353s][info][gc,heap        ] GC(78) Survivor regions: 1->1(6)
[2026-04-03T06:52:55.962+0600][22.353s][info][gc,heap        ] GC(78) Old regions: 18->18
[2026-04-03T06:52:55.962+0600][22.353s][info][gc,heap        ] GC(78) Humongous regions: 3->3
[2026-04-03T06:52:55.962+0600][22.353s][info][gc,metaspace   ] GC(78) Metaspace: 66906K(67904K)->66906K(67904K) NonClass: 58497K(59072K)->58497K(59072K) Class: 8408K(8832K)->8408K(8832K)
[2026-04-03T06:52:55.962+0600][22.353s][info][gc             ] GC(78) Pause Young (Prepare Mixed) (G1 Evacuation Pause) 122M->36M(148M) 2.711ms
[2026-04-03T06:52:55.962+0600][22.353s][info][gc,cpu         ] GC(78) User=0.01s Sys=0.00s Real=0.00s
[2026-04-03T06:52:56.004+0600][22.395s][info][gc,start       ] GC(79) Pause Young (Mixed) (G1 Evacuation Pause)
[2026-04-03T06:52:56.004+0600][22.395s][info][gc,task        ] GC(79) Using 3 workers of 10 for evacuation
[2026-04-03T06:52:56.005+0600][22.397s][info][gc,phases      ] GC(79)   Pre Evacuate Collection Set: 0.20ms
[2026-04-03T06:52:56.005+0600][22.397s][info][gc,phases      ] GC(79)   Merge Heap Roots: 0.06ms
[2026-04-03T06:52:56.005+0600][22.397s][info][gc,phases      ] GC(79)   Evacuate Collection Set: 0.82ms
[2026-04-03T06:52:56.005+0600][22.397s][info][gc,phases      ] GC(79)   Post Evacuate Collection Set: 0.31ms
[2026-04-03T06:52:56.005+0600][22.397s][info][gc,phases      ] GC(79)   Other: 0.08ms
[2026-04-03T06:52:56.005+0600][22.397s][info][gc,heap        ] GC(79) Eden regions: 43->0(43)
[2026-04-03T06:52:56.005+0600][22.397s][info][gc,heap        ] GC(79) Survivor regions: 1->1(6)
[2026-04-03T06:52:56.005+0600][22.397s][info][gc,heap        ] GC(79) Old regions: 18->18
[2026-04-03T06:52:56.005+0600][22.397s][info][gc,heap        ] GC(79) Humongous regions: 3->3
[2026-04-03T06:52:56.005+0600][22.397s][info][gc,metaspace   ] GC(79) Metaspace: 66906K(67904K)->66906K(67904K) NonClass: 58497K(59072K)->58497K(59072K) Class: 8408K(8832K)->8408K(8832K)
[2026-04-03T06:52:56.005+0600][22.397s][info][gc             ] GC(79) Pause Young (Mixed) (G1 Evacuation Pause) 122M->36M(148M) 1.762ms
[2026-04-03T06:52:56.005+0600][22.397s][info][gc,cpu         ] GC(79) User=0.00s Sys=0.00s Real=0.00s
[2026-04-03T06:52:56.046+0600][22.437s][info][gc,start       ] GC(80) Pause Young (Concurrent Start) (G1 Evacuation Pause)
[2026-04-03T06:52:56.046+0600][22.437s][info][gc,task        ] GC(80) Using 3 workers of 10 for evacuation
[2026-04-03T06:52:56.049+0600][22.440s][info][gc,phases      ] GC(80)   Pre Evacuate Collection Set: 0.46ms
[2026-04-03T06:52:56.049+0600][22.440s][info][gc,phases      ] GC(80)   Merge Heap Roots: 0.24ms
[2026-04-03T06:52:56.049+0600][22.440s][info][gc,phases      ] GC(80)   Evacuate Collection Set: 1.41ms
[2026-04-03T06:52:56.049+0600][22.440s][info][gc,phases      ] GC(80)   Post Evacuate Collection Set: 0.71ms
[2026-04-03T06:52:56.049+0600][22.440s][info][gc,phases      ] GC(80)   Other: 0.12ms
[2026-04-03T06:52:56.049+0600][22.440s][info][gc,heap        ] GC(80) Eden regions: 43->0(74)
[2026-04-03T06:52:56.049+0600][22.440s][info][gc,heap        ] GC(80) Survivor regions: 1->1(6)
[2026-04-03T06:52:56.049+0600][22.440s][info][gc,heap        ] GC(80) Old regions: 18->18
[2026-04-03T06:52:56.049+0600][22.440s][info][gc,heap        ] GC(80) Humongous regions: 3->3
[2026-04-03T06:52:56.049+0600][22.440s][info][gc,metaspace   ] GC(80) Metaspace: 66906K(67904K)->66906K(67904K) NonClass: 58497K(59072K)->58497K(59072K) Class: 8408K(8832K)->8408K(8832K)
[2026-04-03T06:52:56.049+0600][22.440s][info][gc             ] GC(80) Pause Young (Concurrent Start) (G1 Evacuation Pause) 122M->36M(250M) 3.152ms
[2026-04-03T06:52:56.049+0600][22.440s][info][gc,cpu         ] GC(80) User=0.00s Sys=0.00s Real=0.00s
[2026-04-03T06:52:56.049+0600][22.441s][info][gc             ] GC(81) Concurrent Mark Cycle
[2026-04-03T06:52:56.049+0600][22.441s][info][gc,marking     ] GC(81) Concurrent Scan Root Regions
[2026-04-03T06:52:56.049+0600][22.441s][info][gc,marking     ] GC(81) Concurrent Scan Root Regions 0.562ms
[2026-04-03T06:52:56.049+0600][22.441s][info][gc,marking     ] GC(81) Concurrent Mark
[2026-04-03T06:52:56.049+0600][22.441s][info][gc,marking     ] GC(81) Concurrent Mark From Roots
[2026-04-03T06:52:56.049+0600][22.441s][info][gc,task        ] GC(81) Using 3 workers of 3 for marking
[2026-04-03T06:52:56.069+0600][22.461s][info][gc,marking     ] GC(81) Concurrent Mark From Roots 19.375ms
[2026-04-03T06:52:56.069+0600][22.461s][info][gc,marking     ] GC(81) Concurrent Preclean
[2026-04-03T06:52:56.069+0600][22.461s][info][gc,marking     ] GC(81) Concurrent Preclean 0.193ms
[2026-04-03T06:52:56.069+0600][22.461s][info][gc,start       ] GC(81) Pause Remark
[2026-04-03T06:52:56.075+0600][22.466s][info][gc             ] GC(81) Pause Remark 69M->69M(148M) 5.067ms
[2026-04-03T06:52:56.075+0600][22.466s][info][gc,cpu         ] GC(81) User=0.01s Sys=0.00s Real=0.01s
[2026-04-03T06:52:56.075+0600][22.467s][info][gc,marking     ] GC(81) Concurrent Mark 25.271ms
[2026-04-03T06:52:56.075+0600][22.467s][info][gc,marking     ] GC(81) Concurrent Rebuild Remembered Sets and Scrub Regions
[2026-04-03T06:52:56.087+0600][22.479s][info][gc,marking     ] GC(81) Concurrent Rebuild Remembered Sets and Scrub Regions 12.190ms
[2026-04-03T06:52:56.087+0600][22.479s][info][gc,start       ] GC(81) Pause Cleanup
[2026-04-03T06:52:56.088+0600][22.479s][info][gc             ] GC(81) Pause Cleanup 91M->91M(148M) 0.211ms
[2026-04-03T06:52:56.088+0600][22.479s][info][gc,cpu         ] GC(81) User=0.00s Sys=0.00s Real=0.00s
[2026-04-03T06:52:56.088+0600][22.479s][info][gc,marking     ] GC(81) Concurrent Clear Claimed Marks
[2026-04-03T06:52:56.088+0600][22.480s][info][gc,marking     ] GC(81) Concurrent Clear Claimed Marks 0.164ms
[2026-04-03T06:52:56.088+0600][22.480s][info][gc,marking     ] GC(81) Concurrent Cleanup for Next Mark
[2026-04-03T06:52:56.088+0600][22.480s][info][gc,marking     ] GC(81) Concurrent Cleanup for Next Mark 0.330ms
[2026-04-03T06:52:56.088+0600][22.480s][info][gc             ] GC(81) Concurrent Mark Cycle 39.497ms
[2026-04-03T06:52:56.103+0600][22.495s][info][gc,start       ] GC(82) Pause Young (Prepare Mixed) (G1 Evacuation Pause)
[2026-04-03T06:52:56.103+0600][22.495s][info][gc,task        ] GC(82) Using 3 workers of 10 for evacuation
[2026-04-03T06:52:56.105+0600][22.497s][info][gc,phases      ] GC(82)   Pre Evacuate Collection Set: 0.31ms
[2026-04-03T06:52:56.105+0600][22.497s][info][gc,phases      ] GC(82)   Merge Heap Roots: 0.10ms
[2026-04-03T06:52:56.105+0600][22.497s][info][gc,phases      ] GC(82)   Evacuate Collection Set: 0.85ms
[2026-04-03T06:52:56.105+0600][22.497s][info][gc,phases      ] GC(82)   Post Evacuate Collection Set: 0.32ms
[2026-04-03T06:52:56.105+0600][22.497s][info][gc,phases      ] GC(82)   Other: 0.07ms
[2026-04-03T06:52:56.105+0600][22.497s][info][gc,heap        ] GC(82) Eden regions: 43->0(43)
[2026-04-03T06:52:56.105+0600][22.497s][info][gc,heap        ] GC(82) Survivor regions: 1->1(6)
[2026-04-03T06:52:56.105+0600][22.497s][info][gc,heap        ] GC(82) Old regions: 18->18
[2026-04-03T06:52:56.105+0600][22.497s][info][gc,heap        ] GC(82) Humongous regions: 3->3
[2026-04-03T06:52:56.105+0600][22.497s][info][gc,metaspace   ] GC(82) Metaspace: 66906K(67904K)->66906K(67904K) NonClass: 58497K(59072K)->58497K(59072K) Class: 8408K(8832K)->8408K(8832K)
[2026-04-03T06:52:56.105+0600][22.497s][info][gc             ] GC(82) Pause Young (Prepare Mixed) (G1 Evacuation Pause) 122M->36M(148M) 1.856ms
[2026-04-03T06:52:56.105+0600][22.497s][info][gc,cpu         ] GC(82) User=0.00s Sys=0.00s Real=0.00s
[2026-04-03T06:52:56.145+0600][22.537s][info][gc,start       ] GC(83) Pause Young (Mixed) (G1 Evacuation Pause)
[2026-04-03T06:52:56.145+0600][22.537s][info][gc,task        ] GC(83) Using 3 workers of 10 for evacuation
[2026-04-03T06:52:56.147+0600][22.539s][info][gc,phases      ] GC(83)   Pre Evacuate Collection Set: 0.35ms
[2026-04-03T06:52:56.147+0600][22.539s][info][gc,phases      ] GC(83)   Merge Heap Roots: 0.16ms
[2026-04-03T06:52:56.147+0600][22.539s][info][gc,phases      ] GC(83)   Evacuate Collection Set: 0.72ms
[2026-04-03T06:52:56.147+0600][22.539s][info][gc,phases      ] GC(83)   Post Evacuate Collection Set: 0.36ms
[2026-04-03T06:52:56.147+0600][22.539s][info][gc,phases      ] GC(83)   Other: 0.07ms
[2026-04-03T06:52:56.147+0600][22.539s][info][gc,heap        ] GC(83) Eden regions: 43->0(43)
[2026-04-03T06:52:56.147+0600][22.539s][info][gc,heap        ] GC(83) Survivor regions: 1->1(6)
[2026-04-03T06:52:56.147+0600][22.539s][info][gc,heap        ] GC(83) Old regions: 18->18
[2026-04-03T06:52:56.147+0600][22.539s][info][gc,heap        ] GC(83) Humongous regions: 3->3
[2026-04-03T06:52:56.147+0600][22.539s][info][gc,metaspace   ] GC(83) Metaspace: 66906K(67904K)->66906K(67904K) NonClass: 58497K(59072K)->58497K(59072K) Class: 8408K(8832K)->8408K(8832K)
[2026-04-03T06:52:56.147+0600][22.539s][info][gc             ] GC(83) Pause Young (Mixed) (G1 Evacuation Pause) 122M->36M(148M) 1.861ms
[2026-04-03T06:52:56.147+0600][22.539s][info][gc,cpu         ] GC(83) User=0.00s Sys=0.00s Real=0.00s
[2026-04-03T06:52:56.187+0600][22.578s][info][gc,start       ] GC(84) Pause Young (Concurrent Start) (G1 Evacuation Pause)
[2026-04-03T06:52:56.187+0600][22.578s][info][gc,task        ] GC(84) Using 3 workers of 10 for evacuation
[2026-04-03T06:52:56.190+0600][22.581s][info][gc,phases      ] GC(84)   Pre Evacuate Collection Set: 0.44ms
[2026-04-03T06:52:56.190+0600][22.581s][info][gc,phases      ] GC(84)   Merge Heap Roots: 0.25ms
[2026-04-03T06:52:56.190+0600][22.581s][info][gc,phases      ] GC(84)   Evacuate Collection Set: 1.36ms
[2026-04-03T06:52:56.190+0600][22.581s][info][gc,phases      ] GC(84)   Post Evacuate Collection Set: 0.59ms
[2026-04-03T06:52:56.190+0600][22.581s][info][gc,phases      ] GC(84)   Other: 0.27ms
[2026-04-03T06:52:56.190+0600][22.581s][info][gc,heap        ] GC(84) Eden regions: 43->0(43)
[2026-04-03T06:52:56.190+0600][22.581s][info][gc,heap        ] GC(84) Survivor regions: 1->1(6)
[2026-04-03T06:52:56.190+0600][22.581s][info][gc,heap        ] GC(84) Old regions: 18->18
[2026-04-03T06:52:56.190+0600][22.581s][info][gc,heap        ] GC(84) Humongous regions: 3->3
[2026-04-03T06:52:56.190+0600][22.581s][info][gc,metaspace   ] GC(84) Metaspace: 66906K(67904K)->66906K(67904K) NonClass: 58497K(59072K)->58497K(59072K) Class: 8408K(8832K)->8408K(8832K)
[2026-04-03T06:52:56.190+0600][22.581s][info][gc             ] GC(84) Pause Young (Concurrent Start) (G1 Evacuation Pause) 122M->36M(148M) 3.093ms
[2026-04-03T06:52:56.190+0600][22.582s][info][gc,cpu         ] GC(84) User=0.01s Sys=0.00s Real=0.00s
[2026-04-03T06:52:56.190+0600][22.582s][info][gc             ] GC(85) Concurrent Mark Cycle
[2026-04-03T06:52:56.190+0600][22.582s][info][gc,marking     ] GC(85) Concurrent Scan Root Regions
[2026-04-03T06:52:56.190+0600][22.582s][info][gc,marking     ] GC(85) Concurrent Scan Root Regions 0.549ms
[2026-04-03T06:52:56.190+0600][22.582s][info][gc,marking     ] GC(85) Concurrent Mark
[2026-04-03T06:52:56.190+0600][22.582s][info][gc,marking     ] GC(85) Concurrent Mark From Roots
[2026-04-03T06:52:56.190+0600][22.582s][info][gc,task        ] GC(85) Using 3 workers of 3 for marking
[2026-04-03T06:52:56.208+0600][22.599s][info][gc,marking     ] GC(85) Concurrent Mark From Roots 17.056ms
[2026-04-03T06:52:56.208+0600][22.599s][info][gc,marking     ] GC(85) Concurrent Preclean
[2026-04-03T06:52:56.208+0600][22.600s][info][gc,marking     ] GC(85) Concurrent Preclean 0.209ms
[2026-04-03T06:52:56.208+0600][22.600s][info][gc,start       ] GC(85) Pause Remark
[2026-04-03T06:52:56.213+0600][22.605s][info][gc             ] GC(85) Pause Remark 67M->67M(148M) 5.083ms
[2026-04-03T06:52:56.213+0600][22.605s][info][gc,cpu         ] GC(85) User=0.01s Sys=0.00s Real=0.00s
[2026-04-03T06:52:56.213+0600][22.605s][info][gc,marking     ] GC(85) Concurrent Mark 22.795ms
[2026-04-03T06:52:56.213+0600][22.605s][info][gc,marking     ] GC(85) Concurrent Rebuild Remembered Sets and Scrub Regions
[2026-04-03T06:52:56.226+0600][22.618s][info][gc,marking     ] GC(85) Concurrent Rebuild Remembered Sets and Scrub Regions 12.606ms
[2026-04-03T06:52:56.226+0600][22.618s][info][gc,start       ] GC(85) Pause Cleanup
[2026-04-03T06:52:56.226+0600][22.618s][info][gc             ] GC(85) Pause Cleanup 90M->90M(148M) 0.266ms
[2026-04-03T06:52:56.227+0600][22.618s][info][gc,cpu         ] GC(85) User=0.01s Sys=0.00s Real=0.00s
[2026-04-03T06:52:56.227+0600][22.618s][info][gc,marking     ] GC(85) Concurrent Clear Claimed Marks
[2026-04-03T06:52:56.227+0600][22.619s][info][gc,marking     ] GC(85) Concurrent Clear Claimed Marks 0.173ms
[2026-04-03T06:52:56.227+0600][22.619s][info][gc,marking     ] GC(85) Concurrent Cleanup for Next Mark
[2026-04-03T06:52:56.227+0600][22.619s][info][gc,marking     ] GC(85) Concurrent Cleanup for Next Mark 0.282ms
[2026-04-03T06:52:56.227+0600][22.619s][info][gc             ] GC(85) Concurrent Mark Cycle 37.393ms
[2026-04-03T06:52:56.243+0600][22.635s][info][gc,start       ] GC(86) Pause Young (Prepare Mixed) (G1 Evacuation Pause)
[2026-04-03T06:52:56.243+0600][22.635s][info][gc,task        ] GC(86) Using 3 workers of 10 for evacuation
[2026-04-03T06:52:56.245+0600][22.637s][info][gc,phases      ] GC(86)   Pre Evacuate Collection Set: 0.41ms
[2026-04-03T06:52:56.245+0600][22.637s][info][gc,phases      ] GC(86)   Merge Heap Roots: 0.10ms
[2026-04-03T06:52:56.245+0600][22.637s][info][gc,phases      ] GC(86)   Evacuate Collection Set: 0.83ms
[2026-04-03T06:52:56.245+0600][22.637s][info][gc,phases      ] GC(86)   Post Evacuate Collection Set: 0.52ms
[2026-04-03T06:52:56.245+0600][22.637s][info][gc,phases      ] GC(86)   Other: 0.07ms
[2026-04-03T06:52:56.245+0600][22.637s][info][gc,heap        ] GC(86) Eden regions: 43->0(43)
[2026-04-03T06:52:56.245+0600][22.637s][info][gc,heap        ] GC(86) Survivor regions: 1->1(6)
[2026-04-03T06:52:56.245+0600][22.637s][info][gc,heap        ] GC(86) Old regions: 18->18
[2026-04-03T06:52:56.245+0600][22.637s][info][gc,heap        ] GC(86) Humongous regions: 3->3
[2026-04-03T06:52:56.245+0600][22.637s][info][gc,metaspace   ] GC(86) Metaspace: 66906K(67904K)->66906K(67904K) NonClass: 58497K(59072K)->58497K(59072K) Class: 8408K(8832K)->8408K(8832K)
[2026-04-03T06:52:56.245+0600][22.637s][info][gc             ] GC(86) Pause Young (Prepare Mixed) (G1 Evacuation Pause) 122M->36M(148M) 2.142ms
[2026-04-03T06:52:56.245+0600][22.637s][info][gc,cpu         ] GC(86) User=0.01s Sys=0.00s Real=0.01s
[2026-04-03T06:52:56.285+0600][22.677s][info][gc,start       ] GC(87) Pause Young (Mixed) (G1 Evacuation Pause)
[2026-04-03T06:52:56.285+0600][22.677s][info][gc,task        ] GC(87) Using 3 workers of 10 for evacuation
[2026-04-03T06:52:56.288+0600][22.679s][info][gc,phases      ] GC(87)   Pre Evacuate Collection Set: 0.33ms
[2026-04-03T06:52:56.288+0600][22.679s][info][gc,phases      ] GC(87)   Merge Heap Roots: 0.31ms
[2026-04-03T06:52:56.288+0600][22.679s][info][gc,phases      ] GC(87)   Evacuate Collection Set: 1.09ms
[2026-04-03T06:52:56.288+0600][22.679s][info][gc,phases      ] GC(87)   Post Evacuate Collection Set: 0.59ms
[2026-04-03T06:52:56.288+0600][22.679s][info][gc,phases      ] GC(87)   Other: 0.08ms
[2026-04-03T06:52:56.288+0600][22.679s][info][gc,heap        ] GC(87) Eden regions: 43->0(43)
[2026-04-03T06:52:56.288+0600][22.679s][info][gc,heap        ] GC(87) Survivor regions: 1->1(6)
[2026-04-03T06:52:56.288+0600][22.679s][info][gc,heap        ] GC(87) Old regions: 18->18
[2026-04-03T06:52:56.288+0600][22.679s][info][gc,heap        ] GC(87) Humongous regions: 3->3
[2026-04-03T06:52:56.288+0600][22.679s][info][gc,metaspace   ] GC(87) Metaspace: 66906K(67904K)->66906K(67904K) NonClass: 58497K(59072K)->58497K(59072K) Class: 8408K(8832K)->8408K(8832K)
[2026-04-03T06:52:56.288+0600][22.679s][info][gc             ] GC(87) Pause Young (Mixed) (G1 Evacuation Pause) 122M->36M(148M) 2.623ms
[2026-04-03T06:52:56.288+0600][22.679s][info][gc,cpu         ] GC(87) User=0.00s Sys=0.00s Real=0.00s
[2026-04-03T06:52:56.328+0600][22.720s][info][gc,start       ] GC(88) Pause Young (Concurrent Start) (G1 Evacuation Pause)
[2026-04-03T06:52:56.328+0600][22.720s][info][gc,task        ] GC(88) Using 3 workers of 10 for evacuation
[2026-04-03T06:52:56.330+0600][22.722s][info][gc,phases      ] GC(88)   Pre Evacuate Collection Set: 0.16ms
[2026-04-03T06:52:56.330+0600][22.722s][info][gc,phases      ] GC(88)   Merge Heap Roots: 0.05ms
[2026-04-03T06:52:56.330+0600][22.722s][info][gc,phases      ] GC(88)   Evacuate Collection Set: 0.86ms
[2026-04-03T06:52:56.330+0600][22.722s][info][gc,phases      ] GC(88)   Post Evacuate Collection Set: 0.95ms
[2026-04-03T06:52:56.330+0600][22.722s][info][gc,phases      ] GC(88)   Other: 0.12ms
[2026-04-03T06:52:56.330+0600][22.722s][info][gc,heap        ] GC(88) Eden regions: 43->0(79)
[2026-04-03T06:52:56.330+0600][22.722s][info][gc,heap        ] GC(88) Survivor regions: 1->1(6)
[2026-04-03T06:52:56.330+0600][22.722s][info][gc,heap        ] GC(88) Old regions: 18->18
[2026-04-03T06:52:56.330+0600][22.722s][info][gc,heap        ] GC(88) Humongous regions: 3->3
[2026-04-03T06:52:56.330+0600][22.722s][info][gc,metaspace   ] GC(88) Metaspace: 66906K(67904K)->66906K(67904K) NonClass: 58497K(59072K)->58497K(59072K) Class: 8408K(8832K)->8408K(8832K)
[2026-04-03T06:52:56.330+0600][22.722s][info][gc             ] GC(88) Pause Young (Concurrent Start) (G1 Evacuation Pause) 122M->36M(268M) 2.335ms
[2026-04-03T06:52:56.330+0600][22.722s][info][gc,cpu         ] GC(88) User=0.00s Sys=0.00s Real=0.00s
[2026-04-03T06:52:56.330+0600][22.722s][info][gc             ] GC(89) Concurrent Mark Cycle
[2026-04-03T06:52:56.330+0600][22.722s][info][gc,marking     ] GC(89) Concurrent Scan Root Regions
[2026-04-03T06:52:56.331+0600][22.723s][info][gc,marking     ] GC(89) Concurrent Scan Root Regions 0.864ms
[2026-04-03T06:52:56.331+0600][22.723s][info][gc,marking     ] GC(89) Concurrent Mark
[2026-04-03T06:52:56.331+0600][22.723s][info][gc,marking     ] GC(89) Concurrent Mark From Roots
[2026-04-03T06:52:56.331+0600][22.723s][info][gc,task        ] GC(89) Using 3 workers of 3 for marking
[2026-04-03T06:52:56.348+0600][22.739s][info][gc,marking     ] GC(89) Concurrent Mark From Roots 16.488ms
[2026-04-03T06:52:56.348+0600][22.740s][info][gc,marking     ] GC(89) Concurrent Preclean
[2026-04-03T06:52:56.348+0600][22.740s][info][gc,marking     ] GC(89) Concurrent Preclean 0.192ms
[2026-04-03T06:52:56.348+0600][22.740s][info][gc,start       ] GC(89) Pause Remark
[2026-04-03T06:52:56.353+0600][22.745s][info][gc             ] GC(89) Pause Remark 66M->66M(148M) 5.172ms
[2026-04-03T06:52:56.353+0600][22.745s][info][gc,cpu         ] GC(89) User=0.02s Sys=0.00s Real=0.01s
[2026-04-03T06:52:56.353+0600][22.745s][info][gc,marking     ] GC(89) Concurrent Mark 22.317ms
[2026-04-03T06:52:56.354+0600][22.745s][info][gc,marking     ] GC(89) Concurrent Rebuild Remembered Sets and Scrub Regions
[2026-04-03T06:52:56.365+0600][22.757s][info][gc,marking     ] GC(89) Concurrent Rebuild Remembered Sets and Scrub Regions 11.571ms
[2026-04-03T06:52:56.365+0600][22.757s][info][gc,start       ] GC(89) Pause Cleanup
[2026-04-03T06:52:56.366+0600][22.757s][info][gc             ] GC(89) Pause Cleanup 86M->86M(148M) 0.309ms
[2026-04-03T06:52:56.366+0600][22.758s][info][gc,cpu         ] GC(89) User=0.00s Sys=0.00s Real=0.00s
[2026-04-03T06:52:56.366+0600][22.758s][info][gc,marking     ] GC(89) Concurrent Clear Claimed Marks
[2026-04-03T06:52:56.366+0600][22.758s][info][gc,marking     ] GC(89) Concurrent Clear Claimed Marks 0.149ms
[2026-04-03T06:52:56.366+0600][22.758s][info][gc,marking     ] GC(89) Concurrent Cleanup for Next Mark
[2026-04-03T06:52:56.366+0600][22.758s][info][gc,marking     ] GC(89) Concurrent Cleanup for Next Mark 0.389ms
[2026-04-03T06:52:56.366+0600][22.758s][info][gc             ] GC(89) Concurrent Mark Cycle 36.283ms
[2026-04-03T06:52:56.384+0600][22.776s][info][gc,start       ] GC(90) Pause Young (Prepare Mixed) (G1 Evacuation Pause)
[2026-04-03T06:52:56.384+0600][22.776s][info][gc,task        ] GC(90) Using 3 workers of 10 for evacuation
[2026-04-03T06:52:56.386+0600][22.778s][info][gc,phases      ] GC(90)   Pre Evacuate Collection Set: 0.31ms
[2026-04-03T06:52:56.386+0600][22.778s][info][gc,phases      ] GC(90)   Merge Heap Roots: 0.22ms
[2026-04-03T06:52:56.386+0600][22.778s][info][gc,phases      ] GC(90)   Evacuate Collection Set: 0.90ms
[2026-04-03T06:52:56.386+0600][22.778s][info][gc,phases      ] GC(90)   Post Evacuate Collection Set: 0.39ms
[2026-04-03T06:52:56.386+0600][22.778s][info][gc,phases      ] GC(90)   Other: 0.10ms
[2026-04-03T06:52:56.386+0600][22.778s][info][gc,heap        ] GC(90) Eden regions: 43->0(43)
[2026-04-03T06:52:56.386+0600][22.778s][info][gc,heap        ] GC(90) Survivor regions: 1->1(6)
[2026-04-03T06:52:56.386+0600][22.778s][info][gc,heap        ] GC(90) Old regions: 18->18
[2026-04-03T06:52:56.386+0600][22.778s][info][gc,heap        ] GC(90) Humongous regions: 3->3
[2026-04-03T06:52:56.386+0600][22.778s][info][gc,metaspace   ] GC(90) Metaspace: 66906K(67904K)->66906K(67904K) NonClass: 58497K(59072K)->58497K(59072K) Class: 8408K(8832K)->8408K(8832K)
[2026-04-03T06:52:56.386+0600][22.778s][info][gc             ] GC(90) Pause Young (Prepare Mixed) (G1 Evacuation Pause) 122M->36M(148M) 2.237ms
[2026-04-03T06:52:56.386+0600][22.778s][info][gc,cpu         ] GC(90) User=0.00s Sys=0.00s Real=0.00s
[2026-04-03T06:52:56.426+0600][22.818s][info][gc,start       ] GC(91) Pause Young (Mixed) (G1 Evacuation Pause)
[2026-04-03T06:52:56.426+0600][22.818s][info][gc,task        ] GC(91) Using 3 workers of 10 for evacuation
[2026-04-03T06:52:56.428+0600][22.820s][info][gc,phases      ] GC(91)   Pre Evacuate Collection Set: 0.37ms
[2026-04-03T06:52:56.428+0600][22.820s][info][gc,phases      ] GC(91)   Merge Heap Roots: 0.13ms
[2026-04-03T06:52:56.428+0600][22.820s][info][gc,phases      ] GC(91)   Evacuate Collection Set: 0.80ms
[2026-04-03T06:52:56.428+0600][22.820s][info][gc,phases      ] GC(91)   Post Evacuate Collection Set: 0.47ms
[2026-04-03T06:52:56.428+0600][22.820s][info][gc,phases      ] GC(91)   Other: 0.09ms
[2026-04-03T06:52:56.428+0600][22.820s][info][gc,heap        ] GC(91) Eden regions: 43->0(43)
[2026-04-03T06:52:56.428+0600][22.820s][info][gc,heap        ] GC(91) Survivor regions: 1->1(6)
[2026-04-03T06:52:56.428+0600][22.820s][info][gc,heap        ] GC(91) Old regions: 18->18
[2026-04-03T06:52:56.428+0600][22.820s][info][gc,heap        ] GC(91) Humongous regions: 3->3
[2026-04-03T06:52:56.428+0600][22.820s][info][gc,metaspace   ] GC(91) Metaspace: 66906K(67904K)->66906K(67904K) NonClass: 58497K(59072K)->58497K(59072K) Class: 8408K(8832K)->8408K(8832K)
[2026-04-03T06:52:56.429+0600][22.820s][info][gc             ] GC(91) Pause Young (Mixed) (G1 Evacuation Pause) 122M->36M(148M) 2.129ms
[2026-04-03T06:52:56.429+0600][22.820s][info][gc,cpu         ] GC(91) User=0.00s Sys=0.00s Real=0.00s
[2026-04-03T06:52:56.469+0600][22.860s][info][gc,start       ] GC(92) Pause Young (Concurrent Start) (G1 Evacuation Pause)
[2026-04-03T06:52:56.469+0600][22.860s][info][gc,task        ] GC(92) Using 3 workers of 10 for evacuation
[2026-04-03T06:52:56.471+0600][22.863s][info][gc,phases      ] GC(92)   Pre Evacuate Collection Set: 0.35ms
[2026-04-03T06:52:56.471+0600][22.863s][info][gc,phases      ] GC(92)   Merge Heap Roots: 0.17ms
[2026-04-03T06:52:56.471+0600][22.863s][info][gc,phases      ] GC(92)   Evacuate Collection Set: 1.30ms
[2026-04-03T06:52:56.471+0600][22.863s][info][gc,phases      ] GC(92)   Post Evacuate Collection Set: 0.69ms
[2026-04-03T06:52:56.471+0600][22.863s][info][gc,phases      ] GC(92)   Other: 0.16ms
[2026-04-03T06:52:56.471+0600][22.863s][info][gc,heap        ] GC(92) Eden regions: 43->0(43)
[2026-04-03T06:52:56.471+0600][22.863s][info][gc,heap        ] GC(92) Survivor regions: 1->1(6)
[2026-04-03T06:52:56.471+0600][22.863s][info][gc,heap        ] GC(92) Old regions: 18->18
[2026-04-03T06:52:56.471+0600][22.863s][info][gc,heap        ] GC(92) Humongous regions: 3->3
[2026-04-03T06:52:56.471+0600][22.863s][info][gc,metaspace   ] GC(92) Metaspace: 66906K(67904K)->66906K(67904K) NonClass: 58497K(59072K)->58497K(59072K) Class: 8408K(8832K)->8408K(8832K)
[2026-04-03T06:52:56.472+0600][22.863s][info][gc             ] GC(92) Pause Young (Concurrent Start) (G1 Evacuation Pause) 122M->36M(148M) 2.942ms
[2026-04-03T06:52:56.472+0600][22.863s][info][gc,cpu         ] GC(92) User=0.01s Sys=0.00s Real=0.00s
[2026-04-03T06:52:56.472+0600][22.863s][info][gc             ] GC(93) Concurrent Mark Cycle
[2026-04-03T06:52:56.472+0600][22.863s][info][gc,marking     ] GC(93) Concurrent Scan Root Regions
[2026-04-03T06:52:56.472+0600][22.864s][info][gc,marking     ] GC(93) Concurrent Scan Root Regions 0.622ms
[2026-04-03T06:52:56.472+0600][22.864s][info][gc,marking     ] GC(93) Concurrent Mark
[2026-04-03T06:52:56.472+0600][22.864s][info][gc,marking     ] GC(93) Concurrent Mark From Roots
[2026-04-03T06:52:56.472+0600][22.864s][info][gc,task        ] GC(93) Using 3 workers of 3 for marking
[2026-04-03T06:52:56.489+0600][22.881s][info][gc,marking     ] GC(93) Concurrent Mark From Roots 17.164ms
[2026-04-03T06:52:56.490+0600][22.881s][info][gc,marking     ] GC(93) Concurrent Preclean
[2026-04-03T06:52:56.490+0600][22.882s][info][gc,marking     ] GC(93) Concurrent Preclean 0.213ms
[2026-04-03T06:52:56.490+0600][22.882s][info][gc,start       ] GC(93) Pause Remark
[2026-04-03T06:52:56.496+0600][22.887s][info][gc             ] GC(93) Pause Remark 68M->68M(148M) 5.681ms
[2026-04-03T06:52:56.496+0600][22.888s][info][gc,cpu         ] GC(93) User=0.02s Sys=0.00s Real=0.01s
[2026-04-03T06:52:56.496+0600][22.888s][info][gc,marking     ] GC(93) Concurrent Mark 23.601ms
[2026-04-03T06:52:56.496+0600][22.888s][info][gc,marking     ] GC(93) Concurrent Rebuild Remembered Sets and Scrub Regions
[2026-04-03T06:52:56.508+0600][22.900s][info][gc,marking     ] GC(93) Concurrent Rebuild Remembered Sets and Scrub Regions 12.484ms
[2026-04-03T06:52:56.509+0600][22.900s][info][gc,start       ] GC(93) Pause Cleanup
[2026-04-03T06:52:56.509+0600][22.901s][info][gc             ] GC(93) Pause Cleanup 91M->91M(148M) 0.310ms
[2026-04-03T06:52:56.509+0600][22.901s][info][gc,cpu         ] GC(93) User=0.00s Sys=0.00s Real=0.00s
[2026-04-03T06:52:56.509+0600][22.901s][info][gc,marking     ] GC(93) Concurrent Clear Claimed Marks
[2026-04-03T06:52:56.509+0600][22.901s][info][gc,marking     ] GC(93) Concurrent Clear Claimed Marks 0.200ms
[2026-04-03T06:52:56.509+0600][22.901s][info][gc,marking     ] GC(93) Concurrent Cleanup for Next Mark
[2026-04-03T06:52:56.510+0600][22.901s][info][gc,marking     ] GC(93) Concurrent Cleanup for Next Mark 0.295ms
[2026-04-03T06:52:56.510+0600][22.902s][info][gc             ] GC(93) Concurrent Mark Cycle 38.124ms
[2026-04-03T06:52:56.525+0600][22.917s][info][gc,start       ] GC(94) Pause Young (Prepare Mixed) (G1 Evacuation Pause)
[2026-04-03T06:52:56.525+0600][22.917s][info][gc,task        ] GC(94) Using 3 workers of 10 for evacuation
[2026-04-03T06:52:56.528+0600][22.919s][info][gc,phases      ] GC(94)   Pre Evacuate Collection Set: 0.35ms
[2026-04-03T06:52:56.528+0600][22.919s][info][gc,phases      ] GC(94)   Merge Heap Roots: 0.18ms
[2026-04-03T06:52:56.528+0600][22.919s][info][gc,phases      ] GC(94)   Evacuate Collection Set: 0.82ms
[2026-04-03T06:52:56.528+0600][22.919s][info][gc,phases      ] GC(94)   Post Evacuate Collection Set: 1.02ms
[2026-04-03T06:52:56.528+0600][22.919s][info][gc,phases      ] GC(94)   Other: 0.11ms
[2026-04-03T06:52:56.528+0600][22.919s][info][gc,heap        ] GC(94) Eden regions: 43->0(62)
[2026-04-03T06:52:56.528+0600][22.919s][info][gc,heap        ] GC(94) Survivor regions: 1->1(6)
[2026-04-03T06:52:56.528+0600][22.919s][info][gc,heap        ] GC(94) Old regions: 18->18
[2026-04-03T06:52:56.528+0600][22.919s][info][gc,heap        ] GC(94) Humongous regions: 3->3
[2026-04-03T06:52:56.528+0600][22.919s][info][gc,metaspace   ] GC(94) Metaspace: 66906K(67904K)->66906K(67904K) NonClass: 58497K(59072K)->58497K(59072K) Class: 8408K(8832K)->8408K(8832K)
[2026-04-03T06:52:56.528+0600][22.920s][info][gc             ] GC(94) Pause Young (Prepare Mixed) (G1 Evacuation Pause) 122M->36M(212M) 2.736ms
[2026-04-03T06:52:56.528+0600][22.920s][info][gc,cpu         ] GC(94) User=0.00s Sys=0.01s Real=0.00s
[2026-04-03T06:52:56.602+0600][22.994s][info][gc,start       ] GC(95) Pause Young (Mixed) (G1 Evacuation Pause)
[2026-04-03T06:52:56.602+0600][22.994s][info][gc,task        ] GC(95) Using 5 workers of 10 for evacuation
[2026-04-03T06:52:56.604+0600][22.996s][info][gc,phases      ] GC(95)   Pre Evacuate Collection Set: 0.25ms
[2026-04-03T06:52:56.604+0600][22.996s][info][gc,phases      ] GC(95)   Merge Heap Roots: 0.11ms
[2026-04-03T06:52:56.604+0600][22.996s][info][gc,phases      ] GC(95)   Evacuate Collection Set: 1.11ms
[2026-04-03T06:52:56.604+0600][22.996s][info][gc,phases      ] GC(95)   Post Evacuate Collection Set: 0.51ms
[2026-04-03T06:52:56.604+0600][22.996s][info][gc,phases      ] GC(95)   Other: 0.07ms
[2026-04-03T06:52:56.604+0600][22.996s][info][gc,heap        ] GC(95) Eden regions: 62->0(62)
[2026-04-03T06:52:56.604+0600][22.996s][info][gc,heap        ] GC(95) Survivor regions: 1->1(8)
[2026-04-03T06:52:56.604+0600][22.996s][info][gc,heap        ] GC(95) Old regions: 18->18
[2026-04-03T06:52:56.604+0600][22.996s][info][gc,heap        ] GC(95) Humongous regions: 3->3
[2026-04-03T06:52:56.604+0600][22.996s][info][gc,metaspace   ] GC(95) Metaspace: 66906K(67904K)->66906K(67904K) NonClass: 58497K(59072K)->58497K(59072K) Class: 8408K(8832K)->8408K(8832K)
[2026-04-03T06:52:56.604+0600][22.996s][info][gc             ] GC(95) Pause Young (Mixed) (G1 Evacuation Pause) 160M->36M(212M) 2.260ms
[2026-04-03T06:52:56.604+0600][22.996s][info][gc,cpu         ] GC(95) User=0.01s Sys=0.01s Real=0.01s
[2026-04-03T06:52:56.682+0600][23.074s][info][gc,start       ] GC(96) Pause Young (Concurrent Start) (G1 Humongous Allocation)
[2026-04-03T06:52:56.683+0600][23.074s][info][gc,task        ] GC(96) Using 5 workers of 10 for evacuation
[2026-04-03T06:52:56.685+0600][23.077s][info][gc,phases      ] GC(96)   Pre Evacuate Collection Set: 0.28ms
[2026-04-03T06:52:56.685+0600][23.077s][info][gc,phases      ] GC(96)   Merge Heap Roots: 0.11ms
[2026-04-03T06:52:56.685+0600][23.077s][info][gc,phases      ] GC(96)   Evacuate Collection Set: 1.17ms
[2026-04-03T06:52:56.685+0600][23.077s][info][gc,phases      ] GC(96)   Post Evacuate Collection Set: 0.56ms
[2026-04-03T06:52:56.685+0600][23.077s][info][gc,phases      ] GC(96)   Other: 0.39ms
[2026-04-03T06:52:56.685+0600][23.077s][info][gc,heap        ] GC(96) Eden regions: 52->0(62)
[2026-04-03T06:52:56.685+0600][23.077s][info][gc,heap        ] GC(96) Survivor regions: 1->1(8)
[2026-04-03T06:52:56.685+0600][23.077s][info][gc,heap        ] GC(96) Old regions: 18->18
[2026-04-03T06:52:56.685+0600][23.077s][info][gc,heap        ] GC(96) Humongous regions: 3->3
[2026-04-03T06:52:56.685+0600][23.077s][info][gc,metaspace   ] GC(96) Metaspace: 67243K(68032K)->67243K(68032K) NonClass: 58762K(59200K)->58762K(59200K) Class: 8480K(8832K)->8480K(8832K)
[2026-04-03T06:52:56.685+0600][23.077s][info][gc             ] GC(96) Pause Young (Concurrent Start) (G1 Humongous Allocation) 139M->36M(212M) 2.911ms
[2026-04-03T06:52:56.685+0600][23.077s][info][gc,cpu         ] GC(96) User=0.00s Sys=0.00s Real=0.01s
[2026-04-03T06:52:56.685+0600][23.077s][info][gc             ] GC(97) Concurrent Mark Cycle
[2026-04-03T06:52:56.686+0600][23.077s][info][gc,marking     ] GC(97) Concurrent Scan Root Regions
[2026-04-03T06:52:56.687+0600][23.079s][info][gc,marking     ] GC(97) Concurrent Scan Root Regions 1.421ms
[2026-04-03T06:52:56.687+0600][23.079s][info][gc,marking     ] GC(97) Concurrent Mark
[2026-04-03T06:52:56.687+0600][23.079s][info][gc,marking     ] GC(97) Concurrent Mark From Roots
[2026-04-03T06:52:56.687+0600][23.079s][info][gc,task        ] GC(97) Using 3 workers of 3 for marking
[2026-04-03T06:52:56.709+0600][23.100s][info][gc,marking     ] GC(97) Concurrent Mark From Roots 21.676ms
[2026-04-03T06:52:56.709+0600][23.101s][info][gc,marking     ] GC(97) Concurrent Preclean
[2026-04-03T06:52:56.709+0600][23.101s][info][gc,marking     ] GC(97) Concurrent Preclean 0.259ms
[2026-04-03T06:52:56.709+0600][23.101s][info][gc,start       ] GC(97) Pause Remark
[2026-04-03T06:52:56.716+0600][23.108s][info][gc             ] GC(97) Pause Remark 55M->55M(154M) 6.401ms
[2026-04-03T06:52:56.716+0600][23.108s][info][gc,cpu         ] GC(97) User=0.02s Sys=0.00s Real=0.01s
[2026-04-03T06:52:56.716+0600][23.108s][info][gc,marking     ] GC(97) Concurrent Mark 28.925ms
[2026-04-03T06:52:56.716+0600][23.108s][info][gc,marking     ] GC(97) Concurrent Rebuild Remembered Sets and Scrub Regions
[2026-04-03T06:52:56.732+0600][23.124s][info][gc,marking     ] GC(97) Concurrent Rebuild Remembered Sets and Scrub Regions 15.838ms
[2026-04-03T06:52:56.732+0600][23.124s][info][gc,start       ] GC(97) Pause Cleanup
[2026-04-03T06:52:56.733+0600][23.125s][info][gc             ] GC(97) Pause Cleanup 69M->69M(154M) 0.322ms
[2026-04-03T06:52:56.733+0600][23.125s][info][gc,cpu         ] GC(97) User=0.01s Sys=0.00s Real=0.00s
[2026-04-03T06:52:56.733+0600][23.125s][info][gc,marking     ] GC(97) Concurrent Clear Claimed Marks
[2026-04-03T06:52:56.733+0600][23.125s][info][gc,marking     ] GC(97) Concurrent Clear Claimed Marks 0.166ms
[2026-04-03T06:52:56.733+0600][23.125s][info][gc,marking     ] GC(97) Concurrent Cleanup for Next Mark
[2026-04-03T06:52:56.734+0600][23.125s][info][gc,marking     ] GC(97) Concurrent Cleanup for Next Mark 0.471ms
[2026-04-03T06:52:56.734+0600][23.125s][info][gc             ] GC(97) Concurrent Mark Cycle 48.173ms
[2026-04-03T06:52:56.783+0600][23.175s][info][gc,start       ] GC(98) Pause Young (Prepare Mixed) (G1 Evacuation Pause)
[2026-04-03T06:52:56.783+0600][23.175s][info][gc,task        ] GC(98) Using 4 workers of 10 for evacuation
[2026-04-03T06:52:56.785+0600][23.177s][info][gc,phases      ] GC(98)   Pre Evacuate Collection Set: 0.27ms
[2026-04-03T06:52:56.785+0600][23.177s][info][gc,phases      ] GC(98)   Merge Heap Roots: 0.22ms
[2026-04-03T06:52:56.785+0600][23.177s][info][gc,phases      ] GC(98)   Evacuate Collection Set: 1.13ms
[2026-04-03T06:52:56.785+0600][23.177s][info][gc,phases      ] GC(98)   Post Evacuate Collection Set: 0.44ms
[2026-04-03T06:52:56.786+0600][23.177s][info][gc,phases      ] GC(98)   Other: 0.07ms
[2026-04-03T06:52:56.786+0600][23.177s][info][gc,heap        ] GC(98) Eden regions: 45->0(45)
[2026-04-03T06:52:56.786+0600][23.177s][info][gc,heap        ] GC(98) Survivor regions: 1->1(6)
[2026-04-03T06:52:56.786+0600][23.177s][info][gc,heap        ] GC(98) Old regions: 18->18
[2026-04-03T06:52:56.786+0600][23.177s][info][gc,heap        ] GC(98) Humongous regions: 4->3
[2026-04-03T06:52:56.786+0600][23.177s][info][gc,metaspace   ] GC(98) Metaspace: 67534K(68352K)->67534K(68352K) NonClass: 58991K(59456K)->58991K(59456K) Class: 8543K(8896K)->8543K(8896K)
[2026-04-03T06:52:56.786+0600][23.177s][info][gc             ] GC(98) Pause Young (Prepare Mixed) (G1 Evacuation Pause) 128M->36M(154M) 2.343ms
[2026-04-03T06:52:56.786+0600][23.177s][info][gc,cpu         ] GC(98) User=0.00s Sys=0.00s Real=0.00s
[2026-04-03T06:52:56.846+0600][23.238s][info][gc,start       ] GC(99) Pause Young (Mixed) (G1 Evacuation Pause)
[2026-04-03T06:52:56.846+0600][23.238s][info][gc,task        ] GC(99) Using 3 workers of 10 for evacuation
[2026-04-03T06:52:56.849+0600][23.241s][info][gc,phases      ] GC(99)   Pre Evacuate Collection Set: 0.25ms
[2026-04-03T06:52:56.849+0600][23.241s][info][gc,phases      ] GC(99)   Merge Heap Roots: 0.19ms
[2026-04-03T06:52:56.849+0600][23.241s][info][gc,phases      ] GC(99)   Evacuate Collection Set: 0.98ms
[2026-04-03T06:52:56.849+0600][23.241s][info][gc,phases      ] GC(99)   Post Evacuate Collection Set: 0.81ms
[2026-04-03T06:52:56.849+0600][23.241s][info][gc,phases      ] GC(99)   Other: 0.06ms
[2026-04-03T06:52:56.849+0600][23.241s][info][gc,heap        ] GC(99) Eden regions: 45->0(70)
[2026-04-03T06:52:56.849+0600][23.241s][info][gc,heap        ] GC(99) Survivor regions: 1->1(6)
[2026-04-03T06:52:56.849+0600][23.241s][info][gc,heap        ] GC(99) Old regions: 18->18
[2026-04-03T06:52:56.849+0600][23.241s][info][gc,heap        ] GC(99) Humongous regions: 3->3
[2026-04-03T06:52:56.849+0600][23.241s][info][gc,metaspace   ] GC(99) Metaspace: 67534K(68352K)->67534K(68352K) NonClass: 58991K(59456K)->58991K(59456K) Class: 8543K(8896K)->8543K(8896K)
[2026-04-03T06:52:56.849+0600][23.241s][info][gc             ] GC(99) Pause Young (Mixed) (G1 Evacuation Pause) 126M->36M(238M) 2.493ms
[2026-04-03T06:52:56.849+0600][23.241s][info][gc,cpu         ] GC(99) User=0.01s Sys=0.00s Real=0.00s
[2026-04-03T06:52:56.901+0600][23.293s][info][gc,start       ] GC(100) Pause Young (Concurrent Start) (G1 Humongous Allocation)
[2026-04-03T06:52:56.901+0600][23.293s][info][gc,task        ] GC(100) Using 5 workers of 10 for evacuation
[2026-04-03T06:52:56.905+0600][23.296s][info][gc,phases      ] GC(100)   Pre Evacuate Collection Set: 0.34ms
[2026-04-03T06:52:56.905+0600][23.296s][info][gc,phases      ] GC(100)   Merge Heap Roots: 0.07ms
[2026-04-03T06:52:56.905+0600][23.296s][info][gc,phases      ] GC(100)   Evacuate Collection Set: 2.16ms
[2026-04-03T06:52:56.905+0600][23.296s][info][gc,phases      ] GC(100)   Post Evacuate Collection Set: 0.48ms
[2026-04-03T06:52:56.905+0600][23.296s][info][gc,phases      ] GC(100)   Other: 0.12ms
[2026-04-03T06:52:56.905+0600][23.296s][info][gc,heap        ] GC(100) Eden regions: 22->0(70)
[2026-04-03T06:52:56.905+0600][23.296s][info][gc,heap        ] GC(100) Survivor regions: 1->1(9)
[2026-04-03T06:52:56.905+0600][23.296s][info][gc,heap        ] GC(100) Old regions: 18->18
[2026-04-03T06:52:56.905+0600][23.296s][info][gc,heap        ] GC(100) Humongous regions: 3->3
[2026-04-03T06:52:56.905+0600][23.296s][info][gc,metaspace   ] GC(100) Metaspace: 67534K(68352K)->67534K(68352K) NonClass: 58991K(59456K)->58991K(59456K) Class: 8543K(8896K)->8543K(8896K)
[2026-04-03T06:52:56.905+0600][23.296s][info][gc             ] GC(100) Pause Young (Concurrent Start) (G1 Humongous Allocation) 79M->36M(238M) 3.457ms
[2026-04-03T06:52:56.905+0600][23.297s][info][gc,cpu         ] GC(100) User=0.01s Sys=0.00s Real=0.01s
[2026-04-03T06:52:56.905+0600][23.297s][info][gc             ] GC(101) Concurrent Mark Cycle
[2026-04-03T06:52:56.905+0600][23.297s][info][gc,marking     ] GC(101) Concurrent Scan Root Regions
[2026-04-03T06:52:56.906+0600][23.298s][info][gc,marking     ] GC(101) Concurrent Scan Root Regions 1.189ms
[2026-04-03T06:52:56.906+0600][23.298s][info][gc,marking     ] GC(101) Concurrent Mark
[2026-04-03T06:52:56.906+0600][23.298s][info][gc,marking     ] GC(101) Concurrent Mark From Roots
[2026-04-03T06:52:56.906+0600][23.298s][info][gc,task        ] GC(101) Using 3 workers of 3 for marking
[2026-04-03T06:52:56.926+0600][23.317s][info][gc,marking     ] GC(101) Concurrent Mark From Roots 19.487ms
[2026-04-03T06:52:56.926+0600][23.318s][info][gc,marking     ] GC(101) Concurrent Preclean
[2026-04-03T06:52:56.926+0600][23.318s][info][gc,marking     ] GC(101) Concurrent Preclean 0.189ms
[2026-04-03T06:52:56.926+0600][23.318s][info][gc,start       ] GC(101) Pause Remark
[2026-04-03T06:52:56.931+0600][23.323s][info][gc             ] GC(101) Pause Remark 47M->47M(154M) 5.335ms
[2026-04-03T06:52:56.932+0600][23.323s][info][gc,cpu         ] GC(101) User=0.02s Sys=0.00s Real=0.00s
[2026-04-03T06:52:56.932+0600][23.323s][info][gc,marking     ] GC(101) Concurrent Mark 25.471ms
[2026-04-03T06:52:56.932+0600][23.323s][info][gc,marking     ] GC(101) Concurrent Rebuild Remembered Sets and Scrub Regions
[2026-04-03T06:52:56.945+0600][23.337s][info][gc,marking     ] GC(101) Concurrent Rebuild Remembered Sets and Scrub Regions 13.469ms
[2026-04-03T06:52:56.945+0600][23.337s][info][gc,start       ] GC(101) Pause Cleanup
[2026-04-03T06:52:56.946+0600][23.338s][info][gc             ] GC(101) Pause Cleanup 47M->47M(154M) 0.350ms
[2026-04-03T06:52:56.946+0600][23.338s][info][gc,cpu         ] GC(101) User=0.00s Sys=0.00s Real=0.00s
[2026-04-03T06:52:56.946+0600][23.338s][info][gc,marking     ] GC(101) Concurrent Clear Claimed Marks
[2026-04-03T06:52:56.946+0600][23.338s][info][gc,marking     ] GC(101) Concurrent Clear Claimed Marks 0.174ms
[2026-04-03T06:52:56.946+0600][23.338s][info][gc,marking     ] GC(101) Concurrent Cleanup for Next Mark
[2026-04-03T06:52:56.946+0600][23.338s][info][gc,marking     ] GC(101) Concurrent Cleanup for Next Mark 0.312ms
[2026-04-03T06:52:56.947+0600][23.338s][info][gc             ] GC(101) Concurrent Mark Cycle 41.694ms
[2026-04-03T06:52:57.721+0600][24.113s][info][gc,start       ] GC(102) Pause Young (Prepare Mixed) (G1 Evacuation Pause)
[2026-04-03T06:52:57.721+0600][24.113s][info][gc,task        ] GC(102) Using 4 workers of 10 for evacuation
[2026-04-03T06:52:57.727+0600][24.119s][info][gc,phases      ] GC(102)   Pre Evacuate Collection Set: 0.35ms
[2026-04-03T06:52:57.727+0600][24.119s][info][gc,phases      ] GC(102)   Merge Heap Roots: 0.20ms
[2026-04-03T06:52:57.727+0600][24.119s][info][gc,phases      ] GC(102)   Evacuate Collection Set: 4.85ms
[2026-04-03T06:52:57.727+0600][24.119s][info][gc,phases      ] GC(102)   Post Evacuate Collection Set: 0.69ms
[2026-04-03T06:52:57.727+0600][24.119s][info][gc,phases      ] GC(102)   Other: 0.11ms
[2026-04-03T06:52:57.727+0600][24.119s][info][gc,heap        ] GC(102) Eden regions: 45->0(42)
[2026-04-03T06:52:57.727+0600][24.119s][info][gc,heap        ] GC(102) Survivor regions: 1->4(6)
[2026-04-03T06:52:57.727+0600][24.119s][info][gc,heap        ] GC(102) Old regions: 18->18
[2026-04-03T06:52:57.727+0600][24.119s][info][gc,heap        ] GC(102) Humongous regions: 8->3
[2026-04-03T06:52:57.727+0600][24.119s][info][gc,metaspace   ] GC(102) Metaspace: 69100K(69952K)->69100K(69952K) NonClass: 60298K(60800K)->60298K(60800K) Class: 8801K(9152K)->8801K(9152K)
[2026-04-03T06:52:57.727+0600][24.119s][info][gc             ] GC(102) Pause Young (Prepare Mixed) (G1 Evacuation Pause) 136M->42M(154M) 6.562ms
[2026-04-03T06:52:57.727+0600][24.119s][info][gc,cpu         ] GC(102) User=0.02s Sys=0.00s Real=0.01s
[2026-04-03T06:52:57.869+0600][24.261s][info][gc,start       ] GC(103) Pause Young (Mixed) (G1 Evacuation Pause)
[2026-04-03T06:52:57.869+0600][24.261s][info][gc,task        ] GC(103) Using 3 workers of 10 for evacuation
[2026-04-03T06:52:57.882+0600][24.274s][info][gc,phases      ] GC(103)   Pre Evacuate Collection Set: 0.38ms
[2026-04-03T06:52:57.883+0600][24.274s][info][gc,phases      ] GC(103)   Merge Heap Roots: 0.18ms
[2026-04-03T06:52:57.883+0600][24.274s][info][gc,phases      ] GC(103)   Evacuate Collection Set: 11.49ms
[2026-04-03T06:52:57.883+0600][24.274s][info][gc,phases      ] GC(103)   Post Evacuate Collection Set: 0.86ms
[2026-04-03T06:52:57.883+0600][24.274s][info][gc,phases      ] GC(103)   Other: 0.11ms
[2026-04-03T06:52:57.883+0600][24.274s][info][gc,heap        ] GC(103) Eden regions: 42->0(39)
[2026-04-03T06:52:57.883+0600][24.274s][info][gc,heap        ] GC(103) Survivor regions: 4->6(6)
[2026-04-03T06:52:57.883+0600][24.274s][info][gc,heap        ] GC(103) Old regions: 18->20
[2026-04-03T06:52:57.883+0600][24.274s][info][gc,heap        ] GC(103) Humongous regions: 3->3
[2026-04-03T06:52:57.883+0600][24.274s][info][gc,metaspace   ] GC(103) Metaspace: 69120K(70016K)->69120K(70016K) NonClass: 60313K(60800K)->60313K(60800K) Class: 8806K(9216K)->8806K(9216K)
[2026-04-03T06:52:57.883+0600][24.275s][info][gc             ] GC(103) Pause Young (Mixed) (G1 Evacuation Pause) 126M->53M(154M) 13.409ms
[2026-04-03T06:52:57.883+0600][24.275s][info][gc,cpu         ] GC(103) User=0.04s Sys=0.00s Real=0.01s
[2026-04-03T06:52:57.916+0600][24.308s][info][gc,start       ] GC(104) Pause Young (Concurrent Start) (G1 Humongous Allocation)
[2026-04-03T06:52:57.917+0600][24.308s][info][gc,task        ] GC(104) Using 3 workers of 10 for evacuation
[2026-04-03T06:52:57.928+0600][24.320s][info][gc,phases      ] GC(104)   Pre Evacuate Collection Set: 0.36ms
[2026-04-03T06:52:57.928+0600][24.320s][info][gc,phases      ] GC(104)   Merge Heap Roots: 0.20ms
[2026-04-03T06:52:57.928+0600][24.320s][info][gc,phases      ] GC(104)   Evacuate Collection Set: 10.06ms
[2026-04-03T06:52:57.928+0600][24.320s][info][gc,phases      ] GC(104)   Post Evacuate Collection Set: 0.59ms
[2026-04-03T06:52:57.928+0600][24.320s][info][gc,phases      ] GC(104)   Other: 0.17ms
[2026-04-03T06:52:57.928+0600][24.320s][info][gc,heap        ] GC(104) Eden regions: 13->0(34)
[2026-04-03T06:52:57.928+0600][24.320s][info][gc,heap        ] GC(104) Survivor regions: 6->3(6)
[2026-04-03T06:52:57.928+0600][24.320s][info][gc,heap        ] GC(104) Old regions: 20->27
[2026-04-03T06:52:57.928+0600][24.320s][info][gc,heap        ] GC(104) Humongous regions: 3->3
[2026-04-03T06:52:57.928+0600][24.320s][info][gc,metaspace   ] GC(104) Metaspace: 69120K(70016K)->69120K(70016K) NonClass: 60313K(60800K)->60313K(60800K) Class: 8806K(9216K)->8806K(9216K)
[2026-04-03T06:52:57.928+0600][24.320s][info][gc             ] GC(104) Pause Young (Concurrent Start) (G1 Humongous Allocation) 79M->59M(154M) 11.783ms
[2026-04-03T06:52:57.928+0600][24.320s][info][gc,cpu         ] GC(104) User=0.03s Sys=0.00s Real=0.01s
[2026-04-03T06:52:57.928+0600][24.320s][info][gc             ] GC(105) Concurrent Mark Cycle
[2026-04-03T06:52:57.929+0600][24.320s][info][gc,marking     ] GC(105) Concurrent Scan Root Regions
[2026-04-03T06:52:57.934+0600][24.326s][info][gc,marking     ] GC(105) Concurrent Scan Root Regions 5.333ms
[2026-04-03T06:52:57.934+0600][24.326s][info][gc,marking     ] GC(105) Concurrent Mark
[2026-04-03T06:52:57.934+0600][24.326s][info][gc,marking     ] GC(105) Concurrent Mark From Roots
[2026-04-03T06:52:57.934+0600][24.326s][info][gc,task        ] GC(105) Using 3 workers of 3 for marking
[2026-04-03T06:52:57.956+0600][24.348s][info][gc,marking     ] GC(105) Concurrent Mark From Roots 22.276ms
[2026-04-03T06:52:57.956+0600][24.348s][info][gc,marking     ] GC(105) Concurrent Preclean
[2026-04-03T06:52:57.957+0600][24.348s][info][gc,marking     ] GC(105) Concurrent Preclean 0.208ms
[2026-04-03T06:52:57.957+0600][24.349s][info][gc,start       ] GC(105) Pause Remark
[2026-04-03T06:52:57.963+0600][24.355s][info][gc             ] GC(105) Pause Remark 75M->75M(154M) 6.314ms
[2026-04-03T06:52:57.963+0600][24.355s][info][gc,cpu         ] GC(105) User=0.02s Sys=0.00s Real=0.00s
[2026-04-03T06:52:57.963+0600][24.355s][info][gc,marking     ] GC(105) Concurrent Mark 29.479ms
[2026-04-03T06:52:57.964+0600][24.355s][info][gc,marking     ] GC(105) Concurrent Rebuild Remembered Sets and Scrub Regions
[2026-04-03T06:52:57.994+0600][24.386s][info][gc,marking     ] GC(105) Concurrent Rebuild Remembered Sets and Scrub Regions 30.336ms
[2026-04-03T06:52:57.994+0600][24.386s][info][gc,start       ] GC(105) Pause Cleanup
[2026-04-03T06:52:57.995+0600][24.386s][info][gc             ] GC(105) Pause Cleanup 82M->82M(154M) 0.397ms
[2026-04-03T06:52:57.995+0600][24.386s][info][gc,cpu         ] GC(105) User=0.00s Sys=0.00s Real=0.00s
[2026-04-03T06:52:57.995+0600][24.387s][info][gc,marking     ] GC(105) Concurrent Clear Claimed Marks
[2026-04-03T06:52:57.995+0600][24.387s][info][gc,marking     ] GC(105) Concurrent Clear Claimed Marks 0.261ms
[2026-04-03T06:52:57.995+0600][24.387s][info][gc,marking     ] GC(105) Concurrent Cleanup for Next Mark
[2026-04-03T06:52:57.995+0600][24.387s][info][gc,marking     ] GC(105) Concurrent Cleanup for Next Mark 0.290ms
[2026-04-03T06:52:57.995+0600][24.387s][info][gc             ] GC(105) Concurrent Mark Cycle 67.031ms
[2026-04-03T06:52:58.094+0600][24.486s][info][gc,start       ] GC(106) Pause Young (Prepare Mixed) (G1 Evacuation Pause)
[2026-04-03T06:52:58.094+0600][24.486s][info][gc,task        ] GC(106) Using 3 workers of 10 for evacuation
[2026-04-03T06:52:58.117+0600][24.508s][info][gc,phases      ] GC(106)   Pre Evacuate Collection Set: 0.26ms
[2026-04-03T06:52:58.117+0600][24.508s][info][gc,phases      ] GC(106)   Merge Heap Roots: 0.37ms
[2026-04-03T06:52:58.117+0600][24.508s][info][gc,phases      ] GC(106)   Evacuate Collection Set: 21.29ms
[2026-04-03T06:52:58.117+0600][24.508s][info][gc,phases      ] GC(106)   Post Evacuate Collection Set: 0.67ms
[2026-04-03T06:52:58.117+0600][24.509s][info][gc,phases      ] GC(106)   Other: 0.12ms
[2026-04-03T06:52:58.117+0600][24.509s][info][gc,heap        ] GC(106) Eden regions: 34->0(26)
[2026-04-03T06:52:58.117+0600][24.509s][info][gc,heap        ] GC(106) Survivor regions: 3->5(5)
[2026-04-03T06:52:58.117+0600][24.509s][info][gc,heap        ] GC(106) Old regions: 27->31
[2026-04-03T06:52:58.117+0600][24.509s][info][gc,heap        ] GC(106) Humongous regions: 6->6
[2026-04-03T06:52:58.117+0600][24.509s][info][gc,metaspace   ] GC(106) Metaspace: 69376K(70208K)->69376K(70208K) NonClass: 60512K(60992K)->60512K(60992K) Class: 8864K(9216K)->8864K(9216K)
[2026-04-03T06:52:58.117+0600][24.509s][info][gc             ] GC(106) Pause Young (Prepare Mixed) (G1 Evacuation Pause) 133M->79M(158M) 23.052ms
[2026-04-03T06:52:58.117+0600][24.509s][info][gc,cpu         ] GC(106) User=0.06s Sys=0.00s Real=0.02s
[2026-04-03T06:52:58.190+0600][24.582s][info][gc,start       ] GC(107) Pause Young (Mixed) (G1 Evacuation Pause)
[2026-04-03T06:52:58.190+0600][24.582s][info][gc,task        ] GC(107) Using 3 workers of 10 for evacuation
[2026-04-03T06:52:58.217+0600][24.609s][info][gc,phases      ] GC(107)   Pre Evacuate Collection Set: 0.45ms
[2026-04-03T06:52:58.217+0600][24.609s][info][gc,phases      ] GC(107)   Merge Heap Roots: 0.33ms
[2026-04-03T06:52:58.217+0600][24.609s][info][gc,phases      ] GC(107)   Evacuate Collection Set: 25.23ms
[2026-04-03T06:52:58.217+0600][24.609s][info][gc,phases      ] GC(107)   Post Evacuate Collection Set: 0.96ms
[2026-04-03T06:52:58.217+0600][24.609s][info][gc,phases      ] GC(107)   Other: 0.10ms
[2026-04-03T06:52:58.217+0600][24.609s][info][gc,heap        ] GC(107) Eden regions: 26->0(83)
[2026-04-03T06:52:58.217+0600][24.609s][info][gc,heap        ] GC(107) Survivor regions: 5->4(4)
[2026-04-03T06:52:58.217+0600][24.609s][info][gc,heap        ] GC(107) Old regions: 31->36
[2026-04-03T06:52:58.217+0600][24.609s][info][gc,heap        ] GC(107) Humongous regions: 12->12
[2026-04-03T06:52:58.218+0600][24.609s][info][gc,metaspace   ] GC(107) Metaspace: 69376K(70208K)->69376K(70208K) NonClass: 60512K(60992K)->60512K(60992K) Class: 8864K(9216K)->8864K(9216K)
[2026-04-03T06:52:58.218+0600][24.609s][info][gc             ] GC(107) Pause Young (Mixed) (G1 Evacuation Pause) 143M->99M(324M) 27.405ms
[2026-04-03T06:52:58.218+0600][24.609s][info][gc,cpu         ] GC(107) User=0.07s Sys=0.00s Real=0.03s
[2026-04-03T06:52:58.495+0600][24.886s][info][gc,start       ] GC(108) Pause Young (Concurrent Start) (G1 Evacuation Pause)
[2026-04-03T06:52:58.495+0600][24.887s][info][gc,task        ] GC(108) Using 7 workers of 10 for evacuation
[2026-04-03T06:52:58.520+0600][24.912s][info][gc,phases      ] GC(108)   Pre Evacuate Collection Set: 0.35ms
[2026-04-03T06:52:58.520+0600][24.912s][info][gc,phases      ] GC(108)   Merge Heap Roots: 0.25ms
[2026-04-03T06:52:58.520+0600][24.912s][info][gc,phases      ] GC(108)   Evacuate Collection Set: 23.48ms
[2026-04-03T06:52:58.520+0600][24.912s][info][gc,phases      ] GC(108)   Post Evacuate Collection Set: 0.82ms
[2026-04-03T06:52:58.520+0600][24.912s][info][gc,phases      ] GC(108)   Other: 0.26ms
[2026-04-03T06:52:58.520+0600][24.912s][info][gc,heap        ] GC(108) Eden regions: 83->0(67)
[2026-04-03T06:52:58.520+0600][24.912s][info][gc,heap        ] GC(108) Survivor regions: 4->11(11)
[2026-04-03T06:52:58.520+0600][24.912s][info][gc,heap        ] GC(108) Old regions: 36->46
[2026-04-03T06:52:58.520+0600][24.912s][info][gc,heap        ] GC(108) Humongous regions: 12->12
[2026-04-03T06:52:58.520+0600][24.912s][info][gc,metaspace   ] GC(108) Metaspace: 69376K(70208K)->69376K(70208K) NonClass: 60512K(60992K)->60512K(60992K) Class: 8864K(9216K)->8864K(9216K)
[2026-04-03T06:52:58.520+0600][24.912s][info][gc             ] GC(108) Pause Young (Concurrent Start) (G1 Evacuation Pause) 265M->133M(324M) 25.633ms
[2026-04-03T06:52:58.520+0600][24.912s][info][gc,cpu         ] GC(108) User=0.17s Sys=0.01s Real=0.02s
[2026-04-03T06:52:58.520+0600][24.912s][info][gc             ] GC(109) Concurrent Mark Cycle
[2026-04-03T06:52:58.521+0600][24.912s][info][gc,marking     ] GC(109) Concurrent Scan Root Regions
[2026-04-03T06:52:58.532+0600][24.923s][info][gc,marking     ] GC(109) Concurrent Scan Root Regions 10.909ms
[2026-04-03T06:52:58.532+0600][24.923s][info][gc,marking     ] GC(109) Concurrent Mark
[2026-04-03T06:52:58.532+0600][24.924s][info][gc,marking     ] GC(109) Concurrent Mark From Roots
[2026-04-03T06:52:58.532+0600][24.924s][info][gc,task        ] GC(109) Using 3 workers of 3 for marking
[2026-04-03T06:52:58.598+0600][24.990s][info][gc,marking     ] GC(109) Concurrent Mark From Roots 66.121ms
[2026-04-03T06:52:58.598+0600][24.990s][info][gc,marking     ] GC(109) Concurrent Preclean
[2026-04-03T06:52:58.598+0600][24.990s][info][gc,marking     ] GC(109) Concurrent Preclean 0.480ms
[2026-04-03T06:52:58.599+0600][24.991s][info][gc,start       ] GC(109) Pause Remark
[2026-04-03T06:52:58.611+0600][25.002s][info][gc             ] GC(109) Pause Remark 169M->163M(324M) 11.774ms
[2026-04-03T06:52:58.611+0600][25.003s][info][gc,cpu         ] GC(109) User=0.07s Sys=0.00s Real=0.01s
[2026-04-03T06:52:58.611+0600][25.003s][info][gc,marking     ] GC(109) Concurrent Mark 79.337ms
[2026-04-03T06:52:58.611+0600][25.003s][info][gc,marking     ] GC(109) Concurrent Rebuild Remembered Sets and Scrub Regions
[2026-04-03T06:52:58.684+0600][25.076s][info][gc,marking     ] GC(109) Concurrent Rebuild Remembered Sets and Scrub Regions 73.270ms
[2026-04-03T06:52:58.685+0600][25.077s][info][gc,start       ] GC(109) Pause Cleanup
[2026-04-03T06:52:58.685+0600][25.077s][info][gc             ] GC(109) Pause Cleanup 207M->207M(324M) 0.349ms
[2026-04-03T06:52:58.685+0600][25.077s][info][gc,cpu         ] GC(109) User=0.00s Sys=0.00s Real=0.00s
[2026-04-03T06:52:58.685+0600][25.077s][info][gc,marking     ] GC(109) Concurrent Clear Claimed Marks
[2026-04-03T06:52:58.686+0600][25.077s][info][gc,marking     ] GC(109) Concurrent Clear Claimed Marks 0.192ms
[2026-04-03T06:52:58.686+0600][25.077s][info][gc,marking     ] GC(109) Concurrent Cleanup for Next Mark
[2026-04-03T06:52:58.687+0600][25.079s][info][gc,marking     ] GC(109) Concurrent Cleanup for Next Mark 1.321ms
[2026-04-03T06:52:58.687+0600][25.079s][info][gc             ] GC(109) Concurrent Mark Cycle 166.483ms
[2026-04-03T06:52:58.835+0600][25.227s][info][gc,start       ] GC(110) Pause Young (Prepare Mixed) (G1 Evacuation Pause)
[2026-04-03T06:52:58.835+0600][25.227s][info][gc,task        ] GC(110) Using 7 workers of 10 for evacuation
[2026-04-03T06:52:58.866+0600][25.258s][info][gc,phases      ] GC(110)   Pre Evacuate Collection Set: 0.41ms
[2026-04-03T06:52:58.867+0600][25.258s][info][gc,phases      ] GC(110)   Merge Heap Roots: 0.92ms
[2026-04-03T06:52:58.867+0600][25.258s][info][gc,phases      ] GC(110)   Evacuate Collection Set: 29.20ms
[2026-04-03T06:52:58.867+0600][25.258s][info][gc,phases      ] GC(110)   Post Evacuate Collection Set: 0.80ms
[2026-04-03T06:52:58.867+0600][25.258s][info][gc,phases      ] GC(110)   Other: 0.14ms
[2026-04-03T06:52:58.867+0600][25.258s][info][gc,heap        ] GC(110) Eden regions: 67->0(55)
[2026-04-03T06:52:58.867+0600][25.258s][info][gc,heap        ] GC(110) Survivor regions: 11->10(10)
[2026-04-03T06:52:58.867+0600][25.258s][info][gc,heap        ] GC(110) Old regions: 46->59
[2026-04-03T06:52:58.867+0600][25.258s][info][gc,heap        ] GC(110) Humongous regions: 18->18
[2026-04-03T06:52:58.867+0600][25.259s][info][gc,metaspace   ] GC(110) Metaspace: 69446K(70336K)->69446K(70336K) NonClass: 60584K(61056K)->60584K(61056K) Class: 8862K(9280K)->8862K(9280K)
[2026-04-03T06:52:58.867+0600][25.259s][info][gc             ] GC(110) Pause Young (Prepare Mixed) (G1 Evacuation Pause) 279M->169M(330M) 31.928ms
[2026-04-03T06:52:58.867+0600][25.259s][info][gc,cpu         ] GC(110) User=0.21s Sys=0.00s Real=0.03s
[2026-04-03T06:52:59.072+0600][25.463s][info][gc,start       ] GC(111) Pause Young (Mixed) (G1 Evacuation Pause)
[2026-04-03T06:52:59.072+0600][25.463s][info][gc,task        ] GC(111) Using 7 workers of 10 for evacuation
[2026-04-03T06:52:59.098+0600][25.490s][info][gc,phases      ] GC(111)   Pre Evacuate Collection Set: 0.38ms
[2026-04-03T06:52:59.098+0600][25.490s][info][gc,phases      ] GC(111)   Merge Heap Roots: 0.34ms
[2026-04-03T06:52:59.098+0600][25.490s][info][gc,phases      ] GC(111)   Evacuate Collection Set: 24.32ms
[2026-04-03T06:52:59.098+0600][25.490s][info][gc,phases      ] GC(111)   Post Evacuate Collection Set: 1.14ms
[2026-04-03T06:52:59.098+0600][25.490s][info][gc,phases      ] GC(111)   Other: 0.14ms
[2026-04-03T06:52:59.098+0600][25.490s][info][gc,heap        ] GC(111) Eden regions: 55->0(49)
[2026-04-03T06:52:59.098+0600][25.490s][info][gc,heap        ] GC(111) Survivor regions: 10->6(9)
[2026-04-03T06:52:59.098+0600][25.490s][info][gc,heap        ] GC(111) Old regions: 59->69
[2026-04-03T06:52:59.098+0600][25.490s][info][gc,heap        ] GC(111) Humongous regions: 21->21
[2026-04-03T06:52:59.098+0600][25.490s][info][gc,metaspace   ] GC(111) Metaspace: 69469K(70336K)->69469K(70336K) NonClass: 60606K(61056K)->60606K(61056K) Class: 8862K(9280K)->8862K(9280K)
[2026-04-03T06:52:59.098+0600][25.490s][info][gc             ] GC(111) Pause Young (Mixed) (G1 Evacuation Pause) 285M->187M(330M) 26.813ms
[2026-04-03T06:52:59.098+0600][25.490s][info][gc,cpu         ] GC(111) User=0.20s Sys=0.00s Real=0.03s
[2026-04-03T06:52:59.260+0600][25.652s][info][gc,start       ] GC(112) Pause Young (Concurrent Start) (G1 Humongous Allocation)
[2026-04-03T06:52:59.260+0600][25.652s][info][gc,task        ] GC(112) Using 7 workers of 10 for evacuation
[2026-04-03T06:52:59.280+0600][25.672s][info][gc,phases      ] GC(112)   Pre Evacuate Collection Set: 0.61ms
[2026-04-03T06:52:59.280+0600][25.672s][info][gc,phases      ] GC(112)   Merge Heap Roots: 0.20ms
[2026-04-03T06:52:59.280+0600][25.672s][info][gc,phases      ] GC(112)   Evacuate Collection Set: 17.45ms
[2026-04-03T06:52:59.280+0600][25.672s][info][gc,phases      ] GC(112)   Post Evacuate Collection Set: 0.94ms
[2026-04-03T06:52:59.280+0600][25.672s][info][gc,phases      ] GC(112)   Other: 0.39ms
[2026-04-03T06:52:59.280+0600][25.672s][info][gc,heap        ] GC(112) Eden regions: 42->0(38)
[2026-04-03T06:52:59.280+0600][25.672s][info][gc,heap        ] GC(112) Survivor regions: 6->7(7)
[2026-04-03T06:52:59.280+0600][25.672s][info][gc,heap        ] GC(112) Old regions: 69->79
[2026-04-03T06:52:59.280+0600][25.672s][info][gc,heap        ] GC(112) Humongous regions: 21->21
[2026-04-03T06:52:59.280+0600][25.672s][info][gc,metaspace   ] GC(112) Metaspace: 69586K(70400K)->69586K(70400K) NonClass: 60696K(61120K)->60696K(61120K) Class: 8890K(9280K)->8890K(9280K)
[2026-04-03T06:52:59.280+0600][25.672s][info][gc             ] GC(112) Pause Young (Concurrent Start) (G1 Humongous Allocation) 271M->210M(330M) 20.147ms
[2026-04-03T06:52:59.280+0600][25.672s][info][gc,cpu         ] GC(112) User=0.12s Sys=0.01s Real=0.02s
[2026-04-03T06:52:59.280+0600][25.672s][info][gc             ] GC(113) Concurrent Mark Cycle
[2026-04-03T06:52:59.281+0600][25.672s][info][gc,marking     ] GC(113) Concurrent Scan Root Regions
[2026-04-03T06:52:59.316+0600][25.708s][info][gc,marking     ] GC(113) Concurrent Scan Root Regions 35.919ms
[2026-04-03T06:52:59.317+0600][25.708s][info][gc,marking     ] GC(113) Concurrent Mark
[2026-04-03T06:52:59.317+0600][25.708s][info][gc,marking     ] GC(113) Concurrent Mark From Roots
[2026-04-03T06:52:59.317+0600][25.708s][info][gc,task        ] GC(113) Using 3 workers of 3 for marking
[2026-04-03T06:52:59.408+0600][25.800s][info][gc,marking     ] GC(113) Concurrent Mark From Roots 91.607ms
[2026-04-03T06:52:59.408+0600][25.800s][info][gc,marking     ] GC(113) Concurrent Preclean
[2026-04-03T06:52:59.409+0600][25.801s][info][gc,marking     ] GC(113) Concurrent Preclean 0.494ms
[2026-04-03T06:52:59.409+0600][25.801s][info][gc,start       ] GC(113) Pause Remark
[2026-04-03T06:52:59.414+0600][25.806s][info][gc             ] GC(113) Pause Remark 277M->245M(334M) 5.013ms
[2026-04-03T06:52:59.415+0600][25.806s][info][gc,cpu         ] GC(113) User=0.02s Sys=0.00s Real=0.01s
[2026-04-03T06:52:59.415+0600][25.807s][info][gc,marking     ] GC(113) Concurrent Mark 98.228ms
[2026-04-03T06:52:59.415+0600][25.807s][info][gc,marking     ] GC(113) Concurrent Rebuild Remembered Sets and Scrub Regions
[2026-04-03T06:52:59.455+0600][25.847s][info][gc,start       ] GC(114) Pause Young (Normal) (G1 Evacuation Pause)
[2026-04-03T06:52:59.455+0600][25.847s][info][gc,task        ] GC(114) Using 8 workers of 10 for evacuation
[2026-04-03T06:52:59.489+0600][25.881s][info][gc,phases      ] GC(114)   Pre Evacuate Collection Set: 0.49ms
[2026-04-03T06:52:59.489+0600][25.881s][info][gc,phases      ] GC(114)   Merge Heap Roots: 0.80ms
[2026-04-03T06:52:59.489+0600][25.881s][info][gc,phases      ] GC(114)   Evacuate Collection Set: 30.74ms
[2026-04-03T06:52:59.489+0600][25.881s][info][gc,phases      ] GC(114)   Post Evacuate Collection Set: 1.80ms
[2026-04-03T06:52:59.489+0600][25.881s][info][gc,phases      ] GC(114)   Other: 0.12ms
[2026-04-03T06:52:59.489+0600][25.881s][info][gc,heap        ] GC(114) Eden regions: 38->0(167)
[2026-04-03T06:52:59.489+0600][25.881s][info][gc,heap        ] GC(114) Survivor regions: 7->6(6)
[2026-04-03T06:52:59.489+0600][25.881s][info][gc,heap        ] GC(114) Old regions: 79->98
[2026-04-03T06:52:59.489+0600][25.881s][info][gc,heap        ] GC(114) Humongous regions: 20->20
[2026-04-03T06:52:59.489+0600][25.881s][info][gc,metaspace   ] GC(114) Metaspace: 69587K(70400K)->69587K(70400K) NonClass: 60697K(61120K)->60697K(61120K) Class: 8890K(9280K)->8890K(9280K)
[2026-04-03T06:52:59.489+0600][25.881s][info][gc             ] GC(114) Pause Young (Normal) (G1 Evacuation Pause) 284M->244M(718M) 34.307ms
[2026-04-03T06:52:59.489+0600][25.881s][info][gc,cpu         ] GC(114) User=0.25s Sys=0.00s Real=0.03s
[2026-04-03T06:52:59.531+0600][25.923s][info][gc,marking     ] GC(113) Concurrent Rebuild Remembered Sets and Scrub Regions 116.367ms
[2026-04-03T06:52:59.532+0600][25.923s][info][gc,start       ] GC(113) Pause Cleanup
[2026-04-03T06:52:59.532+0600][25.924s][info][gc             ] GC(113) Pause Cleanup 270M->270M(718M) 0.383ms
[2026-04-03T06:52:59.532+0600][25.924s][info][gc,cpu         ] GC(113) User=0.00s Sys=0.00s Real=0.00s
[2026-04-03T06:52:59.532+0600][25.924s][info][gc,marking     ] GC(113) Concurrent Clear Claimed Marks
[2026-04-03T06:52:59.532+0600][25.924s][info][gc,marking     ] GC(113) Concurrent Clear Claimed Marks 0.226ms
[2026-04-03T06:52:59.532+0600][25.924s][info][gc,marking     ] GC(113) Concurrent Cleanup for Next Mark
[2026-04-03T06:52:59.536+0600][25.928s][info][gc,marking     ] GC(113) Concurrent Cleanup for Next Mark 3.574ms
[2026-04-03T06:52:59.536+0600][25.928s][info][gc             ] GC(113) Concurrent Mark Cycle 255.673ms
[2026-04-03T06:53:00.125+0600][26.516s][info][gc,start       ] GC(115) Pause Young (Prepare Mixed) (G1 Evacuation Pause)
[2026-04-03T06:53:00.125+0600][26.517s][info][gc,task        ] GC(115) Using 10 workers of 10 for evacuation
[2026-04-03T06:53:00.188+0600][26.580s][info][gc,phases      ] GC(115)   Pre Evacuate Collection Set: 0.25ms
[2026-04-03T06:53:00.188+0600][26.580s][info][gc,phases      ] GC(115)   Merge Heap Roots: 0.77ms
[2026-04-03T06:53:00.188+0600][26.580s][info][gc,phases      ] GC(115)   Evacuate Collection Set: 60.07ms
[2026-04-03T06:53:00.188+0600][26.580s][info][gc,phases      ] GC(115)   Post Evacuate Collection Set: 2.04ms
[2026-04-03T06:53:00.188+0600][26.580s][info][gc,phases      ] GC(115)   Other: 0.18ms
[2026-04-03T06:53:00.188+0600][26.580s][info][gc,heap        ] GC(115) Eden regions: 167->0(133)
[2026-04-03T06:53:00.188+0600][26.580s][info][gc,heap        ] GC(115) Survivor regions: 6->22(22)
[2026-04-03T06:53:00.188+0600][26.580s][info][gc,heap        ] GC(115) Old regions: 98->109
[2026-04-03T06:53:00.188+0600][26.580s][info][gc,heap        ] GC(115) Humongous regions: 32->32
[2026-04-03T06:53:00.188+0600][26.580s][info][gc,metaspace   ] GC(115) Metaspace: 69822K(70656K)->69822K(70656K) NonClass: 60902K(61376K)->60902K(61376K) Class: 8919K(9280K)->8919K(9280K)
[2026-04-03T06:53:00.189+0600][26.580s][info][gc             ] GC(115) Pause Young (Prepare Mixed) (G1 Evacuation Pause) 602M->322M(718M) 63.898ms
[2026-04-03T06:53:00.189+0600][26.580s][info][gc,cpu         ] GC(115) User=0.57s Sys=0.04s Real=0.06s
[2026-04-03T06:53:00.452+0600][26.844s][info][gc,start       ] GC(116) Pause Young (Mixed) (G1 Evacuation Pause)
[2026-04-03T06:53:00.452+0600][26.844s][info][gc,task        ] GC(116) Using 10 workers of 10 for evacuation
[2026-04-03T06:53:00.519+0600][26.911s][info][gc,phases      ] GC(116)   Pre Evacuate Collection Set: 0.26ms
[2026-04-03T06:53:00.519+0600][26.911s][info][gc,phases      ] GC(116)   Merge Heap Roots: 1.59ms
[2026-04-03T06:53:00.519+0600][26.911s][info][gc,phases      ] GC(116)   Evacuate Collection Set: 64.26ms
[2026-04-03T06:53:00.519+0600][26.911s][info][gc,phases      ] GC(116)   Post Evacuate Collection Set: 0.91ms
[2026-04-03T06:53:00.519+0600][26.911s][info][gc,phases      ] GC(116)   Other: 0.13ms
[2026-04-03T06:53:00.519+0600][26.911s][info][gc,heap        ] GC(116) Eden regions: 133->0(125)
[2026-04-03T06:53:00.519+0600][26.911s][info][gc,heap        ] GC(116) Survivor regions: 22->14(20)
[2026-04-03T06:53:00.519+0600][26.911s][info][gc,heap        ] GC(116) Old regions: 109->131
[2026-04-03T06:53:00.519+0600][26.911s][info][gc,heap        ] GC(116) Humongous regions: 41->41
[2026-04-03T06:53:00.519+0600][26.911s][info][gc,metaspace   ] GC(116) Metaspace: 69822K(70656K)->69822K(70656K) NonClass: 60902K(61376K)->60902K(61376K) Class: 8919K(9280K)->8919K(9280K)
[2026-04-03T06:53:00.519+0600][26.911s][info][gc             ] GC(116) Pause Young (Mixed) (G1 Evacuation Pause) 606M->367M(718M) 67.571ms
[2026-04-03T06:53:00.519+0600][26.911s][info][gc,cpu         ] GC(116) User=0.64s Sys=0.02s Real=0.07s
[2026-04-03T06:53:00.774+0600][27.165s][info][gc,start       ] GC(117) Pause Young (Concurrent Start) (G1 Evacuation Pause)
[2026-04-03T06:53:00.774+0600][27.166s][info][gc,task        ] GC(117) Using 10 workers of 10 for evacuation
[2026-04-03T06:53:00.817+0600][27.209s][info][gc,phases      ] GC(117)   Pre Evacuate Collection Set: 0.45ms
[2026-04-03T06:53:00.817+0600][27.209s][info][gc,phases      ] GC(117)   Merge Heap Roots: 0.45ms
[2026-04-03T06:53:00.817+0600][27.209s][info][gc,phases      ] GC(117)   Evacuate Collection Set: 41.16ms
[2026-04-03T06:53:00.817+0600][27.209s][info][gc,phases      ] GC(117)   Post Evacuate Collection Set: 0.94ms
[2026-04-03T06:53:00.817+0600][27.209s][info][gc,phases      ] GC(117)   Other: 0.22ms
[2026-04-03T06:53:00.817+0600][27.209s][info][gc,heap        ] GC(117) Eden regions: 125->0(123)
[2026-04-03T06:53:00.817+0600][27.209s][info][gc,heap        ] GC(117) Survivor regions: 14->11(18)
[2026-04-03T06:53:00.817+0600][27.209s][info][gc,heap        ] GC(117) Old regions: 131->144
[2026-04-03T06:53:00.817+0600][27.209s][info][gc,heap        ] GC(117) Humongous regions: 41->41
[2026-04-03T06:53:00.817+0600][27.209s][info][gc,metaspace   ] GC(117) Metaspace: 69822K(70656K)->69822K(70656K) NonClass: 60903K(61376K)->60903K(61376K) Class: 8919K(9280K)->8919K(9280K)
[2026-04-03T06:53:00.817+0600][27.209s][info][gc             ] GC(117) Pause Young (Concurrent Start) (G1 Evacuation Pause) 617M->386M(718M) 43.708ms
[2026-04-03T06:53:00.817+0600][27.209s][info][gc,cpu         ] GC(117) User=0.41s Sys=0.00s Real=0.04s
[2026-04-03T06:53:00.817+0600][27.209s][info][gc             ] GC(118) Concurrent Mark Cycle
[2026-04-03T06:53:00.818+0600][27.209s][info][gc,marking     ] GC(118) Concurrent Scan Root Regions
[2026-04-03T06:53:00.837+0600][27.228s][info][gc,marking     ] GC(118) Concurrent Scan Root Regions 18.960ms
[2026-04-03T06:53:00.837+0600][27.228s][info][gc,marking     ] GC(118) Concurrent Mark
[2026-04-03T06:53:00.837+0600][27.228s][info][gc,marking     ] GC(118) Concurrent Mark From Roots
[2026-04-03T06:53:00.837+0600][27.228s][info][gc,task        ] GC(118) Using 3 workers of 3 for marking
[2026-04-03T06:53:01.141+0600][27.533s][info][gc,marking     ] GC(118) Concurrent Mark From Roots 304.369ms
[2026-04-03T06:53:01.141+0600][27.533s][info][gc,marking     ] GC(118) Concurrent Preclean
[2026-04-03T06:53:01.142+0600][27.534s][info][gc,marking     ] GC(118) Concurrent Preclean 0.520ms
[2026-04-03T06:53:01.142+0600][27.534s][info][gc,start       ] GC(118) Pause Remark
[2026-04-03T06:53:01.158+0600][27.550s][info][gc             ] GC(118) Pause Remark 618M->578M(718M) 15.813ms
[2026-04-03T06:53:01.158+0600][27.550s][info][gc,cpu         ] GC(118) User=0.12s Sys=0.00s Real=0.02s
[2026-04-03T06:53:01.158+0600][27.550s][info][gc,marking     ] GC(118) Concurrent Mark 321.765ms
[2026-04-03T06:53:01.158+0600][27.550s][info][gc,marking     ] GC(118) Concurrent Rebuild Remembered Sets and Scrub Regions
[2026-04-03T06:53:01.183+0600][27.574s][info][gc,start       ] GC(119) Pause Young (Normal) (G1 Evacuation Pause)
[2026-04-03T06:53:01.183+0600][27.575s][info][gc,task        ] GC(119) Using 10 workers of 10 for evacuation
[2026-04-03T06:53:01.220+0600][27.612s][info][gc,phases      ] GC(119)   Pre Evacuate Collection Set: 0.54ms
[2026-04-03T06:53:01.220+0600][27.612s][info][gc,phases      ] GC(119)   Merge Heap Roots: 0.30ms
[2026-04-03T06:53:01.220+0600][27.612s][info][gc,phases      ] GC(119)   Evacuate Collection Set: 32.74ms
[2026-04-03T06:53:01.220+0600][27.612s][info][gc,phases      ] GC(119)   Post Evacuate Collection Set: 3.04ms
[2026-04-03T06:53:01.220+0600][27.612s][info][gc,phases      ] GC(119)   Other: 0.40ms
[2026-04-03T06:53:01.220+0600][27.612s][info][gc,heap        ] GC(119) Eden regions: 123->0(135)
[2026-04-03T06:53:01.220+0600][27.612s][info][gc,heap        ] GC(119) Survivor regions: 11->10(17)
[2026-04-03T06:53:01.220+0600][27.612s][info][gc,heap        ] GC(119) Old regions: 144->152
[2026-04-03T06:53:01.220+0600][27.612s][info][gc,heap        ] GC(119) Humongous regions: 21->21
[2026-04-03T06:53:01.220+0600][27.612s][info][gc,metaspace   ] GC(119) Metaspace: 69821K(70656K)->69821K(70656K) NonClass: 60902K(61376K)->60902K(61376K) Class: 8918K(9280K)->8918K(9280K)
[2026-04-03T06:53:01.220+0600][27.612s][info][gc             ] GC(119) Pause Young (Normal) (G1 Evacuation Pause) 592M->360M(718M) 37.670ms
[2026-04-03T06:53:01.221+0600][27.612s][info][gc,cpu         ] GC(119) User=0.34s Sys=0.01s Real=0.04s
[2026-04-03T06:53:01.448+0600][27.840s][info][gc,marking     ] GC(118) Concurrent Rebuild Remembered Sets and Scrub Regions 289.851ms
[2026-04-03T06:53:01.449+0600][27.841s][info][gc,start       ] GC(118) Pause Cleanup
[2026-04-03T06:53:01.449+0600][27.841s][info][gc             ] GC(118) Pause Cleanup 530M->530M(718M) 0.474ms
[2026-04-03T06:53:01.449+0600][27.841s][info][gc,cpu         ] GC(118) User=0.00s Sys=0.00s Real=0.00s
[2026-04-03T06:53:01.449+0600][27.841s][info][gc,marking     ] GC(118) Concurrent Clear Claimed Marks
[2026-04-03T06:53:01.450+0600][27.841s][info][gc,marking     ] GC(118) Concurrent Clear Claimed Marks 0.245ms
[2026-04-03T06:53:01.450+0600][27.841s][info][gc,marking     ] GC(118) Concurrent Cleanup for Next Mark
[2026-04-03T06:53:01.451+0600][27.843s][info][gc,marking     ] GC(118) Concurrent Cleanup for Next Mark 1.185ms
[2026-04-03T06:53:01.451+0600][27.843s][info][gc             ] GC(118) Concurrent Mark Cycle 633.606ms
[2026-04-03T06:53:01.589+0600][27.981s][info][gc,start       ] GC(120) Pause Young (Prepare Mixed) (G1 Evacuation Pause)
[2026-04-03T06:53:01.590+0600][27.981s][info][gc,task        ] GC(120) Using 10 workers of 10 for evacuation
[2026-04-03T06:53:01.638+0600][28.029s][info][gc,phases      ] GC(120)   Pre Evacuate Collection Set: 0.45ms
[2026-04-03T06:53:01.638+0600][28.029s][info][gc,phases      ] GC(120)   Merge Heap Roots: 2.43ms
[2026-04-03T06:53:01.638+0600][28.029s][info][gc,phases      ] GC(120)   Evacuate Collection Set: 43.29ms
[2026-04-03T06:53:01.638+0600][28.029s][info][gc,phases      ] GC(120)   Post Evacuate Collection Set: 1.42ms
[2026-04-03T06:53:01.638+0600][28.029s][info][gc,phases      ] GC(120)   Other: 0.25ms
[2026-04-03T06:53:01.638+0600][28.029s][info][gc,heap        ] GC(120) Eden regions: 135->0(123)
[2026-04-03T06:53:01.638+0600][28.029s][info][gc,heap        ] GC(120) Survivor regions: 10->17(19)
[2026-04-03T06:53:01.638+0600][28.029s][info][gc,heap        ] GC(120) Old regions: 152->152
[2026-04-03T06:53:01.638+0600][28.029s][info][gc,heap        ] GC(120) Humongous regions: 36->36
[2026-04-03T06:53:01.638+0600][28.030s][info][gc,metaspace   ] GC(120) Metaspace: 69821K(70656K)->69821K(70656K) NonClass: 60902K(61376K)->60902K(61376K) Class: 8918K(9280K)->8918K(9280K)
[2026-04-03T06:53:01.638+0600][28.030s][info][gc             ] GC(120) Pause Young (Prepare Mixed) (G1 Evacuation Pause) 660M->405M(718M) 48.329ms
[2026-04-03T06:53:01.638+0600][28.030s][info][gc,cpu         ] GC(120) User=0.46s Sys=0.00s Real=0.05s
[2026-04-03T06:53:03.349+0600][29.740s][info][gc,start       ] GC(121) Pause Young (Mixed) (G1 Evacuation Pause)
[2026-04-03T06:53:03.349+0600][29.740s][info][gc,task        ] GC(121) Using 10 workers of 10 for evacuation
[2026-04-03T06:53:03.421+0600][29.813s][info][gc,phases      ] GC(121)   Pre Evacuate Collection Set: 0.40ms
[2026-04-03T06:53:03.421+0600][29.813s][info][gc,phases      ] GC(121)   Merge Heap Roots: 1.27ms
[2026-04-03T06:53:03.421+0600][29.813s][info][gc,phases      ] GC(121)   Evacuate Collection Set: 67.04ms
[2026-04-03T06:53:03.421+0600][29.813s][info][gc,phases      ] GC(121)   Post Evacuate Collection Set: 3.62ms
[2026-04-03T06:53:03.421+0600][29.813s][info][gc,phases      ] GC(121)   Other: 0.13ms
[2026-04-03T06:53:03.421+0600][29.813s][info][gc,heap        ] GC(121) Eden regions: 123->0(321)
[2026-04-03T06:53:03.421+0600][29.813s][info][gc,heap        ] GC(121) Survivor regions: 17->18(18)
[2026-04-03T06:53:03.421+0600][29.813s][info][gc,heap        ] GC(121) Old regions: 152->155
[2026-04-03T06:53:03.421+0600][29.813s][info][gc,heap        ] GC(121) Humongous regions: 50->44
[2026-04-03T06:53:03.421+0600][29.813s][info][gc,metaspace   ] GC(121) Metaspace: 70085K(70976K)->70085K(70976K) NonClass: 61135K(61632K)->61135K(61632K) Class: 8949K(9344K)->8949K(9344K)
[2026-04-03T06:53:03.421+0600][29.813s][info][gc             ] GC(121) Pause Young (Mixed) (G1 Evacuation Pause) 679M->430M(1396M) 72.862ms
[2026-04-03T06:53:03.421+0600][29.813s][info][gc,cpu         ] GC(121) User=0.67s Sys=0.02s Real=0.07s
[2026-04-03T06:53:04.348+0600][30.740s][info][gc,start       ] GC(122) Pause Young (Normal) (G1 Evacuation Pause)
[2026-04-03T06:53:04.349+0600][30.740s][info][gc,task        ] GC(122) Using 10 workers of 10 for evacuation
[2026-04-03T06:53:04.499+0600][30.891s][info][gc,phases      ] GC(122)   Pre Evacuate Collection Set: 0.29ms
[2026-04-03T06:53:04.500+0600][30.891s][info][gc,phases      ] GC(122)   Merge Heap Roots: 2.43ms
[2026-04-03T06:53:04.500+0600][30.891s][info][gc,phases      ] GC(122)   Evacuate Collection Set: 146.25ms
[2026-04-03T06:53:04.500+0600][30.891s][info][gc,phases      ] GC(122)   Post Evacuate Collection Set: 1.65ms
[2026-04-03T06:53:04.500+0600][30.891s][info][gc,phases      ] GC(122)   Other: 0.19ms
[2026-04-03T06:53:04.500+0600][30.891s][info][gc,heap        ] GC(122) Eden regions: 261->0(236)
[2026-04-03T06:53:04.500+0600][30.891s][info][gc,heap        ] GC(122) Survivor regions: 18->35(35)
[2026-04-03T06:53:04.500+0600][30.891s][info][gc,heap        ] GC(122) Old regions: 155->197
[2026-04-03T06:53:04.500+0600][30.891s][info][gc,heap        ] GC(122) Humongous regions: 85->85
[2026-04-03T06:53:04.500+0600][30.891s][info][gc,metaspace   ] GC(122) Metaspace: 70092K(70976K)->70092K(70976K) NonClass: 61143K(61632K)->61143K(61632K) Class: 8949K(9344K)->8949K(9344K)
[2026-04-03T06:53:04.500+0600][30.891s][info][gc             ] GC(122) Pause Young (Normal) (G1 Evacuation Pause) 1034M->630M(1396M) 151.198ms
[2026-04-03T06:53:04.500+0600][30.891s][info][gc,cpu         ] GC(122) User=1.38s Sys=0.10s Real=0.15s
[2026-04-03T06:53:04.682+0600][31.073s][info][gc,start       ] GC(123) Pause Young (Concurrent Start) (G1 Humongous Allocation)
[2026-04-03T06:53:04.682+0600][31.073s][info][gc,task        ] GC(123) Using 10 workers of 10 for evacuation
[2026-04-03T06:53:04.779+0600][31.171s][info][gc,phases      ] GC(123)   Pre Evacuate Collection Set: 0.50ms
[2026-04-03T06:53:04.780+0600][31.171s][info][gc,phases      ] GC(123)   Merge Heap Roots: 0.91ms
[2026-04-03T06:53:04.780+0600][31.171s][info][gc,phases      ] GC(123)   Evacuate Collection Set: 95.20ms
[2026-04-03T06:53:04.780+0600][31.171s][info][gc,phases      ] GC(123)   Post Evacuate Collection Set: 0.90ms
[2026-04-03T06:53:04.780+0600][31.171s][info][gc,phases      ] GC(123)   Other: 0.24ms
[2026-04-03T06:53:04.780+0600][31.171s][info][gc,heap        ] GC(123) Eden regions: 107->0(246)
[2026-04-03T06:53:04.780+0600][31.171s][info][gc,heap        ] GC(123) Survivor regions: 35->13(34)
[2026-04-03T06:53:04.780+0600][31.171s][info][gc,heap        ] GC(123) Old regions: 197->235
[2026-04-03T06:53:04.780+0600][31.171s][info][gc,heap        ] GC(123) Humongous regions: 87->87
[2026-04-03T06:53:04.780+0600][31.171s][info][gc,metaspace   ] GC(123) Metaspace: 70094K(70976K)->70094K(70976K) NonClass: 61145K(61632K)->61145K(61632K) Class: 8949K(9344K)->8949K(9344K)
[2026-04-03T06:53:04.780+0600][31.171s][info][gc             ] GC(123) Pause Young (Concurrent Start) (G1 Humongous Allocation) 847M->664M(1396M) 98.177ms
[2026-04-03T06:53:04.780+0600][31.172s][info][gc,cpu         ] GC(123) User=0.94s Sys=0.01s Real=0.10s
[2026-04-03T06:53:04.780+0600][31.172s][info][gc             ] GC(124) Concurrent Mark Cycle
[2026-04-03T06:53:04.780+0600][31.172s][info][gc,marking     ] GC(124) Concurrent Scan Root Regions
[2026-04-03T06:53:04.817+0600][31.208s][info][gc,marking     ] GC(124) Concurrent Scan Root Regions 36.708ms
[2026-04-03T06:53:04.817+0600][31.209s][info][gc,marking     ] GC(124) Concurrent Mark
[2026-04-03T06:53:04.817+0600][31.209s][info][gc,marking     ] GC(124) Concurrent Mark From Roots
[2026-04-03T06:53:04.817+0600][31.209s][info][gc,task        ] GC(124) Using 3 workers of 3 for marking
[2026-04-03T06:53:05.084+0600][31.476s][info][gc,marking     ] GC(124) Concurrent Mark From Roots 267.545ms
[2026-04-03T06:53:05.084+0600][31.476s][info][gc,marking     ] GC(124) Concurrent Preclean
[2026-04-03T06:53:05.085+0600][31.477s][info][gc,marking     ] GC(124) Concurrent Preclean 0.334ms
[2026-04-03T06:53:05.085+0600][31.477s][info][gc,start       ] GC(124) Pause Remark
[2026-04-03T06:53:05.090+0600][31.482s][info][gc             ] GC(124) Pause Remark 904M->680M(1396M) 5.393ms
[2026-04-03T06:53:05.091+0600][31.482s][info][gc,cpu         ] GC(124) User=0.03s Sys=0.00s Real=0.00s
[2026-04-03T06:53:05.091+0600][31.483s][info][gc,marking     ] GC(124) Concurrent Mark 274.008ms
[2026-04-03T06:53:05.091+0600][31.483s][info][gc,marking     ] GC(124) Concurrent Rebuild Remembered Sets and Scrub Regions
[2026-04-03T06:53:05.420+0600][31.812s][info][gc,start       ] GC(125) Pause Young (Normal) (G1 Evacuation Pause)
[2026-04-03T06:53:05.420+0600][31.812s][info][gc,task        ] GC(125) Using 10 workers of 10 for evacuation
[2026-04-03T06:53:05.481+0600][31.873s][info][gc,phases      ] GC(125)   Pre Evacuate Collection Set: 0.52ms
[2026-04-03T06:53:05.481+0600][31.873s][info][gc,phases      ] GC(125)   Merge Heap Roots: 1.90ms
[2026-04-03T06:53:05.481+0600][31.873s][info][gc,phases      ] GC(125)   Evacuate Collection Set: 56.70ms
[2026-04-03T06:53:05.481+0600][31.873s][info][gc,phases      ] GC(125)   Post Evacuate Collection Set: 1.33ms
[2026-04-03T06:53:05.481+0600][31.873s][info][gc,phases      ] GC(125)   Other: 0.25ms
[2026-04-03T06:53:05.481+0600][31.873s][info][gc,heap        ] GC(125) Eden regions: 246->0(274)
[2026-04-03T06:53:05.481+0600][31.873s][info][gc,heap        ] GC(125) Survivor regions: 13->28(33)
[2026-04-03T06:53:05.481+0600][31.873s][info][gc,heap        ] GC(125) Old regions: 192->192
[2026-04-03T06:53:05.481+0600][31.873s][info][gc,heap        ] GC(125) Humongous regions: 27->27
[2026-04-03T06:53:05.481+0600][31.873s][info][gc,metaspace   ] GC(125) Metaspace: 70096K(70976K)->70096K(70976K) NonClass: 61146K(61632K)->61146K(61632K) Class: 8949K(9344K)->8949K(9344K)
[2026-04-03T06:53:05.481+0600][31.873s][info][gc             ] GC(125) Pause Young (Normal) (G1 Evacuation Pause) 950M->489M(1396M) 61.150ms
[2026-04-03T06:53:05.481+0600][31.873s][info][gc,cpu         ] GC(125) User=0.59s Sys=0.00s Real=0.06s
[2026-04-03T06:53:05.492+0600][31.884s][info][gc,marking     ] GC(124) Concurrent Rebuild Remembered Sets and Scrub Regions 401.588ms
[2026-04-03T06:53:05.493+0600][31.885s][info][gc,start       ] GC(124) Pause Cleanup
[2026-04-03T06:53:05.493+0600][31.885s][info][gc             ] GC(124) Pause Cleanup 499M->499M(1396M) 0.523ms
[2026-04-03T06:53:05.493+0600][31.885s][info][gc,cpu         ] GC(124) User=0.00s Sys=0.00s Real=0.01s
[2026-04-03T06:53:05.493+0600][31.885s][info][gc,marking     ] GC(124) Concurrent Clear Claimed Marks
[2026-04-03T06:53:05.494+0600][31.885s][info][gc,marking     ] GC(124) Concurrent Clear Claimed Marks 0.220ms
[2026-04-03T06:53:05.494+0600][31.885s][info][gc,marking     ] GC(124) Concurrent Cleanup for Next Mark
[2026-04-03T06:53:05.499+0600][31.891s][info][gc,marking     ] GC(124) Concurrent Cleanup for Next Mark 5.209ms
[2026-04-03T06:53:05.499+0600][31.891s][info][gc             ] GC(124) Concurrent Mark Cycle 719.219ms
[2026-04-03T06:53:07.051+0600][33.443s][info][gc,start       ] GC(126) Pause Young (Prepare Mixed) (G1 Evacuation Pause)
[2026-04-03T06:53:07.051+0600][33.443s][info][gc,task        ] GC(126) Using 10 workers of 10 for evacuation
[2026-04-03T06:53:07.233+0600][33.625s][info][gc,phases      ] GC(126)   Pre Evacuate Collection Set: 0.61ms
[2026-04-03T06:53:07.233+0600][33.625s][info][gc,phases      ] GC(126)   Merge Heap Roots: 3.04ms
[2026-04-03T06:53:07.233+0600][33.625s][info][gc,phases      ] GC(126)   Evacuate Collection Set: 176.40ms
[2026-04-03T06:53:07.233+0600][33.625s][info][gc,phases      ] GC(126)   Post Evacuate Collection Set: 1.60ms
[2026-04-03T06:53:07.233+0600][33.625s][info][gc,phases      ] GC(126)   Other: 0.15ms
[2026-04-03T06:53:07.233+0600][33.625s][info][gc,heap        ] GC(126) Eden regions: 266->0(299)
[2026-04-03T06:53:07.233+0600][33.625s][info][gc,heap        ] GC(126) Survivor regions: 28->37(37)
[2026-04-03T06:53:07.233+0600][33.625s][info][gc,heap        ] GC(126) Old regions: 192->204
[2026-04-03T06:53:07.233+0600][33.625s][info][gc,heap        ] GC(126) Humongous regions: 63->57
[2026-04-03T06:53:07.233+0600][33.625s][info][gc,metaspace   ] GC(126) Metaspace: 70171K(71040K)->70171K(71040K) NonClass: 61215K(61696K)->61215K(61696K) Class: 8955K(9344K)->8955K(9344K)
[2026-04-03T06:53:07.233+0600][33.625s][info][gc             ] GC(126) Pause Young (Prepare Mixed) (G1 Evacuation Pause) 1093M->591M(1396M) 182.238ms
[2026-04-03T06:53:07.233+0600][33.625s][info][gc,cpu         ] GC(126) User=1.69s Sys=0.10s Real=0.18s
[2026-04-03T06:53:08.070+0600][34.462s][info][gc,start       ] GC(127) Pause Young (Mixed) (G1 Evacuation Pause)
[2026-04-03T06:53:08.070+0600][34.462s][info][gc,task        ] GC(127) Using 10 workers of 10 for evacuation
[2026-04-03T06:53:08.219+0600][34.611s][info][gc,phases      ] GC(127)   Pre Evacuate Collection Set: 0.35ms
[2026-04-03T06:53:08.219+0600][34.611s][info][gc,phases      ] GC(127)   Merge Heap Roots: 2.56ms
[2026-04-03T06:53:08.219+0600][34.611s][info][gc,phases      ] GC(127)   Evacuate Collection Set: 144.48ms
[2026-04-03T06:53:08.219+0600][34.611s][info][gc,phases      ] GC(127)   Post Evacuate Collection Set: 1.22ms
[2026-04-03T06:53:08.219+0600][34.611s][info][gc,phases      ] GC(127)   Other: 0.15ms
[2026-04-03T06:53:08.219+0600][34.611s][info][gc,heap        ] GC(127) Eden regions: 173->0(213)
[2026-04-03T06:53:08.219+0600][34.611s][info][gc,heap        ] GC(127) Survivor regions: 37->26(27)
[2026-04-03T06:53:08.219+0600][34.611s][info][gc,heap        ] GC(127) Old regions: 204->226
[2026-04-03T06:53:08.219+0600][34.611s][info][gc,heap        ] GC(127) Humongous regions: 93->84
[2026-04-03T06:53:08.219+0600][34.611s][info][gc,metaspace   ] GC(127) Metaspace: 70760K(71744K)->70760K(71744K) NonClass: 61701K(62272K)->61701K(62272K) Class: 9059K(9472K)->9059K(9472K)
[2026-04-03T06:53:08.219+0600][34.611s][info][gc             ] GC(127) Pause Young (Mixed) (G1 Evacuation Pause) 1009M->668M(1396M) 149.154ms
[2026-04-03T06:53:08.219+0600][34.611s][info][gc,cpu         ] GC(127) User=1.51s Sys=0.00s Real=0.15s
[2026-04-03T06:53:08.240+0600][34.632s][info][gc,start       ] GC(128) Pause Young (Concurrent Start) (G1 Humongous Allocation)
[2026-04-03T06:53:08.240+0600][34.632s][info][gc,task        ] GC(128) Using 10 workers of 10 for evacuation
[2026-04-03T06:53:08.282+0600][34.674s][info][gc,phases      ] GC(128)   Pre Evacuate Collection Set: 0.39ms
[2026-04-03T06:53:08.283+0600][34.674s][info][gc,phases      ] GC(128)   Merge Heap Roots: 0.31ms
[2026-04-03T06:53:08.283+0600][34.674s][info][gc,phases      ] GC(128)   Evacuate Collection Set: 40.58ms
[2026-04-03T06:53:08.283+0600][34.674s][info][gc,phases      ] GC(128)   Post Evacuate Collection Set: 0.80ms
[2026-04-03T06:53:08.283+0600][34.674s][info][gc,phases      ] GC(128)   Other: 0.14ms
[2026-04-03T06:53:08.283+0600][34.674s][info][gc,heap        ] GC(128) Eden regions: 4->0(276)
[2026-04-03T06:53:08.283+0600][34.674s][info][gc,heap        ] GC(128) Survivor regions: 26->5(36)
[2026-04-03T06:53:08.283+0600][34.674s][info][gc,heap        ] GC(128) Old regions: 226->253
[2026-04-03T06:53:08.283+0600][34.674s][info][gc,heap        ] GC(128) Humongous regions: 84->84
[2026-04-03T06:53:08.283+0600][34.675s][info][gc,metaspace   ] GC(128) Metaspace: 70786K(71744K)->70786K(71744K) NonClass: 61721K(62272K)->61721K(62272K) Class: 9064K(9472K)->9064K(9472K)
[2026-04-03T06:53:08.283+0600][34.675s][info][gc             ] GC(128) Pause Young (Concurrent Start) (G1 Humongous Allocation) 676M->679M(1396M) 42.682ms
[2026-04-03T06:53:08.283+0600][34.675s][info][gc,cpu         ] GC(128) User=0.40s Sys=0.00s Real=0.04s
[2026-04-03T06:53:08.283+0600][34.675s][info][gc             ] GC(129) Concurrent Mark Cycle
[2026-04-03T06:53:08.283+0600][34.675s][info][gc,marking     ] GC(129) Concurrent Scan Root Regions
[2026-04-03T06:53:08.297+0600][34.689s][info][gc,marking     ] GC(129) Concurrent Scan Root Regions 13.849ms
[2026-04-03T06:53:08.297+0600][34.689s][info][gc,marking     ] GC(129) Concurrent Mark
[2026-04-03T06:53:08.297+0600][34.689s][info][gc,marking     ] GC(129) Concurrent Mark From Roots
[2026-04-03T06:53:08.297+0600][34.689s][info][gc,task        ] GC(129) Using 3 workers of 3 for marking
[2026-04-03T06:53:08.452+0600][34.844s][info][gc,marking     ] GC(129) Concurrent Mark From Roots 155.164ms
[2026-04-03T06:53:08.453+0600][34.845s][info][gc,marking     ] GC(129) Concurrent Preclean
[2026-04-03T06:53:08.454+0600][34.845s][info][gc,marking     ] GC(129) Concurrent Preclean 0.499ms
[2026-04-03T06:53:08.454+0600][34.846s][info][gc,start       ] GC(129) Pause Remark
[2026-04-03T06:53:08.460+0600][34.852s][info][gc             ] GC(129) Pause Remark 757M->423M(1220M) 6.522ms
[2026-04-03T06:53:08.460+0600][34.852s][info][gc,cpu         ] GC(129) User=0.04s Sys=0.00s Real=0.00s
[2026-04-03T06:53:08.461+0600][34.852s][info][gc,marking     ] GC(129) Concurrent Mark 163.764ms
[2026-04-03T06:53:08.461+0600][34.853s][info][gc,marking     ] GC(129) Concurrent Rebuild Remembered Sets and Scrub Regions
[2026-04-03T06:53:08.609+0600][35.000s][info][gc,marking     ] GC(129) Concurrent Rebuild Remembered Sets and Scrub Regions 147.750ms
[2026-04-03T06:53:08.609+0600][35.001s][info][gc,start       ] GC(129) Pause Cleanup
[2026-04-03T06:53:08.610+0600][35.002s][info][gc             ] GC(129) Pause Cleanup 471M->471M(1220M) 0.720ms
[2026-04-03T06:53:08.610+0600][35.002s][info][gc,cpu         ] GC(129) User=0.00s Sys=0.00s Real=0.00s
[2026-04-03T06:53:08.610+0600][35.002s][info][gc,marking     ] GC(129) Concurrent Clear Claimed Marks
[2026-04-03T06:53:08.610+0600][35.002s][info][gc,marking     ] GC(129) Concurrent Clear Claimed Marks 0.370ms
[2026-04-03T06:53:08.610+0600][35.002s][info][gc,marking     ] GC(129) Concurrent Cleanup for Next Mark
[2026-04-03T06:53:08.612+0600][35.004s][info][gc,marking     ] GC(129) Concurrent Cleanup for Next Mark 1.960ms
[2026-04-03T06:53:08.612+0600][35.004s][info][gc             ] GC(129) Concurrent Mark Cycle 329.547ms
[2026-04-03T06:53:10.218+0600][36.610s][info][gc,start       ] GC(130) Pause Young (Prepare Mixed) (G1 Evacuation Pause)
[2026-04-03T06:53:10.218+0600][36.610s][info][gc,task        ] GC(130) Using 10 workers of 10 for evacuation
[2026-04-03T06:53:10.302+0600][36.694s][info][gc,phases      ] GC(130)   Pre Evacuate Collection Set: 0.40ms
[2026-04-03T06:53:10.302+0600][36.694s][info][gc,phases      ] GC(130)   Merge Heap Roots: 1.26ms
[2026-04-03T06:53:10.302+0600][36.694s][info][gc,phases      ] GC(130)   Evacuate Collection Set: 80.89ms
[2026-04-03T06:53:10.302+0600][36.694s][info][gc,phases      ] GC(130)   Post Evacuate Collection Set: 1.37ms
[2026-04-03T06:53:10.302+0600][36.694s][info][gc,phases      ] GC(130)   Other: 0.18ms
[2026-04-03T06:53:10.302+0600][36.694s][info][gc,heap        ] GC(130) Eden regions: 276->0(296)
[2026-04-03T06:53:10.302+0600][36.694s][info][gc,heap        ] GC(130) Survivor regions: 5->35(36)
[2026-04-03T06:53:10.302+0600][36.694s][info][gc,heap        ] GC(130) Old regions: 167->167
[2026-04-03T06:53:10.302+0600][36.694s][info][gc,heap        ] GC(130) Humongous regions: 33->24
[2026-04-03T06:53:10.302+0600][36.694s][info][gc,metaspace   ] GC(130) Metaspace: 70909K(71872K)->70909K(71872K) NonClass: 61834K(62400K)->61834K(62400K) Class: 9074K(9472K)->9074K(9472K)
[2026-04-03T06:53:10.302+0600][36.694s][info][gc             ] GC(130) Pause Young (Prepare Mixed) (G1 Evacuation Pause) 957M->447M(1220M) 84.550ms
[2026-04-03T06:53:10.302+0600][36.694s][info][gc,cpu         ] GC(130) User=0.97s Sys=0.01s Real=0.08s
[2026-04-03T06:53:11.812+0600][38.204s][info][gc,start       ] GC(131) Pause Young (Mixed) (G1 Evacuation Pause)
[2026-04-03T06:53:11.812+0600][38.204s][info][gc,task        ] GC(131) Using 10 workers of 10 for evacuation
[2026-04-03T06:53:11.988+0600][38.380s][info][gc,phases      ] GC(131)   Pre Evacuate Collection Set: 0.50ms
[2026-04-03T06:53:11.988+0600][38.380s][info][gc,phases      ] GC(131)   Merge Heap Roots: 1.09ms
[2026-04-03T06:53:11.988+0600][38.380s][info][gc,phases      ] GC(131)   Evacuate Collection Set: 173.03ms
[2026-04-03T06:53:11.988+0600][38.380s][info][gc,phases      ] GC(131)   Post Evacuate Collection Set: 1.16ms
[2026-04-03T06:53:11.988+0600][38.380s][info][gc,phases      ] GC(131)   Other: 0.15ms
[2026-04-03T06:53:11.988+0600][38.380s][info][gc,heap        ] GC(131) Eden regions: 266->0(232)
[2026-04-03T06:53:11.988+0600][38.380s][info][gc,heap        ] GC(131) Survivor regions: 35->39(42)
[2026-04-03T06:53:11.988+0600][38.380s][info][gc,heap        ] GC(131) Old regions: 167->162
[2026-04-03T06:53:11.988+0600][38.380s][info][gc,heap        ] GC(131) Humongous regions: 142->89
[2026-04-03T06:53:11.988+0600][38.380s][info][gc,metaspace   ] GC(131) Metaspace: 72592K(73536K)->72592K(73536K) NonClass: 63283K(63808K)->63283K(63808K) Class: 9308K(9728K)->9308K(9728K)
[2026-04-03T06:53:11.989+0600][38.380s][info][gc             ] GC(131) Pause Young (Mixed) (G1 Evacuation Pause) 1215M->575M(1364M) 176.564ms
[2026-04-03T06:53:11.989+0600][38.380s][info][gc,cpu         ] GC(131) User=1.54s Sys=0.18s Real=0.18s
[2026-04-03T06:53:12.033+0600][38.425s][info][gc,start       ] GC(132) Pause Young (Concurrent Start) (G1 Humongous Allocation)
[2026-04-03T06:53:12.033+0600][38.425s][info][gc,task        ] GC(132) Using 10 workers of 10 for evacuation
[2026-04-03T06:53:12.085+0600][38.476s][info][gc,phases      ] GC(132)   Pre Evacuate Collection Set: 0.43ms
[2026-04-03T06:53:12.085+0600][38.476s][info][gc,phases      ] GC(132)   Merge Heap Roots: 0.20ms
[2026-04-03T06:53:12.085+0600][38.477s][info][gc,phases      ] GC(132)   Evacuate Collection Set: 48.02ms
[2026-04-03T06:53:12.085+0600][38.477s][info][gc,phases      ] GC(132)   Post Evacuate Collection Set: 2.72ms
[2026-04-03T06:53:12.085+0600][38.477s][info][gc,phases      ] GC(132)   Other: 0.14ms
[2026-04-03T06:53:12.085+0600][38.477s][info][gc,heap        ] GC(132) Eden regions: 26->0(503)
[2026-04-03T06:53:12.085+0600][38.477s][info][gc,heap        ] GC(132) Survivor regions: 39->8(43)
[2026-04-03T06:53:12.085+0600][38.477s][info][gc,heap        ] GC(132) Old regions: 162->199
[2026-04-03T06:53:12.085+0600][38.477s][info][gc,heap        ] GC(132) Humongous regions: 89->60
[2026-04-03T06:53:12.085+0600][38.477s][info][gc,metaspace   ] GC(132) Metaspace: 72603K(73600K)->72603K(73600K) NonClass: 63294K(63872K)->63294K(63872K) Class: 9308K(9728K)->9308K(9728K)
[2026-04-03T06:53:12.085+0600][38.477s][info][gc             ] GC(132) Pause Young (Concurrent Start) (G1 Humongous Allocation) 626M->528M(1840M) 51.916ms
[2026-04-03T06:53:12.085+0600][38.477s][info][gc,cpu         ] GC(132) User=0.49s Sys=0.00s Real=0.06s
[2026-04-03T06:53:12.085+0600][38.477s][info][gc             ] GC(133) Concurrent Mark Cycle
[2026-04-03T06:53:12.085+0600][38.477s][info][gc,marking     ] GC(133) Concurrent Scan Root Regions
[2026-04-03T06:53:12.119+0600][38.510s][info][gc,marking     ] GC(133) Concurrent Scan Root Regions 33.383ms
[2026-04-03T06:53:12.119+0600][38.510s][info][gc,marking     ] GC(133) Concurrent Mark
[2026-04-03T06:53:12.119+0600][38.510s][info][gc,marking     ] GC(133) Concurrent Mark From Roots
[2026-04-03T06:53:12.119+0600][38.510s][info][gc,task        ] GC(133) Using 3 workers of 3 for marking
[2026-04-03T06:53:12.259+0600][38.651s][info][gc,marking     ] GC(133) Concurrent Mark From Roots 140.262ms
[2026-04-03T06:53:12.259+0600][38.651s][info][gc,marking     ] GC(133) Concurrent Preclean
[2026-04-03T06:53:12.259+0600][38.651s][info][gc,marking     ] GC(133) Concurrent Preclean 0.274ms
[2026-04-03T06:53:12.259+0600][38.651s][info][gc,start       ] GC(133) Pause Remark
[2026-04-03T06:53:12.273+0600][38.664s][info][gc             ] GC(133) Pause Remark 618M->480M(1360M) 13.122ms
[2026-04-03T06:53:12.273+0600][38.665s][info][gc,cpu         ] GC(133) User=0.13s Sys=0.00s Real=0.01s
[2026-04-03T06:53:12.273+0600][38.665s][info][gc,marking     ] GC(133) Concurrent Mark 154.324ms
[2026-04-03T06:53:12.273+0600][38.665s][info][gc,marking     ] GC(133) Concurrent Rebuild Remembered Sets and Scrub Regions
[2026-04-03T06:53:12.394+0600][38.786s][info][gc,marking     ] GC(133) Concurrent Rebuild Remembered Sets and Scrub Regions 121.004ms
[2026-04-03T06:53:12.394+0600][38.786s][info][gc,start       ] GC(133) Pause Cleanup
[2026-04-03T06:53:12.395+0600][38.787s][info][gc             ] GC(133) Pause Cleanup 617M->617M(1360M) 0.544ms
[2026-04-03T06:53:12.395+0600][38.787s][info][gc,cpu         ] GC(133) User=0.01s Sys=0.00s Real=0.00s
[2026-04-03T06:53:12.395+0600][38.787s][info][gc,marking     ] GC(133) Concurrent Clear Claimed Marks
[2026-04-03T06:53:12.395+0600][38.787s][info][gc,marking     ] GC(133) Concurrent Clear Claimed Marks 0.254ms
[2026-04-03T06:53:12.395+0600][38.787s][info][gc,marking     ] GC(133) Concurrent Cleanup for Next Mark
[2026-04-03T06:53:12.398+0600][38.790s][info][gc,marking     ] GC(133) Concurrent Cleanup for Next Mark 2.528ms
[2026-04-03T06:53:12.398+0600][38.790s][info][gc             ] GC(133) Concurrent Mark Cycle 312.778ms
[2026-04-03T06:53:12.661+0600][39.052s][info][gc,start       ] GC(134) Pause Full (System.gc())
[2026-04-03T06:53:12.661+0600][39.052s][info][gc,task        ] GC(134) Using 10 workers of 10 for full compaction
[2026-04-03T06:53:12.661+0600][39.053s][info][gc,phases,start] GC(134) Phase 1: Mark live objects
[2026-04-03T06:53:12.704+0600][39.095s][info][gc,phases      ] GC(134) Phase 1: Mark live objects 42.719ms
[2026-04-03T06:53:12.704+0600][39.095s][info][gc,phases,start] GC(134) Phase 2: Prepare compaction
[2026-04-03T06:53:12.708+0600][39.100s][info][gc,phases      ] GC(134) Phase 2: Prepare compaction 4.530ms
[2026-04-03T06:53:12.708+0600][39.100s][info][gc,phases,start] GC(134) Phase 3: Adjust pointers
[2026-04-03T06:53:12.728+0600][39.119s][info][gc,phases      ] GC(134) Phase 3: Adjust pointers 19.371ms
[2026-04-03T06:53:12.728+0600][39.120s][info][gc,phases,start] GC(134) Phase 4: Compact heap
[2026-04-03T06:53:12.735+0600][39.126s][info][gc,phases      ] GC(134) Phase 4: Compact heap 6.868ms
[2026-04-03T06:53:12.735+0600][39.127s][info][gc,phases,start] GC(134) Phase 5: Reset Metadata
[2026-04-03T06:53:12.742+0600][39.134s][info][gc,phases      ] GC(134) Phase 5: Reset Metadata 7.510ms
[2026-04-03T06:53:12.750+0600][39.142s][info][gc,heap        ] GC(134) Eden regions: 289->0(138)
[2026-04-03T06:53:12.750+0600][39.142s][info][gc,heap        ] GC(134) Survivor regions: 8->0(43)
[2026-04-03T06:53:12.750+0600][39.142s][info][gc,heap        ] GC(134) Old regions: 187->76
[2026-04-03T06:53:12.750+0600][39.142s][info][gc,heap        ] GC(134) Humongous regions: 11->3
[2026-04-03T06:53:12.750+0600][39.142s][info][gc,metaspace   ] GC(134) Metaspace: 72691K(73728K)->72691K(73728K) NonClass: 63382K(64000K)->63382K(64000K) Class: 9309K(9728K)->9309K(9728K)
[2026-04-03T06:53:12.750+0600][39.142s][info][gc             ] GC(134) Pause Full (System.gc()) 983M->149M(528M) 89.918ms
[2026-04-03T06:53:12.750+0600][39.142s][info][gc,cpu         ] GC(134) User=0.73s Sys=0.01s Real=0.09s
[2026-04-03T06:53:12.811+0600][39.202s][info][gc,start       ] GC(135) Pause Young (Concurrent Start) (G1 Humongous Allocation)
[2026-04-03T06:53:12.811+0600][39.202s][info][gc,task        ] GC(135) Using 10 workers of 10 for evacuation
[2026-04-03T06:53:12.813+0600][39.205s][info][gc,phases      ] GC(135)   Pre Evacuate Collection Set: 0.34ms
[2026-04-03T06:53:12.813+0600][39.205s][info][gc,phases      ] GC(135)   Merge Heap Roots: 0.26ms
[2026-04-03T06:53:12.813+0600][39.205s][info][gc,phases      ] GC(135)   Evacuate Collection Set: 1.03ms
[2026-04-03T06:53:12.813+0600][39.205s][info][gc,phases      ] GC(135)   Post Evacuate Collection Set: 0.40ms
[2026-04-03T06:53:12.813+0600][39.205s][info][gc,phases      ] GC(135)   Other: 0.16ms
[2026-04-03T06:53:12.813+0600][39.205s][info][gc,heap        ] GC(135) Eden regions: 9->0(144)
[2026-04-03T06:53:12.813+0600][39.205s][info][gc,heap        ] GC(135) Survivor regions: 0->2(18)
[2026-04-03T06:53:12.813+0600][39.205s][info][gc,heap        ] GC(135) Old regions: 76->76
[2026-04-03T06:53:12.813+0600][39.205s][info][gc,heap        ] GC(135) Humongous regions: 3->3
[2026-04-03T06:53:12.813+0600][39.205s][info][gc,metaspace   ] GC(135) Metaspace: 72824K(73792K)->72824K(73792K) NonClass: 63495K(64064K)->63495K(64064K) Class: 9329K(9728K)->9329K(9728K)
[2026-04-03T06:53:12.813+0600][39.205s][info][gc             ] GC(135) Pause Young (Concurrent Start) (G1 Humongous Allocation) 167M->153M(528M) 2.536ms
[2026-04-03T06:53:12.813+0600][39.205s][info][gc             ] GC(136) Concurrent Mark Cycle
[2026-04-03T06:53:12.813+0600][39.205s][info][gc,marking     ] GC(136) Concurrent Scan Root Regions
[2026-04-03T06:53:12.813+0600][39.205s][info][gc,cpu         ] GC(135) User=0.01s Sys=0.00s Real=0.01s
[2026-04-03T06:53:12.814+0600][39.206s][info][gc,marking     ] GC(136) Concurrent Scan Root Regions 0.927ms
[2026-04-03T06:53:12.814+0600][39.206s][info][gc,marking     ] GC(136) Concurrent Mark
[2026-04-03T06:53:12.814+0600][39.206s][info][gc,marking     ] GC(136) Concurrent Mark From Roots
[2026-04-03T06:53:12.814+0600][39.206s][info][gc,task        ] GC(136) Using 3 workers of 3 for marking
[2026-04-03T06:53:13.058+0600][39.450s][info][gc,marking     ] GC(136) Concurrent Mark From Roots 244.033ms
[2026-04-03T06:53:13.068+0600][39.460s][info][gc,marking     ] GC(136) Concurrent Preclean
[2026-04-03T06:53:13.069+0600][39.460s][info][gc,marking     ] GC(136) Concurrent Preclean 0.429ms
[2026-04-03T06:53:13.069+0600][39.461s][info][gc,start       ] GC(136) Pause Remark
[2026-04-03T06:53:13.073+0600][39.465s][info][gc             ] GC(136) Pause Remark 316M->316M(528M) 4.430ms
[2026-04-03T06:53:13.073+0600][39.465s][info][gc,cpu         ] GC(136) User=0.04s Sys=0.01s Real=0.01s
[2026-04-03T06:53:13.074+0600][39.466s][info][gc,marking     ] GC(136) Concurrent Mark 259.691ms
[2026-04-03T06:53:13.074+0600][39.466s][info][gc,marking     ] GC(136) Concurrent Rebuild Remembered Sets and Scrub Regions
[2026-04-03T06:53:13.166+0600][39.558s][info][gc,marking     ] GC(136) Concurrent Rebuild Remembered Sets and Scrub Regions 92.232ms
[2026-04-03T06:53:13.167+0600][39.558s][info][gc,start       ] GC(136) Pause Cleanup
[2026-04-03T06:53:13.167+0600][39.559s][info][gc             ] GC(136) Pause Cleanup 391M->391M(528M) 0.467ms
[2026-04-03T06:53:13.167+0600][39.559s][info][gc,cpu         ] GC(136) User=0.00s Sys=0.00s Real=0.00s
[2026-04-03T06:53:13.167+0600][39.559s][info][gc,marking     ] GC(136) Concurrent Clear Claimed Marks
[2026-04-03T06:53:13.168+0600][39.559s][info][gc,marking     ] GC(136) Concurrent Clear Claimed Marks 0.261ms
[2026-04-03T06:53:13.168+0600][39.560s][info][gc,marking     ] GC(136) Concurrent Cleanup for Next Mark
[2026-04-03T06:53:13.169+0600][39.560s][info][gc,marking     ] GC(136) Concurrent Cleanup for Next Mark 0.948ms
[2026-04-03T06:53:13.169+0600][39.561s][info][gc             ] GC(136) Concurrent Mark Cycle 355.647ms
[2026-04-03T06:53:13.280+0600][39.672s][info][gc,start       ] GC(137) Pause Young (Prepare Mixed) (G1 Evacuation Pause)
[2026-04-03T06:53:13.281+0600][39.672s][info][gc,task        ] GC(137) Using 10 workers of 10 for evacuation
[2026-04-03T06:53:13.334+0600][39.726s][info][gc,phases      ] GC(137)   Pre Evacuate Collection Set: 0.37ms
[2026-04-03T06:53:13.334+0600][39.726s][info][gc,phases      ] GC(137)   Merge Heap Roots: 0.79ms
[2026-04-03T06:53:13.334+0600][39.726s][info][gc,phases      ] GC(137)   Evacuate Collection Set: 51.83ms
[2026-04-03T06:53:13.334+0600][39.726s][info][gc,phases      ] GC(137)   Post Evacuate Collection Set: 0.62ms
[2026-04-03T06:53:13.334+0600][39.726s][info][gc,phases      ] GC(137)   Other: 0.14ms
[2026-04-03T06:53:13.334+0600][39.726s][info][gc,heap        ] GC(137) Eden regions: 144->0(100)
[2026-04-03T06:53:13.334+0600][39.726s][info][gc,heap        ] GC(137) Survivor regions: 2->19(19)
[2026-04-03T06:53:13.334+0600][39.726s][info][gc,heap        ] GC(137) Old regions: 76->98
[2026-04-03T06:53:13.334+0600][39.726s][info][gc,heap        ] GC(137) Humongous regions: 25->22
[2026-04-03T06:53:13.334+0600][39.726s][info][gc,metaspace   ] GC(137) Metaspace: 72854K(73856K)->72854K(73856K) NonClass: 63524K(64128K)->63524K(64128K) Class: 9330K(9728K)->9330K(9728K)
[2026-04-03T06:53:13.335+0600][39.726s][info][gc             ] GC(137) Pause Young (Prepare Mixed) (G1 Evacuation Pause) 485M->268M(576M) 54.145ms
[2026-04-03T06:53:13.335+0600][39.726s][info][gc,cpu         ] GC(137) User=0.48s Sys=0.05s Real=0.06s
[2026-04-03T06:53:13.488+0600][39.880s][info][gc,start       ] GC(138) Pause Young (Mixed) (G1 Evacuation Pause)
[2026-04-03T06:53:13.488+0600][39.880s][info][gc,task        ] GC(138) Using 10 workers of 10 for evacuation
[2026-04-03T06:53:13.540+0600][39.932s][info][gc,phases      ] GC(138)   Pre Evacuate Collection Set: 0.24ms
[2026-04-03T06:53:13.541+0600][39.932s][info][gc,phases      ] GC(138)   Merge Heap Roots: 0.42ms
[2026-04-03T06:53:13.541+0600][39.932s][info][gc,phases      ] GC(138)   Evacuate Collection Set: 50.56ms
[2026-04-03T06:53:13.541+0600][39.932s][info][gc,phases      ] GC(138)   Post Evacuate Collection Set: 1.14ms
[2026-04-03T06:53:13.541+0600][39.932s][info][gc,phases      ] GC(138)   Other: 0.16ms
[2026-04-03T06:53:13.541+0600][39.932s][info][gc,heap        ] GC(138) Eden regions: 100->0(90)
[2026-04-03T06:53:13.541+0600][39.932s][info][gc,heap        ] GC(138) Survivor regions: 19->12(15)
[2026-04-03T06:53:13.541+0600][39.932s][info][gc,heap        ] GC(138) Old regions: 98->118
[2026-04-03T06:53:13.541+0600][39.932s][info][gc,heap        ] GC(138) Humongous regions: 30->30
[2026-04-03T06:53:13.541+0600][39.932s][info][gc,metaspace   ] GC(138) Metaspace: 72854K(73856K)->72854K(73856K) NonClass: 63524K(64128K)->63524K(64128K) Class: 9330K(9728K)->9330K(9728K)
[2026-04-03T06:53:13.541+0600][39.932s][info][gc             ] GC(138) Pause Young (Mixed) (G1 Evacuation Pause) 484M->312M(576M) 52.937ms
[2026-04-03T06:53:13.541+0600][39.933s][info][gc,cpu         ] GC(138) User=0.51s Sys=0.00s Real=0.05s
[2026-04-03T06:53:13.612+0600][40.004s][info][gc,start       ] GC(139) Pause Young (Concurrent Start) (G1 Humongous Allocation)
[2026-04-03T06:53:13.612+0600][40.004s][info][gc,task        ] GC(139) Using 10 workers of 10 for evacuation
[2026-04-03T06:53:13.637+0600][40.029s][info][gc,phases      ] GC(139)   Pre Evacuate Collection Set: 0.46ms
[2026-04-03T06:53:13.637+0600][40.029s][info][gc,phases      ] GC(139)   Merge Heap Roots: 0.30ms
[2026-04-03T06:53:13.637+0600][40.029s][info][gc,phases      ] GC(139)   Evacuate Collection Set: 23.07ms
[2026-04-03T06:53:13.637+0600][40.029s][info][gc,phases      ] GC(139)   Post Evacuate Collection Set: 0.89ms
[2026-04-03T06:53:13.637+0600][40.029s][info][gc,phases      ] GC(139)   Other: 0.32ms
[2026-04-03T06:53:13.637+0600][40.029s][info][gc,heap        ] GC(139) Eden regions: 42->0(89)
[2026-04-03T06:53:13.637+0600][40.029s][info][gc,heap        ] GC(139) Survivor regions: 12->6(13)
[2026-04-03T06:53:13.637+0600][40.029s][info][gc,heap        ] GC(139) Old regions: 118->129
[2026-04-03T06:53:13.637+0600][40.029s][info][gc,heap        ] GC(139) Humongous regions: 30->30
[2026-04-03T06:53:13.637+0600][40.029s][info][gc,metaspace   ] GC(139) Metaspace: 72854K(73856K)->72854K(73856K) NonClass: 63524K(64128K)->63524K(64128K) Class: 9330K(9728K)->9330K(9728K)
[2026-04-03T06:53:13.637+0600][40.029s][info][gc             ] GC(139) Pause Young (Concurrent Start) (G1 Humongous Allocation) 395M->322M(576M) 25.476ms
[2026-04-03T06:53:13.637+0600][40.029s][info][gc             ] GC(140) Concurrent Mark Cycle
[2026-04-03T06:53:13.637+0600][40.029s][info][gc,marking     ] GC(140) Concurrent Scan Root Regions
[2026-04-03T06:53:13.637+0600][40.029s][info][gc,cpu         ] GC(139) User=0.23s Sys=0.01s Real=0.03s
[2026-04-03T06:53:13.649+0600][40.041s][info][gc,marking     ] GC(140) Concurrent Scan Root Regions 12.000ms
[2026-04-03T06:53:13.650+0600][40.041s][info][gc,marking     ] GC(140) Concurrent Mark
[2026-04-03T06:53:13.650+0600][40.041s][info][gc,marking     ] GC(140) Concurrent Mark From Roots
[2026-04-03T06:53:13.650+0600][40.041s][info][gc,task        ] GC(140) Using 3 workers of 3 for marking
[2026-04-03T06:53:13.911+0600][40.302s][info][gc,start       ] GC(141) Pause Young (Normal) (G1 Evacuation Pause)
[2026-04-03T06:53:13.911+0600][40.303s][info][gc,task        ] GC(141) Using 10 workers of 10 for evacuation
[2026-04-03T06:53:13.947+0600][40.339s][info][gc,phases      ] GC(141)   Pre Evacuate Collection Set: 0.43ms
[2026-04-03T06:53:13.947+0600][40.339s][info][gc,phases      ] GC(141)   Merge Heap Roots: 1.26ms
[2026-04-03T06:53:13.947+0600][40.339s][info][gc,phases      ] GC(141)   Evacuate Collection Set: 30.52ms
[2026-04-03T06:53:13.947+0600][40.339s][info][gc,phases      ] GC(141)   Post Evacuate Collection Set: 3.89ms
[2026-04-03T06:53:13.947+0600][40.339s][info][gc,phases      ] GC(141)   Other: 0.13ms
[2026-04-03T06:53:13.947+0600][40.339s][info][gc,heap        ] GC(141) Eden regions: 89->0(483)
[2026-04-03T06:53:13.947+0600][40.339s][info][gc,heap        ] GC(141) Survivor regions: 6->12(12)
[2026-04-03T06:53:13.947+0600][40.339s][info][gc,heap        ] GC(141) Old regions: 129->130
[2026-04-03T06:53:13.947+0600][40.339s][info][gc,heap        ] GC(141) Humongous regions: 39->39
[2026-04-03T06:53:13.947+0600][40.339s][info][gc,metaspace   ] GC(141) Metaspace: 72854K(73856K)->72854K(73856K) NonClass: 63524K(64128K)->63524K(64128K) Class: 9330K(9728K)->9330K(9728K)
[2026-04-03T06:53:13.947+0600][40.339s][info][gc             ] GC(141) Pause Young (Normal) (G1 Evacuation Pause) 518M->355M(1652M) 36.615ms
[2026-04-03T06:53:13.947+0600][40.339s][info][gc,cpu         ] GC(141) User=0.32s Sys=0.00s Real=0.04s
[2026-04-03T06:53:13.950+0600][40.342s][info][gc,marking     ] GC(140) Concurrent Mark From Roots 300.236ms
[2026-04-03T06:53:13.950+0600][40.342s][info][gc,marking     ] GC(140) Concurrent Preclean
[2026-04-03T06:53:13.950+0600][40.342s][info][gc,marking     ] GC(140) Concurrent Preclean 0.386ms
[2026-04-03T06:53:13.951+0600][40.342s][info][gc,start       ] GC(140) Pause Remark
[2026-04-03T06:53:13.963+0600][40.354s][info][gc             ] GC(140) Pause Remark 358M->334M(1128M) 12.083ms
[2026-04-03T06:53:13.963+0600][40.355s][info][gc,cpu         ] GC(140) User=0.11s Sys=0.00s Real=0.01s
[2026-04-03T06:53:13.963+0600][40.355s][info][gc,marking     ] GC(140) Concurrent Mark 313.392ms
[2026-04-03T06:53:13.963+0600][40.355s][info][gc,marking     ] GC(140) Concurrent Rebuild Remembered Sets and Scrub Regions
[2026-04-03T06:53:14.149+0600][40.541s][info][gc,marking     ] GC(140) Concurrent Rebuild Remembered Sets and Scrub Regions 185.844ms
[2026-04-03T06:53:14.149+0600][40.541s][info][gc,start       ] GC(140) Pause Cleanup
[2026-04-03T06:53:14.150+0600][40.542s][info][gc             ] GC(140) Pause Cleanup 441M->441M(1128M) 0.452ms
[2026-04-03T06:53:14.150+0600][40.542s][info][gc,cpu         ] GC(140) User=0.00s Sys=0.00s Real=0.00s
[2026-04-03T06:53:14.150+0600][40.542s][info][gc,marking     ] GC(140) Concurrent Clear Claimed Marks
[2026-04-03T06:53:14.150+0600][40.542s][info][gc,marking     ] GC(140) Concurrent Clear Claimed Marks 0.314ms
[2026-04-03T06:53:14.150+0600][40.542s][info][gc,marking     ] GC(140) Concurrent Cleanup for Next Mark
[2026-04-03T06:53:14.155+0600][40.547s][info][gc,marking     ] GC(140) Concurrent Cleanup for Next Mark 4.870ms
[2026-04-03T06:53:14.155+0600][40.547s][info][gc             ] GC(140) Concurrent Mark Cycle 518.033ms
[2026-04-03T06:53:14.855+0600][41.246s][info][gc,start       ] GC(142) Pause Young (Prepare Mixed) (G1 Evacuation Pause)
[2026-04-03T06:53:14.855+0600][41.247s][info][gc,task        ] GC(142) Using 10 workers of 10 for evacuation
[2026-04-03T06:53:14.937+0600][41.329s][info][gc,phases      ] GC(142)   Pre Evacuate Collection Set: 0.61ms
[2026-04-03T06:53:14.938+0600][41.329s][info][gc,phases      ] GC(142)   Merge Heap Roots: 1.79ms
[2026-04-03T06:53:14.938+0600][41.329s][info][gc,phases      ] GC(142)   Evacuate Collection Set: 78.42ms
[2026-04-03T06:53:14.938+0600][41.329s][info][gc,phases      ] GC(142)   Post Evacuate Collection Set: 1.55ms
[2026-04-03T06:53:14.938+0600][41.329s][info][gc,phases      ] GC(142)   Other: 0.21ms
[2026-04-03T06:53:14.938+0600][41.329s][info][gc,heap        ] GC(142) Eden regions: 326->0(289)
[2026-04-03T06:53:14.938+0600][41.329s][info][gc,heap        ] GC(142) Survivor regions: 12->30(43)
[2026-04-03T06:53:14.938+0600][41.329s][info][gc,heap        ] GC(142) Old regions: 130->130
[2026-04-03T06:53:14.938+0600][41.329s][info][gc,heap        ] GC(142) Humongous regions: 37->37
[2026-04-03T06:53:14.938+0600][41.329s][info][gc,metaspace   ] GC(142) Metaspace: 72856K(73856K)->72856K(73856K) NonClass: 63526K(64128K)->63526K(64128K) Class: 9329K(9728K)->9329K(9728K)
[2026-04-03T06:53:14.938+0600][41.330s][info][gc             ] GC(142) Pause Young (Prepare Mixed) (G1 Evacuation Pause) 1003M->387M(1128M) 83.040ms
[2026-04-03T06:53:14.938+0600][41.330s][info][gc,cpu         ] GC(142) User=0.81s Sys=0.01s Real=0.08s
[2026-04-03T06:53:16.673+0600][43.065s][info][gc,start       ] GC(143) Pause Young (Mixed) (G1 Evacuation Pause)
[2026-04-03T06:53:16.673+0600][43.065s][info][gc,task        ] GC(143) Using 10 workers of 10 for evacuation
[2026-04-03T06:53:16.851+0600][43.243s][info][gc,phases      ] GC(143)   Pre Evacuate Collection Set: 0.41ms
[2026-04-03T06:53:16.851+0600][43.243s][info][gc,phases      ] GC(143)   Merge Heap Roots: 2.79ms
[2026-04-03T06:53:16.851+0600][43.243s][info][gc,phases      ] GC(143)   Evacuate Collection Set: 173.70ms
[2026-04-03T06:53:16.851+0600][43.243s][info][gc,phases      ] GC(143)   Post Evacuate Collection Set: 1.24ms
[2026-04-03T06:53:16.851+0600][43.243s][info][gc,phases      ] GC(143)   Other: 0.12ms
[2026-04-03T06:53:16.851+0600][43.243s][info][gc,heap        ] GC(143) Eden regions: 286->0(238)
[2026-04-03T06:53:16.851+0600][43.243s][info][gc,heap        ] GC(143) Survivor regions: 30->40(40)
[2026-04-03T06:53:16.851+0600][43.243s][info][gc,heap        ] GC(143) Old regions: 130->164
[2026-04-03T06:53:16.851+0600][43.243s][info][gc,heap        ] GC(143) Humongous regions: 81->75
[2026-04-03T06:53:16.851+0600][43.243s][info][gc,metaspace   ] GC(143) Metaspace: 72900K(73856K)->72900K(73856K) NonClass: 63570K(64128K)->63570K(64128K) Class: 9330K(9728K)->9330K(9728K)
[2026-04-03T06:53:16.851+0600][43.243s][info][gc             ] GC(143) Pause Young (Mixed) (G1 Evacuation Pause) 1047M->549M(1208M) 178.649ms
[2026-04-03T06:53:16.851+0600][43.243s][info][gc,cpu         ] GC(143) User=1.67s Sys=0.10s Real=0.18s
[2026-04-03T06:53:16.854+0600][43.246s][info][gc,start       ] GC(144) Pause Young (Concurrent Start) (G1 Humongous Allocation)
[2026-04-03T06:53:16.854+0600][43.246s][info][gc,task        ] GC(144) Using 10 workers of 10 for evacuation
[2026-04-03T06:53:16.937+0600][43.329s][info][gc,phases      ] GC(144)   Pre Evacuate Collection Set: 0.33ms
[2026-04-03T06:53:16.937+0600][43.329s][info][gc,phases      ] GC(144)   Merge Heap Roots: 0.63ms
[2026-04-03T06:53:16.937+0600][43.329s][info][gc,phases      ] GC(144)   Evacuate Collection Set: 81.32ms
[2026-04-03T06:53:16.937+0600][43.329s][info][gc,phases      ] GC(144)   Post Evacuate Collection Set: 0.44ms
[2026-04-03T06:53:16.937+0600][43.329s][info][gc,phases      ] GC(144)   Other: 0.13ms
[2026-04-03T06:53:16.937+0600][43.329s][info][gc,heap        ] GC(144) Eden regions: 2->0(191)
[2026-04-03T06:53:16.937+0600][43.329s][info][gc,heap        ] GC(144) Survivor regions: 40->4(35)
[2026-04-03T06:53:16.937+0600][43.329s][info][gc,heap        ] GC(144) Old regions: 164->205
[2026-04-03T06:53:16.937+0600][43.329s][info][gc,heap        ] GC(144) Humongous regions: 75->75
[2026-04-03T06:53:16.937+0600][43.329s][info][gc,metaspace   ] GC(144) Metaspace: 72900K(73856K)->72900K(73856K) NonClass: 63570K(64128K)->63570K(64128K) Class: 9330K(9728K)->9330K(9728K)
[2026-04-03T06:53:16.937+0600][43.329s][info][gc             ] GC(144) Pause Young (Concurrent Start) (G1 Humongous Allocation) 552M->560M(1208M) 83.171ms
[2026-04-03T06:53:16.937+0600][43.329s][info][gc,cpu         ] GC(144) User=0.82s Sys=0.00s Real=0.08s
[2026-04-03T06:53:16.937+0600][43.329s][info][gc             ] GC(145) Concurrent Mark Cycle
[2026-04-03T06:53:16.938+0600][43.329s][info][gc,marking     ] GC(145) Concurrent Scan Root Regions
[2026-04-03T06:53:16.973+0600][43.365s][info][gc,marking     ] GC(145) Concurrent Scan Root Regions 35.257ms
[2026-04-03T06:53:16.973+0600][43.365s][info][gc,marking     ] GC(145) Concurrent Mark
[2026-04-03T06:53:16.973+0600][43.365s][info][gc,marking     ] GC(145) Concurrent Mark From Roots
[2026-04-03T06:53:16.973+0600][43.365s][info][gc,task        ] GC(145) Using 3 workers of 3 for marking
[2026-04-03T06:53:17.197+0600][43.589s][info][gc,marking     ] GC(145) Concurrent Mark From Roots 223.997ms
[2026-04-03T06:53:17.197+0600][43.589s][info][gc,marking     ] GC(145) Concurrent Preclean
[2026-04-03T06:53:17.198+0600][43.589s][info][gc,marking     ] GC(145) Concurrent Preclean 0.478ms
[2026-04-03T06:53:17.198+0600][43.590s][info][gc,start       ] GC(145) Pause Remark
[2026-04-03T06:53:17.203+0600][43.595s][info][gc             ] GC(145) Pause Remark 818M->617M(1208M) 5.014ms
[2026-04-03T06:53:17.203+0600][43.595s][info][gc,cpu         ] GC(145) User=0.03s Sys=0.00s Real=0.00s
[2026-04-03T06:53:17.203+0600][43.595s][info][gc,marking     ] GC(145) Concurrent Mark 230.263ms
[2026-04-03T06:53:17.203+0600][43.595s][info][gc,marking     ] GC(145) Concurrent Rebuild Remembered Sets and Scrub Regions
[2026-04-03T06:53:17.376+0600][43.768s][info][gc,start       ] GC(146) Pause Young (Normal) (G1 Evacuation Pause)
[2026-04-03T06:53:17.377+0600][43.768s][info][gc,task        ] GC(146) Using 10 workers of 10 for evacuation
[2026-04-03T06:53:17.433+0600][43.825s][info][gc,phases      ] GC(146)   Pre Evacuate Collection Set: 0.40ms
[2026-04-03T06:53:17.433+0600][43.825s][info][gc,phases      ] GC(146)   Merge Heap Roots: 0.95ms
[2026-04-03T06:53:17.433+0600][43.825s][info][gc,phases      ] GC(146)   Evacuate Collection Set: 53.32ms
[2026-04-03T06:53:17.433+0600][43.825s][info][gc,phases      ] GC(146)   Post Evacuate Collection Set: 1.54ms
[2026-04-03T06:53:17.433+0600][43.825s][info][gc,phases      ] GC(146)   Other: 0.17ms
[2026-04-03T06:53:17.433+0600][43.825s][info][gc,heap        ] GC(146) Eden regions: 191->0(235)
[2026-04-03T06:53:17.433+0600][43.825s][info][gc,heap        ] GC(146) Survivor regions: 4->25(25)
[2026-04-03T06:53:17.433+0600][43.825s][info][gc,heap        ] GC(146) Old regions: 161->166
[2026-04-03T06:53:17.433+0600][43.825s][info][gc,heap        ] GC(146) Humongous regions: 36->36
[2026-04-03T06:53:17.433+0600][43.825s][info][gc,metaspace   ] GC(146) Metaspace: 72904K(73856K)->72904K(73856K) NonClass: 63574K(64128K)->63574K(64128K) Class: 9330K(9728K)->9330K(9728K)
[2026-04-03T06:53:17.433+0600][43.825s][info][gc             ] GC(146) Pause Young (Normal) (G1 Evacuation Pause) 777M->448M(1208M) 56.827ms
[2026-04-03T06:53:17.433+0600][43.825s][info][gc,cpu         ] GC(146) User=0.54s Sys=0.00s Real=0.06s
[2026-04-03T06:53:17.438+0600][43.830s][info][gc,marking     ] GC(145) Concurrent Rebuild Remembered Sets and Scrub Regions 234.413ms
[2026-04-03T06:53:17.438+0600][43.830s][info][gc,start       ] GC(145) Pause Cleanup
[2026-04-03T06:53:17.439+0600][43.830s][info][gc             ] GC(145) Pause Cleanup 454M->454M(1208M) 0.643ms
[2026-04-03T06:53:17.439+0600][43.831s][info][gc,cpu         ] GC(145) User=0.00s Sys=0.00s Real=0.00s
[2026-04-03T06:53:17.439+0600][43.831s][info][gc,marking     ] GC(145) Concurrent Clear Claimed Marks
[2026-04-03T06:53:17.439+0600][43.831s][info][gc,marking     ] GC(145) Concurrent Clear Claimed Marks 0.233ms
[2026-04-03T06:53:17.439+0600][43.831s][info][gc,marking     ] GC(145) Concurrent Cleanup for Next Mark
[2026-04-03T06:53:17.441+0600][43.833s][info][gc,marking     ] GC(145) Concurrent Cleanup for Next Mark 2.099ms
[2026-04-03T06:53:17.442+0600][43.833s][info][gc             ] GC(145) Concurrent Mark Cycle 504.060ms
[2026-04-03T06:53:17.898+0600][44.289s][info][gc,start       ] GC(147) Pause Young (Prepare Mixed) (G1 Evacuation Pause)
[2026-04-03T06:53:17.898+0600][44.290s][info][gc,task        ] GC(147) Using 10 workers of 10 for evacuation
[2026-04-03T06:53:17.986+0600][44.378s][info][gc,phases      ] GC(147)   Pre Evacuate Collection Set: 0.50ms
[2026-04-03T06:53:17.986+0600][44.378s][info][gc,phases      ] GC(147)   Merge Heap Roots: 1.55ms
[2026-04-03T06:53:17.986+0600][44.378s][info][gc,phases      ] GC(147)   Evacuate Collection Set: 84.63ms
[2026-04-03T06:53:17.986+0600][44.378s][info][gc,phases      ] GC(147)   Post Evacuate Collection Set: 1.36ms
[2026-04-03T06:53:17.986+0600][44.378s][info][gc,phases      ] GC(147)   Other: 0.19ms
[2026-04-03T06:53:17.986+0600][44.378s][info][gc,heap        ] GC(147) Eden regions: 235->0(228)
[2026-04-03T06:53:17.986+0600][44.378s][info][gc,heap        ] GC(147) Survivor regions: 25->20(33)
[2026-04-03T06:53:17.986+0600][44.378s][info][gc,heap        ] GC(147) Old regions: 166->192
[2026-04-03T06:53:17.986+0600][44.378s][info][gc,heap        ] GC(147) Humongous regions: 45->45
[2026-04-03T06:53:17.986+0600][44.378s][info][gc,metaspace   ] GC(147) Metaspace: 72904K(73856K)->72904K(73856K) NonClass: 63574K(64128K)->63574K(64128K) Class: 9330K(9728K)->9330K(9728K)
[2026-04-03T06:53:17.986+0600][44.378s][info][gc             ] GC(147) Pause Young (Prepare Mixed) (G1 Evacuation Pause) 936M->508M(1208M) 88.709ms
[2026-04-03T06:53:17.987+0600][44.378s][info][gc,cpu         ] GC(147) User=0.86s Sys=0.01s Real=0.09s
[2026-04-03T06:53:18.488+0600][44.879s][info][gc,start       ] GC(148) Pause Young (Mixed) (G1 Evacuation Pause)
[2026-04-03T06:53:18.488+0600][44.880s][info][gc,task        ] GC(148) Using 10 workers of 10 for evacuation
[2026-04-03T06:53:18.567+0600][44.959s][info][gc,phases      ] GC(148)   Pre Evacuate Collection Set: 0.58ms
[2026-04-03T06:53:18.567+0600][44.959s][info][gc,phases      ] GC(148)   Merge Heap Roots: 1.18ms
[2026-04-03T06:53:18.567+0600][44.959s][info][gc,phases      ] GC(148)   Evacuate Collection Set: 75.08ms
[2026-04-03T06:53:18.567+0600][44.959s][info][gc,phases      ] GC(148)   Post Evacuate Collection Set: 2.26ms
[2026-04-03T06:53:18.567+0600][44.959s][info][gc,phases      ] GC(148)   Other: 0.14ms
[2026-04-03T06:53:18.567+0600][44.959s][info][gc,heap        ] GC(148) Eden regions: 230->0(327)
[2026-04-03T06:53:18.567+0600][44.959s][info][gc,heap        ] GC(148) Survivor regions: 20->16(32)
[2026-04-03T06:53:18.567+0600][44.959s][info][gc,heap        ] GC(148) Old regions: 192->209
[2026-04-03T06:53:18.567+0600][44.959s][info][gc,heap        ] GC(148) Humongous regions: 60->60
[2026-04-03T06:53:18.567+0600][44.959s][info][gc,metaspace   ] GC(148) Metaspace: 72904K(73856K)->72904K(73856K) NonClass: 63574K(64128K)->63574K(64128K) Class: 9330K(9728K)->9330K(9728K)
[2026-04-03T06:53:18.567+0600][44.959s][info][gc             ] GC(148) Pause Young (Mixed) (G1 Evacuation Pause) 998M->564M(1674M) 79.608ms
[2026-04-03T06:53:18.567+0600][44.959s][info][gc,cpu         ] GC(148) User=0.77s Sys=0.00s Real=0.08s
[2026-04-03T06:53:20.342+0600][46.734s][info][gc,start       ] GC(149) Pause Young (Mixed) (G1 Evacuation Pause)
[2026-04-03T06:53:20.342+0600][46.734s][info][gc,task        ] GC(149) Using 10 workers of 10 for evacuation
[2026-04-03T06:53:20.502+0600][46.894s][info][gc,phases      ] GC(149)   Pre Evacuate Collection Set: 0.49ms
[2026-04-03T06:53:20.502+0600][46.894s][info][gc,phases      ] GC(149)   Merge Heap Roots: 2.91ms
[2026-04-03T06:53:20.502+0600][46.894s][info][gc,phases      ] GC(149)   Evacuate Collection Set: 154.71ms
[2026-04-03T06:53:20.502+0600][46.894s][info][gc,phases      ] GC(149)   Post Evacuate Collection Set: 1.31ms
[2026-04-03T06:53:20.502+0600][46.894s][info][gc,phases      ] GC(149)   Other: 0.18ms
[2026-04-03T06:53:20.502+0600][46.894s][info][gc,heap        ] GC(149) Eden regions: 271->0(315)
[2026-04-03T06:53:20.502+0600][46.894s][info][gc,heap        ] GC(149) Survivor regions: 16->36(36)
[2026-04-03T06:53:20.502+0600][46.894s][info][gc,heap        ] GC(149) Old regions: 209->219
[2026-04-03T06:53:20.502+0600][46.894s][info][gc,heap        ] GC(149) Humongous regions: 117->102
[2026-04-03T06:53:20.502+0600][46.894s][info][gc,metaspace   ] GC(149) Metaspace: 72985K(73920K)->72985K(73920K) NonClass: 63654K(64192K)->63654K(64192K) Class: 9331K(9728K)->9331K(9728K)
[2026-04-03T06:53:20.502+0600][46.894s][info][gc             ] GC(149) Pause Young (Mixed) (G1 Evacuation Pause) 1220M->708M(1674M) 160.037ms
[2026-04-03T06:53:20.502+0600][46.894s][info][gc,cpu         ] GC(149) User=1.72s Sys=0.00s Real=0.16s
[2026-04-03T06:53:20.517+0600][46.909s][info][gc,start       ] GC(150) Pause Young (Concurrent Start) (G1 Humongous Allocation)
[2026-04-03T06:53:20.518+0600][46.909s][info][gc,task        ] GC(150) Using 10 workers of 10 for evacuation
[2026-04-03T06:53:20.613+0600][47.005s][info][gc,phases      ] GC(150)   Pre Evacuate Collection Set: 0.59ms
[2026-04-03T06:53:20.613+0600][47.005s][info][gc,phases      ] GC(150)   Merge Heap Roots: 0.79ms
[2026-04-03T06:53:20.613+0600][47.005s][info][gc,phases      ] GC(150)   Evacuate Collection Set: 92.61ms
[2026-04-03T06:53:20.613+0600][47.005s][info][gc,phases      ] GC(150)   Post Evacuate Collection Set: 1.01ms
[2026-04-03T06:53:20.613+0600][47.005s][info][gc,phases      ] GC(150)   Other: 0.43ms
[2026-04-03T06:53:20.613+0600][47.005s][info][gc,heap        ] GC(150) Eden regions: 5->0(350)
[2026-04-03T06:53:20.613+0600][47.005s][info][gc,heap        ] GC(150) Survivor regions: 36->26(46)
[2026-04-03T06:53:20.613+0600][47.005s][info][gc,heap        ] GC(150) Old regions: 219->235
[2026-04-03T06:53:20.613+0600][47.005s][info][gc,heap        ] GC(150) Humongous regions: 102->102
[2026-04-03T06:53:20.613+0600][47.005s][info][gc,metaspace   ] GC(150) Metaspace: 72990K(73920K)->72990K(73920K) NonClass: 63658K(64192K)->63658K(64192K) Class: 9331K(9728K)->9331K(9728K)
[2026-04-03T06:53:20.613+0600][47.005s][info][gc             ] GC(150) Pause Young (Concurrent Start) (G1 Humongous Allocation) 718M->718M(1674M) 95.848ms
[2026-04-03T06:53:20.613+0600][47.005s][info][gc             ] GC(151) Concurrent Mark Cycle
[2026-04-03T06:53:20.613+0600][47.005s][info][gc,cpu         ] GC(150) User=1.01s Sys=0.00s Real=0.10s
[2026-04-03T06:53:20.613+0600][47.005s][info][gc,marking     ] GC(151) Concurrent Scan Root Regions
[2026-04-03T06:53:20.640+0600][47.031s][info][gc,marking     ] GC(151) Concurrent Scan Root Regions 26.241ms
[2026-04-03T06:53:20.640+0600][47.031s][info][gc,marking     ] GC(151) Concurrent Mark
[2026-04-03T06:53:20.640+0600][47.032s][info][gc,marking     ] GC(151) Concurrent Mark From Roots
[2026-04-03T06:53:20.640+0600][47.032s][info][gc,task        ] GC(151) Using 3 workers of 3 for marking
[2026-04-03T06:53:20.877+0600][47.269s][info][gc,marking     ] GC(151) Concurrent Mark From Roots 237.565ms
[2026-04-03T06:53:20.877+0600][47.269s][info][gc,marking     ] GC(151) Concurrent Preclean
[2026-04-03T06:53:20.878+0600][47.270s][info][gc,marking     ] GC(151) Concurrent Preclean 0.310ms
[2026-04-03T06:53:20.878+0600][47.270s][info][gc,start       ] GC(151) Pause Remark
[2026-04-03T06:53:20.883+0600][47.275s][info][gc             ] GC(151) Pause Remark 830M->430M(1168M) 5.176ms
[2026-04-03T06:53:20.883+0600][47.275s][info][gc,cpu         ] GC(151) User=0.03s Sys=0.00s Real=0.01s
[2026-04-03T06:53:20.883+0600][47.275s][info][gc,marking     ] GC(151) Concurrent Mark 243.781ms
[2026-04-03T06:53:20.884+0600][47.275s][info][gc,marking     ] GC(151) Concurrent Rebuild Remembered Sets and Scrub Regions
[2026-04-03T06:53:21.047+0600][47.438s][info][gc,marking     ] GC(151) Concurrent Rebuild Remembered Sets and Scrub Regions 163.161ms
[2026-04-03T06:53:21.049+0600][47.441s][info][gc,start       ] GC(151) Pause Cleanup
[2026-04-03T06:53:21.050+0600][47.441s][info][gc             ] GC(151) Pause Cleanup 502M->502M(1168M) 0.537ms
[2026-04-03T06:53:21.050+0600][47.441s][info][gc,cpu         ] GC(151) User=0.00s Sys=0.00s Real=0.00s
[2026-04-03T06:53:21.050+0600][47.442s][info][gc,marking     ] GC(151) Concurrent Clear Claimed Marks
[2026-04-03T06:53:21.050+0600][47.442s][info][gc,marking     ] GC(151) Concurrent Clear Claimed Marks 0.295ms
[2026-04-03T06:53:21.050+0600][47.442s][info][gc,marking     ] GC(151) Concurrent Cleanup for Next Mark
[2026-04-03T06:53:21.052+0600][47.444s][info][gc,marking     ] GC(151) Concurrent Cleanup for Next Mark 2.073ms
[2026-04-03T06:53:21.052+0600][47.444s][info][gc             ] GC(151) Concurrent Mark Cycle 439.085ms
[2026-04-03T06:53:21.653+0600][48.044s][info][gc,start       ] GC(152) Pause Young (Prepare Mixed) (G1 Evacuation Pause)
[2026-04-03T06:53:21.653+0600][48.044s][info][gc,task        ] GC(152) Using 10 workers of 10 for evacuation
[2026-04-03T06:53:21.741+0600][48.133s][info][gc,phases      ] GC(152)   Pre Evacuate Collection Set: 0.36ms
[2026-04-03T06:53:21.741+0600][48.133s][info][gc,phases      ] GC(152)   Merge Heap Roots: 1.00ms
[2026-04-03T06:53:21.741+0600][48.133s][info][gc,phases      ] GC(152)   Evacuate Collection Set: 85.77ms
[2026-04-03T06:53:21.741+0600][48.133s][info][gc,phases      ] GC(152)   Post Evacuate Collection Set: 1.43ms
[2026-04-03T06:53:21.741+0600][48.133s][info][gc,phases      ] GC(152)   Other: 0.11ms
[2026-04-03T06:53:21.741+0600][48.133s][info][gc,heap        ] GC(152) Eden regions: 324->0(220)
[2026-04-03T06:53:21.742+0600][48.133s][info][gc,heap        ] GC(152) Survivor regions: 26->42(44)
[2026-04-03T06:53:21.742+0600][48.133s][info][gc,heap        ] GC(152) Old regions: 134->136
[2026-04-03T06:53:21.742+0600][48.133s][info][gc,heap        ] GC(152) Humongous regions: 39->30
[2026-04-03T06:53:21.742+0600][48.133s][info][gc,metaspace   ] GC(152) Metaspace: 73035K(73920K)->73035K(73920K) NonClass: 63703K(64192K)->63703K(64192K) Class: 9331K(9728K)->9331K(9728K)
[2026-04-03T06:53:21.742+0600][48.133s][info][gc             ] GC(152) Pause Young (Prepare Mixed) (G1 Evacuation Pause) 1038M->409M(1168M) 89.036ms
[2026-04-03T06:53:21.742+0600][48.133s][info][gc,cpu         ] GC(152) User=0.87s Sys=0.00s Real=0.09s
[2026-04-03T06:53:22.729+0600][49.120s][info][gc,start       ] GC(153) Pause Young (Mixed) (G1 Evacuation Pause)
[2026-04-03T06:53:22.729+0600][49.120s][info][gc,task        ] GC(153) Using 10 workers of 10 for evacuation
[2026-04-03T06:53:22.908+0600][49.299s][info][gc,phases      ] GC(153)   Pre Evacuate Collection Set: 0.21ms
[2026-04-03T06:53:22.908+0600][49.300s][info][gc,phases      ] GC(153)   Merge Heap Roots: 0.92ms
[2026-04-03T06:53:22.908+0600][49.300s][info][gc,phases      ] GC(153)   Evacuate Collection Set: 176.62ms
[2026-04-03T06:53:22.908+0600][49.300s][info][gc,phases      ] GC(153)   Post Evacuate Collection Set: 1.06ms
[2026-04-03T06:53:22.908+0600][49.300s][info][gc,phases      ] GC(153)   Other: 0.12ms
[2026-04-03T06:53:22.908+0600][49.300s][info][gc,heap        ] GC(153) Eden regions: 254->0(190)
[2026-04-03T06:53:22.908+0600][49.300s][info][gc,heap        ] GC(153) Survivor regions: 42->41(41)
[2026-04-03T06:53:22.908+0600][49.300s][info][gc,heap        ] GC(153) Old regions: 136->174
[2026-04-03T06:53:22.908+0600][49.300s][info][gc,heap        ] GC(153) Humongous regions: 152->66
[2026-04-03T06:53:22.908+0600][49.300s][info][gc,metaspace   ] GC(153) Metaspace: 73167K(74112K)->73167K(74112K) NonClass: 63834K(64384K)->63834K(64384K) Class: 9333K(9728K)->9333K(9728K)
[2026-04-03T06:53:22.908+0600][49.300s][info][gc             ] GC(153) Pause Young (Mixed) (G1 Evacuation Pause) 1161M->554M(1332M) 179.367ms
[2026-04-03T06:53:22.908+0600][49.300s][info][gc,cpu         ] GC(153) User=1.57s Sys=0.20s Real=0.18s
[2026-04-03T06:53:23.200+0600][49.592s][info][gc,start       ] GC(154) Pause Full (System.gc())
[2026-04-03T06:53:23.200+0600][49.592s][info][gc,task        ] GC(154) Using 10 workers of 10 for full compaction
[2026-04-03T06:53:23.200+0600][49.592s][info][gc,phases,start] GC(154) Phase 1: Mark live objects
[2026-04-03T06:53:23.245+0600][49.636s][info][gc,phases      ] GC(154) Phase 1: Mark live objects 44.127ms
[2026-04-03T06:53:23.245+0600][49.636s][info][gc,phases,start] GC(154) Phase 2: Prepare compaction
[2026-04-03T06:53:23.248+0600][49.640s][info][gc,phases      ] GC(154) Phase 2: Prepare compaction 3.258ms
[2026-04-03T06:53:23.248+0600][49.640s][info][gc,phases,start] GC(154) Phase 3: Adjust pointers
[2026-04-03T06:53:23.265+0600][49.657s][info][gc,phases      ] GC(154) Phase 3: Adjust pointers 17.145ms
[2026-04-03T06:53:23.265+0600][49.657s][info][gc,phases,start] GC(154) Phase 4: Compact heap
[2026-04-03T06:53:23.269+0600][49.660s][info][gc,phases      ] GC(154) Phase 4: Compact heap 3.224ms
[2026-04-03T06:53:23.269+0600][49.660s][info][gc,phases,start] GC(154) Phase 5: Reset Metadata
[2026-04-03T06:53:23.277+0600][49.669s][info][gc,phases      ] GC(154) Phase 5: Reset Metadata 8.389ms
[2026-04-03T06:53:23.288+0600][49.680s][info][gc,heap        ] GC(154) Eden regions: 264->0(130)
[2026-04-03T06:53:23.288+0600][49.680s][info][gc,heap        ] GC(154) Survivor regions: 41->0(41)
[2026-04-03T06:53:23.288+0600][49.680s][info][gc,heap        ] GC(154) Old regions: 174->76
[2026-04-03T06:53:23.288+0600][49.680s][info][gc,heap        ] GC(154) Humongous regions: 68->3
[2026-04-03T06:53:23.288+0600][49.680s][info][gc,metaspace   ] GC(154) Metaspace: 73171K(74112K)->73171K(74112K) NonClass: 63838K(64384K)->63838K(64384K) Class: 9333K(9728K)->9333K(9728K)
[2026-04-03T06:53:23.288+0600][49.680s][info][gc             ] GC(154) Pause Full (System.gc()) 1085M->149M(528M) 88.066ms
[2026-04-03T06:53:23.288+0600][49.680s][info][gc,cpu         ] GC(154) User=0.68s Sys=0.04s Real=0.09s
[2026-04-03T06:53:23.337+0600][49.729s][info][gc,start       ] GC(155) Pause Young (Concurrent Start) (G1 Humongous Allocation)
[2026-04-03T06:53:23.337+0600][49.729s][info][gc,task        ] GC(155) Using 10 workers of 10 for evacuation
[2026-04-03T06:53:23.340+0600][49.732s][info][gc,phases      ] GC(155)   Pre Evacuate Collection Set: 0.36ms
[2026-04-03T06:53:23.340+0600][49.732s][info][gc,phases      ] GC(155)   Merge Heap Roots: 0.07ms
[2026-04-03T06:53:23.340+0600][49.732s][info][gc,phases      ] GC(155)   Evacuate Collection Set: 0.97ms
[2026-04-03T06:53:23.340+0600][49.732s][info][gc,phases      ] GC(155)   Post Evacuate Collection Set: 1.72ms
[2026-04-03T06:53:23.340+0600][49.732s][info][gc,phases      ] GC(155)   Other: 0.11ms
[2026-04-03T06:53:23.340+0600][49.732s][info][gc,heap        ] GC(155) Eden regions: 9->0(320)
[2026-04-03T06:53:23.340+0600][49.732s][info][gc,heap        ] GC(155) Survivor regions: 0->5(17)
[2026-04-03T06:53:23.340+0600][49.732s][info][gc,heap        ] GC(155) Old regions: 76->76
[2026-04-03T06:53:23.340+0600][49.732s][info][gc,heap        ] GC(155) Humongous regions: 3->3
[2026-04-03T06:53:23.341+0600][49.732s][info][gc,metaspace   ] GC(155) Metaspace: 73207K(74112K)->73207K(74112K) NonClass: 63874K(64384K)->63874K(64384K) Class: 9333K(9728K)->9333K(9728K)
[2026-04-03T06:53:23.341+0600][49.732s][info][gc             ] GC(155) Pause Young (Concurrent Start) (G1 Humongous Allocation) 167M->159M(1086M) 3.497ms
[2026-04-03T06:53:23.341+0600][49.732s][info][gc,cpu         ] GC(155) User=0.01s Sys=0.00s Real=0.00s
[2026-04-03T06:53:23.341+0600][49.732s][info][gc             ] GC(156) Concurrent Mark Cycle
[2026-04-03T06:53:23.341+0600][49.732s][info][gc,marking     ] GC(156) Concurrent Scan Root Regions
[2026-04-03T06:53:23.341+0600][49.733s][info][gc,marking     ] GC(156) Concurrent Scan Root Regions 0.792ms
[2026-04-03T06:53:23.342+0600][49.733s][info][gc,marking     ] GC(156) Concurrent Mark
[2026-04-03T06:53:23.342+0600][49.733s][info][gc,marking     ] GC(156) Concurrent Mark From Roots
[2026-04-03T06:53:23.342+0600][49.733s][info][gc,task        ] GC(156) Using 3 workers of 3 for marking
[2026-04-03T06:53:23.561+0600][49.953s][info][gc,marking     ] GC(156) Concurrent Mark From Roots 219.483ms
[2026-04-03T06:53:23.561+0600][49.953s][info][gc,marking     ] GC(156) Concurrent Preclean
[2026-04-03T06:53:23.562+0600][49.953s][info][gc,marking     ] GC(156) Concurrent Preclean 0.476ms
[2026-04-03T06:53:23.562+0600][49.954s][info][gc,start       ] GC(156) Pause Remark
[2026-04-03T06:53:23.568+0600][49.960s][info][gc             ] GC(156) Pause Remark 338M->338M(680M) 6.209ms
[2026-04-03T06:53:23.568+0600][49.960s][info][gc,cpu         ] GC(156) User=0.03s Sys=0.01s Real=0.01s
[2026-04-03T06:53:23.568+0600][49.960s][info][gc,marking     ] GC(156) Concurrent Mark 226.933ms
[2026-04-03T06:53:23.569+0600][49.960s][info][gc,marking     ] GC(156) Concurrent Rebuild Remembered Sets and Scrub Regions
[2026-04-03T06:53:23.646+0600][50.038s][info][gc,marking     ] GC(156) Concurrent Rebuild Remembered Sets and Scrub Regions 77.829ms
[2026-04-03T06:53:23.647+0600][50.039s][info][gc,start       ] GC(156) Pause Cleanup
[2026-04-03T06:53:23.647+0600][50.039s][info][gc             ] GC(156) Pause Cleanup 399M->399M(680M) 0.384ms
[2026-04-03T06:53:23.647+0600][50.039s][info][gc,cpu         ] GC(156) User=0.00s Sys=0.00s Real=0.00s
[2026-04-03T06:53:23.648+0600][50.039s][info][gc,marking     ] GC(156) Concurrent Clear Claimed Marks
[2026-04-03T06:53:23.648+0600][50.040s][info][gc,marking     ] GC(156) Concurrent Clear Claimed Marks 0.297ms
[2026-04-03T06:53:23.648+0600][50.040s][info][gc,marking     ] GC(156) Concurrent Cleanup for Next Mark
[2026-04-03T06:53:23.649+0600][50.041s][info][gc,marking     ] GC(156) Concurrent Cleanup for Next Mark 1.369ms
[2026-04-03T06:53:23.649+0600][50.041s][info][gc             ] GC(156) Concurrent Mark Cycle 308.856ms
[2026-04-03T06:53:23.802+0600][50.194s][info][gc,start       ] GC(157) Pause Young (Prepare Mixed) (G1 Evacuation Pause)
[2026-04-03T06:53:23.802+0600][50.194s][info][gc,task        ] GC(157) Using 10 workers of 10 for evacuation
[2026-04-03T06:53:23.867+0600][50.259s][info][gc,phases      ] GC(157)   Pre Evacuate Collection Set: 0.47ms
[2026-04-03T06:53:23.867+0600][50.259s][info][gc,phases      ] GC(157)   Merge Heap Roots: 0.88ms
[2026-04-03T06:53:23.867+0600][50.259s][info][gc,phases      ] GC(157)   Evacuate Collection Set: 62.38ms
[2026-04-03T06:53:23.867+0600][50.259s][info][gc,phases      ] GC(157)   Post Evacuate Collection Set: 0.92ms
[2026-04-03T06:53:23.867+0600][50.259s][info][gc,phases      ] GC(157)   Other: 0.15ms
[2026-04-03T06:53:23.867+0600][50.259s][info][gc,heap        ] GC(157) Eden regions: 199->0(145)
[2026-04-03T06:53:23.867+0600][50.259s][info][gc,heap        ] GC(157) Survivor regions: 5->26(26)
[2026-04-03T06:53:23.867+0600][50.259s][info][gc,heap        ] GC(157) Old regions: 76->96
[2026-04-03T06:53:23.867+0600][50.259s][info][gc,heap        ] GC(157) Humongous regions: 29->26
[2026-04-03T06:53:23.867+0600][50.259s][info][gc,metaspace   ] GC(157) Metaspace: 73219K(74176K)->73219K(74176K) NonClass: 63885K(64448K)->63885K(64448K) Class: 9333K(9728K)->9333K(9728K)
[2026-04-03T06:53:23.867+0600][50.259s][info][gc             ] GC(157) Pause Young (Prepare Mixed) (G1 Evacuation Pause) 609M->287M(710M) 65.302ms
[2026-04-03T06:53:23.867+0600][50.259s][info][gc,cpu         ] GC(157) User=0.58s Sys=0.04s Real=0.07s
[2026-04-03T06:53:24.147+0600][50.539s][info][gc,start       ] GC(158) Pause Young (Mixed) (G1 Evacuation Pause)
[2026-04-03T06:53:24.147+0600][50.539s][info][gc,task        ] GC(158) Using 10 workers of 10 for evacuation
[2026-04-03T06:53:24.216+0600][50.608s][info][gc,phases      ] GC(158)   Pre Evacuate Collection Set: 0.47ms
[2026-04-03T06:53:24.216+0600][50.608s][info][gc,phases      ] GC(158)   Merge Heap Roots: 1.14ms
[2026-04-03T06:53:24.216+0600][50.608s][info][gc,phases      ] GC(158)   Evacuate Collection Set: 65.87ms
[2026-04-03T06:53:24.216+0600][50.608s][info][gc,phases      ] GC(158)   Post Evacuate Collection Set: 0.85ms
[2026-04-03T06:53:24.216+0600][50.608s][info][gc,phases      ] GC(158)   Other: 0.13ms
[2026-04-03T06:53:24.216+0600][50.608s][info][gc,heap        ] GC(158) Eden regions: 145->0(131)
[2026-04-03T06:53:24.216+0600][50.608s][info][gc,heap        ] GC(158) Survivor regions: 26->15(22)
[2026-04-03T06:53:24.216+0600][50.608s][info][gc,heap        ] GC(158) Old regions: 96->122
[2026-04-03T06:53:24.216+0600][50.608s][info][gc,heap        ] GC(158) Humongous regions: 39->39
[2026-04-03T06:53:24.216+0600][50.608s][info][gc,metaspace   ] GC(158) Metaspace: 73220K(74176K)->73220K(74176K) NonClass: 63886K(64448K)->63886K(64448K) Class: 9333K(9728K)->9333K(9728K)
[2026-04-03T06:53:24.216+0600][50.608s][info][gc             ] GC(158) Pause Young (Mixed) (G1 Evacuation Pause) 603M->346M(710M) 68.885ms
[2026-04-03T06:53:24.216+0600][50.608s][info][gc,cpu         ] GC(158) User=0.68s Sys=0.01s Real=0.07s
[2026-04-03T06:53:24.473+0600][50.864s][info][gc,start       ] GC(159) Pause Young (Concurrent Start) (G1 Evacuation Pause)
[2026-04-03T06:53:24.473+0600][50.864s][info][gc,task        ] GC(159) Using 10 workers of 10 for evacuation
[2026-04-03T06:53:24.521+0600][50.913s][info][gc,phases      ] GC(159)   Pre Evacuate Collection Set: 0.53ms
[2026-04-03T06:53:24.521+0600][50.913s][info][gc,phases      ] GC(159)   Merge Heap Roots: 0.32ms
[2026-04-03T06:53:24.521+0600][50.913s][info][gc,phases      ] GC(159)   Evacuate Collection Set: 45.87ms
[2026-04-03T06:53:24.521+0600][50.913s][info][gc,phases      ] GC(159)   Post Evacuate Collection Set: 1.06ms
[2026-04-03T06:53:24.521+0600][50.913s][info][gc,phases      ] GC(159)   Other: 0.52ms
[2026-04-03T06:53:24.521+0600][50.913s][info][gc,heap        ] GC(159) Eden regions: 131->0(128)
[2026-04-03T06:53:24.521+0600][50.913s][info][gc,heap        ] GC(159) Survivor regions: 15->11(19)
[2026-04-03T06:53:24.521+0600][50.913s][info][gc,heap        ] GC(159) Old regions: 122->136
[2026-04-03T06:53:24.521+0600][50.913s][info][gc,heap        ] GC(159) Humongous regions: 39->39
[2026-04-03T06:53:24.521+0600][50.913s][info][gc,metaspace   ] GC(159) Metaspace: 73220K(74176K)->73220K(74176K) NonClass: 63886K(64448K)->63886K(64448K) Class: 9333K(9728K)->9333K(9728K)
[2026-04-03T06:53:24.521+0600][50.913s][info][gc             ] GC(159) Pause Young (Concurrent Start) (G1 Evacuation Pause) 608M->367M(710M) 48.773ms
[2026-04-03T06:53:24.521+0600][50.913s][info][gc,cpu         ] GC(159) User=0.46s Sys=0.00s Real=0.05s
[2026-04-03T06:53:24.521+0600][50.913s][info][gc             ] GC(160) Concurrent Mark Cycle
[2026-04-03T06:53:24.522+0600][50.913s][info][gc,marking     ] GC(160) Concurrent Scan Root Regions
[2026-04-03T06:53:24.541+0600][50.932s][info][gc,marking     ] GC(160) Concurrent Scan Root Regions 19.022ms
[2026-04-03T06:53:24.541+0600][50.933s][info][gc,marking     ] GC(160) Concurrent Mark
[2026-04-03T06:53:24.541+0600][50.933s][info][gc,marking     ] GC(160) Concurrent Mark From Roots
[2026-04-03T06:53:24.541+0600][50.933s][info][gc,task        ] GC(160) Using 3 workers of 3 for marking
[2026-04-03T06:53:24.832+0600][51.224s][info][gc,marking     ] GC(160) Concurrent Mark From Roots 291.070ms
[2026-04-03T06:53:24.832+0600][51.224s][info][gc,marking     ] GC(160) Concurrent Preclean
[2026-04-03T06:53:24.832+0600][51.224s][info][gc,marking     ] GC(160) Concurrent Preclean 0.425ms
[2026-04-03T06:53:24.833+0600][51.225s][info][gc,start       ] GC(160) Pause Remark
[2026-04-03T06:53:24.839+0600][51.231s][info][gc             ] GC(160) Pause Remark 582M->546M(710M) 6.453ms
[2026-04-03T06:53:24.839+0600][51.231s][info][gc,cpu         ] GC(160) User=0.02s Sys=0.01s Real=0.01s
[2026-04-03T06:53:24.840+0600][51.232s][info][gc,marking     ] GC(160) Concurrent Mark 298.975ms
[2026-04-03T06:53:24.840+0600][51.232s][info][gc,marking     ] GC(160) Concurrent Rebuild Remembered Sets and Scrub Regions
[2026-04-03T06:53:24.895+0600][51.287s][info][gc,start       ] GC(161) Pause Young (Normal) (G1 Evacuation Pause)
[2026-04-03T06:53:24.895+0600][51.287s][info][gc,task        ] GC(161) Using 10 workers of 10 for evacuation
[2026-04-03T06:53:24.929+0600][51.320s][info][gc,phases      ] GC(161)   Pre Evacuate Collection Set: 0.64ms
[2026-04-03T06:53:24.929+0600][51.321s][info][gc,phases      ] GC(161)   Merge Heap Roots: 0.38ms
[2026-04-03T06:53:24.929+0600][51.321s][info][gc,phases      ] GC(161)   Evacuate Collection Set: 31.33ms
[2026-04-03T06:53:24.929+0600][51.321s][info][gc,phases      ] GC(161)   Post Evacuate Collection Set: 1.02ms
[2026-04-03T06:53:24.929+0600][51.321s][info][gc,phases      ] GC(161)   Other: 0.20ms
[2026-04-03T06:53:24.929+0600][51.321s][info][gc,heap        ] GC(161) Eden regions: 128->0(138)
[2026-04-03T06:53:24.929+0600][51.321s][info][gc,heap        ] GC(161) Survivor regions: 11->10(18)
[2026-04-03T06:53:24.929+0600][51.321s][info][gc,heap        ] GC(161) Old regions: 136->145
[2026-04-03T06:53:24.929+0600][51.321s][info][gc,heap        ] GC(161) Humongous regions: 21->21
[2026-04-03T06:53:24.929+0600][51.321s][info][gc,metaspace   ] GC(161) Metaspace: 73222K(74176K)->73222K(74176K) NonClass: 63888K(64448K)->63888K(64448K) Class: 9333K(9728K)->9333K(9728K)
[2026-04-03T06:53:24.929+0600][51.321s][info][gc             ] GC(161) Pause Young (Normal) (G1 Evacuation Pause) 587M->345M(710M) 34.046ms
[2026-04-03T06:53:24.929+0600][51.321s][info][gc,cpu         ] GC(161) User=0.32s Sys=0.00s Real=0.03s
[2026-04-03T06:53:25.039+0600][51.431s][info][gc,marking     ] GC(160) Concurrent Rebuild Remembered Sets and Scrub Regions 198.907ms
[2026-04-03T06:53:25.039+0600][51.431s][info][gc,start       ] GC(160) Pause Cleanup
[2026-04-03T06:53:25.040+0600][51.432s][info][gc             ] GC(160) Pause Cleanup 435M->435M(710M) 0.581ms
[2026-04-03T06:53:25.040+0600][51.432s][info][gc,cpu         ] GC(160) User=0.00s Sys=0.00s Real=0.00s
[2026-04-03T06:53:25.040+0600][51.432s][info][gc,marking     ] GC(160) Concurrent Clear Claimed Marks
[2026-04-03T06:53:25.040+0600][51.432s][info][gc,marking     ] GC(160) Concurrent Clear Claimed Marks 0.291ms
[2026-04-03T06:53:25.040+0600][51.432s][info][gc,marking     ] GC(160) Concurrent Cleanup for Next Mark
[2026-04-03T06:53:25.042+0600][51.433s][info][gc,marking     ] GC(160) Concurrent Cleanup for Next Mark 1.319ms
[2026-04-03T06:53:25.042+0600][51.433s][info][gc             ] GC(160) Concurrent Mark Cycle 520.200ms
[2026-04-03T06:53:25.293+0600][51.684s][info][gc,start       ] GC(162) Pause Young (Prepare Mixed) (G1 Evacuation Pause)
[2026-04-03T06:53:25.293+0600][51.685s][info][gc,task        ] GC(162) Using 10 workers of 10 for evacuation
[2026-04-03T06:53:25.343+0600][51.734s][info][gc,phases      ] GC(162)   Pre Evacuate Collection Set: 0.47ms
[2026-04-03T06:53:25.343+0600][51.734s][info][gc,phases      ] GC(162)   Merge Heap Roots: 2.54ms
[2026-04-03T06:53:25.343+0600][51.734s][info][gc,phases      ] GC(162)   Evacuate Collection Set: 45.50ms
[2026-04-03T06:53:25.343+0600][51.734s][info][gc,phases      ] GC(162)   Post Evacuate Collection Set: 1.15ms
[2026-04-03T06:53:25.343+0600][51.734s][info][gc,phases      ] GC(162)   Other: 0.15ms
[2026-04-03T06:53:25.343+0600][51.735s][info][gc,heap        ] GC(162) Eden regions: 138->0(124)
[2026-04-03T06:53:25.343+0600][51.735s][info][gc,heap        ] GC(162) Survivor regions: 10->18(19)
[2026-04-03T06:53:25.343+0600][51.735s][info][gc,heap        ] GC(162) Old regions: 145->145
[2026-04-03T06:53:25.343+0600][51.735s][info][gc,heap        ] GC(162) Humongous regions: 36->36
[2026-04-03T06:53:25.343+0600][51.735s][info][gc,metaspace   ] GC(162) Metaspace: 73222K(74176K)->73222K(74176K) NonClass: 63888K(64448K)->63888K(64448K) Class: 9333K(9728K)->9333K(9728K)
[2026-04-03T06:53:25.343+0600][51.735s][info][gc             ] GC(162) Pause Young (Prepare Mixed) (G1 Evacuation Pause) 651M->392M(710M) 50.258ms
[2026-04-03T06:53:25.343+0600][51.735s][info][gc,cpu         ] GC(162) User=0.48s Sys=0.01s Real=0.05s
[2026-04-03T06:53:26.442+0600][52.834s][info][gc,start       ] GC(163) Pause Young (Mixed) (G1 Evacuation Pause)
[2026-04-03T06:53:26.442+0600][52.834s][info][gc,task        ] GC(163) Using 10 workers of 10 for evacuation
[2026-04-03T06:53:26.514+0600][52.906s][info][gc,phases      ] GC(163)   Pre Evacuate Collection Set: 0.30ms
[2026-04-03T06:53:26.514+0600][52.906s][info][gc,phases      ] GC(163)   Merge Heap Roots: 1.42ms
[2026-04-03T06:53:26.514+0600][52.906s][info][gc,phases      ] GC(163)   Evacuate Collection Set: 68.99ms
[2026-04-03T06:53:26.514+0600][52.906s][info][gc,phases      ] GC(163)   Post Evacuate Collection Set: 1.02ms
[2026-04-03T06:53:26.514+0600][52.906s][info][gc,phases      ] GC(163)   Other: 0.15ms
[2026-04-03T06:53:26.514+0600][52.906s][info][gc,heap        ] GC(163) Eden regions: 124->0(121)
[2026-04-03T06:53:26.514+0600][52.906s][info][gc,heap        ] GC(163) Survivor regions: 18->10(18)
[2026-04-03T06:53:26.514+0600][52.906s][info][gc,heap        ] GC(163) Old regions: 145->160
[2026-04-03T06:53:26.514+0600][52.906s][info][gc,heap        ] GC(163) Humongous regions: 48->42
[2026-04-03T06:53:26.514+0600][52.906s][info][gc,metaspace   ] GC(163) Metaspace: 73270K(74176K)->73270K(74176K) NonClass: 63935K(64448K)->63935K(64448K) Class: 9335K(9728K)->9335K(9728K)
[2026-04-03T06:53:26.514+0600][52.906s][info][gc             ] GC(163) Pause Young (Mixed) (G1 Evacuation Pause) 664M->418M(724M) 72.287ms
[2026-04-03T06:53:26.514+0600][52.906s][info][gc,cpu         ] GC(163) User=0.70s Sys=0.00s Real=0.08s
[2026-04-03T06:53:26.528+0600][52.920s][info][gc,start       ] GC(164) Pause Young (Concurrent Start) (G1 Humongous Allocation)
[2026-04-03T06:53:26.528+0600][52.920s][info][gc,task        ] GC(164) Using 10 workers of 10 for evacuation
[2026-04-03T06:53:26.556+0600][52.948s][info][gc,phases      ] GC(164)   Pre Evacuate Collection Set: 0.36ms
[2026-04-03T06:53:26.556+0600][52.948s][info][gc,phases      ] GC(164)   Merge Heap Roots: 0.42ms
[2026-04-03T06:53:26.556+0600][52.948s][info][gc,phases      ] GC(164)   Evacuate Collection Set: 24.81ms
[2026-04-03T06:53:26.556+0600][52.948s][info][gc,phases      ] GC(164)   Post Evacuate Collection Set: 2.83ms
[2026-04-03T06:53:26.557+0600][52.948s][info][gc,phases      ] GC(164)   Other: 0.13ms
[2026-04-03T06:53:26.557+0600][52.948s][info][gc,heap        ] GC(164) Eden regions: 5->0(397)
[2026-04-03T06:53:26.557+0600][52.948s][info][gc,heap        ] GC(164) Survivor regions: 10->11(17)
[2026-04-03T06:53:26.557+0600][52.948s][info][gc,heap        ] GC(164) Old regions: 160->160
[2026-04-03T06:53:26.557+0600][52.948s][info][gc,heap        ] GC(164) Humongous regions: 42->42
[2026-04-03T06:53:26.557+0600][52.948s][info][gc,metaspace   ] GC(164) Metaspace: 73270K(74176K)->73270K(74176K) NonClass: 63935K(64448K)->63935K(64448K) Class: 9335K(9728K)->9335K(9728K)
[2026-04-03T06:53:26.557+0600][52.948s][info][gc             ] GC(164) Pause Young (Concurrent Start) (G1 Humongous Allocation) 427M->419M(1512M) 28.844ms
[2026-04-03T06:53:26.557+0600][52.948s][info][gc             ] GC(165) Concurrent Mark Cycle
[2026-04-03T06:53:26.557+0600][52.948s][info][gc,marking     ] GC(165) Concurrent Scan Root Regions
[2026-04-03T06:53:26.557+0600][52.948s][info][gc,cpu         ] GC(164) User=0.26s Sys=0.01s Real=0.03s
[2026-04-03T06:53:26.565+0600][52.957s][info][gc,marking     ] GC(165) Concurrent Scan Root Regions 8.189ms
[2026-04-03T06:53:26.565+0600][52.957s][info][gc,marking     ] GC(165) Concurrent Mark
[2026-04-03T06:53:26.565+0600][52.957s][info][gc,marking     ] GC(165) Concurrent Mark From Roots
[2026-04-03T06:53:26.565+0600][52.957s][info][gc,task        ] GC(165) Using 3 workers of 3 for marking
[2026-04-03T06:53:26.718+0600][53.109s][info][gc,marking     ] GC(165) Concurrent Mark From Roots 152.529ms
[2026-04-03T06:53:26.718+0600][53.109s][info][gc,marking     ] GC(165) Concurrent Preclean
[2026-04-03T06:53:26.718+0600][53.110s][info][gc,marking     ] GC(165) Concurrent Preclean 0.411ms
[2026-04-03T06:53:26.719+0600][53.110s][info][gc,start       ] GC(165) Pause Remark
[2026-04-03T06:53:26.724+0600][53.115s][info][gc             ] GC(165) Pause Remark 476M->263M(768M) 5.010ms
[2026-04-03T06:53:26.724+0600][53.115s][info][gc,cpu         ] GC(165) User=0.04s Sys=0.00s Real=0.01s
[2026-04-03T06:53:26.724+0600][53.116s][info][gc,marking     ] GC(165) Concurrent Mark 158.891ms
[2026-04-03T06:53:26.724+0600][53.116s][info][gc,marking     ] GC(165) Concurrent Rebuild Remembered Sets and Scrub Regions
[2026-04-03T06:53:26.876+0600][53.268s][info][gc,marking     ] GC(165) Concurrent Rebuild Remembered Sets and Scrub Regions 152.262ms
[2026-04-03T06:53:26.877+0600][53.268s][info][gc,start       ] GC(165) Pause Cleanup
[2026-04-03T06:53:26.877+0600][53.269s][info][gc             ] GC(165) Pause Cleanup 310M->310M(768M) 0.453ms
[2026-04-03T06:53:26.877+0600][53.269s][info][gc,cpu         ] GC(165) User=0.00s Sys=0.00s Real=0.00s
[2026-04-03T06:53:26.877+0600][53.269s][info][gc,marking     ] GC(165) Concurrent Clear Claimed Marks
[2026-04-03T06:53:26.878+0600][53.269s][info][gc,marking     ] GC(165) Concurrent Clear Claimed Marks 0.295ms
[2026-04-03T06:53:26.878+0600][53.270s][info][gc,marking     ] GC(165) Concurrent Cleanup for Next Mark
[2026-04-03T06:53:26.881+0600][53.272s][info][gc,marking     ] GC(165) Concurrent Cleanup for Next Mark 2.786ms
[2026-04-03T06:53:26.881+0600][53.272s][info][gc             ] GC(165) Concurrent Mark Cycle 324.015ms
[2026-04-03T06:53:27.309+0600][53.701s][info][gc,start       ] GC(166) Pause Young (Prepare Mixed) (G1 Evacuation Pause)
[2026-04-03T06:53:27.309+0600][53.701s][info][gc,task        ] GC(166) Using 10 workers of 10 for evacuation
[2026-04-03T06:53:27.415+0600][53.807s][info][gc,phases      ] GC(166)   Pre Evacuate Collection Set: 0.47ms
[2026-04-03T06:53:27.415+0600][53.807s][info][gc,phases      ] GC(166)   Merge Heap Roots: 1.67ms
[2026-04-03T06:53:27.415+0600][53.807s][info][gc,phases      ] GC(166)   Evacuate Collection Set: 102.75ms
[2026-04-03T06:53:27.415+0600][53.807s][info][gc,phases      ] GC(166)   Post Evacuate Collection Set: 0.92ms
[2026-04-03T06:53:27.415+0600][53.807s][info][gc,phases      ] GC(166)   Other: 0.13ms
[2026-04-03T06:53:27.415+0600][53.807s][info][gc,heap        ] GC(166) Eden regions: 219->0(154)
[2026-04-03T06:53:27.415+0600][53.807s][info][gc,heap        ] GC(166) Survivor regions: 11->29(29)
[2026-04-03T06:53:27.415+0600][53.807s][info][gc,heap        ] GC(166) Old regions: 92->123
[2026-04-03T06:53:27.415+0600][53.807s][info][gc,heap        ] GC(166) Humongous regions: 41->41
[2026-04-03T06:53:27.415+0600][53.807s][info][gc,metaspace   ] GC(166) Metaspace: 73270K(74176K)->73270K(74176K) NonClass: 63935K(64448K)->63935K(64448K) Class: 9335K(9728K)->9335K(9728K)
[2026-04-03T06:53:27.415+0600][53.807s][info][gc             ] GC(166) Pause Young (Prepare Mixed) (G1 Evacuation Pause) 720M->381M(846M) 106.343ms
[2026-04-03T06:53:27.415+0600][53.807s][info][gc,cpu         ] GC(166) User=0.95s Sys=0.09s Real=0.11s
[2026-04-03T06:53:27.708+0600][54.100s][info][gc,start       ] GC(167) Pause Young (Mixed) (G1 Evacuation Pause)
[2026-04-03T06:53:27.708+0600][54.100s][info][gc,task        ] GC(167) Using 10 workers of 10 for evacuation
[2026-04-03T06:53:27.795+0600][54.187s][info][gc,phases      ] GC(167)   Pre Evacuate Collection Set: 0.57ms
[2026-04-03T06:53:27.795+0600][54.187s][info][gc,phases      ] GC(167)   Merge Heap Roots: 0.76ms
[2026-04-03T06:53:27.795+0600][54.187s][info][gc,phases      ] GC(167)   Evacuate Collection Set: 83.92ms
[2026-04-03T06:53:27.795+0600][54.187s][info][gc,phases      ] GC(167)   Post Evacuate Collection Set: 1.08ms
[2026-04-03T06:53:27.795+0600][54.187s][info][gc,phases      ] GC(167)   Other: 0.11ms
[2026-04-03T06:53:27.795+0600][54.187s][info][gc,heap        ] GC(167) Eden regions: 154->0(139)
[2026-04-03T06:53:27.795+0600][54.187s][info][gc,heap        ] GC(167) Survivor regions: 29->17(23)
[2026-04-03T06:53:27.795+0600][54.187s][info][gc,heap        ] GC(167) Old regions: 123->150
[2026-04-03T06:53:27.795+0600][54.187s][info][gc,heap        ] GC(167) Humongous regions: 57->57
[2026-04-03T06:53:27.795+0600][54.187s][info][gc,metaspace   ] GC(167) Metaspace: 73270K(74176K)->73270K(74176K) NonClass: 63935K(64448K)->63935K(64448K) Class: 9335K(9728K)->9335K(9728K)
[2026-04-03T06:53:27.795+0600][54.187s][info][gc             ] GC(167) Pause Young (Mixed) (G1 Evacuation Pause) 721M->443M(846M) 86.864ms
[2026-04-03T06:53:27.795+0600][54.187s][info][gc,cpu         ] GC(167) User=0.85s Sys=0.00s Real=0.09s
[2026-04-03T06:53:28.057+0600][54.449s][info][gc,start       ] GC(168) Pause Young (Concurrent Start) (G1 Evacuation Pause)
[2026-04-03T06:53:28.057+0600][54.449s][info][gc,task        ] GC(168) Using 10 workers of 10 for evacuation
[2026-04-03T06:53:28.111+0600][54.503s][info][gc,phases      ] GC(168)   Pre Evacuate Collection Set: 0.46ms
[2026-04-03T06:53:28.111+0600][54.503s][info][gc,phases      ] GC(168)   Merge Heap Roots: 0.57ms
[2026-04-03T06:53:28.111+0600][54.503s][info][gc,phases      ] GC(168)   Evacuate Collection Set: 51.44ms
[2026-04-03T06:53:28.111+0600][54.503s][info][gc,phases      ] GC(168)   Post Evacuate Collection Set: 0.80ms
[2026-04-03T06:53:28.111+0600][54.503s][info][gc,phases      ] GC(168)   Other: 0.32ms
[2026-04-03T06:53:28.111+0600][54.503s][info][gc,heap        ] GC(168) Eden regions: 139->0(134)
[2026-04-03T06:53:28.111+0600][54.503s][info][gc,heap        ] GC(168) Survivor regions: 17->13(20)
[2026-04-03T06:53:28.111+0600][54.503s][info][gc,heap        ] GC(168) Old regions: 150->168
[2026-04-03T06:53:28.111+0600][54.503s][info][gc,heap        ] GC(168) Humongous regions: 57->57
[2026-04-03T06:53:28.111+0600][54.503s][info][gc,metaspace   ] GC(168) Metaspace: 73270K(74176K)->73270K(74176K) NonClass: 63935K(64448K)->63935K(64448K) Class: 9335K(9728K)->9335K(9728K)
[2026-04-03T06:53:28.111+0600][54.503s][info][gc             ] GC(168) Pause Young (Concurrent Start) (G1 Evacuation Pause) 721M->470M(846M) 53.911ms
[2026-04-03T06:53:28.111+0600][54.503s][info][gc,cpu         ] GC(168) User=0.52s Sys=0.01s Real=0.05s
[2026-04-03T06:53:28.111+0600][54.503s][info][gc             ] GC(169) Concurrent Mark Cycle
[2026-04-03T06:53:28.111+0600][54.503s][info][gc,marking     ] GC(169) Concurrent Scan Root Regions
[2026-04-03T06:53:28.134+0600][54.525s][info][gc,marking     ] GC(169) Concurrent Scan Root Regions 22.361ms
[2026-04-03T06:53:28.134+0600][54.525s][info][gc,marking     ] GC(169) Concurrent Mark
[2026-04-03T06:53:28.134+0600][54.525s][info][gc,marking     ] GC(169) Concurrent Mark From Roots
[2026-04-03T06:53:28.134+0600][54.525s][info][gc,task        ] GC(169) Using 3 workers of 3 for marking
[2026-04-03T06:53:28.428+0600][54.820s][info][gc,marking     ] GC(169) Concurrent Mark From Roots 294.803ms
[2026-04-03T06:53:28.429+0600][54.820s][info][gc,marking     ] GC(169) Concurrent Preclean
[2026-04-03T06:53:28.429+0600][54.821s][info][gc,marking     ] GC(169) Concurrent Preclean 0.517ms
[2026-04-03T06:53:28.430+0600][54.821s][info][gc,start       ] GC(169) Pause Remark
[2026-04-03T06:53:28.435+0600][54.827s][info][gc             ] GC(169) Pause Remark 707M->631M(846M) 5.541ms
[2026-04-03T06:53:28.435+0600][54.827s][info][gc,cpu         ] GC(169) User=0.03s Sys=0.00s Real=0.01s
[2026-04-03T06:53:28.435+0600][54.827s][info][gc,marking     ] GC(169) Concurrent Mark 301.770ms
[2026-04-03T06:53:28.435+0600][54.827s][info][gc,marking     ] GC(169) Concurrent Rebuild Remembered Sets and Scrub Regions
[2026-04-03T06:53:28.484+0600][54.876s][info][gc,start       ] GC(170) Pause Young (Normal) (G1 Evacuation Pause)
[2026-04-03T06:53:28.485+0600][54.876s][info][gc,task        ] GC(170) Using 10 workers of 10 for evacuation
[2026-04-03T06:53:28.525+0600][54.917s][info][gc,phases      ] GC(170)   Pre Evacuate Collection Set: 0.56ms
[2026-04-03T06:53:28.525+0600][54.917s][info][gc,phases      ] GC(170)   Merge Heap Roots: 0.39ms
[2026-04-03T06:53:28.525+0600][54.917s][info][gc,phases      ] GC(170)   Evacuate Collection Set: 38.12ms
[2026-04-03T06:53:28.525+0600][54.917s][info][gc,phases      ] GC(170)   Post Evacuate Collection Set: 1.07ms
[2026-04-03T06:53:28.525+0600][54.917s][info][gc,phases      ] GC(170)   Other: 0.18ms
[2026-04-03T06:53:28.525+0600][54.917s][info][gc,heap        ] GC(170) Eden regions: 134->0(161)
[2026-04-03T06:53:28.525+0600][54.917s][info][gc,heap        ] GC(170) Survivor regions: 13->11(19)
[2026-04-03T06:53:28.525+0600][54.917s][info][gc,heap        ] GC(170) Old regions: 166->176
[2026-04-03T06:53:28.525+0600][54.917s][info][gc,heap        ] GC(170) Humongous regions: 21->21
[2026-04-03T06:53:28.525+0600][54.917s][info][gc,metaspace   ] GC(170) Metaspace: 73270K(74176K)->73270K(74176K) NonClass: 63935K(64448K)->63935K(64448K) Class: 9335K(9728K)->9335K(9728K)
[2026-04-03T06:53:28.525+0600][54.917s][info][gc             ] GC(170) Pause Young (Normal) (G1 Evacuation Pause) 662M->411M(846M) 40.891ms
[2026-04-03T06:53:28.525+0600][54.917s][info][gc,cpu         ] GC(170) User=0.35s Sys=0.00s Real=0.04s
[2026-04-03T06:53:28.672+0600][55.063s][info][gc,marking     ] GC(169) Concurrent Rebuild Remembered Sets and Scrub Regions 236.223ms
[2026-04-03T06:53:28.672+0600][55.064s][info][gc,start       ] GC(169) Pause Cleanup
[2026-04-03T06:53:28.673+0600][55.065s][info][gc             ] GC(169) Pause Cleanup 527M->527M(846M) 0.644ms
[2026-04-03T06:53:28.673+0600][55.065s][info][gc,cpu         ] GC(169) User=0.00s Sys=0.00s Real=0.00s
[2026-04-03T06:53:28.673+0600][55.065s][info][gc,marking     ] GC(169) Concurrent Clear Claimed Marks
[2026-04-03T06:53:28.673+0600][55.065s][info][gc,marking     ] GC(169) Concurrent Clear Claimed Marks 0.335ms
[2026-04-03T06:53:28.673+0600][55.065s][info][gc,marking     ] GC(169) Concurrent Cleanup for Next Mark
[2026-04-03T06:53:28.675+0600][55.067s][info][gc,marking     ] GC(169) Concurrent Cleanup for Next Mark 1.553ms
[2026-04-03T06:53:28.675+0600][55.067s][info][gc             ] GC(169) Concurrent Mark Cycle 564.038ms
[2026-04-03T06:53:28.923+0600][55.315s][info][gc,start       ] GC(171) Pause Young (Prepare Mixed) (G1 Evacuation Pause)
[2026-04-03T06:53:28.923+0600][55.315s][info][gc,task        ] GC(171) Using 10 workers of 10 for evacuation
[2026-04-03T06:53:28.975+0600][55.367s][info][gc,phases      ] GC(171)   Pre Evacuate Collection Set: 0.46ms
[2026-04-03T06:53:28.975+0600][55.367s][info][gc,phases      ] GC(171)   Merge Heap Roots: 2.09ms
[2026-04-03T06:53:28.975+0600][55.367s][info][gc,phases      ] GC(171)   Evacuate Collection Set: 47.86ms
[2026-04-03T06:53:28.975+0600][55.367s][info][gc,phases      ] GC(171)   Post Evacuate Collection Set: 1.23ms
[2026-04-03T06:53:28.975+0600][55.367s][info][gc,phases      ] GC(171)   Other: 0.12ms
[2026-04-03T06:53:28.975+0600][55.367s][info][gc,heap        ] GC(171) Eden regions: 161->0(147)
[2026-04-03T06:53:28.975+0600][55.367s][info][gc,heap        ] GC(171) Survivor regions: 11->20(22)
[2026-04-03T06:53:28.975+0600][55.367s][info][gc,heap        ] GC(171) Old regions: 176->176
[2026-04-03T06:53:28.975+0600][55.367s][info][gc,heap        ] GC(171) Humongous regions: 36->36
[2026-04-03T06:53:28.975+0600][55.367s][info][gc,metaspace   ] GC(171) Metaspace: 73270K(74176K)->73270K(74176K) NonClass: 63935K(64448K)->63935K(64448K) Class: 9335K(9728K)->9335K(9728K)
[2026-04-03T06:53:28.975+0600][55.367s][info][gc             ] GC(171) Pause Young (Prepare Mixed) (G1 Evacuation Pause) 763M->459M(846M) 52.141ms
[2026-04-03T06:53:28.975+0600][55.367s][info][gc,cpu         ] GC(171) User=0.50s Sys=0.01s Real=0.06s
[2026-04-03T06:53:30.300+0600][56.692s][info][gc,start       ] GC(172) Pause Young (Mixed) (G1 Evacuation Pause)
[2026-04-03T06:53:30.300+0600][56.692s][info][gc,task        ] GC(172) Using 10 workers of 10 for evacuation
[2026-04-03T06:53:30.412+0600][56.804s][info][gc,phases      ] GC(172)   Pre Evacuate Collection Set: 0.40ms
[2026-04-03T06:53:30.412+0600][56.804s][info][gc,phases      ] GC(172)   Merge Heap Roots: 1.14ms
[2026-04-03T06:53:30.412+0600][56.804s][info][gc,phases      ] GC(172)   Evacuate Collection Set: 109.65ms
[2026-04-03T06:53:30.413+0600][56.804s][info][gc,phases      ] GC(172)   Post Evacuate Collection Set: 0.92ms
[2026-04-03T06:53:30.413+0600][56.804s][info][gc,phases      ] GC(172)   Other: 0.13ms
[2026-04-03T06:53:30.413+0600][56.804s][info][gc,heap        ] GC(172) Eden regions: 147->0(144)
[2026-04-03T06:53:30.413+0600][56.804s][info][gc,heap        ] GC(172) Survivor regions: 20->21(21)
[2026-04-03T06:53:30.413+0600][56.804s][info][gc,heap        ] GC(172) Old regions: 176->181
[2026-04-03T06:53:30.413+0600][56.804s][info][gc,heap        ] GC(172) Humongous regions: 72->60
[2026-04-03T06:53:30.413+0600][56.804s][info][gc,metaspace   ] GC(172) Metaspace: 73357K(74240K)->73357K(74240K) NonClass: 64021K(64512K)->64021K(64512K) Class: 9336K(9728K)->9336K(9728K)
[2026-04-03T06:53:30.413+0600][56.804s][info][gc             ] GC(172) Pause Young (Mixed) (G1 Evacuation Pause) 825M->518M(912M) 112.654ms
[2026-04-03T06:53:30.413+0600][56.805s][info][gc,cpu         ] GC(172) User=1.07s Sys=0.07s Real=0.11s
[2026-04-03T06:53:30.414+0600][56.806s][info][gc,start       ] GC(173) Pause Young (Concurrent Start) (G1 Humongous Allocation)
[2026-04-03T06:53:30.414+0600][56.806s][info][gc,task        ] GC(173) Using 10 workers of 10 for evacuation
[2026-04-03T06:53:30.452+0600][56.844s][info][gc,phases      ] GC(173)   Pre Evacuate Collection Set: 0.39ms
[2026-04-03T06:53:30.452+0600][56.844s][info][gc,phases      ] GC(173)   Merge Heap Roots: 0.34ms
[2026-04-03T06:53:30.452+0600][56.844s][info][gc,phases      ] GC(173)   Evacuate Collection Set: 35.20ms
[2026-04-03T06:53:30.452+0600][56.844s][info][gc,phases      ] GC(173)   Post Evacuate Collection Set: 2.13ms
[2026-04-03T06:53:30.452+0600][56.844s][info][gc,phases      ] GC(173)   Other: 0.14ms
[2026-04-03T06:53:30.452+0600][56.844s][info][gc,heap        ] GC(173) Eden regions: 2->0(420)
[2026-04-03T06:53:30.452+0600][56.844s][info][gc,heap        ] GC(173) Survivor regions: 21->4(21)
[2026-04-03T06:53:30.452+0600][56.844s][info][gc,heap        ] GC(173) Old regions: 181->203
[2026-04-03T06:53:30.452+0600][56.844s][info][gc,heap        ] GC(173) Humongous regions: 60->60
[2026-04-03T06:53:30.452+0600][56.844s][info][gc,metaspace   ] GC(173) Metaspace: 73357K(74240K)->73357K(74240K) NonClass: 64021K(64512K)->64021K(64512K) Class: 9336K(9728K)->9336K(9728K)
[2026-04-03T06:53:30.452+0600][56.844s][info][gc             ] GC(173) Pause Young (Concurrent Start) (G1 Humongous Allocation) 521M->527M(1582M) 38.477ms
[2026-04-03T06:53:30.453+0600][56.844s][info][gc,cpu         ] GC(173) User=0.36s Sys=0.00s Real=0.03s
[2026-04-03T06:53:30.453+0600][56.844s][info][gc             ] GC(174) Concurrent Mark Cycle
[2026-04-03T06:53:30.453+0600][56.845s][info][gc,marking     ] GC(174) Concurrent Scan Root Regions
[2026-04-03T06:53:30.465+0600][56.857s][info][gc,marking     ] GC(174) Concurrent Scan Root Regions 12.305ms
[2026-04-03T06:53:30.465+0600][56.857s][info][gc,marking     ] GC(174) Concurrent Mark
[2026-04-03T06:53:30.465+0600][56.857s][info][gc,marking     ] GC(174) Concurrent Mark From Roots
[2026-04-03T06:53:30.465+0600][56.857s][info][gc,task        ] GC(174) Using 3 workers of 3 for marking
[2026-04-03T06:53:30.671+0600][57.062s][info][gc,marking     ] GC(174) Concurrent Mark From Roots 205.438ms
[2026-04-03T06:53:30.671+0600][57.063s][info][gc,marking     ] GC(174) Concurrent Preclean
[2026-04-03T06:53:30.671+0600][57.063s][info][gc,marking     ] GC(174) Concurrent Preclean 0.477ms
[2026-04-03T06:53:30.672+0600][57.063s][info][gc,start       ] GC(174) Pause Remark
[2026-04-03T06:53:30.677+0600][57.069s][info][gc             ] GC(174) Pause Remark 609M->325M(894M) 5.410ms
[2026-04-03T06:53:30.677+0600][57.069s][info][gc,cpu         ] GC(174) User=0.03s Sys=0.00s Real=0.01s
[2026-04-03T06:53:30.677+0600][57.069s][info][gc,marking     ] GC(174) Concurrent Mark 212.186ms
[2026-04-03T06:53:30.677+0600][57.069s][info][gc,marking     ] GC(174) Concurrent Rebuild Remembered Sets and Scrub Regions
[2026-04-03T06:53:30.816+0600][57.208s][info][gc,marking     ] GC(174) Concurrent Rebuild Remembered Sets and Scrub Regions 138.298ms
[2026-04-03T06:53:30.816+0600][57.208s][info][gc,start       ] GC(174) Pause Cleanup
[2026-04-03T06:53:30.817+0600][57.208s][info][gc             ] GC(174) Pause Cleanup 382M->382M(894M) 0.394ms
[2026-04-03T06:53:30.817+0600][57.209s][info][gc,cpu         ] GC(174) User=0.00s Sys=0.00s Real=0.00s
[2026-04-03T06:53:30.817+0600][57.209s][info][gc,marking     ] GC(174) Concurrent Clear Claimed Marks
[2026-04-03T06:53:30.817+0600][57.209s][info][gc,marking     ] GC(174) Concurrent Clear Claimed Marks 0.272ms
[2026-04-03T06:53:30.817+0600][57.209s][info][gc,marking     ] GC(174) Concurrent Cleanup for Next Mark
[2026-04-03T06:53:30.819+0600][57.211s][info][gc,marking     ] GC(174) Concurrent Cleanup for Next Mark 1.872ms
[2026-04-03T06:53:30.819+0600][57.211s][info][gc             ] GC(174) Concurrent Mark Cycle 366.563ms
[2026-04-03T06:53:31.640+0600][58.032s][info][gc,start       ] GC(175) Pause Young (Prepare Mixed) (G1 Evacuation Pause)
[2026-04-03T06:53:31.640+0600][58.032s][info][gc,task        ] GC(175) Using 10 workers of 10 for evacuation
[2026-04-03T06:53:31.737+0600][58.129s][info][gc,phases      ] GC(175)   Pre Evacuate Collection Set: 0.46ms
[2026-04-03T06:53:31.737+0600][58.129s][info][gc,phases      ] GC(175)   Merge Heap Roots: 1.25ms
[2026-04-03T06:53:31.737+0600][58.129s][info][gc,phases      ] GC(175)   Evacuate Collection Set: 93.79ms
[2026-04-03T06:53:31.737+0600][58.129s][info][gc,phases      ] GC(175)   Post Evacuate Collection Set: 1.00ms
[2026-04-03T06:53:31.737+0600][58.129s][info][gc,phases      ] GC(175)   Other: 0.14ms
[2026-04-03T06:53:31.737+0600][58.129s][info][gc,heap        ] GC(175) Eden regions: 264->0(215)
[2026-04-03T06:53:31.737+0600][58.129s][info][gc,heap        ] GC(175) Survivor regions: 4->34(34)
[2026-04-03T06:53:31.737+0600][58.129s][info][gc,heap        ] GC(175) Old regions: 118->118
[2026-04-03T06:53:31.737+0600][58.129s][info][gc,heap        ] GC(175) Humongous regions: 51->39
[2026-04-03T06:53:31.737+0600][58.129s][info][gc,metaspace   ] GC(175) Metaspace: 73416K(74368K)->73416K(74368K) NonClass: 64080K(64640K)->64080K(64640K) Class: 9336K(9728K)->9336K(9728K)
[2026-04-03T06:53:31.737+0600][58.129s][info][gc             ] GC(175) Pause Young (Prepare Mixed) (G1 Evacuation Pause) 867M->376M(942M) 96.994ms
[2026-04-03T06:53:31.737+0600][58.129s][info][gc,cpu         ] GC(175) User=0.88s Sys=0.05s Real=0.10s
[2026-04-03T06:53:32.031+0600][58.423s][info][gc,start       ] GC(176) Pause Young (Mixed) (G1 Evacuation Pause)
[2026-04-03T06:53:32.031+0600][58.423s][info][gc,task        ] GC(176) Using 10 workers of 10 for evacuation
[2026-04-03T06:53:32.139+0600][58.531s][info][gc,phases      ] GC(176)   Pre Evacuate Collection Set: 0.45ms
[2026-04-03T06:53:32.139+0600][58.531s][info][gc,phases      ] GC(176)   Merge Heap Roots: 0.41ms
[2026-04-03T06:53:32.139+0600][58.531s][info][gc,phases      ] GC(176)   Evacuate Collection Set: 105.53ms
[2026-04-03T06:53:32.139+0600][58.531s][info][gc,phases      ] GC(176)   Post Evacuate Collection Set: 1.08ms
[2026-04-03T06:53:32.139+0600][58.531s][info][gc,phases      ] GC(176)   Other: 0.13ms
[2026-04-03T06:53:32.139+0600][58.531s][info][gc,heap        ] GC(176) Eden regions: 215->0(189)
[2026-04-03T06:53:32.139+0600][58.531s][info][gc,heap        ] GC(176) Survivor regions: 34->32(32)
[2026-04-03T06:53:32.139+0600][58.531s][info][gc,heap        ] GC(176) Old regions: 118->148
[2026-04-03T06:53:32.139+0600][58.531s][info][gc,heap        ] GC(176) Humongous regions: 48->48
[2026-04-03T06:53:32.139+0600][58.531s][info][gc,metaspace   ] GC(176) Metaspace: 73416K(74368K)->73416K(74368K) NonClass: 64080K(64640K)->64080K(64640K) Class: 9336K(9728K)->9336K(9728K)
[2026-04-03T06:53:32.139+0600][58.531s][info][gc             ] GC(176) Pause Young (Mixed) (G1 Evacuation Pause) 824M->450M(962M) 108.007ms
[2026-04-03T06:53:32.139+0600][58.531s][info][gc,cpu         ] GC(176) User=1.03s Sys=0.02s Real=0.11s
[2026-04-03T06:53:32.328+0600][58.719s][info][gc,start       ] GC(177) Pause Young (Concurrent Start) (G1 Humongous Allocation)
[2026-04-03T06:53:32.328+0600][58.719s][info][gc,task        ] GC(177) Using 10 workers of 10 for evacuation
[2026-04-03T06:53:32.375+0600][58.767s][info][gc,phases      ] GC(177)   Pre Evacuate Collection Set: 0.60ms
[2026-04-03T06:53:32.375+0600][58.767s][info][gc,phases      ] GC(177)   Merge Heap Roots: 0.25ms
[2026-04-03T06:53:32.375+0600][58.767s][info][gc,phases      ] GC(177)   Evacuate Collection Set: 45.30ms
[2026-04-03T06:53:32.375+0600][58.767s][info][gc,phases      ] GC(177)   Post Evacuate Collection Set: 0.67ms
[2026-04-03T06:53:32.375+0600][58.767s][info][gc,phases      ] GC(177)   Other: 0.34ms
[2026-04-03T06:53:32.375+0600][58.767s][info][gc,heap        ] GC(177) Eden regions: 7->0(183)
[2026-04-03T06:53:32.375+0600][58.767s][info][gc,heap        ] GC(177) Survivor regions: 32->4(28)
[2026-04-03T06:53:32.375+0600][58.767s][info][gc,heap        ] GC(177) Old regions: 148->181
[2026-04-03T06:53:32.375+0600][58.767s][info][gc,heap        ] GC(177) Humongous regions: 48->48
[2026-04-03T06:53:32.375+0600][58.767s][info][gc,metaspace   ] GC(177) Metaspace: 73416K(74368K)->73416K(74368K) NonClass: 64080K(64640K)->64080K(64640K) Class: 9336K(9728K)->9336K(9728K)
[2026-04-03T06:53:32.375+0600][58.767s][info][gc             ] GC(177) Pause Young (Concurrent Start) (G1 Humongous Allocation) 463M->458M(962M) 47.647ms
[2026-04-03T06:53:32.375+0600][58.767s][info][gc,cpu         ] GC(177) User=0.45s Sys=0.00s Real=0.05s
[2026-04-03T06:53:32.375+0600][58.767s][info][gc             ] GC(178) Concurrent Mark Cycle
[2026-04-03T06:53:32.375+0600][58.767s][info][gc,marking     ] GC(178) Concurrent Scan Root Regions
[2026-04-03T06:53:32.398+0600][58.790s][info][gc,marking     ] GC(178) Concurrent Scan Root Regions 22.441ms
[2026-04-03T06:53:32.398+0600][58.790s][info][gc,marking     ] GC(178) Concurrent Mark
[2026-04-03T06:53:32.398+0600][58.790s][info][gc,marking     ] GC(178) Concurrent Mark From Roots
[2026-04-03T06:53:32.398+0600][58.790s][info][gc,task        ] GC(178) Using 3 workers of 3 for marking
[2026-04-03T06:53:32.573+0600][58.965s][info][gc,marking     ] GC(178) Concurrent Mark From Roots 175.155ms
[2026-04-03T06:53:32.573+0600][58.965s][info][gc,marking     ] GC(178) Concurrent Preclean
[2026-04-03T06:53:32.574+0600][58.966s][info][gc,marking     ] GC(178) Concurrent Preclean 0.407ms
[2026-04-03T06:53:32.574+0600][58.966s][info][gc,start       ] GC(178) Pause Remark
[2026-04-03T06:53:32.579+0600][58.971s][info][gc             ] GC(178) Pause Remark 510M->369M(962M) 4.985ms
[2026-04-03T06:53:32.579+0600][58.971s][info][gc,cpu         ] GC(178) User=0.03s Sys=0.00s Real=0.00s
[2026-04-03T06:53:32.580+0600][58.971s][info][gc,marking     ] GC(178) Concurrent Mark 181.496ms
[2026-04-03T06:53:32.580+0600][58.971s][info][gc,marking     ] GC(178) Concurrent Rebuild Remembered Sets and Scrub Regions
[2026-04-03T06:53:32.660+0600][59.052s][info][gc,marking     ] GC(178) Concurrent Rebuild Remembered Sets and Scrub Regions 80.690ms
[2026-04-03T06:53:32.661+0600][59.053s][info][gc,start       ] GC(178) Pause Cleanup
[2026-04-03T06:53:32.661+0600][59.053s][info][gc             ] GC(178) Pause Cleanup 408M->408M(962M) 0.602ms
[2026-04-03T06:53:32.662+0600][59.053s][info][gc,cpu         ] GC(178) User=0.00s Sys=0.00s Real=0.00s
[2026-04-03T06:53:32.662+0600][59.054s][info][gc,marking     ] GC(178) Concurrent Clear Claimed Marks
[2026-04-03T06:53:32.662+0600][59.054s][info][gc,marking     ] GC(178) Concurrent Clear Claimed Marks 0.303ms
[2026-04-03T06:53:32.662+0600][59.054s][info][gc,marking     ] GC(178) Concurrent Cleanup for Next Mark
[2026-04-03T06:53:32.664+0600][59.056s][info][gc,marking     ] GC(178) Concurrent Cleanup for Next Mark 1.851ms
[2026-04-03T06:53:32.664+0600][59.056s][info][gc             ] GC(178) Concurrent Mark Cycle 288.616ms
[2026-04-03T06:53:33.160+0600][59.551s][info][gc,start       ] GC(179) Pause Young (Prepare Mixed) (G1 Evacuation Pause)
[2026-04-03T06:53:33.160+0600][59.552s][info][gc,task        ] GC(179) Using 10 workers of 10 for evacuation
[2026-04-03T06:53:33.216+0600][59.608s][info][gc,phases      ] GC(179)   Pre Evacuate Collection Set: 0.28ms
[2026-04-03T06:53:33.216+0600][59.608s][info][gc,phases      ] GC(179)   Merge Heap Roots: 0.44ms
[2026-04-03T06:53:33.216+0600][59.608s][info][gc,phases      ] GC(179)   Evacuate Collection Set: 54.92ms
[2026-04-03T06:53:33.216+0600][59.608s][info][gc,phases      ] GC(179)   Post Evacuate Collection Set: 0.77ms
[2026-04-03T06:53:33.216+0600][59.608s][info][gc,phases      ] GC(179)   Other: 0.11ms
[2026-04-03T06:53:33.216+0600][59.608s][info][gc,heap        ] GC(179) Eden regions: 183->0(191)
[2026-04-03T06:53:33.216+0600][59.608s][info][gc,heap        ] GC(179) Survivor regions: 4->24(24)
[2026-04-03T06:53:33.216+0600][59.608s][info][gc,heap        ] GC(179) Old regions: 149->159
[2026-04-03T06:53:33.216+0600][59.608s][info][gc,heap        ] GC(179) Humongous regions: 127->45
[2026-04-03T06:53:33.217+0600][59.608s][info][gc,metaspace   ] GC(179) Metaspace: 73459K(74368K)->73459K(74368K) NonClass: 64122K(64640K)->64122K(64640K) Class: 9336K(9728K)->9336K(9728K)
[2026-04-03T06:53:33.217+0600][59.608s][info][gc             ] GC(179) Pause Young (Prepare Mixed) (G1 Evacuation Pause) 919M->450M(994M) 56.874ms
[2026-04-03T06:53:33.217+0600][59.608s][info][gc,cpu         ] GC(179) User=0.53s Sys=0.03s Real=0.06s
[2026-04-03T06:53:33.415+0600][59.807s][info][gc,start       ] GC(180) Pause Young (Mixed) (G1 Evacuation Pause)
[2026-04-03T06:53:33.415+0600][59.807s][info][gc,task        ] GC(180) Using 10 workers of 10 for evacuation
[2026-04-03T06:53:33.454+0600][59.845s][info][gc,phases      ] GC(180)   Pre Evacuate Collection Set: 0.31ms
[2026-04-03T06:53:33.454+0600][59.846s][info][gc,phases      ] GC(180)   Merge Heap Roots: 0.20ms
[2026-04-03T06:53:33.454+0600][59.846s][info][gc,phases      ] GC(180)   Evacuate Collection Set: 36.79ms
[2026-04-03T06:53:33.454+0600][59.846s][info][gc,phases      ] GC(180)   Post Evacuate Collection Set: 0.81ms
[2026-04-03T06:53:33.454+0600][59.846s][info][gc,phases      ] GC(180)   Other: 0.11ms
[2026-04-03T06:53:33.454+0600][59.846s][info][gc,heap        ] GC(180) Eden regions: 191->0(194)
[2026-04-03T06:53:33.454+0600][59.846s][info][gc,heap        ] GC(180) Survivor regions: 24->14(27)
[2026-04-03T06:53:33.454+0600][59.846s][info][gc,heap        ] GC(180) Old regions: 159->167
[2026-04-03T06:53:33.454+0600][59.846s][info][gc,heap        ] GC(180) Humongous regions: 47->47
[2026-04-03T06:53:33.454+0600][59.846s][info][gc,metaspace   ] GC(180) Metaspace: 73459K(74368K)->73459K(74368K) NonClass: 64122K(64640K)->64122K(64640K) Class: 9336K(9728K)->9336K(9728K)
[2026-04-03T06:53:33.454+0600][59.846s][info][gc             ] GC(180) Pause Young (Mixed) (G1 Evacuation Pause) 836M->451M(994M) 38.549ms
[2026-04-03T06:53:33.454+0600][59.846s][info][gc,cpu         ] GC(180) User=0.37s Sys=0.00s Real=0.04s
[2026-04-03T06:53:33.825+0600][60.217s][info][gc,start       ] GC(181) Pause Young (Concurrent Start) (G1 Humongous Allocation)
[2026-04-03T06:53:33.825+0600][60.217s][info][gc,task        ] GC(181) Using 10 workers of 10 for evacuation
[2026-04-03T06:53:33.838+0600][60.230s][info][gc,phases      ] GC(181)   Pre Evacuate Collection Set: 0.23ms
[2026-04-03T06:53:33.838+0600][60.230s][info][gc,phases      ] GC(181)   Merge Heap Roots: 0.16ms
[2026-04-03T06:53:33.838+0600][60.230s][info][gc,phases      ] GC(181)   Evacuate Collection Set: 9.62ms
[2026-04-03T06:53:33.838+0600][60.230s][info][gc,phases      ] GC(181)   Post Evacuate Collection Set: 2.37ms
[2026-04-03T06:53:33.838+0600][60.230s][info][gc,phases      ] GC(181)   Other: 0.26ms
[2026-04-03T06:53:33.838+0600][60.230s][info][gc,heap        ] GC(181) Eden regions: 123->0(358)
[2026-04-03T06:53:33.838+0600][60.230s][info][gc,heap        ] GC(181) Survivor regions: 14->3(26)
[2026-04-03T06:53:33.838+0600][60.230s][info][gc,heap        ] GC(181) Old regions: 167->182
[2026-04-03T06:53:33.838+0600][60.230s][info][gc,heap        ] GC(181) Humongous regions: 47->47
[2026-04-03T06:53:33.838+0600][60.230s][info][gc,metaspace   ] GC(181) Metaspace: 74191K(75072K)->74191K(75072K) NonClass: 64656K(65152K)->64656K(65152K) Class: 9534K(9920K)->9534K(9920K)
[2026-04-03T06:53:33.838+0600][60.230s][info][gc             ] GC(181) Pause Young (Concurrent Start) (G1 Humongous Allocation) 696M->458M(1598M) 12.926ms
[2026-04-03T06:53:33.838+0600][60.230s][info][gc,cpu         ] GC(181) User=0.10s Sys=0.00s Real=0.01s
[2026-04-03T06:53:33.838+0600][60.230s][info][gc             ] GC(182) Concurrent Mark Cycle
[2026-04-03T06:53:33.838+0600][60.230s][info][gc,marking     ] GC(182) Concurrent Scan Root Regions
[2026-04-03T06:53:33.845+0600][60.237s][info][gc,marking     ] GC(182) Concurrent Scan Root Regions 6.668ms
[2026-04-03T06:53:33.845+0600][60.237s][info][gc,marking     ] GC(182) Concurrent Mark
[2026-04-03T06:53:33.845+0600][60.237s][info][gc,marking     ] GC(182) Concurrent Mark From Roots
[2026-04-03T06:53:33.845+0600][60.237s][info][gc,task        ] GC(182) Using 3 workers of 3 for marking
[2026-04-03T06:53:33.862+0600][60.254s][info][gc,marking     ] GC(182) Concurrent Mark From Roots 17.032ms
[2026-04-03T06:53:33.862+0600][60.254s][info][gc,marking     ] GC(182) Concurrent Preclean
[2026-04-03T06:53:33.863+0600][60.254s][info][gc,marking     ] GC(182) Concurrent Preclean 0.375ms
[2026-04-03T06:53:33.863+0600][60.255s][info][gc,start       ] GC(182) Pause Remark
[2026-04-03T06:53:33.868+0600][60.259s][info][gc             ] GC(182) Pause Remark 465M->191M(640M) 4.895ms
[2026-04-03T06:53:33.868+0600][60.260s][info][gc,cpu         ] GC(182) User=0.04s Sys=0.00s Real=0.01s
[2026-04-03T06:53:33.868+0600][60.260s][info][gc,marking     ] GC(182) Concurrent Mark 22.817ms
[2026-04-03T06:53:33.868+0600][60.260s][info][gc,marking     ] GC(182) Concurrent Rebuild Remembered Sets and Scrub Regions
[2026-04-03T06:53:33.888+0600][60.280s][info][gc,marking     ] GC(182) Concurrent Rebuild Remembered Sets and Scrub Regions 20.190ms
[2026-04-03T06:53:33.888+0600][60.280s][info][gc,start       ] GC(182) Pause Cleanup
[2026-04-03T06:53:33.889+0600][60.281s][info][gc             ] GC(182) Pause Cleanup 196M->196M(640M) 0.403ms
[2026-04-03T06:53:33.889+0600][60.281s][info][gc,cpu         ] GC(182) User=0.00s Sys=0.00s Real=0.00s
[2026-04-03T06:53:33.889+0600][60.281s][info][gc,marking     ] GC(182) Concurrent Clear Claimed Marks
[2026-04-03T06:53:33.889+0600][60.281s][info][gc,marking     ] GC(182) Concurrent Clear Claimed Marks 0.254ms
[2026-04-03T06:53:33.889+0600][60.281s][info][gc,marking     ] GC(182) Concurrent Cleanup for Next Mark
[2026-04-03T06:53:33.890+0600][60.282s][info][gc,marking     ] GC(182) Concurrent Cleanup for Next Mark 0.931ms
[2026-04-03T06:53:33.890+0600][60.282s][info][gc             ] GC(182) Concurrent Mark Cycle 52.036ms
[2026-04-03T06:53:34.270+0600][60.661s][info][gc,heap,exit   ] Heap
[2026-04-03T06:53:34.270+0600][60.661s][info][gc,heap,exit   ]  garbage-first heap   total 655360K, used 206671K [0x000000070ae00000, 0x0000000800000000)
[2026-04-03T06:53:34.270+0600][60.661s][info][gc,heap,exit   ]   region size 2048K, 9 young (18432K), 3 survivors (6144K)
[2026-04-03T06:53:34.270+0600][60.661s][info][gc,heap,exit   ]  Metaspace       used 74203K, committed 75072K, reserved 1179648K
[2026-04-03T06:53:34.270+0600][60.661s][info][gc,heap,exit   ]   class space    used 9534K, committed 9920K, reserved 1048576K
