[2026-04-03T06:53:34.463+0600][0.006s][info][gc] Heuristics ergonomically sets -XX:+ExplicitGCInvokesConcurrent
[2026-04-03T06:53:34.463+0600][0.007s][info][gc] Heuristics ergonomically sets -XX:+ShenandoahImplicitGCInvokesConcurrent
[2026-04-03T06:53:34.464+0600][0.008s][info][gc] Using Shenandoah
[2026-04-03T06:53:34.466+0600][0.009s][info][gc,ergo] Pacer for Idle. Initial: 80302K, Alloc Tax Rate: 1.0x
[2026-04-03T06:53:34.466+0600][0.009s][info][gc,init] Version: 21.0.10+7-Ubuntu-124.04 (release)
[2026-04-03T06:53:34.466+0600][0.010s][info][gc,init] CPUs: 12 total, 12 available
[2026-04-03T06:53:34.467+0600][0.010s][info][gc,init] Memory: 15683M
[2026-04-03T06:53:34.467+0600][0.010s][info][gc,init] Large Page Support: Disabled
[2026-04-03T06:53:34.467+0600][0.010s][info][gc,init] NUMA Support: Disabled
[2026-04-03T06:53:34.467+0600][0.010s][info][gc,init] Compressed Oops: Enabled (Zero based)
[2026-04-03T06:53:34.467+0600][0.010s][info][gc,init] Heap Min Capacity: 7M
[2026-04-03T06:53:34.467+0600][0.010s][info][gc,init] Heap Initial Capacity: 246M
[2026-04-03T06:53:34.467+0600][0.010s][info][gc,init] Heap Max Capacity: 3921M
[2026-04-03T06:53:34.467+0600][0.010s][info][gc,init] Pre-touch: Disabled
[2026-04-03T06:53:34.467+0600][0.010s][info][gc,init] Mode: Snapshot-At-The-Beginning (SATB)
[2026-04-03T06:53:34.467+0600][0.010s][info][gc,init] Heuristics: Adaptive
[2026-04-03T06:53:34.467+0600][0.010s][info][gc,init] Heap Region Count: 3921
[2026-04-03T06:53:34.467+0600][0.010s][info][gc,init] Heap Region Size: 1M
[2026-04-03T06:53:34.467+0600][0.010s][info][gc,init] TLAB Size Max: 1M
[2026-04-03T06:53:34.467+0600][0.010s][info][gc,init] Humongous Object Threshold: 1M
[2026-04-03T06:53:34.467+0600][0.010s][info][gc,init] Parallel Workers: 6
[2026-04-03T06:53:34.467+0600][0.010s][info][gc,init] Concurrent Workers: 3
[2026-04-03T06:53:34.480+0600][0.023s][info][gc,metaspace] CDS archive(s) mapped at: [0x00007510bb000000-0x00007510bbc9c000-0x00007510bbc9c000), size 13221888, SharedBaseAddress: 0x00007510bb000000, ArchiveRelocationMode: 1.
[2026-04-03T06:53:34.480+0600][0.023s][info][gc,metaspace] Compressed class space mapped at: 0x00007510bc000000-0x00007510fc000000, reserved size: 1073741824
[2026-04-03T06:53:34.480+0600][0.023s][info][gc,metaspace] Narrow klass base: 0x00007510bb000000, Narrow klass shift: 0, Narrow klass range: 0x100000000
[2026-04-03T06:53:38.578+0600][4.121s][info][gc          ] Trigger: Metadata GC Threshold
[2026-04-03T06:53:38.578+0600][4.121s][info][gc,ergo     ] Free: 3351M, Max: 1024K regular, 3351M humongous, Frag: 0% external, 0% internal; Reserve: 197M, Max: 1024K
[2026-04-03T06:53:38.578+0600][4.121s][info][gc,start    ] GC(0) Concurrent reset
[2026-04-03T06:53:38.579+0600][4.122s][info][gc,task     ] GC(0) Using 3 of 6 workers for concurrent reset
[2026-04-03T06:53:38.579+0600][4.122s][info][gc,ergo     ] GC(0) Pacer for Reset. Non-Taxable: 3921M
[2026-04-03T06:53:38.579+0600][4.122s][info][gc          ] GC(0) Concurrent reset 0.781ms
[2026-04-03T06:53:38.579+0600][4.122s][info][gc,start    ] GC(0) Pause Init Mark (unload classes)
[2026-04-03T06:53:38.580+0600][4.123s][info][gc,task     ] GC(0) Using 6 of 6 workers for init marking
[2026-04-03T06:53:38.580+0600][4.123s][info][gc,ergo     ] GC(0) Pacer for Mark. Expected Live: 392M, Free: 3351M, Non-Taxable: 335M, Alloc Tax Rate: 0.1x
[2026-04-03T06:53:38.580+0600][4.123s][info][gc          ] GC(0) Pause Init Mark (unload classes) 0.704ms
[2026-04-03T06:53:38.580+0600][4.123s][info][gc,start    ] GC(0) Concurrent marking roots
[2026-04-03T06:53:38.580+0600][4.123s][info][gc,task     ] GC(0) Using 3 of 6 workers for concurrent marking roots
[2026-04-03T06:53:38.583+0600][4.126s][info][gc          ] GC(0) Concurrent marking roots 3.032ms
[2026-04-03T06:53:38.583+0600][4.126s][info][gc,start    ] GC(0) Concurrent marking (unload classes)
[2026-04-03T06:53:38.583+0600][4.126s][info][gc,task     ] GC(0) Using 3 of 6 workers for concurrent marking
[2026-04-03T06:53:38.592+0600][4.135s][info][gc          ] GC(0) Concurrent marking (unload classes) 9.652ms
[2026-04-03T06:53:38.593+0600][4.136s][info][gc,start    ] GC(0) Pause Final Mark (unload classes)
[2026-04-03T06:53:38.593+0600][4.136s][info][gc,task     ] GC(0) Using 6 of 6 workers for final marking
[2026-04-03T06:53:38.593+0600][4.136s][info][gc,ergo     ] GC(0) Adaptive CSet Selection. Target Free: 555M, Actual Free: 3547M, Max CSet: 163M, Min Garbage: 0B
[2026-04-03T06:53:38.593+0600][4.136s][info][gc,ergo     ] GC(0) Collectable Garbage: 353M (99%), Immediate: 0B (0%), CSet: 353M (99%)
[2026-04-03T06:53:38.593+0600][4.136s][info][gc,ergo     ] GC(0) Pacer for Evacuation. Used CSet: 367M, Free: 3350M, Non-Taxable: 335M, Alloc Tax Rate: 1.1x
[2026-04-03T06:53:38.593+0600][4.136s][info][gc          ] GC(0) Pause Final Mark (unload classes) 0.658ms
[2026-04-03T06:53:38.593+0600][4.136s][info][gc,start    ] GC(0) Concurrent thread roots
[2026-04-03T06:53:38.593+0600][4.137s][info][gc,task     ] GC(0) Using 3 of 6 workers for Concurrent thread roots
[2026-04-03T06:53:38.594+0600][4.137s][info][gc          ] GC(0) Concurrent thread roots 0.303ms
[2026-04-03T06:53:38.594+0600][4.137s][info][gc,start    ] GC(0) Concurrent weak references
[2026-04-03T06:53:38.594+0600][4.137s][info][gc,task     ] GC(0) Using 3 of 6 workers for concurrent weak references
[2026-04-03T06:53:38.594+0600][4.137s][info][gc,ref      ] GC(0) Encountered references: Soft: 3498, Weak: 1459, Final: 0, Phantom: 563
[2026-04-03T06:53:38.594+0600][4.137s][info][gc,ref      ] GC(0) Discovered  references: Soft: 0, Weak: 1148, Final: 0, Phantom: 560
[2026-04-03T06:53:38.594+0600][4.137s][info][gc,ref      ] GC(0) Enqueued    references: Soft: 0, Weak: 453, Final: 0, Phantom: 0
[2026-04-03T06:53:38.594+0600][4.137s][info][gc          ] GC(0) Concurrent weak references 0.524ms
[2026-04-03T06:53:38.594+0600][4.137s][info][gc,start    ] GC(0) Concurrent weak roots
[2026-04-03T06:53:38.594+0600][4.137s][info][gc,task     ] GC(0) Using 3 of 6 workers for concurrent weak root
[2026-04-03T06:53:38.595+0600][4.138s][info][gc          ] GC(0) Concurrent weak roots 0.994ms
[2026-04-03T06:53:38.595+0600][4.138s][info][gc,start    ] GC(0) Concurrent cleanup
[2026-04-03T06:53:38.596+0600][4.139s][info][gc          ] GC(0) Concurrent cleanup 374M->374M(377M) 0.194ms
[2026-04-03T06:53:38.596+0600][4.139s][info][gc,ergo     ] GC(0) Free: 3349M, Max: 1024K regular, 3349M humongous, Frag: 0% external, 0% internal; Reserve: 195M, Max: 1024K
[2026-04-03T06:53:38.596+0600][4.139s][info][gc,start    ] GC(0) Concurrent class unloading
[2026-04-03T06:53:38.596+0600][4.139s][info][gc,task     ] GC(0) Using 3 of 6 workers for concurrent class unloading
[2026-04-03T06:53:38.598+0600][4.141s][info][gc          ] GC(0) Concurrent class unloading 2.512ms
[2026-04-03T06:53:38.598+0600][4.141s][info][gc,start    ] GC(0) Concurrent strong roots
[2026-04-03T06:53:38.598+0600][4.141s][info][gc,task     ] GC(0) Using 3 of 6 workers for concurrent strong root
[2026-04-03T06:53:38.599+0600][4.142s][info][gc          ] GC(0) Concurrent strong roots 1.038ms
[2026-04-03T06:53:38.599+0600][4.142s][info][gc,start    ] GC(0) Concurrent evacuation
[2026-04-03T06:53:38.599+0600][4.142s][info][gc,task     ] GC(0) Using 3 of 6 workers for concurrent evacuation
[2026-04-03T06:53:38.609+0600][4.152s][info][gc          ] GC(0) Concurrent evacuation 9.735ms
[2026-04-03T06:53:38.609+0600][4.152s][info][gc,start    ] GC(0) Pause Init Update Refs
[2026-04-03T06:53:38.609+0600][4.152s][info][gc,ergo     ] GC(0) Pacer for Update Refs. Used: 390M, Free: 3349M, Non-Taxable: 334M, Alloc Tax Rate: 1.1x
[2026-04-03T06:53:38.609+0600][4.152s][info][gc          ] GC(0) Pause Init Update Refs 0.100ms
[2026-04-03T06:53:38.609+0600][4.152s][info][gc,start    ] GC(0) Concurrent update references
[2026-04-03T06:53:38.609+0600][4.152s][info][gc,task     ] GC(0) Using 3 of 6 workers for concurrent reference update
[2026-04-03T06:53:38.614+0600][4.157s][info][gc          ] GC(0) Concurrent update references 4.337ms
[2026-04-03T06:53:38.614+0600][4.157s][info][gc,start    ] GC(0) Concurrent update thread roots
[2026-04-03T06:53:38.615+0600][4.158s][info][gc          ] GC(0) Concurrent update thread roots 0.814ms
[2026-04-03T06:53:38.615+0600][4.158s][info][gc,start    ] GC(0) Pause Final Update Refs
[2026-04-03T06:53:38.615+0600][4.158s][info][gc,task     ] GC(0) Using 6 of 6 workers for final reference update
[2026-04-03T06:53:38.615+0600][4.158s][info][gc          ] GC(0) Pause Final Update Refs 0.148ms
[2026-04-03T06:53:38.615+0600][4.158s][info][gc,start    ] GC(0) Concurrent cleanup
[2026-04-03T06:53:38.616+0600][4.159s][info][gc          ] GC(0) Concurrent cleanup 390M->23M(392M) 0.652ms
[2026-04-03T06:53:38.616+0600][4.159s][info][gc,ergo     ] Free: 3699M, Max: 1024K regular, 3332M humongous, Frag: 10% external, 0% internal; Reserve: 197M, Max: 1024K
[2026-04-03T06:53:38.616+0600][4.159s][info][gc,stats    ] 
[2026-04-03T06:53:38.616+0600][4.159s][info][gc,stats    ] All times are wall-clock times, except per-root-class counters, that are sum over
[2026-04-03T06:53:38.616+0600][4.159s][info][gc,stats    ] all workers. Dividing the <total> over the root stage time estimates parallelism.
[2026-04-03T06:53:38.616+0600][4.159s][info][gc,stats    ] 
[2026-04-03T06:53:38.616+0600][4.159s][info][gc,stats    ] Concurrent Reset                    800 us
[2026-04-03T06:53:38.616+0600][4.159s][info][gc,stats    ] Pause Init Mark (G)                 833 us
[2026-04-03T06:53:38.616+0600][4.159s][info][gc,stats    ] Pause Init Mark (N)                 725 us
[2026-04-03T06:53:38.616+0600][4.159s][info][gc,stats    ]   Update Region States               29 us
[2026-04-03T06:53:38.616+0600][4.159s][info][gc,stats    ] Concurrent Mark Roots              3087 us, parallelism: 1.37x
[2026-04-03T06:53:38.616+0600][4.159s][info][gc,stats    ]   CMR: <total>                     4217 us
[2026-04-03T06:53:38.616+0600][4.159s][info][gc,stats    ]   CMR: Thread Roots                3137 us, workers (us): 2795, 342,   0, ---, ---, ---, 
[2026-04-03T06:53:38.616+0600][4.159s][info][gc,stats    ]   CMR: VM Strong Roots              302 us, workers (us): 136, 161,   5, ---, ---, ---, 
[2026-04-03T06:53:38.616+0600][4.159s][info][gc,stats    ]   CMR: CLDG Roots                   777 us, workers (us): ---, ---, 777, ---, ---, ---, 
[2026-04-03T06:53:38.616+0600][4.159s][info][gc,stats    ] Concurrent Marking                 9744 us
[2026-04-03T06:53:38.616+0600][4.159s][info][gc,stats    ] Pause Final Mark (G)                903 us
[2026-04-03T06:53:38.616+0600][4.159s][info][gc,stats    ] Pause Final Mark (N)                670 us
[2026-04-03T06:53:38.616+0600][4.159s][info][gc,stats    ]   Finish Mark                       286 us
[2026-04-03T06:53:38.616+0600][4.159s][info][gc,stats    ]   Update Region States               41 us
[2026-04-03T06:53:38.616+0600][4.159s][info][gc,stats    ]   Choose Collection Set             195 us
[2026-04-03T06:53:38.616+0600][4.159s][info][gc,stats    ]   Rebuild Free Set                   35 us
[2026-04-03T06:53:38.616+0600][4.159s][info][gc,stats    ] Concurrent Thread Roots             324 us, parallelism: 0.95x
[2026-04-03T06:53:38.616+0600][4.159s][info][gc,stats    ]   CTR: <total>                      309 us
[2026-04-03T06:53:38.616+0600][4.159s][info][gc,stats    ]   CTR: Thread Roots                 309 us, workers (us): 201,  48,  59, ---, ---, ---, 
[2026-04-03T06:53:38.616+0600][4.159s][info][gc,stats    ] Concurrent Weak References          537 us, parallelism: 0.90x
[2026-04-03T06:53:38.616+0600][4.159s][info][gc,stats    ]   CWRF: <total>                     486 us
[2026-04-03T06:53:38.616+0600][4.159s][info][gc,stats    ]   CWRF: Weak References             486 us, workers (us): 192, 294,   1, ---, ---, ---, 
[2026-04-03T06:53:38.616+0600][4.159s][info][gc,stats    ] Concurrent Weak Roots              1038 us
[2026-04-03T06:53:38.616+0600][4.159s][info][gc,stats    ]   Roots                             772 us, parallelism: 2.44x
[2026-04-03T06:53:38.616+0600][4.159s][info][gc,stats    ]     CWR: <total>                   1882 us
[2026-04-03T06:53:38.616+0600][4.159s][info][gc,stats    ]     CWR: Code Cache Roots           593 us, workers (us): 212, 205, 176, ---, ---, ---, 
[2026-04-03T06:53:38.616+0600][4.159s][info][gc,stats    ]     CWR: VM Weak Roots             1271 us, workers (us): 468, 431, 372, ---, ---, ---, 
[2026-04-03T06:53:38.616+0600][4.159s][info][gc,stats    ]     CWR: CLDG Roots                  18 us, workers (us):  18, ---, ---, ---, ---, ---, 
[2026-04-03T06:53:38.616+0600][4.159s][info][gc,stats    ]   Rendezvous                        195 us
[2026-04-03T06:53:38.616+0600][4.159s][info][gc,stats    ] Concurrent Cleanup                  216 us
[2026-04-03T06:53:38.616+0600][4.159s][info][gc,stats    ] Concurrent Class Unloading         2578 us
[2026-04-03T06:53:38.616+0600][4.159s][info][gc,stats    ]   Unlink Stale                     1596 us
[2026-04-03T06:53:38.616+0600][4.159s][info][gc,stats    ]     System Dictionary                43 us
[2026-04-03T06:53:38.616+0600][4.159s][info][gc,stats    ]     Weak Class Links                  0 us
[2026-04-03T06:53:38.616+0600][4.159s][info][gc,stats    ]     Code Roots                     1551 us
[2026-04-03T06:53:38.616+0600][4.159s][info][gc,stats    ]   Rendezvous                        272 us
[2026-04-03T06:53:38.616+0600][4.159s][info][gc,stats    ]   Purge Unlinked                    615 us
[2026-04-03T06:53:38.616+0600][4.159s][info][gc,stats    ]     Code Roots                      603 us
[2026-04-03T06:53:38.616+0600][4.159s][info][gc,stats    ]     CLDG                             11 us
[2026-04-03T06:53:38.616+0600][4.159s][info][gc,stats    ]     Exception Caches                  0 us
[2026-04-03T06:53:38.616+0600][4.159s][info][gc,stats    ] Concurrent Strong Roots            1061 us, parallelism: 0.85x
[2026-04-03T06:53:38.616+0600][4.159s][info][gc,stats    ]   CSR: <total>                      899 us
[2026-04-03T06:53:38.616+0600][4.159s][info][gc,stats    ]   CSR: VM Strong Roots               24 us, workers (us):  13,  11,   0, ---, ---, ---, 
[2026-04-03T06:53:38.616+0600][4.160s][info][gc,stats    ]   CSR: CLDG Roots                   875 us, workers (us): 875, ---, ---, ---, ---, ---, 
[2026-04-03T06:53:38.616+0600][4.160s][info][gc,stats    ] Concurrent Evacuation              9824 us
[2026-04-03T06:53:38.616+0600][4.160s][info][gc,stats    ] Pause Init Update Refs (G)          317 us
[2026-04-03T06:53:38.616+0600][4.160s][info][gc,stats    ] Pause Init Update Refs (N)          111 us
[2026-04-03T06:53:38.616+0600][4.160s][info][gc,stats    ]   Manage GCLABs                       7 us
[2026-04-03T06:53:38.616+0600][4.160s][info][gc,stats    ] Concurrent Update Refs             4421 us
[2026-04-03T06:53:38.617+0600][4.160s][info][gc,stats    ] Concurrent Update Thread Roots      872 us
[2026-04-03T06:53:38.617+0600][4.160s][info][gc,stats    ] Pause Final Update Refs (G)         281 us
[2026-04-03T06:53:38.617+0600][4.160s][info][gc,stats    ] Pause Final Update Refs (N)         169 us
[2026-04-03T06:53:38.617+0600][4.160s][info][gc,stats    ]   Update Region States               44 us
[2026-04-03T06:53:38.617+0600][4.160s][info][gc,stats    ]   Trash Collection Set                8 us
[2026-04-03T06:53:38.617+0600][4.160s][info][gc,stats    ]   Rebuild Free Set                   31 us
[2026-04-03T06:53:38.617+0600][4.160s][info][gc,stats    ] Concurrent Cleanup                  691 us
[2026-04-03T06:53:38.617+0600][4.160s][info][gc,stats    ] 
[2026-04-03T06:53:38.617+0600][4.160s][info][gc,stats    ] Allocation pacing accrued:
[2026-04-03T06:53:38.617+0600][4.160s][info][gc,stats    ]       0 of  4151 ms (  0.0%): <total>
[2026-04-03T06:53:38.617+0600][4.160s][info][gc,stats    ]       0 of  4151 ms (  0.0%): <average total>
[2026-04-03T06:53:38.617+0600][4.160s][info][gc,stats    ] 
[2026-04-03T06:53:38.617+0600][4.160s][info][gc,metaspace] Metaspace: 21286K(21568K)->21548K(21888K) NonClass: 18640K(18752K)->18856K(19008K) Class: 2645K(2816K)->2691K(2880K)
[2026-04-03T06:53:38.617+0600][4.160s][info][gc,ergo     ] Pacer for Idle. Initial: 80302K, Alloc Tax Rate: 1.0x
[2026-04-03T06:53:41.442+0600][6.985s][info][gc          ] Trigger: Metadata GC Threshold
[2026-04-03T06:53:41.443+0600][6.986s][info][gc,ergo     ] Free: 3556M, Max: 1024K regular, 3332M humongous, Frag: 7% external, 0% internal; Reserve: 197M, Max: 1024K
[2026-04-03T06:53:41.443+0600][6.986s][info][gc,start    ] GC(1) Concurrent reset
[2026-04-03T06:53:41.443+0600][6.986s][info][gc,task     ] GC(1) Using 3 of 6 workers for concurrent reset
[2026-04-03T06:53:41.443+0600][6.986s][info][gc,ergo     ] GC(1) Pacer for Reset. Non-Taxable: 3921M
[2026-04-03T06:53:41.452+0600][6.995s][info][gc          ] GC(1) Concurrent reset 9.668ms
[2026-04-03T06:53:41.452+0600][6.996s][info][gc,start    ] GC(1) Pause Init Mark (unload classes)
[2026-04-03T06:53:41.453+0600][6.996s][info][gc,task     ] GC(1) Using 6 of 6 workers for init marking
[2026-04-03T06:53:41.453+0600][6.996s][info][gc,ergo     ] GC(1) Pacer for Mark. Expected Live: 18322K, Free: 3556M, Non-Taxable: 355M, Alloc Tax Rate: 0.0x
[2026-04-03T06:53:41.453+0600][6.996s][info][gc          ] GC(1) Pause Init Mark (unload classes) 0.148ms
[2026-04-03T06:53:41.453+0600][6.996s][info][gc,start    ] GC(1) Concurrent marking roots
[2026-04-03T06:53:41.453+0600][6.996s][info][gc,task     ] GC(1) Using 3 of 6 workers for concurrent marking roots
[2026-04-03T06:53:41.454+0600][6.997s][info][gc          ] GC(1) Concurrent marking roots 1.469ms
[2026-04-03T06:53:41.454+0600][6.997s][info][gc,start    ] GC(1) Concurrent marking (unload classes)
[2026-04-03T06:53:41.454+0600][6.997s][info][gc,task     ] GC(1) Using 3 of 6 workers for concurrent marking
[2026-04-03T06:53:41.466+0600][7.009s][info][gc          ] GC(1) Concurrent marking (unload classes) 11.622ms
[2026-04-03T06:53:41.466+0600][7.009s][info][gc,start    ] GC(1) Pause Final Mark (unload classes)
[2026-04-03T06:53:41.466+0600][7.009s][info][gc,task     ] GC(1) Using 6 of 6 workers for final marking
[2026-04-03T06:53:41.466+0600][7.009s][info][gc,ergo     ] GC(1) Adaptive CSet Selection. Target Free: 555M, Actual Free: 3763M, Max CSet: 163M, Min Garbage: 0B
[2026-04-03T06:53:41.467+0600][7.010s][info][gc,ergo     ] GC(1) Collectable Garbage: 134M (99%), Immediate: 11660K (8%), CSet: 122M (90%)
[2026-04-03T06:53:41.467+0600][7.010s][info][gc,ergo     ] GC(1) Pacer for Evacuation. Used CSet: 129M, Free: 3576M, Non-Taxable: 357M, Alloc Tax Rate: 1.1x
[2026-04-03T06:53:41.467+0600][7.010s][info][gc          ] GC(1) Pause Final Mark (unload classes) 0.528ms
[2026-04-03T06:53:41.467+0600][7.010s][info][gc,start    ] GC(1) Concurrent thread roots
[2026-04-03T06:53:41.467+0600][7.010s][info][gc,task     ] GC(1) Using 3 of 6 workers for Concurrent thread roots
[2026-04-03T06:53:41.467+0600][7.011s][info][gc          ] GC(1) Concurrent thread roots 0.755ms
[2026-04-03T06:53:41.468+0600][7.011s][info][gc,start    ] GC(1) Concurrent weak references
[2026-04-03T06:53:41.468+0600][7.011s][info][gc,task     ] GC(1) Using 3 of 6 workers for concurrent weak references
[2026-04-03T06:53:41.468+0600][7.011s][info][gc,ref      ] GC(1) Encountered references: Soft: 3854, Weak: 2539, Final: 80, Phantom: 569
[2026-04-03T06:53:41.468+0600][7.011s][info][gc,ref      ] GC(1) Discovered  references: Soft: 0, Weak: 1104, Final: 48, Phantom: 197
[2026-04-03T06:53:41.468+0600][7.011s][info][gc,ref      ] GC(1) Enqueued    references: Soft: 0, Weak: 479, Final: 0, Phantom: 1
[2026-04-03T06:53:41.468+0600][7.011s][info][gc          ] GC(1) Concurrent weak references 0.807ms
[2026-04-03T06:53:41.468+0600][7.011s][info][gc,start    ] GC(1) Concurrent weak roots
[2026-04-03T06:53:41.468+0600][7.011s][info][gc,task     ] GC(1) Using 3 of 6 workers for concurrent weak root
[2026-04-03T06:53:41.470+0600][7.013s][info][gc          ] GC(1) Concurrent weak roots 1.924ms
[2026-04-03T06:53:41.470+0600][7.013s][info][gc,start    ] GC(1) Concurrent cleanup
[2026-04-03T06:53:41.471+0600][7.014s][info][gc          ] GC(1) Concurrent cleanup 159M->148M(393M) 0.266ms
[2026-04-03T06:53:41.471+0600][7.014s][info][gc,ergo     ] GC(1) Free: 3575M, Max: 1024K regular, 3332M humongous, Frag: 7% external, 0% internal; Reserve: 196M, Max: 1024K
[2026-04-03T06:53:41.471+0600][7.014s][info][gc,start    ] GC(1) Concurrent class unloading
[2026-04-03T06:53:41.471+0600][7.014s][info][gc,task     ] GC(1) Using 3 of 6 workers for concurrent class unloading
[2026-04-03T06:53:41.475+0600][7.018s][info][gc          ] GC(1) Concurrent class unloading 4.102ms
[2026-04-03T06:53:41.475+0600][7.018s][info][gc,start    ] GC(1) Concurrent strong roots
[2026-04-03T06:53:41.475+0600][7.018s][info][gc,task     ] GC(1) Using 3 of 6 workers for concurrent strong root
[2026-04-03T06:53:41.476+0600][7.019s][info][gc          ] GC(1) Concurrent strong roots 1.299ms
[2026-04-03T06:53:41.476+0600][7.019s][info][gc,start    ] GC(1) Concurrent evacuation
[2026-04-03T06:53:41.476+0600][7.019s][info][gc,task     ] GC(1) Using 3 of 6 workers for concurrent evacuation
[2026-04-03T06:53:41.482+0600][7.025s][info][gc          ] GC(1) Concurrent evacuation 5.910ms
[2026-04-03T06:53:41.483+0600][7.026s][info][gc,start    ] GC(1) Pause Init Update Refs
[2026-04-03T06:53:41.483+0600][7.026s][info][gc,ergo     ] GC(1) Pacer for Update Refs. Used: 157M, Free: 3574M, Non-Taxable: 357M, Alloc Tax Rate: 1.1x
[2026-04-03T06:53:41.483+0600][7.026s][info][gc          ] GC(1) Pause Init Update Refs 0.088ms
[2026-04-03T06:53:41.483+0600][7.026s][info][gc,start    ] GC(1) Concurrent update references
[2026-04-03T06:53:41.483+0600][7.026s][info][gc,task     ] GC(1) Using 3 of 6 workers for concurrent reference update
[2026-04-03T06:53:41.490+0600][7.033s][info][gc          ] GC(1) Concurrent update references 6.644ms
[2026-04-03T06:53:41.490+0600][7.033s][info][gc,start    ] GC(1) Concurrent update thread roots
[2026-04-03T06:53:41.490+0600][7.033s][info][gc          ] GC(1) Concurrent update thread roots 0.468ms
[2026-04-03T06:53:41.490+0600][7.033s][info][gc,start    ] GC(1) Pause Final Update Refs
[2026-04-03T06:53:41.490+0600][7.033s][info][gc,task     ] GC(1) Using 6 of 6 workers for final reference update
[2026-04-03T06:53:41.490+0600][7.034s][info][gc          ] GC(1) Pause Final Update Refs 0.238ms
[2026-04-03T06:53:41.491+0600][7.034s][info][gc,start    ] GC(1) Concurrent cleanup
[2026-04-03T06:53:41.491+0600][7.035s][info][gc          ] GC(1) Concurrent cleanup 157M->27M(401M) 0.812ms
[2026-04-03T06:53:41.492+0600][7.035s][info][gc,ergo     ] Free: 3695M, Max: 1024K regular, 3419M humongous, Frag: 8% external, 0% internal; Reserve: 197M, Max: 1024K
[2026-04-03T06:53:41.492+0600][7.035s][info][gc,stats    ] 
[2026-04-03T06:53:41.492+0600][7.035s][info][gc,stats    ] All times are wall-clock times, except per-root-class counters, that are sum over
[2026-04-03T06:53:41.492+0600][7.035s][info][gc,stats    ] all workers. Dividing the <total> over the root stage time estimates parallelism.
[2026-04-03T06:53:41.492+0600][7.035s][info][gc,stats    ] 
[2026-04-03T06:53:41.492+0600][7.035s][info][gc,stats    ] Concurrent Reset                   9763 us
[2026-04-03T06:53:41.492+0600][7.035s][info][gc,stats    ] Pause Init Mark (G)                 376 us
[2026-04-03T06:53:41.492+0600][7.035s][info][gc,stats    ] Pause Init Mark (N)                 164 us
[2026-04-03T06:53:41.492+0600][7.035s][info][gc,stats    ]   Update Region States               36 us
[2026-04-03T06:53:41.492+0600][7.035s][info][gc,stats    ] Concurrent Mark Roots              1538 us, parallelism: 2.36x
[2026-04-03T06:53:41.492+0600][7.035s][info][gc,stats    ]   CMR: <total>                     3636 us
[2026-04-03T06:53:41.492+0600][7.035s][info][gc,stats    ]   CMR: Thread Roots                2990 us, workers (us): 1084, 776, 1130, ---, ---, ---, 
[2026-04-03T06:53:41.492+0600][7.035s][info][gc,stats    ]   CMR: VM Strong Roots              276 us, workers (us): 158,  51,  67, ---, ---, ---, 
[2026-04-03T06:53:41.492+0600][7.035s][info][gc,stats    ]   CMR: CLDG Roots                   370 us, workers (us): ---, 370, ---, ---, ---, ---, 
[2026-04-03T06:53:41.492+0600][7.035s][info][gc,stats    ] Concurrent Marking                11730 us
[2026-04-03T06:53:41.492+0600][7.035s][info][gc,stats    ] Pause Final Mark (G)                767 us
[2026-04-03T06:53:41.492+0600][7.035s][info][gc,stats    ] Pause Final Mark (N)                546 us
[2026-04-03T06:53:41.492+0600][7.035s][info][gc,stats    ]   Finish Mark                       154 us
[2026-04-03T06:53:41.492+0600][7.035s][info][gc,stats    ]   Update Region States               54 us
[2026-04-03T06:53:41.492+0600][7.035s][info][gc,stats    ]   Choose Collection Set             182 us
[2026-04-03T06:53:41.492+0600][7.035s][info][gc,stats    ]   Rebuild Free Set                   38 us
[2026-04-03T06:53:41.492+0600][7.035s][info][gc,stats    ] Concurrent Thread Roots             833 us, parallelism: 1.40x
[2026-04-03T06:53:41.492+0600][7.035s][info][gc,stats    ]   CTR: <total>                     1169 us
[2026-04-03T06:53:41.492+0600][7.035s][info][gc,stats    ]   CTR: Thread Roots                1169 us, workers (us): 519, 346, 305, ---, ---, ---, 
[2026-04-03T06:53:41.492+0600][7.035s][info][gc,stats    ] Concurrent Weak References          825 us, parallelism: 0.76x
[2026-04-03T06:53:41.492+0600][7.035s][info][gc,stats    ]   CWRF: <total>                     627 us
[2026-04-03T06:53:41.492+0600][7.035s][info][gc,stats    ]   CWRF: Weak References             627 us, workers (us):  31, 539,  57, ---, ---, ---, 
[2026-04-03T06:53:41.492+0600][7.035s][info][gc,stats    ] Concurrent Weak Roots              2022 us
[2026-04-03T06:53:41.492+0600][7.035s][info][gc,stats    ]   Roots                            1727 us, parallelism: 2.51x
[2026-04-03T06:53:41.492+0600][7.035s][info][gc,stats    ]     CWR: <total>                   4330 us
[2026-04-03T06:53:41.492+0600][7.035s][info][gc,stats    ]     CWR: Code Cache Roots          1390 us, workers (us): 425, 540, 425, ---, ---, ---, 
[2026-04-03T06:53:41.492+0600][7.035s][info][gc,stats    ]     CWR: VM Weak Roots             2921 us, workers (us): 1014, 970, 937, ---, ---, ---, 
[2026-04-03T06:53:41.492+0600][7.035s][info][gc,stats    ]     CWR: CLDG Roots                  20 us, workers (us): ---,  20, ---, ---, ---, ---, 
[2026-04-03T06:53:41.492+0600][7.035s][info][gc,stats    ]   Rendezvous                        158 us
[2026-04-03T06:53:41.492+0600][7.035s][info][gc,stats    ] Concurrent Cleanup                  293 us
[2026-04-03T06:53:41.492+0600][7.035s][info][gc,stats    ] Concurrent Class Unloading         4214 us
[2026-04-03T06:53:41.492+0600][7.035s][info][gc,stats    ]   Unlink Stale                     2327 us
[2026-04-03T06:53:41.492+0600][7.035s][info][gc,stats    ]     System Dictionary                29 us
[2026-04-03T06:53:41.492+0600][7.035s][info][gc,stats    ]     Weak Class Links                  1 us
[2026-04-03T06:53:41.492+0600][7.035s][info][gc,stats    ]     Code Roots                     2293 us
[2026-04-03T06:53:41.492+0600][7.035s][info][gc,stats    ]   Rendezvous                        547 us
[2026-04-03T06:53:41.492+0600][7.035s][info][gc,stats    ]   Purge Unlinked                   1155 us
[2026-04-03T06:53:41.492+0600][7.035s][info][gc,stats    ]     Code Roots                     1138 us
[2026-04-03T06:53:41.492+0600][7.035s][info][gc,stats    ]     CLDG                             16 us
[2026-04-03T06:53:41.492+0600][7.035s][info][gc,stats    ]     Exception Caches                  0 us
[2026-04-03T06:53:41.492+0600][7.035s][info][gc,stats    ] Concurrent Strong Roots            1374 us, parallelism: 0.84x
[2026-04-03T06:53:41.492+0600][7.035s][info][gc,stats    ]   CSR: <total>                     1148 us
[2026-04-03T06:53:41.492+0600][7.035s][info][gc,stats    ]   CSR: VM Strong Roots               63 us, workers (us):  39,  11,  13, ---, ---, ---, 
[2026-04-03T06:53:41.492+0600][7.035s][info][gc,stats    ]   CSR: CLDG Roots                  1085 us, workers (us): ---, 1085, ---, ---, ---, ---, 
[2026-04-03T06:53:41.492+0600][7.035s][info][gc,stats    ] Concurrent Evacuation              6008 us
[2026-04-03T06:53:41.492+0600][7.035s][info][gc,stats    ] Pause Init Update Refs (G)          545 us
[2026-04-03T06:53:41.492+0600][7.035s][info][gc,stats    ] Pause Init Update Refs (N)          107 us
[2026-04-03T06:53:41.492+0600][7.035s][info][gc,stats    ]   Manage GCLABs                      11 us
[2026-04-03T06:53:41.492+0600][7.035s][info][gc,stats    ] Concurrent Update Refs             6750 us
[2026-04-03T06:53:41.492+0600][7.035s][info][gc,stats    ] Concurrent Update Thread Roots      486 us
[2026-04-03T06:53:41.492+0600][7.035s][info][gc,stats    ] Pause Final Update Refs (G)         483 us
[2026-04-03T06:53:41.492+0600][7.035s][info][gc,stats    ] Pause Final Update Refs (N)         288 us
[2026-04-03T06:53:41.492+0600][7.035s][info][gc,stats    ]   Update Region States               80 us
[2026-04-03T06:53:41.492+0600][7.035s][info][gc,stats    ]   Trash Collection Set               14 us
[2026-04-03T06:53:41.492+0600][7.035s][info][gc,stats    ]   Rebuild Free Set                   46 us
[2026-04-03T06:53:41.492+0600][7.035s][info][gc,stats    ] Concurrent Cleanup                  839 us
[2026-04-03T06:53:41.492+0600][7.035s][info][gc,stats    ] 
[2026-04-03T06:53:41.492+0600][7.035s][info][gc,stats    ] Allocation pacing accrued:
[2026-04-03T06:53:41.492+0600][7.035s][info][gc,stats    ]       0 of  2876 ms (  0.0%): <total>
[2026-04-03T06:53:41.492+0600][7.035s][info][gc,stats    ]       0 of  2876 ms (  0.0%): <average total>
[2026-04-03T06:53:41.492+0600][7.035s][info][gc,stats    ] 
[2026-04-03T06:53:41.492+0600][7.035s][info][gc,metaspace] Metaspace: 36105K(36544K)->36397K(36800K) NonClass: 31605K(31872K)->31862K(32128K) Class: 4499K(4672K)->4535K(4672K)
[2026-04-03T06:53:41.492+0600][7.035s][info][gc,ergo     ] Pacer for Idle. Initial: 80302K, Alloc Tax Rate: 1.0x
[2026-04-03T06:53:47.973+0600][13.516s][info][gc          ] Trigger: Explicit GC request (System.gc())
[2026-04-03T06:53:47.973+0600][13.516s][info][gc,ergo     ] Free: 2887M, Max: 1024K regular, 2887M humongous, Frag: 0% external, 0% internal; Reserve: 197M, Max: 1024K
[2026-04-03T06:53:47.973+0600][13.517s][info][gc,start    ] GC(2) Concurrent reset
[2026-04-03T06:53:47.973+0600][13.517s][info][gc,task     ] GC(2) Using 3 of 6 workers for concurrent reset
[2026-04-03T06:53:47.974+0600][13.517s][info][gc,ergo     ] GC(2) Pacer for Reset. Non-Taxable: 3921M
[2026-04-03T06:53:47.975+0600][13.518s][info][gc          ] GC(2) Concurrent reset 1.217ms
[2026-04-03T06:53:47.975+0600][13.518s][info][gc,start    ] GC(2) Pause Init Mark (unload classes)
[2026-04-03T06:53:47.975+0600][13.518s][info][gc,task     ] GC(2) Using 6 of 6 workers for init marking
[2026-04-03T06:53:47.975+0600][13.518s][info][gc,ref      ] GC(2) Clearing All SoftReferences
[2026-04-03T06:53:47.975+0600][13.518s][info][gc,ergo     ] GC(2) Pacer for Mark. Expected Live: 20159K, Free: 2887M, Non-Taxable: 288M, Alloc Tax Rate: 0.0x
[2026-04-03T06:53:47.975+0600][13.518s][info][gc          ] GC(2) Pause Init Mark (unload classes) 0.196ms
[2026-04-03T06:53:47.975+0600][13.518s][info][gc,start    ] GC(2) Concurrent marking roots
[2026-04-03T06:53:47.975+0600][13.518s][info][gc,task     ] GC(2) Using 3 of 6 workers for concurrent marking roots
[2026-04-03T06:53:47.977+0600][13.520s][info][gc          ] GC(2) Concurrent marking roots 1.741ms
[2026-04-03T06:53:47.977+0600][13.520s][info][gc,start    ] GC(2) Concurrent marking (unload classes)
[2026-04-03T06:53:47.977+0600][13.520s][info][gc,task     ] GC(2) Using 3 of 6 workers for concurrent marking
[2026-04-03T06:53:47.992+0600][13.535s][info][gc          ] GC(2) Concurrent marking (unload classes) 15.019ms
[2026-04-03T06:53:47.992+0600][13.536s][info][gc,start    ] GC(2) Pause Final Mark (unload classes)
[2026-04-03T06:53:47.993+0600][13.536s][info][gc,task     ] GC(2) Using 6 of 6 workers for final marking
[2026-04-03T06:53:47.993+0600][13.536s][info][gc,ergo     ] GC(2) Adaptive CSet Selection. Target Free: 555M, Actual Free: 3684M, Max CSet: 163M, Min Garbage: 0B
[2026-04-03T06:53:47.993+0600][13.536s][info][gc,ergo     ] GC(2) Collectable Garbage: 793M (99%), Immediate: 600M (75%), CSet: 192M (24%)
[2026-04-03T06:53:47.993+0600][13.536s][info][gc,ergo     ] GC(2) Pacer for Evacuation. Used CSet: 201M, Free: 3502M, Non-Taxable: 350M, Alloc Tax Rate: 1.1x
[2026-04-03T06:53:47.993+0600][13.536s][info][gc          ] GC(2) Pause Final Mark (unload classes) 0.829ms
[2026-04-03T06:53:47.993+0600][13.537s][info][gc,start    ] GC(2) Concurrent thread roots
[2026-04-03T06:53:47.994+0600][13.537s][info][gc,task     ] GC(2) Using 3 of 6 workers for Concurrent thread roots
[2026-04-03T06:53:47.994+0600][13.537s][info][gc          ] GC(2) Concurrent thread roots 0.625ms
[2026-04-03T06:53:47.994+0600][13.537s][info][gc,start    ] GC(2) Concurrent weak references
[2026-04-03T06:53:47.994+0600][13.537s][info][gc,task     ] GC(2) Using 3 of 6 workers for concurrent weak references
[2026-04-03T06:53:47.996+0600][13.539s][info][gc,ref      ] GC(2) Encountered references: Soft: 4167, Weak: 4499, Final: 82, Phantom: 588
[2026-04-03T06:53:47.996+0600][13.539s][info][gc,ref      ] GC(2) Discovered  references: Soft: 1940, Weak: 3043, Final: 48, Phantom: 583
[2026-04-03T06:53:47.996+0600][13.539s][info][gc,ref      ] GC(2) Enqueued    references: Soft: 1694, Weak: 1090, Final: 0, Phantom: 1
[2026-04-03T06:53:47.996+0600][13.539s][info][gc          ] GC(2) Concurrent weak references 1.567ms
[2026-04-03T06:53:47.996+0600][13.539s][info][gc,start    ] GC(2) Concurrent weak roots
[2026-04-03T06:53:47.996+0600][13.539s][info][gc,task     ] GC(2) Using 3 of 6 workers for concurrent weak root
[2026-04-03T06:53:47.998+0600][13.541s][info][gc          ] GC(2) Concurrent weak roots 2.648ms
[2026-04-03T06:53:47.998+0600][13.542s][info][gc,start    ] GC(2) Concurrent cleanup
[2026-04-03T06:53:47.999+0600][13.542s][info][gc          ] GC(2) Concurrent cleanup 822M->222M(844M) 0.305ms
[2026-04-03T06:53:47.999+0600][13.542s][info][gc,ergo     ] GC(2) Free: 3501M, Max: 1024K regular, 2886M humongous, Frag: 18% external, 0% internal; Reserve: 195M, Max: 1024K
[2026-04-03T06:53:47.999+0600][13.542s][info][gc,start    ] GC(2) Concurrent class unloading
[2026-04-03T06:53:47.999+0600][13.542s][info][gc,task     ] GC(2) Using 3 of 6 workers for concurrent class unloading
[2026-04-03T06:53:48.013+0600][13.556s][info][gc          ] GC(2) Concurrent class unloading 14.344ms
[2026-04-03T06:53:48.013+0600][13.556s][info][gc,start    ] GC(2) Concurrent strong roots
[2026-04-03T06:53:48.013+0600][13.556s][info][gc,task     ] GC(2) Using 3 of 6 workers for concurrent strong root
[2026-04-03T06:53:48.015+0600][13.558s][info][gc          ] GC(2) Concurrent strong roots 2.076ms
[2026-04-03T06:53:48.015+0600][13.559s][info][gc,start    ] GC(2) Concurrent evacuation
[2026-04-03T06:53:48.015+0600][13.559s][info][gc,task     ] GC(2) Using 3 of 6 workers for concurrent evacuation
[2026-04-03T06:53:48.022+0600][13.565s][info][gc          ] GC(2) Concurrent evacuation 6.407ms
[2026-04-03T06:53:48.022+0600][13.565s][info][gc,start    ] GC(2) Pause Init Update Refs
[2026-04-03T06:53:48.022+0600][13.565s][info][gc,ergo     ] GC(2) Pacer for Update Refs. Used: 232M, Free: 3501M, Non-Taxable: 350M, Alloc Tax Rate: 1.1x
[2026-04-03T06:53:48.022+0600][13.565s][info][gc          ] GC(2) Pause Init Update Refs 0.203ms
[2026-04-03T06:53:48.022+0600][13.566s][info][gc,start    ] GC(2) Concurrent update references
[2026-04-03T06:53:48.023+0600][13.566s][info][gc,task     ] GC(2) Using 3 of 6 workers for concurrent reference update
[2026-04-03T06:53:48.032+0600][13.575s][info][gc          ] GC(2) Concurrent update references 9.859ms
[2026-04-03T06:53:48.032+0600][13.575s][info][gc,start    ] GC(2) Concurrent update thread roots
[2026-04-03T06:53:48.033+0600][13.576s][info][gc          ] GC(2) Concurrent update thread roots 0.712ms
[2026-04-03T06:53:48.033+0600][13.576s][info][gc,start    ] GC(2) Pause Final Update Refs
[2026-04-03T06:53:48.033+0600][13.576s][info][gc,task     ] GC(2) Using 6 of 6 workers for final reference update
[2026-04-03T06:53:48.033+0600][13.577s][info][gc          ] GC(2) Pause Final Update Refs 0.201ms
[2026-04-03T06:53:48.034+0600][13.577s][info][gc,start    ] GC(2) Concurrent cleanup
[2026-04-03T06:53:48.034+0600][13.577s][info][gc          ] GC(2) Concurrent cleanup 232M->31M(850M) 0.739ms
[2026-04-03T06:53:48.034+0600][13.578s][info][gc,ergo     ] Free: 3691M, Max: 1024K regular, 2879M humongous, Frag: 22% external, 0% internal; Reserve: 197M, Max: 1024K
[2026-04-03T06:53:48.035+0600][13.578s][info][gc,stats    ] 
[2026-04-03T06:53:48.035+0600][13.578s][info][gc,stats    ] All times are wall-clock times, except per-root-class counters, that are sum over
[2026-04-03T06:53:48.035+0600][13.578s][info][gc,stats    ] all workers. Dividing the <total> over the root stage time estimates parallelism.
[2026-04-03T06:53:48.035+0600][13.578s][info][gc,stats    ] 
[2026-04-03T06:53:48.035+0600][13.578s][info][gc,stats    ] Concurrent Reset                   1294 us
[2026-04-03T06:53:48.035+0600][13.578s][info][gc,stats    ] Pause Init Mark (G)                 520 us
[2026-04-03T06:53:48.035+0600][13.578s][info][gc,stats    ] Pause Init Mark (N)                 214 us
[2026-04-03T06:53:48.035+0600][13.578s][info][gc,stats    ]   Update Region States               43 us
[2026-04-03T06:53:48.035+0600][13.578s][info][gc,stats    ] Concurrent Mark Roots              1795 us, parallelism: 2.35x
[2026-04-03T06:53:48.035+0600][13.578s][info][gc,stats    ]   CMR: <total>                     4217 us
[2026-04-03T06:53:48.035+0600][13.578s][info][gc,stats    ]   CMR: Thread Roots                3323 us, workers (us): 1276, 1205, 842, ---, ---, ---, 
[2026-04-03T06:53:48.035+0600][13.578s][info][gc,stats    ]   CMR: VM Strong Roots              397 us, workers (us): 110, 231,  55, ---, ---, ---, 
[2026-04-03T06:53:48.035+0600][13.578s][info][gc,stats    ]   CMR: CLDG Roots                   496 us, workers (us): ---, ---, 496, ---, ---, ---, 
[2026-04-03T06:53:48.035+0600][13.578s][info][gc,stats    ] Concurrent Marking                15128 us
[2026-04-03T06:53:48.035+0600][13.578s][info][gc,stats    ] Pause Final Mark (G)               1251 us
[2026-04-03T06:53:48.035+0600][13.578s][info][gc,stats    ] Pause Final Mark (N)                845 us
[2026-04-03T06:53:48.035+0600][13.578s][info][gc,stats    ]   Finish Mark                       391 us
[2026-04-03T06:53:48.035+0600][13.578s][info][gc,stats    ]   Update Region States               55 us
[2026-04-03T06:53:48.035+0600][13.578s][info][gc,stats    ]   Choose Collection Set             172 us
[2026-04-03T06:53:48.035+0600][13.578s][info][gc,stats    ]   Rebuild Free Set                   68 us
[2026-04-03T06:53:48.035+0600][13.578s][info][gc,stats    ] Concurrent Thread Roots             686 us, parallelism: 1.33x
[2026-04-03T06:53:48.035+0600][13.578s][info][gc,stats    ]   CTR: <total>                      910 us
[2026-04-03T06:53:48.035+0600][13.578s][info][gc,stats    ]   CTR: Thread Roots                 910 us, workers (us): 317, 314, 279, ---, ---, ---, 
[2026-04-03T06:53:48.035+0600][13.578s][info][gc,stats    ] Concurrent Weak References         1578 us, parallelism: 0.96x
[2026-04-03T06:53:48.035+0600][13.578s][info][gc,stats    ]   CWRF: <total>                    1508 us
[2026-04-03T06:53:48.035+0600][13.578s][info][gc,stats    ]   CWRF: Weak References            1508 us, workers (us): 221,  98, 1189, ---, ---, ---, 
[2026-04-03T06:53:48.035+0600][13.578s][info][gc,stats    ] Concurrent Weak Roots              2729 us
[2026-04-03T06:53:48.035+0600][13.578s][info][gc,stats    ]   Roots                            2348 us, parallelism: 2.53x
[2026-04-03T06:53:48.035+0600][13.578s][info][gc,stats    ]     CWR: <total>                   5932 us
[2026-04-03T06:53:48.035+0600][13.578s][info][gc,stats    ]     CWR: Code Cache Roots          2299 us, workers (us): 742, 642, 914, ---, ---, ---, 
[2026-04-03T06:53:48.035+0600][13.578s][info][gc,stats    ]     CWR: VM Weak Roots             3551 us, workers (us): 1184, 1185, 1181, ---, ---, ---, 
[2026-04-03T06:53:48.035+0600][13.578s][info][gc,stats    ]     CWR: CLDG Roots                  83 us, workers (us):  83, ---, ---, ---, ---, ---, 
[2026-04-03T06:53:48.035+0600][13.578s][info][gc,stats    ]   Rendezvous                        268 us
[2026-04-03T06:53:48.035+0600][13.578s][info][gc,stats    ] Concurrent Cleanup                  346 us
[2026-04-03T06:53:48.035+0600][13.578s][info][gc,stats    ] Concurrent Class Unloading        14436 us
[2026-04-03T06:53:48.035+0600][13.578s][info][gc,stats    ]   Unlink Stale                    12342 us
[2026-04-03T06:53:48.035+0600][13.578s][info][gc,stats    ]     System Dictionary               410 us
[2026-04-03T06:53:48.035+0600][13.578s][info][gc,stats    ]     Weak Class Links               8454 us
[2026-04-03T06:53:48.035+0600][13.578s][info][gc,stats    ]     Code Roots                     3473 us
[2026-04-03T06:53:48.035+0600][13.578s][info][gc,stats    ]   Rendezvous                        247 us
[2026-04-03T06:53:48.035+0600][13.578s][info][gc,stats    ]   Purge Unlinked                   1715 us
[2026-04-03T06:53:48.035+0600][13.578s][info][gc,stats    ]     Code Roots                     1287 us
[2026-04-03T06:53:48.035+0600][13.578s][info][gc,stats    ]     CLDG                            425 us
[2026-04-03T06:53:48.035+0600][13.578s][info][gc,stats    ]     Exception Caches                  0 us
[2026-04-03T06:53:48.035+0600][13.578s][info][gc,stats    ] Concurrent Strong Roots            2148 us, parallelism: 0.89x
[2026-04-03T06:53:48.035+0600][13.578s][info][gc,stats    ]   CSR: <total>                     1910 us
[2026-04-03T06:53:48.035+0600][13.578s][info][gc,stats    ]   CSR: VM Strong Roots              104 us, workers (us):  37,  21,  46, ---, ---, ---, 
[2026-04-03T06:53:48.035+0600][13.578s][info][gc,stats    ]   CSR: CLDG Roots                  1807 us, workers (us): ---, 1807, ---, ---, ---, ---, 
[2026-04-03T06:53:48.035+0600][13.578s][info][gc,stats    ] Concurrent Evacuation              6491 us
[2026-04-03T06:53:48.035+0600][13.578s][info][gc,stats    ] Pause Init Update Refs (G)          472 us
[2026-04-03T06:53:48.035+0600][13.578s][info][gc,stats    ] Pause Init Update Refs (N)          222 us
[2026-04-03T06:53:48.035+0600][13.578s][info][gc,stats    ]   Manage GCLABs                      16 us
[2026-04-03T06:53:48.035+0600][13.578s][info][gc,stats    ] Concurrent Update Refs             9946 us
[2026-04-03T06:53:48.035+0600][13.578s][info][gc,stats    ] Concurrent Update Thread Roots      769 us
[2026-04-03T06:53:48.035+0600][13.578s][info][gc,stats    ] Pause Final Update Refs (G)         499 us
[2026-04-03T06:53:48.035+0600][13.578s][info][gc,stats    ] Pause Final Update Refs (N)         238 us
[2026-04-03T06:53:48.035+0600][13.578s][info][gc,stats    ]   Update Region States               62 us
[2026-04-03T06:53:48.035+0600][13.578s][info][gc,stats    ]   Trash Collection Set               13 us
[2026-04-03T06:53:48.035+0600][13.578s][info][gc,stats    ]   Rebuild Free Set                   37 us
[2026-04-03T06:53:48.035+0600][13.578s][info][gc,stats    ] Concurrent Cleanup                  759 us
[2026-04-03T06:53:48.035+0600][13.578s][info][gc,stats    ] 
[2026-04-03T06:53:48.035+0600][13.578s][info][gc,stats    ] Allocation pacing accrued:
[2026-04-03T06:53:48.035+0600][13.578s][info][gc,stats    ]       0 of  6543 ms (  0.0%): <total>
[2026-04-03T06:53:48.035+0600][13.578s][info][gc,stats    ]       0 of  6543 ms (  0.0%): <average total>
[2026-04-03T06:53:48.035+0600][13.578s][info][gc,stats    ] 
[2026-04-03T06:53:48.035+0600][13.578s][info][gc,metaspace] Metaspace: 57694K(58304K)->57450K(58240K) NonClass: 50466K(50816K)->50278K(50816K) Class: 7227K(7488K)->7171K(7424K)
[2026-04-03T06:53:48.035+0600][13.578s][info][gc,ergo     ] Pacer for Idle. Initial: 80302K, Alloc Tax Rate: 1.0x
[2026-04-03T06:53:48.035+0600][13.578s][info][gc,start    ] Concurrent uncommit
[2026-04-03T06:53:48.142+0600][13.685s][info][gc          ] Concurrent uncommit 31M->40M(43M) 106.813ms
[2026-04-03T06:53:51.203+0600][16.746s][info][gc          ] Trigger: Learning 2 of 5. Free (2743M) is below initial threshold (2744M)
[2026-04-03T06:53:51.203+0600][16.746s][info][gc,ergo     ] Free: 2743M, Max: 1024K regular, 2743M humongous, Frag: 0% external, 0% internal; Reserve: 197M, Max: 1024K
[2026-04-03T06:53:51.203+0600][16.746s][info][gc,start    ] GC(3) Concurrent reset
[2026-04-03T06:53:51.203+0600][16.746s][info][gc,task     ] GC(3) Using 3 of 6 workers for concurrent reset
[2026-04-03T06:53:51.203+0600][16.746s][info][gc,ergo     ] GC(3) Pacer for Reset. Non-Taxable: 3921M
[2026-04-03T06:53:51.205+0600][16.749s][info][gc          ] GC(3) Concurrent reset 2.378ms
[2026-04-03T06:53:51.206+0600][16.749s][info][gc,start    ] GC(3) Pause Init Mark (unload classes)
[2026-04-03T06:53:51.206+0600][16.749s][info][gc,task     ] GC(3) Using 6 of 6 workers for init marking
[2026-04-03T06:53:51.206+0600][16.749s][info][gc,ergo     ] GC(3) Pacer for Mark. Expected Live: 22431K, Free: 2739M, Non-Taxable: 273M, Alloc Tax Rate: 0.0x
[2026-04-03T06:53:51.206+0600][16.749s][info][gc          ] GC(3) Pause Init Mark (unload classes) 0.135ms
[2026-04-03T06:53:51.206+0600][16.749s][info][gc,start    ] GC(3) Concurrent marking roots
[2026-04-03T06:53:51.206+0600][16.749s][info][gc,task     ] GC(3) Using 3 of 6 workers for concurrent marking roots
[2026-04-03T06:53:51.207+0600][16.750s][info][gc          ] GC(3) Concurrent marking roots 1.385ms
[2026-04-03T06:53:51.207+0600][16.750s][info][gc,start    ] GC(3) Concurrent marking (unload classes)
[2026-04-03T06:53:51.207+0600][16.750s][info][gc,task     ] GC(3) Using 3 of 6 workers for concurrent marking
[2026-04-03T06:53:51.223+0600][16.766s][info][gc          ] GC(3) Concurrent marking (unload classes) 15.464ms
[2026-04-03T06:53:51.223+0600][16.766s][info][gc,start    ] GC(3) Pause Final Mark (unload classes)
[2026-04-03T06:53:51.223+0600][16.766s][info][gc,task     ] GC(3) Using 6 of 6 workers for final marking
[2026-04-03T06:53:51.224+0600][16.767s][info][gc,ergo     ] GC(3) Adaptive CSet Selection. Target Free: 555M, Actual Free: 3730M, Max CSet: 163M, Min Garbage: 0B
[2026-04-03T06:53:51.224+0600][16.767s][info][gc,ergo     ] GC(3) Collectable Garbage: 942M (99%), Immediate: 813M (86%), CSet: 129M (13%)
[2026-04-03T06:53:51.224+0600][16.767s][info][gc,ergo     ] GC(3) Pacer for Evacuation. Used CSet: 135M, Free: 3540M, Non-Taxable: 354M, Alloc Tax Rate: 1.1x
[2026-04-03T06:53:51.224+0600][16.767s][info][gc          ] GC(3) Pause Final Mark (unload classes) 0.811ms
[2026-04-03T06:53:51.224+0600][16.767s][info][gc,start    ] GC(3) Concurrent thread roots
[2026-04-03T06:53:51.224+0600][16.767s][info][gc,task     ] GC(3) Using 3 of 6 workers for Concurrent thread roots
[2026-04-03T06:53:51.224+0600][16.768s][info][gc          ] GC(3) Concurrent thread roots 0.501ms
[2026-04-03T06:53:51.224+0600][16.768s][info][gc,start    ] GC(3) Concurrent weak references
[2026-04-03T06:53:51.224+0600][16.768s][info][gc,task     ] GC(3) Using 3 of 6 workers for concurrent weak references
[2026-04-03T06:53:51.225+0600][16.768s][info][gc,ref      ] GC(3) Encountered references: Soft: 3188, Weak: 5791, Final: 82, Phantom: 605
[2026-04-03T06:53:51.225+0600][16.768s][info][gc,ref      ] GC(3) Discovered  references: Soft: 0, Weak: 3289, Final: 48, Phantom: 583
[2026-04-03T06:53:51.225+0600][16.768s][info][gc,ref      ] GC(3) Enqueued    references: Soft: 0, Weak: 798, Final: 0, Phantom: 1
[2026-04-03T06:53:51.225+0600][16.768s][info][gc          ] GC(3) Concurrent weak references 0.859ms
[2026-04-03T06:53:51.225+0600][16.768s][info][gc,start    ] GC(3) Concurrent weak roots
[2026-04-03T06:53:51.225+0600][16.768s][info][gc,task     ] GC(3) Using 3 of 6 workers for concurrent weak root
[2026-04-03T06:53:51.227+0600][16.770s][info][gc          ] GC(3) Concurrent weak roots 2.032ms
[2026-04-03T06:53:51.227+0600][16.770s][info][gc,start    ] GC(3) Concurrent cleanup
[2026-04-03T06:53:51.228+0600][16.771s][info][gc          ] GC(3) Concurrent cleanup 999M->186M(1009M) 0.770ms
[2026-04-03T06:53:51.228+0600][16.771s][info][gc,ergo     ] GC(3) Free: 3536M, Max: 1024K regular, 2717M humongous, Frag: 24% external, 0% internal; Reserve: 195M, Max: 1024K
[2026-04-03T06:53:51.228+0600][16.771s][info][gc,start    ] GC(3) Concurrent class unloading
[2026-04-03T06:53:51.228+0600][16.771s][info][gc,task     ] GC(3) Using 3 of 6 workers for concurrent class unloading
[2026-04-03T06:53:51.245+0600][16.789s][info][gc          ] GC(3) Concurrent class unloading 17.193ms
[2026-04-03T06:53:51.246+0600][16.789s][info][gc,start    ] GC(3) Concurrent strong roots
[2026-04-03T06:53:51.246+0600][16.789s][info][gc,task     ] GC(3) Using 3 of 6 workers for concurrent strong root
[2026-04-03T06:53:51.247+0600][16.790s][info][gc          ] GC(3) Concurrent strong roots 1.215ms
[2026-04-03T06:53:51.247+0600][16.790s][info][gc,start    ] GC(3) Concurrent evacuation
[2026-04-03T06:53:51.247+0600][16.790s][info][gc,task     ] GC(3) Using 3 of 6 workers for concurrent evacuation
[2026-04-03T06:53:51.253+0600][16.796s][info][gc          ] GC(3) Concurrent evacuation 6.111ms
[2026-04-03T06:53:51.253+0600][16.796s][info][gc,start    ] GC(3) Pause Init Update Refs
[2026-04-03T06:53:51.253+0600][16.796s][info][gc,ergo     ] GC(3) Pacer for Update Refs. Used: 217M, Free: 3512M, Non-Taxable: 351M, Alloc Tax Rate: 1.1x
[2026-04-03T06:53:51.253+0600][16.796s][info][gc          ] GC(3) Pause Init Update Refs 0.112ms
[2026-04-03T06:53:51.253+0600][16.797s][info][gc,start    ] GC(3) Concurrent update references
[2026-04-03T06:53:51.254+0600][16.797s][info][gc,task     ] GC(3) Using 3 of 6 workers for concurrent reference update
[2026-04-03T06:53:51.270+0600][16.813s][info][gc          ] GC(3) Concurrent update references 16.084ms
[2026-04-03T06:53:51.270+0600][16.813s][info][gc,start    ] GC(3) Concurrent update thread roots
[2026-04-03T06:53:51.270+0600][16.813s][info][gc          ] GC(3) Concurrent update thread roots 0.631ms
[2026-04-03T06:53:51.270+0600][16.814s][info][gc,start    ] GC(3) Pause Final Update Refs
[2026-04-03T06:53:51.270+0600][16.814s][info][gc,task     ] GC(3) Using 6 of 6 workers for final reference update
[2026-04-03T06:53:51.271+0600][16.814s][info][gc          ] GC(3) Pause Final Update Refs 0.171ms
[2026-04-03T06:53:51.271+0600][16.814s][info][gc,start    ] GC(3) Concurrent cleanup
[2026-04-03T06:53:51.271+0600][16.814s][info][gc          ] GC(3) Concurrent cleanup 235M->99M(1015M) 0.269ms
[2026-04-03T06:53:51.271+0600][16.814s][info][gc,ergo     ] Free: 3622M, Max: 1024K regular, 2712M humongous, Frag: 26% external, 0% internal; Reserve: 197M, Max: 1024K
[2026-04-03T06:53:51.271+0600][16.814s][info][gc,stats    ] 
[2026-04-03T06:53:51.271+0600][16.814s][info][gc,stats    ] All times are wall-clock times, except per-root-class counters, that are sum over
[2026-04-03T06:53:51.271+0600][16.814s][info][gc,stats    ] all workers. Dividing the <total> over the root stage time estimates parallelism.
[2026-04-03T06:53:51.271+0600][16.814s][info][gc,stats    ] 
[2026-04-03T06:53:51.271+0600][16.814s][info][gc,stats    ] Concurrent Reset                   2415 us
[2026-04-03T06:53:51.271+0600][16.814s][info][gc,stats    ] Pause Init Mark (G)                 290 us
[2026-04-03T06:53:51.271+0600][16.814s][info][gc,stats    ] Pause Init Mark (N)                 149 us
[2026-04-03T06:53:51.271+0600][16.814s][info][gc,stats    ]   Update Region States               36 us
[2026-04-03T06:53:51.271+0600][16.814s][info][gc,stats    ] Concurrent Mark Roots              1425 us, parallelism: 2.44x
[2026-04-03T06:53:51.271+0600][16.814s][info][gc,stats    ]   CMR: <total>                     3476 us
[2026-04-03T06:53:51.271+0600][16.814s][info][gc,stats    ]   CMR: Thread Roots                3189 us, workers (us): 916, 1133, 1140, ---, ---, ---, 
[2026-04-03T06:53:51.271+0600][16.814s][info][gc,stats    ]   CMR: VM Strong Roots               40 us, workers (us):  15,  25,   0, ---, ---, ---, 
[2026-04-03T06:53:51.271+0600][16.814s][info][gc,stats    ]   CMR: CLDG Roots                   247 us, workers (us): 247, ---, ---, ---, ---, ---, 
[2026-04-03T06:53:51.271+0600][16.814s][info][gc,stats    ] Concurrent Marking                15533 us
[2026-04-03T06:53:51.271+0600][16.814s][info][gc,stats    ] Pause Final Mark (G)               1186 us
[2026-04-03T06:53:51.271+0600][16.814s][info][gc,stats    ] Pause Final Mark (N)                830 us
[2026-04-03T06:53:51.271+0600][16.814s][info][gc,stats    ]   Finish Mark                       409 us
[2026-04-03T06:53:51.271+0600][16.814s][info][gc,stats    ]   Update Region States               57 us
[2026-04-03T06:53:51.271+0600][16.814s][info][gc,stats    ]   Choose Collection Set             176 us
[2026-04-03T06:53:51.271+0600][16.814s][info][gc,stats    ]   Rebuild Free Set                   34 us
[2026-04-03T06:53:51.271+0600][16.814s][info][gc,stats    ] Concurrent Thread Roots             535 us, parallelism: 1.75x
[2026-04-03T06:53:51.271+0600][16.814s][info][gc,stats    ]   CTR: <total>                      937 us
[2026-04-03T06:53:51.271+0600][16.814s][info][gc,stats    ]   CTR: Thread Roots                 937 us, workers (us): 347, 336, 254, ---, ---, ---, 
[2026-04-03T06:53:51.271+0600][16.815s][info][gc,stats    ] Concurrent Weak References          873 us, parallelism: 1.09x
[2026-04-03T06:53:51.271+0600][16.815s][info][gc,stats    ]   CWRF: <total>                     953 us
[2026-04-03T06:53:51.271+0600][16.815s][info][gc,stats    ]   CWRF: Weak References             953 us, workers (us): 685, 177,  91, ---, ---, ---, 
[2026-04-03T06:53:51.271+0600][16.815s][info][gc,stats    ] Concurrent Weak Roots              2077 us
[2026-04-03T06:53:51.271+0600][16.815s][info][gc,stats    ]   Roots                            1885 us, parallelism: 2.57x
[2026-04-03T06:53:51.272+0600][16.815s][info][gc,stats    ]     CWR: <total>                   4839 us
[2026-04-03T06:53:51.272+0600][16.815s][info][gc,stats    ]     CWR: Code Cache Roots          2331 us, workers (us): 680, 781, 869, ---, ---, ---, 
[2026-04-03T06:53:51.272+0600][16.815s][info][gc,stats    ]     CWR: VM Weak Roots             2408 us, workers (us): 807, 822, 779, ---, ---, ---, 
[2026-04-03T06:53:51.272+0600][16.815s][info][gc,stats    ]     CWR: CLDG Roots                 101 us, workers (us): 101, ---, ---, ---, ---, ---, 
[2026-04-03T06:53:51.272+0600][16.815s][info][gc,stats    ]   Rendezvous                        114 us
[2026-04-03T06:53:51.272+0600][16.815s][info][gc,stats    ] Concurrent Cleanup                  796 us
[2026-04-03T06:53:51.272+0600][16.815s][info][gc,stats    ] Concurrent Class Unloading        17311 us
[2026-04-03T06:53:51.272+0600][16.815s][info][gc,stats    ]   Unlink Stale                    15262 us
[2026-04-03T06:53:51.272+0600][16.815s][info][gc,stats    ]     System Dictionary               368 us
[2026-04-03T06:53:51.272+0600][16.815s][info][gc,stats    ]     Weak Class Links              10267 us
[2026-04-03T06:53:51.272+0600][16.815s][info][gc,stats    ]     Code Roots                     4623 us
[2026-04-03T06:53:51.272+0600][16.815s][info][gc,stats    ]   Rendezvous                        178 us
[2026-04-03T06:53:51.272+0600][16.815s][info][gc,stats    ]   Purge Unlinked                   1716 us
[2026-04-03T06:53:51.272+0600][16.815s][info][gc,stats    ]     Code Roots                     1444 us
[2026-04-03T06:53:51.272+0600][16.815s][info][gc,stats    ]     CLDG                            272 us
[2026-04-03T06:53:51.272+0600][16.815s][info][gc,stats    ]     Exception Caches                  0 us
[2026-04-03T06:53:51.272+0600][16.815s][info][gc,stats    ] Concurrent Strong Roots            1283 us, parallelism: 0.72x
[2026-04-03T06:53:51.272+0600][16.815s][info][gc,stats    ]   CSR: <total>                      927 us
[2026-04-03T06:53:51.272+0600][16.815s][info][gc,stats    ]   CSR: VM Strong Roots               30 us, workers (us):  18,  12,   0, ---, ---, ---, 
[2026-04-03T06:53:51.272+0600][16.815s][info][gc,stats    ]   CSR: CLDG Roots                   897 us, workers (us): ---, 897, ---, ---, ---, ---, 
[2026-04-03T06:53:51.272+0600][16.815s][info][gc,stats    ] Concurrent Evacuation              6199 us
[2026-04-03T06:53:51.272+0600][16.815s][info][gc,stats    ] Pause Init Update Refs (G)          351 us
[2026-04-03T06:53:51.272+0600][16.815s][info][gc,stats    ] Pause Init Update Refs (N)          125 us
[2026-04-03T06:53:51.272+0600][16.815s][info][gc,stats    ]   Manage GCLABs                      10 us
[2026-04-03T06:53:51.272+0600][16.815s][info][gc,stats    ] Concurrent Update Refs            16179 us
[2026-04-03T06:53:51.272+0600][16.815s][info][gc,stats    ] Concurrent Update Thread Roots      672 us
[2026-04-03T06:53:51.272+0600][16.815s][info][gc,stats    ] Pause Final Update Refs (G)         408 us
[2026-04-03T06:53:51.272+0600][16.815s][info][gc,stats    ] Pause Final Update Refs (N)         188 us
[2026-04-03T06:53:51.272+0600][16.815s][info][gc,stats    ]   Update Region States               54 us
[2026-04-03T06:53:51.272+0600][16.815s][info][gc,stats    ]   Trash Collection Set                8 us
[2026-04-03T06:53:51.272+0600][16.815s][info][gc,stats    ]   Rebuild Free Set                   37 us
[2026-04-03T06:53:51.272+0600][16.815s][info][gc,stats    ] Concurrent Cleanup                  296 us
[2026-04-03T06:53:51.272+0600][16.815s][info][gc,stats    ] 
[2026-04-03T06:53:51.272+0600][16.815s][info][gc,stats    ] Allocation pacing accrued:
[2026-04-03T06:53:51.272+0600][16.815s][info][gc,stats    ]       0 of  3237 ms (  0.0%): <total>
[2026-04-03T06:53:51.272+0600][16.815s][info][gc,stats    ]       0 of  3237 ms (  0.0%): <average total>
[2026-04-03T06:53:51.272+0600][16.815s][info][gc,stats    ] 
[2026-04-03T06:53:51.272+0600][16.815s][info][gc,metaspace] Metaspace: 66829K(67648K)->66642K(67648K) NonClass: 58424K(58880K)->58292K(58880K) Class: 8405K(8768K)->8350K(8768K)
[2026-04-03T06:53:51.272+0600][16.815s][info][gc,ergo     ] Pacer for Idle. Initial: 80302K, Alloc Tax Rate: 1.0x
[2026-04-03T06:53:51.741+0600][17.284s][info][gc          ] Trigger: Learning 3 of 5. Free (2743M) is below initial threshold (2744M)
[2026-04-03T06:53:51.741+0600][17.284s][info][gc,ergo     ] Free: 2743M, Max: 1024K regular, 2712M humongous, Frag: 2% external, 0% internal; Reserve: 197M, Max: 1024K
[2026-04-03T06:53:51.741+0600][17.284s][info][gc,start    ] GC(4) Concurrent reset
[2026-04-03T06:53:51.741+0600][17.284s][info][gc,task     ] GC(4) Using 3 of 6 workers for concurrent reset
[2026-04-03T06:53:51.741+0600][17.284s][info][gc,ergo     ] GC(4) Pacer for Reset. Non-Taxable: 3921M
[2026-04-03T06:53:51.743+0600][17.286s][info][gc          ] GC(4) Concurrent reset 1.690ms
[2026-04-03T06:53:51.743+0600][17.286s][info][gc,start    ] GC(4) Pause Init Mark (unload classes)
[2026-04-03T06:53:51.743+0600][17.286s][info][gc,task     ] GC(4) Using 6 of 6 workers for init marking
[2026-04-03T06:53:51.743+0600][17.287s][info][gc,ergo     ] GC(4) Pacer for Mark. Expected Live: 24963K, Free: 2740M, Non-Taxable: 274M, Alloc Tax Rate: 0.0x
[2026-04-03T06:53:51.743+0600][17.287s][info][gc          ] GC(4) Pause Init Mark (unload classes) 0.121ms
[2026-04-03T06:53:51.744+0600][17.287s][info][gc,start    ] GC(4) Concurrent marking roots
[2026-04-03T06:53:51.744+0600][17.287s][info][gc,task     ] GC(4) Using 3 of 6 workers for concurrent marking roots
[2026-04-03T06:53:51.744+0600][17.287s][info][gc          ] GC(4) Concurrent marking roots 0.613ms
[2026-04-03T06:53:51.744+0600][17.287s][info][gc,start    ] GC(4) Concurrent marking (unload classes)
[2026-04-03T06:53:51.744+0600][17.287s][info][gc,task     ] GC(4) Using 3 of 6 workers for concurrent marking
[2026-04-03T06:53:51.759+0600][17.302s][info][gc          ] GC(4) Concurrent marking (unload classes) 14.509ms
[2026-04-03T06:53:51.759+0600][17.302s][info][gc,start    ] GC(4) Pause Final Mark (unload classes)
[2026-04-03T06:53:51.759+0600][17.302s][info][gc,task     ] GC(4) Using 6 of 6 workers for final marking
[2026-04-03T06:53:51.759+0600][17.303s][info][gc,ergo     ] GC(4) Collectable Garbage: 936M (98%), Immediate: 936M (98%), CSet: 0B (0%)
[2026-04-03T06:53:51.760+0600][17.303s][info][gc          ] GC(4) Pause Final Mark (unload classes) 0.649ms
[2026-04-03T06:53:51.760+0600][17.303s][info][gc,start    ] GC(4) Concurrent weak references
[2026-04-03T06:53:51.760+0600][17.303s][info][gc,task     ] GC(4) Using 3 of 6 workers for concurrent weak references
[2026-04-03T06:53:51.760+0600][17.303s][info][gc,ref      ] GC(4) Encountered references: Soft: 3188, Weak: 4993, Final: 82, Phantom: 604
[2026-04-03T06:53:51.760+0600][17.303s][info][gc,ref      ] GC(4) Discovered  references: Soft: 0, Weak: 2509, Final: 48, Phantom: 583
[2026-04-03T06:53:51.760+0600][17.303s][info][gc,ref      ] GC(4) Enqueued    references: Soft: 0, Weak: 0, Final: 0, Phantom: 0
[2026-04-03T06:53:51.760+0600][17.303s][info][gc          ] GC(4) Concurrent weak references 0.390ms
[2026-04-03T06:53:51.760+0600][17.303s][info][gc,start    ] GC(4) Concurrent weak roots
[2026-04-03T06:53:51.760+0600][17.303s][info][gc,task     ] GC(4) Using 3 of 6 workers for concurrent weak root
[2026-04-03T06:53:51.762+0600][17.305s][info][gc          ] GC(4) Concurrent weak roots 1.829ms
[2026-04-03T06:53:51.762+0600][17.305s][info][gc,start    ] GC(4) Concurrent cleanup
[2026-04-03T06:53:51.763+0600][17.306s][info][gc          ] GC(4) Concurrent cleanup 1003M->67M(1015M) 0.740ms
[2026-04-03T06:53:51.763+0600][17.306s][info][gc,ergo     ] GC(4) Free: 3655M, Max: 1024K regular, 2741M humongous, Frag: 26% external, 0% internal; Reserve: 197M, Max: 1024K
[2026-04-03T06:53:51.763+0600][17.306s][info][gc,start    ] GC(4) Concurrent class unloading
[2026-04-03T06:53:51.763+0600][17.306s][info][gc,task     ] GC(4) Using 3 of 6 workers for concurrent class unloading
[2026-04-03T06:53:51.767+0600][17.310s][info][gc          ] GC(4) Concurrent class unloading 4.008ms
[2026-04-03T06:53:51.767+0600][17.310s][info][gc,start    ] GC(4) Pause Final Roots
[2026-04-03T06:53:51.767+0600][17.310s][info][gc          ] GC(4) Pause Final Roots 0.106ms
[2026-04-03T06:53:51.767+0600][17.310s][info][gc,ergo     ] Free: 3650M, Max: 1024K regular, 2741M humongous, Frag: 25% external, 0% internal; Reserve: 197M, Max: 1024K
[2026-04-03T06:53:51.767+0600][17.310s][info][gc,stats    ] 
[2026-04-03T06:53:51.767+0600][17.310s][info][gc,stats    ] All times are wall-clock times, except per-root-class counters, that are sum over
[2026-04-03T06:53:51.767+0600][17.310s][info][gc,stats    ] all workers. Dividing the <total> over the root stage time estimates parallelism.
[2026-04-03T06:53:51.767+0600][17.310s][info][gc,stats    ] 
[2026-04-03T06:53:51.767+0600][17.311s][info][gc,stats    ] Concurrent Reset                   1742 us
[2026-04-03T06:53:51.767+0600][17.311s][info][gc,stats    ] Pause Init Mark (G)                 381 us
[2026-04-03T06:53:51.767+0600][17.311s][info][gc,stats    ] Pause Init Mark (N)                 134 us
[2026-04-03T06:53:51.767+0600][17.311s][info][gc,stats    ]   Update Region States               29 us
[2026-04-03T06:53:51.767+0600][17.311s][info][gc,stats    ] Concurrent Mark Roots               640 us, parallelism: 1.76x
[2026-04-03T06:53:51.767+0600][17.311s][info][gc,stats    ]   CMR: <total>                     1129 us
[2026-04-03T06:53:51.767+0600][17.311s][info][gc,stats    ]   CMR: Thread Roots                 890 us, workers (us): 164, 363, 363, ---, ---, ---, 
[2026-04-03T06:53:51.768+0600][17.311s][info][gc,stats    ]   CMR: VM Strong Roots               19 us, workers (us):  18,   1,   1, ---, ---, ---, 
[2026-04-03T06:53:51.768+0600][17.311s][info][gc,stats    ]   CMR: CLDG Roots                   219 us, workers (us): 219, ---, ---, ---, ---, ---, 
[2026-04-03T06:53:51.768+0600][17.311s][info][gc,stats    ] Concurrent Marking                14588 us
[2026-04-03T06:53:51.768+0600][17.311s][info][gc,stats    ] Pause Final Mark (G)               1015 us
[2026-04-03T06:53:51.768+0600][17.311s][info][gc,stats    ] Pause Final Mark (N)                672 us
[2026-04-03T06:53:51.768+0600][17.311s][info][gc,stats    ]   Finish Mark                       344 us
[2026-04-03T06:53:51.768+0600][17.311s][info][gc,stats    ]   Update Region States               58 us
[2026-04-03T06:53:51.768+0600][17.311s][info][gc,stats    ]   Choose Collection Set             117 us
[2026-04-03T06:53:51.768+0600][17.311s][info][gc,stats    ]   Rebuild Free Set                   34 us
[2026-04-03T06:53:51.768+0600][17.311s][info][gc,stats    ] Concurrent Weak References          402 us, parallelism: 0.59x
[2026-04-03T06:53:51.768+0600][17.311s][info][gc,stats    ]   CWRF: <total>                     237 us
[2026-04-03T06:53:51.768+0600][17.311s][info][gc,stats    ]   CWRF: Weak References             237 us, workers (us): 216,  21,   0, ---, ---, ---, 
[2026-04-03T06:53:51.768+0600][17.311s][info][gc,stats    ] Concurrent Weak Roots              1890 us
[2026-04-03T06:53:51.768+0600][17.311s][info][gc,stats    ]   Roots                            1617 us, parallelism: 2.60x
[2026-04-03T06:53:51.768+0600][17.311s][info][gc,stats    ]     CWR: <total>                   4195 us
[2026-04-03T06:53:51.768+0600][17.311s][info][gc,stats    ]     CWR: Code Cache Roots          2922 us, workers (us): 1025, 955, 942, ---, ---, ---, 
[2026-04-03T06:53:51.768+0600][17.311s][info][gc,stats    ]     CWR: VM Weak Roots             1214 us, workers (us): 424, 398, 393, ---, ---, ---, 
[2026-04-03T06:53:51.768+0600][17.311s][info][gc,stats    ]     CWR: CLDG Roots                  59 us, workers (us): ---, ---,  59, ---, ---, ---, 
[2026-04-03T06:53:51.768+0600][17.311s][info][gc,stats    ]   Rendezvous                        171 us
[2026-04-03T06:53:51.768+0600][17.311s][info][gc,stats    ] Concurrent Cleanup                  766 us
[2026-04-03T06:53:51.768+0600][17.311s][info][gc,stats    ] Concurrent Class Unloading         4075 us
[2026-04-03T06:53:51.768+0600][17.311s][info][gc,stats    ]   Unlink Stale                     3590 us
[2026-04-03T06:53:51.768+0600][17.311s][info][gc,stats    ]     System Dictionary                60 us
[2026-04-03T06:53:51.768+0600][17.311s][info][gc,stats    ]     Weak Class Links                  0 us
[2026-04-03T06:53:51.768+0600][17.311s][info][gc,stats    ]     Code Roots                     3527 us
[2026-04-03T06:53:51.768+0600][17.311s][info][gc,stats    ]   Rendezvous                        221 us
[2026-04-03T06:53:51.768+0600][17.311s][info][gc,stats    ]   Purge Unlinked                    172 us
[2026-04-03T06:53:51.768+0600][17.311s][info][gc,stats    ]     Code Roots                      162 us
[2026-04-03T06:53:51.768+0600][17.311s][info][gc,stats    ]     CLDG                              9 us
[2026-04-03T06:53:51.768+0600][17.311s][info][gc,stats    ]     Exception Caches                  0 us
[2026-04-03T06:53:51.768+0600][17.311s][info][gc,stats    ] Pause Final Roots (G)               321 us
[2026-04-03T06:53:51.768+0600][17.311s][info][gc,stats    ] Pause Final Roots (N)               167 us
[2026-04-03T06:53:51.768+0600][17.311s][info][gc,stats    ] 
[2026-04-03T06:53:51.768+0600][17.311s][info][gc,stats    ] Allocation pacing accrued:
[2026-04-03T06:53:51.768+0600][17.311s][info][gc,stats    ]       0 of   496 ms (  0.0%): <total>
[2026-04-03T06:53:51.768+0600][17.311s][info][gc,stats    ]       0 of   496 ms (  0.0%): <average total>
[2026-04-03T06:53:51.768+0600][17.311s][info][gc,stats    ] 
[2026-04-03T06:53:51.768+0600][17.311s][info][gc,metaspace] Metaspace: 66642K(67648K)->66642K(67648K) NonClass: 58292K(58880K)->58292K(58880K) Class: 8350K(8768K)->8350K(8768K)
[2026-04-03T06:53:51.768+0600][17.311s][info][gc,ergo     ] Pacer for Idle. Initial: 80302K, Alloc Tax Rate: 1.0x
[2026-04-03T06:53:52.258+0600][17.801s][info][gc          ] Trigger: Learning 4 of 5. Free (2742M) is below initial threshold (2744M)
[2026-04-03T06:53:52.258+0600][17.801s][info][gc,ergo     ] Free: 2742M, Max: 1024K regular, 2741M humongous, Frag: 1% external, 0% internal; Reserve: 197M, Max: 1024K
[2026-04-03T06:53:52.258+0600][17.802s][info][gc,start    ] GC(5) Concurrent reset
[2026-04-03T06:53:52.258+0600][17.802s][info][gc,task     ] GC(5) Using 3 of 6 workers for concurrent reset
[2026-04-03T06:53:52.258+0600][17.802s][info][gc,ergo     ] GC(5) Pacer for Reset. Non-Taxable: 3921M
[2026-04-03T06:53:52.259+0600][17.802s][info][gc          ] GC(5) Concurrent reset 0.555ms
[2026-04-03T06:53:52.259+0600][17.802s][info][gc,start    ] GC(5) Pause Init Mark (unload classes)
[2026-04-03T06:53:52.259+0600][17.802s][info][gc,task     ] GC(5) Using 6 of 6 workers for init marking
[2026-04-03T06:53:52.259+0600][17.802s][info][gc,ergo     ] GC(5) Pacer for Mark. Expected Live: 26482K, Free: 2742M, Non-Taxable: 274M, Alloc Tax Rate: 0.0x
[2026-04-03T06:53:52.259+0600][17.802s][info][gc          ] GC(5) Pause Init Mark (unload classes) 0.197ms
[2026-04-03T06:53:52.259+0600][17.803s][info][gc,start    ] GC(5) Concurrent marking roots
[2026-04-03T06:53:52.260+0600][17.803s][info][gc,task     ] GC(5) Using 3 of 6 workers for concurrent marking roots
[2026-04-03T06:53:52.260+0600][17.803s][info][gc          ] GC(5) Concurrent marking roots 0.575ms
[2026-04-03T06:53:52.260+0600][17.803s][info][gc,start    ] GC(5) Concurrent marking (unload classes)
[2026-04-03T06:53:52.260+0600][17.803s][info][gc,task     ] GC(5) Using 3 of 6 workers for concurrent marking
[2026-04-03T06:53:52.275+0600][17.818s][info][gc          ] GC(5) Concurrent marking (unload classes) 14.961ms
[2026-04-03T06:53:52.275+0600][17.818s][info][gc,start    ] GC(5) Pause Final Mark (unload classes)
[2026-04-03T06:53:52.275+0600][17.818s][info][gc,task     ] GC(5) Using 6 of 6 workers for final marking
[2026-04-03T06:53:52.276+0600][17.819s][info][gc,ergo     ] GC(5) Collectable Garbage: 935M (98%), Immediate: 935M (98%), CSet: 0B (0%)
[2026-04-03T06:53:52.276+0600][17.819s][info][gc          ] GC(5) Pause Final Mark (unload classes) 0.629ms
[2026-04-03T06:53:52.276+0600][17.819s][info][gc,start    ] GC(5) Concurrent weak references
[2026-04-03T06:53:52.276+0600][17.819s][info][gc,task     ] GC(5) Using 3 of 6 workers for concurrent weak references
[2026-04-03T06:53:52.276+0600][17.819s][info][gc,ref      ] GC(5) Encountered references: Soft: 3188, Weak: 4993, Final: 82, Phantom: 604
[2026-04-03T06:53:52.276+0600][17.819s][info][gc,ref      ] GC(5) Discovered  references: Soft: 0, Weak: 2431, Final: 25, Phantom: 582
[2026-04-03T06:53:52.276+0600][17.819s][info][gc,ref      ] GC(5) Enqueued    references: Soft: 0, Weak: 0, Final: 0, Phantom: 0
[2026-04-03T06:53:52.276+0600][17.819s][info][gc          ] GC(5) Concurrent weak references 0.376ms
[2026-04-03T06:53:52.276+0600][17.819s][info][gc,start    ] GC(5) Concurrent weak roots
[2026-04-03T06:53:52.276+0600][17.819s][info][gc,task     ] GC(5) Using 3 of 6 workers for concurrent weak root
[2026-04-03T06:53:52.278+0600][17.821s][info][gc          ] GC(5) Concurrent weak roots 1.762ms
[2026-04-03T06:53:52.278+0600][17.821s][info][gc,start    ] GC(5) Concurrent cleanup
[2026-04-03T06:53:52.279+0600][17.822s][info][gc          ] GC(5) Concurrent cleanup 1005M->70M(1015M) 0.392ms
[2026-04-03T06:53:52.279+0600][17.822s][info][gc,ergo     ] GC(5) Free: 3652M, Max: 1024K regular, 2717M humongous, Frag: 26% external, 0% internal; Reserve: 197M, Max: 1024K
[2026-04-03T06:53:52.279+0600][17.822s][info][gc,start    ] GC(5) Concurrent class unloading
[2026-04-03T06:53:52.279+0600][17.822s][info][gc,task     ] GC(5) Using 3 of 6 workers for concurrent class unloading
[2026-04-03T06:53:52.283+0600][17.826s][info][gc          ] GC(5) Concurrent class unloading 4.063ms
[2026-04-03T06:53:52.283+0600][17.826s][info][gc,start    ] GC(5) Pause Final Roots
[2026-04-03T06:53:52.283+0600][17.826s][info][gc          ] GC(5) Pause Final Roots 0.081ms
[2026-04-03T06:53:52.283+0600][17.826s][info][gc,ergo     ] Free: 3647M, Max: 1024K regular, 2717M humongous, Frag: 26% external, 0% internal; Reserve: 197M, Max: 1024K
[2026-04-03T06:53:52.283+0600][17.826s][info][gc,stats    ] 
[2026-04-03T06:53:52.283+0600][17.826s][info][gc,stats    ] All times are wall-clock times, except per-root-class counters, that are sum over
[2026-04-03T06:53:52.283+0600][17.826s][info][gc,stats    ] all workers. Dividing the <total> over the root stage time estimates parallelism.
[2026-04-03T06:53:52.283+0600][17.826s][info][gc,stats    ] 
[2026-04-03T06:53:52.283+0600][17.826s][info][gc,stats    ] Concurrent Reset                    595 us
[2026-04-03T06:53:52.283+0600][17.826s][info][gc,stats    ] Pause Init Mark (G)                 438 us
[2026-04-03T06:53:52.283+0600][17.826s][info][gc,stats    ] Pause Init Mark (N)                 224 us
[2026-04-03T06:53:52.283+0600][17.826s][info][gc,stats    ]   Update Region States               48 us
[2026-04-03T06:53:52.283+0600][17.826s][info][gc,stats    ] Concurrent Mark Roots               612 us, parallelism: 1.53x
[2026-04-03T06:53:52.283+0600][17.827s][info][gc,stats    ]   CMR: <total>                      936 us
[2026-04-03T06:53:52.283+0600][17.827s][info][gc,stats    ]   CMR: Thread Roots                 689 us, workers (us): 309,  83, 297, ---, ---, ---, 
[2026-04-03T06:53:52.283+0600][17.827s][info][gc,stats    ]   CMR: VM Strong Roots               23 us, workers (us):  14,   9,   1, ---, ---, ---, 
[2026-04-03T06:53:52.283+0600][17.827s][info][gc,stats    ]   CMR: CLDG Roots                   224 us, workers (us): ---, 224, ---, ---, ---, ---, 
[2026-04-03T06:53:52.283+0600][17.827s][info][gc,stats    ] Concurrent Marking                15042 us
[2026-04-03T06:53:52.284+0600][17.827s][info][gc,stats    ] Pause Final Mark (G)                855 us
[2026-04-03T06:53:52.284+0600][17.827s][info][gc,stats    ] Pause Final Mark (N)                651 us
[2026-04-03T06:53:52.284+0600][17.827s][info][gc,stats    ]   Finish Mark                       311 us
[2026-04-03T06:53:52.284+0600][17.827s][info][gc,stats    ]   Update Region States               87 us
[2026-04-03T06:53:52.284+0600][17.827s][info][gc,stats    ]   Choose Collection Set             106 us
[2026-04-03T06:53:52.284+0600][17.827s][info][gc,stats    ]   Rebuild Free Set                   33 us
[2026-04-03T06:53:52.284+0600][17.827s][info][gc,stats    ] Concurrent Weak References          393 us, parallelism: 0.61x
[2026-04-03T06:53:52.284+0600][17.827s][info][gc,stats    ]   CWRF: <total>                     239 us
[2026-04-03T06:53:52.284+0600][17.827s][info][gc,stats    ]   CWRF: Weak References             239 us, workers (us):  51, 160,  28, ---, ---, ---, 
[2026-04-03T06:53:52.284+0600][17.827s][info][gc,stats    ] Concurrent Weak Roots              1853 us
[2026-04-03T06:53:52.284+0600][17.827s][info][gc,stats    ]   Roots                            1624 us, parallelism: 2.49x
[2026-04-03T06:53:52.284+0600][17.827s][info][gc,stats    ]     CWR: <total>                   4037 us
[2026-04-03T06:53:52.284+0600][17.827s][info][gc,stats    ]     CWR: Code Cache Roots          2847 us, workers (us): 998, 947, 902, ---, ---, ---, 
[2026-04-03T06:53:52.284+0600][17.827s][info][gc,stats    ]     CWR: VM Weak Roots             1166 us, workers (us): 411, 386, 369, ---, ---, ---, 
[2026-04-03T06:53:52.284+0600][17.827s][info][gc,stats    ]     CWR: CLDG Roots                  24 us, workers (us): ---, ---,  24, ---, ---, ---, 
[2026-04-03T06:53:52.284+0600][17.827s][info][gc,stats    ]   Rendezvous                        106 us
[2026-04-03T06:53:52.284+0600][17.827s][info][gc,stats    ] Concurrent Cleanup                  418 us
[2026-04-03T06:53:52.284+0600][17.827s][info][gc,stats    ] Concurrent Class Unloading         4129 us
[2026-04-03T06:53:52.284+0600][17.827s][info][gc,stats    ]   Unlink Stale                     3722 us
[2026-04-03T06:53:52.284+0600][17.827s][info][gc,stats    ]     System Dictionary                62 us
[2026-04-03T06:53:52.284+0600][17.827s][info][gc,stats    ]     Weak Class Links                  0 us
[2026-04-03T06:53:52.284+0600][17.827s][info][gc,stats    ]     Code Roots                     3657 us
[2026-04-03T06:53:52.284+0600][17.827s][info][gc,stats    ]   Rendezvous                        184 us
[2026-04-03T06:53:52.284+0600][17.827s][info][gc,stats    ]   Purge Unlinked                    122 us
[2026-04-03T06:53:52.284+0600][17.827s][info][gc,stats    ]     Code Roots                      115 us
[2026-04-03T06:53:52.284+0600][17.827s][info][gc,stats    ]     CLDG                              6 us
[2026-04-03T06:53:52.284+0600][17.827s][info][gc,stats    ]     Exception Caches                  0 us
[2026-04-03T06:53:52.284+0600][17.827s][info][gc,stats    ] Pause Final Roots (G)               275 us
[2026-04-03T06:53:52.284+0600][17.827s][info][gc,stats    ] Pause Final Roots (N)               112 us
[2026-04-03T06:53:52.284+0600][17.827s][info][gc,stats    ] 
[2026-04-03T06:53:52.284+0600][17.827s][info][gc,stats    ] Allocation pacing accrued:
[2026-04-03T06:53:52.284+0600][17.827s][info][gc,stats    ]       0 of   516 ms (  0.0%): <total>
[2026-04-03T06:53:52.284+0600][17.827s][info][gc,stats    ]       0 of   516 ms (  0.0%): <average total>
[2026-04-03T06:53:52.284+0600][17.827s][info][gc,stats    ] 
[2026-04-03T06:53:52.284+0600][17.827s][info][gc,metaspace] Metaspace: 66643K(67648K)->66643K(67648K) NonClass: 58292K(58880K)->58293K(58880K) Class: 8350K(8768K)->8350K(8768K)
[2026-04-03T06:53:52.284+0600][17.827s][info][gc,ergo     ] Pacer for Idle. Initial: 80302K, Alloc Tax Rate: 1.0x
[2026-04-03T06:53:52.773+0600][18.316s][info][gc          ] Trigger: Learning 5 of 5. Free (2743M) is below initial threshold (2744M)
[2026-04-03T06:53:52.773+0600][18.316s][info][gc,ergo     ] Free: 2743M, Max: 1024K regular, 2717M humongous, Frag: 1% external, 0% internal; Reserve: 197M, Max: 1024K
[2026-04-03T06:53:52.773+0600][18.316s][info][gc,start    ] GC(6) Concurrent reset
[2026-04-03T06:53:52.773+0600][18.316s][info][gc,task     ] GC(6) Using 3 of 6 workers for concurrent reset
[2026-04-03T06:53:52.773+0600][18.316s][info][gc,ergo     ] GC(6) Pacer for Reset. Non-Taxable: 3921M
[2026-04-03T06:53:52.773+0600][18.316s][info][gc          ] GC(6) Concurrent reset 0.541ms
[2026-04-03T06:53:52.773+0600][18.317s][info][gc,start    ] GC(6) Pause Init Mark (unload classes)
[2026-04-03T06:53:52.774+0600][18.317s][info][gc,task     ] GC(6) Using 6 of 6 workers for init marking
[2026-04-03T06:53:52.774+0600][18.317s][info][gc,ergo     ] GC(6) Pacer for Mark. Expected Live: 29330K, Free: 2740M, Non-Taxable: 274M, Alloc Tax Rate: 0.0x
[2026-04-03T06:53:52.774+0600][18.317s][info][gc          ] GC(6) Pause Init Mark (unload classes) 0.156ms
[2026-04-03T06:53:52.774+0600][18.317s][info][gc,start    ] GC(6) Concurrent marking roots
[2026-04-03T06:53:52.774+0600][18.317s][info][gc,task     ] GC(6) Using 3 of 6 workers for concurrent marking roots
[2026-04-03T06:53:52.774+0600][18.317s][info][gc          ] GC(6) Concurrent marking roots 0.606ms
[2026-04-03T06:53:52.774+0600][18.317s][info][gc,start    ] GC(6) Concurrent marking (unload classes)
[2026-04-03T06:53:52.774+0600][18.317s][info][gc,task     ] GC(6) Using 3 of 6 workers for concurrent marking
[2026-04-03T06:53:52.791+0600][18.334s][info][gc          ] GC(6) Concurrent marking (unload classes) 16.338ms
[2026-04-03T06:53:52.791+0600][18.334s][info][gc,start    ] GC(6) Pause Final Mark (unload classes)
[2026-04-03T06:53:52.791+0600][18.334s][info][gc,task     ] GC(6) Using 6 of 6 workers for final marking
[2026-04-03T06:53:52.792+0600][18.335s][info][gc,ergo     ] GC(6) Collectable Garbage: 932M (98%), Immediate: 932M (98%), CSet: 0B (0%)
[2026-04-03T06:53:52.792+0600][18.335s][info][gc          ] GC(6) Pause Final Mark (unload classes) 0.716ms
[2026-04-03T06:53:52.792+0600][18.335s][info][gc,start    ] GC(6) Concurrent weak references
[2026-04-03T06:53:52.792+0600][18.335s][info][gc,task     ] GC(6) Using 3 of 6 workers for concurrent weak references
[2026-04-03T06:53:52.792+0600][18.335s][info][gc,ref      ] GC(6) Encountered references: Soft: 3188, Weak: 4993, Final: 82, Phantom: 604
[2026-04-03T06:53:52.792+0600][18.335s][info][gc,ref      ] GC(6) Discovered  references: Soft: 0, Weak: 342, Final: 0, Phantom: 582
[2026-04-03T06:53:52.792+0600][18.335s][info][gc,ref      ] GC(6) Enqueued    references: Soft: 0, Weak: 0, Final: 0, Phantom: 0
[2026-04-03T06:53:52.792+0600][18.335s][info][gc          ] GC(6) Concurrent weak references 0.206ms
[2026-04-03T06:53:52.792+0600][18.335s][info][gc,start    ] GC(6) Concurrent weak roots
[2026-04-03T06:53:52.792+0600][18.335s][info][gc,task     ] GC(6) Using 3 of 6 workers for concurrent weak root
[2026-04-03T06:53:52.794+0600][18.337s][info][gc          ] GC(6) Concurrent weak roots 1.497ms
[2026-04-03T06:53:52.794+0600][18.337s][info][gc,start    ] GC(6) Concurrent cleanup
[2026-04-03T06:53:52.794+0600][18.337s][info][gc          ] GC(6) Concurrent cleanup 1010M->79M(1016M) 0.702ms
[2026-04-03T06:53:52.794+0600][18.337s][info][gc,ergo     ] GC(6) Free: 3643M, Max: 1024K regular, 2711M humongous, Frag: 26% external, 0% internal; Reserve: 197M, Max: 1024K
[2026-04-03T06:53:52.794+0600][18.337s][info][gc,start    ] GC(6) Concurrent class unloading
[2026-04-03T06:53:52.794+0600][18.337s][info][gc,task     ] GC(6) Using 3 of 6 workers for concurrent class unloading
[2026-04-03T06:53:52.798+0600][18.341s][info][gc          ] GC(6) Concurrent class unloading 3.588ms
[2026-04-03T06:53:52.798+0600][18.341s][info][gc,start    ] GC(6) Pause Final Roots
[2026-04-03T06:53:52.798+0600][18.341s][info][gc          ] GC(6) Pause Final Roots 0.141ms
[2026-04-03T06:53:52.798+0600][18.341s][info][gc,ergo     ] Free: 3638M, Max: 1024K regular, 2711M humongous, Frag: 26% external, 0% internal; Reserve: 197M, Max: 1024K
[2026-04-03T06:53:52.798+0600][18.342s][info][gc,stats    ] 
[2026-04-03T06:53:52.799+0600][18.342s][info][gc,stats    ] All times are wall-clock times, except per-root-class counters, that are sum over
[2026-04-03T06:53:52.799+0600][18.342s][info][gc,stats    ] all workers. Dividing the <total> over the root stage time estimates parallelism.
[2026-04-03T06:53:52.799+0600][18.342s][info][gc,stats    ] 
[2026-04-03T06:53:52.799+0600][18.342s][info][gc,stats    ] Concurrent Reset                    579 us
[2026-04-03T06:53:52.799+0600][18.342s][info][gc,stats    ] Pause Init Mark (G)                 445 us
[2026-04-03T06:53:52.799+0600][18.342s][info][gc,stats    ] Pause Init Mark (N)                 168 us
[2026-04-03T06:53:52.799+0600][18.342s][info][gc,stats    ]   Update Region States               29 us
[2026-04-03T06:53:52.799+0600][18.342s][info][gc,stats    ] Concurrent Mark Roots               644 us, parallelism: 1.47x
[2026-04-03T06:53:52.799+0600][18.342s][info][gc,stats    ]   CMR: <total>                      946 us
[2026-04-03T06:53:52.799+0600][18.342s][info][gc,stats    ]   CMR: Thread Roots                 706 us, workers (us): 335, 119, 253, ---, ---, ---, 
[2026-04-03T06:53:52.799+0600][18.342s][info][gc,stats    ]   CMR: VM Strong Roots               22 us, workers (us):  16,   5,   1, ---, ---, ---, 
[2026-04-03T06:53:52.799+0600][18.342s][info][gc,stats    ]   CMR: CLDG Roots                   218 us, workers (us): ---, 218, ---, ---, ---, ---, 
[2026-04-03T06:53:52.799+0600][18.342s][info][gc,stats    ] Concurrent Marking                16404 us
[2026-04-03T06:53:52.799+0600][18.342s][info][gc,stats    ] Pause Final Mark (G)               1058 us
[2026-04-03T06:53:52.799+0600][18.342s][info][gc,stats    ] Pause Final Mark (N)                736 us
[2026-04-03T06:53:52.799+0600][18.342s][info][gc,stats    ]   Finish Mark                       323 us
[2026-04-03T06:53:52.799+0600][18.342s][info][gc,stats    ]   Update Region States               82 us
[2026-04-03T06:53:52.799+0600][18.342s][info][gc,stats    ]   Choose Collection Set              95 us
[2026-04-03T06:53:52.799+0600][18.342s][info][gc,stats    ]   Rebuild Free Set                   31 us
[2026-04-03T06:53:52.799+0600][18.342s][info][gc,stats    ] Concurrent Weak References          217 us, parallelism: 0.31x
[2026-04-03T06:53:52.799+0600][18.342s][info][gc,stats    ]   CWRF: <total>                      66 us
[2026-04-03T06:53:52.799+0600][18.342s][info][gc,stats    ]   CWRF: Weak References              66 us, workers (us):  49,  17,   0, ---, ---, ---, 
[2026-04-03T06:53:52.799+0600][18.342s][info][gc,stats    ] Concurrent Weak Roots              1554 us
[2026-04-03T06:53:52.799+0600][18.342s][info][gc,stats    ]   Roots                            1261 us, parallelism: 2.55x
[2026-04-03T06:53:52.799+0600][18.342s][info][gc,stats    ]     CWR: <total>                   3211 us
[2026-04-03T06:53:52.799+0600][18.342s][info][gc,stats    ]     CWR: Code Cache Roots          2177 us, workers (us): 725, 706, 746, ---, ---, ---, 
[2026-04-03T06:53:52.799+0600][18.342s][info][gc,stats    ]     CWR: VM Weak Roots              947 us, workers (us): 318, 316, 313, ---, ---, ---, 
[2026-04-03T06:53:52.799+0600][18.342s][info][gc,stats    ]     CWR: CLDG Roots                  88 us, workers (us): ---,  88, ---, ---, ---, ---, 
[2026-04-03T06:53:52.799+0600][18.342s][info][gc,stats    ]   Rendezvous                        215 us
[2026-04-03T06:53:52.799+0600][18.342s][info][gc,stats    ] Concurrent Cleanup                  724 us
[2026-04-03T06:53:52.799+0600][18.342s][info][gc,stats    ] Concurrent Class Unloading         3644 us
[2026-04-03T06:53:52.799+0600][18.342s][info][gc,stats    ]   Unlink Stale                     3193 us
[2026-04-03T06:53:52.799+0600][18.342s][info][gc,stats    ]     System Dictionary                50 us
[2026-04-03T06:53:52.799+0600][18.342s][info][gc,stats    ]     Weak Class Links                  0 us
[2026-04-03T06:53:52.799+0600][18.342s][info][gc,stats    ]     Code Roots                     3141 us
[2026-04-03T06:53:52.799+0600][18.342s][info][gc,stats    ]   Rendezvous                        264 us
[2026-04-03T06:53:52.799+0600][18.342s][info][gc,stats    ]   Purge Unlinked                    108 us
[2026-04-03T06:53:52.799+0600][18.342s][info][gc,stats    ]     Code Roots                      100 us
[2026-04-03T06:53:52.799+0600][18.342s][info][gc,stats    ]     CLDG                              8 us
[2026-04-03T06:53:52.799+0600][18.342s][info][gc,stats    ]     Exception Caches                  0 us
[2026-04-03T06:53:52.799+0600][18.342s][info][gc,stats    ] Pause Final Roots (G)               313 us
[2026-04-03T06:53:52.799+0600][18.342s][info][gc,stats    ] Pause Final Roots (N)               164 us
[2026-04-03T06:53:52.799+0600][18.342s][info][gc,stats    ] 
[2026-04-03T06:53:52.799+0600][18.342s][info][gc,stats    ] Allocation pacing accrued:
[2026-04-03T06:53:52.799+0600][18.342s][info][gc,stats    ]       0 of   515 ms (  0.0%): <total>
[2026-04-03T06:53:52.799+0600][18.342s][info][gc,stats    ]       0 of   515 ms (  0.0%): <average total>
[2026-04-03T06:53:52.799+0600][18.342s][info][gc,stats    ] 
[2026-04-03T06:53:52.799+0600][18.342s][info][gc,metaspace] Metaspace: 66644K(67648K)->66644K(67648K) NonClass: 58294K(58880K)->58294K(58880K) Class: 8350K(8768K)->8350K(8768K)
[2026-04-03T06:53:52.799+0600][18.342s][info][gc,ergo     ] Pacer for Idle. Initial: 80302K, Alloc Tax Rate: 1.0x
[2026-04-03T06:53:57.575+0600][23.118s][info][gc          ] Trigger: Free (390M) is below minimum threshold (392M)
[2026-04-03T06:53:57.575+0600][23.118s][info][gc,ergo     ] Free: 390M, Max: 1024K regular, 390M humongous, Frag: 0% external, 0% internal; Reserve: 197M, Max: 1024K
[2026-04-03T06:53:57.575+0600][23.118s][info][gc,start    ] GC(7) Concurrent reset
[2026-04-03T06:53:57.575+0600][23.118s][info][gc,task     ] GC(7) Using 3 of 6 workers for concurrent reset
[2026-04-03T06:53:57.575+0600][23.118s][info][gc,ergo     ] GC(7) Pacer for Reset. Non-Taxable: 3921M
[2026-04-03T06:53:57.576+0600][23.119s][info][gc          ] GC(7) Concurrent reset 0.721ms
[2026-04-03T06:53:57.576+0600][23.119s][info][gc,start    ] GC(7) Pause Init Mark (unload classes)
[2026-04-03T06:53:57.576+0600][23.119s][info][gc,task     ] GC(7) Using 6 of 6 workers for init marking
[2026-04-03T06:53:57.576+0600][23.119s][info][gc,ergo     ] GC(7) Pacer for Mark. Expected Live: 31443K, Free: 390M, Non-Taxable: 39974K, Alloc Tax Rate: 0.1x
[2026-04-03T06:53:57.576+0600][23.119s][info][gc          ] GC(7) Pause Init Mark (unload classes) 0.167ms
[2026-04-03T06:53:57.576+0600][23.119s][info][gc,start    ] GC(7) Concurrent marking roots
[2026-04-03T06:53:57.576+0600][23.119s][info][gc,task     ] GC(7) Using 3 of 6 workers for concurrent marking roots
[2026-04-03T06:53:57.577+0600][23.120s][info][gc          ] GC(7) Concurrent marking roots 1.181ms
[2026-04-03T06:53:57.577+0600][23.120s][info][gc,start    ] GC(7) Concurrent marking (unload classes)
[2026-04-03T06:53:57.577+0600][23.120s][info][gc,task     ] GC(7) Using 3 of 6 workers for concurrent marking
[2026-04-03T06:53:58.281+0600][23.824s][info][gc          ] GC(7) Concurrent marking (unload classes) 703.333ms
[2026-04-03T06:53:58.281+0600][23.824s][info][gc,start    ] GC(7) Pause Final Mark (unload classes)
[2026-04-03T06:53:58.281+0600][23.824s][info][gc,task     ] GC(7) Using 6 of 6 workers for final marking
[2026-04-03T06:53:58.282+0600][23.825s][info][gc,ergo     ] GC(7) Adaptive CSet Selection. Target Free: 555M, Actual Free: 1642M, Max CSet: 163M, Min Garbage: 0B
[2026-04-03T06:53:58.283+0600][23.826s][info][gc,ergo     ] GC(7) Collectable Garbage: 2896M (96%), Immediate: 1375M (45%), CSet: 1520M (50%)
[2026-04-03T06:53:58.283+0600][23.826s][info][gc,ergo     ] GC(7) Pacer for Evacuation. Used CSet: 1683M, Free: 1474M, Non-Taxable: 147M, Alloc Tax Rate: 2.8x
[2026-04-03T06:53:58.283+0600][23.826s][info][gc          ] GC(7) Pause Final Mark (unload classes) 1.751ms
[2026-04-03T06:53:58.283+0600][23.826s][info][gc,start    ] GC(7) Concurrent thread roots
[2026-04-03T06:53:58.283+0600][23.826s][info][gc,task     ] GC(7) Using 3 of 6 workers for Concurrent thread roots
[2026-04-03T06:53:58.284+0600][23.827s][info][gc          ] GC(7) Concurrent thread roots 0.672ms
[2026-04-03T06:53:58.284+0600][23.827s][info][gc,start    ] GC(7) Concurrent weak references
[2026-04-03T06:53:58.284+0600][23.827s][info][gc,task     ] GC(7) Using 3 of 6 workers for concurrent weak references
[2026-04-03T06:53:58.284+0600][23.827s][info][gc,ref      ] GC(7) Encountered references: Soft: 3341, Weak: 6256, Final: 82, Phantom: 594
[2026-04-03T06:53:58.284+0600][23.827s][info][gc,ref      ] GC(7) Discovered  references: Soft: 0, Weak: 1637, Final: 0, Phantom: 591
[2026-04-03T06:53:58.284+0600][23.828s][info][gc,ref      ] GC(7) Enqueued    references: Soft: 0, Weak: 532, Final: 0, Phantom: 0
[2026-04-03T06:53:58.284+0600][23.828s][info][gc          ] GC(7) Concurrent weak references 0.723ms
[2026-04-03T06:53:58.284+0600][23.828s][info][gc,start    ] GC(7) Concurrent weak roots
[2026-04-03T06:53:58.285+0600][23.828s][info][gc,task     ] GC(7) Using 3 of 6 workers for concurrent weak root
[2026-04-03T06:53:58.288+0600][23.831s][info][gc          ] GC(7) Concurrent weak roots 3.308ms
[2026-04-03T06:53:58.288+0600][23.831s][info][gc,start    ] GC(7) Concurrent cleanup
[2026-04-03T06:53:58.288+0600][23.832s][info][gc          ] GC(7) Concurrent cleanup 3616M->2240M(3657M) 0.552ms
[2026-04-03T06:53:58.289+0600][23.832s][info][gc,ergo     ] GC(7) Free: 1474M, Max: 1024K regular, 294M humongous, Frag: 81% external, 0% internal; Reserve: 195M, Max: 1024K
[2026-04-03T06:53:58.289+0600][23.832s][info][gc,start    ] GC(7) Concurrent class unloading
[2026-04-03T06:53:58.289+0600][23.832s][info][gc,task     ] GC(7) Using 3 of 6 workers for concurrent class unloading
[2026-04-03T06:53:58.323+0600][23.866s][info][gc          ] GC(7) Concurrent class unloading 34.400ms
[2026-04-03T06:53:58.323+0600][23.866s][info][gc,start    ] GC(7) Concurrent strong roots
[2026-04-03T06:53:58.323+0600][23.866s][info][gc,task     ] GC(7) Using 3 of 6 workers for concurrent strong root
[2026-04-03T06:53:58.324+0600][23.867s][info][gc          ] GC(7) Concurrent strong roots 0.911ms
[2026-04-03T06:53:58.324+0600][23.867s][info][gc,start    ] GC(7) Concurrent evacuation
[2026-04-03T06:53:58.324+0600][23.867s][info][gc,task     ] GC(7) Using 3 of 6 workers for concurrent evacuation
[2026-04-03T06:53:58.534+0600][24.077s][info][gc          ] GC(7) Concurrent evacuation 210.253ms
[2026-04-03T06:53:58.535+0600][24.078s][info][gc,start    ] GC(7) Pause Init Update Refs
[2026-04-03T06:53:58.535+0600][24.078s][info][gc,ergo     ] GC(7) Pacer for Update Refs. Used: 2500M, Free: 1379M, Non-Taxable: 137M, Alloc Tax Rate: 2.2x
[2026-04-03T06:53:58.535+0600][24.078s][info][gc          ] GC(7) Pause Init Update Refs 0.176ms
[2026-04-03T06:53:58.535+0600][24.078s][info][gc,start    ] GC(7) Concurrent update references
[2026-04-03T06:53:58.535+0600][24.078s][info][gc,task     ] GC(7) Using 3 of 6 workers for concurrent reference update
[2026-04-03T06:53:59.059+0600][24.602s][info][gc          ] GC(7) Concurrent update references 523.737ms
[2026-04-03T06:53:59.059+0600][24.602s][info][gc,start    ] GC(7) Concurrent update thread roots
[2026-04-03T06:53:59.060+0600][24.603s][info][gc          ] GC(7) Concurrent update thread roots 0.909ms
[2026-04-03T06:53:59.060+0600][24.603s][info][gc,start    ] GC(7) Pause Final Update Refs
[2026-04-03T06:53:59.060+0600][24.603s][info][gc,task     ] GC(7) Using 6 of 6 workers for final reference update
[2026-04-03T06:53:59.061+0600][24.604s][info][gc          ] GC(7) Pause Final Update Refs 0.445ms
[2026-04-03T06:53:59.061+0600][24.604s][info][gc,start    ] GC(7) Concurrent cleanup
[2026-04-03T06:53:59.062+0600][24.605s][info][gc          ] GC(7) Concurrent cleanup 2679M->995M(3821M) 0.926ms
[2026-04-03T06:53:59.062+0600][24.605s][info][gc,ergo     ] Free: 2717M, Max: 1024K regular, 1280M humongous, Frag: 53% external, 0% internal; Reserve: 197M, Max: 1024K
[2026-04-03T06:53:59.062+0600][24.605s][info][gc,stats    ] 
[2026-04-03T06:53:59.062+0600][24.605s][info][gc,stats    ] All times are wall-clock times, except per-root-class counters, that are sum over
[2026-04-03T06:53:59.062+0600][24.605s][info][gc,stats    ] all workers. Dividing the <total> over the root stage time estimates parallelism.
[2026-04-03T06:53:59.062+0600][24.605s][info][gc,stats    ] 
[2026-04-03T06:53:59.062+0600][24.605s][info][gc,stats    ] Concurrent Reset                    758 us
[2026-04-03T06:53:59.062+0600][24.605s][info][gc,stats    ] Pause Init Mark (G)                 538 us
[2026-04-03T06:53:59.062+0600][24.605s][info][gc,stats    ] Pause Init Mark (N)                 182 us
[2026-04-03T06:53:59.062+0600][24.605s][info][gc,stats    ]   Update Region States               50 us
[2026-04-03T06:53:59.062+0600][24.605s][info][gc,stats    ] Concurrent Mark Roots              1237 us, parallelism: 1.75x
[2026-04-03T06:53:59.062+0600][24.605s][info][gc,stats    ]   CMR: <total>                     2166 us
[2026-04-03T06:53:59.062+0600][24.605s][info][gc,stats    ]   CMR: Thread Roots                1624 us, workers (us): 365, 636, 623, ---, ---, ---, 
[2026-04-03T06:53:59.062+0600][24.605s][info][gc,stats    ]   CMR: VM Strong Roots              256 us, workers (us):  90,  84,  82, ---, ---, ---, 
[2026-04-03T06:53:59.062+0600][24.605s][info][gc,stats    ]   CMR: CLDG Roots                   286 us, workers (us): 286, ---, ---, ---, ---, ---, 
[2026-04-03T06:53:59.062+0600][24.605s][info][gc,stats    ] Concurrent Marking               703455 us
[2026-04-03T06:53:59.062+0600][24.605s][info][gc,stats    ] Pause Final Mark (G)               2264 us
[2026-04-03T06:53:59.062+0600][24.605s][info][gc,stats    ] Pause Final Mark (N)               1777 us
[2026-04-03T06:53:59.062+0600][24.605s][info][gc,stats    ]   Finish Mark                       296 us
[2026-04-03T06:53:59.062+0600][24.605s][info][gc,stats    ]   Update Region States              112 us
[2026-04-03T06:53:59.062+0600][24.605s][info][gc,stats    ]   Choose Collection Set            1079 us
[2026-04-03T06:53:59.062+0600][24.605s][info][gc,stats    ]   Rebuild Free Set                   63 us
[2026-04-03T06:53:59.062+0600][24.605s][info][gc,stats    ] Concurrent Thread Roots             710 us, parallelism: 1.73x
[2026-04-03T06:53:59.062+0600][24.605s][info][gc,stats    ]   CTR: <total>                     1225 us
[2026-04-03T06:53:59.062+0600][24.605s][info][gc,stats    ]   CTR: Thread Roots                1225 us, workers (us): 426, 409, 390, ---, ---, ---, 
[2026-04-03T06:53:59.062+0600][24.605s][info][gc,stats    ] Concurrent Weak References          739 us, parallelism: 0.90x
[2026-04-03T06:53:59.062+0600][24.605s][info][gc,stats    ]   CWRF: <total>                     665 us
[2026-04-03T06:53:59.062+0600][24.605s][info][gc,stats    ]   CWRF: Weak References             665 us, workers (us): 406, 101, 158, ---, ---, ---, 
[2026-04-03T06:53:59.062+0600][24.605s][info][gc,stats    ] Concurrent Weak Roots              3424 us
[2026-04-03T06:53:59.062+0600][24.605s][info][gc,stats    ]   Roots                            2730 us, parallelism: 2.59x
[2026-04-03T06:53:59.062+0600][24.605s][info][gc,stats    ]     CWR: <total>                   7067 us
[2026-04-03T06:53:59.062+0600][24.605s][info][gc,stats    ]     CWR: Code Cache Roots          3844 us, workers (us): 1411, 1277, 1155, ---, ---, ---, 
[2026-04-03T06:53:59.062+0600][24.605s][info][gc,stats    ]     CWR: VM Weak Roots             3090 us, workers (us): 1036, 1040, 1013, ---, ---, ---, 
[2026-04-03T06:53:59.062+0600][24.605s][info][gc,stats    ]     CWR: CLDG Roots                 134 us, workers (us): ---, ---, 134, ---, ---, ---, 
[2026-04-03T06:53:59.062+0600][24.605s][info][gc,stats    ]   Rendezvous                        547 us
[2026-04-03T06:53:59.062+0600][24.605s][info][gc,stats    ] Concurrent Cleanup                  589 us
[2026-04-03T06:53:59.062+0600][24.605s][info][gc,stats    ] Concurrent Class Unloading        34536 us
[2026-04-03T06:53:59.062+0600][24.605s][info][gc,stats    ]   Unlink Stale                    24165 us
[2026-04-03T06:53:59.062+0600][24.605s][info][gc,stats    ]     System Dictionary               488 us
[2026-04-03T06:53:59.062+0600][24.605s][info][gc,stats    ]     Weak Class Links              15454 us
[2026-04-03T06:53:59.062+0600][24.605s][info][gc,stats    ]     Code Roots                     8216 us
[2026-04-03T06:53:59.062+0600][24.605s][info][gc,stats    ]   Rendezvous                        280 us
[2026-04-03T06:53:59.062+0600][24.606s][info][gc,stats    ]   Purge Unlinked                   9903 us
[2026-04-03T06:53:59.062+0600][24.606s][info][gc,stats    ]     Code Roots                     9743 us
[2026-04-03T06:53:59.062+0600][24.606s][info][gc,stats    ]     CLDG                            158 us
[2026-04-03T06:53:59.062+0600][24.606s][info][gc,stats    ]     Exception Caches                  1 us
[2026-04-03T06:53:59.062+0600][24.606s][info][gc,stats    ] Concurrent Strong Roots            1017 us, parallelism: 0.50x
[2026-04-03T06:53:59.063+0600][24.606s][info][gc,stats    ]   CSR: <total>                      513 us
[2026-04-03T06:53:59.063+0600][24.606s][info][gc,stats    ]   CSR: VM Strong Roots               28 us, workers (us):  26,   2,   0, ---, ---, ---, 
[2026-04-03T06:53:59.063+0600][24.606s][info][gc,stats    ]   CSR: CLDG Roots                   484 us, workers (us): ---, 484, ---, ---, ---, ---, 
[2026-04-03T06:53:59.063+0600][24.606s][info][gc,stats    ] Concurrent Evacuation            210398 us
[2026-04-03T06:53:59.063+0600][24.606s][info][gc,stats    ] Pause Init Update Refs (G)          535 us
[2026-04-03T06:53:59.063+0600][24.606s][info][gc,stats    ] Pause Init Update Refs (N)          200 us
[2026-04-03T06:53:59.063+0600][24.606s][info][gc,stats    ]   Manage GCLABs                      38 us
[2026-04-03T06:53:59.063+0600][24.606s][info][gc,stats    ] Concurrent Update Refs           523880 us
[2026-04-03T06:53:59.063+0600][24.606s][info][gc,stats    ] Concurrent Update Thread Roots      947 us
[2026-04-03T06:53:59.063+0600][24.606s][info][gc,stats    ] Pause Final Update Refs (G)         683 us
[2026-04-03T06:53:59.063+0600][24.606s][info][gc,stats    ] Pause Final Update Refs (N)         478 us
[2026-04-03T06:53:59.063+0600][24.606s][info][gc,stats    ]   Update Region States              105 us
[2026-04-03T06:53:59.063+0600][24.606s][info][gc,stats    ]   Trash Collection Set               44 us
[2026-04-03T06:53:59.063+0600][24.606s][info][gc,stats    ]   Rebuild Free Set                   78 us
[2026-04-03T06:53:59.063+0600][24.606s][info][gc,stats    ] Concurrent Cleanup                 1002 us
[2026-04-03T06:53:59.063+0600][24.606s][info][gc,stats    ] 
[2026-04-03T06:53:59.063+0600][24.606s][info][gc,stats    ] Allocation pacing accrued:
[2026-04-03T06:53:59.063+0600][24.606s][info][gc,stats    ]       0 of  6264 ms (  0.0%): <total>
[2026-04-03T06:53:59.063+0600][24.606s][info][gc,stats    ]       0 of  6264 ms (  0.0%): <average total>
[2026-04-03T06:53:59.063+0600][24.606s][info][gc,stats    ] 
[2026-04-03T06:53:59.063+0600][24.606s][info][gc,metaspace] Metaspace: 69324K(70080K)->69594K(70336K) NonClass: 60507K(60928K)->60731K(61120K) Class: 8817K(9152K)->8863K(9216K)
[2026-04-03T06:53:59.063+0600][24.606s][info][gc,ergo     ] Pacer for Idle. Initial: 80302K, Alloc Tax Rate: 1.0x
[2026-04-03T06:54:01.381+0600][26.925s][info][gc          ] Trigger: Average GC time (2069.75 ms) is above the time for average allocation rate (963 MB/s) to deplete free headroom (1772M) (margin of error = 1.80)
[2026-04-03T06:54:01.382+0600][26.925s][info][gc,ergo     ] Free headroom: 1968M (free) - 196M (spike) - 0B (penalties) = 1772M
[2026-04-03T06:54:01.382+0600][26.925s][info][gc,ergo     ] Free: 1968M, Max: 1024K regular, 537M humongous, Frag: 73% external, 0% internal; Reserve: 197M, Max: 1024K
[2026-04-03T06:54:01.382+0600][26.925s][info][gc,start    ] GC(8) Concurrent reset
[2026-04-03T06:54:01.382+0600][26.925s][info][gc,task     ] GC(8) Using 3 of 6 workers for concurrent reset
[2026-04-03T06:54:01.382+0600][26.925s][info][gc,ergo     ] GC(8) Pacer for Reset. Non-Taxable: 3921M
[2026-04-03T06:54:01.389+0600][26.932s][info][gc          ] GC(8) Concurrent reset 7.570ms
[2026-04-03T06:54:01.390+0600][26.933s][info][gc,start    ] GC(8) Pause Init Mark (unload classes)
[2026-04-03T06:54:01.390+0600][26.933s][info][gc,task     ] GC(8) Using 6 of 6 workers for init marking
[2026-04-03T06:54:01.390+0600][26.933s][info][gc,ergo     ] GC(8) Pacer for Mark. Expected Live: 87146K, Free: 1963M, Non-Taxable: 196M, Alloc Tax Rate: 0.1x
[2026-04-03T06:54:01.390+0600][26.933s][info][gc          ] GC(8) Pause Init Mark (unload classes) 0.216ms
[2026-04-03T06:54:01.390+0600][26.933s][info][gc,start    ] GC(8) Concurrent marking roots
[2026-04-03T06:54:01.390+0600][26.933s][info][gc,task     ] GC(8) Using 3 of 6 workers for concurrent marking roots
[2026-04-03T06:54:01.391+0600][26.934s][info][gc          ] GC(8) Concurrent marking roots 1.011ms
[2026-04-03T06:54:01.391+0600][26.934s][info][gc,start    ] GC(8) Concurrent marking (unload classes)
[2026-04-03T06:54:01.391+0600][26.934s][info][gc,task     ] GC(8) Using 3 of 6 workers for concurrent marking
[2026-04-03T06:54:01.874+0600][27.417s][info][gc          ] GC(8) Concurrent marking (unload classes) 482.689ms
[2026-04-03T06:54:01.874+0600][27.417s][info][gc,start    ] GC(8) Pause Final Mark (unload classes)
[2026-04-03T06:54:01.874+0600][27.417s][info][gc,task     ] GC(8) Using 6 of 6 workers for final marking
[2026-04-03T06:54:01.875+0600][27.418s][info][gc,ergo     ] GC(8) Adaptive CSet Selection. Target Free: 555M, Actual Free: 2719M, Max CSet: 163M, Min Garbage: 0B
[2026-04-03T06:54:01.875+0600][27.418s][info][gc,ergo     ] GC(8) Collectable Garbage: 1459M (99%), Immediate: 868M (59%), CSet: 591M (40%)
[2026-04-03T06:54:01.875+0600][27.418s][info][gc,ergo     ] GC(8) Pacer for Evacuation. Used CSet: 714M, Free: 2558M, Non-Taxable: 255M, Alloc Tax Rate: 1.1x
[2026-04-03T06:54:01.875+0600][27.418s][info][gc          ] GC(8) Pause Final Mark (unload classes) 1.050ms
[2026-04-03T06:54:01.875+0600][27.418s][info][gc,start    ] GC(8) Concurrent thread roots
[2026-04-03T06:54:01.875+0600][27.418s][info][gc,task     ] GC(8) Using 3 of 6 workers for Concurrent thread roots
[2026-04-03T06:54:01.876+0600][27.419s][info][gc          ] GC(8) Concurrent thread roots 0.855ms
[2026-04-03T06:54:01.876+0600][27.419s][info][gc,start    ] GC(8) Concurrent weak references
[2026-04-03T06:54:01.876+0600][27.419s][info][gc,task     ] GC(8) Using 3 of 6 workers for concurrent weak references
[2026-04-03T06:54:01.877+0600][27.420s][info][gc,ref      ] GC(8) Encountered references: Soft: 3369, Weak: 6254, Final: 82, Phantom: 595
[2026-04-03T06:54:01.877+0600][27.420s][info][gc,ref      ] GC(8) Discovered  references: Soft: 0, Weak: 2659, Final: 48, Phantom: 592
[2026-04-03T06:54:01.877+0600][27.420s][info][gc,ref      ] GC(8) Enqueued    references: Soft: 0, Weak: 286, Final: 0, Phantom: 0
[2026-04-03T06:54:01.877+0600][27.420s][info][gc          ] GC(8) Concurrent weak references 0.872ms
[2026-04-03T06:54:01.877+0600][27.420s][info][gc,start    ] GC(8) Concurrent weak roots
[2026-04-03T06:54:01.877+0600][27.420s][info][gc,task     ] GC(8) Using 3 of 6 workers for concurrent weak root
[2026-04-03T06:54:01.881+0600][27.424s][info][gc          ] GC(8) Concurrent weak roots 3.626ms
[2026-04-03T06:54:01.881+0600][27.424s][info][gc,start    ] GC(8) Concurrent cleanup
[2026-04-03T06:54:01.882+0600][27.425s][info][gc          ] GC(8) Concurrent cleanup 2028M->1159M(3821M) 1.025ms
[2026-04-03T06:54:01.882+0600][27.425s][info][gc,ergo     ] GC(8) Free: 2554M, Max: 1024K regular, 977M humongous, Frag: 62% external, 0% internal; Reserve: 196M, Max: 1024K
[2026-04-03T06:54:01.882+0600][27.425s][info][gc,start    ] GC(8) Concurrent class unloading
[2026-04-03T06:54:01.882+0600][27.425s][info][gc,task     ] GC(8) Using 3 of 6 workers for concurrent class unloading
[2026-04-03T06:54:01.892+0600][27.435s][info][gc          ] GC(8) Concurrent class unloading 9.971ms
[2026-04-03T06:54:01.892+0600][27.435s][info][gc,start    ] GC(8) Concurrent strong roots
[2026-04-03T06:54:01.892+0600][27.435s][info][gc,task     ] GC(8) Using 3 of 6 workers for concurrent strong root
[2026-04-03T06:54:01.893+0600][27.436s][info][gc          ] GC(8) Concurrent strong roots 1.237ms
[2026-04-03T06:54:01.893+0600][27.436s][info][gc,start    ] GC(8) Concurrent evacuation
[2026-04-03T06:54:01.893+0600][27.436s][info][gc,task     ] GC(8) Using 3 of 6 workers for concurrent evacuation
[2026-04-03T06:54:02.025+0600][27.568s][info][gc          ] GC(8) Concurrent evacuation 132.079ms
[2026-04-03T06:54:02.026+0600][27.569s][info][gc,start    ] GC(8) Pause Init Update Refs
[2026-04-03T06:54:02.026+0600][27.569s][info][gc,ergo     ] GC(8) Pacer for Update Refs. Used: 1364M, Free: 2475M, Non-Taxable: 247M, Alloc Tax Rate: 1.1x
[2026-04-03T06:54:02.026+0600][27.569s][info][gc          ] GC(8) Pause Init Update Refs 0.137ms
[2026-04-03T06:54:02.026+0600][27.569s][info][gc,start    ] GC(8) Concurrent update references
[2026-04-03T06:54:02.026+0600][27.569s][info][gc,task     ] GC(8) Using 3 of 6 workers for concurrent reference update
[2026-04-03T06:54:02.343+0600][27.886s][info][gc          ] GC(8) Concurrent update references 317.086ms
[2026-04-03T06:54:02.343+0600][27.886s][info][gc,start    ] GC(8) Concurrent update thread roots
[2026-04-03T06:54:02.344+0600][27.887s][info][gc          ] GC(8) Concurrent update thread roots 1.067ms
[2026-04-03T06:54:02.345+0600][27.888s][info][gc,start    ] GC(8) Pause Final Update Refs
[2026-04-03T06:54:02.345+0600][27.888s][info][gc,task     ] GC(8) Using 6 of 6 workers for final reference update
[2026-04-03T06:54:02.345+0600][27.888s][info][gc          ] GC(8) Pause Final Update Refs 0.321ms
[2026-04-03T06:54:02.345+0600][27.888s][info][gc,start    ] GC(8) Concurrent cleanup
[2026-04-03T06:54:02.346+0600][27.889s][info][gc          ] GC(8) Concurrent cleanup 1544M->829M(3884M) 0.931ms
[2026-04-03T06:54:02.346+0600][27.889s][info][gc,ergo     ] Free: 2883M, Max: 1024K regular, 1331M humongous, Frag: 54% external, 0% internal; Reserve: 197M, Max: 1024K
[2026-04-03T06:54:02.346+0600][27.889s][info][gc,stats    ] 
[2026-04-03T06:54:02.346+0600][27.889s][info][gc,stats    ] All times are wall-clock times, except per-root-class counters, that are sum over
[2026-04-03T06:54:02.346+0600][27.889s][info][gc,stats    ] all workers. Dividing the <total> over the root stage time estimates parallelism.
[2026-04-03T06:54:02.346+0600][27.889s][info][gc,stats    ] 
[2026-04-03T06:54:02.346+0600][27.889s][info][gc,stats    ] Concurrent Reset                   7685 us
[2026-04-03T06:54:02.346+0600][27.889s][info][gc,stats    ] Pause Init Mark (G)                 492 us
[2026-04-03T06:54:02.346+0600][27.889s][info][gc,stats    ] Pause Init Mark (N)                 232 us
[2026-04-03T06:54:02.346+0600][27.889s][info][gc,stats    ]   Update Region States               70 us
[2026-04-03T06:54:02.346+0600][27.889s][info][gc,stats    ] Concurrent Mark Roots              1068 us, parallelism: 1.66x
[2026-04-03T06:54:02.346+0600][27.889s][info][gc,stats    ]   CMR: <total>                     1777 us
[2026-04-03T06:54:02.346+0600][27.889s][info][gc,stats    ]   CMR: Thread Roots                1455 us, workers (us): 350, 585, 520, ---, ---, ---, 
[2026-04-03T06:54:02.346+0600][27.889s][info][gc,stats    ]   CMR: VM Strong Roots               88 us, workers (us):  72,  14,   1, ---, ---, ---, 
[2026-04-03T06:54:02.346+0600][27.889s][info][gc,stats    ]   CMR: CLDG Roots                   234 us, workers (us): 234, ---, ---, ---, ---, ---, 
[2026-04-03T06:54:02.346+0600][27.889s][info][gc,stats    ] Concurrent Marking               482855 us
[2026-04-03T06:54:02.346+0600][27.889s][info][gc,stats    ] Pause Final Mark (G)               1280 us
[2026-04-03T06:54:02.346+0600][27.889s][info][gc,stats    ] Pause Final Mark (N)               1069 us
[2026-04-03T06:54:02.346+0600][27.889s][info][gc,stats    ]   Finish Mark                       232 us
[2026-04-03T06:54:02.346+0600][27.889s][info][gc,stats    ]   Update Region States               83 us
[2026-04-03T06:54:02.346+0600][27.889s][info][gc,stats    ]   Choose Collection Set             440 us
[2026-04-03T06:54:02.346+0600][27.889s][info][gc,stats    ]   Rebuild Free Set                   63 us
[2026-04-03T06:54:02.346+0600][27.889s][info][gc,stats    ] Concurrent Thread Roots             907 us, parallelism: 1.66x
[2026-04-03T06:54:02.346+0600][27.890s][info][gc,stats    ]   CTR: <total>                     1509 us
[2026-04-03T06:54:02.346+0600][27.890s][info][gc,stats    ]   CTR: Thread Roots                1509 us, workers (us): 475, 652, 383, ---, ---, ---, 
[2026-04-03T06:54:02.346+0600][27.890s][info][gc,stats    ] Concurrent Weak References          891 us, parallelism: 1.02x
[2026-04-03T06:54:02.346+0600][27.890s][info][gc,stats    ]   CWRF: <total>                     906 us
[2026-04-03T06:54:02.346+0600][27.890s][info][gc,stats    ]   CWRF: Weak References             906 us, workers (us): 189,  65, 653, ---, ---, ---, 
[2026-04-03T06:54:02.346+0600][27.890s][info][gc,stats    ] Concurrent Weak Roots              3774 us
[2026-04-03T06:54:02.347+0600][27.890s][info][gc,stats    ]   Roots                            3389 us, parallelism: 2.09x
[2026-04-03T06:54:02.347+0600][27.890s][info][gc,stats    ]     CWR: <total>                   7098 us
[2026-04-03T06:54:02.347+0600][27.890s][info][gc,stats    ]     CWR: Code Cache Roots          4113 us, workers (us): 1492, 1530, 1092, ---, ---, ---, 
[2026-04-03T06:54:02.347+0600][27.890s][info][gc,stats    ]     CWR: VM Weak Roots             2823 us, workers (us): 1410, 1409,   4, ---, ---, ---, 
[2026-04-03T06:54:02.347+0600][27.890s][info][gc,stats    ]     CWR: CLDG Roots                 162 us, workers (us): 162, ---, ---, ---, ---, ---, 
[2026-04-03T06:54:02.347+0600][27.890s][info][gc,stats    ]   Rendezvous                        196 us
[2026-04-03T06:54:02.347+0600][27.890s][info][gc,stats    ] Concurrent Cleanup                 1091 us
[2026-04-03T06:54:02.347+0600][27.890s][info][gc,stats    ] Concurrent Class Unloading        10081 us
[2026-04-03T06:54:02.347+0600][27.890s][info][gc,stats    ]   Unlink Stale                     7271 us
[2026-04-03T06:54:02.347+0600][27.890s][info][gc,stats    ]     System Dictionary               178 us
[2026-04-03T06:54:02.347+0600][27.890s][info][gc,stats    ]     Weak Class Links                  1 us
[2026-04-03T06:54:02.347+0600][27.890s][info][gc,stats    ]     Code Roots                     7088 us
[2026-04-03T06:54:02.347+0600][27.890s][info][gc,stats    ]   Rendezvous                        161 us
[2026-04-03T06:54:02.347+0600][27.890s][info][gc,stats    ]   Purge Unlinked                   2487 us
[2026-04-03T06:54:02.347+0600][27.890s][info][gc,stats    ]     Code Roots                     2444 us
[2026-04-03T06:54:02.347+0600][27.890s][info][gc,stats    ]     CLDG                             43 us
[2026-04-03T06:54:02.347+0600][27.890s][info][gc,stats    ]     Exception Caches                  0 us
[2026-04-03T06:54:02.347+0600][27.890s][info][gc,stats    ] Concurrent Strong Roots            1296 us, parallelism: 0.71x
[2026-04-03T06:54:02.347+0600][27.890s][info][gc,stats    ]   CSR: <total>                      920 us
[2026-04-03T06:54:02.347+0600][27.890s][info][gc,stats    ]   CSR: VM Strong Roots               53 us, workers (us):  28,  23,   2, ---, ---, ---, 
[2026-04-03T06:54:02.347+0600][27.890s][info][gc,stats    ]   CSR: CLDG Roots                   867 us, workers (us): 867, ---, ---, ---, ---, ---, 
[2026-04-03T06:54:02.347+0600][27.890s][info][gc,stats    ] Concurrent Evacuation            132207 us
[2026-04-03T06:54:02.347+0600][27.890s][info][gc,stats    ] Pause Init Update Refs (G)          507 us
[2026-04-03T06:54:02.347+0600][27.890s][info][gc,stats    ] Pause Init Update Refs (N)          150 us
[2026-04-03T06:54:02.347+0600][27.890s][info][gc,stats    ]   Manage GCLABs                      18 us
[2026-04-03T06:54:02.347+0600][27.890s][info][gc,stats    ] Concurrent Update Refs           317250 us
[2026-04-03T06:54:02.347+0600][27.890s][info][gc,stats    ] Concurrent Update Thread Roots     1146 us
[2026-04-03T06:54:02.347+0600][27.890s][info][gc,stats    ] Pause Final Update Refs (G)         740 us
[2026-04-03T06:54:02.347+0600][27.890s][info][gc,stats    ] Pause Final Update Refs (N)         356 us
[2026-04-03T06:54:02.347+0600][27.890s][info][gc,stats    ]   Update Region States               87 us
[2026-04-03T06:54:02.347+0600][27.890s][info][gc,stats    ]   Trash Collection Set               37 us
[2026-04-03T06:54:02.347+0600][27.890s][info][gc,stats    ]   Rebuild Free Set                   49 us
[2026-04-03T06:54:02.347+0600][27.890s][info][gc,stats    ] Concurrent Cleanup                  960 us
[2026-04-03T06:54:02.347+0600][27.890s][info][gc,stats    ] 
[2026-04-03T06:54:02.347+0600][27.890s][info][gc,stats    ] Allocation pacing accrued:
[2026-04-03T06:54:02.347+0600][27.890s][info][gc,stats    ]       0 of  3284 ms (  0.0%): <total>
[2026-04-03T06:54:02.347+0600][27.890s][info][gc,stats    ]       0 of  3284 ms (  0.0%): <average total>
[2026-04-03T06:54:02.347+0600][27.890s][info][gc,stats    ] 
[2026-04-03T06:54:02.347+0600][27.890s][info][gc,metaspace] Metaspace: 70022K(70784K)->70024K(70784K) NonClass: 61086K(61504K)->61088K(61504K) Class: 8936K(9280K)->8936K(9280K)
[2026-04-03T06:54:02.347+0600][27.890s][info][gc,ergo     ] Pacer for Idle. Initial: 80302K, Alloc Tax Rate: 1.0x
[2026-04-03T06:54:06.601+0600][32.144s][info][gc          ] Trigger: Average GC time (1815.61 ms) is above the time for average allocation rate (566 MB/s) to deplete free headroom (1028M) (margin of error = 1.82)
[2026-04-03T06:54:06.602+0600][32.145s][info][gc,ergo     ] Free headroom: 1224M (free) - 196M (spike) - 0B (penalties) = 1028M
[2026-04-03T06:54:06.602+0600][32.145s][info][gc,ergo     ] Free: 1224M, Max: 1024K regular, 1224M humongous, Frag: 0% external, 0% internal; Reserve: 197M, Max: 1024K
[2026-04-03T06:54:06.602+0600][32.145s][info][gc,start    ] GC(9) Concurrent reset
[2026-04-03T06:54:06.602+0600][32.145s][info][gc,task     ] GC(9) Using 3 of 6 workers for concurrent reset
[2026-04-03T06:54:06.602+0600][32.145s][info][gc,ergo     ] GC(9) Pacer for Reset. Non-Taxable: 3921M
[2026-04-03T06:54:06.608+0600][32.151s][info][gc          ] GC(9) Concurrent reset 6.558ms
[2026-04-03T06:54:06.609+0600][32.152s][info][gc,start    ] GC(9) Pause Init Mark (unload classes)
[2026-04-03T06:54:06.609+0600][32.152s][info][gc,task     ] GC(9) Using 6 of 6 workers for init marking
[2026-04-03T06:54:06.609+0600][32.152s][info][gc,ergo     ] GC(9) Pacer for Mark. Expected Live: 129M, Free: 1219M, Non-Taxable: 121M, Alloc Tax Rate: 0.1x
[2026-04-03T06:54:06.609+0600][32.152s][info][gc          ] GC(9) Pause Init Mark (unload classes) 0.191ms
[2026-04-03T06:54:06.609+0600][32.152s][info][gc,start    ] GC(9) Concurrent marking roots
[2026-04-03T06:54:06.609+0600][32.152s][info][gc,task     ] GC(9) Using 3 of 6 workers for concurrent marking roots
[2026-04-03T06:54:06.610+0600][32.153s][info][gc          ] GC(9) Concurrent marking roots 1.337ms
[2026-04-03T06:54:06.610+0600][32.153s][info][gc,start    ] GC(9) Concurrent marking (unload classes)
[2026-04-03T06:54:06.610+0600][32.153s][info][gc,task     ] GC(9) Using 3 of 6 workers for concurrent marking
[2026-04-03T06:54:06.922+0600][32.465s][info][gc          ] GC(9) Concurrent marking (unload classes) 311.661ms
[2026-04-03T06:54:06.922+0600][32.465s][info][gc,start    ] GC(9) Pause Final Mark (unload classes)
[2026-04-03T06:54:06.922+0600][32.465s][info][gc,task     ] GC(9) Using 6 of 6 workers for final marking
[2026-04-03T06:54:06.923+0600][32.466s][info][gc,ergo     ] GC(9) Adaptive CSet Selection. Target Free: 555M, Actual Free: 3175M, Max CSet: 163M, Min Garbage: 0B
[2026-04-03T06:54:06.923+0600][32.466s][info][gc,ergo     ] GC(9) Collectable Garbage: 2263M (99%), Immediate: 1983M (87%), CSet: 279M (12%)
[2026-04-03T06:54:06.923+0600][32.466s][info][gc,ergo     ] GC(9) Pacer for Evacuation. Used CSet: 308M, Free: 3039M, Non-Taxable: 303M, Alloc Tax Rate: 1.1x
[2026-04-03T06:54:06.923+0600][32.466s][info][gc          ] GC(9) Pause Final Mark (unload classes) 1.030ms
[2026-04-03T06:54:06.923+0600][32.467s][info][gc,start    ] GC(9) Concurrent thread roots
[2026-04-03T06:54:06.924+0600][32.467s][info][gc,task     ] GC(9) Using 3 of 6 workers for Concurrent thread roots
[2026-04-03T06:54:06.924+0600][32.467s][info][gc          ] GC(9) Concurrent thread roots 0.880ms
[2026-04-03T06:54:06.925+0600][32.468s][info][gc,start    ] GC(9) Concurrent weak references
[2026-04-03T06:54:06.925+0600][32.468s][info][gc,task     ] GC(9) Using 3 of 6 workers for concurrent weak references
[2026-04-03T06:54:06.925+0600][32.468s][info][gc,ref      ] GC(9) Encountered references: Soft: 3465, Weak: 6758, Final: 82, Phantom: 598
[2026-04-03T06:54:06.925+0600][32.468s][info][gc,ref      ] GC(9) Discovered  references: Soft: 0, Weak: 1260, Final: 0, Phantom: 594
[2026-04-03T06:54:06.925+0600][32.468s][info][gc,ref      ] GC(9) Enqueued    references: Soft: 0, Weak: 538, Final: 0, Phantom: 0
[2026-04-03T06:54:06.925+0600][32.468s][info][gc          ] GC(9) Concurrent weak references 0.501ms
[2026-04-03T06:54:06.925+0600][32.468s][info][gc,start    ] GC(9) Concurrent weak roots
[2026-04-03T06:54:06.925+0600][32.468s][info][gc,task     ] GC(9) Using 3 of 6 workers for concurrent weak root
[2026-04-03T06:54:06.931+0600][32.474s][info][gc          ] GC(9) Concurrent weak roots 5.879ms
[2026-04-03T06:54:06.931+0600][32.474s][info][gc,start    ] GC(9) Concurrent cleanup
[2026-04-03T06:54:06.933+0600][32.476s][info][gc          ] GC(9) Concurrent cleanup 2664M->681M(3884M) 1.517ms
[2026-04-03T06:54:06.933+0600][32.476s][info][gc,ergo     ] GC(9) Free: 3035M, Max: 1024K regular, 1067M humongous, Frag: 65% external, 0% internal; Reserve: 196M, Max: 1024K
[2026-04-03T06:54:06.933+0600][32.476s][info][gc,start    ] GC(9) Concurrent class unloading
[2026-04-03T06:54:06.933+0600][32.476s][info][gc,task     ] GC(9) Using 3 of 6 workers for concurrent class unloading
[2026-04-03T06:54:06.966+0600][32.509s][info][gc          ] GC(9) Concurrent class unloading 33.427ms
[2026-04-03T06:54:06.966+0600][32.510s][info][gc,start    ] GC(9) Concurrent strong roots
[2026-04-03T06:54:06.967+0600][32.510s][info][gc,task     ] GC(9) Using 3 of 6 workers for concurrent strong root
[2026-04-03T06:54:06.968+0600][32.511s][info][gc          ] GC(9) Concurrent strong roots 1.073ms
[2026-04-03T06:54:06.968+0600][32.511s][info][gc,start    ] GC(9) Concurrent evacuation
[2026-04-03T06:54:06.968+0600][32.511s][info][gc,task     ] GC(9) Using 3 of 6 workers for concurrent evacuation
[2026-04-03T06:54:06.996+0600][32.539s][info][gc          ] GC(9) Concurrent evacuation 28.608ms
[2026-04-03T06:54:06.997+0600][32.540s][info][gc,start    ] GC(9) Pause Init Update Refs
[2026-04-03T06:54:06.997+0600][32.540s][info][gc,ergo     ] GC(9) Pacer for Update Refs. Used: 748M, Free: 2999M, Non-Taxable: 299M, Alloc Tax Rate: 1.1x
[2026-04-03T06:54:06.997+0600][32.540s][info][gc          ] GC(9) Pause Init Update Refs 0.208ms
[2026-04-03T06:54:06.997+0600][32.540s][info][gc,start    ] GC(9) Concurrent update references
[2026-04-03T06:54:06.997+0600][32.540s][info][gc,task     ] GC(9) Using 3 of 6 workers for concurrent reference update
[2026-04-03T06:54:07.198+0600][32.741s][info][gc          ] GC(9) Concurrent update references 201.075ms
[2026-04-03T06:54:07.198+0600][32.741s][info][gc,start    ] GC(9) Concurrent update thread roots
[2026-04-03T06:54:07.199+0600][32.742s][info][gc          ] GC(9) Concurrent update thread roots 0.701ms
[2026-04-03T06:54:07.199+0600][32.742s][info][gc,start    ] GC(9) Pause Final Update Refs
[2026-04-03T06:54:07.199+0600][32.742s][info][gc,task     ] GC(9) Using 6 of 6 workers for final reference update
[2026-04-03T06:54:07.199+0600][32.742s][info][gc          ] GC(9) Pause Final Update Refs 0.271ms
[2026-04-03T06:54:07.199+0600][32.742s][info][gc,start    ] GC(9) Concurrent cleanup
[2026-04-03T06:54:07.200+0600][32.743s][info][gc          ] GC(9) Concurrent cleanup 781M->473M(3884M) 0.728ms
[2026-04-03T06:54:07.200+0600][32.743s][info][gc,ergo     ] Free: 3243M, Max: 1024K regular, 1854M humongous, Frag: 43% external, 0% internal; Reserve: 197M, Max: 1024K
[2026-04-03T06:54:07.200+0600][32.743s][info][gc,stats    ] 
[2026-04-03T06:54:07.200+0600][32.743s][info][gc,stats    ] All times are wall-clock times, except per-root-class counters, that are sum over
[2026-04-03T06:54:07.200+0600][32.743s][info][gc,stats    ] all workers. Dividing the <total> over the root stage time estimates parallelism.
[2026-04-03T06:54:07.200+0600][32.743s][info][gc,stats    ] 
[2026-04-03T06:54:07.200+0600][32.743s][info][gc,stats    ] Concurrent Reset                   6799 us
[2026-04-03T06:54:07.200+0600][32.743s][info][gc,stats    ] Pause Init Mark (G)                 530 us
[2026-04-03T06:54:07.200+0600][32.743s][info][gc,stats    ] Pause Init Mark (N)                 203 us
[2026-04-03T06:54:07.200+0600][32.743s][info][gc,stats    ]   Update Region States               54 us
[2026-04-03T06:54:07.200+0600][32.743s][info][gc,stats    ] Concurrent Mark Roots              1410 us, parallelism: 1.83x
[2026-04-03T06:54:07.200+0600][32.743s][info][gc,stats    ]   CMR: <total>                     2576 us
[2026-04-03T06:54:07.200+0600][32.743s][info][gc,stats    ]   CMR: Thread Roots                2207 us, workers (us): 832, 540, 835, ---, ---, ---, 
[2026-04-03T06:54:07.200+0600][32.743s][info][gc,stats    ]   CMR: VM Strong Roots               55 us, workers (us):  40,  15,   1, ---, ---, ---, 
[2026-04-03T06:54:07.200+0600][32.743s][info][gc,stats    ]   CMR: CLDG Roots                   314 us, workers (us): ---, 314, ---, ---, ---, ---, 
[2026-04-03T06:54:07.200+0600][32.743s][info][gc,stats    ] Concurrent Marking               311815 us
[2026-04-03T06:54:07.200+0600][32.744s][info][gc,stats    ] Pause Final Mark (G)               1280 us
[2026-04-03T06:54:07.200+0600][32.744s][info][gc,stats    ] Pause Final Mark (N)               1052 us
[2026-04-03T06:54:07.200+0600][32.744s][info][gc,stats    ]   Finish Mark                       278 us
[2026-04-03T06:54:07.200+0600][32.744s][info][gc,stats    ]   Update Region States              114 us
[2026-04-03T06:54:07.200+0600][32.744s][info][gc,stats    ]   Choose Collection Set             406 us
[2026-04-03T06:54:07.200+0600][32.744s][info][gc,stats    ]   Rebuild Free Set                   57 us
[2026-04-03T06:54:07.201+0600][32.744s][info][gc,stats    ] Concurrent Thread Roots            1015 us, parallelism: 1.99x
[2026-04-03T06:54:07.201+0600][32.744s][info][gc,stats    ]   CTR: <total>                     2018 us
[2026-04-03T06:54:07.201+0600][32.744s][info][gc,stats    ]   CTR: Thread Roots                2018 us, workers (us): 688, 672, 658, ---, ---, ---, 
[2026-04-03T06:54:07.201+0600][32.744s][info][gc,stats    ] Concurrent Weak References          541 us, parallelism: 0.94x
[2026-04-03T06:54:07.201+0600][32.744s][info][gc,stats    ]   CWRF: <total>                     506 us
[2026-04-03T06:54:07.201+0600][32.744s][info][gc,stats    ]   CWRF: Weak References             506 us, workers (us): 209, 297,   0, ---, ---, ---, 
[2026-04-03T06:54:07.201+0600][32.744s][info][gc,stats    ] Concurrent Weak Roots              6013 us
[2026-04-03T06:54:07.201+0600][32.744s][info][gc,stats    ]   Roots                            5625 us, parallelism: 2.24x
[2026-04-03T06:54:07.201+0600][32.744s][info][gc,stats    ]     CWR: <total>                  12590 us
[2026-04-03T06:54:07.201+0600][32.744s][info][gc,stats    ]     CWR: Code Cache Roots          8842 us, workers (us): 3289, 3325, 2228, ---, ---, ---, 
[2026-04-03T06:54:07.201+0600][32.744s][info][gc,stats    ]     CWR: VM Weak Roots             3507 us, workers (us): 1773, 1731,   2, ---, ---, ---, 
[2026-04-03T06:54:07.201+0600][32.744s][info][gc,stats    ]     CWR: CLDG Roots                 241 us, workers (us): ---, 241, ---, ---, ---, ---, 
[2026-04-03T06:54:07.201+0600][32.744s][info][gc,stats    ]   Rendezvous                        210 us
[2026-04-03T06:54:07.201+0600][32.744s][info][gc,stats    ] Concurrent Cleanup                 1651 us
[2026-04-03T06:54:07.201+0600][32.744s][info][gc,stats    ] Concurrent Class Unloading        33579 us
[2026-04-03T06:54:07.201+0600][32.744s][info][gc,stats    ]   Unlink Stale                    28558 us
[2026-04-03T06:54:07.201+0600][32.744s][info][gc,stats    ]     System Dictionary               684 us
[2026-04-03T06:54:07.201+0600][32.744s][info][gc,stats    ]     Weak Class Links              19148 us
[2026-04-03T06:54:07.201+0600][32.744s][info][gc,stats    ]     Code Roots                     8717 us
[2026-04-03T06:54:07.201+0600][32.744s][info][gc,stats    ]   Rendezvous                        214 us
[2026-04-03T06:54:07.201+0600][32.744s][info][gc,stats    ]   Purge Unlinked                   4558 us
[2026-04-03T06:54:07.201+0600][32.744s][info][gc,stats    ]     Code Roots                     4304 us
[2026-04-03T06:54:07.201+0600][32.744s][info][gc,stats    ]     CLDG                            251 us
[2026-04-03T06:54:07.201+0600][32.744s][info][gc,stats    ]     Exception Caches                  0 us
[2026-04-03T06:54:07.201+0600][32.744s][info][gc,stats    ] Concurrent Strong Roots            1159 us, parallelism: 0.64x
[2026-04-03T06:54:07.201+0600][32.744s][info][gc,stats    ]   CSR: <total>                      742 us
[2026-04-03T06:54:07.201+0600][32.744s][info][gc,stats    ]   CSR: VM Strong Roots               46 us, workers (us):  27,  18,   0, ---, ---, ---, 
[2026-04-03T06:54:07.201+0600][32.744s][info][gc,stats    ]   CSR: CLDG Roots                   696 us, workers (us): ---, 696, ---, ---, ---, ---, 
[2026-04-03T06:54:07.201+0600][32.744s][info][gc,stats    ] Concurrent Evacuation             28724 us
[2026-04-03T06:54:07.201+0600][32.744s][info][gc,stats    ] Pause Init Update Refs (G)          445 us
[2026-04-03T06:54:07.201+0600][32.744s][info][gc,stats    ] Pause Init Update Refs (N)          227 us
[2026-04-03T06:54:07.201+0600][32.744s][info][gc,stats    ]   Manage GCLABs                      41 us
[2026-04-03T06:54:07.201+0600][32.744s][info][gc,stats    ] Concurrent Update Refs           201236 us
[2026-04-03T06:54:07.201+0600][32.744s][info][gc,stats    ] Concurrent Update Thread Roots      750 us
[2026-04-03T06:54:07.201+0600][32.744s][info][gc,stats    ] Pause Final Update Refs (G)         521 us
[2026-04-03T06:54:07.201+0600][32.744s][info][gc,stats    ] Pause Final Update Refs (N)         301 us
[2026-04-03T06:54:07.201+0600][32.744s][info][gc,stats    ]   Update Region States               77 us
[2026-04-03T06:54:07.201+0600][32.744s][info][gc,stats    ]   Trash Collection Set               13 us
[2026-04-03T06:54:07.201+0600][32.744s][info][gc,stats    ]   Rebuild Free Set                   45 us
[2026-04-03T06:54:07.201+0600][32.744s][info][gc,stats    ] Concurrent Cleanup                  770 us
[2026-04-03T06:54:07.201+0600][32.744s][info][gc,stats    ] 
[2026-04-03T06:54:07.201+0600][32.744s][info][gc,stats    ] Allocation pacing accrued:
[2026-04-03T06:54:07.201+0600][32.744s][info][gc,stats    ]       0 of  4854 ms (  0.0%): <total>
[2026-04-03T06:54:07.201+0600][32.744s][info][gc,stats    ]       0 of  4854 ms (  0.0%): <average total>
[2026-04-03T06:54:07.201+0600][32.744s][info][gc,stats    ] 
[2026-04-03T06:54:07.201+0600][32.744s][info][gc,metaspace] Metaspace: 70807K(71744K)->70764K(71808K) NonClass: 61746K(62272K)->61721K(62336K) Class: 9060K(9472K)->9043K(9472K)
[2026-04-03T06:54:07.201+0600][32.744s][info][gc,ergo     ] Pacer for Idle. Initial: 80302K, Alloc Tax Rate: 1.0x
[2026-04-03T06:54:08.888+0600][34.431s][info][gc          ] Trigger: Explicit GC request (System.gc())
[2026-04-03T06:54:08.888+0600][34.431s][info][gc,ergo     ] Free: 2084M, Max: 1024K regular, 1058M humongous, Frag: 50% external, 0% internal; Reserve: 197M, Max: 1024K
[2026-04-03T06:54:08.888+0600][34.431s][info][gc,start    ] GC(10) Concurrent reset
[2026-04-03T06:54:08.888+0600][34.431s][info][gc,task     ] GC(10) Using 3 of 6 workers for concurrent reset
[2026-04-03T06:54:08.888+0600][34.432s][info][gc,ergo     ] GC(10) Pacer for Reset. Non-Taxable: 3921M
[2026-04-03T06:54:08.890+0600][34.433s][info][gc          ] GC(10) Concurrent reset 1.549ms
[2026-04-03T06:54:08.890+0600][34.433s][info][gc,start    ] GC(10) Pause Init Mark (unload classes)
[2026-04-03T06:54:08.890+0600][34.433s][info][gc,task     ] GC(10) Using 6 of 6 workers for init marking
[2026-04-03T06:54:08.890+0600][34.433s][info][gc,ref      ] GC(10) Clearing All SoftReferences
[2026-04-03T06:54:08.890+0600][34.433s][info][gc,ergo     ] GC(10) Pacer for Mark. Expected Live: 157M, Free: 2084M, Non-Taxable: 208M, Alloc Tax Rate: 0.1x
[2026-04-03T06:54:08.890+0600][34.433s][info][gc          ] GC(10) Pause Init Mark (unload classes) 0.145ms
[2026-04-03T06:54:08.890+0600][34.434s][info][gc,start    ] GC(10) Concurrent marking roots
[2026-04-03T06:54:08.891+0600][34.434s][info][gc,task     ] GC(10) Using 3 of 6 workers for concurrent marking roots
[2026-04-03T06:54:08.891+0600][34.434s][info][gc          ] GC(10) Concurrent marking roots 0.846ms
[2026-04-03T06:54:08.891+0600][34.434s][info][gc,start    ] GC(10) Concurrent marking (unload classes)
[2026-04-03T06:54:08.891+0600][34.434s][info][gc,task     ] GC(10) Using 3 of 6 workers for concurrent marking
[2026-04-03T06:54:09.021+0600][34.564s][info][gc          ] GC(10) Concurrent marking (unload classes) 129.962ms
[2026-04-03T06:54:09.022+0600][34.565s][info][gc,start    ] GC(10) Pause Final Mark (unload classes)
[2026-04-03T06:54:09.022+0600][34.565s][info][gc,task     ] GC(10) Using 6 of 6 workers for final marking
[2026-04-03T06:54:09.022+0600][34.565s][info][gc,ergo     ] GC(10) Collectable Garbage: 1332M (94%), Immediate: 1332M (94%), CSet: 0B (0%)
[2026-04-03T06:54:09.022+0600][34.565s][info][gc          ] GC(10) Pause Final Mark (unload classes) 0.664ms
[2026-04-03T06:54:09.022+0600][34.565s][info][gc,start    ] GC(10) Concurrent weak references
[2026-04-03T06:54:09.022+0600][34.565s][info][gc,task     ] GC(10) Using 3 of 6 workers for concurrent weak references
[2026-04-03T06:54:09.023+0600][34.566s][info][gc,ref      ] GC(10) Encountered references: Soft: 3366, Weak: 6408, Final: 84, Phantom: 600
[2026-04-03T06:54:09.023+0600][34.566s][info][gc,ref      ] GC(10) Discovered  references: Soft: 3111, Weak: 758, Final: 0, Phantom: 597
[2026-04-03T06:54:09.023+0600][34.566s][info][gc,ref      ] GC(10) Enqueued    references: Soft: 610, Weak: 381, Final: 0, Phantom: 0
[2026-04-03T06:54:09.023+0600][34.566s][info][gc          ] GC(10) Concurrent weak references 0.664ms
[2026-04-03T06:54:09.023+0600][34.566s][info][gc,start    ] GC(10) Concurrent weak roots
[2026-04-03T06:54:09.023+0600][34.566s][info][gc,task     ] GC(10) Using 3 of 6 workers for concurrent weak root
[2026-04-03T06:54:09.025+0600][34.568s][info][gc          ] GC(10) Concurrent weak roots 2.282ms
[2026-04-03T06:54:09.025+0600][34.568s][info][gc,start    ] GC(10) Concurrent cleanup
[2026-04-03T06:54:09.026+0600][34.569s][info][gc          ] GC(10) Concurrent cleanup 1554M->222M(3884M) 0.450ms
[2026-04-03T06:54:09.026+0600][34.569s][info][gc,ergo     ] GC(10) Free: 3500M, Max: 1024K regular, 1079M humongous, Frag: 70% external, 0% internal; Reserve: 197M, Max: 1024K
[2026-04-03T06:54:09.026+0600][34.569s][info][gc,start    ] GC(10) Concurrent class unloading
[2026-04-03T06:54:09.026+0600][34.569s][info][gc,task     ] GC(10) Using 3 of 6 workers for concurrent class unloading
[2026-04-03T06:54:09.054+0600][34.597s][info][gc          ] GC(10) Concurrent class unloading 28.498ms
[2026-04-03T06:54:09.055+0600][34.598s][info][gc,start    ] GC(10) Pause Final Roots
[2026-04-03T06:54:09.055+0600][34.598s][info][gc          ] GC(10) Pause Final Roots 0.092ms
[2026-04-03T06:54:09.055+0600][34.598s][info][gc,ergo     ] Free: 3480M, Max: 1024K regular, 1079M humongous, Frag: 69% external, 0% internal; Reserve: 197M, Max: 1024K
[2026-04-03T06:54:09.055+0600][34.598s][info][gc,stats    ] 
[2026-04-03T06:54:09.055+0600][34.598s][info][gc,stats    ] All times are wall-clock times, except per-root-class counters, that are sum over
[2026-04-03T06:54:09.055+0600][34.598s][info][gc,stats    ] all workers. Dividing the <total> over the root stage time estimates parallelism.
[2026-04-03T06:54:09.055+0600][34.598s][info][gc,stats    ] 
[2026-04-03T06:54:09.055+0600][34.598s][info][gc,stats    ] Concurrent Reset                   1616 us
[2026-04-03T06:54:09.055+0600][34.598s][info][gc,stats    ] Pause Init Mark (G)                 433 us
[2026-04-03T06:54:09.055+0600][34.598s][info][gc,stats    ] Pause Init Mark (N)                 154 us
[2026-04-03T06:54:09.055+0600][34.598s][info][gc,stats    ]   Update Region States               31 us
[2026-04-03T06:54:09.055+0600][34.598s][info][gc,stats    ] Concurrent Mark Roots               882 us, parallelism: 1.65x
[2026-04-03T06:54:09.055+0600][34.598s][info][gc,stats    ]   CMR: <total>                     1452 us
[2026-04-03T06:54:09.055+0600][34.598s][info][gc,stats    ]   CMR: Thread Roots                1101 us, workers (us): 454, 440, 208, ---, ---, ---, 
[2026-04-03T06:54:09.055+0600][34.598s][info][gc,stats    ]   CMR: VM Strong Roots               99 us, workers (us):  47,  47,   6, ---, ---, ---, 
[2026-04-03T06:54:09.055+0600][34.598s][info][gc,stats    ]   CMR: CLDG Roots                   252 us, workers (us): ---, ---, 252, ---, ---, ---, 
[2026-04-03T06:54:09.055+0600][34.598s][info][gc,stats    ] Concurrent Marking               130069 us
[2026-04-03T06:54:09.055+0600][34.598s][info][gc,stats    ] Pause Final Mark (G)                893 us
[2026-04-03T06:54:09.055+0600][34.598s][info][gc,stats    ] Pause Final Mark (N)                680 us
[2026-04-03T06:54:09.055+0600][34.598s][info][gc,stats    ]   Finish Mark                       323 us
[2026-04-03T06:54:09.055+0600][34.598s][info][gc,stats    ]   Update Region States               51 us
[2026-04-03T06:54:09.055+0600][34.598s][info][gc,stats    ]   Choose Collection Set             114 us
[2026-04-03T06:54:09.055+0600][34.598s][info][gc,stats    ]   Rebuild Free Set                   71 us
[2026-04-03T06:54:09.055+0600][34.598s][info][gc,stats    ] Concurrent Weak References          680 us, parallelism: 0.80x
[2026-04-03T06:54:09.055+0600][34.598s][info][gc,stats    ]   CWRF: <total>                     543 us
[2026-04-03T06:54:09.055+0600][34.598s][info][gc,stats    ]   CWRF: Weak References             543 us, workers (us): 198, 284,  61, ---, ---, ---, 
[2026-04-03T06:54:09.055+0600][34.598s][info][gc,stats    ] Concurrent Weak Roots              2356 us
[2026-04-03T06:54:09.055+0600][34.598s][info][gc,stats    ]   Roots                            2034 us, parallelism: 2.54x
[2026-04-03T06:54:09.055+0600][34.598s][info][gc,stats    ]     CWR: <total>                   5158 us
[2026-04-03T06:54:09.055+0600][34.598s][info][gc,stats    ]     CWR: Code Cache Roots          3858 us, workers (us): 1245, 1304, 1310, ---, ---, ---, 
[2026-04-03T06:54:09.055+0600][34.598s][info][gc,stats    ]     CWR: VM Weak Roots             1257 us, workers (us): 437, 428, 392, ---, ---, ---, 
[2026-04-03T06:54:09.055+0600][34.598s][info][gc,stats    ]     CWR: CLDG Roots                  43 us, workers (us):  43, ---, ---, ---, ---, ---, 
[2026-04-03T06:54:09.055+0600][34.598s][info][gc,stats    ]   Rendezvous                        212 us
[2026-04-03T06:54:09.055+0600][34.598s][info][gc,stats    ] Concurrent Cleanup                  484 us
[2026-04-03T06:54:09.055+0600][34.598s][info][gc,stats    ] Concurrent Class Unloading        28594 us
[2026-04-03T06:54:09.055+0600][34.598s][info][gc,stats    ]   Unlink Stale                    22661 us
[2026-04-03T06:54:09.055+0600][34.598s][info][gc,stats    ]     System Dictionary               509 us
[2026-04-03T06:54:09.055+0600][34.598s][info][gc,stats    ]     Weak Class Links              14386 us
[2026-04-03T06:54:09.055+0600][34.598s][info][gc,stats    ]     Code Roots                     7758 us
[2026-04-03T06:54:09.055+0600][34.598s][info][gc,stats    ]   Rendezvous                        402 us
[2026-04-03T06:54:09.055+0600][34.598s][info][gc,stats    ]   Purge Unlinked                   5392 us
[2026-04-03T06:54:09.055+0600][34.598s][info][gc,stats    ]     Code Roots                     4590 us
[2026-04-03T06:54:09.055+0600][34.599s][info][gc,stats    ]     CLDG                            799 us
[2026-04-03T06:54:09.055+0600][34.599s][info][gc,stats    ]     Exception Caches                  0 us
[2026-04-03T06:54:09.055+0600][34.599s][info][gc,stats    ] Pause Final Roots (G)               341 us
[2026-04-03T06:54:09.055+0600][34.599s][info][gc,stats    ] Pause Final Roots (N)               118 us
[2026-04-03T06:54:09.055+0600][34.599s][info][gc,stats    ] 
[2026-04-03T06:54:09.055+0600][34.599s][info][gc,stats    ] Allocation pacing accrued:
[2026-04-03T06:54:09.056+0600][34.599s][info][gc,stats    ]       0 of  1854 ms (  0.0%): <total>
[2026-04-03T06:54:09.056+0600][34.599s][info][gc,stats    ]       0 of  1854 ms (  0.0%): <average total>
[2026-04-03T06:54:09.056+0600][34.599s][info][gc,stats    ] 
[2026-04-03T06:54:09.056+0600][34.599s][info][gc,metaspace] Metaspace: 72620K(73536K)->72245K(73536K) NonClass: 63314K(63872K)->63009K(63872K) Class: 9305K(9664K)->9236K(9664K)
[2026-04-03T06:54:09.056+0600][34.599s][info][gc,ergo     ] Pacer for Idle. Initial: 80302K, Alloc Tax Rate: 1.0x
[2026-04-03T06:54:09.056+0600][34.599s][info][gc,start    ] Concurrent uncommit
[2026-04-03T06:54:09.476+0600][35.019s][info][gc          ] Concurrent uncommit 242M->335M(344M) 420.320ms
[2026-04-03T06:54:10.271+0600][35.814s][info][gc          ] Trigger: Learning 2 of 5. Free (2742M) is below initial threshold (2744M)
[2026-04-03T06:54:10.271+0600][35.814s][info][gc,ergo     ] Free: 2741M, Max: 1024K regular, 1079M humongous, Frag: 61% external, 0% internal; Reserve: 197M, Max: 1024K
[2026-04-03T06:54:10.271+0600][35.814s][info][gc,start    ] GC(11) Concurrent reset
[2026-04-03T06:54:10.271+0600][35.814s][info][gc,task     ] GC(11) Using 3 of 6 workers for concurrent reset
[2026-04-03T06:54:10.271+0600][35.814s][info][gc,ergo     ] GC(11) Pacer for Reset. Non-Taxable: 3921M
[2026-04-03T06:54:10.272+0600][35.815s][info][gc          ] GC(11) Concurrent reset 1.308ms
[2026-04-03T06:54:10.272+0600][35.816s][info][gc,start    ] GC(11) Pause Init Mark (unload classes)
[2026-04-03T06:54:10.273+0600][35.816s][info][gc,task     ] GC(11) Using 6 of 6 workers for init marking
[2026-04-03T06:54:10.273+0600][35.816s][info][gc,ergo     ] GC(11) Pacer for Mark. Expected Live: 180M, Free: 2741M, Non-Taxable: 274M, Alloc Tax Rate: 0.1x
[2026-04-03T06:54:10.273+0600][35.816s][info][gc          ] GC(11) Pause Init Mark (unload classes) 0.139ms
[2026-04-03T06:54:10.273+0600][35.816s][info][gc,start    ] GC(11) Concurrent marking roots
[2026-04-03T06:54:10.273+0600][35.816s][info][gc,task     ] GC(11) Using 3 of 6 workers for concurrent marking roots
[2026-04-03T06:54:10.274+0600][35.817s][info][gc          ] GC(11) Concurrent marking roots 1.247ms
[2026-04-03T06:54:10.274+0600][35.817s][info][gc,start    ] GC(11) Concurrent marking (unload classes)
[2026-04-03T06:54:10.274+0600][35.817s][info][gc,task     ] GC(11) Using 3 of 6 workers for concurrent marking
[2026-04-03T06:54:10.696+0600][36.239s][info][gc          ] GC(11) Concurrent marking (unload classes) 421.930ms
[2026-04-03T06:54:10.696+0600][36.239s][info][gc,start    ] GC(11) Pause Final Mark (unload classes)
[2026-04-03T06:54:10.696+0600][36.239s][info][gc,task     ] GC(11) Using 6 of 6 workers for final marking
[2026-04-03T06:54:10.697+0600][36.240s][info][gc,ergo     ] GC(11) Adaptive CSet Selection. Target Free: 555M, Actual Free: 2759M, Max CSet: 163M, Min Garbage: 0B
[2026-04-03T06:54:10.697+0600][36.240s][info][gc,ergo     ] GC(11) Collectable Garbage: 681M (99%), Immediate: 26624K (3%), CSet: 655M (95%)
[2026-04-03T06:54:10.697+0600][36.240s][info][gc,ergo     ] GC(11) Pacer for Evacuation. Used CSet: 767M, Free: 2576M, Non-Taxable: 257M, Alloc Tax Rate: 1.1x
[2026-04-03T06:54:10.697+0600][36.240s][info][gc          ] GC(11) Pause Final Mark (unload classes) 0.993ms
[2026-04-03T06:54:10.697+0600][36.240s][info][gc,start    ] GC(11) Concurrent thread roots
[2026-04-03T06:54:10.697+0600][36.240s][info][gc,task     ] GC(11) Using 3 of 6 workers for Concurrent thread roots
[2026-04-03T06:54:10.698+0600][36.241s][info][gc          ] GC(11) Concurrent thread roots 0.931ms
[2026-04-03T06:54:10.698+0600][36.241s][info][gc,start    ] GC(11) Concurrent weak references
[2026-04-03T06:54:10.698+0600][36.241s][info][gc,task     ] GC(11) Using 3 of 6 workers for concurrent weak references
[2026-04-03T06:54:10.699+0600][36.242s][info][gc,ref      ] GC(11) Encountered references: Soft: 3160, Weak: 6354, Final: 84, Phantom: 600
[2026-04-03T06:54:10.699+0600][36.242s][info][gc,ref      ] GC(11) Discovered  references: Soft: 0, Weak: 3413, Final: 52, Phantom: 597
[2026-04-03T06:54:10.699+0600][36.242s][info][gc,ref      ] GC(11) Enqueued    references: Soft: 0, Weak: 141, Final: 0, Phantom: 0
[2026-04-03T06:54:10.699+0600][36.242s][info][gc          ] GC(11) Concurrent weak references 0.988ms
[2026-04-03T06:54:10.699+0600][36.242s][info][gc,start    ] GC(11) Concurrent weak roots
[2026-04-03T06:54:10.699+0600][36.242s][info][gc,task     ] GC(11) Using 3 of 6 workers for concurrent weak root
[2026-04-03T06:54:10.703+0600][36.246s][info][gc          ] GC(11) Concurrent weak roots 3.213ms
[2026-04-03T06:54:10.703+0600][36.246s][info][gc,start    ] GC(11) Concurrent cleanup
[2026-04-03T06:54:10.703+0600][36.247s][info][gc          ] GC(11) Concurrent cleanup 1169M->1143M(1193M) 0.799ms
[2026-04-03T06:54:10.703+0600][36.247s][info][gc,ergo     ] GC(11) Free: 2573M, Max: 1024K regular, 1079M humongous, Frag: 59% external, 0% internal; Reserve: 195M, Max: 1024K
[2026-04-03T06:54:10.704+0600][36.247s][info][gc,start    ] GC(11) Concurrent class unloading
[2026-04-03T06:54:10.704+0600][36.247s][info][gc,task     ] GC(11) Using 3 of 6 workers for concurrent class unloading
[2026-04-03T06:54:10.725+0600][36.268s][info][gc          ] GC(11) Concurrent class unloading 21.592ms
[2026-04-03T06:54:10.725+0600][36.268s][info][gc,start    ] GC(11) Concurrent strong roots
[2026-04-03T06:54:10.725+0600][36.268s][info][gc,task     ] GC(11) Using 3 of 6 workers for concurrent strong root
[2026-04-03T06:54:10.727+0600][36.270s][info][gc          ] GC(11) Concurrent strong roots 1.562ms
[2026-04-03T06:54:10.727+0600][36.270s][info][gc,start    ] GC(11) Concurrent evacuation
[2026-04-03T06:54:10.727+0600][36.270s][info][gc,task     ] GC(11) Using 3 of 6 workers for concurrent evacuation
[2026-04-03T06:54:10.864+0600][36.407s][info][gc          ] GC(11) Concurrent evacuation 136.798ms
[2026-04-03T06:54:10.864+0600][36.407s][info][gc,start    ] GC(11) Pause Init Update Refs
[2026-04-03T06:54:10.864+0600][36.407s][info][gc,ergo     ] GC(11) Pacer for Update Refs. Used: 1340M, Free: 2491M, Non-Taxable: 249M, Alloc Tax Rate: 1.1x
[2026-04-03T06:54:10.864+0600][36.407s][info][gc          ] GC(11) Pause Init Update Refs 0.127ms
[2026-04-03T06:54:10.864+0600][36.407s][info][gc,start    ] GC(11) Concurrent update references
[2026-04-03T06:54:10.864+0600][36.407s][info][gc,task     ] GC(11) Using 3 of 6 workers for concurrent reference update
[2026-04-03T06:54:11.115+0600][36.658s][info][gc          ] GC(11) Concurrent update references 250.713ms
[2026-04-03T06:54:11.115+0600][36.658s][info][gc,start    ] GC(11) Concurrent update thread roots
[2026-04-03T06:54:11.116+0600][36.659s][info][gc          ] GC(11) Concurrent update thread roots 1.208ms
[2026-04-03T06:54:11.116+0600][36.659s][info][gc,start    ] GC(11) Pause Final Update Refs
[2026-04-03T06:54:11.116+0600][36.659s][info][gc,task     ] GC(11) Using 6 of 6 workers for final reference update
[2026-04-03T06:54:11.117+0600][36.660s][info][gc          ] GC(11) Pause Final Update Refs 0.258ms
[2026-04-03T06:54:11.117+0600][36.660s][info][gc,start    ] GC(11) Concurrent cleanup
[2026-04-03T06:54:11.118+0600][36.661s][info][gc          ] GC(11) Concurrent cleanup 1470M->703M(1481M) 0.972ms
[2026-04-03T06:54:11.118+0600][36.661s][info][gc,ergo     ] Free: 3013M, Max: 1024K regular, 974M humongous, Frag: 68% external, 0% internal; Reserve: 197M, Max: 1024K
[2026-04-03T06:54:11.118+0600][36.661s][info][gc,stats    ] 
[2026-04-03T06:54:11.118+0600][36.661s][info][gc,stats    ] All times are wall-clock times, except per-root-class counters, that are sum over
[2026-04-03T06:54:11.118+0600][36.661s][info][gc,stats    ] all workers. Dividing the <total> over the root stage time estimates parallelism.
[2026-04-03T06:54:11.118+0600][36.661s][info][gc,stats    ] 
[2026-04-03T06:54:11.118+0600][36.661s][info][gc,stats    ] Concurrent Reset                   1352 us
[2026-04-03T06:54:11.118+0600][36.661s][info][gc,stats    ] Pause Init Mark (G)                 440 us
[2026-04-03T06:54:11.118+0600][36.661s][info][gc,stats    ] Pause Init Mark (N)                 162 us
[2026-04-03T06:54:11.118+0600][36.661s][info][gc,stats    ]   Update Region States               39 us
[2026-04-03T06:54:11.118+0600][36.661s][info][gc,stats    ] Concurrent Mark Roots              1312 us, parallelism: 1.78x
[2026-04-03T06:54:11.118+0600][36.661s][info][gc,stats    ]   CMR: <total>                     2329 us
[2026-04-03T06:54:11.118+0600][36.661s][info][gc,stats    ]   CMR: Thread Roots                1980 us, workers (us): 469, 756, 754, ---, ---, ---, 
[2026-04-03T06:54:11.118+0600][36.661s][info][gc,stats    ]   CMR: VM Strong Roots               70 us, workers (us):  43,  20,   7, ---, ---, ---, 
[2026-04-03T06:54:11.118+0600][36.661s][info][gc,stats    ]   CMR: CLDG Roots                   279 us, workers (us): 279, ---, ---, ---, ---, ---, 
[2026-04-03T06:54:11.118+0600][36.661s][info][gc,stats    ] Concurrent Marking               422066 us
[2026-04-03T06:54:11.118+0600][36.661s][info][gc,stats    ] Pause Final Mark (G)               1169 us
[2026-04-03T06:54:11.118+0600][36.661s][info][gc,stats    ] Pause Final Mark (N)               1010 us
[2026-04-03T06:54:11.118+0600][36.661s][info][gc,stats    ]   Finish Mark                       334 us
[2026-04-03T06:54:11.118+0600][36.661s][info][gc,stats    ]   Update Region States               67 us
[2026-04-03T06:54:11.118+0600][36.661s][info][gc,stats    ]   Choose Collection Set             349 us
[2026-04-03T06:54:11.118+0600][36.661s][info][gc,stats    ]   Rebuild Free Set                   44 us
[2026-04-03T06:54:11.118+0600][36.661s][info][gc,stats    ] Concurrent Thread Roots            1005 us, parallelism: 1.90x
[2026-04-03T06:54:11.118+0600][36.661s][info][gc,stats    ]   CTR: <total>                     1909 us
[2026-04-03T06:54:11.118+0600][36.661s][info][gc,stats    ]   CTR: Thread Roots                1909 us, workers (us): 658, 621, 630, ---, ---, ---, 
[2026-04-03T06:54:11.118+0600][36.661s][info][gc,stats    ] Concurrent Weak References         1004 us, parallelism: 0.96x
[2026-04-03T06:54:11.118+0600][36.661s][info][gc,stats    ]   CWRF: <total>                     962 us
[2026-04-03T06:54:11.118+0600][36.661s][info][gc,stats    ]   CWRF: Weak References             962 us, workers (us): 763,  86, 113, ---, ---, ---, 
[2026-04-03T06:54:11.118+0600][36.661s][info][gc,stats    ] Concurrent Weak Roots              3303 us
[2026-04-03T06:54:11.118+0600][36.661s][info][gc,stats    ]   Roots                            2869 us, parallelism: 2.50x
[2026-04-03T06:54:11.118+0600][36.661s][info][gc,stats    ]     CWR: <total>                   7173 us
[2026-04-03T06:54:11.118+0600][36.661s][info][gc,stats    ]     CWR: Code Cache Roots          4163 us, workers (us): 1367, 1393, 1403, ---, ---, ---, 
[2026-04-03T06:54:11.118+0600][36.661s][info][gc,stats    ]     CWR: VM Weak Roots             2833 us, workers (us): 964, 943, 926, ---, ---, ---, 
[2026-04-03T06:54:11.118+0600][36.661s][info][gc,stats    ]     CWR: CLDG Roots                 177 us, workers (us): ---, ---, 177, ---, ---, ---, 
[2026-04-03T06:54:11.118+0600][36.661s][info][gc,stats    ]   Rendezvous                        304 us
[2026-04-03T06:54:11.118+0600][36.661s][info][gc,stats    ] Concurrent Cleanup                  822 us
[2026-04-03T06:54:11.118+0600][36.661s][info][gc,stats    ] Concurrent Class Unloading        21735 us
[2026-04-03T06:54:11.118+0600][36.661s][info][gc,stats    ]   Unlink Stale                    20614 us
[2026-04-03T06:54:11.118+0600][36.661s][info][gc,stats    ]     System Dictionary               261 us
[2026-04-03T06:54:11.118+0600][36.661s][info][gc,stats    ]     Weak Class Links              12240 us
[2026-04-03T06:54:11.118+0600][36.661s][info][gc,stats    ]     Code Roots                     8110 us
[2026-04-03T06:54:11.118+0600][36.661s][info][gc,stats    ]   Rendezvous                        513 us
[2026-04-03T06:54:11.118+0600][36.661s][info][gc,stats    ]   Purge Unlinked                    432 us
[2026-04-03T06:54:11.118+0600][36.661s][info][gc,stats    ]     Code Roots                      366 us
[2026-04-03T06:54:11.118+0600][36.661s][info][gc,stats    ]     CLDG                             65 us
[2026-04-03T06:54:11.118+0600][36.661s][info][gc,stats    ]     Exception Caches                  0 us
[2026-04-03T06:54:11.118+0600][36.661s][info][gc,stats    ] Concurrent Strong Roots            1634 us, parallelism: 0.79x
[2026-04-03T06:54:11.118+0600][36.661s][info][gc,stats    ]   CSR: <total>                     1283 us
[2026-04-03T06:54:11.118+0600][36.661s][info][gc,stats    ]   CSR: VM Strong Roots               65 us, workers (us):  38,  23,   4, ---, ---, ---, 
[2026-04-03T06:54:11.118+0600][36.661s][info][gc,stats    ]   CSR: CLDG Roots                  1218 us, workers (us): 1218, ---, ---, ---, ---, ---, 
[2026-04-03T06:54:11.118+0600][36.661s][info][gc,stats    ] Concurrent Evacuation            136910 us
[2026-04-03T06:54:11.118+0600][36.661s][info][gc,stats    ] Pause Init Update Refs (G)          319 us
[2026-04-03T06:54:11.118+0600][36.662s][info][gc,stats    ] Pause Init Update Refs (N)          142 us
[2026-04-03T06:54:11.118+0600][36.662s][info][gc,stats    ]   Manage GCLABs                      25 us
[2026-04-03T06:54:11.118+0600][36.662s][info][gc,stats    ] Concurrent Update Refs           250816 us
[2026-04-03T06:54:11.118+0600][36.662s][info][gc,stats    ] Concurrent Update Thread Roots     1297 us
[2026-04-03T06:54:11.118+0600][36.662s][info][gc,stats    ] Pause Final Update Refs (G)         576 us
[2026-04-03T06:54:11.118+0600][36.662s][info][gc,stats    ] Pause Final Update Refs (N)         293 us
[2026-04-03T06:54:11.118+0600][36.662s][info][gc,stats    ]   Update Region States               91 us
[2026-04-03T06:54:11.118+0600][36.662s][info][gc,stats    ]   Trash Collection Set               24 us
[2026-04-03T06:54:11.119+0600][36.662s][info][gc,stats    ]   Rebuild Free Set                   45 us
[2026-04-03T06:54:11.119+0600][36.662s][info][gc,stats    ] Concurrent Cleanup                 1022 us
[2026-04-03T06:54:11.119+0600][36.662s][info][gc,stats    ] Pacing                           212242 us
[2026-04-03T06:54:11.119+0600][36.662s][info][gc,stats    ] 
[2026-04-03T06:54:11.119+0600][36.662s][info][gc,stats    ] Allocation pacing accrued:
[2026-04-03T06:54:11.119+0600][36.662s][info][gc,stats    ]      67 of  2063 ms (  3.3%): Executor task launch worker for task 0.0 in stage 14.0 (TID 21)
[2026-04-03T06:54:11.119+0600][36.662s][info][gc,stats    ]      71 of  2063 ms (  3.4%): Executor task launch worker for task 2.0 in stage 14.0 (TID 23)
[2026-04-03T06:54:11.119+0600][36.662s][info][gc,stats    ]      74 of  2063 ms (  3.6%): Executor task launch worker for task 1.0 in stage 14.0 (TID 22)
[2026-04-03T06:54:11.119+0600][36.662s][info][gc,stats    ]     212 of  2063 ms ( 10.3%): <total>
[2026-04-03T06:54:11.119+0600][36.662s][info][gc,stats    ]       2 of  2063 ms (  0.1%): <average total>
[2026-04-03T06:54:11.119+0600][36.662s][info][gc,stats    ]      71 of  2063 ms (  3.4%): <average non-zero>
[2026-04-03T06:54:11.119+0600][36.662s][info][gc,stats    ] 
[2026-04-03T06:54:11.119+0600][36.662s][info][gc,metaspace] Metaspace: 72698K(73536K)->72687K(73536K) NonClass: 63401K(63872K)->63394K(63872K) Class: 9296K(9664K)->9292K(9664K)
[2026-04-03T06:54:11.119+0600][36.662s][info][gc,ergo     ] Pacer for Idle. Initial: 80302K, Alloc Tax Rate: 1.0x
[2026-04-03T06:54:11.394+0600][36.937s][info][gc          ] Trigger: Learning 3 of 5. Free (2744M) is below initial threshold (2744M)
[2026-04-03T06:54:11.394+0600][36.937s][info][gc,ergo     ] Free: 2743M, Max: 1024K regular, 974M humongous, Frag: 65% external, 0% internal; Reserve: 197M, Max: 1024K
[2026-04-03T06:54:11.394+0600][36.937s][info][gc,start    ] GC(12) Concurrent reset
[2026-04-03T06:54:11.394+0600][36.937s][info][gc,task     ] GC(12) Using 3 of 6 workers for concurrent reset
[2026-04-03T06:54:11.394+0600][36.937s][info][gc,ergo     ] GC(12) Pacer for Reset. Non-Taxable: 3921M
[2026-04-03T06:54:11.398+0600][36.941s][info][gc          ] GC(12) Concurrent reset 3.748ms
[2026-04-03T06:54:11.398+0600][36.941s][info][gc,start    ] GC(12) Pause Init Mark (unload classes)
[2026-04-03T06:54:11.398+0600][36.941s][info][gc,task     ] GC(12) Using 6 of 6 workers for init marking
[2026-04-03T06:54:11.398+0600][36.941s][info][gc,ergo     ] GC(12) Pacer for Mark. Expected Live: 229M, Free: 2740M, Non-Taxable: 274M, Alloc Tax Rate: 0.1x
[2026-04-03T06:54:11.398+0600][36.941s][info][gc          ] GC(12) Pause Init Mark (unload classes) 0.235ms
[2026-04-03T06:54:11.398+0600][36.941s][info][gc,start    ] GC(12) Concurrent marking roots
[2026-04-03T06:54:11.398+0600][36.941s][info][gc,task     ] GC(12) Using 3 of 6 workers for concurrent marking roots
[2026-04-03T06:54:11.400+0600][36.943s][info][gc          ] GC(12) Concurrent marking roots 1.357ms
[2026-04-03T06:54:11.400+0600][36.943s][info][gc,start    ] GC(12) Concurrent marking (unload classes)
[2026-04-03T06:54:11.400+0600][36.943s][info][gc,task     ] GC(12) Using 3 of 6 workers for concurrent marking
[2026-04-03T06:54:11.986+0600][37.529s][info][gc          ] GC(12) Concurrent marking (unload classes) 586.259ms
[2026-04-03T06:54:11.986+0600][37.529s][info][gc,start    ] GC(12) Pause Final Mark (unload classes)
[2026-04-03T06:54:11.986+0600][37.529s][info][gc,task     ] GC(12) Using 6 of 6 workers for final marking
[2026-04-03T06:54:11.987+0600][37.530s][info][gc,ergo     ] GC(12) Adaptive CSet Selection. Target Free: 555M, Actual Free: 2625M, Max CSet: 163M, Min Garbage: 0B
[2026-04-03T06:54:11.988+0600][37.531s][info][gc,ergo     ] GC(12) Collectable Garbage: 660M (98%), Immediate: 0B (0%), CSet: 660M (98%)
[2026-04-03T06:54:11.988+0600][37.531s][info][gc,ergo     ] GC(12) Pacer for Evacuation. Used CSet: 708M, Free: 2429M, Non-Taxable: 242M, Alloc Tax Rate: 1.1x
[2026-04-03T06:54:11.988+0600][37.531s][info][gc          ] GC(12) Pause Final Mark (unload classes) 1.684ms
[2026-04-03T06:54:11.988+0600][37.531s][info][gc,start    ] GC(12) Concurrent thread roots
[2026-04-03T06:54:11.988+0600][37.531s][info][gc,task     ] GC(12) Using 3 of 6 workers for Concurrent thread roots
[2026-04-03T06:54:11.989+0600][37.532s][info][gc          ] GC(12) Concurrent thread roots 1.031ms
[2026-04-03T06:54:11.989+0600][37.532s][info][gc,start    ] GC(12) Concurrent weak references
[2026-04-03T06:54:11.989+0600][37.532s][info][gc,task     ] GC(12) Using 3 of 6 workers for concurrent weak references
[2026-04-03T06:54:11.990+0600][37.533s][info][gc,ref      ] GC(12) Encountered references: Soft: 3162, Weak: 6217, Final: 84, Phantom: 600
[2026-04-03T06:54:11.990+0600][37.533s][info][gc,ref      ] GC(12) Discovered  references: Soft: 0, Weak: 3203, Final: 52, Phantom: 597
[2026-04-03T06:54:11.990+0600][37.533s][info][gc,ref      ] GC(12) Enqueued    references: Soft: 0, Weak: 5, Final: 0, Phantom: 0
[2026-04-03T06:54:11.990+0600][37.533s][info][gc          ] GC(12) Concurrent weak references 0.796ms
[2026-04-03T06:54:11.990+0600][37.533s][info][gc,start    ] GC(12) Concurrent weak roots
[2026-04-03T06:54:11.990+0600][37.533s][info][gc,task     ] GC(12) Using 3 of 6 workers for concurrent weak root
[2026-04-03T06:54:11.993+0600][37.537s][info][gc          ] GC(12) Concurrent weak roots 3.463ms
[2026-04-03T06:54:11.994+0600][37.537s][info][gc,start    ] GC(12) Concurrent cleanup
[2026-04-03T06:54:11.994+0600][37.537s][info][gc          ] GC(12) Concurrent cleanup 1288M->1288M(1481M) 0.307ms
[2026-04-03T06:54:11.994+0600][37.537s][info][gc,ergo     ] GC(12) Free: 2425M, Max: 1024K regular, 974M humongous, Frag: 60% external, 0% internal; Reserve: 196M, Max: 1024K
[2026-04-03T06:54:11.994+0600][37.537s][info][gc,start    ] GC(12) Concurrent class unloading
[2026-04-03T06:54:11.994+0600][37.537s][info][gc,task     ] GC(12) Using 3 of 6 workers for concurrent class unloading
[2026-04-03T06:54:12.001+0600][37.544s][info][gc          ] GC(12) Concurrent class unloading 7.288ms
[2026-04-03T06:54:12.001+0600][37.544s][info][gc,start    ] GC(12) Concurrent strong roots
[2026-04-03T06:54:12.001+0600][37.545s][info][gc,task     ] GC(12) Using 3 of 6 workers for concurrent strong root
[2026-04-03T06:54:12.002+0600][37.545s][info][gc          ] GC(12) Concurrent strong roots 1.005ms
[2026-04-03T06:54:12.002+0600][37.546s][info][gc,start    ] GC(12) Concurrent evacuation
[2026-04-03T06:54:12.003+0600][37.546s][info][gc,task     ] GC(12) Using 3 of 6 workers for concurrent evacuation
[2026-04-03T06:54:12.075+0600][37.618s][info][gc          ] GC(12) Concurrent evacuation 72.599ms
[2026-04-03T06:54:12.075+0600][37.619s][info][gc,start    ] GC(12) Pause Init Update Refs
[2026-04-03T06:54:12.076+0600][37.619s][info][gc,ergo     ] GC(12) Pacer for Update Refs. Used: 1356M, Free: 2407M, Non-Taxable: 240M, Alloc Tax Rate: 1.1x
[2026-04-03T06:54:12.076+0600][37.619s][info][gc          ] GC(12) Pause Init Update Refs 0.167ms
[2026-04-03T06:54:12.076+0600][37.619s][info][gc,start    ] GC(12) Concurrent update references
[2026-04-03T06:54:12.076+0600][37.619s][info][gc,task     ] GC(12) Using 3 of 6 workers for concurrent reference update
[2026-04-03T06:54:12.448+0600][37.991s][info][gc          ] GC(12) Concurrent update references 371.960ms
[2026-04-03T06:54:12.448+0600][37.991s][info][gc,start    ] GC(12) Concurrent update thread roots
[2026-04-03T06:54:12.449+0600][37.992s][info][gc          ] GC(12) Concurrent update thread roots 1.218ms
[2026-04-03T06:54:12.449+0600][37.993s][info][gc,start    ] GC(12) Pause Final Update Refs
[2026-04-03T06:54:12.450+0600][37.993s][info][gc,task     ] GC(12) Using 6 of 6 workers for final reference update
[2026-04-03T06:54:12.450+0600][37.993s][info][gc          ] GC(12) Pause Final Update Refs 0.300ms
[2026-04-03T06:54:12.450+0600][37.993s][info][gc,start    ] GC(12) Concurrent cleanup
[2026-04-03T06:54:12.450+0600][37.993s][info][gc          ] GC(12) Concurrent cleanup 1366M->658M(1520M) 0.497ms
[2026-04-03T06:54:12.451+0600][37.994s][info][gc,ergo     ] Free: 3052M, Max: 1024K regular, 1335M humongous, Frag: 57% external, 0% internal; Reserve: 197M, Max: 1024K
[2026-04-03T06:54:12.451+0600][37.994s][info][gc,stats    ] 
[2026-04-03T06:54:12.451+0600][37.994s][info][gc,stats    ] All times are wall-clock times, except per-root-class counters, that are sum over
[2026-04-03T06:54:12.451+0600][37.994s][info][gc,stats    ] all workers. Dividing the <total> over the root stage time estimates parallelism.
[2026-04-03T06:54:12.451+0600][37.994s][info][gc,stats    ] 
[2026-04-03T06:54:12.451+0600][37.994s][info][gc,stats    ] Concurrent Reset                   3871 us
[2026-04-03T06:54:12.451+0600][37.994s][info][gc,stats    ] Pause Init Mark (G)                 647 us
[2026-04-03T06:54:12.451+0600][37.994s][info][gc,stats    ] Pause Init Mark (N)                 255 us
[2026-04-03T06:54:12.451+0600][37.994s][info][gc,stats    ]   Update Region States               77 us
[2026-04-03T06:54:12.451+0600][37.994s][info][gc,stats    ] Concurrent Mark Roots              1395 us, parallelism: 1.92x
[2026-04-03T06:54:12.451+0600][37.994s][info][gc,stats    ]   CMR: <total>                     2672 us
[2026-04-03T06:54:12.451+0600][37.994s][info][gc,stats    ]   CMR: Thread Roots                2157 us, workers (us): 828, 831, 498, ---, ---, ---, 
[2026-04-03T06:54:12.451+0600][37.994s][info][gc,stats    ]   CMR: VM Strong Roots              180 us, workers (us):  92,  54,  34, ---, ---, ---, 
[2026-04-03T06:54:12.451+0600][37.994s][info][gc,stats    ]   CMR: CLDG Roots                   335 us, workers (us): ---, ---, 335, ---, ---, ---, 
[2026-04-03T06:54:12.451+0600][37.994s][info][gc,stats    ] Concurrent Marking               586390 us
[2026-04-03T06:54:12.451+0600][37.994s][info][gc,stats    ] Pause Final Mark (G)               1964 us
[2026-04-03T06:54:12.451+0600][37.994s][info][gc,stats    ] Pause Final Mark (N)               1720 us
[2026-04-03T06:54:12.451+0600][37.994s][info][gc,stats    ]   Finish Mark                       473 us
[2026-04-03T06:54:12.451+0600][37.994s][info][gc,stats    ]   Update Region States              107 us
[2026-04-03T06:54:12.451+0600][37.994s][info][gc,stats    ]   Choose Collection Set             751 us
[2026-04-03T06:54:12.451+0600][37.994s][info][gc,stats    ]   Rebuild Free Set                   66 us
[2026-04-03T06:54:12.451+0600][37.994s][info][gc,stats    ] Concurrent Thread Roots            1113 us, parallelism: 2.11x
[2026-04-03T06:54:12.451+0600][37.994s][info][gc,stats    ]   CTR: <total>                     2347 us
[2026-04-03T06:54:12.451+0600][37.994s][info][gc,stats    ]   CTR: Thread Roots                2347 us, workers (us): 794, 778, 776, ---, ---, ---, 
[2026-04-03T06:54:12.451+0600][37.994s][info][gc,stats    ] Concurrent Weak References          821 us, parallelism: 0.75x
[2026-04-03T06:54:12.451+0600][37.994s][info][gc,stats    ]   CWRF: <total>                     613 us
[2026-04-03T06:54:12.451+0600][37.994s][info][gc,stats    ]   CWRF: Weak References             613 us, workers (us):  47, 127, 439, ---, ---, ---, 
[2026-04-03T06:54:12.451+0600][37.994s][info][gc,stats    ] Concurrent Weak Roots              3562 us
[2026-04-03T06:54:12.451+0600][37.994s][info][gc,stats    ]   Roots                            3069 us, parallelism: 2.50x
[2026-04-03T06:54:12.451+0600][37.994s][info][gc,stats    ]     CWR: <total>                   7681 us
[2026-04-03T06:54:12.451+0600][37.994s][info][gc,stats    ]     CWR: Code Cache Roots          5347 us, workers (us): 1831, 1573, 1943, ---, ---, ---, 
[2026-04-03T06:54:12.451+0600][37.994s][info][gc,stats    ]     CWR: VM Weak Roots             2189 us, workers (us): 753, 736, 699, ---, ---, ---, 
[2026-04-03T06:54:12.451+0600][37.994s][info][gc,stats    ]     CWR: CLDG Roots                 146 us, workers (us): ---, 146, ---, ---, ---, ---, 
[2026-04-03T06:54:12.451+0600][37.994s][info][gc,stats    ]   Rendezvous                        350 us
[2026-04-03T06:54:12.451+0600][37.994s][info][gc,stats    ] Concurrent Cleanup                  347 us
[2026-04-03T06:54:12.451+0600][37.994s][info][gc,stats    ] Concurrent Class Unloading         7441 us
[2026-04-03T06:54:12.451+0600][37.994s][info][gc,stats    ]   Unlink Stale                     6698 us
[2026-04-03T06:54:12.451+0600][37.994s][info][gc,stats    ]     System Dictionary               131 us
[2026-04-03T06:54:12.451+0600][37.994s][info][gc,stats    ]     Weak Class Links                  1 us
[2026-04-03T06:54:12.451+0600][37.994s][info][gc,stats    ]     Code Roots                     6560 us
[2026-04-03T06:54:12.451+0600][37.994s][info][gc,stats    ]   Rendezvous                        337 us
[2026-04-03T06:54:12.451+0600][37.994s][info][gc,stats    ]   Purge Unlinked                    204 us
[2026-04-03T06:54:12.451+0600][37.994s][info][gc,stats    ]     Code Roots                      193 us
[2026-04-03T06:54:12.451+0600][37.994s][info][gc,stats    ]     CLDG                             10 us
[2026-04-03T06:54:12.451+0600][37.994s][info][gc,stats    ]     Exception Caches                  1 us
[2026-04-03T06:54:12.451+0600][37.994s][info][gc,stats    ] Concurrent Strong Roots            1077 us, parallelism: 0.60x
[2026-04-03T06:54:12.451+0600][37.994s][info][gc,stats    ]   CSR: <total>                      643 us
[2026-04-03T06:54:12.451+0600][37.994s][info][gc,stats    ]   CSR: VM Strong Roots               48 us, workers (us):  25,  22,   0, ---, ---, ---, 
[2026-04-03T06:54:12.451+0600][37.994s][info][gc,stats    ]   CSR: CLDG Roots                   595 us, workers (us): 595, ---, ---, ---, ---, ---, 
[2026-04-03T06:54:12.451+0600][37.994s][info][gc,stats    ] Concurrent Evacuation             72733 us
[2026-04-03T06:54:12.451+0600][37.994s][info][gc,stats    ] Pause Init Update Refs (G)          591 us
[2026-04-03T06:54:12.451+0600][37.994s][info][gc,stats    ] Pause Init Update Refs (N)          188 us
[2026-04-03T06:54:12.451+0600][37.994s][info][gc,stats    ]   Manage GCLABs                      55 us
[2026-04-03T06:54:12.451+0600][37.994s][info][gc,stats    ] Concurrent Update Refs           372087 us
[2026-04-03T06:54:12.451+0600][37.994s][info][gc,stats    ] Concurrent Update Thread Roots     1329 us
[2026-04-03T06:54:12.451+0600][37.995s][info][gc,stats    ] Pause Final Update Refs (G)         663 us
[2026-04-03T06:54:12.451+0600][37.995s][info][gc,stats    ] Pause Final Update Refs (N)         317 us
[2026-04-03T06:54:12.451+0600][37.995s][info][gc,stats    ]   Update Region States               75 us
[2026-04-03T06:54:12.451+0600][37.995s][info][gc,stats    ]   Trash Collection Set               15 us
[2026-04-03T06:54:12.451+0600][37.995s][info][gc,stats    ]   Rebuild Free Set                   43 us
[2026-04-03T06:54:12.452+0600][37.995s][info][gc,stats    ] Concurrent Cleanup                  551 us
[2026-04-03T06:54:12.452+0600][37.995s][info][gc,stats    ] 
[2026-04-03T06:54:12.452+0600][37.995s][info][gc,stats    ] Allocation pacing accrued:
[2026-04-03T06:54:12.452+0600][37.995s][info][gc,stats    ]       0 of  1333 ms (  0.0%): <total>
[2026-04-03T06:54:12.452+0600][37.995s][info][gc,stats    ]       0 of  1333 ms (  0.0%): <average total>
[2026-04-03T06:54:12.452+0600][37.995s][info][gc,stats    ] 
[2026-04-03T06:54:12.452+0600][37.995s][info][gc,metaspace] Metaspace: 72689K(73536K)->72689K(73536K) NonClass: 63396K(63872K)->63396K(63872K) Class: 9292K(9664K)->9292K(9664K)
[2026-04-03T06:54:12.452+0600][37.995s][info][gc,ergo     ] Pacer for Idle. Initial: 80302K, Alloc Tax Rate: 1.0x
[2026-04-03T06:54:13.710+0600][39.253s][info][gc          ] Trigger: Learning 4 of 5. Free (2743M) is below initial threshold (2744M)
[2026-04-03T06:54:13.710+0600][39.253s][info][gc,ergo     ] Free: 2743M, Max: 1024K regular, 1335M humongous, Frag: 52% external, 0% internal; Reserve: 197M, Max: 1024K
[2026-04-03T06:54:13.710+0600][39.253s][info][gc,start    ] GC(13) Concurrent reset
[2026-04-03T06:54:13.710+0600][39.253s][info][gc,task     ] GC(13) Using 3 of 6 workers for concurrent reset
[2026-04-03T06:54:13.710+0600][39.253s][info][gc,ergo     ] GC(13) Pacer for Reset. Non-Taxable: 3921M
[2026-04-03T06:54:13.714+0600][39.257s][info][gc          ] GC(13) Concurrent reset 4.004ms
[2026-04-03T06:54:13.715+0600][39.258s][info][gc,start    ] GC(13) Pause Init Mark (unload classes)
[2026-04-03T06:54:13.715+0600][39.258s][info][gc,task     ] GC(13) Using 6 of 6 workers for init marking
[2026-04-03T06:54:13.715+0600][39.258s][info][gc,ergo     ] GC(13) Pacer for Mark. Expected Live: 231M, Free: 2737M, Non-Taxable: 273M, Alloc Tax Rate: 0.1x
[2026-04-03T06:54:13.715+0600][39.258s][info][gc          ] GC(13) Pause Init Mark (unload classes) 0.158ms
[2026-04-03T06:54:13.715+0600][39.258s][info][gc,start    ] GC(13) Concurrent marking roots
[2026-04-03T06:54:13.715+0600][39.258s][info][gc,task     ] GC(13) Using 3 of 6 workers for concurrent marking roots
[2026-04-03T06:54:13.716+0600][39.259s][info][gc          ] GC(13) Concurrent marking roots 1.298ms
[2026-04-03T06:54:13.716+0600][39.259s][info][gc,start    ] GC(13) Concurrent marking (unload classes)
[2026-04-03T06:54:13.716+0600][39.259s][info][gc,task     ] GC(13) Using 3 of 6 workers for concurrent marking
[2026-04-03T06:54:14.088+0600][39.631s][info][gc          ] GC(13) Concurrent marking (unload classes) 371.428ms
[2026-04-03T06:54:14.088+0600][39.631s][info][gc,start    ] GC(13) Pause Final Mark (unload classes)
[2026-04-03T06:54:14.088+0600][39.631s][info][gc,task     ] GC(13) Using 6 of 6 workers for final marking
[2026-04-03T06:54:14.089+0600][39.632s][info][gc,ergo     ] GC(13) Adaptive CSet Selection. Target Free: 555M, Actual Free: 3248M, Max CSet: 163M, Min Garbage: 0B
[2026-04-03T06:54:14.089+0600][39.632s][info][gc,ergo     ] GC(13) Collectable Garbage: 752M (99%), Immediate: 526M (69%), CSet: 225M (29%)
[2026-04-03T06:54:14.089+0600][39.632s][info][gc,ergo     ] GC(13) Pacer for Evacuation. Used CSet: 268M, Free: 3076M, Non-Taxable: 307M, Alloc Tax Rate: 1.1x
[2026-04-03T06:54:14.089+0600][39.632s][info][gc          ] GC(13) Pause Final Mark (unload classes) 1.081ms
[2026-04-03T06:54:14.089+0600][39.632s][info][gc,start    ] GC(13) Concurrent thread roots
[2026-04-03T06:54:14.089+0600][39.632s][info][gc,task     ] GC(13) Using 3 of 6 workers for Concurrent thread roots
[2026-04-03T06:54:14.090+0600][39.633s][info][gc          ] GC(13) Concurrent thread roots 0.898ms
[2026-04-03T06:54:14.090+0600][39.633s][info][gc,start    ] GC(13) Concurrent weak references
[2026-04-03T06:54:14.090+0600][39.633s][info][gc,task     ] GC(13) Using 3 of 6 workers for concurrent weak references
[2026-04-03T06:54:14.091+0600][39.634s][info][gc,ref      ] GC(13) Encountered references: Soft: 3289, Weak: 6494, Final: 84, Phantom: 600
[2026-04-03T06:54:14.091+0600][39.634s][info][gc,ref      ] GC(13) Discovered  references: Soft: 0, Weak: 618, Final: 0, Phantom: 597
[2026-04-03T06:54:14.091+0600][39.634s][info][gc,ref      ] GC(13) Enqueued    references: Soft: 0, Weak: 114, Final: 0, Phantom: 0
[2026-04-03T06:54:14.091+0600][39.634s][info][gc          ] GC(13) Concurrent weak references 0.456ms
[2026-04-03T06:54:14.091+0600][39.634s][info][gc,start    ] GC(13) Concurrent weak roots
[2026-04-03T06:54:14.091+0600][39.634s][info][gc,task     ] GC(13) Using 3 of 6 workers for concurrent weak root
[2026-04-03T06:54:14.094+0600][39.638s][info][gc          ] GC(13) Concurrent weak roots 3.750ms
[2026-04-03T06:54:14.095+0600][39.638s][info][gc,start    ] GC(13) Concurrent cleanup
[2026-04-03T06:54:14.095+0600][39.638s][info][gc          ] GC(13) Concurrent cleanup 1165M->638M(1520M) 0.467ms
[2026-04-03T06:54:14.095+0600][39.638s][info][gc,ergo     ] GC(13) Free: 3072M, Max: 1024K regular, 1228M humongous, Frag: 61% external, 0% internal; Reserve: 196M, Max: 1024K
[2026-04-03T06:54:14.095+0600][39.638s][info][gc,start    ] GC(13) Concurrent class unloading
[2026-04-03T06:54:14.095+0600][39.638s][info][gc,task     ] GC(13) Using 3 of 6 workers for concurrent class unloading
[2026-04-03T06:54:14.104+0600][39.647s][info][gc          ] GC(13) Concurrent class unloading 8.967ms
[2026-04-03T06:54:14.104+0600][39.647s][info][gc,start    ] GC(13) Concurrent strong roots
[2026-04-03T06:54:14.104+0600][39.647s][info][gc,task     ] GC(13) Using 3 of 6 workers for concurrent strong root
[2026-04-03T06:54:14.105+0600][39.648s][info][gc          ] GC(13) Concurrent strong roots 0.852ms
[2026-04-03T06:54:14.105+0600][39.648s][info][gc,start    ] GC(13) Concurrent evacuation
[2026-04-03T06:54:14.105+0600][39.648s][info][gc,task     ] GC(13) Using 3 of 6 workers for concurrent evacuation
[2026-04-03T06:54:14.144+0600][39.687s][info][gc          ] GC(13) Concurrent evacuation 38.289ms
[2026-04-03T06:54:14.144+0600][39.687s][info][gc,start    ] GC(13) Pause Init Update Refs
[2026-04-03T06:54:14.144+0600][39.687s][info][gc,ergo     ] GC(13) Pacer for Update Refs. Used: 727M, Free: 3027M, Non-Taxable: 302M, Alloc Tax Rate: 1.1x
[2026-04-03T06:54:14.144+0600][39.687s][info][gc          ] GC(13) Pause Init Update Refs 0.168ms
[2026-04-03T06:54:14.144+0600][39.687s][info][gc,start    ] GC(13) Concurrent update references
[2026-04-03T06:54:14.144+0600][39.687s][info][gc,task     ] GC(13) Using 3 of 6 workers for concurrent reference update
[2026-04-03T06:54:14.451+0600][39.994s][info][gc          ] GC(13) Concurrent update references 307.024ms
[2026-04-03T06:54:14.451+0600][39.995s][info][gc,start    ] GC(13) Concurrent update thread roots
[2026-04-03T06:54:14.453+0600][39.996s][info][gc          ] GC(13) Concurrent update thread roots 1.131ms
[2026-04-03T06:54:14.453+0600][39.996s][info][gc,start    ] GC(13) Pause Final Update Refs
[2026-04-03T06:54:14.453+0600][39.996s][info][gc,task     ] GC(13) Using 6 of 6 workers for final reference update
[2026-04-03T06:54:14.453+0600][39.996s][info][gc          ] GC(13) Pause Final Update Refs 0.388ms
[2026-04-03T06:54:14.454+0600][39.997s][info][gc,start    ] GC(13) Concurrent cleanup
[2026-04-03T06:54:14.454+0600][39.997s][info][gc          ] GC(13) Concurrent cleanup 943M->675M(1520M) 0.394ms
[2026-04-03T06:54:14.454+0600][39.997s][info][gc,ergo     ] Free: 3029M, Max: 1024K regular, 1228M humongous, Frag: 60% external, 0% internal; Reserve: 197M, Max: 1024K
[2026-04-03T06:54:14.454+0600][39.997s][info][gc,stats    ] 
[2026-04-03T06:54:14.454+0600][39.997s][info][gc,stats    ] All times are wall-clock times, except per-root-class counters, that are sum over
[2026-04-03T06:54:14.454+0600][39.997s][info][gc,stats    ] all workers. Dividing the <total> over the root stage time estimates parallelism.
[2026-04-03T06:54:14.454+0600][39.997s][info][gc,stats    ] 
[2026-04-03T06:54:14.454+0600][39.997s][info][gc,stats    ] Concurrent Reset                   4104 us
[2026-04-03T06:54:14.454+0600][39.997s][info][gc,stats    ] Pause Init Mark (G)                 521 us
[2026-04-03T06:54:14.454+0600][39.997s][info][gc,stats    ] Pause Init Mark (N)                 173 us
[2026-04-03T06:54:14.454+0600][39.997s][info][gc,stats    ]   Update Region States               38 us
[2026-04-03T06:54:14.454+0600][39.997s][info][gc,stats    ] Concurrent Mark Roots              1357 us, parallelism: 2.07x
[2026-04-03T06:54:14.454+0600][39.997s][info][gc,stats    ]   CMR: <total>                     2803 us
[2026-04-03T06:54:14.454+0600][39.997s][info][gc,stats    ]   CMR: Thread Roots                2428 us, workers (us): 584, 930, 913, ---, ---, ---, 
[2026-04-03T06:54:14.454+0600][39.997s][info][gc,stats    ]   CMR: VM Strong Roots               39 us, workers (us):  23,  16,   1, ---, ---, ---, 
[2026-04-03T06:54:14.454+0600][39.997s][info][gc,stats    ]   CMR: CLDG Roots                   335 us, workers (us): 335, ---, ---, ---, ---, ---, 
[2026-04-03T06:54:14.454+0600][39.997s][info][gc,stats    ] Concurrent Marking               371560 us
[2026-04-03T06:54:14.454+0600][39.997s][info][gc,stats    ] Pause Final Mark (G)               1508 us
[2026-04-03T06:54:14.454+0600][39.997s][info][gc,stats    ] Pause Final Mark (N)               1102 us
[2026-04-03T06:54:14.454+0600][39.997s][info][gc,stats    ]   Finish Mark                       418 us
[2026-04-03T06:54:14.454+0600][39.997s][info][gc,stats    ]   Update Region States               88 us
[2026-04-03T06:54:14.454+0600][39.997s][info][gc,stats    ]   Choose Collection Set             390 us
[2026-04-03T06:54:14.454+0600][39.997s][info][gc,stats    ]   Rebuild Free Set                   52 us
[2026-04-03T06:54:14.454+0600][39.997s][info][gc,stats    ] Concurrent Thread Roots             974 us, parallelism: 2.12x
[2026-04-03T06:54:14.454+0600][39.998s][info][gc,stats    ]   CTR: <total>                     2062 us
[2026-04-03T06:54:14.454+0600][39.998s][info][gc,stats    ]   CTR: Thread Roots                2062 us, workers (us): 702, 689, 670, ---, ---, ---, 
[2026-04-03T06:54:14.454+0600][39.998s][info][gc,stats    ] Concurrent Weak References          477 us, parallelism: 0.68x
[2026-04-03T06:54:14.454+0600][39.998s][info][gc,stats    ]   CWRF: <total>                     323 us
[2026-04-03T06:54:14.455+0600][39.998s][info][gc,stats    ]   CWRF: Weak References             323 us, workers (us): 109, 156,  58, ---, ---, ---, 
[2026-04-03T06:54:14.455+0600][39.998s][info][gc,stats    ] Concurrent Weak Roots              3873 us
[2026-04-03T06:54:14.455+0600][39.998s][info][gc,stats    ]   Roots                            3437 us, parallelism: 2.57x
[2026-04-03T06:54:14.455+0600][39.998s][info][gc,stats    ]     CWR: <total>                   8842 us
[2026-04-03T06:54:14.455+0600][39.998s][info][gc,stats    ]     CWR: Code Cache Roots          5962 us, workers (us): 1974, 1869, 2119, ---, ---, ---, 
[2026-04-03T06:54:14.455+0600][39.998s][info][gc,stats    ]     CWR: VM Weak Roots             2778 us, workers (us): 947, 937, 894, ---, ---, ---, 
[2026-04-03T06:54:14.455+0600][39.998s][info][gc,stats    ]     CWR: CLDG Roots                 102 us, workers (us): ---, 102, ---, ---, ---, ---, 
[2026-04-03T06:54:14.455+0600][39.998s][info][gc,stats    ]   Rendezvous                        271 us
[2026-04-03T06:54:14.455+0600][39.998s][info][gc,stats    ] Concurrent Cleanup                  500 us
[2026-04-03T06:54:14.455+0600][39.998s][info][gc,stats    ] Concurrent Class Unloading         9096 us
[2026-04-03T06:54:14.455+0600][39.998s][info][gc,stats    ]   Unlink Stale                     8046 us
[2026-04-03T06:54:14.455+0600][39.998s][info][gc,stats    ]     System Dictionary               165 us
[2026-04-03T06:54:14.455+0600][39.998s][info][gc,stats    ]     Weak Class Links                  1 us
[2026-04-03T06:54:14.455+0600][39.998s][info][gc,stats    ]     Code Roots                     7876 us
[2026-04-03T06:54:14.455+0600][39.998s][info][gc,stats    ]   Rendezvous                        288 us
[2026-04-03T06:54:14.455+0600][39.998s][info][gc,stats    ]   Purge Unlinked                    567 us
[2026-04-03T06:54:14.455+0600][39.998s][info][gc,stats    ]     Code Roots                      552 us
[2026-04-03T06:54:14.455+0600][39.998s][info][gc,stats    ]     CLDG                             14 us
[2026-04-03T06:54:14.455+0600][39.998s][info][gc,stats    ]     Exception Caches                  0 us
[2026-04-03T06:54:14.455+0600][39.998s][info][gc,stats    ] Concurrent Strong Roots             922 us, parallelism: 0.65x
[2026-04-03T06:54:14.455+0600][39.998s][info][gc,stats    ]   CSR: <total>                      595 us
[2026-04-03T06:54:14.455+0600][39.998s][info][gc,stats    ]   CSR: VM Strong Roots               53 us, workers (us):  32,  21,   0, ---, ---, ---, 
[2026-04-03T06:54:14.455+0600][39.998s][info][gc,stats    ]   CSR: CLDG Roots                   542 us, workers (us): ---, 542, ---, ---, ---, ---, 
[2026-04-03T06:54:14.455+0600][39.998s][info][gc,stats    ] Concurrent Evacuation             38424 us
[2026-04-03T06:54:14.455+0600][39.998s][info][gc,stats    ] Pause Init Update Refs (G)          687 us
[2026-04-03T06:54:14.455+0600][39.998s][info][gc,stats    ] Pause Init Update Refs (N)          198 us
[2026-04-03T06:54:14.455+0600][39.998s][info][gc,stats    ]   Manage GCLABs                      34 us
[2026-04-03T06:54:14.455+0600][39.998s][info][gc,stats    ] Concurrent Update Refs           307150 us
[2026-04-03T06:54:14.455+0600][39.998s][info][gc,stats    ] Concurrent Update Thread Roots     1254 us
[2026-04-03T06:54:14.455+0600][39.998s][info][gc,stats    ] Pause Final Update Refs (G)         781 us
[2026-04-03T06:54:14.455+0600][39.998s][info][gc,stats    ] Pause Final Update Refs (N)         431 us
[2026-04-03T06:54:14.455+0600][39.998s][info][gc,stats    ]   Update Region States               89 us
[2026-04-03T06:54:14.455+0600][39.998s][info][gc,stats    ]   Trash Collection Set               13 us
[2026-04-03T06:54:14.455+0600][39.998s][info][gc,stats    ]   Rebuild Free Set                   51 us
[2026-04-03T06:54:14.455+0600][39.998s][info][gc,stats    ] Concurrent Cleanup                  430 us
[2026-04-03T06:54:14.455+0600][39.998s][info][gc,stats    ] 
[2026-04-03T06:54:14.455+0600][39.998s][info][gc,stats    ] Allocation pacing accrued:
[2026-04-03T06:54:14.455+0600][39.998s][info][gc,stats    ]       0 of  2004 ms (  0.0%): <total>
[2026-04-03T06:54:14.455+0600][39.998s][info][gc,stats    ]       0 of  2004 ms (  0.0%): <average total>
[2026-04-03T06:54:14.455+0600][39.998s][info][gc,stats    ] 
[2026-04-03T06:54:14.455+0600][39.998s][info][gc,metaspace] Metaspace: 72758K(73600K)->72765K(73600K) NonClass: 63461K(63936K)->63469K(63936K) Class: 9296K(9664K)->9296K(9664K)
[2026-04-03T06:54:14.455+0600][39.998s][info][gc,ergo     ] Pacer for Idle. Initial: 80302K, Alloc Tax Rate: 1.0x
[2026-04-03T06:54:14.736+0600][40.279s][info][gc          ] Trigger: Learning 5 of 5. Free (2743M) is below initial threshold (2744M)
[2026-04-03T06:54:14.736+0600][40.279s][info][gc,ergo     ] Free: 2743M, Max: 1024K regular, 1228M humongous, Frag: 56% external, 0% internal; Reserve: 197M, Max: 1024K
[2026-04-03T06:54:14.736+0600][40.279s][info][gc,start    ] GC(14) Concurrent reset
[2026-04-03T06:54:14.736+0600][40.279s][info][gc,task     ] GC(14) Using 3 of 6 workers for concurrent reset
[2026-04-03T06:54:14.736+0600][40.279s][info][gc,ergo     ] GC(14) Pacer for Reset. Non-Taxable: 3921M
[2026-04-03T06:54:14.738+0600][40.281s][info][gc          ] GC(14) Concurrent reset 1.891ms
[2026-04-03T06:54:14.738+0600][40.281s][info][gc,start    ] GC(14) Pause Init Mark (unload classes)
[2026-04-03T06:54:14.738+0600][40.281s][info][gc,task     ] GC(14) Using 6 of 6 workers for init marking
[2026-04-03T06:54:14.738+0600][40.281s][info][gc,ergo     ] GC(14) Pacer for Mark. Expected Live: 220M, Free: 2742M, Non-Taxable: 274M, Alloc Tax Rate: 0.1x
[2026-04-03T06:54:14.738+0600][40.281s][info][gc          ] GC(14) Pause Init Mark (unload classes) 0.304ms
[2026-04-03T06:54:14.738+0600][40.281s][info][gc,start    ] GC(14) Concurrent marking roots
[2026-04-03T06:54:14.738+0600][40.281s][info][gc,task     ] GC(14) Using 3 of 6 workers for concurrent marking roots
[2026-04-03T06:54:14.740+0600][40.283s][info][gc          ] GC(14) Concurrent marking roots 1.180ms
[2026-04-03T06:54:14.740+0600][40.283s][info][gc,start    ] GC(14) Concurrent marking (unload classes)
[2026-04-03T06:54:14.740+0600][40.283s][info][gc,task     ] GC(14) Using 3 of 6 workers for concurrent marking
[2026-04-03T06:54:15.248+0600][40.791s][info][gc          ] GC(14) Concurrent marking (unload classes) 508.450ms
[2026-04-03T06:54:15.248+0600][40.791s][info][gc,start    ] GC(14) Pause Final Mark (unload classes)
[2026-04-03T06:54:15.249+0600][40.792s][info][gc,task     ] GC(14) Using 6 of 6 workers for final marking
[2026-04-03T06:54:15.249+0600][40.792s][info][gc,ergo     ] GC(14) Adaptive CSet Selection. Target Free: 555M, Actual Free: 2655M, Max CSet: 163M, Min Garbage: 0B
[2026-04-03T06:54:15.250+0600][40.793s][info][gc,ergo     ] GC(14) Collectable Garbage: 671M (99%), Immediate: 30720K (4%), CSet: 641M (95%)
[2026-04-03T06:54:15.250+0600][40.793s][info][gc,ergo     ] GC(14) Pacer for Evacuation. Used CSet: 743M, Free: 2474M, Non-Taxable: 247M, Alloc Tax Rate: 1.1x
[2026-04-03T06:54:15.250+0600][40.793s][info][gc          ] GC(14) Pause Final Mark (unload classes) 1.429ms
[2026-04-03T06:54:15.250+0600][40.793s][info][gc,start    ] GC(14) Concurrent thread roots
[2026-04-03T06:54:15.250+0600][40.793s][info][gc,task     ] GC(14) Using 3 of 6 workers for Concurrent thread roots
[2026-04-03T06:54:15.251+0600][40.794s][info][gc          ] GC(14) Concurrent thread roots 1.029ms
[2026-04-03T06:54:15.251+0600][40.794s][info][gc,start    ] GC(14) Concurrent weak references
[2026-04-03T06:54:15.251+0600][40.794s][info][gc,task     ] GC(14) Using 3 of 6 workers for concurrent weak references
[2026-04-03T06:54:15.251+0600][40.794s][info][gc,ref      ] GC(14) Encountered references: Soft: 3289, Weak: 6388, Final: 84, Phantom: 600
[2026-04-03T06:54:15.251+0600][40.794s][info][gc,ref      ] GC(14) Discovered  references: Soft: 0, Weak: 582, Final: 0, Phantom: 597
[2026-04-03T06:54:15.251+0600][40.794s][info][gc,ref      ] GC(14) Enqueued    references: Soft: 0, Weak: 79, Final: 0, Phantom: 0
[2026-04-03T06:54:15.251+0600][40.794s][info][gc          ] GC(14) Concurrent weak references 0.375ms
[2026-04-03T06:54:15.251+0600][40.794s][info][gc,start    ] GC(14) Concurrent weak roots
[2026-04-03T06:54:15.251+0600][40.794s][info][gc,task     ] GC(14) Using 3 of 6 workers for concurrent weak root
[2026-04-03T06:54:15.255+0600][40.798s][info][gc          ] GC(14) Concurrent weak roots 3.237ms
[2026-04-03T06:54:15.255+0600][40.798s][info][gc,start    ] GC(14) Concurrent cleanup
[2026-04-03T06:54:15.255+0600][40.798s][info][gc          ] GC(14) Concurrent cleanup 1275M->1245M(1520M) 0.283ms
[2026-04-03T06:54:15.255+0600][40.798s][info][gc,ergo     ] GC(14) Free: 2471M, Max: 1024K regular, 1045M humongous, Frag: 58% external, 0% internal; Reserve: 196M, Max: 1024K
[2026-04-03T06:54:15.255+0600][40.798s][info][gc,start    ] GC(14) Concurrent class unloading
[2026-04-03T06:54:15.255+0600][40.798s][info][gc,task     ] GC(14) Using 3 of 6 workers for concurrent class unloading
[2026-04-03T06:54:15.262+0600][40.805s][info][gc          ] GC(14) Concurrent class unloading 6.917ms
[2026-04-03T06:54:15.262+0600][40.805s][info][gc,start    ] GC(14) Concurrent strong roots
[2026-04-03T06:54:15.262+0600][40.805s][info][gc,task     ] GC(14) Using 3 of 6 workers for concurrent strong root
[2026-04-03T06:54:15.263+0600][40.806s][info][gc          ] GC(14) Concurrent strong roots 0.965ms
[2026-04-03T06:54:15.263+0600][40.806s][info][gc,start    ] GC(14) Concurrent evacuation
[2026-04-03T06:54:15.263+0600][40.806s][info][gc,task     ] GC(14) Using 3 of 6 workers for concurrent evacuation
[2026-04-03T06:54:15.356+0600][40.899s][info][gc          ] GC(14) Concurrent evacuation 92.685ms
[2026-04-03T06:54:15.356+0600][40.899s][info][gc,start    ] GC(14) Pause Init Update Refs
[2026-04-03T06:54:15.356+0600][40.900s][info][gc,ergo     ] GC(14) Pacer for Update Refs. Used: 1403M, Free: 2417M, Non-Taxable: 241M, Alloc Tax Rate: 1.1x
[2026-04-03T06:54:15.356+0600][40.900s][info][gc          ] GC(14) Pause Init Update Refs 0.225ms
[2026-04-03T06:54:15.357+0600][40.900s][info][gc,start    ] GC(14) Concurrent update references
[2026-04-03T06:54:15.357+0600][40.900s][info][gc,task     ] GC(14) Using 3 of 6 workers for concurrent reference update
[2026-04-03T06:54:15.658+0600][41.201s][info][gc          ] GC(14) Concurrent update references 301.483ms
[2026-04-03T06:54:15.658+0600][41.201s][info][gc,start    ] GC(14) Concurrent update thread roots
[2026-04-03T06:54:15.659+0600][41.202s][info][gc          ] GC(14) Concurrent update thread roots 1.011ms
[2026-04-03T06:54:15.660+0600][41.203s][info][gc,start    ] GC(14) Pause Final Update Refs
[2026-04-03T06:54:15.660+0600][41.203s][info][gc,task     ] GC(14) Using 6 of 6 workers for final reference update
[2026-04-03T06:54:15.660+0600][41.203s][info][gc          ] GC(14) Pause Final Update Refs 0.278ms
[2026-04-03T06:54:15.660+0600][41.203s][info][gc,start    ] GC(14) Concurrent cleanup
[2026-04-03T06:54:15.661+0600][41.204s][info][gc          ] GC(14) Concurrent cleanup 1567M->824M(1597M) 0.905ms
[2026-04-03T06:54:15.661+0600][41.204s][info][gc,ergo     ] Free: 2891M, Max: 1024K regular, 968M humongous, Frag: 67% external, 0% internal; Reserve: 197M, Max: 1024K
[2026-04-03T06:54:15.661+0600][41.204s][info][gc,stats    ] 
[2026-04-03T06:54:15.661+0600][41.204s][info][gc,stats    ] All times are wall-clock times, except per-root-class counters, that are sum over
[2026-04-03T06:54:15.661+0600][41.204s][info][gc,stats    ] all workers. Dividing the <total> over the root stage time estimates parallelism.
[2026-04-03T06:54:15.661+0600][41.204s][info][gc,stats    ] 
[2026-04-03T06:54:15.661+0600][41.204s][info][gc,stats    ] Concurrent Reset                   1974 us
[2026-04-03T06:54:15.661+0600][41.204s][info][gc,stats    ] Pause Init Mark (G)                 583 us
[2026-04-03T06:54:15.661+0600][41.204s][info][gc,stats    ] Pause Init Mark (N)                 318 us
[2026-04-03T06:54:15.661+0600][41.204s][info][gc,stats    ]   Update Region States               67 us
[2026-04-03T06:54:15.661+0600][41.204s][info][gc,stats    ] Concurrent Mark Roots              1234 us, parallelism: 1.81x
[2026-04-03T06:54:15.661+0600][41.204s][info][gc,stats    ]   CMR: <total>                     2230 us
[2026-04-03T06:54:15.661+0600][41.204s][info][gc,stats    ]   CMR: Thread Roots                1993 us, workers (us): 540, 733, 719, ---, ---, ---, 
[2026-04-03T06:54:15.661+0600][41.204s][info][gc,stats    ]   CMR: VM Strong Roots               40 us, workers (us):  22,  16,   1, ---, ---, ---, 
[2026-04-03T06:54:15.661+0600][41.204s][info][gc,stats    ]   CMR: CLDG Roots                   198 us, workers (us): 198, ---, ---, ---, ---, ---, 
[2026-04-03T06:54:15.661+0600][41.204s][info][gc,stats    ] Concurrent Marking               508632 us
[2026-04-03T06:54:15.661+0600][41.204s][info][gc,stats    ] Pause Final Mark (G)               1688 us
[2026-04-03T06:54:15.661+0600][41.204s][info][gc,stats    ] Pause Final Mark (N)               1448 us
[2026-04-03T06:54:15.661+0600][41.204s][info][gc,stats    ]   Finish Mark                       456 us
[2026-04-03T06:54:15.661+0600][41.204s][info][gc,stats    ]   Update Region States              117 us
[2026-04-03T06:54:15.661+0600][41.205s][info][gc,stats    ]   Choose Collection Set             483 us
[2026-04-03T06:54:15.661+0600][41.205s][info][gc,stats    ]   Rebuild Free Set                   56 us
[2026-04-03T06:54:15.661+0600][41.205s][info][gc,stats    ] Concurrent Thread Roots            1084 us, parallelism: 2.05x
[2026-04-03T06:54:15.661+0600][41.205s][info][gc,stats    ]   CTR: <total>                     2225 us
[2026-04-03T06:54:15.662+0600][41.205s][info][gc,stats    ]   CTR: Thread Roots                2225 us, workers (us): 763, 729, 733, ---, ---, ---, 
[2026-04-03T06:54:15.662+0600][41.205s][info][gc,stats    ] Concurrent Weak References          393 us, parallelism: 0.96x
[2026-04-03T06:54:15.662+0600][41.205s][info][gc,stats    ]   CWRF: <total>                     377 us
[2026-04-03T06:54:15.662+0600][41.205s][info][gc,stats    ]   CWRF: Weak References             377 us, workers (us): 115, 113, 149, ---, ---, ---, 
[2026-04-03T06:54:15.662+0600][41.205s][info][gc,stats    ] Concurrent Weak Roots              3332 us
[2026-04-03T06:54:15.662+0600][41.205s][info][gc,stats    ]   Roots                            2860 us, parallelism: 2.62x
[2026-04-03T06:54:15.662+0600][41.205s][info][gc,stats    ]     CWR: <total>                   7488 us
[2026-04-03T06:54:15.662+0600][41.205s][info][gc,stats    ]     CWR: Code Cache Roots          5136 us, workers (us): 1665, 1749, 1722, ---, ---, ---, 
[2026-04-03T06:54:15.662+0600][41.205s][info][gc,stats    ]     CWR: VM Weak Roots             2220 us, workers (us): 759, 751, 710, ---, ---, ---, 
[2026-04-03T06:54:15.662+0600][41.205s][info][gc,stats    ]     CWR: CLDG Roots                 132 us, workers (us): 132, ---, ---, ---, ---, ---, 
[2026-04-03T06:54:15.662+0600][41.205s][info][gc,stats    ]   Rendezvous                        322 us
[2026-04-03T06:54:15.662+0600][41.205s][info][gc,stats    ] Concurrent Cleanup                  311 us
[2026-04-03T06:54:15.662+0600][41.205s][info][gc,stats    ] Concurrent Class Unloading         7047 us
[2026-04-03T06:54:15.662+0600][41.205s][info][gc,stats    ]   Unlink Stale                     6550 us
[2026-04-03T06:54:15.662+0600][41.205s][info][gc,stats    ]     System Dictionary               147 us
[2026-04-03T06:54:15.662+0600][41.205s][info][gc,stats    ]     Weak Class Links                  1 us
[2026-04-03T06:54:15.662+0600][41.205s][info][gc,stats    ]     Code Roots                     6397 us
[2026-04-03T06:54:15.662+0600][41.205s][info][gc,stats    ]   Rendezvous                        265 us
[2026-04-03T06:54:15.662+0600][41.205s][info][gc,stats    ]   Purge Unlinked                     21 us
[2026-04-03T06:54:15.662+0600][41.205s][info][gc,stats    ]     Code Roots                        4 us
[2026-04-03T06:54:15.662+0600][41.205s][info][gc,stats    ]     CLDG                             15 us
[2026-04-03T06:54:15.662+0600][41.205s][info][gc,stats    ]     Exception Caches                  2 us
[2026-04-03T06:54:15.662+0600][41.205s][info][gc,stats    ] Concurrent Strong Roots            1040 us, parallelism: 0.63x
[2026-04-03T06:54:15.662+0600][41.205s][info][gc,stats    ]   CSR: <total>                      653 us
[2026-04-03T06:54:15.662+0600][41.205s][info][gc,stats    ]   CSR: VM Strong Roots               50 us, workers (us):  28,  21,   2, ---, ---, ---, 
[2026-04-03T06:54:15.662+0600][41.205s][info][gc,stats    ]   CSR: CLDG Roots                   603 us, workers (us): ---, 603, ---, ---, ---, ---, 
[2026-04-03T06:54:15.662+0600][41.205s][info][gc,stats    ] Concurrent Evacuation             92807 us
[2026-04-03T06:54:15.662+0600][41.205s][info][gc,stats    ] Pause Init Update Refs (G)          518 us
[2026-04-03T06:54:15.662+0600][41.205s][info][gc,stats    ] Pause Init Update Refs (N)          243 us
[2026-04-03T06:54:15.662+0600][41.205s][info][gc,stats    ]   Manage GCLABs                      31 us
[2026-04-03T06:54:15.662+0600][41.205s][info][gc,stats    ] Concurrent Update Refs           301644 us
[2026-04-03T06:54:15.662+0600][41.205s][info][gc,stats    ] Concurrent Update Thread Roots     1073 us
[2026-04-03T06:54:15.662+0600][41.205s][info][gc,stats    ] Pause Final Update Refs (G)         634 us
[2026-04-03T06:54:15.662+0600][41.205s][info][gc,stats    ] Pause Final Update Refs (N)         296 us
[2026-04-03T06:54:15.662+0600][41.205s][info][gc,stats    ]   Update Region States               67 us
[2026-04-03T06:54:15.662+0600][41.205s][info][gc,stats    ]   Trash Collection Set               17 us
[2026-04-03T06:54:15.662+0600][41.205s][info][gc,stats    ]   Rebuild Free Set                   45 us
[2026-04-03T06:54:15.662+0600][41.205s][info][gc,stats    ] Concurrent Cleanup                  995 us
[2026-04-03T06:54:15.662+0600][41.205s][info][gc,stats    ] 
[2026-04-03T06:54:15.662+0600][41.205s][info][gc,stats    ] Allocation pacing accrued:
[2026-04-03T06:54:15.662+0600][41.205s][info][gc,stats    ]       0 of  1207 ms (  0.0%): <total>
[2026-04-03T06:54:15.662+0600][41.205s][info][gc,stats    ]       0 of  1207 ms (  0.0%): <average total>
[2026-04-03T06:54:15.662+0600][41.205s][info][gc,stats    ] 
[2026-04-03T06:54:15.662+0600][41.205s][info][gc,metaspace] Metaspace: 72765K(73600K)->72765K(73600K) NonClass: 63469K(63936K)->63469K(63936K) Class: 9296K(9664K)->9296K(9664K)
[2026-04-03T06:54:15.662+0600][41.205s][info][gc,ergo     ] Pacer for Idle. Initial: 80302K, Alloc Tax Rate: 1.0x
[2026-04-03T06:54:18.778+0600][44.321s][info][gc          ] Trigger: Average GC time (1181.10 ms) is above the time for instantaneous allocation rate (1150 MB/s) to deplete free headroom (1342M) (spike threshold = 1.80)
[2026-04-03T06:54:18.778+0600][44.321s][info][gc,ergo     ] Free: 1538M, Max: 1024K regular, 968M humongous, Frag: 38% external, 0% internal; Reserve: 197M, Max: 1024K
[2026-04-03T06:54:18.778+0600][44.322s][info][gc,start    ] GC(15) Concurrent reset
[2026-04-03T06:54:18.778+0600][44.322s][info][gc,task     ] GC(15) Using 3 of 6 workers for concurrent reset
[2026-04-03T06:54:18.778+0600][44.322s][info][gc,ergo     ] GC(15) Pacer for Reset. Non-Taxable: 3921M
[2026-04-03T06:54:18.781+0600][44.324s][info][gc          ] GC(15) Concurrent reset 2.426ms
[2026-04-03T06:54:18.781+0600][44.324s][info][gc,start    ] GC(15) Pause Init Mark (unload classes)
[2026-04-03T06:54:18.781+0600][44.324s][info][gc,task     ] GC(15) Using 6 of 6 workers for init marking
[2026-04-03T06:54:18.781+0600][44.324s][info][gc,ergo     ] GC(15) Pacer for Mark. Expected Live: 242M, Free: 1537M, Non-Taxable: 153M, Alloc Tax Rate: 0.2x
[2026-04-03T06:54:18.781+0600][44.324s][info][gc          ] GC(15) Pause Init Mark (unload classes) 0.165ms
[2026-04-03T06:54:18.781+0600][44.325s][info][gc,start    ] GC(15) Concurrent marking roots
[2026-04-03T06:54:18.782+0600][44.325s][info][gc,task     ] GC(15) Using 3 of 6 workers for concurrent marking roots
[2026-04-03T06:54:18.782+0600][44.326s][info][gc          ] GC(15) Concurrent marking roots 1.012ms
[2026-04-03T06:54:18.783+0600][44.326s][info][gc,start    ] GC(15) Concurrent marking (unload classes)
[2026-04-03T06:54:18.783+0600][44.326s][info][gc,task     ] GC(15) Using 3 of 6 workers for concurrent marking
[2026-04-03T06:54:19.073+0600][44.616s][info][gc          ] GC(15) Concurrent marking (unload classes) 290.012ms
[2026-04-03T06:54:19.073+0600][44.616s][info][gc,start    ] GC(15) Pause Final Mark (unload classes)
[2026-04-03T06:54:19.073+0600][44.616s][info][gc,task     ] GC(15) Using 6 of 6 workers for final marking
[2026-04-03T06:54:19.074+0600][44.617s][info][gc,ergo     ] GC(15) Adaptive CSet Selection. Target Free: 555M, Actual Free: 3243M, Max CSet: 163M, Min Garbage: 0B
[2026-04-03T06:54:19.074+0600][44.617s][info][gc,ergo     ] GC(15) Collectable Garbage: 1946M (99%), Immediate: 1698M (87%), CSet: 248M (12%)
[2026-04-03T06:54:19.074+0600][44.617s][info][gc,ergo     ] GC(15) Pacer for Evacuation. Used CSet: 276M, Free: 3104M, Non-Taxable: 310M, Alloc Tax Rate: 1.1x
[2026-04-03T06:54:19.074+0600][44.617s][info][gc          ] GC(15) Pause Final Mark (unload classes) 1.015ms
[2026-04-03T06:54:19.074+0600][44.617s][info][gc,start    ] GC(15) Concurrent thread roots
[2026-04-03T06:54:19.074+0600][44.617s][info][gc,task     ] GC(15) Using 3 of 6 workers for Concurrent thread roots
[2026-04-03T06:54:19.076+0600][44.619s][info][gc          ] GC(15) Concurrent thread roots 1.375ms
[2026-04-03T06:54:19.076+0600][44.619s][info][gc,start    ] GC(15) Concurrent weak references
[2026-04-03T06:54:19.076+0600][44.619s][info][gc,task     ] GC(15) Using 3 of 6 workers for concurrent weak references
[2026-04-03T06:54:19.076+0600][44.619s][info][gc,ref      ] GC(15) Encountered references: Soft: 3346, Weak: 6855, Final: 84, Phantom: 603
[2026-04-03T06:54:19.076+0600][44.619s][info][gc,ref      ] GC(15) Discovered  references: Soft: 0, Weak: 1012, Final: 7, Phantom: 600
[2026-04-03T06:54:19.076+0600][44.619s][info][gc,ref      ] GC(15) Enqueued    references: Soft: 0, Weak: 379, Final: 0, Phantom: 0
[2026-04-03T06:54:19.076+0600][44.619s][info][gc          ] GC(15) Concurrent weak references 0.551ms
[2026-04-03T06:54:19.076+0600][44.619s][info][gc,start    ] GC(15) Concurrent weak roots
[2026-04-03T06:54:19.076+0600][44.619s][info][gc,task     ] GC(15) Using 3 of 6 workers for concurrent weak root
[2026-04-03T06:54:19.079+0600][44.622s][info][gc          ] GC(15) Concurrent weak roots 3.143ms
[2026-04-03T06:54:19.079+0600][44.623s][info][gc,start    ] GC(15) Concurrent cleanup
[2026-04-03T06:54:19.080+0600][44.623s][info][gc          ] GC(15) Concurrent cleanup 2313M->615M(2427M) 0.761ms
[2026-04-03T06:54:19.080+0600][44.623s][info][gc,ergo     ] GC(15) Free: 3101M, Max: 1024K regular, 1079M humongous, Frag: 66% external, 0% internal; Reserve: 196M, Max: 1024K
[2026-04-03T06:54:19.080+0600][44.623s][info][gc,start    ] GC(15) Concurrent class unloading
[2026-04-03T06:54:19.080+0600][44.623s][info][gc,task     ] GC(15) Using 3 of 6 workers for concurrent class unloading
[2026-04-03T06:54:19.110+0600][44.653s][info][gc          ] GC(15) Concurrent class unloading 29.352ms
[2026-04-03T06:54:19.110+0600][44.653s][info][gc,start    ] GC(15) Concurrent strong roots
[2026-04-03T06:54:19.110+0600][44.653s][info][gc,task     ] GC(15) Using 3 of 6 workers for concurrent strong root
[2026-04-03T06:54:19.111+0600][44.654s][info][gc          ] GC(15) Concurrent strong roots 1.172ms
[2026-04-03T06:54:19.111+0600][44.654s][info][gc,start    ] GC(15) Concurrent evacuation
[2026-04-03T06:54:19.111+0600][44.654s][info][gc,task     ] GC(15) Using 3 of 6 workers for concurrent evacuation
[2026-04-03T06:54:19.138+0600][44.681s][info][gc          ] GC(15) Concurrent evacuation 27.255ms
[2026-04-03T06:54:19.139+0600][44.682s][info][gc,start    ] GC(15) Pause Init Update Refs
[2026-04-03T06:54:19.139+0600][44.682s][info][gc,ergo     ] GC(15) Pacer for Update Refs. Used: 700M, Free: 3044M, Non-Taxable: 304M, Alloc Tax Rate: 1.1x
[2026-04-03T06:54:19.139+0600][44.682s][info][gc          ] GC(15) Pause Init Update Refs 0.106ms
[2026-04-03T06:54:19.139+0600][44.682s][info][gc,start    ] GC(15) Concurrent update references
[2026-04-03T06:54:19.139+0600][44.682s][info][gc,task     ] GC(15) Using 3 of 6 workers for concurrent reference update
[2026-04-03T06:54:19.308+0600][44.852s][info][gc          ] GC(15) Concurrent update references 169.522ms
[2026-04-03T06:54:19.309+0600][44.852s][info][gc,start    ] GC(15) Concurrent update thread roots
[2026-04-03T06:54:19.310+0600][44.853s][info][gc          ] GC(15) Concurrent update thread roots 1.090ms
[2026-04-03T06:54:19.310+0600][44.853s][info][gc,start    ] GC(15) Pause Final Update Refs
[2026-04-03T06:54:19.310+0600][44.853s][info][gc,task     ] GC(15) Using 6 of 6 workers for final reference update
[2026-04-03T06:54:19.310+0600][44.853s][info][gc          ] GC(15) Pause Final Update Refs 0.334ms
[2026-04-03T06:54:19.310+0600][44.854s][info][gc,start    ] GC(15) Concurrent cleanup
[2026-04-03T06:54:19.311+0600][44.854s][info][gc          ] GC(15) Concurrent cleanup 739M->463M(2427M) 0.391ms
[2026-04-03T06:54:19.311+0600][44.854s][info][gc,ergo     ] Free: 3253M, Max: 1024K regular, 1589M humongous, Frag: 52% external, 0% internal; Reserve: 197M, Max: 1024K
[2026-04-03T06:54:19.311+0600][44.854s][info][gc,stats    ] 
[2026-04-03T06:54:19.311+0600][44.854s][info][gc,stats    ] All times are wall-clock times, except per-root-class counters, that are sum over
[2026-04-03T06:54:19.311+0600][44.854s][info][gc,stats    ] all workers. Dividing the <total> over the root stage time estimates parallelism.
[2026-04-03T06:54:19.311+0600][44.854s][info][gc,stats    ] 
[2026-04-03T06:54:19.311+0600][44.854s][info][gc,stats    ] Concurrent Reset                   2494 us
[2026-04-03T06:54:19.311+0600][44.854s][info][gc,stats    ] Pause Init Mark (G)                 540 us
[2026-04-03T06:54:19.311+0600][44.854s][info][gc,stats    ] Pause Init Mark (N)                 178 us
[2026-04-03T06:54:19.311+0600][44.854s][info][gc,stats    ]   Update Region States               39 us
[2026-04-03T06:54:19.311+0600][44.854s][info][gc,stats    ] Concurrent Mark Roots              1058 us, parallelism: 1.79x
[2026-04-03T06:54:19.311+0600][44.854s][info][gc,stats    ]   CMR: <total>                     1895 us
[2026-04-03T06:54:19.311+0600][44.854s][info][gc,stats    ]   CMR: Thread Roots                1631 us, workers (us): 390, 623, 618, ---, ---, ---, 
[2026-04-03T06:54:19.311+0600][44.854s][info][gc,stats    ]   CMR: VM Strong Roots               35 us, workers (us):  16,  11,   8, ---, ---, ---, 
[2026-04-03T06:54:19.311+0600][44.854s][info][gc,stats    ]   CMR: CLDG Roots                   229 us, workers (us): 229, ---, ---, ---, ---, ---, 
[2026-04-03T06:54:19.311+0600][44.854s][info][gc,stats    ] Concurrent Marking               290128 us
[2026-04-03T06:54:19.311+0600][44.854s][info][gc,stats    ] Pause Final Mark (G)               1487 us
[2026-04-03T06:54:19.311+0600][44.854s][info][gc,stats    ] Pause Final Mark (N)               1033 us
[2026-04-03T06:54:19.311+0600][44.854s][info][gc,stats    ]   Finish Mark                       334 us
[2026-04-03T06:54:19.311+0600][44.854s][info][gc,stats    ]   Update Region States               86 us
[2026-04-03T06:54:19.311+0600][44.854s][info][gc,stats    ]   Choose Collection Set             371 us
[2026-04-03T06:54:19.311+0600][44.854s][info][gc,stats    ]   Rebuild Free Set                   53 us
[2026-04-03T06:54:19.311+0600][44.854s][info][gc,stats    ] Concurrent Thread Roots            1451 us, parallelism: 1.91x
[2026-04-03T06:54:19.311+0600][44.854s][info][gc,stats    ]   CTR: <total>                     2766 us
[2026-04-03T06:54:19.311+0600][44.854s][info][gc,stats    ]   CTR: Thread Roots                2766 us, workers (us): 894, 879, 993, ---, ---, ---, 
[2026-04-03T06:54:19.311+0600][44.854s][info][gc,stats    ] Concurrent Weak References          596 us, parallelism: 0.74x
[2026-04-03T06:54:19.311+0600][44.854s][info][gc,stats    ]   CWRF: <total>                     442 us
[2026-04-03T06:54:19.311+0600][44.855s][info][gc,stats    ]   CWRF: Weak References             442 us, workers (us): 147, 280,  15, ---, ---, ---, 
[2026-04-03T06:54:19.311+0600][44.855s][info][gc,stats    ] Concurrent Weak Roots              3244 us
[2026-04-03T06:54:19.311+0600][44.855s][info][gc,stats    ]   Roots                            2802 us, parallelism: 2.65x
[2026-04-03T06:54:19.311+0600][44.855s][info][gc,stats    ]     CWR: <total>                   7427 us
[2026-04-03T06:54:19.311+0600][44.855s][info][gc,stats    ]     CWR: Code Cache Roots          4311 us, workers (us): 1420, 1487, 1404, ---, ---, ---, 
[2026-04-03T06:54:19.312+0600][44.855s][info][gc,stats    ]     CWR: VM Weak Roots             3008 us, workers (us): 1008, 1007, 994, ---, ---, ---, 
[2026-04-03T06:54:19.312+0600][44.855s][info][gc,stats    ]     CWR: CLDG Roots                 107 us, workers (us): 107, ---, ---, ---, ---, ---, 
[2026-04-03T06:54:19.312+0600][44.855s][info][gc,stats    ]   Rendezvous                        298 us
[2026-04-03T06:54:19.312+0600][44.855s][info][gc,stats    ] Concurrent Cleanup                  829 us
[2026-04-03T06:54:19.312+0600][44.855s][info][gc,stats    ] Concurrent Class Unloading        29493 us
[2026-04-03T06:54:19.312+0600][44.855s][info][gc,stats    ]   Unlink Stale                    27411 us
[2026-04-03T06:54:19.312+0600][44.855s][info][gc,stats    ]     System Dictionary               386 us
[2026-04-03T06:54:19.312+0600][44.855s][info][gc,stats    ]     Weak Class Links              18434 us
[2026-04-03T06:54:19.312+0600][44.855s][info][gc,stats    ]     Code Roots                     8585 us
[2026-04-03T06:54:19.312+0600][44.855s][info][gc,stats    ]   Rendezvous                        296 us
[2026-04-03T06:54:19.312+0600][44.855s][info][gc,stats    ]   Purge Unlinked                   1595 us
[2026-04-03T06:54:19.312+0600][44.855s][info][gc,stats    ]     Code Roots                     1516 us
[2026-04-03T06:54:19.312+0600][44.855s][info][gc,stats    ]     CLDG                             77 us
[2026-04-03T06:54:19.312+0600][44.855s][info][gc,stats    ]     Exception Caches                  1 us
[2026-04-03T06:54:19.312+0600][44.855s][info][gc,stats    ] Concurrent Strong Roots            1216 us, parallelism: 0.74x
[2026-04-03T06:54:19.312+0600][44.855s][info][gc,stats    ]   CSR: <total>                      897 us
[2026-04-03T06:54:19.312+0600][44.855s][info][gc,stats    ]   CSR: VM Strong Roots               99 us, workers (us):  50,  48,   1, ---, ---, ---, 
[2026-04-03T06:54:19.312+0600][44.855s][info][gc,stats    ]   CSR: CLDG Roots                   798 us, workers (us): 798, ---, ---, ---, ---, ---, 
[2026-04-03T06:54:19.312+0600][44.855s][info][gc,stats    ] Concurrent Evacuation             27370 us
[2026-04-03T06:54:19.312+0600][44.855s][info][gc,stats    ] Pause Init Update Refs (G)          448 us
[2026-04-03T06:54:19.312+0600][44.855s][info][gc,stats    ] Pause Init Update Refs (N)          125 us
[2026-04-03T06:54:19.312+0600][44.855s][info][gc,stats    ]   Manage GCLABs                      27 us
[2026-04-03T06:54:19.312+0600][44.855s][info][gc,stats    ] Concurrent Update Refs           169668 us
[2026-04-03T06:54:19.312+0600][44.855s][info][gc,stats    ] Concurrent Update Thread Roots     1189 us
[2026-04-03T06:54:19.312+0600][44.855s][info][gc,stats    ] Pause Final Update Refs (G)         688 us
[2026-04-03T06:54:19.312+0600][44.855s][info][gc,stats    ] Pause Final Update Refs (N)         399 us
[2026-04-03T06:54:19.312+0600][44.855s][info][gc,stats    ]   Update Region States               94 us
[2026-04-03T06:54:19.312+0600][44.855s][info][gc,stats    ]   Trash Collection Set               13 us
[2026-04-03T06:54:19.312+0600][44.855s][info][gc,stats    ]   Rebuild Free Set                   53 us
[2026-04-03T06:54:19.312+0600][44.855s][info][gc,stats    ] Concurrent Cleanup                  427 us
[2026-04-03T06:54:19.312+0600][44.855s][info][gc,stats    ] 
[2026-04-03T06:54:19.312+0600][44.855s][info][gc,stats    ] Allocation pacing accrued:
[2026-04-03T06:54:19.312+0600][44.855s][info][gc,stats    ]       0 of  3650 ms (  0.0%): <total>
[2026-04-03T06:54:19.312+0600][44.855s][info][gc,stats    ]       0 of  3650 ms (  0.0%): <average total>
[2026-04-03T06:54:19.312+0600][44.855s][info][gc,stats    ] 
[2026-04-03T06:54:19.312+0600][44.855s][info][gc,metaspace] Metaspace: 72973K(73792K)->72982K(73792K) NonClass: 63664K(64128K)->63674K(64128K) Class: 9309K(9664K)->9307K(9664K)
[2026-04-03T06:54:19.312+0600][44.855s][info][gc,ergo     ] Pacer for Idle. Initial: 80302K, Alloc Tax Rate: 1.0x
[2026-04-03T06:54:20.551+0600][46.094s][info][gc          ] Trigger: Explicit GC request (System.gc())
[2026-04-03T06:54:20.551+0600][46.094s][info][gc,ergo     ] Free: 2096M, Max: 1024K regular, 1058M humongous, Frag: 50% external, 0% internal; Reserve: 197M, Max: 1024K
[2026-04-03T06:54:20.551+0600][46.094s][info][gc,start    ] GC(16) Concurrent reset
[2026-04-03T06:54:20.551+0600][46.094s][info][gc,task     ] GC(16) Using 3 of 6 workers for concurrent reset
[2026-04-03T06:54:20.551+0600][46.094s][info][gc,ergo     ] GC(16) Pacer for Reset. Non-Taxable: 3921M
[2026-04-03T06:54:20.552+0600][46.096s][info][gc          ] GC(16) Concurrent reset 1.438ms
[2026-04-03T06:54:20.553+0600][46.096s][info][gc,start    ] GC(16) Pause Init Mark (unload classes)
[2026-04-03T06:54:20.553+0600][46.096s][info][gc,task     ] GC(16) Using 6 of 6 workers for init marking
[2026-04-03T06:54:20.553+0600][46.096s][info][gc,ref      ] GC(16) Clearing All SoftReferences
[2026-04-03T06:54:20.553+0600][46.096s][info][gc,ergo     ] GC(16) Pacer for Mark. Expected Live: 248M, Free: 2096M, Non-Taxable: 209M, Alloc Tax Rate: 0.1x
[2026-04-03T06:54:20.553+0600][46.096s][info][gc          ] GC(16) Pause Init Mark (unload classes) 0.134ms
[2026-04-03T06:54:20.553+0600][46.096s][info][gc,start    ] GC(16) Concurrent marking roots
[2026-04-03T06:54:20.553+0600][46.096s][info][gc,task     ] GC(16) Using 3 of 6 workers for concurrent marking roots
[2026-04-03T06:54:20.554+0600][46.097s][info][gc          ] GC(16) Concurrent marking roots 0.854ms
[2026-04-03T06:54:20.554+0600][46.097s][info][gc,start    ] GC(16) Concurrent marking (unload classes)
[2026-04-03T06:54:20.554+0600][46.097s][info][gc,task     ] GC(16) Using 3 of 6 workers for concurrent marking
[2026-04-03T06:54:20.682+0600][46.225s][info][gc          ] GC(16) Concurrent marking (unload classes) 128.240ms
[2026-04-03T06:54:20.682+0600][46.225s][info][gc,start    ] GC(16) Pause Final Mark (unload classes)
[2026-04-03T06:54:20.683+0600][46.226s][info][gc,task     ] GC(16) Using 6 of 6 workers for final marking
[2026-04-03T06:54:20.683+0600][46.226s][info][gc,ergo     ] GC(16) Collectable Garbage: 1336M (95%), Immediate: 1336M (95%), CSet: 0B (0%)
[2026-04-03T06:54:20.683+0600][46.226s][info][gc          ] GC(16) Pause Final Mark (unload classes) 0.683ms
[2026-04-03T06:54:20.683+0600][46.226s][info][gc,start    ] GC(16) Concurrent weak references
[2026-04-03T06:54:20.683+0600][46.226s][info][gc,task     ] GC(16) Using 3 of 6 workers for concurrent weak references
[2026-04-03T06:54:20.684+0600][46.227s][info][gc,ref      ] GC(16) Encountered references: Soft: 3231, Weak: 6445, Final: 84, Phantom: 600
[2026-04-03T06:54:20.684+0600][46.227s][info][gc,ref      ] GC(16) Discovered  references: Soft: 2985, Weak: 675, Final: 0, Phantom: 597
[2026-04-03T06:54:20.684+0600][46.227s][info][gc,ref      ] GC(16) Enqueued    references: Soft: 474, Weak: 295, Final: 0, Phantom: 0
[2026-04-03T06:54:20.684+0600][46.227s][info][gc          ] GC(16) Concurrent weak references 0.742ms
[2026-04-03T06:54:20.684+0600][46.227s][info][gc,start    ] GC(16) Concurrent weak roots
[2026-04-03T06:54:20.684+0600][46.227s][info][gc,task     ] GC(16) Using 3 of 6 workers for concurrent weak root
[2026-04-03T06:54:20.687+0600][46.230s][info][gc          ] GC(16) Concurrent weak roots 2.737ms
[2026-04-03T06:54:20.687+0600][46.230s][info][gc,start    ] GC(16) Concurrent cleanup
[2026-04-03T06:54:20.687+0600][46.231s][info][gc          ] GC(16) Concurrent cleanup 1539M->203M(2427M) 0.538ms
[2026-04-03T06:54:20.688+0600][46.231s][info][gc,ergo     ] GC(16) Free: 3519M, Max: 1024K regular, 1082M humongous, Frag: 70% external, 0% internal; Reserve: 197M, Max: 1024K
[2026-04-03T06:54:20.688+0600][46.231s][info][gc,start    ] GC(16) Concurrent class unloading
[2026-04-03T06:54:20.688+0600][46.231s][info][gc,task     ] GC(16) Using 3 of 6 workers for concurrent class unloading
[2026-04-03T06:54:20.712+0600][46.255s][info][gc          ] GC(16) Concurrent class unloading 24.217ms
[2026-04-03T06:54:20.712+0600][46.255s][info][gc,start    ] GC(16) Pause Final Roots
[2026-04-03T06:54:20.712+0600][46.255s][info][gc          ] GC(16) Pause Final Roots 0.094ms
[2026-04-03T06:54:20.712+0600][46.255s][info][gc,ergo     ] Free: 3500M, Max: 1024K regular, 1082M humongous, Frag: 70% external, 0% internal; Reserve: 197M, Max: 1024K
[2026-04-03T06:54:20.712+0600][46.255s][info][gc,stats    ] 
[2026-04-03T06:54:20.712+0600][46.255s][info][gc,stats    ] All times are wall-clock times, except per-root-class counters, that are sum over
[2026-04-03T06:54:20.712+0600][46.256s][info][gc,stats    ] all workers. Dividing the <total> over the root stage time estimates parallelism.
[2026-04-03T06:54:20.712+0600][46.256s][info][gc,stats    ] 
[2026-04-03T06:54:20.712+0600][46.256s][info][gc,stats    ] Concurrent Reset                   1498 us
[2026-04-03T06:54:20.713+0600][46.256s][info][gc,stats    ] Pause Init Mark (G)                 421 us
[2026-04-03T06:54:20.713+0600][46.256s][info][gc,stats    ] Pause Init Mark (N)                 142 us
[2026-04-03T06:54:20.713+0600][46.256s][info][gc,stats    ]   Update Region States               31 us
[2026-04-03T06:54:20.713+0600][46.256s][info][gc,stats    ] Concurrent Mark Roots               891 us, parallelism: 1.93x
[2026-04-03T06:54:20.713+0600][46.256s][info][gc,stats    ]   CMR: <total>                     1722 us
[2026-04-03T06:54:20.713+0600][46.256s][info][gc,stats    ]   CMR: Thread Roots                1547 us, workers (us): 424, 557, 566, ---, ---, ---, 
[2026-04-03T06:54:20.713+0600][46.256s][info][gc,stats    ]   CMR: VM Strong Roots               34 us, workers (us):  12,  15,   7, ---, ---, ---, 
[2026-04-03T06:54:20.713+0600][46.256s][info][gc,stats    ]   CMR: CLDG Roots                   141 us, workers (us): 141, ---, ---, ---, ---, ---, 
[2026-04-03T06:54:20.713+0600][46.256s][info][gc,stats    ] Concurrent Marking               128352 us
[2026-04-03T06:54:20.713+0600][46.256s][info][gc,stats    ] Pause Final Mark (G)               1112 us
[2026-04-03T06:54:20.713+0600][46.256s][info][gc,stats    ] Pause Final Mark (N)                702 us
[2026-04-03T06:54:20.713+0600][46.256s][info][gc,stats    ]   Finish Mark                       316 us
[2026-04-03T06:54:20.713+0600][46.256s][info][gc,stats    ]   Update Region States               56 us
[2026-04-03T06:54:20.713+0600][46.256s][info][gc,stats    ]   Choose Collection Set             119 us
[2026-04-03T06:54:20.713+0600][46.256s][info][gc,stats    ]   Rebuild Free Set                   55 us
[2026-04-03T06:54:20.713+0600][46.256s][info][gc,stats    ] Concurrent Weak References          759 us, parallelism: 0.74x
[2026-04-03T06:54:20.713+0600][46.256s][info][gc,stats    ]   CWRF: <total>                     560 us
[2026-04-03T06:54:20.713+0600][46.256s][info][gc,stats    ]   CWRF: Weak References             560 us, workers (us): 228,  64, 269, ---, ---, ---, 
[2026-04-03T06:54:20.713+0600][46.256s][info][gc,stats    ] Concurrent Weak Roots              2834 us
[2026-04-03T06:54:20.713+0600][46.256s][info][gc,stats    ]   Roots                            2361 us, parallelism: 2.53x
[2026-04-03T06:54:20.713+0600][46.256s][info][gc,stats    ]     CWR: <total>                   5985 us
[2026-04-03T06:54:20.713+0600][46.256s][info][gc,stats    ]     CWR: Code Cache Roots          4567 us, workers (us): 1499, 1531, 1537, ---, ---, ---, 
[2026-04-03T06:54:20.713+0600][46.256s][info][gc,stats    ]     CWR: VM Weak Roots             1382 us, workers (us): 486, 452, 445, ---, ---, ---, 
[2026-04-03T06:54:20.713+0600][46.256s][info][gc,stats    ]     CWR: CLDG Roots                  36 us, workers (us): ---, ---,  36, ---, ---, ---, 
[2026-04-03T06:54:20.713+0600][46.256s][info][gc,stats    ]   Rendezvous                        335 us
[2026-04-03T06:54:20.713+0600][46.256s][info][gc,stats    ] Concurrent Cleanup                  586 us
[2026-04-03T06:54:20.713+0600][46.256s][info][gc,stats    ] Concurrent Class Unloading        24316 us
[2026-04-03T06:54:20.713+0600][46.256s][info][gc,stats    ]   Unlink Stale                    22333 us
[2026-04-03T06:54:20.713+0600][46.256s][info][gc,stats    ]     System Dictionary               569 us
[2026-04-03T06:54:20.713+0600][46.256s][info][gc,stats    ]     Weak Class Links              15121 us
[2026-04-03T06:54:20.713+0600][46.256s][info][gc,stats    ]     Code Roots                     6638 us
[2026-04-03T06:54:20.713+0600][46.256s][info][gc,stats    ]   Rendezvous                        348 us
[2026-04-03T06:54:20.713+0600][46.256s][info][gc,stats    ]   Purge Unlinked                   1492 us
[2026-04-03T06:54:20.713+0600][46.256s][info][gc,stats    ]     Code Roots                      715 us
[2026-04-03T06:54:20.713+0600][46.256s][info][gc,stats    ]     CLDG                            776 us
[2026-04-03T06:54:20.713+0600][46.256s][info][gc,stats    ]     Exception Caches                  0 us
[2026-04-03T06:54:20.713+0600][46.256s][info][gc,stats    ] Pause Final Roots (G)               293 us
[2026-04-03T06:54:20.713+0600][46.256s][info][gc,stats    ] Pause Final Roots (N)               120 us
[2026-04-03T06:54:20.713+0600][46.256s][info][gc,stats    ] 
[2026-04-03T06:54:20.713+0600][46.256s][info][gc,stats    ] Allocation pacing accrued:
[2026-04-03T06:54:20.713+0600][46.256s][info][gc,stats    ]       0 of  1401 ms (  0.0%): <total>
[2026-04-03T06:54:20.713+0600][46.256s][info][gc,stats    ]       0 of  1401 ms (  0.0%): <average total>
[2026-04-03T06:54:20.713+0600][46.256s][info][gc,stats    ] 
[2026-04-03T06:54:20.713+0600][46.256s][info][gc,metaspace] Metaspace: 73096K(73920K)->72678K(73920K) NonClass: 63787K(64256K)->63440K(64256K) Class: 9308K(9664K)->9238K(9664K)
[2026-04-03T06:54:20.713+0600][46.256s][info][gc,ergo     ] Pacer for Idle. Initial: 80302K, Alloc Tax Rate: 1.0x
[2026-04-03T06:54:20.713+0600][46.256s][info][gc,start    ] Concurrent uncommit
[2026-04-03T06:54:20.933+0600][46.476s][info][gc          ] Concurrent uncommit 222M->273M(279M) 219.454ms
[2026-04-03T06:54:21.801+0600][47.344s][info][gc          ] Trigger: Learning 2 of 5. Free (2744M) is below initial threshold (2744M)
[2026-04-03T06:54:21.801+0600][47.344s][info][gc,ergo     ] Free: 2744M, Max: 1024K regular, 1082M humongous, Frag: 61% external, 0% internal; Reserve: 197M, Max: 1024K
[2026-04-03T06:54:21.801+0600][47.344s][info][gc,start    ] GC(17) Concurrent reset
[2026-04-03T06:54:21.801+0600][47.344s][info][gc,task     ] GC(17) Using 3 of 6 workers for concurrent reset
[2026-04-03T06:54:21.801+0600][47.344s][info][gc,ergo     ] GC(17) Pacer for Reset. Non-Taxable: 3921M
[2026-04-03T06:54:21.803+0600][47.346s][info][gc          ] GC(17) Concurrent reset 1.232ms
[2026-04-03T06:54:21.803+0600][47.346s][info][gc,start    ] GC(17) Pause Init Mark (unload classes)
[2026-04-03T06:54:21.803+0600][47.346s][info][gc,task     ] GC(17) Using 6 of 6 workers for init marking
[2026-04-03T06:54:21.803+0600][47.346s][info][gc,ergo     ] GC(17) Pacer for Mark. Expected Live: 222M, Free: 2742M, Non-Taxable: 274M, Alloc Tax Rate: 0.1x
[2026-04-03T06:54:21.803+0600][47.346s][info][gc          ] GC(17) Pause Init Mark (unload classes) 0.188ms
[2026-04-03T06:54:21.803+0600][47.346s][info][gc,start    ] GC(17) Concurrent marking roots
[2026-04-03T06:54:21.803+0600][47.346s][info][gc,task     ] GC(17) Using 3 of 6 workers for concurrent marking roots
[2026-04-03T06:54:21.804+0600][47.347s][info][gc          ] GC(17) Concurrent marking roots 1.313ms
[2026-04-03T06:54:21.804+0600][47.347s][info][gc,start    ] GC(17) Concurrent marking (unload classes)
[2026-04-03T06:54:21.804+0600][47.348s][info][gc,task     ] GC(17) Using 3 of 6 workers for concurrent marking
[2026-04-03T06:54:22.266+0600][47.809s][info][gc          ] GC(17) Concurrent marking (unload classes) 461.370ms
[2026-04-03T06:54:22.266+0600][47.809s][info][gc,start    ] GC(17) Pause Final Mark (unload classes)
[2026-04-03T06:54:22.266+0600][47.809s][info][gc,task     ] GC(17) Using 6 of 6 workers for final marking
[2026-04-03T06:54:22.267+0600][47.810s][info][gc,ergo     ] GC(17) Adaptive CSet Selection. Target Free: 555M, Actual Free: 2716M, Max CSet: 163M, Min Garbage: 0B
[2026-04-03T06:54:22.267+0600][47.810s][info][gc,ergo     ] GC(17) Collectable Garbage: 679M (99%), Immediate: 26667K (3%), CSet: 653M (95%)
[2026-04-03T06:54:22.267+0600][47.810s][info][gc,ergo     ] GC(17) Pacer for Evacuation. Used CSet: 765M, Free: 2534M, Non-Taxable: 253M, Alloc Tax Rate: 1.1x
[2026-04-03T06:54:22.267+0600][47.811s][info][gc          ] GC(17) Pause Final Mark (unload classes) 1.220ms
[2026-04-03T06:54:22.268+0600][47.811s][info][gc,start    ] GC(17) Concurrent thread roots
[2026-04-03T06:54:22.268+0600][47.811s][info][gc,task     ] GC(17) Using 3 of 6 workers for Concurrent thread roots
[2026-04-03T06:54:22.269+0600][47.812s][info][gc          ] GC(17) Concurrent thread roots 1.124ms
[2026-04-03T06:54:22.269+0600][47.812s][info][gc,start    ] GC(17) Concurrent weak references
[2026-04-03T06:54:22.269+0600][47.812s][info][gc,task     ] GC(17) Using 3 of 6 workers for concurrent weak references
[2026-04-03T06:54:22.269+0600][47.812s][info][gc,ref      ] GC(17) Encountered references: Soft: 3157, Weak: 6438, Final: 84, Phantom: 600
[2026-04-03T06:54:22.269+0600][47.812s][info][gc,ref      ] GC(17) Discovered  references: Soft: 0, Weak: 658, Final: 0, Phantom: 597
[2026-04-03T06:54:22.269+0600][47.812s][info][gc,ref      ] GC(17) Enqueued    references: Soft: 0, Weak: 124, Final: 0, Phantom: 0
[2026-04-03T06:54:22.269+0600][47.812s][info][gc          ] GC(17) Concurrent weak references 0.513ms
[2026-04-03T06:54:22.269+0600][47.812s][info][gc,start    ] GC(17) Concurrent weak roots
[2026-04-03T06:54:22.269+0600][47.812s][info][gc,task     ] GC(17) Using 3 of 6 workers for concurrent weak root
[2026-04-03T06:54:22.272+0600][47.816s][info][gc          ] GC(17) Concurrent weak roots 3.111ms
[2026-04-03T06:54:22.273+0600][47.816s][info][gc,start    ] GC(17) Concurrent cleanup
[2026-04-03T06:54:22.273+0600][47.816s][info][gc          ] GC(17) Concurrent cleanup 1211M->1186M(1236M) 0.801ms
[2026-04-03T06:54:22.273+0600][47.816s][info][gc,ergo     ] GC(17) Free: 2531M, Max: 1024K regular, 1082M humongous, Frag: 58% external, 0% internal; Reserve: 195M, Max: 1024K
[2026-04-03T06:54:22.273+0600][47.816s][info][gc,start    ] GC(17) Concurrent class unloading
[2026-04-03T06:54:22.273+0600][47.816s][info][gc,task     ] GC(17) Using 3 of 6 workers for concurrent class unloading
[2026-04-03T06:54:22.296+0600][47.839s][info][gc          ] GC(17) Concurrent class unloading 22.913ms
[2026-04-03T06:54:22.296+0600][47.840s][info][gc,start    ] GC(17) Concurrent strong roots
[2026-04-03T06:54:22.296+0600][47.840s][info][gc,task     ] GC(17) Using 3 of 6 workers for concurrent strong root
[2026-04-03T06:54:22.298+0600][47.841s][info][gc          ] GC(17) Concurrent strong roots 1.953ms
[2026-04-03T06:54:22.298+0600][47.842s][info][gc,start    ] GC(17) Concurrent evacuation
[2026-04-03T06:54:22.299+0600][47.842s][info][gc,task     ] GC(17) Using 3 of 6 workers for concurrent evacuation
[2026-04-03T06:54:22.436+0600][47.979s][info][gc          ] GC(17) Concurrent evacuation 137.395ms
[2026-04-03T06:54:22.436+0600][47.979s][info][gc,start    ] GC(17) Pause Init Update Refs
[2026-04-03T06:54:22.436+0600][47.979s][info][gc,ergo     ] GC(17) Pacer for Update Refs. Used: 1375M, Free: 2454M, Non-Taxable: 245M, Alloc Tax Rate: 1.1x
[2026-04-03T06:54:22.436+0600][47.979s][info][gc          ] GC(17) Pause Init Update Refs 0.177ms
[2026-04-03T06:54:22.436+0600][47.980s][info][gc,start    ] GC(17) Concurrent update references
[2026-04-03T06:54:22.437+0600][47.980s][info][gc,task     ] GC(17) Using 3 of 6 workers for concurrent reference update
[2026-04-03T06:54:22.716+0600][48.259s][info][gc          ] GC(17) Concurrent update references 279.263ms
[2026-04-03T06:54:22.716+0600][48.259s][info][gc,start    ] GC(17) Concurrent update thread roots
[2026-04-03T06:54:22.717+0600][48.260s][info][gc          ] GC(17) Concurrent update thread roots 1.584ms
[2026-04-03T06:54:22.718+0600][48.261s][info][gc,start    ] GC(17) Pause Final Update Refs
[2026-04-03T06:54:22.718+0600][48.261s][info][gc,task     ] GC(17) Using 6 of 6 workers for final reference update
[2026-04-03T06:54:22.718+0600][48.261s][info][gc          ] GC(17) Pause Final Update Refs 0.256ms
[2026-04-03T06:54:22.718+0600][48.261s][info][gc,start    ] GC(17) Concurrent cleanup
[2026-04-03T06:54:22.719+0600][48.262s][info][gc          ] GC(17) Concurrent cleanup 1517M->752M(1529M) 0.981ms
[2026-04-03T06:54:22.719+0600][48.262s][info][gc,ergo     ] Free: 2964M, Max: 1024K regular, 975M humongous, Frag: 68% external, 0% internal; Reserve: 197M, Max: 1024K
[2026-04-03T06:54:22.719+0600][48.262s][info][gc,stats    ] 
[2026-04-03T06:54:22.719+0600][48.262s][info][gc,stats    ] All times are wall-clock times, except per-root-class counters, that are sum over
[2026-04-03T06:54:22.719+0600][48.262s][info][gc,stats    ] all workers. Dividing the <total> over the root stage time estimates parallelism.
[2026-04-03T06:54:22.719+0600][48.262s][info][gc,stats    ] 
[2026-04-03T06:54:22.719+0600][48.262s][info][gc,stats    ] Concurrent Reset                   1333 us
[2026-04-03T06:54:22.719+0600][48.262s][info][gc,stats    ] Pause Init Mark (G)                 356 us
[2026-04-03T06:54:22.719+0600][48.262s][info][gc,stats    ] Pause Init Mark (N)                 201 us
[2026-04-03T06:54:22.719+0600][48.262s][info][gc,stats    ]   Update Region States               43 us
[2026-04-03T06:54:22.719+0600][48.262s][info][gc,stats    ] Concurrent Mark Roots              1384 us, parallelism: 1.83x
[2026-04-03T06:54:22.719+0600][48.262s][info][gc,stats    ]   CMR: <total>                     2532 us
[2026-04-03T06:54:22.719+0600][48.262s][info][gc,stats    ]   CMR: Thread Roots                2084 us, workers (us): 494, 792, 797, ---, ---, ---, 
[2026-04-03T06:54:22.719+0600][48.262s][info][gc,stats    ]   CMR: VM Strong Roots              112 us, workers (us):  39,  40,  33, ---, ---, ---, 
[2026-04-03T06:54:22.719+0600][48.262s][info][gc,stats    ]   CMR: CLDG Roots                   337 us, workers (us): 337, ---, ---, ---, ---, ---, 
[2026-04-03T06:54:22.719+0600][48.262s][info][gc,stats    ] Concurrent Marking               461491 us
[2026-04-03T06:54:22.719+0600][48.262s][info][gc,stats    ] Pause Final Mark (G)               1728 us
[2026-04-03T06:54:22.719+0600][48.262s][info][gc,stats    ] Pause Final Mark (N)               1242 us
[2026-04-03T06:54:22.719+0600][48.262s][info][gc,stats    ]   Finish Mark                       360 us
[2026-04-03T06:54:22.719+0600][48.262s][info][gc,stats    ]   Update Region States               91 us
[2026-04-03T06:54:22.719+0600][48.262s][info][gc,stats    ]   Choose Collection Set             500 us
[2026-04-03T06:54:22.719+0600][48.262s][info][gc,stats    ]   Rebuild Free Set                   46 us
[2026-04-03T06:54:22.719+0600][48.262s][info][gc,stats    ] Concurrent Thread Roots            1158 us, parallelism: 2.23x
[2026-04-03T06:54:22.719+0600][48.263s][info][gc,stats    ]   CTR: <total>                     2581 us
[2026-04-03T06:54:22.719+0600][48.263s][info][gc,stats    ]   CTR: Thread Roots                2581 us, workers (us): 879, 869, 833, ---, ---, ---, 
[2026-04-03T06:54:22.719+0600][48.263s][info][gc,stats    ] Concurrent Weak References          528 us, parallelism: 0.79x
[2026-04-03T06:54:22.719+0600][48.263s][info][gc,stats    ]   CWRF: <total>                     417 us
[2026-04-03T06:54:22.719+0600][48.263s][info][gc,stats    ]   CWRF: Weak References             417 us, workers (us): 240, 106,  72, ---, ---, ---, 
[2026-04-03T06:54:22.719+0600][48.263s][info][gc,stats    ] Concurrent Weak Roots              3188 us
[2026-04-03T06:54:22.720+0600][48.263s][info][gc,stats    ]   Roots                            2750 us, parallelism: 2.69x
[2026-04-03T06:54:22.720+0600][48.263s][info][gc,stats    ]     CWR: <total>                   7383 us
[2026-04-03T06:54:22.720+0600][48.263s][info][gc,stats    ]     CWR: Code Cache Roots          4349 us, workers (us): 1339, 1544, 1466, ---, ---, ---, 
[2026-04-03T06:54:22.720+0600][48.263s][info][gc,stats    ]     CWR: VM Weak Roots             2893 us, workers (us): 961, 978, 954, ---, ---, ---, 
[2026-04-03T06:54:22.720+0600][48.263s][info][gc,stats    ]     CWR: CLDG Roots                 141 us, workers (us): 141, ---, ---, ---, ---, ---, 
[2026-04-03T06:54:22.720+0600][48.263s][info][gc,stats    ]   Rendezvous                        328 us
[2026-04-03T06:54:22.720+0600][48.263s][info][gc,stats    ] Concurrent Cleanup                  824 us
[2026-04-03T06:54:22.720+0600][48.263s][info][gc,stats    ] Concurrent Class Unloading        23037 us
[2026-04-03T06:54:22.720+0600][48.263s][info][gc,stats    ]   Unlink Stale                    21966 us
[2026-04-03T06:54:22.720+0600][48.263s][info][gc,stats    ]     System Dictionary               305 us
[2026-04-03T06:54:22.720+0600][48.263s][info][gc,stats    ]     Weak Class Links              12537 us
[2026-04-03T06:54:22.720+0600][48.263s][info][gc,stats    ]     Code Roots                     9118 us
[2026-04-03T06:54:22.720+0600][48.263s][info][gc,stats    ]   Rendezvous                        520 us
[2026-04-03T06:54:22.720+0600][48.263s][info][gc,stats    ]   Purge Unlinked                    394 us
[2026-04-03T06:54:22.720+0600][48.263s][info][gc,stats    ]     Code Roots                      318 us
[2026-04-03T06:54:22.720+0600][48.263s][info][gc,stats    ]     CLDG                             75 us
[2026-04-03T06:54:22.720+0600][48.263s][info][gc,stats    ]     Exception Caches                  0 us
[2026-04-03T06:54:22.720+0600][48.263s][info][gc,stats    ] Concurrent Strong Roots            2034 us, parallelism: 0.78x
[2026-04-03T06:54:22.720+0600][48.263s][info][gc,stats    ]   CSR: <total>                     1585 us
[2026-04-03T06:54:22.720+0600][48.263s][info][gc,stats    ]   CSR: VM Strong Roots               78 us, workers (us):  45,  31,   1, ---, ---, ---, 
[2026-04-03T06:54:22.720+0600][48.263s][info][gc,stats    ]   CSR: CLDG Roots                  1507 us, workers (us): 1507, ---, ---, ---, ---, ---, 
[2026-04-03T06:54:22.720+0600][48.263s][info][gc,stats    ] Concurrent Evacuation            137505 us
[2026-04-03T06:54:22.720+0600][48.263s][info][gc,stats    ] Pause Init Update Refs (G)          483 us
[2026-04-03T06:54:22.720+0600][48.263s][info][gc,stats    ] Pause Init Update Refs (N)          200 us
[2026-04-03T06:54:22.720+0600][48.263s][info][gc,stats    ]   Manage GCLABs                      33 us
[2026-04-03T06:54:22.720+0600][48.263s][info][gc,stats    ] Concurrent Update Refs           279343 us
[2026-04-03T06:54:22.720+0600][48.263s][info][gc,stats    ] Concurrent Update Thread Roots     1660 us
[2026-04-03T06:54:22.720+0600][48.263s][info][gc,stats    ] Pause Final Update Refs (G)         576 us
[2026-04-03T06:54:22.720+0600][48.263s][info][gc,stats    ] Pause Final Update Refs (N)         293 us
[2026-04-03T06:54:22.720+0600][48.263s][info][gc,stats    ]   Update Region States               85 us
[2026-04-03T06:54:22.720+0600][48.263s][info][gc,stats    ]   Trash Collection Set               23 us
[2026-04-03T06:54:22.720+0600][48.263s][info][gc,stats    ]   Rebuild Free Set                   43 us
[2026-04-03T06:54:22.720+0600][48.263s][info][gc,stats    ] Concurrent Cleanup                 1009 us
[2026-04-03T06:54:22.720+0600][48.263s][info][gc,stats    ] 
[2026-04-03T06:54:22.720+0600][48.263s][info][gc,stats    ] Allocation pacing accrued:
[2026-04-03T06:54:22.720+0600][48.263s][info][gc,stats    ]       0 of  2007 ms (  0.0%): <total>
[2026-04-03T06:54:22.720+0600][48.263s][info][gc,stats    ]       0 of  2007 ms (  0.0%): <average total>
[2026-04-03T06:54:22.720+0600][48.263s][info][gc,stats    ] 
[2026-04-03T06:54:22.720+0600][48.263s][info][gc,metaspace] Metaspace: 73089K(73920K)->73074K(73920K) NonClass: 63790K(64256K)->63779K(64256K) Class: 9298K(9664K)->9294K(9664K)
[2026-04-03T06:54:22.720+0600][48.263s][info][gc,ergo     ] Pacer for Idle. Initial: 80302K, Alloc Tax Rate: 1.0x
[2026-04-03T06:54:22.967+0600][48.510s][info][gc          ] Trigger: Learning 3 of 5. Free (2743M) is below initial threshold (2744M)
[2026-04-03T06:54:22.968+0600][48.511s][info][gc,ergo     ] Free: 2743M, Max: 1024K regular, 975M humongous, Frag: 65% external, 0% internal; Reserve: 197M, Max: 1024K
[2026-04-03T06:54:22.968+0600][48.511s][info][gc,start    ] GC(18) Concurrent reset
[2026-04-03T06:54:22.968+0600][48.511s][info][gc,task     ] GC(18) Using 3 of 6 workers for concurrent reset
[2026-04-03T06:54:22.968+0600][48.511s][info][gc,ergo     ] GC(18) Pacer for Reset. Non-Taxable: 3921M
[2026-04-03T06:54:22.971+0600][48.514s][info][gc          ] GC(18) Concurrent reset 3.812ms
[2026-04-03T06:54:22.972+0600][48.515s][info][gc,start    ] GC(18) Pause Init Mark (unload classes)
[2026-04-03T06:54:22.972+0600][48.515s][info][gc,task     ] GC(18) Using 6 of 6 workers for init marking
[2026-04-03T06:54:22.972+0600][48.515s][info][gc,ergo     ] GC(18) Pacer for Mark. Expected Live: 216M, Free: 2740M, Non-Taxable: 274M, Alloc Tax Rate: 0.1x
[2026-04-03T06:54:22.972+0600][48.515s][info][gc          ] GC(18) Pause Init Mark (unload classes) 0.218ms
[2026-04-03T06:54:22.972+0600][48.515s][info][gc,start    ] GC(18) Concurrent marking roots
[2026-04-03T06:54:22.972+0600][48.515s][info][gc,task     ] GC(18) Using 3 of 6 workers for concurrent marking roots
[2026-04-03T06:54:22.973+0600][48.517s][info][gc          ] GC(18) Concurrent marking roots 1.328ms
[2026-04-03T06:54:22.974+0600][48.517s][info][gc,start    ] GC(18) Concurrent marking (unload classes)
[2026-04-03T06:54:22.974+0600][48.517s][info][gc,task     ] GC(18) Using 3 of 6 workers for concurrent marking
[2026-04-03T06:54:23.528+0600][49.071s][info][gc          ] GC(18) Concurrent marking (unload classes) 554.109ms
[2026-04-03T06:54:23.528+0600][49.071s][info][gc,start    ] GC(18) Pause Final Mark (unload classes)
[2026-04-03T06:54:23.528+0600][49.071s][info][gc,task     ] GC(18) Using 6 of 6 workers for final marking
[2026-04-03T06:54:23.529+0600][49.072s][info][gc,ergo     ] GC(18) Adaptive CSet Selection. Target Free: 555M, Actual Free: 2657M, Max CSet: 163M, Min Garbage: 0B
[2026-04-03T06:54:23.529+0600][49.072s][info][gc,ergo     ] GC(18) Collectable Garbage: 660M (98%), Immediate: 0B (0%), CSet: 660M (98%)
[2026-04-03T06:54:23.529+0600][49.072s][info][gc,ergo     ] GC(18) Pacer for Evacuation. Used CSet: 709M, Free: 2461M, Non-Taxable: 246M, Alloc Tax Rate: 1.1x
[2026-04-03T06:54:23.529+0600][49.072s][info][gc          ] GC(18) Pause Final Mark (unload classes) 1.417ms
[2026-04-03T06:54:23.529+0600][49.073s][info][gc,start    ] GC(18) Concurrent thread roots
[2026-04-03T06:54:23.530+0600][49.073s][info][gc,task     ] GC(18) Using 3 of 6 workers for Concurrent thread roots
[2026-04-03T06:54:23.531+0600][49.074s][info][gc          ] GC(18) Concurrent thread roots 1.150ms
[2026-04-03T06:54:23.531+0600][49.074s][info][gc,start    ] GC(18) Concurrent weak references
[2026-04-03T06:54:23.531+0600][49.074s][info][gc,task     ] GC(18) Using 3 of 6 workers for concurrent weak references
[2026-04-03T06:54:23.531+0600][49.074s][info][gc,ref      ] GC(18) Encountered references: Soft: 3157, Weak: 6314, Final: 84, Phantom: 600
[2026-04-03T06:54:23.531+0600][49.074s][info][gc,ref      ] GC(18) Discovered  references: Soft: 0, Weak: 1065, Final: 2, Phantom: 597
[2026-04-03T06:54:23.531+0600][49.074s][info][gc,ref      ] GC(18) Enqueued    references: Soft: 0, Weak: 0, Final: 0, Phantom: 0
[2026-04-03T06:54:23.531+0600][49.074s][info][gc          ] GC(18) Concurrent weak references 0.380ms
[2026-04-03T06:54:23.531+0600][49.074s][info][gc,start    ] GC(18) Concurrent weak roots
[2026-04-03T06:54:23.531+0600][49.074s][info][gc,task     ] GC(18) Using 3 of 6 workers for concurrent weak root
[2026-04-03T06:54:23.534+0600][49.077s][info][gc          ] GC(18) Concurrent weak roots 3.191ms
[2026-04-03T06:54:23.534+0600][49.077s][info][gc,start    ] GC(18) Concurrent cleanup
[2026-04-03T06:54:23.535+0600][49.078s][info][gc          ] GC(18) Concurrent cleanup 1255M->1255M(1529M) 0.348ms
[2026-04-03T06:54:23.535+0600][49.078s][info][gc,ergo     ] GC(18) Free: 2458M, Max: 1024K regular, 975M humongous, Frag: 61% external, 0% internal; Reserve: 196M, Max: 1024K
[2026-04-03T06:54:23.535+0600][49.078s][info][gc,start    ] GC(18) Concurrent class unloading
[2026-04-03T06:54:23.535+0600][49.078s][info][gc,task     ] GC(18) Using 3 of 6 workers for concurrent class unloading
[2026-04-03T06:54:23.543+0600][49.086s][info][gc          ] GC(18) Concurrent class unloading 8.204ms
[2026-04-03T06:54:23.543+0600][49.086s][info][gc,start    ] GC(18) Concurrent strong roots
[2026-04-03T06:54:23.543+0600][49.086s][info][gc,task     ] GC(18) Using 3 of 6 workers for concurrent strong root
[2026-04-03T06:54:23.544+0600][49.088s][info][gc          ] GC(18) Concurrent strong roots 1.200ms
[2026-04-03T06:54:23.545+0600][49.088s][info][gc,start    ] GC(18) Concurrent evacuation
[2026-04-03T06:54:23.545+0600][49.088s][info][gc,task     ] GC(18) Using 3 of 6 workers for concurrent evacuation
[2026-04-03T06:54:23.624+0600][49.167s][info][gc          ] GC(18) Concurrent evacuation 79.661ms
[2026-04-03T06:54:23.625+0600][49.168s][info][gc,start    ] GC(18) Pause Init Update Refs
[2026-04-03T06:54:23.625+0600][49.168s][info][gc,ergo     ] GC(18) Pacer for Update Refs. Used: 1333M, Free: 2431M, Non-Taxable: 243M, Alloc Tax Rate: 1.1x
[2026-04-03T06:54:23.625+0600][49.168s][info][gc          ] GC(18) Pause Init Update Refs 0.157ms
[2026-04-03T06:54:23.625+0600][49.168s][info][gc,start    ] GC(18) Concurrent update references
[2026-04-03T06:54:23.625+0600][49.168s][info][gc,task     ] GC(18) Using 3 of 6 workers for concurrent reference update
[2026-04-03T06:54:24.003+0600][49.546s][info][gc          ] GC(18) Concurrent update references 378.315ms
[2026-04-03T06:54:24.004+0600][49.547s][info][gc,start    ] GC(18) Concurrent update thread roots
[2026-04-03T06:54:24.005+0600][49.548s][info][gc          ] GC(18) Concurrent update thread roots 1.421ms
[2026-04-03T06:54:24.005+0600][49.548s][info][gc,start    ] GC(18) Pause Final Update Refs
[2026-04-03T06:54:24.005+0600][49.548s][info][gc,task     ] GC(18) Using 6 of 6 workers for final reference update
[2026-04-03T06:54:24.006+0600][49.549s][info][gc          ] GC(18) Pause Final Update Refs 0.286ms
[2026-04-03T06:54:24.006+0600][49.549s][info][gc,start    ] GC(18) Concurrent cleanup
[2026-04-03T06:54:24.006+0600][49.549s][info][gc          ] GC(18) Concurrent cleanup 1345M->636M(1573M) 0.412ms
[2026-04-03T06:54:24.006+0600][49.549s][info][gc,ergo     ] Free: 3076M, Max: 1024K regular, 1346M humongous, Frag: 57% external, 0% internal; Reserve: 197M, Max: 1024K
[2026-04-03T06:54:24.006+0600][49.549s][info][gc,stats    ] 
[2026-04-03T06:54:24.006+0600][49.549s][info][gc,stats    ] All times are wall-clock times, except per-root-class counters, that are sum over
[2026-04-03T06:54:24.006+0600][49.549s][info][gc,stats    ] all workers. Dividing the <total> over the root stage time estimates parallelism.
[2026-04-03T06:54:24.006+0600][49.549s][info][gc,stats    ] 
[2026-04-03T06:54:24.006+0600][49.549s][info][gc,stats    ] Concurrent Reset                   3947 us
[2026-04-03T06:54:24.006+0600][49.549s][info][gc,stats    ] Pause Init Mark (G)                 600 us
[2026-04-03T06:54:24.006+0600][49.549s][info][gc,stats    ] Pause Init Mark (N)                 237 us
[2026-04-03T06:54:24.006+0600][49.549s][info][gc,stats    ]   Update Region States               72 us
[2026-04-03T06:54:24.006+0600][49.550s][info][gc,stats    ] Concurrent Mark Roots              1418 us, parallelism: 1.86x
[2026-04-03T06:54:24.006+0600][49.550s][info][gc,stats    ]   CMR: <total>                     2638 us
[2026-04-03T06:54:24.006+0600][49.550s][info][gc,stats    ]   CMR: Thread Roots                2242 us, workers (us): 581, 826, 835, ---, ---, ---, 
[2026-04-03T06:54:24.006+0600][49.550s][info][gc,stats    ]   CMR: VM Strong Roots              139 us, workers (us):  65,  40,  34, ---, ---, ---, 
[2026-04-03T06:54:24.007+0600][49.550s][info][gc,stats    ]   CMR: CLDG Roots                   256 us, workers (us): 256, ---, ---, ---, ---, ---, 
[2026-04-03T06:54:24.007+0600][49.550s][info][gc,stats    ] Concurrent Marking               554251 us
[2026-04-03T06:54:24.007+0600][49.550s][info][gc,stats    ] Pause Final Mark (G)               1669 us
[2026-04-03T06:54:24.007+0600][49.550s][info][gc,stats    ] Pause Final Mark (N)               1440 us
[2026-04-03T06:54:24.007+0600][49.550s][info][gc,stats    ]   Finish Mark                       529 us
[2026-04-03T06:54:24.007+0600][49.550s][info][gc,stats    ]   Update Region States              103 us
[2026-04-03T06:54:24.007+0600][49.550s][info][gc,stats    ]   Choose Collection Set             591 us
[2026-04-03T06:54:24.007+0600][49.550s][info][gc,stats    ]   Rebuild Free Set                   46 us
[2026-04-03T06:54:24.007+0600][49.550s][info][gc,stats    ] Concurrent Thread Roots            1232 us, parallelism: 2.11x
[2026-04-03T06:54:24.007+0600][49.550s][info][gc,stats    ]   CTR: <total>                     2604 us
[2026-04-03T06:54:24.007+0600][49.550s][info][gc,stats    ]   CTR: Thread Roots                2604 us, workers (us): 897, 877, 830, ---, ---, ---, 
[2026-04-03T06:54:24.007+0600][49.550s][info][gc,stats    ] Concurrent Weak References          400 us, parallelism: 0.58x
[2026-04-03T06:54:24.007+0600][49.550s][info][gc,stats    ]   CWRF: <total>                     233 us
[2026-04-03T06:54:24.007+0600][49.550s][info][gc,stats    ]   CWRF: Weak References             233 us, workers (us): 131, 100,   2, ---, ---, ---, 
[2026-04-03T06:54:24.007+0600][49.550s][info][gc,stats    ] Concurrent Weak Roots              3302 us
[2026-04-03T06:54:24.007+0600][49.550s][info][gc,stats    ]   Roots                            2771 us, parallelism: 2.56x
[2026-04-03T06:54:24.007+0600][49.550s][info][gc,stats    ]     CWR: <total>                   7083 us
[2026-04-03T06:54:24.007+0600][49.550s][info][gc,stats    ]     CWR: Code Cache Roots          5283 us, workers (us): 1717, 1820, 1747, ---, ---, ---, 
[2026-04-03T06:54:24.007+0600][49.550s][info][gc,stats    ]     CWR: VM Weak Roots             1733 us, workers (us): 622, 562, 549, ---, ---, ---, 
[2026-04-03T06:54:24.007+0600][49.550s][info][gc,stats    ]     CWR: CLDG Roots                  67 us, workers (us): ---, ---,  67, ---, ---, ---, 
[2026-04-03T06:54:24.007+0600][49.550s][info][gc,stats    ]   Rendezvous                        373 us
[2026-04-03T06:54:24.007+0600][49.550s][info][gc,stats    ] Concurrent Cleanup                  381 us
[2026-04-03T06:54:24.007+0600][49.550s][info][gc,stats    ] Concurrent Class Unloading         8356 us
[2026-04-03T06:54:24.007+0600][49.550s][info][gc,stats    ]   Unlink Stale                     7757 us
[2026-04-03T06:54:24.007+0600][49.550s][info][gc,stats    ]     System Dictionary               181 us
[2026-04-03T06:54:24.007+0600][49.550s][info][gc,stats    ]     Weak Class Links                  1 us
[2026-04-03T06:54:24.007+0600][49.550s][info][gc,stats    ]     Code Roots                     7569 us
[2026-04-03T06:54:24.007+0600][49.550s][info][gc,stats    ]   Rendezvous                        382 us
[2026-04-03T06:54:24.007+0600][49.550s][info][gc,stats    ]   Purge Unlinked                     15 us
[2026-04-03T06:54:24.007+0600][49.550s][info][gc,stats    ]     Code Roots                        4 us
[2026-04-03T06:54:24.007+0600][49.550s][info][gc,stats    ]     CLDG                              9 us
[2026-04-03T06:54:24.007+0600][49.550s][info][gc,stats    ]     Exception Caches                  1 us
[2026-04-03T06:54:24.007+0600][49.550s][info][gc,stats    ] Concurrent Strong Roots            1338 us, parallelism: 0.41x
[2026-04-03T06:54:24.007+0600][49.550s][info][gc,stats    ]   CSR: <total>                      555 us
[2026-04-03T06:54:24.007+0600][49.550s][info][gc,stats    ]   CSR: VM Strong Roots               34 us, workers (us):  30,   2,   2, ---, ---, ---, 
[2026-04-03T06:54:24.007+0600][49.550s][info][gc,stats    ]   CSR: CLDG Roots                   521 us, workers (us): 521, ---, ---, ---, ---, ---, 
[2026-04-03T06:54:24.007+0600][49.550s][info][gc,stats    ] Concurrent Evacuation             79801 us
[2026-04-03T06:54:24.007+0600][49.550s][info][gc,stats    ] Pause Init Update Refs (G)          690 us
[2026-04-03T06:54:24.007+0600][49.550s][info][gc,stats    ] Pause Init Update Refs (N)          187 us
[2026-04-03T06:54:24.007+0600][49.550s][info][gc,stats    ]   Manage GCLABs                      65 us
[2026-04-03T06:54:24.007+0600][49.550s][info][gc,stats    ] Concurrent Update Refs           378432 us
[2026-04-03T06:54:24.007+0600][49.550s][info][gc,stats    ] Concurrent Update Thread Roots     1530 us
[2026-04-03T06:54:24.007+0600][49.550s][info][gc,stats    ] Pause Final Update Refs (G)         616 us
[2026-04-03T06:54:24.007+0600][49.550s][info][gc,stats    ] Pause Final Update Refs (N)         304 us
[2026-04-03T06:54:24.007+0600][49.550s][info][gc,stats    ]   Update Region States               61 us
[2026-04-03T06:54:24.007+0600][49.550s][info][gc,stats    ]   Trash Collection Set               13 us
[2026-04-03T06:54:24.007+0600][49.550s][info][gc,stats    ]   Rebuild Free Set                   40 us
[2026-04-03T06:54:24.007+0600][49.550s][info][gc,stats    ] Concurrent Cleanup                  456 us
[2026-04-03T06:54:24.007+0600][49.550s][info][gc,stats    ] 
[2026-04-03T06:54:24.007+0600][49.550s][info][gc,stats    ] Allocation pacing accrued:
[2026-04-03T06:54:24.007+0600][49.550s][info][gc,stats    ]       0 of  1287 ms (  0.0%): <total>
[2026-04-03T06:54:24.007+0600][49.550s][info][gc,stats    ]       0 of  1287 ms (  0.0%): <average total>
[2026-04-03T06:54:24.007+0600][49.550s][info][gc,stats    ] 
[2026-04-03T06:54:24.007+0600][49.550s][info][gc,metaspace] Metaspace: 73074K(73920K)->73074K(73920K) NonClass: 63779K(64256K)->63779K(64256K) Class: 9294K(9664K)->9294K(9664K)
[2026-04-03T06:54:24.007+0600][49.550s][info][gc,ergo     ] Pacer for Idle. Initial: 80302K, Alloc Tax Rate: 1.0x
[2026-04-03T06:54:25.088+0600][50.631s][info][gc          ] Trigger: Learning 4 of 5. Free (2744M) is below initial threshold (2744M)
[2026-04-03T06:54:25.088+0600][50.631s][info][gc,ergo     ] Free: 2744M, Max: 1024K regular, 1346M humongous, Frag: 51% external, 0% internal; Reserve: 197M, Max: 1024K
[2026-04-03T06:54:25.088+0600][50.631s][info][gc,start    ] GC(19) Concurrent reset
[2026-04-03T06:54:25.088+0600][50.631s][info][gc,task     ] GC(19) Using 3 of 6 workers for concurrent reset
[2026-04-03T06:54:25.088+0600][50.631s][info][gc,ergo     ] GC(19) Pacer for Reset. Non-Taxable: 3921M
[2026-04-03T06:54:25.091+0600][50.634s][info][gc          ] GC(19) Concurrent reset 2.794ms
[2026-04-03T06:54:25.091+0600][50.634s][info][gc,start    ] GC(19) Pause Init Mark (unload classes)
[2026-04-03T06:54:25.091+0600][50.634s][info][gc,task     ] GC(19) Using 6 of 6 workers for init marking
[2026-04-03T06:54:25.091+0600][50.634s][info][gc,ergo     ] GC(19) Pacer for Mark. Expected Live: 238M, Free: 2742M, Non-Taxable: 274M, Alloc Tax Rate: 0.1x
[2026-04-03T06:54:25.091+0600][50.634s][info][gc          ] GC(19) Pause Init Mark (unload classes) 0.214ms
[2026-04-03T06:54:25.092+0600][50.635s][info][gc,start    ] GC(19) Concurrent marking roots
[2026-04-03T06:54:25.092+0600][50.635s][info][gc,task     ] GC(19) Using 3 of 6 workers for concurrent marking roots
[2026-04-03T06:54:25.093+0600][50.636s][info][gc          ] GC(19) Concurrent marking roots 1.074ms
[2026-04-03T06:54:25.093+0600][50.636s][info][gc,start    ] GC(19) Concurrent marking (unload classes)
[2026-04-03T06:54:25.093+0600][50.636s][info][gc,task     ] GC(19) Using 3 of 6 workers for concurrent marking
[2026-04-03T06:54:25.454+0600][50.997s][info][gc          ] GC(19) Concurrent marking (unload classes) 361.644ms
[2026-04-03T06:54:25.455+0600][50.998s][info][gc,start    ] GC(19) Pause Final Mark (unload classes)
[2026-04-03T06:54:25.455+0600][50.998s][info][gc,task     ] GC(19) Using 6 of 6 workers for final marking
[2026-04-03T06:54:25.455+0600][50.998s][info][gc,ergo     ] GC(19) Adaptive CSet Selection. Target Free: 555M, Actual Free: 3256M, Max CSet: 163M, Min Garbage: 0B
[2026-04-03T06:54:25.455+0600][50.998s][info][gc,ergo     ] GC(19) Collectable Garbage: 741M (99%), Immediate: 524M (70%), CSet: 217M (29%)
[2026-04-03T06:54:25.456+0600][50.999s][info][gc,ergo     ] GC(19) Pacer for Evacuation. Used CSet: 264M, Free: 3085M, Non-Taxable: 308M, Alloc Tax Rate: 1.1x
[2026-04-03T06:54:25.456+0600][50.999s][info][gc          ] GC(19) Pause Final Mark (unload classes) 0.856ms
[2026-04-03T06:54:25.456+0600][50.999s][info][gc,start    ] GC(19) Concurrent thread roots
[2026-04-03T06:54:25.456+0600][50.999s][info][gc,task     ] GC(19) Using 3 of 6 workers for Concurrent thread roots
[2026-04-03T06:54:25.457+0600][51.000s][info][gc          ] GC(19) Concurrent thread roots 1.214ms
[2026-04-03T06:54:25.457+0600][51.000s][info][gc,start    ] GC(19) Concurrent weak references
[2026-04-03T06:54:25.457+0600][51.000s][info][gc,task     ] GC(19) Using 3 of 6 workers for concurrent weak references
[2026-04-03T06:54:25.457+0600][51.000s][info][gc,ref      ] GC(19) Encountered references: Soft: 3284, Weak: 6593, Final: 84, Phantom: 600
[2026-04-03T06:54:25.457+0600][51.000s][info][gc,ref      ] GC(19) Discovered  references: Soft: 0, Weak: 639, Final: 0, Phantom: 597
[2026-04-03T06:54:25.457+0600][51.001s][info][gc,ref      ] GC(19) Enqueued    references: Soft: 0, Weak: 113, Final: 0, Phantom: 0
[2026-04-03T06:54:25.457+0600][51.001s][info][gc          ] GC(19) Concurrent weak references 0.486ms
[2026-04-03T06:54:25.457+0600][51.001s][info][gc,start    ] GC(19) Concurrent weak roots
[2026-04-03T06:54:25.458+0600][51.001s][info][gc,task     ] GC(19) Using 3 of 6 workers for concurrent weak root
[2026-04-03T06:54:25.461+0600][51.004s][info][gc          ] GC(19) Concurrent weak roots 3.546ms
[2026-04-03T06:54:25.461+0600][51.004s][info][gc,start    ] GC(19) Concurrent cleanup
[2026-04-03T06:54:25.462+0600][51.005s][info][gc          ] GC(19) Concurrent cleanup 1156M->632M(1573M) 0.904ms
[2026-04-03T06:54:25.462+0600][51.005s][info][gc,ergo     ] GC(19) Free: 3078M, Max: 1024K regular, 1236M humongous, Frag: 60% external, 0% internal; Reserve: 196M, Max: 1024K
[2026-04-03T06:54:25.462+0600][51.005s][info][gc,start    ] GC(19) Concurrent class unloading
[2026-04-03T06:54:25.462+0600][51.005s][info][gc,task     ] GC(19) Using 3 of 6 workers for concurrent class unloading
[2026-04-03T06:54:25.471+0600][51.014s][info][gc          ] GC(19) Concurrent class unloading 8.666ms
[2026-04-03T06:54:25.471+0600][51.014s][info][gc,start    ] GC(19) Concurrent strong roots
[2026-04-03T06:54:25.471+0600][51.014s][info][gc,task     ] GC(19) Using 3 of 6 workers for concurrent strong root
[2026-04-03T06:54:25.472+0600][51.015s][info][gc          ] GC(19) Concurrent strong roots 0.755ms
[2026-04-03T06:54:25.472+0600][51.015s][info][gc,start    ] GC(19) Concurrent evacuation
[2026-04-03T06:54:25.472+0600][51.015s][info][gc,task     ] GC(19) Using 3 of 6 workers for concurrent evacuation
[2026-04-03T06:54:25.512+0600][51.055s][info][gc          ] GC(19) Concurrent evacuation 40.580ms
[2026-04-03T06:54:25.513+0600][51.056s][info][gc,start    ] GC(19) Pause Init Update Refs
[2026-04-03T06:54:25.513+0600][51.056s][info][gc,ergo     ] GC(19) Pacer for Update Refs. Used: 726M, Free: 3033M, Non-Taxable: 303M, Alloc Tax Rate: 1.1x
[2026-04-03T06:54:25.513+0600][51.056s][info][gc          ] GC(19) Pause Init Update Refs 0.156ms
[2026-04-03T06:54:25.513+0600][51.056s][info][gc,start    ] GC(19) Concurrent update references
[2026-04-03T06:54:25.513+0600][51.056s][info][gc,task     ] GC(19) Using 3 of 6 workers for concurrent reference update
[2026-04-03T06:54:25.819+0600][51.362s][info][gc          ] GC(19) Concurrent update references 306.700ms
[2026-04-03T06:54:25.820+0600][51.363s][info][gc,start    ] GC(19) Concurrent update thread roots
[2026-04-03T06:54:25.821+0600][51.364s][info][gc          ] GC(19) Concurrent update thread roots 1.028ms
[2026-04-03T06:54:25.821+0600][51.364s][info][gc,start    ] GC(19) Pause Final Update Refs
[2026-04-03T06:54:25.821+0600][51.364s][info][gc,task     ] GC(19) Using 6 of 6 workers for final reference update
[2026-04-03T06:54:25.821+0600][51.364s][info][gc          ] GC(19) Pause Final Update Refs 0.242ms
[2026-04-03T06:54:25.821+0600][51.364s][info][gc,start    ] GC(19) Concurrent cleanup
[2026-04-03T06:54:25.822+0600][51.365s][info][gc          ] GC(19) Concurrent cleanup 940M->676M(1573M) 0.758ms
[2026-04-03T06:54:25.822+0600][51.365s][info][gc,ergo     ] Free: 3028M, Max: 1024K regular, 1236M humongous, Frag: 60% external, 0% internal; Reserve: 197M, Max: 1024K
[2026-04-03T06:54:25.822+0600][51.365s][info][gc,stats    ] 
[2026-04-03T06:54:25.822+0600][51.365s][info][gc,stats    ] All times are wall-clock times, except per-root-class counters, that are sum over
[2026-04-03T06:54:25.822+0600][51.365s][info][gc,stats    ] all workers. Dividing the <total> over the root stage time estimates parallelism.
[2026-04-03T06:54:25.822+0600][51.365s][info][gc,stats    ] 
[2026-04-03T06:54:25.822+0600][51.365s][info][gc,stats    ] Concurrent Reset                   2858 us
[2026-04-03T06:54:25.822+0600][51.365s][info][gc,stats    ] Pause Init Mark (G)                 494 us
[2026-04-03T06:54:25.822+0600][51.365s][info][gc,stats    ] Pause Init Mark (N)                 226 us
[2026-04-03T06:54:25.822+0600][51.365s][info][gc,stats    ]   Update Region States               49 us
[2026-04-03T06:54:25.822+0600][51.365s][info][gc,stats    ] Concurrent Mark Roots              1108 us, parallelism: 1.86x
[2026-04-03T06:54:25.822+0600][51.365s][info][gc,stats    ]   CMR: <total>                     2058 us
[2026-04-03T06:54:25.822+0600][51.365s][info][gc,stats    ]   CMR: Thread Roots                1720 us, workers (us): 392, 683, 645, ---, ---, ---, 
[2026-04-03T06:54:25.822+0600][51.365s][info][gc,stats    ]   CMR: VM Strong Roots               38 us, workers (us):  36,   1,   1, ---, ---, ---, 
[2026-04-03T06:54:25.822+0600][51.365s][info][gc,stats    ]   CMR: CLDG Roots                   300 us, workers (us): 300, ---, ---, ---, ---, ---, 
[2026-04-03T06:54:25.822+0600][51.365s][info][gc,stats    ] Concurrent Marking               361812 us
[2026-04-03T06:54:25.822+0600][51.365s][info][gc,stats    ] Pause Final Mark (G)               1251 us
[2026-04-03T06:54:25.822+0600][51.365s][info][gc,stats    ] Pause Final Mark (N)                874 us
[2026-04-03T06:54:25.822+0600][51.365s][info][gc,stats    ]   Finish Mark                       265 us
[2026-04-03T06:54:25.822+0600][51.365s][info][gc,stats    ]   Update Region States               75 us
[2026-04-03T06:54:25.822+0600][51.365s][info][gc,stats    ]   Choose Collection Set             270 us
[2026-04-03T06:54:25.822+0600][51.365s][info][gc,stats    ]   Rebuild Free Set                   54 us
[2026-04-03T06:54:25.822+0600][51.365s][info][gc,stats    ] Concurrent Thread Roots            1262 us, parallelism: 2.25x
[2026-04-03T06:54:25.822+0600][51.365s][info][gc,stats    ]   CTR: <total>                     2842 us
[2026-04-03T06:54:25.822+0600][51.365s][info][gc,stats    ]   CTR: Thread Roots                2842 us, workers (us): 969, 915, 958, ---, ---, ---, 
[2026-04-03T06:54:25.822+0600][51.365s][info][gc,stats    ] Concurrent Weak References          505 us, parallelism: 0.77x
[2026-04-03T06:54:25.822+0600][51.365s][info][gc,stats    ]   CWRF: <total>                     388 us
[2026-04-03T06:54:25.822+0600][51.365s][info][gc,stats    ]   CWRF: Weak References             388 us, workers (us): 172, 213,   2, ---, ---, ---, 
[2026-04-03T06:54:25.822+0600][51.365s][info][gc,stats    ] Concurrent Weak Roots              3646 us
[2026-04-03T06:54:25.822+0600][51.365s][info][gc,stats    ]   Roots                            3235 us, parallelism: 2.64x
[2026-04-03T06:54:25.822+0600][51.365s][info][gc,stats    ]     CWR: <total>                   8555 us
[2026-04-03T06:54:25.822+0600][51.365s][info][gc,stats    ]     CWR: Code Cache Roots          5580 us, workers (us): 1881, 1753, 1947, ---, ---, ---, 
[2026-04-03T06:54:25.822+0600][51.365s][info][gc,stats    ]     CWR: VM Weak Roots             2740 us, workers (us): 946, 922, 872, ---, ---, ---, 
[2026-04-03T06:54:25.822+0600][51.365s][info][gc,stats    ]     CWR: CLDG Roots                 236 us, workers (us): ---, 236, ---, ---, ---, ---, 
[2026-04-03T06:54:25.822+0600][51.365s][info][gc,stats    ]   Rendezvous                        268 us
[2026-04-03T06:54:25.822+0600][51.365s][info][gc,stats    ] Concurrent Cleanup                  928 us
[2026-04-03T06:54:25.822+0600][51.365s][info][gc,stats    ] Concurrent Class Unloading         8775 us
[2026-04-03T06:54:25.822+0600][51.365s][info][gc,stats    ]   Unlink Stale                     8122 us
[2026-04-03T06:54:25.822+0600][51.365s][info][gc,stats    ]     System Dictionary               153 us
[2026-04-03T06:54:25.822+0600][51.365s][info][gc,stats    ]     Weak Class Links                  1 us
[2026-04-03T06:54:25.822+0600][51.365s][info][gc,stats    ]     Code Roots                     7964 us
[2026-04-03T06:54:25.822+0600][51.365s][info][gc,stats    ]   Rendezvous                        243 us
[2026-04-03T06:54:25.822+0600][51.365s][info][gc,stats    ]   Purge Unlinked                    266 us
[2026-04-03T06:54:25.822+0600][51.365s][info][gc,stats    ]     Code Roots                      255 us
[2026-04-03T06:54:25.822+0600][51.365s][info][gc,stats    ]     CLDG                             10 us
[2026-04-03T06:54:25.822+0600][51.365s][info][gc,stats    ]     Exception Caches                  1 us
[2026-04-03T06:54:25.822+0600][51.365s][info][gc,stats    ] Concurrent Strong Roots             793 us, parallelism: 0.66x
[2026-04-03T06:54:25.822+0600][51.365s][info][gc,stats    ]   CSR: <total>                      521 us
[2026-04-03T06:54:25.822+0600][51.365s][info][gc,stats    ]   CSR: VM Strong Roots               72 us, workers (us):  32,  40,   0, ---, ---, ---, 
[2026-04-03T06:54:25.822+0600][51.365s][info][gc,stats    ]   CSR: CLDG Roots                   449 us, workers (us): 449, ---, ---, ---, ---, ---, 
[2026-04-03T06:54:25.822+0600][51.365s][info][gc,stats    ] Concurrent Evacuation             40681 us
[2026-04-03T06:54:25.822+0600][51.365s][info][gc,stats    ] Pause Init Update Refs (G)          322 us
[2026-04-03T06:54:25.822+0600][51.365s][info][gc,stats    ] Pause Init Update Refs (N)          170 us
[2026-04-03T06:54:25.822+0600][51.365s][info][gc,stats    ]   Manage GCLABs                      38 us
[2026-04-03T06:54:25.822+0600][51.365s][info][gc,stats    ] Concurrent Update Refs           306811 us
[2026-04-03T06:54:25.822+0600][51.365s][info][gc,stats    ] Concurrent Update Thread Roots     1071 us
[2026-04-03T06:54:25.822+0600][51.365s][info][gc,stats    ] Pause Final Update Refs (G)         360 us
[2026-04-03T06:54:25.822+0600][51.365s][info][gc,stats    ] Pause Final Update Refs (N)         259 us
[2026-04-03T06:54:25.822+0600][51.365s][info][gc,stats    ]   Update Region States              103 us
[2026-04-03T06:54:25.822+0600][51.366s][info][gc,stats    ]   Trash Collection Set               14 us
[2026-04-03T06:54:25.822+0600][51.366s][info][gc,stats    ]   Rebuild Free Set                   65 us
[2026-04-03T06:54:25.822+0600][51.366s][info][gc,stats    ] Concurrent Cleanup                  778 us
[2026-04-03T06:54:25.822+0600][51.366s][info][gc,stats    ] 
[2026-04-03T06:54:25.822+0600][51.366s][info][gc,stats    ] Allocation pacing accrued:
[2026-04-03T06:54:25.822+0600][51.366s][info][gc,stats    ]       0 of  1815 ms (  0.0%): <total>
[2026-04-03T06:54:25.823+0600][51.366s][info][gc,stats    ]       0 of  1815 ms (  0.0%): <average total>
[2026-04-03T06:54:25.823+0600][51.366s][info][gc,stats    ] 
[2026-04-03T06:54:25.823+0600][51.366s][info][gc,metaspace] Metaspace: 73124K(73920K)->73125K(73920K) NonClass: 63826K(64256K)->63827K(64256K) Class: 9297K(9664K)->9297K(9664K)
[2026-04-03T06:54:25.823+0600][51.366s][info][gc,ergo     ] Pacer for Idle. Initial: 80302K, Alloc Tax Rate: 1.0x
[2026-04-03T06:54:26.114+0600][51.657s][info][gc          ] Trigger: Learning 5 of 5. Free (2744M) is below initial threshold (2744M)
[2026-04-03T06:54:26.114+0600][51.657s][info][gc,ergo     ] Free: 2743M, Max: 1024K regular, 1236M humongous, Frag: 55% external, 0% internal; Reserve: 197M, Max: 1024K
[2026-04-03T06:54:26.114+0600][51.657s][info][gc,start    ] GC(20) Concurrent reset
[2026-04-03T06:54:26.114+0600][51.657s][info][gc,task     ] GC(20) Using 3 of 6 workers for concurrent reset
[2026-04-03T06:54:26.114+0600][51.657s][info][gc,ergo     ] GC(20) Pacer for Reset. Non-Taxable: 3921M
[2026-04-03T06:54:26.116+0600][51.659s][info][gc          ] GC(20) Concurrent reset 1.923ms
[2026-04-03T06:54:26.116+0600][51.659s][info][gc,start    ] GC(20) Pause Init Mark (unload classes)
[2026-04-03T06:54:26.116+0600][51.659s][info][gc,task     ] GC(20) Using 6 of 6 workers for init marking
[2026-04-03T06:54:26.116+0600][51.660s][info][gc,ergo     ] GC(20) Pacer for Mark. Expected Live: 222M, Free: 2743M, Non-Taxable: 274M, Alloc Tax Rate: 0.1x
[2026-04-03T06:54:26.116+0600][51.660s][info][gc          ] GC(20) Pause Init Mark (unload classes) 0.274ms
[2026-04-03T06:54:26.117+0600][51.660s][info][gc,start    ] GC(20) Concurrent marking roots
[2026-04-03T06:54:26.117+0600][51.660s][info][gc,task     ] GC(20) Using 3 of 6 workers for concurrent marking roots
[2026-04-03T06:54:26.118+0600][51.661s][info][gc          ] GC(20) Concurrent marking roots 1.430ms
[2026-04-03T06:54:26.118+0600][51.661s][info][gc,start    ] GC(20) Concurrent marking (unload classes)
[2026-04-03T06:54:26.118+0600][51.661s][info][gc,task     ] GC(20) Using 3 of 6 workers for concurrent marking
[2026-04-03T06:54:26.572+0600][52.115s][info][gc          ] GC(20) Concurrent marking (unload classes) 453.958ms
[2026-04-03T06:54:26.572+0600][52.116s][info][gc,start    ] GC(20) Pause Final Mark (unload classes)
[2026-04-03T06:54:26.573+0600][52.116s][info][gc,task     ] GC(20) Using 6 of 6 workers for final marking
[2026-04-03T06:54:26.573+0600][52.116s][info][gc,ergo     ] GC(20) Adaptive CSet Selection. Target Free: 555M, Actual Free: 2695M, Max CSet: 163M, Min Garbage: 0B
[2026-04-03T06:54:26.573+0600][52.117s][info][gc,ergo     ] GC(20) Collectable Garbage: 669M (99%), Immediate: 30720K (4%), CSet: 639M (94%)
[2026-04-03T06:54:26.574+0600][52.117s][info][gc,ergo     ] GC(20) Pacer for Evacuation. Used CSet: 735M, Free: 2514M, Non-Taxable: 251M, Alloc Tax Rate: 1.1x
[2026-04-03T06:54:26.574+0600][52.117s][info][gc          ] GC(20) Pause Final Mark (unload classes) 1.146ms
[2026-04-03T06:54:26.574+0600][52.117s][info][gc,start    ] GC(20) Concurrent thread roots
[2026-04-03T06:54:26.574+0600][52.117s][info][gc,task     ] GC(20) Using 3 of 6 workers for Concurrent thread roots
[2026-04-03T06:54:26.575+0600][52.118s][info][gc          ] GC(20) Concurrent thread roots 1.237ms
[2026-04-03T06:54:26.575+0600][52.118s][info][gc,start    ] GC(20) Concurrent weak references
[2026-04-03T06:54:26.575+0600][52.118s][info][gc,task     ] GC(20) Using 3 of 6 workers for concurrent weak references
[2026-04-03T06:54:26.576+0600][52.119s][info][gc,ref      ] GC(20) Encountered references: Soft: 3284, Weak: 6488, Final: 84, Phantom: 600
[2026-04-03T06:54:26.576+0600][52.119s][info][gc,ref      ] GC(20) Discovered  references: Soft: 0, Weak: 2582, Final: 50, Phantom: 597
[2026-04-03T06:54:26.576+0600][52.119s][info][gc,ref      ] GC(20) Enqueued    references: Soft: 0, Weak: 79, Final: 0, Phantom: 0
[2026-04-03T06:54:26.576+0600][52.119s][info][gc          ] GC(20) Concurrent weak references 0.708ms
[2026-04-03T06:54:26.576+0600][52.119s][info][gc,start    ] GC(20) Concurrent weak roots
[2026-04-03T06:54:26.576+0600][52.119s][info][gc,task     ] GC(20) Using 3 of 6 workers for concurrent weak root
[2026-04-03T06:54:26.579+0600][52.122s][info][gc          ] GC(20) Concurrent weak roots 3.179ms
[2026-04-03T06:54:26.579+0600][52.122s][info][gc,start    ] GC(20) Concurrent cleanup
[2026-04-03T06:54:26.579+0600][52.122s][info][gc          ] GC(20) Concurrent cleanup 1235M->1205M(1573M) 0.337ms
[2026-04-03T06:54:26.579+0600][52.123s][info][gc,ergo     ] GC(20) Free: 2511M, Max: 1024K regular, 1073M humongous, Frag: 58% external, 0% internal; Reserve: 196M, Max: 1024K
[2026-04-03T06:54:26.579+0600][52.123s][info][gc,start    ] GC(20) Concurrent class unloading
[2026-04-03T06:54:26.580+0600][52.123s][info][gc,task     ] GC(20) Using 3 of 6 workers for concurrent class unloading
[2026-04-03T06:54:26.587+0600][52.130s][info][gc          ] GC(20) Concurrent class unloading 7.906ms
[2026-04-03T06:54:26.588+0600][52.131s][info][gc,start    ] GC(20) Concurrent strong roots
[2026-04-03T06:54:26.588+0600][52.131s][info][gc,task     ] GC(20) Using 3 of 6 workers for concurrent strong root
[2026-04-03T06:54:26.589+0600][52.132s][info][gc          ] GC(20) Concurrent strong roots 1.164ms
[2026-04-03T06:54:26.589+0600][52.132s][info][gc,start    ] GC(20) Concurrent evacuation
[2026-04-03T06:54:26.589+0600][52.132s][info][gc,task     ] GC(20) Using 3 of 6 workers for concurrent evacuation
[2026-04-03T06:54:26.681+0600][52.224s][info][gc          ] GC(20) Concurrent evacuation 92.269ms
[2026-04-03T06:54:26.682+0600][52.225s][info][gc,start    ] GC(20) Pause Init Update Refs
[2026-04-03T06:54:26.682+0600][52.225s][info][gc,ergo     ] GC(20) Pacer for Update Refs. Used: 1358M, Free: 2456M, Non-Taxable: 245M, Alloc Tax Rate: 1.1x
[2026-04-03T06:54:26.682+0600][52.225s][info][gc          ] GC(20) Pause Init Update Refs 0.259ms
[2026-04-03T06:54:26.682+0600][52.225s][info][gc,start    ] GC(20) Concurrent update references
[2026-04-03T06:54:26.682+0600][52.225s][info][gc,task     ] GC(20) Using 3 of 6 workers for concurrent reference update
[2026-04-03T06:54:26.999+0600][52.542s][info][gc          ] GC(20) Concurrent update references 316.794ms
[2026-04-03T06:54:26.999+0600][52.542s][info][gc,start    ] GC(20) Concurrent update thread roots
[2026-04-03T06:54:27.000+0600][52.543s][info][gc          ] GC(20) Concurrent update thread roots 1.144ms
[2026-04-03T06:54:27.000+0600][52.543s][info][gc,start    ] GC(20) Pause Final Update Refs
[2026-04-03T06:54:27.000+0600][52.543s][info][gc,task     ] GC(20) Using 6 of 6 workers for final reference update
[2026-04-03T06:54:27.001+0600][52.544s][info][gc          ] GC(20) Pause Final Update Refs 0.256ms
[2026-04-03T06:54:27.001+0600][52.544s][info][gc,start    ] GC(20) Concurrent cleanup
[2026-04-03T06:54:27.001+0600][52.545s][info][gc          ] GC(20) Concurrent cleanup 1556M->821M(1584M) 0.824ms
[2026-04-03T06:54:27.002+0600][52.545s][info][gc,ergo     ] Free: 2895M, Max: 1024K regular, 967M humongous, Frag: 67% external, 0% internal; Reserve: 197M, Max: 1024K
[2026-04-03T06:54:27.002+0600][52.545s][info][gc,stats    ] 
[2026-04-03T06:54:27.002+0600][52.545s][info][gc,stats    ] All times are wall-clock times, except per-root-class counters, that are sum over
[2026-04-03T06:54:27.002+0600][52.545s][info][gc,stats    ] all workers. Dividing the <total> over the root stage time estimates parallelism.
[2026-04-03T06:54:27.002+0600][52.545s][info][gc,stats    ] 
[2026-04-03T06:54:27.002+0600][52.545s][info][gc,stats    ] Concurrent Reset                   2030 us
[2026-04-03T06:54:27.002+0600][52.545s][info][gc,stats    ] Pause Init Mark (G)                 631 us
[2026-04-03T06:54:27.002+0600][52.545s][info][gc,stats    ] Pause Init Mark (N)                 288 us
[2026-04-03T06:54:27.002+0600][52.545s][info][gc,stats    ]   Update Region States               52 us
[2026-04-03T06:54:27.002+0600][52.545s][info][gc,stats    ] Concurrent Mark Roots              1532 us, parallelism: 1.83x
[2026-04-03T06:54:27.002+0600][52.545s][info][gc,stats    ]   CMR: <total>                     2809 us
[2026-04-03T06:54:27.002+0600][52.545s][info][gc,stats    ]   CMR: Thread Roots                2528 us, workers (us): 702, 933, 893, ---, ---, ---, 
[2026-04-03T06:54:27.002+0600][52.545s][info][gc,stats    ]   CMR: VM Strong Roots               44 us, workers (us):  22,  20,   1, ---, ---, ---, 
[2026-04-03T06:54:27.002+0600][52.545s][info][gc,stats    ]   CMR: CLDG Roots                   237 us, workers (us): 237, ---, ---, ---, ---, ---, 
[2026-04-03T06:54:27.002+0600][52.545s][info][gc,stats    ] Concurrent Marking               454146 us
[2026-04-03T06:54:27.002+0600][52.545s][info][gc,stats    ] Pause Final Mark (G)               1433 us
[2026-04-03T06:54:27.002+0600][52.545s][info][gc,stats    ] Pause Final Mark (N)               1162 us
[2026-04-03T06:54:27.002+0600][52.545s][info][gc,stats    ]   Finish Mark                       264 us
[2026-04-03T06:54:27.002+0600][52.545s][info][gc,stats    ]   Update Region States               77 us
[2026-04-03T06:54:27.002+0600][52.545s][info][gc,stats    ]   Choose Collection Set             451 us
[2026-04-03T06:54:27.002+0600][52.545s][info][gc,stats    ]   Rebuild Free Set                   51 us
[2026-04-03T06:54:27.002+0600][52.545s][info][gc,stats    ] Concurrent Thread Roots            1292 us, parallelism: 2.08x
[2026-04-03T06:54:27.002+0600][52.545s][info][gc,stats    ]   CTR: <total>                     2682 us
[2026-04-03T06:54:27.002+0600][52.545s][info][gc,stats    ]   CTR: Thread Roots                2682 us, workers (us): 844, 965, 874, ---, ---, ---, 
[2026-04-03T06:54:27.002+0600][52.545s][info][gc,stats    ] Concurrent Weak References          730 us, parallelism: 0.75x
[2026-04-03T06:54:27.002+0600][52.545s][info][gc,stats    ]   CWRF: <total>                     549 us
[2026-04-03T06:54:27.002+0600][52.545s][info][gc,stats    ]   CWRF: Weak References             549 us, workers (us): 418, 129,   2, ---, ---, ---, 
[2026-04-03T06:54:27.002+0600][52.545s][info][gc,stats    ] Concurrent Weak Roots              3285 us
[2026-04-03T06:54:27.002+0600][52.545s][info][gc,stats    ]   Roots                            2812 us, parallelism: 2.57x
[2026-04-03T06:54:27.002+0600][52.545s][info][gc,stats    ]     CWR: <total>                   7214 us
[2026-04-03T06:54:27.002+0600][52.545s][info][gc,stats    ]     CWR: Code Cache Roots          4885 us, workers (us): 1503, 1713, 1669, ---, ---, ---, 
[2026-04-03T06:54:27.002+0600][52.545s][info][gc,stats    ]     CWR: VM Weak Roots             2146 us, workers (us): 719, 718, 709, ---, ---, ---, 
[2026-04-03T06:54:27.002+0600][52.545s][info][gc,stats    ]     CWR: CLDG Roots                 183 us, workers (us): 183, ---, ---, ---, ---, ---, 
[2026-04-03T06:54:27.002+0600][52.545s][info][gc,stats    ]   Rendezvous                        319 us
[2026-04-03T06:54:27.002+0600][52.545s][info][gc,stats    ] Concurrent Cleanup                  375 us
[2026-04-03T06:54:27.002+0600][52.545s][info][gc,stats    ] Concurrent Class Unloading         8051 us
[2026-04-03T06:54:27.002+0600][52.545s][info][gc,stats    ]   Unlink Stale                     7456 us
[2026-04-03T06:54:27.002+0600][52.545s][info][gc,stats    ]     System Dictionary               170 us
[2026-04-03T06:54:27.002+0600][52.545s][info][gc,stats    ]     Weak Class Links                  1 us
[2026-04-03T06:54:27.002+0600][52.545s][info][gc,stats    ]     Code Roots                     7279 us
[2026-04-03T06:54:27.002+0600][52.545s][info][gc,stats    ]   Rendezvous                        378 us
[2026-04-03T06:54:27.002+0600][52.545s][info][gc,stats    ]   Purge Unlinked                     18 us
[2026-04-03T06:54:27.002+0600][52.545s][info][gc,stats    ]     Code Roots                        5 us
[2026-04-03T06:54:27.002+0600][52.545s][info][gc,stats    ]     CLDG                             11 us
[2026-04-03T06:54:27.002+0600][52.545s][info][gc,stats    ]     Exception Caches                  1 us
[2026-04-03T06:54:27.002+0600][52.545s][info][gc,stats    ] Concurrent Strong Roots            1311 us, parallelism: 0.53x
[2026-04-03T06:54:27.002+0600][52.545s][info][gc,stats    ]   CSR: <total>                      695 us
[2026-04-03T06:54:27.002+0600][52.545s][info][gc,stats    ]   CSR: VM Strong Roots               65 us, workers (us):  23,  26,  16, ---, ---, ---, 
[2026-04-03T06:54:27.002+0600][52.545s][info][gc,stats    ]   CSR: CLDG Roots                   630 us, workers (us): 630, ---, ---, ---, ---, ---, 
[2026-04-03T06:54:27.002+0600][52.545s][info][gc,stats    ] Concurrent Evacuation             92451 us
[2026-04-03T06:54:27.002+0600][52.545s][info][gc,stats    ] Pause Init Update Refs (G)          595 us
[2026-04-03T06:54:27.002+0600][52.545s][info][gc,stats    ] Pause Init Update Refs (N)          277 us
[2026-04-03T06:54:27.002+0600][52.545s][info][gc,stats    ]   Manage GCLABs                      64 us
[2026-04-03T06:54:27.002+0600][52.545s][info][gc,stats    ] Concurrent Update Refs           316923 us
[2026-04-03T06:54:27.002+0600][52.545s][info][gc,stats    ] Concurrent Update Thread Roots     1239 us
[2026-04-03T06:54:27.002+0600][52.545s][info][gc,stats    ] Pause Final Update Refs (G)         533 us
[2026-04-03T06:54:27.002+0600][52.545s][info][gc,stats    ] Pause Final Update Refs (N)         281 us
[2026-04-03T06:54:27.002+0600][52.545s][info][gc,stats    ]   Update Region States               64 us
[2026-04-03T06:54:27.002+0600][52.545s][info][gc,stats    ]   Trash Collection Set               16 us
[2026-04-03T06:54:27.002+0600][52.545s][info][gc,stats    ]   Rebuild Free Set                   45 us
[2026-04-03T06:54:27.002+0600][52.545s][info][gc,stats    ] Concurrent Cleanup                  854 us
[2026-04-03T06:54:27.002+0600][52.545s][info][gc,stats    ] 
[2026-04-03T06:54:27.002+0600][52.545s][info][gc,stats    ] Allocation pacing accrued:
[2026-04-03T06:54:27.002+0600][52.545s][info][gc,stats    ]       0 of  1180 ms (  0.0%): <total>
[2026-04-03T06:54:27.002+0600][52.545s][info][gc,stats    ]       0 of  1180 ms (  0.0%): <average total>
[2026-04-03T06:54:27.002+0600][52.545s][info][gc,stats    ] 
[2026-04-03T06:54:27.002+0600][52.545s][info][gc,metaspace] Metaspace: 73125K(73920K)->73125K(73920K) NonClass: 63827K(64256K)->63827K(64256K) Class: 9297K(9664K)->9297K(9664K)
[2026-04-03T06:54:27.002+0600][52.545s][info][gc,ergo     ] Pacer for Idle. Initial: 80302K, Alloc Tax Rate: 1.0x
[2026-04-03T06:54:30.123+0600][55.666s][info][gc          ] Trigger: Average GC time (1132.89 ms) is above the time for average allocation rate (1077 MB/s) to deplete free headroom (1165M) (margin of error = 1.82)
[2026-04-03T06:54:30.123+0600][55.666s][info][gc,ergo     ] Free headroom: 1361M (free) - 196M (spike) - 0B (penalties) = 1165M
[2026-04-03T06:54:30.123+0600][55.666s][info][gc,ergo     ] Free: 1361M, Max: 1024K regular, 967M humongous, Frag: 29% external, 0% internal; Reserve: 197M, Max: 1024K
[2026-04-03T06:54:30.123+0600][55.666s][info][gc,start    ] GC(21) Concurrent reset
[2026-04-03T06:54:30.123+0600][55.666s][info][gc,task     ] GC(21) Using 3 of 6 workers for concurrent reset
[2026-04-03T06:54:30.123+0600][55.666s][info][gc,ergo     ] GC(21) Pacer for Reset. Non-Taxable: 3921M
[2026-04-03T06:54:30.125+0600][55.668s][info][gc          ] GC(21) Concurrent reset 2.273ms
[2026-04-03T06:54:30.125+0600][55.668s][info][gc,start    ] GC(21) Pause Init Mark (unload classes)
[2026-04-03T06:54:30.125+0600][55.668s][info][gc,task     ] GC(21) Using 6 of 6 workers for init marking
[2026-04-03T06:54:30.125+0600][55.668s][info][gc,ergo     ] GC(21) Pacer for Mark. Expected Live: 244M, Free: 1358M, Non-Taxable: 135M, Alloc Tax Rate: 0.2x
[2026-04-03T06:54:30.125+0600][55.668s][info][gc          ] GC(21) Pause Init Mark (unload classes) 0.174ms
[2026-04-03T06:54:30.125+0600][55.668s][info][gc,start    ] GC(21) Concurrent marking roots
[2026-04-03T06:54:30.125+0600][55.668s][info][gc,task     ] GC(21) Using 3 of 6 workers for concurrent marking roots
[2026-04-03T06:54:30.127+0600][55.670s][info][gc          ] GC(21) Concurrent marking roots 1.139ms
[2026-04-03T06:54:30.127+0600][55.670s][info][gc,start    ] GC(21) Concurrent marking (unload classes)
[2026-04-03T06:54:30.127+0600][55.670s][info][gc,task     ] GC(21) Using 3 of 6 workers for concurrent marking
[2026-04-03T06:54:30.471+0600][56.014s][info][gc          ] GC(21) Concurrent marking (unload classes) 344.030ms
[2026-04-03T06:54:30.471+0600][56.014s][info][gc,start    ] GC(21) Pause Final Mark (unload classes)
[2026-04-03T06:54:30.471+0600][56.014s][info][gc,task     ] GC(21) Using 6 of 6 workers for final marking
[2026-04-03T06:54:30.472+0600][56.015s][info][gc,ergo     ] GC(21) Adaptive CSet Selection. Target Free: 555M, Actual Free: 3165M, Max CSet: 163M, Min Garbage: 0B
[2026-04-03T06:54:30.472+0600][56.015s][info][gc,ergo     ] GC(21) Collectable Garbage: 2091M (99%), Immediate: 1692M (80%), CSet: 398M (19%)
[2026-04-03T06:54:30.472+0600][56.015s][info][gc,ergo     ] GC(21) Pacer for Evacuation. Used CSet: 452M, Free: 3031M, Non-Taxable: 303M, Alloc Tax Rate: 1.1x
[2026-04-03T06:54:30.472+0600][56.015s][info][gc          ] GC(21) Pause Final Mark (unload classes) 1.456ms
[2026-04-03T06:54:30.473+0600][56.016s][info][gc,start    ] GC(21) Concurrent thread roots
[2026-04-03T06:54:30.473+0600][56.016s][info][gc,task     ] GC(21) Using 3 of 6 workers for Concurrent thread roots
[2026-04-03T06:54:30.474+0600][56.017s][info][gc          ] GC(21) Concurrent thread roots 1.248ms
[2026-04-03T06:54:30.474+0600][56.017s][info][gc,start    ] GC(21) Concurrent weak references
[2026-04-03T06:54:30.474+0600][56.017s][info][gc,task     ] GC(21) Using 3 of 6 workers for concurrent weak references
[2026-04-03T06:54:30.475+0600][56.018s][info][gc,ref      ] GC(21) Encountered references: Soft: 3341, Weak: 6957, Final: 84, Phantom: 603
[2026-04-03T06:54:30.475+0600][56.018s][info][gc,ref      ] GC(21) Discovered  references: Soft: 0, Weak: 3727, Final: 48, Phantom: 600
[2026-04-03T06:54:30.475+0600][56.018s][info][gc,ref      ] GC(21) Enqueued    references: Soft: 0, Weak: 378, Final: 0, Phantom: 0
[2026-04-03T06:54:30.475+0600][56.018s][info][gc          ] GC(21) Concurrent weak references 1.177ms
[2026-04-03T06:54:30.475+0600][56.018s][info][gc,start    ] GC(21) Concurrent weak roots
[2026-04-03T06:54:30.475+0600][56.018s][info][gc,task     ] GC(21) Using 3 of 6 workers for concurrent weak root
[2026-04-03T06:54:30.479+0600][56.022s][info][gc          ] GC(21) Concurrent weak roots 4.040ms
[2026-04-03T06:54:30.479+0600][56.022s][info][gc,start    ] GC(21) Concurrent cleanup
[2026-04-03T06:54:30.480+0600][56.023s][info][gc          ] GC(21) Concurrent cleanup 2383M->693M(2493M) 0.949ms
[2026-04-03T06:54:30.480+0600][56.023s][info][gc,ergo     ] GC(21) Free: 3029M, Max: 1024K regular, 1078M humongous, Frag: 65% external, 0% internal; Reserve: 193M, Max: 1024K
[2026-04-03T06:54:30.480+0600][56.023s][info][gc,start    ] GC(21) Concurrent class unloading
[2026-04-03T06:54:30.480+0600][56.023s][info][gc,task     ] GC(21) Using 3 of 6 workers for concurrent class unloading
[2026-04-03T06:54:30.509+0600][56.052s][info][gc          ] GC(21) Concurrent class unloading 28.901ms
[2026-04-03T06:54:30.509+0600][56.052s][info][gc,start    ] GC(21) Concurrent strong roots
[2026-04-03T06:54:30.509+0600][56.053s][info][gc,task     ] GC(21) Using 3 of 6 workers for concurrent strong root
[2026-04-03T06:54:30.511+0600][56.054s][info][gc          ] GC(21) Concurrent strong roots 1.077ms
[2026-04-03T06:54:30.511+0600][56.054s][info][gc,start    ] GC(21) Concurrent evacuation
[2026-04-03T06:54:30.511+0600][56.054s][info][gc,task     ] GC(21) Using 3 of 6 workers for concurrent evacuation
[2026-04-03T06:54:30.560+0600][56.103s][info][gc          ] GC(21) Concurrent evacuation 49.602ms
[2026-04-03T06:54:30.561+0600][56.104s][info][gc,start    ] GC(21) Pause Init Update Refs
[2026-04-03T06:54:30.561+0600][56.104s][info][gc,ergo     ] GC(21) Pacer for Update Refs. Used: 767M, Free: 3009M, Non-Taxable: 300M, Alloc Tax Rate: 1.1x
[2026-04-03T06:54:30.561+0600][56.104s][info][gc          ] GC(21) Pause Init Update Refs 0.251ms
[2026-04-03T06:54:30.561+0600][56.104s][info][gc,start    ] GC(21) Concurrent update references
[2026-04-03T06:54:30.561+0600][56.104s][info][gc,task     ] GC(21) Using 3 of 6 workers for concurrent reference update
[2026-04-03T06:54:30.747+0600][56.290s][info][gc          ] GC(21) Concurrent update references 186.292ms
[2026-04-03T06:54:30.747+0600][56.290s][info][gc,start    ] GC(21) Concurrent update thread roots
[2026-04-03T06:54:30.749+0600][56.292s][info][gc          ] GC(21) Concurrent update thread roots 1.712ms
[2026-04-03T06:54:30.749+0600][56.292s][info][gc,start    ] GC(21) Pause Final Update Refs
[2026-04-03T06:54:30.749+0600][56.292s][info][gc,task     ] GC(21) Using 6 of 6 workers for final reference update
[2026-04-03T06:54:30.750+0600][56.293s][info][gc          ] GC(21) Pause Final Update Refs 0.270ms
[2026-04-03T06:54:30.750+0600][56.293s][info][gc,start    ] GC(21) Concurrent cleanup
[2026-04-03T06:54:30.751+0600][56.294s][info][gc          ] GC(21) Concurrent cleanup 799M->347M(2493M) 0.888ms
[2026-04-03T06:54:30.751+0600][56.294s][info][gc,ergo     ] Free: 3367M, Max: 1024K regular, 1736M humongous, Frag: 49% external, 0% internal; Reserve: 197M, Max: 1024K
[2026-04-03T06:54:30.751+0600][56.294s][info][gc,stats    ] 
[2026-04-03T06:54:30.751+0600][56.294s][info][gc,stats    ] All times are wall-clock times, except per-root-class counters, that are sum over
[2026-04-03T06:54:30.751+0600][56.294s][info][gc,stats    ] all workers. Dividing the <total> over the root stage time estimates parallelism.
[2026-04-03T06:54:30.751+0600][56.294s][info][gc,stats    ] 
[2026-04-03T06:54:30.751+0600][56.294s][info][gc,stats    ] Concurrent Reset                   2356 us
[2026-04-03T06:54:30.751+0600][56.294s][info][gc,stats    ] Pause Init Mark (G)                 341 us
[2026-04-03T06:54:30.751+0600][56.294s][info][gc,stats    ] Pause Init Mark (N)                 185 us
[2026-04-03T06:54:30.751+0600][56.294s][info][gc,stats    ]   Update Region States               41 us
[2026-04-03T06:54:30.751+0600][56.294s][info][gc,stats    ] Concurrent Mark Roots              1188 us, parallelism: 1.97x
[2026-04-03T06:54:30.751+0600][56.294s][info][gc,stats    ]   CMR: <total>                     2336 us
[2026-04-03T06:54:30.751+0600][56.294s][info][gc,stats    ]   CMR: Thread Roots                2126 us, workers (us): 601, 770, 755, ---, ---, ---, 
[2026-04-03T06:54:30.751+0600][56.294s][info][gc,stats    ]   CMR: VM Strong Roots               31 us, workers (us):  26,   4,   0, ---, ---, ---, 
[2026-04-03T06:54:30.751+0600][56.294s][info][gc,stats    ]   CMR: CLDG Roots                   180 us, workers (us): 180, ---, ---, ---, ---, ---, 
[2026-04-03T06:54:30.751+0600][56.294s][info][gc,stats    ] Concurrent Marking               344189 us
[2026-04-03T06:54:30.751+0600][56.294s][info][gc,stats    ] Pause Final Mark (G)               1797 us
[2026-04-03T06:54:30.751+0600][56.294s][info][gc,stats    ] Pause Final Mark (N)               1477 us
[2026-04-03T06:54:30.751+0600][56.294s][info][gc,stats    ]   Finish Mark                       621 us
[2026-04-03T06:54:30.751+0600][56.294s][info][gc,stats    ]   Update Region States               91 us
[2026-04-03T06:54:30.751+0600][56.294s][info][gc,stats    ]   Choose Collection Set             409 us
[2026-04-03T06:54:30.751+0600][56.294s][info][gc,stats    ]   Rebuild Free Set                   65 us
[2026-04-03T06:54:30.751+0600][56.294s][info][gc,stats    ] Concurrent Thread Roots            1304 us, parallelism: 2.13x
[2026-04-03T06:54:30.751+0600][56.294s][info][gc,stats    ]   CTR: <total>                     2772 us
[2026-04-03T06:54:30.751+0600][56.294s][info][gc,stats    ]   CTR: Thread Roots                2772 us, workers (us): 961, 927, 885, ---, ---, ---, 
[2026-04-03T06:54:30.751+0600][56.294s][info][gc,stats    ] Concurrent Weak References         1203 us, parallelism: 0.84x
[2026-04-03T06:54:30.751+0600][56.294s][info][gc,stats    ]   CWRF: <total>                    1010 us
[2026-04-03T06:54:30.751+0600][56.294s][info][gc,stats    ]   CWRF: Weak References            1010 us, workers (us):  73, 826, 112, ---, ---, ---, 
[2026-04-03T06:54:30.751+0600][56.294s][info][gc,stats    ] Concurrent Weak Roots              4206 us
[2026-04-03T06:54:30.751+0600][56.294s][info][gc,stats    ]   Roots                            3624 us, parallelism: 2.58x
[2026-04-03T06:54:30.751+0600][56.294s][info][gc,stats    ]     CWR: <total>                   9362 us
[2026-04-03T06:54:30.751+0600][56.294s][info][gc,stats    ]     CWR: Code Cache Roots          6428 us, workers (us): 2240, 2011, 2178, ---, ---, ---, 
[2026-04-03T06:54:30.751+0600][56.294s][info][gc,stats    ]     CWR: VM Weak Roots             2829 us, workers (us): 1005, 941, 884, ---, ---, ---, 
[2026-04-03T06:54:30.751+0600][56.294s][info][gc,stats    ]     CWR: CLDG Roots                 105 us, workers (us): ---, 105, ---, ---, ---, ---, 
[2026-04-03T06:54:30.751+0600][56.294s][info][gc,stats    ]   Rendezvous                        371 us
[2026-04-03T06:54:30.751+0600][56.294s][info][gc,stats    ] Concurrent Cleanup                 1010 us
[2026-04-03T06:54:30.751+0600][56.294s][info][gc,stats    ] Concurrent Class Unloading        29046 us
[2026-04-03T06:54:30.751+0600][56.294s][info][gc,stats    ]   Unlink Stale                    27612 us
[2026-04-03T06:54:30.751+0600][56.294s][info][gc,stats    ]     System Dictionary               488 us
[2026-04-03T06:54:30.751+0600][56.294s][info][gc,stats    ]     Weak Class Links              17524 us
[2026-04-03T06:54:30.751+0600][56.294s][info][gc,stats    ]     Code Roots                     9592 us
[2026-04-03T06:54:30.751+0600][56.294s][info][gc,stats    ]   Rendezvous                        424 us
[2026-04-03T06:54:30.751+0600][56.294s][info][gc,stats    ]   Purge Unlinked                    809 us
[2026-04-03T06:54:30.751+0600][56.294s][info][gc,stats    ]     Code Roots                      765 us
[2026-04-03T06:54:30.751+0600][56.294s][info][gc,stats    ]     CLDG                             42 us
[2026-04-03T06:54:30.751+0600][56.294s][info][gc,stats    ]     Exception Caches                  1 us
[2026-04-03T06:54:30.751+0600][56.294s][info][gc,stats    ] Concurrent Strong Roots            1162 us, parallelism: 0.62x
[2026-04-03T06:54:30.751+0600][56.294s][info][gc,stats    ]   CSR: <total>                      718 us
[2026-04-03T06:54:30.751+0600][56.294s][info][gc,stats    ]   CSR: VM Strong Roots               76 us, workers (us):  27,  27,  22, ---, ---, ---, 
[2026-04-03T06:54:30.751+0600][56.294s][info][gc,stats    ]   CSR: CLDG Roots                   643 us, workers (us): 643, ---, ---, ---, ---, ---, 
[2026-04-03T06:54:30.751+0600][56.294s][info][gc,stats    ] Concurrent Evacuation             49805 us
[2026-04-03T06:54:30.751+0600][56.294s][info][gc,stats    ] Pause Init Update Refs (G)          565 us
[2026-04-03T06:54:30.751+0600][56.294s][info][gc,stats    ] Pause Init Update Refs (N)          266 us
[2026-04-03T06:54:30.751+0600][56.294s][info][gc,stats    ]   Manage GCLABs                      25 us
[2026-04-03T06:54:30.751+0600][56.294s][info][gc,stats    ] Concurrent Update Refs           186425 us
[2026-04-03T06:54:30.751+0600][56.294s][info][gc,stats    ] Concurrent Update Thread Roots     1811 us
[2026-04-03T06:54:30.751+0600][56.294s][info][gc,stats    ] Pause Final Update Refs (G)         536 us
[2026-04-03T06:54:30.751+0600][56.294s][info][gc,stats    ] Pause Final Update Refs (N)         294 us
[2026-04-03T06:54:30.751+0600][56.294s][info][gc,stats    ]   Update Region States               97 us
[2026-04-03T06:54:30.751+0600][56.294s][info][gc,stats    ]   Trash Collection Set               14 us
[2026-04-03T06:54:30.751+0600][56.294s][info][gc,stats    ]   Rebuild Free Set                   46 us
[2026-04-03T06:54:30.751+0600][56.294s][info][gc,stats    ] Concurrent Cleanup                  927 us
[2026-04-03T06:54:30.751+0600][56.294s][info][gc,stats    ] 
[2026-04-03T06:54:30.751+0600][56.294s][info][gc,stats    ] Allocation pacing accrued:
[2026-04-03T06:54:30.751+0600][56.294s][info][gc,stats    ]       0 of  3749 ms (  0.0%): <total>
[2026-04-03T06:54:30.751+0600][56.295s][info][gc,stats    ]       0 of  3749 ms (  0.0%): <average total>
[2026-04-03T06:54:30.751+0600][56.295s][info][gc,stats    ] 
[2026-04-03T06:54:30.751+0600][56.295s][info][gc,metaspace] Metaspace: 73311K(74176K)->73321K(74176K) NonClass: 64002K(64512K)->64014K(64512K) Class: 9308K(9664K)->9307K(9664K)
[2026-04-03T06:54:30.752+0600][56.295s][info][gc,ergo     ] Pacer for Idle. Initial: 80302K, Alloc Tax Rate: 1.0x
[2026-04-03T06:54:32.436+0600][57.979s][info][gc          ] Cancelling GC: Stopping VM
[2026-04-03T06:54:32.437+0600][57.980s][info][gc,heap,exit] Heap
[2026-04-03T06:54:32.437+0600][57.980s][info][gc,heap,exit] Shenandoah Heap
[2026-04-03T06:54:32.437+0600][57.980s][info][gc,heap,exit]  3921M max, 3921M soft max, 2493M committed, 1531M used
[2026-04-03T06:54:32.437+0600][57.980s][info][gc,heap,exit]  3921 x 1024K regions
[2026-04-03T06:54:32.437+0600][57.980s][info][gc,heap,exit] Status: cancelled
[2026-04-03T06:54:32.437+0600][57.980s][info][gc,heap,exit] Reserved region:
[2026-04-03T06:54:32.437+0600][57.980s][info][gc,heap,exit]  - [0x000000070af00000, 0x0000000800000000) 
[2026-04-03T06:54:32.437+0600][57.980s][info][gc,heap,exit] Collection set:
[2026-04-03T06:54:32.437+0600][57.980s][info][gc,heap,exit]  - map (vanilla): 0x00000000000170af
[2026-04-03T06:54:32.437+0600][57.980s][info][gc,heap,exit]  - map (biased):  0x0000000000010000
[2026-04-03T06:54:32.437+0600][57.980s][info][gc,heap,exit] 
[2026-04-03T06:54:32.437+0600][57.980s][info][gc,heap,exit]  Metaspace       used 74126K, committed 74880K, reserved 1179648K
[2026-04-03T06:54:32.437+0600][57.980s][info][gc,heap,exit]   class space    used 9507K, committed 9856K, reserved 1048576K
[2026-04-03T06:54:32.437+0600][57.980s][info][gc,stats    ] 
[2026-04-03T06:54:32.437+0600][57.980s][info][gc,stats    ] GC STATISTICS:
[2026-04-03T06:54:32.437+0600][57.980s][info][gc,stats    ]   "(G)" (gross) pauses include VM time: time to notify and block threads, do the pre-
[2026-04-03T06:54:32.437+0600][57.980s][info][gc,stats    ]         and post-safepoint housekeeping. Use -Xlog:safepoint+stats to dissect.
[2026-04-03T06:54:32.437+0600][57.980s][info][gc,stats    ]   "(N)" (net) pauses are the times spent in the actual GC code.
[2026-04-03T06:54:32.437+0600][57.980s][info][gc,stats    ]   "a" is average time for each phase, look at levels to see if average makes sense.
[2026-04-03T06:54:32.437+0600][57.980s][info][gc,stats    ]   "lvls" are quantiles: 0% (minimum), 25%, 50% (median), 75%, 100% (maximum).
[2026-04-03T06:54:32.437+0600][57.980s][info][gc,stats    ] 
[2026-04-03T06:54:32.437+0600][57.980s][info][gc,stats    ]   All times are wall-clock times, except per-root-class counters, that are sum over
[2026-04-03T06:54:32.437+0600][57.980s][info][gc,stats    ]   all workers. Dividing the <total> over the root stage time estimates parallelism.
[2026-04-03T06:54:32.437+0600][57.980s][info][gc,stats    ] 
[2026-04-03T06:54:32.437+0600][57.980s][info][gc,stats    ]   Pacing delays are measured from entering the pacing code till exiting it. Therefore,
[2026-04-03T06:54:32.437+0600][57.980s][info][gc,stats    ]   observed pacing delays may be higher than the threshold when paced thread spent more
[2026-04-03T06:54:32.437+0600][57.980s][info][gc,stats    ]   time in the pacing code. It usually happens when thread is de-scheduled while paced,
[2026-04-03T06:54:32.437+0600][57.980s][info][gc,stats    ]   OS takes longer to unblock the thread, or JVM experiences an STW pause.
[2026-04-03T06:54:32.437+0600][57.980s][info][gc,stats    ] 
[2026-04-03T06:54:32.437+0600][57.980s][info][gc,stats    ]   Higher delay would prevent application outpacing the GC, but it will hide the GC latencies
[2026-04-03T06:54:32.437+0600][57.980s][info][gc,stats    ]   from the STW pause times. Pacing affects the individual threads, and so it would also be
[2026-04-03T06:54:32.437+0600][57.980s][info][gc,stats    ]   invisible to the usual profiling tools, but would add up to end-to-end application latency.
[2026-04-03T06:54:32.437+0600][57.980s][info][gc,stats    ]   Raise max pacing delay with care.
[2026-04-03T06:54:32.437+0600][57.980s][info][gc,stats    ] 
[2026-04-03T06:54:32.437+0600][57.980s][info][gc,stats    ] Concurrent Reset               =    0.062 s (a =     2812 us) (n =    22) (lvls, us =      578,     1289,     1973,     2852,     9763)
[2026-04-03T06:54:32.437+0600][57.980s][info][gc,stats    ] Pause Init Mark (G)            =    0.011 s (a =      493 us) (n =    22) (lvls, us =      289,      381,      490,      537,      833)
[2026-04-03T06:54:32.437+0600][57.980s][info][gc,stats    ] Pause Init Mark (N)            =    0.005 s (a =      223 us) (n =    22) (lvls, us =      133,      160,      184,      225,      725)
[2026-04-03T06:54:32.437+0600][57.980s][info][gc,stats    ]   Update Region States         =    0.001 s (a =       46 us) (n =    22) (lvls, us =       29,       31,       41,       50,       77)
[2026-04-03T06:54:32.437+0600][57.980s][info][gc,stats    ] Concurrent Mark Roots          =    0.028 s (a =     1282 us) (n =    22) (lvls, us =      611,      891,     1230,     1406,     3087)
[2026-04-03T06:54:32.437+0600][57.980s][info][gc,stats    ]   CMR: <total>                 =    0.053 s (a =     2389 us) (n =    22) (lvls, us =      936,     1719,     2324,     2656,     4217)
[2026-04-03T06:54:32.437+0600][57.980s][info][gc,stats    ]   CMR: Thread Roots            =    0.044 s (a =     1988 us) (n =    22) (lvls, us =      688,     1445,     1992,     2227,     3323)
[2026-04-03T06:54:32.437+0600][57.980s][info][gc,stats    ]   CMR: VM Strong Roots         =    0.002 s (a =      106 us) (n =    22) (lvls, us =       19,       34,       44,      111,      397)
[2026-04-03T06:54:32.437+0600][57.980s][info][gc,stats    ]   CMR: CLDG Roots              =    0.006 s (a =      294 us) (n =    22) (lvls, us =      139,      219,      250,      312,      777)
[2026-04-03T06:54:32.437+0600][57.980s][info][gc,stats    ] Concurrent Marking             =    6.209 s (a =   282245 us) (n =    22) (lvls, us =     9727,    15039,   310547,   453125,   703455)
[2026-04-03T06:54:32.437+0600][57.980s][info][gc,stats    ] Pause Final Mark (G)           =    0.030 s (a =     1343 us) (n =    22) (lvls, us =      766,      996,     1250,     1504,     2264)
[2026-04-03T06:54:32.437+0600][57.980s][info][gc,stats    ] Pause Final Mark (N)           =    0.023 s (a =     1034 us) (n =    22) (lvls, us =      545,      680,      996,     1152,     1777)
[2026-04-03T06:54:32.437+0600][57.980s][info][gc,stats    ]   Finish Mark                  =    0.008 s (a =      351 us) (n =    22) (lvls, us =      152,      277,      322,      391,      621)
[2026-04-03T06:54:32.437+0600][57.980s][info][gc,stats    ]   Update Region States         =    0.002 s (a =       80 us) (n =    22) (lvls, us =       41,       56,       82,       90,      117)
[2026-04-03T06:54:32.437+0600][57.980s][info][gc,stats    ]   Choose Collection Set        =    0.008 s (a =      353 us) (n =    22) (lvls, us =       95,      119,      348,      439,     1079)
[2026-04-03T06:54:32.437+0600][57.980s][info][gc,stats    ]   Rebuild Free Set             =    0.001 s (a =       51 us) (n =    22) (lvls, us =       31,       35,       52,       57,       71)
[2026-04-03T06:54:32.437+0600][57.980s][info][gc,stats    ] Concurrent Thread Roots        =    0.017 s (a =      993 us) (n =    17) (lvls, us =      324,      709,      996,     1152,     1451)
[2026-04-03T06:54:32.437+0600][57.980s][info][gc,stats    ]   CTR: <total>                 =    0.033 s (a =     1933 us) (n =    17) (lvls, us =      307,     1152,     2012,     2578,     2842)
[2026-04-03T06:54:32.437+0600][57.980s][info][gc,stats    ]   CTR: Thread Roots            =    0.033 s (a =     1933 us) (n =    17) (lvls, us =      307,     1152,     2012,     2578,     2842)
[2026-04-03T06:54:32.437+0600][57.980s][info][gc,stats    ] Concurrent Weak References     =    0.015 s (a =      686 us) (n =    22) (lvls, us =      215,      400,      596,      820,     1578)
[2026-04-03T06:54:32.437+0600][57.980s][info][gc,stats    ]   CWRF: <total>                =    0.013 s (a =      573 us) (n =    22) (lvls, us =       66,      322,      504,      625,     1508)
[2026-04-03T06:54:32.437+0600][57.980s][info][gc,stats    ]   CWRF: Weak References        =    0.013 s (a =      573 us) (n =    22) (lvls, us =       66,      322,      504,      625,     1508)
[2026-04-03T06:54:32.437+0600][57.980s][info][gc,stats    ] Concurrent Weak Roots          =    0.067 s (a =     3023 us) (n =    22) (lvls, us =     1035,     2012,     3242,     3418,     6013)
[2026-04-03T06:54:32.437+0600][57.980s][info][gc,stats    ]   Roots                        =    0.058 s (a =     2618 us) (n =    22) (lvls, us =      771,     1719,     2734,     2852,     5625)
[2026-04-03T06:54:32.437+0600][57.981s][info][gc,stats    ]     CWR: <total>               =    0.145 s (a =     6570 us) (n =    22) (lvls, us =     1875,     4316,     7070,     7422,    12590)
[2026-04-03T06:54:32.437+0600][57.981s][info][gc,stats    ]     CWR: Code Cache Roots      =    0.091 s (a =     4147 us) (n =    22) (lvls, us =      592,     2324,     4160,     5117,     8842)
[2026-04-03T06:54:32.437+0600][57.981s][info][gc,stats    ]     CWR: VM Weak Roots         =    0.051 s (a =     2314 us) (n =    22) (lvls, us =      945,     1270,     2402,     2832,     3551)
[2026-04-03T06:54:32.438+0600][57.981s][info][gc,stats    ]     CWR: CLDG Roots            =    0.002 s (a =      109 us) (n =    22) (lvls, us =       18,       43,      102,      141,      241)
[2026-04-03T06:54:32.438+0600][57.981s][info][gc,stats    ]   Rendezvous                   =    0.006 s (a =      270 us) (n =    22) (lvls, us =      105,      195,      268,      320,      547)
[2026-04-03T06:54:32.438+0600][57.981s][info][gc,stats    ] Concurrent Cleanup             =    0.014 s (a =      649 us) (n =    22) (lvls, us =      215,      346,      586,      820,     1651)
[2026-04-03T06:54:32.438+0600][57.981s][info][gc,stats    ] Concurrent Class Unloading     =    0.334 s (a =    15162 us) (n =    22) (lvls, us =     2559,     4199,     9082,    22852,    34536)
[2026-04-03T06:54:32.438+0600][57.981s][info][gc,stats    ]   Unlink Stale                 =    0.289 s (a =    13148 us) (n =    22) (lvls, us =     1582,     3711,     8027,    21875,    28558)
[2026-04-03T06:54:32.438+0600][57.981s][info][gc,stats    ]     System Dictionary          =    0.006 s (a =      265 us) (n =    22) (lvls, us =       29,       62,      178,      385,      684)
[2026-04-03T06:54:32.438+0600][57.981s][info][gc,stats    ]     Weak Class Links           =    0.144 s (a =     6526 us) (n =    22) (lvls, us =        0,        1,        1,    12500,    19148)
[2026-04-03T06:54:32.438+0600][57.981s][info][gc,stats    ]     Code Roots                 =    0.140 s (a =     6351 us) (n =    22) (lvls, us =     1543,     3516,     7070,     7949,     9592)
[2026-04-03T06:54:32.438+0600][57.981s][info][gc,stats    ]   Rendezvous                   =    0.007 s (a =      316 us) (n =    22) (lvls, us =      160,      221,      279,      377,      547)
[2026-04-03T06:54:32.438+0600][57.981s][info][gc,stats    ]   Purge Unlinked               =    0.034 s (a =     1534 us) (n =    22) (lvls, us =       15,      121,      566,     1582,     9903)
[2026-04-03T06:54:32.438+0600][57.981s][info][gc,stats    ]     Code Roots                 =    0.031 s (a =     1392 us) (n =    22) (lvls, us =        4,      113,      551,     1270,     9743)
[2026-04-03T06:54:32.438+0600][57.981s][info][gc,stats    ]     CLDG                       =    0.003 s (a =      141 us) (n =    22) (lvls, us =        6,       10,       16,       77,      799)
[2026-04-03T06:54:32.438+0600][57.981s][info][gc,stats    ]     Exception Caches           =    0.000 s (a =        1 us) (n =    22) (lvls, us =        0,        0,        0,        1,        2)
[2026-04-03T06:54:32.438+0600][57.981s][info][gc,stats    ] Concurrent Strong Roots        =    0.022 s (a =     1286 us) (n =    17) (lvls, us =      791,     1035,     1152,     1309,     2148)
[2026-04-03T06:54:32.438+0600][57.981s][info][gc,stats    ]   CSR: <total>                 =    0.015 s (a =      894 us) (n =    17) (lvls, us =      512,      594,      717,      920,     1910)
[2026-04-03T06:54:32.438+0600][57.981s][info][gc,stats    ]   CSR: VM Strong Roots         =    0.001 s (a =       58 us) (n =    17) (lvls, us =       24,       34,       53,       65,      104)
[2026-04-03T06:54:32.438+0600][57.981s][info][gc,stats    ]   CSR: CLDG Roots              =    0.014 s (a =      836 us) (n =    17) (lvls, us =      447,      541,      641,      873,     1807)
[2026-04-03T06:54:32.438+0600][57.981s][info][gc,stats    ] Concurrent Evacuation          =    1.168 s (a =    68726 us) (n =    17) (lvls, us =     5996,     9805,    40625,    92383,   210398)
[2026-04-03T06:54:32.438+0600][57.981s][info][gc,stats    ] Pause Final Roots (G)          =    0.002 s (a =      309 us) (n =     5) (lvls, us =      273,      273,      293,      312,      341)
[2026-04-03T06:54:32.438+0600][57.981s][info][gc,stats    ] Pause Final Roots (N)          =    0.001 s (a =      136 us) (n =     5) (lvls, us =      111,      111,      117,      119,      167)
[2026-04-03T06:54:32.438+0600][57.981s][info][gc,stats    ] Pause Init Update Refs (G)     =    0.008 s (a =      494 us) (n =    17) (lvls, us =      316,      350,      482,      545,      690)
[2026-04-03T06:54:32.438+0600][57.981s][info][gc,stats    ] Pause Init Update Refs (N)     =    0.003 s (a =      184 us) (n =    17) (lvls, us =      105,      125,      186,      199,      277)
[2026-04-03T06:54:32.438+0600][57.981s][info][gc,stats    ]   Manage GCLABs                =    0.001 s (a =       32 us) (n =    17) (lvls, us =        7,       16,       27,       38,       65)
[2026-04-03T06:54:32.438+0600][57.981s][info][gc,stats    ] Concurrent Update Refs         =    3.949 s (a =   232292 us) (n =    17) (lvls, us =     4414,    16016,   250000,   306641,   523880)
[2026-04-03T06:54:32.438+0600][57.981s][info][gc,stats    ] Concurrent Update Thread Roots =    0.019 s (a =     1123 us) (n =    17) (lvls, us =      484,      768,     1055,     1250,     1811)
[2026-04-03T06:54:32.438+0600][57.981s][info][gc,stats    ] Pause Final Update Refs (G)    =    0.010 s (a =      563 us) (n =    17) (lvls, us =      279,      482,      535,      633,      781)
[2026-04-03T06:54:32.438+0600][57.981s][info][gc,stats    ] Pause Final Update Refs (N)    =    0.005 s (a =      305 us) (n =    17) (lvls, us =      168,      258,      293,      303,      478)
[2026-04-03T06:54:32.438+0600][57.981s][info][gc,stats    ]   Update Region States         =    0.001 s (a =       78 us) (n =    17) (lvls, us =       44,       62,       77,       89,      105)
[2026-04-03T06:54:32.438+0600][57.981s][info][gc,stats    ]   Trash Collection Set         =    0.000 s (a =       18 us) (n =    17) (lvls, us =        8,       13,       13,       16,       44)
[2026-04-03T06:54:32.438+0600][57.981s][info][gc,stats    ]   Rebuild Free Set             =    0.001 s (a =       47 us) (n =    17) (lvls, us =       31,       39,       45,       46,       78)
[2026-04-03T06:54:32.438+0600][57.981s][info][gc,stats    ] Concurrent Cleanup             =    0.013 s (a =      751 us) (n =    17) (lvls, us =      295,      455,      770,      926,     1022)
[2026-04-03T06:54:32.438+0600][57.981s][info][gc,stats    ] Concurrent Uncommit            =    0.747 s (a =   248951 us) (n =     3) (lvls, us =   105469,   105469,   105469,   218750,   420396)
[2026-04-03T06:54:32.438+0600][57.981s][info][gc,stats    ] Pacing                         =    0.212 s (a =     9647 us) (n =    22) (lvls, us =        0,        0,        0,        0,   212242)
[2026-04-03T06:54:32.438+0600][57.981s][info][gc,stats    ] 
[2026-04-03T06:54:32.438+0600][57.981s][info][gc,stats    ] 
[2026-04-03T06:54:32.438+0600][57.981s][info][gc,stats    ] Under allocation pressure, concurrent cycles may cancel, and either continue cycle
[2026-04-03T06:54:32.438+0600][57.981s][info][gc,stats    ] under stop-the-world pause or result in stop-the-world Full GC. Increase heap size,
[2026-04-03T06:54:32.438+0600][57.981s][info][gc,stats    ] tune GC heuristics, set more aggressive pacing delay, or lower allocation rate
[2026-04-03T06:54:32.438+0600][57.981s][info][gc,stats    ] to avoid Degenerated and Full GC cycles.
[2026-04-03T06:54:32.438+0600][57.981s][info][gc,stats    ] 
[2026-04-03T06:54:32.438+0600][57.981s][info][gc,stats    ]    22 successful concurrent GCs
[2026-04-03T06:54:32.438+0600][57.981s][info][gc,stats    ]       3 invoked explicitly
[2026-04-03T06:54:32.438+0600][57.981s][info][gc,stats    ]       0 invoked implicitly
[2026-04-03T06:54:32.438+0600][57.981s][info][gc,stats    ] 
[2026-04-03T06:54:32.438+0600][57.981s][info][gc,stats    ]     0 Degenerated GCs
[2026-04-03T06:54:32.438+0600][57.981s][info][gc,stats    ]       0 caused by allocation failure
[2026-04-03T06:54:32.438+0600][57.981s][info][gc,stats    ]       0 upgraded to Full GC
[2026-04-03T06:54:32.438+0600][57.981s][info][gc,stats    ] 
[2026-04-03T06:54:32.438+0600][57.981s][info][gc,stats    ]     0 Full GCs
[2026-04-03T06:54:32.438+0600][57.981s][info][gc,stats    ]       0 invoked explicitly
[2026-04-03T06:54:32.438+0600][57.981s][info][gc,stats    ]       0 invoked implicitly
[2026-04-03T06:54:32.438+0600][57.981s][info][gc,stats    ]       0 caused by allocation failure
[2026-04-03T06:54:32.438+0600][57.981s][info][gc,stats    ]       0 upgraded from Degenerated GC
[2026-04-03T06:54:32.438+0600][57.981s][info][gc,stats    ] 
[2026-04-03T06:54:32.438+0600][57.981s][info][gc,stats    ] 
