[2026-04-03T06:51:23.518+0600][0.009s][info][gc,init] Initializing The Z Garbage Collector
[2026-04-03T06:51:23.518+0600][0.009s][info][gc,init] Version: 21.0.10+7-Ubuntu-124.04 (release)
[2026-04-03T06:51:23.518+0600][0.009s][info][gc,init] NUMA Support: Disabled
[2026-04-03T06:51:23.518+0600][0.009s][info][gc,init] CPUs: 12 total, 12 available
[2026-04-03T06:51:23.518+0600][0.009s][info][gc,init] Memory: 15683M
[2026-04-03T06:51:23.518+0600][0.009s][info][gc,init] Large Page Support: Disabled
[2026-04-03T06:51:23.518+0600][0.009s][info][gc,init] Address Space Type: Contiguous/Unrestricted/Complete
[2026-04-03T06:51:23.518+0600][0.009s][info][gc,init] Address Space Size: 62752M
[2026-04-03T06:51:23.518+0600][0.009s][info][gc,init] Heap Backing File: /memfd:java_heap
[2026-04-03T06:51:23.518+0600][0.009s][info][gc,init] Heap Backing Filesystem: tmpfs (0x1021994)
[2026-04-03T06:51:23.519+0600][0.010s][info][gc,init] Min Capacity: 8M
[2026-04-03T06:51:23.519+0600][0.010s][info][gc,init] Initial Capacity: 246M
[2026-04-03T06:51:23.519+0600][0.010s][info][gc,init] Max Capacity: 3922M
[2026-04-03T06:51:23.519+0600][0.010s][info][gc,init] Soft Max Capacity: 3529M
[2026-04-03T06:51:23.519+0600][0.010s][info][gc,init] Medium Page Size: 32M
[2026-04-03T06:51:23.519+0600][0.010s][info][gc,init] Pre-touch: Disabled
[2026-04-03T06:51:23.519+0600][0.010s][info][gc,init] Available space on backing filesystem: N/A
[2026-04-03T06:51:23.521+0600][0.012s][info][gc,init] Uncommit: Enabled
[2026-04-03T06:51:23.521+0600][0.012s][info][gc,init] Uncommit Delay: 300s
[2026-04-03T06:51:23.521+0600][0.012s][info][gc,init] GC Workers for Old Generation: 3 (dynamic)
[2026-04-03T06:51:23.525+0600][0.016s][info][gc,init] GC Workers for Young Generation: 3 (dynamic)
[2026-04-03T06:51:23.614+0600][0.104s][info][gc,init] GC Workers Max: 3 (dynamic)
[2026-04-03T06:51:23.615+0600][0.105s][info][gc,init] Runtime Workers: 8
[2026-04-03T06:51:23.616+0600][0.107s][info][gc     ] Using The Z Garbage Collector
[2026-04-03T06:51:23.628+0600][0.119s][info][gc,metaspace] CDS archive(s) mapped at: [0x00007302c7000000-0x00007302c7c9c000-0x00007302c7c9c000), size 13221888, SharedBaseAddress: 0x00007302c7000000, ArchiveRelocationMode: 1.
[2026-04-03T06:51:23.628+0600][0.119s][info][gc,metaspace] Compressed class space mapped at: 0x00007302c8000000-0x0000730308000000, reserved size: 1073741824
[2026-04-03T06:51:23.628+0600][0.119s][info][gc,metaspace] Narrow klass base: 0x00007302c7000000, Narrow klass shift: 0, Narrow klass range: 0x100000000
[2026-04-03T06:51:25.091+0600][1.581s][info][gc          ] GC(0) Major Collection (Warmup)
[2026-04-03T06:51:25.091+0600][1.581s][info][gc,task     ] GC(0) Using 3 Workers for Young Generation
[2026-04-03T06:51:25.091+0600][1.581s][info][gc,task     ] GC(0) Using 2 Workers for Old Generation
[2026-04-03T06:51:25.091+0600][1.581s][info][gc,phases   ] GC(0) Y: Young Generation
[2026-04-03T06:51:25.091+0600][1.582s][info][gc,phases   ] GC(0) Y: Pause Mark Start (Major) 0.023ms
[2026-04-03T06:51:25.101+0600][1.592s][info][gc,phases   ] GC(0) Y: Concurrent Mark 9.739ms
[2026-04-03T06:51:25.102+0600][1.592s][info][gc,phases   ] GC(0) Y: Pause Mark End 0.024ms
[2026-04-03T06:51:25.102+0600][1.592s][info][gc,phases   ] GC(0) Y: Concurrent Mark Free 0.001ms
[2026-04-03T06:51:25.102+0600][1.592s][info][gc,phases   ] GC(0) Y: Concurrent Reset Relocation Set 0.001ms
[2026-04-03T06:51:25.109+0600][1.600s][info][gc,reloc    ] GC(0) Y: Using tenuring threshold: 1 (Computed)
[2026-04-03T06:51:25.111+0600][1.601s][info][gc,phases   ] GC(0) Y: Concurrent Select Relocation Set 8.988ms
[2026-04-03T06:51:25.111+0600][1.601s][info][gc,phases   ] GC(0) Y: Pause Relocate Start 0.019ms
[2026-04-03T06:51:25.118+0600][1.608s][info][gc,phases   ] GC(0) Y: Concurrent Relocate 6.864ms
[2026-04-03T06:51:25.118+0600][1.608s][info][gc,alloc    ] GC(0) Y:                         Mark Start        Mark End      Relocate Start    Relocate End   
[2026-04-03T06:51:25.118+0600][1.608s][info][gc,alloc    ] GC(0) Y: Allocation Stalls:          0                0                0                0         
[2026-04-03T06:51:25.118+0600][1.609s][info][gc,load     ] GC(0) Y: Load: 7.10 (59%) / 8.48 (71%) / 7.47 (62%)
[2026-04-03T06:51:25.118+0600][1.609s][info][gc,mmu      ] GC(0) Y: MMU: 2ms/98.8%, 5ms/99.5%, 10ms/99.6%, 20ms/99.7%, 50ms/99.9%, 100ms/99.9%
[2026-04-03T06:51:25.118+0600][1.609s][info][gc,marking  ] GC(0) Y: Mark: 2 stripe(s), 2 proactive flush(es), 1 terminate flush(es), 0 completion(s), 0 continuation(s) 
[2026-04-03T06:51:25.118+0600][1.609s][info][gc,marking  ] GC(0) Y: Mark Stack Usage: 32M
[2026-04-03T06:51:25.118+0600][1.609s][info][gc,nmethod  ] GC(0) Y: NMethods: 1214 registered, 0 unregistered
[2026-04-03T06:51:25.118+0600][1.609s][info][gc,metaspace] GC(0) Y: Metaspace: 11M used, 11M committed, 1088M reserved
[2026-04-03T06:51:25.118+0600][1.609s][info][gc,reloc    ] GC(0) Y:                        Candidates     Selected     In-Place         Size        Empty    Relocated 
[2026-04-03T06:51:25.118+0600][1.609s][info][gc,reloc    ] GC(0) Y: Small Pages:                  179          176            0         358M           0M           2M 
[2026-04-03T06:51:25.118+0600][1.609s][info][gc,reloc    ] GC(0) Y: Medium Pages:                   0            0            0           0M           0M           0M 
[2026-04-03T06:51:25.118+0600][1.609s][info][gc,reloc    ] GC(0) Y: Large Pages:                    0            0            0           0M           0M           0M 
[2026-04-03T06:51:25.118+0600][1.609s][info][gc,reloc    ] GC(0) Y: Forwarding Usage: 1M
[2026-04-03T06:51:25.118+0600][1.609s][info][gc,reloc    ] GC(0) Y: Age Table:
[2026-04-03T06:51:25.118+0600][1.609s][info][gc,reloc    ] GC(0) Y:                    Live             Garbage             Small              Medium             Large        
[2026-04-03T06:51:25.118+0600][1.609s][info][gc,reloc    ] GC(0) Y: Eden               4M (0%)          353M (9%)         179 / 176            0 / 0              0 / 0        
[2026-04-03T06:51:25.118+0600][1.609s][info][gc,heap     ] GC(0) Y: Min Capacity: 8M(0%)
[2026-04-03T06:51:25.118+0600][1.609s][info][gc,heap     ] GC(0) Y: Max Capacity: 3922M(100%)
[2026-04-03T06:51:25.118+0600][1.609s][info][gc,heap     ] GC(0) Y: Soft Max Capacity: 3529M(90%)
[2026-04-03T06:51:25.118+0600][1.609s][info][gc,heap     ] GC(0) Y: Heap Statistics:
[2026-04-03T06:51:25.118+0600][1.609s][info][gc,heap     ] GC(0) Y:                Mark Start          Mark End        Relocate Start      Relocate End           High               Low         
[2026-04-03T06:51:25.118+0600][1.609s][info][gc,heap     ] GC(0) Y:  Capacity:      358M (9%)          362M (9%)          364M (9%)          372M (9%)          372M (9%)          358M (9%)     
[2026-04-03T06:51:25.118+0600][1.609s][info][gc,heap     ] GC(0) Y:      Free:     3564M (91%)        3560M (91%)        3558M (91%)        3904M (100%)       3904M (100%)       3550M (91%)    
[2026-04-03T06:51:25.118+0600][1.609s][info][gc,heap     ] GC(0) Y:      Used:      358M (9%)          362M (9%)          364M (9%)           18M (0%)          372M (9%)           18M (0%)     
[2026-04-03T06:51:25.118+0600][1.609s][info][gc,heap     ] GC(0) Y: Young Generation Statistics:
[2026-04-03T06:51:25.118+0600][1.609s][info][gc,heap     ] GC(0) Y:                Mark Start          Mark End        Relocate Start      Relocate End    
[2026-04-03T06:51:25.118+0600][1.609s][info][gc,heap     ] GC(0) Y:      Used:      358M (9%)          362M (9%)          364M (9%)           18M (0%)     
[2026-04-03T06:51:25.118+0600][1.609s][info][gc,heap     ] GC(0) Y:      Live:         -                 4M (0%)            4M (0%)            4M (0%)     
[2026-04-03T06:51:25.118+0600][1.609s][info][gc,heap     ] GC(0) Y:   Garbage:         -               353M (9%)          353M (9%)            0M (0%)     
[2026-04-03T06:51:25.118+0600][1.609s][info][gc,heap     ] GC(0) Y: Allocated:         -                 4M (0%)            6M (0%)           12M (0%)     
[2026-04-03T06:51:25.118+0600][1.609s][info][gc,heap     ] GC(0) Y: Reclaimed:         -                  -                 0M (0%)          352M (9%)     
[2026-04-03T06:51:25.118+0600][1.609s][info][gc,heap     ] GC(0) Y:  Promoted:         -                  -                 0M (0%)            0M (0%)     
[2026-04-03T06:51:25.118+0600][1.609s][info][gc,heap     ] GC(0) Y: Compacted:         -                  -                  -                 3M (0%)     
[2026-04-03T06:51:25.118+0600][1.609s][info][gc,phases   ] GC(0) Y: Young Generation 358M(9%)->18M(0%) 0.027s
[2026-04-03T06:51:25.118+0600][1.609s][info][gc,phases   ] GC(0) O: Old Generation
[2026-04-03T06:51:25.119+0600][1.610s][info][gc,phases   ] GC(0) O: Concurrent Mark 1.106ms
[2026-04-03T06:51:25.120+0600][1.610s][info][gc,phases   ] GC(0) O: Pause Mark End 0.024ms
[2026-04-03T06:51:25.120+0600][1.610s][info][gc,phases   ] GC(0) O: Concurrent Mark Free 0.023ms
[2026-04-03T06:51:25.123+0600][1.613s][info][gc,phases   ] GC(0) O: Concurrent Process Non-Strong 2.883ms
[2026-04-03T06:51:25.123+0600][1.613s][info][gc,phases   ] GC(0) O: Concurrent Reset Relocation Set 0.002ms
[2026-04-03T06:51:25.127+0600][1.618s][info][gc,phases   ] GC(0) O: Concurrent Select Relocation Set 4.234ms
[2026-04-03T06:51:25.127+0600][1.618s][info][gc,task     ] GC(0) O: Using 3 Workers for Old Generation
[2026-04-03T06:51:25.144+0600][1.634s][info][gc,task     ] GC(0) O: Using 2 Workers for Old Generation
[2026-04-03T06:51:25.144+0600][1.634s][info][gc,phases   ] GC(0) O: Concurrent Remap Roots 16.734ms
[2026-04-03T06:51:25.144+0600][1.635s][info][gc,phases   ] GC(0) O: Pause Relocate Start 0.028ms
[2026-04-03T06:51:25.145+0600][1.635s][info][gc,phases   ] GC(0) O: Concurrent Relocate 0.439ms
[2026-04-03T06:51:25.145+0600][1.635s][info][gc,alloc    ] GC(0) O:                         Mark Start        Mark End      Relocate Start    Relocate End   
[2026-04-03T06:51:25.145+0600][1.635s][info][gc,alloc    ] GC(0) O: Allocation Stalls:          0                0                0                0         
[2026-04-03T06:51:25.145+0600][1.635s][info][gc,load     ] GC(0) O: Load: 7.10 (59%) / 8.48 (71%) / 7.47 (62%)
[2026-04-03T06:51:25.145+0600][1.636s][info][gc,mmu      ] GC(0) O: MMU: 2ms/98.6%, 5ms/99.4%, 10ms/99.6%, 20ms/99.7%, 50ms/99.8%, 100ms/99.9%
[2026-04-03T06:51:25.145+0600][1.636s][info][gc,marking  ] GC(0) O: Mark: 2 stripe(s), 1 proactive flush(es), 1 terminate flush(es), 0 completion(s), 0 continuation(s) 
[2026-04-03T06:51:25.145+0600][1.636s][info][gc,marking  ] GC(0) O: Mark Stack Usage: 0M
[2026-04-03T06:51:25.145+0600][1.636s][info][gc,nmethod  ] GC(0) O: NMethods: 1092 registered, 122 unregistered
[2026-04-03T06:51:25.145+0600][1.636s][info][gc,metaspace] GC(0) O: Metaspace: 11M used, 11M committed, 1088M reserved
[2026-04-03T06:51:25.145+0600][1.636s][info][gc,ref      ] GC(0) O:                       Encountered   Discovered     Enqueued 
[2026-04-03T06:51:25.145+0600][1.636s][info][gc,ref      ] GC(0) O: Soft References:              211            0            0 
[2026-04-03T06:51:25.145+0600][1.636s][info][gc,ref      ] GC(0) O: Weak References:              921            0            0 
[2026-04-03T06:51:25.145+0600][1.636s][info][gc,ref      ] GC(0) O: Final References:               0            0            0 
[2026-04-03T06:51:25.145+0600][1.636s][info][gc,ref      ] GC(0) O: Phantom References:            28            0            0 
[2026-04-03T06:51:25.145+0600][1.636s][info][gc,heap     ] GC(0) O: Min Capacity: 8M(0%)
[2026-04-03T06:51:25.145+0600][1.636s][info][gc,heap     ] GC(0) O: Max Capacity: 3922M(100%)
[2026-04-03T06:51:25.145+0600][1.636s][info][gc,heap     ] GC(0) O: Soft Max Capacity: 3529M(90%)
[2026-04-03T06:51:25.145+0600][1.636s][info][gc,heap     ] GC(0) O: Heap Statistics:
[2026-04-03T06:51:25.145+0600][1.636s][info][gc,heap     ] GC(0) O:                Mark Start          Mark End        Relocate Start      Relocate End           High               Low         
[2026-04-03T06:51:25.145+0600][1.636s][info][gc,heap     ] GC(0) O:  Capacity:      358M (9%)          372M (9%)          372M (9%)          372M (9%)          372M (9%)          358M (9%)     
[2026-04-03T06:51:25.145+0600][1.636s][info][gc,heap     ] GC(0) O:      Free:     3564M (91%)        3904M (100%)       3894M (99%)        3894M (99%)        3904M (100%)       3550M (91%)    
[2026-04-03T06:51:25.145+0600][1.636s][info][gc,heap     ] GC(0) O:      Used:      358M (9%)           18M (0%)           28M (1%)           28M (1%)          372M (9%)           18M (0%)     
[2026-04-03T06:51:25.145+0600][1.636s][info][gc,heap     ] GC(0) O: Old Generation Statistics:
[2026-04-03T06:51:25.145+0600][1.636s][info][gc,heap     ] GC(0) O:                Mark Start          Mark End        Relocate Start      Relocate End    
[2026-04-03T06:51:25.145+0600][1.636s][info][gc,heap     ] GC(0) O:      Used:        0M (0%)            0M (0%)            0M (0%)            0M (0%)     
[2026-04-03T06:51:25.145+0600][1.636s][info][gc,heap     ] GC(0) O:      Live:         -                 0M (0%)            0M (0%)            0M (0%)     
[2026-04-03T06:51:25.145+0600][1.636s][info][gc,heap     ] GC(0) O:   Garbage:         -                 0M (0%)            0M (0%)            0M (0%)     
[2026-04-03T06:51:25.145+0600][1.636s][info][gc,heap     ] GC(0) O: Allocated:         -                 0M (0%)            0M (0%)            0M (0%)     
[2026-04-03T06:51:25.145+0600][1.636s][info][gc,heap     ] GC(0) O: Reclaimed:         -                  -                 0M (0%)            0M (0%)     
[2026-04-03T06:51:25.145+0600][1.636s][info][gc,heap     ] GC(0) O: Compacted:         -                  -                  -                 0M (0%)     
[2026-04-03T06:51:25.145+0600][1.636s][info][gc,phases   ] GC(0) O: Old Generation 18M(0%)->28M(1%) 0.027s
[2026-04-03T06:51:25.145+0600][1.636s][info][gc          ] GC(0) Major Collection (Warmup) 358M(9%)->28M(1%) 0.054s
[2026-04-03T06:51:28.429+0600][4.919s][info][gc          ] GC(1) Major Collection (Metadata GC Threshold)
[2026-04-03T06:51:28.429+0600][4.919s][info][gc,task     ] GC(1) Using 1 Workers for Young Generation
[2026-04-03T06:51:28.429+0600][4.919s][info][gc,task     ] GC(1) Using 1 Workers for Old Generation
[2026-04-03T06:51:28.429+0600][4.919s][info][gc,phases   ] GC(1) Y: Young Generation
[2026-04-03T06:51:28.429+0600][4.920s][info][gc,phases   ] GC(1) Y: Pause Mark Start (Major) 0.026ms
[2026-04-03T06:51:28.464+0600][4.955s][info][gc,phases   ] GC(1) Y: Concurrent Mark 35.043ms
[2026-04-03T06:51:28.464+0600][4.955s][info][gc,phases   ] GC(1) Y: Pause Mark End 0.027ms
[2026-04-03T06:51:28.465+0600][4.955s][info][gc,phases   ] GC(1) Y: Concurrent Mark Free 0.001ms
[2026-04-03T06:51:28.465+0600][4.955s][info][gc,phases   ] GC(1) Y: Concurrent Reset Relocation Set 0.017ms
[2026-04-03T06:51:28.470+0600][4.961s][info][gc,reloc    ] GC(1) Y: Using tenuring threshold: 2 (Computed)
[2026-04-03T06:51:28.474+0600][4.964s][info][gc,phases   ] GC(1) Y: Concurrent Select Relocation Set 8.878ms
[2026-04-03T06:51:28.474+0600][4.964s][info][gc,phases   ] GC(1) Y: Pause Relocate Start 0.023ms
[2026-04-03T06:51:28.487+0600][4.977s][info][gc,phases   ] GC(1) Y: Concurrent Relocate 12.560ms
[2026-04-03T06:51:28.487+0600][4.977s][info][gc,alloc    ] GC(1) Y:                         Mark Start        Mark End      Relocate Start    Relocate End   
[2026-04-03T06:51:28.487+0600][4.977s][info][gc,alloc    ] GC(1) Y: Allocation Stalls:          0                0                0                0         
[2026-04-03T06:51:28.487+0600][4.977s][info][gc,load     ] GC(1) Y: Load: 6.69 (56%) / 8.38 (70%) / 7.44 (62%)
[2026-04-03T06:51:28.487+0600][4.977s][info][gc,mmu      ] GC(1) Y: MMU: 2ms/98.6%, 5ms/99.4%, 10ms/99.5%, 20ms/99.7%, 50ms/99.8%, 100ms/99.9%
[2026-04-03T06:51:28.487+0600][4.977s][info][gc,marking  ] GC(1) Y: Mark: 1 stripe(s), 2 proactive flush(es), 1 terminate flush(es), 0 completion(s), 0 continuation(s) 
[2026-04-03T06:51:28.487+0600][4.977s][info][gc,marking  ] GC(1) Y: Mark Stack Usage: 32M
[2026-04-03T06:51:28.487+0600][4.977s][info][gc,nmethod  ] GC(1) Y: NMethods: 1874 registered, 0 unregistered
[2026-04-03T06:51:28.487+0600][4.977s][info][gc,metaspace] GC(1) Y: Metaspace: 21M used, 21M committed, 1088M reserved
[2026-04-03T06:51:28.487+0600][4.977s][info][gc,reloc    ] GC(1) Y:                        Candidates     Selected     In-Place         Size        Empty    Relocated 
[2026-04-03T06:51:28.487+0600][4.977s][info][gc,reloc    ] GC(1) Y: Small Pages:                   76           67            0         152M           0M           7M 
[2026-04-03T06:51:28.487+0600][4.977s][info][gc,reloc    ] GC(1) Y: Medium Pages:                   1            0            0          32M           0M           0M 
[2026-04-03T06:51:28.487+0600][4.977s][info][gc,reloc    ] GC(1) Y: Large Pages:                    0            0            0           0M           0M           0M 
[2026-04-03T06:51:28.487+0600][4.977s][info][gc,reloc    ] GC(1) Y: Forwarding Usage: 2M
[2026-04-03T06:51:28.487+0600][4.977s][info][gc,reloc    ] GC(1) Y: Age Table:
[2026-04-03T06:51:28.487+0600][4.977s][info][gc,reloc    ] GC(1) Y:                    Live             Garbage             Small              Medium             Large        
[2026-04-03T06:51:28.487+0600][4.977s][info][gc,reloc    ] GC(1) Y: Eden              15M (0%)          158M (4%)          71 / 65             1 / 0              0 / 0        
[2026-04-03T06:51:28.487+0600][4.977s][info][gc,reloc    ] GC(1) Y: Survivor 1         4M (0%)            5M (0%)           5 / 2              0 / 0              0 / 0        
[2026-04-03T06:51:28.487+0600][4.977s][info][gc,heap     ] GC(1) Y: Min Capacity: 8M(0%)
[2026-04-03T06:51:28.487+0600][4.977s][info][gc,heap     ] GC(1) Y: Max Capacity: 3922M(100%)
[2026-04-03T06:51:28.487+0600][4.977s][info][gc,heap     ] GC(1) Y: Soft Max Capacity: 3529M(90%)
[2026-04-03T06:51:28.487+0600][4.977s][info][gc,heap     ] GC(1) Y: Heap Statistics:
[2026-04-03T06:51:28.487+0600][4.977s][info][gc,heap     ] GC(1) Y:                Mark Start          Mark End        Relocate Start      Relocate End           High               Low         
[2026-04-03T06:51:28.487+0600][4.977s][info][gc,heap     ] GC(1) Y:  Capacity:      404M (10%)         404M (10%)         404M (10%)         404M (10%)         404M (10%)         404M (10%)    
[2026-04-03T06:51:28.487+0600][4.978s][info][gc,heap     ] GC(1) Y:      Free:     3738M (95%)        3734M (95%)        3734M (95%)        3866M (99%)        3866M (99%)        3728M (95%)    
[2026-04-03T06:51:28.487+0600][4.978s][info][gc,heap     ] GC(1) Y:      Used:      184M (5%)          188M (5%)          188M (5%)           56M (1%)          194M (5%)           56M (1%)     
[2026-04-03T06:51:28.487+0600][4.978s][info][gc,heap     ] GC(1) Y: Young Generation Statistics:
[2026-04-03T06:51:28.487+0600][4.978s][info][gc,heap     ] GC(1) Y:                Mark Start          Mark End        Relocate Start      Relocate End    
[2026-04-03T06:51:28.487+0600][4.978s][info][gc,heap     ] GC(1) Y:      Used:      184M (5%)          188M (5%)          188M (5%)           56M (1%)     
[2026-04-03T06:51:28.487+0600][4.978s][info][gc,heap     ] GC(1) Y:      Live:         -                19M (1%)           19M (1%)           19M (1%)     
[2026-04-03T06:51:28.487+0600][4.978s][info][gc,heap     ] GC(1) Y:   Garbage:         -               164M (4%)          164M (4%)           28M (1%)     
[2026-04-03T06:51:28.487+0600][4.978s][info][gc,heap     ] GC(1) Y: Allocated:         -                 4M (0%)            4M (0%)            8M (0%)     
[2026-04-03T06:51:28.487+0600][4.978s][info][gc,heap     ] GC(1) Y: Reclaimed:         -                  -                 0M (0%)          136M (3%)     
[2026-04-03T06:51:28.487+0600][4.978s][info][gc,heap     ] GC(1) Y:  Promoted:         -                  -                 0M (0%)            0M (0%)     
[2026-04-03T06:51:28.487+0600][4.978s][info][gc,heap     ] GC(1) Y: Compacted:         -                  -                  -                11M (0%)     
[2026-04-03T06:51:28.487+0600][4.978s][info][gc,phases   ] GC(1) Y: Young Generation 184M(5%)->56M(1%) 0.058s
[2026-04-03T06:51:28.487+0600][4.978s][info][gc,phases   ] GC(1) O: Old Generation
[2026-04-03T06:51:28.488+0600][4.979s][info][gc,phases   ] GC(1) O: Concurrent Mark 1.168ms
[2026-04-03T06:51:28.489+0600][4.979s][info][gc,phases   ] GC(1) O: Pause Mark End 0.027ms
[2026-04-03T06:51:28.489+0600][4.979s][info][gc,phases   ] GC(1) O: Concurrent Mark Free 0.003ms
[2026-04-03T06:51:28.498+0600][4.989s][info][gc,phases   ] GC(1) O: Concurrent Process Non-Strong 9.491ms
[2026-04-03T06:51:28.498+0600][4.989s][info][gc,phases   ] GC(1) O: Concurrent Reset Relocation Set 0.002ms
[2026-04-03T06:51:28.501+0600][4.991s][info][gc,phases   ] GC(1) O: Concurrent Select Relocation Set 2.403ms
[2026-04-03T06:51:28.501+0600][4.991s][info][gc,task     ] GC(1) O: Using 2 Workers for Old Generation
[2026-04-03T06:51:28.526+0600][5.017s][info][gc,task     ] GC(1) O: Using 1 Workers for Old Generation
[2026-04-03T06:51:28.526+0600][5.017s][info][gc,phases   ] GC(1) O: Concurrent Remap Roots 25.308ms
[2026-04-03T06:51:28.526+0600][5.017s][info][gc,phases   ] GC(1) O: Pause Relocate Start 0.025ms
[2026-04-03T06:51:28.527+0600][5.017s][info][gc,phases   ] GC(1) O: Concurrent Relocate 0.286ms
[2026-04-03T06:51:28.527+0600][5.017s][info][gc,alloc    ] GC(1) O:                         Mark Start        Mark End      Relocate Start    Relocate End   
[2026-04-03T06:51:28.527+0600][5.017s][info][gc,alloc    ] GC(1) O: Allocation Stalls:          0                0                0                0         
[2026-04-03T06:51:28.527+0600][5.018s][info][gc,load     ] GC(1) O: Load: 6.69 (56%) / 8.38 (70%) / 7.44 (62%)
[2026-04-03T06:51:28.527+0600][5.018s][info][gc,mmu      ] GC(1) O: MMU: 2ms/98.6%, 5ms/99.4%, 10ms/99.5%, 20ms/99.7%, 50ms/99.8%, 100ms/99.9%
[2026-04-03T06:51:28.527+0600][5.018s][info][gc,marking  ] GC(1) O: Mark: 1 stripe(s), 1 proactive flush(es), 1 terminate flush(es), 0 completion(s), 0 continuation(s) 
[2026-04-03T06:51:28.527+0600][5.018s][info][gc,marking  ] GC(1) O: Mark Stack Usage: 0M
[2026-04-03T06:51:28.527+0600][5.018s][info][gc,nmethod  ] GC(1) O: NMethods: 1800 registered, 129 unregistered
[2026-04-03T06:51:28.527+0600][5.018s][info][gc,metaspace] GC(1) O: Metaspace: 21M used, 21M committed, 1088M reserved
[2026-04-03T06:51:28.527+0600][5.018s][info][gc,ref      ] GC(1) O:                       Encountered   Discovered     Enqueued 
[2026-04-03T06:51:28.527+0600][5.018s][info][gc,ref      ] GC(1) O: Soft References:             3498            0            0 
[2026-04-03T06:51:28.527+0600][5.018s][info][gc,ref      ] GC(1) O: Weak References:             1455            0            0 
[2026-04-03T06:51:28.527+0600][5.018s][info][gc,ref      ] GC(1) O: Final References:               0            0            0 
[2026-04-03T06:51:28.527+0600][5.018s][info][gc,ref      ] GC(1) O: Phantom References:           563            0            0 
[2026-04-03T06:51:28.527+0600][5.018s][info][gc,heap     ] GC(1) O: Min Capacity: 8M(0%)
[2026-04-03T06:51:28.527+0600][5.018s][info][gc,heap     ] GC(1) O: Max Capacity: 3922M(100%)
[2026-04-03T06:51:28.527+0600][5.018s][info][gc,heap     ] GC(1) O: Soft Max Capacity: 3529M(90%)
[2026-04-03T06:51:28.527+0600][5.018s][info][gc,heap     ] GC(1) O: Heap Statistics:
[2026-04-03T06:51:28.527+0600][5.018s][info][gc,heap     ] GC(1) O:                Mark Start          Mark End        Relocate Start      Relocate End           High               Low         
[2026-04-03T06:51:28.527+0600][5.018s][info][gc,heap     ] GC(1) O:  Capacity:      404M (10%)         404M (10%)         404M (10%)         404M (10%)         404M (10%)         404M (10%)    
[2026-04-03T06:51:28.527+0600][5.018s][info][gc,heap     ] GC(1) O:      Free:     3738M (95%)        3866M (99%)        3864M (99%)        3864M (99%)        3866M (99%)        3728M (95%)    
[2026-04-03T06:51:28.527+0600][5.018s][info][gc,heap     ] GC(1) O:      Used:      184M (5%)           56M (1%)           58M (1%)           58M (1%)          194M (5%)           56M (1%)     
[2026-04-03T06:51:28.527+0600][5.018s][info][gc,heap     ] GC(1) O: Old Generation Statistics:
[2026-04-03T06:51:28.527+0600][5.018s][info][gc,heap     ] GC(1) O:                Mark Start          Mark End        Relocate Start      Relocate End    
[2026-04-03T06:51:28.527+0600][5.018s][info][gc,heap     ] GC(1) O:      Used:        0M (0%)            0M (0%)            0M (0%)            0M (0%)     
[2026-04-03T06:51:28.527+0600][5.018s][info][gc,heap     ] GC(1) O:      Live:         -                 0M (0%)            0M (0%)            0M (0%)     
[2026-04-03T06:51:28.527+0600][5.018s][info][gc,heap     ] GC(1) O:   Garbage:         -                 0M (0%)            0M (0%)            0M (0%)     
[2026-04-03T06:51:28.527+0600][5.018s][info][gc,heap     ] GC(1) O: Allocated:         -                 0M (0%)            0M (0%)            0M (0%)     
[2026-04-03T06:51:28.527+0600][5.018s][info][gc,heap     ] GC(1) O: Reclaimed:         -                  -                 0M (0%)            0M (0%)     
[2026-04-03T06:51:28.527+0600][5.018s][info][gc,heap     ] GC(1) O: Compacted:         -                  -                  -                 0M (0%)     
[2026-04-03T06:51:28.527+0600][5.018s][info][gc,phases   ] GC(1) O: Old Generation 56M(1%)->58M(1%) 0.040s
[2026-04-03T06:51:28.527+0600][5.018s][info][gc          ] GC(1) Major Collection (Metadata GC Threshold) 184M(5%)->58M(1%) 0.099s
[2026-04-03T06:51:31.833+0600][8.324s][info][gc          ] GC(2) Major Collection (Metadata GC Threshold)
[2026-04-03T06:51:31.833+0600][8.324s][info][gc,task     ] GC(2) Using 1 Workers for Young Generation
[2026-04-03T06:51:31.833+0600][8.324s][info][gc,task     ] GC(2) Using 1 Workers for Old Generation
[2026-04-03T06:51:31.833+0600][8.324s][info][gc,phases   ] GC(2) Y: Young Generation
[2026-04-03T06:51:31.834+0600][8.324s][info][gc,phases   ] GC(2) Y: Pause Mark Start (Major) 0.020ms
[2026-04-03T06:51:31.886+0600][8.377s][info][gc,phases   ] GC(2) Y: Concurrent Mark 52.506ms
[2026-04-03T06:51:31.886+0600][8.377s][info][gc,phases   ] GC(2) Y: Pause Mark End 0.024ms
[2026-04-03T06:51:31.887+0600][8.377s][info][gc,phases   ] GC(2) Y: Concurrent Mark Free 0.001ms
[2026-04-03T06:51:31.887+0600][8.377s][info][gc,phases   ] GC(2) Y: Concurrent Reset Relocation Set 0.009ms
[2026-04-03T06:51:31.892+0600][8.382s][info][gc,reloc    ] GC(2) Y: Using tenuring threshold: 3 (Computed)
[2026-04-03T06:51:31.893+0600][8.384s][info][gc,phases   ] GC(2) Y: Concurrent Select Relocation Set 6.399ms
[2026-04-03T06:51:31.893+0600][8.384s][info][gc,phases   ] GC(2) Y: Pause Relocate Start 0.018ms
[2026-04-03T06:51:31.905+0600][8.396s][info][gc,phases   ] GC(2) Y: Concurrent Relocate 12.070ms
[2026-04-03T06:51:31.905+0600][8.396s][info][gc,alloc    ] GC(2) Y:                         Mark Start        Mark End      Relocate Start    Relocate End   
[2026-04-03T06:51:31.906+0600][8.396s][info][gc,alloc    ] GC(2) Y: Allocation Stalls:          0                0                0                0         
[2026-04-03T06:51:31.906+0600][8.396s][info][gc,load     ] GC(2) Y: Load: 6.55 (55%) / 8.32 (69%) / 7.43 (62%)
[2026-04-03T06:51:31.906+0600][8.396s][info][gc,mmu      ] GC(2) Y: MMU: 2ms/98.6%, 5ms/99.4%, 10ms/99.5%, 20ms/99.7%, 50ms/99.8%, 100ms/99.9%
[2026-04-03T06:51:31.906+0600][8.396s][info][gc,marking  ] GC(2) Y: Mark: 1 stripe(s), 2 proactive flush(es), 1 terminate flush(es), 0 completion(s), 0 continuation(s) 
[2026-04-03T06:51:31.906+0600][8.396s][info][gc,marking  ] GC(2) Y: Mark Stack Usage: 32M
[2026-04-03T06:51:31.906+0600][8.396s][info][gc,nmethod  ] GC(2) Y: NMethods: 2738 registered, 129 unregistered
[2026-04-03T06:51:31.906+0600][8.396s][info][gc,metaspace] GC(2) Y: Metaspace: 36M used, 36M committed, 1088M reserved
[2026-04-03T06:51:31.906+0600][8.396s][info][gc,reloc    ] GC(2) Y:                        Candidates     Selected     In-Place         Size        Empty    Relocated 
[2026-04-03T06:51:31.906+0600][8.396s][info][gc,reloc    ] GC(2) Y: Small Pages:                   85           74            0         170M           0M           6M 
[2026-04-03T06:51:31.906+0600][8.396s][info][gc,reloc    ] GC(2) Y: Medium Pages:                   2            0            0          64M          32M           0M 
[2026-04-03T06:51:31.906+0600][8.396s][info][gc,reloc    ] GC(2) Y: Large Pages:                    0            0            0           0M           0M           0M 
[2026-04-03T06:51:31.906+0600][8.396s][info][gc,reloc    ] GC(2) Y: Forwarding Usage: 2M
[2026-04-03T06:51:31.906+0600][8.396s][info][gc,reloc    ] GC(2) Y: Age Table:
[2026-04-03T06:51:31.906+0600][8.396s][info][gc,reloc    ] GC(2) Y:                    Live             Garbage             Small              Medium             Large        
[2026-04-03T06:51:31.906+0600][8.396s][info][gc,reloc    ] GC(2) Y: Eden               5M (0%)          176M (5%)          75 / 71             1 / 0              0 / 0        
[2026-04-03T06:51:31.906+0600][8.396s][info][gc,reloc    ] GC(2) Y: Survivor 1        14M (0%)           29M (1%)           6 / 1              1 / 0              0 / 0        
[2026-04-03T06:51:31.906+0600][8.396s][info][gc,reloc    ] GC(2) Y: Survivor 2         4M (0%)            3M (0%)           4 / 2              0 / 0              0 / 0        
[2026-04-03T06:51:31.906+0600][8.396s][info][gc,heap     ] GC(2) Y: Min Capacity: 8M(0%)
[2026-04-03T06:51:31.906+0600][8.396s][info][gc,heap     ] GC(2) Y: Max Capacity: 3922M(100%)
[2026-04-03T06:51:31.906+0600][8.396s][info][gc,heap     ] GC(2) Y: Soft Max Capacity: 3529M(90%)
[2026-04-03T06:51:31.906+0600][8.396s][info][gc,heap     ] GC(2) Y: Heap Statistics:
[2026-04-03T06:51:31.906+0600][8.396s][info][gc,heap     ] GC(2) Y:                Mark Start          Mark End        Relocate Start      Relocate End           High               Low         
[2026-04-03T06:51:31.906+0600][8.396s][info][gc,heap     ] GC(2) Y:  Capacity:      436M (11%)         436M (11%)         436M (11%)         436M (11%)         436M (11%)         436M (11%)    
[2026-04-03T06:51:31.906+0600][8.396s][info][gc,heap     ] GC(2) Y:      Free:     3688M (94%)        3672M (94%)        3704M (94%)        3846M (98%)        3846M (98%)        3672M (94%)    
[2026-04-03T06:51:31.906+0600][8.396s][info][gc,heap     ] GC(2) Y:      Used:      234M (6%)          250M (6%)          218M (6%)           76M (2%)          250M (6%)           76M (2%)     
[2026-04-03T06:51:31.906+0600][8.396s][info][gc,heap     ] GC(2) Y: Young Generation Statistics:
[2026-04-03T06:51:31.906+0600][8.396s][info][gc,heap     ] GC(2) Y:                Mark Start          Mark End        Relocate Start      Relocate End    
[2026-04-03T06:51:31.906+0600][8.396s][info][gc,heap     ] GC(2) Y:      Used:      234M (6%)          250M (6%)          218M (6%)           76M (2%)     
[2026-04-03T06:51:31.906+0600][8.396s][info][gc,heap     ] GC(2) Y:      Live:         -                24M (1%)           24M (1%)           24M (1%)     
[2026-04-03T06:51:31.906+0600][8.396s][info][gc,heap     ] GC(2) Y:   Garbage:         -               209M (5%)          177M (5%)           27M (1%)     
[2026-04-03T06:51:31.906+0600][8.396s][info][gc,heap     ] GC(2) Y: Allocated:         -                16M (0%)           16M (0%)           23M (1%)     
[2026-04-03T06:51:31.906+0600][8.396s][info][gc,heap     ] GC(2) Y: Reclaimed:         -                  -                32M (1%)          181M (5%)     
[2026-04-03T06:51:31.906+0600][8.396s][info][gc,heap     ] GC(2) Y:  Promoted:         -                  -                 0M (0%)            0M (0%)     
[2026-04-03T06:51:31.906+0600][8.396s][info][gc,heap     ] GC(2) Y: Compacted:         -                  -                  -                 8M (0%)     
[2026-04-03T06:51:31.906+0600][8.396s][info][gc,phases   ] GC(2) Y: Young Generation 234M(6%)->76M(2%) 0.072s
[2026-04-03T06:51:31.906+0600][8.396s][info][gc,phases   ] GC(2) O: Old Generation
[2026-04-03T06:51:31.907+0600][8.398s][info][gc,phases   ] GC(2) O: Concurrent Mark 1.134ms
[2026-04-03T06:51:31.907+0600][8.398s][info][gc,phases   ] GC(2) O: Pause Mark End 0.022ms
[2026-04-03T06:51:31.907+0600][8.398s][info][gc,phases   ] GC(2) O: Concurrent Mark Free 0.002ms
[2026-04-03T06:51:31.917+0600][8.408s][info][gc,phases   ] GC(2) O: Concurrent Process Non-Strong 9.954ms
[2026-04-03T06:51:31.917+0600][8.408s][info][gc,phases   ] GC(2) O: Concurrent Reset Relocation Set 0.001ms
[2026-04-03T06:51:31.920+0600][8.410s][info][gc,phases   ] GC(2) O: Concurrent Select Relocation Set 2.501ms
[2026-04-03T06:51:31.920+0600][8.411s][info][gc,task     ] GC(2) O: Using 2 Workers for Old Generation
[2026-04-03T06:51:31.944+0600][8.435s][info][gc,task     ] GC(2) O: Using 1 Workers for Old Generation
[2026-04-03T06:51:31.945+0600][8.435s][info][gc,phases   ] GC(2) O: Concurrent Remap Roots 24.550ms
[2026-04-03T06:51:31.945+0600][8.435s][info][gc,phases   ] GC(2) O: Pause Relocate Start 0.025ms
[2026-04-03T06:51:31.945+0600][8.436s][info][gc,phases   ] GC(2) O: Concurrent Relocate 0.428ms
[2026-04-03T06:51:31.945+0600][8.436s][info][gc,alloc    ] GC(2) O:                         Mark Start        Mark End      Relocate Start    Relocate End   
[2026-04-03T06:51:31.946+0600][8.436s][info][gc,alloc    ] GC(2) O: Allocation Stalls:          0                0                0                0         
[2026-04-03T06:51:31.946+0600][8.436s][info][gc,load     ] GC(2) O: Load: 6.55 (55%) / 8.32 (69%) / 7.43 (62%)
[2026-04-03T06:51:31.946+0600][8.436s][info][gc,mmu      ] GC(2) O: MMU: 2ms/98.6%, 5ms/99.4%, 10ms/99.5%, 20ms/99.7%, 50ms/99.8%, 100ms/99.9%
[2026-04-03T06:51:31.946+0600][8.436s][info][gc,marking  ] GC(2) O: Mark: 1 stripe(s), 1 proactive flush(es), 1 terminate flush(es), 0 completion(s), 0 continuation(s) 
[2026-04-03T06:51:31.946+0600][8.436s][info][gc,marking  ] GC(2) O: Mark Stack Usage: 0M
[2026-04-03T06:51:31.946+0600][8.436s][info][gc,nmethod  ] GC(2) O: NMethods: 2543 registered, 0 unregistered
[2026-04-03T06:51:31.946+0600][8.436s][info][gc,metaspace] GC(2) O: Metaspace: 36M used, 37M committed, 1088M reserved
[2026-04-03T06:51:31.946+0600][8.436s][info][gc,ref      ] GC(2) O:                       Encountered   Discovered     Enqueued 
[2026-04-03T06:51:31.946+0600][8.436s][info][gc,ref      ] GC(2) O: Soft References:             3864            0            0 
[2026-04-03T06:51:31.946+0600][8.436s][info][gc,ref      ] GC(2) O: Weak References:             2983            0            0 
[2026-04-03T06:51:31.946+0600][8.436s][info][gc,ref      ] GC(2) O: Final References:              80            0            0 
[2026-04-03T06:51:31.946+0600][8.436s][info][gc,ref      ] GC(2) O: Phantom References:           569            0            0 
[2026-04-03T06:51:31.946+0600][8.436s][info][gc,heap     ] GC(2) O: Min Capacity: 8M(0%)
[2026-04-03T06:51:31.946+0600][8.436s][info][gc,heap     ] GC(2) O: Max Capacity: 3922M(100%)
[2026-04-03T06:51:31.946+0600][8.436s][info][gc,heap     ] GC(2) O: Soft Max Capacity: 3529M(90%)
[2026-04-03T06:51:31.946+0600][8.436s][info][gc,heap     ] GC(2) O: Heap Statistics:
[2026-04-03T06:51:31.946+0600][8.436s][info][gc,heap     ] GC(2) O:                Mark Start          Mark End        Relocate Start      Relocate End           High               Low         
[2026-04-03T06:51:31.946+0600][8.436s][info][gc,heap     ] GC(2) O:  Capacity:      436M (11%)         436M (11%)         436M (11%)         436M (11%)         436M (11%)         436M (11%)    
[2026-04-03T06:51:31.946+0600][8.436s][info][gc,heap     ] GC(2) O:      Free:     3688M (94%)        3846M (98%)        3844M (98%)        3844M (98%)        3846M (98%)        3672M (94%)    
[2026-04-03T06:51:31.946+0600][8.436s][info][gc,heap     ] GC(2) O:      Used:      234M (6%)           76M (2%)           78M (2%)           78M (2%)          250M (6%)           76M (2%)     
[2026-04-03T06:51:31.946+0600][8.436s][info][gc,heap     ] GC(2) O: Old Generation Statistics:
[2026-04-03T06:51:31.946+0600][8.436s][info][gc,heap     ] GC(2) O:                Mark Start          Mark End        Relocate Start      Relocate End    
[2026-04-03T06:51:31.946+0600][8.436s][info][gc,heap     ] GC(2) O:      Used:        0M (0%)            0M (0%)            0M (0%)            0M (0%)     
[2026-04-03T06:51:31.946+0600][8.436s][info][gc,heap     ] GC(2) O:      Live:         -                 0M (0%)            0M (0%)            0M (0%)     
[2026-04-03T06:51:31.946+0600][8.436s][info][gc,heap     ] GC(2) O:   Garbage:         -                 0M (0%)            0M (0%)            0M (0%)     
[2026-04-03T06:51:31.946+0600][8.436s][info][gc,heap     ] GC(2) O: Allocated:         -                 0M (0%)            0M (0%)            0M (0%)     
[2026-04-03T06:51:31.946+0600][8.436s][info][gc,heap     ] GC(2) O: Reclaimed:         -                  -                 0M (0%)            0M (0%)     
[2026-04-03T06:51:31.946+0600][8.436s][info][gc,heap     ] GC(2) O: Compacted:         -                  -                  -                 0M (0%)     
[2026-04-03T06:51:31.946+0600][8.436s][info][gc,phases   ] GC(2) O: Old Generation 76M(2%)->78M(2%) 0.040s
[2026-04-03T06:51:31.946+0600][8.436s][info][gc          ] GC(2) Major Collection (Metadata GC Threshold) 234M(6%)->78M(2%) 0.112s
[2026-04-03T06:51:35.376+0600][11.867s][info][gc          ] GC(3) Major Collection (Warmup)
[2026-04-03T06:51:35.377+0600][11.867s][info][gc,task     ] GC(3) Using 3 Workers for Young Generation
[2026-04-03T06:51:35.377+0600][11.867s][info][gc,task     ] GC(3) Using 1 Workers for Old Generation
[2026-04-03T06:51:35.377+0600][11.867s][info][gc,phases   ] GC(3) Y: Young Generation
[2026-04-03T06:51:35.377+0600][11.867s][info][gc,phases   ] GC(3) Y: Pause Mark Start (Major) 0.023ms
[2026-04-03T06:51:36.267+0600][12.757s][info][gc,phases   ] GC(3) Y: Concurrent Mark 889.843ms
[2026-04-03T06:51:36.267+0600][12.758s][info][gc,phases   ] GC(3) Y: Pause Mark End 0.028ms
[2026-04-03T06:51:36.267+0600][12.758s][info][gc,phases   ] GC(3) Y: Concurrent Mark Free 0.002ms
[2026-04-03T06:51:36.267+0600][12.758s][info][gc,phases   ] GC(3) Y: Concurrent Reset Relocation Set 0.033ms
[2026-04-03T06:51:36.272+0600][12.762s][info][gc,reloc    ] GC(3) Y: Using tenuring threshold: 1 (Computed)
[2026-04-03T06:51:36.280+0600][12.771s][info][gc,phases   ] GC(3) Y: Concurrent Select Relocation Set 13.203ms
[2026-04-03T06:51:36.281+0600][12.771s][info][gc,phases   ] GC(3) Y: Pause Relocate Start 0.092ms
[2026-04-03T06:51:36.328+0600][12.818s][info][gc,phases   ] GC(3) Y: Concurrent Relocate 46.680ms
[2026-04-03T06:51:36.328+0600][12.818s][info][gc,alloc    ] GC(3) Y:                         Mark Start        Mark End      Relocate Start    Relocate End   
[2026-04-03T06:51:36.328+0600][12.818s][info][gc,alloc    ] GC(3) Y: Allocation Stalls:          0                0                0                0         
[2026-04-03T06:51:36.328+0600][12.818s][info][gc,load     ] GC(3) Y: Load: 6.55 (55%) / 8.32 (69%) / 7.43 (62%)
[2026-04-03T06:51:36.328+0600][12.818s][info][gc,mmu      ] GC(3) Y: MMU: 2ms/95.4%, 5ms/98.2%, 10ms/99.1%, 20ms/99.4%, 50ms/99.8%, 100ms/99.9%
[2026-04-03T06:51:36.328+0600][12.818s][info][gc,marking  ] GC(3) Y: Mark: 2 stripe(s), 10 proactive flush(es), 1 terminate flush(es), 0 completion(s), 0 continuation(s) 
[2026-04-03T06:51:36.328+0600][12.819s][info][gc,marking  ] GC(3) Y: Mark Stack Usage: 32M
[2026-04-03T06:51:36.328+0600][12.819s][info][gc,nmethod  ] GC(3) Y: NMethods: 3215 registered, 0 unregistered
[2026-04-03T06:51:36.328+0600][12.819s][info][gc,metaspace] GC(3) Y: Metaspace: 48M used, 48M committed, 1088M reserved
[2026-04-03T06:51:36.328+0600][12.819s][info][gc,reloc    ] GC(3) Y:                        Candidates     Selected     In-Place         Size        Empty    Relocated 
[2026-04-03T06:51:36.328+0600][12.819s][info][gc,reloc    ] GC(3) Y: Small Pages:                  321           67            0         642M           0M           6M 
[2026-04-03T06:51:36.328+0600][12.819s][info][gc,reloc    ] GC(3) Y: Medium Pages:                   2            1            0          64M           0M           5M 
[2026-04-03T06:51:36.328+0600][12.819s][info][gc,reloc    ] GC(3) Y: Large Pages:                    0            0            0           0M           0M           0M 
[2026-04-03T06:51:36.328+0600][12.819s][info][gc,reloc    ] GC(3) Y: Forwarding Usage: 3M
[2026-04-03T06:51:36.328+0600][12.819s][info][gc,reloc    ] GC(3) Y: Age Table:
[2026-04-03T06:51:36.328+0600][12.819s][info][gc,reloc    ] GC(3) Y:                    Live             Garbage             Small              Medium             Large        
[2026-04-03T06:51:36.328+0600][12.819s][info][gc,reloc    ] GC(3) Y: Eden             477M (12%)         168M (4%)         307 / 64             1 / 0              0 / 0        
[2026-04-03T06:51:36.328+0600][12.819s][info][gc,reloc    ] GC(3) Y: Survivor 1         5M (0%)            2M (0%)           4 / 2              0 / 0              0 / 0        
[2026-04-03T06:51:36.328+0600][12.819s][info][gc,reloc    ] GC(3) Y: Survivor 2        14M (0%)           29M (1%)           6 / 0              1 / 1              0 / 0        
[2026-04-03T06:51:36.328+0600][12.819s][info][gc,reloc    ] GC(3) Y: Survivor 3         4M (0%)            3M (0%)           4 / 1              0 / 0              0 / 0        
[2026-04-03T06:51:36.328+0600][12.819s][info][gc,heap     ] GC(3) Y: Min Capacity: 8M(0%)
[2026-04-03T06:51:36.328+0600][12.819s][info][gc,heap     ] GC(3) Y: Max Capacity: 3922M(100%)
[2026-04-03T06:51:36.328+0600][12.819s][info][gc,heap     ] GC(3) Y: Soft Max Capacity: 3529M(90%)
[2026-04-03T06:51:36.328+0600][12.819s][info][gc,heap     ] GC(3) Y: Heap Statistics:
[2026-04-03T06:51:36.328+0600][12.819s][info][gc,heap     ] GC(3) Y:                Mark Start          Mark End        Relocate Start      Relocate End           High               Low         
[2026-04-03T06:51:36.328+0600][12.819s][info][gc,heap     ] GC(3) Y:  Capacity:      706M (18%)         940M (24%)         940M (24%)        1010M (26%)        1010M (26%)         706M (18%)    
[2026-04-03T06:51:36.328+0600][12.819s][info][gc,heap     ] GC(3) Y:      Free:     3216M (82%)        2982M (76%)        2982M (76%)        3108M (79%)        3216M (82%)        2912M (74%)    
[2026-04-03T06:51:36.328+0600][12.819s][info][gc,heap     ] GC(3) Y:      Used:      706M (18%)         940M (24%)         940M (24%)         814M (21%)        1010M (26%)         706M (18%)    
[2026-04-03T06:51:36.328+0600][12.819s][info][gc,heap     ] GC(3) Y: Young Generation Statistics:
[2026-04-03T06:51:36.328+0600][12.819s][info][gc,heap     ] GC(3) Y:                Mark Start          Mark End        Relocate Start      Relocate End    
[2026-04-03T06:51:36.328+0600][12.819s][info][gc,heap     ] GC(3) Y:      Used:      706M (18%)         940M (24%)         920M (23%)         756M (19%)    
[2026-04-03T06:51:36.328+0600][12.819s][info][gc,heap     ] GC(3) Y:      Live:         -               502M (13%)         485M (12%)         477M (12%)    
[2026-04-03T06:51:36.328+0600][12.819s][info][gc,heap     ] GC(3) Y:   Garbage:         -               203M (5%)          200M (5%)            7M (0%)     
[2026-04-03T06:51:36.328+0600][12.819s][info][gc,heap     ] GC(3) Y: Allocated:         -               234M (6%)          234M (6%)          270M (7%)     
[2026-04-03T06:51:36.328+0600][12.819s][info][gc,heap     ] GC(3) Y: Reclaimed:         -                  -                 2M (0%)          196M (5%)     
[2026-04-03T06:51:36.328+0600][12.819s][info][gc,heap     ] GC(3) Y:  Promoted:         -                  -                17M (0%)           24M (1%)     
[2026-04-03T06:51:36.328+0600][12.819s][info][gc,heap     ] GC(3) Y: Compacted:         -                  -                  -                 7M (0%)     
[2026-04-03T06:51:36.328+0600][12.819s][info][gc,phases   ] GC(3) Y: Young Generation 706M(18%)->814M(21%) 0.951s
[2026-04-03T06:51:36.328+0600][12.819s][info][gc,phases   ] GC(3) O: Old Generation
[2026-04-03T06:51:36.331+0600][12.822s][info][gc,phases   ] GC(3) O: Concurrent Mark 2.875ms
[2026-04-03T06:51:36.332+0600][12.822s][info][gc,phases   ] GC(3) O: Pause Mark End 0.097ms
[2026-04-03T06:51:36.332+0600][12.822s][info][gc,phases   ] GC(3) O: Concurrent Mark Free 0.002ms
[2026-04-03T06:51:36.346+0600][12.837s][info][gc,phases   ] GC(3) O: Concurrent Process Non-Strong 14.541ms
[2026-04-03T06:51:36.346+0600][12.837s][info][gc,phases   ] GC(3) O: Concurrent Reset Relocation Set 0.002ms
[2026-04-03T06:51:36.349+0600][12.840s][info][gc,phases   ] GC(3) O: Concurrent Select Relocation Set 2.412ms
[2026-04-03T06:51:36.349+0600][12.840s][info][gc,task     ] GC(3) O: Using 3 Workers for Old Generation
[2026-04-03T06:51:36.370+0600][12.861s][info][gc,task     ] GC(3) O: Using 1 Workers for Old Generation
[2026-04-03T06:51:36.370+0600][12.861s][info][gc,phases   ] GC(3) O: Concurrent Remap Roots 21.069ms
[2026-04-03T06:51:36.370+0600][12.861s][info][gc,phases   ] GC(3) O: Pause Relocate Start 0.032ms
[2026-04-03T06:51:36.371+0600][12.862s][info][gc,phases   ] GC(3) O: Concurrent Relocate 0.534ms
[2026-04-03T06:51:36.371+0600][12.862s][info][gc,alloc    ] GC(3) O:                         Mark Start        Mark End      Relocate Start    Relocate End   
[2026-04-03T06:51:36.371+0600][12.862s][info][gc,alloc    ] GC(3) O: Allocation Stalls:          0                0                0                0         
[2026-04-03T06:51:36.371+0600][12.862s][info][gc,load     ] GC(3) O: Load: 6.55 (55%) / 8.32 (69%) / 7.43 (62%)
[2026-04-03T06:51:36.371+0600][12.862s][info][gc,mmu      ] GC(3) O: MMU: 2ms/95.2%, 5ms/98.1%, 10ms/99.0%, 20ms/99.4%, 50ms/99.7%, 100ms/99.8%
[2026-04-03T06:51:36.371+0600][12.862s][info][gc,marking  ] GC(3) O: Mark: 1 stripe(s), 1 proactive flush(es), 1 terminate flush(es), 0 completion(s), 0 continuation(s) 
[2026-04-03T06:51:36.371+0600][12.862s][info][gc,marking  ] GC(3) O: Mark Stack Usage: 0M
[2026-04-03T06:51:36.371+0600][12.862s][info][gc,nmethod  ] GC(3) O: NMethods: 3091 registered, 124 unregistered
[2026-04-03T06:51:36.371+0600][12.862s][info][gc,metaspace] GC(3) O: Metaspace: 48M used, 48M committed, 1088M reserved
[2026-04-03T06:51:36.372+0600][12.862s][info][gc,ref      ] GC(3) O:                       Encountered   Discovered     Enqueued 
[2026-04-03T06:51:36.372+0600][12.862s][info][gc,ref      ] GC(3) O: Soft References:             3981            0            0 
[2026-04-03T06:51:36.372+0600][12.862s][info][gc,ref      ] GC(3) O: Weak References:             4158            0            0 
[2026-04-03T06:51:36.372+0600][12.862s][info][gc,ref      ] GC(3) O: Final References:              82            0            0 
[2026-04-03T06:51:36.372+0600][12.862s][info][gc,ref      ] GC(3) O: Phantom References:           586            0            0 
[2026-04-03T06:51:36.372+0600][12.862s][info][gc,heap     ] GC(3) O: Min Capacity: 8M(0%)
[2026-04-03T06:51:36.372+0600][12.862s][info][gc,heap     ] GC(3) O: Max Capacity: 3922M(100%)
[2026-04-03T06:51:36.372+0600][12.862s][info][gc,heap     ] GC(3) O: Soft Max Capacity: 3529M(90%)
[2026-04-03T06:51:36.372+0600][12.862s][info][gc,heap     ] GC(3) O: Heap Statistics:
[2026-04-03T06:51:36.372+0600][12.862s][info][gc,heap     ] GC(3) O:                Mark Start          Mark End        Relocate Start      Relocate End           High               Low         
[2026-04-03T06:51:36.372+0600][12.862s][info][gc,heap     ] GC(3) O:  Capacity:      706M (18%)        1010M (26%)        1010M (26%)        1010M (26%)        1010M (26%)         706M (18%)    
[2026-04-03T06:51:36.372+0600][12.862s][info][gc,heap     ] GC(3) O:      Free:     3216M (82%)        3108M (79%)        3108M (79%)        3108M (79%)        3216M (82%)        2912M (74%)    
[2026-04-03T06:51:36.372+0600][12.862s][info][gc,heap     ] GC(3) O:      Used:      706M (18%)         814M (21%)         814M (21%)         814M (21%)        1010M (26%)         706M (18%)    
[2026-04-03T06:51:36.372+0600][12.862s][info][gc,heap     ] GC(3) O: Old Generation Statistics:
[2026-04-03T06:51:36.372+0600][12.862s][info][gc,heap     ] GC(3) O:                Mark Start          Mark End        Relocate Start      Relocate End    
[2026-04-03T06:51:36.372+0600][12.862s][info][gc,heap     ] GC(3) O:      Used:        0M (0%)           58M (1%)           58M (1%)           58M (1%)     
[2026-04-03T06:51:36.372+0600][12.862s][info][gc,heap     ] GC(3) O:      Live:         -                 0M (0%)            0M (0%)            0M (0%)     
[2026-04-03T06:51:36.372+0600][12.862s][info][gc,heap     ] GC(3) O:   Garbage:         -                 0M (0%)            0M (0%)            0M (0%)     
[2026-04-03T06:51:36.372+0600][12.862s][info][gc,heap     ] GC(3) O: Allocated:         -                58M (1%)           58M (1%)           58M (1%)     
[2026-04-03T06:51:36.372+0600][12.862s][info][gc,heap     ] GC(3) O: Reclaimed:         -                  -                 0M (0%)            0M (0%)     
[2026-04-03T06:51:36.372+0600][12.862s][info][gc,heap     ] GC(3) O: Compacted:         -                  -                  -                 0M (0%)     
[2026-04-03T06:51:36.372+0600][12.862s][info][gc,phases   ] GC(3) O: Old Generation 814M(21%)->814M(21%) 0.043s
[2026-04-03T06:51:36.372+0600][12.862s][info][gc          ] GC(3) Major Collection (Warmup) 706M(18%)->814M(21%) 0.995s
[2026-04-03T06:51:39.935+0600][16.426s][info][gc          ] GC(4) Major Collection (System.gc())
[2026-04-03T06:51:39.935+0600][16.426s][info][gc,task     ] GC(4) Using 3 Workers for Young Generation
[2026-04-03T06:51:39.935+0600][16.426s][info][gc,task     ] GC(4) Using 3 Workers for Old Generation
[2026-04-03T06:51:39.935+0600][16.426s][info][gc,phases   ] GC(4) Y: Young Generation (Promote All)
[2026-04-03T06:51:39.935+0600][16.426s][info][gc,phases   ] GC(4) Y: Pause Mark Start 0.026ms
[2026-04-03T06:51:39.958+0600][16.448s][info][gc,phases   ] GC(4) Y: Concurrent Mark 22.351ms
[2026-04-03T06:51:39.958+0600][16.449s][info][gc,phases   ] GC(4) Y: Pause Mark End 0.034ms
[2026-04-03T06:51:39.958+0600][16.449s][info][gc,phases   ] GC(4) Y: Concurrent Mark Free 0.002ms
[2026-04-03T06:51:39.958+0600][16.449s][info][gc,phases   ] GC(4) Y: Concurrent Reset Relocation Set 0.044ms
[2026-04-03T06:51:39.963+0600][16.454s][info][gc,reloc    ] GC(4) Y: Using tenuring threshold: 0 (Promote All)
[2026-04-03T06:51:39.970+0600][16.461s][info][gc,phases   ] GC(4) Y: Concurrent Select Relocation Set 11.884ms
[2026-04-03T06:51:39.970+0600][16.461s][info][gc,phases   ] GC(4) Y: Pause Relocate Start 0.021ms
[2026-04-03T06:51:39.980+0600][16.471s][info][gc,phases   ] GC(4) Y: Concurrent Relocate 9.949ms
[2026-04-03T06:51:39.981+0600][16.471s][info][gc,alloc    ] GC(4) Y:                         Mark Start        Mark End      Relocate Start    Relocate End   
[2026-04-03T06:51:39.981+0600][16.471s][info][gc,alloc    ] GC(4) Y: Allocation Stalls:          0                0                0                0         
[2026-04-03T06:51:39.981+0600][16.471s][info][gc,load     ] GC(4) Y: Load: 6.35 (53%) / 8.25 (69%) / 7.41 (62%)
[2026-04-03T06:51:39.981+0600][16.471s][info][gc,mmu      ] GC(4) Y: MMU: 2ms/95.2%, 5ms/98.1%, 10ms/99.0%, 20ms/99.4%, 50ms/99.7%, 100ms/99.8%
[2026-04-03T06:51:39.981+0600][16.471s][info][gc,marking  ] GC(4) Y: Mark: 2 stripe(s), 3 proactive flush(es), 1 terminate flush(es), 0 completion(s), 0 continuation(s) 
[2026-04-03T06:51:39.981+0600][16.471s][info][gc,marking  ] GC(4) Y: Mark Stack Usage: 32M
[2026-04-03T06:51:39.981+0600][16.471s][info][gc,nmethod  ] GC(4) Y: NMethods: 3605 registered, 124 unregistered
[2026-04-03T06:51:39.981+0600][16.471s][info][gc,metaspace] GC(4) Y: Metaspace: 56M used, 56M committed, 1088M reserved
[2026-04-03T06:51:39.981+0600][16.471s][info][gc,reloc    ] GC(4) Y:                        Candidates     Selected     In-Place         Size        Empty    Relocated 
[2026-04-03T06:51:39.981+0600][16.471s][info][gc,reloc    ] GC(4) Y: Small Pages:                  412           58            0         824M         698M           2M 
[2026-04-03T06:51:39.981+0600][16.471s][info][gc,reloc    ] GC(4) Y: Medium Pages:                   2            0            0          64M          32M           0M 
[2026-04-03T06:51:39.981+0600][16.471s][info][gc,reloc    ] GC(4) Y: Large Pages:                    1            0            0           6M           6M           0M 
[2026-04-03T06:51:39.981+0600][16.471s][info][gc,reloc    ] GC(4) Y: Forwarding Usage: 1M
[2026-04-03T06:51:39.981+0600][16.471s][info][gc,reloc    ] GC(4) Y: Age Table:
[2026-04-03T06:51:39.981+0600][16.471s][info][gc,reloc    ] GC(4) Y:                    Live             Garbage             Small              Medium             Large        
[2026-04-03T06:51:39.981+0600][16.471s][info][gc,reloc    ] GC(4) Y: Eden               2M (0%)          369M (9%)         167 / 53             1 / 0              1 / 0        
[2026-04-03T06:51:39.981+0600][16.471s][info][gc,reloc    ] GC(4) Y: Survivor 1         5M (0%)          516M (13%)        245 / 5              1 / 0              0 / 0        
[2026-04-03T06:51:39.981+0600][16.471s][info][gc,heap     ] GC(4) Y: Min Capacity: 8M(0%)
[2026-04-03T06:51:39.981+0600][16.471s][info][gc,heap     ] GC(4) Y: Max Capacity: 3922M(100%)
[2026-04-03T06:51:39.981+0600][16.471s][info][gc,heap     ] GC(4) Y: Soft Max Capacity: 3529M(90%)
[2026-04-03T06:51:39.981+0600][16.471s][info][gc,heap     ] GC(4) Y: Heap Statistics:
[2026-04-03T06:51:39.981+0600][16.471s][info][gc,heap     ] GC(4) Y:                Mark Start          Mark End        Relocate Start      Relocate End           High               Low         
[2026-04-03T06:51:39.981+0600][16.471s][info][gc,heap     ] GC(4) Y:  Capacity:     1010M (26%)        1010M (26%)        1010M (26%)        1010M (26%)        1010M (26%)        1010M (26%)    
[2026-04-03T06:51:39.981+0600][16.471s][info][gc,heap     ] GC(4) Y:      Free:     2970M (76%)        2968M (76%)        3704M (94%)        3816M (97%)        3816M (97%)        2968M (76%)    
[2026-04-03T06:51:39.981+0600][16.471s][info][gc,heap     ] GC(4) Y:      Used:      952M (24%)         954M (24%)         218M (6%)          106M (3%)          954M (24%)         106M (3%)     
[2026-04-03T06:51:39.981+0600][16.471s][info][gc,heap     ] GC(4) Y: Young Generation Statistics:
[2026-04-03T06:51:39.981+0600][16.471s][info][gc,heap     ] GC(4) Y:                Mark Start          Mark End        Relocate Start      Relocate End    
[2026-04-03T06:51:39.981+0600][16.471s][info][gc,heap     ] GC(4) Y:      Used:      894M (23%)         896M (23%)         122M (3%)            2M (0%)     
[2026-04-03T06:51:39.981+0600][16.471s][info][gc,heap     ] GC(4) Y:      Live:         -                 8M (0%)            2M (0%)            0M (0%)     
[2026-04-03T06:51:39.981+0600][16.471s][info][gc,heap     ] GC(4) Y:   Garbage:         -               885M (23%)         117M (3%)            0M (0%)     
[2026-04-03T06:51:39.981+0600][16.471s][info][gc,heap     ] GC(4) Y: Allocated:         -                 2M (0%)            2M (0%)            2M (0%)     
[2026-04-03T06:51:39.981+0600][16.471s][info][gc,heap     ] GC(4) Y: Reclaimed:         -                  -               768M (20%)         885M (23%)    
[2026-04-03T06:51:39.981+0600][16.471s][info][gc,heap     ] GC(4) Y:  Promoted:         -                  -                 5M (0%)            8M (0%)     
[2026-04-03T06:51:39.981+0600][16.471s][info][gc,heap     ] GC(4) Y: Compacted:         -                  -                  -                 0M (0%)     
[2026-04-03T06:51:39.981+0600][16.471s][info][gc,phases   ] GC(4) Y: Young Generation (Promote All) 952M(24%)->106M(3%) 0.045s
[2026-04-03T06:51:39.981+0600][16.471s][info][gc,phases   ] GC(4) Y: Young Generation (Collect Roots)
[2026-04-03T06:51:39.981+0600][16.472s][info][gc,phases   ] GC(4) Y: Pause Mark Start (Major) 0.026ms
[2026-04-03T06:51:39.988+0600][16.479s][info][gc,phases   ] GC(4) Y: Concurrent Mark 7.224ms
[2026-04-03T06:51:39.989+0600][16.479s][info][gc,phases   ] GC(4) Y: Pause Mark End 0.022ms
[2026-04-03T06:51:39.989+0600][16.479s][info][gc,phases   ] GC(4) Y: Concurrent Mark Free 0.001ms
[2026-04-03T06:51:39.989+0600][16.479s][info][gc,phases   ] GC(4) Y: Concurrent Reset Relocation Set 0.024ms
[2026-04-03T06:51:39.993+0600][16.484s][info][gc,reloc    ] GC(4) Y: Using tenuring threshold: 1 (Computed)
[2026-04-03T06:51:39.994+0600][16.484s][info][gc,phases   ] GC(4) Y: Concurrent Select Relocation Set 4.789ms
[2026-04-03T06:51:39.994+0600][16.484s][info][gc,phases   ] GC(4) Y: Pause Relocate Start 0.011ms
[2026-04-03T06:51:39.994+0600][16.484s][info][gc,phases   ] GC(4) Y: Concurrent Relocate 0.188ms
[2026-04-03T06:51:39.994+0600][16.485s][info][gc,alloc    ] GC(4) Y:                         Mark Start        Mark End      Relocate Start    Relocate End   
[2026-04-03T06:51:39.994+0600][16.485s][info][gc,alloc    ] GC(4) Y: Allocation Stalls:          0                0                0                0         
[2026-04-03T06:51:39.994+0600][16.485s][info][gc,load     ] GC(4) Y: Load: 6.35 (53%) / 8.25 (69%) / 7.41 (62%)
[2026-04-03T06:51:39.994+0600][16.485s][info][gc,mmu      ] GC(4) Y: MMU: 2ms/95.2%, 5ms/98.1%, 10ms/99.0%, 20ms/99.4%, 50ms/99.7%, 100ms/99.8%
[2026-04-03T06:51:39.994+0600][16.485s][info][gc,marking  ] GC(4) Y: Mark: 2 stripe(s), 1 proactive flush(es), 1 terminate flush(es), 0 completion(s), 0 continuation(s) 
[2026-04-03T06:51:39.994+0600][16.485s][info][gc,marking  ] GC(4) Y: Mark Stack Usage: 32M
[2026-04-03T06:51:39.994+0600][16.485s][info][gc,nmethod  ] GC(4) Y: NMethods: 3605 registered, 124 unregistered
[2026-04-03T06:51:39.994+0600][16.485s][info][gc,metaspace] GC(4) Y: Metaspace: 56M used, 56M committed, 1088M reserved
[2026-04-03T06:51:39.994+0600][16.485s][info][gc,reloc    ] GC(4) Y:                        Candidates     Selected     In-Place         Size        Empty    Relocated 
[2026-04-03T06:51:39.994+0600][16.485s][info][gc,reloc    ] GC(4) Y: Small Pages:                    1            0            0           2M           0M           0M 
[2026-04-03T06:51:39.994+0600][16.485s][info][gc,reloc    ] GC(4) Y: Medium Pages:                   0            0            0           0M           0M           0M 
[2026-04-03T06:51:39.994+0600][16.485s][info][gc,reloc    ] GC(4) Y: Large Pages:                    0            0            0           0M           0M           0M 
[2026-04-03T06:51:39.994+0600][16.485s][info][gc,reloc    ] GC(4) Y: Forwarding Usage: 0M
[2026-04-03T06:51:39.994+0600][16.485s][info][gc,reloc    ] GC(4) Y: Age Table:
[2026-04-03T06:51:39.994+0600][16.485s][info][gc,reloc    ] GC(4) Y:                    Live             Garbage             Small              Medium             Large        
[2026-04-03T06:51:39.994+0600][16.485s][info][gc,reloc    ] GC(4) Y: Eden               0M (0%)            1M (0%)           1 / 0              0 / 0              0 / 0        
[2026-04-03T06:51:39.994+0600][16.485s][info][gc,heap     ] GC(4) Y: Min Capacity: 8M(0%)
[2026-04-03T06:51:39.994+0600][16.485s][info][gc,heap     ] GC(4) Y: Max Capacity: 3922M(100%)
[2026-04-03T06:51:39.994+0600][16.485s][info][gc,heap     ] GC(4) Y: Soft Max Capacity: 3529M(90%)
[2026-04-03T06:51:39.994+0600][16.485s][info][gc,heap     ] GC(4) Y: Heap Statistics:
[2026-04-03T06:51:39.994+0600][16.485s][info][gc,heap     ] GC(4) Y:                Mark Start          Mark End        Relocate Start      Relocate End           High               Low         
[2026-04-03T06:51:39.994+0600][16.485s][info][gc,heap     ] GC(4) Y:  Capacity:     1010M (26%)        1010M (26%)        1010M (26%)        1010M (26%)        1010M (26%)        1010M (26%)    
[2026-04-03T06:51:39.994+0600][16.485s][info][gc,heap     ] GC(4) Y:      Free:     3816M (97%)        3816M (97%)        3816M (97%)        3816M (97%)        3816M (97%)        3816M (97%)    
[2026-04-03T06:51:39.994+0600][16.485s][info][gc,heap     ] GC(4) Y:      Used:      106M (3%)          106M (3%)          106M (3%)          106M (3%)          106M (3%)          106M (3%)     
[2026-04-03T06:51:39.994+0600][16.485s][info][gc,heap     ] GC(4) Y: Young Generation Statistics:
[2026-04-03T06:51:39.994+0600][16.485s][info][gc,heap     ] GC(4) Y:                Mark Start          Mark End        Relocate Start      Relocate End    
[2026-04-03T06:51:39.994+0600][16.485s][info][gc,heap     ] GC(4) Y:      Used:        2M (0%)            2M (0%)            2M (0%)            2M (0%)     
[2026-04-03T06:51:39.994+0600][16.485s][info][gc,heap     ] GC(4) Y:      Live:         -                 0M (0%)            0M (0%)            0M (0%)     
[2026-04-03T06:51:39.994+0600][16.485s][info][gc,heap     ] GC(4) Y:   Garbage:         -                 1M (0%)            1M (0%)            1M (0%)     
[2026-04-03T06:51:39.994+0600][16.485s][info][gc,heap     ] GC(4) Y: Allocated:         -                 0M (0%)            0M (0%)            0M (0%)     
[2026-04-03T06:51:39.994+0600][16.485s][info][gc,heap     ] GC(4) Y: Reclaimed:         -                  -                 0M (0%)            0M (0%)     
[2026-04-03T06:51:39.994+0600][16.485s][info][gc,heap     ] GC(4) Y:  Promoted:         -                  -                 0M (0%)            0M (0%)     
[2026-04-03T06:51:39.994+0600][16.485s][info][gc,heap     ] GC(4) Y: Compacted:         -                  -                  -                 0M (0%)     
[2026-04-03T06:51:39.994+0600][16.485s][info][gc,phases   ] GC(4) Y: Young Generation (Collect Roots) 106M(3%)->106M(3%) 0.013s
[2026-04-03T06:51:39.994+0600][16.485s][info][gc,phases   ] GC(4) O: Old Generation
[2026-04-03T06:51:40.019+0600][16.510s][info][gc,phases   ] GC(4) O: Concurrent Mark 25.024ms
[2026-04-03T06:51:40.020+0600][16.510s][info][gc,phases   ] GC(4) O: Pause Mark End 0.028ms
[2026-04-03T06:51:40.020+0600][16.510s][info][gc,phases   ] GC(4) O: Concurrent Mark Free 0.003ms
[2026-04-03T06:51:40.026+0600][16.516s][info][gc,phases   ] GC(4) O: Concurrent Process Non-Strong 5.845ms
[2026-04-03T06:51:40.026+0600][16.516s][info][gc,phases   ] GC(4) O: Concurrent Reset Relocation Set 0.002ms
[2026-04-03T06:51:40.032+0600][16.522s][info][gc,phases   ] GC(4) O: Concurrent Select Relocation Set 5.893ms
[2026-04-03T06:51:40.032+0600][16.522s][info][gc,task     ] GC(4) O: Using 3 Workers for Old Generation
[2026-04-03T06:51:40.048+0600][16.539s][info][gc,task     ] GC(4) O: Using 3 Workers for Old Generation
[2026-04-03T06:51:40.049+0600][16.539s][info][gc,phases   ] GC(4) O: Concurrent Remap Roots 16.815ms
[2026-04-03T06:51:40.049+0600][16.539s][info][gc,phases   ] GC(4) O: Pause Relocate Start 0.022ms
[2026-04-03T06:51:40.054+0600][16.545s][info][gc,phases   ] GC(4) O: Concurrent Relocate 5.119ms
[2026-04-03T06:51:40.054+0600][16.545s][info][gc,alloc    ] GC(4) O:                         Mark Start        Mark End      Relocate Start    Relocate End   
[2026-04-03T06:51:40.054+0600][16.545s][info][gc,alloc    ] GC(4) O: Allocation Stalls:          0                0                0                0         
[2026-04-03T06:51:40.054+0600][16.545s][info][gc,load     ] GC(4) O: Load: 6.35 (53%) / 8.25 (69%) / 7.41 (62%)
[2026-04-03T06:51:40.054+0600][16.545s][info][gc,mmu      ] GC(4) O: MMU: 2ms/95.2%, 5ms/98.1%, 10ms/99.0%, 20ms/99.4%, 50ms/99.7%, 100ms/99.8%
[2026-04-03T06:51:40.054+0600][16.545s][info][gc,marking  ] GC(4) O: Mark: 2 stripe(s), 1 proactive flush(es), 1 terminate flush(es), 0 completion(s), 0 continuation(s) 
[2026-04-03T06:51:40.054+0600][16.545s][info][gc,marking  ] GC(4) O: Mark Stack Usage: 32M
[2026-04-03T06:51:40.054+0600][16.545s][info][gc,nmethod  ] GC(4) O: NMethods: 3454 registered, 281 unregistered
[2026-04-03T06:51:40.054+0600][16.545s][info][gc,metaspace] GC(4) O: Metaspace: 56M used, 56M committed, 1088M reserved
[2026-04-03T06:51:40.054+0600][16.545s][info][gc,ref      ] GC(4) O:                       Encountered   Discovered     Enqueued 
[2026-04-03T06:51:40.054+0600][16.545s][info][gc,ref      ] GC(4) O: Soft References:             4279            0            0 
[2026-04-03T06:51:40.054+0600][16.545s][info][gc,ref      ] GC(4) O: Weak References:             5400         4306         1776 
[2026-04-03T06:51:40.054+0600][16.545s][info][gc,ref      ] GC(4) O: Final References:              82            0            0 
[2026-04-03T06:51:40.054+0600][16.545s][info][gc,ref      ] GC(4) O: Phantom References:           588          454            2 
[2026-04-03T06:51:40.054+0600][16.545s][info][gc,reloc    ] GC(4) O:                        Candidates     Selected     In-Place         Size        Empty    Relocated 
[2026-04-03T06:51:40.054+0600][16.545s][info][gc,reloc    ] GC(4) O: Small Pages:                   20            5            0          40M           0M           3M 
[2026-04-03T06:51:40.054+0600][16.545s][info][gc,reloc    ] GC(4) O: Medium Pages:                   2            1            0          64M           0M           5M 
[2026-04-03T06:51:40.054+0600][16.545s][info][gc,reloc    ] GC(4) O: Large Pages:                    0            0            0           0M           0M           0M 
[2026-04-03T06:51:40.054+0600][16.545s][info][gc,reloc    ] GC(4) O: Forwarding Usage: 2M
[2026-04-03T06:51:40.054+0600][16.545s][info][gc,heap     ] GC(4) O: Min Capacity: 8M(0%)
[2026-04-03T06:51:40.054+0600][16.545s][info][gc,heap     ] GC(4) O: Max Capacity: 3922M(100%)
[2026-04-03T06:51:40.054+0600][16.545s][info][gc,heap     ] GC(4) O: Soft Max Capacity: 3529M(90%)
[2026-04-03T06:51:40.054+0600][16.545s][info][gc,heap     ] GC(4) O: Heap Statistics:
[2026-04-03T06:51:40.054+0600][16.545s][info][gc,heap     ] GC(4) O:                Mark Start          Mark End        Relocate Start      Relocate End           High               Low         
[2026-04-03T06:51:40.054+0600][16.545s][info][gc,heap     ] GC(4) O:  Capacity:     1010M (26%)        1010M (26%)        1010M (26%)        1010M (26%)        1010M (26%)        1010M (26%)    
[2026-04-03T06:51:40.054+0600][16.545s][info][gc,heap     ] GC(4) O:      Free:     3816M (97%)        3816M (97%)        3810M (97%)        3850M (98%)        3850M (98%)        3776M (96%)    
[2026-04-03T06:51:40.055+0600][16.545s][info][gc,heap     ] GC(4) O:      Used:      106M (3%)          106M (3%)          112M (3%)           72M (2%)          146M (4%)           72M (2%)     
[2026-04-03T06:51:40.055+0600][16.545s][info][gc,heap     ] GC(4) O: Old Generation Statistics:
[2026-04-03T06:51:40.055+0600][16.545s][info][gc,heap     ] GC(4) O:                Mark Start          Mark End        Relocate Start      Relocate End    
[2026-04-03T06:51:40.055+0600][16.545s][info][gc,heap     ] GC(4) O:      Used:      104M (3%)          104M (3%)          104M (3%)           64M (2%)     
[2026-04-03T06:51:40.055+0600][16.545s][info][gc,heap     ] GC(4) O:      Live:         -                32M (1%)           32M (1%)           32M (1%)     
[2026-04-03T06:51:40.055+0600][16.545s][info][gc,heap     ] GC(4) O:   Garbage:         -                71M (2%)           71M (2%)            1M (0%)     
[2026-04-03T06:51:40.055+0600][16.545s][info][gc,heap     ] GC(4) O: Allocated:         -                 0M (0%)            0M (0%)           29M (1%)     
[2026-04-03T06:51:40.055+0600][16.545s][info][gc,heap     ] GC(4) O: Reclaimed:         -                  -                 0M (0%)           69M (2%)     
[2026-04-03T06:51:40.055+0600][16.545s][info][gc,heap     ] GC(4) O: Compacted:         -                  -                  -                12M (0%)     
[2026-04-03T06:51:40.055+0600][16.545s][info][gc,phases   ] GC(4) O: Old Generation 106M(3%)->72M(2%) 0.060s
[2026-04-03T06:51:40.055+0600][16.545s][info][gc          ] GC(4) Major Collection (System.gc()) 952M(24%)->72M(2%) 0.120s
[2026-04-03T06:51:43.096+0600][19.586s][info][gc          ] GC(5) Major Collection (Warmup)
[2026-04-03T06:51:43.096+0600][19.587s][info][gc,task     ] GC(5) Using 3 Workers for Young Generation
[2026-04-03T06:51:43.096+0600][19.587s][info][gc,task     ] GC(5) Using 2 Workers for Old Generation
[2026-04-03T06:51:43.096+0600][19.587s][info][gc,phases   ] GC(5) Y: Young Generation
[2026-04-03T06:51:43.098+0600][19.589s][info][gc,phases   ] GC(5) Y: Pause Mark Start (Major) 0.028ms
[2026-04-03T06:51:43.121+0600][19.612s][info][gc,phases   ] GC(5) Y: Concurrent Mark 22.923ms
[2026-04-03T06:51:43.122+0600][19.612s][info][gc,phases   ] GC(5) Y: Pause Mark End 0.026ms
[2026-04-03T06:51:43.122+0600][19.612s][info][gc,phases   ] GC(5) Y: Concurrent Mark Free 0.001ms
[2026-04-03T06:51:43.122+0600][19.612s][info][gc,phases   ] GC(5) Y: Concurrent Reset Relocation Set 0.001ms
[2026-04-03T06:51:43.127+0600][19.618s][info][gc,reloc    ] GC(5) Y: Using tenuring threshold: 1 (Computed)
[2026-04-03T06:51:43.127+0600][19.618s][info][gc,phases   ] GC(5) Y: Concurrent Select Relocation Set 5.661ms
[2026-04-03T06:51:43.128+0600][19.618s][info][gc,phases   ] GC(5) Y: Pause Relocate Start 0.019ms
[2026-04-03T06:51:43.133+0600][19.623s][info][gc,phases   ] GC(5) Y: Concurrent Relocate 4.681ms
[2026-04-03T06:51:43.133+0600][19.623s][info][gc,alloc    ] GC(5) Y:                         Mark Start        Mark End      Relocate Start    Relocate End   
[2026-04-03T06:51:43.133+0600][19.623s][info][gc,alloc    ] GC(5) Y: Allocation Stalls:          0                0                0                0         
[2026-04-03T06:51:43.133+0600][19.623s][info][gc,load     ] GC(5) Y: Load: 6.16 (51%) / 8.18 (68%) / 7.39 (62%)
[2026-04-03T06:51:43.133+0600][19.623s][info][gc,mmu      ] GC(5) Y: MMU: 2ms/95.2%, 5ms/98.1%, 10ms/99.0%, 20ms/99.4%, 50ms/99.7%, 100ms/99.8%
[2026-04-03T06:51:43.133+0600][19.623s][info][gc,marking  ] GC(5) Y: Mark: 2 stripe(s), 2 proactive flush(es), 1 terminate flush(es), 0 completion(s), 0 continuation(s) 
[2026-04-03T06:51:43.133+0600][19.623s][info][gc,marking  ] GC(5) Y: Mark Stack Usage: 32M
[2026-04-03T06:51:43.133+0600][19.623s][info][gc,nmethod  ] GC(5) Y: NMethods: 4536 registered, 281 unregistered
[2026-04-03T06:51:43.133+0600][19.623s][info][gc,metaspace] GC(5) Y: Metaspace: 65M used, 66M committed, 1088M reserved
[2026-04-03T06:51:43.133+0600][19.623s][info][gc,reloc    ] GC(5) Y:                        Candidates     Selected     In-Place         Size        Empty    Relocated 
[2026-04-03T06:51:43.133+0600][19.623s][info][gc,reloc    ] GC(5) Y: Small Pages:                  480           82            0         960M         788M           5M 
[2026-04-03T06:51:43.133+0600][19.623s][info][gc,reloc    ] GC(5) Y: Medium Pages:                   1            0            0          32M          32M           0M 
[2026-04-03T06:51:43.133+0600][19.623s][info][gc,reloc    ] GC(5) Y: Large Pages:                    1            0            0           6M           6M           0M 
[2026-04-03T06:51:43.133+0600][19.623s][info][gc,reloc    ] GC(5) Y: Forwarding Usage: 1M
[2026-04-03T06:51:43.133+0600][19.623s][info][gc,reloc    ] GC(5) Y: Age Table:
[2026-04-03T06:51:43.133+0600][19.623s][info][gc,reloc    ] GC(5) Y:                    Live             Garbage             Small              Medium             Large        
[2026-04-03T06:51:43.133+0600][19.623s][info][gc,reloc    ] GC(5) Y: Eden               6M (0%)          989M (25%)        479 / 82             1 / 0              1 / 0        
[2026-04-03T06:51:43.133+0600][19.623s][info][gc,reloc    ] GC(5) Y: Survivor 1          -                 2M (0%)           1 / 0              0 / 0              0 / 0        
[2026-04-03T06:51:43.133+0600][19.623s][info][gc,heap     ] GC(5) Y: Min Capacity: 8M(0%)
[2026-04-03T06:51:43.133+0600][19.623s][info][gc,heap     ] GC(5) Y: Max Capacity: 3922M(100%)
[2026-04-03T06:51:43.133+0600][19.623s][info][gc,heap     ] GC(5) Y: Soft Max Capacity: 3529M(90%)
[2026-04-03T06:51:43.133+0600][19.623s][info][gc,heap     ] GC(5) Y: Heap Statistics:
[2026-04-03T06:51:43.133+0600][19.623s][info][gc,heap     ] GC(5) Y:                Mark Start          Mark End        Relocate Start      Relocate End           High               Low         
[2026-04-03T06:51:43.133+0600][19.623s][info][gc,heap     ] GC(5) Y:  Capacity:     1062M (27%)        1084M (28%)        1084M (28%)        1084M (28%)        1084M (28%)        1062M (27%)    
[2026-04-03T06:51:43.133+0600][19.623s][info][gc,heap     ] GC(5) Y:      Free:     2860M (73%)        2838M (72%)        3652M (93%)        3804M (97%)        3806M (97%)        2838M (72%)    
[2026-04-03T06:51:43.133+0600][19.623s][info][gc,heap     ] GC(5) Y:      Used:     1062M (27%)        1084M (28%)         270M (7%)          118M (3%)         1084M (28%)         116M (3%)     
[2026-04-03T06:51:43.133+0600][19.623s][info][gc,heap     ] GC(5) Y: Young Generation Statistics:
[2026-04-03T06:51:43.133+0600][19.623s][info][gc,heap     ] GC(5) Y:                Mark Start          Mark End        Relocate Start      Relocate End    
[2026-04-03T06:51:43.133+0600][19.623s][info][gc,heap     ] GC(5) Y:      Used:      998M (25%)        1020M (26%)         206M (5%)           54M (1%)     
[2026-04-03T06:51:43.133+0600][19.624s][info][gc,heap     ] GC(5) Y:      Live:         -                 6M (0%)            6M (0%)            6M (0%)     
[2026-04-03T06:51:43.133+0600][19.624s][info][gc,heap     ] GC(5) Y:   Garbage:         -               991M (25%)         165M (4%)            0M (0%)     
[2026-04-03T06:51:43.133+0600][19.624s][info][gc,heap     ] GC(5) Y: Allocated:         -                22M (1%)           34M (1%)           47M (1%)     
[2026-04-03T06:51:43.133+0600][19.624s][info][gc,heap     ] GC(5) Y: Reclaimed:         -                  -               826M (21%)         991M (25%)    
[2026-04-03T06:51:43.133+0600][19.624s][info][gc,heap     ] GC(5) Y:  Promoted:         -                  -                 0M (0%)            0M (0%)     
[2026-04-03T06:51:43.133+0600][19.624s][info][gc,heap     ] GC(5) Y: Compacted:         -                  -                  -                 6M (0%)     
[2026-04-03T06:51:43.133+0600][19.624s][info][gc,phases   ] GC(5) Y: Young Generation 1060M(27%)->118M(3%) 0.037s
[2026-04-03T06:51:43.133+0600][19.624s][info][gc,phases   ] GC(5) O: Old Generation
[2026-04-03T06:51:43.187+0600][19.678s][info][gc,phases   ] GC(5) O: Concurrent Mark 54.394ms
[2026-04-03T06:51:43.188+0600][19.678s][info][gc,phases   ] GC(5) O: Pause Mark End 0.031ms
[2026-04-03T06:51:43.188+0600][19.678s][info][gc,phases   ] GC(5) O: Concurrent Mark Free 0.001ms
[2026-04-03T06:51:43.198+0600][19.689s][info][gc,phases   ] GC(5) O: Concurrent Process Non-Strong 10.588ms
[2026-04-03T06:51:43.198+0600][19.689s][info][gc,phases   ] GC(5) O: Concurrent Reset Relocation Set 0.005ms
[2026-04-03T06:51:43.204+0600][19.695s][info][gc,phases   ] GC(5) O: Concurrent Select Relocation Set 5.730ms
[2026-04-03T06:51:43.204+0600][19.695s][info][gc,task     ] GC(5) O: Using 3 Workers for Old Generation
[2026-04-03T06:51:43.226+0600][19.716s][info][gc,task     ] GC(5) O: Using 2 Workers for Old Generation
[2026-04-03T06:51:43.226+0600][19.717s][info][gc,phases   ] GC(5) O: Concurrent Remap Roots 21.783ms
[2026-04-03T06:51:43.226+0600][19.717s][info][gc,phases   ] GC(5) O: Pause Relocate Start 0.056ms
[2026-04-03T06:51:43.228+0600][19.719s][info][gc,phases   ] GC(5) O: Concurrent Relocate 1.771ms
[2026-04-03T06:51:43.228+0600][19.719s][info][gc,alloc    ] GC(5) O:                         Mark Start        Mark End      Relocate Start    Relocate End   
[2026-04-03T06:51:43.228+0600][19.719s][info][gc,alloc    ] GC(5) O: Allocation Stalls:          0                0                0                0         
[2026-04-03T06:51:43.228+0600][19.719s][info][gc,load     ] GC(5) O: Load: 6.16 (51%) / 8.18 (68%) / 7.39 (62%)
[2026-04-03T06:51:43.228+0600][19.719s][info][gc,mmu      ] GC(5) O: MMU: 2ms/95.2%, 5ms/98.1%, 10ms/99.0%, 20ms/99.4%, 50ms/99.7%, 100ms/99.8%
[2026-04-03T06:51:43.228+0600][19.719s][info][gc,marking  ] GC(5) O: Mark: 2 stripe(s), 2 proactive flush(es), 1 terminate flush(es), 0 completion(s), 0 continuation(s) 
[2026-04-03T06:51:43.228+0600][19.719s][info][gc,marking  ] GC(5) O: Mark Stack Usage: 32M
[2026-04-03T06:51:43.228+0600][19.719s][info][gc,nmethod  ] GC(5) O: NMethods: 4276 registered, 546 unregistered
[2026-04-03T06:51:43.228+0600][19.719s][info][gc,metaspace] GC(5) O: Metaspace: 65M used, 66M committed, 1088M reserved
[2026-04-03T06:51:43.228+0600][19.719s][info][gc,ref      ] GC(5) O:                       Encountered   Discovered     Enqueued 
[2026-04-03T06:51:43.228+0600][19.719s][info][gc,ref      ] GC(5) O: Soft References:             4764            0            0 
[2026-04-03T06:51:43.228+0600][19.719s][info][gc,ref      ] GC(5) O: Weak References:             5903         1122            0 
[2026-04-03T06:51:43.228+0600][19.719s][info][gc,ref      ] GC(5) O: Final References:              82            0            0 
[2026-04-03T06:51:43.229+0600][19.719s][info][gc,ref      ] GC(5) O: Phantom References:           604          330            0 
[2026-04-03T06:51:43.229+0600][19.719s][info][gc,reloc    ] GC(5) O:                        Candidates     Selected     In-Place         Size        Empty    Relocated 
[2026-04-03T06:51:43.229+0600][19.719s][info][gc,reloc    ] GC(5) O: Small Pages:                   16            1            0          32M           0M           0M 
[2026-04-03T06:51:43.229+0600][19.719s][info][gc,reloc    ] GC(5) O: Medium Pages:                   1            0            0          32M           0M           0M 
[2026-04-03T06:51:43.229+0600][19.719s][info][gc,reloc    ] GC(5) O: Large Pages:                    0            0            0           0M           0M           0M 
[2026-04-03T06:51:43.229+0600][19.719s][info][gc,reloc    ] GC(5) O: Forwarding Usage: 0M
[2026-04-03T06:51:43.229+0600][19.719s][info][gc,heap     ] GC(5) O: Min Capacity: 8M(0%)
[2026-04-03T06:51:43.229+0600][19.719s][info][gc,heap     ] GC(5) O: Max Capacity: 3922M(100%)
[2026-04-03T06:51:43.229+0600][19.719s][info][gc,heap     ] GC(5) O: Soft Max Capacity: 3529M(90%)
[2026-04-03T06:51:43.229+0600][19.719s][info][gc,heap     ] GC(5) O: Heap Statistics:
[2026-04-03T06:51:43.229+0600][19.719s][info][gc,heap     ] GC(5) O:                Mark Start          Mark End        Relocate Start      Relocate End           High               Low         
[2026-04-03T06:51:43.229+0600][19.719s][info][gc,heap     ] GC(5) O:  Capacity:     1062M (27%)        1084M (28%)        1084M (28%)        1084M (28%)        1084M (28%)        1062M (27%)    
[2026-04-03T06:51:43.229+0600][19.719s][info][gc,heap     ] GC(5) O:      Free:     2860M (73%)        3716M (95%)        3682M (94%)        3680M (94%)        3806M (97%)        2838M (72%)    
[2026-04-03T06:51:43.229+0600][19.719s][info][gc,heap     ] GC(5) O:      Used:     1062M (27%)         206M (5%)          240M (6%)          242M (6%)         1084M (28%)         116M (3%)     
[2026-04-03T06:51:43.229+0600][19.719s][info][gc,heap     ] GC(5) O: Old Generation Statistics:
[2026-04-03T06:51:43.229+0600][19.719s][info][gc,heap     ] GC(5) O:                Mark Start          Mark End        Relocate Start      Relocate End    
[2026-04-03T06:51:43.229+0600][19.719s][info][gc,heap     ] GC(5) O:      Used:       64M (2%)           64M (2%)           64M (2%)           66M (2%)     
[2026-04-03T06:51:43.229+0600][19.719s][info][gc,heap     ] GC(5) O:      Live:         -                32M (1%)           32M (1%)           32M (1%)     
[2026-04-03T06:51:43.229+0600][19.719s][info][gc,heap     ] GC(5) O:   Garbage:         -                31M (1%)           31M (1%)           28M (1%)     
[2026-04-03T06:51:43.229+0600][19.719s][info][gc,heap     ] GC(5) O: Allocated:         -                 0M (0%)            0M (0%)            5M (0%)     
[2026-04-03T06:51:43.229+0600][19.719s][info][gc,heap     ] GC(5) O: Reclaimed:         -                  -                 0M (0%)            3M (0%)     
[2026-04-03T06:51:43.229+0600][19.719s][info][gc,heap     ] GC(5) O: Compacted:         -                  -                  -                 0M (0%)     
[2026-04-03T06:51:43.229+0600][19.719s][info][gc,phases   ] GC(5) O: Old Generation 118M(3%)->242M(6%) 0.095s
[2026-04-03T06:51:43.229+0600][19.719s][info][gc          ] GC(5) Major Collection (Warmup) 1060M(27%)->242M(6%) 0.133s
[2026-04-03T06:51:44.213+0600][20.704s][info][gc          ] GC(6) Minor Collection (Allocation Rate)
[2026-04-03T06:51:44.213+0600][20.704s][info][gc,task     ] GC(6) Using 3 Workers for Young Generation
[2026-04-03T06:51:44.213+0600][20.704s][info][gc,phases   ] GC(6) y: Young Generation
[2026-04-03T06:51:44.214+0600][20.704s][info][gc,phases   ] GC(6) y: Pause Mark Start 0.029ms
[2026-04-03T06:51:44.239+0600][20.729s][info][gc,phases   ] GC(6) y: Concurrent Mark 24.675ms
[2026-04-03T06:51:44.239+0600][20.729s][info][gc,phases   ] GC(6) y: Pause Mark End 0.031ms
[2026-04-03T06:51:44.239+0600][20.730s][info][gc,phases   ] GC(6) y: Concurrent Mark Free 0.003ms
[2026-04-03T06:51:44.239+0600][20.730s][info][gc,phases   ] GC(6) y: Concurrent Reset Relocation Set 0.022ms
[2026-04-03T06:51:44.243+0600][20.733s][info][gc,reloc    ] GC(6) y: Using tenuring threshold: 1 (Computed)
[2026-04-03T06:51:44.247+0600][20.738s][info][gc,phases   ] GC(6) y: Concurrent Select Relocation Set 8.031ms
[2026-04-03T06:51:44.247+0600][20.738s][info][gc,phases   ] GC(6) y: Pause Relocate Start 0.026ms
[2026-04-03T06:51:44.253+0600][20.743s][info][gc,phases   ] GC(6) y: Concurrent Relocate 5.149ms
[2026-04-03T06:51:44.253+0600][20.743s][info][gc,alloc    ] GC(6) y:                         Mark Start        Mark End      Relocate Start    Relocate End   
[2026-04-03T06:51:44.253+0600][20.743s][info][gc,alloc    ] GC(6) y: Allocation Stalls:          0                0                0                0         
[2026-04-03T06:51:44.253+0600][20.743s][info][gc,load     ] GC(6) y: Load: 6.16 (51%) / 8.18 (68%) / 7.39 (62%)
[2026-04-03T06:51:44.253+0600][20.743s][info][gc,mmu      ] GC(6) y: MMU: 2ms/95.2%, 5ms/98.1%, 10ms/99.0%, 20ms/99.4%, 50ms/99.7%, 100ms/99.8%
[2026-04-03T06:51:44.253+0600][20.743s][info][gc,marking  ] GC(6) y: Mark: 2 stripe(s), 7 proactive flush(es), 1 terminate flush(es), 0 completion(s), 0 continuation(s) 
[2026-04-03T06:51:44.253+0600][20.743s][info][gc,marking  ] GC(6) y: Mark Stack Usage: 32M
[2026-04-03T06:51:44.253+0600][20.743s][info][gc,nmethod  ] GC(6) y: NMethods: 4322 registered, 546 unregistered
[2026-04-03T06:51:44.253+0600][20.743s][info][gc,metaspace] GC(6) y: Metaspace: 65M used, 66M committed, 1088M reserved
[2026-04-03T06:51:44.253+0600][20.743s][info][gc,reloc    ] GC(6) y:                        Candidates     Selected     In-Place         Size        Empty    Relocated 
[2026-04-03T06:51:44.253+0600][20.743s][info][gc,reloc    ] GC(6) y: Small Pages:                  854           17            0        1708M        1666M           0M 
[2026-04-03T06:51:44.253+0600][20.743s][info][gc,reloc    ] GC(6) y: Medium Pages:                   0            0            0           0M           0M           0M 
[2026-04-03T06:51:44.253+0600][20.743s][info][gc,reloc    ] GC(6) y: Large Pages:                    0            0            0           0M           0M           0M 
[2026-04-03T06:51:44.253+0600][20.743s][info][gc,reloc    ] GC(6) y: Forwarding Usage: 0M
[2026-04-03T06:51:44.253+0600][20.743s][info][gc,reloc    ] GC(6) y: Age Table:
[2026-04-03T06:51:44.253+0600][20.743s][info][gc,reloc    ] GC(6) y:                    Live             Garbage             Small              Medium             Large        
[2026-04-03T06:51:44.253+0600][20.743s][info][gc,reloc    ] GC(6) y: Eden               0M (0%)         1693M (43%)        847 / 13             0 / 0              0 / 0        
[2026-04-03T06:51:44.253+0600][20.744s][info][gc,reloc    ] GC(6) y: Survivor 1         6M (0%)            7M (0%)           7 / 4              0 / 0              0 / 0        
[2026-04-03T06:51:44.253+0600][20.744s][info][gc,heap     ] GC(6) y: Min Capacity: 8M(0%)
[2026-04-03T06:51:44.253+0600][20.744s][info][gc,heap     ] GC(6) y: Max Capacity: 3922M(100%)
[2026-04-03T06:51:44.253+0600][20.744s][info][gc,heap     ] GC(6) y: Soft Max Capacity: 3529M(90%)
[2026-04-03T06:51:44.253+0600][20.744s][info][gc,heap     ] GC(6) y: Heap Statistics:
[2026-04-03T06:51:44.253+0600][20.744s][info][gc,heap     ] GC(6) y:                Mark Start          Mark End        Relocate Start      Relocate End           High               Low         
[2026-04-03T06:51:44.253+0600][20.744s][info][gc,heap     ] GC(6) y:  Capacity:     1774M (45%)        1800M (46%)        1800M (46%)        1800M (46%)        1800M (46%)        1774M (45%)    
[2026-04-03T06:51:44.253+0600][20.744s][info][gc,heap     ] GC(6) y:      Free:     2148M (55%)        2122M (54%)        3776M (96%)        3784M (96%)        3790M (97%)        2122M (54%)    
[2026-04-03T06:51:44.253+0600][20.744s][info][gc,heap     ] GC(6) y:      Used:     1774M (45%)        1800M (46%)         146M (4%)          138M (4%)         1800M (46%)         132M (3%)     
[2026-04-03T06:51:44.253+0600][20.744s][info][gc,heap     ] GC(6) y: Young Generation Statistics:
[2026-04-03T06:51:44.253+0600][20.744s][info][gc,heap     ] GC(6) y:                Mark Start          Mark End        Relocate Start      Relocate End    
[2026-04-03T06:51:44.253+0600][20.744s][info][gc,heap     ] GC(6) y:      Used:     1708M (44%)        1734M (44%)          74M (2%)           54M (1%)     
[2026-04-03T06:51:44.253+0600][20.744s][info][gc,heap     ] GC(6) y:      Live:         -                 6M (0%)            0M (0%)            0M (0%)     
[2026-04-03T06:51:44.253+0600][20.744s][info][gc,heap     ] GC(6) y:   Garbage:         -              1701M (43%)          35M (1%)            0M (0%)     
[2026-04-03T06:51:44.253+0600][20.744s][info][gc,heap     ] GC(6) y: Allocated:         -                26M (1%)           38M (1%)           53M (1%)     
[2026-04-03T06:51:44.253+0600][20.744s][info][gc,heap     ] GC(6) y: Reclaimed:         -                  -              1666M (42%)        1701M (43%)    
[2026-04-03T06:51:44.253+0600][20.744s][info][gc,heap     ] GC(6) y:  Promoted:         -                  -                 5M (0%)            6M (0%)     
[2026-04-03T06:51:44.253+0600][20.744s][info][gc,heap     ] GC(6) y: Compacted:         -                  -                  -                 0M (0%)     
[2026-04-03T06:51:44.253+0600][20.744s][info][gc,phases   ] GC(6) y: Young Generation 1774M(45%)->138M(4%) 0.039s
[2026-04-03T06:51:44.253+0600][20.744s][info][gc          ] GC(6) Minor Collection (Allocation Rate) 1774M(45%)->138M(4%) 0.040s
[2026-04-03T06:51:44.373+0600][20.863s][info][gc          ] GC(7) Minor Collection (Allocation Rate)
[2026-04-03T06:51:44.373+0600][20.863s][info][gc,task     ] GC(7) Using 3 Workers for Young Generation
[2026-04-03T06:51:44.373+0600][20.863s][info][gc,phases   ] GC(7) y: Young Generation
[2026-04-03T06:51:44.373+0600][20.864s][info][gc,phases   ] GC(7) y: Pause Mark Start 0.024ms
[2026-04-03T06:51:44.381+0600][20.871s][info][gc,phases   ] GC(7) y: Concurrent Mark 7.336ms
[2026-04-03T06:51:44.381+0600][20.871s][info][gc,phases   ] GC(7) y: Pause Mark End 0.047ms
[2026-04-03T06:51:44.381+0600][20.871s][info][gc,phases   ] GC(7) y: Concurrent Mark Free 0.003ms
[2026-04-03T06:51:44.381+0600][20.872s][info][gc,phases   ] GC(7) y: Concurrent Reset Relocation Set 0.012ms
[2026-04-03T06:51:44.387+0600][20.877s][info][gc,reloc    ] GC(7) y: Using tenuring threshold: 2 (Computed)
[2026-04-03T06:51:44.387+0600][20.877s][info][gc,phases   ] GC(7) y: Concurrent Select Relocation Set 5.809ms
[2026-04-03T06:51:44.387+0600][20.878s][info][gc,phases   ] GC(7) y: Pause Relocate Start 0.039ms
[2026-04-03T06:51:44.388+0600][20.878s][info][gc,phases   ] GC(7) y: Concurrent Relocate 0.291ms
[2026-04-03T06:51:44.388+0600][20.878s][info][gc,alloc    ] GC(7) y:                         Mark Start        Mark End      Relocate Start    Relocate End   
[2026-04-03T06:51:44.388+0600][20.878s][info][gc,alloc    ] GC(7) y: Allocation Stalls:          0                0                0                0         
[2026-04-03T06:51:44.388+0600][20.878s][info][gc,load     ] GC(7) y: Load: 6.16 (51%) / 8.18 (68%) / 7.39 (62%)
[2026-04-03T06:51:44.388+0600][20.878s][info][gc,mmu      ] GC(7) y: MMU: 2ms/95.2%, 5ms/98.1%, 10ms/99.0%, 20ms/99.4%, 50ms/99.7%, 100ms/99.8%
[2026-04-03T06:51:44.388+0600][20.878s][info][gc,marking  ] GC(7) y: Mark: 2 stripe(s), 2 proactive flush(es), 1 terminate flush(es), 0 completion(s), 0 continuation(s) 
[2026-04-03T06:51:44.388+0600][20.878s][info][gc,marking  ] GC(7) y: Mark Stack Usage: 32M
[2026-04-03T06:51:44.388+0600][20.878s][info][gc,nmethod  ] GC(7) y: NMethods: 4322 registered, 546 unregistered
[2026-04-03T06:51:44.388+0600][20.878s][info][gc,metaspace] GC(7) y: Metaspace: 65M used, 66M committed, 1088M reserved
[2026-04-03T06:51:44.388+0600][20.878s][info][gc,reloc    ] GC(7) y:                        Candidates     Selected     In-Place         Size        Empty    Relocated 
[2026-04-03T06:51:44.388+0600][20.878s][info][gc,reloc    ] GC(7) y: Small Pages:                  177            7            0         354M         338M           0M 
[2026-04-03T06:51:44.388+0600][20.878s][info][gc,reloc    ] GC(7) y: Medium Pages:                   0            0            0           0M           0M           0M 
[2026-04-03T06:51:44.388+0600][20.878s][info][gc,reloc    ] GC(7) y: Large Pages:                    0            0            0           0M           0M           0M 
[2026-04-03T06:51:44.388+0600][20.878s][info][gc,reloc    ] GC(7) y: Forwarding Usage: 0M
[2026-04-03T06:51:44.388+0600][20.878s][info][gc,reloc    ] GC(7) y: Age Table:
[2026-04-03T06:51:44.388+0600][20.878s][info][gc,reloc    ] GC(7) y:                    Live             Garbage             Small              Medium             Large        
[2026-04-03T06:51:44.388+0600][20.878s][info][gc,reloc    ] GC(7) y: Eden               0M (0%)          347M (9%)         174 / 6              0 / 0              0 / 0        
[2026-04-03T06:51:44.388+0600][20.878s][info][gc,reloc    ] GC(7) y: Survivor 1         0M (0%)            5M (0%)           3 / 1              0 / 0              0 / 0        
[2026-04-03T06:51:44.388+0600][20.878s][info][gc,heap     ] GC(7) y: Min Capacity: 8M(0%)
[2026-04-03T06:51:44.388+0600][20.878s][info][gc,heap     ] GC(7) y: Max Capacity: 3922M(100%)
[2026-04-03T06:51:44.388+0600][20.878s][info][gc,heap     ] GC(7) y: Soft Max Capacity: 3529M(90%)
[2026-04-03T06:51:44.388+0600][20.878s][info][gc,heap     ] GC(7) y: Heap Statistics:
[2026-04-03T06:51:44.388+0600][20.878s][info][gc,heap     ] GC(7) y:                Mark Start          Mark End        Relocate Start      Relocate End           High               Low         
[2026-04-03T06:51:44.388+0600][20.878s][info][gc,heap     ] GC(7) y:  Capacity:     1800M (46%)        1800M (46%)        1800M (46%)        1800M (46%)        1800M (46%)        1800M (46%)    
[2026-04-03T06:51:44.388+0600][20.878s][info][gc,heap     ] GC(7) y:      Free:     3484M (89%)        3466M (88%)        3794M (97%)        3800M (97%)        3800M (97%)        3466M (88%)    
[2026-04-03T06:51:44.388+0600][20.878s][info][gc,heap     ] GC(7) y:      Used:      438M (11%)         456M (12%)         128M (3%)          122M (3%)          456M (12%)         122M (3%)     
[2026-04-03T06:51:44.388+0600][20.878s][info][gc,heap     ] GC(7) y: Young Generation Statistics:
[2026-04-03T06:51:44.388+0600][20.878s][info][gc,heap     ] GC(7) y:                Mark Start          Mark End        Relocate Start      Relocate End    
[2026-04-03T06:51:44.388+0600][20.878s][info][gc,heap     ] GC(7) y:      Used:      354M (9%)          372M (9%)           44M (1%)           38M (1%)     
[2026-04-03T06:51:44.388+0600][20.878s][info][gc,heap     ] GC(7) y:      Live:         -                 0M (0%)            0M (0%)            0M (0%)     
[2026-04-03T06:51:44.388+0600][20.878s][info][gc,heap     ] GC(7) y:   Garbage:         -               353M (9%)           15M (0%)            0M (0%)     
[2026-04-03T06:51:44.388+0600][20.878s][info][gc,heap     ] GC(7) y: Allocated:         -                18M (0%)           28M (1%)           37M (1%)     
[2026-04-03T06:51:44.388+0600][20.879s][info][gc,heap     ] GC(7) y: Reclaimed:         -                  -               338M (9%)          353M (9%)     
[2026-04-03T06:51:44.388+0600][20.879s][info][gc,heap     ] GC(7) y:  Promoted:         -                  -                 0M (0%)            0M (0%)     
[2026-04-03T06:51:44.388+0600][20.879s][info][gc,heap     ] GC(7) y: Compacted:         -                  -                  -                 0M (0%)     
[2026-04-03T06:51:44.388+0600][20.879s][info][gc,phases   ] GC(7) y: Young Generation 436M(11%)->122M(3%) 0.015s
[2026-04-03T06:51:44.388+0600][20.879s][info][gc          ] GC(7) Minor Collection (Allocation Rate) 436M(11%)->128M(3%) 0.015s
[2026-04-03T06:51:44.467+0600][20.957s][info][gc          ] GC(8) Minor Collection (Allocation Rate)
[2026-04-03T06:51:44.467+0600][20.957s][info][gc,task     ] GC(8) Using 3 Workers for Young Generation
[2026-04-03T06:51:44.467+0600][20.957s][info][gc,phases   ] GC(8) y: Young Generation
[2026-04-03T06:51:44.467+0600][20.958s][info][gc,phases   ] GC(8) y: Pause Mark Start 0.024ms
[2026-04-03T06:51:44.475+0600][20.966s][info][gc,phases   ] GC(8) y: Concurrent Mark 7.771ms
[2026-04-03T06:51:44.475+0600][20.966s][info][gc,phases   ] GC(8) y: Pause Mark End 0.052ms
[2026-04-03T06:51:44.475+0600][20.966s][info][gc,phases   ] GC(8) y: Concurrent Mark Free 0.001ms
[2026-04-03T06:51:44.475+0600][20.966s][info][gc,phases   ] GC(8) y: Concurrent Reset Relocation Set 0.003ms
[2026-04-03T06:51:44.481+0600][20.971s][info][gc,reloc    ] GC(8) y: Using tenuring threshold: 3 (Computed)
[2026-04-03T06:51:44.481+0600][20.972s][info][gc,phases   ] GC(8) y: Concurrent Select Relocation Set 5.577ms
[2026-04-03T06:51:44.481+0600][20.972s][info][gc,phases   ] GC(8) y: Pause Relocate Start 0.018ms
[2026-04-03T06:51:44.482+0600][20.972s][info][gc,phases   ] GC(8) y: Concurrent Relocate 0.192ms
[2026-04-03T06:51:44.482+0600][20.972s][info][gc,alloc    ] GC(8) y:                         Mark Start        Mark End      Relocate Start    Relocate End   
[2026-04-03T06:51:44.482+0600][20.972s][info][gc,alloc    ] GC(8) y: Allocation Stalls:          0                0                0                0         
[2026-04-03T06:51:44.482+0600][20.972s][info][gc,load     ] GC(8) y: Load: 6.16 (51%) / 8.18 (68%) / 7.39 (62%)
[2026-04-03T06:51:44.482+0600][20.972s][info][gc,mmu      ] GC(8) y: MMU: 2ms/95.2%, 5ms/98.1%, 10ms/99.0%, 20ms/99.4%, 50ms/99.7%, 100ms/99.8%
[2026-04-03T06:51:44.482+0600][20.972s][info][gc,marking  ] GC(8) y: Mark: 2 stripe(s), 2 proactive flush(es), 1 terminate flush(es), 0 completion(s), 0 continuation(s) 
[2026-04-03T06:51:44.482+0600][20.972s][info][gc,marking  ] GC(8) y: Mark Stack Usage: 32M
[2026-04-03T06:51:44.482+0600][20.972s][info][gc,nmethod  ] GC(8) y: NMethods: 4322 registered, 546 unregistered
[2026-04-03T06:51:44.482+0600][20.972s][info][gc,metaspace] GC(8) y: Metaspace: 65M used, 66M committed, 1088M reserved
[2026-04-03T06:51:44.482+0600][20.972s][info][gc,reloc    ] GC(8) y:                        Candidates     Selected     In-Place         Size        Empty    Relocated 
[2026-04-03T06:51:44.482+0600][20.972s][info][gc,reloc    ] GC(8) y: Small Pages:                  116            6            0         232M         218M           0M 
[2026-04-03T06:51:44.482+0600][20.972s][info][gc,reloc    ] GC(8) y: Medium Pages:                   0            0            0           0M           0M           0M 
[2026-04-03T06:51:44.482+0600][20.972s][info][gc,reloc    ] GC(8) y: Large Pages:                    0            0            0           0M           0M           0M 
[2026-04-03T06:51:44.482+0600][20.972s][info][gc,reloc    ] GC(8) y: Forwarding Usage: 0M
[2026-04-03T06:51:44.482+0600][20.972s][info][gc,reloc    ] GC(8) y: Age Table:
[2026-04-03T06:51:44.482+0600][20.972s][info][gc,reloc    ] GC(8) y:                    Live             Garbage             Small              Medium             Large        
[2026-04-03T06:51:44.482+0600][20.972s][info][gc,reloc    ] GC(8) y: Eden               0M (0%)          221M (6%)         111 / 4              0 / 0              0 / 0        
[2026-04-03T06:51:44.482+0600][20.972s][info][gc,reloc    ] GC(8) y: Survivor 1          -                 6M (0%)           3 / 0              0 / 0              0 / 0        
[2026-04-03T06:51:44.482+0600][20.972s][info][gc,reloc    ] GC(8) y: Survivor 2         0M (0%)            3M (0%)           2 / 2              0 / 0              0 / 0        
[2026-04-03T06:51:44.482+0600][20.972s][info][gc,heap     ] GC(8) y: Min Capacity: 8M(0%)
[2026-04-03T06:51:44.482+0600][20.972s][info][gc,heap     ] GC(8) y: Max Capacity: 3922M(100%)
[2026-04-03T06:51:44.482+0600][20.972s][info][gc,heap     ] GC(8) y: Soft Max Capacity: 3529M(90%)
[2026-04-03T06:51:44.482+0600][20.972s][info][gc,heap     ] GC(8) y: Heap Statistics:
[2026-04-03T06:51:44.482+0600][20.972s][info][gc,heap     ] GC(8) y:                Mark Start          Mark End        Relocate Start      Relocate End           High               Low         
[2026-04-03T06:51:44.482+0600][20.972s][info][gc,heap     ] GC(8) y:  Capacity:     1800M (46%)        1800M (46%)        1800M (46%)        1800M (46%)        1800M (46%)        1800M (46%)    
[2026-04-03T06:51:44.482+0600][20.972s][info][gc,heap     ] GC(8) y:      Free:     3606M (92%)        3588M (91%)        3792M (97%)        3798M (97%)        3798M (97%)        3588M (91%)    
[2026-04-03T06:51:44.482+0600][20.972s][info][gc,heap     ] GC(8) y:      Used:      316M (8%)          334M (9%)          130M (3%)          124M (3%)          334M (9%)          124M (3%)     
[2026-04-03T06:51:44.482+0600][20.972s][info][gc,heap     ] GC(8) y: Young Generation Statistics:
[2026-04-03T06:51:44.482+0600][20.972s][info][gc,heap     ] GC(8) y:                Mark Start          Mark End        Relocate Start      Relocate End    
[2026-04-03T06:51:44.482+0600][20.972s][info][gc,heap     ] GC(8) y:      Used:      232M (6%)          250M (6%)           46M (1%)           40M (1%)     
[2026-04-03T06:51:44.482+0600][20.972s][info][gc,heap     ] GC(8) y:      Live:         -                 0M (0%)            0M (0%)            0M (0%)     
[2026-04-03T06:51:44.482+0600][20.973s][info][gc,heap     ] GC(8) y:   Garbage:         -               231M (6%)           13M (0%)            0M (0%)     
[2026-04-03T06:51:44.482+0600][20.973s][info][gc,heap     ] GC(8) y: Allocated:         -                18M (0%)           32M (1%)           39M (1%)     
[2026-04-03T06:51:44.482+0600][20.973s][info][gc,heap     ] GC(8) y: Reclaimed:         -                  -               218M (6%)          231M (6%)     
[2026-04-03T06:51:44.482+0600][20.973s][info][gc,heap     ] GC(8) y:  Promoted:         -                  -                 0M (0%)            0M (0%)     
[2026-04-03T06:51:44.482+0600][20.973s][info][gc,heap     ] GC(8) y: Compacted:         -                  -                  -                 0M (0%)     
[2026-04-03T06:51:44.482+0600][20.973s][info][gc,phases   ] GC(8) y: Young Generation 316M(8%)->124M(3%) 0.015s
[2026-04-03T06:51:44.482+0600][20.973s][info][gc          ] GC(8) Minor Collection (Allocation Rate) 316M(8%)->126M(3%) 0.015s
[2026-04-03T06:51:44.774+0600][21.265s][info][gc          ] GC(9) Major Collection (Allocation Rate)
[2026-04-03T06:51:44.774+0600][21.265s][info][gc,task     ] GC(9) Using 3 Workers for Young Generation
[2026-04-03T06:51:44.774+0600][21.265s][info][gc,task     ] GC(9) Using 1 Workers for Old Generation
[2026-04-03T06:51:44.774+0600][21.265s][info][gc,phases   ] GC(9) Y: Young Generation
[2026-04-03T06:51:44.775+0600][21.265s][info][gc,phases   ] GC(9) Y: Pause Mark Start (Major) 0.051ms
[2026-04-03T06:51:44.783+0600][21.273s][info][gc,phases   ] GC(9) Y: Concurrent Mark 7.920ms
[2026-04-03T06:51:44.783+0600][21.273s][info][gc,phases   ] GC(9) Y: Pause Mark End 0.024ms
[2026-04-03T06:51:44.783+0600][21.274s][info][gc,phases   ] GC(9) Y: Concurrent Mark Free 0.001ms
[2026-04-03T06:51:44.783+0600][21.274s][info][gc,phases   ] GC(9) Y: Concurrent Reset Relocation Set 0.002ms
[2026-04-03T06:51:44.788+0600][21.279s][info][gc,reloc    ] GC(9) Y: Using tenuring threshold: 4 (Computed)
[2026-04-03T06:51:44.789+0600][21.279s][info][gc,phases   ] GC(9) Y: Concurrent Select Relocation Set 5.773ms
[2026-04-03T06:51:44.789+0600][21.280s][info][gc,phases   ] GC(9) Y: Pause Relocate Start 0.047ms
[2026-04-03T06:51:44.789+0600][21.280s][info][gc,phases   ] GC(9) Y: Concurrent Relocate 0.214ms
[2026-04-03T06:51:44.789+0600][21.280s][info][gc,alloc    ] GC(9) Y:                         Mark Start        Mark End      Relocate Start    Relocate End   
[2026-04-03T06:51:44.789+0600][21.280s][info][gc,alloc    ] GC(9) Y: Allocation Stalls:          0                0                0                0         
[2026-04-03T06:51:44.789+0600][21.280s][info][gc,load     ] GC(9) Y: Load: 6.16 (51%) / 8.18 (68%) / 7.39 (62%)
[2026-04-03T06:51:44.789+0600][21.280s][info][gc,mmu      ] GC(9) Y: MMU: 2ms/95.2%, 5ms/98.1%, 10ms/99.0%, 20ms/99.4%, 50ms/99.7%, 100ms/99.8%
[2026-04-03T06:51:44.789+0600][21.280s][info][gc,marking  ] GC(9) Y: Mark: 2 stripe(s), 2 proactive flush(es), 1 terminate flush(es), 0 completion(s), 0 continuation(s) 
[2026-04-03T06:51:44.789+0600][21.280s][info][gc,marking  ] GC(9) Y: Mark Stack Usage: 32M
[2026-04-03T06:51:44.789+0600][21.280s][info][gc,nmethod  ] GC(9) Y: NMethods: 4335 registered, 546 unregistered
[2026-04-03T06:51:44.789+0600][21.280s][info][gc,metaspace] GC(9) Y: Metaspace: 65M used, 66M committed, 1088M reserved
[2026-04-03T06:51:44.789+0600][21.280s][info][gc,reloc    ] GC(9) Y:                        Candidates     Selected     In-Place         Size        Empty    Relocated 
[2026-04-03T06:51:44.789+0600][21.280s][info][gc,reloc    ] GC(9) Y: Small Pages:                  381            8            0         762M         744M           0M 
[2026-04-03T06:51:44.789+0600][21.280s][info][gc,reloc    ] GC(9) Y: Medium Pages:                   0            0            0           0M           0M           0M 
[2026-04-03T06:51:44.789+0600][21.280s][info][gc,reloc    ] GC(9) Y: Large Pages:                    0            0            0           0M           0M           0M 
[2026-04-03T06:51:44.789+0600][21.280s][info][gc,reloc    ] GC(9) Y: Forwarding Usage: 0M
[2026-04-03T06:51:44.789+0600][21.280s][info][gc,reloc    ] GC(9) Y: Age Table:
[2026-04-03T06:51:44.790+0600][21.280s][info][gc,reloc    ] GC(9) Y:                    Live             Garbage             Small              Medium             Large        
[2026-04-03T06:51:44.790+0600][21.280s][info][gc,reloc    ] GC(9) Y: Eden               0M (0%)          753M (19%)        377 / 6              0 / 0              0 / 0        
[2026-04-03T06:51:44.790+0600][21.280s][info][gc,reloc    ] GC(9) Y: Survivor 1          -                 4M (0%)           2 / 0              0 / 0              0 / 0        
[2026-04-03T06:51:44.790+0600][21.280s][info][gc,reloc    ] GC(9) Y: Survivor 2          -                 0M (0%)           0 / 0              0 / 0              0 / 0        
[2026-04-03T06:51:44.790+0600][21.280s][info][gc,reloc    ] GC(9) Y: Survivor 3         0M (0%)            3M (0%)           2 / 2              0 / 0              0 / 0        
[2026-04-03T06:51:44.790+0600][21.280s][info][gc,heap     ] GC(9) Y: Min Capacity: 8M(0%)
[2026-04-03T06:51:44.790+0600][21.280s][info][gc,heap     ] GC(9) Y: Max Capacity: 3922M(100%)
[2026-04-03T06:51:44.790+0600][21.280s][info][gc,heap     ] GC(9) Y: Soft Max Capacity: 3529M(90%)
[2026-04-03T06:51:44.790+0600][21.280s][info][gc,heap     ] GC(9) Y: Heap Statistics:
[2026-04-03T06:51:44.790+0600][21.280s][info][gc,heap     ] GC(9) Y:                Mark Start          Mark End        Relocate Start      Relocate End           High               Low         
[2026-04-03T06:51:44.790+0600][21.280s][info][gc,heap     ] GC(9) Y:  Capacity:     1800M (46%)        1800M (46%)        1800M (46%)        1800M (46%)        1800M (46%)        1800M (46%)    
[2026-04-03T06:51:44.790+0600][21.280s][info][gc,heap     ] GC(9) Y:      Free:     3076M (78%)        3058M (78%)        3788M (97%)        3796M (97%)        3796M (97%)        3058M (78%)    
[2026-04-03T06:51:44.790+0600][21.280s][info][gc,heap     ] GC(9) Y:      Used:      846M (22%)         864M (22%)         134M (3%)          126M (3%)          864M (22%)         126M (3%)     
[2026-04-03T06:51:44.790+0600][21.280s][info][gc,heap     ] GC(9) Y: Young Generation Statistics:
[2026-04-03T06:51:44.790+0600][21.280s][info][gc,heap     ] GC(9) Y:                Mark Start          Mark End        Relocate Start      Relocate End    
[2026-04-03T06:51:44.790+0600][21.280s][info][gc,heap     ] GC(9) Y:      Used:      762M (19%)         780M (20%)          50M (1%)           42M (1%)     
[2026-04-03T06:51:44.790+0600][21.280s][info][gc,heap     ] GC(9) Y:      Live:         -                 0M (0%)            0M (0%)            0M (0%)     
[2026-04-03T06:51:44.790+0600][21.280s][info][gc,heap     ] GC(9) Y:   Garbage:         -               761M (19%)          17M (0%)            0M (0%)     
[2026-04-03T06:51:44.790+0600][21.280s][info][gc,heap     ] GC(9) Y: Allocated:         -                18M (0%)           32M (1%)           41M (1%)     
[2026-04-03T06:51:44.790+0600][21.280s][info][gc,heap     ] GC(9) Y: Reclaimed:         -                  -               744M (19%)         761M (19%)    
[2026-04-03T06:51:44.790+0600][21.280s][info][gc,heap     ] GC(9) Y:  Promoted:         -                  -                 0M (0%)            0M (0%)     
[2026-04-03T06:51:44.790+0600][21.280s][info][gc,heap     ] GC(9) Y: Compacted:         -                  -                  -                 0M (0%)     
[2026-04-03T06:51:44.790+0600][21.280s][info][gc,phases   ] GC(9) Y: Young Generation 844M(22%)->126M(3%) 0.015s
[2026-04-03T06:51:44.790+0600][21.280s][info][gc,phases   ] GC(9) O: Old Generation
[2026-04-03T06:51:44.876+0600][21.367s][info][gc,phases   ] GC(9) O: Concurrent Mark 86.371ms
[2026-04-03T06:51:44.876+0600][21.367s][info][gc,phases   ] GC(9) O: Pause Mark End 0.033ms
[2026-04-03T06:51:44.877+0600][21.367s][info][gc,phases   ] GC(9) O: Concurrent Mark Free 0.003ms
[2026-04-03T06:51:44.904+0600][21.395s][info][gc,phases   ] GC(9) O: Concurrent Process Non-Strong 27.770ms
[2026-04-03T06:51:44.904+0600][21.395s][info][gc,phases   ] GC(9) O: Concurrent Reset Relocation Set 0.002ms
[2026-04-03T06:51:44.907+0600][21.397s][info][gc,phases   ] GC(9) O: Concurrent Select Relocation Set 2.129ms
[2026-04-03T06:51:44.907+0600][21.397s][info][gc,task     ] GC(9) O: Using 3 Workers for Old Generation
[2026-04-03T06:51:44.929+0600][21.419s][info][gc,task     ] GC(9) O: Using 1 Workers for Old Generation
[2026-04-03T06:51:44.929+0600][21.419s][info][gc,phases   ] GC(9) O: Concurrent Remap Roots 22.085ms
[2026-04-03T06:51:44.929+0600][21.420s][info][gc,phases   ] GC(9) O: Pause Relocate Start 0.032ms
[2026-04-03T06:51:44.933+0600][21.423s][info][gc,phases   ] GC(9) O: Concurrent Relocate 3.233ms
[2026-04-03T06:51:44.933+0600][21.423s][info][gc,alloc    ] GC(9) O:                         Mark Start        Mark End      Relocate Start    Relocate End   
[2026-04-03T06:51:44.933+0600][21.423s][info][gc,alloc    ] GC(9) O: Allocation Stalls:          0                0                0                0         
[2026-04-03T06:51:44.933+0600][21.423s][info][gc,load     ] GC(9) O: Load: 6.16 (51%) / 8.18 (68%) / 7.39 (62%)
[2026-04-03T06:51:44.933+0600][21.423s][info][gc,mmu      ] GC(9) O: MMU: 2ms/95.2%, 5ms/98.1%, 10ms/99.0%, 20ms/99.4%, 50ms/99.7%, 100ms/99.8%
[2026-04-03T06:51:44.933+0600][21.423s][info][gc,marking  ] GC(9) O: Mark: 1 stripe(s), 2 proactive flush(es), 1 terminate flush(es), 0 completion(s), 0 continuation(s) 
[2026-04-03T06:51:44.933+0600][21.423s][info][gc,marking  ] GC(9) O: Mark Stack Usage: 32M
[2026-04-03T06:51:44.933+0600][21.423s][info][gc,nmethod  ] GC(9) O: NMethods: 4312 registered, 570 unregistered
[2026-04-03T06:51:44.933+0600][21.423s][info][gc,metaspace] GC(9) O: Metaspace: 65M used, 66M committed, 1088M reserved
[2026-04-03T06:51:44.933+0600][21.423s][info][gc,ref      ] GC(9) O:                       Encountered   Discovered     Enqueued 
[2026-04-03T06:51:44.933+0600][21.423s][info][gc,ref      ] GC(9) O: Soft References:             4764            0            0 
[2026-04-03T06:51:44.933+0600][21.423s][info][gc,ref      ] GC(9) O: Weak References:             5901         4865          771 
[2026-04-03T06:51:44.933+0600][21.423s][info][gc,ref      ] GC(9) O: Final References:              82            0            0 
[2026-04-03T06:51:44.933+0600][21.423s][info][gc,ref      ] GC(9) O: Phantom References:           604          601            1 
[2026-04-03T06:51:44.933+0600][21.423s][info][gc,reloc    ] GC(9) O:                        Candidates     Selected     In-Place         Size        Empty    Relocated 
[2026-04-03T06:51:44.933+0600][21.423s][info][gc,reloc    ] GC(9) O: Small Pages:                   26            8            0          52M           0M           1M 
[2026-04-03T06:51:44.933+0600][21.423s][info][gc,reloc    ] GC(9) O: Medium Pages:                   1            0            0          32M           0M           0M 
[2026-04-03T06:51:44.933+0600][21.423s][info][gc,reloc    ] GC(9) O: Large Pages:                    0            0            0           0M           0M           0M 
[2026-04-03T06:51:44.933+0600][21.423s][info][gc,reloc    ] GC(9) O: Forwarding Usage: 0M
[2026-04-03T06:51:44.933+0600][21.423s][info][gc,heap     ] GC(9) O: Min Capacity: 8M(0%)
[2026-04-03T06:51:44.933+0600][21.423s][info][gc,heap     ] GC(9) O: Max Capacity: 3922M(100%)
[2026-04-03T06:51:44.933+0600][21.423s][info][gc,heap     ] GC(9) O: Soft Max Capacity: 3529M(90%)
[2026-04-03T06:51:44.933+0600][21.423s][info][gc,heap     ] GC(9) O: Heap Statistics:
[2026-04-03T06:51:44.933+0600][21.423s][info][gc,heap     ] GC(9) O:                Mark Start          Mark End        Relocate Start      Relocate End           High               Low         
[2026-04-03T06:51:44.933+0600][21.423s][info][gc,heap     ] GC(9) O:  Capacity:     1800M (46%)        1800M (46%)        1800M (46%)        1800M (46%)        1800M (46%)        1800M (46%)    
[2026-04-03T06:51:44.933+0600][21.423s][info][gc,heap     ] GC(9) O:      Free:     3076M (78%)        3612M (92%)        3518M (90%)        3522M (90%)        3796M (97%)        3058M (78%)    
[2026-04-03T06:51:44.933+0600][21.423s][info][gc,heap     ] GC(9) O:      Used:      846M (22%)         310M (8%)          404M (10%)         400M (10%)         864M (22%)         126M (3%)     
[2026-04-03T06:51:44.933+0600][21.423s][info][gc,heap     ] GC(9) O: Old Generation Statistics:
[2026-04-03T06:51:44.933+0600][21.423s][info][gc,heap     ] GC(9) O:                Mark Start          Mark End        Relocate Start      Relocate End    
[2026-04-03T06:51:44.933+0600][21.423s][info][gc,heap     ] GC(9) O:      Used:       84M (2%)           84M (2%)           84M (2%)           74M (2%)     
[2026-04-03T06:51:44.933+0600][21.423s][info][gc,heap     ] GC(9) O:      Live:         -                38M (1%)           38M (1%)           38M (1%)     
[2026-04-03T06:51:44.933+0600][21.423s][info][gc,heap     ] GC(9) O:   Garbage:         -                45M (1%)           45M (1%)           29M (1%)     
[2026-04-03T06:51:44.933+0600][21.423s][info][gc,heap     ] GC(9) O: Allocated:         -                 0M (0%)            0M (0%)            6M (0%)     
[2026-04-03T06:51:44.933+0600][21.424s][info][gc,heap     ] GC(9) O: Reclaimed:         -                  -                 0M (0%)           16M (0%)     
[2026-04-03T06:51:44.933+0600][21.424s][info][gc,heap     ] GC(9) O: Compacted:         -                  -                  -                 1M (0%)     
[2026-04-03T06:51:44.933+0600][21.424s][info][gc,phases   ] GC(9) O: Old Generation 128M(3%)->400M(10%) 0.143s
[2026-04-03T06:51:44.933+0600][21.424s][info][gc          ] GC(9) Major Collection (Allocation Rate) 844M(22%)->400M(10%) 0.159s
[2026-04-03T06:51:47.392+0600][23.882s][info][gc          ] GC(10) Minor Collection (Allocation Rate)
[2026-04-03T06:51:47.392+0600][23.883s][info][gc,task     ] GC(10) Using 2 Workers for Young Generation
[2026-04-03T06:51:47.392+0600][23.883s][info][gc,phases   ] GC(10) y: Young Generation
[2026-04-03T06:51:47.392+0600][23.883s][info][gc,phases   ] GC(10) y: Pause Mark Start 0.024ms
[2026-04-03T06:51:47.498+0600][23.989s][info][gc,phases   ] GC(10) y: Concurrent Mark 105.925ms
[2026-04-03T06:51:47.499+0600][23.989s][info][gc,phases   ] GC(10) y: Pause Mark End 0.061ms
[2026-04-03T06:51:47.499+0600][23.989s][info][gc,phases   ] GC(10) y: Concurrent Mark Free 0.001ms
[2026-04-03T06:51:47.499+0600][23.989s][info][gc,phases   ] GC(10) y: Concurrent Reset Relocation Set 0.003ms
[2026-04-03T06:51:47.505+0600][23.996s][info][gc,reloc    ] GC(10) y: Using tenuring threshold: 5 (Computed)
[2026-04-03T06:51:47.515+0600][24.006s][info][gc,phases   ] GC(10) y: Concurrent Select Relocation Set 16.051ms
[2026-04-03T06:51:47.515+0600][24.006s][info][gc,phases   ] GC(10) y: Pause Relocate Start 0.028ms
[2026-04-03T06:51:47.563+0600][24.054s][info][gc,phases   ] GC(10) y: Concurrent Relocate 47.612ms
[2026-04-03T06:51:47.563+0600][24.054s][info][gc,alloc    ] GC(10) y:                         Mark Start        Mark End      Relocate Start    Relocate End   
[2026-04-03T06:51:47.563+0600][24.054s][info][gc,alloc    ] GC(10) y: Allocation Stalls:          0                0                0                0         
[2026-04-03T06:51:47.563+0600][24.054s][info][gc,load     ] GC(10) y: Load: 6.87 (57%) / 8.29 (69%) / 7.43 (62%)
[2026-04-03T06:51:47.563+0600][24.054s][info][gc,mmu      ] GC(10) y: MMU: 2ms/95.2%, 5ms/98.1%, 10ms/99.0%, 20ms/99.4%, 50ms/99.7%, 100ms/99.8%
[2026-04-03T06:51:47.563+0600][24.054s][info][gc,marking  ] GC(10) y: Mark: 2 stripe(s), 2 proactive flush(es), 1 terminate flush(es), 0 completion(s), 0 continuation(s) 
[2026-04-03T06:51:47.563+0600][24.054s][info][gc,marking  ] GC(10) y: Mark Stack Usage: 32M
[2026-04-03T06:51:47.563+0600][24.054s][info][gc,nmethod  ] GC(10) y: NMethods: 5139 registered, 570 unregistered
[2026-04-03T06:51:47.563+0600][24.054s][info][gc,metaspace] GC(10) y: Metaspace: 67M used, 68M committed, 1088M reserved
[2026-04-03T06:51:47.563+0600][24.054s][info][gc,reloc    ] GC(10) y:                        Candidates     Selected     In-Place         Size        Empty    Relocated 
[2026-04-03T06:51:47.563+0600][24.054s][info][gc,reloc    ] GC(10) y: Small Pages:                 1189          126            0        2378M        2098M          20M 
[2026-04-03T06:51:47.563+0600][24.054s][info][gc,reloc    ] GC(10) y: Medium Pages:                   1            0            0          32M           0M           0M 
[2026-04-03T06:51:47.563+0600][24.054s][info][gc,reloc    ] GC(10) y: Large Pages:                    1            0            0           6M           6M           0M 
[2026-04-03T06:51:47.563+0600][24.054s][info][gc,reloc    ] GC(10) y: Forwarding Usage: 12M
[2026-04-03T06:51:47.563+0600][24.054s][info][gc,reloc    ] GC(10) y: Age Table:
[2026-04-03T06:51:47.563+0600][24.054s][info][gc,reloc    ] GC(10) y:                    Live             Garbage             Small              Medium             Large        
[2026-04-03T06:51:47.563+0600][24.054s][info][gc,reloc    ] GC(10) y: Eden              26M (1%)         2379M (61%)       1184 / 123            1 / 0              1 / 0        
[2026-04-03T06:51:47.564+0600][24.054s][info][gc,reloc    ] GC(10) y: Survivor 1         0M (0%)            5M (0%)           3 / 1              0 / 0              0 / 0        
[2026-04-03T06:51:47.564+0600][24.054s][info][gc,reloc    ] GC(10) y: Survivor 2          -                 0M (0%)           0 / 0              0 / 0              0 / 0        
[2026-04-03T06:51:47.564+0600][24.054s][info][gc,reloc    ] GC(10) y: Survivor 3          -                 0M (0%)           0 / 0              0 / 0              0 / 0        
[2026-04-03T06:51:47.564+0600][24.054s][info][gc,reloc    ] GC(10) y: Survivor 4         0M (0%)            3M (0%)           2 / 2              0 / 0              0 / 0        
[2026-04-03T06:51:47.564+0600][24.054s][info][gc,heap     ] GC(10) y: Min Capacity: 8M(0%)
[2026-04-03T06:51:47.564+0600][24.054s][info][gc,heap     ] GC(10) y: Max Capacity: 3922M(100%)
[2026-04-03T06:51:47.564+0600][24.054s][info][gc,heap     ] GC(10) y: Soft Max Capacity: 3529M(90%)
[2026-04-03T06:51:47.564+0600][24.054s][info][gc,heap     ] GC(10) y: Heap Statistics:
[2026-04-03T06:51:47.564+0600][24.054s][info][gc,heap     ] GC(10) y:                Mark Start          Mark End        Relocate Start      Relocate End           High               Low         
[2026-04-03T06:51:47.564+0600][24.054s][info][gc,heap     ] GC(10) y:  Capacity:     2490M (63%)        2544M (65%)        2544M (65%)        2544M (65%)        2544M (65%)        2490M (63%)    
[2026-04-03T06:51:47.564+0600][24.054s][info][gc,heap     ] GC(10) y:      Free:     1432M (37%)        1378M (35%)        3476M (89%)        3698M (94%)        3698M (94%)        1378M (35%)    
[2026-04-03T06:51:47.564+0600][24.054s][info][gc,heap     ] GC(10) y:      Used:     2490M (63%)        2544M (65%)         446M (11%)         224M (6%)         2544M (65%)         224M (6%)     
[2026-04-03T06:51:47.564+0600][24.054s][info][gc,heap     ] GC(10) y: Young Generation Statistics:
[2026-04-03T06:51:47.564+0600][24.054s][info][gc,heap     ] GC(10) y:                Mark Start          Mark End        Relocate Start      Relocate End    
[2026-04-03T06:51:47.564+0600][24.054s][info][gc,heap     ] GC(10) y:      Used:     2416M (62%)        2470M (63%)         372M (9%)          150M (4%)     
[2026-04-03T06:51:47.564+0600][24.054s][info][gc,heap     ] GC(10) y:      Live:         -                26M (1%)           26M (1%)           26M (1%)     
[2026-04-03T06:51:47.564+0600][24.054s][info][gc,heap     ] GC(10) y:   Garbage:         -              2389M (61%)         285M (7%)           28M (1%)     
[2026-04-03T06:51:47.564+0600][24.054s][info][gc,heap     ] GC(10) y: Allocated:         -                54M (1%)           60M (2%)           94M (2%)     
[2026-04-03T06:51:47.564+0600][24.054s][info][gc,heap     ] GC(10) y: Reclaimed:         -                  -              2104M (54%)        2360M (60%)    
[2026-04-03T06:51:47.564+0600][24.054s][info][gc,heap     ] GC(10) y:  Promoted:         -                  -                 0M (0%)            0M (0%)     
[2026-04-03T06:51:47.564+0600][24.054s][info][gc,heap     ] GC(10) y: Compacted:         -                  -                  -                23M (1%)     
[2026-04-03T06:51:47.564+0600][24.054s][info][gc,phases   ] GC(10) y: Young Generation 2490M(63%)->224M(6%) 0.171s
[2026-04-03T06:51:47.564+0600][24.054s][info][gc          ] GC(10) Minor Collection (Allocation Rate) 2490M(63%)->224M(6%) 0.172s
[2026-04-03T06:51:48.808+0600][25.299s][info][gc          ] GC(11) Minor Collection (Allocation Rate)
[2026-04-03T06:51:48.808+0600][25.299s][info][gc,task     ] GC(11) Using 2 Workers for Young Generation
[2026-04-03T06:51:48.808+0600][25.299s][info][gc,phases   ] GC(11) y: Young Generation
[2026-04-03T06:51:48.809+0600][25.299s][info][gc,phases   ] GC(11) y: Pause Mark Start 0.038ms
[2026-04-03T06:51:49.490+0600][25.980s][info][gc,phases   ] GC(11) y: Concurrent Mark 680.837ms
[2026-04-03T06:51:49.490+0600][25.981s][info][gc,phases   ] GC(11) y: Pause Mark End 0.041ms
[2026-04-03T06:51:49.491+0600][25.981s][info][gc,phases   ] GC(11) y: Concurrent Mark Free 0.004ms
[2026-04-03T06:51:49.491+0600][25.981s][info][gc,phases   ] GC(11) y: Concurrent Reset Relocation Set 0.028ms
[2026-04-03T06:51:49.495+0600][25.986s][info][gc,reloc    ] GC(11) y: Using tenuring threshold: 6 (Computed)
[2026-04-03T06:51:49.564+0600][26.055s][info][gc,phases   ] GC(11) y: Concurrent Select Relocation Set 73.376ms
[2026-04-03T06:51:49.565+0600][26.055s][info][gc,phases   ] GC(11) y: Pause Relocate Start 0.027ms
[2026-04-03T06:51:49.840+0600][26.330s][info][gc,phases   ] GC(11) y: Concurrent Relocate 274.844ms
[2026-04-03T06:51:49.840+0600][26.330s][info][gc,alloc    ] GC(11) y:                         Mark Start        Mark End      Relocate Start    Relocate End   
[2026-04-03T06:51:49.840+0600][26.330s][info][gc,alloc    ] GC(11) y: Allocation Stalls:          0                0                0                0         
[2026-04-03T06:51:49.840+0600][26.330s][info][gc,load     ] GC(11) y: Load: 6.87 (57%) / 8.29 (69%) / 7.43 (62%)
[2026-04-03T06:51:49.840+0600][26.330s][info][gc,mmu      ] GC(11) y: MMU: 2ms/95.2%, 5ms/98.1%, 10ms/99.0%, 20ms/99.4%, 50ms/99.7%, 100ms/99.8%
[2026-04-03T06:51:49.840+0600][26.330s][info][gc,marking  ] GC(11) y: Mark: 2 stripe(s), 2 proactive flush(es), 1 terminate flush(es), 0 completion(s), 0 continuation(s) 
[2026-04-03T06:51:49.840+0600][26.330s][info][gc,marking  ] GC(11) y: Mark Stack Usage: 32M
[2026-04-03T06:51:49.840+0600][26.330s][info][gc,nmethod  ] GC(11) y: NMethods: 5546 registered, 0 unregistered
[2026-04-03T06:51:49.840+0600][26.330s][info][gc,metaspace] GC(11) y: Metaspace: 67M used, 68M committed, 1088M reserved
[2026-04-03T06:51:49.840+0600][26.330s][info][gc,reloc    ] GC(11) y:                        Candidates     Selected     In-Place         Size        Empty    Relocated 
[2026-04-03T06:51:49.840+0600][26.330s][info][gc,reloc    ] GC(11) y: Small Pages:                  415          334            0         830M           0M          87M 
[2026-04-03T06:51:49.840+0600][26.330s][info][gc,reloc    ] GC(11) y: Medium Pages:                   2            0            0          64M          32M           0M 
[2026-04-03T06:51:49.840+0600][26.330s][info][gc,reloc    ] GC(11) y: Large Pages:                    6            0            0          48M          48M           0M 
[2026-04-03T06:51:49.840+0600][26.330s][info][gc,reloc    ] GC(11) y: Forwarding Usage: 78M
[2026-04-03T06:51:49.840+0600][26.330s][info][gc,reloc    ] GC(11) y: Age Table:
[2026-04-03T06:51:49.840+0600][26.331s][info][gc,reloc    ] GC(11) y:                    Live             Garbage             Small              Medium             Large        
[2026-04-03T06:51:49.840+0600][26.331s][info][gc,reloc    ] GC(11) y: Eden             127M (3%)          748M (19%)        398 / 330            1 / 0              6 / 0        
[2026-04-03T06:51:49.840+0600][26.331s][info][gc,reloc    ] GC(11) y: Survivor 1        23M (1%)           38M (1%)          15 / 3              1 / 0              0 / 0        
[2026-04-03T06:51:49.840+0600][26.331s][info][gc,reloc    ] GC(11) y: Survivor 2         0M (0%)            1M (0%)           1 / 0              0 / 0              0 / 0        
[2026-04-03T06:51:49.840+0600][26.331s][info][gc,reloc    ] GC(11) y: Survivor 3          -                 0M (0%)           0 / 0              0 / 0              0 / 0        
[2026-04-03T06:51:49.840+0600][26.331s][info][gc,reloc    ] GC(11) y: Survivor 4          -                 0M (0%)           0 / 0              0 / 0              0 / 0        
[2026-04-03T06:51:49.840+0600][26.331s][info][gc,reloc    ] GC(11) y: Survivor 5         0M (0%)            1M (0%)           1 / 1              0 / 0              0 / 0        
[2026-04-03T06:51:49.840+0600][26.331s][info][gc,heap     ] GC(11) y: Min Capacity: 8M(0%)
[2026-04-03T06:51:49.840+0600][26.331s][info][gc,heap     ] GC(11) y: Max Capacity: 3922M(100%)
[2026-04-03T06:51:49.840+0600][26.331s][info][gc,heap     ] GC(11) y: Soft Max Capacity: 3529M(90%)
[2026-04-03T06:51:49.840+0600][26.331s][info][gc,heap     ] GC(11) y: Heap Statistics:
[2026-04-03T06:51:49.840+0600][26.331s][info][gc,heap     ] GC(11) y:                Mark Start          Mark End        Relocate Start      Relocate End           High               Low         
[2026-04-03T06:51:49.840+0600][26.331s][info][gc,heap     ] GC(11) y:  Capacity:     2586M (66%)        2666M (68%)        2666M (68%)        2666M (68%)        2666M (68%)        2586M (66%)    
[2026-04-03T06:51:49.840+0600][26.331s][info][gc,heap     ] GC(11) y:      Free:     2906M (74%)        2580M (66%)        2636M (67%)        3202M (82%)        3202M (82%)        2578M (66%)    
[2026-04-03T06:51:49.840+0600][26.331s][info][gc,heap     ] GC(11) y:      Used:     1016M (26%)        1342M (34%)        1286M (33%)         720M (18%)        1344M (34%)         720M (18%)    
[2026-04-03T06:51:49.840+0600][26.331s][info][gc,heap     ] GC(11) y: Young Generation Statistics:
[2026-04-03T06:51:49.840+0600][26.331s][info][gc,heap     ] GC(11) y:                Mark Start          Mark End        Relocate Start      Relocate End    
[2026-04-03T06:51:49.840+0600][26.331s][info][gc,heap     ] GC(11) y:      Used:      942M (24%)        1268M (32%)        1212M (31%)         646M (16%)    
[2026-04-03T06:51:49.840+0600][26.331s][info][gc,heap     ] GC(11) y:      Live:         -               151M (4%)          151M (4%)          151M (4%)     
[2026-04-03T06:51:49.840+0600][26.331s][info][gc,heap     ] GC(11) y:   Garbage:         -               790M (20%)         710M (18%)          25M (1%)     
[2026-04-03T06:51:49.840+0600][26.331s][info][gc,heap     ] GC(11) y: Allocated:         -               326M (8%)          350M (9%)          469M (12%)    
[2026-04-03T06:51:49.840+0600][26.331s][info][gc,heap     ] GC(11) y: Reclaimed:         -                  -                80M (2%)          765M (20%)    
[2026-04-03T06:51:49.840+0600][26.331s][info][gc,heap     ] GC(11) y:  Promoted:         -                  -                 0M (0%)            0M (0%)     
[2026-04-03T06:51:49.840+0600][26.331s][info][gc,heap     ] GC(11) y: Compacted:         -                  -                  -               118M (3%)     
[2026-04-03T06:51:49.840+0600][26.331s][info][gc,phases   ] GC(11) y: Young Generation 1016M(26%)->720M(18%) 1.031s
[2026-04-03T06:51:49.840+0600][26.331s][info][gc          ] GC(11) Minor Collection (Allocation Rate) 1016M(26%)->722M(18%) 1.032s
[2026-04-03T06:51:49.841+0600][26.331s][info][gc          ] GC(12) Major Collection (Allocation Rate)
[2026-04-03T06:51:49.841+0600][26.331s][info][gc,task     ] GC(12) Using 3 Workers for Young Generation
[2026-04-03T06:51:49.841+0600][26.331s][info][gc,task     ] GC(12) Using 1 Workers for Old Generation
[2026-04-03T06:51:49.841+0600][26.331s][info][gc,phases   ] GC(12) Y: Young Generation
[2026-04-03T06:51:49.841+0600][26.332s][info][gc,phases   ] GC(12) Y: Pause Mark Start (Major) 0.032ms
[2026-04-03T06:51:50.949+0600][27.440s][info][gc,phases   ] GC(12) Y: Concurrent Mark 1107.999ms
[2026-04-03T06:51:50.949+0600][27.440s][info][gc,phases   ] GC(12) Y: Pause Mark End 0.043ms
[2026-04-03T06:51:50.950+0600][27.440s][info][gc,phases   ] GC(12) Y: Concurrent Mark Free 0.002ms
[2026-04-03T06:51:50.950+0600][27.440s][info][gc,phases   ] GC(12) Y: Concurrent Reset Relocation Set 0.110ms
[2026-04-03T06:51:50.957+0600][27.448s][info][gc,reloc    ] GC(12) Y: Using tenuring threshold: 2 (Computed)
[2026-04-03T06:51:50.979+0600][27.469s][info][gc,phases   ] GC(12) Y: Concurrent Select Relocation Set 29.062ms
[2026-04-03T06:51:50.979+0600][27.470s][info][gc,phases   ] GC(12) Y: Pause Relocate Start 0.028ms
[2026-04-03T06:51:51.152+0600][27.642s][info][gc,phases   ] GC(12) Y: Concurrent Relocate 172.305ms
[2026-04-03T06:51:51.152+0600][27.642s][info][gc,alloc    ] GC(12) Y:                         Mark Start        Mark End      Relocate Start    Relocate End   
[2026-04-03T06:51:51.152+0600][27.642s][info][gc,alloc    ] GC(12) Y: Allocation Stalls:          0                0                0                0         
[2026-04-03T06:51:51.152+0600][27.642s][info][gc,load     ] GC(12) Y: Load: 6.87 (57%) / 8.29 (69%) / 7.43 (62%)
[2026-04-03T06:51:51.152+0600][27.642s][info][gc,mmu      ] GC(12) Y: MMU: 2ms/95.2%, 5ms/98.1%, 10ms/99.0%, 20ms/99.4%, 50ms/99.7%, 100ms/99.8%
[2026-04-03T06:51:51.152+0600][27.642s][info][gc,marking  ] GC(12) Y: Mark: 2 stripe(s), 10 proactive flush(es), 1 terminate flush(es), 0 completion(s), 0 continuation(s) 
[2026-04-03T06:51:51.152+0600][27.642s][info][gc,marking  ] GC(12) Y: Mark Stack Usage: 32M
[2026-04-03T06:51:51.152+0600][27.642s][info][gc,nmethod  ] GC(12) Y: NMethods: 5556 registered, 0 unregistered
[2026-04-03T06:51:51.152+0600][27.642s][info][gc,metaspace] GC(12) Y: Metaspace: 67M used, 68M committed, 1088M reserved
[2026-04-03T06:51:51.152+0600][27.642s][info][gc,reloc    ] GC(12) Y:                        Candidates     Selected     In-Place         Size        Empty    Relocated 
[2026-04-03T06:51:51.152+0600][27.642s][info][gc,reloc    ] GC(12) Y: Small Pages:                  268          139            0         536M           0M          46M 
[2026-04-03T06:51:51.152+0600][27.642s][info][gc,reloc    ] GC(12) Y: Medium Pages:                   2            1            0          64M           0M           5M 
[2026-04-03T06:51:51.152+0600][27.642s][info][gc,reloc    ] GC(12) Y: Large Pages:                    6            0            0          48M          18M           0M 
[2026-04-03T06:51:51.152+0600][27.643s][info][gc,reloc    ] GC(12) Y: Forwarding Usage: 59M
[2026-04-03T06:51:51.152+0600][27.643s][info][gc,reloc    ] GC(12) Y: Age Table:
[2026-04-03T06:51:51.152+0600][27.643s][info][gc,reloc    ] GC(12) Y:                    Live             Garbage             Small              Medium             Large        
[2026-04-03T06:51:51.152+0600][27.643s][info][gc,reloc    ] GC(12) Y: Eden             128M (3%)          321M (8%)         185 / 131            1 / 0              6 / 0        
[2026-04-03T06:51:51.152+0600][27.643s][info][gc,reloc    ] GC(12) Y: Survivor 1       124M (3%)           35M (1%)          64 / 2              1 / 1              0 / 0        
[2026-04-03T06:51:51.152+0600][27.643s][info][gc,reloc    ] GC(12) Y: Survivor 2        23M (1%)           10M (0%)          17 / 5              0 / 0              0 / 0        
[2026-04-03T06:51:51.152+0600][27.643s][info][gc,reloc    ] GC(12) Y: Survivor 3         0M (0%)            1M (0%)           1 / 0              0 / 0              0 / 0        
[2026-04-03T06:51:51.152+0600][27.643s][info][gc,reloc    ] GC(12) Y: Survivor 4          -                 0M (0%)           0 / 0              0 / 0              0 / 0        
[2026-04-03T06:51:51.152+0600][27.643s][info][gc,reloc    ] GC(12) Y: Survivor 5          -                 0M (0%)           0 / 0              0 / 0              0 / 0        
[2026-04-03T06:51:51.152+0600][27.643s][info][gc,reloc    ] GC(12) Y: Survivor 6         0M (0%)            1M (0%)           1 / 1              0 / 0              0 / 0        
[2026-04-03T06:51:51.152+0600][27.643s][info][gc,heap     ] GC(12) Y: Min Capacity: 8M(0%)
[2026-04-03T06:51:51.152+0600][27.643s][info][gc,heap     ] GC(12) Y: Max Capacity: 3922M(100%)
[2026-04-03T06:51:51.152+0600][27.643s][info][gc,heap     ] GC(12) Y: Soft Max Capacity: 3529M(90%)
[2026-04-03T06:51:51.152+0600][27.643s][info][gc,heap     ] GC(12) Y: Heap Statistics:
[2026-04-03T06:51:51.152+0600][27.643s][info][gc,heap     ] GC(12) Y:                Mark Start          Mark End        Relocate Start      Relocate End           High               Low         
[2026-04-03T06:51:51.152+0600][27.643s][info][gc,heap     ] GC(12) Y:  Capacity:     2666M (68%)        2666M (68%)        2666M (68%)        2730M (70%)        2730M (70%)        2666M (68%)    
[2026-04-03T06:51:51.152+0600][27.643s][info][gc,heap     ] GC(12) Y:      Free:     3200M (82%)        2322M (59%)        2318M (59%)        2492M (64%)        3200M (82%)        2264M (58%)    
[2026-04-03T06:51:51.152+0600][27.643s][info][gc,heap     ] GC(12) Y:      Used:      722M (18%)        1600M (41%)        1604M (41%)        1430M (36%)        1658M (42%)         722M (18%)    
[2026-04-03T06:51:51.152+0600][27.643s][info][gc,heap     ] GC(12) Y: Young Generation Statistics:
[2026-04-03T06:51:51.152+0600][27.643s][info][gc,heap     ] GC(12) Y:                Mark Start          Mark End        Relocate Start      Relocate End    
[2026-04-03T06:51:51.152+0600][27.643s][info][gc,heap     ] GC(12) Y:      Used:      648M (17%)        1526M (39%)        1506M (38%)        1322M (34%)    
[2026-04-03T06:51:51.152+0600][27.643s][info][gc,heap     ] GC(12) Y:      Live:         -               276M (7%)          253M (6%)          253M (6%)     
[2026-04-03T06:51:51.152+0600][27.643s][info][gc,heap     ] GC(12) Y:   Garbage:         -               371M (9%)          352M (9%)            2M (0%)     
[2026-04-03T06:51:51.152+0600][27.643s][info][gc,heap     ] GC(12) Y: Allocated:         -               878M (22%)         900M (23%)        1066M (27%)    
[2026-04-03T06:51:51.152+0600][27.643s][info][gc,heap     ] GC(12) Y: Reclaimed:         -                  -                18M (0%)          368M (9%)     
[2026-04-03T06:51:51.152+0600][27.643s][info][gc,heap     ] GC(12) Y:  Promoted:         -                  -                23M (1%)           23M (1%)     
[2026-04-03T06:51:51.152+0600][27.643s][info][gc,heap     ] GC(12) Y: Compacted:         -                  -                  -               103M (3%)     
[2026-04-03T06:51:51.152+0600][27.643s][info][gc,phases   ] GC(12) Y: Young Generation 722M(18%)->1430M(36%) 1.311s
[2026-04-03T06:51:51.152+0600][27.643s][info][gc,phases   ] GC(12) O: Old Generation
[2026-04-03T06:51:51.160+0600][27.650s][info][gc,task     ] Adjusting Workers for Old Generation: 1 -> 2
[2026-04-03T06:51:51.160+0600][27.651s][info][gc          ] GC(13) Minor Collection (Allocation Rate)
[2026-04-03T06:51:51.160+0600][27.651s][info][gc,task     ] GC(13) Using 1 Workers for Young Generation
[2026-04-03T06:51:51.160+0600][27.651s][info][gc,phases   ] GC(13) y: Young Generation
[2026-04-03T06:51:51.161+0600][27.651s][info][gc,phases   ] GC(13) y: Pause Mark Start 0.038ms
[2026-04-03T06:51:51.236+0600][27.726s][info][gc,phases   ] GC(12) O: Concurrent Mark 83.221ms
[2026-04-03T06:51:51.236+0600][27.727s][info][gc,phases   ] GC(12) O: Pause Mark End 0.044ms
[2026-04-03T06:51:51.236+0600][27.727s][info][gc,phases   ] GC(12) O: Concurrent Mark Free 0.002ms
[2026-04-03T06:51:51.256+0600][27.746s][info][gc,phases   ] GC(12) O: Concurrent Process Non-Strong 19.644ms
[2026-04-03T06:51:51.256+0600][27.747s][info][gc,phases   ] GC(12) O: Concurrent Reset Relocation Set 0.005ms
[2026-04-03T06:51:51.264+0600][27.755s][info][gc,phases   ] GC(12) O: Concurrent Select Relocation Set 8.290ms
[2026-04-03T06:51:53.300+0600][29.790s][info][gc,phases   ] GC(13) y: Concurrent Mark 2138.737ms
[2026-04-03T06:51:53.300+0600][29.791s][info][gc,phases   ] GC(13) y: Pause Mark End 0.044ms
[2026-04-03T06:51:53.301+0600][29.791s][info][gc,phases   ] GC(13) y: Concurrent Mark Free 0.005ms
[2026-04-03T06:51:53.301+0600][29.791s][info][gc,phases   ] GC(13) y: Concurrent Reset Relocation Set 0.106ms
[2026-04-03T06:51:53.309+0600][29.799s][info][gc,reloc    ] GC(13) y: Using tenuring threshold: 1 (Computed)
[2026-04-03T06:51:53.705+0600][30.196s][info][gc,phases   ] GC(13) y: Concurrent Select Relocation Set 404.360ms
[2026-04-03T06:51:53.706+0600][30.196s][info][gc,phases   ] GC(13) y: Pause Relocate Start 0.032ms
[2026-04-03T06:51:54.541+0600][31.031s][info][gc,phases   ] GC(13) y: Concurrent Relocate 834.767ms
[2026-04-03T06:51:54.541+0600][31.031s][info][gc,alloc    ] GC(13) y:                         Mark Start        Mark End      Relocate Start    Relocate End   
[2026-04-03T06:51:54.541+0600][31.031s][info][gc,alloc    ] GC(13) y: Allocation Stalls:          0                0                0                0         
[2026-04-03T06:51:54.541+0600][31.031s][info][gc,load     ] GC(13) y: Load: 6.72 (56%) / 8.24 (69%) / 7.42 (62%)
[2026-04-03T06:51:54.541+0600][31.031s][info][gc,mmu      ] GC(13) y: MMU: 2ms/95.2%, 5ms/98.1%, 10ms/99.0%, 20ms/99.4%, 50ms/99.7%, 100ms/99.8%
[2026-04-03T06:51:54.541+0600][31.031s][info][gc,marking  ] GC(13) y: Mark: 1 stripe(s), 2 proactive flush(es), 1 terminate flush(es), 0 completion(s), 0 continuation(s) 
[2026-04-03T06:51:54.541+0600][31.031s][info][gc,marking  ] GC(13) y: Mark Stack Usage: 32M
[2026-04-03T06:51:54.541+0600][31.031s][info][gc,nmethod  ] GC(13) y: NMethods: 5407 registered, 0 unregistered
[2026-04-03T06:51:54.541+0600][31.031s][info][gc,metaspace] GC(13) y: Metaspace: 68M used, 69M committed, 1088M reserved
[2026-04-03T06:51:54.541+0600][31.031s][info][gc,reloc    ] GC(13) y:                        Candidates     Selected     In-Place         Size        Empty    Relocated 
[2026-04-03T06:51:54.541+0600][31.031s][info][gc,reloc    ] GC(13) y: Small Pages:                  576          435            0        1152M           0M          53M 
[2026-04-03T06:51:54.541+0600][31.032s][info][gc,reloc    ] GC(13) y: Medium Pages:                   3            0            0          96M          64M           0M 
[2026-04-03T06:51:54.541+0600][31.032s][info][gc,reloc    ] GC(13) y: Large Pages:                    9            0            0          78M          18M           0M 
[2026-04-03T06:51:54.541+0600][31.032s][info][gc,reloc    ] GC(13) y: Forwarding Usage: 57M
[2026-04-03T06:51:54.541+0600][31.032s][info][gc,reloc    ] GC(13) y: Age Table:
[2026-04-03T06:51:54.541+0600][31.032s][info][gc,reloc    ] GC(13) y:                    Live             Garbage             Small              Medium             Large        
[2026-04-03T06:51:54.541+0600][31.032s][info][gc,reloc    ] GC(13) y: Eden              85M (2%)          918M (23%)        462 / 431            1 / 0              6 / 0        
[2026-04-03T06:51:54.541+0600][31.032s][info][gc,reloc    ] GC(13) y: Survivor 1       121M (3%)           42M (1%)          51 / 2              1 / 0              3 / 0        
[2026-04-03T06:51:54.541+0600][31.032s][info][gc,reloc    ] GC(13) y: Survivor 2       124M (3%)           33M (1%)          63 / 2              1 / 0              0 / 0        
[2026-04-03T06:51:54.541+0600][31.032s][info][gc,heap     ] GC(13) y: Min Capacity: 8M(0%)
[2026-04-03T06:51:54.541+0600][31.032s][info][gc,heap     ] GC(13) y: Max Capacity: 3922M(100%)
[2026-04-03T06:51:54.541+0600][31.032s][info][gc,heap     ] GC(13) y: Soft Max Capacity: 3529M(90%)
[2026-04-03T06:51:54.541+0600][31.032s][info][gc,heap     ] GC(13) y: Heap Statistics:
[2026-04-03T06:51:54.541+0600][31.032s][info][gc,heap     ] GC(13) y:                Mark Start          Mark End        Relocate Start      Relocate End           High               Low         
[2026-04-03T06:51:54.541+0600][31.032s][info][gc,heap     ] GC(13) y:  Capacity:     2730M (70%)        2780M (71%)        2780M (71%)        2780M (71%)        2780M (71%)        2730M (70%)    
[2026-04-03T06:51:54.541+0600][31.032s][info][gc,heap     ] GC(13) y:      Free:     2488M (63%)        1692M (43%)        1748M (45%)        2340M (60%)        2584M (66%)        1692M (43%)    
[2026-04-03T06:51:54.541+0600][31.032s][info][gc,heap     ] GC(13) y:      Used:     1434M (37%)        2230M (57%)        2174M (55%)        1582M (40%)        2230M (57%)        1338M (34%)    
[2026-04-03T06:51:54.541+0600][31.032s][info][gc,heap     ] GC(13) y: Young Generation Statistics:
[2026-04-03T06:51:54.541+0600][31.032s][info][gc,heap     ] GC(13) y:                Mark Start          Mark End        Relocate Start      Relocate End    
[2026-04-03T06:51:54.541+0600][31.032s][info][gc,heap     ] GC(13) y:      Used:     1326M (34%)        2122M (54%)        1788M (46%)        1190M (30%)    
[2026-04-03T06:51:54.541+0600][31.032s][info][gc,heap     ] GC(13) y:      Live:         -               332M (8%)           87M (2%)           85M (2%)     
[2026-04-03T06:51:54.541+0600][31.032s][info][gc,heap     ] GC(13) y:   Garbage:         -               993M (25%)         878M (22%)           0M (0%)     
[2026-04-03T06:51:54.541+0600][31.032s][info][gc,heap     ] GC(13) y: Allocated:         -               796M (20%)         822M (21%)        1104M (28%)    
[2026-04-03T06:51:54.541+0600][31.032s][info][gc,heap     ] GC(13) y: Reclaimed:         -                  -               115M (3%)          993M (25%)    
[2026-04-03T06:51:54.541+0600][31.032s][info][gc,heap     ] GC(13) y:  Promoted:         -                  -               244M (6%)          246M (6%)     
[2026-04-03T06:51:54.541+0600][31.032s][info][gc,heap     ] GC(13) y: Compacted:         -                  -                  -                55M (1%)     
[2026-04-03T06:51:54.541+0600][31.032s][info][gc,phases   ] GC(13) y: Young Generation 1434M(37%)->1582M(40%) 3.380s
[2026-04-03T06:51:54.541+0600][31.032s][info][gc          ] GC(13) Minor Collection (Allocation Rate) 1434M(37%)->1582M(40%) 3.381s
[2026-04-03T06:51:54.541+0600][31.032s][info][gc,task     ] GC(12) O: Using 3 Workers for Old Generation
[2026-04-03T06:51:54.542+0600][31.032s][info][gc,task     ] Adjusting Workers for Old Generation: 3 -> 1
[2026-04-03T06:51:54.568+0600][31.059s][info][gc,task     ] GC(12) O: Using 2 Workers for Old Generation
[2026-04-03T06:51:54.568+0600][31.059s][info][gc,phases   ] GC(12) O: Concurrent Remap Roots 26.684ms
[2026-04-03T06:51:54.569+0600][31.059s][info][gc,phases   ] GC(12) O: Pause Relocate Start 0.032ms
[2026-04-03T06:51:54.569+0600][31.060s][info][gc          ] GC(14) Minor Collection (Allocation Rate)
[2026-04-03T06:51:54.569+0600][31.060s][info][gc,task     ] GC(14) Using 2 Workers for Young Generation
[2026-04-03T06:51:54.569+0600][31.060s][info][gc,phases   ] GC(14) y: Young Generation
[2026-04-03T06:51:54.570+0600][31.060s][info][gc,phases   ] GC(14) y: Pause Mark Start 0.036ms
[2026-04-03T06:51:54.585+0600][31.076s][info][gc,phases   ] GC(12) O: Concurrent Relocate 16.342ms
[2026-04-03T06:51:55.777+0600][32.267s][info][gc,phases   ] GC(14) y: Concurrent Mark 1206.828ms
[2026-04-03T06:51:55.777+0600][32.268s][info][gc,phases   ] GC(14) y: Pause Mark End 0.043ms
[2026-04-03T06:51:55.777+0600][32.268s][info][gc,phases   ] GC(14) y: Concurrent Mark Free 0.004ms
[2026-04-03T06:51:55.777+0600][32.268s][info][gc,phases   ] GC(14) y: Concurrent Reset Relocation Set 0.263ms
[2026-04-03T06:51:55.780+0600][32.271s][info][gc,reloc    ] GC(14) y: Using tenuring threshold: 2 (Computed)
[2026-04-03T06:51:55.791+0600][32.282s][info][gc,phases   ] GC(14) y: Concurrent Select Relocation Set 13.619ms
[2026-04-03T06:51:55.792+0600][32.282s][info][gc,phases   ] GC(14) y: Pause Relocate Start 0.040ms
[2026-04-03T06:51:55.995+0600][32.486s][info][gc,phases   ] GC(14) y: Concurrent Relocate 203.543ms
[2026-04-03T06:51:55.996+0600][32.486s][info][gc,alloc    ] GC(14) y:                         Mark Start        Mark End      Relocate Start    Relocate End   
[2026-04-03T06:51:55.996+0600][32.486s][info][gc,alloc    ] GC(14) y: Allocation Stalls:          0                0                0                0         
[2026-04-03T06:51:55.996+0600][32.486s][info][gc,load     ] GC(14) y: Load: 6.72 (56%) / 8.24 (69%) / 7.42 (62%)
[2026-04-03T06:51:55.996+0600][32.486s][info][gc,mmu      ] GC(14) y: MMU: 2ms/95.2%, 5ms/98.1%, 10ms/99.0%, 20ms/99.4%, 50ms/99.7%, 100ms/99.8%
[2026-04-03T06:51:55.996+0600][32.486s][info][gc,marking  ] GC(14) y: Mark: 2 stripe(s), 2 proactive flush(es), 1 terminate flush(es), 0 completion(s), 0 continuation(s) 
[2026-04-03T06:51:55.996+0600][32.486s][info][gc,marking  ] GC(14) y: Mark Stack Usage: 32M
[2026-04-03T06:51:55.996+0600][32.486s][info][gc,nmethod  ] GC(14) y: NMethods: 5434 registered, 0 unregistered
[2026-04-03T06:51:55.996+0600][32.486s][info][gc,metaspace] GC(14) y: Metaspace: 68M used, 69M committed, 1088M reserved
[2026-04-03T06:51:55.996+0600][32.486s][info][gc,reloc    ] GC(14) y:                        Candidates     Selected     In-Place         Size        Empty    Relocated 
[2026-04-03T06:51:55.996+0600][32.486s][info][gc,reloc    ] GC(14) y: Small Pages:                  503          427            0        1006M          32M          51M 
[2026-04-03T06:51:55.996+0600][32.486s][info][gc,reloc    ] GC(14) y: Medium Pages:                   2            0            0          64M          64M           0M 
[2026-04-03T06:51:55.996+0600][32.486s][info][gc,reloc    ] GC(14) y: Large Pages:                   13            0            0         138M          54M           0M 
[2026-04-03T06:51:55.996+0600][32.486s][info][gc,reloc    ] GC(14) y: Forwarding Usage: 59M
[2026-04-03T06:51:55.996+0600][32.486s][info][gc,reloc    ] GC(14) y: Age Table:
[2026-04-03T06:51:55.996+0600][32.486s][info][gc,reloc    ] GC(14) y:                    Live             Garbage             Small              Medium             Large        
[2026-04-03T06:51:55.996+0600][32.486s][info][gc,reloc    ] GC(14) y: Eden             140M (4%)          977M (25%)        473 / 424            2 / 0             10 / 0        
[2026-04-03T06:51:55.996+0600][32.486s][info][gc,reloc    ] GC(14) y: Survivor 1        46M (1%)           43M (1%)          30 / 3              0 / 0              3 / 0        
[2026-04-03T06:51:55.996+0600][32.486s][info][gc,heap     ] GC(14) y: Min Capacity: 8M(0%)
[2026-04-03T06:51:55.996+0600][32.486s][info][gc,heap     ] GC(14) y: Max Capacity: 3922M(100%)
[2026-04-03T06:51:55.996+0600][32.486s][info][gc,heap     ] GC(14) y: Soft Max Capacity: 3529M(90%)
[2026-04-03T06:51:55.996+0600][32.486s][info][gc,heap     ] GC(14) y: Heap Statistics:
[2026-04-03T06:51:55.996+0600][32.486s][info][gc,heap     ] GC(14) y:                Mark Start          Mark End        Relocate Start      Relocate End           High               Low         
[2026-04-03T06:51:55.996+0600][32.487s][info][gc,heap     ] GC(14) y:  Capacity:     2780M (71%)        2870M (73%)        2870M (73%)        2870M (73%)        2870M (73%)        2780M (71%)    
[2026-04-03T06:51:55.996+0600][32.487s][info][gc,heap     ] GC(14) y:      Free:     2320M (59%)        1390M (35%)        1534M (39%)        2228M (57%)        2320M (59%)        1390M (35%)    
[2026-04-03T06:51:55.996+0600][32.487s][info][gc,heap     ] GC(14) y:      Used:     1602M (41%)        2532M (65%)        2388M (61%)        1694M (43%)        2532M (65%)        1602M (41%)    
[2026-04-03T06:51:55.996+0600][32.487s][info][gc,heap     ] GC(14) y: Young Generation Statistics:
[2026-04-03T06:51:55.996+0600][32.487s][info][gc,heap     ] GC(14) y:                Mark Start          Mark End        Relocate Start      Relocate End    
[2026-04-03T06:51:55.996+0600][32.487s][info][gc,heap     ] GC(14) y:      Used:     1208M (31%)        2138M (55%)        1994M (51%)        1300M (33%)    
[2026-04-03T06:51:55.996+0600][32.487s][info][gc,heap     ] GC(14) y:      Live:         -               186M (5%)          186M (5%)          186M (5%)     
[2026-04-03T06:51:55.996+0600][32.487s][info][gc,heap     ] GC(14) y:   Garbage:         -              1021M (26%)         871M (22%)           8M (0%)     
[2026-04-03T06:51:55.996+0600][32.487s][info][gc,heap     ] GC(14) y: Allocated:         -               930M (24%)         936M (24%)        1104M (28%)    
[2026-04-03T06:51:55.996+0600][32.487s][info][gc,heap     ] GC(14) y: Reclaimed:         -                  -               150M (4%)         1012M (26%)    
[2026-04-03T06:51:55.996+0600][32.487s][info][gc,heap     ] GC(14) y:  Promoted:         -                  -                 0M (0%)            0M (0%)     
[2026-04-03T06:51:55.996+0600][32.487s][info][gc,heap     ] GC(14) y: Compacted:         -                  -                  -                61M (2%)     
[2026-04-03T06:51:55.996+0600][32.487s][info][gc,phases   ] GC(14) y: Young Generation 1602M(41%)->1694M(43%) 1.426s
[2026-04-03T06:51:55.996+0600][32.487s][info][gc          ] GC(14) Minor Collection (Allocation Rate) 1602M(41%)->1694M(43%) 1.427s
[2026-04-03T06:51:55.996+0600][32.487s][info][gc,alloc    ] GC(12) O:                         Mark Start        Mark End      Relocate Start    Relocate End   
[2026-04-03T06:51:55.997+0600][32.487s][info][gc,alloc    ] GC(12) O: Allocation Stalls:          0                0                0                0         
[2026-04-03T06:51:55.997+0600][32.487s][info][gc,load     ] GC(12) O: Load: 6.72 (56%) / 8.24 (69%) / 7.42 (62%)
[2026-04-03T06:51:55.997+0600][32.487s][info][gc,mmu      ] GC(12) O: MMU: 2ms/95.2%, 5ms/98.1%, 10ms/99.0%, 20ms/99.4%, 50ms/99.7%, 100ms/99.8%
[2026-04-03T06:51:55.997+0600][32.487s][info][gc,marking  ] GC(12) O: Mark: 1 stripe(s), 2 proactive flush(es), 1 terminate flush(es), 0 completion(s), 0 continuation(s) 
[2026-04-03T06:51:55.997+0600][32.487s][info][gc,marking  ] GC(12) O: Mark Stack Usage: 32M
[2026-04-03T06:51:55.997+0600][32.487s][info][gc,nmethod  ] GC(12) O: NMethods: 5434 registered, 0 unregistered
[2026-04-03T06:51:55.997+0600][32.487s][info][gc,metaspace] GC(12) O: Metaspace: 68M used, 69M committed, 1088M reserved
[2026-04-03T06:51:55.997+0600][32.487s][info][gc,ref      ] GC(12) O:                       Encountered   Discovered     Enqueued 
[2026-04-03T06:51:55.997+0600][32.487s][info][gc,ref      ] GC(12) O: Soft References:             4948            0            0 
[2026-04-03T06:51:55.997+0600][32.487s][info][gc,ref      ] GC(12) O: Weak References:             6574         3072            1 
[2026-04-03T06:51:55.997+0600][32.487s][info][gc,ref      ] GC(12) O: Final References:              82            0            0 
[2026-04-03T06:51:55.997+0600][32.487s][info][gc,ref      ] GC(12) O: Phantom References:           594          535            0 
[2026-04-03T06:51:55.997+0600][32.487s][info][gc,reloc    ] GC(12) O:                        Candidates     Selected     In-Place         Size        Empty    Relocated 
[2026-04-03T06:51:55.997+0600][32.487s][info][gc,reloc    ] GC(12) O: Small Pages:                   21            4            0          42M           0M           2M 
[2026-04-03T06:51:55.997+0600][32.487s][info][gc,reloc    ] GC(12) O: Medium Pages:                   1            0            0          32M           0M           0M 
[2026-04-03T06:51:55.997+0600][32.487s][info][gc,reloc    ] GC(12) O: Large Pages:                    0            0            0           0M           0M           0M 
[2026-04-03T06:51:55.997+0600][32.487s][info][gc,reloc    ] GC(12) O: Forwarding Usage: 1M
[2026-04-03T06:51:55.997+0600][32.487s][info][gc,heap     ] GC(12) O: Min Capacity: 8M(0%)
[2026-04-03T06:51:55.997+0600][32.487s][info][gc,heap     ] GC(12) O: Max Capacity: 3922M(100%)
[2026-04-03T06:51:55.997+0600][32.487s][info][gc,heap     ] GC(12) O: Soft Max Capacity: 3529M(90%)
[2026-04-03T06:51:55.997+0600][32.487s][info][gc,heap     ] GC(12) O: Heap Statistics:
[2026-04-03T06:51:55.997+0600][32.487s][info][gc,heap     ] GC(12) O:                Mark Start          Mark End        Relocate Start      Relocate End           High               Low         
[2026-04-03T06:51:55.997+0600][32.487s][info][gc,heap     ] GC(12) O:  Capacity:     2666M (68%)        2730M (70%)        2780M (71%)        2780M (71%)        2780M (71%)        2666M (68%)    
[2026-04-03T06:51:55.997+0600][32.487s][info][gc,heap     ] GC(12) O:      Free:     3200M (82%)        2436M (62%)        2322M (59%)        2304M (59%)        3200M (82%)        1692M (43%)    
[2026-04-03T06:51:55.997+0600][32.487s][info][gc,heap     ] GC(12) O:      Used:      722M (18%)        1486M (38%)        1600M (41%)        1618M (41%)        2230M (57%)         722M (18%)    
[2026-04-03T06:51:55.997+0600][32.487s][info][gc,heap     ] GC(12) O: Old Generation Statistics:
[2026-04-03T06:51:55.997+0600][32.487s][info][gc,heap     ] GC(12) O:                Mark Start          Mark End        Relocate Start      Relocate End    
[2026-04-03T06:51:55.997+0600][32.487s][info][gc,heap     ] GC(12) O:      Used:       74M (2%)          108M (3%)          392M (10%)         394M (10%)    
[2026-04-03T06:51:55.997+0600][32.487s][info][gc,heap     ] GC(12) O:      Live:         -                36M (1%)           36M (1%)           36M (1%)     
[2026-04-03T06:51:55.997+0600][32.487s][info][gc,heap     ] GC(12) O:   Garbage:         -                37M (1%)           37M (1%)           28M (1%)     
[2026-04-03T06:51:55.997+0600][32.487s][info][gc,heap     ] GC(12) O: Allocated:         -                34M (1%)          318M (8%)          328M (8%)     
[2026-04-03T06:51:55.997+0600][32.487s][info][gc,heap     ] GC(12) O: Reclaimed:         -                  -                 0M (0%)            8M (0%)     
[2026-04-03T06:51:55.997+0600][32.487s][info][gc,heap     ] GC(12) O: Compacted:         -                  -                  -                 3M (0%)     
[2026-04-03T06:51:55.997+0600][32.487s][info][gc,phases   ] GC(12) O: Old Generation 1430M(36%)->1618M(41%) 4.844s
[2026-04-03T06:51:55.997+0600][32.488s][info][gc          ] GC(12) Major Collection (Allocation Rate) 722M(18%)->1694M(43%) 6.156s
[2026-04-03T06:51:56.063+0600][32.553s][info][gc          ] GC(15) Minor Collection (Allocation Rate)
[2026-04-03T06:51:56.063+0600][32.553s][info][gc,task     ] GC(15) Using 3 Workers for Young Generation
[2026-04-03T06:51:56.063+0600][32.553s][info][gc,phases   ] GC(15) y: Young Generation
[2026-04-03T06:51:56.063+0600][32.554s][info][gc,phases   ] GC(15) y: Pause Mark Start 0.049ms
[2026-04-03T06:51:57.208+0600][33.698s][info][gc,phases   ] GC(15) y: Concurrent Mark 1144.262ms
[2026-04-03T06:51:57.208+0600][33.698s][info][gc,phases   ] GC(15) y: Pause Mark End 0.060ms
[2026-04-03T06:51:57.208+0600][33.699s][info][gc,phases   ] GC(15) y: Concurrent Mark Free 0.003ms
[2026-04-03T06:51:57.208+0600][33.699s][info][gc,phases   ] GC(15) y: Concurrent Reset Relocation Set 0.096ms
[2026-04-03T06:51:57.214+0600][33.705s][info][gc,reloc    ] GC(15) y: Using tenuring threshold: 2 (Computed)
[2026-04-03T06:51:57.278+0600][33.768s][info][gc,phases   ] GC(15) y: Concurrent Select Relocation Set 69.601ms
[2026-04-03T06:51:57.278+0600][33.769s][info][gc,phases   ] GC(15) y: Pause Relocate Start 0.035ms
[2026-04-03T06:51:57.560+0600][34.051s][info][gc,phases   ] GC(15) y: Concurrent Relocate 282.000ms
[2026-04-03T06:51:57.561+0600][34.051s][info][gc,alloc    ] GC(15) y:                         Mark Start        Mark End      Relocate Start    Relocate End   
[2026-04-03T06:51:57.561+0600][34.051s][info][gc,alloc    ] GC(15) y: Allocation Stalls:          0                0                0                0         
[2026-04-03T06:51:57.561+0600][34.051s][info][gc,load     ] GC(15) y: Load: 6.74 (56%) / 8.21 (68%) / 7.42 (62%)
[2026-04-03T06:51:57.561+0600][34.051s][info][gc,mmu      ] GC(15) y: MMU: 2ms/95.2%, 5ms/98.1%, 10ms/99.0%, 20ms/99.4%, 50ms/99.7%, 100ms/99.8%
[2026-04-03T06:51:57.561+0600][34.051s][info][gc,marking  ] GC(15) y: Mark: 2 stripe(s), 10 proactive flush(es), 1 terminate flush(es), 0 completion(s), 0 continuation(s) 
[2026-04-03T06:51:57.561+0600][34.051s][info][gc,marking  ] GC(15) y: Mark Stack Usage: 32M
[2026-04-03T06:51:57.561+0600][34.051s][info][gc,nmethod  ] GC(15) y: NMethods: 5447 registered, 0 unregistered
[2026-04-03T06:51:57.561+0600][34.051s][info][gc,metaspace] GC(15) y: Metaspace: 68M used, 69M committed, 1088M reserved
[2026-04-03T06:51:57.561+0600][34.051s][info][gc,reloc    ] GC(15) y:                        Candidates     Selected     In-Place         Size        Empty    Relocated 
[2026-04-03T06:51:57.561+0600][34.051s][info][gc,reloc    ] GC(15) y: Small Pages:                  580          448            0        1160M           0M          88M 
[2026-04-03T06:51:57.561+0600][34.051s][info][gc,reloc    ] GC(15) y: Medium Pages:                   1            0            0          32M          32M           0M 
[2026-04-03T06:51:57.561+0600][34.051s][info][gc,reloc    ] GC(15) y: Large Pages:                   17            0            0         170M          60M           0M 
[2026-04-03T06:51:57.561+0600][34.051s][info][gc,reloc    ] GC(15) y: Forwarding Usage: 95M
[2026-04-03T06:51:57.561+0600][34.051s][info][gc,reloc    ] GC(15) y: Age Table:
[2026-04-03T06:51:57.561+0600][34.051s][info][gc,reloc    ] GC(15) y:                    Live             Garbage             Small              Medium             Large        
[2026-04-03T06:51:57.561+0600][34.051s][info][gc,reloc    ] GC(15) y: Eden             201M (5%)          952M (24%)        518 / 432            1 / 0             11 / 0        
[2026-04-03T06:51:57.561+0600][34.051s][info][gc,reloc    ] GC(15) y: Survivor 1        87M (2%)           62M (2%)          33 / 15             0 / 0              6 / 0        
[2026-04-03T06:51:57.561+0600][34.051s][info][gc,reloc    ] GC(15) y: Survivor 2        46M (1%)           11M (0%)          29 / 1              0 / 0              0 / 0        
[2026-04-03T06:51:57.561+0600][34.051s][info][gc,heap     ] GC(15) y: Min Capacity: 8M(0%)
[2026-04-03T06:51:57.561+0600][34.051s][info][gc,heap     ] GC(15) y: Max Capacity: 3922M(100%)
[2026-04-03T06:51:57.561+0600][34.051s][info][gc,heap     ] GC(15) y: Soft Max Capacity: 3529M(90%)
[2026-04-03T06:51:57.561+0600][34.051s][info][gc,heap     ] GC(15) y: Heap Statistics:
[2026-04-03T06:51:57.561+0600][34.052s][info][gc,heap     ] GC(15) y:                Mark Start          Mark End        Relocate Start      Relocate End           High               Low         
[2026-04-03T06:51:57.561+0600][34.052s][info][gc,heap     ] GC(15) y:  Capacity:     2870M (73%)        2902M (74%)        2902M (74%)        2902M (74%)        2902M (74%)        2870M (73%)    
[2026-04-03T06:51:57.561+0600][34.052s][info][gc,heap     ] GC(15) y:      Free:     2166M (55%)        1318M (34%)        1390M (35%)        2256M (58%)        2256M (58%)        1316M (34%)    
[2026-04-03T06:51:57.561+0600][34.052s][info][gc,heap     ] GC(15) y:      Used:     1756M (45%)        2604M (66%)        2532M (65%)        1666M (42%)        2606M (66%)        1666M (42%)    
[2026-04-03T06:51:57.561+0600][34.052s][info][gc,heap     ] GC(15) y: Young Generation Statistics:
[2026-04-03T06:51:57.561+0600][34.052s][info][gc,heap     ] GC(15) y:                Mark Start          Mark End        Relocate Start      Relocate End    
[2026-04-03T06:51:57.561+0600][34.052s][info][gc,heap     ] GC(15) y:      Used:     1362M (35%)        2210M (56%)        2084M (53%)        1216M (31%)    
[2026-04-03T06:51:57.561+0600][34.052s][info][gc,heap     ] GC(15) y:      Live:         -               335M (9%)          289M (7%)          288M (7%)     
[2026-04-03T06:51:57.561+0600][34.052s][info][gc,heap     ] GC(15) y:   Garbage:         -              1026M (26%)         926M (24%)           6M (0%)     
[2026-04-03T06:51:57.561+0600][34.052s][info][gc,heap     ] GC(15) y: Allocated:         -               848M (22%)         868M (22%)         920M (23%)    
[2026-04-03T06:51:57.561+0600][34.052s][info][gc,heap     ] GC(15) y: Reclaimed:         -                  -               100M (3%)         1020M (26%)    
[2026-04-03T06:51:57.561+0600][34.052s][info][gc,heap     ] GC(15) y:  Promoted:         -                  -                45M (1%)           46M (1%)     
[2026-04-03T06:51:57.561+0600][34.052s][info][gc,heap     ] GC(15) y: Compacted:         -                  -                  -               139M (4%)     
[2026-04-03T06:51:57.561+0600][34.052s][info][gc,phases   ] GC(15) y: Young Generation 1756M(45%)->1666M(42%) 1.498s
[2026-04-03T06:51:57.561+0600][34.052s][info][gc          ] GC(15) Minor Collection (Allocation Rate) 1756M(45%)->1666M(42%) 1.499s
[2026-04-03T06:51:57.561+0600][34.052s][info][gc          ] GC(16) Major Collection (Allocation Rate)
[2026-04-03T06:51:57.562+0600][34.052s][info][gc,task     ] GC(16) Using 3 Workers for Young Generation
[2026-04-03T06:51:57.562+0600][34.052s][info][gc,task     ] GC(16) Using 1 Workers for Old Generation
[2026-04-03T06:51:57.562+0600][34.052s][info][gc,phases   ] GC(16) Y: Young Generation
[2026-04-03T06:51:57.562+0600][34.053s][info][gc,phases   ] GC(16) Y: Pause Mark Start (Major) 0.044ms
[2026-04-03T06:51:58.576+0600][35.066s][info][gc,phases   ] GC(16) Y: Concurrent Mark 1013.789ms
[2026-04-03T06:51:58.576+0600][35.067s][info][gc,phases   ] GC(16) Y: Pause Mark End 0.066ms
[2026-04-03T06:51:58.577+0600][35.067s][info][gc,phases   ] GC(16) Y: Concurrent Mark Free 0.004ms
[2026-04-03T06:51:58.577+0600][35.067s][info][gc,phases   ] GC(16) Y: Concurrent Reset Relocation Set 0.161ms
[2026-04-03T06:51:58.580+0600][35.070s][info][gc,reloc    ] GC(16) Y: Using tenuring threshold: 3 (Computed)
[2026-04-03T06:51:58.591+0600][35.082s][info][gc,phases   ] GC(16) Y: Concurrent Select Relocation Set 14.187ms
[2026-04-03T06:51:58.591+0600][35.082s][info][gc,phases   ] GC(16) Y: Pause Relocate Start 0.035ms
[2026-04-03T06:51:58.710+0600][35.200s][info][gc,phases   ] GC(16) Y: Concurrent Relocate 117.908ms
[2026-04-03T06:51:58.710+0600][35.200s][info][gc,alloc    ] GC(16) Y:                         Mark Start        Mark End      Relocate Start    Relocate End   
[2026-04-03T06:51:58.710+0600][35.200s][info][gc,alloc    ] GC(16) Y: Allocation Stalls:          0                0                0                0         
[2026-04-03T06:51:58.710+0600][35.200s][info][gc,load     ] GC(16) Y: Load: 6.74 (56%) / 8.21 (68%) / 7.42 (62%)
[2026-04-03T06:51:58.710+0600][35.200s][info][gc,mmu      ] GC(16) Y: MMU: 2ms/95.2%, 5ms/98.1%, 10ms/99.0%, 20ms/99.4%, 50ms/99.7%, 100ms/99.8%
[2026-04-03T06:51:58.710+0600][35.200s][info][gc,marking  ] GC(16) Y: Mark: 2 stripe(s), 2 proactive flush(es), 1 terminate flush(es), 0 completion(s), 0 continuation(s) 
[2026-04-03T06:51:58.710+0600][35.200s][info][gc,marking  ] GC(16) Y: Mark Stack Usage: 32M
[2026-04-03T06:51:58.710+0600][35.200s][info][gc,nmethod  ] GC(16) Y: NMethods: 5453 registered, 0 unregistered
[2026-04-03T06:51:58.710+0600][35.200s][info][gc,metaspace] GC(16) Y: Metaspace: 68M used, 69M committed, 1088M reserved
[2026-04-03T06:51:58.710+0600][35.200s][info][gc,reloc    ] GC(16) Y:                        Candidates     Selected     In-Place         Size        Empty    Relocated 
[2026-04-03T06:51:58.710+0600][35.200s][info][gc,reloc    ] GC(16) Y: Small Pages:                  505          404            0        1010M          32M          49M 
[2026-04-03T06:51:58.710+0600][35.200s][info][gc,reloc    ] GC(16) Y: Medium Pages:                   1            0            0          32M           0M           0M 
[2026-04-03T06:51:58.710+0600][35.200s][info][gc,reloc    ] GC(16) Y: Large Pages:                   13            0            0         174M          46M           0M 
[2026-04-03T06:51:58.710+0600][35.200s][info][gc,reloc    ] GC(16) Y: Forwarding Usage: 54M
[2026-04-03T06:51:58.710+0600][35.200s][info][gc,reloc    ] GC(16) Y: Age Table:
[2026-04-03T06:51:58.710+0600][35.200s][info][gc,reloc    ] GC(16) Y:                    Live             Garbage             Small              Medium             Large        
[2026-04-03T06:51:58.710+0600][35.200s][info][gc,reloc    ] GC(16) Y: Eden             106M (3%)          801M (20%)        406 / 384            1 / 0              4 / 0        
[2026-04-03T06:51:58.710+0600][35.200s][info][gc,reloc    ] GC(16) Y: Survivor 1        81M (2%)          130M (3%)          78 / 17             0 / 0              6 / 0        
[2026-04-03T06:51:58.710+0600][35.200s][info][gc,reloc    ] GC(16) Y: Survivor 2        86M (2%)            9M (0%)          21 / 3              0 / 0              3 / 0        
[2026-04-03T06:51:58.710+0600][35.201s][info][gc,heap     ] GC(16) Y: Min Capacity: 8M(0%)
[2026-04-03T06:51:58.710+0600][35.201s][info][gc,heap     ] GC(16) Y: Max Capacity: 3922M(100%)
[2026-04-03T06:51:58.710+0600][35.201s][info][gc,heap     ] GC(16) Y: Soft Max Capacity: 3529M(90%)
[2026-04-03T06:51:58.710+0600][35.201s][info][gc,heap     ] GC(16) Y: Heap Statistics:
[2026-04-03T06:51:58.710+0600][35.201s][info][gc,heap     ] GC(16) Y:                Mark Start          Mark End        Relocate Start      Relocate End           High               Low         
[2026-04-03T06:51:58.710+0600][35.201s][info][gc,heap     ] GC(16) Y:  Capacity:     2902M (74%)        2934M (75%)        2934M (75%)        2934M (75%)        2934M (75%)        2902M (74%)    
[2026-04-03T06:51:58.710+0600][35.201s][info][gc,heap     ] GC(16) Y:      Free:     2256M (58%)        2138M (55%)        2216M (57%)        3016M (77%)        3016M (77%)        2138M (55%)    
[2026-04-03T06:51:58.710+0600][35.201s][info][gc,heap     ] GC(16) Y:      Used:     1666M (42%)        1784M (45%)        1706M (43%)         906M (23%)        1784M (45%)         906M (23%)    
[2026-04-03T06:51:58.710+0600][35.201s][info][gc,heap     ] GC(16) Y: Young Generation Statistics:
[2026-04-03T06:51:58.710+0600][35.201s][info][gc,heap     ] GC(16) Y:                Mark Start          Mark End        Relocate Start      Relocate End    
[2026-04-03T06:51:58.710+0600][35.201s][info][gc,heap     ] GC(16) Y:      Used:     1216M (31%)        1334M (34%)        1256M (32%)         456M (12%)    
[2026-04-03T06:51:58.710+0600][35.201s][info][gc,heap     ] GC(16) Y:      Live:         -               275M (7%)          275M (7%)          275M (7%)     
[2026-04-03T06:51:58.710+0600][35.201s][info][gc,heap     ] GC(16) Y:   Garbage:         -               940M (24%)         862M (22%)          45M (1%)     
[2026-04-03T06:51:58.710+0600][35.201s][info][gc,heap     ] GC(16) Y: Allocated:         -               118M (3%)          118M (3%)          135M (3%)     
[2026-04-03T06:51:58.710+0600][35.201s][info][gc,heap     ] GC(16) Y: Reclaimed:         -                  -                78M (2%)          895M (23%)    
[2026-04-03T06:51:58.710+0600][35.201s][info][gc,heap     ] GC(16) Y:  Promoted:         -                  -                 0M (0%)            0M (0%)     
[2026-04-03T06:51:58.710+0600][35.201s][info][gc,heap     ] GC(16) Y: Compacted:         -                  -                  -                62M (2%)     
[2026-04-03T06:51:58.710+0600][35.201s][info][gc,phases   ] GC(16) Y: Young Generation 1666M(42%)->906M(23%) 1.148s
[2026-04-03T06:51:58.710+0600][35.201s][info][gc,phases   ] GC(16) O: Old Generation
[2026-04-03T06:51:59.933+0600][36.424s][info][gc,phases   ] GC(16) O: Concurrent Mark 1222.899ms
[2026-04-03T06:51:59.933+0600][36.424s][info][gc,phases   ] GC(16) O: Pause Mark End 0.029ms
[2026-04-03T06:51:59.933+0600][36.424s][info][gc,phases   ] GC(16) O: Concurrent Mark Free 0.001ms
[2026-04-03T06:51:59.966+0600][36.457s][info][gc,phases   ] GC(16) O: Concurrent Process Non-Strong 32.500ms
[2026-04-03T06:51:59.966+0600][36.457s][info][gc,phases   ] GC(16) O: Concurrent Reset Relocation Set 0.004ms
[2026-04-03T06:52:00.006+0600][36.497s][info][gc,phases   ] GC(16) O: Concurrent Select Relocation Set 39.906ms
[2026-04-03T06:52:00.006+0600][36.497s][info][gc,task     ] GC(16) O: Using 3 Workers for Old Generation
[2026-04-03T06:52:00.034+0600][36.524s][info][gc,task     ] GC(16) O: Using 1 Workers for Old Generation
[2026-04-03T06:52:00.034+0600][36.524s][info][gc,phases   ] GC(16) O: Concurrent Remap Roots 27.691ms
[2026-04-03T06:52:00.037+0600][36.527s][info][gc,phases   ] GC(16) O: Pause Relocate Start 0.039ms
[2026-04-03T06:52:00.284+0600][36.775s][info][gc,phases   ] GC(16) O: Concurrent Relocate 247.021ms
[2026-04-03T06:52:00.284+0600][36.775s][info][gc,alloc    ] GC(16) O:                         Mark Start        Mark End      Relocate Start    Relocate End   
[2026-04-03T06:52:00.284+0600][36.775s][info][gc,alloc    ] GC(16) O: Allocation Stalls:          0                0                0                0         
[2026-04-03T06:52:00.284+0600][36.775s][info][gc,load     ] GC(16) O: Load: 6.74 (56%) / 8.21 (68%) / 7.42 (62%)
[2026-04-03T06:52:00.284+0600][36.775s][info][gc,mmu      ] GC(16) O: MMU: 2ms/95.2%, 5ms/98.1%, 10ms/99.0%, 20ms/99.4%, 50ms/99.7%, 100ms/99.8%
[2026-04-03T06:52:00.284+0600][36.775s][info][gc,marking  ] GC(16) O: Mark: 1 stripe(s), 2 proactive flush(es), 1 terminate flush(es), 0 completion(s), 0 continuation(s) 
[2026-04-03T06:52:00.284+0600][36.775s][info][gc,marking  ] GC(16) O: Mark Stack Usage: 32M
[2026-04-03T06:52:00.285+0600][36.775s][info][gc,nmethod  ] GC(16) O: NMethods: 5695 registered, 0 unregistered
[2026-04-03T06:52:00.285+0600][36.775s][info][gc,metaspace] GC(16) O: Metaspace: 69M used, 69M committed, 1088M reserved
[2026-04-03T06:52:00.285+0600][36.775s][info][gc,ref      ] GC(16) O:                       Encountered   Discovered     Enqueued 
[2026-04-03T06:52:00.285+0600][36.775s][info][gc,ref      ] GC(16) O: Soft References:             4938            0            0 
[2026-04-03T06:52:00.285+0600][36.775s][info][gc,ref      ] GC(16) O: Weak References:             6824         5039          470 
[2026-04-03T06:52:00.285+0600][36.775s][info][gc,ref      ] GC(16) O: Final References:              82            0            0 
[2026-04-03T06:52:00.285+0600][36.775s][info][gc,ref      ] GC(16) O: Phantom References:           594          565            0 
[2026-04-03T06:52:00.285+0600][36.775s][info][gc,reloc    ] GC(16) O:                        Candidates     Selected     In-Place         Size        Empty    Relocated 
[2026-04-03T06:52:00.285+0600][36.775s][info][gc,reloc    ] GC(16) O: Small Pages:                  178           30            0         356M          70M          11M 
[2026-04-03T06:52:00.285+0600][36.775s][info][gc,reloc    ] GC(16) O: Medium Pages:                   2            1            0          64M           0M           5M 
[2026-04-03T06:52:00.285+0600][36.775s][info][gc,reloc    ] GC(16) O: Large Pages:                    3            0            0          30M          30M           0M 
[2026-04-03T06:52:00.285+0600][36.775s][info][gc,reloc    ] GC(16) O: Forwarding Usage: 35M
[2026-04-03T06:52:00.285+0600][36.775s][info][gc,heap     ] GC(16) O: Min Capacity: 8M(0%)
[2026-04-03T06:52:00.285+0600][36.775s][info][gc,heap     ] GC(16) O: Max Capacity: 3922M(100%)
[2026-04-03T06:52:00.285+0600][36.775s][info][gc,heap     ] GC(16) O: Soft Max Capacity: 3529M(90%)
[2026-04-03T06:52:00.285+0600][36.775s][info][gc,heap     ] GC(16) O: Heap Statistics:
[2026-04-03T06:52:00.285+0600][36.775s][info][gc,heap     ] GC(16) O:                Mark Start          Mark End        Relocate Start      Relocate End           High               Low         
[2026-04-03T06:52:00.285+0600][36.775s][info][gc,heap     ] GC(16) O:  Capacity:     2902M (74%)        2966M (76%)        2966M (76%)        3030M (77%)        3030M (77%)        2902M (74%)    
[2026-04-03T06:52:00.285+0600][36.775s][info][gc,heap     ] GC(16) O:      Free:     2256M (58%)        2668M (68%)        2742M (70%)        2716M (69%)        3016M (77%)        2138M (55%)    
[2026-04-03T06:52:00.285+0600][36.775s][info][gc,heap     ] GC(16) O:      Used:     1666M (42%)        1254M (32%)        1180M (30%)        1206M (31%)        1784M (45%)         906M (23%)    
[2026-04-03T06:52:00.285+0600][36.775s][info][gc,heap     ] GC(16) O: Old Generation Statistics:
[2026-04-03T06:52:00.285+0600][36.775s][info][gc,heap     ] GC(16) O:                Mark Start          Mark End        Relocate Start      Relocate End    
[2026-04-03T06:52:00.285+0600][36.775s][info][gc,heap     ] GC(16) O:      Used:      450M (11%)         450M (11%)         350M (9%)          300M (8%)     
[2026-04-03T06:52:00.285+0600][36.775s][info][gc,heap     ] GC(16) O:      Live:         -               222M (6%)          222M (6%)          222M (6%)     
[2026-04-03T06:52:00.285+0600][36.775s][info][gc,heap     ] GC(16) O:   Garbage:         -               227M (6%)          127M (3%)            7M (0%)     
[2026-04-03T06:52:00.285+0600][36.776s][info][gc,heap     ] GC(16) O: Allocated:         -                 0M (0%)            0M (0%)           69M (2%)     
[2026-04-03T06:52:00.285+0600][36.776s][info][gc,heap     ] GC(16) O: Reclaimed:         -                  -               100M (3%)          219M (6%)     
[2026-04-03T06:52:00.285+0600][36.776s][info][gc,heap     ] GC(16) O: Compacted:         -                  -                  -                56M (1%)     
[2026-04-03T06:52:00.285+0600][36.776s][info][gc,phases   ] GC(16) O: Old Generation 906M(23%)->1206M(31%) 1.574s
[2026-04-03T06:52:00.285+0600][36.776s][info][gc          ] GC(16) Major Collection (Allocation Rate) 1666M(42%)->1208M(31%) 2.724s
[2026-04-03T06:52:01.657+0600][38.147s][info][gc          ] GC(17) Minor Collection (Allocation Rate)
[2026-04-03T06:52:01.657+0600][38.147s][info][gc,task     ] GC(17) Using 3 Workers for Young Generation
[2026-04-03T06:52:01.657+0600][38.147s][info][gc,phases   ] GC(17) y: Young Generation
[2026-04-03T06:52:01.657+0600][38.148s][info][gc,phases   ] GC(17) y: Pause Mark Start 0.035ms
[2026-04-03T06:52:01.797+0600][38.287s][info][gc,phases   ] GC(17) y: Concurrent Mark 139.522ms
[2026-04-03T06:52:01.797+0600][38.288s][info][gc,phases   ] GC(17) y: Pause Mark End 0.036ms
[2026-04-03T06:52:01.797+0600][38.288s][info][gc,phases   ] GC(17) y: Concurrent Mark Free 0.003ms
[2026-04-03T06:52:01.797+0600][38.288s][info][gc,phases   ] GC(17) y: Concurrent Reset Relocation Set 0.056ms
[2026-04-03T06:52:01.800+0600][38.291s][info][gc,reloc    ] GC(17) y: Using tenuring threshold: 1 (Computed)
[2026-04-03T06:52:01.806+0600][38.297s][info][gc,phases   ] GC(17) y: Concurrent Select Relocation Set 8.759ms
[2026-04-03T06:52:01.807+0600][38.297s][info][gc,phases   ] GC(17) y: Pause Relocate Start 0.031ms
[2026-04-03T06:52:01.860+0600][38.351s][info][gc,phases   ] GC(17) y: Concurrent Relocate 53.408ms
[2026-04-03T06:52:01.860+0600][38.351s][info][gc,alloc    ] GC(17) y:                         Mark Start        Mark End      Relocate Start    Relocate End   
[2026-04-03T06:52:01.860+0600][38.351s][info][gc,alloc    ] GC(17) y: Allocation Stalls:          0                0                0                0         
[2026-04-03T06:52:01.860+0600][38.351s][info][gc,load     ] GC(17) y: Load: 6.92 (58%) / 8.23 (69%) / 7.42 (62%)
[2026-04-03T06:52:01.861+0600][38.351s][info][gc,mmu      ] GC(17) y: MMU: 2ms/95.2%, 5ms/98.1%, 10ms/99.0%, 20ms/99.4%, 50ms/99.7%, 100ms/99.8%
[2026-04-03T06:52:01.861+0600][38.351s][info][gc,marking  ] GC(17) y: Mark: 2 stripe(s), 2 proactive flush(es), 1 terminate flush(es), 0 completion(s), 0 continuation(s) 
[2026-04-03T06:52:01.861+0600][38.351s][info][gc,marking  ] GC(17) y: Mark Stack Usage: 32M
[2026-04-03T06:52:01.861+0600][38.351s][info][gc,nmethod  ] GC(17) y: NMethods: 5931 registered, 0 unregistered
[2026-04-03T06:52:01.861+0600][38.351s][info][gc,metaspace] GC(17) y: Metaspace: 69M used, 70M committed, 1088M reserved
[2026-04-03T06:52:01.861+0600][38.351s][info][gc,reloc    ] GC(17) y:                        Candidates     Selected     In-Place         Size        Empty    Relocated 
[2026-04-03T06:52:01.861+0600][38.351s][info][gc,reloc    ] GC(17) y: Small Pages:                  524          121            0        1048M         776M          19M 
[2026-04-03T06:52:01.861+0600][38.351s][info][gc,reloc    ] GC(17) y: Medium Pages:                   3            0            0          96M          96M           0M 
[2026-04-03T06:52:01.861+0600][38.351s][info][gc,reloc    ] GC(17) y: Large Pages:                   29            0            0         290M         260M           0M 
[2026-04-03T06:52:01.861+0600][38.351s][info][gc,reloc    ] GC(17) y: Forwarding Usage: 26M
[2026-04-03T06:52:01.861+0600][38.351s][info][gc,reloc    ] GC(17) y: Age Table:
[2026-04-03T06:52:01.861+0600][38.351s][info][gc,reloc    ] GC(17) y:                    Live             Garbage             Small              Medium             Large        
[2026-04-03T06:52:01.861+0600][38.351s][info][gc,reloc    ] GC(17) y: Eden              55M (1%)         1042M (27%)        436 / 113            2 / 0             21 / 0        
[2026-04-03T06:52:01.861+0600][38.351s][info][gc,reloc    ] GC(17) y: Survivor 1         0M (0%)          141M (4%)          23 / 3              1 / 0              4 / 0        
[2026-04-03T06:52:01.861+0600][38.351s][info][gc,reloc    ] GC(17) y: Survivor 2         0M (0%)          101M (3%)          46 / 0              0 / 0              1 / 0        
[2026-04-03T06:52:01.861+0600][38.351s][info][gc,reloc    ] GC(17) y: Survivor 3         0M (0%)           91M (2%)          19 / 5              0 / 0              3 / 0        
[2026-04-03T06:52:01.861+0600][38.351s][info][gc,heap     ] GC(17) y: Min Capacity: 8M(0%)
[2026-04-03T06:52:01.861+0600][38.351s][info][gc,heap     ] GC(17) y: Max Capacity: 3922M(100%)
[2026-04-03T06:52:01.861+0600][38.351s][info][gc,heap     ] GC(17) y: Soft Max Capacity: 3529M(90%)
[2026-04-03T06:52:01.861+0600][38.351s][info][gc,heap     ] GC(17) y: Heap Statistics:
[2026-04-03T06:52:01.861+0600][38.351s][info][gc,heap     ] GC(17) y:                Mark Start          Mark End        Relocate Start      Relocate End           High               Low         
[2026-04-03T06:52:01.861+0600][38.351s][info][gc,heap     ] GC(17) y:  Capacity:     3030M (77%)        3030M (77%)        3030M (77%)        3030M (77%)        3030M (77%)        3030M (77%)    
[2026-04-03T06:52:01.861+0600][38.351s][info][gc,heap     ] GC(17) y:      Free:     2188M (56%)        2150M (55%)        3282M (84%)        3502M (89%)        3502M (89%)        2150M (55%)    
[2026-04-03T06:52:01.861+0600][38.351s][info][gc,heap     ] GC(17) y:      Used:     1734M (44%)        1772M (45%)         640M (16%)         420M (11%)        1772M (45%)         420M (11%)    
[2026-04-03T06:52:01.861+0600][38.351s][info][gc,heap     ] GC(17) y: Young Generation Statistics:
[2026-04-03T06:52:01.861+0600][38.351s][info][gc,heap     ] GC(17) y:                Mark Start          Mark End        Relocate Start      Relocate End    
[2026-04-03T06:52:01.861+0600][38.351s][info][gc,heap     ] GC(17) y:      Used:     1434M (37%)        1472M (38%)         340M (9%)          114M (3%)     
[2026-04-03T06:52:01.861+0600][38.351s][info][gc,heap     ] GC(17) y:      Live:         -                55M (1%)           55M (1%)           55M (1%)     
[2026-04-03T06:52:01.861+0600][38.351s][info][gc,heap     ] GC(17) y:   Garbage:         -              1378M (35%)         246M (6%)            0M (0%)     
[2026-04-03T06:52:01.861+0600][38.351s][info][gc,heap     ] GC(17) y: Allocated:         -                38M (1%)           38M (1%)           58M (2%)     
[2026-04-03T06:52:01.861+0600][38.351s][info][gc,heap     ] GC(17) y: Reclaimed:         -                  -              1132M (29%)        1378M (35%)    
[2026-04-03T06:52:01.861+0600][38.351s][info][gc,heap     ] GC(17) y:  Promoted:         -                  -                 0M (0%)            0M (0%)     
[2026-04-03T06:52:01.861+0600][38.351s][info][gc,heap     ] GC(17) y: Compacted:         -                  -                  -                25M (1%)     
[2026-04-03T06:52:01.861+0600][38.351s][info][gc,phases   ] GC(17) y: Young Generation 1734M(44%)->420M(11%) 0.204s
[2026-04-03T06:52:01.861+0600][38.351s][info][gc          ] GC(17) Minor Collection (Allocation Rate) 1734M(44%)->420M(11%) 0.204s
[2026-04-03T06:52:03.893+0600][40.384s][info][gc          ] GC(18) Minor Collection (Allocation Rate)
[2026-04-03T06:52:03.893+0600][40.384s][info][gc,task     ] GC(18) Using 3 Workers for Young Generation
[2026-04-03T06:52:03.894+0600][40.384s][info][gc,phases   ] GC(18) y: Young Generation
[2026-04-03T06:52:03.894+0600][40.384s][info][gc,phases   ] GC(18) y: Pause Mark Start 0.032ms
[2026-04-03T06:52:04.172+0600][40.662s][info][gc,phases   ] GC(18) y: Concurrent Mark 277.725ms
[2026-04-03T06:52:04.172+0600][40.663s][info][gc,phases   ] GC(18) y: Pause Mark End 0.033ms
[2026-04-03T06:52:04.173+0600][40.663s][info][gc,phases   ] GC(18) y: Concurrent Mark Free 0.003ms
[2026-04-03T06:52:04.173+0600][40.663s][info][gc,phases   ] GC(18) y: Concurrent Reset Relocation Set 0.027ms
[2026-04-03T06:52:04.176+0600][40.667s][info][gc,reloc    ] GC(18) y: Using tenuring threshold: 2 (Computed)
[2026-04-03T06:52:04.180+0600][40.670s][info][gc,phases   ] GC(18) y: Concurrent Select Relocation Set 7.212ms
[2026-04-03T06:52:04.180+0600][40.671s][info][gc,phases   ] GC(18) y: Pause Relocate Start 0.022ms
[2026-04-03T06:52:04.280+0600][40.770s][info][gc,phases   ] GC(18) y: Concurrent Relocate 99.523ms
[2026-04-03T06:52:04.280+0600][40.770s][info][gc,alloc    ] GC(18) y:                         Mark Start        Mark End      Relocate Start    Relocate End   
[2026-04-03T06:52:04.280+0600][40.770s][info][gc,alloc    ] GC(18) y: Allocation Stalls:          0                0                0                0         
[2026-04-03T06:52:04.280+0600][40.771s][info][gc,load     ] GC(18) y: Load: 6.92 (58%) / 8.23 (69%) / 7.42 (62%)
[2026-04-03T06:52:04.280+0600][40.771s][info][gc,mmu      ] GC(18) y: MMU: 2ms/95.2%, 5ms/98.1%, 10ms/99.0%, 20ms/99.4%, 50ms/99.7%, 100ms/99.8%
[2026-04-03T06:52:04.280+0600][40.771s][info][gc,marking  ] GC(18) y: Mark: 2 stripe(s), 2 proactive flush(es), 1 terminate flush(es), 0 completion(s), 0 continuation(s) 
[2026-04-03T06:52:04.280+0600][40.771s][info][gc,marking  ] GC(18) y: Mark Stack Usage: 32M
[2026-04-03T06:52:04.280+0600][40.771s][info][gc,nmethod  ] GC(18) y: NMethods: 6393 registered, 0 unregistered
[2026-04-03T06:52:04.280+0600][40.771s][info][gc,metaspace] GC(18) y: Metaspace: 70M used, 71M committed, 1088M reserved
[2026-04-03T06:52:04.280+0600][40.771s][info][gc,reloc    ] GC(18) y:                        Candidates     Selected     In-Place         Size        Empty    Relocated 
[2026-04-03T06:52:04.280+0600][40.771s][info][gc,reloc    ] GC(18) y: Small Pages:                  458          261            0         916M         358M          28M 
[2026-04-03T06:52:04.280+0600][40.771s][info][gc,reloc    ] GC(18) y: Medium Pages:                   4            2            0         128M          32M          24M 
[2026-04-03T06:52:04.280+0600][40.771s][info][gc,reloc    ] GC(18) y: Large Pages:                   10            0            0          72M          60M           0M 
[2026-04-03T06:52:04.280+0600][40.771s][info][gc,reloc    ] GC(18) y: Forwarding Usage: 26M
[2026-04-03T06:52:04.280+0600][40.771s][info][gc,reloc    ] GC(18) y: Age Table:
[2026-04-03T06:52:04.280+0600][40.771s][info][gc,reloc    ] GC(18) y:                    Live             Garbage             Small              Medium             Large        
[2026-04-03T06:52:04.280+0600][40.771s][info][gc,reloc    ] GC(18) y: Eden              67M (2%)          984M (25%)        441 / 253            4 / 2              7 / 0        
[2026-04-03T06:52:04.280+0600][40.771s][info][gc,reloc    ] GC(18) y: Survivor 1         0M (0%)           63M (2%)          17 / 8              0 / 0              3 / 0        
[2026-04-03T06:52:04.280+0600][40.771s][info][gc,heap     ] GC(18) y: Min Capacity: 8M(0%)
[2026-04-03T06:52:04.280+0600][40.771s][info][gc,heap     ] GC(18) y: Max Capacity: 3922M(100%)
[2026-04-03T06:52:04.280+0600][40.771s][info][gc,heap     ] GC(18) y: Soft Max Capacity: 3529M(90%)
[2026-04-03T06:52:04.280+0600][40.771s][info][gc,heap     ] GC(18) y: Heap Statistics:
[2026-04-03T06:52:04.280+0600][40.771s][info][gc,heap     ] GC(18) y:                Mark Start          Mark End        Relocate Start      Relocate End           High               Low         
[2026-04-03T06:52:04.280+0600][40.771s][info][gc,heap     ] GC(18) y:  Capacity:     3030M (77%)        3030M (77%)        3030M (77%)        3062M (78%)        3062M (78%)        3030M (77%)    
[2026-04-03T06:52:04.280+0600][40.771s][info][gc,heap     ] GC(18) y:      Free:     2500M (64%)        2384M (61%)        2832M (72%)        3274M (83%)        3274M (83%)        2384M (61%)    
[2026-04-03T06:52:04.280+0600][40.771s][info][gc,heap     ] GC(18) y:      Used:     1422M (36%)        1538M (39%)        1090M (28%)         648M (17%)        1538M (39%)         648M (17%)    
[2026-04-03T06:52:04.280+0600][40.771s][info][gc,heap     ] GC(18) y: Young Generation Statistics:
[2026-04-03T06:52:04.280+0600][40.771s][info][gc,heap     ] GC(18) y:                Mark Start          Mark End        Relocate Start      Relocate End    
[2026-04-03T06:52:04.280+0600][40.771s][info][gc,heap     ] GC(18) y:      Used:     1116M (28%)        1232M (31%)         784M (20%)         342M (9%)     
[2026-04-03T06:52:04.280+0600][40.771s][info][gc,heap     ] GC(18) y:      Live:         -                68M (2%)           68M (2%)           68M (2%)     
[2026-04-03T06:52:04.280+0600][40.771s][info][gc,heap     ] GC(18) y:   Garbage:         -              1047M (27%)         597M (15%)           0M (0%)     
[2026-04-03T06:52:04.280+0600][40.771s][info][gc,heap     ] GC(18) y: Allocated:         -               116M (3%)          118M (3%)          273M (7%)     
[2026-04-03T06:52:04.280+0600][40.771s][info][gc,heap     ] GC(18) y: Reclaimed:         -                  -               450M (11%)        1047M (27%)    
[2026-04-03T06:52:04.280+0600][40.771s][info][gc,heap     ] GC(18) y:  Promoted:         -                  -                 0M (0%)            0M (0%)     
[2026-04-03T06:52:04.280+0600][40.771s][info][gc,heap     ] GC(18) y: Compacted:         -                  -                  -                56M (1%)     
[2026-04-03T06:52:04.280+0600][40.771s][info][gc,phases   ] GC(18) y: Young Generation 1422M(36%)->648M(17%) 0.386s
[2026-04-03T06:52:04.280+0600][40.771s][info][gc          ] GC(18) Minor Collection (Allocation Rate) 1422M(36%)->648M(17%) 0.387s
[2026-04-03T06:52:05.137+0600][41.627s][info][gc          ] GC(19) Major Collection (System.gc())
[2026-04-03T06:52:05.137+0600][41.627s][info][gc,task     ] GC(19) Using 3 Workers for Young Generation
[2026-04-03T06:52:05.137+0600][41.627s][info][gc,task     ] GC(19) Using 3 Workers for Old Generation
[2026-04-03T06:52:05.137+0600][41.627s][info][gc,phases   ] GC(19) Y: Young Generation (Promote All)
[2026-04-03T06:52:05.137+0600][41.628s][info][gc,phases   ] GC(19) Y: Pause Mark Start 0.016ms
[2026-04-03T06:52:05.150+0600][41.640s][info][gc,phases   ] GC(19) Y: Concurrent Mark 12.840ms
[2026-04-03T06:52:05.150+0600][41.641s][info][gc,phases   ] GC(19) Y: Pause Mark End 0.023ms
[2026-04-03T06:52:05.150+0600][41.641s][info][gc,phases   ] GC(19) Y: Concurrent Mark Free 0.002ms
[2026-04-03T06:52:05.150+0600][41.641s][info][gc,phases   ] GC(19) Y: Concurrent Reset Relocation Set 0.025ms
[2026-04-03T06:52:05.152+0600][41.643s][info][gc,reloc    ] GC(19) Y: Using tenuring threshold: 0 (Promote All)
[2026-04-03T06:52:05.156+0600][41.647s][info][gc,phases   ] GC(19) Y: Concurrent Select Relocation Set 5.503ms
[2026-04-03T06:52:05.156+0600][41.647s][info][gc,phases   ] GC(19) Y: Pause Relocate Start 0.018ms
[2026-04-03T06:52:05.160+0600][41.650s][info][gc,phases   ] GC(19) Y: Concurrent Relocate 3.310ms
[2026-04-03T06:52:05.160+0600][41.650s][info][gc,alloc    ] GC(19) Y:                         Mark Start        Mark End      Relocate Start    Relocate End   
[2026-04-03T06:52:05.160+0600][41.650s][info][gc,alloc    ] GC(19) Y: Allocation Stalls:          0                0                0                0         
[2026-04-03T06:52:05.160+0600][41.650s][info][gc,load     ] GC(19) Y: Load: 6.92 (58%) / 8.23 (69%) / 7.42 (62%)
[2026-04-03T06:52:05.160+0600][41.650s][info][gc,mmu      ] GC(19) Y: MMU: 2ms/95.2%, 5ms/98.1%, 10ms/99.0%, 20ms/99.4%, 50ms/99.7%, 100ms/99.8%
[2026-04-03T06:52:05.160+0600][41.650s][info][gc,marking  ] GC(19) Y: Mark: 2 stripe(s), 1 proactive flush(es), 1 terminate flush(es), 0 completion(s), 0 continuation(s) 
[2026-04-03T06:52:05.160+0600][41.650s][info][gc,marking  ] GC(19) Y: Mark Stack Usage: 32M
[2026-04-03T06:52:05.160+0600][41.650s][info][gc,nmethod  ] GC(19) Y: NMethods: 6621 registered, 0 unregistered
[2026-04-03T06:52:05.160+0600][41.650s][info][gc,metaspace] GC(19) Y: Metaspace: 71M used, 72M committed, 1088M reserved
[2026-04-03T06:52:05.160+0600][41.650s][info][gc,reloc    ] GC(19) Y:                        Candidates     Selected     In-Place         Size        Empty    Relocated 
[2026-04-03T06:52:05.160+0600][41.650s][info][gc,reloc    ] GC(19) Y: Small Pages:                  546           37            0        1092M        1016M           1M 
[2026-04-03T06:52:05.160+0600][41.650s][info][gc,reloc    ] GC(19) Y: Medium Pages:                   5            0            0         160M         160M           0M 
[2026-04-03T06:52:05.160+0600][41.650s][info][gc,reloc    ] GC(19) Y: Large Pages:                   18            0            0         112M         112M           0M 
[2026-04-03T06:52:05.160+0600][41.650s][info][gc,reloc    ] GC(19) Y: Forwarding Usage: 0M
[2026-04-03T06:52:05.160+0600][41.650s][info][gc,reloc    ] GC(19) Y: Age Table:
[2026-04-03T06:52:05.160+0600][41.650s][info][gc,reloc    ] GC(19) Y:                    Live             Garbage             Small              Medium             Large        
[2026-04-03T06:52:05.160+0600][41.650s][info][gc,reloc    ] GC(19) Y: Eden               0M (0%)         1229M (31%)        517 / 20             3 / 0             16 / 0        
[2026-04-03T06:52:05.160+0600][41.650s][info][gc,reloc    ] GC(19) Y: Survivor 1         0M (0%)          117M (3%)          21 / 9              2 / 0              2 / 0        
[2026-04-03T06:52:05.160+0600][41.650s][info][gc,reloc    ] GC(19) Y: Survivor 2         0M (0%)           15M (0%)           8 / 8              0 / 0              0 / 0        
[2026-04-03T06:52:05.160+0600][41.650s][info][gc,heap     ] GC(19) Y: Min Capacity: 8M(0%)
[2026-04-03T06:52:05.160+0600][41.650s][info][gc,heap     ] GC(19) Y: Max Capacity: 3922M(100%)
[2026-04-03T06:52:05.160+0600][41.650s][info][gc,heap     ] GC(19) Y: Soft Max Capacity: 3529M(90%)
[2026-04-03T06:52:05.160+0600][41.650s][info][gc,heap     ] GC(19) Y: Heap Statistics:
[2026-04-03T06:52:05.160+0600][41.650s][info][gc,heap     ] GC(19) Y:                Mark Start          Mark End        Relocate Start      Relocate End           High               Low         
[2026-04-03T06:52:05.160+0600][41.650s][info][gc,heap     ] GC(19) Y:  Capacity:     3062M (78%)        3062M (78%)        3062M (78%)        3062M (78%)        3062M (78%)        3062M (78%)    
[2026-04-03T06:52:05.160+0600][41.650s][info][gc,heap     ] GC(19) Y:      Free:     2252M (57%)        2252M (57%)        3540M (90%)        3610M (92%)        3610M (92%)        2252M (57%)    
[2026-04-03T06:52:05.160+0600][41.650s][info][gc,heap     ] GC(19) Y:      Used:     1670M (43%)        1670M (43%)         382M (10%)         312M (8%)         1670M (43%)         312M (8%)     
[2026-04-03T06:52:05.160+0600][41.650s][info][gc,heap     ] GC(19) Y: Young Generation Statistics:
[2026-04-03T06:52:05.160+0600][41.650s][info][gc,heap     ] GC(19) Y:                Mark Start          Mark End        Relocate Start      Relocate End    
[2026-04-03T06:52:05.160+0600][41.650s][info][gc,heap     ] GC(19) Y:      Used:     1364M (35%)        1364M (35%)          76M (2%)            0M (0%)     
[2026-04-03T06:52:05.160+0600][41.650s][info][gc,heap     ] GC(19) Y:      Live:         -                 1M (0%)            1M (0%)            0M (0%)     
[2026-04-03T06:52:05.160+0600][41.651s][info][gc,heap     ] GC(19) Y:   Garbage:         -              1362M (35%)          74M (2%)            0M (0%)     
[2026-04-03T06:52:05.160+0600][41.651s][info][gc,heap     ] GC(19) Y: Allocated:         -                 0M (0%)            0M (0%)            0M (0%)     
[2026-04-03T06:52:05.160+0600][41.651s][info][gc,heap     ] GC(19) Y: Reclaimed:         -                  -              1288M (33%)        1362M (35%)    
[2026-04-03T06:52:05.160+0600][41.651s][info][gc,heap     ] GC(19) Y:  Promoted:         -                  -                 0M (0%)            1M (0%)     
[2026-04-03T06:52:05.160+0600][41.651s][info][gc,heap     ] GC(19) Y: Compacted:         -                  -                  -                 0M (0%)     
[2026-04-03T06:52:05.160+0600][41.651s][info][gc,phases   ] GC(19) Y: Young Generation (Promote All) 1670M(43%)->312M(8%) 0.023s
[2026-04-03T06:52:05.160+0600][41.651s][info][gc,phases   ] GC(19) Y: Young Generation (Collect Roots)
[2026-04-03T06:52:05.160+0600][41.651s][info][gc,phases   ] GC(19) Y: Pause Mark Start (Major) 0.026ms
[2026-04-03T06:52:05.170+0600][41.661s][info][gc,phases   ] GC(19) Y: Concurrent Mark 9.854ms
[2026-04-03T06:52:05.170+0600][41.661s][info][gc,phases   ] GC(19) Y: Pause Mark End 0.027ms
[2026-04-03T06:52:05.171+0600][41.662s][info][gc,phases   ] GC(19) Y: Concurrent Mark Free 0.845ms
[2026-04-03T06:52:05.171+0600][41.662s][info][gc,phases   ] GC(19) Y: Concurrent Reset Relocation Set 0.011ms
[2026-04-03T06:52:05.174+0600][41.664s][info][gc,reloc    ] GC(19) Y: Using tenuring threshold: 0 (Computed)
[2026-04-03T06:52:05.174+0600][41.665s][info][gc,phases   ] GC(19) Y: Concurrent Select Relocation Set 2.724ms
[2026-04-03T06:52:05.174+0600][41.665s][info][gc,phases   ] GC(19) Y: Pause Relocate Start 0.020ms
[2026-04-03T06:52:05.175+0600][41.665s][info][gc,phases   ] GC(19) Y: Concurrent Relocate 0.158ms
[2026-04-03T06:52:05.175+0600][41.665s][info][gc,alloc    ] GC(19) Y:                         Mark Start        Mark End      Relocate Start    Relocate End   
[2026-04-03T06:52:05.175+0600][41.665s][info][gc,alloc    ] GC(19) Y: Allocation Stalls:          0                0                0                0         
[2026-04-03T06:52:05.175+0600][41.665s][info][gc,load     ] GC(19) Y: Load: 6.92 (58%) / 8.23 (69%) / 7.42 (62%)
[2026-04-03T06:52:05.175+0600][41.665s][info][gc,mmu      ] GC(19) Y: MMU: 2ms/95.2%, 5ms/98.1%, 10ms/99.0%, 20ms/99.4%, 50ms/99.7%, 100ms/99.8%
[2026-04-03T06:52:05.175+0600][41.665s][info][gc,marking  ] GC(19) Y: Mark: 2 stripe(s), 1 proactive flush(es), 1 terminate flush(es), 0 completion(s), 0 continuation(s) 
[2026-04-03T06:52:05.175+0600][41.665s][info][gc,marking  ] GC(19) Y: Mark Stack Usage: 0M
[2026-04-03T06:52:05.175+0600][41.665s][info][gc,nmethod  ] GC(19) Y: NMethods: 6621 registered, 0 unregistered
[2026-04-03T06:52:05.175+0600][41.665s][info][gc,metaspace] GC(19) Y: Metaspace: 71M used, 72M committed, 1088M reserved
[2026-04-03T06:52:05.175+0600][41.665s][info][gc,heap     ] GC(19) Y: Min Capacity: 8M(0%)
[2026-04-03T06:52:05.175+0600][41.665s][info][gc,heap     ] GC(19) Y: Max Capacity: 3922M(100%)
[2026-04-03T06:52:05.175+0600][41.665s][info][gc,heap     ] GC(19) Y: Soft Max Capacity: 3529M(90%)
[2026-04-03T06:52:05.175+0600][41.665s][info][gc,heap     ] GC(19) Y: Heap Statistics:
[2026-04-03T06:52:05.175+0600][41.665s][info][gc,heap     ] GC(19) Y:                Mark Start          Mark End        Relocate Start      Relocate End           High               Low         
[2026-04-03T06:52:05.175+0600][41.665s][info][gc,heap     ] GC(19) Y:  Capacity:     3062M (78%)        3062M (78%)        3062M (78%)        3062M (78%)        3062M (78%)        3062M (78%)    
[2026-04-03T06:52:05.175+0600][41.665s][info][gc,heap     ] GC(19) Y:      Free:     3610M (92%)        3610M (92%)        3610M (92%)        3610M (92%)        3610M (92%)        3610M (92%)    
[2026-04-03T06:52:05.175+0600][41.665s][info][gc,heap     ] GC(19) Y:      Used:      312M (8%)          312M (8%)          312M (8%)          312M (8%)          312M (8%)          312M (8%)     
[2026-04-03T06:52:05.175+0600][41.665s][info][gc,heap     ] GC(19) Y: Young Generation Statistics:
[2026-04-03T06:52:05.175+0600][41.665s][info][gc,heap     ] GC(19) Y:                Mark Start          Mark End        Relocate Start      Relocate End    
[2026-04-03T06:52:05.175+0600][41.665s][info][gc,heap     ] GC(19) Y:      Used:        0M (0%)            0M (0%)            0M (0%)            0M (0%)     
[2026-04-03T06:52:05.175+0600][41.665s][info][gc,heap     ] GC(19) Y:      Live:         -                 0M (0%)            0M (0%)            0M (0%)     
[2026-04-03T06:52:05.175+0600][41.665s][info][gc,heap     ] GC(19) Y:   Garbage:         -                 0M (0%)            0M (0%)            0M (0%)     
[2026-04-03T06:52:05.175+0600][41.665s][info][gc,heap     ] GC(19) Y: Allocated:         -                 0M (0%)            0M (0%)            0M (0%)     
[2026-04-03T06:52:05.175+0600][41.665s][info][gc,heap     ] GC(19) Y: Reclaimed:         -                  -                 0M (0%)            0M (0%)     
[2026-04-03T06:52:05.175+0600][41.665s][info][gc,heap     ] GC(19) Y:  Promoted:         -                  -                 0M (0%)            0M (0%)     
[2026-04-03T06:52:05.175+0600][41.665s][info][gc,heap     ] GC(19) Y: Compacted:         -                  -                  -                 0M (0%)     
[2026-04-03T06:52:05.175+0600][41.665s][info][gc,phases   ] GC(19) Y: Young Generation (Collect Roots) 312M(8%)->312M(8%) 0.015s
[2026-04-03T06:52:05.175+0600][41.665s][info][gc,phases   ] GC(19) O: Old Generation
[2026-04-03T06:52:05.494+0600][41.985s][info][gc,phases   ] GC(19) O: Concurrent Mark 319.524ms
[2026-04-03T06:52:05.495+0600][41.985s][info][gc,phases   ] GC(19) O: Pause Mark End 0.029ms
[2026-04-03T06:52:05.495+0600][41.985s][info][gc,phases   ] GC(19) O: Concurrent Mark Free 0.002ms
[2026-04-03T06:52:05.517+0600][42.007s][info][gc,phases   ] GC(19) O: Concurrent Process Non-Strong 21.940ms
[2026-04-03T06:52:05.517+0600][42.007s][info][gc,phases   ] GC(19) O: Concurrent Reset Relocation Set 0.016ms
[2026-04-03T06:52:05.523+0600][42.014s][info][gc,phases   ] GC(19) O: Concurrent Select Relocation Set 6.445ms
[2026-04-03T06:52:05.523+0600][42.014s][info][gc,task     ] GC(19) O: Using 3 Workers for Old Generation
[2026-04-03T06:52:05.547+0600][42.037s][info][gc,task     ] GC(19) O: Using 3 Workers for Old Generation
[2026-04-03T06:52:05.547+0600][42.037s][info][gc,phases   ] GC(19) O: Concurrent Remap Roots 23.386ms
[2026-04-03T06:52:05.547+0600][42.037s][info][gc,phases   ] GC(19) O: Pause Relocate Start 0.029ms
[2026-04-03T06:52:05.570+0600][42.061s][info][gc,phases   ] GC(19) O: Concurrent Relocate 23.224ms
[2026-04-03T06:52:05.570+0600][42.061s][info][gc,alloc    ] GC(19) O:                         Mark Start        Mark End      Relocate Start    Relocate End   
[2026-04-03T06:52:05.570+0600][42.061s][info][gc,alloc    ] GC(19) O: Allocation Stalls:          0                0                0                0         
[2026-04-03T06:52:05.570+0600][42.061s][info][gc,load     ] GC(19) O: Load: 6.92 (58%) / 8.23 (69%) / 7.42 (62%)
[2026-04-03T06:52:05.570+0600][42.061s][info][gc,mmu      ] GC(19) O: MMU: 2ms/95.2%, 5ms/98.1%, 10ms/99.0%, 20ms/99.4%, 50ms/99.7%, 100ms/99.8%
[2026-04-03T06:52:05.570+0600][42.061s][info][gc,marking  ] GC(19) O: Mark: 2 stripe(s), 2 proactive flush(es), 1 terminate flush(es), 0 completion(s), 0 continuation(s) 
[2026-04-03T06:52:05.570+0600][42.061s][info][gc,marking  ] GC(19) O: Mark Stack Usage: 32M
[2026-04-03T06:52:05.570+0600][42.061s][info][gc,nmethod  ] GC(19) O: NMethods: 6259 registered, 411 unregistered
[2026-04-03T06:52:05.570+0600][42.061s][info][gc,metaspace] GC(19) O: Metaspace: 71M used, 72M committed, 1088M reserved
[2026-04-03T06:52:05.570+0600][42.061s][info][gc,ref      ] GC(19) O:                       Encountered   Discovered     Enqueued 
[2026-04-03T06:52:05.570+0600][42.061s][info][gc,ref      ] GC(19) O: Soft References:             5075            0            0 
[2026-04-03T06:52:05.570+0600][42.061s][info][gc,ref      ] GC(19) O: Weak References:             7244         5090          919 
[2026-04-03T06:52:05.570+0600][42.061s][info][gc,ref      ] GC(19) O: Final References:              84            0            0 
[2026-04-03T06:52:05.570+0600][42.061s][info][gc,ref      ] GC(19) O: Phantom References:           599          475            0 
[2026-04-03T06:52:05.570+0600][42.061s][info][gc,reloc    ] GC(19) O:                        Candidates     Selected     In-Place         Size        Empty    Relocated 
[2026-04-03T06:52:05.570+0600][42.061s][info][gc,reloc    ] GC(19) O: Small Pages:                  124           18            0         248M          46M           6M 
[2026-04-03T06:52:05.570+0600][42.061s][info][gc,reloc    ] GC(19) O: Medium Pages:                   2            0            0          64M          32M           0M 
[2026-04-03T06:52:05.570+0600][42.061s][info][gc,reloc    ] GC(19) O: Large Pages:                    0            0            0           0M           0M           0M 
[2026-04-03T06:52:05.570+0600][42.061s][info][gc,reloc    ] GC(19) O: Forwarding Usage: 8M
[2026-04-03T06:52:05.571+0600][42.061s][info][gc,heap     ] GC(19) O: Min Capacity: 8M(0%)
[2026-04-03T06:52:05.571+0600][42.061s][info][gc,heap     ] GC(19) O: Max Capacity: 3922M(100%)
[2026-04-03T06:52:05.571+0600][42.061s][info][gc,heap     ] GC(19) O: Soft Max Capacity: 3529M(90%)
[2026-04-03T06:52:05.571+0600][42.061s][info][gc,heap     ] GC(19) O: Heap Statistics:
[2026-04-03T06:52:05.571+0600][42.061s][info][gc,heap     ] GC(19) O:                Mark Start          Mark End        Relocate Start      Relocate End           High               Low         
[2026-04-03T06:52:05.571+0600][42.061s][info][gc,heap     ] GC(19) O:  Capacity:     3062M (78%)        3062M (78%)        3062M (78%)        3062M (78%)        3062M (78%)        3062M (78%)    
[2026-04-03T06:52:05.571+0600][42.061s][info][gc,heap     ] GC(19) O:      Free:     3610M (92%)        3608M (92%)        3672M (94%)        3692M (94%)        3698M (94%)        3608M (92%)    
[2026-04-03T06:52:05.571+0600][42.061s][info][gc,heap     ] GC(19) O:      Used:      312M (8%)          314M (8%)          250M (6%)          230M (6%)          314M (8%)          224M (6%)     
[2026-04-03T06:52:05.571+0600][42.061s][info][gc,heap     ] GC(19) O: Old Generation Statistics:
[2026-04-03T06:52:05.571+0600][42.061s][info][gc,heap     ] GC(19) O:                Mark Start          Mark End        Relocate Start      Relocate End    
[2026-04-03T06:52:05.571+0600][42.061s][info][gc,heap     ] GC(19) O:      Used:      312M (8%)          312M (8%)          234M (6%)          208M (5%)     
[2026-04-03T06:52:05.571+0600][42.061s][info][gc,heap     ] GC(19) O:      Live:         -               170M (4%)          170M (4%)          170M (4%)     
[2026-04-03T06:52:05.571+0600][42.061s][info][gc,heap     ] GC(19) O:   Garbage:         -               141M (4%)           63M (2%)           24M (1%)     
[2026-04-03T06:52:05.571+0600][42.061s][info][gc,heap     ] GC(19) O: Allocated:         -                 0M (0%)            0M (0%)           12M (0%)     
[2026-04-03T06:52:05.571+0600][42.061s][info][gc,heap     ] GC(19) O: Reclaimed:         -                  -                78M (2%)          116M (3%)     
[2026-04-03T06:52:05.571+0600][42.061s][info][gc,heap     ] GC(19) O: Compacted:         -                  -                  -                15M (0%)     
[2026-04-03T06:52:05.571+0600][42.061s][info][gc,phases   ] GC(19) O: Old Generation 312M(8%)->230M(6%) 0.395s
[2026-04-03T06:52:05.571+0600][42.061s][info][gc          ] GC(19) Major Collection (System.gc()) 1670M(43%)->230M(6%) 0.434s
[2026-04-03T06:52:06.586+0600][43.077s][info][gc          ] GC(20) Minor Collection (Allocation Rate)
[2026-04-03T06:52:06.587+0600][43.077s][info][gc,task     ] GC(20) Using 3 Workers for Young Generation
[2026-04-03T06:52:06.587+0600][43.077s][info][gc,phases   ] GC(20) y: Young Generation
[2026-04-03T06:52:06.587+0600][43.078s][info][gc,phases   ] GC(20) y: Pause Mark Start 0.034ms
[2026-04-03T06:52:06.991+0600][43.482s][info][gc,phases   ] GC(20) y: Concurrent Mark 404.115ms
[2026-04-03T06:52:06.992+0600][43.482s][info][gc,phases   ] GC(20) y: Pause Mark End 0.040ms
[2026-04-03T06:52:06.992+0600][43.482s][info][gc,phases   ] GC(20) y: Concurrent Mark Free 0.004ms
[2026-04-03T06:52:06.992+0600][43.482s][info][gc,phases   ] GC(20) y: Concurrent Reset Relocation Set 0.001ms
[2026-04-03T06:52:06.994+0600][43.485s][info][gc,reloc    ] GC(20) y: Using tenuring threshold: 1 (Computed)
[2026-04-03T06:52:07.046+0600][43.536s][info][gc,phases   ] GC(20) y: Concurrent Select Relocation Set 53.789ms
[2026-04-03T06:52:07.046+0600][43.537s][info][gc,phases   ] GC(20) y: Pause Relocate Start 0.033ms
[2026-04-03T06:52:07.252+0600][43.743s][info][gc,phases   ] GC(20) y: Concurrent Relocate 205.765ms
[2026-04-03T06:52:07.253+0600][43.743s][info][gc,alloc    ] GC(20) y:                         Mark Start        Mark End      Relocate Start    Relocate End   
[2026-04-03T06:52:07.253+0600][43.743s][info][gc,alloc    ] GC(20) y: Allocation Stalls:          0                0                0                0         
[2026-04-03T06:52:07.253+0600][43.743s][info][gc,load     ] GC(20) y: Load: 7.01 (58%) / 8.22 (69%) / 7.43 (62%)
[2026-04-03T06:52:07.253+0600][43.743s][info][gc,mmu      ] GC(20) y: MMU: 2ms/95.2%, 5ms/98.1%, 10ms/99.0%, 20ms/99.4%, 50ms/99.7%, 100ms/99.8%
[2026-04-03T06:52:07.253+0600][43.743s][info][gc,marking  ] GC(20) y: Mark: 2 stripe(s), 2 proactive flush(es), 1 terminate flush(es), 0 completion(s), 0 continuation(s) 
[2026-04-03T06:52:07.253+0600][43.743s][info][gc,marking  ] GC(20) y: Mark Stack Usage: 32M
[2026-04-03T06:52:07.253+0600][43.743s][info][gc,nmethod  ] GC(20) y: NMethods: 6357 registered, 411 unregistered
[2026-04-03T06:52:07.253+0600][43.743s][info][gc,metaspace] GC(20) y: Metaspace: 71M used, 72M committed, 1088M reserved
[2026-04-03T06:52:07.253+0600][43.743s][info][gc,reloc    ] GC(20) y:                        Candidates     Selected     In-Place         Size        Empty    Relocated 
[2026-04-03T06:52:07.253+0600][43.743s][info][gc,reloc    ] GC(20) y: Small Pages:                  423          342            0         846M           0M          77M 
[2026-04-03T06:52:07.253+0600][43.743s][info][gc,reloc    ] GC(20) y: Medium Pages:                   1            0            0          32M          32M           0M 
[2026-04-03T06:52:07.253+0600][43.743s][info][gc,reloc    ] GC(20) y: Large Pages:                   11            0            0          82M          24M           0M 
[2026-04-03T06:52:07.253+0600][43.743s][info][gc,reloc    ] GC(20) y: Forwarding Usage: 86M
[2026-04-03T06:52:07.253+0600][43.743s][info][gc,reloc    ] GC(20) y: Age Table:
[2026-04-03T06:52:07.253+0600][43.743s][info][gc,reloc    ] GC(20) y:                    Live             Garbage             Small              Medium             Large        
[2026-04-03T06:52:07.253+0600][43.743s][info][gc,reloc    ] GC(20) y: Eden             193M (5%)          766M (20%)        423 / 342            1 / 0             11 / 0        
[2026-04-03T06:52:07.253+0600][43.743s][info][gc,heap     ] GC(20) y: Min Capacity: 8M(0%)
[2026-04-03T06:52:07.253+0600][43.743s][info][gc,heap     ] GC(20) y: Max Capacity: 3922M(100%)
[2026-04-03T06:52:07.253+0600][43.743s][info][gc,heap     ] GC(20) y: Soft Max Capacity: 3529M(90%)
[2026-04-03T06:52:07.253+0600][43.743s][info][gc,heap     ] GC(20) y: Heap Statistics:
[2026-04-03T06:52:07.253+0600][43.743s][info][gc,heap     ] GC(20) y:                Mark Start          Mark End        Relocate Start      Relocate End           High               Low         
[2026-04-03T06:52:07.253+0600][43.743s][info][gc,heap     ] GC(20) y:  Capacity:     3062M (78%)        3062M (78%)        3062M (78%)        3062M (78%)        3062M (78%)        3062M (78%)    
[2026-04-03T06:52:07.253+0600][43.743s][info][gc,heap     ] GC(20) y:      Free:     2754M (70%)        2454M (63%)        2472M (63%)        3072M (78%)        3074M (78%)        2452M (63%)    
[2026-04-03T06:52:07.253+0600][43.743s][info][gc,heap     ] GC(20) y:      Used:     1168M (30%)        1468M (37%)        1450M (37%)         850M (22%)        1470M (37%)         848M (22%)    
[2026-04-03T06:52:07.253+0600][43.743s][info][gc,heap     ] GC(20) y: Young Generation Statistics:
[2026-04-03T06:52:07.253+0600][43.743s][info][gc,heap     ] GC(20) y:                Mark Start          Mark End        Relocate Start      Relocate End    
[2026-04-03T06:52:07.253+0600][43.743s][info][gc,heap     ] GC(20) y:      Used:      960M (24%)        1260M (32%)        1242M (32%)         642M (16%)    
[2026-04-03T06:52:07.253+0600][43.743s][info][gc,heap     ] GC(20) y:      Live:         -               193M (5%)          193M (5%)          193M (5%)     
[2026-04-03T06:52:07.253+0600][43.743s][info][gc,heap     ] GC(20) y:   Garbage:         -               766M (20%)         710M (18%)           3M (0%)     
[2026-04-03T06:52:07.253+0600][43.744s][info][gc,heap     ] GC(20) y: Allocated:         -               300M (8%)          338M (9%)          444M (11%)    
[2026-04-03T06:52:07.253+0600][43.744s][info][gc,heap     ] GC(20) y: Reclaimed:         -                  -                56M (1%)          762M (19%)    
[2026-04-03T06:52:07.253+0600][43.744s][info][gc,heap     ] GC(20) y:  Promoted:         -                  -                 0M (0%)            0M (0%)     
[2026-04-03T06:52:07.253+0600][43.744s][info][gc,heap     ] GC(20) y: Compacted:         -                  -                  -               129M (3%)     
[2026-04-03T06:52:07.253+0600][43.744s][info][gc,phases   ] GC(20) y: Young Generation 1168M(30%)->850M(22%) 0.666s
[2026-04-03T06:52:07.253+0600][43.744s][info][gc          ] GC(20) Minor Collection (Allocation Rate) 1168M(30%)->850M(22%) 0.667s
[2026-04-03T06:52:07.384+0600][43.874s][info][gc          ] GC(21) Minor Collection (Allocation Rate)
[2026-04-03T06:52:07.384+0600][43.875s][info][gc,task     ] GC(21) Using 3 Workers for Young Generation
[2026-04-03T06:52:07.384+0600][43.875s][info][gc,phases   ] GC(21) y: Young Generation
[2026-04-03T06:52:07.384+0600][43.875s][info][gc,phases   ] GC(21) y: Pause Mark Start 0.054ms
[2026-04-03T06:52:08.160+0600][44.650s][info][gc,phases   ] GC(21) y: Concurrent Mark 775.332ms
[2026-04-03T06:52:08.160+0600][44.651s][info][gc,phases   ] GC(21) y: Pause Mark End 0.043ms
[2026-04-03T06:52:08.160+0600][44.651s][info][gc,phases   ] GC(21) y: Concurrent Mark Free 0.004ms
[2026-04-03T06:52:08.160+0600][44.651s][info][gc,phases   ] GC(21) y: Concurrent Reset Relocation Set 0.074ms
[2026-04-03T06:52:08.164+0600][44.654s][info][gc,reloc    ] GC(21) y: Using tenuring threshold: 1 (Computed)
[2026-04-03T06:52:08.291+0600][44.782s][info][gc,phases   ] GC(21) y: Concurrent Select Relocation Set 131.086ms
[2026-04-03T06:52:08.292+0600][44.782s][info][gc,phases   ] GC(21) y: Pause Relocate Start 0.036ms
[2026-04-03T06:52:08.591+0600][45.081s][info][gc,phases   ] GC(21) y: Concurrent Relocate 298.534ms
[2026-04-03T06:52:08.591+0600][45.081s][info][gc,alloc    ] GC(21) y:                         Mark Start        Mark End      Relocate Start    Relocate End   
[2026-04-03T06:52:08.591+0600][45.081s][info][gc,alloc    ] GC(21) y: Allocation Stalls:          0                0                0                0         
[2026-04-03T06:52:08.591+0600][45.081s][info][gc,load     ] GC(21) y: Load: 7.01 (58%) / 8.22 (69%) / 7.43 (62%)
[2026-04-03T06:52:08.591+0600][45.081s][info][gc,mmu      ] GC(21) y: MMU: 2ms/95.2%, 5ms/98.1%, 10ms/99.0%, 20ms/99.4%, 50ms/99.7%, 100ms/99.8%
[2026-04-03T06:52:08.591+0600][45.081s][info][gc,marking  ] GC(21) y: Mark: 2 stripe(s), 10 proactive flush(es), 1 terminate flush(es), 0 completion(s), 0 continuation(s) 
[2026-04-03T06:52:08.591+0600][45.081s][info][gc,marking  ] GC(21) y: Mark Stack Usage: 32M
[2026-04-03T06:52:08.591+0600][45.082s][info][gc,nmethod  ] GC(21) y: NMethods: 6363 registered, 411 unregistered
[2026-04-03T06:52:08.591+0600][45.082s][info][gc,metaspace] GC(21) y: Metaspace: 71M used, 72M committed, 1088M reserved
[2026-04-03T06:52:08.591+0600][45.082s][info][gc,reloc    ] GC(21) y:                        Candidates     Selected     In-Place         Size        Empty    Relocated 
[2026-04-03T06:52:08.591+0600][45.082s][info][gc,reloc    ] GC(21) y: Small Pages:                  325          239            0         650M           0M          30M 
[2026-04-03T06:52:08.591+0600][45.082s][info][gc,reloc    ] GC(21) y: Medium Pages:                   0            0            0           0M           0M           0M 
[2026-04-03T06:52:08.591+0600][45.082s][info][gc,reloc    ] GC(21) y: Large Pages:                    9            0            0          78M          18M           0M 
[2026-04-03T06:52:08.591+0600][45.082s][info][gc,reloc    ] GC(21) y: Forwarding Usage: 33M
[2026-04-03T06:52:08.591+0600][45.082s][info][gc,reloc    ] GC(21) y: Age Table:
[2026-04-03T06:52:08.591+0600][45.082s][info][gc,reloc    ] GC(21) y:                    Live             Garbage             Small              Medium             Large        
[2026-04-03T06:52:08.591+0600][45.082s][info][gc,reloc    ] GC(21) y: Eden              49M (1%)          474M (12%)        252 / 235            0 / 0              2 / 0        
[2026-04-03T06:52:08.591+0600][45.082s][info][gc,reloc    ] GC(21) y: Survivor 1       169M (4%)           34M (1%)          73 / 4              0 / 0              7 / 0        
[2026-04-03T06:52:08.591+0600][45.082s][info][gc,heap     ] GC(21) y: Min Capacity: 8M(0%)
[2026-04-03T06:52:08.591+0600][45.082s][info][gc,heap     ] GC(21) y: Max Capacity: 3922M(100%)
[2026-04-03T06:52:08.591+0600][45.082s][info][gc,heap     ] GC(21) y: Soft Max Capacity: 3529M(90%)
[2026-04-03T06:52:08.591+0600][45.082s][info][gc,heap     ] GC(21) y: Heap Statistics:
[2026-04-03T06:52:08.591+0600][45.082s][info][gc,heap     ] GC(21) y:                Mark Start          Mark End        Relocate Start      Relocate End           High               Low         
[2026-04-03T06:52:08.591+0600][45.082s][info][gc,heap     ] GC(21) y:  Capacity:     3062M (78%)        3062M (78%)        3062M (78%)        3062M (78%)        3062M (78%)        3062M (78%)    
[2026-04-03T06:52:08.591+0600][45.082s][info][gc,heap     ] GC(21) y:      Free:     2986M (76%)        2412M (61%)        2320M (59%)        2642M (67%)        2986M (76%)        2312M (59%)    
[2026-04-03T06:52:08.591+0600][45.082s][info][gc,heap     ] GC(21) y:      Used:      936M (24%)        1510M (39%)        1602M (41%)        1280M (33%)        1610M (41%)         936M (24%)    
[2026-04-03T06:52:08.591+0600][45.082s][info][gc,heap     ] GC(21) y: Young Generation Statistics:
[2026-04-03T06:52:08.592+0600][45.082s][info][gc,heap     ] GC(21) y:                Mark Start          Mark End        Relocate Start      Relocate End    
[2026-04-03T06:52:08.592+0600][45.082s][info][gc,heap     ] GC(21) y:      Used:      728M (19%)        1302M (33%)        1224M (31%)         892M (23%)    
[2026-04-03T06:52:08.592+0600][45.082s][info][gc,heap     ] GC(21) y:      Live:         -               219M (6%)           56M (1%)           49M (1%)     
[2026-04-03T06:52:08.592+0600][45.082s][info][gc,heap     ] GC(21) y:   Garbage:         -               508M (13%)         483M (12%)           0M (0%)     
[2026-04-03T06:52:08.592+0600][45.082s][info][gc,heap     ] GC(21) y: Allocated:         -               574M (15%)         684M (17%)         842M (21%)    
[2026-04-03T06:52:08.592+0600][45.082s][info][gc,heap     ] GC(21) y: Reclaimed:         -                  -                25M (1%)          508M (13%)    
[2026-04-03T06:52:08.592+0600][45.082s][info][gc,heap     ] GC(21) y:  Promoted:         -                  -               162M (4%)          169M (4%)     
[2026-04-03T06:52:08.592+0600][45.082s][info][gc,heap     ] GC(21) y: Compacted:         -                  -                  -                29M (1%)     
[2026-04-03T06:52:08.592+0600][45.082s][info][gc,phases   ] GC(21) y: Young Generation 936M(24%)->1280M(33%) 1.207s
[2026-04-03T06:52:08.592+0600][45.082s][info][gc          ] GC(21) Minor Collection (Allocation Rate) 936M(24%)->1280M(33%) 1.208s
[2026-04-03T06:52:08.592+0600][45.082s][info][gc          ] GC(22) Minor Collection (Allocation Rate)
[2026-04-03T06:52:08.592+0600][45.082s][info][gc,task     ] GC(22) Using 3 Workers for Young Generation
[2026-04-03T06:52:08.592+0600][45.082s][info][gc,phases   ] GC(22) y: Young Generation
[2026-04-03T06:52:08.592+0600][45.083s][info][gc,phases   ] GC(22) y: Pause Mark Start 0.035ms
[2026-04-03T06:52:09.047+0600][45.537s][info][gc,phases   ] GC(22) y: Concurrent Mark 454.106ms
[2026-04-03T06:52:09.047+0600][45.538s][info][gc,phases   ] GC(22) y: Pause Mark End 0.044ms
[2026-04-03T06:52:09.049+0600][45.539s][info][gc,phases   ] GC(22) y: Concurrent Mark Free 0.005ms
[2026-04-03T06:52:09.049+0600][45.540s][info][gc,phases   ] GC(22) y: Concurrent Reset Relocation Set 0.249ms
[2026-04-03T06:52:09.057+0600][45.548s][info][gc,reloc    ] GC(22) y: Using tenuring threshold: 2 (Computed)
[2026-04-03T06:52:09.063+0600][45.554s][info][gc,phases   ] GC(22) y: Concurrent Select Relocation Set 14.239ms
[2026-04-03T06:52:09.064+0600][45.554s][info][gc,phases   ] GC(22) y: Pause Relocate Start 0.040ms
[2026-04-03T06:52:09.153+0600][45.643s][info][gc,phases   ] GC(22) y: Concurrent Relocate 88.610ms
[2026-04-03T06:52:09.153+0600][45.643s][info][gc,alloc    ] GC(22) y:                         Mark Start        Mark End      Relocate Start    Relocate End   
[2026-04-03T06:52:09.153+0600][45.643s][info][gc,alloc    ] GC(22) y: Allocation Stalls:          0                0                0                0         
[2026-04-03T06:52:09.153+0600][45.643s][info][gc,load     ] GC(22) y: Load: 7.01 (58%) / 8.22 (69%) / 7.43 (62%)
[2026-04-03T06:52:09.153+0600][45.643s][info][gc,mmu      ] GC(22) y: MMU: 2ms/95.2%, 5ms/98.1%, 10ms/99.0%, 20ms/99.4%, 50ms/99.7%, 100ms/99.8%
[2026-04-03T06:52:09.153+0600][45.643s][info][gc,marking  ] GC(22) y: Mark: 2 stripe(s), 2 proactive flush(es), 1 terminate flush(es), 0 completion(s), 0 continuation(s) 
[2026-04-03T06:52:09.153+0600][45.643s][info][gc,marking  ] GC(22) y: Mark Stack Usage: 32M
[2026-04-03T06:52:09.153+0600][45.643s][info][gc,nmethod  ] GC(22) y: NMethods: 6378 registered, 411 unregistered
[2026-04-03T06:52:09.153+0600][45.643s][info][gc,metaspace] GC(22) y: Metaspace: 71M used, 72M committed, 1088M reserved
[2026-04-03T06:52:09.153+0600][45.643s][info][gc,reloc    ] GC(22) y:                        Candidates     Selected     In-Place         Size        Empty    Relocated 
[2026-04-03T06:52:09.153+0600][45.643s][info][gc,reloc    ] GC(22) y: Small Pages:                  393          358            0         786M           0M          34M 
[2026-04-03T06:52:09.153+0600][45.643s][info][gc,reloc    ] GC(22) y: Medium Pages:                   1            0            0          32M           0M           0M 
[2026-04-03T06:52:09.153+0600][45.643s][info][gc,reloc    ] GC(22) y: Large Pages:                    5            0            0          74M          20M           0M 
[2026-04-03T06:52:09.153+0600][45.643s][info][gc,reloc    ] GC(22) y: Forwarding Usage: 34M
[2026-04-03T06:52:09.153+0600][45.643s][info][gc,reloc    ] GC(22) y: Age Table:
[2026-04-03T06:52:09.153+0600][45.643s][info][gc,reloc    ] GC(22) y:                    Live             Garbage             Small              Medium             Large        
[2026-04-03T06:52:09.153+0600][45.643s][info][gc,reloc    ] GC(22) y: Eden              90M (2%)          741M (19%)        373 / 352            1 / 0              3 / 0        
[2026-04-03T06:52:09.153+0600][45.643s][info][gc,reloc    ] GC(22) y: Survivor 1        22M (1%)           37M (1%)          20 / 6              0 / 0              2 / 0        
[2026-04-03T06:52:09.153+0600][45.643s][info][gc,heap     ] GC(22) y: Min Capacity: 8M(0%)
[2026-04-03T06:52:09.153+0600][45.644s][info][gc,heap     ] GC(22) y: Max Capacity: 3922M(100%)
[2026-04-03T06:52:09.153+0600][45.644s][info][gc,heap     ] GC(22) y: Soft Max Capacity: 3529M(90%)
[2026-04-03T06:52:09.153+0600][45.644s][info][gc,heap     ] GC(22) y: Heap Statistics:
[2026-04-03T06:52:09.153+0600][45.644s][info][gc,heap     ] GC(22) y:                Mark Start          Mark End        Relocate Start      Relocate End           High               Low         
[2026-04-03T06:52:09.153+0600][45.644s][info][gc,heap     ] GC(22) y:  Capacity:     3062M (78%)        3062M (78%)        3062M (78%)        3062M (78%)        3062M (78%)        3062M (78%)    
[2026-04-03T06:52:09.153+0600][45.644s][info][gc,heap     ] GC(22) y:      Free:     2642M (67%)        2590M (66%)        2604M (66%)        3306M (84%)        3306M (84%)        2584M (66%)    
[2026-04-03T06:52:09.153+0600][45.644s][info][gc,heap     ] GC(22) y:      Used:     1280M (33%)        1332M (34%)        1318M (34%)         616M (16%)        1338M (34%)         616M (16%)    
[2026-04-03T06:52:09.153+0600][45.644s][info][gc,heap     ] GC(22) y: Young Generation Statistics:
[2026-04-03T06:52:09.153+0600][45.644s][info][gc,heap     ] GC(22) y:                Mark Start          Mark End        Relocate Start      Relocate End    
[2026-04-03T06:52:09.153+0600][45.644s][info][gc,heap     ] GC(22) y:      Used:      892M (23%)         944M (24%)         930M (24%)         228M (6%)     
[2026-04-03T06:52:09.153+0600][45.644s][info][gc,heap     ] GC(22) y:      Live:         -               112M (3%)          112M (3%)          112M (3%)     
[2026-04-03T06:52:09.153+0600][45.644s][info][gc,heap     ] GC(22) y:   Garbage:         -               779M (20%)         759M (19%)          37M (1%)     
[2026-04-03T06:52:09.153+0600][45.644s][info][gc,heap     ] GC(22) y: Allocated:         -                52M (1%)           58M (1%)           77M (2%)     
[2026-04-03T06:52:09.153+0600][45.644s][info][gc,heap     ] GC(22) y: Reclaimed:         -                  -                20M (1%)          741M (19%)    
[2026-04-03T06:52:09.153+0600][45.644s][info][gc,heap     ] GC(22) y:  Promoted:         -                  -                 0M (0%)            0M (0%)     
[2026-04-03T06:52:09.153+0600][45.644s][info][gc,heap     ] GC(22) y: Compacted:         -                  -                  -                36M (1%)     
[2026-04-03T06:52:09.153+0600][45.644s][info][gc,phases   ] GC(22) y: Young Generation 1280M(33%)->616M(16%) 0.561s
[2026-04-03T06:52:09.153+0600][45.644s][info][gc          ] GC(22) Minor Collection (Allocation Rate) 1280M(33%)->616M(16%) 0.561s
[2026-04-03T06:52:09.153+0600][45.644s][info][gc          ] GC(23) Minor Collection (Allocation Rate)
[2026-04-03T06:52:09.153+0600][45.644s][info][gc,task     ] GC(23) Using 3 Workers for Young Generation
[2026-04-03T06:52:09.153+0600][45.644s][info][gc,phases   ] GC(23) y: Young Generation
[2026-04-03T06:52:09.154+0600][45.644s][info][gc,phases   ] GC(23) y: Pause Mark Start 0.042ms
[2026-04-03T06:52:09.763+0600][46.253s][info][gc,phases   ] GC(23) y: Concurrent Mark 608.858ms
[2026-04-03T06:52:09.763+0600][46.254s][info][gc,phases   ] GC(23) y: Pause Mark End 0.053ms
[2026-04-03T06:52:09.763+0600][46.254s][info][gc,phases   ] GC(23) y: Concurrent Mark Free 0.004ms
[2026-04-03T06:52:09.764+0600][46.254s][info][gc,phases   ] GC(23) y: Concurrent Reset Relocation Set 0.088ms
[2026-04-03T06:52:09.766+0600][46.257s][info][gc,reloc    ] GC(23) y: Using tenuring threshold: 1 (Computed)
[2026-04-03T06:52:09.842+0600][46.332s][info][gc,phases   ] GC(23) y: Concurrent Select Relocation Set 78.297ms
[2026-04-03T06:52:09.842+0600][46.333s][info][gc,phases   ] GC(23) y: Pause Relocate Start 0.043ms
[2026-04-03T06:52:09.999+0600][46.489s][info][gc,phases   ] GC(23) y: Concurrent Relocate 156.117ms
[2026-04-03T06:52:09.999+0600][46.489s][info][gc,alloc    ] GC(23) y:                         Mark Start        Mark End      Relocate Start    Relocate End   
[2026-04-03T06:52:09.999+0600][46.489s][info][gc,alloc    ] GC(23) y: Allocation Stalls:          0                0                0                0         
[2026-04-03T06:52:09.999+0600][46.489s][info][gc,load     ] GC(23) y: Load: 7.01 (58%) / 8.22 (69%) / 7.43 (62%)
[2026-04-03T06:52:09.999+0600][46.489s][info][gc,mmu      ] GC(23) y: MMU: 2ms/95.2%, 5ms/98.1%, 10ms/99.0%, 20ms/99.4%, 50ms/99.7%, 100ms/99.8%
[2026-04-03T06:52:09.999+0600][46.489s][info][gc,marking  ] GC(23) y: Mark: 2 stripe(s), 10 proactive flush(es), 1 terminate flush(es), 0 completion(s), 0 continuation(s) 
[2026-04-03T06:52:09.999+0600][46.489s][info][gc,marking  ] GC(23) y: Mark Stack Usage: 32M
[2026-04-03T06:52:09.999+0600][46.489s][info][gc,nmethod  ] GC(23) y: NMethods: 6419 registered, 411 unregistered
[2026-04-03T06:52:09.999+0600][46.489s][info][gc,metaspace] GC(23) y: Metaspace: 71M used, 72M committed, 1088M reserved
[2026-04-03T06:52:09.999+0600][46.489s][info][gc,reloc    ] GC(23) y:                        Candidates     Selected     In-Place         Size        Empty    Relocated 
[2026-04-03T06:52:09.999+0600][46.489s][info][gc,reloc    ] GC(23) y: Small Pages:                   55           22            0         110M           0M           4M 
[2026-04-03T06:52:09.999+0600][46.489s][info][gc,reloc    ] GC(23) y: Medium Pages:                   2            0            0          64M          32M           0M 
[2026-04-03T06:52:09.999+0600][46.489s][info][gc,reloc    ] GC(23) y: Large Pages:                    3            0            0          54M           0M           0M 
[2026-04-03T06:52:09.999+0600][46.490s][info][gc,reloc    ] GC(23) y: Forwarding Usage: 6M
[2026-04-03T06:52:09.999+0600][46.490s][info][gc,reloc    ] GC(23) y: Age Table:
[2026-04-03T06:52:09.999+0600][46.490s][info][gc,reloc    ] GC(23) y:                    Live             Garbage             Small              Medium             Large        
[2026-04-03T06:52:09.999+0600][46.490s][info][gc,reloc    ] GC(23) y: Eden               4M (0%)           53M (1%)          13 / 12             1 / 0              0 / 0        
[2026-04-03T06:52:09.999+0600][46.490s][info][gc,reloc    ] GC(23) y: Survivor 1        89M (2%)           40M (1%)          22 / 4              1 / 0              3 / 0        
[2026-04-03T06:52:09.999+0600][46.490s][info][gc,reloc    ] GC(23) y: Survivor 2        22M (1%)           17M (0%)          20 / 6              0 / 0              0 / 0        
[2026-04-03T06:52:09.999+0600][46.490s][info][gc,heap     ] GC(23) y: Min Capacity: 8M(0%)
[2026-04-03T06:52:09.999+0600][46.490s][info][gc,heap     ] GC(23) y: Max Capacity: 3922M(100%)
[2026-04-03T06:52:09.999+0600][46.490s][info][gc,heap     ] GC(23) y: Soft Max Capacity: 3529M(90%)
[2026-04-03T06:52:09.999+0600][46.490s][info][gc,heap     ] GC(23) y: Heap Statistics:
[2026-04-03T06:52:09.999+0600][46.490s][info][gc,heap     ] GC(23) y:                Mark Start          Mark End        Relocate Start      Relocate End           High               Low         
[2026-04-03T06:52:09.999+0600][46.490s][info][gc,heap     ] GC(23) y:  Capacity:     3062M (78%)        3062M (78%)        3062M (78%)        3062M (78%)        3062M (78%)        3062M (78%)    
[2026-04-03T06:52:09.999+0600][46.490s][info][gc,heap     ] GC(23) y:      Free:     3306M (84%)        3262M (83%)        3286M (84%)        3296M (84%)        3314M (84%)        3262M (83%)    
[2026-04-03T06:52:09.999+0600][46.490s][info][gc,heap     ] GC(23) y:      Used:      616M (16%)         660M (17%)         636M (16%)         626M (16%)         660M (17%)         608M (16%)    
[2026-04-03T06:52:09.999+0600][46.490s][info][gc,heap     ] GC(23) y: Young Generation Statistics:
[2026-04-03T06:52:09.999+0600][46.490s][info][gc,heap     ] GC(23) y:                Mark Start          Mark End        Relocate Start      Relocate End    
[2026-04-03T06:52:09.999+0600][46.490s][info][gc,heap     ] GC(23) y:      Used:      228M (6%)          272M (7%)          136M (3%)          114M (3%)     
[2026-04-03T06:52:09.999+0600][46.490s][info][gc,heap     ] GC(23) y:      Live:         -               116M (3%)           10M (0%)            4M (0%)     
[2026-04-03T06:52:09.999+0600][46.490s][info][gc,heap     ] GC(23) y:   Garbage:         -               111M (3%)           73M (2%)           27M (1%)     
[2026-04-03T06:52:09.999+0600][46.490s][info][gc,heap     ] GC(23) y: Allocated:         -                44M (1%)           52M (1%)           81M (2%)     
[2026-04-03T06:52:09.999+0600][46.490s][info][gc,heap     ] GC(23) y: Reclaimed:         -                  -                37M (1%)           83M (2%)     
[2026-04-03T06:52:09.999+0600][46.490s][info][gc,heap     ] GC(23) y:  Promoted:         -                  -               106M (3%)          111M (3%)     
[2026-04-03T06:52:09.999+0600][46.490s][info][gc,heap     ] GC(23) y: Compacted:         -                  -                  -                 0M (0%)     
[2026-04-03T06:52:09.999+0600][46.490s][info][gc,phases   ] GC(23) y: Young Generation 616M(16%)->626M(16%) 0.845s
[2026-04-03T06:52:09.999+0600][46.490s][info][gc          ] GC(23) Minor Collection (Allocation Rate) 616M(16%)->626M(16%) 0.846s
[2026-04-03T06:52:10.931+0600][47.421s][info][gc          ] GC(24) Major Collection (Allocation Rate)
[2026-04-03T06:52:10.931+0600][47.422s][info][gc,task     ] GC(24) Using 3 Workers for Young Generation
[2026-04-03T06:52:10.931+0600][47.422s][info][gc,task     ] GC(24) Using 1 Workers for Old Generation
[2026-04-03T06:52:10.931+0600][47.422s][info][gc,phases   ] GC(24) Y: Young Generation
[2026-04-03T06:52:10.931+0600][47.422s][info][gc,phases   ] GC(24) Y: Pause Mark Start (Major) 0.035ms
[2026-04-03T06:52:11.383+0600][47.873s][info][gc,phases   ] GC(24) Y: Concurrent Mark 451.287ms
[2026-04-03T06:52:11.383+0600][47.874s][info][gc,phases   ] GC(24) Y: Pause Mark End 0.042ms
[2026-04-03T06:52:11.383+0600][47.874s][info][gc,phases   ] GC(24) Y: Concurrent Mark Free 0.002ms
[2026-04-03T06:52:11.383+0600][47.874s][info][gc,phases   ] GC(24) Y: Concurrent Reset Relocation Set 0.085ms
[2026-04-03T06:52:11.391+0600][47.881s][info][gc,reloc    ] GC(24) Y: Using tenuring threshold: 2 (Computed)
[2026-04-03T06:52:11.425+0600][47.916s][info][gc,phases   ] GC(24) Y: Concurrent Select Relocation Set 41.716ms
[2026-04-03T06:52:11.425+0600][47.916s][info][gc,phases   ] GC(24) Y: Pause Relocate Start 0.036ms
[2026-04-03T06:52:11.600+0600][48.091s][info][gc,phases   ] GC(24) Y: Concurrent Relocate 174.720ms
[2026-04-03T06:52:11.600+0600][48.091s][info][gc,alloc    ] GC(24) Y:                         Mark Start        Mark End      Relocate Start    Relocate End   
[2026-04-03T06:52:11.600+0600][48.091s][info][gc,alloc    ] GC(24) Y: Allocation Stalls:          0                0                0                0         
[2026-04-03T06:52:11.601+0600][48.091s][info][gc,load     ] GC(24) Y: Load: 7.01 (58%) / 8.22 (69%) / 7.43 (62%)
[2026-04-03T06:52:11.601+0600][48.091s][info][gc,mmu      ] GC(24) Y: MMU: 2ms/95.2%, 5ms/98.1%, 10ms/99.0%, 20ms/99.4%, 50ms/99.7%, 100ms/99.8%
[2026-04-03T06:52:11.601+0600][48.091s][info][gc,marking  ] GC(24) Y: Mark: 2 stripe(s), 2 proactive flush(es), 1 terminate flush(es), 0 completion(s), 0 continuation(s) 
[2026-04-03T06:52:11.601+0600][48.091s][info][gc,marking  ] GC(24) Y: Mark Stack Usage: 32M
[2026-04-03T06:52:11.601+0600][48.091s][info][gc,nmethod  ] GC(24) Y: NMethods: 6502 registered, 411 unregistered
[2026-04-03T06:52:11.601+0600][48.091s][info][gc,metaspace] GC(24) Y: Metaspace: 71M used, 72M committed, 1088M reserved
[2026-04-03T06:52:11.601+0600][48.091s][info][gc,reloc    ] GC(24) Y:                        Candidates     Selected     In-Place         Size        Empty    Relocated 
[2026-04-03T06:52:11.601+0600][48.091s][info][gc,reloc    ] GC(24) Y: Small Pages:                  242          161            0         484M          38M          50M 
[2026-04-03T06:52:11.601+0600][48.091s][info][gc,reloc    ] GC(24) Y: Medium Pages:                   3            0            0          96M          64M           0M 
[2026-04-03T06:52:11.601+0600][48.091s][info][gc,reloc    ] GC(24) Y: Large Pages:                   13            0            0         102M          36M           0M 
[2026-04-03T06:52:11.601+0600][48.091s][info][gc,reloc    ] GC(24) Y: Forwarding Usage: 62M
[2026-04-03T06:52:11.601+0600][48.091s][info][gc,reloc    ] GC(24) Y: Age Table:
[2026-04-03T06:52:11.601+0600][48.091s][info][gc,reloc    ] GC(24) Y:                    Live             Garbage             Small              Medium             Large        
[2026-04-03T06:52:11.601+0600][48.091s][info][gc,reloc    ] GC(24) Y: Eden             171M (4%)          468M (12%)        237 / 158            2 / 0             13 / 0        
[2026-04-03T06:52:11.601+0600][48.091s][info][gc,reloc    ] GC(24) Y: Survivor 1         0M (0%)           41M (1%)           5 / 3              1 / 0              0 / 0        
[2026-04-03T06:52:11.601+0600][48.091s][info][gc,heap     ] GC(24) Y: Min Capacity: 8M(0%)
[2026-04-03T06:52:11.601+0600][48.091s][info][gc,heap     ] GC(24) Y: Max Capacity: 3922M(100%)
[2026-04-03T06:52:11.601+0600][48.091s][info][gc,heap     ] GC(24) Y: Soft Max Capacity: 3529M(90%)
[2026-04-03T06:52:11.601+0600][48.091s][info][gc,heap     ] GC(24) Y: Heap Statistics:
[2026-04-03T06:52:11.601+0600][48.091s][info][gc,heap     ] GC(24) Y:                Mark Start          Mark End        Relocate Start      Relocate End           High               Low         
[2026-04-03T06:52:11.601+0600][48.091s][info][gc,heap     ] GC(24) Y:  Capacity:     3062M (78%)        3062M (78%)        3062M (78%)        3062M (78%)        3062M (78%)        3062M (78%)    
[2026-04-03T06:52:11.601+0600][48.091s][info][gc,heap     ] GC(24) Y:      Free:     2728M (70%)        2320M (59%)        2416M (62%)        2624M (67%)        2728M (70%)        2314M (59%)    
[2026-04-03T06:52:11.601+0600][48.091s][info][gc,heap     ] GC(24) Y:      Used:     1194M (30%)        1602M (41%)        1506M (38%)        1298M (33%)        1608M (41%)        1194M (30%)    
[2026-04-03T06:52:11.601+0600][48.091s][info][gc,heap     ] GC(24) Y: Young Generation Statistics:
[2026-04-03T06:52:11.601+0600][48.091s][info][gc,heap     ] GC(24) Y:                Mark Start          Mark End        Relocate Start      Relocate End    
[2026-04-03T06:52:11.601+0600][48.091s][info][gc,heap     ] GC(24) Y:      Used:      682M (17%)        1090M (28%)         994M (25%)         786M (20%)    
[2026-04-03T06:52:11.601+0600][48.091s][info][gc,heap     ] GC(24) Y:      Live:         -               172M (4%)          172M (4%)          172M (4%)     
[2026-04-03T06:52:11.601+0600][48.091s][info][gc,heap     ] GC(24) Y:   Garbage:         -               509M (13%)         371M (9%)           31M (1%)     
[2026-04-03T06:52:11.601+0600][48.091s][info][gc,heap     ] GC(24) Y: Allocated:         -               408M (10%)         450M (11%)         582M (15%)    
[2026-04-03T06:52:11.601+0600][48.092s][info][gc,heap     ] GC(24) Y: Reclaimed:         -                  -               138M (4%)          478M (12%)    
[2026-04-03T06:52:11.601+0600][48.092s][info][gc,heap     ] GC(24) Y:  Promoted:         -                  -                 0M (0%)            0M (0%)     
[2026-04-03T06:52:11.601+0600][48.092s][info][gc,heap     ] GC(24) Y: Compacted:         -                  -                  -                97M (2%)     
[2026-04-03T06:52:11.601+0600][48.092s][info][gc,phases   ] GC(24) Y: Young Generation 1194M(30%)->1298M(33%) 0.669s
[2026-04-03T06:52:11.601+0600][48.092s][info][gc,phases   ] GC(24) O: Old Generation
[2026-04-03T06:52:12.217+0600][48.708s][info][gc          ] GC(25) Minor Collection (Allocation Rate)
[2026-04-03T06:52:12.217+0600][48.708s][info][gc,task     ] GC(25) Using 2 Workers for Young Generation
[2026-04-03T06:52:12.217+0600][48.708s][info][gc,phases   ] GC(25) y: Young Generation
[2026-04-03T06:52:12.217+0600][48.708s][info][gc,phases   ] GC(25) y: Pause Mark Start 0.037ms
[2026-04-03T06:52:13.001+0600][49.491s][info][gc,phases   ] GC(25) y: Concurrent Mark 782.876ms
[2026-04-03T06:52:13.001+0600][49.492s][info][gc,phases   ] GC(25) y: Pause Mark End 0.041ms
[2026-04-03T06:52:13.001+0600][49.492s][info][gc,phases   ] GC(25) y: Concurrent Mark Free 0.004ms
[2026-04-03T06:52:13.001+0600][49.492s][info][gc,phases   ] GC(25) y: Concurrent Reset Relocation Set 0.050ms
[2026-04-03T06:52:13.009+0600][49.499s][info][gc,reloc    ] GC(25) y: Using tenuring threshold: 2 (Computed)
[2026-04-03T06:52:13.036+0600][49.526s][info][gc,phases   ] GC(25) y: Concurrent Select Relocation Set 34.342ms
[2026-04-03T06:52:13.036+0600][49.527s][info][gc,phases   ] GC(25) y: Pause Relocate Start 0.055ms
[2026-04-03T06:52:13.178+0600][49.669s][info][gc,phases   ] GC(24) O: Concurrent Mark 1577.292ms
[2026-04-03T06:52:13.180+0600][49.670s][info][gc,phases   ] GC(24) O: Pause Mark End 0.068ms
[2026-04-03T06:52:13.180+0600][49.671s][info][gc,phases   ] GC(24) O: Concurrent Mark Free 0.006ms
[2026-04-03T06:52:13.239+0600][49.730s][info][gc,phases   ] GC(24) O: Concurrent Process Non-Strong 58.996ms
[2026-04-03T06:52:13.239+0600][49.730s][info][gc,phases   ] GC(24) O: Concurrent Reset Relocation Set 0.013ms
[2026-04-03T06:52:13.257+0600][49.747s][info][gc,phases   ] GC(24) O: Concurrent Select Relocation Set 17.211ms
[2026-04-03T06:52:13.307+0600][49.797s][info][gc,phases   ] GC(25) y: Concurrent Relocate 269.962ms
[2026-04-03T06:52:13.307+0600][49.797s][info][gc,alloc    ] GC(25) y:                         Mark Start        Mark End      Relocate Start    Relocate End   
[2026-04-03T06:52:13.307+0600][49.797s][info][gc,alloc    ] GC(25) y: Allocation Stalls:          0                0                0                0         
[2026-04-03T06:52:13.307+0600][49.797s][info][gc,load     ] GC(25) y: Load: 7.01 (58%) / 8.20 (68%) / 7.42 (62%)
[2026-04-03T06:52:13.307+0600][49.797s][info][gc,mmu      ] GC(25) y: MMU: 2ms/95.2%, 5ms/98.1%, 10ms/99.0%, 20ms/99.4%, 50ms/99.7%, 100ms/99.8%
[2026-04-03T06:52:13.307+0600][49.797s][info][gc,marking  ] GC(25) y: Mark: 2 stripe(s), 3 proactive flush(es), 1 terminate flush(es), 0 completion(s), 0 continuation(s) 
[2026-04-03T06:52:13.307+0600][49.797s][info][gc,marking  ] GC(25) y: Mark Stack Usage: 32M
[2026-04-03T06:52:13.307+0600][49.797s][info][gc,nmethod  ] GC(25) y: NMethods: 6464 registered, 454 unregistered
[2026-04-03T06:52:13.307+0600][49.797s][info][gc,metaspace] GC(25) y: Metaspace: 71M used, 72M committed, 1088M reserved
[2026-04-03T06:52:13.307+0600][49.797s][info][gc,reloc    ] GC(25) y:                        Candidates     Selected     In-Place         Size        Empty    Relocated 
[2026-04-03T06:52:13.307+0600][49.797s][info][gc,reloc    ] GC(25) y: Small Pages:                  530          444            0        1060M           0M          73M 
[2026-04-03T06:52:13.307+0600][49.797s][info][gc,reloc    ] GC(25) y: Medium Pages:                   2            0            0          64M          32M           0M 
[2026-04-03T06:52:13.307+0600][49.797s][info][gc,reloc    ] GC(25) y: Large Pages:                   13            0            0         114M          54M           0M 
[2026-04-03T06:52:13.307+0600][49.797s][info][gc,reloc    ] GC(25) y: Forwarding Usage: 75M
[2026-04-03T06:52:13.307+0600][49.797s][info][gc,reloc    ] GC(25) y: Age Table:
[2026-04-03T06:52:13.307+0600][49.797s][info][gc,reloc    ] GC(25) y:                    Live             Garbage             Small              Medium             Large        
[2026-04-03T06:52:13.307+0600][49.798s][info][gc,reloc    ] GC(25) y: Eden             104M (3%)          919M (23%)        472 / 428            1 / 0              6 / 0        
[2026-04-03T06:52:13.307+0600][49.798s][info][gc,reloc    ] GC(25) y: Survivor 1       111M (3%)           98M (3%)          56 / 14             1 / 0              7 / 0        
[2026-04-03T06:52:13.307+0600][49.798s][info][gc,reloc    ] GC(25) y: Survivor 2         0M (0%)            3M (0%)           2 / 2              0 / 0              0 / 0        
[2026-04-03T06:52:13.307+0600][49.798s][info][gc,heap     ] GC(25) y: Min Capacity: 8M(0%)
[2026-04-03T06:52:13.307+0600][49.798s][info][gc,heap     ] GC(25) y: Max Capacity: 3922M(100%)
[2026-04-03T06:52:13.307+0600][49.798s][info][gc,heap     ] GC(25) y: Soft Max Capacity: 3529M(90%)
[2026-04-03T06:52:13.307+0600][49.798s][info][gc,heap     ] GC(25) y: Heap Statistics:
[2026-04-03T06:52:13.307+0600][49.798s][info][gc,heap     ] GC(25) y:                Mark Start          Mark End        Relocate Start      Relocate End           High               Low         
[2026-04-03T06:52:13.307+0600][49.798s][info][gc,heap     ] GC(25) y:  Capacity:     3062M (78%)        3062M (78%)        3062M (78%)        3062M (78%)        3062M (78%)        3062M (78%)    
[2026-04-03T06:52:13.307+0600][49.798s][info][gc,heap     ] GC(25) y:      Free:     2172M (55%)        1668M (43%)        1728M (44%)        2654M (68%)        2654M (68%)        1660M (42%)    
[2026-04-03T06:52:13.307+0600][49.798s][info][gc,heap     ] GC(25) y:      Used:     1750M (45%)        2254M (57%)        2194M (56%)        1268M (32%)        2262M (58%)        1268M (32%)    
[2026-04-03T06:52:13.307+0600][49.798s][info][gc,heap     ] GC(25) y: Young Generation Statistics:
[2026-04-03T06:52:13.307+0600][49.798s][info][gc,heap     ] GC(25) y:                Mark Start          Mark End        Relocate Start      Relocate End    
[2026-04-03T06:52:13.307+0600][49.798s][info][gc,heap     ] GC(25) y:      Used:     1238M (32%)        1742M (44%)        1682M (43%)         936M (24%)    
[2026-04-03T06:52:13.307+0600][49.798s][info][gc,heap     ] GC(25) y:      Live:         -               217M (6%)          217M (6%)          216M (6%)     
[2026-04-03T06:52:13.307+0600][49.798s][info][gc,heap     ] GC(25) y:   Garbage:         -              1020M (26%)         934M (24%)          33M (1%)     
[2026-04-03T06:52:13.307+0600][49.798s][info][gc,heap     ] GC(25) y: Allocated:         -               504M (13%)         530M (14%)         686M (17%)    
[2026-04-03T06:52:13.307+0600][49.798s][info][gc,heap     ] GC(25) y: Reclaimed:         -                  -                86M (2%)          987M (25%)    
[2026-04-03T06:52:13.307+0600][49.798s][info][gc,heap     ] GC(25) y:  Promoted:         -                  -                 0M (0%)            0M (0%)     
[2026-04-03T06:52:13.307+0600][49.798s][info][gc,heap     ] GC(25) y: Compacted:         -                  -                  -                89M (2%)     
[2026-04-03T06:52:13.307+0600][49.798s][info][gc,phases   ] GC(25) y: Young Generation 1750M(45%)->1268M(32%) 1.090s
[2026-04-03T06:52:13.307+0600][49.798s][info][gc          ] GC(25) Minor Collection (Allocation Rate) 1750M(45%)->1268M(32%) 1.090s
[2026-04-03T06:52:13.307+0600][49.798s][info][gc,task     ] GC(24) O: Using 3 Workers for Old Generation
[2026-04-03T06:52:13.336+0600][49.826s][info][gc,task     ] GC(24) O: Using 1 Workers for Old Generation
[2026-04-03T06:52:13.336+0600][49.826s][info][gc,phases   ] GC(24) O: Concurrent Remap Roots 28.136ms
[2026-04-03T06:52:13.336+0600][49.827s][info][gc,phases   ] GC(24) O: Pause Relocate Start 0.049ms
[2026-04-03T06:52:13.439+0600][49.930s][info][gc,phases   ] GC(24) O: Concurrent Relocate 103.083ms
[2026-04-03T06:52:13.440+0600][49.930s][info][gc,alloc    ] GC(24) O:                         Mark Start        Mark End      Relocate Start    Relocate End   
[2026-04-03T06:52:13.440+0600][49.930s][info][gc,alloc    ] GC(24) O: Allocation Stalls:          0                0                0                0         
[2026-04-03T06:52:13.440+0600][49.930s][info][gc,load     ] GC(24) O: Load: 7.01 (58%) / 8.20 (68%) / 7.42 (62%)
[2026-04-03T06:52:13.440+0600][49.930s][info][gc,mmu      ] GC(24) O: MMU: 2ms/95.2%, 5ms/98.1%, 10ms/99.0%, 20ms/99.4%, 50ms/99.7%, 100ms/99.8%
[2026-04-03T06:52:13.440+0600][49.930s][info][gc,marking  ] GC(24) O: Mark: 1 stripe(s), 2 proactive flush(es), 1 terminate flush(es), 0 completion(s), 0 continuation(s) 
[2026-04-03T06:52:13.440+0600][49.930s][info][gc,marking  ] GC(24) O: Mark Stack Usage: 32M
[2026-04-03T06:52:13.440+0600][49.930s][info][gc,nmethod  ] GC(24) O: NMethods: 6465 registered, 454 unregistered
[2026-04-03T06:52:13.440+0600][49.930s][info][gc,metaspace] GC(24) O: Metaspace: 71M used, 72M committed, 1088M reserved
[2026-04-03T06:52:13.440+0600][49.930s][info][gc,ref      ] GC(24) O:                       Encountered   Discovered     Enqueued 
[2026-04-03T06:52:13.440+0600][49.930s][info][gc,ref      ] GC(24) O: Soft References:             5094            0            0 
[2026-04-03T06:52:13.440+0600][49.930s][info][gc,ref      ] GC(24) O: Weak References:             7086         5372           44 
[2026-04-03T06:52:13.440+0600][49.930s][info][gc,ref      ] GC(24) O: Final References:              84            0            0 
[2026-04-03T06:52:13.440+0600][49.930s][info][gc,ref      ] GC(24) O: Phantom References:           599          536            0 
[2026-04-03T06:52:13.440+0600][49.930s][info][gc,reloc    ] GC(24) O:                        Candidates     Selected     In-Place         Size        Empty    Relocated 
[2026-04-03T06:52:13.440+0600][49.930s][info][gc,reloc    ] GC(24) O: Small Pages:                  193           53            0         386M         100M          12M 
[2026-04-03T06:52:13.440+0600][49.930s][info][gc,reloc    ] GC(24) O: Medium Pages:                   1            0            0          32M           0M           0M 
[2026-04-03T06:52:13.440+0600][49.930s][info][gc,reloc    ] GC(24) O: Large Pages:                    7            0            0          94M          94M           0M 
[2026-04-03T06:52:13.440+0600][49.930s][info][gc,reloc    ] GC(24) O: Forwarding Usage: 13M
[2026-04-03T06:52:13.440+0600][49.930s][info][gc,heap     ] GC(24) O: Min Capacity: 8M(0%)
[2026-04-03T06:52:13.440+0600][49.930s][info][gc,heap     ] GC(24) O: Max Capacity: 3922M(100%)
[2026-04-03T06:52:13.440+0600][49.930s][info][gc,heap     ] GC(24) O: Soft Max Capacity: 3529M(90%)
[2026-04-03T06:52:13.440+0600][49.930s][info][gc,heap     ] GC(24) O: Heap Statistics:
[2026-04-03T06:52:13.440+0600][49.930s][info][gc,heap     ] GC(24) O:                Mark Start          Mark End        Relocate Start      Relocate End           High               Low         
[2026-04-03T06:52:13.440+0600][49.930s][info][gc,heap     ] GC(24) O:  Capacity:     3062M (78%)        3062M (78%)        3062M (78%)        3062M (78%)        3062M (78%)        3062M (78%)    
[2026-04-03T06:52:13.440+0600][49.930s][info][gc,heap     ] GC(24) O:      Free:     2728M (70%)        2264M (58%)        2650M (68%)        2704M (69%)        2736M (70%)        1660M (42%)    
[2026-04-03T06:52:13.440+0600][49.930s][info][gc,heap     ] GC(24) O:      Used:     1194M (30%)        1658M (42%)        1272M (32%)        1218M (31%)        2262M (58%)        1186M (30%)    
[2026-04-03T06:52:13.440+0600][49.930s][info][gc,heap     ] GC(24) O: Old Generation Statistics:
[2026-04-03T06:52:13.440+0600][49.930s][info][gc,heap     ] GC(24) O:                Mark Start          Mark End        Relocate Start      Relocate End    
[2026-04-03T06:52:13.440+0600][49.930s][info][gc,heap     ] GC(24) O:      Used:      512M (13%)         516M (13%)         332M (8%)          226M (6%)     
[2026-04-03T06:52:13.440+0600][49.930s][info][gc,heap     ] GC(24) O:      Live:         -               184M (5%)          184M (5%)          184M (5%)     
[2026-04-03T06:52:13.440+0600][49.930s][info][gc,heap     ] GC(24) O:   Garbage:         -               327M (8%)          133M (3%)           24M (1%)     
[2026-04-03T06:52:13.440+0600][49.930s][info][gc,heap     ] GC(24) O: Allocated:         -                 4M (0%)           14M (0%)           16M (0%)     
[2026-04-03T06:52:13.440+0600][49.931s][info][gc,heap     ] GC(24) O: Reclaimed:         -                  -               194M (5%)          302M (8%)     
[2026-04-03T06:52:13.440+0600][49.931s][info][gc,heap     ] GC(24) O: Compacted:         -                  -                  -                15M (0%)     
[2026-04-03T06:52:13.440+0600][49.931s][info][gc,phases   ] GC(24) O: Old Generation 1298M(33%)->1218M(31%) 1.839s
[2026-04-03T06:52:13.440+0600][49.931s][info][gc          ] GC(24) Major Collection (Allocation Rate) 1194M(30%)->1218M(31%) 2.509s
[2026-04-03T06:52:15.771+0600][52.261s][info][gc          ] GC(26) Minor Collection (Allocation Rate)
[2026-04-03T06:52:15.771+0600][52.261s][info][gc,task     ] GC(26) Using 2 Workers for Young Generation
[2026-04-03T06:52:15.771+0600][52.261s][info][gc,phases   ] GC(26) y: Young Generation
[2026-04-03T06:52:15.771+0600][52.262s][info][gc,phases   ] GC(26) y: Pause Mark Start 0.020ms
[2026-04-03T06:52:15.784+0600][52.275s][info][gc,phases   ] GC(26) y: Concurrent Mark 12.903ms
[2026-04-03T06:52:15.784+0600][52.275s][info][gc,phases   ] GC(26) y: Pause Mark End 0.024ms
[2026-04-03T06:52:15.784+0600][52.275s][info][gc,phases   ] GC(26) y: Concurrent Mark Free 0.002ms
[2026-04-03T06:52:15.784+0600][52.275s][info][gc,phases   ] GC(26) y: Concurrent Reset Relocation Set 0.061ms
[2026-04-03T06:52:15.790+0600][52.280s][info][gc,reloc    ] GC(26) y: Using tenuring threshold: 3 (Computed)
[2026-04-03T06:52:15.800+0600][52.290s][info][gc,phases   ] GC(26) y: Concurrent Select Relocation Set 15.163ms
[2026-04-03T06:52:15.800+0600][52.291s][info][gc,phases   ] GC(26) y: Pause Relocate Start 0.054ms
[2026-04-03T06:52:15.802+0600][52.292s][info][gc,phases   ] GC(26) y: Concurrent Relocate 1.371ms
[2026-04-03T06:52:15.802+0600][52.293s][info][gc,alloc    ] GC(26) y:                         Mark Start        Mark End      Relocate Start    Relocate End   
[2026-04-03T06:52:15.802+0600][52.293s][info][gc,alloc    ] GC(26) y: Allocation Stalls:          0                0                0                0         
[2026-04-03T06:52:15.802+0600][52.293s][info][gc,load     ] GC(26) y: Load: 7.01 (58%) / 8.20 (68%) / 7.42 (62%)
[2026-04-03T06:52:15.802+0600][52.293s][info][gc,mmu      ] GC(26) y: MMU: 2ms/95.2%, 5ms/98.1%, 10ms/99.0%, 20ms/99.4%, 50ms/99.7%, 100ms/99.8%
[2026-04-03T06:52:15.802+0600][52.293s][info][gc,marking  ] GC(26) y: Mark: 2 stripe(s), 2 proactive flush(es), 1 terminate flush(es), 0 completion(s), 0 continuation(s) 
[2026-04-03T06:52:15.802+0600][52.293s][info][gc,marking  ] GC(26) y: Mark Stack Usage: 32M
[2026-04-03T06:52:15.802+0600][52.293s][info][gc,nmethod  ] GC(26) y: NMethods: 6737 registered, 454 unregistered
[2026-04-03T06:52:15.802+0600][52.293s][info][gc,metaspace] GC(26) y: Metaspace: 71M used, 72M committed, 1088M reserved
[2026-04-03T06:52:15.802+0600][52.293s][info][gc,reloc    ] GC(26) y:                        Candidates     Selected     In-Place         Size        Empty    Relocated 
[2026-04-03T06:52:15.802+0600][52.293s][info][gc,reloc    ] GC(26) y: Small Pages:                  750           31            0        1500M        1436M           0M 
[2026-04-03T06:52:15.802+0600][52.293s][info][gc,reloc    ] GC(26) y: Medium Pages:                   3            0            0          96M          96M           0M 
[2026-04-03T06:52:15.802+0600][52.293s][info][gc,reloc    ] GC(26) y: Large Pages:                   23            0            0         222M         222M           0M 
[2026-04-03T06:52:15.802+0600][52.293s][info][gc,reloc    ] GC(26) y: Forwarding Usage: 0M
[2026-04-03T06:52:15.802+0600][52.293s][info][gc,reloc    ] GC(26) y: Age Table:
[2026-04-03T06:52:15.802+0600][52.293s][info][gc,reloc    ] GC(26) y:                    Live             Garbage             Small              Medium             Large        
[2026-04-03T06:52:15.802+0600][52.293s][info][gc,reloc    ] GC(26) y: Eden               0M (0%)         1545M (39%)        660 / 25             2 / 0             17 / 0        
[2026-04-03T06:52:15.802+0600][52.293s][info][gc,reloc    ] GC(26) y: Survivor 1          -               110M (3%)          40 / 0              0 / 0              3 / 0        
[2026-04-03T06:52:15.802+0600][52.293s][info][gc,reloc    ] GC(26) y: Survivor 2         0M (0%)          161M (4%)          50 / 6              1 / 0              3 / 0        
[2026-04-03T06:52:15.802+0600][52.293s][info][gc,heap     ] GC(26) y: Min Capacity: 8M(0%)
[2026-04-03T06:52:15.802+0600][52.293s][info][gc,heap     ] GC(26) y: Max Capacity: 3922M(100%)
[2026-04-03T06:52:15.802+0600][52.293s][info][gc,heap     ] GC(26) y: Soft Max Capacity: 3529M(90%)
[2026-04-03T06:52:15.802+0600][52.293s][info][gc,heap     ] GC(26) y: Heap Statistics:
[2026-04-03T06:52:15.802+0600][52.293s][info][gc,heap     ] GC(26) y:                Mark Start          Mark End        Relocate Start      Relocate End           High               Low         
[2026-04-03T06:52:15.802+0600][52.293s][info][gc,heap     ] GC(26) y:  Capacity:     3062M (78%)        3062M (78%)        3062M (78%)        3062M (78%)        3062M (78%)        3062M (78%)    
[2026-04-03T06:52:15.802+0600][52.293s][info][gc,heap     ] GC(26) y:      Free:     1878M (48%)        1858M (47%)        3608M (92%)        3662M (93%)        3662M (93%)        1858M (47%)    
[2026-04-03T06:52:15.802+0600][52.293s][info][gc,heap     ] GC(26) y:      Used:     2044M (52%)        2064M (53%)         314M (8%)          260M (7%)         2064M (53%)         260M (7%)     
[2026-04-03T06:52:15.802+0600][52.293s][info][gc,heap     ] GC(26) y: Young Generation Statistics:
[2026-04-03T06:52:15.802+0600][52.293s][info][gc,heap     ] GC(26) y:                Mark Start          Mark End        Relocate Start      Relocate End    
[2026-04-03T06:52:15.802+0600][52.293s][info][gc,heap     ] GC(26) y:      Used:     1818M (46%)        1838M (47%)          88M (2%)           34M (1%)     
[2026-04-03T06:52:15.802+0600][52.293s][info][gc,heap     ] GC(26) y:      Live:         -                 0M (0%)            0M (0%)            0M (0%)     
[2026-04-03T06:52:15.802+0600][52.293s][info][gc,heap     ] GC(26) y:   Garbage:         -              1817M (46%)          63M (2%)            0M (0%)     
[2026-04-03T06:52:15.802+0600][52.293s][info][gc,heap     ] GC(26) y: Allocated:         -                20M (1%)           24M (1%)           33M (1%)     
[2026-04-03T06:52:15.802+0600][52.293s][info][gc,heap     ] GC(26) y: Reclaimed:         -                  -              1754M (45%)        1817M (46%)    
[2026-04-03T06:52:15.802+0600][52.293s][info][gc,heap     ] GC(26) y:  Promoted:         -                  -                 0M (0%)            0M (0%)     
[2026-04-03T06:52:15.802+0600][52.293s][info][gc,heap     ] GC(26) y: Compacted:         -                  -                  -                 0M (0%)     
[2026-04-03T06:52:15.803+0600][52.293s][info][gc,phases   ] GC(26) y: Young Generation 2044M(52%)->260M(7%) 0.031s
[2026-04-03T06:52:15.803+0600][52.293s][info][gc          ] GC(26) Minor Collection (Allocation Rate) 2044M(52%)->260M(7%) 0.032s
[2026-04-03T06:52:16.812+0600][53.302s][info][gc          ] GC(27) Minor Collection (Allocation Rate)
[2026-04-03T06:52:16.812+0600][53.302s][info][gc,task     ] GC(27) Using 2 Workers for Young Generation
[2026-04-03T06:52:16.812+0600][53.302s][info][gc,phases   ] GC(27) y: Young Generation
[2026-04-03T06:52:16.812+0600][53.303s][info][gc,phases   ] GC(27) y: Pause Mark Start 0.042ms
[2026-04-03T06:52:17.083+0600][53.573s][info][gc,phases   ] GC(27) y: Concurrent Mark 270.724ms
[2026-04-03T06:52:17.083+0600][53.574s][info][gc,phases   ] GC(27) y: Pause Mark End 0.042ms
[2026-04-03T06:52:17.083+0600][53.574s][info][gc,phases   ] GC(27) y: Concurrent Mark Free 0.001ms
[2026-04-03T06:52:17.083+0600][53.574s][info][gc,phases   ] GC(27) y: Concurrent Reset Relocation Set 0.008ms
[2026-04-03T06:52:17.090+0600][53.581s][info][gc,reloc    ] GC(27) y: Using tenuring threshold: 4 (Computed)
[2026-04-03T06:52:17.134+0600][53.624s][info][gc,phases   ] GC(27) y: Concurrent Select Relocation Set 50.178ms
[2026-04-03T06:52:17.134+0600][53.625s][info][gc,phases   ] GC(27) y: Pause Relocate Start 0.032ms
[2026-04-03T06:52:17.347+0600][53.837s][info][gc,phases   ] GC(27) y: Concurrent Relocate 212.638ms
[2026-04-03T06:52:17.347+0600][53.838s][info][gc,alloc    ] GC(27) y:                         Mark Start        Mark End      Relocate Start    Relocate End   
[2026-04-03T06:52:17.347+0600][53.838s][info][gc,alloc    ] GC(27) y: Allocation Stalls:          0                0                0                0         
[2026-04-03T06:52:17.347+0600][53.838s][info][gc,load     ] GC(27) y: Load: 6.85 (57%) / 8.15 (68%) / 7.41 (62%)
[2026-04-03T06:52:17.347+0600][53.838s][info][gc,mmu      ] GC(27) y: MMU: 2ms/95.2%, 5ms/98.1%, 10ms/99.0%, 20ms/99.4%, 50ms/99.7%, 100ms/99.8%
[2026-04-03T06:52:17.347+0600][53.838s][info][gc,marking  ] GC(27) y: Mark: 2 stripe(s), 2 proactive flush(es), 1 terminate flush(es), 0 completion(s), 0 continuation(s) 
[2026-04-03T06:52:17.347+0600][53.838s][info][gc,marking  ] GC(27) y: Mark Stack Usage: 32M
[2026-04-03T06:52:17.347+0600][53.838s][info][gc,nmethod  ] GC(27) y: NMethods: 6803 registered, 454 unregistered
[2026-04-03T06:52:17.347+0600][53.838s][info][gc,metaspace] GC(27) y: Metaspace: 71M used, 72M committed, 1088M reserved
[2026-04-03T06:52:17.347+0600][53.838s][info][gc,reloc    ] GC(27) y:                        Candidates     Selected     In-Place         Size        Empty    Relocated 
[2026-04-03T06:52:17.347+0600][53.838s][info][gc,reloc    ] GC(27) y: Small Pages:                  452          264            0         904M         310M          48M 
[2026-04-03T06:52:17.347+0600][53.838s][info][gc,reloc    ] GC(27) y: Medium Pages:                   1            0            0          32M          32M           0M 
[2026-04-03T06:52:17.347+0600][53.838s][info][gc,reloc    ] GC(27) y: Large Pages:                   11            0            0          78M          60M           0M 
[2026-04-03T06:52:17.347+0600][53.838s][info][gc,reloc    ] GC(27) y: Forwarding Usage: 54M
[2026-04-03T06:52:17.347+0600][53.838s][info][gc,reloc    ] GC(27) y: Age Table:
[2026-04-03T06:52:17.347+0600][53.838s][info][gc,reloc    ] GC(27) y:                    Live             Garbage             Small              Medium             Large        
[2026-04-03T06:52:17.347+0600][53.838s][info][gc,reloc    ] GC(27) y: Eden              74M (2%)          929M (24%)        447 / 259            1 / 0             11 / 0        
[2026-04-03T06:52:17.347+0600][53.838s][info][gc,reloc    ] GC(27) y: Survivor 1         0M (0%)            3M (0%)           2 / 2              0 / 0              0 / 0        
[2026-04-03T06:52:17.347+0600][53.838s][info][gc,reloc    ] GC(27) y: Survivor 2          -                 0M (0%)           0 / 0              0 / 0              0 / 0        
[2026-04-03T06:52:17.347+0600][53.838s][info][gc,reloc    ] GC(27) y: Survivor 3         0M (0%)            5M (0%)           3 / 3              0 / 0              0 / 0        
[2026-04-03T06:52:17.347+0600][53.838s][info][gc,heap     ] GC(27) y: Min Capacity: 8M(0%)
[2026-04-03T06:52:17.347+0600][53.838s][info][gc,heap     ] GC(27) y: Max Capacity: 3922M(100%)
[2026-04-03T06:52:17.347+0600][53.838s][info][gc,heap     ] GC(27) y: Soft Max Capacity: 3529M(90%)
[2026-04-03T06:52:17.348+0600][53.838s][info][gc,heap     ] GC(27) y: Heap Statistics:
[2026-04-03T06:52:17.348+0600][53.838s][info][gc,heap     ] GC(27) y:                Mark Start          Mark End        Relocate Start      Relocate End           High               Low         
[2026-04-03T06:52:17.348+0600][53.838s][info][gc,heap     ] GC(27) y:  Capacity:     3062M (78%)        3062M (78%)        3062M (78%)        3062M (78%)        3062M (78%)        3062M (78%)    
[2026-04-03T06:52:17.348+0600][53.838s][info][gc,heap     ] GC(27) y:      Free:     2682M (68%)        2504M (64%)        2906M (74%)        3424M (87%)        3424M (87%)        2504M (64%)    
[2026-04-03T06:52:17.348+0600][53.838s][info][gc,heap     ] GC(27) y:      Used:     1240M (32%)        1418M (36%)        1016M (26%)         498M (13%)        1418M (36%)         498M (13%)    
[2026-04-03T06:52:17.348+0600][53.838s][info][gc,heap     ] GC(27) y: Young Generation Statistics:
[2026-04-03T06:52:17.348+0600][53.838s][info][gc,heap     ] GC(27) y:                Mark Start          Mark End        Relocate Start      Relocate End    
[2026-04-03T06:52:17.348+0600][53.838s][info][gc,heap     ] GC(27) y:      Used:     1014M (26%)        1192M (30%)         790M (20%)         272M (7%)     
[2026-04-03T06:52:17.348+0600][53.838s][info][gc,heap     ] GC(27) y:      Live:         -                74M (2%)           74M (2%)           74M (2%)     
[2026-04-03T06:52:17.348+0600][53.838s][info][gc,heap     ] GC(27) y:   Garbage:         -               939M (24%)         537M (14%)           0M (0%)     
[2026-04-03T06:52:17.348+0600][53.838s][info][gc,heap     ] GC(27) y: Allocated:         -               178M (5%)          178M (5%)          197M (5%)     
[2026-04-03T06:52:17.348+0600][53.838s][info][gc,heap     ] GC(27) y: Reclaimed:         -                  -               402M (10%)         939M (24%)    
[2026-04-03T06:52:17.348+0600][53.838s][info][gc,heap     ] GC(27) y:  Promoted:         -                  -                 0M (0%)            0M (0%)     
[2026-04-03T06:52:17.348+0600][53.838s][info][gc,heap     ] GC(27) y: Compacted:         -                  -                  -                56M (1%)     
[2026-04-03T06:52:17.348+0600][53.838s][info][gc,phases   ] GC(27) y: Young Generation 1240M(32%)->498M(13%) 0.535s
[2026-04-03T06:52:17.348+0600][53.838s][info][gc          ] GC(27) Minor Collection (Allocation Rate) 1240M(32%)->498M(13%) 0.536s
[2026-04-03T06:52:18.537+0600][55.027s][info][gc          ] GC(28) Minor Collection (Allocation Rate)
[2026-04-03T06:52:18.537+0600][55.027s][info][gc,task     ] GC(28) Using 2 Workers for Young Generation
[2026-04-03T06:52:18.537+0600][55.027s][info][gc,phases   ] GC(28) y: Young Generation
[2026-04-03T06:52:18.537+0600][55.028s][info][gc,phases   ] GC(28) y: Pause Mark Start 0.018ms
[2026-04-03T06:52:18.668+0600][55.159s][info][gc,phases   ] GC(28) y: Concurrent Mark 131.390ms
[2026-04-03T06:52:18.669+0600][55.159s][info][gc,phases   ] GC(28) y: Pause Mark End 0.019ms
[2026-04-03T06:52:18.669+0600][55.159s][info][gc,phases   ] GC(28) y: Concurrent Mark Free 0.001ms
[2026-04-03T06:52:18.669+0600][55.159s][info][gc,phases   ] GC(28) y: Concurrent Reset Relocation Set 0.043ms
[2026-04-03T06:52:18.671+0600][55.162s][info][gc,reloc    ] GC(28) y: Using tenuring threshold: 4 (Computed)
[2026-04-03T06:52:18.676+0600][55.167s][info][gc,phases   ] GC(28) y: Concurrent Select Relocation Set 7.245ms
[2026-04-03T06:52:18.676+0600][55.167s][info][gc,phases   ] GC(28) y: Pause Relocate Start 0.018ms
[2026-04-03T06:52:18.741+0600][55.232s][info][gc,phases   ] GC(28) y: Concurrent Relocate 65.043ms
[2026-04-03T06:52:18.741+0600][55.232s][info][gc,alloc    ] GC(28) y:                         Mark Start        Mark End      Relocate Start    Relocate End   
[2026-04-03T06:52:18.741+0600][55.232s][info][gc,alloc    ] GC(28) y: Allocation Stalls:          0                0                0                0         
[2026-04-03T06:52:18.741+0600][55.232s][info][gc,load     ] GC(28) y: Load: 6.85 (57%) / 8.15 (68%) / 7.41 (62%)
[2026-04-03T06:52:18.742+0600][55.232s][info][gc,mmu      ] GC(28) y: MMU: 2ms/95.2%, 5ms/98.1%, 10ms/99.0%, 20ms/99.4%, 50ms/99.7%, 100ms/99.8%
[2026-04-03T06:52:18.742+0600][55.232s][info][gc,marking  ] GC(28) y: Mark: 2 stripe(s), 3 proactive flush(es), 1 terminate flush(es), 0 completion(s), 0 continuation(s) 
[2026-04-03T06:52:18.742+0600][55.232s][info][gc,marking  ] GC(28) y: Mark Stack Usage: 32M
[2026-04-03T06:52:18.742+0600][55.232s][info][gc,nmethod  ] GC(28) y: NMethods: 6960 registered, 454 unregistered
[2026-04-03T06:52:18.742+0600][55.232s][info][gc,metaspace] GC(28) y: Metaspace: 71M used, 72M committed, 1088M reserved
[2026-04-03T06:52:18.742+0600][55.232s][info][gc,reloc    ] GC(28) y:                        Candidates     Selected     In-Place         Size        Empty    Relocated 
[2026-04-03T06:52:18.742+0600][55.232s][info][gc,reloc    ] GC(28) y: Small Pages:                  531          166            0        1062M         654M          37M 
[2026-04-03T06:52:18.742+0600][55.232s][info][gc,reloc    ] GC(28) y: Medium Pages:                   6            0            0         192M         192M           0M 
[2026-04-03T06:52:18.742+0600][55.232s][info][gc,reloc    ] GC(28) y: Large Pages:                   22            0            0         136M         118M           0M 
[2026-04-03T06:52:18.742+0600][55.232s][info][gc,reloc    ] GC(28) y: Forwarding Usage: 43M
[2026-04-03T06:52:18.742+0600][55.232s][info][gc,reloc    ] GC(28) y: Age Table:
[2026-04-03T06:52:18.742+0600][55.232s][info][gc,reloc    ] GC(28) y:                    Live             Garbage             Small              Medium             Large        
[2026-04-03T06:52:18.742+0600][55.232s][info][gc,reloc    ] GC(28) y: Eden              86M (2%)         1219M (31%)        498 / 160            6 / 0             19 / 0        
[2026-04-03T06:52:18.742+0600][55.232s][info][gc,reloc    ] GC(28) y: Survivor 1         0M (0%)           75M (2%)          29 / 2              0 / 0              3 / 0        
[2026-04-03T06:52:18.742+0600][55.232s][info][gc,reloc    ] GC(28) y: Survivor 2         0M (0%)            3M (0%)           2 / 2              0 / 0              0 / 0        
[2026-04-03T06:52:18.742+0600][55.232s][info][gc,reloc    ] GC(28) y: Survivor 3          -                 0M (0%)           0 / 0              0 / 0              0 / 0        
[2026-04-03T06:52:18.742+0600][55.232s][info][gc,reloc    ] GC(28) y: Survivor 4         0M (0%)            3M (0%)           2 / 2              0 / 0              0 / 0        
[2026-04-03T06:52:18.742+0600][55.232s][info][gc,heap     ] GC(28) y: Min Capacity: 8M(0%)
[2026-04-03T06:52:18.742+0600][55.232s][info][gc,heap     ] GC(28) y: Max Capacity: 3922M(100%)
[2026-04-03T06:52:18.742+0600][55.232s][info][gc,heap     ] GC(28) y: Soft Max Capacity: 3529M(90%)
[2026-04-03T06:52:18.742+0600][55.232s][info][gc,heap     ] GC(28) y: Heap Statistics:
[2026-04-03T06:52:18.742+0600][55.232s][info][gc,heap     ] GC(28) y:                Mark Start          Mark End        Relocate Start      Relocate End           High               Low         
[2026-04-03T06:52:18.742+0600][55.232s][info][gc,heap     ] GC(28) y:  Capacity:     3126M (80%)        3126M (80%)        3126M (80%)        3126M (80%)        3126M (80%)        3126M (80%)    
[2026-04-03T06:52:18.742+0600][55.232s][info][gc,heap     ] GC(28) y:      Free:     2306M (59%)        2072M (53%)        3036M (77%)        3364M (86%)        3364M (86%)        2072M (53%)    
[2026-04-03T06:52:18.742+0600][55.232s][info][gc,heap     ] GC(28) y:      Used:     1616M (41%)        1850M (47%)         886M (23%)         558M (14%)        1850M (47%)         558M (14%)    
[2026-04-03T06:52:18.742+0600][55.232s][info][gc,heap     ] GC(28) y: Young Generation Statistics:
[2026-04-03T06:52:18.742+0600][55.232s][info][gc,heap     ] GC(28) y:                Mark Start          Mark End        Relocate Start      Relocate End    
[2026-04-03T06:52:18.742+0600][55.232s][info][gc,heap     ] GC(28) y:      Used:     1390M (35%)        1624M (41%)         660M (17%)         330M (8%)     
[2026-04-03T06:52:18.742+0600][55.232s][info][gc,heap     ] GC(28) y:      Live:         -                86M (2%)           86M (2%)           86M (2%)     
[2026-04-03T06:52:18.742+0600][55.232s][info][gc,heap     ] GC(28) y:   Garbage:         -              1303M (33%)         339M (9%)            0M (0%)     
[2026-04-03T06:52:18.742+0600][55.232s][info][gc,heap     ] GC(28) y: Allocated:         -               234M (6%)          234M (6%)          243M (6%)     
[2026-04-03T06:52:18.742+0600][55.232s][info][gc,heap     ] GC(28) y: Reclaimed:         -                  -               964M (25%)        1302M (33%)    
[2026-04-03T06:52:18.742+0600][55.232s][info][gc,heap     ] GC(28) y:  Promoted:         -                  -                 0M (0%)            0M (0%)     
[2026-04-03T06:52:18.742+0600][55.232s][info][gc,heap     ] GC(28) y: Compacted:         -                  -                  -                42M (1%)     
[2026-04-03T06:52:18.742+0600][55.232s][info][gc,phases   ] GC(28) y: Young Generation 1616M(41%)->558M(14%) 0.205s
[2026-04-03T06:52:18.742+0600][55.232s][info][gc          ] GC(28) Minor Collection (Allocation Rate) 1616M(41%)->558M(14%) 0.205s
[2026-04-03T06:52:18.742+0600][55.232s][info][gc          ] GC(29) Major Collection (System.gc())
[2026-04-03T06:52:18.742+0600][55.232s][info][gc,task     ] GC(29) Using 3 Workers for Young Generation
[2026-04-03T06:52:18.742+0600][55.232s][info][gc,task     ] GC(29) Using 3 Workers for Old Generation
[2026-04-03T06:52:18.742+0600][55.232s][info][gc,phases   ] GC(29) Y: Young Generation (Promote All)
[2026-04-03T06:52:18.742+0600][55.233s][info][gc,phases   ] GC(29) Y: Pause Mark Start 0.020ms
[2026-04-03T06:52:18.751+0600][55.242s][info][gc,phases   ] GC(29) Y: Concurrent Mark 9.159ms
[2026-04-03T06:52:18.752+0600][55.242s][info][gc,phases   ] GC(29) Y: Pause Mark End 0.021ms
[2026-04-03T06:52:18.752+0600][55.242s][info][gc,phases   ] GC(29) Y: Concurrent Mark Free 0.002ms
[2026-04-03T06:52:18.752+0600][55.242s][info][gc,phases   ] GC(29) Y: Concurrent Reset Relocation Set 0.043ms
[2026-04-03T06:52:18.755+0600][55.246s][info][gc,reloc    ] GC(29) Y: Using tenuring threshold: 0 (Promote All)
[2026-04-03T06:52:18.758+0600][55.249s][info][gc,phases   ] GC(29) Y: Concurrent Select Relocation Set 6.651ms
[2026-04-03T06:52:18.759+0600][55.249s][info][gc,phases   ] GC(29) Y: Pause Relocate Start 0.012ms
[2026-04-03T06:52:18.759+0600][55.250s][info][gc,phases   ] GC(29) Y: Concurrent Relocate 0.601ms
[2026-04-03T06:52:18.759+0600][55.250s][info][gc,alloc    ] GC(29) Y:                         Mark Start        Mark End      Relocate Start    Relocate End   
[2026-04-03T06:52:18.759+0600][55.250s][info][gc,alloc    ] GC(29) Y: Allocation Stalls:          0                0                0                0         
[2026-04-03T06:52:18.759+0600][55.250s][info][gc,load     ] GC(29) Y: Load: 6.85 (57%) / 8.15 (68%) / 7.41 (62%)
[2026-04-03T06:52:18.759+0600][55.250s][info][gc,mmu      ] GC(29) Y: MMU: 2ms/95.2%, 5ms/98.1%, 10ms/99.0%, 20ms/99.4%, 50ms/99.7%, 100ms/99.8%
[2026-04-03T06:52:18.759+0600][55.250s][info][gc,marking  ] GC(29) Y: Mark: 2 stripe(s), 1 proactive flush(es), 1 terminate flush(es), 0 completion(s), 0 continuation(s) 
[2026-04-03T06:52:18.759+0600][55.250s][info][gc,marking  ] GC(29) Y: Mark Stack Usage: 32M
[2026-04-03T06:52:18.759+0600][55.250s][info][gc,nmethod  ] GC(29) Y: NMethods: 6960 registered, 454 unregistered
[2026-04-03T06:52:18.759+0600][55.250s][info][gc,metaspace] GC(29) Y: Metaspace: 71M used, 72M committed, 1088M reserved
[2026-04-03T06:52:18.759+0600][55.250s][info][gc,reloc    ] GC(29) Y:                        Candidates     Selected     In-Place         Size        Empty    Relocated 
[2026-04-03T06:52:18.759+0600][55.250s][info][gc,reloc    ] GC(29) Y: Small Pages:                  156            9            0         312M         292M           0M 
[2026-04-03T06:52:18.759+0600][55.250s][info][gc,reloc    ] GC(29) Y: Medium Pages:                   0            0            0           0M           0M           0M 
[2026-04-03T06:52:18.759+0600][55.250s][info][gc,reloc    ] GC(29) Y: Large Pages:                    3            0            0          18M          18M           0M 
[2026-04-03T06:52:18.759+0600][55.250s][info][gc,reloc    ] GC(29) Y: Forwarding Usage: 0M
[2026-04-03T06:52:18.759+0600][55.250s][info][gc,reloc    ] GC(29) Y: Age Table:
[2026-04-03T06:52:18.759+0600][55.250s][info][gc,reloc    ] GC(29) Y:                    Live             Garbage             Small              Medium             Large        
[2026-04-03T06:52:18.759+0600][55.250s][info][gc,reloc    ] GC(29) Y: Eden               0M (0%)          233M (6%)         117 / 2              0 / 0              0 / 0        
[2026-04-03T06:52:18.759+0600][55.250s][info][gc,reloc    ] GC(29) Y: Survivor 1         0M (0%)           89M (2%)          36 / 4              0 / 0              3 / 0        
[2026-04-03T06:52:18.759+0600][55.250s][info][gc,reloc    ] GC(29) Y: Survivor 2         0M (0%)            3M (0%)           2 / 2              0 / 0              0 / 0        
[2026-04-03T06:52:18.759+0600][55.250s][info][gc,reloc    ] GC(29) Y: Survivor 3         0M (0%)            1M (0%)           1 / 1              0 / 0              0 / 0        
[2026-04-03T06:52:18.759+0600][55.250s][info][gc,heap     ] GC(29) Y: Min Capacity: 8M(0%)
[2026-04-03T06:52:18.759+0600][55.250s][info][gc,heap     ] GC(29) Y: Max Capacity: 3922M(100%)
[2026-04-03T06:52:18.759+0600][55.250s][info][gc,heap     ] GC(29) Y: Soft Max Capacity: 3529M(90%)
[2026-04-03T06:52:18.759+0600][55.250s][info][gc,heap     ] GC(29) Y: Heap Statistics:
[2026-04-03T06:52:18.759+0600][55.250s][info][gc,heap     ] GC(29) Y:                Mark Start          Mark End        Relocate Start      Relocate End           High               Low         
[2026-04-03T06:52:18.759+0600][55.250s][info][gc,heap     ] GC(29) Y:  Capacity:     3126M (80%)        3126M (80%)        3126M (80%)        3126M (80%)        3126M (80%)        3126M (80%)    
[2026-04-03T06:52:18.759+0600][55.250s][info][gc,heap     ] GC(29) Y:      Free:     3364M (86%)        3364M (86%)        3674M (94%)        3688M (94%)        3688M (94%)        3364M (86%)    
[2026-04-03T06:52:18.759+0600][55.250s][info][gc,heap     ] GC(29) Y:      Used:      558M (14%)         558M (14%)         248M (6%)          234M (6%)          558M (14%)         234M (6%)     
[2026-04-03T06:52:18.759+0600][55.250s][info][gc,heap     ] GC(29) Y: Young Generation Statistics:
[2026-04-03T06:52:18.759+0600][55.250s][info][gc,heap     ] GC(29) Y:                Mark Start          Mark End        Relocate Start      Relocate End    
[2026-04-03T06:52:18.759+0600][55.250s][info][gc,heap     ] GC(29) Y:      Used:      330M (8%)          330M (8%)           20M (1%)            0M (0%)     
[2026-04-03T06:52:18.759+0600][55.250s][info][gc,heap     ] GC(29) Y:      Live:         -                 0M (0%)            0M (0%)            0M (0%)     
[2026-04-03T06:52:18.759+0600][55.250s][info][gc,heap     ] GC(29) Y:   Garbage:         -               329M (8%)           19M (1%)            0M (0%)     
[2026-04-03T06:52:18.759+0600][55.250s][info][gc,heap     ] GC(29) Y: Allocated:         -                 0M (0%)            0M (0%)            0M (0%)     
[2026-04-03T06:52:18.759+0600][55.250s][info][gc,heap     ] GC(29) Y: Reclaimed:         -                  -               310M (8%)          329M (8%)     
[2026-04-03T06:52:18.759+0600][55.250s][info][gc,heap     ] GC(29) Y:  Promoted:         -                  -                 0M (0%)            0M (0%)     
[2026-04-03T06:52:18.759+0600][55.250s][info][gc,heap     ] GC(29) Y: Compacted:         -                  -                  -                 0M (0%)     
[2026-04-03T06:52:18.759+0600][55.250s][info][gc,phases   ] GC(29) Y: Young Generation (Promote All) 558M(14%)->234M(6%) 0.017s
[2026-04-03T06:52:18.759+0600][55.250s][info][gc,phases   ] GC(29) Y: Young Generation (Collect Roots)
[2026-04-03T06:52:18.760+0600][55.250s][info][gc,phases   ] GC(29) Y: Pause Mark Start (Major) 0.015ms
[2026-04-03T06:52:18.767+0600][55.257s][info][gc,phases   ] GC(29) Y: Concurrent Mark 6.983ms
[2026-04-03T06:52:18.767+0600][55.257s][info][gc,phases   ] GC(29) Y: Pause Mark End 0.017ms
[2026-04-03T06:52:18.768+0600][55.258s][info][gc,phases   ] GC(29) Y: Concurrent Mark Free 0.523ms
[2026-04-03T06:52:18.768+0600][55.258s][info][gc,phases   ] GC(29) Y: Concurrent Reset Relocation Set 0.003ms
[2026-04-03T06:52:18.769+0600][55.260s][info][gc,reloc    ] GC(29) Y: Using tenuring threshold: 0 (Computed)
[2026-04-03T06:52:18.769+0600][55.260s][info][gc,phases   ] GC(29) Y: Concurrent Select Relocation Set 1.589ms
[2026-04-03T06:52:18.769+0600][55.260s][info][gc,phases   ] GC(29) Y: Pause Relocate Start 0.013ms
[2026-04-03T06:52:18.769+0600][55.260s][info][gc,phases   ] GC(29) Y: Concurrent Relocate 0.164ms
[2026-04-03T06:52:18.770+0600][55.260s][info][gc,alloc    ] GC(29) Y:                         Mark Start        Mark End      Relocate Start    Relocate End   
[2026-04-03T06:52:18.770+0600][55.260s][info][gc,alloc    ] GC(29) Y: Allocation Stalls:          0                0                0                0         
[2026-04-03T06:52:18.770+0600][55.260s][info][gc,load     ] GC(29) Y: Load: 6.85 (57%) / 8.15 (68%) / 7.41 (62%)
[2026-04-03T06:52:18.770+0600][55.260s][info][gc,mmu      ] GC(29) Y: MMU: 2ms/95.2%, 5ms/98.1%, 10ms/99.0%, 20ms/99.4%, 50ms/99.7%, 100ms/99.8%
[2026-04-03T06:52:18.770+0600][55.260s][info][gc,marking  ] GC(29) Y: Mark: 2 stripe(s), 1 proactive flush(es), 1 terminate flush(es), 0 completion(s), 0 continuation(s) 
[2026-04-03T06:52:18.770+0600][55.260s][info][gc,marking  ] GC(29) Y: Mark Stack Usage: 0M
[2026-04-03T06:52:18.770+0600][55.260s][info][gc,nmethod  ] GC(29) Y: NMethods: 6960 registered, 454 unregistered
[2026-04-03T06:52:18.770+0600][55.260s][info][gc,metaspace] GC(29) Y: Metaspace: 71M used, 72M committed, 1088M reserved
[2026-04-03T06:52:18.770+0600][55.260s][info][gc,heap     ] GC(29) Y: Min Capacity: 8M(0%)
[2026-04-03T06:52:18.770+0600][55.260s][info][gc,heap     ] GC(29) Y: Max Capacity: 3922M(100%)
[2026-04-03T06:52:18.770+0600][55.260s][info][gc,heap     ] GC(29) Y: Soft Max Capacity: 3529M(90%)
[2026-04-03T06:52:18.770+0600][55.260s][info][gc,heap     ] GC(29) Y: Heap Statistics:
[2026-04-03T06:52:18.770+0600][55.260s][info][gc,heap     ] GC(29) Y:                Mark Start          Mark End        Relocate Start      Relocate End           High               Low         
[2026-04-03T06:52:18.770+0600][55.260s][info][gc,heap     ] GC(29) Y:  Capacity:     3126M (80%)        3126M (80%)        3126M (80%)        3126M (80%)        3126M (80%)        3126M (80%)    
[2026-04-03T06:52:18.770+0600][55.260s][info][gc,heap     ] GC(29) Y:      Free:     3688M (94%)        3686M (94%)        3686M (94%)        3686M (94%)        3688M (94%)        3686M (94%)    
[2026-04-03T06:52:18.770+0600][55.260s][info][gc,heap     ] GC(29) Y:      Used:      234M (6%)          236M (6%)          236M (6%)          236M (6%)          236M (6%)          234M (6%)     
[2026-04-03T06:52:18.770+0600][55.260s][info][gc,heap     ] GC(29) Y: Young Generation Statistics:
[2026-04-03T06:52:18.770+0600][55.260s][info][gc,heap     ] GC(29) Y:                Mark Start          Mark End        Relocate Start      Relocate End    
[2026-04-03T06:52:18.770+0600][55.260s][info][gc,heap     ] GC(29) Y:      Used:        0M (0%)            2M (0%)            2M (0%)            2M (0%)     
[2026-04-03T06:52:18.770+0600][55.260s][info][gc,heap     ] GC(29) Y:      Live:         -                 0M (0%)            0M (0%)            0M (0%)     
[2026-04-03T06:52:18.770+0600][55.260s][info][gc,heap     ] GC(29) Y:   Garbage:         -                 0M (0%)            0M (0%)            0M (0%)     
[2026-04-03T06:52:18.770+0600][55.260s][info][gc,heap     ] GC(29) Y: Allocated:         -                 2M (0%)            2M (0%)            2M (0%)     
[2026-04-03T06:52:18.770+0600][55.260s][info][gc,heap     ] GC(29) Y: Reclaimed:         -                  -                 0M (0%)            0M (0%)     
[2026-04-03T06:52:18.770+0600][55.260s][info][gc,heap     ] GC(29) Y:  Promoted:         -                  -                 0M (0%)            0M (0%)     
[2026-04-03T06:52:18.770+0600][55.260s][info][gc,heap     ] GC(29) Y: Compacted:         -                  -                  -                 0M (0%)     
[2026-04-03T06:52:18.770+0600][55.260s][info][gc,phases   ] GC(29) Y: Young Generation (Collect Roots) 234M(6%)->236M(6%) 0.010s
[2026-04-03T06:52:18.770+0600][55.260s][info][gc,phases   ] GC(29) O: Old Generation
[2026-04-03T06:52:19.037+0600][55.528s][info][gc,phases   ] GC(29) O: Concurrent Mark 267.600ms
[2026-04-03T06:52:19.038+0600][55.528s][info][gc,phases   ] GC(29) O: Pause Mark End 0.029ms
[2026-04-03T06:52:19.038+0600][55.528s][info][gc,phases   ] GC(29) O: Concurrent Mark Free 0.001ms
[2026-04-03T06:52:19.047+0600][55.538s][info][gc,phases   ] GC(29) O: Concurrent Process Non-Strong 9.457ms
[2026-04-03T06:52:19.047+0600][55.538s][info][gc,phases   ] GC(29) O: Concurrent Reset Relocation Set 0.010ms
[2026-04-03T06:52:19.051+0600][55.542s][info][gc,phases   ] GC(29) O: Concurrent Select Relocation Set 4.103ms
[2026-04-03T06:52:19.052+0600][55.542s][info][gc,task     ] GC(29) O: Using 3 Workers for Old Generation
[2026-04-03T06:52:19.072+0600][55.563s][info][gc,task     ] GC(29) O: Using 3 Workers for Old Generation
[2026-04-03T06:52:19.072+0600][55.563s][info][gc,phases   ] GC(29) O: Concurrent Remap Roots 20.896ms
[2026-04-03T06:52:19.073+0600][55.563s][info][gc,phases   ] GC(29) O: Pause Relocate Start 0.025ms
[2026-04-03T06:52:19.076+0600][55.566s][info][gc,phases   ] GC(29) O: Concurrent Relocate 2.784ms
[2026-04-03T06:52:19.076+0600][55.566s][info][gc,alloc    ] GC(29) O:                         Mark Start        Mark End      Relocate Start    Relocate End   
[2026-04-03T06:52:19.076+0600][55.566s][info][gc,alloc    ] GC(29) O: Allocation Stalls:          0                0                0                0         
[2026-04-03T06:52:19.076+0600][55.566s][info][gc,load     ] GC(29) O: Load: 6.85 (57%) / 8.15 (68%) / 7.41 (62%)
[2026-04-03T06:52:19.076+0600][55.566s][info][gc,mmu      ] GC(29) O: MMU: 2ms/95.2%, 5ms/98.1%, 10ms/99.0%, 20ms/99.4%, 50ms/99.7%, 100ms/99.8%
[2026-04-03T06:52:19.076+0600][55.566s][info][gc,marking  ] GC(29) O: Mark: 2 stripe(s), 8 proactive flush(es), 1 terminate flush(es), 0 completion(s), 0 continuation(s) 
[2026-04-03T06:52:19.076+0600][55.566s][info][gc,marking  ] GC(29) O: Mark Stack Usage: 32M
[2026-04-03T06:52:19.076+0600][55.566s][info][gc,nmethod  ] GC(29) O: NMethods: 6935 registered, 519 unregistered
[2026-04-03T06:52:19.076+0600][55.566s][info][gc,metaspace] GC(29) O: Metaspace: 71M used, 72M committed, 1088M reserved
[2026-04-03T06:52:19.076+0600][55.566s][info][gc,ref      ] GC(29) O:                       Encountered   Discovered     Enqueued 
[2026-04-03T06:52:19.076+0600][55.566s][info][gc,ref      ] GC(29) O: Soft References:             5076            0            0 
[2026-04-03T06:52:19.076+0600][55.566s][info][gc,ref      ] GC(29) O: Weak References:             7048         5309          598 
[2026-04-03T06:52:19.076+0600][55.566s][info][gc,ref      ] GC(29) O: Final References:              84           82            0 
[2026-04-03T06:52:19.076+0600][55.566s][info][gc,ref      ] GC(29) O: Phantom References:           599          419            0 
[2026-04-03T06:52:19.076+0600][55.566s][info][gc,reloc    ] GC(29) O:                        Candidates     Selected     In-Place         Size        Empty    Relocated 
[2026-04-03T06:52:19.076+0600][55.566s][info][gc,reloc    ] GC(29) O: Small Pages:                  101           17            0         202M           2M           0M 
[2026-04-03T06:52:19.076+0600][55.566s][info][gc,reloc    ] GC(29) O: Medium Pages:                   1            0            0          32M           0M           0M 
[2026-04-03T06:52:19.076+0600][55.566s][info][gc,reloc    ] GC(29) O: Large Pages:                    0            0            0           0M           0M           0M 
[2026-04-03T06:52:19.076+0600][55.566s][info][gc,reloc    ] GC(29) O: Forwarding Usage: 0M
[2026-04-03T06:52:19.076+0600][55.566s][info][gc,heap     ] GC(29) O: Min Capacity: 8M(0%)
[2026-04-03T06:52:19.076+0600][55.566s][info][gc,heap     ] GC(29) O: Max Capacity: 3922M(100%)
[2026-04-03T06:52:19.076+0600][55.566s][info][gc,heap     ] GC(29) O: Soft Max Capacity: 3529M(90%)
[2026-04-03T06:52:19.076+0600][55.566s][info][gc,heap     ] GC(29) O: Heap Statistics:
[2026-04-03T06:52:19.076+0600][55.566s][info][gc,heap     ] GC(29) O:                Mark Start          Mark End        Relocate Start      Relocate End           High               Low         
[2026-04-03T06:52:19.076+0600][55.566s][info][gc,heap     ] GC(29) O:  Capacity:     3126M (80%)        3126M (80%)        3126M (80%)        3126M (80%)        3126M (80%)        3126M (80%)    
[2026-04-03T06:52:19.076+0600][55.566s][info][gc,heap     ] GC(29) O:      Free:     3688M (94%)        3686M (94%)        3666M (93%)        3692M (94%)        3692M (94%)        3656M (93%)    
[2026-04-03T06:52:19.076+0600][55.566s][info][gc,heap     ] GC(29) O:      Used:      234M (6%)          236M (6%)          256M (7%)          230M (6%)          266M (7%)          230M (6%)     
[2026-04-03T06:52:19.076+0600][55.567s][info][gc,heap     ] GC(29) O: Old Generation Statistics:
[2026-04-03T06:52:19.076+0600][55.567s][info][gc,heap     ] GC(29) O:                Mark Start          Mark End        Relocate Start      Relocate End    
[2026-04-03T06:52:19.076+0600][55.567s][info][gc,heap     ] GC(29) O:      Used:      234M (6%)          234M (6%)          232M (6%)          206M (5%)     
[2026-04-03T06:52:19.076+0600][55.567s][info][gc,heap     ] GC(29) O:      Live:         -               171M (4%)          171M (4%)          171M (4%)     
[2026-04-03T06:52:19.076+0600][55.567s][info][gc,heap     ] GC(29) O:   Garbage:         -                62M (2%)           60M (2%)           25M (1%)     
[2026-04-03T06:52:19.076+0600][55.567s][info][gc,heap     ] GC(29) O: Allocated:         -                 0M (0%)            0M (0%)            9M (0%)     
[2026-04-03T06:52:19.076+0600][55.567s][info][gc,heap     ] GC(29) O: Reclaimed:         -                  -                 2M (0%)           37M (1%)     
[2026-04-03T06:52:19.076+0600][55.567s][info][gc,heap     ] GC(29) O: Compacted:         -                  -                  -                 0M (0%)     
[2026-04-03T06:52:19.076+0600][55.567s][info][gc,phases   ] GC(29) O: Old Generation 236M(6%)->230M(6%) 0.306s
[2026-04-03T06:52:19.076+0600][55.567s][info][gc          ] GC(29) Major Collection (System.gc()) 558M(14%)->230M(6%) 0.334s
[2026-04-03T06:52:19.930+0600][56.420s][info][gc          ] GC(30) Minor Collection (Allocation Rate)
[2026-04-03T06:52:19.930+0600][56.420s][info][gc,task     ] GC(30) Using 2 Workers for Young Generation
[2026-04-03T06:52:19.930+0600][56.420s][info][gc,phases   ] GC(30) y: Young Generation
[2026-04-03T06:52:19.930+0600][56.421s][info][gc,phases   ] GC(30) y: Pause Mark Start 0.072ms
[2026-04-03T06:52:20.494+0600][56.985s][info][gc,phases   ] GC(30) y: Concurrent Mark 564.082ms
[2026-04-03T06:52:20.495+0600][56.985s][info][gc,phases   ] GC(30) y: Pause Mark End 0.061ms
[2026-04-03T06:52:20.495+0600][56.985s][info][gc,phases   ] GC(30) y: Concurrent Mark Free 0.002ms
[2026-04-03T06:52:20.495+0600][56.986s][info][gc,phases   ] GC(30) y: Concurrent Reset Relocation Set 0.001ms
[2026-04-03T06:52:20.502+0600][56.993s][info][gc,reloc    ] GC(30) y: Using tenuring threshold: 1 (Computed)
[2026-04-03T06:52:20.579+0600][57.070s][info][gc,phases   ] GC(30) y: Concurrent Select Relocation Set 84.367ms
[2026-04-03T06:52:20.580+0600][57.070s][info][gc,phases   ] GC(30) y: Pause Relocate Start 0.036ms
[2026-04-03T06:52:20.866+0600][57.357s][info][gc,phases   ] GC(30) y: Concurrent Relocate 286.174ms
[2026-04-03T06:52:20.866+0600][57.357s][info][gc,alloc    ] GC(30) y:                         Mark Start        Mark End      Relocate Start    Relocate End   
[2026-04-03T06:52:20.866+0600][57.357s][info][gc,alloc    ] GC(30) y: Allocation Stalls:          0                0                0                0         
[2026-04-03T06:52:20.866+0600][57.357s][info][gc,load     ] GC(30) y: Load: 6.85 (57%) / 8.15 (68%) / 7.41 (62%)
[2026-04-03T06:52:20.866+0600][57.357s][info][gc,mmu      ] GC(30) y: MMU: 2ms/95.2%, 5ms/98.1%, 10ms/99.0%, 20ms/99.4%, 50ms/99.7%, 100ms/99.8%
[2026-04-03T06:52:20.866+0600][57.357s][info][gc,marking  ] GC(30) y: Mark: 2 stripe(s), 2 proactive flush(es), 1 terminate flush(es), 0 completion(s), 0 continuation(s) 
[2026-04-03T06:52:20.866+0600][57.357s][info][gc,marking  ] GC(30) y: Mark Stack Usage: 32M
[2026-04-03T06:52:20.866+0600][57.357s][info][gc,nmethod  ] GC(30) y: NMethods: 7012 registered, 519 unregistered
[2026-04-03T06:52:20.866+0600][57.357s][info][gc,metaspace] GC(30) y: Metaspace: 71M used, 72M committed, 1088M reserved
[2026-04-03T06:52:20.866+0600][57.357s][info][gc,reloc    ] GC(30) y:                        Candidates     Selected     In-Place         Size        Empty    Relocated 
[2026-04-03T06:52:20.866+0600][57.357s][info][gc,reloc    ] GC(30) y: Small Pages:                  433          352            0         866M           0M          78M 
[2026-04-03T06:52:20.867+0600][57.357s][info][gc,reloc    ] GC(30) y: Medium Pages:                   1            0            0          32M          32M           0M 
[2026-04-03T06:52:20.867+0600][57.357s][info][gc,reloc    ] GC(30) y: Large Pages:                   12            0            0          92M          24M           0M 
[2026-04-03T06:52:20.867+0600][57.357s][info][gc,reloc    ] GC(30) y: Forwarding Usage: 89M
[2026-04-03T06:52:20.867+0600][57.357s][info][gc,reloc    ] GC(30) y: Age Table:
[2026-04-03T06:52:20.867+0600][57.357s][info][gc,reloc    ] GC(30) y:                    Live             Garbage             Small              Medium             Large        
[2026-04-03T06:52:20.867+0600][57.357s][info][gc,reloc    ] GC(30) y: Eden             204M (5%)          785M (20%)        433 / 352            1 / 0             12 / 0        
[2026-04-03T06:52:20.867+0600][57.357s][info][gc,heap     ] GC(30) y: Min Capacity: 8M(0%)
[2026-04-03T06:52:20.867+0600][57.357s][info][gc,heap     ] GC(30) y: Max Capacity: 3922M(100%)
[2026-04-03T06:52:20.867+0600][57.357s][info][gc,heap     ] GC(30) y: Soft Max Capacity: 3529M(90%)
[2026-04-03T06:52:20.867+0600][57.357s][info][gc,heap     ] GC(30) y: Heap Statistics:
[2026-04-03T06:52:20.867+0600][57.357s][info][gc,heap     ] GC(30) y:                Mark Start          Mark End        Relocate Start      Relocate End           High               Low         
[2026-04-03T06:52:20.867+0600][57.357s][info][gc,heap     ] GC(30) y:  Capacity:     3126M (80%)        3126M (80%)        3126M (80%)        3126M (80%)        3126M (80%)        3126M (80%)    
[2026-04-03T06:52:20.867+0600][57.357s][info][gc,heap     ] GC(30) y:      Free:     2726M (70%)        2222M (57%)        2206M (56%)        2790M (71%)        2792M (71%)        2200M (56%)    
[2026-04-03T06:52:20.867+0600][57.357s][info][gc,heap     ] GC(30) y:      Used:     1196M (30%)        1700M (43%)        1716M (44%)        1132M (29%)        1722M (44%)        1130M (29%)    
[2026-04-03T06:52:20.867+0600][57.357s][info][gc,heap     ] GC(30) y: Young Generation Statistics:
[2026-04-03T06:52:20.867+0600][57.357s][info][gc,heap     ] GC(30) y:                Mark Start          Mark End        Relocate Start      Relocate End    
[2026-04-03T06:52:20.867+0600][57.357s][info][gc,heap     ] GC(30) y:      Used:      990M (25%)        1494M (38%)        1510M (39%)         926M (24%)    
[2026-04-03T06:52:20.867+0600][57.357s][info][gc,heap     ] GC(30) y:      Live:         -               204M (5%)          204M (5%)          204M (5%)     
[2026-04-03T06:52:20.867+0600][57.357s][info][gc,heap     ] GC(30) y:   Garbage:         -               785M (20%)         729M (19%)           2M (0%)     
[2026-04-03T06:52:20.867+0600][57.357s][info][gc,heap     ] GC(30) y: Allocated:         -               504M (13%)         576M (15%)         719M (18%)    
[2026-04-03T06:52:20.867+0600][57.357s][info][gc,heap     ] GC(30) y: Reclaimed:         -                  -                56M (1%)          783M (20%)    
[2026-04-03T06:52:20.867+0600][57.357s][info][gc,heap     ] GC(30) y:  Promoted:         -                  -                 0M (0%)            0M (0%)     
[2026-04-03T06:52:20.867+0600][57.357s][info][gc,heap     ] GC(30) y: Compacted:         -                  -                  -               132M (3%)     
[2026-04-03T06:52:20.867+0600][57.357s][info][gc,phases   ] GC(30) y: Young Generation 1196M(30%)->1132M(29%) 0.937s
[2026-04-03T06:52:20.867+0600][57.357s][info][gc          ] GC(30) Minor Collection (Allocation Rate) 1196M(30%)->1132M(29%) 0.937s
[2026-04-03T06:52:20.867+0600][57.358s][info][gc          ] GC(31) Minor Collection (Allocation Rate)
[2026-04-03T06:52:20.867+0600][57.358s][info][gc,task     ] GC(31) Using 3 Workers for Young Generation
[2026-04-03T06:52:20.867+0600][57.358s][info][gc,phases   ] GC(31) y: Young Generation
[2026-04-03T06:52:20.867+0600][57.358s][info][gc,phases   ] GC(31) y: Pause Mark Start 0.044ms
[2026-04-03T06:52:21.629+0600][58.119s][info][gc,phases   ] GC(31) y: Concurrent Mark 760.981ms
[2026-04-03T06:52:21.629+0600][58.120s][info][gc,phases   ] GC(31) y: Pause Mark End 0.035ms
[2026-04-03T06:52:21.629+0600][58.120s][info][gc,phases   ] GC(31) y: Concurrent Mark Free 0.003ms
[2026-04-03T06:52:21.629+0600][58.120s][info][gc,phases   ] GC(31) y: Concurrent Reset Relocation Set 0.071ms
[2026-04-03T06:52:21.632+0600][58.123s][info][gc,reloc    ] GC(31) y: Using tenuring threshold: 1 (Computed)
[2026-04-03T06:52:21.752+0600][58.243s][info][gc,phases   ] GC(31) y: Concurrent Select Relocation Set 122.541ms
[2026-04-03T06:52:21.752+0600][58.243s][info][gc,phases   ] GC(31) y: Pause Relocate Start 0.040ms
[2026-04-03T06:52:22.141+0600][58.632s][info][gc,phases   ] GC(31) y: Concurrent Relocate 388.237ms
[2026-04-03T06:52:22.141+0600][58.632s][info][gc,alloc    ] GC(31) y:                         Mark Start        Mark End      Relocate Start    Relocate End   
[2026-04-03T06:52:22.141+0600][58.632s][info][gc,alloc    ] GC(31) y: Allocation Stalls:          0                0                0                0         
[2026-04-03T06:52:22.141+0600][58.632s][info][gc,load     ] GC(31) y: Load: 7.10 (59%) / 8.18 (68%) / 7.43 (62%)
[2026-04-03T06:52:22.141+0600][58.632s][info][gc,mmu      ] GC(31) y: MMU: 2ms/95.2%, 5ms/98.1%, 10ms/99.0%, 20ms/99.4%, 50ms/99.7%, 100ms/99.8%
[2026-04-03T06:52:22.141+0600][58.632s][info][gc,marking  ] GC(31) y: Mark: 2 stripe(s), 10 proactive flush(es), 1 terminate flush(es), 0 completion(s), 0 continuation(s) 
[2026-04-03T06:52:22.141+0600][58.632s][info][gc,marking  ] GC(31) y: Mark Stack Usage: 32M
[2026-04-03T06:52:22.141+0600][58.632s][info][gc,nmethod  ] GC(31) y: NMethods: 7013 registered, 519 unregistered
[2026-04-03T06:52:22.141+0600][58.632s][info][gc,metaspace] GC(31) y: Metaspace: 71M used, 72M committed, 1088M reserved
[2026-04-03T06:52:22.141+0600][58.632s][info][gc,reloc    ] GC(31) y:                        Candidates     Selected     In-Place         Size        Empty    Relocated 
[2026-04-03T06:52:22.141+0600][58.632s][info][gc,reloc    ] GC(31) y: Small Pages:                  424          333            0         848M           0M          37M 
[2026-04-03T06:52:22.141+0600][58.632s][info][gc,reloc    ] GC(31) y: Medium Pages:                   0            0            0           0M           0M           0M 
[2026-04-03T06:52:22.141+0600][58.632s][info][gc,reloc    ] GC(31) y: Large Pages:                    9            0            0          78M          18M           0M 
[2026-04-03T06:52:22.141+0600][58.632s][info][gc,reloc    ] GC(31) y: Forwarding Usage: 43M
[2026-04-03T06:52:22.141+0600][58.632s][info][gc,reloc    ] GC(31) y: Age Table:
[2026-04-03T06:52:22.141+0600][58.632s][info][gc,reloc    ] GC(31) y:                    Live             Garbage             Small              Medium             Large        
[2026-04-03T06:52:22.141+0600][58.632s][info][gc,reloc    ] GC(31) y: Eden              48M (1%)          667M (17%)        353 / 331            0 / 0              1 / 0        
[2026-04-03T06:52:22.141+0600][58.632s][info][gc,reloc    ] GC(31) y: Survivor 1       179M (5%)           30M (1%)          71 / 2              0 / 0              8 / 0        
[2026-04-03T06:52:22.141+0600][58.632s][info][gc,heap     ] GC(31) y: Min Capacity: 8M(0%)
[2026-04-03T06:52:22.141+0600][58.632s][info][gc,heap     ] GC(31) y: Max Capacity: 3922M(100%)
[2026-04-03T06:52:22.141+0600][58.632s][info][gc,heap     ] GC(31) y: Soft Max Capacity: 3529M(90%)
[2026-04-03T06:52:22.141+0600][58.632s][info][gc,heap     ] GC(31) y: Heap Statistics:
[2026-04-03T06:52:22.141+0600][58.632s][info][gc,heap     ] GC(31) y:                Mark Start          Mark End        Relocate Start      Relocate End           High               Low         
[2026-04-03T06:52:22.141+0600][58.632s][info][gc,heap     ] GC(31) y:  Capacity:     3126M (80%)        3126M (80%)        3126M (80%)        3126M (80%)        3126M (80%)        3126M (80%)    
[2026-04-03T06:52:22.141+0600][58.632s][info][gc,heap     ] GC(31) y:      Free:     2790M (71%)        2316M (59%)        2252M (57%)        2844M (73%)        2894M (74%)        2242M (57%)    
[2026-04-03T06:52:22.141+0600][58.632s][info][gc,heap     ] GC(31) y:      Used:     1132M (29%)        1606M (41%)        1670M (43%)        1078M (27%)        1680M (43%)        1028M (26%)    
[2026-04-03T06:52:22.141+0600][58.632s][info][gc,heap     ] GC(31) y: Young Generation Statistics:
[2026-04-03T06:52:22.141+0600][58.632s][info][gc,heap     ] GC(31) y:                Mark Start          Mark End        Relocate Start      Relocate End    
[2026-04-03T06:52:22.141+0600][58.632s][info][gc,heap     ] GC(31) y:      Used:      926M (24%)        1400M (36%)        1282M (33%)         678M (17%)    
[2026-04-03T06:52:22.142+0600][58.632s][info][gc,heap     ] GC(31) y:      Live:         -               227M (6%)           53M (1%)           48M (1%)     
[2026-04-03T06:52:22.142+0600][58.632s][info][gc,heap     ] GC(31) y:   Garbage:         -               698M (18%)         672M (17%)           0M (0%)     
[2026-04-03T06:52:22.142+0600][58.632s][info][gc,heap     ] GC(31) y: Allocated:         -               474M (12%)         556M (14%)         629M (16%)    
[2026-04-03T06:52:22.142+0600][58.632s][info][gc,heap     ] GC(31) y: Reclaimed:         -                  -                25M (1%)          698M (18%)    
[2026-04-03T06:52:22.142+0600][58.632s][info][gc,heap     ] GC(31) y:  Promoted:         -                  -               174M (4%)          179M (5%)     
[2026-04-03T06:52:22.142+0600][58.632s][info][gc,heap     ] GC(31) y: Compacted:         -                  -                  -                38M (1%)     
[2026-04-03T06:52:22.142+0600][58.632s][info][gc,phases   ] GC(31) y: Young Generation 1132M(29%)->1078M(27%) 1.274s
[2026-04-03T06:52:22.142+0600][58.632s][info][gc          ] GC(31) Minor Collection (Allocation Rate) 1132M(29%)->1078M(27%) 1.275s
[2026-04-03T06:52:22.142+0600][58.632s][info][gc          ] GC(32) Major Collection (Allocation Rate)
[2026-04-03T06:52:22.142+0600][58.632s][info][gc,task     ] GC(32) Using 3 Workers for Young Generation
[2026-04-03T06:52:22.142+0600][58.632s][info][gc,task     ] GC(32) Using 1 Workers for Old Generation
[2026-04-03T06:52:22.142+0600][58.632s][info][gc,phases   ] GC(32) Y: Young Generation
[2026-04-03T06:52:22.142+0600][58.633s][info][gc,phases   ] GC(32) Y: Pause Mark Start (Major) 0.034ms
[2026-04-03T06:52:22.679+0600][59.170s][info][gc,phases   ] GC(32) Y: Concurrent Mark 536.585ms
[2026-04-03T06:52:22.680+0600][59.170s][info][gc,phases   ] GC(32) Y: Pause Mark End 0.035ms
[2026-04-03T06:52:22.680+0600][59.170s][info][gc,phases   ] GC(32) Y: Concurrent Mark Free 0.003ms
[2026-04-03T06:52:22.680+0600][59.171s][info][gc,phases   ] GC(32) Y: Concurrent Reset Relocation Set 0.323ms
[2026-04-03T06:52:22.687+0600][59.178s][info][gc,reloc    ] GC(32) Y: Using tenuring threshold: 2 (Computed)
[2026-04-03T06:52:22.695+0600][59.185s][info][gc,phases   ] GC(32) Y: Concurrent Select Relocation Set 14.297ms
[2026-04-03T06:52:22.695+0600][59.186s][info][gc,phases   ] GC(32) Y: Pause Relocate Start 0.066ms
[2026-04-03T06:52:22.771+0600][59.262s][info][gc,phases   ] GC(32) Y: Concurrent Relocate 76.134ms
[2026-04-03T06:52:22.772+0600][59.262s][info][gc,alloc    ] GC(32) Y:                         Mark Start        Mark End      Relocate Start    Relocate End   
[2026-04-03T06:52:22.772+0600][59.262s][info][gc,alloc    ] GC(32) Y: Allocation Stalls:          0                0                0                0         
[2026-04-03T06:52:22.772+0600][59.262s][info][gc,load     ] GC(32) Y: Load: 7.10 (59%) / 8.18 (68%) / 7.43 (62%)
[2026-04-03T06:52:22.772+0600][59.262s][info][gc,mmu      ] GC(32) Y: MMU: 2ms/95.2%, 5ms/98.1%, 10ms/99.0%, 20ms/99.4%, 50ms/99.7%, 100ms/99.8%
[2026-04-03T06:52:22.772+0600][59.262s][info][gc,marking  ] GC(32) Y: Mark: 2 stripe(s), 6 proactive flush(es), 1 terminate flush(es), 0 completion(s), 0 continuation(s) 
[2026-04-03T06:52:22.772+0600][59.262s][info][gc,marking  ] GC(32) Y: Mark Stack Usage: 32M
[2026-04-03T06:52:22.772+0600][59.262s][info][gc,nmethod  ] GC(32) Y: NMethods: 7013 registered, 519 unregistered
[2026-04-03T06:52:22.772+0600][59.262s][info][gc,metaspace] GC(32) Y: Metaspace: 71M used, 72M committed, 1088M reserved
[2026-04-03T06:52:22.772+0600][59.263s][info][gc,reloc    ] GC(32) Y:                        Candidates     Selected     In-Place         Size        Empty    Relocated 
[2026-04-03T06:52:22.772+0600][59.263s][info][gc,reloc    ] GC(32) Y: Small Pages:                  291          256            0         582M           0M          27M 
[2026-04-03T06:52:22.772+0600][59.263s][info][gc,reloc    ] GC(32) Y: Medium Pages:                   1            0            0          32M           0M           0M 
[2026-04-03T06:52:22.772+0600][59.263s][info][gc,reloc    ] GC(32) Y: Large Pages:                    4            0            0          64M          10M           0M 
[2026-04-03T06:52:22.772+0600][59.263s][info][gc,reloc    ] GC(32) Y: Forwarding Usage: 28M
[2026-04-03T06:52:22.772+0600][59.263s][info][gc,reloc    ] GC(32) Y: Age Table:
[2026-04-03T06:52:22.772+0600][59.263s][info][gc,reloc    ] GC(32) Y:                    Live             Garbage             Small              Medium             Large        
[2026-04-03T06:52:22.772+0600][59.263s][info][gc,reloc    ] GC(32) Y: Eden              84M (2%)          537M (14%)        268 / 252            1 / 0              3 / 0        
[2026-04-03T06:52:22.772+0600][59.263s][info][gc,reloc    ] GC(32) Y: Survivor 1        32M (1%)           23M (1%)          23 / 4              0 / 0              1 / 0        
[2026-04-03T06:52:22.772+0600][59.263s][info][gc,heap     ] GC(32) Y: Min Capacity: 8M(0%)
[2026-04-03T06:52:22.772+0600][59.263s][info][gc,heap     ] GC(32) Y: Max Capacity: 3922M(100%)
[2026-04-03T06:52:22.772+0600][59.263s][info][gc,heap     ] GC(32) Y: Soft Max Capacity: 3529M(90%)
[2026-04-03T06:52:22.772+0600][59.263s][info][gc,heap     ] GC(32) Y: Heap Statistics:
[2026-04-03T06:52:22.772+0600][59.263s][info][gc,heap     ] GC(32) Y:                Mark Start          Mark End        Relocate Start      Relocate End           High               Low         
[2026-04-03T06:52:22.772+0600][59.263s][info][gc,heap     ] GC(32) Y:  Capacity:     3126M (80%)        3126M (80%)        3126M (80%)        3126M (80%)        3126M (80%)        3126M (80%)    
[2026-04-03T06:52:22.772+0600][59.263s][info][gc,heap     ] GC(32) Y:      Free:     2844M (73%)        2806M (72%)        2816M (72%)        3316M (85%)        3316M (85%)        2800M (71%)    
[2026-04-03T06:52:22.772+0600][59.263s][info][gc,heap     ] GC(32) Y:      Used:     1078M (27%)        1116M (28%)        1106M (28%)         606M (15%)        1122M (29%)         606M (15%)    
[2026-04-03T06:52:22.772+0600][59.263s][info][gc,heap     ] GC(32) Y: Young Generation Statistics:
[2026-04-03T06:52:22.772+0600][59.263s][info][gc,heap     ] GC(32) Y:                Mark Start          Mark End        Relocate Start      Relocate End    
[2026-04-03T06:52:22.772+0600][59.263s][info][gc,heap     ] GC(32) Y:      Used:      678M (17%)         716M (18%)         706M (18%)         206M (5%)     
[2026-04-03T06:52:22.772+0600][59.263s][info][gc,heap     ] GC(32) Y:      Live:         -               116M (3%)          116M (3%)          116M (3%)     
[2026-04-03T06:52:22.772+0600][59.263s][info][gc,heap     ] GC(32) Y:   Garbage:         -               561M (14%)         551M (14%)          34M (1%)     
[2026-04-03T06:52:22.772+0600][59.263s][info][gc,heap     ] GC(32) Y: Allocated:         -                38M (1%)           38M (1%)           54M (1%)     
[2026-04-03T06:52:22.772+0600][59.263s][info][gc,heap     ] GC(32) Y: Reclaimed:         -                  -                10M (0%)          526M (13%)    
[2026-04-03T06:52:22.772+0600][59.263s][info][gc,heap     ] GC(32) Y:  Promoted:         -                  -                 0M (0%)            0M (0%)     
[2026-04-03T06:52:22.772+0600][59.263s][info][gc,heap     ] GC(32) Y: Compacted:         -                  -                  -                29M (1%)     
[2026-04-03T06:52:22.772+0600][59.263s][info][gc,phases   ] GC(32) Y: Young Generation 1078M(27%)->606M(15%) 0.630s
[2026-04-03T06:52:22.772+0600][59.263s][info][gc,phases   ] GC(32) O: Old Generation
[2026-04-03T06:52:22.781+0600][59.271s][info][gc          ] GC(33) Minor Collection (Allocation Rate)
[2026-04-03T06:52:22.781+0600][59.272s][info][gc,task     ] GC(33) Using 2 Workers for Young Generation
[2026-04-03T06:52:22.781+0600][59.272s][info][gc,phases   ] GC(33) y: Young Generation
[2026-04-03T06:52:22.781+0600][59.272s][info][gc,phases   ] GC(33) y: Pause Mark Start 0.036ms
[2026-04-03T06:52:23.441+0600][59.932s][info][gc,phases   ] GC(33) y: Concurrent Mark 659.626ms
[2026-04-03T06:52:23.442+0600][59.932s][info][gc,phases   ] GC(33) y: Pause Mark End 0.063ms
[2026-04-03T06:52:23.442+0600][59.932s][info][gc,phases   ] GC(33) y: Concurrent Mark Free 0.004ms
[2026-04-03T06:52:23.442+0600][59.932s][info][gc,phases   ] GC(33) y: Concurrent Reset Relocation Set 0.059ms
[2026-04-03T06:52:23.448+0600][59.939s][info][gc,reloc    ] GC(33) y: Using tenuring threshold: 1 (Computed)
[2026-04-03T06:52:23.555+0600][60.045s][info][gc,phases   ] GC(33) y: Concurrent Select Relocation Set 112.761ms
[2026-04-03T06:52:23.555+0600][60.046s][info][gc,phases   ] GC(33) y: Pause Relocate Start 0.158ms
[2026-04-03T06:52:23.770+0600][60.260s][info][gc,phases   ] GC(33) y: Concurrent Relocate 214.443ms
[2026-04-03T06:52:23.770+0600][60.261s][info][gc,alloc    ] GC(33) y:                         Mark Start        Mark End      Relocate Start    Relocate End   
[2026-04-03T06:52:23.770+0600][60.261s][info][gc,alloc    ] GC(33) y: Allocation Stalls:          0                0                0                0         
[2026-04-03T06:52:23.770+0600][60.261s][info][gc,load     ] GC(33) y: Load: 7.10 (59%) / 8.18 (68%) / 7.43 (62%)
[2026-04-03T06:52:23.770+0600][60.261s][info][gc,mmu      ] GC(33) y: MMU: 2ms/92.1%, 5ms/96.8%, 10ms/98.4%, 20ms/99.2%, 50ms/99.7%, 100ms/99.8%
[2026-04-03T06:52:23.770+0600][60.261s][info][gc,marking  ] GC(33) y: Mark: 2 stripe(s), 2 proactive flush(es), 1 terminate flush(es), 0 completion(s), 0 continuation(s) 
[2026-04-03T06:52:23.770+0600][60.261s][info][gc,marking  ] GC(33) y: Mark Stack Usage: 32M
[2026-04-03T06:52:23.770+0600][60.261s][info][gc,nmethod  ] GC(33) y: NMethods: 7091 registered, 519 unregistered
[2026-04-03T06:52:23.770+0600][60.261s][info][gc,metaspace] GC(33) y: Metaspace: 71M used, 72M committed, 1088M reserved
[2026-04-03T06:52:23.770+0600][60.261s][info][gc,reloc    ] GC(33) y:                        Candidates     Selected     In-Place         Size        Empty    Relocated 
[2026-04-03T06:52:23.770+0600][60.261s][info][gc,reloc    ] GC(33) y: Small Pages:                   44           10            0          88M           0M           2M 
[2026-04-03T06:52:23.770+0600][60.261s][info][gc,reloc    ] GC(33) y: Medium Pages:                   2            0            0          64M          32M           0M 
[2026-04-03T06:52:23.770+0600][60.261s][info][gc,reloc    ] GC(33) y: Large Pages:                    3            0            0          54M           0M           0M 
[2026-04-03T06:52:23.770+0600][60.261s][info][gc,reloc    ] GC(33) y: Forwarding Usage: 2M
[2026-04-03T06:52:23.770+0600][60.261s][info][gc,reloc    ] GC(33) y: Age Table:
[2026-04-03T06:52:23.770+0600][60.261s][info][gc,reloc    ] GC(33) y:                    Live             Garbage             Small              Medium             Large        
[2026-04-03T06:52:23.770+0600][60.261s][info][gc,reloc    ] GC(33) y: Eden               7M (0%)           30M (1%)           3 / 2              1 / 0              0 / 0        
[2026-04-03T06:52:23.770+0600][60.261s][info][gc,reloc    ] GC(33) y: Survivor 1        81M (2%)           38M (1%)          17 / 3              1 / 0              3 / 0        
[2026-04-03T06:52:23.770+0600][60.261s][info][gc,reloc    ] GC(33) y: Survivor 2        32M (1%)           15M (0%)          24 / 5              0 / 0              0 / 0        
[2026-04-03T06:52:23.770+0600][60.261s][info][gc,heap     ] GC(33) y: Min Capacity: 8M(0%)
[2026-04-03T06:52:23.770+0600][60.261s][info][gc,heap     ] GC(33) y: Max Capacity: 3922M(100%)
[2026-04-03T06:52:23.770+0600][60.261s][info][gc,heap     ] GC(33) y: Soft Max Capacity: 3529M(90%)
[2026-04-03T06:52:23.770+0600][60.261s][info][gc,heap     ] GC(33) y: Heap Statistics:
[2026-04-03T06:52:23.770+0600][60.261s][info][gc,heap     ] GC(33) y:                Mark Start          Mark End        Relocate Start      Relocate End           High               Low         
[2026-04-03T06:52:23.770+0600][60.261s][info][gc,heap     ] GC(33) y:  Capacity:     3126M (80%)        3126M (80%)        3126M (80%)        3126M (80%)        3126M (80%)        3126M (80%)    
[2026-04-03T06:52:23.770+0600][60.261s][info][gc,heap     ] GC(33) y:      Free:     3316M (85%)        3240M (83%)        3260M (83%)        3192M (81%)        3316M (85%)        3192M (81%)    
[2026-04-03T06:52:23.770+0600][60.261s][info][gc,heap     ] GC(33) y:      Used:      606M (15%)         682M (17%)         662M (17%)         730M (19%)         730M (19%)         606M (15%)    
[2026-04-03T06:52:23.770+0600][60.261s][info][gc,heap     ] GC(33) y: Young Generation Statistics:
[2026-04-03T06:52:23.770+0600][60.261s][info][gc,heap     ] GC(33) y:                Mark Start          Mark End        Relocate Start      Relocate End    
[2026-04-03T06:52:23.770+0600][60.261s][info][gc,heap     ] GC(33) y:      Used:      206M (5%)          282M (7%)          144M (4%)          204M (5%)     
[2026-04-03T06:52:23.770+0600][60.261s][info][gc,heap     ] GC(33) y:      Live:         -               121M (3%)           10M (0%)            7M (0%)     
[2026-04-03T06:52:23.771+0600][60.261s][info][gc,heap     ] GC(33) y:   Garbage:         -                84M (2%)           45M (1%)           24M (1%)     
[2026-04-03T06:52:23.771+0600][60.261s][info][gc,heap     ] GC(33) y: Allocated:         -                76M (2%)           88M (2%)          171M (4%)     
[2026-04-03T06:52:23.771+0600][60.261s][info][gc,heap     ] GC(33) y: Reclaimed:         -                  -                39M (1%)           60M (2%)     
[2026-04-03T06:52:23.771+0600][60.261s][info][gc,heap     ] GC(33) y:  Promoted:         -                  -               110M (3%)          113M (3%)     
[2026-04-03T06:52:23.771+0600][60.261s][info][gc,heap     ] GC(33) y: Compacted:         -                  -                  -                 0M (0%)     
[2026-04-03T06:52:23.771+0600][60.261s][info][gc,phases   ] GC(33) y: Young Generation 606M(15%)->730M(19%) 0.989s
[2026-04-03T06:52:23.771+0600][60.261s][info][gc          ] GC(33) Minor Collection (Allocation Rate) 606M(15%)->730M(19%) 0.990s
[2026-04-03T06:52:24.109+0600][60.600s][info][gc,phases   ] GC(32) O: Concurrent Mark 1337.058ms
[2026-04-03T06:52:24.110+0600][60.600s][info][gc,phases   ] GC(32) O: Pause Mark End 0.043ms
[2026-04-03T06:52:24.110+0600][60.601s][info][gc,phases   ] GC(32) O: Concurrent Mark Free 0.004ms
[2026-04-03T06:52:24.136+0600][60.627s][info][gc,phases   ] GC(32) O: Concurrent Process Non-Strong 25.850ms
[2026-04-03T06:52:24.136+0600][60.627s][info][gc,phases   ] GC(32) O: Concurrent Reset Relocation Set 0.008ms
[2026-04-03T06:52:24.185+0600][60.676s][info][gc,phases   ] GC(32) O: Concurrent Select Relocation Set 48.791ms
[2026-04-03T06:52:24.185+0600][60.676s][info][gc,task     ] GC(32) O: Using 3 Workers for Old Generation
[2026-04-03T06:52:24.215+0600][60.705s][info][gc,task     ] GC(32) O: Using 1 Workers for Old Generation
[2026-04-03T06:52:24.215+0600][60.706s][info][gc,phases   ] GC(32) O: Concurrent Remap Roots 29.861ms
[2026-04-03T06:52:24.215+0600][60.706s][info][gc,phases   ] GC(32) O: Pause Relocate Start 0.033ms
[2026-04-03T06:52:24.257+0600][60.748s][info][gc,task     ] Adjusting Workers for Old Generation: 1 -> 2
[2026-04-03T06:52:24.257+0600][60.748s][info][gc          ] GC(34) Minor Collection (Allocation Rate)
[2026-04-03T06:52:24.257+0600][60.748s][info][gc,task     ] GC(34) Using 1 Workers for Young Generation
[2026-04-03T06:52:24.257+0600][60.748s][info][gc,phases   ] GC(34) y: Young Generation
[2026-04-03T06:52:24.264+0600][60.755s][info][gc,phases   ] GC(34) y: Pause Mark Start 0.034ms
[2026-04-03T06:52:24.366+0600][60.857s][info][gc,phases   ] GC(32) O: Concurrent Relocate 150.591ms
[2026-04-03T06:52:24.950+0600][61.440s][info][gc,phases   ] GC(34) y: Concurrent Mark 685.263ms
[2026-04-03T06:52:24.951+0600][61.442s][info][gc,phases   ] GC(34) y: Pause Mark End 0.178ms
[2026-04-03T06:52:24.952+0600][61.442s][info][gc,phases   ] GC(34) y: Concurrent Mark Free 0.001ms
[2026-04-03T06:52:24.952+0600][61.442s][info][gc,phases   ] GC(34) y: Concurrent Reset Relocation Set 0.108ms
[2026-04-03T06:52:24.960+0600][61.450s][info][gc,reloc    ] GC(34) y: Using tenuring threshold: 2 (Computed)
[2026-04-03T06:52:25.010+0600][61.501s][info][gc,phases   ] GC(34) y: Concurrent Select Relocation Set 58.593ms
[2026-04-03T06:52:25.011+0600][61.501s][info][gc,phases   ] GC(34) y: Pause Relocate Start 0.153ms
[2026-04-03T06:52:25.250+0600][61.741s][info][gc,phases   ] GC(34) y: Concurrent Relocate 238.963ms
[2026-04-03T06:52:25.250+0600][61.741s][info][gc,alloc    ] GC(34) y:                         Mark Start        Mark End      Relocate Start    Relocate End   
[2026-04-03T06:52:25.250+0600][61.741s][info][gc,alloc    ] GC(34) y: Allocation Stalls:          0                0                0                0         
[2026-04-03T06:52:25.250+0600][61.741s][info][gc,load     ] GC(34) y: Load: 7.10 (59%) / 8.18 (68%) / 7.43 (62%)
[2026-04-03T06:52:25.250+0600][61.741s][info][gc,mmu      ] GC(34) y: MMU: 2ms/91.1%, 5ms/96.4%, 10ms/98.2%, 20ms/99.1%, 50ms/99.6%, 100ms/99.7%
[2026-04-03T06:52:25.250+0600][61.741s][info][gc,marking  ] GC(34) y: Mark: 1 stripe(s), 2 proactive flush(es), 1 terminate flush(es), 0 completion(s), 0 continuation(s) 
[2026-04-03T06:52:25.250+0600][61.741s][info][gc,marking  ] GC(34) y: Mark Stack Usage: 32M
[2026-04-03T06:52:25.250+0600][61.741s][info][gc,nmethod  ] GC(34) y: NMethods: 7088 registered, 532 unregistered
[2026-04-03T06:52:25.250+0600][61.741s][info][gc,metaspace] GC(34) y: Metaspace: 71M used, 72M committed, 1088M reserved
[2026-04-03T06:52:25.250+0600][61.741s][info][gc,reloc    ] GC(34) y:                        Candidates     Selected     In-Place         Size        Empty    Relocated 
[2026-04-03T06:52:25.250+0600][61.741s][info][gc,reloc    ] GC(34) y: Small Pages:                  177          132            0         354M          38M          30M 
[2026-04-03T06:52:25.250+0600][61.741s][info][gc,reloc    ] GC(34) y: Medium Pages:                   2            1            0          64M           0M           5M 
[2026-04-03T06:52:25.250+0600][61.741s][info][gc,reloc    ] GC(34) y: Large Pages:                    8            0            0          60M          24M           0M 
[2026-04-03T06:52:25.250+0600][61.741s][info][gc,reloc    ] GC(34) y: Forwarding Usage: 35M
[2026-04-03T06:52:25.250+0600][61.741s][info][gc,reloc    ] GC(34) y: Age Table:
[2026-04-03T06:52:25.250+0600][61.741s][info][gc,reloc    ] GC(34) y:                    Live             Garbage             Small              Medium             Large        
[2026-04-03T06:52:25.250+0600][61.741s][info][gc,reloc    ] GC(34) y: Eden              85M (2%)          358M (9%)         176 / 132            1 / 1              8 / 0        
[2026-04-03T06:52:25.250+0600][61.741s][info][gc,reloc    ] GC(34) y: Survivor 1         3M (0%)           30M (1%)           1 / 0              1 / 0              0 / 0        
[2026-04-03T06:52:25.250+0600][61.741s][info][gc,heap     ] GC(34) y: Min Capacity: 8M(0%)
[2026-04-03T06:52:25.250+0600][61.741s][info][gc,heap     ] GC(34) y: Max Capacity: 3922M(100%)
[2026-04-03T06:52:25.250+0600][61.741s][info][gc,heap     ] GC(34) y: Soft Max Capacity: 3529M(90%)
[2026-04-03T06:52:25.250+0600][61.741s][info][gc,heap     ] GC(34) y: Heap Statistics:
[2026-04-03T06:52:25.250+0600][61.741s][info][gc,heap     ] GC(34) y:                Mark Start          Mark End        Relocate Start      Relocate End           High               Low         
[2026-04-03T06:52:25.251+0600][61.741s][info][gc,heap     ] GC(34) y:  Capacity:     3126M (80%)        3126M (80%)        3126M (80%)        3126M (80%)        3126M (80%)        3126M (80%)    
[2026-04-03T06:52:25.251+0600][61.741s][info][gc,heap     ] GC(34) y:      Free:     3080M (79%)        2430M (62%)        2440M (62%)        2504M (64%)        3080M (79%)        2400M (61%)    
[2026-04-03T06:52:25.251+0600][61.741s][info][gc,heap     ] GC(34) y:      Used:      842M (21%)        1492M (38%)        1482M (38%)        1418M (36%)        1522M (39%)         842M (21%)    
[2026-04-03T06:52:25.251+0600][61.741s][info][gc,heap     ] GC(34) y: Young Generation Statistics:
[2026-04-03T06:52:25.251+0600][61.741s][info][gc,heap     ] GC(34) y:                Mark Start          Mark End        Relocate Start      Relocate End    
[2026-04-03T06:52:25.251+0600][61.741s][info][gc,heap     ] GC(34) y:      Used:      478M (12%)        1134M (29%)        1124M (29%)        1060M (27%)    
[2026-04-03T06:52:25.251+0600][61.741s][info][gc,heap     ] GC(34) y:      Live:         -                88M (2%)           88M (2%)           88M (2%)     
[2026-04-03T06:52:25.251+0600][61.741s][info][gc,heap     ] GC(34) y:   Garbage:         -               389M (10%)         327M (8%)            1M (0%)     
[2026-04-03T06:52:25.251+0600][61.741s][info][gc,heap     ] GC(34) y: Allocated:         -               656M (17%)         708M (18%)         969M (25%)    
[2026-04-03T06:52:25.251+0600][61.741s][info][gc,heap     ] GC(34) y: Reclaimed:         -                  -                62M (2%)          387M (10%)    
[2026-04-03T06:52:25.251+0600][61.741s][info][gc,heap     ] GC(34) y:  Promoted:         -                  -                 0M (0%)            0M (0%)     
[2026-04-03T06:52:25.251+0600][61.741s][info][gc,heap     ] GC(34) y: Compacted:         -                  -                  -                50M (1%)     
[2026-04-03T06:52:25.251+0600][61.741s][info][gc,phases   ] GC(34) y: Young Generation 838M(21%)->1418M(36%) 0.993s
[2026-04-03T06:52:25.251+0600][61.741s][info][gc          ] GC(34) Minor Collection (Allocation Rate) 838M(21%)->1420M(36%) 0.993s
[2026-04-03T06:52:25.251+0600][61.741s][info][gc,alloc    ] GC(32) O:                         Mark Start        Mark End      Relocate Start    Relocate End   
[2026-04-03T06:52:25.251+0600][61.742s][info][gc,alloc    ] GC(32) O: Allocation Stalls:          0                0                0                0         
[2026-04-03T06:52:25.251+0600][61.742s][info][gc,load     ] GC(32) O: Load: 7.10 (59%) / 8.18 (68%) / 7.43 (62%)
[2026-04-03T06:52:25.251+0600][61.742s][info][gc,mmu      ] GC(32) O: MMU: 2ms/91.1%, 5ms/96.4%, 10ms/98.2%, 20ms/99.1%, 50ms/99.6%, 100ms/99.7%
[2026-04-03T06:52:25.251+0600][61.742s][info][gc,marking  ] GC(32) O: Mark: 1 stripe(s), 2 proactive flush(es), 1 terminate flush(es), 0 completion(s), 0 continuation(s) 
[2026-04-03T06:52:25.251+0600][61.742s][info][gc,marking  ] GC(32) O: Mark Stack Usage: 32M
[2026-04-03T06:52:25.251+0600][61.742s][info][gc,nmethod  ] GC(32) O: NMethods: 7088 registered, 532 unregistered
[2026-04-03T06:52:25.251+0600][61.742s][info][gc,metaspace] GC(32) O: Metaspace: 71M used, 72M committed, 1088M reserved
[2026-04-03T06:52:25.251+0600][61.742s][info][gc,ref      ] GC(32) O:                       Encountered   Discovered     Enqueued 
[2026-04-03T06:52:25.251+0600][61.742s][info][gc,ref      ] GC(32) O: Soft References:             5079            0            0 
[2026-04-03T06:52:25.251+0600][61.742s][info][gc,ref      ] GC(32) O: Weak References:             6605         4773           21 
[2026-04-03T06:52:25.251+0600][61.742s][info][gc,ref      ] GC(32) O: Final References:              84           50            0 
[2026-04-03T06:52:25.251+0600][61.742s][info][gc,ref      ] GC(32) O: Phantom References:           599          218            0 
[2026-04-03T06:52:25.251+0600][61.742s][info][gc,reloc    ] GC(32) O:                        Candidates     Selected     In-Place         Size        Empty    Relocated 
[2026-04-03T06:52:25.251+0600][61.742s][info][gc,reloc    ] GC(32) O: Small Pages:                  159           17            0         318M          86M           9M 
[2026-04-03T06:52:25.251+0600][61.742s][info][gc,reloc    ] GC(32) O: Medium Pages:                   1            0            0          32M           0M           0M 
[2026-04-03T06:52:25.251+0600][61.742s][info][gc,reloc    ] GC(32) O: Large Pages:                    5            0            0          50M          50M           0M 
[2026-04-03T06:52:25.251+0600][61.742s][info][gc,reloc    ] GC(32) O: Forwarding Usage: 29M
[2026-04-03T06:52:25.251+0600][61.742s][info][gc,heap     ] GC(32) O: Min Capacity: 8M(0%)
[2026-04-03T06:52:25.251+0600][61.742s][info][gc,heap     ] GC(32) O: Max Capacity: 3922M(100%)
[2026-04-03T06:52:25.251+0600][61.742s][info][gc,heap     ] GC(32) O: Soft Max Capacity: 3529M(90%)
[2026-04-03T06:52:25.251+0600][61.742s][info][gc,heap     ] GC(32) O: Heap Statistics:
[2026-04-03T06:52:25.251+0600][61.742s][info][gc,heap     ] GC(32) O:                Mark Start          Mark End        Relocate Start      Relocate End           High               Low         
[2026-04-03T06:52:25.251+0600][61.742s][info][gc,heap     ] GC(32) O:  Capacity:     3126M (80%)        3126M (80%)        3126M (80%)        3126M (80%)        3126M (80%)        3126M (80%)    
[2026-04-03T06:52:25.251+0600][61.742s][info][gc,heap     ] GC(32) O:      Free:     2844M (73%)        3044M (78%)        3098M (79%)        2968M (76%)        3316M (85%)        2800M (71%)    
[2026-04-03T06:52:25.251+0600][61.742s][info][gc,heap     ] GC(32) O:      Used:     1078M (27%)         878M (22%)         824M (21%)         954M (24%)        1122M (29%)         606M (15%)    
[2026-04-03T06:52:25.251+0600][61.742s][info][gc,heap     ] GC(32) O: Old Generation Statistics:
[2026-04-03T06:52:25.251+0600][61.742s][info][gc,heap     ] GC(32) O:                Mark Start          Mark End        Relocate Start      Relocate End    
[2026-04-03T06:52:25.251+0600][61.742s][info][gc,heap     ] GC(32) O:      Used:      400M (10%)         526M (13%)         390M (10%)         358M (9%)     
[2026-04-03T06:52:25.251+0600][61.742s][info][gc,heap     ] GC(32) O:      Live:         -               200M (5%)          200M (5%)          200M (5%)     
[2026-04-03T06:52:25.251+0600][61.742s][info][gc,heap     ] GC(32) O:   Garbage:         -               199M (5%)           63M (2%)           24M (1%)     
[2026-04-03T06:52:25.251+0600][61.742s][info][gc,heap     ] GC(32) O: Allocated:         -               126M (3%)          126M (3%)          132M (3%)     
[2026-04-03T06:52:25.251+0600][61.742s][info][gc,heap     ] GC(32) O: Reclaimed:         -                  -               136M (3%)          174M (4%)     
[2026-04-03T06:52:25.252+0600][61.742s][info][gc,heap     ] GC(32) O: Compacted:         -                  -                  -                33M (1%)     
[2026-04-03T06:52:25.252+0600][61.742s][info][gc,phases   ] GC(32) O: Old Generation 606M(15%)->954M(24%) 2.478s
[2026-04-03T06:52:25.252+0600][61.742s][info][gc          ] GC(32) Major Collection (Allocation Rate) 1078M(27%)->1422M(36%) 3.110s
[2026-04-03T06:52:25.257+0600][61.748s][info][gc          ] GC(35) Minor Collection (Allocation Rate)
[2026-04-03T06:52:25.257+0600][61.748s][info][gc,task     ] GC(35) Using 3 Workers for Young Generation
[2026-04-03T06:52:25.257+0600][61.748s][info][gc,phases   ] GC(35) y: Young Generation
[2026-04-03T06:52:25.257+0600][61.748s][info][gc,phases   ] GC(35) y: Pause Mark Start 0.081ms
[2026-04-03T06:52:25.711+0600][62.201s][info][gc,phases   ] GC(35) y: Concurrent Mark 452.395ms
[2026-04-03T06:52:25.712+0600][62.202s][info][gc,phases   ] GC(35) y: Pause Mark End 0.039ms
[2026-04-03T06:52:25.712+0600][62.202s][info][gc,phases   ] GC(35) y: Concurrent Mark Free 0.003ms
[2026-04-03T06:52:25.712+0600][62.203s][info][gc,phases   ] GC(35) y: Concurrent Reset Relocation Set 0.050ms
[2026-04-03T06:52:25.719+0600][62.210s][info][gc,reloc    ] GC(35) y: Using tenuring threshold: 3 (Computed)
[2026-04-03T06:52:25.751+0600][62.242s][info][gc,phases   ] GC(35) y: Concurrent Select Relocation Set 39.107ms
[2026-04-03T06:52:25.752+0600][62.242s][info][gc,phases   ] GC(35) y: Pause Relocate Start 0.036ms
[2026-04-03T06:52:25.933+0600][62.423s][info][gc,phases   ] GC(35) y: Concurrent Relocate 180.712ms
[2026-04-03T06:52:25.933+0600][62.423s][info][gc,alloc    ] GC(35) y:                         Mark Start        Mark End      Relocate Start    Relocate End   
[2026-04-03T06:52:25.933+0600][62.423s][info][gc,alloc    ] GC(35) y: Allocation Stalls:          0                0                0                0         
[2026-04-03T06:52:25.933+0600][62.423s][info][gc,load     ] GC(35) y: Load: 7.10 (59%) / 8.18 (68%) / 7.43 (62%)
[2026-04-03T06:52:25.933+0600][62.423s][info][gc,mmu      ] GC(35) y: MMU: 2ms/91.1%, 5ms/96.4%, 10ms/98.2%, 20ms/99.1%, 50ms/99.6%, 100ms/99.7%
[2026-04-03T06:52:25.933+0600][62.423s][info][gc,marking  ] GC(35) y: Mark: 2 stripe(s), 2 proactive flush(es), 1 terminate flush(es), 0 completion(s), 0 continuation(s) 
[2026-04-03T06:52:25.933+0600][62.423s][info][gc,marking  ] GC(35) y: Mark Stack Usage: 32M
[2026-04-03T06:52:25.933+0600][62.423s][info][gc,nmethod  ] GC(35) y: NMethods: 7088 registered, 532 unregistered
[2026-04-03T06:52:25.933+0600][62.423s][info][gc,metaspace] GC(35) y: Metaspace: 71M used, 72M committed, 1088M reserved
[2026-04-03T06:52:25.933+0600][62.423s][info][gc,reloc    ] GC(35) y:                        Candidates     Selected     In-Place         Size        Empty    Relocated 
[2026-04-03T06:52:25.933+0600][62.423s][info][gc,reloc    ] GC(35) y: Small Pages:                  429          345            0         858M           0M          75M 
[2026-04-03T06:52:25.933+0600][62.423s][info][gc,reloc    ] GC(35) y: Medium Pages:                   3            1            0          96M          32M           3M 
[2026-04-03T06:52:25.933+0600][62.423s][info][gc,reloc    ] GC(35) y: Large Pages:                   14            0            0         116M          60M           0M 
[2026-04-03T06:52:25.933+0600][62.423s][info][gc,reloc    ] GC(35) y: Forwarding Usage: 80M
[2026-04-03T06:52:25.933+0600][62.423s][info][gc,reloc    ] GC(35) y: Age Table:
[2026-04-03T06:52:25.933+0600][62.423s][info][gc,reloc    ] GC(35) y:                    Live             Garbage             Small              Medium             Large        
[2026-04-03T06:52:25.933+0600][62.423s][info][gc,reloc    ] GC(35) y: Eden             176M (4%)          741M (19%)        403 / 330            1 / 0             10 / 0        
[2026-04-03T06:52:25.933+0600][62.423s][info][gc,reloc    ] GC(35) y: Survivor 1        23M (1%)           96M (2%)          26 / 15             1 / 1              4 / 0        
[2026-04-03T06:52:25.933+0600][62.423s][info][gc,reloc    ] GC(35) y: Survivor 2         3M (0%)           28M (1%)           0 / 0              1 / 0              0 / 0        
[2026-04-03T06:52:25.933+0600][62.424s][info][gc,heap     ] GC(35) y: Min Capacity: 8M(0%)
[2026-04-03T06:52:25.933+0600][62.424s][info][gc,heap     ] GC(35) y: Max Capacity: 3922M(100%)
[2026-04-03T06:52:25.933+0600][62.424s][info][gc,heap     ] GC(35) y: Soft Max Capacity: 3529M(90%)
[2026-04-03T06:52:25.933+0600][62.424s][info][gc,heap     ] GC(35) y: Heap Statistics:
[2026-04-03T06:52:25.933+0600][62.424s][info][gc,heap     ] GC(35) y:                Mark Start          Mark End        Relocate Start      Relocate End           High               Low         
[2026-04-03T06:52:25.933+0600][62.424s][info][gc,heap     ] GC(35) y:  Capacity:     3126M (80%)        3126M (80%)        3126M (80%)        3126M (80%)        3126M (80%)        3126M (80%)    
[2026-04-03T06:52:25.933+0600][62.424s][info][gc,heap     ] GC(35) y:      Free:     2494M (64%)        2098M (53%)        2166M (55%)        2792M (71%)        2792M (71%)        2090M (53%)    
[2026-04-03T06:52:25.933+0600][62.424s][info][gc,heap     ] GC(35) y:      Used:     1428M (36%)        1824M (47%)        1756M (45%)        1130M (29%)        1832M (47%)        1130M (29%)    
[2026-04-03T06:52:25.933+0600][62.424s][info][gc,heap     ] GC(35) y: Young Generation Statistics:
[2026-04-03T06:52:25.933+0600][62.424s][info][gc,heap     ] GC(35) y:                Mark Start          Mark End        Relocate Start      Relocate End    
[2026-04-03T06:52:25.933+0600][62.424s][info][gc,heap     ] GC(35) y:      Used:     1070M (27%)        1466M (37%)        1398M (36%)         772M (20%)    
[2026-04-03T06:52:25.933+0600][62.424s][info][gc,heap     ] GC(35) y:      Live:         -               202M (5%)          202M (5%)          202M (5%)     
[2026-04-03T06:52:25.933+0600][62.424s][info][gc,heap     ] GC(35) y:   Garbage:         -               867M (22%)         775M (20%)           5M (0%)     
[2026-04-03T06:52:25.933+0600][62.424s][info][gc,heap     ] GC(35) y: Allocated:         -               396M (10%)         420M (11%)         563M (14%)    
[2026-04-03T06:52:25.933+0600][62.424s][info][gc,heap     ] GC(35) y: Reclaimed:         -                  -                92M (2%)          861M (22%)    
[2026-04-03T06:52:25.933+0600][62.424s][info][gc,heap     ] GC(35) y:  Promoted:         -                  -                 0M (0%)            0M (0%)     
[2026-04-03T06:52:25.933+0600][62.424s][info][gc,heap     ] GC(35) y: Compacted:         -                  -                  -               128M (3%)     
[2026-04-03T06:52:25.933+0600][62.424s][info][gc,phases   ] GC(35) y: Young Generation 1428M(36%)->1130M(29%) 0.676s
[2026-04-03T06:52:25.933+0600][62.424s][info][gc          ] GC(35) Minor Collection (Allocation Rate) 1428M(36%)->1130M(29%) 0.676s
[2026-04-03T06:52:25.933+0600][62.424s][info][gc          ] GC(36) Minor Collection (Allocation Rate)
[2026-04-03T06:52:25.934+0600][62.424s][info][gc,task     ] GC(36) Using 3 Workers for Young Generation
[2026-04-03T06:52:25.934+0600][62.424s][info][gc,phases   ] GC(36) y: Young Generation
[2026-04-03T06:52:25.934+0600][62.424s][info][gc,phases   ] GC(36) y: Pause Mark Start 0.028ms
[2026-04-03T06:52:26.573+0600][63.063s][info][gc,phases   ] GC(36) y: Concurrent Mark 638.456ms
[2026-04-03T06:52:26.573+0600][63.063s][info][gc,phases   ] GC(36) y: Pause Mark End 0.032ms
[2026-04-03T06:52:26.573+0600][63.063s][info][gc,phases   ] GC(36) y: Concurrent Mark Free 0.002ms
[2026-04-03T06:52:26.573+0600][63.063s][info][gc,phases   ] GC(36) y: Concurrent Reset Relocation Set 0.058ms
[2026-04-03T06:52:26.575+0600][63.066s][info][gc,reloc    ] GC(36) y: Using tenuring threshold: 1 (Computed)
[2026-04-03T06:52:26.683+0600][63.174s][info][gc,phases   ] GC(36) y: Concurrent Select Relocation Set 110.268ms
[2026-04-03T06:52:26.684+0600][63.174s][info][gc,phases   ] GC(36) y: Pause Relocate Start 0.030ms
[2026-04-03T06:52:27.001+0600][63.491s][info][gc,phases   ] GC(36) y: Concurrent Relocate 317.137ms
[2026-04-03T06:52:27.001+0600][63.492s][info][gc,alloc    ] GC(36) y:                         Mark Start        Mark End      Relocate Start    Relocate End   
[2026-04-03T06:52:27.001+0600][63.492s][info][gc,alloc    ] GC(36) y: Allocation Stalls:          0                0                0                0         
[2026-04-03T06:52:27.001+0600][63.492s][info][gc,load     ] GC(36) y: Load: 7.25 (60%) / 8.19 (68%) / 7.43 (62%)
[2026-04-03T06:52:27.001+0600][63.492s][info][gc,mmu      ] GC(36) y: MMU: 2ms/91.1%, 5ms/96.4%, 10ms/98.2%, 20ms/99.1%, 50ms/99.6%, 100ms/99.7%
[2026-04-03T06:52:27.001+0600][63.492s][info][gc,marking  ] GC(36) y: Mark: 2 stripe(s), 4 proactive flush(es), 1 terminate flush(es), 0 completion(s), 0 continuation(s) 
[2026-04-03T06:52:27.001+0600][63.492s][info][gc,marking  ] GC(36) y: Mark Stack Usage: 32M
[2026-04-03T06:52:27.001+0600][63.492s][info][gc,nmethod  ] GC(36) y: NMethods: 7092 registered, 532 unregistered
[2026-04-03T06:52:27.001+0600][63.492s][info][gc,metaspace] GC(36) y: Metaspace: 71M used, 72M committed, 1088M reserved
[2026-04-03T06:52:27.001+0600][63.492s][info][gc,reloc    ] GC(36) y:                        Candidates     Selected     In-Place         Size        Empty    Relocated 
[2026-04-03T06:52:27.001+0600][63.492s][info][gc,reloc    ] GC(36) y: Small Pages:                  321          231            0         642M           0M          30M 
[2026-04-03T06:52:27.001+0600][63.492s][info][gc,reloc    ] GC(36) y: Medium Pages:                   2            1            0          64M           0M           3M 
[2026-04-03T06:52:27.001+0600][63.492s][info][gc,reloc    ] GC(36) y: Large Pages:                    7            0            0          66M           6M           0M 
[2026-04-03T06:52:27.001+0600][63.492s][info][gc,reloc    ] GC(36) y: Forwarding Usage: 32M
[2026-04-03T06:52:27.001+0600][63.492s][info][gc,reloc    ] GC(36) y: Age Table:
[2026-04-03T06:52:27.001+0600][63.492s][info][gc,reloc    ] GC(36) y:                    Live             Garbage             Small              Medium             Large        
[2026-04-03T06:52:27.001+0600][63.492s][info][gc,reloc    ] GC(36) y: Eden              38M (1%)          451M (12%)        240 / 223            0 / 0              1 / 0        
[2026-04-03T06:52:27.001+0600][63.492s][info][gc,reloc    ] GC(36) y: Survivor 1       163M (4%)           24M (1%)          66 / 4              0 / 0              6 / 0        
[2026-04-03T06:52:27.001+0600][63.492s][info][gc,reloc    ] GC(36) y: Survivor 2        23M (1%)           38M (1%)          15 / 4              1 / 0              0 / 0        
[2026-04-03T06:52:27.001+0600][63.492s][info][gc,reloc    ] GC(36) y: Survivor 3         3M (0%)           28M (1%)           0 / 0              1 / 1              0 / 0        
[2026-04-03T06:52:27.001+0600][63.492s][info][gc,heap     ] GC(36) y: Min Capacity: 8M(0%)
[2026-04-03T06:52:27.001+0600][63.492s][info][gc,heap     ] GC(36) y: Max Capacity: 3922M(100%)
[2026-04-03T06:52:27.001+0600][63.492s][info][gc,heap     ] GC(36) y: Soft Max Capacity: 3529M(90%)
[2026-04-03T06:52:27.001+0600][63.492s][info][gc,heap     ] GC(36) y: Heap Statistics:
[2026-04-03T06:52:27.001+0600][63.492s][info][gc,heap     ] GC(36) y:                Mark Start          Mark End        Relocate Start      Relocate End           High               Low         
[2026-04-03T06:52:27.001+0600][63.492s][info][gc,heap     ] GC(36) y:  Capacity:     3126M (80%)        3126M (80%)        3126M (80%)        3126M (80%)        3126M (80%)        3126M (80%)    
[2026-04-03T06:52:27.001+0600][63.492s][info][gc,heap     ] GC(36) y:      Free:     2792M (71%)        2388M (61%)        2336M (60%)        2770M (71%)        2808M (72%)        2292M (58%)    
[2026-04-03T06:52:27.001+0600][63.492s][info][gc,heap     ] GC(36) y:      Used:     1130M (29%)        1534M (39%)        1586M (40%)        1152M (29%)        1630M (42%)        1114M (28%)    
[2026-04-03T06:52:27.001+0600][63.492s][info][gc,heap     ] GC(36) y: Young Generation Statistics:
[2026-04-03T06:52:27.001+0600][63.492s][info][gc,heap     ] GC(36) y:                Mark Start          Mark End        Relocate Start      Relocate End    
[2026-04-03T06:52:27.001+0600][63.492s][info][gc,heap     ] GC(36) y:      Used:      772M (20%)        1176M (30%)        1038M (26%)         564M (14%)    
[2026-04-03T06:52:27.001+0600][63.492s][info][gc,heap     ] GC(36) y:      Live:         -               229M (6%)           51M (1%)           38M (1%)     
[2026-04-03T06:52:27.001+0600][63.492s][info][gc,heap     ] GC(36) y:   Garbage:         -               542M (14%)         524M (13%)           0M (0%)     
[2026-04-03T06:52:27.001+0600][63.492s][info][gc,heap     ] GC(36) y: Allocated:         -               404M (10%)         462M (12%)         525M (13%)    
[2026-04-03T06:52:27.001+0600][63.492s][info][gc,heap     ] GC(36) y: Reclaimed:         -                  -                17M (0%)          542M (14%)    
[2026-04-03T06:52:27.001+0600][63.492s][info][gc,heap     ] GC(36) y:  Promoted:         -                  -               178M (5%)          190M (5%)     
[2026-04-03T06:52:27.001+0600][63.492s][info][gc,heap     ] GC(36) y: Compacted:         -                  -                  -                28M (1%)     
[2026-04-03T06:52:27.001+0600][63.492s][info][gc,phases   ] GC(36) y: Young Generation 1130M(29%)->1152M(29%) 1.067s
[2026-04-03T06:52:27.002+0600][63.492s][info][gc          ] GC(36) Minor Collection (Allocation Rate) 1130M(29%)->1152M(29%) 1.068s
[2026-04-03T06:52:27.002+0600][63.492s][info][gc          ] GC(37) Major Collection (Allocation Rate)
[2026-04-03T06:52:27.002+0600][63.492s][info][gc,task     ] GC(37) Using 3 Workers for Young Generation
[2026-04-03T06:52:27.002+0600][63.492s][info][gc,task     ] GC(37) Using 1 Workers for Old Generation
[2026-04-03T06:52:27.002+0600][63.492s][info][gc,phases   ] GC(37) Y: Young Generation
[2026-04-03T06:52:27.002+0600][63.493s][info][gc,phases   ] GC(37) Y: Pause Mark Start (Major) 0.042ms
[2026-04-03T06:52:27.485+0600][63.975s][info][gc,phases   ] GC(37) Y: Concurrent Mark 482.249ms
[2026-04-03T06:52:27.485+0600][63.975s][info][gc,phases   ] GC(37) Y: Pause Mark End 0.039ms
[2026-04-03T06:52:27.485+0600][63.976s][info][gc,phases   ] GC(37) Y: Concurrent Mark Free 0.004ms
[2026-04-03T06:52:27.485+0600][63.976s][info][gc,phases   ] GC(37) Y: Concurrent Reset Relocation Set 0.237ms
[2026-04-03T06:52:27.488+0600][63.978s][info][gc,reloc    ] GC(37) Y: Using tenuring threshold: 2 (Computed)
[2026-04-03T06:52:27.493+0600][63.983s][info][gc,phases   ] GC(37) Y: Concurrent Select Relocation Set 7.133ms
[2026-04-03T06:52:27.493+0600][63.984s][info][gc,phases   ] GC(37) Y: Pause Relocate Start 0.044ms
[2026-04-03T06:52:27.570+0600][64.060s][info][gc,phases   ] GC(37) Y: Concurrent Relocate 76.666ms
[2026-04-03T06:52:27.570+0600][64.061s][info][gc,alloc    ] GC(37) Y:                         Mark Start        Mark End      Relocate Start    Relocate End   
[2026-04-03T06:52:27.570+0600][64.061s][info][gc,alloc    ] GC(37) Y: Allocation Stalls:          0                0                0                0         
[2026-04-03T06:52:27.570+0600][64.061s][info][gc,load     ] GC(37) Y: Load: 7.25 (60%) / 8.19 (68%) / 7.43 (62%)
[2026-04-03T06:52:27.570+0600][64.061s][info][gc,mmu      ] GC(37) Y: MMU: 2ms/91.1%, 5ms/96.4%, 10ms/98.2%, 20ms/99.1%, 50ms/99.6%, 100ms/99.7%
[2026-04-03T06:52:27.570+0600][64.061s][info][gc,marking  ] GC(37) Y: Mark: 2 stripe(s), 2 proactive flush(es), 1 terminate flush(es), 0 completion(s), 0 continuation(s) 
[2026-04-03T06:52:27.570+0600][64.061s][info][gc,marking  ] GC(37) Y: Mark Stack Usage: 32M
[2026-04-03T06:52:27.570+0600][64.061s][info][gc,nmethod  ] GC(37) Y: NMethods: 7093 registered, 532 unregistered
[2026-04-03T06:52:27.570+0600][64.061s][info][gc,metaspace] GC(37) Y: Metaspace: 71M used, 72M committed, 1088M reserved
[2026-04-03T06:52:27.570+0600][64.061s][info][gc,reloc    ] GC(37) Y:                        Candidates     Selected     In-Place         Size        Empty    Relocated 
[2026-04-03T06:52:27.570+0600][64.061s][info][gc,reloc    ] GC(37) Y: Small Pages:                  234          206            0         468M           0M          26M 
[2026-04-03T06:52:27.570+0600][64.061s][info][gc,reloc    ] GC(37) Y: Medium Pages:                   1            0            0          32M           0M           0M 
[2026-04-03T06:52:27.570+0600][64.061s][info][gc,reloc    ] GC(37) Y: Large Pages:                    4            0            0          64M           0M           0M 
[2026-04-03T06:52:27.570+0600][64.061s][info][gc,reloc    ] GC(37) Y: Forwarding Usage: 30M
[2026-04-03T06:52:27.570+0600][64.061s][info][gc,reloc    ] GC(37) Y: Age Table:
[2026-04-03T06:52:27.570+0600][64.061s][info][gc,reloc    ] GC(37) Y:                    Live             Garbage             Small              Medium             Large        
[2026-04-03T06:52:27.570+0600][64.061s][info][gc,reloc    ] GC(37) Y: Eden              80M (2%)          437M (11%)        216 / 201            1 / 0              3 / 0        
[2026-04-03T06:52:27.570+0600][64.061s][info][gc,reloc    ] GC(37) Y: Survivor 1        33M (1%)           12M (0%)          18 / 5              0 / 0              1 / 0        
[2026-04-03T06:52:27.570+0600][64.061s][info][gc,heap     ] GC(37) Y: Min Capacity: 8M(0%)
[2026-04-03T06:52:27.570+0600][64.061s][info][gc,heap     ] GC(37) Y: Max Capacity: 3922M(100%)
[2026-04-03T06:52:27.570+0600][64.061s][info][gc,heap     ] GC(37) Y: Soft Max Capacity: 3529M(90%)
[2026-04-03T06:52:27.570+0600][64.061s][info][gc,heap     ] GC(37) Y: Heap Statistics:
[2026-04-03T06:52:27.571+0600][64.061s][info][gc,heap     ] GC(37) Y:                Mark Start          Mark End        Relocate Start      Relocate End           High               Low         
[2026-04-03T06:52:27.571+0600][64.061s][info][gc,heap     ] GC(37) Y:  Capacity:     3126M (80%)        3126M (80%)        3126M (80%)        3126M (80%)        3126M (80%)        3126M (80%)    
[2026-04-03T06:52:27.571+0600][64.061s][info][gc,heap     ] GC(37) Y:      Free:     2770M (71%)        2638M (67%)        2636M (67%)        3036M (77%)        3036M (77%)        2622M (67%)    
[2026-04-03T06:52:27.571+0600][64.061s][info][gc,heap     ] GC(37) Y:      Used:     1152M (29%)        1284M (33%)        1286M (33%)         886M (23%)        1300M (33%)         886M (23%)    
[2026-04-03T06:52:27.571+0600][64.061s][info][gc,heap     ] GC(37) Y: Young Generation Statistics:
[2026-04-03T06:52:27.571+0600][64.061s][info][gc,heap     ] GC(37) Y:                Mark Start          Mark End        Relocate Start      Relocate End    
[2026-04-03T06:52:27.571+0600][64.061s][info][gc,heap     ] GC(37) Y:      Used:      564M (14%)         696M (18%)         698M (18%)         298M (8%)     
[2026-04-03T06:52:27.571+0600][64.061s][info][gc,heap     ] GC(37) Y:      Live:         -               113M (3%)          113M (3%)          113M (3%)     
[2026-04-03T06:52:27.571+0600][64.061s][info][gc,heap     ] GC(37) Y:   Garbage:         -               450M (11%)         450M (11%)          33M (1%)     
[2026-04-03T06:52:27.571+0600][64.061s][info][gc,heap     ] GC(37) Y: Allocated:         -               132M (3%)          134M (3%)          150M (4%)     
[2026-04-03T06:52:27.571+0600][64.061s][info][gc,heap     ] GC(37) Y: Reclaimed:         -                  -                 0M (0%)          416M (11%)    
[2026-04-03T06:52:27.571+0600][64.061s][info][gc,heap     ] GC(37) Y:  Promoted:         -                  -                 0M (0%)            0M (0%)     
[2026-04-03T06:52:27.571+0600][64.061s][info][gc,heap     ] GC(37) Y: Compacted:         -                  -                  -                29M (1%)     
[2026-04-03T06:52:27.571+0600][64.061s][info][gc,phases   ] GC(37) Y: Young Generation 1152M(29%)->886M(23%) 0.568s
[2026-04-03T06:52:27.571+0600][64.061s][info][gc,phases   ] GC(37) O: Old Generation
[2026-04-03T06:52:28.912+0600][65.403s][info][gc          ] GC(38) Minor Collection (Allocation Rate)
[2026-04-03T06:52:28.913+0600][65.403s][info][gc,task     ] GC(38) Using 2 Workers for Young Generation
[2026-04-03T06:52:28.913+0600][65.403s][info][gc,phases   ] GC(38) y: Young Generation
[2026-04-03T06:52:28.913+0600][65.403s][info][gc,phases   ] GC(38) y: Pause Mark Start 0.065ms
[2026-04-03T06:52:29.133+0600][65.623s][info][gc,phases   ] GC(37) O: Concurrent Mark 1562.114ms
[2026-04-03T06:52:29.133+0600][65.624s][info][gc,phases   ] GC(37) O: Pause Mark End 0.041ms
[2026-04-03T06:52:29.134+0600][65.624s][info][gc,phases   ] GC(37) O: Concurrent Mark Free 0.004ms
[2026-04-03T06:52:29.164+0600][65.655s][info][gc,phases   ] GC(37) O: Concurrent Process Non-Strong 30.340ms
[2026-04-03T06:52:29.164+0600][65.655s][info][gc,phases   ] GC(37) O: Concurrent Reset Relocation Set 0.021ms
[2026-04-03T06:52:29.192+0600][65.682s][info][gc,phases   ] GC(37) O: Concurrent Select Relocation Set 27.717ms
[2026-04-03T06:52:29.438+0600][65.928s][info][gc,phases   ] GC(38) y: Concurrent Mark 524.653ms
[2026-04-03T06:52:29.438+0600][65.929s][info][gc,phases   ] GC(38) y: Pause Mark End 0.036ms
[2026-04-03T06:52:29.438+0600][65.929s][info][gc,phases   ] GC(38) y: Concurrent Mark Free 0.002ms
[2026-04-03T06:52:29.438+0600][65.929s][info][gc,phases   ] GC(38) y: Concurrent Reset Relocation Set 0.068ms
[2026-04-03T06:52:29.444+0600][65.934s][info][gc,reloc    ] GC(38) y: Using tenuring threshold: 1 (Computed)
[2026-04-03T06:52:29.540+0600][66.031s][info][gc,phases   ] GC(38) y: Concurrent Select Relocation Set 101.675ms
[2026-04-03T06:52:29.541+0600][66.032s][info][gc,phases   ] GC(38) y: Pause Relocate Start 0.020ms
[2026-04-03T06:52:29.798+0600][66.288s][info][gc,phases   ] GC(38) y: Concurrent Relocate 256.495ms
[2026-04-03T06:52:29.798+0600][66.288s][info][gc,alloc    ] GC(38) y:                         Mark Start        Mark End      Relocate Start    Relocate End   
[2026-04-03T06:52:29.798+0600][66.288s][info][gc,alloc    ] GC(38) y: Allocation Stalls:          0                0                0                0         
[2026-04-03T06:52:29.798+0600][66.289s][info][gc,load     ] GC(38) y: Load: 7.25 (60%) / 8.19 (68%) / 7.43 (62%)
[2026-04-03T06:52:29.798+0600][66.289s][info][gc,mmu      ] GC(38) y: MMU: 2ms/91.1%, 5ms/96.4%, 10ms/98.2%, 20ms/99.1%, 50ms/99.6%, 100ms/99.7%
[2026-04-03T06:52:29.798+0600][66.289s][info][gc,marking  ] GC(38) y: Mark: 2 stripe(s), 3 proactive flush(es), 1 terminate flush(es), 0 completion(s), 0 continuation(s) 
[2026-04-03T06:52:29.798+0600][66.289s][info][gc,marking  ] GC(38) y: Mark Stack Usage: 32M
[2026-04-03T06:52:29.798+0600][66.289s][info][gc,nmethod  ] GC(38) y: NMethods: 7307 registered, 545 unregistered
[2026-04-03T06:52:29.798+0600][66.289s][info][gc,metaspace] GC(38) y: Metaspace: 71M used, 72M committed, 1088M reserved
[2026-04-03T06:52:29.798+0600][66.289s][info][gc,reloc    ] GC(38) y:                        Candidates     Selected     In-Place         Size        Empty    Relocated 
[2026-04-03T06:52:29.798+0600][66.289s][info][gc,reloc    ] GC(38) y: Small Pages:                  230           95            0         460M         202M          15M 
[2026-04-03T06:52:29.798+0600][66.289s][info][gc,reloc    ] GC(38) y: Medium Pages:                   3            0            0          96M          96M           0M 
[2026-04-03T06:52:29.798+0600][66.289s][info][gc,reloc    ] GC(38) y: Large Pages:                   11            0            0         118M          54M           0M 
[2026-04-03T06:52:29.798+0600][66.289s][info][gc,reloc    ] GC(38) y: Forwarding Usage: 18M
[2026-04-03T06:52:29.798+0600][66.289s][info][gc,reloc    ] GC(38) y: Age Table:
[2026-04-03T06:52:29.798+0600][66.289s][info][gc,reloc    ] GC(38) y:                    Live             Garbage             Small              Medium             Large        
[2026-04-03T06:52:29.798+0600][66.289s][info][gc,reloc    ] GC(38) y: Eden              23M (1%)          488M (12%)        197 / 87             2 / 0              7 / 0        
[2026-04-03T06:52:29.798+0600][66.289s][info][gc,reloc    ] GC(38) y: Survivor 1        74M (2%)           43M (1%)          16 / 5              1 / 0              3 / 0        
[2026-04-03T06:52:29.798+0600][66.289s][info][gc,reloc    ] GC(38) y: Survivor 2        22M (1%)           21M (1%)          17 / 3              0 / 0              1 / 0        
[2026-04-03T06:52:29.798+0600][66.289s][info][gc,heap     ] GC(38) y: Min Capacity: 8M(0%)
[2026-04-03T06:52:29.798+0600][66.289s][info][gc,heap     ] GC(38) y: Max Capacity: 3922M(100%)
[2026-04-03T06:52:29.799+0600][66.289s][info][gc,heap     ] GC(38) y: Soft Max Capacity: 3529M(90%)
[2026-04-03T06:52:29.799+0600][66.289s][info][gc,heap     ] GC(38) y: Heap Statistics:
[2026-04-03T06:52:29.799+0600][66.289s][info][gc,heap     ] GC(38) y:                Mark Start          Mark End        Relocate Start      Relocate End           High               Low         
[2026-04-03T06:52:29.799+0600][66.289s][info][gc,heap     ] GC(38) y:  Capacity:     3126M (80%)        3126M (80%)        3126M (80%)        3126M (80%)        3126M (80%)        3126M (80%)    
[2026-04-03T06:52:29.799+0600][66.289s][info][gc,heap     ] GC(38) y:      Free:     2660M (68%)        2580M (66%)        2828M (72%)        2872M (73%)        3004M (77%)        2480M (63%)    
[2026-04-03T06:52:29.799+0600][66.289s][info][gc,heap     ] GC(38) y:      Used:     1262M (32%)        1342M (34%)        1094M (28%)        1050M (27%)        1442M (37%)         918M (23%)    
[2026-04-03T06:52:29.799+0600][66.289s][info][gc,heap     ] GC(38) y: Young Generation Statistics:
[2026-04-03T06:52:29.799+0600][66.289s][info][gc,heap     ] GC(38) y:                Mark Start          Mark End        Relocate Start      Relocate End    
[2026-04-03T06:52:29.799+0600][66.289s][info][gc,heap     ] GC(38) y:      Used:      674M (17%)         966M (25%)         618M (16%)         566M (14%)    
[2026-04-03T06:52:29.799+0600][66.289s][info][gc,heap     ] GC(38) y:      Live:         -               120M (3%)           29M (1%)           23M (1%)     
[2026-04-03T06:52:29.799+0600][66.289s][info][gc,heap     ] GC(38) y:   Garbage:         -               553M (14%)         192M (5%)            0M (0%)     
[2026-04-03T06:52:29.799+0600][66.289s][info][gc,heap     ] GC(38) y: Allocated:         -               292M (7%)          396M (10%)         542M (14%)    
[2026-04-03T06:52:29.799+0600][66.289s][info][gc,heap     ] GC(38) y: Reclaimed:         -                  -               360M (9%)          553M (14%)    
[2026-04-03T06:52:29.799+0600][66.289s][info][gc,heap     ] GC(38) y:  Promoted:         -                  -                91M (2%)           96M (2%)     
[2026-04-03T06:52:29.799+0600][66.289s][info][gc,heap     ] GC(38) y: Compacted:         -                  -                  -                13M (0%)     
[2026-04-03T06:52:29.799+0600][66.289s][info][gc,phases   ] GC(38) y: Young Generation 1262M(32%)->1050M(27%) 0.885s
[2026-04-03T06:52:29.799+0600][66.289s][info][gc          ] GC(38) Minor Collection (Allocation Rate) 1262M(32%)->1050M(27%) 0.887s
[2026-04-03T06:52:29.799+0600][66.290s][info][gc,task     ] GC(37) O: Using 3 Workers for Old Generation
[2026-04-03T06:52:29.834+0600][66.325s][info][gc,task     ] GC(37) O: Using 1 Workers for Old Generation
[2026-04-03T06:52:29.835+0600][66.325s][info][gc,phases   ] GC(37) O: Concurrent Remap Roots 35.612ms
[2026-04-03T06:52:29.835+0600][66.326s][info][gc,phases   ] GC(37) O: Pause Relocate Start 0.036ms
[2026-04-03T06:52:30.048+0600][66.539s][info][gc,phases   ] GC(37) O: Concurrent Relocate 213.031ms
[2026-04-03T06:52:30.048+0600][66.539s][info][gc,alloc    ] GC(37) O:                         Mark Start        Mark End      Relocate Start    Relocate End   
[2026-04-03T06:52:30.048+0600][66.539s][info][gc,alloc    ] GC(37) O: Allocation Stalls:          0                0                0                0         
[2026-04-03T06:52:30.048+0600][66.539s][info][gc,load     ] GC(37) O: Load: 7.25 (60%) / 8.19 (68%) / 7.43 (62%)
[2026-04-03T06:52:30.048+0600][66.539s][info][gc,mmu      ] GC(37) O: MMU: 2ms/91.1%, 5ms/96.4%, 10ms/98.2%, 20ms/99.1%, 50ms/99.6%, 100ms/99.7%
[2026-04-03T06:52:30.048+0600][66.539s][info][gc,marking  ] GC(37) O: Mark: 1 stripe(s), 2 proactive flush(es), 1 terminate flush(es), 0 completion(s), 0 continuation(s) 
[2026-04-03T06:52:30.048+0600][66.539s][info][gc,marking  ] GC(37) O: Mark Stack Usage: 32M
[2026-04-03T06:52:30.048+0600][66.539s][info][gc,nmethod  ] GC(37) O: NMethods: 7312 registered, 545 unregistered
[2026-04-03T06:52:30.048+0600][66.539s][info][gc,metaspace] GC(37) O: Metaspace: 71M used, 72M committed, 1088M reserved
[2026-04-03T06:52:30.048+0600][66.539s][info][gc,ref      ] GC(37) O:                       Encountered   Discovered     Enqueued 
[2026-04-03T06:52:30.048+0600][66.539s][info][gc,ref      ] GC(37) O: Soft References:             5084            0            0 
[2026-04-03T06:52:30.048+0600][66.539s][info][gc,ref      ] GC(37) O: Weak References:             6956         5314            4 
[2026-04-03T06:52:30.048+0600][66.539s][info][gc,ref      ] GC(37) O: Final References:              84           84            0 
[2026-04-03T06:52:30.048+0600][66.539s][info][gc,ref      ] GC(37) O: Phantom References:           599          218            0 
[2026-04-03T06:52:30.048+0600][66.539s][info][gc,reloc    ] GC(37) O:                        Candidates     Selected     In-Place         Size        Empty    Relocated 
[2026-04-03T06:52:30.049+0600][66.539s][info][gc,reloc    ] GC(37) O: Small Pages:                  210           24            0         420M          96M          16M 
[2026-04-03T06:52:30.049+0600][66.539s][info][gc,reloc    ] GC(37) O: Medium Pages:                   2            0            0          64M          32M           0M 
[2026-04-03T06:52:30.049+0600][66.539s][info][gc,reloc    ] GC(37) O: Large Pages:                    8            0            0         104M          84M           0M 
[2026-04-03T06:52:30.049+0600][66.539s][info][gc,reloc    ] GC(37) O: Forwarding Usage: 39M
[2026-04-03T06:52:30.049+0600][66.539s][info][gc,heap     ] GC(37) O: Min Capacity: 8M(0%)
[2026-04-03T06:52:30.049+0600][66.539s][info][gc,heap     ] GC(37) O: Max Capacity: 3922M(100%)
[2026-04-03T06:52:30.049+0600][66.539s][info][gc,heap     ] GC(37) O: Soft Max Capacity: 3529M(90%)
[2026-04-03T06:52:30.049+0600][66.539s][info][gc,heap     ] GC(37) O: Heap Statistics:
[2026-04-03T06:52:30.049+0600][66.539s][info][gc,heap     ] GC(37) O:                Mark Start          Mark End        Relocate Start      Relocate End           High               Low         
[2026-04-03T06:52:30.049+0600][66.539s][info][gc,heap     ] GC(37) O:  Capacity:     3126M (80%)        3126M (80%)        3126M (80%)        3126M (80%)        3126M (80%)        3126M (80%)    
[2026-04-03T06:52:30.049+0600][66.539s][info][gc,heap     ] GC(37) O:      Free:     2770M (71%)        2508M (64%)        2860M (73%)        2816M (72%)        3036M (77%)        2480M (63%)    
[2026-04-03T06:52:30.049+0600][66.539s][info][gc,heap     ] GC(37) O:      Used:     1152M (29%)        1414M (36%)        1062M (27%)        1106M (28%)        1442M (37%)         886M (23%)    
[2026-04-03T06:52:30.049+0600][66.539s][info][gc,heap     ] GC(37) O: Old Generation Statistics:
[2026-04-03T06:52:30.049+0600][66.539s][info][gc,heap     ] GC(37) O:                Mark Start          Mark End        Relocate Start      Relocate End    
[2026-04-03T06:52:30.049+0600][66.539s][info][gc,heap     ] GC(37) O:      Used:      588M (15%)         588M (15%)         484M (12%)         436M (11%)    
[2026-04-03T06:52:30.049+0600][66.539s][info][gc,heap     ] GC(37) O:      Live:         -               290M (7%)          290M (7%)          290M (7%)     
[2026-04-03T06:52:30.049+0600][66.539s][info][gc,heap     ] GC(37) O:   Garbage:         -               297M (8%)           85M (2%)           29M (1%)     
[2026-04-03T06:52:30.049+0600][66.539s][info][gc,heap     ] GC(37) O: Allocated:         -                 0M (0%)          108M (3%)          115M (3%)     
[2026-04-03T06:52:30.049+0600][66.539s][info][gc,heap     ] GC(37) O: Reclaimed:         -                  -               212M (5%)          267M (7%)     
[2026-04-03T06:52:30.049+0600][66.539s][info][gc,heap     ] GC(37) O: Compacted:         -                  -                  -                52M (1%)     
[2026-04-03T06:52:30.049+0600][66.539s][info][gc,phases   ] GC(37) O: Old Generation 886M(23%)->1106M(28%) 2.478s
[2026-04-03T06:52:30.049+0600][66.539s][info][gc          ] GC(37) Major Collection (Allocation Rate) 1152M(29%)->1106M(28%) 3.047s
[2026-04-03T06:52:30.684+0600][67.174s][info][gc          ] GC(39) Minor Collection (Allocation Rate)
[2026-04-03T06:52:30.684+0600][67.174s][info][gc,task     ] GC(39) Using 2 Workers for Young Generation
[2026-04-03T06:52:30.684+0600][67.174s][info][gc,phases   ] GC(39) y: Young Generation
[2026-04-03T06:52:30.685+0600][67.175s][info][gc,phases   ] GC(39) y: Pause Mark Start 0.032ms
[2026-04-03T06:52:30.897+0600][67.388s][info][gc,phases   ] GC(39) y: Concurrent Mark 212.042ms
[2026-04-03T06:52:30.897+0600][67.388s][info][gc,phases   ] GC(39) y: Pause Mark End 0.054ms
[2026-04-03T06:52:30.898+0600][67.388s][info][gc,phases   ] GC(39) y: Concurrent Mark Free 0.002ms
[2026-04-03T06:52:30.898+0600][67.388s][info][gc,phases   ] GC(39) y: Concurrent Reset Relocation Set 0.111ms
[2026-04-03T06:52:30.904+0600][67.395s][info][gc,reloc    ] GC(39) y: Using tenuring threshold: 2 (Computed)
[2026-04-03T06:52:30.939+0600][67.430s][info][gc,phases   ] GC(39) y: Concurrent Select Relocation Set 41.115ms
[2026-04-03T06:52:30.939+0600][67.430s][info][gc,phases   ] GC(39) y: Pause Relocate Start 0.037ms
[2026-04-03T06:52:31.108+0600][67.599s][info][gc,phases   ] GC(39) y: Concurrent Relocate 168.538ms
[2026-04-03T06:52:31.108+0600][67.599s][info][gc,alloc    ] GC(39) y:                         Mark Start        Mark End      Relocate Start    Relocate End   
[2026-04-03T06:52:31.108+0600][67.599s][info][gc,alloc    ] GC(39) y: Allocation Stalls:          0                0                0                0         
[2026-04-03T06:52:31.108+0600][67.599s][info][gc,load     ] GC(39) y: Load: 7.25 (60%) / 8.19 (68%) / 7.43 (62%)
[2026-04-03T06:52:31.108+0600][67.599s][info][gc,mmu      ] GC(39) y: MMU: 2ms/91.1%, 5ms/96.4%, 10ms/98.2%, 20ms/99.1%, 50ms/99.6%, 100ms/99.7%
[2026-04-03T06:52:31.108+0600][67.599s][info][gc,marking  ] GC(39) y: Mark: 2 stripe(s), 3 proactive flush(es), 1 terminate flush(es), 0 completion(s), 0 continuation(s) 
[2026-04-03T06:52:31.109+0600][67.599s][info][gc,marking  ] GC(39) y: Mark Stack Usage: 32M
[2026-04-03T06:52:31.109+0600][67.599s][info][gc,nmethod  ] GC(39) y: NMethods: 7371 registered, 545 unregistered
[2026-04-03T06:52:31.109+0600][67.599s][info][gc,metaspace] GC(39) y: Metaspace: 71M used, 72M committed, 1088M reserved
[2026-04-03T06:52:31.109+0600][67.599s][info][gc,reloc    ] GC(39) y:                        Candidates     Selected     In-Place         Size        Empty    Relocated 
[2026-04-03T06:52:31.109+0600][67.599s][info][gc,reloc    ] GC(39) y: Small Pages:                  629          297            0        1258M         584M          56M 
[2026-04-03T06:52:31.109+0600][67.599s][info][gc,reloc    ] GC(39) y: Medium Pages:                   2            0            0          64M          64M           0M 
[2026-04-03T06:52:31.109+0600][67.599s][info][gc,reloc    ] GC(39) y: Large Pages:                   19            0            0         142M         124M           0M 
[2026-04-03T06:52:31.109+0600][67.599s][info][gc,reloc    ] GC(39) y: Forwarding Usage: 63M
[2026-04-03T06:52:31.109+0600][67.599s][info][gc,reloc    ] GC(39) y: Age Table:
[2026-04-03T06:52:31.109+0600][67.599s][info][gc,reloc    ] GC(39) y:                    Live             Garbage             Small              Medium             Large        
[2026-04-03T06:52:31.109+0600][67.599s][info][gc,reloc    ] GC(39) y: Eden              81M (2%)         1356M (35%)        621 / 296            2 / 0             18 / 0        
[2026-04-03T06:52:31.109+0600][67.599s][info][gc,reloc    ] GC(39) y: Survivor 1         5M (0%)           20M (1%)           8 / 1              0 / 0              1 / 0        
[2026-04-03T06:52:31.109+0600][67.599s][info][gc,heap     ] GC(39) y: Min Capacity: 8M(0%)
[2026-04-03T06:52:31.109+0600][67.599s][info][gc,heap     ] GC(39) y: Max Capacity: 3922M(100%)
[2026-04-03T06:52:31.109+0600][67.599s][info][gc,heap     ] GC(39) y: Soft Max Capacity: 3529M(90%)
[2026-04-03T06:52:31.109+0600][67.599s][info][gc,heap     ] GC(39) y: Heap Statistics:
[2026-04-03T06:52:31.109+0600][67.599s][info][gc,heap     ] GC(39) y:                Mark Start          Mark End        Relocate Start      Relocate End           High               Low         
[2026-04-03T06:52:31.109+0600][67.599s][info][gc,heap     ] GC(39) y:  Capacity:     3126M (80%)        3126M (80%)        3126M (80%)        3126M (80%)        3126M (80%)        3126M (80%)    
[2026-04-03T06:52:31.109+0600][67.599s][info][gc,heap     ] GC(39) y:      Free:     2022M (52%)        1904M (49%)        2670M (68%)        3258M (83%)        3258M (83%)        1904M (49%)    
[2026-04-03T06:52:31.109+0600][67.599s][info][gc,heap     ] GC(39) y:      Used:     1900M (48%)        2018M (51%)        1252M (32%)         664M (17%)        2018M (51%)         664M (17%)    
[2026-04-03T06:52:31.109+0600][67.599s][info][gc,heap     ] GC(39) y: Young Generation Statistics:
[2026-04-03T06:52:31.109+0600][67.599s][info][gc,heap     ] GC(39) y:                Mark Start          Mark End        Relocate Start      Relocate End    
[2026-04-03T06:52:31.109+0600][67.600s][info][gc,heap     ] GC(39) y:      Used:     1464M (37%)        1582M (40%)         816M (21%)         228M (6%)     
[2026-04-03T06:52:31.109+0600][67.600s][info][gc,heap     ] GC(39) y:      Live:         -                87M (2%)           87M (2%)           87M (2%)     
[2026-04-03T06:52:31.109+0600][67.600s][info][gc,heap     ] GC(39) y:   Garbage:         -              1376M (35%)         604M (15%)           0M (0%)     
[2026-04-03T06:52:31.109+0600][67.600s][info][gc,heap     ] GC(39) y: Allocated:         -               118M (3%)          124M (3%)          139M (4%)     
[2026-04-03T06:52:31.109+0600][67.600s][info][gc,heap     ] GC(39) y: Reclaimed:         -                  -               772M (20%)        1375M (35%)    
[2026-04-03T06:52:31.109+0600][67.600s][info][gc,heap     ] GC(39) y:  Promoted:         -                  -                 0M (0%)            0M (0%)     
[2026-04-03T06:52:31.109+0600][67.600s][info][gc,heap     ] GC(39) y: Compacted:         -                  -                  -                66M (2%)     
[2026-04-03T06:52:31.109+0600][67.600s][info][gc,phases   ] GC(39) y: Young Generation 1898M(48%)->664M(17%) 0.425s
[2026-04-03T06:52:31.109+0600][67.600s][info][gc          ] GC(39) Minor Collection (Allocation Rate) 1898M(48%)->664M(17%) 0.425s
[2026-04-03T06:52:32.195+0600][68.685s][info][gc          ] GC(40) Minor Collection (Allocation Rate)
[2026-04-03T06:52:32.195+0600][68.685s][info][gc,task     ] GC(40) Using 2 Workers for Young Generation
[2026-04-03T06:52:32.195+0600][68.685s][info][gc,phases   ] GC(40) y: Young Generation
[2026-04-03T06:52:32.195+0600][68.686s][info][gc,phases   ] GC(40) y: Pause Mark Start 0.022ms
[2026-04-03T06:52:32.353+0600][68.844s][info][gc,phases   ] GC(40) y: Concurrent Mark 157.727ms
[2026-04-03T06:52:32.353+0600][68.844s][info][gc,phases   ] GC(40) y: Pause Mark End 0.020ms
[2026-04-03T06:52:32.353+0600][68.844s][info][gc,phases   ] GC(40) y: Concurrent Mark Free 0.027ms
[2026-04-03T06:52:32.353+0600][68.844s][info][gc,phases   ] GC(40) y: Concurrent Reset Relocation Set 0.051ms
[2026-04-03T06:52:32.356+0600][68.846s][info][gc,reloc    ] GC(40) y: Using tenuring threshold: 1 (Computed)
[2026-04-03T06:52:32.366+0600][68.857s][info][gc,phases   ] GC(40) y: Concurrent Select Relocation Set 13.020ms
[2026-04-03T06:52:32.367+0600][68.857s][info][gc,phases   ] GC(40) y: Pause Relocate Start 0.017ms
[2026-04-03T06:52:32.459+0600][68.950s][info][gc,phases   ] GC(40) y: Concurrent Relocate 92.308ms
[2026-04-03T06:52:32.459+0600][68.950s][info][gc,alloc    ] GC(40) y:                         Mark Start        Mark End      Relocate Start    Relocate End   
[2026-04-03T06:52:32.459+0600][68.950s][info][gc,alloc    ] GC(40) y: Allocation Stalls:          0                0                0                0         
[2026-04-03T06:52:32.459+0600][68.950s][info][gc,load     ] GC(40) y: Load: 6.83 (57%) / 8.09 (67%) / 7.41 (62%)
[2026-04-03T06:52:32.459+0600][68.950s][info][gc,mmu      ] GC(40) y: MMU: 2ms/91.1%, 5ms/96.4%, 10ms/98.2%, 20ms/99.1%, 50ms/99.6%, 100ms/99.7%
[2026-04-03T06:52:32.459+0600][68.950s][info][gc,marking  ] GC(40) y: Mark: 2 stripe(s), 2 proactive flush(es), 1 terminate flush(es), 0 completion(s), 0 continuation(s) 
[2026-04-03T06:52:32.459+0600][68.950s][info][gc,marking  ] GC(40) y: Mark Stack Usage: 32M
[2026-04-03T06:52:32.459+0600][68.950s][info][gc,nmethod  ] GC(40) y: NMethods: 7510 registered, 545 unregistered
[2026-04-03T06:52:32.459+0600][68.950s][info][gc,metaspace] GC(40) y: Metaspace: 72M used, 73M committed, 1152M reserved
[2026-04-03T06:52:32.459+0600][68.950s][info][gc,reloc    ] GC(40) y:                        Candidates     Selected     In-Place         Size        Empty    Relocated 
[2026-04-03T06:52:32.459+0600][68.950s][info][gc,reloc    ] GC(40) y: Small Pages:                  484          164            0         968M         562M          36M 
[2026-04-03T06:52:32.459+0600][68.950s][info][gc,reloc    ] GC(40) y: Medium Pages:                   6            0            0         192M         192M           0M 
[2026-04-03T06:52:32.459+0600][68.950s][info][gc,reloc    ] GC(40) y: Large Pages:                   21            0            0         130M         112M           0M 
[2026-04-03T06:52:32.459+0600][68.950s][info][gc,reloc    ] GC(40) y: Forwarding Usage: 44M
[2026-04-03T06:52:32.459+0600][68.950s][info][gc,reloc    ] GC(40) y: Age Table:
[2026-04-03T06:52:32.459+0600][68.950s][info][gc,reloc    ] GC(40) y:                    Live             Garbage             Small              Medium             Large        
[2026-04-03T06:52:32.459+0600][68.950s][info][gc,reloc    ] GC(40) y: Eden              82M (2%)         1115M (28%)        447 / 161            6 / 0             18 / 0        
[2026-04-03T06:52:32.459+0600][68.950s][info][gc,reloc    ] GC(40) y: Survivor 1         0M (0%)           83M (2%)          33 / 2              0 / 0              3 / 0        
[2026-04-03T06:52:32.459+0600][68.950s][info][gc,reloc    ] GC(40) y: Survivor 2         5M (0%)            2M (0%)           4 / 1              0 / 0              0 / 0        
[2026-04-03T06:52:32.459+0600][68.950s][info][gc,heap     ] GC(40) y: Min Capacity: 8M(0%)
[2026-04-03T06:52:32.459+0600][68.950s][info][gc,heap     ] GC(40) y: Max Capacity: 3922M(100%)
[2026-04-03T06:52:32.459+0600][68.950s][info][gc,heap     ] GC(40) y: Soft Max Capacity: 3529M(90%)
[2026-04-03T06:52:32.459+0600][68.950s][info][gc,heap     ] GC(40) y: Heap Statistics:
[2026-04-03T06:52:32.459+0600][68.950s][info][gc,heap     ] GC(40) y:                Mark Start          Mark End        Relocate Start      Relocate End           High               Low         
[2026-04-03T06:52:32.459+0600][68.950s][info][gc,heap     ] GC(40) y:  Capacity:     3126M (80%)        3126M (80%)        3126M (80%)        3126M (80%)        3126M (80%)        3126M (80%)    
[2026-04-03T06:52:32.459+0600][68.950s][info][gc,heap     ] GC(40) y:      Free:     2196M (56%)        1892M (48%)        2738M (70%)        3034M (77%)        3036M (77%)        1892M (48%)    
[2026-04-03T06:52:32.459+0600][68.950s][info][gc,heap     ] GC(40) y:      Used:     1726M (44%)        2030M (52%)        1184M (30%)         888M (23%)        2030M (52%)         886M (23%)    
[2026-04-03T06:52:32.459+0600][68.950s][info][gc,heap     ] GC(40) y: Young Generation Statistics:
[2026-04-03T06:52:32.459+0600][68.950s][info][gc,heap     ] GC(40) y:                Mark Start          Mark End        Relocate Start      Relocate End    
[2026-04-03T06:52:32.459+0600][68.950s][info][gc,heap     ] GC(40) y:      Used:     1290M (33%)        1594M (41%)         742M (19%)         442M (11%)    
[2026-04-03T06:52:32.459+0600][68.950s][info][gc,heap     ] GC(40) y:      Live:         -                87M (2%)           83M (2%)           82M (2%)     
[2026-04-03T06:52:32.459+0600][68.950s][info][gc,heap     ] GC(40) y:   Garbage:         -              1202M (31%)         334M (9%)            0M (0%)     
[2026-04-03T06:52:32.459+0600][68.950s][info][gc,heap     ] GC(40) y: Allocated:         -               304M (8%)          324M (8%)          359M (9%)     
[2026-04-03T06:52:32.459+0600][68.950s][info][gc,heap     ] GC(40) y: Reclaimed:         -                  -               867M (22%)        1201M (31%)    
[2026-04-03T06:52:32.459+0600][68.950s][info][gc,heap     ] GC(40) y:  Promoted:         -                  -                 4M (0%)            5M (0%)     
[2026-04-03T06:52:32.459+0600][68.950s][info][gc,heap     ] GC(40) y: Compacted:         -                  -                  -                42M (1%)     
[2026-04-03T06:52:32.459+0600][68.950s][info][gc,phases   ] GC(40) y: Young Generation 1726M(44%)->888M(23%) 0.264s
[2026-04-03T06:52:32.459+0600][68.950s][info][gc          ] GC(40) Minor Collection (Allocation Rate) 1726M(44%)->888M(23%) 0.265s
[2026-04-03T06:52:33.073+0600][69.564s][info][gc,exit     ] Stopping ZGC
[2026-04-03T06:52:33.074+0600][69.564s][info][gc,stats    ] === Garbage Collection Statistics =======================================================================================================================
[2026-04-03T06:52:33.074+0600][69.564s][info][gc,stats    ]                                                              Last 10s              Last 10m              Last 10h                Total
[2026-04-03T06:52:33.074+0600][69.564s][info][gc,stats    ]                                                              Avg / Max             Avg / Max             Avg / Max             Avg / Max
[2026-04-03T06:52:33.074+0600][69.564s][info][gc,stats    ]        Contention: Mark Segment Reset Contention                     0 / 2                 5 / 193               5 / 193               5 / 193         ops/s
[2026-04-03T06:52:33.074+0600][69.564s][info][gc,stats    ]        Contention: Mark SeqNum Reset Contention                      0 / 0                 0 / 3                 0 / 3                 0 / 3           ops/s
[2026-04-03T06:52:33.074+0600][69.564s][info][gc,stats    ]          Critical: Allocation Stall                                  0 / 0                 0 / 0                 0 / 0                 0 / 0           ops/s
[2026-04-03T06:52:33.074+0600][69.564s][info][gc,stats    ]          Critical: Allocation Stall                              0.000 / 0.000         0.000 / 0.000         0.000 / 0.000         0.000 / 0.000       ms
[2026-04-03T06:52:33.074+0600][69.565s][info][gc,stats    ]          Critical: JNI Critical Stall                                0 / 1                 0 / 2                 0 / 2                 0 / 2           ops/s
[2026-04-03T06:52:33.074+0600][69.565s][info][gc,stats    ]          Critical: JNI Critical Stall                            1.106 / 1.106         0.662 / 1.129         0.662 / 1.129         0.662 / 1.129       ms
[2026-04-03T06:52:33.074+0600][69.565s][info][gc,stats    ]          Critical: Relocation Stall                                  0 / 0                 0 / 0                 0 / 0                 0 / 0           ops/s
[2026-04-03T06:52:33.074+0600][69.565s][info][gc,stats    ]          Critical: Relocation Stall                              0.000 / 0.000         0.000 / 0.000         0.000 / 0.000         0.000 / 0.000       ms
[2026-04-03T06:52:33.074+0600][69.565s][info][gc,stats    ]  Major Collection: Major Collection                           3078.410 / 3109.814   1427.606 / 6156.439   1427.606 / 6156.439   1427.606 / 6156.439    ms
[2026-04-03T06:52:33.074+0600][69.565s][info][gc,stats    ]            Memory: Allocation Rate                                 596 / 1096            492 / 2226            492 / 2226            492 / 2226        MB/s
[2026-04-03T06:52:33.074+0600][69.565s][info][gc,stats    ]            Memory: Defragment                                        0 / 0                 0 / 47                0 / 47                0 / 47          ops/s
[2026-04-03T06:52:33.074+0600][69.565s][info][gc,stats    ]            Memory: Out Of Memory                                     0 / 0                 0 / 0                 0 / 0                 0 / 0           ops/s
[2026-04-03T06:52:33.074+0600][69.565s][info][gc,stats    ]            Memory: Page Cache Flush                                  0 / 0                 1 / 94                1 / 94                1 / 94          MB/s
[2026-04-03T06:52:33.074+0600][69.565s][info][gc,stats    ]            Memory: Page Cache Hit L1                               284 / 520             218 / 1031            218 / 1031            218 / 1031        ops/s
[2026-04-03T06:52:33.074+0600][69.565s][info][gc,stats    ]            Memory: Page Cache Hit L2                                 0 / 0                 0 / 0                 0 / 0                 0 / 0           ops/s
[2026-04-03T06:52:33.074+0600][69.565s][info][gc,stats    ]            Memory: Page Cache Hit L3                                 0 / 1                 2 / 107               2 / 107               2 / 107         ops/s
[2026-04-03T06:52:33.074+0600][69.565s][info][gc,stats    ]            Memory: Page Cache Miss                                   0 / 0                15 / 340              15 / 340              15 / 340         ops/s
[2026-04-03T06:52:33.074+0600][69.565s][info][gc,stats    ]            Memory: Uncommit                                          0 / 0                 0 / 0                 0 / 0                 0 / 0           MB/s
[2026-04-03T06:52:33.074+0600][69.565s][info][gc,stats    ]            Memory: Undo Object Allocation Failed                     0 / 0                 0 / 0                 0 / 0                 0 / 0           ops/s
[2026-04-03T06:52:33.074+0600][69.565s][info][gc,stats    ]            Memory: Undo Object Allocation Succeeded                  0 / 3                13 / 883              13 / 883              13 / 883         ops/s
[2026-04-03T06:52:33.074+0600][69.565s][info][gc,stats    ]            Memory: Undo Page Allocation                              0 / 0                 0 / 1                 0 / 1                 0 / 1           ops/s
[2026-04-03T06:52:33.074+0600][69.565s][info][gc,stats    ]  Minor Collection: Minor Collection                            757.716 / 1068.053    771.631 / 3381.237    771.631 / 3381.237    771.631 / 3381.237    ms
[2026-04-03T06:52:33.074+0600][69.565s][info][gc,stats    ]    Old Generation: Old Generation                             2478.054 / 2478.395   1025.779 / 4844.018   1025.779 / 4844.018   1025.779 / 4844.018    ms
[2026-04-03T06:52:33.074+0600][69.565s][info][gc,stats    ]         Old Pause: Pause Mark End                                0.042 / 0.043         0.039 / 0.097         0.039 / 0.097         0.039 / 0.097       ms
[2026-04-03T06:52:33.074+0600][69.565s][info][gc,stats    ]         Old Pause: Pause Relocate Start                          0.035 / 0.036         0.033 / 0.056         0.033 / 0.056         0.033 / 0.056       ms
[2026-04-03T06:52:33.074+0600][69.565s][info][gc,stats    ]         Old Phase: Concurrent Mark                            1449.586 / 1562.114    467.270 / 1577.292    467.270 / 1577.292    467.270 / 1577.292    ms
[2026-04-03T06:52:33.074+0600][69.565s][info][gc,stats    ]         Old Phase: Concurrent Mark Continue                      0.000 / 0.000         0.000 / 0.000         0.000 / 0.000         0.000 / 0.000       ms
[2026-04-03T06:52:33.074+0600][69.565s][info][gc,stats    ]         Old Phase: Concurrent Mark Free                          0.004 / 0.004         0.004 / 0.023         0.004 / 0.023         0.004 / 0.023       ms
[2026-04-03T06:52:33.074+0600][69.565s][info][gc,stats    ]         Old Phase: Concurrent Process Non-Strong                28.095 / 30.340       19.986 / 58.996       19.986 / 58.996       19.986 / 58.996      ms
[2026-04-03T06:52:33.074+0600][69.565s][info][gc,stats    ]         Old Phase: Concurrent Relocate                         181.811 / 213.031      54.849 / 247.021      54.849 / 247.021      54.849 / 247.021     ms
[2026-04-03T06:52:33.074+0600][69.565s][info][gc,stats    ]         Old Phase: Concurrent Remap Roots                       32.737 / 35.612       24.329 / 35.612       24.329 / 35.612       24.329 / 35.612      ms
[2026-04-03T06:52:33.074+0600][69.565s][info][gc,stats    ]         Old Phase: Concurrent Reset Relocation Set               0.014 / 0.021         0.007 / 0.021         0.007 / 0.021         0.007 / 0.021       ms
[2026-04-03T06:52:33.074+0600][69.565s][info][gc,stats    ]         Old Phase: Concurrent Select Relocation Set             38.254 / 48.791       12.697 / 48.791       12.697 / 48.791       12.697 / 48.791      ms
[2026-04-03T06:52:33.074+0600][69.565s][info][gc,stats    ]      Old Subphase: Concurrent Classes Purge                      0.070 / 0.080         0.406 / 1.196         0.406 / 1.196         0.406 / 1.196       ms
[2026-04-03T06:52:33.074+0600][69.565s][info][gc,stats    ]      Old Subphase: Concurrent Classes Unlink                    21.761 / 23.857       15.974 / 51.456       15.974 / 51.456       15.974 / 51.456      ms
[2026-04-03T06:52:33.074+0600][69.565s][info][gc,stats    ]      Old Subphase: Concurrent Mark Follow                     1445.528 / 1559.033    465.589 / 1574.091    465.589 / 1574.091    465.589 / 1574.091    ms
[2026-04-03T06:52:33.074+0600][69.565s][info][gc,stats    ]      Old Subphase: Concurrent Mark Root Colored                  0.408 / 0.433         0.209 / 0.433         0.209 / 0.433         0.209 / 0.433       ms
[2026-04-03T06:52:33.074+0600][69.565s][info][gc,stats    ]      Old Subphase: Concurrent Mark Root Uncolored                3.462 / 4.460         0.955 / 4.460         0.955 / 4.460         0.955 / 4.460       ms
[2026-04-03T06:52:33.074+0600][69.565s][info][gc,stats    ]      Old Subphase: Concurrent Mark Roots                         4.046 / 5.022         1.672 / 5.022         1.672 / 5.022         1.672 / 5.022       ms
[2026-04-03T06:52:33.074+0600][69.565s][info][gc,stats    ]      Old Subphase: Concurrent References Enqueue                 0.011 / 0.013         0.008 / 0.019         0.008 / 0.019         0.008 / 0.019       ms
[2026-04-03T06:52:33.074+0600][69.565s][info][gc,stats    ]      Old Subphase: Concurrent References Process                 2.295 / 2.406         1.077 / 3.162         1.077 / 3.162         1.077 / 3.162       ms
[2026-04-03T06:52:33.074+0600][69.565s][info][gc,stats    ]      Old Subphase: Concurrent Remap Remembered                  25.038 / 28.601       19.333 / 28.601       19.333 / 28.601       19.333 / 28.601      ms
[2026-04-03T06:52:33.074+0600][69.565s][info][gc,stats    ]      Old Subphase: Concurrent Remap Roots Colored                3.137 / 5.211         2.239 / 5.211         2.239 / 5.211         2.239 / 5.211       ms
[2026-04-03T06:52:33.074+0600][69.565s][info][gc,stats    ]      Old Subphase: Concurrent Remap Roots Uncolored              3.564 / 4.157         2.278 / 4.410         2.278 / 4.410         2.278 / 4.410       ms
[2026-04-03T06:52:33.074+0600][69.565s][info][gc,stats    ]      Old Subphase: Concurrent Roots ClassLoaderDataGraph         2.018 / 4.820         1.273 / 4.820         1.273 / 4.820         1.273 / 4.820       ms
[2026-04-03T06:52:33.074+0600][69.565s][info][gc,stats    ]      Old Subphase: Concurrent Roots CodeCache                    3.018 / 3.405         2.113 / 3.913         2.113 / 3.913         2.113 / 3.913       ms
[2026-04-03T06:52:33.074+0600][69.565s][info][gc,stats    ]      Old Subphase: Concurrent Roots JavaThreads                  1.165 / 4.456         0.346 / 4.456         0.346 / 4.456         0.346 / 4.456       ms
[2026-04-03T06:52:33.074+0600][69.565s][info][gc,stats    ]      Old Subphase: Concurrent Roots OopStorageSet                0.051 / 0.131         0.035 / 0.173         0.035 / 0.173         0.035 / 0.173       ms
[2026-04-03T06:52:33.074+0600][69.565s][info][gc,stats    ]      Old Subphase: Concurrent Weak Roots OopStorageSet           1.107 / 2.940         0.759 / 3.160         0.759 / 3.160         0.759 / 3.160       ms
[2026-04-03T06:52:33.075+0600][69.565s][info][gc,stats    ]            System: Java Threads                                    191 / 208             110 / 208             110 / 208             110 / 208         threads
[2026-04-03T06:52:33.075+0600][69.565s][info][gc,stats    ]  Young Generation: Young Generation                            598.970 / 629.586     498.764 / 1311.068    498.764 / 1311.068    498.764 / 1311.068    ms
[2026-04-03T06:52:33.075+0600][69.565s][info][gc,stats    ]  Young Generation: Young Generation                            756.982 / 1067.446    770.926 / 3380.416    770.926 / 3380.416    770.926 / 3380.416    ms
[2026-04-03T06:52:33.075+0600][69.565s][info][gc,stats    ]  Young Generation: Young Generation (Collect Roots)              0.000 / 0.000        12.596 / 14.650       12.596 / 14.650       12.596 / 14.650      ms
[2026-04-03T06:52:33.075+0600][69.565s][info][gc,stats    ]  Young Generation: Young Generation (Promote All)                0.000 / 0.000        28.520 / 45.407       28.520 / 45.407       28.520 / 45.407      ms
[2026-04-03T06:52:33.075+0600][69.565s][info][gc,stats    ]       Young Pause: Pause Mark End                                0.055 / 0.178         0.041 / 0.178         0.041 / 0.178         0.041 / 0.178       ms
[2026-04-03T06:52:33.075+0600][69.565s][info][gc,stats    ]       Young Pause: Pause Mark Start                              0.043 / 0.081         0.036 / 0.081         0.036 / 0.081         0.036 / 0.081       ms
[2026-04-03T06:52:33.075+0600][69.565s][info][gc,stats    ]       Young Pause: Pause Mark Start (Major)                      0.042 / 0.042         0.030 / 0.051         0.030 / 0.051         0.030 / 0.051       ms
[2026-04-03T06:52:33.075+0600][69.565s][info][gc,stats    ]       Young Pause: Pause Relocate Start                          0.062 / 0.158         0.038 / 0.158         0.038 / 0.158         0.038 / 0.158       ms
[2026-04-03T06:52:33.075+0600][69.565s][info][gc,stats    ]       Young Phase: Concurrent Mark                             483.222 / 685.263     420.624 / 2138.737    420.624 / 2138.737    420.624 / 2138.737    ms
[2026-04-03T06:52:33.075+0600][69.565s][info][gc,stats    ]       Young Phase: Concurrent Mark Continue                      0.000 / 0.000         0.000 / 0.000         0.000 / 0.000         0.000 / 0.000       ms
[2026-04-03T06:52:33.075+0600][69.565s][info][gc,stats    ]       Young Phase: Concurrent Mark Free                          0.005 / 0.027         0.034 / 0.845         0.034 / 0.845         0.034 / 0.845       ms
[2026-04-03T06:52:33.075+0600][69.565s][info][gc,stats    ]       Young Phase: Concurrent Relocate                         180.155 / 317.137     135.399 / 834.767     135.399 / 834.767     135.399 / 834.767     ms
[2026-04-03T06:52:33.075+0600][69.565s][info][gc,stats    ]       Young Phase: Concurrent Reset Relocation Set               0.118 / 0.323         0.066 / 0.323         0.066 / 0.323         0.066 / 0.323       ms
[2026-04-03T06:52:33.075+0600][69.565s][info][gc,stats    ]       Young Phase: Concurrent Select Relocation Set             55.330 / 112.761      42.469 / 404.360      42.469 / 404.360      42.469 / 404.360     ms
[2026-04-03T06:52:33.075+0600][69.565s][info][gc,stats    ]    Young Subphase: Concurrent Mark Follow                      472.859 / 667.355     411.569 / 2123.910    411.569 / 2123.910    411.569 / 2123.910    ms
[2026-04-03T06:52:33.075+0600][69.565s][info][gc,stats    ]    Young Subphase: Concurrent Mark Root Colored                  3.798 / 5.242         4.466 / 9.108         4.466 / 9.108         4.466 / 9.108       ms
[2026-04-03T06:52:33.075+0600][69.565s][info][gc,stats    ]    Young Subphase: Concurrent Mark Root Uncolored                5.923 / 12.676        4.165 / 12.676        4.165 / 12.676        4.165 / 12.676      ms
[2026-04-03T06:52:33.075+0600][69.565s][info][gc,stats    ]    Young Subphase: Concurrent Mark Roots                        10.412 / 17.896        9.046 / 17.896        9.046 / 17.896        9.046 / 17.896      ms
[2026-04-03T06:52:33.075+0600][69.565s][info][gc,stats    ]    Young Subphase: Concurrent Relocate Remset FP                71.503 / 230.833      42.099 / 508.234      42.099 / 508.234      42.099 / 508.234     ms
[2026-04-03T06:52:33.075+0600][69.565s][info][gc,stats    ]    Young Subphase: Concurrent Roots ClassLoaderDataGraph         2.679 / 4.243         3.408 / 6.204         3.408 / 6.204         3.408 / 6.204       ms
[2026-04-03T06:52:33.075+0600][69.565s][info][gc,stats    ]    Young Subphase: Concurrent Roots CodeCache                    4.831 / 10.382        3.391 / 10.382        3.391 / 10.382        3.391 / 10.382      ms
[2026-04-03T06:52:33.075+0600][69.565s][info][gc,stats    ]    Young Subphase: Concurrent Roots JavaThreads                  0.549 / 2.287         0.407 / 2.287         0.407 / 2.287         0.407 / 2.287       ms
[2026-04-03T06:52:33.075+0600][69.565s][info][gc,stats    ]    Young Subphase: Concurrent Roots OopStorageSet                0.033 / 0.105         0.047 / 0.196         0.047 / 0.196         0.047 / 0.196       ms
[2026-04-03T06:52:33.075+0600][69.565s][info][gc,stats    ]    Young Subphase: Concurrent Weak Roots OopStorageSet           1.072 / 3.280         1.009 / 3.280         1.009 / 3.280         1.009 / 3.280       ms
[2026-04-03T06:52:33.075+0600][69.565s][info][gc,stats    ] =========================================================================================================================================================
[2026-04-03T06:52:33.075+0600][69.566s][info][gc,heap,exit] Heap
[2026-04-03T06:52:33.075+0600][69.566s][info][gc,heap,exit]  ZHeap           used 922M, capacity 3126M, max capacity 3922M
[2026-04-03T06:52:33.075+0600][69.566s][info][gc,heap,exit]  Metaspace       used 74215K, committed 75136K, reserved 1179648K
[2026-04-03T06:52:33.075+0600][69.566s][info][gc,heap,exit]   class space    used 9526K, committed 9920K, reserved 1048576K
