[2026-04-03T06:39:46.927+0600][0.004s][info][gc,init] CardTable entry size: 512
[2026-04-03T06:39:46.928+0600][0.005s][info][gc     ] Using G1
[2026-04-03T06:39:46.932+0600][0.009s][info][gc,init] Version: 21.0.10+7-Ubuntu-124.04 (release)
[2026-04-03T06:39:46.932+0600][0.009s][info][gc,init] CPUs: 12 total, 12 available
[2026-04-03T06:39:46.932+0600][0.009s][info][gc,init] Memory: 15683M
[2026-04-03T06:39:46.932+0600][0.009s][info][gc,init] Large Page Support: Disabled
[2026-04-03T06:39:46.932+0600][0.009s][info][gc,init] NUMA Support: Disabled
[2026-04-03T06:39:46.932+0600][0.009s][info][gc,init] Compressed Oops: Enabled (Zero based)
[2026-04-03T06:39:46.932+0600][0.009s][info][gc,init] Heap Region Size: 2M
[2026-04-03T06:39:46.932+0600][0.009s][info][gc,init] Heap Min Capacity: 8M
[2026-04-03T06:39:46.932+0600][0.009s][info][gc,init] Heap Initial Capacity: 246M
[2026-04-03T06:39:46.932+0600][0.009s][info][gc,init] Heap Max Capacity: 3922M
[2026-04-03T06:39:46.932+0600][0.009s][info][gc,init] Pre-touch: Disabled
[2026-04-03T06:39:46.932+0600][0.009s][info][gc,init] Parallel Workers: 10
[2026-04-03T06:39:46.932+0600][0.009s][info][gc,init] Concurrent Workers: 3
[2026-04-03T06:39:46.932+0600][0.009s][info][gc,init] Concurrent Refinement Workers: 10
[2026-04-03T06:39:46.932+0600][0.009s][info][gc,init] Periodic GC: Disabled
[2026-04-03T06:39:46.946+0600][0.023s][info][gc,metaspace] CDS archive(s) mapped at: [0x00007421cf000000-0x00007421cfc9c000-0x00007421cfc9c000), size 13221888, SharedBaseAddress: 0x00007421cf000000, ArchiveRelocationMode: 1.
[2026-04-03T06:39:46.946+0600][0.023s][info][gc,metaspace] Compressed class space mapped at: 0x00007421d0000000-0x0000742210000000, reserved size: 1073741824
[2026-04-03T06:39:46.946+0600][0.023s][info][gc,metaspace] Narrow klass base: 0x00007421cf000000, Narrow klass shift: 0, Narrow klass range: 0x100000000
[2026-04-03T06:39:47.298+0600][0.375s][info][gc,start    ] GC(0) Pause Young (Normal) (G1 Evacuation Pause)
[2026-04-03T06:39:47.299+0600][0.376s][info][gc,task     ] GC(0) Using 5 workers of 10 for evacuation
[2026-04-03T06:39:47.301+0600][0.378s][info][gc,phases   ] GC(0)   Pre Evacuate Collection Set: 0.16ms
[2026-04-03T06:39:47.301+0600][0.378s][info][gc,phases   ] GC(0)   Merge Heap Roots: 0.13ms
[2026-04-03T06:39:47.301+0600][0.378s][info][gc,phases   ] GC(0)   Evacuate Collection Set: 1.79ms
[2026-04-03T06:39:47.301+0600][0.378s][info][gc,phases   ] GC(0)   Post Evacuate Collection Set: 0.29ms
[2026-04-03T06:39:47.301+0600][0.378s][info][gc,phases   ] GC(0)   Other: 1.16ms
[2026-04-03T06:39:47.301+0600][0.378s][info][gc,heap     ] GC(0) Eden regions: 11->0(22)
[2026-04-03T06:39:47.301+0600][0.378s][info][gc,heap     ] GC(0) Survivor regions: 0->2(2)
[2026-04-03T06:39:47.301+0600][0.378s][info][gc,heap     ] GC(0) Old regions: 1->1
[2026-04-03T06:39:47.301+0600][0.378s][info][gc,heap     ] GC(0) Humongous regions: 0->0
[2026-04-03T06:39:47.301+0600][0.378s][info][gc,metaspace] GC(0) Metaspace: 2524K(2688K)->2524K(2688K) NonClass: 2296K(2368K)->2296K(2368K) Class: 228K(320K)->228K(320K)
[2026-04-03T06:39:47.302+0600][0.378s][info][gc          ] GC(0) Pause Young (Normal) (G1 Evacuation Pause) 23M->3M(248M) 3.841ms
[2026-04-03T06:39:47.302+0600][0.378s][info][gc,cpu      ] GC(0) User=0.01s Sys=0.01s Real=0.00s
[2026-04-03T06:39:47.435+0600][0.512s][info][gc,start    ] GC(1) Pause Young (Normal) (G1 Evacuation Pause)
[2026-04-03T06:39:47.436+0600][0.512s][info][gc,task     ] GC(1) Using 5 workers of 10 for evacuation
[2026-04-03T06:39:47.438+0600][0.515s][info][gc,phases   ] GC(1)   Pre Evacuate Collection Set: 0.20ms
[2026-04-03T06:39:47.438+0600][0.515s][info][gc,phases   ] GC(1)   Merge Heap Roots: 0.05ms
[2026-04-03T06:39:47.438+0600][0.515s][info][gc,phases   ] GC(1)   Evacuate Collection Set: 1.57ms
[2026-04-03T06:39:47.438+0600][0.515s][info][gc,phases   ] GC(1)   Post Evacuate Collection Set: 0.40ms
[2026-04-03T06:39:47.438+0600][0.515s][info][gc,phases   ] GC(1)   Other: 0.06ms
[2026-04-03T06:39:47.438+0600][0.515s][info][gc,heap     ] GC(1) Eden regions: 22->0(71)
[2026-04-03T06:39:47.438+0600][0.515s][info][gc,heap     ] GC(1) Survivor regions: 2->2(3)
[2026-04-03T06:39:47.438+0600][0.515s][info][gc,heap     ] GC(1) Old regions: 1->1
[2026-04-03T06:39:47.438+0600][0.515s][info][gc,heap     ] GC(1) Humongous regions: 0->0
[2026-04-03T06:39:47.438+0600][0.515s][info][gc,metaspace] GC(1) Metaspace: 3809K(3968K)->3809K(3968K) NonClass: 3376K(3456K)->3376K(3456K) Class: 432K(512K)->432K(512K)
[2026-04-03T06:39:47.438+0600][0.515s][info][gc          ] GC(1) Pause Young (Normal) (G1 Evacuation Pause) 47M->3M(248M) 2.506ms
[2026-04-03T06:39:47.438+0600][0.515s][info][gc,cpu      ] GC(1) User=0.00s Sys=0.00s Real=0.00s
[2026-04-03T06:39:47.988+0600][1.065s][info][gc,start    ] GC(2) Pause Young (Normal) (G1 Evacuation Pause)
[2026-04-03T06:39:47.988+0600][1.065s][info][gc,task     ] GC(2) Using 5 workers of 10 for evacuation
[2026-04-03T06:39:47.992+0600][1.069s][info][gc,phases   ] GC(2)   Pre Evacuate Collection Set: 0.22ms
[2026-04-03T06:39:47.992+0600][1.069s][info][gc,phases   ] GC(2)   Merge Heap Roots: 0.12ms
[2026-04-03T06:39:47.992+0600][1.069s][info][gc,phases   ] GC(2)   Evacuate Collection Set: 2.26ms
[2026-04-03T06:39:47.992+0600][1.069s][info][gc,phases   ] GC(2)   Post Evacuate Collection Set: 0.70ms
[2026-04-03T06:39:47.992+0600][1.069s][info][gc,phases   ] GC(2)   Other: 0.10ms
[2026-04-03T06:39:47.992+0600][1.069s][info][gc,heap     ] GC(2) Eden regions: 71->0(71)
[2026-04-03T06:39:47.992+0600][1.069s][info][gc,heap     ] GC(2) Survivor regions: 2->2(10)
[2026-04-03T06:39:47.992+0600][1.069s][info][gc,heap     ] GC(2) Old regions: 1->1
[2026-04-03T06:39:47.992+0600][1.069s][info][gc,heap     ] GC(2) Humongous regions: 0->0
[2026-04-03T06:39:47.992+0600][1.069s][info][gc,metaspace] GC(2) Metaspace: 9872K(10112K)->9872K(10112K) NonClass: 8618K(8768K)->8618K(8768K) Class: 1253K(1344K)->1253K(1344K)
[2026-04-03T06:39:47.992+0600][1.069s][info][gc          ] GC(2) Pause Young (Normal) (G1 Evacuation Pause) 145M->4M(248M) 3.674ms
[2026-04-03T06:39:47.992+0600][1.069s][info][gc,cpu      ] GC(2) User=0.02s Sys=0.00s Real=0.00s
[2026-04-03T06:39:50.523+0600][3.600s][info][gc,start    ] GC(3) Pause Young (Normal) (G1 Evacuation Pause)
[2026-04-03T06:39:50.523+0600][3.600s][info][gc,task     ] GC(3) Using 5 workers of 10 for evacuation
[2026-04-03T06:39:50.530+0600][3.607s][info][gc,phases   ] GC(3)   Pre Evacuate Collection Set: 0.30ms
[2026-04-03T06:39:50.530+0600][3.607s][info][gc,phases   ] GC(3)   Merge Heap Roots: 0.17ms
[2026-04-03T06:39:50.530+0600][3.607s][info][gc,phases   ] GC(3)   Evacuate Collection Set: 5.71ms
[2026-04-03T06:39:50.530+0600][3.607s][info][gc,phases   ] GC(3)   Post Evacuate Collection Set: 1.00ms
[2026-04-03T06:39:50.530+0600][3.607s][info][gc,phases   ] GC(3)   Other: 0.10ms
[2026-04-03T06:39:50.530+0600][3.607s][info][gc,heap     ] GC(3) Eden regions: 71->0(66)
[2026-04-03T06:39:50.530+0600][3.607s][info][gc,heap     ] GC(3) Survivor regions: 2->7(10)
[2026-04-03T06:39:50.530+0600][3.607s][info][gc,heap     ] GC(3) Old regions: 1->1
[2026-04-03T06:39:50.530+0600][3.607s][info][gc,heap     ] GC(3) Humongous regions: 3->3
[2026-04-03T06:39:50.530+0600][3.607s][info][gc,metaspace] GC(3) Metaspace: 17266K(17536K)->17266K(17536K) NonClass: 15112K(15232K)->15112K(15232K) Class: 2154K(2304K)->2154K(2304K)
[2026-04-03T06:39:50.530+0600][3.607s][info][gc          ] GC(3) Pause Young (Normal) (G1 Evacuation Pause) 152M->20M(248M) 7.575ms
[2026-04-03T06:39:50.530+0600][3.607s][info][gc,cpu      ] GC(3) User=0.03s Sys=0.00s Real=0.01s
[2026-04-03T06:39:50.829+0600][3.905s][info][gc,start    ] GC(4) Pause Young (Concurrent Start) (Metadata GC Threshold)
[2026-04-03T06:39:50.829+0600][3.906s][info][gc,task     ] GC(4) Using 5 workers of 10 for evacuation
[2026-04-03T06:39:50.835+0600][3.912s][info][gc,phases   ] GC(4)   Pre Evacuate Collection Set: 0.38ms
[2026-04-03T06:39:50.835+0600][3.912s][info][gc,phases   ] GC(4)   Merge Heap Roots: 0.14ms
[2026-04-03T06:39:50.835+0600][3.912s][info][gc,phases   ] GC(4)   Evacuate Collection Set: 4.22ms
[2026-04-03T06:39:50.835+0600][3.912s][info][gc,phases   ] GC(4)   Post Evacuate Collection Set: 1.27ms
[2026-04-03T06:39:50.835+0600][3.912s][info][gc,phases   ] GC(4)   Other: 0.16ms
[2026-04-03T06:39:50.835+0600][3.912s][info][gc,heap     ] GC(4) Eden regions: 8->0(67)
[2026-04-03T06:39:50.835+0600][3.912s][info][gc,heap     ] GC(4) Survivor regions: 7->6(10)
[2026-04-03T06:39:50.835+0600][3.912s][info][gc,heap     ] GC(4) Old regions: 1->3
[2026-04-03T06:39:50.835+0600][3.912s][info][gc,heap     ] GC(4) Humongous regions: 3->3
[2026-04-03T06:39:50.835+0600][3.912s][info][gc,metaspace] GC(4) Metaspace: 21198K(21504K)->21198K(21504K) NonClass: 18567K(18688K)->18567K(18688K) Class: 2630K(2816K)->2630K(2816K)
[2026-04-03T06:39:50.835+0600][3.912s][info][gc          ] GC(4) Pause Young (Concurrent Start) (Metadata GC Threshold) 36M->21M(248M) 6.468ms
[2026-04-03T06:39:50.835+0600][3.912s][info][gc,cpu      ] GC(4) User=0.02s Sys=0.00s Real=0.01s
[2026-04-03T06:39:50.835+0600][3.912s][info][gc          ] GC(5) Concurrent Mark Cycle
[2026-04-03T06:39:50.835+0600][3.912s][info][gc,marking  ] GC(5) Concurrent Scan Root Regions
[2026-04-03T06:39:50.838+0600][3.915s][info][gc,marking  ] GC(5) Concurrent Scan Root Regions 3.241ms
[2026-04-03T06:39:50.838+0600][3.915s][info][gc,marking  ] GC(5) Concurrent Mark
[2026-04-03T06:39:50.838+0600][3.915s][info][gc,marking  ] GC(5) Concurrent Mark From Roots
[2026-04-03T06:39:50.838+0600][3.915s][info][gc,task     ] GC(5) Using 3 workers of 3 for marking
[2026-04-03T06:39:50.842+0600][3.919s][info][gc,marking  ] GC(5) Concurrent Mark From Roots 3.887ms
[2026-04-03T06:39:50.842+0600][3.919s][info][gc,marking  ] GC(5) Concurrent Preclean
[2026-04-03T06:39:50.842+0600][3.919s][info][gc,marking  ] GC(5) Concurrent Preclean 0.017ms
[2026-04-03T06:39:50.843+0600][3.919s][info][gc,start    ] GC(5) Pause Remark
[2026-04-03T06:39:50.846+0600][3.922s][info][gc          ] GC(5) Pause Remark 22M->22M(80M) 2.959ms
[2026-04-03T06:39:50.846+0600][3.922s][info][gc,cpu      ] GC(5) User=0.01s Sys=0.00s Real=0.01s
[2026-04-03T06:39:50.846+0600][3.923s][info][gc,marking  ] GC(5) Concurrent Mark 7.256ms
[2026-04-03T06:39:50.846+0600][3.923s][info][gc,marking  ] GC(5) Concurrent Rebuild Remembered Sets and Scrub Regions
[2026-04-03T06:39:50.848+0600][3.925s][info][gc,marking  ] GC(5) Concurrent Rebuild Remembered Sets and Scrub Regions 2.277ms
[2026-04-03T06:39:50.856+0600][3.933s][info][gc,start    ] GC(5) Pause Cleanup
[2026-04-03T06:39:50.857+0600][3.934s][info][gc          ] GC(5) Pause Cleanup 22M->22M(80M) 0.269ms
[2026-04-03T06:39:50.857+0600][3.934s][info][gc,cpu      ] GC(5) User=0.00s Sys=0.00s Real=0.00s
[2026-04-03T06:39:50.857+0600][3.934s][info][gc,marking  ] GC(5) Concurrent Clear Claimed Marks
[2026-04-03T06:39:50.857+0600][3.934s][info][gc,marking  ] GC(5) Concurrent Clear Claimed Marks 0.068ms
[2026-04-03T06:39:50.857+0600][3.934s][info][gc,marking  ] GC(5) Concurrent Cleanup for Next Mark
[2026-04-03T06:39:50.858+0600][3.935s][info][gc,marking  ] GC(5) Concurrent Cleanup for Next Mark 0.842ms
[2026-04-03T06:39:50.858+0600][3.935s][info][gc          ] GC(5) Concurrent Mark Cycle 22.783ms
[2026-04-03T06:39:51.822+0600][4.899s][info][gc,start    ] GC(6) Pause Young (Prepare Mixed) (G1 Evacuation Pause)
[2026-04-03T06:39:51.822+0600][4.899s][info][gc,task     ] GC(6) Using 3 workers of 10 for evacuation
[2026-04-03T06:39:51.832+0600][4.909s][info][gc,phases   ] GC(6)   Pre Evacuate Collection Set: 0.43ms
[2026-04-03T06:39:51.832+0600][4.909s][info][gc,phases   ] GC(6)   Merge Heap Roots: 0.19ms
[2026-04-03T06:39:51.832+0600][4.909s][info][gc,phases   ] GC(6)   Evacuate Collection Set: 7.99ms
[2026-04-03T06:39:51.832+0600][4.909s][info][gc,phases   ] GC(6)   Post Evacuate Collection Set: 1.24ms
[2026-04-03T06:39:51.832+0600][4.909s][info][gc,phases   ] GC(6)   Other: 0.08ms
[2026-04-03T06:39:51.832+0600][4.909s][info][gc,heap     ] GC(6) Eden regions: 27->0(26)
[2026-04-03T06:39:51.832+0600][4.909s][info][gc,heap     ] GC(6) Survivor regions: 6->2(10)
[2026-04-03T06:39:51.832+0600][4.909s][info][gc,heap     ] GC(6) Old regions: 3->8
[2026-04-03T06:39:51.832+0600][4.909s][info][gc,heap     ] GC(6) Humongous regions: 5->4
[2026-04-03T06:39:51.832+0600][4.909s][info][gc,metaspace] GC(6) Metaspace: 28570K(28928K)->28570K(28928K) NonClass: 25011K(25216K)->25011K(25216K) Class: 3558K(3712K)->3558K(3712K)
[2026-04-03T06:39:51.833+0600][4.909s][info][gc          ] GC(6) Pause Young (Prepare Mixed) (G1 Evacuation Pause) 79M->25M(96M) 10.222ms
[2026-04-03T06:39:51.833+0600][4.909s][info][gc,cpu      ] GC(6) User=0.02s Sys=0.01s Real=0.01s
[2026-04-03T06:39:53.665+0600][6.742s][info][gc,start    ] GC(7) Pause Young (Mixed) (Metadata GC Threshold)
[2026-04-03T06:39:53.666+0600][6.742s][info][gc,task     ] GC(7) Using 2 workers of 10 for evacuation
[2026-04-03T06:39:53.677+0600][6.753s][info][gc,phases   ] GC(7)   Pre Evacuate Collection Set: 0.28ms
[2026-04-03T06:39:53.677+0600][6.754s][info][gc,phases   ] GC(7)   Merge Heap Roots: 0.12ms
[2026-04-03T06:39:53.677+0600][6.754s][info][gc,phases   ] GC(7)   Evacuate Collection Set: 9.70ms
[2026-04-03T06:39:53.677+0600][6.754s][info][gc,phases   ] GC(7)   Post Evacuate Collection Set: 0.78ms
[2026-04-03T06:39:53.677+0600][6.754s][info][gc,phases   ] GC(7)   Other: 0.10ms
[2026-04-03T06:39:53.677+0600][6.754s][info][gc,heap     ] GC(7) Eden regions: 26->0(28)
[2026-04-03T06:39:53.677+0600][6.754s][info][gc,heap     ] GC(7) Survivor regions: 2->3(4)
[2026-04-03T06:39:53.677+0600][6.754s][info][gc,heap     ] GC(7) Old regions: 8->8
[2026-04-03T06:39:53.677+0600][6.754s][info][gc,heap     ] GC(7) Humongous regions: 12->3
[2026-04-03T06:39:53.677+0600][6.754s][info][gc,metaspace] GC(7) Metaspace: 35775K(36160K)->35775K(36160K) NonClass: 31321K(31552K)->31321K(31552K) Class: 4454K(4608K)->4454K(4608K)
[2026-04-03T06:39:53.677+0600][6.754s][info][gc          ] GC(7) Pause Young (Mixed) (Metadata GC Threshold) 93M->25M(104M) 11.262ms
[2026-04-03T06:39:53.677+0600][6.754s][info][gc,cpu      ] GC(7) User=0.02s Sys=0.00s Real=0.01s
[2026-04-03T06:39:53.699+0600][6.776s][info][gc,start    ] GC(8) Pause Young (Concurrent Start) (Metadata GC Threshold)
[2026-04-03T06:39:53.699+0600][6.776s][info][gc,task     ] GC(8) Using 2 workers of 10 for evacuation
[2026-04-03T06:39:53.707+0600][6.784s][info][gc,phases   ] GC(8)   Pre Evacuate Collection Set: 0.29ms
[2026-04-03T06:39:53.708+0600][6.784s][info][gc,phases   ] GC(8)   Merge Heap Roots: 0.26ms
[2026-04-03T06:39:53.708+0600][6.784s][info][gc,phases   ] GC(8)   Evacuate Collection Set: 6.79ms
[2026-04-03T06:39:53.708+0600][6.784s][info][gc,phases   ] GC(8)   Post Evacuate Collection Set: 0.81ms
[2026-04-03T06:39:53.708+0600][6.784s][info][gc,phases   ] GC(8)   Other: 0.17ms
[2026-04-03T06:39:53.708+0600][6.784s][info][gc,heap     ] GC(8) Eden regions: 3->0(29)
[2026-04-03T06:39:53.708+0600][6.785s][info][gc,heap     ] GC(8) Survivor regions: 3->2(4)
[2026-04-03T06:39:53.708+0600][6.785s][info][gc,heap     ] GC(8) Old regions: 8->9
[2026-04-03T06:39:53.708+0600][6.785s][info][gc,heap     ] GC(8) Humongous regions: 3->3
[2026-04-03T06:39:53.708+0600][6.785s][info][gc,metaspace] GC(8) Metaspace: 36073K(36480K)->36073K(36480K) NonClass: 31582K(31808K)->31582K(31808K) Class: 4491K(4672K)->4491K(4672K)
[2026-04-03T06:39:53.708+0600][6.785s][info][gc          ] GC(8) Pause Young (Concurrent Start) (Metadata GC Threshold) 30M->25M(104M) 8.579ms
[2026-04-03T06:39:53.708+0600][6.785s][info][gc,cpu      ] GC(8) User=0.01s Sys=0.00s Real=0.01s
[2026-04-03T06:39:53.708+0600][6.785s][info][gc          ] GC(9) Concurrent Mark Cycle
[2026-04-03T06:39:53.708+0600][6.785s][info][gc,marking  ] GC(9) Concurrent Scan Root Regions
[2026-04-03T06:39:53.711+0600][6.787s][info][gc,marking  ] GC(9) Concurrent Scan Root Regions 2.811ms
[2026-04-03T06:39:53.711+0600][6.788s][info][gc,marking  ] GC(9) Concurrent Mark
[2026-04-03T06:39:53.711+0600][6.788s][info][gc,marking  ] GC(9) Concurrent Mark From Roots
[2026-04-03T06:39:53.711+0600][6.788s][info][gc,task     ] GC(9) Using 3 workers of 3 for marking
[2026-04-03T06:39:53.717+0600][6.793s][info][gc,marking  ] GC(9) Concurrent Mark From Roots 5.931ms
[2026-04-03T06:39:53.717+0600][6.794s][info][gc,marking  ] GC(9) Concurrent Preclean
[2026-04-03T06:39:53.717+0600][6.794s][info][gc,marking  ] GC(9) Concurrent Preclean 0.070ms
[2026-04-03T06:39:53.717+0600][6.794s][info][gc,start    ] GC(9) Pause Remark
[2026-04-03T06:39:53.722+0600][6.799s][info][gc          ] GC(9) Pause Remark 27M->27M(94M) 5.603ms
[2026-04-03T06:39:53.722+0600][6.799s][info][gc,cpu      ] GC(9) User=0.00s Sys=0.01s Real=0.00s
[2026-04-03T06:39:53.723+0600][6.799s][info][gc,marking  ] GC(9) Concurrent Mark 11.952ms
[2026-04-03T06:39:53.723+0600][6.800s][info][gc,marking  ] GC(9) Concurrent Rebuild Remembered Sets and Scrub Regions
[2026-04-03T06:39:53.726+0600][6.802s][info][gc,marking  ] GC(9) Concurrent Rebuild Remembered Sets and Scrub Regions 2.928ms
[2026-04-03T06:39:53.726+0600][6.803s][info][gc,start    ] GC(9) Pause Cleanup
[2026-04-03T06:39:53.726+0600][6.803s][info][gc          ] GC(9) Pause Cleanup 27M->27M(94M) 0.314ms
[2026-04-03T06:39:53.726+0600][6.803s][info][gc,cpu      ] GC(9) User=0.00s Sys=0.00s Real=0.00s
[2026-04-03T06:39:53.726+0600][6.803s][info][gc,marking  ] GC(9) Concurrent Clear Claimed Marks
[2026-04-03T06:39:53.726+0600][6.803s][info][gc,marking  ] GC(9) Concurrent Clear Claimed Marks 0.071ms
[2026-04-03T06:39:53.726+0600][6.803s][info][gc,marking  ] GC(9) Concurrent Cleanup for Next Mark
[2026-04-03T06:39:53.727+0600][6.804s][info][gc,marking  ] GC(9) Concurrent Cleanup for Next Mark 0.451ms
[2026-04-03T06:39:53.727+0600][6.804s][info][gc          ] GC(9) Concurrent Mark Cycle 19.047ms
[2026-04-03T06:39:55.276+0600][8.353s][info][gc,start    ] GC(10) Pause Young (Prepare Mixed) (G1 Evacuation Pause)
[2026-04-03T06:39:55.276+0600][8.353s][info][gc,task     ] GC(10) Using 2 workers of 10 for evacuation
[2026-04-03T06:39:55.288+0600][8.365s][info][gc,phases   ] GC(10)   Pre Evacuate Collection Set: 0.35ms
[2026-04-03T06:39:55.289+0600][8.365s][info][gc,phases   ] GC(10)   Merge Heap Roots: 0.17ms
[2026-04-03T06:39:55.289+0600][8.365s][info][gc,phases   ] GC(10)   Evacuate Collection Set: 10.76ms
[2026-04-03T06:39:55.289+0600][8.365s][info][gc,phases   ] GC(10)   Post Evacuate Collection Set: 0.91ms
[2026-04-03T06:39:55.289+0600][8.365s][info][gc,phases   ] GC(10)   Other: 0.10ms
[2026-04-03T06:39:55.289+0600][8.365s][info][gc,heap     ] GC(10) Eden regions: 27->0(34)
[2026-04-03T06:39:55.289+0600][8.365s][info][gc,heap     ] GC(10) Survivor regions: 2->3(4)
[2026-04-03T06:39:55.289+0600][8.365s][info][gc,heap     ] GC(10) Old regions: 9->9
[2026-04-03T06:39:55.289+0600][8.365s][info][gc,heap     ] GC(10) Humongous regions: 9->3
[2026-04-03T06:39:55.289+0600][8.366s][info][gc,metaspace] GC(10) Metaspace: 42871K(43264K)->42871K(43264K) NonClass: 37540K(37760K)->37540K(37760K) Class: 5331K(5504K)->5331K(5504K)
[2026-04-03T06:39:55.289+0600][8.366s][info][gc          ] GC(10) Pause Young (Prepare Mixed) (G1 Evacuation Pause) 91M->27M(126M) 12.560ms
[2026-04-03T06:39:55.289+0600][8.366s][info][gc,cpu      ] GC(10) User=0.03s Sys=0.01s Real=0.01s
[2026-04-03T06:39:55.799+0600][8.876s][info][gc,start    ] GC(11) Pause Young (Mixed) (G1 Evacuation Pause)
[2026-04-03T06:39:55.799+0600][8.876s][info][gc,task     ] GC(11) Using 3 workers of 10 for evacuation
[2026-04-03T06:39:55.809+0600][8.886s][info][gc,phases   ] GC(11)   Pre Evacuate Collection Set: 0.26ms
[2026-04-03T06:39:55.809+0600][8.886s][info][gc,phases   ] GC(11)   Merge Heap Roots: 0.15ms
[2026-04-03T06:39:55.809+0600][8.886s][info][gc,phases   ] GC(11)   Evacuate Collection Set: 8.07ms
[2026-04-03T06:39:55.809+0600][8.886s][info][gc,phases   ] GC(11)   Post Evacuate Collection Set: 1.39ms
[2026-04-03T06:39:55.809+0600][8.886s][info][gc,phases   ] GC(11)   Other: 0.09ms
[2026-04-03T06:39:55.809+0600][8.886s][info][gc,heap     ] GC(11) Eden regions: 34->0(32)
[2026-04-03T06:39:55.809+0600][8.886s][info][gc,heap     ] GC(11) Survivor regions: 3->5(5)
[2026-04-03T06:39:55.809+0600][8.886s][info][gc,heap     ] GC(11) Old regions: 9->10
[2026-04-03T06:39:55.809+0600][8.886s][info][gc,heap     ] GC(11) Humongous regions: 3->3
[2026-04-03T06:39:55.809+0600][8.886s][info][gc,metaspace] GC(11) Metaspace: 49391K(49920K)->49391K(49920K) NonClass: 43262K(43584K)->43262K(43584K) Class: 6129K(6336K)->6129K(6336K)
[2026-04-03T06:39:55.809+0600][8.886s][info][gc          ] GC(11) Pause Young (Mixed) (G1 Evacuation Pause) 95M->31M(126M) 10.279ms
[2026-04-03T06:39:55.809+0600][8.886s][info][gc,cpu      ] GC(11) User=0.03s Sys=0.00s Real=0.01s
[2026-04-03T06:39:55.901+0600][8.978s][info][gc,start    ] GC(12) Pause Young (Normal) (G1 Evacuation Pause)
[2026-04-03T06:39:55.901+0600][8.978s][info][gc,task     ] GC(12) Using 3 workers of 10 for evacuation
[2026-04-03T06:39:55.912+0600][8.989s][info][gc,phases   ] GC(12)   Pre Evacuate Collection Set: 0.33ms
[2026-04-03T06:39:55.912+0600][8.989s][info][gc,phases   ] GC(12)   Merge Heap Roots: 0.20ms
[2026-04-03T06:39:55.912+0600][8.989s][info][gc,phases   ] GC(12)   Evacuate Collection Set: 9.56ms
[2026-04-03T06:39:55.912+0600][8.989s][info][gc,phases   ] GC(12)   Post Evacuate Collection Set: 0.85ms
[2026-04-03T06:39:55.912+0600][8.989s][info][gc,phases   ] GC(12)   Other: 0.09ms
[2026-04-03T06:39:55.912+0600][8.989s][info][gc,heap     ] GC(12) Eden regions: 32->0(32)
[2026-04-03T06:39:55.912+0600][8.989s][info][gc,heap     ] GC(12) Survivor regions: 5->5(5)
[2026-04-03T06:39:55.912+0600][8.989s][info][gc,heap     ] GC(12) Old regions: 10->12
[2026-04-03T06:39:55.912+0600][8.989s][info][gc,heap     ] GC(12) Humongous regions: 3->3
[2026-04-03T06:39:55.912+0600][8.989s][info][gc,metaspace] GC(12) Metaspace: 49391K(49920K)->49391K(49920K) NonClass: 43262K(43584K)->43262K(43584K) Class: 6129K(6336K)->6129K(6336K)
[2026-04-03T06:39:55.912+0600][8.989s][info][gc          ] GC(12) Pause Young (Normal) (G1 Evacuation Pause) 95M->37M(126M) 11.288ms
[2026-04-03T06:39:55.912+0600][8.989s][info][gc,cpu      ] GC(12) User=0.03s Sys=0.00s Real=0.01s
[2026-04-03T06:39:55.977+0600][9.054s][info][gc,start    ] GC(13) Pause Young (Normal) (G1 Evacuation Pause)
[2026-04-03T06:39:55.977+0600][9.054s][info][gc,task     ] GC(13) Using 3 workers of 10 for evacuation
[2026-04-03T06:39:55.988+0600][9.065s][info][gc,phases   ] GC(13)   Pre Evacuate Collection Set: 0.34ms
[2026-04-03T06:39:55.988+0600][9.065s][info][gc,phases   ] GC(13)   Merge Heap Roots: 0.16ms
[2026-04-03T06:39:55.988+0600][9.065s][info][gc,phases   ] GC(13)   Evacuate Collection Set: 9.16ms
[2026-04-03T06:39:55.988+0600][9.065s][info][gc,phases   ] GC(13)   Post Evacuate Collection Set: 0.75ms
[2026-04-03T06:39:55.988+0600][9.065s][info][gc,phases   ] GC(13)   Other: 0.11ms
[2026-04-03T06:39:55.988+0600][9.065s][info][gc,heap     ] GC(13) Eden regions: 32->0(32)
[2026-04-03T06:39:55.988+0600][9.065s][info][gc,heap     ] GC(13) Survivor regions: 5->4(5)
[2026-04-03T06:39:55.988+0600][9.065s][info][gc,heap     ] GC(13) Old regions: 12->17
[2026-04-03T06:39:55.988+0600][9.065s][info][gc,heap     ] GC(13) Humongous regions: 3->3
[2026-04-03T06:39:55.988+0600][9.065s][info][gc,metaspace] GC(13) Metaspace: 49391K(49920K)->49391K(49920K) NonClass: 43262K(43584K)->43262K(43584K) Class: 6129K(6336K)->6129K(6336K)
[2026-04-03T06:39:55.988+0600][9.065s][info][gc          ] GC(13) Pause Young (Normal) (G1 Evacuation Pause) 101M->44M(126M) 10.892ms
[2026-04-03T06:39:55.988+0600][9.065s][info][gc,cpu      ] GC(13) User=0.03s Sys=0.01s Real=0.01s
[2026-04-03T06:39:56.060+0600][9.137s][info][gc,start    ] GC(14) Pause Young (Normal) (G1 Evacuation Pause)
[2026-04-03T06:39:56.060+0600][9.137s][info][gc,task     ] GC(14) Using 3 workers of 10 for evacuation
[2026-04-03T06:39:56.067+0600][9.144s][info][gc,phases   ] GC(14)   Pre Evacuate Collection Set: 0.31ms
[2026-04-03T06:39:56.067+0600][9.144s][info][gc,phases   ] GC(14)   Merge Heap Roots: 0.17ms
[2026-04-03T06:39:56.067+0600][9.144s][info][gc,phases   ] GC(14)   Evacuate Collection Set: 6.20ms
[2026-04-03T06:39:56.067+0600][9.144s][info][gc,phases   ] GC(14)   Post Evacuate Collection Set: 0.38ms
[2026-04-03T06:39:56.067+0600][9.144s][info][gc,phases   ] GC(14)   Other: 0.09ms
[2026-04-03T06:39:56.067+0600][9.144s][info][gc,heap     ] GC(14) Eden regions: 32->0(31)
[2026-04-03T06:39:56.067+0600][9.144s][info][gc,heap     ] GC(14) Survivor regions: 4->3(5)
[2026-04-03T06:39:56.067+0600][9.144s][info][gc,heap     ] GC(14) Old regions: 17->19
[2026-04-03T06:39:56.067+0600][9.144s][info][gc,heap     ] GC(14) Humongous regions: 3->3
[2026-04-03T06:39:56.067+0600][9.144s][info][gc,metaspace] GC(14) Metaspace: 49391K(49920K)->49391K(49920K) NonClass: 43262K(43584K)->43262K(43584K) Class: 6129K(6336K)->6129K(6336K)
[2026-04-03T06:39:56.067+0600][9.144s][info][gc          ] GC(14) Pause Young (Normal) (G1 Evacuation Pause) 108M->49M(126M) 7.478ms
[2026-04-03T06:39:56.067+0600][9.144s][info][gc,cpu      ] GC(14) User=0.02s Sys=0.00s Real=0.01s
[2026-04-03T06:39:56.129+0600][9.206s][info][gc,start    ] GC(15) Pause Young (Normal) (G1 Evacuation Pause)
[2026-04-03T06:39:56.129+0600][9.206s][info][gc,task     ] GC(15) Using 3 workers of 10 for evacuation
[2026-04-03T06:39:56.136+0600][9.213s][info][gc,phases   ] GC(15)   Pre Evacuate Collection Set: 0.34ms
[2026-04-03T06:39:56.136+0600][9.213s][info][gc,phases   ] GC(15)   Merge Heap Roots: 0.17ms
[2026-04-03T06:39:56.136+0600][9.213s][info][gc,phases   ] GC(15)   Evacuate Collection Set: 5.49ms
[2026-04-03T06:39:56.136+0600][9.213s][info][gc,phases   ] GC(15)   Post Evacuate Collection Set: 1.19ms
[2026-04-03T06:39:56.136+0600][9.213s][info][gc,phases   ] GC(15)   Other: 0.12ms
[2026-04-03T06:39:56.136+0600][9.213s][info][gc,heap     ] GC(15) Eden regions: 31->0(72)
[2026-04-03T06:39:56.136+0600][9.213s][info][gc,heap     ] GC(15) Survivor regions: 3->3(5)
[2026-04-03T06:39:56.136+0600][9.213s][info][gc,heap     ] GC(15) Old regions: 19->22
[2026-04-03T06:39:56.136+0600][9.213s][info][gc,heap     ] GC(15) Humongous regions: 3->3
[2026-04-03T06:39:56.136+0600][9.213s][info][gc,metaspace] GC(15) Metaspace: 49391K(49920K)->49391K(49920K) NonClass: 43262K(43584K)->43262K(43584K) Class: 6129K(6336K)->6129K(6336K)
[2026-04-03T06:39:56.137+0600][9.213s][info][gc          ] GC(15) Pause Young (Normal) (G1 Evacuation Pause) 111M->55M(252M) 7.580ms
[2026-04-03T06:39:56.137+0600][9.213s][info][gc,cpu      ] GC(15) User=0.02s Sys=0.00s Real=0.01s
[2026-04-03T06:39:56.354+0600][9.430s][info][gc,start    ] GC(16) Pause Young (Normal) (G1 Evacuation Pause)
[2026-04-03T06:39:56.354+0600][9.431s][info][gc,task     ] GC(16) Using 6 workers of 10 for evacuation
[2026-04-03T06:39:56.360+0600][9.437s][info][gc,phases   ] GC(16)   Pre Evacuate Collection Set: 0.33ms
[2026-04-03T06:39:56.360+0600][9.437s][info][gc,phases   ] GC(16)   Merge Heap Roots: 0.08ms
[2026-04-03T06:39:56.360+0600][9.437s][info][gc,phases   ] GC(16)   Evacuate Collection Set: 5.23ms
[2026-04-03T06:39:56.360+0600][9.437s][info][gc,phases   ] GC(16)   Post Evacuate Collection Set: 0.59ms
[2026-04-03T06:39:56.360+0600][9.437s][info][gc,phases   ] GC(16)   Other: 0.09ms
[2026-04-03T06:39:56.360+0600][9.437s][info][gc,heap     ] GC(16) Eden regions: 72->0(65)
[2026-04-03T06:39:56.360+0600][9.437s][info][gc,heap     ] GC(16) Survivor regions: 3->10(10)
[2026-04-03T06:39:56.360+0600][9.437s][info][gc,heap     ] GC(16) Old regions: 22->22
[2026-04-03T06:39:56.360+0600][9.437s][info][gc,heap     ] GC(16) Humongous regions: 3->3
[2026-04-03T06:39:56.360+0600][9.437s][info][gc,metaspace] GC(16) Metaspace: 49391K(49920K)->49391K(49920K) NonClass: 43262K(43584K)->43262K(43584K) Class: 6129K(6336K)->6129K(6336K)
[2026-04-03T06:39:56.360+0600][9.437s][info][gc          ] GC(16) Pause Young (Normal) (G1 Evacuation Pause) 199M->67M(252M) 6.654ms
[2026-04-03T06:39:56.360+0600][9.437s][info][gc,cpu      ] GC(16) User=0.04s Sys=0.00s Real=0.00s
[2026-04-03T06:39:56.485+0600][9.562s][info][gc,start    ] GC(17) Pause Young (Normal) (G1 Evacuation Pause)
[2026-04-03T06:39:56.485+0600][9.562s][info][gc,task     ] GC(17) Using 6 workers of 10 for evacuation
[2026-04-03T06:39:56.494+0600][9.571s][info][gc,phases   ] GC(17)   Pre Evacuate Collection Set: 0.17ms
[2026-04-03T06:39:56.494+0600][9.571s][info][gc,phases   ] GC(17)   Merge Heap Roots: 0.19ms
[2026-04-03T06:39:56.494+0600][9.571s][info][gc,phases   ] GC(17)   Evacuate Collection Set: 7.91ms
[2026-04-03T06:39:56.494+0600][9.571s][info][gc,phases   ] GC(17)   Post Evacuate Collection Set: 0.50ms
[2026-04-03T06:39:56.494+0600][9.571s][info][gc,phases   ] GC(17)   Other: 0.07ms
[2026-04-03T06:39:56.494+0600][9.571s][info][gc,heap     ] GC(17) Eden regions: 65->0(68)
[2026-04-03T06:39:56.494+0600][9.571s][info][gc,heap     ] GC(17) Survivor regions: 10->7(10)
[2026-04-03T06:39:56.494+0600][9.571s][info][gc,heap     ] GC(17) Old regions: 22->32
[2026-04-03T06:39:56.494+0600][9.571s][info][gc,heap     ] GC(17) Humongous regions: 3->3
[2026-04-03T06:39:56.494+0600][9.571s][info][gc,metaspace] GC(17) Metaspace: 49391K(49920K)->49391K(49920K) NonClass: 43262K(43584K)->43262K(43584K) Class: 6129K(6336K)->6129K(6336K)
[2026-04-03T06:39:56.494+0600][9.571s][info][gc          ] GC(17) Pause Young (Normal) (G1 Evacuation Pause) 197M->81M(252M) 9.121ms
[2026-04-03T06:39:56.494+0600][9.571s][info][gc,cpu      ] GC(17) User=0.05s Sys=0.00s Real=0.01s
[2026-04-03T06:39:56.624+0600][9.700s][info][gc,start    ] GC(18) Pause Young (Normal) (G1 Evacuation Pause)
[2026-04-03T06:39:56.624+0600][9.701s][info][gc,task     ] GC(18) Using 6 workers of 10 for evacuation
[2026-04-03T06:39:56.631+0600][9.708s][info][gc,phases   ] GC(18)   Pre Evacuate Collection Set: 0.26ms
[2026-04-03T06:39:56.631+0600][9.708s][info][gc,phases   ] GC(18)   Merge Heap Roots: 0.15ms
[2026-04-03T06:39:56.631+0600][9.708s][info][gc,phases   ] GC(18)   Evacuate Collection Set: 6.09ms
[2026-04-03T06:39:56.631+0600][9.708s][info][gc,phases   ] GC(18)   Post Evacuate Collection Set: 0.82ms
[2026-04-03T06:39:56.631+0600][9.708s][info][gc,phases   ] GC(18)   Other: 0.08ms
[2026-04-03T06:39:56.631+0600][9.708s][info][gc,heap     ] GC(18) Eden regions: 68->0(64)
[2026-04-03T06:39:56.631+0600][9.708s][info][gc,heap     ] GC(18) Survivor regions: 7->7(10)
[2026-04-03T06:39:56.631+0600][9.708s][info][gc,heap     ] GC(18) Old regions: 32->38
[2026-04-03T06:39:56.631+0600][9.708s][info][gc,heap     ] GC(18) Humongous regions: 3->3
[2026-04-03T06:39:56.631+0600][9.708s][info][gc,metaspace] GC(18) Metaspace: 49391K(49920K)->49391K(49920K) NonClass: 43262K(43584K)->43262K(43584K) Class: 6129K(6336K)->6129K(6336K)
[2026-04-03T06:39:56.631+0600][9.708s][info][gc          ] GC(18) Pause Young (Normal) (G1 Evacuation Pause) 217M->93M(252M) 7.736ms
[2026-04-03T06:39:56.631+0600][9.708s][info][gc,cpu      ] GC(18) User=0.04s Sys=0.00s Real=0.00s
[2026-04-03T06:39:56.754+0600][9.830s][info][gc,start    ] GC(19) Pause Young (Normal) (G1 Evacuation Pause)
[2026-04-03T06:39:56.754+0600][9.831s][info][gc,task     ] GC(19) Using 6 workers of 10 for evacuation
[2026-04-03T06:39:56.761+0600][9.838s][info][gc,phases   ] GC(19)   Pre Evacuate Collection Set: 0.25ms
[2026-04-03T06:39:56.761+0600][9.838s][info][gc,phases   ] GC(19)   Merge Heap Roots: 0.08ms
[2026-04-03T06:39:56.761+0600][9.838s][info][gc,phases   ] GC(19)   Evacuate Collection Set: 5.89ms
[2026-04-03T06:39:56.761+0600][9.838s][info][gc,phases   ] GC(19)   Post Evacuate Collection Set: 1.41ms
[2026-04-03T06:39:56.761+0600][9.838s][info][gc,phases   ] GC(19)   Other: 0.07ms
[2026-04-03T06:39:56.761+0600][9.838s][info][gc,heap     ] GC(19) Eden regions: 64->0(121)
[2026-04-03T06:39:56.761+0600][9.838s][info][gc,heap     ] GC(19) Survivor regions: 7->7(9)
[2026-04-03T06:39:56.761+0600][9.838s][info][gc,heap     ] GC(19) Old regions: 38->45
[2026-04-03T06:39:56.761+0600][9.838s][info][gc,heap     ] GC(19) Humongous regions: 3->3
[2026-04-03T06:39:56.761+0600][9.838s][info][gc,metaspace] GC(19) Metaspace: 49391K(49920K)->49391K(49920K) NonClass: 43262K(43584K)->43262K(43584K) Class: 6129K(6336K)->6129K(6336K)
[2026-04-03T06:39:56.761+0600][9.838s][info][gc          ] GC(19) Pause Young (Normal) (G1 Evacuation Pause) 221M->107M(428M) 7.914ms
[2026-04-03T06:39:56.761+0600][9.838s][info][gc,cpu      ] GC(19) User=0.04s Sys=0.00s Real=0.00s
[2026-04-03T06:39:57.078+0600][10.155s][info][gc,start    ] GC(20) Pause Young (Normal) (G1 Evacuation Pause)
[2026-04-03T06:39:57.078+0600][10.155s][info][gc,task     ] GC(20) Using 10 workers of 10 for evacuation
[2026-04-03T06:39:57.087+0600][10.164s][info][gc,phases   ] GC(20)   Pre Evacuate Collection Set: 0.36ms
[2026-04-03T06:39:57.087+0600][10.164s][info][gc,phases   ] GC(20)   Merge Heap Roots: 0.15ms
[2026-04-03T06:39:57.087+0600][10.164s][info][gc,phases   ] GC(20)   Evacuate Collection Set: 7.25ms
[2026-04-03T06:39:57.087+0600][10.164s][info][gc,phases   ] GC(20)   Post Evacuate Collection Set: 0.78ms
[2026-04-03T06:39:57.087+0600][10.164s][info][gc,phases   ] GC(20)   Other: 0.17ms
[2026-04-03T06:39:57.087+0600][10.164s][info][gc,heap     ] GC(20) Eden regions: 121->0(112)
[2026-04-03T06:39:57.087+0600][10.164s][info][gc,heap     ] GC(20) Survivor regions: 7->16(16)
[2026-04-03T06:39:57.087+0600][10.164s][info][gc,heap     ] GC(20) Old regions: 45->46
[2026-04-03T06:39:57.087+0600][10.164s][info][gc,heap     ] GC(20) Humongous regions: 3->3
[2026-04-03T06:39:57.087+0600][10.164s][info][gc,metaspace] GC(20) Metaspace: 49391K(49920K)->49391K(49920K) NonClass: 43262K(43584K)->43262K(43584K) Class: 6129K(6336K)->6129K(6336K)
[2026-04-03T06:39:57.087+0600][10.164s][info][gc          ] GC(20) Pause Young (Normal) (G1 Evacuation Pause) 349M->127M(428M) 9.027ms
[2026-04-03T06:39:57.087+0600][10.164s][info][gc,cpu      ] GC(20) User=0.08s Sys=0.00s Real=0.01s
[2026-04-03T06:39:59.122+0600][12.198s][info][gc,start    ] GC(21) Pause Full (System.gc())
[2026-04-03T06:39:59.122+0600][12.199s][info][gc,task     ] GC(21) Using 10 workers of 10 for full compaction
[2026-04-03T06:39:59.122+0600][12.199s][info][gc,phases,start] GC(21) Phase 1: Mark live objects
[2026-04-03T06:39:59.133+0600][12.210s][info][gc,phases      ] GC(21) Phase 1: Mark live objects 10.860ms
[2026-04-03T06:39:59.133+0600][12.210s][info][gc,phases,start] GC(21) Phase 2: Prepare compaction
[2026-04-03T06:39:59.135+0600][12.212s][info][gc,phases      ] GC(21) Phase 2: Prepare compaction 2.071ms
[2026-04-03T06:39:59.135+0600][12.212s][info][gc,phases,start] GC(21) Phase 3: Adjust pointers
[2026-04-03T06:39:59.140+0600][12.217s][info][gc,phases      ] GC(21) Phase 3: Adjust pointers 4.657ms
[2026-04-03T06:39:59.140+0600][12.217s][info][gc,phases,start] GC(21) Phase 4: Compact heap
[2026-04-03T06:39:59.142+0600][12.219s][info][gc,phases      ] GC(21) Phase 4: Compact heap 2.159ms
[2026-04-03T06:39:59.142+0600][12.219s][info][gc,phases,start] GC(21) Phase 5: Reset Metadata
[2026-04-03T06:39:59.143+0600][12.220s][info][gc,phases      ] GC(21) Phase 5: Reset Metadata 1.156ms
[2026-04-03T06:39:59.150+0600][12.227s][info][gc,heap        ] GC(21) Eden regions: 71->0(40)
[2026-04-03T06:39:59.150+0600][12.227s][info][gc,heap        ] GC(21) Survivor regions: 16->0(16)
[2026-04-03T06:39:59.150+0600][12.227s][info][gc,heap        ] GC(21) Old regions: 46->18
[2026-04-03T06:39:59.150+0600][12.227s][info][gc,heap        ] GC(21) Humongous regions: 13->3
[2026-04-03T06:39:59.150+0600][12.227s][info][gc,metaspace   ] GC(21) Metaspace: 55594K(56192K)->55594K(56192K) NonClass: 48600K(48960K)->48600K(48960K) Class: 6993K(7232K)->6993K(7232K)
[2026-04-03T06:39:59.150+0600][12.227s][info][gc             ] GC(21) Pause Full (System.gc()) 289M->29M(140M) 28.142ms
[2026-04-03T06:39:59.150+0600][12.227s][info][gc,cpu         ] GC(21) User=0.11s Sys=0.04s Real=0.03s
[2026-04-03T06:40:01.122+0600][14.199s][info][gc,start       ] GC(22) Pause Young (Normal) (G1 Evacuation Pause)
[2026-04-03T06:40:01.123+0600][14.199s][info][gc,task        ] GC(22) Using 6 workers of 10 for evacuation
[2026-04-03T06:40:01.128+0600][14.205s][info][gc,phases      ] GC(22)   Pre Evacuate Collection Set: 0.35ms
[2026-04-03T06:40:01.128+0600][14.205s][info][gc,phases      ] GC(22)   Merge Heap Roots: 0.18ms
[2026-04-03T06:40:01.128+0600][14.205s][info][gc,phases      ] GC(22)   Evacuate Collection Set: 3.56ms
[2026-04-03T06:40:01.128+0600][14.205s][info][gc,phases      ] GC(22)   Post Evacuate Collection Set: 1.01ms
[2026-04-03T06:40:01.128+0600][14.205s][info][gc,phases      ] GC(22)   Other: 0.09ms
[2026-04-03T06:40:01.128+0600][14.205s][info][gc,heap        ] GC(22) Eden regions: 39->0(40)
[2026-04-03T06:40:01.128+0600][14.205s][info][gc,heap        ] GC(22) Survivor regions: 0->3(5)
[2026-04-03T06:40:01.128+0600][14.205s][info][gc,heap        ] GC(22) Old regions: 18->18
[2026-04-03T06:40:01.128+0600][14.205s][info][gc,heap        ] GC(22) Humongous regions: 13->3
[2026-04-03T06:40:01.128+0600][14.205s][info][gc,metaspace   ] GC(22) Metaspace: 61734K(62528K)->61734K(62528K) NonClass: 53978K(54464K)->53978K(54464K) Class: 7755K(8064K)->7755K(8064K)
[2026-04-03T06:40:01.128+0600][14.205s][info][gc             ] GC(22) Pause Young (Normal) (G1 Evacuation Pause) 127M->35M(146M) 5.601ms
[2026-04-03T06:40:01.128+0600][14.205s][info][gc,cpu         ] GC(22) User=0.02s Sys=0.00s Real=0.01s
[2026-04-03T06:40:01.322+0600][14.399s][info][gc,start       ] GC(23) Pause Young (Normal) (G1 Evacuation Pause)
[2026-04-03T06:40:01.323+0600][14.399s][info][gc,task        ] GC(23) Using 4 workers of 10 for evacuation
[2026-04-03T06:40:01.331+0600][14.408s][info][gc,phases      ] GC(23)   Pre Evacuate Collection Set: 0.33ms
[2026-04-03T06:40:01.331+0600][14.408s][info][gc,phases      ] GC(23)   Merge Heap Roots: 0.17ms
[2026-04-03T06:40:01.331+0600][14.408s][info][gc,phases      ] GC(23)   Evacuate Collection Set: 6.70ms
[2026-04-03T06:40:01.331+0600][14.408s][info][gc,phases      ] GC(23)   Post Evacuate Collection Set: 0.79ms
[2026-04-03T06:40:01.331+0600][14.408s][info][gc,phases      ] GC(23)   Other: 0.13ms
[2026-04-03T06:40:01.331+0600][14.408s][info][gc,heap        ] GC(23) Eden regions: 40->0(37)
[2026-04-03T06:40:01.331+0600][14.408s][info][gc,heap        ] GC(23) Survivor regions: 3->6(6)
[2026-04-03T06:40:01.331+0600][14.408s][info][gc,heap        ] GC(23) Old regions: 18->18
[2026-04-03T06:40:01.331+0600][14.408s][info][gc,heap        ] GC(23) Humongous regions: 3->3
[2026-04-03T06:40:01.331+0600][14.408s][info][gc,metaspace   ] GC(23) Metaspace: 61764K(62528K)->61764K(62528K) NonClass: 54009K(54464K)->54009K(54464K) Class: 7755K(8064K)->7755K(8064K)
[2026-04-03T06:40:01.331+0600][14.408s][info][gc             ] GC(23) Pause Young (Normal) (G1 Evacuation Pause) 115M->40M(146M) 8.488ms
[2026-04-03T06:40:01.331+0600][14.408s][info][gc,cpu         ] GC(23) User=0.04s Sys=0.00s Real=0.01s
[2026-04-03T06:40:01.411+0600][14.488s][info][gc,start       ] GC(24) Pause Young (Normal) (G1 Evacuation Pause)
[2026-04-03T06:40:01.411+0600][14.488s][info][gc,task        ] GC(24) Using 3 workers of 10 for evacuation
[2026-04-03T06:40:01.427+0600][14.504s][info][gc,phases      ] GC(24)   Pre Evacuate Collection Set: 0.26ms
[2026-04-03T06:40:01.427+0600][14.504s][info][gc,phases      ] GC(24)   Merge Heap Roots: 0.19ms
[2026-04-03T06:40:01.427+0600][14.504s][info][gc,phases      ] GC(24)   Evacuate Collection Set: 13.98ms
[2026-04-03T06:40:01.427+0600][14.504s][info][gc,phases      ] GC(24)   Post Evacuate Collection Set: 0.68ms
[2026-04-03T06:40:01.427+0600][14.504s][info][gc,phases      ] GC(24)   Other: 0.09ms
[2026-04-03T06:40:01.427+0600][14.504s][info][gc,heap        ] GC(24) Eden regions: 37->0(35)
[2026-04-03T06:40:01.427+0600][14.504s][info][gc,heap        ] GC(24) Survivor regions: 6->4(6)
[2026-04-03T06:40:01.427+0600][14.504s][info][gc,heap        ] GC(24) Old regions: 18->23
[2026-04-03T06:40:01.427+0600][14.504s][info][gc,heap        ] GC(24) Humongous regions: 4->4
[2026-04-03T06:40:01.427+0600][14.504s][info][gc,metaspace   ] GC(24) Metaspace: 61773K(62528K)->61773K(62528K) NonClass: 54017K(54464K)->54017K(54464K) Class: 7755K(8064K)->7755K(8064K)
[2026-04-03T06:40:01.427+0600][14.504s][info][gc             ] GC(24) Pause Young (Normal) (G1 Evacuation Pause) 116M->48M(148M) 15.478ms
[2026-04-03T06:40:01.427+0600][14.504s][info][gc,cpu         ] GC(24) User=0.06s Sys=0.00s Real=0.02s
[2026-04-03T06:40:01.486+0600][14.563s][info][gc,start       ] GC(25) Pause Young (Normal) (G1 Evacuation Pause)
[2026-04-03T06:40:01.486+0600][14.563s][info][gc,task        ] GC(25) Using 3 workers of 10 for evacuation
[2026-04-03T06:40:01.499+0600][14.576s][info][gc,phases      ] GC(25)   Pre Evacuate Collection Set: 0.34ms
[2026-04-03T06:40:01.499+0600][14.576s][info][gc,phases      ] GC(25)   Merge Heap Roots: 0.07ms
[2026-04-03T06:40:01.499+0600][14.576s][info][gc,phases      ] GC(25)   Evacuate Collection Set: 11.14ms
[2026-04-03T06:40:01.499+0600][14.576s][info][gc,phases      ] GC(25)   Post Evacuate Collection Set: 0.68ms
[2026-04-03T06:40:01.499+0600][14.576s][info][gc,phases      ] GC(25)   Other: 0.09ms
[2026-04-03T06:40:01.499+0600][14.576s][info][gc,heap        ] GC(25) Eden regions: 35->0(75)
[2026-04-03T06:40:01.499+0600][14.576s][info][gc,heap        ] GC(25) Survivor regions: 4->3(5)
[2026-04-03T06:40:01.499+0600][14.576s][info][gc,heap        ] GC(25) Old regions: 23->27
[2026-04-03T06:40:01.499+0600][14.576s][info][gc,heap        ] GC(25) Humongous regions: 4->4
[2026-04-03T06:40:01.499+0600][14.576s][info][gc,metaspace   ] GC(25) Metaspace: 61783K(62528K)->61783K(62528K) NonClass: 54027K(54464K)->54027K(54464K) Class: 7755K(8064K)->7755K(8064K)
[2026-04-03T06:40:01.499+0600][14.576s][info][gc             ] GC(25) Pause Young (Normal) (G1 Evacuation Pause) 118M->53M(260M) 12.654ms
[2026-04-03T06:40:01.499+0600][14.576s][info][gc,cpu         ] GC(25) User=0.05s Sys=0.01s Real=0.01s
[2026-04-03T06:40:01.649+0600][14.726s][info][gc,start       ] GC(26) Pause Young (Normal) (G1 Evacuation Pause)
[2026-04-03T06:40:01.649+0600][14.726s][info][gc,task        ] GC(26) Using 6 workers of 10 for evacuation
[2026-04-03T06:40:01.667+0600][14.743s][info][gc,phases      ] GC(26)   Pre Evacuate Collection Set: 0.13ms
[2026-04-03T06:40:01.667+0600][14.744s][info][gc,phases      ] GC(26)   Merge Heap Roots: 0.08ms
[2026-04-03T06:40:01.667+0600][14.744s][info][gc,phases      ] GC(26)   Evacuate Collection Set: 16.42ms
[2026-04-03T06:40:01.667+0600][14.744s][info][gc,phases      ] GC(26)   Post Evacuate Collection Set: 0.49ms
[2026-04-03T06:40:01.667+0600][14.744s][info][gc,phases      ] GC(26)   Other: 0.09ms
[2026-04-03T06:40:01.667+0600][14.744s][info][gc,heap        ] GC(26) Eden regions: 75->0(68)
[2026-04-03T06:40:01.667+0600][14.744s][info][gc,heap        ] GC(26) Survivor regions: 3->10(10)
[2026-04-03T06:40:01.667+0600][14.744s][info][gc,heap        ] GC(26) Old regions: 27->27
[2026-04-03T06:40:01.667+0600][14.744s][info][gc,heap        ] GC(26) Humongous regions: 6->6
[2026-04-03T06:40:01.667+0600][14.744s][info][gc,metaspace   ] GC(26) Metaspace: 61791K(62528K)->61791K(62528K) NonClass: 54035K(54464K)->54035K(54464K) Class: 7755K(8064K)->7755K(8064K)
[2026-04-03T06:40:01.667+0600][14.744s][info][gc             ] GC(26) Pause Young (Normal) (G1 Evacuation Pause) 207M->71M(260M) 17.476ms
[2026-04-03T06:40:01.667+0600][14.744s][info][gc,cpu         ] GC(26) User=0.10s Sys=0.01s Real=0.02s
[2026-04-03T06:40:01.745+0600][14.822s][info][gc,start       ] GC(27) Pause Young (Normal) (G1 Evacuation Pause)
[2026-04-03T06:40:01.745+0600][14.822s][info][gc,task        ] GC(27) Using 6 workers of 10 for evacuation
[2026-04-03T06:40:01.760+0600][14.837s][info][gc,phases      ] GC(27)   Pre Evacuate Collection Set: 0.29ms
[2026-04-03T06:40:01.760+0600][14.837s][info][gc,phases      ] GC(27)   Merge Heap Roots: 0.09ms
[2026-04-03T06:40:01.760+0600][14.837s][info][gc,phases      ] GC(27)   Evacuate Collection Set: 13.64ms
[2026-04-03T06:40:01.760+0600][14.837s][info][gc,phases      ] GC(27)   Post Evacuate Collection Set: 0.58ms
[2026-04-03T06:40:01.760+0600][14.837s][info][gc,phases      ] GC(27)   Other: 0.09ms
[2026-04-03T06:40:01.760+0600][14.837s][info][gc,heap        ] GC(27) Eden regions: 68->0(67)
[2026-04-03T06:40:01.760+0600][14.837s][info][gc,heap        ] GC(27) Survivor regions: 10->7(10)
[2026-04-03T06:40:01.760+0600][14.837s][info][gc,heap        ] GC(27) Old regions: 27->36
[2026-04-03T06:40:01.760+0600][14.837s][info][gc,heap        ] GC(27) Humongous regions: 6->6
[2026-04-03T06:40:01.760+0600][14.837s][info][gc,metaspace   ] GC(27) Metaspace: 61801K(62528K)->61801K(62528K) NonClass: 54045K(54464K)->54045K(54464K) Class: 7755K(8064K)->7755K(8064K)
[2026-04-03T06:40:01.760+0600][14.837s][info][gc             ] GC(27) Pause Young (Normal) (G1 Evacuation Pause) 207M->84M(260M) 15.010ms
[2026-04-03T06:40:01.760+0600][14.837s][info][gc,cpu         ] GC(27) User=0.08s Sys=0.00s Real=0.01s
[2026-04-03T06:40:01.837+0600][14.914s][info][gc,start       ] GC(28) Pause Young (Normal) (G1 Evacuation Pause)
[2026-04-03T06:40:01.837+0600][14.914s][info][gc,task        ] GC(28) Using 6 workers of 10 for evacuation
[2026-04-03T06:40:01.856+0600][14.933s][info][gc,phases      ] GC(28)   Pre Evacuate Collection Set: 0.27ms
[2026-04-03T06:40:01.856+0600][14.933s][info][gc,phases      ] GC(28)   Merge Heap Roots: 0.09ms
[2026-04-03T06:40:01.856+0600][14.933s][info][gc,phases      ] GC(28)   Evacuate Collection Set: 18.33ms
[2026-04-03T06:40:01.856+0600][14.933s][info][gc,phases      ] GC(28)   Post Evacuate Collection Set: 0.48ms
[2026-04-03T06:40:01.856+0600][14.933s][info][gc,phases      ] GC(28)   Other: 0.10ms
[2026-04-03T06:40:01.856+0600][14.933s][info][gc,heap        ] GC(28) Eden regions: 67->0(61)
[2026-04-03T06:40:01.856+0600][14.933s][info][gc,heap        ] GC(28) Survivor regions: 7->6(10)
[2026-04-03T06:40:01.856+0600][14.933s][info][gc,heap        ] GC(28) Old regions: 36->43
[2026-04-03T06:40:01.856+0600][14.933s][info][gc,heap        ] GC(28) Humongous regions: 9->9
[2026-04-03T06:40:01.856+0600][14.933s][info][gc,metaspace   ] GC(28) Metaspace: 61805K(62528K)->61805K(62528K) NonClass: 54049K(54464K)->54049K(54464K) Class: 7755K(8064K)->7755K(8064K)
[2026-04-03T06:40:01.856+0600][14.933s][info][gc             ] GC(28) Pause Young (Normal) (G1 Evacuation Pause) 224M->102M(264M) 19.552ms
[2026-04-03T06:40:01.856+0600][14.933s][info][gc,cpu         ] GC(28) User=0.10s Sys=0.01s Real=0.02s
[2026-04-03T06:40:01.924+0600][15.001s][info][gc,start       ] GC(29) Pause Young (Normal) (G1 Evacuation Pause)
[2026-04-03T06:40:01.924+0600][15.001s][info][gc,task        ] GC(29) Using 6 workers of 10 for evacuation
[2026-04-03T06:40:01.935+0600][15.012s][info][gc,phases      ] GC(29)   Pre Evacuate Collection Set: 0.24ms
[2026-04-03T06:40:01.935+0600][15.012s][info][gc,phases      ] GC(29)   Merge Heap Roots: 0.07ms
[2026-04-03T06:40:01.935+0600][15.012s][info][gc,phases      ] GC(29)   Evacuate Collection Set: 9.34ms
[2026-04-03T06:40:01.935+0600][15.012s][info][gc,phases      ] GC(29)   Post Evacuate Collection Set: 1.75ms
[2026-04-03T06:40:01.935+0600][15.012s][info][gc,phases      ] GC(29)   Other: 0.08ms
[2026-04-03T06:40:01.935+0600][15.012s][info][gc,heap        ] GC(29) Eden regions: 61->0(169)
[2026-04-03T06:40:01.935+0600][15.012s][info][gc,heap        ] GC(29) Survivor regions: 6->6(9)
[2026-04-03T06:40:01.935+0600][15.012s][info][gc,heap        ] GC(29) Old regions: 43->49
[2026-04-03T06:40:01.935+0600][15.012s][info][gc,heap        ] GC(29) Humongous regions: 9->9
[2026-04-03T06:40:01.935+0600][15.012s][info][gc,metaspace   ] GC(29) Metaspace: 61806K(62528K)->61806K(62528K) NonClass: 54050K(54464K)->54050K(54464K) Class: 7755K(8064K)->7755K(8064K)
[2026-04-03T06:40:01.935+0600][15.012s][info][gc             ] GC(29) Pause Young (Normal) (G1 Evacuation Pause) 224M->113M(584M) 11.704ms
[2026-04-03T06:40:01.935+0600][15.012s][info][gc,cpu         ] GC(29) User=0.06s Sys=0.00s Real=0.01s
[2026-04-03T06:40:02.957+0600][16.034s][info][gc,start       ] GC(30) Pause Young (Normal) (G1 Evacuation Pause)
[2026-04-03T06:40:02.957+0600][16.034s][info][gc,task        ] GC(30) Using 10 workers of 10 for evacuation
[2026-04-03T06:40:02.975+0600][16.052s][info][gc,phases      ] GC(30)   Pre Evacuate Collection Set: 0.34ms
[2026-04-03T06:40:02.975+0600][16.052s][info][gc,phases      ] GC(30)   Merge Heap Roots: 0.20ms
[2026-04-03T06:40:02.975+0600][16.052s][info][gc,phases      ] GC(30)   Evacuate Collection Set: 15.52ms
[2026-04-03T06:40:02.975+0600][16.052s][info][gc,phases      ] GC(30)   Post Evacuate Collection Set: 0.99ms
[2026-04-03T06:40:02.975+0600][16.052s][info][gc,phases      ] GC(30)   Other: 0.20ms
[2026-04-03T06:40:02.975+0600][16.052s][info][gc,heap        ] GC(30) Eden regions: 169->0(160)
[2026-04-03T06:40:02.975+0600][16.052s][info][gc,heap        ] GC(30) Survivor regions: 6->15(22)
[2026-04-03T06:40:02.975+0600][16.052s][info][gc,heap        ] GC(30) Old regions: 49->49
[2026-04-03T06:40:02.975+0600][16.052s][info][gc,heap        ] GC(30) Humongous regions: 16->12
[2026-04-03T06:40:02.975+0600][16.052s][info][gc,metaspace   ] GC(30) Metaspace: 64052K(64896K)->64052K(64896K) NonClass: 55952K(56384K)->55952K(56384K) Class: 8100K(8512K)->8100K(8512K)
[2026-04-03T06:40:02.975+0600][16.052s][info][gc             ] GC(30) Pause Young (Normal) (G1 Evacuation Pause) 465M->139M(584M) 17.571ms
[2026-04-03T06:40:02.975+0600][16.052s][info][gc,cpu         ] GC(30) User=0.16s Sys=0.00s Real=0.02s
[2026-04-03T06:40:03.143+0600][16.220s][info][gc,start       ] GC(31) Pause Young (Normal) (G1 Evacuation Pause)
[2026-04-03T06:40:03.143+0600][16.220s][info][gc,task        ] GC(31) Using 10 workers of 10 for evacuation
[2026-04-03T06:40:03.165+0600][16.242s][info][gc,phases      ] GC(31)   Pre Evacuate Collection Set: 0.48ms
[2026-04-03T06:40:03.165+0600][16.242s][info][gc,phases      ] GC(31)   Merge Heap Roots: 0.15ms
[2026-04-03T06:40:03.165+0600][16.242s][info][gc,phases      ] GC(31)   Evacuate Collection Set: 19.77ms
[2026-04-03T06:40:03.165+0600][16.242s][info][gc,phases      ] GC(31)   Post Evacuate Collection Set: 1.14ms
[2026-04-03T06:40:03.165+0600][16.242s][info][gc,phases      ] GC(31)   Other: 0.10ms
[2026-04-03T06:40:03.165+0600][16.242s][info][gc,heap        ] GC(31) Eden regions: 160->0(156)
[2026-04-03T06:40:03.165+0600][16.242s][info][gc,heap        ] GC(31) Survivor regions: 15->19(22)
[2026-04-03T06:40:03.165+0600][16.242s][info][gc,heap        ] GC(31) Old regions: 49->55
[2026-04-03T06:40:03.165+0600][16.242s][info][gc,heap        ] GC(31) Humongous regions: 14->14
[2026-04-03T06:40:03.165+0600][16.242s][info][gc,metaspace   ] GC(31) Metaspace: 64052K(64896K)->64052K(64896K) NonClass: 55952K(56384K)->55952K(56384K) Class: 8100K(8512K)->8100K(8512K)
[2026-04-03T06:40:03.165+0600][16.242s][info][gc             ] GC(31) Pause Young (Normal) (G1 Evacuation Pause) 463M->162M(584M) 22.059ms
[2026-04-03T06:40:03.165+0600][16.242s][info][gc,cpu         ] GC(31) User=0.20s Sys=0.00s Real=0.02s
[2026-04-03T06:40:03.292+0600][16.368s][info][gc,start       ] GC(32) Pause Young (Normal) (G1 Evacuation Pause)
[2026-04-03T06:40:03.292+0600][16.369s][info][gc,task        ] GC(32) Using 10 workers of 10 for evacuation
[2026-04-03T06:40:03.313+0600][16.390s][info][gc,phases      ] GC(32)   Pre Evacuate Collection Set: 0.18ms
[2026-04-03T06:40:03.313+0600][16.390s][info][gc,phases      ] GC(32)   Merge Heap Roots: 0.13ms
[2026-04-03T06:40:03.313+0600][16.390s][info][gc,phases      ] GC(32)   Evacuate Collection Set: 19.97ms
[2026-04-03T06:40:03.313+0600][16.390s][info][gc,phases      ] GC(32)   Post Evacuate Collection Set: 0.70ms
[2026-04-03T06:40:03.313+0600][16.390s][info][gc,phases      ] GC(32)   Other: 0.10ms
[2026-04-03T06:40:03.313+0600][16.390s][info][gc,heap        ] GC(32) Eden regions: 156->0(158)
[2026-04-03T06:40:03.313+0600][16.390s][info][gc,heap        ] GC(32) Survivor regions: 19->17(22)
[2026-04-03T06:40:03.313+0600][16.390s][info][gc,heap        ] GC(32) Old regions: 55->65
[2026-04-03T06:40:03.313+0600][16.390s][info][gc,heap        ] GC(32) Humongous regions: 14->14
[2026-04-03T06:40:03.313+0600][16.390s][info][gc,metaspace   ] GC(32) Metaspace: 64083K(64960K)->64083K(64960K) NonClass: 55980K(56448K)->55980K(56448K) Class: 8102K(8512K)->8102K(8512K)
[2026-04-03T06:40:03.313+0600][16.390s][info][gc             ] GC(32) Pause Young (Normal) (G1 Evacuation Pause) 474M->177M(584M) 21.422ms
[2026-04-03T06:40:03.313+0600][16.390s][info][gc,cpu         ] GC(32) User=0.20s Sys=0.00s Real=0.02s
[2026-04-03T06:40:03.440+0600][16.517s][info][gc,start       ] GC(33) Pause Young (Normal) (G1 Evacuation Pause)
[2026-04-03T06:40:03.440+0600][16.517s][info][gc,task        ] GC(33) Using 10 workers of 10 for evacuation
[2026-04-03T06:40:03.464+0600][16.541s][info][gc,phases      ] GC(33)   Pre Evacuate Collection Set: 0.22ms
[2026-04-03T06:40:03.465+0600][16.541s][info][gc,phases      ] GC(33)   Merge Heap Roots: 0.15ms
[2026-04-03T06:40:03.465+0600][16.541s][info][gc,phases      ] GC(33)   Evacuate Collection Set: 22.89ms
[2026-04-03T06:40:03.465+0600][16.541s][info][gc,phases      ] GC(33)   Post Evacuate Collection Set: 0.77ms
[2026-04-03T06:40:03.465+0600][16.541s][info][gc,phases      ] GC(33)   Other: 0.09ms
[2026-04-03T06:40:03.465+0600][16.541s][info][gc,heap        ] GC(33) Eden regions: 158->0(159)
[2026-04-03T06:40:03.465+0600][16.541s][info][gc,heap        ] GC(33) Survivor regions: 17->16(22)
[2026-04-03T06:40:03.465+0600][16.542s][info][gc,heap        ] GC(33) Old regions: 65->73
[2026-04-03T06:40:03.465+0600][16.542s][info][gc,heap        ] GC(33) Humongous regions: 17->17
[2026-04-03T06:40:03.465+0600][16.542s][info][gc,metaspace   ] GC(33) Metaspace: 64084K(64960K)->64084K(64960K) NonClass: 55981K(56448K)->55981K(56448K) Class: 8102K(8512K)->8102K(8512K)
[2026-04-03T06:40:03.465+0600][16.542s][info][gc             ] GC(33) Pause Young (Normal) (G1 Evacuation Pause) 499M->199M(584M) 24.458ms
[2026-04-03T06:40:03.465+0600][16.542s][info][gc,cpu         ] GC(33) User=0.25s Sys=0.00s Real=0.03s
[2026-04-03T06:40:03.701+0600][16.778s][info][gc,start       ] GC(34) Pause Young (Normal) (G1 Evacuation Pause)
[2026-04-03T06:40:03.701+0600][16.778s][info][gc,task        ] GC(34) Using 10 workers of 10 for evacuation
[2026-04-03T06:40:03.740+0600][16.817s][info][gc,phases      ] GC(34)   Pre Evacuate Collection Set: 0.17ms
[2026-04-03T06:40:03.740+0600][16.817s][info][gc,phases      ] GC(34)   Merge Heap Roots: 0.15ms
[2026-04-03T06:40:03.740+0600][16.817s][info][gc,phases      ] GC(34)   Evacuate Collection Set: 34.56ms
[2026-04-03T06:40:03.740+0600][16.817s][info][gc,phases      ] GC(34)   Post Evacuate Collection Set: 3.39ms
[2026-04-03T06:40:03.740+0600][16.817s][info][gc,phases      ] GC(34)   Other: 0.10ms
[2026-04-03T06:40:03.740+0600][16.817s][info][gc,heap        ] GC(34) Eden regions: 159->0(337)
[2026-04-03T06:40:03.740+0600][16.817s][info][gc,heap        ] GC(34) Survivor regions: 16->15(22)
[2026-04-03T06:40:03.740+0600][16.817s][info][gc,heap        ] GC(34) Old regions: 73->81
[2026-04-03T06:40:03.740+0600][16.817s][info][gc,heap        ] GC(34) Humongous regions: 19->19
[2026-04-03T06:40:03.740+0600][16.817s][info][gc,metaspace   ] GC(34) Metaspace: 64155K(65024K)->64155K(65024K) NonClass: 56039K(56512K)->56039K(56512K) Class: 8115K(8512K)->8115K(8512K)
[2026-04-03T06:40:03.740+0600][16.817s][info][gc             ] GC(34) Pause Young (Normal) (G1 Evacuation Pause) 521M->216M(1174M) 38.663ms
[2026-04-03T06:40:03.740+0600][16.817s][info][gc,cpu         ] GC(34) User=0.35s Sys=0.01s Real=0.04s
[2026-04-03T06:40:04.580+0600][17.657s][info][gc,start       ] GC(35) Pause Full (System.gc())
[2026-04-03T06:40:04.580+0600][17.657s][info][gc,task        ] GC(35) Using 10 workers of 10 for full compaction
[2026-04-03T06:40:04.581+0600][17.658s][info][gc,phases,start] GC(35) Phase 1: Mark live objects
[2026-04-03T06:40:04.635+0600][17.712s][info][gc,phases      ] GC(35) Phase 1: Mark live objects 54.239ms
[2026-04-03T06:40:04.635+0600][17.712s][info][gc,phases,start] GC(35) Phase 2: Prepare compaction
[2026-04-03T06:40:04.640+0600][17.717s][info][gc,phases      ] GC(35) Phase 2: Prepare compaction 4.535ms
[2026-04-03T06:40:04.640+0600][17.717s][info][gc,phases,start] GC(35) Phase 3: Adjust pointers
[2026-04-03T06:40:04.656+0600][17.733s][info][gc,phases      ] GC(35) Phase 3: Adjust pointers 16.375ms
[2026-04-03T06:40:04.656+0600][17.733s][info][gc,phases,start] GC(35) Phase 4: Compact heap
[2026-04-03T06:40:04.663+0600][17.740s][info][gc,phases      ] GC(35) Phase 4: Compact heap 6.782ms
[2026-04-03T06:40:04.663+0600][17.740s][info][gc,phases,start] GC(35) Phase 5: Reset Metadata
[2026-04-03T06:40:04.670+0600][17.747s][info][gc,phases      ] GC(35) Phase 5: Reset Metadata 6.755ms
[2026-04-03T06:40:04.690+0600][17.767s][info][gc,heap        ] GC(35) Eden regions: 266->0(188)
[2026-04-03T06:40:04.690+0600][17.767s][info][gc,heap        ] GC(35) Survivor regions: 15->0(22)
[2026-04-03T06:40:04.691+0600][17.767s][info][gc,heap        ] GC(35) Old regions: 81->87
[2026-04-03T06:40:04.691+0600][17.767s][info][gc,heap        ] GC(35) Humongous regions: 26->7
[2026-04-03T06:40:04.691+0600][17.767s][info][gc,metaspace   ] GC(35) Metaspace: 66184K(67136K)->66143K(67136K) NonClass: 57790K(58304K)->57761K(58304K) Class: 8393K(8832K)->8381K(8832K)
[2026-04-03T06:40:04.691+0600][17.767s][info][gc             ] GC(35) Pause Full (System.gc()) 762M->178M(628M) 110.191ms
[2026-04-03T06:40:04.691+0600][17.768s][info][gc,cpu         ] GC(35) User=0.76s Sys=0.16s Real=0.11s
[2026-04-03T06:40:05.066+0600][18.143s][info][gc,start       ] GC(36) Pause Young (Normal) (G1 Evacuation Pause)
[2026-04-03T06:40:05.066+0600][18.143s][info][gc,task        ] GC(36) Using 10 workers of 10 for evacuation
[2026-04-03T06:40:05.068+0600][18.145s][info][gc,phases      ] GC(36)   Pre Evacuate Collection Set: 0.36ms
[2026-04-03T06:40:05.068+0600][18.145s][info][gc,phases      ] GC(36)   Merge Heap Roots: 0.13ms
[2026-04-03T06:40:05.068+0600][18.145s][info][gc,phases      ] GC(36)   Evacuate Collection Set: 0.62ms
[2026-04-03T06:40:05.068+0600][18.145s][info][gc,phases      ] GC(36)   Post Evacuate Collection Set: 0.61ms
[2026-04-03T06:40:05.068+0600][18.145s][info][gc,phases      ] GC(36)   Other: 0.11ms
[2026-04-03T06:40:05.068+0600][18.145s][info][gc,heap        ] GC(36) Eden regions: 188->0(185)
[2026-04-03T06:40:05.068+0600][18.145s][info][gc,heap        ] GC(36) Survivor regions: 0->3(24)
[2026-04-03T06:40:05.068+0600][18.145s][info][gc,heap        ] GC(36) Old regions: 87->87
[2026-04-03T06:40:05.068+0600][18.145s][info][gc,heap        ] GC(36) Humongous regions: 14->7
[2026-04-03T06:40:05.068+0600][18.145s][info][gc,metaspace   ] GC(36) Metaspace: 66502K(67328K)->66502K(67328K) NonClass: 58042K(58496K)->58042K(58496K) Class: 8459K(8832K)->8459K(8832K)
[2026-04-03T06:40:05.068+0600][18.145s][info][gc             ] GC(36) Pause Young (Normal) (G1 Evacuation Pause) 568M->183M(628M) 2.071ms
[2026-04-03T06:40:05.068+0600][18.145s][info][gc,cpu         ] GC(36) User=0.00s Sys=0.00s Real=0.00s
[2026-04-03T06:40:05.257+0600][18.334s][info][gc,start       ] GC(37) Pause Young (Normal) (G1 Evacuation Pause)
[2026-04-03T06:40:05.258+0600][18.334s][info][gc,task        ] GC(37) Using 10 workers of 10 for evacuation
[2026-04-03T06:40:05.260+0600][18.337s][info][gc,phases      ] GC(37)   Pre Evacuate Collection Set: 0.44ms
[2026-04-03T06:40:05.260+0600][18.337s][info][gc,phases      ] GC(37)   Merge Heap Roots: 0.18ms
[2026-04-03T06:40:05.260+0600][18.337s][info][gc,phases      ] GC(37)   Evacuate Collection Set: 0.76ms
[2026-04-03T06:40:05.260+0600][18.337s][info][gc,phases      ] GC(37)   Post Evacuate Collection Set: 0.88ms
[2026-04-03T06:40:05.260+0600][18.337s][info][gc,phases      ] GC(37)   Other: 0.08ms
[2026-04-03T06:40:05.260+0600][18.337s][info][gc,heap        ] GC(37) Eden regions: 185->0(187)
[2026-04-03T06:40:05.260+0600][18.337s][info][gc,heap        ] GC(37) Survivor regions: 3->1(24)
[2026-04-03T06:40:05.260+0600][18.337s][info][gc,heap        ] GC(37) Old regions: 87->87
[2026-04-03T06:40:05.260+0600][18.337s][info][gc,heap        ] GC(37) Humongous regions: 7->7
[2026-04-03T06:40:05.260+0600][18.337s][info][gc,metaspace   ] GC(37) Metaspace: 66507K(67328K)->66507K(67328K) NonClass: 58047K(58496K)->58047K(58496K) Class: 8459K(8832K)->8459K(8832K)
[2026-04-03T06:40:05.260+0600][18.337s][info][gc             ] GC(37) Pause Young (Normal) (G1 Evacuation Pause) 553M->180M(628M) 2.529ms
[2026-04-03T06:40:05.260+0600][18.337s][info][gc,cpu         ] GC(37) User=0.01s Sys=0.00s Real=0.00s
[2026-04-03T06:40:05.472+0600][18.549s][info][gc,start       ] GC(38) Pause Full (System.gc())
[2026-04-03T06:40:05.472+0600][18.549s][info][gc,task        ] GC(38) Using 10 workers of 10 for full compaction
[2026-04-03T06:40:05.472+0600][18.549s][info][gc,phases,start] GC(38) Phase 1: Mark live objects
[2026-04-03T06:40:05.531+0600][18.607s][info][gc,phases      ] GC(38) Phase 1: Mark live objects 58.430ms
[2026-04-03T06:40:05.531+0600][18.608s][info][gc,phases,start] GC(38) Phase 2: Prepare compaction
[2026-04-03T06:40:05.532+0600][18.609s][info][gc,phases      ] GC(38) Phase 2: Prepare compaction 1.546ms
[2026-04-03T06:40:05.532+0600][18.609s][info][gc,phases,start] GC(38) Phase 3: Adjust pointers
[2026-04-03T06:40:05.547+0600][18.624s][info][gc,phases      ] GC(38) Phase 3: Adjust pointers 14.411ms
[2026-04-03T06:40:05.547+0600][18.624s][info][gc,phases,start] GC(38) Phase 4: Compact heap
[2026-04-03T06:40:05.549+0600][18.626s][info][gc,phases      ] GC(38) Phase 4: Compact heap 2.608ms
[2026-04-03T06:40:05.549+0600][18.626s][info][gc,phases,start] GC(38) Phase 5: Reset Metadata
[2026-04-03T06:40:05.559+0600][18.636s][info][gc,phases      ] GC(38) Phase 5: Reset Metadata 9.344ms
[2026-04-03T06:40:05.564+0600][18.641s][info][gc,heap        ] GC(38) Eden regions: 174->0(188)
[2026-04-03T06:40:05.564+0600][18.641s][info][gc,heap        ] GC(38) Survivor regions: 1->0(24)
[2026-04-03T06:40:05.564+0600][18.641s][info][gc,heap        ] GC(38) Old regions: 87->88
[2026-04-03T06:40:05.564+0600][18.641s][info][gc,heap        ] GC(38) Humongous regions: 14->7
[2026-04-03T06:40:05.564+0600][18.641s][info][gc,metaspace   ] GC(38) Metaspace: 66558K(67456K)->66558K(67456K) NonClass: 58098K(58624K)->58098K(58624K) Class: 8459K(8832K)->8459K(8832K)
[2026-04-03T06:40:05.564+0600][18.641s][info][gc             ] GC(38) Pause Full (System.gc()) 542M->178M(628M) 92.592ms
[2026-04-03T06:40:05.564+0600][18.641s][info][gc,cpu         ] GC(38) User=0.74s Sys=0.01s Real=0.10s
[2026-04-03T06:40:05.940+0600][19.017s][info][gc,start       ] GC(39) Pause Young (Normal) (G1 Evacuation Pause)
[2026-04-03T06:40:05.941+0600][19.017s][info][gc,task        ] GC(39) Using 10 workers of 10 for evacuation
[2026-04-03T06:40:05.943+0600][19.019s][info][gc,phases      ] GC(39)   Pre Evacuate Collection Set: 0.41ms
[2026-04-03T06:40:05.943+0600][19.019s][info][gc,phases      ] GC(39)   Merge Heap Roots: 0.19ms
[2026-04-03T06:40:05.943+0600][19.019s][info][gc,phases      ] GC(39)   Evacuate Collection Set: 0.65ms
[2026-04-03T06:40:05.943+0600][19.019s][info][gc,phases      ] GC(39)   Post Evacuate Collection Set: 0.60ms
[2026-04-03T06:40:05.943+0600][19.020s][info][gc,phases      ] GC(39)   Other: 0.07ms
[2026-04-03T06:40:05.943+0600][19.020s][info][gc,heap        ] GC(39) Eden regions: 188->0(187)
[2026-04-03T06:40:05.943+0600][19.020s][info][gc,heap        ] GC(39) Survivor regions: 0->1(24)
[2026-04-03T06:40:05.943+0600][19.020s][info][gc,heap        ] GC(39) Old regions: 88->88
[2026-04-03T06:40:05.943+0600][19.020s][info][gc,heap        ] GC(39) Humongous regions: 14->7
[2026-04-03T06:40:05.943+0600][19.020s][info][gc,metaspace   ] GC(39) Metaspace: 66622K(67584K)->66622K(67584K) NonClass: 58162K(58688K)->58162K(58688K) Class: 8460K(8896K)->8460K(8896K)
[2026-04-03T06:40:05.943+0600][19.020s][info][gc             ] GC(39) Pause Young (Normal) (G1 Evacuation Pause) 568M->179M(628M) 2.193ms
[2026-04-03T06:40:05.943+0600][19.020s][info][gc,cpu         ] GC(39) User=0.00s Sys=0.00s Real=0.00s
[2026-04-03T06:40:06.128+0600][19.205s][info][gc,start       ] GC(40) Pause Young (Normal) (G1 Evacuation Pause)
[2026-04-03T06:40:06.128+0600][19.205s][info][gc,task        ] GC(40) Using 10 workers of 10 for evacuation
[2026-04-03T06:40:06.130+0600][19.207s][info][gc,phases      ] GC(40)   Pre Evacuate Collection Set: 0.36ms
[2026-04-03T06:40:06.130+0600][19.207s][info][gc,phases      ] GC(40)   Merge Heap Roots: 0.20ms
[2026-04-03T06:40:06.130+0600][19.207s][info][gc,phases      ] GC(40)   Evacuate Collection Set: 0.46ms
[2026-04-03T06:40:06.130+0600][19.207s][info][gc,phases      ] GC(40)   Post Evacuate Collection Set: 0.65ms
[2026-04-03T06:40:06.130+0600][19.207s][info][gc,phases      ] GC(40)   Other: 0.08ms
[2026-04-03T06:40:06.130+0600][19.207s][info][gc,heap        ] GC(40) Eden regions: 187->0(187)
[2026-04-03T06:40:06.130+0600][19.207s][info][gc,heap        ] GC(40) Survivor regions: 1->1(24)
[2026-04-03T06:40:06.130+0600][19.207s][info][gc,heap        ] GC(40) Old regions: 88->88
[2026-04-03T06:40:06.130+0600][19.207s][info][gc,heap        ] GC(40) Humongous regions: 7->7
[2026-04-03T06:40:06.130+0600][19.207s][info][gc,metaspace   ] GC(40) Metaspace: 66628K(67584K)->66628K(67584K) NonClass: 58168K(58688K)->58168K(58688K) Class: 8460K(8896K)->8460K(8896K)
[2026-04-03T06:40:06.130+0600][19.207s][info][gc             ] GC(40) Pause Young (Normal) (G1 Evacuation Pause) 553M->179M(628M) 1.988ms
[2026-04-03T06:40:06.130+0600][19.207s][info][gc,cpu         ] GC(40) User=0.01s Sys=0.01s Real=0.00s
[2026-04-03T06:40:06.465+0600][19.541s][info][gc,start       ] GC(41) Pause Young (Normal) (G1 Evacuation Pause)
[2026-04-03T06:40:06.472+0600][19.549s][info][gc,task        ] GC(41) Using 10 workers of 10 for evacuation
[2026-04-03T06:40:06.474+0600][19.551s][info][gc,phases      ] GC(41)   Pre Evacuate Collection Set: 0.28ms
[2026-04-03T06:40:06.474+0600][19.551s][info][gc,phases      ] GC(41)   Merge Heap Roots: 0.14ms
[2026-04-03T06:40:06.474+0600][19.551s][info][gc,phases      ] GC(41)   Evacuate Collection Set: 1.01ms
[2026-04-03T06:40:06.474+0600][19.551s][info][gc,phases      ] GC(41)   Post Evacuate Collection Set: 0.58ms
[2026-04-03T06:40:06.474+0600][19.551s][info][gc,phases      ] GC(41)   Other: 0.09ms
[2026-04-03T06:40:06.474+0600][19.551s][info][gc,heap        ] GC(41) Eden regions: 187->0(187)
[2026-04-03T06:40:06.474+0600][19.551s][info][gc,heap        ] GC(41) Survivor regions: 1->1(24)
[2026-04-03T06:40:06.474+0600][19.551s][info][gc,heap        ] GC(41) Old regions: 88->88
[2026-04-03T06:40:06.474+0600][19.551s][info][gc,heap        ] GC(41) Humongous regions: 14->7
[2026-04-03T06:40:06.474+0600][19.551s][info][gc,metaspace   ] GC(41) Metaspace: 67312K(68224K)->67312K(68224K) NonClass: 58678K(59200K)->58678K(59200K) Class: 8634K(9024K)->8634K(9024K)
[2026-04-03T06:40:06.474+0600][19.551s][info][gc             ] GC(41) Pause Young (Normal) (G1 Evacuation Pause) 567M->179M(628M) 9.516ms
[2026-04-03T06:40:06.474+0600][19.551s][info][gc,cpu         ] GC(41) User=0.02s Sys=0.00s Real=0.01s
[2026-04-03T06:40:07.063+0600][20.140s][info][gc,heap,exit   ] Heap
[2026-04-03T06:40:07.063+0600][20.140s][info][gc,heap,exit   ]  garbage-first heap   total 643072K, used 198431K [0x000000070ae00000, 0x0000000800000000)
[2026-04-03T06:40:07.063+0600][20.140s][info][gc,heap,exit   ]   region size 2048K, 6 young (12288K), 1 survivors (2048K)
[2026-04-03T06:40:07.063+0600][20.140s][info][gc,heap,exit   ]  Metaspace       used 67394K, committed 68224K, reserved 1114112K
[2026-04-03T06:40:07.063+0600][20.140s][info][gc,heap,exit   ]   class space    used 8653K, committed 9024K, reserved 1048576K
