[2026-04-03T06:40:07.244+0600][0.006s][info][gc] Heuristics ergonomically sets -XX:+ExplicitGCInvokesConcurrent
[2026-04-03T06:40:07.244+0600][0.006s][info][gc] Heuristics ergonomically sets -XX:+ShenandoahImplicitGCInvokesConcurrent
[2026-04-03T06:40:07.245+0600][0.006s][info][gc] Using Shenandoah
[2026-04-03T06:40:07.246+0600][0.008s][info][gc,ergo] Pacer for Idle. Initial: 80302K, Alloc Tax Rate: 1.0x
[2026-04-03T06:40:07.246+0600][0.008s][info][gc,init] Version: 21.0.10+7-Ubuntu-124.04 (release)
[2026-04-03T06:40:07.246+0600][0.008s][info][gc,init] CPUs: 12 total, 12 available
[2026-04-03T06:40:07.246+0600][0.008s][info][gc,init] Memory: 15683M
[2026-04-03T06:40:07.246+0600][0.008s][info][gc,init] Large Page Support: Disabled
[2026-04-03T06:40:07.246+0600][0.008s][info][gc,init] NUMA Support: Disabled
[2026-04-03T06:40:07.246+0600][0.008s][info][gc,init] Compressed Oops: Enabled (Zero based)
[2026-04-03T06:40:07.246+0600][0.008s][info][gc,init] Heap Min Capacity: 7M
[2026-04-03T06:40:07.246+0600][0.008s][info][gc,init] Heap Initial Capacity: 246M
[2026-04-03T06:40:07.246+0600][0.008s][info][gc,init] Heap Max Capacity: 3921M
[2026-04-03T06:40:07.246+0600][0.008s][info][gc,init] Pre-touch: Disabled
[2026-04-03T06:40:07.246+0600][0.008s][info][gc,init] Mode: Snapshot-At-The-Beginning (SATB)
[2026-04-03T06:40:07.246+0600][0.008s][info][gc,init] Heuristics: Adaptive
[2026-04-03T06:40:07.246+0600][0.008s][info][gc,init] Heap Region Count: 3921
[2026-04-03T06:40:07.246+0600][0.008s][info][gc,init] Heap Region Size: 1M
[2026-04-03T06:40:07.246+0600][0.008s][info][gc,init] TLAB Size Max: 1M
[2026-04-03T06:40:07.246+0600][0.008s][info][gc,init] Humongous Object Threshold: 1M
[2026-04-03T06:40:07.246+0600][0.008s][info][gc,init] Parallel Workers: 6
[2026-04-03T06:40:07.246+0600][0.008s][info][gc,init] Concurrent Workers: 3
[2026-04-03T06:40:07.260+0600][0.022s][info][gc,metaspace] CDS archive(s) mapped at: [0x0000780f9f000000-0x0000780f9fc9c000-0x0000780f9fc9c000), size 13221888, SharedBaseAddress: 0x0000780f9f000000, ArchiveRelocationMode: 1.
[2026-04-03T06:40:07.260+0600][0.022s][info][gc,metaspace] Compressed class space mapped at: 0x0000780fa0000000-0x0000780fe0000000, reserved size: 1073741824
[2026-04-03T06:40:07.260+0600][0.022s][info][gc,metaspace] Narrow klass base: 0x0000780f9f000000, Narrow klass shift: 0, Narrow klass range: 0x100000000
[2026-04-03T06:40:11.418+0600][4.180s][info][gc          ] Trigger: Metadata GC Threshold
[2026-04-03T06:40:11.418+0600][4.180s][info][gc,ergo     ] Free: 3351M, Max: 1024K regular, 3351M humongous, Frag: 0% external, 0% internal; Reserve: 197M, Max: 1024K
[2026-04-03T06:40:11.418+0600][4.180s][info][gc,start    ] GC(0) Concurrent reset
[2026-04-03T06:40:11.418+0600][4.180s][info][gc,task     ] GC(0) Using 3 of 6 workers for concurrent reset
[2026-04-03T06:40:11.418+0600][4.180s][info][gc,ergo     ] GC(0) Pacer for Reset. Non-Taxable: 3921M
[2026-04-03T06:40:11.419+0600][4.181s][info][gc          ] GC(0) Concurrent reset 0.795ms
[2026-04-03T06:40:11.419+0600][4.181s][info][gc,start    ] GC(0) Pause Init Mark (unload classes)
[2026-04-03T06:40:11.420+0600][4.181s][info][gc,task     ] GC(0) Using 6 of 6 workers for init marking
[2026-04-03T06:40:11.420+0600][4.182s][info][gc,ergo     ] GC(0) Pacer for Mark. Expected Live: 392M, Free: 3351M, Non-Taxable: 335M, Alloc Tax Rate: 0.1x
[2026-04-03T06:40:11.420+0600][4.182s][info][gc          ] GC(0) Pause Init Mark (unload classes) 0.665ms
[2026-04-03T06:40:11.420+0600][4.182s][info][gc,start    ] GC(0) Concurrent marking roots
[2026-04-03T06:40:11.420+0600][4.182s][info][gc,task     ] GC(0) Using 3 of 6 workers for concurrent marking roots
[2026-04-03T06:40:11.423+0600][4.185s][info][gc          ] GC(0) Concurrent marking roots 3.224ms
[2026-04-03T06:40:11.423+0600][4.185s][info][gc,start    ] GC(0) Concurrent marking (unload classes)
[2026-04-03T06:40:11.423+0600][4.185s][info][gc,task     ] GC(0) Using 3 of 6 workers for concurrent marking
[2026-04-03T06:40:11.432+0600][4.194s][info][gc          ] GC(0) Concurrent marking (unload classes) 9.348ms
[2026-04-03T06:40:11.433+0600][4.194s][info][gc,start    ] GC(0) Pause Final Mark (unload classes)
[2026-04-03T06:40:11.433+0600][4.195s][info][gc,task     ] GC(0) Using 6 of 6 workers for final marking
[2026-04-03T06:40:11.433+0600][4.195s][info][gc,ergo     ] GC(0) Adaptive CSet Selection. Target Free: 555M, Actual Free: 3547M, Max CSet: 163M, Min Garbage: 0B
[2026-04-03T06:40:11.433+0600][4.195s][info][gc,ergo     ] GC(0) Collectable Garbage: 352M (99%), Immediate: 0B (0%), CSet: 352M (99%)
[2026-04-03T06:40:11.433+0600][4.195s][info][gc,ergo     ] GC(0) Pacer for Evacuation. Used CSet: 365M, Free: 3350M, Non-Taxable: 335M, Alloc Tax Rate: 1.1x
[2026-04-03T06:40:11.433+0600][4.195s][info][gc          ] GC(0) Pause Final Mark (unload classes) 0.657ms
[2026-04-03T06:40:11.433+0600][4.195s][info][gc,start    ] GC(0) Concurrent thread roots
[2026-04-03T06:40:11.433+0600][4.195s][info][gc,task     ] GC(0) Using 3 of 6 workers for Concurrent thread roots
[2026-04-03T06:40:11.434+0600][4.196s][info][gc          ] GC(0) Concurrent thread roots 0.406ms
[2026-04-03T06:40:11.434+0600][4.196s][info][gc,start    ] GC(0) Concurrent weak references
[2026-04-03T06:40:11.434+0600][4.196s][info][gc,task     ] GC(0) Using 3 of 6 workers for concurrent weak references
[2026-04-03T06:40:11.434+0600][4.196s][info][gc,ref      ] GC(0) Encountered references: Soft: 3498, Weak: 1457, Final: 0, Phantom: 563
[2026-04-03T06:40:11.435+0600][4.196s][info][gc,ref      ] GC(0) Discovered  references: Soft: 0, Weak: 1043, Final: 0, Phantom: 560
[2026-04-03T06:40:11.435+0600][4.196s][info][gc,ref      ] GC(0) Enqueued    references: Soft: 0, Weak: 453, Final: 0, Phantom: 0
[2026-04-03T06:40:11.435+0600][4.196s][info][gc          ] GC(0) Concurrent weak references 0.786ms
[2026-04-03T06:40:11.435+0600][4.196s][info][gc,start    ] GC(0) Concurrent weak roots
[2026-04-03T06:40:11.435+0600][4.196s][info][gc,task     ] GC(0) Using 3 of 6 workers for concurrent weak root
[2026-04-03T06:40:11.436+0600][4.198s][info][gc          ] GC(0) Concurrent weak roots 1.273ms
[2026-04-03T06:40:11.436+0600][4.198s][info][gc,start    ] GC(0) Concurrent cleanup
[2026-04-03T06:40:11.436+0600][4.198s][info][gc          ] GC(0) Concurrent cleanup 375M->375M(377M) 0.197ms
[2026-04-03T06:40:11.436+0600][4.198s][info][gc,ergo     ] GC(0) Free: 3349M, Max: 1024K regular, 3349M humongous, Frag: 0% external, 0% internal; Reserve: 195M, Max: 1024K
[2026-04-03T06:40:11.436+0600][4.198s][info][gc,start    ] GC(0) Concurrent class unloading
[2026-04-03T06:40:11.436+0600][4.198s][info][gc,task     ] GC(0) Using 3 of 6 workers for concurrent class unloading
[2026-04-03T06:40:11.439+0600][4.200s][info][gc          ] GC(0) Concurrent class unloading 2.364ms
[2026-04-03T06:40:11.439+0600][4.200s][info][gc,start    ] GC(0) Concurrent strong roots
[2026-04-03T06:40:11.439+0600][4.200s][info][gc,task     ] GC(0) Using 3 of 6 workers for concurrent strong root
[2026-04-03T06:40:11.440+0600][4.201s][info][gc          ] GC(0) Concurrent strong roots 0.981ms
[2026-04-03T06:40:11.440+0600][4.202s][info][gc,start    ] GC(0) Concurrent evacuation
[2026-04-03T06:40:11.440+0600][4.202s][info][gc,task     ] GC(0) Using 3 of 6 workers for concurrent evacuation
[2026-04-03T06:40:11.448+0600][4.210s][info][gc          ] GC(0) Concurrent evacuation 8.130ms
[2026-04-03T06:40:11.448+0600][4.210s][info][gc,start    ] GC(0) Pause Init Update Refs
[2026-04-03T06:40:11.448+0600][4.210s][info][gc,ergo     ] GC(0) Pacer for Update Refs. Used: 388M, Free: 3349M, Non-Taxable: 334M, Alloc Tax Rate: 1.1x
[2026-04-03T06:40:11.448+0600][4.210s][info][gc          ] GC(0) Pause Init Update Refs 0.072ms
[2026-04-03T06:40:11.448+0600][4.210s][info][gc,start    ] GC(0) Concurrent update references
[2026-04-03T06:40:11.448+0600][4.210s][info][gc,task     ] GC(0) Using 3 of 6 workers for concurrent reference update
[2026-04-03T06:40:11.452+0600][4.214s][info][gc          ] GC(0) Concurrent update references 3.586ms
[2026-04-03T06:40:11.452+0600][4.214s][info][gc,start    ] GC(0) Concurrent update thread roots
[2026-04-03T06:40:11.452+0600][4.214s][info][gc          ] GC(0) Concurrent update thread roots 0.644ms
[2026-04-03T06:40:11.453+0600][4.215s][info][gc,start    ] GC(0) Pause Final Update Refs
[2026-04-03T06:40:11.453+0600][4.215s][info][gc,task     ] GC(0) Using 6 of 6 workers for final reference update
[2026-04-03T06:40:11.453+0600][4.215s][info][gc          ] GC(0) Pause Final Update Refs 0.150ms
[2026-04-03T06:40:11.453+0600][4.215s][info][gc,start    ] GC(0) Concurrent cleanup
[2026-04-03T06:40:11.453+0600][4.215s][info][gc          ] GC(0) Concurrent cleanup 388M->23M(390M) 0.276ms
[2026-04-03T06:40:11.453+0600][4.215s][info][gc,ergo     ] Free: 3699M, Max: 1024K regular, 3334M humongous, Frag: 10% external, 0% internal; Reserve: 197M, Max: 1024K
[2026-04-03T06:40:11.453+0600][4.215s][info][gc,stats    ] 
[2026-04-03T06:40:11.453+0600][4.215s][info][gc,stats    ] All times are wall-clock times, except per-root-class counters, that are sum over
[2026-04-03T06:40:11.453+0600][4.215s][info][gc,stats    ] all workers. Dividing the <total> over the root stage time estimates parallelism.
[2026-04-03T06:40:11.453+0600][4.215s][info][gc,stats    ] 
[2026-04-03T06:40:11.453+0600][4.215s][info][gc,stats    ] Concurrent Reset                    822 us
[2026-04-03T06:40:11.453+0600][4.215s][info][gc,stats    ] Pause Init Mark (G)                 938 us
[2026-04-03T06:40:11.453+0600][4.215s][info][gc,stats    ] Pause Init Mark (N)                 688 us
[2026-04-03T06:40:11.453+0600][4.215s][info][gc,stats    ]   Update Region States               23 us
[2026-04-03T06:40:11.453+0600][4.215s][info][gc,stats    ] Concurrent Mark Roots              3268 us, parallelism: 1.37x
[2026-04-03T06:40:11.453+0600][4.215s][info][gc,stats    ]   CMR: <total>                     4471 us
[2026-04-03T06:40:11.453+0600][4.215s][info][gc,stats    ]   CMR: Thread Roots                3303 us, workers (us): 2960, 343,   0, ---, ---, ---, 
[2026-04-03T06:40:11.453+0600][4.215s][info][gc,stats    ]   CMR: VM Strong Roots              331 us, workers (us): 134, 193,   4, ---, ---, ---, 
[2026-04-03T06:40:11.453+0600][4.215s][info][gc,stats    ]   CMR: CLDG Roots                   838 us, workers (us): ---, ---, 838, ---, ---, ---, 
[2026-04-03T06:40:11.453+0600][4.215s][info][gc,stats    ] Concurrent Marking                 9438 us
[2026-04-03T06:40:11.453+0600][4.215s][info][gc,stats    ] Pause Final Mark (G)                885 us
[2026-04-03T06:40:11.453+0600][4.215s][info][gc,stats    ] Pause Final Mark (N)                670 us
[2026-04-03T06:40:11.453+0600][4.215s][info][gc,stats    ]   Finish Mark                       299 us
[2026-04-03T06:40:11.453+0600][4.215s][info][gc,stats    ]   Update Region States               41 us
[2026-04-03T06:40:11.453+0600][4.215s][info][gc,stats    ]   Choose Collection Set             197 us
[2026-04-03T06:40:11.453+0600][4.215s][info][gc,stats    ]   Rebuild Free Set                   40 us
[2026-04-03T06:40:11.453+0600][4.215s][info][gc,stats    ] Concurrent Thread Roots             464 us, parallelism: 0.74x
[2026-04-03T06:40:11.453+0600][4.215s][info][gc,stats    ]   CTR: <total>                      344 us
[2026-04-03T06:40:11.453+0600][4.215s][info][gc,stats    ]   CTR: Thread Roots                 344 us, workers (us): 236,  60,  48, ---, ---, ---, 
[2026-04-03T06:40:11.453+0600][4.215s][info][gc,stats    ] Concurrent Weak References          800 us, parallelism: 0.84x
[2026-04-03T06:40:11.454+0600][4.215s][info][gc,stats    ]   CWRF: <total>                     671 us
[2026-04-03T06:40:11.454+0600][4.215s][info][gc,stats    ]   CWRF: Weak References             671 us, workers (us): 465, 204,   1, ---, ---, ---, 
[2026-04-03T06:40:11.454+0600][4.215s][info][gc,stats    ] Concurrent Weak Roots              1318 us
[2026-04-03T06:40:11.454+0600][4.215s][info][gc,stats    ]   Roots                            1120 us, parallelism: 2.30x
[2026-04-03T06:40:11.454+0600][4.215s][info][gc,stats    ]     CWR: <total>                   2574 us
[2026-04-03T06:40:11.454+0600][4.215s][info][gc,stats    ]     CWR: Code Cache Roots           960 us, workers (us): 299, 392, 269, ---, ---, ---, 
[2026-04-03T06:40:11.454+0600][4.215s][info][gc,stats    ]     CWR: VM Weak Roots             1599 us, workers (us): 614, 494, 491, ---, ---, ---, 
[2026-04-03T06:40:11.454+0600][4.216s][info][gc,stats    ]     CWR: CLDG Roots                  15 us, workers (us):  15, ---, ---, ---, ---, ---, 
[2026-04-03T06:40:11.454+0600][4.216s][info][gc,stats    ]   Rendezvous                        125 us
[2026-04-03T06:40:11.454+0600][4.216s][info][gc,stats    ] Concurrent Cleanup                  211 us
[2026-04-03T06:40:11.454+0600][4.216s][info][gc,stats    ] Concurrent Class Unloading         2413 us
[2026-04-03T06:40:11.454+0600][4.216s][info][gc,stats    ]   Unlink Stale                     1538 us
[2026-04-03T06:40:11.454+0600][4.216s][info][gc,stats    ]     System Dictionary                54 us
[2026-04-03T06:40:11.454+0600][4.216s][info][gc,stats    ]     Weak Class Links                  0 us
[2026-04-03T06:40:11.454+0600][4.216s][info][gc,stats    ]     Code Roots                     1481 us
[2026-04-03T06:40:11.454+0600][4.216s][info][gc,stats    ]   Rendezvous                        118 us
[2026-04-03T06:40:11.454+0600][4.216s][info][gc,stats    ]   Purge Unlinked                    682 us
[2026-04-03T06:40:11.454+0600][4.216s][info][gc,stats    ]     Code Roots                      672 us
[2026-04-03T06:40:11.454+0600][4.216s][info][gc,stats    ]     CLDG                             10 us
[2026-04-03T06:40:11.454+0600][4.216s][info][gc,stats    ]     Exception Caches                  0 us
[2026-04-03T06:40:11.454+0600][4.216s][info][gc,stats    ] Concurrent Strong Roots            1042 us, parallelism: 0.78x
[2026-04-03T06:40:11.454+0600][4.216s][info][gc,stats    ]   CSR: <total>                      812 us
[2026-04-03T06:40:11.454+0600][4.216s][info][gc,stats    ]   CSR: VM Strong Roots               26 us, workers (us):  25,   1,   0, ---, ---, ---, 
[2026-04-03T06:40:11.454+0600][4.216s][info][gc,stats    ]   CSR: CLDG Roots                   786 us, workers (us): 786, ---, ---, ---, ---, ---, 
[2026-04-03T06:40:11.454+0600][4.216s][info][gc,stats    ] Concurrent Evacuation              8200 us
[2026-04-03T06:40:11.454+0600][4.216s][info][gc,stats    ] Pause Init Update Refs (G)          321 us
[2026-04-03T06:40:11.454+0600][4.216s][info][gc,stats    ] Pause Init Update Refs (N)           81 us
[2026-04-03T06:40:11.454+0600][4.216s][info][gc,stats    ]   Manage GCLABs                       7 us
[2026-04-03T06:40:11.454+0600][4.216s][info][gc,stats    ] Concurrent Update Refs             3664 us
[2026-04-03T06:40:11.454+0600][4.216s][info][gc,stats    ] Concurrent Update Thread Roots      742 us
[2026-04-03T06:40:11.454+0600][4.216s][info][gc,stats    ] Pause Final Update Refs (G)         343 us
[2026-04-03T06:40:11.454+0600][4.216s][info][gc,stats    ] Pause Final Update Refs (N)         161 us
[2026-04-03T06:40:11.454+0600][4.216s][info][gc,stats    ]   Update Region States               43 us
[2026-04-03T06:40:11.454+0600][4.216s][info][gc,stats    ]   Trash Collection Set               10 us
[2026-04-03T06:40:11.454+0600][4.216s][info][gc,stats    ]   Rebuild Free Set                   31 us
[2026-04-03T06:40:11.454+0600][4.216s][info][gc,stats    ] Concurrent Cleanup                  294 us
[2026-04-03T06:40:11.454+0600][4.216s][info][gc,stats    ] 
[2026-04-03T06:40:11.454+0600][4.216s][info][gc,stats    ] Allocation pacing accrued:
[2026-04-03T06:40:11.454+0600][4.216s][info][gc,stats    ]       0 of  4208 ms (  0.0%): <total>
[2026-04-03T06:40:11.454+0600][4.216s][info][gc,stats    ]       0 of  4208 ms (  0.0%): <average total>
[2026-04-03T06:40:11.454+0600][4.216s][info][gc,stats    ] 
[2026-04-03T06:40:11.454+0600][4.216s][info][gc,metaspace] Metaspace: 21270K(21568K)->21529K(21888K) NonClass: 18625K(18752K)->18841K(19008K) Class: 2644K(2816K)->2688K(2880K)
[2026-04-03T06:40:11.454+0600][4.216s][info][gc,ergo     ] Pacer for Idle. Initial: 80302K, Alloc Tax Rate: 1.0x
[2026-04-03T06:40:14.284+0600][7.046s][info][gc          ] Trigger: Metadata GC Threshold
[2026-04-03T06:40:14.285+0600][7.046s][info][gc,ergo     ] Free: 3564M, Max: 1024K regular, 3334M humongous, Frag: 7% external, 0% internal; Reserve: 197M, Max: 1024K
[2026-04-03T06:40:14.285+0600][7.046s][info][gc,start    ] GC(1) Concurrent reset
[2026-04-03T06:40:14.285+0600][7.046s][info][gc,task     ] GC(1) Using 3 of 6 workers for concurrent reset
[2026-04-03T06:40:14.285+0600][7.047s][info][gc,ergo     ] GC(1) Pacer for Reset. Non-Taxable: 3921M
[2026-04-03T06:40:14.294+0600][7.056s][info][gc          ] GC(1) Concurrent reset 9.740ms
[2026-04-03T06:40:14.295+0600][7.056s][info][gc,start    ] GC(1) Pause Init Mark (unload classes)
[2026-04-03T06:40:14.295+0600][7.057s][info][gc,task     ] GC(1) Using 6 of 6 workers for init marking
[2026-04-03T06:40:14.295+0600][7.057s][info][gc,ergo     ] GC(1) Pacer for Mark. Expected Live: 18322K, Free: 3564M, Non-Taxable: 356M, Alloc Tax Rate: 0.0x
[2026-04-03T06:40:14.295+0600][7.057s][info][gc          ] GC(1) Pause Init Mark (unload classes) 0.138ms
[2026-04-03T06:40:14.295+0600][7.057s][info][gc,start    ] GC(1) Concurrent marking roots
[2026-04-03T06:40:14.295+0600][7.057s][info][gc,task     ] GC(1) Using 3 of 6 workers for concurrent marking roots
[2026-04-03T06:40:14.296+0600][7.058s][info][gc          ] GC(1) Concurrent marking roots 1.607ms
[2026-04-03T06:40:14.296+0600][7.058s][info][gc,start    ] GC(1) Concurrent marking (unload classes)
[2026-04-03T06:40:14.297+0600][7.058s][info][gc,task     ] GC(1) Using 3 of 6 workers for concurrent marking
[2026-04-03T06:40:14.309+0600][7.071s][info][gc          ] GC(1) Concurrent marking (unload classes) 12.519ms
[2026-04-03T06:40:14.309+0600][7.071s][info][gc,start    ] GC(1) Pause Final Mark (unload classes)
[2026-04-03T06:40:14.309+0600][7.071s][info][gc,task     ] GC(1) Using 6 of 6 workers for final marking
[2026-04-03T06:40:14.311+0600][7.072s][info][gc,ergo     ] GC(1) Adaptive CSet Selection. Target Free: 555M, Actual Free: 3771M, Max CSet: 163M, Min Garbage: 0B
[2026-04-03T06:40:14.311+0600][7.073s][info][gc,ergo     ] GC(1) Collectable Garbage: 125M (99%), Immediate: 11660K (8%), CSet: 114M (90%)
[2026-04-03T06:40:14.311+0600][7.073s][info][gc,ergo     ] GC(1) Pacer for Evacuation. Used CSet: 120M, Free: 3584M, Non-Taxable: 358M, Alloc Tax Rate: 1.1x
[2026-04-03T06:40:14.311+0600][7.073s][info][gc          ] GC(1) Pause Final Mark (unload classes) 1.404ms
[2026-04-03T06:40:14.311+0600][7.073s][info][gc,start    ] GC(1) Concurrent thread roots
[2026-04-03T06:40:14.311+0600][7.073s][info][gc,task     ] GC(1) Using 3 of 6 workers for Concurrent thread roots
[2026-04-03T06:40:14.311+0600][7.073s][info][gc          ] GC(1) Concurrent thread roots 0.423ms
[2026-04-03T06:40:14.311+0600][7.073s][info][gc,start    ] GC(1) Concurrent weak references
[2026-04-03T06:40:14.311+0600][7.073s][info][gc,task     ] GC(1) Using 3 of 6 workers for concurrent weak references
[2026-04-03T06:40:14.312+0600][7.074s][info][gc,ref      ] GC(1) Encountered references: Soft: 3854, Weak: 2530, Final: 80, Phantom: 569
[2026-04-03T06:40:14.312+0600][7.074s][info][gc,ref      ] GC(1) Discovered  references: Soft: 0, Weak: 883, Final: 0, Phantom: 248
[2026-04-03T06:40:14.312+0600][7.074s][info][gc,ref      ] GC(1) Enqueued    references: Soft: 0, Weak: 479, Final: 0, Phantom: 1
[2026-04-03T06:40:14.312+0600][7.074s][info][gc          ] GC(1) Concurrent weak references 0.720ms
[2026-04-03T06:40:14.312+0600][7.074s][info][gc,start    ] GC(1) Concurrent weak roots
[2026-04-03T06:40:14.312+0600][7.074s][info][gc,task     ] GC(1) Using 3 of 6 workers for concurrent weak root
[2026-04-03T06:40:14.314+0600][7.076s][info][gc          ] GC(1) Concurrent weak roots 1.574ms
[2026-04-03T06:40:14.314+0600][7.076s][info][gc,start    ] GC(1) Concurrent cleanup
[2026-04-03T06:40:14.314+0600][7.076s][info][gc          ] GC(1) Concurrent cleanup 151M->140M(392M) 0.644ms
[2026-04-03T06:40:14.314+0600][7.076s][info][gc,ergo     ] GC(1) Free: 3583M, Max: 1024K regular, 3334M humongous, Frag: 7% external, 0% internal; Reserve: 195M, Max: 1024K
[2026-04-03T06:40:14.314+0600][7.076s][info][gc,start    ] GC(1) Concurrent class unloading
[2026-04-03T06:40:14.314+0600][7.076s][info][gc,task     ] GC(1) Using 3 of 6 workers for concurrent class unloading
[2026-04-03T06:40:14.319+0600][7.081s][info][gc          ] GC(1) Concurrent class unloading 4.333ms
[2026-04-03T06:40:14.319+0600][7.081s][info][gc,start    ] GC(1) Concurrent strong roots
[2026-04-03T06:40:14.319+0600][7.081s][info][gc,task     ] GC(1) Using 3 of 6 workers for concurrent strong root
[2026-04-03T06:40:14.321+0600][7.082s][info][gc          ] GC(1) Concurrent strong roots 1.732ms
[2026-04-03T06:40:14.321+0600][7.082s][info][gc,start    ] GC(1) Concurrent evacuation
[2026-04-03T06:40:14.321+0600][7.082s][info][gc,task     ] GC(1) Using 3 of 6 workers for concurrent evacuation
[2026-04-03T06:40:14.326+0600][7.088s][info][gc          ] GC(1) Concurrent evacuation 5.246ms
[2026-04-03T06:40:14.326+0600][7.088s][info][gc,start    ] GC(1) Pause Init Update Refs
[2026-04-03T06:40:14.326+0600][7.088s][info][gc,ergo     ] GC(1) Pacer for Update Refs. Used: 148M, Free: 3583M, Non-Taxable: 358M, Alloc Tax Rate: 1.1x
[2026-04-03T06:40:14.326+0600][7.088s][info][gc          ] GC(1) Pause Init Update Refs 0.094ms
[2026-04-03T06:40:14.326+0600][7.088s][info][gc,start    ] GC(1) Concurrent update references
[2026-04-03T06:40:14.326+0600][7.088s][info][gc,task     ] GC(1) Using 3 of 6 workers for concurrent reference update
[2026-04-03T06:40:14.334+0600][7.095s][info][gc          ] GC(1) Concurrent update references 7.255ms
[2026-04-03T06:40:14.334+0600][7.096s][info][gc,start    ] GC(1) Concurrent update thread roots
[2026-04-03T06:40:14.334+0600][7.096s][info][gc          ] GC(1) Concurrent update thread roots 0.859ms
[2026-04-03T06:40:14.335+0600][7.097s][info][gc,start    ] GC(1) Pause Final Update Refs
[2026-04-03T06:40:14.335+0600][7.097s][info][gc,task     ] GC(1) Using 6 of 6 workers for final reference update
[2026-04-03T06:40:14.335+0600][7.097s][info][gc          ] GC(1) Pause Final Update Refs 0.227ms
[2026-04-03T06:40:14.335+0600][7.097s][info][gc,start    ] GC(1) Concurrent cleanup
[2026-04-03T06:40:14.336+0600][7.098s][info][gc          ] GC(1) Concurrent cleanup 149M->28M(399M) 0.731ms
[2026-04-03T06:40:14.336+0600][7.098s][info][gc,ergo     ] Free: 3694M, Max: 1024K regular, 3414M humongous, Frag: 8% external, 0% internal; Reserve: 197M, Max: 1024K
[2026-04-03T06:40:14.336+0600][7.098s][info][gc,stats    ] 
[2026-04-03T06:40:14.336+0600][7.098s][info][gc,stats    ] All times are wall-clock times, except per-root-class counters, that are sum over
[2026-04-03T06:40:14.336+0600][7.098s][info][gc,stats    ] all workers. Dividing the <total> over the root stage time estimates parallelism.
[2026-04-03T06:40:14.336+0600][7.098s][info][gc,stats    ] 
[2026-04-03T06:40:14.336+0600][7.098s][info][gc,stats    ] Concurrent Reset                   9841 us
[2026-04-03T06:40:14.336+0600][7.098s][info][gc,stats    ] Pause Init Mark (G)                 407 us
[2026-04-03T06:40:14.336+0600][7.098s][info][gc,stats    ] Pause Init Mark (N)                 151 us
[2026-04-03T06:40:14.336+0600][7.098s][info][gc,stats    ]   Update Region States               43 us
[2026-04-03T06:40:14.336+0600][7.098s][info][gc,stats    ] Concurrent Mark Roots              1671 us, parallelism: 2.16x
[2026-04-03T06:40:14.336+0600][7.098s][info][gc,stats    ]   CMR: <total>                     3611 us
[2026-04-03T06:40:14.336+0600][7.098s][info][gc,stats    ]   CMR: Thread Roots                2974 us, workers (us): 945, 1130, 899, ---, ---, ---, 
[2026-04-03T06:40:14.336+0600][7.098s][info][gc,stats    ]   CMR: VM Strong Roots              253 us, workers (us): 126,  73,  55, ---, ---, ---, 
[2026-04-03T06:40:14.336+0600][7.098s][info][gc,stats    ]   CMR: CLDG Roots                   385 us, workers (us): ---, ---, 385, ---, ---, ---, 
[2026-04-03T06:40:14.336+0600][7.098s][info][gc,stats    ] Concurrent Marking                12610 us
[2026-04-03T06:40:14.336+0600][7.098s][info][gc,stats    ] Pause Final Mark (G)               1777 us
[2026-04-03T06:40:14.336+0600][7.098s][info][gc,stats    ] Pause Final Mark (N)               1415 us
[2026-04-03T06:40:14.336+0600][7.098s][info][gc,stats    ]   Finish Mark                       861 us
[2026-04-03T06:40:14.336+0600][7.098s][info][gc,stats    ]   Update Region States               60 us
[2026-04-03T06:40:14.336+0600][7.098s][info][gc,stats    ]   Choose Collection Set             283 us
[2026-04-03T06:40:14.336+0600][7.098s][info][gc,stats    ]   Rebuild Free Set                   56 us
[2026-04-03T06:40:14.336+0600][7.098s][info][gc,stats    ] Concurrent Thread Roots             452 us, parallelism: 1.64x
[2026-04-03T06:40:14.336+0600][7.098s][info][gc,stats    ]   CTR: <total>                      743 us
[2026-04-03T06:40:14.336+0600][7.098s][info][gc,stats    ]   CTR: Thread Roots                 743 us, workers (us): 298, 256, 189, ---, ---, ---, 
[2026-04-03T06:40:14.336+0600][7.098s][info][gc,stats    ] Concurrent Weak References          733 us, parallelism: 0.62x
[2026-04-03T06:40:14.336+0600][7.098s][info][gc,stats    ]   CWRF: <total>                     451 us
[2026-04-03T06:40:14.336+0600][7.098s][info][gc,stats    ]   CWRF: Weak References             451 us, workers (us): 397,  52,   2, ---, ---, ---, 
[2026-04-03T06:40:14.336+0600][7.098s][info][gc,stats    ] Concurrent Weak Roots              1614 us
[2026-04-03T06:40:14.336+0600][7.098s][info][gc,stats    ]   Roots                            1415 us, parallelism: 2.64x
[2026-04-03T06:40:14.336+0600][7.098s][info][gc,stats    ]     CWR: <total>                   3733 us
[2026-04-03T06:40:14.336+0600][7.098s][info][gc,stats    ]     CWR: Code Cache Roots          1224 us, workers (us): 430, 378, 416, ---, ---, ---, 
[2026-04-03T06:40:14.336+0600][7.098s][info][gc,stats    ]     CWR: VM Weak Roots             2471 us, workers (us): 873, 839, 758, ---, ---, ---, 
[2026-04-03T06:40:14.336+0600][7.098s][info][gc,stats    ]     CWR: CLDG Roots                  38 us, workers (us): ---,  38, ---, ---, ---, ---, 
[2026-04-03T06:40:14.336+0600][7.098s][info][gc,stats    ]   Rendezvous                        133 us
[2026-04-03T06:40:14.336+0600][7.098s][info][gc,stats    ] Concurrent Cleanup                  657 us
[2026-04-03T06:40:14.336+0600][7.098s][info][gc,stats    ] Concurrent Class Unloading         4405 us
[2026-04-03T06:40:14.336+0600][7.098s][info][gc,stats    ]   Unlink Stale                     3289 us
[2026-04-03T06:40:14.336+0600][7.098s][info][gc,stats    ]     System Dictionary                42 us
[2026-04-03T06:40:14.336+0600][7.098s][info][gc,stats    ]     Weak Class Links                  0 us
[2026-04-03T06:40:14.336+0600][7.098s][info][gc,stats    ]     Code Roots                     3243 us
[2026-04-03T06:40:14.336+0600][7.098s][info][gc,stats    ]   Rendezvous                        239 us
[2026-04-03T06:40:14.336+0600][7.098s][info][gc,stats    ]   Purge Unlinked                    756 us
[2026-04-03T06:40:14.336+0600][7.098s][info][gc,stats    ]     Code Roots                      744 us
[2026-04-03T06:40:14.336+0600][7.098s][info][gc,stats    ]     CLDG                             12 us
[2026-04-03T06:40:14.336+0600][7.098s][info][gc,stats    ]     Exception Caches                  1 us
[2026-04-03T06:40:14.336+0600][7.098s][info][gc,stats    ] Concurrent Strong Roots            1765 us, parallelism: 0.91x
[2026-04-03T06:40:14.336+0600][7.098s][info][gc,stats    ]   CSR: <total>                     1597 us
[2026-04-03T06:40:14.336+0600][7.098s][info][gc,stats    ]   CSR: VM Strong Roots               43 us, workers (us):  42,   1,   0, ---, ---, ---, 
[2026-04-03T06:40:14.336+0600][7.098s][info][gc,stats    ]   CSR: CLDG Roots                  1554 us, workers (us): 1554, ---, ---, ---, ---, ---, 
[2026-04-03T06:40:14.336+0600][7.098s][info][gc,stats    ] Concurrent Evacuation              5323 us
[2026-04-03T06:40:14.336+0600][7.098s][info][gc,stats    ] Pause Init Update Refs (G)          390 us
[2026-04-03T06:40:14.336+0600][7.098s][info][gc,stats    ] Pause Init Update Refs (N)          109 us
[2026-04-03T06:40:14.336+0600][7.098s][info][gc,stats    ]   Manage GCLABs                       8 us
[2026-04-03T06:40:14.336+0600][7.098s][info][gc,stats    ] Concurrent Update Refs             7349 us
[2026-04-03T06:40:14.336+0600][7.098s][info][gc,stats    ] Concurrent Update Thread Roots      921 us
[2026-04-03T06:40:14.336+0600][7.098s][info][gc,stats    ] Pause Final Update Refs (G)         469 us
[2026-04-03T06:40:14.336+0600][7.098s][info][gc,stats    ] Pause Final Update Refs (N)         244 us
[2026-04-03T06:40:14.336+0600][7.098s][info][gc,stats    ]   Update Region States              101 us
[2026-04-03T06:40:14.336+0600][7.098s][info][gc,stats    ]   Trash Collection Set               12 us
[2026-04-03T06:40:14.336+0600][7.098s][info][gc,stats    ]   Rebuild Free Set                   38 us
[2026-04-03T06:40:14.336+0600][7.098s][info][gc,stats    ] Concurrent Cleanup                  764 us
[2026-04-03T06:40:14.336+0600][7.098s][info][gc,stats    ] 
[2026-04-03T06:40:14.336+0600][7.098s][info][gc,stats    ] Allocation pacing accrued:
[2026-04-03T06:40:14.336+0600][7.098s][info][gc,stats    ]       0 of  2883 ms (  0.0%): <total>
[2026-04-03T06:40:14.336+0600][7.098s][info][gc,stats    ]       0 of  2883 ms (  0.0%): <average total>
[2026-04-03T06:40:14.336+0600][7.098s][info][gc,stats    ] 
[2026-04-03T06:40:14.336+0600][7.098s][info][gc,metaspace] Metaspace: 36085K(36544K)->36346K(36736K) NonClass: 31589K(31872K)->31820K(32064K) Class: 4496K(4672K)->4526K(4672K)
[2026-04-03T06:40:14.337+0600][7.098s][info][gc,ergo     ] Pacer for Idle. Initial: 80302K, Alloc Tax Rate: 1.0x
[2026-04-03T06:40:17.606+0600][10.368s][info][gc          ] Trigger: Learning 3 of 5. Free (2744M) is below initial threshold (2744M)
[2026-04-03T06:40:17.606+0600][10.368s][info][gc,ergo     ] Free: 2744M, Max: 1024K regular, 2744M humongous, Frag: 0% external, 0% internal; Reserve: 197M, Max: 1024K
[2026-04-03T06:40:17.606+0600][10.368s][info][gc,start    ] GC(2) Concurrent reset
[2026-04-03T06:40:17.606+0600][10.368s][info][gc,task     ] GC(2) Using 3 of 6 workers for concurrent reset
[2026-04-03T06:40:17.606+0600][10.368s][info][gc,ergo     ] GC(2) Pacer for Reset. Non-Taxable: 3921M
[2026-04-03T06:40:17.607+0600][10.369s][info][gc          ] GC(2) Concurrent reset 0.928ms
[2026-04-03T06:40:17.607+0600][10.369s][info][gc,start    ] GC(2) Pause Init Mark (unload classes)
[2026-04-03T06:40:17.607+0600][10.369s][info][gc,task     ] GC(2) Using 6 of 6 workers for init marking
[2026-04-03T06:40:17.607+0600][10.369s][info][gc,ergo     ] GC(2) Pacer for Mark. Expected Live: 20083K, Free: 2744M, Non-Taxable: 274M, Alloc Tax Rate: 0.0x
[2026-04-03T06:40:17.607+0600][10.369s][info][gc          ] GC(2) Pause Init Mark (unload classes) 0.107ms
[2026-04-03T06:40:17.607+0600][10.369s][info][gc,start    ] GC(2) Concurrent marking roots
[2026-04-03T06:40:17.607+0600][10.369s][info][gc,task     ] GC(2) Using 3 of 6 workers for concurrent marking roots
[2026-04-03T06:40:17.608+0600][10.370s][info][gc          ] GC(2) Concurrent marking roots 0.922ms
[2026-04-03T06:40:17.608+0600][10.370s][info][gc,start    ] GC(2) Concurrent marking (unload classes)
[2026-04-03T06:40:17.608+0600][10.370s][info][gc,task     ] GC(2) Using 3 of 6 workers for concurrent marking
[2026-04-03T06:40:17.677+0600][10.439s][info][gc          ] GC(2) Concurrent marking (unload classes) 68.502ms
[2026-04-03T06:40:17.677+0600][10.439s][info][gc,start    ] GC(2) Pause Final Mark (unload classes)
[2026-04-03T06:40:17.677+0600][10.439s][info][gc,task     ] GC(2) Using 6 of 6 workers for final marking
[2026-04-03T06:40:17.678+0600][10.440s][info][gc,ergo     ] GC(2) Adaptive CSet Selection. Target Free: 555M, Actual Free: 2916M, Max CSet: 163M, Min Garbage: 0B
[2026-04-03T06:40:17.678+0600][10.440s][info][gc,ergo     ] GC(2) Collectable Garbage: 874M (99%), Immediate: 6382K (0%), CSet: 867M (99%)
[2026-04-03T06:40:17.678+0600][10.440s][info][gc,ergo     ] GC(2) Pacer for Evacuation. Used CSet: 946M, Free: 2725M, Non-Taxable: 272M, Alloc Tax Rate: 1.1x
[2026-04-03T06:40:17.678+0600][10.440s][info][gc          ] GC(2) Pause Final Mark (unload classes) 0.820ms
[2026-04-03T06:40:17.678+0600][10.440s][info][gc,start    ] GC(2) Concurrent thread roots
[2026-04-03T06:40:17.678+0600][10.440s][info][gc,task     ] GC(2) Using 3 of 6 workers for Concurrent thread roots
[2026-04-03T06:40:17.679+0600][10.441s][info][gc          ] GC(2) Concurrent thread roots 0.641ms
[2026-04-03T06:40:17.679+0600][10.441s][info][gc,start    ] GC(2) Concurrent weak references
[2026-04-03T06:40:17.679+0600][10.441s][info][gc,task     ] GC(2) Using 3 of 6 workers for concurrent weak references
[2026-04-03T06:40:17.679+0600][10.441s][info][gc,ref      ] GC(2) Encountered references: Soft: 3984, Weak: 3253, Final: 82, Phantom: 580
[2026-04-03T06:40:17.679+0600][10.441s][info][gc,ref      ] GC(2) Discovered  references: Soft: 0, Weak: 922, Final: 0, Phantom: 577
[2026-04-03T06:40:17.679+0600][10.441s][info][gc,ref      ] GC(2) Enqueued    references: Soft: 0, Weak: 521, Final: 0, Phantom: 0
[2026-04-03T06:40:17.679+0600][10.441s][info][gc          ] GC(2) Concurrent weak references 0.412ms
[2026-04-03T06:40:17.679+0600][10.441s][info][gc,start    ] GC(2) Concurrent weak roots
[2026-04-03T06:40:17.679+0600][10.441s][info][gc,task     ] GC(2) Using 3 of 6 workers for concurrent weak root
[2026-04-03T06:40:17.681+0600][10.443s][info][gc          ] GC(2) Concurrent weak roots 2.094ms
[2026-04-03T06:40:17.681+0600][10.443s][info][gc,start    ] GC(2) Concurrent cleanup
[2026-04-03T06:40:17.682+0600][10.444s][info][gc          ] GC(2) Concurrent cleanup 1005M->999M(1018M) 0.606ms
[2026-04-03T06:40:17.682+0600][10.444s][info][gc,ergo     ] GC(2) Free: 2723M, Max: 1024K regular, 2711M humongous, Frag: 1% external, 0% internal; Reserve: 196M, Max: 1024K
[2026-04-03T06:40:17.682+0600][10.444s][info][gc,start    ] GC(2) Concurrent class unloading
[2026-04-03T06:40:17.682+0600][10.444s][info][gc,task     ] GC(2) Using 3 of 6 workers for concurrent class unloading
[2026-04-03T06:40:17.685+0600][10.447s][info][gc          ] GC(2) Concurrent class unloading 3.046ms
[2026-04-03T06:40:17.685+0600][10.447s][info][gc,start    ] GC(2) Concurrent strong roots
[2026-04-03T06:40:17.685+0600][10.447s][info][gc,task     ] GC(2) Using 3 of 6 workers for concurrent strong root
[2026-04-03T06:40:17.687+0600][10.449s][info][gc          ] GC(2) Concurrent strong roots 1.893ms
[2026-04-03T06:40:17.687+0600][10.449s][info][gc,start    ] GC(2) Concurrent evacuation
[2026-04-03T06:40:17.687+0600][10.449s][info][gc,task     ] GC(2) Using 3 of 6 workers for concurrent evacuation
[2026-04-03T06:40:17.741+0600][10.503s][info][gc          ] GC(2) Concurrent evacuation 54.170ms
[2026-04-03T06:40:17.741+0600][10.503s][info][gc,start    ] GC(2) Pause Init Update Refs
[2026-04-03T06:40:17.742+0600][10.503s][info][gc,ergo     ] GC(2) Pacer for Update Refs. Used: 1111M, Free: 2691M, Non-Taxable: 269M, Alloc Tax Rate: 1.1x
[2026-04-03T06:40:17.742+0600][10.503s][info][gc          ] GC(2) Pause Init Update Refs 0.072ms
[2026-04-03T06:40:17.742+0600][10.504s][info][gc,start    ] GC(2) Concurrent update references
[2026-04-03T06:40:17.742+0600][10.504s][info][gc,task     ] GC(2) Using 3 of 6 workers for concurrent reference update
[2026-04-03T06:40:17.786+0600][10.548s][info][gc          ] GC(2) Concurrent update references 43.891ms
[2026-04-03T06:40:17.786+0600][10.548s][info][gc,start    ] GC(2) Concurrent update thread roots
[2026-04-03T06:40:17.787+0600][10.549s][info][gc          ] GC(2) Concurrent update thread roots 0.951ms
[2026-04-03T06:40:17.787+0600][10.549s][info][gc,start    ] GC(2) Pause Final Update Refs
[2026-04-03T06:40:17.787+0600][10.549s][info][gc,task     ] GC(2) Using 6 of 6 workers for final reference update
[2026-04-03T06:40:17.787+0600][10.549s][info][gc          ] GC(2) Pause Final Update Refs 0.172ms
[2026-04-03T06:40:17.787+0600][10.549s][info][gc,start    ] GC(2) Concurrent cleanup
[2026-04-03T06:40:17.788+0600][10.550s][info][gc          ] GC(2) Concurrent cleanup 1132M->186M(1135M) 0.776ms
[2026-04-03T06:40:17.788+0600][10.550s][info][gc,ergo     ] Free: 3536M, Max: 1024K regular, 2595M humongous, Frag: 27% external, 0% internal; Reserve: 197M, Max: 1024K
[2026-04-03T06:40:17.788+0600][10.550s][info][gc,stats    ] 
[2026-04-03T06:40:17.788+0600][10.550s][info][gc,stats    ] All times are wall-clock times, except per-root-class counters, that are sum over
[2026-04-03T06:40:17.788+0600][10.550s][info][gc,stats    ] all workers. Dividing the <total> over the root stage time estimates parallelism.
[2026-04-03T06:40:17.788+0600][10.550s][info][gc,stats    ] 
[2026-04-03T06:40:17.788+0600][10.550s][info][gc,stats    ] Concurrent Reset                    964 us
[2026-04-03T06:40:17.788+0600][10.550s][info][gc,stats    ] Pause Init Mark (G)                 497 us
[2026-04-03T06:40:17.788+0600][10.550s][info][gc,stats    ] Pause Init Mark (N)                 116 us
[2026-04-03T06:40:17.788+0600][10.550s][info][gc,stats    ]   Update Region States               33 us
[2026-04-03T06:40:17.788+0600][10.550s][info][gc,stats    ] Concurrent Mark Roots               950 us, parallelism: 2.20x
[2026-04-03T06:40:17.788+0600][10.550s][info][gc,stats    ]   CMR: <total>                     2094 us
[2026-04-03T06:40:17.788+0600][10.550s][info][gc,stats    ]   CMR: Thread Roots                1873 us, workers (us): 542, 692, 638, ---, ---, ---, 
[2026-04-03T06:40:17.788+0600][10.550s][info][gc,stats    ]   CMR: VM Strong Roots               94 us, workers (us):  46,  48,   0, ---, ---, ---, 
[2026-04-03T06:40:17.788+0600][10.550s][info][gc,stats    ]   CMR: CLDG Roots                   127 us, workers (us): 127, ---, ---, ---, ---, ---, 
[2026-04-03T06:40:17.788+0600][10.550s][info][gc,stats    ] Concurrent Marking                68579 us
[2026-04-03T06:40:17.788+0600][10.550s][info][gc,stats    ] Pause Final Mark (G)               1196 us
[2026-04-03T06:40:17.788+0600][10.550s][info][gc,stats    ] Pause Final Mark (N)                855 us
[2026-04-03T06:40:17.788+0600][10.550s][info][gc,stats    ]   Finish Mark                       281 us
[2026-04-03T06:40:17.788+0600][10.550s][info][gc,stats    ]   Update Region States              107 us
[2026-04-03T06:40:17.788+0600][10.550s][info][gc,stats    ]   Choose Collection Set             298 us
[2026-04-03T06:40:17.788+0600][10.550s][info][gc,stats    ]   Rebuild Free Set                   32 us
[2026-04-03T06:40:17.788+0600][10.550s][info][gc,stats    ] Concurrent Thread Roots             694 us, parallelism: 1.52x
[2026-04-03T06:40:17.788+0600][10.550s][info][gc,stats    ]   CTR: <total>                     1056 us
[2026-04-03T06:40:17.788+0600][10.550s][info][gc,stats    ]   CTR: Thread Roots                1056 us, workers (us): 424, 313, 318, ---, ---, ---, 
[2026-04-03T06:40:17.788+0600][10.550s][info][gc,stats    ] Concurrent Weak References          419 us, parallelism: 1.00x
[2026-04-03T06:40:17.788+0600][10.550s][info][gc,stats    ]   CWRF: <total>                     418 us
[2026-04-03T06:40:17.788+0600][10.550s][info][gc,stats    ]   CWRF: Weak References             418 us, workers (us): 296, 102,  20, ---, ---, ---, 
[2026-04-03T06:40:17.788+0600][10.550s][info][gc,stats    ] Concurrent Weak Roots              2141 us
[2026-04-03T06:40:17.788+0600][10.550s][info][gc,stats    ]   Roots                            1832 us, parallelism: 2.42x
[2026-04-03T06:40:17.788+0600][10.550s][info][gc,stats    ]     CWR: <total>                   4437 us
[2026-04-03T06:40:17.788+0600][10.550s][info][gc,stats    ]     CWR: Code Cache Roots          1725 us, workers (us): 600, 552, 573, ---, ---, ---, 
[2026-04-03T06:40:17.788+0600][10.550s][info][gc,stats    ]     CWR: VM Weak Roots             2685 us, workers (us): 893, 897, 896, ---, ---, ---, 
[2026-04-03T06:40:17.788+0600][10.550s][info][gc,stats    ]     CWR: CLDG Roots                  26 us, workers (us):  26, ---, ---, ---, ---, ---, 
[2026-04-03T06:40:17.788+0600][10.550s][info][gc,stats    ]   Rendezvous                        245 us
[2026-04-03T06:40:17.788+0600][10.550s][info][gc,stats    ] Concurrent Cleanup                  618 us
[2026-04-03T06:40:17.788+0600][10.550s][info][gc,stats    ] Concurrent Class Unloading         3093 us
[2026-04-03T06:40:17.788+0600][10.550s][info][gc,stats    ]   Unlink Stale                     2355 us
[2026-04-03T06:40:17.788+0600][10.550s][info][gc,stats    ]     System Dictionary                49 us
[2026-04-03T06:40:17.788+0600][10.550s][info][gc,stats    ]     Weak Class Links                  0 us
[2026-04-03T06:40:17.788+0600][10.550s][info][gc,stats    ]     Code Roots                     2304 us
[2026-04-03T06:40:17.788+0600][10.550s][info][gc,stats    ]   Rendezvous                        210 us
[2026-04-03T06:40:17.788+0600][10.550s][info][gc,stats    ]   Purge Unlinked                    462 us
[2026-04-03T06:40:17.788+0600][10.550s][info][gc,stats    ]     Code Roots                      453 us
[2026-04-03T06:40:17.788+0600][10.550s][info][gc,stats    ]     CLDG                              9 us
[2026-04-03T06:40:17.788+0600][10.550s][info][gc,stats    ]     Exception Caches                  0 us
[2026-04-03T06:40:17.788+0600][10.550s][info][gc,stats    ] Concurrent Strong Roots            1940 us, parallelism: 0.83x
[2026-04-03T06:40:17.788+0600][10.550s][info][gc,stats    ]   CSR: <total>                     1606 us
[2026-04-03T06:40:17.788+0600][10.550s][info][gc,stats    ]   CSR: VM Strong Roots               38 us, workers (us):  36,   1,   1, ---, ---, ---, 
[2026-04-03T06:40:17.788+0600][10.550s][info][gc,stats    ]   CSR: CLDG Roots                  1569 us, workers (us): 1569, ---, ---, ---, ---, ---, 
[2026-04-03T06:40:17.788+0600][10.550s][info][gc,stats    ] Concurrent Evacuation             54226 us
[2026-04-03T06:40:17.788+0600][10.550s][info][gc,stats    ] Pause Init Update Refs (G)          411 us
[2026-04-03T06:40:17.788+0600][10.550s][info][gc,stats    ] Pause Init Update Refs (N)           84 us
[2026-04-03T06:40:17.789+0600][10.550s][info][gc,stats    ]   Manage GCLABs                      10 us
[2026-04-03T06:40:17.789+0600][10.550s][info][gc,stats    ] Concurrent Update Refs            43973 us
[2026-04-03T06:40:17.789+0600][10.550s][info][gc,stats    ] Concurrent Update Thread Roots     1006 us
[2026-04-03T06:40:17.789+0600][10.550s][info][gc,stats    ] Pause Final Update Refs (G)         592 us
[2026-04-03T06:40:17.789+0600][10.550s][info][gc,stats    ] Pause Final Update Refs (N)         185 us
[2026-04-03T06:40:17.789+0600][10.550s][info][gc,stats    ]   Update Region States               55 us
[2026-04-03T06:40:17.789+0600][10.550s][info][gc,stats    ]   Trash Collection Set               15 us
[2026-04-03T06:40:17.789+0600][10.550s][info][gc,stats    ]   Rebuild Free Set                   36 us
[2026-04-03T06:40:17.789+0600][10.550s][info][gc,stats    ] Concurrent Cleanup                  792 us
[2026-04-03T06:40:17.789+0600][10.550s][info][gc,stats    ] 
[2026-04-03T06:40:17.789+0600][10.550s][info][gc,stats    ] Allocation pacing accrued:
[2026-04-03T06:40:17.789+0600][10.550s][info][gc,stats    ]       0 of  3452 ms (  0.0%): <total>
[2026-04-03T06:40:17.789+0600][10.550s][info][gc,stats    ]       0 of  3452 ms (  0.0%): <average total>
[2026-04-03T06:40:17.789+0600][10.550s][info][gc,stats    ] 
[2026-04-03T06:40:17.789+0600][10.551s][info][gc,metaspace] Metaspace: 49387K(49920K)->49387K(49920K) NonClass: 43258K(43584K)->43258K(43584K) Class: 6129K(6336K)->6129K(6336K)
[2026-04-03T06:40:17.789+0600][10.551s][info][gc,ergo     ] Pacer for Idle. Initial: 80302K, Alloc Tax Rate: 1.0x
[2026-04-03T06:40:20.075+0600][12.837s][info][gc          ] Trigger: Explicit GC request (System.gc())
[2026-04-03T06:40:20.075+0600][12.837s][info][gc,ergo     ] Free: 3230M, Max: 1024K regular, 2595M humongous, Frag: 20% external, 0% internal; Reserve: 197M, Max: 1024K
[2026-04-03T06:40:20.075+0600][12.837s][info][gc,start    ] GC(3) Concurrent reset
[2026-04-03T06:40:20.075+0600][12.837s][info][gc,task     ] GC(3) Using 3 of 6 workers for concurrent reset
[2026-04-03T06:40:20.075+0600][12.837s][info][gc,ergo     ] GC(3) Pacer for Reset. Non-Taxable: 3921M
[2026-04-03T06:40:20.078+0600][12.840s][info][gc          ] GC(3) Concurrent reset 2.348ms
[2026-04-03T06:40:20.078+0600][12.840s][info][gc,start    ] GC(3) Pause Init Mark (unload classes)
[2026-04-03T06:40:20.078+0600][12.840s][info][gc,task     ] GC(3) Using 6 of 6 workers for init marking
[2026-04-03T06:40:20.078+0600][12.840s][info][gc,ref      ] GC(3) Clearing All SoftReferences
[2026-04-03T06:40:20.078+0600][12.840s][info][gc,ergo     ] GC(3) Pacer for Mark. Expected Live: 46468K, Free: 3230M, Non-Taxable: 323M, Alloc Tax Rate: 0.0x
[2026-04-03T06:40:20.078+0600][12.840s][info][gc          ] GC(3) Pause Init Mark (unload classes) 0.141ms
[2026-04-03T06:40:20.078+0600][12.840s][info][gc,start    ] GC(3) Concurrent marking roots
[2026-04-03T06:40:20.078+0600][12.840s][info][gc,task     ] GC(3) Using 3 of 6 workers for concurrent marking roots
[2026-04-03T06:40:20.079+0600][12.841s][info][gc          ] GC(3) Concurrent marking roots 0.637ms
[2026-04-03T06:40:20.079+0600][12.841s][info][gc,start    ] GC(3) Concurrent marking (unload classes)
[2026-04-03T06:40:20.079+0600][12.841s][info][gc,task     ] GC(3) Using 3 of 6 workers for concurrent marking
[2026-04-03T06:40:20.090+0600][12.852s][info][gc          ] GC(3) Concurrent marking (unload classes) 11.656ms
[2026-04-03T06:40:20.091+0600][12.853s][info][gc,start    ] GC(3) Pause Final Mark (unload classes)
[2026-04-03T06:40:20.091+0600][12.853s][info][gc,task     ] GC(3) Using 6 of 6 workers for final marking
[2026-04-03T06:40:20.091+0600][12.853s][info][gc,ergo     ] GC(3) Adaptive CSet Selection. Target Free: 555M, Actual Free: 3815M, Max CSet: 163M, Min Garbage: 0B
[2026-04-03T06:40:20.091+0600][12.853s][info][gc,ergo     ] GC(3) Collectable Garbage: 457M (99%), Immediate: 389M (84%), CSet: 69677K (14%)
[2026-04-03T06:40:20.091+0600][12.853s][info][gc,ergo     ] GC(3) Pacer for Evacuation. Used CSet: 74414K, Free: 3626M, Non-Taxable: 362M, Alloc Tax Rate: 1.1x
[2026-04-03T06:40:20.091+0600][12.853s][info][gc          ] GC(3) Pause Final Mark (unload classes) 0.532ms
[2026-04-03T06:40:20.091+0600][12.853s][info][gc,start    ] GC(3) Concurrent thread roots
[2026-04-03T06:40:20.091+0600][12.853s][info][gc,task     ] GC(3) Using 3 of 6 workers for Concurrent thread roots
[2026-04-03T06:40:20.092+0600][12.854s][info][gc          ] GC(3) Concurrent thread roots 0.481ms
[2026-04-03T06:40:20.092+0600][12.854s][info][gc,start    ] GC(3) Concurrent weak references
[2026-04-03T06:40:20.092+0600][12.854s][info][gc,task     ] GC(3) Using 3 of 6 workers for concurrent weak references
[2026-04-03T06:40:20.092+0600][12.854s][info][gc,ref      ] GC(3) Encountered references: Soft: 4059, Weak: 3670, Final: 82, Phantom: 587
[2026-04-03T06:40:20.092+0600][12.854s][info][gc,ref      ] GC(3) Discovered  references: Soft: 3434, Weak: 667, Final: 0, Phantom: 582
[2026-04-03T06:40:20.092+0600][12.854s][info][gc,ref      ] GC(3) Enqueued    references: Soft: 1592, Weak: 478, Final: 0, Phantom: 1
[2026-04-03T06:40:20.092+0600][12.854s][info][gc          ] GC(3) Concurrent weak references 0.574ms
[2026-04-03T06:40:20.092+0600][12.854s][info][gc,start    ] GC(3) Concurrent weak roots
[2026-04-03T06:40:20.092+0600][12.854s][info][gc,task     ] GC(3) Using 3 of 6 workers for concurrent weak root
[2026-04-03T06:40:20.094+0600][12.856s][info][gc          ] GC(3) Concurrent weak roots 1.613ms
[2026-04-03T06:40:20.094+0600][12.856s][info][gc,start    ] GC(3) Concurrent cleanup
[2026-04-03T06:40:20.094+0600][12.856s][info][gc          ] GC(3) Concurrent cleanup 485M->96M(1135M) 0.254ms
[2026-04-03T06:40:20.094+0600][12.856s][info][gc,ergo     ] GC(3) Free: 3625M, Max: 1024K regular, 2678M humongous, Frag: 27% external, 0% internal; Reserve: 196M, Max: 1024K
[2026-04-03T06:40:20.094+0600][12.856s][info][gc,start    ] GC(3) Concurrent class unloading
[2026-04-03T06:40:20.094+0600][12.856s][info][gc,task     ] GC(3) Using 3 of 6 workers for concurrent class unloading
[2026-04-03T06:40:20.108+0600][12.870s][info][gc          ] GC(3) Concurrent class unloading 13.614ms
[2026-04-03T06:40:20.108+0600][12.870s][info][gc,start    ] GC(3) Concurrent strong roots
[2026-04-03T06:40:20.108+0600][12.870s][info][gc,task     ] GC(3) Using 3 of 6 workers for concurrent strong root
[2026-04-03T06:40:20.109+0600][12.871s][info][gc          ] GC(3) Concurrent strong roots 0.944ms
[2026-04-03T06:40:20.109+0600][12.871s][info][gc,start    ] GC(3) Concurrent evacuation
[2026-04-03T06:40:20.109+0600][12.871s][info][gc,task     ] GC(3) Using 3 of 6 workers for concurrent evacuation
[2026-04-03T06:40:20.112+0600][12.874s][info][gc          ] GC(3) Concurrent evacuation 3.135ms
[2026-04-03T06:40:20.112+0600][12.874s][info][gc,start    ] GC(3) Pause Init Update Refs
[2026-04-03T06:40:20.113+0600][12.874s][info][gc,ergo     ] GC(3) Pacer for Update Refs. Used: 102M, Free: 3625M, Non-Taxable: 362M, Alloc Tax Rate: 1.1x
[2026-04-03T06:40:20.113+0600][12.874s][info][gc          ] GC(3) Pause Init Update Refs 0.071ms
[2026-04-03T06:40:20.113+0600][12.875s][info][gc,start    ] GC(3) Concurrent update references
[2026-04-03T06:40:20.113+0600][12.875s][info][gc,task     ] GC(3) Using 3 of 6 workers for concurrent reference update
[2026-04-03T06:40:20.120+0600][12.882s][info][gc          ] GC(3) Concurrent update references 7.377ms
[2026-04-03T06:40:20.120+0600][12.882s][info][gc,start    ] GC(3) Concurrent update thread roots
[2026-04-03T06:40:20.121+0600][12.883s][info][gc          ] GC(3) Concurrent update thread roots 0.569ms
[2026-04-03T06:40:20.121+0600][12.883s][info][gc,start    ] GC(3) Pause Final Update Refs
[2026-04-03T06:40:20.121+0600][12.883s][info][gc,task     ] GC(3) Using 6 of 6 workers for final reference update
[2026-04-03T06:40:20.121+0600][12.883s][info][gc          ] GC(3) Pause Final Update Refs 0.144ms
[2026-04-03T06:40:20.121+0600][12.883s][info][gc,start    ] GC(3) Concurrent cleanup
[2026-04-03T06:40:20.121+0600][12.883s][info][gc          ] GC(3) Concurrent cleanup 102M->29M(1135M) 0.247ms
[2026-04-03T06:40:20.121+0600][12.883s][info][gc,ergo     ] Free: 3692M, Max: 1024K regular, 3372M humongous, Frag: 9% external, 0% internal; Reserve: 197M, Max: 1024K
[2026-04-03T06:40:20.121+0600][12.883s][info][gc,stats    ] 
[2026-04-03T06:40:20.121+0600][12.883s][info][gc,stats    ] All times are wall-clock times, except per-root-class counters, that are sum over
[2026-04-03T06:40:20.121+0600][12.883s][info][gc,stats    ] all workers. Dividing the <total> over the root stage time estimates parallelism.
[2026-04-03T06:40:20.121+0600][12.883s][info][gc,stats    ] 
[2026-04-03T06:40:20.121+0600][12.883s][info][gc,stats    ] Concurrent Reset                   2412 us
[2026-04-03T06:40:20.121+0600][12.883s][info][gc,stats    ] Pause Init Mark (G)                 383 us
[2026-04-03T06:40:20.121+0600][12.883s][info][gc,stats    ] Pause Init Mark (N)                 149 us
[2026-04-03T06:40:20.121+0600][12.883s][info][gc,stats    ]   Update Region States               31 us
[2026-04-03T06:40:20.121+0600][12.883s][info][gc,stats    ] Concurrent Mark Roots               676 us, parallelism: 1.49x
[2026-04-03T06:40:20.121+0600][12.883s][info][gc,stats    ]   CMR: <total>                     1006 us
[2026-04-03T06:40:20.121+0600][12.883s][info][gc,stats    ]   CMR: Thread Roots                 814 us, workers (us): 180, 383, 252, ---, ---, ---, 
[2026-04-03T06:40:20.121+0600][12.883s][info][gc,stats    ]   CMR: VM Strong Roots               19 us, workers (us):  13,   6,   1, ---, ---, ---, 
[2026-04-03T06:40:20.121+0600][12.883s][info][gc,stats    ]   CMR: CLDG Roots                   172 us, workers (us): 172, ---, ---, ---, ---, ---, 
[2026-04-03T06:40:20.121+0600][12.883s][info][gc,stats    ] Concurrent Marking                11735 us
[2026-04-03T06:40:20.122+0600][12.883s][info][gc,stats    ] Pause Final Mark (G)                736 us
[2026-04-03T06:40:20.122+0600][12.883s][info][gc,stats    ] Pause Final Mark (N)                565 us
[2026-04-03T06:40:20.122+0600][12.883s][info][gc,stats    ]   Finish Mark                       252 us
[2026-04-03T06:40:20.122+0600][12.883s][info][gc,stats    ]   Update Region States               43 us
[2026-04-03T06:40:20.122+0600][12.883s][info][gc,stats    ]   Choose Collection Set             101 us
[2026-04-03T06:40:20.122+0600][12.883s][info][gc,stats    ]   Rebuild Free Set                   34 us
[2026-04-03T06:40:20.122+0600][12.883s][info][gc,stats    ] Concurrent Thread Roots             508 us, parallelism: 1.32x
[2026-04-03T06:40:20.122+0600][12.884s][info][gc,stats    ]   CTR: <total>                      669 us
[2026-04-03T06:40:20.122+0600][12.884s][info][gc,stats    ]   CTR: Thread Roots                 669 us, workers (us): 255, 219, 194, ---, ---, ---, 
[2026-04-03T06:40:20.122+0600][12.884s][info][gc,stats    ] Concurrent Weak References          585 us, parallelism: 1.52x
[2026-04-03T06:40:20.122+0600][12.884s][info][gc,stats    ]   CWRF: <total>                     893 us
[2026-04-03T06:40:20.122+0600][12.884s][info][gc,stats    ]   CWRF: Weak References             893 us, workers (us): 108, 382, 403, ---, ---, ---, 
[2026-04-03T06:40:20.122+0600][12.884s][info][gc,stats    ] Concurrent Weak Roots              1695 us
[2026-04-03T06:40:20.122+0600][12.884s][info][gc,stats    ]   Roots                            1409 us, parallelism: 2.53x
[2026-04-03T06:40:20.122+0600][12.884s][info][gc,stats    ]     CWR: <total>                   3564 us
[2026-04-03T06:40:20.122+0600][12.884s][info][gc,stats    ]     CWR: Code Cache Roots          1988 us, workers (us): 711, 582, 695, ---, ---, ---, 
[2026-04-03T06:40:20.122+0600][12.884s][info][gc,stats    ]     CWR: VM Weak Roots             1547 us, workers (us): 519, 519, 509, ---, ---, ---, 
[2026-04-03T06:40:20.122+0600][12.884s][info][gc,stats    ]     CWR: CLDG Roots                  29 us, workers (us): ---, ---,  29, ---, ---, ---, 
[2026-04-03T06:40:20.122+0600][12.884s][info][gc,stats    ]   Rendezvous                        181 us
[2026-04-03T06:40:20.122+0600][12.884s][info][gc,stats    ] Concurrent Cleanup                  274 us
[2026-04-03T06:40:20.122+0600][12.884s][info][gc,stats    ] Concurrent Class Unloading        13698 us
[2026-04-03T06:40:20.122+0600][12.884s][info][gc,stats    ]   Unlink Stale                    11984 us
[2026-04-03T06:40:20.122+0600][12.884s][info][gc,stats    ]     System Dictionary               263 us
[2026-04-03T06:40:20.122+0600][12.884s][info][gc,stats    ]     Weak Class Links               8490 us
[2026-04-03T06:40:20.122+0600][12.884s][info][gc,stats    ]     Code Roots                     3226 us
[2026-04-03T06:40:20.122+0600][12.884s][info][gc,stats    ]   Rendezvous                        270 us
[2026-04-03T06:40:20.122+0600][12.884s][info][gc,stats    ]   Purge Unlinked                   1330 us
[2026-04-03T06:40:20.122+0600][12.884s][info][gc,stats    ]     Code Roots                     1097 us
[2026-04-03T06:40:20.122+0600][12.884s][info][gc,stats    ]     CLDG                            233 us
[2026-04-03T06:40:20.122+0600][12.884s][info][gc,stats    ]     Exception Caches                  0 us
[2026-04-03T06:40:20.122+0600][12.884s][info][gc,stats    ] Concurrent Strong Roots            1031 us, parallelism: 0.56x
[2026-04-03T06:40:20.122+0600][12.884s][info][gc,stats    ]   CSR: <total>                      581 us
[2026-04-03T06:40:20.122+0600][12.884s][info][gc,stats    ]   CSR: VM Strong Roots               24 us, workers (us):  24,   0,   0, ---, ---, ---, 
[2026-04-03T06:40:20.122+0600][12.884s][info][gc,stats    ]   CSR: CLDG Roots                   557 us, workers (us): 557, ---, ---, ---, ---, ---, 
[2026-04-03T06:40:20.122+0600][12.884s][info][gc,stats    ] Concurrent Evacuation              3199 us
[2026-04-03T06:40:20.122+0600][12.884s][info][gc,stats    ] Pause Init Update Refs (G)          300 us
[2026-04-03T06:40:20.122+0600][12.884s][info][gc,stats    ] Pause Init Update Refs (N)           95 us
[2026-04-03T06:40:20.122+0600][12.884s][info][gc,stats    ]   Manage GCLABs                      10 us
[2026-04-03T06:40:20.122+0600][12.884s][info][gc,stats    ] Concurrent Update Refs             7463 us
[2026-04-03T06:40:20.122+0600][12.884s][info][gc,stats    ] Concurrent Update Thread Roots      603 us
[2026-04-03T06:40:20.122+0600][12.884s][info][gc,stats    ] Pause Final Update Refs (G)         300 us
[2026-04-03T06:40:20.122+0600][12.884s][info][gc,stats    ] Pause Final Update Refs (N)         159 us
[2026-04-03T06:40:20.122+0600][12.884s][info][gc,stats    ]   Update Region States               48 us
[2026-04-03T06:40:20.122+0600][12.884s][info][gc,stats    ]   Trash Collection Set               10 us
[2026-04-03T06:40:20.122+0600][12.884s][info][gc,stats    ]   Rebuild Free Set                   34 us
[2026-04-03T06:40:20.122+0600][12.884s][info][gc,stats    ] Concurrent Cleanup                  272 us
[2026-04-03T06:40:20.122+0600][12.884s][info][gc,stats    ] 
[2026-04-03T06:40:20.122+0600][12.884s][info][gc,stats    ] Allocation pacing accrued:
[2026-04-03T06:40:20.122+0600][12.884s][info][gc,stats    ]       0 of  2333 ms (  0.0%): <total>
[2026-04-03T06:40:20.122+0600][12.884s][info][gc,stats    ]       0 of  2333 ms (  0.0%): <average total>
[2026-04-03T06:40:20.122+0600][12.884s][info][gc,stats    ] 
[2026-04-03T06:40:20.122+0600][12.884s][info][gc,metaspace] Metaspace: 55434K(56000K)->55296K(56000K) NonClass: 48441K(48768K)->48340K(48768K) Class: 6993K(7232K)->6955K(7232K)
[2026-04-03T06:40:20.122+0600][12.884s][info][gc,ergo     ] Pacer for Idle. Initial: 80302K, Alloc Tax Rate: 1.0x
[2026-04-03T06:40:20.122+0600][12.884s][info][gc,start    ] Concurrent uncommit
[2026-04-03T06:40:20.226+0600][12.988s][info][gc          ] Concurrent uncommit 30M->32M(35M) 104.305ms
[2026-04-03T06:40:23.640+0600][16.402s][info][gc          ] Trigger: Learning 2 of 5. Free (2741M) is below initial threshold (2744M)
[2026-04-03T06:40:23.641+0600][16.402s][info][gc,ergo     ] Free: 2741M, Max: 1024K regular, 2741M humongous, Frag: 0% external, 0% internal; Reserve: 197M, Max: 1024K
[2026-04-03T06:40:23.641+0600][16.402s][info][gc,start    ] GC(4) Concurrent reset
[2026-04-03T06:40:23.641+0600][16.402s][info][gc,task     ] GC(4) Using 3 of 6 workers for concurrent reset
[2026-04-03T06:40:23.641+0600][16.403s][info][gc,ergo     ] GC(4) Pacer for Reset. Non-Taxable: 3921M
[2026-04-03T06:40:23.642+0600][16.404s][info][gc          ] GC(4) Concurrent reset 1.297ms
[2026-04-03T06:40:23.644+0600][16.406s][info][gc,start    ] GC(4) Pause Init Mark (unload classes)
[2026-04-03T06:40:23.644+0600][16.406s][info][gc,task     ] GC(4) Using 6 of 6 workers for init marking
[2026-04-03T06:40:23.645+0600][16.406s][info][gc,ergo     ] GC(4) Pacer for Mark. Expected Live: 41434K, Free: 2741M, Non-Taxable: 274M, Alloc Tax Rate: 0.0x
[2026-04-03T06:40:23.645+0600][16.406s][info][gc          ] GC(4) Pause Init Mark (unload classes) 0.123ms
[2026-04-03T06:40:23.645+0600][16.407s][info][gc,start    ] GC(4) Concurrent marking roots
[2026-04-03T06:40:23.645+0600][16.407s][info][gc,task     ] GC(4) Using 3 of 6 workers for concurrent marking roots
[2026-04-03T06:40:23.646+0600][16.408s][info][gc          ] GC(4) Concurrent marking roots 1.428ms
[2026-04-03T06:40:23.646+0600][16.408s][info][gc,start    ] GC(4) Concurrent marking (unload classes)
[2026-04-03T06:40:23.646+0600][16.408s][info][gc,task     ] GC(4) Using 3 of 6 workers for concurrent marking
[2026-04-03T06:40:23.782+0600][16.544s][info][gc          ] GC(4) Concurrent marking (unload classes) 136.009ms
[2026-04-03T06:40:23.783+0600][16.545s][info][gc,start    ] GC(4) Pause Final Mark (unload classes)
[2026-04-03T06:40:23.783+0600][16.545s][info][gc,task     ] GC(4) Using 6 of 6 workers for final marking
[2026-04-03T06:40:23.783+0600][16.545s][info][gc,ergo     ] GC(4) Adaptive CSet Selection. Target Free: 555M, Actual Free: 2944M, Max CSet: 163M, Min Garbage: 0B
[2026-04-03T06:40:23.784+0600][16.546s][info][gc,ergo     ] GC(4) Collectable Garbage: 861M (99%), Immediate: 22805K (2%), CSet: 838M (97%)
[2026-04-03T06:40:23.784+0600][16.546s][info][gc,ergo     ] GC(4) Pacer for Evacuation. Used CSet: 912M, Free: 2759M, Non-Taxable: 275M, Alloc Tax Rate: 1.1x
[2026-04-03T06:40:23.784+0600][16.546s][info][gc          ] GC(4) Pause Final Mark (unload classes) 1.216ms
[2026-04-03T06:40:23.784+0600][16.546s][info][gc,start    ] GC(4) Concurrent thread roots
[2026-04-03T06:40:23.784+0600][16.546s][info][gc,task     ] GC(4) Using 3 of 6 workers for Concurrent thread roots
[2026-04-03T06:40:23.786+0600][16.548s][info][gc          ] GC(4) Concurrent thread roots 2.370ms
[2026-04-03T06:40:23.786+0600][16.548s][info][gc,start    ] GC(4) Concurrent weak references
[2026-04-03T06:40:23.786+0600][16.548s][info][gc,task     ] GC(4) Using 3 of 6 workers for concurrent weak references
[2026-04-03T06:40:23.788+0600][16.550s][info][gc,ref      ] GC(4) Encountered references: Soft: 3112, Weak: 5903, Final: 82, Phantom: 592
[2026-04-03T06:40:23.788+0600][16.550s][info][gc,ref      ] GC(4) Discovered  references: Soft: 0, Weak: 3854, Final: 82, Phantom: 590
[2026-04-03T06:40:23.788+0600][16.550s][info][gc,ref      ] GC(4) Enqueued    references: Soft: 0, Weak: 835, Final: 0, Phantom: 0
[2026-04-03T06:40:23.788+0600][16.550s][info][gc          ] GC(4) Concurrent weak references 1.905ms
[2026-04-03T06:40:23.788+0600][16.550s][info][gc,start    ] GC(4) Concurrent weak roots
[2026-04-03T06:40:23.788+0600][16.550s][info][gc,task     ] GC(4) Using 3 of 6 workers for concurrent weak root
[2026-04-03T06:40:23.792+0600][16.554s][info][gc          ] GC(4) Concurrent weak roots 3.310ms
[2026-04-03T06:40:23.792+0600][16.554s][info][gc,start    ] GC(4) Concurrent cleanup
[2026-04-03T06:40:23.792+0600][16.554s][info][gc          ] GC(4) Concurrent cleanup 986M->964M(1002M) 0.288ms
[2026-04-03T06:40:23.792+0600][16.554s][info][gc,ergo     ] GC(4) Free: 2757M, Max: 1024K regular, 2723M humongous, Frag: 2% external, 0% internal; Reserve: 196M, Max: 1024K
[2026-04-03T06:40:23.792+0600][16.554s][info][gc,start    ] GC(4) Concurrent class unloading
[2026-04-03T06:40:23.792+0600][16.554s][info][gc,task     ] GC(4) Using 3 of 6 workers for concurrent class unloading
[2026-04-03T06:40:23.803+0600][16.565s][info][gc          ] GC(4) Concurrent class unloading 11.143ms
[2026-04-03T06:40:23.803+0600][16.565s][info][gc,start    ] GC(4) Concurrent strong roots
[2026-04-03T06:40:23.803+0600][16.565s][info][gc,task     ] GC(4) Using 3 of 6 workers for concurrent strong root
[2026-04-03T06:40:23.806+0600][16.567s][info][gc          ] GC(4) Concurrent strong roots 2.082ms
[2026-04-03T06:40:23.806+0600][16.568s][info][gc,start    ] GC(4) Concurrent evacuation
[2026-04-03T06:40:23.806+0600][16.568s][info][gc,task     ] GC(4) Using 3 of 6 workers for concurrent evacuation
[2026-04-03T06:40:23.894+0600][16.656s][info][gc          ] GC(4) Concurrent evacuation 88.802ms
[2026-04-03T06:40:23.895+0600][16.657s][info][gc,start    ] GC(4) Pause Init Update Refs
[2026-04-03T06:40:23.895+0600][16.657s][info][gc,ergo     ] GC(4) Pacer for Update Refs. Used: 1053M, Free: 2742M, Non-Taxable: 274M, Alloc Tax Rate: 1.1x
[2026-04-03T06:40:23.895+0600][16.657s][info][gc          ] GC(4) Pause Init Update Refs 0.123ms
[2026-04-03T06:40:23.895+0600][16.657s][info][gc,start    ] GC(4) Concurrent update references
[2026-04-03T06:40:23.895+0600][16.657s][info][gc,task     ] GC(4) Using 3 of 6 workers for concurrent reference update
[2026-04-03T06:40:23.991+0600][16.753s][info][gc          ] GC(4) Concurrent update references 96.444ms
[2026-04-03T06:40:23.992+0600][16.753s][info][gc,start    ] GC(4) Concurrent update thread roots
[2026-04-03T06:40:23.993+0600][16.755s][info][gc          ] GC(4) Concurrent update thread roots 1.279ms
[2026-04-03T06:40:23.993+0600][16.755s][info][gc,start    ] GC(4) Pause Final Update Refs
[2026-04-03T06:40:23.993+0600][16.755s][info][gc,task     ] GC(4) Using 6 of 6 workers for final reference update
[2026-04-03T06:40:23.993+0600][16.755s][info][gc          ] GC(4) Pause Final Update Refs 0.368ms
[2026-04-03T06:40:23.994+0600][16.755s][info][gc,start    ] GC(4) Concurrent cleanup
[2026-04-03T06:40:23.994+0600][16.756s][info][gc          ] GC(4) Concurrent cleanup 1063M->150M(1076M) 0.499ms
[2026-04-03T06:40:23.994+0600][16.756s][info][gc,ergo     ] Free: 3570M, Max: 1024K regular, 2651M humongous, Frag: 26% external, 0% internal; Reserve: 197M, Max: 1024K
[2026-04-03T06:40:23.994+0600][16.756s][info][gc,stats    ] 
[2026-04-03T06:40:23.994+0600][16.756s][info][gc,stats    ] All times are wall-clock times, except per-root-class counters, that are sum over
[2026-04-03T06:40:23.994+0600][16.756s][info][gc,stats    ] all workers. Dividing the <total> over the root stage time estimates parallelism.
[2026-04-03T06:40:23.994+0600][16.756s][info][gc,stats    ] 
[2026-04-03T06:40:23.994+0600][16.756s][info][gc,stats    ] Concurrent Reset                   1359 us
[2026-04-03T06:40:23.994+0600][16.756s][info][gc,stats    ] Pause Init Mark (G)                2758 us
[2026-04-03T06:40:23.995+0600][16.756s][info][gc,stats    ] Pause Init Mark (N)                 131 us
[2026-04-03T06:40:23.995+0600][16.756s][info][gc,stats    ]   Update Region States               33 us
[2026-04-03T06:40:23.995+0600][16.756s][info][gc,stats    ] Concurrent Mark Roots              1471 us, parallelism: 1.88x
[2026-04-03T06:40:23.995+0600][16.756s][info][gc,stats    ]   CMR: <total>                     2770 us
[2026-04-03T06:40:23.995+0600][16.756s][info][gc,stats    ]   CMR: Thread Roots                2099 us, workers (us): 628, 746, 725, ---, ---, ---, 
[2026-04-03T06:40:23.995+0600][16.757s][info][gc,stats    ]   CMR: VM Strong Roots              313 us, workers (us): 207,  41,  65, ---, ---, ---, 
[2026-04-03T06:40:23.995+0600][16.757s][info][gc,stats    ]   CMR: CLDG Roots                   359 us, workers (us): ---, 359, ---, ---, ---, ---, 
[2026-04-03T06:40:23.995+0600][16.757s][info][gc,stats    ] Concurrent Marking               136246 us
[2026-04-03T06:40:23.995+0600][16.757s][info][gc,stats    ] Pause Final Mark (G)               1566 us
[2026-04-03T06:40:23.995+0600][16.757s][info][gc,stats    ] Pause Final Mark (N)               1235 us
[2026-04-03T06:40:23.995+0600][16.757s][info][gc,stats    ]   Finish Mark                       238 us
[2026-04-03T06:40:23.995+0600][16.757s][info][gc,stats    ]   Update Region States               92 us
[2026-04-03T06:40:23.995+0600][16.757s][info][gc,stats    ]   Choose Collection Set             628 us
[2026-04-03T06:40:23.995+0600][16.757s][info][gc,stats    ]   Rebuild Free Set                   64 us
[2026-04-03T06:40:23.995+0600][16.757s][info][gc,stats    ] Concurrent Thread Roots            2455 us, parallelism: 1.88x
[2026-04-03T06:40:23.995+0600][16.757s][info][gc,stats    ]   CTR: <total>                     4609 us
[2026-04-03T06:40:23.995+0600][16.757s][info][gc,stats    ]   CTR: Thread Roots                4609 us, workers (us): 2119, 467, 2023, ---, ---, ---, 
[2026-04-03T06:40:23.995+0600][16.757s][info][gc,stats    ] Concurrent Weak References         1927 us, parallelism: 0.92x
[2026-04-03T06:40:23.995+0600][16.757s][info][gc,stats    ]   CWRF: <total>                    1779 us
[2026-04-03T06:40:23.995+0600][16.757s][info][gc,stats    ]   CWRF: Weak References            1779 us, workers (us): 129, 1542, 109, ---, ---, ---, 
[2026-04-03T06:40:23.995+0600][16.757s][info][gc,stats    ] Concurrent Weak Roots              3414 us
[2026-04-03T06:40:23.995+0600][16.757s][info][gc,stats    ]   Roots                            2851 us, parallelism: 2.58x
[2026-04-03T06:40:23.995+0600][16.757s][info][gc,stats    ]     CWR: <total>                   7369 us
[2026-04-03T06:40:23.995+0600][16.757s][info][gc,stats    ]     CWR: Code Cache Roots          3381 us, workers (us): 1116, 1226, 1038, ---, ---, ---, 
[2026-04-03T06:40:23.995+0600][16.757s][info][gc,stats    ]     CWR: VM Weak Roots             3904 us, workers (us): 1313, 1301, 1291, ---, ---, ---, 
[2026-04-03T06:40:23.995+0600][16.757s][info][gc,stats    ]     CWR: CLDG Roots                  84 us, workers (us): ---, ---,  84, ---, ---, ---, 
[2026-04-03T06:40:23.995+0600][16.757s][info][gc,stats    ]   Rendezvous                        419 us
[2026-04-03T06:40:23.995+0600][16.757s][info][gc,stats    ] Concurrent Cleanup                  313 us
[2026-04-03T06:40:23.995+0600][16.757s][info][gc,stats    ] Concurrent Class Unloading        11254 us
[2026-04-03T06:40:23.995+0600][16.757s][info][gc,stats    ]   Unlink Stale                     5631 us
[2026-04-03T06:40:23.995+0600][16.757s][info][gc,stats    ]     System Dictionary               140 us
[2026-04-03T06:40:23.995+0600][16.757s][info][gc,stats    ]     Weak Class Links                  1 us
[2026-04-03T06:40:23.995+0600][16.757s][info][gc,stats    ]     Code Roots                     5485 us
[2026-04-03T06:40:23.995+0600][16.757s][info][gc,stats    ]   Rendezvous                        168 us
[2026-04-03T06:40:23.995+0600][16.757s][info][gc,stats    ]   Purge Unlinked                   5248 us
[2026-04-03T06:40:23.995+0600][16.757s][info][gc,stats    ]     Code Roots                     5185 us
[2026-04-03T06:40:23.995+0600][16.757s][info][gc,stats    ]     CLDG                             61 us
[2026-04-03T06:40:23.995+0600][16.757s][info][gc,stats    ]     Exception Caches                  0 us
[2026-04-03T06:40:23.995+0600][16.757s][info][gc,stats    ] Concurrent Strong Roots            2191 us, parallelism: 0.83x
[2026-04-03T06:40:23.995+0600][16.757s][info][gc,stats    ]   CSR: <total>                     1809 us
[2026-04-03T06:40:23.995+0600][16.757s][info][gc,stats    ]   CSR: VM Strong Roots               42 us, workers (us):  22,  19,   1, ---, ---, ---, 
[2026-04-03T06:40:23.995+0600][16.757s][info][gc,stats    ]   CSR: CLDG Roots                  1767 us, workers (us): ---, 1767, ---, ---, ---, ---, 
[2026-04-03T06:40:23.995+0600][16.757s][info][gc,stats    ] Concurrent Evacuation             88891 us
[2026-04-03T06:40:23.995+0600][16.757s][info][gc,stats    ] Pause Init Update Refs (G)          423 us
[2026-04-03T06:40:23.995+0600][16.757s][info][gc,stats    ] Pause Init Update Refs (N)          140 us
[2026-04-03T06:40:23.995+0600][16.757s][info][gc,stats    ]   Manage GCLABs                      16 us
[2026-04-03T06:40:23.995+0600][16.757s][info][gc,stats    ] Concurrent Update Refs            96577 us
[2026-04-03T06:40:23.995+0600][16.757s][info][gc,stats    ] Concurrent Update Thread Roots     1411 us
[2026-04-03T06:40:23.995+0600][16.757s][info][gc,stats    ] Pause Final Update Refs (G)         622 us
[2026-04-03T06:40:23.995+0600][16.757s][info][gc,stats    ] Pause Final Update Refs (N)         388 us
[2026-04-03T06:40:23.995+0600][16.757s][info][gc,stats    ]   Update Region States              101 us
[2026-04-03T06:40:23.995+0600][16.757s][info][gc,stats    ]   Trash Collection Set               20 us
[2026-04-03T06:40:23.995+0600][16.757s][info][gc,stats    ]   Rebuild Free Set                   47 us
[2026-04-03T06:40:23.995+0600][16.757s][info][gc,stats    ] Concurrent Cleanup                  537 us
[2026-04-03T06:40:23.995+0600][16.757s][info][gc,stats    ] 
[2026-04-03T06:40:23.995+0600][16.757s][info][gc,stats    ] Allocation pacing accrued:
[2026-04-03T06:40:23.995+0600][16.757s][info][gc,stats    ]       0 of  3873 ms (  0.0%): <total>
[2026-04-03T06:40:23.995+0600][16.757s][info][gc,stats    ]       0 of  3873 ms (  0.0%): <average total>
[2026-04-03T06:40:23.995+0600][16.757s][info][gc,stats    ] 
[2026-04-03T06:40:23.996+0600][16.757s][info][gc,metaspace] Metaspace: 63420K(64192K)->64139K(64960K) NonClass: 55418K(55808K)->56006K(56448K) Class: 8001K(8384K)->8133K(8512K)
[2026-04-03T06:40:23.996+0600][16.757s][info][gc,ergo     ] Pacer for Idle. Initial: 80302K, Alloc Tax Rate: 1.0x
[2026-04-03T06:40:24.603+0600][17.364s][info][gc          ] Trigger: Learning 3 of 5. Free (2742M) is below initial threshold (2744M)
[2026-04-03T06:40:24.603+0600][17.365s][info][gc,ergo     ] Free: 2742M, Max: 1024K regular, 2651M humongous, Frag: 4% external, 0% internal; Reserve: 197M, Max: 1024K
[2026-04-03T06:40:24.603+0600][17.365s][info][gc,start    ] GC(5) Concurrent reset
[2026-04-03T06:40:24.603+0600][17.365s][info][gc,task     ] GC(5) Using 3 of 6 workers for concurrent reset
[2026-04-03T06:40:24.603+0600][17.365s][info][gc,ergo     ] GC(5) Pacer for Reset. Non-Taxable: 3921M
[2026-04-03T06:40:24.606+0600][17.368s][info][gc          ] GC(5) Concurrent reset 3.355ms
[2026-04-03T06:40:24.606+0600][17.368s][info][gc,start    ] GC(5) Pause Init Mark (unload classes)
[2026-04-03T06:40:24.606+0600][17.368s][info][gc,task     ] GC(5) Using 6 of 6 workers for init marking
[2026-04-03T06:40:24.606+0600][17.368s][info][gc,ergo     ] GC(5) Pacer for Mark. Expected Live: 54544K, Free: 2735M, Non-Taxable: 273M, Alloc Tax Rate: 0.0x
[2026-04-03T06:40:24.606+0600][17.368s][info][gc          ] GC(5) Pause Init Mark (unload classes) 0.154ms
[2026-04-03T06:40:24.607+0600][17.368s][info][gc,start    ] GC(5) Concurrent marking roots
[2026-04-03T06:40:24.607+0600][17.368s][info][gc,task     ] GC(5) Using 3 of 6 workers for concurrent marking roots
[2026-04-03T06:40:24.607+0600][17.369s][info][gc          ] GC(5) Concurrent marking roots 0.773ms
[2026-04-03T06:40:24.607+0600][17.369s][info][gc,start    ] GC(5) Concurrent marking (unload classes)
[2026-04-03T06:40:24.607+0600][17.369s][info][gc,task     ] GC(5) Using 3 of 6 workers for concurrent marking
[2026-04-03T06:40:24.704+0600][17.466s][info][gc          ] GC(5) Concurrent marking (unload classes) 96.884ms
[2026-04-03T06:40:24.704+0600][17.466s][info][gc,start    ] GC(5) Pause Final Mark (unload classes)
[2026-04-03T06:40:24.705+0600][17.466s][info][gc,task     ] GC(5) Using 6 of 6 workers for final marking
[2026-04-03T06:40:24.705+0600][17.467s][info][gc,ergo     ] GC(5) Adaptive CSet Selection. Target Free: 555M, Actual Free: 2811M, Max CSet: 163M, Min Garbage: 0B
[2026-04-03T06:40:24.705+0600][17.467s][info][gc,ergo     ] GC(5) Collectable Garbage: 833M (99%), Immediate: 10240K (1%), CSet: 823M (98%)
[2026-04-03T06:40:24.705+0600][17.467s][info][gc,ergo     ] GC(5) Pacer for Evacuation. Used CSet: 869M, Free: 2616M, Non-Taxable: 261M, Alloc Tax Rate: 1.1x
[2026-04-03T06:40:24.705+0600][17.467s][info][gc          ] GC(5) Pause Final Mark (unload classes) 0.892ms
[2026-04-03T06:40:24.705+0600][17.467s][info][gc,start    ] GC(5) Concurrent thread roots
[2026-04-03T06:40:24.705+0600][17.467s][info][gc,task     ] GC(5) Using 3 of 6 workers for Concurrent thread roots
[2026-04-03T06:40:24.706+0600][17.468s][info][gc          ] GC(5) Concurrent thread roots 0.658ms
[2026-04-03T06:40:24.706+0600][17.468s][info][gc,start    ] GC(5) Concurrent weak references
[2026-04-03T06:40:24.706+0600][17.468s][info][gc,task     ] GC(5) Using 3 of 6 workers for concurrent weak references
[2026-04-03T06:40:24.706+0600][17.468s][info][gc,ref      ] GC(5) Encountered references: Soft: 3150, Weak: 5454, Final: 82, Phantom: 594
[2026-04-03T06:40:24.706+0600][17.468s][info][gc,ref      ] GC(5) Discovered  references: Soft: 0, Weak: 563, Final: 0, Phantom: 591
[2026-04-03T06:40:24.706+0600][17.468s][info][gc,ref      ] GC(5) Enqueued    references: Soft: 0, Weak: 134, Final: 0, Phantom: 0
[2026-04-03T06:40:24.706+0600][17.468s][info][gc          ] GC(5) Concurrent weak references 0.378ms
[2026-04-03T06:40:24.706+0600][17.468s][info][gc,start    ] GC(5) Concurrent weak roots
[2026-04-03T06:40:24.707+0600][17.468s][info][gc,task     ] GC(5) Using 3 of 6 workers for concurrent weak root
[2026-04-03T06:40:24.709+0600][17.471s][info][gc          ] GC(5) Concurrent weak roots 2.267ms
[2026-04-03T06:40:24.709+0600][17.471s][info][gc,start    ] GC(5) Concurrent cleanup
[2026-04-03T06:40:24.709+0600][17.471s][info][gc          ] GC(5) Concurrent cleanup 1116M->1107M(1126M) 0.525ms
[2026-04-03T06:40:24.709+0600][17.471s][info][gc,ergo     ] GC(5) Free: 2613M, Max: 1024K regular, 2601M humongous, Frag: 1% external, 0% internal; Reserve: 196M, Max: 1024K
[2026-04-03T06:40:24.709+0600][17.471s][info][gc,start    ] GC(5) Concurrent class unloading
[2026-04-03T06:40:24.709+0600][17.471s][info][gc,task     ] GC(5) Using 3 of 6 workers for concurrent class unloading
[2026-04-03T06:40:24.728+0600][17.490s][info][gc          ] GC(5) Concurrent class unloading 18.124ms
[2026-04-03T06:40:24.728+0600][17.490s][info][gc,start    ] GC(5) Concurrent strong roots
[2026-04-03T06:40:24.728+0600][17.490s][info][gc,task     ] GC(5) Using 3 of 6 workers for concurrent strong root
[2026-04-03T06:40:24.729+0600][17.491s][info][gc          ] GC(5) Concurrent strong roots 0.939ms
[2026-04-03T06:40:24.729+0600][17.491s][info][gc,start    ] GC(5) Concurrent evacuation
[2026-04-03T06:40:24.729+0600][17.491s][info][gc,task     ] GC(5) Using 3 of 6 workers for concurrent evacuation
[2026-04-03T06:40:24.786+0600][17.548s][info][gc          ] GC(5) Concurrent evacuation 57.675ms
[2026-04-03T06:40:24.787+0600][17.549s][info][gc,start    ] GC(5) Pause Init Update Refs
[2026-04-03T06:40:24.787+0600][17.549s][info][gc,ergo     ] GC(5) Pacer for Update Refs. Used: 1221M, Free: 2545M, Non-Taxable: 254M, Alloc Tax Rate: 1.1x
[2026-04-03T06:40:24.787+0600][17.549s][info][gc          ] GC(5) Pause Init Update Refs 0.101ms
[2026-04-03T06:40:24.787+0600][17.549s][info][gc,start    ] GC(5) Concurrent update references
[2026-04-03T06:40:24.787+0600][17.549s][info][gc,task     ] GC(5) Using 3 of 6 workers for concurrent reference update
[2026-04-03T06:40:24.925+0600][17.687s][info][gc          ] GC(5) Concurrent update references 138.635ms
[2026-04-03T06:40:24.926+0600][17.687s][info][gc,start    ] GC(5) Concurrent update thread roots
[2026-04-03T06:40:24.926+0600][17.688s][info][gc          ] GC(5) Concurrent update thread roots 0.669ms
[2026-04-03T06:40:24.926+0600][17.688s][info][gc,start    ] GC(5) Pause Final Update Refs
[2026-04-03T06:40:24.927+0600][17.688s][info][gc,task     ] GC(5) Using 6 of 6 workers for final reference update
[2026-04-03T06:40:24.927+0600][17.689s][info][gc          ] GC(5) Pause Final Update Refs 0.189ms
[2026-04-03T06:40:24.927+0600][17.689s][info][gc,start    ] GC(5) Concurrent cleanup
[2026-04-03T06:40:24.928+0600][17.689s][info][gc          ] GC(5) Concurrent cleanup 1322M->453M(1327M) 0.832ms
[2026-04-03T06:40:24.928+0600][17.690s][info][gc,ergo     ] Free: 3267M, Max: 1024K regular, 2399M humongous, Frag: 27% external, 0% internal; Reserve: 197M, Max: 1024K
[2026-04-03T06:40:24.928+0600][17.690s][info][gc,stats    ] 
[2026-04-03T06:40:24.928+0600][17.690s][info][gc,stats    ] All times are wall-clock times, except per-root-class counters, that are sum over
[2026-04-03T06:40:24.928+0600][17.690s][info][gc,stats    ] all workers. Dividing the <total> over the root stage time estimates parallelism.
[2026-04-03T06:40:24.928+0600][17.690s][info][gc,stats    ] 
[2026-04-03T06:40:24.928+0600][17.690s][info][gc,stats    ] Concurrent Reset                   3404 us
[2026-04-03T06:40:24.928+0600][17.690s][info][gc,stats    ] Pause Init Mark (G)                 432 us
[2026-04-03T06:40:24.928+0600][17.690s][info][gc,stats    ] Pause Init Mark (N)                 163 us
[2026-04-03T06:40:24.928+0600][17.690s][info][gc,stats    ]   Update Region States               44 us
[2026-04-03T06:40:24.928+0600][17.690s][info][gc,stats    ] Concurrent Mark Roots               817 us, parallelism: 1.54x
[2026-04-03T06:40:24.928+0600][17.690s][info][gc,stats    ]   CMR: <total>                     1258 us
[2026-04-03T06:40:24.928+0600][17.690s][info][gc,stats    ]   CMR: Thread Roots                 961 us, workers (us): 357, 403, 201, ---, ---, ---, 
[2026-04-03T06:40:24.928+0600][17.690s][info][gc,stats    ]   CMR: VM Strong Roots               86 us, workers (us):  81,   3,   1, ---, ---, ---, 
[2026-04-03T06:40:24.928+0600][17.690s][info][gc,stats    ]   CMR: CLDG Roots                   211 us, workers (us): ---, ---, 211, ---, ---, ---, 
[2026-04-03T06:40:24.928+0600][17.690s][info][gc,stats    ] Concurrent Marking                96976 us
[2026-04-03T06:40:24.928+0600][17.690s][info][gc,stats    ] Pause Final Mark (G)               1077 us
[2026-04-03T06:40:24.928+0600][17.690s][info][gc,stats    ] Pause Final Mark (N)                905 us
[2026-04-03T06:40:24.928+0600][17.690s][info][gc,stats    ]   Finish Mark                       334 us
[2026-04-03T06:40:24.928+0600][17.690s][info][gc,stats    ]   Update Region States               69 us
[2026-04-03T06:40:24.928+0600][17.690s][info][gc,stats    ]   Choose Collection Set             357 us
[2026-04-03T06:40:24.928+0600][17.690s][info][gc,stats    ]   Rebuild Free Set                   42 us
[2026-04-03T06:40:24.928+0600][17.690s][info][gc,stats    ] Concurrent Thread Roots             685 us, parallelism: 1.93x
[2026-04-03T06:40:24.928+0600][17.690s][info][gc,stats    ]   CTR: <total>                     1320 us
[2026-04-03T06:40:24.928+0600][17.690s][info][gc,stats    ]   CTR: Thread Roots                1320 us, workers (us): 474, 432, 414, ---, ---, ---, 
[2026-04-03T06:40:24.928+0600][17.690s][info][gc,stats    ] Concurrent Weak References          392 us, parallelism: 0.73x
[2026-04-03T06:40:24.928+0600][17.690s][info][gc,stats    ]   CWRF: <total>                     285 us
[2026-04-03T06:40:24.928+0600][17.690s][info][gc,stats    ]   CWRF: Weak References             285 us, workers (us): 182, 101,   2, ---, ---, ---, 
[2026-04-03T06:40:24.928+0600][17.690s][info][gc,stats    ] Concurrent Weak Roots              2309 us
[2026-04-03T06:40:24.928+0600][17.690s][info][gc,stats    ]   Roots                            2113 us, parallelism: 2.62x
[2026-04-03T06:40:24.928+0600][17.690s][info][gc,stats    ]     CWR: <total>                   5542 us
[2026-04-03T06:40:24.928+0600][17.690s][info][gc,stats    ]     CWR: Code Cache Roots          3534 us, workers (us): 1120, 1173, 1241, ---, ---, ---, 
[2026-04-03T06:40:24.928+0600][17.690s][info][gc,stats    ]     CWR: VM Weak Roots             1899 us, workers (us): 654, 638, 608, ---, ---, ---, 
[2026-04-03T06:40:24.928+0600][17.690s][info][gc,stats    ]     CWR: CLDG Roots                 109 us, workers (us): 109, ---, ---, ---, ---, ---, 
[2026-04-03T06:40:24.928+0600][17.690s][info][gc,stats    ]   Rendezvous                        125 us
[2026-04-03T06:40:24.928+0600][17.690s][info][gc,stats    ] Concurrent Cleanup                  597 us
[2026-04-03T06:40:24.928+0600][17.690s][info][gc,stats    ] Concurrent Class Unloading        18216 us
[2026-04-03T06:40:24.928+0600][17.690s][info][gc,stats    ]   Unlink Stale                    16438 us
[2026-04-03T06:40:24.928+0600][17.690s][info][gc,stats    ]     System Dictionary               282 us
[2026-04-03T06:40:24.928+0600][17.690s][info][gc,stats    ]     Weak Class Links              11047 us
[2026-04-03T06:40:24.928+0600][17.690s][info][gc,stats    ]     Code Roots                     5104 us
[2026-04-03T06:40:24.928+0600][17.690s][info][gc,stats    ]   Rendezvous                        227 us
[2026-04-03T06:40:24.928+0600][17.690s][info][gc,stats    ]   Purge Unlinked                   1419 us
[2026-04-03T06:40:24.928+0600][17.690s][info][gc,stats    ]     Code Roots                     1377 us
[2026-04-03T06:40:24.928+0600][17.690s][info][gc,stats    ]     CLDG                             42 us
[2026-04-03T06:40:24.928+0600][17.690s][info][gc,stats    ]     Exception Caches                  1 us
[2026-04-03T06:40:24.928+0600][17.690s][info][gc,stats    ] Concurrent Strong Roots             981 us, parallelism: 0.72x
[2026-04-03T06:40:24.928+0600][17.690s][info][gc,stats    ]   CSR: <total>                      711 us
[2026-04-03T06:40:24.928+0600][17.690s][info][gc,stats    ]   CSR: VM Strong Roots               27 us, workers (us):  25,   2,   1, ---, ---, ---, 
[2026-04-03T06:40:24.928+0600][17.690s][info][gc,stats    ]   CSR: CLDG Roots                   684 us, workers (us): 684, ---, ---, ---, ---, ---, 
[2026-04-03T06:40:24.928+0600][17.690s][info][gc,stats    ] Concurrent Evacuation             57773 us
[2026-04-03T06:40:24.928+0600][17.690s][info][gc,stats    ] Pause Init Update Refs (G)          331 us
[2026-04-03T06:40:24.928+0600][17.690s][info][gc,stats    ] Pause Init Update Refs (N)          114 us
[2026-04-03T06:40:24.928+0600][17.690s][info][gc,stats    ]   Manage GCLABs                      24 us
[2026-04-03T06:40:24.928+0600][17.690s][info][gc,stats    ] Concurrent Update Refs           138749 us
[2026-04-03T06:40:24.928+0600][17.690s][info][gc,stats    ] Concurrent Update Thread Roots      727 us
[2026-04-03T06:40:24.928+0600][17.690s][info][gc,stats    ] Pause Final Update Refs (G)         440 us
[2026-04-03T06:40:24.928+0600][17.690s][info][gc,stats    ] Pause Final Update Refs (N)         204 us
[2026-04-03T06:40:24.928+0600][17.690s][info][gc,stats    ]   Update Region States               61 us
[2026-04-03T06:40:24.928+0600][17.690s][info][gc,stats    ]   Trash Collection Set               14 us
[2026-04-03T06:40:24.928+0600][17.690s][info][gc,stats    ]   Rebuild Free Set                   39 us
[2026-04-03T06:40:24.928+0600][17.690s][info][gc,stats    ] Concurrent Cleanup                  866 us
[2026-04-03T06:40:24.929+0600][17.690s][info][gc,stats    ] 
[2026-04-03T06:40:24.929+0600][17.690s][info][gc,stats    ] Allocation pacing accrued:
[2026-04-03T06:40:24.929+0600][17.690s][info][gc,stats    ]       0 of   933 ms (  0.0%): <total>
[2026-04-03T06:40:24.929+0600][17.690s][info][gc,stats    ]       0 of   933 ms (  0.0%): <average total>
[2026-04-03T06:40:24.929+0600][17.690s][info][gc,stats    ] 
[2026-04-03T06:40:24.929+0600][17.691s][info][gc,metaspace] Metaspace: 64166K(64960K)->64183K(64960K) NonClass: 56032K(56448K)->56049K(56448K) Class: 8133K(8512K)->8134K(8512K)
[2026-04-03T06:40:24.929+0600][17.691s][info][gc,ergo     ] Pacer for Idle. Initial: 80302K, Alloc Tax Rate: 1.0x
[2026-04-03T06:40:25.187+0600][17.949s][info][gc          ] Trigger: Learning 4 of 5. Free (2742M) is below initial threshold (2744M)
[2026-04-03T06:40:25.187+0600][17.949s][info][gc,ergo     ] Free: 2742M, Max: 1024K regular, 2399M humongous, Frag: 13% external, 0% internal; Reserve: 197M, Max: 1024K
[2026-04-03T06:40:25.187+0600][17.949s][info][gc,start    ] GC(6) Concurrent reset
[2026-04-03T06:40:25.187+0600][17.949s][info][gc,task     ] GC(6) Using 3 of 6 workers for concurrent reset
[2026-04-03T06:40:25.187+0600][17.949s][info][gc,ergo     ] GC(6) Pacer for Reset. Non-Taxable: 3921M
[2026-04-03T06:40:25.190+0600][17.952s][info][gc          ] GC(6) Concurrent reset 2.952ms
[2026-04-03T06:40:25.190+0600][17.952s][info][gc,start    ] GC(6) Pause Init Mark (unload classes)
[2026-04-03T06:40:25.190+0600][17.952s][info][gc,task     ] GC(6) Using 6 of 6 workers for init marking
[2026-04-03T06:40:25.190+0600][17.952s][info][gc,ergo     ] GC(6) Pacer for Mark. Expected Live: 81077K, Free: 2735M, Non-Taxable: 273M, Alloc Tax Rate: 0.0x
[2026-04-03T06:40:25.190+0600][17.952s][info][gc          ] GC(6) Pause Init Mark (unload classes) 0.124ms
[2026-04-03T06:40:25.190+0600][17.952s][info][gc,start    ] GC(6) Concurrent marking roots
[2026-04-03T06:40:25.190+0600][17.952s][info][gc,task     ] GC(6) Using 3 of 6 workers for concurrent marking roots
[2026-04-03T06:40:25.191+0600][17.953s][info][gc          ] GC(6) Concurrent marking roots 0.612ms
[2026-04-03T06:40:25.191+0600][17.953s][info][gc,start    ] GC(6) Concurrent marking (unload classes)
[2026-04-03T06:40:25.191+0600][17.953s][info][gc,task     ] GC(6) Using 3 of 6 workers for concurrent marking
[2026-04-03T06:40:25.280+0600][18.042s][info][gc          ] GC(6) Concurrent marking (unload classes) 88.949ms
[2026-04-03T06:40:25.280+0600][18.042s][info][gc,start    ] GC(6) Pause Final Mark (unload classes)
[2026-04-03T06:40:25.280+0600][18.042s][info][gc,task     ] GC(6) Using 6 of 6 workers for final marking
[2026-04-03T06:40:25.281+0600][18.043s][info][gc,ergo     ] GC(6) Adaptive CSet Selection. Target Free: 555M, Actual Free: 3009M, Max CSet: 163M, Min Garbage: 0B
[2026-04-03T06:40:25.281+0600][18.043s][info][gc,ergo     ] GC(6) Collectable Garbage: 809M (99%), Immediate: 243M (29%), CSet: 566M (69%)
[2026-04-03T06:40:25.281+0600][18.043s][info][gc,ergo     ] GC(6) Pacer for Evacuation. Used CSet: 590M, Free: 2814M, Non-Taxable: 281M, Alloc Tax Rate: 1.1x
[2026-04-03T06:40:25.281+0600][18.043s][info][gc          ] GC(6) Pause Final Mark (unload classes) 0.820ms
[2026-04-03T06:40:25.281+0600][18.043s][info][gc,start    ] GC(6) Concurrent thread roots
[2026-04-03T06:40:25.281+0600][18.043s][info][gc,task     ] GC(6) Using 3 of 6 workers for Concurrent thread roots
[2026-04-03T06:40:25.281+0600][18.043s][info][gc          ] GC(6) Concurrent thread roots 0.497ms
[2026-04-03T06:40:25.281+0600][18.043s][info][gc,start    ] GC(6) Concurrent weak references
[2026-04-03T06:40:25.281+0600][18.043s][info][gc,task     ] GC(6) Using 3 of 6 workers for concurrent weak references
[2026-04-03T06:40:25.282+0600][18.044s][info][gc,ref      ] GC(6) Encountered references: Soft: 3150, Weak: 5320, Final: 82, Phantom: 593
[2026-04-03T06:40:25.282+0600][18.044s][info][gc,ref      ] GC(6) Discovered  references: Soft: 0, Weak: 286, Final: 0, Phantom: 590
[2026-04-03T06:40:25.282+0600][18.044s][info][gc,ref      ] GC(6) Enqueued    references: Soft: 0, Weak: 1, Final: 0, Phantom: 0
[2026-04-03T06:40:25.282+0600][18.044s][info][gc          ] GC(6) Concurrent weak references 0.282ms
[2026-04-03T06:40:25.282+0600][18.044s][info][gc,start    ] GC(6) Concurrent weak roots
[2026-04-03T06:40:25.282+0600][18.044s][info][gc,task     ] GC(6) Using 3 of 6 workers for concurrent weak root
[2026-04-03T06:40:25.284+0600][18.045s][info][gc          ] GC(6) Concurrent weak roots 1.732ms
[2026-04-03T06:40:25.284+0600][18.046s][info][gc,start    ] GC(6) Concurrent cleanup
[2026-04-03T06:40:25.284+0600][18.046s][info][gc          ] GC(6) Concurrent cleanup 1154M->912M(1327M) 0.257ms
[2026-04-03T06:40:25.284+0600][18.046s][info][gc,ergo     ] GC(6) Free: 2809M, Max: 1024K regular, 2399M humongous, Frag: 15% external, 0% internal; Reserve: 196M, Max: 1024K
[2026-04-03T06:40:25.284+0600][18.046s][info][gc,start    ] GC(6) Concurrent class unloading
[2026-04-03T06:40:25.284+0600][18.046s][info][gc,task     ] GC(6) Using 3 of 6 workers for concurrent class unloading
[2026-04-03T06:40:25.288+0600][18.050s][info][gc          ] GC(6) Concurrent class unloading 4.256ms
[2026-04-03T06:40:25.288+0600][18.050s][info][gc,start    ] GC(6) Concurrent strong roots
[2026-04-03T06:40:25.288+0600][18.050s][info][gc,task     ] GC(6) Using 3 of 6 workers for concurrent strong root
[2026-04-03T06:40:25.289+0600][18.051s][info][gc          ] GC(6) Concurrent strong roots 0.496ms
[2026-04-03T06:40:25.289+0600][18.051s][info][gc,start    ] GC(6) Concurrent evacuation
[2026-04-03T06:40:25.289+0600][18.051s][info][gc,task     ] GC(6) Using 3 of 6 workers for concurrent evacuation
[2026-04-03T06:40:25.310+0600][18.072s][info][gc          ] GC(6) Concurrent evacuation 21.712ms
[2026-04-03T06:40:25.311+0600][18.073s][info][gc,start    ] GC(6) Pause Init Update Refs
[2026-04-03T06:40:25.311+0600][18.073s][info][gc,ergo     ] GC(6) Pacer for Update Refs. Used: 981M, Free: 2766M, Non-Taxable: 276M, Alloc Tax Rate: 1.1x
[2026-04-03T06:40:25.311+0600][18.073s][info][gc          ] GC(6) Pause Init Update Refs 0.124ms
[2026-04-03T06:40:25.311+0600][18.073s][info][gc,start    ] GC(6) Concurrent update references
[2026-04-03T06:40:25.311+0600][18.073s][info][gc,task     ] GC(6) Using 3 of 6 workers for concurrent reference update
[2026-04-03T06:40:25.410+0600][18.172s][info][gc          ] GC(6) Concurrent update references 99.272ms
[2026-04-03T06:40:25.410+0600][18.172s][info][gc,start    ] GC(6) Concurrent update thread roots
[2026-04-03T06:40:25.411+0600][18.173s][info][gc          ] GC(6) Concurrent update thread roots 0.626ms
[2026-04-03T06:40:25.411+0600][18.173s][info][gc,start    ] GC(6) Pause Final Update Refs
[2026-04-03T06:40:25.411+0600][18.173s][info][gc,task     ] GC(6) Using 6 of 6 workers for final reference update
[2026-04-03T06:40:25.411+0600][18.173s][info][gc          ] GC(6) Pause Final Update Refs 0.192ms
[2026-04-03T06:40:25.412+0600][18.173s][info][gc,start    ] GC(6) Concurrent cleanup
[2026-04-03T06:40:25.412+0600][18.174s][info][gc          ] GC(6) Concurrent cleanup 1153M->563M(1351M) 0.288ms
[2026-04-03T06:40:25.412+0600][18.174s][info][gc,ergo     ] Free: 3158M, Max: 1024K regular, 2624M humongous, Frag: 17% external, 0% internal; Reserve: 197M, Max: 1024K
[2026-04-03T06:40:25.412+0600][18.174s][info][gc,stats    ] 
[2026-04-03T06:40:25.412+0600][18.174s][info][gc,stats    ] All times are wall-clock times, except per-root-class counters, that are sum over
[2026-04-03T06:40:25.412+0600][18.174s][info][gc,stats    ] all workers. Dividing the <total> over the root stage time estimates parallelism.
[2026-04-03T06:40:25.412+0600][18.174s][info][gc,stats    ] 
[2026-04-03T06:40:25.412+0600][18.174s][info][gc,stats    ] Concurrent Reset                   3025 us
[2026-04-03T06:40:25.412+0600][18.174s][info][gc,stats    ] Pause Init Mark (G)                 480 us
[2026-04-03T06:40:25.412+0600][18.174s][info][gc,stats    ] Pause Init Mark (N)                 136 us
[2026-04-03T06:40:25.412+0600][18.174s][info][gc,stats    ]   Update Region States               39 us
[2026-04-03T06:40:25.412+0600][18.174s][info][gc,stats    ] Concurrent Mark Roots               639 us, parallelism: 1.56x
[2026-04-03T06:40:25.412+0600][18.174s][info][gc,stats    ]   CMR: <total>                      999 us
[2026-04-03T06:40:25.412+0600][18.174s][info][gc,stats    ]   CMR: Thread Roots                 750 us, workers (us): 105, 334, 310, ---, ---, ---, 
[2026-04-03T06:40:25.412+0600][18.174s][info][gc,stats    ]   CMR: VM Strong Roots               21 us, workers (us):  17,   4,   0, ---, ---, ---, 
[2026-04-03T06:40:25.412+0600][18.174s][info][gc,stats    ]   CMR: CLDG Roots                   229 us, workers (us): 229, ---, ---, ---, ---, ---, 
[2026-04-03T06:40:25.412+0600][18.174s][info][gc,stats    ] Concurrent Marking                89028 us
[2026-04-03T06:40:25.412+0600][18.174s][info][gc,stats    ] Pause Final Mark (G)                964 us
[2026-04-03T06:40:25.412+0600][18.174s][info][gc,stats    ] Pause Final Mark (N)                834 us
[2026-04-03T06:40:25.412+0600][18.174s][info][gc,stats    ]   Finish Mark                       426 us
[2026-04-03T06:40:25.412+0600][18.174s][info][gc,stats    ]   Update Region States               51 us
[2026-04-03T06:40:25.412+0600][18.174s][info][gc,stats    ]   Choose Collection Set             237 us
[2026-04-03T06:40:25.412+0600][18.174s][info][gc,stats    ]   Rebuild Free Set                   31 us
[2026-04-03T06:40:25.412+0600][18.174s][info][gc,stats    ] Concurrent Thread Roots             534 us, parallelism: 1.50x
[2026-04-03T06:40:25.412+0600][18.174s][info][gc,stats    ]   CTR: <total>                      802 us
[2026-04-03T06:40:25.412+0600][18.174s][info][gc,stats    ]   CTR: Thread Roots                 802 us, workers (us): 328, 249, 225, ---, ---, ---, 
[2026-04-03T06:40:25.412+0600][18.174s][info][gc,stats    ] Concurrent Weak References          296 us, parallelism: 0.41x
[2026-04-03T06:40:25.412+0600][18.174s][info][gc,stats    ]   CWRF: <total>                     120 us
[2026-04-03T06:40:25.412+0600][18.174s][info][gc,stats    ]   CWRF: Weak References             120 us, workers (us):  72,  48,   1, ---, ---, ---, 
[2026-04-03T06:40:25.412+0600][18.174s][info][gc,stats    ] Concurrent Weak Roots              1812 us
[2026-04-03T06:40:25.412+0600][18.174s][info][gc,stats    ]   Roots                            1349 us, parallelism: 2.27x
[2026-04-03T06:40:25.412+0600][18.174s][info][gc,stats    ]     CWR: <total>                   3058 us
[2026-04-03T06:40:25.412+0600][18.174s][info][gc,stats    ]     CWR: Code Cache Roots          1728 us, workers (us): 608, 653, 466, ---, ---, ---, 
[2026-04-03T06:40:25.412+0600][18.174s][info][gc,stats    ]     CWR: VM Weak Roots             1195 us, workers (us): 463, 377, 355, ---, ---, ---, 
[2026-04-03T06:40:25.412+0600][18.174s][info][gc,stats    ]     CWR: CLDG Roots                 135 us, workers (us): ---, ---, 135, ---, ---, ---, 
[2026-04-03T06:40:25.412+0600][18.174s][info][gc,stats    ]   Rendezvous                        352 us
[2026-04-03T06:40:25.412+0600][18.174s][info][gc,stats    ] Concurrent Cleanup                  272 us
[2026-04-03T06:40:25.412+0600][18.174s][info][gc,stats    ] Concurrent Class Unloading         4330 us
[2026-04-03T06:40:25.412+0600][18.174s][info][gc,stats    ]   Unlink Stale                     3532 us
[2026-04-03T06:40:25.412+0600][18.174s][info][gc,stats    ]     System Dictionary                93 us
[2026-04-03T06:40:25.412+0600][18.174s][info][gc,stats    ]     Weak Class Links                  0 us
[2026-04-03T06:40:25.412+0600][18.174s][info][gc,stats    ]     Code Roots                     3436 us
[2026-04-03T06:40:25.412+0600][18.174s][info][gc,stats    ]   Rendezvous                        269 us
[2026-04-03T06:40:25.412+0600][18.174s][info][gc,stats    ]   Purge Unlinked                    424 us
[2026-04-03T06:40:25.412+0600][18.174s][info][gc,stats    ]     Code Roots                      415 us
[2026-04-03T06:40:25.412+0600][18.174s][info][gc,stats    ]     CLDG                              9 us
[2026-04-03T06:40:25.412+0600][18.174s][info][gc,stats    ]     Exception Caches                  0 us
[2026-04-03T06:40:25.412+0600][18.174s][info][gc,stats    ] Concurrent Strong Roots             516 us, parallelism: 0.65x
[2026-04-03T06:40:25.412+0600][18.174s][info][gc,stats    ]   CSR: <total>                      336 us
[2026-04-03T06:40:25.412+0600][18.174s][info][gc,stats    ]   CSR: VM Strong Roots               17 us, workers (us):  15,   1,   1, ---, ---, ---, 
[2026-04-03T06:40:25.412+0600][18.174s][info][gc,stats    ]   CSR: CLDG Roots                   319 us, workers (us): 319, ---, ---, ---, ---, ---, 
[2026-04-03T06:40:25.412+0600][18.174s][info][gc,stats    ] Concurrent Evacuation             21792 us
[2026-04-03T06:40:25.412+0600][18.174s][info][gc,stats    ] Pause Init Update Refs (G)          397 us
[2026-04-03T06:40:25.412+0600][18.174s][info][gc,stats    ] Pause Init Update Refs (N)          136 us
[2026-04-03T06:40:25.412+0600][18.174s][info][gc,stats    ]   Manage GCLABs                      14 us
[2026-04-03T06:40:25.412+0600][18.174s][info][gc,stats    ] Concurrent Update Refs            99357 us
[2026-04-03T06:40:25.412+0600][18.174s][info][gc,stats    ] Concurrent Update Thread Roots      656 us
[2026-04-03T06:40:25.412+0600][18.174s][info][gc,stats    ] Pause Final Update Refs (G)         534 us
[2026-04-03T06:40:25.412+0600][18.174s][info][gc,stats    ] Pause Final Update Refs (N)         206 us
[2026-04-03T06:40:25.413+0600][18.174s][info][gc,stats    ]   Update Region States               61 us
[2026-04-03T06:40:25.413+0600][18.174s][info][gc,stats    ]   Trash Collection Set               15 us
[2026-04-03T06:40:25.413+0600][18.174s][info][gc,stats    ]   Rebuild Free Set                   54 us
[2026-04-03T06:40:25.413+0600][18.174s][info][gc,stats    ] Concurrent Cleanup                  305 us
[2026-04-03T06:40:25.413+0600][18.174s][info][gc,stats    ] 
[2026-04-03T06:40:25.413+0600][18.174s][info][gc,stats    ] Allocation pacing accrued:
[2026-04-03T06:40:25.413+0600][18.174s][info][gc,stats    ]       0 of   484 ms (  0.0%): <total>
[2026-04-03T06:40:25.413+0600][18.174s][info][gc,stats    ]       0 of   484 ms (  0.0%): <average total>
[2026-04-03T06:40:25.413+0600][18.174s][info][gc,stats    ] 
[2026-04-03T06:40:25.413+0600][18.175s][info][gc,metaspace] Metaspace: 64258K(65088K)->64258K(65088K) NonClass: 56111K(56576K)->56111K(56576K) Class: 8147K(8512K)->8147K(8512K)
[2026-04-03T06:40:25.413+0600][18.175s][info][gc,ergo     ] Pacer for Idle. Initial: 80302K, Alloc Tax Rate: 1.0x
[2026-04-03T06:40:25.708+0600][18.470s][info][gc          ] Trigger: Learning 5 of 5. Free (2743M) is below initial threshold (2744M)
[2026-04-03T06:40:25.708+0600][18.470s][info][gc,ergo     ] Free: 2743M, Max: 1024K regular, 2624M humongous, Frag: 5% external, 0% internal; Reserve: 197M, Max: 1024K
[2026-04-03T06:40:25.708+0600][18.470s][info][gc,start    ] GC(7) Concurrent reset
[2026-04-03T06:40:25.708+0600][18.470s][info][gc,task     ] GC(7) Using 3 of 6 workers for concurrent reset
[2026-04-03T06:40:25.708+0600][18.470s][info][gc,ergo     ] GC(7) Pacer for Reset. Non-Taxable: 3921M
[2026-04-03T06:40:25.712+0600][18.474s][info][gc          ] GC(7) Concurrent reset 3.841ms
[2026-04-03T06:40:25.712+0600][18.474s][info][gc,start    ] GC(7) Pause Init Mark (unload classes)
[2026-04-03T06:40:25.712+0600][18.474s][info][gc,task     ] GC(7) Using 6 of 6 workers for init marking
[2026-04-03T06:40:25.712+0600][18.474s][info][gc,ergo     ] GC(7) Pacer for Mark. Expected Live: 109M, Free: 2738M, Non-Taxable: 273M, Alloc Tax Rate: 0.0x
[2026-04-03T06:40:25.712+0600][18.474s][info][gc          ] GC(7) Pause Init Mark (unload classes) 0.102ms
[2026-04-03T06:40:25.712+0600][18.474s][info][gc,start    ] GC(7) Concurrent marking roots
[2026-04-03T06:40:25.712+0600][18.474s][info][gc,task     ] GC(7) Using 3 of 6 workers for concurrent marking roots
[2026-04-03T06:40:25.713+0600][18.475s][info][gc          ] GC(7) Concurrent marking roots 0.742ms
[2026-04-03T06:40:25.713+0600][18.475s][info][gc,start    ] GC(7) Concurrent marking (unload classes)
[2026-04-03T06:40:25.713+0600][18.475s][info][gc,task     ] GC(7) Using 3 of 6 workers for concurrent marking
[2026-04-03T06:40:25.775+0600][18.537s][info][gc          ] GC(7) Concurrent marking (unload classes) 61.710ms
[2026-04-03T06:40:25.775+0600][18.537s][info][gc,start    ] GC(7) Pause Final Mark (unload classes)
[2026-04-03T06:40:25.775+0600][18.537s][info][gc,task     ] GC(7) Using 6 of 6 workers for final marking
[2026-04-03T06:40:25.775+0600][18.537s][info][gc,ergo     ] GC(7) Collectable Garbage: 791M (97%), Immediate: 791M (97%), CSet: 0B (0%)
[2026-04-03T06:40:25.776+0600][18.537s][info][gc          ] GC(7) Pause Final Mark (unload classes) 0.558ms
[2026-04-03T06:40:25.776+0600][18.538s][info][gc,start    ] GC(7) Concurrent weak references
[2026-04-03T06:40:25.776+0600][18.538s][info][gc,task     ] GC(7) Using 3 of 6 workers for concurrent weak references
[2026-04-03T06:40:25.776+0600][18.538s][info][gc,ref      ] GC(7) Encountered references: Soft: 3159, Weak: 5451, Final: 82, Phantom: 593
[2026-04-03T06:40:25.776+0600][18.538s][info][gc,ref      ] GC(7) Discovered  references: Soft: 0, Weak: 414, Final: 0, Phantom: 590
[2026-04-03T06:40:25.776+0600][18.538s][info][gc,ref      ] GC(7) Enqueued    references: Soft: 0, Weak: 74, Final: 0, Phantom: 0
[2026-04-03T06:40:25.776+0600][18.538s][info][gc          ] GC(7) Concurrent weak references 0.397ms
[2026-04-03T06:40:25.776+0600][18.538s][info][gc,start    ] GC(7) Concurrent weak roots
[2026-04-03T06:40:25.776+0600][18.538s][info][gc,task     ] GC(7) Using 3 of 6 workers for concurrent weak root
[2026-04-03T06:40:25.777+0600][18.539s][info][gc          ] GC(7) Concurrent weak roots 1.352ms
[2026-04-03T06:40:25.777+0600][18.539s][info][gc,start    ] GC(7) Concurrent cleanup
[2026-04-03T06:40:25.778+0600][18.540s][info][gc          ] GC(7) Concurrent cleanup 1054M->264M(1351M) 0.595ms
[2026-04-03T06:40:25.778+0600][18.540s][info][gc,ergo     ] GC(7) Free: 3457M, Max: 1024K regular, 2624M humongous, Frag: 25% external, 0% internal; Reserve: 197M, Max: 1024K
[2026-04-03T06:40:25.778+0600][18.540s][info][gc,start    ] GC(7) Concurrent class unloading
[2026-04-03T06:40:25.778+0600][18.540s][info][gc,task     ] GC(7) Using 3 of 6 workers for concurrent class unloading
[2026-04-03T06:40:25.782+0600][18.544s][info][gc          ] GC(7) Concurrent class unloading 3.495ms
[2026-04-03T06:40:25.782+0600][18.544s][info][gc,start    ] GC(7) Pause Final Roots
[2026-04-03T06:40:25.782+0600][18.544s][info][gc          ] GC(7) Pause Final Roots 0.039ms
[2026-04-03T06:40:25.782+0600][18.544s][info][gc,ergo     ] Free: 3453M, Max: 1024K regular, 2624M humongous, Frag: 25% external, 0% internal; Reserve: 197M, Max: 1024K
[2026-04-03T06:40:25.782+0600][18.544s][info][gc,stats    ] 
[2026-04-03T06:40:25.782+0600][18.544s][info][gc,stats    ] All times are wall-clock times, except per-root-class counters, that are sum over
[2026-04-03T06:40:25.782+0600][18.544s][info][gc,stats    ] all workers. Dividing the <total> over the root stage time estimates parallelism.
[2026-04-03T06:40:25.782+0600][18.544s][info][gc,stats    ] 
[2026-04-03T06:40:25.782+0600][18.544s][info][gc,stats    ] Concurrent Reset                   3899 us
[2026-04-03T06:40:25.782+0600][18.544s][info][gc,stats    ] Pause Init Mark (G)                 575 us
[2026-04-03T06:40:25.782+0600][18.544s][info][gc,stats    ] Pause Init Mark (N)                 111 us
[2026-04-03T06:40:25.782+0600][18.544s][info][gc,stats    ]   Update Region States               29 us
[2026-04-03T06:40:25.782+0600][18.544s][info][gc,stats    ] Concurrent Mark Roots               774 us, parallelism: 1.08x
[2026-04-03T06:40:25.782+0600][18.544s][info][gc,stats    ]   CMR: <total>                      836 us
[2026-04-03T06:40:25.782+0600][18.544s][info][gc,stats    ]   CMR: Thread Roots                 677 us, workers (us): 151, 274, 252, ---, ---, ---, 
[2026-04-03T06:40:25.782+0600][18.544s][info][gc,stats    ]   CMR: VM Strong Roots               15 us, workers (us):  14,   1,   1, ---, ---, ---, 
[2026-04-03T06:40:25.782+0600][18.544s][info][gc,stats    ]   CMR: CLDG Roots                   144 us, workers (us): 144, ---, ---, ---, ---, ---, 
[2026-04-03T06:40:25.782+0600][18.544s][info][gc,stats    ] Concurrent Marking                61775 us
[2026-04-03T06:40:25.782+0600][18.544s][info][gc,stats    ] Pause Final Mark (G)                843 us
[2026-04-03T06:40:25.782+0600][18.544s][info][gc,stats    ] Pause Final Mark (N)                573 us
[2026-04-03T06:40:25.782+0600][18.544s][info][gc,stats    ]   Finish Mark                       324 us
[2026-04-03T06:40:25.782+0600][18.544s][info][gc,stats    ]   Update Region States               47 us
[2026-04-03T06:40:25.782+0600][18.544s][info][gc,stats    ]   Choose Collection Set              84 us
[2026-04-03T06:40:25.782+0600][18.544s][info][gc,stats    ]   Rebuild Free Set                   28 us
[2026-04-03T06:40:25.782+0600][18.544s][info][gc,stats    ] Concurrent Weak References          407 us, parallelism: 0.31x
[2026-04-03T06:40:25.782+0600][18.544s][info][gc,stats    ]   CWRF: <total>                     127 us
[2026-04-03T06:40:25.782+0600][18.544s][info][gc,stats    ]   CWRF: Weak References             127 us, workers (us): 123,   4,   0, ---, ---, ---, 
[2026-04-03T06:40:25.782+0600][18.544s][info][gc,stats    ] Concurrent Weak Roots              1399 us
[2026-04-03T06:40:25.782+0600][18.544s][info][gc,stats    ]   Roots                            1052 us, parallelism: 2.29x
[2026-04-03T06:40:25.782+0600][18.544s][info][gc,stats    ]     CWR: <total>                   2413 us
[2026-04-03T06:40:25.782+0600][18.544s][info][gc,stats    ]     CWR: Code Cache Roots          1553 us, workers (us): 537, 582, 433, ---, ---, ---, 
[2026-04-03T06:40:25.782+0600][18.544s][info][gc,stats    ]     CWR: VM Weak Roots              790 us, workers (us): 297, 296, 198, ---, ---, ---, 
[2026-04-03T06:40:25.782+0600][18.544s][info][gc,stats    ]     CWR: CLDG Roots                  70 us, workers (us): ---, ---,  70, ---, ---, ---, 
[2026-04-03T06:40:25.782+0600][18.544s][info][gc,stats    ]   Rendezvous                        281 us
[2026-04-03T06:40:25.782+0600][18.544s][info][gc,stats    ] Concurrent Cleanup                  605 us
[2026-04-03T06:40:25.782+0600][18.544s][info][gc,stats    ] Concurrent Class Unloading         3540 us
[2026-04-03T06:40:25.782+0600][18.544s][info][gc,stats    ]   Unlink Stale                     3143 us
[2026-04-03T06:40:25.782+0600][18.544s][info][gc,stats    ]     System Dictionary                68 us
[2026-04-03T06:40:25.782+0600][18.544s][info][gc,stats    ]     Weak Class Links                  0 us
[2026-04-03T06:40:25.782+0600][18.544s][info][gc,stats    ]     Code Roots                     3073 us
[2026-04-03T06:40:25.782+0600][18.544s][info][gc,stats    ]   Rendezvous                        190 us
[2026-04-03T06:40:25.782+0600][18.544s][info][gc,stats    ]   Purge Unlinked                    145 us
[2026-04-03T06:40:25.782+0600][18.544s][info][gc,stats    ]     Code Roots                      137 us
[2026-04-03T06:40:25.782+0600][18.544s][info][gc,stats    ]     CLDG                              7 us
[2026-04-03T06:40:25.782+0600][18.544s][info][gc,stats    ]     Exception Caches                  0 us
[2026-04-03T06:40:25.782+0600][18.544s][info][gc,stats    ] Pause Final Roots (G)               236 us
[2026-04-03T06:40:25.782+0600][18.544s][info][gc,stats    ] Pause Final Roots (N)                61 us
[2026-04-03T06:40:25.782+0600][18.544s][info][gc,stats    ] 
[2026-04-03T06:40:25.782+0600][18.544s][info][gc,stats    ] Allocation pacing accrued:
[2026-04-03T06:40:25.782+0600][18.544s][info][gc,stats    ]       0 of   370 ms (  0.0%): <total>
[2026-04-03T06:40:25.782+0600][18.544s][info][gc,stats    ]       0 of   370 ms (  0.0%): <average total>
[2026-04-03T06:40:25.782+0600][18.544s][info][gc,stats    ] 
[2026-04-03T06:40:25.782+0600][18.544s][info][gc,metaspace] Metaspace: 64532K(65344K)->64532K(65344K) NonClass: 56333K(56768K)->56333K(56768K) Class: 8199K(8576K)->8199K(8576K)
[2026-04-03T06:40:25.782+0600][18.544s][info][gc,ergo     ] Pacer for Idle. Initial: 80302K, Alloc Tax Rate: 1.0x
[2026-04-03T06:40:25.975+0600][18.737s][info][gc          ] Trigger: Explicit GC request (System.gc())
[2026-04-03T06:40:25.976+0600][18.737s][info][gc,ergo     ] Free: 3404M, Max: 1024K regular, 2624M humongous, Frag: 23% external, 0% internal; Reserve: 197M, Max: 1024K
[2026-04-03T06:40:25.976+0600][18.738s][info][gc,start    ] GC(8) Concurrent reset
[2026-04-03T06:40:25.976+0600][18.738s][info][gc,task     ] GC(8) Using 3 of 6 workers for concurrent reset
[2026-04-03T06:40:25.976+0600][18.738s][info][gc,ergo     ] GC(8) Pacer for Reset. Non-Taxable: 3921M
[2026-04-03T06:40:25.976+0600][18.738s][info][gc          ] GC(8) Concurrent reset 0.808ms
[2026-04-03T06:40:25.977+0600][18.739s][info][gc,start    ] GC(8) Pause Init Mark (unload classes)
[2026-04-03T06:40:25.977+0600][18.739s][info][gc,task     ] GC(8) Using 6 of 6 workers for init marking
[2026-04-03T06:40:25.977+0600][18.739s][info][gc,ref      ] GC(8) Clearing All SoftReferences
[2026-04-03T06:40:25.977+0600][18.739s][info][gc,ergo     ] GC(8) Pacer for Mark. Expected Live: 124M, Free: 3404M, Non-Taxable: 340M, Alloc Tax Rate: 0.0x
[2026-04-03T06:40:25.977+0600][18.739s][info][gc          ] GC(8) Pause Init Mark (unload classes) 0.097ms
[2026-04-03T06:40:25.977+0600][18.739s][info][gc,start    ] GC(8) Concurrent marking roots
[2026-04-03T06:40:25.977+0600][18.739s][info][gc,task     ] GC(8) Using 3 of 6 workers for concurrent marking roots
[2026-04-03T06:40:25.978+0600][18.739s][info][gc          ] GC(8) Concurrent marking roots 0.685ms
[2026-04-03T06:40:25.978+0600][18.739s][info][gc,start    ] GC(8) Concurrent marking (unload classes)
[2026-04-03T06:40:25.978+0600][18.739s][info][gc,task     ] GC(8) Using 3 of 6 workers for concurrent marking
[2026-04-03T06:40:26.040+0600][18.801s][info][gc          ] GC(8) Concurrent marking (unload classes) 61.961ms
[2026-04-03T06:40:26.040+0600][18.802s][info][gc,start    ] GC(8) Pause Final Mark (unload classes)
[2026-04-03T06:40:26.040+0600][18.802s][info][gc,task     ] GC(8) Using 6 of 6 workers for final marking
[2026-04-03T06:40:26.040+0600][18.802s][info][gc,ergo     ] GC(8) Adaptive CSet Selection. Target Free: 555M, Actual Free: 3703M, Max CSet: 163M, Min Garbage: 0B
[2026-04-03T06:40:26.040+0600][18.802s][info][gc,ergo     ] GC(8) Collectable Garbage: 138M (97%), Immediate: 102M (72%), CSet: 36445K (25%)
[2026-04-03T06:40:26.040+0600][18.802s][info][gc,ergo     ] GC(8) Pacer for Evacuation. Used CSet: 39936K, Free: 3511M, Non-Taxable: 351M, Alloc Tax Rate: 1.1x
[2026-04-03T06:40:26.040+0600][18.802s][info][gc          ] GC(8) Pause Final Mark (unload classes) 0.495ms
[2026-04-03T06:40:26.040+0600][18.802s][info][gc,start    ] GC(8) Concurrent thread roots
[2026-04-03T06:40:26.040+0600][18.802s][info][gc,task     ] GC(8) Using 3 of 6 workers for Concurrent thread roots
[2026-04-03T06:40:26.041+0600][18.803s][info][gc          ] GC(8) Concurrent thread roots 0.419ms
[2026-04-03T06:40:26.041+0600][18.803s][info][gc,start    ] GC(8) Concurrent weak references
[2026-04-03T06:40:26.041+0600][18.803s][info][gc,task     ] GC(8) Using 3 of 6 workers for concurrent weak references
[2026-04-03T06:40:26.041+0600][18.803s][info][gc,ref      ] GC(8) Encountered references: Soft: 3082, Weak: 5766, Final: 82, Phantom: 594
[2026-04-03T06:40:26.041+0600][18.803s][info][gc,ref      ] GC(8) Discovered  references: Soft: 2865, Weak: 642, Final: 0, Phantom: 591
[2026-04-03T06:40:26.041+0600][18.803s][info][gc,ref      ] GC(8) Enqueued    references: Soft: 382, Weak: 366, Final: 0, Phantom: 0
[2026-04-03T06:40:26.041+0600][18.803s][info][gc          ] GC(8) Concurrent weak references 0.439ms
[2026-04-03T06:40:26.041+0600][18.803s][info][gc,start    ] GC(8) Concurrent weak roots
[2026-04-03T06:40:26.041+0600][18.803s][info][gc,task     ] GC(8) Using 3 of 6 workers for concurrent weak root
[2026-04-03T06:40:26.043+0600][18.805s][info][gc          ] GC(8) Concurrent weak roots 1.595ms
[2026-04-03T06:40:26.043+0600][18.805s][info][gc,start    ] GC(8) Concurrent cleanup
[2026-04-03T06:40:26.043+0600][18.805s][info][gc          ] GC(8) Concurrent cleanup 314M->212M(1351M) 0.200ms
[2026-04-03T06:40:26.043+0600][18.805s][info][gc,ergo     ] GC(8) Free: 3510M, Max: 1024K regular, 2624M humongous, Frag: 26% external, 0% internal; Reserve: 196M, Max: 1024K
[2026-04-03T06:40:26.043+0600][18.805s][info][gc,start    ] GC(8) Concurrent class unloading
[2026-04-03T06:40:26.043+0600][18.805s][info][gc,task     ] GC(8) Using 3 of 6 workers for concurrent class unloading
[2026-04-03T06:40:26.056+0600][18.818s][info][gc          ] GC(8) Concurrent class unloading 12.806ms
[2026-04-03T06:40:26.056+0600][18.818s][info][gc,start    ] GC(8) Concurrent strong roots
[2026-04-03T06:40:26.056+0600][18.818s][info][gc,task     ] GC(8) Using 3 of 6 workers for concurrent strong root
[2026-04-03T06:40:26.057+0600][18.819s][info][gc          ] GC(8) Concurrent strong roots 0.707ms
[2026-04-03T06:40:26.057+0600][18.819s][info][gc,start    ] GC(8) Concurrent evacuation
[2026-04-03T06:40:26.057+0600][18.819s][info][gc,task     ] GC(8) Using 3 of 6 workers for concurrent evacuation
[2026-04-03T06:40:26.060+0600][18.822s][info][gc          ] GC(8) Concurrent evacuation 3.222ms
[2026-04-03T06:40:26.060+0600][18.822s][info][gc,start    ] GC(8) Pause Init Update Refs
[2026-04-03T06:40:26.060+0600][18.822s][info][gc,ergo     ] GC(8) Pacer for Update Refs. Used: 233M, Free: 3494M, Non-Taxable: 349M, Alloc Tax Rate: 1.1x
[2026-04-03T06:40:26.060+0600][18.822s][info][gc          ] GC(8) Pause Init Update Refs 0.127ms
[2026-04-03T06:40:26.060+0600][18.822s][info][gc,start    ] GC(8) Concurrent update references
[2026-04-03T06:40:26.060+0600][18.822s][info][gc,task     ] GC(8) Using 3 of 6 workers for concurrent reference update
[2026-04-03T06:40:26.114+0600][18.876s][info][gc          ] GC(8) Concurrent update references 53.822ms
[2026-04-03T06:40:26.114+0600][18.876s][info][gc,start    ] GC(8) Concurrent update thread roots
[2026-04-03T06:40:26.115+0600][18.877s][info][gc          ] GC(8) Concurrent update thread roots 0.664ms
[2026-04-03T06:40:26.115+0600][18.877s][info][gc,start    ] GC(8) Pause Final Update Refs
[2026-04-03T06:40:26.115+0600][18.877s][info][gc,task     ] GC(8) Using 6 of 6 workers for final reference update
[2026-04-03T06:40:26.115+0600][18.877s][info][gc          ] GC(8) Pause Final Update Refs 0.137ms
[2026-04-03T06:40:26.115+0600][18.877s][info][gc,start    ] GC(8) Concurrent cleanup
[2026-04-03T06:40:26.116+0600][18.878s][info][gc          ] GC(8) Concurrent cleanup 235M->196M(1356M) 0.565ms
[2026-04-03T06:40:26.116+0600][18.878s][info][gc,ergo     ] Free: 3525M, Max: 1024K regular, 2623M humongous, Frag: 26% external, 0% internal; Reserve: 197M, Max: 1024K
[2026-04-03T06:40:26.116+0600][18.878s][info][gc,stats    ] 
[2026-04-03T06:40:26.116+0600][18.878s][info][gc,stats    ] All times are wall-clock times, except per-root-class counters, that are sum over
[2026-04-03T06:40:26.116+0600][18.878s][info][gc,stats    ] all workers. Dividing the <total> over the root stage time estimates parallelism.
[2026-04-03T06:40:26.116+0600][18.878s][info][gc,stats    ] 
[2026-04-03T06:40:26.116+0600][18.878s][info][gc,stats    ] Concurrent Reset                    851 us
[2026-04-03T06:40:26.116+0600][18.878s][info][gc,stats    ] Pause Init Mark (G)                 400 us
[2026-04-03T06:40:26.116+0600][18.878s][info][gc,stats    ] Pause Init Mark (N)                 107 us
[2026-04-03T06:40:26.116+0600][18.878s][info][gc,stats    ]   Update Region States               28 us
[2026-04-03T06:40:26.116+0600][18.878s][info][gc,stats    ] Concurrent Mark Roots               713 us, parallelism: 1.61x
[2026-04-03T06:40:26.116+0600][18.878s][info][gc,stats    ]   CMR: <total>                     1145 us
[2026-04-03T06:40:26.116+0600][18.878s][info][gc,stats    ]   CMR: Thread Roots                 932 us, workers (us): 370, 220, 342, ---, ---, ---, 
[2026-04-03T06:40:26.116+0600][18.878s][info][gc,stats    ]   CMR: VM Strong Roots               21 us, workers (us):  15,   5,   1, ---, ---, ---, 
[2026-04-03T06:40:26.116+0600][18.878s][info][gc,stats    ]   CMR: CLDG Roots                   192 us, workers (us): ---, 192, ---, ---, ---, ---, 
[2026-04-03T06:40:26.116+0600][18.878s][info][gc,stats    ] Concurrent Marking                62027 us
[2026-04-03T06:40:26.116+0600][18.878s][info][gc,stats    ] Pause Final Mark (G)                673 us
[2026-04-03T06:40:26.116+0600][18.878s][info][gc,stats    ] Pause Final Mark (N)                531 us
[2026-04-03T06:40:26.116+0600][18.878s][info][gc,stats    ]   Finish Mark                       259 us
[2026-04-03T06:40:26.116+0600][18.878s][info][gc,stats    ]   Update Region States               36 us
[2026-04-03T06:40:26.116+0600][18.878s][info][gc,stats    ]   Choose Collection Set             109 us
[2026-04-03T06:40:26.116+0600][18.878s][info][gc,stats    ]   Rebuild Free Set                   28 us
[2026-04-03T06:40:26.116+0600][18.878s][info][gc,stats    ] Concurrent Thread Roots             443 us, parallelism: 1.44x
[2026-04-03T06:40:26.116+0600][18.878s][info][gc,stats    ]   CTR: <total>                      637 us
[2026-04-03T06:40:26.116+0600][18.878s][info][gc,stats    ]   CTR: Thread Roots                 637 us, workers (us): 247, 196, 193, ---, ---, ---, 
[2026-04-03T06:40:26.116+0600][18.878s][info][gc,stats    ] Concurrent Weak References          452 us, parallelism: 0.94x
[2026-04-03T06:40:26.116+0600][18.878s][info][gc,stats    ]   CWRF: <total>                     426 us
[2026-04-03T06:40:26.116+0600][18.878s][info][gc,stats    ]   CWRF: Weak References             426 us, workers (us): 184,  40, 202, ---, ---, ---, 
[2026-04-03T06:40:26.116+0600][18.878s][info][gc,stats    ] Concurrent Weak Roots              1645 us
[2026-04-03T06:40:26.116+0600][18.878s][info][gc,stats    ]   Roots                            1446 us, parallelism: 2.27x
[2026-04-03T06:40:26.116+0600][18.878s][info][gc,stats    ]     CWR: <total>                   3278 us
[2026-04-03T06:40:26.116+0600][18.878s][info][gc,stats    ]     CWR: Code Cache Roots          1856 us, workers (us): 734, 519, 603, ---, ---, ---, 
[2026-04-03T06:40:26.116+0600][18.878s][info][gc,stats    ]     CWR: VM Weak Roots             1341 us, workers (us): 486, 427, 428, ---, ---, ---, 
[2026-04-03T06:40:26.116+0600][18.878s][info][gc,stats    ]     CWR: CLDG Roots                  81 us, workers (us): ---,  81, ---, ---, ---, ---, 
[2026-04-03T06:40:26.116+0600][18.878s][info][gc,stats    ]   Rendezvous                         84 us
[2026-04-03T06:40:26.116+0600][18.878s][info][gc,stats    ] Concurrent Cleanup                  215 us
[2026-04-03T06:40:26.116+0600][18.878s][info][gc,stats    ] Concurrent Class Unloading        12875 us
[2026-04-03T06:40:26.116+0600][18.878s][info][gc,stats    ]   Unlink Stale                    11411 us
[2026-04-03T06:40:26.116+0600][18.878s][info][gc,stats    ]     System Dictionary               357 us
[2026-04-03T06:40:26.116+0600][18.878s][info][gc,stats    ]     Weak Class Links               7221 us
[2026-04-03T06:40:26.116+0600][18.878s][info][gc,stats    ]     Code Roots                     3829 us
[2026-04-03T06:40:26.116+0600][18.878s][info][gc,stats    ]   Rendezvous                        229 us
[2026-04-03T06:40:26.116+0600][18.878s][info][gc,stats    ]   Purge Unlinked                   1137 us
[2026-04-03T06:40:26.116+0600][18.878s][info][gc,stats    ]     Code Roots                      705 us
[2026-04-03T06:40:26.116+0600][18.878s][info][gc,stats    ]     CLDG                            429 us
[2026-04-03T06:40:26.116+0600][18.878s][info][gc,stats    ]     Exception Caches                  1 us
[2026-04-03T06:40:26.116+0600][18.878s][info][gc,stats    ] Concurrent Strong Roots             751 us, parallelism: 0.73x
[2026-04-03T06:40:26.116+0600][18.878s][info][gc,stats    ]   CSR: <total>                      546 us
[2026-04-03T06:40:26.116+0600][18.878s][info][gc,stats    ]   CSR: VM Strong Roots               29 us, workers (us):  13,   9,   7, ---, ---, ---, 
[2026-04-03T06:40:26.116+0600][18.878s][info][gc,stats    ]   CSR: CLDG Roots                   517 us, workers (us): ---, 517, ---, ---, ---, ---, 
[2026-04-03T06:40:26.116+0600][18.878s][info][gc,stats    ] Concurrent Evacuation              3305 us
[2026-04-03T06:40:26.116+0600][18.878s][info][gc,stats    ] Pause Init Update Refs (G)          284 us
[2026-04-03T06:40:26.116+0600][18.878s][info][gc,stats    ] Pause Init Update Refs (N)          146 us
[2026-04-03T06:40:26.116+0600][18.878s][info][gc,stats    ]   Manage GCLABs                      17 us
[2026-04-03T06:40:26.116+0600][18.878s][info][gc,stats    ] Concurrent Update Refs            53875 us
[2026-04-03T06:40:26.116+0600][18.878s][info][gc,stats    ] Concurrent Update Thread Roots      705 us
[2026-04-03T06:40:26.116+0600][18.878s][info][gc,stats    ] Pause Final Update Refs (G)         450 us
[2026-04-03T06:40:26.116+0600][18.878s][info][gc,stats    ] Pause Final Update Refs (N)         150 us
[2026-04-03T06:40:26.116+0600][18.878s][info][gc,stats    ]   Update Region States               45 us
[2026-04-03T06:40:26.116+0600][18.878s][info][gc,stats    ]   Trash Collection Set                8 us
[2026-04-03T06:40:26.116+0600][18.878s][info][gc,stats    ]   Rebuild Free Set                   28 us
[2026-04-03T06:40:26.116+0600][18.878s][info][gc,stats    ] Concurrent Cleanup                  585 us
[2026-04-03T06:40:26.116+0600][18.878s][info][gc,stats    ] 
[2026-04-03T06:40:26.116+0600][18.878s][info][gc,stats    ] Allocation pacing accrued:
[2026-04-03T06:40:26.116+0600][18.878s][info][gc,stats    ]       0 of   334 ms (  0.0%): <total>
[2026-04-03T06:40:26.116+0600][18.878s][info][gc,stats    ]       0 of   334 ms (  0.0%): <average total>
[2026-04-03T06:40:26.116+0600][18.878s][info][gc,stats    ] 
[2026-04-03T06:40:26.116+0600][18.878s][info][gc,metaspace] Metaspace: 66283K(67200K)->65969K(67264K) NonClass: 57857K(58368K)->57602K(58432K) Class: 8426K(8832K)->8367K(8832K)
[2026-04-03T06:40:26.116+0600][18.878s][info][gc,ergo     ] Pacer for Idle. Initial: 80302K, Alloc Tax Rate: 1.0x
[2026-04-03T06:40:26.116+0600][18.878s][info][gc,start    ] Concurrent uncommit
[2026-04-03T06:40:26.240+0600][19.002s][info][gc          ] Concurrent uncommit 197M->212M(216M) 123.817ms
[2026-04-03T06:40:27.212+0600][19.974s][info][gc          ] Trigger: Learning 2 of 5. Free (2744M) is below initial threshold (2744M)
[2026-04-03T06:40:27.212+0600][19.974s][info][gc,ergo     ] Free: 2744M, Max: 1024K regular, 2623M humongous, Frag: 5% external, 0% internal; Reserve: 197M, Max: 1024K
[2026-04-03T06:40:27.212+0600][19.974s][info][gc,start    ] GC(9) Concurrent reset
[2026-04-03T06:40:27.212+0600][19.974s][info][gc,task     ] GC(9) Using 3 of 6 workers for concurrent reset
[2026-04-03T06:40:27.212+0600][19.974s][info][gc,ergo     ] GC(9) Pacer for Reset. Non-Taxable: 3921M
[2026-04-03T06:40:27.213+0600][19.975s][info][gc          ] GC(9) Concurrent reset 1.000ms
[2026-04-03T06:40:27.213+0600][19.975s][info][gc,start    ] GC(9) Pause Init Mark (unload classes)
[2026-04-03T06:40:27.213+0600][19.975s][info][gc,task     ] GC(9) Using 6 of 6 workers for init marking
[2026-04-03T06:40:27.213+0600][19.975s][info][gc,ergo     ] GC(9) Pacer for Mark. Expected Live: 153M, Free: 2743M, Non-Taxable: 274M, Alloc Tax Rate: 0.1x
[2026-04-03T06:40:27.213+0600][19.975s][info][gc          ] GC(9) Pause Init Mark (unload classes) 0.089ms
[2026-04-03T06:40:27.213+0600][19.975s][info][gc,start    ] GC(9) Concurrent marking roots
[2026-04-03T06:40:27.213+0600][19.975s][info][gc,task     ] GC(9) Using 3 of 6 workers for concurrent marking roots
[2026-04-03T06:40:27.214+0600][19.976s][info][gc          ] GC(9) Concurrent marking roots 0.738ms
[2026-04-03T06:40:27.214+0600][19.976s][info][gc,start    ] GC(9) Concurrent marking (unload classes)
[2026-04-03T06:40:27.214+0600][19.976s][info][gc,task     ] GC(9) Using 3 of 6 workers for concurrent marking
[2026-04-03T06:40:27.278+0600][20.040s][info][gc          ] GC(9) Concurrent marking (unload classes) 64.603ms
[2026-04-03T06:40:27.279+0600][20.041s][info][gc,start    ] GC(9) Pause Final Mark (unload classes)
[2026-04-03T06:40:27.279+0600][20.041s][info][gc,task     ] GC(9) Using 6 of 6 workers for final marking
[2026-04-03T06:40:27.279+0600][20.041s][info][gc,ergo     ] GC(9) Collectable Garbage: 739M (92%), Immediate: 739M (92%), CSet: 0B (0%)
[2026-04-03T06:40:27.279+0600][20.041s][info][gc          ] GC(9) Pause Final Mark (unload classes) 0.599ms
[2026-04-03T06:40:27.279+0600][20.041s][info][gc,start    ] GC(9) Concurrent weak references
[2026-04-03T06:40:27.279+0600][20.041s][info][gc,task     ] GC(9) Using 3 of 6 workers for concurrent weak references
[2026-04-03T06:40:27.280+0600][20.042s][info][gc,ref      ] GC(9) Encountered references: Soft: 3121, Weak: 5952, Final: 82, Phantom: 595
[2026-04-03T06:40:27.280+0600][20.042s][info][gc,ref      ] GC(9) Discovered  references: Soft: 0, Weak: 588, Final: 0, Phantom: 592
[2026-04-03T06:40:27.280+0600][20.042s][info][gc,ref      ] GC(9) Enqueued    references: Soft: 0, Weak: 248, Final: 0, Phantom: 0
[2026-04-03T06:40:27.280+0600][20.042s][info][gc          ] GC(9) Concurrent weak references 0.384ms
[2026-04-03T06:40:27.280+0600][20.042s][info][gc,start    ] GC(9) Concurrent weak roots
[2026-04-03T06:40:27.280+0600][20.042s][info][gc,task     ] GC(9) Using 3 of 6 workers for concurrent weak root
[2026-04-03T06:40:27.282+0600][20.043s][info][gc          ] GC(9) Concurrent weak roots 1.793ms
[2026-04-03T06:40:27.282+0600][20.044s][info][gc,start    ] GC(9) Concurrent cleanup
[2026-04-03T06:40:27.282+0600][20.044s][info][gc          ] GC(9) Concurrent cleanup 1042M->303M(1048M) 0.693ms
[2026-04-03T06:40:27.282+0600][20.044s][info][gc,ergo     ] GC(9) Free: 3418M, Max: 1024K regular, 2623M humongous, Frag: 24% external, 0% internal; Reserve: 197M, Max: 1024K
[2026-04-03T06:40:27.282+0600][20.044s][info][gc,start    ] GC(9) Concurrent class unloading
[2026-04-03T06:40:27.282+0600][20.044s][info][gc,task     ] GC(9) Using 3 of 6 workers for concurrent class unloading
[2026-04-03T06:40:27.295+0600][20.057s][info][gc          ] GC(9) Concurrent class unloading 12.935ms
[2026-04-03T06:40:27.296+0600][20.058s][info][gc,start    ] GC(9) Pause Final Roots
[2026-04-03T06:40:27.296+0600][20.058s][info][gc          ] GC(9) Pause Final Roots 0.053ms
[2026-04-03T06:40:27.296+0600][20.058s][info][gc,ergo     ] Free: 3396M, Max: 1024K regular, 2623M humongous, Frag: 23% external, 0% internal; Reserve: 197M, Max: 1024K
[2026-04-03T06:40:27.296+0600][20.058s][info][gc,stats    ] 
[2026-04-03T06:40:27.296+0600][20.058s][info][gc,stats    ] All times are wall-clock times, except per-root-class counters, that are sum over
[2026-04-03T06:40:27.296+0600][20.058s][info][gc,stats    ] all workers. Dividing the <total> over the root stage time estimates parallelism.
[2026-04-03T06:40:27.296+0600][20.058s][info][gc,stats    ] 
[2026-04-03T06:40:27.296+0600][20.058s][info][gc,stats    ] Concurrent Reset                   1042 us
[2026-04-03T06:40:27.296+0600][20.058s][info][gc,stats    ] Pause Init Mark (G)                 297 us
[2026-04-03T06:40:27.296+0600][20.058s][info][gc,stats    ] Pause Init Mark (N)                  99 us
[2026-04-03T06:40:27.296+0600][20.058s][info][gc,stats    ]   Update Region States               22 us
[2026-04-03T06:40:27.296+0600][20.058s][info][gc,stats    ] Concurrent Mark Roots               766 us, parallelism: 1.49x
[2026-04-03T06:40:27.296+0600][20.058s][info][gc,stats    ]   CMR: <total>                     1138 us
[2026-04-03T06:40:27.296+0600][20.058s][info][gc,stats    ]   CMR: Thread Roots                 851 us, workers (us): 132, 406, 313, ---, ---, ---, 
[2026-04-03T06:40:27.296+0600][20.058s][info][gc,stats    ]   CMR: VM Strong Roots               24 us, workers (us):  16,   7,   0, ---, ---, ---, 
[2026-04-03T06:40:27.296+0600][20.058s][info][gc,stats    ]   CMR: CLDG Roots                   263 us, workers (us): 263, ---, ---, ---, ---, ---, 
[2026-04-03T06:40:27.296+0600][20.058s][info][gc,stats    ] Concurrent Marking                64701 us
[2026-04-03T06:40:27.296+0600][20.058s][info][gc,stats    ] Pause Final Mark (G)                782 us
[2026-04-03T06:40:27.296+0600][20.058s][info][gc,stats    ] Pause Final Mark (N)                617 us
[2026-04-03T06:40:27.296+0600][20.058s][info][gc,stats    ]   Finish Mark                       344 us
[2026-04-03T06:40:27.296+0600][20.058s][info][gc,stats    ]   Update Region States               51 us
[2026-04-03T06:40:27.296+0600][20.058s][info][gc,stats    ]   Choose Collection Set             102 us
[2026-04-03T06:40:27.296+0600][20.058s][info][gc,stats    ]   Rebuild Free Set                   31 us
[2026-04-03T06:40:27.296+0600][20.058s][info][gc,stats    ] Concurrent Weak References          397 us, parallelism: 0.50x
[2026-04-03T06:40:27.296+0600][20.058s][info][gc,stats    ]   CWRF: <total>                     200 us
[2026-04-03T06:40:27.296+0600][20.058s][info][gc,stats    ]   CWRF: Weak References             200 us, workers (us): 130,  70,   1, ---, ---, ---, 
[2026-04-03T06:40:27.296+0600][20.058s][info][gc,stats    ] Concurrent Weak Roots              1916 us
[2026-04-03T06:40:27.296+0600][20.058s][info][gc,stats    ]   Roots                            1573 us, parallelism: 2.33x
[2026-04-03T06:40:27.296+0600][20.058s][info][gc,stats    ]     CWR: <total>                   3670 us
[2026-04-03T06:40:27.296+0600][20.058s][info][gc,stats    ]     CWR: Code Cache Roots          2446 us, workers (us): 818, 736, 892, ---, ---, ---, 
[2026-04-03T06:40:27.296+0600][20.058s][info][gc,stats    ]     CWR: VM Weak Roots             1155 us, workers (us): 458, 362, 334, ---, ---, ---, 
[2026-04-03T06:40:27.296+0600][20.058s][info][gc,stats    ]     CWR: CLDG Roots                  69 us, workers (us): ---,  69, ---, ---, ---, ---, 
[2026-04-03T06:40:27.296+0600][20.058s][info][gc,stats    ]   Rendezvous                        194 us
[2026-04-03T06:40:27.296+0600][20.058s][info][gc,stats    ] Concurrent Cleanup                  718 us
[2026-04-03T06:40:27.296+0600][20.058s][info][gc,stats    ] Concurrent Class Unloading        13018 us
[2026-04-03T06:40:27.296+0600][20.058s][info][gc,stats    ]   Unlink Stale                    12355 us
[2026-04-03T06:40:27.296+0600][20.058s][info][gc,stats    ]     System Dictionary               207 us
[2026-04-03T06:40:27.296+0600][20.058s][info][gc,stats    ]     Weak Class Links               8184 us
[2026-04-03T06:40:27.296+0600][20.058s][info][gc,stats    ]     Code Roots                     3962 us
[2026-04-03T06:40:27.296+0600][20.058s][info][gc,stats    ]   Rendezvous                        123 us
[2026-04-03T06:40:27.296+0600][20.058s][info][gc,stats    ]   Purge Unlinked                    427 us
[2026-04-03T06:40:27.296+0600][20.058s][info][gc,stats    ]     Code Roots                      407 us
[2026-04-03T06:40:27.296+0600][20.058s][info][gc,stats    ]     CLDG                             20 us
[2026-04-03T06:40:27.296+0600][20.058s][info][gc,stats    ]     Exception Caches                  0 us
[2026-04-03T06:40:27.296+0600][20.058s][info][gc,stats    ] Pause Final Roots (G)               352 us
[2026-04-03T06:40:27.296+0600][20.058s][info][gc,stats    ] Pause Final Roots (N)                67 us
[2026-04-03T06:40:27.296+0600][20.058s][info][gc,stats    ] 
[2026-04-03T06:40:27.296+0600][20.058s][info][gc,stats    ] Allocation pacing accrued:
[2026-04-03T06:40:27.296+0600][20.058s][info][gc,stats    ]       0 of  1180 ms (  0.0%): <total>
[2026-04-03T06:40:27.296+0600][20.058s][info][gc,stats    ]       0 of  1180 ms (  0.0%): <average total>
[2026-04-03T06:40:27.296+0600][20.058s][info][gc,stats    ] 
[2026-04-03T06:40:27.296+0600][20.058s][info][gc,metaspace] Metaspace: 66710K(67520K)->66709K(67520K) NonClass: 58230K(58688K)->58229K(58688K) Class: 8480K(8832K)->8479K(8832K)
[2026-04-03T06:40:27.296+0600][20.058s][info][gc,ergo     ] Pacer for Idle. Initial: 80302K, Alloc Tax Rate: 1.0x
[2026-04-03T06:40:27.572+0600][20.333s][info][gc          ] Trigger: Learning 3 of 5. Free (2744M) is below initial threshold (2744M)
[2026-04-03T06:40:27.572+0600][20.334s][info][gc,ergo     ] Free: 2743M, Max: 1024K regular, 2623M humongous, Frag: 5% external, 0% internal; Reserve: 197M, Max: 1024K
[2026-04-03T06:40:27.572+0600][20.334s][info][gc,start    ] GC(10) Concurrent reset
[2026-04-03T06:40:27.572+0600][20.334s][info][gc,task     ] GC(10) Using 3 of 6 workers for concurrent reset
[2026-04-03T06:40:27.572+0600][20.334s][info][gc,ergo     ] GC(10) Pacer for Reset. Non-Taxable: 3921M
[2026-04-03T06:40:27.573+0600][20.335s][info][gc          ] GC(10) Concurrent reset 1.055ms
[2026-04-03T06:40:27.573+0600][20.335s][info][gc,start    ] GC(10) Pause Init Mark (unload classes)
[2026-04-03T06:40:27.573+0600][20.335s][info][gc,task     ] GC(10) Using 6 of 6 workers for init marking
[2026-04-03T06:40:27.573+0600][20.335s][info][gc,ergo     ] GC(10) Pacer for Mark. Expected Live: 167M, Free: 2742M, Non-Taxable: 274M, Alloc Tax Rate: 0.1x
[2026-04-03T06:40:27.573+0600][20.335s][info][gc          ] GC(10) Pause Init Mark (unload classes) 0.092ms
[2026-04-03T06:40:27.573+0600][20.335s][info][gc,start    ] GC(10) Concurrent marking roots
[2026-04-03T06:40:27.573+0600][20.335s][info][gc,task     ] GC(10) Using 3 of 6 workers for concurrent marking roots
[2026-04-03T06:40:27.574+0600][20.336s][info][gc          ] GC(10) Concurrent marking roots 0.790ms
[2026-04-03T06:40:27.574+0600][20.336s][info][gc,start    ] GC(10) Concurrent marking (unload classes)
[2026-04-03T06:40:27.574+0600][20.336s][info][gc,task     ] GC(10) Using 3 of 6 workers for concurrent marking
[2026-04-03T06:40:27.639+0600][20.401s][info][gc          ] GC(10) Concurrent marking (unload classes) 64.933ms
[2026-04-03T06:40:27.639+0600][20.401s][info][gc,start    ] GC(10) Pause Final Mark (unload classes)
[2026-04-03T06:40:27.639+0600][20.401s][info][gc,task     ] GC(10) Using 6 of 6 workers for final marking
[2026-04-03T06:40:27.640+0600][20.402s][info][gc,ergo     ] GC(10) Adaptive CSet Selection. Target Free: 555M, Actual Free: 3583M, Max CSet: 163M, Min Garbage: 0B
[2026-04-03T06:40:27.640+0600][20.402s][info][gc,ergo     ] GC(10) Collectable Garbage: 803M (99%), Immediate: 734M (90%), CSet: 70917K (8%)
[2026-04-03T06:40:27.640+0600][20.402s][info][gc,ergo     ] GC(10) Pacer for Evacuation. Used CSet: 74752K, Free: 3386M, Non-Taxable: 338M, Alloc Tax Rate: 1.1x
[2026-04-03T06:40:27.640+0600][20.402s][info][gc          ] GC(10) Pause Final Mark (unload classes) 0.651ms
[2026-04-03T06:40:27.640+0600][20.402s][info][gc,start    ] GC(10) Concurrent thread roots
[2026-04-03T06:40:27.640+0600][20.402s][info][gc,task     ] GC(10) Using 3 of 6 workers for Concurrent thread roots
[2026-04-03T06:40:27.641+0600][20.403s][info][gc          ] GC(10) Concurrent thread roots 0.769ms
[2026-04-03T06:40:27.641+0600][20.403s][info][gc,start    ] GC(10) Concurrent weak references
[2026-04-03T06:40:27.641+0600][20.403s][info][gc,task     ] GC(10) Using 3 of 6 workers for concurrent weak references
[2026-04-03T06:40:27.641+0600][20.403s][info][gc,ref      ] GC(10) Encountered references: Soft: 3121, Weak: 5712, Final: 82, Phantom: 595
[2026-04-03T06:40:27.641+0600][20.403s][info][gc,ref      ] GC(10) Discovered  references: Soft: 0, Weak: 464, Final: 0, Phantom: 592
[2026-04-03T06:40:27.641+0600][20.403s][info][gc,ref      ] GC(10) Enqueued    references: Soft: 0, Weak: 17, Final: 0, Phantom: 0
[2026-04-03T06:40:27.641+0600][20.403s][info][gc          ] GC(10) Concurrent weak references 0.317ms
[2026-04-03T06:40:27.641+0600][20.403s][info][gc,start    ] GC(10) Concurrent weak roots
[2026-04-03T06:40:27.641+0600][20.403s][info][gc,task     ] GC(10) Using 3 of 6 workers for concurrent weak root
[2026-04-03T06:40:27.644+0600][20.406s][info][gc          ] GC(10) Concurrent weak roots 3.056ms
[2026-04-03T06:40:27.644+0600][20.406s][info][gc,start    ] GC(10) Concurrent cleanup
[2026-04-03T06:40:27.645+0600][20.407s][info][gc          ] GC(10) Concurrent cleanup 1073M->339M(1077M) 0.672ms
[2026-04-03T06:40:27.645+0600][20.407s][info][gc,ergo     ] GC(10) Free: 3381M, Max: 1024K regular, 2623M humongous, Frag: 23% external, 0% internal; Reserve: 196M, Max: 1024K
[2026-04-03T06:40:27.645+0600][20.407s][info][gc,start    ] GC(10) Concurrent class unloading
[2026-04-03T06:40:27.645+0600][20.407s][info][gc,task     ] GC(10) Using 3 of 6 workers for concurrent class unloading
[2026-04-03T06:40:27.649+0600][20.411s][info][gc          ] GC(10) Concurrent class unloading 3.955ms
[2026-04-03T06:40:27.649+0600][20.411s][info][gc,start    ] GC(10) Concurrent strong roots
[2026-04-03T06:40:27.649+0600][20.411s][info][gc,task     ] GC(10) Using 3 of 6 workers for concurrent strong root
[2026-04-03T06:40:27.651+0600][20.413s][info][gc          ] GC(10) Concurrent strong roots 1.432ms
[2026-04-03T06:40:27.651+0600][20.413s][info][gc,start    ] GC(10) Concurrent evacuation
[2026-04-03T06:40:27.651+0600][20.413s][info][gc,task     ] GC(10) Using 3 of 6 workers for concurrent evacuation
[2026-04-03T06:40:27.655+0600][20.417s][info][gc          ] GC(10) Concurrent evacuation 4.389ms
[2026-04-03T06:40:27.655+0600][20.417s][info][gc,start    ] GC(10) Pause Init Update Refs
[2026-04-03T06:40:27.655+0600][20.417s][info][gc,ergo     ] GC(10) Pacer for Update Refs. Used: 352M, Free: 3373M, Non-Taxable: 337M, Alloc Tax Rate: 1.1x
[2026-04-03T06:40:27.656+0600][20.417s][info][gc          ] GC(10) Pause Init Update Refs 0.097ms
[2026-04-03T06:40:27.656+0600][20.418s][info][gc,start    ] GC(10) Concurrent update references
[2026-04-03T06:40:27.656+0600][20.418s][info][gc,task     ] GC(10) Using 3 of 6 workers for concurrent reference update
[2026-04-03T06:40:27.732+0600][20.494s][info][gc          ] GC(10) Concurrent update references 76.209ms
[2026-04-03T06:40:27.732+0600][20.494s][info][gc,start    ] GC(10) Concurrent update thread roots
[2026-04-03T06:40:27.733+0600][20.495s][info][gc          ] GC(10) Concurrent update thread roots 0.882ms
[2026-04-03T06:40:27.733+0600][20.495s][info][gc,start    ] GC(10) Pause Final Update Refs
[2026-04-03T06:40:27.733+0600][20.495s][info][gc,task     ] GC(10) Using 6 of 6 workers for final reference update
[2026-04-03T06:40:27.733+0600][20.495s][info][gc          ] GC(10) Pause Final Update Refs 0.257ms
[2026-04-03T06:40:27.733+0600][20.495s][info][gc,start    ] GC(10) Concurrent cleanup
[2026-04-03T06:40:27.734+0600][20.496s][info][gc          ] GC(10) Concurrent cleanup 391M->318M(1081M) 0.728ms
[2026-04-03T06:40:27.734+0600][20.496s][info][gc,ergo     ] Free: 3400M, Max: 1024K regular, 2623M humongous, Frag: 23% external, 0% internal; Reserve: 197M, Max: 1024K
[2026-04-03T06:40:27.734+0600][20.496s][info][gc,stats    ] 
[2026-04-03T06:40:27.734+0600][20.496s][info][gc,stats    ] All times are wall-clock times, except per-root-class counters, that are sum over
[2026-04-03T06:40:27.734+0600][20.496s][info][gc,stats    ] all workers. Dividing the <total> over the root stage time estimates parallelism.
[2026-04-03T06:40:27.734+0600][20.496s][info][gc,stats    ] 
[2026-04-03T06:40:27.734+0600][20.496s][info][gc,stats    ] Concurrent Reset                   1096 us
[2026-04-03T06:40:27.734+0600][20.496s][info][gc,stats    ] Pause Init Mark (G)                 504 us
[2026-04-03T06:40:27.734+0600][20.496s][info][gc,stats    ] Pause Init Mark (N)                 101 us
[2026-04-03T06:40:27.734+0600][20.496s][info][gc,stats    ]   Update Region States               25 us
[2026-04-03T06:40:27.734+0600][20.496s][info][gc,stats    ] Concurrent Mark Roots               823 us, parallelism: 1.49x
[2026-04-03T06:40:27.734+0600][20.496s][info][gc,stats    ]   CMR: <total>                     1222 us
[2026-04-03T06:40:27.735+0600][20.496s][info][gc,stats    ]   CMR: Thread Roots                1052 us, workers (us): 254, 480, 318, ---, ---, ---, 
[2026-04-03T06:40:27.735+0600][20.496s][info][gc,stats    ]   CMR: VM Strong Roots               44 us, workers (us):  39,   5,   0, ---, ---, ---, 
[2026-04-03T06:40:27.735+0600][20.496s][info][gc,stats    ]   CMR: CLDG Roots                   126 us, workers (us): 126, ---, ---, ---, ---, ---, 
[2026-04-03T06:40:27.735+0600][20.496s][info][gc,stats    ] Concurrent Marking                64992 us
[2026-04-03T06:40:27.735+0600][20.496s][info][gc,stats    ] Pause Final Mark (G)               1066 us
[2026-04-03T06:40:27.735+0600][20.497s][info][gc,stats    ] Pause Final Mark (N)                662 us
[2026-04-03T06:40:27.735+0600][20.497s][info][gc,stats    ]   Finish Mark                       295 us
[2026-04-03T06:40:27.735+0600][20.497s][info][gc,stats    ]   Update Region States               54 us
[2026-04-03T06:40:27.735+0600][20.497s][info][gc,stats    ]   Choose Collection Set             152 us
[2026-04-03T06:40:27.735+0600][20.497s][info][gc,stats    ]   Rebuild Free Set                   40 us
[2026-04-03T06:40:27.735+0600][20.497s][info][gc,stats    ] Concurrent Thread Roots             808 us, parallelism: 1.50x
[2026-04-03T06:40:27.735+0600][20.497s][info][gc,stats    ]   CTR: <total>                     1209 us
[2026-04-03T06:40:27.735+0600][20.497s][info][gc,stats    ]   CTR: Thread Roots                1209 us, workers (us): 426, 342, 441, ---, ---, ---, 
[2026-04-03T06:40:27.735+0600][20.497s][info][gc,stats    ] Concurrent Weak References          324 us, parallelism: 0.60x
[2026-04-03T06:40:27.735+0600][20.497s][info][gc,stats    ]   CWRF: <total>                     195 us
[2026-04-03T06:40:27.735+0600][20.497s][info][gc,stats    ]   CWRF: Weak References             195 us, workers (us): 160,   2,  33, ---, ---, ---, 
[2026-04-03T06:40:27.735+0600][20.497s][info][gc,stats    ] Concurrent Weak Roots              3115 us
[2026-04-03T06:40:27.735+0600][20.497s][info][gc,stats    ]   Roots                            2310 us, parallelism: 2.56x
[2026-04-03T06:40:27.735+0600][20.497s][info][gc,stats    ]     CWR: <total>                   5907 us
[2026-04-03T06:40:27.735+0600][20.497s][info][gc,stats    ]     CWR: Code Cache Roots          2965 us, workers (us): 959, 1016, 990, ---, ---, ---, 
[2026-04-03T06:40:27.735+0600][20.497s][info][gc,stats    ]     CWR: VM Weak Roots             2862 us, workers (us): 1014, 932, 916, ---, ---, ---, 
[2026-04-03T06:40:27.735+0600][20.497s][info][gc,stats    ]     CWR: CLDG Roots                  80 us, workers (us):  80, ---, ---, ---, ---, ---, 
[2026-04-03T06:40:27.735+0600][20.497s][info][gc,stats    ]   Rendezvous                        727 us
[2026-04-03T06:40:27.735+0600][20.497s][info][gc,stats    ] Concurrent Cleanup                  684 us
[2026-04-03T06:40:27.735+0600][20.497s][info][gc,stats    ] Concurrent Class Unloading         4024 us
[2026-04-03T06:40:27.735+0600][20.497s][info][gc,stats    ]   Unlink Stale                     3766 us
[2026-04-03T06:40:27.735+0600][20.497s][info][gc,stats    ]     System Dictionary                96 us
[2026-04-03T06:40:27.735+0600][20.497s][info][gc,stats    ]     Weak Class Links                  0 us
[2026-04-03T06:40:27.735+0600][20.497s][info][gc,stats    ]     Code Roots                     3667 us
[2026-04-03T06:40:27.735+0600][20.497s][info][gc,stats    ]   Rendezvous                        139 us
[2026-04-03T06:40:27.735+0600][20.497s][info][gc,stats    ]   Purge Unlinked                     29 us
[2026-04-03T06:40:27.735+0600][20.497s][info][gc,stats    ]     Code Roots                       18 us
[2026-04-03T06:40:27.735+0600][20.497s][info][gc,stats    ]     CLDG                             10 us
[2026-04-03T06:40:27.735+0600][20.497s][info][gc,stats    ]     Exception Caches                  0 us
[2026-04-03T06:40:27.735+0600][20.497s][info][gc,stats    ] Concurrent Strong Roots            1505 us, parallelism: 0.81x
[2026-04-03T06:40:27.735+0600][20.497s][info][gc,stats    ]   CSR: <total>                     1221 us
[2026-04-03T06:40:27.735+0600][20.497s][info][gc,stats    ]   CSR: VM Strong Roots               56 us, workers (us):  37,  19,   0, ---, ---, ---, 
[2026-04-03T06:40:27.735+0600][20.497s][info][gc,stats    ]   CSR: CLDG Roots                  1165 us, workers (us): ---, 1165, ---, ---, ---, ---, 
[2026-04-03T06:40:27.735+0600][20.497s][info][gc,stats    ] Concurrent Evacuation              4445 us
[2026-04-03T06:40:27.735+0600][20.497s][info][gc,stats    ] Pause Init Update Refs (G)          450 us
[2026-04-03T06:40:27.735+0600][20.497s][info][gc,stats    ] Pause Init Update Refs (N)          111 us
[2026-04-03T06:40:27.735+0600][20.497s][info][gc,stats    ]   Manage GCLABs                      15 us
[2026-04-03T06:40:27.735+0600][20.497s][info][gc,stats    ] Concurrent Update Refs            76303 us
[2026-04-03T06:40:27.735+0600][20.497s][info][gc,stats    ] Concurrent Update Thread Roots      937 us
[2026-04-03T06:40:27.735+0600][20.497s][info][gc,stats    ] Pause Final Update Refs (G)         478 us
[2026-04-03T06:40:27.735+0600][20.497s][info][gc,stats    ] Pause Final Update Refs (N)         277 us
[2026-04-03T06:40:27.735+0600][20.497s][info][gc,stats    ]   Update Region States               71 us
[2026-04-03T06:40:27.735+0600][20.497s][info][gc,stats    ]   Trash Collection Set                8 us
[2026-04-03T06:40:27.735+0600][20.497s][info][gc,stats    ]   Rebuild Free Set                   42 us
[2026-04-03T06:40:27.735+0600][20.497s][info][gc,stats    ] Concurrent Cleanup                  763 us
[2026-04-03T06:40:27.735+0600][20.497s][info][gc,stats    ] 
[2026-04-03T06:40:27.735+0600][20.497s][info][gc,stats    ] Allocation pacing accrued:
[2026-04-03T06:40:27.735+0600][20.497s][info][gc,stats    ]       0 of   439 ms (  0.0%): <total>
[2026-04-03T06:40:27.735+0600][20.497s][info][gc,stats    ]       0 of   439 ms (  0.0%): <average total>
[2026-04-03T06:40:27.735+0600][20.497s][info][gc,stats    ] 
[2026-04-03T06:40:27.735+0600][20.497s][info][gc,metaspace] Metaspace: 66710K(67520K)->66758K(67584K) NonClass: 58230K(58688K)->58276K(58752K) Class: 8479K(8832K)->8481K(8832K)
[2026-04-03T06:40:27.735+0600][20.497s][info][gc,ergo     ] Pacer for Idle. Initial: 80302K, Alloc Tax Rate: 1.0x
[2026-04-03T06:40:27.755+0600][20.517s][info][gc          ] Trigger: Explicit GC request (System.gc())
[2026-04-03T06:40:27.755+0600][20.517s][info][gc,ergo     ] Free: 3394M, Max: 1024K regular, 2623M humongous, Frag: 23% external, 0% internal; Reserve: 197M, Max: 1024K
[2026-04-03T06:40:27.755+0600][20.517s][info][gc,start    ] GC(11) Concurrent reset
[2026-04-03T06:40:27.755+0600][20.517s][info][gc,task     ] GC(11) Using 3 of 6 workers for concurrent reset
[2026-04-03T06:40:27.755+0600][20.517s][info][gc,ergo     ] GC(11) Pacer for Reset. Non-Taxable: 3921M
[2026-04-03T06:40:27.756+0600][20.518s][info][gc          ] GC(11) Concurrent reset 1.368ms
[2026-04-03T06:40:27.757+0600][20.519s][info][gc,start    ] GC(11) Pause Init Mark (unload classes)
[2026-04-03T06:40:27.757+0600][20.519s][info][gc,task     ] GC(11) Using 6 of 6 workers for init marking
[2026-04-03T06:40:27.757+0600][20.519s][info][gc,ref      ] GC(11) Clearing All SoftReferences
[2026-04-03T06:40:27.757+0600][20.519s][info][gc,ergo     ] GC(11) Pacer for Mark. Expected Live: 172M, Free: 3394M, Non-Taxable: 339M, Alloc Tax Rate: 0.1x
[2026-04-03T06:40:27.757+0600][20.519s][info][gc          ] GC(11) Pause Init Mark (unload classes) 0.143ms
[2026-04-03T06:40:27.757+0600][20.519s][info][gc,start    ] GC(11) Concurrent marking roots
[2026-04-03T06:40:27.757+0600][20.519s][info][gc,task     ] GC(11) Using 3 of 6 workers for concurrent marking roots
[2026-04-03T06:40:27.758+0600][20.520s][info][gc          ] GC(11) Concurrent marking roots 1.071ms
[2026-04-03T06:40:27.758+0600][20.520s][info][gc,start    ] GC(11) Concurrent marking (unload classes)
[2026-04-03T06:40:27.758+0600][20.520s][info][gc,task     ] GC(11) Using 3 of 6 workers for concurrent marking
[2026-04-03T06:40:27.830+0600][20.592s][info][gc          ] GC(11) Concurrent marking (unload classes) 72.118ms
[2026-04-03T06:40:27.830+0600][20.592s][info][gc,start    ] GC(11) Pause Final Mark (unload classes)
[2026-04-03T06:40:27.830+0600][20.592s][info][gc,task     ] GC(11) Using 6 of 6 workers for final marking
[2026-04-03T06:40:27.831+0600][20.593s][info][gc,ergo     ] GC(11) Adaptive CSet Selection. Target Free: 555M, Actual Free: 3716M, Max CSet: 163M, Min Garbage: 0B
[2026-04-03T06:40:27.831+0600][20.593s][info][gc,ergo     ] GC(11) Collectable Garbage: 146M (97%), Immediate: 125M (83%), CSet: 21540K (13%)
[2026-04-03T06:40:27.831+0600][20.593s][info][gc,ergo     ] GC(11) Pacer for Evacuation. Used CSet: 23467K, Free: 3525M, Non-Taxable: 352M, Alloc Tax Rate: 1.1x
[2026-04-03T06:40:27.831+0600][20.593s][info][gc          ] GC(11) Pause Final Mark (unload classes) 0.663ms
[2026-04-03T06:40:27.831+0600][20.593s][info][gc,start    ] GC(11) Concurrent thread roots
[2026-04-03T06:40:27.831+0600][20.593s][info][gc,task     ] GC(11) Using 3 of 6 workers for Concurrent thread roots
[2026-04-03T06:40:27.831+0600][20.593s][info][gc          ] GC(11) Concurrent thread roots 0.435ms
[2026-04-03T06:40:27.831+0600][20.593s][info][gc,start    ] GC(11) Concurrent weak references
[2026-04-03T06:40:27.831+0600][20.593s][info][gc,task     ] GC(11) Using 3 of 6 workers for concurrent weak references
[2026-04-03T06:40:27.832+0600][20.594s][info][gc,ref      ] GC(11) Encountered references: Soft: 3025, Weak: 5702, Final: 82, Phantom: 595
[2026-04-03T06:40:27.832+0600][20.594s][info][gc,ref      ] GC(11) Discovered  references: Soft: 2799, Weak: 480, Final: 0, Phantom: 592
[2026-04-03T06:40:27.832+0600][20.594s][info][gc,ref      ] GC(11) Enqueued    references: Soft: 319, Weak: 203, Final: 0, Phantom: 0
[2026-04-03T06:40:27.832+0600][20.594s][info][gc          ] GC(11) Concurrent weak references 0.627ms
[2026-04-03T06:40:27.832+0600][20.594s][info][gc,start    ] GC(11) Concurrent weak roots
[2026-04-03T06:40:27.832+0600][20.594s][info][gc,task     ] GC(11) Using 3 of 6 workers for concurrent weak root
[2026-04-03T06:40:27.834+0600][20.596s][info][gc          ] GC(11) Concurrent weak roots 1.525ms
[2026-04-03T06:40:27.834+0600][20.596s][info][gc,start    ] GC(11) Concurrent cleanup
[2026-04-03T06:40:27.834+0600][20.596s][info][gc          ] GC(11) Concurrent cleanup 325M->200M(1081M) 0.529ms
[2026-04-03T06:40:27.834+0600][20.596s][info][gc,ergo     ] GC(11) Free: 3522M, Max: 1024K regular, 2623M humongous, Frag: 26% external, 0% internal; Reserve: 196M, Max: 1024K
[2026-04-03T06:40:27.834+0600][20.596s][info][gc,start    ] GC(11) Concurrent class unloading
[2026-04-03T06:40:27.834+0600][20.596s][info][gc,task     ] GC(11) Using 3 of 6 workers for concurrent class unloading
[2026-04-03T06:40:27.849+0600][20.610s][info][gc          ] GC(11) Concurrent class unloading 14.272ms
[2026-04-03T06:40:27.849+0600][20.610s][info][gc,start    ] GC(11) Concurrent strong roots
[2026-04-03T06:40:27.849+0600][20.611s][info][gc,task     ] GC(11) Using 3 of 6 workers for concurrent strong root
[2026-04-03T06:40:27.850+0600][20.612s][info][gc          ] GC(11) Concurrent strong roots 1.167ms
[2026-04-03T06:40:27.850+0600][20.612s][info][gc,start    ] GC(11) Concurrent evacuation
[2026-04-03T06:40:27.850+0600][20.612s][info][gc,task     ] GC(11) Using 3 of 6 workers for concurrent evacuation
[2026-04-03T06:40:27.851+0600][20.613s][info][gc          ] GC(11) Concurrent evacuation 1.479ms
[2026-04-03T06:40:27.851+0600][20.613s][info][gc,start    ] GC(11) Pause Init Update Refs
[2026-04-03T06:40:27.852+0600][20.613s][info][gc,ergo     ] GC(11) Pacer for Update Refs. Used: 217M, Free: 3507M, Non-Taxable: 350M, Alloc Tax Rate: 1.1x
[2026-04-03T06:40:27.852+0600][20.613s][info][gc          ] GC(11) Pause Init Update Refs 0.086ms
[2026-04-03T06:40:27.852+0600][20.613s][info][gc,start    ] GC(11) Concurrent update references
[2026-04-03T06:40:27.852+0600][20.613s][info][gc,task     ] GC(11) Using 3 of 6 workers for concurrent reference update
[2026-04-03T06:40:27.909+0600][20.671s][info][gc          ] GC(11) Concurrent update references 57.276ms
[2026-04-03T06:40:27.909+0600][20.671s][info][gc,start    ] GC(11) Concurrent update thread roots
[2026-04-03T06:40:27.909+0600][20.671s][info][gc          ] GC(11) Concurrent update thread roots 0.512ms
[2026-04-03T06:40:27.909+0600][20.671s][info][gc,start    ] GC(11) Pause Final Update Refs
[2026-04-03T06:40:27.909+0600][20.671s][info][gc,task     ] GC(11) Using 6 of 6 workers for final reference update
[2026-04-03T06:40:27.910+0600][20.671s][info][gc          ] GC(11) Pause Final Update Refs 0.114ms
[2026-04-03T06:40:27.910+0600][20.672s][info][gc,start    ] GC(11) Concurrent cleanup
[2026-04-03T06:40:27.910+0600][20.672s][info][gc          ] GC(11) Concurrent cleanup 217M->194M(1081M) 0.517ms
[2026-04-03T06:40:27.910+0600][20.672s][info][gc,ergo     ] Free: 3527M, Max: 1024K regular, 2624M humongous, Frag: 26% external, 0% internal; Reserve: 197M, Max: 1024K
[2026-04-03T06:40:27.910+0600][20.672s][info][gc,stats    ] 
[2026-04-03T06:40:27.910+0600][20.672s][info][gc,stats    ] All times are wall-clock times, except per-root-class counters, that are sum over
[2026-04-03T06:40:27.910+0600][20.672s][info][gc,stats    ] all workers. Dividing the <total> over the root stage time estimates parallelism.
[2026-04-03T06:40:27.910+0600][20.672s][info][gc,stats    ] 
[2026-04-03T06:40:27.910+0600][20.672s][info][gc,stats    ] Concurrent Reset                   1417 us
[2026-04-03T06:40:27.910+0600][20.672s][info][gc,stats    ] Pause Init Mark (G)                 440 us
[2026-04-03T06:40:27.910+0600][20.672s][info][gc,stats    ] Pause Init Mark (N)                 152 us
[2026-04-03T06:40:27.910+0600][20.672s][info][gc,stats    ]   Update Region States               37 us
[2026-04-03T06:40:27.910+0600][20.672s][info][gc,stats    ] Concurrent Mark Roots              1125 us, parallelism: 1.52x
[2026-04-03T06:40:27.910+0600][20.672s][info][gc,stats    ]   CMR: <total>                     1707 us
[2026-04-03T06:40:27.910+0600][20.672s][info][gc,stats    ]   CMR: Thread Roots                1429 us, workers (us): 313, 562, 554, ---, ---, ---, 
[2026-04-03T06:40:27.910+0600][20.672s][info][gc,stats    ]   CMR: VM Strong Roots               29 us, workers (us):  13,  14,   1, ---, ---, ---, 
[2026-04-03T06:40:27.910+0600][20.672s][info][gc,stats    ]   CMR: CLDG Roots                   249 us, workers (us): 249, ---, ---, ---, ---, ---, 
[2026-04-03T06:40:27.910+0600][20.672s][info][gc,stats    ] Concurrent Marking                72193 us
[2026-04-03T06:40:27.910+0600][20.672s][info][gc,stats    ] Pause Final Mark (G)                745 us
[2026-04-03T06:40:27.910+0600][20.672s][info][gc,stats    ] Pause Final Mark (N)                672 us
[2026-04-03T06:40:27.910+0600][20.672s][info][gc,stats    ]   Finish Mark                       365 us
[2026-04-03T06:40:27.910+0600][20.672s][info][gc,stats    ]   Update Region States               46 us
[2026-04-03T06:40:27.910+0600][20.672s][info][gc,stats    ]   Choose Collection Set             150 us
[2026-04-03T06:40:27.910+0600][20.672s][info][gc,stats    ]   Rebuild Free Set                   45 us
[2026-04-03T06:40:27.910+0600][20.672s][info][gc,stats    ] Concurrent Thread Roots             459 us, parallelism: 2.19x
[2026-04-03T06:40:27.910+0600][20.672s][info][gc,stats    ]   CTR: <total>                     1006 us
[2026-04-03T06:40:27.911+0600][20.672s][info][gc,stats    ]   CTR: Thread Roots                1006 us, workers (us): 369, 359, 278, ---, ---, ---, 
[2026-04-03T06:40:27.911+0600][20.672s][info][gc,stats    ] Concurrent Weak References          636 us, parallelism: 0.83x
[2026-04-03T06:40:27.911+0600][20.672s][info][gc,stats    ]   CWRF: <total>                     525 us
[2026-04-03T06:40:27.911+0600][20.673s][info][gc,stats    ]   CWRF: Weak References             525 us, workers (us): 142, 315,  68, ---, ---, ---, 
[2026-04-03T06:40:27.911+0600][20.673s][info][gc,stats    ] Concurrent Weak Roots              1551 us
[2026-04-03T06:40:27.911+0600][20.673s][info][gc,stats    ]   Roots                            1430 us, parallelism: 2.43x
[2026-04-03T06:40:27.911+0600][20.673s][info][gc,stats    ]     CWR: <total>                   3482 us
[2026-04-03T06:40:27.911+0600][20.673s][info][gc,stats    ]     CWR: Code Cache Roots          1867 us, workers (us): 672, 646, 550, ---, ---, ---, 
[2026-04-03T06:40:27.911+0600][20.673s][info][gc,stats    ]     CWR: VM Weak Roots             1514 us, workers (us): 549, 528, 437, ---, ---, ---, 
[2026-04-03T06:40:27.911+0600][20.673s][info][gc,stats    ]     CWR: CLDG Roots                 101 us, workers (us): ---, ---, 101, ---, ---, ---, 
[2026-04-03T06:40:27.911+0600][20.673s][info][gc,stats    ]   Rendezvous                         78 us
[2026-04-03T06:40:27.911+0600][20.673s][info][gc,stats    ] Concurrent Cleanup                  555 us
[2026-04-03T06:40:27.911+0600][20.673s][info][gc,stats    ] Concurrent Class Unloading        14351 us
[2026-04-03T06:40:27.911+0600][20.673s][info][gc,stats    ]   Unlink Stale                    13268 us
[2026-04-03T06:40:27.911+0600][20.673s][info][gc,stats    ]     System Dictionary               282 us
[2026-04-03T06:40:27.911+0600][20.673s][info][gc,stats    ]     Weak Class Links               8383 us
[2026-04-03T06:40:27.911+0600][20.673s][info][gc,stats    ]     Code Roots                     4598 us
[2026-04-03T06:40:27.911+0600][20.673s][info][gc,stats    ]   Rendezvous                        293 us
[2026-04-03T06:40:27.911+0600][20.673s][info][gc,stats    ]   Purge Unlinked                    690 us
[2026-04-03T06:40:27.911+0600][20.673s][info][gc,stats    ]     Code Roots                      213 us
[2026-04-03T06:40:27.911+0600][20.673s][info][gc,stats    ]     CLDG                            477 us
[2026-04-03T06:40:27.911+0600][20.673s][info][gc,stats    ]     Exception Caches                  0 us
[2026-04-03T06:40:27.911+0600][20.673s][info][gc,stats    ] Concurrent Strong Roots            1223 us, parallelism: 0.75x
[2026-04-03T06:40:27.911+0600][20.673s][info][gc,stats    ]   CSR: <total>                      916 us
[2026-04-03T06:40:27.911+0600][20.673s][info][gc,stats    ]   CSR: VM Strong Roots               38 us, workers (us):  19,  17,   3, ---, ---, ---, 
[2026-04-03T06:40:27.911+0600][20.673s][info][gc,stats    ]   CSR: CLDG Roots                   878 us, workers (us): ---, ---, 878, ---, ---, ---, 
[2026-04-03T06:40:27.911+0600][20.673s][info][gc,stats    ] Concurrent Evacuation              1535 us
[2026-04-03T06:40:27.911+0600][20.673s][info][gc,stats    ] Pause Init Update Refs (G)          211 us
[2026-04-03T06:40:27.911+0600][20.673s][info][gc,stats    ] Pause Init Update Refs (N)           96 us
[2026-04-03T06:40:27.911+0600][20.673s][info][gc,stats    ]   Manage GCLABs                      28 us
[2026-04-03T06:40:27.911+0600][20.673s][info][gc,stats    ] Concurrent Update Refs            57320 us
[2026-04-03T06:40:27.911+0600][20.673s][info][gc,stats    ] Concurrent Update Thread Roots      533 us
[2026-04-03T06:40:27.911+0600][20.673s][info][gc,stats    ] Pause Final Update Refs (G)         194 us
[2026-04-03T06:40:27.911+0600][20.673s][info][gc,stats    ] Pause Final Update Refs (N)         143 us
[2026-04-03T06:40:27.911+0600][20.673s][info][gc,stats    ]   Update Region States               48 us
[2026-04-03T06:40:27.911+0600][20.673s][info][gc,stats    ]   Trash Collection Set                5 us
[2026-04-03T06:40:27.911+0600][20.673s][info][gc,stats    ]   Rebuild Free Set                   32 us
[2026-04-03T06:40:27.911+0600][20.673s][info][gc,stats    ] Concurrent Cleanup                  524 us
[2026-04-03T06:40:27.911+0600][20.673s][info][gc,stats    ] 
[2026-04-03T06:40:27.911+0600][20.673s][info][gc,stats    ] Allocation pacing accrued:
[2026-04-03T06:40:27.911+0600][20.673s][info][gc,stats    ]       0 of   176 ms (  0.0%): <total>
[2026-04-03T06:40:27.911+0600][20.673s][info][gc,stats    ]       0 of   176 ms (  0.0%): <average total>
[2026-04-03T06:40:27.911+0600][20.673s][info][gc,stats    ] 
[2026-04-03T06:40:27.911+0600][20.673s][info][gc,metaspace] Metaspace: 66775K(67584K)->66431K(67584K) NonClass: 58294K(58752K)->58009K(58752K) Class: 8481K(8832K)->8421K(8832K)
[2026-04-03T06:40:27.911+0600][20.673s][info][gc,ergo     ] Pacer for Idle. Initial: 80302K, Alloc Tax Rate: 1.0x
[2026-04-03T06:40:27.911+0600][20.673s][info][gc,start    ] Concurrent uncommit
[2026-04-03T06:40:27.990+0600][20.752s][info][gc          ] Concurrent uncommit 195M->201M(204M) 79.310ms
[2026-04-03T06:40:28.834+0600][21.596s][info][gc          ] Trigger: Learning 2 of 5. Free (2743M) is below initial threshold (2744M)
[2026-04-03T06:40:28.834+0600][21.596s][info][gc,ergo     ] Free: 2743M, Max: 1024K regular, 2624M humongous, Frag: 5% external, 0% internal; Reserve: 197M, Max: 1024K
[2026-04-03T06:40:28.834+0600][21.596s][info][gc,start    ] GC(12) Concurrent reset
[2026-04-03T06:40:28.834+0600][21.596s][info][gc,task     ] GC(12) Using 3 of 6 workers for concurrent reset
[2026-04-03T06:40:28.834+0600][21.596s][info][gc,ergo     ] GC(12) Pacer for Reset. Non-Taxable: 3921M
[2026-04-03T06:40:28.835+0600][21.597s][info][gc          ] GC(12) Concurrent reset 1.053ms
[2026-04-03T06:40:28.836+0600][21.598s][info][gc,start    ] GC(12) Pause Init Mark (unload classes)
[2026-04-03T06:40:28.836+0600][21.598s][info][gc,task     ] GC(12) Using 6 of 6 workers for init marking
[2026-04-03T06:40:28.836+0600][21.598s][info][gc,ergo     ] GC(12) Pacer for Mark. Expected Live: 172M, Free: 2741M, Non-Taxable: 274M, Alloc Tax Rate: 0.1x
[2026-04-03T06:40:28.836+0600][21.598s][info][gc          ] GC(12) Pause Init Mark (unload classes) 0.113ms
[2026-04-03T06:40:28.836+0600][21.598s][info][gc,start    ] GC(12) Concurrent marking roots
[2026-04-03T06:40:28.836+0600][21.598s][info][gc,task     ] GC(12) Using 3 of 6 workers for concurrent marking roots
[2026-04-03T06:40:28.837+0600][21.599s][info][gc          ] GC(12) Concurrent marking roots 0.860ms
[2026-04-03T06:40:28.837+0600][21.599s][info][gc,start    ] GC(12) Concurrent marking (unload classes)
[2026-04-03T06:40:28.837+0600][21.599s][info][gc,task     ] GC(12) Using 3 of 6 workers for concurrent marking
[2026-04-03T06:40:28.907+0600][21.669s][info][gc          ] GC(12) Concurrent marking (unload classes) 70.096ms
[2026-04-03T06:40:28.907+0600][21.669s][info][gc,start    ] GC(12) Pause Final Mark (unload classes)
[2026-04-03T06:40:28.908+0600][21.669s][info][gc,task     ] GC(12) Using 6 of 6 workers for final marking
[2026-04-03T06:40:28.908+0600][21.670s][info][gc,ergo     ] GC(12) Collectable Garbage: 754M (93%), Immediate: 754M (93%), CSet: 0B (0%)
[2026-04-03T06:40:28.908+0600][21.670s][info][gc          ] GC(12) Pause Final Mark (unload classes) 0.956ms
[2026-04-03T06:40:28.908+0600][21.670s][info][gc,start    ] GC(12) Concurrent weak references
[2026-04-03T06:40:28.908+0600][21.670s][info][gc,task     ] GC(12) Using 3 of 6 workers for concurrent weak references
[2026-04-03T06:40:28.909+0600][21.671s][info][gc,ref      ] GC(12) Encountered references: Soft: 3110, Weak: 5945, Final: 82, Phantom: 595
[2026-04-03T06:40:28.909+0600][21.671s][info][gc,ref      ] GC(12) Discovered  references: Soft: 0, Weak: 1257, Final: 0, Phantom: 592
[2026-04-03T06:40:28.909+0600][21.671s][info][gc,ref      ] GC(12) Enqueued    references: Soft: 0, Weak: 194, Final: 0, Phantom: 0
[2026-04-03T06:40:28.909+0600][21.671s][info][gc          ] GC(12) Concurrent weak references 0.683ms
[2026-04-03T06:40:28.909+0600][21.671s][info][gc,start    ] GC(12) Concurrent weak roots
[2026-04-03T06:40:28.909+0600][21.671s][info][gc,task     ] GC(12) Using 3 of 6 workers for concurrent weak root
[2026-04-03T06:40:28.911+0600][21.673s][info][gc          ] GC(12) Concurrent weak roots 1.859ms
[2026-04-03T06:40:28.911+0600][21.673s][info][gc,start    ] GC(12) Concurrent cleanup
[2026-04-03T06:40:28.911+0600][21.673s][info][gc          ] GC(12) Concurrent cleanup 1059M->306M(1065M) 0.647ms
[2026-04-03T06:40:28.911+0600][21.673s][info][gc,ergo     ] GC(12) Free: 3415M, Max: 1024K regular, 2624M humongous, Frag: 24% external, 0% internal; Reserve: 197M, Max: 1024K
[2026-04-03T06:40:28.911+0600][21.673s][info][gc,start    ] GC(12) Concurrent class unloading
[2026-04-03T06:40:28.911+0600][21.673s][info][gc,task     ] GC(12) Using 3 of 6 workers for concurrent class unloading
[2026-04-03T06:40:28.925+0600][21.687s][info][gc          ] GC(12) Concurrent class unloading 13.889ms
[2026-04-03T06:40:28.926+0600][21.688s][info][gc,start    ] GC(12) Pause Final Roots
[2026-04-03T06:40:28.926+0600][21.688s][info][gc          ] GC(12) Pause Final Roots 0.051ms
[2026-04-03T06:40:28.926+0600][21.688s][info][gc,ergo     ] Free: 3392M, Max: 1024K regular, 2624M humongous, Frag: 23% external, 0% internal; Reserve: 197M, Max: 1024K
[2026-04-03T06:40:28.926+0600][21.688s][info][gc,stats    ] 
[2026-04-03T06:40:28.926+0600][21.688s][info][gc,stats    ] All times are wall-clock times, except per-root-class counters, that are sum over
[2026-04-03T06:40:28.926+0600][21.688s][info][gc,stats    ] all workers. Dividing the <total> over the root stage time estimates parallelism.
[2026-04-03T06:40:28.926+0600][21.688s][info][gc,stats    ] 
[2026-04-03T06:40:28.926+0600][21.688s][info][gc,stats    ] Concurrent Reset                   1103 us
[2026-04-03T06:40:28.926+0600][21.688s][info][gc,stats    ] Pause Init Mark (G)                 513 us
[2026-04-03T06:40:28.926+0600][21.688s][info][gc,stats    ] Pause Init Mark (N)                 121 us
[2026-04-03T06:40:28.926+0600][21.688s][info][gc,stats    ]   Update Region States               34 us
[2026-04-03T06:40:28.926+0600][21.688s][info][gc,stats    ] Concurrent Mark Roots               888 us, parallelism: 1.48x
[2026-04-03T06:40:28.926+0600][21.688s][info][gc,stats    ]   CMR: <total>                     1310 us
[2026-04-03T06:40:28.926+0600][21.688s][info][gc,stats    ]   CMR: Thread Roots                1049 us, workers (us): 233, 435, 381, ---, ---, ---, 
[2026-04-03T06:40:28.926+0600][21.688s][info][gc,stats    ]   CMR: VM Strong Roots               24 us, workers (us):  22,   1,   0, ---, ---, ---, 
[2026-04-03T06:40:28.926+0600][21.688s][info][gc,stats    ]   CMR: CLDG Roots                   238 us, workers (us): 238, ---, ---, ---, ---, ---, 
[2026-04-03T06:40:28.926+0600][21.688s][info][gc,stats    ] Concurrent Marking                70173 us
[2026-04-03T06:40:28.926+0600][21.688s][info][gc,stats    ] Pause Final Mark (G)               1116 us
[2026-04-03T06:40:28.926+0600][21.688s][info][gc,stats    ] Pause Final Mark (N)                971 us
[2026-04-03T06:40:28.926+0600][21.688s][info][gc,stats    ]   Finish Mark                       315 us
[2026-04-03T06:40:28.926+0600][21.688s][info][gc,stats    ]   Update Region States               50 us
[2026-04-03T06:40:28.926+0600][21.688s][info][gc,stats    ]   Choose Collection Set              84 us
[2026-04-03T06:40:28.926+0600][21.688s][info][gc,stats    ]   Rebuild Free Set                   41 us
[2026-04-03T06:40:28.926+0600][21.688s][info][gc,stats    ] Concurrent Weak References          692 us, parallelism: 0.37x
[2026-04-03T06:40:28.926+0600][21.688s][info][gc,stats    ]   CWRF: <total>                     256 us
[2026-04-03T06:40:28.926+0600][21.688s][info][gc,stats    ]   CWRF: Weak References             256 us, workers (us): 196,  58,   2, ---, ---, ---, 
[2026-04-03T06:40:28.926+0600][21.688s][info][gc,stats    ] Concurrent Weak Roots              1921 us
[2026-04-03T06:40:28.926+0600][21.688s][info][gc,stats    ]   Roots                            1570 us, parallelism: 2.39x
[2026-04-03T06:40:28.926+0600][21.688s][info][gc,stats    ]     CWR: <total>                   3748 us
[2026-04-03T06:40:28.926+0600][21.688s][info][gc,stats    ]     CWR: Code Cache Roots          2597 us, workers (us): 845, 857, 895, ---, ---, ---, 
[2026-04-03T06:40:28.926+0600][21.688s][info][gc,stats    ]     CWR: VM Weak Roots             1083 us, workers (us): 405, 346, 332, ---, ---, ---, 
[2026-04-03T06:40:28.926+0600][21.688s][info][gc,stats    ]     CWR: CLDG Roots                  67 us, workers (us): ---,  67, ---, ---, ---, ---, 
[2026-04-03T06:40:28.926+0600][21.688s][info][gc,stats    ]   Rendezvous                        267 us
[2026-04-03T06:40:28.926+0600][21.688s][info][gc,stats    ] Concurrent Cleanup                  661 us
[2026-04-03T06:40:28.926+0600][21.688s][info][gc,stats    ] Concurrent Class Unloading        13972 us
[2026-04-03T06:40:28.926+0600][21.688s][info][gc,stats    ]   Unlink Stale                    13454 us
[2026-04-03T06:40:28.926+0600][21.688s][info][gc,stats    ]     System Dictionary               193 us
[2026-04-03T06:40:28.926+0600][21.688s][info][gc,stats    ]     Weak Class Links               8370 us
[2026-04-03T06:40:28.926+0600][21.688s][info][gc,stats    ]     Code Roots                     4887 us
[2026-04-03T06:40:28.926+0600][21.688s][info][gc,stats    ]   Rendezvous                        141 us
[2026-04-03T06:40:28.926+0600][21.688s][info][gc,stats    ]   Purge Unlinked                    273 us
[2026-04-03T06:40:28.926+0600][21.688s][info][gc,stats    ]     Code Roots                      254 us
[2026-04-03T06:40:28.926+0600][21.688s][info][gc,stats    ]     CLDG                             19 us
[2026-04-03T06:40:28.926+0600][21.688s][info][gc,stats    ]     Exception Caches                  0 us
[2026-04-03T06:40:28.926+0600][21.688s][info][gc,stats    ] Pause Final Roots (G)               356 us
[2026-04-03T06:40:28.926+0600][21.688s][info][gc,stats    ] Pause Final Roots (N)                64 us
[2026-04-03T06:40:28.926+0600][21.688s][info][gc,stats    ] 
[2026-04-03T06:40:28.926+0600][21.688s][info][gc,stats    ] Allocation pacing accrued:
[2026-04-03T06:40:28.926+0600][21.688s][info][gc,stats    ]       0 of  1016 ms (  0.0%): <total>
[2026-04-03T06:40:28.926+0600][21.688s][info][gc,stats    ]       0 of  1016 ms (  0.0%): <average total>
[2026-04-03T06:40:28.926+0600][21.688s][info][gc,stats    ] 
[2026-04-03T06:40:28.926+0600][21.688s][info][gc,metaspace] Metaspace: 66860K(67648K)->66867K(67712K) NonClass: 58381K(58816K)->58388K(58880K) Class: 8479K(8832K)->8479K(8832K)
[2026-04-03T06:40:28.926+0600][21.688s][info][gc,ergo     ] Pacer for Idle. Initial: 80302K, Alloc Tax Rate: 1.0x
[2026-04-03T06:40:29.202+0600][21.964s][info][gc          ] Trigger: Learning 3 of 5. Free (2742M) is below initial threshold (2744M)
[2026-04-03T06:40:29.203+0600][21.964s][info][gc,ergo     ] Free: 2741M, Max: 1024K regular, 2624M humongous, Frag: 5% external, 0% internal; Reserve: 197M, Max: 1024K
[2026-04-03T06:40:29.203+0600][21.964s][info][gc,start    ] GC(13) Concurrent reset
[2026-04-03T06:40:29.203+0600][21.964s][info][gc,task     ] GC(13) Using 3 of 6 workers for concurrent reset
[2026-04-03T06:40:29.203+0600][21.965s][info][gc,ergo     ] GC(13) Pacer for Reset. Non-Taxable: 3921M
[2026-04-03T06:40:29.204+0600][21.966s][info][gc          ] GC(13) Concurrent reset 1.031ms
[2026-04-03T06:40:29.204+0600][21.966s][info][gc,start    ] GC(13) Pause Init Mark (unload classes)
[2026-04-03T06:40:29.204+0600][21.966s][info][gc,task     ] GC(13) Using 6 of 6 workers for init marking
[2026-04-03T06:40:29.204+0600][21.966s][info][gc,ergo     ] GC(13) Pacer for Mark. Expected Live: 172M, Free: 2738M, Non-Taxable: 273M, Alloc Tax Rate: 0.1x
[2026-04-03T06:40:29.204+0600][21.966s][info][gc          ] GC(13) Pause Init Mark (unload classes) 0.088ms
[2026-04-03T06:40:29.204+0600][21.966s][info][gc,start    ] GC(13) Concurrent marking roots
[2026-04-03T06:40:29.204+0600][21.966s][info][gc,task     ] GC(13) Using 3 of 6 workers for concurrent marking roots
[2026-04-03T06:40:29.205+0600][21.967s][info][gc          ] GC(13) Concurrent marking roots 0.907ms
[2026-04-03T06:40:29.205+0600][21.967s][info][gc,start    ] GC(13) Concurrent marking (unload classes)
[2026-04-03T06:40:29.205+0600][21.967s][info][gc,task     ] GC(13) Using 3 of 6 workers for concurrent marking
[2026-04-03T06:40:29.277+0600][22.039s][info][gc          ] GC(13) Concurrent marking (unload classes) 71.471ms
[2026-04-03T06:40:29.285+0600][22.047s][info][gc,start    ] GC(13) Pause Final Mark (unload classes)
[2026-04-03T06:40:29.285+0600][22.047s][info][gc,task     ] GC(13) Using 6 of 6 workers for final marking
[2026-04-03T06:40:29.285+0600][22.047s][info][gc,ergo     ] GC(13) Collectable Garbage: 742M (91%), Immediate: 742M (91%), CSet: 0B (0%)
[2026-04-03T06:40:29.285+0600][22.047s][info][gc          ] GC(13) Pause Final Mark (unload classes) 0.841ms
[2026-04-03T06:40:29.286+0600][22.048s][info][gc,start    ] GC(13) Concurrent weak references
[2026-04-03T06:40:29.286+0600][22.048s][info][gc,task     ] GC(13) Using 3 of 6 workers for concurrent weak references
[2026-04-03T06:40:29.286+0600][22.048s][info][gc,ref      ] GC(13) Encountered references: Soft: 3121, Weak: 5856, Final: 82, Phantom: 595
[2026-04-03T06:40:29.286+0600][22.048s][info][gc,ref      ] GC(13) Discovered  references: Soft: 0, Weak: 415, Final: 0, Phantom: 592
[2026-04-03T06:40:29.286+0600][22.048s][info][gc,ref      ] GC(13) Enqueued    references: Soft: 0, Weak: 37, Final: 0, Phantom: 0
[2026-04-03T06:40:29.286+0600][22.048s][info][gc          ] GC(13) Concurrent weak references 0.573ms
[2026-04-03T06:40:29.286+0600][22.048s][info][gc,start    ] GC(13) Concurrent weak roots
[2026-04-03T06:40:29.286+0600][22.048s][info][gc,task     ] GC(13) Using 3 of 6 workers for concurrent weak root
[2026-04-03T06:40:29.288+0600][22.050s][info][gc          ] GC(13) Concurrent weak roots 2.202ms
[2026-04-03T06:40:29.289+0600][22.050s][info][gc,start    ] GC(13) Concurrent cleanup
[2026-04-03T06:40:29.289+0600][22.051s][info][gc          ] GC(13) Concurrent cleanup 1079M->337M(1083M) 0.730ms
[2026-04-03T06:40:29.289+0600][22.051s][info][gc,ergo     ] GC(13) Free: 3383M, Max: 1024K regular, 2624M humongous, Frag: 23% external, 0% internal; Reserve: 197M, Max: 1024K
[2026-04-03T06:40:29.289+0600][22.051s][info][gc,start    ] GC(13) Concurrent class unloading
[2026-04-03T06:40:29.289+0600][22.051s][info][gc,task     ] GC(13) Using 3 of 6 workers for concurrent class unloading
[2026-04-03T06:40:29.294+0600][22.056s][info][gc          ] GC(13) Concurrent class unloading 4.725ms
[2026-04-03T06:40:29.294+0600][22.056s][info][gc,start    ] GC(13) Pause Final Roots
[2026-04-03T06:40:29.294+0600][22.056s][info][gc          ] GC(13) Pause Final Roots 0.092ms
[2026-04-03T06:40:29.295+0600][22.057s][info][gc,ergo     ] Free: 3380M, Max: 1024K regular, 2624M humongous, Frag: 23% external, 0% internal; Reserve: 197M, Max: 1024K
[2026-04-03T06:40:29.295+0600][22.057s][info][gc,stats    ] 
[2026-04-03T06:40:29.295+0600][22.057s][info][gc,stats    ] All times are wall-clock times, except per-root-class counters, that are sum over
[2026-04-03T06:40:29.295+0600][22.057s][info][gc,stats    ] all workers. Dividing the <total> over the root stage time estimates parallelism.
[2026-04-03T06:40:29.295+0600][22.057s][info][gc,stats    ] 
[2026-04-03T06:40:29.295+0600][22.057s][info][gc,stats    ] Concurrent Reset                   1077 us
[2026-04-03T06:40:29.295+0600][22.057s][info][gc,stats    ] Pause Init Mark (G)                 543 us
[2026-04-03T06:40:29.295+0600][22.057s][info][gc,stats    ] Pause Init Mark (N)                  96 us
[2026-04-03T06:40:29.295+0600][22.057s][info][gc,stats    ]   Update Region States               23 us
[2026-04-03T06:40:29.295+0600][22.057s][info][gc,stats    ] Concurrent Mark Roots               938 us, parallelism: 1.67x
[2026-04-03T06:40:29.295+0600][22.057s][info][gc,stats    ]   CMR: <total>                     1567 us
[2026-04-03T06:40:29.295+0600][22.057s][info][gc,stats    ]   CMR: Thread Roots                1264 us, workers (us): 485, 492, 287, ---, ---, ---, 
[2026-04-03T06:40:29.295+0600][22.057s][info][gc,stats    ]   CMR: VM Strong Roots              103 us, workers (us):  48,  28,  27, ---, ---, ---, 
[2026-04-03T06:40:29.295+0600][22.057s][info][gc,stats    ]   CMR: CLDG Roots                   199 us, workers (us): ---, ---, 199, ---, ---, ---, 
[2026-04-03T06:40:29.295+0600][22.057s][info][gc,stats    ] Concurrent Marking                79097 us
[2026-04-03T06:40:29.295+0600][22.057s][info][gc,stats    ] Pause Final Mark (G)               1392 us
[2026-04-03T06:40:29.295+0600][22.057s][info][gc,stats    ] Pause Final Mark (N)                858 us
[2026-04-03T06:40:29.295+0600][22.057s][info][gc,stats    ]   Finish Mark                       420 us
[2026-04-03T06:40:29.295+0600][22.057s][info][gc,stats    ]   Update Region States              107 us
[2026-04-03T06:40:29.295+0600][22.057s][info][gc,stats    ]   Choose Collection Set             150 us
[2026-04-03T06:40:29.295+0600][22.057s][info][gc,stats    ]   Rebuild Free Set                   56 us
[2026-04-03T06:40:29.295+0600][22.057s][info][gc,stats    ] Concurrent Weak References          600 us, parallelism: 0.41x
[2026-04-03T06:40:29.295+0600][22.057s][info][gc,stats    ]   CWRF: <total>                     249 us
[2026-04-03T06:40:29.295+0600][22.057s][info][gc,stats    ]   CWRF: Weak References             249 us, workers (us): 114,  50,  85, ---, ---, ---, 
[2026-04-03T06:40:29.295+0600][22.057s][info][gc,stats    ] Concurrent Weak Roots              2265 us
[2026-04-03T06:40:29.295+0600][22.057s][info][gc,stats    ]   Roots                            1864 us, parallelism: 2.33x
[2026-04-03T06:40:29.295+0600][22.057s][info][gc,stats    ]     CWR: <total>                   4349 us
[2026-04-03T06:40:29.295+0600][22.057s][info][gc,stats    ]     CWR: Code Cache Roots          3040 us, workers (us): 914, 1102, 1024, ---, ---, ---, 
[2026-04-03T06:40:29.295+0600][22.057s][info][gc,stats    ]     CWR: VM Weak Roots             1265 us, workers (us): 468, 415, 382, ---, ---, ---, 
[2026-04-03T06:40:29.295+0600][22.057s][info][gc,stats    ]     CWR: CLDG Roots                  44 us, workers (us):  44, ---, ---, ---, ---, ---, 
[2026-04-03T06:40:29.295+0600][22.057s][info][gc,stats    ]   Rendezvous                        309 us
[2026-04-03T06:40:29.295+0600][22.057s][info][gc,stats    ] Concurrent Cleanup                  754 us
[2026-04-03T06:40:29.295+0600][22.057s][info][gc,stats    ] Concurrent Class Unloading         4833 us
[2026-04-03T06:40:29.295+0600][22.057s][info][gc,stats    ]   Unlink Stale                     4338 us
[2026-04-03T06:40:29.295+0600][22.057s][info][gc,stats    ]     System Dictionary               118 us
[2026-04-03T06:40:29.295+0600][22.057s][info][gc,stats    ]     Weak Class Links                  0 us
[2026-04-03T06:40:29.295+0600][22.057s][info][gc,stats    ]     Code Roots                     4216 us
[2026-04-03T06:40:29.295+0600][22.057s][info][gc,stats    ]   Rendezvous                        263 us
[2026-04-03T06:40:29.295+0600][22.057s][info][gc,stats    ]   Purge Unlinked                     99 us
[2026-04-03T06:40:29.295+0600][22.057s][info][gc,stats    ]     Code Roots                       92 us
[2026-04-03T06:40:29.295+0600][22.057s][info][gc,stats    ]     CLDG                              7 us
[2026-04-03T06:40:29.295+0600][22.057s][info][gc,stats    ]     Exception Caches                  0 us
[2026-04-03T06:40:29.295+0600][22.057s][info][gc,stats    ] Pause Final Roots (G)               370 us
[2026-04-03T06:40:29.295+0600][22.057s][info][gc,stats    ] Pause Final Roots (N)               111 us
[2026-04-03T06:40:29.295+0600][22.057s][info][gc,stats    ] 
[2026-04-03T06:40:29.295+0600][22.057s][info][gc,stats    ] Allocation pacing accrued:
[2026-04-03T06:40:29.295+0600][22.057s][info][gc,stats    ]       0 of   369 ms (  0.0%): <total>
[2026-04-03T06:40:29.295+0600][22.057s][info][gc,stats    ]       0 of   369 ms (  0.0%): <average total>
[2026-04-03T06:40:29.295+0600][22.057s][info][gc,stats    ] 
[2026-04-03T06:40:29.295+0600][22.057s][info][gc,metaspace] Metaspace: 66977K(67840K)->67000K(67840K) NonClass: 58472K(58944K)->58493K(58944K) Class: 8505K(8896K)->8506K(8896K)
[2026-04-03T06:40:29.295+0600][22.057s][info][gc,ergo     ] Pacer for Idle. Initial: 80302K, Alloc Tax Rate: 1.0x
[2026-04-03T06:40:30.092+0600][22.854s][info][gc          ] Cancelling GC: Stopping VM
[2026-04-03T06:40:30.093+0600][22.855s][info][gc,heap,exit] Heap
[2026-04-03T06:40:30.093+0600][22.855s][info][gc,heap,exit] Shenandoah Heap
[2026-04-03T06:40:30.093+0600][22.855s][info][gc,heap,exit]  3921M max, 3921M soft max, 1083M committed, 430M used
[2026-04-03T06:40:30.093+0600][22.855s][info][gc,heap,exit]  3921 x 1024K regions
[2026-04-03T06:40:30.093+0600][22.855s][info][gc,heap,exit] Status: cancelled
[2026-04-03T06:40:30.093+0600][22.855s][info][gc,heap,exit] Reserved region:
[2026-04-03T06:40:30.093+0600][22.855s][info][gc,heap,exit]  - [0x000000070af00000, 0x0000000800000000) 
[2026-04-03T06:40:30.093+0600][22.855s][info][gc,heap,exit] Collection set:
[2026-04-03T06:40:30.093+0600][22.855s][info][gc,heap,exit]  - map (vanilla): 0x00000000000170af
[2026-04-03T06:40:30.093+0600][22.855s][info][gc,heap,exit]  - map (biased):  0x0000000000010000
[2026-04-03T06:40:30.093+0600][22.855s][info][gc,heap,exit] 
[2026-04-03T06:40:30.093+0600][22.855s][info][gc,heap,exit]  Metaspace       used 67757K, committed 68608K, reserved 1114112K
[2026-04-03T06:40:30.093+0600][22.855s][info][gc,heap,exit]   class space    used 8702K, committed 9088K, reserved 1048576K
[2026-04-03T06:40:30.093+0600][22.855s][info][gc,stats    ] 
[2026-04-03T06:40:30.093+0600][22.855s][info][gc,stats    ] GC STATISTICS:
[2026-04-03T06:40:30.093+0600][22.855s][info][gc,stats    ]   "(G)" (gross) pauses include VM time: time to notify and block threads, do the pre-
[2026-04-03T06:40:30.093+0600][22.855s][info][gc,stats    ]         and post-safepoint housekeeping. Use -Xlog:safepoint+stats to dissect.
[2026-04-03T06:40:30.093+0600][22.855s][info][gc,stats    ]   "(N)" (net) pauses are the times spent in the actual GC code.
[2026-04-03T06:40:30.093+0600][22.855s][info][gc,stats    ]   "a" is average time for each phase, look at levels to see if average makes sense.
[2026-04-03T06:40:30.093+0600][22.855s][info][gc,stats    ]   "lvls" are quantiles: 0% (minimum), 25%, 50% (median), 75%, 100% (maximum).
[2026-04-03T06:40:30.093+0600][22.855s][info][gc,stats    ] 
[2026-04-03T06:40:30.093+0600][22.855s][info][gc,stats    ]   All times are wall-clock times, except per-root-class counters, that are sum over
[2026-04-03T06:40:30.093+0600][22.855s][info][gc,stats    ]   all workers. Dividing the <total> over the root stage time estimates parallelism.
[2026-04-03T06:40:30.093+0600][22.855s][info][gc,stats    ] 
[2026-04-03T06:40:30.093+0600][22.855s][info][gc,stats    ]   Pacing delays are measured from entering the pacing code till exiting it. Therefore,
[2026-04-03T06:40:30.094+0600][22.855s][info][gc,stats    ]   observed pacing delays may be higher than the threshold when paced thread spent more
[2026-04-03T06:40:30.094+0600][22.855s][info][gc,stats    ]   time in the pacing code. It usually happens when thread is de-scheduled while paced,
[2026-04-03T06:40:30.094+0600][22.855s][info][gc,stats    ]   OS takes longer to unblock the thread, or JVM experiences an STW pause.
[2026-04-03T06:40:30.094+0600][22.855s][info][gc,stats    ] 
[2026-04-03T06:40:30.094+0600][22.855s][info][gc,stats    ]   Higher delay would prevent application outpacing the GC, but it will hide the GC latencies
[2026-04-03T06:40:30.094+0600][22.855s][info][gc,stats    ]   from the STW pause times. Pacing affects the individual threads, and so it would also be
[2026-04-03T06:40:30.094+0600][22.855s][info][gc,stats    ]   invisible to the usual profiling tools, but would add up to end-to-end application latency.
[2026-04-03T06:40:30.094+0600][22.855s][info][gc,stats    ]   Raise max pacing delay with care.
[2026-04-03T06:40:30.094+0600][22.855s][info][gc,stats    ] 
[2026-04-03T06:40:30.094+0600][22.855s][info][gc,stats    ] Concurrent Reset               =    0.032 s (a =     2308 us) (n =    14) (lvls, us =      820,      963,     1094,     2402,     9841)
[2026-04-03T06:40:30.094+0600][22.855s][info][gc,stats    ] Pause Init Mark (G)            =    0.009 s (a =      655 us) (n =    14) (lvls, us =      297,      400,      479,      512,     2758)
[2026-04-03T06:40:30.094+0600][22.856s][info][gc,stats    ] Pause Init Mark (N)            =    0.002 s (a =      166 us) (n =    14) (lvls, us =       96,      100,      119,      148,      688)
[2026-04-03T06:40:30.094+0600][22.856s][info][gc,stats    ]   Update Region States         =    0.000 s (a =       32 us) (n =    14) (lvls, us =       22,       23,       30,       34,       44)
[2026-04-03T06:40:30.094+0600][22.856s][info][gc,stats    ] Concurrent Mark Roots          =    0.016 s (a =     1109 us) (n =    14) (lvls, us =      639,      711,      822,      949,     3268)
[2026-04-03T06:40:30.094+0600][22.856s][info][gc,stats    ]   CMR: <total>                 =    0.025 s (a =     1795 us) (n =    14) (lvls, us =      836,      996,     1250,     1699,     4471)
[2026-04-03T06:40:30.094+0600][22.856s][info][gc,stats    ]   CMR: Thread Roots            =    0.020 s (a =     1430 us) (n =    14) (lvls, us =      676,      813,     1035,     1426,     3303)
[2026-04-03T06:40:30.094+0600][22.856s][info][gc,stats    ]   CMR: VM Strong Roots         =    0.001 s (a =       98 us) (n =    14) (lvls, us =       15,       21,       29,       94,      331)
[2026-04-03T06:40:30.094+0600][22.856s][info][gc,stats    ]   CMR: CLDG Roots              =    0.004 s (a =      267 us) (n =    14) (lvls, us =      125,      143,      211,      248,      838)
[2026-04-03T06:40:30.094+0600][22.856s][info][gc,stats    ] Concurrent Marking             =    0.900 s (a =    64255 us) (n =    14) (lvls, us =     9434,    12500,    64844,    72070,   136246)
[2026-04-03T06:40:30.094+0600][22.856s][info][gc,stats    ] Pause Final Mark (G)           =    0.015 s (a =     1058 us) (n =    14) (lvls, us =      672,      744,      963,     1113,     1777)
[2026-04-03T06:40:30.094+0600][22.856s][info][gc,stats    ] Pause Final Mark (N)           =    0.011 s (a =      812 us) (n =    14) (lvls, us =      529,      572,      672,      857,     1415)
[2026-04-03T06:40:30.094+0600][22.856s][info][gc,stats    ]   Finish Mark                  =    0.005 s (a =      358 us) (n =    14) (lvls, us =      238,      258,      314,      344,      861)
[2026-04-03T06:40:30.094+0600][22.856s][info][gc,stats    ]   Update Region States         =    0.001 s (a =       61 us) (n =    14) (lvls, us =       36,       43,       51,       60,      107)
[2026-04-03T06:40:30.094+0600][22.856s][info][gc,stats    ]   Choose Collection Set        =    0.003 s (a =      209 us) (n =    14) (lvls, us =       83,      100,      148,      236,      628)
[2026-04-03T06:40:30.094+0600][22.856s][info][gc,stats    ]   Rebuild Free Set             =    0.001 s (a =       41 us) (n =    14) (lvls, us =       28,       30,       40,       42,       64)
[2026-04-03T06:40:30.094+0600][22.856s][info][gc,stats    ] Concurrent Thread Roots        =    0.008 s (a =      750 us) (n =    10) (lvls, us =      443,      451,      506,      684,     2455)
[2026-04-03T06:40:30.094+0600][22.856s][info][gc,stats    ]   CTR: <total>                 =    0.012 s (a =     1239 us) (n =    10) (lvls, us =      344,      635,      801,     1055,     4609)
[2026-04-03T06:40:30.094+0600][22.856s][info][gc,stats    ]   CTR: Thread Roots            =    0.012 s (a =     1239 us) (n =    10) (lvls, us =      344,      635,      801,     1055,     4609)
[2026-04-03T06:40:30.094+0600][22.856s][info][gc,stats    ] Concurrent Weak References     =    0.009 s (a =      619 us) (n =    14) (lvls, us =      295,      391,      451,      635,     1927)
[2026-04-03T06:40:30.094+0600][22.856s][info][gc,stats    ]   CWRF: <total>                =    0.007 s (a =      471 us) (n =    14) (lvls, us =      119,      193,      285,      449,     1779)
[2026-04-03T06:40:30.094+0600][22.856s][info][gc,stats    ]   CWRF: Weak References        =    0.007 s (a =      471 us) (n =    14) (lvls, us =      119,      193,      285,      449,     1779)
[2026-04-03T06:40:30.094+0600][22.856s][info][gc,stats    ] Concurrent Weak Roots          =    0.028 s (a =     2008 us) (n =    14) (lvls, us =     1309,     1543,     1797,     2129,     3414)
[2026-04-03T06:40:30.094+0600][22.856s][info][gc,stats    ]   Roots                        =    0.023 s (a =     1667 us) (n =    14) (lvls, us =     1035,     1348,     1445,     1816,     2851)
[2026-04-03T06:40:30.094+0600][22.856s][info][gc,stats    ]     CWR: <total>               =    0.057 s (a =     4080 us) (n =    14) (lvls, us =     2402,     3047,     3652,     4336,     7369)
[2026-04-03T06:40:30.094+0600][22.856s][info][gc,stats    ]     CWR: Code Cache Roots      =    0.031 s (a =     2205 us) (n =    14) (lvls, us =      959,     1543,     1855,     2578,     3534)
[2026-04-03T06:40:30.094+0600][22.856s][info][gc,stats    ]     CWR: VM Weak Roots         =    0.025 s (a =     1808 us) (n =    14) (lvls, us =      789,     1152,     1504,     1895,     3904)
[2026-04-03T06:40:30.094+0600][22.856s][info][gc,stats    ]     CWR: CLDG Roots            =    0.001 s (a =       68 us) (n =    14) (lvls, us =       15,       29,       69,       81,      135)
[2026-04-03T06:40:30.094+0600][22.856s][info][gc,stats    ]   Rendezvous                   =    0.004 s (a =      252 us) (n =    14) (lvls, us =       78,      125,      193,      281,      727)
[2026-04-03T06:40:30.094+0600][22.856s][info][gc,stats    ] Concurrent Cleanup             =    0.007 s (a =      510 us) (n =    14) (lvls, us =      209,      271,      596,      656,      754)
[2026-04-03T06:40:30.094+0600][22.856s][info][gc,stats    ] Concurrent Class Unloading     =    0.124 s (a =     8859 us) (n =    14) (lvls, us =     2402,     3535,     4824,    12891,    18216)
[2026-04-03T06:40:30.094+0600][22.856s][info][gc,stats    ]   Unlink Stale                 =    0.107 s (a =     7607 us) (n =    14) (lvls, us =     1523,     3125,     4336,    11914,    16438)
[2026-04-03T06:40:30.094+0600][22.856s][info][gc,stats    ]     System Dictionary          =    0.002 s (a =      160 us) (n =    14) (lvls, us =       42,       54,      117,      205,      357)
[2026-04-03T06:40:30.094+0600][22.856s][info][gc,stats    ]     Weak Class Links           =    0.052 s (a =     3693 us) (n =    14) (lvls, us =        0,        0,        0,     8184,    11047)
[2026-04-03T06:40:30.094+0600][22.856s][info][gc,stats    ]     Code Roots                 =    0.053 s (a =     3751 us) (n =    14) (lvls, us =     1465,     3066,     3652,     4199,     5485)
[2026-04-03T06:40:30.094+0600][22.856s][info][gc,stats    ]   Rendezvous                   =    0.003 s (a =      206 us) (n =    14) (lvls, us =      117,      139,      209,      238,      293)
[2026-04-03T06:40:30.094+0600][22.856s][info][gc,stats    ]   Purge Unlinked               =    0.013 s (a =      937 us) (n =    14) (lvls, us =       29,      145,      461,      756,     5248)
[2026-04-03T06:40:30.094+0600][22.856s][info][gc,stats    ]     Code Roots                 =    0.012 s (a =      841 us) (n =    14) (lvls, us =       18,      137,      414,      705,     5185)
[2026-04-03T06:40:30.094+0600][22.856s][info][gc,stats    ]     CLDG                       =    0.001 s (a =       96 us) (n =    14) (lvls, us =        7,        9,       12,       42,      477)
[2026-04-03T06:40:30.094+0600][22.856s][info][gc,stats    ]     Exception Caches           =    0.000 s (a =        0 us) (n =    14) (lvls, us =        0,        0,        0,        0,        1)
[2026-04-03T06:40:30.094+0600][22.856s][info][gc,stats    ] Concurrent Strong Roots        =    0.013 s (a =     1294 us) (n =    10) (lvls, us =      516,      750,     1035,     1504,     2191)
[2026-04-03T06:40:30.094+0600][22.856s][info][gc,stats    ]   CSR: <total>                 =    0.010 s (a =     1014 us) (n =    10) (lvls, us =      334,      545,      811,     1211,     1809)
[2026-04-03T06:40:30.094+0600][22.856s][info][gc,stats    ]   CSR: VM Strong Roots         =    0.000 s (a =       34 us) (n =    10) (lvls, us =       17,       24,       29,       38,       56)
[2026-04-03T06:40:30.094+0600][22.856s][info][gc,stats    ]   CSR: CLDG Roots              =    0.010 s (a =      980 us) (n =    10) (lvls, us =      318,      516,      785,     1152,     1767)
[2026-04-03T06:40:30.094+0600][22.856s][info][gc,stats    ] Concurrent Evacuation          =    0.249 s (a =    24869 us) (n =    10) (lvls, us =     1523,     3184,     5312,    21680,    88891)
[2026-04-03T06:40:30.094+0600][22.856s][info][gc,stats    ] Pause Final Roots (G)          =    0.001 s (a =      329 us) (n =     4) (lvls, us =      234,      234,      352,      355,      370)
[2026-04-03T06:40:30.094+0600][22.856s][info][gc,stats    ] Pause Final Roots (N)          =    0.000 s (a =       76 us) (n =     4) (lvls, us =       61,       61,       64,       67,      111)
[2026-04-03T06:40:30.094+0600][22.856s][info][gc,stats    ] Pause Init Update Refs (G)     =    0.004 s (a =      352 us) (n =    10) (lvls, us =      209,      283,      330,      396,      450)
[2026-04-03T06:40:30.094+0600][22.856s][info][gc,stats    ] Pause Init Update Refs (N)     =    0.001 s (a =      111 us) (n =    10) (lvls, us =       80,       84,      107,      113,      146)
[2026-04-03T06:40:30.094+0600][22.856s][info][gc,stats    ]   Manage GCLABs                =    0.000 s (a =       15 us) (n =    10) (lvls, us =        7,        8,       14,       16,       28)
[2026-04-03T06:40:30.094+0600][22.856s][info][gc,stats    ] Concurrent Update Refs         =    0.585 s (a =    58463 us) (n =    10) (lvls, us =     3652,     7344,    53711,    76172,   138749)
[2026-04-03T06:40:30.094+0600][22.856s][info][gc,stats    ] Concurrent Update Thread Roots =    0.008 s (a =      824 us) (n =    10) (lvls, us =      531,      602,      727,      920,     1411)
[2026-04-03T06:40:30.094+0600][22.856s][info][gc,stats    ] Pause Final Update Refs (G)    =    0.004 s (a =      442 us) (n =    10) (lvls, us =      193,      299,      449,      477,      622)
[2026-04-03T06:40:30.094+0600][22.856s][info][gc,stats    ] Pause Final Update Refs (N)    =    0.002 s (a =      212 us) (n =    10) (lvls, us =      143,      148,      184,      205,      388)
[2026-04-03T06:40:30.094+0600][22.856s][info][gc,stats    ]   Update Region States         =    0.001 s (a =       63 us) (n =    10) (lvls, us =       43,       45,       55,       61,      101)
[2026-04-03T06:40:30.094+0600][22.856s][info][gc,stats    ]   Trash Collection Set         =    0.000 s (a =       12 us) (n =    10) (lvls, us =        5,        8,       10,       14,       20)
[2026-04-03T06:40:30.094+0600][22.856s][info][gc,stats    ]   Rebuild Free Set             =    0.000 s (a =       38 us) (n =    10) (lvls, us =       28,       31,       36,       39,       54)
[2026-04-03T06:40:30.094+0600][22.856s][info][gc,stats    ] Concurrent Cleanup             =    0.006 s (a =      570 us) (n =    10) (lvls, us =      271,      293,      535,      762,      866)
[2026-04-03T06:40:30.094+0600][22.856s][info][gc,stats    ] Concurrent Uncommit            =    0.308 s (a =   102540 us) (n =     3) (lvls, us =    79297,    79297,    79297,   103516,   123871)
[2026-04-03T06:40:30.094+0600][22.856s][info][gc,stats    ] 
[2026-04-03T06:40:30.094+0600][22.856s][info][gc,stats    ] 
[2026-04-03T06:40:30.094+0600][22.856s][info][gc,stats    ] Under allocation pressure, concurrent cycles may cancel, and either continue cycle
[2026-04-03T06:40:30.094+0600][22.856s][info][gc,stats    ] under stop-the-world pause or result in stop-the-world Full GC. Increase heap size,
[2026-04-03T06:40:30.094+0600][22.856s][info][gc,stats    ] tune GC heuristics, set more aggressive pacing delay, or lower allocation rate
[2026-04-03T06:40:30.094+0600][22.856s][info][gc,stats    ] to avoid Degenerated and Full GC cycles.
[2026-04-03T06:40:30.094+0600][22.856s][info][gc,stats    ] 
[2026-04-03T06:40:30.094+0600][22.856s][info][gc,stats    ]    14 successful concurrent GCs
[2026-04-03T06:40:30.094+0600][22.856s][info][gc,stats    ]       3 invoked explicitly
[2026-04-03T06:40:30.094+0600][22.856s][info][gc,stats    ]       0 invoked implicitly
[2026-04-03T06:40:30.094+0600][22.856s][info][gc,stats    ] 
[2026-04-03T06:40:30.094+0600][22.856s][info][gc,stats    ]     0 Degenerated GCs
[2026-04-03T06:40:30.094+0600][22.856s][info][gc,stats    ]       0 caused by allocation failure
[2026-04-03T06:40:30.094+0600][22.856s][info][gc,stats    ]       0 upgraded to Full GC
[2026-04-03T06:40:30.094+0600][22.856s][info][gc,stats    ] 
[2026-04-03T06:40:30.094+0600][22.856s][info][gc,stats    ]     0 Full GCs
[2026-04-03T06:40:30.094+0600][22.856s][info][gc,stats    ]       0 invoked explicitly
[2026-04-03T06:40:30.094+0600][22.856s][info][gc,stats    ]       0 invoked implicitly
[2026-04-03T06:40:30.094+0600][22.856s][info][gc,stats    ]       0 caused by allocation failure
[2026-04-03T06:40:30.094+0600][22.856s][info][gc,stats    ]       0 upgraded from Degenerated GC
[2026-04-03T06:40:30.094+0600][22.856s][info][gc,stats    ] 
[2026-04-03T06:40:30.094+0600][22.856s][info][gc,stats    ] 
