[2026-04-03T01:16:20.126+0600][0.004s][info][gc,init] CardTable entry size: 512
[2026-04-03T01:16:20.126+0600][0.004s][info][gc     ] Using G1
[2026-04-03T01:16:20.129+0600][0.007s][info][gc,init] Version: 21.0.10+7-Ubuntu-124.04 (release)
[2026-04-03T01:16:20.129+0600][0.007s][info][gc,init] CPUs: 12 total, 12 available
[2026-04-03T01:16:20.129+0600][0.007s][info][gc,init] Memory: 15683M
[2026-04-03T01:16:20.129+0600][0.007s][info][gc,init] Large Page Support: Disabled
[2026-04-03T01:16:20.129+0600][0.007s][info][gc,init] NUMA Support: Disabled
[2026-04-03T01:16:20.129+0600][0.007s][info][gc,init] Compressed Oops: Enabled (Zero based)
[2026-04-03T01:16:20.129+0600][0.007s][info][gc,init] Heap Region Size: 2M
[2026-04-03T01:16:20.129+0600][0.007s][info][gc,init] Heap Min Capacity: 8M
[2026-04-03T01:16:20.129+0600][0.007s][info][gc,init] Heap Initial Capacity: 246M
[2026-04-03T01:16:20.129+0600][0.007s][info][gc,init] Heap Max Capacity: 3922M
[2026-04-03T01:16:20.129+0600][0.007s][info][gc,init] Pre-touch: Disabled
[2026-04-03T01:16:20.129+0600][0.007s][info][gc,init] Parallel Workers: 10
[2026-04-03T01:16:20.129+0600][0.007s][info][gc,init] Concurrent Workers: 3
[2026-04-03T01:16:20.129+0600][0.007s][info][gc,init] Concurrent Refinement Workers: 10
[2026-04-03T01:16:20.129+0600][0.007s][info][gc,init] Periodic GC: Disabled
[2026-04-03T01:16:20.141+0600][0.020s][info][gc,metaspace] CDS archive(s) mapped at: [0x00007730f7000000-0x00007730f7c9c000-0x00007730f7c9c000), size 13221888, SharedBaseAddress: 0x00007730f7000000, ArchiveRelocationMode: 1.
[2026-04-03T01:16:20.141+0600][0.020s][info][gc,metaspace] Compressed class space mapped at: 0x00007730f8000000-0x0000773138000000, reserved size: 1073741824
[2026-04-03T01:16:20.141+0600][0.020s][info][gc,metaspace] Narrow klass base: 0x00007730f7000000, Narrow klass shift: 0, Narrow klass range: 0x100000000
[2026-04-03T01:16:20.876+0600][0.754s][info][gc,start    ] GC(0) Pause Full (System.gc())
[2026-04-03T01:16:20.877+0600][0.756s][info][gc,task     ] GC(0) Using 5 workers of 10 for full compaction
[2026-04-03T01:16:20.878+0600][0.756s][info][gc,phases,start] GC(0) Phase 1: Mark live objects
[2026-04-03T01:16:20.882+0600][0.760s][info][gc,phases      ] GC(0) Phase 1: Mark live objects 4.252ms
[2026-04-03T01:16:20.882+0600][0.760s][info][gc,phases,start] GC(0) Phase 2: Prepare compaction
[2026-04-03T01:16:20.883+0600][0.761s][info][gc,phases      ] GC(0) Phase 2: Prepare compaction 0.959ms
[2026-04-03T01:16:20.883+0600][0.761s][info][gc,phases,start] GC(0) Phase 3: Adjust pointers
[2026-04-03T01:16:20.885+0600][0.763s][info][gc,phases      ] GC(0) Phase 3: Adjust pointers 1.870ms
[2026-04-03T01:16:20.885+0600][0.763s][info][gc,phases,start] GC(0) Phase 4: Compact heap
[2026-04-03T01:16:20.887+0600][0.765s][info][gc,phases      ] GC(0) Phase 4: Compact heap 2.221ms
[2026-04-03T01:16:20.887+0600][0.765s][info][gc,phases,start] GC(0) Phase 5: Reset Metadata
[2026-04-03T01:16:20.887+0600][0.766s][info][gc,phases      ] GC(0) Phase 5: Reset Metadata 0.294ms
[2026-04-03T01:16:20.891+0600][0.769s][info][gc,heap        ] GC(0) Eden regions: 9->0(5)
[2026-04-03T01:16:20.891+0600][0.769s][info][gc,heap        ] GC(0) Survivor regions: 0->0(0)
[2026-04-03T01:16:20.891+0600][0.769s][info][gc,heap        ] GC(0) Old regions: 1->5
[2026-04-03T01:16:20.891+0600][0.769s][info][gc,heap        ] GC(0) Humongous regions: 0->0
[2026-04-03T01:16:20.891+0600][0.769s][info][gc,metaspace   ] GC(0) Metaspace: 6061K(6272K)->6061K(6272K) NonClass: 5241K(5312K)->5241K(5312K) Class: 820K(960K)->820K(960K)
[2026-04-03T01:16:20.891+0600][0.769s][info][gc             ] GC(0) Pause Full (System.gc()) 18M->3M(34M) 14.889ms
[2026-04-03T01:16:20.891+0600][0.769s][info][gc,cpu         ] GC(0) User=0.04s Sys=0.02s Real=0.02s
[2026-04-03T01:16:21.096+0600][0.974s][info][gc,start       ] GC(1) Pause Young (Normal) (G1 Evacuation Pause)
[2026-04-03T01:16:21.097+0600][0.976s][info][gc,task        ] GC(1) Using 10 workers of 10 for evacuation
[2026-04-03T01:16:21.103+0600][0.982s][info][gc,phases      ] GC(1)   Pre Evacuate Collection Set: 0.21ms
[2026-04-03T01:16:21.103+0600][0.982s][info][gc,phases      ] GC(1)   Merge Heap Roots: 0.28ms
[2026-04-03T01:16:21.103+0600][0.982s][info][gc,phases      ] GC(1)   Evacuate Collection Set: 4.91ms
[2026-04-03T01:16:21.103+0600][0.982s][info][gc,phases      ] GC(1)   Post Evacuate Collection Set: 0.42ms
[2026-04-03T01:16:21.103+0600][0.982s][info][gc,phases      ] GC(1)   Other: 1.27ms
[2026-04-03T01:16:21.103+0600][0.982s][info][gc,heap        ] GC(1) Eden regions: 5->0(3)
[2026-04-03T01:16:21.103+0600][0.982s][info][gc,heap        ] GC(1) Survivor regions: 0->1(1)
[2026-04-03T01:16:21.103+0600][0.982s][info][gc,heap        ] GC(1) Old regions: 5->6
[2026-04-03T01:16:21.103+0600][0.982s][info][gc,heap        ] GC(1) Humongous regions: 0->0
[2026-04-03T01:16:21.103+0600][0.982s][info][gc,metaspace   ] GC(1) Metaspace: 7132K(7424K)->7132K(7424K) NonClass: 6178K(6336K)->6178K(6336K) Class: 953K(1088K)->953K(1088K)
[2026-04-03T01:16:21.103+0600][0.982s][info][gc             ] GC(1) Pause Young (Normal) (G1 Evacuation Pause) 13M->6M(34M) 7.446ms
[2026-04-03T01:16:21.103+0600][0.982s][info][gc,cpu         ] GC(1) User=0.03s Sys=0.01s Real=0.01s
[2026-04-03T01:16:21.212+0600][1.090s][info][gc,start       ] GC(2) Pause Young (Normal) (G1 Evacuation Pause)
[2026-04-03T01:16:21.212+0600][1.090s][info][gc,task        ] GC(2) Using 10 workers of 10 for evacuation
[2026-04-03T01:16:21.215+0600][1.094s][info][gc,phases      ] GC(2)   Pre Evacuate Collection Set: 0.20ms
[2026-04-03T01:16:21.215+0600][1.094s][info][gc,phases      ] GC(2)   Merge Heap Roots: 0.09ms
[2026-04-03T01:16:21.215+0600][1.094s][info][gc,phases      ] GC(2)   Evacuate Collection Set: 2.56ms
[2026-04-03T01:16:21.215+0600][1.094s][info][gc,phases      ] GC(2)   Post Evacuate Collection Set: 0.37ms
[2026-04-03T01:16:21.215+0600][1.094s][info][gc,phases      ] GC(2)   Other: 0.09ms
[2026-04-03T01:16:21.215+0600][1.094s][info][gc,heap        ] GC(2) Eden regions: 3->0(3)
[2026-04-03T01:16:21.215+0600][1.094s][info][gc,heap        ] GC(2) Survivor regions: 1->1(1)
[2026-04-03T01:16:21.215+0600][1.094s][info][gc,heap        ] GC(2) Old regions: 6->7
[2026-04-03T01:16:21.215+0600][1.094s][info][gc,heap        ] GC(2) Humongous regions: 0->0
[2026-04-03T01:16:21.215+0600][1.094s][info][gc,metaspace   ] GC(2) Metaspace: 7289K(7552K)->7289K(7552K) NonClass: 6334K(6464K)->6334K(6464K) Class: 954K(1088K)->954K(1088K)
[2026-04-03T01:16:21.215+0600][1.094s][info][gc             ] GC(2) Pause Young (Normal) (G1 Evacuation Pause) 12M->8M(34M) 3.548ms
[2026-04-03T01:16:21.216+0600][1.094s][info][gc,cpu         ] GC(2) User=0.02s Sys=0.00s Real=0.00s
[2026-04-03T01:16:21.280+0600][1.158s][info][gc,start       ] GC(3) Pause Young (Normal) (G1 Evacuation Pause)
[2026-04-03T01:16:21.280+0600][1.158s][info][gc,task        ] GC(3) Using 10 workers of 10 for evacuation
[2026-04-03T01:16:21.283+0600][1.161s][info][gc,phases      ] GC(3)   Pre Evacuate Collection Set: 0.22ms
[2026-04-03T01:16:21.283+0600][1.161s][info][gc,phases      ] GC(3)   Merge Heap Roots: 0.25ms
[2026-04-03T01:16:21.283+0600][1.161s][info][gc,phases      ] GC(3)   Evacuate Collection Set: 2.13ms
[2026-04-03T01:16:21.283+0600][1.161s][info][gc,phases      ] GC(3)   Post Evacuate Collection Set: 0.35ms
[2026-04-03T01:16:21.283+0600][1.161s][info][gc,phases      ] GC(3)   Other: 0.08ms
[2026-04-03T01:16:21.283+0600][1.161s][info][gc,heap        ] GC(3) Eden regions: 3->0(4)
[2026-04-03T01:16:21.283+0600][1.161s][info][gc,heap        ] GC(3) Survivor regions: 1->1(1)
[2026-04-03T01:16:21.283+0600][1.161s][info][gc,heap        ] GC(3) Old regions: 7->7
[2026-04-03T01:16:21.283+0600][1.161s][info][gc,heap        ] GC(3) Humongous regions: 0->0
[2026-04-03T01:16:21.283+0600][1.161s][info][gc,metaspace   ] GC(3) Metaspace: 7374K(7616K)->7374K(7616K) NonClass: 6419K(6528K)->6419K(6528K) Class: 955K(1088K)->955K(1088K)
[2026-04-03T01:16:21.283+0600][1.161s][info][gc             ] GC(3) Pause Young (Normal) (G1 Evacuation Pause) 14M->8M(34M) 3.294ms
[2026-04-03T01:16:21.283+0600][1.162s][info][gc,cpu         ] GC(3) User=0.02s Sys=0.01s Real=0.00s
[2026-04-03T01:16:21.349+0600][1.227s][info][gc,start       ] GC(4) Pause Young (Normal) (G1 Evacuation Pause)
[2026-04-03T01:16:21.349+0600][1.227s][info][gc,task        ] GC(4) Using 10 workers of 10 for evacuation
[2026-04-03T01:16:21.351+0600][1.230s][info][gc,phases      ] GC(4)   Pre Evacuate Collection Set: 0.29ms
[2026-04-03T01:16:21.351+0600][1.230s][info][gc,phases      ] GC(4)   Merge Heap Roots: 0.10ms
[2026-04-03T01:16:21.351+0600][1.230s][info][gc,phases      ] GC(4)   Evacuate Collection Set: 1.44ms
[2026-04-03T01:16:21.351+0600][1.230s][info][gc,phases      ] GC(4)   Post Evacuate Collection Set: 0.61ms
[2026-04-03T01:16:21.351+0600][1.230s][info][gc,phases      ] GC(4)   Other: 0.08ms
[2026-04-03T01:16:21.352+0600][1.230s][info][gc,heap        ] GC(4) Eden regions: 4->0(35)
[2026-04-03T01:16:21.352+0600][1.230s][info][gc,heap        ] GC(4) Survivor regions: 1->1(1)
[2026-04-03T01:16:21.352+0600][1.230s][info][gc,heap        ] GC(4) Old regions: 7->8
[2026-04-03T01:16:21.352+0600][1.230s][info][gc,heap        ] GC(4) Humongous regions: 0->0
[2026-04-03T01:16:21.352+0600][1.230s][info][gc,metaspace   ] GC(4) Metaspace: 7413K(7616K)->7413K(7616K) NonClass: 6458K(6528K)->6458K(6528K) Class: 955K(1088K)->955K(1088K)
[2026-04-03T01:16:21.352+0600][1.230s][info][gc             ] GC(4) Pause Young (Normal) (G1 Evacuation Pause) 16M->10M(140M) 2.783ms
[2026-04-03T01:16:21.352+0600][1.230s][info][gc,cpu         ] GC(4) User=0.02s Sys=0.01s Real=0.01s
[2026-04-03T01:16:21.742+0600][1.620s][info][gc,start       ] GC(5) Pause Young (Normal) (G1 Evacuation Pause)
[2026-04-03T01:16:21.742+0600][1.621s][info][gc,task        ] GC(5) Using 10 workers of 10 for evacuation
[2026-04-03T01:16:21.746+0600][1.624s][info][gc,phases      ] GC(5)   Pre Evacuate Collection Set: 0.30ms
[2026-04-03T01:16:21.746+0600][1.624s][info][gc,phases      ] GC(5)   Merge Heap Roots: 0.21ms
[2026-04-03T01:16:21.746+0600][1.624s][info][gc,phases      ] GC(5)   Evacuate Collection Set: 2.63ms
[2026-04-03T01:16:21.746+0600][1.624s][info][gc,phases      ] GC(5)   Post Evacuate Collection Set: 0.50ms
[2026-04-03T01:16:21.746+0600][1.624s][info][gc,phases      ] GC(5)   Other: 0.14ms
[2026-04-03T01:16:21.746+0600][1.625s][info][gc,heap        ] GC(5) Eden regions: 35->0(40)
[2026-04-03T01:16:21.746+0600][1.625s][info][gc,heap        ] GC(5) Survivor regions: 1->2(5)
[2026-04-03T01:16:21.746+0600][1.625s][info][gc,heap        ] GC(5) Old regions: 8->8
[2026-04-03T01:16:21.746+0600][1.625s][info][gc,heap        ] GC(5) Humongous regions: 0->0
[2026-04-03T01:16:21.746+0600][1.625s][info][gc,metaspace   ] GC(5) Metaspace: 7537K(7808K)->7537K(7808K) NonClass: 6580K(6720K)->6580K(6720K) Class: 957K(1088K)->957K(1088K)
[2026-04-03T01:16:21.746+0600][1.625s][info][gc             ] GC(5) Pause Young (Normal) (G1 Evacuation Pause) 80M->11M(140M) 4.165ms
[2026-04-03T01:16:21.746+0600][1.625s][info][gc,cpu         ] GC(5) User=0.02s Sys=0.01s Real=0.00s
[2026-04-03T01:16:22.123+0600][2.002s][info][gc,start       ] GC(6) Pause Young (Normal) (G1 Evacuation Pause)
[2026-04-03T01:16:22.123+0600][2.002s][info][gc,task        ] GC(6) Using 10 workers of 10 for evacuation
[2026-04-03T01:16:22.127+0600][2.005s][info][gc,phases      ] GC(6)   Pre Evacuate Collection Set: 0.32ms
[2026-04-03T01:16:22.127+0600][2.005s][info][gc,phases      ] GC(6)   Merge Heap Roots: 0.12ms
[2026-04-03T01:16:22.127+0600][2.005s][info][gc,phases      ] GC(6)   Evacuate Collection Set: 2.39ms
[2026-04-03T01:16:22.127+0600][2.005s][info][gc,phases      ] GC(6)   Post Evacuate Collection Set: 0.47ms
[2026-04-03T01:16:22.127+0600][2.005s][info][gc,phases      ] GC(6)   Other: 0.12ms
[2026-04-03T01:16:22.127+0600][2.005s][info][gc,heap        ] GC(6) Eden regions: 40->0(40)
[2026-04-03T01:16:22.127+0600][2.005s][info][gc,heap        ] GC(6) Survivor regions: 2->2(6)
[2026-04-03T01:16:22.127+0600][2.005s][info][gc,heap        ] GC(6) Old regions: 8->8
[2026-04-03T01:16:22.127+0600][2.005s][info][gc,heap        ] GC(6) Humongous regions: 0->0
[2026-04-03T01:16:22.127+0600][2.005s][info][gc,metaspace   ] GC(6) Metaspace: 7622K(7872K)->7622K(7872K) NonClass: 6664K(6784K)->6664K(6784K) Class: 957K(1088K)->957K(1088K)
[2026-04-03T01:16:22.127+0600][2.005s][info][gc             ] GC(6) Pause Young (Normal) (G1 Evacuation Pause) 91M->11M(140M) 3.725ms
[2026-04-03T01:16:22.127+0600][2.005s][info][gc,cpu         ] GC(6) User=0.03s Sys=0.00s Real=0.00s
[2026-04-03T01:16:22.373+0600][2.251s][info][gc,start       ] GC(7) Pause Young (Normal) (G1 Evacuation Pause)
[2026-04-03T01:16:22.373+0600][2.251s][info][gc,task        ] GC(7) Using 10 workers of 10 for evacuation
[2026-04-03T01:16:22.375+0600][2.254s][info][gc,phases      ] GC(7)   Pre Evacuate Collection Set: 0.26ms
[2026-04-03T01:16:22.375+0600][2.254s][info][gc,phases      ] GC(7)   Merge Heap Roots: 0.11ms
[2026-04-03T01:16:22.375+0600][2.254s][info][gc,phases      ] GC(7)   Evacuate Collection Set: 1.22ms
[2026-04-03T01:16:22.375+0600][2.254s][info][gc,phases      ] GC(7)   Post Evacuate Collection Set: 0.41ms
[2026-04-03T01:16:22.375+0600][2.254s][info][gc,phases      ] GC(7)   Other: 0.10ms
[2026-04-03T01:16:22.375+0600][2.254s][info][gc,heap        ] GC(7) Eden regions: 40->0(40)
[2026-04-03T01:16:22.375+0600][2.254s][info][gc,heap        ] GC(7) Survivor regions: 2->2(6)
[2026-04-03T01:16:22.375+0600][2.254s][info][gc,heap        ] GC(7) Old regions: 8->8
[2026-04-03T01:16:22.375+0600][2.254s][info][gc,heap        ] GC(7) Humongous regions: 0->0
[2026-04-03T01:16:22.375+0600][2.254s][info][gc,metaspace   ] GC(7) Metaspace: 7734K(8000K)->7734K(8000K) NonClass: 6776K(6912K)->6776K(6912K) Class: 957K(1088K)->957K(1088K)
[2026-04-03T01:16:22.375+0600][2.254s][info][gc             ] GC(7) Pause Young (Normal) (G1 Evacuation Pause) 91M->11M(140M) 2.357ms
[2026-04-03T01:16:22.375+0600][2.254s][info][gc,cpu         ] GC(7) User=0.01s Sys=0.00s Real=0.00s
[2026-04-03T01:16:22.606+0600][2.485s][info][gc,start       ] GC(8) Pause Young (Normal) (G1 Evacuation Pause)
[2026-04-03T01:16:22.606+0600][2.485s][info][gc,task        ] GC(8) Using 10 workers of 10 for evacuation
[2026-04-03T01:16:22.609+0600][2.487s][info][gc,phases      ] GC(8)   Pre Evacuate Collection Set: 0.22ms
[2026-04-03T01:16:22.609+0600][2.487s][info][gc,phases      ] GC(8)   Merge Heap Roots: 0.21ms
[2026-04-03T01:16:22.609+0600][2.487s][info][gc,phases      ] GC(8)   Evacuate Collection Set: 1.19ms
[2026-04-03T01:16:22.609+0600][2.487s][info][gc,phases      ] GC(8)   Post Evacuate Collection Set: 0.45ms
[2026-04-03T01:16:22.609+0600][2.487s][info][gc,phases      ] GC(8)   Other: 0.12ms
[2026-04-03T01:16:22.609+0600][2.487s][info][gc,heap        ] GC(8) Eden regions: 40->0(40)
[2026-04-03T01:16:22.609+0600][2.487s][info][gc,heap        ] GC(8) Survivor regions: 2->2(6)
[2026-04-03T01:16:22.609+0600][2.487s][info][gc,heap        ] GC(8) Old regions: 8->8
[2026-04-03T01:16:22.609+0600][2.487s][info][gc,heap        ] GC(8) Humongous regions: 0->0
[2026-04-03T01:16:22.609+0600][2.487s][info][gc,metaspace   ] GC(8) Metaspace: 7824K(8128K)->7824K(8128K) NonClass: 6866K(7040K)->6866K(7040K) Class: 957K(1088K)->957K(1088K)
[2026-04-03T01:16:22.609+0600][2.487s][info][gc             ] GC(8) Pause Young (Normal) (G1 Evacuation Pause) 91M->11M(140M) 2.561ms
[2026-04-03T01:16:22.609+0600][2.487s][info][gc,cpu         ] GC(8) User=0.02s Sys=0.01s Real=0.00s
[2026-04-03T01:16:22.851+0600][2.730s][info][gc,start       ] GC(9) Pause Young (Normal) (G1 Evacuation Pause)
[2026-04-03T01:16:22.852+0600][2.730s][info][gc,task        ] GC(9) Using 10 workers of 10 for evacuation
[2026-04-03T01:16:22.855+0600][2.733s][info][gc,phases      ] GC(9)   Pre Evacuate Collection Set: 0.35ms
[2026-04-03T01:16:22.855+0600][2.734s][info][gc,phases      ] GC(9)   Merge Heap Roots: 0.17ms
[2026-04-03T01:16:22.855+0600][2.734s][info][gc,phases      ] GC(9)   Evacuate Collection Set: 2.30ms
[2026-04-03T01:16:22.855+0600][2.734s][info][gc,phases      ] GC(9)   Post Evacuate Collection Set: 0.53ms
[2026-04-03T01:16:22.855+0600][2.734s][info][gc,phases      ] GC(9)   Other: 0.18ms
[2026-04-03T01:16:22.855+0600][2.734s][info][gc,heap        ] GC(9) Eden regions: 40->0(40)
[2026-04-03T01:16:22.855+0600][2.734s][info][gc,heap        ] GC(9) Survivor regions: 2->2(6)
[2026-04-03T01:16:22.855+0600][2.734s][info][gc,heap        ] GC(9) Old regions: 8->8
[2026-04-03T01:16:22.855+0600][2.734s][info][gc,heap        ] GC(9) Humongous regions: 0->0
[2026-04-03T01:16:22.855+0600][2.734s][info][gc,metaspace   ] GC(9) Metaspace: 7907K(8128K)->7907K(8128K) NonClass: 6949K(7040K)->6949K(7040K) Class: 957K(1088K)->957K(1088K)
[2026-04-03T01:16:22.855+0600][2.734s][info][gc             ] GC(9) Pause Young (Normal) (G1 Evacuation Pause) 91M->11M(140M) 4.001ms
[2026-04-03T01:16:22.855+0600][2.734s][info][gc,cpu         ] GC(9) User=0.03s Sys=0.01s Real=0.00s
[2026-04-03T01:16:23.095+0600][2.973s][info][gc,start       ] GC(10) Pause Young (Normal) (G1 Evacuation Pause)
[2026-04-03T01:16:23.095+0600][2.973s][info][gc,task        ] GC(10) Using 10 workers of 10 for evacuation
[2026-04-03T01:16:23.098+0600][2.976s][info][gc,phases      ] GC(10)   Pre Evacuate Collection Set: 0.30ms
[2026-04-03T01:16:23.098+0600][2.976s][info][gc,phases      ] GC(10)   Merge Heap Roots: 0.16ms
[2026-04-03T01:16:23.098+0600][2.976s][info][gc,phases      ] GC(10)   Evacuate Collection Set: 1.70ms
[2026-04-03T01:16:23.098+0600][2.976s][info][gc,phases      ] GC(10)   Post Evacuate Collection Set: 0.45ms
[2026-04-03T01:16:23.098+0600][2.976s][info][gc,phases      ] GC(10)   Other: 0.13ms
[2026-04-03T01:16:23.098+0600][2.976s][info][gc,heap        ] GC(10) Eden regions: 40->0(40)
[2026-04-03T01:16:23.098+0600][2.976s][info][gc,heap        ] GC(10) Survivor regions: 2->2(6)
[2026-04-03T01:16:23.098+0600][2.976s][info][gc,heap        ] GC(10) Old regions: 8->8
[2026-04-03T01:16:23.098+0600][2.976s][info][gc,heap        ] GC(10) Humongous regions: 0->0
[2026-04-03T01:16:23.098+0600][2.976s][info][gc,metaspace   ] GC(10) Metaspace: 7947K(8256K)->7947K(8256K) NonClass: 6989K(7168K)->6989K(7168K) Class: 957K(1088K)->957K(1088K)
[2026-04-03T01:16:23.098+0600][2.976s][info][gc             ] GC(10) Pause Young (Normal) (G1 Evacuation Pause) 91M->11M(140M) 3.234ms
[2026-04-03T01:16:23.098+0600][2.976s][info][gc,cpu         ] GC(10) User=0.02s Sys=0.00s Real=0.00s
[2026-04-03T01:16:23.265+0600][3.144s][info][gc,start       ] GC(11) Pause Young (Normal) (G1 Evacuation Pause)
[2026-04-03T01:16:23.265+0600][3.144s][info][gc,task        ] GC(11) Using 10 workers of 10 for evacuation
[2026-04-03T01:16:23.268+0600][3.146s][info][gc,phases      ] GC(11)   Pre Evacuate Collection Set: 0.26ms
[2026-04-03T01:16:23.268+0600][3.146s][info][gc,phases      ] GC(11)   Merge Heap Roots: 0.16ms
[2026-04-03T01:16:23.268+0600][3.146s][info][gc,phases      ] GC(11)   Evacuate Collection Set: 1.16ms
[2026-04-03T01:16:23.268+0600][3.146s][info][gc,phases      ] GC(11)   Post Evacuate Collection Set: 0.42ms
[2026-04-03T01:16:23.268+0600][3.146s][info][gc,phases      ] GC(11)   Other: 0.10ms
[2026-04-03T01:16:23.268+0600][3.146s][info][gc,heap        ] GC(11) Eden regions: 40->0(40)
[2026-04-03T01:16:23.268+0600][3.146s][info][gc,heap        ] GC(11) Survivor regions: 2->2(6)
[2026-04-03T01:16:23.268+0600][3.146s][info][gc,heap        ] GC(11) Old regions: 8->8
[2026-04-03T01:16:23.268+0600][3.146s][info][gc,heap        ] GC(11) Humongous regions: 0->0
[2026-04-03T01:16:23.268+0600][3.146s][info][gc,metaspace   ] GC(11) Metaspace: 7981K(8256K)->7981K(8256K) NonClass: 7023K(7168K)->7023K(7168K) Class: 957K(1088K)->957K(1088K)
[2026-04-03T01:16:23.268+0600][3.146s][info][gc             ] GC(11) Pause Young (Normal) (G1 Evacuation Pause) 91M->11M(140M) 2.422ms
[2026-04-03T01:16:23.268+0600][3.146s][info][gc,cpu         ] GC(11) User=0.02s Sys=0.00s Real=0.00s
[2026-04-03T01:16:23.464+0600][3.342s][info][gc,start       ] GC(12) Pause Young (Normal) (G1 Evacuation Pause)
[2026-04-03T01:16:23.464+0600][3.343s][info][gc,task        ] GC(12) Using 10 workers of 10 for evacuation
[2026-04-03T01:16:23.468+0600][3.346s][info][gc,phases      ] GC(12)   Pre Evacuate Collection Set: 0.72ms
[2026-04-03T01:16:23.468+0600][3.346s][info][gc,phases      ] GC(12)   Merge Heap Roots: 0.21ms
[2026-04-03T01:16:23.468+0600][3.346s][info][gc,phases      ] GC(12)   Evacuate Collection Set: 1.63ms
[2026-04-03T01:16:23.468+0600][3.346s][info][gc,phases      ] GC(12)   Post Evacuate Collection Set: 0.83ms
[2026-04-03T01:16:23.468+0600][3.346s][info][gc,phases      ] GC(12)   Other: 0.13ms
[2026-04-03T01:16:23.468+0600][3.346s][info][gc,heap        ] GC(12) Eden regions: 40->0(48)
[2026-04-03T01:16:23.468+0600][3.346s][info][gc,heap        ] GC(12) Survivor regions: 2->2(6)
[2026-04-03T01:16:23.468+0600][3.346s][info][gc,heap        ] GC(12) Old regions: 8->8
[2026-04-03T01:16:23.468+0600][3.346s][info][gc,heap        ] GC(12) Humongous regions: 0->0
[2026-04-03T01:16:23.468+0600][3.346s][info][gc,metaspace   ] GC(12) Metaspace: 8056K(8320K)->8056K(8320K) NonClass: 7098K(7232K)->7098K(7232K) Class: 957K(1088K)->957K(1088K)
[2026-04-03T01:16:23.468+0600][3.346s][info][gc             ] GC(12) Pause Young (Normal) (G1 Evacuation Pause) 91M->11M(168M) 3.866ms
[2026-04-03T01:16:23.468+0600][3.346s][info][gc,cpu         ] GC(12) User=0.01s Sys=0.00s Real=0.00s
[2026-04-03T01:16:23.680+0600][3.559s][info][gc,start       ] GC(13) Pause Young (Normal) (G1 Evacuation Pause)
[2026-04-03T01:16:23.680+0600][3.559s][info][gc,task        ] GC(13) Using 10 workers of 10 for evacuation
[2026-04-03T01:16:23.683+0600][3.561s][info][gc,phases      ] GC(13)   Pre Evacuate Collection Set: 0.27ms
[2026-04-03T01:16:23.683+0600][3.561s][info][gc,phases      ] GC(13)   Merge Heap Roots: 0.20ms
[2026-04-03T01:16:23.683+0600][3.561s][info][gc,phases      ] GC(13)   Evacuate Collection Set: 1.69ms
[2026-04-03T01:16:23.683+0600][3.561s][info][gc,phases      ] GC(13)   Post Evacuate Collection Set: 0.47ms
[2026-04-03T01:16:23.683+0600][3.562s][info][gc,phases      ] GC(13)   Other: 0.12ms
[2026-04-03T01:16:23.683+0600][3.562s][info][gc,heap        ] GC(13) Eden regions: 48->0(48)
[2026-04-03T01:16:23.683+0600][3.562s][info][gc,heap        ] GC(13) Survivor regions: 2->2(7)
[2026-04-03T01:16:23.683+0600][3.562s][info][gc,heap        ] GC(13) Old regions: 8->8
[2026-04-03T01:16:23.683+0600][3.562s][info][gc,heap        ] GC(13) Humongous regions: 0->0
[2026-04-03T01:16:23.683+0600][3.562s][info][gc,metaspace   ] GC(13) Metaspace: 8108K(8384K)->8108K(8384K) NonClass: 7150K(7296K)->7150K(7296K) Class: 958K(1088K)->958K(1088K)
[2026-04-03T01:16:23.683+0600][3.562s][info][gc             ] GC(13) Pause Young (Normal) (G1 Evacuation Pause) 107M->11M(168M) 3.077ms
[2026-04-03T01:16:23.683+0600][3.562s][info][gc,cpu         ] GC(13) User=0.02s Sys=0.00s Real=0.00s
[2026-04-03T01:16:23.869+0600][3.747s][info][gc,start       ] GC(14) Pause Young (Normal) (G1 Evacuation Pause)
[2026-04-03T01:16:23.869+0600][3.747s][info][gc,task        ] GC(14) Using 10 workers of 10 for evacuation
[2026-04-03T01:16:23.872+0600][3.750s][info][gc,phases      ] GC(14)   Pre Evacuate Collection Set: 0.30ms
[2026-04-03T01:16:23.872+0600][3.750s][info][gc,phases      ] GC(14)   Merge Heap Roots: 0.13ms
[2026-04-03T01:16:23.872+0600][3.750s][info][gc,phases      ] GC(14)   Evacuate Collection Set: 1.48ms
[2026-04-03T01:16:23.872+0600][3.750s][info][gc,phases      ] GC(14)   Post Evacuate Collection Set: 0.48ms
[2026-04-03T01:16:23.872+0600][3.750s][info][gc,phases      ] GC(14)   Other: 0.10ms
[2026-04-03T01:16:23.872+0600][3.750s][info][gc,heap        ] GC(14) Eden regions: 48->0(48)
[2026-04-03T01:16:23.872+0600][3.750s][info][gc,heap        ] GC(14) Survivor regions: 2->2(7)
[2026-04-03T01:16:23.872+0600][3.750s][info][gc,heap        ] GC(14) Old regions: 8->8
[2026-04-03T01:16:23.872+0600][3.750s][info][gc,heap        ] GC(14) Humongous regions: 0->0
[2026-04-03T01:16:23.872+0600][3.750s][info][gc,metaspace   ] GC(14) Metaspace: 8109K(8384K)->8109K(8384K) NonClass: 7151K(7296K)->7151K(7296K) Class: 958K(1088K)->958K(1088K)
[2026-04-03T01:16:23.872+0600][3.750s][info][gc             ] GC(14) Pause Young (Normal) (G1 Evacuation Pause) 107M->11M(168M) 2.775ms
[2026-04-03T01:16:23.872+0600][3.750s][info][gc,cpu         ] GC(14) User=0.01s Sys=0.00s Real=0.01s
[2026-04-03T01:16:24.051+0600][3.929s][info][gc,start       ] GC(15) Pause Young (Normal) (G1 Evacuation Pause)
[2026-04-03T01:16:24.051+0600][3.929s][info][gc,task        ] GC(15) Using 10 workers of 10 for evacuation
[2026-04-03T01:16:24.054+0600][3.932s][info][gc,phases      ] GC(15)   Pre Evacuate Collection Set: 0.43ms
[2026-04-03T01:16:24.054+0600][3.932s][info][gc,phases      ] GC(15)   Merge Heap Roots: 0.13ms
[2026-04-03T01:16:24.054+0600][3.932s][info][gc,phases      ] GC(15)   Evacuate Collection Set: 1.62ms
[2026-04-03T01:16:24.054+0600][3.932s][info][gc,phases      ] GC(15)   Post Evacuate Collection Set: 0.50ms
[2026-04-03T01:16:24.054+0600][3.932s][info][gc,phases      ] GC(15)   Other: 0.11ms
[2026-04-03T01:16:24.054+0600][3.932s][info][gc,heap        ] GC(15) Eden regions: 48->0(48)
[2026-04-03T01:16:24.054+0600][3.932s][info][gc,heap        ] GC(15) Survivor regions: 2->2(7)
[2026-04-03T01:16:24.054+0600][3.932s][info][gc,heap        ] GC(15) Old regions: 8->8
[2026-04-03T01:16:24.054+0600][3.932s][info][gc,heap        ] GC(15) Humongous regions: 0->0
[2026-04-03T01:16:24.054+0600][3.932s][info][gc,metaspace   ] GC(15) Metaspace: 8116K(8384K)->8116K(8384K) NonClass: 7158K(7296K)->7158K(7296K) Class: 958K(1088K)->958K(1088K)
[2026-04-03T01:16:24.054+0600][3.932s][info][gc             ] GC(15) Pause Young (Normal) (G1 Evacuation Pause) 107M->11M(168M) 3.056ms
[2026-04-03T01:16:24.054+0600][3.932s][info][gc,cpu         ] GC(15) User=0.02s Sys=0.00s Real=0.00s
[2026-04-03T01:16:24.262+0600][4.141s][info][gc,start       ] GC(16) Pause Young (Normal) (G1 Evacuation Pause)
[2026-04-03T01:16:24.262+0600][4.141s][info][gc,task        ] GC(16) Using 10 workers of 10 for evacuation
[2026-04-03T01:16:24.265+0600][4.144s][info][gc,phases      ] GC(16)   Pre Evacuate Collection Set: 0.27ms
[2026-04-03T01:16:24.265+0600][4.144s][info][gc,phases      ] GC(16)   Merge Heap Roots: 0.33ms
[2026-04-03T01:16:24.265+0600][4.144s][info][gc,phases      ] GC(16)   Evacuate Collection Set: 1.26ms
[2026-04-03T01:16:24.265+0600][4.144s][info][gc,phases      ] GC(16)   Post Evacuate Collection Set: 0.77ms
[2026-04-03T01:16:24.265+0600][4.144s][info][gc,phases      ] GC(16)   Other: 0.13ms
[2026-04-03T01:16:24.265+0600][4.144s][info][gc,heap        ] GC(16) Eden regions: 48->0(58)
[2026-04-03T01:16:24.265+0600][4.144s][info][gc,heap        ] GC(16) Survivor regions: 2->2(7)
[2026-04-03T01:16:24.265+0600][4.144s][info][gc,heap        ] GC(16) Old regions: 8->8
[2026-04-03T01:16:24.265+0600][4.144s][info][gc,heap        ] GC(16) Humongous regions: 0->0
[2026-04-03T01:16:24.265+0600][4.144s][info][gc,metaspace   ] GC(16) Metaspace: 8124K(8384K)->8124K(8384K) NonClass: 7166K(7296K)->7166K(7296K) Class: 958K(1088K)->958K(1088K)
[2026-04-03T01:16:24.265+0600][4.144s][info][gc             ] GC(16) Pause Young (Normal) (G1 Evacuation Pause) 107M->11M(202M) 3.116ms
[2026-04-03T01:16:24.265+0600][4.144s][info][gc,cpu         ] GC(16) User=0.01s Sys=0.00s Real=0.00s
[2026-04-03T01:16:24.525+0600][4.403s][info][gc,start       ] GC(17) Pause Young (Normal) (G1 Evacuation Pause)
[2026-04-03T01:16:24.525+0600][4.403s][info][gc,task        ] GC(17) Using 10 workers of 10 for evacuation
[2026-04-03T01:16:24.529+0600][4.407s][info][gc,phases      ] GC(17)   Pre Evacuate Collection Set: 0.98ms
[2026-04-03T01:16:24.529+0600][4.407s][info][gc,phases      ] GC(17)   Merge Heap Roots: 0.16ms
[2026-04-03T01:16:24.529+0600][4.407s][info][gc,phases      ] GC(17)   Evacuate Collection Set: 1.96ms
[2026-04-03T01:16:24.529+0600][4.407s][info][gc,phases      ] GC(17)   Post Evacuate Collection Set: 0.54ms
[2026-04-03T01:16:24.529+0600][4.407s][info][gc,phases      ] GC(17)   Other: 0.15ms
[2026-04-03T01:16:24.529+0600][4.407s][info][gc,heap        ] GC(17) Eden regions: 58->0(58)
[2026-04-03T01:16:24.529+0600][4.407s][info][gc,heap        ] GC(17) Survivor regions: 2->2(8)
[2026-04-03T01:16:24.529+0600][4.407s][info][gc,heap        ] GC(17) Old regions: 8->8
[2026-04-03T01:16:24.529+0600][4.407s][info][gc,heap        ] GC(17) Humongous regions: 0->0
[2026-04-03T01:16:24.529+0600][4.407s][info][gc,metaspace   ] GC(17) Metaspace: 8124K(8384K)->8124K(8384K) NonClass: 7166K(7296K)->7166K(7296K) Class: 958K(1088K)->958K(1088K)
[2026-04-03T01:16:24.529+0600][4.407s][info][gc             ] GC(17) Pause Young (Normal) (G1 Evacuation Pause) 127M->11M(202M) 4.195ms
[2026-04-03T01:16:24.529+0600][4.407s][info][gc,cpu         ] GC(17) User=0.02s Sys=0.00s Real=0.00s
[2026-04-03T01:16:24.774+0600][4.652s][info][gc,start       ] GC(18) Pause Young (Normal) (G1 Evacuation Pause)
[2026-04-03T01:16:24.774+0600][4.652s][info][gc,task        ] GC(18) Using 10 workers of 10 for evacuation
[2026-04-03T01:16:24.776+0600][4.655s][info][gc,phases      ] GC(18)   Pre Evacuate Collection Set: 0.31ms
[2026-04-03T01:16:24.776+0600][4.655s][info][gc,phases      ] GC(18)   Merge Heap Roots: 0.21ms
[2026-04-03T01:16:24.776+0600][4.655s][info][gc,phases      ] GC(18)   Evacuate Collection Set: 1.51ms
[2026-04-03T01:16:24.776+0600][4.655s][info][gc,phases      ] GC(18)   Post Evacuate Collection Set: 0.41ms
[2026-04-03T01:16:24.776+0600][4.655s][info][gc,phases      ] GC(18)   Other: 0.11ms
[2026-04-03T01:16:24.776+0600][4.655s][info][gc,heap        ] GC(18) Eden regions: 58->0(58)
[2026-04-03T01:16:24.776+0600][4.655s][info][gc,heap        ] GC(18) Survivor regions: 2->2(8)
[2026-04-03T01:16:24.776+0600][4.655s][info][gc,heap        ] GC(18) Old regions: 8->8
[2026-04-03T01:16:24.776+0600][4.655s][info][gc,heap        ] GC(18) Humongous regions: 0->0
[2026-04-03T01:16:24.776+0600][4.655s][info][gc,metaspace   ] GC(18) Metaspace: 8124K(8384K)->8124K(8384K) NonClass: 7166K(7296K)->7166K(7296K) Class: 958K(1088K)->958K(1088K)
[2026-04-03T01:16:24.776+0600][4.655s][info][gc             ] GC(18) Pause Young (Normal) (G1 Evacuation Pause) 127M->11M(202M) 2.857ms
[2026-04-03T01:16:24.776+0600][4.655s][info][gc,cpu         ] GC(18) User=0.01s Sys=0.01s Real=0.00s
[2026-04-03T01:16:24.945+0600][4.823s][info][gc,start       ] GC(19) Pause Young (Normal) (G1 Evacuation Pause)
[2026-04-03T01:16:24.945+0600][4.823s][info][gc,task        ] GC(19) Using 10 workers of 10 for evacuation
[2026-04-03T01:16:24.948+0600][4.826s][info][gc,phases      ] GC(19)   Pre Evacuate Collection Set: 0.37ms
[2026-04-03T01:16:24.948+0600][4.826s][info][gc,phases      ] GC(19)   Merge Heap Roots: 0.15ms
[2026-04-03T01:16:24.948+0600][4.826s][info][gc,phases      ] GC(19)   Evacuate Collection Set: 1.41ms
[2026-04-03T01:16:24.948+0600][4.826s][info][gc,phases      ] GC(19)   Post Evacuate Collection Set: 0.61ms
[2026-04-03T01:16:24.948+0600][4.826s][info][gc,phases      ] GC(19)   Other: 0.11ms
[2026-04-03T01:16:24.948+0600][4.826s][info][gc,heap        ] GC(19) Eden regions: 58->0(58)
[2026-04-03T01:16:24.948+0600][4.826s][info][gc,heap        ] GC(19) Survivor regions: 2->2(8)
[2026-04-03T01:16:24.948+0600][4.826s][info][gc,heap        ] GC(19) Old regions: 8->8
[2026-04-03T01:16:24.948+0600][4.826s][info][gc,heap        ] GC(19) Humongous regions: 0->0
[2026-04-03T01:16:24.948+0600][4.826s][info][gc,metaspace   ] GC(19) Metaspace: 8124K(8384K)->8124K(8384K) NonClass: 7166K(7296K)->7166K(7296K) Class: 958K(1088K)->958K(1088K)
[2026-04-03T01:16:24.948+0600][4.826s][info][gc             ] GC(19) Pause Young (Normal) (G1 Evacuation Pause) 127M->11M(202M) 3.092ms
[2026-04-03T01:16:24.948+0600][4.826s][info][gc,cpu         ] GC(19) User=0.02s Sys=0.01s Real=0.00s
[2026-04-03T01:16:25.122+0600][5.001s][info][gc,start       ] GC(20) Pause Young (Normal) (G1 Evacuation Pause)
[2026-04-03T01:16:25.123+0600][5.001s][info][gc,task        ] GC(20) Using 10 workers of 10 for evacuation
[2026-04-03T01:16:25.126+0600][5.004s][info][gc,phases      ] GC(20)   Pre Evacuate Collection Set: 0.41ms
[2026-04-03T01:16:25.126+0600][5.004s][info][gc,phases      ] GC(20)   Merge Heap Roots: 0.18ms
[2026-04-03T01:16:25.126+0600][5.004s][info][gc,phases      ] GC(20)   Evacuate Collection Set: 2.03ms
[2026-04-03T01:16:25.126+0600][5.004s][info][gc,phases      ] GC(20)   Post Evacuate Collection Set: 0.67ms
[2026-04-03T01:16:25.126+0600][5.004s][info][gc,phases      ] GC(20)   Other: 0.16ms
[2026-04-03T01:16:25.126+0600][5.004s][info][gc,heap        ] GC(20) Eden regions: 58->0(71)
[2026-04-03T01:16:25.126+0600][5.004s][info][gc,heap        ] GC(20) Survivor regions: 2->2(8)
[2026-04-03T01:16:25.126+0600][5.004s][info][gc,heap        ] GC(20) Old regions: 8->8
[2026-04-03T01:16:25.126+0600][5.004s][info][gc,heap        ] GC(20) Humongous regions: 0->0
[2026-04-03T01:16:25.126+0600][5.004s][info][gc,metaspace   ] GC(20) Metaspace: 8124K(8384K)->8124K(8384K) NonClass: 7166K(7296K)->7166K(7296K) Class: 958K(1088K)->958K(1088K)
[2026-04-03T01:16:25.126+0600][5.005s][info][gc             ] GC(20) Pause Young (Normal) (G1 Evacuation Pause) 127M->11M(244M) 3.777ms
[2026-04-03T01:16:25.126+0600][5.005s][info][gc,cpu         ] GC(20) User=0.03s Sys=0.00s Real=0.00s
[2026-04-03T01:16:25.335+0600][5.213s][info][gc,start       ] GC(21) Pause Young (Normal) (G1 Evacuation Pause)
[2026-04-03T01:16:25.335+0600][5.213s][info][gc,task        ] GC(21) Using 10 workers of 10 for evacuation
[2026-04-03T01:16:25.338+0600][5.216s][info][gc,phases      ] GC(21)   Pre Evacuate Collection Set: 0.35ms
[2026-04-03T01:16:25.338+0600][5.216s][info][gc,phases      ] GC(21)   Merge Heap Roots: 0.30ms
[2026-04-03T01:16:25.338+0600][5.216s][info][gc,phases      ] GC(21)   Evacuate Collection Set: 1.49ms
[2026-04-03T01:16:25.338+0600][5.216s][info][gc,phases      ] GC(21)   Post Evacuate Collection Set: 0.50ms
[2026-04-03T01:16:25.338+0600][5.216s][info][gc,phases      ] GC(21)   Other: 0.16ms
[2026-04-03T01:16:25.338+0600][5.216s][info][gc,heap        ] GC(21) Eden regions: 71->0(71)
[2026-04-03T01:16:25.338+0600][5.216s][info][gc,heap        ] GC(21) Survivor regions: 2->2(10)
[2026-04-03T01:16:25.338+0600][5.216s][info][gc,heap        ] GC(21) Old regions: 8->8
[2026-04-03T01:16:25.338+0600][5.216s][info][gc,heap        ] GC(21) Humongous regions: 0->0
[2026-04-03T01:16:25.338+0600][5.216s][info][gc,metaspace   ] GC(21) Metaspace: 8124K(8384K)->8124K(8384K) NonClass: 7166K(7296K)->7166K(7296K) Class: 958K(1088K)->958K(1088K)
[2026-04-03T01:16:25.338+0600][5.216s][info][gc             ] GC(21) Pause Young (Normal) (G1 Evacuation Pause) 153M->11M(244M) 3.121ms
[2026-04-03T01:16:25.338+0600][5.216s][info][gc,cpu         ] GC(21) User=0.01s Sys=0.01s Real=0.00s
[2026-04-03T01:16:25.575+0600][5.454s][info][gc,start       ] GC(22) Pause Young (Normal) (G1 Evacuation Pause)
[2026-04-03T01:16:25.576+0600][5.454s][info][gc,task        ] GC(22) Using 10 workers of 10 for evacuation
[2026-04-03T01:16:25.579+0600][5.457s][info][gc,phases      ] GC(22)   Pre Evacuate Collection Set: 0.34ms
[2026-04-03T01:16:25.579+0600][5.457s][info][gc,phases      ] GC(22)   Merge Heap Roots: 0.15ms
[2026-04-03T01:16:25.579+0600][5.457s][info][gc,phases      ] GC(22)   Evacuate Collection Set: 1.67ms
[2026-04-03T01:16:25.579+0600][5.457s][info][gc,phases      ] GC(22)   Post Evacuate Collection Set: 0.72ms
[2026-04-03T01:16:25.579+0600][5.457s][info][gc,phases      ] GC(22)   Other: 0.12ms
[2026-04-03T01:16:25.579+0600][5.457s][info][gc,heap        ] GC(22) Eden regions: 71->0(71)
[2026-04-03T01:16:25.579+0600][5.457s][info][gc,heap        ] GC(22) Survivor regions: 2->2(10)
[2026-04-03T01:16:25.579+0600][5.457s][info][gc,heap        ] GC(22) Old regions: 8->8
[2026-04-03T01:16:25.579+0600][5.457s][info][gc,heap        ] GC(22) Humongous regions: 0->0
[2026-04-03T01:16:25.579+0600][5.457s][info][gc,metaspace   ] GC(22) Metaspace: 8125K(8384K)->8125K(8384K) NonClass: 7167K(7296K)->7167K(7296K) Class: 958K(1088K)->958K(1088K)
[2026-04-03T01:16:25.579+0600][5.457s][info][gc             ] GC(22) Pause Young (Normal) (G1 Evacuation Pause) 153M->11M(244M) 3.365ms
[2026-04-03T01:16:25.579+0600][5.457s][info][gc,cpu         ] GC(22) User=0.02s Sys=0.00s Real=0.00s
[2026-04-03T01:16:25.830+0600][5.708s][info][gc,start       ] GC(23) Pause Young (Normal) (G1 Evacuation Pause)
[2026-04-03T01:16:25.830+0600][5.708s][info][gc,task        ] GC(23) Using 10 workers of 10 for evacuation
[2026-04-03T01:16:25.832+0600][5.711s][info][gc,phases      ] GC(23)   Pre Evacuate Collection Set: 0.25ms
[2026-04-03T01:16:25.832+0600][5.711s][info][gc,phases      ] GC(23)   Merge Heap Roots: 0.21ms
[2026-04-03T01:16:25.832+0600][5.711s][info][gc,phases      ] GC(23)   Evacuate Collection Set: 1.18ms
[2026-04-03T01:16:25.832+0600][5.711s][info][gc,phases      ] GC(23)   Post Evacuate Collection Set: 0.57ms
[2026-04-03T01:16:25.832+0600][5.711s][info][gc,phases      ] GC(23)   Other: 0.13ms
[2026-04-03T01:16:25.832+0600][5.711s][info][gc,heap        ] GC(23) Eden regions: 71->0(71)
[2026-04-03T01:16:25.832+0600][5.711s][info][gc,heap        ] GC(23) Survivor regions: 2->2(10)
[2026-04-03T01:16:25.832+0600][5.711s][info][gc,heap        ] GC(23) Old regions: 8->8
[2026-04-03T01:16:25.832+0600][5.711s][info][gc,heap        ] GC(23) Humongous regions: 0->0
[2026-04-03T01:16:25.832+0600][5.711s][info][gc,metaspace   ] GC(23) Metaspace: 8125K(8384K)->8125K(8384K) NonClass: 7167K(7296K)->7167K(7296K) Class: 958K(1088K)->958K(1088K)
[2026-04-03T01:16:25.832+0600][5.711s][info][gc             ] GC(23) Pause Young (Normal) (G1 Evacuation Pause) 153M->11M(244M) 2.697ms
[2026-04-03T01:16:25.832+0600][5.711s][info][gc,cpu         ] GC(23) User=0.01s Sys=0.00s Real=0.00s
[2026-04-03T01:16:26.055+0600][5.934s][info][gc,start       ] GC(24) Pause Young (Normal) (G1 Evacuation Pause)
[2026-04-03T01:16:26.056+0600][5.934s][info][gc,task        ] GC(24) Using 10 workers of 10 for evacuation
[2026-04-03T01:16:26.058+0600][5.936s][info][gc,phases      ] GC(24)   Pre Evacuate Collection Set: 0.27ms
[2026-04-03T01:16:26.058+0600][5.936s][info][gc,phases      ] GC(24)   Merge Heap Roots: 0.18ms
[2026-04-03T01:16:26.058+0600][5.936s][info][gc,phases      ] GC(24)   Evacuate Collection Set: 1.21ms
[2026-04-03T01:16:26.058+0600][5.936s][info][gc,phases      ] GC(24)   Post Evacuate Collection Set: 0.44ms
[2026-04-03T01:16:26.058+0600][5.936s][info][gc,phases      ] GC(24)   Other: 0.22ms
[2026-04-03T01:16:26.058+0600][5.936s][info][gc,heap        ] GC(24) Eden regions: 71->0(71)
[2026-04-03T01:16:26.058+0600][5.936s][info][gc,heap        ] GC(24) Survivor regions: 2->2(10)
[2026-04-03T01:16:26.058+0600][5.936s][info][gc,heap        ] GC(24) Old regions: 8->8
[2026-04-03T01:16:26.058+0600][5.936s][info][gc,heap        ] GC(24) Humongous regions: 0->0
[2026-04-03T01:16:26.058+0600][5.936s][info][gc,metaspace   ] GC(24) Metaspace: 8125K(8384K)->8125K(8384K) NonClass: 7167K(7296K)->7167K(7296K) Class: 958K(1088K)->958K(1088K)
[2026-04-03T01:16:26.058+0600][5.936s][info][gc             ] GC(24) Pause Young (Normal) (G1 Evacuation Pause) 153M->11M(244M) 2.602ms
[2026-04-03T01:16:26.058+0600][5.936s][info][gc,cpu         ] GC(24) User=0.01s Sys=0.00s Real=0.00s
[2026-04-03T01:16:26.294+0600][6.172s][info][gc,start       ] GC(25) Pause Young (Normal) (G1 Evacuation Pause)
[2026-04-03T01:16:26.294+0600][6.172s][info][gc,task        ] GC(25) Using 10 workers of 10 for evacuation
[2026-04-03T01:16:26.296+0600][6.175s][info][gc,phases      ] GC(25)   Pre Evacuate Collection Set: 0.24ms
[2026-04-03T01:16:26.296+0600][6.175s][info][gc,phases      ] GC(25)   Merge Heap Roots: 0.11ms
[2026-04-03T01:16:26.296+0600][6.175s][info][gc,phases      ] GC(25)   Evacuate Collection Set: 1.21ms
[2026-04-03T01:16:26.296+0600][6.175s][info][gc,phases      ] GC(25)   Post Evacuate Collection Set: 0.70ms
[2026-04-03T01:16:26.296+0600][6.175s][info][gc,phases      ] GC(25)   Other: 0.13ms
[2026-04-03T01:16:26.296+0600][6.175s][info][gc,heap        ] GC(25) Eden regions: 71->0(71)
[2026-04-03T01:16:26.296+0600][6.175s][info][gc,heap        ] GC(25) Survivor regions: 2->2(10)
[2026-04-03T01:16:26.296+0600][6.175s][info][gc,heap        ] GC(25) Old regions: 8->8
[2026-04-03T01:16:26.296+0600][6.175s][info][gc,heap        ] GC(25) Humongous regions: 0->0
[2026-04-03T01:16:26.296+0600][6.175s][info][gc,metaspace   ] GC(25) Metaspace: 8125K(8384K)->8125K(8384K) NonClass: 7167K(7296K)->7167K(7296K) Class: 958K(1088K)->958K(1088K)
[2026-04-03T01:16:26.296+0600][6.175s][info][gc             ] GC(25) Pause Young (Normal) (G1 Evacuation Pause) 153M->11M(244M) 2.735ms
[2026-04-03T01:16:26.297+0600][6.175s][info][gc,cpu         ] GC(25) User=0.02s Sys=0.00s Real=0.00s
[2026-04-03T01:16:26.477+0600][6.355s][info][gc,start       ] GC(26) Pause Young (Normal) (G1 Evacuation Pause)
[2026-04-03T01:16:26.477+0600][6.355s][info][gc,task        ] GC(26) Using 10 workers of 10 for evacuation
[2026-04-03T01:16:26.479+0600][6.357s][info][gc,phases      ] GC(26)   Pre Evacuate Collection Set: 0.20ms
[2026-04-03T01:16:26.479+0600][6.358s][info][gc,phases      ] GC(26)   Merge Heap Roots: 0.17ms
[2026-04-03T01:16:26.479+0600][6.358s][info][gc,phases      ] GC(26)   Evacuate Collection Set: 1.27ms
[2026-04-03T01:16:26.479+0600][6.358s][info][gc,phases      ] GC(26)   Post Evacuate Collection Set: 0.65ms
[2026-04-03T01:16:26.479+0600][6.358s][info][gc,phases      ] GC(26)   Other: 0.11ms
[2026-04-03T01:16:26.479+0600][6.358s][info][gc,heap        ] GC(26) Eden regions: 71->0(71)
[2026-04-03T01:16:26.479+0600][6.358s][info][gc,heap        ] GC(26) Survivor regions: 2->2(10)
[2026-04-03T01:16:26.479+0600][6.358s][info][gc,heap        ] GC(26) Old regions: 8->8
[2026-04-03T01:16:26.479+0600][6.358s][info][gc,heap        ] GC(26) Humongous regions: 0->0
[2026-04-03T01:16:26.479+0600][6.358s][info][gc,metaspace   ] GC(26) Metaspace: 8125K(8384K)->8125K(8384K) NonClass: 7167K(7296K)->7167K(7296K) Class: 958K(1088K)->958K(1088K)
[2026-04-03T01:16:26.479+0600][6.358s][info][gc             ] GC(26) Pause Young (Normal) (G1 Evacuation Pause) 153M->11M(244M) 2.733ms
[2026-04-03T01:16:26.479+0600][6.358s][info][gc,cpu         ] GC(26) User=0.02s Sys=0.01s Real=0.00s
[2026-04-03T01:16:26.691+0600][6.570s][info][gc,start       ] GC(27) Pause Young (Normal) (GCLocker Initiated GC)
[2026-04-03T01:16:26.691+0600][6.570s][info][gc,task        ] GC(27) Using 10 workers of 10 for evacuation
[2026-04-03T01:16:26.697+0600][6.575s][info][gc,phases      ] GC(27)   Pre Evacuate Collection Set: 0.32ms
[2026-04-03T01:16:26.697+0600][6.575s][info][gc,phases      ] GC(27)   Merge Heap Roots: 0.25ms
[2026-04-03T01:16:26.697+0600][6.575s][info][gc,phases      ] GC(27)   Evacuate Collection Set: 2.89ms
[2026-04-03T01:16:26.697+0600][6.575s][info][gc,phases      ] GC(27)   Post Evacuate Collection Set: 1.53ms
[2026-04-03T01:16:26.697+0600][6.575s][info][gc,phases      ] GC(27)   Other: 0.14ms
[2026-04-03T01:16:26.697+0600][6.575s][info][gc,heap        ] GC(27) Eden regions: 71->0(86)
[2026-04-03T01:16:26.697+0600][6.575s][info][gc,heap        ] GC(27) Survivor regions: 2->2(10)
[2026-04-03T01:16:26.697+0600][6.575s][info][gc,heap        ] GC(27) Old regions: 8->8
[2026-04-03T01:16:26.697+0600][6.575s][info][gc,heap        ] GC(27) Humongous regions: 0->0
[2026-04-03T01:16:26.697+0600][6.575s][info][gc,metaspace   ] GC(27) Metaspace: 8125K(8384K)->8125K(8384K) NonClass: 7167K(7296K)->7167K(7296K) Class: 958K(1088K)->958K(1088K)
[2026-04-03T01:16:26.697+0600][6.575s][info][gc             ] GC(27) Pause Young (Normal) (GCLocker Initiated GC) 153M->11M(294M) 5.504ms
[2026-04-03T01:16:26.697+0600][6.575s][info][gc,cpu         ] GC(27) User=0.02s Sys=0.00s Real=0.00s
[2026-04-03T01:16:27.037+0600][6.916s][info][gc,start       ] GC(28) Pause Young (Normal) (G1 Evacuation Pause)
[2026-04-03T01:16:27.037+0600][6.916s][info][gc,task        ] GC(28) Using 10 workers of 10 for evacuation
[2026-04-03T01:16:27.042+0600][6.921s][info][gc,phases      ] GC(28)   Pre Evacuate Collection Set: 0.36ms
[2026-04-03T01:16:27.043+0600][6.921s][info][gc,phases      ] GC(28)   Merge Heap Roots: 0.28ms
[2026-04-03T01:16:27.043+0600][6.921s][info][gc,phases      ] GC(28)   Evacuate Collection Set: 3.34ms
[2026-04-03T01:16:27.043+0600][6.921s][info][gc,phases      ] GC(28)   Post Evacuate Collection Set: 0.78ms
[2026-04-03T01:16:27.043+0600][6.921s][info][gc,phases      ] GC(28)   Other: 0.39ms
[2026-04-03T01:16:27.043+0600][6.921s][info][gc,heap        ] GC(28) Eden regions: 86->0(86)
[2026-04-03T01:16:27.043+0600][6.921s][info][gc,heap        ] GC(28) Survivor regions: 2->2(11)
[2026-04-03T01:16:27.043+0600][6.921s][info][gc,heap        ] GC(28) Old regions: 8->8
[2026-04-03T01:16:27.043+0600][6.921s][info][gc,heap        ] GC(28) Humongous regions: 0->0
[2026-04-03T01:16:27.043+0600][6.921s][info][gc,metaspace   ] GC(28) Metaspace: 8125K(8384K)->8125K(8384K) NonClass: 7167K(7296K)->7167K(7296K) Class: 958K(1088K)->958K(1088K)
[2026-04-03T01:16:27.043+0600][6.921s][info][gc             ] GC(28) Pause Young (Normal) (G1 Evacuation Pause) 183M->11M(294M) 5.650ms
[2026-04-03T01:16:27.043+0600][6.921s][info][gc,cpu         ] GC(28) User=0.03s Sys=0.00s Real=0.01s
[2026-04-03T01:16:27.339+0600][7.218s][info][gc,start       ] GC(29) Pause Young (Normal) (G1 Evacuation Pause)
[2026-04-03T01:16:27.339+0600][7.218s][info][gc,task        ] GC(29) Using 10 workers of 10 for evacuation
[2026-04-03T01:16:27.342+0600][7.221s][info][gc,phases      ] GC(29)   Pre Evacuate Collection Set: 0.35ms
[2026-04-03T01:16:27.342+0600][7.221s][info][gc,phases      ] GC(29)   Merge Heap Roots: 0.29ms
[2026-04-03T01:16:27.342+0600][7.221s][info][gc,phases      ] GC(29)   Evacuate Collection Set: 1.35ms
[2026-04-03T01:16:27.342+0600][7.221s][info][gc,phases      ] GC(29)   Post Evacuate Collection Set: 0.71ms
[2026-04-03T01:16:27.342+0600][7.221s][info][gc,phases      ] GC(29)   Other: 0.14ms
[2026-04-03T01:16:27.342+0600][7.221s][info][gc,heap        ] GC(29) Eden regions: 86->0(86)
[2026-04-03T01:16:27.342+0600][7.221s][info][gc,heap        ] GC(29) Survivor regions: 2->2(11)
[2026-04-03T01:16:27.342+0600][7.221s][info][gc,heap        ] GC(29) Old regions: 8->8
[2026-04-03T01:16:27.342+0600][7.221s][info][gc,heap        ] GC(29) Humongous regions: 0->0
[2026-04-03T01:16:27.342+0600][7.221s][info][gc,metaspace   ] GC(29) Metaspace: 8125K(8384K)->8125K(8384K) NonClass: 7167K(7296K)->7167K(7296K) Class: 958K(1088K)->958K(1088K)
[2026-04-03T01:16:27.342+0600][7.221s][info][gc             ] GC(29) Pause Young (Normal) (G1 Evacuation Pause) 183M->11M(294M) 3.224ms
[2026-04-03T01:16:27.343+0600][7.221s][info][gc,cpu         ] GC(29) User=0.01s Sys=0.00s Real=0.01s
[2026-04-03T01:16:27.592+0600][7.470s][info][gc,start       ] GC(30) Pause Young (Normal) (G1 Evacuation Pause)
[2026-04-03T01:16:27.592+0600][7.470s][info][gc,task        ] GC(30) Using 10 workers of 10 for evacuation
[2026-04-03T01:16:27.595+0600][7.473s][info][gc,phases      ] GC(30)   Pre Evacuate Collection Set: 0.38ms
[2026-04-03T01:16:27.595+0600][7.473s][info][gc,phases      ] GC(30)   Merge Heap Roots: 0.31ms
[2026-04-03T01:16:27.595+0600][7.473s][info][gc,phases      ] GC(30)   Evacuate Collection Set: 1.15ms
[2026-04-03T01:16:27.595+0600][7.473s][info][gc,phases      ] GC(30)   Post Evacuate Collection Set: 0.66ms
[2026-04-03T01:16:27.595+0600][7.473s][info][gc,phases      ] GC(30)   Other: 0.11ms
[2026-04-03T01:16:27.595+0600][7.473s][info][gc,heap        ] GC(30) Eden regions: 86->0(86)
[2026-04-03T01:16:27.595+0600][7.473s][info][gc,heap        ] GC(30) Survivor regions: 2->2(11)
[2026-04-03T01:16:27.595+0600][7.473s][info][gc,heap        ] GC(30) Old regions: 8->8
[2026-04-03T01:16:27.595+0600][7.473s][info][gc,heap        ] GC(30) Humongous regions: 0->0
[2026-04-03T01:16:27.595+0600][7.473s][info][gc,metaspace   ] GC(30) Metaspace: 8125K(8384K)->8125K(8384K) NonClass: 7167K(7296K)->7167K(7296K) Class: 958K(1088K)->958K(1088K)
[2026-04-03T01:16:27.595+0600][7.473s][info][gc             ] GC(30) Pause Young (Normal) (G1 Evacuation Pause) 183M->11M(294M) 2.899ms
[2026-04-03T01:16:27.595+0600][7.473s][info][gc,cpu         ] GC(30) User=0.01s Sys=0.00s Real=0.00s
[2026-04-03T01:16:27.843+0600][7.721s][info][gc,start       ] GC(31) Pause Young (Normal) (G1 Evacuation Pause)
[2026-04-03T01:16:27.843+0600][7.721s][info][gc,task        ] GC(31) Using 10 workers of 10 for evacuation
[2026-04-03T01:16:27.847+0600][7.725s][info][gc,phases      ] GC(31)   Pre Evacuate Collection Set: 0.39ms
[2026-04-03T01:16:27.847+0600][7.726s][info][gc,phases      ] GC(31)   Merge Heap Roots: 0.16ms
[2026-04-03T01:16:27.847+0600][7.726s][info][gc,phases      ] GC(31)   Evacuate Collection Set: 3.25ms
[2026-04-03T01:16:27.847+0600][7.726s][info][gc,phases      ] GC(31)   Post Evacuate Collection Set: 0.54ms
[2026-04-03T01:16:27.847+0600][7.726s][info][gc,phases      ] GC(31)   Other: 0.13ms
[2026-04-03T01:16:27.847+0600][7.726s][info][gc,heap        ] GC(31) Eden regions: 86->0(86)
[2026-04-03T01:16:27.847+0600][7.726s][info][gc,heap        ] GC(31) Survivor regions: 2->2(11)
[2026-04-03T01:16:27.847+0600][7.726s][info][gc,heap        ] GC(31) Old regions: 8->8
[2026-04-03T01:16:27.847+0600][7.726s][info][gc,heap        ] GC(31) Humongous regions: 0->0
[2026-04-03T01:16:27.847+0600][7.726s][info][gc,metaspace   ] GC(31) Metaspace: 8125K(8384K)->8125K(8384K) NonClass: 7167K(7296K)->7167K(7296K) Class: 958K(1088K)->958K(1088K)
[2026-04-03T01:16:27.847+0600][7.726s][info][gc             ] GC(31) Pause Young (Normal) (G1 Evacuation Pause) 183M->11M(294M) 4.802ms
[2026-04-03T01:16:27.847+0600][7.726s][info][gc,cpu         ] GC(31) User=0.03s Sys=0.00s Real=0.00s
[2026-04-03T01:16:28.156+0600][8.034s][info][gc,start       ] GC(32) Pause Young (Normal) (G1 Evacuation Pause)
[2026-04-03T01:16:28.156+0600][8.034s][info][gc,task        ] GC(32) Using 10 workers of 10 for evacuation
[2026-04-03T01:16:28.160+0600][8.039s][info][gc,phases      ] GC(32)   Pre Evacuate Collection Set: 0.31ms
[2026-04-03T01:16:28.161+0600][8.039s][info][gc,phases      ] GC(32)   Merge Heap Roots: 0.21ms
[2026-04-03T01:16:28.161+0600][8.039s][info][gc,phases      ] GC(32)   Evacuate Collection Set: 3.22ms
[2026-04-03T01:16:28.161+0600][8.039s][info][gc,phases      ] GC(32)   Post Evacuate Collection Set: 0.66ms
[2026-04-03T01:16:28.161+0600][8.039s][info][gc,phases      ] GC(32)   Other: 0.14ms
[2026-04-03T01:16:28.161+0600][8.039s][info][gc,heap        ] GC(32) Eden regions: 86->0(86)
[2026-04-03T01:16:28.161+0600][8.039s][info][gc,heap        ] GC(32) Survivor regions: 2->2(11)
[2026-04-03T01:16:28.161+0600][8.039s][info][gc,heap        ] GC(32) Old regions: 8->8
[2026-04-03T01:16:28.161+0600][8.039s][info][gc,heap        ] GC(32) Humongous regions: 0->0
[2026-04-03T01:16:28.161+0600][8.039s][info][gc,metaspace   ] GC(32) Metaspace: 8125K(8384K)->8125K(8384K) NonClass: 7167K(7296K)->7167K(7296K) Class: 958K(1088K)->958K(1088K)
[2026-04-03T01:16:28.161+0600][8.039s][info][gc             ] GC(32) Pause Young (Normal) (G1 Evacuation Pause) 183M->11M(294M) 4.872ms
[2026-04-03T01:16:28.161+0600][8.039s][info][gc,cpu         ] GC(32) User=0.02s Sys=0.00s Real=0.01s
[2026-04-03T01:16:28.674+0600][8.552s][info][gc,start       ] GC(33) Pause Young (Normal) (G1 Evacuation Pause)
[2026-04-03T01:16:28.674+0600][8.552s][info][gc,task        ] GC(33) Using 10 workers of 10 for evacuation
[2026-04-03T01:16:28.681+0600][8.559s][info][gc,phases      ] GC(33)   Pre Evacuate Collection Set: 0.93ms
[2026-04-03T01:16:28.681+0600][8.559s][info][gc,phases      ] GC(33)   Merge Heap Roots: 0.18ms
[2026-04-03T01:16:28.681+0600][8.559s][info][gc,phases      ] GC(33)   Evacuate Collection Set: 4.18ms
[2026-04-03T01:16:28.681+0600][8.559s][info][gc,phases      ] GC(33)   Post Evacuate Collection Set: 1.23ms
[2026-04-03T01:16:28.681+0600][8.559s][info][gc,phases      ] GC(33)   Other: 0.17ms
[2026-04-03T01:16:28.681+0600][8.559s][info][gc,heap        ] GC(33) Eden regions: 86->0(104)
[2026-04-03T01:16:28.681+0600][8.559s][info][gc,heap        ] GC(33) Survivor regions: 2->2(11)
[2026-04-03T01:16:28.681+0600][8.559s][info][gc,heap        ] GC(33) Old regions: 8->8
[2026-04-03T01:16:28.681+0600][8.559s][info][gc,heap        ] GC(33) Humongous regions: 0->0
[2026-04-03T01:16:28.681+0600][8.559s][info][gc,metaspace   ] GC(33) Metaspace: 8125K(8384K)->8125K(8384K) NonClass: 7167K(7296K)->7167K(7296K) Class: 958K(1088K)->958K(1088K)
[2026-04-03T01:16:28.681+0600][8.559s][info][gc             ] GC(33) Pause Young (Normal) (G1 Evacuation Pause) 183M->11M(354M) 7.142ms
[2026-04-03T01:16:28.681+0600][8.559s][info][gc,cpu         ] GC(33) User=0.02s Sys=0.00s Real=0.01s
[2026-04-03T01:16:29.098+0600][8.976s][info][gc,start       ] GC(34) Pause Young (Normal) (G1 Evacuation Pause)
[2026-04-03T01:16:29.098+0600][8.976s][info][gc,task        ] GC(34) Using 10 workers of 10 for evacuation
[2026-04-03T01:16:29.101+0600][8.979s][info][gc,phases      ] GC(34)   Pre Evacuate Collection Set: 0.41ms
[2026-04-03T01:16:29.101+0600][8.979s][info][gc,phases      ] GC(34)   Merge Heap Roots: 0.28ms
[2026-04-03T01:16:29.101+0600][8.979s][info][gc,phases      ] GC(34)   Evacuate Collection Set: 1.79ms
[2026-04-03T01:16:29.101+0600][8.979s][info][gc,phases      ] GC(34)   Post Evacuate Collection Set: 0.64ms
[2026-04-03T01:16:29.101+0600][8.979s][info][gc,phases      ] GC(34)   Other: 0.19ms
[2026-04-03T01:16:29.101+0600][8.979s][info][gc,heap        ] GC(34) Eden regions: 104->0(104)
[2026-04-03T01:16:29.101+0600][8.979s][info][gc,heap        ] GC(34) Survivor regions: 2->2(14)
[2026-04-03T01:16:29.101+0600][8.979s][info][gc,heap        ] GC(34) Old regions: 8->8
[2026-04-03T01:16:29.101+0600][8.979s][info][gc,heap        ] GC(34) Humongous regions: 0->0
[2026-04-03T01:16:29.101+0600][8.979s][info][gc,metaspace   ] GC(34) Metaspace: 8125K(8384K)->8125K(8384K) NonClass: 7167K(7296K)->7167K(7296K) Class: 958K(1088K)->958K(1088K)
[2026-04-03T01:16:29.101+0600][8.979s][info][gc             ] GC(34) Pause Young (Normal) (G1 Evacuation Pause) 219M->11M(354M) 3.594ms
[2026-04-03T01:16:29.101+0600][8.979s][info][gc,cpu         ] GC(34) User=0.01s Sys=0.00s Real=0.01s
[2026-04-03T01:16:29.421+0600][9.299s][info][gc,start       ] GC(35) Pause Young (Normal) (G1 Evacuation Pause)
[2026-04-03T01:16:29.421+0600][9.299s][info][gc,task        ] GC(35) Using 10 workers of 10 for evacuation
[2026-04-03T01:16:29.424+0600][9.302s][info][gc,phases      ] GC(35)   Pre Evacuate Collection Set: 0.43ms
[2026-04-03T01:16:29.424+0600][9.302s][info][gc,phases      ] GC(35)   Merge Heap Roots: 0.29ms
[2026-04-03T01:16:29.424+0600][9.302s][info][gc,phases      ] GC(35)   Evacuate Collection Set: 1.32ms
[2026-04-03T01:16:29.424+0600][9.302s][info][gc,phases      ] GC(35)   Post Evacuate Collection Set: 0.61ms
[2026-04-03T01:16:29.424+0600][9.302s][info][gc,phases      ] GC(35)   Other: 0.14ms
[2026-04-03T01:16:29.424+0600][9.302s][info][gc,heap        ] GC(35) Eden regions: 104->0(104)
[2026-04-03T01:16:29.424+0600][9.302s][info][gc,heap        ] GC(35) Survivor regions: 2->2(14)
[2026-04-03T01:16:29.424+0600][9.302s][info][gc,heap        ] GC(35) Old regions: 8->8
[2026-04-03T01:16:29.424+0600][9.302s][info][gc,heap        ] GC(35) Humongous regions: 0->0
[2026-04-03T01:16:29.424+0600][9.302s][info][gc,metaspace   ] GC(35) Metaspace: 8125K(8384K)->8125K(8384K) NonClass: 7167K(7296K)->7167K(7296K) Class: 958K(1088K)->958K(1088K)
[2026-04-03T01:16:29.424+0600][9.302s][info][gc             ] GC(35) Pause Young (Normal) (G1 Evacuation Pause) 219M->11M(354M) 3.166ms
[2026-04-03T01:16:29.424+0600][9.302s][info][gc,cpu         ] GC(35) User=0.02s Sys=0.00s Real=0.00s
[2026-04-03T01:16:29.672+0600][9.550s][info][gc,start       ] GC(36) Pause Young (Normal) (G1 Evacuation Pause)
[2026-04-03T01:16:29.672+0600][9.550s][info][gc,task        ] GC(36) Using 10 workers of 10 for evacuation
[2026-04-03T01:16:29.675+0600][9.553s][info][gc,phases      ] GC(36)   Pre Evacuate Collection Set: 0.36ms
[2026-04-03T01:16:29.675+0600][9.553s][info][gc,phases      ] GC(36)   Merge Heap Roots: 0.21ms
[2026-04-03T01:16:29.675+0600][9.553s][info][gc,phases      ] GC(36)   Evacuate Collection Set: 1.29ms
[2026-04-03T01:16:29.675+0600][9.553s][info][gc,phases      ] GC(36)   Post Evacuate Collection Set: 0.68ms
[2026-04-03T01:16:29.675+0600][9.553s][info][gc,phases      ] GC(36)   Other: 0.15ms
[2026-04-03T01:16:29.675+0600][9.553s][info][gc,heap        ] GC(36) Eden regions: 104->0(104)
[2026-04-03T01:16:29.675+0600][9.553s][info][gc,heap        ] GC(36) Survivor regions: 2->2(14)
[2026-04-03T01:16:29.675+0600][9.553s][info][gc,heap        ] GC(36) Old regions: 8->8
[2026-04-03T01:16:29.675+0600][9.553s][info][gc,heap        ] GC(36) Humongous regions: 0->0
[2026-04-03T01:16:29.675+0600][9.553s][info][gc,metaspace   ] GC(36) Metaspace: 8127K(8384K)->8127K(8384K) NonClass: 7169K(7296K)->7169K(7296K) Class: 958K(1088K)->958K(1088K)
[2026-04-03T01:16:29.675+0600][9.553s][info][gc             ] GC(36) Pause Young (Normal) (G1 Evacuation Pause) 219M->11M(354M) 2.985ms
[2026-04-03T01:16:29.675+0600][9.553s][info][gc,cpu         ] GC(36) User=0.02s Sys=0.00s Real=0.00s
[2026-04-03T01:16:29.897+0600][9.775s][info][gc,start       ] GC(37) Pause Young (Normal) (G1 Evacuation Pause)
[2026-04-03T01:16:29.897+0600][9.775s][info][gc,task        ] GC(37) Using 10 workers of 10 for evacuation
[2026-04-03T01:16:29.900+0600][9.779s][info][gc,phases      ] GC(37)   Pre Evacuate Collection Set: 1.45ms
[2026-04-03T01:16:29.900+0600][9.779s][info][gc,phases      ] GC(37)   Merge Heap Roots: 0.14ms
[2026-04-03T01:16:29.900+0600][9.779s][info][gc,phases      ] GC(37)   Evacuate Collection Set: 1.01ms
[2026-04-03T01:16:29.900+0600][9.779s][info][gc,phases      ] GC(37)   Post Evacuate Collection Set: 0.64ms
[2026-04-03T01:16:29.900+0600][9.779s][info][gc,phases      ] GC(37)   Other: 0.13ms
[2026-04-03T01:16:29.900+0600][9.779s][info][gc,heap        ] GC(37) Eden regions: 104->0(104)
[2026-04-03T01:16:29.900+0600][9.779s][info][gc,heap        ] GC(37) Survivor regions: 2->2(14)
[2026-04-03T01:16:29.901+0600][9.779s][info][gc,heap        ] GC(37) Old regions: 8->8
[2026-04-03T01:16:29.901+0600][9.779s][info][gc,heap        ] GC(37) Humongous regions: 0->0
[2026-04-03T01:16:29.901+0600][9.779s][info][gc,metaspace   ] GC(37) Metaspace: 8127K(8384K)->8127K(8384K) NonClass: 7169K(7296K)->7169K(7296K) Class: 958K(1088K)->958K(1088K)
[2026-04-03T01:16:29.901+0600][9.779s][info][gc             ] GC(37) Pause Young (Normal) (G1 Evacuation Pause) 219M->11M(354M) 3.683ms
[2026-04-03T01:16:29.901+0600][9.779s][info][gc,cpu         ] GC(37) User=0.00s Sys=0.01s Real=0.01s
[2026-04-03T01:16:30.121+0600][10.000s][info][gc,start       ] GC(38) Pause Young (Normal) (GCLocker Initiated GC)
[2026-04-03T01:16:30.121+0600][10.000s][info][gc,task        ] GC(38) Using 10 workers of 10 for evacuation
[2026-04-03T01:16:30.124+0600][10.003s][info][gc,phases      ] GC(38)   Pre Evacuate Collection Set: 0.36ms
[2026-04-03T01:16:30.124+0600][10.003s][info][gc,phases      ] GC(38)   Merge Heap Roots: 0.17ms
[2026-04-03T01:16:30.124+0600][10.003s][info][gc,phases      ] GC(38)   Evacuate Collection Set: 1.59ms
[2026-04-03T01:16:30.124+0600][10.003s][info][gc,phases      ] GC(38)   Post Evacuate Collection Set: 0.68ms
[2026-04-03T01:16:30.124+0600][10.003s][info][gc,phases      ] GC(38)   Other: 0.12ms
[2026-04-03T01:16:30.124+0600][10.003s][info][gc,heap        ] GC(38) Eden regions: 104->0(104)
[2026-04-03T01:16:30.124+0600][10.003s][info][gc,heap        ] GC(38) Survivor regions: 2->2(14)
[2026-04-03T01:16:30.124+0600][10.003s][info][gc,heap        ] GC(38) Old regions: 8->8
[2026-04-03T01:16:30.124+0600][10.003s][info][gc,heap        ] GC(38) Humongous regions: 0->0
[2026-04-03T01:16:30.125+0600][10.003s][info][gc,metaspace   ] GC(38) Metaspace: 8128K(8384K)->8128K(8384K) NonClass: 7170K(7296K)->7170K(7296K) Class: 958K(1088K)->958K(1088K)
[2026-04-03T01:16:30.125+0600][10.003s][info][gc             ] GC(38) Pause Young (Normal) (GCLocker Initiated GC) 219M->11M(354M) 3.235ms
[2026-04-03T01:16:30.125+0600][10.003s][info][gc,cpu         ] GC(38) User=0.01s Sys=0.01s Real=0.00s
[2026-04-03T01:16:30.398+0600][10.277s][info][gc,heap,exit   ] Heap
[2026-04-03T01:16:30.399+0600][10.277s][info][gc,heap,exit   ]  garbage-first heap   total 362496K, used 179150K [0x000000070ae00000, 0x0000000800000000)
[2026-04-03T01:16:30.399+0600][10.277s][info][gc,heap,exit   ]   region size 2048K, 84 young (172032K), 2 survivors (4096K)
[2026-04-03T01:16:30.399+0600][10.277s][info][gc,heap,exit   ]  Metaspace       used 8319K, committed 8576K, reserved 1114112K
[2026-04-03T01:16:30.399+0600][10.277s][info][gc,heap,exit   ]   class space    used 975K, committed 1088K, reserved 1048576K
