[2026-04-03T01:15:45.684+0600][0.004s][info][gc,init] CardTable entry size: 512
[2026-04-03T01:15:45.684+0600][0.004s][info][gc     ] Using G1
[2026-04-03T01:15:45.687+0600][0.007s][info][gc,init] Version: 21.0.10+7-Ubuntu-124.04 (release)
[2026-04-03T01:15:45.687+0600][0.007s][info][gc,init] CPUs: 12 total, 12 available
[2026-04-03T01:15:45.687+0600][0.007s][info][gc,init] Memory: 15683M
[2026-04-03T01:15:45.687+0600][0.007s][info][gc,init] Large Page Support: Disabled
[2026-04-03T01:15:45.687+0600][0.007s][info][gc,init] NUMA Support: Disabled
[2026-04-03T01:15:45.687+0600][0.007s][info][gc,init] Compressed Oops: Enabled (Zero based)
[2026-04-03T01:15:45.687+0600][0.007s][info][gc,init] Heap Region Size: 2M
[2026-04-03T01:15:45.687+0600][0.007s][info][gc,init] Heap Min Capacity: 8M
[2026-04-03T01:15:45.687+0600][0.007s][info][gc,init] Heap Initial Capacity: 246M
[2026-04-03T01:15:45.687+0600][0.007s][info][gc,init] Heap Max Capacity: 3922M
[2026-04-03T01:15:45.687+0600][0.007s][info][gc,init] Pre-touch: Disabled
[2026-04-03T01:15:45.687+0600][0.007s][info][gc,init] Parallel Workers: 10
[2026-04-03T01:15:45.687+0600][0.007s][info][gc,init] Concurrent Workers: 2
[2026-04-03T01:15:45.687+0600][0.007s][info][gc,init] Concurrent Refinement Workers: 10
[2026-04-03T01:15:45.687+0600][0.007s][info][gc,init] Periodic GC: Disabled
[2026-04-03T01:15:45.700+0600][0.021s][info][gc,metaspace] CDS archive(s) mapped at: [0x00007903ff000000-0x00007903ffc9c000-0x00007903ffc9c000), size 13221888, SharedBaseAddress: 0x00007903ff000000, ArchiveRelocationMode: 1.
[2026-04-03T01:15:45.701+0600][0.021s][info][gc,metaspace] Compressed class space mapped at: 0x0000790400000000-0x0000790440000000, reserved size: 1073741824
[2026-04-03T01:15:45.701+0600][0.021s][info][gc,metaspace] Narrow klass base: 0x00007903ff000000, Narrow klass shift: 0, Narrow klass range: 0x100000000
[2026-04-03T01:15:46.436+0600][0.756s][info][gc,start    ] GC(0) Pause Full (System.gc())
[2026-04-03T01:15:46.438+0600][0.758s][info][gc,task     ] GC(0) Using 5 workers of 10 for full compaction
[2026-04-03T01:15:46.438+0600][0.758s][info][gc,phases,start] GC(0) Phase 1: Mark live objects
[2026-04-03T01:15:46.442+0600][0.762s][info][gc,phases      ] GC(0) Phase 1: Mark live objects 4.016ms
[2026-04-03T01:15:46.442+0600][0.762s][info][gc,phases,start] GC(0) Phase 2: Prepare compaction
[2026-04-03T01:15:46.443+0600][0.763s][info][gc,phases      ] GC(0) Phase 2: Prepare compaction 1.066ms
[2026-04-03T01:15:46.443+0600][0.763s][info][gc,phases,start] GC(0) Phase 3: Adjust pointers
[2026-04-03T01:15:46.445+0600][0.765s][info][gc,phases      ] GC(0) Phase 3: Adjust pointers 1.488ms
[2026-04-03T01:15:46.445+0600][0.765s][info][gc,phases,start] GC(0) Phase 4: Compact heap
[2026-04-03T01:15:46.447+0600][0.767s][info][gc,phases      ] GC(0) Phase 4: Compact heap 1.982ms
[2026-04-03T01:15:46.447+0600][0.767s][info][gc,phases,start] GC(0) Phase 5: Reset Metadata
[2026-04-03T01:15:46.447+0600][0.767s][info][gc,phases      ] GC(0) Phase 5: Reset Metadata 0.321ms
[2026-04-03T01:15:46.450+0600][0.770s][info][gc,heap        ] GC(0) Eden regions: 9->0(5)
[2026-04-03T01:15:46.450+0600][0.770s][info][gc,heap        ] GC(0) Survivor regions: 0->0(0)
[2026-04-03T01:15:46.450+0600][0.770s][info][gc,heap        ] GC(0) Old regions: 1->5
[2026-04-03T01:15:46.450+0600][0.770s][info][gc,heap        ] GC(0) Humongous regions: 0->0
[2026-04-03T01:15:46.450+0600][0.770s][info][gc,metaspace   ] GC(0) Metaspace: 6073K(6272K)->6073K(6272K) NonClass: 5252K(5312K)->5252K(5312K) Class: 820K(960K)->820K(960K)
[2026-04-03T01:15:46.450+0600][0.770s][info][gc             ] GC(0) Pause Full (System.gc()) 18M->3M(34M) 13.920ms
[2026-04-03T01:15:46.450+0600][0.770s][info][gc,cpu         ] GC(0) User=0.03s Sys=0.01s Real=0.02s
[2026-04-03T01:15:46.635+0600][0.955s][info][gc,start       ] GC(1) Pause Young (Normal) (G1 Evacuation Pause)
[2026-04-03T01:15:46.636+0600][0.957s][info][gc,task        ] GC(1) Using 10 workers of 10 for evacuation
[2026-04-03T01:15:46.642+0600][0.962s][info][gc,phases      ] GC(1)   Pre Evacuate Collection Set: 0.27ms
[2026-04-03T01:15:46.642+0600][0.962s][info][gc,phases      ] GC(1)   Merge Heap Roots: 0.23ms
[2026-04-03T01:15:46.642+0600][0.962s][info][gc,phases      ] GC(1)   Evacuate Collection Set: 4.03ms
[2026-04-03T01:15:46.642+0600][0.962s][info][gc,phases      ] GC(1)   Post Evacuate Collection Set: 0.42ms
[2026-04-03T01:15:46.642+0600][0.962s][info][gc,phases      ] GC(1)   Other: 1.41ms
[2026-04-03T01:15:46.642+0600][0.962s][info][gc,heap        ] GC(1) Eden regions: 5->0(3)
[2026-04-03T01:15:46.642+0600][0.962s][info][gc,heap        ] GC(1) Survivor regions: 0->1(1)
[2026-04-03T01:15:46.642+0600][0.962s][info][gc,heap        ] GC(1) Old regions: 5->6
[2026-04-03T01:15:46.642+0600][0.962s][info][gc,heap        ] GC(1) Humongous regions: 0->0
[2026-04-03T01:15:46.642+0600][0.962s][info][gc,metaspace   ] GC(1) Metaspace: 7218K(7488K)->7218K(7488K) NonClass: 6262K(6400K)->6262K(6400K) Class: 956K(1088K)->956K(1088K)
[2026-04-03T01:15:46.642+0600][0.962s][info][gc             ] GC(1) Pause Young (Normal) (G1 Evacuation Pause) 13M->6M(34M) 6.790ms
[2026-04-03T01:15:46.642+0600][0.962s][info][gc,cpu         ] GC(1) User=0.03s Sys=0.01s Real=0.01s
[2026-04-03T01:15:46.751+0600][1.071s][info][gc,start       ] GC(2) Pause Young (Normal) (G1 Evacuation Pause)
[2026-04-03T01:15:46.751+0600][1.071s][info][gc,task        ] GC(2) Using 10 workers of 10 for evacuation
[2026-04-03T01:15:46.756+0600][1.076s][info][gc,phases      ] GC(2)   Pre Evacuate Collection Set: 0.25ms
[2026-04-03T01:15:46.756+0600][1.076s][info][gc,phases      ] GC(2)   Merge Heap Roots: 0.17ms
[2026-04-03T01:15:46.756+0600][1.076s][info][gc,phases      ] GC(2)   Evacuate Collection Set: 4.13ms
[2026-04-03T01:15:46.756+0600][1.076s][info][gc,phases      ] GC(2)   Post Evacuate Collection Set: 0.49ms
[2026-04-03T01:15:46.756+0600][1.077s][info][gc,phases      ] GC(2)   Other: 0.11ms
[2026-04-03T01:15:46.756+0600][1.077s][info][gc,heap        ] GC(2) Eden regions: 3->0(2)
[2026-04-03T01:15:46.756+0600][1.077s][info][gc,heap        ] GC(2) Survivor regions: 1->1(1)
[2026-04-03T01:15:46.756+0600][1.077s][info][gc,heap        ] GC(2) Old regions: 6->7
[2026-04-03T01:15:46.756+0600][1.077s][info][gc,heap        ] GC(2) Humongous regions: 0->0
[2026-04-03T01:15:46.757+0600][1.077s][info][gc,metaspace   ] GC(2) Metaspace: 7305K(7616K)->7305K(7616K) NonClass: 6347K(6528K)->6347K(6528K) Class: 957K(1088K)->957K(1088K)
[2026-04-03T01:15:46.757+0600][1.077s][info][gc             ] GC(2) Pause Young (Normal) (G1 Evacuation Pause) 12M->8M(34M) 5.504ms
[2026-04-03T01:15:46.757+0600][1.077s][info][gc,cpu         ] GC(2) User=0.02s Sys=0.01s Real=0.00s
[2026-04-03T01:15:46.832+0600][1.152s][info][gc,start       ] GC(3) Pause Young (Normal) (G1 Evacuation Pause)
[2026-04-03T01:15:46.832+0600][1.152s][info][gc,task        ] GC(3) Using 10 workers of 10 for evacuation
[2026-04-03T01:15:46.836+0600][1.156s][info][gc,phases      ] GC(3)   Pre Evacuate Collection Set: 0.39ms
[2026-04-03T01:15:46.836+0600][1.156s][info][gc,phases      ] GC(3)   Merge Heap Roots: 0.16ms
[2026-04-03T01:15:46.836+0600][1.156s][info][gc,phases      ] GC(3)   Evacuate Collection Set: 2.78ms
[2026-04-03T01:15:46.836+0600][1.156s][info][gc,phases      ] GC(3)   Post Evacuate Collection Set: 0.50ms
[2026-04-03T01:15:46.836+0600][1.156s][info][gc,phases      ] GC(3)   Other: 0.14ms
[2026-04-03T01:15:46.836+0600][1.156s][info][gc,heap        ] GC(3) Eden regions: 2->0(3)
[2026-04-03T01:15:46.836+0600][1.156s][info][gc,heap        ] GC(3) Survivor regions: 1->1(1)
[2026-04-03T01:15:46.836+0600][1.156s][info][gc,heap        ] GC(3) Old regions: 7->8
[2026-04-03T01:15:46.836+0600][1.156s][info][gc,heap        ] GC(3) Humongous regions: 0->0
[2026-04-03T01:15:46.836+0600][1.156s][info][gc,metaspace   ] GC(3) Metaspace: 7372K(7680K)->7372K(7680K) NonClass: 6414K(6592K)->6414K(6592K) Class: 957K(1088K)->957K(1088K)
[2026-04-03T01:15:46.836+0600][1.156s][info][gc             ] GC(3) Pause Young (Normal) (G1 Evacuation Pause) 12M->9M(34M) 4.390ms
[2026-04-03T01:15:46.836+0600][1.156s][info][gc,cpu         ] GC(3) User=0.02s Sys=0.01s Real=0.00s
[2026-04-03T01:15:46.893+0600][1.213s][info][gc,start       ] GC(4) Pause Young (Concurrent Start) (G1 Evacuation Pause)
[2026-04-03T01:15:46.893+0600][1.214s][info][gc,task        ] GC(4) Using 10 workers of 10 for evacuation
[2026-04-03T01:15:46.897+0600][1.217s][info][gc,phases      ] GC(4)   Pre Evacuate Collection Set: 0.35ms
[2026-04-03T01:15:46.897+0600][1.217s][info][gc,phases      ] GC(4)   Merge Heap Roots: 0.14ms
[2026-04-03T01:15:46.897+0600][1.217s][info][gc,phases      ] GC(4)   Evacuate Collection Set: 1.96ms
[2026-04-03T01:15:46.897+0600][1.217s][info][gc,phases      ] GC(4)   Post Evacuate Collection Set: 1.07ms
[2026-04-03T01:15:46.897+0600][1.217s][info][gc,phases      ] GC(4)   Other: 0.15ms
[2026-04-03T01:15:46.897+0600][1.217s][info][gc,heap        ] GC(4) Eden regions: 3->0(36)
[2026-04-03T01:15:46.897+0600][1.217s][info][gc,heap        ] GC(4) Survivor regions: 1->1(1)
[2026-04-03T01:15:46.897+0600][1.217s][info][gc,heap        ] GC(4) Old regions: 8->8
[2026-04-03T01:15:46.897+0600][1.217s][info][gc,heap        ] GC(4) Humongous regions: 0->0
[2026-04-03T01:15:46.897+0600][1.217s][info][gc,metaspace   ] GC(4) Metaspace: 7431K(7680K)->7431K(7680K) NonClass: 6473K(6592K)->6473K(6592K) Class: 957K(1088K)->957K(1088K)
[2026-04-03T01:15:46.897+0600][1.217s][info][gc             ] GC(4) Pause Young (Concurrent Start) (G1 Evacuation Pause) 15M->10M(140M) 3.934ms
[2026-04-03T01:15:46.897+0600][1.217s][info][gc,cpu         ] GC(4) User=0.02s Sys=0.01s Real=0.00s
[2026-04-03T01:15:46.897+0600][1.218s][info][gc             ] GC(5) Concurrent Mark Cycle
[2026-04-03T01:15:46.898+0600][1.218s][info][gc,marking     ] GC(5) Concurrent Scan Root Regions
[2026-04-03T01:15:46.899+0600][1.219s][info][gc,marking     ] GC(5) Concurrent Scan Root Regions 1.426ms
[2026-04-03T01:15:46.899+0600][1.219s][info][gc,marking     ] GC(5) Concurrent Mark
[2026-04-03T01:15:46.899+0600][1.219s][info][gc,marking     ] GC(5) Concurrent Mark From Roots
[2026-04-03T01:15:46.899+0600][1.219s][info][gc,task        ] GC(5) Using 2 workers of 2 for marking
[2026-04-03T01:15:46.915+0600][1.235s][info][gc,marking     ] GC(5) Concurrent Mark From Roots 15.438ms
[2026-04-03T01:15:46.915+0600][1.235s][info][gc,marking     ] GC(5) Concurrent Preclean
[2026-04-03T01:15:46.915+0600][1.235s][info][gc,marking     ] GC(5) Concurrent Preclean 0.049ms
[2026-04-03T01:15:46.916+0600][1.236s][info][gc,start       ] GC(5) Pause Remark
[2026-04-03T01:15:46.920+0600][1.240s][info][gc             ] GC(5) Pause Remark 13M->13M(60M) 3.720ms
[2026-04-03T01:15:46.920+0600][1.240s][info][gc,cpu         ] GC(5) User=0.03s Sys=0.00s Real=0.00s
[2026-04-03T01:15:46.920+0600][1.240s][info][gc,marking     ] GC(5) Concurrent Mark 20.757ms
[2026-04-03T01:15:46.920+0600][1.240s][info][gc,marking     ] GC(5) Concurrent Rebuild Remembered Sets and Scrub Regions
[2026-04-03T01:15:46.929+0600][1.249s][info][gc,marking     ] GC(5) Concurrent Rebuild Remembered Sets and Scrub Regions 8.975ms
[2026-04-03T01:15:46.930+0600][1.250s][info][gc,start       ] GC(5) Pause Cleanup
[2026-04-03T01:15:46.930+0600][1.250s][info][gc             ] GC(5) Pause Cleanup 14M->14M(60M) 0.270ms
[2026-04-03T01:15:46.930+0600][1.250s][info][gc,cpu         ] GC(5) User=0.00s Sys=0.00s Real=0.00s
[2026-04-03T01:15:46.932+0600][1.252s][info][gc,marking     ] GC(5) Concurrent Clear Claimed Marks
[2026-04-03T01:15:46.932+0600][1.252s][info][gc,marking     ] GC(5) Concurrent Clear Claimed Marks 0.048ms
[2026-04-03T01:15:46.932+0600][1.252s][info][gc,marking     ] GC(5) Concurrent Cleanup for Next Mark
[2026-04-03T01:15:46.937+0600][1.257s][info][gc,marking     ] GC(5) Concurrent Cleanup for Next Mark 4.889ms
[2026-04-03T01:15:46.937+0600][1.257s][info][gc             ] GC(5) Concurrent Mark Cycle 39.311ms
[2026-04-03T01:15:47.145+0600][1.465s][info][gc,start       ] GC(6) Pause Young (Prepare Mixed) (G1 Evacuation Pause)
[2026-04-03T01:15:47.145+0600][1.465s][info][gc,task        ] GC(6) Using 10 workers of 10 for evacuation
[2026-04-03T01:15:47.150+0600][1.470s][info][gc,phases      ] GC(6)   Pre Evacuate Collection Set: 0.21ms
[2026-04-03T01:15:47.150+0600][1.470s][info][gc,phases      ] GC(6)   Merge Heap Roots: 0.14ms
[2026-04-03T01:15:47.150+0600][1.470s][info][gc,phases      ] GC(6)   Evacuate Collection Set: 3.92ms
[2026-04-03T01:15:47.150+0600][1.470s][info][gc,phases      ] GC(6)   Post Evacuate Collection Set: 0.48ms
[2026-04-03T01:15:47.150+0600][1.470s][info][gc,phases      ] GC(6)   Other: 0.11ms
[2026-04-03T01:15:47.150+0600][1.470s][info][gc,heap        ] GC(6) Eden regions: 21->0(17)
[2026-04-03T01:15:47.150+0600][1.470s][info][gc,heap        ] GC(6) Survivor regions: 1->2(5)
[2026-04-03T01:15:47.150+0600][1.470s][info][gc,heap        ] GC(6) Old regions: 8->8
[2026-04-03T01:15:47.150+0600][1.470s][info][gc,heap        ] GC(6) Humongous regions: 0->0
[2026-04-03T01:15:47.150+0600][1.470s][info][gc,metaspace   ] GC(6) Metaspace: 7516K(7808K)->7516K(7808K) NonClass: 6560K(6720K)->6560K(6720K) Class: 956K(1088K)->956K(1088K)
[2026-04-03T01:15:47.150+0600][1.471s][info][gc             ] GC(6) Pause Young (Prepare Mixed) (G1 Evacuation Pause) 52M->11M(64M) 5.164ms
[2026-04-03T01:15:47.150+0600][1.471s][info][gc,cpu         ] GC(6) User=0.02s Sys=0.00s Real=0.01s
[2026-04-03T01:15:47.354+0600][1.674s][info][gc,start       ] GC(7) Pause Young (Mixed) (G1 Evacuation Pause)
[2026-04-03T01:15:47.354+0600][1.674s][info][gc,task        ] GC(7) Using 10 workers of 10 for evacuation
[2026-04-03T01:15:47.359+0600][1.679s][info][gc,phases      ] GC(7)   Pre Evacuate Collection Set: 0.25ms
[2026-04-03T01:15:47.359+0600][1.679s][info][gc,phases      ] GC(7)   Merge Heap Roots: 0.13ms
[2026-04-03T01:15:47.359+0600][1.679s][info][gc,phases      ] GC(7)   Evacuate Collection Set: 3.21ms
[2026-04-03T01:15:47.359+0600][1.679s][info][gc,phases      ] GC(7)   Post Evacuate Collection Set: 0.78ms
[2026-04-03T01:15:47.359+0600][1.679s][info][gc,phases      ] GC(7)   Other: 0.10ms
[2026-04-03T01:15:47.359+0600][1.679s][info][gc,heap        ] GC(7) Eden regions: 17->0(17)
[2026-04-03T01:15:47.359+0600][1.679s][info][gc,heap        ] GC(7) Survivor regions: 2->2(3)
[2026-04-03T01:15:47.359+0600][1.679s][info][gc,heap        ] GC(7) Old regions: 8->5
[2026-04-03T01:15:47.359+0600][1.679s][info][gc,heap        ] GC(7) Humongous regions: 0->0
[2026-04-03T01:15:47.359+0600][1.679s][info][gc,metaspace   ] GC(7) Metaspace: 7549K(7808K)->7549K(7808K) NonClass: 6591K(6720K)->6591K(6720K) Class: 957K(1088K)->957K(1088K)
[2026-04-03T01:15:47.359+0600][1.679s][info][gc             ] GC(7) Pause Young (Mixed) (G1 Evacuation Pause) 45M->8M(64M) 4.745ms
[2026-04-03T01:15:47.359+0600][1.679s][info][gc,cpu         ] GC(7) User=0.02s Sys=0.01s Real=0.00s
[2026-04-03T01:15:47.549+0600][1.869s][info][gc,start       ] GC(8) Pause Young (Mixed) (G1 Evacuation Pause)
[2026-04-03T01:15:47.549+0600][1.869s][info][gc,task        ] GC(8) Using 10 workers of 10 for evacuation
[2026-04-03T01:15:47.553+0600][1.873s][info][gc,phases      ] GC(8)   Pre Evacuate Collection Set: 0.39ms
[2026-04-03T01:15:47.553+0600][1.873s][info][gc,phases      ] GC(8)   Merge Heap Roots: 0.24ms
[2026-04-03T01:15:47.553+0600][1.873s][info][gc,phases      ] GC(8)   Evacuate Collection Set: 2.19ms
[2026-04-03T01:15:47.553+0600][1.873s][info][gc,phases      ] GC(8)   Post Evacuate Collection Set: 0.72ms
[2026-04-03T01:15:47.553+0600][1.873s][info][gc,phases      ] GC(8)   Other: 0.14ms
[2026-04-03T01:15:47.553+0600][1.873s][info][gc,heap        ] GC(8) Eden regions: 17->0(17)
[2026-04-03T01:15:47.553+0600][1.873s][info][gc,heap        ] GC(8) Survivor regions: 2->2(3)
[2026-04-03T01:15:47.553+0600][1.873s][info][gc,heap        ] GC(8) Old regions: 5->4
[2026-04-03T01:15:47.553+0600][1.873s][info][gc,heap        ] GC(8) Humongous regions: 0->0
[2026-04-03T01:15:47.553+0600][1.873s][info][gc,metaspace   ] GC(8) Metaspace: 7580K(7808K)->7580K(7808K) NonClass: 6623K(6720K)->6623K(6720K) Class: 957K(1088K)->957K(1088K)
[2026-04-03T01:15:47.553+0600][1.873s][info][gc             ] GC(8) Pause Young (Mixed) (G1 Evacuation Pause) 42M->7M(64M) 4.038ms
[2026-04-03T01:15:47.553+0600][1.873s][info][gc,cpu         ] GC(8) User=0.02s Sys=0.00s Real=0.01s
[2026-04-03T01:15:47.702+0600][2.022s][info][gc,start       ] GC(9) Pause Young (Normal) (G1 Evacuation Pause)
[2026-04-03T01:15:47.702+0600][2.022s][info][gc,task        ] GC(9) Using 10 workers of 10 for evacuation
[2026-04-03T01:15:47.704+0600][2.024s][info][gc,phases      ] GC(9)   Pre Evacuate Collection Set: 0.21ms
[2026-04-03T01:15:47.704+0600][2.024s][info][gc,phases      ] GC(9)   Merge Heap Roots: 0.09ms
[2026-04-03T01:15:47.704+0600][2.024s][info][gc,phases      ] GC(9)   Evacuate Collection Set: 1.11ms
[2026-04-03T01:15:47.704+0600][2.024s][info][gc,phases      ] GC(9)   Post Evacuate Collection Set: 0.56ms
[2026-04-03T01:15:47.704+0600][2.024s][info][gc,phases      ] GC(9)   Other: 0.11ms
[2026-04-03T01:15:47.704+0600][2.024s][info][gc,heap        ] GC(9) Eden regions: 17->0(21)
[2026-04-03T01:15:47.704+0600][2.024s][info][gc,heap        ] GC(9) Survivor regions: 2->2(3)
[2026-04-03T01:15:47.704+0600][2.024s][info][gc,heap        ] GC(9) Old regions: 4->4
[2026-04-03T01:15:47.704+0600][2.024s][info][gc,heap        ] GC(9) Humongous regions: 0->0
[2026-04-03T01:15:47.704+0600][2.024s][info][gc,metaspace   ] GC(9) Metaspace: 7645K(7872K)->7645K(7872K) NonClass: 6688K(6784K)->6688K(6784K) Class: 957K(1088K)->957K(1088K)
[2026-04-03T01:15:47.704+0600][2.024s][info][gc             ] GC(9) Pause Young (Normal) (G1 Evacuation Pause) 41M->7M(78M) 2.338ms
[2026-04-03T01:15:47.704+0600][2.024s][info][gc,cpu         ] GC(9) User=0.01s Sys=0.01s Real=0.00s
[2026-04-03T01:15:47.910+0600][2.230s][info][gc,start       ] GC(10) Pause Young (Normal) (G1 Evacuation Pause)
[2026-04-03T01:15:47.910+0600][2.230s][info][gc,task        ] GC(10) Using 10 workers of 10 for evacuation
[2026-04-03T01:15:47.912+0600][2.232s][info][gc,phases      ] GC(10)   Pre Evacuate Collection Set: 0.22ms
[2026-04-03T01:15:47.912+0600][2.232s][info][gc,phases      ] GC(10)   Merge Heap Roots: 0.15ms
[2026-04-03T01:15:47.912+0600][2.232s][info][gc,phases      ] GC(10)   Evacuate Collection Set: 1.38ms
[2026-04-03T01:15:47.912+0600][2.232s][info][gc,phases      ] GC(10)   Post Evacuate Collection Set: 0.44ms
[2026-04-03T01:15:47.912+0600][2.232s][info][gc,phases      ] GC(10)   Other: 0.11ms
[2026-04-03T01:15:47.912+0600][2.232s][info][gc,heap        ] GC(10) Eden regions: 21->0(21)
[2026-04-03T01:15:47.912+0600][2.232s][info][gc,heap        ] GC(10) Survivor regions: 2->2(3)
[2026-04-03T01:15:47.912+0600][2.232s][info][gc,heap        ] GC(10) Old regions: 4->4
[2026-04-03T01:15:47.912+0600][2.232s][info][gc,heap        ] GC(10) Humongous regions: 0->0
[2026-04-03T01:15:47.912+0600][2.232s][info][gc,metaspace   ] GC(10) Metaspace: 7707K(7936K)->7707K(7936K) NonClass: 6750K(6848K)->6750K(6848K) Class: 957K(1088K)->957K(1088K)
[2026-04-03T01:15:47.912+0600][2.232s][info][gc             ] GC(10) Pause Young (Normal) (G1 Evacuation Pause) 49M->7M(78M) 2.629ms
[2026-04-03T01:15:47.912+0600][2.232s][info][gc,cpu         ] GC(10) User=0.02s Sys=0.00s Real=0.01s
[2026-04-03T01:15:48.123+0600][2.443s][info][gc,start       ] GC(11) Pause Young (Normal) (G1 Evacuation Pause)
[2026-04-03T01:15:48.124+0600][2.444s][info][gc,task        ] GC(11) Using 10 workers of 10 for evacuation
[2026-04-03T01:15:48.128+0600][2.448s][info][gc,phases      ] GC(11)   Pre Evacuate Collection Set: 0.33ms
[2026-04-03T01:15:48.128+0600][2.448s][info][gc,phases      ] GC(11)   Merge Heap Roots: 0.14ms
[2026-04-03T01:15:48.128+0600][2.448s][info][gc,phases      ] GC(11)   Evacuate Collection Set: 3.01ms
[2026-04-03T01:15:48.128+0600][2.448s][info][gc,phases      ] GC(11)   Post Evacuate Collection Set: 0.51ms
[2026-04-03T01:15:48.128+0600][2.448s][info][gc,phases      ] GC(11)   Other: 0.16ms
[2026-04-03T01:15:48.128+0600][2.448s][info][gc,heap        ] GC(11) Eden regions: 21->0(21)
[2026-04-03T01:15:48.128+0600][2.448s][info][gc,heap        ] GC(11) Survivor regions: 2->2(3)
[2026-04-03T01:15:48.128+0600][2.448s][info][gc,heap        ] GC(11) Old regions: 4->4
[2026-04-03T01:15:48.128+0600][2.448s][info][gc,heap        ] GC(11) Humongous regions: 0->0
[2026-04-03T01:15:48.128+0600][2.448s][info][gc,metaspace   ] GC(11) Metaspace: 7777K(8000K)->7777K(8000K) NonClass: 6820K(6912K)->6820K(6912K) Class: 957K(1088K)->957K(1088K)
[2026-04-03T01:15:48.128+0600][2.448s][info][gc             ] GC(11) Pause Young (Normal) (G1 Evacuation Pause) 49M->7M(78M) 4.623ms
[2026-04-03T01:15:48.128+0600][2.448s][info][gc,cpu         ] GC(11) User=0.02s Sys=0.00s Real=0.00s
[2026-04-03T01:15:48.325+0600][2.645s][info][gc,start       ] GC(12) Pause Young (Normal) (G1 Evacuation Pause)
[2026-04-03T01:15:48.325+0600][2.645s][info][gc,task        ] GC(12) Using 10 workers of 10 for evacuation
[2026-04-03T01:15:48.328+0600][2.648s][info][gc,phases      ] GC(12)   Pre Evacuate Collection Set: 0.28ms
[2026-04-03T01:15:48.328+0600][2.648s][info][gc,phases      ] GC(12)   Merge Heap Roots: 0.13ms
[2026-04-03T01:15:48.328+0600][2.648s][info][gc,phases      ] GC(12)   Evacuate Collection Set: 1.60ms
[2026-04-03T01:15:48.328+0600][2.648s][info][gc,phases      ] GC(12)   Post Evacuate Collection Set: 0.44ms
[2026-04-03T01:15:48.328+0600][2.648s][info][gc,phases      ] GC(12)   Other: 0.14ms
[2026-04-03T01:15:48.328+0600][2.648s][info][gc,heap        ] GC(12) Eden regions: 21->0(21)
[2026-04-03T01:15:48.328+0600][2.648s][info][gc,heap        ] GC(12) Survivor regions: 2->2(3)
[2026-04-03T01:15:48.328+0600][2.648s][info][gc,heap        ] GC(12) Old regions: 4->4
[2026-04-03T01:15:48.328+0600][2.648s][info][gc,heap        ] GC(12) Humongous regions: 0->0
[2026-04-03T01:15:48.328+0600][2.648s][info][gc,metaspace   ] GC(12) Metaspace: 7822K(8064K)->7822K(8064K) NonClass: 6864K(6976K)->6864K(6976K) Class: 957K(1088K)->957K(1088K)
[2026-04-03T01:15:48.328+0600][2.648s][info][gc             ] GC(12) Pause Young (Normal) (G1 Evacuation Pause) 49M->6M(78M) 2.911ms
[2026-04-03T01:15:48.328+0600][2.648s][info][gc,cpu         ] GC(12) User=0.02s Sys=0.00s Real=0.00s
[2026-04-03T01:15:48.539+0600][2.859s][info][gc,start       ] GC(13) Pause Young (Normal) (G1 Evacuation Pause)
[2026-04-03T01:15:48.539+0600][2.859s][info][gc,task        ] GC(13) Using 10 workers of 10 for evacuation
[2026-04-03T01:15:48.543+0600][2.863s][info][gc,phases      ] GC(13)   Pre Evacuate Collection Set: 0.28ms
[2026-04-03T01:15:48.543+0600][2.863s][info][gc,phases      ] GC(13)   Merge Heap Roots: 0.14ms
[2026-04-03T01:15:48.543+0600][2.863s][info][gc,phases      ] GC(13)   Evacuate Collection Set: 2.13ms
[2026-04-03T01:15:48.543+0600][2.863s][info][gc,phases      ] GC(13)   Post Evacuate Collection Set: 0.78ms
[2026-04-03T01:15:48.543+0600][2.863s][info][gc,phases      ] GC(13)   Other: 0.13ms
[2026-04-03T01:15:48.543+0600][2.863s][info][gc,heap        ] GC(13) Eden regions: 21->0(26)
[2026-04-03T01:15:48.543+0600][2.863s][info][gc,heap        ] GC(13) Survivor regions: 2->2(3)
[2026-04-03T01:15:48.543+0600][2.863s][info][gc,heap        ] GC(13) Old regions: 4->4
[2026-04-03T01:15:48.543+0600][2.863s][info][gc,heap        ] GC(13) Humongous regions: 0->0
[2026-04-03T01:15:48.543+0600][2.863s][info][gc,metaspace   ] GC(13) Metaspace: 7835K(8064K)->7835K(8064K) NonClass: 6878K(6976K)->6878K(6976K) Class: 957K(1088K)->957K(1088K)
[2026-04-03T01:15:48.543+0600][2.863s][info][gc             ] GC(13) Pause Young (Normal) (G1 Evacuation Pause) 48M->6M(94M) 3.900ms
[2026-04-03T01:15:48.543+0600][2.863s][info][gc,cpu         ] GC(13) User=0.02s Sys=0.01s Real=0.01s
[2026-04-03T01:15:48.803+0600][3.124s][info][gc,start       ] GC(14) Pause Young (Normal) (G1 Evacuation Pause)
[2026-04-03T01:15:48.804+0600][3.124s][info][gc,task        ] GC(14) Using 10 workers of 10 for evacuation
[2026-04-03T01:15:48.806+0600][3.126s][info][gc,phases      ] GC(14)   Pre Evacuate Collection Set: 0.22ms
[2026-04-03T01:15:48.806+0600][3.126s][info][gc,phases      ] GC(14)   Merge Heap Roots: 0.11ms
[2026-04-03T01:15:48.806+0600][3.126s][info][gc,phases      ] GC(14)   Evacuate Collection Set: 1.60ms
[2026-04-03T01:15:48.806+0600][3.126s][info][gc,phases      ] GC(14)   Post Evacuate Collection Set: 0.43ms
[2026-04-03T01:15:48.806+0600][3.126s][info][gc,phases      ] GC(14)   Other: 0.11ms
[2026-04-03T01:15:48.806+0600][3.126s][info][gc,heap        ] GC(14) Eden regions: 26->0(26)
[2026-04-03T01:15:48.806+0600][3.126s][info][gc,heap        ] GC(14) Survivor regions: 2->2(4)
[2026-04-03T01:15:48.806+0600][3.126s][info][gc,heap        ] GC(14) Old regions: 4->4
[2026-04-03T01:15:48.806+0600][3.126s][info][gc,heap        ] GC(14) Humongous regions: 0->0
[2026-04-03T01:15:48.806+0600][3.126s][info][gc,metaspace   ] GC(14) Metaspace: 7898K(8128K)->7898K(8128K) NonClass: 6941K(7040K)->6941K(7040K) Class: 957K(1088K)->957K(1088K)
[2026-04-03T01:15:48.806+0600][3.126s][info][gc             ] GC(14) Pause Young (Normal) (G1 Evacuation Pause) 58M->7M(94M) 2.798ms
[2026-04-03T01:15:48.806+0600][3.126s][info][gc,cpu         ] GC(14) User=0.02s Sys=0.01s Real=0.00s
[2026-04-03T01:15:49.085+0600][3.405s][info][gc,start       ] GC(15) Pause Young (Normal) (G1 Evacuation Pause)
[2026-04-03T01:15:49.085+0600][3.405s][info][gc,task        ] GC(15) Using 10 workers of 10 for evacuation
[2026-04-03T01:15:49.094+0600][3.415s][info][gc,phases      ] GC(15)   Pre Evacuate Collection Set: 0.37ms
[2026-04-03T01:15:49.095+0600][3.415s][info][gc,phases      ] GC(15)   Merge Heap Roots: 0.28ms
[2026-04-03T01:15:49.095+0600][3.415s][info][gc,phases      ] GC(15)   Evacuate Collection Set: 7.57ms
[2026-04-03T01:15:49.095+0600][3.415s][info][gc,phases      ] GC(15)   Post Evacuate Collection Set: 0.99ms
[2026-04-03T01:15:49.095+0600][3.415s][info][gc,phases      ] GC(15)   Other: 0.17ms
[2026-04-03T01:15:49.095+0600][3.415s][info][gc,heap        ] GC(15) Eden regions: 26->0(26)
[2026-04-03T01:15:49.095+0600][3.415s][info][gc,heap        ] GC(15) Survivor regions: 2->2(4)
[2026-04-03T01:15:49.095+0600][3.415s][info][gc,heap        ] GC(15) Old regions: 4->4
[2026-04-03T01:15:49.095+0600][3.415s][info][gc,heap        ] GC(15) Humongous regions: 0->0
[2026-04-03T01:15:49.095+0600][3.415s][info][gc,metaspace   ] GC(15) Metaspace: 7958K(8256K)->7958K(8256K) NonClass: 7001K(7168K)->7001K(7168K) Class: 957K(1088K)->957K(1088K)
[2026-04-03T01:15:49.095+0600][3.415s][info][gc             ] GC(15) Pause Young (Normal) (G1 Evacuation Pause) 59M->7M(94M) 9.835ms
[2026-04-03T01:15:49.095+0600][3.415s][info][gc,cpu         ] GC(15) User=0.03s Sys=0.00s Real=0.01s
[2026-04-03T01:15:49.347+0600][3.668s][info][gc,start       ] GC(16) Pause Young (Normal) (G1 Evacuation Pause)
[2026-04-03T01:15:49.348+0600][3.668s][info][gc,task        ] GC(16) Using 10 workers of 10 for evacuation
[2026-04-03T01:15:49.356+0600][3.676s][info][gc,phases      ] GC(16)   Pre Evacuate Collection Set: 0.49ms
[2026-04-03T01:15:49.357+0600][3.677s][info][gc,phases      ] GC(16)   Merge Heap Roots: 0.23ms
[2026-04-03T01:15:49.357+0600][3.677s][info][gc,phases      ] GC(16)   Evacuate Collection Set: 7.39ms
[2026-04-03T01:15:49.357+0600][3.677s][info][gc,phases      ] GC(16)   Post Evacuate Collection Set: 0.59ms
[2026-04-03T01:15:49.357+0600][3.677s][info][gc,phases      ] GC(16)   Other: 0.13ms
[2026-04-03T01:15:49.357+0600][3.677s][info][gc,heap        ] GC(16) Eden regions: 26->0(26)
[2026-04-03T01:15:49.357+0600][3.677s][info][gc,heap        ] GC(16) Survivor regions: 2->2(4)
[2026-04-03T01:15:49.357+0600][3.677s][info][gc,heap        ] GC(16) Old regions: 4->4
[2026-04-03T01:15:49.357+0600][3.677s][info][gc,heap        ] GC(16) Humongous regions: 0->0
[2026-04-03T01:15:49.357+0600][3.677s][info][gc,metaspace   ] GC(16) Metaspace: 7982K(8256K)->7982K(8256K) NonClass: 7025K(7168K)->7025K(7168K) Class: 957K(1088K)->957K(1088K)
[2026-04-03T01:15:49.357+0600][3.677s][info][gc             ] GC(16) Pause Young (Normal) (G1 Evacuation Pause) 59M->7M(94M) 9.290ms
[2026-04-03T01:15:49.357+0600][3.677s][info][gc,cpu         ] GC(16) User=0.03s Sys=0.00s Real=0.01s
[2026-04-03T01:15:49.630+0600][3.950s][info][gc,start       ] GC(17) Pause Young (Normal) (G1 Evacuation Pause)
[2026-04-03T01:15:49.630+0600][3.950s][info][gc,task        ] GC(17) Using 10 workers of 10 for evacuation
[2026-04-03T01:15:49.632+0600][3.952s][info][gc,phases      ] GC(17)   Pre Evacuate Collection Set: 0.20ms
[2026-04-03T01:15:49.632+0600][3.952s][info][gc,phases      ] GC(17)   Merge Heap Roots: 0.12ms
[2026-04-03T01:15:49.632+0600][3.952s][info][gc,phases      ] GC(17)   Evacuate Collection Set: 1.45ms
[2026-04-03T01:15:49.632+0600][3.952s][info][gc,phases      ] GC(17)   Post Evacuate Collection Set: 0.43ms
[2026-04-03T01:15:49.632+0600][3.952s][info][gc,phases      ] GC(17)   Other: 0.09ms
[2026-04-03T01:15:49.632+0600][3.952s][info][gc,heap        ] GC(17) Eden regions: 26->0(26)
[2026-04-03T01:15:49.632+0600][3.952s][info][gc,heap        ] GC(17) Survivor regions: 2->2(4)
[2026-04-03T01:15:49.632+0600][3.952s][info][gc,heap        ] GC(17) Old regions: 4->4
[2026-04-03T01:15:49.632+0600][3.952s][info][gc,heap        ] GC(17) Humongous regions: 0->0
[2026-04-03T01:15:49.632+0600][3.952s][info][gc,metaspace   ] GC(17) Metaspace: 8031K(8320K)->8031K(8320K) NonClass: 7074K(7232K)->7074K(7232K) Class: 957K(1088K)->957K(1088K)
[2026-04-03T01:15:49.632+0600][3.952s][info][gc             ] GC(17) Pause Young (Normal) (G1 Evacuation Pause) 59M->7M(94M) 2.637ms
[2026-04-03T01:15:49.632+0600][3.952s][info][gc,cpu         ] GC(17) User=0.02s Sys=0.01s Real=0.01s
[2026-04-03T01:15:49.897+0600][4.217s][info][gc,start       ] GC(18) Pause Young (Normal) (G1 Evacuation Pause)
[2026-04-03T01:15:49.897+0600][4.218s][info][gc,task        ] GC(18) Using 10 workers of 10 for evacuation
[2026-04-03T01:15:49.899+0600][4.219s][info][gc,phases      ] GC(18)   Pre Evacuate Collection Set: 0.24ms
[2026-04-03T01:15:49.899+0600][4.220s][info][gc,phases      ] GC(18)   Merge Heap Roots: 0.14ms
[2026-04-03T01:15:49.899+0600][4.220s][info][gc,phases      ] GC(18)   Evacuate Collection Set: 0.96ms
[2026-04-03T01:15:49.899+0600][4.220s][info][gc,phases      ] GC(18)   Post Evacuate Collection Set: 0.52ms
[2026-04-03T01:15:49.900+0600][4.220s][info][gc,phases      ] GC(18)   Other: 0.10ms
[2026-04-03T01:15:49.900+0600][4.220s][info][gc,heap        ] GC(18) Eden regions: 26->0(26)
[2026-04-03T01:15:49.900+0600][4.220s][info][gc,heap        ] GC(18) Survivor regions: 2->2(4)
[2026-04-03T01:15:49.900+0600][4.220s][info][gc,heap        ] GC(18) Old regions: 4->4
[2026-04-03T01:15:49.900+0600][4.220s][info][gc,heap        ] GC(18) Humongous regions: 0->0
[2026-04-03T01:15:49.900+0600][4.220s][info][gc,metaspace   ] GC(18) Metaspace: 8031K(8320K)->8031K(8320K) NonClass: 7074K(7232K)->7074K(7232K) Class: 957K(1088K)->957K(1088K)
[2026-04-03T01:15:49.900+0600][4.220s][info][gc             ] GC(18) Pause Young (Normal) (G1 Evacuation Pause) 59M->7M(94M) 2.240ms
[2026-04-03T01:15:49.900+0600][4.220s][info][gc,cpu         ] GC(18) User=0.01s Sys=0.00s Real=0.00s
[2026-04-03T01:15:50.137+0600][4.457s][info][gc,start       ] GC(19) Pause Young (Normal) (G1 Evacuation Pause)
[2026-04-03T01:15:50.137+0600][4.457s][info][gc,task        ] GC(19) Using 10 workers of 10 for evacuation
[2026-04-03T01:15:50.140+0600][4.460s][info][gc,phases      ] GC(19)   Pre Evacuate Collection Set: 0.21ms
[2026-04-03T01:15:50.140+0600][4.460s][info][gc,phases      ] GC(19)   Merge Heap Roots: 0.10ms
[2026-04-03T01:15:50.140+0600][4.460s][info][gc,phases      ] GC(19)   Evacuate Collection Set: 1.86ms
[2026-04-03T01:15:50.140+0600][4.460s][info][gc,phases      ] GC(19)   Post Evacuate Collection Set: 0.39ms
[2026-04-03T01:15:50.140+0600][4.460s][info][gc,phases      ] GC(19)   Other: 0.08ms
[2026-04-03T01:15:50.140+0600][4.460s][info][gc,heap        ] GC(19) Eden regions: 26->0(26)
[2026-04-03T01:15:50.140+0600][4.460s][info][gc,heap        ] GC(19) Survivor regions: 2->2(4)
[2026-04-03T01:15:50.140+0600][4.460s][info][gc,heap        ] GC(19) Old regions: 4->4
[2026-04-03T01:15:50.140+0600][4.460s][info][gc,heap        ] GC(19) Humongous regions: 0->0
[2026-04-03T01:15:50.140+0600][4.460s][info][gc,metaspace   ] GC(19) Metaspace: 8088K(8384K)->8088K(8384K) NonClass: 7131K(7296K)->7131K(7296K) Class: 957K(1088K)->957K(1088K)
[2026-04-03T01:15:50.140+0600][4.460s][info][gc             ] GC(19) Pause Young (Normal) (G1 Evacuation Pause) 59M->7M(94M) 2.882ms
[2026-04-03T01:15:50.140+0600][4.460s][info][gc,cpu         ] GC(19) User=0.02s Sys=0.00s Real=0.01s
[2026-04-03T01:15:50.363+0600][4.683s][info][gc,start       ] GC(20) Pause Young (Normal) (G1 Evacuation Pause)
[2026-04-03T01:15:50.363+0600][4.683s][info][gc,task        ] GC(20) Using 10 workers of 10 for evacuation
[2026-04-03T01:15:50.366+0600][4.686s][info][gc,phases      ] GC(20)   Pre Evacuate Collection Set: 0.35ms
[2026-04-03T01:15:50.366+0600][4.687s][info][gc,phases      ] GC(20)   Merge Heap Roots: 0.21ms
[2026-04-03T01:15:50.366+0600][4.687s][info][gc,phases      ] GC(20)   Evacuate Collection Set: 1.62ms
[2026-04-03T01:15:50.366+0600][4.687s][info][gc,phases      ] GC(20)   Post Evacuate Collection Set: 0.81ms
[2026-04-03T01:15:50.366+0600][4.687s][info][gc,phases      ] GC(20)   Other: 0.13ms
[2026-04-03T01:15:50.367+0600][4.687s][info][gc,heap        ] GC(20) Eden regions: 26->0(32)
[2026-04-03T01:15:50.367+0600][4.687s][info][gc,heap        ] GC(20) Survivor regions: 2->2(4)
[2026-04-03T01:15:50.367+0600][4.687s][info][gc,heap        ] GC(20) Old regions: 4->4
[2026-04-03T01:15:50.367+0600][4.687s][info][gc,heap        ] GC(20) Humongous regions: 0->0
[2026-04-03T01:15:50.367+0600][4.687s][info][gc,metaspace   ] GC(20) Metaspace: 8094K(8384K)->8094K(8384K) NonClass: 7137K(7296K)->7137K(7296K) Class: 957K(1088K)->957K(1088K)
[2026-04-03T01:15:50.367+0600][4.687s][info][gc             ] GC(20) Pause Young (Normal) (G1 Evacuation Pause) 59M->7M(114M) 3.489ms
[2026-04-03T01:15:50.367+0600][4.687s][info][gc,cpu         ] GC(20) User=0.02s Sys=0.00s Real=0.00s
[2026-04-03T01:15:50.687+0600][5.007s][info][gc,start       ] GC(21) Pause Young (Normal) (G1 Evacuation Pause)
[2026-04-03T01:15:50.687+0600][5.007s][info][gc,task        ] GC(21) Using 10 workers of 10 for evacuation
[2026-04-03T01:15:50.698+0600][5.018s][info][gc,phases      ] GC(21)   Pre Evacuate Collection Set: 0.30ms
[2026-04-03T01:15:50.698+0600][5.018s][info][gc,phases      ] GC(21)   Merge Heap Roots: 0.12ms
[2026-04-03T01:15:50.698+0600][5.018s][info][gc,phases      ] GC(21)   Evacuate Collection Set: 9.24ms
[2026-04-03T01:15:50.698+0600][5.018s][info][gc,phases      ] GC(21)   Post Evacuate Collection Set: 0.87ms
[2026-04-03T01:15:50.698+0600][5.018s][info][gc,phases      ] GC(21)   Other: 0.15ms
[2026-04-03T01:15:50.698+0600][5.018s][info][gc,heap        ] GC(21) Eden regions: 32->0(32)
[2026-04-03T01:15:50.698+0600][5.018s][info][gc,heap        ] GC(21) Survivor regions: 2->2(5)
[2026-04-03T01:15:50.698+0600][5.018s][info][gc,heap        ] GC(21) Old regions: 4->4
[2026-04-03T01:15:50.698+0600][5.018s][info][gc,heap        ] GC(21) Humongous regions: 0->0
[2026-04-03T01:15:50.698+0600][5.018s][info][gc,metaspace   ] GC(21) Metaspace: 8125K(8384K)->8125K(8384K) NonClass: 7167K(7296K)->7167K(7296K) Class: 957K(1088K)->957K(1088K)
[2026-04-03T01:15:50.698+0600][5.018s][info][gc             ] GC(21) Pause Young (Normal) (G1 Evacuation Pause) 71M->7M(114M) 11.057ms
[2026-04-03T01:15:50.698+0600][5.018s][info][gc,cpu         ] GC(21) User=0.03s Sys=0.00s Real=0.01s
[2026-04-03T01:15:51.021+0600][5.341s][info][gc,start       ] GC(22) Pause Young (Normal) (G1 Evacuation Pause)
[2026-04-03T01:15:51.021+0600][5.341s][info][gc,task        ] GC(22) Using 10 workers of 10 for evacuation
[2026-04-03T01:15:51.023+0600][5.343s][info][gc,phases      ] GC(22)   Pre Evacuate Collection Set: 0.27ms
[2026-04-03T01:15:51.023+0600][5.343s][info][gc,phases      ] GC(22)   Merge Heap Roots: 0.20ms
[2026-04-03T01:15:51.023+0600][5.343s][info][gc,phases      ] GC(22)   Evacuate Collection Set: 1.46ms
[2026-04-03T01:15:51.023+0600][5.343s][info][gc,phases      ] GC(22)   Post Evacuate Collection Set: 0.56ms
[2026-04-03T01:15:51.023+0600][5.343s][info][gc,phases      ] GC(22)   Other: 0.14ms
[2026-04-03T01:15:51.023+0600][5.343s][info][gc,heap        ] GC(22) Eden regions: 32->0(32)
[2026-04-03T01:15:51.023+0600][5.343s][info][gc,heap        ] GC(22) Survivor regions: 2->2(5)
[2026-04-03T01:15:51.023+0600][5.343s][info][gc,heap        ] GC(22) Old regions: 4->4
[2026-04-03T01:15:51.023+0600][5.344s][info][gc,heap        ] GC(22) Humongous regions: 0->0
[2026-04-03T01:15:51.023+0600][5.344s][info][gc,metaspace   ] GC(22) Metaspace: 8125K(8384K)->8125K(8384K) NonClass: 7167K(7296K)->7167K(7296K) Class: 957K(1088K)->957K(1088K)
[2026-04-03T01:15:51.024+0600][5.344s][info][gc             ] GC(22) Pause Young (Normal) (G1 Evacuation Pause) 71M->6M(114M) 2.939ms
[2026-04-03T01:15:51.024+0600][5.344s][info][gc,cpu         ] GC(22) User=0.01s Sys=0.00s Real=0.00s
[2026-04-03T01:15:51.338+0600][5.658s][info][gc,start       ] GC(23) Pause Young (Normal) (G1 Evacuation Pause)
[2026-04-03T01:15:51.338+0600][5.658s][info][gc,task        ] GC(23) Using 10 workers of 10 for evacuation
[2026-04-03T01:15:51.340+0600][5.660s][info][gc,phases      ] GC(23)   Pre Evacuate Collection Set: 0.17ms
[2026-04-03T01:15:51.340+0600][5.660s][info][gc,phases      ] GC(23)   Merge Heap Roots: 0.12ms
[2026-04-03T01:15:51.340+0600][5.660s][info][gc,phases      ] GC(23)   Evacuate Collection Set: 1.03ms
[2026-04-03T01:15:51.340+0600][5.660s][info][gc,phases      ] GC(23)   Post Evacuate Collection Set: 0.34ms
[2026-04-03T01:15:51.340+0600][5.660s][info][gc,phases      ] GC(23)   Other: 0.17ms
[2026-04-03T01:15:51.340+0600][5.660s][info][gc,heap        ] GC(23) Eden regions: 32->0(32)
[2026-04-03T01:15:51.340+0600][5.660s][info][gc,heap        ] GC(23) Survivor regions: 2->2(5)
[2026-04-03T01:15:51.340+0600][5.660s][info][gc,heap        ] GC(23) Old regions: 4->4
[2026-04-03T01:15:51.340+0600][5.660s][info][gc,heap        ] GC(23) Humongous regions: 0->0
[2026-04-03T01:15:51.340+0600][5.660s][info][gc,metaspace   ] GC(23) Metaspace: 8126K(8384K)->8126K(8384K) NonClass: 7168K(7296K)->7168K(7296K) Class: 957K(1088K)->957K(1088K)
[2026-04-03T01:15:51.340+0600][5.660s][info][gc             ] GC(23) Pause Young (Normal) (G1 Evacuation Pause) 70M->7M(114M) 2.118ms
[2026-04-03T01:15:51.340+0600][5.660s][info][gc,cpu         ] GC(23) User=0.01s Sys=0.00s Real=0.01s
[2026-04-03T01:15:51.627+0600][5.947s][info][gc,start       ] GC(24) Pause Young (Normal) (G1 Evacuation Pause)
[2026-04-03T01:15:51.627+0600][5.947s][info][gc,task        ] GC(24) Using 10 workers of 10 for evacuation
[2026-04-03T01:15:51.629+0600][5.949s][info][gc,phases      ] GC(24)   Pre Evacuate Collection Set: 0.19ms
[2026-04-03T01:15:51.629+0600][5.949s][info][gc,phases      ] GC(24)   Merge Heap Roots: 0.10ms
[2026-04-03T01:15:51.629+0600][5.949s][info][gc,phases      ] GC(24)   Evacuate Collection Set: 1.04ms
[2026-04-03T01:15:51.629+0600][5.949s][info][gc,phases      ] GC(24)   Post Evacuate Collection Set: 0.36ms
[2026-04-03T01:15:51.629+0600][5.949s][info][gc,phases      ] GC(24)   Other: 0.10ms
[2026-04-03T01:15:51.629+0600][5.949s][info][gc,heap        ] GC(24) Eden regions: 32->0(32)
[2026-04-03T01:15:51.629+0600][5.949s][info][gc,heap        ] GC(24) Survivor regions: 2->2(5)
[2026-04-03T01:15:51.629+0600][5.949s][info][gc,heap        ] GC(24) Old regions: 4->4
[2026-04-03T01:15:51.629+0600][5.949s][info][gc,heap        ] GC(24) Humongous regions: 0->0
[2026-04-03T01:15:51.629+0600][5.949s][info][gc,metaspace   ] GC(24) Metaspace: 8126K(8384K)->8126K(8384K) NonClass: 7168K(7296K)->7168K(7296K) Class: 957K(1088K)->957K(1088K)
[2026-04-03T01:15:51.629+0600][5.949s][info][gc             ] GC(24) Pause Young (Normal) (G1 Evacuation Pause) 71M->7M(114M) 2.052ms
[2026-04-03T01:15:51.629+0600][5.949s][info][gc,cpu         ] GC(24) User=0.02s Sys=0.00s Real=0.00s
[2026-04-03T01:15:51.911+0600][6.231s][info][gc,start       ] GC(25) Pause Young (Normal) (G1 Evacuation Pause)
[2026-04-03T01:15:51.911+0600][6.231s][info][gc,task        ] GC(25) Using 10 workers of 10 for evacuation
[2026-04-03T01:15:51.913+0600][6.233s][info][gc,phases      ] GC(25)   Pre Evacuate Collection Set: 0.27ms
[2026-04-03T01:15:51.913+0600][6.233s][info][gc,phases      ] GC(25)   Merge Heap Roots: 0.11ms
[2026-04-03T01:15:51.913+0600][6.233s][info][gc,phases      ] GC(25)   Evacuate Collection Set: 1.29ms
[2026-04-03T01:15:51.913+0600][6.233s][info][gc,phases      ] GC(25)   Post Evacuate Collection Set: 0.42ms
[2026-04-03T01:15:51.913+0600][6.233s][info][gc,phases      ] GC(25)   Other: 0.09ms
[2026-04-03T01:15:51.913+0600][6.233s][info][gc,heap        ] GC(25) Eden regions: 32->0(32)
[2026-04-03T01:15:51.913+0600][6.233s][info][gc,heap        ] GC(25) Survivor regions: 2->2(5)
[2026-04-03T01:15:51.913+0600][6.233s][info][gc,heap        ] GC(25) Old regions: 4->4
[2026-04-03T01:15:51.913+0600][6.233s][info][gc,heap        ] GC(25) Humongous regions: 0->0
[2026-04-03T01:15:51.913+0600][6.233s][info][gc,metaspace   ] GC(25) Metaspace: 8127K(8384K)->8127K(8384K) NonClass: 7170K(7296K)->7170K(7296K) Class: 957K(1088K)->957K(1088K)
[2026-04-03T01:15:51.913+0600][6.233s][info][gc             ] GC(25) Pause Young (Normal) (G1 Evacuation Pause) 71M->7M(114M) 2.499ms
[2026-04-03T01:15:51.913+0600][6.233s][info][gc,cpu         ] GC(25) User=0.02s Sys=0.00s Real=0.00s
[2026-04-03T01:15:52.205+0600][6.525s][info][gc,start       ] GC(26) Pause Young (Normal) (G1 Evacuation Pause)
[2026-04-03T01:15:52.205+0600][6.525s][info][gc,task        ] GC(26) Using 10 workers of 10 for evacuation
[2026-04-03T01:15:52.207+0600][6.527s][info][gc,phases      ] GC(26)   Pre Evacuate Collection Set: 0.18ms
[2026-04-03T01:15:52.207+0600][6.527s][info][gc,phases      ] GC(26)   Merge Heap Roots: 0.09ms
[2026-04-03T01:15:52.207+0600][6.527s][info][gc,phases      ] GC(26)   Evacuate Collection Set: 0.89ms
[2026-04-03T01:15:52.207+0600][6.527s][info][gc,phases      ] GC(26)   Post Evacuate Collection Set: 0.34ms
[2026-04-03T01:15:52.207+0600][6.527s][info][gc,phases      ] GC(26)   Other: 0.09ms
[2026-04-03T01:15:52.207+0600][6.527s][info][gc,heap        ] GC(26) Eden regions: 32->0(32)
[2026-04-03T01:15:52.207+0600][6.527s][info][gc,heap        ] GC(26) Survivor regions: 2->2(5)
[2026-04-03T01:15:52.207+0600][6.527s][info][gc,heap        ] GC(26) Old regions: 4->4
[2026-04-03T01:15:52.207+0600][6.527s][info][gc,heap        ] GC(26) Humongous regions: 0->0
[2026-04-03T01:15:52.207+0600][6.527s][info][gc,metaspace   ] GC(26) Metaspace: 8127K(8384K)->8127K(8384K) NonClass: 7170K(7296K)->7170K(7296K) Class: 957K(1088K)->957K(1088K)
[2026-04-03T01:15:52.207+0600][6.527s][info][gc             ] GC(26) Pause Young (Normal) (G1 Evacuation Pause) 71M->7M(114M) 1.853ms
[2026-04-03T01:15:52.207+0600][6.527s][info][gc,cpu         ] GC(26) User=0.01s Sys=0.00s Real=0.00s
[2026-04-03T01:15:52.497+0600][6.817s][info][gc,start       ] GC(27) Pause Young (Normal) (G1 Evacuation Pause)
[2026-04-03T01:15:52.497+0600][6.817s][info][gc,task        ] GC(27) Using 10 workers of 10 for evacuation
[2026-04-03T01:15:52.499+0600][6.819s][info][gc,phases      ] GC(27)   Pre Evacuate Collection Set: 0.32ms
[2026-04-03T01:15:52.499+0600][6.819s][info][gc,phases      ] GC(27)   Merge Heap Roots: 0.13ms
[2026-04-03T01:15:52.499+0600][6.819s][info][gc,phases      ] GC(27)   Evacuate Collection Set: 0.90ms
[2026-04-03T01:15:52.499+0600][6.819s][info][gc,phases      ] GC(27)   Post Evacuate Collection Set: 0.32ms
[2026-04-03T01:15:52.499+0600][6.819s][info][gc,phases      ] GC(27)   Other: 0.09ms
[2026-04-03T01:15:52.499+0600][6.819s][info][gc,heap        ] GC(27) Eden regions: 32->0(32)
[2026-04-03T01:15:52.499+0600][6.819s][info][gc,heap        ] GC(27) Survivor regions: 2->2(5)
[2026-04-03T01:15:52.499+0600][6.819s][info][gc,heap        ] GC(27) Old regions: 4->4
[2026-04-03T01:15:52.499+0600][6.819s][info][gc,heap        ] GC(27) Humongous regions: 0->0
[2026-04-03T01:15:52.499+0600][6.819s][info][gc,metaspace   ] GC(27) Metaspace: 8127K(8384K)->8127K(8384K) NonClass: 7170K(7296K)->7170K(7296K) Class: 957K(1088K)->957K(1088K)
[2026-04-03T01:15:52.499+0600][6.819s][info][gc             ] GC(27) Pause Young (Normal) (G1 Evacuation Pause) 71M->7M(114M) 2.014ms
[2026-04-03T01:15:52.499+0600][6.819s][info][gc,cpu         ] GC(27) User=0.01s Sys=0.00s Real=0.00s
[2026-04-03T01:15:52.804+0600][7.124s][info][gc,start       ] GC(28) Pause Young (Normal) (G1 Evacuation Pause)
[2026-04-03T01:15:52.804+0600][7.124s][info][gc,task        ] GC(28) Using 10 workers of 10 for evacuation
[2026-04-03T01:15:52.806+0600][7.126s][info][gc,phases      ] GC(28)   Pre Evacuate Collection Set: 0.17ms
[2026-04-03T01:15:52.806+0600][7.126s][info][gc,phases      ] GC(28)   Merge Heap Roots: 0.09ms
[2026-04-03T01:15:52.806+0600][7.126s][info][gc,phases      ] GC(28)   Evacuate Collection Set: 0.83ms
[2026-04-03T01:15:52.806+0600][7.126s][info][gc,phases      ] GC(28)   Post Evacuate Collection Set: 0.36ms
[2026-04-03T01:15:52.806+0600][7.126s][info][gc,phases      ] GC(28)   Other: 0.09ms
[2026-04-03T01:15:52.806+0600][7.126s][info][gc,heap        ] GC(28) Eden regions: 32->0(32)
[2026-04-03T01:15:52.806+0600][7.126s][info][gc,heap        ] GC(28) Survivor regions: 2->2(5)
[2026-04-03T01:15:52.806+0600][7.126s][info][gc,heap        ] GC(28) Old regions: 4->4
[2026-04-03T01:15:52.806+0600][7.126s][info][gc,heap        ] GC(28) Humongous regions: 0->0
[2026-04-03T01:15:52.806+0600][7.126s][info][gc,metaspace   ] GC(28) Metaspace: 8128K(8384K)->8128K(8384K) NonClass: 7170K(7296K)->7170K(7296K) Class: 957K(1088K)->957K(1088K)
[2026-04-03T01:15:52.806+0600][7.126s][info][gc             ] GC(28) Pause Young (Normal) (G1 Evacuation Pause) 71M->7M(114M) 1.766ms
[2026-04-03T01:15:52.806+0600][7.126s][info][gc,cpu         ] GC(28) User=0.01s Sys=0.00s Real=0.00s
[2026-04-03T01:15:53.092+0600][7.412s][info][gc,start       ] GC(29) Pause Young (Normal) (G1 Evacuation Pause)
[2026-04-03T01:15:53.092+0600][7.412s][info][gc,task        ] GC(29) Using 10 workers of 10 for evacuation
[2026-04-03T01:15:53.094+0600][7.414s][info][gc,phases      ] GC(29)   Pre Evacuate Collection Set: 0.30ms
[2026-04-03T01:15:53.094+0600][7.414s][info][gc,phases      ] GC(29)   Merge Heap Roots: 0.16ms
[2026-04-03T01:15:53.094+0600][7.414s][info][gc,phases      ] GC(29)   Evacuate Collection Set: 0.95ms
[2026-04-03T01:15:53.094+0600][7.414s][info][gc,phases      ] GC(29)   Post Evacuate Collection Set: 0.59ms
[2026-04-03T01:15:53.094+0600][7.414s][info][gc,phases      ] GC(29)   Other: 0.10ms
[2026-04-03T01:15:53.094+0600][7.414s][info][gc,heap        ] GC(29) Eden regions: 32->0(32)
[2026-04-03T01:15:53.094+0600][7.414s][info][gc,heap        ] GC(29) Survivor regions: 2->2(5)
[2026-04-03T01:15:53.094+0600][7.414s][info][gc,heap        ] GC(29) Old regions: 4->4
[2026-04-03T01:15:53.094+0600][7.414s][info][gc,heap        ] GC(29) Humongous regions: 0->0
[2026-04-03T01:15:53.094+0600][7.414s][info][gc,metaspace   ] GC(29) Metaspace: 8128K(8384K)->8128K(8384K) NonClass: 7170K(7296K)->7170K(7296K) Class: 957K(1088K)->957K(1088K)
[2026-04-03T01:15:53.094+0600][7.414s][info][gc             ] GC(29) Pause Young (Normal) (G1 Evacuation Pause) 71M->7M(114M) 2.383ms
[2026-04-03T01:15:53.094+0600][7.414s][info][gc,cpu         ] GC(29) User=0.01s Sys=0.00s Real=0.00s
[2026-04-03T01:15:53.390+0600][7.710s][info][gc,start       ] GC(30) Pause Young (Normal) (G1 Evacuation Pause)
[2026-04-03T01:15:53.390+0600][7.710s][info][gc,task        ] GC(30) Using 10 workers of 10 for evacuation
[2026-04-03T01:15:53.392+0600][7.712s][info][gc,phases      ] GC(30)   Pre Evacuate Collection Set: 0.28ms
[2026-04-03T01:15:53.392+0600][7.712s][info][gc,phases      ] GC(30)   Merge Heap Roots: 0.16ms
[2026-04-03T01:15:53.392+0600][7.712s][info][gc,phases      ] GC(30)   Evacuate Collection Set: 0.86ms
[2026-04-03T01:15:53.392+0600][7.712s][info][gc,phases      ] GC(30)   Post Evacuate Collection Set: 0.48ms
[2026-04-03T01:15:53.392+0600][7.712s][info][gc,phases      ] GC(30)   Other: 0.14ms
[2026-04-03T01:15:53.392+0600][7.712s][info][gc,heap        ] GC(30) Eden regions: 32->0(32)
[2026-04-03T01:15:53.392+0600][7.712s][info][gc,heap        ] GC(30) Survivor regions: 2->2(5)
[2026-04-03T01:15:53.392+0600][7.712s][info][gc,heap        ] GC(30) Old regions: 4->4
[2026-04-03T01:15:53.392+0600][7.712s][info][gc,heap        ] GC(30) Humongous regions: 0->0
[2026-04-03T01:15:53.392+0600][7.712s][info][gc,metaspace   ] GC(30) Metaspace: 8128K(8384K)->8128K(8384K) NonClass: 7170K(7296K)->7170K(7296K) Class: 957K(1088K)->957K(1088K)
[2026-04-03T01:15:53.392+0600][7.712s][info][gc             ] GC(30) Pause Young (Normal) (G1 Evacuation Pause) 71M->6M(114M) 2.507ms
[2026-04-03T01:15:53.392+0600][7.713s][info][gc,cpu         ] GC(30) User=0.01s Sys=0.00s Real=0.00s
[2026-04-03T01:15:53.541+0600][7.861s][info][gc,start       ] GC(31) Pause Young (Normal) (G1 Evacuation Pause)
[2026-04-03T01:15:53.541+0600][7.861s][info][gc,task        ] GC(31) Using 10 workers of 10 for evacuation
[2026-04-03T01:15:53.543+0600][7.863s][info][gc,phases      ] GC(31)   Pre Evacuate Collection Set: 0.40ms
[2026-04-03T01:15:53.543+0600][7.863s][info][gc,phases      ] GC(31)   Merge Heap Roots: 0.12ms
[2026-04-03T01:15:53.543+0600][7.863s][info][gc,phases      ] GC(31)   Evacuate Collection Set: 0.90ms
[2026-04-03T01:15:53.543+0600][7.863s][info][gc,phases      ] GC(31)   Post Evacuate Collection Set: 0.43ms
[2026-04-03T01:15:53.543+0600][7.863s][info][gc,phases      ] GC(31)   Other: 0.12ms
[2026-04-03T01:15:53.543+0600][7.863s][info][gc,heap        ] GC(31) Eden regions: 32->0(32)
[2026-04-03T01:15:53.543+0600][7.863s][info][gc,heap        ] GC(31) Survivor regions: 2->2(5)
[2026-04-03T01:15:53.543+0600][7.863s][info][gc,heap        ] GC(31) Old regions: 4->4
[2026-04-03T01:15:53.543+0600][7.863s][info][gc,heap        ] GC(31) Humongous regions: 0->0
[2026-04-03T01:15:53.543+0600][7.863s][info][gc,metaspace   ] GC(31) Metaspace: 8128K(8384K)->8128K(8384K) NonClass: 7170K(7296K)->7170K(7296K) Class: 957K(1088K)->957K(1088K)
[2026-04-03T01:15:53.543+0600][7.863s][info][gc             ] GC(31) Pause Young (Normal) (G1 Evacuation Pause) 70M->6M(114M) 2.372ms
[2026-04-03T01:15:53.543+0600][7.863s][info][gc,cpu         ] GC(31) User=0.01s Sys=0.00s Real=0.00s
[2026-04-03T01:15:53.616+0600][7.936s][info][gc,start       ] GC(32) Pause Young (Normal) (G1 Evacuation Pause)
[2026-04-03T01:15:53.616+0600][7.936s][info][gc,task        ] GC(32) Using 10 workers of 10 for evacuation
[2026-04-03T01:15:53.618+0600][7.939s][info][gc,phases      ] GC(32)   Pre Evacuate Collection Set: 0.30ms
[2026-04-03T01:15:53.619+0600][7.939s][info][gc,phases      ] GC(32)   Merge Heap Roots: 0.13ms
[2026-04-03T01:15:53.619+0600][7.939s][info][gc,phases      ] GC(32)   Evacuate Collection Set: 1.69ms
[2026-04-03T01:15:53.619+0600][7.939s][info][gc,phases      ] GC(32)   Post Evacuate Collection Set: 0.37ms
[2026-04-03T01:15:53.619+0600][7.939s][info][gc,phases      ] GC(32)   Other: 0.14ms
[2026-04-03T01:15:53.619+0600][7.939s][info][gc,heap        ] GC(32) Eden regions: 32->0(32)
[2026-04-03T01:15:53.619+0600][7.939s][info][gc,heap        ] GC(32) Survivor regions: 2->2(5)
[2026-04-03T01:15:53.619+0600][7.939s][info][gc,heap        ] GC(32) Old regions: 4->4
[2026-04-03T01:15:53.619+0600][7.939s][info][gc,heap        ] GC(32) Humongous regions: 0->0
[2026-04-03T01:15:53.619+0600][7.939s][info][gc,metaspace   ] GC(32) Metaspace: 8128K(8384K)->8128K(8384K) NonClass: 7170K(7296K)->7170K(7296K) Class: 957K(1088K)->957K(1088K)
[2026-04-03T01:15:53.619+0600][7.939s][info][gc             ] GC(32) Pause Young (Normal) (G1 Evacuation Pause) 70M->7M(114M) 3.078ms
[2026-04-03T01:15:53.619+0600][7.939s][info][gc,cpu         ] GC(32) User=0.02s Sys=0.00s Real=0.00s
[2026-04-03T01:15:53.706+0600][8.027s][info][gc,start       ] GC(33) Pause Young (Normal) (G1 Evacuation Pause)
[2026-04-03T01:15:53.707+0600][8.027s][info][gc,task        ] GC(33) Using 10 workers of 10 for evacuation
[2026-04-03T01:15:53.710+0600][8.030s][info][gc,phases      ] GC(33)   Pre Evacuate Collection Set: 0.35ms
[2026-04-03T01:15:53.710+0600][8.030s][info][gc,phases      ] GC(33)   Merge Heap Roots: 0.19ms
[2026-04-03T01:15:53.710+0600][8.030s][info][gc,phases      ] GC(33)   Evacuate Collection Set: 1.91ms
[2026-04-03T01:15:53.710+0600][8.030s][info][gc,phases      ] GC(33)   Post Evacuate Collection Set: 0.59ms
[2026-04-03T01:15:53.710+0600][8.030s][info][gc,phases      ] GC(33)   Other: 0.14ms
[2026-04-03T01:15:53.710+0600][8.030s][info][gc,heap        ] GC(33) Eden regions: 32->0(32)
[2026-04-03T01:15:53.710+0600][8.030s][info][gc,heap        ] GC(33) Survivor regions: 2->2(5)
[2026-04-03T01:15:53.710+0600][8.030s][info][gc,heap        ] GC(33) Old regions: 4->4
[2026-04-03T01:15:53.710+0600][8.030s][info][gc,heap        ] GC(33) Humongous regions: 0->0
[2026-04-03T01:15:53.710+0600][8.030s][info][gc,metaspace   ] GC(33) Metaspace: 8128K(8384K)->8128K(8384K) NonClass: 7170K(7296K)->7170K(7296K) Class: 957K(1088K)->957K(1088K)
[2026-04-03T01:15:53.710+0600][8.030s][info][gc             ] GC(33) Pause Young (Normal) (G1 Evacuation Pause) 71M->7M(114M) 3.518ms
[2026-04-03T01:15:53.710+0600][8.030s][info][gc,cpu         ] GC(33) User=0.02s Sys=0.00s Real=0.01s
[2026-04-03T01:15:53.811+0600][8.131s][info][gc,start       ] GC(34) Pause Young (Normal) (G1 Evacuation Pause)
[2026-04-03T01:15:53.811+0600][8.131s][info][gc,task        ] GC(34) Using 10 workers of 10 for evacuation
[2026-04-03T01:15:53.814+0600][8.134s][info][gc,phases      ] GC(34)   Pre Evacuate Collection Set: 0.29ms
[2026-04-03T01:15:53.814+0600][8.134s][info][gc,phases      ] GC(34)   Merge Heap Roots: 0.17ms
[2026-04-03T01:15:53.814+0600][8.134s][info][gc,phases      ] GC(34)   Evacuate Collection Set: 1.67ms
[2026-04-03T01:15:53.814+0600][8.134s][info][gc,phases      ] GC(34)   Post Evacuate Collection Set: 0.61ms
[2026-04-03T01:15:53.814+0600][8.134s][info][gc,phases      ] GC(34)   Other: 0.10ms
[2026-04-03T01:15:53.814+0600][8.134s][info][gc,heap        ] GC(34) Eden regions: 32->0(32)
[2026-04-03T01:15:53.814+0600][8.134s][info][gc,heap        ] GC(34) Survivor regions: 2->2(5)
[2026-04-03T01:15:53.814+0600][8.134s][info][gc,heap        ] GC(34) Old regions: 4->4
[2026-04-03T01:15:53.814+0600][8.134s][info][gc,heap        ] GC(34) Humongous regions: 0->0
[2026-04-03T01:15:53.814+0600][8.134s][info][gc,metaspace   ] GC(34) Metaspace: 8128K(8384K)->8128K(8384K) NonClass: 7170K(7296K)->7170K(7296K) Class: 957K(1088K)->957K(1088K)
[2026-04-03T01:15:53.814+0600][8.134s][info][gc             ] GC(34) Pause Young (Normal) (G1 Evacuation Pause) 71M->7M(114M) 3.152ms
[2026-04-03T01:15:53.814+0600][8.134s][info][gc,cpu         ] GC(34) User=0.02s Sys=0.00s Real=0.00s
[2026-04-03T01:15:53.910+0600][8.230s][info][gc,start       ] GC(35) Pause Young (Normal) (G1 Evacuation Pause)
[2026-04-03T01:15:53.910+0600][8.230s][info][gc,task        ] GC(35) Using 10 workers of 10 for evacuation
[2026-04-03T01:15:53.913+0600][8.233s][info][gc,phases      ] GC(35)   Pre Evacuate Collection Set: 0.22ms
[2026-04-03T01:15:53.913+0600][8.233s][info][gc,phases      ] GC(35)   Merge Heap Roots: 0.25ms
[2026-04-03T01:15:53.913+0600][8.233s][info][gc,phases      ] GC(35)   Evacuate Collection Set: 1.20ms
[2026-04-03T01:15:53.913+0600][8.233s][info][gc,phases      ] GC(35)   Post Evacuate Collection Set: 0.85ms
[2026-04-03T01:15:53.913+0600][8.233s][info][gc,phases      ] GC(35)   Other: 0.11ms
[2026-04-03T01:15:53.913+0600][8.233s][info][gc,heap        ] GC(35) Eden regions: 32->0(40)
[2026-04-03T01:15:53.913+0600][8.233s][info][gc,heap        ] GC(35) Survivor regions: 2->2(5)
[2026-04-03T01:15:53.913+0600][8.233s][info][gc,heap        ] GC(35) Old regions: 4->4
[2026-04-03T01:15:53.913+0600][8.233s][info][gc,heap        ] GC(35) Humongous regions: 0->0
[2026-04-03T01:15:53.913+0600][8.233s][info][gc,metaspace   ] GC(35) Metaspace: 8128K(8384K)->8128K(8384K) NonClass: 7170K(7296K)->7170K(7296K) Class: 957K(1088K)->957K(1088K)
[2026-04-03T01:15:53.913+0600][8.233s][info][gc             ] GC(35) Pause Young (Normal) (G1 Evacuation Pause) 71M->7M(140M) 3.018ms
[2026-04-03T01:15:53.913+0600][8.233s][info][gc,cpu         ] GC(35) User=0.01s Sys=0.00s Real=0.00s
[2026-04-03T01:15:54.016+0600][8.336s][info][gc,start       ] GC(36) Pause Young (Normal) (G1 Evacuation Pause)
[2026-04-03T01:15:54.016+0600][8.336s][info][gc,task        ] GC(36) Using 10 workers of 10 for evacuation
[2026-04-03T01:15:54.019+0600][8.339s][info][gc,phases      ] GC(36)   Pre Evacuate Collection Set: 0.33ms
[2026-04-03T01:15:54.020+0600][8.340s][info][gc,phases      ] GC(36)   Merge Heap Roots: 0.12ms
[2026-04-03T01:15:54.020+0600][8.340s][info][gc,phases      ] GC(36)   Evacuate Collection Set: 2.31ms
[2026-04-03T01:15:54.020+0600][8.340s][info][gc,phases      ] GC(36)   Post Evacuate Collection Set: 0.52ms
[2026-04-03T01:15:54.020+0600][8.340s][info][gc,phases      ] GC(36)   Other: 0.13ms
[2026-04-03T01:15:54.020+0600][8.340s][info][gc,heap        ] GC(36) Eden regions: 40->0(40)
[2026-04-03T01:15:54.020+0600][8.340s][info][gc,heap        ] GC(36) Survivor regions: 2->2(6)
[2026-04-03T01:15:54.020+0600][8.340s][info][gc,heap        ] GC(36) Old regions: 4->4
[2026-04-03T01:15:54.020+0600][8.340s][info][gc,heap        ] GC(36) Humongous regions: 0->0
[2026-04-03T01:15:54.020+0600][8.340s][info][gc,metaspace   ] GC(36) Metaspace: 8128K(8384K)->8128K(8384K) NonClass: 7170K(7296K)->7170K(7296K) Class: 957K(1088K)->957K(1088K)
[2026-04-03T01:15:54.020+0600][8.340s][info][gc             ] GC(36) Pause Young (Normal) (G1 Evacuation Pause) 87M->6M(140M) 3.852ms
[2026-04-03T01:15:54.020+0600][8.340s][info][gc,cpu         ] GC(36) User=0.02s Sys=0.00s Real=0.01s
[2026-04-03T01:15:54.114+0600][8.434s][info][gc,start       ] GC(37) Pause Young (Normal) (G1 Evacuation Pause)
[2026-04-03T01:15:54.114+0600][8.434s][info][gc,task        ] GC(37) Using 10 workers of 10 for evacuation
[2026-04-03T01:15:54.116+0600][8.436s][info][gc,phases      ] GC(37)   Pre Evacuate Collection Set: 0.31ms
[2026-04-03T01:15:54.116+0600][8.437s][info][gc,phases      ] GC(37)   Merge Heap Roots: 0.20ms
[2026-04-03T01:15:54.116+0600][8.437s][info][gc,phases      ] GC(37)   Evacuate Collection Set: 1.25ms
[2026-04-03T01:15:54.116+0600][8.437s][info][gc,phases      ] GC(37)   Post Evacuate Collection Set: 0.52ms
[2026-04-03T01:15:54.117+0600][8.437s][info][gc,phases      ] GC(37)   Other: 0.11ms
[2026-04-03T01:15:54.117+0600][8.437s][info][gc,heap        ] GC(37) Eden regions: 40->0(40)
[2026-04-03T01:15:54.117+0600][8.437s][info][gc,heap        ] GC(37) Survivor regions: 2->2(6)
[2026-04-03T01:15:54.117+0600][8.437s][info][gc,heap        ] GC(37) Old regions: 4->4
[2026-04-03T01:15:54.117+0600][8.437s][info][gc,heap        ] GC(37) Humongous regions: 0->0
[2026-04-03T01:15:54.117+0600][8.437s][info][gc,metaspace   ] GC(37) Metaspace: 8128K(8384K)->8128K(8384K) NonClass: 7170K(7296K)->7170K(7296K) Class: 957K(1088K)->957K(1088K)
[2026-04-03T01:15:54.117+0600][8.437s][info][gc             ] GC(37) Pause Young (Normal) (G1 Evacuation Pause) 86M->6M(140M) 2.681ms
[2026-04-03T01:15:54.117+0600][8.437s][info][gc,cpu         ] GC(37) User=0.02s Sys=0.00s Real=0.00s
[2026-04-03T01:15:54.201+0600][8.521s][info][gc,start       ] GC(38) Pause Young (Normal) (G1 Evacuation Pause)
[2026-04-03T01:15:54.201+0600][8.521s][info][gc,task        ] GC(38) Using 10 workers of 10 for evacuation
[2026-04-03T01:15:54.204+0600][8.524s][info][gc,phases      ] GC(38)   Pre Evacuate Collection Set: 0.47ms
[2026-04-03T01:15:54.204+0600][8.524s][info][gc,phases      ] GC(38)   Merge Heap Roots: 0.17ms
[2026-04-03T01:15:54.204+0600][8.524s][info][gc,phases      ] GC(38)   Evacuate Collection Set: 1.10ms
[2026-04-03T01:15:54.204+0600][8.524s][info][gc,phases      ] GC(38)   Post Evacuate Collection Set: 0.44ms
[2026-04-03T01:15:54.204+0600][8.524s][info][gc,phases      ] GC(38)   Other: 0.13ms
[2026-04-03T01:15:54.204+0600][8.524s][info][gc,heap        ] GC(38) Eden regions: 40->0(40)
[2026-04-03T01:15:54.204+0600][8.524s][info][gc,heap        ] GC(38) Survivor regions: 2->2(6)
[2026-04-03T01:15:54.204+0600][8.524s][info][gc,heap        ] GC(38) Old regions: 4->4
[2026-04-03T01:15:54.204+0600][8.524s][info][gc,heap        ] GC(38) Humongous regions: 0->0
[2026-04-03T01:15:54.204+0600][8.524s][info][gc,metaspace   ] GC(38) Metaspace: 8128K(8384K)->8128K(8384K) NonClass: 7170K(7296K)->7170K(7296K) Class: 957K(1088K)->957K(1088K)
[2026-04-03T01:15:54.204+0600][8.524s][info][gc             ] GC(38) Pause Young (Normal) (G1 Evacuation Pause) 86M->7M(140M) 2.608ms
[2026-04-03T01:15:54.204+0600][8.524s][info][gc,cpu         ] GC(38) User=0.01s Sys=0.00s Real=0.00s
[2026-04-03T01:15:54.303+0600][8.623s][info][gc,start       ] GC(39) Pause Young (Normal) (G1 Evacuation Pause)
[2026-04-03T01:15:54.303+0600][8.624s][info][gc,task        ] GC(39) Using 10 workers of 10 for evacuation
[2026-04-03T01:15:54.307+0600][8.627s][info][gc,phases      ] GC(39)   Pre Evacuate Collection Set: 0.23ms
[2026-04-03T01:15:54.307+0600][8.627s][info][gc,phases      ] GC(39)   Merge Heap Roots: 0.18ms
[2026-04-03T01:15:54.307+0600][8.627s][info][gc,phases      ] GC(39)   Evacuate Collection Set: 2.27ms
[2026-04-03T01:15:54.307+0600][8.627s][info][gc,phases      ] GC(39)   Post Evacuate Collection Set: 0.62ms
[2026-04-03T01:15:54.307+0600][8.627s][info][gc,phases      ] GC(39)   Other: 0.10ms
[2026-04-03T01:15:54.307+0600][8.627s][info][gc,heap        ] GC(39) Eden regions: 40->0(49)
[2026-04-03T01:15:54.307+0600][8.627s][info][gc,heap        ] GC(39) Survivor regions: 2->2(6)
[2026-04-03T01:15:54.307+0600][8.627s][info][gc,heap        ] GC(39) Old regions: 4->4
[2026-04-03T01:15:54.307+0600][8.627s][info][gc,heap        ] GC(39) Humongous regions: 0->0
[2026-04-03T01:15:54.307+0600][8.627s][info][gc,metaspace   ] GC(39) Metaspace: 8131K(8384K)->8131K(8384K) NonClass: 7173K(7296K)->7173K(7296K) Class: 958K(1088K)->958K(1088K)
[2026-04-03T01:15:54.307+0600][8.627s][info][gc             ] GC(39) Pause Young (Normal) (G1 Evacuation Pause) 87M->7M(172M) 3.684ms
[2026-04-03T01:15:54.307+0600][8.627s][info][gc,cpu         ] GC(39) User=0.02s Sys=0.00s Real=0.00s
[2026-04-03T01:15:54.455+0600][8.775s][info][gc,start       ] GC(40) Pause Young (Normal) (G1 Evacuation Pause)
[2026-04-03T01:15:54.455+0600][8.775s][info][gc,task        ] GC(40) Using 10 workers of 10 for evacuation
[2026-04-03T01:15:54.458+0600][8.778s][info][gc,phases      ] GC(40)   Pre Evacuate Collection Set: 0.45ms
[2026-04-03T01:15:54.458+0600][8.778s][info][gc,phases      ] GC(40)   Merge Heap Roots: 0.21ms
[2026-04-03T01:15:54.458+0600][8.778s][info][gc,phases      ] GC(40)   Evacuate Collection Set: 1.12ms
[2026-04-03T01:15:54.458+0600][8.778s][info][gc,phases      ] GC(40)   Post Evacuate Collection Set: 0.75ms
[2026-04-03T01:15:54.458+0600][8.778s][info][gc,phases      ] GC(40)   Other: 0.17ms
[2026-04-03T01:15:54.458+0600][8.778s][info][gc,heap        ] GC(40) Eden regions: 49->0(50)
[2026-04-03T01:15:54.458+0600][8.778s][info][gc,heap        ] GC(40) Survivor regions: 2->1(7)
[2026-04-03T01:15:54.458+0600][8.778s][info][gc,heap        ] GC(40) Old regions: 4->4
[2026-04-03T01:15:54.458+0600][8.778s][info][gc,heap        ] GC(40) Humongous regions: 0->0
[2026-04-03T01:15:54.458+0600][8.778s][info][gc,metaspace   ] GC(40) Metaspace: 8131K(8384K)->8131K(8384K) NonClass: 7173K(7296K)->7173K(7296K) Class: 958K(1088K)->958K(1088K)
[2026-04-03T01:15:54.458+0600][8.778s][info][gc             ] GC(40) Pause Young (Normal) (G1 Evacuation Pause) 105M->6M(172M) 3.048ms
[2026-04-03T01:15:54.458+0600][8.778s][info][gc,cpu         ] GC(40) User=0.01s Sys=0.00s Real=0.00s
[2026-04-03T01:15:54.557+0600][8.877s][info][gc,start       ] GC(41) Pause Young (Normal) (G1 Evacuation Pause)
[2026-04-03T01:15:54.557+0600][8.877s][info][gc,task        ] GC(41) Using 10 workers of 10 for evacuation
[2026-04-03T01:15:54.559+0600][8.879s][info][gc,phases      ] GC(41)   Pre Evacuate Collection Set: 0.22ms
[2026-04-03T01:15:54.559+0600][8.879s][info][gc,phases      ] GC(41)   Merge Heap Roots: 0.13ms
[2026-04-03T01:15:54.559+0600][8.879s][info][gc,phases      ] GC(41)   Evacuate Collection Set: 1.23ms
[2026-04-03T01:15:54.559+0600][8.879s][info][gc,phases      ] GC(41)   Post Evacuate Collection Set: 0.42ms
[2026-04-03T01:15:54.559+0600][8.879s][info][gc,phases      ] GC(41)   Other: 0.11ms
[2026-04-03T01:15:54.559+0600][8.879s][info][gc,heap        ] GC(41) Eden regions: 50->0(49)
[2026-04-03T01:15:54.559+0600][8.879s][info][gc,heap        ] GC(41) Survivor regions: 1->2(7)
[2026-04-03T01:15:54.559+0600][8.879s][info][gc,heap        ] GC(41) Old regions: 4->4
[2026-04-03T01:15:54.559+0600][8.879s][info][gc,heap        ] GC(41) Humongous regions: 0->0
[2026-04-03T01:15:54.559+0600][8.879s][info][gc,metaspace   ] GC(41) Metaspace: 8131K(8384K)->8131K(8384K) NonClass: 7173K(7296K)->7173K(7296K) Class: 958K(1088K)->958K(1088K)
[2026-04-03T01:15:54.559+0600][8.879s][info][gc             ] GC(41) Pause Young (Normal) (G1 Evacuation Pause) 106M->7M(172M) 2.510ms
[2026-04-03T01:15:54.559+0600][8.879s][info][gc,cpu         ] GC(41) User=0.01s Sys=0.00s Real=0.00s
[2026-04-03T01:15:54.716+0600][9.036s][info][gc,start       ] GC(42) Pause Young (Normal) (G1 Evacuation Pause)
[2026-04-03T01:15:54.716+0600][9.036s][info][gc,task        ] GC(42) Using 10 workers of 10 for evacuation
[2026-04-03T01:15:54.721+0600][9.041s][info][gc,phases      ] GC(42)   Pre Evacuate Collection Set: 0.23ms
[2026-04-03T01:15:54.721+0600][9.041s][info][gc,phases      ] GC(42)   Merge Heap Roots: 0.13ms
[2026-04-03T01:15:54.721+0600][9.041s][info][gc,phases      ] GC(42)   Evacuate Collection Set: 4.10ms
[2026-04-03T01:15:54.721+0600][9.041s][info][gc,phases      ] GC(42)   Post Evacuate Collection Set: 0.65ms
[2026-04-03T01:15:54.721+0600][9.041s][info][gc,phases      ] GC(42)   Other: 0.12ms
[2026-04-03T01:15:54.721+0600][9.041s][info][gc,heap        ] GC(42) Eden regions: 49->0(49)
[2026-04-03T01:15:54.721+0600][9.041s][info][gc,heap        ] GC(42) Survivor regions: 2->2(7)
[2026-04-03T01:15:54.721+0600][9.041s][info][gc,heap        ] GC(42) Old regions: 4->4
[2026-04-03T01:15:54.721+0600][9.041s][info][gc,heap        ] GC(42) Humongous regions: 0->0
[2026-04-03T01:15:54.721+0600][9.041s][info][gc,metaspace   ] GC(42) Metaspace: 8131K(8384K)->8131K(8384K) NonClass: 7173K(7296K)->7173K(7296K) Class: 958K(1088K)->958K(1088K)
[2026-04-03T01:15:54.721+0600][9.041s][info][gc             ] GC(42) Pause Young (Normal) (G1 Evacuation Pause) 105M->7M(172M) 5.564ms
[2026-04-03T01:15:54.721+0600][9.042s][info][gc,cpu         ] GC(42) User=0.02s Sys=0.00s Real=0.01s
[2026-04-03T01:15:54.867+0600][9.187s][info][gc,start       ] GC(43) Pause Young (Normal) (G1 Evacuation Pause)
[2026-04-03T01:15:54.867+0600][9.187s][info][gc,task        ] GC(43) Using 10 workers of 10 for evacuation
[2026-04-03T01:15:54.871+0600][9.191s][info][gc,phases      ] GC(43)   Pre Evacuate Collection Set: 0.29ms
[2026-04-03T01:15:54.871+0600][9.191s][info][gc,phases      ] GC(43)   Merge Heap Roots: 0.11ms
[2026-04-03T01:15:54.871+0600][9.191s][info][gc,phases      ] GC(43)   Evacuate Collection Set: 2.29ms
[2026-04-03T01:15:54.871+0600][9.191s][info][gc,phases      ] GC(43)   Post Evacuate Collection Set: 0.94ms
[2026-04-03T01:15:54.871+0600][9.191s][info][gc,phases      ] GC(43)   Other: 0.13ms
[2026-04-03T01:15:54.871+0600][9.191s][info][gc,heap        ] GC(43) Eden regions: 49->0(60)
[2026-04-03T01:15:54.871+0600][9.191s][info][gc,heap        ] GC(43) Survivor regions: 2->2(7)
[2026-04-03T01:15:54.871+0600][9.191s][info][gc,heap        ] GC(43) Old regions: 4->4
[2026-04-03T01:15:54.871+0600][9.191s][info][gc,heap        ] GC(43) Humongous regions: 0->0
[2026-04-03T01:15:54.871+0600][9.191s][info][gc,metaspace   ] GC(43) Metaspace: 8131K(8384K)->8131K(8384K) NonClass: 7173K(7296K)->7173K(7296K) Class: 958K(1088K)->958K(1088K)
[2026-04-03T01:15:54.871+0600][9.191s][info][gc             ] GC(43) Pause Young (Normal) (G1 Evacuation Pause) 105M->7M(208M) 4.104ms
[2026-04-03T01:15:54.871+0600][9.191s][info][gc,cpu         ] GC(43) User=0.01s Sys=0.00s Real=0.01s
[2026-04-03T01:15:55.052+0600][9.372s][info][gc,start       ] GC(44) Pause Young (Normal) (G1 Evacuation Pause)
[2026-04-03T01:15:55.052+0600][9.372s][info][gc,task        ] GC(44) Using 10 workers of 10 for evacuation
[2026-04-03T01:15:55.055+0600][9.375s][info][gc,phases      ] GC(44)   Pre Evacuate Collection Set: 0.32ms
[2026-04-03T01:15:55.055+0600][9.375s][info][gc,phases      ] GC(44)   Merge Heap Roots: 0.20ms
[2026-04-03T01:15:55.055+0600][9.375s][info][gc,phases      ] GC(44)   Evacuate Collection Set: 1.47ms
[2026-04-03T01:15:55.055+0600][9.375s][info][gc,phases      ] GC(44)   Post Evacuate Collection Set: 0.49ms
[2026-04-03T01:15:55.055+0600][9.375s][info][gc,phases      ] GC(44)   Other: 0.12ms
[2026-04-03T01:15:55.055+0600][9.375s][info][gc,heap        ] GC(44) Eden regions: 60->0(60)
[2026-04-03T01:15:55.055+0600][9.375s][info][gc,heap        ] GC(44) Survivor regions: 2->2(8)
[2026-04-03T01:15:55.055+0600][9.375s][info][gc,heap        ] GC(44) Old regions: 4->4
[2026-04-03T01:15:55.055+0600][9.375s][info][gc,heap        ] GC(44) Humongous regions: 0->0
[2026-04-03T01:15:55.055+0600][9.375s][info][gc,metaspace   ] GC(44) Metaspace: 8131K(8384K)->8131K(8384K) NonClass: 7173K(7296K)->7173K(7296K) Class: 958K(1088K)->958K(1088K)
[2026-04-03T01:15:55.055+0600][9.375s][info][gc             ] GC(44) Pause Young (Normal) (G1 Evacuation Pause) 127M->7M(208M) 2.987ms
[2026-04-03T01:15:55.055+0600][9.375s][info][gc,cpu         ] GC(44) User=0.01s Sys=0.01s Real=0.00s
[2026-04-03T01:15:55.215+0600][9.535s][info][gc,start       ] GC(45) Pause Young (Normal) (G1 Evacuation Pause)
[2026-04-03T01:15:55.215+0600][9.535s][info][gc,task        ] GC(45) Using 10 workers of 10 for evacuation
[2026-04-03T01:15:55.217+0600][9.537s][info][gc,phases      ] GC(45)   Pre Evacuate Collection Set: 0.28ms
[2026-04-03T01:15:55.217+0600][9.537s][info][gc,phases      ] GC(45)   Merge Heap Roots: 0.13ms
[2026-04-03T01:15:55.217+0600][9.537s][info][gc,phases      ] GC(45)   Evacuate Collection Set: 1.05ms
[2026-04-03T01:15:55.217+0600][9.537s][info][gc,phases      ] GC(45)   Post Evacuate Collection Set: 0.44ms
[2026-04-03T01:15:55.217+0600][9.537s][info][gc,phases      ] GC(45)   Other: 0.11ms
[2026-04-03T01:15:55.217+0600][9.537s][info][gc,heap        ] GC(45) Eden regions: 60->0(60)
[2026-04-03T01:15:55.217+0600][9.537s][info][gc,heap        ] GC(45) Survivor regions: 2->2(8)
[2026-04-03T01:15:55.217+0600][9.537s][info][gc,heap        ] GC(45) Old regions: 4->4
[2026-04-03T01:15:55.217+0600][9.537s][info][gc,heap        ] GC(45) Humongous regions: 0->0
[2026-04-03T01:15:55.217+0600][9.537s][info][gc,metaspace   ] GC(45) Metaspace: 8131K(8384K)->8131K(8384K) NonClass: 7173K(7296K)->7173K(7296K) Class: 958K(1088K)->958K(1088K)
[2026-04-03T01:15:55.217+0600][9.537s][info][gc             ] GC(45) Pause Young (Normal) (G1 Evacuation Pause) 127M->6M(208M) 2.274ms
[2026-04-03T01:15:55.217+0600][9.537s][info][gc,cpu         ] GC(45) User=0.01s Sys=0.00s Real=0.00s
[2026-04-03T01:15:55.384+0600][9.704s][info][gc,start       ] GC(46) Pause Young (Normal) (G1 Evacuation Pause)
[2026-04-03T01:15:55.384+0600][9.704s][info][gc,task        ] GC(46) Using 10 workers of 10 for evacuation
[2026-04-03T01:15:55.387+0600][9.707s][info][gc,phases      ] GC(46)   Pre Evacuate Collection Set: 0.30ms
[2026-04-03T01:15:55.387+0600][9.707s][info][gc,phases      ] GC(46)   Merge Heap Roots: 0.20ms
[2026-04-03T01:15:55.387+0600][9.707s][info][gc,phases      ] GC(46)   Evacuate Collection Set: 1.79ms
[2026-04-03T01:15:55.387+0600][9.707s][info][gc,phases      ] GC(46)   Post Evacuate Collection Set: 0.58ms
[2026-04-03T01:15:55.387+0600][9.707s][info][gc,phases      ] GC(46)   Other: 0.16ms
[2026-04-03T01:15:55.387+0600][9.707s][info][gc,heap        ] GC(46) Eden regions: 60->0(60)
[2026-04-03T01:15:55.387+0600][9.707s][info][gc,heap        ] GC(46) Survivor regions: 2->2(8)
[2026-04-03T01:15:55.387+0600][9.707s][info][gc,heap        ] GC(46) Old regions: 4->4
[2026-04-03T01:15:55.387+0600][9.707s][info][gc,heap        ] GC(46) Humongous regions: 0->0
[2026-04-03T01:15:55.387+0600][9.708s][info][gc,metaspace   ] GC(46) Metaspace: 8131K(8384K)->8131K(8384K) NonClass: 7173K(7296K)->7173K(7296K) Class: 958K(1088K)->958K(1088K)
[2026-04-03T01:15:55.387+0600][9.708s][info][gc             ] GC(46) Pause Young (Normal) (G1 Evacuation Pause) 126M->6M(208M) 3.381ms
[2026-04-03T01:15:55.388+0600][9.708s][info][gc,cpu         ] GC(46) User=0.01s Sys=0.00s Real=0.00s
[2026-04-03T01:15:55.544+0600][9.864s][info][gc,start       ] GC(47) Pause Young (Normal) (G1 Evacuation Pause)
[2026-04-03T01:15:55.544+0600][9.864s][info][gc,task        ] GC(47) Using 10 workers of 10 for evacuation
[2026-04-03T01:15:55.547+0600][9.867s][info][gc,phases      ] GC(47)   Pre Evacuate Collection Set: 0.36ms
[2026-04-03T01:15:55.547+0600][9.867s][info][gc,phases      ] GC(47)   Merge Heap Roots: 0.18ms
[2026-04-03T01:15:55.547+0600][9.867s][info][gc,phases      ] GC(47)   Evacuate Collection Set: 1.46ms
[2026-04-03T01:15:55.547+0600][9.867s][info][gc,phases      ] GC(47)   Post Evacuate Collection Set: 0.81ms
[2026-04-03T01:15:55.547+0600][9.867s][info][gc,phases      ] GC(47)   Other: 0.16ms
[2026-04-03T01:15:55.547+0600][9.867s][info][gc,heap        ] GC(47) Eden regions: 60->0(73)
[2026-04-03T01:15:55.547+0600][9.867s][info][gc,heap        ] GC(47) Survivor regions: 2->2(8)
[2026-04-03T01:15:55.547+0600][9.867s][info][gc,heap        ] GC(47) Old regions: 4->4
[2026-04-03T01:15:55.547+0600][9.867s][info][gc,heap        ] GC(47) Humongous regions: 0->0
[2026-04-03T01:15:55.547+0600][9.867s][info][gc,metaspace   ] GC(47) Metaspace: 8131K(8384K)->8131K(8384K) NonClass: 7173K(7296K)->7173K(7296K) Class: 958K(1088K)->958K(1088K)
[2026-04-03T01:15:55.547+0600][9.867s][info][gc             ] GC(47) Pause Young (Normal) (G1 Evacuation Pause) 126M->7M(250M) 3.283ms
[2026-04-03T01:15:55.547+0600][9.867s][info][gc,cpu         ] GC(47) User=0.02s Sys=0.00s Real=0.00s
[2026-04-03T01:15:55.709+0600][10.029s][info][gc,start       ] GC(48) Pause Young (Normal) (G1 Evacuation Pause)
[2026-04-03T01:15:55.709+0600][10.029s][info][gc,task        ] GC(48) Using 10 workers of 10 for evacuation
[2026-04-03T01:15:55.711+0600][10.031s][info][gc,phases      ] GC(48)   Pre Evacuate Collection Set: 0.36ms
[2026-04-03T01:15:55.711+0600][10.031s][info][gc,phases      ] GC(48)   Merge Heap Roots: 0.16ms
[2026-04-03T01:15:55.711+0600][10.031s][info][gc,phases      ] GC(48)   Evacuate Collection Set: 1.14ms
[2026-04-03T01:15:55.711+0600][10.031s][info][gc,phases      ] GC(48)   Post Evacuate Collection Set: 0.56ms
[2026-04-03T01:15:55.711+0600][10.031s][info][gc,phases      ] GC(48)   Other: 0.14ms
[2026-04-03T01:15:55.711+0600][10.031s][info][gc,heap        ] GC(48) Eden regions: 73->0(73)
[2026-04-03T01:15:55.711+0600][10.031s][info][gc,heap        ] GC(48) Survivor regions: 2->2(10)
[2026-04-03T01:15:55.711+0600][10.031s][info][gc,heap        ] GC(48) Old regions: 4->4
[2026-04-03T01:15:55.711+0600][10.031s][info][gc,heap        ] GC(48) Humongous regions: 0->0
[2026-04-03T01:15:55.711+0600][10.031s][info][gc,metaspace   ] GC(48) Metaspace: 8131K(8384K)->8131K(8384K) NonClass: 7173K(7296K)->7173K(7296K) Class: 958K(1088K)->958K(1088K)
[2026-04-03T01:15:55.711+0600][10.031s][info][gc             ] GC(48) Pause Young (Normal) (G1 Evacuation Pause) 153M->7M(250M) 2.648ms
[2026-04-03T01:15:55.711+0600][10.031s][info][gc,cpu         ] GC(48) User=0.02s Sys=0.00s Real=0.01s
[2026-04-03T01:15:55.861+0600][10.181s][info][gc,start       ] GC(49) Pause Young (Normal) (G1 Evacuation Pause)
[2026-04-03T01:15:55.861+0600][10.181s][info][gc,task        ] GC(49) Using 10 workers of 10 for evacuation
[2026-04-03T01:15:55.865+0600][10.185s][info][gc,phases      ] GC(49)   Pre Evacuate Collection Set: 0.43ms
[2026-04-03T01:15:55.865+0600][10.185s][info][gc,phases      ] GC(49)   Merge Heap Roots: 0.17ms
[2026-04-03T01:15:55.865+0600][10.185s][info][gc,phases      ] GC(49)   Evacuate Collection Set: 2.13ms
[2026-04-03T01:15:55.865+0600][10.185s][info][gc,phases      ] GC(49)   Post Evacuate Collection Set: 0.49ms
[2026-04-03T01:15:55.865+0600][10.185s][info][gc,phases      ] GC(49)   Other: 0.13ms
[2026-04-03T01:15:55.865+0600][10.185s][info][gc,heap        ] GC(49) Eden regions: 73->0(73)
[2026-04-03T01:15:55.865+0600][10.185s][info][gc,heap        ] GC(49) Survivor regions: 2->2(10)
[2026-04-03T01:15:55.865+0600][10.185s][info][gc,heap        ] GC(49) Old regions: 4->4
[2026-04-03T01:15:55.865+0600][10.185s][info][gc,heap        ] GC(49) Humongous regions: 0->0
[2026-04-03T01:15:55.865+0600][10.185s][info][gc,metaspace   ] GC(49) Metaspace: 8131K(8384K)->8131K(8384K) NonClass: 7173K(7296K)->7173K(7296K) Class: 958K(1088K)->958K(1088K)
[2026-04-03T01:15:55.865+0600][10.185s][info][gc             ] GC(49) Pause Young (Normal) (G1 Evacuation Pause) 153M->6M(250M) 3.734ms
[2026-04-03T01:15:55.865+0600][10.185s][info][gc,cpu         ] GC(49) User=0.01s Sys=0.01s Real=0.00s
[2026-04-03T01:15:56.059+0600][10.379s][info][gc,start       ] GC(50) Pause Young (Normal) (G1 Evacuation Pause)
[2026-04-03T01:15:56.059+0600][10.379s][info][gc,task        ] GC(50) Using 10 workers of 10 for evacuation
[2026-04-03T01:15:56.062+0600][10.382s][info][gc,phases      ] GC(50)   Pre Evacuate Collection Set: 0.50ms
[2026-04-03T01:15:56.062+0600][10.382s][info][gc,phases      ] GC(50)   Merge Heap Roots: 0.34ms
[2026-04-03T01:15:56.062+0600][10.382s][info][gc,phases      ] GC(50)   Evacuate Collection Set: 1.70ms
[2026-04-03T01:15:56.062+0600][10.382s][info][gc,phases      ] GC(50)   Post Evacuate Collection Set: 0.57ms
[2026-04-03T01:15:56.062+0600][10.382s][info][gc,phases      ] GC(50)   Other: 0.28ms
[2026-04-03T01:15:56.062+0600][10.382s][info][gc,heap        ] GC(50) Eden regions: 73->0(73)
[2026-04-03T01:15:56.062+0600][10.382s][info][gc,heap        ] GC(50) Survivor regions: 2->2(10)
[2026-04-03T01:15:56.062+0600][10.382s][info][gc,heap        ] GC(50) Old regions: 4->4
[2026-04-03T01:15:56.062+0600][10.382s][info][gc,heap        ] GC(50) Humongous regions: 0->0
[2026-04-03T01:15:56.062+0600][10.382s][info][gc,metaspace   ] GC(50) Metaspace: 8131K(8384K)->8131K(8384K) NonClass: 7173K(7296K)->7173K(7296K) Class: 958K(1088K)->958K(1088K)
[2026-04-03T01:15:56.062+0600][10.382s][info][gc             ] GC(50) Pause Young (Normal) (G1 Evacuation Pause) 152M->7M(250M) 3.806ms
[2026-04-03T01:15:56.062+0600][10.383s][info][gc,cpu         ] GC(50) User=0.02s Sys=0.00s Real=0.01s
[2026-04-03T01:15:56.251+0600][10.571s][info][gc,start       ] GC(51) Pause Young (Normal) (G1 Evacuation Pause)
[2026-04-03T01:15:56.252+0600][10.572s][info][gc,task        ] GC(51) Using 10 workers of 10 for evacuation
[2026-04-03T01:15:56.255+0600][10.575s][info][gc,phases      ] GC(51)   Pre Evacuate Collection Set: 0.26ms
[2026-04-03T01:15:56.255+0600][10.575s][info][gc,phases      ] GC(51)   Merge Heap Roots: 0.14ms
[2026-04-03T01:15:56.255+0600][10.575s][info][gc,phases      ] GC(51)   Evacuate Collection Set: 1.67ms
[2026-04-03T01:15:56.255+0600][10.575s][info][gc,phases      ] GC(51)   Post Evacuate Collection Set: 0.94ms
[2026-04-03T01:15:56.255+0600][10.575s][info][gc,phases      ] GC(51)   Other: 0.13ms
[2026-04-03T01:15:56.255+0600][10.575s][info][gc,heap        ] GC(51) Eden regions: 73->0(88)
[2026-04-03T01:15:56.255+0600][10.575s][info][gc,heap        ] GC(51) Survivor regions: 2->2(10)
[2026-04-03T01:15:56.255+0600][10.575s][info][gc,heap        ] GC(51) Old regions: 4->4
[2026-04-03T01:15:56.255+0600][10.575s][info][gc,heap        ] GC(51) Humongous regions: 0->0
[2026-04-03T01:15:56.255+0600][10.575s][info][gc,metaspace   ] GC(51) Metaspace: 8131K(8384K)->8131K(8384K) NonClass: 7173K(7296K)->7173K(7296K) Class: 958K(1088K)->958K(1088K)
[2026-04-03T01:15:56.255+0600][10.575s][info][gc             ] GC(51) Pause Young (Normal) (G1 Evacuation Pause) 153M->7M(300M) 3.524ms
[2026-04-03T01:15:56.255+0600][10.575s][info][gc,cpu         ] GC(51) User=0.02s Sys=0.00s Real=0.00s
[2026-04-03T01:15:56.441+0600][10.761s][info][gc,start       ] GC(52) Pause Young (Normal) (G1 Evacuation Pause)
[2026-04-03T01:15:56.441+0600][10.761s][info][gc,task        ] GC(52) Using 10 workers of 10 for evacuation
[2026-04-03T01:15:56.444+0600][10.764s][info][gc,phases      ] GC(52)   Pre Evacuate Collection Set: 0.36ms
[2026-04-03T01:15:56.444+0600][10.764s][info][gc,phases      ] GC(52)   Merge Heap Roots: 0.28ms
[2026-04-03T01:15:56.444+0600][10.764s][info][gc,phases      ] GC(52)   Evacuate Collection Set: 1.12ms
[2026-04-03T01:15:56.444+0600][10.764s][info][gc,phases      ] GC(52)   Post Evacuate Collection Set: 0.67ms
[2026-04-03T01:15:56.444+0600][10.764s][info][gc,phases      ] GC(52)   Other: 0.20ms
[2026-04-03T01:15:56.444+0600][10.764s][info][gc,heap        ] GC(52) Eden regions: 88->0(88)
[2026-04-03T01:15:56.444+0600][10.764s][info][gc,heap        ] GC(52) Survivor regions: 2->2(12)
[2026-04-03T01:15:56.444+0600][10.764s][info][gc,heap        ] GC(52) Old regions: 4->4
[2026-04-03T01:15:56.444+0600][10.764s][info][gc,heap        ] GC(52) Humongous regions: 0->0
[2026-04-03T01:15:56.444+0600][10.764s][info][gc,metaspace   ] GC(52) Metaspace: 8131K(8384K)->8131K(8384K) NonClass: 7173K(7296K)->7173K(7296K) Class: 958K(1088K)->958K(1088K)
[2026-04-03T01:15:56.444+0600][10.764s][info][gc             ] GC(52) Pause Young (Normal) (G1 Evacuation Pause) 183M->7M(300M) 2.955ms
[2026-04-03T01:15:56.444+0600][10.764s][info][gc,cpu         ] GC(52) User=0.01s Sys=0.00s Real=0.00s
[2026-04-03T01:15:56.611+0600][10.931s][info][gc,start       ] GC(53) Pause Young (Normal) (G1 Evacuation Pause)
[2026-04-03T01:15:56.611+0600][10.931s][info][gc,task        ] GC(53) Using 10 workers of 10 for evacuation
[2026-04-03T01:15:56.614+0600][10.934s][info][gc,phases      ] GC(53)   Pre Evacuate Collection Set: 0.34ms
[2026-04-03T01:15:56.614+0600][10.934s][info][gc,phases      ] GC(53)   Merge Heap Roots: 0.11ms
[2026-04-03T01:15:56.614+0600][10.934s][info][gc,phases      ] GC(53)   Evacuate Collection Set: 1.26ms
[2026-04-03T01:15:56.614+0600][10.934s][info][gc,phases      ] GC(53)   Post Evacuate Collection Set: 0.83ms
[2026-04-03T01:15:56.614+0600][10.934s][info][gc,phases      ] GC(53)   Other: 0.16ms
[2026-04-03T01:15:56.614+0600][10.934s][info][gc,heap        ] GC(53) Eden regions: 88->0(88)
[2026-04-03T01:15:56.614+0600][10.934s][info][gc,heap        ] GC(53) Survivor regions: 2->2(12)
[2026-04-03T01:15:56.614+0600][10.934s][info][gc,heap        ] GC(53) Old regions: 4->4
[2026-04-03T01:15:56.614+0600][10.934s][info][gc,heap        ] GC(53) Humongous regions: 0->0
[2026-04-03T01:15:56.614+0600][10.934s][info][gc,metaspace   ] GC(53) Metaspace: 8135K(8384K)->8135K(8384K) NonClass: 7177K(7296K)->7177K(7296K) Class: 958K(1088K)->958K(1088K)
[2026-04-03T01:15:56.614+0600][10.934s][info][gc             ] GC(53) Pause Young (Normal) (G1 Evacuation Pause) 183M->7M(300M) 3.082ms
[2026-04-03T01:15:56.614+0600][10.934s][info][gc,cpu         ] GC(53) User=0.02s Sys=0.00s Real=0.00s
[2026-04-03T01:15:56.778+0600][11.098s][info][gc,start       ] GC(54) Pause Young (Normal) (G1 Evacuation Pause)
[2026-04-03T01:15:56.778+0600][11.098s][info][gc,task        ] GC(54) Using 10 workers of 10 for evacuation
[2026-04-03T01:15:56.781+0600][11.101s][info][gc,phases      ] GC(54)   Pre Evacuate Collection Set: 0.29ms
[2026-04-03T01:15:56.781+0600][11.101s][info][gc,phases      ] GC(54)   Merge Heap Roots: 0.18ms
[2026-04-03T01:15:56.781+0600][11.101s][info][gc,phases      ] GC(54)   Evacuate Collection Set: 1.38ms
[2026-04-03T01:15:56.781+0600][11.101s][info][gc,phases      ] GC(54)   Post Evacuate Collection Set: 0.46ms
[2026-04-03T01:15:56.781+0600][11.101s][info][gc,phases      ] GC(54)   Other: 0.12ms
[2026-04-03T01:15:56.781+0600][11.101s][info][gc,heap        ] GC(54) Eden regions: 88->0(88)
[2026-04-03T01:15:56.781+0600][11.101s][info][gc,heap        ] GC(54) Survivor regions: 2->2(12)
[2026-04-03T01:15:56.781+0600][11.101s][info][gc,heap        ] GC(54) Old regions: 4->4
[2026-04-03T01:15:56.781+0600][11.101s][info][gc,heap        ] GC(54) Humongous regions: 0->0
[2026-04-03T01:15:56.781+0600][11.101s][info][gc,metaspace   ] GC(54) Metaspace: 8136K(8384K)->8136K(8384K) NonClass: 7178K(7296K)->7178K(7296K) Class: 958K(1088K)->958K(1088K)
[2026-04-03T01:15:56.781+0600][11.101s][info][gc             ] GC(54) Pause Young (Normal) (G1 Evacuation Pause) 183M->7M(300M) 2.774ms
[2026-04-03T01:15:56.781+0600][11.101s][info][gc,cpu         ] GC(54) User=0.02s Sys=0.00s Real=0.01s
[2026-04-03T01:15:56.953+0600][11.273s][info][gc,start       ] GC(55) Pause Young (Normal) (G1 Evacuation Pause)
[2026-04-03T01:15:56.953+0600][11.273s][info][gc,task        ] GC(55) Using 10 workers of 10 for evacuation
[2026-04-03T01:15:56.957+0600][11.277s][info][gc,phases      ] GC(55)   Pre Evacuate Collection Set: 0.47ms
[2026-04-03T01:15:56.957+0600][11.277s][info][gc,phases      ] GC(55)   Merge Heap Roots: 0.23ms
[2026-04-03T01:15:56.957+0600][11.277s][info][gc,phases      ] GC(55)   Evacuate Collection Set: 1.43ms
[2026-04-03T01:15:56.957+0600][11.277s][info][gc,phases      ] GC(55)   Post Evacuate Collection Set: 1.36ms
[2026-04-03T01:15:56.957+0600][11.277s][info][gc,phases      ] GC(55)   Other: 0.16ms
[2026-04-03T01:15:56.957+0600][11.277s][info][gc,heap        ] GC(55) Eden regions: 88->0(106)
[2026-04-03T01:15:56.957+0600][11.277s][info][gc,heap        ] GC(55) Survivor regions: 2->2(12)
[2026-04-03T01:15:56.957+0600][11.277s][info][gc,heap        ] GC(55) Old regions: 4->4
[2026-04-03T01:15:56.957+0600][11.277s][info][gc,heap        ] GC(55) Humongous regions: 0->0
[2026-04-03T01:15:56.957+0600][11.277s][info][gc,metaspace   ] GC(55) Metaspace: 8137K(8384K)->8137K(8384K) NonClass: 7178K(7296K)->7178K(7296K) Class: 958K(1088K)->958K(1088K)
[2026-04-03T01:15:56.957+0600][11.277s][info][gc             ] GC(55) Pause Young (Normal) (G1 Evacuation Pause) 183M->7M(360M) 4.021ms
[2026-04-03T01:15:56.957+0600][11.277s][info][gc,cpu         ] GC(55) User=0.01s Sys=0.00s Real=0.00s
[2026-04-03T01:15:57.149+0600][11.469s][info][gc,start       ] GC(56) Pause Young (Normal) (GCLocker Initiated GC)
[2026-04-03T01:15:57.149+0600][11.469s][info][gc,task        ] GC(56) Using 10 workers of 10 for evacuation
[2026-04-03T01:15:57.152+0600][11.472s][info][gc,phases      ] GC(56)   Pre Evacuate Collection Set: 0.28ms
[2026-04-03T01:15:57.152+0600][11.472s][info][gc,phases      ] GC(56)   Merge Heap Roots: 0.15ms
[2026-04-03T01:15:57.152+0600][11.472s][info][gc,phases      ] GC(56)   Evacuate Collection Set: 1.47ms
[2026-04-03T01:15:57.152+0600][11.472s][info][gc,phases      ] GC(56)   Post Evacuate Collection Set: 0.43ms
[2026-04-03T01:15:57.152+0600][11.472s][info][gc,phases      ] GC(56)   Other: 0.18ms
[2026-04-03T01:15:57.152+0600][11.472s][info][gc,heap        ] GC(56) Eden regions: 106->0(106)
[2026-04-03T01:15:57.152+0600][11.472s][info][gc,heap        ] GC(56) Survivor regions: 2->2(14)
[2026-04-03T01:15:57.152+0600][11.472s][info][gc,heap        ] GC(56) Old regions: 4->4
[2026-04-03T01:15:57.152+0600][11.472s][info][gc,heap        ] GC(56) Humongous regions: 0->0
[2026-04-03T01:15:57.152+0600][11.472s][info][gc,metaspace   ] GC(56) Metaspace: 8137K(8384K)->8137K(8384K) NonClass: 7178K(7296K)->7178K(7296K) Class: 958K(1088K)->958K(1088K)
[2026-04-03T01:15:57.152+0600][11.472s][info][gc             ] GC(56) Pause Young (Normal) (GCLocker Initiated GC) 219M->7M(360M) 2.801ms
[2026-04-03T01:15:57.152+0600][11.472s][info][gc,cpu         ] GC(56) User=0.01s Sys=0.00s Real=0.01s
[2026-04-03T01:15:57.348+0600][11.668s][info][gc,start       ] GC(57) Pause Young (Normal) (G1 Evacuation Pause)
[2026-04-03T01:15:57.348+0600][11.668s][info][gc,task        ] GC(57) Using 10 workers of 10 for evacuation
[2026-04-03T01:15:57.351+0600][11.671s][info][gc,phases      ] GC(57)   Pre Evacuate Collection Set: 0.33ms
[2026-04-03T01:15:57.351+0600][11.671s][info][gc,phases      ] GC(57)   Merge Heap Roots: 0.18ms
[2026-04-03T01:15:57.351+0600][11.671s][info][gc,phases      ] GC(57)   Evacuate Collection Set: 1.32ms
[2026-04-03T01:15:57.351+0600][11.671s][info][gc,phases      ] GC(57)   Post Evacuate Collection Set: 0.73ms
[2026-04-03T01:15:57.351+0600][11.671s][info][gc,phases      ] GC(57)   Other: 0.12ms
[2026-04-03T01:15:57.351+0600][11.671s][info][gc,heap        ] GC(57) Eden regions: 106->0(106)
[2026-04-03T01:15:57.351+0600][11.671s][info][gc,heap        ] GC(57) Survivor regions: 2->2(14)
[2026-04-03T01:15:57.351+0600][11.671s][info][gc,heap        ] GC(57) Old regions: 4->4
[2026-04-03T01:15:57.351+0600][11.671s][info][gc,heap        ] GC(57) Humongous regions: 0->0
[2026-04-03T01:15:57.351+0600][11.671s][info][gc,metaspace   ] GC(57) Metaspace: 8138K(8384K)->8138K(8384K) NonClass: 7179K(7296K)->7179K(7296K) Class: 958K(1088K)->958K(1088K)
[2026-04-03T01:15:57.351+0600][11.671s][info][gc             ] GC(57) Pause Young (Normal) (G1 Evacuation Pause) 219M->6M(360M) 2.970ms
[2026-04-03T01:15:57.351+0600][11.671s][info][gc,cpu         ] GC(57) User=0.01s Sys=0.00s Real=0.01s
[2026-04-03T01:15:57.539+0600][11.859s][info][gc,heap,exit   ] Heap
[2026-04-03T01:15:57.539+0600][11.859s][info][gc,heap,exit   ]  garbage-first heap   total 368640K, used 153842K [0x000000070ae00000, 0x0000000800000000)
[2026-04-03T01:15:57.539+0600][11.859s][info][gc,heap,exit   ]   region size 2048K, 74 young (151552K), 2 survivors (4096K)
[2026-04-03T01:15:57.539+0600][11.859s][info][gc,heap,exit   ]  Metaspace       used 8321K, committed 8512K, reserved 1114112K
[2026-04-03T01:15:57.539+0600][11.859s][info][gc,heap,exit   ]   class space    used 975K, committed 1088K, reserved 1048576K
