[2026-04-03T01:16:09.197+0600][0.005s][info][gc,init] Initializing The Z Garbage Collector
[2026-04-03T01:16:09.197+0600][0.005s][info][gc,init] Version: 21.0.10+7-Ubuntu-124.04 (release)
[2026-04-03T01:16:09.197+0600][0.005s][info][gc,init] Using legacy single-generation mode
[2026-04-03T01:16:09.197+0600][0.005s][info][gc,init] NUMA Support: Disabled
[2026-04-03T01:16:09.197+0600][0.005s][info][gc,init] CPUs: 12 total, 12 available
[2026-04-03T01:16:09.197+0600][0.005s][info][gc,init] Memory: 15683M
[2026-04-03T01:16:09.197+0600][0.005s][info][gc,init] Large Page Support: Disabled
[2026-04-03T01:16:09.197+0600][0.005s][info][gc,init] GC Workers: 3 (dynamic)
[2026-04-03T01:16:09.198+0600][0.006s][info][gc,init] Address Space Type: Contiguous/Unrestricted/Complete
[2026-04-03T01:16:09.198+0600][0.006s][info][gc,init] Address Space Size: 62752M x 3 = 188256M
[2026-04-03T01:16:09.198+0600][0.006s][info][gc,init] Heap Backing File: /memfd:java_heap
[2026-04-03T01:16:09.198+0600][0.006s][info][gc,init] Heap Backing Filesystem: tmpfs (0x1021994)
[2026-04-03T01:16:09.198+0600][0.006s][info][gc,init] Min Capacity: 8M
[2026-04-03T01:16:09.198+0600][0.006s][info][gc,init] Initial Capacity: 246M
[2026-04-03T01:16:09.198+0600][0.006s][info][gc,init] Max Capacity: 3922M
[2026-04-03T01:16:09.198+0600][0.006s][info][gc,init] Medium Page Size: 32M
[2026-04-03T01:16:09.198+0600][0.006s][info][gc,init] Pre-touch: Disabled
[2026-04-03T01:16:09.199+0600][0.006s][info][gc,init] Available space on backing filesystem: N/A
[2026-04-03T01:16:09.199+0600][0.007s][info][gc,init] Uncommit: Enabled
[2026-04-03T01:16:09.199+0600][0.007s][info][gc,init] Uncommit Delay: 300s
[2026-04-03T01:16:09.298+0600][0.105s][info][gc,init] Runtime Workers: 8
[2026-04-03T01:16:09.299+0600][0.107s][info][gc     ] Using The Z Garbage Collector
[2026-04-03T01:16:09.312+0600][0.120s][info][gc,metaspace] CDS archive(s) mapped at: [0x0000709e0f000000-0x0000709e0fc9c000-0x0000709e0fc9c000), size 13221888, SharedBaseAddress: 0x0000709e0f000000, ArchiveRelocationMode: 1.
[2026-04-03T01:16:09.312+0600][0.120s][info][gc,metaspace] Compressed class space mapped at: 0x0000709e10000000-0x0000709e50000000, reserved size: 1073741824
[2026-04-03T01:16:09.312+0600][0.120s][info][gc,metaspace] Narrow klass base: 0x0000709e0f000000, Narrow klass shift: 0, Narrow klass range: 0x100000000
[2026-04-03T01:16:09.956+0600][0.764s][info][gc,start    ] GC(0) Garbage Collection (System.gc())
[2026-04-03T01:16:09.956+0600][0.764s][info][gc,task     ] GC(0) Using 3 workers
[2026-04-03T01:16:09.957+0600][0.764s][info][gc,phases   ] GC(0) Pause Mark Start 0.008ms
[2026-04-03T01:16:09.962+0600][0.770s][info][gc,phases   ] GC(0) Concurrent Mark 5.758ms
[2026-04-03T01:16:09.963+0600][0.770s][info][gc,phases   ] GC(0) Pause Mark End 0.016ms
[2026-04-03T01:16:09.963+0600][0.770s][info][gc,phases   ] GC(0) Concurrent Mark Free 0.001ms
[2026-04-03T01:16:09.964+0600][0.772s][info][gc,phases   ] GC(0) Concurrent Process Non-Strong References 1.597ms
[2026-04-03T01:16:09.964+0600][0.772s][info][gc,phases   ] GC(0) Concurrent Reset Relocation Set 0.000ms
[2026-04-03T01:16:09.972+0600][0.779s][info][gc,phases   ] GC(0) Concurrent Select Relocation Set 7.671ms
[2026-04-03T01:16:09.972+0600][0.779s][info][gc,phases   ] GC(0) Pause Relocate Start 0.009ms
[2026-04-03T01:16:09.975+0600][0.782s][info][gc,phases   ] GC(0) Concurrent Relocate 2.850ms
[2026-04-03T01:16:09.975+0600][0.783s][info][gc,load     ] GC(0) Load: 12.56/8.48/5.86
[2026-04-03T01:16:09.975+0600][0.783s][info][gc,mmu      ] GC(0) MMU: 2ms/99.2%, 5ms/99.7%, 10ms/99.7%, 20ms/99.8%, 50ms/99.9%, 100ms/100.0%
[2026-04-03T01:16:09.975+0600][0.783s][info][gc,marking  ] GC(0) Mark: 2 stripe(s), 2 proactive flush(es), 1 terminate flush(es), 0 completion(s), 0 continuation(s) 
[2026-04-03T01:16:09.975+0600][0.783s][info][gc,marking  ] GC(0) Mark Stack Usage: 32M
[2026-04-03T01:16:09.975+0600][0.783s][info][gc,nmethod  ] GC(0) NMethods: 1070 registered, 98 unregistered
[2026-04-03T01:16:09.975+0600][0.783s][info][gc,metaspace] GC(0) Metaspace: 5M used, 6M committed, 1088M reserved
[2026-04-03T01:16:09.975+0600][0.783s][info][gc,ref      ] GC(0) Soft: 153 encountered, 0 discovered, 0 enqueued
[2026-04-03T01:16:09.975+0600][0.783s][info][gc,ref      ] GC(0) Weak: 447 encountered, 256 discovered, 111 enqueued
[2026-04-03T01:16:09.975+0600][0.783s][info][gc,ref      ] GC(0) Final: 3 encountered, 0 discovered, 0 enqueued
[2026-04-03T01:16:09.975+0600][0.783s][info][gc,ref      ] GC(0) Phantom: 36 encountered, 34 discovered, 2 enqueued
[2026-04-03T01:16:09.975+0600][0.783s][info][gc,reloc    ] GC(0) Small Pages: 13 / 26M, Empty: 0M, Relocated: 2M, In-Place: 0
[2026-04-03T01:16:09.975+0600][0.783s][info][gc,reloc    ] GC(0) Medium Pages: 0 / 0M, Empty: 0M, Relocated: 0M, In-Place: 0
[2026-04-03T01:16:09.975+0600][0.783s][info][gc,reloc    ] GC(0) Large Pages: 0 / 0M, Empty: 0M, Relocated: 0M, In-Place: 0
[2026-04-03T01:16:09.975+0600][0.783s][info][gc,reloc    ] GC(0) Forwarding Usage: 0M
[2026-04-03T01:16:09.975+0600][0.783s][info][gc,heap     ] GC(0) Min Capacity: 8M(0%)
[2026-04-03T01:16:09.975+0600][0.783s][info][gc,heap     ] GC(0) Max Capacity: 3922M(100%)
[2026-04-03T01:16:09.975+0600][0.783s][info][gc,heap     ] GC(0) Soft Max Capacity: 3922M(100%)
[2026-04-03T01:16:09.975+0600][0.783s][info][gc,heap     ] GC(0)                Mark Start          Mark End        Relocate Start      Relocate End           High               Low         
[2026-04-03T01:16:09.975+0600][0.783s][info][gc,heap     ] GC(0)  Capacity:      246M (6%)          246M (6%)          246M (6%)          246M (6%)          246M (6%)          246M (6%)     
[2026-04-03T01:16:09.975+0600][0.783s][info][gc,heap     ] GC(0)      Free:     3896M (99%)        3896M (99%)        3894M (99%)        3912M (100%)       3912M (100%)       3892M (99%)    
[2026-04-03T01:16:09.975+0600][0.783s][info][gc,heap     ] GC(0)      Used:       26M (1%)           26M (1%)           28M (1%)           10M (0%)           30M (1%)           10M (0%)     
[2026-04-03T01:16:09.975+0600][0.783s][info][gc,heap     ] GC(0)      Live:         -                 3M (0%)            3M (0%)            3M (0%)             -                  -          
[2026-04-03T01:16:09.975+0600][0.783s][info][gc,heap     ] GC(0) Allocated:         -                 0M (0%)            2M (0%)            2M (0%)             -                  -          
[2026-04-03T01:16:09.975+0600][0.783s][info][gc,heap     ] GC(0)   Garbage:         -                22M (1%)           22M (1%)            4M (0%)             -                  -          
[2026-04-03T01:16:09.975+0600][0.783s][info][gc,heap     ] GC(0) Reclaimed:         -                  -                 0M (0%)           18M (0%)             -                  -          
[2026-04-03T01:16:09.975+0600][0.783s][info][gc          ] GC(0) Garbage Collection (System.gc()) 26M(1%)->10M(0%)
[2026-04-03T01:16:11.828+0600][2.635s][info][gc,start    ] GC(1) Garbage Collection (Warmup)
[2026-04-03T01:16:11.828+0600][2.635s][info][gc,task     ] GC(1) Using 3 workers
[2026-04-03T01:16:11.828+0600][2.636s][info][gc,phases   ] GC(1) Pause Mark Start 0.018ms
[2026-04-03T01:16:11.870+0600][2.678s][info][gc,phases   ] GC(1) Concurrent Mark 38.245ms
[2026-04-03T01:16:11.871+0600][2.678s][info][gc,phases   ] GC(1) Pause Mark End 0.029ms
[2026-04-03T01:16:11.878+0600][2.685s][info][gc,phases   ] GC(1) Concurrent Mark Free 0.004ms
[2026-04-03T01:16:11.897+0600][2.704s][info][gc,phases   ] GC(1) Concurrent Process Non-Strong References 18.696ms
[2026-04-03T01:16:11.897+0600][2.704s][info][gc,phases   ] GC(1) Concurrent Reset Relocation Set 0.004ms
[2026-04-03T01:16:11.909+0600][2.716s][info][gc,phases   ] GC(1) Concurrent Select Relocation Set 12.072ms
[2026-04-03T01:16:11.909+0600][2.717s][info][gc,phases   ] GC(1) Pause Relocate Start 0.015ms
[2026-04-03T01:16:11.922+0600][2.729s][info][gc,phases   ] GC(1) Concurrent Relocate 12.053ms
[2026-04-03T01:16:11.922+0600][2.729s][info][gc,load     ] GC(1) Load: 12.56/8.48/5.86
[2026-04-03T01:16:11.922+0600][2.729s][info][gc,mmu      ] GC(1) MMU: 2ms/98.5%, 5ms/99.4%, 10ms/99.7%, 20ms/99.8%, 50ms/99.9%, 100ms/99.9%
[2026-04-03T01:16:11.922+0600][2.729s][info][gc,marking  ] GC(1) Mark: 2 stripe(s), 3 proactive flush(es), 1 terminate flush(es), 0 completion(s), 0 continuation(s) 
[2026-04-03T01:16:11.922+0600][2.729s][info][gc,marking  ] GC(1) Mark Stack Usage: 32M
[2026-04-03T01:16:11.922+0600][2.729s][info][gc,nmethod  ] GC(1) NMethods: 2160 registered, 314 unregistered
[2026-04-03T01:16:11.922+0600][2.729s][info][gc,metaspace] GC(1) Metaspace: 7M used, 7M committed, 1088M reserved
[2026-04-03T01:16:11.922+0600][2.729s][info][gc,ref      ] GC(1) Soft: 177 encountered, 0 discovered, 0 enqueued
[2026-04-03T01:16:11.922+0600][2.729s][info][gc,ref      ] GC(1) Weak: 451 encountered, 185 discovered, 38 enqueued
[2026-04-03T01:16:11.922+0600][2.729s][info][gc,ref      ] GC(1) Final: 3 encountered, 3 discovered, 0 enqueued
[2026-04-03T01:16:11.922+0600][2.729s][info][gc,ref      ] GC(1) Phantom: 102 encountered, 67 discovered, 13 enqueued
[2026-04-03T01:16:11.922+0600][2.729s][info][gc,reloc    ] GC(1) Small Pages: 205 / 410M, Empty: 186M, Relocated: 8M, In-Place: 0
[2026-04-03T01:16:11.922+0600][2.729s][info][gc,reloc    ] GC(1) Medium Pages: 0 / 0M, Empty: 0M, Relocated: 0M, In-Place: 0
[2026-04-03T01:16:11.922+0600][2.729s][info][gc,reloc    ] GC(1) Large Pages: 0 / 0M, Empty: 0M, Relocated: 0M, In-Place: 0
[2026-04-03T01:16:11.922+0600][2.729s][info][gc,reloc    ] GC(1) Forwarding Usage: 1M
[2026-04-03T01:16:11.922+0600][2.729s][info][gc,heap     ] GC(1) Min Capacity: 8M(0%)
[2026-04-03T01:16:11.922+0600][2.729s][info][gc,heap     ] GC(1) Max Capacity: 3922M(100%)
[2026-04-03T01:16:11.922+0600][2.729s][info][gc,heap     ] GC(1) Soft Max Capacity: 3922M(100%)
[2026-04-03T01:16:11.922+0600][2.729s][info][gc,heap     ] GC(1)                Mark Start          Mark End        Relocate Start      Relocate End           High               Low         
[2026-04-03T01:16:11.922+0600][2.729s][info][gc,heap     ] GC(1)  Capacity:      410M (10%)         438M (11%)         442M (11%)         442M (11%)         442M (11%)         410M (10%)    
[2026-04-03T01:16:11.922+0600][2.729s][info][gc,heap     ] GC(1)      Free:     3512M (90%)        3486M (89%)        3666M (93%)        3872M (99%)        3872M (99%)        3480M (89%)    
[2026-04-03T01:16:11.922+0600][2.729s][info][gc,heap     ] GC(1)      Used:      410M (10%)         436M (11%)         256M (7%)           50M (1%)          442M (11%)          50M (1%)     
[2026-04-03T01:16:11.922+0600][2.729s][info][gc,heap     ] GC(1)      Live:         -                 8M (0%)            8M (0%)            8M (0%)             -                  -          
[2026-04-03T01:16:11.922+0600][2.729s][info][gc,heap     ] GC(1) Allocated:         -                26M (1%)           32M (1%)           37M (1%)             -                  -          
[2026-04-03T01:16:11.922+0600][2.729s][info][gc,heap     ] GC(1)   Garbage:         -               401M (10%)         215M (5%)            3M (0%)             -                  -          
[2026-04-03T01:16:11.922+0600][2.729s][info][gc,heap     ] GC(1) Reclaimed:         -                  -               186M (5%)          397M (10%)            -                  -          
[2026-04-03T01:16:11.922+0600][2.729s][info][gc          ] GC(1) Garbage Collection (Warmup) 410M(10%)->50M(1%)
[2026-04-03T01:16:14.324+0600][5.131s][info][gc,start    ] GC(2) Garbage Collection (Warmup)
[2026-04-03T01:16:14.324+0600][5.131s][info][gc,task     ] GC(2) Using 3 workers
[2026-04-03T01:16:14.324+0600][5.132s][info][gc,phases   ] GC(2) Pause Mark Start 0.018ms
[2026-04-03T01:16:14.355+0600][5.163s][info][gc,phases   ] GC(2) Concurrent Mark 30.709ms
[2026-04-03T01:16:14.356+0600][5.163s][info][gc,phases   ] GC(2) Pause Mark End 0.029ms
[2026-04-03T01:16:14.359+0600][5.166s][info][gc,phases   ] GC(2) Concurrent Mark Free 0.003ms
[2026-04-03T01:16:14.378+0600][5.186s][info][gc,phases   ] GC(2) Concurrent Process Non-Strong References 19.422ms
[2026-04-03T01:16:14.378+0600][5.186s][info][gc,phases   ] GC(2) Concurrent Reset Relocation Set 0.011ms
[2026-04-03T01:16:14.388+0600][5.195s][info][gc,phases   ] GC(2) Concurrent Select Relocation Set 9.434ms
[2026-04-03T01:16:14.388+0600][5.196s][info][gc,phases   ] GC(2) Pause Relocate Start 0.017ms
[2026-04-03T01:16:14.403+0600][5.211s][info][gc,phases   ] GC(2) Concurrent Relocate 11.665ms
[2026-04-03T01:16:14.403+0600][5.211s][info][gc,load     ] GC(2) Load: 12.99/8.64/5.92
[2026-04-03T01:16:14.404+0600][5.211s][info][gc,mmu      ] GC(2) MMU: 2ms/98.5%, 5ms/99.4%, 10ms/99.7%, 20ms/99.8%, 50ms/99.9%, 100ms/99.9%
[2026-04-03T01:16:14.404+0600][5.211s][info][gc,marking  ] GC(2) Mark: 2 stripe(s), 2 proactive flush(es), 1 terminate flush(es), 0 completion(s), 0 continuation(s) 
[2026-04-03T01:16:14.404+0600][5.211s][info][gc,marking  ] GC(2) Mark Stack Usage: 32M
[2026-04-03T01:16:14.404+0600][5.211s][info][gc,nmethod  ] GC(2) NMethods: 2427 registered, 413 unregistered
[2026-04-03T01:16:14.404+0600][5.211s][info][gc,metaspace] GC(2) Metaspace: 7M used, 8M committed, 1088M reserved
[2026-04-03T01:16:14.404+0600][5.211s][info][gc,ref      ] GC(2) Soft: 177 encountered, 0 discovered, 0 enqueued
[2026-04-03T01:16:14.404+0600][5.211s][info][gc,ref      ] GC(2) Weak: 411 encountered, 193 discovered, 0 enqueued
[2026-04-03T01:16:14.404+0600][5.211s][info][gc,ref      ] GC(2) Final: 3 encountered, 0 discovered, 0 enqueued
[2026-04-03T01:16:14.404+0600][5.211s][info][gc,ref      ] GC(2) Phantom: 78 encountered, 46 discovered, 0 enqueued
[2026-04-03T01:16:14.404+0600][5.211s][info][gc,reloc    ] GC(2) Small Pages: 396 / 792M, Empty: 644M, Relocated: 6M, In-Place: 0
[2026-04-03T01:16:14.404+0600][5.211s][info][gc,reloc    ] GC(2) Medium Pages: 0 / 0M, Empty: 0M, Relocated: 0M, In-Place: 0
[2026-04-03T01:16:14.404+0600][5.211s][info][gc,reloc    ] GC(2) Large Pages: 0 / 0M, Empty: 0M, Relocated: 0M, In-Place: 0
[2026-04-03T01:16:14.404+0600][5.211s][info][gc,reloc    ] GC(2) Forwarding Usage: 0M
[2026-04-03T01:16:14.404+0600][5.211s][info][gc,heap     ] GC(2) Min Capacity: 8M(0%)
[2026-04-03T01:16:14.404+0600][5.211s][info][gc,heap     ] GC(2) Max Capacity: 3922M(100%)
[2026-04-03T01:16:14.404+0600][5.211s][info][gc,heap     ] GC(2) Soft Max Capacity: 3922M(100%)
[2026-04-03T01:16:14.404+0600][5.211s][info][gc,heap     ] GC(2)                Mark Start          Mark End        Relocate Start      Relocate End           High               Low         
[2026-04-03T01:16:14.404+0600][5.211s][info][gc,heap     ] GC(2)  Capacity:      792M (20%)         818M (21%)         818M (21%)         818M (21%)         818M (21%)         792M (20%)    
[2026-04-03T01:16:14.404+0600][5.211s][info][gc,heap     ] GC(2)      Free:     3130M (80%)        3108M (79%)        3750M (96%)        3886M (99%)        3886M (99%)        3104M (79%)    
[2026-04-03T01:16:14.404+0600][5.211s][info][gc,heap     ] GC(2)      Used:      792M (20%)         814M (21%)         172M (4%)           36M (1%)          818M (21%)          36M (1%)     
[2026-04-03T01:16:14.404+0600][5.211s][info][gc,heap     ] GC(2)      Live:         -                 8M (0%)            8M (0%)            8M (0%)             -                  -          
[2026-04-03T01:16:14.404+0600][5.211s][info][gc,heap     ] GC(2) Allocated:         -                22M (1%)           24M (1%)           25M (1%)             -                  -          
[2026-04-03T01:16:14.404+0600][5.211s][info][gc,heap     ] GC(2)   Garbage:         -               783M (20%)         139M (4%)            2M (0%)             -                  -          
[2026-04-03T01:16:14.404+0600][5.211s][info][gc,heap     ] GC(2) Reclaimed:         -                  -               644M (16%)         781M (20%)            -                  -          
[2026-04-03T01:16:14.404+0600][5.211s][info][gc          ] GC(2) Garbage Collection (Warmup) 792M(20%)->36M(1%)
[2026-04-03T01:16:16.124+0600][6.931s][info][gc,start    ] GC(3) Garbage Collection (Warmup)
[2026-04-03T01:16:16.124+0600][6.931s][info][gc,task     ] GC(3) Using 3 workers
[2026-04-03T01:16:16.130+0600][6.937s][info][gc,phases   ] GC(3) Pause Mark Start 0.015ms
[2026-04-03T01:16:16.187+0600][6.995s][info][gc,phases   ] GC(3) Concurrent Mark 55.174ms
[2026-04-03T01:16:16.189+0600][6.996s][info][gc,phases   ] GC(3) Pause Mark End 0.182ms
[2026-04-03T01:16:16.189+0600][6.996s][info][gc,phases   ] GC(3) Concurrent Mark Free 0.004ms
[2026-04-03T01:16:16.220+0600][7.028s][info][gc,phases   ] GC(3) Concurrent Process Non-Strong References 31.436ms
[2026-04-03T01:16:16.220+0600][7.028s][info][gc,phases   ] GC(3) Concurrent Reset Relocation Set 0.009ms
[2026-04-03T01:16:16.225+0600][7.032s][info][gc,phases   ] GC(3) Concurrent Select Relocation Set 4.461ms
[2026-04-03T01:16:16.226+0600][7.033s][info][gc,phases   ] GC(3) Pause Relocate Start 0.016ms
[2026-04-03T01:16:16.243+0600][7.050s][info][gc,phases   ] GC(3) Concurrent Relocate 11.185ms
[2026-04-03T01:16:16.243+0600][7.051s][info][gc,load     ] GC(3) Load: 12.99/8.64/5.92
[2026-04-03T01:16:16.243+0600][7.051s][info][gc,mmu      ] GC(3) MMU: 2ms/90.9%, 5ms/96.4%, 10ms/98.2%, 20ms/99.1%, 50ms/99.6%, 100ms/99.8%
[2026-04-03T01:16:16.243+0600][7.051s][info][gc,marking  ] GC(3) Mark: 2 stripe(s), 3 proactive flush(es), 1 terminate flush(es), 0 completion(s), 0 continuation(s) 
[2026-04-03T01:16:16.243+0600][7.051s][info][gc,marking  ] GC(3) Mark Stack Usage: 32M
[2026-04-03T01:16:16.243+0600][7.051s][info][gc,nmethod  ] GC(3) NMethods: 2445 registered, 335 unregistered
[2026-04-03T01:16:16.243+0600][7.051s][info][gc,metaspace] GC(3) Metaspace: 7M used, 8M committed, 1088M reserved
[2026-04-03T01:16:16.243+0600][7.051s][info][gc,ref      ] GC(3) Soft: 177 encountered, 0 discovered, 0 enqueued
[2026-04-03T01:16:16.243+0600][7.051s][info][gc,ref      ] GC(3) Weak: 414 encountered, 191 discovered, 0 enqueued
[2026-04-03T01:16:16.243+0600][7.051s][info][gc,ref      ] GC(3) Final: 3 encountered, 0 discovered, 0 enqueued
[2026-04-03T01:16:16.243+0600][7.051s][info][gc,ref      ] GC(3) Phantom: 73 encountered, 57 discovered, 0 enqueued
[2026-04-03T01:16:16.243+0600][7.051s][info][gc,reloc    ] GC(3) Small Pages: 624 / 1248M, Empty: 1044M, Relocated: 4M, In-Place: 0
[2026-04-03T01:16:16.243+0600][7.051s][info][gc,reloc    ] GC(3) Medium Pages: 0 / 0M, Empty: 0M, Relocated: 0M, In-Place: 0
[2026-04-03T01:16:16.243+0600][7.051s][info][gc,reloc    ] GC(3) Large Pages: 0 / 0M, Empty: 0M, Relocated: 0M, In-Place: 0
[2026-04-03T01:16:16.243+0600][7.051s][info][gc,reloc    ] GC(3) Forwarding Usage: 0M
[2026-04-03T01:16:16.243+0600][7.051s][info][gc,heap     ] GC(3) Min Capacity: 8M(0%)
[2026-04-03T01:16:16.243+0600][7.051s][info][gc,heap     ] GC(3) Max Capacity: 3922M(100%)
[2026-04-03T01:16:16.243+0600][7.051s][info][gc,heap     ] GC(3) Soft Max Capacity: 3922M(100%)
[2026-04-03T01:16:16.243+0600][7.051s][info][gc,heap     ] GC(3)                Mark Start          Mark End        Relocate Start      Relocate End           High               Low         
[2026-04-03T01:16:16.243+0600][7.051s][info][gc,heap     ] GC(3)  Capacity:     1248M (32%)        1314M (34%)        1346M (34%)        1346M (34%)        1346M (34%)        1248M (32%)    
[2026-04-03T01:16:16.243+0600][7.051s][info][gc,heap     ] GC(3)      Free:     2674M (68%)        2608M (66%)        3618M (92%)        3796M (97%)        3798M (97%)        2576M (66%)    
[2026-04-03T01:16:16.243+0600][7.051s][info][gc,heap     ] GC(3)      Used:     1248M (32%)        1314M (34%)         304M (8%)          126M (3%)         1346M (34%)         124M (3%)     
[2026-04-03T01:16:16.243+0600][7.051s][info][gc,heap     ] GC(3)      Live:         -                 7M (0%)            7M (0%)            7M (0%)             -                  -          
[2026-04-03T01:16:16.243+0600][7.051s][info][gc,heap     ] GC(3) Allocated:         -                66M (2%)          100M (3%)          115M (3%)             -                  -          
[2026-04-03T01:16:16.243+0600][7.051s][info][gc,heap     ] GC(3)   Garbage:         -              1240M (32%)         196M (5%)            2M (0%)             -                  -          
[2026-04-03T01:16:16.243+0600][7.051s][info][gc,heap     ] GC(3) Reclaimed:         -                  -              1044M (27%)        1237M (32%)            -                  -          
[2026-04-03T01:16:16.243+0600][7.051s][info][gc          ] GC(3) Garbage Collection (Warmup) 1248M(32%)->126M(3%)
[2026-04-03T01:16:19.224+0600][10.032s][info][gc,start    ] GC(4) Garbage Collection (Allocation Rate)
[2026-04-03T01:16:19.224+0600][10.032s][info][gc,task     ] GC(4) Using 1 workers
[2026-04-03T01:16:19.227+0600][10.034s][info][gc,phases   ] GC(4) Pause Mark Start 0.015ms
[2026-04-03T01:16:19.266+0600][10.074s][info][gc,phases   ] GC(4) Concurrent Mark 39.701ms
[2026-04-03T01:16:19.270+0600][10.077s][info][gc,phases   ] GC(4) Pause Mark End 0.024ms
[2026-04-03T01:16:19.276+0600][10.083s][info][gc,phases   ] GC(4) Concurrent Mark Free 0.002ms
[2026-04-03T01:16:19.306+0600][10.114s][info][gc,phases   ] GC(4) Concurrent Process Non-Strong References 30.326ms
[2026-04-03T01:16:19.306+0600][10.114s][info][gc,phases   ] GC(4) Concurrent Reset Relocation Set 0.011ms
[2026-04-03T01:16:19.311+0600][10.119s][info][gc,phases   ] GC(4) Concurrent Select Relocation Set 5.118ms
[2026-04-03T01:16:19.312+0600][10.119s][info][gc,phases   ] GC(4) Pause Relocate Start 0.019ms
[2026-04-03T01:16:19.321+0600][10.129s][info][gc,phases   ] GC(4) Concurrent Relocate 9.222ms
[2026-04-03T01:16:19.322+0600][10.129s][info][gc,load     ] GC(4) Load: 12.91/8.70/5.96
[2026-04-03T01:16:19.322+0600][10.129s][info][gc,mmu      ] GC(4) MMU: 2ms/90.9%, 5ms/96.4%, 10ms/98.2%, 20ms/99.1%, 50ms/99.6%, 100ms/99.8%
[2026-04-03T01:16:19.322+0600][10.129s][info][gc,marking  ] GC(4) Mark: 1 stripe(s), 2 proactive flush(es), 1 terminate flush(es), 0 completion(s), 0 continuation(s) 
[2026-04-03T01:16:19.322+0600][10.129s][info][gc,marking  ] GC(4) Mark Stack Usage: 32M
[2026-04-03T01:16:19.322+0600][10.129s][info][gc,nmethod  ] GC(4) NMethods: 2447 registered, 122 unregistered
[2026-04-03T01:16:19.322+0600][10.129s][info][gc,metaspace] GC(4) Metaspace: 7M used, 8M committed, 1088M reserved
[2026-04-03T01:16:19.322+0600][10.129s][info][gc,ref      ] GC(4) Soft: 177 encountered, 0 discovered, 0 enqueued
[2026-04-03T01:16:19.322+0600][10.129s][info][gc,ref      ] GC(4) Weak: 417 encountered, 121 discovered, 0 enqueued
[2026-04-03T01:16:19.322+0600][10.129s][info][gc,ref      ] GC(4) Final: 3 encountered, 1 discovered, 0 enqueued
[2026-04-03T01:16:19.322+0600][10.129s][info][gc,ref      ] GC(4) Phantom: 77 encountered, 65 discovered, 0 enqueued
[2026-04-03T01:16:19.322+0600][10.129s][info][gc,reloc    ] GC(4) Small Pages: 1709 / 3418M, Empty: 3258M, Relocated: 6M, In-Place: 0
[2026-04-03T01:16:19.322+0600][10.129s][info][gc,reloc    ] GC(4) Medium Pages: 0 / 0M, Empty: 0M, Relocated: 0M, In-Place: 0
[2026-04-03T01:16:19.322+0600][10.129s][info][gc,reloc    ] GC(4) Large Pages: 0 / 0M, Empty: 0M, Relocated: 0M, In-Place: 0
[2026-04-03T01:16:19.322+0600][10.129s][info][gc,reloc    ] GC(4) Forwarding Usage: 0M
[2026-04-03T01:16:19.322+0600][10.129s][info][gc,heap     ] GC(4) Min Capacity: 8M(0%)
[2026-04-03T01:16:19.322+0600][10.129s][info][gc,heap     ] GC(4) Max Capacity: 3922M(100%)
[2026-04-03T01:16:19.322+0600][10.129s][info][gc,heap     ] GC(4) Soft Max Capacity: 3922M(100%)
[2026-04-03T01:16:19.322+0600][10.129s][info][gc,heap     ] GC(4)                Mark Start          Mark End        Relocate Start      Relocate End           High               Low         
[2026-04-03T01:16:19.322+0600][10.129s][info][gc,heap     ] GC(4)  Capacity:     3418M (87%)        3472M (89%)        3512M (90%)        3512M (90%)        3512M (90%)        3418M (87%)    
[2026-04-03T01:16:19.322+0600][10.129s][info][gc,heap     ] GC(4)      Free:      504M (13%)         452M (12%)        3664M (93%)        3802M (97%)        3806M (97%)         410M (10%)    
[2026-04-03T01:16:19.322+0600][10.129s][info][gc,heap     ] GC(4)      Used:     3418M (87%)        3470M (88%)         258M (7%)          120M (3%)         3512M (90%)         116M (3%)     
[2026-04-03T01:16:19.322+0600][10.129s][info][gc,heap     ] GC(4)      Live:         -                 8M (0%)            8M (0%)            8M (0%)             -                  -          
[2026-04-03T01:16:19.322+0600][10.129s][info][gc,heap     ] GC(4) Allocated:         -                52M (1%)           98M (2%)          109M (3%)             -                  -          
[2026-04-03T01:16:19.322+0600][10.129s][info][gc,heap     ] GC(4)   Garbage:         -              3409M (87%)         151M (4%)            1M (0%)             -                  -          
[2026-04-03T01:16:19.322+0600][10.129s][info][gc,heap     ] GC(4) Reclaimed:         -                  -              3258M (83%)        3407M (87%)            -                  -          
[2026-04-03T01:16:19.322+0600][10.129s][info][gc          ] GC(4) Garbage Collection (Allocation Rate) 3418M(87%)->120M(3%)
[2026-04-03T01:16:19.324+0600][10.131s][info][gc,stats    ] === Garbage Collection Statistics =======================================================================================================================
[2026-04-03T01:16:19.324+0600][10.131s][info][gc,stats    ]                                                              Last 10s              Last 10m              Last 10h                Total
[2026-04-03T01:16:19.324+0600][10.131s][info][gc,stats    ]                                                              Avg / Max             Avg / Max             Avg / Max             Avg / Max
[2026-04-03T01:16:19.324+0600][10.131s][info][gc,stats    ]   Collector: Garbage Collection Cycle                     81.746 / 119.089      81.746 / 119.089      81.746 / 119.089      81.746 / 119.089     ms
[2026-04-03T01:16:19.324+0600][10.131s][info][gc,stats    ]  Contention: Mark Segment Reset Contention                     0 / 0                 0 / 0                 0 / 0                 0 / 0           ops/s
[2026-04-03T01:16:19.324+0600][10.131s][info][gc,stats    ]  Contention: Mark SeqNum Reset Contention                      0 / 0                 0 / 0                 0 / 0                 0 / 0           ops/s
[2026-04-03T01:16:19.324+0600][10.131s][info][gc,stats    ]    Critical: Allocation Stall                                  0 / 0                 0 / 0                 0 / 0                 0 / 0           ops/s
[2026-04-03T01:16:19.324+0600][10.131s][info][gc,stats    ]    Critical: Allocation Stall                              0.000 / 0.000         0.000 / 0.000         0.000 / 0.000         0.000 / 0.000       ms
[2026-04-03T01:16:19.324+0600][10.131s][info][gc,stats    ]    Critical: GC Locker Stall                                   0 / 0                 0 / 0                 0 / 0                 0 / 0           ops/s
[2026-04-03T01:16:19.324+0600][10.131s][info][gc,stats    ]    Critical: GC Locker Stall                               0.000 / 0.000         0.000 / 0.000         0.000 / 0.000         0.000 / 0.000       ms
[2026-04-03T01:16:19.324+0600][10.131s][info][gc,stats    ]    Critical: Relocation Stall                                  0 / 0                 0 / 0                 0 / 0                 0 / 0           ops/s
[2026-04-03T01:16:19.324+0600][10.131s][info][gc,stats    ]    Critical: Relocation Stall                              0.000 / 0.000         0.000 / 0.000         0.000 / 0.000         0.000 / 0.000       ms
[2026-04-03T01:16:19.324+0600][10.131s][info][gc,stats    ]      Memory: Allocation Rate                                 602 / 1272            602 / 1272            602 / 1272            602 / 1272        MB/s
[2026-04-03T01:16:19.324+0600][10.131s][info][gc,stats    ]      Memory: Defragment                                        0 / 0                 0 / 0                 0 / 0                 0 / 0           ops/s
[2026-04-03T01:16:19.324+0600][10.131s][info][gc,stats    ]      Memory: Out Of Memory                                     0 / 0                 0 / 0                 0 / 0                 0 / 0           ops/s
[2026-04-03T01:16:19.324+0600][10.131s][info][gc,stats    ]      Memory: Page Cache Flush                                  0 / 0                 0 / 0                 0 / 0                 0 / 0           MB/s
[2026-04-03T01:16:19.324+0600][10.131s][info][gc,stats    ]      Memory: Page Cache Hit L1                               127 / 556             127 / 556             127 / 556             127 / 556         ops/s
[2026-04-03T01:16:19.324+0600][10.131s][info][gc,stats    ]      Memory: Page Cache Hit L2                                 0 / 0                 0 / 0                 0 / 0                 0 / 0           ops/s
[2026-04-03T01:16:19.324+0600][10.132s][info][gc,stats    ]      Memory: Page Cache Hit L3                                12 / 97               12 / 97               12 / 97               12 / 97          ops/s
[2026-04-03T01:16:19.324+0600][10.132s][info][gc,stats    ]      Memory: Page Cache Miss                                 163 / 509             163 / 509             163 / 509             163 / 509         ops/s
[2026-04-03T01:16:19.324+0600][10.132s][info][gc,stats    ]      Memory: Uncommit                                          0 / 0                 0 / 0                 0 / 0                 0 / 0           MB/s
[2026-04-03T01:16:19.324+0600][10.132s][info][gc,stats    ]      Memory: Undo Object Allocation Failed                     0 / 0                 0 / 0                 0 / 0                 0 / 0           ops/s
[2026-04-03T01:16:19.324+0600][10.132s][info][gc,stats    ]      Memory: Undo Object Allocation Succeeded                  6 / 38                6 / 38                6 / 38                6 / 38          ops/s
[2026-04-03T01:16:19.324+0600][10.132s][info][gc,stats    ]      Memory: Undo Page Allocation                              3 / 12                3 / 12                3 / 12                3 / 12          ops/s
[2026-04-03T01:16:19.324+0600][10.132s][info][gc,stats    ]       Phase: Concurrent Mark                              33.917 / 55.174       33.917 / 55.174       33.917 / 55.174       33.917 / 55.174      ms
[2026-04-03T01:16:19.324+0600][10.132s][info][gc,stats    ]       Phase: Concurrent Mark Continue                      0.000 / 0.000         0.000 / 0.000         0.000 / 0.000         0.000 / 0.000       ms
[2026-04-03T01:16:19.324+0600][10.132s][info][gc,stats    ]       Phase: Concurrent Mark Free                          0.003 / 0.004         0.003 / 0.004         0.003 / 0.004         0.003 / 0.004       ms
[2026-04-03T01:16:19.324+0600][10.132s][info][gc,stats    ]       Phase: Concurrent Process Non-Strong References     20.295 / 31.436       20.295 / 31.436       20.295 / 31.436       20.295 / 31.436      ms
[2026-04-03T01:16:19.324+0600][10.132s][info][gc,stats    ]       Phase: Concurrent Relocate                           9.395 / 12.053        9.395 / 12.053        9.395 / 12.053        9.395 / 12.053      ms
[2026-04-03T01:16:19.324+0600][10.132s][info][gc,stats    ]       Phase: Concurrent Reset Relocation Set               0.007 / 0.011         0.007 / 0.011         0.007 / 0.011         0.007 / 0.011       ms
[2026-04-03T01:16:19.324+0600][10.132s][info][gc,stats    ]       Phase: Concurrent Select Relocation Set              7.751 / 12.072        7.751 / 12.072        7.751 / 12.072        7.751 / 12.072      ms
[2026-04-03T01:16:19.324+0600][10.132s][info][gc,stats    ]       Phase: Pause Mark End                                0.056 / 0.182         0.056 / 0.182         0.056 / 0.182         0.056 / 0.182       ms
[2026-04-03T01:16:19.324+0600][10.132s][info][gc,stats    ]       Phase: Pause Mark Start                              0.015 / 0.018         0.015 / 0.018         0.015 / 0.018         0.015 / 0.018       ms
[2026-04-03T01:16:19.324+0600][10.132s][info][gc,stats    ]       Phase: Pause Relocate Start                          0.015 / 0.019         0.015 / 0.019         0.015 / 0.019         0.015 / 0.019       ms
[2026-04-03T01:16:19.324+0600][10.132s][info][gc,stats    ]    Subphase: Concurrent Classes Purge                      0.650 / 0.960         0.650 / 0.960         0.650 / 0.960         0.650 / 0.960       ms
[2026-04-03T01:16:19.324+0600][10.132s][info][gc,stats    ]    Subphase: Concurrent Classes Unlink                     8.898 / 13.236        8.898 / 13.236        8.898 / 13.236        8.898 / 13.236      ms
[2026-04-03T01:16:19.324+0600][10.132s][info][gc,stats    ]    Subphase: Concurrent Mark                              31.035 / 54.676       31.035 / 54.676       31.035 / 54.676       31.035 / 54.676      ms
[2026-04-03T01:16:19.324+0600][10.132s][info][gc,stats    ]    Subphase: Concurrent Mark Try Flush                     5.626 / 18.709        5.626 / 18.709        5.626 / 18.709        5.626 / 18.709      ms
[2026-04-03T01:16:19.324+0600][10.132s][info][gc,stats    ]    Subphase: Concurrent Mark Try Terminate                 1.407 / 12.342        1.407 / 12.342        1.407 / 12.342        1.407 / 12.342      ms
[2026-04-03T01:16:19.324+0600][10.132s][info][gc,stats    ]    Subphase: Concurrent References Enqueue                 0.005 / 0.015         0.005 / 0.015         0.005 / 0.015         0.005 / 0.015       ms
[2026-04-03T01:16:19.324+0600][10.132s][info][gc,stats    ]    Subphase: Concurrent References Process                 0.307 / 0.973         0.307 / 0.973         0.307 / 0.973         0.307 / 0.973       ms
[2026-04-03T01:16:19.324+0600][10.132s][info][gc,stats    ]    Subphase: Concurrent Roots ClassLoaderDataGraph         0.233 / 0.474         0.233 / 0.474         0.233 / 0.474         0.233 / 0.474       ms
[2026-04-03T01:16:19.324+0600][10.132s][info][gc,stats    ]    Subphase: Concurrent Roots CodeCache                    0.000 / 0.000         0.000 / 0.000         0.000 / 0.000         0.000 / 0.000       ms
[2026-04-03T01:16:19.324+0600][10.132s][info][gc,stats    ]    Subphase: Concurrent Roots JavaThreads                  0.467 / 0.918         0.467 / 0.918         0.467 / 0.918         0.467 / 0.918       ms
[2026-04-03T01:16:19.324+0600][10.132s][info][gc,stats    ]    Subphase: Concurrent Roots OopStorageSet                0.099 / 0.242         0.099 / 0.242         0.099 / 0.242         0.099 / 0.242       ms
[2026-04-03T01:16:19.324+0600][10.132s][info][gc,stats    ]    Subphase: Concurrent Weak Roots OopStorageSet           0.586 / 1.626         0.586 / 1.626         0.586 / 1.626         0.586 / 1.626       ms
[2026-04-03T01:16:19.324+0600][10.132s][info][gc,stats    ]    Subphase: Pause Mark Try Complete                       0.000 / 0.000         0.000 / 0.000         0.000 / 0.000         0.000 / 0.000       ms
[2026-04-03T01:16:19.324+0600][10.132s][info][gc,stats    ]      System: Java Threads                                     20 / 24               20 / 24               20 / 24               20 / 24          threads
[2026-04-03T01:16:19.324+0600][10.132s][info][gc,stats    ] =========================================================================================================================================================
[2026-04-03T01:16:19.554+0600][10.362s][info][gc,heap,exit] Heap
[2026-04-03T01:16:19.554+0600][10.362s][info][gc,heap,exit]  ZHeap           used 440M, capacity 3512M, max capacity 3922M
[2026-04-03T01:16:19.554+0600][10.362s][info][gc,heap,exit]  Metaspace       used 8297K, committed 8512K, reserved 1114112K
[2026-04-03T01:16:19.554+0600][10.362s][info][gc,heap,exit]   class space    used 977K, committed 1088K, reserved 1048576K
