[2026-04-03T01:15:57.622+0600][0.005s][info][gc,init] Initializing The Z Garbage Collector
[2026-04-03T01:15:57.622+0600][0.005s][info][gc,init] Version: 21.0.10+7-Ubuntu-124.04 (release)
[2026-04-03T01:15:57.622+0600][0.005s][info][gc,init] NUMA Support: Disabled
[2026-04-03T01:15:57.623+0600][0.005s][info][gc,init] CPUs: 12 total, 12 available
[2026-04-03T01:15:57.623+0600][0.005s][info][gc,init] Memory: 15683M
[2026-04-03T01:15:57.623+0600][0.005s][info][gc,init] Large Page Support: Disabled
[2026-04-03T01:15:57.623+0600][0.005s][info][gc,init] Address Space Type: Contiguous/Unrestricted/Complete
[2026-04-03T01:15:57.623+0600][0.005s][info][gc,init] Address Space Size: 62752M
[2026-04-03T01:15:57.623+0600][0.005s][info][gc,init] Heap Backing File: /memfd:java_heap
[2026-04-03T01:15:57.623+0600][0.005s][info][gc,init] Heap Backing Filesystem: tmpfs (0x1021994)
[2026-04-03T01:15:57.623+0600][0.006s][info][gc,init] Min Capacity: 8M
[2026-04-03T01:15:57.623+0600][0.006s][info][gc,init] Initial Capacity: 246M
[2026-04-03T01:15:57.623+0600][0.006s][info][gc,init] Max Capacity: 3922M
[2026-04-03T01:15:57.623+0600][0.006s][info][gc,init] Soft Max Capacity: 3529M
[2026-04-03T01:15:57.623+0600][0.006s][info][gc,init] Medium Page Size: 32M
[2026-04-03T01:15:57.623+0600][0.006s][info][gc,init] Pre-touch: Disabled
[2026-04-03T01:15:57.623+0600][0.006s][info][gc,init] Available space on backing filesystem: N/A
[2026-04-03T01:15:57.624+0600][0.007s][info][gc,init] Uncommit: Enabled
[2026-04-03T01:15:57.624+0600][0.007s][info][gc,init] Uncommit Delay: 300s
[2026-04-03T01:15:57.624+0600][0.007s][info][gc,init] GC Workers for Old Generation: 3 (dynamic)
[2026-04-03T01:15:57.625+0600][0.008s][info][gc,init] GC Workers for Young Generation: 3 (dynamic)
[2026-04-03T01:15:57.722+0600][0.105s][info][gc,init] GC Workers Max: 3 (dynamic)
[2026-04-03T01:15:57.723+0600][0.106s][info][gc,init] Runtime Workers: 8
[2026-04-03T01:15:57.724+0600][0.107s][info][gc     ] Using The Z Garbage Collector
[2026-04-03T01:15:57.735+0600][0.117s][info][gc,metaspace] CDS archive(s) mapped at: [0x0000780aef000000-0x0000780aefc9c000-0x0000780aefc9c000), size 13221888, SharedBaseAddress: 0x0000780aef000000, ArchiveRelocationMode: 1.
[2026-04-03T01:15:57.735+0600][0.117s][info][gc,metaspace] Compressed class space mapped at: 0x0000780af0000000-0x0000780b30000000, reserved size: 1073741824
[2026-04-03T01:15:57.735+0600][0.117s][info][gc,metaspace] Narrow klass base: 0x0000780aef000000, Narrow klass shift: 0, Narrow klass range: 0x100000000
[2026-04-03T01:15:58.378+0600][0.761s][info][gc          ] GC(0) Major Collection (System.gc())
[2026-04-03T01:15:58.378+0600][0.761s][info][gc,task     ] GC(0) Using 3 Workers for Young Generation
[2026-04-03T01:15:58.378+0600][0.761s][info][gc,task     ] GC(0) Using 3 Workers for Old Generation
[2026-04-03T01:15:58.378+0600][0.761s][info][gc,phases   ] GC(0) Y: Young Generation (Promote All)
[2026-04-03T01:15:58.379+0600][0.761s][info][gc,phases   ] GC(0) Y: Pause Mark Start 0.047ms
[2026-04-03T01:15:58.388+0600][0.770s][info][gc,phases   ] GC(0) Y: Concurrent Mark 8.727ms
[2026-04-03T01:15:58.388+0600][0.771s][info][gc,phases   ] GC(0) Y: Pause Mark End 0.030ms
[2026-04-03T01:15:58.388+0600][0.771s][info][gc,phases   ] GC(0) Y: Concurrent Mark Free 0.003ms
[2026-04-03T01:15:58.388+0600][0.771s][info][gc,phases   ] GC(0) Y: Concurrent Reset Relocation Set 0.001ms
[2026-04-03T01:15:58.396+0600][0.779s][info][gc,reloc    ] GC(0) Y: Using tenuring threshold: 0 (Promote All)
[2026-04-03T01:15:58.400+0600][0.782s][info][gc,phases   ] GC(0) Y: Concurrent Select Relocation Set 11.722ms
[2026-04-03T01:15:58.400+0600][0.783s][info][gc,phases   ] GC(0) Y: Pause Relocate Start 0.014ms
[2026-04-03T01:15:58.407+0600][0.790s][info][gc,phases   ] GC(0) Y: Concurrent Relocate 6.881ms
[2026-04-03T01:15:58.407+0600][0.790s][info][gc,alloc    ] GC(0) Y:                         Mark Start        Mark End      Relocate Start    Relocate End   
[2026-04-03T01:15:58.407+0600][0.790s][info][gc,alloc    ] GC(0) Y: Allocation Stalls:          0                0                0                0         
[2026-04-03T01:15:58.407+0600][0.790s][info][gc,load     ] GC(0) Y: Load: 12.56 (105%) / 8.26 (69%) / 5.74 (48%)
[2026-04-03T01:15:58.407+0600][0.790s][info][gc,mmu      ] GC(0) Y: MMU: 2ms/97.7%, 5ms/99.1%, 10ms/99.2%, 20ms/99.6%, 50ms/99.8%, 100ms/99.9%
[2026-04-03T01:15:58.407+0600][0.790s][info][gc,marking  ] GC(0) Y: Mark: 2 stripe(s), 9 proactive flush(es), 1 terminate flush(es), 0 completion(s), 0 continuation(s) 
[2026-04-03T01:15:58.407+0600][0.790s][info][gc,marking  ] GC(0) Y: Mark Stack Usage: 32M
[2026-04-03T01:15:58.407+0600][0.790s][info][gc,nmethod  ] GC(0) Y: NMethods: 1184 registered, 0 unregistered
[2026-04-03T01:15:58.407+0600][0.790s][info][gc,metaspace] GC(0) Y: Metaspace: 5M used, 6M committed, 1088M reserved
[2026-04-03T01:15:58.407+0600][0.790s][info][gc,reloc    ] GC(0) Y:                        Candidates     Selected     In-Place         Size        Empty    Relocated 
[2026-04-03T01:15:58.407+0600][0.790s][info][gc,reloc    ] GC(0) Y: Small Pages:                   13           10            0          26M           0M           2M 
[2026-04-03T01:15:58.407+0600][0.790s][info][gc,reloc    ] GC(0) Y: Medium Pages:                   0            0            0           0M           0M           0M 
[2026-04-03T01:15:58.407+0600][0.790s][info][gc,reloc    ] GC(0) Y: Large Pages:                    0            0            0           0M           0M           0M 
[2026-04-03T01:15:58.407+0600][0.790s][info][gc,reloc    ] GC(0) Y: Forwarding Usage: 0M
[2026-04-03T01:15:58.407+0600][0.790s][info][gc,reloc    ] GC(0) Y: Age Table:
[2026-04-03T01:15:58.407+0600][0.790s][info][gc,reloc    ] GC(0) Y:                    Live             Garbage             Small              Medium             Large        
[2026-04-03T01:15:58.407+0600][0.790s][info][gc,reloc    ] GC(0) Y: Eden               3M (0%)           22M (1%)          13 / 10             0 / 0              0 / 0        
[2026-04-03T01:15:58.407+0600][0.790s][info][gc,heap     ] GC(0) Y: Min Capacity: 8M(0%)
[2026-04-03T01:15:58.407+0600][0.790s][info][gc,heap     ] GC(0) Y: Max Capacity: 3922M(100%)
[2026-04-03T01:15:58.407+0600][0.790s][info][gc,heap     ] GC(0) Y: Soft Max Capacity: 3529M(90%)
[2026-04-03T01:15:58.407+0600][0.790s][info][gc,heap     ] GC(0) Y: Heap Statistics:
[2026-04-03T01:15:58.407+0600][0.790s][info][gc,heap     ] GC(0) Y:                Mark Start          Mark End        Relocate Start      Relocate End           High               Low         
[2026-04-03T01:15:58.407+0600][0.790s][info][gc,heap     ] GC(0) Y:  Capacity:      246M (6%)          246M (6%)          246M (6%)          246M (6%)          246M (6%)          246M (6%)     
[2026-04-03T01:15:58.407+0600][0.790s][info][gc,heap     ] GC(0) Y:      Free:     3896M (99%)        3896M (99%)        3896M (99%)        3914M (100%)       3914M (100%)       3890M (99%)    
[2026-04-03T01:15:58.407+0600][0.790s][info][gc,heap     ] GC(0) Y:      Used:       26M (1%)           26M (1%)           26M (1%)            8M (0%)           32M (1%)            8M (0%)     
[2026-04-03T01:15:58.407+0600][0.790s][info][gc,heap     ] GC(0) Y: Young Generation Statistics:
[2026-04-03T01:15:58.407+0600][0.790s][info][gc,heap     ] GC(0) Y:                Mark Start          Mark End        Relocate Start      Relocate End    
[2026-04-03T01:15:58.407+0600][0.790s][info][gc,heap     ] GC(0) Y:      Used:       26M (1%)           26M (1%)           24M (1%)            0M (0%)     
[2026-04-03T01:15:58.407+0600][0.790s][info][gc,heap     ] GC(0) Y:      Live:         -                 3M (0%)            2M (0%)            0M (0%)     
[2026-04-03T01:15:58.407+0600][0.790s][info][gc,heap     ] GC(0) Y:   Garbage:         -                22M (1%)           21M (1%)            0M (0%)     
[2026-04-03T01:15:58.407+0600][0.790s][info][gc,heap     ] GC(0) Y: Allocated:         -                 0M (0%)            0M (0%)            0M (0%)     
[2026-04-03T01:15:58.407+0600][0.790s][info][gc,heap     ] GC(0) Y: Reclaimed:         -                  -                 0M (0%)           22M (1%)     
[2026-04-03T01:15:58.407+0600][0.790s][info][gc,heap     ] GC(0) Y:  Promoted:         -                  -                 1M (0%)            3M (0%)     
[2026-04-03T01:15:58.407+0600][0.790s][info][gc,heap     ] GC(0) Y: Compacted:         -                  -                  -                 0M (0%)     
[2026-04-03T01:15:58.407+0600][0.790s][info][gc,phases   ] GC(0) Y: Young Generation (Promote All) 26M(1%)->8M(0%) 0.028s
[2026-04-03T01:15:58.407+0600][0.790s][info][gc,phases   ] GC(0) Y: Young Generation (Collect Roots)
[2026-04-03T01:15:58.407+0600][0.790s][info][gc,phases   ] GC(0) Y: Pause Mark Start (Major) 0.017ms
[2026-04-03T01:15:58.410+0600][0.793s][info][gc,phases   ] GC(0) Y: Concurrent Mark 2.420ms
[2026-04-03T01:15:58.410+0600][0.793s][info][gc,phases   ] GC(0) Y: Pause Mark End 0.013ms
[2026-04-03T01:15:58.410+0600][0.793s][info][gc,phases   ] GC(0) Y: Concurrent Mark Free 0.161ms
[2026-04-03T01:15:58.410+0600][0.793s][info][gc,phases   ] GC(0) Y: Concurrent Reset Relocation Set 0.003ms
[2026-04-03T01:15:58.411+0600][0.794s][info][gc,reloc    ] GC(0) Y: Using tenuring threshold: 0 (Computed)
[2026-04-03T01:15:58.412+0600][0.794s][info][gc,phases   ] GC(0) Y: Concurrent Select Relocation Set 1.434ms
[2026-04-03T01:15:58.412+0600][0.794s][info][gc,phases   ] GC(0) Y: Pause Relocate Start 0.010ms
[2026-04-03T01:15:58.412+0600][0.794s][info][gc,phases   ] GC(0) Y: Concurrent Relocate 0.045ms
[2026-04-03T01:15:58.412+0600][0.794s][info][gc,alloc    ] GC(0) Y:                         Mark Start        Mark End      Relocate Start    Relocate End   
[2026-04-03T01:15:58.412+0600][0.794s][info][gc,alloc    ] GC(0) Y: Allocation Stalls:          0                0                0                0         
[2026-04-03T01:15:58.412+0600][0.794s][info][gc,load     ] GC(0) Y: Load: 12.56 (105%) / 8.26 (69%) / 5.74 (48%)
[2026-04-03T01:15:58.412+0600][0.794s][info][gc,mmu      ] GC(0) Y: MMU: 2ms/97.7%, 5ms/99.1%, 10ms/99.2%, 20ms/99.6%, 50ms/99.7%, 100ms/99.9%
[2026-04-03T01:15:58.412+0600][0.794s][info][gc,marking  ] GC(0) Y: Mark: 2 stripe(s), 1 proactive flush(es), 1 terminate flush(es), 0 completion(s), 0 continuation(s) 
[2026-04-03T01:15:58.412+0600][0.794s][info][gc,marking  ] GC(0) Y: Mark Stack Usage: 0M
[2026-04-03T01:15:58.412+0600][0.794s][info][gc,nmethod  ] GC(0) Y: NMethods: 1184 registered, 0 unregistered
[2026-04-03T01:15:58.412+0600][0.795s][info][gc,metaspace] GC(0) Y: Metaspace: 5M used, 6M committed, 1088M reserved
[2026-04-03T01:15:58.412+0600][0.795s][info][gc,heap     ] GC(0) Y: Min Capacity: 8M(0%)
[2026-04-03T01:15:58.412+0600][0.795s][info][gc,heap     ] GC(0) Y: Max Capacity: 3922M(100%)
[2026-04-03T01:15:58.412+0600][0.795s][info][gc,heap     ] GC(0) Y: Soft Max Capacity: 3529M(90%)
[2026-04-03T01:15:58.412+0600][0.795s][info][gc,heap     ] GC(0) Y: Heap Statistics:
[2026-04-03T01:15:58.412+0600][0.795s][info][gc,heap     ] GC(0) Y:                Mark Start          Mark End        Relocate Start      Relocate End           High               Low         
[2026-04-03T01:15:58.412+0600][0.795s][info][gc,heap     ] GC(0) Y:  Capacity:      246M (6%)          246M (6%)          246M (6%)          246M (6%)          246M (6%)          246M (6%)     
[2026-04-03T01:15:58.412+0600][0.795s][info][gc,heap     ] GC(0) Y:      Free:     3914M (100%)       3914M (100%)       3914M (100%)       3914M (100%)       3914M (100%)       3914M (100%)   
[2026-04-03T01:15:58.412+0600][0.795s][info][gc,heap     ] GC(0) Y:      Used:        8M (0%)            8M (0%)            8M (0%)            8M (0%)            8M (0%)            8M (0%)     
[2026-04-03T01:15:58.412+0600][0.795s][info][gc,heap     ] GC(0) Y: Young Generation Statistics:
[2026-04-03T01:15:58.412+0600][0.795s][info][gc,heap     ] GC(0) Y:                Mark Start          Mark End        Relocate Start      Relocate End    
[2026-04-03T01:15:58.412+0600][0.795s][info][gc,heap     ] GC(0) Y:      Used:        0M (0%)            0M (0%)            0M (0%)            0M (0%)     
[2026-04-03T01:15:58.412+0600][0.795s][info][gc,heap     ] GC(0) Y:      Live:         -                 0M (0%)            0M (0%)            0M (0%)     
[2026-04-03T01:15:58.412+0600][0.795s][info][gc,heap     ] GC(0) Y:   Garbage:         -                 0M (0%)            0M (0%)            0M (0%)     
[2026-04-03T01:15:58.412+0600][0.795s][info][gc,heap     ] GC(0) Y: Allocated:         -                 0M (0%)            0M (0%)            0M (0%)     
[2026-04-03T01:15:58.412+0600][0.795s][info][gc,heap     ] GC(0) Y: Reclaimed:         -                  -                 0M (0%)            0M (0%)     
[2026-04-03T01:15:58.412+0600][0.795s][info][gc,heap     ] GC(0) Y:  Promoted:         -                  -                 0M (0%)            0M (0%)     
[2026-04-03T01:15:58.412+0600][0.795s][info][gc,heap     ] GC(0) Y: Compacted:         -                  -                  -                 0M (0%)     
[2026-04-03T01:15:58.412+0600][0.795s][info][gc,phases   ] GC(0) Y: Young Generation (Collect Roots) 8M(0%)->8M(0%) 0.005s
[2026-04-03T01:15:58.412+0600][0.795s][info][gc,phases   ] GC(0) O: Old Generation
[2026-04-03T01:15:58.415+0600][0.798s][info][gc,phases   ] GC(0) O: Concurrent Mark 3.579ms
[2026-04-03T01:15:58.415+0600][0.798s][info][gc,phases   ] GC(0) O: Pause Mark End 0.015ms
[2026-04-03T01:15:58.416+0600][0.798s][info][gc,phases   ] GC(0) O: Concurrent Mark Free 0.001ms
[2026-04-03T01:15:58.417+0600][0.800s][info][gc,phases   ] GC(0) O: Concurrent Process Non-Strong 1.700ms
[2026-04-03T01:15:58.417+0600][0.800s][info][gc,phases   ] GC(0) O: Concurrent Reset Relocation Set 0.001ms
[2026-04-03T01:15:58.419+0600][0.802s][info][gc,phases   ] GC(0) O: Concurrent Select Relocation Set 1.625ms
[2026-04-03T01:15:58.419+0600][0.802s][info][gc,task     ] GC(0) O: Using 3 Workers for Old Generation
[2026-04-03T01:15:58.431+0600][0.814s][info][gc,task     ] GC(0) O: Using 3 Workers for Old Generation
[2026-04-03T01:15:58.431+0600][0.814s][info][gc,phases   ] GC(0) O: Concurrent Remap Roots 12.027ms
[2026-04-03T01:15:58.431+0600][0.814s][info][gc,phases   ] GC(0) O: Pause Relocate Start 0.012ms
[2026-04-03T01:15:58.433+0600][0.815s][info][gc,phases   ] GC(0) O: Concurrent Relocate 1.417ms
[2026-04-03T01:15:58.433+0600][0.815s][info][gc,alloc    ] GC(0) O:                         Mark Start        Mark End      Relocate Start    Relocate End   
[2026-04-03T01:15:58.433+0600][0.815s][info][gc,alloc    ] GC(0) O: Allocation Stalls:          0                0                0                0         
[2026-04-03T01:15:58.433+0600][0.815s][info][gc,load     ] GC(0) O: Load: 12.56 (105%) / 8.26 (69%) / 5.74 (48%)
[2026-04-03T01:15:58.433+0600][0.815s][info][gc,mmu      ] GC(0) O: MMU: 2ms/97.7%, 5ms/99.1%, 10ms/99.2%, 20ms/99.6%, 50ms/99.7%, 100ms/99.8%
[2026-04-03T01:15:58.433+0600][0.815s][info][gc,marking  ] GC(0) O: Mark: 2 stripe(s), 2 proactive flush(es), 1 terminate flush(es), 0 completion(s), 0 continuation(s) 
[2026-04-03T01:15:58.433+0600][0.815s][info][gc,marking  ] GC(0) O: Mark Stack Usage: 32M
[2026-04-03T01:15:58.433+0600][0.815s][info][gc,nmethod  ] GC(0) O: NMethods: 1077 registered, 107 unregistered
[2026-04-03T01:15:58.433+0600][0.815s][info][gc,metaspace] GC(0) O: Metaspace: 5M used, 6M committed, 1088M reserved
[2026-04-03T01:15:58.433+0600][0.815s][info][gc,ref      ] GC(0) O:                       Encountered   Discovered     Enqueued 
[2026-04-03T01:15:58.433+0600][0.815s][info][gc,ref      ] GC(0) O: Soft References:              153            0            0 
[2026-04-03T01:15:58.433+0600][0.816s][info][gc,ref      ] GC(0) O: Weak References:              447          287          111 
[2026-04-03T01:15:58.433+0600][0.816s][info][gc,ref      ] GC(0) O: Final References:               3            2            0 
[2026-04-03T01:15:58.433+0600][0.816s][info][gc,ref      ] GC(0) O: Phantom References:            36           24            2 
[2026-04-03T01:15:58.433+0600][0.816s][info][gc,reloc    ] GC(0) O:                        Candidates     Selected     In-Place         Size        Empty    Relocated 
[2026-04-03T01:15:58.433+0600][0.816s][info][gc,reloc    ] GC(0) O: Small Pages:                    4            1            0           8M           0M           0M 
[2026-04-03T01:15:58.433+0600][0.816s][info][gc,reloc    ] GC(0) O: Medium Pages:                   0            0            0           0M           0M           0M 
[2026-04-03T01:15:58.433+0600][0.816s][info][gc,reloc    ] GC(0) O: Large Pages:                    0            0            0           0M           0M           0M 
[2026-04-03T01:15:58.433+0600][0.816s][info][gc,reloc    ] GC(0) O: Forwarding Usage: 0M
[2026-04-03T01:15:58.433+0600][0.816s][info][gc,heap     ] GC(0) O: Min Capacity: 8M(0%)
[2026-04-03T01:15:58.433+0600][0.816s][info][gc,heap     ] GC(0) O: Max Capacity: 3922M(100%)
[2026-04-03T01:15:58.433+0600][0.816s][info][gc,heap     ] GC(0) O: Soft Max Capacity: 3529M(90%)
[2026-04-03T01:15:58.433+0600][0.816s][info][gc,heap     ] GC(0) O: Heap Statistics:
[2026-04-03T01:15:58.433+0600][0.816s][info][gc,heap     ] GC(0) O:                Mark Start          Mark End        Relocate Start      Relocate End           High               Low         
[2026-04-03T01:15:58.433+0600][0.816s][info][gc,heap     ] GC(0) O:  Capacity:      246M (6%)          246M (6%)          246M (6%)          246M (6%)          246M (6%)          246M (6%)     
[2026-04-03T01:15:58.433+0600][0.816s][info][gc,heap     ] GC(0) O:      Free:     3914M (100%)       3914M (100%)       3912M (100%)       3912M (100%)       3914M (100%)       3908M (100%)   
[2026-04-03T01:15:58.433+0600][0.816s][info][gc,heap     ] GC(0) O:      Used:        8M (0%)            8M (0%)           10M (0%)           10M (0%)           14M (0%)            8M (0%)     
[2026-04-03T01:15:58.433+0600][0.816s][info][gc,heap     ] GC(0) O: Old Generation Statistics:
[2026-04-03T01:15:58.433+0600][0.816s][info][gc,heap     ] GC(0) O:                Mark Start          Mark End        Relocate Start      Relocate End    
[2026-04-03T01:15:58.433+0600][0.816s][info][gc,heap     ] GC(0) O:      Used:        8M (0%)            8M (0%)            8M (0%)            8M (0%)     
[2026-04-03T01:15:58.433+0600][0.816s][info][gc,heap     ] GC(0) O:      Live:         -                 3M (0%)            3M (0%)            3M (0%)     
[2026-04-03T01:15:58.433+0600][0.816s][info][gc,heap     ] GC(0) O:   Garbage:         -                 4M (0%)            4M (0%)            1M (0%)     
[2026-04-03T01:15:58.433+0600][0.816s][info][gc,heap     ] GC(0) O: Allocated:         -                 0M (0%)            0M (0%)            2M (0%)     
[2026-04-03T01:15:58.433+0600][0.816s][info][gc,heap     ] GC(0) O: Reclaimed:         -                  -                 0M (0%)            2M (0%)     
[2026-04-03T01:15:58.433+0600][0.816s][info][gc,heap     ] GC(0) O: Compacted:         -                  -                  -                 1M (0%)     
[2026-04-03T01:15:58.433+0600][0.816s][info][gc,phases   ] GC(0) O: Old Generation 8M(0%)->10M(0%) 0.021s
[2026-04-03T01:15:58.433+0600][0.816s][info][gc          ] GC(0) Major Collection (System.gc()) 26M(1%)->10M(0%) 0.055s
[2026-04-03T01:16:00.776+0600][3.159s][info][gc          ] GC(1) Major Collection (Warmup)
[2026-04-03T01:16:00.776+0600][3.159s][info][gc,task     ] GC(1) Using 3 Workers for Young Generation
[2026-04-03T01:16:00.776+0600][3.159s][info][gc,task     ] GC(1) Using 2 Workers for Old Generation
[2026-04-03T01:16:00.776+0600][3.159s][info][gc,phases   ] GC(1) Y: Young Generation
[2026-04-03T01:16:00.776+0600][3.159s][info][gc,phases   ] GC(1) Y: Pause Mark Start (Major) 0.035ms
[2026-04-03T01:16:00.839+0600][3.222s][info][gc,phases   ] GC(1) Y: Concurrent Mark 59.364ms
[2026-04-03T01:16:00.840+0600][3.222s][info][gc,phases   ] GC(1) Y: Pause Mark End 0.034ms
[2026-04-03T01:16:00.843+0600][3.226s][info][gc,phases   ] GC(1) Y: Concurrent Mark Free 0.003ms
[2026-04-03T01:16:00.843+0600][3.226s][info][gc,phases   ] GC(1) Y: Concurrent Reset Relocation Set 0.001ms
[2026-04-03T01:16:00.856+0600][3.239s][info][gc,reloc    ] GC(1) Y: Using tenuring threshold: 1 (Computed)
[2026-04-03T01:16:00.857+0600][3.240s][info][gc,phases   ] GC(1) Y: Concurrent Select Relocation Set 14.108ms
[2026-04-03T01:16:00.857+0600][3.240s][info][gc,phases   ] GC(1) Y: Pause Relocate Start 0.027ms
[2026-04-03T01:16:00.866+0600][3.249s][info][gc,phases   ] GC(1) Y: Concurrent Relocate 6.721ms
[2026-04-03T01:16:00.867+0600][3.249s][info][gc,alloc    ] GC(1) Y:                         Mark Start        Mark End      Relocate Start    Relocate End   
[2026-04-03T01:16:00.867+0600][3.249s][info][gc,alloc    ] GC(1) Y: Allocation Stalls:          0                0                0                0         
[2026-04-03T01:16:00.867+0600][3.249s][info][gc,load     ] GC(1) Y: Load: 13.16 (110%) / 8.45 (70%) / 5.82 (49%)
[2026-04-03T01:16:00.867+0600][3.249s][info][gc,mmu      ] GC(1) Y: MMU: 2ms/97.7%, 5ms/99.1%, 10ms/99.2%, 20ms/99.6%, 50ms/99.7%, 100ms/99.8%
[2026-04-03T01:16:00.867+0600][3.249s][info][gc,marking  ] GC(1) Y: Mark: 2 stripe(s), 3 proactive flush(es), 1 terminate flush(es), 0 completion(s), 0 continuation(s) 
[2026-04-03T01:16:00.867+0600][3.249s][info][gc,marking  ] GC(1) Y: Mark Stack Usage: 32M
[2026-04-03T01:16:00.867+0600][3.249s][info][gc,nmethod  ] GC(1) Y: NMethods: 2512 registered, 0 unregistered
[2026-04-03T01:16:00.867+0600][3.249s][info][gc,metaspace] GC(1) Y: Metaspace: 7M used, 8M committed, 1088M reserved
[2026-04-03T01:16:00.867+0600][3.249s][info][gc,reloc    ] GC(1) Y:                        Candidates     Selected     In-Place         Size        Empty    Relocated 
[2026-04-03T01:16:00.867+0600][3.249s][info][gc,reloc    ] GC(1) Y: Small Pages:                  173          106            0         346M         128M           4M 
[2026-04-03T01:16:00.867+0600][3.249s][info][gc,reloc    ] GC(1) Y: Medium Pages:                   0            0            0           0M           0M           0M 
[2026-04-03T01:16:00.867+0600][3.249s][info][gc,reloc    ] GC(1) Y: Large Pages:                    0            0            0           0M           0M           0M 
[2026-04-03T01:16:00.867+0600][3.250s][info][gc,reloc    ] GC(1) Y: Forwarding Usage: 0M
[2026-04-03T01:16:00.867+0600][3.250s][info][gc,reloc    ] GC(1) Y: Age Table:
[2026-04-03T01:16:00.867+0600][3.250s][info][gc,reloc    ] GC(1) Y:                    Live             Garbage             Small              Medium             Large        
[2026-04-03T01:16:00.867+0600][3.250s][info][gc,reloc    ] GC(1) Y: Eden               4M (0%)          341M (9%)         173 / 106            0 / 0              0 / 0        
[2026-04-03T01:16:00.867+0600][3.250s][info][gc,heap     ] GC(1) Y: Min Capacity: 8M(0%)
[2026-04-03T01:16:00.867+0600][3.250s][info][gc,heap     ] GC(1) Y: Max Capacity: 3922M(100%)
[2026-04-03T01:16:00.867+0600][3.250s][info][gc,heap     ] GC(1) Y: Soft Max Capacity: 3529M(90%)
[2026-04-03T01:16:00.867+0600][3.250s][info][gc,heap     ] GC(1) Y: Heap Statistics:
[2026-04-03T01:16:00.867+0600][3.250s][info][gc,heap     ] GC(1) Y:                Mark Start          Mark End        Relocate Start      Relocate End           High               Low         
[2026-04-03T01:16:00.867+0600][3.250s][info][gc,heap     ] GC(1) Y:  Capacity:      354M (9%)          382M (10%)         382M (10%)         382M (10%)         382M (10%)         354M (9%)     
[2026-04-03T01:16:00.867+0600][3.250s][info][gc,heap     ] GC(1) Y:      Free:     3568M (91%)        3544M (90%)        3670M (94%)        3854M (98%)        3854M (98%)        3540M (90%)    
[2026-04-03T01:16:00.867+0600][3.250s][info][gc,heap     ] GC(1) Y:      Used:      354M (9%)          378M (10%)         252M (6%)           68M (2%)          382M (10%)          68M (2%)     
[2026-04-03T01:16:00.867+0600][3.250s][info][gc,heap     ] GC(1) Y: Young Generation Statistics:
[2026-04-03T01:16:00.867+0600][3.250s][info][gc,heap     ] GC(1) Y:                Mark Start          Mark End        Relocate Start      Relocate End    
[2026-04-03T01:16:00.867+0600][3.250s][info][gc,heap     ] GC(1) Y:      Used:      346M (9%)          370M (9%)          244M (6%)           60M (2%)     
[2026-04-03T01:16:00.867+0600][3.250s][info][gc,heap     ] GC(1) Y:      Live:         -                 4M (0%)            4M (0%)            4M (0%)     
[2026-04-03T01:16:00.867+0600][3.250s][info][gc,heap     ] GC(1) Y:   Garbage:         -               341M (9%)          213M (5%)            0M (0%)     
[2026-04-03T01:16:00.867+0600][3.250s][info][gc,heap     ] GC(1) Y: Allocated:         -                24M (1%)           26M (1%)           55M (1%)     
[2026-04-03T01:16:00.867+0600][3.250s][info][gc,heap     ] GC(1) Y: Reclaimed:         -                  -               128M (3%)          341M (9%)     
[2026-04-03T01:16:00.867+0600][3.250s][info][gc,heap     ] GC(1) Y:  Promoted:         -                  -                 0M (0%)            0M (0%)     
[2026-04-03T01:16:00.867+0600][3.250s][info][gc,heap     ] GC(1) Y: Compacted:         -                  -                  -                 4M (0%)     
[2026-04-03T01:16:00.867+0600][3.250s][info][gc,phases   ] GC(1) Y: Young Generation 354M(9%)->68M(2%) 0.091s
[2026-04-03T01:16:00.867+0600][3.250s][info][gc,phases   ] GC(1) O: Old Generation
[2026-04-03T01:16:00.920+0600][3.303s][info][gc,phases   ] GC(1) O: Concurrent Mark 52.815ms
[2026-04-03T01:16:00.920+0600][3.303s][info][gc,phases   ] GC(1) O: Pause Mark End 0.042ms
[2026-04-03T01:16:00.921+0600][3.304s][info][gc,phases   ] GC(1) O: Concurrent Mark Free 0.003ms
[2026-04-03T01:16:00.944+0600][3.326s][info][gc,phases   ] GC(1) O: Concurrent Process Non-Strong 22.839ms
[2026-04-03T01:16:00.944+0600][3.327s][info][gc,phases   ] GC(1) O: Concurrent Reset Relocation Set 0.003ms
[2026-04-03T01:16:00.954+0600][3.337s][info][gc,phases   ] GC(1) O: Concurrent Select Relocation Set 10.585ms
[2026-04-03T01:16:00.954+0600][3.337s][info][gc,task     ] GC(1) O: Using 3 Workers for Old Generation
[2026-04-03T01:16:00.985+0600][3.368s][info][gc,task     ] GC(1) O: Using 2 Workers for Old Generation
[2026-04-03T01:16:00.985+0600][3.368s][info][gc,phases   ] GC(1) O: Concurrent Remap Roots 30.550ms
[2026-04-03T01:16:00.985+0600][3.368s][info][gc,phases   ] GC(1) O: Pause Relocate Start 0.028ms
[2026-04-03T01:16:00.988+0600][3.371s][info][gc,phases   ] GC(1) O: Concurrent Relocate 2.539ms
[2026-04-03T01:16:00.988+0600][3.371s][info][gc,alloc    ] GC(1) O:                         Mark Start        Mark End      Relocate Start    Relocate End   
[2026-04-03T01:16:00.988+0600][3.371s][info][gc,alloc    ] GC(1) O: Allocation Stalls:          0                0                0                0         
[2026-04-03T01:16:00.988+0600][3.371s][info][gc,load     ] GC(1) O: Load: 13.16 (110%) / 8.45 (70%) / 5.82 (49%)
[2026-04-03T01:16:00.988+0600][3.371s][info][gc,mmu      ] GC(1) O: MMU: 2ms/97.7%, 5ms/99.1%, 10ms/99.2%, 20ms/99.6%, 50ms/99.7%, 100ms/99.8%
[2026-04-03T01:16:00.988+0600][3.371s][info][gc,marking  ] GC(1) O: Mark: 2 stripe(s), 2 proactive flush(es), 1 terminate flush(es), 0 completion(s), 0 continuation(s) 
[2026-04-03T01:16:00.988+0600][3.371s][info][gc,marking  ] GC(1) O: Mark Stack Usage: 32M
[2026-04-03T01:16:00.988+0600][3.371s][info][gc,nmethod  ] GC(1) O: NMethods: 2299 registered, 281 unregistered
[2026-04-03T01:16:00.988+0600][3.371s][info][gc,metaspace] GC(1) O: Metaspace: 7M used, 8M committed, 1088M reserved
[2026-04-03T01:16:00.988+0600][3.371s][info][gc,ref      ] GC(1) O:                       Encountered   Discovered     Enqueued 
[2026-04-03T01:16:00.988+0600][3.371s][info][gc,ref      ] GC(1) O: Soft References:              177            0            0 
[2026-04-03T01:16:00.988+0600][3.371s][info][gc,ref      ] GC(1) O: Weak References:              456          101            0 
[2026-04-03T01:16:00.988+0600][3.371s][info][gc,ref      ] GC(1) O: Final References:               3            1            0 
[2026-04-03T01:16:00.988+0600][3.371s][info][gc,ref      ] GC(1) O: Phantom References:            96           20            2 
[2026-04-03T01:16:00.988+0600][3.371s][info][gc,reloc    ] GC(1) O:                        Candidates     Selected     In-Place         Size        Empty    Relocated 
[2026-04-03T01:16:00.988+0600][3.371s][info][gc,reloc    ] GC(1) O: Small Pages:                    4            1            0           8M           0M           0M 
[2026-04-03T01:16:00.988+0600][3.371s][info][gc,reloc    ] GC(1) O: Medium Pages:                   0            0            0           0M           0M           0M 
[2026-04-03T01:16:00.988+0600][3.371s][info][gc,reloc    ] GC(1) O: Large Pages:                    0            0            0           0M           0M           0M 
[2026-04-03T01:16:00.988+0600][3.371s][info][gc,reloc    ] GC(1) O: Forwarding Usage: 0M
[2026-04-03T01:16:00.988+0600][3.371s][info][gc,heap     ] GC(1) O: Min Capacity: 8M(0%)
[2026-04-03T01:16:00.988+0600][3.371s][info][gc,heap     ] GC(1) O: Max Capacity: 3922M(100%)
[2026-04-03T01:16:00.988+0600][3.371s][info][gc,heap     ] GC(1) O: Soft Max Capacity: 3529M(90%)
[2026-04-03T01:16:00.988+0600][3.371s][info][gc,heap     ] GC(1) O: Heap Statistics:
[2026-04-03T01:16:00.988+0600][3.371s][info][gc,heap     ] GC(1) O:                Mark Start          Mark End        Relocate Start      Relocate End           High               Low         
[2026-04-03T01:16:00.988+0600][3.371s][info][gc,heap     ] GC(1) O:  Capacity:      354M (9%)          382M (10%)         382M (10%)         382M (10%)         382M (10%)         354M (9%)     
[2026-04-03T01:16:00.989+0600][3.371s][info][gc,heap     ] GC(1) O:      Free:     3568M (91%)        3842M (98%)        3830M (98%)        3806M (97%)        3854M (98%)        3540M (90%)    
[2026-04-03T01:16:00.989+0600][3.371s][info][gc,heap     ] GC(1) O:      Used:      354M (9%)           80M (2%)           92M (2%)          116M (3%)          382M (10%)          68M (2%)     
[2026-04-03T01:16:00.989+0600][3.371s][info][gc,heap     ] GC(1) O: Old Generation Statistics:
[2026-04-03T01:16:00.989+0600][3.371s][info][gc,heap     ] GC(1) O:                Mark Start          Mark End        Relocate Start      Relocate End    
[2026-04-03T01:16:00.989+0600][3.371s][info][gc,heap     ] GC(1) O:      Used:        8M (0%)            8M (0%)            8M (0%)           30M (1%)     
[2026-04-03T01:16:00.989+0600][3.371s][info][gc,heap     ] GC(1) O:      Live:         -                 3M (0%)            3M (0%)            3M (0%)     
[2026-04-03T01:16:00.989+0600][3.371s][info][gc,heap     ] GC(1) O:   Garbage:         -                 4M (0%)            4M (0%)            1M (0%)     
[2026-04-03T01:16:00.989+0600][3.371s][info][gc,heap     ] GC(1) O: Allocated:         -                 0M (0%)            0M (0%)           24M (1%)     
[2026-04-03T01:16:00.989+0600][3.371s][info][gc,heap     ] GC(1) O: Reclaimed:         -                  -                 0M (0%)            2M (0%)     
[2026-04-03T01:16:00.989+0600][3.371s][info][gc,heap     ] GC(1) O: Compacted:         -                  -                  -                 1M (0%)     
[2026-04-03T01:16:00.989+0600][3.371s][info][gc,phases   ] GC(1) O: Old Generation 70M(2%)->116M(3%) 0.121s
[2026-04-03T01:16:00.989+0600][3.371s][info][gc          ] GC(1) Major Collection (Warmup) 354M(9%)->116M(3%) 0.213s
[2026-04-03T01:16:03.149+0600][5.532s][info][gc          ] GC(2) Major Collection (Warmup)
[2026-04-03T01:16:03.150+0600][5.532s][info][gc,task     ] GC(2) Using 3 Workers for Young Generation
[2026-04-03T01:16:03.150+0600][5.532s][info][gc,task     ] GC(2) Using 1 Workers for Old Generation
[2026-04-03T01:16:03.150+0600][5.532s][info][gc,phases   ] GC(2) Y: Young Generation
[2026-04-03T01:16:03.154+0600][5.537s][info][gc,phases   ] GC(2) Y: Pause Mark Start (Major) 0.045ms
[2026-04-03T01:16:03.221+0600][5.604s][info][gc,phases   ] GC(2) Y: Concurrent Mark 66.336ms
[2026-04-03T01:16:03.222+0600][5.605s][info][gc,phases   ] GC(2) Y: Pause Mark End 0.035ms
[2026-04-03T01:16:03.223+0600][5.605s][info][gc,phases   ] GC(2) Y: Concurrent Mark Free 0.002ms
[2026-04-03T01:16:03.223+0600][5.605s][info][gc,phases   ] GC(2) Y: Concurrent Reset Relocation Set 0.015ms
[2026-04-03T01:16:03.230+0600][5.613s][info][gc,reloc    ] GC(2) Y: Using tenuring threshold: 2 (Computed)
[2026-04-03T01:16:03.231+0600][5.614s][info][gc,phases   ] GC(2) Y: Concurrent Select Relocation Set 8.242ms
[2026-04-03T01:16:03.233+0600][5.616s][info][gc,phases   ] GC(2) Y: Pause Relocate Start 0.027ms
[2026-04-03T01:16:03.244+0600][5.627s][info][gc,phases   ] GC(2) Y: Concurrent Relocate 10.864ms
[2026-04-03T01:16:03.244+0600][5.627s][info][gc,alloc    ] GC(2) Y:                         Mark Start        Mark End      Relocate Start    Relocate End   
[2026-04-03T01:16:03.244+0600][5.627s][info][gc,alloc    ] GC(2) Y: Allocation Stalls:          0                0                0                0         
[2026-04-03T01:16:03.244+0600][5.627s][info][gc,load     ] GC(2) Y: Load: 13.16 (110%) / 8.45 (70%) / 5.82 (49%)
[2026-04-03T01:16:03.244+0600][5.627s][info][gc,mmu      ] GC(2) Y: MMU: 2ms/97.7%, 5ms/99.1%, 10ms/99.2%, 20ms/99.6%, 50ms/99.7%, 100ms/99.8%
[2026-04-03T01:16:03.244+0600][5.627s][info][gc,marking  ] GC(2) Y: Mark: 2 stripe(s), 3 proactive flush(es), 1 terminate flush(es), 0 completion(s), 0 continuation(s) 
[2026-04-03T01:16:03.244+0600][5.627s][info][gc,marking  ] GC(2) Y: Mark Stack Usage: 32M
[2026-04-03T01:16:03.244+0600][5.627s][info][gc,nmethod  ] GC(2) Y: NMethods: 2860 registered, 0 unregistered
[2026-04-03T01:16:03.244+0600][5.627s][info][gc,metaspace] GC(2) Y: Metaspace: 7M used, 8M committed, 1088M reserved
[2026-04-03T01:16:03.244+0600][5.627s][info][gc,reloc    ] GC(2) Y:                        Candidates     Selected     In-Place         Size        Empty    Relocated 
[2026-04-03T01:16:03.244+0600][5.627s][info][gc,reloc    ] GC(2) Y: Small Pages:                  341          100            0         682M         476M           3M 
[2026-04-03T01:16:03.244+0600][5.627s][info][gc,reloc    ] GC(2) Y: Medium Pages:                   0            0            0           0M           0M           0M 
[2026-04-03T01:16:03.244+0600][5.627s][info][gc,reloc    ] GC(2) Y: Large Pages:                    0            0            0           0M           0M           0M 
[2026-04-03T01:16:03.244+0600][5.627s][info][gc,reloc    ] GC(2) Y: Forwarding Usage: 0M
[2026-04-03T01:16:03.244+0600][5.627s][info][gc,reloc    ] GC(2) Y: Age Table:
[2026-04-03T01:16:03.244+0600][5.627s][info][gc,reloc    ] GC(2) Y:                    Live             Garbage             Small              Medium             Large        
[2026-04-03T01:16:03.244+0600][5.627s][info][gc,reloc    ] GC(2) Y: Eden               3M (0%)          648M (17%)        326 / 88             0 / 0              0 / 0        
[2026-04-03T01:16:03.244+0600][5.627s][info][gc,reloc    ] GC(2) Y: Survivor 1         1M (0%)           28M (1%)          15 / 12             0 / 0              0 / 0        
[2026-04-03T01:16:03.244+0600][5.627s][info][gc,heap     ] GC(2) Y: Min Capacity: 8M(0%)
[2026-04-03T01:16:03.244+0600][5.627s][info][gc,heap     ] GC(2) Y: Max Capacity: 3922M(100%)
[2026-04-03T01:16:03.244+0600][5.627s][info][gc,heap     ] GC(2) Y: Soft Max Capacity: 3529M(90%)
[2026-04-03T01:16:03.244+0600][5.627s][info][gc,heap     ] GC(2) Y: Heap Statistics:
[2026-04-03T01:16:03.244+0600][5.627s][info][gc,heap     ] GC(2) Y:                Mark Start          Mark End        Relocate Start      Relocate End           High               Low         
[2026-04-03T01:16:03.244+0600][5.627s][info][gc,heap     ] GC(2) Y:  Capacity:      712M (18%)         764M (19%)         764M (19%)         764M (19%)         764M (19%)         712M (18%)    
[2026-04-03T01:16:03.244+0600][5.627s][info][gc,heap     ] GC(2) Y:      Free:     3210M (82%)        3158M (81%)        3630M (93%)        3782M (96%)        3798M (97%)        3158M (81%)    
[2026-04-03T01:16:03.244+0600][5.627s][info][gc,heap     ] GC(2) Y:      Used:      712M (18%)         764M (19%)         292M (7%)          140M (4%)          764M (19%)         124M (3%)     
[2026-04-03T01:16:03.244+0600][5.627s][info][gc,heap     ] GC(2) Y: Young Generation Statistics:
[2026-04-03T01:16:03.244+0600][5.627s][info][gc,heap     ] GC(2) Y:                Mark Start          Mark End        Relocate Start      Relocate End    
[2026-04-03T01:16:03.244+0600][5.627s][info][gc,heap     ] GC(2) Y:      Used:      682M (17%)         734M (19%)         262M (7%)          110M (3%)     
[2026-04-03T01:16:03.244+0600][5.627s][info][gc,heap     ] GC(2) Y:      Live:         -                 4M (0%)            4M (0%)            4M (0%)     
[2026-04-03T01:16:03.244+0600][5.627s][info][gc,heap     ] GC(2) Y:   Garbage:         -               677M (17%)         201M (5%)            0M (0%)     
[2026-04-03T01:16:03.245+0600][5.627s][info][gc,heap     ] GC(2) Y: Allocated:         -                52M (1%)           56M (1%)          105M (3%)     
[2026-04-03T01:16:03.245+0600][5.627s][info][gc,heap     ] GC(2) Y: Reclaimed:         -                  -               476M (12%)         677M (17%)    
[2026-04-03T01:16:03.245+0600][5.627s][info][gc,heap     ] GC(2) Y:  Promoted:         -                  -                 0M (0%)            0M (0%)     
[2026-04-03T01:16:03.245+0600][5.627s][info][gc,heap     ] GC(2) Y: Compacted:         -                  -                  -                 4M (0%)     
[2026-04-03T01:16:03.245+0600][5.627s][info][gc,phases   ] GC(2) Y: Young Generation 712M(18%)->140M(4%) 0.094s
[2026-04-03T01:16:03.245+0600][5.627s][info][gc,phases   ] GC(2) O: Old Generation
[2026-04-03T01:16:03.288+0600][5.670s][info][gc,phases   ] GC(2) O: Concurrent Mark 43.119ms
[2026-04-03T01:16:03.288+0600][5.671s][info][gc,phases   ] GC(2) O: Pause Mark End 0.026ms
[2026-04-03T01:16:03.289+0600][5.672s][info][gc,phases   ] GC(2) O: Concurrent Mark Free 0.002ms
[2026-04-03T01:16:03.316+0600][5.699s][info][gc,phases   ] GC(2) O: Concurrent Process Non-Strong 26.906ms
[2026-04-03T01:16:03.316+0600][5.699s][info][gc,phases   ] GC(2) O: Concurrent Reset Relocation Set 0.003ms
[2026-04-03T01:16:03.332+0600][5.715s][info][gc,phases   ] GC(2) O: Concurrent Select Relocation Set 16.312ms
[2026-04-03T01:16:03.332+0600][5.715s][info][gc,task     ] GC(2) O: Using 3 Workers for Old Generation
[2026-04-03T01:16:03.372+0600][5.755s][info][gc,task     ] GC(2) O: Using 1 Workers for Old Generation
[2026-04-03T01:16:03.372+0600][5.755s][info][gc,phases   ] GC(2) O: Concurrent Remap Roots 39.656ms
[2026-04-03T01:16:03.372+0600][5.755s][info][gc,phases   ] GC(2) O: Pause Relocate Start 0.031ms
[2026-04-03T01:16:03.376+0600][5.759s][info][gc,phases   ] GC(2) O: Concurrent Relocate 4.108ms
[2026-04-03T01:16:03.376+0600][5.759s][info][gc,alloc    ] GC(2) O:                         Mark Start        Mark End      Relocate Start    Relocate End   
[2026-04-03T01:16:03.376+0600][5.759s][info][gc,alloc    ] GC(2) O: Allocation Stalls:          0                0                0                0         
[2026-04-03T01:16:03.377+0600][5.759s][info][gc,load     ] GC(2) O: Load: 13.16 (110%) / 8.45 (70%) / 5.82 (49%)
[2026-04-03T01:16:03.377+0600][5.759s][info][gc,mmu      ] GC(2) O: MMU: 2ms/97.7%, 5ms/99.1%, 10ms/99.2%, 20ms/99.6%, 50ms/99.7%, 100ms/99.8%
[2026-04-03T01:16:03.377+0600][5.759s][info][gc,marking  ] GC(2) O: Mark: 1 stripe(s), 2 proactive flush(es), 1 terminate flush(es), 0 completion(s), 0 continuation(s) 
[2026-04-03T01:16:03.377+0600][5.759s][info][gc,marking  ] GC(2) O: Mark Stack Usage: 32M
[2026-04-03T01:16:03.377+0600][5.759s][info][gc,nmethod  ] GC(2) O: NMethods: 2445 registered, 422 unregistered
[2026-04-03T01:16:03.377+0600][5.759s][info][gc,metaspace] GC(2) O: Metaspace: 7M used, 8M committed, 1088M reserved
[2026-04-03T01:16:03.377+0600][5.759s][info][gc,ref      ] GC(2) O:                       Encountered   Discovered     Enqueued 
[2026-04-03T01:16:03.377+0600][5.759s][info][gc,ref      ] GC(2) O: Soft References:              177            0            0 
[2026-04-03T01:16:03.377+0600][5.759s][info][gc,ref      ] GC(2) O: Weak References:              453          247            0 
[2026-04-03T01:16:03.377+0600][5.759s][info][gc,ref      ] GC(2) O: Final References:               3            1            0 
[2026-04-03T01:16:03.377+0600][5.759s][info][gc,ref      ] GC(2) O: Phantom References:            98           23            0 
[2026-04-03T01:16:03.377+0600][5.759s][info][gc,reloc    ] GC(2) O:                        Candidates     Selected     In-Place         Size        Empty    Relocated 
[2026-04-03T01:16:03.377+0600][5.759s][info][gc,reloc    ] GC(2) O: Small Pages:                   15           11            0          30M           2M           1M 
[2026-04-03T01:16:03.377+0600][5.759s][info][gc,reloc    ] GC(2) O: Medium Pages:                   0            0            0           0M           0M           0M 
[2026-04-03T01:16:03.377+0600][5.759s][info][gc,reloc    ] GC(2) O: Large Pages:                    0            0            0           0M           0M           0M 
[2026-04-03T01:16:03.377+0600][5.759s][info][gc,reloc    ] GC(2) O: Forwarding Usage: 0M
[2026-04-03T01:16:03.377+0600][5.760s][info][gc,heap     ] GC(2) O: Min Capacity: 8M(0%)
[2026-04-03T01:16:03.377+0600][5.760s][info][gc,heap     ] GC(2) O: Max Capacity: 3922M(100%)
[2026-04-03T01:16:03.377+0600][5.760s][info][gc,heap     ] GC(2) O: Soft Max Capacity: 3529M(90%)
[2026-04-03T01:16:03.377+0600][5.760s][info][gc,heap     ] GC(2) O: Heap Statistics:
[2026-04-03T01:16:03.377+0600][5.760s][info][gc,heap     ] GC(2) O:                Mark Start          Mark End        Relocate Start      Relocate End           High               Low         
[2026-04-03T01:16:03.377+0600][5.760s][info][gc,heap     ] GC(2) O:  Capacity:      712M (18%)         764M (19%)         764M (19%)         764M (19%)         764M (19%)         712M (18%)    
[2026-04-03T01:16:03.377+0600][5.760s][info][gc,heap     ] GC(2) O:      Free:     3210M (82%)        3744M (95%)        3660M (93%)        3660M (93%)        3798M (97%)        3158M (81%)    
[2026-04-03T01:16:03.377+0600][5.760s][info][gc,heap     ] GC(2) O:      Used:      712M (18%)         178M (5%)          262M (7%)          262M (7%)          764M (19%)         124M (3%)     
[2026-04-03T01:16:03.377+0600][5.760s][info][gc,heap     ] GC(2) O: Old Generation Statistics:
[2026-04-03T01:16:03.377+0600][5.760s][info][gc,heap     ] GC(2) O:                Mark Start          Mark End        Relocate Start      Relocate End    
[2026-04-03T01:16:03.377+0600][5.760s][info][gc,heap     ] GC(2) O:      Used:       30M (1%)           30M (1%)           28M (1%)           24M (1%)     
[2026-04-03T01:16:03.377+0600][5.760s][info][gc,heap     ] GC(2) O:      Live:         -                 3M (0%)            3M (0%)            3M (0%)     
[2026-04-03T01:16:03.377+0600][5.760s][info][gc,heap     ] GC(2) O:   Garbage:         -                26M (1%)           24M (1%)            1M (0%)     
[2026-04-03T01:16:03.377+0600][5.760s][info][gc,heap     ] GC(2) O: Allocated:         -                 0M (0%)            0M (0%)           18M (0%)     
[2026-04-03T01:16:03.377+0600][5.760s][info][gc,heap     ] GC(2) O: Reclaimed:         -                  -                 2M (0%)           24M (1%)     
[2026-04-03T01:16:03.377+0600][5.760s][info][gc,heap     ] GC(2) O: Compacted:         -                  -                  -                 1M (0%)     
[2026-04-03T01:16:03.377+0600][5.760s][info][gc,phases   ] GC(2) O: Old Generation 140M(4%)->262M(7%) 0.132s
[2026-04-03T01:16:03.377+0600][5.760s][info][gc          ] GC(2) Major Collection (Warmup) 712M(18%)->264M(7%) 0.227s
[2026-04-03T01:16:04.379+0600][6.762s][info][gc          ] GC(3) Major Collection (Warmup)
[2026-04-03T01:16:04.379+0600][6.762s][info][gc,task     ] GC(3) Using 3 Workers for Young Generation
[2026-04-03T01:16:04.379+0600][6.762s][info][gc,task     ] GC(3) Using 1 Workers for Old Generation
[2026-04-03T01:16:04.379+0600][6.762s][info][gc,phases   ] GC(3) Y: Young Generation
[2026-04-03T01:16:04.380+0600][6.763s][info][gc,phases   ] GC(3) Y: Pause Mark Start (Major) 0.027ms
[2026-04-03T01:16:04.427+0600][6.810s][info][gc,phases   ] GC(3) Y: Concurrent Mark 43.302ms
[2026-04-03T01:16:04.430+0600][6.813s][info][gc,phases   ] GC(3) Y: Pause Mark End 0.034ms
[2026-04-03T01:16:04.430+0600][6.813s][info][gc,phases   ] GC(3) Y: Concurrent Mark Free 0.003ms
[2026-04-03T01:16:04.430+0600][6.813s][info][gc,phases   ] GC(3) Y: Concurrent Reset Relocation Set 0.012ms
[2026-04-03T01:16:04.456+0600][6.839s][info][gc,reloc    ] GC(3) Y: Using tenuring threshold: 3 (Computed)
[2026-04-03T01:16:04.456+0600][6.839s][info][gc,phases   ] GC(3) Y: Concurrent Select Relocation Set 25.851ms
[2026-04-03T01:16:04.457+0600][6.839s][info][gc,phases   ] GC(3) Y: Pause Relocate Start 0.030ms
[2026-04-03T01:16:04.468+0600][6.851s][info][gc,phases   ] GC(3) Y: Concurrent Relocate 9.129ms
[2026-04-03T01:16:04.468+0600][6.851s][info][gc,alloc    ] GC(3) Y:                         Mark Start        Mark End      Relocate Start    Relocate End   
[2026-04-03T01:16:04.468+0600][6.851s][info][gc,alloc    ] GC(3) Y: Allocation Stalls:          0                0                0                0         
[2026-04-03T01:16:04.468+0600][6.851s][info][gc,load     ] GC(3) Y: Load: 13.39 (112%) / 8.58 (71%) / 5.88 (49%)
[2026-04-03T01:16:04.468+0600][6.851s][info][gc,mmu      ] GC(3) Y: MMU: 2ms/97.7%, 5ms/99.1%, 10ms/99.2%, 20ms/99.6%, 50ms/99.7%, 100ms/99.8%
[2026-04-03T01:16:04.468+0600][6.851s][info][gc,marking  ] GC(3) Y: Mark: 2 stripe(s), 3 proactive flush(es), 1 terminate flush(es), 0 completion(s), 0 continuation(s) 
[2026-04-03T01:16:04.468+0600][6.851s][info][gc,marking  ] GC(3) Y: Mark Stack Usage: 32M
[2026-04-03T01:16:04.468+0600][6.851s][info][gc,nmethod  ] GC(3) Y: NMethods: 2696 registered, 0 unregistered
[2026-04-03T01:16:04.468+0600][6.851s][info][gc,metaspace] GC(3) Y: Metaspace: 7M used, 8M committed, 1088M reserved
[2026-04-03T01:16:04.469+0600][6.851s][info][gc,reloc    ] GC(3) Y:                        Candidates     Selected     In-Place         Size        Empty    Relocated 
[2026-04-03T01:16:04.469+0600][6.851s][info][gc,reloc    ] GC(3) Y: Small Pages:                  519           93            0        1038M         842M           5M 
[2026-04-03T01:16:04.469+0600][6.851s][info][gc,reloc    ] GC(3) Y: Medium Pages:                   0            0            0           0M           0M           0M 
[2026-04-03T01:16:04.469+0600][6.851s][info][gc,reloc    ] GC(3) Y: Large Pages:                    0            0            0           0M           0M           0M 
[2026-04-03T01:16:04.469+0600][6.851s][info][gc,reloc    ] GC(3) Y: Forwarding Usage: 0M
[2026-04-03T01:16:04.469+0600][6.851s][info][gc,reloc    ] GC(3) Y: Age Table:
[2026-04-03T01:16:04.469+0600][6.851s][info][gc,reloc    ] GC(3) Y:                    Live             Garbage             Small              Medium             Large        
[2026-04-03T01:16:04.469+0600][6.851s][info][gc,reloc    ] GC(3) Y: Eden               5M (0%)          994M (25%)        500 / 76             0 / 0              0 / 0        
[2026-04-03T01:16:04.469+0600][6.851s][info][gc,reloc    ] GC(3) Y: Survivor 1         0M (0%)            9M (0%)           5 / 4              0 / 0              0 / 0        
[2026-04-03T01:16:04.469+0600][6.851s][info][gc,reloc    ] GC(3) Y: Survivor 2         1M (0%)           26M (1%)          14 / 13             0 / 0              0 / 0        
[2026-04-03T01:16:04.469+0600][6.851s][info][gc,heap     ] GC(3) Y: Min Capacity: 8M(0%)
[2026-04-03T01:16:04.469+0600][6.851s][info][gc,heap     ] GC(3) Y: Max Capacity: 3922M(100%)
[2026-04-03T01:16:04.469+0600][6.851s][info][gc,heap     ] GC(3) Y: Soft Max Capacity: 3529M(90%)
[2026-04-03T01:16:04.469+0600][6.851s][info][gc,heap     ] GC(3) Y: Heap Statistics:
[2026-04-03T01:16:04.469+0600][6.851s][info][gc,heap     ] GC(3) Y:                Mark Start          Mark End        Relocate Start      Relocate End           High               Low         
[2026-04-03T01:16:04.469+0600][6.851s][info][gc,heap     ] GC(3) Y:  Capacity:     1062M (27%)        1098M (28%)        1098M (28%)        1098M (28%)        1098M (28%)        1062M (27%)    
[2026-04-03T01:16:04.469+0600][6.851s][info][gc,heap     ] GC(3) Y:      Free:     2860M (73%)        2824M (72%)        3644M (93%)        3758M (96%)        3760M (96%)        2824M (72%)    
[2026-04-03T01:16:04.469+0600][6.852s][info][gc,heap     ] GC(3) Y:      Used:     1062M (27%)        1098M (28%)         278M (7%)          164M (4%)         1098M (28%)         162M (4%)     
[2026-04-03T01:16:04.469+0600][6.852s][info][gc,heap     ] GC(3) Y: Young Generation Statistics:
[2026-04-03T01:16:04.469+0600][6.852s][info][gc,heap     ] GC(3) Y:                Mark Start          Mark End        Relocate Start      Relocate End    
[2026-04-03T01:16:04.469+0600][6.852s][info][gc,heap     ] GC(3) Y:      Used:     1038M (26%)        1074M (27%)         254M (6%)          140M (4%)     
[2026-04-03T01:16:04.469+0600][6.852s][info][gc,heap     ] GC(3) Y:      Live:         -                 7M (0%)            7M (0%)            7M (0%)     
[2026-04-03T01:16:04.469+0600][6.852s][info][gc,heap     ] GC(3) Y:   Garbage:         -              1030M (26%)         188M (5%)            1M (0%)     
[2026-04-03T01:16:04.469+0600][6.852s][info][gc,heap     ] GC(3) Y: Allocated:         -                36M (1%)           58M (1%)          131M (3%)     
[2026-04-03T01:16:04.469+0600][6.852s][info][gc,heap     ] GC(3) Y: Reclaimed:         -                  -               842M (21%)        1029M (26%)    
[2026-04-03T01:16:04.469+0600][6.852s][info][gc,heap     ] GC(3) Y:  Promoted:         -                  -                 0M (0%)            0M (0%)     
[2026-04-03T01:16:04.469+0600][6.852s][info][gc,heap     ] GC(3) Y: Compacted:         -                  -                  -                 6M (0%)     
[2026-04-03T01:16:04.472+0600][6.855s][info][gc,phases   ] GC(3) Y: Young Generation 1062M(27%)->164M(4%) 0.089s
[2026-04-03T01:16:04.472+0600][6.855s][info][gc,phases   ] GC(3) O: Old Generation
[2026-04-03T01:16:04.532+0600][6.915s][info][gc,phases   ] GC(3) O: Concurrent Mark 60.183ms
[2026-04-03T01:16:04.532+0600][6.915s][info][gc,phases   ] GC(3) O: Pause Mark End 0.034ms
[2026-04-03T01:16:04.538+0600][6.921s][info][gc,phases   ] GC(3) O: Concurrent Mark Free 0.006ms
[2026-04-03T01:16:04.590+0600][6.973s][info][gc,phases   ] GC(3) O: Concurrent Process Non-Strong 52.553ms
[2026-04-03T01:16:04.591+0600][6.973s][info][gc,phases   ] GC(3) O: Concurrent Reset Relocation Set 0.004ms
[2026-04-03T01:16:04.599+0600][6.982s][info][gc,phases   ] GC(3) O: Concurrent Select Relocation Set 8.319ms
[2026-04-03T01:16:04.599+0600][6.982s][info][gc,task     ] GC(3) O: Using 3 Workers for Old Generation
[2026-04-03T01:16:04.637+0600][7.020s][info][gc,task     ] GC(3) O: Using 1 Workers for Old Generation
[2026-04-03T01:16:04.637+0600][7.020s][info][gc,phases   ] GC(3) O: Concurrent Remap Roots 38.420ms
[2026-04-03T01:16:04.638+0600][7.020s][info][gc,phases   ] GC(3) O: Pause Relocate Start 0.028ms
[2026-04-03T01:16:04.643+0600][7.026s][info][gc,phases   ] GC(3) O: Concurrent Relocate 4.235ms
[2026-04-03T01:16:04.643+0600][7.026s][info][gc,alloc    ] GC(3) O:                         Mark Start        Mark End      Relocate Start    Relocate End   
[2026-04-03T01:16:04.643+0600][7.026s][info][gc,alloc    ] GC(3) O: Allocation Stalls:          0                0                0                0         
[2026-04-03T01:16:04.643+0600][7.026s][info][gc,load     ] GC(3) O: Load: 13.39 (112%) / 8.58 (71%) / 5.88 (49%)
[2026-04-03T01:16:04.643+0600][7.026s][info][gc,mmu      ] GC(3) O: MMU: 2ms/97.7%, 5ms/99.1%, 10ms/99.2%, 20ms/99.6%, 50ms/99.7%, 100ms/99.8%
[2026-04-03T01:16:04.643+0600][7.026s][info][gc,marking  ] GC(3) O: Mark: 1 stripe(s), 2 proactive flush(es), 1 terminate flush(es), 0 completion(s), 0 continuation(s) 
[2026-04-03T01:16:04.643+0600][7.026s][info][gc,marking  ] GC(3) O: Mark Stack Usage: 32M
[2026-04-03T01:16:04.643+0600][7.026s][info][gc,nmethod  ] GC(3) O: NMethods: 2451 registered, 254 unregistered
[2026-04-03T01:16:04.643+0600][7.026s][info][gc,metaspace] GC(3) O: Metaspace: 7M used, 8M committed, 1088M reserved
[2026-04-03T01:16:04.643+0600][7.026s][info][gc,ref      ] GC(3) O:                       Encountered   Discovered     Enqueued 
[2026-04-03T01:16:04.643+0600][7.026s][info][gc,ref      ] GC(3) O: Soft References:              177            0            0 
[2026-04-03T01:16:04.643+0600][7.026s][info][gc,ref      ] GC(3) O: Weak References:              461          244            0 
[2026-04-03T01:16:04.643+0600][7.026s][info][gc,ref      ] GC(3) O: Final References:               3            1            0 
[2026-04-03T01:16:04.643+0600][7.026s][info][gc,ref      ] GC(3) O: Phantom References:            99           15            0 
[2026-04-03T01:16:04.643+0600][7.026s][info][gc,reloc    ] GC(3) O:                        Candidates     Selected     In-Place         Size        Empty    Relocated 
[2026-04-03T01:16:04.643+0600][7.026s][info][gc,reloc    ] GC(3) O: Small Pages:                   12            9            0          24M           0M           1M 
[2026-04-03T01:16:04.643+0600][7.026s][info][gc,reloc    ] GC(3) O: Medium Pages:                   0            0            0           0M           0M           0M 
[2026-04-03T01:16:04.643+0600][7.026s][info][gc,reloc    ] GC(3) O: Large Pages:                    0            0            0           0M           0M           0M 
[2026-04-03T01:16:04.643+0600][7.026s][info][gc,reloc    ] GC(3) O: Forwarding Usage: 0M
[2026-04-03T01:16:04.643+0600][7.026s][info][gc,heap     ] GC(3) O: Min Capacity: 8M(0%)
[2026-04-03T01:16:04.643+0600][7.026s][info][gc,heap     ] GC(3) O: Max Capacity: 3922M(100%)
[2026-04-03T01:16:04.643+0600][7.026s][info][gc,heap     ] GC(3) O: Soft Max Capacity: 3529M(90%)
[2026-04-03T01:16:04.643+0600][7.026s][info][gc,heap     ] GC(3) O: Heap Statistics:
[2026-04-03T01:16:04.643+0600][7.026s][info][gc,heap     ] GC(3) O:                Mark Start          Mark End        Relocate Start      Relocate End           High               Low         
[2026-04-03T01:16:04.643+0600][7.026s][info][gc,heap     ] GC(3) O:  Capacity:     1062M (27%)        1098M (28%)        1098M (28%)        1098M (28%)        1098M (28%)        1062M (27%)    
[2026-04-03T01:16:04.643+0600][7.026s][info][gc,heap     ] GC(3) O:      Free:     2860M (73%)        3698M (94%)        3608M (92%)        3602M (92%)        3760M (96%)        2824M (72%)    
[2026-04-03T01:16:04.643+0600][7.026s][info][gc,heap     ] GC(3) O:      Used:     1062M (27%)         224M (6%)          314M (8%)          320M (8%)         1098M (28%)         162M (4%)     
[2026-04-03T01:16:04.643+0600][7.026s][info][gc,heap     ] GC(3) O: Old Generation Statistics:
[2026-04-03T01:16:04.643+0600][7.026s][info][gc,heap     ] GC(3) O:                Mark Start          Mark End        Relocate Start      Relocate End    
[2026-04-03T01:16:04.643+0600][7.026s][info][gc,heap     ] GC(3) O:      Used:       24M (1%)           24M (1%)           24M (1%)           22M (1%)     
[2026-04-03T01:16:04.643+0600][7.026s][info][gc,heap     ] GC(3) O:      Live:         -                 3M (0%)            3M (0%)            3M (0%)     
[2026-04-03T01:16:04.644+0600][7.026s][info][gc,heap     ] GC(3) O:   Garbage:         -                20M (1%)           20M (1%)            1M (0%)     
[2026-04-03T01:16:04.644+0600][7.026s][info][gc,heap     ] GC(3) O: Allocated:         -                 0M (0%)            0M (0%)           16M (0%)     
[2026-04-03T01:16:04.644+0600][7.026s][info][gc,heap     ] GC(3) O: Reclaimed:         -                  -                 0M (0%)           18M (0%)     
[2026-04-03T01:16:04.644+0600][7.026s][info][gc,heap     ] GC(3) O: Compacted:         -                  -                  -                 1M (0%)     
[2026-04-03T01:16:04.644+0600][7.026s][info][gc,phases   ] GC(3) O: Old Generation 168M(4%)->320M(8%) 0.171s
[2026-04-03T01:16:04.644+0600][7.026s][info][gc          ] GC(3) Major Collection (Warmup) 1062M(27%)->324M(8%) 0.264s
[2026-04-03T01:16:07.574+0600][9.956s][info][gc          ] GC(4) Minor Collection (Allocation Rate)
[2026-04-03T01:16:07.574+0600][9.956s][info][gc,task     ] GC(4) Using 1 Workers for Young Generation
[2026-04-03T01:16:07.574+0600][9.956s][info][gc,phases   ] GC(4) y: Young Generation
[2026-04-03T01:16:07.586+0600][9.969s][info][gc,phases   ] GC(4) y: Pause Mark Start 0.042ms
[2026-04-03T01:16:07.646+0600][10.029s][info][gc,phases   ] GC(4) y: Concurrent Mark 56.608ms
[2026-04-03T01:16:07.650+0600][10.033s][info][gc,phases   ] GC(4) y: Pause Mark End 0.053ms
[2026-04-03T01:16:07.650+0600][10.033s][info][gc,phases   ] GC(4) y: Concurrent Mark Free 0.006ms
[2026-04-03T01:16:07.650+0600][10.033s][info][gc,phases   ] GC(4) y: Concurrent Reset Relocation Set 0.017ms
[2026-04-03T01:16:07.666+0600][10.048s][info][gc,reloc    ] GC(4) y: Using tenuring threshold: 4 (Computed)
[2026-04-03T01:16:07.670+0600][10.053s][info][gc,phases   ] GC(4) y: Concurrent Select Relocation Set 19.672ms
[2026-04-03T01:16:07.674+0600][10.057s][info][gc,phases   ] GC(4) y: Pause Relocate Start 0.035ms
[2026-04-03T01:16:07.688+0600][10.071s][info][gc,phases   ] GC(4) y: Concurrent Relocate 14.107ms
[2026-04-03T01:16:07.689+0600][10.071s][info][gc,alloc    ] GC(4) y:                         Mark Start        Mark End      Relocate Start    Relocate End   
[2026-04-03T01:16:07.689+0600][10.071s][info][gc,alloc    ] GC(4) y: Allocation Stalls:          0                0                0                0         
[2026-04-03T01:16:07.689+0600][10.071s][info][gc,load     ] GC(4) y: Load: 13.39 (112%) / 8.58 (71%) / 5.88 (49%)
[2026-04-03T01:16:07.689+0600][10.071s][info][gc,mmu      ] GC(4) y: MMU: 2ms/97.4%, 5ms/98.9%, 10ms/99.2%, 20ms/99.6%, 50ms/99.7%, 100ms/99.8%
[2026-04-03T01:16:07.689+0600][10.071s][info][gc,marking  ] GC(4) y: Mark: 1 stripe(s), 2 proactive flush(es), 1 terminate flush(es), 0 completion(s), 0 continuation(s) 
[2026-04-03T01:16:07.689+0600][10.071s][info][gc,marking  ] GC(4) y: Mark Stack Usage: 32M
[2026-04-03T01:16:07.689+0600][10.072s][info][gc,nmethod  ] GC(4) y: NMethods: 2646 registered, 0 unregistered
[2026-04-03T01:16:07.689+0600][10.072s][info][gc,metaspace] GC(4) y: Metaspace: 7M used, 8M committed, 1088M reserved
[2026-04-03T01:16:07.689+0600][10.072s][info][gc,reloc    ] GC(4) y:                        Candidates     Selected     In-Place         Size        Empty    Relocated 
[2026-04-03T01:16:07.689+0600][10.072s][info][gc,reloc    ] GC(4) y: Small Pages:                 1406          101            0        2812M        2602M           4M 
[2026-04-03T01:16:07.689+0600][10.072s][info][gc,reloc    ] GC(4) y: Medium Pages:                   0            0            0           0M           0M           0M 
[2026-04-03T01:16:07.689+0600][10.072s][info][gc,reloc    ] GC(4) y: Large Pages:                    0            0            0           0M           0M           0M 
[2026-04-03T01:16:07.689+0600][10.072s][info][gc,reloc    ] GC(4) y: Forwarding Usage: 0M
[2026-04-03T01:16:07.689+0600][10.072s][info][gc,reloc    ] GC(4) y: Age Table:
[2026-04-03T01:16:07.689+0600][10.072s][info][gc,reloc    ] GC(4) y:                    Live             Garbage             Small              Medium             Large        
[2026-04-03T01:16:07.689+0600][10.072s][info][gc,reloc    ] GC(4) y: Eden               3M (0%)         2738M (70%)       1371 / 69             0 / 0              0 / 0        
[2026-04-03T01:16:07.689+0600][10.072s][info][gc,reloc    ] GC(4) y: Survivor 1         2M (0%)           17M (0%)          10 / 7              0 / 0              0 / 0        
[2026-04-03T01:16:07.689+0600][10.072s][info][gc,reloc    ] GC(4) y: Survivor 2         0M (0%)           21M (1%)          11 / 11             0 / 0              0 / 0        
[2026-04-03T01:16:07.689+0600][10.072s][info][gc,reloc    ] GC(4) y: Survivor 3         1M (0%)           26M (1%)          14 / 14             0 / 0              0 / 0        
[2026-04-03T01:16:07.689+0600][10.072s][info][gc,heap     ] GC(4) y: Min Capacity: 8M(0%)
[2026-04-03T01:16:07.689+0600][10.072s][info][gc,heap     ] GC(4) y: Max Capacity: 3922M(100%)
[2026-04-03T01:16:07.689+0600][10.072s][info][gc,heap     ] GC(4) y: Soft Max Capacity: 3529M(90%)
[2026-04-03T01:16:07.689+0600][10.072s][info][gc,heap     ] GC(4) y: Heap Statistics:
[2026-04-03T01:16:07.689+0600][10.072s][info][gc,heap     ] GC(4) y:                Mark Start          Mark End        Relocate Start      Relocate End           High               Low         
[2026-04-03T01:16:07.689+0600][10.072s][info][gc,heap     ] GC(4) y:  Capacity:     2834M (72%)        2872M (73%)        2872M (73%)        2872M (73%)        2872M (73%)        2834M (72%)    
[2026-04-03T01:16:07.689+0600][10.072s][info][gc,heap     ] GC(4) y:      Free:     1088M (28%)        1052M (27%)        3646M (93%)        3810M (97%)        3810M (97%)        1050M (27%)    
[2026-04-03T01:16:07.689+0600][10.072s][info][gc,heap     ] GC(4) y:      Used:     2834M (72%)        2870M (73%)         276M (7%)          112M (3%)         2872M (73%)         112M (3%)     
[2026-04-03T01:16:07.689+0600][10.072s][info][gc,heap     ] GC(4) y: Young Generation Statistics:
[2026-04-03T01:16:07.689+0600][10.072s][info][gc,heap     ] GC(4) y:                Mark Start          Mark End        Relocate Start      Relocate End    
[2026-04-03T01:16:07.689+0600][10.072s][info][gc,heap     ] GC(4) y:      Used:     2812M (72%)        2848M (73%)         254M (6%)           90M (2%)     
[2026-04-03T01:16:07.689+0600][10.072s][info][gc,heap     ] GC(4) y:      Live:         -                 6M (0%)            6M (0%)            6M (0%)     
[2026-04-03T01:16:07.689+0600][10.072s][info][gc,heap     ] GC(4) y:   Garbage:         -              2805M (72%)         203M (5%)            0M (0%)     
[2026-04-03T01:16:07.689+0600][10.072s][info][gc,heap     ] GC(4) y: Allocated:         -                36M (1%)           44M (1%)           82M (2%)     
[2026-04-03T01:16:07.689+0600][10.072s][info][gc,heap     ] GC(4) y: Reclaimed:         -                  -              2602M (66%)        2804M (72%)    
[2026-04-03T01:16:07.689+0600][10.072s][info][gc,heap     ] GC(4) y:  Promoted:         -                  -                 0M (0%)            0M (0%)     
[2026-04-03T01:16:07.689+0600][10.072s][info][gc,heap     ] GC(4) y: Compacted:         -                  -                  -                 5M (0%)     
[2026-04-03T01:16:07.689+0600][10.072s][info][gc,phases   ] GC(4) y: Young Generation 2834M(72%)->112M(3%) 0.115s
[2026-04-03T01:16:07.689+0600][10.072s][info][gc          ] GC(4) Minor Collection (Allocation Rate) 2834M(72%)->114M(3%) 0.116s
[2026-04-03T01:16:08.762+0600][11.145s][info][gc,exit     ] Stopping ZGC
[2026-04-03T01:16:08.762+0600][11.145s][info][gc,stats    ] === Garbage Collection Statistics =======================================================================================================================
[2026-04-03T01:16:08.762+0600][11.145s][info][gc,stats    ]                                                              Last 10s              Last 10m              Last 10h                Total
[2026-04-03T01:16:08.762+0600][11.145s][info][gc,stats    ]                                                              Avg / Max             Avg / Max             Avg / Max             Avg / Max
[2026-04-03T01:16:08.762+0600][11.145s][info][gc,stats    ]        Contention: Mark Segment Reset Contention                     1 / 8                 2 / 15                2 / 15                2 / 15          ops/s
[2026-04-03T01:16:08.762+0600][11.145s][info][gc,stats    ]        Contention: Mark SeqNum Reset Contention                      0 / 0                 0 / 1                 0 / 1                 0 / 1           ops/s
[2026-04-03T01:16:08.762+0600][11.145s][info][gc,stats    ]          Critical: Allocation Stall                                  0 / 0                 0 / 0                 0 / 0                 0 / 0           ops/s
[2026-04-03T01:16:08.762+0600][11.145s][info][gc,stats    ]          Critical: Allocation Stall                              0.000 / 0.000         0.000 / 0.000         0.000 / 0.000         0.000 / 0.000       ms
[2026-04-03T01:16:08.762+0600][11.145s][info][gc,stats    ]          Critical: JNI Critical Stall                                2 / 12                2 / 12                2 / 12                2 / 12          ops/s
[2026-04-03T01:16:08.762+0600][11.145s][info][gc,stats    ]          Critical: JNI Critical Stall                            5.391 / 19.848        5.391 / 19.848        5.391 / 19.848        5.391 / 19.848      ms
[2026-04-03T01:16:08.762+0600][11.145s][info][gc,stats    ]          Critical: Relocation Stall                                  0 / 0                 0 / 0                 0 / 0                 0 / 0           ops/s
[2026-04-03T01:16:08.762+0600][11.145s][info][gc,stats    ]          Critical: Relocation Stall                              0.000 / 0.000         0.000 / 0.000         0.000 / 0.000         0.000 / 0.000       ms
[2026-04-03T01:16:08.762+0600][11.145s][info][gc,stats    ]  Major Collection: Major Collection                            234.944 / 264.420     189.865 / 264.420     189.865 / 264.420     189.865 / 264.420     ms
[2026-04-03T01:16:08.762+0600][11.145s][info][gc,stats    ]            Memory: Allocation Rate                                 646 / 1456            593 / 1456            593 / 1456            593 / 1456        MB/s
[2026-04-03T01:16:08.762+0600][11.145s][info][gc,stats    ]            Memory: Defragment                                        0 / 0                 0 / 0                 0 / 0                 0 / 0           ops/s
[2026-04-03T01:16:08.762+0600][11.145s][info][gc,stats    ]            Memory: Out Of Memory                                     0 / 0                 0 / 0                 0 / 0                 0 / 0           ops/s
[2026-04-03T01:16:08.762+0600][11.145s][info][gc,stats    ]            Memory: Page Cache Flush                                  0 / 0                 0 / 0                 0 / 0                 0 / 0           MB/s
[2026-04-03T01:16:08.762+0600][11.145s][info][gc,stats    ]            Memory: Page Cache Hit L1                               184 / 728             169 / 728             169 / 728             169 / 728         ops/s
[2026-04-03T01:16:08.762+0600][11.145s][info][gc,stats    ]            Memory: Page Cache Hit L2                                 0 / 0                 0 / 0                 0 / 0                 0 / 0           ops/s
[2026-04-03T01:16:08.762+0600][11.145s][info][gc,stats    ]            Memory: Page Cache Hit L3                                 9 / 69               11 / 69               11 / 69               11 / 69          ops/s
[2026-04-03T01:16:08.762+0600][11.145s][info][gc,stats    ]            Memory: Page Cache Miss                                 131 / 421             119 / 421             119 / 421             119 / 421         ops/s
[2026-04-03T01:16:08.762+0600][11.145s][info][gc,stats    ]            Memory: Uncommit                                          0 / 0                 0 / 0                 0 / 0                 0 / 0           MB/s
[2026-04-03T01:16:08.762+0600][11.145s][info][gc,stats    ]            Memory: Undo Object Allocation Failed                     0 / 1                 0 / 1                 0 / 1                 0 / 1           ops/s
[2026-04-03T01:16:08.762+0600][11.145s][info][gc,stats    ]            Memory: Undo Object Allocation Succeeded                  1 / 7                 1 / 7                 1 / 7                 1 / 7           ops/s
[2026-04-03T01:16:08.762+0600][11.145s][info][gc,stats    ]            Memory: Undo Page Allocation                              2 / 11                2 / 11                2 / 11                2 / 11          ops/s
[2026-04-03T01:16:08.762+0600][11.145s][info][gc,stats    ]  Minor Collection: Minor Collection                            115.684 / 115.684     115.684 / 115.684     115.684 / 115.684     115.684 / 115.684     ms
[2026-04-03T01:16:08.762+0600][11.145s][info][gc,stats    ]    Old Generation: Old Generation                              141.442 / 171.277     111.285 / 171.277     111.285 / 171.277     111.285 / 171.277     ms
[2026-04-03T01:16:08.762+0600][11.145s][info][gc,stats    ]         Old Pause: Pause Mark End                                0.034 / 0.042         0.029 / 0.042         0.029 / 0.042         0.029 / 0.042       ms
[2026-04-03T01:16:08.762+0600][11.145s][info][gc,stats    ]         Old Pause: Pause Relocate Start                          0.029 / 0.031         0.025 / 0.031         0.025 / 0.031         0.025 / 0.031       ms
[2026-04-03T01:16:08.762+0600][11.145s][info][gc,stats    ]         Old Phase: Concurrent Mark                              52.039 / 60.183       39.924 / 60.183       39.924 / 60.183       39.924 / 60.183      ms
[2026-04-03T01:16:08.763+0600][11.145s][info][gc,stats    ]         Old Phase: Concurrent Mark Continue                      0.000 / 0.000         0.000 / 0.000         0.000 / 0.000         0.000 / 0.000       ms
[2026-04-03T01:16:08.763+0600][11.145s][info][gc,stats    ]         Old Phase: Concurrent Mark Free                          0.004 / 0.006         0.003 / 0.006         0.003 / 0.006         0.003 / 0.006       ms
[2026-04-03T01:16:08.763+0600][11.145s][info][gc,stats    ]         Old Phase: Concurrent Process Non-Strong                34.099 / 52.553       25.999 / 52.553       25.999 / 52.553       25.999 / 52.553      ms
[2026-04-03T01:16:08.763+0600][11.145s][info][gc,stats    ]         Old Phase: Concurrent Relocate                           3.627 / 4.235         3.075 / 4.235         3.075 / 4.235         3.075 / 4.235       ms
[2026-04-03T01:16:08.763+0600][11.145s][info][gc,stats    ]         Old Phase: Concurrent Remap Roots                       36.208 / 39.656       30.163 / 39.656       30.163 / 39.656       30.163 / 39.656      ms
[2026-04-03T01:16:08.763+0600][11.145s][info][gc,stats    ]         Old Phase: Concurrent Reset Relocation Set               0.003 / 0.004         0.003 / 0.004         0.003 / 0.004         0.003 / 0.004       ms
[2026-04-03T01:16:08.763+0600][11.145s][info][gc,stats    ]         Old Phase: Concurrent Select Relocation Set             11.739 / 16.312        9.211 / 16.312        9.211 / 16.312        9.211 / 16.312      ms
[2026-04-03T01:16:08.763+0600][11.145s][info][gc,stats    ]      Old Subphase: Concurrent Classes Purge                      0.880 / 1.102         0.693 / 1.102         0.693 / 1.102         0.693 / 1.102       ms
[2026-04-03T01:16:08.763+0600][11.145s][info][gc,stats    ]      Old Subphase: Concurrent Classes Unlink                    25.375 / 46.661       19.280 / 46.661       19.280 / 46.661       19.280 / 46.661      ms
[2026-04-03T01:16:08.763+0600][11.145s][info][gc,stats    ]      Old Subphase: Concurrent Mark Follow                       50.790 / 59.809       38.953 / 59.809       38.953 / 59.809       38.953 / 59.809      ms
[2026-04-03T01:16:08.763+0600][11.145s][info][gc,stats    ]      Old Subphase: Concurrent Mark Root Colored                  0.046 / 0.062         0.042 / 0.109         0.042 / 0.109         0.042 / 0.109       ms
[2026-04-03T01:16:08.763+0600][11.145s][info][gc,stats    ]      Old Subphase: Concurrent Mark Root Uncolored                0.169 / 0.310         0.111 / 0.310         0.111 / 0.310         0.111 / 0.310       ms
[2026-04-03T01:16:08.763+0600][11.145s][info][gc,stats    ]      Old Subphase: Concurrent Mark Roots                         1.231 / 2.418         0.957 / 2.418         0.957 / 2.418         0.957 / 2.418       ms
[2026-04-03T01:16:08.763+0600][11.145s][info][gc,stats    ]      Old Subphase: Concurrent References Enqueue                 0.006 / 0.015         0.005 / 0.015         0.005 / 0.015         0.005 / 0.015       ms
[2026-04-03T01:16:08.763+0600][11.145s][info][gc,stats    ]      Old Subphase: Concurrent References Process                 1.101 / 2.999         0.842 / 2.999         0.842 / 2.999         0.842 / 2.999       ms
[2026-04-03T01:16:08.763+0600][11.145s][info][gc,stats    ]      Old Subphase: Concurrent Remap Remembered                  32.660 / 37.683       27.354 / 37.683       27.354 / 37.683       27.354 / 37.683      ms
[2026-04-03T01:16:08.763+0600][11.145s][info][gc,stats    ]      Old Subphase: Concurrent Remap Roots Colored                0.552 / 0.861         0.430 / 0.861         0.430 / 0.861         0.430 / 0.861       ms
[2026-04-03T01:16:08.763+0600][11.145s][info][gc,stats    ]      Old Subphase: Concurrent Remap Roots Uncolored              0.904 / 2.124         0.738 / 2.124         0.738 / 2.124         0.738 / 2.124       ms
[2026-04-03T01:16:08.763+0600][11.145s][info][gc,stats    ]      Old Subphase: Concurrent Roots ClassLoaderDataGraph         0.439 / 0.756         0.306 / 0.756         0.306 / 0.756         0.306 / 0.756       ms
[2026-04-03T01:16:08.763+0600][11.145s][info][gc,stats    ]      Old Subphase: Concurrent Roots CodeCache                    1.005 / 2.099         0.796 / 2.099         0.796 / 2.099         0.796 / 2.099       ms
[2026-04-03T01:16:08.763+0600][11.145s][info][gc,stats    ]      Old Subphase: Concurrent Roots JavaThreads                  0.057 / 0.309         0.042 / 0.309         0.042 / 0.309         0.042 / 0.309       ms
[2026-04-03T01:16:08.763+0600][11.145s][info][gc,stats    ]      Old Subphase: Concurrent Roots OopStorageSet                0.015 / 0.033         0.013 / 0.033         0.013 / 0.033         0.013 / 0.033       ms
[2026-04-03T01:16:08.763+0600][11.145s][info][gc,stats    ]      Old Subphase: Concurrent Weak Roots OopStorageSet           0.322 / 0.862         0.218 / 0.862         0.218 / 0.862         0.218 / 0.862       ms
[2026-04-03T01:16:08.763+0600][11.145s][info][gc,stats    ]            System: Java Threads                                     23 / 24               20 / 24               20 / 24               20 / 24          threads
[2026-04-03T01:16:08.763+0600][11.145s][info][gc,stats    ]  Young Generation: Young Generation                             91.431 / 94.488       91.431 / 94.488       91.431 / 94.488       91.431 / 94.488      ms
[2026-04-03T01:16:08.763+0600][11.145s][info][gc,stats    ]  Young Generation: Young Generation                            114.880 / 114.880     114.880 / 114.880     114.880 / 114.880     114.880 / 114.880     ms
[2026-04-03T01:16:08.763+0600][11.145s][info][gc,stats    ]  Young Generation: Young Generation (Collect Roots)              0.000 / 0.000         4.590 / 4.590         4.590 / 4.590         4.590 / 4.590       ms
[2026-04-03T01:16:08.763+0600][11.145s][info][gc,stats    ]  Young Generation: Young Generation (Promote All)                0.000 / 0.000        28.444 / 28.444       28.444 / 28.444       28.444 / 28.444      ms
[2026-04-03T01:16:08.763+0600][11.146s][info][gc,stats    ]       Young Pause: Pause Mark End                                0.039 / 0.053         0.033 / 0.053         0.033 / 0.053         0.033 / 0.053       ms
[2026-04-03T01:16:08.763+0600][11.146s][info][gc,stats    ]       Young Pause: Pause Mark Start                              0.042 / 0.042         0.044 / 0.047         0.044 / 0.047         0.044 / 0.047       ms
[2026-04-03T01:16:08.763+0600][11.146s][info][gc,stats    ]       Young Pause: Pause Mark Start (Major)                      0.036 / 0.045         0.031 / 0.045         0.031 / 0.045         0.031 / 0.045       ms
[2026-04-03T01:16:08.763+0600][11.146s][info][gc,stats    ]       Young Pause: Pause Relocate Start                          0.030 / 0.035         0.024 / 0.035         0.024 / 0.035         0.024 / 0.035       ms
[2026-04-03T01:16:08.763+0600][11.146s][info][gc,stats    ]       Young Phase: Concurrent Mark                              56.403 / 66.336       39.460 / 66.336       39.460 / 66.336       39.460 / 66.336      ms
[2026-04-03T01:16:08.763+0600][11.146s][info][gc,stats    ]       Young Phase: Concurrent Mark Continue                      0.000 / 0.000         0.000 / 0.000         0.000 / 0.000         0.000 / 0.000       ms
[2026-04-03T01:16:08.763+0600][11.146s][info][gc,stats    ]       Young Phase: Concurrent Mark Free                          0.003 / 0.006         0.029 / 0.161         0.029 / 0.161         0.029 / 0.161       ms
[2026-04-03T01:16:08.763+0600][11.146s][info][gc,stats    ]       Young Phase: Concurrent Relocate                          10.205 / 14.107        7.958 / 14.107        7.958 / 14.107        7.958 / 14.107      ms
[2026-04-03T01:16:08.763+0600][11.146s][info][gc,stats    ]       Young Phase: Concurrent Reset Relocation Set               0.011 / 0.017         0.008 / 0.017         0.008 / 0.017         0.008 / 0.017       ms
[2026-04-03T01:16:08.763+0600][11.146s][info][gc,stats    ]       Young Phase: Concurrent Select Relocation Set             16.968 / 25.851       13.505 / 25.851       13.505 / 25.851       13.505 / 25.851      ms
[2026-04-03T01:16:08.763+0600][11.146s][info][gc,stats    ]    Young Subphase: Concurrent Mark Follow                       50.412 / 60.960       34.786 / 60.960       34.786 / 60.960       34.786 / 60.960      ms
[2026-04-03T01:16:08.763+0600][11.146s][info][gc,stats    ]    Young Subphase: Concurrent Mark Root Colored                  1.034 / 1.799         1.160 / 2.035         1.160 / 2.035         1.160 / 2.035       ms
[2026-04-03T01:16:08.763+0600][11.146s][info][gc,stats    ]    Young Subphase: Concurrent Mark Root Uncolored                2.533 / 7.062         1.787 / 7.062         1.787 / 7.062         1.787 / 7.062       ms
[2026-04-03T01:16:08.763+0600][11.146s][info][gc,stats    ]    Young Subphase: Concurrent Mark Roots                         5.980 / 9.980         4.665 / 9.980         4.665 / 9.980         4.665 / 9.980       ms
[2026-04-03T01:16:08.763+0600][11.146s][info][gc,stats    ]    Young Subphase: Concurrent Relocate Remset FP                 0.055 / 0.070         0.321 / 1.691         0.321 / 1.691         0.321 / 1.691       ms
[2026-04-03T01:16:08.763+0600][11.146s][info][gc,stats    ]    Young Subphase: Concurrent Roots ClassLoaderDataGraph         0.686 / 0.952         0.880 / 1.601         0.880 / 1.601         0.880 / 1.601       ms
[2026-04-03T01:16:08.763+0600][11.146s][info][gc,stats    ]    Young Subphase: Concurrent Roots CodeCache                    2.011 / 6.620         1.399 / 6.620         1.399 / 6.620         1.399 / 6.620       ms
[2026-04-03T01:16:08.763+0600][11.146s][info][gc,stats    ]    Young Subphase: Concurrent Roots JavaThreads                  0.278 / 2.677         0.203 / 2.677         0.203 / 2.677         0.203 / 2.677       ms
[2026-04-03T01:16:08.763+0600][11.146s][info][gc,stats    ]    Young Subphase: Concurrent Roots OopStorageSet                0.035 / 0.048         0.046 / 0.130         0.046 / 0.130         0.046 / 0.130       ms
[2026-04-03T01:16:08.763+0600][11.146s][info][gc,stats    ]    Young Subphase: Concurrent Weak Roots OopStorageSet           0.756 / 1.114         0.505 / 1.114         0.505 / 1.114         0.505 / 1.114       ms
[2026-04-03T01:16:08.763+0600][11.146s][info][gc,stats    ] =========================================================================================================================================================
[2026-04-03T01:16:08.763+0600][11.146s][info][gc,heap,exit] Heap
[2026-04-03T01:16:08.763+0600][11.146s][info][gc,heap,exit]  ZHeap           used 1590M, capacity 2872M, max capacity 3922M
[2026-04-03T01:16:08.763+0600][11.146s][info][gc,heap,exit]  Metaspace       used 8346K, committed 8640K, reserved 1114112K
[2026-04-03T01:16:08.763+0600][11.146s][info][gc,heap,exit]   class space    used 979K, committed 1088K, reserved 1048576K
