[2026-04-03T01:25:09.098+0600][0.005s][info][gc,init] Initializing The Z Garbage Collector
[2026-04-03T01:25:09.098+0600][0.005s][info][gc,init] Version: 21.0.10+7-Ubuntu-124.04 (release)
[2026-04-03T01:25:09.098+0600][0.006s][info][gc,init] Using legacy single-generation mode
[2026-04-03T01:25:09.098+0600][0.006s][info][gc,init] NUMA Support: Disabled
[2026-04-03T01:25:09.098+0600][0.006s][info][gc,init] CPUs: 12 total, 12 available
[2026-04-03T01:25:09.098+0600][0.006s][info][gc,init] Memory: 15683M
[2026-04-03T01:25:09.098+0600][0.006s][info][gc,init] Large Page Support: Disabled
[2026-04-03T01:25:09.098+0600][0.006s][info][gc,init] GC Workers: 3 (dynamic)
[2026-04-03T01:25:09.099+0600][0.006s][info][gc,init] Address Space Type: Contiguous/Unrestricted/Complete
[2026-04-03T01:25:09.099+0600][0.007s][info][gc,init] Address Space Size: 62752M x 3 = 188256M
[2026-04-03T01:25:09.099+0600][0.007s][info][gc,init] Heap Backing File: /memfd:java_heap
[2026-04-03T01:25:09.099+0600][0.007s][info][gc,init] Heap Backing Filesystem: tmpfs (0x1021994)
[2026-04-03T01:25:09.100+0600][0.007s][info][gc,init] Min Capacity: 8M
[2026-04-03T01:25:09.100+0600][0.007s][info][gc,init] Initial Capacity: 246M
[2026-04-03T01:25:09.100+0600][0.007s][info][gc,init] Max Capacity: 3922M
[2026-04-03T01:25:09.100+0600][0.007s][info][gc,init] Medium Page Size: 32M
[2026-04-03T01:25:09.100+0600][0.007s][info][gc,init] Pre-touch: Disabled
[2026-04-03T01:25:09.100+0600][0.007s][info][gc,init] Available space on backing filesystem: N/A
[2026-04-03T01:25:09.101+0600][0.008s][info][gc,init] Uncommit: Enabled
[2026-04-03T01:25:09.101+0600][0.008s][info][gc,init] Uncommit Delay: 300s
[2026-04-03T01:25:09.192+0600][0.099s][info][gc,init] Runtime Workers: 8
[2026-04-03T01:25:09.194+0600][0.101s][info][gc     ] Using The Z Garbage Collector
[2026-04-03T01:25:09.205+0600][0.112s][info][gc,metaspace] CDS archive(s) mapped at: [0x000070a057000000-0x000070a057c9c000-0x000070a057c9c000), size 13221888, SharedBaseAddress: 0x000070a057000000, ArchiveRelocationMode: 1.
[2026-04-03T01:25:09.205+0600][0.112s][info][gc,metaspace] Compressed class space mapped at: 0x000070a058000000-0x000070a098000000, reserved size: 1073741824
[2026-04-03T01:25:09.205+0600][0.112s][info][gc,metaspace] Narrow klass base: 0x000070a057000000, Narrow klass shift: 0, Narrow klass range: 0x100000000
[2026-04-03T01:25:10.916+0600][1.823s][info][gc,start    ] GC(0) Garbage Collection (Warmup)
[2026-04-03T01:25:10.916+0600][1.823s][info][gc,task     ] GC(0) Using 3 workers
[2026-04-03T01:25:10.919+0600][1.826s][info][gc,phases   ] GC(0) Pause Mark Start 0.010ms
[2026-04-03T01:25:10.928+0600][1.835s][info][gc,phases   ] GC(0) Concurrent Mark 8.329ms
[2026-04-03T01:25:10.928+0600][1.835s][info][gc,phases   ] GC(0) Pause Mark End 0.017ms
[2026-04-03T01:25:10.928+0600][1.835s][info][gc,phases   ] GC(0) Concurrent Mark Free 0.001ms
[2026-04-03T01:25:10.930+0600][1.837s][info][gc,phases   ] GC(0) Concurrent Process Non-Strong References 2.005ms
[2026-04-03T01:25:10.930+0600][1.837s][info][gc,phases   ] GC(0) Concurrent Reset Relocation Set 0.001ms
[2026-04-03T01:25:10.939+0600][1.846s][info][gc,phases   ] GC(0) Concurrent Select Relocation Set 8.605ms
[2026-04-03T01:25:10.939+0600][1.846s][info][gc,phases   ] GC(0) Pause Relocate Start 0.012ms
[2026-04-03T01:25:10.946+0600][1.853s][info][gc,phases   ] GC(0) Concurrent Relocate 7.340ms
[2026-04-03T01:25:10.946+0600][1.854s][info][gc,load     ] GC(0) Load: 3.38/4.82/5.48
[2026-04-03T01:25:10.946+0600][1.854s][info][gc,mmu      ] GC(0) MMU: 2ms/99.1%, 5ms/99.7%, 10ms/99.7%, 20ms/99.8%, 50ms/99.9%, 100ms/100.0%
[2026-04-03T01:25:10.946+0600][1.854s][info][gc,marking  ] GC(0) Mark: 2 stripe(s), 2 proactive flush(es), 1 terminate flush(es), 0 completion(s), 0 continuation(s) 
[2026-04-03T01:25:10.946+0600][1.854s][info][gc,marking  ] GC(0) Mark Stack Usage: 32M
[2026-04-03T01:25:10.947+0600][1.854s][info][gc,nmethod  ] GC(0) NMethods: 1137 registered, 141 unregistered
[2026-04-03T01:25:10.947+0600][1.854s][info][gc,metaspace] GC(0) Metaspace: 12M used, 12M committed, 1088M reserved
[2026-04-03T01:25:10.947+0600][1.854s][info][gc,ref      ] GC(0) Soft: 239 encountered, 0 discovered, 0 enqueued
[2026-04-03T01:25:10.947+0600][1.854s][info][gc,ref      ] GC(0) Weak: 995 encountered, 728 discovered, 291 enqueued
[2026-04-03T01:25:10.947+0600][1.854s][info][gc,ref      ] GC(0) Final: 0 encountered, 0 discovered, 0 enqueued
[2026-04-03T01:25:10.947+0600][1.854s][info][gc,ref      ] GC(0) Phantom: 30 encountered, 14 discovered, 0 enqueued
[2026-04-03T01:25:10.947+0600][1.854s][info][gc,reloc    ] GC(0) Small Pages: 192 / 384M, Empty: 0M, Relocated: 4M, In-Place: 0
[2026-04-03T01:25:10.947+0600][1.854s][info][gc,reloc    ] GC(0) Medium Pages: 1 / 32M, Empty: 0M, Relocated: 0M, In-Place: 0
[2026-04-03T01:25:10.947+0600][1.854s][info][gc,reloc    ] GC(0) Large Pages: 0 / 0M, Empty: 0M, Relocated: 0M, In-Place: 0
[2026-04-03T01:25:10.947+0600][1.854s][info][gc,reloc    ] GC(0) Forwarding Usage: 1M
[2026-04-03T01:25:10.947+0600][1.854s][info][gc,heap     ] GC(0) Min Capacity: 8M(0%)
[2026-04-03T01:25:10.947+0600][1.854s][info][gc,heap     ] GC(0) Max Capacity: 3922M(100%)
[2026-04-03T01:25:10.947+0600][1.854s][info][gc,heap     ] GC(0) Soft Max Capacity: 3922M(100%)
[2026-04-03T01:25:10.947+0600][1.854s][info][gc,heap     ] GC(0)                Mark Start          Mark End        Relocate Start      Relocate End           High               Low         
[2026-04-03T01:25:10.947+0600][1.854s][info][gc,heap     ] GC(0)  Capacity:      416M (11%)         418M (11%)         418M (11%)         424M (11%)         424M (11%)         416M (11%)    
[2026-04-03T01:25:10.947+0600][1.854s][info][gc,heap     ] GC(0)      Free:     3506M (89%)        3504M (89%)        3504M (89%)        3882M (99%)        3882M (99%)        3498M (89%)    
[2026-04-03T01:25:10.947+0600][1.854s][info][gc,heap     ] GC(0)      Used:      416M (11%)         418M (11%)         418M (11%)          40M (1%)          424M (11%)          40M (1%)     
[2026-04-03T01:25:10.947+0600][1.854s][info][gc,heap     ] GC(0)      Live:         -                 5M (0%)            5M (0%)            5M (0%)             -                  -          
[2026-04-03T01:25:10.947+0600][1.854s][info][gc,heap     ] GC(0) Allocated:         -                 2M (0%)            2M (0%)            1M (0%)             -                  -          
[2026-04-03T01:25:10.947+0600][1.854s][info][gc,heap     ] GC(0)   Garbage:         -               410M (10%)         410M (10%)          32M (1%)             -                  -          
[2026-04-03T01:25:10.947+0600][1.854s][info][gc,heap     ] GC(0) Reclaimed:         -                  -                 0M (0%)          377M (10%)            -                  -          
[2026-04-03T01:25:10.947+0600][1.854s][info][gc          ] GC(0) Garbage Collection (Warmup) 416M(11%)->40M(1%)
[2026-04-03T01:25:13.764+0600][4.671s][info][gc,start    ] GC(1) Garbage Collection (Metadata GC Threshold)
[2026-04-03T01:25:13.764+0600][4.671s][info][gc,task     ] GC(1) Using 3 workers
[2026-04-03T01:25:13.764+0600][4.671s][info][gc,phases   ] GC(1) Pause Mark Start 0.008ms
[2026-04-03T01:25:13.781+0600][4.688s][info][gc,phases   ] GC(1) Concurrent Mark 16.414ms
[2026-04-03T01:25:13.781+0600][4.688s][info][gc,phases   ] GC(1) Pause Mark End 0.019ms
[2026-04-03T01:25:13.781+0600][4.688s][info][gc,phases   ] GC(1) Concurrent Mark Free 0.002ms
[2026-04-03T01:25:13.784+0600][4.691s][info][gc,phases   ] GC(1) Concurrent Process Non-Strong References 3.068ms
[2026-04-03T01:25:13.784+0600][4.691s][info][gc,phases   ] GC(1) Concurrent Reset Relocation Set 0.033ms
[2026-04-03T01:25:13.788+0600][4.695s][info][gc,phases   ] GC(1) Concurrent Select Relocation Set 3.350ms
[2026-04-03T01:25:13.788+0600][4.695s][info][gc,phases   ] GC(1) Pause Relocate Start 0.015ms
[2026-04-03T01:25:13.809+0600][4.716s][info][gc,phases   ] GC(1) Concurrent Relocate 21.233ms
[2026-04-03T01:25:13.809+0600][4.717s][info][gc,load     ] GC(1) Load: 3.38/4.82/5.48
[2026-04-03T01:25:13.810+0600][4.717s][info][gc,mmu      ] GC(1) MMU: 2ms/99.0%, 5ms/99.6%, 10ms/99.7%, 20ms/99.8%, 50ms/99.9%, 100ms/100.0%
[2026-04-03T01:25:13.810+0600][4.717s][info][gc,marking  ] GC(1) Mark: 2 stripe(s), 2 proactive flush(es), 1 terminate flush(es), 0 completion(s), 0 continuation(s) 
[2026-04-03T01:25:13.810+0600][4.717s][info][gc,marking  ] GC(1) Mark Stack Usage: 32M
[2026-04-03T01:25:13.810+0600][4.717s][info][gc,nmethod  ] GC(1) NMethods: 1730 registered, 117 unregistered
[2026-04-03T01:25:13.810+0600][4.717s][info][gc,metaspace] GC(1) Metaspace: 21M used, 21M committed, 1088M reserved
[2026-04-03T01:25:13.810+0600][4.717s][info][gc,ref      ] GC(1) Soft: 3498 encountered, 0 discovered, 0 enqueued
[2026-04-03T01:25:13.810+0600][4.717s][info][gc,ref      ] GC(1) Weak: 1187 encountered, 841 discovered, 179 enqueued
[2026-04-03T01:25:13.810+0600][4.717s][info][gc,ref      ] GC(1) Final: 0 encountered, 0 discovered, 0 enqueued
[2026-04-03T01:25:13.810+0600][4.717s][info][gc,ref      ] GC(1) Phantom: 563 encountered, 327 discovered, 0 enqueued
[2026-04-03T01:25:13.810+0600][4.717s][info][gc,reloc    ] GC(1) Small Pages: 61 / 122M, Empty: 0M, Relocated: 8M, In-Place: 0
[2026-04-03T01:25:13.810+0600][4.717s][info][gc,reloc    ] GC(1) Medium Pages: 2 / 64M, Empty: 0M, Relocated: 5M, In-Place: 0
[2026-04-03T01:25:13.810+0600][4.717s][info][gc,reloc    ] GC(1) Large Pages: 0 / 0M, Empty: 0M, Relocated: 0M, In-Place: 0
[2026-04-03T01:25:13.810+0600][4.717s][info][gc,reloc    ] GC(1) Forwarding Usage: 1M
[2026-04-03T01:25:13.810+0600][4.717s][info][gc,heap     ] GC(1) Min Capacity: 8M(0%)
[2026-04-03T01:25:13.810+0600][4.717s][info][gc,heap     ] GC(1) Max Capacity: 3922M(100%)
[2026-04-03T01:25:13.810+0600][4.717s][info][gc,heap     ] GC(1) Soft Max Capacity: 3922M(100%)
[2026-04-03T01:25:13.810+0600][4.717s][info][gc,heap     ] GC(1)                Mark Start          Mark End        Relocate Start      Relocate End           High               Low         
[2026-04-03T01:25:13.810+0600][4.717s][info][gc,heap     ] GC(1)  Capacity:      456M (12%)         456M (12%)         456M (12%)         488M (12%)         488M (12%)         456M (12%)    
[2026-04-03T01:25:13.810+0600][4.717s][info][gc,heap     ] GC(1)      Free:     3736M (95%)        3734M (95%)        3732M (95%)        3868M (99%)        3868M (99%)        3698M (94%)    
[2026-04-03T01:25:13.810+0600][4.717s][info][gc,heap     ] GC(1)      Used:      186M (5%)          188M (5%)          190M (5%)           54M (1%)          224M (6%)           54M (1%)     
[2026-04-03T01:25:13.810+0600][4.717s][info][gc,heap     ] GC(1)      Live:         -                19M (1%)           19M (1%)           19M (1%)             -                  -          
[2026-04-03T01:25:13.810+0600][4.717s][info][gc,heap     ] GC(1) Allocated:         -                 2M (0%)            4M (0%)            3M (0%)             -                  -          
[2026-04-03T01:25:13.810+0600][4.717s][info][gc,heap     ] GC(1)   Garbage:         -               166M (4%)          166M (4%)           30M (1%)             -                  -          
[2026-04-03T01:25:13.810+0600][4.717s][info][gc,heap     ] GC(1) Reclaimed:         -                  -                 0M (0%)          135M (3%)             -                  -          
[2026-04-03T01:25:13.810+0600][4.717s][info][gc          ] GC(1) Garbage Collection (Metadata GC Threshold) 186M(5%)->54M(1%)
[2026-04-03T01:25:16.744+0600][7.652s][info][gc,start    ] GC(2) Garbage Collection (Metadata GC Threshold)
[2026-04-03T01:25:16.744+0600][7.652s][info][gc,task     ] GC(2) Using 3 workers
[2026-04-03T01:25:16.745+0600][7.652s][info][gc,phases   ] GC(2) Pause Mark Start 0.008ms
[2026-04-03T01:25:16.762+0600][7.669s][info][gc,phases   ] GC(2) Concurrent Mark 17.268ms
[2026-04-03T01:25:16.762+0600][7.669s][info][gc,phases   ] GC(2) Pause Mark End 0.018ms
[2026-04-03T01:25:16.762+0600][7.669s][info][gc,phases   ] GC(2) Concurrent Mark Free 0.001ms
[2026-04-03T01:25:16.766+0600][7.673s][info][gc,phases   ] GC(2) Concurrent Process Non-Strong References 4.084ms
[2026-04-03T01:25:16.766+0600][7.674s][info][gc,phases   ] GC(2) Concurrent Reset Relocation Set 0.009ms
[2026-04-03T01:25:16.770+0600][7.677s][info][gc,phases   ] GC(2) Concurrent Select Relocation Set 3.662ms
[2026-04-03T01:25:16.771+0600][7.678s][info][gc,phases   ] GC(2) Pause Relocate Start 0.012ms
[2026-04-03T01:25:16.774+0600][7.681s][info][gc,phases   ] GC(2) Concurrent Relocate 3.139ms
[2026-04-03T01:25:16.774+0600][7.681s][info][gc,load     ] GC(2) Load: 3.19/4.76/5.46
[2026-04-03T01:25:16.774+0600][7.681s][info][gc,mmu      ] GC(2) MMU: 2ms/99.0%, 5ms/99.6%, 10ms/99.7%, 20ms/99.8%, 50ms/99.9%, 100ms/100.0%
[2026-04-03T01:25:16.774+0600][7.681s][info][gc,marking  ] GC(2) Mark: 2 stripe(s), 2 proactive flush(es), 1 terminate flush(es), 0 completion(s), 0 continuation(s) 
[2026-04-03T01:25:16.774+0600][7.681s][info][gc,marking  ] GC(2) Mark Stack Usage: 32M
[2026-04-03T01:25:16.774+0600][7.681s][info][gc,nmethod  ] GC(2) NMethods: 2509 registered, 303 unregistered
[2026-04-03T01:25:16.774+0600][7.681s][info][gc,metaspace] GC(2) Metaspace: 35M used, 35M committed, 1088M reserved
[2026-04-03T01:25:16.774+0600][7.681s][info][gc,ref      ] GC(2) Soft: 3852 encountered, 0 discovered, 0 enqueued
[2026-04-03T01:25:16.774+0600][7.681s][info][gc,ref      ] GC(2) Weak: 2512 encountered, 595 discovered, 474 enqueued
[2026-04-03T01:25:16.774+0600][7.681s][info][gc,ref      ] GC(2) Final: 80 encountered, 0 discovered, 0 enqueued
[2026-04-03T01:25:16.774+0600][7.681s][info][gc,ref      ] GC(2) Phantom: 568 encountered, 321 discovered, 1 enqueued
[2026-04-03T01:25:16.774+0600][7.681s][info][gc,reloc    ] GC(2) Small Pages: 80 / 160M, Empty: 2M, Relocated: 6M, In-Place: 0
[2026-04-03T01:25:16.774+0600][7.681s][info][gc,reloc    ] GC(2) Medium Pages: 2 / 64M, Empty: 32M, Relocated: 0M, In-Place: 0
[2026-04-03T01:25:16.774+0600][7.681s][info][gc,reloc    ] GC(2) Large Pages: 0 / 0M, Empty: 0M, Relocated: 0M, In-Place: 0
[2026-04-03T01:25:16.774+0600][7.681s][info][gc,reloc    ] GC(2) Forwarding Usage: 2M
[2026-04-03T01:25:16.774+0600][7.681s][info][gc,heap     ] GC(2) Min Capacity: 8M(0%)
[2026-04-03T01:25:16.774+0600][7.681s][info][gc,heap     ] GC(2) Max Capacity: 3922M(100%)
[2026-04-03T01:25:16.774+0600][7.681s][info][gc,heap     ] GC(2) Soft Max Capacity: 3922M(100%)
[2026-04-03T01:25:16.774+0600][7.681s][info][gc,heap     ] GC(2)                Mark Start          Mark End        Relocate Start      Relocate End           High               Low         
[2026-04-03T01:25:16.774+0600][7.681s][info][gc,heap     ] GC(2)  Capacity:      488M (12%)         488M (12%)         488M (12%)         488M (12%)         488M (12%)         488M (12%)    
[2026-04-03T01:25:16.774+0600][7.681s][info][gc,heap     ] GC(2)      Free:     3698M (94%)        3690M (94%)        3724M (95%)        3858M (98%)        3858M (98%)        3690M (94%)    
[2026-04-03T01:25:16.774+0600][7.681s][info][gc,heap     ] GC(2)      Used:      224M (6%)          232M (6%)          198M (5%)           64M (2%)          232M (6%)           64M (2%)     
[2026-04-03T01:25:16.774+0600][7.681s][info][gc,heap     ] GC(2)      Live:         -                24M (1%)           24M (1%)           24M (1%)             -                  -          
[2026-04-03T01:25:16.774+0600][7.681s][info][gc,heap     ] GC(2) Allocated:         -                 8M (0%)            8M (0%)            7M (0%)             -                  -          
[2026-04-03T01:25:16.774+0600][7.681s][info][gc,heap     ] GC(2)   Garbage:         -               199M (5%)          165M (4%)           31M (1%)             -                  -          
[2026-04-03T01:25:16.774+0600][7.681s][info][gc,heap     ] GC(2) Reclaimed:         -                  -                34M (1%)          167M (4%)             -                  -          
[2026-04-03T01:25:16.774+0600][7.681s][info][gc          ] GC(2) Garbage Collection (Metadata GC Threshold) 224M(6%)->64M(2%)
[2026-04-03T01:25:19.216+0600][10.123s][info][gc,stats    ] === Garbage Collection Statistics =======================================================================================================================
[2026-04-03T01:25:19.216+0600][10.123s][info][gc,stats    ]                                                              Last 10s              Last 10m              Last 10h                Total
[2026-04-03T01:25:19.216+0600][10.123s][info][gc,stats    ]                                                              Avg / Max             Avg / Max             Avg / Max             Avg / Max
[2026-04-03T01:25:19.216+0600][10.123s][info][gc,stats    ]   Collector: Garbage Collection Cycle                     35.327 / 45.634       35.327 / 45.634       35.327 / 45.634       35.327 / 45.634      ms
[2026-04-03T01:25:19.216+0600][10.123s][info][gc,stats    ]  Contention: Mark Segment Reset Contention                     0 / 0                 0 / 0                 0 / 0                 0 / 0           ops/s
[2026-04-03T01:25:19.216+0600][10.123s][info][gc,stats    ]  Contention: Mark SeqNum Reset Contention                      0 / 0                 0 / 0                 0 / 0                 0 / 0           ops/s
[2026-04-03T01:25:19.216+0600][10.123s][info][gc,stats    ]    Critical: Allocation Stall                                  0 / 0                 0 / 0                 0 / 0                 0 / 0           ops/s
[2026-04-03T01:25:19.216+0600][10.123s][info][gc,stats    ]    Critical: Allocation Stall                              0.000 / 0.000         0.000 / 0.000         0.000 / 0.000         0.000 / 0.000       ms
[2026-04-03T01:25:19.216+0600][10.123s][info][gc,stats    ]    Critical: GC Locker Stall                                   0 / 1                 0 / 1                 0 / 1                 0 / 1           ops/s
[2026-04-03T01:25:19.216+0600][10.123s][info][gc,stats    ]    Critical: GC Locker Stall                               0.013 / 0.026         0.013 / 0.026         0.013 / 0.026         0.013 / 0.026       ms
[2026-04-03T01:25:19.216+0600][10.123s][info][gc,stats    ]    Critical: Relocation Stall                                  0 / 0                 0 / 0                 0 / 0                 0 / 0           ops/s
[2026-04-03T01:25:19.216+0600][10.123s][info][gc,stats    ]    Critical: Relocation Stall                              0.000 / 0.000         0.000 / 0.000         0.000 / 0.000         0.000 / 0.000       ms
[2026-04-03T01:25:19.216+0600][10.123s][info][gc,stats    ]      Memory: Allocation Rate                                  91 / 238              91 / 238              91 / 238              91 / 238         MB/s
[2026-04-03T01:25:19.216+0600][10.123s][info][gc,stats    ]      Memory: Defragment                                        0 / 0                 0 / 0                 0 / 0                 0 / 0           ops/s
[2026-04-03T01:25:19.216+0600][10.123s][info][gc,stats    ]      Memory: Out Of Memory                                     0 / 0                 0 / 0                 0 / 0                 0 / 0           ops/s
[2026-04-03T01:25:19.216+0600][10.123s][info][gc,stats    ]      Memory: Page Cache Flush                                  0 / 0                 0 / 0                 0 / 0                 0 / 0           MB/s
[2026-04-03T01:25:19.216+0600][10.123s][info][gc,stats    ]      Memory: Page Cache Hit L1                                21 / 49               21 / 49               21 / 49               21 / 49          ops/s
[2026-04-03T01:25:19.216+0600][10.123s][info][gc,stats    ]      Memory: Page Cache Hit L2                                 0 / 0                 0 / 0                 0 / 0                 0 / 0           ops/s
[2026-04-03T01:25:19.216+0600][10.123s][info][gc,stats    ]      Memory: Page Cache Hit L3                                12 / 106              12 / 106              12 / 106              12 / 106         ops/s
[2026-04-03T01:25:19.216+0600][10.123s][info][gc,stats    ]      Memory: Page Cache Miss                                   7 / 75                7 / 75                7 / 75                7 / 75          ops/s
[2026-04-03T01:25:19.216+0600][10.123s][info][gc,stats    ]      Memory: Uncommit                                          0 / 0                 0 / 0                 0 / 0                 0 / 0           MB/s
[2026-04-03T01:25:19.216+0600][10.123s][info][gc,stats    ]      Memory: Undo Object Allocation Failed                     0 / 0                 0 / 0                 0 / 0                 0 / 0           ops/s
[2026-04-03T01:25:19.216+0600][10.123s][info][gc,stats    ]      Memory: Undo Object Allocation Succeeded                  0 / 0                 0 / 0                 0 / 0                 0 / 0           ops/s
[2026-04-03T01:25:19.216+0600][10.123s][info][gc,stats    ]      Memory: Undo Page Allocation                              0 / 0                 0 / 0                 0 / 0                 0 / 0           ops/s
[2026-04-03T01:25:19.216+0600][10.123s][info][gc,stats    ]       Phase: Concurrent Mark                              14.004 / 17.268       14.004 / 17.268       14.004 / 17.268       14.004 / 17.268      ms
[2026-04-03T01:25:19.216+0600][10.123s][info][gc,stats    ]       Phase: Concurrent Mark Continue                      0.000 / 0.000         0.000 / 0.000         0.000 / 0.000         0.000 / 0.000       ms
[2026-04-03T01:25:19.216+0600][10.123s][info][gc,stats    ]       Phase: Concurrent Mark Free                          0.001 / 0.002         0.001 / 0.002         0.001 / 0.002         0.001 / 0.002       ms
[2026-04-03T01:25:19.216+0600][10.123s][info][gc,stats    ]       Phase: Concurrent Process Non-Strong References      3.053 / 4.084         3.053 / 4.084         3.053 / 4.084         3.053 / 4.084       ms
[2026-04-03T01:25:19.216+0600][10.123s][info][gc,stats    ]       Phase: Concurrent Relocate                          10.571 / 21.233       10.571 / 21.233       10.571 / 21.233       10.571 / 21.233      ms
[2026-04-03T01:25:19.216+0600][10.123s][info][gc,stats    ]       Phase: Concurrent Reset Relocation Set               0.014 / 0.033         0.014 / 0.033         0.014 / 0.033         0.014 / 0.033       ms
[2026-04-03T01:25:19.216+0600][10.123s][info][gc,stats    ]       Phase: Concurrent Select Relocation Set              5.206 / 8.605         5.206 / 8.605         5.206 / 8.605         5.206 / 8.605       ms
[2026-04-03T01:25:19.216+0600][10.123s][info][gc,stats    ]       Phase: Pause Mark End                                0.018 / 0.019         0.018 / 0.019         0.018 / 0.019         0.018 / 0.019       ms
[2026-04-03T01:25:19.216+0600][10.123s][info][gc,stats    ]       Phase: Pause Mark Start                              0.009 / 0.010         0.009 / 0.010         0.009 / 0.010         0.009 / 0.010       ms
[2026-04-03T01:25:19.216+0600][10.123s][info][gc,stats    ]       Phase: Pause Relocate Start                          0.013 / 0.015         0.013 / 0.015         0.013 / 0.015         0.013 / 0.015       ms
[2026-04-03T01:25:19.216+0600][10.123s][info][gc,stats    ]    Subphase: Concurrent Classes Purge                      0.279 / 0.305         0.279 / 0.305         0.279 / 0.305         0.279 / 0.305       ms
[2026-04-03T01:25:19.216+0600][10.123s][info][gc,stats    ]    Subphase: Concurrent Classes Unlink                     1.702 / 2.333         1.702 / 2.333         1.702 / 2.333         1.702 / 2.333       ms
[2026-04-03T01:25:19.216+0600][10.123s][info][gc,stats    ]    Subphase: Concurrent Mark                              12.312 / 16.093       12.312 / 16.093       12.312 / 16.093       12.312 / 16.093      ms
[2026-04-03T01:25:19.216+0600][10.123s][info][gc,stats    ]    Subphase: Concurrent Mark Try Flush                     0.183 / 0.304         0.183 / 0.304         0.183 / 0.304         0.183 / 0.304       ms
[2026-04-03T01:25:19.216+0600][10.123s][info][gc,stats    ]    Subphase: Concurrent Mark Try Terminate                 0.623 / 1.199         0.623 / 1.199         0.623 / 1.199         0.623 / 1.199       ms
[2026-04-03T01:25:19.216+0600][10.123s][info][gc,stats    ]    Subphase: Concurrent References Enqueue                 0.004 / 0.005         0.004 / 0.005         0.004 / 0.005         0.004 / 0.005       ms
[2026-04-03T01:25:19.216+0600][10.123s][info][gc,stats    ]    Subphase: Concurrent References Process                 0.239 / 0.248         0.239 / 0.248         0.239 / 0.248         0.239 / 0.248       ms
[2026-04-03T01:25:19.216+0600][10.123s][info][gc,stats    ]    Subphase: Concurrent Roots ClassLoaderDataGraph         0.154 / 0.368         0.154 / 0.368         0.154 / 0.368         0.154 / 0.368       ms
[2026-04-03T01:25:19.216+0600][10.123s][info][gc,stats    ]    Subphase: Concurrent Roots CodeCache                    0.000 / 0.000         0.000 / 0.000         0.000 / 0.000         0.000 / 0.000       ms
[2026-04-03T01:25:19.216+0600][10.123s][info][gc,stats    ]    Subphase: Concurrent Roots JavaThreads                  0.599 / 1.825         0.599 / 1.825         0.599 / 1.825         0.599 / 1.825       ms
[2026-04-03T01:25:19.216+0600][10.123s][info][gc,stats    ]    Subphase: Concurrent Roots OopStorageSet                0.051 / 0.090         0.051 / 0.090         0.051 / 0.090         0.051 / 0.090       ms
[2026-04-03T01:25:19.216+0600][10.123s][info][gc,stats    ]    Subphase: Concurrent Weak Roots OopStorageSet           0.363 / 0.499         0.363 / 0.499         0.363 / 0.499         0.363 / 0.499       ms
[2026-04-03T01:25:19.216+0600][10.123s][info][gc,stats    ]    Subphase: Pause Mark Try Complete                       0.000 / 0.000         0.000 / 0.000         0.000 / 0.000         0.000 / 0.000       ms
[2026-04-03T01:25:19.216+0600][10.123s][info][gc,stats    ]      System: Java Threads                                     15 / 27               15 / 27               15 / 27               15 / 27          threads
[2026-04-03T01:25:19.216+0600][10.123s][info][gc,stats    ] =========================================================================================================================================================
[2026-04-03T01:25:20.977+0600][11.884s][info][gc,start    ] GC(3) Garbage Collection (Metadata GC Threshold)
[2026-04-03T01:25:20.977+0600][11.884s][info][gc,task     ] GC(3) Using 3 workers
[2026-04-03T01:25:20.978+0600][11.885s][info][gc,phases   ] GC(3) Pause Mark Start 0.009ms
[2026-04-03T01:25:21.005+0600][11.912s][info][gc,phases   ] GC(3) Concurrent Mark 27.554ms
[2026-04-03T01:25:21.006+0600][11.913s][info][gc,phases   ] GC(3) Pause Mark End 0.022ms
[2026-04-03T01:25:21.006+0600][11.913s][info][gc,phases   ] GC(3) Concurrent Mark Free 0.001ms
[2026-04-03T01:25:21.015+0600][11.922s][info][gc,phases   ] GC(3) Concurrent Process Non-Strong References 8.589ms
[2026-04-03T01:25:21.015+0600][11.922s][info][gc,phases   ] GC(3) Concurrent Reset Relocation Set 0.009ms
[2026-04-03T01:25:21.018+0600][11.925s][info][gc,phases   ] GC(3) Concurrent Select Relocation Set 2.976ms
[2026-04-03T01:25:21.018+0600][11.925s][info][gc,phases   ] GC(3) Pause Relocate Start 0.014ms
[2026-04-03T01:25:21.035+0600][11.942s][info][gc,phases   ] GC(3) Concurrent Relocate 16.794ms
[2026-04-03T01:25:21.035+0600][11.942s][info][gc,load     ] GC(3) Load: 3.09/4.71/5.44
[2026-04-03T01:25:21.035+0600][11.942s][info][gc,mmu      ] GC(3) MMU: 2ms/98.9%, 5ms/99.6%, 10ms/99.7%, 20ms/99.8%, 50ms/99.9%, 100ms/100.0%
[2026-04-03T01:25:21.035+0600][11.942s][info][gc,marking  ] GC(3) Mark: 2 stripe(s), 3 proactive flush(es), 1 terminate flush(es), 0 completion(s), 0 continuation(s) 
[2026-04-03T01:25:21.035+0600][11.942s][info][gc,marking  ] GC(3) Mark Stack Usage: 32M
[2026-04-03T01:25:21.035+0600][11.942s][info][gc,nmethod  ] GC(3) NMethods: 3219 registered, 146 unregistered
[2026-04-03T01:25:21.035+0600][11.942s][info][gc,metaspace] GC(3) Metaspace: 59M used, 60M committed, 1088M reserved
[2026-04-03T01:25:21.035+0600][11.942s][info][gc,ref      ] GC(3) Soft: 4376 encountered, 0 discovered, 0 enqueued
[2026-04-03T01:25:21.035+0600][11.942s][info][gc,ref      ] GC(3) Weak: 4576 encountered, 1626 discovered, 972 enqueued
[2026-04-03T01:25:21.035+0600][11.942s][info][gc,ref      ] GC(3) Final: 84 encountered, 0 discovered, 0 enqueued
[2026-04-03T01:25:21.035+0600][11.942s][info][gc,ref      ] GC(3) Phantom: 583 encountered, 378 discovered, 0 enqueued
[2026-04-03T01:25:21.035+0600][11.942s][info][gc,reloc    ] GC(3) Small Pages: 108 / 216M, Empty: 0M, Relocated: 10M, In-Place: 0
[2026-04-03T01:25:21.035+0600][11.942s][info][gc,reloc    ] GC(3) Medium Pages: 2 / 64M, Empty: 0M, Relocated: 5M, In-Place: 0
[2026-04-03T01:25:21.035+0600][11.942s][info][gc,reloc    ] GC(3) Large Pages: 0 / 0M, Empty: 0M, Relocated: 0M, In-Place: 0
[2026-04-03T01:25:21.035+0600][11.942s][info][gc,reloc    ] GC(3) Forwarding Usage: 2M
[2026-04-03T01:25:21.035+0600][11.942s][info][gc,heap     ] GC(3) Min Capacity: 8M(0%)
[2026-04-03T01:25:21.035+0600][11.942s][info][gc,heap     ] GC(3) Max Capacity: 3922M(100%)
[2026-04-03T01:25:21.035+0600][11.942s][info][gc,heap     ] GC(3) Soft Max Capacity: 3922M(100%)
[2026-04-03T01:25:21.035+0600][11.942s][info][gc,heap     ] GC(3)                Mark Start          Mark End        Relocate Start      Relocate End           High               Low         
[2026-04-03T01:25:21.035+0600][11.942s][info][gc,heap     ] GC(3)  Capacity:      488M (12%)         488M (12%)         488M (12%)         520M (13%)         520M (13%)         488M (12%)    
[2026-04-03T01:25:21.035+0600][11.942s][info][gc,heap     ] GC(3)      Free:     3642M (93%)        3608M (92%)        3608M (92%)        3822M (97%)        3822M (97%)        3574M (91%)    
[2026-04-03T01:25:21.035+0600][11.942s][info][gc,heap     ] GC(3)      Used:      280M (7%)          314M (8%)          314M (8%)          100M (3%)          348M (9%)          100M (3%)     
[2026-04-03T01:25:21.035+0600][11.942s][info][gc,heap     ] GC(3)      Live:         -                33M (1%)           33M (1%)           33M (1%)             -                  -          
[2026-04-03T01:25:21.035+0600][11.942s][info][gc,heap     ] GC(3) Allocated:         -                34M (1%)           34M (1%)           34M (1%)             -                  -          
[2026-04-03T01:25:21.035+0600][11.942s][info][gc,heap     ] GC(3)   Garbage:         -               246M (6%)          246M (6%)           31M (1%)             -                  -          
[2026-04-03T01:25:21.035+0600][11.942s][info][gc,heap     ] GC(3) Reclaimed:         -                  -                 0M (0%)          214M (5%)             -                  -          
[2026-04-03T01:25:21.035+0600][11.942s][info][gc          ] GC(3) Garbage Collection (Metadata GC Threshold) 280M(7%)->100M(3%)
[2026-04-03T01:25:22.853+0600][13.760s][info][gc,start    ] GC(4) Garbage Collection (System.gc())
[2026-04-03T01:25:22.853+0600][13.760s][info][gc,task     ] GC(4) Using 3 workers
[2026-04-03T01:25:22.853+0600][13.760s][info][gc,phases   ] GC(4) Pause Mark Start 0.008ms
[2026-04-03T01:25:22.879+0600][13.786s][info][gc,phases   ] GC(4) Concurrent Mark 25.685ms
[2026-04-03T01:25:22.879+0600][13.786s][info][gc,phases   ] GC(4) Pause Mark End 0.023ms
[2026-04-03T01:25:22.879+0600][13.786s][info][gc,phases   ] GC(4) Concurrent Mark Free 0.001ms
[2026-04-03T01:25:22.884+0600][13.791s][info][gc,phases   ] GC(4) Concurrent Process Non-Strong References 4.891ms
[2026-04-03T01:25:22.884+0600][13.791s][info][gc,phases   ] GC(4) Concurrent Reset Relocation Set 0.019ms
[2026-04-03T01:25:22.887+0600][13.795s][info][gc,phases   ] GC(4) Concurrent Select Relocation Set 3.196ms
[2026-04-03T01:25:22.888+0600][13.795s][info][gc,phases   ] GC(4) Pause Relocate Start 0.011ms
[2026-04-03T01:25:22.892+0600][13.799s][info][gc,phases   ] GC(4) Concurrent Relocate 4.450ms
[2026-04-03T01:25:22.892+0600][13.799s][info][gc,load     ] GC(4) Load: 3.09/4.71/5.44
[2026-04-03T01:25:22.892+0600][13.799s][info][gc,mmu      ] GC(4) MMU: 2ms/98.8%, 5ms/99.5%, 10ms/99.7%, 20ms/99.8%, 50ms/99.9%, 100ms/100.0%
[2026-04-03T01:25:22.892+0600][13.799s][info][gc,marking  ] GC(4) Mark: 2 stripe(s), 1 proactive flush(es), 1 terminate flush(es), 0 completion(s), 0 continuation(s) 
[2026-04-03T01:25:22.892+0600][13.799s][info][gc,marking  ] GC(4) Mark Stack Usage: 32M
[2026-04-03T01:25:22.892+0600][13.799s][info][gc,nmethod  ] GC(4) NMethods: 3602 registered, 287 unregistered
[2026-04-03T01:25:22.892+0600][13.799s][info][gc,metaspace] GC(4) Metaspace: 81M used, 82M committed, 1152M reserved
[2026-04-03T01:25:22.892+0600][13.800s][info][gc,ref      ] GC(4) Soft: 4570 encountered, 0 discovered, 0 enqueued
[2026-04-03T01:25:22.892+0600][13.800s][info][gc,ref      ] GC(4) Weak: 5490 encountered, 1335 discovered, 1210 enqueued
[2026-04-03T01:25:22.892+0600][13.800s][info][gc,ref      ] GC(4) Final: 84 encountered, 0 discovered, 0 enqueued
[2026-04-03T01:25:22.892+0600][13.800s][info][gc,ref      ] GC(4) Phantom: 583 encountered, 458 discovered, 0 enqueued
[2026-04-03T01:25:22.892+0600][13.800s][info][gc,reloc    ] GC(4) Small Pages: 85 / 170M, Empty: 0M, Relocated: 6M, In-Place: 0
[2026-04-03T01:25:22.892+0600][13.800s][info][gc,reloc    ] GC(4) Medium Pages: 2 / 64M, Empty: 0M, Relocated: 5M, In-Place: 0
[2026-04-03T01:25:22.892+0600][13.800s][info][gc,reloc    ] GC(4) Large Pages: 0 / 0M, Empty: 0M, Relocated: 0M, In-Place: 0
[2026-04-03T01:25:22.892+0600][13.800s][info][gc,reloc    ] GC(4) Forwarding Usage: 2M
[2026-04-03T01:25:22.892+0600][13.800s][info][gc,heap     ] GC(4) Min Capacity: 8M(0%)
[2026-04-03T01:25:22.892+0600][13.800s][info][gc,heap     ] GC(4) Max Capacity: 3922M(100%)
[2026-04-03T01:25:22.893+0600][13.800s][info][gc,heap     ] GC(4) Soft Max Capacity: 3922M(100%)
[2026-04-03T01:25:22.893+0600][13.800s][info][gc,heap     ] GC(4)                Mark Start          Mark End        Relocate Start      Relocate End           High               Low         
[2026-04-03T01:25:22.893+0600][13.800s][info][gc,heap     ] GC(4)  Capacity:      520M (13%)         520M (13%)         520M (13%)         520M (13%)         520M (13%)         520M (13%)    
[2026-04-03T01:25:22.893+0600][13.800s][info][gc,heap     ] GC(4)      Free:     3688M (94%)        3688M (94%)        3686M (94%)        3848M (98%)        3848M (98%)        3654M (93%)    
[2026-04-03T01:25:22.893+0600][13.800s][info][gc,heap     ] GC(4)      Used:      234M (6%)          234M (6%)          236M (6%)           74M (2%)          268M (7%)           74M (2%)     
[2026-04-03T01:25:22.893+0600][13.800s][info][gc,heap     ] GC(4)      Live:         -                39M (1%)           39M (1%)           39M (1%)             -                  -          
[2026-04-03T01:25:22.893+0600][13.800s][info][gc,heap     ] GC(4) Allocated:         -                 0M (0%)            2M (0%)            2M (0%)             -                  -          
[2026-04-03T01:25:22.893+0600][13.800s][info][gc,heap     ] GC(4)   Garbage:         -               194M (5%)          194M (5%)           32M (1%)             -                  -          
[2026-04-03T01:25:22.893+0600][13.800s][info][gc,heap     ] GC(4) Reclaimed:         -                  -                 0M (0%)          162M (4%)             -                  -          
[2026-04-03T01:25:22.893+0600][13.800s][info][gc          ] GC(4) Garbage Collection (System.gc()) 234M(6%)->74M(2%)
[2026-04-03T01:25:27.716+0600][18.623s][info][gc,start    ] GC(5) Garbage Collection (Warmup)
[2026-04-03T01:25:27.716+0600][18.623s][info][gc,task     ] GC(5) Using 3 workers
[2026-04-03T01:25:27.717+0600][18.624s][info][gc,phases   ] GC(5) Pause Mark Start 0.016ms
[2026-04-03T01:25:27.777+0600][18.684s][info][gc,phases   ] GC(5) Concurrent Mark 59.205ms
[2026-04-03T01:25:27.781+0600][18.688s][info][gc,phases   ] GC(5) Pause Mark End 0.024ms
[2026-04-03T01:25:27.782+0600][18.689s][info][gc,phases   ] GC(5) Concurrent Mark Free 0.003ms
[2026-04-03T01:25:27.811+0600][18.718s][info][gc,phases   ] GC(5) Concurrent Process Non-Strong References 29.338ms
[2026-04-03T01:25:27.811+0600][18.718s][info][gc,phases   ] GC(5) Concurrent Reset Relocation Set 0.009ms
[2026-04-03T01:25:27.822+0600][18.729s][info][gc,phases   ] GC(5) Concurrent Select Relocation Set 10.458ms
[2026-04-03T01:25:27.825+0600][18.732s][info][gc,phases   ] GC(5) Pause Relocate Start 0.017ms
[2026-04-03T01:25:27.876+0600][18.784s][info][gc,phases   ] GC(5) Concurrent Relocate 51.089ms
[2026-04-03T01:25:27.877+0600][18.784s][info][gc,load     ] GC(5) Load: 3.09/4.68/5.42
[2026-04-03T01:25:27.877+0600][18.784s][info][gc,mmu      ] GC(5) MMU: 2ms/98.8%, 5ms/99.5%, 10ms/99.7%, 20ms/99.8%, 50ms/99.9%, 100ms/100.0%
[2026-04-03T01:25:27.877+0600][18.784s][info][gc,marking  ] GC(5) Mark: 2 stripe(s), 2 proactive flush(es), 1 terminate flush(es), 0 completion(s), 0 continuation(s) 
[2026-04-03T01:25:27.877+0600][18.784s][info][gc,marking  ] GC(5) Mark Stack Usage: 32M
[2026-04-03T01:25:27.877+0600][18.784s][info][gc,nmethod  ] GC(5) NMethods: 6300 registered, 542 unregistered
[2026-04-03T01:25:27.877+0600][18.784s][info][gc,metaspace] GC(5) Metaspace: 113M used, 115M committed, 1152M reserved
[2026-04-03T01:25:27.877+0600][18.784s][info][gc,ref      ] GC(5) Soft: 5433 encountered, 0 discovered, 0 enqueued
[2026-04-03T01:25:27.877+0600][18.784s][info][gc,ref      ] GC(5) Weak: 15813 encountered, 5388 discovered, 3867 enqueued
[2026-04-03T01:25:27.877+0600][18.784s][info][gc,ref      ] GC(5) Final: 84 encountered, 0 discovered, 0 enqueued
[2026-04-03T01:25:27.877+0600][18.784s][info][gc,ref      ] GC(5) Phantom: 599 encountered, 319 discovered, 1 enqueued
[2026-04-03T01:25:27.877+0600][18.784s][info][gc,reloc    ] GC(5) Small Pages: 412 / 824M, Empty: 334M, Relocated: 15M, In-Place: 0
[2026-04-03T01:25:27.877+0600][18.784s][info][gc,reloc    ] GC(5) Medium Pages: 2 / 64M, Empty: 0M, Relocated: 16M, In-Place: 0
[2026-04-03T01:25:27.877+0600][18.784s][info][gc,reloc    ] GC(5) Large Pages: 2 / 12M, Empty: 12M, Relocated: 0M, In-Place: 0
[2026-04-03T01:25:27.877+0600][18.784s][info][gc,reloc    ] GC(5) Forwarding Usage: 5M
[2026-04-03T01:25:27.877+0600][18.784s][info][gc,heap     ] GC(5) Min Capacity: 8M(0%)
[2026-04-03T01:25:27.877+0600][18.784s][info][gc,heap     ] GC(5) Max Capacity: 3922M(100%)
[2026-04-03T01:25:27.877+0600][18.784s][info][gc,heap     ] GC(5) Soft Max Capacity: 3922M(100%)
[2026-04-03T01:25:27.877+0600][18.784s][info][gc,heap     ] GC(5)                Mark Start          Mark End        Relocate Start      Relocate End           High               Low         
[2026-04-03T01:25:27.877+0600][18.784s][info][gc,heap     ] GC(5)  Capacity:      900M (23%)         974M (25%)        1018M (26%)        1114M (28%)        1114M (28%)         900M (23%)    
[2026-04-03T01:25:27.877+0600][18.784s][info][gc,heap     ] GC(5)      Free:     3022M (77%)        2948M (75%)        3246M (83%)        3634M (93%)        3634M (93%)        2920M (74%)    
[2026-04-03T01:25:27.877+0600][18.784s][info][gc,heap     ] GC(5)      Used:      900M (23%)         974M (25%)         676M (17%)         288M (7%)         1002M (26%)         288M (7%)     
[2026-04-03T01:25:27.877+0600][18.784s][info][gc,heap     ] GC(5)      Live:         -                62M (2%)           62M (2%)           62M (2%)             -                  -          
[2026-04-03T01:25:27.877+0600][18.784s][info][gc,heap     ] GC(5) Allocated:         -                74M (2%)          122M (3%)          203M (5%)             -                  -          
[2026-04-03T01:25:27.877+0600][18.784s][info][gc,heap     ] GC(5)   Garbage:         -               837M (21%)         491M (13%)          22M (1%)             -                  -          
[2026-04-03T01:25:27.877+0600][18.784s][info][gc,heap     ] GC(5) Reclaimed:         -                  -               346M (9%)          815M (21%)            -                  -          
[2026-04-03T01:25:27.877+0600][18.784s][info][gc          ] GC(5) Garbage Collection (Warmup) 900M(23%)->288M(7%)
[2026-04-03T01:25:29.216+0600][20.123s][info][gc,stats    ] === Garbage Collection Statistics =======================================================================================================================
[2026-04-03T01:25:29.216+0600][20.123s][info][gc,stats    ]                                                              Last 10s              Last 10m              Last 10h                Total
[2026-04-03T01:25:29.216+0600][20.123s][info][gc,stats    ]                                                              Avg / Max             Avg / Max             Avg / Max             Avg / Max
[2026-04-03T01:25:29.216+0600][20.123s][info][gc,stats    ]   Collector: Garbage Collection Cycle                     85.870 / 160.509      60.598 / 160.509      60.598 / 160.509      60.598 / 160.509     ms
[2026-04-03T01:25:29.216+0600][20.123s][info][gc,stats    ]  Contention: Mark Segment Reset Contention                     0 / 1                 0 / 1                 0 / 1                 0 / 1           ops/s
[2026-04-03T01:25:29.216+0600][20.123s][info][gc,stats    ]  Contention: Mark SeqNum Reset Contention                      0 / 0                 0 / 0                 0 / 0                 0 / 0           ops/s
[2026-04-03T01:25:29.216+0600][20.123s][info][gc,stats    ]    Critical: Allocation Stall                                  0 / 0                 0 / 0                 0 / 0                 0 / 0           ops/s
[2026-04-03T01:25:29.216+0600][20.123s][info][gc,stats    ]    Critical: Allocation Stall                              0.000 / 0.000         0.000 / 0.000         0.000 / 0.000         0.000 / 0.000       ms
[2026-04-03T01:25:29.216+0600][20.123s][info][gc,stats    ]    Critical: GC Locker Stall                                   0 / 0                 0 / 1                 0 / 1                 0 / 1           ops/s
[2026-04-03T01:25:29.216+0600][20.123s][info][gc,stats    ]    Critical: GC Locker Stall                               0.000 / 0.000         0.013 / 0.026         0.013 / 0.026         0.013 / 0.026       ms
[2026-04-03T01:25:29.216+0600][20.123s][info][gc,stats    ]    Critical: Relocation Stall                                  0 / 0                 0 / 0                 0 / 0                 0 / 0           ops/s
[2026-04-03T01:25:29.216+0600][20.123s][info][gc,stats    ]    Critical: Relocation Stall                              0.000 / 0.000         0.000 / 0.000         0.000 / 0.000         0.000 / 0.000       ms
[2026-04-03T01:25:29.216+0600][20.123s][info][gc,stats    ]      Memory: Allocation Rate                                 172 / 952             131 / 952             131 / 952             131 / 952         MB/s
[2026-04-03T01:25:29.216+0600][20.123s][info][gc,stats    ]      Memory: Defragment                                        2 / 26                1 / 26                1 / 26                1 / 26          ops/s
[2026-04-03T01:25:29.216+0600][20.123s][info][gc,stats    ]      Memory: Out Of Memory                                     0 / 0                 0 / 0                 0 / 0                 0 / 0           ops/s
[2026-04-03T01:25:29.216+0600][20.123s][info][gc,stats    ]      Memory: Page Cache Flush                                  5 / 52                2 / 52                2 / 52                2 / 52          MB/s
[2026-04-03T01:25:29.216+0600][20.123s][info][gc,stats    ]      Memory: Page Cache Hit L1                                52 / 195              36 / 195              36 / 195              36 / 195         ops/s
[2026-04-03T01:25:29.216+0600][20.123s][info][gc,stats    ]      Memory: Page Cache Hit L2                                 0 / 0                 0 / 0                 0 / 0                 0 / 0           ops/s
[2026-04-03T01:25:29.216+0600][20.123s][info][gc,stats    ]      Memory: Page Cache Hit L3                                 2 / 24                7 / 106               7 / 106               7 / 106         ops/s
[2026-04-03T01:25:29.216+0600][20.123s][info][gc,stats    ]      Memory: Page Cache Miss                                  24 / 237              16 / 237              16 / 237              16 / 237         ops/s
[2026-04-03T01:25:29.216+0600][20.123s][info][gc,stats    ]      Memory: Uncommit                                          0 / 0                 0 / 0                 0 / 0                 0 / 0           MB/s
[2026-04-03T01:25:29.216+0600][20.123s][info][gc,stats    ]      Memory: Undo Object Allocation Failed                     0 / 0                 0 / 0                 0 / 0                 0 / 0           ops/s
[2026-04-03T01:25:29.216+0600][20.123s][info][gc,stats    ]      Memory: Undo Object Allocation Succeeded                  0 / 2                 0 / 2                 0 / 2                 0 / 2           ops/s
[2026-04-03T01:25:29.216+0600][20.123s][info][gc,stats    ]      Memory: Undo Page Allocation                              0 / 1                 0 / 1                 0 / 1                 0 / 1           ops/s
[2026-04-03T01:25:29.216+0600][20.123s][info][gc,stats    ]       Phase: Concurrent Mark                              37.481 / 59.205       25.743 / 59.205       25.743 / 59.205       25.743 / 59.205      ms
[2026-04-03T01:25:29.216+0600][20.123s][info][gc,stats    ]       Phase: Concurrent Mark Continue                      0.000 / 0.000         0.000 / 0.000         0.000 / 0.000         0.000 / 0.000       ms
[2026-04-03T01:25:29.216+0600][20.123s][info][gc,stats    ]       Phase: Concurrent Mark Free                          0.002 / 0.003         0.002 / 0.003         0.002 / 0.003         0.002 / 0.003       ms
[2026-04-03T01:25:29.216+0600][20.123s][info][gc,stats    ]       Phase: Concurrent Process Non-Strong References     14.273 / 29.338        8.663 / 29.338        8.663 / 29.338        8.663 / 29.338      ms
[2026-04-03T01:25:29.216+0600][20.123s][info][gc,stats    ]       Phase: Concurrent Relocate                          24.111 / 51.089       17.341 / 51.089       17.341 / 51.089       17.341 / 51.089      ms
[2026-04-03T01:25:29.216+0600][20.123s][info][gc,stats    ]       Phase: Concurrent Reset Relocation Set               0.012 / 0.019         0.013 / 0.033         0.013 / 0.033         0.013 / 0.033       ms
[2026-04-03T01:25:29.216+0600][20.123s][info][gc,stats    ]       Phase: Concurrent Select Relocation Set              5.543 / 10.458        5.374 / 10.458        5.374 / 10.458        5.374 / 10.458      ms
[2026-04-03T01:25:29.216+0600][20.123s][info][gc,stats    ]       Phase: Pause Mark End                                0.023 / 0.024         0.021 / 0.024         0.021 / 0.024         0.021 / 0.024       ms
[2026-04-03T01:25:29.216+0600][20.123s][info][gc,stats    ]       Phase: Pause Mark Start                              0.011 / 0.016         0.010 / 0.016         0.010 / 0.016         0.010 / 0.016       ms
[2026-04-03T01:25:29.216+0600][20.123s][info][gc,stats    ]       Phase: Pause Relocate Start                          0.014 / 0.017         0.013 / 0.017         0.013 / 0.017         0.013 / 0.017       ms
[2026-04-03T01:25:29.216+0600][20.123s][info][gc,stats    ]    Subphase: Concurrent Classes Purge                      0.649 / 1.415         0.464 / 1.415         0.464 / 1.415         0.464 / 1.415       ms
[2026-04-03T01:25:29.216+0600][20.123s][info][gc,stats    ]    Subphase: Concurrent Classes Unlink                     9.944 / 23.237        5.823 / 23.237        5.823 / 23.237        5.823 / 23.237      ms
[2026-04-03T01:25:29.216+0600][20.123s][info][gc,stats    ]    Subphase: Concurrent Mark                              35.423 / 56.530       23.868 / 56.530       23.868 / 56.530       23.868 / 56.530      ms
[2026-04-03T01:25:29.216+0600][20.123s][info][gc,stats    ]    Subphase: Concurrent Mark Try Flush                     0.684 / 2.316         0.433 / 2.316         0.433 / 2.316         0.433 / 2.316       ms
[2026-04-03T01:25:29.216+0600][20.123s][info][gc,stats    ]    Subphase: Concurrent Mark Try Terminate                 0.743 / 1.163         0.693 / 1.199         0.693 / 1.199         0.693 / 1.199       ms
[2026-04-03T01:25:29.216+0600][20.123s][info][gc,stats    ]    Subphase: Concurrent References Enqueue                 0.007 / 0.012         0.006 / 0.012         0.006 / 0.012         0.006 / 0.012       ms
[2026-04-03T01:25:29.216+0600][20.123s][info][gc,stats    ]    Subphase: Concurrent References Process                 0.458 / 0.716         0.349 / 0.716         0.349 / 0.716         0.349 / 0.716       ms
[2026-04-03T01:25:29.216+0600][20.123s][info][gc,stats    ]    Subphase: Concurrent Roots ClassLoaderDataGraph         0.220 / 0.619         0.191 / 0.619         0.191 / 0.619         0.191 / 0.619       ms
[2026-04-03T01:25:29.216+0600][20.123s][info][gc,stats    ]    Subphase: Concurrent Roots CodeCache                    0.000 / 0.000         0.000 / 0.000         0.000 / 0.000         0.000 / 0.000       ms
[2026-04-03T01:25:29.216+0600][20.123s][info][gc,stats    ]    Subphase: Concurrent Roots JavaThreads                  0.983 / 2.131         0.803 / 2.131         0.803 / 2.131         0.803 / 2.131       ms
[2026-04-03T01:25:29.216+0600][20.123s][info][gc,stats    ]    Subphase: Concurrent Roots OopStorageSet                0.062 / 0.093         0.056 / 0.093         0.056 / 0.093         0.056 / 0.093       ms
[2026-04-03T01:25:29.216+0600][20.123s][info][gc,stats    ]    Subphase: Concurrent Weak Roots OopStorageSet           0.956 / 1.244         0.659 / 1.244         0.659 / 1.244         0.659 / 1.244       ms
[2026-04-03T01:25:29.216+0600][20.123s][info][gc,stats    ]    Subphase: Pause Mark Try Complete                       0.000 / 0.000         0.000 / 0.000         0.000 / 0.000         0.000 / 0.000       ms
[2026-04-03T01:25:29.216+0600][20.123s][info][gc,stats    ]      System: Java Threads                                     56 / 59               35 / 59               35 / 59               35 / 59          threads
[2026-04-03T01:25:29.216+0600][20.123s][info][gc,stats    ] =========================================================================================================================================================
[2026-04-03T01:25:31.516+0600][22.423s][info][gc,start    ] GC(6) Garbage Collection (Warmup)
[2026-04-03T01:25:31.516+0600][22.423s][info][gc,task     ] GC(6) Using 3 workers
[2026-04-03T01:25:31.516+0600][22.423s][info][gc,phases   ] GC(6) Pause Mark Start 0.016ms
[2026-04-03T01:25:31.627+0600][22.534s][info][gc,phases   ] GC(6) Concurrent Mark 111.046ms
[2026-04-03T01:25:31.628+0600][22.535s][info][gc,phases   ] GC(6) Pause Mark End 0.028ms
[2026-04-03T01:25:31.628+0600][22.535s][info][gc,phases   ] GC(6) Concurrent Mark Free 0.004ms
[2026-04-03T01:25:31.681+0600][22.588s][info][gc,phases   ] GC(6) Concurrent Process Non-Strong References 52.623ms
[2026-04-03T01:25:31.681+0600][22.588s][info][gc,phases   ] GC(6) Concurrent Reset Relocation Set 0.030ms
[2026-04-03T01:25:31.687+0600][22.594s][info][gc,phases   ] GC(6) Concurrent Select Relocation Set 5.929ms
[2026-04-03T01:25:31.688+0600][22.595s][info][gc,phases   ] GC(6) Pause Relocate Start 0.020ms
[2026-04-03T01:25:31.724+0600][22.632s][info][gc,phases   ] GC(6) Concurrent Relocate 36.625ms
[2026-04-03T01:25:31.725+0600][22.632s][info][gc,load     ] GC(6) Load: 3.24/4.69/5.42
[2026-04-03T01:25:31.725+0600][22.632s][info][gc,mmu      ] GC(6) MMU: 2ms/98.6%, 5ms/99.4%, 10ms/99.7%, 20ms/99.8%, 50ms/99.9%, 100ms/100.0%
[2026-04-03T01:25:31.725+0600][22.632s][info][gc,marking  ] GC(6) Mark: 2 stripe(s), 3 proactive flush(es), 1 terminate flush(es), 0 completion(s), 0 continuation(s) 
[2026-04-03T01:25:31.725+0600][22.632s][info][gc,marking  ] GC(6) Mark Stack Usage: 32M
[2026-04-03T01:25:31.725+0600][22.632s][info][gc,nmethod  ] GC(6) NMethods: 9453 registered, 1190 unregistered
[2026-04-03T01:25:31.725+0600][22.632s][info][gc,metaspace] GC(6) Metaspace: 127M used, 128M committed, 1152M reserved
[2026-04-03T01:25:31.725+0600][22.632s][info][gc,ref      ] GC(6) Soft: 6695 encountered, 0 discovered, 0 enqueued
[2026-04-03T01:25:31.725+0600][22.632s][info][gc,ref      ] GC(6) Weak: 17399 encountered, 5449 discovered, 2632 enqueued
[2026-04-03T01:25:31.725+0600][22.632s][info][gc,ref      ] GC(6) Final: 84 encountered, 0 discovered, 0 enqueued
[2026-04-03T01:25:31.725+0600][22.632s][info][gc,ref      ] GC(6) Phantom: 601 encountered, 394 discovered, 1 enqueued
[2026-04-03T01:25:31.725+0600][22.632s][info][gc,reloc    ] GC(6) Small Pages: 504 / 1008M, Empty: 608M, Relocated: 15M, In-Place: 0
[2026-04-03T01:25:31.725+0600][22.632s][info][gc,reloc    ] GC(6) Medium Pages: 4 / 128M, Empty: 32M, Relocated: 23M, In-Place: 0
[2026-04-03T01:25:31.725+0600][22.632s][info][gc,reloc    ] GC(6) Large Pages: 9 / 60M, Empty: 60M, Relocated: 0M, In-Place: 0
[2026-04-03T01:25:31.725+0600][22.632s][info][gc,reloc    ] GC(6) Forwarding Usage: 5M
[2026-04-03T01:25:31.725+0600][22.632s][info][gc,heap     ] GC(6) Min Capacity: 8M(0%)
[2026-04-03T01:25:31.725+0600][22.632s][info][gc,heap     ] GC(6) Max Capacity: 3922M(100%)
[2026-04-03T01:25:31.725+0600][22.632s][info][gc,heap     ] GC(6) Soft Max Capacity: 3922M(100%)
[2026-04-03T01:25:31.725+0600][22.632s][info][gc,heap     ] GC(6)                Mark Start          Mark End        Relocate Start      Relocate End           High               Low         
[2026-04-03T01:25:31.725+0600][22.632s][info][gc,heap     ] GC(6)  Capacity:     1196M (30%)        1210M (31%)        1212M (31%)        1244M (32%)        1244M (32%)        1196M (30%)    
[2026-04-03T01:25:31.725+0600][22.632s][info][gc,heap     ] GC(6)      Free:     2726M (70%)        2712M (69%)        3410M (87%)        3774M (96%)        3774M (96%)        2710M (69%)    
[2026-04-03T01:25:31.725+0600][22.632s][info][gc,heap     ] GC(6)      Used:     1196M (30%)        1210M (31%)         512M (13%)         148M (4%)         1212M (31%)         148M (4%)     
[2026-04-03T01:25:31.725+0600][22.632s][info][gc,heap     ] GC(6)      Live:         -                79M (2%)           79M (2%)           79M (2%)             -                  -          
[2026-04-03T01:25:31.725+0600][22.632s][info][gc,heap     ] GC(6) Allocated:         -                14M (0%)           16M (0%)           53M (1%)             -                  -          
[2026-04-03T01:25:31.725+0600][22.632s][info][gc,heap     ] GC(6)   Garbage:         -              1116M (28%)         416M (11%)          14M (0%)             -                  -          
[2026-04-03T01:25:31.725+0600][22.632s][info][gc,heap     ] GC(6) Reclaimed:         -                  -               700M (18%)        1101M (28%)            -                  -          
[2026-04-03T01:25:31.725+0600][22.632s][info][gc          ] GC(6) Garbage Collection (Warmup) 1196M(30%)->148M(4%)
[2026-04-03T01:25:33.745+0600][24.653s][info][gc,start    ] GC(7) Garbage Collection (System.gc())
[2026-04-03T01:25:33.746+0600][24.653s][info][gc,task     ] GC(7) Using 3 workers
[2026-04-03T01:25:33.746+0600][24.653s][info][gc,phases   ] GC(7) Pause Mark Start 0.013ms
[2026-04-03T01:25:33.812+0600][24.719s][info][gc,phases   ] GC(7) Concurrent Mark 66.259ms
[2026-04-03T01:25:33.813+0600][24.720s][info][gc,phases   ] GC(7) Pause Mark End 0.032ms
[2026-04-03T01:25:33.813+0600][24.720s][info][gc,phases   ] GC(7) Concurrent Mark Free 0.004ms
[2026-04-03T01:25:33.840+0600][24.747s][info][gc,phases   ] GC(7) Concurrent Process Non-Strong References 27.414ms
[2026-04-03T01:25:33.840+0600][24.747s][info][gc,phases   ] GC(7) Concurrent Reset Relocation Set 0.013ms
[2026-04-03T01:25:33.843+0600][24.750s][info][gc,phases   ] GC(7) Concurrent Select Relocation Set 2.930ms
[2026-04-03T01:25:33.843+0600][24.750s][info][gc,phases   ] GC(7) Pause Relocate Start 0.015ms
[2026-04-03T01:25:33.847+0600][24.754s][info][gc,phases   ] GC(7) Concurrent Relocate 3.601ms
[2026-04-03T01:25:33.847+0600][24.754s][info][gc,load     ] GC(7) Load: 3.24/4.69/5.42
[2026-04-03T01:25:33.847+0600][24.754s][info][gc,mmu      ] GC(7) MMU: 2ms/98.4%, 5ms/99.4%, 10ms/99.7%, 20ms/99.8%, 50ms/99.9%, 100ms/99.9%
[2026-04-03T01:25:33.847+0600][24.754s][info][gc,marking  ] GC(7) Mark: 2 stripe(s), 3 proactive flush(es), 1 terminate flush(es), 0 completion(s), 0 continuation(s) 
[2026-04-03T01:25:33.847+0600][24.754s][info][gc,marking  ] GC(7) Mark Stack Usage: 32M
[2026-04-03T01:25:33.847+0600][24.754s][info][gc,nmethod  ] GC(7) NMethods: 10475 registered, 495 unregistered
[2026-04-03T01:25:33.847+0600][24.754s][info][gc,metaspace] GC(7) Metaspace: 129M used, 130M committed, 1152M reserved
[2026-04-03T01:25:33.847+0600][24.754s][info][gc,ref      ] GC(7) Soft: 6847 encountered, 0 discovered, 0 enqueued
[2026-04-03T01:25:33.847+0600][24.754s][info][gc,ref      ] GC(7) Weak: 16114 encountered, 4078 discovered, 845 enqueued
[2026-04-03T01:25:33.847+0600][24.754s][info][gc,ref      ] GC(7) Final: 84 encountered, 0 discovered, 0 enqueued
[2026-04-03T01:25:33.847+0600][24.754s][info][gc,ref      ] GC(7) Phantom: 600 encountered, 492 discovered, 0 enqueued
[2026-04-03T01:25:33.847+0600][24.754s][info][gc,reloc    ] GC(7) Small Pages: 615 / 1230M, Empty: 962M, Relocated: 3M, In-Place: 0
[2026-04-03T01:25:33.847+0600][24.754s][info][gc,reloc    ] GC(7) Medium Pages: 2 / 64M, Empty: 32M, Relocated: 0M, In-Place: 0
[2026-04-03T01:25:33.847+0600][24.754s][info][gc,reloc    ] GC(7) Large Pages: 8 / 48M, Empty: 48M, Relocated: 0M, In-Place: 0
[2026-04-03T01:25:33.847+0600][24.754s][info][gc,reloc    ] GC(7) Forwarding Usage: 0M
[2026-04-03T01:25:33.847+0600][24.754s][info][gc,heap     ] GC(7) Min Capacity: 8M(0%)
[2026-04-03T01:25:33.847+0600][24.754s][info][gc,heap     ] GC(7) Max Capacity: 3922M(100%)
[2026-04-03T01:25:33.847+0600][24.754s][info][gc,heap     ] GC(7) Soft Max Capacity: 3922M(100%)
[2026-04-03T01:25:33.847+0600][24.754s][info][gc,heap     ] GC(7)                Mark Start          Mark End        Relocate Start      Relocate End           High               Low         
[2026-04-03T01:25:33.847+0600][24.754s][info][gc,heap     ] GC(7)  Capacity:     1342M (34%)        1342M (34%)        1344M (34%)        1344M (34%)        1344M (34%)        1342M (34%)    
[2026-04-03T01:25:33.847+0600][24.754s][info][gc,heap     ] GC(7)      Free:     2580M (66%)        2580M (66%)        3616M (92%)        3816M (97%)        3816M (97%)        2578M (66%)    
[2026-04-03T01:25:33.847+0600][24.754s][info][gc,heap     ] GC(7)      Used:     1342M (34%)        1342M (34%)         306M (8%)          106M (3%)         1344M (34%)         106M (3%)     
[2026-04-03T01:25:33.847+0600][24.755s][info][gc,heap     ] GC(7)      Live:         -                78M (2%)           78M (2%)           78M (2%)             -                  -          
[2026-04-03T01:25:33.847+0600][24.755s][info][gc,heap     ] GC(7) Allocated:         -                 0M (0%)            6M (0%)            9M (0%)             -                  -          
[2026-04-03T01:25:33.847+0600][24.755s][info][gc,heap     ] GC(7)   Garbage:         -              1263M (32%)         221M (6%)           17M (0%)             -                  -          
[2026-04-03T01:25:33.847+0600][24.755s][info][gc,heap     ] GC(7) Reclaimed:         -                  -              1042M (27%)        1245M (32%)            -                  -          
[2026-04-03T01:25:33.847+0600][24.755s][info][gc          ] GC(7) Garbage Collection (System.gc()) 1342M(34%)->106M(3%)
[2026-04-03T01:25:36.102+0600][27.009s][info][gc,start    ] GC(8) Garbage Collection (System.gc())
[2026-04-03T01:25:36.102+0600][27.009s][info][gc,task     ] GC(8) Using 3 workers
[2026-04-03T01:25:36.103+0600][27.010s][info][gc,phases   ] GC(8) Pause Mark Start 0.012ms
[2026-04-03T01:25:36.157+0600][27.064s][info][gc,phases   ] GC(8) Concurrent Mark 54.113ms
[2026-04-03T01:25:36.157+0600][27.065s][info][gc,phases   ] GC(8) Pause Mark End 0.044ms
[2026-04-03T01:25:36.158+0600][27.065s][info][gc,phases   ] GC(8) Concurrent Mark Free 0.003ms
[2026-04-03T01:25:36.191+0600][27.098s][info][gc,phases   ] GC(8) Concurrent Process Non-Strong References 32.860ms
[2026-04-03T01:25:36.191+0600][27.098s][info][gc,phases   ] GC(8) Concurrent Reset Relocation Set 0.025ms
[2026-04-03T01:25:36.194+0600][27.101s][info][gc,phases   ] GC(8) Concurrent Select Relocation Set 3.124ms
[2026-04-03T01:25:36.194+0600][27.101s][info][gc,phases   ] GC(8) Pause Relocate Start 0.016ms
[2026-04-03T01:25:36.199+0600][27.106s][info][gc,phases   ] GC(8) Concurrent Relocate 4.440ms
[2026-04-03T01:25:36.199+0600][27.106s][info][gc,load     ] GC(8) Load: 3.30/4.68/5.41
[2026-04-03T01:25:36.199+0600][27.106s][info][gc,mmu      ] GC(8) MMU: 2ms/97.8%, 5ms/99.1%, 10ms/99.6%, 20ms/99.8%, 50ms/99.9%, 100ms/99.9%
[2026-04-03T01:25:36.199+0600][27.106s][info][gc,marking  ] GC(8) Mark: 2 stripe(s), 2 proactive flush(es), 1 terminate flush(es), 0 completion(s), 0 continuation(s) 
[2026-04-03T01:25:36.199+0600][27.106s][info][gc,marking  ] GC(8) Mark Stack Usage: 32M
[2026-04-03T01:25:36.199+0600][27.106s][info][gc,nmethod  ] GC(8) NMethods: 11567 registered, 376 unregistered
[2026-04-03T01:25:36.199+0600][27.106s][info][gc,metaspace] GC(8) Metaspace: 129M used, 131M committed, 1152M reserved
[2026-04-03T01:25:36.199+0600][27.106s][info][gc,ref      ] GC(8) Soft: 6847 encountered, 0 discovered, 0 enqueued
[2026-04-03T01:25:36.199+0600][27.106s][info][gc,ref      ] GC(8) Weak: 16747 encountered, 4249 discovered, 1296 enqueued
[2026-04-03T01:25:36.199+0600][27.106s][info][gc,ref      ] GC(8) Final: 84 encountered, 0 discovered, 0 enqueued
[2026-04-03T01:25:36.199+0600][27.106s][info][gc,ref      ] GC(8) Phantom: 600 encountered, 479 discovered, 0 enqueued
[2026-04-03T01:25:36.199+0600][27.106s][info][gc,reloc    ] GC(8) Small Pages: 821 / 1642M, Empty: 1350M, Relocated: 5M, In-Place: 0
[2026-04-03T01:25:36.199+0600][27.106s][info][gc,reloc    ] GC(8) Medium Pages: 3 / 96M, Empty: 64M, Relocated: 0M, In-Place: 0
[2026-04-03T01:25:36.199+0600][27.106s][info][gc,reloc    ] GC(8) Large Pages: 14 / 84M, Empty: 84M, Relocated: 0M, In-Place: 0
[2026-04-03T01:25:36.199+0600][27.106s][info][gc,reloc    ] GC(8) Forwarding Usage: 1M
[2026-04-03T01:25:36.199+0600][27.106s][info][gc,heap     ] GC(8) Min Capacity: 8M(0%)
[2026-04-03T01:25:36.199+0600][27.106s][info][gc,heap     ] GC(8) Max Capacity: 3922M(100%)
[2026-04-03T01:25:36.199+0600][27.106s][info][gc,heap     ] GC(8) Soft Max Capacity: 3922M(100%)
[2026-04-03T01:25:36.199+0600][27.106s][info][gc,heap     ] GC(8)                Mark Start          Mark End        Relocate Start      Relocate End           High               Low         
[2026-04-03T01:25:36.199+0600][27.106s][info][gc,heap     ] GC(8)  Capacity:     1822M (46%)        1834M (47%)        1834M (47%)        1834M (47%)        1834M (47%)        1822M (46%)    
[2026-04-03T01:25:36.199+0600][27.106s][info][gc,heap     ] GC(8)      Free:     2100M (54%)        2088M (53%)        3586M (91%)        3812M (97%)        3812M (97%)        2088M (53%)    
[2026-04-03T01:25:36.199+0600][27.106s][info][gc,heap     ] GC(8)      Used:     1822M (46%)        1834M (47%)         336M (9%)          110M (3%)         1834M (47%)         110M (3%)     
[2026-04-03T01:25:36.199+0600][27.106s][info][gc,heap     ] GC(8)      Live:         -                79M (2%)           79M (2%)           79M (2%)             -                  -          
[2026-04-03T01:25:36.199+0600][27.106s][info][gc,heap     ] GC(8) Allocated:         -                12M (0%)           12M (0%)           15M (0%)             -                  -          
[2026-04-03T01:25:36.199+0600][27.106s][info][gc,heap     ] GC(8)   Garbage:         -              1742M (44%)         244M (6%)           14M (0%)             -                  -          
[2026-04-03T01:25:36.199+0600][27.106s][info][gc,heap     ] GC(8) Reclaimed:         -                  -              1498M (38%)        1727M (44%)            -                  -          
[2026-04-03T01:25:36.199+0600][27.106s][info][gc          ] GC(8) Garbage Collection (System.gc()) 1822M(46%)->110M(3%)
[2026-04-03T01:25:38.448+0600][29.355s][info][gc,heap,exit] Heap
[2026-04-03T01:25:38.448+0600][29.355s][info][gc,heap,exit]  ZHeap           used 1876M, capacity 1876M, max capacity 3922M
[2026-04-03T01:25:38.448+0600][29.355s][info][gc,heap,exit]  Metaspace       used 134402K, committed 135936K, reserved 1179648K
[2026-04-03T01:25:38.448+0600][29.355s][info][gc,heap,exit]   class space    used 17578K, committed 18304K, reserved 1048576K
