[2026-04-03T01:24:38.300+0600][0.005s][info][gc,init] Initializing The Z Garbage Collector
[2026-04-03T01:24:38.300+0600][0.005s][info][gc,init] Version: 21.0.10+7-Ubuntu-124.04 (release)
[2026-04-03T01:24:38.300+0600][0.005s][info][gc,init] NUMA Support: Disabled
[2026-04-03T01:24:38.300+0600][0.006s][info][gc,init] CPUs: 12 total, 12 available
[2026-04-03T01:24:38.301+0600][0.006s][info][gc,init] Memory: 15683M
[2026-04-03T01:24:38.301+0600][0.006s][info][gc,init] Large Page Support: Disabled
[2026-04-03T01:24:38.301+0600][0.006s][info][gc,init] Address Space Type: Contiguous/Unrestricted/Complete
[2026-04-03T01:24:38.301+0600][0.006s][info][gc,init] Address Space Size: 62752M
[2026-04-03T01:24:38.301+0600][0.006s][info][gc,init] Heap Backing File: /memfd:java_heap
[2026-04-03T01:24:38.301+0600][0.006s][info][gc,init] Heap Backing Filesystem: tmpfs (0x1021994)
[2026-04-03T01:24:38.301+0600][0.006s][info][gc,init] Min Capacity: 8M
[2026-04-03T01:24:38.301+0600][0.006s][info][gc,init] Initial Capacity: 246M
[2026-04-03T01:24:38.301+0600][0.006s][info][gc,init] Max Capacity: 3922M
[2026-04-03T01:24:38.301+0600][0.006s][info][gc,init] Soft Max Capacity: 3529M
[2026-04-03T01:24:38.301+0600][0.006s][info][gc,init] Medium Page Size: 32M
[2026-04-03T01:24:38.301+0600][0.006s][info][gc,init] Pre-touch: Disabled
[2026-04-03T01:24:38.301+0600][0.006s][info][gc,init] Available space on backing filesystem: N/A
[2026-04-03T01:24:38.302+0600][0.007s][info][gc,init] Uncommit: Enabled
[2026-04-03T01:24:38.302+0600][0.007s][info][gc,init] Uncommit Delay: 300s
[2026-04-03T01:24:38.302+0600][0.007s][info][gc,init] GC Workers for Old Generation: 3 (dynamic)
[2026-04-03T01:24:38.303+0600][0.008s][info][gc,init] GC Workers for Young Generation: 3 (dynamic)
[2026-04-03T01:24:38.391+0600][0.096s][info][gc,init] GC Workers Max: 3 (dynamic)
[2026-04-03T01:24:38.391+0600][0.096s][info][gc,init] Runtime Workers: 8
[2026-04-03T01:24:38.392+0600][0.097s][info][gc     ] Using The Z Garbage Collector
[2026-04-03T01:24:38.404+0600][0.109s][info][gc,metaspace] CDS archive(s) mapped at: [0x00007f7143000000-0x00007f7143c9c000-0x00007f7143c9c000), size 13221888, SharedBaseAddress: 0x00007f7143000000, ArchiveRelocationMode: 1.
[2026-04-03T01:24:38.404+0600][0.109s][info][gc,metaspace] Compressed class space mapped at: 0x00007f7144000000-0x00007f7184000000, reserved size: 1073741824
[2026-04-03T01:24:38.404+0600][0.109s][info][gc,metaspace] Narrow klass base: 0x00007f7143000000, Narrow klass shift: 0, Narrow klass range: 0x100000000
[2026-04-03T01:24:39.777+0600][1.482s][info][gc          ] GC(0) Major Collection (Warmup)
[2026-04-03T01:24:39.777+0600][1.482s][info][gc,task     ] GC(0) Using 3 Workers for Young Generation
[2026-04-03T01:24:39.777+0600][1.482s][info][gc,task     ] GC(0) Using 2 Workers for Old Generation
[2026-04-03T01:24:39.777+0600][1.482s][info][gc,phases   ] GC(0) Y: Young Generation
[2026-04-03T01:24:39.777+0600][1.482s][info][gc,phases   ] GC(0) Y: Pause Mark Start (Major) 0.015ms
[2026-04-03T01:24:39.786+0600][1.491s][info][gc,phases   ] GC(0) Y: Concurrent Mark 8.265ms
[2026-04-03T01:24:39.786+0600][1.491s][info][gc,phases   ] GC(0) Y: Pause Mark End 0.020ms
[2026-04-03T01:24:39.786+0600][1.491s][info][gc,phases   ] GC(0) Y: Concurrent Mark Free 0.001ms
[2026-04-03T01:24:39.786+0600][1.491s][info][gc,phases   ] GC(0) Y: Concurrent Reset Relocation Set 0.001ms
[2026-04-03T01:24:39.793+0600][1.498s][info][gc,reloc    ] GC(0) Y: Using tenuring threshold: 1 (Computed)
[2026-04-03T01:24:39.794+0600][1.499s][info][gc,phases   ] GC(0) Y: Concurrent Select Relocation Set 7.788ms
[2026-04-03T01:24:39.794+0600][1.499s][info][gc,phases   ] GC(0) Y: Pause Relocate Start 0.018ms
[2026-04-03T01:24:39.801+0600][1.506s][info][gc,phases   ] GC(0) Y: Concurrent Relocate 7.009ms
[2026-04-03T01:24:39.801+0600][1.506s][info][gc,alloc    ] GC(0) Y:                         Mark Start        Mark End      Relocate Start    Relocate End   
[2026-04-03T01:24:39.801+0600][1.506s][info][gc,alloc    ] GC(0) Y: Allocation Stalls:          0                0                0                0         
[2026-04-03T01:24:39.801+0600][1.506s][info][gc,load     ] GC(0) Y: Load: 3.11 (26%) / 4.94 (41%) / 5.54 (46%)
[2026-04-03T01:24:39.801+0600][1.506s][info][gc,mmu      ] GC(0) Y: MMU: 2ms/99.0%, 5ms/99.6%, 10ms/99.6%, 20ms/99.7%, 50ms/99.9%, 100ms/99.9%
[2026-04-03T01:24:39.801+0600][1.506s][info][gc,marking  ] GC(0) Y: Mark: 2 stripe(s), 2 proactive flush(es), 1 terminate flush(es), 0 completion(s), 0 continuation(s) 
[2026-04-03T01:24:39.801+0600][1.506s][info][gc,marking  ] GC(0) Y: Mark Stack Usage: 32M
[2026-04-03T01:24:39.801+0600][1.506s][info][gc,nmethod  ] GC(0) Y: NMethods: 1214 registered, 0 unregistered
[2026-04-03T01:24:39.801+0600][1.506s][info][gc,metaspace] GC(0) Y: Metaspace: 11M used, 11M committed, 1088M reserved
[2026-04-03T01:24:39.801+0600][1.506s][info][gc,reloc    ] GC(0) Y:                        Candidates     Selected     In-Place         Size        Empty    Relocated 
[2026-04-03T01:24:39.801+0600][1.506s][info][gc,reloc    ] GC(0) Y: Small Pages:                  178          175            0         356M           0M           2M 
[2026-04-03T01:24:39.801+0600][1.506s][info][gc,reloc    ] GC(0) Y: Medium Pages:                   0            0            0           0M           0M           0M 
[2026-04-03T01:24:39.801+0600][1.506s][info][gc,reloc    ] GC(0) Y: Large Pages:                    0            0            0           0M           0M           0M 
[2026-04-03T01:24:39.801+0600][1.506s][info][gc,reloc    ] GC(0) Y: Forwarding Usage: 1M
[2026-04-03T01:24:39.801+0600][1.507s][info][gc,reloc    ] GC(0) Y: Age Table:
[2026-04-03T01:24:39.801+0600][1.507s][info][gc,reloc    ] GC(0) Y:                    Live             Garbage             Small              Medium             Large        
[2026-04-03T01:24:39.801+0600][1.507s][info][gc,reloc    ] GC(0) Y: Eden               4M (0%)          351M (9%)         178 / 175            0 / 0              0 / 0        
[2026-04-03T01:24:39.801+0600][1.507s][info][gc,heap     ] GC(0) Y: Min Capacity: 8M(0%)
[2026-04-03T01:24:39.801+0600][1.507s][info][gc,heap     ] GC(0) Y: Max Capacity: 3922M(100%)
[2026-04-03T01:24:39.801+0600][1.507s][info][gc,heap     ] GC(0) Y: Soft Max Capacity: 3529M(90%)
[2026-04-03T01:24:39.802+0600][1.507s][info][gc,heap     ] GC(0) Y: Heap Statistics:
[2026-04-03T01:24:39.802+0600][1.507s][info][gc,heap     ] GC(0) Y:                Mark Start          Mark End        Relocate Start      Relocate End           High               Low         
[2026-04-03T01:24:39.802+0600][1.507s][info][gc,heap     ] GC(0) Y:  Capacity:      356M (9%)          360M (9%)          364M (9%)          372M (9%)          372M (9%)          356M (9%)     
[2026-04-03T01:24:39.802+0600][1.507s][info][gc,heap     ] GC(0) Y:      Free:     3566M (91%)        3562M (91%)        3558M (91%)        3904M (100%)       3904M (100%)       3550M (91%)    
[2026-04-03T01:24:39.802+0600][1.507s][info][gc,heap     ] GC(0) Y:      Used:      356M (9%)          360M (9%)          364M (9%)           18M (0%)          372M (9%)           18M (0%)     
[2026-04-03T01:24:39.802+0600][1.507s][info][gc,heap     ] GC(0) Y: Young Generation Statistics:
[2026-04-03T01:24:39.802+0600][1.507s][info][gc,heap     ] GC(0) Y:                Mark Start          Mark End        Relocate Start      Relocate End    
[2026-04-03T01:24:39.802+0600][1.507s][info][gc,heap     ] GC(0) Y:      Used:      356M (9%)          360M (9%)          364M (9%)           18M (0%)     
[2026-04-03T01:24:39.802+0600][1.507s][info][gc,heap     ] GC(0) Y:      Live:         -                 4M (0%)            4M (0%)            4M (0%)     
[2026-04-03T01:24:39.802+0600][1.507s][info][gc,heap     ] GC(0) Y:   Garbage:         -               351M (9%)          351M (9%)            0M (0%)     
[2026-04-03T01:24:39.802+0600][1.507s][info][gc,heap     ] GC(0) Y: Allocated:         -                 4M (0%)            8M (0%)           13M (0%)     
[2026-04-03T01:24:39.802+0600][1.507s][info][gc,heap     ] GC(0) Y: Reclaimed:         -                  -                 0M (0%)          351M (9%)     
[2026-04-03T01:24:39.802+0600][1.507s][info][gc,heap     ] GC(0) Y:  Promoted:         -                  -                 0M (0%)            0M (0%)     
[2026-04-03T01:24:39.802+0600][1.507s][info][gc,heap     ] GC(0) Y: Compacted:         -                  -                  -                 4M (0%)     
[2026-04-03T01:24:39.802+0600][1.507s][info][gc,phases   ] GC(0) Y: Young Generation 356M(9%)->18M(0%) 0.024s
[2026-04-03T01:24:39.802+0600][1.507s][info][gc,phases   ] GC(0) O: Old Generation
[2026-04-03T01:24:39.803+0600][1.508s][info][gc,phases   ] GC(0) O: Concurrent Mark 1.097ms
[2026-04-03T01:24:39.803+0600][1.508s][info][gc,phases   ] GC(0) O: Pause Mark End 0.018ms
[2026-04-03T01:24:39.803+0600][1.508s][info][gc,phases   ] GC(0) O: Concurrent Mark Free 0.019ms
[2026-04-03T01:24:39.805+0600][1.510s][info][gc,phases   ] GC(0) O: Concurrent Process Non-Strong 2.152ms
[2026-04-03T01:24:39.805+0600][1.510s][info][gc,phases   ] GC(0) O: Concurrent Reset Relocation Set 0.001ms
[2026-04-03T01:24:39.809+0600][1.514s][info][gc,phases   ] GC(0) O: Concurrent Select Relocation Set 3.888ms
[2026-04-03T01:24:39.809+0600][1.514s][info][gc,task     ] GC(0) O: Using 3 Workers for Old Generation
[2026-04-03T01:24:39.822+0600][1.527s][info][gc,task     ] GC(0) O: Using 2 Workers for Old Generation
[2026-04-03T01:24:39.822+0600][1.528s][info][gc,phases   ] GC(0) O: Concurrent Remap Roots 13.361ms
[2026-04-03T01:24:39.823+0600][1.528s][info][gc,phases   ] GC(0) O: Pause Relocate Start 0.019ms
[2026-04-03T01:24:39.823+0600][1.528s][info][gc,phases   ] GC(0) O: Concurrent Relocate 0.324ms
[2026-04-03T01:24:39.823+0600][1.528s][info][gc,alloc    ] GC(0) O:                         Mark Start        Mark End      Relocate Start    Relocate End   
[2026-04-03T01:24:39.823+0600][1.528s][info][gc,alloc    ] GC(0) O: Allocation Stalls:          0                0                0                0         
[2026-04-03T01:24:39.823+0600][1.528s][info][gc,load     ] GC(0) O: Load: 3.11 (26%) / 4.94 (41%) / 5.54 (46%)
[2026-04-03T01:24:39.823+0600][1.528s][info][gc,mmu      ] GC(0) O: MMU: 2ms/99.0%, 5ms/99.6%, 10ms/99.6%, 20ms/99.7%, 50ms/99.8%, 100ms/99.9%
[2026-04-03T01:24:39.823+0600][1.528s][info][gc,marking  ] GC(0) O: Mark: 2 stripe(s), 1 proactive flush(es), 1 terminate flush(es), 0 completion(s), 0 continuation(s) 
[2026-04-03T01:24:39.823+0600][1.528s][info][gc,marking  ] GC(0) O: Mark Stack Usage: 0M
[2026-04-03T01:24:39.823+0600][1.528s][info][gc,nmethod  ] GC(0) O: NMethods: 1091 registered, 123 unregistered
[2026-04-03T01:24:39.823+0600][1.528s][info][gc,metaspace] GC(0) O: Metaspace: 11M used, 11M committed, 1088M reserved
[2026-04-03T01:24:39.823+0600][1.528s][info][gc,ref      ] GC(0) O:                       Encountered   Discovered     Enqueued 
[2026-04-03T01:24:39.823+0600][1.528s][info][gc,ref      ] GC(0) O: Soft References:              211            0            0 
[2026-04-03T01:24:39.823+0600][1.528s][info][gc,ref      ] GC(0) O: Weak References:              921            0            0 
[2026-04-03T01:24:39.823+0600][1.528s][info][gc,ref      ] GC(0) O: Final References:               0            0            0 
[2026-04-03T01:24:39.823+0600][1.528s][info][gc,ref      ] GC(0) O: Phantom References:            28            0            0 
[2026-04-03T01:24:39.823+0600][1.528s][info][gc,heap     ] GC(0) O: Min Capacity: 8M(0%)
[2026-04-03T01:24:39.823+0600][1.528s][info][gc,heap     ] GC(0) O: Max Capacity: 3922M(100%)
[2026-04-03T01:24:39.823+0600][1.528s][info][gc,heap     ] GC(0) O: Soft Max Capacity: 3529M(90%)
[2026-04-03T01:24:39.823+0600][1.528s][info][gc,heap     ] GC(0) O: Heap Statistics:
[2026-04-03T01:24:39.823+0600][1.528s][info][gc,heap     ] GC(0) O:                Mark Start          Mark End        Relocate Start      Relocate End           High               Low         
[2026-04-03T01:24:39.823+0600][1.528s][info][gc,heap     ] GC(0) O:  Capacity:      356M (9%)          372M (9%)          372M (9%)          372M (9%)          372M (9%)          356M (9%)     
[2026-04-03T01:24:39.823+0600][1.528s][info][gc,heap     ] GC(0) O:      Free:     3566M (91%)        3902M (99%)        3894M (99%)        3894M (99%)        3904M (100%)       3550M (91%)    
[2026-04-03T01:24:39.823+0600][1.528s][info][gc,heap     ] GC(0) O:      Used:      356M (9%)           20M (1%)           28M (1%)           28M (1%)          372M (9%)           18M (0%)     
[2026-04-03T01:24:39.823+0600][1.528s][info][gc,heap     ] GC(0) O: Old Generation Statistics:
[2026-04-03T01:24:39.823+0600][1.528s][info][gc,heap     ] GC(0) O:                Mark Start          Mark End        Relocate Start      Relocate End    
[2026-04-03T01:24:39.823+0600][1.528s][info][gc,heap     ] GC(0) O:      Used:        0M (0%)            0M (0%)            0M (0%)            0M (0%)     
[2026-04-03T01:24:39.823+0600][1.528s][info][gc,heap     ] GC(0) O:      Live:         -                 0M (0%)            0M (0%)            0M (0%)     
[2026-04-03T01:24:39.823+0600][1.528s][info][gc,heap     ] GC(0) O:   Garbage:         -                 0M (0%)            0M (0%)            0M (0%)     
[2026-04-03T01:24:39.823+0600][1.528s][info][gc,heap     ] GC(0) O: Allocated:         -                 0M (0%)            0M (0%)            0M (0%)     
[2026-04-03T01:24:39.823+0600][1.528s][info][gc,heap     ] GC(0) O: Reclaimed:         -                  -                 0M (0%)            0M (0%)     
[2026-04-03T01:24:39.823+0600][1.528s][info][gc,heap     ] GC(0) O: Compacted:         -                  -                  -                 0M (0%)     
[2026-04-03T01:24:39.823+0600][1.528s][info][gc,phases   ] GC(0) O: Old Generation 18M(0%)->28M(1%) 0.022s
[2026-04-03T01:24:39.823+0600][1.529s][info][gc          ] GC(0) Major Collection (Warmup) 356M(9%)->28M(1%) 0.047s
[2026-04-03T01:24:42.824+0600][4.529s][info][gc          ] GC(1) Major Collection (Metadata GC Threshold)
[2026-04-03T01:24:42.824+0600][4.529s][info][gc,task     ] GC(1) Using 1 Workers for Young Generation
[2026-04-03T01:24:42.824+0600][4.529s][info][gc,task     ] GC(1) Using 1 Workers for Old Generation
[2026-04-03T01:24:42.824+0600][4.529s][info][gc,phases   ] GC(1) Y: Young Generation
[2026-04-03T01:24:42.824+0600][4.529s][info][gc,phases   ] GC(1) Y: Pause Mark Start (Major) 0.024ms
[2026-04-03T01:24:42.858+0600][4.563s][info][gc,phases   ] GC(1) Y: Concurrent Mark 33.235ms
[2026-04-03T01:24:42.858+0600][4.563s][info][gc,phases   ] GC(1) Y: Pause Mark End 0.020ms
[2026-04-03T01:24:42.858+0600][4.563s][info][gc,phases   ] GC(1) Y: Concurrent Mark Free 0.002ms
[2026-04-03T01:24:42.858+0600][4.563s][info][gc,phases   ] GC(1) Y: Concurrent Reset Relocation Set 0.017ms
[2026-04-03T01:24:42.861+0600][4.566s][info][gc,reloc    ] GC(1) Y: Using tenuring threshold: 2 (Computed)
[2026-04-03T01:24:42.862+0600][4.567s][info][gc,phases   ] GC(1) Y: Concurrent Select Relocation Set 3.659ms
[2026-04-03T01:24:42.862+0600][4.567s][info][gc,phases   ] GC(1) Y: Pause Relocate Start 0.017ms
[2026-04-03T01:24:42.876+0600][4.581s][info][gc,phases   ] GC(1) Y: Concurrent Relocate 14.328ms
[2026-04-03T01:24:42.877+0600][4.582s][info][gc,alloc    ] GC(1) Y:                         Mark Start        Mark End      Relocate Start    Relocate End   
[2026-04-03T01:24:42.877+0600][4.582s][info][gc,alloc    ] GC(1) Y: Allocation Stalls:          0                0                0                0         
[2026-04-03T01:24:42.877+0600][4.582s][info][gc,load     ] GC(1) Y: Load: 3.11 (26%) / 4.94 (41%) / 5.54 (46%)
[2026-04-03T01:24:42.877+0600][4.582s][info][gc,mmu      ] GC(1) Y: MMU: 2ms/98.8%, 5ms/99.3%, 10ms/99.6%, 20ms/99.7%, 50ms/99.8%, 100ms/99.9%
[2026-04-03T01:24:42.877+0600][4.582s][info][gc,marking  ] GC(1) Y: Mark: 1 stripe(s), 2 proactive flush(es), 1 terminate flush(es), 0 completion(s), 0 continuation(s) 
[2026-04-03T01:24:42.877+0600][4.582s][info][gc,marking  ] GC(1) Y: Mark Stack Usage: 32M
[2026-04-03T01:24:42.877+0600][4.582s][info][gc,nmethod  ] GC(1) Y: NMethods: 1874 registered, 0 unregistered
[2026-04-03T01:24:42.877+0600][4.582s][info][gc,metaspace] GC(1) Y: Metaspace: 21M used, 21M committed, 1088M reserved
[2026-04-03T01:24:42.877+0600][4.582s][info][gc,reloc    ] GC(1) Y:                        Candidates     Selected     In-Place         Size        Empty    Relocated 
[2026-04-03T01:24:42.877+0600][4.582s][info][gc,reloc    ] GC(1) Y: Small Pages:                   78           69            0         156M           0M           6M 
[2026-04-03T01:24:42.877+0600][4.582s][info][gc,reloc    ] GC(1) Y: Medium Pages:                   1            0            0          32M           0M           0M 
[2026-04-03T01:24:42.877+0600][4.582s][info][gc,reloc    ] GC(1) Y: Large Pages:                    0            0            0           0M           0M           0M 
[2026-04-03T01:24:42.877+0600][4.582s][info][gc,reloc    ] GC(1) Y: Forwarding Usage: 1M
[2026-04-03T01:24:42.877+0600][4.582s][info][gc,reloc    ] GC(1) Y: Age Table:
[2026-04-03T01:24:42.877+0600][4.582s][info][gc,reloc    ] GC(1) Y:                    Live             Garbage             Small              Medium             Large        
[2026-04-03T01:24:42.877+0600][4.582s][info][gc,reloc    ] GC(1) Y: Eden              15M (0%)          162M (4%)          73 / 67             1 / 0              0 / 0        
[2026-04-03T01:24:42.877+0600][4.582s][info][gc,reloc    ] GC(1) Y: Survivor 1         4M (0%)            5M (0%)           5 / 2              0 / 0              0 / 0        
[2026-04-03T01:24:42.877+0600][4.582s][info][gc,heap     ] GC(1) Y: Min Capacity: 8M(0%)
[2026-04-03T01:24:42.877+0600][4.582s][info][gc,heap     ] GC(1) Y: Max Capacity: 3922M(100%)
[2026-04-03T01:24:42.877+0600][4.582s][info][gc,heap     ] GC(1) Y: Soft Max Capacity: 3529M(90%)
[2026-04-03T01:24:42.877+0600][4.582s][info][gc,heap     ] GC(1) Y: Heap Statistics:
[2026-04-03T01:24:42.877+0600][4.582s][info][gc,heap     ] GC(1) Y:                Mark Start          Mark End        Relocate Start      Relocate End           High               Low         
[2026-04-03T01:24:42.877+0600][4.582s][info][gc,heap     ] GC(1) Y:  Capacity:      404M (10%)         404M (10%)         404M (10%)         404M (10%)         404M (10%)         404M (10%)    
[2026-04-03T01:24:42.877+0600][4.582s][info][gc,heap     ] GC(1) Y:      Free:     3734M (95%)        3730M (95%)        3730M (95%)        3864M (99%)        3864M (99%)        3724M (95%)    
[2026-04-03T01:24:42.877+0600][4.582s][info][gc,heap     ] GC(1) Y:      Used:      188M (5%)          192M (5%)          192M (5%)           58M (1%)          198M (5%)           58M (1%)     
[2026-04-03T01:24:42.877+0600][4.582s][info][gc,heap     ] GC(1) Y: Young Generation Statistics:
[2026-04-03T01:24:42.877+0600][4.582s][info][gc,heap     ] GC(1) Y:                Mark Start          Mark End        Relocate Start      Relocate End    
[2026-04-03T01:24:42.877+0600][4.582s][info][gc,heap     ] GC(1) Y:      Used:      188M (5%)          192M (5%)          192M (5%)           58M (1%)     
[2026-04-03T01:24:42.877+0600][4.582s][info][gc,heap     ] GC(1) Y:      Live:         -                19M (1%)           19M (1%)           19M (1%)     
[2026-04-03T01:24:42.877+0600][4.582s][info][gc,heap     ] GC(1) Y:   Garbage:         -               168M (4%)          168M (4%)           28M (1%)     
[2026-04-03T01:24:42.877+0600][4.582s][info][gc,heap     ] GC(1) Y: Allocated:         -                 4M (0%)            4M (0%)            9M (0%)     
[2026-04-03T01:24:42.877+0600][4.582s][info][gc,heap     ] GC(1) Y: Reclaimed:         -                  -                 0M (0%)          139M (4%)     
[2026-04-03T01:24:42.877+0600][4.582s][info][gc,heap     ] GC(1) Y:  Promoted:         -                  -                 0M (0%)            0M (0%)     
[2026-04-03T01:24:42.877+0600][4.582s][info][gc,heap     ] GC(1) Y: Compacted:         -                  -                  -                10M (0%)     
[2026-04-03T01:24:42.877+0600][4.582s][info][gc,phases   ] GC(1) Y: Young Generation 188M(5%)->58M(1%) 0.052s
[2026-04-03T01:24:42.877+0600][4.582s][info][gc,phases   ] GC(1) O: Old Generation
[2026-04-03T01:24:42.879+0600][4.584s][info][gc,phases   ] GC(1) O: Concurrent Mark 1.615ms
[2026-04-03T01:24:42.879+0600][4.584s][info][gc,phases   ] GC(1) O: Pause Mark End 0.031ms
[2026-04-03T01:24:42.879+0600][4.584s][info][gc,phases   ] GC(1) O: Concurrent Mark Free 0.008ms
[2026-04-03T01:24:42.888+0600][4.594s][info][gc,phases   ] GC(1) O: Concurrent Process Non-Strong 9.164ms
[2026-04-03T01:24:42.889+0600][4.594s][info][gc,phases   ] GC(1) O: Concurrent Reset Relocation Set 0.001ms
[2026-04-03T01:24:42.893+0600][4.598s][info][gc,phases   ] GC(1) O: Concurrent Select Relocation Set 4.797ms
[2026-04-03T01:24:42.893+0600][4.598s][info][gc,task     ] GC(1) O: Using 2 Workers for Old Generation
[2026-04-03T01:24:42.917+0600][4.622s][info][gc,task     ] GC(1) O: Using 1 Workers for Old Generation
[2026-04-03T01:24:42.917+0600][4.622s][info][gc,phases   ] GC(1) O: Concurrent Remap Roots 23.400ms
[2026-04-03T01:24:42.917+0600][4.622s][info][gc,phases   ] GC(1) O: Pause Relocate Start 0.021ms
[2026-04-03T01:24:42.917+0600][4.622s][info][gc,phases   ] GC(1) O: Concurrent Relocate 0.146ms
[2026-04-03T01:24:42.917+0600][4.623s][info][gc,alloc    ] GC(1) O:                         Mark Start        Mark End      Relocate Start    Relocate End   
[2026-04-03T01:24:42.918+0600][4.623s][info][gc,alloc    ] GC(1) O: Allocation Stalls:          0                0                0                0         
[2026-04-03T01:24:42.918+0600][4.623s][info][gc,load     ] GC(1) O: Load: 3.11 (26%) / 4.94 (41%) / 5.54 (46%)
[2026-04-03T01:24:42.918+0600][4.623s][info][gc,mmu      ] GC(1) O: MMU: 2ms/98.5%, 5ms/99.3%, 10ms/99.6%, 20ms/99.7%, 50ms/99.8%, 100ms/99.9%
[2026-04-03T01:24:42.918+0600][4.623s][info][gc,marking  ] GC(1) O: Mark: 1 stripe(s), 1 proactive flush(es), 1 terminate flush(es), 0 completion(s), 0 continuation(s) 
[2026-04-03T01:24:42.918+0600][4.623s][info][gc,marking  ] GC(1) O: Mark Stack Usage: 0M
[2026-04-03T01:24:42.918+0600][4.623s][info][gc,nmethod  ] GC(1) O: NMethods: 1805 registered, 130 unregistered
[2026-04-03T01:24:42.918+0600][4.623s][info][gc,metaspace] GC(1) O: Metaspace: 21M used, 21M committed, 1088M reserved
[2026-04-03T01:24:42.918+0600][4.623s][info][gc,ref      ] GC(1) O:                       Encountered   Discovered     Enqueued 
[2026-04-03T01:24:42.918+0600][4.623s][info][gc,ref      ] GC(1) O: Soft References:             3498            0            0 
[2026-04-03T01:24:42.918+0600][4.623s][info][gc,ref      ] GC(1) O: Weak References:             1459            0            0 
[2026-04-03T01:24:42.918+0600][4.623s][info][gc,ref      ] GC(1) O: Final References:               0            0            0 
[2026-04-03T01:24:42.918+0600][4.623s][info][gc,ref      ] GC(1) O: Phantom References:           563            0            0 
[2026-04-03T01:24:42.918+0600][4.623s][info][gc,heap     ] GC(1) O: Min Capacity: 8M(0%)
[2026-04-03T01:24:42.918+0600][4.623s][info][gc,heap     ] GC(1) O: Max Capacity: 3922M(100%)
[2026-04-03T01:24:42.918+0600][4.623s][info][gc,heap     ] GC(1) O: Soft Max Capacity: 3529M(90%)
[2026-04-03T01:24:42.918+0600][4.623s][info][gc,heap     ] GC(1) O: Heap Statistics:
[2026-04-03T01:24:42.918+0600][4.623s][info][gc,heap     ] GC(1) O:                Mark Start          Mark End        Relocate Start      Relocate End           High               Low         
[2026-04-03T01:24:42.918+0600][4.623s][info][gc,heap     ] GC(1) O:  Capacity:      404M (10%)         404M (10%)         404M (10%)         404M (10%)         404M (10%)         404M (10%)    
[2026-04-03T01:24:42.918+0600][4.623s][info][gc,heap     ] GC(1) O:      Free:     3734M (95%)        3864M (99%)        3862M (98%)        3862M (98%)        3864M (99%)        3724M (95%)    
[2026-04-03T01:24:42.918+0600][4.623s][info][gc,heap     ] GC(1) O:      Used:      188M (5%)           58M (1%)           60M (2%)           60M (2%)          198M (5%)           58M (1%)     
[2026-04-03T01:24:42.918+0600][4.623s][info][gc,heap     ] GC(1) O: Old Generation Statistics:
[2026-04-03T01:24:42.918+0600][4.623s][info][gc,heap     ] GC(1) O:                Mark Start          Mark End        Relocate Start      Relocate End    
[2026-04-03T01:24:42.918+0600][4.623s][info][gc,heap     ] GC(1) O:      Used:        0M (0%)            0M (0%)            0M (0%)            0M (0%)     
[2026-04-03T01:24:42.918+0600][4.623s][info][gc,heap     ] GC(1) O:      Live:         -                 0M (0%)            0M (0%)            0M (0%)     
[2026-04-03T01:24:42.918+0600][4.623s][info][gc,heap     ] GC(1) O:   Garbage:         -                 0M (0%)            0M (0%)            0M (0%)     
[2026-04-03T01:24:42.918+0600][4.623s][info][gc,heap     ] GC(1) O: Allocated:         -                 0M (0%)            0M (0%)            0M (0%)     
[2026-04-03T01:24:42.918+0600][4.623s][info][gc,heap     ] GC(1) O: Reclaimed:         -                  -                 0M (0%)            0M (0%)     
[2026-04-03T01:24:42.918+0600][4.623s][info][gc,heap     ] GC(1) O: Compacted:         -                  -                  -                 0M (0%)     
[2026-04-03T01:24:42.918+0600][4.623s][info][gc,phases   ] GC(1) O: Old Generation 58M(1%)->60M(2%) 0.040s
[2026-04-03T01:24:42.918+0600][4.623s][info][gc          ] GC(1) Major Collection (Metadata GC Threshold) 188M(5%)->60M(2%) 0.094s
[2026-04-03T01:24:45.801+0600][7.506s][info][gc          ] GC(2) Major Collection (Metadata GC Threshold)
[2026-04-03T01:24:45.802+0600][7.507s][info][gc,task     ] GC(2) Using 1 Workers for Young Generation
[2026-04-03T01:24:45.802+0600][7.507s][info][gc,task     ] GC(2) Using 1 Workers for Old Generation
[2026-04-03T01:24:45.802+0600][7.507s][info][gc,phases   ] GC(2) Y: Young Generation
[2026-04-03T01:24:45.802+0600][7.507s][info][gc,phases   ] GC(2) Y: Pause Mark Start (Major) 0.017ms
[2026-04-03T01:24:45.847+0600][7.552s][info][gc,phases   ] GC(2) Y: Concurrent Mark 45.205ms
[2026-04-03T01:24:45.847+0600][7.552s][info][gc,phases   ] GC(2) Y: Pause Mark End 0.015ms
[2026-04-03T01:24:45.847+0600][7.552s][info][gc,phases   ] GC(2) Y: Concurrent Mark Free 0.001ms
[2026-04-03T01:24:45.847+0600][7.552s][info][gc,phases   ] GC(2) Y: Concurrent Reset Relocation Set 0.006ms
[2026-04-03T01:24:45.852+0600][7.557s][info][gc,reloc    ] GC(2) Y: Using tenuring threshold: 3 (Computed)
[2026-04-03T01:24:45.855+0600][7.560s][info][gc,phases   ] GC(2) Y: Concurrent Select Relocation Set 7.225ms
[2026-04-03T01:24:45.855+0600][7.560s][info][gc,phases   ] GC(2) Y: Pause Relocate Start 0.015ms
[2026-04-03T01:24:45.865+0600][7.571s][info][gc,phases   ] GC(2) Y: Concurrent Relocate 10.155ms
[2026-04-03T01:24:45.866+0600][7.571s][info][gc,alloc    ] GC(2) Y:                         Mark Start        Mark End      Relocate Start    Relocate End   
[2026-04-03T01:24:45.866+0600][7.571s][info][gc,alloc    ] GC(2) Y: Allocation Stalls:          0                0                0                0         
[2026-04-03T01:24:45.866+0600][7.571s][info][gc,load     ] GC(2) Y: Load: 2.94 (24%) / 4.87 (41%) / 5.52 (46%)
[2026-04-03T01:24:45.866+0600][7.571s][info][gc,mmu      ] GC(2) Y: MMU: 2ms/98.5%, 5ms/99.3%, 10ms/99.6%, 20ms/99.7%, 50ms/99.8%, 100ms/99.9%
[2026-04-03T01:24:45.866+0600][7.571s][info][gc,marking  ] GC(2) Y: Mark: 1 stripe(s), 2 proactive flush(es), 1 terminate flush(es), 0 completion(s), 0 continuation(s) 
[2026-04-03T01:24:45.866+0600][7.571s][info][gc,marking  ] GC(2) Y: Mark Stack Usage: 32M
[2026-04-03T01:24:45.866+0600][7.571s][info][gc,nmethod  ] GC(2) Y: NMethods: 2711 registered, 130 unregistered
[2026-04-03T01:24:45.866+0600][7.571s][info][gc,metaspace] GC(2) Y: Metaspace: 36M used, 37M committed, 1088M reserved
[2026-04-03T01:24:45.866+0600][7.571s][info][gc,reloc    ] GC(2) Y:                        Candidates     Selected     In-Place         Size        Empty    Relocated 
[2026-04-03T01:24:45.866+0600][7.571s][info][gc,reloc    ] GC(2) Y: Small Pages:                   87           76            0         174M           0M           6M 
[2026-04-03T01:24:45.866+0600][7.571s][info][gc,reloc    ] GC(2) Y: Medium Pages:                   2            0            0          64M          32M           0M 
[2026-04-03T01:24:45.866+0600][7.571s][info][gc,reloc    ] GC(2) Y: Large Pages:                    0            0            0           0M           0M           0M 
[2026-04-03T01:24:45.866+0600][7.571s][info][gc,reloc    ] GC(2) Y: Forwarding Usage: 2M
[2026-04-03T01:24:45.866+0600][7.571s][info][gc,reloc    ] GC(2) Y: Age Table:
[2026-04-03T01:24:45.866+0600][7.571s][info][gc,reloc    ] GC(2) Y:                    Live             Garbage             Small              Medium             Large        
[2026-04-03T01:24:45.866+0600][7.571s][info][gc,reloc    ] GC(2) Y: Eden               5M (0%)          178M (5%)          76 / 72             1 / 0              0 / 0        
[2026-04-03T01:24:45.866+0600][7.571s][info][gc,reloc    ] GC(2) Y: Survivor 1        14M (0%)           31M (1%)           7 / 2              1 / 0              0 / 0        
[2026-04-03T01:24:45.866+0600][7.571s][info][gc,reloc    ] GC(2) Y: Survivor 2         4M (0%)            3M (0%)           4 / 2              0 / 0              0 / 0        
[2026-04-03T01:24:45.866+0600][7.571s][info][gc,heap     ] GC(2) Y: Min Capacity: 8M(0%)
[2026-04-03T01:24:45.866+0600][7.571s][info][gc,heap     ] GC(2) Y: Max Capacity: 3922M(100%)
[2026-04-03T01:24:45.866+0600][7.571s][info][gc,heap     ] GC(2) Y: Soft Max Capacity: 3529M(90%)
[2026-04-03T01:24:45.866+0600][7.571s][info][gc,heap     ] GC(2) Y: Heap Statistics:
[2026-04-03T01:24:45.866+0600][7.571s][info][gc,heap     ] GC(2) Y:                Mark Start          Mark End        Relocate Start      Relocate End           High               Low         
[2026-04-03T01:24:45.866+0600][7.571s][info][gc,heap     ] GC(2) Y:  Capacity:      436M (11%)         436M (11%)         436M (11%)         436M (11%)         436M (11%)         436M (11%)    
[2026-04-03T01:24:45.866+0600][7.571s][info][gc,heap     ] GC(2) Y:      Free:     3684M (94%)        3674M (94%)        3706M (94%)        3850M (98%)        3850M (98%)        3674M (94%)    
[2026-04-03T01:24:45.866+0600][7.571s][info][gc,heap     ] GC(2) Y:      Used:      238M (6%)          248M (6%)          216M (6%)           72M (2%)          248M (6%)           72M (2%)     
[2026-04-03T01:24:45.866+0600][7.571s][info][gc,heap     ] GC(2) Y: Young Generation Statistics:
[2026-04-03T01:24:45.866+0600][7.571s][info][gc,heap     ] GC(2) Y:                Mark Start          Mark End        Relocate Start      Relocate End    
[2026-04-03T01:24:45.866+0600][7.571s][info][gc,heap     ] GC(2) Y:      Used:      238M (6%)          248M (6%)          216M (6%)           72M (2%)     
[2026-04-03T01:24:45.866+0600][7.571s][info][gc,heap     ] GC(2) Y:      Live:         -                24M (1%)           24M (1%)           24M (1%)     
[2026-04-03T01:24:45.866+0600][7.571s][info][gc,heap     ] GC(2) Y:   Garbage:         -               213M (5%)          181M (5%)           27M (1%)     
[2026-04-03T01:24:45.866+0600][7.571s][info][gc,heap     ] GC(2) Y: Allocated:         -                10M (0%)           10M (0%)           19M (0%)     
[2026-04-03T01:24:45.866+0600][7.571s][info][gc,heap     ] GC(2) Y: Reclaimed:         -                  -                32M (1%)          185M (5%)     
[2026-04-03T01:24:45.866+0600][7.571s][info][gc,heap     ] GC(2) Y:  Promoted:         -                  -                 0M (0%)            0M (0%)     
[2026-04-03T01:24:45.866+0600][7.571s][info][gc,heap     ] GC(2) Y: Compacted:         -                  -                  -                 8M (0%)     
[2026-04-03T01:24:45.866+0600][7.571s][info][gc,phases   ] GC(2) Y: Young Generation 238M(6%)->72M(2%) 0.064s
[2026-04-03T01:24:45.866+0600][7.571s][info][gc,phases   ] GC(2) O: Old Generation
[2026-04-03T01:24:45.867+0600][7.572s][info][gc,phases   ] GC(2) O: Concurrent Mark 1.053ms
[2026-04-03T01:24:45.867+0600][7.572s][info][gc,phases   ] GC(2) O: Pause Mark End 0.021ms
[2026-04-03T01:24:45.867+0600][7.572s][info][gc,phases   ] GC(2) O: Concurrent Mark Free 0.001ms
[2026-04-03T01:24:45.875+0600][7.580s][info][gc,phases   ] GC(2) O: Concurrent Process Non-Strong 8.003ms
[2026-04-03T01:24:45.875+0600][7.580s][info][gc,phases   ] GC(2) O: Concurrent Reset Relocation Set 0.001ms
[2026-04-03T01:24:45.880+0600][7.585s][info][gc,phases   ] GC(2) O: Concurrent Select Relocation Set 4.217ms
[2026-04-03T01:24:45.880+0600][7.585s][info][gc,task     ] GC(2) O: Using 2 Workers for Old Generation
[2026-04-03T01:24:45.900+0600][7.605s][info][gc,task     ] GC(2) O: Using 1 Workers for Old Generation
[2026-04-03T01:24:45.900+0600][7.605s][info][gc,phases   ] GC(2) O: Concurrent Remap Roots 20.608ms
[2026-04-03T01:24:45.900+0600][7.605s][info][gc,phases   ] GC(2) O: Pause Relocate Start 0.023ms
[2026-04-03T01:24:45.901+0600][7.606s][info][gc,phases   ] GC(2) O: Concurrent Relocate 0.207ms
[2026-04-03T01:24:45.901+0600][7.606s][info][gc,alloc    ] GC(2) O:                         Mark Start        Mark End      Relocate Start    Relocate End   
[2026-04-03T01:24:45.901+0600][7.606s][info][gc,alloc    ] GC(2) O: Allocation Stalls:          0                0                0                0         
[2026-04-03T01:24:45.901+0600][7.606s][info][gc,load     ] GC(2) O: Load: 2.94 (24%) / 4.87 (41%) / 5.52 (46%)
[2026-04-03T01:24:45.901+0600][7.606s][info][gc,mmu      ] GC(2) O: MMU: 2ms/98.5%, 5ms/99.3%, 10ms/99.6%, 20ms/99.7%, 50ms/99.8%, 100ms/99.9%
[2026-04-03T01:24:45.901+0600][7.606s][info][gc,marking  ] GC(2) O: Mark: 1 stripe(s), 1 proactive flush(es), 1 terminate flush(es), 0 completion(s), 0 continuation(s) 
[2026-04-03T01:24:45.901+0600][7.606s][info][gc,marking  ] GC(2) O: Mark Stack Usage: 0M
[2026-04-03T01:24:45.901+0600][7.606s][info][gc,nmethod  ] GC(2) O: NMethods: 2517 registered, 324 unregistered
[2026-04-03T01:24:45.901+0600][7.606s][info][gc,metaspace] GC(2) O: Metaspace: 36M used, 37M committed, 1088M reserved
[2026-04-03T01:24:45.901+0600][7.606s][info][gc,ref      ] GC(2) O:                       Encountered   Discovered     Enqueued 
[2026-04-03T01:24:45.901+0600][7.606s][info][gc,ref      ] GC(2) O: Soft References:             3868            0            0 
[2026-04-03T01:24:45.901+0600][7.606s][info][gc,ref      ] GC(2) O: Weak References:             2982            0            0 
[2026-04-03T01:24:45.901+0600][7.606s][info][gc,ref      ] GC(2) O: Final References:              80            0            0 
[2026-04-03T01:24:45.901+0600][7.606s][info][gc,ref      ] GC(2) O: Phantom References:           569            0            0 
[2026-04-03T01:24:45.901+0600][7.606s][info][gc,heap     ] GC(2) O: Min Capacity: 8M(0%)
[2026-04-03T01:24:45.901+0600][7.606s][info][gc,heap     ] GC(2) O: Max Capacity: 3922M(100%)
[2026-04-03T01:24:45.901+0600][7.606s][info][gc,heap     ] GC(2) O: Soft Max Capacity: 3529M(90%)
[2026-04-03T01:24:45.901+0600][7.606s][info][gc,heap     ] GC(2) O: Heap Statistics:
[2026-04-03T01:24:45.901+0600][7.606s][info][gc,heap     ] GC(2) O:                Mark Start          Mark End        Relocate Start      Relocate End           High               Low         
[2026-04-03T01:24:45.901+0600][7.606s][info][gc,heap     ] GC(2) O:  Capacity:      436M (11%)         436M (11%)         436M (11%)         436M (11%)         436M (11%)         436M (11%)    
[2026-04-03T01:24:45.901+0600][7.606s][info][gc,heap     ] GC(2) O:      Free:     3684M (94%)        3850M (98%)        3850M (98%)        3850M (98%)        3850M (98%)        3674M (94%)    
[2026-04-03T01:24:45.901+0600][7.606s][info][gc,heap     ] GC(2) O:      Used:      238M (6%)           72M (2%)           72M (2%)           72M (2%)          248M (6%)           72M (2%)     
[2026-04-03T01:24:45.901+0600][7.606s][info][gc,heap     ] GC(2) O: Old Generation Statistics:
[2026-04-03T01:24:45.901+0600][7.606s][info][gc,heap     ] GC(2) O:                Mark Start          Mark End        Relocate Start      Relocate End    
[2026-04-03T01:24:45.901+0600][7.606s][info][gc,heap     ] GC(2) O:      Used:        0M (0%)            0M (0%)            0M (0%)            0M (0%)     
[2026-04-03T01:24:45.901+0600][7.606s][info][gc,heap     ] GC(2) O:      Live:         -                 0M (0%)            0M (0%)            0M (0%)     
[2026-04-03T01:24:45.901+0600][7.606s][info][gc,heap     ] GC(2) O:   Garbage:         -                 0M (0%)            0M (0%)            0M (0%)     
[2026-04-03T01:24:45.901+0600][7.606s][info][gc,heap     ] GC(2) O: Allocated:         -                 0M (0%)            0M (0%)            0M (0%)     
[2026-04-03T01:24:45.901+0600][7.606s][info][gc,heap     ] GC(2) O: Reclaimed:         -                  -                 0M (0%)            0M (0%)     
[2026-04-03T01:24:45.901+0600][7.606s][info][gc,heap     ] GC(2) O: Compacted:         -                  -                  -                 0M (0%)     
[2026-04-03T01:24:45.901+0600][7.606s][info][gc,phases   ] GC(2) O: Old Generation 72M(2%)->72M(2%) 0.035s
[2026-04-03T01:24:45.901+0600][7.606s][info][gc          ] GC(2) Major Collection (Metadata GC Threshold) 238M(6%)->72M(2%) 0.100s
[2026-04-03T01:24:50.097+0600][11.803s][info][gc          ] GC(3) Major Collection (Metadata GC Threshold)
[2026-04-03T01:24:50.098+0600][11.803s][info][gc,task     ] GC(3) Using 1 Workers for Young Generation
[2026-04-03T01:24:50.098+0600][11.803s][info][gc,task     ] GC(3) Using 1 Workers for Old Generation
[2026-04-03T01:24:50.098+0600][11.803s][info][gc,phases   ] GC(3) Y: Young Generation
[2026-04-03T01:24:50.098+0600][11.803s][info][gc,phases   ] GC(3) Y: Pause Mark Start (Major) 0.025ms
[2026-04-03T01:24:50.183+0600][11.888s][info][gc,phases   ] GC(3) Y: Concurrent Mark 85.202ms
[2026-04-03T01:24:50.183+0600][11.888s][info][gc,phases   ] GC(3) Y: Pause Mark End 0.024ms
[2026-04-03T01:24:50.184+0600][11.889s][info][gc,phases   ] GC(3) Y: Concurrent Mark Free 0.002ms
[2026-04-03T01:24:50.184+0600][11.889s][info][gc,phases   ] GC(3) Y: Concurrent Reset Relocation Set 0.011ms
[2026-04-03T01:24:50.188+0600][11.893s][info][gc,reloc    ] GC(3) Y: Using tenuring threshold: 4 (Computed)
[2026-04-03T01:24:50.191+0600][11.896s][info][gc,phases   ] GC(3) Y: Concurrent Select Relocation Set 6.841ms
[2026-04-03T01:24:50.191+0600][11.896s][info][gc,phases   ] GC(3) Y: Pause Relocate Start 0.019ms
[2026-04-03T01:24:50.222+0600][11.927s][info][gc,phases   ] GC(3) Y: Concurrent Relocate 31.485ms
[2026-04-03T01:24:50.222+0600][11.928s][info][gc,alloc    ] GC(3) Y:                         Mark Start        Mark End      Relocate Start    Relocate End   
[2026-04-03T01:24:50.222+0600][11.928s][info][gc,alloc    ] GC(3) Y: Allocation Stalls:          0                0                0                0         
[2026-04-03T01:24:50.223+0600][11.928s][info][gc,load     ] GC(3) Y: Load: 2.78 (23%) / 4.81 (40%) / 5.49 (46%)
[2026-04-03T01:24:50.223+0600][11.928s][info][gc,mmu      ] GC(3) Y: MMU: 2ms/98.5%, 5ms/99.3%, 10ms/99.6%, 20ms/99.7%, 50ms/99.8%, 100ms/99.9%
[2026-04-03T01:24:50.223+0600][11.928s][info][gc,marking  ] GC(3) Y: Mark: 1 stripe(s), 2 proactive flush(es), 1 terminate flush(es), 0 completion(s), 0 continuation(s) 
[2026-04-03T01:24:50.223+0600][11.928s][info][gc,marking  ] GC(3) Y: Mark Stack Usage: 32M
[2026-04-03T01:24:50.223+0600][11.928s][info][gc,nmethod  ] GC(3) Y: NMethods: 3350 registered, 0 unregistered
[2026-04-03T01:24:50.223+0600][11.928s][info][gc,metaspace] GC(3) Y: Metaspace: 62M used, 62M committed, 1088M reserved
[2026-04-03T01:24:50.223+0600][11.928s][info][gc,reloc    ] GC(3) Y:                        Candidates     Selected     In-Place         Size        Empty    Relocated 
[2026-04-03T01:24:50.223+0600][11.928s][info][gc,reloc    ] GC(3) Y: Small Pages:                  110           94            0         220M           0M          10M 
[2026-04-03T01:24:50.223+0600][11.928s][info][gc,reloc    ] GC(3) Y: Medium Pages:                   2            1            0          64M           0M           5M 
[2026-04-03T01:24:50.223+0600][11.928s][info][gc,reloc    ] GC(3) Y: Large Pages:                    0            0            0           0M           0M           0M 
[2026-04-03T01:24:50.223+0600][11.928s][info][gc,reloc    ] GC(3) Y: Forwarding Usage: 3M
[2026-04-03T01:24:50.223+0600][11.928s][info][gc,reloc    ] GC(3) Y: Age Table:
[2026-04-03T01:24:50.223+0600][11.928s][info][gc,reloc    ] GC(3) Y:                    Live             Garbage             Small              Medium             Large        
[2026-04-03T01:24:50.223+0600][11.928s][info][gc,reloc    ] GC(3) Y: Eden              10M (0%)          213M (5%)          96 / 90             1 / 0              0 / 0        
[2026-04-03T01:24:50.223+0600][11.928s][info][gc,reloc    ] GC(3) Y: Survivor 1         4M (0%)            3M (0%)           4 / 1              0 / 0              0 / 0        
[2026-04-03T01:24:50.223+0600][11.928s][info][gc,reloc    ] GC(3) Y: Survivor 2        14M (0%)           29M (1%)           6 / 2              1 / 1              0 / 0        
[2026-04-03T01:24:50.223+0600][11.928s][info][gc,reloc    ] GC(3) Y: Survivor 3         4M (0%)            3M (0%)           4 / 1              0 / 0              0 / 0        
[2026-04-03T01:24:50.223+0600][11.928s][info][gc,heap     ] GC(3) Y: Min Capacity: 8M(0%)
[2026-04-03T01:24:50.223+0600][11.928s][info][gc,heap     ] GC(3) Y: Max Capacity: 3922M(100%)
[2026-04-03T01:24:50.223+0600][11.928s][info][gc,heap     ] GC(3) Y: Soft Max Capacity: 3529M(90%)
[2026-04-03T01:24:50.223+0600][11.928s][info][gc,heap     ] GC(3) Y: Heap Statistics:
[2026-04-03T01:24:50.223+0600][11.928s][info][gc,heap     ] GC(3) Y:                Mark Start          Mark End        Relocate Start      Relocate End           High               Low         
[2026-04-03T01:24:50.223+0600][11.928s][info][gc,heap     ] GC(3) Y:  Capacity:      436M (11%)         436M (11%)         436M (11%)         468M (12%)         468M (12%)         436M (11%)    
[2026-04-03T01:24:50.223+0600][11.928s][info][gc,heap     ] GC(3) Y:      Free:     3638M (93%)        3632M (93%)        3632M (93%)        3808M (97%)        3808M (97%)        3590M (92%)    
[2026-04-03T01:24:50.223+0600][11.928s][info][gc,heap     ] GC(3) Y:      Used:      284M (7%)          290M (7%)          290M (7%)          114M (3%)          332M (8%)          114M (3%)     
[2026-04-03T01:24:50.223+0600][11.928s][info][gc,heap     ] GC(3) Y: Young Generation Statistics:
[2026-04-03T01:24:50.223+0600][11.928s][info][gc,heap     ] GC(3) Y:                Mark Start          Mark End        Relocate Start      Relocate End    
[2026-04-03T01:24:50.223+0600][11.928s][info][gc,heap     ] GC(3) Y:      Used:      284M (7%)          290M (7%)          290M (7%)          114M (3%)     
[2026-04-03T01:24:50.223+0600][11.928s][info][gc,heap     ] GC(3) Y:      Live:         -                34M (1%)           34M (1%)           34M (1%)     
[2026-04-03T01:24:50.223+0600][11.928s][info][gc,heap     ] GC(3) Y:   Garbage:         -               249M (6%)          249M (6%)            1M (0%)     
[2026-04-03T01:24:50.223+0600][11.928s][info][gc,heap     ] GC(3) Y: Allocated:         -                 6M (0%)            6M (0%)           78M (2%)     
[2026-04-03T01:24:50.223+0600][11.928s][info][gc,heap     ] GC(3) Y: Reclaimed:         -                  -                 0M (0%)          248M (6%)     
[2026-04-03T01:24:50.223+0600][11.928s][info][gc,heap     ] GC(3) Y:  Promoted:         -                  -                 0M (0%)            0M (0%)     
[2026-04-03T01:24:50.223+0600][11.928s][info][gc,heap     ] GC(3) Y: Compacted:         -                  -                  -                19M (1%)     
[2026-04-03T01:24:50.223+0600][11.928s][info][gc,phases   ] GC(3) Y: Young Generation 284M(7%)->114M(3%) 0.125s
[2026-04-03T01:24:50.223+0600][11.928s][info][gc,phases   ] GC(3) O: Old Generation
[2026-04-03T01:24:50.225+0600][11.930s][info][gc,phases   ] GC(3) O: Concurrent Mark 2.045ms
[2026-04-03T01:24:50.225+0600][11.930s][info][gc,phases   ] GC(3) O: Pause Mark End 0.027ms
[2026-04-03T01:24:50.225+0600][11.930s][info][gc,phases   ] GC(3) O: Concurrent Mark Free 0.002ms
[2026-04-03T01:24:50.238+0600][11.943s][info][gc,phases   ] GC(3) O: Concurrent Process Non-Strong 12.909ms
[2026-04-03T01:24:50.238+0600][11.943s][info][gc,phases   ] GC(3) O: Concurrent Reset Relocation Set 0.001ms
[2026-04-03T01:24:50.243+0600][11.948s][info][gc,phases   ] GC(3) O: Concurrent Select Relocation Set 4.441ms
[2026-04-03T01:24:50.243+0600][11.948s][info][gc,task     ] GC(3) O: Using 2 Workers for Old Generation
[2026-04-03T01:24:50.266+0600][11.971s][info][gc,task     ] GC(3) O: Using 1 Workers for Old Generation
[2026-04-03T01:24:50.266+0600][11.971s][info][gc,phases   ] GC(3) O: Concurrent Remap Roots 22.972ms
[2026-04-03T01:24:50.266+0600][11.971s][info][gc,phases   ] GC(3) O: Pause Relocate Start 0.023ms
[2026-04-03T01:24:50.267+0600][11.972s][info][gc,phases   ] GC(3) O: Concurrent Relocate 0.325ms
[2026-04-03T01:24:50.267+0600][11.972s][info][gc,alloc    ] GC(3) O:                         Mark Start        Mark End      Relocate Start    Relocate End   
[2026-04-03T01:24:50.267+0600][11.972s][info][gc,alloc    ] GC(3) O: Allocation Stalls:          0                0                0                0         
[2026-04-03T01:24:50.267+0600][11.972s][info][gc,load     ] GC(3) O: Load: 2.78 (23%) / 4.81 (40%) / 5.49 (46%)
[2026-04-03T01:24:50.267+0600][11.972s][info][gc,mmu      ] GC(3) O: MMU: 2ms/98.5%, 5ms/99.3%, 10ms/99.6%, 20ms/99.7%, 50ms/99.8%, 100ms/99.9%
[2026-04-03T01:24:50.267+0600][11.972s][info][gc,marking  ] GC(3) O: Mark: 1 stripe(s), 1 proactive flush(es), 1 terminate flush(es), 0 completion(s), 0 continuation(s) 
[2026-04-03T01:24:50.267+0600][11.972s][info][gc,marking  ] GC(3) O: Mark Stack Usage: 0M
[2026-04-03T01:24:50.267+0600][11.972s][info][gc,nmethod  ] GC(3) O: NMethods: 3207 registered, 145 unregistered
[2026-04-03T01:24:50.267+0600][11.972s][info][gc,metaspace] GC(3) O: Metaspace: 62M used, 62M committed, 1088M reserved
[2026-04-03T01:24:50.267+0600][11.972s][info][gc,ref      ] GC(3) O:                       Encountered   Discovered     Enqueued 
[2026-04-03T01:24:50.267+0600][11.972s][info][gc,ref      ] GC(3) O: Soft References:             4377            0            0 
[2026-04-03T01:24:50.267+0600][11.972s][info][gc,ref      ] GC(3) O: Weak References:             5444            0            0 
[2026-04-03T01:24:50.267+0600][11.972s][info][gc,ref      ] GC(3) O: Final References:              84            0            0 
[2026-04-03T01:24:50.267+0600][11.972s][info][gc,ref      ] GC(3) O: Phantom References:           586            0            0 
[2026-04-03T01:24:50.267+0600][11.972s][info][gc,heap     ] GC(3) O: Min Capacity: 8M(0%)
[2026-04-03T01:24:50.267+0600][11.972s][info][gc,heap     ] GC(3) O: Max Capacity: 3922M(100%)
[2026-04-03T01:24:50.267+0600][11.972s][info][gc,heap     ] GC(3) O: Soft Max Capacity: 3529M(90%)
[2026-04-03T01:24:50.267+0600][11.972s][info][gc,heap     ] GC(3) O: Heap Statistics:
[2026-04-03T01:24:50.267+0600][11.972s][info][gc,heap     ] GC(3) O:                Mark Start          Mark End        Relocate Start      Relocate End           High               Low         
[2026-04-03T01:24:50.267+0600][11.972s][info][gc,heap     ] GC(3) O:  Capacity:      436M (11%)         468M (12%)         468M (12%)         468M (12%)         468M (12%)         436M (11%)    
[2026-04-03T01:24:50.267+0600][11.972s][info][gc,heap     ] GC(3) O:      Free:     3638M (93%)        3808M (97%)        3808M (97%)        3808M (97%)        3808M (97%)        3590M (92%)    
[2026-04-03T01:24:50.267+0600][11.972s][info][gc,heap     ] GC(3) O:      Used:      284M (7%)          114M (3%)          114M (3%)          114M (3%)          332M (8%)          114M (3%)     
[2026-04-03T01:24:50.267+0600][11.972s][info][gc,heap     ] GC(3) O: Old Generation Statistics:
[2026-04-03T01:24:50.267+0600][11.972s][info][gc,heap     ] GC(3) O:                Mark Start          Mark End        Relocate Start      Relocate End    
[2026-04-03T01:24:50.267+0600][11.972s][info][gc,heap     ] GC(3) O:      Used:        0M (0%)            0M (0%)            0M (0%)            0M (0%)     
[2026-04-03T01:24:50.267+0600][11.972s][info][gc,heap     ] GC(3) O:      Live:         -                 0M (0%)            0M (0%)            0M (0%)     
[2026-04-03T01:24:50.267+0600][11.972s][info][gc,heap     ] GC(3) O:   Garbage:         -                 0M (0%)            0M (0%)            0M (0%)     
[2026-04-03T01:24:50.267+0600][11.972s][info][gc,heap     ] GC(3) O: Allocated:         -                 0M (0%)            0M (0%)            0M (0%)     
[2026-04-03T01:24:50.267+0600][11.972s][info][gc,heap     ] GC(3) O: Reclaimed:         -                  -                 0M (0%)            0M (0%)     
[2026-04-03T01:24:50.267+0600][11.972s][info][gc,heap     ] GC(3) O: Compacted:         -                  -                  -                 0M (0%)     
[2026-04-03T01:24:50.267+0600][11.972s][info][gc,phases   ] GC(3) O: Old Generation 114M(3%)->114M(3%) 0.044s
[2026-04-03T01:24:50.267+0600][11.972s][info][gc          ] GC(3) Major Collection (Metadata GC Threshold) 284M(7%)->114M(3%) 0.170s
[2026-04-03T01:24:51.858+0600][13.563s][info][gc          ] GC(4) Major Collection (System.gc())
[2026-04-03T01:24:51.858+0600][13.563s][info][gc,task     ] GC(4) Using 3 Workers for Young Generation
[2026-04-03T01:24:51.858+0600][13.563s][info][gc,task     ] GC(4) Using 3 Workers for Old Generation
[2026-04-03T01:24:51.858+0600][13.563s][info][gc,phases   ] GC(4) Y: Young Generation (Promote All)
[2026-04-03T01:24:51.858+0600][13.563s][info][gc,phases   ] GC(4) Y: Pause Mark Start 0.014ms
[2026-04-03T01:24:51.900+0600][13.605s][info][gc,phases   ] GC(4) Y: Concurrent Mark 42.311ms
[2026-04-03T01:24:51.901+0600][13.606s][info][gc,phases   ] GC(4) Y: Pause Mark End 0.021ms
[2026-04-03T01:24:51.901+0600][13.606s][info][gc,phases   ] GC(4) Y: Concurrent Mark Free 0.002ms
[2026-04-03T01:24:51.901+0600][13.606s][info][gc,phases   ] GC(4) Y: Concurrent Reset Relocation Set 0.012ms
[2026-04-03T01:24:51.902+0600][13.607s][info][gc,reloc    ] GC(4) Y: Using tenuring threshold: 0 (Promote All)
[2026-04-03T01:24:51.917+0600][13.622s][info][gc,phases   ] GC(4) Y: Concurrent Select Relocation Set 16.450ms
[2026-04-03T01:24:51.917+0600][13.622s][info][gc,phases   ] GC(4) Y: Pause Relocate Start 0.019ms
[2026-04-03T01:24:51.942+0600][13.647s][info][gc,phases   ] GC(4) Y: Concurrent Relocate 24.989ms
[2026-04-03T01:24:51.942+0600][13.648s][info][gc,alloc    ] GC(4) Y:                         Mark Start        Mark End      Relocate Start    Relocate End   
[2026-04-03T01:24:51.943+0600][13.648s][info][gc,alloc    ] GC(4) Y: Allocation Stalls:          0                0                0                0         
[2026-04-03T01:24:51.943+0600][13.648s][info][gc,load     ] GC(4) Y: Load: 2.78 (23%) / 4.81 (40%) / 5.49 (46%)
[2026-04-03T01:24:51.943+0600][13.648s][info][gc,mmu      ] GC(4) Y: MMU: 2ms/98.5%, 5ms/99.3%, 10ms/99.6%, 20ms/99.7%, 50ms/99.8%, 100ms/99.9%
[2026-04-03T01:24:51.943+0600][13.648s][info][gc,marking  ] GC(4) Y: Mark: 2 stripe(s), 1 proactive flush(es), 1 terminate flush(es), 0 completion(s), 0 continuation(s) 
[2026-04-03T01:24:51.943+0600][13.648s][info][gc,marking  ] GC(4) Y: Mark Stack Usage: 32M
[2026-04-03T01:24:51.943+0600][13.648s][info][gc,nmethod  ] GC(4) Y: NMethods: 3728 registered, 145 unregistered
[2026-04-03T01:24:51.943+0600][13.648s][info][gc,metaspace] GC(4) Y: Metaspace: 81M used, 82M committed, 1152M reserved
[2026-04-03T01:24:51.943+0600][13.648s][info][gc,reloc    ] GC(4) Y:                        Candidates     Selected     In-Place         Size        Empty    Relocated 
[2026-04-03T01:24:51.943+0600][13.648s][info][gc,reloc    ] GC(4) Y: Small Pages:                   89           70            0         178M           0M           6M 
[2026-04-03T01:24:51.943+0600][13.648s][info][gc,reloc    ] GC(4) Y: Medium Pages:                   3            1            0          96M          32M           5M 
[2026-04-03T01:24:51.943+0600][13.648s][info][gc,reloc    ] GC(4) Y: Large Pages:                    0            0            0           0M           0M           0M 
[2026-04-03T01:24:51.943+0600][13.648s][info][gc,reloc    ] GC(4) Y: Forwarding Usage: 3M
[2026-04-03T01:24:51.943+0600][13.648s][info][gc,reloc    ] GC(4) Y: Age Table:
[2026-04-03T01:24:51.943+0600][13.648s][info][gc,reloc    ] GC(4) Y:                    Live             Garbage             Small              Medium             Large        
[2026-04-03T01:24:51.943+0600][13.648s][info][gc,reloc    ] GC(4) Y: Eden               6M (0%)          159M (4%)          67 / 63             1 / 0              0 / 0        
[2026-04-03T01:24:51.943+0600][13.648s][info][gc,reloc    ] GC(4) Y: Survivor 1         9M (0%)           34M (1%)           6 / 1              1 / 0              0 / 0        
[2026-04-03T01:24:51.943+0600][13.648s][info][gc,reloc    ] GC(4) Y: Survivor 2         4M (0%)            3M (0%)           4 / 1              0 / 0              0 / 0        
[2026-04-03T01:24:51.943+0600][13.648s][info][gc,reloc    ] GC(4) Y: Survivor 3        14M (0%)           29M (1%)           6 / 1              1 / 1              0 / 0        
[2026-04-03T01:24:51.943+0600][13.648s][info][gc,reloc    ] GC(4) Y: Survivor 4         4M (0%)            7M (0%)           6 / 4              0 / 0              0 / 0        
[2026-04-03T01:24:51.943+0600][13.648s][info][gc,heap     ] GC(4) Y: Min Capacity: 8M(0%)
[2026-04-03T01:24:51.943+0600][13.648s][info][gc,heap     ] GC(4) Y: Max Capacity: 3922M(100%)
[2026-04-03T01:24:51.943+0600][13.648s][info][gc,heap     ] GC(4) Y: Soft Max Capacity: 3529M(90%)
[2026-04-03T01:24:51.943+0600][13.648s][info][gc,heap     ] GC(4) Y: Heap Statistics:
[2026-04-03T01:24:51.943+0600][13.648s][info][gc,heap     ] GC(4) Y:                Mark Start          Mark End        Relocate Start      Relocate End           High               Low         
[2026-04-03T01:24:51.943+0600][13.648s][info][gc,heap     ] GC(4) Y:  Capacity:      468M (12%)         468M (12%)         468M (12%)         468M (12%)         468M (12%)         468M (12%)    
[2026-04-03T01:24:51.943+0600][13.648s][info][gc,heap     ] GC(4) Y:      Free:     3648M (93%)        3648M (93%)        3680M (94%)        3846M (98%)        3846M (98%)        3646M (93%)    
[2026-04-03T01:24:51.943+0600][13.648s][info][gc,heap     ] GC(4) Y:      Used:      274M (7%)          274M (7%)          242M (6%)           76M (2%)          276M (7%)           76M (2%)     
[2026-04-03T01:24:51.943+0600][13.648s][info][gc,heap     ] GC(4) Y: Young Generation Statistics:
[2026-04-03T01:24:51.943+0600][13.648s][info][gc,heap     ] GC(4) Y:                Mark Start          Mark End        Relocate Start      Relocate End    
[2026-04-03T01:24:51.943+0600][13.648s][info][gc,heap     ] GC(4) Y:      Used:      274M (7%)          274M (7%)          214M (5%)            2M (0%)     
[2026-04-03T01:24:51.943+0600][13.648s][info][gc,heap     ] GC(4) Y:      Live:         -                40M (1%)           14M (0%)            0M (0%)     
[2026-04-03T01:24:51.943+0600][13.648s][info][gc,heap     ] GC(4) Y:   Garbage:         -               233M (6%)          199M (5%)            0M (0%)     
[2026-04-03T01:24:51.943+0600][13.648s][info][gc,heap     ] GC(4) Y: Allocated:         -                 0M (0%)            0M (0%)            2M (0%)     
[2026-04-03T01:24:51.943+0600][13.648s][info][gc,heap     ] GC(4) Y: Reclaimed:         -                  -                34M (1%)          233M (6%)     
[2026-04-03T01:24:51.943+0600][13.648s][info][gc,heap     ] GC(4) Y:  Promoted:         -                  -                25M (1%)           40M (1%)     
[2026-04-03T01:24:51.943+0600][13.648s][info][gc,heap     ] GC(4) Y: Compacted:         -                  -                  -                 0M (0%)     
[2026-04-03T01:24:51.943+0600][13.648s][info][gc,phases   ] GC(4) Y: Young Generation (Promote All) 274M(7%)->76M(2%) 0.085s
[2026-04-03T01:24:51.943+0600][13.648s][info][gc,phases   ] GC(4) Y: Young Generation (Collect Roots)
[2026-04-03T01:24:51.943+0600][13.648s][info][gc,phases   ] GC(4) Y: Pause Mark Start (Major) 0.022ms
[2026-04-03T01:24:51.953+0600][13.658s][info][gc,phases   ] GC(4) Y: Concurrent Mark 9.855ms
[2026-04-03T01:24:51.953+0600][13.658s][info][gc,phases   ] GC(4) Y: Pause Mark End 0.023ms
[2026-04-03T01:24:51.953+0600][13.658s][info][gc,phases   ] GC(4) Y: Concurrent Mark Free 0.002ms
[2026-04-03T01:24:51.954+0600][13.659s][info][gc,phases   ] GC(4) Y: Concurrent Reset Relocation Set 0.038ms
[2026-04-03T01:24:51.955+0600][13.660s][info][gc,reloc    ] GC(4) Y: Using tenuring threshold: 1 (Computed)
[2026-04-03T01:24:51.956+0600][13.661s][info][gc,phases   ] GC(4) Y: Concurrent Select Relocation Set 2.020ms
[2026-04-03T01:24:51.956+0600][13.661s][info][gc,phases   ] GC(4) Y: Pause Relocate Start 0.036ms
[2026-04-03T01:24:51.956+0600][13.661s][info][gc,phases   ] GC(4) Y: Concurrent Relocate 0.308ms
[2026-04-03T01:24:51.956+0600][13.661s][info][gc,alloc    ] GC(4) Y:                         Mark Start        Mark End      Relocate Start    Relocate End   
[2026-04-03T01:24:51.956+0600][13.661s][info][gc,alloc    ] GC(4) Y: Allocation Stalls:          0                0                0                0         
[2026-04-03T01:24:51.956+0600][13.661s][info][gc,load     ] GC(4) Y: Load: 2.78 (23%) / 4.81 (40%) / 5.49 (46%)
[2026-04-03T01:24:51.956+0600][13.661s][info][gc,mmu      ] GC(4) Y: MMU: 2ms/98.2%, 5ms/98.8%, 10ms/99.4%, 20ms/99.6%, 50ms/99.8%, 100ms/99.9%
[2026-04-03T01:24:51.956+0600][13.661s][info][gc,marking  ] GC(4) Y: Mark: 2 stripe(s), 1 proactive flush(es), 1 terminate flush(es), 0 completion(s), 0 continuation(s) 
[2026-04-03T01:24:51.956+0600][13.661s][info][gc,marking  ] GC(4) Y: Mark Stack Usage: 32M
[2026-04-03T01:24:51.956+0600][13.661s][info][gc,nmethod  ] GC(4) Y: NMethods: 3728 registered, 145 unregistered
[2026-04-03T01:24:51.956+0600][13.661s][info][gc,metaspace] GC(4) Y: Metaspace: 81M used, 82M committed, 1152M reserved
[2026-04-03T01:24:51.956+0600][13.661s][info][gc,reloc    ] GC(4) Y:                        Candidates     Selected     In-Place         Size        Empty    Relocated 
[2026-04-03T01:24:51.956+0600][13.662s][info][gc,reloc    ] GC(4) Y: Small Pages:                    1            0            0           2M           0M           0M 
[2026-04-03T01:24:51.956+0600][13.662s][info][gc,reloc    ] GC(4) Y: Medium Pages:                   0            0            0           0M           0M           0M 
[2026-04-03T01:24:51.956+0600][13.662s][info][gc,reloc    ] GC(4) Y: Large Pages:                    0            0            0           0M           0M           0M 
[2026-04-03T01:24:51.956+0600][13.662s][info][gc,reloc    ] GC(4) Y: Forwarding Usage: 0M
[2026-04-03T01:24:51.956+0600][13.662s][info][gc,reloc    ] GC(4) Y: Age Table:
[2026-04-03T01:24:51.956+0600][13.662s][info][gc,reloc    ] GC(4) Y:                    Live             Garbage             Small              Medium             Large        
[2026-04-03T01:24:51.957+0600][13.662s][info][gc,reloc    ] GC(4) Y: Eden               0M (0%)            1M (0%)           1 / 0              0 / 0              0 / 0        
[2026-04-03T01:24:51.957+0600][13.662s][info][gc,heap     ] GC(4) Y: Min Capacity: 8M(0%)
[2026-04-03T01:24:51.957+0600][13.662s][info][gc,heap     ] GC(4) Y: Max Capacity: 3922M(100%)
[2026-04-03T01:24:51.957+0600][13.662s][info][gc,heap     ] GC(4) Y: Soft Max Capacity: 3529M(90%)
[2026-04-03T01:24:51.957+0600][13.662s][info][gc,heap     ] GC(4) Y: Heap Statistics:
[2026-04-03T01:24:51.957+0600][13.662s][info][gc,heap     ] GC(4) Y:                Mark Start          Mark End        Relocate Start      Relocate End           High               Low         
[2026-04-03T01:24:51.957+0600][13.662s][info][gc,heap     ] GC(4) Y:  Capacity:      468M (12%)         468M (12%)         468M (12%)         468M (12%)         468M (12%)         468M (12%)    
[2026-04-03T01:24:51.957+0600][13.662s][info][gc,heap     ] GC(4) Y:      Free:     3846M (98%)        3846M (98%)        3846M (98%)        3846M (98%)        3846M (98%)        3846M (98%)    
[2026-04-03T01:24:51.957+0600][13.662s][info][gc,heap     ] GC(4) Y:      Used:       76M (2%)           76M (2%)           76M (2%)           76M (2%)           76M (2%)           76M (2%)     
[2026-04-03T01:24:51.957+0600][13.662s][info][gc,heap     ] GC(4) Y: Young Generation Statistics:
[2026-04-03T01:24:51.957+0600][13.662s][info][gc,heap     ] GC(4) Y:                Mark Start          Mark End        Relocate Start      Relocate End    
[2026-04-03T01:24:51.957+0600][13.662s][info][gc,heap     ] GC(4) Y:      Used:        2M (0%)            2M (0%)            2M (0%)            2M (0%)     
[2026-04-03T01:24:51.957+0600][13.662s][info][gc,heap     ] GC(4) Y:      Live:         -                 0M (0%)            0M (0%)            0M (0%)     
[2026-04-03T01:24:51.957+0600][13.662s][info][gc,heap     ] GC(4) Y:   Garbage:         -                 1M (0%)            1M (0%)            1M (0%)     
[2026-04-03T01:24:51.957+0600][13.662s][info][gc,heap     ] GC(4) Y: Allocated:         -                 0M (0%)            0M (0%)            0M (0%)     
[2026-04-03T01:24:51.957+0600][13.662s][info][gc,heap     ] GC(4) Y: Reclaimed:         -                  -                 0M (0%)            0M (0%)     
[2026-04-03T01:24:51.957+0600][13.662s][info][gc,heap     ] GC(4) Y:  Promoted:         -                  -                 0M (0%)            0M (0%)     
[2026-04-03T01:24:51.957+0600][13.662s][info][gc,heap     ] GC(4) Y: Compacted:         -                  -                  -                 0M (0%)     
[2026-04-03T01:24:51.957+0600][13.662s][info][gc,phases   ] GC(4) Y: Young Generation (Collect Roots) 76M(2%)->76M(2%) 0.014s
[2026-04-03T01:24:51.957+0600][13.662s][info][gc,phases   ] GC(4) O: Old Generation
[2026-04-03T01:24:51.988+0600][13.693s][info][gc,phases   ] GC(4) O: Concurrent Mark 30.970ms
[2026-04-03T01:24:51.988+0600][13.693s][info][gc,phases   ] GC(4) O: Pause Mark End 0.025ms
[2026-04-03T01:24:51.988+0600][13.693s][info][gc,phases   ] GC(4) O: Concurrent Mark Free 0.002ms
[2026-04-03T01:24:51.993+0600][13.698s][info][gc,phases   ] GC(4) O: Concurrent Process Non-Strong 4.786ms
[2026-04-03T01:24:51.993+0600][13.698s][info][gc,phases   ] GC(4) O: Concurrent Reset Relocation Set 0.001ms
[2026-04-03T01:24:51.995+0600][13.700s][info][gc,phases   ] GC(4) O: Concurrent Select Relocation Set 2.275ms
[2026-04-03T01:24:51.995+0600][13.700s][info][gc,task     ] GC(4) O: Using 3 Workers for Old Generation
[2026-04-03T01:24:52.010+0600][13.715s][info][gc,task     ] GC(4) O: Using 3 Workers for Old Generation
[2026-04-03T01:24:52.010+0600][13.715s][info][gc,phases   ] GC(4) O: Concurrent Remap Roots 15.335ms
[2026-04-03T01:24:52.011+0600][13.716s][info][gc,phases   ] GC(4) O: Pause Relocate Start 0.017ms
[2026-04-03T01:24:52.013+0600][13.718s][info][gc,phases   ] GC(4) O: Concurrent Relocate 2.041ms
[2026-04-03T01:24:52.013+0600][13.718s][info][gc,alloc    ] GC(4) O:                         Mark Start        Mark End      Relocate Start    Relocate End   
[2026-04-03T01:24:52.013+0600][13.718s][info][gc,alloc    ] GC(4) O: Allocation Stalls:          0                0                0                0         
[2026-04-03T01:24:52.013+0600][13.718s][info][gc,load     ] GC(4) O: Load: 2.78 (23%) / 4.81 (40%) / 5.49 (46%)
[2026-04-03T01:24:52.013+0600][13.718s][info][gc,mmu      ] GC(4) O: MMU: 2ms/98.2%, 5ms/98.8%, 10ms/99.4%, 20ms/99.6%, 50ms/99.8%, 100ms/99.9%
[2026-04-03T01:24:52.013+0600][13.718s][info][gc,marking  ] GC(4) O: Mark: 2 stripe(s), 1 proactive flush(es), 1 terminate flush(es), 0 completion(s), 0 continuation(s) 
[2026-04-03T01:24:52.013+0600][13.718s][info][gc,marking  ] GC(4) O: Mark Stack Usage: 32M
[2026-04-03T01:24:52.013+0600][13.718s][info][gc,nmethod  ] GC(4) O: NMethods: 3590 registered, 288 unregistered
[2026-04-03T01:24:52.013+0600][13.718s][info][gc,metaspace] GC(4) O: Metaspace: 81M used, 82M committed, 1152M reserved
[2026-04-03T01:24:52.013+0600][13.718s][info][gc,ref      ] GC(4) O:                       Encountered   Discovered     Enqueued 
[2026-04-03T01:24:52.013+0600][13.718s][info][gc,ref      ] GC(4) O: Soft References:             4570            0            0 
[2026-04-03T01:24:52.013+0600][13.718s][info][gc,ref      ] GC(4) O: Weak References:             7304         4179         2604 
[2026-04-03T01:24:52.013+0600][13.718s][info][gc,ref      ] GC(4) O: Final References:              84           68            0 
[2026-04-03T01:24:52.013+0600][13.718s][info][gc,ref      ] GC(4) O: Phantom References:           586          422            1 
[2026-04-03T01:24:52.013+0600][13.718s][info][gc,reloc    ] GC(4) O:                        Candidates     Selected     In-Place         Size        Empty    Relocated 
[2026-04-03T01:24:52.013+0600][13.718s][info][gc,reloc    ] GC(4) O: Small Pages:                   21            2            0          42M           0M           1M 
[2026-04-03T01:24:52.013+0600][13.718s][info][gc,reloc    ] GC(4) O: Medium Pages:                   1            0            0          32M           0M           0M 
[2026-04-03T01:24:52.013+0600][13.718s][info][gc,reloc    ] GC(4) O: Large Pages:                    0            0            0           0M           0M           0M 
[2026-04-03T01:24:52.013+0600][13.718s][info][gc,reloc    ] GC(4) O: Forwarding Usage: 0M
[2026-04-03T01:24:52.013+0600][13.718s][info][gc,heap     ] GC(4) O: Min Capacity: 8M(0%)
[2026-04-03T01:24:52.013+0600][13.718s][info][gc,heap     ] GC(4) O: Max Capacity: 3922M(100%)
[2026-04-03T01:24:52.013+0600][13.718s][info][gc,heap     ] GC(4) O: Soft Max Capacity: 3529M(90%)
[2026-04-03T01:24:52.013+0600][13.718s][info][gc,heap     ] GC(4) O: Heap Statistics:
[2026-04-03T01:24:52.013+0600][13.718s][info][gc,heap     ] GC(4) O:                Mark Start          Mark End        Relocate Start      Relocate End           High               Low         
[2026-04-03T01:24:52.013+0600][13.718s][info][gc,heap     ] GC(4) O:  Capacity:      468M (12%)         468M (12%)         468M (12%)         468M (12%)         468M (12%)         468M (12%)    
[2026-04-03T01:24:52.013+0600][13.718s][info][gc,heap     ] GC(4) O:      Free:     3846M (98%)        3846M (98%)        3846M (98%)        3846M (98%)        3846M (98%)        3840M (98%)    
[2026-04-03T01:24:52.013+0600][13.718s][info][gc,heap     ] GC(4) O:      Used:       76M (2%)           76M (2%)           76M (2%)           76M (2%)           82M (2%)           76M (2%)     
[2026-04-03T01:24:52.013+0600][13.718s][info][gc,heap     ] GC(4) O: Old Generation Statistics:
[2026-04-03T01:24:52.013+0600][13.718s][info][gc,heap     ] GC(4) O:                Mark Start          Mark End        Relocate Start      Relocate End    
[2026-04-03T01:24:52.013+0600][13.718s][info][gc,heap     ] GC(4) O:      Used:       74M (2%)           74M (2%)           74M (2%)           74M (2%)     
[2026-04-03T01:24:52.013+0600][13.718s][info][gc,heap     ] GC(4) O:      Live:         -                39M (1%)           39M (1%)           39M (1%)     
[2026-04-03T01:24:52.013+0600][13.718s][info][gc,heap     ] GC(4) O:   Garbage:         -                34M (1%)           34M (1%)           30M (1%)     
[2026-04-03T01:24:52.013+0600][13.718s][info][gc,heap     ] GC(4) O: Allocated:         -                 0M (0%)            0M (0%)            4M (0%)     
[2026-04-03T01:24:52.013+0600][13.718s][info][gc,heap     ] GC(4) O: Reclaimed:         -                  -                 0M (0%)            4M (0%)     
[2026-04-03T01:24:52.013+0600][13.718s][info][gc,heap     ] GC(4) O: Compacted:         -                  -                  -                 1M (0%)     
[2026-04-03T01:24:52.013+0600][13.718s][info][gc,phases   ] GC(4) O: Old Generation 76M(2%)->76M(2%) 0.056s
[2026-04-03T01:24:52.013+0600][13.718s][info][gc          ] GC(4) Major Collection (System.gc()) 274M(7%)->76M(2%) 0.155s
[2026-04-03T01:24:56.604+0600][18.309s][info][gc          ] GC(5) Major Collection (Warmup)
[2026-04-03T01:24:56.604+0600][18.309s][info][gc,task     ] GC(5) Using 3 Workers for Young Generation
[2026-04-03T01:24:56.604+0600][18.309s][info][gc,task     ] GC(5) Using 1 Workers for Old Generation
[2026-04-03T01:24:56.604+0600][18.309s][info][gc,phases   ] GC(5) Y: Young Generation
[2026-04-03T01:24:56.604+0600][18.309s][info][gc,phases   ] GC(5) Y: Pause Mark Start (Major) 0.021ms
[2026-04-03T01:24:56.647+0600][18.352s][info][gc,phases   ] GC(5) Y: Concurrent Mark 42.527ms
[2026-04-03T01:24:56.648+0600][18.353s][info][gc,phases   ] GC(5) Y: Pause Mark End 0.031ms
[2026-04-03T01:24:56.648+0600][18.353s][info][gc,phases   ] GC(5) Y: Concurrent Mark Free 0.002ms
[2026-04-03T01:24:56.648+0600][18.353s][info][gc,phases   ] GC(5) Y: Concurrent Reset Relocation Set 0.001ms
[2026-04-03T01:24:56.652+0600][18.357s][info][gc,reloc    ] GC(5) Y: Using tenuring threshold: 1 (Computed)
[2026-04-03T01:24:56.653+0600][18.358s][info][gc,phases   ] GC(5) Y: Concurrent Select Relocation Set 4.500ms
[2026-04-03T01:24:56.653+0600][18.358s][info][gc,phases   ] GC(5) Y: Pause Relocate Start 0.024ms
[2026-04-03T01:24:56.665+0600][18.370s][info][gc,phases   ] GC(5) Y: Concurrent Relocate 11.871ms
[2026-04-03T01:24:56.665+0600][18.370s][info][gc,alloc    ] GC(5) Y:                         Mark Start        Mark End      Relocate Start    Relocate End   
[2026-04-03T01:24:56.665+0600][18.370s][info][gc,alloc    ] GC(5) Y: Allocation Stalls:          0                0                0                0         
[2026-04-03T01:24:56.665+0600][18.370s][info][gc,load     ] GC(5) Y: Load: 2.96 (25%) / 4.81 (40%) / 5.49 (46%)
[2026-04-03T01:24:56.665+0600][18.370s][info][gc,mmu      ] GC(5) Y: MMU: 2ms/98.2%, 5ms/98.8%, 10ms/99.4%, 20ms/99.6%, 50ms/99.8%, 100ms/99.9%
[2026-04-03T01:24:56.665+0600][18.370s][info][gc,marking  ] GC(5) Y: Mark: 2 stripe(s), 2 proactive flush(es), 1 terminate flush(es), 0 completion(s), 0 continuation(s) 
[2026-04-03T01:24:56.665+0600][18.370s][info][gc,marking  ] GC(5) Y: Mark Stack Usage: 32M
[2026-04-03T01:24:56.665+0600][18.370s][info][gc,nmethod  ] GC(5) Y: NMethods: 6761 registered, 0 unregistered
[2026-04-03T01:24:56.665+0600][18.370s][info][gc,metaspace] GC(5) Y: Metaspace: 114M used, 115M committed, 1152M reserved
[2026-04-03T01:24:56.665+0600][18.370s][info][gc,reloc    ] GC(5) Y:                        Candidates     Selected     In-Place         Size        Empty    Relocated 
[2026-04-03T01:24:56.665+0600][18.370s][info][gc,reloc    ] GC(5) Y: Small Pages:                  298          210            0         596M         158M          12M 
[2026-04-03T01:24:56.665+0600][18.370s][info][gc,reloc    ] GC(5) Y: Medium Pages:                   1            0            0          32M           0M           0M 
[2026-04-03T01:24:56.665+0600][18.370s][info][gc,reloc    ] GC(5) Y: Large Pages:                    2            0            0          12M          12M           0M 
[2026-04-03T01:24:56.665+0600][18.370s][info][gc,reloc    ] GC(5) Y: Forwarding Usage: 4M
[2026-04-03T01:24:56.665+0600][18.370s][info][gc,reloc    ] GC(5) Y: Age Table:
[2026-04-03T01:24:56.665+0600][18.370s][info][gc,reloc    ] GC(5) Y:                    Live             Garbage             Small              Medium             Large        
[2026-04-03T01:24:56.665+0600][18.370s][info][gc,reloc    ] GC(5) Y: Eden              19M (1%)          618M (16%)        297 / 210            1 / 0              2 / 0        
[2026-04-03T01:24:56.665+0600][18.370s][info][gc,reloc    ] GC(5) Y: Survivor 1          -                 2M (0%)           1 / 0              0 / 0              0 / 0        
[2026-04-03T01:24:56.665+0600][18.370s][info][gc,heap     ] GC(5) Y: Min Capacity: 8M(0%)
[2026-04-03T01:24:56.665+0600][18.370s][info][gc,heap     ] GC(5) Y: Max Capacity: 3922M(100%)
[2026-04-03T01:24:56.665+0600][18.370s][info][gc,heap     ] GC(5) Y: Soft Max Capacity: 3529M(90%)
[2026-04-03T01:24:56.665+0600][18.370s][info][gc,heap     ] GC(5) Y: Heap Statistics:
[2026-04-03T01:24:56.665+0600][18.370s][info][gc,heap     ] GC(5) Y:                Mark Start          Mark End        Relocate Start      Relocate End           High               Low         
[2026-04-03T01:24:56.665+0600][18.370s][info][gc,heap     ] GC(5) Y:  Capacity:      714M (18%)         788M (20%)         788M (20%)         788M (20%)         788M (20%)         714M (18%)    
[2026-04-03T01:24:56.665+0600][18.370s][info][gc,heap     ] GC(5) Y:      Free:     3208M (82%)        3134M (80%)        3294M (84%)        3672M (94%)        3678M (94%)        3134M (80%)    
[2026-04-03T01:24:56.666+0600][18.371s][info][gc,heap     ] GC(5) Y:      Used:      714M (18%)         788M (20%)         628M (16%)         250M (6%)          788M (20%)         244M (6%)     
[2026-04-03T01:24:56.666+0600][18.371s][info][gc,heap     ] GC(5) Y: Young Generation Statistics:
[2026-04-03T01:24:56.666+0600][18.371s][info][gc,heap     ] GC(5) Y:                Mark Start          Mark End        Relocate Start      Relocate End    
[2026-04-03T01:24:56.666+0600][18.371s][info][gc,heap     ] GC(5) Y:      Used:      640M (16%)         714M (18%)         554M (14%)         176M (4%)     
[2026-04-03T01:24:56.666+0600][18.371s][info][gc,heap     ] GC(5) Y:      Live:         -                19M (1%)           19M (1%)           19M (1%)     
[2026-04-03T01:24:56.666+0600][18.371s][info][gc,heap     ] GC(5) Y:   Garbage:         -               620M (16%)         450M (11%)          27M (1%)     
[2026-04-03T01:24:56.666+0600][18.371s][info][gc,heap     ] GC(5) Y: Allocated:         -                74M (2%)           84M (2%)          128M (3%)     
[2026-04-03T01:24:56.666+0600][18.371s][info][gc,heap     ] GC(5) Y: Reclaimed:         -                  -               170M (4%)          592M (15%)    
[2026-04-03T01:24:56.666+0600][18.371s][info][gc,heap     ] GC(5) Y:  Promoted:         -                  -                 0M (0%)            0M (0%)     
[2026-04-03T01:24:56.666+0600][18.371s][info][gc,heap     ] GC(5) Y: Compacted:         -                  -                  -                13M (0%)     
[2026-04-03T01:24:56.666+0600][18.371s][info][gc,phases   ] GC(5) Y: Young Generation 714M(18%)->250M(6%) 0.061s
[2026-04-03T01:24:56.666+0600][18.371s][info][gc,phases   ] GC(5) O: Old Generation
[2026-04-03T01:24:56.802+0600][18.508s][info][gc,phases   ] GC(5) O: Concurrent Mark 136.785ms
[2026-04-03T01:24:56.803+0600][18.508s][info][gc,phases   ] GC(5) O: Pause Mark End 0.026ms
[2026-04-03T01:24:56.803+0600][18.508s][info][gc,phases   ] GC(5) O: Concurrent Mark Free 0.001ms
[2026-04-03T01:24:56.839+0600][18.544s][info][gc,phases   ] GC(5) O: Concurrent Process Non-Strong 36.392ms
[2026-04-03T01:24:56.839+0600][18.545s][info][gc,phases   ] GC(5) O: Concurrent Reset Relocation Set 0.003ms
[2026-04-03T01:24:56.845+0600][18.550s][info][gc,phases   ] GC(5) O: Concurrent Select Relocation Set 5.906ms
[2026-04-03T01:24:56.845+0600][18.551s][info][gc,task     ] GC(5) O: Using 3 Workers for Old Generation
[2026-04-03T01:24:56.869+0600][18.574s][info][gc,task     ] GC(5) O: Using 1 Workers for Old Generation
[2026-04-03T01:24:56.869+0600][18.574s][info][gc,phases   ] GC(5) O: Concurrent Remap Roots 23.267ms
[2026-04-03T01:24:56.869+0600][18.574s][info][gc,phases   ] GC(5) O: Pause Relocate Start 0.027ms
[2026-04-03T01:24:56.876+0600][18.581s][info][gc,phases   ] GC(5) O: Concurrent Relocate 6.483ms
[2026-04-03T01:24:56.876+0600][18.581s][info][gc,alloc    ] GC(5) O:                         Mark Start        Mark End      Relocate Start    Relocate End   
[2026-04-03T01:24:56.876+0600][18.581s][info][gc,alloc    ] GC(5) O: Allocation Stalls:          0                0                0                0         
[2026-04-03T01:24:56.876+0600][18.581s][info][gc,load     ] GC(5) O: Load: 2.96 (25%) / 4.81 (40%) / 5.49 (46%)
[2026-04-03T01:24:56.876+0600][18.581s][info][gc,mmu      ] GC(5) O: MMU: 2ms/98.2%, 5ms/98.8%, 10ms/99.4%, 20ms/99.6%, 50ms/99.8%, 100ms/99.9%
[2026-04-03T01:24:56.876+0600][18.581s][info][gc,marking  ] GC(5) O: Mark: 1 stripe(s), 2 proactive flush(es), 1 terminate flush(es), 0 completion(s), 0 continuation(s) 
[2026-04-03T01:24:56.876+0600][18.581s][info][gc,marking  ] GC(5) O: Mark Stack Usage: 32M
[2026-04-03T01:24:56.876+0600][18.581s][info][gc,nmethod  ] GC(5) O: NMethods: 6406 registered, 480 unregistered
[2026-04-03T01:24:56.876+0600][18.581s][info][gc,metaspace] GC(5) O: Metaspace: 114M used, 115M committed, 1152M reserved
[2026-04-03T01:24:56.876+0600][18.581s][info][gc,ref      ] GC(5) O:                       Encountered   Discovered     Enqueued 
[2026-04-03T01:24:56.876+0600][18.581s][info][gc,ref      ] GC(5) O: Soft References:             5432            0            0 
[2026-04-03T01:24:56.876+0600][18.581s][info][gc,ref      ] GC(5) O: Weak References:            16246         3042          398 
[2026-04-03T01:24:56.876+0600][18.581s][info][gc,ref      ] GC(5) O: Final References:              84            0            0 
[2026-04-03T01:24:56.876+0600][18.581s][info][gc,ref      ] GC(5) O: Phantom References:           600          576            0 
[2026-04-03T01:24:56.876+0600][18.581s][info][gc,reloc    ] GC(5) O:                        Candidates     Selected     In-Place         Size        Empty    Relocated 
[2026-04-03T01:24:56.876+0600][18.581s][info][gc,reloc    ] GC(5) O: Small Pages:                   21            2            0          42M           0M           1M 
[2026-04-03T01:24:56.876+0600][18.581s][info][gc,reloc    ] GC(5) O: Medium Pages:                   1            0            0          32M           0M           0M 
[2026-04-03T01:24:56.876+0600][18.581s][info][gc,reloc    ] GC(5) O: Large Pages:                    0            0            0           0M           0M           0M 
[2026-04-03T01:24:56.876+0600][18.581s][info][gc,reloc    ] GC(5) O: Forwarding Usage: 0M
[2026-04-03T01:24:56.876+0600][18.581s][info][gc,heap     ] GC(5) O: Min Capacity: 8M(0%)
[2026-04-03T01:24:56.876+0600][18.581s][info][gc,heap     ] GC(5) O: Max Capacity: 3922M(100%)
[2026-04-03T01:24:56.876+0600][18.581s][info][gc,heap     ] GC(5) O: Soft Max Capacity: 3529M(90%)
[2026-04-03T01:24:56.876+0600][18.581s][info][gc,heap     ] GC(5) O: Heap Statistics:
[2026-04-03T01:24:56.876+0600][18.581s][info][gc,heap     ] GC(5) O:                Mark Start          Mark End        Relocate Start      Relocate End           High               Low         
[2026-04-03T01:24:56.876+0600][18.581s][info][gc,heap     ] GC(5) O:  Capacity:      714M (18%)         844M (22%)         844M (22%)         844M (22%)         844M (22%)         714M (18%)    
[2026-04-03T01:24:56.876+0600][18.581s][info][gc,heap     ] GC(5) O:      Free:     3208M (82%)        3290M (84%)        3188M (81%)        3184M (81%)        3678M (94%)        3134M (80%)    
[2026-04-03T01:24:56.876+0600][18.581s][info][gc,heap     ] GC(5) O:      Used:      714M (18%)         632M (16%)         734M (19%)         738M (19%)         788M (20%)         244M (6%)     
[2026-04-03T01:24:56.876+0600][18.581s][info][gc,heap     ] GC(5) O: Old Generation Statistics:
[2026-04-03T01:24:56.876+0600][18.581s][info][gc,heap     ] GC(5) O:                Mark Start          Mark End        Relocate Start      Relocate End    
[2026-04-03T01:24:56.876+0600][18.581s][info][gc,heap     ] GC(5) O:      Used:       74M (2%)           74M (2%)           74M (2%)           72M (2%)     
[2026-04-03T01:24:56.876+0600][18.581s][info][gc,heap     ] GC(5) O:      Live:         -                38M (1%)           38M (1%)           38M (1%)     
[2026-04-03T01:24:56.876+0600][18.581s][info][gc,heap     ] GC(5) O:   Garbage:         -                35M (1%)           35M (1%)           30M (1%)     
[2026-04-03T01:24:56.876+0600][18.581s][info][gc,heap     ] GC(5) O: Allocated:         -                 0M (0%)            0M (0%)            2M (0%)     
[2026-04-03T01:24:56.876+0600][18.581s][info][gc,heap     ] GC(5) O: Reclaimed:         -                  -                 0M (0%)            4M (0%)     
[2026-04-03T01:24:56.876+0600][18.581s][info][gc,heap     ] GC(5) O: Compacted:         -                  -                  -                 1M (0%)     
[2026-04-03T01:24:56.876+0600][18.581s][info][gc,phases   ] GC(5) O: Old Generation 250M(6%)->738M(19%) 0.210s
[2026-04-03T01:24:56.876+0600][18.581s][info][gc          ] GC(5) Major Collection (Warmup) 714M(18%)->738M(19%) 0.272s
[2026-04-03T01:24:59.013+0600][20.718s][info][gc          ] GC(6) Major Collection (Warmup)
[2026-04-03T01:24:59.013+0600][20.718s][info][gc,task     ] GC(6) Using 3 Workers for Young Generation
[2026-04-03T01:24:59.013+0600][20.718s][info][gc,task     ] GC(6) Using 1 Workers for Old Generation
[2026-04-03T01:24:59.013+0600][20.718s][info][gc,phases   ] GC(6) Y: Young Generation
[2026-04-03T01:24:59.013+0600][20.718s][info][gc,phases   ] GC(6) Y: Pause Mark Start (Major) 0.023ms
[2026-04-03T01:24:59.077+0600][20.782s][info][gc,phases   ] GC(6) Y: Concurrent Mark 62.822ms
[2026-04-03T01:24:59.078+0600][20.783s][info][gc,phases   ] GC(6) Y: Pause Mark End 0.026ms
[2026-04-03T01:24:59.078+0600][20.783s][info][gc,phases   ] GC(6) Y: Concurrent Mark Free 0.003ms
[2026-04-03T01:24:59.078+0600][20.783s][info][gc,phases   ] GC(6) Y: Concurrent Reset Relocation Set 0.035ms
[2026-04-03T01:24:59.081+0600][20.786s][info][gc,reloc    ] GC(6) Y: Using tenuring threshold: 2 (Computed)
[2026-04-03T01:24:59.081+0600][20.786s][info][gc,phases   ] GC(6) Y: Concurrent Select Relocation Set 3.239ms
[2026-04-03T01:24:59.081+0600][20.786s][info][gc,phases   ] GC(6) Y: Pause Relocate Start 0.016ms
[2026-04-03T01:24:59.109+0600][20.814s][info][gc,phases   ] GC(6) Y: Concurrent Relocate 28.099ms
[2026-04-03T01:24:59.109+0600][20.815s][info][gc,alloc    ] GC(6) Y:                         Mark Start        Mark End      Relocate Start    Relocate End   
[2026-04-03T01:24:59.110+0600][20.815s][info][gc,alloc    ] GC(6) Y: Allocation Stalls:          0                0                0                0         
[2026-04-03T01:24:59.110+0600][20.815s][info][gc,load     ] GC(6) Y: Load: 3.36 (28%) / 4.87 (41%) / 5.50 (46%)
[2026-04-03T01:24:59.110+0600][20.815s][info][gc,mmu      ] GC(6) Y: MMU: 2ms/98.2%, 5ms/98.8%, 10ms/99.4%, 20ms/99.6%, 50ms/99.8%, 100ms/99.9%
[2026-04-03T01:24:59.110+0600][20.815s][info][gc,marking  ] GC(6) Y: Mark: 2 stripe(s), 3 proactive flush(es), 1 terminate flush(es), 0 completion(s), 0 continuation(s) 
[2026-04-03T01:24:59.110+0600][20.815s][info][gc,marking  ] GC(6) Y: Mark Stack Usage: 32M
[2026-04-03T01:24:59.110+0600][20.815s][info][gc,nmethod  ] GC(6) Y: NMethods: 8221 registered, 480 unregistered
[2026-04-03T01:24:59.110+0600][20.815s][info][gc,metaspace] GC(6) Y: Metaspace: 123M used, 125M committed, 1152M reserved
[2026-04-03T01:24:59.110+0600][20.815s][info][gc,reloc    ] GC(6) Y:                        Candidates     Selected     In-Place         Size        Empty    Relocated 
[2026-04-03T01:24:59.110+0600][20.815s][info][gc,reloc    ] GC(6) Y: Small Pages:                  409           98            0         818M         598M           7M 
[2026-04-03T01:24:59.110+0600][20.815s][info][gc,reloc    ] GC(6) Y: Medium Pages:                   4            2            0         128M          32M          16M 
[2026-04-03T01:24:59.110+0600][20.815s][info][gc,reloc    ] GC(6) Y: Large Pages:                    6            0            0          42M          42M           0M 
[2026-04-03T01:24:59.110+0600][20.815s][info][gc,reloc    ] GC(6) Y: Forwarding Usage: 2M
[2026-04-03T01:24:59.110+0600][20.815s][info][gc,reloc    ] GC(6) Y: Age Table:
[2026-04-03T01:24:59.110+0600][20.815s][info][gc,reloc    ] GC(6) Y:                    Live             Garbage             Small              Medium             Large        
[2026-04-03T01:24:59.110+0600][20.815s][info][gc,reloc    ] GC(6) Y: Eden              24M (1%)          903M (23%)        395 / 92             3 / 2              6 / 0        
[2026-04-03T01:24:59.110+0600][20.815s][info][gc,reloc    ] GC(6) Y: Survivor 1        14M (0%)           45M (1%)          14 / 6              1 / 0              0 / 0        
[2026-04-03T01:24:59.110+0600][20.815s][info][gc,heap     ] GC(6) Y: Min Capacity: 8M(0%)
[2026-04-03T01:24:59.110+0600][20.815s][info][gc,heap     ] GC(6) Y: Max Capacity: 3922M(100%)
[2026-04-03T01:24:59.110+0600][20.815s][info][gc,heap     ] GC(6) Y: Soft Max Capacity: 3529M(90%)
[2026-04-03T01:24:59.110+0600][20.815s][info][gc,heap     ] GC(6) Y: Heap Statistics:
[2026-04-03T01:24:59.110+0600][20.815s][info][gc,heap     ] GC(6) Y:                Mark Start          Mark End        Relocate Start      Relocate End           High               Low         
[2026-04-03T01:24:59.110+0600][20.815s][info][gc,heap     ] GC(6) Y:  Capacity:     1060M (27%)        1118M (29%)        1118M (29%)        1150M (29%)        1150M (29%)        1060M (27%)    
[2026-04-03T01:24:59.110+0600][20.815s][info][gc,heap     ] GC(6) Y:      Free:     2862M (73%)        2804M (71%)        3476M (89%)        3690M (94%)        3690M (94%)        2804M (71%)    
[2026-04-03T01:24:59.110+0600][20.815s][info][gc,heap     ] GC(6) Y:      Used:     1060M (27%)        1118M (29%)         446M (11%)         232M (6%)         1118M (29%)         232M (6%)     
[2026-04-03T01:24:59.110+0600][20.815s][info][gc,heap     ] GC(6) Y: Young Generation Statistics:
[2026-04-03T01:24:59.110+0600][20.815s][info][gc,heap     ] GC(6) Y:                Mark Start          Mark End        Relocate Start      Relocate End    
[2026-04-03T01:24:59.110+0600][20.815s][info][gc,heap     ] GC(6) Y:      Used:      988M (25%)        1046M (27%)         374M (10%)         160M (4%)     
[2026-04-03T01:24:59.110+0600][20.815s][info][gc,heap     ] GC(6) Y:      Live:         -                38M (1%)           38M (1%)           38M (1%)     
[2026-04-03T01:24:59.110+0600][20.815s][info][gc,heap     ] GC(6) Y:   Garbage:         -               949M (24%)         277M (7%)            1M (0%)     
[2026-04-03T01:24:59.110+0600][20.815s][info][gc,heap     ] GC(6) Y: Allocated:         -                58M (1%)           58M (1%)          119M (3%)     
[2026-04-03T01:24:59.110+0600][20.815s][info][gc,heap     ] GC(6) Y: Reclaimed:         -                  -               672M (17%)         947M (24%)    
[2026-04-03T01:24:59.110+0600][20.815s][info][gc,heap     ] GC(6) Y:  Promoted:         -                  -                 0M (0%)            0M (0%)     
[2026-04-03T01:24:59.110+0600][20.815s][info][gc,heap     ] GC(6) Y: Compacted:         -                  -                  -                26M (1%)     
[2026-04-03T01:24:59.110+0600][20.815s][info][gc,phases   ] GC(6) Y: Young Generation 1060M(27%)->232M(6%) 0.097s
[2026-04-03T01:24:59.110+0600][20.815s][info][gc,phases   ] GC(6) O: Old Generation
[2026-04-03T01:24:59.224+0600][20.929s][info][gc,phases   ] GC(6) O: Concurrent Mark 113.489ms
[2026-04-03T01:24:59.224+0600][20.929s][info][gc,phases   ] GC(6) O: Pause Mark End 0.035ms
[2026-04-03T01:24:59.224+0600][20.929s][info][gc,phases   ] GC(6) O: Concurrent Mark Free 0.003ms
[2026-04-03T01:24:59.266+0600][20.971s][info][gc,phases   ] GC(6) O: Concurrent Process Non-Strong 42.401ms
[2026-04-03T01:24:59.267+0600][20.972s][info][gc,phases   ] GC(6) O: Concurrent Reset Relocation Set 0.003ms
[2026-04-03T01:24:59.272+0600][20.977s][info][gc,phases   ] GC(6) O: Concurrent Select Relocation Set 5.439ms
[2026-04-03T01:24:59.272+0600][20.977s][info][gc,task     ] GC(6) O: Using 3 Workers for Old Generation
[2026-04-03T01:24:59.297+0600][21.002s][info][gc,task     ] GC(6) O: Using 1 Workers for Old Generation
[2026-04-03T01:24:59.297+0600][21.002s][info][gc,phases   ] GC(6) O: Concurrent Remap Roots 24.870ms
[2026-04-03T01:24:59.297+0600][21.002s][info][gc,phases   ] GC(6) O: Pause Relocate Start 0.020ms
[2026-04-03T01:24:59.300+0600][21.005s][info][gc,phases   ] GC(6) O: Concurrent Relocate 2.307ms
[2026-04-03T01:24:59.300+0600][21.005s][info][gc,alloc    ] GC(6) O:                         Mark Start        Mark End      Relocate Start    Relocate End   
[2026-04-03T01:24:59.300+0600][21.005s][info][gc,alloc    ] GC(6) O: Allocation Stalls:          0                0                0                0         
[2026-04-03T01:24:59.300+0600][21.005s][info][gc,load     ] GC(6) O: Load: 3.36 (28%) / 4.87 (41%) / 5.50 (46%)
[2026-04-03T01:24:59.300+0600][21.005s][info][gc,mmu      ] GC(6) O: MMU: 2ms/98.2%, 5ms/98.8%, 10ms/99.4%, 20ms/99.6%, 50ms/99.8%, 100ms/99.9%
[2026-04-03T01:24:59.300+0600][21.005s][info][gc,marking  ] GC(6) O: Mark: 1 stripe(s), 2 proactive flush(es), 1 terminate flush(es), 0 completion(s), 0 continuation(s) 
[2026-04-03T01:24:59.300+0600][21.005s][info][gc,marking  ] GC(6) O: Mark Stack Usage: 32M
[2026-04-03T01:24:59.300+0600][21.005s][info][gc,nmethod  ] GC(6) O: NMethods: 8062 registered, 854 unregistered
[2026-04-03T01:24:59.300+0600][21.005s][info][gc,metaspace] GC(6) O: Metaspace: 124M used, 125M committed, 1152M reserved
[2026-04-03T01:24:59.300+0600][21.005s][info][gc,ref      ] GC(6) O:                       Encountered   Discovered     Enqueued 
[2026-04-03T01:24:59.300+0600][21.005s][info][gc,ref      ] GC(6) O: Soft References:             6191            0            0 
[2026-04-03T01:24:59.300+0600][21.005s][info][gc,ref      ] GC(6) O: Weak References:            19834         2595            0 
[2026-04-03T01:24:59.300+0600][21.005s][info][gc,ref      ] GC(6) O: Final References:              84            0            0 
[2026-04-03T01:24:59.300+0600][21.005s][info][gc,ref      ] GC(6) O: Phantom References:           603          575            0 
[2026-04-03T01:24:59.300+0600][21.005s][info][gc,reloc    ] GC(6) O:                        Candidates     Selected     In-Place         Size        Empty    Relocated 
[2026-04-03T01:24:59.300+0600][21.005s][info][gc,reloc    ] GC(6) O: Small Pages:                   20            1            0          40M           0M           1M 
[2026-04-03T01:24:59.300+0600][21.005s][info][gc,reloc    ] GC(6) O: Medium Pages:                   1            0            0          32M           0M           0M 
[2026-04-03T01:24:59.300+0600][21.005s][info][gc,reloc    ] GC(6) O: Large Pages:                    0            0            0           0M           0M           0M 
[2026-04-03T01:24:59.300+0600][21.005s][info][gc,reloc    ] GC(6) O: Forwarding Usage: 0M
[2026-04-03T01:24:59.300+0600][21.005s][info][gc,heap     ] GC(6) O: Min Capacity: 8M(0%)
[2026-04-03T01:24:59.300+0600][21.005s][info][gc,heap     ] GC(6) O: Max Capacity: 3922M(100%)
[2026-04-03T01:24:59.300+0600][21.005s][info][gc,heap     ] GC(6) O: Soft Max Capacity: 3529M(90%)
[2026-04-03T01:24:59.300+0600][21.005s][info][gc,heap     ] GC(6) O: Heap Statistics:
[2026-04-03T01:24:59.300+0600][21.005s][info][gc,heap     ] GC(6) O:                Mark Start          Mark End        Relocate Start      Relocate End           High               Low         
[2026-04-03T01:24:59.300+0600][21.005s][info][gc,heap     ] GC(6) O:  Capacity:     1060M (27%)        1150M (29%)        1150M (29%)        1150M (29%)        1150M (29%)        1060M (27%)    
[2026-04-03T01:24:59.300+0600][21.005s][info][gc,heap     ] GC(6) O:      Free:     2862M (73%)        3682M (94%)        3680M (94%)        3678M (94%)        3690M (94%)        2804M (71%)    
[2026-04-03T01:24:59.300+0600][21.005s][info][gc,heap     ] GC(6) O:      Used:     1060M (27%)         240M (6%)          242M (6%)          244M (6%)         1118M (29%)         232M (6%)     
[2026-04-03T01:24:59.300+0600][21.005s][info][gc,heap     ] GC(6) O: Old Generation Statistics:
[2026-04-03T01:24:59.300+0600][21.005s][info][gc,heap     ] GC(6) O:                Mark Start          Mark End        Relocate Start      Relocate End    
[2026-04-03T01:24:59.300+0600][21.005s][info][gc,heap     ] GC(6) O:      Used:       72M (2%)           72M (2%)           72M (2%)           74M (2%)     
[2026-04-03T01:24:59.300+0600][21.005s][info][gc,heap     ] GC(6) O:      Live:         -                38M (1%)           38M (1%)           38M (1%)     
[2026-04-03T01:24:59.300+0600][21.005s][info][gc,heap     ] GC(6) O:   Garbage:         -                33M (1%)           33M (1%)           30M (1%)     
[2026-04-03T01:24:59.300+0600][21.005s][info][gc,heap     ] GC(6) O: Allocated:         -                 0M (0%)            0M (0%)            4M (0%)     
[2026-04-03T01:24:59.300+0600][21.005s][info][gc,heap     ] GC(6) O: Reclaimed:         -                  -                 0M (0%)            2M (0%)     
[2026-04-03T01:24:59.300+0600][21.005s][info][gc,heap     ] GC(6) O: Compacted:         -                  -                  -                 1M (0%)     
[2026-04-03T01:24:59.300+0600][21.005s][info][gc,phases   ] GC(6) O: Old Generation 232M(6%)->244M(6%) 0.190s
[2026-04-03T01:24:59.300+0600][21.005s][info][gc          ] GC(6) Major Collection (Warmup) 1060M(27%)->244M(6%) 0.287s
[2026-04-03T01:25:03.100+0600][24.805s][info][gc          ] GC(7) Major Collection (System.gc())
[2026-04-03T01:25:03.100+0600][24.805s][info][gc,task     ] GC(7) Using 3 Workers for Young Generation
[2026-04-03T01:25:03.100+0600][24.805s][info][gc,task     ] GC(7) Using 3 Workers for Old Generation
[2026-04-03T01:25:03.100+0600][24.805s][info][gc,phases   ] GC(7) Y: Young Generation (Promote All)
[2026-04-03T01:25:03.100+0600][24.805s][info][gc,phases   ] GC(7) Y: Pause Mark Start 0.023ms
[2026-04-03T01:25:03.160+0600][24.865s][info][gc,phases   ] GC(7) Y: Concurrent Mark 60.151ms
[2026-04-03T01:25:03.160+0600][24.865s][info][gc,phases   ] GC(7) Y: Pause Mark End 0.021ms
[2026-04-03T01:25:03.160+0600][24.865s][info][gc,phases   ] GC(7) Y: Concurrent Mark Free 0.002ms
[2026-04-03T01:25:03.161+0600][24.866s][info][gc,phases   ] GC(7) Y: Concurrent Reset Relocation Set 0.023ms
[2026-04-03T01:25:03.166+0600][24.871s][info][gc,reloc    ] GC(7) Y: Using tenuring threshold: 0 (Promote All)
[2026-04-03T01:25:03.184+0600][24.889s][info][gc,phases   ] GC(7) Y: Concurrent Select Relocation Set 23.783ms
[2026-04-03T01:25:03.185+0600][24.890s][info][gc,phases   ] GC(7) Y: Pause Relocate Start 0.025ms
[2026-04-03T01:25:03.213+0600][24.918s][info][gc,phases   ] GC(7) Y: Concurrent Relocate 27.955ms
[2026-04-03T01:25:03.213+0600][24.918s][info][gc,alloc    ] GC(7) Y:                         Mark Start        Mark End      Relocate Start    Relocate End   
[2026-04-03T01:25:03.213+0600][24.918s][info][gc,alloc    ] GC(7) Y: Allocation Stalls:          0                0                0                0         
[2026-04-03T01:25:03.213+0600][24.918s][info][gc,load     ] GC(7) Y: Load: 3.36 (28%) / 4.87 (41%) / 5.50 (46%)
[2026-04-03T01:25:03.213+0600][24.918s][info][gc,mmu      ] GC(7) Y: MMU: 2ms/98.2%, 5ms/98.8%, 10ms/99.4%, 20ms/99.6%, 50ms/99.8%, 100ms/99.9%
[2026-04-03T01:25:03.213+0600][24.918s][info][gc,marking  ] GC(7) Y: Mark: 2 stripe(s), 10 proactive flush(es), 1 terminate flush(es), 0 completion(s), 0 continuation(s) 
[2026-04-03T01:25:03.213+0600][24.918s][info][gc,marking  ] GC(7) Y: Mark Stack Usage: 32M
[2026-04-03T01:25:03.213+0600][24.918s][info][gc,nmethod  ] GC(7) Y: NMethods: 11250 registered, 0 unregistered
[2026-04-03T01:25:03.213+0600][24.918s][info][gc,metaspace] GC(7) Y: Metaspace: 129M used, 131M committed, 1152M reserved
[2026-04-03T01:25:03.213+0600][24.918s][info][gc,reloc    ] GC(7) Y:                        Candidates     Selected     In-Place         Size        Empty    Relocated 
[2026-04-03T01:25:03.213+0600][24.918s][info][gc,reloc    ] GC(7) Y: Small Pages:                  761          166            0        1522M        1162M           6M 
[2026-04-03T01:25:03.213+0600][24.918s][info][gc,reloc    ] GC(7) Y: Medium Pages:                   4            1            0         128M          64M          16M 
[2026-04-03T01:25:03.213+0600][24.918s][info][gc,reloc    ] GC(7) Y: Large Pages:                   11            0            0          66M          66M           0M 
[2026-04-03T01:25:03.213+0600][24.918s][info][gc,reloc    ] GC(7) Y: Forwarding Usage: 2M
[2026-04-03T01:25:03.213+0600][24.918s][info][gc,reloc    ] GC(7) Y: Age Table:
[2026-04-03T01:25:03.213+0600][24.918s][info][gc,reloc    ] GC(7) Y:                    Live             Garbage             Small              Medium             Large        
[2026-04-03T01:25:03.213+0600][24.918s][info][gc,reloc    ] GC(7) Y: Eden               6M (0%)         1609M (41%)        743 / 158            2 / 0             11 / 0        
[2026-04-03T01:25:03.213+0600][24.918s][info][gc,reloc    ] GC(7) Y: Survivor 1        22M (1%)           25M (1%)           8 / 5              1 / 1              0 / 0        
[2026-04-03T01:25:03.213+0600][24.918s][info][gc,reloc    ] GC(7) Y: Survivor 2        14M (0%)           37M (1%)          10 / 3              1 / 0              0 / 0        
[2026-04-03T01:25:03.213+0600][24.918s][info][gc,heap     ] GC(7) Y: Min Capacity: 8M(0%)
[2026-04-03T01:25:03.213+0600][24.918s][info][gc,heap     ] GC(7) Y: Max Capacity: 3922M(100%)
[2026-04-03T01:25:03.213+0600][24.918s][info][gc,heap     ] GC(7) Y: Soft Max Capacity: 3529M(90%)
[2026-04-03T01:25:03.213+0600][24.918s][info][gc,heap     ] GC(7) Y: Heap Statistics:
[2026-04-03T01:25:03.213+0600][24.918s][info][gc,heap     ] GC(7) Y:                Mark Start          Mark End        Relocate Start      Relocate End           High               Low         
[2026-04-03T01:25:03.213+0600][24.918s][info][gc,heap     ] GC(7) Y:  Capacity:     1790M (46%)        1790M (46%)        1790M (46%)        1790M (46%)        1790M (46%)        1790M (46%)    
[2026-04-03T01:25:03.213+0600][24.918s][info][gc,heap     ] GC(7) Y:      Free:     2132M (54%)        2132M (54%)        3422M (87%)        3782M (96%)        3782M (96%)        2132M (54%)    
[2026-04-03T01:25:03.213+0600][24.918s][info][gc,heap     ] GC(7) Y:      Used:     1790M (46%)        1790M (46%)         500M (13%)         140M (4%)         1790M (46%)         140M (4%)     
[2026-04-03T01:25:03.213+0600][24.918s][info][gc,heap     ] GC(7) Y: Young Generation Statistics:
[2026-04-03T01:25:03.213+0600][24.918s][info][gc,heap     ] GC(7) Y:                Mark Start          Mark End        Relocate Start      Relocate End    
[2026-04-03T01:25:03.213+0600][24.918s][info][gc,heap     ] GC(7) Y:      Used:     1716M (44%)        1716M (44%)         408M (10%)           2M (0%)     
[2026-04-03T01:25:03.213+0600][24.918s][info][gc,heap     ] GC(7) Y:      Live:         -                42M (1%)           25M (1%)            0M (0%)     
[2026-04-03T01:25:03.213+0600][24.918s][info][gc,heap     ] GC(7) Y:   Garbage:         -              1673M (43%)         380M (10%)           0M (0%)     
[2026-04-03T01:25:03.213+0600][24.918s][info][gc,heap     ] GC(7) Y: Allocated:         -                 0M (0%)            2M (0%)            2M (0%)     
[2026-04-03T01:25:03.213+0600][24.918s][info][gc,heap     ] GC(7) Y: Reclaimed:         -                  -              1292M (33%)        1673M (43%)    
[2026-04-03T01:25:03.213+0600][24.918s][info][gc,heap     ] GC(7) Y:  Promoted:         -                  -                17M (0%)           42M (1%)     
[2026-04-03T01:25:03.213+0600][24.918s][info][gc,heap     ] GC(7) Y: Compacted:         -                  -                  -                 0M (0%)     
[2026-04-03T01:25:03.213+0600][24.918s][info][gc,phases   ] GC(7) Y: Young Generation (Promote All) 1790M(46%)->140M(4%) 0.113s
[2026-04-03T01:25:03.213+0600][24.918s][info][gc,phases   ] GC(7) Y: Young Generation (Collect Roots)
[2026-04-03T01:25:03.213+0600][24.918s][info][gc,phases   ] GC(7) Y: Pause Mark Start (Major) 0.021ms
[2026-04-03T01:25:03.226+0600][24.931s][info][gc,phases   ] GC(7) Y: Concurrent Mark 12.981ms
[2026-04-03T01:25:03.227+0600][24.932s][info][gc,phases   ] GC(7) Y: Pause Mark End 0.019ms
[2026-04-03T01:25:03.227+0600][24.932s][info][gc,phases   ] GC(7) Y: Concurrent Mark Free 0.001ms
[2026-04-03T01:25:03.227+0600][24.932s][info][gc,phases   ] GC(7) Y: Concurrent Reset Relocation Set 0.034ms
[2026-04-03T01:25:03.228+0600][24.933s][info][gc,reloc    ] GC(7) Y: Using tenuring threshold: 1 (Computed)
[2026-04-03T01:25:03.228+0600][24.933s][info][gc,phases   ] GC(7) Y: Concurrent Select Relocation Set 1.441ms
[2026-04-03T01:25:03.228+0600][24.933s][info][gc,phases   ] GC(7) Y: Pause Relocate Start 0.012ms
[2026-04-03T01:25:03.229+0600][24.934s][info][gc,phases   ] GC(7) Y: Concurrent Relocate 0.101ms
[2026-04-03T01:25:03.229+0600][24.934s][info][gc,alloc    ] GC(7) Y:                         Mark Start        Mark End      Relocate Start    Relocate End   
[2026-04-03T01:25:03.229+0600][24.934s][info][gc,alloc    ] GC(7) Y: Allocation Stalls:          0                0                0                0         
[2026-04-03T01:25:03.229+0600][24.934s][info][gc,load     ] GC(7) Y: Load: 3.36 (28%) / 4.87 (41%) / 5.50 (46%)
[2026-04-03T01:25:03.229+0600][24.934s][info][gc,mmu      ] GC(7) Y: MMU: 2ms/98.2%, 5ms/98.8%, 10ms/99.4%, 20ms/99.6%, 50ms/99.8%, 100ms/99.9%
[2026-04-03T01:25:03.229+0600][24.934s][info][gc,marking  ] GC(7) Y: Mark: 2 stripe(s), 1 proactive flush(es), 1 terminate flush(es), 0 completion(s), 0 continuation(s) 
[2026-04-03T01:25:03.229+0600][24.934s][info][gc,marking  ] GC(7) Y: Mark Stack Usage: 32M
[2026-04-03T01:25:03.229+0600][24.934s][info][gc,nmethod  ] GC(7) Y: NMethods: 11250 registered, 0 unregistered
[2026-04-03T01:25:03.229+0600][24.934s][info][gc,metaspace] GC(7) Y: Metaspace: 129M used, 131M committed, 1152M reserved
[2026-04-03T01:25:03.229+0600][24.934s][info][gc,reloc    ] GC(7) Y:                        Candidates     Selected     In-Place         Size        Empty    Relocated 
[2026-04-03T01:25:03.229+0600][24.934s][info][gc,reloc    ] GC(7) Y: Small Pages:                    1            0            0           2M           0M           0M 
[2026-04-03T01:25:03.229+0600][24.934s][info][gc,reloc    ] GC(7) Y: Medium Pages:                   0            0            0           0M           0M           0M 
[2026-04-03T01:25:03.229+0600][24.934s][info][gc,reloc    ] GC(7) Y: Large Pages:                    0            0            0           0M           0M           0M 
[2026-04-03T01:25:03.229+0600][24.934s][info][gc,reloc    ] GC(7) Y: Forwarding Usage: 0M
[2026-04-03T01:25:03.229+0600][24.934s][info][gc,reloc    ] GC(7) Y: Age Table:
[2026-04-03T01:25:03.229+0600][24.934s][info][gc,reloc    ] GC(7) Y:                    Live             Garbage             Small              Medium             Large        
[2026-04-03T01:25:03.229+0600][24.934s][info][gc,reloc    ] GC(7) Y: Eden               0M (0%)            1M (0%)           1 / 0              0 / 0              0 / 0        
[2026-04-03T01:25:03.229+0600][24.934s][info][gc,heap     ] GC(7) Y: Min Capacity: 8M(0%)
[2026-04-03T01:25:03.229+0600][24.934s][info][gc,heap     ] GC(7) Y: Max Capacity: 3922M(100%)
[2026-04-03T01:25:03.229+0600][24.934s][info][gc,heap     ] GC(7) Y: Soft Max Capacity: 3529M(90%)
[2026-04-03T01:25:03.229+0600][24.934s][info][gc,heap     ] GC(7) Y: Heap Statistics:
[2026-04-03T01:25:03.229+0600][24.934s][info][gc,heap     ] GC(7) Y:                Mark Start          Mark End        Relocate Start      Relocate End           High               Low         
[2026-04-03T01:25:03.229+0600][24.934s][info][gc,heap     ] GC(7) Y:  Capacity:     1790M (46%)        1790M (46%)        1790M (46%)        1790M (46%)        1790M (46%)        1790M (46%)    
[2026-04-03T01:25:03.229+0600][24.934s][info][gc,heap     ] GC(7) Y:      Free:     3782M (96%)        3782M (96%)        3782M (96%)        3782M (96%)        3782M (96%)        3782M (96%)    
[2026-04-03T01:25:03.229+0600][24.934s][info][gc,heap     ] GC(7) Y:      Used:      140M (4%)          140M (4%)          140M (4%)          140M (4%)          140M (4%)          140M (4%)     
[2026-04-03T01:25:03.229+0600][24.934s][info][gc,heap     ] GC(7) Y: Young Generation Statistics:
[2026-04-03T01:25:03.229+0600][24.934s][info][gc,heap     ] GC(7) Y:                Mark Start          Mark End        Relocate Start      Relocate End    
[2026-04-03T01:25:03.229+0600][24.934s][info][gc,heap     ] GC(7) Y:      Used:        2M (0%)            2M (0%)            2M (0%)            2M (0%)     
[2026-04-03T01:25:03.229+0600][24.934s][info][gc,heap     ] GC(7) Y:      Live:         -                 0M (0%)            0M (0%)            0M (0%)     
[2026-04-03T01:25:03.229+0600][24.934s][info][gc,heap     ] GC(7) Y:   Garbage:         -                 1M (0%)            1M (0%)            1M (0%)     
[2026-04-03T01:25:03.229+0600][24.934s][info][gc,heap     ] GC(7) Y: Allocated:         -                 0M (0%)            0M (0%)            0M (0%)     
[2026-04-03T01:25:03.229+0600][24.934s][info][gc,heap     ] GC(7) Y: Reclaimed:         -                  -                 0M (0%)            0M (0%)     
[2026-04-03T01:25:03.229+0600][24.934s][info][gc,heap     ] GC(7) Y:  Promoted:         -                  -                 0M (0%)            0M (0%)     
[2026-04-03T01:25:03.229+0600][24.934s][info][gc,heap     ] GC(7) Y: Compacted:         -                  -                  -                 0M (0%)     
[2026-04-03T01:25:03.229+0600][24.934s][info][gc,phases   ] GC(7) Y: Young Generation (Collect Roots) 140M(4%)->140M(4%) 0.016s
[2026-04-03T01:25:03.229+0600][24.934s][info][gc,phases   ] GC(7) O: Old Generation
[2026-04-03T01:25:03.280+0600][24.985s][info][gc,phases   ] GC(7) O: Concurrent Mark 50.666ms
[2026-04-03T01:25:03.280+0600][24.985s][info][gc,phases   ] GC(7) O: Pause Mark End 0.027ms
[2026-04-03T01:25:03.280+0600][24.985s][info][gc,phases   ] GC(7) O: Concurrent Mark Free 0.002ms
[2026-04-03T01:25:03.308+0600][25.013s][info][gc,phases   ] GC(7) O: Concurrent Process Non-Strong 27.736ms
[2026-04-03T01:25:03.308+0600][25.013s][info][gc,phases   ] GC(7) O: Concurrent Reset Relocation Set 0.001ms
[2026-04-03T01:25:03.312+0600][25.017s][info][gc,phases   ] GC(7) O: Concurrent Select Relocation Set 4.090ms
[2026-04-03T01:25:03.312+0600][25.017s][info][gc,task     ] GC(7) O: Using 3 Workers for Old Generation
[2026-04-03T01:25:03.336+0600][25.041s][info][gc,task     ] GC(7) O: Using 3 Workers for Old Generation
[2026-04-03T01:25:03.336+0600][25.042s][info][gc,phases   ] GC(7) O: Concurrent Remap Roots 24.660ms
[2026-04-03T01:25:03.337+0600][25.042s][info][gc,phases   ] GC(7) O: Pause Relocate Start 0.033ms
[2026-04-03T01:25:03.359+0600][25.064s][info][gc,phases   ] GC(7) O: Concurrent Relocate 21.420ms
[2026-04-03T01:25:03.359+0600][25.064s][info][gc,alloc    ] GC(7) O:                         Mark Start        Mark End      Relocate Start    Relocate End   
[2026-04-03T01:25:03.359+0600][25.064s][info][gc,alloc    ] GC(7) O: Allocation Stalls:          0                0                0                0         
[2026-04-03T01:25:03.359+0600][25.064s][info][gc,load     ] GC(7) O: Load: 3.36 (28%) / 4.87 (41%) / 5.50 (46%)
[2026-04-03T01:25:03.359+0600][25.064s][info][gc,mmu      ] GC(7) O: MMU: 2ms/98.2%, 5ms/98.8%, 10ms/99.4%, 20ms/99.6%, 50ms/99.8%, 100ms/99.9%
[2026-04-03T01:25:03.359+0600][25.064s][info][gc,marking  ] GC(7) O: Mark: 2 stripe(s), 1 proactive flush(es), 1 terminate flush(es), 0 completion(s), 0 continuation(s) 
[2026-04-03T01:25:03.359+0600][25.064s][info][gc,marking  ] GC(7) O: Mark Stack Usage: 32M
[2026-04-03T01:25:03.359+0600][25.064s][info][gc,nmethod  ] GC(7) O: NMethods: 10451 registered, 830 unregistered
[2026-04-03T01:25:03.359+0600][25.064s][info][gc,metaspace] GC(7) O: Metaspace: 128M used, 131M committed, 1152M reserved
[2026-04-03T01:25:03.359+0600][25.064s][info][gc,ref      ] GC(7) O:                       Encountered   Discovered     Enqueued 
[2026-04-03T01:25:03.359+0600][25.064s][info][gc,ref      ] GC(7) O: Soft References:             6837            0            0 
[2026-04-03T01:25:03.359+0600][25.064s][info][gc,ref      ] GC(7) O: Weak References:            23079        15719         7026 
[2026-04-03T01:25:03.359+0600][25.064s][info][gc,ref      ] GC(7) O: Final References:              84           68            0 
[2026-04-03T01:25:03.359+0600][25.064s][info][gc,ref      ] GC(7) O: Phantom References:           604          347            2 
[2026-04-03T01:25:03.359+0600][25.064s][info][gc,reloc    ] GC(7) O:                        Candidates     Selected     In-Place         Size        Empty    Relocated 
[2026-04-03T01:25:03.359+0600][25.064s][info][gc,reloc    ] GC(7) O: Small Pages:                   37            5            0          74M           2M           3M 
[2026-04-03T01:25:03.359+0600][25.064s][info][gc,reloc    ] GC(7) O: Medium Pages:                   2            1            0          64M           0M          17M 
[2026-04-03T01:25:03.359+0600][25.064s][info][gc,reloc    ] GC(7) O: Large Pages:                    0            0            0           0M           0M           0M 
[2026-04-03T01:25:03.359+0600][25.064s][info][gc,reloc    ] GC(7) O: Forwarding Usage: 3M
[2026-04-03T01:25:03.359+0600][25.064s][info][gc,heap     ] GC(7) O: Min Capacity: 8M(0%)
[2026-04-03T01:25:03.359+0600][25.064s][info][gc,heap     ] GC(7) O: Max Capacity: 3922M(100%)
[2026-04-03T01:25:03.359+0600][25.064s][info][gc,heap     ] GC(7) O: Soft Max Capacity: 3529M(90%)
[2026-04-03T01:25:03.359+0600][25.064s][info][gc,heap     ] GC(7) O: Heap Statistics:
[2026-04-03T01:25:03.359+0600][25.064s][info][gc,heap     ] GC(7) O:                Mark Start          Mark End        Relocate Start      Relocate End           High               Low         
[2026-04-03T01:25:03.359+0600][25.065s][info][gc,heap     ] GC(7) O:  Capacity:     1790M (46%)        1790M (46%)        1790M (46%)        1790M (46%)        1790M (46%)        1790M (46%)    
[2026-04-03T01:25:03.359+0600][25.065s][info][gc,heap     ] GC(7) O:      Free:     3782M (96%)        3780M (96%)        3770M (96%)        3794M (97%)        3794M (97%)        3734M (95%)    
[2026-04-03T01:25:03.360+0600][25.065s][info][gc,heap     ] GC(7) O:      Used:      140M (4%)          142M (4%)          152M (4%)          128M (3%)          188M (5%)          128M (3%)     
[2026-04-03T01:25:03.360+0600][25.065s][info][gc,heap     ] GC(7) O: Old Generation Statistics:
[2026-04-03T01:25:03.360+0600][25.065s][info][gc,heap     ] GC(7) O:                Mark Start          Mark End        Relocate Start      Relocate End    
[2026-04-03T01:25:03.360+0600][25.065s][info][gc,heap     ] GC(7) O:      Used:      138M (4%)          138M (4%)          136M (3%)          108M (3%)     
[2026-04-03T01:25:03.360+0600][25.065s][info][gc,heap     ] GC(7) O:      Live:         -                79M (2%)           79M (2%)           79M (2%)     
[2026-04-03T01:25:03.360+0600][25.065s][info][gc,heap     ] GC(7) O:   Garbage:         -                58M (1%)           56M (1%)            4M (0%)     
[2026-04-03T01:25:03.360+0600][25.065s][info][gc,heap     ] GC(7) O: Allocated:         -                 0M (0%)            0M (0%)           24M (1%)     
[2026-04-03T01:25:03.360+0600][25.065s][info][gc,heap     ] GC(7) O: Reclaimed:         -                  -                 2M (0%)           54M (1%)     
[2026-04-03T01:25:03.360+0600][25.065s][info][gc,heap     ] GC(7) O: Compacted:         -                  -                  -                33M (1%)     
[2026-04-03T01:25:03.360+0600][25.065s][info][gc,phases   ] GC(7) O: Old Generation 140M(4%)->128M(3%) 0.130s
[2026-04-03T01:25:03.360+0600][25.065s][info][gc          ] GC(7) Major Collection (System.gc()) 1790M(46%)->128M(3%) 0.260s
[2026-04-03T01:25:05.463+0600][27.168s][info][gc          ] GC(8) Major Collection (System.gc())
[2026-04-03T01:25:05.463+0600][27.168s][info][gc,task     ] GC(8) Using 3 Workers for Young Generation
[2026-04-03T01:25:05.463+0600][27.168s][info][gc,task     ] GC(8) Using 3 Workers for Old Generation
[2026-04-03T01:25:05.463+0600][27.168s][info][gc,phases   ] GC(8) Y: Young Generation (Promote All)
[2026-04-03T01:25:05.464+0600][27.169s][info][gc,phases   ] GC(8) Y: Pause Mark Start 0.026ms
[2026-04-03T01:25:05.487+0600][27.192s][info][gc,phases   ] GC(8) Y: Concurrent Mark 22.783ms
[2026-04-03T01:25:05.487+0600][27.192s][info][gc,phases   ] GC(8) Y: Pause Mark End 0.030ms
[2026-04-03T01:25:05.487+0600][27.192s][info][gc,phases   ] GC(8) Y: Concurrent Mark Free 0.003ms
[2026-04-03T01:25:05.487+0600][27.192s][info][gc,phases   ] GC(8) Y: Concurrent Reset Relocation Set 0.001ms
[2026-04-03T01:25:05.491+0600][27.196s][info][gc,reloc    ] GC(8) Y: Using tenuring threshold: 0 (Promote All)
[2026-04-03T01:25:05.493+0600][27.198s][info][gc,phases   ] GC(8) Y: Concurrent Select Relocation Set 5.943ms
[2026-04-03T01:25:05.493+0600][27.198s][info][gc,phases   ] GC(8) Y: Pause Relocate Start 0.027ms
[2026-04-03T01:25:05.498+0600][27.203s][info][gc,phases   ] GC(8) Y: Concurrent Relocate 4.115ms
[2026-04-03T01:25:05.498+0600][27.203s][info][gc,alloc    ] GC(8) Y:                         Mark Start        Mark End      Relocate Start    Relocate End   
[2026-04-03T01:25:05.498+0600][27.203s][info][gc,alloc    ] GC(8) Y: Allocation Stalls:          0                0                0                0         
[2026-04-03T01:25:05.498+0600][27.203s][info][gc,load     ] GC(8) Y: Load: 3.41 (28%) / 4.85 (40%) / 5.49 (46%)
[2026-04-03T01:25:05.498+0600][27.203s][info][gc,mmu      ] GC(8) Y: MMU: 2ms/98.2%, 5ms/98.8%, 10ms/99.4%, 20ms/99.6%, 50ms/99.8%, 100ms/99.9%
[2026-04-03T01:25:05.498+0600][27.203s][info][gc,marking  ] GC(8) Y: Mark: 2 stripe(s), 3 proactive flush(es), 1 terminate flush(es), 0 completion(s), 0 continuation(s) 
[2026-04-03T01:25:05.498+0600][27.203s][info][gc,marking  ] GC(8) Y: Mark Stack Usage: 32M
[2026-04-03T01:25:05.498+0600][27.203s][info][gc,nmethod  ] GC(8) Y: NMethods: 11823 registered, 0 unregistered
[2026-04-03T01:25:05.498+0600][27.203s][info][gc,metaspace] GC(8) Y: Metaspace: 129M used, 131M committed, 1152M reserved
[2026-04-03T01:25:05.498+0600][27.203s][info][gc,reloc    ] GC(8) Y:                        Candidates     Selected     In-Place         Size        Empty    Relocated 
[2026-04-03T01:25:05.498+0600][27.203s][info][gc,reloc    ] GC(8) Y: Small Pages:                  787          114            0        1574M        1342M           2M 
[2026-04-03T01:25:05.498+0600][27.203s][info][gc,reloc    ] GC(8) Y: Medium Pages:                   2            0            0          64M          64M           0M 
[2026-04-03T01:25:05.498+0600][27.203s][info][gc,reloc    ] GC(8) Y: Large Pages:                   14            0            0          84M          84M           0M 
[2026-04-03T01:25:05.498+0600][27.203s][info][gc,reloc    ] GC(8) Y: Forwarding Usage: 0M
[2026-04-03T01:25:05.498+0600][27.203s][info][gc,reloc    ] GC(8) Y: Age Table:
[2026-04-03T01:25:05.498+0600][27.203s][info][gc,reloc    ] GC(8) Y:                    Live             Garbage             Small              Medium             Large        
[2026-04-03T01:25:05.498+0600][27.203s][info][gc,reloc    ] GC(8) Y: Eden               2M (0%)         1717M (44%)        786 / 114            2 / 0             14 / 0        
[2026-04-03T01:25:05.498+0600][27.203s][info][gc,reloc    ] GC(8) Y: Survivor 1          -                 2M (0%)           1 / 0              0 / 0              0 / 0        
[2026-04-03T01:25:05.498+0600][27.203s][info][gc,heap     ] GC(8) Y: Min Capacity: 8M(0%)
[2026-04-03T01:25:05.498+0600][27.203s][info][gc,heap     ] GC(8) Y: Max Capacity: 3922M(100%)
[2026-04-03T01:25:05.498+0600][27.203s][info][gc,heap     ] GC(8) Y: Soft Max Capacity: 3529M(90%)
[2026-04-03T01:25:05.498+0600][27.203s][info][gc,heap     ] GC(8) Y: Heap Statistics:
[2026-04-03T01:25:05.498+0600][27.203s][info][gc,heap     ] GC(8) Y:                Mark Start          Mark End        Relocate Start      Relocate End           High               Low         
[2026-04-03T01:25:05.498+0600][27.203s][info][gc,heap     ] GC(8) Y:  Capacity:     1830M (47%)        1840M (47%)        1840M (47%)        1840M (47%)        1840M (47%)        1830M (47%)    
[2026-04-03T01:25:05.498+0600][27.203s][info][gc,heap     ] GC(8) Y:      Free:     2092M (53%)        2082M (53%)        3572M (91%)        3798M (97%)        3798M (97%)        2082M (53%)    
[2026-04-03T01:25:05.498+0600][27.203s][info][gc,heap     ] GC(8) Y:      Used:     1830M (47%)        1840M (47%)         350M (9%)          124M (3%)         1840M (47%)         124M (3%)     
[2026-04-03T01:25:05.498+0600][27.203s][info][gc,heap     ] GC(8) Y: Young Generation Statistics:
[2026-04-03T01:25:05.498+0600][27.203s][info][gc,heap     ] GC(8) Y:                Mark Start          Mark End        Relocate Start      Relocate End    
[2026-04-03T01:25:05.498+0600][27.203s][info][gc,heap     ] GC(8) Y:      Used:     1722M (44%)        1732M (44%)         242M (6%)           10M (0%)     
[2026-04-03T01:25:05.498+0600][27.203s][info][gc,heap     ] GC(8) Y:      Live:         -                 2M (0%)            2M (0%)            0M (0%)     
[2026-04-03T01:25:05.498+0600][27.203s][info][gc,heap     ] GC(8) Y:   Garbage:         -              1719M (44%)         229M (6%)            0M (0%)     
[2026-04-03T01:25:05.498+0600][27.203s][info][gc,heap     ] GC(8) Y: Allocated:         -                10M (0%)           10M (0%)           10M (0%)     
[2026-04-03T01:25:05.498+0600][27.203s][info][gc,heap     ] GC(8) Y: Reclaimed:         -                  -              1490M (38%)        1719M (44%)    
[2026-04-03T01:25:05.498+0600][27.203s][info][gc,heap     ] GC(8) Y:  Promoted:         -                  -                 0M (0%)            2M (0%)     
[2026-04-03T01:25:05.498+0600][27.203s][info][gc,heap     ] GC(8) Y: Compacted:         -                  -                  -                 0M (0%)     
[2026-04-03T01:25:05.498+0600][27.203s][info][gc,phases   ] GC(8) Y: Young Generation (Promote All) 1830M(47%)->124M(3%) 0.034s
[2026-04-03T01:25:05.498+0600][27.203s][info][gc,phases   ] GC(8) Y: Young Generation (Collect Roots)
[2026-04-03T01:25:05.499+0600][27.204s][info][gc,phases   ] GC(8) Y: Pause Mark Start (Major) 0.030ms
[2026-04-03T01:25:05.517+0600][27.222s][info][gc,phases   ] GC(8) Y: Concurrent Mark 18.320ms
[2026-04-03T01:25:05.517+0600][27.222s][info][gc,phases   ] GC(8) Y: Pause Mark End 0.025ms
[2026-04-03T01:25:05.518+0600][27.223s][info][gc,phases   ] GC(8) Y: Concurrent Mark Free 0.002ms
[2026-04-03T01:25:05.518+0600][27.223s][info][gc,phases   ] GC(8) Y: Concurrent Reset Relocation Set 0.023ms
[2026-04-03T01:25:05.522+0600][27.227s][info][gc,reloc    ] GC(8) Y: Using tenuring threshold: 1 (Computed)
[2026-04-03T01:25:05.523+0600][27.228s][info][gc,phases   ] GC(8) Y: Concurrent Select Relocation Set 4.731ms
[2026-04-03T01:25:05.523+0600][27.228s][info][gc,phases   ] GC(8) Y: Pause Relocate Start 0.015ms
[2026-04-03T01:25:05.523+0600][27.228s][info][gc,phases   ] GC(8) Y: Concurrent Relocate 0.400ms
[2026-04-03T01:25:05.523+0600][27.228s][info][gc,alloc    ] GC(8) Y:                         Mark Start        Mark End      Relocate Start    Relocate End   
[2026-04-03T01:25:05.523+0600][27.228s][info][gc,alloc    ] GC(8) Y: Allocation Stalls:          0                0                0                0         
[2026-04-03T01:25:05.523+0600][27.228s][info][gc,load     ] GC(8) Y: Load: 3.41 (28%) / 4.85 (40%) / 5.49 (46%)
[2026-04-03T01:25:05.523+0600][27.228s][info][gc,mmu      ] GC(8) Y: MMU: 2ms/98.2%, 5ms/98.8%, 10ms/99.4%, 20ms/99.6%, 50ms/99.7%, 100ms/99.8%
[2026-04-03T01:25:05.523+0600][27.229s][info][gc,marking  ] GC(8) Y: Mark: 2 stripe(s), 1 proactive flush(es), 1 terminate flush(es), 0 completion(s), 0 continuation(s) 
[2026-04-03T01:25:05.523+0600][27.229s][info][gc,marking  ] GC(8) Y: Mark Stack Usage: 32M
[2026-04-03T01:25:05.523+0600][27.229s][info][gc,nmethod  ] GC(8) Y: NMethods: 11824 registered, 0 unregistered
[2026-04-03T01:25:05.523+0600][27.229s][info][gc,metaspace] GC(8) Y: Metaspace: 129M used, 131M committed, 1152M reserved
[2026-04-03T01:25:05.524+0600][27.229s][info][gc,reloc    ] GC(8) Y:                        Candidates     Selected     In-Place         Size        Empty    Relocated 
[2026-04-03T01:25:05.524+0600][27.229s][info][gc,reloc    ] GC(8) Y: Small Pages:                    5            4            0          10M           0M           0M 
[2026-04-03T01:25:05.524+0600][27.229s][info][gc,reloc    ] GC(8) Y: Medium Pages:                   0            0            0           0M           0M           0M 
[2026-04-03T01:25:05.524+0600][27.229s][info][gc,reloc    ] GC(8) Y: Large Pages:                    0            0            0           0M           0M           0M 
[2026-04-03T01:25:05.524+0600][27.229s][info][gc,reloc    ] GC(8) Y: Forwarding Usage: 0M
[2026-04-03T01:25:05.524+0600][27.229s][info][gc,reloc    ] GC(8) Y: Age Table:
[2026-04-03T01:25:05.524+0600][27.229s][info][gc,reloc    ] GC(8) Y:                    Live             Garbage             Small              Medium             Large        
[2026-04-03T01:25:05.524+0600][27.229s][info][gc,reloc    ] GC(8) Y: Eden               0M (0%)            9M (0%)           5 / 4              0 / 0              0 / 0        
[2026-04-03T01:25:05.524+0600][27.229s][info][gc,heap     ] GC(8) Y: Min Capacity: 8M(0%)
[2026-04-03T01:25:05.524+0600][27.229s][info][gc,heap     ] GC(8) Y: Max Capacity: 3922M(100%)
[2026-04-03T01:25:05.524+0600][27.229s][info][gc,heap     ] GC(8) Y: Soft Max Capacity: 3529M(90%)
[2026-04-03T01:25:05.524+0600][27.229s][info][gc,heap     ] GC(8) Y: Heap Statistics:
[2026-04-03T01:25:05.524+0600][27.229s][info][gc,heap     ] GC(8) Y:                Mark Start          Mark End        Relocate Start      Relocate End           High               Low         
[2026-04-03T01:25:05.524+0600][27.229s][info][gc,heap     ] GC(8) Y:  Capacity:     1840M (47%)        1840M (47%)        1840M (47%)        1840M (47%)        1840M (47%)        1840M (47%)    
[2026-04-03T01:25:05.524+0600][27.229s][info][gc,heap     ] GC(8) Y:      Free:     3798M (97%)        3798M (97%)        3798M (97%)        3802M (97%)        3802M (97%)        3794M (97%)    
[2026-04-03T01:25:05.524+0600][27.229s][info][gc,heap     ] GC(8) Y:      Used:      124M (3%)          124M (3%)          124M (3%)          120M (3%)          128M (3%)          120M (3%)     
[2026-04-03T01:25:05.524+0600][27.229s][info][gc,heap     ] GC(8) Y: Young Generation Statistics:
[2026-04-03T01:25:05.524+0600][27.229s][info][gc,heap     ] GC(8) Y:                Mark Start          Mark End        Relocate Start      Relocate End    
[2026-04-03T01:25:05.524+0600][27.229s][info][gc,heap     ] GC(8) Y:      Used:       10M (0%)           10M (0%)           10M (0%)            6M (0%)     
[2026-04-03T01:25:05.524+0600][27.229s][info][gc,heap     ] GC(8) Y:      Live:         -                 0M (0%)            0M (0%)            0M (0%)     
[2026-04-03T01:25:05.524+0600][27.229s][info][gc,heap     ] GC(8) Y:   Garbage:         -                 9M (0%)            9M (0%)            0M (0%)     
[2026-04-03T01:25:05.524+0600][27.229s][info][gc,heap     ] GC(8) Y: Allocated:         -                 0M (0%)            0M (0%)            5M (0%)     
[2026-04-03T01:25:05.524+0600][27.229s][info][gc,heap     ] GC(8) Y: Reclaimed:         -                  -                 0M (0%)            9M (0%)     
[2026-04-03T01:25:05.524+0600][27.229s][info][gc,heap     ] GC(8) Y:  Promoted:         -                  -                 0M (0%)            0M (0%)     
[2026-04-03T01:25:05.524+0600][27.229s][info][gc,heap     ] GC(8) Y: Compacted:         -                  -                  -                 0M (0%)     
[2026-04-03T01:25:05.524+0600][27.229s][info][gc,phases   ] GC(8) Y: Young Generation (Collect Roots) 124M(3%)->120M(3%) 0.025s
[2026-04-03T01:25:05.524+0600][27.229s][info][gc,phases   ] GC(8) O: Old Generation
[2026-04-03T01:25:05.592+0600][27.297s][info][gc,phases   ] GC(8) O: Concurrent Mark 68.579ms
[2026-04-03T01:25:05.593+0600][27.298s][info][gc,phases   ] GC(8) O: Pause Mark End 0.025ms
[2026-04-03T01:25:05.593+0600][27.298s][info][gc,phases   ] GC(8) O: Concurrent Mark Free 0.001ms
[2026-04-03T01:25:05.626+0600][27.331s][info][gc,phases   ] GC(8) O: Concurrent Process Non-Strong 33.801ms
[2026-04-03T01:25:05.626+0600][27.332s][info][gc,phases   ] GC(8) O: Concurrent Reset Relocation Set 0.006ms
[2026-04-03T01:25:05.629+0600][27.334s][info][gc,phases   ] GC(8) O: Concurrent Select Relocation Set 2.198ms
[2026-04-03T01:25:05.629+0600][27.334s][info][gc,task     ] GC(8) O: Using 3 Workers for Old Generation
[2026-04-03T01:25:05.656+0600][27.362s][info][gc,task     ] GC(8) O: Using 3 Workers for Old Generation
[2026-04-03T01:25:05.657+0600][27.362s][info][gc,phases   ] GC(8) O: Concurrent Remap Roots 27.808ms
[2026-04-03T01:25:05.657+0600][27.362s][info][gc,phases   ] GC(8) O: Pause Relocate Start 0.027ms
[2026-04-03T01:25:05.664+0600][27.369s][info][gc,phases   ] GC(8) O: Concurrent Relocate 7.336ms
[2026-04-03T01:25:05.664+0600][27.370s][info][gc,alloc    ] GC(8) O:                         Mark Start        Mark End      Relocate Start    Relocate End   
[2026-04-03T01:25:05.665+0600][27.370s][info][gc,alloc    ] GC(8) O: Allocation Stalls:          0                0                0                0         
[2026-04-03T01:25:05.665+0600][27.370s][info][gc,load     ] GC(8) O: Load: 3.41 (28%) / 4.85 (40%) / 5.49 (46%)
[2026-04-03T01:25:05.665+0600][27.370s][info][gc,mmu      ] GC(8) O: MMU: 2ms/98.2%, 5ms/98.8%, 10ms/99.4%, 20ms/99.6%, 50ms/99.7%, 100ms/99.8%
[2026-04-03T01:25:05.665+0600][27.370s][info][gc,marking  ] GC(8) O: Mark: 2 stripe(s), 2 proactive flush(es), 1 terminate flush(es), 0 completion(s), 0 continuation(s) 
[2026-04-03T01:25:05.665+0600][27.370s][info][gc,marking  ] GC(8) O: Mark Stack Usage: 32M
[2026-04-03T01:25:05.665+0600][27.370s][info][gc,nmethod  ] GC(8) O: NMethods: 11568 registered, 290 unregistered
[2026-04-03T01:25:05.665+0600][27.370s][info][gc,metaspace] GC(8) O: Metaspace: 129M used, 131M committed, 1152M reserved
[2026-04-03T01:25:05.665+0600][27.370s][info][gc,ref      ] GC(8) O:                       Encountered   Discovered     Enqueued 
[2026-04-03T01:25:05.665+0600][27.370s][info][gc,ref      ] GC(8) O: Soft References:             6838            0            0 
[2026-04-03T01:25:05.665+0600][27.370s][info][gc,ref      ] GC(8) O: Weak References:            17513         9565         1328 
[2026-04-03T01:25:05.665+0600][27.370s][info][gc,ref      ] GC(8) O: Final References:              84           68            0 
[2026-04-03T01:25:05.665+0600][27.370s][info][gc,ref      ] GC(8) O: Phantom References:           602          448            0 
[2026-04-03T01:25:05.665+0600][27.370s][info][gc,reloc    ] GC(8) O:                        Candidates     Selected     In-Place         Size        Empty    Relocated 
[2026-04-03T01:25:05.665+0600][27.370s][info][gc,reloc    ] GC(8) O: Small Pages:                   41           10            0          82M           0M           3M 
[2026-04-03T01:25:05.665+0600][27.370s][info][gc,reloc    ] GC(8) O: Medium Pages:                   1            0            0          32M           0M           0M 
[2026-04-03T01:25:05.665+0600][27.370s][info][gc,reloc    ] GC(8) O: Large Pages:                    0            0            0           0M           0M           0M 
[2026-04-03T01:25:05.665+0600][27.370s][info][gc,reloc    ] GC(8) O: Forwarding Usage: 1M
[2026-04-03T01:25:05.665+0600][27.370s][info][gc,heap     ] GC(8) O: Min Capacity: 8M(0%)
[2026-04-03T01:25:05.665+0600][27.370s][info][gc,heap     ] GC(8) O: Max Capacity: 3922M(100%)
[2026-04-03T01:25:05.665+0600][27.370s][info][gc,heap     ] GC(8) O: Soft Max Capacity: 3529M(90%)
[2026-04-03T01:25:05.665+0600][27.370s][info][gc,heap     ] GC(8) O: Heap Statistics:
[2026-04-03T01:25:05.665+0600][27.370s][info][gc,heap     ] GC(8) O:                Mark Start          Mark End        Relocate Start      Relocate End           High               Low         
[2026-04-03T01:25:05.665+0600][27.370s][info][gc,heap     ] GC(8) O:  Capacity:     1840M (47%)        1840M (47%)        1840M (47%)        1840M (47%)        1840M (47%)        1840M (47%)    
[2026-04-03T01:25:05.665+0600][27.370s][info][gc,heap     ] GC(8) O:      Free:     3798M (97%)        3800M (97%)        3780M (96%)        3788M (97%)        3802M (97%)        3772M (96%)    
[2026-04-03T01:25:05.665+0600][27.370s][info][gc,heap     ] GC(8) O:      Used:      124M (3%)          122M (3%)          142M (4%)          134M (3%)          150M (4%)          120M (3%)     
[2026-04-03T01:25:05.665+0600][27.370s][info][gc,heap     ] GC(8) O: Old Generation Statistics:
[2026-04-03T01:25:05.665+0600][27.370s][info][gc,heap     ] GC(8) O:                Mark Start          Mark End        Relocate Start      Relocate End    
[2026-04-03T01:25:05.665+0600][27.370s][info][gc,heap     ] GC(8) O:      Used:      114M (3%)          114M (3%)          114M (3%)          104M (3%)     
[2026-04-03T01:25:05.665+0600][27.370s][info][gc,heap     ] GC(8) O:      Live:         -                79M (2%)           79M (2%)           79M (2%)     
[2026-04-03T01:25:05.665+0600][27.370s][info][gc,heap     ] GC(8) O:   Garbage:         -                34M (1%)           34M (1%)           13M (0%)     
[2026-04-03T01:25:05.665+0600][27.370s][info][gc,heap     ] GC(8) O: Allocated:         -                 0M (0%)            0M (0%)           11M (0%)     
[2026-04-03T01:25:05.665+0600][27.370s][info][gc,heap     ] GC(8) O: Reclaimed:         -                  -                 0M (0%)           21M (1%)     
[2026-04-03T01:25:05.665+0600][27.370s][info][gc,heap     ] GC(8) O: Compacted:         -                  -                  -                 6M (0%)     
[2026-04-03T01:25:05.665+0600][27.370s][info][gc,phases   ] GC(8) O: Old Generation 120M(3%)->134M(3%) 0.141s
[2026-04-03T01:25:05.665+0600][27.370s][info][gc          ] GC(8) Major Collection (System.gc()) 1830M(47%)->136M(3%) 0.202s
[2026-04-03T01:25:08.672+0600][30.377s][info][gc,exit     ] Stopping ZGC
[2026-04-03T01:25:08.672+0600][30.377s][info][gc,stats    ] === Garbage Collection Statistics =======================================================================================================================
[2026-04-03T01:25:08.672+0600][30.378s][info][gc,stats    ]                                                              Last 10s              Last 10m              Last 10h                Total
[2026-04-03T01:25:08.672+0600][30.378s][info][gc,stats    ]                                                              Avg / Max             Avg / Max             Avg / Max             Avg / Max
[2026-04-03T01:25:08.672+0600][30.378s][info][gc,stats    ]        Contention: Mark Segment Reset Contention                    10 / 66               14 / 228              14 / 228              14 / 228         ops/s
[2026-04-03T01:25:08.672+0600][30.378s][info][gc,stats    ]        Contention: Mark SeqNum Reset Contention                      0 / 2                 0 / 11                0 / 11                0 / 11          ops/s
[2026-04-03T01:25:08.672+0600][30.378s][info][gc,stats    ]          Critical: Allocation Stall                                  0 / 0                 0 / 0                 0 / 0                 0 / 0           ops/s
[2026-04-03T01:25:08.672+0600][30.378s][info][gc,stats    ]          Critical: Allocation Stall                              0.000 / 0.000         0.000 / 0.000         0.000 / 0.000         0.000 / 0.000       ms
[2026-04-03T01:25:08.673+0600][30.378s][info][gc,stats    ]          Critical: JNI Critical Stall                                0 / 0                 0 / 2                 0 / 2                 0 / 2           ops/s
[2026-04-03T01:25:08.673+0600][30.378s][info][gc,stats    ]          Critical: JNI Critical Stall                            0.000 / 0.000         0.339 / 0.418         0.339 / 0.418         0.339 / 0.418       ms
[2026-04-03T01:25:08.673+0600][30.378s][info][gc,stats    ]          Critical: Relocation Stall                                  0 / 0                 0 / 0                 0 / 0                 0 / 0           ops/s
[2026-04-03T01:25:08.673+0600][30.378s][info][gc,stats    ]          Critical: Relocation Stall                              0.000 / 0.000         0.000 / 0.000         0.000 / 0.000         0.000 / 0.000       ms
[2026-04-03T01:25:08.673+0600][30.378s][info][gc,stats    ]  Major Collection: Major Collection                            249.690 / 287.440     176.299 / 287.440     176.299 / 287.440     176.299 / 287.440     ms
[2026-04-03T01:25:08.673+0600][30.378s][info][gc,stats    ]            Memory: Allocation Rate                                 522 / 1124            262 / 1124            262 / 1124            262 / 1124        MB/s
[2026-04-03T01:25:08.673+0600][30.378s][info][gc,stats    ]            Memory: Defragment                                        8 / 60                3 / 60                3 / 60                3 / 60          ops/s
[2026-04-03T01:25:08.673+0600][30.378s][info][gc,stats    ]            Memory: Out Of Memory                                     0 / 0                 0 / 0                 0 / 0                 0 / 0           ops/s
[2026-04-03T01:25:08.673+0600][30.378s][info][gc,stats    ]            Memory: Page Cache Flush                                 17 / 120               6 / 120               6 / 120               6 / 120         MB/s
[2026-04-03T01:25:08.673+0600][30.378s][info][gc,stats    ]            Memory: Page Cache Hit L1                               201 / 519              94 / 519              94 / 519              94 / 519         ops/s
[2026-04-03T01:25:08.673+0600][30.378s][info][gc,stats    ]            Memory: Page Cache Hit L2                                 0 / 0                 0 / 0                 0 / 0                 0 / 0           ops/s
[2026-04-03T01:25:08.673+0600][30.378s][info][gc,stats    ]            Memory: Page Cache Hit L3                                 8 / 54                7 / 114               7 / 114               7 / 114         ops/s
[2026-04-03T01:25:08.673+0600][30.378s][info][gc,stats    ]            Memory: Page Cache Miss                                  37 / 171              21 / 171              21 / 171              21 / 171         ops/s
[2026-04-03T01:25:08.673+0600][30.378s][info][gc,stats    ]            Memory: Uncommit                                          0 / 0                 0 / 0                 0 / 0                 0 / 0           MB/s
[2026-04-03T01:25:08.673+0600][30.378s][info][gc,stats    ]            Memory: Undo Object Allocation Failed                     0 / 0                 0 / 0                 0 / 0                 0 / 0           ops/s
[2026-04-03T01:25:08.673+0600][30.378s][info][gc,stats    ]            Memory: Undo Object Allocation Succeeded                  0 / 2                 0 / 3                 0 / 3                 0 / 3           ops/s
[2026-04-03T01:25:08.673+0600][30.378s][info][gc,stats    ]            Memory: Undo Page Allocation                              0 / 1                 0 / 1                 0 / 1                 0 / 1           ops/s
[2026-04-03T01:25:08.673+0600][30.378s][info][gc,stats    ]  Minor Collection: Minor Collection                              0.000 / 0.000         0.000 / 0.000         0.000 / 0.000         0.000 / 0.000       ms
[2026-04-03T01:25:08.673+0600][30.378s][info][gc,stats    ]    Old Generation: Old Generation                              153.563 / 189.767      96.381 / 210.191      96.381 / 210.191      96.381 / 210.191     ms
[2026-04-03T01:25:08.673+0600][30.378s][info][gc,stats    ]         Old Pause: Pause Mark End                                0.029 / 0.035         0.026 / 0.035         0.026 / 0.035         0.026 / 0.035       ms
[2026-04-03T01:25:08.673+0600][30.378s][info][gc,stats    ]         Old Pause: Pause Relocate Start                          0.027 / 0.033         0.023 / 0.033         0.023 / 0.033         0.023 / 0.033       ms
[2026-04-03T01:25:08.673+0600][30.378s][info][gc,stats    ]         Old Phase: Concurrent Mark                              77.578 / 113.489      45.144 / 136.785      45.144 / 136.785      45.144 / 136.785     ms
[2026-04-03T01:25:08.673+0600][30.378s][info][gc,stats    ]         Old Phase: Concurrent Mark Continue                      0.000 / 0.000         0.000 / 0.000         0.000 / 0.000         0.000 / 0.000       ms
[2026-04-03T01:25:08.673+0600][30.378s][info][gc,stats    ]         Old Phase: Concurrent Mark Free                          0.002 / 0.003         0.004 / 0.019         0.004 / 0.019         0.004 / 0.019       ms
[2026-04-03T01:25:08.673+0600][30.378s][info][gc,stats    ]         Old Phase: Concurrent Process Non-Strong                34.646 / 42.401       19.705 / 42.401       19.705 / 42.401       19.705 / 42.401      ms
[2026-04-03T01:25:08.673+0600][30.378s][info][gc,stats    ]         Old Phase: Concurrent Relocate                          10.354 / 21.420        4.510 / 21.420        4.510 / 21.420        4.510 / 21.420      ms
[2026-04-03T01:25:08.673+0600][30.378s][info][gc,stats    ]         Old Phase: Concurrent Remap Roots                       25.780 / 27.808       21.809 / 27.808       21.809 / 27.808       21.809 / 27.808      ms
[2026-04-03T01:25:08.673+0600][30.378s][info][gc,stats    ]         Old Phase: Concurrent Reset Relocation Set               0.003 / 0.006         0.002 / 0.006         0.002 / 0.006         0.002 / 0.006       ms
[2026-04-03T01:25:08.673+0600][30.378s][info][gc,stats    ]         Old Phase: Concurrent Select Relocation Set              3.909 / 5.439         4.139 / 5.906         4.139 / 5.906         4.139 / 5.906       ms
[2026-04-03T01:25:08.673+0600][30.378s][info][gc,stats    ]      Old Subphase: Concurrent Classes Purge                      0.992 / 1.599         0.574 / 1.599         0.574 / 1.599         0.574 / 1.599       ms
[2026-04-03T01:25:08.673+0600][30.378s][info][gc,stats    ]      Old Subphase: Concurrent Classes Unlink                    28.712 / 33.638       15.664 / 33.638       15.664 / 33.638       15.664 / 33.638      ms
[2026-04-03T01:25:08.673+0600][30.378s][info][gc,stats    ]      Old Subphase: Concurrent Mark Follow                       75.992 / 110.859      44.046 / 135.073      44.046 / 135.073      44.046 / 135.073     ms
[2026-04-03T01:25:08.673+0600][30.378s][info][gc,stats    ]      Old Subphase: Concurrent Mark Root Colored                  0.348 / 0.413         0.207 / 0.413         0.207 / 0.413         0.207 / 0.413       ms
[2026-04-03T01:25:08.673+0600][30.378s][info][gc,stats    ]      Old Subphase: Concurrent Mark Root Uncolored                0.692 / 1.316         0.561 / 1.316         0.561 / 1.316         0.561 / 1.316       ms
[2026-04-03T01:25:08.673+0600][30.378s][info][gc,stats    ]      Old Subphase: Concurrent Mark Roots                         1.578 / 2.620         1.091 / 2.620         1.091 / 2.620         1.091 / 2.620       ms
[2026-04-03T01:25:08.673+0600][30.378s][info][gc,stats    ]      Old Subphase: Concurrent References Enqueue                 0.006 / 0.009         0.004 / 0.012         0.004 / 0.012         0.004 / 0.012       ms
[2026-04-03T01:25:08.673+0600][30.378s][info][gc,stats    ]      Old Subphase: Concurrent References Process                 1.262 / 1.694         0.606 / 1.694         0.606 / 1.694         0.606 / 1.694       ms
[2026-04-03T01:25:08.673+0600][30.378s][info][gc,stats    ]      Old Subphase: Concurrent Remap Remembered                  17.093 / 18.128       16.694 / 21.850       16.694 / 21.850       16.694 / 21.850      ms
[2026-04-03T01:25:08.673+0600][30.378s][info][gc,stats    ]      Old Subphase: Concurrent Remap Roots Colored                4.058 / 6.445         2.403 / 6.445         2.403 / 6.445         2.403 / 6.445       ms
[2026-04-03T01:25:08.673+0600][30.378s][info][gc,stats    ]      Old Subphase: Concurrent Remap Roots Uncolored              4.342 / 5.707         2.358 / 5.707         2.358 / 5.707         2.358 / 5.707       ms
[2026-04-03T01:25:08.673+0600][30.378s][info][gc,stats    ]      Old Subphase: Concurrent Roots ClassLoaderDataGraph         2.199 / 5.999         1.416 / 5.999         1.416 / 5.999         1.416 / 5.999       ms
[2026-04-03T01:25:08.673+0600][30.378s][info][gc,stats    ]      Old Subphase: Concurrent Roots CodeCache                    4.301 / 5.635         2.334 / 5.635         2.334 / 5.635         2.334 / 5.635       ms
[2026-04-03T01:25:08.673+0600][30.378s][info][gc,stats    ]      Old Subphase: Concurrent Roots JavaThreads                  0.246 / 1.314         0.181 / 1.314         0.181 / 1.314         0.181 / 1.314       ms
[2026-04-03T01:25:08.673+0600][30.378s][info][gc,stats    ]      Old Subphase: Concurrent Roots OopStorageSet                0.033 / 0.097         0.030 / 0.155         0.030 / 0.155         0.030 / 0.155       ms
[2026-04-03T01:25:08.673+0600][30.378s][info][gc,stats    ]      Old Subphase: Concurrent Weak Roots OopStorageSet           1.035 / 6.266         0.826 / 6.266         0.826 / 6.266         0.826 / 6.266       ms
[2026-04-03T01:25:08.673+0600][30.378s][info][gc,stats    ]            System: Java Threads                                    134 / 242              76 / 242              76 / 242              76 / 242         threads
[2026-04-03T01:25:08.673+0600][30.378s][info][gc,stats    ]  Young Generation: Young Generation                             96.558 / 96.558       70.535 / 124.856      70.535 / 124.856      70.535 / 124.856     ms
[2026-04-03T01:25:08.673+0600][30.378s][info][gc,stats    ]  Young Generation: Young Generation                              0.000 / 0.000         0.000 / 0.000         0.000 / 0.000         0.000 / 0.000       ms
[2026-04-03T01:25:08.673+0600][30.378s][info][gc,stats    ]  Young Generation: Young Generation (Collect Roots)             20.311 / 25.065       18.067 / 25.065       18.067 / 25.065       18.067 / 25.065      ms
[2026-04-03T01:25:08.673+0600][30.378s][info][gc,stats    ]  Young Generation: Young Generation (Promote All)               73.647 / 113.010      77.335 / 113.010      77.335 / 113.010      77.335 / 113.010     ms
[2026-04-03T01:25:08.673+0600][30.378s][info][gc,stats    ]       Young Pause: Pause Mark End                                0.024 / 0.030         0.023 / 0.031         0.023 / 0.031         0.023 / 0.031       ms
[2026-04-03T01:25:08.673+0600][30.378s][info][gc,stats    ]       Young Pause: Pause Mark Start                              0.024 / 0.026         0.021 / 0.026         0.021 / 0.026         0.021 / 0.026       ms
[2026-04-03T01:25:08.673+0600][30.378s][info][gc,stats    ]       Young Pause: Pause Mark Start (Major)                      0.025 / 0.030         0.022 / 0.030         0.022 / 0.030         0.022 / 0.030       ms
[2026-04-03T01:25:08.673+0600][30.378s][info][gc,stats    ]       Young Pause: Pause Relocate Start                          0.019 / 0.027         0.020 / 0.036         0.020 / 0.036         0.020 / 0.036       ms
[2026-04-03T01:25:08.673+0600][30.378s][info][gc,stats    ]       Young Phase: Concurrent Mark                              35.411 / 62.822       36.971 / 85.202       36.971 / 85.202       36.971 / 85.202      ms
[2026-04-03T01:25:08.673+0600][30.378s][info][gc,stats    ]       Young Phase: Concurrent Mark Continue                      0.000 / 0.000         0.000 / 0.000         0.000 / 0.000         0.000 / 0.000       ms
[2026-04-03T01:25:08.673+0600][30.378s][info][gc,stats    ]       Young Phase: Concurrent Mark Free                          0.002 / 0.003         0.002 / 0.003         0.002 / 0.003         0.002 / 0.003       ms
[2026-04-03T01:25:08.673+0600][30.378s][info][gc,stats    ]       Young Phase: Concurrent Relocate                          12.134 / 28.099       13.401 / 31.485       13.401 / 31.485       13.401 / 31.485      ms
[2026-04-03T01:25:08.673+0600][30.378s][info][gc,stats    ]       Young Phase: Concurrent Reset Relocation Set               0.023 / 0.035         0.017 / 0.038         0.017 / 0.038         0.017 / 0.038       ms
[2026-04-03T01:25:08.673+0600][30.378s][info][gc,stats    ]       Young Phase: Concurrent Select Relocation Set              7.827 / 23.783        7.301 / 23.783        7.301 / 23.783        7.301 / 23.783      ms
[2026-04-03T01:25:08.673+0600][30.378s][info][gc,stats    ]    Young Subphase: Concurrent Mark Follow                       21.646 / 50.332       27.010 / 75.921       27.010 / 75.921       27.010 / 75.921      ms
[2026-04-03T01:25:08.673+0600][30.378s][info][gc,stats    ]    Young Subphase: Concurrent Mark Root Colored                  8.790 / 11.602        6.943 / 11.602        6.943 / 11.602        6.943 / 11.602      ms
[2026-04-03T01:25:08.673+0600][30.378s][info][gc,stats    ]    Young Subphase: Concurrent Mark Root Uncolored                4.834 / 6.163         3.487 / 6.163         3.487 / 6.163         3.487 / 6.163       ms
[2026-04-03T01:25:08.673+0600][30.378s][info][gc,stats    ]    Young Subphase: Concurrent Mark Roots                        13.756 / 16.521        9.954 / 16.521        9.954 / 16.521        9.954 / 16.521      ms
[2026-04-03T01:25:08.673+0600][30.378s][info][gc,stats    ]    Young Subphase: Concurrent Relocate Remset FP                 2.006 / 9.697         1.875 / 12.054        1.875 / 12.054        1.875 / 12.054      ms
[2026-04-03T01:25:08.673+0600][30.378s][info][gc,stats    ]    Young Subphase: Concurrent Roots ClassLoaderDataGraph         7.245 / 9.641         5.527 / 9.641         5.527 / 9.641         5.527 / 9.641       ms
[2026-04-03T01:25:08.673+0600][30.378s][info][gc,stats    ]    Young Subphase: Concurrent Roots CodeCache                    4.245 / 5.382         2.799 / 5.382         2.799 / 5.382         2.799 / 5.382       ms
[2026-04-03T01:25:08.673+0600][30.378s][info][gc,stats    ]    Young Subphase: Concurrent Roots JavaThreads                  0.308 / 0.985         0.353 / 2.012         0.353 / 2.012         0.353 / 2.012       ms
[2026-04-03T01:25:08.673+0600][30.378s][info][gc,stats    ]    Young Subphase: Concurrent Roots OopStorageSet                0.053 / 0.098         0.055 / 0.099         0.055 / 0.099         0.055 / 0.099       ms
[2026-04-03T01:25:08.673+0600][30.378s][info][gc,stats    ]    Young Subphase: Concurrent Weak Roots OopStorageSet           1.493 / 1.858         1.364 / 3.050         1.364 / 3.050         1.364 / 3.050       ms
[2026-04-03T01:25:08.673+0600][30.378s][info][gc,stats    ] =========================================================================================================================================================
[2026-04-03T01:25:08.673+0600][30.378s][info][gc,heap,exit] Heap
[2026-04-03T01:25:08.673+0600][30.378s][info][gc,heap,exit]  ZHeap           used 1880M, capacity 1880M, max capacity 3922M
[2026-04-03T01:25:08.673+0600][30.378s][info][gc,heap,exit]  Metaspace       used 134407K, committed 136064K, reserved 1179648K
[2026-04-03T01:25:08.673+0600][30.378s][info][gc,heap,exit]   class space    used 17576K, committed 18432K, reserved 1048576K
