[2026-04-03T06:40:30.299+0600][0.006s][info][gc,init] Initializing The Z Garbage Collector
[2026-04-03T06:40:30.299+0600][0.006s][info][gc,init] Version: 21.0.10+7-Ubuntu-124.04 (release)
[2026-04-03T06:40:30.299+0600][0.006s][info][gc,init] NUMA Support: Disabled
[2026-04-03T06:40:30.299+0600][0.006s][info][gc,init] CPUs: 12 total, 12 available
[2026-04-03T06:40:30.299+0600][0.006s][info][gc,init] Memory: 15683M
[2026-04-03T06:40:30.299+0600][0.006s][info][gc,init] Large Page Support: Disabled
[2026-04-03T06:40:30.299+0600][0.006s][info][gc,init] Address Space Type: Contiguous/Unrestricted/Complete
[2026-04-03T06:40:30.299+0600][0.006s][info][gc,init] Address Space Size: 62752M
[2026-04-03T06:40:30.299+0600][0.006s][info][gc,init] Heap Backing File: /memfd:java_heap
[2026-04-03T06:40:30.299+0600][0.006s][info][gc,init] Heap Backing Filesystem: tmpfs (0x1021994)
[2026-04-03T06:40:30.300+0600][0.007s][info][gc,init] Min Capacity: 8M
[2026-04-03T06:40:30.300+0600][0.007s][info][gc,init] Initial Capacity: 246M
[2026-04-03T06:40:30.300+0600][0.007s][info][gc,init] Max Capacity: 3922M
[2026-04-03T06:40:30.300+0600][0.007s][info][gc,init] Soft Max Capacity: 3529M
[2026-04-03T06:40:30.300+0600][0.007s][info][gc,init] Medium Page Size: 32M
[2026-04-03T06:40:30.300+0600][0.007s][info][gc,init] Pre-touch: Disabled
[2026-04-03T06:40:30.300+0600][0.007s][info][gc,init] Available space on backing filesystem: N/A
[2026-04-03T06:40:30.301+0600][0.008s][info][gc,init] Uncommit: Enabled
[2026-04-03T06:40:30.301+0600][0.008s][info][gc,init] Uncommit Delay: 300s
[2026-04-03T06:40:30.301+0600][0.008s][info][gc,init] GC Workers for Old Generation: 3 (dynamic)
[2026-04-03T06:40:30.302+0600][0.008s][info][gc,init] GC Workers for Young Generation: 3 (dynamic)
[2026-04-03T06:40:30.385+0600][0.092s][info][gc,init] GC Workers Max: 3 (dynamic)
[2026-04-03T06:40:30.386+0600][0.093s][info][gc,init] Runtime Workers: 8
[2026-04-03T06:40:30.387+0600][0.094s][info][gc     ] Using The Z Garbage Collector
[2026-04-03T06:40:30.397+0600][0.103s][info][gc,metaspace] CDS archive(s) mapped at: [0x00007481c3000000-0x00007481c3c9c000-0x00007481c3c9c000), size 13221888, SharedBaseAddress: 0x00007481c3000000, ArchiveRelocationMode: 1.
[2026-04-03T06:40:30.397+0600][0.103s][info][gc,metaspace] Compressed class space mapped at: 0x00007481c4000000-0x0000748204000000, reserved size: 1073741824
[2026-04-03T06:40:30.397+0600][0.103s][info][gc,metaspace] Narrow klass base: 0x00007481c3000000, Narrow klass shift: 0, Narrow klass range: 0x100000000
[2026-04-03T06:40:31.677+0600][1.383s][info][gc          ] GC(0) Major Collection (Warmup)
[2026-04-03T06:40:31.677+0600][1.384s][info][gc,task     ] GC(0) Using 3 Workers for Young Generation
[2026-04-03T06:40:31.677+0600][1.384s][info][gc,task     ] GC(0) Using 2 Workers for Old Generation
[2026-04-03T06:40:31.677+0600][1.384s][info][gc,phases   ] GC(0) Y: Young Generation
[2026-04-03T06:40:31.677+0600][1.384s][info][gc,phases   ] GC(0) Y: Pause Mark Start (Major) 0.018ms
[2026-04-03T06:40:31.685+0600][1.392s][info][gc,phases   ] GC(0) Y: Concurrent Mark 7.848ms
[2026-04-03T06:40:31.686+0600][1.392s][info][gc,phases   ] GC(0) Y: Pause Mark End 0.019ms
[2026-04-03T06:40:31.686+0600][1.393s][info][gc,phases   ] GC(0) Y: Concurrent Mark Free 0.002ms
[2026-04-03T06:40:31.686+0600][1.393s][info][gc,phases   ] GC(0) Y: Concurrent Reset Relocation Set 0.000ms
[2026-04-03T06:40:31.692+0600][1.399s][info][gc,reloc    ] GC(0) Y: Using tenuring threshold: 1 (Computed)
[2026-04-03T06:40:31.694+0600][1.400s][info][gc,phases   ] GC(0) Y: Concurrent Select Relocation Set 7.728ms
[2026-04-03T06:40:31.694+0600][1.401s][info][gc,phases   ] GC(0) Y: Pause Relocate Start 0.013ms
[2026-04-03T06:40:31.702+0600][1.408s][info][gc,phases   ] GC(0) Y: Concurrent Relocate 7.306ms
[2026-04-03T06:40:31.702+0600][1.408s][info][gc,alloc    ] GC(0) Y:                         Mark Start        Mark End      Relocate Start    Relocate End   
[2026-04-03T06:40:31.702+0600][1.408s][info][gc,alloc    ] GC(0) Y: Allocation Stalls:          0                0                0                0         
[2026-04-03T06:40:31.702+0600][1.409s][info][gc,load     ] GC(0) Y: Load: 5.12 (43%) / 7.08 (59%) / 5.73 (48%)
[2026-04-03T06:40:31.702+0600][1.409s][info][gc,mmu      ] GC(0) Y: MMU: 2ms/99.0%, 5ms/99.6%, 10ms/99.6%, 20ms/99.7%, 50ms/99.9%, 100ms/99.9%
[2026-04-03T06:40:31.702+0600][1.409s][info][gc,marking  ] GC(0) Y: Mark: 2 stripe(s), 2 proactive flush(es), 1 terminate flush(es), 0 completion(s), 0 continuation(s) 
[2026-04-03T06:40:31.702+0600][1.409s][info][gc,marking  ] GC(0) Y: Mark Stack Usage: 32M
[2026-04-03T06:40:31.702+0600][1.409s][info][gc,nmethod  ] GC(0) Y: NMethods: 1213 registered, 0 unregistered
[2026-04-03T06:40:31.702+0600][1.409s][info][gc,metaspace] GC(0) Y: Metaspace: 11M used, 11M committed, 1088M reserved
[2026-04-03T06:40:31.702+0600][1.409s][info][gc,reloc    ] GC(0) Y:                        Candidates     Selected     In-Place         Size        Empty    Relocated 
[2026-04-03T06:40:31.702+0600][1.409s][info][gc,reloc    ] GC(0) Y: Small Pages:                  177          174            0         354M           0M           2M 
[2026-04-03T06:40:31.702+0600][1.409s][info][gc,reloc    ] GC(0) Y: Medium Pages:                   0            0            0           0M           0M           0M 
[2026-04-03T06:40:31.702+0600][1.409s][info][gc,reloc    ] GC(0) Y: Large Pages:                    0            0            0           0M           0M           0M 
[2026-04-03T06:40:31.702+0600][1.409s][info][gc,reloc    ] GC(0) Y: Forwarding Usage: 1M
[2026-04-03T06:40:31.702+0600][1.409s][info][gc,reloc    ] GC(0) Y: Age Table:
[2026-04-03T06:40:31.702+0600][1.409s][info][gc,reloc    ] GC(0) Y:                    Live             Garbage             Small              Medium             Large        
[2026-04-03T06:40:31.702+0600][1.409s][info][gc,reloc    ] GC(0) Y: Eden               4M (0%)          349M (9%)         177 / 174            0 / 0              0 / 0        
[2026-04-03T06:40:31.702+0600][1.409s][info][gc,heap     ] GC(0) Y: Min Capacity: 8M(0%)
[2026-04-03T06:40:31.702+0600][1.409s][info][gc,heap     ] GC(0) Y: Max Capacity: 3922M(100%)
[2026-04-03T06:40:31.702+0600][1.409s][info][gc,heap     ] GC(0) Y: Soft Max Capacity: 3529M(90%)
[2026-04-03T06:40:31.702+0600][1.409s][info][gc,heap     ] GC(0) Y: Heap Statistics:
[2026-04-03T06:40:31.702+0600][1.409s][info][gc,heap     ] GC(0) Y:                Mark Start          Mark End        Relocate Start      Relocate End           High               Low         
[2026-04-03T06:40:31.702+0600][1.409s][info][gc,heap     ] GC(0) Y:  Capacity:      354M (9%)          358M (9%)          362M (9%)          370M (9%)          370M (9%)          354M (9%)     
[2026-04-03T06:40:31.702+0600][1.409s][info][gc,heap     ] GC(0) Y:      Free:     3568M (91%)        3564M (91%)        3560M (91%)        3904M (100%)       3904M (100%)       3552M (91%)    
[2026-04-03T06:40:31.702+0600][1.409s][info][gc,heap     ] GC(0) Y:      Used:      354M (9%)          358M (9%)          362M (9%)           18M (0%)          370M (9%)           18M (0%)     
[2026-04-03T06:40:31.702+0600][1.409s][info][gc,heap     ] GC(0) Y: Young Generation Statistics:
[2026-04-03T06:40:31.702+0600][1.409s][info][gc,heap     ] GC(0) Y:                Mark Start          Mark End        Relocate Start      Relocate End    
[2026-04-03T06:40:31.702+0600][1.409s][info][gc,heap     ] GC(0) Y:      Used:      354M (9%)          358M (9%)          362M (9%)           18M (0%)     
[2026-04-03T06:40:31.702+0600][1.409s][info][gc,heap     ] GC(0) Y:      Live:         -                 4M (0%)            4M (0%)            4M (0%)     
[2026-04-03T06:40:31.702+0600][1.409s][info][gc,heap     ] GC(0) Y:   Garbage:         -               349M (9%)          349M (9%)            0M (0%)     
[2026-04-03T06:40:31.702+0600][1.409s][info][gc,heap     ] GC(0) Y: Allocated:         -                 4M (0%)            8M (0%)           13M (0%)     
[2026-04-03T06:40:31.702+0600][1.409s][info][gc,heap     ] GC(0) Y: Reclaimed:         -                  -                 0M (0%)          349M (9%)     
[2026-04-03T06:40:31.702+0600][1.409s][info][gc,heap     ] GC(0) Y:  Promoted:         -                  -                 0M (0%)            0M (0%)     
[2026-04-03T06:40:31.702+0600][1.409s][info][gc,heap     ] GC(0) Y: Compacted:         -                  -                  -                 4M (0%)     
[2026-04-03T06:40:31.702+0600][1.409s][info][gc,phases   ] GC(0) Y: Young Generation 354M(9%)->18M(0%) 0.025s
[2026-04-03T06:40:31.702+0600][1.409s][info][gc,phases   ] GC(0) O: Old Generation
[2026-04-03T06:40:31.703+0600][1.410s][info][gc,phases   ] GC(0) O: Concurrent Mark 0.979ms
[2026-04-03T06:40:31.703+0600][1.410s][info][gc,phases   ] GC(0) O: Pause Mark End 0.020ms
[2026-04-03T06:40:31.703+0600][1.410s][info][gc,phases   ] GC(0) O: Concurrent Mark Free 0.020ms
[2026-04-03T06:40:31.706+0600][1.413s][info][gc,phases   ] GC(0) O: Concurrent Process Non-Strong 2.615ms
[2026-04-03T06:40:31.706+0600][1.413s][info][gc,phases   ] GC(0) O: Concurrent Reset Relocation Set 0.001ms
[2026-04-03T06:40:31.707+0600][1.414s][info][gc,phases   ] GC(0) O: Concurrent Select Relocation Set 1.455ms
[2026-04-03T06:40:31.707+0600][1.414s][info][gc,task     ] GC(0) O: Using 3 Workers for Old Generation
[2026-04-03T06:40:31.720+0600][1.427s][info][gc,task     ] GC(0) O: Using 2 Workers for Old Generation
[2026-04-03T06:40:31.721+0600][1.427s][info][gc,phases   ] GC(0) O: Concurrent Remap Roots 13.110ms
[2026-04-03T06:40:31.721+0600][1.427s][info][gc,phases   ] GC(0) O: Pause Relocate Start 0.020ms
[2026-04-03T06:40:31.721+0600][1.428s][info][gc,phases   ] GC(0) O: Concurrent Relocate 0.057ms
[2026-04-03T06:40:31.721+0600][1.428s][info][gc,alloc    ] GC(0) O:                         Mark Start        Mark End      Relocate Start    Relocate End   
[2026-04-03T06:40:31.721+0600][1.428s][info][gc,alloc    ] GC(0) O: Allocation Stalls:          0                0                0                0         
[2026-04-03T06:40:31.721+0600][1.428s][info][gc,load     ] GC(0) O: Load: 5.12 (43%) / 7.08 (59%) / 5.73 (48%)
[2026-04-03T06:40:31.721+0600][1.428s][info][gc,mmu      ] GC(0) O: MMU: 2ms/99.0%, 5ms/99.6%, 10ms/99.6%, 20ms/99.7%, 50ms/99.8%, 100ms/99.9%
[2026-04-03T06:40:31.721+0600][1.428s][info][gc,marking  ] GC(0) O: Mark: 2 stripe(s), 1 proactive flush(es), 1 terminate flush(es), 0 completion(s), 0 continuation(s) 
[2026-04-03T06:40:31.721+0600][1.428s][info][gc,marking  ] GC(0) O: Mark Stack Usage: 0M
[2026-04-03T06:40:31.721+0600][1.428s][info][gc,nmethod  ] GC(0) O: NMethods: 1088 registered, 125 unregistered
[2026-04-03T06:40:31.721+0600][1.428s][info][gc,metaspace] GC(0) O: Metaspace: 11M used, 11M committed, 1088M reserved
[2026-04-03T06:40:31.721+0600][1.428s][info][gc,ref      ] GC(0) O:                       Encountered   Discovered     Enqueued 
[2026-04-03T06:40:31.721+0600][1.428s][info][gc,ref      ] GC(0) O: Soft References:              211            0            0 
[2026-04-03T06:40:31.721+0600][1.428s][info][gc,ref      ] GC(0) O: Weak References:              921            0            0 
[2026-04-03T06:40:31.721+0600][1.428s][info][gc,ref      ] GC(0) O: Final References:               0            0            0 
[2026-04-03T06:40:31.721+0600][1.428s][info][gc,ref      ] GC(0) O: Phantom References:            28            0            0 
[2026-04-03T06:40:31.721+0600][1.428s][info][gc,heap     ] GC(0) O: Min Capacity: 8M(0%)
[2026-04-03T06:40:31.721+0600][1.428s][info][gc,heap     ] GC(0) O: Max Capacity: 3922M(100%)
[2026-04-03T06:40:31.721+0600][1.428s][info][gc,heap     ] GC(0) O: Soft Max Capacity: 3529M(90%)
[2026-04-03T06:40:31.721+0600][1.428s][info][gc,heap     ] GC(0) O: Heap Statistics:
[2026-04-03T06:40:31.721+0600][1.428s][info][gc,heap     ] GC(0) O:                Mark Start          Mark End        Relocate Start      Relocate End           High               Low         
[2026-04-03T06:40:31.721+0600][1.428s][info][gc,heap     ] GC(0) O:  Capacity:      354M (9%)          370M (9%)          370M (9%)          370M (9%)          370M (9%)          354M (9%)     
[2026-04-03T06:40:31.721+0600][1.428s][info][gc,heap     ] GC(0) O:      Free:     3568M (91%)        3900M (99%)        3894M (99%)        3892M (99%)        3904M (100%)       3552M (91%)    
[2026-04-03T06:40:31.721+0600][1.428s][info][gc,heap     ] GC(0) O:      Used:      354M (9%)           22M (1%)           28M (1%)           30M (1%)          370M (9%)           18M (0%)     
[2026-04-03T06:40:31.721+0600][1.428s][info][gc,heap     ] GC(0) O: Old Generation Statistics:
[2026-04-03T06:40:31.721+0600][1.428s][info][gc,heap     ] GC(0) O:                Mark Start          Mark End        Relocate Start      Relocate End    
[2026-04-03T06:40:31.721+0600][1.428s][info][gc,heap     ] GC(0) O:      Used:        0M (0%)            0M (0%)            0M (0%)            0M (0%)     
[2026-04-03T06:40:31.721+0600][1.428s][info][gc,heap     ] GC(0) O:      Live:         -                 0M (0%)            0M (0%)            0M (0%)     
[2026-04-03T06:40:31.721+0600][1.428s][info][gc,heap     ] GC(0) O:   Garbage:         -                 0M (0%)            0M (0%)            0M (0%)     
[2026-04-03T06:40:31.721+0600][1.428s][info][gc,heap     ] GC(0) O: Allocated:         -                 0M (0%)            0M (0%)            0M (0%)     
[2026-04-03T06:40:31.721+0600][1.428s][info][gc,heap     ] GC(0) O: Reclaimed:         -                  -                 0M (0%)            0M (0%)     
[2026-04-03T06:40:31.721+0600][1.428s][info][gc,heap     ] GC(0) O: Compacted:         -                  -                  -                 0M (0%)     
[2026-04-03T06:40:31.721+0600][1.428s][info][gc,phases   ] GC(0) O: Old Generation 20M(1%)->30M(1%) 0.019s
[2026-04-03T06:40:31.721+0600][1.428s][info][gc          ] GC(0) Major Collection (Warmup) 354M(9%)->30M(1%) 0.045s
[2026-04-03T06:40:34.509+0600][4.215s][info][gc          ] GC(1) Major Collection (Metadata GC Threshold)
[2026-04-03T06:40:34.509+0600][4.215s][info][gc,task     ] GC(1) Using 1 Workers for Young Generation
[2026-04-03T06:40:34.509+0600][4.215s][info][gc,task     ] GC(1) Using 1 Workers for Old Generation
[2026-04-03T06:40:34.509+0600][4.215s][info][gc,phases   ] GC(1) Y: Young Generation
[2026-04-03T06:40:34.509+0600][4.216s][info][gc,phases   ] GC(1) Y: Pause Mark Start (Major) 0.022ms
[2026-04-03T06:40:34.540+0600][4.246s][info][gc,phases   ] GC(1) Y: Concurrent Mark 30.570ms
[2026-04-03T06:40:34.540+0600][4.247s][info][gc,phases   ] GC(1) Y: Pause Mark End 0.019ms
[2026-04-03T06:40:34.540+0600][4.247s][info][gc,phases   ] GC(1) Y: Concurrent Mark Free 0.002ms
[2026-04-03T06:40:34.540+0600][4.247s][info][gc,phases   ] GC(1) Y: Concurrent Reset Relocation Set 0.011ms
[2026-04-03T06:40:34.542+0600][4.248s][info][gc,reloc    ] GC(1) Y: Using tenuring threshold: 2 (Computed)
[2026-04-03T06:40:34.542+0600][4.249s][info][gc,phases   ] GC(1) Y: Concurrent Select Relocation Set 1.839ms
[2026-04-03T06:40:34.542+0600][4.249s][info][gc,phases   ] GC(1) Y: Pause Relocate Start 0.017ms
[2026-04-03T06:40:34.553+0600][4.260s][info][gc,phases   ] GC(1) Y: Concurrent Relocate 11.078ms
[2026-04-03T06:40:34.554+0600][4.260s][info][gc,alloc    ] GC(1) Y:                         Mark Start        Mark End      Relocate Start    Relocate End   
[2026-04-03T06:40:34.554+0600][4.260s][info][gc,alloc    ] GC(1) Y: Allocation Stalls:          0                0                0                0         
[2026-04-03T06:40:34.554+0600][4.260s][info][gc,load     ] GC(1) Y: Load: 5.12 (43%) / 7.08 (59%) / 5.73 (48%)
[2026-04-03T06:40:34.554+0600][4.260s][info][gc,mmu      ] GC(1) Y: MMU: 2ms/98.9%, 5ms/99.3%, 10ms/99.6%, 20ms/99.7%, 50ms/99.8%, 100ms/99.9%
[2026-04-03T06:40:34.554+0600][4.260s][info][gc,marking  ] GC(1) Y: Mark: 1 stripe(s), 2 proactive flush(es), 1 terminate flush(es), 0 completion(s), 0 continuation(s) 
[2026-04-03T06:40:34.554+0600][4.260s][info][gc,marking  ] GC(1) Y: Mark Stack Usage: 32M
[2026-04-03T06:40:34.554+0600][4.260s][info][gc,nmethod  ] GC(1) Y: NMethods: 1880 registered, 0 unregistered
[2026-04-03T06:40:34.554+0600][4.260s][info][gc,metaspace] GC(1) Y: Metaspace: 21M used, 21M committed, 1088M reserved
[2026-04-03T06:40:34.554+0600][4.260s][info][gc,reloc    ] GC(1) Y:                        Candidates     Selected     In-Place         Size        Empty    Relocated 
[2026-04-03T06:40:34.554+0600][4.260s][info][gc,reloc    ] GC(1) Y: Small Pages:                   78           69            0         156M           0M           7M 
[2026-04-03T06:40:34.554+0600][4.260s][info][gc,reloc    ] GC(1) Y: Medium Pages:                   1            0            0          32M           0M           0M 
[2026-04-03T06:40:34.554+0600][4.260s][info][gc,reloc    ] GC(1) Y: Large Pages:                    0            0            0           0M           0M           0M 
[2026-04-03T06:40:34.554+0600][4.260s][info][gc,reloc    ] GC(1) Y: Forwarding Usage: 1M
[2026-04-03T06:40:34.554+0600][4.260s][info][gc,reloc    ] GC(1) Y: Age Table:
[2026-04-03T06:40:34.554+0600][4.260s][info][gc,reloc    ] GC(1) Y:                    Live             Garbage             Small              Medium             Large        
[2026-04-03T06:40:34.554+0600][4.260s][info][gc,reloc    ] GC(1) Y: Eden              15M (0%)          162M (4%)          73 / 67             1 / 0              0 / 0        
[2026-04-03T06:40:34.554+0600][4.260s][info][gc,reloc    ] GC(1) Y: Survivor 1         4M (0%)            5M (0%)           5 / 2              0 / 0              0 / 0        
[2026-04-03T06:40:34.554+0600][4.260s][info][gc,heap     ] GC(1) Y: Min Capacity: 8M(0%)
[2026-04-03T06:40:34.554+0600][4.261s][info][gc,heap     ] GC(1) Y: Max Capacity: 3922M(100%)
[2026-04-03T06:40:34.554+0600][4.261s][info][gc,heap     ] GC(1) Y: Soft Max Capacity: 3529M(90%)
[2026-04-03T06:40:34.554+0600][4.261s][info][gc,heap     ] GC(1) Y: Heap Statistics:
[2026-04-03T06:40:34.554+0600][4.261s][info][gc,heap     ] GC(1) Y:                Mark Start          Mark End        Relocate Start      Relocate End           High               Low         
[2026-04-03T06:40:34.554+0600][4.261s][info][gc,heap     ] GC(1) Y:  Capacity:      402M (10%)         402M (10%)         402M (10%)         402M (10%)         402M (10%)         402M (10%)    
[2026-04-03T06:40:34.554+0600][4.261s][info][gc,heap     ] GC(1) Y:      Free:     3734M (95%)        3730M (95%)        3730M (95%)        3866M (99%)        3866M (99%)        3724M (95%)    
[2026-04-03T06:40:34.554+0600][4.261s][info][gc,heap     ] GC(1) Y:      Used:      188M (5%)          192M (5%)          192M (5%)           56M (1%)          198M (5%)           56M (1%)     
[2026-04-03T06:40:34.554+0600][4.261s][info][gc,heap     ] GC(1) Y: Young Generation Statistics:
[2026-04-03T06:40:34.554+0600][4.261s][info][gc,heap     ] GC(1) Y:                Mark Start          Mark End        Relocate Start      Relocate End    
[2026-04-03T06:40:34.554+0600][4.261s][info][gc,heap     ] GC(1) Y:      Used:      188M (5%)          192M (5%)          192M (5%)           56M (1%)     
[2026-04-03T06:40:34.554+0600][4.261s][info][gc,heap     ] GC(1) Y:      Live:         -                19M (1%)           19M (1%)           19M (1%)     
[2026-04-03T06:40:34.554+0600][4.261s][info][gc,heap     ] GC(1) Y:   Garbage:         -               168M (4%)          168M (4%)           27M (1%)     
[2026-04-03T06:40:34.554+0600][4.261s][info][gc,heap     ] GC(1) Y: Allocated:         -                 4M (0%)            4M (0%)            8M (0%)     
[2026-04-03T06:40:34.554+0600][4.261s][info][gc,heap     ] GC(1) Y: Reclaimed:         -                  -                 0M (0%)          140M (4%)     
[2026-04-03T06:40:34.554+0600][4.261s][info][gc,heap     ] GC(1) Y:  Promoted:         -                  -                 0M (0%)            0M (0%)     
[2026-04-03T06:40:34.554+0600][4.261s][info][gc,heap     ] GC(1) Y: Compacted:         -                  -                  -                11M (0%)     
[2026-04-03T06:40:34.554+0600][4.261s][info][gc,phases   ] GC(1) Y: Young Generation 188M(5%)->56M(1%) 0.045s
[2026-04-03T06:40:34.554+0600][4.261s][info][gc,phases   ] GC(1) O: Old Generation
[2026-04-03T06:40:34.556+0600][4.262s][info][gc,phases   ] GC(1) O: Concurrent Mark 1.454ms
[2026-04-03T06:40:34.556+0600][4.263s][info][gc,phases   ] GC(1) O: Pause Mark End 0.025ms
[2026-04-03T06:40:34.556+0600][4.263s][info][gc,phases   ] GC(1) O: Concurrent Mark Free 0.002ms
[2026-04-03T06:40:34.563+0600][4.270s][info][gc,phases   ] GC(1) O: Concurrent Process Non-Strong 7.292ms
[2026-04-03T06:40:34.564+0600][4.270s][info][gc,phases   ] GC(1) O: Concurrent Reset Relocation Set 0.002ms
[2026-04-03T06:40:34.565+0600][4.272s][info][gc,phases   ] GC(1) O: Concurrent Select Relocation Set 1.724ms
[2026-04-03T06:40:34.565+0600][4.272s][info][gc,task     ] GC(1) O: Using 2 Workers for Old Generation
[2026-04-03T06:40:34.590+0600][4.297s][info][gc,task     ] GC(1) O: Using 1 Workers for Old Generation
[2026-04-03T06:40:34.590+0600][4.297s][info][gc,phases   ] GC(1) O: Concurrent Remap Roots 24.853ms
[2026-04-03T06:40:34.590+0600][4.297s][info][gc,phases   ] GC(1) O: Pause Relocate Start 0.023ms
[2026-04-03T06:40:34.591+0600][4.298s][info][gc,phases   ] GC(1) O: Concurrent Relocate 0.233ms
[2026-04-03T06:40:34.591+0600][4.298s][info][gc,alloc    ] GC(1) O:                         Mark Start        Mark End      Relocate Start    Relocate End   
[2026-04-03T06:40:34.591+0600][4.298s][info][gc,alloc    ] GC(1) O: Allocation Stalls:          0                0                0                0         
[2026-04-03T06:40:34.591+0600][4.298s][info][gc,load     ] GC(1) O: Load: 5.12 (43%) / 7.08 (59%) / 5.73 (48%)
[2026-04-03T06:40:34.591+0600][4.298s][info][gc,mmu      ] GC(1) O: MMU: 2ms/98.7%, 5ms/99.3%, 10ms/99.6%, 20ms/99.7%, 50ms/99.8%, 100ms/99.9%
[2026-04-03T06:40:34.591+0600][4.298s][info][gc,marking  ] GC(1) O: Mark: 1 stripe(s), 1 proactive flush(es), 1 terminate flush(es), 0 completion(s), 0 continuation(s) 
[2026-04-03T06:40:34.591+0600][4.298s][info][gc,marking  ] GC(1) O: Mark Stack Usage: 0M
[2026-04-03T06:40:34.591+0600][4.298s][info][gc,nmethod  ] GC(1) O: NMethods: 1815 registered, 129 unregistered
[2026-04-03T06:40:34.591+0600][4.298s][info][gc,metaspace] GC(1) O: Metaspace: 21M used, 21M committed, 1088M reserved
[2026-04-03T06:40:34.591+0600][4.298s][info][gc,ref      ] GC(1) O:                       Encountered   Discovered     Enqueued 
[2026-04-03T06:40:34.591+0600][4.298s][info][gc,ref      ] GC(1) O: Soft References:             3498            0            0 
[2026-04-03T06:40:34.591+0600][4.298s][info][gc,ref      ] GC(1) O: Weak References:             1455            0            0 
[2026-04-03T06:40:34.591+0600][4.298s][info][gc,ref      ] GC(1) O: Final References:               0            0            0 
[2026-04-03T06:40:34.591+0600][4.298s][info][gc,ref      ] GC(1) O: Phantom References:           563            0            0 
[2026-04-03T06:40:34.591+0600][4.298s][info][gc,heap     ] GC(1) O: Min Capacity: 8M(0%)
[2026-04-03T06:40:34.591+0600][4.298s][info][gc,heap     ] GC(1) O: Max Capacity: 3922M(100%)
[2026-04-03T06:40:34.591+0600][4.298s][info][gc,heap     ] GC(1) O: Soft Max Capacity: 3529M(90%)
[2026-04-03T06:40:34.591+0600][4.298s][info][gc,heap     ] GC(1) O: Heap Statistics:
[2026-04-03T06:40:34.591+0600][4.298s][info][gc,heap     ] GC(1) O:                Mark Start          Mark End        Relocate Start      Relocate End           High               Low         
[2026-04-03T06:40:34.591+0600][4.298s][info][gc,heap     ] GC(1) O:  Capacity:      402M (10%)         402M (10%)         402M (10%)         402M (10%)         402M (10%)         402M (10%)    
[2026-04-03T06:40:34.591+0600][4.298s][info][gc,heap     ] GC(1) O:      Free:     3734M (95%)        3866M (99%)        3864M (99%)        3864M (99%)        3866M (99%)        3724M (95%)    
[2026-04-03T06:40:34.591+0600][4.298s][info][gc,heap     ] GC(1) O:      Used:      188M (5%)           56M (1%)           58M (1%)           58M (1%)          198M (5%)           56M (1%)     
[2026-04-03T06:40:34.591+0600][4.298s][info][gc,heap     ] GC(1) O: Old Generation Statistics:
[2026-04-03T06:40:34.591+0600][4.298s][info][gc,heap     ] GC(1) O:                Mark Start          Mark End        Relocate Start      Relocate End    
[2026-04-03T06:40:34.591+0600][4.298s][info][gc,heap     ] GC(1) O:      Used:        0M (0%)            0M (0%)            0M (0%)            0M (0%)     
[2026-04-03T06:40:34.591+0600][4.298s][info][gc,heap     ] GC(1) O:      Live:         -                 0M (0%)            0M (0%)            0M (0%)     
[2026-04-03T06:40:34.591+0600][4.298s][info][gc,heap     ] GC(1) O:   Garbage:         -                 0M (0%)            0M (0%)            0M (0%)     
[2026-04-03T06:40:34.591+0600][4.298s][info][gc,heap     ] GC(1) O: Allocated:         -                 0M (0%)            0M (0%)            0M (0%)     
[2026-04-03T06:40:34.591+0600][4.298s][info][gc,heap     ] GC(1) O: Reclaimed:         -                  -                 0M (0%)            0M (0%)     
[2026-04-03T06:40:34.591+0600][4.298s][info][gc,heap     ] GC(1) O: Compacted:         -                  -                  -                 0M (0%)     
[2026-04-03T06:40:34.591+0600][4.298s][info][gc,phases   ] GC(1) O: Old Generation 56M(1%)->58M(1%) 0.037s
[2026-04-03T06:40:34.591+0600][4.298s][info][gc          ] GC(1) Major Collection (Metadata GC Threshold) 188M(5%)->58M(1%) 0.083s
[2026-04-03T06:40:37.315+0600][7.022s][info][gc          ] GC(2) Major Collection (Metadata GC Threshold)
[2026-04-03T06:40:37.315+0600][7.022s][info][gc,task     ] GC(2) Using 1 Workers for Young Generation
[2026-04-03T06:40:37.315+0600][7.022s][info][gc,task     ] GC(2) Using 1 Workers for Old Generation
[2026-04-03T06:40:37.315+0600][7.022s][info][gc,phases   ] GC(2) Y: Young Generation
[2026-04-03T06:40:37.316+0600][7.022s][info][gc,phases   ] GC(2) Y: Pause Mark Start (Major) 0.021ms
[2026-04-03T06:40:37.363+0600][7.070s][info][gc,phases   ] GC(2) Y: Concurrent Mark 47.663ms
[2026-04-03T06:40:37.364+0600][7.071s][info][gc,phases   ] GC(2) Y: Pause Mark End 0.017ms
[2026-04-03T06:40:37.364+0600][7.071s][info][gc,phases   ] GC(2) Y: Concurrent Mark Free 0.002ms
[2026-04-03T06:40:37.364+0600][7.071s][info][gc,phases   ] GC(2) Y: Concurrent Reset Relocation Set 0.006ms
[2026-04-03T06:40:37.366+0600][7.072s][info][gc,reloc    ] GC(2) Y: Using tenuring threshold: 3 (Computed)
[2026-04-03T06:40:37.369+0600][7.075s][info][gc,phases   ] GC(2) Y: Concurrent Select Relocation Set 4.467ms
[2026-04-03T06:40:37.369+0600][7.076s][info][gc,phases   ] GC(2) Y: Pause Relocate Start 0.016ms
[2026-04-03T06:40:37.381+0600][7.088s][info][gc,phases   ] GC(2) Y: Concurrent Relocate 11.856ms
[2026-04-03T06:40:37.381+0600][7.088s][info][gc,alloc    ] GC(2) Y:                         Mark Start        Mark End      Relocate Start    Relocate End   
[2026-04-03T06:40:37.381+0600][7.088s][info][gc,alloc    ] GC(2) Y: Allocation Stalls:          0                0                0                0         
[2026-04-03T06:40:37.381+0600][7.088s][info][gc,load     ] GC(2) Y: Load: 4.87 (41%) / 7.00 (58%) / 5.71 (48%)
[2026-04-03T06:40:37.381+0600][7.088s][info][gc,mmu      ] GC(2) Y: MMU: 2ms/98.7%, 5ms/99.3%, 10ms/99.6%, 20ms/99.7%, 50ms/99.8%, 100ms/99.9%
[2026-04-03T06:40:37.381+0600][7.088s][info][gc,marking  ] GC(2) Y: Mark: 1 stripe(s), 2 proactive flush(es), 1 terminate flush(es), 0 completion(s), 0 continuation(s) 
[2026-04-03T06:40:37.381+0600][7.088s][info][gc,marking  ] GC(2) Y: Mark Stack Usage: 32M
[2026-04-03T06:40:37.381+0600][7.088s][info][gc,nmethod  ] GC(2) Y: NMethods: 2725 registered, 129 unregistered
[2026-04-03T06:40:37.381+0600][7.088s][info][gc,metaspace] GC(2) Y: Metaspace: 36M used, 37M committed, 1088M reserved
[2026-04-03T06:40:37.381+0600][7.088s][info][gc,reloc    ] GC(2) Y:                        Candidates     Selected     In-Place         Size        Empty    Relocated 
[2026-04-03T06:40:37.381+0600][7.088s][info][gc,reloc    ] GC(2) Y: Small Pages:                   87           75            0         174M           2M           6M 
[2026-04-03T06:40:37.381+0600][7.088s][info][gc,reloc    ] GC(2) Y: Medium Pages:                   2            0            0          64M          32M           0M 
[2026-04-03T06:40:37.381+0600][7.088s][info][gc,reloc    ] GC(2) Y: Large Pages:                    0            0            0           0M           0M           0M 
[2026-04-03T06:40:37.381+0600][7.088s][info][gc,reloc    ] GC(2) Y: Forwarding Usage: 2M
[2026-04-03T06:40:37.381+0600][7.088s][info][gc,reloc    ] GC(2) Y: Age Table:
[2026-04-03T06:40:37.381+0600][7.088s][info][gc,reloc    ] GC(2) Y:                    Live             Garbage             Small              Medium             Large        
[2026-04-03T06:40:37.381+0600][7.088s][info][gc,reloc    ] GC(2) Y: Eden               5M (0%)          180M (5%)          77 / 72             1 / 0              0 / 0        
[2026-04-03T06:40:37.381+0600][7.088s][info][gc,reloc    ] GC(2) Y: Survivor 1        14M (0%)           29M (1%)           6 / 2              1 / 0              0 / 0        
[2026-04-03T06:40:37.381+0600][7.088s][info][gc,reloc    ] GC(2) Y: Survivor 2         4M (0%)            3M (0%)           4 / 1              0 / 0              0 / 0        
[2026-04-03T06:40:37.381+0600][7.088s][info][gc,heap     ] GC(2) Y: Min Capacity: 8M(0%)
[2026-04-03T06:40:37.381+0600][7.088s][info][gc,heap     ] GC(2) Y: Max Capacity: 3922M(100%)
[2026-04-03T06:40:37.381+0600][7.088s][info][gc,heap     ] GC(2) Y: Soft Max Capacity: 3529M(90%)
[2026-04-03T06:40:37.381+0600][7.088s][info][gc,heap     ] GC(2) Y: Heap Statistics:
[2026-04-03T06:40:37.381+0600][7.088s][info][gc,heap     ] GC(2) Y:                Mark Start          Mark End        Relocate Start      Relocate End           High               Low         
[2026-04-03T06:40:37.381+0600][7.088s][info][gc,heap     ] GC(2) Y:  Capacity:      434M (11%)         434M (11%)         434M (11%)         434M (11%)         434M (11%)         434M (11%)    
[2026-04-03T06:40:37.381+0600][7.088s][info][gc,heap     ] GC(2) Y:      Free:     3684M (94%)        3672M (94%)        3706M (94%)        3850M (98%)        3850M (98%)        3672M (94%)    
[2026-04-03T06:40:37.381+0600][7.088s][info][gc,heap     ] GC(2) Y:      Used:      238M (6%)          250M (6%)          216M (6%)           72M (2%)          250M (6%)           72M (2%)     
[2026-04-03T06:40:37.381+0600][7.088s][info][gc,heap     ] GC(2) Y: Young Generation Statistics:
[2026-04-03T06:40:37.381+0600][7.088s][info][gc,heap     ] GC(2) Y:                Mark Start          Mark End        Relocate Start      Relocate End    
[2026-04-03T06:40:37.381+0600][7.088s][info][gc,heap     ] GC(2) Y:      Used:      238M (6%)          250M (6%)          216M (6%)           72M (2%)     
[2026-04-03T06:40:37.381+0600][7.088s][info][gc,heap     ] GC(2) Y:      Live:         -                24M (1%)           24M (1%)           24M (1%)     
[2026-04-03T06:40:37.381+0600][7.088s][info][gc,heap     ] GC(2) Y:   Garbage:         -               213M (5%)          179M (5%)           27M (1%)     
[2026-04-03T06:40:37.381+0600][7.088s][info][gc,heap     ] GC(2) Y: Allocated:         -                12M (0%)           12M (0%)           19M (0%)     
[2026-04-03T06:40:37.381+0600][7.088s][info][gc,heap     ] GC(2) Y: Reclaimed:         -                  -                34M (1%)          185M (5%)     
[2026-04-03T06:40:37.381+0600][7.088s][info][gc,heap     ] GC(2) Y:  Promoted:         -                  -                 0M (0%)            0M (0%)     
[2026-04-03T06:40:37.381+0600][7.088s][info][gc,heap     ] GC(2) Y: Compacted:         -                  -                  -                 8M (0%)     
[2026-04-03T06:40:37.381+0600][7.088s][info][gc,phases   ] GC(2) Y: Young Generation 238M(6%)->72M(2%) 0.066s
[2026-04-03T06:40:37.381+0600][7.088s][info][gc,phases   ] GC(2) O: Old Generation
[2026-04-03T06:40:37.382+0600][7.089s][info][gc,phases   ] GC(2) O: Concurrent Mark 0.853ms
[2026-04-03T06:40:37.382+0600][7.089s][info][gc,phases   ] GC(2) O: Pause Mark End 0.020ms
[2026-04-03T06:40:37.382+0600][7.089s][info][gc,phases   ] GC(2) O: Concurrent Mark Free 0.001ms
[2026-04-03T06:40:37.392+0600][7.099s][info][gc,phases   ] GC(2) O: Concurrent Process Non-Strong 9.633ms
[2026-04-03T06:40:37.392+0600][7.099s][info][gc,phases   ] GC(2) O: Concurrent Reset Relocation Set 0.001ms
[2026-04-03T06:40:37.396+0600][7.102s][info][gc,phases   ] GC(2) O: Concurrent Select Relocation Set 3.341ms
[2026-04-03T06:40:37.396+0600][7.102s][info][gc,task     ] GC(2) O: Using 2 Workers for Old Generation
[2026-04-03T06:40:37.418+0600][7.125s][info][gc,task     ] GC(2) O: Using 1 Workers for Old Generation
[2026-04-03T06:40:37.418+0600][7.125s][info][gc,phases   ] GC(2) O: Concurrent Remap Roots 22.478ms
[2026-04-03T06:40:37.418+0600][7.125s][info][gc,phases   ] GC(2) O: Pause Relocate Start 0.019ms
[2026-04-03T06:40:37.419+0600][7.125s][info][gc,phases   ] GC(2) O: Concurrent Relocate 0.126ms
[2026-04-03T06:40:37.419+0600][7.125s][info][gc,alloc    ] GC(2) O:                         Mark Start        Mark End      Relocate Start    Relocate End   
[2026-04-03T06:40:37.419+0600][7.125s][info][gc,alloc    ] GC(2) O: Allocation Stalls:          0                0                0                0         
[2026-04-03T06:40:37.419+0600][7.125s][info][gc,load     ] GC(2) O: Load: 4.87 (41%) / 7.00 (58%) / 5.71 (48%)
[2026-04-03T06:40:37.419+0600][7.125s][info][gc,mmu      ] GC(2) O: MMU: 2ms/98.7%, 5ms/99.3%, 10ms/99.6%, 20ms/99.7%, 50ms/99.8%, 100ms/99.9%
[2026-04-03T06:40:37.419+0600][7.125s][info][gc,marking  ] GC(2) O: Mark: 1 stripe(s), 1 proactive flush(es), 1 terminate flush(es), 0 completion(s), 0 continuation(s) 
[2026-04-03T06:40:37.419+0600][7.125s][info][gc,marking  ] GC(2) O: Mark Stack Usage: 0M
[2026-04-03T06:40:37.419+0600][7.125s][info][gc,nmethod  ] GC(2) O: NMethods: 2540 registered, 316 unregistered
[2026-04-03T06:40:37.419+0600][7.125s][info][gc,metaspace] GC(2) O: Metaspace: 36M used, 37M committed, 1088M reserved
[2026-04-03T06:40:37.419+0600][7.125s][info][gc,ref      ] GC(2) O:                       Encountered   Discovered     Enqueued 
[2026-04-03T06:40:37.419+0600][7.125s][info][gc,ref      ] GC(2) O: Soft References:             3866            0            0 
[2026-04-03T06:40:37.419+0600][7.125s][info][gc,ref      ] GC(2) O: Weak References:             2978            0            0 
[2026-04-03T06:40:37.419+0600][7.125s][info][gc,ref      ] GC(2) O: Final References:              80            0            0 
[2026-04-03T06:40:37.419+0600][7.125s][info][gc,ref      ] GC(2) O: Phantom References:           569            0            0 
[2026-04-03T06:40:37.419+0600][7.125s][info][gc,heap     ] GC(2) O: Min Capacity: 8M(0%)
[2026-04-03T06:40:37.419+0600][7.126s][info][gc,heap     ] GC(2) O: Max Capacity: 3922M(100%)
[2026-04-03T06:40:37.419+0600][7.126s][info][gc,heap     ] GC(2) O: Soft Max Capacity: 3529M(90%)
[2026-04-03T06:40:37.419+0600][7.126s][info][gc,heap     ] GC(2) O: Heap Statistics:
[2026-04-03T06:40:37.419+0600][7.126s][info][gc,heap     ] GC(2) O:                Mark Start          Mark End        Relocate Start      Relocate End           High               Low         
[2026-04-03T06:40:37.419+0600][7.126s][info][gc,heap     ] GC(2) O:  Capacity:      434M (11%)         434M (11%)         434M (11%)         434M (11%)         434M (11%)         434M (11%)    
[2026-04-03T06:40:37.419+0600][7.126s][info][gc,heap     ] GC(2) O:      Free:     3684M (94%)        3850M (98%)        3850M (98%)        3850M (98%)        3850M (98%)        3672M (94%)    
[2026-04-03T06:40:37.419+0600][7.126s][info][gc,heap     ] GC(2) O:      Used:      238M (6%)           72M (2%)           72M (2%)           72M (2%)          250M (6%)           72M (2%)     
[2026-04-03T06:40:37.419+0600][7.126s][info][gc,heap     ] GC(2) O: Old Generation Statistics:
[2026-04-03T06:40:37.419+0600][7.126s][info][gc,heap     ] GC(2) O:                Mark Start          Mark End        Relocate Start      Relocate End    
[2026-04-03T06:40:37.419+0600][7.126s][info][gc,heap     ] GC(2) O:      Used:        0M (0%)            0M (0%)            0M (0%)            0M (0%)     
[2026-04-03T06:40:37.419+0600][7.126s][info][gc,heap     ] GC(2) O:      Live:         -                 0M (0%)            0M (0%)            0M (0%)     
[2026-04-03T06:40:37.419+0600][7.126s][info][gc,heap     ] GC(2) O:   Garbage:         -                 0M (0%)            0M (0%)            0M (0%)     
[2026-04-03T06:40:37.419+0600][7.126s][info][gc,heap     ] GC(2) O: Allocated:         -                 0M (0%)            0M (0%)            0M (0%)     
[2026-04-03T06:40:37.419+0600][7.126s][info][gc,heap     ] GC(2) O: Reclaimed:         -                  -                 0M (0%)            0M (0%)     
[2026-04-03T06:40:37.419+0600][7.126s][info][gc,heap     ] GC(2) O: Compacted:         -                  -                  -                 0M (0%)     
[2026-04-03T06:40:37.419+0600][7.126s][info][gc,phases   ] GC(2) O: Old Generation 72M(2%)->72M(2%) 0.037s
[2026-04-03T06:40:37.419+0600][7.126s][info][gc          ] GC(2) Major Collection (Metadata GC Threshold) 238M(6%)->72M(2%) 0.104s
[2026-04-03T06:40:41.409+0600][11.115s][info][gc          ] GC(3) Major Collection (Metadata GC Threshold)
[2026-04-03T06:40:41.409+0600][11.116s][info][gc,task     ] GC(3) Using 1 Workers for Young Generation
[2026-04-03T06:40:41.409+0600][11.116s][info][gc,task     ] GC(3) Using 1 Workers for Old Generation
[2026-04-03T06:40:41.409+0600][11.116s][info][gc,phases   ] GC(3) Y: Young Generation
[2026-04-03T06:40:41.409+0600][11.116s][info][gc,phases   ] GC(3) Y: Pause Mark Start (Major) 0.022ms
[2026-04-03T06:40:41.506+0600][11.213s][info][gc,phases   ] GC(3) Y: Concurrent Mark 96.783ms
[2026-04-03T06:40:41.506+0600][11.213s][info][gc,phases   ] GC(3) Y: Pause Mark End 0.023ms
[2026-04-03T06:40:41.506+0600][11.213s][info][gc,phases   ] GC(3) Y: Concurrent Mark Free 0.001ms
[2026-04-03T06:40:41.506+0600][11.213s][info][gc,phases   ] GC(3) Y: Concurrent Reset Relocation Set 0.007ms
[2026-04-03T06:40:41.511+0600][11.218s][info][gc,reloc    ] GC(3) Y: Using tenuring threshold: 4 (Computed)
[2026-04-03T06:40:41.513+0600][11.220s][info][gc,phases   ] GC(3) Y: Concurrent Select Relocation Set 6.714ms
[2026-04-03T06:40:41.514+0600][11.220s][info][gc,phases   ] GC(3) Y: Pause Relocate Start 0.020ms
[2026-04-03T06:40:41.540+0600][11.247s][info][gc,phases   ] GC(3) Y: Concurrent Relocate 26.708ms
[2026-04-03T06:40:41.540+0600][11.247s][info][gc,alloc    ] GC(3) Y:                         Mark Start        Mark End      Relocate Start    Relocate End   
[2026-04-03T06:40:41.540+0600][11.247s][info][gc,alloc    ] GC(3) Y: Allocation Stalls:          0                0                0                0         
[2026-04-03T06:40:41.540+0600][11.247s][info][gc,load     ] GC(3) Y: Load: 4.87 (41%) / 7.00 (58%) / 5.71 (48%)
[2026-04-03T06:40:41.540+0600][11.247s][info][gc,mmu      ] GC(3) Y: MMU: 2ms/98.7%, 5ms/99.3%, 10ms/99.6%, 20ms/99.7%, 50ms/99.8%, 100ms/99.9%
[2026-04-03T06:40:41.540+0600][11.247s][info][gc,marking  ] GC(3) Y: Mark: 1 stripe(s), 2 proactive flush(es), 1 terminate flush(es), 0 completion(s), 0 continuation(s) 
[2026-04-03T06:40:41.541+0600][11.247s][info][gc,marking  ] GC(3) Y: Mark Stack Usage: 32M
[2026-04-03T06:40:41.541+0600][11.247s][info][gc,nmethod  ] GC(3) Y: NMethods: 3375 registered, 0 unregistered
[2026-04-03T06:40:41.541+0600][11.247s][info][gc,metaspace] GC(3) Y: Metaspace: 62M used, 62M committed, 1088M reserved
[2026-04-03T06:40:41.541+0600][11.247s][info][gc,reloc    ] GC(3) Y:                        Candidates     Selected     In-Place         Size        Empty    Relocated 
[2026-04-03T06:40:41.541+0600][11.247s][info][gc,reloc    ] GC(3) Y: Small Pages:                  109           93            0         218M           0M          10M 
[2026-04-03T06:40:41.541+0600][11.247s][info][gc,reloc    ] GC(3) Y: Medium Pages:                   2            1            0          64M           0M           5M 
[2026-04-03T06:40:41.541+0600][11.247s][info][gc,reloc    ] GC(3) Y: Large Pages:                    0            0            0           0M           0M           0M 
[2026-04-03T06:40:41.541+0600][11.247s][info][gc,reloc    ] GC(3) Y: Forwarding Usage: 3M
[2026-04-03T06:40:41.541+0600][11.247s][info][gc,reloc    ] GC(3) Y: Age Table:
[2026-04-03T06:40:41.541+0600][11.247s][info][gc,reloc    ] GC(3) Y:                    Live             Garbage             Small              Medium             Large        
[2026-04-03T06:40:41.541+0600][11.247s][info][gc,reloc    ] GC(3) Y: Eden              10M (0%)          211M (5%)          95 / 89             1 / 0              0 / 0        
[2026-04-03T06:40:41.541+0600][11.247s][info][gc,reloc    ] GC(3) Y: Survivor 1         4M (0%)            3M (0%)           4 / 2              0 / 0              0 / 0        
[2026-04-03T06:40:41.541+0600][11.247s][info][gc,reloc    ] GC(3) Y: Survivor 2        14M (0%)           29M (1%)           6 / 1              1 / 1              0 / 0        
[2026-04-03T06:40:41.541+0600][11.247s][info][gc,reloc    ] GC(3) Y: Survivor 3         4M (0%)            3M (0%)           4 / 1              0 / 0              0 / 0        
[2026-04-03T06:40:41.541+0600][11.247s][info][gc,heap     ] GC(3) Y: Min Capacity: 8M(0%)
[2026-04-03T06:40:41.541+0600][11.247s][info][gc,heap     ] GC(3) Y: Max Capacity: 3922M(100%)
[2026-04-03T06:40:41.541+0600][11.247s][info][gc,heap     ] GC(3) Y: Soft Max Capacity: 3529M(90%)
[2026-04-03T06:40:41.541+0600][11.247s][info][gc,heap     ] GC(3) Y: Heap Statistics:
[2026-04-03T06:40:41.541+0600][11.247s][info][gc,heap     ] GC(3) Y:                Mark Start          Mark End        Relocate Start      Relocate End           High               Low         
[2026-04-03T06:40:41.541+0600][11.247s][info][gc,heap     ] GC(3) Y:  Capacity:      434M (11%)         434M (11%)         434M (11%)         466M (12%)         466M (12%)         434M (11%)    
[2026-04-03T06:40:41.541+0600][11.247s][info][gc,heap     ] GC(3) Y:      Free:     3640M (93%)        3634M (93%)        3634M (93%)        3812M (97%)        3812M (97%)        3594M (92%)    
[2026-04-03T06:40:41.541+0600][11.247s][info][gc,heap     ] GC(3) Y:      Used:      282M (7%)          288M (7%)          288M (7%)          110M (3%)          328M (8%)          110M (3%)     
[2026-04-03T06:40:41.541+0600][11.247s][info][gc,heap     ] GC(3) Y: Young Generation Statistics:
[2026-04-03T06:40:41.541+0600][11.247s][info][gc,heap     ] GC(3) Y:                Mark Start          Mark End        Relocate Start      Relocate End    
[2026-04-03T06:40:41.541+0600][11.247s][info][gc,heap     ] GC(3) Y:      Used:      282M (7%)          288M (7%)          288M (7%)          110M (3%)     
[2026-04-03T06:40:41.541+0600][11.247s][info][gc,heap     ] GC(3) Y:      Live:         -                34M (1%)           34M (1%)           34M (1%)     
[2026-04-03T06:40:41.541+0600][11.247s][info][gc,heap     ] GC(3) Y:   Garbage:         -               247M (6%)          247M (6%)            1M (0%)     
[2026-04-03T06:40:41.541+0600][11.247s][info][gc,heap     ] GC(3) Y: Allocated:         -                 6M (0%)            6M (0%)           74M (2%)     
[2026-04-03T06:40:41.541+0600][11.247s][info][gc,heap     ] GC(3) Y: Reclaimed:         -                  -                 0M (0%)          246M (6%)     
[2026-04-03T06:40:41.541+0600][11.247s][info][gc,heap     ] GC(3) Y:  Promoted:         -                  -                 0M (0%)            0M (0%)     
[2026-04-03T06:40:41.541+0600][11.247s][info][gc,heap     ] GC(3) Y: Compacted:         -                  -                  -                19M (1%)     
[2026-04-03T06:40:41.541+0600][11.247s][info][gc,phases   ] GC(3) Y: Young Generation 282M(7%)->110M(3%) 0.132s
[2026-04-03T06:40:41.541+0600][11.247s][info][gc,phases   ] GC(3) O: Old Generation
[2026-04-03T06:40:41.543+0600][11.249s][info][gc,phases   ] GC(3) O: Concurrent Mark 1.725ms
[2026-04-03T06:40:41.543+0600][11.249s][info][gc,phases   ] GC(3) O: Pause Mark End 0.023ms
[2026-04-03T06:40:41.543+0600][11.249s][info][gc,phases   ] GC(3) O: Concurrent Mark Free 0.001ms
[2026-04-03T06:40:41.554+0600][11.260s][info][gc,phases   ] GC(3) O: Concurrent Process Non-Strong 10.775ms
[2026-04-03T06:40:41.554+0600][11.260s][info][gc,phases   ] GC(3) O: Concurrent Reset Relocation Set 0.001ms
[2026-04-03T06:40:41.558+0600][11.264s][info][gc,phases   ] GC(3) O: Concurrent Select Relocation Set 4.103ms
[2026-04-03T06:40:41.558+0600][11.265s][info][gc,task     ] GC(3) O: Using 2 Workers for Old Generation
[2026-04-03T06:40:41.579+0600][11.286s][info][gc,task     ] GC(3) O: Using 1 Workers for Old Generation
[2026-04-03T06:40:41.579+0600][11.286s][info][gc,phases   ] GC(3) O: Concurrent Remap Roots 21.083ms
[2026-04-03T06:40:41.579+0600][11.286s][info][gc,phases   ] GC(3) O: Pause Relocate Start 0.023ms
[2026-04-03T06:40:41.580+0600][11.287s][info][gc,phases   ] GC(3) O: Concurrent Relocate 0.388ms
[2026-04-03T06:40:41.580+0600][11.287s][info][gc,alloc    ] GC(3) O:                         Mark Start        Mark End      Relocate Start    Relocate End   
[2026-04-03T06:40:41.580+0600][11.287s][info][gc,alloc    ] GC(3) O: Allocation Stalls:          0                0                0                0         
[2026-04-03T06:40:41.580+0600][11.287s][info][gc,load     ] GC(3) O: Load: 4.87 (41%) / 7.00 (58%) / 5.71 (48%)
[2026-04-03T06:40:41.580+0600][11.287s][info][gc,mmu      ] GC(3) O: MMU: 2ms/98.7%, 5ms/99.3%, 10ms/99.6%, 20ms/99.7%, 50ms/99.8%, 100ms/99.9%
[2026-04-03T06:40:41.580+0600][11.287s][info][gc,marking  ] GC(3) O: Mark: 1 stripe(s), 1 proactive flush(es), 1 terminate flush(es), 0 completion(s), 0 continuation(s) 
[2026-04-03T06:40:41.580+0600][11.287s][info][gc,marking  ] GC(3) O: Mark Stack Usage: 0M
[2026-04-03T06:40:41.580+0600][11.287s][info][gc,nmethod  ] GC(3) O: NMethods: 3227 registered, 149 unregistered
[2026-04-03T06:40:41.580+0600][11.287s][info][gc,metaspace] GC(3) O: Metaspace: 62M used, 62M committed, 1088M reserved
[2026-04-03T06:40:41.580+0600][11.287s][info][gc,ref      ] GC(3) O:                       Encountered   Discovered     Enqueued 
[2026-04-03T06:40:41.580+0600][11.287s][info][gc,ref      ] GC(3) O: Soft References:             4377            0            0 
[2026-04-03T06:40:41.580+0600][11.287s][info][gc,ref      ] GC(3) O: Weak References:             5445            0            0 
[2026-04-03T06:40:41.580+0600][11.287s][info][gc,ref      ] GC(3) O: Final References:              84            0            0 
[2026-04-03T06:40:41.580+0600][11.287s][info][gc,ref      ] GC(3) O: Phantom References:           584            0            0 
[2026-04-03T06:40:41.580+0600][11.287s][info][gc,heap     ] GC(3) O: Min Capacity: 8M(0%)
[2026-04-03T06:40:41.580+0600][11.287s][info][gc,heap     ] GC(3) O: Max Capacity: 3922M(100%)
[2026-04-03T06:40:41.580+0600][11.287s][info][gc,heap     ] GC(3) O: Soft Max Capacity: 3529M(90%)
[2026-04-03T06:40:41.580+0600][11.287s][info][gc,heap     ] GC(3) O: Heap Statistics:
[2026-04-03T06:40:41.580+0600][11.287s][info][gc,heap     ] GC(3) O:                Mark Start          Mark End        Relocate Start      Relocate End           High               Low         
[2026-04-03T06:40:41.580+0600][11.287s][info][gc,heap     ] GC(3) O:  Capacity:      434M (11%)         466M (12%)         466M (12%)         466M (12%)         466M (12%)         434M (11%)    
[2026-04-03T06:40:41.580+0600][11.287s][info][gc,heap     ] GC(3) O:      Free:     3640M (93%)        3812M (97%)        3812M (97%)        3812M (97%)        3812M (97%)        3594M (92%)    
[2026-04-03T06:40:41.580+0600][11.287s][info][gc,heap     ] GC(3) O:      Used:      282M (7%)          110M (3%)          110M (3%)          110M (3%)          328M (8%)          110M (3%)     
[2026-04-03T06:40:41.580+0600][11.287s][info][gc,heap     ] GC(3) O: Old Generation Statistics:
[2026-04-03T06:40:41.580+0600][11.287s][info][gc,heap     ] GC(3) O:                Mark Start          Mark End        Relocate Start      Relocate End    
[2026-04-03T06:40:41.580+0600][11.287s][info][gc,heap     ] GC(3) O:      Used:        0M (0%)            0M (0%)            0M (0%)            0M (0%)     
[2026-04-03T06:40:41.580+0600][11.287s][info][gc,heap     ] GC(3) O:      Live:         -                 0M (0%)            0M (0%)            0M (0%)     
[2026-04-03T06:40:41.580+0600][11.287s][info][gc,heap     ] GC(3) O:   Garbage:         -                 0M (0%)            0M (0%)            0M (0%)     
[2026-04-03T06:40:41.580+0600][11.287s][info][gc,heap     ] GC(3) O: Allocated:         -                 0M (0%)            0M (0%)            0M (0%)     
[2026-04-03T06:40:41.580+0600][11.287s][info][gc,heap     ] GC(3) O: Reclaimed:         -                  -                 0M (0%)            0M (0%)     
[2026-04-03T06:40:41.580+0600][11.287s][info][gc,heap     ] GC(3) O: Compacted:         -                  -                  -                 0M (0%)     
[2026-04-03T06:40:41.580+0600][11.287s][info][gc,phases   ] GC(3) O: Old Generation 110M(3%)->110M(3%) 0.039s
[2026-04-03T06:40:41.580+0600][11.287s][info][gc          ] GC(3) Major Collection (Metadata GC Threshold) 282M(7%)->110M(3%) 0.172s
[2026-04-03T06:40:43.100+0600][12.806s][info][gc          ] GC(4) Major Collection (System.gc())
[2026-04-03T06:40:43.100+0600][12.806s][info][gc,task     ] GC(4) Using 3 Workers for Young Generation
[2026-04-03T06:40:43.100+0600][12.806s][info][gc,task     ] GC(4) Using 3 Workers for Old Generation
[2026-04-03T06:40:43.100+0600][12.806s][info][gc,phases   ] GC(4) Y: Young Generation (Promote All)
[2026-04-03T06:40:43.100+0600][12.806s][info][gc,phases   ] GC(4) Y: Pause Mark Start 0.017ms
[2026-04-03T06:40:43.136+0600][12.843s][info][gc,phases   ] GC(4) Y: Concurrent Mark 36.382ms
[2026-04-03T06:40:43.137+0600][12.843s][info][gc,phases   ] GC(4) Y: Pause Mark End 0.020ms
[2026-04-03T06:40:43.137+0600][12.843s][info][gc,phases   ] GC(4) Y: Concurrent Mark Free 0.002ms
[2026-04-03T06:40:43.137+0600][12.843s][info][gc,phases   ] GC(4) Y: Concurrent Reset Relocation Set 0.012ms
[2026-04-03T06:40:43.138+0600][12.845s][info][gc,reloc    ] GC(4) Y: Using tenuring threshold: 0 (Promote All)
[2026-04-03T06:40:43.152+0600][12.858s][info][gc,phases   ] GC(4) Y: Concurrent Select Relocation Set 15.000ms
[2026-04-03T06:40:43.152+0600][12.859s][info][gc,phases   ] GC(4) Y: Pause Relocate Start 0.019ms
[2026-04-03T06:40:43.177+0600][12.884s][info][gc,phases   ] GC(4) Y: Concurrent Relocate 25.353ms
[2026-04-03T06:40:43.177+0600][12.884s][info][gc,alloc    ] GC(4) Y:                         Mark Start        Mark End      Relocate Start    Relocate End   
[2026-04-03T06:40:43.177+0600][12.884s][info][gc,alloc    ] GC(4) Y: Allocation Stalls:          0                0                0                0         
[2026-04-03T06:40:43.177+0600][12.884s][info][gc,load     ] GC(4) Y: Load: 4.56 (38%) / 6.90 (57%) / 5.68 (47%)
[2026-04-03T06:40:43.177+0600][12.884s][info][gc,mmu      ] GC(4) Y: MMU: 2ms/98.7%, 5ms/99.3%, 10ms/99.6%, 20ms/99.7%, 50ms/99.8%, 100ms/99.9%
[2026-04-03T06:40:43.178+0600][12.884s][info][gc,marking  ] GC(4) Y: Mark: 2 stripe(s), 2 proactive flush(es), 1 terminate flush(es), 0 completion(s), 0 continuation(s) 
[2026-04-03T06:40:43.178+0600][12.884s][info][gc,marking  ] GC(4) Y: Mark Stack Usage: 32M
[2026-04-03T06:40:43.178+0600][12.884s][info][gc,nmethod  ] GC(4) Y: NMethods: 3736 registered, 149 unregistered
[2026-04-03T06:40:43.178+0600][12.884s][info][gc,metaspace] GC(4) Y: Metaspace: 81M used, 82M committed, 1152M reserved
[2026-04-03T06:40:43.178+0600][12.884s][info][gc,reloc    ] GC(4) Y:                        Candidates     Selected     In-Place         Size        Empty    Relocated 
[2026-04-03T06:40:43.178+0600][12.884s][info][gc,reloc    ] GC(4) Y: Small Pages:                   88           68            0         176M           2M           6M 
[2026-04-03T06:40:43.178+0600][12.884s][info][gc,reloc    ] GC(4) Y: Medium Pages:                   3            1            0          96M          32M           5M 
[2026-04-03T06:40:43.178+0600][12.884s][info][gc,reloc    ] GC(4) Y: Large Pages:                    0            0            0           0M           0M           0M 
[2026-04-03T06:40:43.178+0600][12.884s][info][gc,reloc    ] GC(4) Y: Forwarding Usage: 3M
[2026-04-03T06:40:43.178+0600][12.884s][info][gc,reloc    ] GC(4) Y: Age Table:
[2026-04-03T06:40:43.178+0600][12.884s][info][gc,reloc    ] GC(4) Y:                    Live             Garbage             Small              Medium             Large        
[2026-04-03T06:40:43.178+0600][12.884s][info][gc,reloc    ] GC(4) Y: Eden               6M (0%)          161M (4%)          68 / 63             1 / 0              0 / 0        
[2026-04-03T06:40:43.178+0600][12.884s][info][gc,reloc    ] GC(4) Y: Survivor 1         9M (0%)           34M (1%)           6 / 1              1 / 0              0 / 0        
[2026-04-03T06:40:43.178+0600][12.884s][info][gc,reloc    ] GC(4) Y: Survivor 2         4M (0%)            3M (0%)           4 / 2              0 / 0              0 / 0        
[2026-04-03T06:40:43.178+0600][12.884s][info][gc,reloc    ] GC(4) Y: Survivor 3        14M (0%)           27M (1%)           5 / 0              1 / 1              0 / 0        
[2026-04-03T06:40:43.178+0600][12.884s][info][gc,reloc    ] GC(4) Y: Survivor 4         4M (0%)            5M (0%)           5 / 2              0 / 0              0 / 0        
[2026-04-03T06:40:43.178+0600][12.884s][info][gc,heap     ] GC(4) Y: Min Capacity: 8M(0%)
[2026-04-03T06:40:43.178+0600][12.884s][info][gc,heap     ] GC(4) Y: Max Capacity: 3922M(100%)
[2026-04-03T06:40:43.178+0600][12.884s][info][gc,heap     ] GC(4) Y: Soft Max Capacity: 3529M(90%)
[2026-04-03T06:40:43.178+0600][12.884s][info][gc,heap     ] GC(4) Y: Heap Statistics:
[2026-04-03T06:40:43.178+0600][12.884s][info][gc,heap     ] GC(4) Y:                Mark Start          Mark End        Relocate Start      Relocate End           High               Low         
[2026-04-03T06:40:43.178+0600][12.884s][info][gc,heap     ] GC(4) Y:  Capacity:      466M (12%)         466M (12%)         466M (12%)         466M (12%)         466M (12%)         466M (12%)    
[2026-04-03T06:40:43.178+0600][12.884s][info][gc,heap     ] GC(4) Y:      Free:     3650M (93%)        3650M (93%)        3684M (94%)        3848M (98%)        3850M (98%)        3650M (93%)    
[2026-04-03T06:40:43.178+0600][12.884s][info][gc,heap     ] GC(4) Y:      Used:      272M (7%)          272M (7%)          238M (6%)           74M (2%)          272M (7%)           72M (2%)     
[2026-04-03T06:40:43.178+0600][12.884s][info][gc,heap     ] GC(4) Y: Young Generation Statistics:
[2026-04-03T06:40:43.178+0600][12.884s][info][gc,heap     ] GC(4) Y:                Mark Start          Mark End        Relocate Start      Relocate End    
[2026-04-03T06:40:43.178+0600][12.884s][info][gc,heap     ] GC(4) Y:      Used:      272M (7%)          272M (7%)          210M (5%)            2M (0%)     
[2026-04-03T06:40:43.178+0600][12.884s][info][gc,heap     ] GC(4) Y:      Live:         -                40M (1%)           14M (0%)            0M (0%)     
[2026-04-03T06:40:43.178+0600][12.884s][info][gc,heap     ] GC(4) Y:   Garbage:         -               231M (6%)          195M (5%)            0M (0%)     
[2026-04-03T06:40:43.178+0600][12.884s][info][gc,heap     ] GC(4) Y: Allocated:         -                 0M (0%)            0M (0%)            2M (0%)     
[2026-04-03T06:40:43.178+0600][12.884s][info][gc,heap     ] GC(4) Y: Reclaimed:         -                  -                36M (1%)          231M (6%)     
[2026-04-03T06:40:43.178+0600][12.884s][info][gc,heap     ] GC(4) Y:  Promoted:         -                  -                25M (1%)           40M (1%)     
[2026-04-03T06:40:43.178+0600][12.884s][info][gc,heap     ] GC(4) Y: Compacted:         -                  -                  -                 0M (0%)     
[2026-04-03T06:40:43.178+0600][12.884s][info][gc,phases   ] GC(4) Y: Young Generation (Promote All) 272M(7%)->74M(2%) 0.078s
[2026-04-03T06:40:43.178+0600][12.884s][info][gc,phases   ] GC(4) Y: Young Generation (Collect Roots)
[2026-04-03T06:40:43.178+0600][12.885s][info][gc,phases   ] GC(4) Y: Pause Mark Start (Major) 0.022ms
[2026-04-03T06:40:43.188+0600][12.895s][info][gc,phases   ] GC(4) Y: Concurrent Mark 9.855ms
[2026-04-03T06:40:43.188+0600][12.895s][info][gc,phases   ] GC(4) Y: Pause Mark End 0.018ms
[2026-04-03T06:40:43.188+0600][12.895s][info][gc,phases   ] GC(4) Y: Concurrent Mark Free 0.001ms
[2026-04-03T06:40:43.188+0600][12.895s][info][gc,phases   ] GC(4) Y: Concurrent Reset Relocation Set 0.029ms
[2026-04-03T06:40:43.190+0600][12.896s][info][gc,reloc    ] GC(4) Y: Using tenuring threshold: 1 (Computed)
[2026-04-03T06:40:43.190+0600][12.897s][info][gc,phases   ] GC(4) Y: Concurrent Select Relocation Set 1.642ms
[2026-04-03T06:40:43.190+0600][12.897s][info][gc,phases   ] GC(4) Y: Pause Relocate Start 0.013ms
[2026-04-03T06:40:43.191+0600][12.897s][info][gc,phases   ] GC(4) Y: Concurrent Relocate 0.412ms
[2026-04-03T06:40:43.191+0600][12.897s][info][gc,alloc    ] GC(4) Y:                         Mark Start        Mark End      Relocate Start    Relocate End   
[2026-04-03T06:40:43.191+0600][12.897s][info][gc,alloc    ] GC(4) Y: Allocation Stalls:          0                0                0                0         
[2026-04-03T06:40:43.191+0600][12.897s][info][gc,load     ] GC(4) Y: Load: 4.56 (38%) / 6.90 (57%) / 5.68 (47%)
[2026-04-03T06:40:43.191+0600][12.897s][info][gc,mmu      ] GC(4) Y: MMU: 2ms/98.7%, 5ms/99.3%, 10ms/99.6%, 20ms/99.7%, 50ms/99.8%, 100ms/99.9%
[2026-04-03T06:40:43.191+0600][12.897s][info][gc,marking  ] GC(4) Y: Mark: 2 stripe(s), 1 proactive flush(es), 1 terminate flush(es), 0 completion(s), 0 continuation(s) 
[2026-04-03T06:40:43.191+0600][12.897s][info][gc,marking  ] GC(4) Y: Mark Stack Usage: 32M
[2026-04-03T06:40:43.191+0600][12.897s][info][gc,nmethod  ] GC(4) Y: NMethods: 3736 registered, 149 unregistered
[2026-04-03T06:40:43.191+0600][12.897s][info][gc,metaspace] GC(4) Y: Metaspace: 81M used, 82M committed, 1152M reserved
[2026-04-03T06:40:43.191+0600][12.897s][info][gc,reloc    ] GC(4) Y:                        Candidates     Selected     In-Place         Size        Empty    Relocated 
[2026-04-03T06:40:43.191+0600][12.897s][info][gc,reloc    ] GC(4) Y: Small Pages:                    1            0            0           2M           0M           0M 
[2026-04-03T06:40:43.191+0600][12.897s][info][gc,reloc    ] GC(4) Y: Medium Pages:                   0            0            0           0M           0M           0M 
[2026-04-03T06:40:43.191+0600][12.897s][info][gc,reloc    ] GC(4) Y: Large Pages:                    0            0            0           0M           0M           0M 
[2026-04-03T06:40:43.191+0600][12.897s][info][gc,reloc    ] GC(4) Y: Forwarding Usage: 0M
[2026-04-03T06:40:43.191+0600][12.897s][info][gc,reloc    ] GC(4) Y: Age Table:
[2026-04-03T06:40:43.191+0600][12.897s][info][gc,reloc    ] GC(4) Y:                    Live             Garbage             Small              Medium             Large        
[2026-04-03T06:40:43.191+0600][12.897s][info][gc,reloc    ] GC(4) Y: Eden               0M (0%)            1M (0%)           1 / 0              0 / 0              0 / 0        
[2026-04-03T06:40:43.191+0600][12.897s][info][gc,heap     ] GC(4) Y: Min Capacity: 8M(0%)
[2026-04-03T06:40:43.191+0600][12.897s][info][gc,heap     ] GC(4) Y: Max Capacity: 3922M(100%)
[2026-04-03T06:40:43.191+0600][12.898s][info][gc,heap     ] GC(4) Y: Soft Max Capacity: 3529M(90%)
[2026-04-03T06:40:43.191+0600][12.898s][info][gc,heap     ] GC(4) Y: Heap Statistics:
[2026-04-03T06:40:43.191+0600][12.898s][info][gc,heap     ] GC(4) Y:                Mark Start          Mark End        Relocate Start      Relocate End           High               Low         
[2026-04-03T06:40:43.191+0600][12.898s][info][gc,heap     ] GC(4) Y:  Capacity:      466M (12%)         466M (12%)         466M (12%)         466M (12%)         466M (12%)         466M (12%)    
[2026-04-03T06:40:43.191+0600][12.898s][info][gc,heap     ] GC(4) Y:      Free:     3848M (98%)        3848M (98%)        3848M (98%)        3848M (98%)        3848M (98%)        3848M (98%)    
[2026-04-03T06:40:43.191+0600][12.898s][info][gc,heap     ] GC(4) Y:      Used:       74M (2%)           74M (2%)           74M (2%)           74M (2%)           74M (2%)           74M (2%)     
[2026-04-03T06:40:43.191+0600][12.898s][info][gc,heap     ] GC(4) Y: Young Generation Statistics:
[2026-04-03T06:40:43.191+0600][12.898s][info][gc,heap     ] GC(4) Y:                Mark Start          Mark End        Relocate Start      Relocate End    
[2026-04-03T06:40:43.191+0600][12.898s][info][gc,heap     ] GC(4) Y:      Used:        2M (0%)            2M (0%)            2M (0%)            2M (0%)     
[2026-04-03T06:40:43.191+0600][12.898s][info][gc,heap     ] GC(4) Y:      Live:         -                 0M (0%)            0M (0%)            0M (0%)     
[2026-04-03T06:40:43.191+0600][12.898s][info][gc,heap     ] GC(4) Y:   Garbage:         -                 1M (0%)            1M (0%)            1M (0%)     
[2026-04-03T06:40:43.191+0600][12.898s][info][gc,heap     ] GC(4) Y: Allocated:         -                 0M (0%)            0M (0%)            0M (0%)     
[2026-04-03T06:40:43.191+0600][12.898s][info][gc,heap     ] GC(4) Y: Reclaimed:         -                  -                 0M (0%)            0M (0%)     
[2026-04-03T06:40:43.191+0600][12.898s][info][gc,heap     ] GC(4) Y:  Promoted:         -                  -                 0M (0%)            0M (0%)     
[2026-04-03T06:40:43.191+0600][12.898s][info][gc,heap     ] GC(4) Y: Compacted:         -                  -                  -                 0M (0%)     
[2026-04-03T06:40:43.191+0600][12.898s][info][gc,phases   ] GC(4) Y: Young Generation (Collect Roots) 74M(2%)->74M(2%) 0.013s
[2026-04-03T06:40:43.191+0600][12.898s][info][gc,phases   ] GC(4) O: Old Generation
[2026-04-03T06:40:43.218+0600][12.924s][info][gc,phases   ] GC(4) O: Concurrent Mark 26.847ms
[2026-04-03T06:40:43.218+0600][12.925s][info][gc,phases   ] GC(4) O: Pause Mark End 0.019ms
[2026-04-03T06:40:43.218+0600][12.925s][info][gc,phases   ] GC(4) O: Concurrent Mark Free 0.001ms
[2026-04-03T06:40:43.222+0600][12.929s][info][gc,phases   ] GC(4) O: Concurrent Process Non-Strong 4.111ms
[2026-04-03T06:40:43.222+0600][12.929s][info][gc,phases   ] GC(4) O: Concurrent Reset Relocation Set 0.000ms
[2026-04-03T06:40:43.224+0600][12.931s][info][gc,phases   ] GC(4) O: Concurrent Select Relocation Set 2.103ms
[2026-04-03T06:40:43.224+0600][12.931s][info][gc,task     ] GC(4) O: Using 3 Workers for Old Generation
[2026-04-03T06:40:43.238+0600][12.945s][info][gc,task     ] GC(4) O: Using 3 Workers for Old Generation
[2026-04-03T06:40:43.238+0600][12.945s][info][gc,phases   ] GC(4) O: Concurrent Remap Roots 13.857ms
[2026-04-03T06:40:43.238+0600][12.945s][info][gc,phases   ] GC(4) O: Pause Relocate Start 0.020ms
[2026-04-03T06:40:43.241+0600][12.948s][info][gc,phases   ] GC(4) O: Concurrent Relocate 2.649ms
[2026-04-03T06:40:43.241+0600][12.948s][info][gc,alloc    ] GC(4) O:                         Mark Start        Mark End      Relocate Start    Relocate End   
[2026-04-03T06:40:43.241+0600][12.948s][info][gc,alloc    ] GC(4) O: Allocation Stalls:          0                0                0                0         
[2026-04-03T06:40:43.241+0600][12.948s][info][gc,load     ] GC(4) O: Load: 4.56 (38%) / 6.90 (57%) / 5.68 (47%)
[2026-04-03T06:40:43.241+0600][12.948s][info][gc,mmu      ] GC(4) O: MMU: 2ms/98.7%, 5ms/99.3%, 10ms/99.6%, 20ms/99.7%, 50ms/99.8%, 100ms/99.9%
[2026-04-03T06:40:43.241+0600][12.948s][info][gc,marking  ] GC(4) O: Mark: 2 stripe(s), 9 proactive flush(es), 1 terminate flush(es), 0 completion(s), 0 continuation(s) 
[2026-04-03T06:40:43.241+0600][12.948s][info][gc,marking  ] GC(4) O: Mark Stack Usage: 32M
[2026-04-03T06:40:43.241+0600][12.948s][info][gc,nmethod  ] GC(4) O: NMethods: 3609 registered, 281 unregistered
[2026-04-03T06:40:43.241+0600][12.948s][info][gc,metaspace] GC(4) O: Metaspace: 81M used, 82M committed, 1152M reserved
[2026-04-03T06:40:43.241+0600][12.948s][info][gc,ref      ] GC(4) O:                       Encountered   Discovered     Enqueued 
[2026-04-03T06:40:43.241+0600][12.948s][info][gc,ref      ] GC(4) O: Soft References:             4570            0            0 
[2026-04-03T06:40:43.241+0600][12.948s][info][gc,ref      ] GC(4) O: Weak References:             7304         5356         2604 
[2026-04-03T06:40:43.241+0600][12.948s][info][gc,ref      ] GC(4) O: Final References:              84           18            0 
[2026-04-03T06:40:43.241+0600][12.948s][info][gc,ref      ] GC(4) O: Phantom References:           584          452            1 
[2026-04-03T06:40:43.241+0600][12.948s][info][gc,reloc    ] GC(4) O:                        Candidates     Selected     In-Place         Size        Empty    Relocated 
[2026-04-03T06:40:43.241+0600][12.948s][info][gc,reloc    ] GC(4) O: Small Pages:                   20            1            0          40M           0M           0M 
[2026-04-03T06:40:43.241+0600][12.948s][info][gc,reloc    ] GC(4) O: Medium Pages:                   1            0            0          32M           0M           0M 
[2026-04-03T06:40:43.241+0600][12.948s][info][gc,reloc    ] GC(4) O: Large Pages:                    0            0            0           0M           0M           0M 
[2026-04-03T06:40:43.241+0600][12.948s][info][gc,reloc    ] GC(4) O: Forwarding Usage: 0M
[2026-04-03T06:40:43.241+0600][12.948s][info][gc,heap     ] GC(4) O: Min Capacity: 8M(0%)
[2026-04-03T06:40:43.241+0600][12.948s][info][gc,heap     ] GC(4) O: Max Capacity: 3922M(100%)
[2026-04-03T06:40:43.241+0600][12.948s][info][gc,heap     ] GC(4) O: Soft Max Capacity: 3529M(90%)
[2026-04-03T06:40:43.241+0600][12.948s][info][gc,heap     ] GC(4) O: Heap Statistics:
[2026-04-03T06:40:43.241+0600][12.948s][info][gc,heap     ] GC(4) O:                Mark Start          Mark End        Relocate Start      Relocate End           High               Low         
[2026-04-03T06:40:43.241+0600][12.948s][info][gc,heap     ] GC(4) O:  Capacity:      466M (12%)         466M (12%)         466M (12%)         466M (12%)         466M (12%)         466M (12%)    
[2026-04-03T06:40:43.241+0600][12.948s][info][gc,heap     ] GC(4) O:      Free:     3848M (98%)        3848M (98%)        3848M (98%)        3848M (98%)        3848M (98%)        3844M (98%)    
[2026-04-03T06:40:43.241+0600][12.948s][info][gc,heap     ] GC(4) O:      Used:       74M (2%)           74M (2%)           74M (2%)           74M (2%)           78M (2%)           74M (2%)     
[2026-04-03T06:40:43.241+0600][12.948s][info][gc,heap     ] GC(4) O: Old Generation Statistics:
[2026-04-03T06:40:43.241+0600][12.948s][info][gc,heap     ] GC(4) O:                Mark Start          Mark End        Relocate Start      Relocate End    
[2026-04-03T06:40:43.241+0600][12.948s][info][gc,heap     ] GC(4) O:      Used:       72M (2%)           72M (2%)           72M (2%)           72M (2%)     
[2026-04-03T06:40:43.241+0600][12.948s][info][gc,heap     ] GC(4) O:      Live:         -                39M (1%)           39M (1%)           39M (1%)     
[2026-04-03T06:40:43.241+0600][12.948s][info][gc,heap     ] GC(4) O:   Garbage:         -                32M (1%)           32M (1%)           30M (1%)     
[2026-04-03T06:40:43.241+0600][12.948s][info][gc,heap     ] GC(4) O: Allocated:         -                 0M (0%)            0M (0%)            2M (0%)     
[2026-04-03T06:40:43.241+0600][12.948s][info][gc,heap     ] GC(4) O: Reclaimed:         -                  -                 0M (0%)            2M (0%)     
[2026-04-03T06:40:43.241+0600][12.948s][info][gc,heap     ] GC(4) O: Compacted:         -                  -                  -                 1M (0%)     
[2026-04-03T06:40:43.241+0600][12.948s][info][gc,phases   ] GC(4) O: Old Generation 74M(2%)->74M(2%) 0.050s
[2026-04-03T06:40:43.241+0600][12.948s][info][gc          ] GC(4) Major Collection (System.gc()) 272M(7%)->74M(2%) 0.142s
[2026-04-03T06:40:47.628+0600][17.335s][info][gc          ] GC(5) Major Collection (Warmup)
[2026-04-03T06:40:47.628+0600][17.335s][info][gc,task     ] GC(5) Using 3 Workers for Young Generation
[2026-04-03T06:40:47.628+0600][17.335s][info][gc,task     ] GC(5) Using 1 Workers for Old Generation
[2026-04-03T06:40:47.628+0600][17.335s][info][gc,phases   ] GC(5) Y: Young Generation
[2026-04-03T06:40:47.629+0600][17.336s][info][gc,phases   ] GC(5) Y: Pause Mark Start (Major) 0.066ms
[2026-04-03T06:40:47.669+0600][17.376s][info][gc,phases   ] GC(5) Y: Concurrent Mark 40.074ms
[2026-04-03T06:40:47.671+0600][17.377s][info][gc,phases   ] GC(5) Y: Pause Mark End 0.033ms
[2026-04-03T06:40:47.671+0600][17.377s][info][gc,phases   ] GC(5) Y: Concurrent Mark Free 0.003ms
[2026-04-03T06:40:47.671+0600][17.377s][info][gc,phases   ] GC(5) Y: Concurrent Reset Relocation Set 0.001ms
[2026-04-03T06:40:47.673+0600][17.379s][info][gc,reloc    ] GC(5) Y: Using tenuring threshold: 1 (Computed)
[2026-04-03T06:40:47.674+0600][17.381s][info][gc,phases   ] GC(5) Y: Concurrent Select Relocation Set 3.336ms
[2026-04-03T06:40:47.674+0600][17.381s][info][gc,phases   ] GC(5) Y: Pause Relocate Start 0.020ms
[2026-04-03T06:40:47.687+0600][17.394s][info][gc,phases   ] GC(5) Y: Concurrent Relocate 12.257ms
[2026-04-03T06:40:47.687+0600][17.394s][info][gc,alloc    ] GC(5) Y:                         Mark Start        Mark End      Relocate Start    Relocate End   
[2026-04-03T06:40:47.687+0600][17.394s][info][gc,alloc    ] GC(5) Y: Allocation Stalls:          0                0                0                0         
[2026-04-03T06:40:47.687+0600][17.394s][info][gc,load     ] GC(5) Y: Load: 4.36 (36%) / 6.81 (57%) / 5.66 (47%)
[2026-04-03T06:40:47.687+0600][17.394s][info][gc,mmu      ] GC(5) Y: MMU: 2ms/96.7%, 5ms/98.7%, 10ms/99.3%, 20ms/99.7%, 50ms/99.8%, 100ms/99.9%
[2026-04-03T06:40:47.687+0600][17.394s][info][gc,marking  ] GC(5) Y: Mark: 2 stripe(s), 9 proactive flush(es), 1 terminate flush(es), 0 completion(s), 0 continuation(s) 
[2026-04-03T06:40:47.687+0600][17.394s][info][gc,marking  ] GC(5) Y: Mark Stack Usage: 32M
[2026-04-03T06:40:47.687+0600][17.394s][info][gc,nmethod  ] GC(5) Y: NMethods: 6765 registered, 0 unregistered
[2026-04-03T06:40:47.687+0600][17.394s][info][gc,metaspace] GC(5) Y: Metaspace: 114M used, 115M committed, 1152M reserved
[2026-04-03T06:40:47.687+0600][17.394s][info][gc,reloc    ] GC(5) Y:                        Candidates     Selected     In-Place         Size        Empty    Relocated 
[2026-04-03T06:40:47.687+0600][17.394s][info][gc,reloc    ] GC(5) Y: Small Pages:                  298          211            0         596M         156M          12M 
[2026-04-03T06:40:47.687+0600][17.394s][info][gc,reloc    ] GC(5) Y: Medium Pages:                   1            0            0          32M           0M           0M 
[2026-04-03T06:40:47.687+0600][17.394s][info][gc,reloc    ] GC(5) Y: Large Pages:                    2            0            0          12M          12M           0M 
[2026-04-03T06:40:47.687+0600][17.394s][info][gc,reloc    ] GC(5) Y: Forwarding Usage: 4M
[2026-04-03T06:40:47.687+0600][17.394s][info][gc,reloc    ] GC(5) Y: Age Table:
[2026-04-03T06:40:47.687+0600][17.394s][info][gc,reloc    ] GC(5) Y:                    Live             Garbage             Small              Medium             Large        
[2026-04-03T06:40:47.687+0600][17.394s][info][gc,reloc    ] GC(5) Y: Eden              19M (1%)          618M (16%)        297 / 211            1 / 0              2 / 0        
[2026-04-03T06:40:47.687+0600][17.394s][info][gc,reloc    ] GC(5) Y: Survivor 1          -                 2M (0%)           1 / 0              0 / 0              0 / 0        
[2026-04-03T06:40:47.687+0600][17.394s][info][gc,heap     ] GC(5) Y: Min Capacity: 8M(0%)
[2026-04-03T06:40:47.687+0600][17.394s][info][gc,heap     ] GC(5) Y: Max Capacity: 3922M(100%)
[2026-04-03T06:40:47.687+0600][17.394s][info][gc,heap     ] GC(5) Y: Soft Max Capacity: 3529M(90%)
[2026-04-03T06:40:47.687+0600][17.394s][info][gc,heap     ] GC(5) Y: Heap Statistics:
[2026-04-03T06:40:47.687+0600][17.394s][info][gc,heap     ] GC(5) Y:                Mark Start          Mark End        Relocate Start      Relocate End           High               Low         
[2026-04-03T06:40:47.687+0600][17.394s][info][gc,heap     ] GC(5) Y:  Capacity:      712M (18%)         778M (20%)         778M (20%)         778M (20%)         778M (20%)         712M (18%)    
[2026-04-03T06:40:47.687+0600][17.394s][info][gc,heap     ] GC(5) Y:      Free:     3210M (82%)        3144M (80%)        3306M (84%)        3694M (94%)        3698M (94%)        3144M (80%)    
[2026-04-03T06:40:47.687+0600][17.394s][info][gc,heap     ] GC(5) Y:      Used:      712M (18%)         778M (20%)         616M (16%)         228M (6%)          778M (20%)         224M (6%)     
[2026-04-03T06:40:47.687+0600][17.394s][info][gc,heap     ] GC(5) Y: Young Generation Statistics:
[2026-04-03T06:40:47.687+0600][17.394s][info][gc,heap     ] GC(5) Y:                Mark Start          Mark End        Relocate Start      Relocate End    
[2026-04-03T06:40:47.687+0600][17.394s][info][gc,heap     ] GC(5) Y:      Used:      640M (16%)         706M (18%)         544M (14%)         156M (4%)     
[2026-04-03T06:40:47.687+0600][17.394s][info][gc,heap     ] GC(5) Y:      Live:         -                19M (1%)           19M (1%)           19M (1%)     
[2026-04-03T06:40:47.687+0600][17.394s][info][gc,heap     ] GC(5) Y:   Garbage:         -               620M (16%)         452M (12%)          27M (1%)     
[2026-04-03T06:40:47.687+0600][17.394s][info][gc,heap     ] GC(5) Y: Allocated:         -                66M (2%)           72M (2%)          108M (3%)     
[2026-04-03T06:40:47.687+0600][17.394s][info][gc,heap     ] GC(5) Y: Reclaimed:         -                  -               168M (4%)          592M (15%)    
[2026-04-03T06:40:47.687+0600][17.394s][info][gc,heap     ] GC(5) Y:  Promoted:         -                  -                 0M (0%)            0M (0%)     
[2026-04-03T06:40:47.687+0600][17.394s][info][gc,heap     ] GC(5) Y: Compacted:         -                  -                  -                13M (0%)     
[2026-04-03T06:40:47.687+0600][17.394s][info][gc,phases   ] GC(5) Y: Young Generation 712M(18%)->228M(6%) 0.059s
[2026-04-03T06:40:47.687+0600][17.394s][info][gc,phases   ] GC(5) O: Old Generation
[2026-04-03T06:40:47.846+0600][17.553s][info][gc,phases   ] GC(5) O: Concurrent Mark 158.455ms
[2026-04-03T06:40:47.846+0600][17.553s][info][gc,phases   ] GC(5) O: Pause Mark End 0.024ms
[2026-04-03T06:40:47.847+0600][17.553s][info][gc,phases   ] GC(5) O: Concurrent Mark Free 0.003ms
[2026-04-03T06:40:47.877+0600][17.584s][info][gc,phases   ] GC(5) O: Concurrent Process Non-Strong 30.826ms
[2026-04-03T06:40:47.878+0600][17.584s][info][gc,phases   ] GC(5) O: Concurrent Reset Relocation Set 0.003ms
[2026-04-03T06:40:47.888+0600][17.595s][info][gc,phases   ] GC(5) O: Concurrent Select Relocation Set 10.424ms
[2026-04-03T06:40:47.888+0600][17.595s][info][gc,task     ] GC(5) O: Using 3 Workers for Old Generation
[2026-04-03T06:40:47.910+0600][17.616s][info][gc,task     ] GC(5) O: Using 1 Workers for Old Generation
[2026-04-03T06:40:47.910+0600][17.616s][info][gc,phases   ] GC(5) O: Concurrent Remap Roots 21.719ms
[2026-04-03T06:40:47.910+0600][17.617s][info][gc,phases   ] GC(5) O: Pause Relocate Start 0.031ms
[2026-04-03T06:40:47.929+0600][17.636s][info][gc,phases   ] GC(5) O: Concurrent Relocate 18.929ms
[2026-04-03T06:40:47.929+0600][17.636s][info][gc,alloc    ] GC(5) O:                         Mark Start        Mark End      Relocate Start    Relocate End   
[2026-04-03T06:40:47.929+0600][17.636s][info][gc,alloc    ] GC(5) O: Allocation Stalls:          0                0                0                0         
[2026-04-03T06:40:47.929+0600][17.636s][info][gc,load     ] GC(5) O: Load: 4.36 (36%) / 6.81 (57%) / 5.66 (47%)
[2026-04-03T06:40:47.929+0600][17.636s][info][gc,mmu      ] GC(5) O: MMU: 2ms/96.7%, 5ms/98.7%, 10ms/99.3%, 20ms/99.7%, 50ms/99.8%, 100ms/99.9%
[2026-04-03T06:40:47.929+0600][17.636s][info][gc,marking  ] GC(5) O: Mark: 1 stripe(s), 2 proactive flush(es), 1 terminate flush(es), 0 completion(s), 0 continuation(s) 
[2026-04-03T06:40:47.929+0600][17.636s][info][gc,marking  ] GC(5) O: Mark Stack Usage: 32M
[2026-04-03T06:40:47.929+0600][17.636s][info][gc,nmethod  ] GC(5) O: NMethods: 6415 registered, 486 unregistered
[2026-04-03T06:40:47.929+0600][17.636s][info][gc,metaspace] GC(5) O: Metaspace: 114M used, 115M committed, 1152M reserved
[2026-04-03T06:40:47.929+0600][17.636s][info][gc,ref      ] GC(5) O:                       Encountered   Discovered     Enqueued 
[2026-04-03T06:40:47.929+0600][17.636s][info][gc,ref      ] GC(5) O: Soft References:             5433            0            0 
[2026-04-03T06:40:47.929+0600][17.636s][info][gc,ref      ] GC(5) O: Weak References:            16226         3272          398 
[2026-04-03T06:40:47.929+0600][17.636s][info][gc,ref      ] GC(5) O: Final References:              84            0            0 
[2026-04-03T06:40:47.929+0600][17.636s][info][gc,ref      ] GC(5) O: Phantom References:           601          566            0 
[2026-04-03T06:40:47.929+0600][17.636s][info][gc,reloc    ] GC(5) O:                        Candidates     Selected     In-Place         Size        Empty    Relocated 
[2026-04-03T06:40:47.929+0600][17.636s][info][gc,reloc    ] GC(5) O: Small Pages:                   20            2            0          40M           0M           2M 
[2026-04-03T06:40:47.929+0600][17.636s][info][gc,reloc    ] GC(5) O: Medium Pages:                   1            0            0          32M           0M           0M 
[2026-04-03T06:40:47.929+0600][17.636s][info][gc,reloc    ] GC(5) O: Large Pages:                    0            0            0           0M           0M           0M 
[2026-04-03T06:40:47.930+0600][17.636s][info][gc,reloc    ] GC(5) O: Forwarding Usage: 3M
[2026-04-03T06:40:47.930+0600][17.636s][info][gc,heap     ] GC(5) O: Min Capacity: 8M(0%)
[2026-04-03T06:40:47.930+0600][17.636s][info][gc,heap     ] GC(5) O: Max Capacity: 3922M(100%)
[2026-04-03T06:40:47.930+0600][17.636s][info][gc,heap     ] GC(5) O: Soft Max Capacity: 3529M(90%)
[2026-04-03T06:40:47.930+0600][17.636s][info][gc,heap     ] GC(5) O: Heap Statistics:
[2026-04-03T06:40:47.930+0600][17.636s][info][gc,heap     ] GC(5) O:                Mark Start          Mark End        Relocate Start      Relocate End           High               Low         
[2026-04-03T06:40:47.930+0600][17.636s][info][gc,heap     ] GC(5) O:  Capacity:      712M (18%)         866M (22%)         866M (22%)         866M (22%)         866M (22%)         712M (18%)    
[2026-04-03T06:40:47.930+0600][17.636s][info][gc,heap     ] GC(5) O:      Free:     3210M (82%)        3282M (84%)        3206M (82%)        3188M (81%)        3698M (94%)        3144M (80%)    
[2026-04-03T06:40:47.930+0600][17.636s][info][gc,heap     ] GC(5) O:      Used:      712M (18%)         640M (16%)         716M (18%)         734M (19%)         778M (20%)         224M (6%)     
[2026-04-03T06:40:47.930+0600][17.636s][info][gc,heap     ] GC(5) O: Old Generation Statistics:
[2026-04-03T06:40:47.930+0600][17.636s][info][gc,heap     ] GC(5) O:                Mark Start          Mark End        Relocate Start      Relocate End    
[2026-04-03T06:40:47.930+0600][17.636s][info][gc,heap     ] GC(5) O:      Used:       72M (2%)           72M (2%)           72M (2%)           72M (2%)     
[2026-04-03T06:40:47.930+0600][17.636s][info][gc,heap     ] GC(5) O:      Live:         -                38M (1%)           38M (1%)           38M (1%)     
[2026-04-03T06:40:47.930+0600][17.636s][info][gc,heap     ] GC(5) O:   Garbage:         -                33M (1%)           33M (1%)           27M (1%)     
[2026-04-03T06:40:47.930+0600][17.636s][info][gc,heap     ] GC(5) O: Allocated:         -                 0M (0%)            0M (0%)            5M (0%)     
[2026-04-03T06:40:47.930+0600][17.636s][info][gc,heap     ] GC(5) O: Reclaimed:         -                  -                 0M (0%)            5M (0%)     
[2026-04-03T06:40:47.930+0600][17.636s][info][gc,heap     ] GC(5) O: Compacted:         -                  -                  -                 8M (0%)     
[2026-04-03T06:40:47.930+0600][17.636s][info][gc,phases   ] GC(5) O: Old Generation 230M(6%)->734M(19%) 0.242s
[2026-04-03T06:40:47.930+0600][17.636s][info][gc          ] GC(5) Major Collection (Warmup) 712M(18%)->734M(19%) 0.302s
[2026-04-03T06:40:49.924+0600][19.631s][info][gc          ] GC(6) Major Collection (Warmup)
[2026-04-03T06:40:49.924+0600][19.631s][info][gc,task     ] GC(6) Using 3 Workers for Young Generation
[2026-04-03T06:40:49.924+0600][19.631s][info][gc,task     ] GC(6) Using 1 Workers for Old Generation
[2026-04-03T06:40:49.924+0600][19.631s][info][gc,phases   ] GC(6) Y: Young Generation
[2026-04-03T06:40:49.925+0600][19.631s][info][gc,phases   ] GC(6) Y: Pause Mark Start (Major) 0.026ms
[2026-04-03T06:40:50.011+0600][19.718s][info][gc,phases   ] GC(6) Y: Concurrent Mark 86.191ms
[2026-04-03T06:40:50.012+0600][19.718s][info][gc,phases   ] GC(6) Y: Pause Mark End 0.032ms
[2026-04-03T06:40:50.012+0600][19.718s][info][gc,phases   ] GC(6) Y: Concurrent Mark Free 0.003ms
[2026-04-03T06:40:50.012+0600][19.718s][info][gc,phases   ] GC(6) Y: Concurrent Reset Relocation Set 0.033ms
[2026-04-03T06:40:50.016+0600][19.723s][info][gc,reloc    ] GC(6) Y: Using tenuring threshold: 2 (Computed)
[2026-04-03T06:40:50.017+0600][19.723s][info][gc,phases   ] GC(6) Y: Concurrent Select Relocation Set 4.899ms
[2026-04-03T06:40:50.017+0600][19.723s][info][gc,phases   ] GC(6) Y: Pause Relocate Start 0.024ms
[2026-04-03T06:40:50.060+0600][19.766s][info][gc,phases   ] GC(6) Y: Concurrent Relocate 42.837ms
[2026-04-03T06:40:50.060+0600][19.767s][info][gc,alloc    ] GC(6) Y:                         Mark Start        Mark End      Relocate Start    Relocate End   
[2026-04-03T06:40:50.060+0600][19.767s][info][gc,alloc    ] GC(6) Y: Allocation Stalls:          0                0                0                0         
[2026-04-03T06:40:50.060+0600][19.767s][info][gc,load     ] GC(6) Y: Load: 4.36 (36%) / 6.81 (57%) / 5.66 (47%)
[2026-04-03T06:40:50.060+0600][19.767s][info][gc,mmu      ] GC(6) Y: MMU: 2ms/96.7%, 5ms/98.7%, 10ms/99.3%, 20ms/99.7%, 50ms/99.8%, 100ms/99.9%
[2026-04-03T06:40:50.060+0600][19.767s][info][gc,marking  ] GC(6) Y: Mark: 2 stripe(s), 2 proactive flush(es), 1 terminate flush(es), 0 completion(s), 0 continuation(s) 
[2026-04-03T06:40:50.060+0600][19.767s][info][gc,marking  ] GC(6) Y: Mark Stack Usage: 32M
[2026-04-03T06:40:50.060+0600][19.767s][info][gc,nmethod  ] GC(6) Y: NMethods: 8338 registered, 486 unregistered
[2026-04-03T06:40:50.060+0600][19.767s][info][gc,metaspace] GC(6) Y: Metaspace: 124M used, 125M committed, 1152M reserved
[2026-04-03T06:40:50.060+0600][19.767s][info][gc,reloc    ] GC(6) Y:                        Candidates     Selected     In-Place         Size        Empty    Relocated 
[2026-04-03T06:40:50.060+0600][19.767s][info][gc,reloc    ] GC(6) Y: Small Pages:                  410          101            0         820M         594M           7M 
[2026-04-03T06:40:50.060+0600][19.767s][info][gc,reloc    ] GC(6) Y: Medium Pages:                   4            3            0         128M           0M          17M 
[2026-04-03T06:40:50.060+0600][19.767s][info][gc,reloc    ] GC(6) Y: Large Pages:                    6            0            0          42M          42M           0M 
[2026-04-03T06:40:50.060+0600][19.767s][info][gc,reloc    ] GC(6) Y: Forwarding Usage: 2M
[2026-04-03T06:40:50.060+0600][19.767s][info][gc,reloc    ] GC(6) Y: Age Table:
[2026-04-03T06:40:50.060+0600][19.767s][info][gc,reloc    ] GC(6) Y:                    Live             Garbage             Small              Medium             Large        
[2026-04-03T06:40:50.060+0600][19.767s][info][gc,reloc    ] GC(6) Y: Eden              25M (1%)          902M (23%)        395 / 94             3 / 2              6 / 0        
[2026-04-03T06:40:50.060+0600][19.767s][info][gc,reloc    ] GC(6) Y: Survivor 1        14M (0%)           47M (1%)          15 / 7              1 / 1              0 / 0        
[2026-04-03T06:40:50.060+0600][19.767s][info][gc,heap     ] GC(6) Y: Min Capacity: 8M(0%)
[2026-04-03T06:40:50.060+0600][19.767s][info][gc,heap     ] GC(6) Y: Max Capacity: 3922M(100%)
[2026-04-03T06:40:50.060+0600][19.767s][info][gc,heap     ] GC(6) Y: Soft Max Capacity: 3529M(90%)
[2026-04-03T06:40:50.060+0600][19.767s][info][gc,heap     ] GC(6) Y: Heap Statistics:
[2026-04-03T06:40:50.060+0600][19.767s][info][gc,heap     ] GC(6) Y:                Mark Start          Mark End        Relocate Start      Relocate End           High               Low         
[2026-04-03T06:40:50.060+0600][19.767s][info][gc,heap     ] GC(6) Y:  Capacity:     1062M (27%)        1124M (29%)        1124M (29%)        1188M (30%)        1188M (30%)        1062M (27%)    
[2026-04-03T06:40:50.060+0600][19.767s][info][gc,heap     ] GC(6) Y:      Free:     2860M (73%)        2798M (71%)        3430M (87%)        3676M (94%)        3676M (94%)        2798M (71%)    
[2026-04-03T06:40:50.060+0600][19.767s][info][gc,heap     ] GC(6) Y:      Used:     1062M (27%)        1124M (29%)         492M (13%)         246M (6%)         1124M (29%)         246M (6%)     
[2026-04-03T06:40:50.060+0600][19.767s][info][gc,heap     ] GC(6) Y: Young Generation Statistics:
[2026-04-03T06:40:50.060+0600][19.767s][info][gc,heap     ] GC(6) Y:                Mark Start          Mark End        Relocate Start      Relocate End    
[2026-04-03T06:40:50.060+0600][19.767s][info][gc,heap     ] GC(6) Y:      Used:      990M (25%)        1052M (27%)         420M (11%)         174M (4%)     
[2026-04-03T06:40:50.060+0600][19.767s][info][gc,heap     ] GC(6) Y:      Live:         -                39M (1%)           39M (1%)           39M (1%)     
[2026-04-03T06:40:50.060+0600][19.767s][info][gc,heap     ] GC(6) Y:   Garbage:         -               950M (24%)         314M (8%)            0M (0%)     
[2026-04-03T06:40:50.060+0600][19.767s][info][gc,heap     ] GC(6) Y: Allocated:         -                62M (2%)           66M (2%)          134M (3%)     
[2026-04-03T06:40:50.060+0600][19.767s][info][gc,heap     ] GC(6) Y: Reclaimed:         -                  -               636M (16%)         950M (24%)    
[2026-04-03T06:40:50.060+0600][19.767s][info][gc,heap     ] GC(6) Y:  Promoted:         -                  -                 0M (0%)            0M (0%)     
[2026-04-03T06:40:50.060+0600][19.767s][info][gc,heap     ] GC(6) Y: Compacted:         -                  -                  -                27M (1%)     
[2026-04-03T06:40:50.060+0600][19.767s][info][gc,phases   ] GC(6) Y: Young Generation 1062M(27%)->246M(6%) 0.136s
[2026-04-03T06:40:50.060+0600][19.767s][info][gc,phases   ] GC(6) O: Old Generation
[2026-04-03T06:40:50.174+0600][19.880s][info][gc,phases   ] GC(6) O: Concurrent Mark 113.249ms
[2026-04-03T06:40:50.174+0600][19.881s][info][gc,phases   ] GC(6) O: Pause Mark End 0.026ms
[2026-04-03T06:40:50.174+0600][19.881s][info][gc,phases   ] GC(6) O: Concurrent Mark Free 0.003ms
[2026-04-03T06:40:50.205+0600][19.911s][info][gc,phases   ] GC(6) O: Concurrent Process Non-Strong 30.318ms
[2026-04-03T06:40:50.205+0600][19.911s][info][gc,phases   ] GC(6) O: Concurrent Reset Relocation Set 0.005ms
[2026-04-03T06:40:50.207+0600][19.913s][info][gc,phases   ] GC(6) O: Concurrent Select Relocation Set 2.029ms
[2026-04-03T06:40:50.207+0600][19.913s][info][gc,task     ] GC(6) O: Using 3 Workers for Old Generation
[2026-04-03T06:40:50.228+0600][19.935s][info][gc,task     ] GC(6) O: Using 1 Workers for Old Generation
[2026-04-03T06:40:50.229+0600][19.935s][info][gc,phases   ] GC(6) O: Concurrent Remap Roots 21.835ms
[2026-04-03T06:40:50.229+0600][19.935s][info][gc,phases   ] GC(6) O: Pause Relocate Start 0.027ms
[2026-04-03T06:40:50.231+0600][19.937s][info][gc,phases   ] GC(6) O: Concurrent Relocate 1.717ms
[2026-04-03T06:40:50.231+0600][19.937s][info][gc,alloc    ] GC(6) O:                         Mark Start        Mark End      Relocate Start    Relocate End   
[2026-04-03T06:40:50.231+0600][19.937s][info][gc,alloc    ] GC(6) O: Allocation Stalls:          0                0                0                0         
[2026-04-03T06:40:50.231+0600][19.938s][info][gc,load     ] GC(6) O: Load: 4.36 (36%) / 6.81 (57%) / 5.66 (47%)
[2026-04-03T06:40:50.231+0600][19.938s][info][gc,mmu      ] GC(6) O: MMU: 2ms/96.7%, 5ms/98.7%, 10ms/99.3%, 20ms/99.7%, 50ms/99.8%, 100ms/99.9%
[2026-04-03T06:40:50.231+0600][19.938s][info][gc,marking  ] GC(6) O: Mark: 1 stripe(s), 2 proactive flush(es), 1 terminate flush(es), 0 completion(s), 0 continuation(s) 
[2026-04-03T06:40:50.231+0600][19.938s][info][gc,marking  ] GC(6) O: Mark Stack Usage: 32M
[2026-04-03T06:40:50.231+0600][19.938s][info][gc,nmethod  ] GC(6) O: NMethods: 8211 registered, 888 unregistered
[2026-04-03T06:40:50.231+0600][19.938s][info][gc,metaspace] GC(6) O: Metaspace: 124M used, 125M committed, 1152M reserved
[2026-04-03T06:40:50.231+0600][19.938s][info][gc,ref      ] GC(6) O:                       Encountered   Discovered     Enqueued 
[2026-04-03T06:40:50.231+0600][19.938s][info][gc,ref      ] GC(6) O: Soft References:             6197            0            0 
[2026-04-03T06:40:50.231+0600][19.938s][info][gc,ref      ] GC(6) O: Weak References:            19942         2586            0 
[2026-04-03T06:40:50.231+0600][19.938s][info][gc,ref      ] GC(6) O: Final References:              84            0            0 
[2026-04-03T06:40:50.231+0600][19.938s][info][gc,ref      ] GC(6) O: Phantom References:           604          313            0 
[2026-04-03T06:40:50.231+0600][19.938s][info][gc,reloc    ] GC(6) O:                        Candidates     Selected     In-Place         Size        Empty    Relocated 
[2026-04-03T06:40:50.231+0600][19.938s][info][gc,reloc    ] GC(6) O: Small Pages:                   20            2            0          40M           0M           0M 
[2026-04-03T06:40:50.231+0600][19.938s][info][gc,reloc    ] GC(6) O: Medium Pages:                   1            0            0          32M           0M           0M 
[2026-04-03T06:40:50.231+0600][19.938s][info][gc,reloc    ] GC(6) O: Large Pages:                    0            0            0           0M           0M           0M 
[2026-04-03T06:40:50.231+0600][19.938s][info][gc,reloc    ] GC(6) O: Forwarding Usage: 0M
[2026-04-03T06:40:50.231+0600][19.938s][info][gc,heap     ] GC(6) O: Min Capacity: 8M(0%)
[2026-04-03T06:40:50.231+0600][19.938s][info][gc,heap     ] GC(6) O: Max Capacity: 3922M(100%)
[2026-04-03T06:40:50.231+0600][19.938s][info][gc,heap     ] GC(6) O: Soft Max Capacity: 3529M(90%)
[2026-04-03T06:40:50.231+0600][19.938s][info][gc,heap     ] GC(6) O: Heap Statistics:
[2026-04-03T06:40:50.231+0600][19.938s][info][gc,heap     ] GC(6) O:                Mark Start          Mark End        Relocate Start      Relocate End           High               Low         
[2026-04-03T06:40:50.231+0600][19.938s][info][gc,heap     ] GC(6) O:  Capacity:     1062M (27%)        1188M (30%)        1188M (30%)        1188M (30%)        1188M (30%)        1062M (27%)    
[2026-04-03T06:40:50.231+0600][19.938s][info][gc,heap     ] GC(6) O:      Free:     2860M (73%)        3672M (94%)        3670M (94%)        3670M (94%)        3676M (94%)        2798M (71%)    
[2026-04-03T06:40:50.231+0600][19.938s][info][gc,heap     ] GC(6) O:      Used:     1062M (27%)         250M (6%)          252M (6%)          252M (6%)         1124M (29%)         246M (6%)     
[2026-04-03T06:40:50.231+0600][19.938s][info][gc,heap     ] GC(6) O: Old Generation Statistics:
[2026-04-03T06:40:50.231+0600][19.938s][info][gc,heap     ] GC(6) O:                Mark Start          Mark End        Relocate Start      Relocate End    
[2026-04-03T06:40:50.231+0600][19.938s][info][gc,heap     ] GC(6) O:      Used:       72M (2%)           72M (2%)           72M (2%)           72M (2%)     
[2026-04-03T06:40:50.231+0600][19.938s][info][gc,heap     ] GC(6) O:      Live:         -                38M (1%)           38M (1%)           38M (1%)     
[2026-04-03T06:40:50.232+0600][19.938s][info][gc,heap     ] GC(6) O:   Garbage:         -                33M (1%)           33M (1%)           27M (1%)     
[2026-04-03T06:40:50.232+0600][19.938s][info][gc,heap     ] GC(6) O: Allocated:         -                 0M (0%)            0M (0%)            5M (0%)     
[2026-04-03T06:40:50.232+0600][19.938s][info][gc,heap     ] GC(6) O: Reclaimed:         -                  -                 0M (0%)            5M (0%)     
[2026-04-03T06:40:50.232+0600][19.938s][info][gc,heap     ] GC(6) O: Compacted:         -                  -                  -                 0M (0%)     
[2026-04-03T06:40:50.232+0600][19.938s][info][gc,phases   ] GC(6) O: Old Generation 246M(6%)->252M(6%) 0.170s
[2026-04-03T06:40:50.232+0600][19.938s][info][gc          ] GC(6) Major Collection (Warmup) 1062M(27%)->252M(6%) 0.308s
[2026-04-03T06:40:54.413+0600][24.120s][info][gc          ] GC(7) Major Collection (System.gc())
[2026-04-03T06:40:54.413+0600][24.120s][info][gc,task     ] GC(7) Using 3 Workers for Young Generation
[2026-04-03T06:40:54.413+0600][24.120s][info][gc,task     ] GC(7) Using 3 Workers for Old Generation
[2026-04-03T06:40:54.414+0600][24.120s][info][gc,phases   ] GC(7) Y: Young Generation (Promote All)
[2026-04-03T06:40:54.414+0600][24.121s][info][gc,phases   ] GC(7) Y: Pause Mark Start 0.019ms
[2026-04-03T06:40:54.462+0600][24.168s][info][gc,phases   ] GC(7) Y: Concurrent Mark 47.631ms
[2026-04-03T06:40:54.462+0600][24.168s][info][gc,phases   ] GC(7) Y: Pause Mark End 0.023ms
[2026-04-03T06:40:54.462+0600][24.169s][info][gc,phases   ] GC(7) Y: Concurrent Mark Free 0.002ms
[2026-04-03T06:40:54.462+0600][24.169s][info][gc,phases   ] GC(7) Y: Concurrent Reset Relocation Set 0.023ms
[2026-04-03T06:40:54.467+0600][24.173s][info][gc,reloc    ] GC(7) Y: Using tenuring threshold: 0 (Promote All)
[2026-04-03T06:40:54.478+0600][24.184s][info][gc,phases   ] GC(7) Y: Concurrent Select Relocation Set 15.545ms
[2026-04-03T06:40:54.478+0600][24.184s][info][gc,phases   ] GC(7) Y: Pause Relocate Start 0.018ms
[2026-04-03T06:40:54.503+0600][24.209s][info][gc,phases   ] GC(7) Y: Concurrent Relocate 24.770ms
[2026-04-03T06:40:54.503+0600][24.209s][info][gc,alloc    ] GC(7) Y:                         Mark Start        Mark End      Relocate Start    Relocate End   
[2026-04-03T06:40:54.503+0600][24.209s][info][gc,alloc    ] GC(7) Y: Allocation Stalls:          0                0                0                0         
[2026-04-03T06:40:54.503+0600][24.209s][info][gc,load     ] GC(7) Y: Load: 4.41 (37%) / 6.78 (57%) / 5.66 (47%)
[2026-04-03T06:40:54.503+0600][24.209s][info][gc,mmu      ] GC(7) Y: MMU: 2ms/96.7%, 5ms/98.7%, 10ms/99.3%, 20ms/99.7%, 50ms/99.8%, 100ms/99.9%
[2026-04-03T06:40:54.503+0600][24.209s][info][gc,marking  ] GC(7) Y: Mark: 2 stripe(s), 1 proactive flush(es), 1 terminate flush(es), 0 completion(s), 0 continuation(s) 
[2026-04-03T06:40:54.503+0600][24.209s][info][gc,marking  ] GC(7) Y: Mark Stack Usage: 32M
[2026-04-03T06:40:54.503+0600][24.209s][info][gc,nmethod  ] GC(7) Y: NMethods: 11223 registered, 0 unregistered
[2026-04-03T06:40:54.503+0600][24.209s][info][gc,metaspace] GC(7) Y: Metaspace: 129M used, 131M committed, 1152M reserved
[2026-04-03T06:40:54.503+0600][24.209s][info][gc,reloc    ] GC(7) Y:                        Candidates     Selected     In-Place         Size        Empty    Relocated 
[2026-04-03T06:40:54.503+0600][24.209s][info][gc,reloc    ] GC(7) Y: Small Pages:                  770          170            0        1540M        1172M           7M 
[2026-04-03T06:40:54.503+0600][24.209s][info][gc,reloc    ] GC(7) Y: Medium Pages:                   4            1            0         128M          64M          16M 
[2026-04-03T06:40:54.503+0600][24.209s][info][gc,reloc    ] GC(7) Y: Large Pages:                   11            0            0          66M          66M           0M 
[2026-04-03T06:40:54.503+0600][24.209s][info][gc,reloc    ] GC(7) Y: Forwarding Usage: 2M
[2026-04-03T06:40:54.503+0600][24.209s][info][gc,reloc    ] GC(7) Y: Age Table:
[2026-04-03T06:40:54.503+0600][24.210s][info][gc,reloc    ] GC(7) Y:                    Live             Garbage             Small              Medium             Large        
[2026-04-03T06:40:54.503+0600][24.210s][info][gc,reloc    ] GC(7) Y: Eden               6M (0%)         1623M (41%)        750 / 160            2 / 0             11 / 0        
[2026-04-03T06:40:54.503+0600][24.210s][info][gc,reloc    ] GC(7) Y: Survivor 1        22M (1%)           29M (1%)          10 / 6              1 / 1              0 / 0        
[2026-04-03T06:40:54.503+0600][24.210s][info][gc,reloc    ] GC(7) Y: Survivor 2        14M (0%)           37M (1%)          10 / 4              1 / 0              0 / 0        
[2026-04-03T06:40:54.503+0600][24.210s][info][gc,heap     ] GC(7) Y: Min Capacity: 8M(0%)
[2026-04-03T06:40:54.503+0600][24.210s][info][gc,heap     ] GC(7) Y: Max Capacity: 3922M(100%)
[2026-04-03T06:40:54.503+0600][24.210s][info][gc,heap     ] GC(7) Y: Soft Max Capacity: 3529M(90%)
[2026-04-03T06:40:54.503+0600][24.210s][info][gc,heap     ] GC(7) Y: Heap Statistics:
[2026-04-03T06:40:54.503+0600][24.210s][info][gc,heap     ] GC(7) Y:                Mark Start          Mark End        Relocate Start      Relocate End           High               Low         
[2026-04-03T06:40:54.503+0600][24.210s][info][gc,heap     ] GC(7) Y:  Capacity:     1836M (47%)        1836M (47%)        1836M (47%)        1836M (47%)        1836M (47%)        1836M (47%)    
[2026-04-03T06:40:54.503+0600][24.210s][info][gc,heap     ] GC(7) Y:      Free:     2116M (54%)        2116M (54%)        3418M (87%)        3786M (97%)        3786M (97%)        2116M (54%)    
[2026-04-03T06:40:54.503+0600][24.210s][info][gc,heap     ] GC(7) Y:      Used:     1806M (46%)        1806M (46%)         504M (13%)         136M (3%)         1806M (46%)         136M (3%)     
[2026-04-03T06:40:54.503+0600][24.210s][info][gc,heap     ] GC(7) Y: Young Generation Statistics:
[2026-04-03T06:40:54.503+0600][24.210s][info][gc,heap     ] GC(7) Y:                Mark Start          Mark End        Relocate Start      Relocate End    
[2026-04-03T06:40:54.503+0600][24.210s][info][gc,heap     ] GC(7) Y:      Used:     1734M (44%)        1734M (44%)         414M (11%)           2M (0%)     
[2026-04-03T06:40:54.503+0600][24.210s][info][gc,heap     ] GC(7) Y:      Live:         -                42M (1%)           26M (1%)            0M (0%)     
[2026-04-03T06:40:54.503+0600][24.210s][info][gc,heap     ] GC(7) Y:   Garbage:         -              1691M (43%)         387M (10%)           0M (0%)     
[2026-04-03T06:40:54.503+0600][24.210s][info][gc,heap     ] GC(7) Y: Allocated:         -                 0M (0%)            0M (0%)            2M (0%)     
[2026-04-03T06:40:54.503+0600][24.210s][info][gc,heap     ] GC(7) Y: Reclaimed:         -                  -              1303M (33%)        1691M (43%)    
[2026-04-03T06:40:54.503+0600][24.210s][info][gc,heap     ] GC(7) Y:  Promoted:         -                  -                16M (0%)           42M (1%)     
[2026-04-03T06:40:54.503+0600][24.210s][info][gc,heap     ] GC(7) Y: Compacted:         -                  -                  -                 0M (0%)     
[2026-04-03T06:40:54.503+0600][24.210s][info][gc,phases   ] GC(7) Y: Young Generation (Promote All) 1806M(46%)->136M(3%) 0.089s
[2026-04-03T06:40:54.503+0600][24.210s][info][gc,phases   ] GC(7) Y: Young Generation (Collect Roots)
[2026-04-03T06:40:54.503+0600][24.210s][info][gc,phases   ] GC(7) Y: Pause Mark Start (Major) 0.056ms
[2026-04-03T06:40:54.518+0600][24.224s][info][gc,phases   ] GC(7) Y: Concurrent Mark 14.247ms
[2026-04-03T06:40:54.518+0600][24.225s][info][gc,phases   ] GC(7) Y: Pause Mark End 0.020ms
[2026-04-03T06:40:54.518+0600][24.225s][info][gc,phases   ] GC(7) Y: Concurrent Mark Free 0.001ms
[2026-04-03T06:40:54.518+0600][24.225s][info][gc,phases   ] GC(7) Y: Concurrent Reset Relocation Set 0.061ms
[2026-04-03T06:40:54.520+0600][24.226s][info][gc,reloc    ] GC(7) Y: Using tenuring threshold: 1 (Computed)
[2026-04-03T06:40:54.520+0600][24.227s][info][gc,phases   ] GC(7) Y: Concurrent Select Relocation Set 2.060ms
[2026-04-03T06:40:54.520+0600][24.227s][info][gc,phases   ] GC(7) Y: Pause Relocate Start 0.012ms
[2026-04-03T06:40:54.521+0600][24.227s][info][gc,phases   ] GC(7) Y: Concurrent Relocate 0.183ms
[2026-04-03T06:40:54.521+0600][24.227s][info][gc,alloc    ] GC(7) Y:                         Mark Start        Mark End      Relocate Start    Relocate End   
[2026-04-03T06:40:54.521+0600][24.227s][info][gc,alloc    ] GC(7) Y: Allocation Stalls:          0                0                0                0         
[2026-04-03T06:40:54.521+0600][24.227s][info][gc,load     ] GC(7) Y: Load: 4.41 (37%) / 6.78 (57%) / 5.66 (47%)
[2026-04-03T06:40:54.521+0600][24.227s][info][gc,mmu      ] GC(7) Y: MMU: 2ms/96.7%, 5ms/98.7%, 10ms/99.3%, 20ms/99.6%, 50ms/99.8%, 100ms/99.9%
[2026-04-03T06:40:54.521+0600][24.227s][info][gc,marking  ] GC(7) Y: Mark: 2 stripe(s), 1 proactive flush(es), 1 terminate flush(es), 0 completion(s), 0 continuation(s) 
[2026-04-03T06:40:54.521+0600][24.227s][info][gc,marking  ] GC(7) Y: Mark Stack Usage: 32M
[2026-04-03T06:40:54.521+0600][24.227s][info][gc,nmethod  ] GC(7) Y: NMethods: 11223 registered, 0 unregistered
[2026-04-03T06:40:54.521+0600][24.227s][info][gc,metaspace] GC(7) Y: Metaspace: 129M used, 131M committed, 1152M reserved
[2026-04-03T06:40:54.521+0600][24.227s][info][gc,reloc    ] GC(7) Y:                        Candidates     Selected     In-Place         Size        Empty    Relocated 
[2026-04-03T06:40:54.521+0600][24.227s][info][gc,reloc    ] GC(7) Y: Small Pages:                    1            0            0           2M           0M           0M 
[2026-04-03T06:40:54.521+0600][24.227s][info][gc,reloc    ] GC(7) Y: Medium Pages:                   0            0            0           0M           0M           0M 
[2026-04-03T06:40:54.521+0600][24.227s][info][gc,reloc    ] GC(7) Y: Large Pages:                    0            0            0           0M           0M           0M 
[2026-04-03T06:40:54.521+0600][24.227s][info][gc,reloc    ] GC(7) Y: Forwarding Usage: 0M
[2026-04-03T06:40:54.521+0600][24.227s][info][gc,reloc    ] GC(7) Y: Age Table:
[2026-04-03T06:40:54.521+0600][24.227s][info][gc,reloc    ] GC(7) Y:                    Live             Garbage             Small              Medium             Large        
[2026-04-03T06:40:54.521+0600][24.228s][info][gc,reloc    ] GC(7) Y: Eden               0M (0%)            1M (0%)           1 / 0              0 / 0              0 / 0        
[2026-04-03T06:40:54.521+0600][24.228s][info][gc,heap     ] GC(7) Y: Min Capacity: 8M(0%)
[2026-04-03T06:40:54.521+0600][24.228s][info][gc,heap     ] GC(7) Y: Max Capacity: 3922M(100%)
[2026-04-03T06:40:54.521+0600][24.228s][info][gc,heap     ] GC(7) Y: Soft Max Capacity: 3529M(90%)
[2026-04-03T06:40:54.521+0600][24.228s][info][gc,heap     ] GC(7) Y: Heap Statistics:
[2026-04-03T06:40:54.521+0600][24.228s][info][gc,heap     ] GC(7) Y:                Mark Start          Mark End        Relocate Start      Relocate End           High               Low         
[2026-04-03T06:40:54.521+0600][24.228s][info][gc,heap     ] GC(7) Y:  Capacity:     1836M (47%)        1836M (47%)        1836M (47%)        1836M (47%)        1836M (47%)        1836M (47%)    
[2026-04-03T06:40:54.521+0600][24.228s][info][gc,heap     ] GC(7) Y:      Free:     3786M (97%)        3786M (97%)        3786M (97%)        3786M (97%)        3786M (97%)        3786M (97%)    
[2026-04-03T06:40:54.521+0600][24.228s][info][gc,heap     ] GC(7) Y:      Used:      136M (3%)          136M (3%)          136M (3%)          136M (3%)          136M (3%)          136M (3%)     
[2026-04-03T06:40:54.521+0600][24.228s][info][gc,heap     ] GC(7) Y: Young Generation Statistics:
[2026-04-03T06:40:54.521+0600][24.228s][info][gc,heap     ] GC(7) Y:                Mark Start          Mark End        Relocate Start      Relocate End    
[2026-04-03T06:40:54.521+0600][24.228s][info][gc,heap     ] GC(7) Y:      Used:        2M (0%)            2M (0%)            2M (0%)            2M (0%)     
[2026-04-03T06:40:54.521+0600][24.228s][info][gc,heap     ] GC(7) Y:      Live:         -                 0M (0%)            0M (0%)            0M (0%)     
[2026-04-03T06:40:54.521+0600][24.228s][info][gc,heap     ] GC(7) Y:   Garbage:         -                 1M (0%)            1M (0%)            1M (0%)     
[2026-04-03T06:40:54.521+0600][24.228s][info][gc,heap     ] GC(7) Y: Allocated:         -                 0M (0%)            0M (0%)            0M (0%)     
[2026-04-03T06:40:54.521+0600][24.228s][info][gc,heap     ] GC(7) Y: Reclaimed:         -                  -                 0M (0%)            0M (0%)     
[2026-04-03T06:40:54.521+0600][24.228s][info][gc,heap     ] GC(7) Y:  Promoted:         -                  -                 0M (0%)            0M (0%)     
[2026-04-03T06:40:54.521+0600][24.228s][info][gc,heap     ] GC(7) Y: Compacted:         -                  -                  -                 0M (0%)     
[2026-04-03T06:40:54.521+0600][24.228s][info][gc,phases   ] GC(7) Y: Young Generation (Collect Roots) 136M(3%)->136M(3%) 0.018s
[2026-04-03T06:40:54.521+0600][24.228s][info][gc,phases   ] GC(7) O: Old Generation
[2026-04-03T06:40:54.570+0600][24.277s][info][gc,phases   ] GC(7) O: Concurrent Mark 49.417ms
[2026-04-03T06:40:54.571+0600][24.277s][info][gc,phases   ] GC(7) O: Pause Mark End 0.020ms
[2026-04-03T06:40:54.571+0600][24.277s][info][gc,phases   ] GC(7) O: Concurrent Mark Free 0.001ms
[2026-04-03T06:40:54.597+0600][24.304s][info][gc,phases   ] GC(7) O: Concurrent Process Non-Strong 26.474ms
[2026-04-03T06:40:54.597+0600][24.304s][info][gc,phases   ] GC(7) O: Concurrent Reset Relocation Set 0.001ms
[2026-04-03T06:40:54.600+0600][24.306s][info][gc,phases   ] GC(7) O: Concurrent Select Relocation Set 2.276ms
[2026-04-03T06:40:54.600+0600][24.306s][info][gc,task     ] GC(7) O: Using 3 Workers for Old Generation
[2026-04-03T06:40:54.624+0600][24.331s][info][gc,task     ] GC(7) O: Using 3 Workers for Old Generation
[2026-04-03T06:40:54.624+0600][24.331s][info][gc,phases   ] GC(7) O: Concurrent Remap Roots 24.762ms
[2026-04-03T06:40:54.625+0600][24.332s][info][gc,phases   ] GC(7) O: Pause Relocate Start 0.027ms
[2026-04-03T06:40:54.637+0600][24.344s][info][gc,phases   ] GC(7) O: Concurrent Relocate 11.808ms
[2026-04-03T06:40:54.637+0600][24.344s][info][gc,alloc    ] GC(7) O:                         Mark Start        Mark End      Relocate Start    Relocate End   
[2026-04-03T06:40:54.637+0600][24.344s][info][gc,alloc    ] GC(7) O: Allocation Stalls:          0                0                0                0         
[2026-04-03T06:40:54.637+0600][24.344s][info][gc,load     ] GC(7) O: Load: 4.41 (37%) / 6.78 (57%) / 5.66 (47%)
[2026-04-03T06:40:54.637+0600][24.344s][info][gc,mmu      ] GC(7) O: MMU: 2ms/96.7%, 5ms/98.7%, 10ms/99.3%, 20ms/99.6%, 50ms/99.8%, 100ms/99.9%
[2026-04-03T06:40:54.637+0600][24.344s][info][gc,marking  ] GC(7) O: Mark: 2 stripe(s), 1 proactive flush(es), 1 terminate flush(es), 0 completion(s), 0 continuation(s) 
[2026-04-03T06:40:54.637+0600][24.344s][info][gc,marking  ] GC(7) O: Mark Stack Usage: 32M
[2026-04-03T06:40:54.637+0600][24.344s][info][gc,nmethod  ] GC(7) O: NMethods: 10478 registered, 767 unregistered
[2026-04-03T06:40:54.637+0600][24.344s][info][gc,metaspace] GC(7) O: Metaspace: 129M used, 131M committed, 1152M reserved
[2026-04-03T06:40:54.637+0600][24.344s][info][gc,ref      ] GC(7) O:                       Encountered   Discovered     Enqueued 
[2026-04-03T06:40:54.637+0600][24.344s][info][gc,ref      ] GC(7) O: Soft References:             6840            0            0 
[2026-04-03T06:40:54.637+0600][24.344s][info][gc,ref      ] GC(7) O: Weak References:            23118        18623         7031 
[2026-04-03T06:40:54.637+0600][24.344s][info][gc,ref      ] GC(7) O: Final References:              84           18            0 
[2026-04-03T06:40:54.637+0600][24.344s][info][gc,ref      ] GC(7) O: Phantom References:           604          413            2 
[2026-04-03T06:40:54.637+0600][24.344s][info][gc,reloc    ] GC(7) O:                        Candidates     Selected     In-Place         Size        Empty    Relocated 
[2026-04-03T06:40:54.637+0600][24.344s][info][gc,reloc    ] GC(7) O: Small Pages:                   35            4            0          70M           0M           1M 
[2026-04-03T06:40:54.637+0600][24.344s][info][gc,reloc    ] GC(7) O: Medium Pages:                   2            1            0          64M           0M          17M 
[2026-04-03T06:40:54.637+0600][24.344s][info][gc,reloc    ] GC(7) O: Large Pages:                    0            0            0           0M           0M           0M 
[2026-04-03T06:40:54.637+0600][24.344s][info][gc,reloc    ] GC(7) O: Forwarding Usage: 0M
[2026-04-03T06:40:54.637+0600][24.344s][info][gc,heap     ] GC(7) O: Min Capacity: 8M(0%)
[2026-04-03T06:40:54.638+0600][24.344s][info][gc,heap     ] GC(7) O: Max Capacity: 3922M(100%)
[2026-04-03T06:40:54.638+0600][24.344s][info][gc,heap     ] GC(7) O: Soft Max Capacity: 3529M(90%)
[2026-04-03T06:40:54.638+0600][24.344s][info][gc,heap     ] GC(7) O: Heap Statistics:
[2026-04-03T06:40:54.638+0600][24.344s][info][gc,heap     ] GC(7) O:                Mark Start          Mark End        Relocate Start      Relocate End           High               Low         
[2026-04-03T06:40:54.638+0600][24.344s][info][gc,heap     ] GC(7) O:  Capacity:     1836M (47%)        1836M (47%)        1836M (47%)        1836M (47%)        1836M (47%)        1836M (47%)    
[2026-04-03T06:40:54.638+0600][24.344s][info][gc,heap     ] GC(7) O:      Free:     3786M (97%)        3786M (97%)        3770M (96%)        3804M (97%)        3804M (97%)        3736M (95%)    
[2026-04-03T06:40:54.638+0600][24.344s][info][gc,heap     ] GC(7) O:      Used:      136M (3%)          136M (3%)          152M (4%)          118M (3%)          186M (5%)          118M (3%)     
[2026-04-03T06:40:54.638+0600][24.344s][info][gc,heap     ] GC(7) O: Old Generation Statistics:
[2026-04-03T06:40:54.638+0600][24.344s][info][gc,heap     ] GC(7) O:                Mark Start          Mark End        Relocate Start      Relocate End    
[2026-04-03T06:40:54.638+0600][24.344s][info][gc,heap     ] GC(7) O:      Used:      134M (3%)          134M (3%)          134M (3%)          100M (3%)     
[2026-04-03T06:40:54.638+0600][24.344s][info][gc,heap     ] GC(7) O:      Live:         -                79M (2%)           79M (2%)           79M (2%)     
[2026-04-03T06:40:54.638+0600][24.344s][info][gc,heap     ] GC(7) O:   Garbage:         -                54M (1%)           54M (1%)            5M (0%)     
[2026-04-03T06:40:54.638+0600][24.344s][info][gc,heap     ] GC(7) O: Allocated:         -                 0M (0%)            0M (0%)           15M (0%)     
[2026-04-03T06:40:54.638+0600][24.344s][info][gc,heap     ] GC(7) O: Reclaimed:         -                  -                 0M (0%)           49M (1%)     
[2026-04-03T06:40:54.638+0600][24.344s][info][gc,heap     ] GC(7) O: Compacted:         -                  -                  -                24M (1%)     
[2026-04-03T06:40:54.638+0600][24.344s][info][gc,phases   ] GC(7) O: Old Generation 136M(3%)->118M(3%) 0.116s
[2026-04-03T06:40:54.638+0600][24.344s][info][gc          ] GC(7) Major Collection (System.gc()) 1806M(46%)->120M(3%) 0.224s
[2026-04-03T06:40:56.847+0600][26.554s][info][gc          ] GC(8) Major Collection (System.gc())
[2026-04-03T06:40:56.848+0600][26.554s][info][gc,task     ] GC(8) Using 3 Workers for Young Generation
[2026-04-03T06:40:56.848+0600][26.554s][info][gc,task     ] GC(8) Using 3 Workers for Old Generation
[2026-04-03T06:40:56.848+0600][26.554s][info][gc,phases   ] GC(8) Y: Young Generation (Promote All)
[2026-04-03T06:40:56.848+0600][26.555s][info][gc,phases   ] GC(8) Y: Pause Mark Start 0.028ms
[2026-04-03T06:40:56.870+0600][26.577s][info][gc,phases   ] GC(8) Y: Concurrent Mark 21.998ms
[2026-04-03T06:40:56.870+0600][26.577s][info][gc,phases   ] GC(8) Y: Pause Mark End 0.028ms
[2026-04-03T06:40:56.871+0600][26.577s][info][gc,phases   ] GC(8) Y: Concurrent Mark Free 0.003ms
[2026-04-03T06:40:56.871+0600][26.577s][info][gc,phases   ] GC(8) Y: Concurrent Reset Relocation Set 0.000ms
[2026-04-03T06:40:56.873+0600][26.579s][info][gc,reloc    ] GC(8) Y: Using tenuring threshold: 0 (Promote All)
[2026-04-03T06:40:56.875+0600][26.581s][info][gc,phases   ] GC(8) Y: Concurrent Select Relocation Set 3.865ms
[2026-04-03T06:40:56.875+0600][26.581s][info][gc,phases   ] GC(8) Y: Pause Relocate Start 0.026ms
[2026-04-03T06:40:56.879+0600][26.585s][info][gc,phases   ] GC(8) Y: Concurrent Relocate 3.890ms
[2026-04-03T06:40:56.879+0600][26.586s][info][gc,alloc    ] GC(8) Y:                         Mark Start        Mark End      Relocate Start    Relocate End   
[2026-04-03T06:40:56.879+0600][26.586s][info][gc,alloc    ] GC(8) Y: Allocation Stalls:          0                0                0                0         
[2026-04-03T06:40:56.879+0600][26.586s][info][gc,load     ] GC(8) Y: Load: 4.21 (35%) / 6.70 (56%) / 5.64 (47%)
[2026-04-03T06:40:56.879+0600][26.586s][info][gc,mmu      ] GC(8) Y: MMU: 2ms/96.7%, 5ms/98.7%, 10ms/99.3%, 20ms/99.6%, 50ms/99.8%, 100ms/99.9%
[2026-04-03T06:40:56.879+0600][26.586s][info][gc,marking  ] GC(8) Y: Mark: 2 stripe(s), 2 proactive flush(es), 1 terminate flush(es), 0 completion(s), 0 continuation(s) 
[2026-04-03T06:40:56.879+0600][26.586s][info][gc,marking  ] GC(8) Y: Mark Stack Usage: 32M
[2026-04-03T06:40:56.879+0600][26.586s][info][gc,nmethod  ] GC(8) Y: NMethods: 11996 registered, 0 unregistered
[2026-04-03T06:40:56.879+0600][26.586s][info][gc,metaspace] GC(8) Y: Metaspace: 130M used, 131M committed, 1152M reserved
[2026-04-03T06:40:56.879+0600][26.586s][info][gc,reloc    ] GC(8) Y:                        Candidates     Selected     In-Place         Size        Empty    Relocated 
[2026-04-03T06:40:56.879+0600][26.586s][info][gc,reloc    ] GC(8) Y: Small Pages:                  786          121            0        1572M        1326M           2M 
[2026-04-03T06:40:56.879+0600][26.586s][info][gc,reloc    ] GC(8) Y: Medium Pages:                   2            0            0          64M          64M           0M 
[2026-04-03T06:40:56.879+0600][26.586s][info][gc,reloc    ] GC(8) Y: Large Pages:                   14            0            0          84M          84M           0M 
[2026-04-03T06:40:56.879+0600][26.586s][info][gc,reloc    ] GC(8) Y: Forwarding Usage: 0M
[2026-04-03T06:40:56.879+0600][26.586s][info][gc,reloc    ] GC(8) Y: Age Table:
[2026-04-03T06:40:56.879+0600][26.586s][info][gc,reloc    ] GC(8) Y:                    Live             Garbage             Small              Medium             Large        
[2026-04-03T06:40:56.879+0600][26.586s][info][gc,reloc    ] GC(8) Y: Eden               2M (0%)         1715M (44%)        785 / 121            2 / 0             14 / 0        
[2026-04-03T06:40:56.879+0600][26.586s][info][gc,reloc    ] GC(8) Y: Survivor 1          -                 2M (0%)           1 / 0              0 / 0              0 / 0        
[2026-04-03T06:40:56.879+0600][26.586s][info][gc,heap     ] GC(8) Y: Min Capacity: 8M(0%)
[2026-04-03T06:40:56.879+0600][26.586s][info][gc,heap     ] GC(8) Y: Max Capacity: 3922M(100%)
[2026-04-03T06:40:56.879+0600][26.586s][info][gc,heap     ] GC(8) Y: Soft Max Capacity: 3529M(90%)
[2026-04-03T06:40:56.879+0600][26.586s][info][gc,heap     ] GC(8) Y: Heap Statistics:
[2026-04-03T06:40:56.879+0600][26.586s][info][gc,heap     ] GC(8) Y:                Mark Start          Mark End        Relocate Start      Relocate End           High               Low         
[2026-04-03T06:40:56.879+0600][26.586s][info][gc,heap     ] GC(8) Y:  Capacity:     1836M (47%)        1836M (47%)        1836M (47%)        1836M (47%)        1836M (47%)        1836M (47%)    
[2026-04-03T06:40:56.879+0600][26.586s][info][gc,heap     ] GC(8) Y:      Free:     2102M (54%)        2094M (53%)        3568M (91%)        3808M (97%)        3808M (97%)        2094M (53%)    
[2026-04-03T06:40:56.879+0600][26.586s][info][gc,heap     ] GC(8) Y:      Used:     1820M (46%)        1828M (47%)         354M (9%)          114M (3%)         1828M (47%)         114M (3%)     
[2026-04-03T06:40:56.879+0600][26.586s][info][gc,heap     ] GC(8) Y: Young Generation Statistics:
[2026-04-03T06:40:56.879+0600][26.586s][info][gc,heap     ] GC(8) Y:                Mark Start          Mark End        Relocate Start      Relocate End    
[2026-04-03T06:40:56.879+0600][26.586s][info][gc,heap     ] GC(8) Y:      Used:     1720M (44%)        1728M (44%)         254M (6%)            8M (0%)     
[2026-04-03T06:40:56.879+0600][26.586s][info][gc,heap     ] GC(8) Y:      Live:         -                 2M (0%)            2M (0%)            0M (0%)     
[2026-04-03T06:40:56.879+0600][26.586s][info][gc,heap     ] GC(8) Y:   Garbage:         -              1717M (44%)         243M (6%)            0M (0%)     
[2026-04-03T06:40:56.879+0600][26.586s][info][gc,heap     ] GC(8) Y: Allocated:         -                 8M (0%)            8M (0%)            8M (0%)     
[2026-04-03T06:40:56.879+0600][26.586s][info][gc,heap     ] GC(8) Y: Reclaimed:         -                  -              1474M (38%)        1717M (44%)    
[2026-04-03T06:40:56.879+0600][26.586s][info][gc,heap     ] GC(8) Y:  Promoted:         -                  -                 0M (0%)            2M (0%)     
[2026-04-03T06:40:56.879+0600][26.586s][info][gc,heap     ] GC(8) Y: Compacted:         -                  -                  -                 0M (0%)     
[2026-04-03T06:40:56.880+0600][26.586s][info][gc,phases   ] GC(8) Y: Young Generation (Promote All) 1820M(46%)->114M(3%) 0.031s
[2026-04-03T06:40:56.880+0600][26.586s][info][gc,phases   ] GC(8) Y: Young Generation (Collect Roots)
[2026-04-03T06:40:56.880+0600][26.586s][info][gc,phases   ] GC(8) Y: Pause Mark Start (Major) 0.035ms
[2026-04-03T06:40:56.896+0600][26.603s][info][gc,phases   ] GC(8) Y: Concurrent Mark 16.088ms
[2026-04-03T06:40:56.896+0600][26.603s][info][gc,phases   ] GC(8) Y: Pause Mark End 0.027ms
[2026-04-03T06:40:56.896+0600][26.603s][info][gc,phases   ] GC(8) Y: Concurrent Mark Free 0.002ms
[2026-04-03T06:40:56.897+0600][26.603s][info][gc,phases   ] GC(8) Y: Concurrent Reset Relocation Set 0.021ms
[2026-04-03T06:40:56.898+0600][26.605s][info][gc,reloc    ] GC(8) Y: Using tenuring threshold: 1 (Computed)
[2026-04-03T06:40:56.899+0600][26.605s][info][gc,phases   ] GC(8) Y: Concurrent Select Relocation Set 2.234ms
[2026-04-03T06:40:56.899+0600][26.606s][info][gc,phases   ] GC(8) Y: Pause Relocate Start 0.016ms
[2026-04-03T06:40:56.900+0600][26.606s][info][gc,phases   ] GC(8) Y: Concurrent Relocate 0.492ms
[2026-04-03T06:40:56.900+0600][26.606s][info][gc,alloc    ] GC(8) Y:                         Mark Start        Mark End      Relocate Start    Relocate End   
[2026-04-03T06:40:56.900+0600][26.606s][info][gc,alloc    ] GC(8) Y: Allocation Stalls:          0                0                0                0         
[2026-04-03T06:40:56.900+0600][26.606s][info][gc,load     ] GC(8) Y: Load: 4.21 (35%) / 6.70 (56%) / 5.64 (47%)
[2026-04-03T06:40:56.900+0600][26.606s][info][gc,mmu      ] GC(8) Y: MMU: 2ms/96.7%, 5ms/98.7%, 10ms/99.1%, 20ms/99.6%, 50ms/99.7%, 100ms/99.8%
[2026-04-03T06:40:56.900+0600][26.606s][info][gc,marking  ] GC(8) Y: Mark: 2 stripe(s), 2 proactive flush(es), 1 terminate flush(es), 0 completion(s), 0 continuation(s) 
[2026-04-03T06:40:56.900+0600][26.606s][info][gc,marking  ] GC(8) Y: Mark Stack Usage: 32M
[2026-04-03T06:40:56.900+0600][26.606s][info][gc,nmethod  ] GC(8) Y: NMethods: 11996 registered, 0 unregistered
[2026-04-03T06:40:56.900+0600][26.606s][info][gc,metaspace] GC(8) Y: Metaspace: 130M used, 131M committed, 1152M reserved
[2026-04-03T06:40:56.900+0600][26.606s][info][gc,reloc    ] GC(8) Y:                        Candidates     Selected     In-Place         Size        Empty    Relocated 
[2026-04-03T06:40:56.900+0600][26.606s][info][gc,reloc    ] GC(8) Y: Small Pages:                    4            3            0           8M           0M           0M 
[2026-04-03T06:40:56.900+0600][26.606s][info][gc,reloc    ] GC(8) Y: Medium Pages:                   0            0            0           0M           0M           0M 
[2026-04-03T06:40:56.900+0600][26.606s][info][gc,reloc    ] GC(8) Y: Large Pages:                    0            0            0           0M           0M           0M 
[2026-04-03T06:40:56.900+0600][26.606s][info][gc,reloc    ] GC(8) Y: Forwarding Usage: 0M
[2026-04-03T06:40:56.900+0600][26.606s][info][gc,reloc    ] GC(8) Y: Age Table:
[2026-04-03T06:40:56.900+0600][26.606s][info][gc,reloc    ] GC(8) Y:                    Live             Garbage             Small              Medium             Large        
[2026-04-03T06:40:56.900+0600][26.606s][info][gc,reloc    ] GC(8) Y: Eden               0M (0%)            7M (0%)           4 / 3              0 / 0              0 / 0        
[2026-04-03T06:40:56.900+0600][26.606s][info][gc,heap     ] GC(8) Y: Min Capacity: 8M(0%)
[2026-04-03T06:40:56.900+0600][26.607s][info][gc,heap     ] GC(8) Y: Max Capacity: 3922M(100%)
[2026-04-03T06:40:56.900+0600][26.607s][info][gc,heap     ] GC(8) Y: Soft Max Capacity: 3529M(90%)
[2026-04-03T06:40:56.900+0600][26.607s][info][gc,heap     ] GC(8) Y: Heap Statistics:
[2026-04-03T06:40:56.900+0600][26.607s][info][gc,heap     ] GC(8) Y:                Mark Start          Mark End        Relocate Start      Relocate End           High               Low         
[2026-04-03T06:40:56.900+0600][26.607s][info][gc,heap     ] GC(8) Y:  Capacity:     1836M (47%)        1836M (47%)        1836M (47%)        1836M (47%)        1836M (47%)        1836M (47%)    
[2026-04-03T06:40:56.900+0600][26.607s][info][gc,heap     ] GC(8) Y:      Free:     3808M (97%)        3808M (97%)        3808M (97%)        3810M (97%)        3810M (97%)        3802M (97%)    
[2026-04-03T06:40:56.900+0600][26.607s][info][gc,heap     ] GC(8) Y:      Used:      114M (3%)          114M (3%)          114M (3%)          112M (3%)          120M (3%)          112M (3%)     
[2026-04-03T06:40:56.900+0600][26.607s][info][gc,heap     ] GC(8) Y: Young Generation Statistics:
[2026-04-03T06:40:56.900+0600][26.607s][info][gc,heap     ] GC(8) Y:                Mark Start          Mark End        Relocate Start      Relocate End    
[2026-04-03T06:40:56.900+0600][26.607s][info][gc,heap     ] GC(8) Y:      Used:        8M (0%)            8M (0%)            8M (0%)            6M (0%)     
[2026-04-03T06:40:56.900+0600][26.607s][info][gc,heap     ] GC(8) Y:      Live:         -                 0M (0%)            0M (0%)            0M (0%)     
[2026-04-03T06:40:56.900+0600][26.607s][info][gc,heap     ] GC(8) Y:   Garbage:         -                 7M (0%)            7M (0%)            0M (0%)     
[2026-04-03T06:40:56.900+0600][26.607s][info][gc,heap     ] GC(8) Y: Allocated:         -                 0M (0%)            0M (0%)            5M (0%)     
[2026-04-03T06:40:56.900+0600][26.607s][info][gc,heap     ] GC(8) Y: Reclaimed:         -                  -                 0M (0%)            7M (0%)     
[2026-04-03T06:40:56.900+0600][26.607s][info][gc,heap     ] GC(8) Y:  Promoted:         -                  -                 0M (0%)            0M (0%)     
[2026-04-03T06:40:56.900+0600][26.607s][info][gc,heap     ] GC(8) Y: Compacted:         -                  -                  -                 0M (0%)     
[2026-04-03T06:40:56.900+0600][26.607s][info][gc,phases   ] GC(8) Y: Young Generation (Collect Roots) 114M(3%)->112M(3%) 0.020s
[2026-04-03T06:40:56.900+0600][26.607s][info][gc,phases   ] GC(8) O: Old Generation
[2026-04-03T06:40:56.957+0600][26.664s][info][gc,phases   ] GC(8) O: Concurrent Mark 56.829ms
[2026-04-03T06:40:56.957+0600][26.664s][info][gc,phases   ] GC(8) O: Pause Mark End 0.020ms
[2026-04-03T06:40:56.957+0600][26.664s][info][gc,phases   ] GC(8) O: Concurrent Mark Free 0.001ms
[2026-04-03T06:40:56.986+0600][26.693s][info][gc,phases   ] GC(8) O: Concurrent Process Non-Strong 28.927ms
[2026-04-03T06:40:56.986+0600][26.693s][info][gc,phases   ] GC(8) O: Concurrent Reset Relocation Set 0.004ms
[2026-04-03T06:40:56.989+0600][26.695s][info][gc,phases   ] GC(8) O: Concurrent Select Relocation Set 2.651ms
[2026-04-03T06:40:56.989+0600][26.695s][info][gc,task     ] GC(8) O: Using 3 Workers for Old Generation
[2026-04-03T06:40:57.017+0600][26.724s][info][gc,task     ] GC(8) O: Using 3 Workers for Old Generation
[2026-04-03T06:40:57.017+0600][26.724s][info][gc,phases   ] GC(8) O: Concurrent Remap Roots 28.176ms
[2026-04-03T06:40:57.017+0600][26.724s][info][gc,phases   ] GC(8) O: Pause Relocate Start 0.022ms
[2026-04-03T06:40:57.026+0600][26.733s][info][gc,phases   ] GC(8) O: Concurrent Relocate 8.375ms
[2026-04-03T06:40:57.026+0600][26.733s][info][gc,alloc    ] GC(8) O:                         Mark Start        Mark End      Relocate Start    Relocate End   
[2026-04-03T06:40:57.026+0600][26.733s][info][gc,alloc    ] GC(8) O: Allocation Stalls:          0                0                0                0         
[2026-04-03T06:40:57.026+0600][26.733s][info][gc,load     ] GC(8) O: Load: 4.21 (35%) / 6.70 (56%) / 5.64 (47%)
[2026-04-03T06:40:57.026+0600][26.733s][info][gc,mmu      ] GC(8) O: MMU: 2ms/96.7%, 5ms/98.7%, 10ms/99.1%, 20ms/99.6%, 50ms/99.7%, 100ms/99.8%
[2026-04-03T06:40:57.027+0600][26.733s][info][gc,marking  ] GC(8) O: Mark: 2 stripe(s), 2 proactive flush(es), 1 terminate flush(es), 0 completion(s), 0 continuation(s) 
[2026-04-03T06:40:57.027+0600][26.733s][info][gc,marking  ] GC(8) O: Mark Stack Usage: 32M
[2026-04-03T06:40:57.027+0600][26.733s][info][gc,nmethod  ] GC(8) O: NMethods: 11693 registered, 328 unregistered
[2026-04-03T06:40:57.027+0600][26.733s][info][gc,metaspace] GC(8) O: Metaspace: 130M used, 131M committed, 1152M reserved
[2026-04-03T06:40:57.027+0600][26.733s][info][gc,ref      ] GC(8) O:                       Encountered   Discovered     Enqueued 
[2026-04-03T06:40:57.027+0600][26.733s][info][gc,ref      ] GC(8) O: Soft References:             6841            0            0 
[2026-04-03T06:40:57.027+0600][26.733s][info][gc,ref      ] GC(8) O: Weak References:            17550        13760         1332 
[2026-04-03T06:40:57.027+0600][26.733s][info][gc,ref      ] GC(8) O: Final References:              84            2            0 
[2026-04-03T06:40:57.027+0600][26.733s][info][gc,ref      ] GC(8) O: Phantom References:           602          485            0 
[2026-04-03T06:40:57.027+0600][26.733s][info][gc,reloc    ] GC(8) O:                        Candidates     Selected     In-Place         Size        Empty    Relocated 
[2026-04-03T06:40:57.027+0600][26.733s][info][gc,reloc    ] GC(8) O: Small Pages:                   37            6            0          74M           0M           3M 
[2026-04-03T06:40:57.027+0600][26.733s][info][gc,reloc    ] GC(8) O: Medium Pages:                   1            0            0          32M           0M           0M 
[2026-04-03T06:40:57.027+0600][26.733s][info][gc,reloc    ] GC(8) O: Large Pages:                    0            0            0           0M           0M           0M 
[2026-04-03T06:40:57.027+0600][26.733s][info][gc,reloc    ] GC(8) O: Forwarding Usage: 1M
[2026-04-03T06:40:57.027+0600][26.733s][info][gc,heap     ] GC(8) O: Min Capacity: 8M(0%)
[2026-04-03T06:40:57.027+0600][26.733s][info][gc,heap     ] GC(8) O: Max Capacity: 3922M(100%)
[2026-04-03T06:40:57.027+0600][26.733s][info][gc,heap     ] GC(8) O: Soft Max Capacity: 3529M(90%)
[2026-04-03T06:40:57.027+0600][26.733s][info][gc,heap     ] GC(8) O: Heap Statistics:
[2026-04-03T06:40:57.027+0600][26.733s][info][gc,heap     ] GC(8) O:                Mark Start          Mark End        Relocate Start      Relocate End           High               Low         
[2026-04-03T06:40:57.027+0600][26.733s][info][gc,heap     ] GC(8) O:  Capacity:     1836M (47%)        1836M (47%)        1836M (47%)        1836M (47%)        1836M (47%)        1836M (47%)    
[2026-04-03T06:40:57.027+0600][26.734s][info][gc,heap     ] GC(8) O:      Free:     3808M (97%)        3806M (97%)        3790M (97%)        3780M (96%)        3810M (97%)        3776M (96%)    
[2026-04-03T06:40:57.027+0600][26.734s][info][gc,heap     ] GC(8) O:      Used:      114M (3%)          116M (3%)          132M (3%)          142M (4%)          146M (4%)          112M (3%)     
[2026-04-03T06:40:57.027+0600][26.734s][info][gc,heap     ] GC(8) O: Old Generation Statistics:
[2026-04-03T06:40:57.027+0600][26.734s][info][gc,heap     ] GC(8) O:                Mark Start          Mark End        Relocate Start      Relocate End    
[2026-04-03T06:40:57.027+0600][26.734s][info][gc,heap     ] GC(8) O:      Used:      106M (3%)          106M (3%)          106M (3%)          110M (3%)     
[2026-04-03T06:40:57.027+0600][26.734s][info][gc,heap     ] GC(8) O:      Live:         -                79M (2%)           79M (2%)           79M (2%)     
[2026-04-03T06:40:57.027+0600][26.734s][info][gc,heap     ] GC(8) O:   Garbage:         -                26M (1%)           26M (1%)           13M (0%)     
[2026-04-03T06:40:57.027+0600][26.734s][info][gc,heap     ] GC(8) O: Allocated:         -                 0M (0%)            0M (0%)           17M (0%)     
[2026-04-03T06:40:57.027+0600][26.734s][info][gc,heap     ] GC(8) O: Reclaimed:         -                  -                 0M (0%)           13M (0%)     
[2026-04-03T06:40:57.027+0600][26.734s][info][gc,heap     ] GC(8) O: Compacted:         -                  -                  -                 6M (0%)     
[2026-04-03T06:40:57.027+0600][26.734s][info][gc,phases   ] GC(8) O: Old Generation 112M(3%)->142M(4%) 0.126s
[2026-04-03T06:40:57.027+0600][26.734s][info][gc          ] GC(8) Major Collection (System.gc()) 1820M(46%)->142M(4%) 0.180s
[2026-04-03T06:40:58.334+0600][28.040s][info][gc          ] GC(9) Minor Collection (Allocation Rate)
[2026-04-03T06:40:58.334+0600][28.040s][info][gc,task     ] GC(9) Using 1 Workers for Young Generation
[2026-04-03T06:40:58.334+0600][28.040s][info][gc,phases   ] GC(9) y: Young Generation
[2026-04-03T06:40:58.334+0600][28.041s][info][gc,phases   ] GC(9) y: Pause Mark Start 0.016ms
[2026-04-03T06:40:58.379+0600][28.086s][info][gc,phases   ] GC(9) y: Concurrent Mark 44.845ms
[2026-04-03T06:40:58.379+0600][28.086s][info][gc,phases   ] GC(9) y: Pause Mark End 0.023ms
[2026-04-03T06:40:58.379+0600][28.086s][info][gc,phases   ] GC(9) y: Concurrent Mark Free 0.001ms
[2026-04-03T06:40:58.379+0600][28.086s][info][gc,phases   ] GC(9) y: Concurrent Reset Relocation Set 0.001ms
[2026-04-03T06:40:58.381+0600][28.088s][info][gc,reloc    ] GC(9) y: Using tenuring threshold: 2 (Computed)
[2026-04-03T06:40:58.382+0600][28.088s][info][gc,phases   ] GC(9) y: Concurrent Select Relocation Set 2.471ms
[2026-04-03T06:40:58.382+0600][28.089s][info][gc,phases   ] GC(9) y: Pause Relocate Start 0.016ms
[2026-04-03T06:40:58.400+0600][28.107s][info][gc,phases   ] GC(9) y: Concurrent Relocate 18.291ms
[2026-04-03T06:40:58.400+0600][28.107s][info][gc,alloc    ] GC(9) y:                         Mark Start        Mark End      Relocate Start    Relocate End   
[2026-04-03T06:40:58.401+0600][28.107s][info][gc,alloc    ] GC(9) y: Allocation Stalls:          0                0                0                0         
[2026-04-03T06:40:58.401+0600][28.107s][info][gc,load     ] GC(9) y: Load: 4.21 (35%) / 6.70 (56%) / 5.64 (47%)
[2026-04-03T06:40:58.401+0600][28.107s][info][gc,mmu      ] GC(9) y: MMU: 2ms/96.7%, 5ms/98.7%, 10ms/99.1%, 20ms/99.6%, 50ms/99.7%, 100ms/99.8%
[2026-04-03T06:40:58.401+0600][28.107s][info][gc,marking  ] GC(9) y: Mark: 1 stripe(s), 3 proactive flush(es), 1 terminate flush(es), 0 completion(s), 0 continuation(s) 
[2026-04-03T06:40:58.401+0600][28.107s][info][gc,marking  ] GC(9) y: Mark Stack Usage: 32M
[2026-04-03T06:40:58.401+0600][28.107s][info][gc,nmethod  ] GC(9) y: NMethods: 12602 registered, 328 unregistered
[2026-04-03T06:40:58.401+0600][28.107s][info][gc,metaspace] GC(9) y: Metaspace: 130M used, 132M committed, 1152M reserved
[2026-04-03T06:40:58.401+0600][28.107s][info][gc,reloc    ] GC(9) y:                        Candidates     Selected     In-Place         Size        Empty    Relocated 
[2026-04-03T06:40:58.401+0600][28.107s][info][gc,reloc    ] GC(9) y: Small Pages:                  693          172            0        1386M        1020M          16M 
[2026-04-03T06:40:58.401+0600][28.107s][info][gc,reloc    ] GC(9) y: Medium Pages:                   1            0            0          32M          32M           0M 
[2026-04-03T06:40:58.401+0600][28.107s][info][gc,reloc    ] GC(9) y: Large Pages:                   10            0            0          60M          60M           0M 
[2026-04-03T06:40:58.401+0600][28.107s][info][gc,reloc    ] GC(9) y: Forwarding Usage: 1M
[2026-04-03T06:40:58.401+0600][28.107s][info][gc,reloc    ] GC(9) y: Age Table:
[2026-04-03T06:40:58.401+0600][28.107s][info][gc,reloc    ] GC(9) y:                    Live             Garbage             Small              Medium             Large        
[2026-04-03T06:40:58.401+0600][28.107s][info][gc,reloc    ] GC(9) y: Eden              18M (0%)         1453M (37%)        690 / 169            1 / 0             10 / 0        
[2026-04-03T06:40:58.401+0600][28.107s][info][gc,reloc    ] GC(9) y: Survivor 1         0M (0%)            5M (0%)           3 / 3              0 / 0              0 / 0        
[2026-04-03T06:40:58.401+0600][28.107s][info][gc,heap     ] GC(9) y: Min Capacity: 8M(0%)
[2026-04-03T06:40:58.401+0600][28.107s][info][gc,heap     ] GC(9) y: Max Capacity: 3922M(100%)
[2026-04-03T06:40:58.401+0600][28.107s][info][gc,heap     ] GC(9) y: Soft Max Capacity: 3529M(90%)
[2026-04-03T06:40:58.401+0600][28.107s][info][gc,heap     ] GC(9) y: Heap Statistics:
[2026-04-03T06:40:58.401+0600][28.107s][info][gc,heap     ] GC(9) y:                Mark Start          Mark End        Relocate Start      Relocate End           High               Low         
[2026-04-03T06:40:58.401+0600][28.107s][info][gc,heap     ] GC(9) y:  Capacity:     1836M (47%)        1836M (47%)        1836M (47%)        1836M (47%)        1836M (47%)        1836M (47%)    
[2026-04-03T06:40:58.401+0600][28.107s][info][gc,heap     ] GC(9) y:      Free:     2334M (60%)        2244M (57%)        3356M (86%)        3684M (94%)        3684M (94%)        2244M (57%)    
[2026-04-03T06:40:58.401+0600][28.107s][info][gc,heap     ] GC(9) y:      Used:     1588M (40%)        1678M (43%)         566M (14%)         238M (6%)         1678M (43%)         238M (6%)     
[2026-04-03T06:40:58.401+0600][28.107s][info][gc,heap     ] GC(9) y: Young Generation Statistics:
[2026-04-03T06:40:58.401+0600][28.107s][info][gc,heap     ] GC(9) y:                Mark Start          Mark End        Relocate Start      Relocate End    
[2026-04-03T06:40:58.401+0600][28.107s][info][gc,heap     ] GC(9) y:      Used:     1478M (38%)        1568M (40%)         456M (12%)         128M (3%)     
[2026-04-03T06:40:58.401+0600][28.107s][info][gc,heap     ] GC(9) y:      Live:         -                18M (0%)           18M (0%)           18M (0%)     
[2026-04-03T06:40:58.401+0600][28.107s][info][gc,heap     ] GC(9) y:   Garbage:         -              1459M (37%)         347M (9%)            0M (0%)     
[2026-04-03T06:40:58.401+0600][28.107s][info][gc,heap     ] GC(9) y: Allocated:         -                90M (2%)           90M (2%)          109M (3%)     
[2026-04-03T06:40:58.401+0600][28.107s][info][gc,heap     ] GC(9) y: Reclaimed:         -                  -              1112M (28%)        1459M (37%)    
[2026-04-03T06:40:58.401+0600][28.107s][info][gc,heap     ] GC(9) y:  Promoted:         -                  -                 0M (0%)            0M (0%)     
[2026-04-03T06:40:58.401+0600][28.107s][info][gc,heap     ] GC(9) y: Compacted:         -                  -                  -                18M (0%)     
[2026-04-03T06:40:58.401+0600][28.107s][info][gc,phases   ] GC(9) y: Young Generation 1588M(40%)->238M(6%) 0.067s
[2026-04-03T06:40:58.401+0600][28.107s][info][gc          ] GC(9) Minor Collection (Allocation Rate) 1588M(40%)->238M(6%) 0.067s
[2026-04-03T06:40:59.334+0600][29.040s][info][gc,exit     ] Stopping ZGC
[2026-04-03T06:40:59.334+0600][29.041s][info][gc,stats    ] === Garbage Collection Statistics =======================================================================================================================
[2026-04-03T06:40:59.334+0600][29.041s][info][gc,stats    ]                                                              Last 10s              Last 10m              Last 10h                Total
[2026-04-03T06:40:59.334+0600][29.041s][info][gc,stats    ]                                                              Avg / Max             Avg / Max             Avg / Max             Avg / Max
[2026-04-03T06:40:59.334+0600][29.041s][info][gc,stats    ]        Contention: Mark Segment Reset Contention                     9 / 59               14 / 264              14 / 264              14 / 264         ops/s
[2026-04-03T06:40:59.334+0600][29.041s][info][gc,stats    ]        Contention: Mark SeqNum Reset Contention                      0 / 4                 0 / 21                0 / 21                0 / 21          ops/s
[2026-04-03T06:40:59.334+0600][29.041s][info][gc,stats    ]          Critical: Allocation Stall                                  0 / 0                 0 / 0                 0 / 0                 0 / 0           ops/s
[2026-04-03T06:40:59.334+0600][29.041s][info][gc,stats    ]          Critical: Allocation Stall                              0.000 / 0.000         0.000 / 0.000         0.000 / 0.000         0.000 / 0.000       ms
[2026-04-03T06:40:59.334+0600][29.041s][info][gc,stats    ]          Critical: JNI Critical Stall                                0 / 0                 0 / 3                 0 / 3                 0 / 3           ops/s
[2026-04-03T06:40:59.334+0600][29.041s][info][gc,stats    ]          Critical: JNI Critical Stall                            0.000 / 0.000         0.375 / 0.536         0.375 / 0.536         0.375 / 0.536       ms
[2026-04-03T06:40:59.334+0600][29.041s][info][gc,stats    ]          Critical: Relocation Stall                                  0 / 0                 0 / 0                 0 / 0                 0 / 0           ops/s
[2026-04-03T06:40:59.334+0600][29.041s][info][gc,stats    ]          Critical: Relocation Stall                              0.000 / 0.000         0.000 / 0.000         0.000 / 0.000         0.000 / 0.000       ms
[2026-04-03T06:40:59.334+0600][29.041s][info][gc,stats    ]  Major Collection: Major Collection                            237.274 / 307.801     173.108 / 307.801     173.108 / 307.801     173.108 / 307.801     ms
[2026-04-03T06:40:59.334+0600][29.041s][info][gc,stats    ]            Memory: Allocation Rate                                 521 / 1408            278 / 1408            278 / 1408            278 / 1408        MB/s
[2026-04-03T06:40:59.334+0600][29.041s][info][gc,stats    ]            Memory: Defragment                                       12 / 76                5 / 76                5 / 76                5 / 76          ops/s
[2026-04-03T06:40:59.334+0600][29.041s][info][gc,stats    ]            Memory: Out Of Memory                                     0 / 0                 0 / 0                 0 / 0                 0 / 0           ops/s
[2026-04-03T06:40:59.334+0600][29.041s][info][gc,stats    ]            Memory: Page Cache Flush                                 24 / 152              11 / 152              11 / 152              11 / 152         MB/s
[2026-04-03T06:40:59.334+0600][29.041s][info][gc,stats    ]            Memory: Page Cache Hit L1                               197 / 686              99 / 686              99 / 686              99 / 686         ops/s
[2026-04-03T06:40:59.334+0600][29.041s][info][gc,stats    ]            Memory: Page Cache Hit L2                                 0 / 0                 0 / 0                 0 / 0                 0 / 0           ops/s
[2026-04-03T06:40:59.334+0600][29.041s][info][gc,stats    ]            Memory: Page Cache Hit L3                                11 / 69                9 / 117               9 / 117               9 / 117         ops/s
[2026-04-03T06:40:59.334+0600][29.041s][info][gc,stats    ]            Memory: Page Cache Miss                                  34 / 153              20 / 153              20 / 153              20 / 153         ops/s
[2026-04-03T06:40:59.334+0600][29.041s][info][gc,stats    ]            Memory: Uncommit                                          0 / 0                 0 / 0                 0 / 0                 0 / 0           MB/s
[2026-04-03T06:40:59.334+0600][29.041s][info][gc,stats    ]            Memory: Undo Object Allocation Failed                     0 / 0                 0 / 0                 0 / 0                 0 / 0           ops/s
[2026-04-03T06:40:59.334+0600][29.041s][info][gc,stats    ]            Memory: Undo Object Allocation Succeeded                  0 / 7                 0 / 7                 0 / 7                 0 / 7           ops/s
[2026-04-03T06:40:59.334+0600][29.041s][info][gc,stats    ]            Memory: Undo Page Allocation                              0 / 2                 0 / 2                 0 / 2                 0 / 2           ops/s
[2026-04-03T06:40:59.334+0600][29.041s][info][gc,stats    ]  Minor Collection: Minor Collection                             67.171 / 67.171       67.171 / 67.171       67.171 / 67.171       67.171 / 67.171      ms
[2026-04-03T06:40:59.334+0600][29.041s][info][gc,stats    ]    Old Generation: Old Generation                              137.535 / 170.444      92.984 / 241.725      92.984 / 241.725      92.984 / 241.725     ms
[2026-04-03T06:40:59.334+0600][29.041s][info][gc,stats    ]         Old Pause: Pause Mark End                                0.022 / 0.026         0.022 / 0.026         0.022 / 0.026         0.022 / 0.026       ms
[2026-04-03T06:40:59.334+0600][29.041s][info][gc,stats    ]         Old Pause: Pause Relocate Start                          0.025 / 0.027         0.024 / 0.031         0.024 / 0.031         0.024 / 0.031       ms
[2026-04-03T06:40:59.334+0600][29.041s][info][gc,stats    ]         Old Phase: Concurrent Mark                              73.165 / 113.249      45.534 / 158.455      45.534 / 158.455      45.534 / 158.455     ms
[2026-04-03T06:40:59.334+0600][29.041s][info][gc,stats    ]         Old Phase: Concurrent Mark Continue                      0.000 / 0.000         0.000 / 0.000         0.000 / 0.000         0.000 / 0.000       ms
[2026-04-03T06:40:59.334+0600][29.041s][info][gc,stats    ]         Old Phase: Concurrent Mark Free                          0.002 / 0.003         0.004 / 0.020         0.004 / 0.020         0.004 / 0.020       ms
[2026-04-03T06:40:59.335+0600][29.041s][info][gc,stats    ]         Old Phase: Concurrent Process Non-Strong                28.573 / 30.318       16.774 / 30.826       16.774 / 30.826       16.774 / 30.826      ms
[2026-04-03T06:40:59.335+0600][29.041s][info][gc,stats    ]         Old Phase: Concurrent Relocate                           7.300 / 11.808        4.920 / 18.929        4.920 / 18.929        4.920 / 18.929      ms
[2026-04-03T06:40:59.335+0600][29.041s][info][gc,stats    ]         Old Phase: Concurrent Remap Roots                       24.924 / 28.176       21.319 / 28.176       21.319 / 28.176       21.319 / 28.176      ms
[2026-04-03T06:40:59.335+0600][29.041s][info][gc,stats    ]         Old Phase: Concurrent Reset Relocation Set               0.003 / 0.005         0.002 / 0.005         0.002 / 0.005         0.002 / 0.005       ms
[2026-04-03T06:40:59.335+0600][29.041s][info][gc,stats    ]         Old Phase: Concurrent Select Relocation Set              2.319 / 2.651         3.345 / 10.424        3.345 / 10.424        3.345 / 10.424      ms
[2026-04-03T06:40:59.335+0600][29.041s][info][gc,stats    ]      Old Subphase: Concurrent Classes Purge                      0.848 / 1.340         0.518 / 1.340         0.518 / 1.340         0.518 / 1.340       ms
[2026-04-03T06:40:59.335+0600][29.041s][info][gc,stats    ]      Old Subphase: Concurrent Classes Unlink                    23.438 / 25.384       12.869 / 25.384       12.869 / 25.384       12.869 / 25.384      ms
[2026-04-03T06:40:59.335+0600][29.041s][info][gc,stats    ]      Old Subphase: Concurrent Mark Follow                       71.975 / 111.690      44.665 / 157.356      44.665 / 157.356      44.665 / 157.356     ms
[2026-04-03T06:40:59.335+0600][29.041s][info][gc,stats    ]      Old Subphase: Concurrent Mark Root Colored                  0.307 / 0.425         0.179 / 0.425         0.179 / 0.425         0.179 / 0.425       ms
[2026-04-03T06:40:59.335+0600][29.041s][info][gc,stats    ]      Old Subphase: Concurrent Mark Root Uncolored                0.632 / 0.925         0.480 / 0.925         0.480 / 0.925         0.480 / 0.925       ms
[2026-04-03T06:40:59.335+0600][29.041s][info][gc,stats    ]      Old Subphase: Concurrent Mark Roots                         1.183 / 1.549         0.864 / 1.549         0.864 / 1.549         0.864 / 1.549       ms
[2026-04-03T06:40:59.335+0600][29.041s][info][gc,stats    ]      Old Subphase: Concurrent References Enqueue                 0.006 / 0.009         0.004 / 0.015         0.004 / 0.015         0.004 / 0.015       ms
[2026-04-03T06:40:59.335+0600][29.041s][info][gc,stats    ]      Old Subphase: Concurrent References Process                 1.153 / 1.721         0.603 / 1.721         0.603 / 1.721         0.603 / 1.721       ms
[2026-04-03T06:40:59.335+0600][29.041s][info][gc,stats    ]      Old Subphase: Concurrent Remap Remembered                  17.618 / 18.136       16.719 / 23.456       16.719 / 23.456       16.719 / 23.456      ms
[2026-04-03T06:40:59.335+0600][29.041s][info][gc,stats    ]      Old Subphase: Concurrent Remap Roots Colored                2.802 / 5.087         1.801 / 5.087         1.801 / 5.087         1.801 / 5.087       ms
[2026-04-03T06:40:59.335+0600][29.041s][info][gc,stats    ]      Old Subphase: Concurrent Remap Roots Uncolored              4.173 / 5.401         2.280 / 5.401         2.280 / 5.401         2.280 / 5.401       ms
[2026-04-03T06:40:59.335+0600][29.041s][info][gc,stats    ]      Old Subphase: Concurrent Roots ClassLoaderDataGraph         1.468 / 4.663         1.027 / 4.663         1.027 / 4.663         1.027 / 4.663       ms
[2026-04-03T06:40:59.335+0600][29.041s][info][gc,stats    ]      Old Subphase: Concurrent Roots CodeCache                    4.132 / 5.326         2.258 / 5.326         2.258 / 5.326         2.258 / 5.326       ms
[2026-04-03T06:40:59.335+0600][29.041s][info][gc,stats    ]      Old Subphase: Concurrent Roots JavaThreads                  0.223 / 0.924         0.155 / 0.924         0.155 / 0.924         0.155 / 0.924       ms
[2026-04-03T06:40:59.335+0600][29.041s][info][gc,stats    ]      Old Subphase: Concurrent Roots OopStorageSet                0.028 / 0.126         0.021 / 0.126         0.021 / 0.126         0.021 / 0.126       ms
[2026-04-03T06:40:59.335+0600][29.041s][info][gc,stats    ]      Old Subphase: Concurrent Weak Roots OopStorageSet           0.936 / 4.997         0.802 / 6.508         0.802 / 6.508         0.802 / 6.508       ms
[2026-04-03T06:40:59.335+0600][29.041s][info][gc,stats    ]            System: Java Threads                                    152 / 274              86 / 274              86 / 274              86 / 274         threads
[2026-04-03T06:40:59.335+0600][29.041s][info][gc,stats    ]  Young Generation: Young Generation                            135.796 / 135.796      76.885 / 135.796      76.885 / 135.796      76.885 / 135.796     ms
[2026-04-03T06:40:59.335+0600][29.041s][info][gc,stats    ]  Young Generation: Young Generation                             66.683 / 66.683       66.683 / 66.683       66.683 / 66.683       66.683 / 66.683      ms
[2026-04-03T06:40:59.335+0600][29.041s][info][gc,stats    ]  Young Generation: Young Generation (Collect Roots)             18.863 / 20.161       16.894 / 20.161       16.894 / 20.161       16.894 / 20.161      ms
[2026-04-03T06:40:59.335+0600][29.041s][info][gc,stats    ]  Young Generation: Young Generation (Promote All)               60.267 / 89.171       66.104 / 89.171       66.104 / 89.171       66.104 / 89.171      ms
[2026-04-03T06:40:59.335+0600][29.041s][info][gc,stats    ]       Young Pause: Pause Mark End                                0.025 / 0.032         0.023 / 0.033         0.023 / 0.033         0.023 / 0.033       ms
[2026-04-03T06:40:59.335+0600][29.041s][info][gc,stats    ]       Young Pause: Pause Mark Start                              0.021 / 0.028         0.020 / 0.028         0.020 / 0.028         0.020 / 0.028       ms
[2026-04-03T06:40:59.335+0600][29.041s][info][gc,stats    ]       Young Pause: Pause Mark Start (Major)                      0.039 / 0.056         0.032 / 0.066         0.032 / 0.066         0.032 / 0.066       ms
[2026-04-03T06:40:59.335+0600][29.041s][info][gc,stats    ]       Young Pause: Pause Relocate Start                          0.018 / 0.026         0.018 / 0.026         0.018 / 0.026         0.018 / 0.026       ms
[2026-04-03T06:40:59.335+0600][29.041s][info][gc,stats    ]       Young Phase: Concurrent Mark                              38.500 / 86.191       38.475 / 96.783       38.475 / 96.783       38.475 / 96.783      ms
[2026-04-03T06:40:59.335+0600][29.041s][info][gc,stats    ]       Young Phase: Concurrent Mark Continue                      0.000 / 0.000         0.000 / 0.000         0.000 / 0.000         0.000 / 0.000       ms
[2026-04-03T06:40:59.335+0600][29.041s][info][gc,stats    ]       Young Phase: Concurrent Mark Free                          0.002 / 0.003         0.002 / 0.003         0.002 / 0.003         0.002 / 0.003       ms
[2026-04-03T06:40:59.335+0600][29.041s][info][gc,stats    ]       Young Phase: Concurrent Relocate                          15.077 / 42.837       14.264 / 42.837       14.264 / 42.837       14.264 / 42.837      ms
[2026-04-03T06:40:59.335+0600][29.041s][info][gc,stats    ]       Young Phase: Concurrent Reset Relocation Set               0.023 / 0.061         0.016 / 0.061         0.016 / 0.061         0.016 / 0.061       ms
[2026-04-03T06:40:59.335+0600][29.041s][info][gc,stats    ]       Young Phase: Concurrent Select Relocation Set              5.179 / 15.545        5.523 / 15.545        5.523 / 15.545        5.523 / 15.545      ms
[2026-04-03T06:40:59.335+0600][29.041s][info][gc,stats    ]    Young Subphase: Concurrent Mark Follow                       22.450 / 66.840       27.173 / 85.936       27.173 / 85.936       27.173 / 85.936      ms
[2026-04-03T06:40:59.335+0600][29.041s][info][gc,stats    ]    Young Subphase: Concurrent Mark Root Colored                  9.340 / 14.282        7.147 / 14.282        7.147 / 14.282        7.147 / 14.282      ms
[2026-04-03T06:40:59.335+0600][29.041s][info][gc,stats    ]    Young Subphase: Concurrent Mark Root Uncolored                5.723 / 17.166        4.034 / 17.166        4.034 / 17.166        4.034 / 17.166      ms
[2026-04-03T06:40:59.335+0600][29.041s][info][gc,stats    ]    Young Subphase: Concurrent Mark Roots                        16.043 / 22.384       11.296 / 22.384       11.296 / 22.384       11.296 / 22.384      ms
[2026-04-03T06:40:59.335+0600][29.041s][info][gc,stats    ]    Young Subphase: Concurrent Relocate Remset FP                 1.805 / 10.462        1.724 / 11.052        1.724 / 11.052        1.724 / 11.052      ms
[2026-04-03T06:40:59.335+0600][29.041s][info][gc,stats    ]    Young Subphase: Concurrent Roots ClassLoaderDataGraph         7.575 / 11.495        5.562 / 11.495        5.562 / 11.495        5.562 / 11.495      ms
[2026-04-03T06:40:59.335+0600][29.041s][info][gc,stats    ]    Young Subphase: Concurrent Roots CodeCache                    4.792 / 13.324        3.147 / 13.324        3.147 / 13.324        3.147 / 13.324      ms
[2026-04-03T06:40:59.335+0600][29.041s][info][gc,stats    ]    Young Subphase: Concurrent Roots JavaThreads                  0.487 / 3.838         0.456 / 3.838         0.456 / 3.838         0.456 / 3.838       ms
[2026-04-03T06:40:59.335+0600][29.041s][info][gc,stats    ]    Young Subphase: Concurrent Roots OopStorageSet                0.073 / 0.167         0.081 / 0.237         0.081 / 0.237         0.081 / 0.237       ms
[2026-04-03T06:40:59.335+0600][29.041s][info][gc,stats    ]    Young Subphase: Concurrent Weak Roots OopStorageSet           1.689 / 3.239         1.507 / 4.055         1.507 / 4.055         1.507 / 4.055       ms
[2026-04-03T06:40:59.335+0600][29.041s][info][gc,stats    ] =========================================================================================================================================================
[2026-04-03T06:40:59.335+0600][29.042s][info][gc,heap,exit] Heap
[2026-04-03T06:40:59.335+0600][29.042s][info][gc,heap,exit]  ZHeap           used 476M, capacity 1836M, max capacity 3922M
[2026-04-03T06:40:59.335+0600][29.042s][info][gc,heap,exit]  Metaspace       used 134508K, committed 136192K, reserved 1179648K
[2026-04-03T06:40:59.335+0600][29.042s][info][gc,heap,exit]   class space    used 17570K, committed 18432K, reserved 1048576K
