[2026-04-03T01:54:14.682+0600][0.005s][info][gc,init] CardTable entry size: 512
[2026-04-03T01:54:14.682+0600][0.005s][info][gc     ] Using G1
[2026-04-03T01:54:14.685+0600][0.008s][info][gc,init] Version: 21.0.10+7-Ubuntu-124.04 (release)
[2026-04-03T01:54:14.685+0600][0.008s][info][gc,init] CPUs: 12 total, 12 available
[2026-04-03T01:54:14.685+0600][0.008s][info][gc,init] Memory: 15683M
[2026-04-03T01:54:14.685+0600][0.008s][info][gc,init] Large Page Support: Disabled
[2026-04-03T01:54:14.685+0600][0.008s][info][gc,init] NUMA Support: Disabled
[2026-04-03T01:54:14.685+0600][0.008s][info][gc,init] Compressed Oops: Enabled (Zero based)
[2026-04-03T01:54:14.685+0600][0.008s][info][gc,init] Heap Region Size: 2M
[2026-04-03T01:54:14.685+0600][0.008s][info][gc,init] Heap Min Capacity: 8M
[2026-04-03T01:54:14.685+0600][0.008s][info][gc,init] Heap Initial Capacity: 246M
[2026-04-03T01:54:14.685+0600][0.008s][info][gc,init] Heap Max Capacity: 3922M
[2026-04-03T01:54:14.685+0600][0.008s][info][gc,init] Pre-touch: Disabled
[2026-04-03T01:54:14.685+0600][0.008s][info][gc,init] Parallel Workers: 10
[2026-04-03T01:54:14.685+0600][0.008s][info][gc,init] Concurrent Workers: 3
[2026-04-03T01:54:14.685+0600][0.008s][info][gc,init] Concurrent Refinement Workers: 10
[2026-04-03T01:54:14.685+0600][0.008s][info][gc,init] Periodic GC: Disabled
[2026-04-03T01:54:14.697+0600][0.020s][info][gc,metaspace] CDS archive(s) mapped at: [0x000075aef7000000-0x000075aef7c9c000-0x000075aef7c9c000), size 13221888, SharedBaseAddress: 0x000075aef7000000, ArchiveRelocationMode: 1.
[2026-04-03T01:54:14.697+0600][0.020s][info][gc,metaspace] Compressed class space mapped at: 0x000075aef8000000-0x000075af38000000, reserved size: 1073741824
[2026-04-03T01:54:14.697+0600][0.020s][info][gc,metaspace] Narrow klass base: 0x000075aef7000000, Narrow klass shift: 0, Narrow klass range: 0x100000000
[2026-04-03T01:54:15.065+0600][0.388s][info][gc,start    ] GC(0) Pause Young (Normal) (G1 Evacuation Pause)
[2026-04-03T01:54:15.066+0600][0.389s][info][gc,task     ] GC(0) Using 5 workers of 10 for evacuation
[2026-04-03T01:54:15.069+0600][0.391s][info][gc,phases   ] GC(0)   Pre Evacuate Collection Set: 0.12ms
[2026-04-03T01:54:15.069+0600][0.392s][info][gc,phases   ] GC(0)   Merge Heap Roots: 0.14ms
[2026-04-03T01:54:15.069+0600][0.392s][info][gc,phases   ] GC(0)   Evacuate Collection Set: 1.79ms
[2026-04-03T01:54:15.069+0600][0.392s][info][gc,phases   ] GC(0)   Post Evacuate Collection Set: 0.28ms
[2026-04-03T01:54:15.069+0600][0.392s][info][gc,phases   ] GC(0)   Other: 1.09ms
[2026-04-03T01:54:15.069+0600][0.392s][info][gc,heap     ] GC(0) Eden regions: 11->0(22)
[2026-04-03T01:54:15.069+0600][0.392s][info][gc,heap     ] GC(0) Survivor regions: 0->2(2)
[2026-04-03T01:54:15.069+0600][0.392s][info][gc,heap     ] GC(0) Old regions: 1->1
[2026-04-03T01:54:15.069+0600][0.392s][info][gc,heap     ] GC(0) Humongous regions: 0->0
[2026-04-03T01:54:15.069+0600][0.392s][info][gc,metaspace] GC(0) Metaspace: 2528K(2688K)->2528K(2688K) NonClass: 2299K(2368K)->2299K(2368K) Class: 228K(320K)->228K(320K)
[2026-04-03T01:54:15.069+0600][0.392s][info][gc          ] GC(0) Pause Young (Normal) (G1 Evacuation Pause) 23M->3M(248M) 3.737ms
[2026-04-03T01:54:15.069+0600][0.392s][info][gc,cpu      ] GC(0) User=0.01s Sys=0.00s Real=0.00s
[2026-04-03T01:54:15.206+0600][0.529s][info][gc,start    ] GC(1) Pause Young (Normal) (G1 Evacuation Pause)
[2026-04-03T01:54:15.206+0600][0.529s][info][gc,task     ] GC(1) Using 5 workers of 10 for evacuation
[2026-04-03T01:54:15.209+0600][0.531s][info][gc,phases   ] GC(1)   Pre Evacuate Collection Set: 0.17ms
[2026-04-03T01:54:15.209+0600][0.531s][info][gc,phases   ] GC(1)   Merge Heap Roots: 0.09ms
[2026-04-03T01:54:15.209+0600][0.531s][info][gc,phases   ] GC(1)   Evacuate Collection Set: 1.72ms
[2026-04-03T01:54:15.209+0600][0.531s][info][gc,phases   ] GC(1)   Post Evacuate Collection Set: 0.34ms
[2026-04-03T01:54:15.209+0600][0.531s][info][gc,phases   ] GC(1)   Other: 0.07ms
[2026-04-03T01:54:15.209+0600][0.532s][info][gc,heap     ] GC(1) Eden regions: 22->0(71)
[2026-04-03T01:54:15.209+0600][0.532s][info][gc,heap     ] GC(1) Survivor regions: 2->2(3)
[2026-04-03T01:54:15.209+0600][0.532s][info][gc,heap     ] GC(1) Old regions: 1->1
[2026-04-03T01:54:15.209+0600][0.532s][info][gc,heap     ] GC(1) Humongous regions: 0->0
[2026-04-03T01:54:15.209+0600][0.532s][info][gc,metaspace] GC(1) Metaspace: 3813K(3968K)->3813K(3968K) NonClass: 3381K(3456K)->3381K(3456K) Class: 432K(512K)->432K(512K)
[2026-04-03T01:54:15.209+0600][0.532s][info][gc          ] GC(1) Pause Young (Normal) (G1 Evacuation Pause) 47M->3M(248M) 2.752ms
[2026-04-03T01:54:15.209+0600][0.532s][info][gc,cpu      ] GC(1) User=0.01s Sys=0.00s Real=0.00s
[2026-04-03T01:54:15.737+0600][1.060s][info][gc,start    ] GC(2) Pause Young (Normal) (G1 Evacuation Pause)
[2026-04-03T01:54:15.737+0600][1.060s][info][gc,task     ] GC(2) Using 5 workers of 10 for evacuation
[2026-04-03T01:54:15.742+0600][1.065s][info][gc,phases   ] GC(2)   Pre Evacuate Collection Set: 0.48ms
[2026-04-03T01:54:15.742+0600][1.065s][info][gc,phases   ] GC(2)   Merge Heap Roots: 0.24ms
[2026-04-03T01:54:15.742+0600][1.065s][info][gc,phases   ] GC(2)   Evacuate Collection Set: 2.81ms
[2026-04-03T01:54:15.742+0600][1.065s][info][gc,phases   ] GC(2)   Post Evacuate Collection Set: 0.76ms
[2026-04-03T01:54:15.742+0600][1.065s][info][gc,phases   ] GC(2)   Other: 0.13ms
[2026-04-03T01:54:15.742+0600][1.065s][info][gc,heap     ] GC(2) Eden regions: 71->0(71)
[2026-04-03T01:54:15.742+0600][1.065s][info][gc,heap     ] GC(2) Survivor regions: 2->2(10)
[2026-04-03T01:54:15.742+0600][1.065s][info][gc,heap     ] GC(2) Old regions: 1->1
[2026-04-03T01:54:15.742+0600][1.065s][info][gc,heap     ] GC(2) Humongous regions: 0->0
[2026-04-03T01:54:15.742+0600][1.065s][info][gc,metaspace] GC(2) Metaspace: 9920K(10176K)->9920K(10176K) NonClass: 8666K(8832K)->8666K(8832K) Class: 1253K(1344K)->1253K(1344K)
[2026-04-03T01:54:15.742+0600][1.065s][info][gc          ] GC(2) Pause Young (Normal) (G1 Evacuation Pause) 145M->4M(248M) 4.679ms
[2026-04-03T01:54:15.742+0600][1.065s][info][gc,cpu      ] GC(2) User=0.01s Sys=0.00s Real=0.01s
[2026-04-03T01:54:15.940+0600][1.263s][info][gc,start    ] GC(3) Pause Full (System.gc())
[2026-04-03T01:54:15.940+0600][1.263s][info][gc,task     ] GC(3) Using 5 workers of 10 for full compaction
[2026-04-03T01:54:15.941+0600][1.263s][info][gc,phases,start] GC(3) Phase 1: Mark live objects
[2026-04-03T01:54:15.951+0600][1.274s][info][gc,phases      ] GC(3) Phase 1: Mark live objects 10.676ms
[2026-04-03T01:54:15.951+0600][1.274s][info][gc,phases,start] GC(3) Phase 2: Prepare compaction
[2026-04-03T01:54:15.961+0600][1.283s][info][gc,phases      ] GC(3) Phase 2: Prepare compaction 9.243ms
[2026-04-03T01:54:15.961+0600][1.283s][info][gc,phases,start] GC(3) Phase 3: Adjust pointers
[2026-04-03T01:54:15.967+0600][1.290s][info][gc,phases      ] GC(3) Phase 3: Adjust pointers 6.728ms
[2026-04-03T01:54:15.968+0600][1.290s][info][gc,phases,start] GC(3) Phase 4: Compact heap
[2026-04-03T01:54:15.977+0600][1.300s][info][gc,phases      ] GC(3) Phase 4: Compact heap 9.622ms
[2026-04-03T01:54:15.977+0600][1.300s][info][gc,phases,start] GC(3) Phase 5: Reset Metadata
[2026-04-03T01:54:15.977+0600][1.300s][info][gc,phases      ] GC(3) Phase 5: Reset Metadata 0.216ms
[2026-04-03T01:54:15.980+0600][1.303s][info][gc,heap        ] GC(3) Eden regions: 45->0(32)
[2026-04-03T01:54:15.980+0600][1.303s][info][gc,heap        ] GC(3) Survivor regions: 2->0(10)
[2026-04-03T01:54:15.980+0600][1.303s][info][gc,heap        ] GC(3) Old regions: 1->16
[2026-04-03T01:54:15.980+0600][1.303s][info][gc,heap        ] GC(3) Humongous regions: 0->0
[2026-04-03T01:54:15.980+0600][1.303s][info][gc,metaspace   ] GC(3) Metaspace: 11996K(12224K)->11996K(12224K) NonClass: 10383K(10496K)->10383K(10496K) Class: 1612K(1728K)->1612K(1728K)
[2026-04-03T01:54:15.980+0600][1.303s][info][gc             ] GC(3) Pause Full (System.gc()) 93M->25M(108M) 39.478ms
[2026-04-03T01:54:15.980+0600][1.303s][info][gc,cpu         ] GC(3) User=0.14s Sys=0.03s Real=0.04s
[2026-04-03T01:54:16.449+0600][1.772s][info][gc,start       ] GC(4) Pause Full (System.gc())
[2026-04-03T01:54:16.449+0600][1.772s][info][gc,task        ] GC(4) Using 3 workers of 10 for full compaction
[2026-04-03T01:54:16.449+0600][1.772s][info][gc,phases,start] GC(4) Phase 1: Mark live objects
[2026-04-03T01:54:16.464+0600][1.787s][info][gc,phases      ] GC(4) Phase 1: Mark live objects 15.113ms
[2026-04-03T01:54:16.464+0600][1.787s][info][gc,phases,start] GC(4) Phase 2: Prepare compaction
[2026-04-03T01:54:16.465+0600][1.788s][info][gc,phases      ] GC(4) Phase 2: Prepare compaction 1.030ms
[2026-04-03T01:54:16.465+0600][1.788s][info][gc,phases,start] GC(4) Phase 3: Adjust pointers
[2026-04-03T01:54:16.471+0600][1.794s][info][gc,phases      ] GC(4) Phase 3: Adjust pointers 5.446ms
[2026-04-03T01:54:16.471+0600][1.794s][info][gc,phases,start] GC(4) Phase 4: Compact heap
[2026-04-03T01:54:16.473+0600][1.796s][info][gc,phases      ] GC(4) Phase 4: Compact heap 2.211ms
[2026-04-03T01:54:16.473+0600][1.796s][info][gc,phases,start] GC(4) Phase 5: Reset Metadata
[2026-04-03T01:54:16.476+0600][1.799s][info][gc,phases      ] GC(4) Phase 5: Reset Metadata 2.820ms
[2026-04-03T01:54:16.477+0600][1.800s][info][gc,heap        ] GC(4) Eden regions: 20->0(30)
[2026-04-03T01:54:16.477+0600][1.800s][info][gc,heap        ] GC(4) Survivor regions: 0->0(10)
[2026-04-03T01:54:16.477+0600][1.800s][info][gc,heap        ] GC(4) Old regions: 16->15
[2026-04-03T01:54:16.477+0600][1.800s][info][gc,heap        ] GC(4) Humongous regions: 0->0
[2026-04-03T01:54:16.477+0600][1.800s][info][gc,metaspace   ] GC(4) Metaspace: 12389K(12672K)->12389K(12672K) NonClass: 10713K(10880K)->10713K(10880K) Class: 1676K(1792K)->1676K(1792K)
[2026-04-03T01:54:16.478+0600][1.800s][info][gc             ] GC(4) Pause Full (System.gc()) 65M->25M(100M) 28.629ms
[2026-04-03T01:54:16.478+0600][1.800s][info][gc,cpu         ] GC(4) User=0.10s Sys=0.00s Real=0.03s
[2026-04-03T01:54:16.722+0600][2.044s][info][gc,start       ] GC(5) Pause Full (System.gc())
[2026-04-03T01:54:16.722+0600][2.044s][info][gc,task        ] GC(5) Using 2 workers of 10 for full compaction
[2026-04-03T01:54:16.722+0600][2.045s][info][gc,phases,start] GC(5) Phase 1: Mark live objects
[2026-04-03T01:54:16.741+0600][2.064s][info][gc,phases      ] GC(5) Phase 1: Mark live objects 19.419ms
[2026-04-03T01:54:16.741+0600][2.064s][info][gc,phases,start] GC(5) Phase 2: Prepare compaction
[2026-04-03T01:54:16.742+0600][2.065s][info][gc,phases      ] GC(5) Phase 2: Prepare compaction 0.677ms
[2026-04-03T01:54:16.742+0600][2.065s][info][gc,phases,start] GC(5) Phase 3: Adjust pointers
[2026-04-03T01:54:16.749+0600][2.072s][info][gc,phases      ] GC(5) Phase 3: Adjust pointers 7.023ms
[2026-04-03T01:54:16.749+0600][2.072s][info][gc,phases,start] GC(5) Phase 4: Compact heap
[2026-04-03T01:54:16.750+0600][2.072s][info][gc,phases      ] GC(5) Phase 4: Compact heap 0.642ms
[2026-04-03T01:54:16.750+0600][2.072s][info][gc,phases,start] GC(5) Phase 5: Reset Metadata
[2026-04-03T01:54:16.754+0600][2.077s][info][gc,phases      ] GC(5) Phase 5: Reset Metadata 4.744ms
[2026-04-03T01:54:16.756+0600][2.078s][info][gc,heap        ] GC(5) Eden regions: 16->0(28)
[2026-04-03T01:54:16.756+0600][2.078s][info][gc,heap        ] GC(5) Survivor regions: 0->0(10)
[2026-04-03T01:54:16.756+0600][2.078s][info][gc,heap        ] GC(5) Old regions: 15->14
[2026-04-03T01:54:16.756+0600][2.078s][info][gc,heap        ] GC(5) Humongous regions: 0->0
[2026-04-03T01:54:16.756+0600][2.078s][info][gc,metaspace   ] GC(5) Metaspace: 12393K(12672K)->12393K(12672K) NonClass: 10717K(10880K)->10717K(10880K) Class: 1676K(1792K)->1676K(1792K)
[2026-04-03T01:54:16.756+0600][2.078s][info][gc             ] GC(5) Pause Full (System.gc()) 56M->25M(94M) 34.129ms
[2026-04-03T01:54:16.756+0600][2.078s][info][gc,cpu         ] GC(5) User=0.06s Sys=0.00s Real=0.03s
[2026-04-03T01:54:17.056+0600][2.379s][info][gc,heap,exit   ] Heap
[2026-04-03T01:54:17.056+0600][2.379s][info][gc,heap,exit   ]  garbage-first heap   total 96256K, used 71651K [0x000000070ae00000, 0x0000000800000000)
[2026-04-03T01:54:17.056+0600][2.379s][info][gc,heap,exit   ]   region size 2048K, 23 young (47104K), 0 survivors (0K)
[2026-04-03T01:54:17.056+0600][2.379s][info][gc,heap,exit   ]  Metaspace       used 12782K, committed 12928K, reserved 1114112K
[2026-04-03T01:54:17.056+0600][2.379s][info][gc,heap,exit   ]   class space    used 1796K, committed 1856K, reserved 1048576K
