[2026-04-03T01:54:17.094+0600][0.005s][info][gc,init] CardTable entry size: 512
[2026-04-03T01:54:17.094+0600][0.005s][info][gc     ] Using G1
[2026-04-03T01:54:17.097+0600][0.009s][info][gc,init] Version: 21.0.10+7-Ubuntu-124.04 (release)
[2026-04-03T01:54:17.097+0600][0.009s][info][gc,init] CPUs: 12 total, 12 available
[2026-04-03T01:54:17.097+0600][0.009s][info][gc,init] Memory: 15683M
[2026-04-03T01:54:17.097+0600][0.009s][info][gc,init] Large Page Support: Disabled
[2026-04-03T01:54:17.097+0600][0.009s][info][gc,init] NUMA Support: Disabled
[2026-04-03T01:54:17.097+0600][0.009s][info][gc,init] Compressed Oops: Enabled (Zero based)
[2026-04-03T01:54:17.097+0600][0.009s][info][gc,init] Heap Region Size: 2M
[2026-04-03T01:54:17.097+0600][0.009s][info][gc,init] Heap Min Capacity: 8M
[2026-04-03T01:54:17.097+0600][0.009s][info][gc,init] Heap Initial Capacity: 246M
[2026-04-03T01:54:17.097+0600][0.009s][info][gc,init] Heap Max Capacity: 3922M
[2026-04-03T01:54:17.097+0600][0.009s][info][gc,init] Pre-touch: Disabled
[2026-04-03T01:54:17.097+0600][0.009s][info][gc,init] Parallel Workers: 10
[2026-04-03T01:54:17.097+0600][0.009s][info][gc,init] Concurrent Workers: 3
[2026-04-03T01:54:17.097+0600][0.009s][info][gc,init] Concurrent Refinement Workers: 10
[2026-04-03T01:54:17.097+0600][0.009s][info][gc,init] Periodic GC: Disabled
[2026-04-03T01:54:17.110+0600][0.021s][info][gc,metaspace] CDS archive(s) mapped at: [0x00007cb5af000000-0x00007cb5afc9c000-0x00007cb5afc9c000), size 13221888, SharedBaseAddress: 0x00007cb5af000000, ArchiveRelocationMode: 1.
[2026-04-03T01:54:17.110+0600][0.021s][info][gc,metaspace] Compressed class space mapped at: 0x00007cb5b0000000-0x00007cb5f0000000, reserved size: 1073741824
[2026-04-03T01:54:17.110+0600][0.021s][info][gc,metaspace] Narrow klass base: 0x00007cb5af000000, Narrow klass shift: 0, Narrow klass range: 0x100000000
[2026-04-03T01:54:17.438+0600][0.350s][info][gc,start    ] GC(0) Pause Young (Normal) (G1 Evacuation Pause)
[2026-04-03T01:54:17.439+0600][0.351s][info][gc,task     ] GC(0) Using 5 workers of 10 for evacuation
[2026-04-03T01:54:17.442+0600][0.353s][info][gc,phases   ] GC(0)   Pre Evacuate Collection Set: 0.13ms
[2026-04-03T01:54:17.442+0600][0.353s][info][gc,phases   ] GC(0)   Merge Heap Roots: 0.16ms
[2026-04-03T01:54:17.442+0600][0.353s][info][gc,phases   ] GC(0)   Evacuate Collection Set: 2.01ms
[2026-04-03T01:54:17.442+0600][0.353s][info][gc,phases   ] GC(0)   Post Evacuate Collection Set: 0.44ms
[2026-04-03T01:54:17.442+0600][0.353s][info][gc,phases   ] GC(0)   Other: 0.98ms
[2026-04-03T01:54:17.442+0600][0.353s][info][gc,heap     ] GC(0) Eden regions: 6->0(5)
[2026-04-03T01:54:17.442+0600][0.353s][info][gc,heap     ] GC(0) Survivor regions: 0->1(1)
[2026-04-03T01:54:17.442+0600][0.353s][info][gc,heap     ] GC(0) Old regions: 1->2
[2026-04-03T01:54:17.442+0600][0.353s][info][gc,heap     ] GC(0) Humongous regions: 0->0
[2026-04-03T01:54:17.442+0600][0.353s][info][gc,metaspace] GC(0) Metaspace: 2094K(2304K)->2094K(2304K) NonClass: 1910K(2048K)->1910K(2048K) Class: 183K(256K)->183K(256K)
[2026-04-03T01:54:17.442+0600][0.354s][info][gc          ] GC(0) Pause Young (Normal) (G1 Evacuation Pause) 13M->3M(248M) 3.977ms
[2026-04-03T01:54:17.442+0600][0.354s][info][gc,cpu      ] GC(0) User=0.01s Sys=0.01s Real=0.01s
[2026-04-03T01:54:17.485+0600][0.396s][info][gc,start    ] GC(1) Pause Young (Normal) (G1 Evacuation Pause)
[2026-04-03T01:54:17.485+0600][0.396s][info][gc,task     ] GC(1) Using 5 workers of 10 for evacuation
[2026-04-03T01:54:17.487+0600][0.399s][info][gc,phases   ] GC(1)   Pre Evacuate Collection Set: 0.19ms
[2026-04-03T01:54:17.488+0600][0.399s][info][gc,phases   ] GC(1)   Merge Heap Roots: 0.15ms
[2026-04-03T01:54:17.488+0600][0.399s][info][gc,phases   ] GC(1)   Evacuate Collection Set: 1.68ms
[2026-04-03T01:54:17.488+0600][0.399s][info][gc,phases   ] GC(1)   Post Evacuate Collection Set: 0.46ms
[2026-04-03T01:54:17.488+0600][0.399s][info][gc,phases   ] GC(1)   Other: 0.07ms
[2026-04-03T01:54:17.488+0600][0.399s][info][gc,heap     ] GC(1) Eden regions: 5->0(6)
[2026-04-03T01:54:17.488+0600][0.399s][info][gc,heap     ] GC(1) Survivor regions: 1->1(1)
[2026-04-03T01:54:17.488+0600][0.399s][info][gc,heap     ] GC(1) Old regions: 2->3
[2026-04-03T01:54:17.488+0600][0.399s][info][gc,heap     ] GC(1) Humongous regions: 0->0
[2026-04-03T01:54:17.488+0600][0.399s][info][gc,metaspace] GC(1) Metaspace: 2580K(2752K)->2580K(2752K) NonClass: 2349K(2432K)->2349K(2432K) Class: 231K(320K)->231K(320K)
[2026-04-03T01:54:17.488+0600][0.399s][info][gc          ] GC(1) Pause Young (Normal) (G1 Evacuation Pause) 13M->3M(248M) 2.835ms
[2026-04-03T01:54:17.488+0600][0.399s][info][gc,cpu      ] GC(1) User=0.01s Sys=0.00s Real=0.00s
[2026-04-03T01:54:17.530+0600][0.442s][info][gc,start    ] GC(2) Pause Young (Normal) (G1 Evacuation Pause)
[2026-04-03T01:54:17.530+0600][0.442s][info][gc,task     ] GC(2) Using 5 workers of 10 for evacuation
[2026-04-03T01:54:17.532+0600][0.443s][info][gc,phases   ] GC(2)   Pre Evacuate Collection Set: 0.16ms
[2026-04-03T01:54:17.532+0600][0.443s][info][gc,phases   ] GC(2)   Merge Heap Roots: 0.05ms
[2026-04-03T01:54:17.532+0600][0.443s][info][gc,phases   ] GC(2)   Evacuate Collection Set: 0.42ms
[2026-04-03T01:54:17.532+0600][0.443s][info][gc,phases   ] GC(2)   Post Evacuate Collection Set: 0.61ms
[2026-04-03T01:54:17.532+0600][0.443s][info][gc,phases   ] GC(2)   Other: 0.06ms
[2026-04-03T01:54:17.532+0600][0.443s][info][gc,heap     ] GC(2) Eden regions: 6->0(14)
[2026-04-03T01:54:17.532+0600][0.443s][info][gc,heap     ] GC(2) Survivor regions: 1->1(1)
[2026-04-03T01:54:17.532+0600][0.443s][info][gc,heap     ] GC(2) Old regions: 3->3
[2026-04-03T01:54:17.532+0600][0.443s][info][gc,heap     ] GC(2) Humongous regions: 0->0
[2026-04-03T01:54:17.532+0600][0.443s][info][gc,metaspace] GC(2) Metaspace: 3119K(3264K)->3119K(3264K) NonClass: 2793K(2880K)->2793K(2880K) Class: 325K(384K)->325K(384K)
[2026-04-03T01:54:17.532+0600][0.443s][info][gc          ] GC(2) Pause Young (Normal) (G1 Evacuation Pause) 15M->3M(248M) 1.549ms
[2026-04-03T01:54:17.532+0600][0.443s][info][gc,cpu      ] GC(2) User=0.00s Sys=0.01s Real=0.00s
[2026-04-03T01:54:17.609+0600][0.521s][info][gc,start    ] GC(3) Pause Young (Normal) (G1 Evacuation Pause)
[2026-04-03T01:54:17.609+0600][0.521s][info][gc,task     ] GC(3) Using 5 workers of 10 for evacuation
[2026-04-03T01:54:17.610+0600][0.522s][info][gc,phases   ] GC(3)   Pre Evacuate Collection Set: 0.19ms
[2026-04-03T01:54:17.610+0600][0.522s][info][gc,phases   ] GC(3)   Merge Heap Roots: 0.06ms
[2026-04-03T01:54:17.610+0600][0.522s][info][gc,phases   ] GC(3)   Evacuate Collection Set: 0.45ms
[2026-04-03T01:54:17.610+0600][0.522s][info][gc,phases   ] GC(3)   Post Evacuate Collection Set: 0.27ms
[2026-04-03T01:54:17.610+0600][0.522s][info][gc,phases   ] GC(3)   Other: 0.07ms
[2026-04-03T01:54:17.610+0600][0.522s][info][gc,heap     ] GC(3) Eden regions: 14->0(72)
[2026-04-03T01:54:17.610+0600][0.522s][info][gc,heap     ] GC(3) Survivor regions: 1->1(2)
[2026-04-03T01:54:17.610+0600][0.522s][info][gc,heap     ] GC(3) Old regions: 3->3
[2026-04-03T01:54:17.610+0600][0.522s][info][gc,heap     ] GC(3) Humongous regions: 0->0
[2026-04-03T01:54:17.610+0600][0.522s][info][gc,metaspace] GC(3) Metaspace: 3662K(3776K)->3662K(3776K) NonClass: 3266K(3328K)->3266K(3328K) Class: 396K(448K)->396K(448K)
[2026-04-03T01:54:17.610+0600][0.522s][info][gc          ] GC(3) Pause Young (Normal) (G1 Evacuation Pause) 31M->3M(248M) 1.234ms
[2026-04-03T01:54:17.610+0600][0.522s][info][gc,cpu      ] GC(3) User=0.01s Sys=0.00s Real=0.01s
[2026-04-03T01:54:18.188+0600][1.099s][info][gc,start    ] GC(4) Pause Young (Normal) (G1 Evacuation Pause)
[2026-04-03T01:54:18.188+0600][1.100s][info][gc,task     ] GC(4) Using 5 workers of 10 for evacuation
[2026-04-03T01:54:18.190+0600][1.101s][info][gc,phases   ] GC(4)   Pre Evacuate Collection Set: 0.13ms
[2026-04-03T01:54:18.190+0600][1.101s][info][gc,phases   ] GC(4)   Merge Heap Roots: 0.05ms
[2026-04-03T01:54:18.190+0600][1.101s][info][gc,phases   ] GC(4)   Evacuate Collection Set: 1.11ms
[2026-04-03T01:54:18.190+0600][1.101s][info][gc,phases   ] GC(4)   Post Evacuate Collection Set: 0.36ms
[2026-04-03T01:54:18.190+0600][1.101s][info][gc,phases   ] GC(4)   Other: 0.07ms
[2026-04-03T01:54:18.190+0600][1.101s][info][gc,heap     ] GC(4) Eden regions: 72->0(72)
[2026-04-03T01:54:18.190+0600][1.101s][info][gc,heap     ] GC(4) Survivor regions: 1->1(10)
[2026-04-03T01:54:18.190+0600][1.101s][info][gc,heap     ] GC(4) Old regions: 3->3
[2026-04-03T01:54:18.190+0600][1.101s][info][gc,heap     ] GC(4) Humongous regions: 0->0
[2026-04-03T01:54:18.190+0600][1.101s][info][gc,metaspace] GC(4) Metaspace: 9876K(10112K)->9876K(10112K) NonClass: 8623K(8768K)->8623K(8768K) Class: 1252K(1344K)->1252K(1344K)
[2026-04-03T01:54:18.190+0600][1.101s][info][gc          ] GC(4) Pause Young (Normal) (G1 Evacuation Pause) 147M->4M(248M) 1.935ms
[2026-04-03T01:54:18.190+0600][1.101s][info][gc,cpu      ] GC(4) User=0.01s Sys=0.01s Real=0.01s
[2026-04-03T01:54:18.390+0600][1.302s][info][gc,start    ] GC(5) Pause Full (System.gc())
[2026-04-03T01:54:18.391+0600][1.302s][info][gc,task     ] GC(5) Using 5 workers of 10 for full compaction
[2026-04-03T01:54:18.391+0600][1.302s][info][gc,phases,start] GC(5) Phase 1: Mark live objects
[2026-04-03T01:54:18.403+0600][1.314s][info][gc,phases      ] GC(5) Phase 1: Mark live objects 12.124ms
[2026-04-03T01:54:18.403+0600][1.314s][info][gc,phases,start] GC(5) Phase 2: Prepare compaction
[2026-04-03T01:54:18.409+0600][1.321s][info][gc,phases      ] GC(5) Phase 2: Prepare compaction 6.388ms
[2026-04-03T01:54:18.409+0600][1.321s][info][gc,phases,start] GC(5) Phase 3: Adjust pointers
[2026-04-03T01:54:18.416+0600][1.327s][info][gc,phases      ] GC(5) Phase 3: Adjust pointers 6.328ms
[2026-04-03T01:54:18.416+0600][1.327s][info][gc,phases,start] GC(5) Phase 4: Compact heap
[2026-04-03T01:54:18.425+0600][1.336s][info][gc,phases      ] GC(5) Phase 4: Compact heap 8.875ms
[2026-04-03T01:54:18.425+0600][1.336s][info][gc,phases,start] GC(5) Phase 5: Reset Metadata
[2026-04-03T01:54:18.425+0600][1.336s][info][gc,phases      ] GC(5) Phase 5: Reset Metadata 0.238ms
[2026-04-03T01:54:18.427+0600][1.339s][info][gc,heap        ] GC(5) Eden regions: 45->0(32)
[2026-04-03T01:54:18.427+0600][1.339s][info][gc,heap        ] GC(5) Survivor regions: 1->0(10)
[2026-04-03T01:54:18.427+0600][1.339s][info][gc,heap        ] GC(5) Old regions: 3->16
[2026-04-03T01:54:18.427+0600][1.339s][info][gc,heap        ] GC(5) Humongous regions: 0->0
[2026-04-03T01:54:18.427+0600][1.339s][info][gc,metaspace   ] GC(5) Metaspace: 11997K(12224K)->11997K(12224K) NonClass: 10384K(10496K)->10384K(10496K) Class: 1612K(1728K)->1612K(1728K)
[2026-04-03T01:54:18.427+0600][1.339s][info][gc             ] GC(5) Pause Full (System.gc()) 94M->25M(108M) 36.995ms
[2026-04-03T01:54:18.427+0600][1.339s][info][gc,cpu         ] GC(5) User=0.14s Sys=0.02s Real=0.03s
[2026-04-03T01:54:18.861+0600][1.772s][info][gc,start       ] GC(6) Pause Full (System.gc())
[2026-04-03T01:54:18.861+0600][1.772s][info][gc,task        ] GC(6) Using 3 workers of 10 for full compaction
[2026-04-03T01:54:18.861+0600][1.772s][info][gc,phases,start] GC(6) Phase 1: Mark live objects
[2026-04-03T01:54:18.874+0600][1.786s][info][gc,phases      ] GC(6) Phase 1: Mark live objects 13.164ms
[2026-04-03T01:54:18.874+0600][1.786s][info][gc,phases,start] GC(6) Phase 2: Prepare compaction
[2026-04-03T01:54:18.875+0600][1.786s][info][gc,phases      ] GC(6) Phase 2: Prepare compaction 0.819ms
[2026-04-03T01:54:18.875+0600][1.786s][info][gc,phases,start] GC(6) Phase 3: Adjust pointers
[2026-04-03T01:54:18.880+0600][1.791s][info][gc,phases      ] GC(6) Phase 3: Adjust pointers 4.805ms
[2026-04-03T01:54:18.880+0600][1.791s][info][gc,phases,start] GC(6) Phase 4: Compact heap
[2026-04-03T01:54:18.882+0600][1.793s][info][gc,phases      ] GC(6) Phase 4: Compact heap 1.858ms
[2026-04-03T01:54:18.882+0600][1.793s][info][gc,phases,start] GC(6) Phase 5: Reset Metadata
[2026-04-03T01:54:18.886+0600][1.797s][info][gc,phases      ] GC(6) Phase 5: Reset Metadata 3.673ms
[2026-04-03T01:54:18.887+0600][1.798s][info][gc,heap        ] GC(6) Eden regions: 20->0(28)
[2026-04-03T01:54:18.887+0600][1.798s][info][gc,heap        ] GC(6) Survivor regions: 0->0(10)
[2026-04-03T01:54:18.887+0600][1.798s][info][gc,heap        ] GC(6) Old regions: 16->14
[2026-04-03T01:54:18.887+0600][1.798s][info][gc,heap        ] GC(6) Humongous regions: 0->0
[2026-04-03T01:54:18.887+0600][1.798s][info][gc,metaspace   ] GC(6) Metaspace: 12391K(12672K)->12391K(12672K) NonClass: 10715K(10880K)->10715K(10880K) Class: 1676K(1792K)->1676K(1792K)
[2026-04-03T01:54:18.887+0600][1.798s][info][gc             ] GC(6) Pause Full (System.gc()) 65M->25M(94M) 25.845ms
[2026-04-03T01:54:18.887+0600][1.798s][info][gc,cpu         ] GC(6) User=0.06s Sys=0.00s Real=0.02s
[2026-04-03T01:54:19.146+0600][2.057s][info][gc,start       ] GC(7) Pause Full (System.gc())
[2026-04-03T01:54:19.146+0600][2.057s][info][gc,task        ] GC(7) Using 2 workers of 10 for full compaction
[2026-04-03T01:54:19.146+0600][2.058s][info][gc,phases,start] GC(7) Phase 1: Mark live objects
[2026-04-03T01:54:19.165+0600][2.076s][info][gc,phases      ] GC(7) Phase 1: Mark live objects 18.449ms
[2026-04-03T01:54:19.165+0600][2.076s][info][gc,phases,start] GC(7) Phase 2: Prepare compaction
[2026-04-03T01:54:19.165+0600][2.077s][info][gc,phases      ] GC(7) Phase 2: Prepare compaction 0.601ms
[2026-04-03T01:54:19.165+0600][2.077s][info][gc,phases,start] GC(7) Phase 3: Adjust pointers
[2026-04-03T01:54:19.172+0600][2.084s][info][gc,phases      ] GC(7) Phase 3: Adjust pointers 7.083ms
[2026-04-03T01:54:19.172+0600][2.084s][info][gc,phases,start] GC(7) Phase 4: Compact heap
[2026-04-03T01:54:19.173+0600][2.084s][info][gc,phases      ] GC(7) Phase 4: Compact heap 0.564ms
[2026-04-03T01:54:19.173+0600][2.084s][info][gc,phases,start] GC(7) Phase 5: Reset Metadata
[2026-04-03T01:54:19.178+0600][2.089s][info][gc,phases      ] GC(7) Phase 5: Reset Metadata 4.670ms
[2026-04-03T01:54:19.179+0600][2.090s][info][gc,heap        ] GC(7) Eden regions: 16->0(28)
[2026-04-03T01:54:19.179+0600][2.090s][info][gc,heap        ] GC(7) Survivor regions: 0->0(10)
[2026-04-03T01:54:19.179+0600][2.090s][info][gc,heap        ] GC(7) Old regions: 14->14
[2026-04-03T01:54:19.179+0600][2.090s][info][gc,heap        ] GC(7) Humongous regions: 0->0
[2026-04-03T01:54:19.179+0600][2.090s][info][gc,metaspace   ] GC(7) Metaspace: 12395K(12672K)->12395K(12672K) NonClass: 10719K(10880K)->10719K(10880K) Class: 1676K(1792K)->1676K(1792K)
[2026-04-03T01:54:19.179+0600][2.090s][info][gc             ] GC(7) Pause Full (System.gc()) 56M->25M(94M) 32.980ms
[2026-04-03T01:54:19.179+0600][2.090s][info][gc,cpu         ] GC(7) User=0.06s Sys=0.00s Real=0.03s
[2026-04-03T01:54:19.481+0600][2.393s][info][gc,heap,exit   ] Heap
[2026-04-03T01:54:19.481+0600][2.393s][info][gc,heap,exit   ]  garbage-first heap   total 96256K, used 71651K [0x000000070ae00000, 0x0000000800000000)
[2026-04-03T01:54:19.481+0600][2.393s][info][gc,heap,exit   ]   region size 2048K, 23 young (47104K), 0 survivors (0K)
[2026-04-03T01:54:19.481+0600][2.393s][info][gc,heap,exit   ]  Metaspace       used 12785K, committed 12992K, reserved 1114112K
[2026-04-03T01:54:19.481+0600][2.393s][info][gc,heap,exit   ]   class space    used 1796K, committed 1856K, reserved 1048576K
