[2026-04-03T01:54:05.906+0600][0.004s][info][gc,init] CardTable entry size: 512
[2026-04-03T01:54:05.906+0600][0.004s][info][gc     ] Using G1
[2026-04-03T01:54:05.909+0600][0.007s][info][gc,init] Version: 21.0.10+7-Ubuntu-124.04 (release)
[2026-04-03T01:54:05.909+0600][0.007s][info][gc,init] CPUs: 12 total, 12 available
[2026-04-03T01:54:05.909+0600][0.007s][info][gc,init] Memory: 15683M
[2026-04-03T01:54:05.909+0600][0.007s][info][gc,init] Large Page Support: Disabled
[2026-04-03T01:54:05.909+0600][0.007s][info][gc,init] NUMA Support: Disabled
[2026-04-03T01:54:05.909+0600][0.007s][info][gc,init] Compressed Oops: Enabled (Zero based)
[2026-04-03T01:54:05.909+0600][0.007s][info][gc,init] Heap Region Size: 2M
[2026-04-03T01:54:05.909+0600][0.007s][info][gc,init] Heap Min Capacity: 8M
[2026-04-03T01:54:05.909+0600][0.007s][info][gc,init] Heap Initial Capacity: 246M
[2026-04-03T01:54:05.909+0600][0.007s][info][gc,init] Heap Max Capacity: 3922M
[2026-04-03T01:54:05.909+0600][0.007s][info][gc,init] Pre-touch: Disabled
[2026-04-03T01:54:05.909+0600][0.007s][info][gc,init] Parallel Workers: 10
[2026-04-03T01:54:05.909+0600][0.007s][info][gc,init] Concurrent Workers: 2
[2026-04-03T01:54:05.909+0600][0.007s][info][gc,init] Concurrent Refinement Workers: 10
[2026-04-03T01:54:05.909+0600][0.007s][info][gc,init] Periodic GC: Disabled
[2026-04-03T01:54:05.921+0600][0.019s][info][gc,metaspace] CDS archive(s) mapped at: [0x00007300ab000000-0x00007300abc9c000-0x00007300abc9c000), size 13221888, SharedBaseAddress: 0x00007300ab000000, ArchiveRelocationMode: 1.
[2026-04-03T01:54:05.921+0600][0.019s][info][gc,metaspace] Compressed class space mapped at: 0x00007300ac000000-0x00007300ec000000, reserved size: 1073741824
[2026-04-03T01:54:05.921+0600][0.019s][info][gc,metaspace] Narrow klass base: 0x00007300ab000000, Narrow klass shift: 0, Narrow klass range: 0x100000000
[2026-04-03T01:54:06.313+0600][0.411s][info][gc,start    ] GC(0) Pause Young (Normal) (G1 Evacuation Pause)
[2026-04-03T01:54:06.313+0600][0.411s][info][gc,task     ] GC(0) Using 5 workers of 10 for evacuation
[2026-04-03T01:54:06.316+0600][0.414s][info][gc,phases   ] GC(0)   Pre Evacuate Collection Set: 0.13ms
[2026-04-03T01:54:06.316+0600][0.414s][info][gc,phases   ] GC(0)   Merge Heap Roots: 0.14ms
[2026-04-03T01:54:06.316+0600][0.414s][info][gc,phases   ] GC(0)   Evacuate Collection Set: 1.99ms
[2026-04-03T01:54:06.316+0600][0.414s][info][gc,phases   ] GC(0)   Post Evacuate Collection Set: 0.36ms
[2026-04-03T01:54:06.316+0600][0.414s][info][gc,phases   ] GC(0)   Other: 0.83ms
[2026-04-03T01:54:06.316+0600][0.414s][info][gc,heap     ] GC(0) Eden regions: 11->0(22)
[2026-04-03T01:54:06.316+0600][0.414s][info][gc,heap     ] GC(0) Survivor regions: 0->2(2)
[2026-04-03T01:54:06.316+0600][0.414s][info][gc,heap     ] GC(0) Old regions: 1->1
[2026-04-03T01:54:06.316+0600][0.414s][info][gc,heap     ] GC(0) Humongous regions: 0->0
[2026-04-03T01:54:06.316+0600][0.414s][info][gc,metaspace] GC(0) Metaspace: 2524K(2688K)->2524K(2688K) NonClass: 2295K(2368K)->2295K(2368K) Class: 228K(320K)->228K(320K)
[2026-04-03T01:54:06.316+0600][0.414s][info][gc          ] GC(0) Pause Young (Normal) (G1 Evacuation Pause) 23M->3M(248M) 3.725ms
[2026-04-03T01:54:06.316+0600][0.414s][info][gc,cpu      ] GC(0) User=0.01s Sys=0.01s Real=0.00s
[2026-04-03T01:54:06.461+0600][0.559s][info][gc,start    ] GC(1) Pause Young (Normal) (G1 Evacuation Pause)
[2026-04-03T01:54:06.461+0600][0.560s][info][gc,task     ] GC(1) Using 5 workers of 10 for evacuation
[2026-04-03T01:54:06.464+0600][0.562s][info][gc,phases   ] GC(1)   Pre Evacuate Collection Set: 0.23ms
[2026-04-03T01:54:06.464+0600][0.562s][info][gc,phases   ] GC(1)   Merge Heap Roots: 0.16ms
[2026-04-03T01:54:06.464+0600][0.562s][info][gc,phases   ] GC(1)   Evacuate Collection Set: 1.74ms
[2026-04-03T01:54:06.464+0600][0.562s][info][gc,phases   ] GC(1)   Post Evacuate Collection Set: 0.51ms
[2026-04-03T01:54:06.464+0600][0.562s][info][gc,phases   ] GC(1)   Other: 0.07ms
[2026-04-03T01:54:06.464+0600][0.562s][info][gc,heap     ] GC(1) Eden regions: 22->0(71)
[2026-04-03T01:54:06.464+0600][0.562s][info][gc,heap     ] GC(1) Survivor regions: 2->2(3)
[2026-04-03T01:54:06.464+0600][0.562s][info][gc,heap     ] GC(1) Old regions: 1->1
[2026-04-03T01:54:06.464+0600][0.562s][info][gc,heap     ] GC(1) Humongous regions: 0->0
[2026-04-03T01:54:06.464+0600][0.562s][info][gc,metaspace] GC(1) Metaspace: 3809K(3968K)->3809K(3968K) NonClass: 3376K(3456K)->3376K(3456K) Class: 432K(512K)->432K(512K)
[2026-04-03T01:54:06.464+0600][0.562s][info][gc          ] GC(1) Pause Young (Normal) (G1 Evacuation Pause) 47M->3M(248M) 2.940ms
[2026-04-03T01:54:06.464+0600][0.562s][info][gc,cpu      ] GC(1) User=0.01s Sys=0.00s Real=0.00s
[2026-04-03T01:54:07.034+0600][1.132s][info][gc,start    ] GC(2) Pause Young (Normal) (G1 Evacuation Pause)
[2026-04-03T01:54:07.034+0600][1.132s][info][gc,task     ] GC(2) Using 5 workers of 10 for evacuation
[2026-04-03T01:54:07.037+0600][1.135s][info][gc,phases   ] GC(2)   Pre Evacuate Collection Set: 0.41ms
[2026-04-03T01:54:07.037+0600][1.135s][info][gc,phases   ] GC(2)   Merge Heap Roots: 0.17ms
[2026-04-03T01:54:07.037+0600][1.136s][info][gc,phases   ] GC(2)   Evacuate Collection Set: 2.28ms
[2026-04-03T01:54:07.037+0600][1.136s][info][gc,phases   ] GC(2)   Post Evacuate Collection Set: 0.86ms
[2026-04-03T01:54:07.037+0600][1.136s][info][gc,phases   ] GC(2)   Other: 0.08ms
[2026-04-03T01:54:07.037+0600][1.136s][info][gc,heap     ] GC(2) Eden regions: 71->0(71)
[2026-04-03T01:54:07.038+0600][1.136s][info][gc,heap     ] GC(2) Survivor regions: 2->2(10)
[2026-04-03T01:54:07.038+0600][1.136s][info][gc,heap     ] GC(2) Old regions: 1->1
[2026-04-03T01:54:07.038+0600][1.136s][info][gc,heap     ] GC(2) Humongous regions: 0->0
[2026-04-03T01:54:07.038+0600][1.136s][info][gc,metaspace] GC(2) Metaspace: 9915K(10176K)->9915K(10176K) NonClass: 8661K(8832K)->8661K(8832K) Class: 1253K(1344K)->1253K(1344K)
[2026-04-03T01:54:07.038+0600][1.136s][info][gc          ] GC(2) Pause Young (Normal) (G1 Evacuation Pause) 145M->4M(248M) 4.018ms
[2026-04-03T01:54:07.038+0600][1.136s][info][gc,cpu      ] GC(2) User=0.01s Sys=0.00s Real=0.00s
[2026-04-03T01:54:07.234+0600][1.332s][info][gc,start    ] GC(3) Pause Full (System.gc())
[2026-04-03T01:54:07.234+0600][1.332s][info][gc,task     ] GC(3) Using 5 workers of 10 for full compaction
[2026-04-03T01:54:07.234+0600][1.332s][info][gc,phases,start] GC(3) Phase 1: Mark live objects
[2026-04-03T01:54:07.246+0600][1.344s][info][gc,phases      ] GC(3) Phase 1: Mark live objects 12.320ms
[2026-04-03T01:54:07.246+0600][1.344s][info][gc,phases,start] GC(3) Phase 2: Prepare compaction
[2026-04-03T01:54:07.252+0600][1.350s][info][gc,phases      ] GC(3) Phase 2: Prepare compaction 5.153ms
[2026-04-03T01:54:07.252+0600][1.350s][info][gc,phases,start] GC(3) Phase 3: Adjust pointers
[2026-04-03T01:54:07.258+0600][1.356s][info][gc,phases      ] GC(3) Phase 3: Adjust pointers 6.691ms
[2026-04-03T01:54:07.258+0600][1.356s][info][gc,phases,start] GC(3) Phase 4: Compact heap
[2026-04-03T01:54:07.270+0600][1.368s][info][gc,phases      ] GC(3) Phase 4: Compact heap 11.446ms
[2026-04-03T01:54:07.270+0600][1.368s][info][gc,phases,start] GC(3) Phase 5: Reset Metadata
[2026-04-03T01:54:07.270+0600][1.368s][info][gc,phases      ] GC(3) Phase 5: Reset Metadata 0.257ms
[2026-04-03T01:54:07.273+0600][1.371s][info][gc,heap        ] GC(3) Eden regions: 45->0(32)
[2026-04-03T01:54:07.273+0600][1.371s][info][gc,heap        ] GC(3) Survivor regions: 2->0(10)
[2026-04-03T01:54:07.273+0600][1.371s][info][gc,heap        ] GC(3) Old regions: 1->16
[2026-04-03T01:54:07.273+0600][1.371s][info][gc,heap        ] GC(3) Humongous regions: 0->0
[2026-04-03T01:54:07.273+0600][1.371s][info][gc,metaspace   ] GC(3) Metaspace: 11995K(12224K)->11995K(12224K) NonClass: 10382K(10496K)->10382K(10496K) Class: 1612K(1728K)->1612K(1728K)
[2026-04-03T01:54:07.273+0600][1.371s][info][gc             ] GC(3) Pause Full (System.gc()) 94M->25M(108M) 39.309ms
[2026-04-03T01:54:07.273+0600][1.371s][info][gc,cpu         ] GC(3) User=0.14s Sys=0.04s Real=0.04s
[2026-04-03T01:54:07.715+0600][1.813s][info][gc,start       ] GC(4) Pause Full (System.gc())
[2026-04-03T01:54:07.715+0600][1.813s][info][gc,task        ] GC(4) Using 3 workers of 10 for full compaction
[2026-04-03T01:54:07.715+0600][1.813s][info][gc,phases,start] GC(4) Phase 1: Mark live objects
[2026-04-03T01:54:07.731+0600][1.829s][info][gc,phases      ] GC(4) Phase 1: Mark live objects 16.431ms
[2026-04-03T01:54:07.731+0600][1.829s][info][gc,phases,start] GC(4) Phase 2: Prepare compaction
[2026-04-03T01:54:07.732+0600][1.830s][info][gc,phases      ] GC(4) Phase 2: Prepare compaction 1.072ms
[2026-04-03T01:54:07.733+0600][1.831s][info][gc,phases,start] GC(4) Phase 3: Adjust pointers
[2026-04-03T01:54:07.738+0600][1.836s][info][gc,phases      ] GC(4) Phase 3: Adjust pointers 5.829ms
[2026-04-03T01:54:07.738+0600][1.836s][info][gc,phases,start] GC(4) Phase 4: Compact heap
[2026-04-03T01:54:07.739+0600][1.837s][info][gc,phases      ] GC(4) Phase 4: Compact heap 0.985ms
[2026-04-03T01:54:07.739+0600][1.838s][info][gc,phases,start] GC(4) Phase 5: Reset Metadata
[2026-04-03T01:54:07.743+0600][1.841s][info][gc,phases      ] GC(4) Phase 5: Reset Metadata 3.525ms
[2026-04-03T01:54:07.745+0600][1.843s][info][gc,heap        ] GC(4) Eden regions: 20->0(28)
[2026-04-03T01:54:07.745+0600][1.843s][info][gc,heap        ] GC(4) Survivor regions: 0->0(10)
[2026-04-03T01:54:07.745+0600][1.843s][info][gc,heap        ] GC(4) Old regions: 16->14
[2026-04-03T01:54:07.745+0600][1.843s][info][gc,heap        ] GC(4) Humongous regions: 0->0
[2026-04-03T01:54:07.745+0600][1.843s][info][gc,metaspace   ] GC(4) Metaspace: 12388K(12672K)->12388K(12672K) NonClass: 10712K(10880K)->10712K(10880K) Class: 1676K(1792K)->1676K(1792K)
[2026-04-03T01:54:07.745+0600][1.843s][info][gc             ] GC(4) Pause Full (System.gc()) 65M->25M(94M) 30.139ms
[2026-04-03T01:54:07.745+0600][1.843s][info][gc,cpu         ] GC(4) User=0.10s Sys=0.00s Real=0.03s
[2026-04-03T01:54:07.990+0600][2.088s][info][gc,start       ] GC(5) Pause Full (System.gc())
[2026-04-03T01:54:07.990+0600][2.088s][info][gc,task        ] GC(5) Using 2 workers of 10 for full compaction
[2026-04-03T01:54:07.990+0600][2.088s][info][gc,phases,start] GC(5) Phase 1: Mark live objects
[2026-04-03T01:54:08.010+0600][2.108s][info][gc,phases      ] GC(5) Phase 1: Mark live objects 19.590ms
[2026-04-03T01:54:08.010+0600][2.108s][info][gc,phases,start] GC(5) Phase 2: Prepare compaction
[2026-04-03T01:54:08.011+0600][2.109s][info][gc,phases      ] GC(5) Phase 2: Prepare compaction 1.193ms
[2026-04-03T01:54:08.011+0600][2.109s][info][gc,phases,start] GC(5) Phase 3: Adjust pointers
[2026-04-03T01:54:08.018+0600][2.116s][info][gc,phases      ] GC(5) Phase 3: Adjust pointers 7.120ms
[2026-04-03T01:54:08.018+0600][2.116s][info][gc,phases,start] GC(5) Phase 4: Compact heap
[2026-04-03T01:54:08.020+0600][2.118s][info][gc,phases      ] GC(5) Phase 4: Compact heap 1.331ms
[2026-04-03T01:54:08.020+0600][2.118s][info][gc,phases,start] GC(5) Phase 5: Reset Metadata
[2026-04-03T01:54:08.024+0600][2.122s][info][gc,phases      ] GC(5) Phase 5: Reset Metadata 3.886ms
[2026-04-03T01:54:08.025+0600][2.123s][info][gc,heap        ] GC(5) Eden regions: 15->0(28)
[2026-04-03T01:54:08.025+0600][2.123s][info][gc,heap        ] GC(5) Survivor regions: 0->0(10)
[2026-04-03T01:54:08.025+0600][2.123s][info][gc,heap        ] GC(5) Old regions: 14->14
[2026-04-03T01:54:08.025+0600][2.123s][info][gc,heap        ] GC(5) Humongous regions: 0->0
[2026-04-03T01:54:08.025+0600][2.123s][info][gc,metaspace   ] GC(5) Metaspace: 12392K(12672K)->12392K(12672K) NonClass: 10716K(10880K)->10716K(10880K) Class: 1676K(1792K)->1676K(1792K)
[2026-04-03T01:54:08.025+0600][2.123s][info][gc             ] GC(5) Pause Full (System.gc()) 55M->25M(94M) 34.958ms
[2026-04-03T01:54:08.025+0600][2.123s][info][gc,cpu         ] GC(5) User=0.07s Sys=0.00s Real=0.03s
[2026-04-03T01:54:08.326+0600][2.424s][info][gc,heap,exit   ] Heap
[2026-04-03T01:54:08.326+0600][2.424s][info][gc,heap,exit   ]  garbage-first heap   total 96256K, used 71651K [0x000000070ae00000, 0x0000000800000000)
[2026-04-03T01:54:08.326+0600][2.424s][info][gc,heap,exit   ]   region size 2048K, 23 young (47104K), 0 survivors (0K)
[2026-04-03T01:54:08.326+0600][2.424s][info][gc,heap,exit   ]  Metaspace       used 12782K, committed 12928K, reserved 1114112K
[2026-04-03T01:54:08.326+0600][2.424s][info][gc,heap,exit   ]   class space    used 1796K, committed 1856K, reserved 1048576K
