[2026-04-03T01:54:08.361+0600][0.005s][info][gc,init] Initializing The Z Garbage Collector
[2026-04-03T01:54:08.361+0600][0.005s][info][gc,init] Version: 21.0.10+7-Ubuntu-124.04 (release)
[2026-04-03T01:54:08.361+0600][0.005s][info][gc,init] NUMA Support: Disabled
[2026-04-03T01:54:08.361+0600][0.005s][info][gc,init] CPUs: 12 total, 12 available
[2026-04-03T01:54:08.361+0600][0.005s][info][gc,init] Memory: 15683M
[2026-04-03T01:54:08.361+0600][0.005s][info][gc,init] Large Page Support: Disabled
[2026-04-03T01:54:08.361+0600][0.005s][info][gc,init] Address Space Type: Contiguous/Unrestricted/Complete
[2026-04-03T01:54:08.361+0600][0.005s][info][gc,init] Address Space Size: 62752M
[2026-04-03T01:54:08.361+0600][0.005s][info][gc,init] Heap Backing File: /memfd:java_heap
[2026-04-03T01:54:08.361+0600][0.005s][info][gc,init] Heap Backing Filesystem: tmpfs (0x1021994)
[2026-04-03T01:54:08.361+0600][0.006s][info][gc,init] Min Capacity: 8M
[2026-04-03T01:54:08.361+0600][0.006s][info][gc,init] Initial Capacity: 246M
[2026-04-03T01:54:08.361+0600][0.006s][info][gc,init] Max Capacity: 3922M
[2026-04-03T01:54:08.361+0600][0.006s][info][gc,init] Soft Max Capacity: 3529M
[2026-04-03T01:54:08.361+0600][0.006s][info][gc,init] Medium Page Size: 32M
[2026-04-03T01:54:08.361+0600][0.006s][info][gc,init] Pre-touch: Disabled
[2026-04-03T01:54:08.361+0600][0.006s][info][gc,init] Available space on backing filesystem: N/A
[2026-04-03T01:54:08.362+0600][0.007s][info][gc,init] Uncommit: Enabled
[2026-04-03T01:54:08.362+0600][0.007s][info][gc,init] Uncommit Delay: 300s
[2026-04-03T01:54:08.362+0600][0.007s][info][gc,init] GC Workers for Old Generation: 3 (dynamic)
[2026-04-03T01:54:08.363+0600][0.008s][info][gc,init] GC Workers for Young Generation: 3 (dynamic)
[2026-04-03T01:54:08.458+0600][0.103s][info][gc,init] GC Workers Max: 3 (dynamic)
[2026-04-03T01:54:08.460+0600][0.104s][info][gc,init] Runtime Workers: 8
[2026-04-03T01:54:08.461+0600][0.105s][info][gc     ] Using The Z Garbage Collector
[2026-04-03T01:54:08.474+0600][0.119s][info][gc,metaspace] CDS archive(s) mapped at: [0x00007176ff000000-0x00007176ffc9c000-0x00007176ffc9c000), size 13221888, SharedBaseAddress: 0x00007176ff000000, ArchiveRelocationMode: 1.
[2026-04-03T01:54:08.475+0600][0.119s][info][gc,metaspace] Compressed class space mapped at: 0x0000717700000000-0x0000717740000000, reserved size: 1073741824
[2026-04-03T01:54:08.475+0600][0.119s][info][gc,metaspace] Narrow klass base: 0x00007176ff000000, Narrow klass shift: 0, Narrow klass range: 0x100000000
[2026-04-03T01:54:09.777+0600][1.422s][info][gc          ] GC(0) Major Collection (Warmup)
[2026-04-03T01:54:09.777+0600][1.422s][info][gc,task     ] GC(0) Using 3 Workers for Young Generation
[2026-04-03T01:54:09.777+0600][1.422s][info][gc,task     ] GC(0) Using 2 Workers for Old Generation
[2026-04-03T01:54:09.777+0600][1.422s][info][gc,phases   ] GC(0) Y: Young Generation
[2026-04-03T01:54:09.777+0600][1.422s][info][gc,phases   ] GC(0) Y: Pause Mark Start (Major) 0.016ms
[2026-04-03T01:54:09.786+0600][1.431s][info][gc,phases   ] GC(0) Y: Concurrent Mark 8.474ms
[2026-04-03T01:54:09.786+0600][1.431s][info][gc,phases   ] GC(0) Y: Pause Mark End 0.029ms
[2026-04-03T01:54:09.786+0600][1.431s][info][gc,phases   ] GC(0) Y: Concurrent Mark Free 0.002ms
[2026-04-03T01:54:09.786+0600][1.431s][info][gc,phases   ] GC(0) Y: Concurrent Reset Relocation Set 0.001ms
[2026-04-03T01:54:09.792+0600][1.437s][info][gc,reloc    ] GC(0) Y: Using tenuring threshold: 1 (Computed)
[2026-04-03T01:54:09.794+0600][1.438s][info][gc,phases   ] GC(0) Y: Concurrent Select Relocation Set 7.141ms
[2026-04-03T01:54:09.794+0600][1.438s][info][gc,phases   ] GC(0) Y: Pause Relocate Start 0.012ms
[2026-04-03T01:54:09.800+0600][1.445s][info][gc,phases   ] GC(0) Y: Concurrent Relocate 6.539ms
[2026-04-03T01:54:09.800+0600][1.445s][info][gc,alloc    ] GC(0) Y:                         Mark Start        Mark End      Relocate Start    Relocate End   
[2026-04-03T01:54:09.800+0600][1.445s][info][gc,alloc    ] GC(0) Y: Allocation Stalls:          0                0                0                0         
[2026-04-03T01:54:09.800+0600][1.445s][info][gc,load     ] GC(0) Y: Load: 11.68 (97%) / 8.50 (71%) / 7.68 (64%)
[2026-04-03T01:54:09.800+0600][1.445s][info][gc,mmu      ] GC(0) Y: MMU: 2ms/98.5%, 5ms/99.4%, 10ms/99.6%, 20ms/99.7%, 50ms/99.9%, 100ms/99.9%
[2026-04-03T01:54:09.800+0600][1.445s][info][gc,marking  ] GC(0) Y: Mark: 2 stripe(s), 2 proactive flush(es), 1 terminate flush(es), 0 completion(s), 0 continuation(s) 
[2026-04-03T01:54:09.800+0600][1.445s][info][gc,marking  ] GC(0) Y: Mark Stack Usage: 32M
[2026-04-03T01:54:09.800+0600][1.445s][info][gc,nmethod  ] GC(0) Y: NMethods: 1209 registered, 0 unregistered
[2026-04-03T01:54:09.800+0600][1.445s][info][gc,metaspace] GC(0) Y: Metaspace: 11M used, 11M committed, 1088M reserved
[2026-04-03T01:54:09.800+0600][1.445s][info][gc,reloc    ] GC(0) Y:                        Candidates     Selected     In-Place         Size        Empty    Relocated 
[2026-04-03T01:54:09.800+0600][1.445s][info][gc,reloc    ] GC(0) Y: Small Pages:                  178          175            0         356M           0M           2M 
[2026-04-03T01:54:09.800+0600][1.445s][info][gc,reloc    ] GC(0) Y: Medium Pages:                   0            0            0           0M           0M           0M 
[2026-04-03T01:54:09.800+0600][1.445s][info][gc,reloc    ] GC(0) Y: Large Pages:                    0            0            0           0M           0M           0M 
[2026-04-03T01:54:09.801+0600][1.445s][info][gc,reloc    ] GC(0) Y: Forwarding Usage: 1M
[2026-04-03T01:54:09.801+0600][1.445s][info][gc,reloc    ] GC(0) Y: Age Table:
[2026-04-03T01:54:09.801+0600][1.445s][info][gc,reloc    ] GC(0) Y:                    Live             Garbage             Small              Medium             Large        
[2026-04-03T01:54:09.801+0600][1.445s][info][gc,reloc    ] GC(0) Y: Eden               4M (0%)          351M (9%)         178 / 175            0 / 0              0 / 0        
[2026-04-03T01:54:09.801+0600][1.445s][info][gc,heap     ] GC(0) Y: Min Capacity: 8M(0%)
[2026-04-03T01:54:09.801+0600][1.445s][info][gc,heap     ] GC(0) Y: Max Capacity: 3922M(100%)
[2026-04-03T01:54:09.801+0600][1.445s][info][gc,heap     ] GC(0) Y: Soft Max Capacity: 3529M(90%)
[2026-04-03T01:54:09.801+0600][1.445s][info][gc,heap     ] GC(0) Y: Heap Statistics:
[2026-04-03T01:54:09.801+0600][1.445s][info][gc,heap     ] GC(0) Y:                Mark Start          Mark End        Relocate Start      Relocate End           High               Low         
[2026-04-03T01:54:09.801+0600][1.445s][info][gc,heap     ] GC(0) Y:  Capacity:      356M (9%)          360M (9%)          362M (9%)          370M (9%)          370M (9%)          356M (9%)     
[2026-04-03T01:54:09.801+0600][1.445s][info][gc,heap     ] GC(0) Y:      Free:     3566M (91%)        3562M (91%)        3560M (91%)        3904M (100%)       3904M (100%)       3552M (91%)    
[2026-04-03T01:54:09.801+0600][1.445s][info][gc,heap     ] GC(0) Y:      Used:      356M (9%)          360M (9%)          362M (9%)           18M (0%)          370M (9%)           18M (0%)     
[2026-04-03T01:54:09.801+0600][1.445s][info][gc,heap     ] GC(0) Y: Young Generation Statistics:
[2026-04-03T01:54:09.801+0600][1.445s][info][gc,heap     ] GC(0) Y:                Mark Start          Mark End        Relocate Start      Relocate End    
[2026-04-03T01:54:09.801+0600][1.445s][info][gc,heap     ] GC(0) Y:      Used:      356M (9%)          360M (9%)          362M (9%)           18M (0%)     
[2026-04-03T01:54:09.801+0600][1.445s][info][gc,heap     ] GC(0) Y:      Live:         -                 4M (0%)            4M (0%)            4M (0%)     
[2026-04-03T01:54:09.801+0600][1.445s][info][gc,heap     ] GC(0) Y:   Garbage:         -               351M (9%)          351M (9%)            0M (0%)     
[2026-04-03T01:54:09.801+0600][1.445s][info][gc,heap     ] GC(0) Y: Allocated:         -                 4M (0%)            6M (0%)           12M (0%)     
[2026-04-03T01:54:09.801+0600][1.445s][info][gc,heap     ] GC(0) Y: Reclaimed:         -                  -                 0M (0%)          350M (9%)     
[2026-04-03T01:54:09.801+0600][1.445s][info][gc,heap     ] GC(0) Y:  Promoted:         -                  -                 0M (0%)            0M (0%)     
[2026-04-03T01:54:09.801+0600][1.445s][info][gc,heap     ] GC(0) Y: Compacted:         -                  -                  -                 3M (0%)     
[2026-04-03T01:54:09.801+0600][1.445s][info][gc,phases   ] GC(0) Y: Young Generation 356M(9%)->18M(0%) 0.023s
[2026-04-03T01:54:09.801+0600][1.445s][info][gc,phases   ] GC(0) O: Old Generation
[2026-04-03T01:54:09.801+0600][1.446s][info][gc,phases   ] GC(0) O: Concurrent Mark 0.834ms
[2026-04-03T01:54:09.802+0600][1.446s][info][gc,phases   ] GC(0) O: Pause Mark End 0.017ms
[2026-04-03T01:54:09.802+0600][1.446s][info][gc,phases   ] GC(0) O: Concurrent Mark Free 0.045ms
[2026-04-03T01:54:09.804+0600][1.449s][info][gc,phases   ] GC(0) O: Concurrent Process Non-Strong 2.583ms
[2026-04-03T01:54:09.804+0600][1.449s][info][gc,phases   ] GC(0) O: Concurrent Reset Relocation Set 0.001ms
[2026-04-03T01:54:09.806+0600][1.451s][info][gc,phases   ] GC(0) O: Concurrent Select Relocation Set 1.875ms
[2026-04-03T01:54:09.806+0600][1.451s][info][gc,task     ] GC(0) O: Using 3 Workers for Old Generation
[2026-04-03T01:54:09.820+0600][1.464s][info][gc,task     ] GC(0) O: Using 2 Workers for Old Generation
[2026-04-03T01:54:09.820+0600][1.464s][info][gc,phases   ] GC(0) O: Concurrent Remap Roots 13.344ms
[2026-04-03T01:54:09.820+0600][1.464s][info][gc,phases   ] GC(0) O: Pause Relocate Start 0.089ms
[2026-04-03T01:54:09.820+0600][1.465s][info][gc,phases   ] GC(0) O: Concurrent Relocate 0.343ms
[2026-04-03T01:54:09.820+0600][1.465s][info][gc,alloc    ] GC(0) O:                         Mark Start        Mark End      Relocate Start    Relocate End   
[2026-04-03T01:54:09.821+0600][1.465s][info][gc,alloc    ] GC(0) O: Allocation Stalls:          0                0                0                0         
[2026-04-03T01:54:09.821+0600][1.465s][info][gc,load     ] GC(0) O: Load: 11.68 (97%) / 8.50 (71%) / 7.68 (64%)
[2026-04-03T01:54:09.821+0600][1.465s][info][gc,mmu      ] GC(0) O: MMU: 2ms/95.5%, 5ms/98.2%, 10ms/99.1%, 20ms/99.5%, 50ms/99.7%, 100ms/99.8%
[2026-04-03T01:54:09.821+0600][1.465s][info][gc,marking  ] GC(0) O: Mark: 2 stripe(s), 1 proactive flush(es), 1 terminate flush(es), 0 completion(s), 0 continuation(s) 
[2026-04-03T01:54:09.821+0600][1.465s][info][gc,marking  ] GC(0) O: Mark Stack Usage: 0M
[2026-04-03T01:54:09.821+0600][1.465s][info][gc,nmethod  ] GC(0) O: NMethods: 1098 registered, 119 unregistered
[2026-04-03T01:54:09.821+0600][1.465s][info][gc,metaspace] GC(0) O: Metaspace: 11M used, 11M committed, 1088M reserved
[2026-04-03T01:54:09.821+0600][1.465s][info][gc,ref      ] GC(0) O:                       Encountered   Discovered     Enqueued 
[2026-04-03T01:54:09.821+0600][1.465s][info][gc,ref      ] GC(0) O: Soft References:              211            0            0 
[2026-04-03T01:54:09.821+0600][1.465s][info][gc,ref      ] GC(0) O: Weak References:              922            0            0 
[2026-04-03T01:54:09.821+0600][1.465s][info][gc,ref      ] GC(0) O: Final References:               0            0            0 
[2026-04-03T01:54:09.821+0600][1.465s][info][gc,ref      ] GC(0) O: Phantom References:            28            0            0 
[2026-04-03T01:54:09.821+0600][1.465s][info][gc,heap     ] GC(0) O: Min Capacity: 8M(0%)
[2026-04-03T01:54:09.821+0600][1.465s][info][gc,heap     ] GC(0) O: Max Capacity: 3922M(100%)
[2026-04-03T01:54:09.821+0600][1.465s][info][gc,heap     ] GC(0) O: Soft Max Capacity: 3529M(90%)
[2026-04-03T01:54:09.821+0600][1.465s][info][gc,heap     ] GC(0) O: Heap Statistics:
[2026-04-03T01:54:09.821+0600][1.465s][info][gc,heap     ] GC(0) O:                Mark Start          Mark End        Relocate Start      Relocate End           High               Low         
[2026-04-03T01:54:09.821+0600][1.465s][info][gc,heap     ] GC(0) O:  Capacity:      356M (9%)          370M (9%)          370M (9%)          370M (9%)          370M (9%)          356M (9%)     
[2026-04-03T01:54:09.821+0600][1.465s][info][gc,heap     ] GC(0) O:      Free:     3566M (91%)        3902M (99%)        3892M (99%)        3892M (99%)        3904M (100%)       3552M (91%)    
[2026-04-03T01:54:09.821+0600][1.465s][info][gc,heap     ] GC(0) O:      Used:      356M (9%)           20M (1%)           30M (1%)           30M (1%)          370M (9%)           18M (0%)     
[2026-04-03T01:54:09.821+0600][1.465s][info][gc,heap     ] GC(0) O: Old Generation Statistics:
[2026-04-03T01:54:09.821+0600][1.465s][info][gc,heap     ] GC(0) O:                Mark Start          Mark End        Relocate Start      Relocate End    
[2026-04-03T01:54:09.821+0600][1.465s][info][gc,heap     ] GC(0) O:      Used:        0M (0%)            0M (0%)            0M (0%)            0M (0%)     
[2026-04-03T01:54:09.821+0600][1.465s][info][gc,heap     ] GC(0) O:      Live:         -                 0M (0%)            0M (0%)            0M (0%)     
[2026-04-03T01:54:09.821+0600][1.465s][info][gc,heap     ] GC(0) O:   Garbage:         -                 0M (0%)            0M (0%)            0M (0%)     
[2026-04-03T01:54:09.821+0600][1.465s][info][gc,heap     ] GC(0) O: Allocated:         -                 0M (0%)            0M (0%)            0M (0%)     
[2026-04-03T01:54:09.821+0600][1.465s][info][gc,heap     ] GC(0) O: Reclaimed:         -                  -                 0M (0%)            0M (0%)     
[2026-04-03T01:54:09.821+0600][1.465s][info][gc,heap     ] GC(0) O: Compacted:         -                  -                  -                 0M (0%)     
[2026-04-03T01:54:09.821+0600][1.465s][info][gc,phases   ] GC(0) O: Old Generation 18M(0%)->30M(1%) 0.020s
[2026-04-03T01:54:09.821+0600][1.465s][info][gc          ] GC(0) Major Collection (Warmup) 356M(9%)->30M(1%) 0.044s
[2026-04-03T01:54:09.903+0600][1.548s][info][gc          ] GC(1) Major Collection (System.gc())
[2026-04-03T01:54:09.903+0600][1.548s][info][gc,task     ] GC(1) Using 3 Workers for Young Generation
[2026-04-03T01:54:09.904+0600][1.548s][info][gc,task     ] GC(1) Using 3 Workers for Old Generation
[2026-04-03T01:54:09.904+0600][1.548s][info][gc,phases   ] GC(1) Y: Young Generation (Promote All)
[2026-04-03T01:54:09.904+0600][1.548s][info][gc,phases   ] GC(1) Y: Pause Mark Start 0.019ms
[2026-04-03T01:54:09.945+0600][1.590s][info][gc,phases   ] GC(1) Y: Concurrent Mark 41.523ms
[2026-04-03T01:54:09.945+0600][1.590s][info][gc,phases   ] GC(1) Y: Pause Mark End 0.018ms
[2026-04-03T01:54:09.945+0600][1.590s][info][gc,phases   ] GC(1) Y: Concurrent Mark Free 0.001ms
[2026-04-03T01:54:09.945+0600][1.590s][info][gc,phases   ] GC(1) Y: Concurrent Reset Relocation Set 0.018ms
[2026-04-03T01:54:09.947+0600][1.591s][info][gc,reloc    ] GC(1) Y: Using tenuring threshold: 0 (Promote All)
[2026-04-03T01:54:09.955+0600][1.599s][info][gc,phases   ] GC(1) Y: Concurrent Select Relocation Set 9.396ms
[2026-04-03T01:54:09.955+0600][1.599s][info][gc,phases   ] GC(1) Y: Pause Relocate Start 0.016ms
[2026-04-03T01:54:09.973+0600][1.617s][info][gc,phases   ] GC(1) Y: Concurrent Relocate 17.573ms
[2026-04-03T01:54:09.973+0600][1.617s][info][gc,alloc    ] GC(1) Y:                         Mark Start        Mark End      Relocate Start    Relocate End   
[2026-04-03T01:54:09.973+0600][1.617s][info][gc,alloc    ] GC(1) Y: Allocation Stalls:          0                0                0                0         
[2026-04-03T01:54:09.973+0600][1.617s][info][gc,load     ] GC(1) Y: Load: 11.68 (97%) / 8.50 (71%) / 7.68 (64%)
[2026-04-03T01:54:09.973+0600][1.617s][info][gc,mmu      ] GC(1) Y: MMU: 2ms/95.5%, 5ms/98.2%, 10ms/99.1%, 20ms/99.5%, 50ms/99.7%, 100ms/99.8%
[2026-04-03T01:54:09.973+0600][1.617s][info][gc,marking  ] GC(1) Y: Mark: 2 stripe(s), 10 proactive flush(es), 1 terminate flush(es), 0 completion(s), 0 continuation(s) 
[2026-04-03T01:54:09.973+0600][1.617s][info][gc,marking  ] GC(1) Y: Mark Stack Usage: 32M
[2026-04-03T01:54:09.973+0600][1.617s][info][gc,nmethod  ] GC(1) Y: NMethods: 1135 registered, 119 unregistered
[2026-04-03T01:54:09.973+0600][1.617s][info][gc,metaspace] GC(1) Y: Metaspace: 11M used, 11M committed, 1088M reserved
[2026-04-03T01:54:09.973+0600][1.617s][info][gc,reloc    ] GC(1) Y:                        Candidates     Selected     In-Place         Size        Empty    Relocated 
[2026-04-03T01:54:09.973+0600][1.617s][info][gc,reloc    ] GC(1) Y: Small Pages:                   34           13            0          68M           0M           1M 
[2026-04-03T01:54:09.973+0600][1.617s][info][gc,reloc    ] GC(1) Y: Medium Pages:                   0            0            0           0M           0M           0M 
[2026-04-03T01:54:09.973+0600][1.617s][info][gc,reloc    ] GC(1) Y: Large Pages:                    0            0            0           0M           0M           0M 
[2026-04-03T01:54:09.973+0600][1.617s][info][gc,reloc    ] GC(1) Y: Forwarding Usage: 0M
[2026-04-03T01:54:09.973+0600][1.617s][info][gc,reloc    ] GC(1) Y: Age Table:
[2026-04-03T01:54:09.973+0600][1.617s][info][gc,reloc    ] GC(1) Y:                    Live             Garbage             Small              Medium             Large        
[2026-04-03T01:54:09.973+0600][1.617s][info][gc,reloc    ] GC(1) Y: Eden              27M (1%)           30M (1%)          29 / 11             0 / 0              0 / 0        
[2026-04-03T01:54:09.973+0600][1.617s][info][gc,reloc    ] GC(1) Y: Survivor 1         4M (0%)            5M (0%)           5 / 2              0 / 0              0 / 0        
[2026-04-03T01:54:09.973+0600][1.617s][info][gc,heap     ] GC(1) Y: Min Capacity: 8M(0%)
[2026-04-03T01:54:09.973+0600][1.617s][info][gc,heap     ] GC(1) Y: Max Capacity: 3922M(100%)
[2026-04-03T01:54:09.973+0600][1.617s][info][gc,heap     ] GC(1) Y: Soft Max Capacity: 3529M(90%)
[2026-04-03T01:54:09.973+0600][1.617s][info][gc,heap     ] GC(1) Y: Heap Statistics:
[2026-04-03T01:54:09.973+0600][1.617s][info][gc,heap     ] GC(1) Y:                Mark Start          Mark End        Relocate Start      Relocate End           High               Low         
[2026-04-03T01:54:09.973+0600][1.617s][info][gc,heap     ] GC(1) Y:  Capacity:      370M (9%)          370M (9%)          370M (9%)          370M (9%)          370M (9%)          370M (9%)     
[2026-04-03T01:54:09.973+0600][1.617s][info][gc,heap     ] GC(1) Y:      Free:     3854M (98%)        3854M (98%)        3854M (98%)        3876M (99%)        3876M (99%)        3848M (98%)    
[2026-04-03T01:54:09.973+0600][1.617s][info][gc,heap     ] GC(1) Y:      Used:       68M (2%)           68M (2%)           68M (2%)           46M (1%)           74M (2%)           46M (1%)     
[2026-04-03T01:54:09.973+0600][1.617s][info][gc,heap     ] GC(1) Y: Young Generation Statistics:
[2026-04-03T01:54:09.973+0600][1.617s][info][gc,heap     ] GC(1) Y:                Mark Start          Mark End        Relocate Start      Relocate End    
[2026-04-03T01:54:09.973+0600][1.617s][info][gc,heap     ] GC(1) Y:      Used:       68M (2%)           68M (2%)           28M (1%)            0M (0%)     
[2026-04-03T01:54:09.973+0600][1.617s][info][gc,heap     ] GC(1) Y:      Live:         -                31M (1%)            1M (0%)            0M (0%)     
[2026-04-03T01:54:09.973+0600][1.617s][info][gc,heap     ] GC(1) Y:   Garbage:         -                36M (1%)           26M (1%)            0M (0%)     
[2026-04-03T01:54:09.973+0600][1.617s][info][gc,heap     ] GC(1) Y: Allocated:         -                 0M (0%)            0M (0%)            0M (0%)     
[2026-04-03T01:54:09.973+0600][1.617s][info][gc,heap     ] GC(1) Y: Reclaimed:         -                  -                 9M (0%)           36M (1%)     
[2026-04-03T01:54:09.973+0600][1.617s][info][gc,heap     ] GC(1) Y:  Promoted:         -                  -                30M (1%)           31M (1%)     
[2026-04-03T01:54:09.973+0600][1.617s][info][gc,heap     ] GC(1) Y: Compacted:         -                  -                  -                 0M (0%)     
[2026-04-03T01:54:09.973+0600][1.617s][info][gc,phases   ] GC(1) Y: Young Generation (Promote All) 68M(2%)->46M(1%) 0.069s
[2026-04-03T01:54:09.973+0600][1.617s][info][gc,phases   ] GC(1) Y: Young Generation (Collect Roots)
[2026-04-03T01:54:09.973+0600][1.618s][info][gc,phases   ] GC(1) Y: Pause Mark Start (Major) 0.023ms
[2026-04-03T01:54:09.976+0600][1.621s][info][gc,phases   ] GC(1) Y: Concurrent Mark 2.997ms
[2026-04-03T01:54:09.976+0600][1.621s][info][gc,phases   ] GC(1) Y: Pause Mark End 0.015ms
[2026-04-03T01:54:09.977+0600][1.621s][info][gc,phases   ] GC(1) Y: Concurrent Mark Free 0.151ms
[2026-04-03T01:54:09.977+0600][1.621s][info][gc,phases   ] GC(1) Y: Concurrent Reset Relocation Set 0.023ms
[2026-04-03T01:54:09.978+0600][1.623s][info][gc,reloc    ] GC(1) Y: Using tenuring threshold: 0 (Computed)
[2026-04-03T01:54:09.978+0600][1.623s][info][gc,phases   ] GC(1) Y: Concurrent Select Relocation Set 1.758ms
[2026-04-03T01:54:09.978+0600][1.623s][info][gc,phases   ] GC(1) Y: Pause Relocate Start 0.013ms
[2026-04-03T01:54:09.979+0600][1.623s][info][gc,phases   ] GC(1) Y: Concurrent Relocate 0.054ms
[2026-04-03T01:54:09.979+0600][1.623s][info][gc,alloc    ] GC(1) Y:                         Mark Start        Mark End      Relocate Start    Relocate End   
[2026-04-03T01:54:09.979+0600][1.623s][info][gc,alloc    ] GC(1) Y: Allocation Stalls:          0                0                0                0         
[2026-04-03T01:54:09.979+0600][1.623s][info][gc,load     ] GC(1) Y: Load: 11.68 (97%) / 8.50 (71%) / 7.68 (64%)
[2026-04-03T01:54:09.979+0600][1.623s][info][gc,mmu      ] GC(1) Y: MMU: 2ms/95.5%, 5ms/98.2%, 10ms/99.1%, 20ms/99.5%, 50ms/99.7%, 100ms/99.8%
[2026-04-03T01:54:09.979+0600][1.623s][info][gc,marking  ] GC(1) Y: Mark: 2 stripe(s), 1 proactive flush(es), 1 terminate flush(es), 0 completion(s), 0 continuation(s) 
[2026-04-03T01:54:09.979+0600][1.623s][info][gc,marking  ] GC(1) Y: Mark Stack Usage: 0M
[2026-04-03T01:54:09.979+0600][1.623s][info][gc,nmethod  ] GC(1) Y: NMethods: 1135 registered, 119 unregistered
[2026-04-03T01:54:09.979+0600][1.623s][info][gc,metaspace] GC(1) Y: Metaspace: 11M used, 11M committed, 1088M reserved
[2026-04-03T01:54:09.979+0600][1.623s][info][gc,heap     ] GC(1) Y: Min Capacity: 8M(0%)
[2026-04-03T01:54:09.979+0600][1.623s][info][gc,heap     ] GC(1) Y: Max Capacity: 3922M(100%)
[2026-04-03T01:54:09.979+0600][1.623s][info][gc,heap     ] GC(1) Y: Soft Max Capacity: 3529M(90%)
[2026-04-03T01:54:09.979+0600][1.623s][info][gc,heap     ] GC(1) Y: Heap Statistics:
[2026-04-03T01:54:09.979+0600][1.623s][info][gc,heap     ] GC(1) Y:                Mark Start          Mark End        Relocate Start      Relocate End           High               Low         
[2026-04-03T01:54:09.979+0600][1.623s][info][gc,heap     ] GC(1) Y:  Capacity:      370M (9%)          370M (9%)          370M (9%)          370M (9%)          370M (9%)          370M (9%)     
[2026-04-03T01:54:09.979+0600][1.623s][info][gc,heap     ] GC(1) Y:      Free:     3876M (99%)        3876M (99%)        3876M (99%)        3876M (99%)        3876M (99%)        3876M (99%)    
[2026-04-03T01:54:09.979+0600][1.623s][info][gc,heap     ] GC(1) Y:      Used:       46M (1%)           46M (1%)           46M (1%)           46M (1%)           46M (1%)           46M (1%)     
[2026-04-03T01:54:09.979+0600][1.623s][info][gc,heap     ] GC(1) Y: Young Generation Statistics:
[2026-04-03T01:54:09.979+0600][1.623s][info][gc,heap     ] GC(1) Y:                Mark Start          Mark End        Relocate Start      Relocate End    
[2026-04-03T01:54:09.979+0600][1.623s][info][gc,heap     ] GC(1) Y:      Used:        0M (0%)            0M (0%)            0M (0%)            0M (0%)     
[2026-04-03T01:54:09.979+0600][1.623s][info][gc,heap     ] GC(1) Y:      Live:         -                 0M (0%)            0M (0%)            0M (0%)     
[2026-04-03T01:54:09.979+0600][1.623s][info][gc,heap     ] GC(1) Y:   Garbage:         -                 0M (0%)            0M (0%)            0M (0%)     
[2026-04-03T01:54:09.979+0600][1.623s][info][gc,heap     ] GC(1) Y: Allocated:         -                 0M (0%)            0M (0%)            0M (0%)     
[2026-04-03T01:54:09.979+0600][1.623s][info][gc,heap     ] GC(1) Y: Reclaimed:         -                  -                 0M (0%)            0M (0%)     
[2026-04-03T01:54:09.979+0600][1.623s][info][gc,heap     ] GC(1) Y:  Promoted:         -                  -                 0M (0%)            0M (0%)     
[2026-04-03T01:54:09.979+0600][1.623s][info][gc,heap     ] GC(1) Y: Compacted:         -                  -                  -                 0M (0%)     
[2026-04-03T01:54:09.979+0600][1.623s][info][gc,phases   ] GC(1) Y: Young Generation (Collect Roots) 46M(1%)->46M(1%) 0.006s
[2026-04-03T01:54:09.979+0600][1.623s][info][gc,phases   ] GC(1) O: Old Generation
[2026-04-03T01:54:10.075+0600][1.719s][info][gc,phases   ] GC(1) O: Concurrent Mark 95.729ms
[2026-04-03T01:54:10.075+0600][1.719s][info][gc,phases   ] GC(1) O: Pause Mark End 0.018ms
[2026-04-03T01:54:10.075+0600][1.719s][info][gc,phases   ] GC(1) O: Concurrent Mark Free 0.001ms
[2026-04-03T01:54:10.076+0600][1.720s][info][gc,phases   ] GC(1) O: Concurrent Process Non-Strong 1.225ms
[2026-04-03T01:54:10.076+0600][1.720s][info][gc,phases   ] GC(1) O: Concurrent Reset Relocation Set 0.001ms
[2026-04-03T01:54:10.080+0600][1.724s][info][gc,phases   ] GC(1) O: Concurrent Select Relocation Set 3.845ms
[2026-04-03T01:54:10.080+0600][1.724s][info][gc,task     ] GC(1) O: Using 3 Workers for Old Generation
[2026-04-03T01:54:10.092+0600][1.736s][info][gc,task     ] GC(1) O: Using 3 Workers for Old Generation
[2026-04-03T01:54:10.092+0600][1.737s][info][gc,phases   ] GC(1) O: Concurrent Remap Roots 12.312ms
[2026-04-03T01:54:10.092+0600][1.737s][info][gc,phases   ] GC(1) O: Pause Relocate Start 0.015ms
[2026-04-03T01:54:10.105+0600][1.750s][info][gc,phases   ] GC(1) O: Concurrent Relocate 13.098ms
[2026-04-03T01:54:10.105+0600][1.750s][info][gc,alloc    ] GC(1) O:                         Mark Start        Mark End      Relocate Start    Relocate End   
[2026-04-03T01:54:10.105+0600][1.750s][info][gc,alloc    ] GC(1) O: Allocation Stalls:          0                0                0                0         
[2026-04-03T01:54:10.105+0600][1.750s][info][gc,load     ] GC(1) O: Load: 11.68 (97%) / 8.50 (71%) / 7.68 (64%)
[2026-04-03T01:54:10.105+0600][1.750s][info][gc,mmu      ] GC(1) O: MMU: 2ms/95.5%, 5ms/98.2%, 10ms/99.1%, 20ms/99.5%, 50ms/99.7%, 100ms/99.8%
[2026-04-03T01:54:10.105+0600][1.750s][info][gc,marking  ] GC(1) O: Mark: 2 stripe(s), 10 proactive flush(es), 1 terminate flush(es), 0 completion(s), 0 continuation(s) 
[2026-04-03T01:54:10.105+0600][1.750s][info][gc,marking  ] GC(1) O: Mark Stack Usage: 32M
[2026-04-03T01:54:10.105+0600][1.750s][info][gc,nmethod  ] GC(1) O: NMethods: 1122 registered, 135 unregistered
[2026-04-03T01:54:10.105+0600][1.750s][info][gc,metaspace] GC(1) O: Metaspace: 11M used, 11M committed, 1088M reserved
[2026-04-03T01:54:10.105+0600][1.750s][info][gc,ref      ] GC(1) O:                       Encountered   Discovered     Enqueued 
[2026-04-03T01:54:10.105+0600][1.750s][info][gc,ref      ] GC(1) O: Soft References:              217            0            0 
[2026-04-03T01:54:10.105+0600][1.750s][info][gc,ref      ] GC(1) O: Weak References:              949          322          279 
[2026-04-03T01:54:10.105+0600][1.750s][info][gc,ref      ] GC(1) O: Final References:               0            0            0 
[2026-04-03T01:54:10.105+0600][1.750s][info][gc,ref      ] GC(1) O: Phantom References:            28           23            0 
[2026-04-03T01:54:10.105+0600][1.750s][info][gc,reloc    ] GC(1) O:                        Candidates     Selected     In-Place         Size        Empty    Relocated 
[2026-04-03T01:54:10.105+0600][1.750s][info][gc,reloc    ] GC(1) O: Small Pages:                   23            4            0          46M           0M           4M 
[2026-04-03T01:54:10.105+0600][1.750s][info][gc,reloc    ] GC(1) O: Medium Pages:                   0            0            0           0M           0M           0M 
[2026-04-03T01:54:10.105+0600][1.750s][info][gc,reloc    ] GC(1) O: Large Pages:                    0            0            0           0M           0M           0M 
[2026-04-03T01:54:10.106+0600][1.750s][info][gc,reloc    ] GC(1) O: Forwarding Usage: 6M
[2026-04-03T01:54:10.106+0600][1.750s][info][gc,heap     ] GC(1) O: Min Capacity: 8M(0%)
[2026-04-03T01:54:10.106+0600][1.750s][info][gc,heap     ] GC(1) O: Max Capacity: 3922M(100%)
[2026-04-03T01:54:10.106+0600][1.750s][info][gc,heap     ] GC(1) O: Soft Max Capacity: 3529M(90%)
[2026-04-03T01:54:10.106+0600][1.750s][info][gc,heap     ] GC(1) O: Heap Statistics:
[2026-04-03T01:54:10.106+0600][1.750s][info][gc,heap     ] GC(1) O:                Mark Start          Mark End        Relocate Start      Relocate End           High               Low         
[2026-04-03T01:54:10.106+0600][1.750s][info][gc,heap     ] GC(1) O:  Capacity:      370M (9%)          370M (9%)          370M (9%)          370M (9%)          370M (9%)          370M (9%)     
[2026-04-03T01:54:10.106+0600][1.750s][info][gc,heap     ] GC(1) O:      Free:     3876M (99%)        3876M (99%)        3876M (99%)        3884M (99%)        3884M (99%)        3870M (99%)    
[2026-04-03T01:54:10.106+0600][1.750s][info][gc,heap     ] GC(1) O:      Used:       46M (1%)           46M (1%)           46M (1%)           38M (1%)           52M (1%)           38M (1%)     
[2026-04-03T01:54:10.106+0600][1.750s][info][gc,heap     ] GC(1) O: Old Generation Statistics:
[2026-04-03T01:54:10.106+0600][1.750s][info][gc,heap     ] GC(1) O:                Mark Start          Mark End        Relocate Start      Relocate End    
[2026-04-03T01:54:10.106+0600][1.750s][info][gc,heap     ] GC(1) O:      Used:       46M (1%)           46M (1%)           46M (1%)           38M (1%)     
[2026-04-03T01:54:10.106+0600][1.750s][info][gc,heap     ] GC(1) O:      Live:         -                31M (1%)           31M (1%)           31M (1%)     
[2026-04-03T01:54:10.106+0600][1.750s][info][gc,heap     ] GC(1) O:   Garbage:         -                14M (0%)           14M (0%)            3M (0%)     
[2026-04-03T01:54:10.106+0600][1.750s][info][gc,heap     ] GC(1) O: Allocated:         -                 0M (0%)            0M (0%)            3M (0%)     
[2026-04-03T01:54:10.106+0600][1.750s][info][gc,heap     ] GC(1) O: Reclaimed:         -                  -                 0M (0%)           11M (0%)     
[2026-04-03T01:54:10.106+0600][1.750s][info][gc,heap     ] GC(1) O: Compacted:         -                  -                  -                20M (1%)     
[2026-04-03T01:54:10.106+0600][1.750s][info][gc,phases   ] GC(1) O: Old Generation 46M(1%)->38M(1%) 0.127s
[2026-04-03T01:54:10.106+0600][1.750s][info][gc          ] GC(1) Major Collection (System.gc()) 68M(2%)->38M(1%) 0.202s
[2026-04-03T01:54:10.590+0600][2.235s][info][gc          ] GC(2) Major Collection (System.gc())
[2026-04-03T01:54:10.590+0600][2.235s][info][gc,task     ] GC(2) Using 3 Workers for Young Generation
[2026-04-03T01:54:10.591+0600][2.235s][info][gc,task     ] GC(2) Using 3 Workers for Old Generation
[2026-04-03T01:54:10.591+0600][2.235s][info][gc,phases   ] GC(2) Y: Young Generation (Promote All)
[2026-04-03T01:54:10.591+0600][2.235s][info][gc,phases   ] GC(2) Y: Pause Mark Start 0.021ms
[2026-04-03T01:54:10.595+0600][2.239s][info][gc,phases   ] GC(2) Y: Concurrent Mark 4.163ms
[2026-04-03T01:54:10.595+0600][2.240s][info][gc,phases   ] GC(2) Y: Pause Mark End 0.016ms
[2026-04-03T01:54:10.595+0600][2.240s][info][gc,phases   ] GC(2) Y: Concurrent Mark Free 0.002ms
[2026-04-03T01:54:10.595+0600][2.240s][info][gc,phases   ] GC(2) Y: Concurrent Reset Relocation Set 0.001ms
[2026-04-03T01:54:10.597+0600][2.241s][info][gc,reloc    ] GC(2) Y: Using tenuring threshold: 0 (Promote All)
[2026-04-03T01:54:10.597+0600][2.242s][info][gc,phases   ] GC(2) Y: Concurrent Select Relocation Set 2.131ms
[2026-04-03T01:54:10.598+0600][2.242s][info][gc,phases   ] GC(2) Y: Pause Relocate Start 0.011ms
[2026-04-03T01:54:10.598+0600][2.243s][info][gc,phases   ] GC(2) Y: Concurrent Relocate 0.754ms
[2026-04-03T01:54:10.598+0600][2.243s][info][gc,alloc    ] GC(2) Y:                         Mark Start        Mark End      Relocate Start    Relocate End   
[2026-04-03T01:54:10.598+0600][2.243s][info][gc,alloc    ] GC(2) Y: Allocation Stalls:          0                0                0                0         
[2026-04-03T01:54:10.598+0600][2.243s][info][gc,load     ] GC(2) Y: Load: 11.68 (97%) / 8.50 (71%) / 7.68 (64%)
[2026-04-03T01:54:10.598+0600][2.243s][info][gc,mmu      ] GC(2) Y: MMU: 2ms/95.5%, 5ms/98.2%, 10ms/99.1%, 20ms/99.5%, 50ms/99.7%, 100ms/99.8%
[2026-04-03T01:54:10.598+0600][2.243s][info][gc,marking  ] GC(2) Y: Mark: 2 stripe(s), 3 proactive flush(es), 1 terminate flush(es), 0 completion(s), 0 continuation(s) 
[2026-04-03T01:54:10.598+0600][2.243s][info][gc,marking  ] GC(2) Y: Mark Stack Usage: 32M
[2026-04-03T01:54:10.598+0600][2.243s][info][gc,nmethod  ] GC(2) Y: NMethods: 1296 registered, 135 unregistered
[2026-04-03T01:54:10.599+0600][2.243s][info][gc,metaspace] GC(2) Y: Metaspace: 12M used, 12M committed, 1088M reserved
[2026-04-03T01:54:10.599+0600][2.243s][info][gc,reloc    ] GC(2) Y:                        Candidates     Selected     In-Place         Size        Empty    Relocated 
[2026-04-03T01:54:10.599+0600][2.243s][info][gc,reloc    ] GC(2) Y: Small Pages:                   31           14            0          62M          32M           0M 
[2026-04-03T01:54:10.599+0600][2.243s][info][gc,reloc    ] GC(2) Y: Medium Pages:                   0            0            0           0M           0M           0M 
[2026-04-03T01:54:10.599+0600][2.243s][info][gc,reloc    ] GC(2) Y: Large Pages:                    0            0            0           0M           0M           0M 
[2026-04-03T01:54:10.599+0600][2.243s][info][gc,reloc    ] GC(2) Y: Forwarding Usage: 0M
[2026-04-03T01:54:10.599+0600][2.243s][info][gc,reloc    ] GC(2) Y: Age Table:
[2026-04-03T01:54:10.599+0600][2.243s][info][gc,reloc    ] GC(2) Y:                    Live             Garbage             Small              Medium             Large        
[2026-04-03T01:54:10.599+0600][2.243s][info][gc,reloc    ] GC(2) Y: Eden               0M (0%)           61M (2%)          31 / 14             0 / 0              0 / 0        
[2026-04-03T01:54:10.599+0600][2.243s][info][gc,heap     ] GC(2) Y: Min Capacity: 8M(0%)
[2026-04-03T01:54:10.599+0600][2.243s][info][gc,heap     ] GC(2) Y: Max Capacity: 3922M(100%)
[2026-04-03T01:54:10.599+0600][2.243s][info][gc,heap     ] GC(2) Y: Soft Max Capacity: 3529M(90%)
[2026-04-03T01:54:10.599+0600][2.243s][info][gc,heap     ] GC(2) Y: Heap Statistics:
[2026-04-03T01:54:10.599+0600][2.243s][info][gc,heap     ] GC(2) Y:                Mark Start          Mark End        Relocate Start      Relocate End           High               Low         
[2026-04-03T01:54:10.599+0600][2.243s][info][gc,heap     ] GC(2) Y:  Capacity:      370M (9%)          370M (9%)          370M (9%)          370M (9%)          370M (9%)          370M (9%)     
[2026-04-03T01:54:10.599+0600][2.243s][info][gc,heap     ] GC(2) Y:      Free:     3822M (97%)        3822M (97%)        3854M (98%)        3878M (99%)        3878M (99%)        3822M (97%)    
[2026-04-03T01:54:10.599+0600][2.243s][info][gc,heap     ] GC(2) Y:      Used:      100M (3%)          100M (3%)           68M (2%)           44M (1%)          100M (3%)           44M (1%)     
[2026-04-03T01:54:10.599+0600][2.243s][info][gc,heap     ] GC(2) Y: Young Generation Statistics:
[2026-04-03T01:54:10.599+0600][2.243s][info][gc,heap     ] GC(2) Y:                Mark Start          Mark End        Relocate Start      Relocate End    
[2026-04-03T01:54:10.599+0600][2.243s][info][gc,heap     ] GC(2) Y:      Used:       62M (2%)           62M (2%)           30M (1%)            0M (0%)     
[2026-04-03T01:54:10.599+0600][2.243s][info][gc,heap     ] GC(2) Y:      Live:         -                 0M (0%)            0M (0%)            0M (0%)     
[2026-04-03T01:54:10.599+0600][2.243s][info][gc,heap     ] GC(2) Y:   Garbage:         -                61M (2%)           29M (1%)            0M (0%)     
[2026-04-03T01:54:10.599+0600][2.243s][info][gc,heap     ] GC(2) Y: Allocated:         -                 0M (0%)            0M (0%)            0M (0%)     
[2026-04-03T01:54:10.599+0600][2.243s][info][gc,heap     ] GC(2) Y: Reclaimed:         -                  -                32M (1%)           61M (2%)     
[2026-04-03T01:54:10.599+0600][2.243s][info][gc,heap     ] GC(2) Y:  Promoted:         -                  -                 0M (0%)            0M (0%)     
[2026-04-03T01:54:10.599+0600][2.243s][info][gc,heap     ] GC(2) Y: Compacted:         -                  -                  -                 0M (0%)     
[2026-04-03T01:54:10.599+0600][2.243s][info][gc,phases   ] GC(2) Y: Young Generation (Promote All) 100M(3%)->44M(1%) 0.008s
[2026-04-03T01:54:10.599+0600][2.243s][info][gc,phases   ] GC(2) Y: Young Generation (Collect Roots)
[2026-04-03T01:54:10.599+0600][2.243s][info][gc,phases   ] GC(2) Y: Pause Mark Start (Major) 0.015ms
[2026-04-03T01:54:10.601+0600][2.246s][info][gc,phases   ] GC(2) Y: Concurrent Mark 2.417ms
[2026-04-03T01:54:10.601+0600][2.246s][info][gc,phases   ] GC(2) Y: Pause Mark End 0.012ms
[2026-04-03T01:54:10.602+0600][2.246s][info][gc,phases   ] GC(2) Y: Concurrent Mark Free 0.175ms
[2026-04-03T01:54:10.602+0600][2.246s][info][gc,phases   ] GC(2) Y: Concurrent Reset Relocation Set 0.018ms
[2026-04-03T01:54:10.603+0600][2.248s][info][gc,reloc    ] GC(2) Y: Using tenuring threshold: 0 (Computed)
[2026-04-03T01:54:10.603+0600][2.248s][info][gc,phases   ] GC(2) Y: Concurrent Select Relocation Set 1.685ms
[2026-04-03T01:54:10.603+0600][2.248s][info][gc,phases   ] GC(2) Y: Pause Relocate Start 0.012ms
[2026-04-03T01:54:10.604+0600][2.248s][info][gc,phases   ] GC(2) Y: Concurrent Relocate 0.055ms
[2026-04-03T01:54:10.604+0600][2.248s][info][gc,alloc    ] GC(2) Y:                         Mark Start        Mark End      Relocate Start    Relocate End   
[2026-04-03T01:54:10.604+0600][2.248s][info][gc,alloc    ] GC(2) Y: Allocation Stalls:          0                0                0                0         
[2026-04-03T01:54:10.604+0600][2.248s][info][gc,load     ] GC(2) Y: Load: 11.68 (97%) / 8.50 (71%) / 7.68 (64%)
[2026-04-03T01:54:10.604+0600][2.248s][info][gc,mmu      ] GC(2) Y: MMU: 2ms/95.5%, 5ms/98.2%, 10ms/99.1%, 20ms/99.5%, 50ms/99.7%, 100ms/99.8%
[2026-04-03T01:54:10.604+0600][2.248s][info][gc,marking  ] GC(2) Y: Mark: 2 stripe(s), 1 proactive flush(es), 1 terminate flush(es), 0 completion(s), 0 continuation(s) 
[2026-04-03T01:54:10.604+0600][2.248s][info][gc,marking  ] GC(2) Y: Mark Stack Usage: 0M
[2026-04-03T01:54:10.604+0600][2.248s][info][gc,nmethod  ] GC(2) Y: NMethods: 1296 registered, 135 unregistered
[2026-04-03T01:54:10.604+0600][2.248s][info][gc,metaspace] GC(2) Y: Metaspace: 12M used, 12M committed, 1088M reserved
[2026-04-03T01:54:10.604+0600][2.248s][info][gc,heap     ] GC(2) Y: Min Capacity: 8M(0%)
[2026-04-03T01:54:10.604+0600][2.248s][info][gc,heap     ] GC(2) Y: Max Capacity: 3922M(100%)
[2026-04-03T01:54:10.604+0600][2.248s][info][gc,heap     ] GC(2) Y: Soft Max Capacity: 3529M(90%)
[2026-04-03T01:54:10.604+0600][2.248s][info][gc,heap     ] GC(2) Y: Heap Statistics:
[2026-04-03T01:54:10.604+0600][2.248s][info][gc,heap     ] GC(2) Y:                Mark Start          Mark End        Relocate Start      Relocate End           High               Low         
[2026-04-03T01:54:10.604+0600][2.248s][info][gc,heap     ] GC(2) Y:  Capacity:      370M (9%)          370M (9%)          370M (9%)          370M (9%)          370M (9%)          370M (9%)     
[2026-04-03T01:54:10.604+0600][2.248s][info][gc,heap     ] GC(2) Y:      Free:     3878M (99%)        3878M (99%)        3878M (99%)        3878M (99%)        3878M (99%)        3878M (99%)    
[2026-04-03T01:54:10.604+0600][2.248s][info][gc,heap     ] GC(2) Y:      Used:       44M (1%)           44M (1%)           44M (1%)           44M (1%)           44M (1%)           44M (1%)     
[2026-04-03T01:54:10.604+0600][2.248s][info][gc,heap     ] GC(2) Y: Young Generation Statistics:
[2026-04-03T01:54:10.604+0600][2.248s][info][gc,heap     ] GC(2) Y:                Mark Start          Mark End        Relocate Start      Relocate End    
[2026-04-03T01:54:10.604+0600][2.248s][info][gc,heap     ] GC(2) Y:      Used:        0M (0%)            0M (0%)            0M (0%)            0M (0%)     
[2026-04-03T01:54:10.604+0600][2.248s][info][gc,heap     ] GC(2) Y:      Live:         -                 0M (0%)            0M (0%)            0M (0%)     
[2026-04-03T01:54:10.604+0600][2.248s][info][gc,heap     ] GC(2) Y:   Garbage:         -                 0M (0%)            0M (0%)            0M (0%)     
[2026-04-03T01:54:10.604+0600][2.248s][info][gc,heap     ] GC(2) Y: Allocated:         -                 0M (0%)            0M (0%)            0M (0%)     
[2026-04-03T01:54:10.604+0600][2.248s][info][gc,heap     ] GC(2) Y: Reclaimed:         -                  -                 0M (0%)            0M (0%)     
[2026-04-03T01:54:10.604+0600][2.248s][info][gc,heap     ] GC(2) Y:  Promoted:         -                  -                 0M (0%)            0M (0%)     
[2026-04-03T01:54:10.604+0600][2.248s][info][gc,heap     ] GC(2) Y: Compacted:         -                  -                  -                 0M (0%)     
[2026-04-03T01:54:10.604+0600][2.248s][info][gc,phases   ] GC(2) Y: Young Generation (Collect Roots) 44M(1%)->44M(1%) 0.005s
[2026-04-03T01:54:10.604+0600][2.248s][info][gc,phases   ] GC(2) O: Old Generation
[2026-04-03T01:54:10.686+0600][2.331s][info][gc,phases   ] GC(2) O: Concurrent Mark 82.430ms
[2026-04-03T01:54:10.686+0600][2.331s][info][gc,phases   ] GC(2) O: Pause Mark End 0.028ms
[2026-04-03T01:54:10.687+0600][2.331s][info][gc,phases   ] GC(2) O: Concurrent Mark Free 0.001ms
[2026-04-03T01:54:10.688+0600][2.333s][info][gc,phases   ] GC(2) O: Concurrent Process Non-Strong 1.745ms
[2026-04-03T01:54:10.688+0600][2.333s][info][gc,phases   ] GC(2) O: Concurrent Reset Relocation Set 0.003ms
[2026-04-03T01:54:10.690+0600][2.335s][info][gc,phases   ] GC(2) O: Concurrent Select Relocation Set 2.089ms
[2026-04-03T01:54:10.690+0600][2.335s][info][gc,task     ] GC(2) O: Using 3 Workers for Old Generation
[2026-04-03T01:54:10.703+0600][2.347s][info][gc,task     ] GC(2) O: Using 3 Workers for Old Generation
[2026-04-03T01:54:10.703+0600][2.347s][info][gc,phases   ] GC(2) O: Concurrent Remap Roots 12.293ms
[2026-04-03T01:54:10.703+0600][2.347s][info][gc,phases   ] GC(2) O: Pause Relocate Start 0.022ms
[2026-04-03T01:54:10.712+0600][2.356s][info][gc,phases   ] GC(2) O: Concurrent Relocate 9.032ms
[2026-04-03T01:54:10.712+0600][2.356s][info][gc,alloc    ] GC(2) O:                         Mark Start        Mark End      Relocate Start    Relocate End   
[2026-04-03T01:54:10.712+0600][2.356s][info][gc,alloc    ] GC(2) O: Allocation Stalls:          0                0                0                0         
[2026-04-03T01:54:10.712+0600][2.357s][info][gc,load     ] GC(2) O: Load: 11.68 (97%) / 8.50 (71%) / 7.68 (64%)
[2026-04-03T01:54:10.712+0600][2.357s][info][gc,mmu      ] GC(2) O: MMU: 2ms/95.5%, 5ms/98.2%, 10ms/99.1%, 20ms/99.5%, 50ms/99.7%, 100ms/99.8%
[2026-04-03T01:54:10.712+0600][2.357s][info][gc,marking  ] GC(2) O: Mark: 2 stripe(s), 10 proactive flush(es), 1 terminate flush(es), 0 completion(s), 0 continuation(s) 
[2026-04-03T01:54:10.712+0600][2.357s][info][gc,marking  ] GC(2) O: Mark Stack Usage: 32M
[2026-04-03T01:54:10.712+0600][2.357s][info][gc,nmethod  ] GC(2) O: NMethods: 1251 registered, 180 unregistered
[2026-04-03T01:54:10.712+0600][2.357s][info][gc,metaspace] GC(2) O: Metaspace: 12M used, 12M committed, 1088M reserved
[2026-04-03T01:54:10.712+0600][2.357s][info][gc,ref      ] GC(2) O:                       Encountered   Discovered     Enqueued 
[2026-04-03T01:54:10.712+0600][2.357s][info][gc,ref      ] GC(2) O: Soft References:              250            0            0 
[2026-04-03T01:54:10.712+0600][2.357s][info][gc,ref      ] GC(2) O: Weak References:              809           74           34 
[2026-04-03T01:54:10.712+0600][2.357s][info][gc,ref      ] GC(2) O: Final References:               0            0            0 
[2026-04-03T01:54:10.712+0600][2.357s][info][gc,ref      ] GC(2) O: Phantom References:            28           20            0 
[2026-04-03T01:54:10.712+0600][2.357s][info][gc,reloc    ] GC(2) O:                        Candidates     Selected     In-Place         Size        Empty    Relocated 
[2026-04-03T01:54:10.712+0600][2.357s][info][gc,reloc    ] GC(2) O: Small Pages:                   22            5            0          44M           0M           3M 
[2026-04-03T01:54:10.712+0600][2.357s][info][gc,reloc    ] GC(2) O: Medium Pages:                   0            0            0           0M           0M           0M 
[2026-04-03T01:54:10.712+0600][2.357s][info][gc,reloc    ] GC(2) O: Large Pages:                    0            0            0           0M           0M           0M 
[2026-04-03T01:54:10.712+0600][2.357s][info][gc,reloc    ] GC(2) O: Forwarding Usage: 4M
[2026-04-03T01:54:10.712+0600][2.357s][info][gc,heap     ] GC(2) O: Min Capacity: 8M(0%)
[2026-04-03T01:54:10.712+0600][2.357s][info][gc,heap     ] GC(2) O: Max Capacity: 3922M(100%)
[2026-04-03T01:54:10.712+0600][2.357s][info][gc,heap     ] GC(2) O: Soft Max Capacity: 3529M(90%)
[2026-04-03T01:54:10.712+0600][2.357s][info][gc,heap     ] GC(2) O: Heap Statistics:
[2026-04-03T01:54:10.712+0600][2.357s][info][gc,heap     ] GC(2) O:                Mark Start          Mark End        Relocate Start      Relocate End           High               Low         
[2026-04-03T01:54:10.712+0600][2.357s][info][gc,heap     ] GC(2) O:  Capacity:      370M (9%)          370M (9%)          370M (9%)          370M (9%)          370M (9%)          370M (9%)     
[2026-04-03T01:54:10.712+0600][2.357s][info][gc,heap     ] GC(2) O:      Free:     3878M (99%)        3878M (99%)        3878M (99%)        3886M (99%)        3886M (99%)        3872M (99%)    
[2026-04-03T01:54:10.712+0600][2.357s][info][gc,heap     ] GC(2) O:      Used:       44M (1%)           44M (1%)           44M (1%)           36M (1%)           50M (1%)           36M (1%)     
[2026-04-03T01:54:10.712+0600][2.357s][info][gc,heap     ] GC(2) O: Old Generation Statistics:
[2026-04-03T01:54:10.712+0600][2.357s][info][gc,heap     ] GC(2) O:                Mark Start          Mark End        Relocate Start      Relocate End    
[2026-04-03T01:54:10.712+0600][2.357s][info][gc,heap     ] GC(2) O:      Used:       44M (1%)           44M (1%)           44M (1%)           36M (1%)     
[2026-04-03T01:54:10.712+0600][2.357s][info][gc,heap     ] GC(2) O:      Live:         -                31M (1%)           31M (1%)           31M (1%)     
[2026-04-03T01:54:10.712+0600][2.357s][info][gc,heap     ] GC(2) O:   Garbage:         -                12M (0%)           12M (0%)            0M (0%)     
[2026-04-03T01:54:10.712+0600][2.357s][info][gc,heap     ] GC(2) O: Allocated:         -                 0M (0%)            0M (0%)            4M (0%)     
[2026-04-03T01:54:10.712+0600][2.357s][info][gc,heap     ] GC(2) O: Reclaimed:         -                  -                 0M (0%)           12M (0%)     
[2026-04-03T01:54:10.712+0600][2.357s][info][gc,heap     ] GC(2) O: Compacted:         -                  -                  -                13M (0%)     
[2026-04-03T01:54:10.712+0600][2.357s][info][gc,phases   ] GC(2) O: Old Generation 44M(1%)->36M(1%) 0.108s
[2026-04-03T01:54:10.712+0600][2.357s][info][gc          ] GC(2) Major Collection (System.gc()) 100M(3%)->36M(1%) 0.122s
[2026-04-03T01:54:10.996+0600][2.640s][info][gc          ] GC(3) Major Collection (System.gc())
[2026-04-03T01:54:10.996+0600][2.640s][info][gc,task     ] GC(3) Using 3 Workers for Young Generation
[2026-04-03T01:54:10.996+0600][2.640s][info][gc,task     ] GC(3) Using 3 Workers for Old Generation
[2026-04-03T01:54:10.996+0600][2.640s][info][gc,phases   ] GC(3) Y: Young Generation (Promote All)
[2026-04-03T01:54:10.996+0600][2.640s][info][gc,phases   ] GC(3) Y: Pause Mark Start 0.017ms
[2026-04-03T01:54:10.998+0600][2.643s][info][gc,phases   ] GC(3) Y: Concurrent Mark 2.315ms
[2026-04-03T01:54:10.999+0600][2.643s][info][gc,phases   ] GC(3) Y: Pause Mark End 0.019ms
[2026-04-03T01:54:10.999+0600][2.643s][info][gc,phases   ] GC(3) Y: Concurrent Mark Free 0.002ms
[2026-04-03T01:54:10.999+0600][2.643s][info][gc,phases   ] GC(3) Y: Concurrent Reset Relocation Set 0.000ms
[2026-04-03T01:54:11.000+0600][2.645s][info][gc,reloc    ] GC(3) Y: Using tenuring threshold: 0 (Promote All)
[2026-04-03T01:54:11.000+0600][2.645s][info][gc,phases   ] GC(3) Y: Concurrent Select Relocation Set 1.765ms
[2026-04-03T01:54:11.001+0600][2.645s][info][gc,phases   ] GC(3) Y: Pause Relocate Start 0.016ms
[2026-04-03T01:54:11.001+0600][2.645s][info][gc,phases   ] GC(3) Y: Concurrent Relocate 0.126ms
[2026-04-03T01:54:11.001+0600][2.645s][info][gc,alloc    ] GC(3) Y:                         Mark Start        Mark End      Relocate Start    Relocate End   
[2026-04-03T01:54:11.001+0600][2.645s][info][gc,alloc    ] GC(3) Y: Allocation Stalls:          0                0                0                0         
[2026-04-03T01:54:11.001+0600][2.645s][info][gc,load     ] GC(3) Y: Load: 11.68 (97%) / 8.50 (71%) / 7.68 (64%)
[2026-04-03T01:54:11.001+0600][2.645s][info][gc,mmu      ] GC(3) Y: MMU: 2ms/95.5%, 5ms/98.2%, 10ms/99.1%, 20ms/99.5%, 50ms/99.7%, 100ms/99.8%
[2026-04-03T01:54:11.001+0600][2.645s][info][gc,marking  ] GC(3) Y: Mark: 2 stripe(s), 1 proactive flush(es), 1 terminate flush(es), 0 completion(s), 0 continuation(s) 
[2026-04-03T01:54:11.001+0600][2.645s][info][gc,marking  ] GC(3) Y: Mark Stack Usage: 32M
[2026-04-03T01:54:11.001+0600][2.645s][info][gc,nmethod  ] GC(3) Y: NMethods: 1269 registered, 0 unregistered
[2026-04-03T01:54:11.001+0600][2.645s][info][gc,metaspace] GC(3) Y: Metaspace: 12M used, 12M committed, 1088M reserved
[2026-04-03T01:54:11.001+0600][2.645s][info][gc,reloc    ] GC(3) Y:                        Candidates     Selected     In-Place         Size        Empty    Relocated 
[2026-04-03T01:54:11.001+0600][2.645s][info][gc,reloc    ] GC(3) Y: Small Pages:                   25            1            0          50M          46M           0M 
[2026-04-03T01:54:11.001+0600][2.645s][info][gc,reloc    ] GC(3) Y: Medium Pages:                   0            0            0           0M           0M           0M 
[2026-04-03T01:54:11.001+0600][2.645s][info][gc,reloc    ] GC(3) Y: Large Pages:                    0            0            0           0M           0M           0M 
[2026-04-03T01:54:11.001+0600][2.645s][info][gc,reloc    ] GC(3) Y: Forwarding Usage: 0M
[2026-04-03T01:54:11.001+0600][2.645s][info][gc,reloc    ] GC(3) Y: Age Table:
[2026-04-03T01:54:11.001+0600][2.645s][info][gc,reloc    ] GC(3) Y:                    Live             Garbage             Small              Medium             Large        
[2026-04-03T01:54:11.001+0600][2.645s][info][gc,reloc    ] GC(3) Y: Eden               0M (0%)           49M (1%)          25 / 1              0 / 0              0 / 0        
[2026-04-03T01:54:11.001+0600][2.645s][info][gc,heap     ] GC(3) Y: Min Capacity: 8M(0%)
[2026-04-03T01:54:11.001+0600][2.645s][info][gc,heap     ] GC(3) Y: Max Capacity: 3922M(100%)
[2026-04-03T01:54:11.001+0600][2.645s][info][gc,heap     ] GC(3) Y: Soft Max Capacity: 3529M(90%)
[2026-04-03T01:54:11.001+0600][2.645s][info][gc,heap     ] GC(3) Y: Heap Statistics:
[2026-04-03T01:54:11.001+0600][2.645s][info][gc,heap     ] GC(3) Y:                Mark Start          Mark End        Relocate Start      Relocate End           High               Low         
[2026-04-03T01:54:11.001+0600][2.645s][info][gc,heap     ] GC(3) Y:  Capacity:      370M (9%)          370M (9%)          370M (9%)          370M (9%)          370M (9%)          370M (9%)     
[2026-04-03T01:54:11.001+0600][2.645s][info][gc,heap     ] GC(3) Y:      Free:     3836M (98%)        3836M (98%)        3882M (99%)        3882M (99%)        3882M (99%)        3836M (98%)    
[2026-04-03T01:54:11.001+0600][2.645s][info][gc,heap     ] GC(3) Y:      Used:       86M (2%)           86M (2%)           40M (1%)           40M (1%)           86M (2%)           40M (1%)     
[2026-04-03T01:54:11.001+0600][2.645s][info][gc,heap     ] GC(3) Y: Young Generation Statistics:
[2026-04-03T01:54:11.001+0600][2.645s][info][gc,heap     ] GC(3) Y:                Mark Start          Mark End        Relocate Start      Relocate End    
[2026-04-03T01:54:11.001+0600][2.645s][info][gc,heap     ] GC(3) Y:      Used:       50M (1%)           50M (1%)            4M (0%)            0M (0%)     
[2026-04-03T01:54:11.001+0600][2.645s][info][gc,heap     ] GC(3) Y:      Live:         -                 0M (0%)            0M (0%)            0M (0%)     
[2026-04-03T01:54:11.001+0600][2.645s][info][gc,heap     ] GC(3) Y:   Garbage:         -                49M (1%)            3M (0%)            0M (0%)     
[2026-04-03T01:54:11.001+0600][2.645s][info][gc,heap     ] GC(3) Y: Allocated:         -                 0M (0%)            0M (0%)            0M (0%)     
[2026-04-03T01:54:11.001+0600][2.645s][info][gc,heap     ] GC(3) Y: Reclaimed:         -                  -                46M (1%)           49M (1%)     
[2026-04-03T01:54:11.001+0600][2.645s][info][gc,heap     ] GC(3) Y:  Promoted:         -                  -                 0M (0%)            0M (0%)     
[2026-04-03T01:54:11.001+0600][2.645s][info][gc,heap     ] GC(3) Y: Compacted:         -                  -                  -                 0M (0%)     
[2026-04-03T01:54:11.001+0600][2.645s][info][gc,phases   ] GC(3) Y: Young Generation (Promote All) 86M(2%)->40M(1%) 0.005s
[2026-04-03T01:54:11.001+0600][2.645s][info][gc,phases   ] GC(3) Y: Young Generation (Collect Roots)
[2026-04-03T01:54:11.001+0600][2.645s][info][gc,phases   ] GC(3) Y: Pause Mark Start (Major) 0.012ms
[2026-04-03T01:54:11.003+0600][2.648s][info][gc,phases   ] GC(3) Y: Concurrent Mark 1.997ms
[2026-04-03T01:54:11.003+0600][2.648s][info][gc,phases   ] GC(3) Y: Pause Mark End 0.013ms
[2026-04-03T01:54:11.003+0600][2.648s][info][gc,phases   ] GC(3) Y: Concurrent Mark Free 0.128ms
[2026-04-03T01:54:11.004+0600][2.648s][info][gc,phases   ] GC(3) Y: Concurrent Reset Relocation Set 0.001ms
[2026-04-03T01:54:11.005+0600][2.649s][info][gc,reloc    ] GC(3) Y: Using tenuring threshold: 0 (Computed)
[2026-04-03T01:54:11.005+0600][2.650s][info][gc,phases   ] GC(3) Y: Concurrent Select Relocation Set 1.633ms
[2026-04-03T01:54:11.005+0600][2.650s][info][gc,phases   ] GC(3) Y: Pause Relocate Start 0.008ms
[2026-04-03T01:54:11.005+0600][2.650s][info][gc,phases   ] GC(3) Y: Concurrent Relocate 0.050ms
[2026-04-03T01:54:11.005+0600][2.650s][info][gc,alloc    ] GC(3) Y:                         Mark Start        Mark End      Relocate Start    Relocate End   
[2026-04-03T01:54:11.005+0600][2.650s][info][gc,alloc    ] GC(3) Y: Allocation Stalls:          0                0                0                0         
[2026-04-03T01:54:11.005+0600][2.650s][info][gc,load     ] GC(3) Y: Load: 11.68 (97%) / 8.50 (71%) / 7.68 (64%)
[2026-04-03T01:54:11.005+0600][2.650s][info][gc,mmu      ] GC(3) Y: MMU: 2ms/95.5%, 5ms/98.2%, 10ms/99.1%, 20ms/99.5%, 50ms/99.7%, 100ms/99.8%
[2026-04-03T01:54:11.005+0600][2.650s][info][gc,marking  ] GC(3) Y: Mark: 2 stripe(s), 1 proactive flush(es), 1 terminate flush(es), 0 completion(s), 0 continuation(s) 
[2026-04-03T01:54:11.005+0600][2.650s][info][gc,marking  ] GC(3) Y: Mark Stack Usage: 0M
[2026-04-03T01:54:11.005+0600][2.650s][info][gc,nmethod  ] GC(3) Y: NMethods: 1269 registered, 0 unregistered
[2026-04-03T01:54:11.006+0600][2.650s][info][gc,metaspace] GC(3) Y: Metaspace: 12M used, 12M committed, 1088M reserved
[2026-04-03T01:54:11.006+0600][2.650s][info][gc,heap     ] GC(3) Y: Min Capacity: 8M(0%)
[2026-04-03T01:54:11.006+0600][2.650s][info][gc,heap     ] GC(3) Y: Max Capacity: 3922M(100%)
[2026-04-03T01:54:11.006+0600][2.650s][info][gc,heap     ] GC(3) Y: Soft Max Capacity: 3529M(90%)
[2026-04-03T01:54:11.006+0600][2.650s][info][gc,heap     ] GC(3) Y: Heap Statistics:
[2026-04-03T01:54:11.006+0600][2.650s][info][gc,heap     ] GC(3) Y:                Mark Start          Mark End        Relocate Start      Relocate End           High               Low         
[2026-04-03T01:54:11.006+0600][2.650s][info][gc,heap     ] GC(3) Y:  Capacity:      370M (9%)          370M (9%)          370M (9%)          370M (9%)          370M (9%)          370M (9%)     
[2026-04-03T01:54:11.006+0600][2.650s][info][gc,heap     ] GC(3) Y:      Free:     3882M (99%)        3882M (99%)        3882M (99%)        3882M (99%)        3882M (99%)        3882M (99%)    
[2026-04-03T01:54:11.006+0600][2.650s][info][gc,heap     ] GC(3) Y:      Used:       40M (1%)           40M (1%)           40M (1%)           40M (1%)           40M (1%)           40M (1%)     
[2026-04-03T01:54:11.006+0600][2.650s][info][gc,heap     ] GC(3) Y: Young Generation Statistics:
[2026-04-03T01:54:11.006+0600][2.650s][info][gc,heap     ] GC(3) Y:                Mark Start          Mark End        Relocate Start      Relocate End    
[2026-04-03T01:54:11.006+0600][2.650s][info][gc,heap     ] GC(3) Y:      Used:        0M (0%)            0M (0%)            0M (0%)            0M (0%)     
[2026-04-03T01:54:11.006+0600][2.650s][info][gc,heap     ] GC(3) Y:      Live:         -                 0M (0%)            0M (0%)            0M (0%)     
[2026-04-03T01:54:11.006+0600][2.650s][info][gc,heap     ] GC(3) Y:   Garbage:         -                 0M (0%)            0M (0%)            0M (0%)     
[2026-04-03T01:54:11.006+0600][2.650s][info][gc,heap     ] GC(3) Y: Allocated:         -                 0M (0%)            0M (0%)            0M (0%)     
[2026-04-03T01:54:11.006+0600][2.650s][info][gc,heap     ] GC(3) Y: Reclaimed:         -                  -                 0M (0%)            0M (0%)     
[2026-04-03T01:54:11.006+0600][2.650s][info][gc,heap     ] GC(3) Y:  Promoted:         -                  -                 0M (0%)            0M (0%)     
[2026-04-03T01:54:11.006+0600][2.650s][info][gc,heap     ] GC(3) Y: Compacted:         -                  -                  -                 0M (0%)     
[2026-04-03T01:54:11.006+0600][2.650s][info][gc,phases   ] GC(3) Y: Young Generation (Collect Roots) 40M(1%)->40M(1%) 0.004s
[2026-04-03T01:54:11.006+0600][2.650s][info][gc,phases   ] GC(3) O: Old Generation
[2026-04-03T01:54:11.046+0600][2.691s][info][gc,phases   ] GC(3) O: Concurrent Mark 40.424ms
[2026-04-03T01:54:11.046+0600][2.691s][info][gc,phases   ] GC(3) O: Pause Mark End 0.031ms
[2026-04-03T01:54:11.046+0600][2.691s][info][gc,phases   ] GC(3) O: Concurrent Mark Free 0.001ms
[2026-04-03T01:54:11.048+0600][2.692s][info][gc,phases   ] GC(3) O: Concurrent Process Non-Strong 1.525ms
[2026-04-03T01:54:11.048+0600][2.692s][info][gc,phases   ] GC(3) O: Concurrent Reset Relocation Set 0.002ms
[2026-04-03T01:54:11.050+0600][2.694s][info][gc,phases   ] GC(3) O: Concurrent Select Relocation Set 2.092ms
[2026-04-03T01:54:11.050+0600][2.694s][info][gc,task     ] GC(3) O: Using 3 Workers for Old Generation
[2026-04-03T01:54:11.062+0600][2.707s][info][gc,task     ] GC(3) O: Using 3 Workers for Old Generation
[2026-04-03T01:54:11.062+0600][2.707s][info][gc,phases   ] GC(3) O: Concurrent Remap Roots 12.244ms
[2026-04-03T01:54:11.062+0600][2.707s][info][gc,phases   ] GC(3) O: Pause Relocate Start 0.021ms
[2026-04-03T01:54:11.064+0600][2.709s][info][gc,phases   ] GC(3) O: Concurrent Relocate 1.531ms
[2026-04-03T01:54:11.064+0600][2.709s][info][gc,alloc    ] GC(3) O:                         Mark Start        Mark End      Relocate Start    Relocate End   
[2026-04-03T01:54:11.064+0600][2.709s][info][gc,alloc    ] GC(3) O: Allocation Stalls:          0                0                0                0         
[2026-04-03T01:54:11.064+0600][2.709s][info][gc,load     ] GC(3) O: Load: 11.68 (97%) / 8.50 (71%) / 7.68 (64%)
[2026-04-03T01:54:11.064+0600][2.709s][info][gc,mmu      ] GC(3) O: MMU: 2ms/95.5%, 5ms/98.2%, 10ms/99.1%, 20ms/99.5%, 50ms/99.7%, 100ms/99.8%
[2026-04-03T01:54:11.064+0600][2.709s][info][gc,marking  ] GC(3) O: Mark: 2 stripe(s), 10 proactive flush(es), 1 terminate flush(es), 0 completion(s), 0 continuation(s) 
[2026-04-03T01:54:11.064+0600][2.709s][info][gc,marking  ] GC(3) O: Mark Stack Usage: 32M
[2026-04-03T01:54:11.064+0600][2.709s][info][gc,nmethod  ] GC(3) O: NMethods: 1267 registered, 2 unregistered
[2026-04-03T01:54:11.064+0600][2.709s][info][gc,metaspace] GC(3) O: Metaspace: 12M used, 12M committed, 1088M reserved
[2026-04-03T01:54:11.064+0600][2.709s][info][gc,ref      ] GC(3) O:                       Encountered   Discovered     Enqueued 
[2026-04-03T01:54:11.064+0600][2.709s][info][gc,ref      ] GC(3) O: Soft References:              250            0            0 
[2026-04-03T01:54:11.064+0600][2.709s][info][gc,ref      ] GC(3) O: Weak References:              775           38            0 
[2026-04-03T01:54:11.064+0600][2.709s][info][gc,ref      ] GC(3) O: Final References:               0            0            0 
[2026-04-03T01:54:11.064+0600][2.709s][info][gc,ref      ] GC(3) O: Phantom References:            28           22            0 
[2026-04-03T01:54:11.064+0600][2.709s][info][gc,reloc    ] GC(3) O:                        Candidates     Selected     In-Place         Size        Empty    Relocated 
[2026-04-03T01:54:11.064+0600][2.709s][info][gc,reloc    ] GC(3) O: Small Pages:                   20            3            0          40M           0M           0M 
[2026-04-03T01:54:11.064+0600][2.709s][info][gc,reloc    ] GC(3) O: Medium Pages:                   0            0            0           0M           0M           0M 
[2026-04-03T01:54:11.064+0600][2.709s][info][gc,reloc    ] GC(3) O: Large Pages:                    0            0            0           0M           0M           0M 
[2026-04-03T01:54:11.064+0600][2.709s][info][gc,reloc    ] GC(3) O: Forwarding Usage: 0M
[2026-04-03T01:54:11.064+0600][2.709s][info][gc,heap     ] GC(3) O: Min Capacity: 8M(0%)
[2026-04-03T01:54:11.064+0600][2.709s][info][gc,heap     ] GC(3) O: Max Capacity: 3922M(100%)
[2026-04-03T01:54:11.064+0600][2.709s][info][gc,heap     ] GC(3) O: Soft Max Capacity: 3529M(90%)
[2026-04-03T01:54:11.064+0600][2.709s][info][gc,heap     ] GC(3) O: Heap Statistics:
[2026-04-03T01:54:11.064+0600][2.709s][info][gc,heap     ] GC(3) O:                Mark Start          Mark End        Relocate Start      Relocate End           High               Low         
[2026-04-03T01:54:11.064+0600][2.709s][info][gc,heap     ] GC(3) O:  Capacity:      370M (9%)          370M (9%)          370M (9%)          370M (9%)          370M (9%)          370M (9%)     
[2026-04-03T01:54:11.064+0600][2.709s][info][gc,heap     ] GC(3) O:      Free:     3882M (99%)        3882M (99%)        3882M (99%)        3884M (99%)        3884M (99%)        3876M (99%)    
[2026-04-03T01:54:11.064+0600][2.709s][info][gc,heap     ] GC(3) O:      Used:       40M (1%)           40M (1%)           40M (1%)           38M (1%)           46M (1%)           38M (1%)     
[2026-04-03T01:54:11.064+0600][2.709s][info][gc,heap     ] GC(3) O: Old Generation Statistics:
[2026-04-03T01:54:11.064+0600][2.709s][info][gc,heap     ] GC(3) O:                Mark Start          Mark End        Relocate Start      Relocate End    
[2026-04-03T01:54:11.065+0600][2.709s][info][gc,heap     ] GC(3) O:      Used:       40M (1%)           40M (1%)           40M (1%)           38M (1%)     
[2026-04-03T01:54:11.065+0600][2.709s][info][gc,heap     ] GC(3) O:      Live:         -                31M (1%)           31M (1%)           31M (1%)     
[2026-04-03T01:54:11.065+0600][2.709s][info][gc,heap     ] GC(3) O:   Garbage:         -                 8M (0%)            8M (0%)            0M (0%)     
[2026-04-03T01:54:11.065+0600][2.709s][info][gc,heap     ] GC(3) O: Allocated:         -                 0M (0%)            0M (0%)            5M (0%)     
[2026-04-03T01:54:11.065+0600][2.709s][info][gc,heap     ] GC(3) O: Reclaimed:         -                  -                 0M (0%)            7M (0%)     
[2026-04-03T01:54:11.065+0600][2.709s][info][gc,heap     ] GC(3) O: Compacted:         -                  -                  -                 0M (0%)     
[2026-04-03T01:54:11.065+0600][2.709s][info][gc,phases   ] GC(3) O: Old Generation 40M(1%)->38M(1%) 0.059s
[2026-04-03T01:54:11.065+0600][2.709s][info][gc          ] GC(3) Major Collection (System.gc()) 86M(2%)->38M(1%) 0.069s
[2026-04-03T01:54:11.437+0600][3.082s][info][gc,exit     ] Stopping ZGC
[2026-04-03T01:54:11.438+0600][3.082s][info][gc,stats    ] === Garbage Collection Statistics =======================================================================================================================
[2026-04-03T01:54:11.438+0600][3.082s][info][gc,stats    ]                                                              Last 10s              Last 10m              Last 10h                Total
[2026-04-03T01:54:11.438+0600][3.082s][info][gc,stats    ]                                                              Avg / Max             Avg / Max             Avg / Max             Avg / Max
[2026-04-03T01:54:11.438+0600][3.082s][info][gc,stats    ]        Contention: Mark Segment Reset Contention                   125 / 250             125 / 250             125 / 250             125 / 250         ops/s
[2026-04-03T01:54:11.438+0600][3.082s][info][gc,stats    ]        Contention: Mark SeqNum Reset Contention                      3 / 6                 3 / 6                 3 / 6                 3 / 6           ops/s
[2026-04-03T01:54:11.438+0600][3.082s][info][gc,stats    ]          Critical: Allocation Stall                                  0 / 0                 0 / 0                 0 / 0                 0 / 0           ops/s
[2026-04-03T01:54:11.438+0600][3.082s][info][gc,stats    ]          Critical: Allocation Stall                              0.000 / 0.000         0.000 / 0.000         0.000 / 0.000         0.000 / 0.000       ms
[2026-04-03T01:54:11.438+0600][3.082s][info][gc,stats    ]          Critical: JNI Critical Stall                                0 / 1                 0 / 1                 0 / 1                 0 / 1           ops/s
[2026-04-03T01:54:11.438+0600][3.082s][info][gc,stats    ]          Critical: JNI Critical Stall                            0.559 / 0.559         0.559 / 0.559         0.559 / 0.559         0.559 / 0.559       ms
[2026-04-03T01:54:11.438+0600][3.082s][info][gc,stats    ]          Critical: Relocation Stall                                  0 / 0                 0 / 0                 0 / 0                 0 / 0           ops/s
[2026-04-03T01:54:11.438+0600][3.082s][info][gc,stats    ]          Critical: Relocation Stall                              0.000 / 0.000         0.000 / 0.000         0.000 / 0.000         0.000 / 0.000       ms
[2026-04-03T01:54:11.438+0600][3.082s][info][gc,stats    ]  Major Collection: Major Collection                            122.960 / 202.175     122.960 / 202.175     122.960 / 202.175     122.960 / 202.175     ms
[2026-04-03T01:54:11.438+0600][3.082s][info][gc,stats    ]            Memory: Allocation Rate                                 228 / 230             228 / 230             228 / 230             228 / 230         MB/s
[2026-04-03T01:54:11.438+0600][3.082s][info][gc,stats    ]            Memory: Defragment                                        0 / 0                 0 / 0                 0 / 0                 0 / 0           ops/s
[2026-04-03T01:54:11.438+0600][3.082s][info][gc,stats    ]            Memory: Out Of Memory                                     0 / 0                 0 / 0                 0 / 0                 0 / 0           ops/s
[2026-04-03T01:54:11.438+0600][3.082s][info][gc,stats    ]            Memory: Page Cache Flush                                  0 / 0                 0 / 0                 0 / 0                 0 / 0           MB/s
[2026-04-03T01:54:11.438+0600][3.082s][info][gc,stats    ]            Memory: Page Cache Hit L1                                32 / 65               32 / 65               32 / 65               32 / 65          ops/s
[2026-04-03T01:54:11.438+0600][3.082s][info][gc,stats    ]            Memory: Page Cache Hit L2                                 0 / 0                 0 / 0                 0 / 0                 0 / 0           ops/s
[2026-04-03T01:54:11.438+0600][3.082s][info][gc,stats    ]            Memory: Page Cache Hit L3                                61 / 118              61 / 118              61 / 118              61 / 118         ops/s
[2026-04-03T01:54:11.438+0600][3.082s][info][gc,stats    ]            Memory: Page Cache Miss                                  31 / 62               31 / 62               31 / 62               31 / 62          ops/s
[2026-04-03T01:54:11.438+0600][3.082s][info][gc,stats    ]            Memory: Uncommit                                          0 / 0                 0 / 0                 0 / 0                 0 / 0           MB/s
[2026-04-03T01:54:11.438+0600][3.082s][info][gc,stats    ]            Memory: Undo Object Allocation Failed                     0 / 0                 0 / 0                 0 / 0                 0 / 0           ops/s
[2026-04-03T01:54:11.438+0600][3.082s][info][gc,stats    ]            Memory: Undo Object Allocation Succeeded                  1 / 2                 1 / 2                 1 / 2                 1 / 2           ops/s
[2026-04-03T01:54:11.438+0600][3.082s][info][gc,stats    ]            Memory: Undo Page Allocation                              0 / 0                 0 / 0                 0 / 0                 0 / 0           ops/s
[2026-04-03T01:54:11.438+0600][3.082s][info][gc,stats    ]  Minor Collection: Minor Collection                              0.000 / 0.000         0.000 / 0.000         0.000 / 0.000         0.000 / 0.000       ms
[2026-04-03T01:54:11.438+0600][3.082s][info][gc,stats    ]    Old Generation: Old Generation                               73.225 / 126.607      73.225 / 126.607      73.225 / 126.607      73.225 / 126.607     ms
[2026-04-03T01:54:11.438+0600][3.082s][info][gc,stats    ]         Old Pause: Pause Mark End                                0.018 / 0.018         0.018 / 0.018         0.018 / 0.018         0.018 / 0.018       ms
[2026-04-03T01:54:11.438+0600][3.082s][info][gc,stats    ]         Old Pause: Pause Relocate Start                          0.052 / 0.089         0.052 / 0.089         0.052 / 0.089         0.052 / 0.089       ms
[2026-04-03T01:54:11.438+0600][3.082s][info][gc,stats    ]         Old Phase: Concurrent Mark                              48.281 / 95.729       48.281 / 95.729       48.281 / 95.729       48.281 / 95.729      ms
[2026-04-03T01:54:11.438+0600][3.082s][info][gc,stats    ]         Old Phase: Concurrent Mark Continue                      0.000 / 0.000         0.000 / 0.000         0.000 / 0.000         0.000 / 0.000       ms
[2026-04-03T01:54:11.438+0600][3.082s][info][gc,stats    ]         Old Phase: Concurrent Mark Free                          0.023 / 0.045         0.023 / 0.045         0.023 / 0.045         0.023 / 0.045       ms
[2026-04-03T01:54:11.438+0600][3.082s][info][gc,stats    ]         Old Phase: Concurrent Process Non-Strong                 1.904 / 2.583         1.904 / 2.583         1.904 / 2.583         1.904 / 2.583       ms
[2026-04-03T01:54:11.438+0600][3.082s][info][gc,stats    ]         Old Phase: Concurrent Relocate                           6.721 / 13.098        6.721 / 13.098        6.721 / 13.098        6.721 / 13.098      ms
[2026-04-03T01:54:11.438+0600][3.082s][info][gc,stats    ]         Old Phase: Concurrent Remap Roots                       12.828 / 13.344       12.828 / 13.344       12.828 / 13.344       12.828 / 13.344      ms
[2026-04-03T01:54:11.438+0600][3.082s][info][gc,stats    ]         Old Phase: Concurrent Reset Relocation Set               0.001 / 0.001         0.001 / 0.001         0.001 / 0.001         0.001 / 0.001       ms
[2026-04-03T01:54:11.438+0600][3.083s][info][gc,stats    ]         Old Phase: Concurrent Select Relocation Set              2.860 / 3.845         2.860 / 3.845         2.860 / 3.845         2.860 / 3.845       ms
[2026-04-03T01:54:11.438+0600][3.083s][info][gc,stats    ]      Old Subphase: Concurrent Classes Purge                      0.097 / 0.156         0.097 / 0.156         0.097 / 0.156         0.097 / 0.156       ms
[2026-04-03T01:54:11.438+0600][3.083s][info][gc,stats    ]      Old Subphase: Concurrent Classes Unlink                     1.182 / 1.440         1.182 / 1.440         1.182 / 1.440         1.182 / 1.440       ms
[2026-04-03T01:54:11.438+0600][3.083s][info][gc,stats    ]      Old Subphase: Concurrent Mark Follow                       48.059 / 95.538       48.059 / 95.538       48.059 / 95.538       48.059 / 95.538      ms
[2026-04-03T01:54:11.438+0600][3.083s][info][gc,stats    ]      Old Subphase: Concurrent Mark Root Colored                  0.036 / 0.126         0.036 / 0.126         0.036 / 0.126         0.036 / 0.126       ms
[2026-04-03T01:54:11.438+0600][3.083s][info][gc,stats    ]      Old Subphase: Concurrent Mark Root Uncolored                0.050 / 0.080         0.050 / 0.080         0.050 / 0.080         0.050 / 0.080       ms
[2026-04-03T01:54:11.438+0600][3.083s][info][gc,stats    ]      Old Subphase: Concurrent Mark Roots                         0.218 / 0.250         0.218 / 0.250         0.218 / 0.250         0.218 / 0.250       ms
[2026-04-03T01:54:11.438+0600][3.083s][info][gc,stats    ]      Old Subphase: Concurrent References Enqueue                 0.002 / 0.004         0.002 / 0.004         0.002 / 0.004         0.002 / 0.004       ms
[2026-04-03T01:54:11.438+0600][3.083s][info][gc,stats    ]      Old Subphase: Concurrent References Process                 0.093 / 0.129         0.093 / 0.129         0.093 / 0.129         0.093 / 0.129       ms
[2026-04-03T01:54:11.438+0600][3.083s][info][gc,stats    ]      Old Subphase: Concurrent Remap Remembered                  11.861 / 11.955       11.861 / 11.955       11.861 / 11.955       11.861 / 11.955      ms
[2026-04-03T01:54:11.438+0600][3.083s][info][gc,stats    ]      Old Subphase: Concurrent Remap Roots Colored                0.410 / 0.739         0.410 / 0.739         0.410 / 0.739         0.410 / 0.739       ms
[2026-04-03T01:54:11.438+0600][3.083s][info][gc,stats    ]      Old Subphase: Concurrent Remap Roots Uncolored              0.276 / 0.304         0.276 / 0.304         0.276 / 0.304         0.276 / 0.304       ms
[2026-04-03T01:54:11.438+0600][3.083s][info][gc,stats    ]      Old Subphase: Concurrent Roots ClassLoaderDataGraph         0.235 / 0.697         0.235 / 0.697         0.235 / 0.697         0.235 / 0.697       ms
[2026-04-03T01:54:11.438+0600][3.083s][info][gc,stats    ]      Old Subphase: Concurrent Roots CodeCache                    0.272 / 0.300         0.272 / 0.300         0.272 / 0.300         0.272 / 0.300       ms
[2026-04-03T01:54:11.438+0600][3.083s][info][gc,stats    ]      Old Subphase: Concurrent Roots JavaThreads                  0.018 / 0.080         0.018 / 0.080         0.018 / 0.080         0.018 / 0.080       ms
[2026-04-03T01:54:11.438+0600][3.083s][info][gc,stats    ]      Old Subphase: Concurrent Roots OopStorageSet                0.005 / 0.013         0.005 / 0.013         0.005 / 0.013         0.005 / 0.013       ms
[2026-04-03T01:54:11.438+0600][3.083s][info][gc,stats    ]      Old Subphase: Concurrent Weak Roots OopStorageSet           0.103 / 0.274         0.103 / 0.274         0.103 / 0.274         0.103 / 0.274       ms
[2026-04-03T01:54:11.438+0600][3.083s][info][gc,stats    ]            System: Java Threads                                     11 / 12               11 / 12               11 / 12               11 / 12          threads
[2026-04-03T01:54:11.438+0600][3.083s][info][gc,stats    ]  Young Generation: Young Generation                             23.208 / 23.208       23.208 / 23.208       23.208 / 23.208       23.208 / 23.208      ms
[2026-04-03T01:54:11.438+0600][3.083s][info][gc,stats    ]  Young Generation: Young Generation                              0.000 / 0.000         0.000 / 0.000         0.000 / 0.000         0.000 / 0.000       ms
[2026-04-03T01:54:11.438+0600][3.083s][info][gc,stats    ]  Young Generation: Young Generation (Collect Roots)              5.533 / 5.533         5.533 / 5.533         5.533 / 5.533         5.533 / 5.533       ms
[2026-04-03T01:54:11.438+0600][3.083s][info][gc,stats    ]  Young Generation: Young Generation (Promote All)               69.187 / 69.187       69.187 / 69.187       69.187 / 69.187       69.187 / 69.187      ms
[2026-04-03T01:54:11.438+0600][3.083s][info][gc,stats    ]       Young Pause: Pause Mark End                                0.021 / 0.029         0.021 / 0.029         0.021 / 0.029         0.021 / 0.029       ms
[2026-04-03T01:54:11.438+0600][3.083s][info][gc,stats    ]       Young Pause: Pause Mark Start                              0.019 / 0.019         0.019 / 0.019         0.019 / 0.019         0.019 / 0.019       ms
[2026-04-03T01:54:11.438+0600][3.083s][info][gc,stats    ]       Young Pause: Pause Mark Start (Major)                      0.019 / 0.023         0.019 / 0.023         0.019 / 0.023         0.019 / 0.023       ms
[2026-04-03T01:54:11.438+0600][3.083s][info][gc,stats    ]       Young Pause: Pause Relocate Start                          0.014 / 0.016         0.014 / 0.016         0.014 / 0.016         0.014 / 0.016       ms
[2026-04-03T01:54:11.438+0600][3.083s][info][gc,stats    ]       Young Phase: Concurrent Mark                              17.664 / 41.523       17.664 / 41.523       17.664 / 41.523       17.664 / 41.523      ms
[2026-04-03T01:54:11.438+0600][3.083s][info][gc,stats    ]       Young Phase: Concurrent Mark Continue                      0.000 / 0.000         0.000 / 0.000         0.000 / 0.000         0.000 / 0.000       ms
[2026-04-03T01:54:11.438+0600][3.083s][info][gc,stats    ]       Young Phase: Concurrent Mark Free                          0.051 / 0.151         0.051 / 0.151         0.051 / 0.151         0.051 / 0.151       ms
[2026-04-03T01:54:11.438+0600][3.083s][info][gc,stats    ]       Young Phase: Concurrent Relocate                           8.056 / 17.573        8.056 / 17.573        8.056 / 17.573        8.056 / 17.573      ms
[2026-04-03T01:54:11.438+0600][3.083s][info][gc,stats    ]       Young Phase: Concurrent Reset Relocation Set               0.014 / 0.023         0.014 / 0.023         0.014 / 0.023         0.014 / 0.023       ms
[2026-04-03T01:54:11.438+0600][3.083s][info][gc,stats    ]       Young Phase: Concurrent Select Relocation Set              6.098 / 9.396         6.098 / 9.396         6.098 / 9.396         6.098 / 9.396       ms
[2026-04-03T01:54:11.438+0600][3.083s][info][gc,stats    ]    Young Subphase: Concurrent Mark Follow                       15.489 / 39.536       15.489 / 39.536       15.489 / 39.536       15.489 / 39.536      ms
[2026-04-03T01:54:11.438+0600][3.083s][info][gc,stats    ]    Young Subphase: Concurrent Mark Root Colored                  1.531 / 2.177         1.531 / 2.177         1.531 / 2.177         1.531 / 2.177       ms
[2026-04-03T01:54:11.438+0600][3.083s][info][gc,stats    ]    Young Subphase: Concurrent Mark Root Uncolored                0.452 / 0.522         0.452 / 0.522         0.452 / 0.522         0.452 / 0.522       ms
[2026-04-03T01:54:11.438+0600][3.083s][info][gc,stats    ]    Young Subphase: Concurrent Mark Roots                         2.171 / 2.810         2.171 / 2.810         2.171 / 2.810         2.171 / 2.810       ms
[2026-04-03T01:54:11.438+0600][3.083s][info][gc,stats    ]    Young Subphase: Concurrent Relocate Remset FP                 5.027 / 14.871        5.027 / 14.871        5.027 / 14.871        5.027 / 14.871      ms
[2026-04-03T01:54:11.438+0600][3.083s][info][gc,stats    ]    Young Subphase: Concurrent Roots ClassLoaderDataGraph         1.188 / 1.597         1.188 / 1.597         1.188 / 1.597         1.188 / 1.597       ms
[2026-04-03T01:54:11.438+0600][3.083s][info][gc,stats    ]    Young Subphase: Concurrent Roots CodeCache                    0.313 / 0.380         0.313 / 0.380         0.313 / 0.380         0.313 / 0.380       ms
[2026-04-03T01:54:11.438+0600][3.083s][info][gc,stats    ]    Young Subphase: Concurrent Roots JavaThreads                  0.070 / 0.313         0.070 / 0.313         0.070 / 0.313         0.070 / 0.313       ms
[2026-04-03T01:54:11.438+0600][3.083s][info][gc,stats    ]    Young Subphase: Concurrent Roots OopStorageSet                0.066 / 0.198         0.066 / 0.198         0.066 / 0.198         0.066 / 0.198       ms
[2026-04-03T01:54:11.438+0600][3.083s][info][gc,stats    ]    Young Subphase: Concurrent Weak Roots OopStorageSet           0.295 / 0.732         0.295 / 0.732         0.295 / 0.732         0.295 / 0.732       ms
[2026-04-03T01:54:11.438+0600][3.083s][info][gc,stats    ] =========================================================================================================================================================
[2026-04-03T01:54:11.439+0600][3.083s][info][gc,heap,exit] Heap
[2026-04-03T01:54:11.439+0600][3.083s][info][gc,heap,exit]  ZHeap           used 112M, capacity 370M, max capacity 3922M
[2026-04-03T01:54:11.439+0600][3.083s][info][gc,heap,exit]  Metaspace       used 12847K, committed 13056K, reserved 1114112K
[2026-04-03T01:54:11.439+0600][3.083s][info][gc,heap,exit]   class space    used 1795K, committed 1856K, reserved 1048576K
