[2026-04-03T01:54:11.566+0600][0.006s][info][gc,init] Initializing The Z Garbage Collector
[2026-04-03T01:54:11.566+0600][0.006s][info][gc,init] Version: 21.0.10+7-Ubuntu-124.04 (release)
[2026-04-03T01:54:11.566+0600][0.006s][info][gc,init] Using legacy single-generation mode
[2026-04-03T01:54:11.566+0600][0.006s][info][gc,init] NUMA Support: Disabled
[2026-04-03T01:54:11.566+0600][0.006s][info][gc,init] CPUs: 12 total, 12 available
[2026-04-03T01:54:11.566+0600][0.006s][info][gc,init] Memory: 15683M
[2026-04-03T01:54:11.566+0600][0.006s][info][gc,init] Large Page Support: Disabled
[2026-04-03T01:54:11.566+0600][0.006s][info][gc,init] GC Workers: 3 (dynamic)
[2026-04-03T01:54:11.568+0600][0.007s][info][gc,init] Address Space Type: Contiguous/Unrestricted/Complete
[2026-04-03T01:54:11.568+0600][0.007s][info][gc,init] Address Space Size: 62752M x 3 = 188256M
[2026-04-03T01:54:11.568+0600][0.007s][info][gc,init] Heap Backing File: /memfd:java_heap
[2026-04-03T01:54:11.568+0600][0.007s][info][gc,init] Heap Backing Filesystem: tmpfs (0x1021994)
[2026-04-03T01:54:11.568+0600][0.007s][info][gc,init] Min Capacity: 8M
[2026-04-03T01:54:11.568+0600][0.008s][info][gc,init] Initial Capacity: 246M
[2026-04-03T01:54:11.568+0600][0.008s][info][gc,init] Max Capacity: 3922M
[2026-04-03T01:54:11.568+0600][0.008s][info][gc,init] Medium Page Size: 32M
[2026-04-03T01:54:11.568+0600][0.008s][info][gc,init] Pre-touch: Disabled
[2026-04-03T01:54:11.568+0600][0.008s][info][gc,init] Available space on backing filesystem: N/A
[2026-04-03T01:54:11.569+0600][0.009s][info][gc,init] Uncommit: Enabled
[2026-04-03T01:54:11.569+0600][0.009s][info][gc,init] Uncommit Delay: 300s
[2026-04-03T01:54:11.686+0600][0.125s][info][gc,init] Runtime Workers: 8
[2026-04-03T01:54:11.688+0600][0.127s][info][gc     ] Using The Z Garbage Collector
[2026-04-03T01:54:11.703+0600][0.142s][info][gc,metaspace] CDS archive(s) mapped at: [0x00007e2c97000000-0x00007e2c97c9c000-0x00007e2c97c9c000), size 13221888, SharedBaseAddress: 0x00007e2c97000000, ArchiveRelocationMode: 1.
[2026-04-03T01:54:11.703+0600][0.142s][info][gc,metaspace] Compressed class space mapped at: 0x00007e2c98000000-0x00007e2cd8000000, reserved size: 1073741824
[2026-04-03T01:54:11.703+0600][0.142s][info][gc,metaspace] Narrow klass base: 0x00007e2c97000000, Narrow klass shift: 0, Narrow klass range: 0x100000000
[2026-04-03T01:54:13.420+0600][1.859s][info][gc,start    ] GC(0) Garbage Collection (Warmup)
[2026-04-03T01:54:13.420+0600][1.859s][info][gc,task     ] GC(0) Using 3 workers
[2026-04-03T01:54:13.420+0600][1.859s][info][gc,phases   ] GC(0) Pause Mark Start 0.010ms
[2026-04-03T01:54:13.451+0600][1.890s][info][gc,phases   ] GC(0) Concurrent Mark 30.985ms
[2026-04-03T01:54:13.451+0600][1.891s][info][gc,phases   ] GC(0) Pause Mark End 0.018ms
[2026-04-03T01:54:13.451+0600][1.891s][info][gc,phases   ] GC(0) Concurrent Mark Free 0.002ms
[2026-04-03T01:54:13.454+0600][1.893s][info][gc,phases   ] GC(0) Concurrent Process Non-Strong References 2.141ms
[2026-04-03T01:54:13.454+0600][1.893s][info][gc,phases   ] GC(0) Concurrent Reset Relocation Set 0.001ms
[2026-04-03T01:54:13.462+0600][1.902s][info][gc,phases   ] GC(0) Concurrent Select Relocation Set 8.665ms
[2026-04-03T01:54:13.463+0600][1.902s][info][gc,phases   ] GC(0) Pause Relocate Start 0.009ms
[2026-04-03T01:54:13.469+0600][1.908s][info][gc,phases   ] GC(0) Concurrent Relocate 5.910ms
[2026-04-03T01:54:13.469+0600][1.908s][info][gc,load     ] GC(0) Load: 11.68/8.50/7.68
[2026-04-03T01:54:13.469+0600][1.908s][info][gc,mmu      ] GC(0) MMU: 2ms/99.1%, 5ms/99.6%, 10ms/99.8%, 20ms/99.9%, 50ms/99.9%, 100ms/100.0%
[2026-04-03T01:54:13.469+0600][1.908s][info][gc,marking  ] GC(0) Mark: 2 stripe(s), 3 proactive flush(es), 1 terminate flush(es), 0 completion(s), 0 continuation(s) 
[2026-04-03T01:54:13.469+0600][1.908s][info][gc,marking  ] GC(0) Mark Stack Usage: 32M
[2026-04-03T01:54:13.469+0600][1.908s][info][gc,nmethod  ] GC(0) NMethods: 1126 registered, 136 unregistered
[2026-04-03T01:54:13.469+0600][1.908s][info][gc,metaspace] GC(0) Metaspace: 11M used, 11M committed, 1088M reserved
[2026-04-03T01:54:13.469+0600][1.908s][info][gc,ref      ] GC(0) Soft: 216 encountered, 0 discovered, 0 enqueued
[2026-04-03T01:54:13.469+0600][1.908s][info][gc,ref      ] GC(0) Weak: 945 encountered, 315 discovered, 278 enqueued
[2026-04-03T01:54:13.469+0600][1.908s][info][gc,ref      ] GC(0) Final: 0 encountered, 0 discovered, 0 enqueued
[2026-04-03T01:54:13.469+0600][1.908s][info][gc,ref      ] GC(0) Phantom: 28 encountered, 14 discovered, 0 enqueued
[2026-04-03T01:54:13.469+0600][1.908s][info][gc,reloc    ] GC(0) Small Pages: 204 / 408M, Empty: 0M, Relocated: 6M, In-Place: 0
[2026-04-03T01:54:13.469+0600][1.908s][info][gc,reloc    ] GC(0) Medium Pages: 0 / 0M, Empty: 0M, Relocated: 0M, In-Place: 0
[2026-04-03T01:54:13.469+0600][1.908s][info][gc,reloc    ] GC(0) Large Pages: 0 / 0M, Empty: 0M, Relocated: 0M, In-Place: 0
[2026-04-03T01:54:13.469+0600][1.908s][info][gc,reloc    ] GC(0) Forwarding Usage: 2M
[2026-04-03T01:54:13.469+0600][1.908s][info][gc,heap     ] GC(0) Min Capacity: 8M(0%)
[2026-04-03T01:54:13.469+0600][1.908s][info][gc,heap     ] GC(0) Max Capacity: 3922M(100%)
[2026-04-03T01:54:13.469+0600][1.908s][info][gc,heap     ] GC(0) Soft Max Capacity: 3922M(100%)
[2026-04-03T01:54:13.469+0600][1.908s][info][gc,heap     ] GC(0)                Mark Start          Mark End        Relocate Start      Relocate End           High               Low         
[2026-04-03T01:54:13.469+0600][1.908s][info][gc,heap     ] GC(0)  Capacity:      408M (10%)         412M (11%)         412M (11%)         418M (11%)         418M (11%)         408M (10%)    
[2026-04-03T01:54:13.469+0600][1.908s][info][gc,heap     ] GC(0)      Free:     3514M (90%)        3510M (89%)        3510M (89%)        3880M (99%)        3880M (99%)        3504M (89%)    
[2026-04-03T01:54:13.469+0600][1.908s][info][gc,heap     ] GC(0)      Used:      408M (10%)         412M (11%)         412M (11%)          42M (1%)          418M (11%)          42M (1%)     
[2026-04-03T01:54:13.469+0600][1.908s][info][gc,heap     ] GC(0)      Live:         -                30M (1%)           30M (1%)           30M (1%)             -                  -          
[2026-04-03T01:54:13.469+0600][1.908s][info][gc,heap     ] GC(0) Allocated:         -                 4M (0%)            4M (0%)            4M (0%)             -                  -          
[2026-04-03T01:54:13.469+0600][1.908s][info][gc,heap     ] GC(0)   Garbage:         -               377M (10%)         377M (10%)           7M (0%)             -                  -          
[2026-04-03T01:54:13.469+0600][1.908s][info][gc,heap     ] GC(0) Reclaimed:         -                  -                 0M (0%)          370M (9%)             -                  -          
[2026-04-03T01:54:13.469+0600][1.908s][info][gc          ] GC(0) Garbage Collection (Warmup) 408M(10%)->42M(1%)
[2026-04-03T01:54:13.469+0600][1.908s][info][gc,start    ] GC(1) Garbage Collection (System.gc())
[2026-04-03T01:54:13.469+0600][1.908s][info][gc,task     ] GC(1) Using 3 workers
[2026-04-03T01:54:13.469+0600][1.908s][info][gc,phases   ] GC(1) Pause Mark Start 0.010ms
[2026-04-03T01:54:13.507+0600][1.946s][info][gc,phases   ] GC(1) Concurrent Mark 37.810ms
[2026-04-03T01:54:13.507+0600][1.947s][info][gc,phases   ] GC(1) Pause Mark End 0.016ms
[2026-04-03T01:54:13.507+0600][1.947s][info][gc,phases   ] GC(1) Concurrent Mark Free 0.001ms
[2026-04-03T01:54:13.509+0600][1.948s][info][gc,phases   ] GC(1) Concurrent Process Non-Strong References 1.706ms
[2026-04-03T01:54:13.509+0600][1.948s][info][gc,phases   ] GC(1) Concurrent Reset Relocation Set 0.015ms
[2026-04-03T01:54:13.511+0600][1.951s][info][gc,phases   ] GC(1) Concurrent Select Relocation Set 2.337ms
[2026-04-03T01:54:13.512+0600][1.951s][info][gc,phases   ] GC(1) Pause Relocate Start 0.007ms
[2026-04-03T01:54:13.513+0600][1.952s][info][gc,phases   ] GC(1) Concurrent Relocate 1.344ms
[2026-04-03T01:54:13.513+0600][1.952s][info][gc,load     ] GC(1) Load: 11.68/8.50/7.68
[2026-04-03T01:54:13.513+0600][1.952s][info][gc,mmu      ] GC(1) MMU: 2ms/99.1%, 5ms/99.5%, 10ms/99.8%, 20ms/99.8%, 50ms/99.9%, 100ms/99.9%
[2026-04-03T01:54:13.513+0600][1.952s][info][gc,marking  ] GC(1) Mark: 2 stripe(s), 10 proactive flush(es), 1 terminate flush(es), 0 completion(s), 0 continuation(s) 
[2026-04-03T01:54:13.513+0600][1.952s][info][gc,marking  ] GC(1) Mark Stack Usage: 32M
[2026-04-03T01:54:13.513+0600][1.952s][info][gc,nmethod  ] GC(1) NMethods: 1123 registered, 139 unregistered
[2026-04-03T01:54:13.513+0600][1.952s][info][gc,metaspace] GC(1) Metaspace: 11M used, 11M committed, 1088M reserved
[2026-04-03T01:54:13.513+0600][1.952s][info][gc,ref      ] GC(1) Soft: 217 encountered, 0 discovered, 0 enqueued
[2026-04-03T01:54:13.513+0600][1.952s][info][gc,ref      ] GC(1) Weak: 671 encountered, 251 discovered, 1 enqueued
[2026-04-03T01:54:13.513+0600][1.952s][info][gc,ref      ] GC(1) Final: 0 encountered, 0 discovered, 0 enqueued
[2026-04-03T01:54:13.513+0600][1.952s][info][gc,ref      ] GC(1) Phantom: 28 encountered, 13 discovered, 0 enqueued
[2026-04-03T01:54:13.513+0600][1.952s][info][gc,reloc    ] GC(1) Small Pages: 21 / 42M, Empty: 0M, Relocated: 1M, In-Place: 0
[2026-04-03T01:54:13.513+0600][1.952s][info][gc,reloc    ] GC(1) Medium Pages: 0 / 0M, Empty: 0M, Relocated: 0M, In-Place: 0
[2026-04-03T01:54:13.513+0600][1.952s][info][gc,reloc    ] GC(1) Large Pages: 0 / 0M, Empty: 0M, Relocated: 0M, In-Place: 0
[2026-04-03T01:54:13.513+0600][1.952s][info][gc,reloc    ] GC(1) Forwarding Usage: 0M
[2026-04-03T01:54:13.513+0600][1.952s][info][gc,heap     ] GC(1) Min Capacity: 8M(0%)
[2026-04-03T01:54:13.513+0600][1.952s][info][gc,heap     ] GC(1) Max Capacity: 3922M(100%)
[2026-04-03T01:54:13.513+0600][1.952s][info][gc,heap     ] GC(1) Soft Max Capacity: 3922M(100%)
[2026-04-03T01:54:13.513+0600][1.952s][info][gc,heap     ] GC(1)                Mark Start          Mark End        Relocate Start      Relocate End           High               Low         
[2026-04-03T01:54:13.513+0600][1.953s][info][gc,heap     ] GC(1)  Capacity:      418M (11%)         418M (11%)         418M (11%)         418M (11%)         418M (11%)         418M (11%)    
[2026-04-03T01:54:13.513+0600][1.953s][info][gc,heap     ] GC(1)      Free:     3880M (99%)        3880M (99%)        3880M (99%)        3880M (99%)        3880M (99%)        3876M (99%)    
[2026-04-03T01:54:13.513+0600][1.953s][info][gc,heap     ] GC(1)      Used:       42M (1%)           42M (1%)           42M (1%)           42M (1%)           46M (1%)           42M (1%)     
[2026-04-03T01:54:13.513+0600][1.953s][info][gc,heap     ] GC(1)      Live:         -                31M (1%)           31M (1%)           31M (1%)             -                  -          
[2026-04-03T01:54:13.513+0600][1.953s][info][gc,heap     ] GC(1) Allocated:         -                 0M (0%)            0M (0%)            0M (0%)             -                  -          
[2026-04-03T01:54:13.513+0600][1.953s][info][gc,heap     ] GC(1)   Garbage:         -                10M (0%)           10M (0%)           10M (0%)             -                  -          
[2026-04-03T01:54:13.513+0600][1.953s][info][gc,heap     ] GC(1) Reclaimed:         -                  -                 0M (0%)            0M (0%)             -                  -          
[2026-04-03T01:54:13.513+0600][1.953s][info][gc          ] GC(1) Garbage Collection (System.gc()) 42M(1%)->42M(1%)
[2026-04-03T01:54:13.927+0600][2.367s][info][gc,start    ] GC(2) Garbage Collection (System.gc())
[2026-04-03T01:54:13.927+0600][2.367s][info][gc,task     ] GC(2) Using 3 workers
[2026-04-03T01:54:13.927+0600][2.367s][info][gc,phases   ] GC(2) Pause Mark Start 0.010ms
[2026-04-03T01:54:13.959+0600][2.398s][info][gc,phases   ] GC(2) Concurrent Mark 31.028ms
[2026-04-03T01:54:13.959+0600][2.398s][info][gc,phases   ] GC(2) Pause Mark End 0.016ms
[2026-04-03T01:54:13.959+0600][2.398s][info][gc,phases   ] GC(2) Concurrent Mark Free 0.002ms
[2026-04-03T01:54:13.961+0600][2.400s][info][gc,phases   ] GC(2) Concurrent Process Non-Strong References 1.799ms
[2026-04-03T01:54:13.961+0600][2.400s][info][gc,phases   ] GC(2) Concurrent Reset Relocation Set 0.001ms
[2026-04-03T01:54:13.963+0600][2.403s][info][gc,phases   ] GC(2) Concurrent Select Relocation Set 2.376ms
[2026-04-03T01:54:13.963+0600][2.403s][info][gc,phases   ] GC(2) Pause Relocate Start 0.007ms
[2026-04-03T01:54:13.965+0600][2.404s][info][gc,phases   ] GC(2) Concurrent Relocate 1.440ms
[2026-04-03T01:54:13.965+0600][2.404s][info][gc,load     ] GC(2) Load: 11.68/8.50/7.68
[2026-04-03T01:54:13.965+0600][2.404s][info][gc,mmu      ] GC(2) MMU: 2ms/99.1%, 5ms/99.5%, 10ms/99.8%, 20ms/99.8%, 50ms/99.9%, 100ms/99.9%
[2026-04-03T01:54:13.965+0600][2.404s][info][gc,marking  ] GC(2) Mark: 2 stripe(s), 8 proactive flush(es), 1 terminate flush(es), 0 completion(s), 0 continuation(s) 
[2026-04-03T01:54:13.965+0600][2.404s][info][gc,marking  ] GC(2) Mark Stack Usage: 32M
[2026-04-03T01:54:13.965+0600][2.404s][info][gc,nmethod  ] GC(2) NMethods: 1246 registered, 187 unregistered
[2026-04-03T01:54:13.965+0600][2.404s][info][gc,metaspace] GC(2) Metaspace: 12M used, 12M committed, 1088M reserved
[2026-04-03T01:54:13.965+0600][2.404s][info][gc,ref      ] GC(2) Soft: 250 encountered, 0 discovered, 0 enqueued
[2026-04-03T01:54:13.965+0600][2.404s][info][gc,ref      ] GC(2) Weak: 809 encountered, 241 discovered, 34 enqueued
[2026-04-03T01:54:13.965+0600][2.404s][info][gc,ref      ] GC(2) Final: 0 encountered, 0 discovered, 0 enqueued
[2026-04-03T01:54:13.965+0600][2.404s][info][gc,ref      ] GC(2) Phantom: 28 encountered, 20 discovered, 0 enqueued
[2026-04-03T01:54:13.965+0600][2.404s][info][gc,reloc    ] GC(2) Small Pages: 53 / 106M, Empty: 32M, Relocated: 1M, In-Place: 0
[2026-04-03T01:54:13.965+0600][2.404s][info][gc,reloc    ] GC(2) Medium Pages: 0 / 0M, Empty: 0M, Relocated: 0M, In-Place: 0
[2026-04-03T01:54:13.965+0600][2.404s][info][gc,reloc    ] GC(2) Large Pages: 0 / 0M, Empty: 0M, Relocated: 0M, In-Place: 0
[2026-04-03T01:54:13.965+0600][2.404s][info][gc,reloc    ] GC(2) Forwarding Usage: 0M
[2026-04-03T01:54:13.965+0600][2.404s][info][gc,heap     ] GC(2) Min Capacity: 8M(0%)
[2026-04-03T01:54:13.965+0600][2.404s][info][gc,heap     ] GC(2) Max Capacity: 3922M(100%)
[2026-04-03T01:54:13.965+0600][2.404s][info][gc,heap     ] GC(2) Soft Max Capacity: 3922M(100%)
[2026-04-03T01:54:13.965+0600][2.404s][info][gc,heap     ] GC(2)                Mark Start          Mark End        Relocate Start      Relocate End           High               Low         
[2026-04-03T01:54:13.965+0600][2.404s][info][gc,heap     ] GC(2)  Capacity:      418M (11%)         418M (11%)         418M (11%)         418M (11%)         418M (11%)         418M (11%)    
[2026-04-03T01:54:13.965+0600][2.404s][info][gc,heap     ] GC(2)      Free:     3816M (97%)        3816M (97%)        3848M (98%)        3878M (99%)        3878M (99%)        3816M (97%)    
[2026-04-03T01:54:13.965+0600][2.404s][info][gc,heap     ] GC(2)      Used:      106M (3%)          106M (3%)           74M (2%)           44M (1%)          106M (3%)           44M (1%)     
[2026-04-03T01:54:13.965+0600][2.404s][info][gc,heap     ] GC(2)      Live:         -                31M (1%)           31M (1%)           31M (1%)             -                  -          
[2026-04-03T01:54:13.965+0600][2.404s][info][gc,heap     ] GC(2) Allocated:         -                 0M (0%)            0M (0%)            0M (0%)             -                  -          
[2026-04-03T01:54:13.965+0600][2.404s][info][gc,heap     ] GC(2)   Garbage:         -                74M (2%)           42M (1%)           12M (0%)             -                  -          
[2026-04-03T01:54:13.965+0600][2.404s][info][gc,heap     ] GC(2) Reclaimed:         -                  -                32M (1%)           62M (2%)             -                  -          
[2026-04-03T01:54:13.965+0600][2.404s][info][gc          ] GC(2) Garbage Collection (System.gc()) 106M(3%)->44M(1%)
[2026-04-03T01:54:14.218+0600][2.657s][info][gc,start    ] GC(3) Garbage Collection (System.gc())
[2026-04-03T01:54:14.218+0600][2.657s][info][gc,task     ] GC(3) Using 3 workers
[2026-04-03T01:54:14.218+0600][2.658s][info][gc,phases   ] GC(3) Pause Mark Start 0.010ms
[2026-04-03T01:54:14.248+0600][2.687s][info][gc,phases   ] GC(3) Concurrent Mark 29.619ms
[2026-04-03T01:54:14.248+0600][2.688s][info][gc,phases   ] GC(3) Pause Mark End 0.019ms
[2026-04-03T01:54:14.248+0600][2.688s][info][gc,phases   ] GC(3) Concurrent Mark Free 0.004ms
[2026-04-03T01:54:14.250+0600][2.689s][info][gc,phases   ] GC(3) Concurrent Process Non-Strong References 1.749ms
[2026-04-03T01:54:14.250+0600][2.690s][info][gc,phases   ] GC(3) Concurrent Reset Relocation Set 0.004ms
[2026-04-03T01:54:14.253+0600][2.692s][info][gc,phases   ] GC(3) Concurrent Select Relocation Set 2.501ms
[2026-04-03T01:54:14.253+0600][2.692s][info][gc,phases   ] GC(3) Pause Relocate Start 0.014ms
[2026-04-03T01:54:14.254+0600][2.694s][info][gc,phases   ] GC(3) Concurrent Relocate 1.440ms
[2026-04-03T01:54:14.254+0600][2.694s][info][gc,load     ] GC(3) Load: 11.68/8.50/7.68
[2026-04-03T01:54:14.254+0600][2.694s][info][gc,mmu      ] GC(3) MMU: 2ms/99.0%, 5ms/99.3%, 10ms/99.7%, 20ms/99.8%, 50ms/99.9%, 100ms/99.9%
[2026-04-03T01:54:14.254+0600][2.694s][info][gc,marking  ] GC(3) Mark: 2 stripe(s), 4 proactive flush(es), 1 terminate flush(es), 0 completion(s), 0 continuation(s) 
[2026-04-03T01:54:14.254+0600][2.694s][info][gc,marking  ] GC(3) Mark Stack Usage: 32M
[2026-04-03T01:54:14.254+0600][2.694s][info][gc,nmethod  ] GC(3) NMethods: 1263 registered, 1 unregistered
[2026-04-03T01:54:14.254+0600][2.694s][info][gc,metaspace] GC(3) Metaspace: 12M used, 12M committed, 1088M reserved
[2026-04-03T01:54:14.254+0600][2.694s][info][gc,ref      ] GC(3) Soft: 250 encountered, 0 discovered, 0 enqueued
[2026-04-03T01:54:14.254+0600][2.694s][info][gc,ref      ] GC(3) Weak: 775 encountered, 183 discovered, 0 enqueued
[2026-04-03T01:54:14.254+0600][2.694s][info][gc,ref      ] GC(3) Final: 0 encountered, 0 discovered, 0 enqueued
[2026-04-03T01:54:14.254+0600][2.694s][info][gc,ref      ] GC(3) Phantom: 28 encountered, 22 discovered, 0 enqueued
[2026-04-03T01:54:14.254+0600][2.694s][info][gc,reloc    ] GC(3) Small Pages: 47 / 94M, Empty: 44M, Relocated: 1M, In-Place: 0
[2026-04-03T01:54:14.254+0600][2.694s][info][gc,reloc    ] GC(3) Medium Pages: 0 / 0M, Empty: 0M, Relocated: 0M, In-Place: 0
[2026-04-03T01:54:14.254+0600][2.694s][info][gc,reloc    ] GC(3) Large Pages: 0 / 0M, Empty: 0M, Relocated: 0M, In-Place: 0
[2026-04-03T01:54:14.254+0600][2.694s][info][gc,reloc    ] GC(3) Forwarding Usage: 0M
[2026-04-03T01:54:14.254+0600][2.694s][info][gc,heap     ] GC(3) Min Capacity: 8M(0%)
[2026-04-03T01:54:14.254+0600][2.694s][info][gc,heap     ] GC(3) Max Capacity: 3922M(100%)
[2026-04-03T01:54:14.254+0600][2.694s][info][gc,heap     ] GC(3) Soft Max Capacity: 3922M(100%)
[2026-04-03T01:54:14.254+0600][2.694s][info][gc,heap     ] GC(3)                Mark Start          Mark End        Relocate Start      Relocate End           High               Low         
[2026-04-03T01:54:14.254+0600][2.694s][info][gc,heap     ] GC(3)  Capacity:      418M (11%)         418M (11%)         418M (11%)         418M (11%)         418M (11%)         418M (11%)    
[2026-04-03T01:54:14.254+0600][2.694s][info][gc,heap     ] GC(3)      Free:     3828M (98%)        3828M (98%)        3872M (99%)        3878M (99%)        3878M (99%)        3828M (98%)    
[2026-04-03T01:54:14.254+0600][2.694s][info][gc,heap     ] GC(3)      Used:       94M (2%)           94M (2%)           50M (1%)           44M (1%)           94M (2%)           44M (1%)     
[2026-04-03T01:54:14.254+0600][2.694s][info][gc,heap     ] GC(3)      Live:         -                31M (1%)           31M (1%)           31M (1%)             -                  -          
[2026-04-03T01:54:14.254+0600][2.694s][info][gc,heap     ] GC(3) Allocated:         -                 0M (0%)            0M (0%)            0M (0%)             -                  -          
[2026-04-03T01:54:14.254+0600][2.694s][info][gc,heap     ] GC(3)   Garbage:         -                62M (2%)           18M (0%)           12M (0%)             -                  -          
[2026-04-03T01:54:14.255+0600][2.694s][info][gc,heap     ] GC(3) Reclaimed:         -                  -                44M (1%)           50M (1%)             -                  -          
[2026-04-03T01:54:14.255+0600][2.694s][info][gc          ] GC(3) Garbage Collection (System.gc()) 94M(2%)->44M(1%)
[2026-04-03T01:54:14.562+0600][3.002s][info][gc,heap,exit] Heap
[2026-04-03T01:54:14.562+0600][3.002s][info][gc,heap,exit]  ZHeap           used 116M, capacity 418M, max capacity 3922M
[2026-04-03T01:54:14.562+0600][3.002s][info][gc,heap,exit]  Metaspace       used 12845K, committed 13056K, reserved 1114112K
[2026-04-03T01:54:14.562+0600][3.002s][info][gc,heap,exit]   class space    used 1796K, committed 1856K, reserved 1048576K
